--------- beginning of main
05-23 12:57:10.930 W/auditd  ( 1265): type=2000 audit(0.0:1): initialized
05-23 12:57:13.710 I/auditd  ( 1265): type=1403 audit(0.0:2): policy loaded auid=4294967295 ses=4294967295
05-23 12:57:13.720 W/auditd  ( 1265): type=1404 audit(0.0:3): enforcing=1 old_enforcing=0 auid=4294967295 ses=4294967295
05-23 12:57:18.270 W/init    (    1): type=1400 audit(0.0:4): avc: denied { write } for name="tracing_on" dev="debugfs" ino=1038 scontext=u:r:init:s0 tcontext=u:object_r:debugfs:s0 tclass=file permissive=0
05-23 12:57:19.538 I/        ( 1272): debuggerd: starting
--------- beginning of system
05-23 12:57:20.238 I/vold    ( 1273): Vold 3.0 (the awakening) firing up
05-23 12:57:20.240 V/vold    ( 1273): Detected support for: ext4 vfat
05-23 12:57:20.561 D/vold    ( 1273): Recognized experimental block major ID 253 as virtio-blk (emulator's virtual SD card device)
05-23 12:57:20.562 V/vold    ( 1273): /system/bin/sgdisk
05-23 12:57:20.562 V/vold    ( 1273):     --android-dump
05-23 12:57:20.562 V/vold    ( 1273):     /dev/block/vold/disk:253,48
05-23 12:57:20.626 D/vold    ( 1273): e4crypt_init_user0
05-23 12:57:20.626 D/vold    ( 1273): e4crypt_prepare_user_storage for volume null, user 0, serial 0, flags 1
05-23 12:57:20.627 D/vold    ( 1273): Preparing: /data/system/users/0
05-23 12:57:20.630 D/vold    ( 1273): Preparing: /data/misc/profiles/cur/0
05-23 12:57:20.640 D/vold    ( 1273): Preparing: /data/misc/profiles/cur/0/foreign-dex
05-23 12:57:20.641 D/vold    ( 1273): Preparing: /data/system_de/0
05-23 12:57:20.642 D/vold    ( 1273): Preparing: /data/misc_de/0
05-23 12:57:20.643 D/vold    ( 1273): Preparing: /data/user_de/0
05-23 12:57:20.644 D/vold    ( 1273): e4crypt_unlock_user_key 0 serial=0 token_present=0
05-23 12:57:20.653 I/vdc     (    1): 200 1274 Command succeeded
05-23 12:57:20.952 I//system/bin/tzdatacheck( 1310): tzdata file /data/misc/zoneinfo/current/tzdata does not exist. No action required.
05-23 12:57:21.064 V/vold    ( 1273): DISK mbr
05-23 12:57:21.064 V/vold    ( 1273): 
05-23 12:57:21.073 W/vold    ( 1273): disk:253,48 has unknown partition table; trying entire device
05-23 12:57:21.074 V/vold    ( 1273): /system/bin/blkid
05-23 12:57:21.074 V/vold    ( 1273):     -c
05-23 12:57:21.074 V/vold    ( 1273):     /dev/null
05-23 12:57:21.074 V/vold    ( 1273):     -s
05-23 12:57:21.074 V/vold    ( 1273):     TYPE
05-23 12:57:21.074 V/vold    ( 1273):     -s
05-23 12:57:21.074 V/vold    ( 1273):     UUID
05-23 12:57:21.074 V/vold    ( 1273):     -s
05-23 12:57:21.074 V/vold    ( 1273):     LABEL
05-23 12:57:21.074 V/vold    ( 1273):     /dev/block/vold/disk:253,48
05-23 12:57:21.124 I/        ( 1271): debuggerd: starting
05-23 12:57:21.541 V/vold    ( 1273): /dev/block/vold/disk:253,48: LABEL="SDCARD" UUID="1EFF-1C1B" TYPE="vfat" 
05-23 12:57:21.541 V/vold    ( 1273): 
05-23 12:57:21.700 W/audioserver( 1325): type=1400 audit(0.0:5): avc: denied { getattr } for path="/vendor" dev="rootfs" ino=3996 scontext=u:r:audioserver:s0 tcontext=u:object_r:rootfs:s0 tclass=lnk_file permissive=0
05-23 12:57:21.740 W/mediacodec( 1330): type=1400 audit(0.0:6): avc: denied { getattr } for path="/vendor" dev="rootfs" ino=3996 scontext=u:r:mediacodec:s0 tcontext=u:object_r:rootfs:s0 tclass=lnk_file permissive=0
05-23 12:57:21.809 I/qemu-props( 1316): connected to 'boot-properties' qemud service.
05-23 12:57:21.820 W/cameraserver( 1326): type=1400 audit(0.0:7): avc: denied { getattr } for path="/vendor" dev="rootfs" ino=3996 scontext=u:r:cameraserver:s0 tcontext=u:object_r:rootfs:s0 tclass=lnk_file permissive=0
05-23 12:57:21.904 I/qemu-props( 1316): receiving..
05-23 12:57:21.905 I/qemu-props( 1316): received: qemu.cmdline=androidboot.logcat=v:* androidboot.consolepipe=qemu_pipe,pipe:logcat
05-23 12:57:22.040 W/mediadrmserver( 1331): type=1400 audit(0.0:8): avc: denied { getattr } for path="/vendor" dev="rootfs" ino=3996 scontext=u:r:mediadrmserver:s0 tcontext=u:object_r:rootfs:s0 tclass=lnk_file permissive=0
05-23 12:57:22.158 I/qemu-props( 1316): receiving..
05-23 12:57:22.158 I/qemu-props( 1316): received: qemu.logcat=start
05-23 12:57:22.307 I/lowmemorykiller( 1317): Using in-kernel low memory killer interface
05-23 12:57:22.340 I/qemu-props( 1316): receiving..
05-23 12:57:22.340 I/qemu-props( 1316): received: ro.opengles.version=131072
05-23 12:57:22.375 I/qemu-props( 1316): receiving..
05-23 12:57:22.375 I/qemu-props( 1316): received: qemu.sf.fake_camera=back
05-23 12:57:22.376 I/qemu-props( 1316): receiving..
05-23 12:57:22.376 I/qemu-props( 1316): received: dalvik.vm.heapsize=256m
05-23 12:57:22.385 I/qemu-props( 1316): receiving..
05-23 12:57:22.385 I/qemu-props( 1316): received: qemu.hw.mainkeys=0
05-23 12:57:22.386 I/qemu-props( 1316): receiving..
05-23 12:57:22.386 I/qemu-props( 1316): received: qemu.sf.lcd_density=480
05-23 12:57:22.387 I/qemu-props( 1316): receiving..
05-23 12:57:22.387 I/qemu-props( 1316): received: qemu.timezone=Etc/UTC
05-23 12:57:22.469 I/qemu-props( 1316): receiving..
05-23 12:57:22.469 I/qemu-props( 1316): exiting (8 properties set).
05-23 12:57:22.671 I/        ( 1328): installd firing up
05-23 12:57:24.684 I/perfprofd( 1346): starting Android Wide Profiling daemon
05-23 12:57:24.722 E/perfprofd( 1346): unable to open configuration file /data/data/com.google.android.gms/files/perfprofd.conf
05-23 12:57:24.725 I/perfprofd( 1346): random seed set to 728499478
05-23 12:57:25.113 I/Netd    ( 1334): Netd 1.0 starting
05-23 12:57:25.265 I/keystore( 1329): Found keymaster0 module Keymaster OpenSSL HAL, version 2
05-23 12:57:25.266 I/SoftKeymaster( 1329): system/keymaster/soft_keymaster_device.cpp, Line 131: Creating device
05-23 12:57:25.266 D/SoftKeymaster( 1329): system/keymaster/soft_keymaster_device.cpp, Line 132: Device address: 0x7b748403d000
05-23 12:57:25.266 I/keystore( 1329): Keymaster0 module is software-only.  Using SoftKeymasterDevice instead.
05-23 12:57:25.267 I/SoftKeymaster( 1329): system/keymaster/soft_keymaster_device.cpp, Line 131: Creating device
05-23 12:57:25.267 D/SoftKeymaster( 1329): system/keymaster/soft_keymaster_device.cpp, Line 132: Device address: 0x7b748403d400
05-23 12:57:25.293 D/TetherController( 1334): Setting IP forward enable = 0
05-23 12:57:25.908 I/gatekeeperd( 1338): Starting gatekeeperd...
05-23 12:57:26.043 W/gatekeeperd( 1338): falling back to software GateKeeper
05-23 12:57:26.070 I/fingerprintd( 1337): Starting fingerprintd
05-23 12:57:27.043 I/mediacodec( 1330): @@@ mediacodecservice starting
05-23 12:57:27.090 W/        ( 1330): No seccomp filter defined for this architecture.
05-23 12:57:27.453 I/SurfaceFlinger( 1319): SurfaceFlinger is starting
05-23 12:57:27.482 I/SurfaceFlinger( 1319): SurfaceFlinger's main thread ready to run. Initializing graphics H/W...
05-23 12:57:27.483 D/libEGL  ( 1319): Emulator without GPU support detected. Fallback to legacy software renderer, qemu.gles is set to 0.
05-23 12:57:27.663 D/libEGL  ( 1319): loaded /system/lib64/egl/libGLES_android.so
05-23 12:57:28.347 I/mediaserver( 1331): ServiceManager: 0xe723c0a0
05-23 12:57:28.573 D/gralloc_ranchu( 1319): Emulator without host-side GPU emulation detected. Loading gralloc.default.so from /vendor/lib64/hw/gralloc.goldfish.default.so...
05-23 12:57:28.575 D/gralloc_ranchu( 1319): gralloc.default.so not found in /vendor. Trying /system/lib64/hw/gralloc.goldfish.default.so...
05-23 12:57:28.582 I/gralloc ( 1319): using (fd=11)
05-23 12:57:28.582 I/gralloc ( 1319): id           = 
05-23 12:57:28.582 I/gralloc ( 1319): xres         = 1080 px
05-23 12:57:28.582 I/gralloc ( 1319): yres         = 1920 px
05-23 12:57:28.582 I/gralloc ( 1319): xres_virtual = 1080 px
05-23 12:57:28.582 I/gralloc ( 1319): yres_virtual = 3840 px
05-23 12:57:28.582 I/gralloc ( 1319): bpp          = 16
05-23 12:57:28.582 I/gralloc ( 1319): r            = 11:5
05-23 12:57:28.582 I/gralloc ( 1319): g            =  5:6
05-23 12:57:28.582 I/gralloc ( 1319): b            =  0:5
05-23 12:57:28.583 I/gralloc ( 1319): width        = 166 mm (165.253006 dpi)
05-23 12:57:28.583 I/gralloc ( 1319): height       = 296 mm (164.756760 dpi)
05-23 12:57:28.583 I/gralloc ( 1319): refresh rate = 60.00 Hz
05-23 12:57:28.641 E/SurfaceFlinger( 1319): hwcomposer module not found
05-23 12:57:28.643 W/SurfaceFlinger( 1319): no suitable EGLConfig found, trying a simpler query
05-23 12:57:28.644 W/SurfaceFlinger( 1319): EGL_SLOW_CONFIG selected!
05-23 12:57:28.644 I/SurfaceFlinger( 1319): EGL information:
05-23 12:57:28.644 I/SurfaceFlinger( 1319): vendor    : Android
05-23 12:57:28.644 I/SurfaceFlinger( 1319): version   : 1.4 Android META-EGL
05-23 12:57:28.644 I/SurfaceFlinger( 1319): extensions: EGL_KHR_get_all_proc_addresses EGL_ANDROID_presentation_time EGL_KHR_swap_buffers_with_damage EGL_ANDROID_create_native_client_buffer EGL_ANDROID_front_buffer_auto_refresh EGL_KHR_image_base EGL_KHR_fence_sync EGL_ANDROID_image_native_buffer 
05-23 12:57:28.644 I/SurfaceFlinger( 1319): Client API: OpenGL_ES
05-23 12:57:28.644 I/SurfaceFlinger( 1319): EGLSurface: 5-6-5-0, config=0x0
05-23 12:57:28.646 W/SurfaceFlinger( 1319): no suitable EGLConfig found, trying a simpler query
05-23 12:57:28.646 W/SurfaceFlinger( 1319): EGL_SLOW_CONFIG selected!
05-23 12:57:28.646 I/SurfaceFlinger( 1319): EGL information:
05-23 12:57:28.646 I/SurfaceFlinger( 1319): vendor    : Android
05-23 12:57:28.646 I/SurfaceFlinger( 1319): version   : 1.4 Android META-EGL
05-23 12:57:28.646 I/SurfaceFlinger( 1319): extensions: EGL_KHR_get_all_proc_addresses EGL_ANDROID_presentation_time EGL_KHR_swap_buffers_with_damage EGL_ANDROID_create_native_client_buffer EGL_ANDROID_front_buffer_auto_refresh EGL_KHR_image_base EGL_KHR_fence_sync EGL_ANDROID_image_native_buffer 
05-23 12:57:28.646 I/SurfaceFlinger( 1319): Client API: OpenGL_ES
05-23 12:57:28.646 I/SurfaceFlinger( 1319): EGLSurface: 5-6-5-0, config=0x0
05-23 12:57:28.680 I/SurfaceFlinger( 1319): OpenGL ES informations:
05-23 12:57:28.681 I/SurfaceFlinger( 1319): vendor    : Android
05-23 12:57:28.681 I/SurfaceFlinger( 1319): renderer  : Android PixelFlinger 1.4
05-23 12:57:28.681 I/SurfaceFlinger( 1319): version   : OpenGL ES-CM 1.0
05-23 12:57:28.681 I/SurfaceFlinger( 1319): extensions: GL_EXT_debug_marker GL_OES_byte_coordinates GL_OES_fixed_point GL_OES_single_precision GL_OES_read_format GL_OES_compressed_paletted_texture GL_OES_draw_texture GL_OES_matrix_get GL_OES_query_matrix GL_OES_EGL_image GL_OES_EGL_sync GL_OES_compressed_ETC1_RGB8_texture GL_ARB_texture_compression GL_ARB_texture_non_power_of_two GL_ANDROID_user_clip_plane GL_ANDROID_vertex_buffer_object GL_ANDROID_generate_mipmap 
05-23 12:57:28.681 I/SurfaceFlinger( 1319): GL_MAX_TEXTURE_SIZE = 4096
05-23 12:57:28.681 I/SurfaceFlinger( 1319): GL_MAX_VIEWPORT_DIMS = 4096
05-23 12:57:28.685 W/SurfaceFlinger( 1319): no suitable EGLConfig found, trying a simpler query
05-23 12:57:28.686 W/SurfaceFlinger( 1319): EGL_SLOW_CONFIG selected!
05-23 12:57:28.686 I/SurfaceFlinger( 1319): EGL information:
05-23 12:57:28.686 I/SurfaceFlinger( 1319): vendor    : Android
05-23 12:57:28.686 I/SurfaceFlinger( 1319): version   : 1.4 Android META-EGL
05-23 12:57:28.686 I/SurfaceFlinger( 1319): extensions: EGL_KHR_get_all_proc_addresses EGL_ANDROID_presentation_time EGL_KHR_swap_buffers_with_damage EGL_ANDROID_create_native_client_buffer EGL_ANDROID_front_buffer_auto_refresh EGL_KHR_image_base EGL_KHR_fence_sync EGL_ANDROID_image_native_buffer 
05-23 12:57:28.686 I/SurfaceFlinger( 1319): Client API: OpenGL_ES
05-23 12:57:28.686 I/SurfaceFlinger( 1319): EGLSurface: 5-6-5-0, config=0x0
05-23 12:57:28.773 E/libEGL  ( 1319): called unimplemented OpenGL ES API
05-23 12:57:28.774 E/SurfaceFlinger( 1319): Error while compiling shader: 
05-23 12:57:28.774 E/SurfaceFlinger( 1319): attribute vec4 position;
05-23 12:57:28.774 E/SurfaceFlinger( 1319): uniform mat4 projection;
05-23 12:57:28.774 E/SurfaceFlinger( 1319): uniform mat4 texture;
05-23 12:57:28.774 E/SurfaceFlinger( 1319): void main(void) {
05-23 12:57:28.774 E/SurfaceFlinger( 1319):     gl_Position = projection * position;
05-23 12:57:28.774 E/SurfaceFlinger( 1319): }
05-23 12:57:28.774 E/SurfaceFlinger( 1319): 
05-23 12:57:28.774 E/SurfaceFlinger( 1319): öÿÿÿÿÿÿÿŸA‘¯C~
05-23 12:57:28.774 E/SurfaceFlinger( 1319): Error while compiling shader: 
05-23 12:57:28.774 E/SurfaceFlinger( 1319): precision mediump float;
05-23 12:57:28.774 E/SurfaceFlinger( 1319): uniform vec4 color;
05-23 12:57:28.774 E/SurfaceFlinger( 1319): void main(void) {
05-23 12:57:28.774 E/SurfaceFlinger( 1319):     gl_FragColor = color;
05-23 12:57:28.774 E/SurfaceFlinger( 1319): }
05-23 12:57:28.774 E/SurfaceFlinger( 1319): 
05-23 12:57:28.774 E/SurfaceFlinger( 1319): öÿÿÿÿÿÿÿŸA‘¯C~
05-23 12:57:28.774 E/SurfaceFlinger( 1319): Error while linking shaders:
05-23 12:57:28.774 E/SurfaceFlinger( 1319): Error while compiling shader: 
05-23 12:57:28.774 E/SurfaceFlinger( 1319): attribute vec4 position;
05-23 12:57:28.774 E/SurfaceFlinger( 1319): uniform mat4 projection;
05-23 12:57:28.774 E/SurfaceFlinger( 1319): uniform mat4 texture;
05-23 12:57:28.774 E/SurfaceFlinger( 1319): void main(void) {
05-23 12:57:28.774 E/SurfaceFlinger( 1319):     gl_Position = projection * position;
05-23 12:57:28.774 E/SurfaceFlinger( 1319): }
05-23 12:57:28.774 E/SurfaceFlinger( 1319): 
05-23 12:57:28.774 E/SurfaceFlinger( 1319): öÿÿÿÿÿÿÿŸA‘¯C~
05-23 12:57:28.774 E/SurfaceFlinger( 1319): Error while compiling shader: 
05-23 12:57:28.774 E/SurfaceFlinger( 1319): precision mediump float;
05-23 12:57:28.774 E/SurfaceFlinger( 1319): uniform vec4 color;
05-23 12:57:28.774 E/SurfaceFlinger( 1319): void main(void) {
05-23 12:57:28.774 E/SurfaceFlinger( 1319):     gl_FragColor = color;
05-23 12:57:28.774 E/SurfaceFlinger( 1319): }
05-23 12:57:28.774 E/SurfaceFlinger( 1319): 
05-23 12:57:28.774 E/SurfaceFlinger( 1319): öÿÿÿÿÿÿÿŸA‘¯C~
05-23 12:57:28.774 E/SurfaceFlinger( 1319): Error while linking shaders:
05-23 12:57:28.774 E/SurfaceFlinger( 1319): Error while compiling shader: 
05-23 12:57:28.774 E/SurfaceFlinger( 1319): attribute vec4 position;
05-23 12:57:28.774 E/SurfaceFlinger( 1319): uniform mat4 projection;
05-23 12:57:28.774 E/SurfaceFlinger( 1319): uniform mat4 texture;
05-23 12:57:28.774 E/SurfaceFlinger( 1319): void main(void) {
05-23 12:57:28.774 E/SurfaceFlinger( 1319):     gl_Position = projection * position;
05-23 12:57:28.774 E/SurfaceFlinger( 1319): }
05-23 12:57:28.774 E/SurfaceFlinger( 1319): 
05-23 12:57:28.774 E/SurfaceFlinger( 1319): öÿÿÿÿÿÿÿŸA‘¯C~
05-23 12:57:28.774 E/SurfaceFlinger( 1319): Error while compiling shader: 
05-23 12:57:28.774 E/SurfaceFlinger( 1319): precision mediump float;
05-23 12:57:28.774 E/SurfaceFlinger( 1319): uniform vec4 color;
05-23 12:57:28.774 E/SurfaceFlinger( 1319): void main(void) {
05-23 12:57:28.774 E/SurfaceFlinger( 1319):     gl_FragColor = color;
05-23 12:57:28.774 E/SurfaceFlinger( 1319):     gl_FragColor.a = 1.0;
05-23 12:57:28.774 E/SurfaceFlinger( 1319): }
05-23 12:57:28.774 E/SurfaceFlinger( 1319): 
05-23 12:57:28.774 E/SurfaceFlinger( 1319): öÿÿÿÿÿÿÿŸA‘¯C~
05-23 12:57:28.774 E/SurfaceFlinger( 1319): Error while linking shaders:
05-23 12:57:28.774 E/SurfaceFlinger( 1319): Error while compiling shader: 
05-23 12:57:28.774 E/SurfaceFlinger( 1319): attribute vec4 position;
05-23 12:57:28.774 E/SurfaceFlinger( 1319): uniform mat4 projection;
05-23 12:57:28.774 E/SurfaceFlinger( 1319): uniform mat4 texture;
05-23 12:57:28.774 E/SurfaceFlinger( 1319): void main(void) {
05-23 12:57:28.774 E/SurfaceFlinger( 1319):     gl_Position = projection * position;
05-23 12:57:28.774 E/SurfaceFlinger( 1319): }
05-23 12:57:28.774 E/SurfaceFlinger( 1319): 
05-23 12:57:28.774 E/SurfaceFlinger( 1319): öÿÿÿÿÿÿÿŸA‘¯C~
05-23 12:57:28.775 E/SurfaceFlinger( 1319): Error while compiling shader: 
05-23 12:57:28.775 E/SurfaceFlinger( 1319): precision mediump float;
05-23 12:57:28.775 E/SurfaceFlinger( 1319): uniform vec4 color;
05-23 12:57:28.775 E/SurfaceFlinger( 1319): void main(void) {
05-23 12:57:28.775 E/SurfaceFlinger( 1319):     gl_FragColor = color;
05-23 12:57:28.775 E/SurfaceFlinger( 1319):     gl_FragColor.a = 1.0;
05-23 12:57:28.775 E/SurfaceFlinger( 1319): }
05-23 12:57:28.775 E/SurfaceFlinger( 1319): 
05-23 12:57:28.775 E/SurfaceFlinger( 1319): öÿÿÿÿÿÿÿŸA‘¯C~
05-23 12:57:28.775 E/SurfaceFlinger( 1319): Error while linking shaders:
05-23 12:57:28.775 E/SurfaceFlinger( 1319): Error while compiling shader: 
05-23 12:57:28.775 E/SurfaceFlinger( 1319): attribute vec4 position;
05-23 12:57:28.775 E/SurfaceFlinger( 1319): uniform mat4 projection;
05-23 12:57:28.775 E/SurfaceFlinger( 1319): uniform mat4 texture;
05-23 12:57:28.775 E/SurfaceFlinger( 1319): void main(void) {
05-23 12:57:28.775 E/SurfaceFlinger( 1319):     gl_Position = projection * position;
05-23 12:57:28.775 E/SurfaceFlinger( 1319): }
05-23 12:57:28.775 E/SurfaceFlinger( 1319): 
05-23 12:57:28.775 E/SurfaceFlinger( 1319): öÿÿÿÿÿÿÿŸA‘¯C~
05-23 12:57:28.775 E/SurfaceFlinger( 1319): Error while compiling shader: 
05-23 12:57:28.775 E/SurfaceFlinger( 1319): precision mediump float;
05-23 12:57:28.775 E/SurfaceFlinger( 1319): uniform vec4 color;
05-23 12:57:28.775 E/SurfaceFlinger( 1319): uniform float alphaPlane;
05-23 12:57:28.775 E/SurfaceFlinger( 1319): void main(void) {
05-23 12:57:28.775 E/SurfaceFlinger( 1319):     gl_FragColor = color;
05-23 12:57:28.775 E/SurfaceFlinger( 1319):     gl_FragColor.a *= alphaPlane;
05-23 12:57:28.775 E/SurfaceFlinger( 1319): }
05-23 12:57:28.775 E/SurfaceFlinger( 1319): 
05-23 12:57:28.775 E/SurfaceFlinger( 1319): öÿÿÿÿÿÿÿŸA‘¯C~
05-23 12:57:28.775 E/SurfaceFlinger( 1319): Error while linking shaders:
05-23 12:57:28.775 E/SurfaceFlinger( 1319): Error while compiling shader: 
05-23 12:57:28.775 E/SurfaceFlinger( 1319): attribute vec4 position;
05-23 12:57:28.775 E/SurfaceFlinger( 1319): uniform mat4 projection;
05-23 12:57:28.775 E/SurfaceFlinger( 1319): uniform mat4 texture;
05-23 12:57:28.775 E/SurfaceFlinger( 1319): void main(void) {
05-23 12:57:28.775 E/SurfaceFlinger( 1319):     gl_Position = projection * position;
05-23 12:57:28.775 E/SurfaceFlinger( 1319): }
05-23 12:57:28.775 E/SurfaceFlinger( 1319): 
05-23 12:57:28.775 E/SurfaceFlinger( 1319): öÿÿÿÿÿÿÿŸA‘¯C~
05-23 12:57:28.775 E/SurfaceFlinger( 1319): Error while compiling shader: 
05-23 12:57:28.775 E/SurfaceFlinger( 1319): precision mediump float;
05-23 12:57:28.775 E/SurfaceFlinger( 1319): uniform vec4 color;
05-23 12:57:28.775 E/SurfaceFlinger( 1319): uniform float alphaPlane;
05-23 12:57:28.775 E/SurfaceFlinger( 1319): void main(void) {
05-23 12:57:28.775 E/SurfaceFlinger( 1319):     gl_FragColor = color;
05-23 12:57:28.775 E/SurfaceFlinger( 1319):     gl_FragColor *= alphaPlane;
05-23 12:57:28.775 E/SurfaceFlinger( 1319): }
05-23 12:57:28.775 E/SurfaceFlinger( 1319): 
05-23 12:57:28.775 E/SurfaceFlinger( 1319): öÿÿÿÿÿÿÿŸA‘¯C~
05-23 12:57:28.775 E/SurfaceFlinger( 1319): Error while linking shaders:
05-23 12:57:28.775 E/SurfaceFlinger( 1319): Error while compiling shader: 
05-23 12:57:28.775 E/SurfaceFlinger( 1319): attribute vec4 position;
05-23 12:57:28.775 E/SurfaceFlinger( 1319): uniform mat4 projection;
05-23 12:57:28.775 E/SurfaceFlinger( 1319): uniform mat4 texture;
05-23 12:57:28.775 E/SurfaceFlinger( 1319): void main(void) {
05-23 12:57:28.775 E/SurfaceFlinger( 1319):     gl_Position = projection * position;
05-23 12:57:28.775 E/SurfaceFlinger( 1319): }
05-23 12:57:28.775 E/SurfaceFlinger( 1319): 
05-23 12:57:28.775 E/SurfaceFlinger( 1319): öÿÿÿÿÿÿÿŸA‘¯C~
05-23 12:57:28.775 E/SurfaceFlinger( 1319): Error while compiling shader: 
05-23 12:57:28.775 E/SurfaceFlinger( 1319): precision mediump float;
05-23 12:57:28.775 E/SurfaceFlinger( 1319): uniform vec4 color;
05-23 12:57:28.775 E/SurfaceFlinger( 1319): uniform float alphaPlane;
05-23 12:57:28.775 E/SurfaceFlinger( 1319): void main(void) {
05-23 12:57:28.775 E/SurfaceFlinger( 1319):     gl_FragColor = color;
05-23 12:57:28.775 E/SurfaceFlinger( 1319):     gl_FragColor.a = 1.0;
05-23 12:57:28.775 E/SurfaceFlinger( 1319):     gl_FragColor.a *= alphaPlane;
05-23 12:57:28.775 E/SurfaceFlinger( 1319): }
05-23 12:57:28.775 E/SurfaceFlinger( 1319): 
05-23 12:57:28.775 E/SurfaceFlinger( 1319): öÿÿÿÿÿÿÿŸA‘¯C~
05-23 12:57:28.775 E/SurfaceFlinger( 1319): Error while linking shaders:
05-23 12:57:28.775 E/SurfaceFlinger( 1319): Error while compiling shader: 
05-23 12:57:28.775 E/SurfaceFlinger( 1319): attribute vec4 position;
05-23 12:57:28.775 E/SurfaceFlinger( 1319): uniform mat4 projection;
05-23 12:57:28.775 E/SurfaceFlinger( 1319): uniform mat4 texture;
05-23 12:57:28.775 E/SurfaceFlinger( 1319): void main(void) {
05-23 12:57:28.775 E/SurfaceFlinger( 1319):     gl_Position = projection * position;
05-23 12:57:28.775 E/SurfaceFlinger( 1319): }
05-23 12:57:28.775 E/SurfaceFlinger( 1319): 
05-23 12:57:28.775 E/SurfaceFlinger( 1319): öÿÿÿÿÿÿÿŸA‘¯C~
05-23 12:57:28.775 E/SurfaceFlinger( 1319): Error while compiling shader: 
05-23 12:57:28.775 E/SurfaceFlinger( 1319): precision mediump float;
05-23 12:57:28.775 E/SurfaceFlinger( 1319): uniform vec4 color;
05-23 12:57:28.775 E/SurfaceFlinger( 1319): uniform float alphaPlane;
05-23 12:57:28.775 E/SurfaceFlinger( 1319): void main(void) {
05-23 12:57:28.775 E/SurfaceFlinger( 1319):     gl_FragColor = color;
05-23 12:57:28.775 E/SurfaceFlinger( 1319):     gl_FragColor.a = 1.0;
05-23 12:57:28.775 E/SurfaceFlinger( 1319):     gl_FragColor *= alphaPlane;
05-23 12:57:28.775 E/SurfaceFlinger( 1319): }
05-23 12:57:28.775 E/SurfaceFlinger( 1319): 
05-23 12:57:28.775 E/SurfaceFlinger( 1319): öÿÿÿÿÿÿÿŸA‘¯C~
05-23 12:57:28.775 E/SurfaceFlinger( 1319): Error while linking shaders:
05-23 12:57:28.775 E/SurfaceFlinger( 1319): Error while compiling shader: 
05-23 12:57:28.775 E/SurfaceFlinger( 1319): attribute vec4 texCoords;
05-23 12:57:28.775 E/SurfaceFlinger( 1319): varying vec2 outTexCoords;
05-23 12:57:28.775 E/SurfaceFlinger( 1319): attribute vec4 position;
05-23 12:57:28.775 E/SurfaceFlinger( 1319): uniform mat4 projection;
05-23 12:57:28.775 E/SurfaceFlinger( 1319): uniform mat4 texture;
05-23 12:57:28.775 E/SurfaceFlinger( 1319): void main(void) {
05-23 12:57:28.775 E/SurfaceFlinger( 1319):     gl_Position = projection * position;
05-23 12:57:28.775 E/SurfaceFlinger( 1319):     outTexCoords = (texture * texCoords).st;
05-23 12:57:28.775 E/SurfaceFlinger( 1319): }
05-23 12:57:28.775 E/SurfaceFlinger( 1319): 
05-23 12:57:28.775 E/SurfaceFlinger( 1319): öÿÿÿÿÿÿÿŸA‘¯C~
05-23 12:57:28.776 E/SurfaceFlinger( 1319): Error while compiling shader: 
05-23 12:57:28.776 E/SurfaceFlinger( 1319): #extension GL_OES_EGL_image_external : require
05-23 12:57:28.776 E/SurfaceFlinger( 1319): precision mediump float;
05-23 12:57:28.776 E/SurfaceFlinger( 1319): uniform samplerExternalOES sampler;
05-23 12:57:28.776 E/SurfaceFlinger( 1319): varying vec2 outTexCoords;
05-23 12:57:28.776 E/SurfaceFlinger( 1319): void main(void) {
05-23 12:57:28.776 E/SurfaceFlinger( 1319):     gl_FragColor = texture2D(sampler, outTexCoords);
05-23 12:57:28.776 E/SurfaceFlinger( 1319): }
05-23 12:57:28.776 E/SurfaceFlinger( 1319): 
05-23 12:57:28.776 E/SurfaceFlinger( 1319): öÿÿÿÿÿÿÿŸA‘¯C~
05-23 12:57:28.776 E/SurfaceFlinger( 1319): Error while linking shaders:
05-23 12:57:28.776 E/SurfaceFlinger( 1319): Error while compiling shader: 
05-23 12:57:28.776 E/SurfaceFlinger( 1319): attribute vec4 texCoords;
05-23 12:57:28.776 E/SurfaceFlinger( 1319): varying vec2 outTexCoords;
05-23 12:57:28.776 E/SurfaceFlinger( 1319): attribute vec4 position;
05-23 12:57:28.776 E/SurfaceFlinger( 1319): uniform mat4 projection;
05-23 12:57:28.776 E/SurfaceFlinger( 1319): uniform mat4 texture;
05-23 12:57:28.776 E/SurfaceFlinger( 1319): void main(void) {
05-23 12:57:28.776 E/SurfaceFlinger( 1319):     gl_Position = projection * position;
05-23 12:57:28.776 E/SurfaceFlinger( 1319):     outTexCoords = (texture * texCoords).st;
05-23 12:57:28.776 E/SurfaceFlinger( 1319): }
05-23 12:57:28.776 E/SurfaceFlinger( 1319): 
05-23 12:57:28.776 E/SurfaceFlinger( 1319): öÿÿÿÿÿÿÿŸA‘¯C~
05-23 12:57:28.776 E/SurfaceFlinger( 1319): Error while compiling shader: 
05-23 12:57:28.776 E/SurfaceFlinger( 1319): #extension GL_OES_EGL_image_external : require
05-23 12:57:28.776 E/SurfaceFlinger( 1319): precision mediump float;
05-23 12:57:28.776 E/SurfaceFlinger( 1319): uniform samplerExternalOES sampler;
05-23 12:57:28.776 E/SurfaceFlinger( 1319): varying vec2 outTexCoords;
05-23 12:57:28.776 E/SurfaceFlinger( 1319): void main(void) {
05-23 12:57:28.776 E/SurfaceFlinger( 1319):     gl_FragColor = texture2D(sampler, outTexCoords);
05-23 12:57:28.776 E/SurfaceFlinger( 1319): }
05-23 12:57:28.776 E/SurfaceFlinger( 1319): 
05-23 12:57:28.776 E/SurfaceFlinger( 1319): öÿÿÿÿÿÿÿŸA‘¯C~
05-23 12:57:28.776 E/SurfaceFlinger( 1319): Error while linking shaders:
05-23 12:57:28.776 E/SurfaceFlinger( 1319): Error while compiling shader: 
05-23 12:57:28.776 E/SurfaceFlinger( 1319): attribute vec4 texCoords;
05-23 12:57:28.776 E/SurfaceFlinger( 1319): varying vec2 outTexCoords;
05-23 12:57:28.776 E/SurfaceFlinger( 1319): attribute vec4 position;
05-23 12:57:28.776 E/SurfaceFlinger( 1319): uniform mat4 projection;
05-23 12:57:28.776 E/SurfaceFlinger( 1319): uniform mat4 texture;
05-23 12:57:28.776 E/SurfaceFlinger( 1319): void main(void) {
05-23 12:57:28.776 E/SurfaceFlinger( 1319):     gl_Position = projection * position;
05-23 12:57:28.776 E/SurfaceFlinger( 1319):     outTexCoords = (texture * texCoords).st;
05-23 12:57:28.776 E/SurfaceFlinger( 1319): }
05-23 12:57:28.776 E/SurfaceFlinger( 1319): 
05-23 12:57:28.776 E/SurfaceFlinger( 1319): öÿÿÿÿÿÿÿŸA‘¯C~
05-23 12:57:28.776 E/SurfaceFlinger( 1319): Error while compiling shader: 
05-23 12:57:28.776 E/SurfaceFlinger( 1319): #extension GL_OES_EGL_image_external : require
05-23 12:57:28.776 E/SurfaceFlinger( 1319): precision mediump float;
05-23 12:57:28.776 E/SurfaceFlinger( 1319): uniform samplerExternalOES sampler;
05-23 12:57:28.776 E/SurfaceFlinger( 1319): varying vec2 outTexCoords;
05-23 12:57:28.776 E/SurfaceFlinger( 1319): void main(void) {
05-23 12:57:28.776 E/SurfaceFlinger( 1319):     gl_FragColor = texture2D(sampler, outTexCoords);
05-23 12:57:28.776 E/SurfaceFlinger( 1319):     gl_FragColor.a = 1.0;
05-23 12:57:28.776 E/SurfaceFlinger( 1319): }
05-23 12:57:28.776 E/SurfaceFlinger( 1319): 
05-23 12:57:28.776 E/SurfaceFlinger( 1319): öÿÿÿÿÿÿÿŸA‘¯C~
05-23 12:57:28.776 E/SurfaceFlinger( 1319): Error while linking shaders:
05-23 12:57:28.776 E/SurfaceFlinger( 1319): Error while compiling shader: 
05-23 12:57:28.776 E/SurfaceFlinger( 1319): attribute vec4 texCoords;
05-23 12:57:28.776 E/SurfaceFlinger( 1319): varying vec2 outTexCoords;
05-23 12:57:28.776 E/SurfaceFlinger( 1319): attribute vec4 position;
05-23 12:57:28.776 E/SurfaceFlinger( 1319): uniform mat4 projection;
05-23 12:57:28.776 E/SurfaceFlinger( 1319): uniform mat4 texture;
05-23 12:57:28.776 E/SurfaceFlinger( 1319): void main(void) {
05-23 12:57:28.776 E/SurfaceFlinger( 1319):     gl_Position = projection * position;
05-23 12:57:28.776 E/SurfaceFlinger( 1319):     outTexCoords = (texture * texCoords).st;
05-23 12:57:28.776 E/SurfaceFlinger( 1319): }
05-23 12:57:28.776 E/SurfaceFlinger( 1319): 
05-23 12:57:28.776 E/SurfaceFlinger( 1319): öÿÿÿÿÿÿÿŸA‘¯C~
05-23 12:57:28.776 E/SurfaceFlinger( 1319): Error while compiling shader: 
05-23 12:57:28.776 E/SurfaceFlinger( 1319): #extension GL_OES_EGL_image_external : require
05-23 12:57:28.776 E/SurfaceFlinger( 1319): precision mediump float;
05-23 12:57:28.776 E/SurfaceFlinger( 1319): uniform samplerExternalOES sampler;
05-23 12:57:28.776 E/SurfaceFlinger( 1319): varying vec2 outTexCoords;
05-23 12:57:28.776 E/SurfaceFlinger( 1319): void main(void) {
05-23 12:57:28.776 E/SurfaceFlinger( 1319):     gl_FragColor = texture2D(sampler, outTexCoords);
05-23 12:57:28.776 E/SurfaceFlinger( 1319):     gl_FragColor.a = 1.0;
05-23 12:57:28.776 E/SurfaceFlinger( 1319): }
05-23 12:57:28.776 E/SurfaceFlinger( 1319): 
05-23 12:57:28.776 E/SurfaceFlinger( 1319): öÿÿÿÿÿÿÿŸA‘¯C~
05-23 12:57:28.776 E/SurfaceFlinger( 1319): Error while linking shaders:
05-23 12:57:28.776 E/SurfaceFlinger( 1319): Error while compiling shader: 
05-23 12:57:28.776 E/SurfaceFlinger( 1319): attribute vec4 texCoords;
05-23 12:57:28.776 E/SurfaceFlinger( 1319): varying vec2 outTexCoords;
05-23 12:57:28.776 E/SurfaceFlinger( 1319): attribute vec4 position;
05-23 12:57:28.776 E/SurfaceFlinger( 1319): uniform mat4 projection;
05-23 12:57:28.776 E/SurfaceFlinger( 1319): uniform mat4 texture;
05-23 12:57:28.776 E/SurfaceFlinger( 1319): void main(void) {
05-23 12:57:28.776 E/SurfaceFlinger( 1319):     gl_Position = projection * position;
05-23 12:57:28.776 E/SurfaceFlinger( 1319):     outTexCoords = (texture * texCoords).st;
05-23 12:57:28.776 E/SurfaceFlinger( 1319): }
05-23 12:57:28.776 E/SurfaceFlinger( 1319): 
05-23 12:57:28.776 E/SurfaceFlinger( 1319): öÿÿÿÿÿÿÿŸA‘¯C~
05-23 12:57:28.776 E/SurfaceFlinger( 1319): Error while compiling shader: 
05-23 12:57:28.776 E/SurfaceFlinger( 1319): #extension GL_OES_EGL_image_external : require
05-23 12:57:28.776 E/SurfaceFlinger( 1319): precision mediump float;
05-23 12:57:28.776 E/SurfaceFlinger( 1319): uniform samplerExternalOES sampler;
05-23 12:57:28.776 E/SurfaceFlinger( 1319): varying vec2 outTexCoords;
05-23 12:57:28.776 E/SurfaceFlinger( 1319): uniform float alphaPlane;
05-23 12:57:28.776 E/SurfaceFlinger( 1319): void main(void) {
05-23 12:57:28.776 E/SurfaceFlinger( 1319):     gl_FragColor = texture2D(sampler, outTexCoords);
05-23 12:57:28.776 E/SurfaceFlinger( 1319):     gl_FragColor.a *= alphaPlane;
05-23 12:57:28.776 E/SurfaceFlinger( 1319): }
05-23 12:57:28.776 E/SurfaceFlinger( 1319): 
05-23 12:57:28.776 E/SurfaceFlinger( 1319): öÿÿÿÿÿÿÿŸA‘¯C~
05-23 12:57:28.776 E/SurfaceFlinger( 1319): Error while linking shaders:
05-23 12:57:28.776 E/SurfaceFlinger( 1319): Error while compiling shader: 
05-23 12:57:28.776 E/SurfaceFlinger( 1319): attribute vec4 texCoords;
05-23 12:57:28.776 E/SurfaceFlinger( 1319): varying vec2 outTexCoords;
05-23 12:57:28.776 E/SurfaceFlinger( 1319): attribute vec4 position;
05-23 12:57:28.776 E/SurfaceFlinger( 1319): uniform mat4 projection;
05-23 12:57:28.776 E/SurfaceFlinger( 1319): uniform mat4 texture;
05-23 12:57:28.776 E/SurfaceFlinger( 1319): void main(void) {
05-23 12:57:28.776 E/SurfaceFlinger( 1319):     gl_Position = projection * position;
05-23 12:57:28.776 E/SurfaceFlinger( 1319):     outTexCoords = (texture * texCoords).st;
05-23 12:57:28.776 E/SurfaceFlinger( 1319): }
05-23 12:57:28.776 E/SurfaceFlinger( 1319): 
05-23 12:57:28.776 E/SurfaceFlinger( 1319): öÿÿÿÿÿÿÿŸA‘¯C~
05-23 12:57:28.776 E/SurfaceFlinger( 1319): Error while compiling shader: 
05-23 12:57:28.776 E/SurfaceFlinger( 1319): #extension GL_OES_EGL_image_external : require
05-23 12:57:28.776 E/SurfaceFlinger( 1319): precision mediump float;
05-23 12:57:28.776 E/SurfaceFlinger( 1319): uniform samplerExternalOES sampler;
05-23 12:57:28.776 E/SurfaceFlinger( 1319): varying vec2 outTexCoords;
05-23 12:57:28.776 E/SurfaceFlinger( 1319): uniform float alphaPlane;
05-23 12:57:28.776 E/SurfaceFlinger( 1319): void main(void) {
05-23 12:57:28.776 E/SurfaceFlinger( 1319):     gl_FragColor = texture2D(sampler, outTexCoords);
05-23 12:57:28.776 E/SurfaceFlinger( 1319):     gl_FragColor *= alphaPlane;
05-23 12:57:28.776 E/SurfaceFlinger( 1319): }
05-23 12:57:28.776 E/SurfaceFlinger( 1319): 
05-23 12:57:28.776 E/SurfaceFlinger( 1319): öÿÿÿÿÿÿÿŸA‘¯C~
05-23 12:57:28.776 E/SurfaceFlinger( 1319): Error while linking shaders:
05-23 12:57:28.777 E/SurfaceFlinger( 1319): Error while compiling shader: 
05-23 12:57:28.777 E/SurfaceFlinger( 1319): attribute vec4 texCoords;
05-23 12:57:28.777 E/SurfaceFlinger( 1319): varying vec2 outTexCoords;
05-23 12:57:28.777 E/SurfaceFlinger( 1319): attribute vec4 position;
05-23 12:57:28.777 E/SurfaceFlinger( 1319): uniform mat4 projection;
05-23 12:57:28.777 E/SurfaceFlinger( 1319): uniform mat4 texture;
05-23 12:57:28.777 E/SurfaceFlinger( 1319): void main(void) {
05-23 12:57:28.777 E/SurfaceFlinger( 1319):     gl_Position = projection * position;
05-23 12:57:28.777 E/SurfaceFlinger( 1319):     outTexCoords = (texture * texCoords).st;
05-23 12:57:28.777 E/SurfaceFlinger( 1319): }
05-23 12:57:28.777 E/SurfaceFlinger( 1319): 
05-23 12:57:28.777 E/SurfaceFlinger( 1319): öÿÿÿÿÿÿÿŸA‘¯C~
05-23 12:57:28.777 E/SurfaceFlinger( 1319): Error while compiling shader: 
05-23 12:57:28.777 E/SurfaceFlinger( 1319): #extension GL_OES_EGL_image_external : require
05-23 12:57:28.777 E/SurfaceFlinger( 1319): precision mediump float;
05-23 12:57:28.777 E/SurfaceFlinger( 1319): uniform samplerExternalOES sampler;
05-23 12:57:28.777 E/SurfaceFlinger( 1319): varying vec2 outTexCoords;
05-23 12:57:28.777 E/SurfaceFlinger( 1319): uniform float alphaPlane;
05-23 12:57:28.777 E/SurfaceFlinger( 1319): void main(void) {
05-23 12:57:28.777 E/SurfaceFlinger( 1319):     gl_FragColor = texture2D(sampler, outTexCoords);
05-23 12:57:28.777 E/SurfaceFlinger( 1319):     gl_FragColor.a = 1.0;
05-23 12:57:28.777 E/SurfaceFlinger( 1319):     gl_FragColor.a *= alphaPlane;
05-23 12:57:28.777 E/SurfaceFlinger( 1319): }
05-23 12:57:28.777 E/SurfaceFlinger( 1319): 
05-23 12:57:28.777 E/SurfaceFlinger( 1319): öÿÿÿÿÿÿÿŸA‘¯C~
05-23 12:57:28.777 E/SurfaceFlinger( 1319): Error while linking shaders:
05-23 12:57:28.777 E/SurfaceFlinger( 1319): Error while compiling shader: 
05-23 12:57:28.777 E/SurfaceFlinger( 1319): attribute vec4 texCoords;
05-23 12:57:28.777 E/SurfaceFlinger( 1319): varying vec2 outTexCoords;
05-23 12:57:28.777 E/SurfaceFlinger( 1319): attribute vec4 position;
05-23 12:57:28.777 E/SurfaceFlinger( 1319): uniform mat4 projection;
05-23 12:57:28.777 E/SurfaceFlinger( 1319): uniform mat4 texture;
05-23 12:57:28.777 E/SurfaceFlinger( 1319): void main(void) {
05-23 12:57:28.777 E/SurfaceFlinger( 1319):     gl_Position = projection * position;
05-23 12:57:28.777 E/SurfaceFlinger( 1319):     outTexCoords = (texture * texCoords).st;
05-23 12:57:28.777 E/SurfaceFlinger( 1319): }
05-23 12:57:28.777 E/SurfaceFlinger( 1319): 
05-23 12:57:28.777 E/SurfaceFlinger( 1319): öÿÿÿÿÿÿÿŸA‘¯C~
05-23 12:57:28.777 E/SurfaceFlinger( 1319): Error while compiling shader: 
05-23 12:57:28.777 E/SurfaceFlinger( 1319): #extension GL_OES_EGL_image_external : require
05-23 12:57:28.777 E/SurfaceFlinger( 1319): precision mediump float;
05-23 12:57:28.777 E/SurfaceFlinger( 1319): uniform samplerExternalOES sampler;
05-23 12:57:28.777 E/SurfaceFlinger( 1319): varying vec2 outTexCoords;
05-23 12:57:28.777 E/SurfaceFlinger( 1319): uniform float alphaPlane;
05-23 12:57:28.777 E/SurfaceFlinger( 1319): void main(void) {
05-23 12:57:28.777 E/SurfaceFlinger( 1319):     gl_FragColor = texture2D(sampler, outTexCoords);
05-23 12:57:28.777 E/SurfaceFlinger( 1319):     gl_FragColor.a = 1.0;
05-23 12:57:28.777 E/SurfaceFlinger( 1319):     gl_FragColor *= alphaPlane;
05-23 12:57:28.777 E/SurfaceFlinger( 1319): }
05-23 12:57:28.777 E/SurfaceFlinger( 1319): 
05-23 12:57:28.777 E/SurfaceFlinger( 1319): öÿÿÿÿÿÿÿŸA‘¯C~
05-23 12:57:28.777 E/SurfaceFlinger( 1319): Error while linking shaders:
05-23 12:57:28.777 E/SurfaceFlinger( 1319): Error while compiling shader: 
05-23 12:57:28.777 E/SurfaceFlinger( 1319): attribute vec4 texCoords;
05-23 12:57:28.777 E/SurfaceFlinger( 1319): varying vec2 outTexCoords;
05-23 12:57:28.777 E/SurfaceFlinger( 1319): attribute vec4 position;
05-23 12:57:28.777 E/SurfaceFlinger( 1319): uniform mat4 projection;
05-23 12:57:28.777 E/SurfaceFlinger( 1319): uniform mat4 texture;
05-23 12:57:28.777 E/SurfaceFlinger( 1319): void main(void) {
05-23 12:57:28.777 E/SurfaceFlinger( 1319):     gl_Position = projection * position;
05-23 12:57:28.777 E/SurfaceFlinger( 1319):     outTexCoords = (texture * texCoords).st;
05-23 12:57:28.777 E/SurfaceFlinger( 1319): }
05-23 12:57:28.777 E/SurfaceFlinger( 1319): 
05-23 12:57:28.777 E/SurfaceFlinger( 1319): öÿÿÿÿÿÿÿŸA‘¯C~
05-23 12:57:28.777 E/SurfaceFlinger( 1319): Error while compiling shader: 
05-23 12:57:28.777 E/SurfaceFlinger( 1319): precision mediump float;
05-23 12:57:28.777 E/SurfaceFlinger( 1319): uniform sampler2D sampler;
05-23 12:57:28.777 E/SurfaceFlinger( 1319): varying vec2 outTexCoords;
05-23 12:57:28.777 E/SurfaceFlinger( 1319): void main(void) {
05-23 12:57:28.777 E/SurfaceFlinger( 1319):     gl_FragColor = texture2D(sampler, outTexCoords);
05-23 12:57:28.777 E/SurfaceFlinger( 1319): }
05-23 12:57:28.777 E/SurfaceFlinger( 1319): 
05-23 12:57:28.777 E/SurfaceFlinger( 1319): öÿÿÿÿÿÿÿŸA‘¯C~
05-23 12:57:28.777 E/SurfaceFlinger( 1319): Error while linking shaders:
05-23 12:57:28.777 E/SurfaceFlinger( 1319): Error while compiling shader: 
05-23 12:57:28.777 E/SurfaceFlinger( 1319): attribute vec4 texCoords;
05-23 12:57:28.777 E/SurfaceFlinger( 1319): varying vec2 outTexCoords;
05-23 12:57:28.777 E/SurfaceFlinger( 1319): attribute vec4 position;
05-23 12:57:28.777 E/SurfaceFlinger( 1319): uniform mat4 projection;
05-23 12:57:28.777 E/SurfaceFlinger( 1319): uniform mat4 texture;
05-23 12:57:28.777 E/SurfaceFlinger( 1319): void main(void) {
05-23 12:57:28.777 E/SurfaceFlinger( 1319):     gl_Position = projection * position;
05-23 12:57:28.777 E/SurfaceFlinger( 1319):     outTexCoords = (texture * texCoords).st;
05-23 12:57:28.777 E/SurfaceFlinger( 1319): }
05-23 12:57:28.777 E/SurfaceFlinger( 1319): 
05-23 12:57:28.777 E/SurfaceFlinger( 1319): öÿÿÿÿÿÿÿŸA‘¯C~
05-23 12:57:28.777 E/SurfaceFlinger( 1319): Error while compiling shader: 
05-23 12:57:28.777 E/SurfaceFlinger( 1319): precision mediump float;
05-23 12:57:28.777 E/SurfaceFlinger( 1319): uniform sampler2D sampler;
05-23 12:57:28.777 E/SurfaceFlinger( 1319): varying vec2 outTexCoords;
05-23 12:57:28.777 E/SurfaceFlinger( 1319): void main(void) {
05-23 12:57:28.777 E/SurfaceFlinger( 1319):     gl_FragColor = texture2D(sampler, outTexCoords);
05-23 12:57:28.777 E/SurfaceFlinger( 1319): }
05-23 12:57:28.777 E/SurfaceFlinger( 1319): 
05-23 12:57:28.777 E/SurfaceFlinger( 1319): öÿÿÿÿÿÿÿŸA‘¯C~
05-23 12:57:28.777 E/SurfaceFlinger( 1319): Error while linking shaders:
05-23 12:57:28.777 E/SurfaceFlinger( 1319): Error while compiling shader: 
05-23 12:57:28.777 E/SurfaceFlinger( 1319): attribute vec4 texCoords;
05-23 12:57:28.777 E/SurfaceFlinger( 1319): varying vec2 outTexCoords;
05-23 12:57:28.777 E/SurfaceFlinger( 1319): attribute vec4 position;
05-23 12:57:28.777 E/SurfaceFlinger( 1319): uniform mat4 projection;
05-23 12:57:28.777 E/SurfaceFlinger( 1319): uniform mat4 texture;
05-23 12:57:28.777 E/SurfaceFlinger( 1319): void main(void) {
05-23 12:57:28.777 E/SurfaceFlinger( 1319):     gl_Position = projection * position;
05-23 12:57:28.777 E/SurfaceFlinger( 1319):     outTexCoords = (texture * texCoords).st;
05-23 12:57:28.777 E/SurfaceFlinger( 1319): }
05-23 12:57:28.777 E/SurfaceFlinger( 1319): 
05-23 12:57:28.777 E/SurfaceFlinger( 1319): öÿÿÿÿÿÿÿŸA‘¯C~
05-23 12:57:28.777 E/SurfaceFlinger( 1319): Error while compiling shader: 
05-23 12:57:28.777 E/SurfaceFlinger( 1319): precision mediump float;
05-23 12:57:28.777 E/SurfaceFlinger( 1319): uniform sampler2D sampler;
05-23 12:57:28.777 E/SurfaceFlinger( 1319): varying vec2 outTexCoords;
05-23 12:57:28.777 E/SurfaceFlinger( 1319): void main(void) {
05-23 12:57:28.777 E/SurfaceFlinger( 1319):     gl_FragColor = texture2D(sampler, outTexCoords);
05-23 12:57:28.777 E/SurfaceFlinger( 1319):     gl_FragColor.a = 1.0;
05-23 12:57:28.777 E/SurfaceFlinger( 1319): }
05-23 12:57:28.777 E/SurfaceFlinger( 1319): 
05-23 12:57:28.777 E/SurfaceFlinger( 1319): öÿÿÿÿÿÿÿŸA‘¯C~
05-23 12:57:28.777 E/SurfaceFlinger( 1319): Error while linking shaders:
05-23 12:57:28.777 E/SurfaceFlinger( 1319): Error while compiling shader: 
05-23 12:57:28.777 E/SurfaceFlinger( 1319): attribute vec4 texCoords;
05-23 12:57:28.777 E/SurfaceFlinger( 1319): varying vec2 outTexCoords;
05-23 12:57:28.777 E/SurfaceFlinger( 1319): attribute vec4 position;
05-23 12:57:28.777 E/SurfaceFlinger( 1319): uniform mat4 projection;
05-23 12:57:28.777 E/SurfaceFlinger( 1319): uniform mat4 texture;
05-23 12:57:28.777 E/SurfaceFlinger( 1319): void main(void) {
05-23 12:57:28.777 E/SurfaceFlinger( 1319):     gl_Position = projection * position;
05-23 12:57:28.777 E/SurfaceFlinger( 1319):     outTexCoords = (texture * texCoords).st;
05-23 12:57:28.777 E/SurfaceFlinger( 1319): }
05-23 12:57:28.777 E/SurfaceFlinger( 1319): 
05-23 12:57:28.777 E/SurfaceFlinger( 1319): öÿÿÿÿÿÿÿŸA‘¯C~
05-23 12:57:28.777 E/SurfaceFlinger( 1319): Error while compiling shader: 
05-23 12:57:28.777 E/SurfaceFlinger( 1319): precision mediump float;
05-23 12:57:28.777 E/SurfaceFlinger( 1319): uniform sampler2D sampler;
05-23 12:57:28.777 E/SurfaceFlinger( 1319): varying vec2 outTexCoords;
05-23 12:57:28.777 E/SurfaceFlinger( 1319): void main(void) {
05-23 12:57:28.777 E/SurfaceFlinger( 1319):     gl_FragColor = texture2D(sampler, outTexCoords);
05-23 12:57:28.777 E/SurfaceFlinger( 1319):     gl_FragColor.a = 1.0;
05-23 12:57:28.777 E/SurfaceFlinger( 1319): }
05-23 12:57:28.777 E/SurfaceFlinger( 1319): 
05-23 12:57:28.777 E/SurfaceFlinger( 1319): öÿÿÿÿÿÿÿŸA‘¯C~
05-23 12:57:28.777 E/SurfaceFlinger( 1319): Error while linking shaders:
05-23 12:57:28.777 E/SurfaceFlinger( 1319): Error while compiling shader: 
05-23 12:57:28.777 E/SurfaceFlinger( 1319): attribute vec4 texCoords;
05-23 12:57:28.777 E/SurfaceFlinger( 1319): varying vec2 outTexCoords;
05-23 12:57:28.777 E/SurfaceFlinger( 1319): attribute vec4 position;
05-23 12:57:28.777 E/SurfaceFlinger( 1319): uniform mat4 projection;
05-23 12:57:28.777 E/SurfaceFlinger( 1319): uniform mat4 texture;
05-23 12:57:28.777 E/SurfaceFlinger( 1319): void main(void) {
05-23 12:57:28.777 E/SurfaceFlinger( 1319):     gl_Position = projection * position;
05-23 12:57:28.777 E/SurfaceFlinger( 1319):     outTexCoords = (texture * texCoords).st;
05-23 12:57:28.777 E/SurfaceFlinger( 1319): }
05-23 12:57:28.777 E/SurfaceFlinger( 1319): 
05-23 12:57:28.777 E/SurfaceFlinger( 1319): öÿÿÿÿÿÿÿŸA‘¯C~
05-23 12:57:28.778 E/SurfaceFlinger( 1319): Error while compiling shader: 
05-23 12:57:28.778 E/SurfaceFlinger( 1319): precision mediump float;
05-23 12:57:28.778 E/SurfaceFlinger( 1319): uniform sampler2D sampler;
05-23 12:57:28.778 E/SurfaceFlinger( 1319): varying vec2 outTexCoords;
05-23 12:57:28.778 E/SurfaceFlinger( 1319): uniform float alphaPlane;
05-23 12:57:28.778 E/SurfaceFlinger( 1319): void main(void) {
05-23 12:57:28.778 E/SurfaceFlinger( 1319):     gl_FragColor = texture2D(sampler, outTexCoords);
05-23 12:57:28.778 E/SurfaceFlinger( 1319):     gl_FragColor.a *= alphaPlane;
05-23 12:57:28.778 E/SurfaceFlinger( 1319): }
05-23 12:57:28.778 E/SurfaceFlinger( 1319): 
05-23 12:57:28.778 E/SurfaceFlinger( 1319): öÿÿÿÿÿÿÿŸA‘¯C~
05-23 12:57:28.778 E/SurfaceFlinger( 1319): Error while linking shaders:
05-23 12:57:28.778 E/SurfaceFlinger( 1319): Error while compiling shader: 
05-23 12:57:28.778 E/SurfaceFlinger( 1319): attribute vec4 texCoords;
05-23 12:57:28.778 E/SurfaceFlinger( 1319): varying vec2 outTexCoords;
05-23 12:57:28.778 E/SurfaceFlinger( 1319): attribute vec4 position;
05-23 12:57:28.778 E/SurfaceFlinger( 1319): uniform mat4 projection;
05-23 12:57:28.778 E/SurfaceFlinger( 1319): uniform mat4 texture;
05-23 12:57:28.778 E/SurfaceFlinger( 1319): void main(void) {
05-23 12:57:28.778 E/SurfaceFlinger( 1319):     gl_Position = projection * position;
05-23 12:57:28.778 E/SurfaceFlinger( 1319):     outTexCoords = (texture * texCoords).st;
05-23 12:57:28.778 E/SurfaceFlinger( 1319): }
05-23 12:57:28.778 E/SurfaceFlinger( 1319): 
05-23 12:57:28.778 E/SurfaceFlinger( 1319): öÿÿÿÿÿÿÿŸA‘¯C~
05-23 12:57:28.778 E/SurfaceFlinger( 1319): Error while compiling shader: 
05-23 12:57:28.778 E/SurfaceFlinger( 1319): precision mediump float;
05-23 12:57:28.778 E/SurfaceFlinger( 1319): uniform sampler2D sampler;
05-23 12:57:28.778 E/SurfaceFlinger( 1319): varying vec2 outTexCoords;
05-23 12:57:28.778 E/SurfaceFlinger( 1319): uniform float alphaPlane;
05-23 12:57:28.778 E/SurfaceFlinger( 1319): void main(void) {
05-23 12:57:28.778 E/SurfaceFlinger( 1319):     gl_FragColor = texture2D(sampler, outTexCoords);
05-23 12:57:28.778 E/SurfaceFlinger( 1319):     gl_FragColor *= alphaPlane;
05-23 12:57:28.778 E/SurfaceFlinger( 1319): }
05-23 12:57:28.778 E/SurfaceFlinger( 1319): 
05-23 12:57:28.778 E/SurfaceFlinger( 1319): öÿÿÿÿÿÿÿŸA‘¯C~
05-23 12:57:28.778 E/SurfaceFlinger( 1319): Error while linking shaders:
05-23 12:57:28.778 E/SurfaceFlinger( 1319): Error while compiling shader: 
05-23 12:57:28.778 E/SurfaceFlinger( 1319): attribute vec4 texCoords;
05-23 12:57:28.778 E/SurfaceFlinger( 1319): varying vec2 outTexCoords;
05-23 12:57:28.778 E/SurfaceFlinger( 1319): attribute vec4 position;
05-23 12:57:28.778 E/SurfaceFlinger( 1319): uniform mat4 projection;
05-23 12:57:28.778 E/SurfaceFlinger( 1319): uniform mat4 texture;
05-23 12:57:28.778 E/SurfaceFlinger( 1319): void main(void) {
05-23 12:57:28.778 E/SurfaceFlinger( 1319):     gl_Position = projection * position;
05-23 12:57:28.778 E/SurfaceFlinger( 1319):     outTexCoords = (texture * texCoords).st;
05-23 12:57:28.778 E/SurfaceFlinger( 1319): }
05-23 12:57:28.778 E/SurfaceFlinger( 1319): 
05-23 12:57:28.778 E/SurfaceFlinger( 1319): öÿÿÿÿÿÿÿŸA‘¯C~
05-23 12:57:28.778 E/SurfaceFlinger( 1319): Error while compiling shader: 
05-23 12:57:28.778 E/SurfaceFlinger( 1319): precision mediump float;
05-23 12:57:28.778 E/SurfaceFlinger( 1319): uniform sampler2D sampler;
05-23 12:57:28.778 E/SurfaceFlinger( 1319): varying vec2 outTexCoords;
05-23 12:57:28.778 E/SurfaceFlinger( 1319): uniform float alphaPlane;
05-23 12:57:28.778 E/SurfaceFlinger( 1319): void main(void) {
05-23 12:57:28.778 E/SurfaceFlinger( 1319):     gl_FragColor = texture2D(sampler, outTexCoords);
05-23 12:57:28.778 E/SurfaceFlinger( 1319):     gl_FragColor.a = 1.0;
05-23 12:57:28.778 E/SurfaceFlinger( 1319):     gl_FragColor.a *= alphaPlane;
05-23 12:57:28.778 E/SurfaceFlinger( 1319): }
05-23 12:57:28.778 E/SurfaceFlinger( 1319): 
05-23 12:57:28.778 E/SurfaceFlinger( 1319): öÿÿÿÿÿÿÿŸA‘¯C~
05-23 12:57:28.778 E/SurfaceFlinger( 1319): Error while linking shaders:
05-23 12:57:28.778 E/SurfaceFlinger( 1319): Error while compiling shader: 
05-23 12:57:28.778 E/SurfaceFlinger( 1319): attribute vec4 texCoords;
05-23 12:57:28.778 E/SurfaceFlinger( 1319): varying vec2 outTexCoords;
05-23 12:57:28.778 E/SurfaceFlinger( 1319): attribute vec4 position;
05-23 12:57:28.778 E/SurfaceFlinger( 1319): uniform mat4 projection;
05-23 12:57:28.778 E/SurfaceFlinger( 1319): uniform mat4 texture;
05-23 12:57:28.778 E/SurfaceFlinger( 1319): void main(void) {
05-23 12:57:28.778 E/SurfaceFlinger( 1319):     gl_Position = projection * position;
05-23 12:57:28.778 E/SurfaceFlinger( 1319):     outTexCoords = (texture * texCoords).st;
05-23 12:57:28.778 E/SurfaceFlinger( 1319): }
05-23 12:57:28.778 E/SurfaceFlinger( 1319): 
05-23 12:57:28.778 E/SurfaceFlinger( 1319): öÿÿÿÿÿÿÿŸA‘¯C~
05-23 12:57:28.778 E/SurfaceFlinger( 1319): Error while compiling shader: 
05-23 12:57:28.778 E/SurfaceFlinger( 1319): precision mediump float;
05-23 12:57:28.778 E/SurfaceFlinger( 1319): uniform sampler2D sampler;
05-23 12:57:28.778 E/SurfaceFlinger( 1319): varying vec2 outTexCoords;
05-23 12:57:28.778 E/SurfaceFlinger( 1319): uniform float alphaPlane;
05-23 12:57:28.778 E/SurfaceFlinger( 1319): void main(void) {
05-23 12:57:28.778 E/SurfaceFlinger( 1319):     gl_FragColor = texture2D(sampler, outTexCoords);
05-23 12:57:28.778 E/SurfaceFlinger( 1319):     gl_FragColor.a = 1.0;
05-23 12:57:28.778 E/SurfaceFlinger( 1319):     gl_FragColor *= alphaPlane;
05-23 12:57:28.778 E/SurfaceFlinger( 1319): }
05-23 12:57:28.778 E/SurfaceFlinger( 1319): 
05-23 12:57:28.778 E/SurfaceFlinger( 1319): öÿÿÿÿÿÿÿŸA‘¯C~
05-23 12:57:28.778 E/SurfaceFlinger( 1319): Error while linking shaders:
05-23 12:57:28.778 D/SurfaceFlinger( 1319): shader cache generated - 24 shaders in 5.204074 ms
05-23 12:57:28.831 D/SurfaceFlinger( 1319): Set power mode=2, type=0 flinger=0x7e43af047000
05-23 12:57:29.026 I/mediaserver( 1333): ServiceManager: 0xef13c0a0
05-23 12:57:29.270 W/bootanimation( 1778): type=1400 audit(0.0:9): avc: denied { getattr } for path="/vendor" dev="rootfs" ino=3996 scontext=u:r:bootanim:s0 tcontext=u:object_r:rootfs:s0 tclass=lnk_file permissive=0
05-23 12:57:29.180 W/BatteryNotifier( 1333): batterystats service unavailable!
05-23 12:57:29.448 I/        ( 1325): sMaxFastTracks = 8
05-23 12:57:29.483 I/audioserver( 1325): ServiceManager: 0xe8e3c020
05-23 12:57:29.510 W/BatteryNotifier( 1325): batterystats service unavailable!
05-23 12:57:29.511 I/AudioFlinger( 1325): Using default 3000 mSec as standby time.
05-23 12:57:29.538 I/AudioPolicyService( 1325): AudioPolicyService CSTOR in new mode
05-23 12:57:29.644 I/APM::ConfigParsingUtils( 1325): loadAudioPolicyConfig() loaded /system/etc/audio_policy.conf
05-23 12:57:29.803 D/audio_hw_generic( 1325): Emulator host-side ALSA audio emulation detected.
05-23 12:57:29.805 D/audio_hw_generic( 1325): mixer 0 name Master Playback Volume
05-23 12:57:29.805 D/audio_hw_generic( 1325): set ctl 0 to 100
05-23 12:57:29.806 D/audio_hw_generic( 1325): set ctl 1 to 100
05-23 12:57:29.806 D/audio_hw_generic( 1325): mixer 1 name Master Playback Switch
05-23 12:57:29.807 D/audio_hw_generic( 1325): set ctl 0 to 1
05-23 12:57:29.807 D/audio_hw_generic( 1325): set ctl 1 to 1
05-23 12:57:29.807 D/audio_hw_generic( 1325): mixer 2 name Capture Volume
05-23 12:57:29.807 D/audio_hw_generic( 1325): set ctl 0 to 100
05-23 12:57:29.807 D/audio_hw_generic( 1325): set ctl 1 to 100
05-23 12:57:29.807 D/audio_hw_generic( 1325): mixer 3 name Capture Switch
05-23 12:57:29.807 D/audio_hw_generic( 1325): set ctl 0 to 1
05-23 12:57:29.807 D/audio_hw_generic( 1325): set ctl 1 to 1
05-23 12:57:29.807 D/audio_hw_generic( 1325): mixer 4 name Line Phantom Jack
05-23 12:57:29.807 D/audio_hw_generic( 1325): mixer 5 name Line Out Phantom Jack
05-23 12:57:29.807 D/audio_hw_generic( 1325): mixer 6 name Playback Channel Map
