05-23 12:58:34.115 E/Hyphenator( 1323): 	at libcore.io.IoBridge.open(IoBridge.java:455)
05-23 12:58:34.115 E/Hyphenator( 1323): 	at java.io.RandomAccessFile.<init>(RandomAccessFile.java:247)
05-23 12:58:34.115 E/Hyphenator( 1323): 	at android.text.Hyphenator.loadHyphenator(Hyphenator.java:118)
05-23 12:58:34.115 E/Hyphenator( 1323): 	at android.text.Hyphenator.init(Hyphenator.java:224)
05-23 12:58:34.115 E/Hyphenator( 1323): 	at com.android.internal.os.ZygoteInit.preloadTextResources(ZygoteInit.java:252)
05-23 12:58:34.115 E/Hyphenator( 1323): 	at com.android.internal.os.ZygoteInit.preload(ZygoteInit.java:206)
05-23 12:58:34.115 E/Hyphenator( 1323): 	at com.android.internal.os.ZygoteInit.main(ZygoteInit.java:743)
05-23 12:58:34.115 E/Hyphenator( 1323): Caused by: android.system.ErrnoException: open failed: ENOENT (No such file or directory)
05-23 12:58:34.115 E/Hyphenator( 1323): 	at libcore.io.Posix.open(Native Method)
05-23 12:58:34.115 E/Hyphenator( 1323): 	at libcore.io.BlockGuardOs.open(BlockGuardOs.java:187)
05-23 12:58:34.115 E/Hyphenator( 1323): 	at libcore.io.IoBridge.open(IoBridge.java:441)
05-23 12:58:34.115 E/Hyphenator( 1323): 	... 6 more
05-23 12:58:34.117 E/Hyphenator( 1324): error loading hyphenation /system/usr/hyphen-data/hyph-kn.hyb
05-23 12:58:34.117 E/Hyphenator( 1324): java.io.FileNotFoundException: /system/usr/hyphen-data/hyph-kn.hyb: open failed: ENOENT (No such file or directory)
05-23 12:58:34.117 E/Hyphenator( 1324): 	at libcore.io.IoBridge.open(IoBridge.java:455)
05-23 12:58:34.117 E/Hyphenator( 1324): 	at java.io.RandomAccessFile.<init>(RandomAccessFile.java:247)
05-23 12:58:34.117 E/Hyphenator( 1324): 	at android.text.Hyphenator.loadHyphenator(Hyphenator.java:118)
05-23 12:58:34.117 E/Hyphenator( 1324): 	at android.text.Hyphenator.init(Hyphenator.java:224)
05-23 12:58:34.117 E/Hyphenator( 1324): 	at com.android.internal.os.ZygoteInit.preloadTextResources(ZygoteInit.java:252)
05-23 12:58:34.117 E/Hyphenator( 1324): 	at com.android.internal.os.ZygoteInit.preload(ZygoteInit.java:206)
05-23 12:58:34.117 E/Hyphenator( 1324): 	at com.android.internal.os.ZygoteInit.main(ZygoteInit.java:743)
05-23 12:58:34.117 E/Hyphenator( 1324): Caused by: android.system.ErrnoException: open failed: ENOENT (No such file or directory)
05-23 12:58:34.117 E/Hyphenator( 1324): 	at libcore.io.Posix.open(Native Method)
05-23 12:58:34.117 E/Hyphenator( 1324): 	at libcore.io.BlockGuardOs.open(BlockGuardOs.java:187)
05-23 12:58:34.117 E/Hyphenator( 1324): 	at libcore.io.IoBridge.open(IoBridge.java:441)
05-23 12:58:34.117 E/Hyphenator( 1324): 	... 6 more
05-23 12:58:34.119 E/Hyphenator( 1324): error loading hyphenation /system/usr/hyphen-data/hyph-ml.hyb
05-23 12:58:34.119 E/Hyphenator( 1324): java.io.FileNotFoundException: /system/usr/hyphen-data/hyph-ml.hyb: open failed: ENOENT (No such file or directory)
05-23 12:58:34.119 E/Hyphenator( 1324): 	at libcore.io.IoBridge.open(IoBridge.java:455)
05-23 12:58:34.119 E/Hyphenator( 1324): 	at java.io.RandomAccessFile.<init>(RandomAccessFile.java:247)
05-23 12:58:34.119 E/Hyphenator( 1324): 	at android.text.Hyphenator.loadHyphenator(Hyphenator.java:118)
05-23 12:58:34.119 E/Hyphenator( 1324): 	at android.text.Hyphenator.init(Hyphenator.java:224)
05-23 12:58:34.119 E/Hyphenator( 1324): 	at com.android.internal.os.ZygoteInit.preloadTextResources(ZygoteInit.java:252)
05-23 12:58:34.119 E/Hyphenator( 1324): 	at com.android.internal.os.ZygoteInit.preload(ZygoteInit.java:206)
05-23 12:58:34.119 E/Hyphenator( 1324): 	at com.android.internal.os.ZygoteInit.main(ZygoteInit.java:743)
05-23 12:58:34.119 E/Hyphenator( 1324): Caused by: android.system.ErrnoException: open failed: ENOENT (No such file or directory)
05-23 12:58:34.119 E/Hyphenator( 1324): 	at libcore.io.Posix.open(Native Method)
05-23 12:58:34.119 E/Hyphenator( 1324): 	at libcore.io.BlockGuardOs.open(BlockGuardOs.java:187)
05-23 12:58:34.119 E/Hyphenator( 1324): 	at libcore.io.IoBridge.open(IoBridge.java:441)
05-23 12:58:34.119 E/Hyphenator( 1324): 	... 6 more
05-23 12:58:34.158 E/Hyphenator( 1323): error loading hyphenation /system/usr/hyphen-data/hyph-tk.hyb
05-23 12:58:34.158 E/Hyphenator( 1323): java.io.FileNotFoundException: /system/usr/hyphen-data/hyph-tk.hyb: open failed: ENOENT (No such file or directory)
05-23 12:58:34.158 E/Hyphenator( 1323): 	at libcore.io.IoBridge.open(IoBridge.java:455)
05-23 12:58:34.158 E/Hyphenator( 1323): 	at java.io.RandomAccessFile.<init>(RandomAccessFile.java:247)
05-23 12:58:34.158 E/Hyphenator( 1323): 	at android.text.Hyphenator.loadHyphenator(Hyphenator.java:118)
05-23 12:58:34.158 E/Hyphenator( 1323): 	at android.text.Hyphenator.init(Hyphenator.java:224)
05-23 12:58:34.158 E/Hyphenator( 1323): 	at com.android.internal.os.ZygoteInit.preloadTextResources(ZygoteInit.java:252)
05-23 12:58:34.158 E/Hyphenator( 1323): 	at com.android.internal.os.ZygoteInit.preload(ZygoteInit.java:206)
05-23 12:58:34.158 E/Hyphenator( 1323): 	at com.android.internal.os.ZygoteInit.main(ZygoteInit.java:743)
05-23 12:58:34.158 E/Hyphenator( 1323): Caused by: android.system.ErrnoException: open failed: ENOENT (No such file or directory)
05-23 12:58:34.158 E/Hyphenator( 1323): 	at libcore.io.Posix.open(Native Method)
05-23 12:58:34.158 E/Hyphenator( 1323): 	at libcore.io.BlockGuardOs.open(BlockGuardOs.java:187)
05-23 12:58:34.158 E/Hyphenator( 1323): 	at libcore.io.IoBridge.open(IoBridge.java:441)
05-23 12:58:34.158 E/Hyphenator( 1323): 	... 6 more
05-23 12:58:34.191 E/Hyphenator( 1323): error loading hyphenation /system/usr/hyphen-data/hyph-und-ethi.hyb
05-23 12:58:34.191 E/Hyphenator( 1323): java.io.FileNotFoundException: /system/usr/hyphen-data/hyph-und-ethi.hyb: open failed: ENOENT (No such file or directory)
05-23 12:58:34.191 E/Hyphenator( 1323): 	at libcore.io.IoBridge.open(IoBridge.java:455)
05-23 12:58:34.191 E/Hyphenator( 1323): 	at java.io.RandomAccessFile.<init>(RandomAccessFile.java:247)
05-23 12:58:34.191 E/Hyphenator( 1323): 	at android.text.Hyphenator.loadHyphenator(Hyphenator.java:118)
05-23 12:58:34.191 E/Hyphenator( 1323): 	at android.text.Hyphenator.init(Hyphenator.java:224)
05-23 12:58:34.191 E/Hyphenator( 1323): 	at com.android.internal.os.ZygoteInit.preloadTextResources(ZygoteInit.java:252)
05-23 12:58:34.191 E/Hyphenator( 1323): 	at com.android.internal.os.ZygoteInit.preload(ZygoteInit.java:206)
05-23 12:58:34.191 E/Hyphenator( 1323): 	at com.android.internal.os.ZygoteInit.main(ZygoteInit.java:743)
05-23 12:58:34.191 E/Hyphenator( 1323): Caused by: android.system.ErrnoException: open failed: ENOENT (No such file or directory)
05-23 12:58:34.191 E/Hyphenator( 1323): 	at libcore.io.Posix.open(Native Method)
05-23 12:58:34.191 E/Hyphenator( 1323): 	at libcore.io.BlockGuardOs.open(BlockGuardOs.java:187)
05-23 12:58:34.191 E/Hyphenator( 1323): 	at libcore.io.IoBridge.open(IoBridge.java:441)
05-23 12:58:34.191 E/Hyphenator( 1323): 	... 6 more
05-23 12:58:34.202 E/Hyphenator( 1324): error loading hyphenation /system/usr/hyphen-data/hyph-mn-cyrl.hyb
05-23 12:58:34.202 E/Hyphenator( 1324): java.io.FileNotFoundException: /system/usr/hyphen-data/hyph-mn-cyrl.hyb: open failed: ENOENT (No such file or directory)
05-23 12:58:34.202 E/Hyphenator( 1324): 	at libcore.io.IoBridge.open(IoBridge.java:455)
05-23 12:58:34.202 E/Hyphenator( 1324): 	at java.io.RandomAccessFile.<init>(RandomAccessFile.java:247)
05-23 12:58:34.202 E/Hyphenator( 1324): 	at android.text.Hyphenator.loadHyphenator(Hyphenator.java:118)
05-23 12:58:34.202 E/Hyphenator( 1324): 	at android.text.Hyphenator.init(Hyphenator.java:224)
05-23 12:58:34.202 E/Hyphenator( 1324): 	at com.android.internal.os.ZygoteInit.preloadTextResources(ZygoteInit.java:252)
05-23 12:58:34.202 E/Hyphenator( 1324): 	at com.android.internal.os.ZygoteInit.preload(ZygoteInit.java:206)
05-23 12:58:34.202 E/Hyphenator( 1324): 	at com.android.internal.os.ZygoteInit.main(ZygoteInit.java:743)
05-23 12:58:34.202 E/Hyphenator( 1324): Caused by: android.system.ErrnoException: open failed: ENOENT (No such file or directory)
05-23 12:58:34.202 E/Hyphenator( 1324): 	at libcore.io.Posix.open(Native Method)
05-23 12:58:34.202 E/Hyphenator( 1324): 	at libcore.io.BlockGuardOs.open(BlockGuardOs.java:187)
05-23 12:58:34.202 E/Hyphenator( 1324): 	at libcore.io.IoBridge.open(IoBridge.java:441)
05-23 12:58:34.202 E/Hyphenator( 1324): 	... 6 more
05-23 12:58:34.204 E/Hyphenator( 1324): error loading hyphenation /system/usr/hyphen-data/hyph-mr.hyb
05-23 12:58:34.204 E/Hyphenator( 1324): java.io.FileNotFoundException: /system/usr/hyphen-data/hyph-mr.hyb: open failed: ENOENT (No such file or directory)
05-23 12:58:34.204 E/Hyphenator( 1324): 	at libcore.io.IoBridge.open(IoBridge.java:455)
05-23 12:58:34.204 E/Hyphenator( 1324): 	at java.io.RandomAccessFile.<init>(RandomAccessFile.java:247)
05-23 12:58:34.204 E/Hyphenator( 1324): 	at android.text.Hyphenator.loadHyphenator(Hyphenator.java:118)
05-23 12:58:34.204 E/Hyphenator( 1324): 	at android.text.Hyphenator.init(Hyphenator.java:224)
05-23 12:58:34.204 E/Hyphenator( 1324): 	at com.android.internal.os.ZygoteInit.preloadTextResources(ZygoteInit.java:252)
05-23 12:58:34.204 E/Hyphenator( 1324): 	at com.android.internal.os.ZygoteInit.preload(ZygoteInit.java:206)
05-23 12:58:34.204 E/Hyphenator( 1324): 	at com.android.internal.os.ZygoteInit.main(ZygoteInit.java:743)
05-23 12:58:34.204 E/Hyphenator( 1324): Caused by: android.system.ErrnoException: open failed: ENOENT (No such file or directory)
05-23 12:58:34.204 E/Hyphenator( 1324): 	at libcore.io.Posix.open(Native Method)
05-23 12:58:34.204 E/Hyphenator( 1324): 	at libcore.io.BlockGuardOs.open(BlockGuardOs.java:187)
05-23 12:58:34.204 E/Hyphenator( 1324): 	at libcore.io.IoBridge.open(IoBridge.java:441)
05-23 12:58:34.204 E/Hyphenator( 1324): 	... 6 more
05-23 12:58:34.206 E/Hyphenator( 1324): error loading hyphenation /system/usr/hyphen-data/hyph-nb.hyb
05-23 12:58:34.206 E/Hyphenator( 1324): java.io.FileNotFoundException: /system/usr/hyphen-data/hyph-nb.hyb: open failed: ENOENT (No such file or directory)
05-23 12:58:34.206 E/Hyphenator( 1324): 	at libcore.io.IoBridge.open(IoBridge.java:455)
05-23 12:58:34.206 E/Hyphenator( 1324): 	at java.io.RandomAccessFile.<init>(RandomAccessFile.java:247)
05-23 12:58:34.206 E/Hyphenator( 1324): 	at android.text.Hyphenator.loadHyphenator(Hyphenator.java:118)
05-23 12:58:34.206 E/Hyphenator( 1324): 	at android.text.Hyphenator.init(Hyphenator.java:224)
05-23 12:58:34.206 E/Hyphenator( 1324): 	at com.android.internal.os.ZygoteInit.preloadTextResources(ZygoteInit.java:252)
05-23 12:58:34.206 E/Hyphenator( 1324): 	at com.android.internal.os.ZygoteInit.preload(ZygoteInit.java:206)
05-23 12:58:34.206 E/Hyphenator( 1324): 	at com.android.internal.os.ZygoteInit.main(ZygoteInit.java:743)
05-23 12:58:34.206 E/Hyphenator( 1324): Caused by: android.system.ErrnoException: open failed: ENOENT (No such file or directory)
05-23 12:58:34.206 E/Hyphenator( 1324): 	at libcore.io.Posix.open(Native Method)
05-23 12:58:34.206 E/Hyphenator( 1324): 	at libcore.io.BlockGuardOs.open(BlockGuardOs.java:187)
05-23 12:58:34.206 E/Hyphenator( 1324): 	at libcore.io.IoBridge.open(IoBridge.java:441)
05-23 12:58:34.206 E/Hyphenator( 1324): 	... 6 more
05-23 12:58:34.207 E/Hyphenator( 1324): error loading hyphenation /system/usr/hyphen-data/hyph-nn.hyb
05-23 12:58:34.207 E/Hyphenator( 1324): java.io.FileNotFoundException: /system/usr/hyphen-data/hyph-nn.hyb: open failed: ENOENT (No such file or directory)
05-23 12:58:34.207 E/Hyphenator( 1324): 	at libcore.io.IoBridge.open(IoBridge.java:455)
05-23 12:58:34.207 E/Hyphenator( 1324): 	at java.io.RandomAccessFile.<init>(RandomAccessFile.java:247)
05-23 12:58:34.207 E/Hyphenator( 1324): 	at android.text.Hyphenator.loadHyphenator(Hyphenator.java:118)
05-23 12:58:34.207 E/Hyphenator( 1324): 	at android.text.Hyphenator.init(Hyphenator.java:224)
05-23 12:58:34.207 E/Hyphenator( 1324): 	at com.android.internal.os.ZygoteInit.preloadTextResources(ZygoteInit.java:252)
05-23 12:58:34.207 E/Hyphenator( 1324): 	at com.android.internal.os.ZygoteInit.preload(ZygoteInit.java:206)
05-23 12:58:34.207 E/Hyphenator( 1324): 	at com.android.internal.os.ZygoteInit.main(ZygoteInit.java:743)
05-23 12:58:34.207 E/Hyphenator( 1324): Caused by: android.system.ErrnoException: open failed: ENOENT (No such file or directory)
05-23 12:58:34.207 E/Hyphenator( 1324): 	at libcore.io.Posix.open(Native Method)
05-23 12:58:34.207 E/Hyphenator( 1324): 	at libcore.io.BlockGuardOs.open(BlockGuardOs.java:187)
05-23 12:58:34.207 E/Hyphenator( 1324): 	at libcore.io.IoBridge.open(IoBridge.java:441)
05-23 12:58:34.207 E/Hyphenator( 1324): 	... 6 more
05-23 12:58:34.209 E/Hyphenator( 1324): error loading hyphenation /system/usr/hyphen-data/hyph-or.hyb
05-23 12:58:34.209 E/Hyphenator( 1324): java.io.FileNotFoundException: /system/usr/hyphen-data/hyph-or.hyb: open failed: ENOENT (No such file or directory)
05-23 12:58:34.209 E/Hyphenator( 1324): 	at libcore.io.IoBridge.open(IoBridge.java:455)
05-23 12:58:34.209 E/Hyphenator( 1324): 	at java.io.RandomAccessFile.<init>(RandomAccessFile.java:247)
05-23 12:58:34.209 E/Hyphenator( 1324): 	at android.text.Hyphenator.loadHyphenator(Hyphenator.java:118)
05-23 12:58:34.209 E/Hyphenator( 1324): 	at android.text.Hyphenator.init(Hyphenator.java:224)
05-23 12:58:34.209 E/Hyphenator( 1324): 	at com.android.internal.os.ZygoteInit.preloadTextResources(ZygoteInit.java:252)
05-23 12:58:34.209 E/Hyphenator( 1324): 	at com.android.internal.os.ZygoteInit.preload(ZygoteInit.java:206)
05-23 12:58:34.209 E/Hyphenator( 1324): 	at com.android.internal.os.ZygoteInit.main(ZygoteInit.java:743)
05-23 12:58:34.209 E/Hyphenator( 1324): Caused by: android.system.ErrnoException: open failed: ENOENT (No such file or directory)
05-23 12:58:34.209 E/Hyphenator( 1324): 	at libcore.io.Posix.open(Native Method)
05-23 12:58:34.209 E/Hyphenator( 1324): 	at libcore.io.BlockGuardOs.open(BlockGuardOs.java:187)
05-23 12:58:34.209 E/Hyphenator( 1324): 	at libcore.io.IoBridge.open(IoBridge.java:441)
05-23 12:58:34.209 E/Hyphenator( 1324): 	... 6 more
05-23 12:58:34.221 E/Hyphenator( 1324): error loading hyphenation /system/usr/hyphen-data/hyph-pa.hyb
05-23 12:58:34.221 E/Hyphenator( 1324): java.io.FileNotFoundException: /system/usr/hyphen-data/hyph-pa.hyb: open failed: ENOENT (No such file or directory)
05-23 12:58:34.221 E/Hyphenator( 1324): 	at libcore.io.IoBridge.open(IoBridge.java:455)
05-23 12:58:34.221 E/Hyphenator( 1324): 	at java.io.RandomAccessFile.<init>(RandomAccessFile.java:247)
05-23 12:58:34.221 E/Hyphenator( 1324): 	at android.text.Hyphenator.loadHyphenator(Hyphenator.java:118)
05-23 12:58:34.221 E/Hyphenator( 1324): 	at android.text.Hyphenator.init(Hyphenator.java:224)
05-23 12:58:34.221 E/Hyphenator( 1324): 	at com.android.internal.os.ZygoteInit.preloadTextResources(ZygoteInit.java:252)
05-23 12:58:34.221 E/Hyphenator( 1324): 	at com.android.internal.os.ZygoteInit.preload(ZygoteInit.java:206)
05-23 12:58:34.221 E/Hyphenator( 1324): 	at com.android.internal.os.ZygoteInit.main(ZygoteInit.java:743)
05-23 12:58:34.221 E/Hyphenator( 1324): Caused by: android.system.ErrnoException: open failed: ENOENT (No such file or directory)
05-23 12:58:34.221 E/Hyphenator( 1324): 	at libcore.io.Posix.open(Native Method)
05-23 12:58:34.221 E/Hyphenator( 1324): 	at libcore.io.BlockGuardOs.open(BlockGuardOs.java:187)
05-23 12:58:34.221 E/Hyphenator( 1324): 	at libcore.io.IoBridge.open(IoBridge.java:441)
05-23 12:58:34.221 E/Hyphenator( 1324): 	... 6 more
05-23 12:58:34.223 E/Hyphenator( 1324): error loading hyphenation /system/usr/hyphen-data/hyph-pt.hyb
05-23 12:58:34.223 E/Hyphenator( 1324): java.io.FileNotFoundException: /system/usr/hyphen-data/hyph-pt.hyb: open failed: ENOENT (No such file or directory)
05-23 12:58:34.223 E/Hyphenator( 1324): 	at libcore.io.IoBridge.open(IoBridge.java:455)
05-23 12:58:34.223 E/Hyphenator( 1324): 	at java.io.RandomAccessFile.<init>(RandomAccessFile.java:247)
05-23 12:58:34.223 E/Hyphenator( 1324): 	at android.text.Hyphenator.loadHyphenator(Hyphenator.java:118)
05-23 12:58:34.223 E/Hyphenator( 1324): 	at android.text.Hyphenator.init(Hyphenator.java:224)
05-23 12:58:34.223 E/Hyphenator( 1324): 	at com.android.internal.os.ZygoteInit.preloadTextResources(ZygoteInit.java:252)
05-23 12:58:34.223 E/Hyphenator( 1324): 	at com.android.internal.os.ZygoteInit.preload(ZygoteInit.java:206)
05-23 12:58:34.223 E/Hyphenator( 1324): 	at com.android.internal.os.ZygoteInit.main(ZygoteInit.java:743)
05-23 12:58:34.223 E/Hyphenator( 1324): Caused by: android.system.ErrnoException: open failed: ENOENT (No such file or directory)
05-23 12:58:34.223 E/Hyphenator( 1324): 	at libcore.io.Posix.open(Native Method)
05-23 12:58:34.223 E/Hyphenator( 1324): 	at libcore.io.BlockGuardOs.open(BlockGuardOs.java:187)
05-23 12:58:34.223 E/Hyphenator( 1324): 	at libcore.io.IoBridge.open(IoBridge.java:441)
05-23 12:58:34.223 E/Hyphenator( 1324): 	... 6 more
05-23 12:58:34.224 E/Hyphenator( 1324): error loading hyphenation /system/usr/hyphen-data/hyph-sl.hyb
05-23 12:58:34.224 E/Hyphenator( 1324): java.io.FileNotFoundException: /system/usr/hyphen-data/hyph-sl.hyb: open failed: ENOENT (No such file or directory)
05-23 12:58:34.224 E/Hyphenator( 1324): 	at libcore.io.IoBridge.open(IoBridge.java:455)
05-23 12:58:34.224 E/Hyphenator( 1324): 	at java.io.RandomAccessFile.<init>(RandomAccessFile.java:247)
05-23 12:58:34.224 E/Hyphenator( 1324): 	at android.text.Hyphenator.loadHyphenator(Hyphenator.java:118)
05-23 12:58:34.224 E/Hyphenator( 1324): 	at android.text.Hyphenator.init(Hyphenator.java:224)
05-23 12:58:34.224 E/Hyphenator( 1324): 	at com.android.internal.os.ZygoteInit.preloadTextResources(ZygoteInit.java:252)
05-23 12:58:34.224 E/Hyphenator( 1324): 	at com.android.internal.os.ZygoteInit.preload(ZygoteInit.java:206)
05-23 12:58:34.224 E/Hyphenator( 1324): 	at com.android.internal.os.ZygoteInit.main(ZygoteInit.java:743)
05-23 12:58:34.224 E/Hyphenator( 1324): Caused by: android.system.ErrnoException: open failed: ENOENT (No such file or directory)
05-23 12:58:34.224 E/Hyphenator( 1324): 	at libcore.io.Posix.open(Native Method)
05-23 12:58:34.224 E/Hyphenator( 1324): 	at libcore.io.BlockGuardOs.open(BlockGuardOs.java:187)
05-23 12:58:34.224 E/Hyphenator( 1324): 	at libcore.io.IoBridge.open(IoBridge.java:441)
05-23 12:58:34.224 E/Hyphenator( 1324): 	... 6 more
05-23 12:58:34.226 E/Hyphenator( 1324): error loading hyphenation /system/usr/hyphen-data/hyph-ta.hyb
05-23 12:58:34.226 E/Hyphenator( 1324): java.io.FileNotFoundException: /system/usr/hyphen-data/hyph-ta.hyb: open failed: ENOENT (No such file or directory)
05-23 12:58:34.226 E/Hyphenator( 1324): 	at libcore.io.IoBridge.open(IoBridge.java:455)
05-23 12:58:34.226 E/Hyphenator( 1324): 	at java.io.RandomAccessFile.<init>(RandomAccessFile.java:247)
05-23 12:58:34.226 E/Hyphenator( 1324): 	at android.text.Hyphenator.loadHyphenator(Hyphenator.java:118)
05-23 12:58:34.226 E/Hyphenator( 1324): 	at android.text.Hyphenator.init(Hyphenator.java:224)
05-23 12:58:34.226 E/Hyphenator( 1324): 	at com.android.internal.os.ZygoteInit.preloadTextResources(ZygoteInit.java:252)
05-23 12:58:34.226 E/Hyphenator( 1324): 	at com.android.internal.os.ZygoteInit.preload(ZygoteInit.java:206)
05-23 12:58:34.226 E/Hyphenator( 1324): 	at com.android.internal.os.ZygoteInit.main(ZygoteInit.java:743)
05-23 12:58:34.226 E/Hyphenator( 1324): Caused by: android.system.ErrnoException: open failed: ENOENT (No such file or directory)
05-23 12:58:34.226 E/Hyphenator( 1324): 	at libcore.io.Posix.open(Native Method)
05-23 12:58:34.226 E/Hyphenator( 1324): 	at libcore.io.BlockGuardOs.open(BlockGuardOs.java:187)
05-23 12:58:34.226 E/Hyphenator( 1324): 	at libcore.io.IoBridge.open(IoBridge.java:441)
05-23 12:58:34.226 E/Hyphenator( 1324): 	... 6 more
05-23 12:58:34.228 E/Hyphenator( 1324): error loading hyphenation /system/usr/hyphen-data/hyph-te.hyb
05-23 12:58:34.228 E/Hyphenator( 1324): java.io.FileNotFoundException: /system/usr/hyphen-data/hyph-te.hyb: open failed: ENOENT (No such file or directory)
05-23 12:58:34.228 E/Hyphenator( 1324): 	at libcore.io.IoBridge.open(IoBridge.java:455)
05-23 12:58:34.228 E/Hyphenator( 1324): 	at java.io.RandomAccessFile.<init>(RandomAccessFile.java:247)
05-23 12:58:34.228 E/Hyphenator( 1324): 	at android.text.Hyphenator.loadHyphenator(Hyphenator.java:118)
05-23 12:58:34.228 E/Hyphenator( 1324): 	at android.text.Hyphenator.init(Hyphenator.java:224)
05-23 12:58:34.228 E/Hyphenator( 1324): 	at com.android.internal.os.ZygoteInit.preloadTextResources(ZygoteInit.java:252)
05-23 12:58:34.228 E/Hyphenator( 1324): 	at com.android.internal.os.ZygoteInit.preload(ZygoteInit.java:206)
05-23 12:58:34.228 E/Hyphenator( 1324): 	at com.android.internal.os.ZygoteInit.main(ZygoteInit.java:743)
05-23 12:58:34.228 E/Hyphenator( 1324): Caused by: android.system.ErrnoException: open failed: ENOENT (No such file or directory)
05-23 12:58:34.228 E/Hyphenator( 1324): 	at libcore.io.Posix.open(Native Method)
05-23 12:58:34.228 E/Hyphenator( 1324): 	at libcore.io.BlockGuardOs.open(BlockGuardOs.java:187)
05-23 12:58:34.228 E/Hyphenator( 1324): 	at libcore.io.IoBridge.open(IoBridge.java:441)
05-23 12:58:34.228 E/Hyphenator( 1324): 	... 6 more
05-23 12:58:34.229 E/Hyphenator( 1324): error loading hyphenation /system/usr/hyphen-data/hyph-tk.hyb
05-23 12:58:34.229 E/Hyphenator( 1324): java.io.FileNotFoundException: /system/usr/hyphen-data/hyph-tk.hyb: open failed: ENOENT (No such file or directory)
05-23 12:58:34.229 E/Hyphenator( 1324): 	at libcore.io.IoBridge.open(IoBridge.java:455)
05-23 12:58:34.229 E/Hyphenator( 1324): 	at java.io.RandomAccessFile.<init>(RandomAccessFile.java:247)
05-23 12:58:34.229 E/Hyphenator( 1324): 	at android.text.Hyphenator.loadHyphenator(Hyphenator.java:118)
05-23 12:58:34.229 E/Hyphenator( 1324): 	at android.text.Hyphenator.init(Hyphenator.java:224)
05-23 12:58:34.229 E/Hyphenator( 1324): 	at com.android.internal.os.ZygoteInit.preloadTextResources(ZygoteInit.java:252)
05-23 12:58:34.229 E/Hyphenator( 1324): 	at com.android.internal.os.ZygoteInit.preload(ZygoteInit.java:206)
05-23 12:58:34.229 E/Hyphenator( 1324): 	at com.android.internal.os.ZygoteInit.main(ZygoteInit.java:743)
05-23 12:58:34.229 E/Hyphenator( 1324): Caused by: android.system.ErrnoException: open failed: ENOENT (No such file or directory)
05-23 12:58:34.229 E/Hyphenator( 1324): 	at libcore.io.Posix.open(Native Method)
05-23 12:58:34.229 E/Hyphenator( 1324): 	at libcore.io.BlockGuardOs.open(BlockGuardOs.java:187)
05-23 12:58:34.229 E/Hyphenator( 1324): 	at libcore.io.IoBridge.open(IoBridge.java:441)
05-23 12:58:34.229 E/Hyphenator( 1324): 	... 6 more
05-23 12:58:34.242 E/Hyphenator( 1324): error loading hyphenation /system/usr/hyphen-data/hyph-und-ethi.hyb
05-23 12:58:34.242 E/Hyphenator( 1324): java.io.FileNotFoundException: /system/usr/hyphen-data/hyph-und-ethi.hyb: open failed: ENOENT (No such file or directory)
05-23 12:58:34.242 E/Hyphenator( 1324): 	at libcore.io.IoBridge.open(IoBridge.java:455)
05-23 12:58:34.242 E/Hyphenator( 1324): 	at java.io.RandomAccessFile.<init>(RandomAccessFile.java:247)
05-23 12:58:34.242 E/Hyphenator( 1324): 	at android.text.Hyphenator.loadHyphenator(Hyphenator.java:118)
05-23 12:58:34.242 E/Hyphenator( 1324): 	at android.text.Hyphenator.init(Hyphenator.java:224)
05-23 12:58:34.242 E/Hyphenator( 1324): 	at com.android.internal.os.ZygoteInit.preloadTextResources(ZygoteInit.java:252)
05-23 12:58:34.242 E/Hyphenator( 1324): 	at com.android.internal.os.ZygoteInit.preload(ZygoteInit.java:206)
05-23 12:58:34.242 E/Hyphenator( 1324): 	at com.android.internal.os.ZygoteInit.main(ZygoteInit.java:743)
05-23 12:58:34.242 E/Hyphenator( 1324): Caused by: android.system.ErrnoException: open failed: ENOENT (No such file or directory)
05-23 12:58:34.242 E/Hyphenator( 1324): 	at libcore.io.Posix.open(Native Method)
05-23 12:58:34.242 E/Hyphenator( 1324): 	at libcore.io.BlockGuardOs.open(BlockGuardOs.java:187)
05-23 12:58:34.242 E/Hyphenator( 1324): 	at libcore.io.IoBridge.open(IoBridge.java:441)
05-23 12:58:34.242 E/Hyphenator( 1324): 	... 6 more
05-23 12:58:34.595 I/Zygote  ( 1324): Uninstalled ICU cache reference pinning...
05-23 12:58:34.651 I/Zygote  ( 1324): Installed AndroidKeyStoreProvider in 56ms.
05-23 12:58:34.666 V/NatController( 1334): runCmd(/system/bin/iptables -w -F natctrl_FORWARD) res=0
05-23 12:58:34.684 I/Zygote  ( 1323): Uninstalled ICU cache reference pinning...
05-23 12:58:34.770 I/Zygote  ( 1323): Installed AndroidKeyStoreProvider in 86ms.
05-23 12:58:35.089 I/Zygote  ( 1324): Warmed up JCA providers in 438ms.
05-23 12:58:35.102 D/Zygote  ( 1324): end preload
05-23 12:58:35.102 I/art     ( 1324): Starting a blocking GC Explicit
05-23 12:58:35.302 I/art     ( 1324): Explicit concurrent mark sweep GC freed 4996(256KB) AllocSpace objects, 3(132KB) LOS objects, 39% free, 6MB/10MB, paused 354us total 188.717ms
05-23 12:58:35.306 I/art     ( 1324): Starting a blocking GC Explicit
05-23 12:58:35.331 V/NatController( 1334): runCmd(/system/bin/ip6tables -w -F natctrl_FORWARD) res=0
05-23 12:58:35.511 I/art     ( 1324): Explicit concurrent mark sweep GC freed 62(3KB) AllocSpace objects, 0(0B) LOS objects, 39% free, 6MB/10MB, paused 329us total 172.038ms
05-23 12:58:35.517 I/Zygote  ( 1324): Accepting command socket connections
05-23 12:58:35.587 I/Zygote  ( 1323): Warmed up JCA providers in 816ms.
05-23 12:58:35.588 D/Zygote  ( 1323): end preload
05-23 12:58:35.588 I/art     ( 1323): Starting a blocking GC Explicit
05-23 12:58:35.719 I/art     ( 1323): Explicit concurrent mark sweep GC freed 14944(1156KB) AllocSpace objects, 0(0B) LOS objects, 39% free, 6MB/10MB, paused 222us total 126.237ms
05-23 12:58:35.731 I/art     ( 1323): Starting a blocking GC Explicit
05-23 12:58:35.763 I/art     ( 1323): Explicit concurrent mark sweep GC freed 1217(47KB) AllocSpace objects, 2(116KB) LOS objects, 39% free, 6MB/10MB, paused 220us total 30.618ms
05-23 12:58:35.768 I/art     ( 1323): Starting a blocking GC HeapTrim
05-23 12:58:35.801 V/NatController( 1334): runCmd(/system/bin/iptables -w -A natctrl_FORWARD -j DROP) res=0
05-23 12:58:35.867 I/art     ( 1323): Starting a blocking GC Background
05-23 12:58:36.151 V/NatController( 1334): runCmd(/system/bin/iptables -w -t nat -F natctrl_nat_POSTROUTING) res=0
05-23 12:58:36.216 I/Zygote  ( 1323): System server process 2159 has been created
05-23 12:58:36.377 I/Zygote  ( 1323): Accepting command socket connections
05-23 12:58:36.547 V/NatController( 1334): runCmd(/system/bin/ip6tables -w -t raw -F natctrl_raw_PREROUTING) res=0
05-23 12:58:36.675 I/Zygote  ( 2159): Process: zygote socket opened, supported ABIS: x86
05-23 12:58:36.680 I/InstallerConnection( 2159): connecting...
05-23 12:58:36.712 I/        ( 1328): new connection
05-23 12:58:36.961 V/NatController( 1334): runCmd(/system/bin/iptables -w -F natctrl_tether_counters) res=1
05-23 12:58:37.071 I/InstallerConnection( 2159): disconnecting...
05-23 12:58:37.080 E/        ( 1328): eof
05-23 12:58:37.080 E/        ( 1328): failed to read size
05-23 12:58:37.080 I/        ( 1328): closing connection
05-23 12:58:37.364 V/NatController( 1334): runCmd(/system/bin/ip6tables -w -F natctrl_tether_counters) res=1
05-23 12:58:37.600 V/NatController( 1334): runCmd(/system/bin/iptables -w -X natctrl_tether_counters) res=1
05-23 12:58:37.693 V/NatController( 1334): runCmd(/system/bin/ip6tables -w -X natctrl_tether_counters) res=1
05-23 12:58:37.851 V/NatController( 1334): runCmd(/system/bin/iptables -w -N natctrl_tether_counters) res=0
05-23 12:58:38.011 V/NatController( 1334): runCmd(/system/bin/ip6tables -w -N natctrl_tether_counters) res=0
05-23 12:58:38.153 V/NatController( 1334): runCmd(/system/bin/iptables -w -t mangle -A natctrl_mangle_FORWARD -p tcp --tcp-flags SYN SYN -j TCPMSS --clamp-mss-to-pmtu) res=0
05-23 12:58:38.169 I/SystemServer( 2159): Entered the Android system server!
05-23 12:58:40.681 I/SystemServiceManager( 2159): Starting com.android.server.pm.Installer
05-23 12:58:40.800 I/Installer( 2159): Waiting for installd to be ready.
05-23 12:58:40.800 I/InstallerConnection( 2159): connecting...
05-23 12:58:40.812 I/        ( 1328): new connection
05-23 12:58:40.822 I/SystemServiceManager( 2159): Starting com.android.server.am.ActivityManagerService$Lifecycle
05-23 12:58:41.281 I/ActivityManager( 2159): Memory class: 256
05-23 12:58:41.346 I/ServiceThread( 2159): Enabled StrictMode logging for ActivityManager looper.
05-23 12:58:41.442 I/ServiceThread( 2159): Enabled StrictMode logging for android.ui looper.
05-23 12:58:41.753 D/BatteryStatsImpl( 2159): Reading daily items from /data/system/batterystats-daily.xml
05-23 12:58:42.396 E/Netd    ( 1334): cannot find interface dummy0
05-23 12:58:42.449 D/MDnsDS  ( 1334): MDnsSdListener::Hander starting up
05-23 12:58:42.702 D/MDnsDS  ( 1334): MDnsSdListener starting to monitor
05-23 12:58:42.702 D/MDnsDS  ( 1334): Going to poll with pollCount 1
05-23 12:58:43.151 I/IntentFirewall( 2159): Read new rules (A:0 B:0 S:0)
05-23 12:58:43.261 I/ServiceThread( 2159): Enabled StrictMode logging for android.display looper.
05-23 12:58:43.408 D/AppOps  ( 2159): AppOpsService published
05-23 12:58:43.441 I/SystemServiceManager( 2159): Starting com.android.server.power.PowerManagerService
05-23 12:58:43.518 I/ServiceThread( 2159): Enabled StrictMode logging for PowerManagerService looper.
05-23 12:58:43.524 E/PowerManagerService-JNI( 2159): Couldn't load power module (No such file or directory)
05-23 12:58:43.525 W/libsuspend( 2159): Error writing 'on' to /sys/power/state: Invalid argument
05-23 12:58:43.526 I/libsuspend( 2159): Selected wakeup count
05-23 12:58:43.592 I/SystemServiceManager( 2159): Starting com.android.server.lights.LightsService
05-23 12:58:43.656 I/SystemServiceManager( 2159): Starting com.android.server.display.DisplayManagerService
05-23 12:58:43.704 E/SurfaceFlinger( 1319): ro.sf.lcd_density must be defined as a build property
05-23 12:58:43.745 I/SystemServiceManager( 2159): Starting phase 100
05-23 12:58:43.773 I/DisplayManagerService( 2159): Display device added: DisplayDeviceInfo{"Built-in Screen": uniqueId="local:0", 1080 x 1920, modeId 1, defaultModeId 1, supportedModes [{id=1, width=1080, height=1920, fps=60.000004}], colorMode 0, supportedColorModes [0], HdrCapabilities android.view.Display$HdrCapabilities@a69d6308, density 480, 480.0 x 480.0 dpi, appVsyncOff 1000000, presDeadline 16666666, touch INTERNAL, rotation 0, type BUILT_IN, state UNKNOWN, FLAG_DEFAULT_DISPLAY, FLAG_ROTATES_WITH_CONTENT, FLAG_SECURE, FLAG_SUPPORTS_PROTECTED_BUFFERS}
05-23 12:58:43.780 D/SurfaceFlinger( 1319): Set power mode=2, type=0 flinger=0x7e43af047000
05-23 12:58:43.780 D/SurfaceFlinger( 1319): Screen type=0 is already mode=2
05-23 12:58:43.799 I/SystemServer( 2159): StartPackageManagerService
05-23 12:58:43.811 I/DisplayManagerService( 2159): Display device changed state: "Built-in Screen", ON
05-23 12:58:44.202 W/SystemConfig( 2159): No directory /system/etc/sysconfig, skipping
05-23 12:58:44.562 D/SELinuxMMAC( 2159): Using policy file /system/etc/security/mac_permissions.xml
05-23 12:58:46.091 E/art     ( 2159): DexFile_getDexOptNeeded file '/system/framework/org.apache.http.legacy.jar' does not exist
05-23 12:58:46.093 W/PackageManager( 2159): Library not found: /system/framework/org.apache.http.legacy.jar
05-23 12:58:46.293 E/art     ( 2159): DexFile_getDexOptNeeded file '/system/framework/org.apache.http.legacy.jar' does not exist
05-23 12:58:46.294 W/PackageManager( 2159): Library not found: /system/framework/org.apache.http.legacy.jar
05-23 12:58:46.351 D/PackageManager( 2159): No files in app dir /vendor/overlay
05-23 12:58:47.314 W/PackageManager( 2159): Failed to parse /system/framework/oat: Missing base APK in /system/framework/oat
05-23 12:58:47.317 W/PackageManager( 2159): Failed to parse /system/framework/x86: Missing base APK in /system/framework/x86
05-23 12:58:47.319 W/PackageManager( 2159): Failed to parse /system/framework/x86_64: Missing base APK in /system/framework/x86_64
05-23 12:58:48.334 W/PackageParser( 2159): No actions in intent filter at /system/priv-app/Contacts/Contacts.apk Binary XML file line #409
05-23 12:58:49.175 W/PackageParser( 2159): No actions in intent filter at /system/priv-app/Dialer/Dialer.apk Binary XML file line #186
05-23 12:58:49.471 W/PackageManager( 2159): Permission android.permission.DOWNLOAD_WITHOUT_NOTIFICATION from package com.android.providers.downloads in an unknown group android.permission-group.NETWORK
05-23 12:58:52.123 W/PackageParser( 2159): Ignoring duplicate uses-permissions/uses-permissions-sdk-m: android.permission.USE_CREDENTIALS in package: com.android.settings at: Binary XML file line #53
05-23 12:58:52.124 W/PackageParser( 2159): Ignoring duplicate uses-permissions/uses-permissions-sdk-m: android.permission.READ_SYNC_SETTINGS in package: com.android.settings at: Binary XML file line #58
05-23 12:58:52.124 W/PackageParser( 2159): Ignoring duplicate uses-permissions/uses-permissions-sdk-m: android.permission.WRITE_SYNC_SETTINGS in package: com.android.settings at: Binary XML file line #59
05-23 12:58:53.260 W/PackageParser( 2159): Ignoring duplicate uses-permissions/uses-permissions-sdk-m: android.permission.INSTALL_GRANT_RUNTIME_PERMISSIONS in package: com.android.shell at: Binary XML file line #102
05-23 12:58:54.324 W/PackageParser( 2159): Ignoring duplicate uses-permissions/uses-permissions-sdk-m: android.permission.CONFIGURE_WIFI_DISPLAY in package: com.android.systemui at: Binary XML file line #123
05-23 12:58:55.459 I/art     ( 2159): Background sticky concurrent mark sweep GC freed 33297(2MB) AllocSpace objects, 20(416KB) LOS objects, 31% free, 6MB/10MB, paused 2.017ms total 424.015ms
05-23 12:58:56.195 W/PackageManager( 2159): Non-privileged app; cap priority to 0; package: com.android.calendar activity: com.android.calendar.GoogleCalendarUriIntentFilter origPrio: 50
05-23 12:58:56.412 W/PackageManager( 2159): Non-privileged app; cap priority to 0; package: com.android.cts.ctsshim activity: com.android.cts.ctsshim.InstallPriority origPrio: 100
05-23 12:58:56.413 W/PackageManager( 2159): Non-privileged app; cap priority to 0; package: com.android.cts.ctsshim activity: com.android.cts.ctsshim.InstallPriority origPrio: 100
05-23 12:58:56.413 W/PackageManager( 2159): Non-privileged app; cap priority to 0; package: com.android.cts.ctsshim activity: com.android.cts.ctsshim.InstallPriority origPrio: 100
05-23 12:58:56.413 W/PackageManager( 2159): Non-privileged app; cap priority to 0; package: com.android.cts.ctsshim activity: com.android.cts.ctsshim.InstallPriority origPrio: 100
05-23 12:58:56.413 W/PackageManager( 2159): Non-privileged app; cap priority to 0; package: com.android.cts.ctsshim activity: com.android.cts.ctsshim.InstallPriority origPrio: 100
05-23 12:58:58.029 W/PackageParser( 2159): Ignoring duplicate uses-permissions/uses-permissions-sdk-m: android.permission.WRITE_CONTACTS in package: com.android.email at: Binary XML file line #40
05-23 12:58:59.205 W/PackageParser( 2159): Unknown element under <application>: permission at /system/app/Gallery2/Gallery2.apk Binary XML file line #238
05-23 12:58:59.206 W/PackageParser( 2159): Unknown element under <application>: permission at /system/app/Gallery2/Gallery2.apk Binary XML file line #241
05-23 12:59:00.426 W/PackageManager( 2159): Permission com.android.launcher3.permission.READ_SETTINGS from package com.android.launcher3 in an unknown group android.permission-group.SYSTEM_TOOLS
05-23 12:59:00.426 W/PackageManager( 2159): Permission com.android.launcher3.permission.WRITE_SETTINGS from package com.android.launcher3 in an unknown group android.permission-group.SYSTEM_TOOLS
05-23 12:59:00.426 W/PackageManager( 2159): Permission com.android.launcher.permission.INSTALL_SHORTCUT from package com.android.launcher3 in an unknown group android.permission-group.SYSTEM_TOOLS
05-23 12:59:03.094 D/PackageManager( 2159): No files in app dir /system/vendor/app
05-23 12:59:03.095 D/PackageManager( 2159): No files in app dir /oem/app
05-23 12:59:03.884 W/PackageParser( 2159): No actions in intent filter at /data/app/ApiDemos/ApiDemos.apk Binary XML file line #3145
05-23 12:59:03.885 W/PackageParser( 2159): No actions in intent filter at /data/app/ApiDemos/ApiDemos.apk Binary XML file line #3151
05-23 12:59:03.906 W/PackageManager( 2159): Package com.example.android.apis desires unavailable shared library com.example.will.never.exist; ignoring!
05-23 12:59:03.956 I/SELinux ( 2159): SELinux: Loaded file_contexts contexts from /file_contexts.bin.
05-23 12:59:04.488 D/PackageManager( 2159): No files in app dir /data/app-private
05-23 12:59:04.490 D/PackageManager( 2159): No files in app dir /data/app-ephemeral
05-23 12:59:04.499 E/PackageManager( 2159): There should probably be exactly one setup wizard; found 0: matches=[]
05-23 12:59:04.499 W/PackageManager( 2159): Protected action; cap priority to 0; package: com.android.cts.priv.ctsshim activity: com.android.cts.priv.ctsshim.InstallPriority origPrio: 100
05-23 12:59:04.499 W/PackageManager( 2159): Protected action; cap priority to 0; package: com.android.cts.priv.ctsshim activity: com.android.cts.priv.ctsshim.InstallPriority origPrio: 100
05-23 12:59:04.499 W/PackageManager( 2159): Protected action; cap priority to 0; package: com.android.cts.priv.ctsshim activity: com.android.cts.priv.ctsshim.InstallPriority origPrio: 100
05-23 12:59:04.499 W/PackageManager( 2159): Protected action; cap priority to 0; package: com.android.cts.priv.ctsshim activity: com.android.cts.priv.ctsshim.InstallPriority origPrio: 100
05-23 12:59:04.499 W/PackageManager( 2159): Protected action; cap priority to 0; package: com.android.packageinstaller activity: com.android.packageinstaller.PackageInstallerActivity origPrio: 1
05-23 12:59:04.540 W/PackageManager( 2159): Package com.android.camera desires unavailable shared library com.google.android.media.effects; ignoring!
05-23 12:59:04.541 W/PackageManager( 2159): Package com.android.gallery3d desires unavailable shared library com.google.android.media.effects; ignoring!
05-23 12:59:04.541 W/PackageManager( 2159): Package com.android.gallery3d desires unavailable shared library com.google.android.media.effects; ignoring!
05-23 12:59:04.541 W/PackageManager( 2159): Package com.example.android.apis desires unavailable shared library com.example.will.never.exist; ignoring!
05-23 12:59:04.542 I/PackageManager( 2159): Adjusting ABI for com.android.providers.downloads.ui to x86_64 (requirer=com.android.mtp, scannedPackage=null)
05-23 12:59:04.550 I/PackageManager( 2159): Adjusting ABI for com.android.providers.downloads to x86_64 (requirer=com.android.mtp, scannedPackage=null)
05-23 12:59:04.553 I/PackageManager( 2159): Adjusting ABI for com.android.providers.media to x86_64 (requirer=com.android.mtp, scannedPackage=null)
05-23 12:59:04.555 I/PackageManager( 2159): Adjusting ABI for com.android.providers.settings to x86_64 (requirer=android, scannedPackage=null)
05-23 12:59:04.567 I/PackageManager( 2159): Adjusting ABI for com.android.wallpaperbackup to x86_64 (requirer=android, scannedPackage=null)
05-23 12:59:04.569 I/PackageManager( 2159): Adjusting ABI for com.android.settings to x86_64 (requirer=android, scannedPackage=null)
05-23 12:59:04.582 I/PackageManager( 2159): Adjusting ABI for com.android.keychain to x86_64 (requirer=android, scannedPackage=null)
05-23 12:59:04.584 I/PackageManager( 2159): Adjusting ABI for com.android.location.fused to x86_64 (requirer=android, scannedPackage=null)
05-23 12:59:04.622 I/PackageManager( 2159): Adjusting ABI for com.android.inputdevices to x86_64 (requirer=android, scannedPackage=null)
05-23 12:59:04.624 I/PackageManager( 2159): Adjusting ABI for com.android.server.telecom to x86_64 (requirer=android, scannedPackage=null)
05-23 12:59:04.642 I/PackageManager( 2159): Time to scan packages: 18.732 seconds
05-23 12:59:04.645 W/PackageManager( 2159): Unknown permission com.google.android.googleapps.permission.GOOGLE_AUTH in package com.android.providers.calendar
05-23 12:59:04.645 W/PackageManager( 2159): Unknown permission com.google.android.googleapps.permission.GOOGLE_AUTH.cl in package com.android.providers.calendar
05-23 12:59:04.647 W/PackageManager( 2159): Not granting permission android.permission.GLOBAL_SEARCH to package com.android.quicksearchbox (protectionLevel=18 flags=0x3808be45)
05-23 12:59:04.648 W/PackageManager( 2159): Not granting permission android.permission.WRITE_EXTERNAL_STORAGE to package gov.nasa.arc.astrobee.android.gs.manager because it was previously installed without
05-23 12:59:04.648 W/PackageManager( 2159): Not granting permission android.permission.READ_EXTERNAL_STORAGE to package gov.nasa.arc.astrobee.android.gs.manager because it was previously installed without
05-23 12:59:04.648 W/PackageManager( 2159): Unknown permission com.android.launcher.permission.READ_SETTINGS in package com.android.launcher3
05-23 12:59:04.648 W/PackageManager( 2159): Unknown permission com.android.launcher.permission.WRITE_SETTINGS in package com.android.launcher3
05-23 12:59:04.649 W/PackageManager( 2159): Not granting permission android.permission.BIND_APPWIDGET to package com.android.launcher3 (protectionLevel=18 flags=0x3c4bbe45)
05-23 12:59:04.649 W/PackageManager( 2159): Unknown permission com.google.android.googleapps.permission.GOOGLE_AUTH.mail in package com.android.calendar
05-23 12:59:04.649 W/PackageManager( 2159): Unknown permission com.google.android.providers.settings.permission.WRITE_GSETTINGS in package com.android.sdksetup
05-23 12:59:04.681 W/PackageManager( 2159): Unknown permission com.google.android.permission.INSTALL_WEARABLE_PACKAGES in package com.android.packageinstaller
05-23 12:59:04.681 W/PackageManager( 2159): Not granting permission android.permission.DELETE_PACKAGES to package com.svox.pico (protectionLevel=18 flags=0x3808be45)
05-23 12:59:04.681 W/PackageManager( 2159): Not granting permission android.permission.READ_CONTACTS to package com.example.android.apis because it was previously installed without
05-23 12:59:04.681 W/PackageManager( 2159): Not granting permission android.permission.WRITE_CONTACTS to package com.example.android.apis because it was previously installed without
05-23 12:59:04.681 W/PackageManager( 2159): Not granting permission android.permission.ACCESS_COARSE_LOCATION to package com.example.android.apis because it was previously installed without
05-23 12:59:04.681 W/PackageManager( 2159): Not granting permission android.permission.WRITE_EXTERNAL_STORAGE to package com.example.android.apis because it was previously installed without
05-23 12:59:04.681 W/PackageManager( 2159): Not granting permission android.permission.SEND_SMS to package com.example.android.apis because it was previously installed without
05-23 12:59:04.681 W/PackageManager( 2159): Not granting permission android.permission.RECEIVE_SMS to package com.example.android.apis because it was previously installed without
05-23 12:59:04.682 W/PackageManager( 2159): Not granting permission android.permission.RECEIVE_MMS to package com.example.android.apis because it was previously installed without
05-23 12:59:04.682 W/PackageManager( 2159): Not granting permission android.permission.READ_SMS to package com.example.android.apis because it was previously installed without
05-23 12:59:04.682 W/PackageManager( 2159): Not granting permission android.permission.READ_PHONE_STATE to package com.example.android.apis because it was previously installed without
05-23 12:59:04.682 W/PackageManager( 2159): Not granting permission android.permission.RECORD_AUDIO to package com.example.android.apis because it was previously installed without
05-23 12:59:04.682 W/PackageManager( 2159): Not granting permission android.permission.CAMERA to package com.example.android.apis because it was previously installed without
05-23 12:59:04.682 W/PackageManager( 2159): Not granting permission android.permission.READ_EXTERNAL_STORAGE to package com.example.android.apis because it was previously installed without
05-23 12:59:04.682 W/PackageManager( 2159): Unknown permission android.permission.RUN_INSTRUMENTATION in package org.chromium.webview_shell
05-23 12:59:04.683 W/PackageManager( 2159): Unknown permission com.google.android.googleapps.permission.GOOGLE_AUTH in package com.android.settings
05-23 12:59:04.683 W/PackageManager( 2159): Unknown permission com.android.launcher.permission.READ_SETTINGS in package com.android.settings
05-23 12:59:04.683 W/PackageManager( 2159): Unknown permission com.android.launcher.permission.WRITE_SETTINGS in package com.android.settings
05-23 12:59:04.684 W/PackageManager( 2159): Unknown permission com.android.smspush.WAPPUSH_MANAGER_BIND in package com.android.phone
05-23 12:59:04.685 W/PackageManager( 2159): Unknown permission com.google.android.googleapps.permission.ACCESS_GOOGLE_PASSWORD in package com.android.development
05-23 12:59:04.685 W/PackageManager( 2159): Unknown permission com.google.android.googleapps.permission.GOOGLE_AUTH in package com.android.development
05-23 12:59:04.685 W/PackageManager( 2159): Unknown permission com.google.android.googleapps.permission.GOOGLE_AUTH.ALL_SERVICES in package com.android.development
05-23 12:59:04.685 W/PackageManager( 2159): Unknown permission com.google.android.googleapps.permission.GOOGLE_AUTH.YouTubeUser in package com.android.development
05-23 12:59:04.686 W/PackageManager( 2159): Not granting permission android.permission.BIND_APPWIDGET to package com.android.widgetpreview (protectionLevel=18 flags=0x3808be44)
05-23 12:59:04.687 V/PackageManager( 2159): reconcileAppsData for null u0 0x3
05-23 12:59:04.791 I/SELinux ( 1328): SELinux: Loaded file_contexts contexts from /file_contexts.bin.
05-23 12:59:08.782 V/PackageManager( 2159): reconcileAppsData finished 81 packages
05-23 12:59:09.133 E/PackageManager( 2159): There should probably be a verifier, but, none were found
05-23 12:59:09.371 W/PackageInstaller( 2159): Abandoning old session first created at 1616675837967
05-23 12:59:09.374 W/PackageInstaller( 2159): Deleting orphan stage /data/app/vmdl1539828231.tmp
05-23 12:59:09.448 D/PackageManager( 2159): Ephemeral resolver NOT found; no matching intent filters
05-23 12:59:09.449 I/PackageManager( 2159): Ephemeral deactivated; missing resolver and installer
05-23 12:59:09.483 I/art     ( 2159): Starting a blocking GC Explicit
05-23 12:59:09.760 I/art     ( 2159): Explicit concurrent mark sweep GC freed 38027(2MB) AllocSpace objects, 4(80KB) LOS objects, 33% free, 7MB/10MB, paused 1.657ms total 233.747ms
05-23 12:59:09.812 I/SystemServer( 2159): StartOtaDexOptService
05-23 12:59:09.904 I/SystemServer( 2159): StartUserManagerService
05-23 12:59:09.905 I/SystemServiceManager( 2159): Starting com.android.server.pm.UserManagerService$LifeCycle
05-23 12:59:10.112 I/lowmemorykiller( 1317): ActivityManager connected
05-23 12:59:10.134 D/SensorService( 2159): nuSensorService starting...
05-23 12:59:10.184 D/SensorService( 2159): nuSensorService thread starting...
05-23 12:59:10.188 I/SystemServiceManager( 2159): Starting com.android.server.BatteryService
05-23 12:59:10.212 D/SensorService( 2159): new thread SensorEventAckReceiver
05-23 12:59:10.243 W/art     ( 2159): Long monitor contention with owner main (2159) at int android.net.LocalSocketImpl.readba_native(byte[], int, int, java.io.FileDescriptor)(LocalSocketImpl.java:-2) waiters=0 in void com.android.server.pm.Settings$RuntimePermissionPersistence.writePermissionsSync(int) for 3.499s
05-23 12:59:10.321 I/SystemServiceManager( 2159): Starting com.android.server.usage.UsageStatsService
05-23 12:59:10.548 I/SystemServiceManager( 2159): Starting com.android.server.webkit.WebViewUpdateService
05-23 12:59:10.618 I/SystemServer( 2159): Reading configuration...
05-23 12:59:10.618 I/SystemServer( 2159): StartSchedulingPolicyService
05-23 12:59:10.632 I/SystemServiceManager( 2159): Starting com.android.server.telecom.TelecomLoaderService
05-23 12:59:10.634 I/SystemServer( 2159): StartTelephonyRegistry
05-23 12:59:10.745 I/SystemServer( 2159): StartEntropyMixer
05-23 12:59:10.756 I/EntropyMixer( 2159): Writing entropy...
05-23 12:59:10.818 I/SystemServer( 2159): Camera Service
05-23 12:59:10.872 I/SystemServiceManager( 2159): Starting com.android.server.camera.CameraService
05-23 12:59:10.884 I/ServiceThread( 2159): Enabled StrictMode logging for CameraService_proxy looper.
05-23 12:59:10.896 I/SystemServer( 2159): StartAccountManagerService
05-23 12:59:10.900 I/SystemServiceManager( 2159): Starting com.android.server.accounts.AccountManagerService$Lifecycle
05-23 12:59:11.028 I/SystemServer( 2159): StartContentService
05-23 12:59:11.040 I/SystemServiceManager( 2159): Starting com.android.server.content.ContentService$Lifecycle
05-23 12:59:11.070 I/SystemServer( 2159): InstallSystemProviders
05-23 12:59:11.142 W/System  ( 2159): ClassLoader referenced unknown path: /system/priv-app/SettingsProvider/lib/x86_64
05-23 12:59:11.782 I/SystemServer( 2159): StartVibratorService
05-23 12:59:11.784 E/VibratorService( 2159): Couldn't load vibrator module (No such file or directory)
05-23 12:59:11.784 W/VibratorService( 2159): Tried to stop vibrating but there is no vibrator device.
05-23 12:59:11.862 I/SystemServer( 2159): StartConsumerIrService
05-23 12:59:11.863 E/ConsumerIrService( 2159): Can't open consumer IR HW Module, error: -2
05-23 12:59:11.872 I/SystemServer( 2159): StartAlarmManagerService
05-23 12:59:11.873 I/SystemServiceManager( 2159): Starting com.android.server.AlarmManagerService
05-23 12:59:11.892 W/AlarmManagerService( 2159): no wall clock RTC found
05-23 12:59:11.894 D/AlarmManagerService( 2159): Kernel timezone updated to 0 minutes west of GMT
05-23 12:59:11.934 I/SystemServer( 2159): InitWatchdog
05-23 12:59:11.936 I/SystemServer( 2159): StartInputManagerService
05-23 12:59:11.942 I/InputManager( 2159): Initializing input manager, mUseDevInputEventForAudioJack=true
