05-23 12:59:11.948 I/SystemServer( 2159): StartWindowManagerService
05-23 12:59:12.295 I/WindowManager( 2159): No existing display settings /data/system/display_settings.xml; starting empty
05-23 12:59:12.568 I/SystemServer( 2159): StartVrManagerService
05-23 12:59:12.568 I/SystemServiceManager( 2159): Starting com.android.server.vr.VrManagerService
05-23 12:59:12.672 W/VrManagerService( 2159): init_native: Could not open VR hardware module, error No such file or directory (-2).
05-23 12:59:12.721 I/InputManager( 2159): Starting input manager
05-23 12:59:12.745 D/EventHub( 2159): No input device configuration file found for device 'Power Button'.
05-23 12:59:12.749 I/SystemServer( 2159): No Bluetooth Service (emulator)
05-23 12:59:12.751 I/SystemServer( 2159): ConnectivityMetricsLoggerService
05-23 12:59:12.752 I/SystemServiceManager( 2159): Starting com.android.server.connectivity.MetricsLoggerService
05-23 12:59:12.779 I/SystemServer( 2159): IpConnectivityMetrics
05-23 12:59:12.806 W/EventHub( 2159): Unable to disable kernel key repeat for /dev/input/event0: Function not implemented
05-23 12:59:12.807 I/EventHub( 2159): New device: id=1, fd=91, path='/dev/input/event0', name='Power Button', classes=0x1, configuration='', keyLayout='/system/usr/keylayout/Generic.kl', keyCharacterMap='/system/usr/keychars/Generic.kcm', builtinKeyboard=false, wakeMechanism=EPOLLWAKEUP, usingClockIoctl=true
05-23 12:59:12.833 W/EventHub( 2159): Unable to disable kernel key repeat for /dev/input/event1: Function not implemented
05-23 12:59:12.833 I/EventHub( 2159): New device: id=2, fd=92, path='/dev/input/event1', name='qwerty2', classes=0x95, configuration='/system/usr/idc/qwerty2.idc', keyLayout='/system/usr/keylayout/qwerty.kl', keyCharacterMap='/system/usr/keychars/qwerty2.kcm', builtinKeyboard=true, wakeMechanism=EPOLLWAKEUP, usingClockIoctl=true
05-23 12:59:12.833 E/EventHub( 2159): could not get driver version for /dev/input/mice, Not a typewriter
05-23 12:59:12.840 I/SystemServiceManager( 2159): Starting com.android.server.connectivity.IpConnectivityMetrics
05-23 12:59:12.844 I/SystemServer( 2159): PinnerService
05-23 12:59:12.844 I/SystemServiceManager( 2159): Starting com.android.server.PinnerService
05-23 12:59:12.858 I/SystemServiceManager( 2159): Starting com.android.server.InputMethodManagerService$Lifecycle
05-23 12:59:13.011 I/InputReader( 2159): Device added: id=-1, name='Virtual', sources=0x00000301
05-23 12:59:13.016 I/InputReader( 2159):   Touch device 'qwerty2' could not query the properties of its associated display.  The device will be inoperable until the display size becomes available.
05-23 12:59:13.017 I/InputReader( 2159): Device added: id=0, name='qwerty2', sources=0x80001103
05-23 12:59:13.017 I/InputReader( 2159): Device added: id=1, name='Power Button', sources=0x00000101
05-23 12:59:14.024 I/SystemServer( 2159): StartAccessibilityManagerService
05-23 12:59:14.086 I/ActivityManager( 2159): Config changes=1df8 {1.0 ?mcc?mnc [en_US] ldltr sw360dp w360dp h640dp 480dpi nrml long port ?uimode ?night -touch -keyb/v/h -nav/h s.2}
05-23 12:59:14.146 I/ActivityManager( 2159): Config changes=508 {1.0 ?mcc?mnc [en_US] ldltr sw360dp w360dp h568dp 480dpi nrml port ?uimode ?night finger -keyb/v/h -nav/h s.3}
05-23 12:59:14.231 I/SystemServiceManager( 2159): Starting com.android.server.MountService$Lifecycle
05-23 12:59:14.301 I/InputReader( 2159): Reconfiguring input devices.  changes=0x00000004
05-23 12:59:14.302 I/InputReader( 2159): Device reconfigured: id=0, name='qwerty2', size 1080x1920, orientation 0, mode 1, display id 0
05-23 12:59:14.304 W/art     ( 2159): Long monitor contention with owner main (2159) at void com.android.server.am.ActivityManagerService.updateConfiguration(android.content.res.Configuration)(ActivityManagerService.java:18937) waiters=1 in void com.android.server.am.ActivityManagerService$UiHandler.handleMessage(android.os.Message) for 143ms
05-23 12:59:14.371 I/SystemServiceManager( 2159): Starting com.android.server.UiModeManagerService
05-23 12:59:14.377 I/ActivityManager( 2159): Config changes=200 {1.0 ?mcc?mnc [en_US] ldltr sw360dp w360dp h568dp 480dpi nrml port finger -keyb/v/h -nav/h s.4}
05-23 12:59:14.421 D/MountService( 2159): Thinking about init, mSystemReady=false, mDaemonConnected=true
05-23 12:59:14.421 D/MountService( 2159): Thinking about reset, mSystemReady=false, mDaemonConnected=true
05-23 12:59:14.425 D/MountService( 2159): Thinking about init, mSystemReady=false, mDaemonConnected=true
05-23 12:59:14.425 D/MountService( 2159): Thinking about reset, mSystemReady=false, mDaemonConnected=true
05-23 12:59:14.439 D/CryptdConnector( 2159): SND -> {1 cryptfs getfield SystemLocale}
05-23 12:59:14.464 W/PackageManager( 2159): No disk maintenance in 5129420463; running immediately
05-23 12:59:14.464 I/SystemServer( 2159): StartLockSettingsService
05-23 12:59:14.471 I/SystemServiceManager( 2159): Starting com.android.server.LockSettingsService$Lifecycle
05-23 12:59:14.522 D/CryptdConnector( 2159): RCV <- {200 1 -1}
05-23 12:59:14.595 I/SystemServiceManager( 2159): Starting com.android.server.DeviceIdleController
05-23 12:59:14.611 W/MountService( 2159): No primary storage mounted!
05-23 12:59:14.612 D/VoldConnector( 2159): SND -> {1 asec list}
05-23 12:59:14.630 D/VoldConnector( 2159): RCV <- {200 1 asec operation succeeded}
05-23 12:59:14.640 I/PackageManager( 2159): No secure containers found
05-23 12:59:14.641 W/PackageManager( 2159): Unknown permission com.google.android.googleapps.permission.GOOGLE_AUTH in package com.android.providers.calendar
05-23 12:59:14.641 W/PackageManager( 2159): Unknown permission com.google.android.googleapps.permission.GOOGLE_AUTH.cl in package com.android.providers.calendar
05-23 12:59:14.642 W/PackageManager( 2159): Not granting permission android.permission.GLOBAL_SEARCH to package com.android.quicksearchbox (protectionLevel=18 flags=0x3808be45)
05-23 12:59:14.642 W/PackageManager( 2159): Not granting permission android.permission.WRITE_EXTERNAL_STORAGE to package gov.nasa.arc.astrobee.android.gs.manager because it was previously installed without
05-23 12:59:14.642 W/PackageManager( 2159): Not granting permission android.permission.READ_EXTERNAL_STORAGE to package gov.nasa.arc.astrobee.android.gs.manager because it was previously installed without
05-23 12:59:14.643 W/PackageManager( 2159): Unknown permission com.android.launcher.permission.READ_SETTINGS in package com.android.launcher3
05-23 12:59:14.643 W/PackageManager( 2159): Unknown permission com.android.launcher.permission.WRITE_SETTINGS in package com.android.launcher3
05-23 12:59:14.643 W/PackageManager( 2159): Not granting permission android.permission.BIND_APPWIDGET to package com.android.launcher3 (protectionLevel=18 flags=0x3c4bbe45)
05-23 12:59:14.643 W/PackageManager( 2159): Unknown permission com.google.android.googleapps.permission.GOOGLE_AUTH.mail in package com.android.calendar
05-23 12:59:14.643 W/PackageManager( 2159): Unknown permission com.google.android.providers.settings.permission.WRITE_GSETTINGS in package com.android.sdksetup
05-23 12:59:14.644 W/PackageManager( 2159): Unknown permission com.google.android.permission.INSTALL_WEARABLE_PACKAGES in package com.android.packageinstaller
05-23 12:59:14.644 W/PackageManager( 2159): Not granting permission android.permission.DELETE_PACKAGES to package com.svox.pico (protectionLevel=18 flags=0x3808be45)
05-23 12:59:14.645 W/PackageManager( 2159): Not granting permission android.permission.READ_CONTACTS to package com.example.android.apis because it was previously installed without
05-23 12:59:14.645 W/PackageManager( 2159): Not granting permission android.permission.WRITE_CONTACTS to package com.example.android.apis because it was previously installed without
05-23 12:59:14.645 W/PackageManager( 2159): Not granting permission android.permission.ACCESS_COARSE_LOCATION to package com.example.android.apis because it was previously installed without
05-23 12:59:14.645 W/PackageManager( 2159): Not granting permission android.permission.WRITE_EXTERNAL_STORAGE to package com.example.android.apis because it was previously installed without
05-23 12:59:14.645 W/PackageManager( 2159): Not granting permission android.permission.SEND_SMS to package com.example.android.apis because it was previously installed without
05-23 12:59:14.645 W/PackageManager( 2159): Not granting permission android.permission.RECEIVE_SMS to package com.example.android.apis because it was previously installed without
05-23 12:59:14.645 W/PackageManager( 2159): Not granting permission android.permission.RECEIVE_MMS to package com.example.android.apis because it was previously installed without
05-23 12:59:14.645 W/PackageManager( 2159): Not granting permission android.permission.READ_SMS to package com.example.android.apis because it was previously installed without
05-23 12:59:14.645 W/PackageManager( 2159): Not granting permission android.permission.READ_PHONE_STATE to package com.example.android.apis because it was previously installed without
05-23 12:59:14.645 W/PackageManager( 2159): Not granting permission android.permission.RECORD_AUDIO to package com.example.android.apis because it was previously installed without
05-23 12:59:14.645 W/PackageManager( 2159): Not granting permission android.permission.CAMERA to package com.example.android.apis because it was previously installed without
05-23 12:59:14.645 W/PackageManager( 2159): Not granting permission android.permission.READ_EXTERNAL_STORAGE to package com.example.android.apis because it was previously installed without
05-23 12:59:14.646 W/PackageManager( 2159): Unknown permission android.permission.RUN_INSTRUMENTATION in package org.chromium.webview_shell
05-23 12:59:14.646 W/PackageManager( 2159): Unknown permission com.google.android.googleapps.permission.GOOGLE_AUTH in package com.android.settings
05-23 12:59:14.646 W/PackageManager( 2159): Unknown permission com.android.launcher.permission.READ_SETTINGS in package com.android.settings
05-23 12:59:14.646 W/PackageManager( 2159): Unknown permission com.android.launcher.permission.WRITE_SETTINGS in package com.android.settings
05-23 12:59:14.647 W/PackageManager( 2159): Unknown permission com.android.smspush.WAPPUSH_MANAGER_BIND in package com.android.phone
05-23 12:59:14.648 W/PackageManager( 2159): Unknown permission com.google.android.googleapps.permission.ACCESS_GOOGLE_PASSWORD in package com.android.development
05-23 12:59:14.648 W/PackageManager( 2159): Unknown permission com.google.android.googleapps.permission.GOOGLE_AUTH in package com.android.development
05-23 12:59:14.648 W/PackageManager( 2159): Unknown permission com.google.android.googleapps.permission.GOOGLE_AUTH.ALL_SERVICES in package com.android.development
05-23 12:59:14.649 W/PackageManager( 2159): Unknown permission com.google.android.googleapps.permission.GOOGLE_AUTH.YouTubeUser in package com.android.development
05-23 12:59:14.649 W/PackageManager( 2159): Not granting permission android.permission.BIND_APPWIDGET to package com.android.widgetpreview (protectionLevel=18 flags=0x3808be44)
05-23 12:59:14.659 I/SystemServiceManager( 2159): Starting com.android.server.devicepolicy.DevicePolicyManagerService$Lifecycle
05-23 12:59:15.027 I/SystemServer( 2159): StartStatusBarManagerService
05-23 12:59:15.044 I/SystemServer( 2159): StartClipboardService
05-23 12:59:15.074 I/SystemServer( 2159): StartNetworkManagementService
05-23 12:59:15.112 W/MountService( 2159): No primary storage defined yet; hacking together a stub
05-23 12:59:15.115 W/MountService( 2159): No primary storage defined yet; hacking together a stub
05-23 12:59:15.119 W/MountService( 2159): No primary storage mounted!
05-23 12:59:15.119 D/VoldConnector( 2159): SND -> {2 asec list}
05-23 12:59:15.133 I/NetworkManagement( 2159): onDaemonConnected()
05-23 12:59:15.160 I/SystemServiceManager( 2159): Starting com.android.server.TextServicesManagerService$Lifecycle
05-23 12:59:15.213 D/VoldConnector( 2159): RCV <- {200 2 asec operation succeeded}
05-23 12:59:15.236 I/MountService( 2159): Running fstrim idle maintenance
05-23 12:59:15.238 D/VoldConnector( 2159): SND -> {3 fstrim dotrim}
05-23 12:59:15.240 I/SystemServer( 2159): StartNetworkScoreService
05-23 12:59:15.256 D/VoldConnector( 2159): RCV <- {200 3 Command succeeded}
05-23 12:59:15.264 D/vold    ( 1273): Starting trim of /cache
05-23 12:59:15.265 W/vold    ( 1273): Trim failed on /cache: Operation not supported on transport endpoint
05-23 12:59:15.266 D/VoldConnector( 2159): RCV <- {662 /cache -1 -1}
05-23 12:59:15.269 D/vold    ( 1273): Starting trim of /data
05-23 12:59:15.269 W/vold    ( 1273): Trim failed on /data: Operation not supported on transport endpoint
05-23 12:59:15.280 D/VoldConnector( 2159): RCV <- {662 /data -1 -1}
05-23 12:59:15.326 I/SystemServer( 2159): StartNetworkStatsService
05-23 12:59:15.362 E/VoldConnector( 2159): Error handling '662 /cache -1 -1': java.lang.NullPointerException: Attempt to invoke virtual method 'void android.os.DropBoxManager.addText(java.lang.String, java.lang.String)' on a null object reference
05-23 12:59:15.391 E/VoldConnector( 2159): Error handling '662 /data -1 -1': java.lang.NullPointerException: Attempt to invoke virtual method 'void android.os.DropBoxManager.addText(java.lang.String, java.lang.String)' on a null object reference
05-23 12:59:15.452 I/SystemServer( 2159): StartNetworkPolicyManagerService
05-23 12:59:15.524 I/SystemServer( 2159): No Wi-Fi NAN Service (NAN support Not Present)
05-23 12:59:15.534 W/UsageStatsService( 2159): User[0] Some stats have no latest available
05-23 12:59:15.587 I/UsageStatsService( 2159): User[0] Rollover scheduled @ 2021-05-24 12:59:14(1621861154102)
05-23 12:59:15.893 W/art     ( 2159): Verification of void com.android.server.wifi.p2p.WifiP2pService.<init>(android.content.Context) took 207.642ms
05-23 12:59:15.896 I/SystemServiceManager( 2159): Starting com.android.server.wifi.p2p.WifiP2pService
05-23 12:59:15.991 W/art     ( 2159): Suspending all threads took: 62.834ms
05-23 12:59:16.031 I/art     ( 2159): Background sticky concurrent mark sweep GC freed 34060(2MB) AllocSpace objects, 19(380KB) LOS objects, 26% free, 8MB/10MB, paused 76.079ms total 428.402ms
05-23 12:59:16.042 W/art     ( 2159): Verification of com.android.internal.util.AsyncChannel com.android.server.wifi.p2p.WifiP2pServiceImpl.-get14(com.android.server.wifi.p2p.WifiP2pServiceImpl) took 129.006ms
05-23 12:59:16.392 I/WifiP2pService( 2159): Registering wifip2p
05-23 12:59:16.398 I/SystemServiceManager( 2159): Starting com.android.server.wifi.WifiService
05-23 12:59:16.759 W/art     ( 2159): Verification of void com.android.server.wifi.WifiStateMachine.<init>(android.content.Context, com.android.server.wifi.FrameworkFacade, android.os.Looper, android.os.UserManager, com.android.server.wifi.WifiInjector, com.android.server.wifi.BackupManagerProxy, com.android.server.wifi.WifiCountryCode) took 109.999ms
05-23 12:59:17.257 D/HS20    ( 2159): Passpoint is disabled
05-23 12:59:17.441 D/CommandListener( 1334): Clearing all IP addresses on wlan0
05-23 12:59:17.683 D/WifiApConfigStore( 2159): 2G band allowed channels are:1,6,11
05-23 12:59:17.692 E/WifiLogger( 2159): no ring buffers found
05-23 12:59:17.692 E/WifiLogger( 2159): Failed to start packet fate monitoring
05-23 12:59:17.744 D/WifiController( 2159): isAirplaneModeOn = true, isWifiEnabled = false, isScanningAvailable = false
05-23 12:59:17.762 I/WifiService( 2159): Registering wifi
05-23 12:59:17.786 I/SystemServiceManager( 2159): Starting com.android.server.wifi.scanner.WifiScanningService
05-23 12:59:17.786 I/WifiScanningService( 2159): Creating wifiscanner
05-23 12:59:17.811 I/WifiScanningService( 2159): Publishing wifiscanner
05-23 12:59:17.815 I/SystemServiceManager( 2159): Starting com.android.server.wifi.RttService
05-23 12:59:17.829 I/RttService( 2159): Creating rttmanager
05-23 12:59:17.844 I/RttService( 2159): Starting rttmanager
05-23 12:59:17.847 I/SystemServer( 2159): StartConnectivityService
05-23 12:59:17.922 D/ConnectivityService( 2159): ConnectivityService starting up
05-23 12:59:17.950 D/ConnectivityService( 2159): wifiOnly=false
05-23 12:59:18.150 I/SystemServer( 2159): StartNsdService
05-23 12:59:18.214 I/SystemServer( 2159): StartUpdateLockService
05-23 12:59:18.280 I/SystemServiceManager( 2159): Starting com.android.server.RecoverySystemService
05-23 12:59:18.291 I/SystemServiceManager( 2159): Starting com.android.server.notification.NotificationManagerService
05-23 12:59:18.905 D/ConditionProviders.SCP( 2159): new ScheduleConditionProvider()
05-23 12:59:19.119 D/ZenLog  ( 2159): config: readXml,ZenModeConfig[user=0,allowCalls=true,allowRepeatCallers=false,allowMessages=false,allowCallsFrom=contacts,allowMessagesFrom=contacts,allowReminders=true,allowEvents=true,allowWhenScreenOff=true,allowWhenScreenOn=true,automaticRules={370bd6672ef541ba946db9ac4aef0faf=ZenRule[enabled=false,snoozing=false,name=Weeknight,zenMode=ZEN_MODE_ALARMS,conditionId=condition://android/schedule?days=1.2.3.4.5&start=22.0&end=7.0&exitAtAlarm=false,condition=Condition[id=condition://android/schedule?days=1.2.3.4.5&start=22.0&end=7.0&exitAtAlarm=false,summary=...,line1=...,line2=...,icon=0,state=STATE_FALSE,flags=2],component=ComponentInfo{android/com.android.server.notification.ScheduleConditionProvider},id=370bd6672ef541ba946db9ac4aef0faf,creationTime=1590622727817,enabler=null], a53ffdf89c814123a52adbdd46bc948d=ZenRule[enabled=false,snoozing=false,name=Weekend,zenMode=ZEN_MODE_ALARMS,conditionId=condition://android/schedule?days=6.7&start=23.30&end=10.0&exitAtAlarm=false,condition=Condition[id=condition://android/schedule?days=6.7&start=23.30&end=10.0&exitAtAlarm=false,summary=...,line1=...,line2=...,icon=0,state=STATE_FALSE,flags=2],component=ComponentInfo{android/com.android.server.notification.ScheduleConditionProvider},id=a53ffdf89c814123a52adbdd46bc948d,creationTime=1590622727818,enabler=null], fc8bb1aacabb4877a1d1d167106f6e77=ZenRule[enabled=false,snoozing=false,name=Event,zenMode=ZEN_MODE_ALARMS,conditionId=condition://android/event?userId=-10000&calendar=&reply=1,condition=Condition[id=condition://android/event?userId=-10000&calendar=&reply=1,summary=...,line1=...,line2=...,icon=0,state=STATE_FALSE,flags=2],component=ComponentInfo{android/com.android.server.notification.EventConditionProvider},id=fc8bb1aacabb4877a1d1d167106f6e77,creationTime=1590622727822,enabler=null]},manualRule=null],Diff[automaticRule[370bd6672ef541ba946db9ac4aef0faf]:insert,automaticRule[b8929063902f42108d8b3919e6a7a786]:delete,automaticRule[a53ffdf89c814123a52adbdd46bc948d]:insert,automaticRule[d1357522bc35420e99be5318e774b22f]:delete,automaticRule[0a3253b22ccf41d68c6caa24039a3cbc]:delete,automaticRule[fc8bb1aacabb4877a1d1d167106f6e77]:insert]
05-23 12:59:19.440 D/ZenLog  ( 2159): set_zen_mode: off,init
05-23 12:59:19.494 I/SystemServiceManager( 2159): Starting com.android.server.storage.DeviceStorageMonitorService
05-23 12:59:19.619 I/SystemServer( 2159): StartLocationManagerService
05-23 12:59:19.704 I/SystemServer( 2159): StartCountryDetectorService
05-23 12:59:19.718 I/SystemServer( 2159): StartSearchManagerService
05-23 12:59:19.720 I/SystemServiceManager( 2159): Starting com.android.server.search.SearchManagerService$Lifecycle
05-23 12:59:19.729 I/SystemServiceManager( 2159): Starting com.android.server.DropBoxManagerService
05-23 12:59:19.757 I/SystemServer( 2159): StartWallpaperManagerService
05-23 12:59:19.757 I/SystemServiceManager( 2159): Starting com.android.server.wallpaper.WallpaperManagerService$Lifecycle
05-23 12:59:19.799 E/BitmapFactory( 2159): Unable to decode stream: java.io.FileNotFoundException: /data/system/users/0/wallpaper_orig (No such file or directory)
05-23 12:59:19.811 E/WallpaperManagerService( 2159): Invalid wallpaper data
05-23 12:59:19.811 E/WallpaperManagerService( 2159): Unable to apply new wallpaper
05-23 12:59:19.825 I/SystemServer( 2159): StartAudioService
05-23 12:59:19.826 I/SystemServiceManager( 2159): Starting com.android.server.audio.AudioService$Lifecycle
05-23 12:59:19.970 W/TelecomManager( 2159): Telecom Service not found.
05-23 12:59:19.994 D/PermissionCache( 1325): checking android.permission.MODIFY_AUDIO_SETTINGS for uid=1000 => granted (16365 us)
05-23 12:59:20.028 W/AudioFlinger( 1325): no wake lock to update, system not ready yet
05-23 12:59:20.051 D/PermissionCache( 1325): checking android.permission.MODIFY_AUDIO_SETTINGS for uid=1000 => granted (91732 us)
05-23 12:59:20.321 I/SystemServiceManager( 2159): Starting com.android.server.DockObserver
05-23 12:59:20.324 W/DockObserver( 2159): This kernel does not have dock station support
05-23 12:59:20.333 I/SystemServer( 2159): StartWiredAccessoryManager
05-23 12:59:20.339 W/WiredAccessoryManager( 2159): This kernel does not have usb audio support
05-23 12:59:20.344 W/WiredAccessoryManager( 2159): This kernel does not have HDMI audio support
05-23 12:59:20.345 I/SystemServiceManager( 2159): Starting com.android.server.midi.MidiService$Lifecycle
05-23 12:59:20.451 I/SystemServiceManager( 2159): Starting com.android.server.usb.UsbService$Lifecycle
05-23 12:59:20.573 I/SystemServer( 2159): StartSerialService
05-23 12:59:20.578 E/HardwarePropertiesManagerService-JNI( 2159): Couldn't load thermal module (No such file or directory)
05-23 12:59:20.590 I/SystemServiceManager( 2159): Starting com.android.server.twilight.TwilightService
05-23 12:59:20.592 I/SystemServiceManager( 2159): Starting com.android.server.job.JobSchedulerService
05-23 12:59:20.679 I/SystemServiceManager( 2159): Starting com.android.server.soundtrigger.SoundTriggerService
05-23 12:59:20.741 I/SystemServiceManager( 2159): Starting com.android.server.backup.BackupManagerService$Lifecycle
05-23 12:59:20.754 I/SystemServiceManager( 2159): Starting com.android.server.appwidget.AppWidgetService
05-23 12:59:20.883 I/SystemServiceManager( 2159): Starting com.android.server.voiceinteraction.VoiceInteractionManagerService
05-23 12:59:20.912 I/SystemServer( 2159): Gesture Launcher Service
05-23 12:59:20.912 I/SystemServiceManager( 2159): Starting com.android.server.GestureLauncherService
05-23 12:59:20.914 I/SystemServiceManager( 2159): Starting com.android.server.SensorNotificationService
05-23 12:59:20.914 I/SystemServiceManager( 2159): Starting com.android.server.ContextHubSystemService
05-23 12:59:20.961 E/ContextHubService( 2159): ** Could not load context_hub module : err No such file or directory
05-23 12:59:20.961 W/ContextHubService( 2159): No Context Hub Module present
05-23 12:59:20.962 I/SystemServer( 2159): StartDiskStatsService
05-23 12:59:20.980 I/SystemServer( 2159): StartSamplingProfilerService
05-23 12:59:21.125 I/SystemServer( 2159): StartNetworkTimeUpdateService
05-23 12:59:21.133 I/SystemServer( 2159): StartCommonTimeManagementService
05-23 12:59:21.138 I/SystemServer( 2159): CertBlacklister
05-23 12:59:21.158 I/SystemServiceManager( 2159): Starting com.android.server.emergency.EmergencyAffordanceService
05-23 12:59:21.222 I/SystemServiceManager( 2159): Starting com.android.server.dreams.DreamManagerService
05-23 12:59:21.228 I/SystemServer( 2159): StartAssetAtlasService
05-23 12:59:21.314 D/AssetAtlas( 2159): Loaded configuration: SliceMinArea (1280x896) flags=0x2 count=91
05-23 12:59:21.316 I/SystemServiceManager( 2159): Starting com.android.server.print.PrintManagerService
05-23 12:59:21.327 I/SystemServiceManager( 2159): Starting com.android.server.restrictions.RestrictionsManagerService
05-23 12:59:21.344 I/SystemServiceManager( 2159): Starting com.android.server.media.MediaSessionService
05-23 12:59:21.461 I/SystemServer( 2159): StartMediaRouterService
05-23 12:59:21.483 I/SystemServiceManager( 2159): Starting com.android.server.trust.TrustManagerService
05-23 12:59:21.516 D/gralloc_ranchu( 2159): Emulator without host-side GPU emulation detected. Loading gralloc.default.so from /vendor/lib64/hw/gralloc.goldfish.default.so...
05-23 12:59:21.531 I/SystemServiceManager( 2159): Starting com.android.server.fingerprint.FingerprintService
05-23 12:59:21.567 D/gralloc_ranchu( 2159): gralloc.default.so not found in /vendor. Trying /system/lib64/hw/gralloc.goldfish.default.so...
05-23 12:59:21.573 D/PermissionCache( 1337): checking android.permission.MANAGE_FINGERPRINT for uid=1000 => granted (8100 us)
05-23 12:59:21.576 V/fingerprintd( 1337): nativeOpenHal()
05-23 12:59:21.685 D/FingerprintHal( 1337): ----------------> fingerprint_open ----------------->
05-23 12:59:21.689 E/fingerprintd( 1337): Wrong fp version. Expected 512, got 513
05-23 12:59:21.702 D/FingerprintHal( 1337): ----------------> set_notify_callback ----------------->
05-23 12:59:21.702 D/FingerprintHal( 1337): fingerprint callback notification set
05-23 12:59:21.702 V/fingerprintd( 1337): fingerprint HAL successfully initialized
05-23 12:59:21.710 D/FingerprintHal( 1337): ----------------> listenerFunction ----------------->
05-23 12:59:21.720 V/fingerprintd( 1337): setActiveGroup(0, /data/system/users/0/fpdata, 27)
05-23 12:59:21.720 D/FingerprintHal( 1337): ----------------> fingerprint_set_active_group -----------------> path /data/system/users/0/fpdata
05-23 12:59:21.720 D/FingerprintHal( 1337): ----------------> loadFingerprints ----------------->
05-23 12:59:21.721 E/FingerprintHal( 1337): Could not load fingerprints from storage at /data/system/users/0/fpdata/emufp.bin; it has not yet been created.
05-23 12:59:21.721 D/FingerprintHal( 1337): ----------------> loadAuthenticatorId ----------------->
05-23 12:59:21.730 D/FingerprintHal( 1337): Read authenticator id (0x6b8b4567327b23c6)
05-23 12:59:21.732 D/FingerprintHal( 1337): ----------------> fingerprint_get_auth_id ----------------->
05-23 12:59:21.732 D/FingerprintHal( 1337): ----------------> fingerprint_get_auth_id auth id 6b8b4567327b23c6----------------->
05-23 12:59:21.732 V/FingerprintService( 2159): Fingerprint HAL id: 126025963192320
05-23 12:59:21.734 I/SystemServer( 2159): StartBackgroundDexOptService
05-23 12:59:21.786 I/SystemServiceManager( 2159): Starting com.android.server.pm.ShortcutService$Lifecycle
05-23 12:59:21.871 I/SystemServiceManager( 2159): Starting com.android.server.pm.LauncherAppsService
05-23 12:59:21.876 I/SystemServiceManager( 2159): Starting com.android.server.media.projection.MediaProjectionManagerService
05-23 12:59:21.886 V/MediaRouter( 2159): Adding route: RouteInfo{ name=Phone, description=null, status=null, category=RouteCategory{ name=null types=ROUTE_TYPE_LIVE_AUDIO ROUTE_TYPE_LIVE_VIDEO  groupable=false }, supportedTypes=ROUTE_TYPE_LIVE_AUDIO ROUTE_TYPE_LIVE_VIDEO , presentationDisplay=null }
05-23 12:59:21.923 V/MediaRouter( 2159): Updating audio routes: AudioRoutesInfo{ type=SPEAKER }
05-23 12:59:21.928 V/MediaRouter( 2159): Selecting route: RouteInfo{ name=Phone, description=null, status=null, category=RouteCategory{ name=null types=ROUTE_TYPE_LIVE_AUDIO ROUTE_TYPE_LIVE_VIDEO  groupable=false }, supportedTypes=ROUTE_TYPE_LIVE_AUDIO ROUTE_TYPE_LIVE_VIDEO , presentationDisplay=null }
05-23 12:59:21.967 I/WindowManager( 2159): SAFE MODE not enabled
05-23 12:59:21.968 I/SystemServiceManager( 2159): Starting com.android.server.MmsServiceBroker
05-23 12:59:22.058 W/AssetAtlasService( 2159): Could not find EGL configuration
05-23 12:59:22.076 W/VibratorService( 2159): Tried to stop vibrating but there is no vibrator device.
05-23 12:59:22.141 D/AssetAtlas( 2159): Rendered atlas in 396.40ms (393.53+2.87ms)
05-23 12:59:22.242 I/art     ( 2159): Background partial concurrent mark sweep GC freed 19300(1478KB) AllocSpace objects, 6(120KB) LOS objects, 24% free, 12MB/16MB, paused 4.129ms total 626.040ms
05-23 12:59:22.748 E/LockSettingsStorage( 2159): Cannot read file java.io.FileNotFoundException: /data/system/gatekeeper.password.key: open failed: ENOENT (No such file or directory)
05-23 12:59:22.749 E/LockSettingsStorage( 2159): Cannot read file java.io.FileNotFoundException: /data/system/password.key: open failed: ENOENT (No such file or directory)
05-23 12:59:22.762 E/LockSettingsStorage( 2159): Cannot read file java.io.FileNotFoundException: /data/system/gatekeeper.pattern.key: open failed: ENOENT (No such file or directory)
05-23 12:59:22.764 E/LockSettingsStorage( 2159): Cannot read file java.io.FileNotFoundException: /data/system/gatekeeper.gesture.key: open failed: ENOENT (No such file or directory)
05-23 12:59:22.765 E/LockSettingsStorage( 2159): Cannot read file java.io.FileNotFoundException: /data/system/gesture.key: open failed: ENOENT (No such file or directory)
05-23 12:59:22.765 I/SystemServiceManager( 2159): Starting phase 480
05-23 12:59:22.853 I/DevicePolicyManagerService( 2159): Set ro.device_owner property to false
05-23 12:59:22.914 I/SystemServiceManager( 2159): Starting phase 500
05-23 12:59:22.961 D/ConnectivityMetricsLoggerService( 2159): onBootPhase: PHASE_SYSTEM_SERVICES_READY
05-23 12:59:23.098 I/WifiService( 2159): WifiService starting up with Wi-Fi disabled
05-23 12:59:23.111 I/WifiScanningService( 2159): Starting wifiscanner
05-23 12:59:23.143 I/RttService( 2159): Registering rttmanager
05-23 12:59:23.169 D/ZenLog  ( 2159): config: cleanUpZenRules,ZenModeConfig[user=0,allowCalls=true,allowRepeatCallers=false,allowMessages=false,allowCallsFrom=contacts,allowMessagesFrom=contacts,allowReminders=true,allowEvents=true,allowWhenScreenOff=true,allowWhenScreenOn=true,automaticRules={370bd6672ef541ba946db9ac4aef0faf=ZenRule[enabled=false,snoozing=false,name=Weeknight,zenMode=ZEN_MODE_ALARMS,conditionId=condition://android/schedule?days=1.2.3.4.5&start=22.0&end=7.0&exitAtAlarm=false,condition=Condition[id=condition://android/schedule?days=1.2.3.4.5&start=22.0&end=7.0&exitAtAlarm=false,summary=...,line1=...,line2=...,icon=0,state=STATE_FALSE,flags=2],component=ComponentInfo{android/com.android.server.notification.ScheduleConditionProvider},id=370bd6672ef541ba946db9ac4aef0faf,creationTime=1590622727817,enabler=null], a53ffdf89c814123a52adbdd46bc948d=ZenRule[enabled=false,snoozing=false,name=Weekend,zenMode=ZEN_MODE_ALARMS,conditionId=condition://android/schedule?days=6.7&start=23.30&end=10.0&exitAtAlarm=false,condition=Condition[id=condition://android/schedule?days=6.7&start=23.30&end=10.0&exitAtAlarm=false,summary=...,line1=...,line2=...,icon=0,state=STATE_FALSE,flags=2],component=ComponentInfo{android/com.android.server.notification.ScheduleConditionProvider},id=a53ffdf89c814123a52adbdd46bc948d,creationTime=1590622727818,enabler=null], fc8bb1aacabb4877a1d1d167106f6e77=ZenRule[enabled=false,snoozing=false,name=Event,zenMode=ZEN_MODE_ALARMS,conditionId=condition://android/event?userId=-10000&calendar=&reply=1,condition=Condition[id=condition://android/event?userId=-10000&calendar=&reply=1,summary=...,line1=...,line2=...,icon=0,state=STATE_FALSE,flags=2],component=ComponentInfo{android/com.android.server.notification.EventConditionProvider},id=fc8bb1aacabb4877a1d1d167106f6e77,creationTime=1590622727822,enabler=null]},manualRule=null],Diff[]
05-23 12:59:23.169 D/ZenLog  ( 2159): set_zen_mode: off,onSystemReady
05-23 12:59:23.178 D/PermissionCache( 1325): checking android.permission.CAPTURE_AUDIO_HOTWORD for uid=1000 => granted (734 us)
05-23 12:59:23.191 W/SoundTriggerHelper( 2159): listModules status=0, # of modules=0
05-23 12:59:23.191 D/ContextHubSystemService( 2159): onBootPhase: PHASE_SYSTEM_SERVICES_READY
05-23 12:59:23.833 W/KeyguardServiceDelegate( 2159): onScreenTurningOn(): no keyguard service!
05-23 12:59:23.883 W/art     ( 2159): Long monitor contention with owner android.ui (2199) at int com.android.server.wm.WindowManagerService.relayoutWindow(com.android.server.wm.Session, android.view.IWindow, int, android.view.WindowManager$LayoutParams, int, int, int, int, android.graphics.Rect, android.graphics.Rect, android.graphics.Rect, android.graphics.Rect, android.graphics.Rect, android.graphics.Rect, android.graphics.Rect, android.content.res.Configuration, android.view.Surface)(WindowManagerService.java:2857) waiters=0 in void com.android.server.wm.WindowManagerService$H.handleMessage(android.os.Message) for 263ms
05-23 12:59:23.958 V/UserManagerService( 2159): Found /data/user_de/0 with serial number 0
05-23 12:59:23.959 V/UserManagerService( 2159): Found /data/user/0 with serial number 0
05-23 12:59:23.983 V/UserManagerService( 2159): Found /data/system_de/0 with serial number 0
05-23 12:59:23.984 V/UserManagerService( 2159): Found /data/system_ce/0 with serial number 0
05-23 12:59:24.513 I/ActivityManager( 2159): System now ready
05-23 12:59:24.622 I/SystemServer( 2159): Making services ready
05-23 12:59:24.622 I/SystemServiceManager( 2159): Starting phase 550
05-23 12:59:24.878 W/WindowManager( 2159): Keyguard drawn timeout. Setting mKeyguardDrawComplete
05-23 12:59:25.245 E/InputMethodManagerService( 2159): Ignoring updateSystemUiLocked due to an invalid token. uid:1000 token:null
05-23 12:59:25.686 I/Zygote  ( 2159): Process: zygote socket opened, supported ABIS: x86_64
05-23 12:59:25.801 W/ActivityManager( 2159): Slow operation: 158ms so far, now at startProcess: returned from zygote!
05-23 12:59:25.802 W/ActivityManager( 2159): Slow operation: 159ms so far, now at startProcess: done updating battery stats
05-23 12:59:25.803 W/ActivityManager( 2159): Slow operation: 159ms so far, now at startProcess: building log message
05-23 12:59:25.803 I/ActivityManager( 2159): Start proc 2360:com.android.inputmethod.latin/u0a41 for service com.android.inputmethod.latin/.LatinIME
05-23 12:59:25.803 W/ActivityManager( 2159): Slow operation: 160ms so far, now at startProcess: starting to update pids map
05-23 12:59:25.803 W/ActivityManager( 2159): Slow operation: 160ms so far, now at startProcess: done updating pids map
05-23 12:59:25.804 W/ActivityManager( 2159): Slow operation: 162ms so far, now at startProcess: done starting proc!
05-23 12:59:25.809 W/art     ( 2159): Long monitor contention with owner main (2159) at int com.android.server.am.ActivityManagerService.bindService(android.app.IApplicationThread, android.os.IBinder, android.content.Intent, java.lang.String, android.app.IServiceConnection, int, java.lang.String, int)(ActivityManagerService.java:17301) waiters=0 in void com.android.server.am.ActivityManagerService.dispatchUidsChanged() for 159ms
05-23 12:59:25.821 V/InputMethodManagerService( 2159): Adding window token: android.os.Binder@2c2de32
05-23 12:59:25.841 D/MountService( 2159): Thinking about init, mSystemReady=true, mDaemonConnected=true
05-23 12:59:25.841 D/MountService( 2159): Setting up emulation state, initlocked=false
05-23 12:59:25.842 D/CryptdConnector( 2159): SND -> {2 cryptfs unlock_user_key 0 0 ! !}
05-23 12:59:25.871 E/BitmapFactory( 2159): Unable to decode stream: java.io.FileNotFoundException: /data/system/users/0/wallpaper_orig (No such file or directory)
05-23 12:59:25.872 E/WallpaperManagerService( 2159): Invalid wallpaper data
05-23 12:59:25.872 E/WallpaperManagerService( 2159): Unable to apply new wallpaper
05-23 12:59:25.915 D/vold    ( 1273): e4crypt_unlock_user_key 0 serial=0 token_present=0
05-23 12:59:25.919 D/CryptdConnector( 2159): RCV <- {200 2 Command succeeded}
05-23 12:59:25.938 D/MountService( 2159): Thinking about reset, mSystemReady=true, mDaemonConnected=true
05-23 12:59:25.952 W/art     ( 2360): Unexpected CPU variant for X86 using defaults: x86_64
05-23 12:59:25.954 D/VoldConnector( 2159): SND -> {4 volume reset}
05-23 12:59:25.958 D/vold    ( 1273): Recognized experimental block major ID 253 as virtio-blk (emulator's virtual SD card device)
05-23 12:59:25.959 V/vold    ( 1273): /system/bin/sgdisk
05-23 12:59:25.959 V/vold    ( 1273):     --android-dump
05-23 12:59:25.959 V/vold    ( 1273):     /dev/block/vold/disk:253,48
05-23 12:59:25.965 D/VoldConnector( 2159): RCV <- {651 emulated 7}
05-23 12:59:25.966 D/VoldConnector( 2159): RCV <- {659 emulated}
05-23 12:59:25.967 D/VoldConnector( 2159): RCV <- {650 emulated 2 "" ""}
05-23 12:59:25.968 D/VoldConnector( 2159): RCV <- {651 emulated 0}
05-23 12:59:25.968 D/VoldConnector( 2159): RCV <- {651 public:253,48 7}
05-23 12:59:25.969 D/VoldConnector( 2159): RCV <- {659 public:253,48}
05-23 12:59:25.978 V/MountService( 2159): Found primary storage at VolumeInfo{emulated}:
05-23 12:59:25.978 V/MountService( 2159):     type=EMULATED diskId=null partGuid=null mountFlags=0 mountUserId=-1 
05-23 12:59:25.978 V/MountService( 2159):     state=UNMOUNTED 
05-23 12:59:25.978 V/MountService( 2159):     fsType=null fsUuid=null fsLabel=null 
05-23 12:59:25.978 V/MountService( 2159):     path=null internalPath=null 
05-23 12:59:25.984 D/VoldConnector( 2159): RCV <- {649 disk:253,48}
05-23 12:59:25.985 D/VoldConnector( 2159): RCV <- {640 disk:253,48 5}
05-23 12:59:25.985 D/VoldConnector( 2159): RCV <- {641 disk:253,48 549453824}
05-23 12:59:25.986 D/VoldConnector( 2159): RCV <- {642 disk:253,48 Virtual}
05-23 12:59:25.990 D/VoldConnector( 2159): RCV <- {644 disk:253,48 /sys//devices/pci0000:00/0000:00:06.0/virtio3/block/vdd}
05-23 12:59:26.135 W/art     ( 2371): Unexpected CPU variant for X86 using defaults: x86_64
05-23 12:59:26.166 W/ActivityManager( 2159): Slow operation: 259ms so far, now at startProcess: returned from zygote!
05-23 12:59:26.166 W/ActivityManager( 2159): Slow operation: 260ms so far, now at startProcess: done updating battery stats
05-23 12:59:26.166 W/ActivityManager( 2159): Slow operation: 260ms so far, now at startProcess: building log message
05-23 12:59:26.166 I/ActivityManager( 2159): Start proc 2371:com.android.systemui/u0a21 for service com.android.systemui/.ImageWallpaper
05-23 12:59:26.167 W/ActivityManager( 2159): Slow operation: 261ms so far, now at startProcess: starting to update pids map
05-23 12:59:26.167 W/ActivityManager( 2159): Slow operation: 261ms so far, now at startProcess: done updating pids map
05-23 12:59:26.167 W/ActivityManager( 2159): Slow operation: 263ms so far, now at startProcess: done starting proc!
05-23 12:59:26.172 W/art     ( 2159): Long monitor contention with owner main (2159) at int com.android.server.am.ActivityManagerService.bindService(android.app.IApplicationThread, android.os.IBinder, android.content.Intent, java.lang.String, android.app.IServiceConnection, int, java.lang.String, int)(ActivityManagerService.java:17301) waiters=1 in void com.android.server.am.ActivityManagerService$MainHandler.handleMessage(android.os.Message) for 232ms
05-23 12:59:26.173 I/ActivityManager( 2159): Force stopping com.android.providers.media appid=10010 user=-1: vold reset
05-23 12:59:26.222 E/BluetoothAdapter( 2159): Bluetooth binder is null
05-23 12:59:26.226 D/UsbAlsaManager( 2159): Adding ALSA device AlsaDevice: [card: 0, device: 0, type: 1]
05-23 12:59:26.226 D/UsbAlsaManager( 2159): Adding ALSA device AlsaDevice: [card: 0, device: 0, type: 2]
05-23 12:59:26.228 I/SystemServer( 2159): WebViewFactory preparation
05-23 12:59:26.241 E/BluetoothAdapter( 2159): Bluetooth binder is null
05-23 12:59:26.295 I/AudioFlinger( 1325): systemReady
05-23 12:59:26.601 D/WebViewFactory( 2159): Setting new address space to 114394000
05-23 12:59:26.895 E/WVMExtractor( 2159): Failed to open libwvm.so: dlopen failed: library "libwvm.so" not found
05-23 12:59:27.052 V/vold    ( 1273): DISK mbr
05-23 12:59:27.052 V/vold    ( 1273): 
05-23 12:59:27.054 I/Zygote  ( 2159): Process: zygote socket opened, supported ABIS: x86
05-23 12:59:27.063 W/System  ( 2371): ClassLoader referenced unknown path: /system/priv-app/SystemUI/lib/x86_64
05-23 12:59:27.076 W/vold    ( 1273): disk:253,48 has unknown partition table; trying entire device
05-23 12:59:27.077 V/vold    ( 1273): /system/bin/blkid
05-23 12:59:27.078 V/vold    ( 1273):     -c
05-23 12:59:27.078 V/vold    ( 1273):     /dev/null
05-23 12:59:27.078 V/vold    ( 1273):     -s
05-23 12:59:27.078 V/vold    ( 1273):     TYPE
05-23 12:59:27.078 V/vold    ( 1273):     -s
05-23 12:59:27.078 V/vold    ( 1273):     UUID
05-23 12:59:27.078 V/vold    ( 1273):     -s
05-23 12:59:27.078 V/vold    ( 1273):     LABEL
05-23 12:59:27.078 V/vold    ( 1273):     /dev/block/vold/disk:253,48
05-23 12:59:27.191 W/art     ( 2159): Long monitor contention with owner android.bg (2196) at boolean java.io.UnixFileSystem.delete0(java.io.File)(UnixFileSystem.java:-2) waiters=0 in void com.android.server.pm.ShortcutService.handleOnUidStateChanged(int, int) for 1.012s
05-23 12:59:27.251 I/art     ( 1324): Starting a blocking GC Background
05-23 12:59:27.497 I/MediaPlayerService( 1333): MediaPlayerService::getOMX
05-23 12:59:27.514 I/art     ( 1324): Background concurrent mark sweep GC freed 114(16KB) AllocSpace objects, 0(0B) LOS objects, 39% free, 6MB/10MB, paused 1.787ms total 259.219ms
05-23 12:59:27.570 W/art     ( 1324): Suspending all threads took: 50.144ms
05-23 12:59:27.591 I/OMXClient( 1333): MuxOMX ctor
05-23 12:59:27.635 I/MediaPlayerService( 1333): MediaPlayerService::getOMX
05-23 12:59:27.640 I/OMXClient( 1333): MuxOMX ctor
05-23 12:59:27.646 I/OMXMaster( 1330): makeComponentInstance(OMX.google.mp3.decoder) in mediacodec process
05-23 12:59:27.887 V/vold    ( 1273): /dev/block/vold/disk:253,48: LABEL="SDCARD" UUID="1EFF-1C1B" TYPE="vfat" 
05-23 12:59:27.887 V/vold    ( 1273): 
05-23 12:59:27.926 D/VoldConnector( 2159): RCV <- {650 public:253,48 0 "disk:253,48" ""}
05-23 12:59:27.928 D/VoldConnector( 2159): RCV <- {651 public:253,48 0}
05-23 12:59:27.940 D/VoldConnector( 2159): RCV <- {643 disk:253,48}
05-23 12:59:27.941 D/VoldConnector( 2159): RCV <- {200 4 Command succeeded}
05-23 12:59:27.950 E/VoldConnector( 2159): NDC Command {4 volume reset} took too long (1996ms)
05-23 12:59:27.952 D/VoldConnector( 2159): SND -> {5 volume user_added 0 0}
05-23 12:59:27.956 D/VoldConnector( 2159): RCV <- {200 5 Command succeeded}
05-23 12:59:28.138 W/ActivityManager( 2159): Slow operation: 1412ms so far, now at startProcess: returned from zygote!
05-23 12:59:28.138 W/ActivityManager( 2159): Slow operation: 1412ms so far, now at startProcess: done updating battery stats
05-23 12:59:28.139 W/ActivityManager( 2159): Slow operation: 1413ms so far, now at startProcess: building log message
05-23 12:59:28.139 I/ActivityManager( 2159): Start proc 2403:WebViewLoader-x86/1037 [android.webkit.WebViewFactory$RelroFileCreator] for 
05-23 12:59:28.139 W/ActivityManager( 2159): Slow operation: 1413ms so far, now at startProcess: starting to update pids map
05-23 12:59:28.139 W/ActivityManager( 2159): Slow operation: 1413ms so far, now at startProcess: done updating pids map
05-23 12:59:28.139 W/ActivityManager( 2159): Slow operation: 1414ms so far, now at startProcess: done starting proc!
05-23 12:59:28.140 W/art     ( 2159): Long monitor contention with owner main (2159) at int com.android.server.am.ActivityManagerService.startIsolatedProcess(java.lang.String, java.lang.String[], java.lang.String, java.lang.String, int, java.lang.Runnable)(ActivityManagerService.java:3509) waiters=0 in void com.android.server.am.ActivityManagerService.dispatchUidsChanged() for 948ms
05-23 12:59:28.232 W/art     ( 2403): Unexpected CPU variant for X86 using defaults: x86
05-23 12:59:28.277 W/art     ( 2408): Unexpected CPU variant for X86 using defaults: x86_64
05-23 12:59:28.302 W/ActivityManager( 2159): Slow operation: 150ms so far, now at startProcess: returned from zygote!
05-23 12:59:28.302 W/ActivityManager( 2159): Slow operation: 151ms so far, now at startProcess: done updating battery stats
05-23 12:59:28.302 W/ActivityManager( 2159): Slow operation: 151ms so far, now at startProcess: building log message
05-23 12:59:28.302 I/ActivityManager( 2159): Start proc 2408:WebViewLoader-x86_64/1037 [android.webkit.WebViewFactory$RelroFileCreator] for 
05-23 12:59:28.302 W/ActivityManager( 2159): Slow operation: 151ms so far, now at startProcess: starting to update pids map
05-23 12:59:28.302 W/ActivityManager( 2159): Slow operation: 151ms so far, now at startProcess: done updating pids map
05-23 12:59:28.303 W/ActivityManager( 2159): Slow operation: 163ms so far, now at startProcess: done starting proc!
05-23 12:59:28.309 D/NetworkManagement( 2159): enabling bandwidth control
05-23 12:59:28.326 D/VoldConnector( 2159): SND -> {6 volume mount emulated 3 -1}
05-23 12:59:28.334 D/VoldConnector( 2159): RCV <- {651 emulated 1}
05-23 12:59:28.335 D/VoldConnector( 2159): RCV <- {656 emulated /data/media}
05-23 12:59:28.339 V/vold    ( 1273): Waiting for FUSE to spin up...
05-23 12:59:28.409 V/WebViewFactory( 2408): RelroFileCreator (64bit = true),  32-bit lib: /system/app/webview/webview.apk!/lib/x86/libwebviewchromium.so, 64-bit lib: /system/app/webview/webview.apk!/lib/x86_64/libwebviewchromium.so
05-23 12:59:28.441 D/VoldConnector( 2159): RCV <- {655 emulated /storage/emulated}
05-23 12:59:28.456 V/vold    ( 1273): Waiting for FUSE to spin up...
05-23 12:59:28.506 V/vold    ( 1273): Waiting for FUSE to spin up...
05-23 12:59:28.560 V/vold    ( 1273): Waiting for FUSE to spin up...
05-23 12:59:28.566 I/MediaPlayerService( 1333): MediaPlayerService::getOMX
05-23 12:59:28.620 V/vold    ( 1273): Waiting for FUSE to spin up...
05-23 12:59:28.600 V/SystemUIService( 2371): Starting SystemUI services for user 0.
05-23 12:59:28.644 I/OMXClient( 1333): MuxOMX ctor
05-23 12:59:28.657 I/OMXMaster( 1330): makeComponentInstance(OMX.google.amrnb.decoder) in mediacodec process
05-23 12:59:28.700 V/vold    ( 1273): Waiting for FUSE to spin up...
05-23 12:59:28.773 V/vold    ( 1273): Waiting for FUSE to spin up...
05-23 12:59:28.800 I/MediaPlayerService( 1333): MediaPlayerService::getOMX
05-23 12:59:28.818 W/sdcard  ( 2414): Device explicitly disabled sdcardfs
05-23 12:59:28.830 V/vold    ( 1273): Waiting for FUSE to spin up...
05-23 12:59:28.832 I/OMXClient( 1333): MuxOMX ctor
05-23 12:59:28.833 I/OMXMaster( 1330): makeComponentInstance(OMX.google.amrwb.decoder) in mediacodec process
05-23 12:59:28.856 I/MediaPlayerService( 1333): MediaPlayerService::getOMX
05-23 12:59:28.857 I/OMXClient( 1333): MuxOMX ctor
05-23 12:59:28.858 I/OMXMaster( 1330): makeComponentInstance(OMX.google.aac.decoder) in mediacodec process
05-23 12:59:28.882 V/vold    ( 1273): Waiting for FUSE to spin up...
05-23 12:59:28.935 V/vold    ( 1273): Waiting for FUSE to spin up...
05-23 12:59:28.979 V/WebViewFactory( 2403): RelroFileCreator (64bit = false),  32-bit lib: /system/app/webview/webview.apk!/lib/x86/libwebviewchromium.so, 64-bit lib: /system/app/webview/webview.apk!/lib/x86_64/libwebviewchromium.so
05-23 12:59:28.992 V/vold    ( 1273): Waiting for FUSE to spin up...
05-23 12:59:29.048 D/VoldConnector( 2159): RCV <- {651 emulated 2}
05-23 12:59:29.125 D/VoldConnector( 2159): RCV <- {200 6 Command succeeded}
05-23 12:59:29.127 E/VoldConnector( 2159): NDC Command {6 volume mount emulated 3 -1} took too long (800ms)
05-23 12:59:29.128 D/VoldConnector( 2159): SND -> {7 volume mount public:253,48 2 0}
05-23 12:59:29.130 V/vold    ( 1273): /system/bin/blkid
05-23 12:59:29.130 V/vold    ( 1273):     -c
05-23 12:59:29.130 V/vold    ( 1273):     /dev/null
05-23 12:59:29.130 V/vold    ( 1273):     -s
05-23 12:59:29.130 V/vold    ( 1273):     TYPE
05-23 12:59:29.130 V/vold    ( 1273):     -s
05-23 12:59:29.130 V/vold    ( 1273):     UUID
05-23 12:59:29.131 V/vold    ( 1273):     -s
05-23 12:59:29.131 V/vold    ( 1273):     LABEL
05-23 12:59:29.131 V/vold    ( 1273):     /dev/block/vold/public:253,48
05-23 12:59:29.152 I/MediaPlayerService( 1333): MediaPlayerService::getOMX
05-23 12:59:29.153 I/OMXClient( 1333): MuxOMX ctor
05-23 12:59:29.154 I/OMXMaster( 1330): makeComponentInstance(OMX.google.g711.alaw.decoder) in mediacodec process
05-23 12:59:29.233 D/VoldConnector( 2159): RCV <- {651 public:253,48 1}
05-23 12:59:29.237 V/MediaRouter( 2371): Adding route: RouteInfo{ name=Phone, description=null, status=null, category=RouteCategory{ name=null types=ROUTE_TYPE_LIVE_AUDIO ROUTE_TYPE_LIVE_VIDEO  groupable=false }, supportedTypes=ROUTE_TYPE_LIVE_AUDIO ROUTE_TYPE_LIVE_VIDEO , presentationDisplay=null }
05-23 12:59:29.307 V/MediaRouter( 2371): Updating audio routes: AudioRoutesInfo{ type=SPEAKER }
05-23 12:59:29.365 V/MediaRouter( 2371): Selecting route: RouteInfo{ name=Phone, description=null, status=null, category=RouteCategory{ name=null types=ROUTE_TYPE_LIVE_AUDIO ROUTE_TYPE_LIVE_VIDEO  groupable=false }, supportedTypes=ROUTE_TYPE_LIVE_AUDIO ROUTE_TYPE_LIVE_VIDEO , presentationDisplay=null }
05-23 12:59:30.464 I/LatinIME( 2360): Hardware accelerated drawing: true
05-23 12:59:30.749 I/MediaPlayerService( 1333): MediaPlayerService::getOMX
05-23 12:59:30.788 I/OMXClient( 1333): MuxOMX ctor
05-23 12:59:30.793 I/OMXMaster( 1330): makeComponentInstance(OMX.google.g711.mlaw.decoder) in mediacodec process
05-23 12:59:31.116 E/WVMExtractor( 2371): Failed to open libwvm.so: dlopen failed: library "libwvm.so" not found
05-23 12:59:31.177 V/vold    ( 1273): /dev/block/vold/public:253,48: LABEL="SDCARD" UUID="1EFF-1C1B" TYPE="vfat" 
05-23 12:59:31.177 V/vold    ( 1273): 
05-23 12:59:31.186 I/art     ( 2403): System.exit called, status: 0
05-23 12:59:31.187 I/AndroidRuntime( 2403): VM exiting with result code 0, cleanup skipped.
05-23 12:59:31.205 D/VoldConnector( 2159): RCV <- {652 public:253,48 vfat}
05-23 12:59:31.222 V/vold    ( 1273): /system/bin/fsck_msdos
05-23 12:59:31.222 V/vold    ( 1273):     -p
05-23 12:59:31.222 V/vold    ( 1273):     -f
05-23 12:59:31.222 V/vold    ( 1273):     /dev/block/vold/public:253,48
05-23 12:59:31.324 D/VoldConnector( 2159): RCV <- {653 public:253,48 1EFF-1C1B}
05-23 12:59:31.325 D/VoldConnector( 2159): RCV <- {654 public:253,48 SDCARD}
05-23 12:59:31.845 I/fsck_msdos( 1273): ** /dev/block/vold/public:253,48
05-23 12:59:31.906 I/fsck_msdos( 1273): ** Phase 1 - Read and Compare FATs
05-23 12:59:31.906 I/fsck_msdos( 1273): Attempting to allocate 1046 KB for FAT
05-23 12:59:31.996 I/MediaPlayerService( 1333): MediaPlayerService::getOMX
05-23 12:59:31.997 I/OMXClient( 1333): MuxOMX ctor
