05-23 13:00:04.011 E/ActivityManager( 2159):     4.4% 1322/adbd: 0% user + 4.4% kernel
05-23 13:00:04.011 E/ActivityManager( 2159):     0.7% 1340/->host-9: 0.7% user + 0% kernel
05-23 13:00:04.011 E/ActivityManager( 2159):   3.7% 8/rcu_preempt: 0% user + 3.7% kernel
05-23 13:00:04.011 E/ActivityManager( 2159):   0.4% 17/kworker/u4:1: 0% user + 0.4% kernel
05-23 13:00:04.011 E/ActivityManager( 2159):   2.2% 2371/com.android.systemui: 1.1% user + 1.1% kernel / faults: 16 minor
05-23 13:00:04.011 E/ActivityManager( 2159):     2.2% 2371/ndroid.systemui: 1.1% user + 1.1% kernel
05-23 13:00:04.011 E/ActivityManager( 2159):   0.4% 1367/logcat: 0.4% user + 0% kernel
05-23 13:00:04.011 E/ActivityManager( 2159): 100% TOTAL: 45% user + 54% kernel
05-23 13:00:04.200 D/NuPlayerDriver( 1333): notifyListener_l(0xed90c120), (1, 0, 0), loop setting(0, 0)
05-23 13:00:04.331 D/ConditionProviders.SCP( 2159): onReceive android.intent.action.TIME_SET
05-23 13:00:04.551 W/art     ( 2159): Long monitor contention with owner ConditionProviders.ECP (2336) at boolean java.lang.ref.FinalizerReference.enqueueSentinelReference(java.lang.ref.FinalizerReference$Sentinel)(FinalizerReference.java:98) waiters=0 in void java.lang.ref.FinalizerReference.add(java.lang.Object) for 2.856s
05-23 13:00:04.666 D/NuPlayerDriver( 1333): notifyListener_l(0xef128c00), (1, 0, 0), loop setting(0, 0)
05-23 13:00:04.729 W/art     ( 2159): Suspending all threads took: 100.120ms
05-23 13:00:04.743 W/ActivityManager( 2159): Slow operation: 118ms so far, now at startProcess: building args
05-23 13:00:04.744 W/ActivityManager( 2159): Slow operation: 119ms so far, now at startProcess: asking zygote to start proc
05-23 13:00:04.749 E/ActivityThread( 2159): Failed to find provider info for com.android.calendar
05-23 13:00:05.007 I/art     ( 2159): Background sticky concurrent mark sweep GC freed 2606(240KB) AllocSpace objects, 6(2MB) LOS objects, 22% free, 10MB/13MB, paused 103.604ms total 570.792ms
05-23 13:00:05.420 D/NuPlayerDriver( 1333): notifyListener_l(0xef128de0), (1, 0, 0), loop setting(0, 0)
05-23 13:00:05.481 I/CameraFlashlight( 1326): Opening camera 0
05-23 13:00:05.481 V/EmulatedCamera_Camera( 1326): getCameraInfo
05-23 13:00:05.481 V/EmulatedCamera_BaseCamera( 1326): getCameraInfo
05-23 13:00:05.481 V/EmulatedCamera_Camera( 1326): connectCamera
05-23 13:00:05.482 V/EmulatedCamera_FakeDevice( 1326): connectDevice
05-23 13:00:05.482 V/EmulatedCamera_CallbackNotifier( 1326): setCallbacks: 0xf4f53e80, 0xf4f53ed0, 0xf4f53ff0, 0xf4f54110 (0xf42101e0)
05-23 13:00:05.482 V/EmulatedCamera_CallbackNotifier( 1326): enableMessage: msg_type = 0xc0d
05-23 13:00:05.482 V/EmulatedCamera_CallbackNotifier( 1326):     CAMERA_MSG_ERROR
05-23 13:00:05.482 V/EmulatedCamera_CallbackNotifier( 1326):     CAMERA_MSG_FOCUS
05-23 13:00:05.482 V/EmulatedCamera_CallbackNotifier( 1326):     CAMERA_MSG_ZOOM
05-23 13:00:05.482 V/EmulatedCamera_CallbackNotifier( 1326):     CAMERA_MSG_PREVIEW_METADATA
05-23 13:00:05.482 V/EmulatedCamera_CallbackNotifier( 1326): **** Currently enabled messages:
05-23 13:00:05.482 V/EmulatedCamera_CallbackNotifier( 1326):     CAMERA_MSG_ERROR
05-23 13:00:05.482 V/EmulatedCamera_CallbackNotifier( 1326):     CAMERA_MSG_FOCUS
05-23 13:00:05.482 V/EmulatedCamera_CallbackNotifier( 1326):     CAMERA_MSG_ZOOM
05-23 13:00:05.482 V/EmulatedCamera_CallbackNotifier( 1326):     CAMERA_MSG_PREVIEW_METADATA
05-23 13:00:05.527 V/EmulatedCamera_CallbackNotifier( 1326): disableMessage: msg_type = 0xffff
05-23 13:00:05.527 V/EmulatedCamera_CallbackNotifier( 1326):     CAMERA_MSG_ERROR
05-23 13:00:05.527 V/EmulatedCamera_CallbackNotifier( 1326):     CAMERA_MSG_SHUTTER
05-23 13:00:05.527 V/EmulatedCamera_CallbackNotifier( 1326):     CAMERA_MSG_FOCUS
05-23 13:00:05.527 V/EmulatedCamera_CallbackNotifier( 1326):     CAMERA_MSG_ZOOM
05-23 13:00:05.527 V/EmulatedCamera_CallbackNotifier( 1326):     CAMERA_MSG_PREVIEW_FRAME
05-23 13:00:05.527 V/EmulatedCamera_CallbackNotifier( 1326):     CAMERA_MSG_VIDEO_FRAME
05-23 13:00:05.527 V/EmulatedCamera_CallbackNotifier( 1326):     CAMERA_MSG_POSTVIEW_FRAME
05-23 13:00:05.527 V/EmulatedCamera_CallbackNotifier( 1326):     CAMERA_MSG_RAW_IMAGE
05-23 13:00:05.527 V/EmulatedCamera_CallbackNotifier( 1326):     CAMERA_MSG_COMPRESSED_IMAGE
05-23 13:00:05.527 V/EmulatedCamera_CallbackNotifier( 1326):     CAMERA_MSG_RAW_IMAGE_NOTIFY
05-23 13:00:05.527 V/EmulatedCamera_CallbackNotifier( 1326):     CAMERA_MSG_PREVIEW_METADATA
05-23 13:00:05.527 V/EmulatedCamera_CallbackNotifier( 1326): **** Currently enabled messages:
05-23 13:00:05.528 V/EmulatedCamera_Preview( 1326): setPreviewWindow: current: 0x0 -> new: 0x0
05-23 13:00:05.528 V/EmulatedCamera_Camera( 1326): doStopPreview
05-23 13:00:05.530 V/EmulatedCamera_Camera( 1326): cancelPicture
05-23 13:00:05.530 V/EmulatedCamera_Camera( 1326): releaseCamera
05-23 13:00:05.530 V/EmulatedCamera_Camera( 1326): doStopPreview
05-23 13:00:05.530 V/EmulatedCamera_FakeDevice( 1326): disconnectDevice
05-23 13:00:05.530 W/EmulatedCamera_Device( 1326): Initialize: Emulated camera device is already initialized: mState = 1
05-23 13:00:05.530 D/EmulatedCamera_FakeCamera( 1326): Initialize: Fake camera is facing back
05-23 13:00:05.543 V/EmulatedCamera_Device( 1326): initializeWhiteBalanceModes with auto, 1.000000, 1.000000
05-23 13:00:05.544 V/EmulatedCamera_Device( 1326): initializeWhiteBalanceModes with incandescent, 1.380000, 0.600000
05-23 13:00:05.544 V/EmulatedCamera_Device( 1326): initializeWhiteBalanceModes with daylight, 1.090000, 0.920000
05-23 13:00:05.544 V/EmulatedCamera_Device( 1326): initializeWhiteBalanceModes with twilight, 0.920000, 1.220000
05-23 13:00:05.544 V/EmulatedCamera_Device( 1326): setWhiteBalanceMode with white balance auto
05-23 13:00:05.544 I/CameraFlashlight( 1326): Destroying camera 0
05-23 13:00:05.544 V/EmulatedCamera_Camera( 1326): closeCamera
05-23 13:00:05.544 V/EmulatedCamera_Camera( 1326): doStopPreview
05-23 13:00:05.545 W/EmulatedCamera_Device( 1326): Initialize: Emulated camera device is already initialized: mState = 1
05-23 13:00:05.545 D/EmulatedCamera_FakeCamera( 1326): Initialize: Fake camera is facing back
05-23 13:00:05.545 V/EmulatedCamera_Device( 1326): initializeWhiteBalanceModes with auto, 1.000000, 1.000000
05-23 13:00:05.545 V/EmulatedCamera_Device( 1326): initializeWhiteBalanceModes with incandescent, 1.380000, 0.600000
05-23 13:00:05.545 V/EmulatedCamera_Device( 1326): initializeWhiteBalanceModes with daylight, 1.090000, 0.920000
05-23 13:00:05.545 V/EmulatedCamera_Device( 1326): initializeWhiteBalanceModes with twilight, 0.920000, 1.220000
05-23 13:00:05.545 V/EmulatedCamera_Device( 1326): setWhiteBalanceMode with white balance auto
05-23 13:00:05.580 I/CameraService( 1326): disconnect: Disconnected client for camera 0 for PID 1326
05-23 13:00:05.582 D/NuPlayerDriver( 1333): reset(0xed90c120) at state 4
05-23 13:00:05.582 D/NuPlayerDriver( 1333): notifyListener_l(0xed90c120), (8, 0, 0), loop setting(0, 0)
05-23 13:00:05.598 D/NuPlayerDriver( 1333): notifyResetComplete(0xed90c120)
05-23 13:00:05.657 D/NuPlayerDriver( 1333): reset(0xef128c00) at state 4
05-23 13:00:05.657 D/NuPlayerDriver( 1333): notifyListener_l(0xef128c00), (8, 0, 0), loop setting(0, 0)
05-23 13:00:05.658 D/NuPlayerDriver( 1333): notifyResetComplete(0xef128c00)
05-23 13:00:05.683 D/NuPlayerDriver( 1333): reset(0xef128de0) at state 4
05-23 13:00:05.683 D/NuPlayerDriver( 1333): notifyListener_l(0xef128de0), (8, 0, 0), loop setting(0, 0)
05-23 13:00:05.688 D/NuPlayerDriver( 1333): notifyResetComplete(0xef128de0)
05-23 13:00:05.734 V/EmulatedCamera_Camera( 1326): getCameraInfo
05-23 13:00:05.735 V/EmulatedCamera_BaseCamera( 1326): getCameraInfo
05-23 13:00:05.755 W/ActivityManager( 2159): Slow operation: 1130ms so far, now at startProcess: returned from zygote!
05-23 13:00:05.755 W/ActivityManager( 2159): Slow operation: 1130ms so far, now at startProcess: done updating battery stats
05-23 13:00:05.759 W/ActivityManager( 2159): Slow operation: 1134ms so far, now at startProcess: building log message
05-23 13:00:05.759 I/ActivityManager( 2159): Start proc 2723:com.android.cellbroadcastreceiver/u0a4 for broadcast com.android.cellbroadcastreceiver/.CellBroadcastReceiver
05-23 13:00:05.759 W/ActivityManager( 2159): Slow operation: 1134ms so far, now at startProcess: starting to update pids map
05-23 13:00:05.759 W/ActivityManager( 2159): Slow operation: 1135ms so far, now at startProcess: done updating pids map
05-23 13:00:05.760 W/ActivityManager( 2159): Slow operation: 1137ms so far, now at startProcess: done starting proc!
05-23 13:00:05.761 W/art     ( 2159): Long monitor contention with owner ActivityManager (2198) at void com.android.server.am.BroadcastQueue.processNextBroadcast(boolean)(BroadcastQueue.java:760) waiters=1 in int com.android.server.am.PendingIntentRecord.sendInner(int, android.content.Intent, java.lang.String, android.content.IIntentReceiver, java.lang.String, android.os.IBinder, java.lang.String, int, int, int, android.os.Bundle, android.app.IActivityContainer) for 1.261s
05-23 13:00:05.766 W/art     ( 2159): Long monitor contention with owner ActivityManager (2198) at void com.android.server.am.BroadcastQueue.processNextBroadcast(boolean)(BroadcastQueue.java:760) waiters=0 in android.content.pm.UserInfo com.android.server.am.UserController.getCurrentUser() for 1.434s
05-23 13:00:05.767 W/art     ( 2159): Long monitor contention with owner ActivityManager (2198) at void com.android.server.am.BroadcastQueue.processNextBroadcast(boolean)(BroadcastQueue.java:760) waiters=2 in void com.android.server.am.ActivityManagerService.ensureBootCompleted() for 244ms
05-23 13:00:05.772 V/EmulatedCamera_Camera( 1326): getCameraInfo
05-23 13:00:05.773 V/EmulatedCamera_BaseCamera( 1326): getCameraInfo
05-23 13:00:05.810 D/ConditionProviders.SCP( 2159): notifyCondition condition://android/schedule?days=6.7&start=23.30&end=10.0&exitAtAlarm=false STATE_FALSE reason=!meetsSchedule
05-23 13:00:05.811 D/ConditionProviders.SCP( 2159): notifyCondition condition://android/schedule?days=1.2.3.4.5&start=22.0&end=7.0&exitAtAlarm=false STATE_FALSE reason=!meetsSchedule
05-23 13:00:05.813 D/ConditionProviders.SCP( 2159): Scheduling evaluate for Sun May 23 22:00:00 UTC 2021 (1621807200000), in +8h59m55s669ms, now=Sun May 23 13:00:04 UTC 2021 (1621774804331)
05-23 13:00:05.873 W/art     ( 2723): Unexpected CPU variant for X86 using defaults: x86_64
05-23 13:00:05.905 V/KeyguardServiceDelegate( 2159): *** Keyguard started
05-23 13:00:06.328 W/KeyguardServiceDelegate( 2159): onScreenTurningOn(): no keyguard service!
05-23 13:00:06.782 I/StatusBar( 2371): isKeyguardShowing() called before startKeyguard(), returning true
05-23 13:00:07.071 W/StatusBar( 2371): isKeyguardSecure() called before startKeyguard(), returning false
05-23 13:00:07.071 W/StatusBar( 2371): java.lang.Throwable
05-23 13:00:07.071 W/StatusBar( 2371): 	at com.android.systemui.statusbar.BaseStatusBar.isKeyguardSecure(BaseStatusBar.java:2647)
05-23 13:00:07.071 W/StatusBar( 2371): 	at com.android.systemui.statusbar.BaseStatusBar.isCameraAllowedByAdmin(BaseStatusBar.java:2670)
05-23 13:00:07.071 W/StatusBar( 2371): 	at com.android.systemui.statusbar.phone.KeyguardBottomAreaView.updateCameraVisibility(KeyguardBottomAreaView.java:309)
05-23 13:00:07.071 W/StatusBar( 2371): 	at com.android.systemui.statusbar.phone.KeyguardBottomAreaView.setPhoneStatusBar(KeyguardBottomAreaView.java:272)
05-23 13:00:07.071 W/StatusBar( 2371): 	at com.android.systemui.statusbar.phone.PhoneStatusBar.makeStatusBarView(PhoneStatusBar.java:904)
05-23 13:00:07.071 W/StatusBar( 2371): 	at com.android.systemui.statusbar.phone.PhoneStatusBar.addStatusBarWindow(PhoneStatusBar.java:3432)
05-23 13:00:07.071 W/StatusBar( 2371): 	at com.android.systemui.statusbar.phone.PhoneStatusBar.createAndAddWindows(PhoneStatusBar.java:3428)
05-23 13:00:07.071 W/StatusBar( 2371): 	at com.android.systemui.statusbar.BaseStatusBar.start(BaseStatusBar.java:765)
05-23 13:00:07.071 W/StatusBar( 2371): 	at com.android.systemui.statusbar.phone.PhoneStatusBar.start(PhoneStatusBar.java:686)
05-23 13:00:07.071 W/StatusBar( 2371): 	at com.android.systemui.statusbar.SystemBars.createStatusBarFromConfig(SystemBars.java:106)
05-23 13:00:07.071 W/StatusBar( 2371): 	at com.android.systemui.statusbar.SystemBars.onNoService(SystemBars.java:58)
05-23 13:00:07.071 W/StatusBar( 2371): 	at com.android.systemui.statusbar.ServiceMonitor.startService(ServiceMonitor.java:230)
05-23 13:00:07.071 W/StatusBar( 2371): 	at com.android.systemui.statusbar.ServiceMonitor.-wrap5(ServiceMonitor.java)
05-23 13:00:07.071 W/StatusBar( 2371): 	at com.android.systemui.statusbar.ServiceMonitor$1.handleMessage(ServiceMonitor.java:73)
05-23 13:00:07.071 W/StatusBar( 2371): 	at android.os.Handler.dispatchMessage(Handler.java:102)
05-23 13:00:07.071 W/StatusBar( 2371): 	at android.os.Looper.loop(Looper.java:154)
05-23 13:00:07.071 W/StatusBar( 2371): 	at android.app.ActivityThread.main(ActivityThread.java:6119)
05-23 13:00:07.071 W/StatusBar( 2371): 	at java.lang.reflect.Method.invoke(Native Method)
05-23 13:00:07.071 W/StatusBar( 2371): 	at com.android.internal.os.ZygoteInit$MethodAndArgsCaller.run(ZygoteInit.java:886)
05-23 13:00:07.071 W/StatusBar( 2371): 	at com.android.internal.os.ZygoteInit.main(ZygoteInit.java:776)
05-23 13:00:07.268 I/StatusBar( 2371): isKeyguardShowing() called before startKeyguard(), returning true
05-23 13:00:07.270 W/StatusBar( 2371): isKeyguardSecure() called before startKeyguard(), returning false
05-23 13:00:07.270 W/StatusBar( 2371): java.lang.Throwable
05-23 13:00:07.270 W/StatusBar( 2371): 	at com.android.systemui.statusbar.BaseStatusBar.isKeyguardSecure(BaseStatusBar.java:2647)
05-23 13:00:07.270 W/StatusBar( 2371): 	at com.android.systemui.statusbar.BaseStatusBar.isCameraAllowedByAdmin(BaseStatusBar.java:2670)
05-23 13:00:07.270 W/StatusBar( 2371): 	at com.android.systemui.statusbar.phone.KeyguardBottomAreaView.updateCameraVisibility(KeyguardBottomAreaView.java:309)
05-23 13:00:07.270 W/StatusBar( 2371): 	at com.android.systemui.statusbar.phone.KeyguardBottomAreaView.setUserSetupComplete(KeyguardBottomAreaView.java:281)
05-23 13:00:07.270 W/StatusBar( 2371): 	at com.android.systemui.statusbar.phone.PhoneStatusBar.makeStatusBarView(PhoneStatusBar.java:905)
05-23 13:00:07.270 W/StatusBar( 2371): 	at com.android.systemui.statusbar.phone.PhoneStatusBar.addStatusBarWindow(PhoneStatusBar.java:3432)
05-23 13:00:07.270 W/StatusBar( 2371): 	at com.android.systemui.statusbar.phone.PhoneStatusBar.createAndAddWindows(PhoneStatusBar.java:3428)
05-23 13:00:07.270 W/StatusBar( 2371): 	at com.android.systemui.statusbar.BaseStatusBar.start(BaseStatusBar.java:765)
05-23 13:00:07.270 W/StatusBar( 2371): 	at com.android.systemui.statusbar.phone.PhoneStatusBar.start(PhoneStatusBar.java:686)
05-23 13:00:07.270 W/StatusBar( 2371): 	at com.android.systemui.statusbar.SystemBars.createStatusBarFromConfig(SystemBars.java:106)
05-23 13:00:07.270 W/StatusBar( 2371): 	at com.android.systemui.statusbar.SystemBars.onNoService(SystemBars.java:58)
05-23 13:00:07.270 W/StatusBar( 2371): 	at com.android.systemui.statusbar.ServiceMonitor.startService(ServiceMonitor.java:230)
05-23 13:00:07.270 W/StatusBar( 2371): 	at com.android.systemui.statusbar.ServiceMonitor.-wrap5(ServiceMonitor.java)
05-23 13:00:07.270 W/StatusBar( 2371): 	at com.android.systemui.statusbar.ServiceMonitor$1.handleMessage(ServiceMonitor.java:73)
05-23 13:00:07.270 W/StatusBar( 2371): 	at android.os.Handler.dispatchMessage(Handler.java:102)
05-23 13:00:07.270 W/StatusBar( 2371): 	at android.os.Looper.loop(Looper.java:154)
05-23 13:00:07.270 W/StatusBar( 2371): 	at android.app.ActivityThread.main(ActivityThread.java:6119)
05-23 13:00:07.270 W/StatusBar( 2371): 	at java.lang.reflect.Method.invoke(Native Method)
05-23 13:00:07.270 W/StatusBar( 2371): 	at com.android.internal.os.ZygoteInit$MethodAndArgsCaller.run(ZygoteInit.java:886)
05-23 13:00:07.270 W/StatusBar( 2371): 	at com.android.internal.os.ZygoteInit.main(ZygoteInit.java:776)
05-23 13:00:07.690 E/ActivityThread( 2159): Failed to find provider info for com.android.calendar
05-23 13:00:07.871 I/Choreographer( 2159): Skipped 119 frames!  The application may be doing too much work on its main thread.
05-23 13:00:08.147 W/WindowManager( 2159): Keyguard drawn timeout. Setting mKeyguardDrawComplete
05-23 13:00:08.644 W/art     ( 2159): Long monitor contention with owner ConditionProviders.ECP (2336) at void com.android.server.AlarmManagerService.setImpl(int, long, long, long, android.app.PendingIntent, android.app.IAlarmListener, java.lang.String, int, android.os.WorkSource, android.app.AlarmManager$AlarmClockInfo, int, java.lang.String)(AlarmManagerService.java:1072) waiters=0 in android.app.AlarmManager$AlarmClockInfo com.android.server.AlarmManagerService.getNextAlarmClockImpl(int) for 886ms
05-23 13:00:09.327 W/System  ( 2723): ClassLoader referenced unknown path: /system/priv-app/CellBroadcastReceiver/lib/x86_64
05-23 13:00:09.545 V/EmulatedCamera_Camera( 1326): getCameraInfo
05-23 13:00:09.555 V/EmulatedCamera_BaseCamera( 1326): getCameraInfo
05-23 13:00:09.653 V/EmulatedCamera_Camera( 1326): getCameraInfo
05-23 13:00:09.657 V/EmulatedCamera_BaseCamera( 1326): getCameraInfo
05-23 13:00:09.701 W/art     ( 2159): Long monitor contention with owner ConditionProviders.ECP (2336) at boolean android.os.MessageQueue.enqueueMessage(android.os.Message, long)(MessageQueue.java:541) waiters=0 in android.os.Message android.os.MessageQueue.next() for 923ms
05-23 13:00:09.706 W/art     ( 2159): Long monitor contention with owner ConditionProviders.ECP (2336) at boolean android.os.MessageQueue.enqueueMessage(android.os.Message, long)(MessageQueue.java:541) waiters=1 in void android.os.MessageQueue.removeCallbacksAndMessages(android.os.Handler, java.lang.Object) for 618ms
05-23 13:00:12.474 I/StatusBar( 2371): isKeyguardShowing() called before startKeyguard(), returning true
05-23 13:00:12.497 W/StatusBar( 2371): isKeyguardSecure() called before startKeyguard(), returning false
05-23 13:00:12.497 W/StatusBar( 2371): java.lang.Throwable
05-23 13:00:12.497 W/StatusBar( 2371): 	at com.android.systemui.statusbar.BaseStatusBar.isKeyguardSecure(BaseStatusBar.java:2647)
05-23 13:00:12.497 W/StatusBar( 2371): 	at com.android.systemui.statusbar.BaseStatusBar.isCameraAllowedByAdmin(BaseStatusBar.java:2670)
05-23 13:00:12.497 W/StatusBar( 2371): 	at com.android.systemui.statusbar.phone.KeyguardBottomAreaView.updateCameraVisibility(KeyguardBottomAreaView.java:309)
05-23 13:00:12.497 W/StatusBar( 2371): 	at com.android.systemui.statusbar.phone.KeyguardBottomAreaView.setUserSetupComplete(KeyguardBottomAreaView.java:281)
05-23 13:00:12.497 W/StatusBar( 2371): 	at com.android.systemui.statusbar.phone.PhoneStatusBar$1.onChange(PhoneStatusBar.java:441)
05-23 13:00:12.497 W/StatusBar( 2371): 	at com.android.systemui.statusbar.phone.PhoneStatusBar.resetUserSetupObserver(PhoneStatusBar.java:3676)
05-23 13:00:12.497 W/StatusBar( 2371): 	at com.android.systemui.statusbar.phone.PhoneStatusBar.makeStatusBarView(PhoneStatusBar.java:1008)
05-23 13:00:12.497 W/StatusBar( 2371): 	at com.android.systemui.statusbar.phone.PhoneStatusBar.addStatusBarWindow(PhoneStatusBar.java:3432)
05-23 13:00:12.497 W/StatusBar( 2371): 	at com.android.systemui.statusbar.phone.PhoneStatusBar.createAndAddWindows(PhoneStatusBar.java:3428)
05-23 13:00:12.497 W/StatusBar( 2371): 	at com.android.systemui.statusbar.BaseStatusBar.start(BaseStatusBar.java:765)
05-23 13:00:12.497 W/StatusBar( 2371): 	at com.android.systemui.statusbar.phone.PhoneStatusBar.start(PhoneStatusBar.java:686)
05-23 13:00:12.497 W/StatusBar( 2371): 	at com.android.systemui.statusbar.SystemBars.createStatusBarFromConfig(SystemBars.java:106)
05-23 13:00:12.497 W/StatusBar( 2371): 	at com.android.systemui.statusbar.SystemBars.onNoService(SystemBars.java:58)
05-23 13:00:12.497 W/StatusBar( 2371): 	at com.android.systemui.statusbar.ServiceMonitor.startService(ServiceMonitor.java:230)
05-23 13:00:12.497 W/StatusBar( 2371): 	at com.android.systemui.statusbar.ServiceMonitor.-wrap5(ServiceMonitor.java)
05-23 13:00:12.497 W/StatusBar( 2371): 	at com.android.systemui.statusbar.ServiceMonitor$1.handleMessage(ServiceMonitor.java:73)
05-23 13:00:12.497 W/StatusBar( 2371): 	at android.os.Handler.dispatchMessage(Handler.java:102)
05-23 13:00:12.497 W/StatusBar( 2371): 	at android.os.Looper.loop(Looper.java:154)
05-23 13:00:12.497 W/StatusBar( 2371): 	at android.app.ActivityThread.main(ActivityThread.java:6119)
05-23 13:00:12.497 W/StatusBar( 2371): 	at java.lang.reflect.Method.invoke(Native Method)
05-23 13:00:12.497 W/StatusBar( 2371): 	at com.android.internal.os.ZygoteInit$MethodAndArgsCaller.run(ZygoteInit.java:886)
05-23 13:00:12.497 W/StatusBar( 2371): 	at com.android.internal.os.ZygoteInit.main(ZygoteInit.java:776)
05-23 13:00:12.552 E/SurfaceFlinger( 1319): ro.sf.lcd_density must be defined as a build property
05-23 13:00:12.559 D/OpenGLRenderer( 2371): profile bars disabled
05-23 13:00:12.561 D/OpenGLRenderer( 2371): ambientRatio = 1.50
05-23 13:00:12.790 D/PhoneStatusBar( 2371): disable: < EXPAND* icons alerts system_info BACK* HOME* RECENT* clock SEARCH* quick_settings >
05-23 13:00:13.868 I/art     ( 2723): Waiting for a blocking GC DisableMovingGc
05-23 13:00:13.892 I/art     ( 2723): WaitForGcToComplete blocked for 24.271ms for cause DisableMovingGc
05-23 13:00:13.892 I/art     ( 2723): Starting a blocking GC DisableMovingGc
05-23 13:00:14.452 W/ActivityManager( 2159): Slow operation: 200ms so far, now at startProcess: returned from zygote!
05-23 13:00:14.453 W/ActivityManager( 2159): Slow operation: 201ms so far, now at startProcess: done updating battery stats
05-23 13:00:14.453 W/ActivityManager( 2159): Slow operation: 201ms so far, now at startProcess: building log message
05-23 13:00:14.454 I/ActivityManager( 2159): Start proc 2757:com.android.deskclock/u0a31 for broadcast com.android.deskclock/.AlarmInitReceiver
05-23 13:00:14.454 W/ActivityManager( 2159): Slow operation: 202ms so far, now at startProcess: starting to update pids map
05-23 13:00:14.454 W/ActivityManager( 2159): Slow operation: 202ms so far, now at startProcess: done updating pids map
05-23 13:00:14.454 W/ActivityManager( 2159): Slow operation: 204ms so far, now at startProcess: done starting proc!
05-23 13:00:14.810 D/PhoneStatusBar( 2371): heads up is enabled
05-23 13:00:14.851 W/art     ( 2757): Unexpected CPU variant for X86 using defaults: x86_64
05-23 13:00:15.837 W/BroadcastQueue( 2159): Timeout of broadcast BroadcastRecord{3fbe7d6 u-1 android.intent.action.TIME_TICK} - receiver=android.os.BinderProxy@a0b0cea, started 10022ms ago
05-23 13:00:15.838 W/BroadcastQueue( 2159): Receiver during timeout: BroadcastFilter{83d2678 u0 ReceiverList{b9ffbdb 2371 com.android.systemui/10021/u0 remote:a0b0cea}}
05-23 13:00:15.976 W/art     ( 2159): Long monitor contention with owner Binder:2159_2 (2176) at int com.android.server.wm.WindowManagerService.relayoutWindow(com.android.server.wm.Session, android.view.IWindow, int, android.view.WindowManager$LayoutParams, int, int, int, int, android.graphics.Rect, android.graphics.Rect, android.graphics.Rect, android.graphics.Rect, android.graphics.Rect, android.graphics.Rect, android.graphics.Rect, android.content.res.Configuration, android.view.Surface)(WindowManagerService.java:2857) waiters=0 in void com.android.server.wm.WindowManagerService$H.handleMessage(android.os.Message) for 235ms
05-23 13:00:16.038 I/Process ( 2159): Sending signal. PID: 2371 SIG: 3
05-23 13:00:16.039 I/art     ( 2371): Thread[3,tid=2379,WaitingInMainSignalCatcherLoop,Thread*=0x747dff696400,peer=0x12c005e0,"Signal Catcher"]: reacting to signal 3
05-23 13:00:16.039 I/art     ( 2371): 
05-23 13:00:16.071 W/art     ( 2371): Suspending all threads took: 28.878ms
05-23 13:00:16.276 W/art     ( 2159): Long monitor contention with owner Binder:2159_5 (2596) at int com.android.server.wm.WindowManagerService.relayoutWindow(com.android.server.wm.Session, android.view.IWindow, int, android.view.WindowManager$LayoutParams, int, int, int, int, android.graphics.Rect, android.graphics.Rect, android.graphics.Rect, android.graphics.Rect, android.graphics.Rect, android.graphics.Rect, android.graphics.Rect, android.content.res.Configuration, android.view.Surface)(WindowManagerService.java:2857) waiters=2 in void com.android.server.wm.WindowManagerService.finishDrawingWindow(com.android.server.wm.Session, android.view.IWindow) for 140ms
05-23 13:00:16.838 I/Choreographer( 2371): Skipped 978 frames!  The application may be doing too much work on its main thread.
05-23 13:00:16.974 I/SurfaceFlinger( 1319): Boot is finished (169077 ms)
05-23 13:00:17.141 I/art     ( 2371): Wrote stack traces to '/data/anr/traces.txt'
05-23 13:00:17.312 E/ActivityManager( 2159): ANR in com.android.systemui
05-23 13:00:17.312 E/ActivityManager( 2159): PID: 2371
05-23 13:00:17.312 E/ActivityManager( 2159): Reason: Broadcast of Intent { act=android.intent.action.TIME_TICK flg=0x50000014 (has extras) }
05-23 13:00:17.312 E/ActivityManager( 2159): Load: 0.0 / 0.0 / 0.0
05-23 13:00:17.312 E/ActivityManager( 2159): CPU usage from 12103ms to 0ms ago (2021-05-23 13:00:03.745 to 2021-05-23 13:00:15.848):
05-23 13:00:17.312 E/ActivityManager( 2159):   96% 1319/surfaceflinger: 19% user + 77% kernel / faults: 4 minor
05-23 13:00:17.312 E/ActivityManager( 2159):   26% 2159/system_server: 5.7% user + 20% kernel / faults: 3924 minor 11 major
05-23 13:00:17.312 E/ActivityManager( 2159):   22% 1778/bootanimation: 1.8% user + 20% kernel
05-23 13:00:17.312 E/ActivityManager( 2159):   13% 2578/com.android.settings: 1.6% user + 11% kernel / faults: 131 minor 1 major
05-23 13:00:17.312 E/ActivityManager( 2159):   8.7% 2371/com.android.systemui: 0% user + 8.7% kernel / faults: 760 minor
05-23 13:00:17.312 E/ActivityManager( 2159):   2.6% 1322/adbd: 0% user + 2.6% kernel / faults: 684 minor
05-23 13:00:17.312 E/ActivityManager( 2159):   1.6% 8/rcu_preempt: 0% user + 1.6% kernel
05-23 13:00:17.312 E/ActivityManager( 2159):   1.1% 1323/zygote64: 0% user + 1.1% kernel / faults: 294 minor
05-23 13:00:17.312 E/ActivityManager( 2159):   1.1% 2560/com.android.phone: 0.4% user + 0.7% kernel / faults: 67 minor 2 major
05-23 13:00:17.312 E/ActivityManager( 2159):   0.9% 1333/mediaserver: 0% user + 0.9% kernel / faults: 60 minor
05-23 13:00:17.312 E/ActivityManager( 2159):   0.9% 1326/cameraserver: 0% user + 0.9% kernel / faults: 26 minor
05-23 13:00:17.312 E/ActivityManager( 2159):   0.8% 1332/media.extractor: 0% user + 0.8% kernel / faults: 27 minor
05-23 13:00:17.312 E/ActivityManager( 2159):   0.5% 1265/logd: 0.1% user + 0.4% kernel / faults: 11 minor
05-23 13:00:17.312 E/ActivityManager( 2159):   0.4% 1318/servicemanager: 0% user + 0.4% kernel
05-23 13:00:17.312 E/ActivityManager( 2159):   0.4% 1325/audioserver: 0.2% user + 0.2% kernel
05-23 13:00:17.312 E/ActivityManager( 2159):   0.4% 1367/logcat: 0.1% user + 0.2% kernel / faults: 3 minor
05-23 13:00:17.312 E/ActivityManager( 2159):   0.1% 3/ksoftirqd/0: 0% user + 0.1% kernel
05-23 13:00:17.312 E/ActivityManager( 2159):   0.1% 17/kworker/u4:1: 0% user + 0.1% kernel
05-23 13:00:17.312 E/ActivityManager( 2159):   0.1% 1253/kworker/0:1H: 0% user + 0.1% kernel
05-23 13:00:17.312 E/ActivityManager( 2159):   0.1% 2360/com.android.inputmethod.latin: 0% user + 0% kernel
05-23 13:00:17.312 E/ActivityManager( 2159):   0% 1317/lmkd: 0% user + 0% kernel
05-23 13:00:17.312 E/ActivityManager( 2159):  +0% 2723/com.android.cellbroadcastreceiver: 0% user + 0% kernel
05-23 13:00:17.312 E/ActivityManager( 2159):  +0% 2757/com.android.deskclock: 0% user + 0% kernel
05-23 13:00:17.312 E/ActivityManager( 2159): 100% TOTAL: 18% user + 80% kernel + 0.8% softirq
05-23 13:00:17.312 E/ActivityManager( 2159): CPU usage from 184972ms to 184972ms ago (1970-01-01 00:00:00.000 to 1970-01-01 00:00:00.000) with 0% awake:
05-23 13:00:17.312 E/ActivityManager( 2159): 0% TOTAL: 0% user + 0% kernel
05-23 13:00:17.315 I/ActivityManager( 2159): Killing 2371:com.android.systemui/u0a21 (adj -800): bg anr
05-23 13:00:17.914 I/SystemServiceManager( 2159): Starting phase 1000
05-23 13:00:18.114 W/ActivityManager( 2159): Slow operation: 141ms so far, now at startProcess: returned from zygote!
05-23 13:00:18.114 W/ActivityManager( 2159): Slow operation: 141ms so far, now at startProcess: done updating battery stats
05-23 13:00:18.114 W/ActivityManager( 2159): Slow operation: 142ms so far, now at startProcess: building log message
05-23 13:00:18.115 I/ActivityManager( 2159): Start proc 2785:android.ext.services/u0a12 for on-hold
05-23 13:00:18.115 W/ActivityManager( 2159): Slow operation: 142ms so far, now at startProcess: starting to update pids map
05-23 13:00:18.115 W/ActivityManager( 2159): Slow operation: 142ms so far, now at startProcess: done updating pids map
05-23 13:00:18.182 D/ActivityManager( 2159): Finishing user boot 0
05-23 13:00:18.250 D/CryptdConnector( 2159): SND -> {3 cryptfs prepare_user_storage ! 0 0 2}
05-23 13:00:18.264 D/vold    ( 1273): e4crypt_prepare_user_storage for volume null, user 0, serial 0, flags 2
05-23 13:00:18.265 D/vold    ( 1273): Preparing: /data/system_ce/0
05-23 13:00:18.205 W/art     ( 2785): Unexpected CPU variant for X86 using defaults: x86_64
05-23 13:00:18.291 D/vold    ( 1273): Preparing: /data/misc_ce/0
05-23 13:00:18.291 D/vold    ( 1273): Preparing: /data/media/0
05-23 13:00:18.291 D/vold    ( 1273): Preparing: /data/data
05-23 13:00:18.293 D/CryptdConnector( 2159): RCV <- {200 3 Command succeeded}
05-23 13:00:18.308 V/UserManagerService( 2159): Found /data/user/0 with serial number 0
05-23 13:00:18.308 V/UserManagerService( 2159): Found /data/system_ce/0 with serial number 0
05-23 13:00:18.310 V/PackageManager( 2159): reconcileAppsData for null u0 0x2
05-23 13:00:18.802 W/System  ( 2757): ClassLoader referenced unknown path: /system/app/DeskClock/lib/x86_64
05-23 13:00:19.111 I/WindowManager( 2159): WIN DEATH: Window{ebee7bd u0 AssistPreviewPanel}
05-23 13:00:19.152 W/AudioService( 2159): Current remote volume controller died, unregistering
05-23 13:00:19.155 W/VolumeController( 2159): Error calling dismiss
05-23 13:00:19.155 W/VolumeController( 2159): android.os.DeadObjectException
05-23 13:00:19.155 W/VolumeController( 2159): 	at android.os.BinderProxy.transactNative(Native Method)
05-23 13:00:19.155 W/VolumeController( 2159): 	at android.os.BinderProxy.transact(Binder.java:615)
05-23 13:00:19.155 W/VolumeController( 2159): 	at android.media.IVolumeController$Stub$Proxy.dismiss(IVolumeController.java:162)
05-23 13:00:19.155 W/VolumeController( 2159): 	at com.android.server.audio.AudioService$VolumeController.postDismiss(AudioService.java:6138)
05-23 13:00:19.155 W/VolumeController( 2159): 	at com.android.server.audio.AudioService.setVolumeController(AudioService.java:5986)
05-23 13:00:19.155 W/VolumeController( 2159): 	at com.android.server.audio.AudioService$4.binderDied(AudioService.java:5995)
05-23 13:00:19.155 W/VolumeController( 2159): 	at android.os.BinderProxy.sendDeathNotice(Binder.java:688)
05-23 13:00:19.199 D/ConnectivityService( 2159): ConnectivityService NetworkRequestInfo binderDied(NetworkRequest [ LISTEN id=5, [] ], android.os.BinderProxy@abbf286)
05-23 13:00:19.227 E/ConnectivityService( 2159): RemoteException caught trying to send a callback msg for NetworkRequest [ LISTEN id=5, [] ]
05-23 13:00:19.229 W/WallpaperManagerService( 2159): Wallpaper service gone: ComponentInfo{com.android.systemui/com.android.systemui.ImageWallpaper}
05-23 13:00:19.341 I/WindowManager( 2159): WIN DEATH: Window{72ad503 u0 NavigationBar}
05-23 13:00:19.363 W/WindowManager( 2159): Failed to report 'resized' to the client of Window{a518ff1 u0 com.android.systemui.ImageWallpaper}, removing this window.
05-23 13:00:19.417 W/WindowManager( 2159): Failed looking up window
05-23 13:00:19.417 W/WindowManager( 2159): java.lang.IllegalArgumentException: Requested window android.os.BinderProxy@f0ab98 does not exist
05-23 13:00:19.417 W/WindowManager( 2159): 	at com.android.server.wm.WindowManagerService.windowForClientLocked(WindowManagerService.java:9422)
05-23 13:00:19.417 W/WindowManager( 2159): 	at com.android.server.wm.WindowManagerService.windowForClientLocked(WindowManagerService.java:9413)
05-23 13:00:19.417 W/WindowManager( 2159): 	at com.android.server.wm.WindowState$DeathRecipient.binderDied(WindowState.java:1807)
05-23 13:00:19.417 W/WindowManager( 2159): 	at android.os.BinderProxy.sendDeathNotice(Binder.java:688)
05-23 13:00:19.418 I/WindowManager( 2159): WIN DEATH: null
05-23 13:00:19.418 W/art     ( 2159): Long monitor contention with owner Binder:2159_7 (2682) at void com.android.server.wm.WindowState$DeathRecipient.binderDied()(WindowState.java:1806) waiters=2 in void com.android.server.wm.Session.binderDied() for 302ms
05-23 13:00:19.419 I/WindowManager( 2159): WIN DEATH: Window{b7d5f4f u0 DockedStackDivider}
05-23 13:00:19.428 W/art     ( 2159): Long monitor contention with owner Binder:2159_7 (2682) at void com.android.server.wm.WindowState$DeathRecipient.binderDied()(WindowState.java:1806) waiters=4 in void com.android.server.wm.WindowState$DeathRecipient.binderDied() for 194ms
05-23 13:00:19.429 I/WindowManager( 2159): WIN DEATH: Window{de71b6f u0 StatusBar}
05-23 13:00:20.970 V/PackageManager( 2159): reconcileAppsData finished 81 packages
05-23 13:00:20.973 W/art     ( 2159): Long monitor contention with owner android.display (2219) at void com.android.server.am.ActivityManagerService.finishBooting()(ActivityManagerService.java:6823) waiters=0 in void com.android.server.am.BroadcastQueue.processNextBroadcast(boolean) for 2.760s
05-23 13:00:20.975 D/MountService( 2159): onUnlockUser 0
05-23 13:00:20.997 W/art     ( 2159): Long monitor contention with owner android.display (2219) at void com.android.server.am.ActivityManagerService.finishBooting()(ActivityManagerService.java:6823) waiters=1 in void com.android.server.am.ActivityManagerService.attachApplication(android.app.IApplicationThread) for 2.509s
05-23 13:00:20.999 D/VoldConnector( 2159): SND -> {8 volume user_started 0}
05-23 13:00:21.009 W/art     ( 2159): Long monitor contention with owner android.display (2219) at void com.android.server.am.ActivityManagerService.finishBooting()(ActivityManagerService.java:6823) waiters=2 in void com.android.server.am.ActivityManagerService$3.handleMessage(android.os.Message) for 2.022s
05-23 13:00:21.022 D/vold    ( 1273): Linking /storage/emulated/0 to /mnt/user/0/primary
05-23 13:00:21.023 D/VoldConnector( 2159): RCV <- {200 8 Command succeeded}
05-23 13:00:21.032 D/MountService( 2159): Volume public:253,48 broadcasting mounted to UserHandle{0}
05-23 13:00:21.068 W/art     ( 2159): Long monitor contention with owner android.display (2219) at void com.android.server.am.ActivityManagerService.finishBooting()(ActivityManagerService.java:6823) waiters=3 in void com.android.server.am.ActivityManagerService$AppDeathRecipient.binderDied() for 1.855s
05-23 13:00:21.070 W/art     ( 2159): Long monitor contention with owner android.display (2219) at void com.android.server.am.ActivityManagerService.finishBooting()(ActivityManagerService.java:6823) waiters=4 in void com.android.server.am.ActivityManagerService.publishContentProviders(android.app.IApplicationThread, java.util.List) for 1.231s
05-23 13:00:21.072 W/art     ( 2159): Long monitor contention with owner android.display (2219) at void com.android.server.am.ActivityManagerService.finishBooting()(ActivityManagerService.java:6823) waiters=5 in int com.android.server.am.ActivityManagerService.broadcastIntent(android.app.IApplicationThread, android.content.Intent, java.lang.String, android.content.IIntentReceiver, int, java.lang.String, android.os.Bundle, java.lang.String[], int, android.os.Bundle, boolean, boolean, int) for 945ms
05-23 13:00:21.120 D/MountService( 2159): Volume emulated broadcasting mounted to UserHandle{0}
05-23 13:00:21.130 I/ActivityManager( 2159): Process com.android.systemui (pid 2371) has died
05-23 13:00:21.131 D/ActivityManager( 2159): cleanUpApplicationRecord -- 2371
05-23 13:00:21.132 W/ActivityManager( 2159): Scheduling restart of crashed service com.android.systemui/.SystemUIService in 0ms
05-23 13:00:21.133 W/ActivityManager( 2159): Scheduling restart of crashed service com.android.systemui/.ImageWallpaper in 0ms
05-23 13:00:21.143 W/libprocessgroup( 2159): failed to open /acct/uid_10021/pid_2371/cgroup.procs: No such file or directory
05-23 13:00:21.144 W/ActivityManager( 2159): Scheduling restart of crashed service com.android.systemui/.keyguard.KeyguardService in 0ms
05-23 13:00:21.191 W/ActivityManager( 2159): Re-adding persistent process ProcessRecord{bb89199 2371:com.android.systemui/u0a21}
05-23 13:00:21.374 W/System  ( 2785): ClassLoader referenced unknown path: /system/priv-app/ExtServices/lib/x86_64
05-23 13:00:21.514 W/art     ( 2806): Unexpected CPU variant for X86 using defaults: x86_64
05-23 13:00:21.619 W/ActivityManager( 2159): Slow operation: 427ms so far, now at startProcess: returned from zygote!
05-23 13:00:21.619 W/ActivityManager( 2159): Slow operation: 427ms so far, now at startProcess: done updating battery stats
05-23 13:00:21.620 W/ActivityManager( 2159): Slow operation: 428ms so far, now at startProcess: building log message
05-23 13:00:21.620 I/ActivityManager( 2159): Start proc 2806:com.android.systemui/u0a21 for restart com.android.systemui
05-23 13:00:21.620 W/ActivityManager( 2159): Slow operation: 428ms so far, now at startProcess: starting to update pids map
05-23 13:00:21.620 W/ActivityManager( 2159): Slow operation: 428ms so far, now at startProcess: done updating pids map
05-23 13:00:21.628 W/art     ( 2159): Long monitor contention with owner Binder:2159_6 (2612) at void com.android.server.am.ActivityManagerService.attachApplication(android.app.IApplicationThread)(ActivityManagerService.java:6669) waiters=1 in void com.android.server.am.ActivityManagerService.dispatchProcessesChanged() for 545ms
05-23 13:00:21.642 W/art     ( 2159): Long monitor contention with owner Binder:2159_6 (2612) at void com.android.server.am.ActivityManagerService.attachApplication(android.app.IApplicationThread)(ActivityManagerService.java:6669) waiters=3 in boolean com.android.server.am.ActivityManagerService.isUserRunning(int, int) for 522ms
05-23 13:00:21.656 W/art     ( 2159): Long monitor contention with owner Binder:2159_6 (2612) at void com.android.server.am.ActivityManagerService.attachApplication(android.app.IApplicationThread)(ActivityManagerService.java:6669) waiters=4 in int com.android.server.am.ActivityManagerService.broadcastIntent(android.app.IApplicationThread, android.content.Intent, java.lang.String, android.content.IIntentReceiver, int, java.lang.String, android.os.Bundle, java.lang.String[], int, android.os.Bundle, boolean, boolean, int) for 536ms
05-23 13:00:21.726 I/Choreographer( 2159): Skipped 30 frames!  The application may be doing too much work on its main thread.
05-23 13:00:21.768 W/art     ( 2159): Long monitor contention with owner Binder:2159_6 (2612) at void com.android.server.am.ActivityManagerService.attachApplication(android.app.IApplicationThread)(ActivityManagerService.java:6669) waiters=2 in void com.android.server.am.ActivityManagerService$3.handleMessage(android.os.Message) for 674ms
05-23 13:00:21.843 I/SyncManager( 2159): Got SyncJobService instance.
05-23 13:00:21.944 I/FusedLocation( 2159): engine started (com.android.location.fused)
05-23 13:00:21.958 I/InputAttributes( 2360): InputType.TYPE_NULL is specified
05-23 13:00:21.977 V/BackupManagerService( 2159): No ancestral data
05-23 13:00:22.042 I/BackupManagerService( 2159): Package jp.jaxa.iss.kibo.rpc.sampleapk not installed; dropping from full backup
05-23 13:00:22.132 V/BackupManagerService( 2159): Starting with transport android/com.android.internal.backup.LocalTransport
05-23 13:00:22.133 V/BackupManagerService( 2159): Found transports: 1
05-23 13:00:22.134 W/BackupManagerService( 2159): Proposed transport ComponentInfo{android/com.android.internal.backup.LocalTransportService} not whitelisted; ignoring
05-23 13:00:22.207 I/BackupManagerService( 2159): Backup enabled => false
05-23 13:00:22.342 W/System  ( 2806): ClassLoader referenced unknown path: /system/priv-app/SystemUI/lib/x86_64
05-23 13:00:22.469 W/art     ( 2159): Suspending all threads took: 17.595ms
05-23 13:00:22.661 W/VoiceInteractionManagerService( 2159): no available voice interaction services found for user 0
05-23 13:00:22.661 W/VoiceInteractionManagerService( 2159): no available voice recognition services found for user 0
05-23 13:00:22.664 I/ActivityManager( 2159): Loading recents for user 0 into memory.
05-23 13:00:22.684 I/art     ( 2159): Background partial concurrent mark sweep GC freed 34900(2MB) AllocSpace objects, 16(1652KB) LOS objects, 29% free, 9MB/13MB, paused 21.150ms total 686.669ms
05-23 13:00:22.806 D/ActivityManager( 2159): Sending BOOT_COMPLETE user #0
05-23 13:00:23.012 D/FallbackHome( 2578): User unlocked and real home found; let's go!
05-23 13:00:23.074 V/SystemUIService( 2806): Starting SystemUI services for user 0.
05-23 13:00:23.128 I/ActivityManager( 2159): START u0 {act=android.intent.action.MAIN cat=[android.intent.category.HOME] flg=0x10000100 cmp=com.android.launcher3/.Launcher} from uid 0 on display 0
05-23 13:00:23.412 W/ActivityManager( 2159): Slow operation: 189ms so far, now at startProcess: returned from zygote!
05-23 13:00:23.412 W/ActivityManager( 2159): Slow operation: 189ms so far, now at startProcess: done updating battery stats
05-23 13:00:23.412 W/ActivityManager( 2159): Slow operation: 190ms so far, now at startProcess: building log message
05-23 13:00:23.413 I/ActivityManager( 2159): Start proc 2840:com.android.launcher3/u0a42 for activity com.android.launcher3/.Launcher
05-23 13:00:23.413 W/ActivityManager( 2159): Slow operation: 190ms so far, now at startProcess: starting to update pids map
05-23 13:00:23.413 W/ActivityManager( 2159): Slow operation: 190ms so far, now at startProcess: done updating pids map
05-23 13:00:23.413 W/ActivityManager( 2159): Slow operation: 191ms so far, now at startProcess: done starting proc!
05-23 13:00:23.459 W/art     ( 2840): Unexpected CPU variant for X86 using defaults: x86_64
05-23 13:00:23.781 I/AccountManagerService( 2159): User 0 is unlocked - opening CE database
05-23 13:00:23.797 W/art     ( 2159): Long monitor contention with owner Binder:2159_5 (2596) at void com.android.server.am.ActivityManagerService.activityPaused(android.os.IBinder)(ActivityManagerService.java:6916) waiters=0 in android.app.IActivityManager$ContentProviderHolder com.android.server.am.ActivityManagerService.getContentProviderImpl(android.app.IApplicationThread, java.lang.String, android.os.IBinder, boolean, int) for 716ms
05-23 13:00:23.799 I/Choreographer( 2578): Skipped 45 frames!  The application may be doing too much work on its main thread.
05-23 13:00:23.818 W/art     ( 2159): Long monitor contention with owner Binder:2159_5 (2596) at void com.android.server.am.ActivityManagerService.activityPaused(android.os.IBinder)(ActivityManagerService.java:6916) waiters=1 in int com.android.server.am.ActivityManagerService.broadcastIntent(android.app.IApplicationThread, android.content.Intent, java.lang.String, android.content.IIntentReceiver, int, java.lang.String, android.os.Bundle, java.lang.String[], int, android.os.Bundle, boolean, boolean, int) for 691ms
05-23 13:00:23.820 W/art     ( 2159): Long monitor contention with owner Binder:2159_5 (2596) at void com.android.server.am.ActivityManagerService.activityPaused(android.os.IBinder)(ActivityManagerService.java:6916) waiters=2 in void com.android.server.am.ActivityManagerService$MainHandler.handleMessage(android.os.Message) for 627ms
05-23 13:00:23.822 W/art     ( 2159): Long monitor contention with owner Binder:2159_5 (2596) at void com.android.server.am.ActivityManagerService.activityPaused(android.os.IBinder)(ActivityManagerService.java:6916) waiters=3 in void com.android.server.am.ActivityManagerService.dispatchUidsChanged() for 599ms
05-23 13:00:23.823 D/CarrierSvcBindHelper( 2560): Received android.intent.action.USER_UNLOCKED
05-23 13:00:23.859 E/PhoneInterfaceManager( 2560): [PhoneIntfMgr] getCarrierPackageNamesForIntent: No UICC
05-23 13:00:23.860 D/CarrierSvcBindHelper( 2560): No carrier app for: 0
05-23 13:00:24.241 W/WallpaperManagerService( 2159): Wallpaper reconnect timed out, reverting to built-in wallpaper!
05-23 13:00:24.369 I/LatinIME( 2360): Timeout waiting for dictionary load
05-23 13:00:24.511 W/ifconfig( 2841): type=1400 audit(0.0:10): avc: denied { ioctl } for path="socket:[15143]" dev="sockfs" ino=15143 ioctlcmd=8927 scontext=u:r:shell:s0 tcontext=u:r:shell:s0 tclass=udp_socket permissive=0
05-23 13:00:24.452 W/art     ( 2159): Long monitor contention with owner Binder:2159_5 (2596) at void com.android.server.am.ActivityManagerService.activityPaused(android.os.IBinder)(ActivityManagerService.java:6916) waiters=4 in void com.android.server.am.ActivityManagerService.attachApplication(android.app.IApplicationThread) for 758ms
05-23 13:00:24.453 W/art     ( 2159): Long monitor contention with owner Binder:2159_5 (2596) at void com.android.server.am.ActivityManagerService.activityPaused(android.os.IBinder)(ActivityManagerService.java:6916) waiters=5 in java.lang.String com.android.server.am.ActivityManagerService.checkContentProviderAccess(java.lang.String, int) for 706ms
05-23 13:00:24.493 W/art     ( 2159): Long monitor contention with owner ActivityManager (2198) at void com.android.server.am.ActivityStackSupervisor$ActivityStackSupervisorHandler.handleMessage(android.os.Message)(ActivityStackSupervisor.java:3910) waiters=2 in void com.android.server.am.ActivityManagerService.dispatchUidsChanged() for 634ms
05-23 13:00:24.494 W/art     ( 2159): Long monitor contention with owner ActivityManager (2198) at void com.android.server.am.ActivityStackSupervisor$ActivityStackSupervisorHandler.handleMessage(android.os.Message)(ActivityStackSupervisor.java:3910) waiters=3 in android.content.pm.UserInfo com.android.server.am.UserController.getCurrentUser() for 538ms
05-23 13:00:24.611 W/ifconfig( 2841): type=1400 audit(0.0:11): avc: denied { ioctl } for path="socket:[15143]" dev="sockfs" ino=15143 ioctlcmd=891d scontext=u:r:shell:s0 tcontext=u:r:shell:s0 tclass=udp_socket permissive=0
05-23 13:00:24.631 W/ifconfig( 2841): type=1400 audit(0.0:12): avc: denied { ioctl } for path="socket:[15143]" dev="sockfs" ino=15143 ioctlcmd=8970 scontext=u:r:shell:s0 tcontext=u:r:shell:s0 tclass=udp_socket permissive=0
05-23 13:00:24.937 V/KeyValueBackupJob( 2159): Scheduling k/v pass in 245 minutes
05-23 13:00:25.001 W/art     ( 2159): Long monitor contention with owner main (2159) at void com.android.server.pm.UserManagerService$MainHandler.handleMessage(android.os.Message)(UserManagerService.java:3290) waiters=0 in boolean com.android.server.pm.PackageManagerService.hasSystemFeature(java.lang.String, int) for 210ms
05-23 13:00:25.379 W/art     ( 2159): Long monitor contention with owner android.display (2219) at void com.android.server.wm.WindowAnimator$1.doFrame(long)(WindowAnimator.java:144) waiters=0 in void com.android.server.wm.WindowManagerService.executeAppTransition() for 210ms
05-23 13:00:25.694 E/NetdConnector( 2159): NDC Command {18 firewall disable_chain standby} took too long (2929ms)
05-23 13:00:26.099 W/art     ( 2159): Long monitor contention with owner ActivityManager (2198) at void com.android.server.am.ActivityStackSupervisor$ActivityStackSupervisorHandler.handleMessage(android.os.Message)(ActivityStackSupervisor.java:3910) waiters=4 in android.content.IIntentSender com.android.server.am.ActivityManagerService.getIntentSender(int, java.lang.String, android.os.IBinder, java.lang.String, int, android.content.Intent[], java.lang.String[], int, android.os.Bundle, int) for 1.847s
05-23 13:00:26.414 W/System  ( 2840): ClassLoader referenced unknown path: /system/app/Launcher3/lib/x86_64
05-23 13:00:26.321 W/art     ( 2159): Long monitor contention with owner ActivityManager (2198) at void com.android.server.am.ActivityStackSupervisor$ActivityStackSupervisorHandler.handleMessage(android.os.Message)(ActivityStackSupervisor.java:3910) waiters=5 in boolean com.android.server.am.ActivityManagerService.isUserRunning(int, int) for 1.974s
05-23 13:00:26.774 W/art     ( 2159): Long monitor contention with owner Binder:2159_7 (2682) at void com.android.server.am.ActivityManagerService.attachApplication(android.app.IApplicationThread)(ActivityManagerService.java:6669) waiters=4 in java.lang.String com.android.server.am.ActivityManagerService.checkContentProviderAccess(java.lang.String, int) for 1.855s
05-23 13:00:26.774 W/art     ( 2159): Long monitor contention with owner Binder:2159_7 (2682) at void com.android.server.am.ActivityManagerService.attachApplication(android.app.IApplicationThread)(ActivityManagerService.java:6669) waiters=4 in void com.android.server.am.ActivityManagerService.dispatchUidsChanged() for 1.969s
05-23 13:00:26.786 W/art     ( 2159): Long monitor contention with owner Binder:2159_7 (2682) at void com.android.server.am.ActivityManagerService.attachApplication(android.app.IApplicationThread)(ActivityManagerService.java:6669) waiters=4 in android.content.pm.UserInfo com.android.server.am.UserController.getCurrentUser() for 2.292s
