05-02 08:50:24.455 V/vold    ( 1277):     /dev/block/vold/public:253,48
05-02 08:50:24.504 D/VoldConnector( 1674): RCV <- {653 public:253,48 1EFF-1C1B}
05-02 08:50:24.541 D/VoldConnector( 1674): RCV <- {654 public:253,48 SDCARD}
05-02 08:50:24.692 I/art     ( 2010): System.exit called, status: 0
05-02 08:50:24.693 I/AndroidRuntime( 2010): VM exiting with result code 0, cleanup skipped.
05-02 08:50:24.866 I/MediaPlayerService( 1337): MediaPlayerService::getOMX
05-02 08:50:24.905 E/WVMExtractor( 1969): Failed to open libwvm.so: dlopen failed: library "libwvm.so" not found
05-02 08:50:24.912 I/OMXClient( 1337): MuxOMX ctor
05-02 08:50:24.917 I/OMXMaster( 1334): makeComponentInstance(OMX.google.vorbis.decoder) in mediacodec process
05-02 08:50:25.114 I/art     ( 2005): System.exit called, status: 0
05-02 08:50:25.115 I/AndroidRuntime( 2005): VM exiting with result code 0, cleanup skipped.
05-02 08:50:25.305 I/fsck_msdos( 1277): ** /dev/block/vold/public:253,48
05-02 08:50:25.312 I/fsck_msdos( 1277): ** Phase 1 - Read and Compare FATs
05-02 08:50:25.314 I/fsck_msdos( 1277): Attempting to allocate 1046 KB for FAT
05-02 08:50:25.551 I/fsck_msdos( 1277): Attempting to allocate 1046 KB for FAT
05-02 08:50:26.256 I/fsck_msdos( 1277): ** Phase 2 - Check Cluster Chains
05-02 08:50:26.322 I/fsck_msdos( 1277): ** Phase 3 - Checking Directories
05-02 08:50:26.330 I/MediaPlayerService( 1337): MediaPlayerService::getOMX
05-02 08:50:26.330 I/fsck_msdos( 1277): ** Phase 4 - Checking for Lost Files
05-02 08:50:26.351 I/fsck_msdos( 1277): 2 files, 534464 free (267232 clusters)
05-02 08:50:26.397 I/OMXClient( 1337): MuxOMX ctor
05-02 08:50:26.398 I/OMXMaster( 1334): makeComponentInstance(OMX.google.opus.decoder) in mediacodec process
05-02 08:50:26.546 E/NetdConnector( 1674): NDC Command {3 bandwidth enable} took too long (5962ms)
05-02 08:50:26.551 I/Vold    ( 1277): Filesystem check completed OK
05-02 08:50:26.553 D/VoldConnector( 1674): RCV <- {656 public:253,48 /mnt/media_rw/1EFF-1C1B}
05-02 08:50:26.555 D/VoldConnector( 1674): RCV <- {655 public:253,48 /storage/1EFF-1C1B}
05-02 08:50:26.817 W/InputAttributes( 1963): No editor info for this field. Bug?
05-02 08:50:26.943 V/vold    ( 1277): Waiting for FUSE to spin up...
05-02 08:50:27.000 V/vold    ( 1277): Waiting for FUSE to spin up...
05-02 08:50:27.060 V/vold    ( 1277): Waiting for FUSE to spin up...
05-02 08:50:27.120 V/vold    ( 1277): Waiting for FUSE to spin up...
05-02 08:50:27.186 V/vold    ( 1277): Waiting for FUSE to spin up...
05-02 08:50:27.240 V/vold    ( 1277): Waiting for FUSE to spin up...
05-02 08:50:27.294 V/vold    ( 1277): Waiting for FUSE to spin up...
05-02 08:50:27.350 V/vold    ( 1277): Waiting for FUSE to spin up...
05-02 08:50:27.410 V/vold    ( 1277): Waiting for FUSE to spin up...
05-02 08:50:27.461 I/MediaPlayerService( 1337): MediaPlayerService::getOMX
05-02 08:50:27.462 V/vold    ( 1277): Waiting for FUSE to spin up...
05-02 08:50:27.474 I/OMXClient( 1337): MuxOMX ctor
05-02 08:50:27.475 I/OMXMaster( 1334): makeComponentInstance(OMX.google.raw.decoder) in mediacodec process
05-02 08:50:27.516 I/MediaPlayerService( 1337): MediaPlayerService::getOMX
05-02 08:50:27.517 I/OMXClient( 1337): MuxOMX ctor
05-02 08:50:27.519 I/OMXMaster( 1334): makeComponentInstance(OMX.google.aac.encoder) in mediacodec process
05-02 08:50:27.520 V/vold    ( 1277): Waiting for FUSE to spin up...
05-02 08:50:27.526 I/LatinIME:LogUtils( 1963): Dictionary info: dictionary = userunigram.en_US ; version = 1619945427 ; date = ?
05-02 08:50:27.564 E/ActivityThread( 1963): Failed to find provider info for user_dictionary
05-02 08:50:27.566 I/LatinIME:LogUtils( 1963): Dictionary info: dictionary = UserHistoryDictionary.en_US ; version = 1619945427 ; date = ?
05-02 08:50:27.572 V/vold    ( 1277): Waiting for FUSE to spin up...
05-02 08:50:27.575 W/sdcard  ( 2085): Device explicitly disabled sdcardfs
05-02 08:50:27.630 V/vold    ( 1277): Waiting for FUSE to spin up...
05-02 08:50:27.684 I/vol.Events( 1969): writeEvent collection_started
05-02 08:50:27.690 V/vold    ( 1277): Waiting for FUSE to spin up...
05-02 08:50:27.742 V/vold    ( 1277): Waiting for FUSE to spin up...
05-02 08:50:27.893 D/VoldConnector( 1674): RCV <- {651 public:253,48 2}
05-02 08:50:27.902 I/vol.Events( 1969): writeEvent external_ringer_mode_changed normal
05-02 08:50:27.903 I/vol.Events( 1969): writeEvent internal_ringer_mode_changed normal
05-02 08:50:27.905 D/VoldConnector( 1674): RCV <- {200 6 Command succeeded}
05-02 08:50:27.980 E/VoldConnector( 1674): NDC Command {6 volume mount public:253,48 2 0} took too long (5986ms)
05-02 08:50:28.125 I/MediaPlayerService( 1337): MediaPlayerService::getOMX
05-02 08:50:28.151 I/OMXClient( 1337): MuxOMX ctor
05-02 08:50:28.151 I/OMXMaster( 1334): makeComponentInstance(OMX.google.amrnb.encoder) in mediacodec process
05-02 08:50:28.263 I/MediaPlayerService( 1337): MediaPlayerService::getOMX
05-02 08:50:28.290 I/OMXClient( 1337): MuxOMX ctor
05-02 08:50:28.291 I/OMXMaster( 1334): makeComponentInstance(OMX.google.amrwb.encoder) in mediacodec process
05-02 08:50:28.355 I/MediaPlayerService( 1337): MediaPlayerService::getOMX
05-02 08:50:28.356 I/OMXClient( 1337): MuxOMX ctor
05-02 08:50:28.357 I/OMXMaster( 1334): makeComponentInstance(OMX.google.flac.encoder) in mediacodec process
05-02 08:50:29.258 I/MediaPlayerService( 1337): MediaPlayerService::getOMX
05-02 08:50:29.270 I/OMXClient( 1337): MuxOMX ctor
05-02 08:50:29.271 I/OMXMaster( 1334): makeComponentInstance(OMX.google.gsm.decoder) in mediacodec process
05-02 08:50:29.413 E/NetdConnector( 1674): NDC Command {4 strict enable} took too long (2828ms)
05-02 08:50:29.414 W/NetworkManagement( 1674): setDataSaverMode(): already false
05-02 08:50:30.062 I/MediaPlayerService( 1337): MediaPlayerService::getOMX
05-02 08:50:30.063 I/OMXClient( 1337): MuxOMX ctor
05-02 08:50:30.064 I/OMXMaster( 1334): makeComponentInstance(OMX.google.mpeg4.decoder) in mediacodec process
05-02 08:50:30.573 E/OMXNodeInstance( 1334): getExtensionIndex(536000f:google.mpeg4.decoder, OMX.google.android.index.configureVideoTunnelMode) ERROR: UnsupportedIndex(0x8000101a)
05-02 08:50:30.581 W/OMXNodeInstance( 1334): [536000f:google.mpeg4.decoder] component does not support metadata mode; using fallback
05-02 08:50:30.602 I/MediaPlayerService( 1337): MediaPlayerService::getOMX
05-02 08:50:30.604 I/OMXClient( 1337): MuxOMX ctor
05-02 08:50:30.605 I/OMXMaster( 1334): makeComponentInstance(OMX.google.h263.decoder) in mediacodec process
05-02 08:50:31.529 E/OMXNodeInstance( 1334): getExtensionIndex(5360010:google.h263.decoder, OMX.google.android.index.configureVideoTunnelMode) ERROR: UnsupportedIndex(0x8000101a)
05-02 08:50:31.529 W/OMXNodeInstance( 1334): [5360010:google.h263.decoder] component does not support metadata mode; using fallback
05-02 08:50:31.552 I/MediaPlayerService( 1337): MediaPlayerService::getOMX
05-02 08:50:31.554 I/OMXClient( 1337): MuxOMX ctor
05-02 08:50:31.554 I/OMXMaster( 1334): makeComponentInstance(OMX.google.h264.decoder) in mediacodec process
05-02 08:50:31.713 E/NetdConnector( 1674): NDC Command {7 bandwidth setglobalalert 2097152} took too long (2152ms)
05-02 08:50:31.782 D/NetworkPolicy( 1674): setRestrictBackgroundUL(): false
05-02 08:50:31.786 W/NetworkManagement( 1674): setDataSaverMode(): already false
05-02 08:50:32.187 I/vol.Events( 1969): writeEvent level_changed STREAM_ALARM 6
05-02 08:50:32.244 I/vol.Events( 1969): writeEvent level_changed STREAM_BLUETOOTH_SCO 7
05-02 08:50:32.322 I/vol.Events( 1969): writeEvent level_changed STREAM_MUSIC 11
05-02 08:50:32.442 I/vol.Events( 1969): writeEvent level_changed STREAM_RING 5
05-02 08:50:32.448 I/vol.Events( 1969): writeEvent level_changed STREAM_SYSTEM 5
05-02 08:50:32.552 I/vol.Events( 1969): writeEvent level_changed STREAM_VOICE_CALL 4
05-02 08:50:32.595 W/ACodec  ( 1337): [OMX.google.h264.decoder] stopping checking profiles after 32: 2/8000
05-02 08:50:32.598 E/OMXNodeInstance( 1334): getExtensionIndex(5360011:google.h264.decoder, OMX.google.android.index.configureVideoTunnelMode) ERROR: UnsupportedIndex(0x8000101a)
05-02 08:50:32.599 W/OMXNodeInstance( 1334): [5360011:google.h264.decoder] component does not support metadata mode; using fallback
05-02 08:50:32.615 I/MediaPlayerService( 1337): MediaPlayerService::getOMX
05-02 08:50:32.617 I/OMXClient( 1337): MuxOMX ctor
05-02 08:50:32.617 I/OMXMaster( 1334): makeComponentInstance(OMX.google.hevc.decoder) in mediacodec process
05-02 08:50:32.664 W/art     ( 1674): Long monitor contention with owner NetworkPolicy (1918) at boolean android.os.BinderProxy.transactNative(int, android.os.Parcel, android.os.Parcel, int)(Binder.java:-2) waiters=0 in void com.android.server.NetworkManagementService.setFirewallChainEnabled(int, boolean) for 631ms
05-02 08:50:33.234 D/StorageNotification( 1969): Notifying about private volume: VolumeInfo{private}:
05-02 08:50:33.234 D/StorageNotification( 1969):     type=PRIVATE diskId=null partGuid=null mountFlags=0 mountUserId=-1 
05-02 08:50:33.234 D/StorageNotification( 1969):     state=MOUNTED 
05-02 08:50:33.234 D/StorageNotification( 1969):     fsType=null fsUuid=null fsLabel=null 
05-02 08:50:33.234 D/StorageNotification( 1969):     path=/data internalPath=null 
05-02 08:50:33.302 D/StorageNotification( 1969): Notifying about public volume: VolumeInfo{public:253,48}:
05-02 08:50:33.302 D/StorageNotification( 1969):     type=PUBLIC diskId=disk:253,48 partGuid=null mountFlags=VISIBLE 
05-02 08:50:33.302 D/StorageNotification( 1969):     mountUserId=0 state=MOUNTED 
05-02 08:50:33.302 D/StorageNotification( 1969):     fsType=vfat fsUuid=1EFF-1C1B fsLabel=SDCARD 
05-02 08:50:33.302 D/StorageNotification( 1969):     path=/storage/1EFF-1C1B internalPath=/mnt/media_rw/1EFF-1C1B 
05-02 08:50:33.330 E/OMXNodeInstance( 1334): getExtensionIndex(5360012:google.hevc.decoder, OMX.google.android.index.configureVideoTunnelMode) ERROR: UnsupportedIndex(0x8000101a)
05-02 08:50:33.331 W/OMXNodeInstance( 1334): [5360012:google.hevc.decoder] component does not support metadata mode; using fallback
05-02 08:50:33.372 I/MediaPlayerService( 1337): MediaPlayerService::getOMX
05-02 08:50:33.373 I/OMXClient( 1337): MuxOMX ctor
05-02 08:50:33.374 I/OMXMaster( 1334): makeComponentInstance(OMX.google.vp8.decoder) in mediacodec process
05-02 08:50:33.970 W/art     ( 1674): Suspending all threads took: 5.607ms
05-02 08:50:34.111 I/art     ( 1674): Background sticky concurrent mark sweep GC freed 39913(2MB) AllocSpace objects, 19(444KB) LOS objects, 20% free, 13MB/16MB, paused 10.789ms total 461.652ms
05-02 08:50:34.221 I/Choreographer( 1969): Skipped 85 frames!  The application may be doing too much work on its main thread.
05-02 08:50:34.314 E/OMXNodeInstance( 1334): getExtensionIndex(5360013:google.vp8.decoder, OMX.google.android.index.configureVideoTunnelMode) ERROR: UnsupportedIndex(0x8000101a)
05-02 08:50:34.315 W/OMXNodeInstance( 1334): [5360013:google.vp8.decoder] component does not support metadata mode; using fallback
05-02 08:50:34.358 I/MediaPlayerService( 1337): MediaPlayerService::getOMX
05-02 08:50:34.375 I/OMXClient( 1337): MuxOMX ctor
05-02 08:50:34.378 I/OMXMaster( 1334): makeComponentInstance(OMX.google.vp9.decoder) in mediacodec process
05-02 08:50:34.480 W/art     ( 1674): Long monitor contention with owner Binder:1674_1 (1694) at int com.android.server.wm.WindowManagerService.relayoutWindow(com.android.server.wm.Session, android.view.IWindow, int, android.view.WindowManager$LayoutParams, int, int, int, int, android.graphics.Rect, android.graphics.Rect, android.graphics.Rect, android.graphics.Rect, android.graphics.Rect, android.graphics.Rect, android.graphics.Rect, android.content.res.Configuration, android.view.Surface)(WindowManagerService.java:2857) waiters=0 in void com.android.server.wm.WindowManagerService$H.handleMessage(android.os.Message) for 160ms
05-02 08:50:34.751 W/AudioService( 1674): onLoadSoundEffects(), Error 1 while loading samples
05-02 08:50:35.486 E/NetdConnector( 1674): NDC Command {8 firewall enable_chain standby} took too long (2818ms)
05-02 08:50:35.803 I/SystemServiceManager( 1674): Starting phase 600
05-02 08:50:35.824 I/StatusBarManagerService( 1674): registerStatusBar bar=com.android.internal.statusbar.IStatusBar$Stub$Proxy@e7bf126
05-02 08:50:36.003 W/art     ( 1963): Long monitor contention with owner AsyncTask #1 (2087) at void android.os.MessageQueue.nativeWake(long)(MessageQueue.java:-2) waiters=0 in android.os.Message android.os.MessageQueue.next() for 4.330s
05-02 08:50:36.111 D/SensorNotificationService( 1674): Cannot obtain dynamic meta sensor, not supported.
05-02 08:50:36.181 E/OMXNodeInstance( 1334): getExtensionIndex(5360014:google.vp9.decoder, OMX.google.android.index.configureVideoTunnelMode) ERROR: UnsupportedIndex(0x8000101a)
05-02 08:50:36.183 W/OMXNodeInstance( 1334): [5360014:google.vp9.decoder] component does not support metadata mode; using fallback
05-02 08:50:36.321 I/GnssLocationProvider( 1674): WakeLock acquired by sendMessage(13, 0, null)
05-02 08:50:36.365 I/MediaPlayerService( 1337): MediaPlayerService::getOMX
05-02 08:50:36.372 I/OMXClient( 1337): MuxOMX ctor
05-02 08:50:36.376 I/OMXMaster( 1334): makeComponentInstance(OMX.google.h263.encoder) in mediacodec process
05-02 08:50:36.387 W/LocationManagerService( 1674): no network location provider found
05-02 08:50:36.624 W/GnssLocationProvider( 1674): Could not open GPS configuration file /etc/gps.conf
05-02 08:50:36.625 E/GnssLocationProvider( 1674): no AGPS interface in set_agps_server
05-02 08:50:36.650 E/LocationManagerService( 1674): no geocoder provider found
05-02 08:50:36.671 E/FlpHardwareProvider( 1674): Error hw_get_module 'flp': -2
05-02 08:50:36.672 D/LocationManagerService( 1674): FLP HAL not supported
05-02 08:50:36.752 D/LocationManagerService( 1674): Unable to bind FLP Geofence proxy.
05-02 08:50:36.753 E/ActivityRecognitionHardware( 1674): Error hw_get_module: -2
05-02 08:50:36.753 D/LocationManagerService( 1674): Hardware Activity-Recognition not supported.
05-02 08:50:36.755 E/ActivityRecognitionProxy( 1674): ServiceWatcher could not start.
05-02 08:50:36.755 D/LocationManagerService( 1674): Unable to bind ActivityRecognitionProxy.
05-02 08:50:36.757 I/GnssLocationProvider( 1674): WakeLock acquired by sendMessage(2, 1, null)
05-02 08:50:37.039 I/SoftMPEG4Encoder( 1334): Construct SoftMPEG4Encoder
05-02 08:50:37.074 W/ACodec  ( 1337): do not know color format 0x7f000789 = 2130708361
05-02 08:50:37.076 E/OMXNodeInstance( 1334): getConfig(5360015:google.h263.encoder, ConfigAndroidIntraRefresh(0x6f60000a)) ERROR: Undefined(0x80001001)
05-02 08:50:37.110 W/ActivityManager( 1674): Timeout executing service: ServiceRecord{bd6b13f u0 com.android.server.telecom/.components.TelecomService}
05-02 08:50:37.258 I/Process ( 1674): Sending signal. PID: 1674 SIG: 3
05-02 08:50:37.279 I/art     ( 1674): Thread[2,tid=1679,WaitingInMainSignalCatcherLoop,Thread*=0x7a8ebf230000,peer=0x12c010d0,"Signal Catcher"]: reacting to signal 3
05-02 08:50:37.279 I/art     ( 1674): 
05-02 08:50:37.324 I/MediaPlayerService( 1337): MediaPlayerService::getOMX
05-02 08:50:37.328 I/OMXClient( 1337): MuxOMX ctor
05-02 08:50:37.329 I/OMXMaster( 1334): makeComponentInstance(OMX.google.h264.encoder) in mediacodec process
05-02 08:50:37.331 W/art     ( 1674): Suspending all threads took: 48.340ms
05-02 08:50:37.414 I/CommonTimeManagementService( 1674): No common time service detected on this platform.  Common time services will be unavailable.
05-02 08:50:37.419 I/InputReader( 1674): Reconfiguring input devices.  changes=0x00000020
05-02 08:50:37.440 W/art     ( 1674): Suspending all threads took: 14.127ms
05-02 08:50:37.455 I/MmsServiceBroker( 1674): Delay connecting to MmsService until an API is called
05-02 08:50:37.549 W/VoiceInteractionManagerService( 1674): no available voice interaction services found for user 0
05-02 08:50:37.620 W/VoiceInteractionManagerService( 1674): no available voice recognition services found for user 0
05-02 08:50:37.765 I/InputReader( 1674): Reconfiguring input devices.  changes=0x00000010
05-02 08:50:38.014 W/art     ( 2169): Unexpected CPU variant for X86 using defaults: x86_64
05-02 08:50:38.277 W/ACodec  ( 1337): do not know color format 0x7f000789 = 2130708361
05-02 08:50:38.410 I/MediaPlayerService( 1337): MediaPlayerService::getOMX
05-02 08:50:38.412 I/OMXClient( 1337): MuxOMX ctor
05-02 08:50:38.412 I/OMXMaster( 1334): makeComponentInstance(OMX.google.mpeg4.encoder) in mediacodec process
05-02 08:50:38.974 I/SoftMPEG4Encoder( 1334): Construct SoftMPEG4Encoder
05-02 08:50:38.994 W/ACodec  ( 1337): do not know color format 0x7f000789 = 2130708361
05-02 08:50:38.995 E/OMXNodeInstance( 1334): getConfig(5360017:google.mpeg4.encoder, ConfigAndroidIntraRefresh(0x6f60000a)) ERROR: Undefined(0x80001001)
05-02 08:50:39.103 W/ActivityManager( 1674): Slow operation: 1393ms so far, now at startProcess: returned from zygote!
05-02 08:50:39.103 W/ActivityManager( 1674): Slow operation: 1393ms so far, now at startProcess: done updating battery stats
05-02 08:50:39.104 W/ActivityManager( 1674): Slow operation: 1394ms so far, now at startProcess: building log message
05-02 08:50:39.104 I/ActivityManager( 1674): Start proc 2169:com.android.phone/1001 for added application com.android.phone
05-02 08:50:39.104 W/ActivityManager( 1674): Slow operation: 1394ms so far, now at startProcess: starting to update pids map
05-02 08:50:39.105 W/ActivityManager( 1674): Slow operation: 1394ms so far, now at startProcess: done updating pids map
05-02 08:50:39.109 I/ActivityManager( 1674): START u0 {act=android.intent.action.MAIN cat=[android.intent.category.HOME] flg=0x10000100 cmp=com.android.settings/.FallbackHome} from uid 0 on display 0
05-02 08:50:39.151 I/MediaPlayerService( 1337): MediaPlayerService::getOMX
05-02 08:50:39.176 W/System  ( 1674): ClassLoader referenced unknown path: 
05-02 08:50:39.177 W/System  ( 1674): ClassLoader referenced unknown path: /system/priv-app/Settings/lib/x86_64
05-02 08:50:39.196 D/ApplicationLoaders( 1674): ignored Vulkan layer search path /system/priv-app/Settings/lib/x86_64:/system/priv-app/Settings/Settings.apk!/lib/x86_64:/system/lib64:/vendor/lib64 for namespace 0x7a8eca72c160
05-02 08:50:39.200 I/OMXClient( 1337): MuxOMX ctor
05-02 08:50:39.210 I/OMXMaster( 1334): makeComponentInstance(OMX.google.vp8.encoder) in mediacodec process
05-02 08:50:39.314 I/ActivityManager( 1674): Loaded persisted task ids for user 0
05-02 08:50:39.539 W/art     ( 2187): Unexpected CPU variant for X86 using defaults: x86_64
05-02 08:50:39.670 W/ActivityManager( 1674): Slow operation: 293ms so far, now at startProcess: returned from zygote!
05-02 08:50:39.671 W/ActivityManager( 1674): Slow operation: 293ms so far, now at startProcess: done updating battery stats
05-02 08:50:39.671 W/ActivityManager( 1674): Slow operation: 294ms so far, now at startProcess: building log message
05-02 08:50:39.671 I/ActivityManager( 1674): Start proc 2187:com.android.settings/1000 for activity com.android.settings/.FallbackHome
05-02 08:50:39.671 W/ActivityManager( 1674): Slow operation: 294ms so far, now at startProcess: starting to update pids map
05-02 08:50:39.671 W/ActivityManager( 1674): Slow operation: 294ms so far, now at startProcess: done updating pids map
05-02 08:50:39.671 W/ActivityManager( 1674): Slow operation: 294ms so far, now at startProcess: done starting proc!
05-02 08:50:39.717 W/art     ( 1674): Long monitor contention with owner main (1674) at void com.android.server.am.ActivityManagerService.systemReady(java.lang.Runnable)(ActivityManagerService.java:13368) waiters=0 in android.content.pm.UserInfo com.android.server.am.UserController.getCurrentUser() for 2.084s
05-02 08:50:39.720 W/art     ( 1674): Long monitor contention with owner main (1674) at void com.android.server.am.ActivityManagerService.systemReady(java.lang.Runnable)(ActivityManagerService.java:13368) waiters=1 in void com.android.server.am.ActivityManagerService.dispatchUidsChanged() for 2.058s
05-02 08:50:39.801 I/SystemServer( 1674): Enabled StrictMode for system server main thread.
05-02 08:50:39.850 W/ACodec  ( 1337): do not know color format 0x7f000789 = 2130708361
05-02 08:50:39.852 E/OMXNodeInstance( 1334): getConfig(5360018:google.vp8.encoder, ConfigAndroidIntraRefresh(0x6f60000a)) ERROR: Undefined(0x80001001)
05-02 08:50:39.980 I/MediaPlayerService( 1337): MediaPlayerService::getOMX
05-02 08:50:39.982 I/OMXClient( 1337): MuxOMX ctor
05-02 08:50:40.145 I/MediaPlayerService( 1337): MediaPlayerService::getOMX
05-02 08:50:40.146 I/OMXClient( 1337): MuxOMX ctor
05-02 08:50:40.147 W/MediaCodecList( 1337): unable to open media codecs configuration xml file: /data/misc/media/media_codecs_profiling_results.xml
05-02 08:50:40.181 I/MediaPlayerService( 1337): MediaPlayerService::getOMX
05-02 08:50:40.184 I/MediaPlayerService( 1337): MediaPlayerService::getOMX
05-02 08:50:40.187 I/OMXClient( 1674): MuxOMX ctor
05-02 08:50:40.202 I/OMXClient( 1969): MuxOMX ctor
05-02 08:50:40.170 D/ConditionProviders.SCP( 1674): onConnected
05-02 08:50:40.222 D/ZenLog  ( 1674): set_zen_mode: off,readXml
05-02 08:50:40.255 D/ConditionProviders( 1674): Subscribing to condition://android/schedule?days=1.2.3.4.5&start=22.0&end=7.0&exitAtAlarm=false with ComponentInfo{android/com.android.server.notification.ScheduleConditionProvider}
05-02 08:50:40.256 D/ZenLog  ( 1674): subscribe: condition://android/schedule?days=1.2.3.4.5&start=22.0&end=7.0&exitAtAlarm=false,ok
05-02 08:50:40.257 D/ConditionProviders( 1674): Subscribing to condition://android/schedule?days=6.7&start=23.30&end=10.0&exitAtAlarm=false with ComponentInfo{android/com.android.server.notification.ScheduleConditionProvider}
05-02 08:50:40.257 D/ZenLog  ( 1674): subscribe: condition://android/schedule?days=6.7&start=23.30&end=10.0&exitAtAlarm=false,ok
05-02 08:50:40.258 D/ConditionProviders( 1674): Subscribing to condition://android/event?userId=-10000&calendar=&reply=1 with ComponentInfo{android/com.android.server.notification.EventConditionProvider}
05-02 08:50:40.258 D/ZenLog  ( 1674): subscribe: condition://android/event?userId=-10000&calendar=&reply=1,ok
05-02 08:50:40.266 I/OMXMaster( 1334): makeComponentInstance(OMX.google.vorbis.decoder) in mediacodec process
05-02 08:50:40.624 D/RttService( 1674): SCAN_AVAILABLE : 1
05-02 08:50:40.625 D/ZenLog  ( 1674): set_zen_mode: off,cleanUpZenRules
05-02 08:50:40.910 I/OMXMaster( 1334): makeComponentInstance(OMX.google.vorbis.decoder) in mediacodec process
05-02 08:50:41.505 W/System  ( 1674): ClassLoader referenced unknown path: /system/priv-app/Telecom/lib/x86_64
05-02 08:50:41.516 D/ApplicationLoaders( 1674): ignored Vulkan layer search path /system/priv-app/Telecom/lib/x86_64:/system/priv-app/Telecom/Telecom.apk!/lib/x86_64:/system/lib64:/vendor/lib64 for namespace 0x7a8eca72c1d0
05-02 08:50:41.932 E/BluetoothAdapter( 1674): Bluetooth binder is null
05-02 08:50:42.090 I/Telecom ( 1674): SystemStateProvider: Registering car mode receiver: android.content.IntentFilter@a853d18: TS.init@AAA
05-02 08:50:42.226 I/Telecom ( 1674): Telecom: Non-call EVENT: AUDIO_ROUTE, Entering state QuiescentEarpieceRoute
05-02 08:50:42.432 I/MediaPlayerService( 1337): MediaPlayerService::getOMX
05-02 08:50:42.434 I/OMXClient( 1969): MuxOMX ctor
05-02 08:50:42.439 I/OMXMaster( 1334): makeComponentInstance(OMX.google.vorbis.decoder) in mediacodec process
05-02 08:50:42.480 W/art     ( 1674): Long monitor contention with owner main (1674) at void com.android.server.am.ActivityManagerService.systemReady(java.lang.Runnable)(ActivityManagerService.java:13368) waiters=2 in android.content.Intent com.android.server.am.ActivityManagerService.registerReceiver(android.app.IApplicationThread, java.lang.String, android.content.IIntentReceiver, android.content.IntentFilter, java.lang.String, int) for 3.190s
05-02 08:50:43.594 I/Telecom ( 1674): CallAudioModeStateMachine: Message received: null.: TS.init->CAMSM.pM_1@AAA_0
05-02 08:50:43.678 E/BluetoothAdapter( 1674): Bluetooth binder is null
05-02 08:50:43.762 I/art     ( 1969): Background sticky concurrent mark sweep GC freed 18276(2MB) AllocSpace objects, 2(40KB) LOS objects, 30% free, 7MB/10MB, paused 1.670ms total 378.562ms
05-02 08:50:43.808 I/Telecom ( 1674): Class: TelecomSystem.INSTANCE being set
05-02 08:50:43.820 E/BluetoothAdapter( 1674): Bluetooth binder is null
05-02 08:50:43.826 W/ContextImpl( 1674): Calling a method in the system process without a qualified user: android.app.ContextImpl.startService:1357 com.android.server.content.SyncManager$13.run:658 android.os.Handler.handleCallback:751 android.os.Handler.dispatchMessage:95 android.os.Looper.loop:154 
05-02 08:50:43.840 E/ActivityThread( 1674): Failed to find provider info for call_log
05-02 08:50:43.938 I/LatinIME:LogUtils( 1963): Dictionary info: dictionary = main:en ; version = 54 ; date = 1414726273
05-02 08:50:44.473 I/MediaPlayerService( 1337): MediaPlayerService::getOMX
05-02 08:50:44.475 I/OMXClient( 1969): MuxOMX ctor
05-02 08:50:44.479 I/OMXMaster( 1334): makeComponentInstance(OMX.google.vorbis.decoder) in mediacodec process
05-02 08:50:45.511 I/Process ( 1674): Sending signal. PID: 1969 SIG: 3
05-02 08:50:45.512 I/art     ( 1969): Thread[3,tid=1975,WaitingInMainSignalCatcherLoop,Thread*=0x7a8ec5e96400,peer=0x12c005e0,"Signal Catcher"]: reacting to signal 3
05-02 08:50:45.512 I/art     ( 1969): 
05-02 08:50:45.518 W/art     ( 1969): Suspending all threads took: 5.052ms
05-02 08:50:46.011 I/art     ( 1969): Wrote stack traces to '/data/anr/traces.txt'
05-02 08:50:46.099 W/System  ( 1969): ClassLoader referenced unknown path: 
05-02 08:50:46.155 W/        ( 1276): debuggerd: handling request: pid=1321 uid=1000 gid=1003 tid=1321
05-02 08:50:46.160 W/System  ( 1969): ClassLoader referenced unknown path: /system/priv-app/Dialer/lib/x86_64
05-02 08:50:46.164 D/ApplicationLoaders( 1969): ignored Vulkan layer search path /system/priv-app/Dialer/lib/x86_64:/system/lib64:/vendor/lib64 for namespace 0x7a8eca71c0f0
05-02 08:50:46.493 W/        ( 1276): debuggerd: resuming target 1321
05-02 08:50:46.499 W/        ( 1276): debuggerd: handling request: pid=1327 uid=1041 gid=1005 tid=1327
05-02 08:50:46.529 W/        ( 1275): debuggerd: handling request: pid=1327 uid=1041 gid=1005 tid=1327
05-02 08:50:46.664 I/GnssLocationProvider( 1674): WakeLock released by handleMessage(13, 0, null)
05-02 08:50:47.296 W/        ( 1275): debuggerd: resuming target 1327
05-02 08:50:47.305 W/        ( 1276): debuggerd: handling request: pid=1328 uid=1047 gid=1005 tid=1328
05-02 08:50:47.307 W/        ( 1275): debuggerd: handling request: pid=1328 uid=1047 gid=1005 tid=1328
05-02 08:50:47.430 W/        ( 1275): debuggerd: resuming target 1328
05-02 08:50:47.433 W/        ( 1276): debuggerd: handling request: pid=1329 uid=1019 gid=1019 tid=1329
05-02 08:50:47.435 W/        ( 1275): debuggerd: handling request: pid=1329 uid=1019 gid=1019 tid=1329
05-02 08:50:47.582 W/        ( 1275): debuggerd: resuming target 1329
05-02 08:50:47.586 W/        ( 1276): debuggerd: handling request: pid=1334 uid=1046 gid=1006 tid=1334
05-02 08:50:47.587 W/        ( 1275): debuggerd: handling request: pid=1334 uid=1046 gid=1006 tid=1334
05-02 08:50:47.814 W/        ( 1275): debuggerd: resuming target 1334
05-02 08:50:47.817 W/        ( 1276): debuggerd: handling request: pid=1335 uid=1013 gid=1031 tid=1335
05-02 08:50:47.819 W/        ( 1275): debuggerd: handling request: pid=1335 uid=1013 gid=1031 tid=1335
05-02 08:50:47.840 E/GnssLocationProvider( 1674): no AGPS interface in set_agps_server
05-02 08:50:47.920 W/        ( 1275): debuggerd: resuming target 1335
05-02 08:50:47.923 W/        ( 1276): debuggerd: handling request: pid=1336 uid=1040 gid=1026 tid=1336
05-02 08:50:47.925 W/        ( 1275): debuggerd: handling request: pid=1336 uid=1040 gid=1026 tid=1336
05-02 08:50:48.242 W/        ( 1275): debuggerd: resuming target 1336
05-02 08:50:48.245 W/        ( 1276): debuggerd: handling request: pid=1337 uid=1013 gid=1005 tid=1337
05-02 08:50:48.247 W/        ( 1275): debuggerd: handling request: pid=1337 uid=1013 gid=1005 tid=1337
05-02 08:50:48.382 W/art     ( 1674): Long monitor contention with owner Binder:1674_6 (2207) at android.os.ParcelFileDescriptor com.android.server.wallpaper.WallpaperManagerService.getWallpaper(android.app.IWallpaperManagerCallback, int, android.os.Bundle, int)(WallpaperManagerService.java:1337) waiters=0 in com.android.server.wallpaper.WallpaperManagerService$WallpaperData com.android.server.wallpaper.WallpaperManagerService$WallpaperObserver.dataForEvent(boolean, boolean) for 540ms
05-02 08:50:48.457 W/System  ( 1674): ClassLoader referenced unknown path: /system/priv-app/FusedLocation/lib/x86_64
05-02 08:50:48.478 D/ApplicationLoaders( 1674): ignored Vulkan layer search path /system/priv-app/FusedLocation/lib/x86_64:/system/priv-app/FusedLocation/FusedLocation.apk!/lib/x86_64:/system/lib64:/vendor/lib64 for namespace 0x7a8eca72c240
05-02 08:50:48.629 D/GpsNetInitiatedHandler( 1674): location enabled :true
05-02 08:50:48.643 V/WiredAccessoryManager( 1674): notifyWiredAccessoryChanged: when=0 bits= mask=54
05-02 08:50:48.643 V/WiredAccessoryManager( 1674): newName=h2w newState=0 headsetState=0 prev headsetState=0
05-02 08:50:48.643 E/WiredAccessoryManager( 1674): No state change.
05-02 08:50:48.644 V/WiredAccessoryManager( 1674): init()
05-02 08:50:48.728 W/        ( 1275): debuggerd: resuming target 1337
05-02 08:50:48.798 W/        ( 1276): debuggerd: handling request: pid=2025 uid=1023 gid=1023 tid=2025
05-02 08:50:48.998 W/art     ( 1674): Long monitor contention with owner android.bg (1704) at boolean android.os.MessageQueue.enqueueMessage(android.os.Message, long)(MessageQueue.java:541) waiters=0 in android.os.Message android.os.MessageQueue.next() for 543ms
05-02 08:50:49.000 W/art     ( 1674): Long monitor contention with owner android.bg (1704) at void com.android.server.power.PowerManagerService.releaseWakeLockInternal(android.os.IBinder, int)(PowerManagerService.java:937) waiters=0 in boolean com.android.server.power.PowerManagerService.isLowPowerModeInternal() for 459ms
05-02 08:50:49.011 W/art     ( 1674): Long monitor contention with owner android.bg (1704) at void com.android.server.power.PowerManagerService.releaseWakeLockInternal(android.os.IBinder, int)(PowerManagerService.java:937) waiters=1 in void com.android.server.power.PowerManagerService.releaseWakeLockInternal(android.os.IBinder, int) for 367ms
05-02 08:50:49.036 I/GnssLocationProvider( 1674): WakeLock released by handleMessage(2, 1, null)
05-02 08:50:49.193 W/        ( 1276): debuggerd: resuming target 2025
05-02 08:50:49.377 W/        ( 1276): debuggerd: handling request: pid=2085 uid=1023 gid=1023 tid=2085
05-02 08:50:49.410 D/ConditionProviders.SCP( 1674): onSubscribe condition://android/schedule?days=1.2.3.4.5&start=22.0&end=7.0&exitAtAlarm=false
05-02 08:50:49.473 D/ConditionProviders.SCP( 1674): setRegistered true
05-02 08:50:49.593 D/ConditionProviders.SCP( 1674): notifyCondition condition://android/schedule?days=1.2.3.4.5&start=22.0&end=7.0&exitAtAlarm=false STATE_FALSE reason=!meetsSchedule
05-02 08:50:49.687 D/ConditionProviders.SCP( 1674): Scheduling evaluate for Sun May 02 22:00:00 UTC 2021 (1619992800000), in +13h9m10s522ms, now=Sun May 02 08:50:49 UTC 2021 (1619945449478)
05-02 08:50:49.689 D/ConditionProviders.SCP( 1674): onSubscribe condition://android/schedule?days=6.7&start=23.30&end=10.0&exitAtAlarm=false
05-02 08:50:49.713 D/ConditionProviders.SCP( 1674): notifyCondition condition://android/schedule?days=6.7&start=23.30&end=10.0&exitAtAlarm=false STATE_TRUE reason=meetsSchedule
05-02 08:50:49.740 D/ConditionProviders.SCP( 1674): notifyCondition condition://android/schedule?days=1.2.3.4.5&start=22.0&end=7.0&exitAtAlarm=false STATE_FALSE reason=!meetsSchedule
05-02 08:50:49.743 D/ConditionProviders.SCP( 1674): Scheduling evaluate for Sun May 02 10:00:00 UTC 2021 (1619949600000), in +1h9m10s288ms, now=Sun May 02 08:50:49 UTC 2021 (1619945449712)
05-02 08:50:49.770 I/WifiScanningService( 1674): wifi driver unloaded
05-02 08:50:49.773 D/RttService( 1674): DefaultState got{ when=-9s148ms what=160513 target=com.android.internal.util.StateMachine$SmHandler }
05-02 08:50:49.795 I/Telecom ( 1674): WiredHeadsetManager: ACTION_HEADSET_PLUG event, plugged in: false, : WHC.oADA@AAE
05-02 08:50:49.851 E/BluetoothAdapter( 1969): Bluetooth binder is null
05-02 08:50:49.907 I/ActivityManager( 1674): user 0 is still locked. Cannot load recents
05-02 08:50:50.045 W/        ( 1276): debuggerd: resuming target 2085
05-02 08:50:50.306 I/CameraManagerGlobal( 1969): Connecting to camera service
05-02 08:50:50.441 V/EmulatedCamera_Camera( 1328): getCameraInfo
05-02 08:50:50.442 V/EmulatedCamera_BaseCamera( 1328): getCameraInfo
05-02 08:50:50.443 I/CameraService( 1328): getCameraCharacteristics: Switching to HAL1 shim implementation...
05-02 08:50:50.443 V/EmulatedCamera_Camera( 1328): getCameraInfo
05-02 08:50:50.443 V/EmulatedCamera_BaseCamera( 1328): getCameraInfo
05-02 08:50:50.502 I/CameraService( 1328): CameraService::connect call (PID -1 "cameraserver", camera ID 0) for HAL version default and Camera API version 1
05-02 08:50:50.507 E/CameraService( 1328): getCameraPriorityFromProcState: Received invalid process state -1 from ActivityManagerService!
05-02 08:50:50.508 V/EmulatedCamera_Camera( 1328): getCameraInfo
05-02 08:50:50.508 V/EmulatedCamera_BaseCamera( 1328): getCameraInfo
05-02 08:50:51.031 E/WVMExtractor( 1337): Failed to open libwvm.so: dlopen failed: library "libwvm.so" not found
05-02 08:50:51.281 D/NuPlayerDriver( 1337): notifyListener_l(0xebd0c240), (1, 0, 0), loop setting(0, 0)
05-02 08:50:51.574 W/System  ( 2187): ClassLoader referenced unknown path: /system/priv-app/Settings/lib/x86_64
05-02 08:50:51.875 D/NuPlayerDriver( 1337): notifyListener_l(0xed528e40), (1, 0, 0), loop setting(0, 0)
05-02 08:50:52.086 D/NuPlayerDriver( 1337): notifyListener_l(0xed528ba0), (1, 0, 0), loop setting(0, 0)
05-02 08:50:52.484 I/CameraFlashlight( 1328): Opening camera 0
05-02 08:50:52.484 V/EmulatedCamera_Camera( 1328): getCameraInfo
05-02 08:50:52.484 V/EmulatedCamera_BaseCamera( 1328): getCameraInfo
05-02 08:50:52.485 V/EmulatedCamera_Camera( 1328): connectCamera
05-02 08:50:52.485 V/EmulatedCamera_FakeDevice( 1328): connectDevice
05-02 08:50:52.485 V/EmulatedCamera_CallbackNotifier( 1328): setCallbacks: 0xf4129e80, 0xf4129ed0, 0xf4129ff0, 0xf412a110 (0xf3643320)
05-02 08:50:52.485 V/EmulatedCamera_CallbackNotifier( 1328): enableMessage: msg_type = 0xc0d
05-02 08:50:52.485 V/EmulatedCamera_CallbackNotifier( 1328):     CAMERA_MSG_ERROR
05-02 08:50:52.485 V/EmulatedCamera_CallbackNotifier( 1328):     CAMERA_MSG_FOCUS
05-02 08:50:52.485 V/EmulatedCamera_CallbackNotifier( 1328):     CAMERA_MSG_ZOOM
05-02 08:50:52.485 V/EmulatedCamera_CallbackNotifier( 1328):     CAMERA_MSG_PREVIEW_METADATA
05-02 08:50:52.485 V/EmulatedCamera_CallbackNotifier( 1328): **** Currently enabled messages:
05-02 08:50:52.486 V/EmulatedCamera_CallbackNotifier( 1328):     CAMERA_MSG_ERROR
05-02 08:50:52.486 V/EmulatedCamera_CallbackNotifier( 1328):     CAMERA_MSG_FOCUS
05-02 08:50:52.486 V/EmulatedCamera_CallbackNotifier( 1328):     CAMERA_MSG_ZOOM
05-02 08:50:52.486 V/EmulatedCamera_CallbackNotifier( 1328):     CAMERA_MSG_PREVIEW_METADATA
05-02 08:50:52.500 W/ProcessCpuTracker( 1674): Skipping unknown process pid 2268
05-02 08:50:52.502 W/ProcessCpuTracker( 1674): Skipping unknown process pid 2271
05-02 08:50:52.560 V/EmulatedCamera_CallbackNotifier( 1328): disableMessage: msg_type = 0xffff
05-02 08:50:52.560 V/EmulatedCamera_CallbackNotifier( 1328):     CAMERA_MSG_ERROR
05-02 08:50:52.560 V/EmulatedCamera_CallbackNotifier( 1328):     CAMERA_MSG_SHUTTER
05-02 08:50:52.560 V/EmulatedCamera_CallbackNotifier( 1328):     CAMERA_MSG_FOCUS
05-02 08:50:52.560 V/EmulatedCamera_CallbackNotifier( 1328):     CAMERA_MSG_ZOOM
05-02 08:50:52.560 V/EmulatedCamera_CallbackNotifier( 1328):     CAMERA_MSG_PREVIEW_FRAME
05-02 08:50:52.560 V/EmulatedCamera_CallbackNotifier( 1328):     CAMERA_MSG_VIDEO_FRAME
05-02 08:50:52.560 V/EmulatedCamera_CallbackNotifier( 1328):     CAMERA_MSG_POSTVIEW_FRAME
05-02 08:50:52.560 V/EmulatedCamera_CallbackNotifier( 1328):     CAMERA_MSG_RAW_IMAGE
05-02 08:50:52.560 V/EmulatedCamera_CallbackNotifier( 1328):     CAMERA_MSG_COMPRESSED_IMAGE
05-02 08:50:52.560 V/EmulatedCamera_CallbackNotifier( 1328):     CAMERA_MSG_RAW_IMAGE_NOTIFY
05-02 08:50:52.560 V/EmulatedCamera_CallbackNotifier( 1328):     CAMERA_MSG_PREVIEW_METADATA
05-02 08:50:52.560 V/EmulatedCamera_CallbackNotifier( 1328): **** Currently enabled messages:
05-02 08:50:52.561 V/EmulatedCamera_Preview( 1328): setPreviewWindow: current: 0x0 -> new: 0x0
05-02 08:50:52.561 V/EmulatedCamera_Camera( 1328): doStopPreview
05-02 08:50:52.567 V/EmulatedCamera_Camera( 1328): cancelPicture
05-02 08:50:52.568 V/EmulatedCamera_Camera( 1328): releaseCamera
05-02 08:50:52.568 V/EmulatedCamera_Camera( 1328): doStopPreview
05-02 08:50:52.568 V/EmulatedCamera_FakeDevice( 1328): disconnectDevice
05-02 08:50:52.568 W/EmulatedCamera_Device( 1328): Initialize: Emulated camera device is already initialized: mState = 1
05-02 08:50:52.568 D/EmulatedCamera_FakeCamera( 1328): Initialize: Fake camera is facing back
05-02 08:50:52.603 V/EmulatedCamera_Device( 1328): initializeWhiteBalanceModes with auto, 1.000000, 1.000000
05-02 08:50:52.603 V/EmulatedCamera_Device( 1328): initializeWhiteBalanceModes with incandescent, 1.380000, 0.600000
05-02 08:50:52.603 V/EmulatedCamera_Device( 1328): initializeWhiteBalanceModes with daylight, 1.090000, 0.920000
05-02 08:50:52.603 V/EmulatedCamera_Device( 1328): initializeWhiteBalanceModes with twilight, 0.920000, 1.220000
05-02 08:50:52.604 V/EmulatedCamera_Device( 1328): setWhiteBalanceMode with white balance auto
05-02 08:50:52.604 I/CameraFlashlight( 1328): Destroying camera 0
05-02 08:50:52.604 V/EmulatedCamera_Camera( 1328): closeCamera
05-02 08:50:52.604 V/EmulatedCamera_Camera( 1328): doStopPreview
05-02 08:50:52.604 W/EmulatedCamera_Device( 1328): Initialize: Emulated camera device is already initialized: mState = 1
05-02 08:50:52.604 D/EmulatedCamera_FakeCamera( 1328): Initialize: Fake camera is facing back
05-02 08:50:52.605 V/EmulatedCamera_Device( 1328): initializeWhiteBalanceModes with auto, 1.000000, 1.000000
05-02 08:50:52.605 V/EmulatedCamera_Device( 1328): initializeWhiteBalanceModes with incandescent, 1.380000, 0.600000
05-02 08:50:52.605 V/EmulatedCamera_Device( 1328): initializeWhiteBalanceModes with daylight, 1.090000, 0.920000
05-02 08:50:52.605 V/EmulatedCamera_Device( 1328): initializeWhiteBalanceModes with twilight, 0.920000, 1.220000
05-02 08:50:52.605 V/EmulatedCamera_Device( 1328): setWhiteBalanceMode with white balance auto
05-02 08:50:52.641 I/CameraService( 1328): disconnect: Disconnected client for camera 0 for PID 1328
05-02 08:50:52.642 D/NuPlayerDriver( 1337): reset(0xebd0c240) at state 4
05-02 08:50:52.642 D/NuPlayerDriver( 1337): notifyListener_l(0xebd0c240), (8, 0, 0), loop setting(0, 0)
05-02 08:50:52.650 D/NuPlayerDriver( 1337): notifyResetComplete(0xebd0c240)
05-02 08:50:52.688 D/NuPlayerDriver( 1337): reset(0xed528e40) at state 4
05-02 08:50:52.688 D/NuPlayerDriver( 1337): notifyListener_l(0xed528e40), (8, 0, 0), loop setting(0, 0)
05-02 08:50:52.689 D/NuPlayerDriver( 1337): notifyResetComplete(0xed528e40)
05-02 08:50:52.699 D/NuPlayerDriver( 1337): reset(0xed528ba0) at state 4
05-02 08:50:52.700 D/NuPlayerDriver( 1337): notifyListener_l(0xed528ba0), (8, 0, 0), loop setting(0, 0)
05-02 08:50:52.700 D/NuPlayerDriver( 1337): notifyResetComplete(0xed528ba0)
05-02 08:50:52.781 W/art     ( 1674): Long monitor contention with owner Binder:1674_5 (2095) at void com.android.server.am.ActivityManagerService.attachApplication(android.app.IApplicationThread)(ActivityManagerService.java:6669) waiters=0 in void com.android.server.am.ActivityManagerService.publishContentProviders(android.app.IApplicationThread, java.util.List) for 339ms
05-02 08:50:52.814 V/EmulatedCamera_Camera( 1328): getCameraInfo
05-02 08:50:52.814 V/EmulatedCamera_BaseCamera( 1328): getCameraInfo
05-02 08:50:52.827 I/art     ( 1674): Wrote stack traces to '/data/anr/traces.txt'
05-02 08:50:52.828 W/art     ( 1674): Suspending all threads took: 51.621ms
05-02 08:50:52.879 W/art     ( 1674): Long monitor contention with owner Binder:1674_5 (2095) at void com.android.server.am.ActivityManagerService.attachApplication(android.app.IApplicationThread)(ActivityManagerService.java:6669) waiters=2 in void com.android.server.am.ActivityManagerService$3.handleMessage(android.os.Message) for 385ms
05-02 08:50:52.905 V/EmulatedCamera_Camera( 1328): getCameraInfo
05-02 08:50:52.905 V/EmulatedCamera_BaseCamera( 1328): getCameraInfo
05-02 08:50:52.938 I/art     ( 1674): Background sticky concurrent mark sweep GC freed 34427(2MB) AllocSpace objects, 6(120KB) LOS objects, 15% free, 14MB/16MB, paused 72.062ms total 1.959s
05-02 08:50:53.000 E/ActivityThread( 1674): Failed to find provider info for com.android.calendar
05-02 08:50:53.001 E/ActivityThread( 1674): Failed to find provider info for com.android.calendar
05-02 08:50:53.373 W/System  ( 2169): ClassLoader referenced unknown path: /system/priv-app/TeleService/lib/x86_64
05-02 08:50:53.511 I/StatusBar( 1969): isKeyguardShowing() called before startKeyguard(), returning true
05-02 08:50:53.513 W/StatusBar( 1969): isKeyguardSecure() called before startKeyguard(), returning false
05-02 08:50:53.513 W/StatusBar( 1969): java.lang.Throwable
05-02 08:50:53.513 W/StatusBar( 1969): 	at com.android.systemui.statusbar.BaseStatusBar.isKeyguardSecure(BaseStatusBar.java:2647)
05-02 08:50:53.513 W/StatusBar( 1969): 	at com.android.systemui.statusbar.BaseStatusBar.isCameraAllowedByAdmin(BaseStatusBar.java:2670)
05-02 08:50:53.513 W/StatusBar( 1969): 	at com.android.systemui.statusbar.phone.KeyguardBottomAreaView.updateCameraVisibility(KeyguardBottomAreaView.java:309)
05-02 08:50:53.513 W/StatusBar( 1969): 	at com.android.systemui.statusbar.phone.KeyguardBottomAreaView.setPhoneStatusBar(KeyguardBottomAreaView.java:272)
05-02 08:50:53.513 W/StatusBar( 1969): 	at com.android.systemui.statusbar.phone.PhoneStatusBar.makeStatusBarView(PhoneStatusBar.java:904)
05-02 08:50:53.513 W/StatusBar( 1969): 	at com.android.systemui.statusbar.phone.PhoneStatusBar.addStatusBarWindow(PhoneStatusBar.java:3432)
05-02 08:50:53.513 W/StatusBar( 1969): 	at com.android.systemui.statusbar.phone.PhoneStatusBar.createAndAddWindows(PhoneStatusBar.java:3428)
05-02 08:50:53.513 W/StatusBar( 1969): 	at com.android.systemui.statusbar.BaseStatusBar.start(BaseStatusBar.java:765)
05-02 08:50:53.513 W/StatusBar( 1969): 	at com.android.systemui.statusbar.phone.PhoneStatusBar.start(PhoneStatusBar.java:686)
05-02 08:50:53.513 W/StatusBar( 1969): 	at com.android.systemui.statusbar.SystemBars.createStatusBarFromConfig(SystemBars.java:106)
05-02 08:50:53.513 W/StatusBar( 1969): 	at com.android.systemui.statusbar.SystemBars.onNoService(SystemBars.java:58)
05-02 08:50:53.513 W/StatusBar( 1969): 	at com.android.systemui.statusbar.ServiceMonitor.startService(ServiceMonitor.java:230)
05-02 08:50:53.513 W/StatusBar( 1969): 	at com.android.systemui.statusbar.ServiceMonitor.-wrap5(ServiceMonitor.java)
05-02 08:50:53.513 W/StatusBar( 1969): 	at com.android.systemui.statusbar.ServiceMonitor$1.handleMessage(ServiceMonitor.java:73)
05-02 08:50:53.513 W/StatusBar( 1969): 	at android.os.Handler.dispatchMessage(Handler.java:102)
05-02 08:50:53.513 W/StatusBar( 1969): 	at android.os.Looper.loop(Looper.java:154)
05-02 08:50:53.513 W/StatusBar( 1969): 	at android.app.ActivityThread.main(ActivityThread.java:6119)
05-02 08:50:53.513 W/StatusBar( 1969): 	at java.lang.reflect.Method.invoke(Native Method)
05-02 08:50:53.513 W/StatusBar( 1969): 	at com.android.internal.os.ZygoteInit$MethodAndArgsCaller.run(ZygoteInit.java:886)
05-02 08:50:53.513 W/StatusBar( 1969): 	at com.android.internal.os.ZygoteInit.main(ZygoteInit.java:776)
05-02 08:50:53.697 D/gralloc_ranchu( 2187): Emulator without host-side GPU emulation detected. Loading gralloc.default.so from /vendor/lib64/hw/gralloc.goldfish.default.so...
05-02 08:50:53.708 I/StatusBar( 1969): isKeyguardShowing() called before startKeyguard(), returning true
05-02 08:50:53.721 D/gralloc_ranchu( 2187): gralloc.default.so not found in /vendor. Trying /system/lib64/hw/gralloc.goldfish.default.so...
05-02 08:50:53.785 W/StatusBar( 1969): isKeyguardSecure() called before startKeyguard(), returning false
05-02 08:50:53.785 W/StatusBar( 1969): java.lang.Throwable
05-02 08:50:53.785 W/StatusBar( 1969): 	at com.android.systemui.statusbar.BaseStatusBar.isKeyguardSecure(BaseStatusBar.java:2647)
05-02 08:50:53.785 W/StatusBar( 1969): 	at com.android.systemui.statusbar.BaseStatusBar.isCameraAllowedByAdmin(BaseStatusBar.java:2670)
05-02 08:50:53.785 W/StatusBar( 1969): 	at com.android.systemui.statusbar.phone.KeyguardBottomAreaView.updateCameraVisibility(KeyguardBottomAreaView.java:309)
05-02 08:50:53.785 W/StatusBar( 1969): 	at com.android.systemui.statusbar.phone.KeyguardBottomAreaView.setUserSetupComplete(KeyguardBottomAreaView.java:281)
05-02 08:50:53.785 W/StatusBar( 1969): 	at com.android.systemui.statusbar.phone.PhoneStatusBar.makeStatusBarView(PhoneStatusBar.java:905)
05-02 08:50:53.785 W/StatusBar( 1969): 	at com.android.systemui.statusbar.phone.PhoneStatusBar.addStatusBarWindow(PhoneStatusBar.java:3432)
05-02 08:50:53.785 W/StatusBar( 1969): 	at com.android.systemui.statusbar.phone.PhoneStatusBar.createAndAddWindows(PhoneStatusBar.java:3428)
05-02 08:50:53.785 W/StatusBar( 1969): 	at com.android.systemui.statusbar.BaseStatusBar.start(BaseStatusBar.java:765)
05-02 08:50:53.785 W/StatusBar( 1969): 	at com.android.systemui.statusbar.phone.PhoneStatusBar.start(PhoneStatusBar.java:686)
05-02 08:50:53.785 W/StatusBar( 1969): 	at com.android.systemui.statusbar.SystemBars.createStatusBarFromConfig(SystemBars.java:106)
05-02 08:50:53.785 W/StatusBar( 1969): 	at com.android.systemui.statusbar.SystemBars.onNoService(SystemBars.java:58)
05-02 08:50:53.785 W/StatusBar( 1969): 	at com.android.systemui.statusbar.ServiceMonitor.startService(ServiceMonitor.java:230)
05-02 08:50:53.785 W/StatusBar( 1969): 	at com.android.systemui.statusbar.ServiceMonitor.-wrap5(ServiceMonitor.java)
05-02 08:50:53.785 W/StatusBar( 1969): 	at com.android.systemui.statusbar.ServiceMonitor$1.handleMessage(ServiceMonitor.java:73)
05-02 08:50:53.785 W/StatusBar( 1969): 	at android.os.Handler.dispatchMessage(Handler.java:102)
05-02 08:50:53.785 W/StatusBar( 1969): 	at android.os.Looper.loop(Looper.java:154)
05-02 08:50:53.785 W/StatusBar( 1969): 	at android.app.ActivityThread.main(ActivityThread.java:6119)
05-02 08:50:53.785 W/StatusBar( 1969): 	at java.lang.reflect.Method.invoke(Native Method)
05-02 08:50:53.785 W/StatusBar( 1969): 	at com.android.internal.os.ZygoteInit$MethodAndArgsCaller.run(ZygoteInit.java:886)
05-02 08:50:53.785 W/StatusBar( 1969): 	at com.android.internal.os.ZygoteInit.main(ZygoteInit.java:776)
05-02 08:50:54.026 I/ActivityManager( 1674): Displayed com.android.settings/.FallbackHome: +14s649ms
05-02 08:50:54.222 W/System  ( 2169): ClassLoader referenced unknown path: /system/priv-app/TelephonyProvider/lib/x86_64
05-02 08:50:54.226 D/ApplicationLoaders( 2169): ignored Vulkan layer search path /system/priv-app/TelephonyProvider/lib/x86_64:/system/lib64:/vendor/lib64 for namespace 0x7a8eca71c0f0
05-02 08:50:54.536 E/ActivityManager( 1674): ANR in system
05-02 08:50:54.536 E/ActivityManager( 1674): PID: 1674
05-02 08:50:54.536 E/ActivityManager( 1674): Reason: executing service com.android.server.telecom/.components.TelecomService
05-02 08:50:54.536 E/ActivityManager( 1674): Load: 9.55 / 3.85 / 1.46
05-02 08:50:54.536 E/ActivityManager( 1674): CPU usage from 2327ms to -16980ms ago (2021-05-02 08:50:34.865 to 2021-05-02 08:50:54.172):
05-02 08:50:54.536 E/ActivityManager( 1674):   46% 1395/bootanimation: 24% user + 21% kernel
05-02 08:50:54.536 E/ActivityManager( 1674):   42% 1321/surfaceflinger: 23% user + 19% kernel / faults: 37 minor
05-02 08:50:54.536 E/ActivityManager( 1674):   30% 1674/system_server: 10% user + 19% kernel / faults: 3525 minor 40 major
05-02 08:50:54.536 E/ActivityManager( 1674):   18% 1969/com.android.systemui: 8.1% user + 10% kernel / faults: 4591 minor 28 major
05-02 08:50:54.536 E/ActivityManager( 1674):   10% 1334/media.codec: 5.4% user + 5.5% kernel / faults: 4349 minor 7 major
05-02 08:50:54.536 E/ActivityManager( 1674):   3.6% 8/rcu_preempt: 0% user + 3.6% kernel
05-02 08:50:54.536 E/ActivityManager( 1674):   2.8% 1323/adbd: 0.7% user + 2.1% kernel / faults: 900 minor
05-02 08:50:54.536 E/ActivityManager( 1674):   2.3% 1337/mediaserver: 0.9% user + 1.3% kernel / faults: 205 minor
05-02 08:50:54.536 E/ActivityManager( 1674):   1.7% 1336/media.extractor: 0.6% user + 1.1% kernel / faults: 87 minor
05-02 08:50:54.536 E/ActivityManager( 1674):   0.2% 1276/debuggerd64: 0% user + 0.2% kernel / faults: 101 minor
05-02 08:50:54.536 E/ActivityManager( 1674):   0.2% 1328/cameraserver: 0.1% user + 0.1% kernel / faults: 153 minor
05-02 08:50:54.536 E/ActivityManager( 1674):   1.1% 1320/servicemanager: 0.4% user + 0.6% kernel
05-02 08:50:54.536 E/ActivityManager( 1674):   1.1% 1327/audioserver: 0.2% user + 0.8% kernel / faults: 41 minor
05-02 08:50:54.536 E/ActivityManager( 1674):   0.4% 1325/zygote64: 0% user + 0.3% kernel / faults: 300 minor
05-02 08:50:54.536 E/ActivityManager( 1674):   0.6% 1963/com.android.inputmethod.latin: 0.2% user + 0.3% kernel / faults: 189 minor
05-02 08:50:54.536 E/ActivityManager( 1674):   0.5% 1255/kworker/0:1H: 0% user + 0.5% kernel
05-02 08:50:54.536 E/ActivityManager( 1674):   0.4% 1339/netd: 0.2% user + 0.2% kernel / faults: 33 minor
05-02 08:50:54.536 E/ActivityManager( 1674):   0.3% 6/kworker/u4:0: 0% user + 0.3% kernel
