05-02 08:48:21.797 E/SurfaceFlinger( 1321): öÿÿÿÿÿÿÿŸñÁÂz
05-02 08:48:21.797 E/SurfaceFlinger( 1321): Error while compiling shader: 
05-02 08:48:21.797 E/SurfaceFlinger( 1321): precision mediump float;
05-02 08:48:21.797 E/SurfaceFlinger( 1321): uniform sampler2D sampler;
05-02 08:48:21.797 E/SurfaceFlinger( 1321): varying vec2 outTexCoords;
05-02 08:48:21.797 E/SurfaceFlinger( 1321): uniform float alphaPlane;
05-02 08:48:21.797 E/SurfaceFlinger( 1321): void main(void) {
05-02 08:48:21.797 E/SurfaceFlinger( 1321):     gl_FragColor = texture2D(sampler, outTexCoords);
05-02 08:48:21.797 E/SurfaceFlinger( 1321):     gl_FragColor *= alphaPlane;
05-02 08:48:21.797 E/SurfaceFlinger( 1321): }
05-02 08:48:21.797 E/SurfaceFlinger( 1321): 
05-02 08:48:21.797 E/SurfaceFlinger( 1321): öÿÿÿÿÿÿÿŸñÁÂz
05-02 08:48:21.797 E/SurfaceFlinger( 1321): Error while linking shaders:
05-02 08:48:21.797 E/SurfaceFlinger( 1321): Error while compiling shader: 
05-02 08:48:21.797 E/SurfaceFlinger( 1321): attribute vec4 texCoords;
05-02 08:48:21.797 E/SurfaceFlinger( 1321): varying vec2 outTexCoords;
05-02 08:48:21.797 E/SurfaceFlinger( 1321): attribute vec4 position;
05-02 08:48:21.797 E/SurfaceFlinger( 1321): uniform mat4 projection;
05-02 08:48:21.797 E/SurfaceFlinger( 1321): uniform mat4 texture;
05-02 08:48:21.797 E/SurfaceFlinger( 1321): void main(void) {
05-02 08:48:21.797 E/SurfaceFlinger( 1321):     gl_Position = projection * position;
05-02 08:48:21.797 E/SurfaceFlinger( 1321):     outTexCoords = (texture * texCoords).st;
05-02 08:48:21.797 E/SurfaceFlinger( 1321): }
05-02 08:48:21.797 E/SurfaceFlinger( 1321): 
05-02 08:48:21.797 E/SurfaceFlinger( 1321): öÿÿÿÿÿÿÿŸñÁÂz
05-02 08:48:21.797 E/SurfaceFlinger( 1321): Error while compiling shader: 
05-02 08:48:21.797 E/SurfaceFlinger( 1321): precision mediump float;
05-02 08:48:21.797 E/SurfaceFlinger( 1321): uniform sampler2D sampler;
05-02 08:48:21.797 E/SurfaceFlinger( 1321): varying vec2 outTexCoords;
05-02 08:48:21.797 E/SurfaceFlinger( 1321): uniform float alphaPlane;
05-02 08:48:21.797 E/SurfaceFlinger( 1321): void main(void) {
05-02 08:48:21.797 E/SurfaceFlinger( 1321):     gl_FragColor = texture2D(sampler, outTexCoords);
05-02 08:48:21.797 E/SurfaceFlinger( 1321):     gl_FragColor.a = 1.0;
05-02 08:48:21.797 E/SurfaceFlinger( 1321):     gl_FragColor.a *= alphaPlane;
05-02 08:48:21.797 E/SurfaceFlinger( 1321): }
05-02 08:48:21.797 E/SurfaceFlinger( 1321): 
05-02 08:48:21.797 E/SurfaceFlinger( 1321): öÿÿÿÿÿÿÿŸñÁÂz
05-02 08:48:21.797 E/SurfaceFlinger( 1321): Error while linking shaders:
05-02 08:48:21.797 E/SurfaceFlinger( 1321): Error while compiling shader: 
05-02 08:48:21.797 E/SurfaceFlinger( 1321): attribute vec4 texCoords;
05-02 08:48:21.797 E/SurfaceFlinger( 1321): varying vec2 outTexCoords;
05-02 08:48:21.797 E/SurfaceFlinger( 1321): attribute vec4 position;
05-02 08:48:21.797 E/SurfaceFlinger( 1321): uniform mat4 projection;
05-02 08:48:21.797 E/SurfaceFlinger( 1321): uniform mat4 texture;
05-02 08:48:21.797 E/SurfaceFlinger( 1321): void main(void) {
05-02 08:48:21.797 E/SurfaceFlinger( 1321):     gl_Position = projection * position;
05-02 08:48:21.797 E/SurfaceFlinger( 1321):     outTexCoords = (texture * texCoords).st;
05-02 08:48:21.797 E/SurfaceFlinger( 1321): }
05-02 08:48:21.797 E/SurfaceFlinger( 1321): 
05-02 08:48:21.797 E/SurfaceFlinger( 1321): öÿÿÿÿÿÿÿŸñÁÂz
05-02 08:48:21.797 E/SurfaceFlinger( 1321): Error while compiling shader: 
05-02 08:48:21.797 E/SurfaceFlinger( 1321): precision mediump float;
05-02 08:48:21.797 E/SurfaceFlinger( 1321): uniform sampler2D sampler;
05-02 08:48:21.797 E/SurfaceFlinger( 1321): varying vec2 outTexCoords;
05-02 08:48:21.797 E/SurfaceFlinger( 1321): uniform float alphaPlane;
05-02 08:48:21.797 E/SurfaceFlinger( 1321): void main(void) {
05-02 08:48:21.797 E/SurfaceFlinger( 1321):     gl_FragColor = texture2D(sampler, outTexCoords);
05-02 08:48:21.797 E/SurfaceFlinger( 1321):     gl_FragColor.a = 1.0;
05-02 08:48:21.797 E/SurfaceFlinger( 1321):     gl_FragColor *= alphaPlane;
05-02 08:48:21.797 E/SurfaceFlinger( 1321): }
05-02 08:48:21.797 E/SurfaceFlinger( 1321): 
05-02 08:48:21.797 E/SurfaceFlinger( 1321): öÿÿÿÿÿÿÿŸñÁÂz
05-02 08:48:21.797 E/SurfaceFlinger( 1321): Error while linking shaders:
05-02 08:48:21.798 D/SurfaceFlinger( 1321): shader cache generated - 24 shaders in 4.948147 ms
05-02 08:48:21.869 D/SurfaceFlinger( 1321): Set power mode=2, type=0 flinger=0x7ac2c0c47000
05-02 08:48:22.020 W/bootanimation( 1395): type=1400 audit(0.0:9): avc: denied { getattr } for path="/vendor" dev="rootfs" ino=2986 scontext=u:r:bootanim:s0 tcontext=u:object_r:rootfs:s0 tclass=lnk_file permissive=0
05-02 08:48:22.182 V/EmulatedCamera_Preview( 1328): setPreviewWindow: current: 0x0 -> new: 0xf3643150
05-02 08:48:22.183 V/EmulatedCamera_Preview( 1328): setPreviewWindow: current: 0xf3643150 -> new: 0x0
05-02 08:48:22.183 V/EmulatedCamera_Camera( 1328): doStopPreview
05-02 08:48:22.184 V/EmulatedCamera_Preview( 1328): setPreviewWindow: current: 0x0 -> new: 0x0
05-02 08:48:22.184 V/EmulatedCamera_Camera( 1328): releaseCamera
05-02 08:48:22.184 V/EmulatedCamera_Camera( 1328): doStopPreview
05-02 08:48:22.184 V/EmulatedCamera_FakeDevice( 1328): disconnectDevice
05-02 08:48:22.185 W/EmulatedCamera_Device( 1328): Initialize: Emulated camera device is already initialized: mState = 1
05-02 08:48:22.185 D/EmulatedCamera_FakeCamera( 1328): Initialize: Fake camera is facing back
05-02 08:48:22.187 V/EmulatedCamera_Device( 1328): initializeWhiteBalanceModes with auto, 1.000000, 1.000000
05-02 08:48:22.188 V/EmulatedCamera_Device( 1328): initializeWhiteBalanceModes with incandescent, 1.380000, 0.600000
05-02 08:48:22.188 V/EmulatedCamera_Device( 1328): initializeWhiteBalanceModes with daylight, 1.090000, 0.920000
05-02 08:48:22.188 V/EmulatedCamera_Device( 1328): initializeWhiteBalanceModes with twilight, 0.920000, 1.220000
05-02 08:48:22.188 V/EmulatedCamera_Device( 1328): setWhiteBalanceMode with white balance auto
05-02 08:48:22.188 I/CameraFlashlight( 1328): Destroying camera 0
05-02 08:48:22.188 V/EmulatedCamera_Camera( 1328): closeCamera
05-02 08:48:22.188 V/EmulatedCamera_Camera( 1328): doStopPreview
05-02 08:48:22.189 W/EmulatedCamera_Device( 1328): Initialize: Emulated camera device is already initialized: mState = 1
05-02 08:48:22.189 D/EmulatedCamera_FakeCamera( 1328): Initialize: Fake camera is facing back
05-02 08:48:22.189 V/EmulatedCamera_Device( 1328): initializeWhiteBalanceModes with auto, 1.000000, 1.000000
05-02 08:48:22.189 V/EmulatedCamera_Device( 1328): initializeWhiteBalanceModes with incandescent, 1.380000, 0.600000
05-02 08:48:22.189 V/EmulatedCamera_Device( 1328): initializeWhiteBalanceModes with daylight, 1.090000, 0.920000
05-02 08:48:22.189 V/EmulatedCamera_Device( 1328): initializeWhiteBalanceModes with twilight, 0.920000, 1.220000
05-02 08:48:22.189 V/EmulatedCamera_Device( 1328): setWhiteBalanceMode with white balance auto
05-02 08:48:22.263 V/EmulatedCamera_Camera( 1328): getCameraInfo
05-02 08:48:22.263 V/EmulatedCamera_BaseCamera( 1328): getCameraInfo
05-02 08:48:22.280 I/ServiceManager( 1328): Waiting for service media.camera.proxy...
05-02 08:48:22.817 V/MediaUtils( 1336): physMem: 1043894272
05-02 08:48:22.817 V/MediaUtils( 1336): requested limit: 208778840
05-02 08:48:22.817 V/MediaUtils( 1336): actual limit: 208778840
05-02 08:48:22.818 V/MediaUtils( 1336): original limits: 4294967295/4294967295
05-02 08:48:22.818 V/MediaUtils( 1336): new limits: 208778840/4294967295
05-02 08:48:22.819 W//system/bin/mediaextractor( 1336): libminijail: allowing syscall: socketcall
05-02 08:48:22.850 W//system/bin/mediaextractor( 1336): libminijail: allowing syscall: writev
05-02 08:48:22.851 W//system/bin/mediaextractor( 1336): libminijail: allowing syscall: fcntl64
05-02 08:48:22.851 W//system/bin/mediaextractor( 1336): libminijail: allowing syscall: clock_gettime
05-02 08:48:22.854 W//system/bin/mediaextractor( 1336): libminijail: logging seccomp filter failures
05-02 08:48:23.298 I/ServiceManager( 1328): Waiting for service media.camera.proxy...
05-02 08:48:24.310 I/ServiceManager( 1328): Waiting for service media.camera.proxy...
05-02 08:48:24.320 W/BatteryNotifier( 1327): batterystats service unavailable!
05-02 08:48:25.320 I/ServiceManager( 1328): Waiting for service media.camera.proxy...
05-02 08:48:26.321 I/ServiceManager( 1328): Waiting for service media.camera.proxy...
05-02 08:48:31.113 D/AndroidRuntime( 1325): >>>>>> START com.android.internal.os.ZygoteInit uid 0 <<<<<<
05-02 08:48:31.374 E/SurfaceFlinger( 1321): ro.sf.lcd_density must be defined as a build property
05-02 08:48:31.464 D/libEGL  ( 1395): Emulator without GPU support detected. Fallback to legacy software renderer, qemu.gles is set to 0.
05-02 08:48:31.521 D/libEGL  ( 1395): loaded /system/lib64/egl/libGLES_android.so
05-02 08:48:31.895 D/gralloc_ranchu( 1395): Emulator without host-side GPU emulation detected. Loading gralloc.default.so from /vendor/lib64/hw/gralloc.goldfish.default.so...
05-02 08:48:31.897 D/gralloc_ranchu( 1395): gralloc.default.so not found in /vendor. Trying /system/lib64/hw/gralloc.goldfish.default.so...
05-02 08:48:31.963 D/AndroidRuntime( 1326): >>>>>> START com.android.internal.os.ZygoteInit uid 0 <<<<<<
05-02 08:48:32.106 D/AndroidRuntime( 1325): CheckJNI is ON
05-02 08:48:32.254 D/AndroidRuntime( 1326): CheckJNI is ON
05-02 08:48:32.260 I/art     ( 1325): option[0]=-Xzygote
05-02 08:48:32.261 I/art     ( 1325): option[1]=-Xcheck:jni
05-02 08:48:32.261 I/art     ( 1325): option[2]=-Xstacktracefile:/data/anr/traces.txt
05-02 08:48:32.261 I/art     ( 1325): option[3]=exit
05-02 08:48:32.261 I/art     ( 1325): option[4]=vfprintf
05-02 08:48:32.261 I/art     ( 1325): option[5]=sensitiveThread
05-02 08:48:32.261 I/art     ( 1325): option[6]=-verbose:gc
05-02 08:48:32.261 I/art     ( 1325): option[7]=-Xms4m
05-02 08:48:32.261 I/art     ( 1325): option[8]=-Xmx256m
05-02 08:48:32.261 I/art     ( 1325): option[9]=-Xusejit:true
05-02 08:48:32.261 I/art     ( 1325): option[10]=-Xjitsaveprofilinginfo
05-02 08:48:32.262 I/art     ( 1325): option[11]=-agentlib:jdwp=transport=dt_android_adb,suspend=n,server=y
05-02 08:48:32.262 I/art     ( 1325): option[12]=-Xlockprofthreshold:500
05-02 08:48:32.262 I/art     ( 1325): option[13]=-Ximage-compiler-option
05-02 08:48:32.262 I/art     ( 1325): option[14]=--runtime-arg
05-02 08:48:32.262 I/art     ( 1325): option[15]=-Ximage-compiler-option
05-02 08:48:32.262 I/art     ( 1325): option[16]=-Xms64m
05-02 08:48:32.262 I/art     ( 1325): option[17]=-Ximage-compiler-option
05-02 08:48:32.262 I/art     ( 1325): option[18]=--runtime-arg
05-02 08:48:32.262 I/art     ( 1325): option[19]=-Ximage-compiler-option
05-02 08:48:32.262 I/art     ( 1325): option[20]=-Xmx64m
05-02 08:48:32.262 I/art     ( 1325): option[21]=-Ximage-compiler-option
05-02 08:48:32.262 I/art     ( 1325): option[22]=--image-classes=/system/etc/preloaded-classes
05-02 08:48:32.262 I/art     ( 1325): option[23]=-Ximage-compiler-option
05-02 08:48:32.262 I/art     ( 1325): option[24]=--compiled-classes=/system/etc/compiled-classes
05-02 08:48:32.262 I/art     ( 1325): option[25]=-Xcompiler-option
05-02 08:48:32.262 I/art     ( 1325): option[26]=--runtime-arg
05-02 08:48:32.262 I/art     ( 1325): option[27]=-Xcompiler-option
05-02 08:48:32.262 I/art     ( 1325): option[28]=-Xms64m
05-02 08:48:32.262 I/art     ( 1325): option[29]=-Xcompiler-option
05-02 08:48:32.262 I/art     ( 1325): option[30]=--runtime-arg
05-02 08:48:32.262 I/art     ( 1325): option[31]=-Xcompiler-option
05-02 08:48:32.262 I/art     ( 1325): option[32]=-Xmx512m
05-02 08:48:32.262 I/art     ( 1325): option[33]=-Ximage-compiler-option
05-02 08:48:32.262 I/art     ( 1325): option[34]=--instruction-set-variant=x86_64
05-02 08:48:32.263 I/art     ( 1325): option[35]=-Xcompiler-option
05-02 08:48:32.263 I/art     ( 1325): option[36]=--instruction-set-variant=x86_64
05-02 08:48:32.263 I/art     ( 1325): option[37]=-Ximage-compiler-option
05-02 08:48:32.263 I/art     ( 1325): option[38]=--instruction-set-features=default
05-02 08:48:32.263 I/art     ( 1325): option[39]=-Xcompiler-option
05-02 08:48:32.263 I/art     ( 1325): option[40]=--instruction-set-features=default
05-02 08:48:32.263 I/art     ( 1325): option[41]=-Duser.locale=en-US
05-02 08:48:32.263 I/art     ( 1325): option[42]=--cpu-abilist=x86_64
05-02 08:48:32.263 I/art     ( 1325): option[43]=-Xfingerprint:Android/sdk_phone_x86_64/generic_x86_64:7.1.1/NYC/4931657:userdebug/test-keys
05-02 08:48:32.400 I/art     ( 1326): option[0]=-Xzygote
05-02 08:48:32.401 I/art     ( 1326): option[1]=-Xcheck:jni
05-02 08:48:32.401 I/art     ( 1326): option[2]=-Xstacktracefile:/data/anr/traces.txt
05-02 08:48:32.401 I/art     ( 1326): option[3]=exit
05-02 08:48:32.401 I/art     ( 1326): option[4]=vfprintf
05-02 08:48:32.401 I/art     ( 1326): option[5]=sensitiveThread
05-02 08:48:32.401 I/art     ( 1326): option[6]=-verbose:gc
05-02 08:48:32.401 I/art     ( 1326): option[7]=-Xms4m
05-02 08:48:32.401 I/art     ( 1326): option[8]=-Xmx256m
05-02 08:48:32.401 I/art     ( 1326): option[9]=-Xusejit:true
05-02 08:48:32.401 I/art     ( 1326): option[10]=-Xjitsaveprofilinginfo
05-02 08:48:32.402 I/art     ( 1326): option[11]=-agentlib:jdwp=transport=dt_android_adb,suspend=n,server=y
05-02 08:48:32.402 I/art     ( 1326): option[12]=-Xlockprofthreshold:500
05-02 08:48:32.402 I/art     ( 1326): option[13]=-Ximage-compiler-option
05-02 08:48:32.402 I/art     ( 1326): option[14]=--runtime-arg
05-02 08:48:32.402 I/art     ( 1326): option[15]=-Ximage-compiler-option
05-02 08:48:32.402 I/art     ( 1326): option[16]=-Xms64m
05-02 08:48:32.402 I/art     ( 1326): option[17]=-Ximage-compiler-option
05-02 08:48:32.402 I/art     ( 1326): option[18]=--runtime-arg
05-02 08:48:32.402 I/art     ( 1326): option[19]=-Ximage-compiler-option
05-02 08:48:32.402 I/art     ( 1326): option[20]=-Xmx64m
05-02 08:48:32.402 I/art     ( 1326): option[21]=-Ximage-compiler-option
05-02 08:48:32.402 I/art     ( 1326): option[22]=--image-classes=/system/etc/preloaded-classes
05-02 08:48:32.402 I/art     ( 1326): option[23]=-Ximage-compiler-option
05-02 08:48:32.402 I/art     ( 1326): option[24]=--compiled-classes=/system/etc/compiled-classes
05-02 08:48:32.402 I/art     ( 1326): option[25]=-Xcompiler-option
05-02 08:48:32.402 I/art     ( 1326): option[26]=--runtime-arg
05-02 08:48:32.402 I/art     ( 1326): option[27]=-Xcompiler-option
05-02 08:48:32.403 I/art     ( 1326): option[28]=-Xms64m
05-02 08:48:32.403 I/art     ( 1326): option[29]=-Xcompiler-option
05-02 08:48:32.403 I/art     ( 1326): option[30]=--runtime-arg
05-02 08:48:32.403 I/art     ( 1326): option[31]=-Xcompiler-option
05-02 08:48:32.403 I/art     ( 1326): option[32]=-Xmx512m
05-02 08:48:32.403 I/art     ( 1326): option[33]=-Ximage-compiler-option
05-02 08:48:32.403 I/art     ( 1326): option[34]=--instruction-set-variant=x86
05-02 08:48:32.403 I/art     ( 1326): option[35]=-Xcompiler-option
05-02 08:48:32.403 I/art     ( 1326): option[36]=--instruction-set-variant=x86
05-02 08:48:32.403 I/art     ( 1326): option[37]=-Ximage-compiler-option
05-02 08:48:32.403 I/art     ( 1326): option[38]=--instruction-set-features=default
05-02 08:48:32.403 I/art     ( 1326): option[39]=-Xcompiler-option
05-02 08:48:32.403 I/art     ( 1326): option[40]=--instruction-set-features=default
05-02 08:48:32.403 I/art     ( 1326): option[41]=-Duser.locale=en-US
05-02 08:48:32.403 I/art     ( 1326): option[42]=--cpu-abilist=x86
05-02 08:48:32.403 I/art     ( 1326): option[43]=-Xfingerprint:Android/sdk_phone_x86_64/generic_x86_64:7.1.1/NYC/4931657:userdebug/test-keys
05-02 08:48:38.701 D/ICU     ( 1325): No timezone override file found: /data/misc/zoneinfo/current/icu/icu_tzdata.dat
05-02 08:48:38.760 D/ICU     ( 1326): No timezone override file found: /data/misc/zoneinfo/current/icu/icu_tzdata.dat
05-02 08:48:39.038 E/hostapd ( 1501): Configuration file: /system/etc/simulated_hostapd.conf
05-02 08:48:39.695 I/hostapd ( 1501): rfkill: Cannot get wiphy information
05-02 08:48:39.698 I/hostapd ( 1501): nl80211: Could not re-add multicast membership for vendor events: -2 (No such file or directory)
05-02 08:48:39.699 I/hostapd ( 1501): wlan1: interface state UNINITIALIZED->COUNTRY_UPDATE
05-02 08:48:40.067 E/ipv6proxy( 1493): Failed to forward Router Advertisement from eth0 to wlan1: Network is unreachable
05-02 08:48:40.068 E/ipv6proxy( 1493): Failed to forward Router Advertisement from eth0 to radio0-peer: Cannot assign requested address
05-02 08:48:41.773 E/memtrack( 1326): Couldn't load memtrack module (No such file or directory)
05-02 08:48:41.773 E/android.os.Debug( 1326): failed to load memtrack module: -2
05-02 08:48:41.822 I/Radio-JNI( 1326): register_android_hardware_Radio DONE
05-02 08:48:41.832 E/memtrack( 1325): Couldn't load memtrack module (No such file or directory)
05-02 08:48:41.832 E/android.os.Debug( 1325): failed to load memtrack module: -2
05-02 08:48:41.991 I/Radio-JNI( 1325): register_android_hardware_Radio DONE
05-02 08:48:42.355 I/SamplingProfilerIntegration( 1326): Profiling disabled.
05-02 08:48:42.413 I/SamplingProfilerIntegration( 1325): Profiling disabled.
05-02 08:48:42.421 D/Zygote  ( 1325): begin preload
05-02 08:48:42.422 I/Zygote  ( 1325): Installing ICU cache reference pinning...
05-02 08:48:42.426 I/Zygote  ( 1325): Preloading ICU data...
05-02 08:48:42.613 D/Zygote  ( 1326): begin preload
05-02 08:48:42.613 I/Zygote  ( 1326): Installing ICU cache reference pinning...
05-02 08:48:42.660 I/Zygote  ( 1326): Preloading ICU data...
05-02 08:48:44.045 E/ipv6proxy( 1493): Failed to forward Router Advertisement from eth0 to wlan1: Network is unreachable
05-02 08:48:44.386 I/Zygote  ( 1325): Preloading classes...
05-02 08:48:44.549 I/Zygote  ( 1326): Preloading classes...
05-02 08:48:44.682 W/Zygote  ( 1325): Class not found for preloading: [Landroid.view.Display$ColorTransform;
05-02 08:48:44.783 I/hostapd ( 1501): wlan1: interface state COUNTRY_UPDATE->HT_SCAN
05-02 08:48:44.893 W/Zygote  ( 1326): Class not found for preloading: [Landroid.view.Display$ColorTransform;
05-02 08:48:46.193 E/hostapd ( 1501): Using interface wlan1 with hwaddr 02:00:00:00:01:00 and ssid "AndroidWifi"
05-02 08:48:46.224 I/hostapd ( 1501): wlan1: interface state HT_SCAN->ENABLED
05-02 08:48:46.224 I/hostapd ( 1501): wlan1: AP-ENABLED 
05-02 08:48:50.189 E/Typeface( 1325): Error mapping font file /system/fonts/DroidSansFallback.ttf
05-02 08:48:50.692 E/Typeface( 1326): Error mapping font file /system/fonts/DroidSansFallback.ttf
05-02 08:48:54.922 W/art     ( 1325): Suspending all threads took: 15.130ms
05-02 08:48:55.122 I/art     ( 1325): Background concurrent mark sweep GC freed 21948(2MB) AllocSpace objects, 82(1476KB) LOS objects, 33% free, 2MB/3MB, paused 55.285ms total 461.113ms
05-02 08:48:55.411 I/art     ( 1325): Background sticky concurrent mark sweep GC freed 255(1361KB) AllocSpace objects, 47(904KB) LOS objects, 44% free, 1849KB/3MB, paused 988us total 186.851ms
05-02 08:48:55.747 I/art     ( 1326): Background concurrent mark sweep GC freed 21943(2MB) AllocSpace objects, 89(1616KB) LOS objects, 33% free, 3MB/5MB, paused 24.983ms total 537.350ms
05-02 08:48:55.971 I/art     ( 1325): Thread[1,tid=1325,Native,Thread*=0x7a8ec5e95a00,peer=0x12c060d0,"main"] recursive attempt to load library "/system/lib64/libmedia_jni.so"
05-02 08:48:55.978 D/MtpDeviceJNI( 1325): register_android_mtp_MtpDevice
05-02 08:48:55.982 I/art     ( 1325): Thread[1,tid=1325,Native,Thread*=0x7a8ec5e95a00,peer=0x12c060d0,"main"] recursive attempt to load library "/system/lib64/libmedia_jni.so"
05-02 08:48:55.983 I/art     ( 1325): Thread[1,tid=1325,Native,Thread*=0x7a8ec5e95a00,peer=0x12c060d0,"main"] recursive attempt to load library "/system/lib64/libmedia_jni.so"
05-02 08:48:56.372 I/art     ( 1326): Thread[1,tid=1326,Native,Thread*=0xe9a8b400,peer=0x12c060d0,"main"] recursive attempt to load library "/system/lib/libmedia_jni.so"
05-02 08:48:56.391 D/MtpDeviceJNI( 1326): register_android_mtp_MtpDevice
05-02 08:48:56.393 I/art     ( 1326): Thread[1,tid=1326,Native,Thread*=0xe9a8b400,peer=0x12c060d0,"main"] recursive attempt to load library "/system/lib/libmedia_jni.so"
05-02 08:48:56.394 I/art     ( 1326): Thread[1,tid=1326,Native,Thread*=0xe9a8b400,peer=0x12c060d0,"main"] recursive attempt to load library "/system/lib/libmedia_jni.so"
05-02 08:48:59.105 W/Zygote  ( 1325): Class not found for preloading: android.view.Display$ColorTransform
05-02 08:48:59.106 W/Zygote  ( 1325): Class not found for preloading: android.view.Display$ColorTransform$1
05-02 08:48:59.216 W/Zygote  ( 1326): Class not found for preloading: android.view.Display$ColorTransform
05-02 08:48:59.217 W/Zygote  ( 1326): Class not found for preloading: android.view.Display$ColorTransform$1
05-02 08:49:02.244 I/art     ( 1326): Background sticky concurrent mark sweep GC freed 13067(2MB) AllocSpace objects, 39(740KB) LOS objects, 66% free, 1753KB/5MB, paused 1.994ms total 396.379ms
05-02 08:49:02.461 I/art     ( 1325): Background concurrent mark sweep GC freed 20371(1591KB) AllocSpace objects, 4(76KB) LOS objects, 41% free, 1473KB/2MB, paused 1.364ms total 351.343ms
05-02 08:49:03.504 I/System  ( 1325): Loaded time zone names for "" in 1371ms (1366ms in ICU)
05-02 08:49:04.087 I/System  ( 1325): Loaded time zone names for "en_US" in 582ms (578ms in ICU)
05-02 08:49:04.119 I/System  ( 1326): Loaded time zone names for "" in 1545ms (1539ms in ICU)
05-02 08:49:04.383 I/System  ( 1326): Loaded time zone names for "en_US" in 252ms (248ms in ICU)
05-02 08:49:04.969 I/Zygote  ( 1325): ...preloaded 4158 classes in 20583ms.
05-02 08:49:05.067 I/art     ( 1325): VMRuntime.preloadDexCaches starting
05-02 08:49:05.527 I/Zygote  ( 1326): ...preloaded 4158 classes in 20876ms.
05-02 08:49:05.528 I/art     ( 1326): VMRuntime.preloadDexCaches starting
05-02 08:49:06.695 I/art     ( 1325): VMRuntime.preloadDexCaches strings total=283712 before=39625 after=39625
05-02 08:49:06.696 I/art     ( 1325): VMRuntime.preloadDexCaches types total=23581 before=7877 after=7904
05-02 08:49:06.696 I/art     ( 1325): VMRuntime.preloadDexCaches fields total=112007 before=40903 after=41117
05-02 08:49:06.696 I/art     ( 1325): VMRuntime.preloadDexCaches methods total=197534 before=82457 after=83017
05-02 08:49:06.696 I/art     ( 1325): VMRuntime.preloadDexCaches finished
05-02 08:49:06.751 I/Zygote  ( 1325): Preloading resources...
05-02 08:49:07.143 I/art     ( 1326): VMRuntime.preloadDexCaches strings total=283712 before=39625 after=39625
05-02 08:49:07.143 I/art     ( 1326): VMRuntime.preloadDexCaches types total=23581 before=7877 after=7904
05-02 08:49:07.143 I/art     ( 1326): VMRuntime.preloadDexCaches fields total=112007 before=40903 after=41117
05-02 08:49:07.143 I/art     ( 1326): VMRuntime.preloadDexCaches methods total=197534 before=82457 after=83017
05-02 08:49:07.143 I/art     ( 1326): VMRuntime.preloadDexCaches finished
05-02 08:49:07.148 I/Zygote  ( 1326): Preloading resources...
05-02 08:49:08.682 W/Resources( 1325): Preloaded drawable resource #0x108025c (android:drawable/dialog_background_material) that varies with configuration!!
05-02 08:49:08.704 W/Resources( 1325): Preloaded drawable resource #0x1080298 (android:drawable/editbox_dropdown_background_dark) that varies with configuration!!
05-02 08:49:08.791 W/Resources( 1325): Preloaded color resource #0x10600e2 (android:color/material_grey_800) that varies with configuration!!
05-02 08:49:08.792 W/Resources( 1325): Preloaded drawable resource #0x10802c9 (android:drawable/floating_popup_background_dark) that varies with configuration!!
05-02 08:49:08.941 W/Resources( 1326): Preloaded drawable resource #0x108025c (android:drawable/dialog_background_material) that varies with configuration!!
05-02 08:49:08.945 W/Resources( 1326): Preloaded drawable resource #0x1080298 (android:drawable/editbox_dropdown_background_dark) that varies with configuration!!
05-02 08:49:08.980 I/art     ( 1325): Background concurrent mark sweep GC freed 643(49KB) AllocSpace objects, 0(0B) LOS objects, 60% free, 2MB/6MB, paused 497us total 158.352ms
05-02 08:49:09.080 W/Resources( 1326): Preloaded color resource #0x10600e2 (android:color/material_grey_800) that varies with configuration!!
05-02 08:49:09.081 W/Resources( 1326): Preloaded drawable resource #0x10802c9 (android:drawable/floating_popup_background_dark) that varies with configuration!!
05-02 08:49:09.329 W/Resources( 1325): Preloaded drawable resource #0x108030b (android:drawable/ic_clear_disabled) that varies with configuration!!
05-02 08:49:09.375 W/Resources( 1325): Preloaded drawable resource #0x1080310 (android:drawable/ic_clear_normal) that varies with configuration!!
05-02 08:49:09.463 W/Resources( 1325): Preloaded drawable resource #0x1080359 (android:drawable/ic_go) that varies with configuration!!
05-02 08:49:09.541 W/Resources( 1326): Preloaded drawable resource #0x108030b (android:drawable/ic_clear_disabled) that varies with configuration!!
05-02 08:49:09.544 W/Resources( 1326): Preloaded drawable resource #0x1080310 (android:drawable/ic_clear_normal) that varies with configuration!!
05-02 08:49:09.713 W/Resources( 1325): Preloaded drawable resource #0x1080038 (android:drawable/ic_menu_close_clear_cancel) that varies with configuration!!
05-02 08:49:09.765 W/Resources( 1325): Preloaded drawable resource #0x1080045 (android:drawable/ic_menu_more) that varies with configuration!!
05-02 08:49:09.824 W/Resources( 1326): Preloaded drawable resource #0x1080359 (android:drawable/ic_go) that varies with configuration!!
05-02 08:49:10.082 W/Resources( 1325): Preloaded drawable resource #0x10804e8 (android:drawable/menu_background_fill_parent_width) that varies with configuration!!
05-02 08:49:10.108 W/Resources( 1326): Preloaded drawable resource #0x1080038 (android:drawable/ic_menu_close_clear_cancel) that varies with configuration!!
05-02 08:49:10.186 W/Resources( 1326): Preloaded drawable resource #0x1080045 (android:drawable/ic_menu_more) that varies with configuration!!
05-02 08:49:10.532 I/art     ( 1326): Background concurrent mark sweep GC freed 15551(943KB) AllocSpace objects, 8(220KB) LOS objects, 49% free, 4MB/8MB, paused 59.318ms total 383.280ms
05-02 08:49:10.830 W/Resources( 1326): Preloaded drawable resource #0x10804e8 (android:drawable/menu_background_fill_parent_width) that varies with configuration!!
05-02 08:49:11.874 W/Resources( 1325): Preloaded drawable resource #0x108077e (android:drawable/text_edit_paste_window) that varies with configuration!!
05-02 08:49:12.003 W/Resources( 1325): Preloaded drawable resource #0x1080096 (android:drawable/toast_frame) that varies with configuration!!
05-02 08:49:12.003 I/Zygote  ( 1325): ...preloaded 114 resources in 5252ms.
05-02 08:49:12.248 W/Resources( 1325): Preloaded color resource #0x106010b (android:color/background_cache_hint_selector_material_dark) that varies with configuration!!
05-02 08:49:12.333 W/Resources( 1325): Preloaded color resource #0x1060110 (android:color/btn_default_material_dark) that varies with configuration!!
05-02 08:49:12.451 I/Zygote  ( 1325): ...preloaded 41 resources in 447ms.
05-02 08:49:12.452 D/libEGL  ( 1325): Emulator without GPU support detected. Fallback to legacy software renderer, qemu.gles is set to 0.
05-02 08:49:12.476 D/libEGL  ( 1325): loaded /system/lib64/egl/libGLES_android.so
05-02 08:49:12.760 W/Resources( 1326): Preloaded drawable resource #0x108077e (android:drawable/text_edit_paste_window) that varies with configuration!!
05-02 08:49:12.933 W/Resources( 1326): Preloaded drawable resource #0x1080096 (android:drawable/toast_frame) that varies with configuration!!
05-02 08:49:12.933 I/Zygote  ( 1326): ...preloaded 114 resources in 5785ms.
05-02 08:49:13.118 W/Resources( 1326): Preloaded color resource #0x106010b (android:color/background_cache_hint_selector_material_dark) that varies with configuration!!
05-02 08:49:13.152 W/Resources( 1326): Preloaded color resource #0x1060110 (android:color/btn_default_material_dark) that varies with configuration!!
05-02 08:49:13.173 I/Zygote  ( 1326): ...preloaded 41 resources in 240ms.
05-02 08:49:13.174 D/libEGL  ( 1326): Emulator without GPU support detected. Fallback to legacy software renderer, qemu.gles is set to 0.
05-02 08:49:13.341 D/libEGL  ( 1326): loaded /system/lib/egl/libGLES_android.so
05-02 08:49:13.372 I/Zygote  ( 1325): Preloading shared libraries...
05-02 08:49:13.585 E/Hyphenator( 1325): error loading hyphenation /system/usr/hyphen-data/hyph-as.hyb
05-02 08:49:13.585 E/Hyphenator( 1325): java.io.FileNotFoundException: /system/usr/hyphen-data/hyph-as.hyb: open failed: ENOENT (No such file or directory)
05-02 08:49:13.585 E/Hyphenator( 1325): 	at libcore.io.IoBridge.open(IoBridge.java:455)
05-02 08:49:13.585 E/Hyphenator( 1325): 	at java.io.RandomAccessFile.<init>(RandomAccessFile.java:247)
05-02 08:49:13.585 E/Hyphenator( 1325): 	at android.text.Hyphenator.loadHyphenator(Hyphenator.java:118)
05-02 08:49:13.585 E/Hyphenator( 1325): 	at android.text.Hyphenator.init(Hyphenator.java:224)
05-02 08:49:13.585 E/Hyphenator( 1325): 	at com.android.internal.os.ZygoteInit.preloadTextResources(ZygoteInit.java:252)
05-02 08:49:13.585 E/Hyphenator( 1325): 	at com.android.internal.os.ZygoteInit.preload(ZygoteInit.java:206)
05-02 08:49:13.585 E/Hyphenator( 1325): 	at com.android.internal.os.ZygoteInit.main(ZygoteInit.java:743)
05-02 08:49:13.585 E/Hyphenator( 1325): Caused by: android.system.ErrnoException: open failed: ENOENT (No such file or directory)
05-02 08:49:13.585 E/Hyphenator( 1325): 	at libcore.io.Posix.open(Native Method)
05-02 08:49:13.585 E/Hyphenator( 1325): 	at libcore.io.BlockGuardOs.open(BlockGuardOs.java:187)
05-02 08:49:13.585 E/Hyphenator( 1325): 	at libcore.io.IoBridge.open(IoBridge.java:441)
05-02 08:49:13.585 E/Hyphenator( 1325): 	... 6 more
05-02 08:49:13.587 E/Hyphenator( 1325): error loading hyphenation /system/usr/hyphen-data/hyph-bn.hyb
05-02 08:49:13.587 E/Hyphenator( 1325): java.io.FileNotFoundException: /system/usr/hyphen-data/hyph-bn.hyb: open failed: ENOENT (No such file or directory)
05-02 08:49:13.587 E/Hyphenator( 1325): 	at libcore.io.IoBridge.open(IoBridge.java:455)
05-02 08:49:13.587 E/Hyphenator( 1325): 	at java.io.RandomAccessFile.<init>(RandomAccessFile.java:247)
05-02 08:49:13.587 E/Hyphenator( 1325): 	at android.text.Hyphenator.loadHyphenator(Hyphenator.java:118)
05-02 08:49:13.587 E/Hyphenator( 1325): 	at android.text.Hyphenator.init(Hyphenator.java:224)
05-02 08:49:13.587 E/Hyphenator( 1325): 	at com.android.internal.os.ZygoteInit.preloadTextResources(ZygoteInit.java:252)
05-02 08:49:13.587 E/Hyphenator( 1325): 	at com.android.internal.os.ZygoteInit.preload(ZygoteInit.java:206)
05-02 08:49:13.587 E/Hyphenator( 1325): 	at com.android.internal.os.ZygoteInit.main(ZygoteInit.java:743)
05-02 08:49:13.587 E/Hyphenator( 1325): Caused by: android.system.ErrnoException: open failed: ENOENT (No such file or directory)
05-02 08:49:13.587 E/Hyphenator( 1325): 	at libcore.io.Posix.open(Native Method)
05-02 08:49:13.587 E/Hyphenator( 1325): 	at libcore.io.BlockGuardOs.open(BlockGuardOs.java:187)
05-02 08:49:13.587 E/Hyphenator( 1325): 	at libcore.io.IoBridge.open(IoBridge.java:441)
05-02 08:49:13.587 E/Hyphenator( 1325): 	... 6 more
05-02 08:49:13.589 E/Hyphenator( 1325): error loading hyphenation /system/usr/hyphen-data/hyph-cy.hyb
05-02 08:49:13.589 E/Hyphenator( 1325): java.io.FileNotFoundException: /system/usr/hyphen-data/hyph-cy.hyb: open failed: ENOENT (No such file or directory)
05-02 08:49:13.589 E/Hyphenator( 1325): 	at libcore.io.IoBridge.open(IoBridge.java:455)
05-02 08:49:13.589 E/Hyphenator( 1325): 	at java.io.RandomAccessFile.<init>(RandomAccessFile.java:247)
05-02 08:49:13.589 E/Hyphenator( 1325): 	at android.text.Hyphenator.loadHyphenator(Hyphenator.java:118)
05-02 08:49:13.589 E/Hyphenator( 1325): 	at android.text.Hyphenator.init(Hyphenator.java:224)
05-02 08:49:13.589 E/Hyphenator( 1325): 	at com.android.internal.os.ZygoteInit.preloadTextResources(ZygoteInit.java:252)
05-02 08:49:13.589 E/Hyphenator( 1325): 	at com.android.internal.os.ZygoteInit.preload(ZygoteInit.java:206)
05-02 08:49:13.589 E/Hyphenator( 1325): 	at com.android.internal.os.ZygoteInit.main(ZygoteInit.java:743)
05-02 08:49:13.589 E/Hyphenator( 1325): Caused by: android.system.ErrnoException: open failed: ENOENT (No such file or directory)
05-02 08:49:13.589 E/Hyphenator( 1325): 	at libcore.io.Posix.open(Native Method)
05-02 08:49:13.589 E/Hyphenator( 1325): 	at libcore.io.BlockGuardOs.open(BlockGuardOs.java:187)
05-02 08:49:13.589 E/Hyphenator( 1325): 	at libcore.io.IoBridge.open(IoBridge.java:441)
05-02 08:49:13.589 E/Hyphenator( 1325): 	... 6 more
05-02 08:49:13.798 E/Hyphenator( 1325): error loading hyphenation /system/usr/hyphen-data/hyph-da.hyb
05-02 08:49:13.798 E/Hyphenator( 1325): java.io.FileNotFoundException: /system/usr/hyphen-data/hyph-da.hyb: open failed: ENOENT (No such file or directory)
05-02 08:49:13.798 E/Hyphenator( 1325): 	at libcore.io.IoBridge.open(IoBridge.java:455)
05-02 08:49:13.798 E/Hyphenator( 1325): 	at java.io.RandomAccessFile.<init>(RandomAccessFile.java:247)
05-02 08:49:13.798 E/Hyphenator( 1325): 	at android.text.Hyphenator.loadHyphenator(Hyphenator.java:118)
05-02 08:49:13.798 E/Hyphenator( 1325): 	at android.text.Hyphenator.init(Hyphenator.java:224)
05-02 08:49:13.798 E/Hyphenator( 1325): 	at com.android.internal.os.ZygoteInit.preloadTextResources(ZygoteInit.java:252)
05-02 08:49:13.798 E/Hyphenator( 1325): 	at com.android.internal.os.ZygoteInit.preload(ZygoteInit.java:206)
05-02 08:49:13.798 E/Hyphenator( 1325): 	at com.android.internal.os.ZygoteInit.main(ZygoteInit.java:743)
05-02 08:49:13.798 E/Hyphenator( 1325): Caused by: android.system.ErrnoException: open failed: ENOENT (No such file or directory)
05-02 08:49:13.798 E/Hyphenator( 1325): 	at libcore.io.Posix.open(Native Method)
05-02 08:49:13.798 E/Hyphenator( 1325): 	at libcore.io.BlockGuardOs.open(BlockGuardOs.java:187)
05-02 08:49:13.798 E/Hyphenator( 1325): 	at libcore.io.IoBridge.open(IoBridge.java:441)
05-02 08:49:13.798 E/Hyphenator( 1325): 	... 6 more
05-02 08:49:14.031 E/Hyphenator( 1325): error loading hyphenation /system/usr/hyphen-data/hyph-de-1901.hyb
05-02 08:49:14.031 E/Hyphenator( 1325): java.io.FileNotFoundException: /system/usr/hyphen-data/hyph-de-1901.hyb: open failed: ENOENT (No such file or directory)
05-02 08:49:14.031 E/Hyphenator( 1325): 	at libcore.io.IoBridge.open(IoBridge.java:455)
05-02 08:49:14.031 E/Hyphenator( 1325): 	at java.io.RandomAccessFile.<init>(RandomAccessFile.java:247)
05-02 08:49:14.031 E/Hyphenator( 1325): 	at android.text.Hyphenator.loadHyphenator(Hyphenator.java:118)
05-02 08:49:14.031 E/Hyphenator( 1325): 	at android.text.Hyphenator.init(Hyphenator.java:224)
05-02 08:49:14.031 E/Hyphenator( 1325): 	at com.android.internal.os.ZygoteInit.preloadTextResources(ZygoteInit.java:252)
05-02 08:49:14.031 E/Hyphenator( 1325): 	at com.android.internal.os.ZygoteInit.preload(ZygoteInit.java:206)
05-02 08:49:14.031 E/Hyphenator( 1325): 	at com.android.internal.os.ZygoteInit.main(ZygoteInit.java:743)
05-02 08:49:14.031 E/Hyphenator( 1325): Caused by: android.system.ErrnoException: open failed: ENOENT (No such file or directory)
05-02 08:49:14.031 E/Hyphenator( 1325): 	at libcore.io.Posix.open(Native Method)
05-02 08:49:14.031 E/Hyphenator( 1325): 	at libcore.io.BlockGuardOs.open(BlockGuardOs.java:187)
05-02 08:49:14.031 E/Hyphenator( 1325): 	at libcore.io.IoBridge.open(IoBridge.java:441)
05-02 08:49:14.031 E/Hyphenator( 1325): 	... 6 more
05-02 08:49:14.033 E/Hyphenator( 1325): error loading hyphenation /system/usr/hyphen-data/hyph-de-1996.hyb
05-02 08:49:14.033 E/Hyphenator( 1325): java.io.FileNotFoundException: /system/usr/hyphen-data/hyph-de-1996.hyb: open failed: ENOENT (No such file or directory)
05-02 08:49:14.033 E/Hyphenator( 1325): 	at libcore.io.IoBridge.open(IoBridge.java:455)
05-02 08:49:14.033 E/Hyphenator( 1325): 	at java.io.RandomAccessFile.<init>(RandomAccessFile.java:247)
05-02 08:49:14.033 E/Hyphenator( 1325): 	at android.text.Hyphenator.loadHyphenator(Hyphenator.java:118)
05-02 08:49:14.033 E/Hyphenator( 1325): 	at android.text.Hyphenator.init(Hyphenator.java:224)
05-02 08:49:14.033 E/Hyphenator( 1325): 	at com.android.internal.os.ZygoteInit.preloadTextResources(ZygoteInit.java:252)
05-02 08:49:14.033 E/Hyphenator( 1325): 	at com.android.internal.os.ZygoteInit.preload(ZygoteInit.java:206)
05-02 08:49:14.033 E/Hyphenator( 1325): 	at com.android.internal.os.ZygoteInit.main(ZygoteInit.java:743)
05-02 08:49:14.033 E/Hyphenator( 1325): Caused by: android.system.ErrnoException: open failed: ENOENT (No such file or directory)
05-02 08:49:14.033 E/Hyphenator( 1325): 	at libcore.io.Posix.open(Native Method)
05-02 08:49:14.033 E/Hyphenator( 1325): 	at libcore.io.BlockGuardOs.open(BlockGuardOs.java:187)
05-02 08:49:14.033 E/Hyphenator( 1325): 	at libcore.io.IoBridge.open(IoBridge.java:441)
05-02 08:49:14.033 E/Hyphenator( 1325): 	... 6 more
05-02 08:49:14.035 E/Hyphenator( 1325): error loading hyphenation /system/usr/hyphen-data/hyph-de-ch-1901.hyb
05-02 08:49:14.035 E/Hyphenator( 1325): java.io.FileNotFoundException: /system/usr/hyphen-data/hyph-de-ch-1901.hyb: open failed: ENOENT (No such file or directory)
05-02 08:49:14.035 E/Hyphenator( 1325): 	at libcore.io.IoBridge.open(IoBridge.java:455)
05-02 08:49:14.035 E/Hyphenator( 1325): 	at java.io.RandomAccessFile.<init>(RandomAccessFile.java:247)
05-02 08:49:14.035 E/Hyphenator( 1325): 	at android.text.Hyphenator.loadHyphenator(Hyphenator.java:118)
05-02 08:49:14.035 E/Hyphenator( 1325): 	at android.text.Hyphenator.init(Hyphenator.java:224)
05-02 08:49:14.035 E/Hyphenator( 1325): 	at com.android.internal.os.ZygoteInit.preloadTextResources(ZygoteInit.java:252)
05-02 08:49:14.035 E/Hyphenator( 1325): 	at com.android.internal.os.ZygoteInit.preload(ZygoteInit.java:206)
05-02 08:49:14.035 E/Hyphenator( 1325): 	at com.android.internal.os.ZygoteInit.main(ZygoteInit.java:743)
05-02 08:49:14.035 E/Hyphenator( 1325): Caused by: android.system.ErrnoException: open failed: ENOENT (No such file or directory)
05-02 08:49:14.035 E/Hyphenator( 1325): 	at libcore.io.Posix.open(Native Method)
05-02 08:49:14.035 E/Hyphenator( 1325): 	at libcore.io.BlockGuardOs.open(BlockGuardOs.java:187)
05-02 08:49:14.035 E/Hyphenator( 1325): 	at libcore.io.IoBridge.open(IoBridge.java:441)
05-02 08:49:14.035 E/Hyphenator( 1325): 	... 6 more
05-02 08:49:14.036 E/Hyphenator( 1325): error loading hyphenation /system/usr/hyphen-data/hyph-en-gb.hyb
05-02 08:49:14.036 E/Hyphenator( 1325): java.io.FileNotFoundException: /system/usr/hyphen-data/hyph-en-gb.hyb: open failed: ENOENT (No such file or directory)
05-02 08:49:14.036 E/Hyphenator( 1325): 	at libcore.io.IoBridge.open(IoBridge.java:455)
05-02 08:49:14.036 E/Hyphenator( 1325): 	at java.io.RandomAccessFile.<init>(RandomAccessFile.java:247)
05-02 08:49:14.036 E/Hyphenator( 1325): 	at android.text.Hyphenator.loadHyphenator(Hyphenator.java:118)
05-02 08:49:14.036 E/Hyphenator( 1325): 	at android.text.Hyphenator.init(Hyphenator.java:224)
05-02 08:49:14.036 E/Hyphenator( 1325): 	at com.android.internal.os.ZygoteInit.preloadTextResources(ZygoteInit.java:252)
05-02 08:49:14.036 E/Hyphenator( 1325): 	at com.android.internal.os.ZygoteInit.preload(ZygoteInit.java:206)
05-02 08:49:14.036 E/Hyphenator( 1325): 	at com.android.internal.os.ZygoteInit.main(ZygoteInit.java:743)
05-02 08:49:14.036 E/Hyphenator( 1325): Caused by: android.system.ErrnoException: open failed: ENOENT (No such file or directory)
05-02 08:49:14.036 E/Hyphenator( 1325): 	at libcore.io.Posix.open(Native Method)
05-02 08:49:14.036 E/Hyphenator( 1325): 	at libcore.io.BlockGuardOs.open(BlockGuardOs.java:187)
05-02 08:49:14.036 E/Hyphenator( 1325): 	at libcore.io.IoBridge.open(IoBridge.java:441)
05-02 08:49:14.036 E/Hyphenator( 1325): 	... 6 more
05-02 08:49:14.038 E/Hyphenator( 1325): error loading hyphenation /system/usr/hyphen-data/hyph-en-us.hyb
05-02 08:49:14.038 E/Hyphenator( 1325): java.io.FileNotFoundException: /system/usr/hyphen-data/hyph-en-us.hyb: open failed: ENOENT (No such file or directory)
05-02 08:49:14.038 E/Hyphenator( 1325): 	at libcore.io.IoBridge.open(IoBridge.java:455)
05-02 08:49:14.038 E/Hyphenator( 1325): 	at java.io.RandomAccessFile.<init>(RandomAccessFile.java:247)
05-02 08:49:14.038 E/Hyphenator( 1325): 	at android.text.Hyphenator.loadHyphenator(Hyphenator.java:118)
05-02 08:49:14.038 E/Hyphenator( 1325): 	at android.text.Hyphenator.init(Hyphenator.java:224)
05-02 08:49:14.038 E/Hyphenator( 1325): 	at com.android.internal.os.ZygoteInit.preloadTextResources(ZygoteInit.java:252)
05-02 08:49:14.038 E/Hyphenator( 1325): 	at com.android.internal.os.ZygoteInit.preload(ZygoteInit.java:206)
05-02 08:49:14.038 E/Hyphenator( 1325): 	at com.android.internal.os.ZygoteInit.main(ZygoteInit.java:743)
05-02 08:49:14.038 E/Hyphenator( 1325): Caused by: android.system.ErrnoException: open failed: ENOENT (No such file or directory)
05-02 08:49:14.038 E/Hyphenator( 1325): 	at libcore.io.Posix.open(Native Method)
05-02 08:49:14.038 E/Hyphenator( 1325): 	at libcore.io.BlockGuardOs.open(BlockGuardOs.java:187)
05-02 08:49:14.038 E/Hyphenator( 1325): 	at libcore.io.IoBridge.open(IoBridge.java:441)
05-02 08:49:14.038 E/Hyphenator( 1325): 	... 6 more
05-02 08:49:14.039 E/Hyphenator( 1325): error loading hyphenation /system/usr/hyphen-data/hyph-es.hyb
05-02 08:49:14.039 E/Hyphenator( 1325): java.io.FileNotFoundException: /system/usr/hyphen-data/hyph-es.hyb: open failed: ENOENT (No such file or directory)
05-02 08:49:14.039 E/Hyphenator( 1325): 	at libcore.io.IoBridge.open(IoBridge.java:455)
05-02 08:49:14.039 E/Hyphenator( 1325): 	at java.io.RandomAccessFile.<init>(RandomAccessFile.java:247)
05-02 08:49:14.039 E/Hyphenator( 1325): 	at android.text.Hyphenator.loadHyphenator(Hyphenator.java:118)
05-02 08:49:14.039 E/Hyphenator( 1325): 	at android.text.Hyphenator.init(Hyphenator.java:224)
05-02 08:49:14.039 E/Hyphenator( 1325): 	at com.android.internal.os.ZygoteInit.preloadTextResources(ZygoteInit.java:252)
05-02 08:49:14.039 E/Hyphenator( 1325): 	at com.android.internal.os.ZygoteInit.preload(ZygoteInit.java:206)
05-02 08:49:14.039 E/Hyphenator( 1325): 	at com.android.internal.os.ZygoteInit.main(ZygoteInit.java:743)
05-02 08:49:14.039 E/Hyphenator( 1325): Caused by: android.system.ErrnoException: open failed: ENOENT (No such file or directory)
05-02 08:49:14.039 E/Hyphenator( 1325): 	at libcore.io.Posix.open(Native Method)
05-02 08:49:14.039 E/Hyphenator( 1325): 	at libcore.io.BlockGuardOs.open(BlockGuardOs.java:187)
05-02 08:49:14.039 E/Hyphenator( 1325): 	at libcore.io.IoBridge.open(IoBridge.java:441)
05-02 08:49:14.039 E/Hyphenator( 1325): 	... 6 more
05-02 08:49:14.167 E/Hyphenator( 1325): error loading hyphenation /system/usr/hyphen-data/hyph-et.hyb
05-02 08:49:14.167 E/Hyphenator( 1325): java.io.FileNotFoundException: /system/usr/hyphen-data/hyph-et.hyb: open failed: ENOENT (No such file or directory)
05-02 08:49:14.167 E/Hyphenator( 1325): 	at libcore.io.IoBridge.open(IoBridge.java:455)
05-02 08:49:14.167 E/Hyphenator( 1325): 	at java.io.RandomAccessFile.<init>(RandomAccessFile.java:247)
05-02 08:49:14.167 E/Hyphenator( 1325): 	at android.text.Hyphenator.loadHyphenator(Hyphenator.java:118)
05-02 08:49:14.167 E/Hyphenator( 1325): 	at android.text.Hyphenator.init(Hyphenator.java:224)
05-02 08:49:14.167 E/Hyphenator( 1325): 	at com.android.internal.os.ZygoteInit.preloadTextResources(ZygoteInit.java:252)
05-02 08:49:14.167 E/Hyphenator( 1325): 	at com.android.internal.os.ZygoteInit.preload(ZygoteInit.java:206)
05-02 08:49:14.167 E/Hyphenator( 1325): 	at com.android.internal.os.ZygoteInit.main(ZygoteInit.java:743)
05-02 08:49:14.167 E/Hyphenator( 1325): Caused by: android.system.ErrnoException: open failed: ENOENT (No such file or directory)
05-02 08:49:14.167 E/Hyphenator( 1325): 	at libcore.io.Posix.open(Native Method)
05-02 08:49:14.167 E/Hyphenator( 1325): 	at libcore.io.BlockGuardOs.open(BlockGuardOs.java:187)
05-02 08:49:14.167 E/Hyphenator( 1325): 	at libcore.io.IoBridge.open(IoBridge.java:441)
05-02 08:49:14.167 E/Hyphenator( 1325): 	... 6 more
05-02 08:49:14.175 E/Hyphenator( 1325): error loading hyphenation /system/usr/hyphen-data/hyph-eu.hyb
05-02 08:49:14.175 E/Hyphenator( 1325): java.io.FileNotFoundException: /system/usr/hyphen-data/hyph-eu.hyb: open failed: ENOENT (No such file or directory)
05-02 08:49:14.175 E/Hyphenator( 1325): 	at libcore.io.IoBridge.open(IoBridge.java:455)
05-02 08:49:14.175 E/Hyphenator( 1325): 	at java.io.RandomAccessFile.<init>(RandomAccessFile.java:247)
05-02 08:49:14.175 E/Hyphenator( 1325): 	at android.text.Hyphenator.loadHyphenator(Hyphenator.java:118)
05-02 08:49:14.175 E/Hyphenator( 1325): 	at android.text.Hyphenator.init(Hyphenator.java:224)
05-02 08:49:14.175 E/Hyphenator( 1325): 	at com.android.internal.os.ZygoteInit.preloadTextResources(ZygoteInit.java:252)
05-02 08:49:14.175 E/Hyphenator( 1325): 	at com.android.internal.os.ZygoteInit.preload(ZygoteInit.java:206)
05-02 08:49:14.175 E/Hyphenator( 1325): 	at com.android.internal.os.ZygoteInit.main(ZygoteInit.java:743)
05-02 08:49:14.175 E/Hyphenator( 1325): Caused by: android.system.ErrnoException: open failed: ENOENT (No such file or directory)
05-02 08:49:14.175 E/Hyphenator( 1325): 	at libcore.io.Posix.open(Native Method)
05-02 08:49:14.175 E/Hyphenator( 1325): 	at libcore.io.BlockGuardOs.open(BlockGuardOs.java:187)
05-02 08:49:14.175 E/Hyphenator( 1325): 	at libcore.io.IoBridge.open(IoBridge.java:441)
05-02 08:49:14.175 E/Hyphenator( 1325): 	... 6 more
05-02 08:49:14.176 E/Hyphenator( 1325): error loading hyphenation /system/usr/hyphen-data/hyph-fr.hyb
05-02 08:49:14.176 E/Hyphenator( 1325): java.io.FileNotFoundException: /system/usr/hyphen-data/hyph-fr.hyb: open failed: ENOENT (No such file or directory)
05-02 08:49:14.176 E/Hyphenator( 1325): 	at libcore.io.IoBridge.open(IoBridge.java:455)
05-02 08:49:14.176 E/Hyphenator( 1325): 	at java.io.RandomAccessFile.<init>(RandomAccessFile.java:247)
05-02 08:49:14.176 E/Hyphenator( 1325): 	at android.text.Hyphenator.loadHyphenator(Hyphenator.java:118)
05-02 08:49:14.176 E/Hyphenator( 1325): 	at android.text.Hyphenator.init(Hyphenator.java:224)
05-02 08:49:14.176 E/Hyphenator( 1325): 	at com.android.internal.os.ZygoteInit.preloadTextResources(ZygoteInit.java:252)
05-02 08:49:14.176 E/Hyphenator( 1325): 	at com.android.internal.os.ZygoteInit.preload(ZygoteInit.java:206)
05-02 08:49:14.176 E/Hyphenator( 1325): 	at com.android.internal.os.ZygoteInit.main(ZygoteInit.java:743)
05-02 08:49:14.176 E/Hyphenator( 1325): Caused by: android.system.ErrnoException: open failed: ENOENT (No such file or directory)
05-02 08:49:14.176 E/Hyphenator( 1325): 	at libcore.io.Posix.open(Native Method)
05-02 08:49:14.176 E/Hyphenator( 1325): 	at libcore.io.BlockGuardOs.open(BlockGuardOs.java:187)
05-02 08:49:14.176 E/Hyphenator( 1325): 	at libcore.io.IoBridge.open(IoBridge.java:441)
05-02 08:49:14.176 E/Hyphenator( 1325): 	... 6 more
05-02 08:49:14.178 E/Hyphenator( 1325): error loading hyphenation /system/usr/hyphen-data/hyph-ga.hyb
05-02 08:49:14.178 E/Hyphenator( 1325): java.io.FileNotFoundException: /system/usr/hyphen-data/hyph-ga.hyb: open failed: ENOENT (No such file or directory)
05-02 08:49:14.178 E/Hyphenator( 1325): 	at libcore.io.IoBridge.open(IoBridge.java:455)
05-02 08:49:14.178 E/Hyphenator( 1325): 	at java.io.RandomAccessFile.<init>(RandomAccessFile.java:247)
05-02 08:49:14.178 E/Hyphenator( 1325): 	at android.text.Hyphenator.loadHyphenator(Hyphenator.java:118)
05-02 08:49:14.178 E/Hyphenator( 1325): 	at android.text.Hyphenator.init(Hyphenator.java:224)
05-02 08:49:14.178 E/Hyphenator( 1325): 	at com.android.internal.os.ZygoteInit.preloadTextResources(ZygoteInit.java:252)
05-02 08:49:14.178 E/Hyphenator( 1325): 	at com.android.internal.os.ZygoteInit.preload(ZygoteInit.java:206)
05-02 08:49:14.178 E/Hyphenator( 1325): 	at com.android.internal.os.ZygoteInit.main(ZygoteInit.java:743)
05-02 08:49:14.178 E/Hyphenator( 1325): Caused by: android.system.ErrnoException: open failed: ENOENT (No such file or directory)
05-02 08:49:14.178 E/Hyphenator( 1325): 	at libcore.io.Posix.open(Native Method)
05-02 08:49:14.178 E/Hyphenator( 1325): 	at libcore.io.BlockGuardOs.open(BlockGuardOs.java:187)
05-02 08:49:14.178 E/Hyphenator( 1325): 	at libcore.io.IoBridge.open(IoBridge.java:441)
05-02 08:49:14.178 E/Hyphenator( 1325): 	... 6 more
05-02 08:49:14.179 E/Hyphenator( 1325): error loading hyphenation /system/usr/hyphen-data/hyph-gu.hyb
05-02 08:49:14.179 E/Hyphenator( 1325): java.io.FileNotFoundException: /system/usr/hyphen-data/hyph-gu.hyb: open failed: ENOENT (No such file or directory)
05-02 08:49:14.179 E/Hyphenator( 1325): 	at libcore.io.IoBridge.open(IoBridge.java:455)
05-02 08:49:14.179 E/Hyphenator( 1325): 	at java.io.RandomAccessFile.<init>(RandomAccessFile.java:247)
05-02 08:49:14.179 E/Hyphenator( 1325): 	at android.text.Hyphenator.loadHyphenator(Hyphenator.java:118)
05-02 08:49:14.179 E/Hyphenator( 1325): 	at android.text.Hyphenator.init(Hyphenator.java:224)
05-02 08:49:14.179 E/Hyphenator( 1325): 	at com.android.internal.os.ZygoteInit.preloadTextResources(ZygoteInit.java:252)
05-02 08:49:14.179 E/Hyphenator( 1325): 	at com.android.internal.os.ZygoteInit.preload(ZygoteInit.java:206)
05-02 08:49:14.179 E/Hyphenator( 1325): 	at com.android.internal.os.ZygoteInit.main(ZygoteInit.java:743)
05-02 08:49:14.179 E/Hyphenator( 1325): Caused by: android.system.ErrnoException: open failed: ENOENT (No such file or directory)
05-02 08:49:14.179 E/Hyphenator( 1325): 	at libcore.io.Posix.open(Native Method)
05-02 08:49:14.179 E/Hyphenator( 1325): 	at libcore.io.BlockGuardOs.open(BlockGuardOs.java:187)
05-02 08:49:14.179 E/Hyphenator( 1325): 	at libcore.io.IoBridge.open(IoBridge.java:441)
05-02 08:49:14.179 E/Hyphenator( 1325): 	... 6 more
