05-02 08:51:25.202 I/art     ( 2403): WaitForGcToComplete blocked for 24.796ms for cause DisableMovingGc
05-02 08:51:25.203 I/art     ( 2403): Starting a blocking GC DisableMovingGc
05-02 08:51:25.311 W/art     ( 1674): Long monitor contention with owner android.display (1723) at void com.android.server.wm.WindowAnimator$1.doFrame(long)(WindowAnimator.java:144) waiters=2 in float com.android.server.wm.WindowManagerService.getCurrentAnimatorScale() for 236ms
05-02 08:51:25.423 W/art     ( 1674): Long monitor contention with owner android.display (1723) at void com.android.server.wm.WindowAnimator$1.doFrame(long)(WindowAnimator.java:144) waiters=2 in void com.android.server.wm.WindowManagerService.removeWindowToken(android.os.IBinder) for 210ms
05-02 08:51:25.574 W/art     ( 1674): Long monitor contention with owner android.display (1723) at void com.android.server.wm.WindowAnimator$1.doFrame(long)(WindowAnimator.java:144) waiters=2 in float com.android.server.wm.WindowManagerService.getCurrentAnimatorScale() for 262ms
05-02 08:51:25.594 W/System  ( 2494): ClassLoader referenced unknown path: /system/app/KeyChain/lib/x86_64
05-02 08:51:25.693 W/art     ( 1674): Long monitor contention with owner android.display (1723) at void com.android.server.wm.WindowAnimator$1.doFrame(long)(WindowAnimator.java:144) waiters=2 in float com.android.server.wm.WindowManagerService.getCurrentAnimatorScale() for 329ms
05-02 08:51:25.695 W/art     ( 1674): Long monitor contention with owner android.display (1723) at void com.android.server.wm.WindowAnimator$1.doFrame(long)(WindowAnimator.java:144) waiters=2 in float com.android.server.wm.WindowManagerService.getCurrentAnimatorScale() for 120ms
05-02 08:51:25.697 W/art     ( 1674): Long monitor contention with owner android.fg (1721) at void com.android.server.wallpaper.WallpaperManagerService$WallpaperConnection.-com_android_server_wallpaper_WallpaperManagerService$WallpaperConnection_lambda$1()(WallpaperManagerService.java:610) waiters=0 in void com.android.server.wallpaper.WallpaperManagerService$WallpaperConnection.onServiceConnected(android.content.ComponentName, android.os.IBinder) for 2.245s
05-02 08:51:25.705 E/NetdConnector( 1674): NDC event {600 Iface linkstate eth1 up} processed too late: 746ms
05-02 08:51:25.877 E/NetdConnector( 1674): NDC event {616 Route updated fe80::/64 dev eth1} processed too late: 728ms
05-02 08:51:25.880 E/NetdConnector( 1674): NDC event {614 Address updated fe80::5054:ff:fe12:3457/64 eth1 196 253} processed too late: 853ms
05-02 08:51:25.945 V/Launcher( 2465): LauncherAppState inited
05-02 08:51:26.292 V/MediaRouter( 2422): Adding route: RouteInfo{ name=Phone, description=null, status=null, category=RouteCategory{ name=null types=ROUTE_TYPE_LIVE_AUDIO ROUTE_TYPE_LIVE_VIDEO  groupable=false }, supportedTypes=ROUTE_TYPE_LIVE_AUDIO ROUTE_TYPE_LIVE_VIDEO , presentationDisplay=null }
05-02 08:51:26.397 V/MediaRouter( 2422): Updating audio routes: AudioRoutesInfo{ type=SPEAKER }
05-02 08:51:26.408 V/MediaRouter( 2422): Selecting route: RouteInfo{ name=Phone, description=null, status=null, category=RouteCategory{ name=null types=ROUTE_TYPE_LIVE_AUDIO ROUTE_TYPE_LIVE_VIDEO  groupable=false }, supportedTypes=ROUTE_TYPE_LIVE_AUDIO ROUTE_TYPE_LIVE_VIDEO , presentationDisplay=null }
05-02 08:51:26.953 I/AlarmClock( 2403): AlarmInitReceiver android.intent.action.TIME_SET
05-02 08:51:27.148 D/TrustManagerService( 1674): Removing dead TrustListener.
05-02 08:51:27.970 W/art     ( 2518): Unexpected CPU variant for X86 using defaults: x86_64
05-02 08:51:28.005 W/ActivityManager( 1674): Slow operation: 377ms so far, now at startProcess: returned from zygote!
05-02 08:51:28.006 W/ActivityManager( 1674): Slow operation: 377ms so far, now at startProcess: done updating battery stats
05-02 08:51:28.006 W/ActivityManager( 1674): Slow operation: 377ms so far, now at startProcess: building log message
05-02 08:51:28.006 I/ActivityManager( 1674): Start proc 2518:com.android.printspooler/u0a51 for service com.android.printspooler/.model.PrintSpoolerService
05-02 08:51:28.006 W/ActivityManager( 1674): Slow operation: 378ms so far, now at startProcess: starting to update pids map
05-02 08:51:28.006 W/ActivityManager( 1674): Slow operation: 378ms so far, now at startProcess: done updating pids map
05-02 08:51:28.006 W/ActivityManager( 1674): Slow operation: 378ms so far, now at startProcess: done starting proc!
05-02 08:51:28.007 W/art     ( 1674): Long monitor contention with owner android.bg (1704) at int com.android.server.am.ActivityManagerService.bindService(android.app.IApplicationThread, android.os.IBinder, android.content.Intent, java.lang.String, android.app.IServiceConnection, int, java.lang.String, int)(ActivityManagerService.java:17301) waiters=0 in void com.android.server.am.ActivityManagerService.dispatchUidsChanged() for 378ms
05-02 08:51:28.010 W/art     ( 1674): Long monitor contention with owner android.bg (1704) at int com.android.server.am.ActivityManagerService.bindService(android.app.IApplicationThread, android.os.IBinder, android.content.Intent, java.lang.String, android.app.IServiceConnection, int, java.lang.String, int)(ActivityManagerService.java:17301) waiters=1 in void com.android.server.am.ActivityStack$ActivityStackHandler.handleMessage(android.os.Message) for 373ms
05-02 08:51:28.011 W/art     ( 1674): Long monitor contention with owner android.bg (1704) at int com.android.server.am.ActivityManagerService.bindService(android.app.IApplicationThread, android.os.IBinder, android.content.Intent, java.lang.String, android.app.IServiceConnection, int, java.lang.String, int)(ActivityManagerService.java:17301) waiters=2 in android.content.pm.UserInfo com.android.server.am.UserController.getCurrentUser() for 311ms
05-02 08:51:28.903 E/WVMExtractor( 2422): Failed to open libwvm.so: dlopen failed: library "libwvm.so" not found
05-02 08:51:29.567 I/Choreographer( 2187): Skipped 39 frames!  The application may be doing too much work on its main thread.
05-02 08:51:29.879 I/MediaPlayerService( 1337): MediaPlayerService::getOMX
05-02 08:51:29.900 I/OMXClient( 2422): MuxOMX ctor
05-02 08:51:30.215 I/OMXMaster( 1334): makeComponentInstance(OMX.google.vorbis.decoder) in mediacodec process
05-02 08:51:30.221 I/Choreographer( 2465): Skipped 30 frames!  The application may be doing too much work on its main thread.
05-02 08:51:30.855 D/gralloc_ranchu( 2465): Emulator without host-side GPU emulation detected. Loading gralloc.default.so from /vendor/lib64/hw/gralloc.goldfish.default.so...
05-02 08:51:30.858 D/gralloc_ranchu( 2465): gralloc.default.so not found in /vendor. Trying /system/lib64/hw/gralloc.goldfish.default.so...
05-02 08:51:31.375 I/Choreographer( 2465): Skipped 41 frames!  The application may be doing too much work on its main thread.
05-02 08:51:31.415 I/ActivityManager( 1674): Displayed com.android.launcher3/.Launcher: +9s319ms
05-02 08:51:31.721 W/ActivityManager( 1674): Launch timeout has expired, giving up wake lock!
05-02 08:51:31.989 I/vol.Events( 2422): writeEvent collection_started
05-02 08:51:32.104 I/vol.Events( 2422): writeEvent external_ringer_mode_changed normal
05-02 08:51:32.105 I/vol.Events( 2422): writeEvent internal_ringer_mode_changed normal
05-02 08:51:32.080 V/GridSizeMigrationTask( 2465): Workspace migration completed in 1034
05-02 08:51:32.163 D/Launcher.Model( 2465): loadWorkspace: loading default favorites
05-02 08:51:32.226 I/MediaPlayerService( 1337): MediaPlayerService::getOMX
05-02 08:51:32.232 I/OMXClient( 2422): MuxOMX ctor
05-02 08:51:32.240 I/OMXMaster( 1334): makeComponentInstance(OMX.google.vorbis.decoder) in mediacodec process
05-02 08:51:33.394 I/MediaPlayerService( 1337): MediaPlayerService::getOMX
05-02 08:51:33.400 I/OMXClient( 2422): MuxOMX ctor
05-02 08:51:33.414 I/OMXMaster( 1334): makeComponentInstance(OMX.google.vorbis.decoder) in mediacodec process
05-02 08:51:34.197 D/WIFI    ( 1674): Registering NetworkFactory
05-02 08:51:34.198 D/WIFI_UT ( 1674): Registering NetworkFactory
05-02 08:51:34.200 D/ConnectivityService( 1674): Got NetworkFactory Messenger for WIFI
05-02 08:51:34.209 D/ConnectivityService( 1674): Got NetworkFactory Messenger for WIFI_UT
05-02 08:51:34.230 D/WIFI    ( 1674): got request NetworkRequest [ REQUEST id=1, [ Capabilities: INTERNET&NOT_RESTRICTED&TRUSTED&NOT_VPN] ] with score 0
05-02 08:51:34.236 D/WIFI_UT ( 1674): got request NetworkRequest [ REQUEST id=1, [ Capabilities: INTERNET&NOT_RESTRICTED&TRUSTED&NOT_VPN] ] with score 0
05-02 08:51:34.237 I/AlarmClock( 2403): AlarmInitReceiver android.intent.action.LOCKED_BOOT_COMPLETED
05-02 08:51:34.296 V/AlarmClock( 2403): AlarmInitReceiver finished
05-02 08:51:34.324 I/BackupManagerService( 1674): Found stale backup journal, scheduling
05-02 08:51:35.308 W/art     ( 1674): Long monitor contention with owner Binder:1674_6 (2207) at java.util.List com.android.server.pm.PackageManagerService.queryIntentActivitiesInternal(android.content.Intent, java.lang.String, int, int)(PackageManagerService.java:5338) waiters=0 in boolean com.android.server.pm.PackageManagerService.isProtectedBroadcast(java.lang.String) for 115ms
05-02 08:51:35.483 I/vol.Events( 2422): writeEvent level_changed STREAM_ALARM 6
05-02 08:51:35.519 I/vol.Events( 2422): writeEvent level_changed STREAM_BLUETOOTH_SCO 7
05-02 08:51:35.536 I/vol.Events( 2422): writeEvent level_changed STREAM_MUSIC 11
05-02 08:51:35.604 I/vol.Events( 2422): writeEvent level_changed STREAM_RING 5
05-02 08:51:35.617 I/vol.Events( 2422): writeEvent level_changed STREAM_SYSTEM 5
05-02 08:51:35.863 I/vol.Events( 2422): writeEvent level_changed STREAM_VOICE_CALL 4
05-02 08:51:36.339 D/StorageNotification( 2422): Notifying about private volume: VolumeInfo{private}:
05-02 08:51:36.339 D/StorageNotification( 2422):     type=PRIVATE diskId=null partGuid=null mountFlags=0 mountUserId=-1 
05-02 08:51:36.339 D/StorageNotification( 2422):     state=MOUNTED 
05-02 08:51:36.339 D/StorageNotification( 2422):     fsType=null fsUuid=null fsLabel=null 
05-02 08:51:36.339 D/StorageNotification( 2422):     path=/data internalPath=null 
05-02 08:51:36.353 D/StorageNotification( 2422): Notifying about public volume: VolumeInfo{public:253,48}:
05-02 08:51:36.353 D/StorageNotification( 2422):     type=PUBLIC diskId=disk:253,48 partGuid=null mountFlags=VISIBLE 
05-02 08:51:36.353 D/StorageNotification( 2422):     mountUserId=0 state=MOUNTED 
05-02 08:51:36.353 D/StorageNotification( 2422):     fsType=vfat fsUuid=1EFF-1C1B fsLabel=SDCARD 
05-02 08:51:36.353 D/StorageNotification( 2422):     path=/storage/1EFF-1C1B internalPath=/mnt/media_rw/1EFF-1C1B 
05-02 08:51:36.707 D/AlarmClock/Events( 2403): [Stopwatch] [Reset] [Reboot]
05-02 08:51:36.825 V/KeyguardServiceDelegate( 1674): *** Keyguard connected (yay!)
05-02 08:51:37.015 D/LockSettings( 1674): Removing dead StrongAuthTracker.
05-02 08:51:36.096 W/ifconfig( 2570): type=1400 audit(0.0:13): avc: denied { ioctl } for path="socket:[13575]" dev="sockfs" ino=13575 ioctlcmd=8927 scontext=u:r:shell:s0 tcontext=u:r:shell:s0 tclass=udp_socket permissive=0
05-02 08:51:36.146 W/ifconfig( 2570): type=1400 audit(0.0:14): avc: denied { ioctl } for path="socket:[13575]" dev="sockfs" ino=13575 ioctlcmd=891d scontext=u:r:shell:s0 tcontext=u:r:shell:s0 tclass=udp_socket permissive=0
05-02 08:51:36.156 W/ifconfig( 2570): type=1400 audit(0.0:15): avc: denied { ioctl } for path="socket:[13575]" dev="sockfs" ino=13575 ioctlcmd=8970 scontext=u:r:shell:s0 tcontext=u:r:shell:s0 tclass=udp_socket permissive=0
05-02 08:51:37.305 I/art     ( 1674): Background partial concurrent mark sweep GC freed 30511(2MB) AllocSpace objects, 14(1300KB) LOS objects, 28% free, 9MB/13MB, paused 7.606ms total 2.113s
05-02 08:51:37.564 W/art     ( 1674): Long monitor contention with owner Binder:1674_7 (2221) at int com.android.server.wm.WindowManagerService.relayoutWindow(com.android.server.wm.Session, android.view.IWindow, int, android.view.WindowManager$LayoutParams, int, int, int, int, android.graphics.Rect, android.graphics.Rect, android.graphics.Rect, android.graphics.Rect, android.graphics.Rect, android.graphics.Rect, android.graphics.Rect, android.content.res.Configuration, android.view.Surface)(WindowManagerService.java:2857) waiters=0 in void com.android.server.wm.WindowManagerService$H.handleMessage(android.os.Message) for 359ms
05-02 08:51:37.766 I/art     ( 2465): Background sticky concurrent mark sweep GC freed 20015(1942KB) AllocSpace objects, 9(204KB) LOS objects, 21% free, 7MB/10MB, paused 1.436ms total 211.253ms
05-02 08:51:38.142 W/ActivityManager( 1674): Slow operation: 147ms so far, now at startProcess: returned from zygote!
05-02 08:51:38.142 W/ActivityManager( 1674): Slow operation: 148ms so far, now at startProcess: done updating battery stats
05-02 08:51:38.143 W/ActivityManager( 1674): Slow operation: 148ms so far, now at startProcess: building log message
05-02 08:51:38.143 I/ActivityManager( 1674): Start proc 2582:android.process.media/u0a10 for broadcast com.android.providers.downloads/.DownloadReceiver
05-02 08:51:38.143 W/ActivityManager( 1674): Slow operation: 149ms so far, now at startProcess: starting to update pids map
05-02 08:51:38.144 W/ActivityManager( 1674): Slow operation: 149ms so far, now at startProcess: done updating pids map
05-02 08:51:38.144 W/ActivityManager( 1674): Slow operation: 184ms so far, now at startProcess: done starting proc!
05-02 08:51:38.144 W/art     ( 1674): Long monitor contention with owner Binder:1674_6 (2207) at void com.android.server.am.BroadcastQueue.processNextBroadcast(boolean)(BroadcastQueue.java:760) waiters=0 in void com.android.server.am.ActivityManagerService.dispatchUidsChanged() for 154ms
05-02 08:51:38.348 W/art     ( 2582): Unexpected CPU variant for X86 using defaults: x86_64
05-02 08:51:38.648 I/Choreographer( 2422): Skipped 149 frames!  The application may be doing too much work on its main thread.
05-02 08:51:38.844 V/AlarmClock( 2403): AlarmInitReceiver finished
05-02 08:51:38.937 E/NetdConnector( 1674): NDC Command {19 bandwidth addniceapps 10010} took too long (790ms)
05-02 08:51:39.273 W/art     ( 1674): Long monitor contention with owner Binder:1674_2 (1695) at void com.android.server.wm.WindowManagerService.setInsetsWindow(com.android.server.wm.Session, android.view.IWindow, int, android.graphics.Rect, android.graphics.Rect, android.graphics.Region)(WindowManagerService.java:2719) waiters=0 in void com.android.server.wm.WindowManagerService$H.handleMessage(android.os.Message) for 256ms
05-02 08:51:39.277 W/art     ( 1674): Long monitor contention with owner Binder:1674_2 (1695) at void com.android.server.wm.WindowManagerService.setInsetsWindow(com.android.server.wm.Session, android.view.IWindow, int, android.graphics.Rect, android.graphics.Rect, android.graphics.Region)(WindowManagerService.java:2719) waiters=1 in void com.android.server.wm.WindowManagerService.setDockedStackDividerTouchRegion(android.graphics.Rect) for 203ms
05-02 08:51:39.361 I/art     ( 2422): Background sticky concurrent mark sweep GC freed 12225(1291KB) AllocSpace objects, 2(40KB) LOS objects, 0% free, 10MB/10MB, paused 8.800ms total 113.787ms
05-02 08:51:39.399 W/System  ( 2582): ClassLoader referenced unknown path: /system/priv-app/DownloadProvider/lib/x86_64
05-02 08:51:39.629 W/System  ( 2582): ClassLoader referenced unknown path: /system/priv-app/MediaProvider/lib/x86_64
05-02 08:51:39.635 D/ApplicationLoaders( 2582): ignored Vulkan layer search path /system/priv-app/MediaProvider/lib/x86_64:/system/priv-app/MediaProvider/MediaProvider.apk!/lib/x86_64:/system/lib64:/vendor/lib64 for namespace 0x7a8eca5b90f0
05-02 08:51:39.665 I/StatusBarManagerService( 1674): registerStatusBar bar=com.android.internal.statusbar.IStatusBar$Stub$Proxy@498a984
05-02 08:51:39.917 I/art     ( 2422): Background partial concurrent mark sweep GC freed 2168(207KB) AllocSpace objects, 0(0B) LOS objects, 26% free, 11MB/15MB, paused 1.286ms total 435.256ms
05-02 08:51:41.437 D/MediaScannerReceiver( 2582): action: android.intent.action.MEDIA_MOUNTED path: /storage/1EFF-1C1B
05-02 08:51:41.874 W/System  ( 2422): ClassLoader referenced unknown path: 
05-02 08:51:41.875 W/System  ( 2422): ClassLoader referenced unknown path: /system/priv-app/Dialer/lib/x86_64
05-02 08:51:41.879 D/ApplicationLoaders( 2422): ignored Vulkan layer search path /system/priv-app/Dialer/lib/x86_64:/system/lib64:/vendor/lib64 for namespace 0x7a8eca71c0f0
05-02 08:51:42.024 D/MediaScannerReceiver( 2582): action: android.intent.action.MEDIA_MOUNTED path: /storage/emulated/0
05-02 08:51:42.114 E/BluetoothAdapter( 2422): Bluetooth binder is null
05-02 08:51:42.238 I/CameraManagerGlobal( 2422): Connecting to camera service
05-02 08:51:42.286 V/EmulatedCamera_Camera( 1328): getCameraInfo
05-02 08:51:42.287 V/EmulatedCamera_BaseCamera( 1328): getCameraInfo
05-02 08:51:42.287 I/CameraService( 1328): getCameraCharacteristics: Switching to HAL1 shim implementation...
05-02 08:51:42.287 V/EmulatedCamera_Camera( 1328): getCameraInfo
05-02 08:51:42.287 V/EmulatedCamera_BaseCamera( 1328): getCameraInfo
05-02 08:51:42.311 V/EmulatedCamera_Camera( 1328): getCameraInfo
05-02 08:51:42.311 V/EmulatedCamera_BaseCamera( 1328): getCameraInfo
05-02 08:51:42.316 V/EmulatedCamera_Camera( 1328): getCameraInfo
05-02 08:51:42.316 V/EmulatedCamera_BaseCamera( 1328): getCameraInfo
05-02 08:51:42.418 I/StatusBar( 2422): isKeyguardShowing() called before startKeyguard(), returning true
05-02 08:51:42.424 W/StatusBar( 2422): isKeyguardSecure() called before startKeyguard(), returning false
05-02 08:51:42.424 W/StatusBar( 2422): java.lang.Throwable
05-02 08:51:42.424 W/StatusBar( 2422): 	at com.android.systemui.statusbar.BaseStatusBar.isKeyguardSecure(BaseStatusBar.java:2647)
05-02 08:51:42.424 W/StatusBar( 2422): 	at com.android.systemui.statusbar.BaseStatusBar.isCameraAllowedByAdmin(BaseStatusBar.java:2670)
05-02 08:51:42.424 W/StatusBar( 2422): 	at com.android.systemui.statusbar.phone.KeyguardBottomAreaView.updateCameraVisibility(KeyguardBottomAreaView.java:309)
05-02 08:51:42.424 W/StatusBar( 2422): 	at com.android.systemui.statusbar.phone.KeyguardBottomAreaView.setPhoneStatusBar(KeyguardBottomAreaView.java:272)
05-02 08:51:42.424 W/StatusBar( 2422): 	at com.android.systemui.statusbar.phone.PhoneStatusBar.makeStatusBarView(PhoneStatusBar.java:904)
05-02 08:51:42.424 W/StatusBar( 2422): 	at com.android.systemui.statusbar.phone.PhoneStatusBar.addStatusBarWindow(PhoneStatusBar.java:3432)
05-02 08:51:42.424 W/StatusBar( 2422): 	at com.android.systemui.statusbar.phone.PhoneStatusBar.createAndAddWindows(PhoneStatusBar.java:3428)
05-02 08:51:42.424 W/StatusBar( 2422): 	at com.android.systemui.statusbar.BaseStatusBar.start(BaseStatusBar.java:765)
05-02 08:51:42.424 W/StatusBar( 2422): 	at com.android.systemui.statusbar.phone.PhoneStatusBar.start(PhoneStatusBar.java:686)
05-02 08:51:42.424 W/StatusBar( 2422): 	at com.android.systemui.statusbar.SystemBars.createStatusBarFromConfig(SystemBars.java:106)
05-02 08:51:42.424 W/StatusBar( 2422): 	at com.android.systemui.statusbar.SystemBars.onNoService(SystemBars.java:58)
05-02 08:51:42.424 W/StatusBar( 2422): 	at com.android.systemui.statusbar.ServiceMonitor.startService(ServiceMonitor.java:230)
05-02 08:51:42.424 W/StatusBar( 2422): 	at com.android.systemui.statusbar.ServiceMonitor.-wrap5(ServiceMonitor.java)
05-02 08:51:42.424 W/StatusBar( 2422): 	at com.android.systemui.statusbar.ServiceMonitor$1.handleMessage(ServiceMonitor.java:73)
05-02 08:51:42.424 W/StatusBar( 2422): 	at android.os.Handler.dispatchMessage(Handler.java:102)
05-02 08:51:42.424 W/StatusBar( 2422): 	at android.os.Looper.loop(Looper.java:154)
05-02 08:51:42.424 W/StatusBar( 2422): 	at android.app.ActivityThread.main(ActivityThread.java:6119)
05-02 08:51:42.424 W/StatusBar( 2422): 	at java.lang.reflect.Method.invoke(Native Method)
05-02 08:51:42.424 W/StatusBar( 2422): 	at com.android.internal.os.ZygoteInit$MethodAndArgsCaller.run(ZygoteInit.java:886)
05-02 08:51:42.424 W/StatusBar( 2422): 	at com.android.internal.os.ZygoteInit.main(ZygoteInit.java:776)
05-02 08:51:42.430 I/StatusBar( 2422): isKeyguardShowing() called before startKeyguard(), returning true
05-02 08:51:42.434 W/StatusBar( 2422): isKeyguardSecure() called before startKeyguard(), returning false
05-02 08:51:42.434 W/StatusBar( 2422): java.lang.Throwable
05-02 08:51:42.434 W/StatusBar( 2422): 	at com.android.systemui.statusbar.BaseStatusBar.isKeyguardSecure(BaseStatusBar.java:2647)
05-02 08:51:42.434 W/StatusBar( 2422): 	at com.android.systemui.statusbar.BaseStatusBar.isCameraAllowedByAdmin(BaseStatusBar.java:2670)
05-02 08:51:42.434 W/StatusBar( 2422): 	at com.android.systemui.statusbar.phone.KeyguardBottomAreaView.updateCameraVisibility(KeyguardBottomAreaView.java:309)
05-02 08:51:42.434 W/StatusBar( 2422): 	at com.android.systemui.statusbar.phone.KeyguardBottomAreaView.setUserSetupComplete(KeyguardBottomAreaView.java:281)
05-02 08:51:42.434 W/StatusBar( 2422): 	at com.android.systemui.statusbar.phone.PhoneStatusBar.makeStatusBarView(PhoneStatusBar.java:905)
05-02 08:51:42.434 W/StatusBar( 2422): 	at com.android.systemui.statusbar.phone.PhoneStatusBar.addStatusBarWindow(PhoneStatusBar.java:3432)
05-02 08:51:42.434 W/StatusBar( 2422): 	at com.android.systemui.statusbar.phone.PhoneStatusBar.createAndAddWindows(PhoneStatusBar.java:3428)
05-02 08:51:42.434 W/StatusBar( 2422): 	at com.android.systemui.statusbar.BaseStatusBar.start(BaseStatusBar.java:765)
05-02 08:51:42.434 W/StatusBar( 2422): 	at com.android.systemui.statusbar.phone.PhoneStatusBar.start(PhoneStatusBar.java:686)
05-02 08:51:42.434 W/StatusBar( 2422): 	at com.android.systemui.statusbar.SystemBars.createStatusBarFromConfig(SystemBars.java:106)
05-02 08:51:42.434 W/StatusBar( 2422): 	at com.android.systemui.statusbar.SystemBars.onNoService(SystemBars.java:58)
05-02 08:51:42.434 W/StatusBar( 2422): 	at com.android.systemui.statusbar.ServiceMonitor.startService(ServiceMonitor.java:230)
05-02 08:51:42.434 W/StatusBar( 2422): 	at com.android.systemui.statusbar.ServiceMonitor.-wrap5(ServiceMonitor.java)
05-02 08:51:42.434 W/StatusBar( 2422): 	at com.android.systemui.statusbar.ServiceMonitor$1.handleMessage(ServiceMonitor.java:73)
05-02 08:51:42.434 W/StatusBar( 2422): 	at android.os.Handler.dispatchMessage(Handler.java:102)
05-02 08:51:42.434 W/StatusBar( 2422): 	at android.os.Looper.loop(Looper.java:154)
05-02 08:51:42.434 W/StatusBar( 2422): 	at android.app.ActivityThread.main(ActivityThread.java:6119)
05-02 08:51:42.434 W/StatusBar( 2422): 	at java.lang.reflect.Method.invoke(Native Method)
05-02 08:51:42.434 W/StatusBar( 2422): 	at com.android.internal.os.ZygoteInit$MethodAndArgsCaller.run(ZygoteInit.java:886)
05-02 08:51:42.434 W/StatusBar( 2422): 	at com.android.internal.os.ZygoteInit.main(ZygoteInit.java:776)
05-02 08:51:42.648 V/EmulatedCamera_Camera( 1328): getCameraInfo
05-02 08:51:42.648 V/EmulatedCamera_BaseCamera( 1328): getCameraInfo
05-02 08:51:42.658 V/EmulatedCamera_Camera( 1328): getCameraInfo
05-02 08:51:42.658 V/EmulatedCamera_BaseCamera( 1328): getCameraInfo
05-02 08:51:42.834 V/MediaScanner( 2582): pruneDeadThumbnailFiles... android.content.ContentProviderClient$CursorWrapperInner@67a3201
05-02 08:51:42.850 V/MediaScanner( 2582): /pruneDeadThumbnailFiles... android.content.ContentProviderClient$CursorWrapperInner@67a3201
05-02 08:51:42.957 I/StatusBar( 2422): isKeyguardShowing() called before startKeyguard(), returning true
05-02 08:51:42.959 W/StatusBar( 2422): isKeyguardSecure() called before startKeyguard(), returning false
05-02 08:51:42.959 W/StatusBar( 2422): java.lang.Throwable
05-02 08:51:42.959 W/StatusBar( 2422): 	at com.android.systemui.statusbar.BaseStatusBar.isKeyguardSecure(BaseStatusBar.java:2647)
05-02 08:51:42.959 W/StatusBar( 2422): 	at com.android.systemui.statusbar.BaseStatusBar.isCameraAllowedByAdmin(BaseStatusBar.java:2670)
05-02 08:51:42.959 W/StatusBar( 2422): 	at com.android.systemui.statusbar.phone.KeyguardBottomAreaView.updateCameraVisibility(KeyguardBottomAreaView.java:309)
05-02 08:51:42.959 W/StatusBar( 2422): 	at com.android.systemui.statusbar.phone.KeyguardBottomAreaView.setUserSetupComplete(KeyguardBottomAreaView.java:281)
05-02 08:51:42.959 W/StatusBar( 2422): 	at com.android.systemui.statusbar.phone.PhoneStatusBar$1.onChange(PhoneStatusBar.java:441)
05-02 08:51:42.959 W/StatusBar( 2422): 	at com.android.systemui.statusbar.phone.PhoneStatusBar.resetUserSetupObserver(PhoneStatusBar.java:3676)
05-02 08:51:42.959 W/StatusBar( 2422): 	at com.android.systemui.statusbar.phone.PhoneStatusBar.makeStatusBarView(PhoneStatusBar.java:1008)
05-02 08:51:42.959 W/StatusBar( 2422): 	at com.android.systemui.statusbar.phone.PhoneStatusBar.addStatusBarWindow(PhoneStatusBar.java:3432)
05-02 08:51:42.959 W/StatusBar( 2422): 	at com.android.systemui.statusbar.phone.PhoneStatusBar.createAndAddWindows(PhoneStatusBar.java:3428)
05-02 08:51:42.959 W/StatusBar( 2422): 	at com.android.systemui.statusbar.BaseStatusBar.start(BaseStatusBar.java:765)
05-02 08:51:42.959 W/StatusBar( 2422): 	at com.android.systemui.statusbar.phone.PhoneStatusBar.start(PhoneStatusBar.java:686)
05-02 08:51:42.959 W/StatusBar( 2422): 	at com.android.systemui.statusbar.SystemBars.createStatusBarFromConfig(SystemBars.java:106)
05-02 08:51:42.959 W/StatusBar( 2422): 	at com.android.systemui.statusbar.SystemBars.onNoService(SystemBars.java:58)
05-02 08:51:42.959 W/StatusBar( 2422): 	at com.android.systemui.statusbar.ServiceMonitor.startService(ServiceMonitor.java:230)
05-02 08:51:42.959 W/StatusBar( 2422): 	at com.android.systemui.statusbar.ServiceMonitor.-wrap5(ServiceMonitor.java)
05-02 08:51:42.959 W/StatusBar( 2422): 	at com.android.systemui.statusbar.ServiceMonitor$1.handleMessage(ServiceMonitor.java:73)
05-02 08:51:42.959 W/StatusBar( 2422): 	at android.os.Handler.dispatchMessage(Handler.java:102)
05-02 08:51:42.959 W/StatusBar( 2422): 	at android.os.Looper.loop(Looper.java:154)
05-02 08:51:42.959 W/StatusBar( 2422): 	at android.app.ActivityThread.main(ActivityThread.java:6119)
05-02 08:51:42.959 W/StatusBar( 2422): 	at java.lang.reflect.Method.invoke(Native Method)
05-02 08:51:42.959 W/StatusBar( 2422): 	at com.android.internal.os.ZygoteInit$MethodAndArgsCaller.run(ZygoteInit.java:886)
05-02 08:51:42.959 W/StatusBar( 2422): 	at com.android.internal.os.ZygoteInit.main(ZygoteInit.java:776)
05-02 08:51:43.022 E/SurfaceFlinger( 1321): ro.sf.lcd_density must be defined as a build property
05-02 08:51:43.028 D/OpenGLRenderer( 2422): profile bars disabled
05-02 08:51:43.030 D/OpenGLRenderer( 2422): ambientRatio = 1.50
05-02 08:51:43.074 D/PhoneStatusBar( 2422): disable: < EXPAND* icons alerts system_info BACK* HOME* RECENT* clock SEARCH* quick_settings >
05-02 08:51:43.256 I/ActivityManager( 1674): Start proc 2618:android.process.acore/u0a1 for content provider com.android.providers.contacts/.ContactsProvider2
05-02 08:51:43.306 W/art     ( 2618): Unexpected CPU variant for X86 using defaults: x86_64
05-02 08:51:43.311 I/art     ( 2422): Background sticky concurrent mark sweep GC freed 9179(1890KB) AllocSpace objects, 3(60KB) LOS objects, 14% free, 12MB/15MB, paused 1.339ms total 118.773ms
05-02 08:51:43.637 D/PhoneStatusBar( 2422): heads up is enabled
05-02 08:51:43.758 W/System  ( 2618): ClassLoader referenced unknown path: /system/priv-app/ContactsProvider/lib/x86_64
05-02 08:51:43.837 V/KeyguardServiceDelegate( 1674): **** SHOWN CALLED ****
05-02 08:51:44.231 I/ContactsPerf( 2618): VoicemailContentProvider.onCreate start
05-02 08:51:44.287 I/ContactsPerf( 2618): VoicemailContentProvider.onCreate finish
05-02 08:51:44.323 W/System  ( 2618): ClassLoader referenced unknown path: /system/priv-app/BlockedNumberProvider/lib/x86_64
05-02 08:51:44.331 D/ApplicationLoaders( 2618): ignored Vulkan layer search path /system/priv-app/BlockedNumberProvider/lib/x86_64:/system/lib64:/vendor/lib64 for namespace 0x7a8eca5b90f0
05-02 08:51:44.371 W/art     ( 1674): Long monitor contention with owner android.ui (1707) at int com.android.server.wm.WindowManagerService.relayoutWindow(com.android.server.wm.Session, android.view.IWindow, int, android.view.WindowManager$LayoutParams, int, int, int, int, android.graphics.Rect, android.graphics.Rect, android.graphics.Rect, android.graphics.Rect, android.graphics.Rect, android.graphics.Rect, android.graphics.Rect, android.content.res.Configuration, android.view.Surface)(WindowManagerService.java:2857) waiters=1 in int com.android.server.wm.WindowManagerService.relayoutWindow(com.android.server.wm.Session, android.view.IWindow, int, android.view.WindowManager$LayoutParams, int, int, int, int, android.graphics.Rect, android.graphics.Rect, android.graphics.Rect, android.graphics.Rect, android.graphics.Rect, android.graphics.Rect, android.graphics.Rect, android.content.res.Configuration, android.view.Surface) for 204ms
05-02 08:51:44.544 W/System  ( 2618): ClassLoader referenced unknown path: /system/app/UserDictionaryProvider/lib/x86_64
05-02 08:51:44.547 D/ApplicationLoaders( 2618): ignored Vulkan layer search path /system/app/UserDictionaryProvider/lib/x86_64:/system/lib64:/vendor/lib64 for namespace 0x7a8eca5b9160
05-02 08:51:44.631 W/art     ( 1674): Long monitor contention with owner Binder:1674_B (2413) at int com.android.server.wm.WindowManagerService.relayoutWindow(com.android.server.wm.Session, android.view.IWindow, int, android.view.WindowManager$LayoutParams, int, int, int, int, android.graphics.Rect, android.graphics.Rect, android.graphics.Rect, android.graphics.Rect, android.graphics.Rect, android.graphics.Rect, android.graphics.Rect, android.content.res.Configuration, android.view.Surface)(WindowManagerService.java:2857) waiters=1 in int com.android.server.wm.WindowManagerService.relayoutWindow(com.android.server.wm.Session, android.view.IWindow, int, android.view.WindowManager$LayoutParams, int, int, int, int, android.graphics.Rect, android.graphics.Rect, android.graphics.Rect, android.graphics.Rect, android.graphics.Rect, android.graphics.Rect, android.graphics.Rect, android.content.res.Configuration, android.view.Surface) for 224ms
05-02 08:51:45.003 V/MediaScanner( 2582): pruneDeadThumbnailFiles... android.content.ContentProviderClient$CursorWrapperInner@b96a3d7
05-02 08:51:45.032 V/MediaScanner( 2582): /pruneDeadThumbnailFiles... android.content.ContentProviderClient$CursorWrapperInner@b96a3d7
05-02 08:51:45.108 W/art     ( 1674): Long monitor contention with owner android.display (1723) at void com.android.server.wm.WindowManagerService$H.handleMessage(android.os.Message)(WindowManagerService.java:8368) waiters=0 in int com.android.server.wm.WindowManagerService.relayoutWindow(com.android.server.wm.Session, android.view.IWindow, int, android.view.WindowManager$LayoutParams, int, int, int, int, android.graphics.Rect, android.graphics.Rect, android.graphics.Rect, android.graphics.Rect, android.graphics.Rect, android.graphics.Rect, android.graphics.Rect, android.content.res.Configuration, android.view.Surface) for 258ms
05-02 08:51:45.342 W/art     ( 1674): Long monitor contention with owner android.display (1723) at void com.android.server.wm.WindowManagerService$H.handleMessage(android.os.Message)(WindowManagerService.java:8368) waiters=0 in int com.android.server.wm.WindowManagerService.relayoutWindow(com.android.server.wm.Session, android.view.IWindow, int, android.view.WindowManager$LayoutParams, int, int, int, int, android.graphics.Rect, android.graphics.Rect, android.graphics.Rect, android.graphics.Rect, android.graphics.Rect, android.graphics.Rect, android.graphics.Rect, android.content.res.Configuration, android.view.Surface) for 226ms
05-02 08:51:45.814 W/art     ( 1674): Long monitor contention with owner android.display (1723) at void com.android.server.wm.WindowManagerService$H.handleMessage(android.os.Message)(WindowManagerService.java:8368) waiters=0 in void com.android.server.wm.WindowManagerService.finishDrawingWindow(com.android.server.wm.Session, android.view.IWindow) for 229ms
05-02 08:51:45.818 W/KeyguardUpdateMonitor( 2422): invalid subId in handleSimStateChange()
05-02 08:51:45.880 D/gralloc_ranchu( 2422): Emulator without host-side GPU emulation detected. Loading gralloc.default.so from /vendor/lib64/hw/gralloc.goldfish.default.so...
05-02 08:51:45.895 D/gralloc_ranchu( 2422): gralloc.default.so not found in /vendor. Trying /system/lib64/hw/gralloc.goldfish.default.so...
05-02 08:51:45.998 I/Choreographer( 2422): Skipped 243 frames!  The application may be doing too much work on its main thread.
05-02 08:51:46.111 D/ViewRootImpl[StatusBar]( 2422): changeCanvasOpacity: opaque=true
05-02 08:51:46.503 I/ContactLocale( 2618): AddressBook Labels [[en_US]]: [â€¦, A, B, C, D, E, F, G, H, I, J, K, L, M, N, O, P, Q, R, S, T, U, V, W, X, Y, Z, Î‘, Î’, Î“, Î”, Î•, Î–, Î—, Î˜, Î™, Îš, Î›, Îœ, Î, Îž, ÎŸ, Î , Î¡, Î£, Î¤, Î¥, Î¦, Î§, Î¨, Î©, â€¦, Ð, Ð‘, Ð’, Ð“, Ð”, Ð‚, Ð•, Ð„, Ð–, Ð—, Ð˜, Ð†, Ð™, Ðˆ, Ðš, Ð›, Ð‰, Ðœ, Ð, ÐŠ, Ðž, ÐŸ, Ð , Ð¡, Ð¢, Ð‹, Ð£, Ð¤, Ð¥, Ð¦, Ð§, Ð, Ð¨, Ð©, Ð®, Ð¯, â€¦, ×, ×‘, ×’, ×“, ×”, ×•, ×–, ×—, ×˜, ×™, ×›, ×œ, ×ž, × , ×¡, ×¢, ×¤, ×¦, ×§, ×¨, ×©, ×ª, â€¦, Ø§, Ø¨, Øª, Ø«, Ø¬, Ø­, Ø®, Ø¯, Ø°, Ø±, Ø², Ø³, Ø´, Øµ, Ø¶, Ø·, Ø¸, Ø¹, Øº, Ù, Ù‚, Ùƒ, Ù„, Ù…, Ù†, Ù‡, Ùˆ, ÙŠ, â€¦, à¸, à¸‚, à¸ƒ, à¸„, à¸…, à¸†, à¸‡, à¸ˆ, à¸‰, à¸Š, à¸‹, à¸Œ, à¸, à¸Ž, à¸, à¸, à¸‘, à¸’, à¸“, à¸”, à¸•, à¸–, à¸—, à¸˜, à¸™, à¸š, à¸›, à¸œ, à¸, à¸ž, à¸Ÿ, à¸ , à¸¡, à¸¢, à¸£, à¸¤, à¸¥, à¸¦, à¸§, à¸¨, à¸©, à¸ª, à¸«, à¸¬, à¸­, à¸®, â€¦, ã„±, ã„´, ã„·, ã„¹, ã…, ã…‚, ã……, ã…‡, ã…ˆ, ã…Š, ã…‹, ã…Œ, ã…, ã…Ž, â€¦, ã‚, ã‹, ã•, ãŸ, ãª, ã¯, ã¾, ã‚„, ã‚‰, ã‚, #, â€¦]
05-02 08:51:47.241 W/art     ( 1674): Long monitor contention with owner Binder:1674_3 (1990) at int com.android.server.wm.WindowManagerService.relayoutWindow(com.android.server.wm.Session, android.view.IWindow, int, android.view.WindowManager$LayoutParams, int, int, int, int, android.graphics.Rect, android.graphics.Rect, android.graphics.Rect, android.graphics.Rect, android.graphics.Rect, android.graphics.Rect, android.graphics.Rect, android.content.res.Configuration, android.view.Surface)(WindowManagerService.java:2857) waiters=0 in void com.android.server.wm.WindowManagerService$H.handleMessage(android.os.Message) for 400ms
05-02 08:51:47.874 D/WifiService( 1674): New client listening to asynchronous messages
05-02 08:51:47.980 W/ActivityManager( 1674): Slow operation: 62ms so far, now at startProcess: building args
05-02 08:51:47.985 W/ActivityManager( 1674): Slow operation: 67ms so far, now at startProcess: asking zygote to start proc
05-02 08:51:47.988 I/RecoverySystem( 1674): No recovery log file
05-02 08:51:48.065 I/BootReceiver( 1674): Copying audit failures to DropBox
05-02 08:51:48.065 I/BootReceiver( 1674): Checking for fsck errors
05-02 08:51:48.159 W/art     ( 2637): Unexpected CPU variant for X86 using defaults: x86_64
05-02 08:51:48.177 W/ActivityManager( 1674): Slow operation: 259ms so far, now at startProcess: returned from zygote!
05-02 08:51:48.177 W/ActivityManager( 1674): Slow operation: 259ms so far, now at startProcess: done updating battery stats
05-02 08:51:48.178 W/ActivityManager( 1674): Slow operation: 260ms so far, now at startProcess: building log message
05-02 08:51:48.178 I/ActivityManager( 1674): Start proc 2637:com.android.dialer/u0a8 for broadcast com.android.dialer/.calllog.CallLogReceiver
05-02 08:51:48.178 W/ActivityManager( 1674): Slow operation: 260ms so far, now at startProcess: starting to update pids map
05-02 08:51:48.178 W/ActivityManager( 1674): Slow operation: 260ms so far, now at startProcess: done updating pids map
05-02 08:51:48.178 W/ActivityManager( 1674): Slow operation: 261ms so far, now at startProcess: done starting proc!
05-02 08:51:48.180 W/art     ( 1674): Long monitor contention with owner main (1674) at void com.android.server.am.BroadcastQueue.processNextBroadcast(boolean)(BroadcastQueue.java:760) waiters=1 in void com.android.server.am.ActivityManagerService.trimApplications() for 256ms
05-02 08:51:48.508 W/System  ( 2637): ClassLoader referenced unknown path: /system/priv-app/Dialer/lib/x86_64
05-02 08:51:48.631 W/art     ( 1674): Long monitor contention with owner Binder:1674_B (2413) at int com.android.server.wm.WindowManagerService.relayoutWindow(com.android.server.wm.Session, android.view.IWindow, int, android.view.WindowManager$LayoutParams, int, int, int, int, android.graphics.Rect, android.graphics.Rect, android.graphics.Rect, android.graphics.Rect, android.graphics.Rect, android.graphics.Rect, android.graphics.Rect, android.content.res.Configuration, android.view.Surface)(WindowManagerService.java:2857) waiters=0 in void com.android.server.wm.WindowManagerService$H.handleMessage(android.os.Message) for 286ms
05-02 08:51:48.660 D/PhoneStatusBar( 2422): disable: < expand* icons alerts system_info back* home* recent* clock search* quick_settings >
05-02 08:51:48.888 I/art     ( 2422): Background partial concurrent mark sweep GC freed 3976(361KB) AllocSpace objects, 1(4MB) LOS objects, 23% free, 12MB/16MB, paused 721us total 116.814ms
05-02 08:51:49.066 I/Choreographer( 2422): Skipped 183 frames!  The application may be doing too much work on its main thread.
05-02 08:51:49.125 D/ExtensionsFactory( 2637): No custom extensions.
05-02 08:51:49.165 D/BlockedNumbersAuto( 2637): Not attempting auto-migrate: already checked once.
05-02 08:51:49.445 D/CarrierConfigLoader( 2169): mHandler: 13 phoneId: 0
05-02 08:51:49.446 D/CarrierConfigLoader( 2169): mHandler: 7 phoneId: 0
05-02 08:51:49.448 E/CarrierConfigLoader( 2169): Cannot restore config with null packageName or iccid.
05-02 08:51:49.449 D/CarrierConfigLoader( 2169): Binding to com.android.carrierconfig for phone 0
05-02 08:51:49.588 W/ActivityManager( 1674): Slow operation: 144ms so far, now at startProcess: returned from zygote!
05-02 08:51:49.589 W/ActivityManager( 1674): Slow operation: 145ms so far, now at startProcess: done updating battery stats
05-02 08:51:49.589 W/ActivityManager( 1674): Slow operation: 145ms so far, now at startProcess: building log message
05-02 08:51:49.589 I/ActivityManager( 1674): Start proc 2655:com.android.calendar/u0a26 for broadcast com.android.calendar/.alerts.AlertReceiver
05-02 08:51:49.589 W/ActivityManager( 1674): Slow operation: 145ms so far, now at startProcess: starting to update pids map
05-02 08:51:49.589 W/ActivityManager( 1674): Slow operation: 146ms so far, now at startProcess: done updating pids map
05-02 08:51:49.589 W/ActivityManager( 1674): Slow operation: 147ms so far, now at startProcess: done starting proc!
05-02 08:51:49.601 W/art     ( 1674): Long monitor contention with owner Binder:1674_A (2412) at void com.android.server.am.BroadcastQueue.processNextBroadcast(boolean)(BroadcastQueue.java:760) waiters=0 in int com.android.server.am.ActivityManagerService.bindService(android.app.IApplicationThread, android.os.IBinder, android.content.Intent, java.lang.String, android.app.IServiceConnection, int, java.lang.String, int) for 137ms
05-02 08:51:49.681 W/CountryDetector( 2637): No location permissions, not registering for location updates.
05-02 08:51:49.817 W/art     ( 2655): Unexpected CPU variant for X86 using defaults: x86_64
05-02 08:51:49.962 W/ActivityManager( 1674): Slow operation: 357ms so far, now at startProcess: returned from zygote!
05-02 08:51:49.962 W/ActivityManager( 1674): Slow operation: 358ms so far, now at startProcess: done updating battery stats
05-02 08:51:49.963 W/ActivityManager( 1674): Slow operation: 358ms so far, now at startProcess: building log message
05-02 08:51:49.963 I/ActivityManager( 1674): Start proc 2668:com.android.carrierconfig/u0a3 for service com.android.carrierconfig/.DefaultCarrierConfigService
05-02 08:51:49.963 W/ActivityManager( 1674): Slow operation: 358ms so far, now at startProcess: starting to update pids map
05-02 08:51:49.963 W/ActivityManager( 1674): Slow operation: 358ms so far, now at startProcess: done updating pids map
05-02 08:51:49.963 W/ActivityManager( 1674): Slow operation: 358ms so far, now at startProcess: done starting proc!
05-02 08:51:49.964 W/art     ( 1674): Long monitor contention with owner Binder:1674_A (2412) at void com.android.server.am.BroadcastQueue.processNextBroadcast(boolean)(BroadcastQueue.java:760) waiters=1 in void com.android.server.am.ActivityManagerService.dispatchUidsChanged() for 461ms
05-02 08:51:49.973 W/art     ( 1674): Long monitor contention with owner Binder:1674_4 (1992) at int com.android.server.am.ActivityManagerService.bindService(android.app.IApplicationThread, android.os.IBinder, android.content.Intent, java.lang.String, android.app.IServiceConnection, int, java.lang.String, int)(ActivityManagerService.java:17301) waiters=1 in void com.android.server.am.ActivityManagerService.trimApplications() for 367ms
05-02 08:51:50.004 W/art     ( 2668): Unexpected CPU variant for X86 using defaults: x86_64
05-02 08:51:50.051 W/art     ( 1674): Long monitor contention with owner android.display (1723) at void com.android.server.wm.WindowManagerService$H.handleMessage(android.os.Message)(WindowManagerService.java:8368) waiters=0 in int com.android.server.wm.WindowManagerService.relayoutWindow(com.android.server.wm.Session, android.view.IWindow, int, android.view.WindowManager$LayoutParams, int, int, int, int, android.graphics.Rect, android.graphics.Rect, android.graphics.Rect, android.graphics.Rect, android.graphics.Rect, android.graphics.Rect, android.graphics.Rect, android.content.res.Configuration, android.view.Surface) for 229ms
05-02 08:51:50.239 W/System  ( 2668): ClassLoader referenced unknown path: /system/priv-app/CarrierConfig/lib/x86_64
05-02 08:51:50.285 W/art     ( 1674): Long monitor contention with owner Binder:1674_B (2413) at int com.android.server.wm.WindowManagerService.relayoutWindow(com.android.server.wm.Session, android.view.IWindow, int, android.view.WindowManager$LayoutParams, int, int, int, int, android.graphics.Rect, android.graphics.Rect, android.graphics.Rect, android.graphics.Rect, android.graphics.Rect, android.graphics.Rect, android.graphics.Rect, android.content.res.Configuration, android.view.Surface)(WindowManagerService.java:2857) waiters=0 in void com.android.server.wm.WindowManagerService$H.handleMessage(android.os.Message) for 187ms
05-02 08:51:50.328 W/System  ( 2655): ClassLoader referenced unknown path: /system/app/Calendar/lib/x86_64
05-02 08:51:50.595 D/DefaultCarrierConfigService( 2668): Service created
05-02 08:51:50.776 W/art     ( 1674): Long monitor contention with owner android.display (1723) at void com.android.server.wm.WindowAnimator$1.doFrame(long)(WindowAnimator.java:144) waiters=0 in int com.android.server.wm.WindowManagerService.relayoutWindow(com.android.server.wm.Session, android.view.IWindow, int, android.view.WindowManager$LayoutParams, int, int, int, int, android.graphics.Rect, android.graphics.Rect, android.graphics.Rect, android.graphics.Rect, android.graphics.Rect, android.graphics.Rect, android.graphics.Rect, android.content.res.Configuration, android.view.Surface) for 204ms
05-02 08:51:50.780 D/CarrierConfigLoader( 2169): Connected to config app: com.android.carrierconfig/com.android.carrierconfig.DefaultCarrierConfigService
05-02 08:51:50.780 D/CarrierConfigLoader( 2169): mHandler: 3 phoneId: 0
05-02 08:51:50.793 I/art     ( 1674): Background partial concurrent mark sweep GC freed 15516(1309KB) AllocSpace objects, 13(544KB) LOS objects, 29% free, 9MB/13MB, paused 1.679ms total 596.431ms
05-02 08:51:50.840 D/DefaultCarrierConfigService( 2668): Config being fetched
05-02 08:51:50.853 D/DefaultCarrierConfigService( 2668): java.io.FileNotFoundException: carrier_config_.xml
05-02 08:51:50.858 E/CarrierConfigLoader( 2169): Cannot save config with null packageName or iccid.
05-02 08:51:50.903 D/CarrierConfigLoader( 2169): mHandler: 5 phoneId: 0
05-02 08:51:50.905 E/PhoneInterfaceManager( 2169): [PhoneIntfMgr] getCarrierPackageNamesForIntent: No UICC
05-02 08:51:50.982 I/Telecom ( 1674): PhoneAccountRegistrar: SimCallManager queried, returning: null: TSI.gSCMFU@AAg
05-02 08:51:51.290 W/art     ( 1674): Long monitor contention with owner Binder:1674_8 (2404) at int com.android.server.wm.WindowManagerService.relayoutWindow(com.android.server.wm.Session, android.view.IWindow, int, android.view.WindowManager$LayoutParams, int, int, int, int, android.graphics.Rect, android.graphics.Rect, android.graphics.Rect, android.graphics.Rect, android.graphics.Rect, android.graphics.Rect, android.graphics.Rect, android.content.res.Configuration, android.view.Surface)(WindowManagerService.java:2857) waiters=0 in void com.android.server.wm.WindowManagerService$H.handleMessage(android.os.Message) for 233ms
05-02 08:51:51.304 I/Choreographer( 2422): Skipped 133 frames!  The application may be doing too much work on its main thread.
05-02 08:51:51.441 D/ExtensionsFactory( 2655): No custom extensions.
05-02 08:51:51.471 D/AlertReceiver( 2655): onReceive: a=android.intent.action.BOOT_COMPLETED Intent { act=android.intent.action.BOOT_COMPLETED flg=0x9000010 cmp=com.android.calendar/.alerts.AlertReceiver (has extras) }
05-02 08:51:51.581 I/AlarmClock( 2403): AlarmInitReceiver android.intent.action.BOOT_COMPLETED
05-02 08:51:52.027 D/AlertService( 2655): 0 Action = android.intent.action.BOOT_COMPLETED
05-02 08:51:52.049 D/AlertService( 2655): Scheduling next alarm with AlarmScheduler. sEventReminderReceived: null
05-02 08:51:52.128 W/art     ( 2695): Unexpected CPU variant for X86 using defaults: x86_64
05-02 08:51:52.149 W/ActivityManager( 1674): Slow operation: 74ms so far, now at startProcess: returned from zygote!
05-02 08:51:52.149 W/ActivityManager( 1674): Slow operation: 74ms so far, now at startProcess: done updating battery stats
05-02 08:51:52.149 W/ActivityManager( 1674): Slow operation: 75ms so far, now at startProcess: building log message
05-02 08:51:52.149 I/ActivityManager( 1674): Start proc 2695:com.android.providers.calendar/u0a2 for content provider com.android.providers.calendar/.CalendarProvider2
05-02 08:51:52.150 W/ActivityManager( 1674): Slow operation: 75ms so far, now at startProcess: starting to update pids map
05-02 08:51:52.150 W/ActivityManager( 1674): Slow operation: 75ms so far, now at startProcess: done updating pids map
05-02 08:51:52.150 W/ActivityManager( 1674): Slow operation: 76ms so far, now at startProcess: done starting proc!
05-02 08:51:52.150 W/ActivityManager( 1674): Slow operation: 77ms so far, now at getContentProviderImpl: after start process
05-02 08:51:52.150 W/ActivityManager( 1674): Slow operation: 77ms so far, now at getContentProviderImpl: updating data structures
05-02 08:51:52.161 W/ActivityManager( 1674): Slow operation: 89ms so far, now at getContentProviderImpl: done!
05-02 08:51:52.237 V/AlarmClock( 2403): AlarmInitReceiver finished
05-02 08:51:52.258 I/ActivityManager( 1674): Start proc 2709:com.android.email/u0a34 for broadcast com.android.email/.service.EmailBroadcastReceiver
05-02 08:51:52.287 W/art     ( 2709): Unexpected CPU variant for X86 using defaults: x86_64
05-02 08:51:52.369 W/System  ( 2695): ClassLoader referenced unknown path: /system/priv-app/CalendarProvider/lib/x86_64
05-02 08:51:52.475 W/System  ( 2709): ClassLoader referenced unknown path: /system/app/Email/lib/x86_64
05-02 08:51:52.587 I/CalendarProvider2( 2695): Created com.android.providers.calendar.CalendarAlarmManager@21db6cd(com.android.providers.calendar.CalendarProvider2@3e77b82)
05-02 08:51:52.727 D/AlarmScheduler( 2655): No events found starting within 1 week.
05-02 08:51:52.874 W/ActivityManager( 1674): Unable to start service Intent { act=com.android.email.EXCHANGE_INTENT pkg=com.android.exchange } U=0: not found
05-02 08:51:52.908 D/ActivityThread( 2709): Loading provider com.android.email.provider;com.android.email.notifier: com.android.email.provider.EmailProvider
05-02 08:51:52.914 W/ActivityManager( 1674): Unable to start service Intent { act=com.android.email.EXCHANGE_INTENT pkg=com.android.exchange } U=0: not found
05-02 08:51:52.958 D/ActivityThread( 2709): Loading provider com.android.email.provider;com.android.email.notifier: com.android.email.provider.EmailProvider
05-02 08:51:52.964 W/ActivityManager( 1674): Unable to start service Intent { act=com.android.email.EXCHANGE_INTENT pkg=com.android.exchange } U=0: not found
05-02 08:51:53.097 I/SystemBroadcastReceiver( 1963): Boot has been completed
05-02 08:51:53.098 I/SystemBroadcastReceiver( 1963): toggleAppIcon() : FLAG_SYSTEM = true
05-02 08:51:53.210 I/ActivityManager( 1674): Start proc 2732:com.android.managedprovisioning/u0a14 for broadcast com.android.managedprovisioning/.BootReminder
05-02 08:51:53.234 W/art     ( 2732): Unexpected CPU variant for X86 using defaults: x86_64
05-02 08:51:53.296 W/ActivityManager( 1674): Unable to start service Intent { act=com.android.email.EXCHANGE_INTENT pkg=com.android.exchange } U=0: not found
05-02 08:51:53.306 W/ActivityManager( 1674): Unable to start service Intent { cmp=com.android.email/.service.AttachmentService } U=0: not found
05-02 08:51:53.353 I/Email   ( 2709): Observing account changes for notifications
05-02 08:51:53.369 W/ActivityManager( 1674): Unable to start service Intent { act=com.android.email.EXCHANGE_INTENT pkg=com.android.exchange } U=0: not found
05-02 08:51:53.375 W/System  ( 2732): ClassLoader referenced unknown path: /system/priv-app/ManagedProvisioning/lib/x86_64
05-02 08:51:53.419 W/ActivityManager( 1674): Unable to start service Intent { act=com.android.email.EXCHANGE_INTENT pkg=com.android.exchange } U=0: not found
05-02 08:51:53.460 W/ActivityManager( 1674): Unable to start service Intent { cmp=com.android.email/.service.AttachmentService } U=0: not found
05-02 08:51:53.535 E/ActivityThread( 2709): Service com.android.email.service.EmailBroadcastProcessorService has leaked ServiceConnection com.android.emailcommon.service.ServiceProxy$ProxyConnection@77467e that was originally bound here
