05-02 08:50:05.141 I/SystemServer( 1674): InitWatchdog
05-02 08:50:05.142 I/SystemServer( 1674): StartInputManagerService
05-02 08:50:05.152 I/InputManager( 1674): Initializing input manager, mUseDevInputEventForAudioJack=true
05-02 08:50:05.158 I/SystemServer( 1674): StartWindowManagerService
05-02 08:50:05.425 I/WindowManager( 1674): No existing display settings /data/system/display_settings.xml; starting empty
05-02 08:50:06.004 I/SystemServer( 1674): StartVrManagerService
05-02 08:50:06.004 I/SystemServiceManager( 1674): Starting com.android.server.vr.VrManagerService
05-02 08:50:06.041 W/VrManagerService( 1674): init_native: Could not open VR hardware module, error No such file or directory (-2).
05-02 08:50:06.171 I/InputManager( 1674): Starting input manager
05-02 08:50:06.183 I/SystemServer( 1674): No Bluetooth Service (emulator)
05-02 08:50:06.183 I/SystemServer( 1674): ConnectivityMetricsLoggerService
05-02 08:50:06.184 I/SystemServiceManager( 1674): Starting com.android.server.connectivity.MetricsLoggerService
05-02 08:50:06.195 I/SystemServer( 1674): IpConnectivityMetrics
05-02 08:50:06.196 I/SystemServiceManager( 1674): Starting com.android.server.connectivity.IpConnectivityMetrics
05-02 08:50:06.197 I/SystemServer( 1674): PinnerService
05-02 08:50:06.198 I/SystemServiceManager( 1674): Starting com.android.server.PinnerService
05-02 08:50:06.213 I/SystemServiceManager( 1674): Starting com.android.server.InputMethodManagerService$Lifecycle
05-02 08:50:06.222 D/EventHub( 1674): No input device configuration file found for device 'Power Button'.
05-02 08:50:06.302 W/EventHub( 1674): Unable to disable kernel key repeat for /dev/input/event0: Function not implemented
05-02 08:50:06.302 I/EventHub( 1674): New device: id=1, fd=91, path='/dev/input/event0', name='Power Button', classes=0x1, configuration='', keyLayout='/system/usr/keylayout/Generic.kl', keyCharacterMap='/system/usr/keychars/Generic.kcm', builtinKeyboard=false, wakeMechanism=EPOLLWAKEUP, usingClockIoctl=true
05-02 08:50:06.387 W/EventHub( 1674): Unable to disable kernel key repeat for /dev/input/event1: Function not implemented
05-02 08:50:06.388 I/EventHub( 1674): New device: id=2, fd=93, path='/dev/input/event1', name='qwerty2', classes=0x95, configuration='/system/usr/idc/qwerty2.idc', keyLayout='/system/usr/keylayout/qwerty.kl', keyCharacterMap='/system/usr/keychars/qwerty2.kcm', builtinKeyboard=true, wakeMechanism=EPOLLWAKEUP, usingClockIoctl=true
05-02 08:50:06.388 E/EventHub( 1674): could not get driver version for /dev/input/mice, Not a typewriter
05-02 08:50:06.546 I/InputReader( 1674): Device added: id=-1, name='Virtual', sources=0x00000301
05-02 08:50:06.556 I/InputReader( 1674):   Touch device 'qwerty2' could not query the properties of its associated display.  The device will be inoperable until the display size becomes available.
05-02 08:50:06.557 I/InputReader( 1674): Device added: id=0, name='qwerty2', sources=0x80001103
05-02 08:50:06.557 I/InputReader( 1674): Device added: id=1, name='Power Button', sources=0x00000101
05-02 08:50:07.110 I/SystemServer( 1674): StartAccessibilityManagerService
05-02 08:50:07.176 I/ActivityManager( 1674): Config changes=1df8 {1.0 ?mcc?mnc [en_US] ldltr sw360dp w360dp h640dp 480dpi nrml long port ?uimode ?night -touch -keyb/v/h -nav/h s.2}
05-02 08:50:07.233 I/ActivityManager( 1674): Config changes=500 {1.0 ?mcc?mnc [en_US] ldltr sw360dp w360dp h568dp 480dpi nrml port ?uimode ?night -touch -keyb/v/h -nav/h s.3}
05-02 08:50:07.450 W/art     ( 1674): Long monitor contention with owner android.display (1723) at void com.android.server.am.ActivityManagerService.updateConfiguration(android.content.res.Configuration)(ActivityManagerService.java:18937) waiters=0 in void com.android.server.am.ActivityManagerService.updateConfiguration(android.content.res.Configuration) for 132ms
05-02 08:50:07.475 I/InputReader( 1674): Reconfiguring input devices.  changes=0x00000004
05-02 08:50:07.476 I/InputReader( 1674): Device reconfigured: id=0, name='qwerty2', size 1080x1920, orientation 0, mode 1, display id 0
05-02 08:50:07.478 I/ActivityManager( 1674): Config changes=8 {1.0 ?mcc?mnc [en_US] ldltr sw360dp w360dp h568dp 480dpi nrml port ?uimode ?night finger -keyb/v/h -nav/h s.4}
05-02 08:50:07.518 I/InputReader( 1674): Reconfiguring input devices.  changes=0x00000004
05-02 08:50:07.532 I/SystemServiceManager( 1674): Starting com.android.server.MountService$Lifecycle
05-02 08:50:07.628 I/SystemServiceManager( 1674): Starting com.android.server.UiModeManagerService
05-02 08:50:07.674 D/MountService( 1674): Thinking about init, mSystemReady=false, mDaemonConnected=true
05-02 08:50:07.674 D/MountService( 1674): Thinking about reset, mSystemReady=false, mDaemonConnected=true
05-02 08:50:07.700 D/MountService( 1674): Thinking about init, mSystemReady=false, mDaemonConnected=true
05-02 08:50:07.700 D/MountService( 1674): Thinking about reset, mSystemReady=false, mDaemonConnected=true
05-02 08:50:07.721 I/ActivityManager( 1674): Config changes=200 {1.0 ?mcc?mnc [en_US] ldltr sw360dp w360dp h568dp 480dpi nrml port finger -keyb/v/h -nav/h s.5}
05-02 08:50:07.768 I/SystemServer( 1674): StartLockSettingsService
05-02 08:50:07.771 I/SystemServiceManager( 1674): Starting com.android.server.LockSettingsService$Lifecycle
05-02 08:50:07.784 D/CryptdConnector( 1674): SND -> {1 cryptfs getfield SystemLocale}
05-02 08:50:07.814 I/SystemServiceManager( 1674): Starting com.android.server.DeviceIdleController
05-02 08:50:07.873 D/CryptdConnector( 1674): RCV <- {200 1 -1}
05-02 08:50:07.881 I/SystemServiceManager( 1674): Starting com.android.server.devicepolicy.DevicePolicyManagerService$Lifecycle
05-02 08:50:07.984 I/SystemServer( 1674): StartStatusBarManagerService
05-02 08:50:08.014 I/SystemServer( 1674): StartClipboardService
05-02 08:50:08.040 W/MountService( 1674): No primary storage mounted!
05-02 08:50:08.041 D/VoldConnector( 1674): SND -> {1 asec list}
05-02 08:50:08.046 I/SystemServer( 1674): StartNetworkManagementService
05-02 08:50:08.048 D/VoldConnector( 1674): RCV <- {200 1 asec operation succeeded}
05-02 08:50:08.061 I/PackageManager( 1674): No secure containers found
05-02 08:50:08.061 W/PackageManager( 1674): Unknown permission com.google.android.googleapps.permission.GOOGLE_AUTH in package com.android.providers.calendar
05-02 08:50:08.062 W/PackageManager( 1674): Unknown permission com.google.android.googleapps.permission.GOOGLE_AUTH.cl in package com.android.providers.calendar
05-02 08:50:08.062 W/PackageManager( 1674): Not granting permission android.permission.GLOBAL_SEARCH to package com.android.quicksearchbox (protectionLevel=18 flags=0x3808be45)
05-02 08:50:08.063 W/PackageManager( 1674): Not granting permission android.permission.WRITE_EXTERNAL_STORAGE to package gov.nasa.arc.astrobee.android.gs.manager because it was previously installed without
05-02 08:50:08.063 W/PackageManager( 1674): Not granting permission android.permission.READ_EXTERNAL_STORAGE to package gov.nasa.arc.astrobee.android.gs.manager because it was previously installed without
05-02 08:50:08.063 W/PackageManager( 1674): Unknown permission com.android.launcher.permission.READ_SETTINGS in package com.android.launcher3
05-02 08:50:08.063 W/PackageManager( 1674): Unknown permission com.android.launcher.permission.WRITE_SETTINGS in package com.android.launcher3
05-02 08:50:08.063 W/PackageManager( 1674): Not granting permission android.permission.BIND_APPWIDGET to package com.android.launcher3 (protectionLevel=18 flags=0x3c4bbe45)
05-02 08:50:08.064 W/PackageManager( 1674): Unknown permission com.google.android.googleapps.permission.GOOGLE_AUTH.mail in package com.android.calendar
05-02 08:50:08.064 W/PackageManager( 1674): Unknown permission com.google.android.providers.settings.permission.WRITE_GSETTINGS in package com.android.sdksetup
05-02 08:50:08.065 W/PackageManager( 1674): Unknown permission com.google.android.permission.INSTALL_WEARABLE_PACKAGES in package com.android.packageinstaller
05-02 08:50:08.065 W/PackageManager( 1674): Not granting permission android.permission.DELETE_PACKAGES to package com.svox.pico (protectionLevel=18 flags=0x3808be45)
05-02 08:50:08.065 W/PackageManager( 1674): Not granting permission android.permission.READ_CONTACTS to package com.example.android.apis because it was previously installed without
05-02 08:50:08.065 W/PackageManager( 1674): Not granting permission android.permission.WRITE_CONTACTS to package com.example.android.apis because it was previously installed without
05-02 08:50:08.065 W/PackageManager( 1674): Not granting permission android.permission.ACCESS_COARSE_LOCATION to package com.example.android.apis because it was previously installed without
05-02 08:50:08.065 W/PackageManager( 1674): Not granting permission android.permission.WRITE_EXTERNAL_STORAGE to package com.example.android.apis because it was previously installed without
05-02 08:50:08.065 W/PackageManager( 1674): Not granting permission android.permission.SEND_SMS to package com.example.android.apis because it was previously installed without
05-02 08:50:08.065 W/PackageManager( 1674): Not granting permission android.permission.RECEIVE_SMS to package com.example.android.apis because it was previously installed without
05-02 08:50:08.065 W/PackageManager( 1674): Not granting permission android.permission.RECEIVE_MMS to package com.example.android.apis because it was previously installed without
05-02 08:50:08.065 W/PackageManager( 1674): Not granting permission android.permission.READ_SMS to package com.example.android.apis because it was previously installed without
05-02 08:50:08.065 W/PackageManager( 1674): Not granting permission android.permission.READ_PHONE_STATE to package com.example.android.apis because it was previously installed without
05-02 08:50:08.065 W/PackageManager( 1674): Not granting permission android.permission.RECORD_AUDIO to package com.example.android.apis because it was previously installed without
05-02 08:50:08.065 W/PackageManager( 1674): Not granting permission android.permission.CAMERA to package com.example.android.apis because it was previously installed without
05-02 08:50:08.066 W/PackageManager( 1674): Not granting permission android.permission.READ_EXTERNAL_STORAGE to package com.example.android.apis because it was previously installed without
05-02 08:50:08.066 W/PackageManager( 1674): Unknown permission android.permission.RUN_INSTRUMENTATION in package org.chromium.webview_shell
05-02 08:50:08.066 W/PackageManager( 1674): Not granting permission android.permission.CAMERA to package jp.jaxa.iss.kibo.rpc.sampleapk because it was previously installed without
05-02 08:50:08.066 W/PackageManager( 1674): Not granting permission android.permission.WRITE_EXTERNAL_STORAGE to package jp.jaxa.iss.kibo.rpc.sampleapk because it was previously installed without
05-02 08:50:08.066 W/PackageManager( 1674): Not granting permission android.permission.READ_EXTERNAL_STORAGE to package jp.jaxa.iss.kibo.rpc.sampleapk because it was previously installed without
05-02 08:50:08.066 W/PackageManager( 1674): Unknown permission com.google.android.googleapps.permission.GOOGLE_AUTH in package com.android.settings
05-02 08:50:08.067 W/PackageManager( 1674): Unknown permission com.android.launcher.permission.READ_SETTINGS in package com.android.settings
05-02 08:50:08.067 W/PackageManager( 1674): Unknown permission com.android.launcher.permission.WRITE_SETTINGS in package com.android.settings
05-02 08:50:08.067 W/PackageManager( 1674): Unknown permission com.android.smspush.WAPPUSH_MANAGER_BIND in package com.android.phone
05-02 08:50:08.069 W/PackageManager( 1674): Unknown permission com.google.android.googleapps.permission.ACCESS_GOOGLE_PASSWORD in package com.android.development
05-02 08:50:08.069 W/PackageManager( 1674): Unknown permission com.google.android.googleapps.permission.GOOGLE_AUTH in package com.android.development
05-02 08:50:08.069 W/PackageManager( 1674): Unknown permission com.google.android.googleapps.permission.GOOGLE_AUTH.ALL_SERVICES in package com.android.development
05-02 08:50:08.069 W/PackageManager( 1674): Unknown permission com.google.android.googleapps.permission.GOOGLE_AUTH.YouTubeUser in package com.android.development
05-02 08:50:08.069 W/PackageManager( 1674): Not granting permission android.permission.BIND_APPWIDGET to package com.android.widgetpreview (protectionLevel=18 flags=0x3808be44)
05-02 08:50:08.070 I/NetworkManagement( 1674): onDaemonConnected()
05-02 08:50:08.099 I/SystemServiceManager( 1674): Starting com.android.server.TextServicesManagerService$Lifecycle
05-02 08:50:08.426 W/MountService( 1674): No primary storage defined yet; hacking together a stub
05-02 08:50:08.428 I/SystemServer( 1674): StartNetworkScoreService
05-02 08:50:08.478 W/MountService( 1674): No primary storage defined yet; hacking together a stub
05-02 08:50:08.483 W/MountService( 1674): No primary storage mounted!
05-02 08:50:08.483 D/VoldConnector( 1674): SND -> {2 asec list}
05-02 08:50:08.486 D/VoldConnector( 1674): RCV <- {200 2 asec operation succeeded}
05-02 08:50:08.502 W/UsageStatsService( 1674): User[0] Some stats have no latest available
05-02 08:50:08.521 I/SystemServer( 1674): StartNetworkStatsService
05-02 08:50:08.583 I/SystemServer( 1674): StartNetworkPolicyManagerService
05-02 08:50:08.703 I/SystemServer( 1674): No Wi-Fi NAN Service (NAN support Not Present)
05-02 08:50:08.831 I/UsageStatsService( 1674): User[0] Rollover scheduled @ 2021-05-03 08:50:07(1620031807190)
05-02 08:50:08.845 I/SystemServiceManager( 1674): Starting com.android.server.wifi.p2p.WifiP2pService
05-02 08:50:09.116 I/WifiP2pService( 1674): Registering wifip2p
05-02 08:50:09.134 I/SystemServiceManager( 1674): Starting com.android.server.wifi.WifiService
05-02 08:50:09.201 W/art     ( 1674): Suspending all threads took: 58.166ms
05-02 08:50:09.580 I/art     ( 1674): Background sticky concurrent mark sweep GC freed 33809(2MB) AllocSpace objects, 19(380KB) LOS objects, 25% free, 8MB/10MB, paused 122.033ms total 681.355ms
05-02 08:50:09.585 W/art     ( 1674): Verification of void com.android.server.wifi.WifiStateMachine.<init>(android.content.Context, com.android.server.wifi.FrameworkFacade, android.os.Looper, android.os.UserManager, com.android.server.wifi.WifiInjector, com.android.server.wifi.BackupManagerProxy, com.android.server.wifi.WifiCountryCode) took 123.617ms
05-02 08:50:10.122 D/HS20    ( 1674): Passpoint is disabled
05-02 08:50:10.303 D/CommandListener( 1339): Clearing all IP addresses on wlan0
05-02 08:50:10.379 E/WifiLogger( 1674): no ring buffers found
05-02 08:50:10.584 D/WifiApConfigStore( 1674): 2G band allowed channels are:1,6,11
05-02 08:50:10.590 E/WifiLogger( 1674): Failed to start packet fate monitoring
05-02 08:50:10.638 D/WifiController( 1674): isAirplaneModeOn = true, isWifiEnabled = false, isScanningAvailable = false
05-02 08:50:10.645 I/WifiService( 1674): Registering wifi
05-02 08:50:10.682 I/SystemServiceManager( 1674): Starting com.android.server.wifi.scanner.WifiScanningService
05-02 08:50:10.682 I/WifiScanningService( 1674): Creating wifiscanner
05-02 08:50:10.691 I/WifiScanningService( 1674): Publishing wifiscanner
05-02 08:50:10.695 I/SystemServiceManager( 1674): Starting com.android.server.wifi.RttService
05-02 08:50:10.711 I/RttService( 1674): Creating rttmanager
05-02 08:50:10.714 I/RttService( 1674): Starting rttmanager
05-02 08:50:10.716 I/SystemServer( 1674): StartConnectivityService
05-02 08:50:10.773 D/ConnectivityService( 1674): ConnectivityService starting up
05-02 08:50:10.812 D/ConnectivityService( 1674): wifiOnly=false
05-02 08:50:11.030 I/SystemServer( 1674): StartNsdService
05-02 08:50:11.122 I/SystemServer( 1674): StartUpdateLockService
05-02 08:50:11.127 I/SystemServiceManager( 1674): Starting com.android.server.RecoverySystemService
05-02 08:50:11.171 I/SystemServiceManager( 1674): Starting com.android.server.notification.NotificationManagerService
05-02 08:50:11.403 D/ConditionProviders.SCP( 1674): new ScheduleConditionProvider()
05-02 08:50:11.483 D/ZenLog  ( 1674): config: readXml,ZenModeConfig[user=0,allowCalls=true,allowRepeatCallers=false,allowMessages=false,allowCallsFrom=contacts,allowMessagesFrom=contacts,allowReminders=true,allowEvents=true,allowWhenScreenOff=true,allowWhenScreenOn=true,automaticRules={370bd6672ef541ba946db9ac4aef0faf=ZenRule[enabled=false,snoozing=false,name=Weeknight,zenMode=ZEN_MODE_ALARMS,conditionId=condition://android/schedule?days=1.2.3.4.5&start=22.0&end=7.0&exitAtAlarm=false,condition=Condition[id=condition://android/schedule?days=1.2.3.4.5&start=22.0&end=7.0&exitAtAlarm=false,summary=...,line1=...,line2=...,icon=0,state=STATE_FALSE,flags=2],component=ComponentInfo{android/com.android.server.notification.ScheduleConditionProvider},id=370bd6672ef541ba946db9ac4aef0faf,creationTime=1590622727817,enabler=null], a53ffdf89c814123a52adbdd46bc948d=ZenRule[enabled=false,snoozing=false,name=Weekend,zenMode=ZEN_MODE_ALARMS,conditionId=condition://android/schedule?days=6.7&start=23.30&end=10.0&exitAtAlarm=false,condition=Condition[id=condition://android/schedule?days=6.7&start=23.30&end=10.0&exitAtAlarm=false,summary=...,line1=...,line2=...,icon=0,state=STATE_TRUE,flags=2],component=ComponentInfo{android/com.android.server.notification.ScheduleConditionProvider},id=a53ffdf89c814123a52adbdd46bc948d,creationTime=1590622727818,enabler=null], fc8bb1aacabb4877a1d1d167106f6e77=ZenRule[enabled=false,snoozing=false,name=Event,zenMode=ZEN_MODE_ALARMS,conditionId=condition://android/event?userId=-10000&calendar=&reply=1,condition=Condition[id=condition://android/event?userId=-10000&calendar=&reply=1,summary=...,line1=...,line2=...,icon=0,state=STATE_FALSE,flags=2],component=ComponentInfo{android/com.android.server.notification.EventConditionProvider},id=fc8bb1aacabb4877a1d1d167106f6e77,creationTime=1590622727822,enabler=null]},manualRule=null],Diff[automaticRule[370bd6672ef541ba946db9ac4aef0faf]:insert,automaticRule[9b8b9f4db4a14a87b1f5106ee10bfd00]:delete,automaticRule[a53ffdf89c814123a52adbdd46bc948d]:insert,automaticRule[617147a77307452b9790152df8dad5ee]:delete,automaticRule[a008fc62d3ce4de7bf8ce85b1841109c]:delete,automaticRule[fc8bb1aacabb4877a1d1d167106f6e77]:insert]
05-02 08:50:11.691 W/ActivityManager( 1674): Slow operation: 64ms so far, now at startProcess: done creating new process record
05-02 08:50:11.692 W/ActivityManager( 1674): Slow operation: 65ms so far, now at startProcess: returning with proc on hold
05-02 08:50:11.695 D/ZenLog  ( 1674): set_zen_mode: off,init
05-02 08:50:11.731 I/SystemServiceManager( 1674): Starting com.android.server.storage.DeviceStorageMonitorService
05-02 08:50:11.743 I/SystemServer( 1674): StartLocationManagerService
05-02 08:50:11.774 I/SystemServer( 1674): StartCountryDetectorService
05-02 08:50:11.782 I/SystemServer( 1674): StartSearchManagerService
05-02 08:50:11.783 I/SystemServiceManager( 1674): Starting com.android.server.search.SearchManagerService$Lifecycle
05-02 08:50:11.810 I/SystemServiceManager( 1674): Starting com.android.server.DropBoxManagerService
05-02 08:50:11.901 I/SystemServer( 1674): StartWallpaperManagerService
05-02 08:50:11.902 I/SystemServiceManager( 1674): Starting com.android.server.wallpaper.WallpaperManagerService$Lifecycle
05-02 08:50:11.923 E/BitmapFactory( 1674): Unable to decode stream: java.io.FileNotFoundException: /data/system/users/0/wallpaper_orig (No such file or directory)
05-02 08:50:11.923 E/WallpaperManagerService( 1674): Invalid wallpaper data
05-02 08:50:11.923 E/WallpaperManagerService( 1674): Unable to apply new wallpaper
05-02 08:50:11.935 I/SystemServer( 1674): StartAudioService
05-02 08:50:11.936 I/SystemServiceManager( 1674): Starting com.android.server.audio.AudioService$Lifecycle
05-02 08:50:12.057 W/TelecomManager( 1674): Telecom Service not found.
05-02 08:50:12.094 D/PermissionCache( 1327): checking android.permission.MODIFY_AUDIO_SETTINGS for uid=1000 => granted (1049 us)
05-02 08:50:12.105 D/PermissionCache( 1327): checking android.permission.MODIFY_AUDIO_SETTINGS for uid=1000 => granted (40779 us)
05-02 08:50:12.142 W/AudioFlinger( 1327): no wake lock to update, system not ready yet
05-02 08:50:12.356 I/SystemServiceManager( 1674): Starting com.android.server.DockObserver
05-02 08:50:12.358 W/DockObserver( 1674): This kernel does not have dock station support
05-02 08:50:12.374 I/SystemServer( 1674): StartWiredAccessoryManager
05-02 08:50:12.378 W/WiredAccessoryManager( 1674): This kernel does not have usb audio support
05-02 08:50:12.379 W/WiredAccessoryManager( 1674): This kernel does not have HDMI audio support
05-02 08:50:12.392 I/SystemServiceManager( 1674): Starting com.android.server.midi.MidiService$Lifecycle
05-02 08:50:12.412 I/SystemServiceManager( 1674): Starting com.android.server.usb.UsbService$Lifecycle
05-02 08:50:12.504 I/SystemServer( 1674): StartSerialService
05-02 08:50:12.524 E/HardwarePropertiesManagerService-JNI( 1674): Couldn't load thermal module (No such file or directory)
05-02 08:50:12.526 I/SystemServiceManager( 1674): Starting com.android.server.twilight.TwilightService
05-02 08:50:12.528 I/SystemServiceManager( 1674): Starting com.android.server.job.JobSchedulerService
05-02 08:50:12.660 I/SystemServiceManager( 1674): Starting com.android.server.soundtrigger.SoundTriggerService
05-02 08:50:12.701 I/SystemServiceManager( 1674): Starting com.android.server.backup.BackupManagerService$Lifecycle
05-02 08:50:12.723 I/SystemServiceManager( 1674): Starting com.android.server.appwidget.AppWidgetService
05-02 08:50:12.851 I/SystemServiceManager( 1674): Starting com.android.server.voiceinteraction.VoiceInteractionManagerService
05-02 08:50:12.892 I/SystemServer( 1674): Gesture Launcher Service
05-02 08:50:12.892 I/SystemServiceManager( 1674): Starting com.android.server.GestureLauncherService
05-02 08:50:12.893 I/SystemServiceManager( 1674): Starting com.android.server.SensorNotificationService
05-02 08:50:12.894 I/SystemServiceManager( 1674): Starting com.android.server.ContextHubSystemService
05-02 08:50:12.911 E/ContextHubService( 1674): ** Could not load context_hub module : err No such file or directory
05-02 08:50:12.912 W/ContextHubService( 1674): No Context Hub Module present
05-02 08:50:12.912 I/SystemServer( 1674): StartDiskStatsService
05-02 08:50:12.932 I/SystemServer( 1674): StartSamplingProfilerService
05-02 08:50:12.967 I/SystemServer( 1674): StartNetworkTimeUpdateService
05-02 08:50:13.007 I/SystemServer( 1674): StartCommonTimeManagementService
05-02 08:50:13.025 I/SystemServer( 1674): CertBlacklister
05-02 08:50:13.028 I/SystemServiceManager( 1674): Starting com.android.server.emergency.EmergencyAffordanceService
05-02 08:50:13.061 I/SystemServiceManager( 1674): Starting com.android.server.dreams.DreamManagerService
05-02 08:50:13.082 I/SystemServer( 1674): StartAssetAtlasService
05-02 08:50:13.148 I/SystemServiceManager( 1674): Starting com.android.server.print.PrintManagerService
05-02 08:50:13.417 I/SystemServiceManager( 1674): Starting com.android.server.restrictions.RestrictionsManagerService
05-02 08:50:13.472 I/SystemServiceManager( 1674): Starting com.android.server.media.MediaSessionService
05-02 08:50:13.563 D/AssetAtlas( 1674): Loaded configuration: SliceMinArea (1280x896) flags=0x2 count=91
05-02 08:50:13.645 I/SystemServer( 1674): StartMediaRouterService
05-02 08:50:13.684 I/SystemServiceManager( 1674): Starting com.android.server.trust.TrustManagerService
05-02 08:50:13.792 D/gralloc_ranchu( 1674): Emulator without host-side GPU emulation detected. Loading gralloc.default.so from /vendor/lib64/hw/gralloc.goldfish.default.so...
05-02 08:50:13.795 D/gralloc_ranchu( 1674): gralloc.default.so not found in /vendor. Trying /system/lib64/hw/gralloc.goldfish.default.so...
05-02 08:50:13.926 I/SystemServiceManager( 1674): Starting com.android.server.fingerprint.FingerprintService
05-02 08:50:14.025 D/PermissionCache( 1344): checking android.permission.MANAGE_FINGERPRINT for uid=1000 => granted (17790 us)
05-02 08:50:14.028 V/fingerprintd( 1344): nativeOpenHal()
05-02 08:50:14.175 D/FingerprintHal( 1344): ----------------> fingerprint_open ----------------->
05-02 08:50:14.179 E/fingerprintd( 1344): Wrong fp version. Expected 512, got 513
05-02 08:50:14.179 D/FingerprintHal( 1344): ----------------> set_notify_callback ----------------->
05-02 08:50:14.179 D/FingerprintHal( 1344): fingerprint callback notification set
05-02 08:50:14.179 V/fingerprintd( 1344): fingerprint HAL successfully initialized
05-02 08:50:14.181 D/FingerprintHal( 1344): ----------------> listenerFunction ----------------->
05-02 08:50:14.211 V/fingerprintd( 1344): setActiveGroup(0, /data/system/users/0/fpdata, 27)
05-02 08:50:14.211 D/FingerprintHal( 1344): ----------------> fingerprint_set_active_group -----------------> path /data/system/users/0/fpdata
05-02 08:50:14.211 D/FingerprintHal( 1344): ----------------> loadFingerprints ----------------->
05-02 08:50:14.212 E/FingerprintHal( 1344): Could not load fingerprints from storage at /data/system/users/0/fpdata/emufp.bin; it has not yet been created.
05-02 08:50:14.212 D/FingerprintHal( 1344): ----------------> loadAuthenticatorId ----------------->
05-02 08:50:14.300 D/FingerprintHal( 1344): Read authenticator id (0x6b8b4567327b23c6)
05-02 08:50:14.301 D/FingerprintHal( 1344): ----------------> fingerprint_get_auth_id ----------------->
05-02 08:50:14.301 D/FingerprintHal( 1344): ----------------> fingerprint_get_auth_id auth id 6b8b4567327b23c6----------------->
05-02 08:50:14.302 V/FingerprintService( 1674): Fingerprint HAL id: 130106203095040
05-02 08:50:14.312 I/SystemServer( 1674): StartBackgroundDexOptService
05-02 08:50:14.352 I/SystemServiceManager( 1674): Starting com.android.server.pm.ShortcutService$Lifecycle
05-02 08:50:14.377 W/AssetAtlasService( 1674): Could not find EGL configuration
05-02 08:50:14.410 I/SystemServiceManager( 1674): Starting com.android.server.pm.LauncherAppsService
05-02 08:50:14.415 I/SystemServiceManager( 1674): Starting com.android.server.media.projection.MediaProjectionManagerService
05-02 08:50:14.454 D/AssetAtlas( 1674): Rendered atlas in 409.40ms (406.18+3.22ms)
05-02 08:50:14.519 V/MediaRouter( 1674): Adding route: RouteInfo{ name=Phone, description=null, status=null, category=RouteCategory{ name=null types=ROUTE_TYPE_LIVE_AUDIO ROUTE_TYPE_LIVE_VIDEO  groupable=false }, supportedTypes=ROUTE_TYPE_LIVE_AUDIO ROUTE_TYPE_LIVE_VIDEO , presentationDisplay=null }
05-02 08:50:14.539 I/art     ( 1674): Background partial concurrent mark sweep GC freed 18932(1448KB) AllocSpace objects, 6(120KB) LOS objects, 24% free, 12MB/16MB, paused 16.359ms total 547.635ms
05-02 08:50:14.623 V/MediaRouter( 1674): Updating audio routes: AudioRoutesInfo{ type=SPEAKER }
05-02 08:50:14.628 V/MediaRouter( 1674): Selecting route: RouteInfo{ name=Phone, description=null, status=null, category=RouteCategory{ name=null types=ROUTE_TYPE_LIVE_AUDIO ROUTE_TYPE_LIVE_VIDEO  groupable=false }, supportedTypes=ROUTE_TYPE_LIVE_AUDIO ROUTE_TYPE_LIVE_VIDEO , presentationDisplay=null }
05-02 08:50:14.681 I/WindowManager( 1674): SAFE MODE not enabled
05-02 08:50:14.682 I/SystemServiceManager( 1674): Starting com.android.server.MmsServiceBroker
05-02 08:50:14.723 W/VibratorService( 1674): Tried to stop vibrating but there is no vibrator device.
05-02 08:50:15.280 E/LockSettingsStorage( 1674): Cannot read file java.io.FileNotFoundException: /data/system/gatekeeper.password.key: open failed: ENOENT (No such file or directory)
05-02 08:50:15.282 E/LockSettingsStorage( 1674): Cannot read file java.io.FileNotFoundException: /data/system/password.key: open failed: ENOENT (No such file or directory)
05-02 08:50:15.283 E/LockSettingsStorage( 1674): Cannot read file java.io.FileNotFoundException: /data/system/gatekeeper.pattern.key: open failed: ENOENT (No such file or directory)
05-02 08:50:15.284 E/LockSettingsStorage( 1674): Cannot read file java.io.FileNotFoundException: /data/system/gatekeeper.gesture.key: open failed: ENOENT (No such file or directory)
05-02 08:50:15.285 E/LockSettingsStorage( 1674): Cannot read file java.io.FileNotFoundException: /data/system/gesture.key: open failed: ENOENT (No such file or directory)
05-02 08:50:15.285 I/SystemServiceManager( 1674): Starting phase 480
05-02 08:50:15.334 I/DevicePolicyManagerService( 1674): Set ro.device_owner property to false
05-02 08:50:15.372 I/SystemServiceManager( 1674): Starting phase 500
05-02 08:50:15.466 D/ConnectivityMetricsLoggerService( 1674): onBootPhase: PHASE_SYSTEM_SERVICES_READY
05-02 08:50:15.610 I/WifiService( 1674): WifiService starting up with Wi-Fi disabled
05-02 08:50:15.710 I/WifiScanningService( 1674): Starting wifiscanner
05-02 08:50:15.760 I/RttService( 1674): Registering rttmanager
05-02 08:50:15.864 D/ZenLog  ( 1674): config: cleanUpZenRules,ZenModeConfig[user=0,allowCalls=true,allowRepeatCallers=false,allowMessages=false,allowCallsFrom=contacts,allowMessagesFrom=contacts,allowReminders=true,allowEvents=true,allowWhenScreenOff=true,allowWhenScreenOn=true,automaticRules={370bd6672ef541ba946db9ac4aef0faf=ZenRule[enabled=false,snoozing=false,name=Weeknight,zenMode=ZEN_MODE_ALARMS,conditionId=condition://android/schedule?days=1.2.3.4.5&start=22.0&end=7.0&exitAtAlarm=false,condition=Condition[id=condition://android/schedule?days=1.2.3.4.5&start=22.0&end=7.0&exitAtAlarm=false,summary=...,line1=...,line2=...,icon=0,state=STATE_FALSE,flags=2],component=ComponentInfo{android/com.android.server.notification.ScheduleConditionProvider},id=370bd6672ef541ba946db9ac4aef0faf,creationTime=1590622727817,enabler=null], a53ffdf89c814123a52adbdd46bc948d=ZenRule[enabled=false,snoozing=false,name=Weekend,zenMode=ZEN_MODE_ALARMS,conditionId=condition://android/schedule?days=6.7&start=23.30&end=10.0&exitAtAlarm=false,condition=Condition[id=condition://android/schedule?days=6.7&start=23.30&end=10.0&exitAtAlarm=false,summary=...,line1=...,line2=...,icon=0,state=STATE_TRUE,flags=2],component=ComponentInfo{android/com.android.server.notification.ScheduleConditionProvider},id=a53ffdf89c814123a52adbdd46bc948d,creationTime=1590622727818,enabler=null], fc8bb1aacabb4877a1d1d167106f6e77=ZenRule[enabled=false,snoozing=false,name=Event,zenMode=ZEN_MODE_ALARMS,conditionId=condition://android/event?userId=-10000&calendar=&reply=1,condition=Condition[id=condition://android/event?userId=-10000&calendar=&reply=1,summary=...,line1=...,line2=...,icon=0,state=STATE_FALSE,flags=2],component=ComponentInfo{android/com.android.server.notification.EventConditionProvider},id=fc8bb1aacabb4877a1d1d167106f6e77,creationTime=1590622727822,enabler=null]},manualRule=null],Diff[]
05-02 08:50:15.865 D/ZenLog  ( 1674): set_zen_mode: off,onSystemReady
05-02 08:50:15.962 D/PermissionCache( 1327): checking android.permission.CAPTURE_AUDIO_HOTWORD for uid=1000 => granted (1120 us)
05-02 08:50:15.965 W/SoundTriggerHelper( 1674): listModules status=0, # of modules=0
05-02 08:50:15.965 D/ContextHubSystemService( 1674): onBootPhase: PHASE_SYSTEM_SERVICES_READY
05-02 08:50:16.494 W/KeyguardServiceDelegate( 1674): onScreenTurningOn(): no keyguard service!
05-02 08:50:16.543 V/UserManagerService( 1674): Found /data/user_de/0 with serial number 0
05-02 08:50:16.543 V/UserManagerService( 1674): Found /data/user/0 with serial number 0
05-02 08:50:16.544 V/UserManagerService( 1674): Found /data/system_de/0 with serial number 0
05-02 08:50:16.544 V/UserManagerService( 1674): Found /data/system_ce/0 with serial number 0
05-02 08:50:16.972 I/ActivityManager( 1674): System now ready
05-02 08:50:17.058 I/SystemServer( 1674): Making services ready
05-02 08:50:17.059 I/SystemServiceManager( 1674): Starting phase 550
05-02 08:50:17.386 E/InputMethodManagerService( 1674): Ignoring updateSystemUiLocked due to an invalid token. uid:1000 token:null
05-02 08:50:17.500 W/WindowManager( 1674): Keyguard drawn timeout. Setting mKeyguardDrawComplete
05-02 08:50:18.174 I/Zygote  ( 1674): Process: zygote socket opened, supported ABIS: x86_64
05-02 08:50:18.255 W/ActivityManager( 1674): Slow operation: 176ms so far, now at startProcess: returned from zygote!
05-02 08:50:18.256 W/ActivityManager( 1674): Slow operation: 177ms so far, now at startProcess: done updating battery stats
05-02 08:50:18.257 W/ActivityManager( 1674): Slow operation: 178ms so far, now at startProcess: building log message
05-02 08:50:18.258 I/ActivityManager( 1674): Start proc 1963:com.android.inputmethod.latin/u0a41 for service com.android.inputmethod.latin/.LatinIME
05-02 08:50:18.258 W/ActivityManager( 1674): Slow operation: 179ms so far, now at startProcess: starting to update pids map
05-02 08:50:18.258 W/ActivityManager( 1674): Slow operation: 179ms so far, now at startProcess: done updating pids map
05-02 08:50:18.258 W/ActivityManager( 1674): Slow operation: 181ms so far, now at startProcess: done starting proc!
05-02 08:50:18.260 V/InputMethodManagerService( 1674): Adding window token: android.os.Binder@c61ff04
05-02 08:50:18.263 D/MountService( 1674): Thinking about init, mSystemReady=true, mDaemonConnected=true
05-02 08:50:18.263 D/MountService( 1674): Setting up emulation state, initlocked=false
05-02 08:50:18.264 D/CryptdConnector( 1674): SND -> {2 cryptfs unlock_user_key 0 0 ! !}
05-02 08:50:18.312 D/vold    ( 1277): e4crypt_unlock_user_key 0 serial=0 token_present=0
05-02 08:50:18.315 D/CryptdConnector( 1674): RCV <- {200 2 Command succeeded}
05-02 08:50:18.318 D/MountService( 1674): Thinking about reset, mSystemReady=true, mDaemonConnected=true
05-02 08:50:18.328 I/ActivityManager( 1674): Force stopping com.android.providers.media appid=10010 user=-1: vold reset
05-02 08:50:18.333 D/VoldConnector( 1674): SND -> {3 volume reset}
05-02 08:50:18.339 D/vold    ( 1277): Recognized experimental block major ID 253 as virtio-blk (emulator's virtual SD card device)
05-02 08:50:18.339 V/vold    ( 1277): /system/bin/sgdisk
05-02 08:50:18.339 V/vold    ( 1277):     --android-dump
05-02 08:50:18.360 D/VoldConnector( 1674): RCV <- {651 emulated 7}
05-02 08:50:18.447 E/BitmapFactory( 1674): Unable to decode stream: java.io.FileNotFoundException: /data/system/users/0/wallpaper_orig (No such file or directory)
05-02 08:50:18.448 E/WallpaperManagerService( 1674): Invalid wallpaper data
05-02 08:50:18.448 E/WallpaperManagerService( 1674): Unable to apply new wallpaper
05-02 08:50:18.460 V/vold    ( 1277):     /dev/block/vold/disk:253,48
05-02 08:50:18.471 D/VoldConnector( 1674): RCV <- {659 emulated}
05-02 08:50:18.472 D/VoldConnector( 1674): RCV <- {650 emulated 2 "" ""}
05-02 08:50:18.473 D/VoldConnector( 1674): RCV <- {651 emulated 0}
05-02 08:50:18.474 D/VoldConnector( 1674): RCV <- {651 public:253,48 7}
05-02 08:50:18.475 D/VoldConnector( 1674): RCV <- {659 public:253,48}
05-02 08:50:18.475 D/VoldConnector( 1674): RCV <- {649 disk:253,48}
05-02 08:50:18.476 D/VoldConnector( 1674): RCV <- {640 disk:253,48 5}
05-02 08:50:18.477 D/VoldConnector( 1674): RCV <- {641 disk:253,48 549453824}
05-02 08:50:18.478 D/VoldConnector( 1674): RCV <- {642 disk:253,48 Virtual}
05-02 08:50:18.479 D/VoldConnector( 1674): RCV <- {644 disk:253,48 /sys//devices/pci0000:00/0000:00:06.0/virtio3/block/vdd}
05-02 08:50:18.553 W/art     ( 1963): Unexpected CPU variant for X86 using defaults: x86_64
05-02 08:50:18.626 V/MountService( 1674): Found primary storage at VolumeInfo{emulated}:
05-02 08:50:18.626 V/MountService( 1674):     type=EMULATED diskId=null partGuid=null mountFlags=0 mountUserId=-1 
05-02 08:50:18.626 V/MountService( 1674):     state=UNMOUNTED 
05-02 08:50:18.626 V/MountService( 1674):     fsType=null fsUuid=null fsLabel=null 
05-02 08:50:18.626 V/MountService( 1674):     path=null internalPath=null 
05-02 08:50:18.684 W/art     ( 1969): Unexpected CPU variant for X86 using defaults: x86_64
05-02 08:50:18.707 W/ActivityManager( 1674): Slow operation: 177ms so far, now at startProcess: returned from zygote!
05-02 08:50:18.708 W/ActivityManager( 1674): Slow operation: 177ms so far, now at startProcess: done updating battery stats
05-02 08:50:18.708 W/ActivityManager( 1674): Slow operation: 178ms so far, now at startProcess: building log message
05-02 08:50:18.708 I/ActivityManager( 1674): Start proc 1969:com.android.systemui/u0a21 for service com.android.systemui/.ImageWallpaper
05-02 08:50:18.708 W/ActivityManager( 1674): Slow operation: 178ms so far, now at startProcess: starting to update pids map
05-02 08:50:18.708 W/ActivityManager( 1674): Slow operation: 178ms so far, now at startProcess: done updating pids map
05-02 08:50:18.708 W/ActivityManager( 1674): Slow operation: 194ms so far, now at startProcess: done starting proc!
05-02 08:50:18.728 D/UsbAlsaManager( 1674): Adding ALSA device AlsaDevice: [card: 0, device: 0, type: 1]
05-02 08:50:18.728 D/UsbAlsaManager( 1674): Adding ALSA device AlsaDevice: [card: 0, device: 0, type: 2]
05-02 08:50:18.734 E/BluetoothAdapter( 1674): Bluetooth binder is null
05-02 08:50:18.759 W/art     ( 1674): Long monitor contention with owner main (1674) at int com.android.server.am.ActivityManagerService.bindService(android.app.IApplicationThread, android.os.IBinder, android.content.Intent, java.lang.String, android.app.IServiceConnection, int, java.lang.String, int)(ActivityManagerService.java:17301) waiters=0 in void com.android.server.am.ActivityManagerService.dispatchUidsChanged() for 178ms
05-02 08:50:18.782 I/SystemServer( 1674): WebViewFactory preparation
05-02 08:50:18.784 E/BluetoothAdapter( 1674): Bluetooth binder is null
05-02 08:50:18.882 I/AudioFlinger( 1327): systemReady
05-02 08:50:18.885 D/WebViewFactory( 1674): Setting new address space to 114394000
05-02 08:50:19.199 I/Zygote  ( 1674): Process: zygote socket opened, supported ABIS: x86
05-02 08:50:19.307 V/vold    ( 1277): DISK mbr
05-02 08:50:19.307 V/vold    ( 1277): 
05-02 08:50:19.330 W/vold    ( 1277): disk:253,48 has unknown partition table; trying entire device
05-02 08:50:19.331 V/vold    ( 1277): /system/bin/blkid
05-02 08:50:19.331 V/vold    ( 1277):     -c
05-02 08:50:19.331 V/vold    ( 1277):     /dev/null
05-02 08:50:19.331 V/vold    ( 1277):     -s
05-02 08:50:19.331 V/vold    ( 1277):     TYPE
05-02 08:50:19.331 V/vold    ( 1277):     -s
05-02 08:50:19.331 V/vold    ( 1277):     UUID
05-02 08:50:19.331 V/vold    ( 1277):     -s
05-02 08:50:19.331 V/vold    ( 1277):     LABEL
05-02 08:50:19.331 V/vold    ( 1277):     /dev/block/vold/disk:253,48
05-02 08:50:19.376 I/art     ( 1326): Starting a blocking GC Background
05-02 08:50:19.453 E/WVMExtractor( 1674): Failed to open libwvm.so: dlopen failed: library "libwvm.so" not found
05-02 08:50:19.656 I/art     ( 1326): Background concurrent mark sweep GC freed 127(16KB) AllocSpace objects, 0(0B) LOS objects, 39% free, 6MB/10MB, paused 1.695ms total 275.914ms
05-02 08:50:19.871 I/MediaPlayerService( 1337): MediaPlayerService::getOMX
05-02 08:50:19.937 I/OMXClient( 1337): MuxOMX ctor
05-02 08:50:20.052 I/MediaPlayerService( 1337): MediaPlayerService::getOMX
05-02 08:50:20.055 I/OMXClient( 1337): MuxOMX ctor
05-02 08:50:20.073 I/OMXMaster( 1334): makeComponentInstance(OMX.google.mp3.decoder) in mediacodec process
05-02 08:50:20.209 V/vold    ( 1277): /dev/block/vold/disk:253,48: LABEL="SDCARD" UUID="1EFF-1C1B" TYPE="vfat" 
05-02 08:50:20.209 V/vold    ( 1277): 
05-02 08:50:20.226 D/VoldConnector( 1674): RCV <- {650 public:253,48 0 "disk:253,48" ""}
05-02 08:50:20.229 D/VoldConnector( 1674): RCV <- {651 public:253,48 0}
05-02 08:50:20.270 D/VoldConnector( 1674): RCV <- {643 disk:253,48}
05-02 08:50:20.271 D/VoldConnector( 1674): RCV <- {200 3 Command succeeded}
05-02 08:50:20.296 E/VoldConnector( 1674): NDC Command {3 volume reset} took too long (1963ms)
05-02 08:50:20.298 D/VoldConnector( 1674): SND -> {4 volume user_added 0 0}
05-02 08:50:20.325 D/VoldConnector( 1674): RCV <- {200 4 Command succeeded}
05-02 08:50:20.362 W/ActivityManager( 1674): Slow operation: 1366ms so far, now at startProcess: returned from zygote!
05-02 08:50:20.363 W/ActivityManager( 1674): Slow operation: 1367ms so far, now at startProcess: done updating battery stats
05-02 08:50:20.363 W/ActivityManager( 1674): Slow operation: 1367ms so far, now at startProcess: building log message
05-02 08:50:20.363 I/ActivityManager( 1674): Start proc 2005:WebViewLoader-x86/1037 [android.webkit.WebViewFactory$RelroFileCreator] for 
05-02 08:50:20.363 W/ActivityManager( 1674): Slow operation: 1367ms so far, now at startProcess: starting to update pids map
05-02 08:50:20.364 W/ActivityManager( 1674): Slow operation: 1367ms so far, now at startProcess: done updating pids map
05-02 08:50:20.364 W/ActivityManager( 1674): Slow operation: 1369ms so far, now at startProcess: done starting proc!
05-02 08:50:20.370 W/art     ( 1674): Long monitor contention with owner main (1674) at int com.android.server.am.ActivityManagerService.startIsolatedProcess(java.lang.String, java.lang.String[], java.lang.String, java.lang.String, int, java.lang.Runnable)(ActivityManagerService.java:3509) waiters=0 in void com.android.server.am.ActivityManagerService.dispatchUidsChanged() for 1.372s
05-02 08:50:20.479 W/art     ( 2005): Unexpected CPU variant for X86 using defaults: x86
05-02 08:50:20.507 W/art     ( 2010): Unexpected CPU variant for X86 using defaults: x86_64
05-02 08:50:20.545 W/ActivityManager( 1674): Slow operation: 181ms so far, now at startProcess: returned from zygote!
05-02 08:50:20.545 W/ActivityManager( 1674): Slow operation: 181ms so far, now at startProcess: done updating battery stats
05-02 08:50:20.545 W/ActivityManager( 1674): Slow operation: 181ms so far, now at startProcess: building log message
05-02 08:50:20.546 I/ActivityManager( 1674): Start proc 2010:WebViewLoader-x86_64/1037 [android.webkit.WebViewFactory$RelroFileCreator] for 
05-02 08:50:20.546 W/ActivityManager( 1674): Slow operation: 182ms so far, now at startProcess: starting to update pids map
05-02 08:50:20.546 W/ActivityManager( 1674): Slow operation: 182ms so far, now at startProcess: done updating pids map
05-02 08:50:20.546 W/ActivityManager( 1674): Slow operation: 182ms so far, now at startProcess: done starting proc!
05-02 08:50:20.550 W/art     ( 1674): Long monitor contention with owner main (1674) at int com.android.server.am.ActivityManagerService.startIsolatedProcess(java.lang.String, java.lang.String[], java.lang.String, java.lang.String, int, java.lang.Runnable)(ActivityManagerService.java:3509) waiters=2 in void com.android.server.am.ActivityManagerService.attachApplication(android.app.IApplicationThread) for 1.244s
05-02 08:50:20.560 W/art     ( 1674): Long monitor contention with owner main (1674) at int com.android.server.am.ActivityManagerService.startIsolatedProcess(java.lang.String, java.lang.String[], java.lang.String, java.lang.String, int, java.lang.Runnable)(ActivityManagerService.java:3509) waiters=1 in void com.android.server.am.ActivityManagerService.attachApplication(android.app.IApplicationThread) for 1.488s
05-02 08:50:20.584 D/NetworkManagement( 1674): enabling bandwidth control
05-02 08:50:20.660 W/art     ( 1674): Long monitor contention with owner main (1674) at int com.android.server.am.ActivityManagerService.startIsolatedProcess(java.lang.String, java.lang.String[], java.lang.String, java.lang.String, int, java.lang.Runnable)(ActivityManagerService.java:3509) waiters=3 in int com.android.server.am.ActivityManagerService.getAppStartMode(int, java.lang.String) for 326ms
05-02 08:50:20.701 W/art     ( 1674): Long monitor contention with owner main (1674) at int com.android.server.am.ActivityManagerService.startIsolatedProcess(java.lang.String, java.lang.String[], java.lang.String, java.lang.String, int, java.lang.Runnable)(ActivityManagerService.java:3509) waiters=3 in void com.android.server.am.ActivityManagerService.dispatchUidsChanged() for 330ms
05-02 08:50:20.703 W/art     ( 1674): Long monitor contention with owner Binder:1674_3 (1990) at void com.android.server.am.ActivityManagerService.attachApplication(android.app.IApplicationThread)(ActivityManagerService.java:6669) waiters=2 in void com.android.server.am.ActivityManagerService.attachApplication(android.app.IApplicationThread) for 143ms
05-02 08:50:20.751 D/VoldConnector( 1674): SND -> {5 volume mount emulated 3 -1}
05-02 08:50:20.757 V/vold    ( 1277): Waiting for FUSE to spin up...
05-02 08:50:20.757 D/VoldConnector( 1674): RCV <- {651 emulated 1}
05-02 08:50:20.758 D/VoldConnector( 1674): RCV <- {656 emulated /data/media}
05-02 08:50:20.759 D/VoldConnector( 1674): RCV <- {655 emulated /storage/emulated}
05-02 08:50:20.772 V/WebViewFactory( 2010): RelroFileCreator (64bit = true),  32-bit lib: /system/app/webview/webview.apk!/lib/x86/libwebviewchromium.so, 64-bit lib: /system/app/webview/webview.apk!/lib/x86_64/libwebviewchromium.so
05-02 08:50:20.827 V/vold    ( 1277): Waiting for FUSE to spin up...
05-02 08:50:20.880 V/vold    ( 1277): Waiting for FUSE to spin up...
05-02 08:50:20.941 V/vold    ( 1277): Waiting for FUSE to spin up...
05-02 08:50:21.062 V/vold    ( 1277): Waiting for FUSE to spin up...
05-02 08:50:21.133 V/vold    ( 1277): Waiting for FUSE to spin up...
05-02 08:50:21.200 V/vold    ( 1277): Waiting for FUSE to spin up...
05-02 08:50:21.254 V/vold    ( 1277): Waiting for FUSE to spin up...
05-02 08:50:21.277 W/System  ( 1969): ClassLoader referenced unknown path: /system/priv-app/SystemUI/lib/x86_64
05-02 08:50:21.310 V/vold    ( 1277): Waiting for FUSE to spin up...
05-02 08:50:21.361 V/vold    ( 1277): Waiting for FUSE to spin up...
05-02 08:50:21.393 I/MediaPlayerService( 1337): MediaPlayerService::getOMX
05-02 08:50:21.407 I/OMXClient( 1337): MuxOMX ctor
05-02 08:50:21.408 I/OMXMaster( 1334): makeComponentInstance(OMX.google.amrnb.decoder) in mediacodec process
05-02 08:50:21.413 V/vold    ( 1277): Waiting for FUSE to spin up...
05-02 08:50:21.465 V/vold    ( 1277): Waiting for FUSE to spin up...
05-02 08:50:21.518 V/vold    ( 1277): Waiting for FUSE to spin up...
05-02 08:50:21.570 V/vold    ( 1277): Waiting for FUSE to spin up...
05-02 08:50:21.623 V/vold    ( 1277): Waiting for FUSE to spin up...
05-02 08:50:21.647 W/sdcard  ( 2025): Device explicitly disabled sdcardfs
05-02 08:50:21.675 I/MediaPlayerService( 1337): MediaPlayerService::getOMX
05-02 08:50:21.676 I/OMXClient( 1337): MuxOMX ctor
05-02 08:50:21.677 I/OMXMaster( 1334): makeComponentInstance(OMX.google.amrwb.decoder) in mediacodec process
05-02 08:50:21.680 V/vold    ( 1277): Waiting for FUSE to spin up...
05-02 08:50:21.731 V/vold    ( 1277): Waiting for FUSE to spin up...
05-02 08:50:21.782 V/vold    ( 1277): Waiting for FUSE to spin up...
05-02 08:50:21.841 V/vold    ( 1277): Waiting for FUSE to spin up...
05-02 08:50:21.891 V/vold    ( 1277): Waiting for FUSE to spin up...
05-02 08:50:21.782 V/WebViewFactory( 2005): RelroFileCreator (64bit = false),  32-bit lib: /system/app/webview/webview.apk!/lib/x86/libwebviewchromium.so, 64-bit lib: /system/app/webview/webview.apk!/lib/x86_64/libwebviewchromium.so
05-02 08:50:21.964 D/VoldConnector( 1674): RCV <- {651 emulated 2}
05-02 08:50:21.965 D/VoldConnector( 1674): RCV <- {200 5 Command succeeded}
05-02 08:50:21.975 I/MediaPlayerService( 1337): MediaPlayerService::getOMX
05-02 08:50:21.976 I/OMXClient( 1337): MuxOMX ctor
05-02 08:50:21.977 I/OMXMaster( 1334): makeComponentInstance(OMX.google.aac.decoder) in mediacodec process
05-02 08:50:21.993 E/VoldConnector( 1674): NDC Command {5 volume mount emulated 3 -1} took too long (1241ms)
05-02 08:50:21.994 D/VoldConnector( 1674): SND -> {6 volume mount public:253,48 2 0}
05-02 08:50:21.996 V/vold    ( 1277): /system/bin/blkid
05-02 08:50:21.996 V/vold    ( 1277):     -c
05-02 08:50:21.996 V/vold    ( 1277):     /dev/null
05-02 08:50:21.996 V/vold    ( 1277):     -s
05-02 08:50:21.996 V/vold    ( 1277):     TYPE
05-02 08:50:21.996 V/vold    ( 1277):     -s
05-02 08:50:21.996 V/vold    ( 1277):     UUID
05-02 08:50:21.996 V/vold    ( 1277):     -s
05-02 08:50:21.996 V/vold    ( 1277):     LABEL
05-02 08:50:21.997 V/vold    ( 1277):     /dev/block/vold/public:253,48
05-02 08:50:21.998 D/VoldConnector( 1674): RCV <- {651 public:253,48 1}
05-02 08:50:22.330 V/SystemUIService( 1969): Starting SystemUI services for user 0.
05-02 08:50:22.345 I/MediaPlayerService( 1337): MediaPlayerService::getOMX
05-02 08:50:22.346 I/OMXClient( 1337): MuxOMX ctor
05-02 08:50:22.347 I/OMXMaster( 1334): makeComponentInstance(OMX.google.g711.alaw.decoder) in mediacodec process
05-02 08:50:22.661 I/LatinIME( 1963): Hardware accelerated drawing: true
05-02 08:50:22.709 V/MediaRouter( 1969): Adding route: RouteInfo{ name=Phone, description=null, status=null, category=RouteCategory{ name=null types=ROUTE_TYPE_LIVE_AUDIO ROUTE_TYPE_LIVE_VIDEO  groupable=false }, supportedTypes=ROUTE_TYPE_LIVE_AUDIO ROUTE_TYPE_LIVE_VIDEO , presentationDisplay=null }
05-02 08:50:22.867 V/MediaRouter( 1969): Updating audio routes: AudioRoutesInfo{ type=SPEAKER }
05-02 08:50:22.936 V/MediaRouter( 1969): Selecting route: RouteInfo{ name=Phone, description=null, status=null, category=RouteCategory{ name=null types=ROUTE_TYPE_LIVE_AUDIO ROUTE_TYPE_LIVE_VIDEO  groupable=false }, supportedTypes=ROUTE_TYPE_LIVE_AUDIO ROUTE_TYPE_LIVE_VIDEO , presentationDisplay=null }
05-02 08:50:23.465 I/MediaPlayerService( 1337): MediaPlayerService::getOMX
05-02 08:50:23.467 I/OMXClient( 1337): MuxOMX ctor
05-02 08:50:23.467 I/OMXMaster( 1334): makeComponentInstance(OMX.google.g711.mlaw.decoder) in mediacodec process
05-02 08:50:23.705 W/ProcessCpuTracker( 1674): Skipping unknown process pid 2056
05-02 08:50:24.205 V/vold    ( 1277): /dev/block/vold/public:253,48: LABEL="SDCARD" UUID="1EFF-1C1B" TYPE="vfat" 
05-02 08:50:24.206 V/vold    ( 1277): 
05-02 08:50:24.393 D/VoldConnector( 1674): RCV <- {652 public:253,48 vfat}
05-02 08:50:24.454 V/vold    ( 1277): /system/bin/fsck_msdos
05-02 08:50:24.455 V/vold    ( 1277):     -p
05-02 08:50:24.455 V/vold    ( 1277):     -f
