05-23 14:51:31.136 I/DefaultSubscriber( 3984): Subscriber registered: Subscriber<Topic<TopicIdentifier</clock>, TopicDescription<rosgraph_msgs/Clock, a9c97c1d230cfc112e270351a944ee47>>>
05-23 14:51:31.389 I/Registrar( 3984): Registering publisher: Publisher<PublisherDefinition<PublisherIdentifier<NodeIdentifier</guest_science_manager, http://hlp:57095/>, TopicIdentifier</gs/gs_manager/ack>>, Topic<TopicIdentifier</gs/gs_manager/ack>, TopicDescription<ff_msgs/AckStamped, cebddec69fd770df54633be444a9187d>>>>
05-23 14:51:31.708 I/Registrar( 3984): Registering publisher: Publisher<PublisherDefinition<PublisherIdentifier<NodeIdentifier</guest_science_manager, http://hlp:57095/>, TopicIdentifier</gs/gs_manager/config>>, Topic<TopicIdentifier</gs/gs_manager/config>, TopicDescription<ff_msgs/GuestScienceConfig, c6f632ed2411de4159494a3e7754794e>>>>
05-23 14:51:31.812 I/Registrar( 3984): Response<Success, Registered [/guest_science_manager] as publisher of [/gs/gs_manager/ack], [http://10.42.0.34:34800/]>
05-23 14:51:31.830 I/DefaultPublisher( 3984): Publisher registered: Publisher<PublisherDefinition<PublisherIdentifier<NodeIdentifier</guest_science_manager, http://hlp:57095/>, TopicIdentifier</gs/gs_manager/ack>>, Topic<TopicIdentifier</gs/gs_manager/ack>, TopicDescription<ff_msgs/AckStamped, cebddec69fd770df54633be444a9187d>>>>
05-23 14:51:31.854 W/art     ( 3984): Suspending all threads took: 8.260ms
05-23 14:51:32.160 I/Registrar( 3984): Registering publisher: Publisher<PublisherDefinition<PublisherIdentifier<NodeIdentifier</guest_science_manager, http://hlp:57095/>, TopicIdentifier</gs/data>>, Topic<TopicIdentifier</gs/data>, TopicDescription<ff_msgs/GuestScienceData, edd2c791ea93ffa7cb0ec80c5bb00972>>>>
05-23 14:51:32.348 I/art     ( 3984): Background sticky concurrent mark sweep GC freed 26604(2MB) AllocSpace objects, 20(404KB) LOS objects, 28% free, 7MB/10MB, paused 10.833ms total 781.336ms
05-23 14:51:32.372 I/Registrar( 3984): Response<Success, Registered [/guest_science_manager] as publisher of [/gs/gs_manager/config], [http://10.42.0.34:34800/, http://10.42.0.34:37778/]>
05-23 14:51:32.397 I/DefaultPublisher( 3984): Publisher registered: Publisher<PublisherDefinition<PublisherIdentifier<NodeIdentifier</guest_science_manager, http://hlp:57095/>, TopicIdentifier</gs/gs_manager/config>>, Topic<TopicIdentifier</gs/gs_manager/config>, TopicDescription<ff_msgs/GuestScienceConfig, c6f632ed2411de4159494a3e7754794e>>>>
05-23 14:51:32.492 I/Registrar( 3984): Registering publisher: Publisher<PublisherDefinition<PublisherIdentifier<NodeIdentifier</guest_science_manager, http://hlp:57095/>, TopicIdentifier</gs/gs_manager/state>>, Topic<TopicIdentifier</gs/gs_manager/state>, TopicDescription<ff_msgs/GuestScienceState, 24e5a1ba8527257cc710720a32de6e51>>>>
05-23 14:51:33.151 I/Registrar( 3984): Response<Success, Registered [/guest_science_manager] as publisher of [/gs/data], [http://10.42.0.34:44572/, http://10.42.0.34:37778/, http://10.42.0.34:43342/]>
05-23 14:51:33.282 I/Registrar( 3984): Response<Success, Registered [/guest_science_manager] as publisher of [/gs/gs_manager/state], [http://10.42.0.34:34800/, http://10.42.0.34:37778/]>
05-23 14:51:33.406 I/DefaultPublisher( 3984): Publisher registered: Publisher<PublisherDefinition<PublisherIdentifier<NodeIdentifier</guest_science_manager, http://hlp:57095/>, TopicIdentifier</gs/data>>, Topic<TopicIdentifier</gs/data>, TopicDescription<ff_msgs/GuestScienceData, edd2c791ea93ffa7cb0ec80c5bb00972>>>>
05-23 14:51:33.482 I/DefaultPublisher( 3984): Publisher registered: Publisher<PublisherDefinition<PublisherIdentifier<NodeIdentifier</guest_science_manager, http://hlp:57095/>, TopicIdentifier</gs/gs_manager/state>>, Topic<TopicIdentifier</gs/gs_manager/state>, TopicDescription<ff_msgs/GuestScienceState, 24e5a1ba8527257cc710720a32de6e51>>>>
05-23 14:51:33.563 I/Registrar( 3984): Registering subscriber: Subscriber<Topic<TopicIdentifier</mgt/executive/command>, TopicDescription<ff_msgs/CommandStamped, ac01350894b1be9e3a7b4f390a14812d>>>
05-23 14:51:34.073 I/Registrar( 3984): Response<Success, Subscribed to [/mgt/executive/command], [http://10.42.0.34:34800/]>
05-23 14:51:34.105 I/DefaultSubscriber( 3984): Subscriber registered: Subscriber<Topic<TopicIdentifier</mgt/executive/command>, TopicDescription<ff_msgs/CommandStamped, ac01350894b1be9e3a7b4f390a14812d>>>
05-23 14:51:34.130 I/art     ( 4059): Not late-enabling -Xcheck:jni (already on)
05-23 14:51:34.131 W/art     ( 4059): Unexpected CPU variant for X86 using defaults: x86_64
05-23 14:51:34.149 W/ActivityManager( 2872): Slow operation: 256ms so far, now at startProcess: returned from zygote!
05-23 14:51:34.150 W/ActivityManager( 2872): Slow operation: 257ms so far, now at startProcess: done updating battery stats
05-23 14:51:34.151 W/ActivityManager( 2872): Slow operation: 257ms so far, now at startProcess: building log message
05-23 14:51:34.151 I/ActivityManager( 2872): Start proc 4059:jp.jaxa.iss.kibo.rpc.sampleapk/u0a64 for broadcast jp.jaxa.iss.kibo.rpc.sampleapk/gov.nasa.arc.astrobee.android.gs.InfoInqueryBroadcastReceiver
05-23 14:51:34.151 W/ActivityManager( 2872): Slow operation: 258ms so far, now at startProcess: starting to update pids map
05-23 14:51:34.151 W/ActivityManager( 2872): Slow operation: 258ms so far, now at startProcess: done updating pids map
05-23 14:51:34.151 W/ActivityManager( 2872): Slow operation: 287ms so far, now at startProcess: done starting proc!
05-23 14:51:34.199 W/art     ( 2872): Long monitor contention with owner ActivityManager (2917) at void com.android.server.am.BroadcastQueue.processNextBroadcast(boolean)(BroadcastQueue.java:760) waiters=1 in void com.android.server.am.ActivityManagerService.dispatchUidsChanged() for 302ms
05-23 14:51:34.877 I/art     ( 3984): Background partial concurrent mark sweep GC freed 23899(1844KB) AllocSpace objects, 30(600KB) LOS objects, 34% free, 7MB/11MB, paused 8.449ms total 934.464ms
05-23 14:51:35.406 I/ActivityManager( 2872): Killing 3735:com.android.printspooler/u0a51 (adj 906): empty #17
05-23 14:51:35.661 D/ActivityManager( 2872): cleanUpApplicationRecord -- 3735
05-23 14:51:38.052 I/art     ( 3984): Do partial code cache collection, code=26KB, data=29KB
05-23 14:51:38.063 I/art     ( 3984): After code cache collection, code=26KB, data=29KB
05-23 14:51:38.064 I/art     ( 3984): Increasing code cache capacity to 128KB
05-23 14:51:40.569 D/ManagerTimeoutTimer( 3984): Still waiting for the apk to start or stop. 4999.0 milliseconds left.
05-23 14:51:40.936 D/OpenCV/StaticHelper( 4059): Trying to get library list
05-23 14:51:41.059 E/OpenCV/StaticHelper( 4059): OpenCV error: Cannot load info library for OpenCV
05-23 14:51:41.060 D/OpenCV/StaticHelper( 4059): Library list: ""
05-23 14:51:41.060 D/OpenCV/StaticHelper( 4059): First attempt to load libs
05-23 14:51:41.060 D/OpenCV/StaticHelper( 4059): Trying to init OpenCV libs
05-23 14:51:41.060 D/OpenCV/StaticHelper( 4059): Trying to load library opencv_java3
05-23 14:51:41.425 D/OpenCV/StaticHelper( 4059): Library opencv_java3 loaded
05-23 14:51:41.425 D/OpenCV/StaticHelper( 4059): First attempt to load libs is OK
05-23 14:51:41.543 I/OpenCV/StaticHelper( 4059): 
05-23 14:51:41.562 I/OpenCV/StaticHelper( 4059): General configuration for OpenCV 3.4.4 =====================================
05-23 14:51:41.562 I/OpenCV/StaticHelper( 4059):   Version control:               3.4.4
05-23 14:51:41.562 I/OpenCV/StaticHelper( 4059): 
05-23 14:51:41.562 I/OpenCV/StaticHelper( 4059):   Extra modules:
05-23 14:51:41.562 I/OpenCV/StaticHelper( 4059):     Location (extra):            /build/3_4-contrib_pack-contrib-android/opencv_contrib/modules
05-23 14:51:41.562 I/OpenCV/StaticHelper( 4059):     Version control (extra):     3.4.4
05-23 14:51:41.562 I/OpenCV/StaticHelper( 4059): 
05-23 14:51:41.562 I/OpenCV/StaticHelper( 4059):   Platform:
05-23 14:51:41.563 I/OpenCV/StaticHelper( 4059):     Timestamp:                   2018-11-17T00:27:32Z
05-23 14:51:41.563 I/OpenCV/StaticHelper( 4059):     Host:                        Linux 4.15.0-38-generic x86_64
05-23 14:51:41.585 I/OpenCV/StaticHelper( 4059):     Target:                      Linux 1 x86_64
05-23 14:51:41.585 I/OpenCV/StaticHelper( 4059):     CMake:                       2.8.12.2
05-23 14:51:41.585 I/OpenCV/StaticHelper( 4059):     CMake generator:             Ninja
05-23 14:51:41.585 I/OpenCV/StaticHelper( 4059):     CMake build tool:            /usr/bin/ninja
05-23 14:51:41.585 I/OpenCV/StaticHelper( 4059):     Configuration:               Release
05-23 14:51:41.585 I/OpenCV/StaticHelper( 4059): 
05-23 14:51:41.585 I/OpenCV/StaticHelper( 4059):   CPU/HW features:
05-23 14:51:41.585 I/OpenCV/StaticHelper( 4059):     Baseline:                    SSE SSE2 SSE3
05-23 14:51:41.585 I/OpenCV/StaticHelper( 4059):       requested:                 SSE3
05-23 14:51:41.585 I/OpenCV/StaticHelper( 4059):     Dispatched code generation:  SSE4_1 SSE4_2 FP16 AVX AVX2
05-23 14:51:41.585 I/OpenCV/StaticHelper( 4059):       requested:                 SSE4_1 SSE4_2 AVX FP16 AVX2 AVX512_SKX
05-23 14:51:41.586 I/OpenCV/StaticHelper( 4059):       SSE4_1 (4 files):          + SSSE3 SSE4_1
05-23 14:51:41.586 I/OpenCV/StaticHelper( 4059):       SSE4_2 (1 files):          + SSSE3 SSE4_1 POPCNT SSE4_2
05-23 14:51:41.586 I/OpenCV/StaticHelper( 4059):       FP16 (0 files):            + SSSE3 SSE4_1 POPCNT SSE4_2 FP16 AVX
05-23 14:51:41.586 I/OpenCV/StaticHelper( 4059):       AVX (5 files):             + SSSE3 SSE4_1 POPCNT SSE4_2 AVX
05-23 14:51:41.586 I/OpenCV/StaticHelper( 4059):       AVX2 (10 files):           + SSSE3 SSE4_1 POPCNT SSE4_2 FP16 FMA3 AVX AVX2
05-23 14:51:41.586 I/OpenCV/StaticHelper( 4059): 
05-23 14:51:41.586 I/OpenCV/StaticHelper( 4059):   C/C++:
05-23 14:51:41.586 I/OpenCV/StaticHelper( 4059):     Built as dynamic libs?:      NO
05-23 14:51:41.586 I/OpenCV/StaticHelper( 4059):     C++ Compiler:                /usr/bin/ccache /opt/android/android-ndk-r10e/toolchains/x86_64-4.9/prebuilt/linux-x86_64/bin/x86_64-linux-android-g++ (ver 4.9)
05-23 14:51:41.586 I/OpenCV/StaticHelper( 4059):     C++ flags (Release):         -fexceptions -frtti --sysroot=/opt/android/android-ndk-r10e/platforms/android-21/arch-x86_64 -funwind-tables -funswitch-loops -finline-limit=300 -fsigned-char -no-canonical-prefixes -fdata-sections -ffunction-sections -Wa,--noexecstack  -DANDROID -D__ANDROID_API__=21   -fsigned-char -W -Wall -Werror=return-type -Werror=non-virtual-dtor -Werror=address -Werror=sequence-point -Wformat -Werror=format-security -Wmissing-declarations -Wundef -Winit-self -Wpointer-arith -Wshadow -Wsign-promo -Wuninitialized -Winit-self -Wno-narrowing -Wno-delete-non-virtual-dtor -Wno-comment -Wno-missing-field-initializers -fdiagnostics-show-option -Wno-long-long -fomit-frame-pointer  -msse -msse2 -msse3 -fvisibility=hidden -fvisibility-inlines-hidden -fomit-frame-pointer -fstrict-aliasing -O3 -DNDEBUG  -DNDEBUG
05-23 14:51:41.586 I/OpenCV/StaticHelper( 4059):     C++ flags (Debug):           -fexceptions -frtti --sysroot=/opt/android/android-ndk-r10e/platforms/android-21/arch-x86_64 -funwind-tables -funswitch-loops -finline-limit=300 -fsigned-char -no-canonical-prefixes -fdata-sections -ffunction-sections -Wa,--noexecstack  -DANDROID -D__ANDROID_API__=21   -fsigned-char -W -Wall -Werror=return-type -Werror=non-virtual-dtor -Werror=address -Werror=sequence-point -Wformat -Werror=format-security -Wmissing-declarations -Wundef -Winit-self -Wpointer-arith -Wshadow -Wsign-promo -Wuninitialized -Winit-self -Wno-narrowing -Wno-delete-non-virtual-dtor -Wno-comment -Wno-missing-field-initializers -fdiagnostics-show-option -Wno-long-long -fomit-frame-pointer  -msse -msse2 -msse3 -fvisibility=hidden -fvisibility-inlines-hidden -fno-omit-frame-pointer -fno-strict-aliasing -O0 -g -DDEBUG -D_DEBUG  -DDEBUG -D_DEBUG
05-23 14:51:41.586 I/OpenCV/StaticHelper( 4059):     C Compiler:                  /usr/bin/ccache /opt/android/android-ndk-r10e/toolchains/x86_64-4.9/prebuilt/linux-x86_64/bin/x86_64-linux-android-gcc
05-23 14:51:41.586 I/OpenCV/StaticHelper( 4059):     C flags (Release):           -fexceptions --sysroot=/opt/android/android-ndk-r10e/platforms/android-21/arch-x86_64 -funwind-tables -funswitch-loops -finline-limit=300 -fsigned-char -no-canonical-prefixes -fdata-sections -ffunction-sections -Wa,--noexecstack  -DANDROID -D__ANDROID_API__=21   -fsigned-char -W -Wall -Werror=return-type -Werror=non-virtual-dtor -Werror=address -Werror=sequence-point -Wformat -Werror=format-security -Wmissing-declarations -Wmissing-prototypes -Wstrict-prototypes -Wundef -Winit-self -Wpointer-arith -Wshadow -Wuninitialized -Winit-self -Wno-narrowing -Wno-comment -Wno-missing-field-initializers -fdiagnostics-show-option -Wno-long-long -fomit-frame-pointer  -msse -msse2 -msse3 -fvisibility=hidden -fomit-frame-pointer -fstrict-aliasing -O3 -DNDEBUG  -DNDEBUG
05-23 14:51:41.586 I/OpenCV/StaticHelper( 4059):     C flags (Debug):             -fexceptions --sysroot=/opt/android/android-ndk-r10e/platforms/android-21/arch-x86_64 -funwind-tables -funswitch-loops -finline-limit=300 -fsigned-char -no-canonical-prefixes -fdata-sections -ffunction-sections -Wa,--noexecstack  -DANDROID -D__ANDROID_API__=21   -fsigned-char -W -Wall -Werror=return-type -Werror=non-virtual-dtor -Werror=address -Werror=sequence-point -Wformat -Werror=format-security -Wmissing-declarations -Wmissing-prototypes -Wstrict-prototypes -Wundef -Winit-self -Wpointer-arith -Wshadow -Wuninitialized -Winit-self -Wno-narrowing -Wno-comment -Wno-missing-field-initializers -fdiagnostics-show-option -Wno-long-long -fomit-frame-pointer  -msse -msse2 -msse3 -fvisibility=hidden -fno-omit-frame-pointer -fno-strict-aliasing -O0 -g -DDEBUG -D_DEBUG  -DDEBUG -D_DEBUG
05-23 14:51:41.586 I/OpenCV/StaticHelper( 4059):     Linker flags (Release):      -Wl,--exclude-libs,libippicv.a -Wl,--exclude-libs,libippiw.a  -Wl,--no-undefined -Wl,--gc-sections -Wl,-z,noexecstack -Wl,-z,relro -Wl,-z,now    
05-23 14:51:41.586 I/OpenCV/StaticHelper( 4059):     Linker flags (Debug):        -Wl,--exclude-libs,libippicv.a -Wl,--exclude-libs,libippiw.a  -Wl,--no-undefined -Wl,--gc-sections -Wl,-z,noexecstack -Wl,-z,relro -Wl,-z,now    
05-23 14:51:41.587 I/OpenCV/StaticHelper( 4059):     ccache:                      YES
05-23 14:51:41.587 I/OpenCV/StaticHelper( 4059):     Precompiled headers:         NO
05-23 14:51:41.587 I/OpenCV/StaticHelper( 4059):     Extra dependencies:          z dl m log
05-23 14:51:41.587 I/OpenCV/StaticHelper( 4059):     3rdparty dependencies:       tbb libcpufeatures ittnotify libjpeg-turbo libwebp libpng libtiff libjasper IlmImf libprotobuf quirc ippiw ippicv
05-23 14:51:41.587 I/OpenCV/StaticHelper( 4059): 
05-23 14:51:41.587 I/OpenCV/StaticHelper( 4059):   OpenCV modules:
05-23 14:51:41.587 I/OpenCV/StaticHelper( 4059):     To be built:                 aruco bgsegm bioinspired calib3d ccalib core datasets dnn dnn_objdetect dpm face features2d flann fuzzy hfs highgui img_hash imgcodecs imgproc java java_bindings_generator line_descriptor ml objdetect optflow phase_unwrapping photo plot reg rgbd saliency shape stereo stitching structured_light superres surface_matching text tracking video videoio videostab xfeatures2d ximgproc xobjdetect xphoto
05-23 14:51:41.587 I/OpenCV/StaticHelper( 4059):     Disabled:                    world
05-23 14:51:41.587 I/OpenCV/StaticHelper( 4059):     Disabled by dependency:      -
05-23 14:51:41.587 I/OpenCV/StaticHelper( 4059):     Unavailable:                 cnn_3dobj cudaarithm cudabgsegm cudacodec cudafeatures2d cudafilters cudaimgproc cudalegacy cudaobjdetect cudaoptflow cudastereo cudawarping cudev cvv freetype hdf js matlab ovis python2 python3 sfm ts viz
05-23 14:51:41.587 I/OpenCV/StaticHelper( 4059):     Applications:                android_examples
05-23 14:51:41.587 I/OpenCV/StaticHelper( 4059):     Documentation:               NO
05-23 14:51:41.587 I/OpenCV/StaticHelper( 4059):     Non-free algorithms:         NO
05-23 14:51:41.587 I/OpenCV/StaticHelper( 4059): 
05-23 14:51:41.587 I/OpenCV/StaticHelper( 4059):   Android NDK:                   location: /opt/android/android-ndk-r10e
05-23 14:51:41.587 I/OpenCV/StaticHelper( 4059):     Android ABI:                 x86_64
05-23 14:51:41.587 I/OpenCV/StaticHelper( 4059):     NDK toolchain:               x86_64-4.9
05-23 14:51:41.588 I/OpenCV/StaticHelper( 4059):     STL type:                    gnustl_static
05-23 14:51:41.588 I/OpenCV/StaticHelper( 4059):     Native API level:            21
05-23 14:51:41.588 I/OpenCV/StaticHelper( 4059):   Android SDK:                   /opt/android/android-sdk-java7 (tools: 25.2.2 build tools: 23.0.3)
05-23 14:51:41.588 I/OpenCV/StaticHelper( 4059):     android tool:                /opt/android/android-sdk-java7/tools/android
05-23 14:51:41.588 I/OpenCV/StaticHelper( 4059):     SDK target:                  android-21
05-23 14:51:41.588 I/OpenCV/StaticHelper( 4059):     Projects build scripts:      Ant/Eclipse compatible
05-23 14:51:41.588 I/OpenCV/StaticHelper( 4059): 
05-23 14:51:41.588 I/OpenCV/StaticHelper( 4059):   GUI: 
05-23 14:51:41.588 I/OpenCV/StaticHelper( 4059): 
05-23 14:51:41.588 I/OpenCV/StaticHelper( 4059):   Media I/O: 
05-23 14:51:41.588 I/OpenCV/StaticHelper( 4059):     ZLib:                        z (ver 1.2.3)
05-23 14:51:41.588 I/OpenCV/StaticHelper( 4059):     JPEG:                        build-libjpeg-turbo (ver 1.5.3-62)
05-23 14:51:41.588 I/OpenCV/StaticHelper( 4059):     WEBP:                        build (ver encoder: 0x020e)
05-23 14:51:41.588 I/OpenCV/StaticHelper( 4059):     PNG:                         build (ver 1.6.35)
05-23 14:51:41.588 I/OpenCV/StaticHelper( 4059):     TIFF:                        build (ver 42 - 4.0.9)
05-23 14:51:41.588 I/OpenCV/StaticHelper( 4059):     JPEG 2000:                   build (ver 1.900.1)
05-23 14:51:41.588 I/OpenCV/StaticHelper( 4059):     OpenEXR:                     build (ver 1.7.1)
05-23 14:51:41.589 I/OpenCV/StaticHelper( 4059):     HDR:                         YES
05-23 14:51:41.589 I/OpenCV/StaticHelper( 4059):     SUNRASTER:                   YES
05-23 14:51:41.589 I/OpenCV/StaticHelper( 4059):     PXM:                         YES
05-23 14:51:41.589 I/OpenCV/StaticHelper( 4059): 
05-23 14:51:41.589 I/OpenCV/StaticHelper( 4059):   Video I/O:
05-23 14:51:41.589 I/OpenCV/StaticHelper( 4059): 
05-23 14:51:41.589 I/OpenCV/StaticHelper( 4059):   Parallel framework:            TBB (ver 2018.0 interface 10001)
05-23 14:51:41.589 I/OpenCV/StaticHelper( 4059): 
05-23 14:51:41.589 I/OpenCV/StaticHelper( 4059):   Trace:                         YES (with Intel ITT)
05-23 14:51:41.589 I/OpenCV/StaticHelper( 4059): 
05-23 14:51:41.589 I/OpenCV/StaticHelper( 4059):   Other third-party libraries:
05-23 14:51:41.589 I/OpenCV/StaticHelper( 4059):     Intel IPP:                   2019.0.0 Gold [2019.0.0]
05-23 14:51:41.589 I/OpenCV/StaticHelper( 4059):            at:                   /build/3_4-contrib_pack-contrib-android/build/o4a/3rdparty/ippicv/ippicv_lnx/icv
05-23 14:51:41.589 I/OpenCV/StaticHelper( 4059):     Intel IPP IW:                sources (2019.0.0)
05-23 14:51:41.589 I/OpenCV/StaticHelper( 4059):               at:                /build/3_4-contrib_pack-contrib-android/build/o4a/3rdparty/ippicv/ippicv_lnx/iw
05-23 14:51:41.589 I/OpenCV/StaticHelper( 4059):     Custom HAL:                  NO
05-23 14:51:41.589 I/OpenCV/StaticHelper( 4059):     Protobuf:                    build (3.5.1)
05-23 14:51:41.590 I/OpenCV/StaticHelper( 4059): 
05-23 14:51:41.590 I/OpenCV/StaticHelper( 4059):   Python (for build):            /usr/bin/python2.7
05-23 14:51:41.590 I/OpenCV/StaticHelper( 4059): 
05-23 14:51:41.590 I/OpenCV/StaticHelper( 4059):   Java:                          export all functions
05-23 14:51:41.590 I/OpenCV/StaticHelper( 4059):     ant:                         /usr/bin/ant (ver 1.9.3)
05-23 14:51:41.590 I/OpenCV/StaticHelper( 4059):     Java wrappers:               YES
05-23 14:51:41.590 I/OpenCV/StaticHelper( 4059):     Java tests:                  NO
05-23 14:51:41.590 I/OpenCV/StaticHelper( 4059): 
05-23 14:51:41.590 I/OpenCV/StaticHelper( 4059):   Install to:                    /build/3_4-contrib_pack-contrib-android/build/o4a/install
05-23 14:51:41.590 I/OpenCV/StaticHelper( 4059): -----------------------------------------------------------------
05-23 14:51:41.590 D/OpenCv  ( 4059): OpenCV loaded
05-23 14:51:44.189 I/Registrar( 4059): MasterXmlRpcEndpoint URI: http://llp:11311
05-23 14:51:44.690 I/Registrar( 4059): Registering publisher: Publisher<PublisherDefinition<PublisherIdentifier<NodeIdentifier</kibo_rpc_api, http://hlp:42566/>, TopicIdentifier</rosout>>, Topic<TopicIdentifier</rosout>, TopicDescription<rosgraph_msgs/Log, acffd30cd6b6de30f120938c17c593fb>>>>
05-23 14:51:45.341 W/art     ( 4059): Suspending all threads took: 7.370ms
05-23 14:51:47.455 I/Registrar( 4059): Response<Success, Registered [/kibo_rpc_api] as publisher of [/rosout], [http://10.42.0.34:35772/, http://10.42.0.34:44879/]>
05-23 14:51:47.463 I/DefaultPublisher( 4059): Publisher registered: Publisher<PublisherDefinition<PublisherIdentifier<NodeIdentifier</kibo_rpc_api, http://hlp:42566/>, TopicIdentifier</rosout>>, Topic<TopicIdentifier</rosout>, TopicDescription<rosgraph_msgs/Log, acffd30cd6b6de30f120938c17c593fb>>>>
05-23 14:51:47.876 I/Registrar( 4059): Registering subscriber: Subscriber<Topic<TopicIdentifier</clock>, TopicDescription<rosgraph_msgs/Clock, a9c97c1d230cfc112e270351a944ee47>>>
05-23 14:51:48.176 I/Registrar( 4059): Response<Success, Subscribed to [/clock], [http://10.42.0.34:46130/]>
05-23 14:51:48.263 I/DefaultSubscriber( 4059): Subscriber registered: Subscriber<Topic<TopicIdentifier</clock>, TopicDescription<rosgraph_msgs/Clock, a9c97c1d230cfc112e270351a944ee47>>>
05-23 14:51:49.080 I/Registrar( 4059): MasterXmlRpcEndpoint URI: http://llp:11311
05-23 14:51:49.098 I/Registrar( 4059): Registering publisher: Publisher<PublisherDefinition<PublisherIdentifier<NodeIdentifier</kibo_rpc_api, http://hlp:42566/>, TopicIdentifier</command>>, Topic<TopicIdentifier</command>, TopicDescription<ff_msgs/CommandStamped, ac01350894b1be9e3a7b4f390a14812d>>>>
05-23 14:51:49.649 W/art     ( 4059): Suspending all threads took: 10.513ms
05-23 14:51:49.695 I/Registrar( 4059): Response<Success, Registered [/kibo_rpc_api] as publisher of [/command], [http://10.42.0.34:46130/, http://10.42.0.34:34800/, http://10.42.0.34:43342/, http://10.42.0.34:44879/]>
05-23 14:51:49.749 I/DefaultPublisher( 4059): Publisher registered: Publisher<PublisherDefinition<PublisherIdentifier<NodeIdentifier</kibo_rpc_api, http://hlp:42566/>, TopicIdentifier</command>>, Topic<TopicIdentifier</command>, TopicDescription<ff_msgs/CommandStamped, ac01350894b1be9e3a7b4f390a14812d>>>>
05-23 14:51:49.760 I/Registrar( 4059): Registering publisher: Publisher<PublisherDefinition<PublisherIdentifier<NodeIdentifier</GetterNode, http://hlp:37492/>, TopicIdentifier</rosout>>, Topic<TopicIdentifier</rosout>, TopicDescription<rosgraph_msgs/Log, acffd30cd6b6de30f120938c17c593fb>>>>
05-23 14:51:50.107 W/art     ( 4059): Suspending all threads took: 20.713ms
05-23 14:51:50.339 I/Registrar( 4059): Registering subscriber: Subscriber<Topic<TopicIdentifier</mgt/ack>, TopicDescription<ff_msgs/AckStamped, cebddec69fd770df54633be444a9187d>>>
05-23 14:51:50.797 I/Registrar( 4059): Response<Success, Registered [/GetterNode] as publisher of [/rosout], [http://10.42.0.34:35772/, http://10.42.0.34:44879/]>
05-23 14:51:50.965 I/DefaultPublisher( 4059): Publisher registered: Publisher<PublisherDefinition<PublisherIdentifier<NodeIdentifier</GetterNode, http://hlp:37492/>, TopicIdentifier</rosout>>, Topic<TopicIdentifier</rosout>, TopicDescription<rosgraph_msgs/Log, acffd30cd6b6de30f120938c17c593fb>>>>
05-23 14:51:51.606 I/Registrar( 4059): Response<Success, Subscribed to [/mgt/ack], [http://10.42.0.34:34800/]>
05-23 14:51:51.617 I/DefaultSubscriber( 4059): Subscriber registered: Subscriber<Topic<TopicIdentifier</mgt/ack>, TopicDescription<ff_msgs/AckStamped, cebddec69fd770df54633be444a9187d>>>
05-23 14:51:51.926 W/art     ( 4059): Long monitor contention with owner Thread-13 (4133) at void org.apache.xmlrpc.client.TimingOutCallback.handleResult(org.apache.xmlrpc.XmlRpcRequest, java.lang.Object)(TimingOutCallback.java:93) waiters=1 in void java.lang.Object.wait!(long, int) for 263ms
05-23 14:51:52.289 I/Registrar( 4059): Registering subscriber: Subscriber<Topic<TopicIdentifier</clock>, TopicDescription<rosgraph_msgs/Clock, a9c97c1d230cfc112e270351a944ee47>>>
05-23 14:51:52.700 I/Registrar( 4059): Response<Success, Subscribed to [/clock], [http://10.42.0.34:46130/]>
05-23 14:51:52.721 I/DefaultSubscriber( 4059): Subscriber registered: Subscriber<Topic<TopicIdentifier</clock>, TopicDescription<rosgraph_msgs/Clock, a9c97c1d230cfc112e270351a944ee47>>>
05-23 14:51:52.725 D/KiboRpcApi( 4059): GetterNode initialization started.
05-23 14:51:53.151 I/Registrar( 4059): Registering subscriber: Subscriber<Topic<TopicIdentifier</gnc/ekf>, TopicDescription<ff_msgs/EkfState, 543b97822b033d7199b506ad4005f134>>>
05-23 14:51:53.208 W/art     ( 4059): Long monitor contention with owner pool-1-thread-3 (4079) at void gov.nasa.arc.astrobee.ros.internal.RobotNodeMain.onStart(org.ros.node.ConnectedNode)(RobotNodeMain.java:61) waiters=0 in org.ros.message.MessageFactory gov.nasa.arc.astrobee.ros.internal.RobotNodeMain.getTopicMessageFactory() for 4.187s
05-23 14:51:53.213 W/art     ( 4059): Long monitor contention with owner pool-1-thread-3 (4079) at void gov.nasa.arc.astrobee.ros.internal.RobotNodeMain.onStart(org.ros.node.ConnectedNode)(RobotNodeMain.java:61) waiters=1 in void gov.nasa.arc.astrobee.ros.internal.RobotNodeMain$1.onNewSubscriber(org.ros.node.topic.Publisher, org.ros.internal.node.topic.SubscriberIdentifier) for 2.147s
05-23 14:51:53.747 I/Registrar( 4059): Response<Success, Subscribed to [/gnc/ekf], [http://10.42.0.34:38422/]>
05-23 14:51:53.760 I/DefaultSubscriber( 4059): Subscriber registered: Subscriber<Topic<TopicIdentifier</gnc/ekf>, TopicDescription<ff_msgs/EkfState, 543b97822b033d7199b506ad4005f134>>>
05-23 14:51:54.630 W/art     ( 4059): Suspending all threads took: 5.467ms
05-23 14:51:56.350 I/art     ( 3984): Background sticky concurrent mark sweep GC freed 120713(3MB) AllocSpace objects, 14(272KB) LOS objects, 36% free, 7MB/11MB, paused 1.305ms total 177.791ms
05-23 14:51:56.889 W/art     ( 4059): Long monitor contention with owner New I/O  worker #9 (4126) at boolean org.ros.concurrent.CircularBlockingDeque.addLast(java.lang.Object)(CircularBlockingDeque.java:72) waiters=0 in java.lang.Object org.ros.concurrent.CircularBlockingDeque.takeFirst() for 124ms
05-23 14:51:57.150 W/art     ( 4059): Suspending all threads took: 12.033ms
05-23 14:51:58.475 I/Registrar( 4059): Registering subscriber: Subscriber<Topic<TopicIdentifier</gnc/ekf_noise>, TopicDescription<ff_msgs/EkfState, 543b97822b033d7199b506ad4005f134>>>
05-23 14:51:59.158 I/Registrar( 4059): Response<Success, Subscribed to [/gnc/ekf_noise], [http://10.42.0.34:38422/]>
05-23 14:51:59.181 I/DefaultSubscriber( 4059): Subscriber registered: Subscriber<Topic<TopicIdentifier</gnc/ekf_noise>, TopicDescription<ff_msgs/EkfState, 543b97822b033d7199b506ad4005f134>>>
05-23 14:52:00.359 W/art     ( 4059): Long monitor contention with owner New I/O  worker #21 (4157) at boolean org.ros.concurrent.CircularBlockingDeque.addLast(java.lang.Object)(CircularBlockingDeque.java:72) waiters=1 in void java.lang.Object.wait!() for 420ms
05-23 14:52:01.897 W/art     ( 4059): Long monitor contention with owner New I/O  worker #21 (4157) at boolean org.ros.concurrent.CircularBlockingDeque.addLast(java.lang.Object)(CircularBlockingDeque.java:72) waiters=1 in void java.lang.Object.wait!() for 123ms
05-23 14:52:02.479 W/art     ( 4059): Suspending all threads took: 188.488ms
05-23 14:52:02.605 W/art     ( 4059): Long monitor contention with owner New I/O  worker #21 (4157) at boolean org.ros.concurrent.CircularBlockingDeque.addLast(java.lang.Object)(CircularBlockingDeque.java:72) waiters=1 in void java.lang.Object.wait!() for 326ms
05-23 14:52:02.969 W/art     ( 4059): Long monitor contention with owner New I/O  worker #25 (4164) at boolean org.ros.concurrent.CircularBlockingDeque.addLast(java.lang.Object)(CircularBlockingDeque.java:72) waiters=1 in void java.lang.Object.wait!() for 145ms
05-23 14:52:03.494 W/art     ( 4059): Long monitor contention with owner New I/O  worker #21 (4157) at boolean org.ros.concurrent.CircularBlockingDeque.addLast(java.lang.Object)(CircularBlockingDeque.java:72) waiters=1 in void java.lang.Object.wait!() for 609ms
05-23 14:52:03.736 I/Registrar( 4059): Registering subscriber: Subscriber<Topic<TopicIdentifier</hw/imu>, TopicDescription<sensor_msgs/Imu, 6a62c6daae103f4ff57a132d6f95cec2>>>
05-23 14:52:04.580 I/art     ( 3984): Do partial code cache collection, code=61KB, data=51KB
05-23 14:52:04.584 W/art     ( 4059): Long monitor contention with owner New I/O  worker #25 (4164) at boolean org.ros.concurrent.CircularBlockingDeque.addLast(java.lang.Object)(CircularBlockingDeque.java:72) waiters=1 in void java.lang.Object.wait!() for 332ms
05-23 14:52:04.589 I/art     ( 3984): After code cache collection, code=55KB, data=48KB
05-23 14:52:04.590 I/art     ( 3984): Increasing code cache capacity to 256KB
05-23 14:52:06.803 I/Registrar( 4059): Registering subscriber: Subscriber<Topic<TopicIdentifier</hw/cam_nav>, TopicDescription<sensor_msgs/Image, 060021388200f6f0f447d0fcd9c64743>>>
05-23 14:52:07.278 I/Registrar( 4059): Response<Success, Subscribed to [/hw/imu], [http://10.42.0.34:46130/]>
05-23 14:52:07.281 I/DefaultSubscriber( 4059): Subscriber registered: Subscriber<Topic<TopicIdentifier</hw/imu>, TopicDescription<sensor_msgs/Imu, 6a62c6daae103f4ff57a132d6f95cec2>>>
05-23 14:52:07.799 W/art     ( 4059): Long monitor contention with owner New I/O  worker #17 (4115) at boolean org.ros.concurrent.CircularBlockingDeque.addLast(java.lang.Object)(CircularBlockingDeque.java:72) waiters=1 in void java.lang.Object.wait!() for 268ms
05-23 14:52:08.008 I/Registrar( 4059): Response<Success, Subscribed to [/hw/cam_nav], [http://10.42.0.34:46130/]>
05-23 14:52:08.026 I/DefaultSubscriber( 4059): Subscriber registered: Subscriber<Topic<TopicIdentifier</hw/cam_nav>, TopicDescription<sensor_msgs/Image, 060021388200f6f0f447d0fcd9c64743>>>
05-23 14:52:08.242 I/Registrar( 4059): Registering subscriber: Subscriber<Topic<TopicIdentifier</hw/cam_dock>, TopicDescription<sensor_msgs/Image, 060021388200f6f0f447d0fcd9c64743>>>
05-23 14:52:08.371 W/art     ( 4059): Suspending all threads took: 39.354ms
05-23 14:52:09.030 I/Registrar( 4059): Response<Success, Subscribed to [/hw/cam_dock], [http://10.42.0.34:46130/]>
05-23 14:52:09.059 I/DefaultSubscriber( 4059): Subscriber registered: Subscriber<Topic<TopicIdentifier</hw/cam_dock>, TopicDescription<sensor_msgs/Image, 060021388200f6f0f447d0fcd9c64743>>>
05-23 14:52:10.156 W/art     ( 4059): Long monitor contention with owner pool-1-thread-33 (4154) at java.lang.Class java.lang.reflect.Proxy.getProxyClass0(java.lang.ClassLoader, java.lang.Class[])(Proxy.java:481) waiters=1 in java.lang.Class java.lang.reflect.Proxy.getProxyClass0(java.lang.ClassLoader, java.lang.Class[]) for 285ms
05-23 14:52:10.509 W/art     ( 4059): Long monitor contention with owner New I/O  worker #17 (4115) at boolean org.ros.concurrent.CircularBlockingDeque.addLast(java.lang.Object)(CircularBlockingDeque.java:72) waiters=1 in void java.lang.Object.wait!() for 260ms
05-23 14:52:10.718 W/art     ( 4059): Suspending all threads took: 8.534ms
05-23 14:52:10.861 I/Registrar( 4059): Registering subscriber: Subscriber<Topic<TopicIdentifier</hw/depth_haz/points>, TopicDescription<sensor_msgs/PointCloud2, 1158d486dd51d683ce2f1be655c3c181>>>
05-23 14:52:11.347 W/art     ( 4059): Suspending all threads took: 25.354ms
05-23 14:52:11.797 W/art     ( 4059): Long monitor contention with owner New I/O  worker #25 (4164) at boolean org.ros.concurrent.CircularBlockingDeque.addLast(java.lang.Object)(CircularBlockingDeque.java:72) waiters=1 in void java.lang.Object.wait!() for 215ms
05-23 14:52:12.041 W/art     ( 4059): Long monitor contention with owner pool-1-thread-17 (4101) at java.lang.Class java.lang.reflect.Proxy.getProxyClass0(java.lang.ClassLoader, java.lang.Class[])(Proxy.java:481) waiters=0 in java.lang.Class java.lang.reflect.Proxy.getProxyClass0(java.lang.ClassLoader, java.lang.Class[]) for 164ms
05-23 14:52:12.180 I/Registrar( 4059): Response<Success, Subscribed to [/hw/depth_haz/points], [http://10.42.0.34:46130/]>
05-23 14:52:12.185 I/DefaultSubscriber( 4059): Subscriber registered: Subscriber<Topic<TopicIdentifier</hw/depth_haz/points>, TopicDescription<sensor_msgs/PointCloud2, 1158d486dd51d683ce2f1be655c3c181>>>
05-23 14:52:12.448 I/art     ( 4059): Do partial code cache collection, code=11KB, data=29KB
05-23 14:52:12.459 W/art     ( 4059): Long monitor contention with owner New I/O  worker #17 (4115) at boolean org.ros.concurrent.CircularBlockingDeque.addLast(java.lang.Object)(CircularBlockingDeque.java:72) waiters=1 in void java.lang.Object.wait!() for 375ms
05-23 14:52:13.549 W/art     ( 4059): Long monitor contention with owner New I/O  worker #25 (4164) at boolean org.ros.concurrent.CircularBlockingDeque.addLast(java.lang.Object)(CircularBlockingDeque.java:72) waiters=1 in void java.lang.Object.wait!() for 148ms
05-23 14:52:14.177 I/art     ( 4059): After code cache collection, code=11KB, data=29KB
05-23 14:52:14.177 I/art     ( 4059): Increasing code cache capacity to 128KB
05-23 14:52:14.217 W/art     ( 4059): Suspending all threads took: 55.729ms
05-23 14:52:14.381 W/art     ( 4059): Long monitor contention with owner New I/O  worker #17 (4115) at boolean org.ros.concurrent.CircularBlockingDeque.addLast(java.lang.Object)(CircularBlockingDeque.java:72) waiters=1 in void java.lang.Object.wait!() for 137ms
05-23 14:52:14.421 W/art     ( 4059): Long monitor contention with owner New I/O  worker #9 (4126) at boolean org.ros.concurrent.CircularBlockingDeque.addLast(java.lang.Object)(CircularBlockingDeque.java:72) waiters=1 in void java.lang.Object.wait!() for 165ms
05-23 14:52:14.999 I/Registrar( 4059): Registering subscriber: Subscriber<Topic<TopicIdentifier</hw/depth_perch/points>, TopicDescription<sensor_msgs/PointCloud2, 1158d486dd51d683ce2f1be655c3c181>>>
05-23 14:52:16.109 W/art     ( 4059): Long monitor contention with owner pool-1-thread-12 (4096) at boolean org.ros.concurrent.CircularBlockingDeque.addLast(java.lang.Object)(CircularBlockingDeque.java:72) waiters=1 in void java.lang.Object.wait!() for 186ms
05-23 14:52:16.489 W/art     ( 4059): Long monitor contention with owner New I/O  worker #21 (4157) at boolean org.ros.concurrent.CircularBlockingDeque.addLast(java.lang.Object)(CircularBlockingDeque.java:72) waiters=1 in void java.lang.Object.wait!() for 168ms
05-23 14:52:16.627 W/art     ( 4059): Long monitor contention with owner New I/O  worker #21 (4157) at boolean org.ros.concurrent.CircularBlockingDeque.addLast(java.lang.Object)(CircularBlockingDeque.java:72) waiters=1 in void java.lang.Object.wait!() for 116ms
05-23 14:52:17.576 I/Registrar( 4059): Registering subscriber: Subscriber<Topic<TopicIdentifier</beh/dock/state>, TopicDescription<ff_msgs/DockState, 09d842ed9109dbc2bf96976f8fb2eaa5>>>
05-23 14:52:17.707 W/art     ( 4059): Suspending all threads took: 15.943ms
05-23 14:52:17.815 W/art     ( 4059): Long monitor contention with owner pool-3-thread-3 (4107) at void java.lang.Thread.nativeCreate(java.lang.Thread, long, boolean)(Thread.java:-2) waiters=0 in void org.ros.internal.transport.queue.MessageDispatcher.loop() for 128ms
05-23 14:52:18.136 I/Registrar( 4059): Response<Success, Subscribed to [/hw/depth_perch/points], [http://10.42.0.34:46130/]>
05-23 14:52:18.536 I/DefaultSubscriber( 4059): Subscriber registered: Subscriber<Topic<TopicIdentifier</hw/depth_perch/points>, TopicDescription<sensor_msgs/PointCloud2, 1158d486dd51d683ce2f1be655c3c181>>>
05-23 14:52:19.009 D/KiboRpcApi( 4059): GetterNode initialization succeeded.
05-23 14:52:19.965 W/art     ( 4059): Long monitor contention with owner New I/O  worker #29 (4183) at boolean org.ros.concurrent.CircularBlockingDeque.addLast(java.lang.Object)(CircularBlockingDeque.java:72) waiters=1 in void java.lang.Object.wait!() for 181ms
05-23 14:52:20.458 I/Registrar( 4059): Response<Success, Subscribed to [/beh/dock/state], [http://10.42.0.34:45999/]>
05-23 14:52:20.462 I/DefaultSubscriber( 4059): Subscriber registered: Subscriber<Topic<TopicIdentifier</beh/dock/state>, TopicDescription<ff_msgs/DockState, 09d842ed9109dbc2bf96976f8fb2eaa5>>>
05-23 14:52:22.168 W/art     ( 4059): Suspending all threads took: 8.905ms
05-23 14:52:22.732 W/art     ( 4059): Long monitor contention with owner New I/O  worker #17 (4115) at boolean org.ros.concurrent.CircularBlockingDeque.addLast(java.lang.Object)(CircularBlockingDeque.java:72) waiters=1 in void java.lang.Object.wait!() for 140ms
05-23 14:52:23.841 W/art     ( 4059): Long monitor contention with owner New I/O  worker #41 (4192) at boolean org.ros.concurrent.CircularBlockingDeque.addLast(java.lang.Object)(CircularBlockingDeque.java:72) waiters=1 in void java.lang.Object.wait!() for 103ms
05-23 14:52:23.929 W/art     ( 4059): Long monitor contention with owner pool-3-thread-45 (4199) at java.lang.Class java.lang.reflect.Proxy.getProxyClass0(java.lang.ClassLoader, java.lang.Class[])(Proxy.java:457) waiters=0 in java.lang.Class java.lang.reflect.Proxy.getProxyClass0(java.lang.ClassLoader, java.lang.Class[]) for 417ms
05-23 14:52:23.939 W/art     ( 4059): Long monitor contention with owner pool-3-thread-45 (4199) at java.lang.Class java.lang.reflect.Proxy.getProxyClass0(java.lang.ClassLoader, java.lang.Class[])(Proxy.java:457) waiters=1 in java.lang.Class java.lang.reflect.Proxy.getProxyClass0(java.lang.ClassLoader, java.lang.Class[]) for 353ms
05-23 14:52:24.025 W/art     ( 4059): Long monitor contention with owner pool-3-thread-45 (4199) at java.lang.Class java.lang.reflect.Proxy.getProxyClass0(java.lang.ClassLoader, java.lang.Class[])(Proxy.java:457) waiters=2 in java.lang.Class java.lang.reflect.Proxy.getProxyClass0(java.lang.ClassLoader, java.lang.Class[]) for 396ms
05-23 14:52:25.177 W/art     ( 4059): Suspending all threads took: 8.114ms
05-23 14:52:25.296 W/art     ( 4059): Long monitor contention with owner New I/O  worker #25 (4164) at boolean org.ros.concurrent.CircularBlockingDeque.addLast(java.lang.Object)(CircularBlockingDeque.java:72) waiters=1 in void java.lang.Object.wait!() for 126ms
05-23 14:52:27.809 W/art     ( 4059): Suspending all threads took: 19.879ms
05-23 14:52:28.618 W/art     ( 4059): Long monitor contention with owner New I/O  worker #21 (4157) at boolean org.ros.concurrent.CircularBlockingDeque.addLast(java.lang.Object)(CircularBlockingDeque.java:72) waiters=1 in void java.lang.Object.wait!() for 553ms
05-23 14:52:28.650 W/art     ( 4059): Long monitor contention with owner pool-1-thread-17 (4101) at void java.lang.Object.wait!()(Object.java:-2) waiters=1 in boolean org.ros.concurrent.CircularBlockingDeque.addLast(java.lang.Object) for 126ms
05-23 14:52:28.775 W/art     ( 3984): Suspending all threads took: 9.303ms
05-23 14:52:28.887 I/art     ( 3984): Background sticky concurrent mark sweep GC freed 151835(3MB) AllocSpace objects, 0(0B) LOS objects, 36% free, 7MB/11MB, paused 12.010ms total 211.289ms
05-23 14:52:28.975 W/art     ( 4059): Long monitor contention with owner pool-3-thread-45 (4199) at java.lang.Class java.lang.reflect.Proxy.getProxyClass0(java.lang.ClassLoader, java.lang.Class[])(Proxy.java:457) waiters=3 in java.lang.Class java.lang.reflect.Proxy.getProxyClass0(java.lang.ClassLoader, java.lang.Class[]) for 301ms
05-23 14:52:28.989 W/art     ( 4059): Long monitor contention with owner pool-3-thread-45 (4199) at java.lang.Class java.lang.reflect.Proxy.getProxyClass0(java.lang.ClassLoader, java.lang.Class[])(Proxy.java:457) waiters=2 in java.lang.Class java.lang.reflect.Proxy.getProxyClass0(java.lang.ClassLoader, java.lang.Class[]) for 337ms
05-23 14:52:30.428 W/art     ( 4059): Long monitor contention with owner New I/O  worker #21 (4157) at boolean org.ros.concurrent.CircularBlockingDeque.addLast(java.lang.Object)(CircularBlockingDeque.java:72) waiters=1 in void java.lang.Object.wait!() for 108ms
05-23 14:52:31.325 W/art     ( 4059): Long monitor contention with owner New I/O  worker #9 (4126) at boolean org.ros.concurrent.CircularBlockingDeque.addLast(java.lang.Object)(CircularBlockingDeque.java:72) waiters=1 in void java.lang.Object.wait!() for 152ms
05-23 14:52:31.858 W/art     ( 4059): Long monitor contention with owner New I/O  worker #9 (4126) at boolean org.ros.concurrent.CircularBlockingDeque.addLast(java.lang.Object)(CircularBlockingDeque.java:72) waiters=1 in void java.lang.Object.wait!() for 334ms
05-23 14:52:32.900 W/art     ( 4059): Suspending all threads took: 7.508ms
05-23 14:52:35.129 D/[moveTo]: ( 4059): start 11.21,-9.8,4.79 | 0.0,0.0,-0.707,0.707  _Time_: 207
05-23 14:52:35.618 W/art     ( 4059): Long monitor contention with owner New I/O  worker #17 (4115) at boolean org.ros.concurrent.CircularBlockingDeque.addLast(java.lang.Object)(CircularBlockingDeque.java:72) waiters=1 in void java.lang.Object.wait!() for 245ms
05-23 14:52:35.628 W/art     ( 4059): Long monitor contention with owner New I/O  worker #29 (4183) at boolean org.ros.concurrent.CircularBlockingDeque.addLast(java.lang.Object)(CircularBlockingDeque.java:72) waiters=1 in void java.lang.Object.wait!() for 297ms
05-23 14:52:36.298 W/art     ( 4059): Long monitor contention with owner New I/O  worker #29 (4183) at boolean org.ros.concurrent.CircularBlockingDeque.addLast(java.lang.Object)(CircularBlockingDeque.java:72) waiters=1 in void java.lang.Object.wait!() for 109ms
05-23 14:52:37.265 W/art     ( 4059): Long monitor contention with owner pool-1-thread-17 (4101) at java.lang.Class java.lang.reflect.Proxy.getProxyClass0(java.lang.ClassLoader, java.lang.Class[])(Proxy.java:457) waiters=1 in java.lang.Class java.lang.reflect.Proxy.getProxyClass0(java.lang.ClassLoader, java.lang.Class[]) for 150ms
05-23 14:52:37.652 I/KiboRpcApi( 4059): [printLogCommandResult] Command status: OK(1)
05-23 14:52:37.652 I/KiboRpcApi( 4059): Done
05-23 14:52:37.653 I/KiboRpcApi( 4059): [setPlanner] Planner is set to trapezoidal
05-23 14:52:37.653 I/KiboRpcApi( 4059): [moveTo] Planner is set to trapezoidal.
05-23 14:52:37.946 W/art     ( 4059): Suspending all threads took: 17.258ms
05-23 14:52:39.200 I/KiboRpcApi( 4059): [printLogCommandResult] Command status: OK(1)
05-23 14:52:39.201 I/KiboRpcApi( 4059): Done
05-23 14:52:39.248 I/KiboRpcApi( 4059): [moveTo] Planner is trapezoidal.
05-23 14:52:39.248 I/KiboRpcApi( 4059): [moveTo] Moving the bee.
05-23 14:52:40.311 W/art     ( 4059): Suspending all threads took: 10.562ms
05-23 14:52:40.527 W/art     ( 4059): Long monitor contention with owner New I/O  worker #9 (4126) at boolean org.ros.concurrent.CircularBlockingDeque.addLast(java.lang.Object)(CircularBlockingDeque.java:72) waiters=1 in void java.lang.Object.wait!() for 162ms
05-23 14:52:41.888 I/KiboRpcApi( 4059): [getCommandResult] Current Position: gov.nasa.arc.astrobee.types.Point[10.24, -9.821, 4.307]
05-23 14:52:41.890 I/KiboRpcApi( 4059): [getCommandResult] Current Orientation: Mat33f::Quaternion{ x=0.002; y=-0.006; z=-0.007; w=1}
05-23 14:52:41.964 W/art     ( 4059): Long monitor contention with owner New I/O  worker #21 (4157) at boolean org.ros.concurrent.CircularBlockingDeque.addLast(java.lang.Object)(CircularBlockingDeque.java:72) waiters=1 in void java.lang.Object.wait!() for 176ms
05-23 14:52:42.929 I/KiboRpcApi( 4059): [getCommandResult] Current Position: gov.nasa.arc.astrobee.types.Point[10.27, -9.802, 4.282]
05-23 14:52:42.989 W/art     ( 4059): Long monitor contention with owner pool-1-thread-12 (4096) at boolean org.ros.concurrent.CircularBlockingDeque.addLast(java.lang.Object)(CircularBlockingDeque.java:72) waiters=1 in void java.lang.Object.wait!() for 588ms
05-23 14:52:43.121 I/KiboRpcApi( 4059): [getCommandResult] Current Orientation: Mat33f::Quaternion{ x=0.007; y=-0.01; z=0.001; w=1}
05-23 14:52:44.079 W/art     ( 4059): Suspending all threads took: 16.104ms
05-23 14:52:44.262 W/art     ( 4059): Long monitor contention with owner pool-1-thread-27 (4131) at java.lang.Class java.lang.reflect.Proxy.getProxyClass0(java.lang.ClassLoader, java.lang.Class[])(Proxy.java:457) waiters=1 in java.lang.Class java.lang.reflect.Proxy.getProxyClass0(java.lang.ClassLoader, java.lang.Class[]) for 101ms
05-23 14:52:44.422 I/KiboRpcApi( 4059): [getCommandResult] Current Position: gov.nasa.arc.astrobee.types.Point[10.281, -9.788, 4.31]
05-23 14:52:44.539 I/KiboRpcApi( 4059): [getCommandResult] Current Orientation: Mat33f::Quaternion{ x=-0; y=0; z=-0.007; w=1}
05-23 14:52:44.592 W/art     ( 4059): Long monitor contention with owner pool-3-thread-45 (4199) at java.lang.Class java.lang.reflect.Proxy.getProxyClass0(java.lang.ClassLoader, java.lang.Class[])(Proxy.java:481) waiters=0 in java.lang.Class java.lang.reflect.Proxy.getProxyClass0(java.lang.ClassLoader, java.lang.Class[]) for 108ms
05-23 14:52:44.701 W/art     ( 4059): Long monitor contention with owner pool-3-thread-12 (4139) at boolean org.ros.concurrent.CircularBlockingDeque.addLast(java.lang.Object)(CircularBlockingDeque.java:72) waiters=1 in void java.lang.Object.wait!() for 138ms
05-23 14:52:45.592 I/KiboRpcApi( 4059): [getCommandResult] Current Position: gov.nasa.arc.astrobee.types.Point[10.281, -9.788, 4.31]
05-23 14:52:45.678 I/KiboRpcApi( 4059): [getCommandResult] Current Orientation: Mat33f::Quaternion{ x=-0; y=0; z=-0.007; w=1}
05-23 14:52:46.726 I/KiboRpcApi( 4059): [getCommandResult] Current Position: gov.nasa.arc.astrobee.types.Point[10.227, -9.814, 4.309]
05-23 14:52:46.728 I/KiboRpcApi( 4059): [getCommandResult] Current Orientation: Mat33f::Quaternion{ x=-0.007; y=0.003; z=0.006; w=1}
05-23 14:52:47.621 W/art     ( 4059): Long monitor contention with owner New I/O  worker #9 (4126) at boolean org.ros.concurrent.CircularBlockingDeque.addLast(java.lang.Object)(CircularBlockingDeque.java:72) waiters=1 in void java.lang.Object.wait!() for 159ms
05-23 14:52:47.771 I/KiboRpcApi( 4059): [getCommandResult] Current Position: gov.nasa.arc.astrobee.types.Point[10.227, -9.814, 4.309]
05-23 14:52:47.777 I/KiboRpcApi( 4059): [getCommandResult] Current Orientation: Mat33f::Quaternion{ x=-0.007; y=0.003; z=0.006; w=1}
05-23 14:52:48.757 W/art     ( 4059): Long monitor contention with owner New I/O  worker #17 (4115) at boolean org.ros.concurrent.CircularBlockingDeque.addLast(java.lang.Object)(CircularBlockingDeque.java:72) waiters=1 in void java.lang.Object.wait!() for 286ms
05-23 14:52:48.761 W/art     ( 4059): Long monitor contention with owner pool-3-thread-20 (4159) at java.lang.Object org.ros.concurrent.CircularBlockingDeque.takeFirst()(CircularBlockingDeque.java:117) waiters=0 in boolean org.ros.concurrent.CircularBlockingDeque.addLast(java.lang.Object) for 251ms
05-23 14:52:48.769 W/art     ( 4059): Long monitor contention with owner New I/O  worker #21 (4157) at boolean org.ros.concurrent.CircularBlockingDeque.addLast(java.lang.Object)(CircularBlockingDeque.java:72) waiters=1 in void java.lang.Object.wait!() for 130ms
05-23 14:52:48.817 I/KiboRpcApi( 4059): [getCommandResult] Current Position: gov.nasa.arc.astrobee.types.Point[10.259, -9.798, 4.314]
05-23 14:52:48.884 I/KiboRpcApi( 4059): [getCommandResult] Current Orientation: Mat33f::Quaternion{ x=-0.01; y=-0.001; z=-0.006; w=1}
05-23 14:52:49.141 W/art     ( 4059): Long monitor contention with owner New I/O  worker #9 (4126) at boolean org.ros.concurrent.CircularBlockingDeque.addLast(java.lang.Object)(CircularBlockingDeque.java:72) waiters=1 in void java.lang.Object.wait!() for 124ms
05-23 14:52:49.299 W/art     ( 4059): Long monitor contention with owner pool-3-thread-42 (4194) at java.lang.Class java.lang.reflect.Proxy.getProxyClass0(java.lang.ClassLoader, java.lang.Class[])(Proxy.java:481) waiters=0 in java.lang.Class java.lang.reflect.Proxy.getProxyClass0(java.lang.ClassLoader, java.lang.Class[]) for 189ms
05-23 14:52:49.407 W/art     ( 4059): Suspending all threads took: 47.703ms
05-23 14:52:50.079 W/art     ( 4059): Long monitor contention with owner New I/O  worker #21 (4157) at boolean org.ros.concurrent.CircularBlockingDeque.addLast(java.lang.Object)(CircularBlockingDeque.java:72) waiters=1 in void java.lang.Object.wait!() for 122ms
05-23 14:52:50.305 W/art     ( 4059): Long monitor contention with owner New I/O  worker #25 (4164) at boolean org.ros.concurrent.CircularBlockingDeque.addLast(java.lang.Object)(CircularBlockingDeque.java:72) waiters=1 in void java.lang.Object.wait!() for 261ms
05-23 14:52:50.413 I/KiboRpcApi( 4059): [getCommandResult] Current Position: gov.nasa.arc.astrobee.types.Point[10.291, -9.829, 4.27]
05-23 14:52:50.577 I/KiboRpcApi( 4059): [getCommandResult] Current Orientation: Mat33f::Quaternion{ x=-0.004; y=0.003; z=0.003; w=1}
05-23 14:52:51.452 W/art     ( 4059): Long monitor contention with owner New I/O  worker #9 (4126) at boolean org.ros.concurrent.CircularBlockingDeque.addLast(java.lang.Object)(CircularBlockingDeque.java:72) waiters=1 in void java.lang.Object.wait!() for 255ms
05-23 14:52:51.942 I/KiboRpcApi( 4059): [getCommandResult] Current Position: gov.nasa.arc.astrobee.types.Point[10.283, -9.792, 4.28]
05-23 14:52:52.028 I/KiboRpcApi( 4059): [getCommandResult] Current Orientation: Mat33f::Quaternion{ x=0.002; y=-0.003; z=-0.007; w=1}
