05-23 14:46:19.332 W/art     ( 2872): Long monitor contention with owner ActivityManager (2917) at void com.android.server.am.ActivityManagerService.appendDropBoxProcessHeaders(com.android.server.am.ProcessRecord, java.lang.String, java.lang.StringBuilder)(ActivityManagerService.java:13756) waiters=4 in void com.android.server.am.ActivityManagerService.publishContentProviders(android.app.IApplicationThread, java.util.List) for 342ms
05-23 14:46:19.347 W/art     ( 2872): Long monitor contention with owner ActivityManager (2917) at void com.android.server.am.ActivityManagerService.appendDropBoxProcessHeaders(com.android.server.am.ProcessRecord, java.lang.String, java.lang.StringBuilder)(ActivityManagerService.java:13756) waiters=5 in android.content.Intent com.android.server.am.ActivityManagerService.registerReceiver(android.app.IApplicationThread, java.lang.String, android.content.IIntentReceiver, android.content.IntentFilter, java.lang.String, int) for 276ms
05-23 14:46:19.457 W/art     ( 2872): Long monitor contention with owner ActivityManager (2917) at void com.android.server.am.ActivityManagerService.appendDropBoxProcessHeaders(com.android.server.am.ProcessRecord, java.lang.String, java.lang.StringBuilder)(ActivityManagerService.java:13756) waiters=4 in boolean com.android.server.am.ActivityManagerService.isUserRunning(int, int) for 386ms
05-23 14:46:19.510 V/KeyguardServiceDelegate( 2872): *** Keyguard connected (yay!)
05-23 14:46:19.516 E/JavaBinder( 2872): !!! FAILED BINDER TRANSACTION !!!  (parcel size = 456)
05-23 14:46:19.540 W/BroadcastQueue( 2872): Can't deliver broadcast to com.android.systemui (pid 3097). Crashing it.
05-23 14:46:19.542 E/JavaBinder( 2872): !!! FAILED BINDER TRANSACTION !!!  (parcel size = 124)
05-23 14:46:19.543 I/ActivityManager( 2872): Killing 3097:com.android.systemui/u0a21 (adj -800): scheduleCrash for 'can't deliver broadcast' failed
05-23 14:46:19.557 W/BroadcastQueue( 2872): Failure sending broadcast Intent { act=android.intent.action.SIM_STATE_CHANGED flg=0x4000010 (has extras) }
05-23 14:46:19.557 W/BroadcastQueue( 2872): android.os.DeadObjectException: Transaction failed on small parcel; remote process probably died
05-23 14:46:19.557 W/BroadcastQueue( 2872): 	at android.os.BinderProxy.transactNative(Native Method)
05-23 14:46:19.557 W/BroadcastQueue( 2872): 	at android.os.BinderProxy.transact(Binder.java:615)
05-23 14:46:19.557 W/BroadcastQueue( 2872): 	at android.app.ApplicationThreadProxy.scheduleRegisteredReceiver(ApplicationThreadNative.java:1201)
05-23 14:46:19.557 W/BroadcastQueue( 2872): 	at com.android.server.am.BroadcastQueue.performReceiveLocked(BroadcastQueue.java:474)
05-23 14:46:19.557 W/BroadcastQueue( 2872): 	at com.android.server.am.BroadcastQueue.deliverToRegisteredReceiverLocked(BroadcastQueue.java:666)
05-23 14:46:19.557 W/BroadcastQueue( 2872): 	at com.android.server.am.BroadcastQueue.processNextBroadcast(BroadcastQueue.java:787)
05-23 14:46:19.557 W/BroadcastQueue( 2872): 	at com.android.server.am.BroadcastQueue$BroadcastHandler.handleMessage(BroadcastQueue.java:172)
05-23 14:46:19.557 W/BroadcastQueue( 2872): 	at android.os.Handler.dispatchMessage(Handler.java:102)
05-23 14:46:19.557 W/BroadcastQueue( 2872): 	at android.os.Looper.loop(Looper.java:154)
05-23 14:46:19.557 W/BroadcastQueue( 2872): 	at android.os.HandlerThread.run(HandlerThread.java:61)
05-23 14:46:19.557 W/BroadcastQueue( 2872): 	at com.android.server.ServiceThread.run(ServiceThread.java:46)
05-23 14:46:19.565 E/JavaBinder( 2872): !!! FAILED BINDER TRANSACTION !!!  (parcel size = 456)
05-23 14:46:19.566 W/BroadcastQueue( 2872): Can't deliver broadcast to com.android.systemui (pid 3097). Crashing it.
05-23 14:46:19.567 E/JavaBinder( 2872): !!! FAILED BINDER TRANSACTION !!!  (parcel size = 124)
05-23 14:46:19.567 I/ActivityManager( 2872): Killing 3097:com.android.systemui/u0a21 (adj -800): scheduleCrash for 'can't deliver broadcast' failed
05-23 14:46:19.569 W/BroadcastQueue( 2872): Failure sending broadcast Intent { act=android.intent.action.SIM_STATE_CHANGED flg=0x4000010 (has extras) }
05-23 14:46:19.569 W/BroadcastQueue( 2872): android.os.DeadObjectException: Transaction failed on small parcel; remote process probably died
05-23 14:46:19.569 W/BroadcastQueue( 2872): 	at android.os.BinderProxy.transactNative(Native Method)
05-23 14:46:19.569 W/BroadcastQueue( 2872): 	at android.os.BinderProxy.transact(Binder.java:615)
05-23 14:46:19.569 W/BroadcastQueue( 2872): 	at android.app.ApplicationThreadProxy.scheduleRegisteredReceiver(ApplicationThreadNative.java:1201)
05-23 14:46:19.569 W/BroadcastQueue( 2872): 	at com.android.server.am.BroadcastQueue.performReceiveLocked(BroadcastQueue.java:474)
05-23 14:46:19.569 W/BroadcastQueue( 2872): 	at com.android.server.am.BroadcastQueue.deliverToRegisteredReceiverLocked(BroadcastQueue.java:666)
05-23 14:46:19.569 W/BroadcastQueue( 2872): 	at com.android.server.am.BroadcastQueue.processNextBroadcast(BroadcastQueue.java:787)
05-23 14:46:19.569 W/BroadcastQueue( 2872): 	at com.android.server.am.BroadcastQueue$BroadcastHandler.handleMessage(BroadcastQueue.java:172)
05-23 14:46:19.569 W/BroadcastQueue( 2872): 	at android.os.Handler.dispatchMessage(Handler.java:102)
05-23 14:46:19.569 W/BroadcastQueue( 2872): 	at android.os.Looper.loop(Looper.java:154)
05-23 14:46:19.569 W/BroadcastQueue( 2872): 	at android.os.HandlerThread.run(HandlerThread.java:61)
05-23 14:46:19.569 W/BroadcastQueue( 2872): 	at com.android.server.ServiceThread.run(ServiceThread.java:46)
05-23 14:46:19.573 E/JavaBinder( 2872): !!! FAILED BINDER TRANSACTION !!!  (parcel size = 456)
05-23 14:46:19.574 W/BroadcastQueue( 2872): Can't deliver broadcast to com.android.systemui (pid 3097). Crashing it.
05-23 14:46:19.574 E/JavaBinder( 2872): !!! FAILED BINDER TRANSACTION !!!  (parcel size = 124)
05-23 14:46:19.575 I/ActivityManager( 2872): Killing 3097:com.android.systemui/u0a21 (adj -800): scheduleCrash for 'can't deliver broadcast' failed
05-23 14:46:19.576 W/BroadcastQueue( 2872): Failure sending broadcast Intent { act=android.intent.action.SIM_STATE_CHANGED flg=0x4000010 (has extras) }
05-23 14:46:19.576 W/BroadcastQueue( 2872): android.os.DeadObjectException: Transaction failed on small parcel; remote process probably died
05-23 14:46:19.576 W/BroadcastQueue( 2872): 	at android.os.BinderProxy.transactNative(Native Method)
05-23 14:46:19.576 W/BroadcastQueue( 2872): 	at android.os.BinderProxy.transact(Binder.java:615)
05-23 14:46:19.576 W/BroadcastQueue( 2872): 	at android.app.ApplicationThreadProxy.scheduleRegisteredReceiver(ApplicationThreadNative.java:1201)
05-23 14:46:19.576 W/BroadcastQueue( 2872): 	at com.android.server.am.BroadcastQueue.performReceiveLocked(BroadcastQueue.java:474)
05-23 14:46:19.576 W/BroadcastQueue( 2872): 	at com.android.server.am.BroadcastQueue.deliverToRegisteredReceiverLocked(BroadcastQueue.java:666)
05-23 14:46:19.576 W/BroadcastQueue( 2872): 	at com.android.server.am.BroadcastQueue.processNextBroadcast(BroadcastQueue.java:787)
05-23 14:46:19.576 W/BroadcastQueue( 2872): 	at com.android.server.am.BroadcastQueue$BroadcastHandler.handleMessage(BroadcastQueue.java:172)
05-23 14:46:19.576 W/BroadcastQueue( 2872): 	at android.os.Handler.dispatchMessage(Handler.java:102)
05-23 14:46:19.576 W/BroadcastQueue( 2872): 	at android.os.Looper.loop(Looper.java:154)
05-23 14:46:19.576 W/BroadcastQueue( 2872): 	at android.os.HandlerThread.run(HandlerThread.java:61)
05-23 14:46:19.576 W/BroadcastQueue( 2872): 	at com.android.server.ServiceThread.run(ServiceThread.java:46)
05-23 14:46:19.578 E/JavaBinder( 2872): !!! FAILED BINDER TRANSACTION !!!  (parcel size = 124)
05-23 14:46:19.579 W/KeyguardStateMonitor( 2872): Remote Exception
05-23 14:46:19.579 W/KeyguardStateMonitor( 2872): android.os.DeadObjectException: Transaction failed on small parcel; remote process probably died
05-23 14:46:19.579 W/KeyguardStateMonitor( 2872): 	at android.os.BinderProxy.transactNative(Native Method)
05-23 14:46:19.579 W/KeyguardStateMonitor( 2872): 	at android.os.BinderProxy.transact(Binder.java:615)
05-23 14:46:19.579 W/KeyguardStateMonitor( 2872): 	at com.android.internal.policy.IKeyguardService$Stub$Proxy.addStateMonitorCallback(IKeyguardService.java:246)
05-23 14:46:19.579 W/KeyguardStateMonitor( 2872): 	at com.android.server.policy.keyguard.KeyguardStateMonitor.<init>(KeyguardStateMonitor.java:60)
05-23 14:46:19.579 W/KeyguardStateMonitor( 2872): 	at com.android.server.policy.keyguard.KeyguardServiceWrapper.<init>(KeyguardServiceWrapper.java:46)
05-23 14:46:19.579 W/KeyguardStateMonitor( 2872): 	at com.android.server.policy.keyguard.KeyguardServiceDelegate$1.onServiceConnected(KeyguardServiceDelegate.java:160)
05-23 14:46:19.579 W/KeyguardStateMonitor( 2872): 	at android.app.LoadedApk$ServiceDispatcher.doConnected(LoadedApk.java:1453)
05-23 14:46:19.579 W/KeyguardStateMonitor( 2872): 	at android.app.LoadedApk$ServiceDispatcher$RunConnection.run(LoadedApk.java:1481)
05-23 14:46:19.579 W/KeyguardStateMonitor( 2872): 	at android.os.Handler.handleCallback(Handler.java:751)
05-23 14:46:19.579 W/KeyguardStateMonitor( 2872): 	at android.os.Handler.dispatchMessage(Handler.java:95)
05-23 14:46:19.579 W/KeyguardStateMonitor( 2872): 	at android.os.Looper.loop(Looper.java:154)
05-23 14:46:19.579 W/KeyguardStateMonitor( 2872): 	at android.os.HandlerThread.run(HandlerThread.java:61)
05-23 14:46:19.579 W/KeyguardStateMonitor( 2872): 	at com.android.server.ServiceThread.run(ServiceThread.java:46)
05-23 14:46:19.588 E/JavaBinder( 2872): !!! FAILED BINDER TRANSACTION !!!  (parcel size = 100)
05-23 14:46:19.623 W/KeyguardServiceWrapper( 2872): Remote Exception
05-23 14:46:19.623 W/KeyguardServiceWrapper( 2872): android.os.DeadObjectException: Transaction failed on small parcel; remote process probably died
05-23 14:46:19.623 W/KeyguardServiceWrapper( 2872): 	at android.os.BinderProxy.transactNative(Native Method)
05-23 14:46:19.623 W/KeyguardServiceWrapper( 2872): 	at android.os.BinderProxy.transact(Binder.java:615)
05-23 14:46:19.623 W/KeyguardServiceWrapper( 2872): 	at com.android.internal.policy.IKeyguardService$Stub$Proxy.onSystemReady(IKeyguardService.java:425)
05-23 14:46:19.623 W/KeyguardServiceWrapper( 2872): 	at com.android.server.policy.keyguard.KeyguardServiceWrapper.onSystemReady(KeyguardServiceWrapper.java:179)
05-23 14:46:19.623 W/KeyguardServiceWrapper( 2872): 	at com.android.server.policy.keyguard.KeyguardServiceDelegate$1.onServiceConnected(KeyguardServiceDelegate.java:164)
05-23 14:46:19.623 W/KeyguardServiceWrapper( 2872): 	at android.app.LoadedApk$ServiceDispatcher.doConnected(LoadedApk.java:1453)
05-23 14:46:19.623 W/KeyguardServiceWrapper( 2872): 	at android.app.LoadedApk$ServiceDispatcher$RunConnection.run(LoadedApk.java:1481)
05-23 14:46:19.623 W/KeyguardServiceWrapper( 2872): 	at android.os.Handler.handleCallback(Handler.java:751)
05-23 14:46:19.623 W/KeyguardServiceWrapper( 2872): 	at android.os.Handler.dispatchMessage(Handler.java:95)
05-23 14:46:19.623 W/KeyguardServiceWrapper( 2872): 	at android.os.Looper.loop(Looper.java:154)
05-23 14:46:19.623 W/KeyguardServiceWrapper( 2872): 	at android.os.HandlerThread.run(HandlerThread.java:61)
05-23 14:46:19.623 W/KeyguardServiceWrapper( 2872): 	at com.android.server.ServiceThread.run(ServiceThread.java:46)
05-23 14:46:19.624 E/JavaBinder( 2872): !!! FAILED BINDER TRANSACTION !!!  (parcel size = 100)
05-23 14:46:19.630 W/KeyguardServiceWrapper( 2872): Remote Exception
05-23 14:46:19.630 W/KeyguardServiceWrapper( 2872): android.os.DeadObjectException: Transaction failed on small parcel; remote process probably died
05-23 14:46:19.630 W/KeyguardServiceWrapper( 2872): 	at android.os.BinderProxy.transactNative(Native Method)
05-23 14:46:19.630 W/KeyguardServiceWrapper( 2872): 	at android.os.BinderProxy.transact(Binder.java:615)
05-23 14:46:19.630 W/KeyguardServiceWrapper( 2872): 	at com.android.internal.policy.IKeyguardService$Stub$Proxy.onStartedWakingUp(IKeyguardService.java:359)
05-23 14:46:19.630 W/KeyguardServiceWrapper( 2872): 	at com.android.server.policy.keyguard.KeyguardServiceWrapper.onStartedWakingUp(KeyguardServiceWrapper.java:134)
05-23 14:46:19.630 W/KeyguardServiceWrapper( 2872): 	at com.android.server.policy.keyguard.KeyguardServiceDelegate$1.onServiceConnected(KeyguardServiceDelegate.java:171)
05-23 14:46:19.630 W/KeyguardServiceWrapper( 2872): 	at android.app.LoadedApk$ServiceDispatcher.doConnected(LoadedApk.java:1453)
05-23 14:46:19.630 W/KeyguardServiceWrapper( 2872): 	at android.app.LoadedApk$ServiceDispatcher$RunConnection.run(LoadedApk.java:1481)
05-23 14:46:19.630 W/KeyguardServiceWrapper( 2872): 	at android.os.Handler.handleCallback(Handler.java:751)
05-23 14:46:19.630 W/KeyguardServiceWrapper( 2872): 	at android.os.Handler.dispatchMessage(Handler.java:95)
05-23 14:46:19.630 W/KeyguardServiceWrapper( 2872): 	at android.os.Looper.loop(Looper.java:154)
05-23 14:46:19.630 W/KeyguardServiceWrapper( 2872): 	at android.os.HandlerThread.run(HandlerThread.java:61)
05-23 14:46:19.630 W/KeyguardServiceWrapper( 2872): 	at com.android.server.ServiceThread.run(ServiceThread.java:46)
05-23 14:46:19.645 E/JavaBinder( 2872): !!! FAILED BINDER TRANSACTION !!!  (parcel size = 72)
05-23 14:46:19.657 E/JavaBinder( 2872): !!! FAILED BINDER TRANSACTION !!!  (parcel size = 124)
05-23 14:46:19.658 W/KeyguardServiceWrapper( 2872): Remote Exception
05-23 14:46:19.658 W/KeyguardServiceWrapper( 2872): android.os.DeadObjectException: Transaction failed on small parcel; remote process probably died
05-23 14:46:19.658 W/KeyguardServiceWrapper( 2872): 	at android.os.BinderProxy.transactNative(Native Method)
05-23 14:46:19.658 W/KeyguardServiceWrapper( 2872): 	at android.os.BinderProxy.transact(Binder.java:615)
05-23 14:46:19.658 W/KeyguardServiceWrapper( 2872): 	at com.android.internal.policy.IKeyguardService$Stub$Proxy.onScreenTurningOn(IKeyguardService.java:374)
05-23 14:46:19.658 W/KeyguardServiceWrapper( 2872): 	at com.android.server.policy.keyguard.KeyguardServiceWrapper.onScreenTurningOn(KeyguardServiceWrapper.java:143)
05-23 14:46:19.658 W/KeyguardServiceWrapper( 2872): 	at com.android.server.policy.keyguard.KeyguardServiceDelegate$1.onServiceConnected(KeyguardServiceDelegate.java:175)
05-23 14:46:19.658 W/KeyguardServiceWrapper( 2872): 	at android.app.LoadedApk$ServiceDispatcher.doConnected(LoadedApk.java:1453)
05-23 14:46:19.658 W/KeyguardServiceWrapper( 2872): 	at android.app.LoadedApk$ServiceDispatcher$RunConnection.run(LoadedApk.java:1481)
05-23 14:46:19.658 W/KeyguardServiceWrapper( 2872): 	at android.os.Handler.handleCallback(Handler.java:751)
05-23 14:46:19.658 W/KeyguardServiceWrapper( 2872): 	at android.os.Handler.dispatchMessage(Handler.java:95)
05-23 14:46:19.658 W/KeyguardServiceWrapper( 2872): 	at android.os.Looper.loop(Looper.java:154)
05-23 14:46:19.658 W/KeyguardServiceWrapper( 2872): 	at android.os.HandlerThread.run(HandlerThread.java:61)
05-23 14:46:19.658 W/KeyguardServiceWrapper( 2872): 	at com.android.server.ServiceThread.run(ServiceThread.java:46)
05-23 14:46:19.659 E/JavaBinder( 2872): !!! FAILED BINDER TRANSACTION !!!  (parcel size = 100)
05-23 14:46:19.660 W/KeyguardServiceWrapper( 2872): Remote Exception
05-23 14:46:19.660 W/KeyguardServiceWrapper( 2872): android.os.DeadObjectException: Transaction failed on small parcel; remote process probably died
05-23 14:46:19.660 W/KeyguardServiceWrapper( 2872): 	at android.os.BinderProxy.transactNative(Native Method)
05-23 14:46:19.660 W/KeyguardServiceWrapper( 2872): 	at android.os.BinderProxy.transact(Binder.java:615)
05-23 14:46:19.660 W/KeyguardServiceWrapper( 2872): 	at com.android.internal.policy.IKeyguardService$Stub$Proxy.onScreenTurnedOn(IKeyguardService.java:388)
05-23 14:46:19.660 W/KeyguardServiceWrapper( 2872): 	at com.android.server.policy.keyguard.KeyguardServiceWrapper.onScreenTurnedOn(KeyguardServiceWrapper.java:152)
05-23 14:46:19.660 W/KeyguardServiceWrapper( 2872): 	at com.android.server.policy.keyguard.KeyguardServiceDelegate$1.onServiceConnected(KeyguardServiceDelegate.java:179)
05-23 14:46:19.660 W/KeyguardServiceWrapper( 2872): 	at android.app.LoadedApk$ServiceDispatcher.doConnected(LoadedApk.java:1453)
05-23 14:46:19.660 W/KeyguardServiceWrapper( 2872): 	at android.app.LoadedApk$ServiceDispatcher$RunConnection.run(LoadedApk.java:1481)
05-23 14:46:19.660 W/KeyguardServiceWrapper( 2872): 	at android.os.Handler.handleCallback(Handler.java:751)
05-23 14:46:19.660 W/KeyguardServiceWrapper( 2872): 	at android.os.Handler.dispatchMessage(Handler.java:95)
05-23 14:46:19.660 W/KeyguardServiceWrapper( 2872): 	at android.os.Looper.loop(Looper.java:154)
05-23 14:46:19.660 W/KeyguardServiceWrapper( 2872): 	at android.os.HandlerThread.run(HandlerThread.java:61)
05-23 14:46:19.660 W/KeyguardServiceWrapper( 2872): 	at com.android.server.ServiceThread.run(ServiceThread.java:46)
05-23 14:46:19.661 E/JavaBinder( 2872): !!! FAILED BINDER TRANSACTION !!!  (parcel size = 100)
05-23 14:46:19.662 W/KeyguardServiceWrapper( 2872): Remote Exception
05-23 14:46:19.662 W/KeyguardServiceWrapper( 2872): android.os.DeadObjectException: Transaction failed on small parcel; remote process probably died
05-23 14:46:19.662 W/KeyguardServiceWrapper( 2872): 	at android.os.BinderProxy.transactNative(Native Method)
05-23 14:46:19.662 W/KeyguardServiceWrapper( 2872): 	at android.os.BinderProxy.transact(Binder.java:615)
05-23 14:46:19.662 W/KeyguardServiceWrapper( 2872): 	at com.android.internal.policy.IKeyguardService$Stub$Proxy.onBootCompleted(IKeyguardService.java:466)
05-23 14:46:19.662 W/KeyguardServiceWrapper( 2872): 	at com.android.server.policy.keyguard.KeyguardServiceWrapper.onBootCompleted(KeyguardServiceWrapper.java:207)
05-23 14:46:19.662 W/KeyguardServiceWrapper( 2872): 	at com.android.server.policy.keyguard.KeyguardServiceDelegate$1.onServiceConnected(KeyguardServiceDelegate.java:184)
05-23 14:46:19.662 W/KeyguardServiceWrapper( 2872): 	at android.app.LoadedApk$ServiceDispatcher.doConnected(LoadedApk.java:1453)
05-23 14:46:19.662 W/KeyguardServiceWrapper( 2872): 	at android.app.LoadedApk$ServiceDispatcher$RunConnection.run(LoadedApk.java:1481)
05-23 14:46:19.662 W/KeyguardServiceWrapper( 2872): 	at android.os.Handler.handleCallback(Handler.java:751)
05-23 14:46:19.662 W/KeyguardServiceWrapper( 2872): 	at android.os.Handler.dispatchMessage(Handler.java:95)
05-23 14:46:19.662 W/KeyguardServiceWrapper( 2872): 	at android.os.Looper.loop(Looper.java:154)
05-23 14:46:19.662 W/KeyguardServiceWrapper( 2872): 	at android.os.HandlerThread.run(HandlerThread.java:61)
05-23 14:46:19.662 W/KeyguardServiceWrapper( 2872): 	at com.android.server.ServiceThread.run(ServiceThread.java:46)
05-23 14:46:19.720 W/art     ( 2872): Long monitor contention with owner android.display (2931) at void com.android.server.wm.WindowAnimator$1.doFrame(long)(WindowAnimator.java:144) waiters=0 in float com.android.server.wm.WindowManagerService.getCurrentAnimatorScale() for 186ms
05-23 14:46:19.994 W/art     ( 2872): Long monitor contention with owner Binder:2872_6 (3418) at void com.android.server.am.BroadcastQueue.processNextBroadcast(boolean)(BroadcastQueue.java:760) waiters=1 in boolean com.android.server.am.ActivityManagerService.isUserRunning(int, int) for 104ms
05-23 14:46:20.290 W/ActivityManager( 2872): Slow operation: 64ms so far, now at startProcess: done creating new process record
05-23 14:46:20.290 W/ActivityManager( 2872): Slow operation: 65ms so far, now at startProcess: stepping in to startProcess
05-23 14:46:20.447 W/ActivityManager( 2872): Slow operation: 156ms so far, now at startProcess: returned from zygote!
05-23 14:46:20.447 W/ActivityManager( 2872): Slow operation: 157ms so far, now at startProcess: done updating battery stats
05-23 14:46:20.448 W/ActivityManager( 2872): Slow operation: 158ms so far, now at startProcess: building log message
05-23 14:46:20.448 I/ActivityManager( 2872): Start proc 3600:com.android.deskclock/u0a31 for broadcast com.android.deskclock/.AlarmInitReceiver
05-23 14:46:20.448 W/ActivityManager( 2872): Slow operation: 158ms so far, now at startProcess: starting to update pids map
05-23 14:46:20.448 W/ActivityManager( 2872): Slow operation: 158ms so far, now at startProcess: done updating pids map
05-23 14:46:20.448 W/ActivityManager( 2872): Slow operation: 223ms so far, now at startProcess: done starting proc!
05-23 14:46:20.449 W/art     ( 2872): Long monitor contention with owner Binder:2872_2 (2893) at void com.android.server.am.BroadcastQueue.processNextBroadcast(boolean)(BroadcastQueue.java:760) waiters=0 in android.app.IActivityManager$ContentProviderHolder com.android.server.am.ActivityManagerService.getContentProviderImpl(android.app.IApplicationThread, java.lang.String, android.os.IBinder, boolean, int) for 221ms
05-23 14:46:20.485 W/art     ( 2872): Long monitor contention with owner Binder:2872_2 (2893) at void com.android.server.am.BroadcastQueue.processNextBroadcast(boolean)(BroadcastQueue.java:760) waiters=2 in void com.android.server.am.ActivityManagerService.dispatchUidsChanged() for 179ms
05-23 14:46:20.571 W/art     ( 3600): Unexpected CPU variant for X86 using defaults: x86_64
05-23 14:46:21.445 I/LatinIME( 3090): Timeout waiting for dictionary load
05-23 14:46:21.467 W/InputDispatcher( 2872): channel 'b6b2f DockedStackDivider (server)' ~ Consumer closed input channel or an error occurred.  events=0x9
05-23 14:46:21.467 E/InputDispatcher( 2872): channel 'b6b2f DockedStackDivider (server)' ~ Channel is unrecoverably broken and will be disposed!
05-23 14:46:21.468 W/InputDispatcher( 2872): channel '60c6b0e StatusBar (server)' ~ Consumer closed input channel or an error occurred.  events=0x9
05-23 14:46:21.468 E/InputDispatcher( 2872): channel '60c6b0e StatusBar (server)' ~ Channel is unrecoverably broken and will be disposed!
05-23 14:46:21.468 W/InputDispatcher( 2872): channel '456e5d4 AssistPreviewPanel (server)' ~ Consumer closed input channel or an error occurred.  events=0x9
05-23 14:46:21.468 E/InputDispatcher( 2872): channel '456e5d4 AssistPreviewPanel (server)' ~ Channel is unrecoverably broken and will be disposed!
05-23 14:46:21.468 W/InputDispatcher( 2872): channel '9e9e272 NavigationBar (server)' ~ Consumer closed input channel or an error occurred.  events=0x9
05-23 14:46:21.468 E/InputDispatcher( 2872): channel '9e9e272 NavigationBar (server)' ~ Channel is unrecoverably broken and will be disposed!
05-23 14:46:21.468 W/InputDispatcher( 2872): channel '2a28258 com.android.systemui.ImageWallpaper (server)' ~ Consumer closed input channel or an error occurred.  events=0x9
05-23 14:46:21.468 E/InputDispatcher( 2872): channel '2a28258 com.android.systemui.ImageWallpaper (server)' ~ Channel is unrecoverably broken and will be disposed!
05-23 14:46:21.570 D/WifiService( 2872): Client connection lost with reason: 4
05-23 14:46:21.570 W/libprocessgroup( 2872): failed to open /acct/uid_10021/pid_3097/cgroup.procs: No such file or directory
05-23 14:46:21.571 W/libprocessgroup( 2872): failed to open /acct/uid_10021/pid_3097/cgroup.procs: No such file or directory
05-23 14:46:21.571 W/libprocessgroup( 2872): failed to open /acct/uid_10021/pid_3097/cgroup.procs: No such file or directory
05-23 14:46:21.631 I/BackupManagerService( 2872): Found stale backup journal, scheduling
05-23 14:46:21.784 W/art     ( 2872): Long monitor contention with owner Binder:2872_8 (3537) at void com.android.server.am.ActivityManagerService.attachApplication(android.app.IApplicationThread)(ActivityManagerService.java:6669) waiters=2 in void com.android.server.am.ActivityStack$ActivityStackHandler.handleMessage(android.os.Message) for 798ms
05-23 14:46:21.786 W/AudioService( 2872): Current remote volume controller died, unregistering
05-23 14:46:21.796 W/art     ( 2872): Long monitor contention with owner Binder:2872_8 (3537) at void com.android.server.am.ActivityManagerService.attachApplication(android.app.IApplicationThread)(ActivityManagerService.java:6669) waiters=2 in android.app.IActivityManager$ContentProviderHolder com.android.server.am.ActivityManagerService.getContentProviderImpl(android.app.IApplicationThread, java.lang.String, android.os.IBinder, boolean, int) for 348ms
05-23 14:46:21.804 W/VolumeController( 2872): Error calling dismiss
05-23 14:46:21.804 W/VolumeController( 2872): android.os.DeadObjectException
05-23 14:46:21.804 W/VolumeController( 2872): 	at android.os.BinderProxy.transactNative(Native Method)
05-23 14:46:21.804 W/VolumeController( 2872): 	at android.os.BinderProxy.transact(Binder.java:615)
05-23 14:46:21.804 W/VolumeController( 2872): 	at android.media.IVolumeController$Stub$Proxy.dismiss(IVolumeController.java:162)
05-23 14:46:21.804 W/VolumeController( 2872): 	at com.android.server.audio.AudioService$VolumeController.postDismiss(AudioService.java:6138)
05-23 14:46:21.804 W/VolumeController( 2872): 	at com.android.server.audio.AudioService.setVolumeController(AudioService.java:5986)
05-23 14:46:21.804 W/VolumeController( 2872): 	at com.android.server.audio.AudioService$4.binderDied(AudioService.java:5995)
05-23 14:46:21.804 W/VolumeController( 2872): 	at android.os.BinderProxy.sendDeathNotice(Binder.java:688)
05-23 14:46:21.807 D/ConnectivityService( 2872): ConnectivityService NetworkRequestInfo binderDied(NetworkRequest [ LISTEN id=4, [] ], android.os.BinderProxy@16d3df0)
05-23 14:46:21.810 V/KeyguardServiceDelegate( 2872): *** Keyguard disconnected (boo!)
05-23 14:46:21.835 I/ActivityManager( 2872): Process com.android.systemui (pid 3097) has died
05-23 14:46:21.839 D/ActivityManager( 2872): cleanUpApplicationRecord -- 3097
05-23 14:46:21.843 W/libprocessgroup( 2872): failed to open /acct/uid_10021/pid_3097/cgroup.procs: No such file or directory
05-23 14:46:21.858 W/ActivityManager( 2872): Scheduling restart of crashed service com.android.systemui/.SystemUIService in 0ms
05-23 14:46:21.859 W/ActivityManager( 2872): Scheduling restart of crashed service com.android.systemui/.keyguard.KeyguardService in 0ms
05-23 14:46:21.859 W/ActivityManager( 2872): Scheduling restart of crashed service com.android.systemui/.ImageWallpaper in 0ms
05-23 14:46:21.870 W/WallpaperManagerService( 2872): Wallpaper service gone: ComponentInfo{com.android.systemui/com.android.systemui.ImageWallpaper}
05-23 14:46:21.890 W/ActivityManager( 2872): Re-adding persistent process ProcessRecord{20dd925 3097:com.android.systemui/u0a21}
05-23 14:46:21.905 E/ConnectivityService( 2872): RemoteException caught trying to send a callback msg for NetworkRequest [ LISTEN id=4, [] ]
05-23 14:46:21.914 W/art     ( 2872): Long monitor contention with owner android.display (2931) at void com.android.server.wm.WindowManagerService$H.handleMessage(android.os.Message)(WindowManagerService.java:8549) waiters=0 in void com.android.server.wm.WindowState$DeathRecipient.binderDied() for 657ms
05-23 14:46:21.915 I/Choreographer( 2872): Skipped 75 frames!  The application may be doing too much work on its main thread.
05-23 14:46:22.005 W/ActivityManager( 2872): Slow operation: 115ms so far, now at startProcess: returned from zygote!
05-23 14:46:22.005 W/ActivityManager( 2872): Slow operation: 115ms so far, now at startProcess: done updating battery stats
05-23 14:46:22.006 W/ActivityManager( 2872): Slow operation: 115ms so far, now at startProcess: building log message
05-23 14:46:22.006 I/ActivityManager( 2872): Start proc 3623:com.android.systemui/u0a21 for restart com.android.systemui
05-23 14:46:22.006 W/ActivityManager( 2872): Slow operation: 116ms so far, now at startProcess: starting to update pids map
05-23 14:46:22.006 W/ActivityManager( 2872): Slow operation: 116ms so far, now at startProcess: done updating pids map
05-23 14:46:22.022 W/art     ( 3623): Unexpected CPU variant for X86 using defaults: x86_64
05-23 14:46:22.144 W/art     ( 2872): Long monitor contention with owner android.display (2931) at void com.android.server.wm.WindowManagerService$H.handleMessage(android.os.Message)(WindowManagerService.java:8549) waiters=1 in void com.android.server.wm.WindowManagerService$9.binderDied() for 859ms
05-23 14:46:22.175 W/art     ( 2872): Long monitor contention with owner android.display (2931) at void com.android.server.wm.WindowManagerService$H.handleMessage(android.os.Message)(WindowManagerService.java:8549) waiters=2 in void com.android.server.wm.WindowState$DeathRecipient.binderDied() for 850ms
05-23 14:46:22.175 I/WindowManager( 2872): WIN DEATH: Window{456e5d4 u0 AssistPreviewPanel}
05-23 14:46:22.176 W/InputDispatcher( 2872): Attempted to unregister already unregistered input channel '456e5d4 AssistPreviewPanel (server)'
05-23 14:46:22.205 W/art     ( 2872): Long monitor contention with owner Binder:2872_5 (3259) at void com.android.server.am.ActivityManagerService$AppDeathRecipient.binderDied()(ActivityManagerService.java:1475) waiters=2 in void com.android.server.am.ActiveServices$ServiceRestarter.run() for 348ms
05-23 14:46:22.212 V/Launcher( 3561): LauncherAppState inited
05-23 14:46:22.284 W/art     ( 2872): Long monitor contention with owner android.display (2931) at void com.android.server.wm.WindowManagerService$H.handleMessage(android.os.Message)(WindowManagerService.java:8549) waiters=3 in void com.android.server.wm.WindowState$DeathRecipient.binderDied() for 942ms
05-23 14:46:22.285 I/WindowManager( 2872): WIN DEATH: Window{9e9e272 u0 NavigationBar}
05-23 14:46:22.285 W/InputDispatcher( 2872): Attempted to unregister already unregistered input channel '9e9e272 NavigationBar (server)'
05-23 14:46:22.320 I/Choreographer( 3357): Skipped 41 frames!  The application may be doing too much work on its main thread.
05-23 14:46:22.329 W/WindowManager( 2872): Failed to report 'resized' to the client of Window{2a28258 u0 com.android.systemui.ImageWallpaper}, removing this window.
05-23 14:46:22.332 W/InputDispatcher( 2872): Attempted to unregister already unregistered input channel '2a28258 com.android.systemui.ImageWallpaper (server)'
05-23 14:46:22.348 W/art     ( 2872): Long monitor contention with owner android.display (2931) at void com.android.server.wm.WindowManagerService$H.handleMessage(android.os.Message)(WindowManagerService.java:8549) waiters=4 in void com.android.server.wm.WindowState$DeathRecipient.binderDied() for 977ms
05-23 14:46:22.350 W/WindowManager( 2872): Failed looking up window
05-23 14:46:22.350 W/WindowManager( 2872): java.lang.IllegalArgumentException: Requested window android.os.BinderProxy@5d3db3b does not exist
05-23 14:46:22.350 W/WindowManager( 2872): 	at com.android.server.wm.WindowManagerService.windowForClientLocked(WindowManagerService.java:9422)
05-23 14:46:22.350 W/WindowManager( 2872): 	at com.android.server.wm.WindowManagerService.windowForClientLocked(WindowManagerService.java:9413)
05-23 14:46:22.350 W/WindowManager( 2872): 	at com.android.server.wm.WindowState$DeathRecipient.binderDied(WindowState.java:1807)
05-23 14:46:22.350 W/WindowManager( 2872): 	at android.os.BinderProxy.sendDeathNotice(Binder.java:688)
05-23 14:46:22.350 I/WindowManager( 2872): WIN DEATH: null
05-23 14:46:22.350 W/art     ( 2872): Long monitor contention with owner android.display (2931) at void com.android.server.wm.WindowManagerService$H.handleMessage(android.os.Message)(WindowManagerService.java:8549) waiters=5 in void com.android.server.wm.Session.binderDied() for 793ms
05-23 14:46:22.351 W/art     ( 2872): Long monitor contention with owner android.display (2931) at void com.android.server.wm.WindowManagerService$H.handleMessage(android.os.Message)(WindowManagerService.java:8549) waiters=6 in void com.android.server.wm.WindowState$DeathRecipient.binderDied() for 681ms
05-23 14:46:22.351 I/WindowManager( 2872): WIN DEATH: Window{b6b2f u0 DockedStackDivider}
05-23 14:46:22.352 W/InputDispatcher( 2872): Attempted to unregister already unregistered input channel 'b6b2f DockedStackDivider (server)'
05-23 14:46:22.448 W/art     ( 2872): Long monitor contention with owner android.display (2931) at void com.android.server.wm.WindowAnimator$1.doFrame(long)(WindowAnimator.java:144) waiters=6 in void com.android.server.wm.WindowState$DeathRecipient.binderDied() for 527ms
05-23 14:46:22.449 I/WindowManager( 2872): WIN DEATH: Window{60c6b0e u0 StatusBar}
05-23 14:46:22.449 W/InputDispatcher( 2872): Attempted to unregister already unregistered input channel '60c6b0e StatusBar (server)'
05-23 14:46:22.633 I/GnssLocationProvider( 2872): WakeLock released by handleMessage(13, 0, null)
05-23 14:46:23.002 W/System  ( 3623): ClassLoader referenced unknown path: /system/priv-app/SystemUI/lib/x86_64
05-23 14:46:23.312 V/SystemUIService( 3623): Starting SystemUI services for user 0.
05-23 14:46:23.595 V/MediaRouter( 3623): Adding route: RouteInfo{ name=Phone, description=null, status=null, category=RouteCategory{ name=null types=ROUTE_TYPE_LIVE_AUDIO ROUTE_TYPE_LIVE_VIDEO  groupable=false }, supportedTypes=ROUTE_TYPE_LIVE_AUDIO ROUTE_TYPE_LIVE_VIDEO , presentationDisplay=null }
05-23 14:46:23.670 V/MediaRouter( 3623): Updating audio routes: AudioRoutesInfo{ type=SPEAKER }
05-23 14:46:23.682 V/MediaRouter( 3623): Selecting route: RouteInfo{ name=Phone, description=null, status=null, category=RouteCategory{ name=null types=ROUTE_TYPE_LIVE_AUDIO ROUTE_TYPE_LIVE_VIDEO  groupable=false }, supportedTypes=ROUTE_TYPE_LIVE_AUDIO ROUTE_TYPE_LIVE_VIDEO , presentationDisplay=null }
05-23 14:46:23.925 D/TrustManagerService( 2872): Removing dead TrustListener.
05-23 14:46:24.041 W/art     ( 2872): Long monitor contention with owner Binder:2872_5 (3259) at void com.android.server.am.ActivityManagerService$AppDeathRecipient.binderDied()(ActivityManagerService.java:1475) waiters=2 in int com.android.server.am.ActivityManagerService.bindService(android.app.IApplicationThread, android.os.IBinder, android.content.Intent, java.lang.String, android.app.IServiceConnection, int, java.lang.String, int) for 2.139s
05-23 14:46:24.204 W/ActivityManager( 2872): Slow operation: 94ms so far, now at startProcess: returned from zygote!
05-23 14:46:24.204 W/ActivityManager( 2872): Slow operation: 94ms so far, now at startProcess: done updating battery stats
05-23 14:46:24.205 W/ActivityManager( 2872): Slow operation: 95ms so far, now at startProcess: building log message
05-23 14:46:24.205 I/ActivityManager( 2872): Start proc 3648:com.android.keychain/1000 for service com.android.keychain/.KeyChainService
05-23 14:46:24.205 W/ActivityManager( 2872): Slow operation: 95ms so far, now at startProcess: starting to update pids map
05-23 14:46:24.205 W/ActivityManager( 2872): Slow operation: 95ms so far, now at startProcess: done updating pids map
05-23 14:46:24.205 W/ActivityManager( 2872): Slow operation: 118ms so far, now at startProcess: done starting proc!
05-23 14:46:24.261 W/art     ( 3648): Unexpected CPU variant for X86 using defaults: x86_64
05-23 14:46:24.723 W/System  ( 3648): ClassLoader referenced unknown path: /system/app/KeyChain/lib/x86_64
05-23 14:46:24.832 E/WVMExtractor( 3623): Failed to open libwvm.so: dlopen failed: library "libwvm.so" not found
05-23 14:46:25.166 W/ActivityManager( 2872): Launch timeout has expired, giving up wake lock!
05-23 14:46:25.334 W/art     ( 2872): Long monitor contention with owner Binder:2872_4 (3170) at int com.android.server.wm.WindowManagerService.relayoutWindow(com.android.server.wm.Session, android.view.IWindow, int, android.view.WindowManager$LayoutParams, int, int, int, int, android.graphics.Rect, android.graphics.Rect, android.graphics.Rect, android.graphics.Rect, android.graphics.Rect, android.graphics.Rect, android.graphics.Rect, android.content.res.Configuration, android.view.Surface)(WindowManagerService.java:2857) waiters=0 in void com.android.server.wm.WindowManagerService$H.handleMessage(android.os.Message) for 171ms
05-23 14:46:25.540 D/gralloc_ranchu( 3561): Emulator without host-side GPU emulation detected. Loading gralloc.default.so from /vendor/lib64/hw/gralloc.goldfish.default.so...
05-23 14:46:25.604 D/gralloc_ranchu( 3561): gralloc.default.so not found in /vendor. Trying /system/lib64/hw/gralloc.goldfish.default.so...
05-23 14:46:25.677 I/MediaPlayerService( 1340): MediaPlayerService::getOMX
05-23 14:46:25.713 I/OMXClient( 3623): MuxOMX ctor
05-23 14:46:25.755 I/OMXMaster( 1330): makeComponentInstance(OMX.google.vorbis.decoder) in mediacodec process
05-23 14:46:25.906 I/ActivityManager( 2872): Displayed com.android.launcher3/.Launcher: +10s320ms
05-23 14:46:26.220 V/GridSizeMigrationTask( 3561): Workspace migration completed in 982
05-23 14:46:26.241 D/Launcher.Model( 3561): loadWorkspace: loading default favorites
05-23 14:46:26.893 W/WallpaperManagerService( 2872): Wallpaper reconnect timed out, reverting to built-in wallpaper!
05-23 14:46:27.360 I/vol.Events( 3623): writeEvent collection_started
05-23 14:46:27.617 I/vol.Events( 3623): writeEvent external_ringer_mode_changed normal
05-23 14:46:27.633 I/vol.Events( 3623): writeEvent internal_ringer_mode_changed normal
05-23 14:46:27.854 I/MediaPlayerService( 1340): MediaPlayerService::getOMX
05-23 14:46:27.862 I/OMXClient( 3623): MuxOMX ctor
05-23 14:46:27.884 I/OMXMaster( 1330): makeComponentInstance(OMX.google.vorbis.decoder) in mediacodec process
05-23 14:46:29.266 I/MediaPlayerService( 1340): MediaPlayerService::getOMX
05-23 14:46:29.268 I/OMXClient( 3623): MuxOMX ctor
05-23 14:46:29.344 I/OMXMaster( 1330): makeComponentInstance(OMX.google.vorbis.decoder) in mediacodec process
05-23 14:46:30.235 W/art     ( 3520): Suspending all threads took: 2.683s
05-23 14:46:30.246 E/GnssLocationProvider( 2872): no AGPS interface in set_agps_server
05-23 14:46:30.837 I/vol.Events( 3623): writeEvent level_changed STREAM_ALARM 6
05-23 14:46:30.879 I/vol.Events( 3623): writeEvent level_changed STREAM_BLUETOOTH_SCO 7
05-23 14:46:30.902 I/vol.Events( 3623): writeEvent level_changed STREAM_MUSIC 11
05-23 14:46:30.962 I/vol.Events( 3623): writeEvent level_changed STREAM_RING 5
05-23 14:46:30.998 I/vol.Events( 3623): writeEvent level_changed STREAM_SYSTEM 5
05-23 14:46:31.028 I/vol.Events( 3623): writeEvent level_changed STREAM_VOICE_CALL 4
05-23 14:46:31.301 W/System  ( 3600): ClassLoader referenced unknown path: /system/app/DeskClock/lib/x86_64
05-23 14:46:31.496 W/art     ( 2872): Long monitor contention with owner android.bg (2916) at boolean android.os.MessageQueue.enqueueMessage(android.os.Message, long)(MessageQueue.java:541) waiters=0 in android.os.Message android.os.MessageQueue.next() for 1.244s
05-23 14:46:31.498 W/art     ( 2872): Long monitor contention with owner android.bg (2916) at void com.android.server.power.PowerManagerService.releaseWakeLockInternal(android.os.IBinder, int)(PowerManagerService.java:937) waiters=0 in void com.android.server.power.PowerManagerService.setScreenBrightnessOverrideFromWindowManagerInternal(int) for 951ms
05-23 14:46:31.502 W/art     ( 2872): Long monitor contention with owner Binder:2872_6 (3418) at void com.android.server.wm.WindowManagerService.removeWindow(com.android.server.wm.Session, android.view.IWindow)(WindowManagerService.java:2392) waiters=0 in void com.android.server.wm.WindowManagerService$H.handleMessage(android.os.Message) for 1.083s
05-23 14:46:31.524 W/art     ( 2872): Long monitor contention with owner Binder:2872_6 (3418) at void com.android.server.wm.WindowManagerService.removeWindow(com.android.server.wm.Session, android.view.IWindow)(WindowManagerService.java:2392) waiters=1 in float com.android.server.wm.WindowManagerService.getCurrentAnimatorScale() for 249ms
05-23 14:46:31.546 I/GnssLocationProvider( 2872): WakeLock released by handleMessage(2, 1, null)
05-23 14:46:31.548 I/UsageStatsService( 2872): Time changed in UsageStats by 5 seconds
05-23 14:46:31.548 I/UsageStatsService( 2872): User[0] Flushing usage stats to disk
05-23 14:46:31.700 D/StorageNotification( 3623): Notifying about private volume: VolumeInfo{private}:
05-23 14:46:31.700 D/StorageNotification( 3623):     type=PRIVATE diskId=null partGuid=null mountFlags=0 mountUserId=-1 
05-23 14:46:31.700 D/StorageNotification( 3623):     state=MOUNTED 
05-23 14:46:31.700 D/StorageNotification( 3623):     fsType=null fsUuid=null fsLabel=null 
05-23 14:46:31.700 D/StorageNotification( 3623):     path=/data internalPath=null 
05-23 14:46:31.707 D/StorageNotification( 3623): Notifying about public volume: VolumeInfo{public:253,48}:
05-23 14:46:31.707 D/StorageNotification( 3623):     type=PUBLIC diskId=disk:253,48 partGuid=null mountFlags=VISIBLE 
05-23 14:46:31.707 D/StorageNotification( 3623):     mountUserId=0 state=MOUNTED 
05-23 14:46:31.707 D/StorageNotification( 3623):     fsType=vfat fsUuid=1EFF-1C1B fsLabel=SDCARD 
05-23 14:46:31.707 D/StorageNotification( 3623):     path=/storage/1EFF-1C1B internalPath=/mnt/media_rw/1EFF-1C1B 
05-23 14:46:31.813 V/KeyguardServiceDelegate( 2872): *** Keyguard connected (yay!)
05-23 14:46:30.696 W/ifconfig( 3696): type=1400 audit(0.0:13): avc: denied { ioctl } for path="socket:[15249]" dev="sockfs" ino=15249 ioctlcmd=8927 scontext=u:r:shell:s0 tcontext=u:r:shell:s0 tclass=udp_socket permissive=0
05-23 14:46:30.736 W/ifconfig( 3696): type=1400 audit(0.0:14): avc: denied { ioctl } for path="socket:[15249]" dev="sockfs" ino=15249 ioctlcmd=891d scontext=u:r:shell:s0 tcontext=u:r:shell:s0 tclass=udp_socket permissive=0
05-23 14:46:30.736 W/ifconfig( 3696): type=1400 audit(0.0:15): avc: denied { ioctl } for path="socket:[15249]" dev="sockfs" ino=15249 ioctlcmd=8970 scontext=u:r:shell:s0 tcontext=u:r:shell:s0 tclass=udp_socket permissive=0
05-23 14:46:31.950 D/LockSettings( 2872): Removing dead StrongAuthTracker.
05-23 14:46:32.149 I/UsageStatsDatabase( 2872): Time changed by +5s682ms. files deleted: 0 files moved: 6
05-23 14:46:32.302 I/StatusBarManagerService( 2872): registerStatusBar bar=com.android.internal.statusbar.IStatusBar$Stub$Proxy@386c722
05-23 14:46:32.344 W/art     ( 2872): Long monitor contention with owner android.display (2931) at void com.android.server.wm.WindowAnimator$1.doFrame(long)(WindowAnimator.java:144) waiters=0 in void com.android.server.wm.WindowManagerService.setDockedStackDividerTouchRegion(android.graphics.Rect) for 153ms
05-23 14:46:32.842 I/UsageStatsService( 2872): User[0] Rollover scheduled @ 2021-05-24 14:44:58(1621867498743)
05-23 14:46:33.285 I/SyncManager( 2872): Got SyncJobService instance.
05-23 14:46:33.294 I/FusedLocation( 2872): engine started (com.android.location.fused)
05-23 14:46:33.676 I/AlarmClock( 3600): AlarmInitReceiver android.intent.action.TIME_SET
05-23 14:46:33.714 I/ContactLocale( 3520): AddressBook Labels [[en_US]]: [â€¦, A, B, C, D, E, F, G, H, I, J, K, L, M, N, O, P, Q, R, S, T, U, V, W, X, Y, Z, Î‘, Î’, Î“, Î”, Î•, Î–, Î—, Î˜, Î™, Îš, Î›, Îœ, Î, Îž, ÎŸ, Î , Î¡, Î£, Î¤, Î¥, Î¦, Î§, Î¨, Î©, â€¦, Ð, Ð‘, Ð’, Ð“, Ð”, Ð‚, Ð•, Ð„, Ð–, Ð—, Ð˜, Ð†, Ð™, Ðˆ, Ðš, Ð›, Ð‰, Ðœ, Ð, ÐŠ, Ðž, ÐŸ, Ð , Ð¡, Ð¢, Ð‹, Ð£, Ð¤, Ð¥, Ð¦, Ð§, Ð, Ð¨, Ð©, Ð®, Ð¯, â€¦, ×, ×‘, ×’, ×“, ×”, ×•, ×–, ×—, ×˜, ×™, ×›, ×œ, ×ž, × , ×¡, ×¢, ×¤, ×¦, ×§, ×¨, ×©, ×ª, â€¦, Ø§, Ø¨, Øª, Ø«, Ø¬, Ø­, Ø®, Ø¯, Ø°, Ø±, Ø², Ø³, Ø´, Øµ, Ø¶, Ø·, Ø¸, Ø¹, Øº, Ù, Ù‚, Ùƒ, Ù„, Ù…, Ù†, Ù‡, Ùˆ, ÙŠ, â€¦, à¸, à¸‚, à¸ƒ, à¸„, à¸…, à¸†, à¸‡, à¸ˆ, à¸‰, à¸Š, à¸‹, à¸Œ, à¸, à¸Ž, à¸, à¸, à¸‘, à¸’, à¸“, à¸”, à¸•, à¸–, à¸—, à¸˜, à¸™, à¸š, à¸›, à¸œ, à¸, à¸ž, à¸Ÿ, à¸ , à¸¡, à¸¢, à¸£, à¸¤, à¸¥, à¸¦, à¸§, à¸¨, à¸©, à¸ª, à¸«, à¸¬, à¸­, à¸®, â€¦, ã„±, ã„´, ã„·, ã„¹, ã…, ã…‚, ã……, ã…‡, ã…ˆ, ã…Š, ã…‹, ã…Œ, ã…, ã…Ž, â€¦, ã‚, ã‹, ã•, ãŸ, ãª, ã¯, ã¾, ã‚„, ã‚‰, ã‚, #, â€¦]
05-23 14:46:33.974 I/art     ( 3623): Background sticky concurrent mark sweep GC freed 16363(2MB) AllocSpace objects, 2(40KB) LOS objects, 27% free, 7MB/10MB, paused 12.365ms total 235.403ms
05-23 14:46:34.318 E/NetdConnector( 2872): NDC Command {18 firewall disable_chain standby} took too long (565ms)
05-23 14:46:34.399 W/System  ( 3623): ClassLoader referenced unknown path: 
05-23 14:46:34.400 W/System  ( 3623): ClassLoader referenced unknown path: /system/priv-app/Dialer/lib/x86_64
05-23 14:46:34.424 D/ApplicationLoaders( 3623): ignored Vulkan layer search path /system/priv-app/Dialer/lib/x86_64:/system/lib64:/vendor/lib64 for namespace 0x74dcb04420f0
05-23 14:46:34.652 D/WIFI    ( 2872): Registering NetworkFactory
05-23 14:46:34.651 E/BluetoothAdapter( 3623): Bluetooth binder is null
05-23 14:46:34.670 I/AlarmClock( 3600): AlarmInitReceiver android.intent.action.LOCKED_BOOT_COMPLETED
05-23 14:46:34.683 D/WIFI_UT ( 2872): Registering NetworkFactory
05-23 14:46:34.688 V/AlarmClock( 3600): AlarmInitReceiver finished
05-23 14:46:34.693 D/ConnectivityService( 2872): Got NetworkFactory Messenger for WIFI
05-23 14:46:34.693 D/ConnectivityService( 2872): Got NetworkFactory Messenger for WIFI_UT
05-23 14:46:34.704 D/WIFI    ( 2872): got request NetworkRequest [ REQUEST id=1, [ Capabilities: INTERNET&NOT_RESTRICTED&TRUSTED&NOT_VPN] ] with score 0
05-23 14:46:34.704 D/WIFI_UT ( 2872): got request NetworkRequest [ REQUEST id=1, [ Capabilities: INTERNET&NOT_RESTRICTED&TRUSTED&NOT_VPN] ] with score 0
05-23 14:46:34.745 I/CameraManagerGlobal( 3623): Connecting to camera service
05-23 14:46:34.776 V/EmulatedCamera_Camera( 1325): getCameraInfo
05-23 14:46:34.777 V/EmulatedCamera_BaseCamera( 1325): getCameraInfo
05-23 14:46:34.778 I/CameraService( 1325): getCameraCharacteristics: Switching to HAL1 shim implementation...
05-23 14:46:34.778 V/EmulatedCamera_Camera( 1325): getCameraInfo
05-23 14:46:34.778 V/EmulatedCamera_BaseCamera( 1325): getCameraInfo
05-23 14:46:34.795 V/EmulatedCamera_Camera( 1325): getCameraInfo
05-23 14:46:34.795 V/EmulatedCamera_BaseCamera( 1325): getCameraInfo
05-23 14:46:34.798 V/EmulatedCamera_Camera( 1325): getCameraInfo
05-23 14:46:34.798 V/EmulatedCamera_BaseCamera( 1325): getCameraInfo
05-23 14:46:34.808 I/art     ( 2872): Background sticky concurrent mark sweep GC freed 26072(2MB) AllocSpace objects, 18(632KB) LOS objects, 26% free, 10MB/13MB, paused 4.107ms total 330.400ms
05-23 14:46:34.902 D/AlarmClock/Events( 3600): [Stopwatch] [Reset] [Reboot]
05-23 14:46:34.907 I/StatusBar( 3623): isKeyguardShowing() called before startKeyguard(), returning true
05-23 14:46:34.909 W/StatusBar( 3623): isKeyguardSecure() called before startKeyguard(), returning false
05-23 14:46:34.909 W/StatusBar( 3623): java.lang.Throwable
05-23 14:46:34.909 W/StatusBar( 3623): 	at com.android.systemui.statusbar.BaseStatusBar.isKeyguardSecure(BaseStatusBar.java:2647)
05-23 14:46:34.909 W/StatusBar( 3623): 	at com.android.systemui.statusbar.BaseStatusBar.isCameraAllowedByAdmin(BaseStatusBar.java:2670)
05-23 14:46:34.909 W/StatusBar( 3623): 	at com.android.systemui.statusbar.phone.KeyguardBottomAreaView.updateCameraVisibility(KeyguardBottomAreaView.java:309)
05-23 14:46:34.909 W/StatusBar( 3623): 	at com.android.systemui.statusbar.phone.KeyguardBottomAreaView.setPhoneStatusBar(KeyguardBottomAreaView.java:272)
05-23 14:46:34.909 W/StatusBar( 3623): 	at com.android.systemui.statusbar.phone.PhoneStatusBar.makeStatusBarView(PhoneStatusBar.java:904)
05-23 14:46:34.909 W/StatusBar( 3623): 	at com.android.systemui.statusbar.phone.PhoneStatusBar.addStatusBarWindow(PhoneStatusBar.java:3432)
05-23 14:46:34.909 W/StatusBar( 3623): 	at com.android.systemui.statusbar.phone.PhoneStatusBar.createAndAddWindows(PhoneStatusBar.java:3428)
05-23 14:46:34.909 W/StatusBar( 3623): 	at com.android.systemui.statusbar.BaseStatusBar.start(BaseStatusBar.java:765)
05-23 14:46:34.909 W/StatusBar( 3623): 	at com.android.systemui.statusbar.phone.PhoneStatusBar.start(PhoneStatusBar.java:686)
05-23 14:46:34.909 W/StatusBar( 3623): 	at com.android.systemui.statusbar.SystemBars.createStatusBarFromConfig(SystemBars.java:106)
05-23 14:46:34.909 W/StatusBar( 3623): 	at com.android.systemui.statusbar.SystemBars.onNoService(SystemBars.java:58)
05-23 14:46:34.909 W/StatusBar( 3623): 	at com.android.systemui.statusbar.ServiceMonitor.startService(ServiceMonitor.java:230)
05-23 14:46:34.909 W/StatusBar( 3623): 	at com.android.systemui.statusbar.ServiceMonitor.-wrap5(ServiceMonitor.java)
05-23 14:46:34.909 W/StatusBar( 3623): 	at com.android.systemui.statusbar.ServiceMonitor$1.handleMessage(ServiceMonitor.java:73)
05-23 14:46:34.909 W/StatusBar( 3623): 	at android.os.Handler.dispatchMessage(Handler.java:102)
05-23 14:46:34.909 W/StatusBar( 3623): 	at android.os.Looper.loop(Looper.java:154)
05-23 14:46:34.909 W/StatusBar( 3623): 	at android.app.ActivityThread.main(ActivityThread.java:6119)
05-23 14:46:34.909 W/StatusBar( 3623): 	at java.lang.reflect.Method.invoke(Native Method)
05-23 14:46:34.909 W/StatusBar( 3623): 	at com.android.internal.os.ZygoteInit$MethodAndArgsCaller.run(ZygoteInit.java:886)
05-23 14:46:34.909 W/StatusBar( 3623): 	at com.android.internal.os.ZygoteInit.main(ZygoteInit.java:776)
05-23 14:46:34.915 I/StatusBar( 3623): isKeyguardShowing() called before startKeyguard(), returning true
05-23 14:46:34.917 W/StatusBar( 3623): isKeyguardSecure() called before startKeyguard(), returning false
05-23 14:46:34.917 W/StatusBar( 3623): java.lang.Throwable
05-23 14:46:34.917 W/StatusBar( 3623): 	at com.android.systemui.statusbar.BaseStatusBar.isKeyguardSecure(BaseStatusBar.java:2647)
05-23 14:46:34.917 W/StatusBar( 3623): 	at com.android.systemui.statusbar.BaseStatusBar.isCameraAllowedByAdmin(BaseStatusBar.java:2670)
05-23 14:46:34.917 W/StatusBar( 3623): 	at com.android.systemui.statusbar.phone.KeyguardBottomAreaView.updateCameraVisibility(KeyguardBottomAreaView.java:309)
05-23 14:46:34.917 W/StatusBar( 3623): 	at com.android.systemui.statusbar.phone.KeyguardBottomAreaView.setUserSetupComplete(KeyguardBottomAreaView.java:281)
05-23 14:46:34.917 W/StatusBar( 3623): 	at com.android.systemui.statusbar.phone.PhoneStatusBar.makeStatusBarView(PhoneStatusBar.java:905)
05-23 14:46:34.917 W/StatusBar( 3623): 	at com.android.systemui.statusbar.phone.PhoneStatusBar.addStatusBarWindow(PhoneStatusBar.java:3432)
05-23 14:46:34.917 W/StatusBar( 3623): 	at com.android.systemui.statusbar.phone.PhoneStatusBar.createAndAddWindows(PhoneStatusBar.java:3428)
