05-23 14:46:34.917 W/StatusBar( 3623): 	at com.android.systemui.statusbar.BaseStatusBar.start(BaseStatusBar.java:765)
05-23 14:46:34.917 W/StatusBar( 3623): 	at com.android.systemui.statusbar.phone.PhoneStatusBar.start(PhoneStatusBar.java:686)
05-23 14:46:34.917 W/StatusBar( 3623): 	at com.android.systemui.statusbar.SystemBars.createStatusBarFromConfig(SystemBars.java:106)
05-23 14:46:34.917 W/StatusBar( 3623): 	at com.android.systemui.statusbar.SystemBars.onNoService(SystemBars.java:58)
05-23 14:46:34.917 W/StatusBar( 3623): 	at com.android.systemui.statusbar.ServiceMonitor.startService(ServiceMonitor.java:230)
05-23 14:46:34.917 W/StatusBar( 3623): 	at com.android.systemui.statusbar.ServiceMonitor.-wrap5(ServiceMonitor.java)
05-23 14:46:34.917 W/StatusBar( 3623): 	at com.android.systemui.statusbar.ServiceMonitor$1.handleMessage(ServiceMonitor.java:73)
05-23 14:46:34.917 W/StatusBar( 3623): 	at android.os.Handler.dispatchMessage(Handler.java:102)
05-23 14:46:34.917 W/StatusBar( 3623): 	at android.os.Looper.loop(Looper.java:154)
05-23 14:46:34.917 W/StatusBar( 3623): 	at android.app.ActivityThread.main(ActivityThread.java:6119)
05-23 14:46:34.917 W/StatusBar( 3623): 	at java.lang.reflect.Method.invoke(Native Method)
05-23 14:46:34.917 W/StatusBar( 3623): 	at com.android.internal.os.ZygoteInit$MethodAndArgsCaller.run(ZygoteInit.java:886)
05-23 14:46:34.917 W/StatusBar( 3623): 	at com.android.internal.os.ZygoteInit.main(ZygoteInit.java:776)
05-23 14:46:35.043 V/AlarmClock( 3600): AlarmInitReceiver finished
05-23 14:46:35.076 W/ActivityManager( 2872): Slow operation: 68ms so far, now at startProcess: returned from zygote!
05-23 14:46:35.076 W/ActivityManager( 2872): Slow operation: 69ms so far, now at startProcess: done updating battery stats
05-23 14:46:35.077 W/ActivityManager( 2872): Slow operation: 70ms so far, now at startProcess: building log message
05-23 14:46:35.077 I/ActivityManager( 2872): Start proc 3718:android.process.media/u0a10 for broadcast com.android.providers.downloads/.DownloadReceiver
05-23 14:46:35.077 W/ActivityManager( 2872): Slow operation: 70ms so far, now at startProcess: starting to update pids map
05-23 14:46:35.077 W/ActivityManager( 2872): Slow operation: 70ms so far, now at startProcess: done updating pids map
05-23 14:46:35.077 W/ActivityManager( 2872): Slow operation: 72ms so far, now at startProcess: done starting proc!
05-23 14:46:35.110 W/art     ( 3718): Unexpected CPU variant for X86 using defaults: x86_64
05-23 14:46:35.359 V/EmulatedCamera_Camera( 1325): getCameraInfo
05-23 14:46:35.359 V/EmulatedCamera_BaseCamera( 1325): getCameraInfo
05-23 14:46:35.362 V/EmulatedCamera_Camera( 1325): getCameraInfo
05-23 14:46:35.362 V/EmulatedCamera_BaseCamera( 1325): getCameraInfo
05-23 14:46:35.480 I/ActivityManager( 2872): Start proc 3735:com.android.printspooler/u0a51 for service com.android.printspooler/.model.PrintSpoolerService
05-23 14:46:35.500 W/art     ( 3735): Unexpected CPU variant for X86 using defaults: x86_64
05-23 14:46:35.553 W/System  ( 3718): ClassLoader referenced unknown path: /system/priv-app/DownloadProvider/lib/x86_64
05-23 14:46:35.776 I/StatusBar( 3623): isKeyguardShowing() called before startKeyguard(), returning true
05-23 14:46:35.777 W/StatusBar( 3623): isKeyguardSecure() called before startKeyguard(), returning false
05-23 14:46:35.777 W/StatusBar( 3623): java.lang.Throwable
05-23 14:46:35.777 W/StatusBar( 3623): 	at com.android.systemui.statusbar.BaseStatusBar.isKeyguardSecure(BaseStatusBar.java:2647)
05-23 14:46:35.777 W/StatusBar( 3623): 	at com.android.systemui.statusbar.BaseStatusBar.isCameraAllowedByAdmin(BaseStatusBar.java:2670)
05-23 14:46:35.777 W/StatusBar( 3623): 	at com.android.systemui.statusbar.phone.KeyguardBottomAreaView.updateCameraVisibility(KeyguardBottomAreaView.java:309)
05-23 14:46:35.777 W/StatusBar( 3623): 	at com.android.systemui.statusbar.phone.KeyguardBottomAreaView.setUserSetupComplete(KeyguardBottomAreaView.java:281)
05-23 14:46:35.777 W/StatusBar( 3623): 	at com.android.systemui.statusbar.phone.PhoneStatusBar$1.onChange(PhoneStatusBar.java:441)
05-23 14:46:35.777 W/StatusBar( 3623): 	at com.android.systemui.statusbar.phone.PhoneStatusBar.resetUserSetupObserver(PhoneStatusBar.java:3676)
05-23 14:46:35.777 W/StatusBar( 3623): 	at com.android.systemui.statusbar.phone.PhoneStatusBar.makeStatusBarView(PhoneStatusBar.java:1008)
05-23 14:46:35.777 W/StatusBar( 3623): 	at com.android.systemui.statusbar.phone.PhoneStatusBar.addStatusBarWindow(PhoneStatusBar.java:3432)
05-23 14:46:35.777 W/StatusBar( 3623): 	at com.android.systemui.statusbar.phone.PhoneStatusBar.createAndAddWindows(PhoneStatusBar.java:3428)
05-23 14:46:35.777 W/StatusBar( 3623): 	at com.android.systemui.statusbar.BaseStatusBar.start(BaseStatusBar.java:765)
05-23 14:46:35.777 W/StatusBar( 3623): 	at com.android.systemui.statusbar.phone.PhoneStatusBar.start(PhoneStatusBar.java:686)
05-23 14:46:35.777 W/StatusBar( 3623): 	at com.android.systemui.statusbar.SystemBars.createStatusBarFromConfig(SystemBars.java:106)
05-23 14:46:35.777 W/StatusBar( 3623): 	at com.android.systemui.statusbar.SystemBars.onNoService(SystemBars.java:58)
05-23 14:46:35.777 W/StatusBar( 3623): 	at com.android.systemui.statusbar.ServiceMonitor.startService(ServiceMonitor.java:230)
05-23 14:46:35.777 W/StatusBar( 3623): 	at com.android.systemui.statusbar.ServiceMonitor.-wrap5(ServiceMonitor.java)
05-23 14:46:35.777 W/StatusBar( 3623): 	at com.android.systemui.statusbar.ServiceMonitor$1.handleMessage(ServiceMonitor.java:73)
05-23 14:46:35.777 W/StatusBar( 3623): 	at android.os.Handler.dispatchMessage(Handler.java:102)
05-23 14:46:35.777 W/StatusBar( 3623): 	at android.os.Looper.loop(Looper.java:154)
05-23 14:46:35.777 W/StatusBar( 3623): 	at android.app.ActivityThread.main(ActivityThread.java:6119)
05-23 14:46:35.777 W/StatusBar( 3623): 	at java.lang.reflect.Method.invoke(Native Method)
05-23 14:46:35.777 W/StatusBar( 3623): 	at com.android.internal.os.ZygoteInit$MethodAndArgsCaller.run(ZygoteInit.java:886)
05-23 14:46:35.777 W/StatusBar( 3623): 	at com.android.internal.os.ZygoteInit.main(ZygoteInit.java:776)
05-23 14:46:35.802 W/System  ( 3718): ClassLoader referenced unknown path: /system/priv-app/MediaProvider/lib/x86_64
05-23 14:46:35.838 D/ApplicationLoaders( 3718): ignored Vulkan layer search path /system/priv-app/MediaProvider/lib/x86_64:/system/priv-app/MediaProvider/MediaProvider.apk!/lib/x86_64:/system/lib64:/vendor/lib64 for namespace 0x74dcb02df0f0
05-23 14:46:35.843 E/SurfaceFlinger( 1319): ro.sf.lcd_density must be defined as a build property
05-23 14:46:35.847 D/OpenGLRenderer( 3623): profile bars disabled
05-23 14:46:35.849 D/OpenGLRenderer( 3623): ambientRatio = 1.50
05-23 14:46:35.881 D/PhoneStatusBar( 3623): disable: < EXPAND* icons alerts system_info BACK* HOME* RECENT* clock SEARCH* quick_settings >
05-23 14:46:36.156 D/PhoneStatusBar( 3623): heads up is enabled
05-23 14:46:36.230 W/KeyguardUpdateMonitor( 3623): invalid subId in handleSimStateChange()
05-23 14:46:36.614 W/ActivityManager( 2872): Slow operation: 229ms so far, now at getContentProviderImpl: before updateLruProcess
05-23 14:46:36.614 W/ActivityManager( 2872): Slow operation: 229ms so far, now at getContentProviderImpl: after updateLruProcess
05-23 14:46:36.614 W/ActivityManager( 2872): Slow operation: 229ms so far, now at getContentProviderImpl: before updateOomAdj
05-23 14:46:36.622 W/ActivityManager( 2872): Slow operation: 237ms so far, now at getContentProviderImpl: after updateOomAdj
05-23 14:46:36.631 W/ActivityManager( 2872): Slow operation: 246ms so far, now at getContentProviderImpl: done!
05-23 14:46:36.852 W/art     ( 2872): Long monitor contention with owner Binder:2872_4 (3170) at int com.android.server.wm.WindowManagerService.relayoutWindow(com.android.server.wm.Session, android.view.IWindow, int, android.view.WindowManager$LayoutParams, int, int, int, int, android.graphics.Rect, android.graphics.Rect, android.graphics.Rect, android.graphics.Rect, android.graphics.Rect, android.graphics.Rect, android.graphics.Rect, android.content.res.Configuration, android.view.Surface)(WindowManagerService.java:2857) waiters=0 in void com.android.server.wm.WindowManagerService$H.handleMessage(android.os.Message) for 507ms
05-23 14:46:37.072 W/art     ( 2872): Long monitor contention with owner Binder:2872_A (3619) at int com.android.server.wm.WindowManagerService.relayoutWindow(com.android.server.wm.Session, android.view.IWindow, int, android.view.WindowManager$LayoutParams, int, int, int, int, android.graphics.Rect, android.graphics.Rect, android.graphics.Rect, android.graphics.Rect, android.graphics.Rect, android.graphics.Rect, android.graphics.Rect, android.content.res.Configuration, android.view.Surface)(WindowManagerService.java:2857) waiters=1 in void com.android.server.wm.WindowManagerService.getInitialDisplaySize(int, android.graphics.Point) for 174ms
05-23 14:46:37.093 W/art     ( 2872): Long monitor contention with owner Binder:2872_A (3619) at int com.android.server.wm.WindowManagerService.relayoutWindow(com.android.server.wm.Session, android.view.IWindow, int, android.view.WindowManager$LayoutParams, int, int, int, int, android.graphics.Rect, android.graphics.Rect, android.graphics.Rect, android.graphics.Rect, android.graphics.Rect, android.graphics.Rect, android.graphics.Rect, android.content.res.Configuration, android.view.Surface)(WindowManagerService.java:2857) waiters=2 in void com.android.server.wm.WindowManagerService.finishDrawingWindow(com.android.server.wm.Session, android.view.IWindow) for 194ms
05-23 14:46:37.266 W/art     ( 2872): Long monitor contention with owner android.display (2931) at void com.android.server.wm.WindowAnimator$1.doFrame(long)(WindowAnimator.java:144) waiters=1 in void com.android.server.wm.WindowManagerService.finishDrawingWindow(com.android.server.wm.Session, android.view.IWindow) for 171ms
05-23 14:46:37.291 I/art     ( 3623): Background partial concurrent mark sweep GC freed 9367(1298KB) AllocSpace objects, 4(84KB) LOS objects, 23% free, 12MB/16MB, paused 760us total 848.663ms
05-23 14:46:37.607 W/art     ( 2872): Long monitor contention with owner android.bg (2916) at void com.android.server.pm.ShortcutService.saveDirtyInfo()(ShortcutService.java:1040) waiters=0 in void com.android.server.pm.ShortcutService.handleOnUidStateChanged(int, int) for 975ms
05-23 14:46:37.706 W/art     ( 2872): Long monitor contention with owner android.display (2931) at void com.android.server.wm.WindowAnimator$1.doFrame(long)(WindowAnimator.java:144) waiters=1 in void com.android.server.wm.WindowManagerService.finishDrawingWindow(com.android.server.wm.Session, android.view.IWindow) for 440ms
05-23 14:46:37.986 W/art     ( 2872): Long monitor contention with owner android.display (2931) at void com.android.server.wm.WindowAnimator$1.doFrame(long)(WindowAnimator.java:144) waiters=1 in void com.android.server.wm.WindowManagerService.getInitialDisplaySize(int, android.graphics.Point) for 475ms
05-23 14:46:38.171 D/MediaScannerReceiver( 3718): action: android.intent.action.MEDIA_MOUNTED path: /storage/1EFF-1C1B
05-23 14:46:38.308 W/art     ( 2872): Long monitor contention with owner android.display (2931) at void com.android.server.wm.WindowAnimator$1.doFrame(long)(WindowAnimator.java:144) waiters=2 in void com.android.server.wm.WindowManagerService.monitor() for 787ms
05-23 14:46:38.309 W/art     ( 2872): Long monitor contention with owner android.display (2931) at void com.android.server.wm.WindowAnimator$1.doFrame(long)(WindowAnimator.java:144) waiters=3 in int com.android.server.wm.WindowManagerService.relayoutWindow(com.android.server.wm.Session, android.view.IWindow, int, android.view.WindowManager$LayoutParams, int, int, int, int, android.graphics.Rect, android.graphics.Rect, android.graphics.Rect, android.graphics.Rect, android.graphics.Rect, android.graphics.Rect, android.graphics.Rect, android.content.res.Configuration, android.view.Surface) for 611ms
05-23 14:46:38.586 D/MediaScannerReceiver( 3718): action: android.intent.action.MEDIA_MOUNTED path: /storage/emulated/0
05-23 14:46:38.619 W/art     ( 2872): Long monitor contention with owner android.display (2931) at void com.android.server.wm.WindowAnimator$1.doFrame(long)(WindowAnimator.java:144) waiters=3 in void com.android.server.wm.WindowManagerService.finishDrawingWindow(com.android.server.wm.Session, android.view.IWindow) for 912ms
05-23 14:46:38.620 W/art     ( 2872): Long monitor contention with owner android.display (2931) at void com.android.server.wm.WindowManagerService$H.handleMessage(android.os.Message)(WindowManagerService.java:8368) waiters=3 in void com.android.server.wm.WindowManagerService.getInitialDisplaySize(int, android.graphics.Point) for 633ms
05-23 14:46:38.626 W/art     ( 2872): Long monitor contention with owner android.ui (2918) at int com.android.server.wm.WindowManagerService.relayoutWindow(com.android.server.wm.Session, android.view.IWindow, int, android.view.WindowManager$LayoutParams, int, int, int, int, android.graphics.Rect, android.graphics.Rect, android.graphics.Rect, android.graphics.Rect, android.graphics.Rect, android.graphics.Rect, android.graphics.Rect, android.content.res.Configuration, android.view.Surface)(WindowManagerService.java:2857) waiters=2 in void com.android.server.wm.WindowManagerService$H.handleMessage(android.os.Message) for 299ms
05-23 14:46:39.073 V/KeyguardServiceDelegate( 2872): **** SHOWN CALLED ****
05-23 14:46:39.151 I/Choreographer( 3623): Skipped 280 frames!  The application may be doing too much work on its main thread.
05-23 14:46:39.256 D/ViewRootImpl[StatusBar]( 3623): changeCanvasOpacity: opaque=true
05-23 14:46:39.380 W/art     ( 2872): Long monitor contention with owner android.display (2931) at void com.android.server.wm.WindowManagerService$H.handleMessage(android.os.Message)(WindowManagerService.java:8368) waiters=0 in int com.android.server.wm.WindowManagerService.relayoutWindow(com.android.server.wm.Session, android.view.IWindow, int, android.view.WindowManager$LayoutParams, int, int, int, int, android.graphics.Rect, android.graphics.Rect, android.graphics.Rect, android.graphics.Rect, android.graphics.Rect, android.graphics.Rect, android.graphics.Rect, android.content.res.Configuration, android.view.Surface) for 126ms
05-23 14:46:39.421 W/Binder  ( 3623): Binder call failed.
05-23 14:46:39.421 W/Binder  ( 3623): android.os.DeadObjectException
05-23 14:46:39.421 W/Binder  ( 3623): 	at android.os.BinderProxy.transactNative(Native Method)
05-23 14:46:39.421 W/Binder  ( 3623): 	at android.os.BinderProxy.transact(Binder.java:615)
05-23 14:46:39.421 W/Binder  ( 3623): 	at android.content.IIntentReceiver$Stub$Proxy.performReceive(IIntentReceiver.java:124)
05-23 14:46:39.421 W/Binder  ( 3623): 	at android.app.ActivityThread$ApplicationThread.scheduleRegisteredReceiver(ActivityThread.java:946)
05-23 14:46:39.421 W/Binder  ( 3623): 	at android.app.ApplicationThreadNative.onTransact(ApplicationThreadNative.java:404)
05-23 14:46:39.421 W/Binder  ( 3623): 	at android.os.Binder.execTransact(Binder.java:565)
05-23 14:46:39.790 W/art     ( 2872): Long monitor contention with owner android.ui (2918) at int com.android.server.wm.WindowManagerService.relayoutWindow(com.android.server.wm.Session, android.view.IWindow, int, android.view.WindowManager$LayoutParams, int, int, int, int, android.graphics.Rect, android.graphics.Rect, android.graphics.Rect, android.graphics.Rect, android.graphics.Rect, android.graphics.Rect, android.graphics.Rect, android.content.res.Configuration, android.view.Surface)(WindowManagerService.java:2857) waiters=0 in void com.android.server.wm.WindowAnimator$1.doFrame(long) for 217ms
05-23 14:46:41.616 W/art     ( 2872): Long monitor contention with owner Binder:2872_9 (3575) at int com.android.server.wm.WindowManagerService.relayoutWindow(com.android.server.wm.Session, android.view.IWindow, int, android.view.WindowManager$LayoutParams, int, int, int, int, android.graphics.Rect, android.graphics.Rect, android.graphics.Rect, android.graphics.Rect, android.graphics.Rect, android.graphics.Rect, android.graphics.Rect, android.content.res.Configuration, android.view.Surface)(WindowManagerService.java:2857) waiters=0 in void com.android.server.wm.WindowManagerService$H.handleMessage(android.os.Message) for 452ms
05-23 14:46:42.010 V/MediaScanner( 3718): pruneDeadThumbnailFiles... android.content.ContentProviderClient$CursorWrapperInner@38264bd
05-23 14:46:42.015 V/MediaScanner( 3718): /pruneDeadThumbnailFiles... android.content.ContentProviderClient$CursorWrapperInner@38264bd
05-23 14:46:42.541 D/WifiService( 2872): New client listening to asynchronous messages
05-23 14:46:43.596 V/MediaScanner( 3718): pruneDeadThumbnailFiles... android.content.ContentProviderClient$CursorWrapperInner@ff689f3
05-23 14:46:43.597 V/MediaScanner( 3718): /pruneDeadThumbnailFiles... android.content.ContentProviderClient$CursorWrapperInner@ff689f3
05-23 14:46:43.647 D/gralloc_ranchu( 3623): Emulator without host-side GPU emulation detected. Loading gralloc.default.so from /vendor/lib64/hw/gralloc.goldfish.default.so...
05-23 14:46:43.651 D/gralloc_ranchu( 3623): gralloc.default.so not found in /vendor. Trying /system/lib64/hw/gralloc.goldfish.default.so...
05-23 14:46:43.773 I/Choreographer( 3623): Skipped 274 frames!  The application may be doing too much work on its main thread.
05-23 14:46:44.191 W/art     ( 2872): Long monitor contention with owner android.display (2931) at void com.android.server.wm.WindowManagerService$H.handleMessage(android.os.Message)(WindowManagerService.java:8368) waiters=0 in void com.android.server.wm.WindowManagerService.finishDrawingWindow(com.android.server.wm.Session, android.view.IWindow) for 129ms
05-23 14:46:44.599 D/PhoneStatusBar( 3623): disable: < expand* icons alerts system_info back* home* recent* clock search* quick_settings >
05-23 14:46:44.860 W/art     ( 2872): Long monitor contention with owner android.display (2931) at void com.android.server.wm.WindowManagerService$H.handleMessage(android.os.Message)(WindowManagerService.java:8368) waiters=0 in void com.android.server.wm.WindowManagerService.statusBarVisibilityChanged(int) for 262ms
05-23 14:46:44.975 W/art     ( 2872): Long monitor contention with owner android.display (2931) at void com.android.server.wm.WindowAnimator$1.doFrame(long)(WindowAnimator.java:144) waiters=1 in void com.android.server.wm.WindowManagerService.statusBarVisibilityChanged(int) for 115ms
05-23 14:46:45.322 I/art     ( 3623): Background partial concurrent mark sweep GC freed 3148(167KB) AllocSpace objects, 1(4MB) LOS objects, 23% free, 12MB/16MB, paused 702us total 101.103ms
05-23 14:46:45.512 I/Choreographer( 3623): Skipped 102 frames!  The application may be doing too much work on its main thread.
05-23 14:47:22.406 W//sbin/adbd( 2033): type=1400 audit(0.0:16): avc: denied { search } for comm=7365727669636520373531 name="security" dev="vdc" ino=35203 scontext=u:r:adbd:s0 tcontext=u:object_r:security_file:s0 tclass=dir permissive=0
05-23 14:47:39.412 W/BroadcastQueue( 2872): Timeout of broadcast BroadcastRecord{d5dfc95 u0 android.intent.action.BOOT_COMPLETED} - receiver=android.os.BinderProxy@fa0ae52, started 60001ms ago
05-23 14:47:39.414 W/BroadcastQueue( 2872): Receiver during timeout: BroadcastFilter{984ea20 u0 ReceiverList{1f36523 3097 com.android.systemui/10021/u0 remote:fa0ae52}}
05-23 14:47:39.419 W/Binder  ( 3623): Binder call failed.
05-23 14:47:39.419 W/Binder  ( 3623): android.os.DeadObjectException
05-23 14:47:39.419 W/Binder  ( 3623): 	at android.os.BinderProxy.transactNative(Native Method)
05-23 14:47:39.419 W/Binder  ( 3623): 	at android.os.BinderProxy.transact(Binder.java:615)
05-23 14:47:39.419 W/Binder  ( 3623): 	at android.content.IIntentReceiver$Stub$Proxy.performReceive(IIntentReceiver.java:124)
05-23 14:47:39.419 W/Binder  ( 3623): 	at android.app.ActivityThread$ApplicationThread.scheduleRegisteredReceiver(ActivityThread.java:946)
05-23 14:47:39.419 W/Binder  ( 3623): 	at android.app.ApplicationThreadNative.onTransact(ApplicationThreadNative.java:404)
05-23 14:47:39.419 W/Binder  ( 3623): 	at android.os.Binder.execTransact(Binder.java:565)
05-23 14:48:26.084 D/AndroidRuntime( 3769): >>>>>> START com.android.internal.os.RuntimeInit uid 2000 <<<<<<
05-23 14:48:26.106 D/AndroidRuntime( 3769): CheckJNI is ON
05-23 14:48:26.412 W/art     ( 3769): Unexpected CPU variant for X86 using defaults: x86_64
05-23 14:48:26.448 D/ICU     ( 3769): No timezone override file found: /data/misc/zoneinfo/current/icu/icu_tzdata.dat
05-23 14:48:26.604 E/memtrack( 3769): Couldn't load memtrack module (No such file or directory)
05-23 14:48:26.604 E/android.os.Debug( 3769): failed to load memtrack module: -2
05-23 14:48:26.610 I/Radio-JNI( 3769): register_android_hardware_Radio DONE
05-23 14:48:26.717 D/AndroidRuntime( 3769): Calling main entry com.android.commands.pm.Pm
05-23 14:48:26.800 I/        ( 1327): free_cache(132268024) avail 809512960
05-23 14:48:39.447 W/BroadcastQueue( 2872): Timeout of broadcast BroadcastRecord{d5dfc95 u0 android.intent.action.BOOT_COMPLETED} - receiver=android.os.BinderProxy@5371b50, started 60031ms ago
05-23 14:48:39.449 W/BroadcastQueue( 2872): Receiver during timeout: BroadcastFilter{519376f u0 ReceiverList{2a93149 3097 com.android.systemui/10021/u0 remote:5371b50}}
05-23 14:48:39.570 W/ActivityManager( 2872): Slow operation: 78ms so far, now at startProcess: returned from zygote!
05-23 14:48:39.571 W/ActivityManager( 2872): Slow operation: 79ms so far, now at startProcess: done updating battery stats
05-23 14:48:39.571 W/ActivityManager( 2872): Slow operation: 79ms so far, now at startProcess: building log message
05-23 14:48:39.572 I/ActivityManager( 2872): Start proc 3780:com.android.dialer/u0a8 for broadcast com.android.dialer/.calllog.CallLogReceiver
05-23 14:48:39.572 W/ActivityManager( 2872): Slow operation: 80ms so far, now at startProcess: starting to update pids map
05-23 14:48:39.572 W/ActivityManager( 2872): Slow operation: 80ms so far, now at startProcess: done updating pids map
05-23 14:48:39.572 W/ActivityManager( 2872): Slow operation: 98ms so far, now at startProcess: done starting proc!
05-23 14:48:39.596 W/art     ( 3780): Unexpected CPU variant for X86 using defaults: x86_64
05-23 14:48:39.634 I/RecoverySystem( 2872): No recovery log file
05-23 14:48:39.700 I/BootReceiver( 2872): Copying audit failures to DropBox
05-23 14:48:39.701 I/BootReceiver( 2872): Checking for fsck errors
05-23 14:48:40.018 W/System  ( 3780): ClassLoader referenced unknown path: /system/priv-app/Dialer/lib/x86_64
05-23 14:48:42.279 D/ExtensionsFactory( 3780): No custom extensions.
05-23 14:48:42.818 D/BlockedNumbersAuto( 3780): Not attempting auto-migrate: already checked once.
05-23 14:48:43.141 W/art     ( 3797): Unexpected CPU variant for X86 using defaults: x86_64
05-23 14:48:43.178 W/ActivityManager( 2872): Slow operation: 77ms so far, now at startProcess: returned from zygote!
05-23 14:48:43.178 W/ActivityManager( 2872): Slow operation: 77ms so far, now at startProcess: done updating battery stats
05-23 14:48:43.184 W/ActivityManager( 2872): Slow operation: 83ms so far, now at startProcess: building log message
05-23 14:48:43.184 I/ActivityManager( 2872): Start proc 3797:com.android.defcontainer/u0a7 for service com.android.defcontainer/.DefaultContainerService
05-23 14:48:43.184 W/ActivityManager( 2872): Slow operation: 83ms so far, now at startProcess: starting to update pids map
05-23 14:48:43.184 W/ActivityManager( 2872): Slow operation: 83ms so far, now at startProcess: done updating pids map
05-23 14:48:43.184 W/ActivityManager( 2872): Slow operation: 84ms so far, now at startProcess: done starting proc!
05-23 14:48:43.260 D/CarrierConfigLoader( 3339): mHandler: 13 phoneId: 0
05-23 14:48:43.260 D/CarrierConfigLoader( 3339): mHandler: 7 phoneId: 0
05-23 14:48:43.269 E/CarrierConfigLoader( 3339): Cannot restore config with null packageName or iccid.
05-23 14:48:43.269 D/CarrierConfigLoader( 3339): Binding to com.android.carrierconfig for phone 0
05-23 14:48:43.309 I/ActivityManager( 2872): Start proc 3812:com.android.calendar/u0a26 for broadcast com.android.calendar/.alerts.AlertReceiver
05-23 14:48:43.322 W/art     ( 3812): Unexpected CPU variant for X86 using defaults: x86_64
05-23 14:48:43.361 W/art     ( 3817): Unexpected CPU variant for X86 using defaults: x86_64
05-23 14:48:43.387 W/ActivityManager( 2872): Slow operation: 75ms so far, now at startProcess: returned from zygote!
05-23 14:48:43.387 W/ActivityManager( 2872): Slow operation: 75ms so far, now at startProcess: done updating battery stats
05-23 14:48:43.387 W/ActivityManager( 2872): Slow operation: 75ms so far, now at startProcess: building log message
05-23 14:48:43.388 I/ActivityManager( 2872): Start proc 3817:com.android.carrierconfig/u0a3 for service com.android.carrierconfig/.DefaultCarrierConfigService
05-23 14:48:43.388 W/ActivityManager( 2872): Slow operation: 76ms so far, now at startProcess: starting to update pids map
05-23 14:48:43.388 W/ActivityManager( 2872): Slow operation: 76ms so far, now at startProcess: done updating pids map
05-23 14:48:43.388 W/ActivityManager( 2872): Slow operation: 76ms so far, now at startProcess: done starting proc!
05-23 14:48:43.393 W/art     ( 2872): Long monitor contention with owner Binder:2872_8 (3537) at void com.android.server.am.BroadcastQueue.processNextBroadcast(boolean)(BroadcastQueue.java:760) waiters=1 in void com.android.server.am.ActivityManagerService.dispatchUidsChanged() for 119ms
05-23 14:48:43.598 W/System  ( 3817): ClassLoader referenced unknown path: /system/priv-app/CarrierConfig/lib/x86_64
05-23 14:48:43.645 D/DefaultCarrierConfigService( 3817): Service created
05-23 14:48:43.651 D/CarrierConfigLoader( 3339): Connected to config app: com.android.carrierconfig/com.android.carrierconfig.DefaultCarrierConfigService
05-23 14:48:43.651 D/CarrierConfigLoader( 3339): mHandler: 3 phoneId: 0
05-23 14:48:43.656 D/DefaultCarrierConfigService( 3817): Config being fetched
05-23 14:48:43.659 D/DefaultCarrierConfigService( 3817): java.io.FileNotFoundException: carrier_config_.xml
05-23 14:48:43.690 E/CarrierConfigLoader( 3339): Cannot save config with null packageName or iccid.
05-23 14:48:43.699 D/CarrierConfigLoader( 3339): mHandler: 5 phoneId: 0
05-23 14:48:43.702 E/PhoneInterfaceManager( 3339): [PhoneIntfMgr] getCarrierPackageNamesForIntent: No UICC
05-23 14:48:43.732 I/Telecom ( 2872): PhoneAccountRegistrar: SimCallManager queried, returning: null: TSI.gSCMFU@AAg
05-23 14:48:43.830 W/CountryDetector( 3780): No location permissions, not registering for location updates.
05-23 14:48:44.118 W/System  ( 3812): ClassLoader referenced unknown path: /system/app/Calendar/lib/x86_64
05-23 14:48:44.375 D/ExtensionsFactory( 3812): No custom extensions.
05-23 14:48:44.396 D/AlertReceiver( 3812): onReceive: a=android.intent.action.BOOT_COMPLETED Intent { act=android.intent.action.BOOT_COMPLETED flg=0x9000010 cmp=com.android.calendar/.alerts.AlertReceiver (has extras) }
05-23 14:48:44.426 I/AlarmClock( 3600): AlarmInitReceiver android.intent.action.BOOT_COMPLETED
05-23 14:48:44.455 D/AlertUtils( 3812): Flushing old alerts from shared prefs table
05-23 14:48:44.473 D/AlertService( 3812): 0 Action = android.intent.action.BOOT_COMPLETED
05-23 14:48:44.504 D/AlertService( 3812): Scheduling next alarm with AlarmScheduler. sEventReminderReceived: null
05-23 14:48:44.551 W/art     ( 3850): Unexpected CPU variant for X86 using defaults: x86_64
05-23 14:48:44.575 W/ActivityManager( 2872): Slow operation: 60ms so far, now at startProcess: returned from zygote!
05-23 14:48:44.575 W/ActivityManager( 2872): Slow operation: 60ms so far, now at startProcess: done updating battery stats
05-23 14:48:44.576 W/ActivityManager( 2872): Slow operation: 61ms so far, now at startProcess: building log message
05-23 14:48:44.576 I/ActivityManager( 2872): Start proc 3850:com.android.providers.calendar/u0a2 for content provider com.android.providers.calendar/.CalendarProvider2
05-23 14:48:44.576 W/ActivityManager( 2872): Slow operation: 61ms so far, now at startProcess: starting to update pids map
05-23 14:48:44.576 W/ActivityManager( 2872): Slow operation: 61ms so far, now at startProcess: done updating pids map
05-23 14:48:44.576 W/ActivityManager( 2872): Slow operation: 61ms so far, now at startProcess: done starting proc!
05-23 14:48:44.576 W/ActivityManager( 2872): Slow operation: 64ms so far, now at getContentProviderImpl: after start process
05-23 14:48:44.576 W/ActivityManager( 2872): Slow operation: 64ms so far, now at getContentProviderImpl: updating data structures
05-23 14:48:44.577 W/ActivityManager( 2872): Slow operation: 65ms so far, now at getContentProviderImpl: done!
05-23 14:48:44.754 I/PackageManager.DexOptimizer( 2872): Running dexopt (dex2oat) on: /data/app/vmdl1953055274.tmp/base.apk pkg=jp.jaxa.iss.kibo.rpc.sampleapk isa=x86_64 vmSafeMode=false debuggable=true target-filter=interpret-only oatDir = /data/app/vmdl1953055274.tmp/oat sharedLibraries=null
05-23 14:48:44.786 V/AlarmClock( 3600): AlarmInitReceiver finished
05-23 14:48:44.804 I/ActivityManager( 2872): Start proc 3866:com.android.email/u0a34 for broadcast com.android.email/.service.EmailBroadcastReceiver
05-23 14:48:44.812 W/art     ( 3866): Unexpected CPU variant for X86 using defaults: x86_64
05-23 14:48:44.923 W/System  ( 3850): ClassLoader referenced unknown path: /system/priv-app/CalendarProvider/lib/x86_64
05-23 14:48:45.021 W/System  ( 3866): ClassLoader referenced unknown path: /system/app/Email/lib/x86_64
05-23 14:48:45.522 I/CalendarProvider2( 3850): Created com.android.providers.calendar.CalendarAlarmManager@4048249(com.android.providers.calendar.CalendarProvider2@313e74e)
05-23 14:48:45.716 D/AlarmScheduler( 3812): No events found starting within 1 week.
05-23 14:48:45.795 I/art     ( 2872): Background partial concurrent mark sweep GC freed 19868(1904KB) AllocSpace objects, 21(948KB) LOS objects, 29% free, 9MB/13MB, paused 1.955ms total 197.029ms
05-23 14:48:45.906 W/dex2oat ( 3865): Unexpected CPU variant for X86 using defaults: x86_64
05-23 14:48:45.985 I/dex2oat ( 3865): /system/bin/dex2oat --compiler-filter=interpret-only --debuggable
05-23 14:48:46.405 W/ActivityManager( 2872): Unable to start service Intent { act=com.android.email.EXCHANGE_INTENT pkg=com.android.exchange } U=0: not found
05-23 14:48:46.447 D/ActivityThread( 3866): Loading provider com.android.email.provider;com.android.email.notifier: com.android.email.provider.EmailProvider
05-23 14:48:46.459 W/ActivityManager( 2872): Unable to start service Intent { act=com.android.email.EXCHANGE_INTENT pkg=com.android.exchange } U=0: not found
05-23 14:48:46.472 D/ActivityThread( 3866): Loading provider com.android.email.provider;com.android.email.notifier: com.android.email.provider.EmailProvider
05-23 14:48:46.481 W/ActivityManager( 2872): Unable to start service Intent { act=com.android.email.EXCHANGE_INTENT pkg=com.android.exchange } U=0: not found
05-23 14:48:46.694 I/CalendarProvider2( 3850): Sending notification intent: Intent { act=android.intent.action.PROVIDER_CHANGED dat=content://com.android.calendar flg=0x20000000 }
05-23 14:48:46.695 W/ContentResolver( 3850): Failed to get type for: content://com.android.calendar (Unknown URL content://com.android.calendar)
05-23 14:48:46.713 W/art     ( 3866): Long monitor contention with owner AsyncTask #2 (3885) at long android.database.sqlite.SQLiteConnection.nativeOpen(java.lang.String, int, java.lang.String, boolean, boolean)(SQLiteConnection.java:-2) waiters=0 in android.database.sqlite.SQLiteDatabase com.android.email.provider.EmailProvider.getDatabase(android.content.Context) for 195ms
05-23 14:48:46.754 W/ActivityManager( 2872): Unable to start service Intent { act=com.android.email.EXCHANGE_INTENT pkg=com.android.exchange } U=0: not found
05-23 14:48:46.787 I/SystemBroadcastReceiver( 3090): Boot has been completed
05-23 14:48:46.787 I/SystemBroadcastReceiver( 3090): toggleAppIcon() : FLAG_SYSTEM = true
05-23 14:48:46.797 W/ActivityManager( 2872): Unable to start service Intent { cmp=com.android.email/.service.AttachmentService } U=0: not found
05-23 14:48:46.903 I/ActivityManager( 2872): Start proc 3890:com.android.managedprovisioning/u0a14 for broadcast com.android.managedprovisioning/.BootReminder
05-23 14:48:46.920 W/art     ( 3890): Unexpected CPU variant for X86 using defaults: x86_64
05-23 14:48:46.974 W/ActivityManager( 2872): Unable to start service Intent { act=com.android.email.EXCHANGE_INTENT pkg=com.android.exchange } U=0: not found
05-23 14:48:47.009 W/ActivityManager( 2872): Unable to start service Intent { act=com.android.email.EXCHANGE_INTENT pkg=com.android.exchange } U=0: not found
05-23 14:48:47.055 E/ActivityThread( 3866): Service com.android.email.service.EmailBroadcastProcessorService has leaked ServiceConnection com.android.emailcommon.service.ServiceProxy$ProxyConnection@472de0a that was originally bound here
05-23 14:48:47.055 E/ActivityThread( 3866): android.app.ServiceConnectionLeaked: Service com.android.email.service.EmailBroadcastProcessorService has leaked ServiceConnection com.android.emailcommon.service.ServiceProxy$ProxyConnection@472de0a that was originally bound here
05-23 14:48:47.055 E/ActivityThread( 3866): 	at android.app.LoadedApk$ServiceDispatcher.<init>(LoadedApk.java:1336)
05-23 14:48:47.055 E/ActivityThread( 3866): 	at android.app.LoadedApk.getServiceDispatcher(LoadedApk.java:1231)
05-23 14:48:47.055 E/ActivityThread( 3866): 	at android.app.ContextImpl.bindServiceCommon(ContextImpl.java:1450)
05-23 14:48:47.055 E/ActivityThread( 3866): 	at android.app.ContextImpl.bindService(ContextImpl.java:1422)
05-23 14:48:47.055 E/ActivityThread( 3866): 	at android.content.ContextWrapper.bindService(ContextWrapper.java:636)
05-23 14:48:47.055 E/ActivityThread( 3866): 	at com.android.emailcommon.service.ServiceProxy.setTask(ServiceProxy.java:181)
05-23 14:48:47.055 E/ActivityThread( 3866): 	at com.android.emailcommon.service.ServiceProxy.test(ServiceProxy.java:224)
05-23 14:48:47.055 E/ActivityThread( 3866): 	at com.android.email.service.EmailServiceUtils.isServiceAvailable(EmailServiceUtils.java:160)
05-23 14:48:47.055 E/ActivityThread( 3866): 	at com.android.email.provider.AccountReconciler.reconcileAccountsInternal(AccountReconciler.java:171)
05-23 14:48:47.055 E/ActivityThread( 3866): 	at com.android.email.provider.AccountReconciler.reconcileAccounts(AccountReconciler.java:115)
05-23 14:48:47.055 E/ActivityThread( 3866): 	at com.android.email.service.EmailBroadcastProcessorService.reconcileAndStartServices(EmailBroadcastProcessorService.java:305)
05-23 14:48:47.055 E/ActivityThread( 3866): 	at com.android.email.service.EmailBroadcastProcessorService.onBootCompleted(EmailBroadcastProcessorService.java:295)
05-23 14:48:47.055 E/ActivityThread( 3866): 	at com.android.email.service.EmailBroadcastProcessorService.onHandleIntent(EmailBroadcastProcessorService.java:130)
05-23 14:48:47.055 E/ActivityThread( 3866): 	at android.app.IntentService$ServiceHandler.handleMessage(IntentService.java:68)
05-23 14:48:47.055 E/ActivityThread( 3866): 	at android.os.Handler.dispatchMessage(Handler.java:102)
05-23 14:48:47.055 E/ActivityThread( 3866): 	at android.os.Looper.loop(Looper.java:154)
05-23 14:48:47.055 E/ActivityThread( 3866): 	at android.os.HandlerThread.run(HandlerThread.java:61)
05-23 14:48:47.056 W/ActivityManager( 2872): Unbind failed: could not find connection for android.os.BinderProxy@2096975
05-23 14:48:47.066 W/ActivityManager( 2872): Unable to start service Intent { cmp=com.android.email/.service.AttachmentService } U=0: not found
05-23 14:48:47.077 W/System  ( 3890): ClassLoader referenced unknown path: /system/priv-app/ManagedProvisioning/lib/x86_64
05-23 14:48:47.131 I/Email   ( 3866): Observing account changes for notifications
05-23 14:48:47.242 I/ActivityManager( 2872): Start proc 3905:com.android.messaging/u0a54 for broadcast com.android.messaging/.receiver.BootAndPackageReplacedReceiver
05-23 14:48:47.255 W/ActivityManager( 2872): Unable to start service Intent { act=com.android.email.EXCHANGE_INTENT pkg=com.android.exchange } U=0: not found
05-23 14:48:47.256 W/ActivityManager( 2872): Unable to start service Intent { cmp=com.android.email/.service.AttachmentService } U=0: not found
05-23 14:48:47.268 W/art     ( 3905): Unexpected CPU variant for X86 using defaults: x86_64
05-23 14:48:47.324 W/ActivityManager( 2872): Unable to start service Intent { act=com.android.email.EXCHANGE_INTENT pkg=com.android.exchange } U=0: not found
05-23 14:48:47.410 W/System  ( 3905): ClassLoader referenced unknown path: /system/app/messaging/lib/x86_64
05-23 14:48:49.170 I/MessagingApp( 3905): Carrier config changed. Reloading MMS config.
05-23 14:48:49.229 V/VvmBootCompletedRcvr( 3339): processing subId list
05-23 14:48:49.275 I/MessagingAppDataModel( 3905): Fixup: Send failed - 0 Download failed - 0
05-23 14:48:49.386 E/VvmBootCompletedRcvr( 3339): phone account ComponentInfo{com.android.phone/com.android.services.telephony.TelephonyConnectionService}, [e2f7d48dd2b5ca523e7313cf4ba0f6ea830b6281], UserHandle{0} has invalid subId -1
05-23 14:48:49.975 I/MessagingAppDataModel( 3905): SyncMessagesAction: Starting batch for messages from 1616676894217 to 1621781329008 (message update limit = 80, message scan limit = 4000)
05-23 14:48:50.005 I/VvmSimChangeReceiver( 3339): Received SIM change for invalid subscription id.
05-23 14:48:50.135 I/art     ( 3866): Waiting for a blocking GC DisableMovingGc
05-23 14:48:50.168 I/art     ( 3866): WaitForGcToComplete blocked for 32.549ms for cause DisableMovingGc
05-23 14:48:50.168 I/art     ( 3866): Starting a blocking GC DisableMovingGc
05-23 14:48:50.309 D/AlertReceiver( 3812): onReceive: a=android.intent.action.PROVIDER_CHANGED Intent { act=android.intent.action.PROVIDER_CHANGED dat=content://com.android.calendar flg=0x20000010 cmp=com.android.calendar/.alerts.AlertReceiver }
05-23 14:48:50.347 W/dex2oat ( 3865): Before Android 4.1, method int android.support.v7.widget.ListViewCompat.lookForSelectablePosition(int, boolean) would have incorrectly overridden the package-private method in android.widget.ListView
05-23 14:48:50.553 D/AlertService( 3812): 0 Action = android.intent.action.PROVIDER_CHANGED
05-23 14:48:50.914 I/MessagingAppDataModel( 3905): SyncMessagesAction: All messages now in sync
05-23 14:48:52.016 W/dex2oat ( 3865): Before Android 4.1, method android.graphics.PorterDuffColorFilter android.support.graphics.drawable.VectorDrawableCompat.updateTintFilter(android.graphics.PorterDuffColorFilter, android.content.res.ColorStateList, android.graphics.PorterDuff$Mode) would have incorrectly overridden the package-private method in android.graphics.drawable.Drawable
05-23 14:48:52.752 W/MediaScanner( 3718): Error opening directory '/oem/media/', skipping: No such file or directory.
05-23 14:48:53.296 V/MediaScanner( 3718): pruneDeadThumbnailFiles... android.content.ContentProviderClient$CursorWrapperInner@1d7446b
05-23 14:48:53.298 V/MediaScanner( 3718): /pruneDeadThumbnailFiles... android.content.ContentProviderClient$CursorWrapperInner@1d7446b
05-23 14:48:55.611 I/GlobalDismissManager( 3812): no sender configured
05-23 14:48:55.635 D/AlertService( 3812): Beginning updateAlertNotification
05-23 14:48:55.712 D/AlertService( 3812): No fired or scheduled alerts
05-23 14:48:55.777 D/AlertService( 3812): Scheduling next alarm with AlarmScheduler. sEventReminderReceived: null
05-23 14:48:55.827 D/AlarmScheduler( 3812): No events found starting within 1 week.
05-23 14:48:59.504 I/ActivityManager( 2872): Waited long enough for: ServiceRecord{6800b14 u0 com.android.calendar/.alerts.InitAlarmsService}
05-23 14:49:00.304 W/dex2oat ( 3865): Verification of int com.google.zxing.datamatrix.encoder.X12Encoder.encodeChar(char, java.lang.StringBuilder) took 110.618ms
05-23 14:49:00.784 W/dex2oat ( 3865): Verification of com.google.zxing.Result com.google.zxing.oned.rss.expanded.RSSExpandedReader.constructResult(java.util.List) took 300.903ms
05-23 14:49:01.596 W/dex2oat ( 3865): Compilation of void org.opencv.android.Utils.nBitmapToMat2(android.graphics.Bitmap, long, boolean) took 211.126ms
05-23 14:49:01.604 W/dex2oat ( 3865): Compilation of java.lang.String org.opencv.android.StaticHelper.getLibraryList() took 203.931ms
05-23 14:49:04.306 I/dex2oat ( 3865): dex2oat took 18.412s (threads: 2) arena alloc=626KB (641800B) java alloc=7MB (7507576B) native alloc=15MB (16232048B) free=4MB (4215184B)
05-23 14:49:04.649 D/installd( 1327): Detected label change from u:object_r:system_data_file:s0 to u:object_r:app_data_file:s0:c512,c768 at /data/data/jp.jaxa.iss.kibo.rpc.sampleapk; running recursive restorecon
05-23 14:49:04.665 D/installd( 1327): Detected label change from u:object_r:system_data_file:s0 to u:object_r:app_data_file:s0:c512,c768 at /data/user_de/0/jp.jaxa.iss.kibo.rpc.sampleapk; running recursive restorecon
05-23 14:49:04.684 V/BackupManagerService( 2872): restoreAtInstall pkg=jp.jaxa.iss.kibo.rpc.sampleapk token=1 restoreSet=0
05-23 14:49:04.685 W/BackupManagerService( 2872): Requested unavailable transport: android/com.android.internal.backup.LocalTransport
05-23 14:49:04.685 W/BackupManagerService( 2872): No transport
05-23 14:49:04.685 V/BackupManagerService( 2872): Finishing install immediately
05-23 14:49:04.752 I/GnssLocationProvider( 2872): WakeLock acquired by sendMessage(3, 0, com.android.server.location.GnssLocationProvider$GpsRequest@a9e94dc)
05-23 14:49:04.776 I/GnssLocationProvider( 2872): WakeLock acquired by sendMessage(3, 0, com.android.server.location.GnssLocationProvider$GpsRequest@50899e5)
05-23 14:49:04.780 D/VoldConnector( 2872): SND -> {9 volume remount_uid 10064 default}
05-23 14:49:04.806 D/vold    ( 1273): Remounting 10064 as mode default
05-23 14:49:04.838 D/VoldConnector( 2872): RCV <- {200 9 Command succeeded}
05-23 14:49:04.845 I/GnssLocationProvider( 2872): WakeLock released by handleMessage(3, 0, com.android.server.location.GnssLocationProvider$GpsRequest@a9e94dc)
05-23 14:49:04.848 I/GnssLocationProvider( 2872): WakeLock released by handleMessage(3, 0, com.android.server.location.GnssLocationProvider$GpsRequest@50899e5)
05-23 14:49:04.849 I/GnssLocationProvider( 2872): WakeLock acquired by sendMessage(3, 0, com.android.server.location.GnssLocationProvider$GpsRequest@fab7cba)
05-23 14:49:04.851 D/VoldConnector( 2872): SND -> {10 volume remount_uid 10064 write}
05-23 14:49:04.852 D/vold    ( 1273): Remounting 10064 as mode write
05-23 14:49:04.855 I/GnssLocationProvider( 2872): WakeLock released by handleMessage(3, 0, com.android.server.location.GnssLocationProvider$GpsRequest@fab7cba)
05-23 14:49:04.866 D/VoldConnector( 2872): RCV <- {200 10 Command succeeded}
05-23 14:49:04.889 I/art     ( 2872): Starting a blocking GC Explicit
05-23 14:49:05.011 I/art     ( 2872): Explicit concurrent mark sweep GC freed 25892(1536KB) AllocSpace objects, 12(356KB) LOS objects, 29% free, 9MB/13MB, paused 2.488ms total 93.411ms
05-23 14:49:05.034 E/        ( 1327): Couldn't opendir /data/app/vmdl1953055274.tmp: No such file or directory
05-23 14:49:05.188 I/art     ( 3769): System.exit called, status: 0
05-23 14:49:05.189 I/AndroidRuntime( 3769): VM exiting with result code 0.
05-23 14:49:05.277 I/InputReader( 2872): Reconfiguring input devices.  changes=0x00000010
05-23 14:49:05.341 W/ActivityManager( 2872): Slow operation: 135ms so far, now at startProcess: returned from zygote!
05-23 14:49:05.341 W/ActivityManager( 2872): Slow operation: 135ms so far, now at startProcess: done updating battery stats
05-23 14:49:05.342 W/ActivityManager( 2872): Slow operation: 136ms so far, now at startProcess: building log message
05-23 14:49:05.342 I/ActivityManager( 2872): Start proc 3939:com.android.gallery3d/u0a39 for broadcast com.android.gallery3d/.app.PackagesMonitor
05-23 14:49:05.342 W/ActivityManager( 2872): Slow operation: 136ms so far, now at startProcess: starting to update pids map
05-23 14:49:05.344 W/ActivityManager( 2872): Slow operation: 138ms so far, now at startProcess: done updating pids map
05-23 14:49:05.344 W/ActivityManager( 2872): Slow operation: 140ms so far, now at startProcess: done starting proc!
05-23 14:49:05.425 W/art     ( 3939): Unexpected CPU variant for X86 using defaults: x86_64
05-23 14:49:05.519 E/PhoneInterfaceManager( 3339): [PhoneIntfMgr] getCarrierPackageNamesForIntent: No UICC
05-23 14:49:05.519 D/CarrierSvcBindHelper( 3339): No carrier app for: 0
05-23 14:49:05.521 D/CarrierConfigLoader( 3339): mHandler: 9 phoneId: 0
05-23 14:49:06.186 W/VoiceInteractionManagerService( 2872): no available voice recognition services found for user 0
05-23 14:49:06.795 W/art     ( 3958): Unexpected CPU variant for X86 using defaults: x86_64
05-23 14:49:06.806 W/ActivityManager( 2872): Slow operation: 62ms so far, now at startProcess: returned from zygote!
05-23 14:49:06.806 W/ActivityManager( 2872): Slow operation: 62ms so far, now at startProcess: done updating battery stats
05-23 14:49:06.806 W/ActivityManager( 2872): Slow operation: 62ms so far, now at startProcess: building log message
05-23 14:49:06.806 I/ActivityManager( 2872): Start proc 3958:com.svox.pico/u0a49 for broadcast com.svox.pico/.VoiceDataInstallerReceiver
05-23 14:49:06.813 W/ActivityManager( 2872): Slow operation: 62ms so far, now at startProcess: starting to update pids map
05-23 14:49:06.813 W/ActivityManager( 2872): Slow operation: 69ms so far, now at startProcess: done updating pids map
05-23 14:49:06.813 W/ActivityManager( 2872): Slow operation: 70ms so far, now at startProcess: done starting proc!
05-23 14:49:14.662 D/InitAlarmsService( 3812): Clearing and rescheduling alarms.
05-23 14:50:00.019 I/ActivityManager( 2872): Killing 3648:com.android.keychain/1000 (adj 906): empty #17
05-23 14:50:00.054 D/ActivityManager( 2872): cleanUpApplicationRecord -- 3648
05-23 14:51:25.580 D/AndroidRuntime( 3974): >>>>>> START com.android.internal.os.RuntimeInit uid 2000 <<<<<<
05-23 14:51:25.621 D/AndroidRuntime( 3974): CheckJNI is ON
05-23 14:51:26.124 W/art     ( 3974): Unexpected CPU variant for X86 using defaults: x86_64
05-23 14:51:26.179 D/ICU     ( 3974): No timezone override file found: /data/misc/zoneinfo/current/icu/icu_tzdata.dat
05-23 14:51:26.404 E/memtrack( 3974): Couldn't load memtrack module (No such file or directory)
05-23 14:51:26.404 E/android.os.Debug( 3974): failed to load memtrack module: -2
05-23 14:51:26.416 I/Radio-JNI( 3974): register_android_hardware_Radio DONE
05-23 14:51:26.551 D/AndroidRuntime( 3974): Calling main entry com.android.commands.am.Am
05-23 14:51:26.634 I/ActivityManager( 2872): Start proc 3984:gov.nasa.arc.astrobee.android.gs.manager/u0a63 for service gov.nasa.arc.astrobee.android.gs.manager/.ManagerService
05-23 14:51:26.649 I/art     ( 3984): Not late-enabling -Xcheck:jni (already on)
05-23 14:51:26.650 W/art     ( 3984): Unexpected CPU variant for X86 using defaults: x86_64
05-23 14:51:26.653 D/AndroidRuntime( 3974): Shutting down VM
05-23 14:51:26.853 W/System  ( 3984): ClassLoader referenced unknown path: /data/app/gov.nasa.arc.astrobee.android.gs.manager-1/lib/x86_64
05-23 14:51:27.646 E/Notification( 3984): setLatestEventInfo() is deprecated and you should feel deprecated.
05-23 14:51:27.646 E/Notification( 3984): java.lang.Throwable
05-23 14:51:27.646 E/Notification( 3984): 	at android.app.Notification.setLatestEventInfo(Notification.java:2076)
05-23 14:51:27.646 E/Notification( 3984): 	at org.ros.android.NodeMainExecutorService.onStartCommand(NodeMainExecutorService.java:220)
05-23 14:51:27.646 E/Notification( 3984): 	at android.app.ActivityThread.handleServiceArgs(ActivityThread.java:3326)
05-23 14:51:27.646 E/Notification( 3984): 	at android.app.ActivityThread.-wrap21(ActivityThread.java)
05-23 14:51:27.646 E/Notification( 3984): 	at android.app.ActivityThread$H.handleMessage(ActivityThread.java:1582)
05-23 14:51:27.646 E/Notification( 3984): 	at android.os.Handler.dispatchMessage(Handler.java:102)
05-23 14:51:27.646 E/Notification( 3984): 	at android.os.Looper.loop(Looper.java:154)
05-23 14:51:27.646 E/Notification( 3984): 	at android.app.ActivityThread.main(ActivityThread.java:6119)
05-23 14:51:27.646 E/Notification( 3984): 	at java.lang.reflect.Method.invoke(Native Method)
05-23 14:51:27.646 E/Notification( 3984): 	at com.android.internal.os.ZygoteInit$MethodAndArgsCaller.run(ZygoteInit.java:886)
05-23 14:51:27.646 E/Notification( 3984): 	at com.android.internal.os.ZygoteInit.main(ZygoteInit.java:776)
05-23 14:51:28.987 I/Registrar( 3984): MasterXmlRpcEndpoint URI: http://llp:11311
05-23 14:51:29.339 I/Registrar( 3984): Registering publisher: Publisher<PublisherDefinition<PublisherIdentifier<NodeIdentifier</guest_science_manager, http://hlp:57095/>, TopicIdentifier</rosout>>, Topic<TopicIdentifier</rosout>, TopicDescription<rosgraph_msgs/Log, acffd30cd6b6de30f120938c17c593fb>>>>
05-23 14:51:29.431 D/NotificationSQLiteLog( 2872): Pruned event entries: 15
05-23 14:51:30.790 I/Registrar( 3984): Response<Success, Registered [/guest_science_manager] as publisher of [/rosout], [http://10.42.0.34:35772/]>
05-23 14:51:30.823 I/DefaultPublisher( 3984): Publisher registered: Publisher<PublisherDefinition<PublisherIdentifier<NodeIdentifier</guest_science_manager, http://hlp:57095/>, TopicIdentifier</rosout>>, Topic<TopicIdentifier</rosout>, TopicDescription<rosgraph_msgs/Log, acffd30cd6b6de30f120938c17c593fb>>>>
05-23 14:51:30.962 I/Registrar( 3984): Registering subscriber: Subscriber<Topic<TopicIdentifier</clock>, TopicDescription<rosgraph_msgs/Clock, a9c97c1d230cfc112e270351a944ee47>>>
05-23 14:51:31.115 I/Registrar( 3984): Response<Success, Subscribed to [/clock], [http://10.42.0.34:46130/]>
