05-23 14:45:58.542 V/EmulatedCamera_CallbackNotifier( 1325):     CAMERA_MSG_PREVIEW_METADATA
05-23 14:45:58.554 I/Choreographer( 2872): Skipped 175 frames!  The application may be doing too much work on its main thread.
05-23 14:45:58.566 V/EmulatedCamera_CallbackNotifier( 1325): disableMessage: msg_type = 0xffff
05-23 14:45:58.566 V/EmulatedCamera_CallbackNotifier( 1325):     CAMERA_MSG_ERROR
05-23 14:45:58.566 V/EmulatedCamera_CallbackNotifier( 1325):     CAMERA_MSG_SHUTTER
05-23 14:45:58.566 V/EmulatedCamera_CallbackNotifier( 1325):     CAMERA_MSG_FOCUS
05-23 14:45:58.566 V/EmulatedCamera_CallbackNotifier( 1325):     CAMERA_MSG_ZOOM
05-23 14:45:58.566 V/EmulatedCamera_CallbackNotifier( 1325):     CAMERA_MSG_PREVIEW_FRAME
05-23 14:45:58.566 V/EmulatedCamera_CallbackNotifier( 1325):     CAMERA_MSG_VIDEO_FRAME
05-23 14:45:58.566 V/EmulatedCamera_CallbackNotifier( 1325):     CAMERA_MSG_POSTVIEW_FRAME
05-23 14:45:58.566 V/EmulatedCamera_CallbackNotifier( 1325):     CAMERA_MSG_RAW_IMAGE
05-23 14:45:58.566 V/EmulatedCamera_CallbackNotifier( 1325):     CAMERA_MSG_COMPRESSED_IMAGE
05-23 14:45:58.566 V/EmulatedCamera_CallbackNotifier( 1325):     CAMERA_MSG_RAW_IMAGE_NOTIFY
05-23 14:45:58.566 V/EmulatedCamera_CallbackNotifier( 1325):     CAMERA_MSG_PREVIEW_METADATA
05-23 14:45:58.566 V/EmulatedCamera_CallbackNotifier( 1325): **** Currently enabled messages:
05-23 14:45:58.567 V/EmulatedCamera_Preview( 1325): setPreviewWindow: current: 0x0 -> new: 0x0
05-23 14:45:58.567 V/EmulatedCamera_Camera( 1325): doStopPreview
05-23 14:45:58.568 V/EmulatedCamera_Camera( 1325): cancelPicture
05-23 14:45:58.568 V/EmulatedCamera_Camera( 1325): releaseCamera
05-23 14:45:58.568 V/EmulatedCamera_Camera( 1325): doStopPreview
05-23 14:45:58.569 V/EmulatedCamera_FakeDevice( 1325): disconnectDevice
05-23 14:45:58.569 W/EmulatedCamera_Device( 1325): Initialize: Emulated camera device is already initialized: mState = 1
05-23 14:45:58.569 D/EmulatedCamera_FakeCamera( 1325): Initialize: Fake camera is facing back
05-23 14:45:58.570 V/EmulatedCamera_Device( 1325): initializeWhiteBalanceModes with auto, 1.000000, 1.000000
05-23 14:45:58.571 V/EmulatedCamera_Device( 1325): initializeWhiteBalanceModes with incandescent, 1.380000, 0.600000
05-23 14:45:58.571 V/EmulatedCamera_Device( 1325): initializeWhiteBalanceModes with daylight, 1.090000, 0.920000
05-23 14:45:58.571 V/EmulatedCamera_Device( 1325): initializeWhiteBalanceModes with twilight, 0.920000, 1.220000
05-23 14:45:58.571 V/EmulatedCamera_Device( 1325): setWhiteBalanceMode with white balance auto
05-23 14:45:58.572 I/CameraFlashlight( 1325): Destroying camera 0
05-23 14:45:58.572 V/EmulatedCamera_Camera( 1325): closeCamera
05-23 14:45:58.572 V/EmulatedCamera_Camera( 1325): doStopPreview
05-23 14:45:58.572 W/EmulatedCamera_Device( 1325): Initialize: Emulated camera device is already initialized: mState = 1
05-23 14:45:58.572 D/EmulatedCamera_FakeCamera( 1325): Initialize: Fake camera is facing back
05-23 14:45:58.572 V/EmulatedCamera_Device( 1325): initializeWhiteBalanceModes with auto, 1.000000, 1.000000
05-23 14:45:58.572 V/EmulatedCamera_Device( 1325): initializeWhiteBalanceModes with incandescent, 1.380000, 0.600000
05-23 14:45:58.572 V/EmulatedCamera_Device( 1325): initializeWhiteBalanceModes with daylight, 1.090000, 0.920000
05-23 14:45:58.572 V/EmulatedCamera_Device( 1325): initializeWhiteBalanceModes with twilight, 0.920000, 1.220000
05-23 14:45:58.572 V/EmulatedCamera_Device( 1325): setWhiteBalanceMode with white balance auto
05-23 14:45:58.622 W/art     ( 2872): Long monitor contention with owner ConditionProviders.ECP (3065) at void android.os.Process.setThreadPriority(int, int)(Process.java:-2) waiters=0 in void com.android.server.AlarmManagerService$DeliveryTracker.onSendFinished(android.app.PendingIntent, android.content.Intent, int, java.lang.String, android.os.Bundle) for 1.481s
05-23 14:45:58.635 I/CameraService( 1325): disconnect: Disconnected client for camera 0 for PID 1325
05-23 14:45:58.704 D/NuPlayerDriver( 1340): reset(0xf36a8c00) at state 4
05-23 14:45:58.704 D/NuPlayerDriver( 1340): notifyListener_l(0xf36a8c00), (8, 0, 0), loop setting(0, 0)
05-23 14:45:58.714 D/NuPlayerDriver( 1340): notifyResetComplete(0xf36a8c00)
05-23 14:45:58.847 D/NuPlayerDriver( 1340): reset(0xf36a8e40) at state 4
05-23 14:45:58.847 D/NuPlayerDriver( 1340): notifyListener_l(0xf36a8e40), (8, 0, 0), loop setting(0, 0)
05-23 14:45:58.848 D/NuPlayerDriver( 1340): notifyResetComplete(0xf36a8e40)
05-23 14:45:58.857 D/NuPlayerDriver( 1340): reset(0xf36a8ea0) at state 4
05-23 14:45:58.857 D/NuPlayerDriver( 1340): notifyListener_l(0xf36a8ea0), (8, 0, 0), loop setting(0, 0)
05-23 14:45:58.858 D/NuPlayerDriver( 1340): notifyResetComplete(0xf36a8ea0)
05-23 14:45:58.974 V/EmulatedCamera_Camera( 1325): getCameraInfo
05-23 14:45:58.974 V/EmulatedCamera_BaseCamera( 1325): getCameraInfo
05-23 14:45:59.000 V/EmulatedCamera_Camera( 1325): getCameraInfo
05-23 14:45:59.000 V/EmulatedCamera_BaseCamera( 1325): getCameraInfo
05-23 14:45:59.052 W/ActivityManager( 2872): Slow operation: 216ms so far, now at startProcess: done updating cpu stats
05-23 14:45:59.052 W/ActivityManager( 2872): Slow operation: 217ms so far, now at startProcess: getting gids from package manager
05-23 14:45:59.066 W/ActivityManager( 2872): Slow operation: 231ms so far, now at startProcess: building args
05-23 14:45:59.067 W/ActivityManager( 2872): Slow operation: 232ms so far, now at startProcess: asking zygote to start proc
05-23 14:45:59.404 W/ActivityManager( 2872): Slow operation: 569ms so far, now at startProcess: returned from zygote!
05-23 14:45:59.418 W/ActivityManager( 2872): Slow operation: 583ms so far, now at startProcess: done updating battery stats
05-23 14:45:59.419 W/ActivityManager( 2872): Slow operation: 584ms so far, now at startProcess: building log message
05-23 14:45:59.419 I/ActivityManager( 2872): Start proc 3455:com.android.cellbroadcastreceiver/u0a4 for broadcast com.android.cellbroadcastreceiver/.CellBroadcastReceiver
05-23 14:45:59.420 W/ActivityManager( 2872): Slow operation: 584ms so far, now at startProcess: starting to update pids map
05-23 14:45:59.420 W/ActivityManager( 2872): Slow operation: 585ms so far, now at startProcess: done updating pids map
05-23 14:45:59.420 W/ActivityManager( 2872): Slow operation: 594ms so far, now at startProcess: done starting proc!
05-23 14:45:59.420 W/art     ( 2872): Long monitor contention with owner main (2872) at void com.android.server.am.BroadcastQueue.processNextBroadcast(boolean)(BroadcastQueue.java:760) waiters=1 in void com.android.server.am.ActivityManagerService.dispatchUidsChanged() for 220ms
05-23 14:45:59.447 I/Choreographer( 2872): Skipped 30 frames!  The application may be doing too much work on its main thread.
05-23 14:45:59.842 W/art     ( 3455): Unexpected CPU variant for X86 using defaults: x86_64
05-23 14:45:59.972 I/StatusBar( 3097): isKeyguardShowing() called before startKeyguard(), returning true
05-23 14:45:59.985 W/StatusBar( 3097): isKeyguardSecure() called before startKeyguard(), returning false
05-23 14:45:59.985 W/StatusBar( 3097): java.lang.Throwable
05-23 14:45:59.985 W/StatusBar( 3097): 	at com.android.systemui.statusbar.BaseStatusBar.isKeyguardSecure(BaseStatusBar.java:2647)
05-23 14:45:59.985 W/StatusBar( 3097): 	at com.android.systemui.statusbar.BaseStatusBar.isCameraAllowedByAdmin(BaseStatusBar.java:2670)
05-23 14:45:59.985 W/StatusBar( 3097): 	at com.android.systemui.statusbar.phone.KeyguardBottomAreaView.updateCameraVisibility(KeyguardBottomAreaView.java:309)
05-23 14:45:59.985 W/StatusBar( 3097): 	at com.android.systemui.statusbar.phone.KeyguardBottomAreaView.setPhoneStatusBar(KeyguardBottomAreaView.java:272)
05-23 14:45:59.985 W/StatusBar( 3097): 	at com.android.systemui.statusbar.phone.PhoneStatusBar.makeStatusBarView(PhoneStatusBar.java:904)
05-23 14:45:59.985 W/StatusBar( 3097): 	at com.android.systemui.statusbar.phone.PhoneStatusBar.addStatusBarWindow(PhoneStatusBar.java:3432)
05-23 14:45:59.985 W/StatusBar( 3097): 	at com.android.systemui.statusbar.phone.PhoneStatusBar.createAndAddWindows(PhoneStatusBar.java:3428)
05-23 14:45:59.985 W/StatusBar( 3097): 	at com.android.systemui.statusbar.BaseStatusBar.start(BaseStatusBar.java:765)
05-23 14:45:59.985 W/StatusBar( 3097): 	at com.android.systemui.statusbar.phone.PhoneStatusBar.start(PhoneStatusBar.java:686)
05-23 14:45:59.985 W/StatusBar( 3097): 	at com.android.systemui.statusbar.SystemBars.createStatusBarFromConfig(SystemBars.java:106)
05-23 14:45:59.985 W/StatusBar( 3097): 	at com.android.systemui.statusbar.SystemBars.onNoService(SystemBars.java:58)
05-23 14:45:59.985 W/StatusBar( 3097): 	at com.android.systemui.statusbar.ServiceMonitor.startService(ServiceMonitor.java:230)
05-23 14:45:59.985 W/StatusBar( 3097): 	at com.android.systemui.statusbar.ServiceMonitor.-wrap5(ServiceMonitor.java)
05-23 14:45:59.985 W/StatusBar( 3097): 	at com.android.systemui.statusbar.ServiceMonitor$1.handleMessage(ServiceMonitor.java:73)
05-23 14:45:59.985 W/StatusBar( 3097): 	at android.os.Handler.dispatchMessage(Handler.java:102)
05-23 14:45:59.985 W/StatusBar( 3097): 	at android.os.Looper.loop(Looper.java:154)
05-23 14:45:59.985 W/StatusBar( 3097): 	at android.app.ActivityThread.main(ActivityThread.java:6119)
05-23 14:45:59.985 W/StatusBar( 3097): 	at java.lang.reflect.Method.invoke(Native Method)
05-23 14:45:59.985 W/StatusBar( 3097): 	at com.android.internal.os.ZygoteInit$MethodAndArgsCaller.run(ZygoteInit.java:886)
05-23 14:45:59.985 W/StatusBar( 3097): 	at com.android.internal.os.ZygoteInit.main(ZygoteInit.java:776)
05-23 14:46:00.051 I/StatusBar( 3097): isKeyguardShowing() called before startKeyguard(), returning true
05-23 14:46:00.055 W/StatusBar( 3097): isKeyguardSecure() called before startKeyguard(), returning false
05-23 14:46:00.055 W/StatusBar( 3097): java.lang.Throwable
05-23 14:46:00.055 W/StatusBar( 3097): 	at com.android.systemui.statusbar.BaseStatusBar.isKeyguardSecure(BaseStatusBar.java:2647)
05-23 14:46:00.055 W/StatusBar( 3097): 	at com.android.systemui.statusbar.BaseStatusBar.isCameraAllowedByAdmin(BaseStatusBar.java:2670)
05-23 14:46:00.055 W/StatusBar( 3097): 	at com.android.systemui.statusbar.phone.KeyguardBottomAreaView.updateCameraVisibility(KeyguardBottomAreaView.java:309)
05-23 14:46:00.055 W/StatusBar( 3097): 	at com.android.systemui.statusbar.phone.KeyguardBottomAreaView.setUserSetupComplete(KeyguardBottomAreaView.java:281)
05-23 14:46:00.055 W/StatusBar( 3097): 	at com.android.systemui.statusbar.phone.PhoneStatusBar.makeStatusBarView(PhoneStatusBar.java:905)
05-23 14:46:00.055 W/StatusBar( 3097): 	at com.android.systemui.statusbar.phone.PhoneStatusBar.addStatusBarWindow(PhoneStatusBar.java:3432)
05-23 14:46:00.055 W/StatusBar( 3097): 	at com.android.systemui.statusbar.phone.PhoneStatusBar.createAndAddWindows(PhoneStatusBar.java:3428)
05-23 14:46:00.055 W/StatusBar( 3097): 	at com.android.systemui.statusbar.BaseStatusBar.start(BaseStatusBar.java:765)
05-23 14:46:00.055 W/StatusBar( 3097): 	at com.android.systemui.statusbar.phone.PhoneStatusBar.start(PhoneStatusBar.java:686)
05-23 14:46:00.055 W/StatusBar( 3097): 	at com.android.systemui.statusbar.SystemBars.createStatusBarFromConfig(SystemBars.java:106)
05-23 14:46:00.055 W/StatusBar( 3097): 	at com.android.systemui.statusbar.SystemBars.onNoService(SystemBars.java:58)
05-23 14:46:00.055 W/StatusBar( 3097): 	at com.android.systemui.statusbar.ServiceMonitor.startService(ServiceMonitor.java:230)
05-23 14:46:00.055 W/StatusBar( 3097): 	at com.android.systemui.statusbar.ServiceMonitor.-wrap5(ServiceMonitor.java)
05-23 14:46:00.055 W/StatusBar( 3097): 	at com.android.systemui.statusbar.ServiceMonitor$1.handleMessage(ServiceMonitor.java:73)
05-23 14:46:00.055 W/StatusBar( 3097): 	at android.os.Handler.dispatchMessage(Handler.java:102)
05-23 14:46:00.055 W/StatusBar( 3097): 	at android.os.Looper.loop(Looper.java:154)
05-23 14:46:00.055 W/StatusBar( 3097): 	at android.app.ActivityThread.main(ActivityThread.java:6119)
05-23 14:46:00.055 W/StatusBar( 3097): 	at java.lang.reflect.Method.invoke(Native Method)
05-23 14:46:00.055 W/StatusBar( 3097): 	at com.android.internal.os.ZygoteInit$MethodAndArgsCaller.run(ZygoteInit.java:886)
05-23 14:46:00.055 W/StatusBar( 3097): 	at com.android.internal.os.ZygoteInit.main(ZygoteInit.java:776)
05-23 14:46:00.247 W/art     ( 2872): Long monitor contention with owner AlarmManager (3026) at void com.android.server.AlarmManagerService$AlarmThread.run()(AlarmManagerService.java:2498) waiters=0 in void com.android.server.AlarmManagerService.setImpl(int, long, long, long, android.app.PendingIntent, android.app.IAlarmListener, java.lang.String, int, android.os.WorkSource, android.app.AlarmManager$AlarmClockInfo, int, java.lang.String) for 102ms
05-23 14:46:00.847 W/art     ( 2872): Long monitor contention with owner ActivityManager (2917) at void com.android.server.am.ActivityManagerService$MainHandler.handleMessage(android.os.Message)(ActivityManagerService.java:2004) waiters=0 in boolean com.android.server.am.ActivityManagerService.isUserRunning(int, int) for 6.652s
05-23 14:46:02.121 W/art     ( 2872): Long monitor contention with owner AsyncTask #3 (3386) at boolean com.android.server.am.ActivityManagerService.isUserRunning(int, int)(ActivityManagerService.java:21741) waiters=0 in android.content.Intent com.android.server.am.ActivityManagerService.registerReceiver(android.app.IApplicationThread, java.lang.String, android.content.IIntentReceiver, android.content.IntentFilter, java.lang.String, int) for 1.261s
05-23 14:46:02.122 W/art     ( 2872): Long monitor contention with owner AsyncTask #3 (3386) at boolean com.android.server.am.ActivityManagerService.isUserRunning(int, int)(ActivityManagerService.java:21741) waiters=1 in void com.android.server.am.ActivityManagerService$MainHandler.handleMessage(android.os.Message) for 286ms
05-23 14:46:02.130 V/EmulatedCamera_Camera( 1325): getCameraInfo
05-23 14:46:02.130 V/EmulatedCamera_BaseCamera( 1325): getCameraInfo
05-23 14:46:02.132 V/EmulatedCamera_Camera( 1325): getCameraInfo
05-23 14:46:02.132 V/EmulatedCamera_BaseCamera( 1325): getCameraInfo
05-23 14:46:03.579 I/StatusBar( 3097): isKeyguardShowing() called before startKeyguard(), returning true
05-23 14:46:03.581 W/StatusBar( 3097): isKeyguardSecure() called before startKeyguard(), returning false
05-23 14:46:03.581 W/StatusBar( 3097): java.lang.Throwable
05-23 14:46:03.581 W/StatusBar( 3097): 	at com.android.systemui.statusbar.BaseStatusBar.isKeyguardSecure(BaseStatusBar.java:2647)
05-23 14:46:03.581 W/StatusBar( 3097): 	at com.android.systemui.statusbar.BaseStatusBar.isCameraAllowedByAdmin(BaseStatusBar.java:2670)
05-23 14:46:03.581 W/StatusBar( 3097): 	at com.android.systemui.statusbar.phone.KeyguardBottomAreaView.updateCameraVisibility(KeyguardBottomAreaView.java:309)
05-23 14:46:03.581 W/StatusBar( 3097): 	at com.android.systemui.statusbar.phone.KeyguardBottomAreaView.setUserSetupComplete(KeyguardBottomAreaView.java:281)
05-23 14:46:03.581 W/StatusBar( 3097): 	at com.android.systemui.statusbar.phone.PhoneStatusBar$1.onChange(PhoneStatusBar.java:441)
05-23 14:46:03.581 W/StatusBar( 3097): 	at com.android.systemui.statusbar.phone.PhoneStatusBar.resetUserSetupObserver(PhoneStatusBar.java:3676)
05-23 14:46:03.581 W/StatusBar( 3097): 	at com.android.systemui.statusbar.phone.PhoneStatusBar.makeStatusBarView(PhoneStatusBar.java:1008)
05-23 14:46:03.581 W/StatusBar( 3097): 	at com.android.systemui.statusbar.phone.PhoneStatusBar.addStatusBarWindow(PhoneStatusBar.java:3432)
05-23 14:46:03.581 W/StatusBar( 3097): 	at com.android.systemui.statusbar.phone.PhoneStatusBar.createAndAddWindows(PhoneStatusBar.java:3428)
05-23 14:46:03.581 W/StatusBar( 3097): 	at com.android.systemui.statusbar.BaseStatusBar.start(BaseStatusBar.java:765)
05-23 14:46:03.581 W/StatusBar( 3097): 	at com.android.systemui.statusbar.phone.PhoneStatusBar.start(PhoneStatusBar.java:686)
05-23 14:46:03.581 W/StatusBar( 3097): 	at com.android.systemui.statusbar.SystemBars.createStatusBarFromConfig(SystemBars.java:106)
05-23 14:46:03.581 W/StatusBar( 3097): 	at com.android.systemui.statusbar.SystemBars.onNoService(SystemBars.java:58)
05-23 14:46:03.581 W/StatusBar( 3097): 	at com.android.systemui.statusbar.ServiceMonitor.startService(ServiceMonitor.java:230)
05-23 14:46:03.581 W/StatusBar( 3097): 	at com.android.systemui.statusbar.ServiceMonitor.-wrap5(ServiceMonitor.java)
05-23 14:46:03.581 W/StatusBar( 3097): 	at com.android.systemui.statusbar.ServiceMonitor$1.handleMessage(ServiceMonitor.java:73)
05-23 14:46:03.581 W/StatusBar( 3097): 	at android.os.Handler.dispatchMessage(Handler.java:102)
05-23 14:46:03.581 W/StatusBar( 3097): 	at android.os.Looper.loop(Looper.java:154)
05-23 14:46:03.581 W/StatusBar( 3097): 	at android.app.ActivityThread.main(ActivityThread.java:6119)
05-23 14:46:03.581 W/StatusBar( 3097): 	at java.lang.reflect.Method.invoke(Native Method)
05-23 14:46:03.581 W/StatusBar( 3097): 	at com.android.internal.os.ZygoteInit$MethodAndArgsCaller.run(ZygoteInit.java:886)
05-23 14:46:03.581 W/StatusBar( 3097): 	at com.android.internal.os.ZygoteInit.main(ZygoteInit.java:776)
05-23 14:46:03.629 E/SurfaceFlinger( 1319): ro.sf.lcd_density must be defined as a build property
05-23 14:46:03.648 D/OpenGLRenderer( 3097): profile bars disabled
05-23 14:46:03.670 D/OpenGLRenderer( 3097): ambientRatio = 1.50
05-23 14:46:03.816 D/PhoneStatusBar( 3097): disable: < EXPAND* icons alerts system_info BACK* HOME* RECENT* clock SEARCH* quick_settings >
05-23 14:46:04.396 W/art     ( 2872): Long monitor contention with owner AsyncTask #3 (3386) at boolean android.os.MessageQueue.enqueueMessage(android.os.Message, long)(MessageQueue.java:541) waiters=0 in android.os.Message android.os.MessageQueue.next() for 1.949s
05-23 14:46:04.673 D/PhoneStatusBar( 3097): heads up is enabled
05-23 14:46:05.915 W/art     ( 2872): Long monitor contention with owner Binder:2872_4 (3170) at int com.android.server.wm.WindowManagerService.relayoutWindow(com.android.server.wm.Session, android.view.IWindow, int, android.view.WindowManager$LayoutParams, int, int, int, int, android.graphics.Rect, android.graphics.Rect, android.graphics.Rect, android.graphics.Rect, android.graphics.Rect, android.graphics.Rect, android.graphics.Rect, android.content.res.Configuration, android.view.Surface)(WindowManagerService.java:2857) waiters=0 in void com.android.server.wm.WindowManagerService$H.handleMessage(android.os.Message) for 475ms
05-23 14:46:06.385 W/art     ( 2872): Suspending all threads took: 73.068ms
05-23 14:46:06.500 W/System  ( 3455): ClassLoader referenced unknown path: /system/priv-app/CellBroadcastReceiver/lib/x86_64
05-23 14:46:06.564 W/art     ( 2872): Long monitor contention with owner android.display (2931) at void com.android.server.wm.WindowManagerService.performEnableScreen()(WindowManagerService.java:6036) waiters=1 in void com.android.server.wm.WindowManagerService.finishDrawingWindow(com.android.server.wm.Session, android.view.IWindow) for 360ms
05-23 14:46:06.570 W/art     ( 2872): Long monitor contention with owner android.display (2931) at void com.android.server.wm.WindowManagerService.performEnableScreen()(WindowManagerService.java:6036) waiters=1 in int com.android.server.wm.WindowManagerService.relayoutWindow(com.android.server.wm.Session, android.view.IWindow, int, android.view.WindowManager$LayoutParams, int, int, int, int, android.graphics.Rect, android.graphics.Rect, android.graphics.Rect, android.graphics.Rect, android.graphics.Rect, android.graphics.Rect, android.graphics.Rect, android.content.res.Configuration, android.view.Surface) for 367ms
05-23 14:46:06.610 W/art     ( 2872): Long monitor contention with owner AlarmManager (3026) at boolean android.os.MessageQueue.enqueueMessage(android.os.Message, long)(MessageQueue.java:541) waiters=0 in android.os.Message android.os.MessageQueue.next() for 148ms
05-23 14:46:06.786 I/Choreographer( 3097): Skipped 783 frames!  The application may be doing too much work on its main thread.
05-23 14:46:06.874 W/art     ( 2872): Long monitor contention with owner android.display (2931) at void com.android.server.wm.WindowManagerService$H.handleMessage(android.os.Message)(WindowManagerService.java:8368) waiters=0 in int com.android.server.wm.WindowManagerService.relayoutWindow(com.android.server.wm.Session, android.view.IWindow, int, android.view.WindowManager$LayoutParams, int, int, int, int, android.graphics.Rect, android.graphics.Rect, android.graphics.Rect, android.graphics.Rect, android.graphics.Rect, android.graphics.Rect, android.graphics.Rect, android.content.res.Configuration, android.view.Surface) for 116ms
05-23 14:46:06.912 D/ViewRootImpl[StatusBar]( 3097): changeCanvasOpacity: opaque=true
05-23 14:46:06.995 I/art     ( 2872): Background sticky concurrent mark sweep GC freed 17503(1625KB) AllocSpace objects, 11(1748KB) LOS objects, 26% free, 9MB/13MB, paused 96.238ms total 4.937s
05-23 14:46:07.061 W/art     ( 2872): Long monitor contention with owner android.ui (2918) at int com.android.server.wm.WindowManagerService.relayoutWindow(com.android.server.wm.Session, android.view.IWindow, int, android.view.WindowManager$LayoutParams, int, int, int, int, android.graphics.Rect, android.graphics.Rect, android.graphics.Rect, android.graphics.Rect, android.graphics.Rect, android.graphics.Rect, android.graphics.Rect, android.content.res.Configuration, android.view.Surface)(WindowManagerService.java:2857) waiters=0 in void com.android.server.wm.WindowManagerService$H.handleMessage(android.os.Message) for 181ms
05-23 14:46:07.336 W/WindowManager( 2872): Window freeze timeout expired.
05-23 14:46:07.337 W/WindowManager( 2872): Force clearing orientation change: Window{eac2d93 u0 KeyguardScrim}
05-23 14:46:07.752 I/SurfaceFlinger( 1319): Boot is finished (179208 ms)
05-23 14:46:08.045 W/art     ( 2872): Long monitor contention with owner android.display (2931) at void com.android.server.wm.WindowManagerService.performEnableScreen()(WindowManagerService.java:6036) waiters=0 in void com.android.server.wm.WindowManagerService.finishDrawingWindow(com.android.server.wm.Session, android.view.IWindow) for 295ms
05-23 14:46:09.061 I/SystemServiceManager( 2872): Starting phase 1000
05-23 14:46:09.324 W/ActivityManager( 2872): Slow operation: 180ms so far, now at startProcess: returned from zygote!
05-23 14:46:09.324 W/ActivityManager( 2872): Slow operation: 180ms so far, now at startProcess: done updating battery stats
05-23 14:46:09.325 W/ActivityManager( 2872): Slow operation: 181ms so far, now at startProcess: building log message
05-23 14:46:09.325 I/ActivityManager( 2872): Start proc 3502:android.ext.services/u0a12 for on-hold
05-23 14:46:09.325 W/ActivityManager( 2872): Slow operation: 181ms so far, now at startProcess: starting to update pids map
05-23 14:46:09.325 W/ActivityManager( 2872): Slow operation: 181ms so far, now at startProcess: done updating pids map
05-23 14:46:09.348 W/art     ( 3502): Unexpected CPU variant for X86 using defaults: x86_64
05-23 14:46:09.384 D/ActivityManager( 2872): Finishing user boot 0
05-23 14:46:09.435 D/CryptdConnector( 2872): SND -> {3 cryptfs prepare_user_storage ! 0 0 2}
05-23 14:46:09.442 D/vold    ( 1273): e4crypt_prepare_user_storage for volume null, user 0, serial 0, flags 2
05-23 14:46:09.442 D/vold    ( 1273): Preparing: /data/system_ce/0
05-23 14:46:09.471 D/vold    ( 1273): Preparing: /data/misc_ce/0
05-23 14:46:09.471 D/vold    ( 1273): Preparing: /data/media/0
05-23 14:46:09.471 D/vold    ( 1273): Preparing: /data/data
05-23 14:46:09.476 D/CryptdConnector( 2872): RCV <- {200 3 Command succeeded}
05-23 14:46:09.501 V/UserManagerService( 2872): Found /data/user/0 with serial number 0
05-23 14:46:09.501 V/UserManagerService( 2872): Found /data/system_ce/0 with serial number 0
05-23 14:46:09.534 V/PackageManager( 2872): reconcileAppsData for null u0 0x2
05-23 14:46:10.241 W/art     ( 3097): Suspending all threads took: 44.805ms
05-23 14:46:10.585 I/art     ( 3097): Background partial concurrent mark sweep GC freed 17546(1770KB) AllocSpace objects, 3(60KB) LOS objects, 32% free, 8MB/12MB, paused 46.302ms total 550.993ms
05-23 14:46:12.407 I/art     ( 3097): Background partial concurrent mark sweep GC freed 1235(71KB) AllocSpace objects, 0(0B) LOS objects, 23% free, 12MB/16MB, paused 917us total 127.617ms
05-23 14:46:12.699 V/PackageManager( 2872): reconcileAppsData finished 81 packages
05-23 14:46:12.704 W/art     ( 2872): Long monitor contention with owner android.display (2931) at void com.android.server.am.ActivityManagerService.finishBooting()(ActivityManagerService.java:6823) waiters=0 in void com.android.server.am.ActivityManagerService.idleUids() for 3.549s
05-23 14:46:12.705 W/BroadcastQueue( 2872): Timeout of broadcast BroadcastRecord{24f5ecd u-1 android.intent.action.TIME_TICK} - receiver=android.os.BinderProxy@5371b50, started 12457ms ago
05-23 14:46:12.706 W/BroadcastQueue( 2872): Receiver during timeout: BroadcastFilter{6846a4e u0 ReceiverList{2a93149 3097 com.android.systemui/10021/u0 remote:5371b50}}
05-23 14:46:12.708 W/art     ( 2872): Long monitor contention with owner android.display (2931) at void com.android.server.am.ActivityManagerService.finishBooting()(ActivityManagerService.java:6823) waiters=3 in void com.android.server.am.ActivityManagerService.attachApplication(android.app.IApplicationThread) for 2.899s
05-23 14:46:12.725 W/art     ( 2872): Long monitor contention with owner android.display (2931) at void com.android.server.am.ActivityManagerService.finishBooting()(ActivityManagerService.java:6823) waiters=2 in android.content.Intent com.android.server.am.ActivityManagerService.registerReceiver(android.app.IApplicationThread, java.lang.String, android.content.IIntentReceiver, android.content.IntentFilter, java.lang.String, int) for 3.556s
05-23 14:46:12.727 D/MountService( 2872): onUnlockUser 0
05-23 14:46:12.727 D/VoldConnector( 2872): SND -> {8 volume user_started 0}
05-23 14:46:12.735 W/art     ( 2872): Long monitor contention with owner android.display (2931) at void com.android.server.am.ActivityManagerService.finishBooting()(ActivityManagerService.java:6823) waiters=1 in void com.android.server.am.ActivityManagerService$3.handleMessage(android.os.Message) for 3.570s
05-23 14:46:12.773 W/art     ( 2872): Long monitor contention with owner android.display (2931) at void com.android.server.am.ActivityManagerService.finishBooting()(ActivityManagerService.java:6823) waiters=4 in int com.android.server.am.ActivityManagerService.broadcastIntent(android.app.IApplicationThread, android.content.Intent, java.lang.String, android.content.IIntentReceiver, int, java.lang.String, android.os.Bundle, java.lang.String[], int, android.os.Bundle, boolean, boolean, int) for 2.774s
05-23 14:46:12.774 W/art     ( 2872): Long monitor contention with owner android.display (2931) at void com.android.server.am.ActivityManagerService.finishBooting()(ActivityManagerService.java:6823) waiters=5 in android.content.pm.UserInfo com.android.server.am.UserController.getCurrentUser() for 2.744s
05-23 14:46:12.775 W/art     ( 2872): Long monitor contention with owner android.display (2931) at void com.android.server.am.ActivityManagerService.finishBooting()(ActivityManagerService.java:6823) waiters=6 in android.app.IActivityManager$ContentProviderHolder com.android.server.am.ActivityManagerService.getContentProviderImpl(android.app.IApplicationThread, java.lang.String, android.os.IBinder, boolean, int) for 2.726s
05-23 14:46:12.790 D/vold    ( 1273): Linking /storage/emulated/0 to /mnt/user/0/primary
05-23 14:46:12.791 D/VoldConnector( 2872): RCV <- {200 8 Command succeeded}
05-23 14:46:12.821 D/MountService( 2872): Volume public:253,48 broadcasting mounted to UserHandle{0}
05-23 14:46:12.905 W/ActivityManager( 2872): Slow operation: 126ms so far, now at startProcess: returned from zygote!
05-23 14:46:12.905 W/ActivityManager( 2872): Slow operation: 126ms so far, now at startProcess: done updating battery stats
05-23 14:46:12.906 W/ActivityManager( 2872): Slow operation: 127ms so far, now at startProcess: building log message
05-23 14:46:12.906 I/ActivityManager( 2872): Start proc 3520:android.process.acore/u0a1 for content provider com.android.providers.contacts/.ContactsProvider2
05-23 14:46:12.906 W/ActivityManager( 2872): Slow operation: 127ms so far, now at startProcess: starting to update pids map
05-23 14:46:12.906 W/ActivityManager( 2872): Slow operation: 127ms so far, now at startProcess: done updating pids map
05-23 14:46:12.906 W/ActivityManager( 2872): Slow operation: 128ms so far, now at startProcess: done starting proc!
05-23 14:46:12.906 W/ActivityManager( 2872): Slow operation: 130ms so far, now at getContentProviderImpl: after start process
05-23 14:46:12.907 W/ActivityManager( 2872): Slow operation: 130ms so far, now at getContentProviderImpl: updating data structures
05-23 14:46:12.907 W/ActivityManager( 2872): Slow operation: 131ms so far, now at getContentProviderImpl: done!
05-23 14:46:12.908 W/art     ( 2872): Long monitor contention with owner android.display (2931) at void com.android.server.am.ActivityManagerService.finishBooting()(ActivityManagerService.java:6823) waiters=7 in java.lang.String com.android.server.am.ActivityManagerService.checkContentProviderAccess(java.lang.String, int) for 2.048s
05-23 14:46:12.909 W/art     ( 2872): Long monitor contention with owner android.display (2931) at void com.android.server.am.ActivityManagerService.finishBooting()(ActivityManagerService.java:6823) waiters=8 in void com.android.server.am.ActivityManagerService.publishContentProviders(android.app.IApplicationThread, java.util.List) for 1.866s
05-23 14:46:12.910 W/art     ( 2872): Long monitor contention with owner Binder:2872_2 (2893) at void com.android.server.am.ActivityManagerService.attachApplication(android.app.IApplicationThread)(ActivityManagerService.java:6669) waiters=7 in void com.android.server.am.ActivityManagerService.dispatchUidsChanged() for 184ms
05-23 14:46:12.932 W/art     ( 2872): Long monitor contention with owner Binder:2872_2 (2893) at void com.android.server.am.ActivityManagerService.attachApplication(android.app.IApplicationThread)(ActivityManagerService.java:6669) waiters=8 in void com.android.server.am.ActivityManagerService.updateConfiguration(android.content.res.Configuration) for 173ms
05-23 14:46:12.986 D/MountService( 2872): Volume emulated broadcasting mounted to UserHandle{0}
05-23 14:46:13.060 W/art     ( 3520): Unexpected CPU variant for X86 using defaults: x86_64
05-23 14:46:13.127 W/System  ( 3502): ClassLoader referenced unknown path: /system/priv-app/ExtServices/lib/x86_64
05-23 14:46:13.409 V/BackupManagerService( 2872): No ancestral data
05-23 14:46:13.518 I/BackupManagerService( 2872): Package jp.jaxa.iss.kibo.rpc.sampleapk not installed; dropping from full backup
05-23 14:46:13.622 W/System  ( 3520): ClassLoader referenced unknown path: /system/priv-app/ContactsProvider/lib/x86_64
05-23 14:46:13.764 V/BackupManagerService( 2872): Starting with transport android/com.android.internal.backup.LocalTransport
05-23 14:46:13.764 V/BackupManagerService( 2872): Found transports: 1
05-23 14:46:13.765 W/BackupManagerService( 2872): Proposed transport ComponentInfo{android/com.android.internal.backup.LocalTransportService} not whitelisted; ignoring
05-23 14:46:13.836 I/BackupManagerService( 2872): Backup enabled => false
05-23 14:46:14.164 W/art     ( 2872): Long monitor contention with owner Binder:2872_6 (3418) at int com.android.server.wm.WindowManagerService.relayoutWindow(com.android.server.wm.Session, android.view.IWindow, int, android.view.WindowManager$LayoutParams, int, int, int, int, android.graphics.Rect, android.graphics.Rect, android.graphics.Rect, android.graphics.Rect, android.graphics.Rect, android.graphics.Rect, android.graphics.Rect, android.content.res.Configuration, android.view.Surface)(WindowManagerService.java:2857) waiters=0 in void com.android.server.wm.WindowManagerService$H.handleMessage(android.os.Message) for 219ms
05-23 14:46:14.334 V/KeyValueBackupJob( 2872): Scheduling k/v pass in 249 minutes
05-23 14:46:14.367 W/GnssLocationProvider( 2872): Could not open GPS configuration file /etc/gps.conf
05-23 14:46:14.367 E/GnssLocationProvider( 2872): no AGPS interface in set_agps_server
05-23 14:46:14.540 W/RichInputConnection( 3090): Slow InputConnection: GET_TEXT_BEFORE_CURSOR took 449 ms.
05-23 14:46:14.550 W/art     ( 2872): Long monitor contention with owner Binder:2872_1 (2892) at int com.android.server.wm.WindowManagerService.relayoutWindow(com.android.server.wm.Session, android.view.IWindow, int, android.view.WindowManager$LayoutParams, int, int, int, int, android.graphics.Rect, android.graphics.Rect, android.graphics.Rect, android.graphics.Rect, android.graphics.Rect, android.graphics.Rect, android.graphics.Rect, android.content.res.Configuration, android.view.Surface)(WindowManagerService.java:2857) waiters=2 in void com.android.server.wm.WindowAnimator$1.doFrame(long) for 228ms
05-23 14:46:14.581 W/VoiceInteractionManagerService( 2872): no available voice interaction services found for user 0
05-23 14:46:14.581 W/VoiceInteractionManagerService( 2872): no available voice recognition services found for user 0
05-23 14:46:14.644 I/ActivityManager( 2872): Loading recents for user 0 into memory.
05-23 14:46:14.685 D/ActivityManager( 2872): Sending BOOT_COMPLETE user #0
05-23 14:46:14.994 D/FallbackHome( 3357): User unlocked and real home found; let's go!
05-23 14:46:15.072 D/CarrierSvcBindHelper( 3339): Received android.intent.action.USER_UNLOCKED
05-23 14:46:15.086 E/PhoneInterfaceManager( 3339): [PhoneIntfMgr] getCarrierPackageNamesForIntent: No UICC
05-23 14:46:15.087 D/CarrierSvcBindHelper( 3339): No carrier app for: 0
05-23 14:46:15.233 I/ActivityManager( 2872): START u0 {act=android.intent.action.MAIN cat=[android.intent.category.HOME] flg=0x10000100 cmp=com.android.launcher3/.Launcher} from uid 0 on display 0
05-23 14:46:15.345 W/art     ( 2872): Long monitor contention with owner main (2872) at void java.lang.Thread.unpark$()(Thread.java:2069) waiters=1 in void java.lang.Object.wait!(long, int) for 473ms
05-23 14:46:15.444 I/ContactsPerf( 3520): VoicemailContentProvider.onCreate start
05-23 14:46:15.508 I/ContactsPerf( 3520): VoicemailContentProvider.onCreate finish
05-23 14:46:15.496 W/ifconfig( 3539): type=1400 audit(0.0:10): avc: denied { ioctl } for path="socket:[14769]" dev="sockfs" ino=14769 ioctlcmd=8927 scontext=u:r:shell:s0 tcontext=u:r:shell:s0 tclass=udp_socket permissive=0
05-23 14:46:15.496 W/ifconfig( 3539): type=1400 audit(0.0:11): avc: denied { ioctl } for path="socket:[14769]" dev="sockfs" ino=14769 ioctlcmd=891d scontext=u:r:shell:s0 tcontext=u:r:shell:s0 tclass=udp_socket permissive=0
05-23 14:46:15.506 W/ifconfig( 3539): type=1400 audit(0.0:12): avc: denied { ioctl } for path="socket:[14769]" dev="sockfs" ino=14769 ioctlcmd=8970 scontext=u:r:shell:s0 tcontext=u:r:shell:s0 tclass=udp_socket permissive=0
05-23 14:46:15.634 W/art     ( 2872): Long monitor contention with owner Binder:2872_7 (3519) at void com.android.server.wm.WindowManagerService.continueSurfaceLayout()(WindowManagerService.java:5454) waiters=0 in int com.android.server.wm.WindowManagerService.relayoutWindow(com.android.server.wm.Session, android.view.IWindow, int, android.view.WindowManager$LayoutParams, int, int, int, int, android.graphics.Rect, android.graphics.Rect, android.graphics.Rect, android.graphics.Rect, android.graphics.Rect, android.graphics.Rect, android.graphics.Rect, android.content.res.Configuration, android.view.Surface) for 266ms
05-23 14:46:15.808 W/art     ( 3561): Unexpected CPU variant for X86 using defaults: x86_64
05-23 14:46:15.869 W/ActivityManager( 2872): Slow operation: 253ms so far, now at startProcess: returned from zygote!
05-23 14:46:15.870 W/ActivityManager( 2872): Slow operation: 253ms so far, now at startProcess: done updating battery stats
05-23 14:46:15.870 W/ActivityManager( 2872): Slow operation: 254ms so far, now at startProcess: building log message
05-23 14:46:15.870 I/ActivityManager( 2872): Start proc 3561:com.android.launcher3/u0a42 for activity com.android.launcher3/.Launcher
05-23 14:46:15.870 W/ActivityManager( 2872): Slow operation: 254ms so far, now at startProcess: starting to update pids map
05-23 14:46:15.870 W/ActivityManager( 2872): Slow operation: 254ms so far, now at startProcess: done updating pids map
05-23 14:46:15.870 W/ActivityManager( 2872): Slow operation: 276ms so far, now at startProcess: done starting proc!
05-23 14:46:15.886 W/art     ( 2872): Long monitor contention with owner Binder:2872_7 (3519) at void com.android.server.am.ActivityManagerService.activityPaused(android.os.IBinder)(ActivityManagerService.java:6916) waiters=0 in void com.android.server.am.AppErrors.appNotResponding(com.android.server.am.ProcessRecord, com.android.server.am.ActivityRecord, com.android.server.am.ActivityRecord, boolean, java.lang.String) for 623ms
05-23 14:46:15.888 I/Choreographer( 3357): Skipped 45 frames!  The application may be doing too much work on its main thread.
05-23 14:46:15.903 W/art     ( 2872): Long monitor contention with owner Binder:2872_7 (3519) at void com.android.server.am.ActivityManagerService.activityPaused(android.os.IBinder)(ActivityManagerService.java:6916) waiters=1 in void com.android.server.am.ActivityManagerService.addPackageDependency(java.lang.String) for 382ms
05-23 14:46:16.025 W/System  ( 3520): ClassLoader referenced unknown path: /system/priv-app/BlockedNumberProvider/lib/x86_64
05-23 14:46:16.031 D/ApplicationLoaders( 3520): ignored Vulkan layer search path /system/priv-app/BlockedNumberProvider/lib/x86_64:/system/lib64:/vendor/lib64 for namespace 0x74dcb02df0f0
05-23 14:46:16.048 W/art     ( 2872): Long monitor contention with owner Binder:2872_7 (3519) at void com.android.server.am.ActivityManagerService.activityPaused(android.os.IBinder)(ActivityManagerService.java:6916) waiters=2 in boolean com.android.server.am.ActivityManagerService.isUserRunning(int, int) for 507ms
05-23 14:46:16.107 I/Process ( 2872): Sending signal. PID: 3097 SIG: 3
05-23 14:46:16.108 I/art     ( 3097): Thread[3,tid=3107,WaitingInMainSignalCatcherLoop,Thread*=0x74dcabc96400,peer=0x12c005e0,"Signal Catcher"]: reacting to signal 3
05-23 14:46:16.108 I/art     ( 3097): 
05-23 14:46:16.499 W/art     ( 2872): Long monitor contention with owner android.display (2931) at void com.android.server.wm.WindowAnimator$1.doFrame(long)(WindowAnimator.java:144) waiters=0 in void com.android.server.wm.WindowManagerService.executeAppTransition() for 262ms
05-23 14:46:16.760 I/AccountManagerService( 2872): User 0 is unlocked - opening CE database
05-23 14:46:17.374 E/ActivityManager( 2872): ANR in com.android.systemui
05-23 14:46:17.374 E/ActivityManager( 2872): PID: 3097
05-23 14:46:17.374 E/ActivityManager( 2872): Reason: Broadcast of Intent { act=android.intent.action.TIME_TICK flg=0x50000014 (has extras) }
05-23 14:46:17.374 E/ActivityManager( 2872): Load: 0.0 / 0.0 / 0.0
05-23 14:46:17.374 E/ActivityManager( 2872): CPU usage from 22073ms to 0ms ago (2021-05-23 14:45:52.786 to 2021-05-23 14:46:14.857):
05-23 14:46:17.374 E/ActivityManager( 2872):   96% 1319/surfaceflinger: 20% user + 75% kernel / faults: 1904 minor
05-23 14:46:17.374 E/ActivityManager( 2872):   33% 2872/system_server: 4.4% user + 29% kernel / faults: 7930 minor 48 major
05-23 14:46:17.374 E/ActivityManager( 2872):   12% 3357/com.android.settings: 2.1% user + 10% kernel / faults: 135 minor
05-23 14:46:17.374 E/ActivityManager( 2872):   10% 3097/com.android.systemui: 0.1% user + 10% kernel / faults: 4010 minor 5 major
05-23 14:46:17.374 E/ActivityManager( 2872):   0.8% 1327/installd: 0% user + 0.7% kernel
05-23 14:46:17.374 E/ActivityManager( 2872):   1.9% 2033/adbd: 0% user + 1.8% kernel / faults: 1031 minor
05-23 14:46:17.374 E/ActivityManager( 2872):   1.7% 3339/com.android.phone: 0.2% user + 1.5% kernel / faults: 186 minor 1 major
05-23 14:46:17.374 E/ActivityManager( 2872):   0.8% 8/rcu_preempt: 0% user + 0.8% kernel
05-23 14:46:17.374 E/ActivityManager( 2872):   0.7% 1340/mediaserver: 0% user + 0.7% kernel / faults: 131 minor 1 major
05-23 14:46:17.374 E/ActivityManager( 2872):   0.6% 1318/servicemanager: 0% user + 0.6% kernel
05-23 14:46:17.374 E/ActivityManager( 2872):   0.6% 1325/cameraserver: 0% user + 0.5% kernel / faults: 99 minor
05-23 14:46:17.374 E/ActivityManager( 2872):   0.5% 1324/audioserver: 0% user + 0.5% kernel
05-23 14:46:17.374 E/ActivityManager( 2872):   0.5% 1322/zygote64: 0% user + 0.5% kernel / faults: 460 minor
05-23 14:46:17.374 E/ActivityManager( 2872):   0.4% 1337/media.extractor: 0.1% user + 0.3% kernel / faults: 30 minor
05-23 14:46:17.374 E/ActivityManager( 2872):   0.4% 1265/logd: 0% user + 0.4% kernel / faults: 21 minor
05-23 14:46:17.374 E/ActivityManager( 2872):   0.3% 1394/logcat: 0% user + 0.3% kernel / faults: 3 minor
05-23 14:46:17.374 E/ActivityManager( 2872):   0.2% 17/kworker/u4:1: 0% user + 0.2% kernel
05-23 14:46:17.374 E/ActivityManager( 2872):   0.1% 3/ksoftirqd/0: 0% user + 0.1% kernel
05-23 14:46:17.374 E/ActivityManager( 2872):   0.1% 1//init: 0% user + 0.1% kernel / faults: 1 minor
05-23 14:46:17.374 E/ActivityManager( 2872):   0.1% 1263/jbd2/vdc-8: 0% user + 0.1% kernel
05-23 14:46:17.374 E/ActivityManager( 2872):   0% 1273/vold: 0% user + 0% kernel / faults: 13 minor
05-23 14:46:17.374 E/ActivityManager( 2872):   0% 12/ksoftirqd/1: 0% user + 0% kernel
05-23 14:46:17.374 E/ActivityManager( 2872):   0% 1328/keystore: 0% user + 0% kernel
05-23 14:46:17.374 E/ActivityManager( 2872):   0% 549/kworker/1:1: 0% user + 0% kernel
05-23 14:46:17.374 E/ActivityManager( 2872):   0% 809/kworker/0:2: 0% user + 0% kernel
05-23 14:46:17.374 E/ActivityManager( 2872):   0% 1253/kworker/0:1H: 0% user + 0% kernel
05-23 14:46:17.374 E/ActivityManager( 2872):   0% 1314/healthd: 0% user + 0% kernel
05-23 14:46:17.374 E/ActivityManager( 2872):   0% 1341/netd: 0% user + 0% kernel / faults: 3 minor
05-23 14:46:17.374 E/ActivityManager( 2872):   0% 1342/rild: 0% user + 0% kernel
05-23 14:46:17.374 E/ActivityManager( 2872):   0% 1344/fingerprintd: 0% user + 0% kernel
05-23 14:46:17.374 E/ActivityManager( 2872):   0% 3155/sdcard: 0% user + 0% kernel / faults: 19 minor
05-23 14:46:17.374 E/ActivityManager( 2872):  +0% 3455/com.android.cellbroadcastreceiver: 0% user + 0% kernel
05-23 14:46:17.374 E/ActivityManager( 2872):  +0% 3502/android.ext.services: 0% user + 0% kernel
05-23 14:46:17.374 E/ActivityManager( 2872):  +0% 3520/android.process.acore: 0% user + 0% kernel
05-23 14:46:17.374 E/ActivityManager( 2872):  +0% 3539/sh: 0% user + 0% kernel
05-23 14:46:17.374 E/ActivityManager( 2872): 99% TOTAL: 18% user + 80% kernel + 0.6% softirq
05-23 14:46:17.374 E/ActivityManager( 2872): CPU usage from 204354ms to 204354ms ago (1970-01-01 00:00:00.000 to 1970-01-01 00:00:00.000) with 0% awake:
05-23 14:46:17.374 E/ActivityManager( 2872): 0% TOTAL: 0% user + 0% kernel
05-23 14:46:17.727 W/InputConnectionWrapper.ICC( 3090): Timed out waiting on IInputContextCallback
05-23 14:46:17.729 I/InputAttributes( 3090): InputType.TYPE_NULL is specified
05-23 14:46:17.756 W/art     ( 2872): Long monitor contention with owner Binder:2872_7 (3519) at void com.android.server.am.ActivityManagerService.activityPaused(android.os.IBinder)(ActivityManagerService.java:6916) waiters=3 in java.lang.String com.android.server.am.ActivityManagerService.checkContentProviderAccess(java.lang.String, int) for 2.214s
05-23 14:46:18.041 W/System  ( 3561): ClassLoader referenced unknown path: /system/app/Launcher3/lib/x86_64
05-23 14:46:18.361 W/art     ( 2872): Long monitor contention with owner Binder:2872_7 (3519) at void com.android.server.am.ActivityManagerService.activityPaused(android.os.IBinder)(ActivityManagerService.java:6916) waiters=4 in android.content.Intent com.android.server.am.ActivityManagerService.registerReceiver(android.app.IApplicationThread, java.lang.String, android.content.IIntentReceiver, android.content.IntentFilter, java.lang.String, int) for 2.768s
05-23 14:46:18.426 W/art     ( 2872): Long monitor contention with owner Binder:2872_7 (3519) at void com.android.server.am.ActivityManagerService.activityPaused(android.os.IBinder)(ActivityManagerService.java:6916) waiters=5 in com.android.server.am.ProcessRecord com.android.server.am.ActivityManagerService.findAppProcess(android.os.IBinder, java.lang.String) for 2.810s
05-23 14:46:18.445 W/art     ( 2872): Long monitor contention with owner Binder:2872_7 (3519) at void com.android.server.am.ActivityManagerService.activityPaused(android.os.IBinder)(ActivityManagerService.java:6916) waiters=6 in void com.android.server.am.ActivityManagerService.dispatchUidsChanged() for 2.802s
05-23 14:46:18.450 W/art     ( 2872): Long monitor contention with owner Binder:2872_7 (3519) at void com.android.server.am.ActivityManagerService.activityPaused(android.os.IBinder)(ActivityManagerService.java:6916) waiters=7 in android.content.Intent com.android.server.am.ActivityManagerService.registerReceiver(android.app.IApplicationThread, java.lang.String, android.content.IIntentReceiver, android.content.IntentFilter, java.lang.String, int) for 2.714s
05-23 14:46:18.451 W/art     ( 2872): Long monitor contention with owner Binder:2872_7 (3519) at void com.android.server.am.ActivityManagerService.activityPaused(android.os.IBinder)(ActivityManagerService.java:6916) waiters=8 in void com.android.server.am.ActivityManagerService.serviceDoneExecuting(android.os.IBinder, int, int, int) for 2.574s
05-23 14:46:18.452 W/art     ( 2872): Long monitor contention with owner Binder:2872_2 (2893) at void com.android.server.am.ActivityManagerService.attachApplication(android.app.IApplicationThread)(ActivityManagerService.java:6669) waiters=7 in void com.android.server.am.ActivityManagerService.publishService(android.os.IBinder, android.content.Intent, android.os.IBinder) for 2.345s
05-23 14:46:18.464 W/art     ( 2872): Long monitor contention with owner Binder:2872_2 (2893) at void com.android.server.am.ActivityManagerService.attachApplication(android.app.IApplicationThread)(ActivityManagerService.java:6669) waiters=8 in void com.android.server.am.ActivityManagerService.addPackageDependency(java.lang.String) for 1.886s
05-23 14:46:18.665 W/art     ( 2872): Long monitor contention with owner Binder:2872_2 (2893) at void com.android.server.am.ActivityManagerService.attachApplication(android.app.IApplicationThread)(ActivityManagerService.java:6669) waiters=9 in void com.android.server.am.ActivityManagerService.appendDropBoxProcessHeaders(com.android.server.am.ProcessRecord, java.lang.String, java.lang.StringBuilder) for 1.288s
05-23 14:46:18.728 D/LauncherProvider( 3561): Launcher process started
05-23 14:46:18.825 D/WifiService( 2872): New client listening to asynchronous messages
05-23 14:46:18.930 W/System  ( 3520): ClassLoader referenced unknown path: /system/app/UserDictionaryProvider/lib/x86_64
05-23 14:46:18.963 D/ApplicationLoaders( 3520): ignored Vulkan layer search path /system/app/UserDictionaryProvider/lib/x86_64:/system/lib64:/vendor/lib64 for namespace 0x74dcb02df160
05-23 14:46:19.037 I/art     ( 2872): Background partial concurrent mark sweep GC freed 42837(2MB) AllocSpace objects, 6(212KB) LOS objects, 28% free, 9MB/13MB, paused 79.836ms total 1.664s
05-23 14:46:19.070 W/art     ( 2872): Long monitor contention with owner Binder:2872_2 (2893) at void com.android.server.am.ActivityManagerService.attachApplication(android.app.IApplicationThread)(ActivityManagerService.java:6669) waiters=8 in boolean com.android.server.am.ActivityManagerService.isUserRunning(int, int) for 2.441s
05-23 14:46:19.266 I/art     ( 3097): Wrote stack traces to '/data/anr/traces.txt'
05-23 14:46:19.323 W/art     ( 2872): Long monitor contention with owner main (2872) at void com.android.server.pm.UserManagerService$MainHandler.handleMessage(android.os.Message)(UserManagerService.java:3290) waiters=0 in int com.android.server.pm.PackageManagerService.checkUidPermission(java.lang.String, int) for 673ms
05-23 14:46:19.324 W/art     ( 2872): Long monitor contention with owner main (2872) at void com.android.server.pm.UserManagerService$MainHandler.handleMessage(android.os.Message)(UserManagerService.java:3290) waiters=1 in android.content.pm.PackageInfo com.android.server.pm.PackageManagerService.getPackageInfo(java.lang.String, int, int) for 580ms
05-23 14:46:19.327 I/ActivityManager( 2872): Killing 3097:com.android.systemui/u0a21 (adj -800): bg anr
05-23 14:46:19.329 W/art     ( 2872): Long monitor contention with owner ActivityManager (2917) at void com.android.server.am.ActivityManagerService.appendDropBoxProcessHeaders(com.android.server.am.ProcessRecord, java.lang.String, java.lang.StringBuilder)(ActivityManagerService.java:13756) waiters=2 in void com.android.server.am.ActivityManagerService.dispatchProcessesChanged() for 577ms
05-23 14:46:19.331 W/art     ( 2872): Long monitor contention with owner ActivityManager (2917) at void com.android.server.am.ActivityManagerService.appendDropBoxProcessHeaders(com.android.server.am.ProcessRecord, java.lang.String, java.lang.StringBuilder)(ActivityManagerService.java:13756) waiters=3 in com.android.server.am.ProcessRecord com.android.server.am.ActivityManagerService.findAppProcess(android.os.IBinder, java.lang.String) for 576ms
