05-15 17:11:14.778 I/WindowManager( 2214): WIN DEATH: Window{e3b6f10 u0 NavigationBar}
05-15 17:11:14.808 W/art     ( 3130): Unexpected CPU variant for X86 using defaults: x86_64
05-15 17:11:14.854 W/ActivityManager( 2214): Slow operation: 125ms so far, now at startProcess: returned from zygote!
05-15 17:11:14.854 W/ActivityManager( 2214): Slow operation: 126ms so far, now at startProcess: done updating battery stats
05-15 17:11:14.855 W/ActivityManager( 2214): Slow operation: 126ms so far, now at startProcess: building log message
05-15 17:11:14.855 I/ActivityManager( 2214): Start proc 3130:com.android.dialer/u0a8 for broadcast com.android.dialer/.calllog.CallLogReceiver
05-15 17:11:14.855 W/ActivityManager( 2214): Slow operation: 126ms so far, now at startProcess: starting to update pids map
05-15 17:11:14.855 W/ActivityManager( 2214): Slow operation: 127ms so far, now at startProcess: done updating pids map
05-15 17:11:14.855 W/ActivityManager( 2214): Slow operation: 127ms so far, now at startProcess: done starting proc!
05-15 17:11:14.855 W/art     ( 2214): Long monitor contention with owner main (2214) at void com.android.server.am.BroadcastQueue.processNextBroadcast(boolean)(BroadcastQueue.java:760) waiters=0 in void com.android.server.am.ActivityManagerService.dispatchUidsChanged() for 124ms
05-15 17:11:14.888 I/RecoverySystem( 2214): No recovery log file
05-15 17:11:15.035 W/art     ( 2214): Long monitor contention with owner Binder:2214_4 (2463) at void com.android.server.wm.WindowState$DeathRecipient.binderDied()(WindowState.java:1806) waiters=4 in void com.android.server.wm.WindowState$DeathRecipient.binderDied() for 601ms
05-15 17:11:15.036 I/WindowManager( 2214): WIN DEATH: Window{411fcf4 u0 com.android.systemui.ImageWallpaper}
05-15 17:11:15.067 D/gralloc_ranchu( 2970): Emulator without host-side GPU emulation detected. Loading gralloc.default.so from /vendor/lib64/hw/gralloc.goldfish.default.so...
05-15 17:11:15.081 D/gralloc_ranchu( 2970): gralloc.default.so not found in /vendor. Trying /system/lib64/hw/gralloc.goldfish.default.so...
05-15 17:11:15.143 I/BootReceiver( 2214): Copying audit failures to DropBox
05-15 17:11:15.144 I/BootReceiver( 2214): Checking for fsck errors
05-15 17:11:15.184 W/art     ( 2214): Long monitor contention with owner Binder:2214_4 (2463) at void com.android.server.wm.WindowState$DeathRecipient.binderDied()(WindowState.java:1806) waiters=5 in void com.android.server.wm.WindowState$DeathRecipient.binderDied() for 748ms
05-15 17:11:15.185 I/WindowManager( 2214): WIN DEATH: Window{2d7fe3 u0 StatusBar}
05-15 17:11:15.401 W/art     ( 2214): Long monitor contention with owner android.display (2259) at void com.android.server.wm.WindowManagerService$H.handleMessage(android.os.Message)(WindowManagerService.java:8368) waiters=4 in void com.android.server.wm.WindowManagerService$9.binderDied() for 833ms
05-15 17:11:15.402 W/art     ( 2214): Long monitor contention with owner Binder:2214_3 (2414) at void com.android.server.wm.WindowState$DeathRecipient.binderDied()(WindowState.java:1806) waiters=4 in void com.android.server.wm.WindowAnimator$1.doFrame(long) for 699ms
05-15 17:11:15.539 I/ContactLocale( 3085): AddressBook Labels [[en_US]]: [â€¦, A, B, C, D, E, F, G, H, I, J, K, L, M, N, O, P, Q, R, S, T, U, V, W, X, Y, Z, Î‘, Î’, Î“, Î”, Î•, Î–, Î—, Î˜, Î™, Îš, Î›, Îœ, Î, Îž, ÎŸ, Î , Î¡, Î£, Î¤, Î¥, Î¦, Î§, Î¨, Î©, â€¦, Ð, Ð‘, Ð’, Ð“, Ð”, Ð‚, Ð•, Ð„, Ð–, Ð—, Ð˜, Ð†, Ð™, Ðˆ, Ðš, Ð›, Ð‰, Ðœ, Ð, ÐŠ, Ðž, ÐŸ, Ð , Ð¡, Ð¢, Ð‹, Ð£, Ð¤, Ð¥, Ð¦, Ð§, Ð, Ð¨, Ð©, Ð®, Ð¯, â€¦, ×, ×‘, ×’, ×“, ×”, ×•, ×–, ×—, ×˜, ×™, ×›, ×œ, ×ž, × , ×¡, ×¢, ×¤, ×¦, ×§, ×¨, ×©, ×ª, â€¦, Ø§, Ø¨, Øª, Ø«, Ø¬, Ø­, Ø®, Ø¯, Ø°, Ø±, Ø², Ø³, Ø´, Øµ, Ø¶, Ø·, Ø¸, Ø¹, Øº, Ù, Ù‚, Ùƒ, Ù„, Ù…, Ù†, Ù‡, Ùˆ, ÙŠ, â€¦, à¸, à¸‚, à¸ƒ, à¸„, à¸…, à¸†, à¸‡, à¸ˆ, à¸‰, à¸Š, à¸‹, à¸Œ, à¸, à¸Ž, à¸, à¸, à¸‘, à¸’, à¸“, à¸”, à¸•, à¸–, à¸—, à¸˜, à¸™, à¸š, à¸›, à¸œ, à¸, à¸ž, à¸Ÿ, à¸ , à¸¡, à¸¢, à¸£, à¸¤, à¸¥, à¸¦, à¸§, à¸¨, à¸©, à¸ª, à¸«, à¸¬, à¸­, à¸®, â€¦, ã„±, ã„´, ã„·, ã„¹, ã…, ã…‚, ã……, ã…‡, ã…ˆ, ã…Š, ã…‹, ã…Œ, ã…, ã…Ž, â€¦, ã‚, ã‹, ã•, ãŸ, ãª, ã¯, ã¾, ã‚„, ã‚‰, ã‚, #, â€¦]
05-15 17:11:15.654 I/Choreographer( 2970): Skipped 80 frames!  The application may be doing too much work on its main thread.
05-15 17:11:15.733 W/System  ( 3124): ClassLoader referenced unknown path: /system/priv-app/SystemUI/lib/x86_64
05-15 17:11:15.992 W/libprocessgroup( 2214): failed to open /acct/uid_10021/pid_2862/cgroup.procs: No such file or directory
05-15 17:11:16.147 W/InputMethodManagerService( 2214): Window already focused, ignoring focus gain of: android.view.inputmethod.InputMethodManager$1@c6e947d attribute=null, token = android.view.ViewRootImpl$W@654fb79
05-15 17:11:16.196 I/ActivityManager( 2214): Displayed com.android.launcher3/.Launcher: +24s189ms
05-15 17:11:16.239 V/SystemUIService( 3124): Starting SystemUI services for user 0.
05-15 17:11:16.745 W/System  ( 3130): ClassLoader referenced unknown path: /system/priv-app/Dialer/lib/x86_64
05-15 17:11:16.771 W/art     ( 2214): Long monitor contention with owner android.display (2259) at void com.android.server.wm.WindowManagerService$H.handleMessage(android.os.Message)(WindowManagerService.java:8368) waiters=1 in float com.android.server.wm.WindowManagerService.getCurrentAnimatorScale() for 411ms
05-15 17:11:16.772 W/art     ( 2214): Long monitor contention with owner Binder:2214_9 (2690) at int com.android.server.wm.WindowManagerService.relayoutWindow(com.android.server.wm.Session, android.view.IWindow, int, android.view.WindowManager$LayoutParams, int, int, int, int, android.graphics.Rect, android.graphics.Rect, android.graphics.Rect, android.graphics.Rect, android.graphics.Rect, android.graphics.Rect, android.graphics.Rect, android.content.res.Configuration, android.view.Surface)(WindowManagerService.java:2857) waiters=1 in void com.android.server.wm.WindowManagerService$H.handleMessage(android.os.Message) for 247ms
05-15 17:11:16.880 V/MediaRouter( 3124): Adding route: RouteInfo{ name=Phone, description=null, status=null, category=RouteCategory{ name=null types=ROUTE_TYPE_LIVE_AUDIO ROUTE_TYPE_LIVE_VIDEO  groupable=false }, supportedTypes=ROUTE_TYPE_LIVE_AUDIO ROUTE_TYPE_LIVE_VIDEO , presentationDisplay=null }
05-15 17:11:16.924 V/MediaRouter( 3124): Updating audio routes: AudioRoutesInfo{ type=SPEAKER }
05-15 17:11:16.944 V/MediaRouter( 3124): Selecting route: RouteInfo{ name=Phone, description=null, status=null, category=RouteCategory{ name=null types=ROUTE_TYPE_LIVE_AUDIO ROUTE_TYPE_LIVE_VIDEO  groupable=false }, supportedTypes=ROUTE_TYPE_LIVE_AUDIO ROUTE_TYPE_LIVE_VIDEO , presentationDisplay=null }
05-15 17:11:17.028 D/TrustManagerService( 2214): Removing dead TrustListener.
05-15 17:11:17.279 E/WVMExtractor( 3124): Failed to open libwvm.so: dlopen failed: library "libwvm.so" not found
05-15 17:11:17.548 I/MediaPlayerService( 1332): MediaPlayerService::getOMX
05-15 17:11:17.694 I/OMXClient( 3124): MuxOMX ctor
05-15 17:11:18.027 W/art     ( 2214): Long monitor contention with owner Binder:2214_4 (2463) at android.content.pm.ProviderInfo com.android.server.pm.PackageManagerService.resolveContentProvider(java.lang.String, int, int)(PackageManagerService.java:6460) waiters=0 in boolean com.android.server.pm.PackageManagerService.hasSystemFeature(java.lang.String, int) for 114ms
05-15 17:11:18.154 I/OMXMaster( 1329): makeComponentInstance(OMX.google.vorbis.decoder) in mediacodec process
05-15 17:11:19.713 I/vol.Events( 3124): writeEvent collection_started
05-15 17:11:19.808 I/vol.Events( 3124): writeEvent external_ringer_mode_changed normal
05-15 17:11:19.808 I/vol.Events( 3124): writeEvent internal_ringer_mode_changed normal
05-15 17:11:20.019 I/MediaPlayerService( 1332): MediaPlayerService::getOMX
05-15 17:11:20.034 I/OMXClient( 3124): MuxOMX ctor
05-15 17:11:20.046 I/art     ( 2970): Background sticky concurrent mark sweep GC freed 20029(1938KB) AllocSpace objects, 9(204KB) LOS objects, 21% free, 7MB/10MB, paused 1.834ms total 165.892ms
05-15 17:11:20.054 I/OMXMaster( 1329): makeComponentInstance(OMX.google.vorbis.decoder) in mediacodec process
05-15 17:11:21.154 I/art     ( 3068): Waiting for a blocking GC DisableMovingGc
05-15 17:11:21.171 I/art     ( 3068): WaitForGcToComplete blocked for 16.351ms for cause DisableMovingGc
05-15 17:11:21.171 I/art     ( 3068): Starting a blocking GC DisableMovingGc
05-15 17:11:21.235 W/art     ( 3130): Suspending all threads took: 14.075ms
05-15 17:11:21.306 I/vol.Events( 3124): writeEvent level_changed STREAM_ALARM 6
05-15 17:11:21.345 I/vol.Events( 3124): writeEvent level_changed STREAM_BLUETOOTH_SCO 7
05-15 17:11:21.363 I/vol.Events( 3124): writeEvent level_changed STREAM_MUSIC 11
05-15 17:11:21.390 I/MediaPlayerService( 1332): MediaPlayerService::getOMX
05-15 17:11:21.395 I/vol.Events( 3124): writeEvent level_changed STREAM_RING 5
05-15 17:11:21.404 I/OMXClient( 3124): MuxOMX ctor
05-15 17:11:21.411 I/vol.Events( 3124): writeEvent level_changed STREAM_SYSTEM 5
05-15 17:11:21.456 I/vol.Events( 3124): writeEvent level_changed STREAM_VOICE_CALL 4
05-15 17:11:21.471 I/OMXMaster( 1329): makeComponentInstance(OMX.google.vorbis.decoder) in mediacodec process
05-15 17:11:21.665 D/StorageNotification( 3124): Notifying about private volume: VolumeInfo{private}:
05-15 17:11:21.665 D/StorageNotification( 3124):     type=PRIVATE diskId=null partGuid=null mountFlags=0 mountUserId=-1 
05-15 17:11:21.665 D/StorageNotification( 3124):     state=MOUNTED 
05-15 17:11:21.665 D/StorageNotification( 3124):     fsType=null fsUuid=null fsLabel=null 
05-15 17:11:21.665 D/StorageNotification( 3124):     path=/data internalPath=null 
05-15 17:11:21.669 D/StorageNotification( 3124): Notifying about public volume: VolumeInfo{public:253,48}:
05-15 17:11:21.669 D/StorageNotification( 3124):     type=PUBLIC diskId=disk:253,48 partGuid=null mountFlags=VISIBLE 
05-15 17:11:21.669 D/StorageNotification( 3124):     mountUserId=0 state=MOUNTED 
05-15 17:11:21.669 D/StorageNotification( 3124):     fsType=vfat fsUuid=1EFF-1C1B fsLabel=SDCARD 
05-15 17:11:21.669 D/StorageNotification( 3124):     path=/storage/1EFF-1C1B internalPath=/mnt/media_rw/1EFF-1C1B 
05-15 17:11:21.938 V/KeyguardServiceDelegate( 2214): *** Keyguard connected (yay!)
05-15 17:11:22.378 D/ExtensionsFactory( 3130): No custom extensions.
05-15 17:11:22.439 D/BlockedNumbersAuto( 3130): Not attempting auto-migrate: already checked once.
05-15 17:11:22.505 I/art     ( 3124): Background sticky concurrent mark sweep GC freed 11439(1251KB) AllocSpace objects, 2(40KB) LOS objects, 0% free, 10MB/10MB, paused 566us total 152.678ms
05-15 17:11:22.565 W/art     ( 2214): Long monitor contention with owner Binder:2214_6 (2669) at int com.android.server.wm.WindowManagerService.relayoutWindow(com.android.server.wm.Session, android.view.IWindow, int, android.view.WindowManager$LayoutParams, int, int, int, int, android.graphics.Rect, android.graphics.Rect, android.graphics.Rect, android.graphics.Rect, android.graphics.Rect, android.graphics.Rect, android.graphics.Rect, android.content.res.Configuration, android.view.Surface)(WindowManagerService.java:2857) waiters=0 in void com.android.server.wm.WindowManagerService$H.handleMessage(android.os.Message) for 315ms
05-15 17:11:22.811 I/Choreographer( 3124): Skipped 76 frames!  The application may be doing too much work on its main thread.
05-15 17:11:22.872 V/MediaScanner( 3068): pruneDeadThumbnailFiles... android.content.ContentProviderClient$CursorWrapperInner@156a833
05-15 17:11:22.878 I/art     ( 3124): Background partial concurrent mark sweep GC freed 2541(105KB) AllocSpace objects, 0(0B) LOS objects, 26% free, 10MB/14MB, paused 651us total 268.750ms
05-15 17:11:22.922 V/MediaScanner( 3068): /pruneDeadThumbnailFiles... android.content.ContentProviderClient$CursorWrapperInner@156a833
05-15 17:11:23.014 W/art     ( 2214): Long monitor contention with owner Binder:2214_8 (2682) at int com.android.server.wm.WindowManagerService.relayoutWindow(com.android.server.wm.Session, android.view.IWindow, int, android.view.WindowManager$LayoutParams, int, int, int, int, android.graphics.Rect, android.graphics.Rect, android.graphics.Rect, android.graphics.Rect, android.graphics.Rect, android.graphics.Rect, android.graphics.Rect, android.content.res.Configuration, android.view.Surface)(WindowManagerService.java:2857) waiters=0 in void com.android.server.wm.WindowManagerService$H.handleMessage(android.os.Message) for 159ms
05-15 17:11:23.141 D/CarrierConfigLoader( 2646): mHandler: 13 phoneId: 0
05-15 17:11:23.142 D/CarrierConfigLoader( 2646): mHandler: 7 phoneId: 0
05-15 17:11:23.144 E/CarrierConfigLoader( 2646): Cannot restore config with null packageName or iccid.
05-15 17:11:23.145 D/CarrierConfigLoader( 2646): Binding to com.android.carrierconfig for phone 0
05-15 17:11:23.277 W/CountryDetector( 3130): No location permissions, not registering for location updates.
05-15 17:11:23.306 W/art     ( 3182): Unexpected CPU variant for X86 using defaults: x86_64
05-15 17:11:23.313 W/ActivityManager( 2214): Slow operation: 164ms so far, now at startProcess: returned from zygote!
05-15 17:11:23.313 W/ActivityManager( 2214): Slow operation: 165ms so far, now at startProcess: done updating battery stats
05-15 17:11:23.314 W/ActivityManager( 2214): Slow operation: 165ms so far, now at startProcess: building log message
05-15 17:11:23.314 I/ActivityManager( 2214): Start proc 3182:com.android.calendar/u0a26 for broadcast com.android.calendar/.alerts.AlertReceiver
05-15 17:11:23.314 W/ActivityManager( 2214): Slow operation: 166ms so far, now at startProcess: starting to update pids map
05-15 17:11:23.314 W/ActivityManager( 2214): Slow operation: 166ms so far, now at startProcess: done updating pids map
05-15 17:11:23.314 W/ActivityManager( 2214): Slow operation: 185ms so far, now at startProcess: done starting proc!
05-15 17:11:23.508 W/art     ( 3196): Unexpected CPU variant for X86 using defaults: x86_64
05-15 17:11:23.521 W/ActivityManager( 2214): Slow operation: 201ms so far, now at startProcess: returned from zygote!
05-15 17:11:23.521 W/ActivityManager( 2214): Slow operation: 202ms so far, now at startProcess: done updating battery stats
05-15 17:11:23.521 W/ActivityManager( 2214): Slow operation: 202ms so far, now at startProcess: building log message
05-15 17:11:23.521 I/ActivityManager( 2214): Start proc 3196:com.android.carrierconfig/u0a3 for service com.android.carrierconfig/.DefaultCarrierConfigService
05-15 17:11:23.521 W/ActivityManager( 2214): Slow operation: 202ms so far, now at startProcess: starting to update pids map
05-15 17:11:23.522 W/ActivityManager( 2214): Slow operation: 202ms so far, now at startProcess: done updating pids map
05-15 17:11:23.522 W/ActivityManager( 2214): Slow operation: 203ms so far, now at startProcess: done starting proc!
05-15 17:11:23.523 W/art     ( 2214): Long monitor contention with owner Binder:2214_8 (2682) at void com.android.server.am.BroadcastQueue.processNextBroadcast(boolean)(BroadcastQueue.java:760) waiters=1 in void com.android.server.am.ActivityManagerService.dispatchUidsChanged() for 374ms
05-15 17:11:23.703 W/art     ( 2214): Long monitor contention with owner android.display (2259) at void com.android.server.wm.WindowManagerService$H.handleMessage(android.os.Message)(WindowManagerService.java:8857) waiters=2 in void com.android.server.wm.WindowManagerService.setInsetsWindow(com.android.server.wm.Session, android.view.IWindow, int, android.graphics.Rect, android.graphics.Rect, android.graphics.Region) for 480ms
05-15 17:11:23.745 W/art     ( 2214): Long monitor contention with owner android.display (2259) at void com.android.server.wm.WindowAnimator$1.doFrame(long)(WindowAnimator.java:144) waiters=2 in void com.android.server.wm.WindowManagerService.setDockedStackDividerTouchRegion(android.graphics.Rect) for 517ms
05-15 17:11:23.748 W/art     ( 2214): Long monitor contention with owner android.display (2259) at void com.android.server.wm.WindowAnimator$1.doFrame(long)(WindowAnimator.java:144) waiters=2 in void com.android.server.wm.WindowManagerService.monitor() for 433ms
05-15 17:11:23.994 W/art     ( 2214): Long monitor contention with owner Binder:2214_6 (2669) at void com.android.server.wm.WindowManagerService.setInsetsWindow(com.android.server.wm.Session, android.view.IWindow, int, android.graphics.Rect, android.graphics.Rect, android.graphics.Region)(WindowManagerService.java:2719) waiters=1 in void com.android.server.wm.WindowManagerService$H.handleMessage(android.os.Message) for 225ms
05-15 17:11:24.005 W/System  ( 3196): ClassLoader referenced unknown path: /system/priv-app/CarrierConfig/lib/x86_64
05-15 17:11:24.108 I/StatusBarManagerService( 2214): registerStatusBar bar=com.android.internal.statusbar.IStatusBar$Stub$Proxy@dcc32f9
05-15 17:11:24.651 D/DefaultCarrierConfigService( 3196): Service created
05-15 17:11:24.659 D/CarrierConfigLoader( 2646): Connected to config app: com.android.carrierconfig/com.android.carrierconfig.DefaultCarrierConfigService
05-15 17:11:24.659 D/CarrierConfigLoader( 2646): mHandler: 3 phoneId: 0
05-15 17:11:24.691 D/DefaultCarrierConfigService( 3196): Config being fetched
05-15 17:11:24.698 D/DefaultCarrierConfigService( 3196): java.io.FileNotFoundException: carrier_config_.xml
05-15 17:11:24.725 E/CarrierConfigLoader( 2646): Cannot save config with null packageName or iccid.
05-15 17:11:24.743 D/CarrierConfigLoader( 2646): mHandler: 5 phoneId: 0
05-15 17:11:24.746 E/PhoneInterfaceManager( 2646): [PhoneIntfMgr] getCarrierPackageNamesForIntent: No UICC
05-15 17:11:24.838 I/Telecom ( 2214): PhoneAccountRegistrar: SimCallManager queried, returning: null: TSI.gSCMFU@AAk
05-15 17:11:24.999 W/System  ( 3182): ClassLoader referenced unknown path: /system/app/Calendar/lib/x86_64
05-15 17:11:25.620 D/ExtensionsFactory( 3182): No custom extensions.
05-15 17:11:25.661 D/AlertReceiver( 3182): onReceive: a=android.intent.action.BOOT_COMPLETED Intent { act=android.intent.action.BOOT_COMPLETED flg=0x9000010 cmp=com.android.calendar/.alerts.AlertReceiver (has extras) }
05-15 17:11:25.793 D/AlertUtils( 3182): Flushing old alerts from shared prefs table
05-15 17:11:25.846 D/AlertService( 3182): 0 Action = android.intent.action.BOOT_COMPLETED
05-15 17:11:25.907 D/AlertService( 3182): Scheduling next alarm with AlarmScheduler. sEventReminderReceived: null
05-15 17:11:25.968 W/System  ( 3124): ClassLoader referenced unknown path: 
05-15 17:11:25.969 W/System  ( 3124): ClassLoader referenced unknown path: /system/priv-app/Dialer/lib/x86_64
05-15 17:11:25.983 D/ApplicationLoaders( 3124): ignored Vulkan layer search path /system/priv-app/Dialer/lib/x86_64:/system/lib64:/vendor/lib64 for namespace 0x798e69a4c0f0
05-15 17:11:25.991 W/ActivityManager( 2214): Slow operation: 72ms so far, now at startProcess: returned from zygote!
05-15 17:11:25.991 W/ActivityManager( 2214): Slow operation: 72ms so far, now at startProcess: done updating battery stats
05-15 17:11:25.991 W/ActivityManager( 2214): Slow operation: 73ms so far, now at startProcess: building log message
05-15 17:11:25.991 I/ActivityManager( 2214): Start proc 3219:com.android.providers.calendar/u0a2 for content provider com.android.providers.calendar/.CalendarProvider2
05-15 17:11:25.991 W/ActivityManager( 2214): Slow operation: 73ms so far, now at startProcess: starting to update pids map
05-15 17:11:25.991 W/ActivityManager( 2214): Slow operation: 73ms so far, now at startProcess: done updating pids map
05-15 17:11:25.992 W/ActivityManager( 2214): Slow operation: 74ms so far, now at startProcess: done starting proc!
05-15 17:11:25.992 W/ActivityManager( 2214): Slow operation: 75ms so far, now at getContentProviderImpl: after start process
05-15 17:11:25.992 W/ActivityManager( 2214): Slow operation: 75ms so far, now at getContentProviderImpl: updating data structures
05-15 17:11:25.992 W/ActivityManager( 2214): Slow operation: 76ms so far, now at getContentProviderImpl: done!
05-15 17:11:26.001 W/art     ( 3219): Unexpected CPU variant for X86 using defaults: x86_64
05-15 17:11:26.127 I/AlarmClock( 2841): AlarmInitReceiver android.intent.action.BOOT_COMPLETED
05-15 17:11:26.224 E/BluetoothAdapter( 3124): Bluetooth binder is null
05-15 17:11:26.289 I/CameraManagerGlobal( 3124): Connecting to camera service
05-15 17:11:26.298 W/System  ( 3219): ClassLoader referenced unknown path: /system/priv-app/CalendarProvider/lib/x86_64
05-15 17:11:26.325 V/EmulatedCamera_Camera( 1325): getCameraInfo
05-15 17:11:26.326 V/EmulatedCamera_BaseCamera( 1325): getCameraInfo
05-15 17:11:26.326 I/CameraService( 1325): getCameraCharacteristics: Switching to HAL1 shim implementation...
05-15 17:11:26.326 V/EmulatedCamera_Camera( 1325): getCameraInfo
05-15 17:11:26.327 V/EmulatedCamera_BaseCamera( 1325): getCameraInfo
05-15 17:11:26.339 V/EmulatedCamera_Camera( 1325): getCameraInfo
05-15 17:11:26.339 V/EmulatedCamera_BaseCamera( 1325): getCameraInfo
05-15 17:11:26.354 V/EmulatedCamera_Camera( 1325): getCameraInfo
05-15 17:11:26.354 V/EmulatedCamera_BaseCamera( 1325): getCameraInfo
05-15 17:11:26.431 I/ActivityManager( 2214): Waited long enough for: ServiceRecord{e255c6c u0 com.android.providers.media/.MediaScannerService}
05-15 17:11:26.447 I/StatusBar( 3124): isKeyguardShowing() called before startKeyguard(), returning true
05-15 17:11:26.449 W/StatusBar( 3124): isKeyguardSecure() called before startKeyguard(), returning false
05-15 17:11:26.449 W/StatusBar( 3124): java.lang.Throwable
05-15 17:11:26.449 W/StatusBar( 3124): 	at com.android.systemui.statusbar.BaseStatusBar.isKeyguardSecure(BaseStatusBar.java:2647)
05-15 17:11:26.449 W/StatusBar( 3124): 	at com.android.systemui.statusbar.BaseStatusBar.isCameraAllowedByAdmin(BaseStatusBar.java:2670)
05-15 17:11:26.449 W/StatusBar( 3124): 	at com.android.systemui.statusbar.phone.KeyguardBottomAreaView.updateCameraVisibility(KeyguardBottomAreaView.java:309)
05-15 17:11:26.449 W/StatusBar( 3124): 	at com.android.systemui.statusbar.phone.KeyguardBottomAreaView.setPhoneStatusBar(KeyguardBottomAreaView.java:272)
05-15 17:11:26.449 W/StatusBar( 3124): 	at com.android.systemui.statusbar.phone.PhoneStatusBar.makeStatusBarView(PhoneStatusBar.java:904)
05-15 17:11:26.449 W/StatusBar( 3124): 	at com.android.systemui.statusbar.phone.PhoneStatusBar.addStatusBarWindow(PhoneStatusBar.java:3432)
05-15 17:11:26.449 W/StatusBar( 3124): 	at com.android.systemui.statusbar.phone.PhoneStatusBar.createAndAddWindows(PhoneStatusBar.java:3428)
05-15 17:11:26.449 W/StatusBar( 3124): 	at com.android.systemui.statusbar.BaseStatusBar.start(BaseStatusBar.java:765)
05-15 17:11:26.449 W/StatusBar( 3124): 	at com.android.systemui.statusbar.phone.PhoneStatusBar.start(PhoneStatusBar.java:686)
05-15 17:11:26.449 W/StatusBar( 3124): 	at com.android.systemui.statusbar.SystemBars.createStatusBarFromConfig(SystemBars.java:106)
05-15 17:11:26.449 W/StatusBar( 3124): 	at com.android.systemui.statusbar.SystemBars.onNoService(SystemBars.java:58)
05-15 17:11:26.449 W/StatusBar( 3124): 	at com.android.systemui.statusbar.ServiceMonitor.startService(ServiceMonitor.java:230)
05-15 17:11:26.449 W/StatusBar( 3124): 	at com.android.systemui.statusbar.ServiceMonitor.-wrap5(ServiceMonitor.java)
05-15 17:11:26.449 W/StatusBar( 3124): 	at com.android.systemui.statusbar.ServiceMonitor$1.handleMessage(ServiceMonitor.java:73)
05-15 17:11:26.449 W/StatusBar( 3124): 	at android.os.Handler.dispatchMessage(Handler.java:102)
05-15 17:11:26.449 W/StatusBar( 3124): 	at android.os.Looper.loop(Looper.java:154)
05-15 17:11:26.449 W/StatusBar( 3124): 	at android.app.ActivityThread.main(ActivityThread.java:6119)
05-15 17:11:26.449 W/StatusBar( 3124): 	at java.lang.reflect.Method.invoke(Native Method)
05-15 17:11:26.449 W/StatusBar( 3124): 	at com.android.internal.os.ZygoteInit$MethodAndArgsCaller.run(ZygoteInit.java:886)
05-15 17:11:26.449 W/StatusBar( 3124): 	at com.android.internal.os.ZygoteInit.main(ZygoteInit.java:776)
05-15 17:11:26.464 I/StatusBar( 3124): isKeyguardShowing() called before startKeyguard(), returning true
05-15 17:11:26.465 W/StatusBar( 3124): isKeyguardSecure() called before startKeyguard(), returning false
05-15 17:11:26.465 W/StatusBar( 3124): java.lang.Throwable
05-15 17:11:26.465 W/StatusBar( 3124): 	at com.android.systemui.statusbar.BaseStatusBar.isKeyguardSecure(BaseStatusBar.java:2647)
05-15 17:11:26.465 W/StatusBar( 3124): 	at com.android.systemui.statusbar.BaseStatusBar.isCameraAllowedByAdmin(BaseStatusBar.java:2670)
05-15 17:11:26.465 W/StatusBar( 3124): 	at com.android.systemui.statusbar.phone.KeyguardBottomAreaView.updateCameraVisibility(KeyguardBottomAreaView.java:309)
05-15 17:11:26.465 W/StatusBar( 3124): 	at com.android.systemui.statusbar.phone.KeyguardBottomAreaView.setUserSetupComplete(KeyguardBottomAreaView.java:281)
05-15 17:11:26.465 W/StatusBar( 3124): 	at com.android.systemui.statusbar.phone.PhoneStatusBar.makeStatusBarView(PhoneStatusBar.java:905)
05-15 17:11:26.465 W/StatusBar( 3124): 	at com.android.systemui.statusbar.phone.PhoneStatusBar.addStatusBarWindow(PhoneStatusBar.java:3432)
05-15 17:11:26.465 W/StatusBar( 3124): 	at com.android.systemui.statusbar.phone.PhoneStatusBar.createAndAddWindows(PhoneStatusBar.java:3428)
05-15 17:11:26.465 W/StatusBar( 3124): 	at com.android.systemui.statusbar.BaseStatusBar.start(BaseStatusBar.java:765)
05-15 17:11:26.465 W/StatusBar( 3124): 	at com.android.systemui.statusbar.phone.PhoneStatusBar.start(PhoneStatusBar.java:686)
05-15 17:11:26.465 W/StatusBar( 3124): 	at com.android.systemui.statusbar.SystemBars.createStatusBarFromConfig(SystemBars.java:106)
05-15 17:11:26.465 W/StatusBar( 3124): 	at com.android.systemui.statusbar.SystemBars.onNoService(SystemBars.java:58)
05-15 17:11:26.465 W/StatusBar( 3124): 	at com.android.systemui.statusbar.ServiceMonitor.startService(ServiceMonitor.java:230)
05-15 17:11:26.465 W/StatusBar( 3124): 	at com.android.systemui.statusbar.ServiceMonitor.-wrap5(ServiceMonitor.java)
05-15 17:11:26.465 W/StatusBar( 3124): 	at com.android.systemui.statusbar.ServiceMonitor$1.handleMessage(ServiceMonitor.java:73)
05-15 17:11:26.465 W/StatusBar( 3124): 	at android.os.Handler.dispatchMessage(Handler.java:102)
05-15 17:11:26.465 W/StatusBar( 3124): 	at android.os.Looper.loop(Looper.java:154)
05-15 17:11:26.465 W/StatusBar( 3124): 	at android.app.ActivityThread.main(ActivityThread.java:6119)
05-15 17:11:26.465 W/StatusBar( 3124): 	at java.lang.reflect.Method.invoke(Native Method)
05-15 17:11:26.465 W/StatusBar( 3124): 	at com.android.internal.os.ZygoteInit$MethodAndArgsCaller.run(ZygoteInit.java:886)
05-15 17:11:26.465 W/StatusBar( 3124): 	at com.android.internal.os.ZygoteInit.main(ZygoteInit.java:776)
05-15 17:11:26.560 I/art     ( 2214): Background partial concurrent mark sweep GC freed 17669(1441KB) AllocSpace objects, 11(364KB) LOS objects, 29% free, 9MB/13MB, paused 1.539ms total 183.166ms
05-15 17:11:26.673 V/AlarmClock( 2841): AlarmInitReceiver finished
05-15 17:11:26.728 W/art     ( 3236): Unexpected CPU variant for X86 using defaults: x86_64
05-15 17:11:26.744 W/ActivityManager( 2214): Slow operation: 80ms so far, now at startProcess: returned from zygote!
05-15 17:11:26.744 W/ActivityManager( 2214): Slow operation: 81ms so far, now at startProcess: done updating battery stats
05-15 17:11:26.744 W/ActivityManager( 2214): Slow operation: 81ms so far, now at startProcess: building log message
05-15 17:11:26.744 I/ActivityManager( 2214): Start proc 3236:com.android.email/u0a34 for broadcast com.android.email/.service.EmailBroadcastReceiver
05-15 17:11:26.744 W/ActivityManager( 2214): Slow operation: 81ms so far, now at startProcess: starting to update pids map
05-15 17:11:26.745 W/ActivityManager( 2214): Slow operation: 81ms so far, now at startProcess: done updating pids map
05-15 17:11:26.745 W/ActivityManager( 2214): Slow operation: 81ms so far, now at startProcess: done starting proc!
05-15 17:11:26.809 V/EmulatedCamera_Camera( 1325): getCameraInfo
05-15 17:11:26.809 V/EmulatedCamera_BaseCamera( 1325): getCameraInfo
05-15 17:11:26.821 V/EmulatedCamera_Camera( 1325): getCameraInfo
05-15 17:11:26.821 V/EmulatedCamera_BaseCamera( 1325): getCameraInfo
05-15 17:11:26.869 V/MediaScanner( 3068): pruneDeadThumbnailFiles... android.content.ContentProviderClient$CursorWrapperInner@6aad6d9
05-15 17:11:26.989 V/MediaScanner( 3068): /pruneDeadThumbnailFiles... android.content.ContentProviderClient$CursorWrapperInner@6aad6d9
05-15 17:11:27.068 I/art     ( 3124): Background sticky concurrent mark sweep GC freed 8335(1947KB) AllocSpace objects, 0(0B) LOS objects, 14% free, 12MB/14MB, paused 1.403ms total 119.579ms
05-15 17:11:27.198 I/StatusBar( 3124): isKeyguardShowing() called before startKeyguard(), returning true
05-15 17:11:27.200 W/StatusBar( 3124): isKeyguardSecure() called before startKeyguard(), returning false
05-15 17:11:27.200 W/StatusBar( 3124): java.lang.Throwable
05-15 17:11:27.200 W/StatusBar( 3124): 	at com.android.systemui.statusbar.BaseStatusBar.isKeyguardSecure(BaseStatusBar.java:2647)
05-15 17:11:27.200 W/StatusBar( 3124): 	at com.android.systemui.statusbar.BaseStatusBar.isCameraAllowedByAdmin(BaseStatusBar.java:2670)
05-15 17:11:27.200 W/StatusBar( 3124): 	at com.android.systemui.statusbar.phone.KeyguardBottomAreaView.updateCameraVisibility(KeyguardBottomAreaView.java:309)
05-15 17:11:27.200 W/StatusBar( 3124): 	at com.android.systemui.statusbar.phone.KeyguardBottomAreaView.setUserSetupComplete(KeyguardBottomAreaView.java:281)
05-15 17:11:27.200 W/StatusBar( 3124): 	at com.android.systemui.statusbar.phone.PhoneStatusBar$1.onChange(PhoneStatusBar.java:441)
05-15 17:11:27.200 W/StatusBar( 3124): 	at com.android.systemui.statusbar.phone.PhoneStatusBar.resetUserSetupObserver(PhoneStatusBar.java:3676)
05-15 17:11:27.200 W/StatusBar( 3124): 	at com.android.systemui.statusbar.phone.PhoneStatusBar.makeStatusBarView(PhoneStatusBar.java:1008)
05-15 17:11:27.200 W/StatusBar( 3124): 	at com.android.systemui.statusbar.phone.PhoneStatusBar.addStatusBarWindow(PhoneStatusBar.java:3432)
05-15 17:11:27.200 W/StatusBar( 3124): 	at com.android.systemui.statusbar.phone.PhoneStatusBar.createAndAddWindows(PhoneStatusBar.java:3428)
05-15 17:11:27.200 W/StatusBar( 3124): 	at com.android.systemui.statusbar.BaseStatusBar.start(BaseStatusBar.java:765)
05-15 17:11:27.200 W/StatusBar( 3124): 	at com.android.systemui.statusbar.phone.PhoneStatusBar.start(PhoneStatusBar.java:686)
05-15 17:11:27.200 W/StatusBar( 3124): 	at com.android.systemui.statusbar.SystemBars.createStatusBarFromConfig(SystemBars.java:106)
05-15 17:11:27.200 W/StatusBar( 3124): 	at com.android.systemui.statusbar.SystemBars.onNoService(SystemBars.java:58)
05-15 17:11:27.200 W/StatusBar( 3124): 	at com.android.systemui.statusbar.ServiceMonitor.startService(ServiceMonitor.java:230)
05-15 17:11:27.200 W/StatusBar( 3124): 	at com.android.systemui.statusbar.ServiceMonitor.-wrap5(ServiceMonitor.java)
05-15 17:11:27.200 W/StatusBar( 3124): 	at com.android.systemui.statusbar.ServiceMonitor$1.handleMessage(ServiceMonitor.java:73)
05-15 17:11:27.200 W/StatusBar( 3124): 	at android.os.Handler.dispatchMessage(Handler.java:102)
05-15 17:11:27.200 W/StatusBar( 3124): 	at android.os.Looper.loop(Looper.java:154)
05-15 17:11:27.200 W/StatusBar( 3124): 	at android.app.ActivityThread.main(ActivityThread.java:6119)
05-15 17:11:27.200 W/StatusBar( 3124): 	at java.lang.reflect.Method.invoke(Native Method)
05-15 17:11:27.200 W/StatusBar( 3124): 	at com.android.internal.os.ZygoteInit$MethodAndArgsCaller.run(ZygoteInit.java:886)
05-15 17:11:27.200 W/StatusBar( 3124): 	at com.android.internal.os.ZygoteInit.main(ZygoteInit.java:776)
05-15 17:11:27.221 I/CalendarProvider2( 3219): Created com.android.providers.calendar.CalendarAlarmManager@14e059f(com.android.providers.calendar.CalendarProvider2@be906ec)
05-15 17:11:27.235 E/SurfaceFlinger( 1319): ro.sf.lcd_density must be defined as a build property
05-15 17:11:27.240 D/OpenGLRenderer( 3124): profile bars disabled
05-15 17:11:27.252 D/OpenGLRenderer( 3124): ambientRatio = 1.50
05-15 17:11:27.265 W/System  ( 3236): ClassLoader referenced unknown path: /system/app/Email/lib/x86_64
05-15 17:11:27.279 D/PhoneStatusBar( 3124): disable: < EXPAND* icons alerts system_info BACK* HOME* RECENT* clock SEARCH* quick_settings >
05-15 17:11:27.560 D/AlarmScheduler( 3182): No events found starting within 1 week.
05-15 17:11:27.710 D/PhoneStatusBar( 3124): heads up is enabled
05-15 17:11:27.918 V/KeyguardServiceDelegate( 2214): **** SHOWN CALLED ****
05-15 17:11:27.985 W/art     ( 2214): Long monitor contention with owner Binder:2214_7 (2673) at int com.android.server.wm.WindowManagerService.relayoutWindow(com.android.server.wm.Session, android.view.IWindow, int, android.view.WindowManager$LayoutParams, int, int, int, int, android.graphics.Rect, android.graphics.Rect, android.graphics.Rect, android.graphics.Rect, android.graphics.Rect, android.graphics.Rect, android.graphics.Rect, android.content.res.Configuration, android.view.Surface)(WindowManagerService.java:2857) waiters=0 in void com.android.server.wm.WindowManagerService$H.handleMessage(android.os.Message) for 101ms
05-15 17:11:28.175 W/art     ( 2214): Long monitor contention with owner android.display (2259) at void com.android.server.wm.WindowAnimator$1.doFrame(long)(WindowAnimator.java:144) waiters=1 in int com.android.server.wm.WindowManagerService.relayoutWindow(com.android.server.wm.Session, android.view.IWindow, int, android.view.WindowManager$LayoutParams, int, int, int, int, android.graphics.Rect, android.graphics.Rect, android.graphics.Rect, android.graphics.Rect, android.graphics.Rect, android.graphics.Rect, android.graphics.Rect, android.content.res.Configuration, android.view.Surface) for 171ms
05-15 17:11:28.521 W/art     ( 2214): Long monitor contention with owner Binder:2214_B (3123) at int com.android.server.wm.WindowManagerService.relayoutWindow(com.android.server.wm.Session, android.view.IWindow, int, android.view.WindowManager$LayoutParams, int, int, int, int, android.graphics.Rect, android.graphics.Rect, android.graphics.Rect, android.graphics.Rect, android.graphics.Rect, android.graphics.Rect, android.graphics.Rect, android.content.res.Configuration, android.view.Surface)(WindowManagerService.java:2857) waiters=1 in void com.android.server.wm.WindowManagerService$H.handleMessage(android.os.Message) for 501ms
05-15 17:11:28.522 I/Choreographer( 2214): Skipped 30 frames!  The application may be doing too much work on its main thread.
05-15 17:11:28.524 W/art     ( 2214): Long monitor contention with owner android.ui (2249) at int com.android.server.wm.WindowManagerService.relayoutWindow(com.android.server.wm.Session, android.view.IWindow, int, android.view.WindowManager$LayoutParams, int, int, int, int, android.graphics.Rect, android.graphics.Rect, android.graphics.Rect, android.graphics.Rect, android.graphics.Rect, android.graphics.Rect, android.graphics.Rect, android.content.res.Configuration, android.view.Surface)(WindowManagerService.java:2857) waiters=1 in void com.android.server.wm.WindowManagerService.finishDrawingWindow(com.android.server.wm.Session, android.view.IWindow) for 341ms
05-15 17:11:28.542 W/KeyguardUpdateMonitor( 3124): invalid subId in handleSimStateChange()
05-15 17:11:28.567 I/CalendarProvider2( 3219): Sending notification intent: Intent { act=android.intent.action.PROVIDER_CHANGED dat=content://com.android.calendar flg=0x20000000 }
05-15 17:11:28.568 W/ContentResolver( 3219): Failed to get type for: content://com.android.calendar (Unknown URL content://com.android.calendar)
05-15 17:11:28.699 D/gralloc_ranchu( 3124): Emulator without host-side GPU emulation detected. Loading gralloc.default.so from /vendor/lib64/hw/gralloc.goldfish.default.so...
05-15 17:11:28.711 D/gralloc_ranchu( 3124): gralloc.default.so not found in /vendor. Trying /system/lib64/hw/gralloc.goldfish.default.so...
05-15 17:11:28.818 I/Choreographer( 3124): Skipped 166 frames!  The application may be doing too much work on its main thread.
05-15 17:11:28.878 D/ViewRootImpl[StatusBar]( 3124): changeCanvasOpacity: opaque=true
05-15 17:11:30.085 W/art     ( 2214): Long monitor contention with owner android.display (2259) at void com.android.server.wm.WindowManagerService$H.handleMessage(android.os.Message)(WindowManagerService.java:8368) waiters=1 in void com.android.server.wm.WindowManagerService.getInitialDisplaySize(int, android.graphics.Point) for 428ms
05-15 17:11:30.086 W/art     ( 2214): Long monitor contention with owner Binder:2214_1 (2233) at int com.android.server.wm.WindowManagerService.relayoutWindow(com.android.server.wm.Session, android.view.IWindow, int, android.view.WindowManager$LayoutParams, int, int, int, int, android.graphics.Rect, android.graphics.Rect, android.graphics.Rect, android.graphics.Rect, android.graphics.Rect, android.graphics.Rect, android.graphics.Rect, android.content.res.Configuration, android.view.Surface)(WindowManagerService.java:2857) waiters=1 in void com.android.server.wm.WindowAnimator$1.doFrame(long) for 348ms
05-15 17:11:30.625 D/WifiService( 2214): New client listening to asynchronous messages
05-15 17:11:30.966 W/ActivityManager( 2214): Unable to start service Intent { act=com.android.email.EXCHANGE_INTENT pkg=com.android.exchange } U=0: not found
05-15 17:11:31.036 D/ActivityThread( 3236): Loading provider com.android.email.provider;com.android.email.notifier: com.android.email.provider.EmailProvider
05-15 17:11:31.335 W/art     ( 2214): Long monitor contention with owner Binder:2214_A (3122) at int com.android.server.wm.WindowManagerService.relayoutWindow(com.android.server.wm.Session, android.view.IWindow, int, android.view.WindowManager$LayoutParams, int, int, int, int, android.graphics.Rect, android.graphics.Rect, android.graphics.Rect, android.graphics.Rect, android.graphics.Rect, android.graphics.Rect, android.graphics.Rect, android.content.res.Configuration, android.view.Surface)(WindowManagerService.java:2857) waiters=0 in void com.android.server.wm.WindowManagerService$H.handleMessage(android.os.Message) for 209ms
05-15 17:11:31.339 I/Choreographer( 3124): Skipped 151 frames!  The application may be doing too much work on its main thread.
05-15 17:11:31.514 W/ActivityManager( 2214): Unable to start service Intent { act=com.android.email.EXCHANGE_INTENT pkg=com.android.exchange } U=0: not found
05-15 17:11:31.855 W/art     ( 2214): Long monitor contention with owner android.display (2259) at void com.android.server.wm.WindowManagerService$H.handleMessage(android.os.Message)(WindowManagerService.java:8368) waiters=0 in void com.android.server.wm.WindowManagerService.finishDrawingWindow(com.android.server.wm.Session, android.view.IWindow) for 214ms
05-15 17:11:31.975 W/art     ( 3236): Suspending all threads took: 6.281ms
05-15 17:11:32.161 I/SystemBroadcastReceiver( 2429): Boot has been completed
05-15 17:11:32.162 I/SystemBroadcastReceiver( 2429): toggleAppIcon() : FLAG_SYSTEM = true
05-15 17:11:32.229 W/art     ( 3236): Long monitor contention with owner AsyncTask #2 (3257) at long android.database.sqlite.SQLiteConnection.nativeOpen(java.lang.String, int, java.lang.String, boolean, boolean)(SQLiteConnection.java:-2) waiters=0 in android.database.sqlite.SQLiteDatabase com.android.email.provider.EmailProvider.getDatabase(android.content.Context) for 687ms
05-15 17:11:32.435 W/ActivityManager( 2214): Slow operation: 84ms so far, now at startProcess: returned from zygote!
05-15 17:11:32.435 W/ActivityManager( 2214): Slow operation: 84ms so far, now at startProcess: done updating battery stats
05-15 17:11:32.435 W/ActivityManager( 2214): Slow operation: 85ms so far, now at startProcess: building log message
05-15 17:11:32.435 I/ActivityManager( 2214): Start proc 3262:com.android.managedprovisioning/u0a14 for broadcast com.android.managedprovisioning/.BootReminder
05-15 17:11:32.435 W/ActivityManager( 2214): Slow operation: 85ms so far, now at startProcess: starting to update pids map
05-15 17:11:32.436 W/ActivityManager( 2214): Slow operation: 85ms so far, now at startProcess: done updating pids map
05-15 17:11:32.436 W/ActivityManager( 2214): Slow operation: 94ms so far, now at startProcess: done starting proc!
05-15 17:11:32.450 D/PhoneStatusBar( 3124): disable: < expand* icons alerts system_info back* home* recent* clock search* quick_settings >
05-15 17:11:32.474 W/art     ( 3262): Unexpected CPU variant for X86 using defaults: x86_64
05-15 17:11:32.657 W/ActivityManager( 2214): Unable to start service Intent { act=com.android.email.EXCHANGE_INTENT pkg=com.android.exchange } U=0: not found
05-15 17:11:32.672 W/ActivityManager( 2214): Unable to start service Intent { cmp=com.android.email/.service.AttachmentService } U=0: not found
05-15 17:11:32.684 W/art     ( 3236): Long monitor contention with owner AsyncTask #2 (3257) at boolean android.os.BinderProxy.transactNative(int, android.os.Parcel, android.os.Parcel, int)(Binder.java:-2) waiters=0 in void com.android.email.provider.AccountReconciler.reconcileAccounts(android.content.Context) for 564ms
05-15 17:11:32.707 W/ActivityManager( 2214): Unable to start service Intent { act=com.android.email.EXCHANGE_INTENT pkg=com.android.exchange } U=0: not found
05-15 17:11:32.723 W/ActivityManager( 2214): Unable to start service Intent { act=com.android.email.EXCHANGE_INTENT pkg=com.android.exchange } U=0: not found
05-15 17:11:32.796 W/art     ( 2214): Long monitor contention with owner Binder:2214_1 (2233) at int com.android.server.wm.WindowManagerService.relayoutWindow(com.android.server.wm.Session, android.view.IWindow, int, android.view.WindowManager$LayoutParams, int, int, int, int, android.graphics.Rect, android.graphics.Rect, android.graphics.Rect, android.graphics.Rect, android.graphics.Rect, android.graphics.Rect, android.graphics.Rect, android.content.res.Configuration, android.view.Surface)(WindowManagerService.java:2857) waiters=0 in void com.android.server.wm.WindowManagerService$H.handleMessage(android.os.Message) for 211ms
05-15 17:11:32.835 W/System  ( 3262): ClassLoader referenced unknown path: /system/priv-app/ManagedProvisioning/lib/x86_64
05-15 17:11:32.861 W/ActivityManager( 2214): Unable to start service Intent { cmp=com.android.email/.service.AttachmentService } U=0: not found
05-15 17:11:32.901 E/ActivityThread( 3236): Service com.android.email.service.EmailBroadcastProcessorService has leaked ServiceConnection com.android.emailcommon.service.ServiceProxy$ProxyConnection@17634fa that was originally bound here
05-15 17:11:32.901 E/ActivityThread( 3236): android.app.ServiceConnectionLeaked: Service com.android.email.service.EmailBroadcastProcessorService has leaked ServiceConnection com.android.emailcommon.service.ServiceProxy$ProxyConnection@17634fa that was originally bound here
05-15 17:11:32.901 E/ActivityThread( 3236): 	at android.app.LoadedApk$ServiceDispatcher.<init>(LoadedApk.java:1336)
05-15 17:11:32.901 E/ActivityThread( 3236): 	at android.app.LoadedApk.getServiceDispatcher(LoadedApk.java:1231)
05-15 17:11:32.901 E/ActivityThread( 3236): 	at android.app.ContextImpl.bindServiceCommon(ContextImpl.java:1450)
05-15 17:11:32.901 E/ActivityThread( 3236): 	at android.app.ContextImpl.bindService(ContextImpl.java:1422)
05-15 17:11:32.901 E/ActivityThread( 3236): 	at android.content.ContextWrapper.bindService(ContextWrapper.java:636)
05-15 17:11:32.901 E/ActivityThread( 3236): 	at com.android.emailcommon.service.ServiceProxy.setTask(ServiceProxy.java:181)
05-15 17:11:32.901 E/ActivityThread( 3236): 	at com.android.emailcommon.service.ServiceProxy.test(ServiceProxy.java:224)
05-15 17:11:32.901 E/ActivityThread( 3236): 	at com.android.email.service.EmailServiceUtils.isServiceAvailable(EmailServiceUtils.java:160)
05-15 17:11:32.901 E/ActivityThread( 3236): 	at com.android.email.provider.AccountReconciler.reconcileAccountsInternal(AccountReconciler.java:171)
05-15 17:11:32.901 E/ActivityThread( 3236): 	at com.android.email.provider.AccountReconciler.reconcileAccounts(AccountReconciler.java:115)
05-15 17:11:32.901 E/ActivityThread( 3236): 	at com.android.email.service.EmailBroadcastProcessorService.reconcileAndStartServices(EmailBroadcastProcessorService.java:305)
05-15 17:11:32.901 E/ActivityThread( 3236): 	at com.android.email.service.EmailBroadcastProcessorService.onBootCompleted(EmailBroadcastProcessorService.java:295)
05-15 17:11:32.901 E/ActivityThread( 3236): 	at com.android.email.service.EmailBroadcastProcessorService.onHandleIntent(EmailBroadcastProcessorService.java:130)
05-15 17:11:32.901 E/ActivityThread( 3236): 	at android.app.IntentService$ServiceHandler.handleMessage(IntentService.java:68)
05-15 17:11:32.901 E/ActivityThread( 3236): 	at android.os.Handler.dispatchMessage(Handler.java:102)
05-15 17:11:32.901 E/ActivityThread( 3236): 	at android.os.Looper.loop(Looper.java:154)
05-15 17:11:32.901 E/ActivityThread( 3236): 	at android.os.HandlerThread.run(HandlerThread.java:61)
05-15 17:11:32.902 W/ActivityManager( 2214): Unbind failed: could not find connection for android.os.BinderProxy@56d1841
05-15 17:11:32.953 I/Email   ( 3236): Observing account changes for notifications
05-15 17:11:32.993 W/ActivityManager( 2214): Unable to start service Intent { act=com.android.email.EXCHANGE_INTENT pkg=com.android.exchange } U=0: not found
05-15 17:11:33.035 W/art     ( 2214): Long monitor contention with owner android.display (2259) at void com.android.server.wm.WindowManagerService$H.handleMessage(android.os.Message)(WindowManagerService.java:8368) waiters=0 in int com.android.server.wm.WindowManagerService.relayoutWindow(com.android.server.wm.Session, android.view.IWindow, int, android.view.WindowManager$LayoutParams, int, int, int, int, android.graphics.Rect, android.graphics.Rect, android.graphics.Rect, android.graphics.Rect, android.graphics.Rect, android.graphics.Rect, android.graphics.Rect, android.content.res.Configuration, android.view.Surface) for 206ms
05-15 17:11:33.155 I/ActivityManager( 2214): Start proc 3278:com.android.messaging/u0a54 for broadcast com.android.messaging/.receiver.BootAndPackageReplacedReceiver
05-15 17:11:33.185 W/art     ( 3278): Unexpected CPU variant for X86 using defaults: x86_64
05-15 17:11:33.255 W/art     ( 2214): Long monitor contention with owner Binder:2214_5 (2546) at int com.android.server.wm.WindowManagerService.relayoutWindow(com.android.server.wm.Session, android.view.IWindow, int, android.view.WindowManager$LayoutParams, int, int, int, int, android.graphics.Rect, android.graphics.Rect, android.graphics.Rect, android.graphics.Rect, android.graphics.Rect, android.graphics.Rect, android.graphics.Rect, android.content.res.Configuration, android.view.Surface)(WindowManagerService.java:2857) waiters=0 in void com.android.server.wm.WindowAnimator$1.doFrame(long) for 203ms
05-15 17:11:33.266 I/Choreographer( 3124): Skipped 112 frames!  The application may be doing too much work on its main thread.
05-15 17:11:33.453 W/System  ( 3278): ClassLoader referenced unknown path: /system/app/messaging/lib/x86_64
05-15 17:11:33.524 W/art     ( 2214): Long monitor contention with owner android.display (2259) at void com.android.server.wm.WindowManagerService$H.handleMessage(android.os.Message)(WindowManagerService.java:8368) waiters=0 in void com.android.server.wm.WindowManagerService.finishDrawingWindow(com.android.server.wm.Session, android.view.IWindow) for 177ms
05-15 17:11:35.635 I/MessagingApp( 3278): Carrier config changed. Reloading MMS config.
05-15 17:11:35.648 V/VvmBootCompletedRcvr( 2646): processing subId list
05-15 17:11:35.684 E/VvmBootCompletedRcvr( 2646): phone account ComponentInfo{com.android.phone/com.android.services.telephony.TelephonyConnectionService}, [e2f7d48dd2b5ca523e7313cf4ba0f6ea830b6281], UserHandle{0} has invalid subId -1
05-15 17:11:35.766 I/MessagingAppDataModel( 3278): Fixup: Send failed - 0 Download failed - 0
05-15 17:11:36.048 I/MessagingAppDataModel( 3278): SyncMessagesAction: Starting batch for messages from 1616676894217 to 1621098695530 (message update limit = 80, message scan limit = 4000)
05-15 17:11:36.152 I/VvmSimChangeReceiver( 2646): Received SIM change for invalid subscription id.
05-15 17:11:36.215 D/AlertReceiver( 3182): onReceive: a=android.intent.action.PROVIDER_CHANGED Intent { act=android.intent.action.PROVIDER_CHANGED dat=content://com.android.calendar flg=0x20000010 cmp=com.android.calendar/.alerts.AlertReceiver }
05-15 17:11:36.246 D/AlertService( 3182): 0 Action = android.intent.action.PROVIDER_CHANGED
05-15 17:11:36.817 I/MessagingAppDataModel( 3278): SyncMessagesAction: All messages now in sync
05-15 17:11:37.782 W/MediaScanner( 3068): Error opening directory '/oem/media/', skipping: No such file or directory.
05-15 17:11:37.963 V/MediaScanner( 3068): pruneDeadThumbnailFiles... android.content.ContentProviderClient$CursorWrapperInner@a9f8811
05-15 17:11:37.964 V/MediaScanner( 3068): /pruneDeadThumbnailFiles... android.content.ContentProviderClient$CursorWrapperInner@a9f8811
05-15 17:11:40.891 I/ActivityManager( 2214): Waited long enough for: ServiceRecord{8be1cd8 u0 com.android.calendar/.alerts.InitAlarmsService}
05-15 17:11:41.288 I/GlobalDismissManager( 3182): no sender configured
05-15 17:11:41.289 D/AlertService( 3182): Beginning updateAlertNotification
05-15 17:11:41.327 D/AlertService( 3182): No fired or scheduled alerts
05-15 17:11:41.355 D/AlertService( 3182): Scheduling next alarm with AlarmScheduler. sEventReminderReceived: null
05-15 17:11:41.383 D/AlarmScheduler( 3182): No events found starting within 1 week.
05-15 17:11:55.930 D/InitAlarmsService( 3182): Clearing and rescheduling alarms.
05-15 17:11:59.238 W//sbin/adbd( 1321): type=1400 audit(0.0:16): avc: denied { search } for comm=7365727669636520363233 name="security" dev="vdc" ino=35203 scontext=u:r:adbd:s0 tcontext=u:object_r:security_file:s0 tclass=dir permissive=0
