05-24 12:41:16.882 I/ActivityManager( 1759): Start proc 2717:com.android.email/u0a34 for broadcast com.android.email/.service.EmailBroadcastReceiver
05-24 12:41:16.882 W/ActivityManager( 1759): Slow operation: 282ms so far, now at startProcess: starting to update pids map
05-24 12:41:16.882 W/ActivityManager( 1759): Slow operation: 282ms so far, now at startProcess: done updating pids map
05-24 12:41:16.882 W/ActivityManager( 1759): Slow operation: 282ms so far, now at startProcess: done starting proc!
05-24 12:41:16.883 W/art     ( 1759): Long monitor contention with owner Binder:1759_9 (2420) at void com.android.server.am.BroadcastQueue.processNextBroadcast(boolean)(BroadcastQueue.java:760) waiters=1 in com.android.server.am.ProcessRecord com.android.server.am.ActivityManagerService.findAppProcess(android.os.IBinder, java.lang.String) for 272ms
05-24 12:41:16.884 W/art     ( 1759): Long monitor contention with owner Binder:1759_9 (2420) at void com.android.server.am.BroadcastQueue.processNextBroadcast(boolean)(BroadcastQueue.java:760) waiters=2 in android.app.IActivityManager$ContentProviderHolder com.android.server.am.ActivityManagerService.getContentProviderImpl(android.app.IApplicationThread, java.lang.String, android.os.IBinder, boolean, int) for 268ms
05-24 12:41:16.951 W/art     ( 2717): Unexpected CPU variant for X86 using defaults: x86_64
05-24 12:41:17.016 W/art     ( 2723): Unexpected CPU variant for X86 using defaults: x86_64
05-24 12:41:17.036 W/ActivityManager( 1759): Slow operation: 151ms so far, now at startProcess: returned from zygote!
05-24 12:41:17.037 W/ActivityManager( 1759): Slow operation: 151ms so far, now at startProcess: done updating battery stats
05-24 12:41:17.037 W/ActivityManager( 1759): Slow operation: 151ms so far, now at startProcess: building log message
05-24 12:41:17.059 I/ActivityManager( 1759): Start proc 2723:com.android.providers.calendar/u0a2 for content provider com.android.providers.calendar/.CalendarProvider2
05-24 12:41:17.059 W/ActivityManager( 1759): Slow operation: 174ms so far, now at startProcess: starting to update pids map
05-24 12:41:17.059 W/ActivityManager( 1759): Slow operation: 174ms so far, now at startProcess: done updating pids map
05-24 12:41:17.060 W/ActivityManager( 1759): Slow operation: 174ms so far, now at startProcess: done starting proc!
05-24 12:41:17.060 W/ActivityManager( 1759): Slow operation: 175ms so far, now at getContentProviderImpl: after start process
05-24 12:41:17.060 W/ActivityManager( 1759): Slow operation: 175ms so far, now at getContentProviderImpl: updating data structures
05-24 12:41:17.060 W/ActivityManager( 1759): Slow operation: 176ms so far, now at getContentProviderImpl: done!
05-24 12:41:17.061 W/art     ( 1759): Long monitor contention with owner Binder:1759_9 (2420) at void com.android.server.am.BroadcastQueue.processNextBroadcast(boolean)(BroadcastQueue.java:760) waiters=2 in void com.android.server.am.ActivityManagerService.dispatchProcessesChanged() for 429ms
05-24 12:41:17.064 W/art     ( 1759): Long monitor contention with owner Binder:1759_9 (2420) at void com.android.server.am.BroadcastQueue.processNextBroadcast(boolean)(BroadcastQueue.java:760) waiters=3 in void com.android.server.am.ActivityManagerService$MainHandler.handleMessage(android.os.Message) for 433ms
05-24 12:41:17.065 W/art     ( 1759): Long monitor contention with owner Binder:1759_7 (2418) at android.app.IActivityManager$ContentProviderHolder com.android.server.am.ActivityManagerService.getContentProviderImpl(android.app.IApplicationThread, java.lang.String, android.os.IBinder, boolean, int)(ActivityManagerService.java:10666) waiters=2 in void com.android.server.am.ActivityManagerService.trimApplications() for 167ms
05-24 12:41:17.434 W/System  ( 2717): ClassLoader referenced unknown path: /system/app/Email/lib/x86_64
05-24 12:41:17.441 W/System  ( 2723): ClassLoader referenced unknown path: /system/priv-app/CalendarProvider/lib/x86_64
05-24 12:41:17.945 I/CalendarProvider2( 2723): Created com.android.providers.calendar.CalendarAlarmManager@18bd5a5(com.android.providers.calendar.CalendarProvider2@6406d7a)
05-24 12:41:18.082 D/AlarmScheduler( 2679): No events found starting within 1 week.
05-24 12:41:18.571 W/ActivityManager( 1759): Unable to start service Intent { act=com.android.email.EXCHANGE_INTENT pkg=com.android.exchange } U=0: not found
05-24 12:41:18.601 D/ActivityThread( 2717): Loading provider com.android.email.provider;com.android.email.notifier: com.android.email.provider.EmailProvider
05-24 12:41:18.654 W/ActivityManager( 1759): Unable to start service Intent { act=com.android.email.EXCHANGE_INTENT pkg=com.android.exchange } U=0: not found
05-24 12:41:18.660 D/ActivityThread( 2717): Loading provider com.android.email.provider;com.android.email.notifier: com.android.email.provider.EmailProvider
05-24 12:41:18.666 W/ActivityManager( 1759): Unable to start service Intent { act=com.android.email.EXCHANGE_INTENT pkg=com.android.exchange } U=0: not found
05-24 12:41:18.841 I/SystemBroadcastReceiver( 1987): Boot has been completed
05-24 12:41:18.841 I/SystemBroadcastReceiver( 1987): toggleAppIcon() : FLAG_SYSTEM = true
05-24 12:41:18.954 I/ActivityManager( 1759): Start proc 2754:com.android.managedprovisioning/u0a14 for broadcast com.android.managedprovisioning/.BootReminder
05-24 12:41:18.982 W/art     ( 2754): Unexpected CPU variant for X86 using defaults: x86_64
05-24 12:41:19.017 W/ActivityManager( 1759): Unable to start service Intent { act=com.android.email.EXCHANGE_INTENT pkg=com.android.exchange } U=0: not found
05-24 12:41:19.021 W/ActivityManager( 1759): Unable to start service Intent { cmp=com.android.email/.service.AttachmentService } U=0: not found
05-24 12:41:19.061 I/CalendarProvider2( 2723): Sending notification intent: Intent { act=android.intent.action.PROVIDER_CHANGED dat=content://com.android.calendar flg=0x20000000 }
05-24 12:41:19.063 W/ContentResolver( 2723): Failed to get type for: content://com.android.calendar (Unknown URL content://com.android.calendar)
05-24 12:41:19.210 I/art     ( 1759): Background partial concurrent mark sweep GC freed 11971(1020KB) AllocSpace objects, 10(440KB) LOS objects, 29% free, 9MB/13MB, paused 1.336ms total 130.056ms
05-24 12:41:19.218 W/System  ( 2754): ClassLoader referenced unknown path: /system/priv-app/ManagedProvisioning/lib/x86_64
05-24 12:41:19.241 I/Email   ( 2717): Observing account changes for notifications
05-24 12:41:19.250 W/ActivityManager( 1759): Unable to start service Intent { act=com.android.email.EXCHANGE_INTENT pkg=com.android.exchange } U=0: not found
05-24 12:41:19.256 W/ActivityManager( 1759): Unable to start service Intent { act=com.android.email.EXCHANGE_INTENT pkg=com.android.exchange } U=0: not found
05-24 12:41:19.290 E/ActivityThread( 2717): Service com.android.email.service.EmailBroadcastProcessorService has leaked ServiceConnection com.android.emailcommon.service.ServiceProxy$ProxyConnection@80eadf6 that was originally bound here
05-24 12:41:19.290 E/ActivityThread( 2717): android.app.ServiceConnectionLeaked: Service com.android.email.service.EmailBroadcastProcessorService has leaked ServiceConnection com.android.emailcommon.service.ServiceProxy$ProxyConnection@80eadf6 that was originally bound here
05-24 12:41:19.290 E/ActivityThread( 2717): 	at android.app.LoadedApk$ServiceDispatcher.<init>(LoadedApk.java:1336)
05-24 12:41:19.290 E/ActivityThread( 2717): 	at android.app.LoadedApk.getServiceDispatcher(LoadedApk.java:1231)
05-24 12:41:19.290 E/ActivityThread( 2717): 	at android.app.ContextImpl.bindServiceCommon(ContextImpl.java:1450)
05-24 12:41:19.290 E/ActivityThread( 2717): 	at android.app.ContextImpl.bindService(ContextImpl.java:1422)
05-24 12:41:19.290 E/ActivityThread( 2717): 	at android.content.ContextWrapper.bindService(ContextWrapper.java:636)
05-24 12:41:19.290 E/ActivityThread( 2717): 	at com.android.emailcommon.service.ServiceProxy.setTask(ServiceProxy.java:181)
05-24 12:41:19.290 E/ActivityThread( 2717): 	at com.android.emailcommon.service.ServiceProxy.test(ServiceProxy.java:224)
05-24 12:41:19.290 E/ActivityThread( 2717): 	at com.android.email.service.EmailServiceUtils.isServiceAvailable(EmailServiceUtils.java:160)
05-24 12:41:19.290 E/ActivityThread( 2717): 	at com.android.email.provider.AccountReconciler.reconcileAccountsInternal(AccountReconciler.java:171)
05-24 12:41:19.290 E/ActivityThread( 2717): 	at com.android.email.provider.AccountReconciler.reconcileAccounts(AccountReconciler.java:115)
05-24 12:41:19.290 E/ActivityThread( 2717): 	at com.android.email.service.EmailBroadcastProcessorService.reconcileAndStartServices(EmailBroadcastProcessorService.java:305)
05-24 12:41:19.290 E/ActivityThread( 2717): 	at com.android.email.service.EmailBroadcastProcessorService.onBootCompleted(EmailBroadcastProcessorService.java:295)
05-24 12:41:19.290 E/ActivityThread( 2717): 	at com.android.email.service.EmailBroadcastProcessorService.onHandleIntent(EmailBroadcastProcessorService.java:130)
05-24 12:41:19.290 E/ActivityThread( 2717): 	at android.app.IntentService$ServiceHandler.handleMessage(IntentService.java:68)
05-24 12:41:19.290 E/ActivityThread( 2717): 	at android.os.Handler.dispatchMessage(Handler.java:102)
05-24 12:41:19.290 E/ActivityThread( 2717): 	at android.os.Looper.loop(Looper.java:154)
05-24 12:41:19.290 E/ActivityThread( 2717): 	at android.os.HandlerThread.run(HandlerThread.java:61)
05-24 12:41:19.311 W/ActivityManager( 1759): Unbind failed: could not find connection for android.os.BinderProxy@15eb579
05-24 12:41:19.312 W/ActivityManager( 1759): Unable to start service Intent { cmp=com.android.email/.service.AttachmentService } U=0: not found
05-24 12:41:19.343 W/ActivityManager( 1759): Unable to start service Intent { act=com.android.email.EXCHANGE_INTENT pkg=com.android.exchange } U=0: not found
05-24 12:41:19.433 I/ActivityManager( 1759): Start proc 2769:com.android.messaging/u0a54 for broadcast com.android.messaging/.receiver.BootAndPackageReplacedReceiver
05-24 12:41:19.442 W/art     ( 2769): Unexpected CPU variant for X86 using defaults: x86_64
05-24 12:41:19.444 W/ActivityManager( 1759): Unable to start service Intent { act=com.android.email.EXCHANGE_INTENT pkg=com.android.exchange } U=0: not found
05-24 12:41:19.452 W/ActivityManager( 1759): Unable to start service Intent { cmp=com.android.email/.service.AttachmentService } U=0: not found
05-24 12:41:19.594 W/System  ( 2769): ClassLoader referenced unknown path: /system/app/messaging/lib/x86_64
05-24 12:41:20.640 I/MessagingApp( 2769): Carrier config changed. Reloading MMS config.
05-24 12:41:20.655 V/VvmBootCompletedRcvr( 2200): processing subId list
05-24 12:41:20.710 I/MessagingAppDataModel( 2769): Fixup: Send failed - 0 Download failed - 0
05-24 12:41:20.715 E/VvmBootCompletedRcvr( 2200): phone account ComponentInfo{com.android.phone/com.android.services.telephony.TelephonyConnectionService}, [e2f7d48dd2b5ca523e7313cf4ba0f6ea830b6281], UserHandle{0} has invalid subId -1
05-24 12:41:21.071 I/MessagingAppDataModel( 2769): SyncMessagesAction: Starting batch for messages from 1616676894217 to 1621860080552 (message update limit = 80, message scan limit = 4000)
05-24 12:41:21.275 I/VvmSimChangeReceiver( 2200): Received SIM change for invalid subscription id.
05-24 12:41:21.472 D/AlertReceiver( 2679): onReceive: a=android.intent.action.PROVIDER_CHANGED Intent { act=android.intent.action.PROVIDER_CHANGED dat=content://com.android.calendar flg=0x20000010 cmp=com.android.calendar/.alerts.AlertReceiver }
05-24 12:41:21.516 D/AlertService( 2679): 0 Action = android.intent.action.PROVIDER_CHANGED
05-24 12:41:22.226 I/MessagingAppDataModel( 2769): SyncMessagesAction: All messages now in sync
05-24 12:41:23.181 W/MediaScanner( 2605): Error opening directory '/oem/media/', skipping: No such file or directory.
05-24 12:41:23.383 V/MediaScanner( 2605): pruneDeadThumbnailFiles... android.content.ContentProviderClient$CursorWrapperInner@2398ae7
05-24 12:41:23.384 V/MediaScanner( 2605): /pruneDeadThumbnailFiles... android.content.ContentProviderClient$CursorWrapperInner@2398ae7
05-24 12:41:26.559 I/GlobalDismissManager( 2679): no sender configured
05-24 12:41:26.561 D/AlertService( 2679): Beginning updateAlertNotification
05-24 12:41:26.607 D/AlertService( 2679): No fired or scheduled alerts
05-24 12:41:26.637 D/AlertService( 2679): Scheduling next alarm with AlarmScheduler. sEventReminderReceived: null
05-24 12:41:26.670 D/AlarmScheduler( 2679): No events found starting within 1 week.
05-24 12:41:31.486 I/ActivityManager( 1759): Waited long enough for: ServiceRecord{41ce628 u0 com.android.calendar/.alerts.InitAlarmsService}
05-24 12:41:39.439 W//sbin/adbd( 1322): type=1400 audit(0.0:16): avc: denied { search } for comm=73657276696365203338 name="security" dev="vdc" ino=35203 scontext=u:r:adbd:s0 tcontext=u:object_r:security_file:s0 tclass=dir permissive=0
05-24 12:41:46.690 D/InitAlarmsService( 2679): Clearing and rescheduling alarms.
05-24 12:42:09.407 D/AndroidRuntime( 2804): >>>>>> START com.android.internal.os.RuntimeInit uid 2000 <<<<<<
05-24 12:42:09.430 D/AndroidRuntime( 2804): CheckJNI is ON
05-24 12:42:09.768 W/art     ( 2804): Unexpected CPU variant for X86 using defaults: x86_64
05-24 12:42:09.804 D/ICU     ( 2804): No timezone override file found: /data/misc/zoneinfo/current/icu/icu_tzdata.dat
05-24 12:42:09.982 E/memtrack( 2804): Couldn't load memtrack module (No such file or directory)
05-24 12:42:09.982 E/android.os.Debug( 2804): failed to load memtrack module: -2
05-24 12:42:09.990 I/Radio-JNI( 2804): register_android_hardware_Radio DONE
05-24 12:42:10.113 D/AndroidRuntime( 2804): Calling main entry com.android.commands.pm.Pm
05-24 12:42:10.243 I/        ( 1329): free_cache(132245606) avail 809594880
05-24 12:42:26.951 W/art     ( 2814): Unexpected CPU variant for X86 using defaults: x86_64
05-24 12:42:26.968 W/ActivityManager( 1759): Slow operation: 136ms so far, now at startProcess: returned from zygote!
05-24 12:42:26.968 W/ActivityManager( 1759): Slow operation: 137ms so far, now at startProcess: done updating battery stats
05-24 12:42:26.969 W/ActivityManager( 1759): Slow operation: 138ms so far, now at startProcess: building log message
05-24 12:42:26.969 I/ActivityManager( 1759): Start proc 2814:com.android.defcontainer/u0a7 for service com.android.defcontainer/.DefaultContainerService
05-24 12:42:26.970 W/ActivityManager( 1759): Slow operation: 138ms so far, now at startProcess: starting to update pids map
05-24 12:42:26.970 W/ActivityManager( 1759): Slow operation: 138ms so far, now at startProcess: done updating pids map
05-24 12:42:26.970 W/ActivityManager( 1759): Slow operation: 139ms so far, now at startProcess: done starting proc!
05-24 12:42:27.661 I/PackageManager.DexOptimizer( 1759): Running dexopt (dex2oat) on: /data/app/vmdl22143381.tmp/base.apk pkg=jp.jaxa.iss.kibo.rpc.sampleapk isa=x86_64 vmSafeMode=false debuggable=true target-filter=interpret-only oatDir = /data/app/vmdl22143381.tmp/oat sharedLibraries=null
05-24 12:42:27.824 W/dex2oat ( 2829): Unexpected CPU variant for X86 using defaults: x86_64
05-24 12:42:27.840 I/dex2oat ( 2829): /system/bin/dex2oat --compiler-filter=interpret-only --debuggable
05-24 12:42:30.220 W/dex2oat ( 2829): Before Android 4.1, method int android.support.v7.widget.ListViewCompat.lookForSelectablePosition(int, boolean) would have incorrectly overridden the package-private method in android.widget.ListView
05-24 12:42:30.866 W/dex2oat ( 2829): Before Android 4.1, method android.graphics.PorterDuffColorFilter android.support.graphics.drawable.VectorDrawableCompat.updateTintFilter(android.graphics.PorterDuffColorFilter, android.content.res.ColorStateList, android.graphics.PorterDuff$Mode) would have incorrectly overridden the package-private method in android.graphics.drawable.Drawable
05-24 12:42:37.478 W/dex2oat ( 2829): Verification of long com.google.common.math.DoubleUtils.getSignificand(double) took 210.590ms
05-24 12:42:39.383 W/dex2oat ( 2829): Compilation of void org.opencv.android.Utils.nBitmapToMat2(android.graphics.Bitmap, long, boolean) took 115.309ms
05-24 12:42:39.388 W/dex2oat ( 2829): Compilation of java.lang.String org.opencv.android.StaticHelper.getLibraryList() took 120.610ms
05-24 12:42:41.886 I/dex2oat ( 2829): dex2oat took 14.070s (threads: 2) arena alloc=552KB (565704B) java alloc=7MB (7503688B) native alloc=15MB (16232304B) free=4MB (4214928B)
05-24 12:42:42.141 D/installd( 1329): Detected label change from u:object_r:system_data_file:s0 to u:object_r:app_data_file:s0:c512,c768 at /data/data/jp.jaxa.iss.kibo.rpc.sampleapk; running recursive restorecon
05-24 12:42:42.152 D/installd( 1329): Detected label change from u:object_r:system_data_file:s0 to u:object_r:app_data_file:s0:c512,c768 at /data/user_de/0/jp.jaxa.iss.kibo.rpc.sampleapk; running recursive restorecon
05-24 12:42:42.163 V/BackupManagerService( 1759): restoreAtInstall pkg=jp.jaxa.iss.kibo.rpc.sampleapk token=1 restoreSet=0
05-24 12:42:42.164 W/BackupManagerService( 1759): Requested unavailable transport: android/com.android.internal.backup.LocalTransport
05-24 12:42:42.164 W/BackupManagerService( 1759): No transport
05-24 12:42:42.164 V/BackupManagerService( 1759): Finishing install immediately
05-24 12:42:42.191 I/GnssLocationProvider( 1759): WakeLock acquired by sendMessage(3, 0, com.android.server.location.GnssLocationProvider$GpsRequest@a1df0a0)
05-24 12:42:42.193 I/GnssLocationProvider( 1759): WakeLock acquired by sendMessage(3, 0, com.android.server.location.GnssLocationProvider$GpsRequest@9d06459)
05-24 12:42:42.195 I/GnssLocationProvider( 1759): WakeLock released by handleMessage(3, 0, com.android.server.location.GnssLocationProvider$GpsRequest@a1df0a0)
05-24 12:42:42.199 I/GnssLocationProvider( 1759): WakeLock released by handleMessage(3, 0, com.android.server.location.GnssLocationProvider$GpsRequest@9d06459)
05-24 12:42:42.199 D/VoldConnector( 1759): SND -> {9 volume remount_uid 10064 default}
05-24 12:42:42.207 D/vold    ( 1274): Remounting 10064 as mode default
05-24 12:42:42.226 D/VoldConnector( 1759): RCV <- {200 9 Command succeeded}
05-24 12:42:42.232 D/VoldConnector( 1759): SND -> {10 volume remount_uid 10064 write}
05-24 12:42:42.233 D/vold    ( 1274): Remounting 10064 as mode write
05-24 12:42:42.239 I/GnssLocationProvider( 1759): WakeLock acquired by sendMessage(3, 0, com.android.server.location.GnssLocationProvider$GpsRequest@224081e)
05-24 12:42:42.242 I/GnssLocationProvider( 1759): WakeLock released by handleMessage(3, 0, com.android.server.location.GnssLocationProvider$GpsRequest@224081e)
05-24 12:42:42.249 D/VoldConnector( 1759): RCV <- {200 10 Command succeeded}
05-24 12:42:42.272 I/art     ( 1759): Starting a blocking GC Explicit
05-24 12:42:42.374 I/art     ( 1759): Explicit concurrent mark sweep GC freed 21665(1347KB) AllocSpace objects, 12(288KB) LOS objects, 29% free, 9MB/13MB, paused 2.462ms total 92.260ms
05-24 12:42:42.376 E/        ( 1329): Couldn't opendir /data/app/vmdl22143381.tmp: No such file or directory
05-24 12:42:42.467 I/InputReader( 1759): Reconfiguring input devices.  changes=0x00000010
05-24 12:42:42.536 I/art     ( 2804): System.exit called, status: 0
05-24 12:42:42.536 I/AndroidRuntime( 2804): VM exiting with result code 0.
05-24 12:42:42.542 W/ActivityManager( 1759): Slow operation: 71ms so far, now at startProcess: returned from zygote!
05-24 12:42:42.542 W/ActivityManager( 1759): Slow operation: 72ms so far, now at startProcess: done updating battery stats
05-24 12:42:42.543 W/ActivityManager( 1759): Slow operation: 72ms so far, now at startProcess: building log message
05-24 12:42:42.543 I/ActivityManager( 1759): Start proc 2833:com.android.gallery3d/u0a39 for broadcast com.android.gallery3d/.app.PackagesMonitor
05-24 12:42:42.543 W/ActivityManager( 1759): Slow operation: 72ms so far, now at startProcess: starting to update pids map
05-24 12:42:42.543 W/ActivityManager( 1759): Slow operation: 72ms so far, now at startProcess: done updating pids map
05-24 12:42:42.543 W/ActivityManager( 1759): Slow operation: 84ms so far, now at startProcess: done starting proc!
05-24 12:42:42.564 W/art     ( 2833): Unexpected CPU variant for X86 using defaults: x86_64
05-24 12:42:42.826 E/PhoneInterfaceManager( 2200): [PhoneIntfMgr] getCarrierPackageNamesForIntent: No UICC
05-24 12:42:42.826 D/CarrierSvcBindHelper( 2200): No carrier app for: 0
05-24 12:42:42.838 D/CarrierConfigLoader( 2200): mHandler: 9 phoneId: 0
05-24 12:42:43.099 W/art     ( 1759): Long monitor contention with owner android.bg (1808) at void com.android.server.pm.ShortcutUser.forPackageItem(java.lang.String, int, java.util.function.Consumer)(ShortcutUser.java:255) waiters=0 in void com.android.server.pm.ShortcutService.handleOnUidStateChanged(int, int) for 231ms
05-24 12:42:43.394 W/VoiceInteractionManagerService( 1759): no available voice recognition services found for user 0
05-24 12:42:43.955 W/art     ( 2853): Unexpected CPU variant for X86 using defaults: x86_64
05-24 12:42:43.962 I/ActivityManager( 1759): Start proc 2853:com.svox.pico/u0a49 for broadcast com.svox.pico/.VoiceDataInstallerReceiver
05-24 12:42:44.132 I/ActivityManager( 1759): Killing 2543:com.android.keychain/1000 (adj 906): empty #17
05-24 12:42:44.153 D/ActivityManager( 1759): cleanUpApplicationRecord -- 2543
05-24 12:45:03.085 D/AndroidRuntime( 2867): >>>>>> START com.android.internal.os.RuntimeInit uid 2000 <<<<<<
05-24 12:45:03.123 D/AndroidRuntime( 2867): CheckJNI is ON
05-24 12:45:03.653 W/art     ( 2867): Unexpected CPU variant for X86 using defaults: x86_64
05-24 12:45:03.715 D/ICU     ( 2867): No timezone override file found: /data/misc/zoneinfo/current/icu/icu_tzdata.dat
05-24 12:45:03.941 E/memtrack( 2867): Couldn't load memtrack module (No such file or directory)
05-24 12:45:03.941 E/android.os.Debug( 2867): failed to load memtrack module: -2
05-24 12:45:03.952 I/Radio-JNI( 2867): register_android_hardware_Radio DONE
05-24 12:45:04.106 D/AndroidRuntime( 2867): Calling main entry com.android.commands.am.Am
05-24 12:45:04.216 I/ActivityManager( 1759): Start proc 2877:gov.nasa.arc.astrobee.android.gs.manager/u0a63 for service gov.nasa.arc.astrobee.android.gs.manager/.ManagerService
05-24 12:45:04.231 D/AndroidRuntime( 2867): Shutting down VM
05-24 12:45:04.509 I/art     ( 2877): Not late-enabling -Xcheck:jni (already on)
05-24 12:45:04.542 W/art     ( 2877): Unexpected CPU variant for X86 using defaults: x86_64
05-24 12:45:05.124 W/System  ( 2877): ClassLoader referenced unknown path: /data/app/gov.nasa.arc.astrobee.android.gs.manager-1/lib/x86_64
05-24 12:45:05.964 E/Notification( 2877): setLatestEventInfo() is deprecated and you should feel deprecated.
05-24 12:45:05.964 E/Notification( 2877): java.lang.Throwable
05-24 12:45:05.964 E/Notification( 2877): 	at android.app.Notification.setLatestEventInfo(Notification.java:2076)
05-24 12:45:05.964 E/Notification( 2877): 	at org.ros.android.NodeMainExecutorService.onStartCommand(NodeMainExecutorService.java:220)
05-24 12:45:05.964 E/Notification( 2877): 	at android.app.ActivityThread.handleServiceArgs(ActivityThread.java:3326)
05-24 12:45:05.964 E/Notification( 2877): 	at android.app.ActivityThread.-wrap21(ActivityThread.java)
05-24 12:45:05.964 E/Notification( 2877): 	at android.app.ActivityThread$H.handleMessage(ActivityThread.java:1582)
05-24 12:45:05.964 E/Notification( 2877): 	at android.os.Handler.dispatchMessage(Handler.java:102)
05-24 12:45:05.964 E/Notification( 2877): 	at android.os.Looper.loop(Looper.java:154)
05-24 12:45:05.964 E/Notification( 2877): 	at android.app.ActivityThread.main(ActivityThread.java:6119)
05-24 12:45:05.964 E/Notification( 2877): 	at java.lang.reflect.Method.invoke(Native Method)
05-24 12:45:05.964 E/Notification( 2877): 	at com.android.internal.os.ZygoteInit$MethodAndArgsCaller.run(ZygoteInit.java:886)
05-24 12:45:05.964 E/Notification( 2877): 	at com.android.internal.os.ZygoteInit.main(ZygoteInit.java:776)
05-24 12:45:07.392 D/NotificationSQLiteLog( 1759): Pruned event entries: 15
05-24 12:45:07.812 I/Registrar( 2877): MasterXmlRpcEndpoint URI: http://llp:11311
05-24 12:45:08.253 I/Registrar( 2877): Registering publisher: Publisher<PublisherDefinition<PublisherIdentifier<NodeIdentifier</guest_science_manager, http://hlp:36437/>, TopicIdentifier</rosout>>, Topic<TopicIdentifier</rosout>, TopicDescription<rosgraph_msgs/Log, acffd30cd6b6de30f120938c17c593fb>>>>
05-24 12:45:09.394 I/Registrar( 2877): Response<Success, Registered [/guest_science_manager] as publisher of [/rosout], [http://10.42.0.34:37640/]>
05-24 12:45:09.411 I/DefaultPublisher( 2877): Publisher registered: Publisher<PublisherDefinition<PublisherIdentifier<NodeIdentifier</guest_science_manager, http://hlp:36437/>, TopicIdentifier</rosout>>, Topic<TopicIdentifier</rosout>, TopicDescription<rosgraph_msgs/Log, acffd30cd6b6de30f120938c17c593fb>>>>
05-24 12:45:09.553 I/Registrar( 2877): Registering subscriber: Subscriber<Topic<TopicIdentifier</clock>, TopicDescription<rosgraph_msgs/Clock, a9c97c1d230cfc112e270351a944ee47>>>
05-24 12:45:09.721 I/Registrar( 2877): Response<Success, Subscribed to [/clock], [http://10.42.0.34:46659/]>
05-24 12:45:09.750 I/DefaultSubscriber( 2877): Subscriber registered: Subscriber<Topic<TopicIdentifier</clock>, TopicDescription<rosgraph_msgs/Clock, a9c97c1d230cfc112e270351a944ee47>>>
05-24 12:45:09.896 I/Registrar( 2877): Registering publisher: Publisher<PublisherDefinition<PublisherIdentifier<NodeIdentifier</guest_science_manager, http://hlp:36437/>, TopicIdentifier</gs/gs_manager/ack>>, Topic<TopicIdentifier</gs/gs_manager/ack>, TopicDescription<ff_msgs/AckStamped, cebddec69fd770df54633be444a9187d>>>>
05-24 12:45:10.105 I/Registrar( 2877): Registering publisher: Publisher<PublisherDefinition<PublisherIdentifier<NodeIdentifier</guest_science_manager, http://hlp:36437/>, TopicIdentifier</gs/gs_manager/config>>, Topic<TopicIdentifier</gs/gs_manager/config>, TopicDescription<ff_msgs/GuestScienceConfig, c6f632ed2411de4159494a3e7754794e>>>>
05-24 12:45:10.161 I/Registrar( 2877): Response<Success, Registered [/guest_science_manager] as publisher of [/gs/gs_manager/ack], [http://10.42.0.34:33200/]>
05-24 12:45:10.188 I/DefaultPublisher( 2877): Publisher registered: Publisher<PublisherDefinition<PublisherIdentifier<NodeIdentifier</guest_science_manager, http://hlp:36437/>, TopicIdentifier</gs/gs_manager/ack>>, Topic<TopicIdentifier</gs/gs_manager/ack>, TopicDescription<ff_msgs/AckStamped, cebddec69fd770df54633be444a9187d>>>>
05-24 12:45:10.258 W/art     ( 2877): Suspending all threads took: 5.752ms
05-24 12:45:10.305 I/Registrar( 2877): Registering publisher: Publisher<PublisherDefinition<PublisherIdentifier<NodeIdentifier</guest_science_manager, http://hlp:36437/>, TopicIdentifier</gs/data>>, Topic<TopicIdentifier</gs/data>, TopicDescription<ff_msgs/GuestScienceData, edd2c791ea93ffa7cb0ec80c5bb00972>>>>
05-24 12:45:10.544 I/Registrar( 2877): Registering publisher: Publisher<PublisherDefinition<PublisherIdentifier<NodeIdentifier</guest_science_manager, http://hlp:36437/>, TopicIdentifier</gs/gs_manager/state>>, Topic<TopicIdentifier</gs/gs_manager/state>, TopicDescription<ff_msgs/GuestScienceState, 24e5a1ba8527257cc710720a32de6e51>>>>
05-24 12:45:10.770 I/Registrar( 2877): Response<Success, Registered [/guest_science_manager] as publisher of [/gs/gs_manager/config], [http://10.42.0.34:33200/, http://10.42.0.34:41700/]>
05-24 12:45:10.865 I/Registrar( 2877): Response<Success, Registered [/guest_science_manager] as publisher of [/gs/data], [http://10.42.0.34:46301/, http://10.42.0.34:41700/, http://10.42.0.34:33382/]>
05-24 12:45:10.883 I/DefaultPublisher( 2877): Publisher registered: Publisher<PublisherDefinition<PublisherIdentifier<NodeIdentifier</guest_science_manager, http://hlp:36437/>, TopicIdentifier</gs/data>>, Topic<TopicIdentifier</gs/data>, TopicDescription<ff_msgs/GuestScienceData, edd2c791ea93ffa7cb0ec80c5bb00972>>>>
05-24 12:45:10.913 I/DefaultPublisher( 2877): Publisher registered: Publisher<PublisherDefinition<PublisherIdentifier<NodeIdentifier</guest_science_manager, http://hlp:36437/>, TopicIdentifier</gs/gs_manager/config>>, Topic<TopicIdentifier</gs/gs_manager/config>, TopicDescription<ff_msgs/GuestScienceConfig, c6f632ed2411de4159494a3e7754794e>>>>
05-24 12:45:11.096 I/Registrar( 2877): Registering subscriber: Subscriber<Topic<TopicIdentifier</mgt/executive/command>, TopicDescription<ff_msgs/CommandStamped, ac01350894b1be9e3a7b4f390a14812d>>>
05-24 12:45:11.395 I/Registrar( 2877): Response<Success, Registered [/guest_science_manager] as publisher of [/gs/gs_manager/state], [http://10.42.0.34:33200/, http://10.42.0.34:41700/]>
05-24 12:45:11.478 I/DefaultPublisher( 2877): Publisher registered: Publisher<PublisherDefinition<PublisherIdentifier<NodeIdentifier</guest_science_manager, http://hlp:36437/>, TopicIdentifier</gs/gs_manager/state>>, Topic<TopicIdentifier</gs/gs_manager/state>, TopicDescription<ff_msgs/GuestScienceState, 24e5a1ba8527257cc710720a32de6e51>>>>
05-24 12:45:11.664 I/art     ( 2877): Background sticky concurrent mark sweep GC freed 27317(2MB) AllocSpace objects, 19(384KB) LOS objects, 8% free, 9MB/10MB, paused 13.401ms total 1.466s
05-24 12:45:12.092 I/Registrar( 2877): Response<Success, Subscribed to [/mgt/executive/command], [http://10.42.0.34:33200/]>
05-24 12:45:12.199 I/DefaultSubscriber( 2877): Subscriber registered: Subscriber<Topic<TopicIdentifier</mgt/executive/command>, TopicDescription<ff_msgs/CommandStamped, ac01350894b1be9e3a7b4f390a14812d>>>
05-24 12:45:12.316 W/ActivityManager( 1759): Slow operation: 301ms so far, now at startProcess: returned from zygote!
05-24 12:45:12.317 W/ActivityManager( 1759): Slow operation: 302ms so far, now at startProcess: done updating battery stats
05-24 12:45:12.324 W/ActivityManager( 1759): Slow operation: 309ms so far, now at startProcess: building log message
05-24 12:45:12.326 I/ActivityManager( 1759): Start proc 2955:jp.jaxa.iss.kibo.rpc.sampleapk/u0a64 for broadcast jp.jaxa.iss.kibo.rpc.sampleapk/gov.nasa.arc.astrobee.android.gs.InfoInqueryBroadcastReceiver
05-24 12:45:12.327 W/ActivityManager( 1759): Slow operation: 312ms so far, now at startProcess: starting to update pids map
05-24 12:45:12.328 W/ActivityManager( 1759): Slow operation: 314ms so far, now at startProcess: done updating pids map
05-24 12:45:12.329 W/ActivityManager( 1759): Slow operation: 318ms so far, now at startProcess: done starting proc!
05-24 12:45:12.355 I/art     ( 2955): Not late-enabling -Xcheck:jni (already on)
05-24 12:45:12.359 W/art     ( 2955): Unexpected CPU variant for X86 using defaults: x86_64
05-24 12:45:12.374 W/art     ( 1759): Long monitor contention with owner ActivityManager (1809) at void com.android.server.am.BroadcastQueue.processNextBroadcast(boolean)(BroadcastQueue.java:760) waiters=1 in android.content.ComponentName com.android.server.am.ActivityManagerService.startService(android.app.IApplicationThread, android.content.Intent, java.lang.String, java.lang.String, int) for 305ms
05-24 12:45:12.599 W/art     ( 2877): Suspending all threads took: 25.877ms
05-24 12:45:13.291 I/art     ( 2877): Background partial concurrent mark sweep GC freed 22913(1782KB) AllocSpace objects, 30(600KB) LOS objects, 34% free, 7MB/11MB, paused 29.184ms total 1.286s
05-24 12:45:14.183 I/ActivityManager( 1759): Killing 2561:com.android.printspooler/u0a51 (adj 906): empty #17
05-24 12:45:14.435 D/ActivityManager( 1759): cleanUpApplicationRecord -- 2561
05-24 12:45:16.423 I/art     ( 2877): Do partial code cache collection, code=26KB, data=29KB
05-24 12:45:16.456 I/art     ( 2877): After code cache collection, code=26KB, data=29KB
05-24 12:45:16.456 I/art     ( 2877): Increasing code cache capacity to 128KB
05-24 12:45:19.359 D/ManagerTimeoutTimer( 2877): Still waiting for the apk to start or stop. 4999.0 milliseconds left.
05-24 12:45:19.691 D/OpenCV/StaticHelper( 2955): Trying to get library list
05-24 12:45:19.783 E/OpenCV/StaticHelper( 2955): OpenCV error: Cannot load info library for OpenCV
05-24 12:45:19.784 D/OpenCV/StaticHelper( 2955): Library list: ""
05-24 12:45:19.784 D/OpenCV/StaticHelper( 2955): First attempt to load libs
05-24 12:45:19.784 D/OpenCV/StaticHelper( 2955): Trying to init OpenCV libs
05-24 12:45:19.785 D/OpenCV/StaticHelper( 2955): Trying to load library opencv_java3
05-24 12:45:20.156 D/OpenCV/StaticHelper( 2955): Library opencv_java3 loaded
05-24 12:45:20.157 D/OpenCV/StaticHelper( 2955): First attempt to load libs is OK
05-24 12:45:20.198 I/OpenCV/StaticHelper( 2955): 
05-24 12:45:20.199 I/OpenCV/StaticHelper( 2955): General configuration for OpenCV 3.4.4 =====================================
05-24 12:45:20.199 I/OpenCV/StaticHelper( 2955):   Version control:               3.4.4
05-24 12:45:20.199 I/OpenCV/StaticHelper( 2955): 
05-24 12:45:20.199 I/OpenCV/StaticHelper( 2955):   Extra modules:
05-24 12:45:20.199 I/OpenCV/StaticHelper( 2955):     Location (extra):            /build/3_4-contrib_pack-contrib-android/opencv_contrib/modules
05-24 12:45:20.199 I/OpenCV/StaticHelper( 2955):     Version control (extra):     3.4.4
05-24 12:45:20.199 I/OpenCV/StaticHelper( 2955): 
05-24 12:45:20.199 I/OpenCV/StaticHelper( 2955):   Platform:
05-24 12:45:20.200 I/OpenCV/StaticHelper( 2955):     Timestamp:                   2018-11-17T00:27:32Z
05-24 12:45:20.200 I/OpenCV/StaticHelper( 2955):     Host:                        Linux 4.15.0-38-generic x86_64
05-24 12:45:20.200 I/OpenCV/StaticHelper( 2955):     Target:                      Linux 1 x86_64
05-24 12:45:20.200 I/OpenCV/StaticHelper( 2955):     CMake:                       2.8.12.2
05-24 12:45:20.200 I/OpenCV/StaticHelper( 2955):     CMake generator:             Ninja
05-24 12:45:20.200 I/OpenCV/StaticHelper( 2955):     CMake build tool:            /usr/bin/ninja
05-24 12:45:20.200 I/OpenCV/StaticHelper( 2955):     Configuration:               Release
05-24 12:45:20.200 I/OpenCV/StaticHelper( 2955): 
05-24 12:45:20.200 I/OpenCV/StaticHelper( 2955):   CPU/HW features:
05-24 12:45:20.200 I/OpenCV/StaticHelper( 2955):     Baseline:                    SSE SSE2 SSE3
05-24 12:45:20.200 I/OpenCV/StaticHelper( 2955):       requested:                 SSE3
05-24 12:45:20.200 I/OpenCV/StaticHelper( 2955):     Dispatched code generation:  SSE4_1 SSE4_2 FP16 AVX AVX2
05-24 12:45:20.201 I/OpenCV/StaticHelper( 2955):       requested:                 SSE4_1 SSE4_2 AVX FP16 AVX2 AVX512_SKX
05-24 12:45:20.201 I/OpenCV/StaticHelper( 2955):       SSE4_1 (4 files):          + SSSE3 SSE4_1
05-24 12:45:20.201 I/OpenCV/StaticHelper( 2955):       SSE4_2 (1 files):          + SSSE3 SSE4_1 POPCNT SSE4_2
05-24 12:45:20.201 I/OpenCV/StaticHelper( 2955):       FP16 (0 files):            + SSSE3 SSE4_1 POPCNT SSE4_2 FP16 AVX
05-24 12:45:20.201 I/OpenCV/StaticHelper( 2955):       AVX (5 files):             + SSSE3 SSE4_1 POPCNT SSE4_2 AVX
05-24 12:45:20.201 I/OpenCV/StaticHelper( 2955):       AVX2 (10 files):           + SSSE3 SSE4_1 POPCNT SSE4_2 FP16 FMA3 AVX AVX2
05-24 12:45:20.201 I/OpenCV/StaticHelper( 2955): 
05-24 12:45:20.201 I/OpenCV/StaticHelper( 2955):   C/C++:
05-24 12:45:20.201 I/OpenCV/StaticHelper( 2955):     Built as dynamic libs?:      NO
05-24 12:45:20.201 I/OpenCV/StaticHelper( 2955):     C++ Compiler:                /usr/bin/ccache /opt/android/android-ndk-r10e/toolchains/x86_64-4.9/prebuilt/linux-x86_64/bin/x86_64-linux-android-g++ (ver 4.9)
05-24 12:45:20.201 I/OpenCV/StaticHelper( 2955):     C++ flags (Release):         -fexceptions -frtti --sysroot=/opt/android/android-ndk-r10e/platforms/android-21/arch-x86_64 -funwind-tables -funswitch-loops -finline-limit=300 -fsigned-char -no-canonical-prefixes -fdata-sections -ffunction-sections -Wa,--noexecstack  -DANDROID -D__ANDROID_API__=21   -fsigned-char -W -Wall -Werror=return-type -Werror=non-virtual-dtor -Werror=address -Werror=sequence-point -Wformat -Werror=format-security -Wmissing-declarations -Wundef -Winit-self -Wpointer-arith -Wshadow -Wsign-promo -Wuninitialized -Winit-self -Wno-narrowing -Wno-delete-non-virtual-dtor -Wno-comment -Wno-missing-field-initializers -fdiagnostics-show-option -Wno-long-long -fomit-frame-pointer  -msse -msse2 -msse3 -fvisibility=hidden -fvisibility-inlines-hidden -fomit-frame-pointer -fstrict-aliasing -O3 -DNDEBUG  -DNDEBUG
05-24 12:45:20.202 I/OpenCV/StaticHelper( 2955):     C++ flags (Debug):           -fexceptions -frtti --sysroot=/opt/android/android-ndk-r10e/platforms/android-21/arch-x86_64 -funwind-tables -funswitch-loops -finline-limit=300 -fsigned-char -no-canonical-prefixes -fdata-sections -ffunction-sections -Wa,--noexecstack  -DANDROID -D__ANDROID_API__=21   -fsigned-char -W -Wall -Werror=return-type -Werror=non-virtual-dtor -Werror=address -Werror=sequence-point -Wformat -Werror=format-security -Wmissing-declarations -Wundef -Winit-self -Wpointer-arith -Wshadow -Wsign-promo -Wuninitialized -Winit-self -Wno-narrowing -Wno-delete-non-virtual-dtor -Wno-comment -Wno-missing-field-initializers -fdiagnostics-show-option -Wno-long-long -fomit-frame-pointer  -msse -msse2 -msse3 -fvisibility=hidden -fvisibility-inlines-hidden -fno-omit-frame-pointer -fno-strict-aliasing -O0 -g -DDEBUG -D_DEBUG  -DDEBUG -D_DEBUG
05-24 12:45:20.202 I/OpenCV/StaticHelper( 2955):     C Compiler:                  /usr/bin/ccache /opt/android/android-ndk-r10e/toolchains/x86_64-4.9/prebuilt/linux-x86_64/bin/x86_64-linux-android-gcc
05-24 12:45:20.202 I/OpenCV/StaticHelper( 2955):     C flags (Release):           -fexceptions --sysroot=/opt/android/android-ndk-r10e/platforms/android-21/arch-x86_64 -funwind-tables -funswitch-loops -finline-limit=300 -fsigned-char -no-canonical-prefixes -fdata-sections -ffunction-sections -Wa,--noexecstack  -DANDROID -D__ANDROID_API__=21   -fsigned-char -W -Wall -Werror=return-type -Werror=non-virtual-dtor -Werror=address -Werror=sequence-point -Wformat -Werror=format-security -Wmissing-declarations -Wmissing-prototypes -Wstrict-prototypes -Wundef -Winit-self -Wpointer-arith -Wshadow -Wuninitialized -Winit-self -Wno-narrowing -Wno-comment -Wno-missing-field-initializers -fdiagnostics-show-option -Wno-long-long -fomit-frame-pointer  -msse -msse2 -msse3 -fvisibility=hidden -fomit-frame-pointer -fstrict-aliasing -O3 -DNDEBUG  -DNDEBUG
05-24 12:45:20.202 I/OpenCV/StaticHelper( 2955):     C flags (Debug):             -fexceptions --sysroot=/opt/android/android-ndk-r10e/platforms/android-21/arch-x86_64 -funwind-tables -funswitch-loops -finline-limit=300 -fsigned-char -no-canonical-prefixes -fdata-sections -ffunction-sections -Wa,--noexecstack  -DANDROID -D__ANDROID_API__=21   -fsigned-char -W -Wall -Werror=return-type -Werror=non-virtual-dtor -Werror=address -Werror=sequence-point -Wformat -Werror=format-security -Wmissing-declarations -Wmissing-prototypes -Wstrict-prototypes -Wundef -Winit-self -Wpointer-arith -Wshadow -Wuninitialized -Winit-self -Wno-narrowing -Wno-comment -Wno-missing-field-initializers -fdiagnostics-show-option -Wno-long-long -fomit-frame-pointer  -msse -msse2 -msse3 -fvisibility=hidden -fno-omit-frame-pointer -fno-strict-aliasing -O0 -g -DDEBUG -D_DEBUG  -DDEBUG -D_DEBUG
05-24 12:45:20.202 I/OpenCV/StaticHelper( 2955):     Linker flags (Release):      -Wl,--exclude-libs,libippicv.a -Wl,--exclude-libs,libippiw.a  -Wl,--no-undefined -Wl,--gc-sections -Wl,-z,noexecstack -Wl,-z,relro -Wl,-z,now    
05-24 12:45:20.202 I/OpenCV/StaticHelper( 2955):     Linker flags (Debug):        -Wl,--exclude-libs,libippicv.a -Wl,--exclude-libs,libippiw.a  -Wl,--no-undefined -Wl,--gc-sections -Wl,-z,noexecstack -Wl,-z,relro -Wl,-z,now    
05-24 12:45:20.202 I/OpenCV/StaticHelper( 2955):     ccache:                      YES
05-24 12:45:20.202 I/OpenCV/StaticHelper( 2955):     Precompiled headers:         NO
05-24 12:45:20.202 I/OpenCV/StaticHelper( 2955):     Extra dependencies:          z dl m log
05-24 12:45:20.202 I/OpenCV/StaticHelper( 2955):     3rdparty dependencies:       tbb libcpufeatures ittnotify libjpeg-turbo libwebp libpng libtiff libjasper IlmImf libprotobuf quirc ippiw ippicv
05-24 12:45:20.203 I/OpenCV/StaticHelper( 2955): 
05-24 12:45:20.203 I/OpenCV/StaticHelper( 2955):   OpenCV modules:
05-24 12:45:20.203 I/OpenCV/StaticHelper( 2955):     To be built:                 aruco bgsegm bioinspired calib3d ccalib core datasets dnn dnn_objdetect dpm face features2d flann fuzzy hfs highgui img_hash imgcodecs imgproc java java_bindings_generator line_descriptor ml objdetect optflow phase_unwrapping photo plot reg rgbd saliency shape stereo stitching structured_light superres surface_matching text tracking video videoio videostab xfeatures2d ximgproc xobjdetect xphoto
05-24 12:45:20.203 I/OpenCV/StaticHelper( 2955):     Disabled:                    world
05-24 12:45:20.203 I/OpenCV/StaticHelper( 2955):     Disabled by dependency:      -
05-24 12:45:20.203 I/OpenCV/StaticHelper( 2955):     Unavailable:                 cnn_3dobj cudaarithm cudabgsegm cudacodec cudafeatures2d cudafilters cudaimgproc cudalegacy cudaobjdetect cudaoptflow cudastereo cudawarping cudev cvv freetype hdf js matlab ovis python2 python3 sfm ts viz
05-24 12:45:20.203 I/OpenCV/StaticHelper( 2955):     Applications:                android_examples
05-24 12:45:20.203 I/OpenCV/StaticHelper( 2955):     Documentation:               NO
05-24 12:45:20.203 I/OpenCV/StaticHelper( 2955):     Non-free algorithms:         NO
05-24 12:45:20.203 I/OpenCV/StaticHelper( 2955): 
05-24 12:45:20.203 I/OpenCV/StaticHelper( 2955):   Android NDK:                   location: /opt/android/android-ndk-r10e
05-24 12:45:20.203 I/OpenCV/StaticHelper( 2955):     Android ABI:                 x86_64
05-24 12:45:20.204 I/OpenCV/StaticHelper( 2955):     NDK toolchain:               x86_64-4.9
05-24 12:45:20.204 I/OpenCV/StaticHelper( 2955):     STL type:                    gnustl_static
05-24 12:45:20.204 I/OpenCV/StaticHelper( 2955):     Native API level:            21
05-24 12:45:20.204 I/OpenCV/StaticHelper( 2955):   Android SDK:                   /opt/android/android-sdk-java7 (tools: 25.2.2 build tools: 23.0.3)
05-24 12:45:20.204 I/OpenCV/StaticHelper( 2955):     android tool:                /opt/android/android-sdk-java7/tools/android
05-24 12:45:20.204 I/OpenCV/StaticHelper( 2955):     SDK target:                  android-21
05-24 12:45:20.204 I/OpenCV/StaticHelper( 2955):     Projects build scripts:      Ant/Eclipse compatible
05-24 12:45:20.204 I/OpenCV/StaticHelper( 2955): 
05-24 12:45:20.204 I/OpenCV/StaticHelper( 2955):   GUI: 
05-24 12:45:20.204 I/OpenCV/StaticHelper( 2955): 
05-24 12:45:20.204 I/OpenCV/StaticHelper( 2955):   Media I/O: 
05-24 12:45:20.204 I/OpenCV/StaticHelper( 2955):     ZLib:                        z (ver 1.2.3)
05-24 12:45:20.205 I/OpenCV/StaticHelper( 2955):     JPEG:                        build-libjpeg-turbo (ver 1.5.3-62)
05-24 12:45:20.205 I/OpenCV/StaticHelper( 2955):     WEBP:                        build (ver encoder: 0x020e)
05-24 12:45:20.205 I/OpenCV/StaticHelper( 2955):     PNG:                         build (ver 1.6.35)
05-24 12:45:20.205 I/OpenCV/StaticHelper( 2955):     TIFF:                        build (ver 42 - 4.0.9)
05-24 12:45:20.205 I/OpenCV/StaticHelper( 2955):     JPEG 2000:                   build (ver 1.900.1)
05-24 12:45:20.205 I/OpenCV/StaticHelper( 2955):     OpenEXR:                     build (ver 1.7.1)
05-24 12:45:20.205 I/OpenCV/StaticHelper( 2955):     HDR:                         YES
05-24 12:45:20.205 I/OpenCV/StaticHelper( 2955):     SUNRASTER:                   YES
05-24 12:45:20.205 I/OpenCV/StaticHelper( 2955):     PXM:                         YES
05-24 12:45:20.205 I/OpenCV/StaticHelper( 2955): 
05-24 12:45:20.205 I/OpenCV/StaticHelper( 2955):   Video I/O:
05-24 12:45:20.205 I/OpenCV/StaticHelper( 2955): 
05-24 12:45:20.205 I/OpenCV/StaticHelper( 2955):   Parallel framework:            TBB (ver 2018.0 interface 10001)
05-24 12:45:20.206 I/OpenCV/StaticHelper( 2955): 
05-24 12:45:20.206 I/OpenCV/StaticHelper( 2955):   Trace:                         YES (with Intel ITT)
05-24 12:45:20.206 I/OpenCV/StaticHelper( 2955): 
05-24 12:45:20.206 I/OpenCV/StaticHelper( 2955):   Other third-party libraries:
05-24 12:45:20.206 I/OpenCV/StaticHelper( 2955):     Intel IPP:                   2019.0.0 Gold [2019.0.0]
05-24 12:45:20.206 I/OpenCV/StaticHelper( 2955):            at:                   /build/3_4-contrib_pack-contrib-android/build/o4a/3rdparty/ippicv/ippicv_lnx/icv
05-24 12:45:20.206 I/OpenCV/StaticHelper( 2955):     Intel IPP IW:                sources (2019.0.0)
05-24 12:45:20.206 I/OpenCV/StaticHelper( 2955):               at:                /build/3_4-contrib_pack-contrib-android/build/o4a/3rdparty/ippicv/ippicv_lnx/iw
05-24 12:45:20.206 I/OpenCV/StaticHelper( 2955):     Custom HAL:                  NO
05-24 12:45:20.206 I/OpenCV/StaticHelper( 2955):     Protobuf:                    build (3.5.1)
05-24 12:45:20.206 I/OpenCV/StaticHelper( 2955): 
05-24 12:45:20.206 I/OpenCV/StaticHelper( 2955):   Python (for build):            /usr/bin/python2.7
05-24 12:45:20.206 I/OpenCV/StaticHelper( 2955): 
05-24 12:45:20.207 I/OpenCV/StaticHelper( 2955):   Java:                          export all functions
05-24 12:45:20.207 I/OpenCV/StaticHelper( 2955):     ant:                         /usr/bin/ant (ver 1.9.3)
05-24 12:45:20.207 I/OpenCV/StaticHelper( 2955):     Java wrappers:               YES
05-24 12:45:20.207 I/OpenCV/StaticHelper( 2955):     Java tests:                  NO
05-24 12:45:20.207 I/OpenCV/StaticHelper( 2955): 
05-24 12:45:20.207 I/OpenCV/StaticHelper( 2955):   Install to:                    /build/3_4-contrib_pack-contrib-android/build/o4a/install
05-24 12:45:20.207 I/OpenCV/StaticHelper( 2955): -----------------------------------------------------------------
05-24 12:45:20.230 D/OpenCv  ( 2955): OpenCV loaded
05-24 12:45:21.244 I/Registrar( 2955): MasterXmlRpcEndpoint URI: http://llp:11311
05-24 12:45:21.533 I/Registrar( 2955): Registering publisher: Publisher<PublisherDefinition<PublisherIdentifier<NodeIdentifier</kibo_rpc_api, http://hlp:51186/>, TopicIdentifier</rosout>>, Topic<TopicIdentifier</rosout>, TopicDescription<rosgraph_msgs/Log, acffd30cd6b6de30f120938c17c593fb>>>>
05-24 12:45:23.375 I/Registrar( 2955): Response<Success, Registered [/kibo_rpc_api] as publisher of [/rosout], [http://10.42.0.34:37640/, http://10.42.0.34:39250/]>
05-24 12:45:23.402 I/DefaultPublisher( 2955): Publisher registered: Publisher<PublisherDefinition<PublisherIdentifier<NodeIdentifier</kibo_rpc_api, http://hlp:51186/>, TopicIdentifier</rosout>>, Topic<TopicIdentifier</rosout>, TopicDescription<rosgraph_msgs/Log, acffd30cd6b6de30f120938c17c593fb>>>>
05-24 12:45:23.666 I/Registrar( 2955): Registering subscriber: Subscriber<Topic<TopicIdentifier</clock>, TopicDescription<rosgraph_msgs/Clock, a9c97c1d230cfc112e270351a944ee47>>>
05-24 12:45:23.974 I/Registrar( 2955): Response<Success, Subscribed to [/clock], [http://10.42.0.34:46659/]>
05-24 12:45:24.050 I/DefaultSubscriber( 2955): Subscriber registered: Subscriber<Topic<TopicIdentifier</clock>, TopicDescription<rosgraph_msgs/Clock, a9c97c1d230cfc112e270351a944ee47>>>
05-24 12:45:24.253 W/art     ( 2955): Suspending all threads took: 12.733ms
05-24 12:45:24.962 I/Registrar( 2955): Registering publisher: Publisher<PublisherDefinition<PublisherIdentifier<NodeIdentifier</kibo_rpc_api, http://hlp:51186/>, TopicIdentifier</command>>, Topic<TopicIdentifier</command>, TopicDescription<ff_msgs/CommandStamped, ac01350894b1be9e3a7b4f390a14812d>>>>
05-24 12:45:25.150 I/Registrar( 2955): MasterXmlRpcEndpoint URI: http://llp:11311
05-24 12:45:25.390 W/art     ( 2955): Suspending all threads took: 10.705ms
05-24 12:45:25.825 I/Registrar( 2955): Response<Success, Registered [/kibo_rpc_api] as publisher of [/command], [http://10.42.0.34:46659/, http://10.42.0.34:33200/, http://10.42.0.34:33382/, http://10.42.0.34:39250/]>
05-24 12:45:25.840 I/DefaultPublisher( 2955): Publisher registered: Publisher<PublisherDefinition<PublisherIdentifier<NodeIdentifier</kibo_rpc_api, http://hlp:51186/>, TopicIdentifier</command>>, Topic<TopicIdentifier</command>, TopicDescription<ff_msgs/CommandStamped, ac01350894b1be9e3a7b4f390a14812d>>>>
05-24 12:45:26.461 I/Registrar( 2955): Registering publisher: Publisher<PublisherDefinition<PublisherIdentifier<NodeIdentifier</GetterNode, http://hlp:50344/>, TopicIdentifier</rosout>>, Topic<TopicIdentifier</rosout>, TopicDescription<rosgraph_msgs/Log, acffd30cd6b6de30f120938c17c593fb>>>>
05-24 12:45:26.625 W/art     ( 2955): Suspending all threads took: 54.928ms
05-24 12:45:26.911 I/Registrar( 2955): Registering subscriber: Subscriber<Topic<TopicIdentifier</mgt/ack>, TopicDescription<ff_msgs/AckStamped, cebddec69fd770df54633be444a9187d>>>
05-24 12:45:27.832 I/Registrar( 2955): Response<Success, Subscribed to [/mgt/ack], [http://10.42.0.34:33200/]>
05-24 12:45:27.859 I/DefaultSubscriber( 2955): Subscriber registered: Subscriber<Topic<TopicIdentifier</mgt/ack>, TopicDescription<ff_msgs/AckStamped, cebddec69fd770df54633be444a9187d>>>
05-24 12:45:28.189 I/Registrar( 2955): Response<Success, Registered [/GetterNode] as publisher of [/rosout], [http://10.42.0.34:37640/, http://10.42.0.34:39250/]>
05-24 12:45:28.221 W/art     ( 2955): Suspending all threads took: 27.041ms
05-24 12:45:28.403 W/art     ( 2955): Long monitor contention with owner pool-3-thread-9 (3020) at boolean org.ros.concurrent.CircularBlockingDeque.addLast(java.lang.Object)(CircularBlockingDeque.java:72) waiters=1 in void java.lang.Object.wait!() for 192ms
05-24 12:45:28.602 I/DefaultPublisher( 2955): Publisher registered: Publisher<PublisherDefinition<PublisherIdentifier<NodeIdentifier</GetterNode, http://hlp:50344/>, TopicIdentifier</rosout>>, Topic<TopicIdentifier</rosout>, TopicDescription<rosgraph_msgs/Log, acffd30cd6b6de30f120938c17c593fb>>>>
