05-23 17:44:00.714 E/Hyphenator( 1325): 	at java.io.RandomAccessFile.<init>(RandomAccessFile.java:247)
05-23 17:44:00.714 E/Hyphenator( 1325): 	at android.text.Hyphenator.loadHyphenator(Hyphenator.java:118)
05-23 17:44:00.714 E/Hyphenator( 1325): 	at android.text.Hyphenator.init(Hyphenator.java:224)
05-23 17:44:00.714 E/Hyphenator( 1325): 	at com.android.internal.os.ZygoteInit.preloadTextResources(ZygoteInit.java:252)
05-23 17:44:00.714 E/Hyphenator( 1325): 	at com.android.internal.os.ZygoteInit.preload(ZygoteInit.java:206)
05-23 17:44:00.714 E/Hyphenator( 1325): 	at com.android.internal.os.ZygoteInit.main(ZygoteInit.java:743)
05-23 17:44:00.714 E/Hyphenator( 1325): Caused by: android.system.ErrnoException: open failed: ENOENT (No such file or directory)
05-23 17:44:00.714 E/Hyphenator( 1325): 	at libcore.io.Posix.open(Native Method)
05-23 17:44:00.714 E/Hyphenator( 1325): 	at libcore.io.BlockGuardOs.open(BlockGuardOs.java:187)
05-23 17:44:00.714 E/Hyphenator( 1325): 	at libcore.io.IoBridge.open(IoBridge.java:441)
05-23 17:44:00.714 E/Hyphenator( 1325): 	... 6 more
05-23 17:44:00.715 E/Hyphenator( 1325): error loading hyphenation /system/usr/hyphen-data/hyph-hu.hyb
05-23 17:44:00.715 E/Hyphenator( 1325): java.io.FileNotFoundException: /system/usr/hyphen-data/hyph-hu.hyb: open failed: ENOENT (No such file or directory)
05-23 17:44:00.715 E/Hyphenator( 1325): 	at libcore.io.IoBridge.open(IoBridge.java:455)
05-23 17:44:00.715 E/Hyphenator( 1325): 	at java.io.RandomAccessFile.<init>(RandomAccessFile.java:247)
05-23 17:44:00.715 E/Hyphenator( 1325): 	at android.text.Hyphenator.loadHyphenator(Hyphenator.java:118)
05-23 17:44:00.715 E/Hyphenator( 1325): 	at android.text.Hyphenator.init(Hyphenator.java:224)
05-23 17:44:00.715 E/Hyphenator( 1325): 	at com.android.internal.os.ZygoteInit.preloadTextResources(ZygoteInit.java:252)
05-23 17:44:00.715 E/Hyphenator( 1325): 	at com.android.internal.os.ZygoteInit.preload(ZygoteInit.java:206)
05-23 17:44:00.715 E/Hyphenator( 1325): 	at com.android.internal.os.ZygoteInit.main(ZygoteInit.java:743)
05-23 17:44:00.715 E/Hyphenator( 1325): Caused by: android.system.ErrnoException: open failed: ENOENT (No such file or directory)
05-23 17:44:00.715 E/Hyphenator( 1325): 	at libcore.io.Posix.open(Native Method)
05-23 17:44:00.715 E/Hyphenator( 1325): 	at libcore.io.BlockGuardOs.open(BlockGuardOs.java:187)
05-23 17:44:00.715 E/Hyphenator( 1325): 	at libcore.io.IoBridge.open(IoBridge.java:441)
05-23 17:44:00.715 E/Hyphenator( 1325): 	... 6 more
05-23 17:44:00.717 E/Hyphenator( 1325): error loading hyphenation /system/usr/hyphen-data/hyph-hy.hyb
05-23 17:44:00.717 E/Hyphenator( 1325): java.io.FileNotFoundException: /system/usr/hyphen-data/hyph-hy.hyb: open failed: ENOENT (No such file or directory)
05-23 17:44:00.717 E/Hyphenator( 1325): 	at libcore.io.IoBridge.open(IoBridge.java:455)
05-23 17:44:00.717 E/Hyphenator( 1325): 	at java.io.RandomAccessFile.<init>(RandomAccessFile.java:247)
05-23 17:44:00.717 E/Hyphenator( 1325): 	at android.text.Hyphenator.loadHyphenator(Hyphenator.java:118)
05-23 17:44:00.717 E/Hyphenator( 1325): 	at android.text.Hyphenator.init(Hyphenator.java:224)
05-23 17:44:00.717 E/Hyphenator( 1325): 	at com.android.internal.os.ZygoteInit.preloadTextResources(ZygoteInit.java:252)
05-23 17:44:00.717 E/Hyphenator( 1325): 	at com.android.internal.os.ZygoteInit.preload(ZygoteInit.java:206)
05-23 17:44:00.717 E/Hyphenator( 1325): 	at com.android.internal.os.ZygoteInit.main(ZygoteInit.java:743)
05-23 17:44:00.717 E/Hyphenator( 1325): Caused by: android.system.ErrnoException: open failed: ENOENT (No such file or directory)
05-23 17:44:00.717 E/Hyphenator( 1325): 	at libcore.io.Posix.open(Native Method)
05-23 17:44:00.717 E/Hyphenator( 1325): 	at libcore.io.BlockGuardOs.open(BlockGuardOs.java:187)
05-23 17:44:00.717 E/Hyphenator( 1325): 	at libcore.io.IoBridge.open(IoBridge.java:441)
05-23 17:44:00.717 E/Hyphenator( 1325): 	... 6 more
05-23 17:44:00.718 E/Hyphenator( 1325): error loading hyphenation /system/usr/hyphen-data/hyph-kn.hyb
05-23 17:44:00.718 E/Hyphenator( 1325): java.io.FileNotFoundException: /system/usr/hyphen-data/hyph-kn.hyb: open failed: ENOENT (No such file or directory)
05-23 17:44:00.718 E/Hyphenator( 1325): 	at libcore.io.IoBridge.open(IoBridge.java:455)
05-23 17:44:00.718 E/Hyphenator( 1325): 	at java.io.RandomAccessFile.<init>(RandomAccessFile.java:247)
05-23 17:44:00.718 E/Hyphenator( 1325): 	at android.text.Hyphenator.loadHyphenator(Hyphenator.java:118)
05-23 17:44:00.718 E/Hyphenator( 1325): 	at android.text.Hyphenator.init(Hyphenator.java:224)
05-23 17:44:00.718 E/Hyphenator( 1325): 	at com.android.internal.os.ZygoteInit.preloadTextResources(ZygoteInit.java:252)
05-23 17:44:00.718 E/Hyphenator( 1325): 	at com.android.internal.os.ZygoteInit.preload(ZygoteInit.java:206)
05-23 17:44:00.718 E/Hyphenator( 1325): 	at com.android.internal.os.ZygoteInit.main(ZygoteInit.java:743)
05-23 17:44:00.718 E/Hyphenator( 1325): Caused by: android.system.ErrnoException: open failed: ENOENT (No such file or directory)
05-23 17:44:00.718 E/Hyphenator( 1325): 	at libcore.io.Posix.open(Native Method)
05-23 17:44:00.718 E/Hyphenator( 1325): 	at libcore.io.BlockGuardOs.open(BlockGuardOs.java:187)
05-23 17:44:00.718 E/Hyphenator( 1325): 	at libcore.io.IoBridge.open(IoBridge.java:441)
05-23 17:44:00.718 E/Hyphenator( 1325): 	... 6 more
05-23 17:44:00.732 E/Hyphenator( 1325): error loading hyphenation /system/usr/hyphen-data/hyph-ml.hyb
05-23 17:44:00.732 E/Hyphenator( 1325): java.io.FileNotFoundException: /system/usr/hyphen-data/hyph-ml.hyb: open failed: ENOENT (No such file or directory)
05-23 17:44:00.732 E/Hyphenator( 1325): 	at libcore.io.IoBridge.open(IoBridge.java:455)
05-23 17:44:00.732 E/Hyphenator( 1325): 	at java.io.RandomAccessFile.<init>(RandomAccessFile.java:247)
05-23 17:44:00.732 E/Hyphenator( 1325): 	at android.text.Hyphenator.loadHyphenator(Hyphenator.java:118)
05-23 17:44:00.732 E/Hyphenator( 1325): 	at android.text.Hyphenator.init(Hyphenator.java:224)
05-23 17:44:00.732 E/Hyphenator( 1325): 	at com.android.internal.os.ZygoteInit.preloadTextResources(ZygoteInit.java:252)
05-23 17:44:00.732 E/Hyphenator( 1325): 	at com.android.internal.os.ZygoteInit.preload(ZygoteInit.java:206)
05-23 17:44:00.732 E/Hyphenator( 1325): 	at com.android.internal.os.ZygoteInit.main(ZygoteInit.java:743)
05-23 17:44:00.732 E/Hyphenator( 1325): Caused by: android.system.ErrnoException: open failed: ENOENT (No such file or directory)
05-23 17:44:00.732 E/Hyphenator( 1325): 	at libcore.io.Posix.open(Native Method)
05-23 17:44:00.732 E/Hyphenator( 1325): 	at libcore.io.BlockGuardOs.open(BlockGuardOs.java:187)
05-23 17:44:00.732 E/Hyphenator( 1325): 	at libcore.io.IoBridge.open(IoBridge.java:441)
05-23 17:44:00.732 E/Hyphenator( 1325): 	... 6 more
05-23 17:44:00.733 E/Hyphenator( 1325): error loading hyphenation /system/usr/hyphen-data/hyph-mn-cyrl.hyb
05-23 17:44:00.733 E/Hyphenator( 1325): java.io.FileNotFoundException: /system/usr/hyphen-data/hyph-mn-cyrl.hyb: open failed: ENOENT (No such file or directory)
05-23 17:44:00.733 E/Hyphenator( 1325): 	at libcore.io.IoBridge.open(IoBridge.java:455)
05-23 17:44:00.733 E/Hyphenator( 1325): 	at java.io.RandomAccessFile.<init>(RandomAccessFile.java:247)
05-23 17:44:00.733 E/Hyphenator( 1325): 	at android.text.Hyphenator.loadHyphenator(Hyphenator.java:118)
05-23 17:44:00.733 E/Hyphenator( 1325): 	at android.text.Hyphenator.init(Hyphenator.java:224)
05-23 17:44:00.733 E/Hyphenator( 1325): 	at com.android.internal.os.ZygoteInit.preloadTextResources(ZygoteInit.java:252)
05-23 17:44:00.733 E/Hyphenator( 1325): 	at com.android.internal.os.ZygoteInit.preload(ZygoteInit.java:206)
05-23 17:44:00.733 E/Hyphenator( 1325): 	at com.android.internal.os.ZygoteInit.main(ZygoteInit.java:743)
05-23 17:44:00.733 E/Hyphenator( 1325): Caused by: android.system.ErrnoException: open failed: ENOENT (No such file or directory)
05-23 17:44:00.733 E/Hyphenator( 1325): 	at libcore.io.Posix.open(Native Method)
05-23 17:44:00.733 E/Hyphenator( 1325): 	at libcore.io.BlockGuardOs.open(BlockGuardOs.java:187)
05-23 17:44:00.733 E/Hyphenator( 1325): 	at libcore.io.IoBridge.open(IoBridge.java:441)
05-23 17:44:00.733 E/Hyphenator( 1325): 	... 6 more
05-23 17:44:00.735 E/Hyphenator( 1325): error loading hyphenation /system/usr/hyphen-data/hyph-mr.hyb
05-23 17:44:00.735 E/Hyphenator( 1325): java.io.FileNotFoundException: /system/usr/hyphen-data/hyph-mr.hyb: open failed: ENOENT (No such file or directory)
05-23 17:44:00.735 E/Hyphenator( 1325): 	at libcore.io.IoBridge.open(IoBridge.java:455)
05-23 17:44:00.735 E/Hyphenator( 1325): 	at java.io.RandomAccessFile.<init>(RandomAccessFile.java:247)
05-23 17:44:00.735 E/Hyphenator( 1325): 	at android.text.Hyphenator.loadHyphenator(Hyphenator.java:118)
05-23 17:44:00.735 E/Hyphenator( 1325): 	at android.text.Hyphenator.init(Hyphenator.java:224)
05-23 17:44:00.735 E/Hyphenator( 1325): 	at com.android.internal.os.ZygoteInit.preloadTextResources(ZygoteInit.java:252)
05-23 17:44:00.735 E/Hyphenator( 1325): 	at com.android.internal.os.ZygoteInit.preload(ZygoteInit.java:206)
05-23 17:44:00.735 E/Hyphenator( 1325): 	at com.android.internal.os.ZygoteInit.main(ZygoteInit.java:743)
05-23 17:44:00.735 E/Hyphenator( 1325): Caused by: android.system.ErrnoException: open failed: ENOENT (No such file or directory)
05-23 17:44:00.735 E/Hyphenator( 1325): 	at libcore.io.Posix.open(Native Method)
05-23 17:44:00.735 E/Hyphenator( 1325): 	at libcore.io.BlockGuardOs.open(BlockGuardOs.java:187)
05-23 17:44:00.735 E/Hyphenator( 1325): 	at libcore.io.IoBridge.open(IoBridge.java:441)
05-23 17:44:00.735 E/Hyphenator( 1325): 	... 6 more
05-23 17:44:00.737 E/Hyphenator( 1325): error loading hyphenation /system/usr/hyphen-data/hyph-nb.hyb
05-23 17:44:00.737 E/Hyphenator( 1325): java.io.FileNotFoundException: /system/usr/hyphen-data/hyph-nb.hyb: open failed: ENOENT (No such file or directory)
05-23 17:44:00.737 E/Hyphenator( 1325): 	at libcore.io.IoBridge.open(IoBridge.java:455)
05-23 17:44:00.737 E/Hyphenator( 1325): 	at java.io.RandomAccessFile.<init>(RandomAccessFile.java:247)
05-23 17:44:00.737 E/Hyphenator( 1325): 	at android.text.Hyphenator.loadHyphenator(Hyphenator.java:118)
05-23 17:44:00.737 E/Hyphenator( 1325): 	at android.text.Hyphenator.init(Hyphenator.java:224)
05-23 17:44:00.737 E/Hyphenator( 1325): 	at com.android.internal.os.ZygoteInit.preloadTextResources(ZygoteInit.java:252)
05-23 17:44:00.737 E/Hyphenator( 1325): 	at com.android.internal.os.ZygoteInit.preload(ZygoteInit.java:206)
05-23 17:44:00.737 E/Hyphenator( 1325): 	at com.android.internal.os.ZygoteInit.main(ZygoteInit.java:743)
05-23 17:44:00.737 E/Hyphenator( 1325): Caused by: android.system.ErrnoException: open failed: ENOENT (No such file or directory)
05-23 17:44:00.737 E/Hyphenator( 1325): 	at libcore.io.Posix.open(Native Method)
05-23 17:44:00.737 E/Hyphenator( 1325): 	at libcore.io.BlockGuardOs.open(BlockGuardOs.java:187)
05-23 17:44:00.737 E/Hyphenator( 1325): 	at libcore.io.IoBridge.open(IoBridge.java:441)
05-23 17:44:00.737 E/Hyphenator( 1325): 	... 6 more
05-23 17:44:00.738 E/Hyphenator( 1325): error loading hyphenation /system/usr/hyphen-data/hyph-nn.hyb
05-23 17:44:00.738 E/Hyphenator( 1325): java.io.FileNotFoundException: /system/usr/hyphen-data/hyph-nn.hyb: open failed: ENOENT (No such file or directory)
05-23 17:44:00.738 E/Hyphenator( 1325): 	at libcore.io.IoBridge.open(IoBridge.java:455)
05-23 17:44:00.738 E/Hyphenator( 1325): 	at java.io.RandomAccessFile.<init>(RandomAccessFile.java:247)
05-23 17:44:00.738 E/Hyphenator( 1325): 	at android.text.Hyphenator.loadHyphenator(Hyphenator.java:118)
05-23 17:44:00.738 E/Hyphenator( 1325): 	at android.text.Hyphenator.init(Hyphenator.java:224)
05-23 17:44:00.738 E/Hyphenator( 1325): 	at com.android.internal.os.ZygoteInit.preloadTextResources(ZygoteInit.java:252)
05-23 17:44:00.738 E/Hyphenator( 1325): 	at com.android.internal.os.ZygoteInit.preload(ZygoteInit.java:206)
05-23 17:44:00.738 E/Hyphenator( 1325): 	at com.android.internal.os.ZygoteInit.main(ZygoteInit.java:743)
05-23 17:44:00.738 E/Hyphenator( 1325): Caused by: android.system.ErrnoException: open failed: ENOENT (No such file or directory)
05-23 17:44:00.738 E/Hyphenator( 1325): 	at libcore.io.Posix.open(Native Method)
05-23 17:44:00.738 E/Hyphenator( 1325): 	at libcore.io.BlockGuardOs.open(BlockGuardOs.java:187)
05-23 17:44:00.738 E/Hyphenator( 1325): 	at libcore.io.IoBridge.open(IoBridge.java:441)
05-23 17:44:00.738 E/Hyphenator( 1325): 	... 6 more
05-23 17:44:00.850 E/Hyphenator( 1325): error loading hyphenation /system/usr/hyphen-data/hyph-or.hyb
05-23 17:44:00.850 E/Hyphenator( 1325): java.io.FileNotFoundException: /system/usr/hyphen-data/hyph-or.hyb: open failed: ENOENT (No such file or directory)
05-23 17:44:00.850 E/Hyphenator( 1325): 	at libcore.io.IoBridge.open(IoBridge.java:455)
05-23 17:44:00.850 E/Hyphenator( 1325): 	at java.io.RandomAccessFile.<init>(RandomAccessFile.java:247)
05-23 17:44:00.850 E/Hyphenator( 1325): 	at android.text.Hyphenator.loadHyphenator(Hyphenator.java:118)
05-23 17:44:00.850 E/Hyphenator( 1325): 	at android.text.Hyphenator.init(Hyphenator.java:224)
05-23 17:44:00.850 E/Hyphenator( 1325): 	at com.android.internal.os.ZygoteInit.preloadTextResources(ZygoteInit.java:252)
05-23 17:44:00.850 E/Hyphenator( 1325): 	at com.android.internal.os.ZygoteInit.preload(ZygoteInit.java:206)
05-23 17:44:00.850 E/Hyphenator( 1325): 	at com.android.internal.os.ZygoteInit.main(ZygoteInit.java:743)
05-23 17:44:00.850 E/Hyphenator( 1325): Caused by: android.system.ErrnoException: open failed: ENOENT (No such file or directory)
05-23 17:44:00.850 E/Hyphenator( 1325): 	at libcore.io.Posix.open(Native Method)
05-23 17:44:00.850 E/Hyphenator( 1325): 	at libcore.io.BlockGuardOs.open(BlockGuardOs.java:187)
05-23 17:44:00.850 E/Hyphenator( 1325): 	at libcore.io.IoBridge.open(IoBridge.java:441)
05-23 17:44:00.850 E/Hyphenator( 1325): 	... 6 more
05-23 17:44:00.852 E/Hyphenator( 1325): error loading hyphenation /system/usr/hyphen-data/hyph-pa.hyb
05-23 17:44:00.852 E/Hyphenator( 1325): java.io.FileNotFoundException: /system/usr/hyphen-data/hyph-pa.hyb: open failed: ENOENT (No such file or directory)
05-23 17:44:00.852 E/Hyphenator( 1325): 	at libcore.io.IoBridge.open(IoBridge.java:455)
05-23 17:44:00.852 E/Hyphenator( 1325): 	at java.io.RandomAccessFile.<init>(RandomAccessFile.java:247)
05-23 17:44:00.852 E/Hyphenator( 1325): 	at android.text.Hyphenator.loadHyphenator(Hyphenator.java:118)
05-23 17:44:00.852 E/Hyphenator( 1325): 	at android.text.Hyphenator.init(Hyphenator.java:224)
05-23 17:44:00.852 E/Hyphenator( 1325): 	at com.android.internal.os.ZygoteInit.preloadTextResources(ZygoteInit.java:252)
05-23 17:44:00.852 E/Hyphenator( 1325): 	at com.android.internal.os.ZygoteInit.preload(ZygoteInit.java:206)
05-23 17:44:00.852 E/Hyphenator( 1325): 	at com.android.internal.os.ZygoteInit.main(ZygoteInit.java:743)
05-23 17:44:00.852 E/Hyphenator( 1325): Caused by: android.system.ErrnoException: open failed: ENOENT (No such file or directory)
05-23 17:44:00.852 E/Hyphenator( 1325): 	at libcore.io.Posix.open(Native Method)
05-23 17:44:00.852 E/Hyphenator( 1325): 	at libcore.io.BlockGuardOs.open(BlockGuardOs.java:187)
05-23 17:44:00.852 E/Hyphenator( 1325): 	at libcore.io.IoBridge.open(IoBridge.java:441)
05-23 17:44:00.852 E/Hyphenator( 1325): 	... 6 more
05-23 17:44:00.854 E/Hyphenator( 1325): error loading hyphenation /system/usr/hyphen-data/hyph-pt.hyb
05-23 17:44:00.854 E/Hyphenator( 1325): java.io.FileNotFoundException: /system/usr/hyphen-data/hyph-pt.hyb: open failed: ENOENT (No such file or directory)
05-23 17:44:00.854 E/Hyphenator( 1325): 	at libcore.io.IoBridge.open(IoBridge.java:455)
05-23 17:44:00.854 E/Hyphenator( 1325): 	at java.io.RandomAccessFile.<init>(RandomAccessFile.java:247)
05-23 17:44:00.854 E/Hyphenator( 1325): 	at android.text.Hyphenator.loadHyphenator(Hyphenator.java:118)
05-23 17:44:00.854 E/Hyphenator( 1325): 	at android.text.Hyphenator.init(Hyphenator.java:224)
05-23 17:44:00.854 E/Hyphenator( 1325): 	at com.android.internal.os.ZygoteInit.preloadTextResources(ZygoteInit.java:252)
05-23 17:44:00.854 E/Hyphenator( 1325): 	at com.android.internal.os.ZygoteInit.preload(ZygoteInit.java:206)
05-23 17:44:00.854 E/Hyphenator( 1325): 	at com.android.internal.os.ZygoteInit.main(ZygoteInit.java:743)
05-23 17:44:00.854 E/Hyphenator( 1325): Caused by: android.system.ErrnoException: open failed: ENOENT (No such file or directory)
05-23 17:44:00.854 E/Hyphenator( 1325): 	at libcore.io.Posix.open(Native Method)
05-23 17:44:00.854 E/Hyphenator( 1325): 	at libcore.io.BlockGuardOs.open(BlockGuardOs.java:187)
05-23 17:44:00.854 E/Hyphenator( 1325): 	at libcore.io.IoBridge.open(IoBridge.java:441)
05-23 17:44:00.854 E/Hyphenator( 1325): 	... 6 more
05-23 17:44:00.855 E/Hyphenator( 1325): error loading hyphenation /system/usr/hyphen-data/hyph-sl.hyb
05-23 17:44:00.855 E/Hyphenator( 1325): java.io.FileNotFoundException: /system/usr/hyphen-data/hyph-sl.hyb: open failed: ENOENT (No such file or directory)
05-23 17:44:00.855 E/Hyphenator( 1325): 	at libcore.io.IoBridge.open(IoBridge.java:455)
05-23 17:44:00.855 E/Hyphenator( 1325): 	at java.io.RandomAccessFile.<init>(RandomAccessFile.java:247)
05-23 17:44:00.855 E/Hyphenator( 1325): 	at android.text.Hyphenator.loadHyphenator(Hyphenator.java:118)
05-23 17:44:00.855 E/Hyphenator( 1325): 	at android.text.Hyphenator.init(Hyphenator.java:224)
05-23 17:44:00.855 E/Hyphenator( 1325): 	at com.android.internal.os.ZygoteInit.preloadTextResources(ZygoteInit.java:252)
05-23 17:44:00.855 E/Hyphenator( 1325): 	at com.android.internal.os.ZygoteInit.preload(ZygoteInit.java:206)
05-23 17:44:00.855 E/Hyphenator( 1325): 	at com.android.internal.os.ZygoteInit.main(ZygoteInit.java:743)
05-23 17:44:00.855 E/Hyphenator( 1325): Caused by: android.system.ErrnoException: open failed: ENOENT (No such file or directory)
05-23 17:44:00.855 E/Hyphenator( 1325): 	at libcore.io.Posix.open(Native Method)
05-23 17:44:00.855 E/Hyphenator( 1325): 	at libcore.io.BlockGuardOs.open(BlockGuardOs.java:187)
05-23 17:44:00.855 E/Hyphenator( 1325): 	at libcore.io.IoBridge.open(IoBridge.java:441)
05-23 17:44:00.855 E/Hyphenator( 1325): 	... 6 more
05-23 17:44:00.857 E/Hyphenator( 1325): error loading hyphenation /system/usr/hyphen-data/hyph-ta.hyb
05-23 17:44:00.857 E/Hyphenator( 1325): java.io.FileNotFoundException: /system/usr/hyphen-data/hyph-ta.hyb: open failed: ENOENT (No such file or directory)
05-23 17:44:00.857 E/Hyphenator( 1325): 	at libcore.io.IoBridge.open(IoBridge.java:455)
05-23 17:44:00.857 E/Hyphenator( 1325): 	at java.io.RandomAccessFile.<init>(RandomAccessFile.java:247)
05-23 17:44:00.857 E/Hyphenator( 1325): 	at android.text.Hyphenator.loadHyphenator(Hyphenator.java:118)
05-23 17:44:00.857 E/Hyphenator( 1325): 	at android.text.Hyphenator.init(Hyphenator.java:224)
05-23 17:44:00.857 E/Hyphenator( 1325): 	at com.android.internal.os.ZygoteInit.preloadTextResources(ZygoteInit.java:252)
05-23 17:44:00.857 E/Hyphenator( 1325): 	at com.android.internal.os.ZygoteInit.preload(ZygoteInit.java:206)
05-23 17:44:00.857 E/Hyphenator( 1325): 	at com.android.internal.os.ZygoteInit.main(ZygoteInit.java:743)
05-23 17:44:00.857 E/Hyphenator( 1325): Caused by: android.system.ErrnoException: open failed: ENOENT (No such file or directory)
05-23 17:44:00.857 E/Hyphenator( 1325): 	at libcore.io.Posix.open(Native Method)
05-23 17:44:00.857 E/Hyphenator( 1325): 	at libcore.io.BlockGuardOs.open(BlockGuardOs.java:187)
05-23 17:44:00.857 E/Hyphenator( 1325): 	at libcore.io.IoBridge.open(IoBridge.java:441)
05-23 17:44:00.857 E/Hyphenator( 1325): 	... 6 more
05-23 17:44:00.859 E/Hyphenator( 1325): error loading hyphenation /system/usr/hyphen-data/hyph-te.hyb
05-23 17:44:00.859 E/Hyphenator( 1325): java.io.FileNotFoundException: /system/usr/hyphen-data/hyph-te.hyb: open failed: ENOENT (No such file or directory)
05-23 17:44:00.859 E/Hyphenator( 1325): 	at libcore.io.IoBridge.open(IoBridge.java:455)
05-23 17:44:00.859 E/Hyphenator( 1325): 	at java.io.RandomAccessFile.<init>(RandomAccessFile.java:247)
05-23 17:44:00.859 E/Hyphenator( 1325): 	at android.text.Hyphenator.loadHyphenator(Hyphenator.java:118)
05-23 17:44:00.859 E/Hyphenator( 1325): 	at android.text.Hyphenator.init(Hyphenator.java:224)
05-23 17:44:00.859 E/Hyphenator( 1325): 	at com.android.internal.os.ZygoteInit.preloadTextResources(ZygoteInit.java:252)
05-23 17:44:00.859 E/Hyphenator( 1325): 	at com.android.internal.os.ZygoteInit.preload(ZygoteInit.java:206)
05-23 17:44:00.859 E/Hyphenator( 1325): 	at com.android.internal.os.ZygoteInit.main(ZygoteInit.java:743)
05-23 17:44:00.859 E/Hyphenator( 1325): Caused by: android.system.ErrnoException: open failed: ENOENT (No such file or directory)
05-23 17:44:00.859 E/Hyphenator( 1325): 	at libcore.io.Posix.open(Native Method)
05-23 17:44:00.859 E/Hyphenator( 1325): 	at libcore.io.BlockGuardOs.open(BlockGuardOs.java:187)
05-23 17:44:00.859 E/Hyphenator( 1325): 	at libcore.io.IoBridge.open(IoBridge.java:441)
05-23 17:44:00.859 E/Hyphenator( 1325): 	... 6 more
05-23 17:44:00.910 E/Hyphenator( 1325): error loading hyphenation /system/usr/hyphen-data/hyph-tk.hyb
05-23 17:44:00.910 E/Hyphenator( 1325): java.io.FileNotFoundException: /system/usr/hyphen-data/hyph-tk.hyb: open failed: ENOENT (No such file or directory)
05-23 17:44:00.910 E/Hyphenator( 1325): 	at libcore.io.IoBridge.open(IoBridge.java:455)
05-23 17:44:00.910 E/Hyphenator( 1325): 	at java.io.RandomAccessFile.<init>(RandomAccessFile.java:247)
05-23 17:44:00.910 E/Hyphenator( 1325): 	at android.text.Hyphenator.loadHyphenator(Hyphenator.java:118)
05-23 17:44:00.910 E/Hyphenator( 1325): 	at android.text.Hyphenator.init(Hyphenator.java:224)
05-23 17:44:00.910 E/Hyphenator( 1325): 	at com.android.internal.os.ZygoteInit.preloadTextResources(ZygoteInit.java:252)
05-23 17:44:00.910 E/Hyphenator( 1325): 	at com.android.internal.os.ZygoteInit.preload(ZygoteInit.java:206)
05-23 17:44:00.910 E/Hyphenator( 1325): 	at com.android.internal.os.ZygoteInit.main(ZygoteInit.java:743)
05-23 17:44:00.910 E/Hyphenator( 1325): Caused by: android.system.ErrnoException: open failed: ENOENT (No such file or directory)
05-23 17:44:00.910 E/Hyphenator( 1325): 	at libcore.io.Posix.open(Native Method)
05-23 17:44:00.910 E/Hyphenator( 1325): 	at libcore.io.BlockGuardOs.open(BlockGuardOs.java:187)
05-23 17:44:00.910 E/Hyphenator( 1325): 	at libcore.io.IoBridge.open(IoBridge.java:441)
05-23 17:44:00.910 E/Hyphenator( 1325): 	... 6 more
05-23 17:44:00.912 E/Hyphenator( 1325): error loading hyphenation /system/usr/hyphen-data/hyph-und-ethi.hyb
05-23 17:44:00.912 E/Hyphenator( 1325): java.io.FileNotFoundException: /system/usr/hyphen-data/hyph-und-ethi.hyb: open failed: ENOENT (No such file or directory)
05-23 17:44:00.912 E/Hyphenator( 1325): 	at libcore.io.IoBridge.open(IoBridge.java:455)
05-23 17:44:00.912 E/Hyphenator( 1325): 	at java.io.RandomAccessFile.<init>(RandomAccessFile.java:247)
05-23 17:44:00.912 E/Hyphenator( 1325): 	at android.text.Hyphenator.loadHyphenator(Hyphenator.java:118)
05-23 17:44:00.912 E/Hyphenator( 1325): 	at android.text.Hyphenator.init(Hyphenator.java:224)
05-23 17:44:00.912 E/Hyphenator( 1325): 	at com.android.internal.os.ZygoteInit.preloadTextResources(ZygoteInit.java:252)
05-23 17:44:00.912 E/Hyphenator( 1325): 	at com.android.internal.os.ZygoteInit.preload(ZygoteInit.java:206)
05-23 17:44:00.912 E/Hyphenator( 1325): 	at com.android.internal.os.ZygoteInit.main(ZygoteInit.java:743)
05-23 17:44:00.912 E/Hyphenator( 1325): Caused by: android.system.ErrnoException: open failed: ENOENT (No such file or directory)
05-23 17:44:00.912 E/Hyphenator( 1325): 	at libcore.io.Posix.open(Native Method)
05-23 17:44:00.912 E/Hyphenator( 1325): 	at libcore.io.BlockGuardOs.open(BlockGuardOs.java:187)
05-23 17:44:00.912 E/Hyphenator( 1325): 	at libcore.io.IoBridge.open(IoBridge.java:441)
05-23 17:44:00.912 E/Hyphenator( 1325): 	... 6 more
05-23 17:44:01.524 I/Zygote  ( 1325): Uninstalled ICU cache reference pinning...
05-23 17:44:01.655 I/Zygote  ( 1325): Installed AndroidKeyStoreProvider in 49ms.
05-23 17:44:02.341 I/Zygote  ( 1325): Warmed up JCA providers in 686ms.
05-23 17:44:02.341 D/Zygote  ( 1325): end preload
05-23 17:44:02.342 I/art     ( 1325): Starting a blocking GC Explicit
05-23 17:44:02.531 V/NatController( 1338): runCmd(/system/bin/iptables -w -F natctrl_FORWARD) res=0
05-23 17:44:02.605 I/art     ( 1325): Explicit concurrent mark sweep GC freed 15996(1200KB) AllocSpace objects, 1(32KB) LOS objects, 39% free, 6MB/10MB, paused 353us total 261.663ms
05-23 17:44:02.701 I/art     ( 1325): Starting a blocking GC Explicit
05-23 17:44:02.766 I/art     ( 1325): Explicit concurrent mark sweep GC freed 1502(60KB) AllocSpace objects, 3(132KB) LOS objects, 39% free, 6MB/10MB, paused 303us total 64.321ms
05-23 17:44:02.770 I/Zygote  ( 1325): Accepting command socket connections
05-23 17:44:02.848 V/NatController( 1338): runCmd(/system/bin/ip6tables -w -F natctrl_FORWARD) res=0
05-23 17:44:02.852 I/Zygote  ( 2150): Process: zygote socket opened, supported ABIS: x86
05-23 17:44:02.857 I/InstallerConnection( 2150): connecting...
05-23 17:44:02.902 I/        ( 1329): new connection
05-23 17:44:03.231 V/NatController( 1338): runCmd(/system/bin/iptables -w -A natctrl_FORWARD -j DROP) res=0
05-23 17:44:03.246 I/InstallerConnection( 2150): disconnecting...
05-23 17:44:03.246 E/        ( 1329): eof
05-23 17:44:03.246 E/        ( 1329): failed to read size
05-23 17:44:03.246 I/        ( 1329): closing connection
05-23 17:44:03.461 V/NatController( 1338): runCmd(/system/bin/iptables -w -t nat -F natctrl_nat_POSTROUTING) res=0
05-23 17:44:03.734 V/NatController( 1338): runCmd(/system/bin/ip6tables -w -t raw -F natctrl_raw_PREROUTING) res=0
05-23 17:44:04.061 V/NatController( 1338): runCmd(/system/bin/iptables -w -F natctrl_tether_counters) res=1
05-23 17:44:04.358 V/NatController( 1338): runCmd(/system/bin/ip6tables -w -F natctrl_tether_counters) res=1
05-23 17:44:04.548 I/SystemServer( 2150): Entered the Android system server!
05-23 17:44:05.191 V/NatController( 1338): runCmd(/system/bin/iptables -w -X natctrl_tether_counters) res=1
05-23 17:44:05.595 V/NatController( 1338): runCmd(/system/bin/ip6tables -w -X natctrl_tether_counters) res=1
05-23 17:44:05.818 V/NatController( 1338): runCmd(/system/bin/iptables -w -N natctrl_tether_counters) res=0
05-23 17:44:06.304 V/NatController( 1338): runCmd(/system/bin/ip6tables -w -N natctrl_tether_counters) res=0
05-23 17:44:06.910 V/NatController( 1338): runCmd(/system/bin/iptables -w -t mangle -A natctrl_mangle_FORWARD -p tcp --tcp-flags SYN SYN -j TCPMSS --clamp-mss-to-pmtu) res=0
05-23 17:44:07.012 I/SystemServiceManager( 2150): Starting com.android.server.pm.Installer
05-23 17:44:07.221 I/Installer( 2150): Waiting for installd to be ready.
05-23 17:44:07.221 I/InstallerConnection( 2150): connecting...
05-23 17:44:07.225 I/        ( 1329): new connection
05-23 17:44:07.281 I/SystemServiceManager( 2150): Starting com.android.server.am.ActivityManagerService$Lifecycle
05-23 17:44:07.821 I/ActivityManager( 2150): Memory class: 256
05-23 17:44:07.870 I/ServiceThread( 2150): Enabled StrictMode logging for ActivityManager looper.
05-23 17:44:07.934 I/ServiceThread( 2150): Enabled StrictMode logging for android.ui looper.
05-23 17:44:08.462 D/BatteryStatsImpl( 2150): Reading daily items from /data/system/batterystats-daily.xml
05-23 17:44:10.061 W/ProcessCpuTracker( 2150): Skipping unknown process pid 2204
05-23 17:44:10.062 W/ProcessCpuTracker( 2150): Skipping unknown process pid 2206
05-23 17:44:10.063 W/ProcessCpuTracker( 2150): Skipping unknown process pid 2209
05-23 17:44:10.251 I/IntentFirewall( 2150): Read new rules (A:0 B:0 S:0)
05-23 17:44:10.352 I/ServiceThread( 2150): Enabled StrictMode logging for android.display looper.
05-23 17:44:10.556 E/Netd    ( 1338): cannot find interface dummy0
05-23 17:44:10.579 D/MDnsDS  ( 1338): MDnsSdListener::Hander starting up
05-23 17:44:10.634 D/AppOps  ( 2150): AppOpsService published
05-23 17:44:10.635 I/SystemServiceManager( 2150): Starting com.android.server.power.PowerManagerService
05-23 17:44:10.749 D/MDnsDS  ( 1338): MDnsSdListener starting to monitor
05-23 17:44:10.749 D/MDnsDS  ( 1338): Going to poll with pollCount 1
05-23 17:44:10.791 I/ServiceThread( 2150): Enabled StrictMode logging for PowerManagerService looper.
05-23 17:44:10.795 E/PowerManagerService-JNI( 2150): Couldn't load power module (No such file or directory)
05-23 17:44:10.795 W/libsuspend( 2150): Error writing 'on' to /sys/power/state: Invalid argument
05-23 17:44:10.796 I/libsuspend( 2150): Selected wakeup count
05-23 17:44:10.942 I/SystemServiceManager( 2150): Starting com.android.server.lights.LightsService
05-23 17:44:11.002 I/SystemServiceManager( 2150): Starting com.android.server.display.DisplayManagerService
05-23 17:44:11.135 I/SystemServiceManager( 2150): Starting phase 100
05-23 17:44:11.247 E/SurfaceFlinger( 1321): ro.sf.lcd_density must be defined as a build property
05-23 17:44:11.342 I/DisplayManagerService( 2150): Display device added: DisplayDeviceInfo{"Built-in Screen": uniqueId="local:0", 1080 x 1920, modeId 1, defaultModeId 1, supportedModes [{id=1, width=1080, height=1920, fps=60.000004}], colorMode 0, supportedColorModes [0], HdrCapabilities android.view.Display$HdrCapabilities@a69d6308, density 480, 480.0 x 480.0 dpi, appVsyncOff 1000000, presDeadline 16666666, touch INTERNAL, rotation 0, type BUILT_IN, state UNKNOWN, FLAG_DEFAULT_DISPLAY, FLAG_ROTATES_WITH_CONTENT, FLAG_SECURE, FLAG_SUPPORTS_PROTECTED_BUFFERS}
05-23 17:44:11.351 D/SurfaceFlinger( 1321): Set power mode=2, type=0 flinger=0x78b903047000
05-23 17:44:11.351 D/SurfaceFlinger( 1321): Screen type=0 is already mode=2
05-23 17:44:11.363 I/DisplayManagerService( 2150): Display device changed state: "Built-in Screen", ON
05-23 17:44:11.368 I/SystemServer( 2150): StartPackageManagerService
05-23 17:44:12.033 W/SystemConfig( 2150): No directory /system/etc/sysconfig, skipping
05-23 17:44:12.234 D/SELinuxMMAC( 2150): Using policy file /system/etc/security/mac_permissions.xml
05-23 17:44:14.077 E/art     ( 2150): DexFile_getDexOptNeeded file '/system/framework/org.apache.http.legacy.jar' does not exist
05-23 17:44:14.079 W/PackageManager( 2150): Library not found: /system/framework/org.apache.http.legacy.jar
05-23 17:44:14.315 E/art     ( 2150): DexFile_getDexOptNeeded file '/system/framework/org.apache.http.legacy.jar' does not exist
05-23 17:44:14.316 W/PackageManager( 2150): Library not found: /system/framework/org.apache.http.legacy.jar
05-23 17:44:14.369 D/PackageManager( 2150): No files in app dir /vendor/overlay
05-23 17:44:15.196 W/PackageManager( 2150): Failed to parse /system/framework/oat: Missing base APK in /system/framework/oat
05-23 17:44:15.199 W/PackageManager( 2150): Failed to parse /system/framework/x86: Missing base APK in /system/framework/x86
05-23 17:44:15.261 W/PackageManager( 2150): Failed to parse /system/framework/x86_64: Missing base APK in /system/framework/x86_64
05-23 17:44:16.532 W/PackageParser( 2150): No actions in intent filter at /system/priv-app/Contacts/Contacts.apk Binary XML file line #409
05-23 17:44:17.586 W/PackageParser( 2150): No actions in intent filter at /system/priv-app/Dialer/Dialer.apk Binary XML file line #186
05-23 17:44:17.941 W/PackageManager( 2150): Permission android.permission.DOWNLOAD_WITHOUT_NOTIFICATION from package com.android.providers.downloads in an unknown group android.permission-group.NETWORK
05-23 17:44:20.832 W/PackageParser( 2150): Ignoring duplicate uses-permissions/uses-permissions-sdk-m: android.permission.USE_CREDENTIALS in package: com.android.settings at: Binary XML file line #53
05-23 17:44:20.833 W/PackageParser( 2150): Ignoring duplicate uses-permissions/uses-permissions-sdk-m: android.permission.READ_SYNC_SETTINGS in package: com.android.settings at: Binary XML file line #58
05-23 17:44:20.833 W/PackageParser( 2150): Ignoring duplicate uses-permissions/uses-permissions-sdk-m: android.permission.WRITE_SYNC_SETTINGS in package: com.android.settings at: Binary XML file line #59
05-23 17:44:21.743 W/PackageParser( 2150): Ignoring duplicate uses-permissions/uses-permissions-sdk-m: android.permission.INSTALL_GRANT_RUNTIME_PERMISSIONS in package: com.android.shell at: Binary XML file line #102
05-23 17:44:22.696 W/PackageParser( 2150): Ignoring duplicate uses-permissions/uses-permissions-sdk-m: android.permission.CONFIGURE_WIFI_DISPLAY in package: com.android.systemui at: Binary XML file line #123
05-23 17:44:24.055 W/art     ( 2150): Suspending all threads took: 106.987ms
05-23 17:44:24.229 I/art     ( 2150): Background sticky concurrent mark sweep GC freed 33396(2MB) AllocSpace objects, 20(416KB) LOS objects, 31% free, 6MB/10MB, paused 111.468ms total 404.867ms
05-23 17:44:25.057 W/PackageManager( 2150): Non-privileged app; cap priority to 0; package: com.android.calendar activity: com.android.calendar.GoogleCalendarUriIntentFilter origPrio: 50
05-23 17:44:25.251 W/PackageManager( 2150): Non-privileged app; cap priority to 0; package: com.android.cts.ctsshim activity: com.android.cts.ctsshim.InstallPriority origPrio: 100
05-23 17:44:25.251 W/PackageManager( 2150): Non-privileged app; cap priority to 0; package: com.android.cts.ctsshim activity: com.android.cts.ctsshim.InstallPriority origPrio: 100
05-23 17:44:25.251 W/PackageManager( 2150): Non-privileged app; cap priority to 0; package: com.android.cts.ctsshim activity: com.android.cts.ctsshim.InstallPriority origPrio: 100
05-23 17:44:25.252 W/PackageManager( 2150): Non-privileged app; cap priority to 0; package: com.android.cts.ctsshim activity: com.android.cts.ctsshim.InstallPriority origPrio: 100
05-23 17:44:25.252 W/PackageManager( 2150): Non-privileged app; cap priority to 0; package: com.android.cts.ctsshim activity: com.android.cts.ctsshim.InstallPriority origPrio: 100
05-23 17:44:26.564 W/PackageParser( 2150): Ignoring duplicate uses-permissions/uses-permissions-sdk-m: android.permission.WRITE_CONTACTS in package: com.android.email at: Binary XML file line #40
05-23 17:44:27.712 W/PackageParser( 2150): Unknown element under <application>: permission at /system/app/Gallery2/Gallery2.apk Binary XML file line #238
05-23 17:44:27.712 W/PackageParser( 2150): Unknown element under <application>: permission at /system/app/Gallery2/Gallery2.apk Binary XML file line #241
05-23 17:44:28.960 W/PackageManager( 2150): Permission com.android.launcher3.permission.READ_SETTINGS from package com.android.launcher3 in an unknown group android.permission-group.SYSTEM_TOOLS
05-23 17:44:28.961 W/PackageManager( 2150): Permission com.android.launcher3.permission.WRITE_SETTINGS from package com.android.launcher3 in an unknown group android.permission-group.SYSTEM_TOOLS
05-23 17:44:28.961 W/PackageManager( 2150): Permission com.android.launcher.permission.INSTALL_SHORTCUT from package com.android.launcher3 in an unknown group android.permission-group.SYSTEM_TOOLS
05-23 17:44:31.954 D/PackageManager( 2150): No files in app dir /system/vendor/app
05-23 17:44:31.954 D/PackageManager( 2150): No files in app dir /oem/app
05-23 17:44:33.135 W/PackageParser( 2150): No actions in intent filter at /data/app/ApiDemos/ApiDemos.apk Binary XML file line #3145
05-23 17:44:33.135 W/PackageParser( 2150): No actions in intent filter at /data/app/ApiDemos/ApiDemos.apk Binary XML file line #3151
05-23 17:44:33.162 W/PackageManager( 2150): Package com.example.android.apis desires unavailable shared library com.example.will.never.exist; ignoring!
05-23 17:44:33.181 I/SELinux ( 2150): SELinux: Loaded file_contexts contexts from /file_contexts.bin.
05-23 17:44:33.906 D/PackageManager( 2150): No files in app dir /data/app-private
05-23 17:44:33.931 D/PackageManager( 2150): No files in app dir /data/app-ephemeral
05-23 17:44:33.939 E/PackageManager( 2150): There should probably be exactly one setup wizard; found 0: matches=[]
05-23 17:44:33.939 W/PackageManager( 2150): Protected action; cap priority to 0; package: com.android.cts.priv.ctsshim activity: com.android.cts.priv.ctsshim.InstallPriority origPrio: 100
05-23 17:44:33.940 W/PackageManager( 2150): Protected action; cap priority to 0; package: com.android.cts.priv.ctsshim activity: com.android.cts.priv.ctsshim.InstallPriority origPrio: 100
05-23 17:44:33.990 W/PackageManager( 2150): Protected action; cap priority to 0; package: com.android.cts.priv.ctsshim activity: com.android.cts.priv.ctsshim.InstallPriority origPrio: 100
05-23 17:44:33.990 W/PackageManager( 2150): Protected action; cap priority to 0; package: com.android.cts.priv.ctsshim activity: com.android.cts.priv.ctsshim.InstallPriority origPrio: 100
05-23 17:44:33.990 W/PackageManager( 2150): Protected action; cap priority to 0; package: com.android.packageinstaller activity: com.android.packageinstaller.PackageInstallerActivity origPrio: 1
05-23 17:44:33.991 W/PackageManager( 2150): Package com.android.camera desires unavailable shared library com.google.android.media.effects; ignoring!
05-23 17:44:33.991 W/PackageManager( 2150): Package com.android.gallery3d desires unavailable shared library com.google.android.media.effects; ignoring!
05-23 17:44:33.991 W/PackageManager( 2150): Package com.android.gallery3d desires unavailable shared library com.google.android.media.effects; ignoring!
05-23 17:44:33.991 W/PackageManager( 2150): Package com.example.android.apis desires unavailable shared library com.example.will.never.exist; ignoring!
05-23 17:44:33.992 I/PackageManager( 2150): Adjusting ABI for com.android.providers.downloads.ui to x86_64 (requirer=com.android.mtp, scannedPackage=null)
05-23 17:44:34.002 I/PackageManager( 2150): Adjusting ABI for com.android.providers.downloads to x86_64 (requirer=com.android.mtp, scannedPackage=null)
05-23 17:44:34.005 I/PackageManager( 2150): Adjusting ABI for com.android.providers.media to x86_64 (requirer=com.android.mtp, scannedPackage=null)
05-23 17:44:34.006 I/PackageManager( 2150): Adjusting ABI for com.android.server.telecom to x86_64 (requirer=android, scannedPackage=null)
05-23 17:44:34.008 I/PackageManager( 2150): Adjusting ABI for com.android.wallpaperbackup to x86_64 (requirer=android, scannedPackage=null)
05-23 17:44:34.010 I/PackageManager( 2150): Adjusting ABI for com.android.keychain to x86_64 (requirer=android, scannedPackage=null)
05-23 17:44:34.012 I/PackageManager( 2150): Adjusting ABI for com.android.location.fused to x86_64 (requirer=android, scannedPackage=null)
05-23 17:44:34.014 I/PackageManager( 2150): Adjusting ABI for com.android.settings to x86_64 (requirer=android, scannedPackage=null)
05-23 17:44:34.020 I/PackageManager( 2150): Adjusting ABI for com.android.inputdevices to x86_64 (requirer=android, scannedPackage=null)
05-23 17:44:34.022 I/PackageManager( 2150): Adjusting ABI for com.android.providers.settings to x86_64 (requirer=android, scannedPackage=null)
05-23 17:44:34.032 I/PackageManager( 2150): Time to scan packages: 20.183 seconds
05-23 17:44:34.062 W/PackageManager( 2150): Unknown permission com.google.android.googleapps.permission.GOOGLE_AUTH in package com.android.providers.calendar
05-23 17:44:34.062 W/PackageManager( 2150): Unknown permission com.google.android.googleapps.permission.GOOGLE_AUTH.cl in package com.android.providers.calendar
05-23 17:44:34.064 W/PackageManager( 2150): Not granting permission android.permission.GLOBAL_SEARCH to package com.android.quicksearchbox (protectionLevel=18 flags=0x3808be45)
05-23 17:44:34.065 W/PackageManager( 2150): Not granting permission android.permission.WRITE_EXTERNAL_STORAGE to package gov.nasa.arc.astrobee.android.gs.manager because it was previously installed without
05-23 17:44:34.065 W/PackageManager( 2150): Not granting permission android.permission.READ_EXTERNAL_STORAGE to package gov.nasa.arc.astrobee.android.gs.manager because it was previously installed without
05-23 17:44:34.066 W/PackageManager( 2150): Unknown permission com.android.launcher.permission.READ_SETTINGS in package com.android.launcher3
05-23 17:44:34.066 W/PackageManager( 2150): Unknown permission com.android.launcher.permission.WRITE_SETTINGS in package com.android.launcher3
05-23 17:44:34.066 W/PackageManager( 2150): Not granting permission android.permission.BIND_APPWIDGET to package com.android.launcher3 (protectionLevel=18 flags=0x3c4bbe45)
05-23 17:44:34.066 W/PackageManager( 2150): Unknown permission com.google.android.googleapps.permission.GOOGLE_AUTH.mail in package com.android.calendar
05-23 17:44:34.067 W/PackageManager( 2150): Unknown permission com.google.android.providers.settings.permission.WRITE_GSETTINGS in package com.android.sdksetup
05-23 17:44:34.071 W/PackageManager( 2150): Unknown permission com.google.android.permission.INSTALL_WEARABLE_PACKAGES in package com.android.packageinstaller
05-23 17:44:34.071 W/PackageManager( 2150): Not granting permission android.permission.DELETE_PACKAGES to package com.svox.pico (protectionLevel=18 flags=0x3808be45)
05-23 17:44:34.071 W/PackageManager( 2150): Not granting permission android.permission.READ_CONTACTS to package com.example.android.apis because it was previously installed without
05-23 17:44:34.071 W/PackageManager( 2150): Not granting permission android.permission.WRITE_CONTACTS to package com.example.android.apis because it was previously installed without
05-23 17:44:34.071 W/PackageManager( 2150): Not granting permission android.permission.ACCESS_COARSE_LOCATION to package com.example.android.apis because it was previously installed without
05-23 17:44:34.071 W/PackageManager( 2150): Not granting permission android.permission.WRITE_EXTERNAL_STORAGE to package com.example.android.apis because it was previously installed without
05-23 17:44:34.071 W/PackageManager( 2150): Not granting permission android.permission.SEND_SMS to package com.example.android.apis because it was previously installed without
05-23 17:44:34.072 W/PackageManager( 2150): Not granting permission android.permission.RECEIVE_SMS to package com.example.android.apis because it was previously installed without
05-23 17:44:34.072 W/PackageManager( 2150): Not granting permission android.permission.RECEIVE_MMS to package com.example.android.apis because it was previously installed without
05-23 17:44:34.072 W/PackageManager( 2150): Not granting permission android.permission.READ_SMS to package com.example.android.apis because it was previously installed without
05-23 17:44:34.072 W/PackageManager( 2150): Not granting permission android.permission.READ_PHONE_STATE to package com.example.android.apis because it was previously installed without
05-23 17:44:34.072 W/PackageManager( 2150): Not granting permission android.permission.RECORD_AUDIO to package com.example.android.apis because it was previously installed without
05-23 17:44:34.072 W/PackageManager( 2150): Not granting permission android.permission.CAMERA to package com.example.android.apis because it was previously installed without
05-23 17:44:34.072 W/PackageManager( 2150): Not granting permission android.permission.READ_EXTERNAL_STORAGE to package com.example.android.apis because it was previously installed without
05-23 17:44:34.072 W/PackageManager( 2150): Unknown permission android.permission.RUN_INSTRUMENTATION in package org.chromium.webview_shell
05-23 17:44:34.073 W/PackageManager( 2150): Unknown permission com.google.android.googleapps.permission.GOOGLE_AUTH in package com.android.settings
05-23 17:44:34.073 W/PackageManager( 2150): Unknown permission com.android.launcher.permission.READ_SETTINGS in package com.android.settings
05-23 17:44:34.073 W/PackageManager( 2150): Unknown permission com.android.launcher.permission.WRITE_SETTINGS in package com.android.settings
05-23 17:44:34.074 W/PackageManager( 2150): Unknown permission com.android.smspush.WAPPUSH_MANAGER_BIND in package com.android.phone
05-23 17:44:34.076 W/PackageManager( 2150): Unknown permission com.google.android.googleapps.permission.ACCESS_GOOGLE_PASSWORD in package com.android.development
05-23 17:44:34.076 W/PackageManager( 2150): Unknown permission com.google.android.googleapps.permission.GOOGLE_AUTH in package com.android.development
05-23 17:44:34.076 W/PackageManager( 2150): Unknown permission com.google.android.googleapps.permission.GOOGLE_AUTH.ALL_SERVICES in package com.android.development
05-23 17:44:34.076 W/PackageManager( 2150): Unknown permission com.google.android.googleapps.permission.GOOGLE_AUTH.YouTubeUser in package com.android.development
05-23 17:44:34.076 W/PackageManager( 2150): Not granting permission android.permission.BIND_APPWIDGET to package com.android.widgetpreview (protectionLevel=18 flags=0x3808be44)
05-23 17:44:34.077 V/PackageManager( 2150): reconcileAppsData for null u0 0x3
05-23 17:44:34.172 I/SELinux ( 1329): SELinux: Loaded file_contexts contexts from /file_contexts.bin.
05-23 17:44:38.492 V/PackageManager( 2150): reconcileAppsData finished 81 packages
05-23 17:44:39.104 E/PackageManager( 2150): There should probably be a verifier, but, none were found
05-23 17:44:39.314 W/PackageInstaller( 2150): Abandoning old session first created at 1616675837967
05-23 17:44:39.317 W/PackageInstaller( 2150): Deleting orphan stage /data/app/vmdl1539828231.tmp
05-23 17:44:39.353 D/PackageManager( 2150): Ephemeral resolver NOT found; no matching intent filters
05-23 17:44:39.354 I/PackageManager( 2150): Ephemeral deactivated; missing resolver and installer
05-23 17:44:39.355 I/art     ( 2150): Starting a blocking GC Explicit
05-23 17:44:39.500 I/art     ( 2150): Explicit concurrent mark sweep GC freed 38041(2MB) AllocSpace objects, 4(80KB) LOS objects, 33% free, 7MB/10MB, paused 588us total 127.600ms
05-23 17:44:39.532 W/art     ( 2150): Long monitor contention with owner main (2150) at int android.net.LocalSocketImpl.readba_native(byte[], int, int, java.io.FileDescriptor)(LocalSocketImpl.java:-2) waiters=0 in void com.android.server.pm.Settings$RuntimePermissionPersistence.writePermissionsSync(int) for 4.677s
05-23 17:44:39.543 I/SystemServer( 2150): StartOtaDexOptService
05-23 17:44:39.564 I/SystemServer( 2150): StartUserManagerService
05-23 17:44:39.565 I/SystemServiceManager( 2150): Starting com.android.server.pm.UserManagerService$LifeCycle
05-23 17:44:39.681 I/lowmemorykiller( 1319): ActivityManager connected
05-23 17:44:39.689 D/SensorService( 2150): nuSensorService starting...
05-23 17:44:39.832 D/SensorService( 2150): nuSensorService thread starting...
05-23 17:44:39.836 I/SystemServiceManager( 2150): Starting com.android.server.BatteryService
05-23 17:44:39.844 D/SensorService( 2150): new thread SensorEventAckReceiver
05-23 17:44:39.911 I/SystemServiceManager( 2150): Starting com.android.server.usage.UsageStatsService
05-23 17:44:40.260 I/SystemServiceManager( 2150): Starting com.android.server.webkit.WebViewUpdateService
05-23 17:44:40.392 I/SystemServer( 2150): Reading configuration...
05-23 17:44:40.392 I/SystemServer( 2150): StartSchedulingPolicyService
05-23 17:44:40.425 I/SystemServiceManager( 2150): Starting com.android.server.telecom.TelecomLoaderService
05-23 17:44:40.427 I/SystemServer( 2150): StartTelephonyRegistry
05-23 17:44:40.590 I/SystemServer( 2150): StartEntropyMixer
05-23 17:44:40.651 I/EntropyMixer( 2150): Writing entropy...
05-23 17:44:40.721 I/SystemServer( 2150): Camera Service
05-23 17:44:40.723 I/SystemServiceManager( 2150): Starting com.android.server.camera.CameraService
05-23 17:44:40.743 I/ServiceThread( 2150): Enabled StrictMode logging for CameraService_proxy looper.
05-23 17:44:40.747 I/SystemServer( 2150): StartAccountManagerService
05-23 17:44:40.750 I/SystemServiceManager( 2150): Starting com.android.server.accounts.AccountManagerService$Lifecycle
05-23 17:44:40.816 I/SystemServer( 2150): StartContentService
05-23 17:44:40.820 I/SystemServiceManager( 2150): Starting com.android.server.content.ContentService$Lifecycle
05-23 17:44:40.841 I/SystemServer( 2150): InstallSystemProviders
05-23 17:44:40.917 W/System  ( 2150): ClassLoader referenced unknown path: /system/priv-app/SettingsProvider/lib/x86_64
05-23 17:44:41.175 I/SystemServer( 2150): StartVibratorService
05-23 17:44:41.177 E/VibratorService( 2150): Couldn't load vibrator module (No such file or directory)
05-23 17:44:41.177 W/VibratorService( 2150): Tried to stop vibrating but there is no vibrator device.
05-23 17:44:41.231 I/SystemServer( 2150): StartConsumerIrService
05-23 17:44:41.232 E/ConsumerIrService( 2150): Can't open consumer IR HW Module, error: -2
05-23 17:44:41.237 I/SystemServer( 2150): StartAlarmManagerService
05-23 17:44:41.237 I/SystemServiceManager( 2150): Starting com.android.server.AlarmManagerService
05-23 17:44:41.257 W/AlarmManagerService( 2150): no wall clock RTC found
05-23 17:44:41.259 D/AlarmManagerService( 2150): Kernel timezone updated to 0 minutes west of GMT
05-23 17:44:41.379 I/SystemServer( 2150): InitWatchdog
05-23 17:44:41.392 I/SystemServer( 2150): StartInputManagerService
05-23 17:44:41.395 I/InputManager( 2150): Initializing input manager, mUseDevInputEventForAudioJack=true
05-23 17:44:41.412 I/SystemServer( 2150): StartWindowManagerService
05-23 17:44:41.640 I/WindowManager( 2150): No existing display settings /data/system/display_settings.xml; starting empty
05-23 17:44:42.131 I/SystemServer( 2150): StartVrManagerService
05-23 17:44:42.131 I/SystemServiceManager( 2150): Starting com.android.server.vr.VrManagerService
05-23 17:44:42.142 W/VrManagerService( 2150): init_native: Could not open VR hardware module, error No such file or directory (-2).
05-23 17:44:42.221 I/InputManager( 2150): Starting input manager
05-23 17:44:42.721 D/EventHub( 2150): No input device configuration file found for device 'Power Button'.
05-23 17:44:42.731 I/SystemServer( 2150): No Bluetooth Service (emulator)
05-23 17:44:42.790 I/SystemServer( 2150): ConnectivityMetricsLoggerService
