04-29 13:14:42.002 W/art     ( 1818): Long monitor contention with owner ActivityManager (1848) at void com.android.server.am.BroadcastQueue.processNextBroadcast(boolean)(BroadcastQueue.java:760) waiters=1 in int com.android.server.am.ActivityManagerService.broadcastIntent(android.app.IApplicationThread, android.content.Intent, java.lang.String, android.content.IIntentReceiver, int, java.lang.String, android.os.Bundle, java.lang.String[], int, android.os.Bundle, boolean, boolean, int) for 550ms
04-29 13:14:42.102 W/System  ( 2369): ClassLoader referenced unknown path: /system/priv-app/CellBroadcastReceiver/lib/x86_64
04-29 13:14:42.140 D/ConditionProviders.SCP( 1818): onReceive android.intent.action.TIME_SET
04-29 13:14:42.141 D/ConditionProviders.SCP( 1818): notifyCondition condition://android/schedule?days=6.7&start=23.30&end=10.0&exitAtAlarm=false STATE_FALSE reason=!meetsSchedule
04-29 13:14:42.142 D/ConditionProviders.SCP( 1818): notifyCondition condition://android/schedule?days=1.2.3.4.5&start=22.0&end=7.0&exitAtAlarm=false STATE_FALSE reason=!meetsSchedule
04-29 13:14:42.144 D/ConditionProviders.SCP( 1818): Scheduling evaluate for Thu Apr 29 22:00:00 UTC 2021 (1619733600000), in +8h45m17s859ms, now=Thu Apr 29 13:14:42 UTC 2021 (1619702082141)
04-29 13:14:42.434 W/System  ( 2037): ClassLoader referenced unknown path: 
04-29 13:14:42.435 W/System  ( 2037): ClassLoader referenced unknown path: /system/priv-app/Dialer/lib/x86_64
04-29 13:14:42.549 D/ApplicationLoaders( 2037): ignored Vulkan layer search path /system/priv-app/Dialer/lib/x86_64:/system/lib64:/vendor/lib64 for namespace 0x7753e9fcc0f0
04-29 13:14:43.001 E/ActivityThread( 1818): Failed to find provider info for com.android.calendar
04-29 13:14:43.002 E/ActivityThread( 1818): Failed to find provider info for com.android.calendar
04-29 13:14:44.488 E/BluetoothAdapter( 2037): Bluetooth binder is null
04-29 13:14:44.940 D/PhoneSwitcherNetworkRequstListener( 2264): got request NetworkRequest [ REQUEST id=1, [ Capabilities: INTERNET&NOT_RESTRICTED&TRUSTED&NOT_VPN] ] with score 0
04-29 13:14:45.006 D/TelephonyDebugService( 2264): TelephonyDebugService()
04-29 13:14:45.053 I/CameraManagerGlobal( 2037): Connecting to camera service
04-29 13:14:45.101 D/CarrierConfigLoader( 2264): mHandler: 12 phoneId: 0
04-29 13:14:45.352 V/EmulatedCamera_Camera( 1326): getCameraInfo
04-29 13:14:45.357 V/EmulatedCamera_BaseCamera( 1326): getCameraInfo
04-29 13:14:45.358 I/CameraService( 1326): getCameraCharacteristics: Switching to HAL1 shim implementation...
04-29 13:14:45.358 V/EmulatedCamera_Camera( 1326): getCameraInfo
04-29 13:14:45.358 V/EmulatedCamera_BaseCamera( 1326): getCameraInfo
04-29 13:14:45.360 I/CameraService( 1326): CameraService::connect call (PID -1 "cameraserver", camera ID 0) for HAL version default and Camera API version 1
04-29 13:14:45.365 E/CameraService( 1326): getCameraPriorityFromProcState: Received invalid process state -1 from ActivityManagerService!
04-29 13:14:45.374 V/EmulatedCamera_Camera( 1326): getCameraInfo
04-29 13:14:45.374 V/EmulatedCamera_BaseCamera( 1326): getCameraInfo
04-29 13:14:45.694 E/WVMExtractor( 1333): Failed to open libwvm.so: dlopen failed: library "libwvm.so" not found
04-29 13:14:45.811 I/art     ( 2369): Waiting for a blocking GC DisableMovingGc
04-29 13:14:45.860 D/NuPlayerDriver( 1333): notifyListener_l(0xefca8f00), (1, 0, 0), loop setting(0, 0)
04-29 13:14:46.115 D/NuPlayerDriver( 1333): notifyListener_l(0xefca8d20), (1, 0, 0), loop setting(0, 0)
04-29 13:14:46.284 D/NuPlayerDriver( 1333): notifyListener_l(0xee48c0c0), (1, 0, 0), loop setting(0, 0)
04-29 13:14:46.435 I/CameraFlashlight( 1326): Opening camera 0
04-29 13:14:46.435 V/EmulatedCamera_Camera( 1326): getCameraInfo
04-29 13:14:46.435 V/EmulatedCamera_BaseCamera( 1326): getCameraInfo
04-29 13:14:46.435 V/EmulatedCamera_Camera( 1326): connectCamera
04-29 13:14:46.435 V/EmulatedCamera_FakeDevice( 1326): connectDevice
04-29 13:14:46.436 V/EmulatedCamera_CallbackNotifier( 1326): setCallbacks: 0xf1f5ce80, 0xf1f5ced0, 0xf1f5cff0, 0xf1f5d110 (0xf0e901e0)
04-29 13:14:46.436 V/EmulatedCamera_CallbackNotifier( 1326): enableMessage: msg_type = 0xc0d
04-29 13:14:46.436 V/EmulatedCamera_CallbackNotifier( 1326):     CAMERA_MSG_ERROR
04-29 13:14:46.436 V/EmulatedCamera_CallbackNotifier( 1326):     CAMERA_MSG_FOCUS
04-29 13:14:46.436 V/EmulatedCamera_CallbackNotifier( 1326):     CAMERA_MSG_ZOOM
04-29 13:14:46.436 V/EmulatedCamera_CallbackNotifier( 1326):     CAMERA_MSG_PREVIEW_METADATA
04-29 13:14:46.436 V/EmulatedCamera_CallbackNotifier( 1326): **** Currently enabled messages:
04-29 13:14:46.436 V/EmulatedCamera_CallbackNotifier( 1326):     CAMERA_MSG_ERROR
04-29 13:14:46.436 V/EmulatedCamera_CallbackNotifier( 1326):     CAMERA_MSG_FOCUS
04-29 13:14:46.436 V/EmulatedCamera_CallbackNotifier( 1326):     CAMERA_MSG_ZOOM
04-29 13:14:46.436 V/EmulatedCamera_CallbackNotifier( 1326):     CAMERA_MSG_PREVIEW_METADATA
04-29 13:14:46.510 V/EmulatedCamera_CallbackNotifier( 1326): disableMessage: msg_type = 0xffff
04-29 13:14:46.510 V/EmulatedCamera_CallbackNotifier( 1326):     CAMERA_MSG_ERROR
04-29 13:14:46.510 V/EmulatedCamera_CallbackNotifier( 1326):     CAMERA_MSG_SHUTTER
04-29 13:14:46.510 V/EmulatedCamera_CallbackNotifier( 1326):     CAMERA_MSG_FOCUS
04-29 13:14:46.510 V/EmulatedCamera_CallbackNotifier( 1326):     CAMERA_MSG_ZOOM
04-29 13:14:46.510 V/EmulatedCamera_CallbackNotifier( 1326):     CAMERA_MSG_PREVIEW_FRAME
04-29 13:14:46.510 V/EmulatedCamera_CallbackNotifier( 1326):     CAMERA_MSG_VIDEO_FRAME
04-29 13:14:46.510 V/EmulatedCamera_CallbackNotifier( 1326):     CAMERA_MSG_POSTVIEW_FRAME
04-29 13:14:46.511 V/EmulatedCamera_CallbackNotifier( 1326):     CAMERA_MSG_RAW_IMAGE
04-29 13:14:46.511 V/EmulatedCamera_CallbackNotifier( 1326):     CAMERA_MSG_COMPRESSED_IMAGE
04-29 13:14:46.511 V/EmulatedCamera_CallbackNotifier( 1326):     CAMERA_MSG_RAW_IMAGE_NOTIFY
04-29 13:14:46.511 V/EmulatedCamera_CallbackNotifier( 1326):     CAMERA_MSG_PREVIEW_METADATA
04-29 13:14:46.511 V/EmulatedCamera_CallbackNotifier( 1326): **** Currently enabled messages:
04-29 13:14:46.511 V/EmulatedCamera_Preview( 1326): setPreviewWindow: current: 0x0 -> new: 0x0
04-29 13:14:46.511 V/EmulatedCamera_Camera( 1326): doStopPreview
04-29 13:14:46.513 V/EmulatedCamera_Camera( 1326): cancelPicture
04-29 13:14:46.513 V/EmulatedCamera_Camera( 1326): releaseCamera
04-29 13:14:46.513 V/EmulatedCamera_Camera( 1326): doStopPreview
04-29 13:14:46.513 V/EmulatedCamera_FakeDevice( 1326): disconnectDevice
04-29 13:14:46.514 W/EmulatedCamera_Device( 1326): Initialize: Emulated camera device is already initialized: mState = 1
04-29 13:14:46.514 D/EmulatedCamera_FakeCamera( 1326): Initialize: Fake camera is facing back
04-29 13:14:46.515 V/EmulatedCamera_Device( 1326): initializeWhiteBalanceModes with auto, 1.000000, 1.000000
04-29 13:14:46.516 V/EmulatedCamera_Device( 1326): initializeWhiteBalanceModes with incandescent, 1.380000, 0.600000
04-29 13:14:46.516 V/EmulatedCamera_Device( 1326): initializeWhiteBalanceModes with daylight, 1.090000, 0.920000
04-29 13:14:46.516 V/EmulatedCamera_Device( 1326): initializeWhiteBalanceModes with twilight, 0.920000, 1.220000
04-29 13:14:46.516 V/EmulatedCamera_Device( 1326): setWhiteBalanceMode with white balance auto
04-29 13:14:46.564 I/CameraFlashlight( 1326): Destroying camera 0
04-29 13:14:46.564 V/EmulatedCamera_Camera( 1326): closeCamera
04-29 13:14:46.564 V/EmulatedCamera_Camera( 1326): doStopPreview
04-29 13:14:46.564 W/EmulatedCamera_Device( 1326): Initialize: Emulated camera device is already initialized: mState = 1
04-29 13:14:46.564 D/EmulatedCamera_FakeCamera( 1326): Initialize: Fake camera is facing back
04-29 13:14:46.565 V/EmulatedCamera_Device( 1326): initializeWhiteBalanceModes with auto, 1.000000, 1.000000
04-29 13:14:46.565 V/EmulatedCamera_Device( 1326): initializeWhiteBalanceModes with incandescent, 1.380000, 0.600000
04-29 13:14:46.565 V/EmulatedCamera_Device( 1326): initializeWhiteBalanceModes with daylight, 1.090000, 0.920000
04-29 13:14:46.565 V/EmulatedCamera_Device( 1326): initializeWhiteBalanceModes with twilight, 0.920000, 1.220000
04-29 13:14:46.565 V/EmulatedCamera_Device( 1326): setWhiteBalanceMode with white balance auto
04-29 13:14:46.641 I/CameraService( 1326): disconnect: Disconnected client for camera 0 for PID 1326
04-29 13:14:46.642 D/NuPlayerDriver( 1333): reset(0xefca8f00) at state 4
04-29 13:14:46.643 D/NuPlayerDriver( 1333): notifyListener_l(0xefca8f00), (8, 0, 0), loop setting(0, 0)
04-29 13:14:46.830 W/ActivityManager( 1818): Timeout executing service: ServiceRecord{c76302e u0 com.android.systemui/.keyguard.KeyguardService}
04-29 13:14:46.853 D/NuPlayerDriver( 1333): notifyResetComplete(0xefca8f00)
04-29 13:14:46.903 D/NuPlayerDriver( 1333): reset(0xefca8d20) at state 4
04-29 13:14:46.903 D/NuPlayerDriver( 1333): notifyListener_l(0xefca8d20), (8, 0, 0), loop setting(0, 0)
04-29 13:14:46.919 D/NuPlayerDriver( 1333): notifyResetComplete(0xefca8d20)
04-29 13:14:46.949 D/NuPlayerDriver( 1333): reset(0xee48c0c0) at state 4
04-29 13:14:46.949 D/NuPlayerDriver( 1333): notifyListener_l(0xee48c0c0), (8, 0, 0), loop setting(0, 0)
04-29 13:14:46.949 D/NuPlayerDriver( 1333): notifyResetComplete(0xee48c0c0)
04-29 13:14:47.111 V/EmulatedCamera_Camera( 1326): getCameraInfo
04-29 13:14:47.111 V/EmulatedCamera_BaseCamera( 1326): getCameraInfo
04-29 13:14:47.144 V/EmulatedCamera_Camera( 1326): getCameraInfo
04-29 13:14:47.145 V/EmulatedCamera_BaseCamera( 1326): getCameraInfo
04-29 13:14:47.240 I/art     ( 2369): WaitForGcToComplete blocked for 1.427s for cause DisableMovingGc
04-29 13:14:47.241 I/art     ( 2369): Starting a blocking GC DisableMovingGc
04-29 13:14:47.842 I/Process ( 1818): Sending signal. PID: 2037 SIG: 3
04-29 13:14:47.844 I/art     ( 2037): Thread[3,tid=2050,WaitingInMainSignalCatcherLoop,Thread*=0x7753e5696400,peer=0x12c005e0,"Signal Catcher"]: reacting to signal 3
04-29 13:14:47.845 I/art     ( 2037): 
04-29 13:14:47.890 W/art     ( 2037): Suspending all threads took: 20.818ms
04-29 13:14:48.793 I/StatusBar( 2037): isKeyguardShowing() called before startKeyguard(), returning true
04-29 13:14:48.799 W/StatusBar( 2037): isKeyguardSecure() called before startKeyguard(), returning false
04-29 13:14:48.799 W/StatusBar( 2037): java.lang.Throwable
04-29 13:14:48.799 W/StatusBar( 2037): 	at com.android.systemui.statusbar.BaseStatusBar.isKeyguardSecure(BaseStatusBar.java:2647)
04-29 13:14:48.799 W/StatusBar( 2037): 	at com.android.systemui.statusbar.BaseStatusBar.isCameraAllowedByAdmin(BaseStatusBar.java:2670)
04-29 13:14:48.799 W/StatusBar( 2037): 	at com.android.systemui.statusbar.phone.KeyguardBottomAreaView.updateCameraVisibility(KeyguardBottomAreaView.java:309)
04-29 13:14:48.799 W/StatusBar( 2037): 	at com.android.systemui.statusbar.phone.KeyguardBottomAreaView.setPhoneStatusBar(KeyguardBottomAreaView.java:272)
04-29 13:14:48.799 W/StatusBar( 2037): 	at com.android.systemui.statusbar.phone.PhoneStatusBar.makeStatusBarView(PhoneStatusBar.java:904)
04-29 13:14:48.799 W/StatusBar( 2037): 	at com.android.systemui.statusbar.phone.PhoneStatusBar.addStatusBarWindow(PhoneStatusBar.java:3432)
04-29 13:14:48.799 W/StatusBar( 2037): 	at com.android.systemui.statusbar.phone.PhoneStatusBar.createAndAddWindows(PhoneStatusBar.java:3428)
04-29 13:14:48.799 W/StatusBar( 2037): 	at com.android.systemui.statusbar.BaseStatusBar.start(BaseStatusBar.java:765)
04-29 13:14:48.799 W/StatusBar( 2037): 	at com.android.systemui.statusbar.phone.PhoneStatusBar.start(PhoneStatusBar.java:686)
04-29 13:14:48.799 W/StatusBar( 2037): 	at com.android.systemui.statusbar.SystemBars.createStatusBarFromConfig(SystemBars.java:106)
04-29 13:14:48.799 W/StatusBar( 2037): 	at com.android.systemui.statusbar.SystemBars.onNoService(SystemBars.java:58)
04-29 13:14:48.799 W/StatusBar( 2037): 	at com.android.systemui.statusbar.ServiceMonitor.startService(ServiceMonitor.java:230)
04-29 13:14:48.799 W/StatusBar( 2037): 	at com.android.systemui.statusbar.ServiceMonitor.-wrap5(ServiceMonitor.java)
04-29 13:14:48.799 W/StatusBar( 2037): 	at com.android.systemui.statusbar.ServiceMonitor$1.handleMessage(ServiceMonitor.java:73)
04-29 13:14:48.799 W/StatusBar( 2037): 	at android.os.Handler.dispatchMessage(Handler.java:102)
04-29 13:14:48.799 W/StatusBar( 2037): 	at android.os.Looper.loop(Looper.java:154)
04-29 13:14:48.799 W/StatusBar( 2037): 	at android.app.ActivityThread.main(ActivityThread.java:6119)
04-29 13:14:48.799 W/StatusBar( 2037): 	at java.lang.reflect.Method.invoke(Native Method)
04-29 13:14:48.799 W/StatusBar( 2037): 	at com.android.internal.os.ZygoteInit$MethodAndArgsCaller.run(ZygoteInit.java:886)
04-29 13:14:48.799 W/StatusBar( 2037): 	at com.android.internal.os.ZygoteInit.main(ZygoteInit.java:776)
04-29 13:14:48.910 I/StatusBar( 2037): isKeyguardShowing() called before startKeyguard(), returning true
04-29 13:14:48.913 W/StatusBar( 2037): isKeyguardSecure() called before startKeyguard(), returning false
04-29 13:14:48.913 W/StatusBar( 2037): java.lang.Throwable
04-29 13:14:48.913 W/StatusBar( 2037): 	at com.android.systemui.statusbar.BaseStatusBar.isKeyguardSecure(BaseStatusBar.java:2647)
04-29 13:14:48.913 W/StatusBar( 2037): 	at com.android.systemui.statusbar.BaseStatusBar.isCameraAllowedByAdmin(BaseStatusBar.java:2670)
04-29 13:14:48.913 W/StatusBar( 2037): 	at com.android.systemui.statusbar.phone.KeyguardBottomAreaView.updateCameraVisibility(KeyguardBottomAreaView.java:309)
04-29 13:14:48.913 W/StatusBar( 2037): 	at com.android.systemui.statusbar.phone.KeyguardBottomAreaView.setUserSetupComplete(KeyguardBottomAreaView.java:281)
04-29 13:14:48.913 W/StatusBar( 2037): 	at com.android.systemui.statusbar.phone.PhoneStatusBar.makeStatusBarView(PhoneStatusBar.java:905)
04-29 13:14:48.913 W/StatusBar( 2037): 	at com.android.systemui.statusbar.phone.PhoneStatusBar.addStatusBarWindow(PhoneStatusBar.java:3432)
04-29 13:14:48.913 W/StatusBar( 2037): 	at com.android.systemui.statusbar.phone.PhoneStatusBar.createAndAddWindows(PhoneStatusBar.java:3428)
04-29 13:14:48.913 W/StatusBar( 2037): 	at com.android.systemui.statusbar.BaseStatusBar.start(BaseStatusBar.java:765)
04-29 13:14:48.913 W/StatusBar( 2037): 	at com.android.systemui.statusbar.phone.PhoneStatusBar.start(PhoneStatusBar.java:686)
04-29 13:14:48.913 W/StatusBar( 2037): 	at com.android.systemui.statusbar.SystemBars.createStatusBarFromConfig(SystemBars.java:106)
04-29 13:14:48.913 W/StatusBar( 2037): 	at com.android.systemui.statusbar.SystemBars.onNoService(SystemBars.java:58)
04-29 13:14:48.913 W/StatusBar( 2037): 	at com.android.systemui.statusbar.ServiceMonitor.startService(ServiceMonitor.java:230)
04-29 13:14:48.913 W/StatusBar( 2037): 	at com.android.systemui.statusbar.ServiceMonitor.-wrap5(ServiceMonitor.java)
04-29 13:14:48.913 W/StatusBar( 2037): 	at com.android.systemui.statusbar.ServiceMonitor$1.handleMessage(ServiceMonitor.java:73)
04-29 13:14:48.913 W/StatusBar( 2037): 	at android.os.Handler.dispatchMessage(Handler.java:102)
04-29 13:14:48.913 W/StatusBar( 2037): 	at android.os.Looper.loop(Looper.java:154)
04-29 13:14:48.913 W/StatusBar( 2037): 	at android.app.ActivityThread.main(ActivityThread.java:6119)
04-29 13:14:48.913 W/StatusBar( 2037): 	at java.lang.reflect.Method.invoke(Native Method)
04-29 13:14:48.913 W/StatusBar( 2037): 	at com.android.internal.os.ZygoteInit$MethodAndArgsCaller.run(ZygoteInit.java:886)
04-29 13:14:48.913 W/StatusBar( 2037): 	at com.android.internal.os.ZygoteInit.main(ZygoteInit.java:776)
04-29 13:14:49.034 E/ActivityManager( 1818): ANR in com.android.systemui
04-29 13:14:49.034 E/ActivityManager( 1818): PID: 2037
04-29 13:14:49.034 E/ActivityManager( 1818): Reason: executing service com.android.systemui/.keyguard.KeyguardService
04-29 13:14:49.034 E/ActivityManager( 1818): Load: 0.0 / 0.0 / 0.0
04-29 13:14:49.034 E/ActivityManager( 1818): CPU usage from 21559ms to 0ms ago (2021-04-29 13:14:25.404 to 2021-04-29 13:14:46.880):
04-29 13:14:49.034 E/ActivityManager( 1818):   92% 1320/surfaceflinger: 22% user + 70% kernel / faults: 34 minor
04-29 13:14:49.034 E/ActivityManager( 1818):   30% 1818/system_server: 7% user + 23% kernel / faults: 4447 minor 19 major
04-29 13:14:49.034 E/ActivityManager( 1818):   21% 1388/bootanimation: 3.3% user + 18% kernel
04-29 13:14:49.034 E/ActivityManager( 1818):   16% 2291/com.android.settings: 4.7% user + 12% kernel / faults: 12361 minor 15 major
04-29 13:14:49.034 E/ActivityManager( 1818):   8.3% 2037/com.android.systemui: 0.3% user + 8% kernel / faults: 3021 minor 19 major
04-29 13:14:49.034 E/ActivityManager( 1818):   6.4% 2264/com.android.phone: 1% user + 5.3% kernel / faults: 3396 minor 58 major
04-29 13:14:49.034 E/ActivityManager( 1818):   1.6% 1322/adbd: 0.1% user + 1.4% kernel / faults: 851 minor
04-29 13:14:49.034 E/ActivityManager( 1818):   1.2% 8/rcu_preempt: 0% user + 1.2% kernel
04-29 13:14:49.034 E/ActivityManager( 1818):   1.2% 1333/mediaserver: 0.1% user + 1.1% kernel / faults: 135 minor 1 major
04-29 13:14:49.034 E/ActivityManager( 1818):   1% 1319/servicemanager: 0% user + 0.9% kernel
04-29 13:14:49.034 E/ActivityManager( 1818):   0.7% 1326/cameraserver: 0% user + 0.7% kernel / faults: 90 minor
04-29 13:14:49.034 E/ActivityManager( 1818):   0.5% 1332/media.extractor: 0% user + 0.5% kernel / faults: 17 minor
04-29 13:14:49.034 E/ActivityManager( 1818):   0.5% 1325/audioserver: 0.1% user + 0.4% kernel / faults: 1 minor
04-29 13:14:49.034 E/ActivityManager( 1818):   0.3% 1266/logd: 0% user + 0.3% kernel / faults: 24 minor
04-29 13:14:49.034 E/ActivityManager( 1818):   0.2% 1323/zygote64: 0% user + 0.1% kernel / faults: 148 minor
04-29 13:14:49.034 E/ActivityManager( 1818):   0% 1335/rild: 0% user + 0% kernel / faults: 6 minor
04-29 13:14:49.034 E/ActivityManager( 1818):   0.2% 2029/com.android.inputmethod.latin: 0% user + 0.2% kernel / faults: 91 minor
04-29 13:14:49.034 E/ActivityManager( 1818):   0.1% 1254/kworker/0:1H: 0% user + 0.1% kernel
04-29 13:14:49.034 E/ActivityManager( 1818):   0.1% 3/ksoftirqd/0: 0% user + 0.1% kernel
04-29 13:14:49.034 E/ActivityManager( 1818):   0.1% 6/kworker/u4:0: 0% user + 0.1% kernel
04-29 13:14:49.034 E/ActivityManager( 1818):   0% 1//init: 0% user + 0% kernel / faults: 1 minor
04-29 13:14:49.034 E/ActivityManager( 1818):   0% 1264/jbd2/vdc-8: 0% user + 0% kernel
04-29 13:14:49.034 E/ActivityManager( 1818):   0% 1318/lmkd: 0% user + 0% kernel
04-29 13:14:49.034 E/ActivityManager( 1818):   0% 11/migration/1: 0% user + 0% kernel
04-29 13:14:49.034 E/ActivityManager( 1818):   0% 12/ksoftirqd/1: 0% user + 0% kernel
04-29 13:14:49.034 E/ActivityManager( 1818):   0% 455/kworker/0:1: 0% user + 0% kernel
04-29 13:14:49.034 E/ActivityManager( 1818):   0% 673/kworker/1:1: 0% user + 0% kernel
04-29 13:14:49.034 E/ActivityManager( 1818):   0% 1315/healthd: 0% user + 0% kernel
04-29 13:14:49.034 E/ActivityManager( 1818):   0% 1329/keystore: 0% user + 0% kernel
04-29 13:14:49.034 E/ActivityManager( 1818):   0% 1354/logcat: 0% user + 0% kernel / faults: 2 minor
04-29 13:14:49.034 E/ActivityManager( 1818):   0% 1495/hostapd: 0% user + 0% kernel
04-29 13:14:49.034 E/ActivityManager( 1818):  +0% 2369/com.android.cellbroadcastreceiver: 0% user + 0% kernel
04-29 13:14:49.034 E/ActivityManager( 1818):  +0% 2420/sh: 0% user + 0% kernel
04-29 13:14:49.034 E/ActivityManager( 1818):  +0% 2425/sh: 0% user + 0% kernel
04-29 13:14:49.034 E/ActivityManager( 1818): 100% TOTAL: 23% user + 75% kernel + 0.8% softirq
04-29 13:14:49.034 E/ActivityManager( 1818): CPU usage from 206963ms to 206963ms ago (1970-01-01 00:00:00.000 to 1970-01-01 00:00:00.000) with 0% awake:
04-29 13:14:49.034 E/ActivityManager( 1818): 0% TOTAL: 0% user + 0% kernel
04-29 13:14:49.096 I/art     ( 2037): Wrote stack traces to '/data/anr/traces.txt'
04-29 13:14:49.149 I/ActivityManager( 1818): Killing 2037:com.android.systemui/u0a21 (adj -800): bg anr
04-29 13:14:52.855 W/GnssLocationProvider( 1818): Could not open GPS configuration file /etc/gps.conf
04-29 13:14:52.856 E/GnssLocationProvider( 1818): no AGPS interface in set_agps_server
04-29 13:14:52.865 W/AudioService( 1818): Current remote volume controller died, unregistering
04-29 13:14:52.890 D/ConnectivityService( 1818): ConnectivityService NetworkRequestInfo binderDied(NetworkRequest [ LISTEN id=4, [] ], android.os.BinderProxy@7d0fb1b)
04-29 13:14:52.894 I/ActivityManager( 1818): Process com.android.systemui (pid 2037) has died
04-29 13:14:52.895 D/ActivityManager( 1818): cleanUpApplicationRecord -- 2037
04-29 13:14:52.925 W/WallpaperManagerService( 1818): Wallpaper service gone: ComponentInfo{com.android.systemui/com.android.systemui.ImageWallpaper}
04-29 13:14:52.979 W/VolumeController( 1818): Error calling dismiss
04-29 13:14:52.979 W/VolumeController( 1818): android.os.DeadObjectException
04-29 13:14:52.979 W/VolumeController( 1818): 	at android.os.BinderProxy.transactNative(Native Method)
04-29 13:14:52.979 W/VolumeController( 1818): 	at android.os.BinderProxy.transact(Binder.java:615)
04-29 13:14:52.979 W/VolumeController( 1818): 	at android.media.IVolumeController$Stub$Proxy.dismiss(IVolumeController.java:162)
04-29 13:14:52.979 W/VolumeController( 1818): 	at com.android.server.audio.AudioService$VolumeController.postDismiss(AudioService.java:6138)
04-29 13:14:52.979 W/VolumeController( 1818): 	at com.android.server.audio.AudioService.setVolumeController(AudioService.java:5986)
04-29 13:14:52.979 W/VolumeController( 1818): 	at com.android.server.audio.AudioService$4.binderDied(AudioService.java:5995)
04-29 13:14:52.979 W/VolumeController( 1818): 	at android.os.BinderProxy.sendDeathNotice(Binder.java:688)
04-29 13:14:52.980 W/ActivityManager( 1818): Scheduling restart of crashed service com.android.systemui/.ImageWallpaper in 0ms
04-29 13:14:52.981 W/ActivityManager( 1818): Scheduling restart of crashed service com.android.systemui/.keyguard.KeyguardService in 0ms
04-29 13:14:52.981 W/ActivityManager( 1818): Scheduling restart of crashed service com.android.systemui/.SystemUIService in 0ms
04-29 13:14:52.994 I/WindowManager( 1818): WIN DEATH: Window{fca22c7 u0 DockedStackDivider}
04-29 13:14:53.116 E/ConnectivityService( 1818): RemoteException caught trying to send a callback msg for NetworkRequest [ LISTEN id=4, [] ]
04-29 13:14:53.154 W/ActivityManager( 1818): Re-adding persistent process ProcessRecord{5131be9 2037:com.android.systemui/u0a21}
04-29 13:14:53.253 W/ActivityManager( 1818): Slow operation: 97ms so far, now at startProcess: returned from zygote!
04-29 13:14:53.253 W/ActivityManager( 1818): Slow operation: 98ms so far, now at startProcess: done updating battery stats
04-29 13:14:53.254 W/ActivityManager( 1818): Slow operation: 99ms so far, now at startProcess: building log message
04-29 13:14:53.257 I/ActivityManager( 1818): Start proc 2446:com.android.systemui/u0a21 for restart com.android.systemui
04-29 13:14:53.257 W/ActivityManager( 1818): Slow operation: 102ms so far, now at startProcess: starting to update pids map
04-29 13:14:53.258 W/ActivityManager( 1818): Slow operation: 103ms so far, now at startProcess: done updating pids map
04-29 13:14:53.260 W/art     ( 1818): Long monitor contention with owner Binder:1818_1 (1833) at void com.android.server.am.ActivityManagerService$AppDeathRecipient.binderDied()(ActivityManagerService.java:1475) waiters=0 in void com.android.server.am.ActiveServices$ServiceRestarter.run() for 357ms
04-29 13:14:53.269 W/art     ( 1818): Long monitor contention with owner Binder:1818_1 (1833) at void com.android.server.am.ActivityManagerService$AppDeathRecipient.binderDied()(ActivityManagerService.java:1475) waiters=2 in void com.android.server.am.ActivityManagerService.dispatchUidsChanged() for 112ms
04-29 13:14:53.674 W/art     ( 2446): Unexpected CPU variant for X86 using defaults: x86_64
04-29 13:14:53.791 W/art     ( 2452): Unexpected CPU variant for X86 using defaults: x86_64
04-29 13:14:53.894 W/ActivityManager( 1818): Slow operation: 324ms so far, now at startProcess: returned from zygote!
04-29 13:14:53.894 W/ActivityManager( 1818): Slow operation: 324ms so far, now at startProcess: done updating battery stats
04-29 13:14:53.895 W/ActivityManager( 1818): Slow operation: 325ms so far, now at startProcess: building log message
04-29 13:14:53.895 I/ActivityManager( 1818): Start proc 2452:com.android.deskclock/u0a31 for broadcast com.android.deskclock/.AlarmInitReceiver
04-29 13:14:53.895 W/ActivityManager( 1818): Slow operation: 325ms so far, now at startProcess: starting to update pids map
04-29 13:14:53.895 W/ActivityManager( 1818): Slow operation: 325ms so far, now at startProcess: done updating pids map
04-29 13:14:53.895 W/ActivityManager( 1818): Slow operation: 339ms so far, now at startProcess: done starting proc!
04-29 13:14:53.896 W/art     ( 1818): Long monitor contention with owner Binder:1818_6 (2442) at void com.android.server.am.BroadcastQueue.processNextBroadcast(boolean)(BroadcastQueue.java:760) waiters=1 in void com.android.server.am.ActivityManagerService.dispatchUidsChanged() for 326ms
04-29 13:14:54.024 I/GnssLocationProvider( 1818): WakeLock released by handleMessage(13, 0, null)
04-29 13:14:54.026 E/GnssLocationProvider( 1818): no AGPS interface in set_agps_server
04-29 13:14:54.343 W/art     ( 1818): Long monitor contention with owner Binder:1818_2 (1834) at void com.android.server.am.ActivityManagerService.attachApplication(android.app.IApplicationThread)(ActivityManagerService.java:6669) waiters=0 in void com.android.server.am.ActivityManagerService.dispatchUidsChanged() for 104ms
04-29 13:14:55.164 W/System  ( 2446): ClassLoader referenced unknown path: /system/priv-app/SystemUI/lib/x86_64
04-29 13:14:55.622 V/SystemUIService( 2446): Starting SystemUI services for user 0.
04-29 13:14:55.982 W/libprocessgroup( 1818): failed to open /acct/uid_10021/pid_2037/cgroup.procs: No such file or directory
04-29 13:14:56.657 W/WindowManager( 1818): ***** BOOT TIMEOUT: forcing display enabled
04-29 13:14:56.969 W/art     ( 1818): Long monitor contention with owner Binder:1818_7 (2443) at android.content.Intent com.android.server.am.ActivityManagerService.registerReceiver(android.app.IApplicationThread, java.lang.String, android.content.IIntentReceiver, android.content.IntentFilter, java.lang.String, int)(ActivityManagerService.java:17625) waiters=0 in void com.android.server.am.ActivityManagerService$MainHandler.handleMessage(android.os.Message) for 407ms
04-29 13:14:57.113 V/MediaRouter( 2446): Adding route: RouteInfo{ name=Phone, description=null, status=null, category=RouteCategory{ name=null types=ROUTE_TYPE_LIVE_AUDIO ROUTE_TYPE_LIVE_VIDEO  groupable=false }, supportedTypes=ROUTE_TYPE_LIVE_AUDIO ROUTE_TYPE_LIVE_VIDEO , presentationDisplay=null }
04-29 13:14:57.261 I/SurfaceFlinger( 1320): Boot is finished (196411 ms)
04-29 13:14:57.460 W/System  ( 2452): ClassLoader referenced unknown path: /system/app/DeskClock/lib/x86_64
04-29 13:14:57.514 V/MediaRouter( 2446): Updating audio routes: AudioRoutesInfo{ type=SPEAKER }
04-29 13:14:57.517 I/SystemServiceManager( 1818): Starting phase 1000
04-29 13:14:57.589 V/MediaRouter( 2446): Selecting route: RouteInfo{ name=Phone, description=null, status=null, category=RouteCategory{ name=null types=ROUTE_TYPE_LIVE_AUDIO ROUTE_TYPE_LIVE_VIDEO  groupable=false }, supportedTypes=ROUTE_TYPE_LIVE_AUDIO ROUTE_TYPE_LIVE_VIDEO , presentationDisplay=null }
04-29 13:14:57.654 W/art     ( 1818): Long monitor contention with owner android.bg (1847) at boolean android.os.MessageQueue.enqueueMessage(android.os.Message, long)(MessageQueue.java:541) waiters=0 in android.os.Message android.os.MessageQueue.next() for 677ms
04-29 13:14:57.655 W/art     ( 1818): Long monitor contention with owner android.bg (1847) at void com.android.server.power.PowerManagerService.releaseWakeLockInternal(android.os.IBinder, int)(PowerManagerService.java:937) waiters=0 in void com.android.server.power.PowerManagerService.releaseWakeLockInternal(android.os.IBinder, int) for 323ms
04-29 13:14:57.819 I/GnssLocationProvider( 1818): WakeLock released by handleMessage(2, 1, null)
04-29 13:14:58.013 W/art     ( 2479): Unexpected CPU variant for X86 using defaults: x86_64
04-29 13:14:58.024 W/ActivityManager( 1818): Slow operation: 286ms so far, now at startProcess: returned from zygote!
04-29 13:14:58.025 W/ActivityManager( 1818): Slow operation: 287ms so far, now at startProcess: done updating battery stats
04-29 13:14:58.025 W/ActivityManager( 1818): Slow operation: 287ms so far, now at startProcess: building log message
04-29 13:14:58.025 I/ActivityManager( 1818): Start proc 2479:android.ext.services/u0a12 for on-hold
04-29 13:14:58.025 W/ActivityManager( 1818): Slow operation: 287ms so far, now at startProcess: starting to update pids map
04-29 13:14:58.025 W/ActivityManager( 1818): Slow operation: 287ms so far, now at startProcess: done updating pids map
04-29 13:14:58.045 D/ActivityManager( 1818): Finishing user boot 0
04-29 13:14:58.065 D/CryptdConnector( 1818): SND -> {3 cryptfs prepare_user_storage ! 0 0 2}
04-29 13:14:58.188 D/vold    ( 1269): e4crypt_prepare_user_storage for volume null, user 0, serial 0, flags 2
04-29 13:14:58.189 D/vold    ( 1269): Preparing: /data/system_ce/0
04-29 13:14:58.190 D/vold    ( 1269): Preparing: /data/misc_ce/0
04-29 13:14:58.190 D/vold    ( 1269): Preparing: /data/media/0
04-29 13:14:58.190 D/vold    ( 1269): Preparing: /data/data
04-29 13:14:58.192 D/CryptdConnector( 1818): RCV <- {200 3 Command succeeded}
04-29 13:14:58.222 V/UserManagerService( 1818): Found /data/user/0 with serial number 0
04-29 13:14:58.223 V/UserManagerService( 1818): Found /data/system_ce/0 with serial number 0
04-29 13:14:58.225 V/PackageManager( 1818): reconcileAppsData for null u0 0x2
04-29 13:14:59.799 I/SyncManager( 1818): Got SyncJobService instance.
04-29 13:14:59.802 I/FusedLocation( 1818): engine started (com.android.location.fused)
04-29 13:15:01.018 E/NetdConnector( 1818): NDC Command {18 firewall disable_chain standby} took too long (1058ms)
04-29 13:15:01.958 I/art     ( 1818): Background sticky concurrent mark sweep GC freed 32123(2MB) AllocSpace objects, 11(472KB) LOS objects, 27% free, 9MB/13MB, paused 24.516ms total 272.101ms
04-29 13:15:02.253 V/PackageManager( 1818): reconcileAppsData finished 81 packages
04-29 13:15:02.272 W/art     ( 1818): Long monitor contention with owner android.display (1859) at void com.android.server.am.ActivityManagerService.finishBooting()(ActivityManagerService.java:6823) waiters=0 in android.content.Intent com.android.server.am.ActivityManagerService.registerReceiver(android.app.IApplicationThread, java.lang.String, android.content.IIntentReceiver, android.content.IntentFilter, java.lang.String, int) for 4.468s
04-29 13:15:02.277 W/art     ( 1818): Long monitor contention with owner android.display (1859) at void com.android.server.am.ActivityManagerService.finishBooting()(ActivityManagerService.java:6823) waiters=1 in android.content.Intent com.android.server.am.ActivityManagerService.registerReceiver(android.app.IApplicationThread, java.lang.String, android.content.IIntentReceiver, android.content.IntentFilter, java.lang.String, int) for 4.459s
04-29 13:15:02.278 W/art     ( 1818): Long monitor contention with owner android.display (1859) at void com.android.server.am.ActivityManagerService.finishBooting()(ActivityManagerService.java:6823) waiters=2 in void com.android.server.am.BroadcastQueue.processNextBroadcast(boolean) for 4.172s
04-29 13:15:02.282 D/TrustManagerService( 1818): Removing dead TrustListener.
04-29 13:15:02.285 W/art     ( 1818): Long monitor contention with owner android.display (1859) at void com.android.server.am.ActivityManagerService.finishBooting()(ActivityManagerService.java:6823) waiters=3 in void com.android.server.am.ActivityManagerService.attachApplication(android.app.IApplicationThread) for 3.962s
04-29 13:15:02.360 W/art     ( 1818): Long monitor contention with owner android.display (1859) at void com.android.server.am.ActivityManagerService.finishBooting()(ActivityManagerService.java:6823) waiters=4 in int com.android.server.am.PendingIntentRecord.sendInner(int, android.content.Intent, java.lang.String, android.content.IIntentReceiver, java.lang.String, android.os.IBinder, java.lang.String, int, int, int, android.os.Bundle, android.app.IActivityContainer) for 2.356s
04-29 13:15:02.362 W/art     ( 1818): Long monitor contention with owner android.display (1859) at void com.android.server.am.ActivityManagerService.finishBooting()(ActivityManagerService.java:6823) waiters=5 in void com.android.server.am.ActivityManagerService.publishContentProviders(android.app.IApplicationThread, java.util.List) for 1.937s
04-29 13:15:02.364 D/MountService( 1818): onUnlockUser 0
04-29 13:15:02.364 D/VoldConnector( 1818): SND -> {8 volume user_started 0}
04-29 13:15:02.448 D/vold    ( 1269): Linking /storage/emulated/0 to /mnt/user/0/primary
04-29 13:15:02.452 D/VoldConnector( 1818): RCV <- {200 8 Command succeeded}
04-29 13:15:02.478 D/MountService( 1818): Volume public:253,48 broadcasting mounted to UserHandle{0}
04-29 13:15:02.518 D/MountService( 1818): Volume emulated broadcasting mounted to UserHandle{0}
04-29 13:15:02.580 W/System  ( 2479): ClassLoader referenced unknown path: /system/priv-app/ExtServices/lib/x86_64
04-29 13:15:03.035 E/WVMExtractor( 2446): Failed to open libwvm.so: dlopen failed: library "libwvm.so" not found
04-29 13:15:03.314 I/MediaPlayerService( 1333): MediaPlayerService::getOMX
04-29 13:15:03.323 I/OMXClient( 2446): MuxOMX ctor
04-29 13:15:04.350 W/ifconfig( 2513): type=1400 audit(0.0:10): avc: denied { ioctl } for path="socket:[12186]" dev="sockfs" ino=12186 ioctlcmd=8927 scontext=u:r:shell:s0 tcontext=u:r:shell:s0 tclass=udp_socket permissive=0
04-29 13:15:04.480 W/ifconfig( 2513): type=1400 audit(0.0:11): avc: denied { ioctl } for path="socket:[12186]" dev="sockfs" ino=12186 ioctlcmd=891d scontext=u:r:shell:s0 tcontext=u:r:shell:s0 tclass=udp_socket permissive=0
04-29 13:15:04.500 W/ifconfig( 2513): type=1400 audit(0.0:12): avc: denied { ioctl } for path="socket:[12186]" dev="sockfs" ino=12186 ioctlcmd=8970 scontext=u:r:shell:s0 tcontext=u:r:shell:s0 tclass=udp_socket permissive=0
04-29 13:15:03.332 V/BackupManagerService( 1818): No ancestral data
04-29 13:15:03.390 I/OMXMaster( 1330): makeComponentInstance(OMX.google.vorbis.decoder) in mediacodec process
04-29 13:15:04.408 W/art     ( 2452): Long monitor contention with owner SharedPreferencesImpl-load (2509) at boolean java.lang.ref.FinalizerReference.enqueueSentinelReference(java.lang.ref.FinalizerReference$Sentinel)(FinalizerReference.java:98) waiters=0 in void java.lang.ref.FinalizerReference.remove(java.lang.ref.FinalizerReference) for 220ms
04-29 13:15:05.091 I/BackupManagerService( 1818): Package jp.jaxa.iss.kibo.rpc.sampleapk not installed; dropping from full backup
04-29 13:15:05.112 V/BackupManagerService( 1818): Starting with transport android/com.android.internal.backup.LocalTransport
04-29 13:15:05.112 V/BackupManagerService( 1818): Found transports: 1
04-29 13:15:05.113 W/BackupManagerService( 1818): Proposed transport ComponentInfo{android/com.android.internal.backup.LocalTransportService} not whitelisted; ignoring
04-29 13:15:05.441 I/BackupManagerService( 1818): Backup enabled => false
04-29 13:15:05.804 I/vol.Events( 2446): writeEvent collection_started
04-29 13:15:05.810 I/MediaPlayerService( 1333): MediaPlayerService::getOMX
04-29 13:15:05.812 I/OMXClient( 2446): MuxOMX ctor
04-29 13:15:05.816 I/OMXMaster( 1330): makeComponentInstance(OMX.google.vorbis.decoder) in mediacodec process
04-29 13:15:08.441 W/RichInputConnection( 2029): Slow InputConnection: GET_TEXT_BEFORE_CURSOR took 2060 ms.
04-29 13:15:09.159 I/MediaPlayerService( 1333): MediaPlayerService::getOMX
04-29 13:15:09.184 I/OMXClient( 2446): MuxOMX ctor
04-29 13:15:09.259 I/OMXMaster( 1330): makeComponentInstance(OMX.google.vorbis.decoder) in mediacodec process
04-29 13:15:12.029 I/InputAttributes( 2029): InputType.TYPE_NULL is specified
04-29 13:15:12.054 I/vol.Events( 2446): writeEvent level_changed STREAM_ALARM 6
04-29 13:15:12.072 I/vol.Events( 2446): writeEvent level_changed STREAM_BLUETOOTH_SCO 7
04-29 13:15:12.089 I/vol.Events( 2446): writeEvent level_changed STREAM_MUSIC 11
04-29 13:15:12.302 I/vol.Events( 2446): writeEvent level_changed STREAM_RING 5
04-29 13:15:12.312 I/vol.Events( 2446): writeEvent level_changed STREAM_SYSTEM 5
04-29 13:15:12.521 I/vol.Events( 2446): writeEvent level_changed STREAM_VOICE_CALL 4
04-29 13:15:12.602 I/vol.Events( 2446): writeEvent external_ringer_mode_changed normal
04-29 13:15:12.993 I/AlarmClock( 2452): AlarmInitReceiver android.intent.action.TIME_SET
04-29 13:15:13.132 D/StorageNotification( 2446): Notifying about private volume: VolumeInfo{private}:
04-29 13:15:13.132 D/StorageNotification( 2446):     type=PRIVATE diskId=null partGuid=null mountFlags=0 mountUserId=-1 
04-29 13:15:13.132 D/StorageNotification( 2446):     state=MOUNTED 
04-29 13:15:13.132 D/StorageNotification( 2446):     fsType=null fsUuid=null fsLabel=null 
04-29 13:15:13.132 D/StorageNotification( 2446):     path=/data internalPath=null 
04-29 13:15:13.136 D/StorageNotification( 2446): Notifying about public volume: VolumeInfo{public:253,48}:
04-29 13:15:13.136 D/StorageNotification( 2446):     type=PUBLIC diskId=disk:253,48 partGuid=null mountFlags=VISIBLE 
04-29 13:15:13.136 D/StorageNotification( 2446):     mountUserId=0 state=MOUNTED 
04-29 13:15:13.136 D/StorageNotification( 2446):     fsType=vfat fsUuid=1EFF-1C1B fsLabel=SDCARD 
04-29 13:15:13.136 D/StorageNotification( 2446):     path=/storage/1EFF-1C1B internalPath=/mnt/media_rw/1EFF-1C1B 
04-29 13:15:13.810 V/KeyguardServiceDelegate( 1818): *** Keyguard connected (yay!)
04-29 13:15:14.035 D/LockSettings( 1818): Removing dead StrongAuthTracker.
04-29 13:15:15.017 W/art     ( 2029): Long monitor contention with owner AsyncTask #2 (2547) at void android.os.MessageQueue.nativeWake(long)(MessageQueue.java:-2) waiters=0 in android.os.Message android.os.MessageQueue.next() for 553ms
04-29 13:15:15.019 I/LatinIME( 2029): Timeout waiting for dictionary load
04-29 13:15:15.256 W/art     ( 1818): Long monitor contention with owner backup (2506) at java.io.File java.io.File.createTempFile(java.lang.String, java.lang.String, java.io.File)(File.java:1850) waiters=0 in void com.android.server.backup.BackupManagerService.setBackupEnabled(boolean) for 6.209s
04-29 13:15:15.423 V/KeyValueBackupJob( 1818): Scheduling k/v pass in 241 minutes
04-29 13:15:15.458 W/art     ( 1818): Long monitor contention with owner android.display (1859) at void com.android.server.wm.WindowAnimator$1.doFrame(long)(WindowAnimator.java:144) waiters=0 in void com.android.server.wm.WindowManagerService.finishDrawingWindow(com.android.server.wm.Session, android.view.IWindow) for 451ms
04-29 13:15:15.481 V/AlarmClock( 2452): AlarmInitReceiver finished
04-29 13:15:15.559 I/art     ( 2446): Background sticky concurrent mark sweep GC freed 11812(1340KB) AllocSpace objects, 2(40KB) LOS objects, 0% free, 10MB/10MB, paused 1.651ms total 201.771ms
04-29 13:15:15.905 W/art     ( 1818): Long monitor contention with owner backup (2506) at boolean android.os.MessageQueue.enqueueMessage(android.os.Message, long)(MessageQueue.java:541) waiters=0 in android.os.Message android.os.MessageQueue.next() for 434ms
04-29 13:15:15.906 W/art     ( 1818): Long monitor contention with owner backup (2506) at boolean android.os.MessageQueue.enqueueMessage(android.os.Message, long)(MessageQueue.java:541) waiters=1 in boolean android.os.MessageQueue.enqueueMessage(android.os.Message, long) for 430ms
04-29 13:15:15.909 W/art     ( 1818): Long monitor contention with owner backup (2506) at boolean android.os.MessageQueue.enqueueMessage(android.os.Message, long)(MessageQueue.java:541) waiters=2 in boolean android.os.MessageQueue.enqueueMessage(android.os.Message, long) for 269ms
04-29 13:15:16.184 I/art     ( 2446): Background partial concurrent mark sweep GC freed 2097(94KB) AllocSpace objects, 0(0B) LOS objects, 26% free, 10MB/14MB, paused 607us total 275.207ms
04-29 13:15:16.214 I/Choreographer( 2446): Skipped 201 frames!  The application may be doing too much work on its main thread.
04-29 13:15:17.870 W/ifconfig( 2585): type=1400 audit(0.0:13): avc: denied { ioctl } for path="socket:[14430]" dev="sockfs" ino=14430 ioctlcmd=8927 scontext=u:r:shell:s0 tcontext=u:r:shell:s0 tclass=udp_socket permissive=0
04-29 13:15:16.256 D/WIFI    ( 1818): Registering NetworkFactory
04-29 13:15:17.890 W/ifconfig( 2585): type=1400 audit(0.0:14): avc: denied { ioctl } for path="socket:[14430]" dev="sockfs" ino=14430 ioctlcmd=891d scontext=u:r:shell:s0 tcontext=u:r:shell:s0 tclass=udp_socket permissive=0
04-29 13:15:17.920 W/ifconfig( 2585): type=1400 audit(0.0:15): avc: denied { ioctl } for path="socket:[14430]" dev="sockfs" ino=14430 ioctlcmd=8970 scontext=u:r:shell:s0 tcontext=u:r:shell:s0 tclass=udp_socket permissive=0
04-29 13:15:16.285 D/ConnectivityService( 1818): Got NetworkFactory Messenger for WIFI
04-29 13:15:16.286 D/WIFI_UT ( 1818): Registering NetworkFactory
04-29 13:15:16.298 D/ConnectivityService( 1818): Got NetworkFactory Messenger for WIFI_UT
04-29 13:15:16.301 D/WIFI    ( 1818): got request NetworkRequest [ REQUEST id=1, [ Capabilities: INTERNET&NOT_RESTRICTED&TRUSTED&NOT_VPN] ] with score 0
04-29 13:15:16.302 D/WIFI_UT ( 1818): got request NetworkRequest [ REQUEST id=1, [ Capabilities: INTERNET&NOT_RESTRICTED&TRUSTED&NOT_VPN] ] with score 0
04-29 13:15:16.317 W/art     ( 1818): Long monitor contention with owner main (1818) at boolean android.os.MessageQueue.enqueueMessage(android.os.Message, long)(MessageQueue.java:541) waiters=0 in android.os.Message android.os.MessageQueue.next() for 158ms
04-29 13:15:16.503 W/VoiceInteractionManagerService( 1818): no available voice interaction services found for user 0
04-29 13:15:16.503 W/VoiceInteractionManagerService( 1818): no available voice recognition services found for user 0
04-29 13:15:16.550 I/AlarmClock( 2452): AlarmInitReceiver android.intent.action.LOCKED_BOOT_COMPLETED
04-29 13:15:16.609 I/ActivityManager( 1818): Loading recents for user 0 into memory.
04-29 13:15:16.648 D/ActivityManager( 1818): Sending BOOT_COMPLETE user #0
04-29 13:15:16.691 I/vol.Events( 2446): writeEvent internal_ringer_mode_changed normal
04-29 13:15:16.781 D/CarrierSvcBindHelper( 2264): Received android.intent.action.USER_UNLOCKED
04-29 13:15:16.784 E/PhoneInterfaceManager( 2264): [PhoneIntfMgr] getCarrierPackageNamesForIntent: No UICC
04-29 13:15:16.784 D/CarrierSvcBindHelper( 2264): No carrier app for: 0
04-29 13:15:16.811 W/art     ( 1818): Long monitor contention with owner Binder:1818_5 (2388) at int com.android.server.wm.WindowManagerService.relayoutWindow(com.android.server.wm.Session, android.view.IWindow, int, android.view.WindowManager$LayoutParams, int, int, int, int, android.graphics.Rect, android.graphics.Rect, android.graphics.Rect, android.graphics.Rect, android.graphics.Rect, android.graphics.Rect, android.graphics.Rect, android.content.res.Configuration, android.view.Surface)(WindowManagerService.java:2857) waiters=0 in void com.android.server.wm.WindowAnimator$1.doFrame(long) for 265ms
04-29 13:15:17.130 W/art     ( 1818): Long monitor contention with owner android.display (1859) at void com.android.server.wm.WindowAnimator$1.doFrame(long)(WindowAnimator.java:144) waiters=0 in void com.android.server.wm.WindowManagerService.setDockedStackDividerTouchRegion(android.graphics.Rect) for 201ms
04-29 13:15:17.165 D/FallbackHome( 2291): User unlocked and real home found; let's go!
04-29 13:15:17.300 I/AccountManagerService( 1818): User 0 is unlocked - opening CE database
04-29 13:15:17.401 W/art     ( 1818): Long monitor contention with owner android.display (1859) at void com.android.server.wm.WindowAnimator$1.doFrame(long)(WindowAnimator.java:144) waiters=1 in void com.android.server.wm.WindowManagerService.setInsetsWindow(com.android.server.wm.Session, android.view.IWindow, int, android.graphics.Rect, android.graphics.Rect, android.graphics.Region) for 471ms
04-29 13:15:17.448 D/AlarmClock/Events( 2452): [Stopwatch] [Reset] [Reboot]
04-29 13:15:17.791 W/art     ( 1818): Long monitor contention with owner android.display (1859) at void com.android.server.wm.WindowAnimator$1.doFrame(long)(WindowAnimator.java:144) waiters=1 in void com.android.server.wm.WindowManagerService.setDockedStackDividerTouchRegion(android.graphics.Rect) for 660ms
04-29 13:15:17.793 W/art     ( 1818): Long monitor contention with owner android.display (1859) at void com.android.server.wm.WindowAnimator$1.doFrame(long)(WindowAnimator.java:144) waiters=2 in void com.android.server.wm.WindowManagerService.pauseKeyDispatching(android.os.IBinder) for 539ms
04-29 13:15:17.804 I/Choreographer( 2291): Skipped 55 frames!  The application may be doing too much work on its main thread.
04-29 13:15:17.807 W/art     ( 1818): Long monitor contention with owner android.display (1859) at void com.android.server.wm.WindowManagerService$H.handleMessage(android.os.Message)(WindowManagerService.java:8368) waiters=2 in void com.android.server.wm.WindowManagerService.setInsetsWindow(com.android.server.wm.Session, android.view.IWindow, int, android.graphics.Rect, android.graphics.Rect, android.graphics.Region) for 405ms
04-29 13:15:17.809 W/art     ( 1818): Long monitor contention with owner Binder:1818_2 (1834) at boolean com.android.server.am.ActivityManagerService.finishActivity(android.os.IBinder, int, android.content.Intent, int)(ActivityManagerService.java:4839) waiters=0 in void com.android.server.am.ActivityManagerService.monitor() for 361ms
04-29 13:15:17.810 W/art     ( 1818): Long monitor contention with owner Binder:1818_2 (1834) at boolean com.android.server.am.ActivityManagerService.finishActivity(android.os.IBinder, int, android.content.Intent, int)(ActivityManagerService.java:4839) waiters=1 in java.lang.String com.android.server.am.ActivityManagerService.getTagForIntentSender(android.content.IIntentSender, java.lang.String) for 165ms
04-29 13:15:17.820 W/art     ( 1818): Long monitor contention with owner Binder:1818_2 (1834) at boolean com.android.server.am.ActivityManagerService.finishActivity(android.os.IBinder, int, android.content.Intent, int)(ActivityManagerService.java:4839) waiters=2 in int com.android.server.am.ActivityManagerService.bindService(android.app.IApplicationThread, android.os.IBinder, android.content.Intent, java.lang.String, android.app.IServiceConnection, int, java.lang.String, int) for 129ms
04-29 13:15:18.020 W/art     ( 2598): Unexpected CPU variant for X86 using defaults: x86_64
04-29 13:15:18.121 W/art     ( 1818): Long monitor contention with owner Binder:1818_6 (2442) at void com.android.server.wm.WindowManagerService.setInsetsWindow(com.android.server.wm.Session, android.view.IWindow, int, android.graphics.Rect, android.graphics.Rect, android.graphics.Region)(WindowManagerService.java:2719) waiters=0 in void com.android.server.wm.WindowManagerService.monitor() for 305ms
04-29 13:15:18.121 W/art     ( 1818): Long monitor contention with owner Binder:1818_6 (2442) at void com.android.server.wm.WindowManagerService.setInsetsWindow(com.android.server.wm.Session, android.view.IWindow, int, android.graphics.Rect, android.graphics.Rect, android.graphics.Region)(WindowManagerService.java:2719) waiters=1 in void com.android.server.wm.WindowManagerService$H.handleMessage(android.os.Message) for 272ms
04-29 13:15:18.138 W/ActivityManager( 1818): Slow operation: 313ms so far, now at startProcess: returned from zygote!
04-29 13:15:18.139 W/ActivityManager( 1818): Slow operation: 314ms so far, now at startProcess: done updating battery stats
04-29 13:15:18.139 W/ActivityManager( 1818): Slow operation: 314ms so far, now at startProcess: building log message
04-29 13:15:18.139 I/ActivityManager( 1818): Start proc 2598:com.android.keychain/1000 for service com.android.keychain/.KeyChainService
04-29 13:15:18.140 W/ActivityManager( 1818): Slow operation: 315ms so far, now at startProcess: starting to update pids map
04-29 13:15:18.140 W/ActivityManager( 1818): Slow operation: 315ms so far, now at startProcess: done updating pids map
04-29 13:15:18.140 W/ActivityManager( 1818): Slow operation: 316ms so far, now at startProcess: done starting proc!
04-29 13:15:18.147 W/art     ( 1818): Long monitor contention with owner AsyncTask #4 (2580) at int com.android.server.am.ActivityManagerService.bindService(android.app.IApplicationThread, android.os.IBinder, android.content.Intent, java.lang.String, android.app.IServiceConnection, int, java.lang.String, int)(ActivityManagerService.java:17301) waiters=0 in void com.android.server.am.ActivityManagerService.activityPaused(android.os.IBinder) for 296ms
04-29 13:15:18.153 I/ActivityManager( 1818): START u0 {act=android.intent.action.MAIN cat=[android.intent.category.HOME] flg=0x10000100 cmp=com.android.launcher3/.Launcher} from uid 0 on display 0
04-29 13:15:18.754 I/art     ( 1818): Background sticky concurrent mark sweep GC freed 33426(2MB) AllocSpace objects, 7(272KB) LOS objects, 24% free, 9MB/13MB, paused 13.684ms total 162.105ms
04-29 13:15:18.802 W/art     ( 1818): Long monitor contention with owner android.display (1859) at void com.android.server.wm.WindowAnimator$1.doFrame(long)(WindowAnimator.java:144) waiters=0 in void com.android.server.wm.WindowManagerService.deferSurfaceLayout() for 493ms
04-29 13:15:19.121 W/art     ( 1818): Long monitor contention with owner android.display (1859) at void com.android.server.wm.WindowAnimator$1.doFrame(long)(WindowAnimator.java:144) waiters=0 in void com.android.server.wm.WindowManagerService.deferSurfaceLayout() for 178ms
04-29 13:15:19.159 I/BackupManagerService( 1818): Found stale backup journal, scheduling
