05-20 14:04:12.737 E/EmulatedCamera_HotplugThread( 1328): createFileIfNotExists: Could not create file '/data/misc/media/emulator.camera.hotplug.0', error: 'Permission denied' (13)
05-20 14:04:12.760 W/BatteryNotifier( 1339): batterystats service unavailable!
05-20 14:04:12.795 D/audio_hw_generic( 1325): Emulator host-side ALSA audio emulation detected.
05-20 14:04:12.806 V/MediaUtils( 1338): physMem: 1043894272
05-20 14:04:12.807 V/MediaUtils( 1338): requested limit: 208778840
05-20 14:04:12.807 V/MediaUtils( 1338): actual limit: 208778840
05-20 14:04:12.807 V/MediaUtils( 1338): original limits: 4294967295/4294967295
05-20 14:04:12.807 V/MediaUtils( 1338): new limits: 208778840/4294967295
05-20 14:04:12.809 W//system/bin/mediaextractor( 1338): libminijail: allowing syscall: socketcall
05-20 14:04:12.809 W//system/bin/mediaextractor( 1338): libminijail: allowing syscall: writev
05-20 14:04:12.823 D/audio_hw_generic( 1325): mixer 0 name Master Playback Volume
05-20 14:04:12.823 D/audio_hw_generic( 1325): set ctl 0 to 100
05-20 14:04:12.824 D/audio_hw_generic( 1325): set ctl 1 to 100
05-20 14:04:12.824 D/audio_hw_generic( 1325): mixer 1 name Master Playback Switch
05-20 14:04:12.824 D/audio_hw_generic( 1325): set ctl 0 to 1
05-20 14:04:12.825 D/audio_hw_generic( 1325): set ctl 1 to 1
05-20 14:04:12.825 D/audio_hw_generic( 1325): mixer 2 name Capture Volume
05-20 14:04:12.825 D/audio_hw_generic( 1325): set ctl 0 to 100
05-20 14:04:12.825 D/audio_hw_generic( 1325): set ctl 1 to 100
05-20 14:04:12.825 D/audio_hw_generic( 1325): mixer 3 name Capture Switch
05-20 14:04:12.825 D/audio_hw_generic( 1325): set ctl 0 to 1
05-20 14:04:12.825 D/audio_hw_generic( 1325): set ctl 1 to 1
05-20 14:04:12.825 D/audio_hw_generic( 1325): mixer 4 name Line Phantom Jack
05-20 14:04:12.825 D/audio_hw_generic( 1325): mixer 5 name Line Out Phantom Jack
05-20 14:04:12.825 D/audio_hw_generic( 1325): mixer 6 name Playback Channel Map
05-20 14:04:12.825 D/audio_hw_generic( 1325): mixer 7 name Capture Channel Map
05-20 14:04:12.826 I/AudioFlinger( 1325): loadHwModule() Loaded primary audio interface from Generic audio HW HAL (audio) handle 10
05-20 14:04:12.827 I/AudioFlinger( 1325): openOutput(), module 10 Device 2, SamplingRate 48000, Format 0x000001, Channels 3, flags 2
05-20 14:04:12.840 W//system/bin/mediaextractor( 1338): libminijail: allowing syscall: fcntl64
05-20 14:04:12.840 W//system/bin/mediaextractor( 1338): libminijail: allowing syscall: clock_gettime
05-20 14:04:12.853 I/AudioFlinger( 1325): HAL output buffer size 720 frames, normal sink buffer size 1152 frames
05-20 14:04:12.861 W//system/bin/mediaextractor( 1338): libminijail: logging seccomp filter failures
05-20 14:04:12.894 I/CameraService( 1328): Loaded "Emulated Camera Module" camera module
05-20 14:04:12.895 E/CameraService( 1328): setUpVendorTags: Vendor tag operations not fully defined. Ignoring definitions.
05-20 14:04:12.895 V/EmulatedCamera_Camera( 1328): getCameraInfo
05-20 14:04:12.895 V/EmulatedCamera_BaseCamera( 1328): getCameraInfo
05-20 14:04:12.910 I/CameraFlashlight( 1328): Opening camera 0
05-20 14:04:12.910 V/EmulatedCamera_Camera( 1328): getCameraInfo
05-20 14:04:12.910 V/EmulatedCamera_BaseCamera( 1328): getCameraInfo
05-20 14:04:12.911 V/EmulatedCamera_Camera( 1328): connectCamera
05-20 14:04:12.911 V/EmulatedCamera_FakeDevice( 1328): connectDevice
05-20 14:04:12.961 V/EmulatedCamera_CallbackNotifier( 1328): setCallbacks: 0xe8421e80, 0xe8421ed0, 0xe8421ff0, 0xe8422110 (0xe7c43140)
05-20 14:04:13.017 V/EmulatedCamera_Preview( 1328): setPreviewWindow: current: 0x0 -> new: 0xe7c43150
05-20 14:04:13.018 V/EmulatedCamera_Preview( 1328): setPreviewWindow: current: 0xe7c43150 -> new: 0x0
05-20 14:04:13.018 V/EmulatedCamera_Camera( 1328): doStopPreview
05-20 14:04:13.019 V/EmulatedCamera_Preview( 1328): setPreviewWindow: current: 0x0 -> new: 0x0
05-20 14:04:13.019 V/EmulatedCamera_Camera( 1328): releaseCamera
05-20 14:04:13.019 V/EmulatedCamera_Camera( 1328): doStopPreview
05-20 14:04:13.019 V/EmulatedCamera_FakeDevice( 1328): disconnectDevice
05-20 14:04:13.019 W/EmulatedCamera_Device( 1328): Initialize: Emulated camera device is already initialized: mState = 1
05-20 14:04:13.019 D/EmulatedCamera_FakeCamera( 1328): Initialize: Fake camera is facing back
05-20 14:04:13.043 I/BufferProvider( 1325): found effect "Multichannel Downmix To Stereo" from The Android Open Source Project
05-20 14:04:13.047 I/AudioFlinger( 1325): Using module 10 has the primary audio interface
05-20 14:04:13.060 V/EmulatedCamera_Device( 1328): initializeWhiteBalanceModes with auto, 1.000000, 1.000000
05-20 14:04:13.061 V/EmulatedCamera_Device( 1328): initializeWhiteBalanceModes with incandescent, 1.380000, 0.600000
05-20 14:04:13.061 V/EmulatedCamera_Device( 1328): initializeWhiteBalanceModes with daylight, 1.090000, 0.920000
05-20 14:04:13.061 V/EmulatedCamera_Device( 1328): initializeWhiteBalanceModes with twilight, 0.920000, 1.220000
05-20 14:04:13.061 V/EmulatedCamera_Device( 1328): setWhiteBalanceMode with white balance auto
05-20 14:04:13.061 I/CameraFlashlight( 1328): Destroying camera 0
05-20 14:04:13.061 V/EmulatedCamera_Camera( 1328): closeCamera
05-20 14:04:13.061 V/EmulatedCamera_Camera( 1328): doStopPreview
05-20 14:04:13.061 W/EmulatedCamera_Device( 1328): Initialize: Emulated camera device is already initialized: mState = 1
05-20 14:04:13.061 D/EmulatedCamera_FakeCamera( 1328): Initialize: Fake camera is facing back
05-20 14:04:13.062 V/EmulatedCamera_Device( 1328): initializeWhiteBalanceModes with auto, 1.000000, 1.000000
05-20 14:04:13.062 V/EmulatedCamera_Device( 1328): initializeWhiteBalanceModes with incandescent, 1.380000, 0.600000
05-20 14:04:13.062 V/EmulatedCamera_Device( 1328): initializeWhiteBalanceModes with daylight, 1.090000, 0.920000
05-20 14:04:13.062 V/EmulatedCamera_Device( 1328): initializeWhiteBalanceModes with twilight, 0.920000, 1.220000
05-20 14:04:13.062 V/EmulatedCamera_Device( 1328): setWhiteBalanceMode with white balance auto
05-20 14:04:13.064 V/EmulatedCamera_Camera( 1328): getCameraInfo
05-20 14:04:13.065 V/EmulatedCamera_BaseCamera( 1328): getCameraInfo
05-20 14:04:13.084 I/AudioFlinger( 1325): AudioFlinger's thread 0xec883f40 ready to run
05-20 14:04:13.086 W/BatteryNotifier( 1325): batterystats service unavailable!
05-20 14:04:13.088 W/BatteryNotifier( 1325): batterystats service unavailable!
05-20 14:04:13.098 I/ServiceManager( 1328): Waiting for service media.camera.proxy...
05-20 14:04:13.112 W/BatteryNotifier( 1325): batterystats service unavailable!
05-20 14:04:13.114 W/AudioFlinger( 1325): no wake lock to update, system not ready yet
05-20 14:04:13.176 I/AudioFlinger( 1325): AudioFlinger's thread 0xec3838c0 ready to run
05-20 14:04:13.244 I/r_submix( 1325): adev_open(name=audio_hw_if)
05-20 14:04:13.244 I/r_submix( 1325): adev_init_check()
05-20 14:04:13.244 I/AudioFlinger( 1325): loadHwModule() Loaded r_submix audio interface from Wifi Display audio HAL (audio) handle 18
05-20 14:04:13.245 D/r_submix( 1325): adev_open_input_stream(addr=0)
05-20 14:04:13.245 D/r_submix( 1325): submix_audio_device_create_pipe_l(addr=0, idx=9)
05-20 14:04:13.245 D/r_submix( 1325):   now using address 0 for route 9
05-20 14:04:13.250 I/AudioFlinger( 1325): AudioFlinger's thread 0xec483540 ready to run
05-20 14:04:13.280 D/r_submix( 1325): adev_close_input_stream()
05-20 14:04:13.280 D/r_submix( 1325): submix_audio_device_release_pipe_l(idx=9) addr=0
05-20 14:04:13.280 D/r_submix( 1325): submix_audio_device_destroy_pipe_l(): pipe destroyed
05-20 14:04:13.284 I/RadioService( 1325): RadioService
05-20 14:04:13.284 I/RadioService( 1325): onFirstRef
05-20 14:04:13.285 E/RadioService( 1325): couldn't load radio module radio.primary (No such file or directory)
05-20 14:04:13.287 E/SoundTriggerHwService( 1325): couldn't load sound trigger module sound_trigger.primary (No such file or directory)
05-20 14:04:14.099 I/ServiceManager( 1328): Waiting for service media.camera.proxy...
05-20 14:04:15.150 I/ServiceManager( 1328): Waiting for service media.camera.proxy...
05-20 14:04:16.130 W/BatteryNotifier( 1325): batterystats service unavailable!
05-20 14:04:16.160 I/ServiceManager( 1328): Waiting for service media.camera.proxy...
05-20 14:04:17.170 I/ServiceManager( 1328): Waiting for service media.camera.proxy...
05-20 14:04:22.067 E/SurfaceFlinger( 1320): ro.sf.lcd_density must be defined as a build property
05-20 14:04:22.183 D/libEGL  ( 1383): Emulator without GPU support detected. Fallback to legacy software renderer, qemu.gles is set to 0.
05-20 14:04:22.252 D/AndroidRuntime( 1323): >>>>>> START com.android.internal.os.ZygoteInit uid 0 <<<<<<
05-20 14:04:22.271 D/libEGL  ( 1383): loaded /system/lib64/egl/libGLES_android.so
05-20 14:04:22.541 D/AndroidRuntime( 1323): CheckJNI is ON
05-20 14:04:22.670 I/art     ( 1323): option[0]=-Xzygote
05-20 14:04:22.670 I/art     ( 1323): option[1]=-Xcheck:jni
05-20 14:04:22.671 I/art     ( 1323): option[2]=-Xstacktracefile:/data/anr/traces.txt
05-20 14:04:22.671 I/art     ( 1323): option[3]=exit
05-20 14:04:22.671 I/art     ( 1323): option[4]=vfprintf
05-20 14:04:22.671 I/art     ( 1323): option[5]=sensitiveThread
05-20 14:04:22.671 I/art     ( 1323): option[6]=-verbose:gc
05-20 14:04:22.671 I/art     ( 1323): option[7]=-Xms4m
05-20 14:04:22.671 I/art     ( 1323): option[8]=-Xmx256m
05-20 14:04:22.671 I/art     ( 1323): option[9]=-Xusejit:true
05-20 14:04:22.671 I/art     ( 1323): option[10]=-Xjitsaveprofilinginfo
05-20 14:04:22.671 I/art     ( 1323): option[11]=-agentlib:jdwp=transport=dt_android_adb,suspend=n,server=y
05-20 14:04:22.671 I/art     ( 1323): option[12]=-Xlockprofthreshold:500
05-20 14:04:22.671 I/art     ( 1323): option[13]=-Ximage-compiler-option
05-20 14:04:22.671 I/art     ( 1323): option[14]=--runtime-arg
05-20 14:04:22.671 I/art     ( 1323): option[15]=-Ximage-compiler-option
05-20 14:04:22.672 I/art     ( 1323): option[16]=-Xms64m
05-20 14:04:22.672 I/art     ( 1323): option[17]=-Ximage-compiler-option
05-20 14:04:22.672 I/art     ( 1323): option[18]=--runtime-arg
05-20 14:04:22.672 I/art     ( 1323): option[19]=-Ximage-compiler-option
05-20 14:04:22.672 I/art     ( 1323): option[20]=-Xmx64m
05-20 14:04:22.672 I/art     ( 1323): option[21]=-Ximage-compiler-option
05-20 14:04:22.672 I/art     ( 1323): option[22]=--image-classes=/system/etc/preloaded-classes
05-20 14:04:22.672 I/art     ( 1323): option[23]=-Ximage-compiler-option
05-20 14:04:22.672 I/art     ( 1323): option[24]=--compiled-classes=/system/etc/compiled-classes
05-20 14:04:22.672 I/art     ( 1323): option[25]=-Xcompiler-option
05-20 14:04:22.672 I/art     ( 1323): option[26]=--runtime-arg
05-20 14:04:22.672 I/art     ( 1323): option[27]=-Xcompiler-option
05-20 14:04:22.672 I/art     ( 1323): option[28]=-Xms64m
05-20 14:04:22.672 I/art     ( 1323): option[29]=-Xcompiler-option
05-20 14:04:22.672 I/art     ( 1323): option[30]=--runtime-arg
05-20 14:04:22.672 I/art     ( 1323): option[31]=-Xcompiler-option
05-20 14:04:22.672 I/art     ( 1323): option[32]=-Xmx512m
05-20 14:04:22.672 I/art     ( 1323): option[33]=-Ximage-compiler-option
05-20 14:04:22.672 I/art     ( 1323): option[34]=--instruction-set-variant=x86_64
05-20 14:04:22.672 I/art     ( 1323): option[35]=-Xcompiler-option
05-20 14:04:22.672 I/art     ( 1323): option[36]=--instruction-set-variant=x86_64
05-20 14:04:22.672 I/art     ( 1323): option[37]=-Ximage-compiler-option
05-20 14:04:22.672 I/art     ( 1323): option[38]=--instruction-set-features=default
05-20 14:04:22.672 I/art     ( 1323): option[39]=-Xcompiler-option
05-20 14:04:22.672 I/art     ( 1323): option[40]=--instruction-set-features=default
05-20 14:04:22.673 I/art     ( 1323): option[41]=-Duser.locale=en-US
05-20 14:04:22.673 I/art     ( 1323): option[42]=--cpu-abilist=x86_64
05-20 14:04:22.673 I/art     ( 1323): option[43]=-Xfingerprint:Android/sdk_phone_x86_64/generic_x86_64:7.1.1/NYC/4931657:userdebug/test-keys
05-20 14:04:22.907 D/gralloc_ranchu( 1383): Emulator without host-side GPU emulation detected. Loading gralloc.default.so from /vendor/lib64/hw/gralloc.goldfish.default.so...
05-20 14:04:22.920 D/gralloc_ranchu( 1383): gralloc.default.so not found in /vendor. Trying /system/lib64/hw/gralloc.goldfish.default.so...
05-20 14:04:23.823 D/AndroidRuntime( 1324): >>>>>> START com.android.internal.os.ZygoteInit uid 0 <<<<<<
05-20 14:04:24.043 D/AndroidRuntime( 1324): CheckJNI is ON
05-20 14:04:24.098 I/art     ( 1324): option[0]=-Xzygote
05-20 14:04:24.099 I/art     ( 1324): option[1]=-Xcheck:jni
05-20 14:04:24.099 I/art     ( 1324): option[2]=-Xstacktracefile:/data/anr/traces.txt
05-20 14:04:24.099 I/art     ( 1324): option[3]=exit
05-20 14:04:24.099 I/art     ( 1324): option[4]=vfprintf
05-20 14:04:24.099 I/art     ( 1324): option[5]=sensitiveThread
05-20 14:04:24.099 I/art     ( 1324): option[6]=-verbose:gc
05-20 14:04:24.099 I/art     ( 1324): option[7]=-Xms4m
05-20 14:04:24.099 I/art     ( 1324): option[8]=-Xmx256m
05-20 14:04:24.099 I/art     ( 1324): option[9]=-Xusejit:true
05-20 14:04:24.099 I/art     ( 1324): option[10]=-Xjitsaveprofilinginfo
05-20 14:04:24.138 I/art     ( 1324): option[11]=-agentlib:jdwp=transport=dt_android_adb,suspend=n,server=y
05-20 14:04:24.138 I/art     ( 1324): option[12]=-Xlockprofthreshold:500
05-20 14:04:24.190 I/art     ( 1324): option[13]=-Ximage-compiler-option
05-20 14:04:24.191 I/art     ( 1324): option[14]=--runtime-arg
05-20 14:04:24.191 I/art     ( 1324): option[15]=-Ximage-compiler-option
05-20 14:04:24.191 I/art     ( 1324): option[16]=-Xms64m
05-20 14:04:24.191 I/art     ( 1324): option[17]=-Ximage-compiler-option
05-20 14:04:24.191 I/art     ( 1324): option[18]=--runtime-arg
05-20 14:04:24.191 I/art     ( 1324): option[19]=-Ximage-compiler-option
05-20 14:04:24.191 I/art     ( 1324): option[20]=-Xmx64m
05-20 14:04:24.191 I/art     ( 1324): option[21]=-Ximage-compiler-option
05-20 14:04:24.191 I/art     ( 1324): option[22]=--image-classes=/system/etc/preloaded-classes
05-20 14:04:24.191 I/art     ( 1324): option[23]=-Ximage-compiler-option
05-20 14:04:24.191 I/art     ( 1324): option[24]=--compiled-classes=/system/etc/compiled-classes
05-20 14:04:24.191 I/art     ( 1324): option[25]=-Xcompiler-option
05-20 14:04:24.191 I/art     ( 1324): option[26]=--runtime-arg
05-20 14:04:24.191 I/art     ( 1324): option[27]=-Xcompiler-option
05-20 14:04:24.191 I/art     ( 1324): option[28]=-Xms64m
05-20 14:04:24.191 I/art     ( 1324): option[29]=-Xcompiler-option
05-20 14:04:24.192 I/art     ( 1324): option[30]=--runtime-arg
05-20 14:04:24.192 I/art     ( 1324): option[31]=-Xcompiler-option
05-20 14:04:24.192 I/art     ( 1324): option[32]=-Xmx512m
05-20 14:04:24.192 I/art     ( 1324): option[33]=-Ximage-compiler-option
05-20 14:04:24.192 I/art     ( 1324): option[34]=--instruction-set-variant=x86
05-20 14:04:24.192 I/art     ( 1324): option[35]=-Xcompiler-option
05-20 14:04:24.192 I/art     ( 1324): option[36]=--instruction-set-variant=x86
05-20 14:04:24.192 I/art     ( 1324): option[37]=-Ximage-compiler-option
05-20 14:04:24.192 I/art     ( 1324): option[38]=--instruction-set-features=default
05-20 14:04:24.192 I/art     ( 1324): option[39]=-Xcompiler-option
05-20 14:04:24.192 I/art     ( 1324): option[40]=--instruction-set-features=default
05-20 14:04:24.192 I/art     ( 1324): option[41]=-Duser.locale=en-US
05-20 14:04:24.192 I/art     ( 1324): option[42]=--cpu-abilist=x86
05-20 14:04:24.192 I/art     ( 1324): option[43]=-Xfingerprint:Android/sdk_phone_x86_64/generic_x86_64:7.1.1/NYC/4931657:userdebug/test-keys
05-20 14:04:26.805 E/hostapd ( 1502): Configuration file: /system/etc/simulated_hostapd.conf
05-20 14:04:26.984 E/ipv6proxy( 1494): Failed to forward Router Advertisement from eth0 to wlan1: Network is unreachable
05-20 14:04:26.985 E/ipv6proxy( 1494): Failed to forward Router Advertisement from eth0 to radio0-peer: Cannot assign requested address
05-20 14:04:27.657 I/hostapd ( 1502): rfkill: Cannot get wiphy information
05-20 14:04:27.692 I/hostapd ( 1502): nl80211: Could not re-add multicast membership for vendor events: -2 (No such file or directory)
05-20 14:04:27.693 I/hostapd ( 1502): wlan1: interface state UNINITIALIZED->COUNTRY_UPDATE
05-20 14:04:29.311 D/ICU     ( 1323): No timezone override file found: /data/misc/zoneinfo/current/icu/icu_tzdata.dat
05-20 14:04:30.979 E/ipv6proxy( 1494): Failed to forward Router Advertisement from eth0 to wlan1: Network is unreachable
05-20 14:04:31.154 D/ICU     ( 1324): No timezone override file found: /data/misc/zoneinfo/current/icu/icu_tzdata.dat
05-20 14:04:32.392 E/memtrack( 1323): Couldn't load memtrack module (No such file or directory)
05-20 14:04:32.393 E/android.os.Debug( 1323): failed to load memtrack module: -2
05-20 14:04:32.482 I/Radio-JNI( 1323): register_android_hardware_Radio DONE
05-20 14:04:32.705 I/hostapd ( 1502): wlan1: interface state COUNTRY_UPDATE->HT_SCAN
05-20 14:04:32.940 I/SamplingProfilerIntegration( 1323): Profiling disabled.
05-20 14:04:32.982 D/Zygote  ( 1323): begin preload
05-20 14:04:32.982 I/Zygote  ( 1323): Installing ICU cache reference pinning...
05-20 14:04:32.990 I/Zygote  ( 1323): Preloading ICU data...
05-20 14:04:34.166 E/hostapd ( 1502): Using interface wlan1 with hwaddr 02:00:00:00:01:00 and ssid "AndroidWifi"
05-20 14:04:34.195 I/hostapd ( 1502): wlan1: interface state HT_SCAN->ENABLED
05-20 14:04:34.198 I/hostapd ( 1502): wlan1: AP-ENABLED 
05-20 14:04:34.843 E/memtrack( 1324): Couldn't load memtrack module (No such file or directory)
05-20 14:04:34.843 E/android.os.Debug( 1324): failed to load memtrack module: -2
05-20 14:04:34.882 I/Radio-JNI( 1324): register_android_hardware_Radio DONE
05-20 14:04:35.287 I/Zygote  ( 1323): Preloading classes...
05-20 14:04:35.427 I/SamplingProfilerIntegration( 1324): Profiling disabled.
05-20 14:04:35.453 D/Zygote  ( 1324): begin preload
05-20 14:04:35.453 I/Zygote  ( 1324): Installing ICU cache reference pinning...
05-20 14:04:35.460 I/Zygote  ( 1324): Preloading ICU data...
05-20 14:04:35.583 W/Zygote  ( 1323): Class not found for preloading: [Landroid.view.Display$ColorTransform;
05-20 14:04:36.891 I/Zygote  ( 1324): Preloading classes...
05-20 14:04:37.289 W/Zygote  ( 1324): Class not found for preloading: [Landroid.view.Display$ColorTransform;
05-20 14:04:40.973 E/Typeface( 1323): Error mapping font file /system/fonts/DroidSansFallback.ttf
05-20 14:04:42.805 E/Typeface( 1324): Error mapping font file /system/fonts/DroidSansFallback.ttf
05-20 14:04:44.741 W/art     ( 1323): Suspending all threads took: 18.544ms
05-20 14:04:45.119 I/art     ( 1323): Background concurrent mark sweep GC freed 21948(2MB) AllocSpace objects, 94(1720KB) LOS objects, 33% free, 3MB/5MB, paused 21.298ms total 642.517ms
05-20 14:04:45.490 I/art     ( 1323): Thread[1,tid=1323,Native,Thread*=0x7e0ed1895a00,peer=0x12c060d0,"main"] recursive attempt to load library "/system/lib64/libmedia_jni.so"
05-20 14:04:45.501 D/MtpDeviceJNI( 1323): register_android_mtp_MtpDevice
05-20 14:04:45.512 I/art     ( 1323): Thread[1,tid=1323,Native,Thread*=0x7e0ed1895a00,peer=0x12c060d0,"main"] recursive attempt to load library "/system/lib64/libmedia_jni.so"
05-20 14:04:45.513 I/art     ( 1323): Thread[1,tid=1323,Native,Thread*=0x7e0ed1895a00,peer=0x12c060d0,"main"] recursive attempt to load library "/system/lib64/libmedia_jni.so"
05-20 14:04:47.545 W/art     ( 1324): Suspending all threads took: 41.249ms
05-20 14:04:47.787 I/art     ( 1324): Background concurrent mark sweep GC freed 21952(2MB) AllocSpace objects, 122(2MB) LOS objects, 33% free, 2MB/4MB, paused 44.754ms total 572.178ms
05-20 14:04:48.772 I/art     ( 1324): Thread[1,tid=1324,Native,Thread*=0xeaf0b400,peer=0x12c060d0,"main"] recursive attempt to load library "/system/lib/libmedia_jni.so"
05-20 14:04:48.777 D/MtpDeviceJNI( 1324): register_android_mtp_MtpDevice
05-20 14:04:48.779 I/art     ( 1324): Thread[1,tid=1324,Native,Thread*=0xeaf0b400,peer=0x12c060d0,"main"] recursive attempt to load library "/system/lib/libmedia_jni.so"
05-20 14:04:48.798 W/Zygote  ( 1323): Class not found for preloading: android.view.Display$ColorTransform
05-20 14:04:48.799 W/Zygote  ( 1323): Class not found for preloading: android.view.Display$ColorTransform$1
05-20 14:04:48.835 I/art     ( 1324): Thread[1,tid=1324,Native,Thread*=0xeaf0b400,peer=0x12c060d0,"main"] recursive attempt to load library "/system/lib/libmedia_jni.so"
05-20 14:04:51.452 W/art     ( 1323): Suspending all threads took: 19.729ms
05-20 14:04:51.630 I/art     ( 1323): Background sticky concurrent mark sweep GC freed 17676(2MB) AllocSpace objects, 36(680KB) LOS objects, 69% free, 1681KB/5MB, paused 35.569ms total 231.473ms
05-20 14:04:52.247 W/Zygote  ( 1324): Class not found for preloading: android.view.Display$ColorTransform
05-20 14:04:52.248 W/Zygote  ( 1324): Class not found for preloading: android.view.Display$ColorTransform$1
05-20 14:04:52.809 I/System  ( 1323): Loaded time zone names for "" in 1210ms (1185ms in ICU)
05-20 14:04:53.880 I/System  ( 1323): Loaded time zone names for "en_US" in 1071ms (870ms in ICU)
05-20 14:04:54.622 W/art     ( 1324): Suspending all threads took: 17.107ms
05-20 14:04:54.833 I/art     ( 1324): Background sticky concurrent mark sweep GC freed 13055(2MB) AllocSpace objects, 10(160KB) LOS objects, 65% free, 1596KB/4MB, paused 20.674ms total 427.975ms
05-20 14:04:55.548 I/Zygote  ( 1323): ...preloaded 4158 classes in 20261ms.
05-20 14:04:55.617 I/art     ( 1323): VMRuntime.preloadDexCaches starting
05-20 14:04:56.828 I/System  ( 1324): Loaded time zone names for "" in 1525ms (1518ms in ICU)
05-20 14:04:57.612 I/art     ( 1323): VMRuntime.preloadDexCaches strings total=283712 before=39625 after=39625
05-20 14:04:57.612 I/art     ( 1323): VMRuntime.preloadDexCaches types total=23581 before=7877 after=7904
05-20 14:04:57.612 I/art     ( 1323): VMRuntime.preloadDexCaches fields total=112007 before=40903 after=41117
05-20 14:04:57.612 I/art     ( 1323): VMRuntime.preloadDexCaches methods total=197534 before=82457 after=83017
05-20 14:04:57.612 I/art     ( 1323): VMRuntime.preloadDexCaches finished
05-20 14:04:57.682 I/Zygote  ( 1323): Preloading resources...
05-20 14:04:58.002 I/System  ( 1324): Loaded time zone names for "en_US" in 1172ms (1030ms in ICU)
05-20 14:04:59.206 I/Zygote  ( 1324): ...preloaded 4158 classes in 22315ms.
05-20 14:04:59.207 I/art     ( 1324): VMRuntime.preloadDexCaches starting
05-20 14:04:59.541 W/Resources( 1323): Preloaded drawable resource #0x108025c (android:drawable/dialog_background_material) that varies with configuration!!
05-20 14:04:59.563 W/Resources( 1323): Preloaded drawable resource #0x1080298 (android:drawable/editbox_dropdown_background_dark) that varies with configuration!!
05-20 14:04:59.797 W/Resources( 1323): Preloaded color resource #0x10600e2 (android:color/material_grey_800) that varies with configuration!!
05-20 14:04:59.797 W/Resources( 1323): Preloaded drawable resource #0x10802c9 (android:drawable/floating_popup_background_dark) that varies with configuration!!
05-20 14:05:00.104 W/Resources( 1323): Preloaded drawable resource #0x108030b (android:drawable/ic_clear_disabled) that varies with configuration!!
05-20 14:05:00.106 W/Resources( 1323): Preloaded drawable resource #0x1080310 (android:drawable/ic_clear_normal) that varies with configuration!!
05-20 14:05:00.164 W/Resources( 1323): Preloaded drawable resource #0x1080359 (android:drawable/ic_go) that varies with configuration!!
05-20 14:05:00.363 W/Resources( 1323): Preloaded drawable resource #0x1080038 (android:drawable/ic_menu_close_clear_cancel) that varies with configuration!!
05-20 14:05:00.394 W/Resources( 1323): Preloaded drawable resource #0x1080045 (android:drawable/ic_menu_more) that varies with configuration!!
05-20 14:05:00.663 W/Resources( 1323): Preloaded drawable resource #0x10804e8 (android:drawable/menu_background_fill_parent_width) that varies with configuration!!
05-20 14:05:01.397 I/art     ( 1324): VMRuntime.preloadDexCaches strings total=283712 before=39625 after=39625
05-20 14:05:01.397 I/art     ( 1324): VMRuntime.preloadDexCaches types total=23581 before=7877 after=7904
05-20 14:05:01.397 I/art     ( 1324): VMRuntime.preloadDexCaches fields total=112007 before=40903 after=41117
05-20 14:05:01.397 I/art     ( 1324): VMRuntime.preloadDexCaches methods total=197534 before=82457 after=83017
05-20 14:05:01.397 I/art     ( 1324): VMRuntime.preloadDexCaches finished
05-20 14:05:01.413 I/Zygote  ( 1324): Preloading resources...
05-20 14:05:01.971 I/art     ( 1323): Background concurrent mark sweep GC freed 3632(194KB) AllocSpace objects, 5(104KB) LOS objects, 44% free, 5MB/9MB, paused 4.709ms total 164.357ms
05-20 14:05:02.987 W/Resources( 1324): Preloaded drawable resource #0x108025c (android:drawable/dialog_background_material) that varies with configuration!!
05-20 14:05:03.130 W/Resources( 1324): Preloaded drawable resource #0x1080298 (android:drawable/editbox_dropdown_background_dark) that varies with configuration!!
05-20 14:05:03.303 W/Resources( 1323): Preloaded drawable resource #0x108077e (android:drawable/text_edit_paste_window) that varies with configuration!!
05-20 14:05:03.385 W/Resources( 1324): Preloaded color resource #0x10600e2 (android:color/material_grey_800) that varies with configuration!!
05-20 14:05:03.386 W/Resources( 1324): Preloaded drawable resource #0x10802c9 (android:drawable/floating_popup_background_dark) that varies with configuration!!
05-20 14:05:03.453 W/Resources( 1323): Preloaded drawable resource #0x1080096 (android:drawable/toast_frame) that varies with configuration!!
05-20 14:05:03.453 I/Zygote  ( 1323): ...preloaded 114 resources in 5771ms.
05-20 14:05:03.886 W/Resources( 1323): Preloaded color resource #0x106010b (android:color/background_cache_hint_selector_material_dark) that varies with configuration!!
05-20 14:05:03.992 W/Resources( 1323): Preloaded color resource #0x1060110 (android:color/btn_default_material_dark) that varies with configuration!!
05-20 14:05:04.098 I/Zygote  ( 1323): ...preloaded 41 resources in 644ms.
05-20 14:05:04.176 D/libEGL  ( 1323): Emulator without GPU support detected. Fallback to legacy software renderer, qemu.gles is set to 0.
05-20 14:05:04.306 D/libEGL  ( 1323): loaded /system/lib64/egl/libGLES_android.so
05-20 14:05:05.048 I/Zygote  ( 1323): Preloading shared libraries...
05-20 14:05:05.304 W/Resources( 1324): Preloaded drawable resource #0x108030b (android:drawable/ic_clear_disabled) that varies with configuration!!
05-20 14:05:05.307 W/Resources( 1324): Preloaded drawable resource #0x1080310 (android:drawable/ic_clear_normal) that varies with configuration!!
05-20 14:05:05.482 E/Hyphenator( 1323): error loading hyphenation /system/usr/hyphen-data/hyph-as.hyb
05-20 14:05:05.482 E/Hyphenator( 1323): java.io.FileNotFoundException: /system/usr/hyphen-data/hyph-as.hyb: open failed: ENOENT (No such file or directory)
05-20 14:05:05.482 E/Hyphenator( 1323): 	at libcore.io.IoBridge.open(IoBridge.java:455)
05-20 14:05:05.482 E/Hyphenator( 1323): 	at java.io.RandomAccessFile.<init>(RandomAccessFile.java:247)
05-20 14:05:05.482 E/Hyphenator( 1323): 	at android.text.Hyphenator.loadHyphenator(Hyphenator.java:118)
05-20 14:05:05.482 E/Hyphenator( 1323): 	at android.text.Hyphenator.init(Hyphenator.java:224)
05-20 14:05:05.482 E/Hyphenator( 1323): 	at com.android.internal.os.ZygoteInit.preloadTextResources(ZygoteInit.java:252)
05-20 14:05:05.482 E/Hyphenator( 1323): 	at com.android.internal.os.ZygoteInit.preload(ZygoteInit.java:206)
05-20 14:05:05.482 E/Hyphenator( 1323): 	at com.android.internal.os.ZygoteInit.main(ZygoteInit.java:743)
05-20 14:05:05.482 E/Hyphenator( 1323): Caused by: android.system.ErrnoException: open failed: ENOENT (No such file or directory)
05-20 14:05:05.482 E/Hyphenator( 1323): 	at libcore.io.Posix.open(Native Method)
05-20 14:05:05.482 E/Hyphenator( 1323): 	at libcore.io.BlockGuardOs.open(BlockGuardOs.java:187)
05-20 14:05:05.482 E/Hyphenator( 1323): 	at libcore.io.IoBridge.open(IoBridge.java:441)
05-20 14:05:05.482 E/Hyphenator( 1323): 	... 6 more
05-20 14:05:05.484 E/Hyphenator( 1323): error loading hyphenation /system/usr/hyphen-data/hyph-bn.hyb
05-20 14:05:05.484 E/Hyphenator( 1323): java.io.FileNotFoundException: /system/usr/hyphen-data/hyph-bn.hyb: open failed: ENOENT (No such file or directory)
05-20 14:05:05.484 E/Hyphenator( 1323): 	at libcore.io.IoBridge.open(IoBridge.java:455)
05-20 14:05:05.484 E/Hyphenator( 1323): 	at java.io.RandomAccessFile.<init>(RandomAccessFile.java:247)
05-20 14:05:05.484 E/Hyphenator( 1323): 	at android.text.Hyphenator.loadHyphenator(Hyphenator.java:118)
05-20 14:05:05.484 E/Hyphenator( 1323): 	at android.text.Hyphenator.init(Hyphenator.java:224)
05-20 14:05:05.484 E/Hyphenator( 1323): 	at com.android.internal.os.ZygoteInit.preloadTextResources(ZygoteInit.java:252)
05-20 14:05:05.484 E/Hyphenator( 1323): 	at com.android.internal.os.ZygoteInit.preload(ZygoteInit.java:206)
05-20 14:05:05.484 E/Hyphenator( 1323): 	at com.android.internal.os.ZygoteInit.main(ZygoteInit.java:743)
05-20 14:05:05.484 E/Hyphenator( 1323): Caused by: android.system.ErrnoException: open failed: ENOENT (No such file or directory)
05-20 14:05:05.484 E/Hyphenator( 1323): 	at libcore.io.Posix.open(Native Method)
05-20 14:05:05.484 E/Hyphenator( 1323): 	at libcore.io.BlockGuardOs.open(BlockGuardOs.java:187)
05-20 14:05:05.484 E/Hyphenator( 1323): 	at libcore.io.IoBridge.open(IoBridge.java:441)
05-20 14:05:05.484 E/Hyphenator( 1323): 	... 6 more
05-20 14:05:05.486 E/Hyphenator( 1323): error loading hyphenation /system/usr/hyphen-data/hyph-cy.hyb
05-20 14:05:05.486 E/Hyphenator( 1323): java.io.FileNotFoundException: /system/usr/hyphen-data/hyph-cy.hyb: open failed: ENOENT (No such file or directory)
05-20 14:05:05.486 E/Hyphenator( 1323): 	at libcore.io.IoBridge.open(IoBridge.java:455)
05-20 14:05:05.486 E/Hyphenator( 1323): 	at java.io.RandomAccessFile.<init>(RandomAccessFile.java:247)
05-20 14:05:05.486 E/Hyphenator( 1323): 	at android.text.Hyphenator.loadHyphenator(Hyphenator.java:118)
05-20 14:05:05.486 E/Hyphenator( 1323): 	at android.text.Hyphenator.init(Hyphenator.java:224)
05-20 14:05:05.486 E/Hyphenator( 1323): 	at com.android.internal.os.ZygoteInit.preloadTextResources(ZygoteInit.java:252)
05-20 14:05:05.486 E/Hyphenator( 1323): 	at com.android.internal.os.ZygoteInit.preload(ZygoteInit.java:206)
05-20 14:05:05.486 E/Hyphenator( 1323): 	at com.android.internal.os.ZygoteInit.main(ZygoteInit.java:743)
05-20 14:05:05.486 E/Hyphenator( 1323): Caused by: android.system.ErrnoException: open failed: ENOENT (No such file or directory)
05-20 14:05:05.486 E/Hyphenator( 1323): 	at libcore.io.Posix.open(Native Method)
05-20 14:05:05.486 E/Hyphenator( 1323): 	at libcore.io.BlockGuardOs.open(BlockGuardOs.java:187)
05-20 14:05:05.486 E/Hyphenator( 1323): 	at libcore.io.IoBridge.open(IoBridge.java:441)
05-20 14:05:05.486 E/Hyphenator( 1323): 	... 6 more
05-20 14:05:05.487 E/Hyphenator( 1323): error loading hyphenation /system/usr/hyphen-data/hyph-da.hyb
05-20 14:05:05.487 E/Hyphenator( 1323): java.io.FileNotFoundException: /system/usr/hyphen-data/hyph-da.hyb: open failed: ENOENT (No such file or directory)
05-20 14:05:05.487 E/Hyphenator( 1323): 	at libcore.io.IoBridge.open(IoBridge.java:455)
05-20 14:05:05.487 E/Hyphenator( 1323): 	at java.io.RandomAccessFile.<init>(RandomAccessFile.java:247)
05-20 14:05:05.487 E/Hyphenator( 1323): 	at android.text.Hyphenator.loadHyphenator(Hyphenator.java:118)
05-20 14:05:05.487 E/Hyphenator( 1323): 	at android.text.Hyphenator.init(Hyphenator.java:224)
05-20 14:05:05.487 E/Hyphenator( 1323): 	at com.android.internal.os.ZygoteInit.preloadTextResources(ZygoteInit.java:252)
05-20 14:05:05.487 E/Hyphenator( 1323): 	at com.android.internal.os.ZygoteInit.preload(ZygoteInit.java:206)
05-20 14:05:05.487 E/Hyphenator( 1323): 	at com.android.internal.os.ZygoteInit.main(ZygoteInit.java:743)
05-20 14:05:05.487 E/Hyphenator( 1323): Caused by: android.system.ErrnoException: open failed: ENOENT (No such file or directory)
05-20 14:05:05.487 E/Hyphenator( 1323): 	at libcore.io.Posix.open(Native Method)
05-20 14:05:05.487 E/Hyphenator( 1323): 	at libcore.io.BlockGuardOs.open(BlockGuardOs.java:187)
05-20 14:05:05.487 E/Hyphenator( 1323): 	at libcore.io.IoBridge.open(IoBridge.java:441)
05-20 14:05:05.487 E/Hyphenator( 1323): 	... 6 more
05-20 14:05:05.488 E/Hyphenator( 1323): error loading hyphenation /system/usr/hyphen-data/hyph-de-1901.hyb
05-20 14:05:05.488 E/Hyphenator( 1323): java.io.FileNotFoundException: /system/usr/hyphen-data/hyph-de-1901.hyb: open failed: ENOENT (No such file or directory)
05-20 14:05:05.488 E/Hyphenator( 1323): 	at libcore.io.IoBridge.open(IoBridge.java:455)
05-20 14:05:05.488 E/Hyphenator( 1323): 	at java.io.RandomAccessFile.<init>(RandomAccessFile.java:247)
05-20 14:05:05.488 E/Hyphenator( 1323): 	at android.text.Hyphenator.loadHyphenator(Hyphenator.java:118)
05-20 14:05:05.488 E/Hyphenator( 1323): 	at android.text.Hyphenator.init(Hyphenator.java:224)
05-20 14:05:05.488 E/Hyphenator( 1323): 	at com.android.internal.os.ZygoteInit.preloadTextResources(ZygoteInit.java:252)
05-20 14:05:05.488 E/Hyphenator( 1323): 	at com.android.internal.os.ZygoteInit.preload(ZygoteInit.java:206)
05-20 14:05:05.488 E/Hyphenator( 1323): 	at com.android.internal.os.ZygoteInit.main(ZygoteInit.java:743)
05-20 14:05:05.488 E/Hyphenator( 1323): Caused by: android.system.ErrnoException: open failed: ENOENT (No such file or directory)
05-20 14:05:05.488 E/Hyphenator( 1323): 	at libcore.io.Posix.open(Native Method)
05-20 14:05:05.488 E/Hyphenator( 1323): 	at libcore.io.BlockGuardOs.open(BlockGuardOs.java:187)
05-20 14:05:05.488 E/Hyphenator( 1323): 	at libcore.io.IoBridge.open(IoBridge.java:441)
05-20 14:05:05.488 E/Hyphenator( 1323): 	... 6 more
05-20 14:05:05.540 E/Hyphenator( 1323): error loading hyphenation /system/usr/hyphen-data/hyph-de-1996.hyb
05-20 14:05:05.540 E/Hyphenator( 1323): java.io.FileNotFoundException: /system/usr/hyphen-data/hyph-de-1996.hyb: open failed: ENOENT (No such file or directory)
05-20 14:05:05.540 E/Hyphenator( 1323): 	at libcore.io.IoBridge.open(IoBridge.java:455)
05-20 14:05:05.540 E/Hyphenator( 1323): 	at java.io.RandomAccessFile.<init>(RandomAccessFile.java:247)
05-20 14:05:05.540 E/Hyphenator( 1323): 	at android.text.Hyphenator.loadHyphenator(Hyphenator.java:118)
05-20 14:05:05.540 E/Hyphenator( 1323): 	at android.text.Hyphenator.init(Hyphenator.java:224)
05-20 14:05:05.540 E/Hyphenator( 1323): 	at com.android.internal.os.ZygoteInit.preloadTextResources(ZygoteInit.java:252)
05-20 14:05:05.540 E/Hyphenator( 1323): 	at com.android.internal.os.ZygoteInit.preload(ZygoteInit.java:206)
05-20 14:05:05.540 E/Hyphenator( 1323): 	at com.android.internal.os.ZygoteInit.main(ZygoteInit.java:743)
05-20 14:05:05.540 E/Hyphenator( 1323): Caused by: android.system.ErrnoException: open failed: ENOENT (No such file or directory)
05-20 14:05:05.540 E/Hyphenator( 1323): 	at libcore.io.Posix.open(Native Method)
05-20 14:05:05.540 E/Hyphenator( 1323): 	at libcore.io.BlockGuardOs.open(BlockGuardOs.java:187)
05-20 14:05:05.540 E/Hyphenator( 1323): 	at libcore.io.IoBridge.open(IoBridge.java:441)
05-20 14:05:05.540 E/Hyphenator( 1323): 	... 6 more
05-20 14:05:05.542 E/Hyphenator( 1323): error loading hyphenation /system/usr/hyphen-data/hyph-de-ch-1901.hyb
05-20 14:05:05.542 E/Hyphenator( 1323): java.io.FileNotFoundException: /system/usr/hyphen-data/hyph-de-ch-1901.hyb: open failed: ENOENT (No such file or directory)
05-20 14:05:05.542 E/Hyphenator( 1323): 	at libcore.io.IoBridge.open(IoBridge.java:455)
05-20 14:05:05.542 E/Hyphenator( 1323): 	at java.io.RandomAccessFile.<init>(RandomAccessFile.java:247)
05-20 14:05:05.542 E/Hyphenator( 1323): 	at android.text.Hyphenator.loadHyphenator(Hyphenator.java:118)
05-20 14:05:05.542 E/Hyphenator( 1323): 	at android.text.Hyphenator.init(Hyphenator.java:224)
05-20 14:05:05.542 E/Hyphenator( 1323): 	at com.android.internal.os.ZygoteInit.preloadTextResources(ZygoteInit.java:252)
05-20 14:05:05.542 E/Hyphenator( 1323): 	at com.android.internal.os.ZygoteInit.preload(ZygoteInit.java:206)
05-20 14:05:05.542 E/Hyphenator( 1323): 	at com.android.internal.os.ZygoteInit.main(ZygoteInit.java:743)
05-20 14:05:05.542 E/Hyphenator( 1323): Caused by: android.system.ErrnoException: open failed: ENOENT (No such file or directory)
05-20 14:05:05.542 E/Hyphenator( 1323): 	at libcore.io.Posix.open(Native Method)
05-20 14:05:05.542 E/Hyphenator( 1323): 	at libcore.io.BlockGuardOs.open(BlockGuardOs.java:187)
05-20 14:05:05.542 E/Hyphenator( 1323): 	at libcore.io.IoBridge.open(IoBridge.java:441)
05-20 14:05:05.542 E/Hyphenator( 1323): 	... 6 more
05-20 14:05:05.544 E/Hyphenator( 1323): error loading hyphenation /system/usr/hyphen-data/hyph-en-gb.hyb
05-20 14:05:05.544 E/Hyphenator( 1323): java.io.FileNotFoundException: /system/usr/hyphen-data/hyph-en-gb.hyb: open failed: ENOENT (No such file or directory)
05-20 14:05:05.544 E/Hyphenator( 1323): 	at libcore.io.IoBridge.open(IoBridge.java:455)
05-20 14:05:05.544 E/Hyphenator( 1323): 	at java.io.RandomAccessFile.<init>(RandomAccessFile.java:247)
05-20 14:05:05.544 E/Hyphenator( 1323): 	at android.text.Hyphenator.loadHyphenator(Hyphenator.java:118)
05-20 14:05:05.544 E/Hyphenator( 1323): 	at android.text.Hyphenator.init(Hyphenator.java:224)
05-20 14:05:05.544 E/Hyphenator( 1323): 	at com.android.internal.os.ZygoteInit.preloadTextResources(ZygoteInit.java:252)
05-20 14:05:05.544 E/Hyphenator( 1323): 	at com.android.internal.os.ZygoteInit.preload(ZygoteInit.java:206)
05-20 14:05:05.544 E/Hyphenator( 1323): 	at com.android.internal.os.ZygoteInit.main(ZygoteInit.java:743)
05-20 14:05:05.544 E/Hyphenator( 1323): Caused by: android.system.ErrnoException: open failed: ENOENT (No such file or directory)
05-20 14:05:05.544 E/Hyphenator( 1323): 	at libcore.io.Posix.open(Native Method)
05-20 14:05:05.544 E/Hyphenator( 1323): 	at libcore.io.BlockGuardOs.open(BlockGuardOs.java:187)
05-20 14:05:05.544 E/Hyphenator( 1323): 	at libcore.io.IoBridge.open(IoBridge.java:441)
05-20 14:05:05.544 E/Hyphenator( 1323): 	... 6 more
05-20 14:05:05.545 E/Hyphenator( 1323): error loading hyphenation /system/usr/hyphen-data/hyph-en-us.hyb
05-20 14:05:05.545 E/Hyphenator( 1323): java.io.FileNotFoundException: /system/usr/hyphen-data/hyph-en-us.hyb: open failed: ENOENT (No such file or directory)
05-20 14:05:05.545 E/Hyphenator( 1323): 	at libcore.io.IoBridge.open(IoBridge.java:455)
05-20 14:05:05.545 E/Hyphenator( 1323): 	at java.io.RandomAccessFile.<init>(RandomAccessFile.java:247)
05-20 14:05:05.545 E/Hyphenator( 1323): 	at android.text.Hyphenator.loadHyphenator(Hyphenator.java:118)
05-20 14:05:05.545 E/Hyphenator( 1323): 	at android.text.Hyphenator.init(Hyphenator.java:224)
05-20 14:05:05.545 E/Hyphenator( 1323): 	at com.android.internal.os.ZygoteInit.preloadTextResources(ZygoteInit.java:252)
05-20 14:05:05.545 E/Hyphenator( 1323): 	at com.android.internal.os.ZygoteInit.preload(ZygoteInit.java:206)
05-20 14:05:05.545 E/Hyphenator( 1323): 	at com.android.internal.os.ZygoteInit.main(ZygoteInit.java:743)
05-20 14:05:05.545 E/Hyphenator( 1323): Caused by: android.system.ErrnoException: open failed: ENOENT (No such file or directory)
05-20 14:05:05.545 E/Hyphenator( 1323): 	at libcore.io.Posix.open(Native Method)
05-20 14:05:05.545 E/Hyphenator( 1323): 	at libcore.io.BlockGuardOs.open(BlockGuardOs.java:187)
05-20 14:05:05.545 E/Hyphenator( 1323): 	at libcore.io.IoBridge.open(IoBridge.java:441)
05-20 14:05:05.545 E/Hyphenator( 1323): 	... 6 more
05-20 14:05:05.546 E/Hyphenator( 1323): error loading hyphenation /system/usr/hyphen-data/hyph-es.hyb
05-20 14:05:05.546 E/Hyphenator( 1323): java.io.FileNotFoundException: /system/usr/hyphen-data/hyph-es.hyb: open failed: ENOENT (No such file or directory)
05-20 14:05:05.546 E/Hyphenator( 1323): 	at libcore.io.IoBridge.open(IoBridge.java:455)
05-20 14:05:05.546 E/Hyphenator( 1323): 	at java.io.RandomAccessFile.<init>(RandomAccessFile.java:247)
05-20 14:05:05.546 E/Hyphenator( 1323): 	at android.text.Hyphenator.loadHyphenator(Hyphenator.java:118)
05-20 14:05:05.546 E/Hyphenator( 1323): 	at android.text.Hyphenator.init(Hyphenator.java:224)
05-20 14:05:05.546 E/Hyphenator( 1323): 	at com.android.internal.os.ZygoteInit.preloadTextResources(ZygoteInit.java:252)
05-20 14:05:05.546 E/Hyphenator( 1323): 	at com.android.internal.os.ZygoteInit.preload(ZygoteInit.java:206)
05-20 14:05:05.546 E/Hyphenator( 1323): 	at com.android.internal.os.ZygoteInit.main(ZygoteInit.java:743)
05-20 14:05:05.546 E/Hyphenator( 1323): Caused by: android.system.ErrnoException: open failed: ENOENT (No such file or directory)
05-20 14:05:05.546 E/Hyphenator( 1323): 	at libcore.io.Posix.open(Native Method)
05-20 14:05:05.546 E/Hyphenator( 1323): 	at libcore.io.BlockGuardOs.open(BlockGuardOs.java:187)
05-20 14:05:05.546 E/Hyphenator( 1323): 	at libcore.io.IoBridge.open(IoBridge.java:441)
05-20 14:05:05.546 E/Hyphenator( 1323): 	... 6 more
05-20 14:05:05.548 E/Hyphenator( 1323): error loading hyphenation /system/usr/hyphen-data/hyph-et.hyb
05-20 14:05:05.548 E/Hyphenator( 1323): java.io.FileNotFoundException: /system/usr/hyphen-data/hyph-et.hyb: open failed: ENOENT (No such file or directory)
05-20 14:05:05.548 E/Hyphenator( 1323): 	at libcore.io.IoBridge.open(IoBridge.java:455)
05-20 14:05:05.548 E/Hyphenator( 1323): 	at java.io.RandomAccessFile.<init>(RandomAccessFile.java:247)
05-20 14:05:05.548 E/Hyphenator( 1323): 	at android.text.Hyphenator.loadHyphenator(Hyphenator.java:118)
05-20 14:05:05.548 E/Hyphenator( 1323): 	at android.text.Hyphenator.init(Hyphenator.java:224)
05-20 14:05:05.548 E/Hyphenator( 1323): 	at com.android.internal.os.ZygoteInit.preloadTextResources(ZygoteInit.java:252)
05-20 14:05:05.548 E/Hyphenator( 1323): 	at com.android.internal.os.ZygoteInit.preload(ZygoteInit.java:206)
05-20 14:05:05.548 E/Hyphenator( 1323): 	at com.android.internal.os.ZygoteInit.main(ZygoteInit.java:743)
05-20 14:05:05.548 E/Hyphenator( 1323): Caused by: android.system.ErrnoException: open failed: ENOENT (No such file or directory)
05-20 14:05:05.548 E/Hyphenator( 1323): 	at libcore.io.Posix.open(Native Method)
05-20 14:05:05.548 E/Hyphenator( 1323): 	at libcore.io.BlockGuardOs.open(BlockGuardOs.java:187)
05-20 14:05:05.548 E/Hyphenator( 1323): 	at libcore.io.IoBridge.open(IoBridge.java:441)
05-20 14:05:05.548 E/Hyphenator( 1323): 	... 6 more
05-20 14:05:05.549 E/Hyphenator( 1323): error loading hyphenation /system/usr/hyphen-data/hyph-eu.hyb
05-20 14:05:05.549 E/Hyphenator( 1323): java.io.FileNotFoundException: /system/usr/hyphen-data/hyph-eu.hyb: open failed: ENOENT (No such file or directory)
05-20 14:05:05.549 E/Hyphenator( 1323): 	at libcore.io.IoBridge.open(IoBridge.java:455)
05-20 14:05:05.549 E/Hyphenator( 1323): 	at java.io.RandomAccessFile.<init>(RandomAccessFile.java:247)
05-20 14:05:05.549 E/Hyphenator( 1323): 	at android.text.Hyphenator.loadHyphenator(Hyphenator.java:118)
05-20 14:05:05.549 E/Hyphenator( 1323): 	at android.text.Hyphenator.init(Hyphenator.java:224)
05-20 14:05:05.549 E/Hyphenator( 1323): 	at com.android.internal.os.ZygoteInit.preloadTextResources(ZygoteInit.java:252)
05-20 14:05:05.549 E/Hyphenator( 1323): 	at com.android.internal.os.ZygoteInit.preload(ZygoteInit.java:206)
05-20 14:05:05.549 E/Hyphenator( 1323): 	at com.android.internal.os.ZygoteInit.main(ZygoteInit.java:743)
05-20 14:05:05.549 E/Hyphenator( 1323): Caused by: android.system.ErrnoException: open failed: ENOENT (No such file or directory)
05-20 14:05:05.549 E/Hyphenator( 1323): 	at libcore.io.Posix.open(Native Method)
05-20 14:05:05.549 E/Hyphenator( 1323): 	at libcore.io.BlockGuardOs.open(BlockGuardOs.java:187)
05-20 14:05:05.549 E/Hyphenator( 1323): 	at libcore.io.IoBridge.open(IoBridge.java:441)
05-20 14:05:05.549 E/Hyphenator( 1323): 	... 6 more
05-20 14:05:05.623 E/Hyphenator( 1323): error loading hyphenation /system/usr/hyphen-data/hyph-fr.hyb
05-20 14:05:05.623 E/Hyphenator( 1323): java.io.FileNotFoundException: /system/usr/hyphen-data/hyph-fr.hyb: open failed: ENOENT (No such file or directory)
05-20 14:05:05.623 E/Hyphenator( 1323): 	at libcore.io.IoBridge.open(IoBridge.java:455)
05-20 14:05:05.623 E/Hyphenator( 1323): 	at java.io.RandomAccessFile.<init>(RandomAccessFile.java:247)
05-20 14:05:05.623 E/Hyphenator( 1323): 	at android.text.Hyphenator.loadHyphenator(Hyphenator.java:118)
05-20 14:05:05.623 E/Hyphenator( 1323): 	at android.text.Hyphenator.init(Hyphenator.java:224)
05-20 14:05:05.623 E/Hyphenator( 1323): 	at com.android.internal.os.ZygoteInit.preloadTextResources(ZygoteInit.java:252)
05-20 14:05:05.623 E/Hyphenator( 1323): 	at com.android.internal.os.ZygoteInit.preload(ZygoteInit.java:206)
05-20 14:05:05.623 E/Hyphenator( 1323): 	at com.android.internal.os.ZygoteInit.main(ZygoteInit.java:743)
05-20 14:05:05.623 E/Hyphenator( 1323): Caused by: android.system.ErrnoException: open failed: ENOENT (No such file or directory)
05-20 14:05:05.623 E/Hyphenator( 1323): 	at libcore.io.Posix.open(Native Method)
05-20 14:05:05.623 E/Hyphenator( 1323): 	at libcore.io.BlockGuardOs.open(BlockGuardOs.java:187)
05-20 14:05:05.623 E/Hyphenator( 1323): 	at libcore.io.IoBridge.open(IoBridge.java:441)
05-20 14:05:05.623 E/Hyphenator( 1323): 	... 6 more
05-20 14:05:05.624 E/Hyphenator( 1323): error loading hyphenation /system/usr/hyphen-data/hyph-ga.hyb
05-20 14:05:05.624 E/Hyphenator( 1323): java.io.FileNotFoundException: /system/usr/hyphen-data/hyph-ga.hyb: open failed: ENOENT (No such file or directory)
05-20 14:05:05.624 E/Hyphenator( 1323): 	at libcore.io.IoBridge.open(IoBridge.java:455)
05-20 14:05:05.624 E/Hyphenator( 1323): 	at java.io.RandomAccessFile.<init>(RandomAccessFile.java:247)
05-20 14:05:05.624 E/Hyphenator( 1323): 	at android.text.Hyphenator.loadHyphenator(Hyphenator.java:118)
05-20 14:05:05.624 E/Hyphenator( 1323): 	at android.text.Hyphenator.init(Hyphenator.java:224)
05-20 14:05:05.624 E/Hyphenator( 1323): 	at com.android.internal.os.ZygoteInit.preloadTextResources(ZygoteInit.java:252)
05-20 14:05:05.624 E/Hyphenator( 1323): 	at com.android.internal.os.ZygoteInit.preload(ZygoteInit.java:206)
05-20 14:05:05.624 E/Hyphenator( 1323): 	at com.android.internal.os.ZygoteInit.main(ZygoteInit.java:743)
05-20 14:05:05.624 E/Hyphenator( 1323): Caused by: android.system.ErrnoException: open failed: ENOENT (No such file or directory)
05-20 14:05:05.624 E/Hyphenator( 1323): 	at libcore.io.Posix.open(Native Method)
05-20 14:05:05.624 E/Hyphenator( 1323): 	at libcore.io.BlockGuardOs.open(BlockGuardOs.java:187)
05-20 14:05:05.624 E/Hyphenator( 1323): 	at libcore.io.IoBridge.open(IoBridge.java:441)
05-20 14:05:05.624 E/Hyphenator( 1323): 	... 6 more
05-20 14:05:05.626 E/Hyphenator( 1323): error loading hyphenation /system/usr/hyphen-data/hyph-gu.hyb
05-20 14:05:05.626 E/Hyphenator( 1323): java.io.FileNotFoundException: /system/usr/hyphen-data/hyph-gu.hyb: open failed: ENOENT (No such file or directory)
05-20 14:05:05.626 E/Hyphenator( 1323): 	at libcore.io.IoBridge.open(IoBridge.java:455)
05-20 14:05:05.626 E/Hyphenator( 1323): 	at java.io.RandomAccessFile.<init>(RandomAccessFile.java:247)
05-20 14:05:05.626 E/Hyphenator( 1323): 	at android.text.Hyphenator.loadHyphenator(Hyphenator.java:118)
05-20 14:05:05.626 E/Hyphenator( 1323): 	at android.text.Hyphenator.init(Hyphenator.java:224)
05-20 14:05:05.626 E/Hyphenator( 1323): 	at com.android.internal.os.ZygoteInit.preloadTextResources(ZygoteInit.java:252)
05-20 14:05:05.626 E/Hyphenator( 1323): 	at com.android.internal.os.ZygoteInit.preload(ZygoteInit.java:206)
05-20 14:05:05.626 E/Hyphenator( 1323): 	at com.android.internal.os.ZygoteInit.main(ZygoteInit.java:743)
05-20 14:05:05.626 E/Hyphenator( 1323): Caused by: android.system.ErrnoException: open failed: ENOENT (No such file or directory)
05-20 14:05:05.626 E/Hyphenator( 1323): 	at libcore.io.Posix.open(Native Method)
05-20 14:05:05.626 E/Hyphenator( 1323): 	at libcore.io.BlockGuardOs.open(BlockGuardOs.java:187)
05-20 14:05:05.626 E/Hyphenator( 1323): 	at libcore.io.IoBridge.open(IoBridge.java:441)
05-20 14:05:05.626 E/Hyphenator( 1323): 	... 6 more
05-20 14:05:05.627 E/Hyphenator( 1323): error loading hyphenation /system/usr/hyphen-data/hyph-hi.hyb
05-20 14:05:05.627 E/Hyphenator( 1323): java.io.FileNotFoundException: /system/usr/hyphen-data/hyph-hi.hyb: open failed: ENOENT (No such file or directory)
05-20 14:05:05.627 E/Hyphenator( 1323): 	at libcore.io.IoBridge.open(IoBridge.java:455)
05-20 14:05:05.627 E/Hyphenator( 1323): 	at java.io.RandomAccessFile.<init>(RandomAccessFile.java:247)
05-20 14:05:05.627 E/Hyphenator( 1323): 	at android.text.Hyphenator.loadHyphenator(Hyphenator.java:118)
05-20 14:05:05.627 E/Hyphenator( 1323): 	at android.text.Hyphenator.init(Hyphenator.java:224)
05-20 14:05:05.627 E/Hyphenator( 1323): 	at com.android.internal.os.ZygoteInit.preloadTextResources(ZygoteInit.java:252)
05-20 14:05:05.627 E/Hyphenator( 1323): 	at com.android.internal.os.ZygoteInit.preload(ZygoteInit.java:206)
05-20 14:05:05.627 E/Hyphenator( 1323): 	at com.android.internal.os.ZygoteInit.main(ZygoteInit.java:743)
05-20 14:05:05.627 E/Hyphenator( 1323): Caused by: android.system.ErrnoException: open failed: ENOENT (No such file or directory)
05-20 14:05:05.627 E/Hyphenator( 1323): 	at libcore.io.Posix.open(Native Method)
05-20 14:05:05.627 E/Hyphenator( 1323): 	at libcore.io.BlockGuardOs.open(BlockGuardOs.java:187)
05-20 14:05:05.627 E/Hyphenator( 1323): 	at libcore.io.IoBridge.open(IoBridge.java:441)
05-20 14:05:05.627 E/Hyphenator( 1323): 	... 6 more
05-20 14:05:05.662 E/Hyphenator( 1323): error loading hyphenation /system/usr/hyphen-data/hyph-hr.hyb
05-20 14:05:05.662 E/Hyphenator( 1323): java.io.FileNotFoundException: /system/usr/hyphen-data/hyph-hr.hyb: open failed: ENOENT (No such file or directory)
05-20 14:05:05.662 E/Hyphenator( 1323): 	at libcore.io.IoBridge.open(IoBridge.java:455)
05-20 14:05:05.662 E/Hyphenator( 1323): 	at java.io.RandomAccessFile.<init>(RandomAccessFile.java:247)
