05-20 14:07:08.639 V/EmulatedCamera_CallbackNotifier( 1328): setCallbacks: 0xe8421e80, 0xe8421ed0, 0xe8421ff0, 0xe8422110 (0xe7c43460)
05-20 14:07:08.664 V/EmulatedCamera_CallbackNotifier( 1328): enableMessage: msg_type = 0xc0d
05-20 14:07:08.664 V/EmulatedCamera_CallbackNotifier( 1328):     CAMERA_MSG_ERROR
05-20 14:07:08.664 V/EmulatedCamera_CallbackNotifier( 1328):     CAMERA_MSG_FOCUS
05-20 14:07:08.664 V/EmulatedCamera_CallbackNotifier( 1328):     CAMERA_MSG_ZOOM
05-20 14:07:08.664 V/EmulatedCamera_CallbackNotifier( 1328):     CAMERA_MSG_PREVIEW_METADATA
05-20 14:07:08.664 V/EmulatedCamera_CallbackNotifier( 1328): **** Currently enabled messages:
05-20 14:07:08.664 V/EmulatedCamera_CallbackNotifier( 1328):     CAMERA_MSG_ERROR
05-20 14:07:08.664 V/EmulatedCamera_CallbackNotifier( 1328):     CAMERA_MSG_FOCUS
05-20 14:07:08.664 V/EmulatedCamera_CallbackNotifier( 1328):     CAMERA_MSG_ZOOM
05-20 14:07:08.664 V/EmulatedCamera_CallbackNotifier( 1328):     CAMERA_MSG_PREVIEW_METADATA
05-20 14:07:08.668 V/EmulatedCamera_CallbackNotifier( 1328): disableMessage: msg_type = 0xffff
05-20 14:07:08.668 V/EmulatedCamera_CallbackNotifier( 1328):     CAMERA_MSG_ERROR
05-20 14:07:08.668 V/EmulatedCamera_CallbackNotifier( 1328):     CAMERA_MSG_SHUTTER
05-20 14:07:08.668 V/EmulatedCamera_CallbackNotifier( 1328):     CAMERA_MSG_FOCUS
05-20 14:07:08.668 V/EmulatedCamera_CallbackNotifier( 1328):     CAMERA_MSG_ZOOM
05-20 14:07:08.668 V/EmulatedCamera_CallbackNotifier( 1328):     CAMERA_MSG_PREVIEW_FRAME
05-20 14:07:08.668 V/EmulatedCamera_CallbackNotifier( 1328):     CAMERA_MSG_VIDEO_FRAME
05-20 14:07:08.668 V/EmulatedCamera_CallbackNotifier( 1328):     CAMERA_MSG_POSTVIEW_FRAME
05-20 14:07:08.668 V/EmulatedCamera_CallbackNotifier( 1328):     CAMERA_MSG_RAW_IMAGE
05-20 14:07:08.669 V/EmulatedCamera_CallbackNotifier( 1328):     CAMERA_MSG_COMPRESSED_IMAGE
05-20 14:07:08.669 V/EmulatedCamera_CallbackNotifier( 1328):     CAMERA_MSG_RAW_IMAGE_NOTIFY
05-20 14:07:08.669 V/EmulatedCamera_CallbackNotifier( 1328):     CAMERA_MSG_PREVIEW_METADATA
05-20 14:07:08.669 V/EmulatedCamera_CallbackNotifier( 1328): **** Currently enabled messages:
05-20 14:07:08.669 V/EmulatedCamera_Preview( 1328): setPreviewWindow: current: 0x0 -> new: 0x0
05-20 14:07:08.669 V/EmulatedCamera_Camera( 1328): doStopPreview
05-20 14:07:08.791 V/EmulatedCamera_Camera( 1328): cancelPicture
05-20 14:07:08.791 V/EmulatedCamera_Camera( 1328): releaseCamera
05-20 14:07:08.791 V/EmulatedCamera_Camera( 1328): doStopPreview
05-20 14:07:08.791 V/EmulatedCamera_FakeDevice( 1328): disconnectDevice
05-20 14:07:08.791 W/EmulatedCamera_Device( 1328): Initialize: Emulated camera device is already initialized: mState = 1
05-20 14:07:08.792 D/EmulatedCamera_FakeCamera( 1328): Initialize: Fake camera is facing back
05-20 14:07:08.793 V/EmulatedCamera_Device( 1328): initializeWhiteBalanceModes with auto, 1.000000, 1.000000
05-20 14:07:08.794 V/EmulatedCamera_Device( 1328): initializeWhiteBalanceModes with incandescent, 1.380000, 0.600000
05-20 14:07:08.794 V/EmulatedCamera_Device( 1328): initializeWhiteBalanceModes with daylight, 1.090000, 0.920000
05-20 14:07:08.794 V/EmulatedCamera_Device( 1328): initializeWhiteBalanceModes with twilight, 0.920000, 1.220000
05-20 14:07:08.794 V/EmulatedCamera_Device( 1328): setWhiteBalanceMode with white balance auto
05-20 14:07:08.795 I/CameraFlashlight( 1328): Destroying camera 0
05-20 14:07:08.795 V/EmulatedCamera_Camera( 1328): closeCamera
05-20 14:07:08.795 V/EmulatedCamera_Camera( 1328): doStopPreview
05-20 14:07:08.795 W/EmulatedCamera_Device( 1328): Initialize: Emulated camera device is already initialized: mState = 1
05-20 14:07:08.795 D/EmulatedCamera_FakeCamera( 1328): Initialize: Fake camera is facing back
05-20 14:07:08.795 V/EmulatedCamera_Device( 1328): initializeWhiteBalanceModes with auto, 1.000000, 1.000000
05-20 14:07:08.795 V/EmulatedCamera_Device( 1328): initializeWhiteBalanceModes with incandescent, 1.380000, 0.600000
05-20 14:07:08.795 V/EmulatedCamera_Device( 1328): initializeWhiteBalanceModes with daylight, 1.090000, 0.920000
05-20 14:07:08.795 V/EmulatedCamera_Device( 1328): initializeWhiteBalanceModes with twilight, 0.920000, 1.220000
05-20 14:07:08.795 V/EmulatedCamera_Device( 1328): setWhiteBalanceMode with white balance auto
05-20 14:07:08.823 I/CameraService( 1328): disconnect: Disconnected client for camera 0 for PID 1328
05-20 14:07:08.824 D/NuPlayerDriver( 1339): reset(0xeb50c120) at state 4
05-20 14:07:08.824 D/NuPlayerDriver( 1339): notifyListener_l(0xeb50c120), (8, 0, 0), loop setting(0, 0)
05-20 14:07:08.833 D/NuPlayerDriver( 1339): notifyResetComplete(0xeb50c120)
05-20 14:07:08.943 D/NuPlayerDriver( 1339): reset(0xecd28de0) at state 4
05-20 14:07:08.944 D/NuPlayerDriver( 1339): notifyListener_l(0xecd28de0), (8, 0, 0), loop setting(0, 0)
05-20 14:07:08.952 D/NuPlayerDriver( 1339): notifyResetComplete(0xecd28de0)
05-20 14:07:09.004 D/NuPlayerDriver( 1339): reset(0xecd28d20) at state 4
05-20 14:07:09.004 D/NuPlayerDriver( 1339): notifyListener_l(0xecd28d20), (8, 0, 0), loop setting(0, 0)
05-20 14:07:09.024 D/NuPlayerDriver( 1339): notifyResetComplete(0xecd28d20)
05-20 14:07:09.055 V/EmulatedCamera_Camera( 1328): getCameraInfo
05-20 14:07:09.055 V/EmulatedCamera_BaseCamera( 1328): getCameraInfo
05-20 14:07:09.058 V/EmulatedCamera_Camera( 1328): getCameraInfo
05-20 14:07:09.058 V/EmulatedCamera_BaseCamera( 1328): getCameraInfo
05-20 14:07:09.907 I/StatusBar( 1976): isKeyguardShowing() called before startKeyguard(), returning true
05-20 14:07:09.910 W/StatusBar( 1976): isKeyguardSecure() called before startKeyguard(), returning false
05-20 14:07:09.910 W/StatusBar( 1976): java.lang.Throwable
05-20 14:07:09.910 W/StatusBar( 1976): 	at com.android.systemui.statusbar.BaseStatusBar.isKeyguardSecure(BaseStatusBar.java:2647)
05-20 14:07:09.910 W/StatusBar( 1976): 	at com.android.systemui.statusbar.BaseStatusBar.isCameraAllowedByAdmin(BaseStatusBar.java:2670)
05-20 14:07:09.910 W/StatusBar( 1976): 	at com.android.systemui.statusbar.phone.KeyguardBottomAreaView.updateCameraVisibility(KeyguardBottomAreaView.java:309)
05-20 14:07:09.910 W/StatusBar( 1976): 	at com.android.systemui.statusbar.phone.KeyguardBottomAreaView.setPhoneStatusBar(KeyguardBottomAreaView.java:272)
05-20 14:07:09.910 W/StatusBar( 1976): 	at com.android.systemui.statusbar.phone.PhoneStatusBar.makeStatusBarView(PhoneStatusBar.java:904)
05-20 14:07:09.910 W/StatusBar( 1976): 	at com.android.systemui.statusbar.phone.PhoneStatusBar.addStatusBarWindow(PhoneStatusBar.java:3432)
05-20 14:07:09.910 W/StatusBar( 1976): 	at com.android.systemui.statusbar.phone.PhoneStatusBar.createAndAddWindows(PhoneStatusBar.java:3428)
05-20 14:07:09.910 W/StatusBar( 1976): 	at com.android.systemui.statusbar.BaseStatusBar.start(BaseStatusBar.java:765)
05-20 14:07:09.910 W/StatusBar( 1976): 	at com.android.systemui.statusbar.phone.PhoneStatusBar.start(PhoneStatusBar.java:686)
05-20 14:07:09.910 W/StatusBar( 1976): 	at com.android.systemui.statusbar.SystemBars.createStatusBarFromConfig(SystemBars.java:106)
05-20 14:07:09.910 W/StatusBar( 1976): 	at com.android.systemui.statusbar.SystemBars.onNoService(SystemBars.java:58)
05-20 14:07:09.910 W/StatusBar( 1976): 	at com.android.systemui.statusbar.ServiceMonitor.startService(ServiceMonitor.java:230)
05-20 14:07:09.910 W/StatusBar( 1976): 	at com.android.systemui.statusbar.ServiceMonitor.-wrap5(ServiceMonitor.java)
05-20 14:07:09.910 W/StatusBar( 1976): 	at com.android.systemui.statusbar.ServiceMonitor$1.handleMessage(ServiceMonitor.java:73)
05-20 14:07:09.910 W/StatusBar( 1976): 	at android.os.Handler.dispatchMessage(Handler.java:102)
05-20 14:07:09.910 W/StatusBar( 1976): 	at android.os.Looper.loop(Looper.java:154)
05-20 14:07:09.910 W/StatusBar( 1976): 	at android.app.ActivityThread.main(ActivityThread.java:6119)
05-20 14:07:09.910 W/StatusBar( 1976): 	at java.lang.reflect.Method.invoke(Native Method)
05-20 14:07:09.910 W/StatusBar( 1976): 	at com.android.internal.os.ZygoteInit$MethodAndArgsCaller.run(ZygoteInit.java:886)
05-20 14:07:09.910 W/StatusBar( 1976): 	at com.android.internal.os.ZygoteInit.main(ZygoteInit.java:776)
05-20 14:07:09.925 I/StatusBar( 1976): isKeyguardShowing() called before startKeyguard(), returning true
05-20 14:07:09.926 W/StatusBar( 1976): isKeyguardSecure() called before startKeyguard(), returning false
05-20 14:07:09.926 W/StatusBar( 1976): java.lang.Throwable
05-20 14:07:09.926 W/StatusBar( 1976): 	at com.android.systemui.statusbar.BaseStatusBar.isKeyguardSecure(BaseStatusBar.java:2647)
05-20 14:07:09.926 W/StatusBar( 1976): 	at com.android.systemui.statusbar.BaseStatusBar.isCameraAllowedByAdmin(BaseStatusBar.java:2670)
05-20 14:07:09.926 W/StatusBar( 1976): 	at com.android.systemui.statusbar.phone.KeyguardBottomAreaView.updateCameraVisibility(KeyguardBottomAreaView.java:309)
05-20 14:07:09.926 W/StatusBar( 1976): 	at com.android.systemui.statusbar.phone.KeyguardBottomAreaView.setUserSetupComplete(KeyguardBottomAreaView.java:281)
05-20 14:07:09.926 W/StatusBar( 1976): 	at com.android.systemui.statusbar.phone.PhoneStatusBar.makeStatusBarView(PhoneStatusBar.java:905)
05-20 14:07:09.926 W/StatusBar( 1976): 	at com.android.systemui.statusbar.phone.PhoneStatusBar.addStatusBarWindow(PhoneStatusBar.java:3432)
05-20 14:07:09.926 W/StatusBar( 1976): 	at com.android.systemui.statusbar.phone.PhoneStatusBar.createAndAddWindows(PhoneStatusBar.java:3428)
05-20 14:07:09.926 W/StatusBar( 1976): 	at com.android.systemui.statusbar.BaseStatusBar.start(BaseStatusBar.java:765)
05-20 14:07:09.926 W/StatusBar( 1976): 	at com.android.systemui.statusbar.phone.PhoneStatusBar.start(PhoneStatusBar.java:686)
05-20 14:07:09.926 W/StatusBar( 1976): 	at com.android.systemui.statusbar.SystemBars.createStatusBarFromConfig(SystemBars.java:106)
05-20 14:07:09.926 W/StatusBar( 1976): 	at com.android.systemui.statusbar.SystemBars.onNoService(SystemBars.java:58)
05-20 14:07:09.926 W/StatusBar( 1976): 	at com.android.systemui.statusbar.ServiceMonitor.startService(ServiceMonitor.java:230)
05-20 14:07:09.926 W/StatusBar( 1976): 	at com.android.systemui.statusbar.ServiceMonitor.-wrap5(ServiceMonitor.java)
05-20 14:07:09.926 W/StatusBar( 1976): 	at com.android.systemui.statusbar.ServiceMonitor$1.handleMessage(ServiceMonitor.java:73)
05-20 14:07:09.926 W/StatusBar( 1976): 	at android.os.Handler.dispatchMessage(Handler.java:102)
05-20 14:07:09.926 W/StatusBar( 1976): 	at android.os.Looper.loop(Looper.java:154)
05-20 14:07:09.926 W/StatusBar( 1976): 	at android.app.ActivityThread.main(ActivityThread.java:6119)
05-20 14:07:09.926 W/StatusBar( 1976): 	at java.lang.reflect.Method.invoke(Native Method)
05-20 14:07:09.926 W/StatusBar( 1976): 	at com.android.internal.os.ZygoteInit$MethodAndArgsCaller.run(ZygoteInit.java:886)
05-20 14:07:09.926 W/StatusBar( 1976): 	at com.android.internal.os.ZygoteInit.main(ZygoteInit.java:776)
05-20 14:07:10.137 W/BroadcastQueue( 1682): Timeout of broadcast BroadcastRecord{e5cd0a8 u-1 android.intent.action.TIME_TICK} - receiver=android.os.BinderProxy@c24e330, started 10001ms ago
05-20 14:07:10.137 W/BroadcastQueue( 1682): Receiver during timeout: BroadcastFilter{408252e u0 ReceiverList{d8ba9 1976 com.android.systemui/10021/u0 remote:c24e330}}
05-20 14:07:10.582 I/Process ( 1682): Sending signal. PID: 1976 SIG: 3
05-20 14:07:10.583 I/art     ( 1976): Thread[3,tid=1989,WaitingInMainSignalCatcherLoop,Thread*=0x7e0ed1896400,peer=0x12c005e0,"Signal Catcher"]: reacting to signal 3
05-20 14:07:10.583 I/art     ( 1976): 
05-20 14:07:10.610 W/art     ( 1976): Suspending all threads took: 24.766ms
05-20 14:07:10.957 W/System  ( 2328): ClassLoader referenced unknown path: /system/priv-app/CellBroadcastReceiver/lib/x86_64
05-20 14:07:11.816 E/ActivityManager( 1682): ANR in com.android.systemui
05-20 14:07:11.816 E/ActivityManager( 1682): PID: 1976
05-20 14:07:11.816 E/ActivityManager( 1682): Reason: Broadcast of Intent { act=android.intent.action.TIME_TICK flg=0x50000014 (has extras) }
05-20 14:07:11.816 E/ActivityManager( 1682): Load: 0.0 / 0.0 / 0.0
05-20 14:07:11.816 E/ActivityManager( 1682): CPU usage from 23770ms to 0ms ago (2021-05-20 14:06:46.092 to 2021-05-20 14:07:10.172):
05-20 14:07:11.816 E/ActivityManager( 1682):   97% 1320/surfaceflinger: 23% user + 74% kernel / faults: 5 minor
05-20 14:07:11.816 E/ActivityManager( 1682):   26% 1682/system_server: 4.3% user + 21% kernel / faults: 5003 minor 65 major
05-20 14:07:11.816 E/ActivityManager( 1682):   24% 1383/bootanimation: 2.9% user + 21% kernel
05-20 14:07:11.816 E/ActivityManager( 1682):   13% 2190/com.android.settings: 2.3% user + 11% kernel / faults: 1 minor
05-20 14:07:11.816 E/ActivityManager( 1682):   10% 1976/com.android.systemui: 2.4% user + 7.9% kernel / faults: 3414 minor 21 major
05-20 14:07:11.816 E/ActivityManager( 1682):   2.5% 2175/com.android.phone: 0.6% user + 1.8% kernel / faults: 500 minor 16 major
05-20 14:07:11.816 E/ActivityManager( 1682):   1.4% 1322/adbd: 0% user + 1.4% kernel / faults: 957 minor
05-20 14:07:11.816 E/ActivityManager( 1682):   0.9% 8/rcu_preempt: 0% user + 0.9% kernel
05-20 14:07:11.816 E/ActivityManager( 1682):   0.8% 1319/servicemanager: 0% user + 0.8% kernel
05-20 14:07:11.816 E/ActivityManager( 1682):   0.8% 1339/mediaserver: 0% user + 0.8% kernel / faults: 134 minor 1 major
05-20 14:07:11.816 E/ActivityManager( 1682):   0.6% 1338/media.extractor: 0% user + 0.6% kernel / faults: 18 minor
05-20 14:07:11.816 E/ActivityManager( 1682):   0.5% 1325/audioserver: 0% user + 0.5% kernel / faults: 3 minor
05-20 14:07:11.816 E/ActivityManager( 1682):   0.5% 1328/cameraserver: 0% user + 0.5% kernel / faults: 80 minor
05-20 14:07:11.816 E/ActivityManager( 1682):   0.5% 1969/com.android.inputmethod.latin: 0.2% user + 0.3% kernel / faults: 176 minor
05-20 14:07:11.816 E/ActivityManager( 1682):   0.4% 1323/zygote64: 0.1% user + 0.3% kernel / faults: 151 minor
05-20 14:07:11.816 E/ActivityManager( 1682):   0.4% 1266/logd: 0% user + 0.3% kernel / faults: 20 minor
05-20 14:07:11.816 E/ActivityManager( 1682):   0.2% 6/kworker/u4:0: 0% user + 0.2% kernel
05-20 14:07:11.816 E/ActivityManager( 1682):   0.2% 1354/logcat: 0% user + 0.2% kernel / faults: 2 minor
05-20 14:07:11.816 E/ActivityManager( 1682):   0.1% 1254/kworker/0:1H: 0% user + 0.1% kernel
05-20 14:07:11.816 E/ActivityManager( 1682):   0.1% 1264/jbd2/vdc-8: 0% user + 0.1% kernel
05-20 14:07:11.816 E/ActivityManager( 1682):   0.1% 3/ksoftirqd/0: 0% user + 0.1% kernel
05-20 14:07:11.816 E/ActivityManager( 1682):   0% 1315/healthd: 0% user + 0% kernel
05-20 14:07:11.816 E/ActivityManager( 1682):   0% 12/ksoftirqd/1: 0% user + 0% kernel
05-20 14:07:11.816 E/ActivityManager( 1682):   0% 1334/keystore: 0% user + 0% kernel
05-20 14:07:11.816 E/ActivityManager( 1682):   0% 1//init: 0% user + 0% kernel
05-20 14:07:11.816 E/ActivityManager( 1682):   0% 13/kworker/1:0: 0% user + 0% kernel
05-20 14:07:11.816 E/ActivityManager( 1682):   0% 673/kworker/0:1: 0% user + 0% kernel
05-20 14:07:11.816 E/ActivityManager( 1682):   0% 1318/lmkd: 0% user + 0% kernel
05-20 14:07:11.816 E/ActivityManager( 1682):   0% 1341/rild: 0% user + 0% kernel / faults: 1 minor
05-20 14:07:11.816 E/ActivityManager( 1682):   0% 1502/hostapd: 0% user + 0% kernel
05-20 14:07:11.816 E/ActivityManager( 1682):  +0% 2328/com.android.cellbroadcastreceiver: 0% user + 0% kernel
05-20 14:07:11.816 E/ActivityManager( 1682):  +0% 2380/getprop: 0% user + 0% kernel
05-20 14:07:11.816 E/ActivityManager( 1682): 100% TOTAL: 22% user + 76% kernel + 0.7% softirq
05-20 14:07:11.816 E/ActivityManager( 1682): CPU usage from 193862ms to 193862ms ago (1970-01-01 00:00:00.000 to 1970-01-01 00:00:00.000) with 0% awake:
05-20 14:07:11.816 E/ActivityManager( 1682): 0% TOTAL: 0% user + 0% kernel
05-20 14:07:11.973 I/ActivityManager( 1682): Killing 1976:com.android.systemui/u0a21 (adj -800): bg anr
05-20 14:07:11.979 W/ActivityManager( 1682): Timeout executing service: ServiceRecord{1a7a496 u0 com.android.systemui/.keyguard.KeyguardService}
05-20 14:07:12.139 I/ActivityManager( 1682): Skipping duplicate ANR: ProcessRecord{22f25f0 1976:com.android.systemui/u0a21} executing service com.android.systemui/.keyguard.KeyguardService
05-20 14:07:13.983 W/art     ( 2394): Unexpected CPU variant for X86 using defaults: x86_64
05-20 14:07:14.940 W/ActivityManager( 1682): Slow operation: 242ms so far, now at startProcess: returned from zygote!
05-20 14:07:14.940 W/ActivityManager( 1682): Slow operation: 1341ms so far, now at startProcess: done updating battery stats
05-20 14:07:14.941 W/ActivityManager( 1682): Slow operation: 1342ms so far, now at startProcess: building log message
05-20 14:07:14.941 I/ActivityManager( 1682): Start proc 2394:com.android.deskclock/u0a31 for broadcast com.android.deskclock/.AlarmInitReceiver
05-20 14:07:14.941 W/ActivityManager( 1682): Slow operation: 1342ms so far, now at startProcess: starting to update pids map
05-20 14:07:14.941 W/ActivityManager( 1682): Slow operation: 1342ms so far, now at startProcess: done updating pids map
05-20 14:07:14.941 W/ActivityManager( 1682): Slow operation: 1343ms so far, now at startProcess: done starting proc!
05-20 14:07:14.942 W/art     ( 1682): Long monitor contention with owner Binder:1682_2 (1717) at void com.android.server.am.BroadcastQueue.processNextBroadcast(boolean)(BroadcastQueue.java:760) waiters=0 in void com.android.server.am.ActivityManagerService.dispatchUidsChanged() for 1.343s
05-20 14:07:14.963 W/art     ( 1682): Long monitor contention with owner Binder:1682_2 (1717) at void com.android.server.am.BroadcastQueue.processNextBroadcast(boolean)(BroadcastQueue.java:760) waiters=1 in void com.android.server.am.ActivityManagerService.attachApplication(android.app.IApplicationThread) for 831ms
05-20 14:07:15.595 W/System  ( 2394): ClassLoader referenced unknown path: /system/app/DeskClock/lib/x86_64
05-20 14:07:18.080 I/UsageStatsService( 1682): User[0] Rollover scheduled @ 2021-05-21 14:05:52(1621605952454)
05-20 14:07:18.082 I/UsageStatsService( 1682): Time changed in UsageStats by 5 seconds
05-20 14:07:18.082 I/UsageStatsService( 1682): User[0] Flushing usage stats to disk
05-20 14:07:18.224 I/WindowManager( 1682): WIN DEATH: Window{37872bd u0 DockedStackDivider}
05-20 14:07:18.227 W/AudioService( 1682): Current remote volume controller died, unregistering
05-20 14:07:18.233 D/ConnectivityService( 1682): ConnectivityService NetworkRequestInfo binderDied(NetworkRequest [ LISTEN id=5, [] ], android.os.BinderProxy@2f8b11c)
05-20 14:07:18.281 I/ActivityManager( 1682): Process com.android.systemui (pid 1976) has died
05-20 14:07:18.282 D/ActivityManager( 1682): cleanUpApplicationRecord -- 1976
05-20 14:07:18.291 W/ActivityManager( 1682): Scheduling restart of crashed service com.android.systemui/.keyguard.KeyguardService in 0ms
05-20 14:07:18.291 W/ActivityManager( 1682): Scheduling restart of crashed service com.android.systemui/.SystemUIService in 0ms
05-20 14:07:18.292 W/ActivityManager( 1682): Scheduling restart of crashed service com.android.systemui/.ImageWallpaper in 0ms
05-20 14:07:18.302 W/WallpaperManagerService( 1682): Wallpaper service gone: ComponentInfo{com.android.systemui/com.android.systemui.ImageWallpaper}
05-20 14:07:18.315 W/VolumeController( 1682): Error calling dismiss
05-20 14:07:18.315 W/VolumeController( 1682): android.os.DeadObjectException
05-20 14:07:18.315 W/VolumeController( 1682): 	at android.os.BinderProxy.transactNative(Native Method)
05-20 14:07:18.315 W/VolumeController( 1682): 	at android.os.BinderProxy.transact(Binder.java:615)
05-20 14:07:18.315 W/VolumeController( 1682): 	at android.media.IVolumeController$Stub$Proxy.dismiss(IVolumeController.java:162)
05-20 14:07:18.315 W/VolumeController( 1682): 	at com.android.server.audio.AudioService$VolumeController.postDismiss(AudioService.java:6138)
05-20 14:07:18.315 W/VolumeController( 1682): 	at com.android.server.audio.AudioService.setVolumeController(AudioService.java:5986)
05-20 14:07:18.315 W/VolumeController( 1682): 	at com.android.server.audio.AudioService$4.binderDied(AudioService.java:5995)
05-20 14:07:18.315 W/VolumeController( 1682): 	at android.os.BinderProxy.sendDeathNotice(Binder.java:688)
05-20 14:07:18.327 W/ActivityManager( 1682): Re-adding persistent process ProcessRecord{22f25f0 1976:com.android.systemui/u0a21}
05-20 14:07:18.332 E/ConnectivityService( 1682): RemoteException caught trying to send a callback msg for NetworkRequest [ LISTEN id=5, [] ]
05-20 14:07:18.637 W/ActivityManager( 1682): Slow operation: 310ms so far, now at startProcess: returned from zygote!
05-20 14:07:18.637 W/ActivityManager( 1682): Slow operation: 310ms so far, now at startProcess: done updating battery stats
05-20 14:07:18.638 W/ActivityManager( 1682): Slow operation: 311ms so far, now at startProcess: building log message
05-20 14:07:18.638 I/ActivityManager( 1682): Start proc 2418:com.android.systemui/u0a21 for restart com.android.systemui
05-20 14:07:18.638 W/ActivityManager( 1682): Slow operation: 311ms so far, now at startProcess: starting to update pids map
05-20 14:07:18.638 W/ActivityManager( 1682): Slow operation: 311ms so far, now at startProcess: done updating pids map
05-20 14:07:18.664 W/art     ( 2418): Unexpected CPU variant for X86 using defaults: x86_64
05-20 14:07:18.744 W/art     ( 1682): Long monitor contention with owner Binder:1682_7 (2230) at void com.android.server.wm.WindowState$DeathRecipient.binderDied()(WindowState.java:1806) waiters=0 in void com.android.server.wm.WindowManagerService$H.handleMessage(android.os.Message) for 284ms
05-20 14:07:18.798 W/art     ( 1682): Long monitor contention with owner Binder:1682_3 (1949) at void com.android.server.am.ActivityManagerService$AppDeathRecipient.binderDied()(ActivityManagerService.java:1475) waiters=0 in android.content.Intent com.android.server.am.ActivityManagerService.registerReceiver(android.app.IApplicationThread, java.lang.String, android.content.IIntentReceiver, android.content.IntentFilter, java.lang.String, int) for 541ms
05-20 14:07:18.811 W/art     ( 1682): Long monitor contention with owner Binder:1682_3 (1949) at void com.android.server.am.ActivityManagerService$AppDeathRecipient.binderDied()(ActivityManagerService.java:1475) waiters=1 in void com.android.server.am.ActiveServices$ServiceRestarter.run() for 514ms
05-20 14:07:18.812 W/art     ( 1682): Long monitor contention with owner Binder:1682_3 (1949) at void com.android.server.am.ActivityManagerService$AppDeathRecipient.binderDied()(ActivityManagerService.java:1475) waiters=2 in void com.android.server.am.ActivityManagerService.dispatchUidsChanged() for 486ms
05-20 14:07:19.290 W/System  ( 2418): ClassLoader referenced unknown path: /system/priv-app/SystemUI/lib/x86_64
05-20 14:07:19.935 V/SystemUIService( 2418): Starting SystemUI services for user 0.
05-20 14:07:19.937 W/libprocessgroup( 1682): failed to open /acct/uid_10021/pid_1976/cgroup.procs: No such file or directory
05-20 14:07:20.131 W/ActivityManager( 1682): Slow operation: 52ms so far, now at getContentProviderImpl: before updateLruProcess
05-20 14:07:20.131 W/ActivityManager( 1682): Slow operation: 52ms so far, now at getContentProviderImpl: after updateLruProcess
05-20 14:07:20.131 W/ActivityManager( 1682): Slow operation: 52ms so far, now at getContentProviderImpl: before updateOomAdj
05-20 14:07:20.132 W/ActivityManager( 1682): Slow operation: 53ms so far, now at getContentProviderImpl: after updateOomAdj
05-20 14:07:20.132 W/ActivityManager( 1682): Slow operation: 53ms so far, now at getContentProviderImpl: done!
05-20 14:07:20.384 V/MediaRouter( 2418): Adding route: RouteInfo{ name=Phone, description=null, status=null, category=RouteCategory{ name=null types=ROUTE_TYPE_LIVE_AUDIO ROUTE_TYPE_LIVE_VIDEO  groupable=false }, supportedTypes=ROUTE_TYPE_LIVE_AUDIO ROUTE_TYPE_LIVE_VIDEO , presentationDisplay=null }
05-20 14:07:20.424 V/MediaRouter( 2418): Updating audio routes: AudioRoutesInfo{ type=SPEAKER }
05-20 14:07:20.436 V/MediaRouter( 2418): Selecting route: RouteInfo{ name=Phone, description=null, status=null, category=RouteCategory{ name=null types=ROUTE_TYPE_LIVE_AUDIO ROUTE_TYPE_LIVE_VIDEO  groupable=false }, supportedTypes=ROUTE_TYPE_LIVE_AUDIO ROUTE_TYPE_LIVE_VIDEO , presentationDisplay=null }
05-20 14:07:20.507 W/art     ( 2394): Suspending all threads took: 286.899ms
05-20 14:07:20.742 I/art     ( 1682): Background sticky concurrent mark sweep GC freed 28318(2MB) AllocSpace objects, 15(472KB) LOS objects, 26% free, 10MB/14MB, paused 1.967ms total 714.152ms
05-20 14:07:20.763 D/TrustManagerService( 1682): Removing dead TrustListener.
05-20 14:07:21.423 E/WVMExtractor( 2418): Failed to open libwvm.so: dlopen failed: library "libwvm.so" not found
05-20 14:07:21.898 W/WindowManager( 1682): ***** BOOT TIMEOUT: forcing display enabled
05-20 14:07:21.934 I/SurfaceFlinger( 1320): Boot is finished (192021 ms)
05-20 14:07:22.265 I/SystemServiceManager( 1682): Starting phase 1000
05-20 14:07:22.472 I/MediaPlayerService( 1339): MediaPlayerService::getOMX
05-20 14:07:22.631 I/OMXClient( 2418): MuxOMX ctor
05-20 14:07:22.658 I/OMXMaster( 1335): makeComponentInstance(OMX.google.vorbis.decoder) in mediacodec process
05-20 14:07:23.311 W/WallpaperManagerService( 1682): Wallpaper reconnect timed out, reverting to built-in wallpaper!
05-20 14:07:24.374 I/vol.Events( 2418): writeEvent collection_started
05-20 14:07:24.498 I/vol.Events( 2418): writeEvent external_ringer_mode_changed normal
05-20 14:07:24.554 I/vol.Events( 2418): writeEvent internal_ringer_mode_changed normal
05-20 14:07:25.756 I/MediaPlayerService( 1339): MediaPlayerService::getOMX
05-20 14:07:25.758 I/OMXClient( 2418): MuxOMX ctor
05-20 14:07:25.802 I/OMXMaster( 1335): makeComponentInstance(OMX.google.vorbis.decoder) in mediacodec process
05-20 14:07:26.542 I/UsageStatsDatabase( 1682): Time changed by +5s575ms. files deleted: 0 files moved: 6
05-20 14:07:26.754 I/UsageStatsService( 1682): User[0] Rollover scheduled @ 2021-05-21 14:05:58(1621605958029)
05-20 14:07:26.758 W/art     ( 1682): Long monitor contention with owner android.bg (1729) at void java.io.FileDescriptor.sync()(FileDescriptor.java:-2) waiters=0 in void com.android.server.usage.UsageStatsService.setChargingState(boolean) for 4.322s
05-20 14:07:27.414 W/art     ( 2454): Unexpected CPU variant for X86 using defaults: x86_64
05-20 14:07:27.420 W/ActivityManager( 1682): Slow operation: 658ms so far, now at startProcess: returned from zygote!
05-20 14:07:27.421 W/ActivityManager( 1682): Slow operation: 659ms so far, now at startProcess: done updating battery stats
05-20 14:07:27.422 W/ActivityManager( 1682): Slow operation: 659ms so far, now at startProcess: building log message
05-20 14:07:27.422 I/ActivityManager( 1682): Start proc 2454:android.ext.services/u0a12 for on-hold
05-20 14:07:27.422 W/ActivityManager( 1682): Slow operation: 660ms so far, now at startProcess: starting to update pids map
05-20 14:07:27.422 W/ActivityManager( 1682): Slow operation: 660ms so far, now at startProcess: done updating pids map
05-20 14:07:27.443 D/ActivityManager( 1682): Finishing user boot 0
05-20 14:07:27.477 D/CryptdConnector( 1682): SND -> {3 cryptfs prepare_user_storage ! 0 0 2}
05-20 14:07:27.581 D/vold    ( 1276): e4crypt_prepare_user_storage for volume null, user 0, serial 0, flags 2
05-20 14:07:27.582 D/vold    ( 1276): Preparing: /data/system_ce/0
05-20 14:07:27.583 D/vold    ( 1276): Preparing: /data/misc_ce/0
05-20 14:07:27.583 D/vold    ( 1276): Preparing: /data/media/0
05-20 14:07:27.583 D/vold    ( 1276): Preparing: /data/data
05-20 14:07:27.585 D/CryptdConnector( 1682): RCV <- {200 3 Command succeeded}
05-20 14:07:27.595 V/UserManagerService( 1682): Found /data/user/0 with serial number 0
05-20 14:07:27.596 V/UserManagerService( 1682): Found /data/system_ce/0 with serial number 0
05-20 14:07:27.600 V/PackageManager( 1682): reconcileAppsData for null u0 0x2
05-20 14:07:27.760 I/MediaPlayerService( 1339): MediaPlayerService::getOMX
05-20 14:07:27.763 I/OMXClient( 2418): MuxOMX ctor
05-20 14:07:27.783 I/OMXMaster( 1335): makeComponentInstance(OMX.google.vorbis.decoder) in mediacodec process
05-20 14:07:30.690 W/ifconfig( 2472): type=1400 audit(0.0:10): avc: denied { ioctl } for path="socket:[13475]" dev="sockfs" ino=13475 ioctlcmd=8927 scontext=u:r:shell:s0 tcontext=u:r:shell:s0 tclass=udp_socket permissive=0
05-20 14:07:30.669 V/PackageManager( 1682): reconcileAppsData finished 82 packages
05-20 14:07:30.812 W/art     ( 1682): Long monitor contention with owner android.display (1748) at void com.android.server.am.ActivityManagerService.finishBooting()(ActivityManagerService.java:6823) waiters=0 in void com.android.server.am.BroadcastQueue.processNextBroadcast(boolean) for 3.365s
05-20 14:07:30.814 D/MountService( 1682): onUnlockUser 0
05-20 14:07:30.814 D/VoldConnector( 1682): SND -> {7 volume user_started 0}
05-20 14:07:30.821 W/art     ( 1682): Long monitor contention with owner android.display (1748) at void com.android.server.am.ActivityManagerService.finishBooting()(ActivityManagerService.java:6823) waiters=1 in android.content.pm.UserInfo com.android.server.am.UserController.getCurrentUser() for 3.072s
05-20 14:07:30.837 W/art     ( 1682): Long monitor contention with owner android.display (1748) at void com.android.server.am.ActivityManagerService.finishBooting()(ActivityManagerService.java:6823) waiters=2 in void com.android.server.am.ActivityManagerService.attachApplication(android.app.IApplicationThread) for 2.979s
05-20 14:07:30.999 W/art     ( 1682): Long monitor contention with owner android.display (1748) at void com.android.server.am.ActivityManagerService.finishBooting()(ActivityManagerService.java:6823) waiters=4 in android.content.Intent com.android.server.am.ActivityManagerService.registerReceiver(android.app.IApplicationThread, java.lang.String, android.content.IIntentReceiver, android.content.IntentFilter, java.lang.String, int) for 1.838s
05-20 14:07:31.083 D/vold    ( 1276): Linking /storage/emulated/0 to /mnt/user/0/primary
05-20 14:07:31.091 D/VoldConnector( 1682): RCV <- {200 7 Command succeeded}
05-20 14:07:31.164 D/MountService( 1682): Volume public:253,48 broadcasting mounted to UserHandle{0}
05-20 14:07:31.170 W/art     ( 1682): Long monitor contention with owner Binder:1682_3 (1949) at void com.android.server.am.ActivityManagerService.attachApplication(android.app.IApplicationThread)(ActivityManagerService.java:6669) waiters=2 in void com.android.server.am.ActivityManagerService.dispatchProcessesChanged() for 247ms
05-20 14:07:31.175 W/art     ( 1682): Long monitor contention with owner android.display (1748) at void com.android.server.am.ActivityManagerService.finishBooting()(ActivityManagerService.java:6823) waiters=3 in void com.android.server.am.ActivityManagerService$3.handleMessage(android.os.Message) for 2.251s
05-20 14:07:31.370 D/MountService( 1682): Volume emulated broadcasting mounted to UserHandle{0}
05-20 14:07:31.409 W/System  ( 2454): ClassLoader referenced unknown path: /system/priv-app/ExtServices/lib/x86_64
05-20 14:07:31.638 V/BackupManagerService( 1682): No ancestral data
05-20 14:07:32.179 I/vol.Events( 2418): writeEvent level_changed STREAM_ALARM 6
05-20 14:07:30.750 W/ifconfig( 2472): type=1400 audit(0.0:11): avc: denied { ioctl } for path="socket:[13475]" dev="sockfs" ino=13475 ioctlcmd=891d scontext=u:r:shell:s0 tcontext=u:r:shell:s0 tclass=udp_socket permissive=0
05-20 14:07:30.750 W/ifconfig( 2472): type=1400 audit(0.0:12): avc: denied { ioctl } for path="socket:[13475]" dev="sockfs" ino=13475 ioctlcmd=8970 scontext=u:r:shell:s0 tcontext=u:r:shell:s0 tclass=udp_socket permissive=0
05-20 14:07:32.207 I/vol.Events( 2418): writeEvent level_changed STREAM_BLUETOOTH_SCO 7
05-20 14:07:32.219 I/vol.Events( 2418): writeEvent level_changed STREAM_MUSIC 11
05-20 14:07:32.242 V/BackupManagerService( 1682): Starting with transport android/com.android.internal.backup.LocalTransport
05-20 14:07:32.242 V/BackupManagerService( 1682): Found transports: 1
05-20 14:07:32.243 W/BackupManagerService( 1682): Proposed transport ComponentInfo{android/com.android.internal.backup.LocalTransportService} not whitelisted; ignoring
05-20 14:07:32.352 I/BackupManagerService( 1682): Backup enabled => false
05-20 14:07:32.425 I/vol.Events( 2418): writeEvent level_changed STREAM_RING 5
05-20 14:07:32.479 I/vol.Events( 2418): writeEvent level_changed STREAM_SYSTEM 5
05-20 14:07:32.524 I/vol.Events( 2418): writeEvent level_changed STREAM_VOICE_CALL 4
05-20 14:07:33.157 W/VoiceInteractionManagerService( 1682): no available voice interaction services found for user 0
05-20 14:07:33.157 W/VoiceInteractionManagerService( 1682): no available voice recognition services found for user 0
05-20 14:07:33.173 I/ActivityManager( 1682): Loading recents for user 0 into memory.
05-20 14:07:33.236 D/StorageNotification( 2418): Notifying about private volume: VolumeInfo{private}:
05-20 14:07:33.236 D/StorageNotification( 2418):     type=PRIVATE diskId=null partGuid=null mountFlags=0 mountUserId=-1 
05-20 14:07:33.236 D/StorageNotification( 2418):     state=MOUNTED 
05-20 14:07:33.236 D/StorageNotification( 2418):     fsType=null fsUuid=null fsLabel=null 
05-20 14:07:33.236 D/StorageNotification( 2418):     path=/data internalPath=null 
05-20 14:07:33.239 D/StorageNotification( 2418): Notifying about public volume: VolumeInfo{public:253,48}:
05-20 14:07:33.239 D/StorageNotification( 2418):     type=PUBLIC diskId=disk:253,48 partGuid=null mountFlags=VISIBLE 
05-20 14:07:33.239 D/StorageNotification( 2418):     mountUserId=0 state=MOUNTED 
05-20 14:07:33.239 D/StorageNotification( 2418):     fsType=vfat fsUuid=1EFF-1C1B fsLabel=SDCARD 
05-20 14:07:33.239 D/StorageNotification( 2418):     path=/storage/1EFF-1C1B internalPath=/mnt/media_rw/1EFF-1C1B 
05-20 14:07:33.245 D/ActivityManager( 1682): Sending BOOT_COMPLETE user #0
05-20 14:07:33.533 D/CarrierSvcBindHelper( 2175): Received android.intent.action.USER_UNLOCKED
05-20 14:07:33.536 E/PhoneInterfaceManager( 2175): [PhoneIntfMgr] getCarrierPackageNamesForIntent: No UICC
05-20 14:07:33.537 D/CarrierSvcBindHelper( 2175): No carrier app for: 0
05-20 14:07:33.584 D/FallbackHome( 2190): User unlocked and real home found; let's go!
05-20 14:07:33.814 I/ActivityManager( 1682): START u0 {act=android.intent.action.MAIN cat=[android.intent.category.HOME] flg=0x10000100 cmp=com.android.launcher3/.Launcher} from uid 0 on display 0
05-20 14:07:34.181 W/ActivityManager( 1682): Slow operation: 256ms so far, now at startProcess: returned from zygote!
05-20 14:07:34.181 W/ActivityManager( 1682): Slow operation: 256ms so far, now at startProcess: done updating battery stats
05-20 14:07:34.181 W/ActivityManager( 1682): Slow operation: 256ms so far, now at startProcess: building log message
05-20 14:07:34.181 I/ActivityManager( 1682): Start proc 2497:com.android.launcher3/u0a42 for activity com.android.launcher3/.Launcher
05-20 14:07:34.181 W/ActivityManager( 1682): Slow operation: 256ms so far, now at startProcess: starting to update pids map
05-20 14:07:34.182 W/ActivityManager( 1682): Slow operation: 257ms so far, now at startProcess: done updating pids map
05-20 14:07:34.182 W/ActivityManager( 1682): Slow operation: 258ms so far, now at startProcess: done starting proc!
05-20 14:07:34.217 I/AccountManagerService( 1682): User 0 is unlocked - opening CE database
05-20 14:07:34.285 W/art     ( 2497): Unexpected CPU variant for X86 using defaults: x86_64
05-20 14:07:34.444 W/art     ( 1682): Long monitor contention with owner android.display (1748) at void com.android.server.wm.WindowAnimator$1.doFrame(long)(WindowAnimator.java:144) waiters=0 in void com.android.server.wm.WindowManagerService.setAppVisibility(android.os.IBinder, boolean) for 124ms
05-20 14:07:34.712 I/Choreographer( 2190): Skipped 55 frames!  The application may be doing too much work on its main thread.
05-20 14:07:34.713 W/art     ( 1682): Long monitor contention with owner Binder:1682_1 (1716) at void com.android.server.am.ActivityManagerService.activityPaused(android.os.IBinder)(ActivityManagerService.java:6916) waiters=0 in void com.android.server.am.ActivityManagerService$MainHandler.handleMessage(android.os.Message) for 835ms
05-20 14:07:34.718 W/art     ( 1682): Long monitor contention with owner Binder:1682_1 (1716) at void com.android.server.am.ActivityManagerService.activityPaused(android.os.IBinder)(ActivityManagerService.java:6916) waiters=1 in void com.android.server.am.ActivityManagerService.dispatchUidsChanged() for 793ms
05-20 14:07:34.718 W/art     ( 1682): Long monitor contention with owner Binder:1682_1 (1716) at void com.android.server.am.ActivityManagerService.activityPaused(android.os.IBinder)(ActivityManagerService.java:6916) waiters=2 in void com.android.server.am.ActivityManagerService.serviceDoneExecuting(android.os.IBinder, int, int, int) for 631ms
05-20 14:07:34.719 W/art     ( 1682): Long monitor contention with owner Binder:1682_1 (1716) at void com.android.server.am.ActivityManagerService.activityPaused(android.os.IBinder)(ActivityManagerService.java:6916) waiters=3 in com.android.server.am.ProcessRecord com.android.server.am.ActivityManagerService.findAppProcess(android.os.IBinder, java.lang.String) for 583ms
05-20 14:07:34.722 W/art     ( 1682): Long monitor contention with owner Binder:1682_1 (1716) at void com.android.server.am.ActivityManagerService.activityPaused(android.os.IBinder)(ActivityManagerService.java:6916) waiters=4 in java.lang.String com.android.server.am.ActivityManagerService.checkContentProviderAccess(java.lang.String, int) for 567ms
05-20 14:07:34.876 W/art     ( 1682): Long monitor contention with owner Binder:1682_1 (1716) at void com.android.server.am.ActivityManagerService.activityPaused(android.os.IBinder)(ActivityManagerService.java:6916) waiters=5 in void com.android.server.am.ActivityManagerService.attachApplication(android.app.IApplicationThread) for 381ms
05-20 14:07:35.017 V/KeyValueBackupJob( 1682): Scheduling k/v pass in 245 minutes
05-20 14:07:35.207 W/RichInputConnection( 1969): Slow InputConnection: GET_TEXT_BEFORE_CURSOR took 690 ms.
05-20 14:07:35.219 I/InputAttributes( 1969): InputType.TYPE_NULL is specified
05-20 14:07:35.311 W/art     ( 1682): Long monitor contention with owner android.display (1748) at void com.android.server.wm.WindowAnimator$1.doFrame(long)(WindowAnimator.java:144) waiters=0 in void com.android.server.wm.WindowManagerService.startAppFreezingScreen(android.os.IBinder, int) for 131ms
05-20 14:07:35.621 W/art     ( 1682): Long monitor contention with owner Binder:1682_1 (1716) at void com.android.server.am.ActivityManagerService.activityPaused(android.os.IBinder)(ActivityManagerService.java:6916) waiters=6 in boolean com.android.server.am.ActivityManagerService.isUserRunning(int, int) for 1.113s
05-20 14:07:35.623 W/art     ( 1682): Long monitor contention with owner Binder:1682_1 (1716) at void com.android.server.am.ActivityManagerService.activityPaused(android.os.IBinder)(ActivityManagerService.java:6916) waiters=7 in android.content.Intent com.android.server.am.ActivityManagerService.registerReceiver(android.app.IApplicationThread, java.lang.String, android.content.IIntentReceiver, android.content.IntentFilter, java.lang.String, int) for 1.094s
05-20 14:07:35.624 W/art     ( 1682): Long monitor contention with owner ActivityManager (1730) at void com.android.server.am.ActivityManagerService$MainHandler.handleMessage(android.os.Message)(ActivityManagerService.java:2083) waiters=6 in void com.android.server.am.ActivityManagerService.dispatchUidsChanged() for 906ms
05-20 14:07:35.629 W/art     ( 1682): Long monitor contention with owner ActivityManager (1730) at void com.android.server.am.ActivityManagerService$MainHandler.handleMessage(android.os.Message)(ActivityManagerService.java:2083) waiters=6 in void com.android.server.am.ActivityManagerService.serviceDoneExecuting(android.os.IBinder, int, int, int) for 909ms
05-20 14:07:35.649 W/art     ( 1682): Long monitor contention with owner ActivityManager (1730) at void com.android.server.am.ActivityManagerService$MainHandler.handleMessage(android.os.Message)(ActivityManagerService.java:2083) waiters=6 in com.android.server.am.ProcessRecord com.android.server.am.ActivityManagerService.findAppProcess(android.os.IBinder, java.lang.String) for 910ms
05-20 14:07:35.707 W/System  ( 2497): ClassLoader referenced unknown path: /system/app/Launcher3/lib/x86_64
05-20 14:07:35.802 W/art     ( 1682): Long monitor contention with owner Binder:1682_5 (2103) at void com.android.server.am.ActivityManagerService.attachApplication(android.app.IApplicationThread)(ActivityManagerService.java:6669) waiters=5 in void com.android.server.am.ActivityManagerService$3.handleMessage(android.os.Message) for 602ms
05-20 14:07:35.973 V/KeyguardServiceDelegate( 1682): *** Keyguard connected (yay!)
05-20 14:07:36.109 I/AlarmClock( 2394): AlarmInitReceiver android.intent.action.TIME_SET
05-20 14:07:36.132 W/art     ( 1682): Long monitor contention with owner main (1682) at android.content.pm.ParceledListSlice com.android.server.pm.PackageManagerService.getInstalledPackages(int, int)(PackageManagerService.java:6173) waiters=0 in android.content.pm.ServiceInfo com.android.server.pm.PackageManagerService.getServiceInfo(android.content.ComponentName, int, int) for 1.114s
05-20 14:07:36.390 D/LauncherProvider( 2497): Launcher process started
05-20 14:07:36.805 V/Launcher( 2497): LauncherAppState inited
05-20 14:07:37.023 I/Choreographer( 2418): Skipped 250 frames!  The application may be doing too much work on its main thread.
05-20 14:07:37.133 D/LockSettings( 1682): Removing dead StrongAuthTracker.
05-20 14:07:37.529 W/art     ( 1682): Long monitor contention with owner android.display (1748) at void com.android.server.wm.WindowAnimator$1.doFrame(long)(WindowAnimator.java:144) waiters=0 in int com.android.server.wm.WindowManagerService.relayoutWindow(com.android.server.wm.Session, android.view.IWindow, int, android.view.WindowManager$LayoutParams, int, int, int, int, android.graphics.Rect, android.graphics.Rect, android.graphics.Rect, android.graphics.Rect, android.graphics.Rect, android.graphics.Rect, android.graphics.Rect, android.content.res.Configuration, android.view.Surface) for 246ms
05-20 14:07:38.351 W/art     ( 1682): Long monitor contention with owner android.display (1748) at void com.android.server.wm.WindowAnimator$1.doFrame(long)(WindowAnimator.java:144) waiters=0 in int com.android.server.wm.WindowManagerService.relayoutWindow(com.android.server.wm.Session, android.view.IWindow, int, android.view.WindowManager$LayoutParams, int, int, int, int, android.graphics.Rect, android.graphics.Rect, android.graphics.Rect, android.graphics.Rect, android.graphics.Rect, android.graphics.Rect, android.graphics.Rect, android.content.res.Configuration, android.view.Surface) for 247ms
05-20 14:07:38.361 I/LatinIME( 1969): Timeout waiting for dictionary load
05-20 14:07:38.612 I/BackupManagerService( 1682): Found stale backup journal, scheduling
05-20 14:07:38.626 W/art     ( 1682): Long monitor contention with owner Binder:1682_5 (2103) at int com.android.server.wm.WindowManagerService.relayoutWindow(com.android.server.wm.Session, android.view.IWindow, int, android.view.WindowManager$LayoutParams, int, int, int, int, android.graphics.Rect, android.graphics.Rect, android.graphics.Rect, android.graphics.Rect, android.graphics.Rect, android.graphics.Rect, android.graphics.Rect, android.content.res.Configuration, android.view.Surface)(WindowManagerService.java:2857) waiters=0 in void com.android.server.wm.WindowAnimator$1.doFrame(long) for 267ms
05-20 14:07:38.924 W/art     ( 1682): Suspending all threads took: 12.214ms
05-20 14:07:39.052 I/art     ( 1682): Background sticky concurrent mark sweep GC freed 41511(3MB) AllocSpace objects, 13(264KB) LOS objects, 22% free, 11MB/14MB, paused 32.167ms total 2.510s
05-20 14:07:39.201 W/art     ( 1682): Long monitor contention with owner android.display (1748) at void com.android.server.wm.WindowAnimator$1.doFrame(long)(WindowAnimator.java:144) waiters=0 in void com.android.server.wm.WindowManagerService.setInsetsWindow(com.android.server.wm.Session, android.view.IWindow, int, android.graphics.Rect, android.graphics.Rect, android.graphics.Region) for 306ms
05-20 14:07:39.375 I/ActivityManager( 1682): Start proc 2547:com.android.keychain/1000 for service com.android.keychain/.KeyChainService
05-20 14:07:39.615 W/art     ( 1682): Long monitor contention with owner Binder:1682_4 (1995) at void com.android.server.wm.WindowManagerService.setInsetsWindow(com.android.server.wm.Session, android.view.IWindow, int, android.graphics.Rect, android.graphics.Rect, android.graphics.Region)(WindowManagerService.java:2719) waiters=0 in void com.android.server.wm.WindowAnimator$1.doFrame(long) for 409ms
05-20 14:07:40.825 I/Choreographer( 1682): Skipped 64 frames!  The application may be doing too much work on its main thread.
05-20 14:07:40.960 W/art     ( 2547): Unexpected CPU variant for X86 using defaults: x86_64
05-20 14:07:41.582 I/Choreographer( 2190): Skipped 113 frames!  The application may be doing too much work on its main thread.
05-20 14:07:41.735 I/StatusBarManagerService( 1682): registerStatusBar bar=com.android.internal.statusbar.IStatusBar$Stub$Proxy@ee476de
05-20 14:07:43.493 V/GridSizeMigrationTask( 2497): Workspace migration completed in 905
05-20 14:07:43.497 D/Launcher.Model( 2497): loadWorkspace: loading default favorites
05-20 14:07:45.150 W/ifconfig( 2580): type=1400 audit(0.0:13): avc: denied { ioctl } for path="socket:[13732]" dev="sockfs" ino=13732 ioctlcmd=8927 scontext=u:r:shell:s0 tcontext=u:r:shell:s0 tclass=udp_socket permissive=0
05-20 14:07:45.230 W/ifconfig( 2580): type=1400 audit(0.0:14): avc: denied { ioctl } for path="socket:[13732]" dev="sockfs" ino=13732 ioctlcmd=891d scontext=u:r:shell:s0 tcontext=u:r:shell:s0 tclass=udp_socket permissive=0
05-20 14:07:45.230 W/ifconfig( 2580): type=1400 audit(0.0:15): avc: denied { ioctl } for path="socket:[13732]" dev="sockfs" ino=13732 ioctlcmd=8970 scontext=u:r:shell:s0 tcontext=u:r:shell:s0 tclass=udp_socket permissive=0
05-20 14:07:45.373 I/Choreographer( 1682): Skipped 234 frames!  The application may be doing too much work on its main thread.
05-20 14:07:45.383 W/art     ( 1682): Long monitor contention with owner android.display (1748) at void com.android.server.wm.WindowAnimator$1.doFrame(long)(WindowAnimator.java:144) waiters=0 in int com.android.server.wm.WindowManagerService.relayoutWindow(com.android.server.wm.Session, android.view.IWindow, int, android.view.WindowManager$LayoutParams, int, int, int, int, android.graphics.Rect, android.graphics.Rect, android.graphics.Rect, android.graphics.Rect, android.graphics.Rect, android.graphics.Rect, android.graphics.Rect, android.content.res.Configuration, android.view.Surface) for 3.469s
05-20 14:07:47.643 I/Choreographer( 1682): Skipped 135 frames!  The application may be doing too much work on its main thread.
05-20 14:07:47.646 W/art     ( 1682): Long monitor contention with owner android.display (1748) at void com.android.server.wm.WindowAnimator$1.doFrame(long)(WindowAnimator.java:144) waiters=1 in void com.android.server.wm.WindowManagerService.setAppOrientation(android.view.IApplicationToken, int) for 5.719s
05-20 14:07:49.674 W/art     ( 1682): Long monitor contention with owner android.display (1748) at void com.android.server.wm.WindowAnimator$1.doFrame(long)(WindowAnimator.java:144) waiters=1 in int com.android.server.wm.WindowManagerService.relayoutWindow(com.android.server.wm.Session, android.view.IWindow, int, android.view.WindowManager$LayoutParams, int, int, int, int, android.graphics.Rect, android.graphics.Rect, android.graphics.Rect, android.graphics.Rect, android.graphics.Rect, android.graphics.Rect, android.graphics.Rect, android.content.res.Configuration, android.view.Surface) for 4.290s
05-20 14:07:51.687 W/art     ( 1682): Long monitor contention with owner android.display (1748) at void com.android.server.wm.WindowAnimator$1.doFrame(long)(WindowAnimator.java:144) waiters=1 in void com.android.server.wm.WindowManagerService.setAppOrientation(android.view.IApplicationToken, int) for 4.041s
05-20 14:07:51.701 W/art     ( 1682): Long monitor contention with owner android.display (1748) at void com.android.server.wm.WindowManagerService$H.handleMessage(android.os.Message)(WindowManagerService.java:8368) waiters=1 in int com.android.server.wm.WindowManagerService.relayoutWindow(com.android.server.wm.Session, android.view.IWindow, int, android.view.WindowManager$LayoutParams, int, int, int, int, android.graphics.Rect, android.graphics.Rect, android.graphics.Rect, android.graphics.Rect, android.graphics.Rect, android.graphics.Rect, android.graphics.Rect, android.content.res.Configuration, android.view.Surface) for 2.025s
05-20 14:07:51.707 W/art     ( 1682): Long monitor contention with owner Binder:1682_3 (1949) at void com.android.server.am.ActivityManagerService.setRequestedOrientation(android.os.IBinder, int)(ActivityManagerService.java:4785) waiters=0 in void com.android.server.am.ActivityStack$ActivityStackHandler.handleMessage(android.os.Message) for 9.746s
05-20 14:07:51.721 W/ActivityManager( 1682): Launch timeout has expired, giving up wake lock!
05-20 14:07:51.722 W/art     ( 1682): Long monitor contention with owner Binder:1682_3 (1949) at void com.android.server.am.ActivityManagerService.setRequestedOrientation(android.os.IBinder, int)(ActivityManagerService.java:4785) waiters=1 in void com.android.server.am.ActivityManagerService.attachApplication(android.app.IApplicationThread) for 9.660s
