05-20 14:05:55.823 I/SystemServer( 1682): InitWatchdog
05-20 14:05:55.824 I/SystemServer( 1682): StartInputManagerService
05-20 14:05:55.832 I/InputManager( 1682): Initializing input manager, mUseDevInputEventForAudioJack=true
05-20 14:05:55.838 I/SystemServer( 1682): StartWindowManagerService
05-20 14:05:56.168 I/WindowManager( 1682): No existing display settings /data/system/display_settings.xml; starting empty
05-20 14:05:56.556 I/SystemServer( 1682): StartVrManagerService
05-20 14:05:56.557 I/SystemServiceManager( 1682): Starting com.android.server.vr.VrManagerService
05-20 14:05:56.562 W/VrManagerService( 1682): init_native: Could not open VR hardware module, error No such file or directory (-2).
05-20 14:05:56.584 I/InputManager( 1682): Starting input manager
05-20 14:05:56.681 I/SystemServer( 1682): No Bluetooth Service (emulator)
05-20 14:05:56.681 I/SystemServer( 1682): ConnectivityMetricsLoggerService
05-20 14:05:56.681 I/SystemServiceManager( 1682): Starting com.android.server.connectivity.MetricsLoggerService
05-20 14:05:56.685 D/EventHub( 1682): No input device configuration file found for device 'Power Button'.
05-20 14:05:56.761 I/SystemServer( 1682): IpConnectivityMetrics
05-20 14:05:56.762 I/SystemServiceManager( 1682): Starting com.android.server.connectivity.IpConnectivityMetrics
05-20 14:05:56.763 I/SystemServer( 1682): PinnerService
05-20 14:05:56.764 I/SystemServiceManager( 1682): Starting com.android.server.PinnerService
05-20 14:05:56.774 I/SystemServiceManager( 1682): Starting com.android.server.InputMethodManagerService$Lifecycle
05-20 14:05:56.811 W/EventHub( 1682): Unable to disable kernel key repeat for /dev/input/event0: Function not implemented
05-20 14:05:56.812 I/EventHub( 1682): New device: id=1, fd=91, path='/dev/input/event0', name='Power Button', classes=0x1, configuration='', keyLayout='/system/usr/keylayout/Generic.kl', keyCharacterMap='/system/usr/keychars/Generic.kcm', builtinKeyboard=false, wakeMechanism=EPOLLWAKEUP, usingClockIoctl=true
05-20 14:05:56.834 W/EventHub( 1682): Unable to disable kernel key repeat for /dev/input/event1: Function not implemented
05-20 14:05:56.834 I/EventHub( 1682): New device: id=2, fd=92, path='/dev/input/event1', name='qwerty2', classes=0x95, configuration='/system/usr/idc/qwerty2.idc', keyLayout='/system/usr/keylayout/qwerty.kl', keyCharacterMap='/system/usr/keychars/qwerty2.kcm', builtinKeyboard=true, wakeMechanism=EPOLLWAKEUP, usingClockIoctl=true
05-20 14:05:56.834 E/EventHub( 1682): could not get driver version for /dev/input/mice, Not a typewriter
05-20 14:05:57.239 I/InputReader( 1682): Device added: id=-1, name='Virtual', sources=0x00000301
05-20 14:05:57.246 I/InputReader( 1682):   Touch device 'qwerty2' could not query the properties of its associated display.  The device will be inoperable until the display size becomes available.
05-20 14:05:57.247 I/InputReader( 1682): Device added: id=0, name='qwerty2', sources=0x80001103
05-20 14:05:57.247 I/InputReader( 1682): Device added: id=1, name='Power Button', sources=0x00000101
05-20 14:05:57.585 I/SystemServer( 1682): StartAccessibilityManagerService
05-20 14:05:57.706 I/ActivityManager( 1682): Config changes=1df8 {1.0 ?mcc?mnc [en_US] ldltr sw360dp w360dp h640dp 480dpi nrml long port ?uimode ?night -touch -keyb/v/h -nav/h s.2}
05-20 14:05:57.797 I/ActivityManager( 1682): Config changes=500 {1.0 ?mcc?mnc [en_US] ldltr sw360dp w360dp h568dp 480dpi nrml port ?uimode ?night -touch -keyb/v/h -nav/h s.3}
05-20 14:05:57.893 I/ActivityManager( 1682): Config changes=8 {1.0 ?mcc?mnc [en_US] ldltr sw360dp w360dp h568dp 480dpi nrml port ?uimode ?night finger -keyb/v/h -nav/h s.4}
05-20 14:05:57.950 I/InputReader( 1682): Reconfiguring input devices.  changes=0x00000004
05-20 14:05:57.950 I/InputReader( 1682): Device reconfigured: id=0, name='qwerty2', size 1080x1920, orientation 0, mode 1, display id 0
05-20 14:05:57.956 I/InputReader( 1682): Reconfiguring input devices.  changes=0x00000004
05-20 14:05:57.977 I/SystemServiceManager( 1682): Starting com.android.server.MountService$Lifecycle
05-20 14:05:58.079 I/SystemServiceManager( 1682): Starting com.android.server.UiModeManagerService
05-20 14:05:58.117 D/MountService( 1682): Thinking about init, mSystemReady=false, mDaemonConnected=true
05-20 14:05:58.117 D/MountService( 1682): Thinking about reset, mSystemReady=false, mDaemonConnected=true
05-20 14:05:58.118 D/MountService( 1682): Thinking about init, mSystemReady=false, mDaemonConnected=true
05-20 14:05:58.118 D/MountService( 1682): Thinking about reset, mSystemReady=false, mDaemonConnected=true
05-20 14:05:58.124 D/CryptdConnector( 1682): SND -> {1 cryptfs getfield SystemLocale}
05-20 14:05:58.155 I/ActivityManager( 1682): Config changes=200 {1.0 ?mcc?mnc [en_US] ldltr sw360dp w360dp h568dp 480dpi nrml port finger -keyb/v/h -nav/h s.5}
05-20 14:05:58.183 D/CryptdConnector( 1682): RCV <- {200 1 -1}
05-20 14:05:58.194 I/SystemServer( 1682): StartLockSettingsService
05-20 14:05:58.212 W/MountService( 1682): No primary storage mounted!
05-20 14:05:58.212 D/VoldConnector( 1682): SND -> {1 asec list}
05-20 14:05:58.220 I/SystemServiceManager( 1682): Starting com.android.server.LockSettingsService$Lifecycle
05-20 14:05:58.224 D/VoldConnector( 1682): RCV <- {200 1 asec operation succeeded}
05-20 14:05:58.225 I/PackageManager( 1682): No secure containers found
05-20 14:05:58.226 W/PackageManager( 1682): Unknown permission com.google.android.googleapps.permission.GOOGLE_AUTH in package com.android.providers.calendar
05-20 14:05:58.226 W/PackageManager( 1682): Unknown permission com.google.android.googleapps.permission.GOOGLE_AUTH.cl in package com.android.providers.calendar
05-20 14:05:58.227 W/PackageManager( 1682): Not granting permission android.permission.GLOBAL_SEARCH to package com.android.quicksearchbox (protectionLevel=18 flags=0x3808be45)
05-20 14:05:58.227 W/PackageManager( 1682): Not granting permission android.permission.WRITE_EXTERNAL_STORAGE to package gov.nasa.arc.astrobee.android.gs.manager because it was previously installed without
05-20 14:05:58.227 W/PackageManager( 1682): Not granting permission android.permission.READ_EXTERNAL_STORAGE to package gov.nasa.arc.astrobee.android.gs.manager because it was previously installed without
05-20 14:05:58.228 W/PackageManager( 1682): Unknown permission com.android.launcher.permission.READ_SETTINGS in package com.android.launcher3
05-20 14:05:58.228 W/PackageManager( 1682): Unknown permission com.android.launcher.permission.WRITE_SETTINGS in package com.android.launcher3
05-20 14:05:58.228 W/PackageManager( 1682): Not granting permission android.permission.BIND_APPWIDGET to package com.android.launcher3 (protectionLevel=18 flags=0x3c4bbe45)
05-20 14:05:58.228 W/PackageManager( 1682): Unknown permission com.google.android.googleapps.permission.GOOGLE_AUTH.mail in package com.android.calendar
05-20 14:05:58.228 W/PackageManager( 1682): Unknown permission com.google.android.providers.settings.permission.WRITE_GSETTINGS in package com.android.sdksetup
05-20 14:05:58.229 W/PackageManager( 1682): Unknown permission com.google.android.permission.INSTALL_WEARABLE_PACKAGES in package com.android.packageinstaller
05-20 14:05:58.229 W/PackageManager( 1682): Not granting permission android.permission.DELETE_PACKAGES to package com.svox.pico (protectionLevel=18 flags=0x3808be45)
05-20 14:05:58.229 W/PackageManager( 1682): Not granting permission android.permission.READ_CONTACTS to package com.example.android.apis because it was previously installed without
05-20 14:05:58.229 W/PackageManager( 1682): Not granting permission android.permission.WRITE_CONTACTS to package com.example.android.apis because it was previously installed without
05-20 14:05:58.229 W/PackageManager( 1682): Not granting permission android.permission.ACCESS_COARSE_LOCATION to package com.example.android.apis because it was previously installed without
05-20 14:05:58.229 W/PackageManager( 1682): Not granting permission android.permission.WRITE_EXTERNAL_STORAGE to package com.example.android.apis because it was previously installed without
05-20 14:05:58.230 W/PackageManager( 1682): Not granting permission android.permission.SEND_SMS to package com.example.android.apis because it was previously installed without
05-20 14:05:58.258 W/PackageManager( 1682): Not granting permission android.permission.RECEIVE_SMS to package com.example.android.apis because it was previously installed without
05-20 14:05:58.258 W/PackageManager( 1682): Not granting permission android.permission.RECEIVE_MMS to package com.example.android.apis because it was previously installed without
05-20 14:05:58.258 W/PackageManager( 1682): Not granting permission android.permission.READ_SMS to package com.example.android.apis because it was previously installed without
05-20 14:05:58.258 W/PackageManager( 1682): Not granting permission android.permission.READ_PHONE_STATE to package com.example.android.apis because it was previously installed without
05-20 14:05:58.258 W/PackageManager( 1682): Not granting permission android.permission.RECORD_AUDIO to package com.example.android.apis because it was previously installed without
05-20 14:05:58.259 W/PackageManager( 1682): Not granting permission android.permission.CAMERA to package com.example.android.apis because it was previously installed without
05-20 14:05:58.259 W/PackageManager( 1682): Not granting permission android.permission.READ_EXTERNAL_STORAGE to package com.example.android.apis because it was previously installed without
05-20 14:05:58.259 W/PackageManager( 1682): Unknown permission android.permission.RUN_INSTRUMENTATION in package org.chromium.webview_shell
05-20 14:05:58.259 W/PackageManager( 1682): Not granting permission android.permission.CAMERA to package jp.jaxa.iss.kibo.rpc.sampleapk because it was previously installed without
05-20 14:05:58.259 W/PackageManager( 1682): Not granting permission android.permission.WRITE_EXTERNAL_STORAGE to package jp.jaxa.iss.kibo.rpc.sampleapk because it was previously installed without
05-20 14:05:58.259 W/PackageManager( 1682): Not granting permission android.permission.READ_EXTERNAL_STORAGE to package jp.jaxa.iss.kibo.rpc.sampleapk because it was previously installed without
05-20 14:05:58.259 W/PackageManager( 1682): Unknown permission com.google.android.googleapps.permission.GOOGLE_AUTH in package com.android.settings
05-20 14:05:58.264 I/SystemServiceManager( 1682): Starting com.android.server.DeviceIdleController
05-20 14:05:58.300 W/PackageManager( 1682): Unknown permission com.android.launcher.permission.READ_SETTINGS in package com.android.settings
05-20 14:05:58.301 W/PackageManager( 1682): Unknown permission com.android.launcher.permission.WRITE_SETTINGS in package com.android.settings
05-20 14:05:58.301 W/PackageManager( 1682): Unknown permission com.android.smspush.WAPPUSH_MANAGER_BIND in package com.android.phone
05-20 14:05:58.302 W/PackageManager( 1682): Unknown permission com.google.android.googleapps.permission.ACCESS_GOOGLE_PASSWORD in package com.android.development
05-20 14:05:58.302 W/PackageManager( 1682): Unknown permission com.google.android.googleapps.permission.GOOGLE_AUTH in package com.android.development
05-20 14:05:58.303 W/PackageManager( 1682): Unknown permission com.google.android.googleapps.permission.GOOGLE_AUTH.ALL_SERVICES in package com.android.development
05-20 14:05:58.303 W/PackageManager( 1682): Unknown permission com.google.android.googleapps.permission.GOOGLE_AUTH.YouTubeUser in package com.android.development
05-20 14:05:58.303 W/PackageManager( 1682): Not granting permission android.permission.BIND_APPWIDGET to package com.android.widgetpreview (protectionLevel=18 flags=0x3808be44)
05-20 14:05:58.595 W/UsageStatsService( 1682): User[0] Some stats have no latest available
05-20 14:05:58.769 W/art     ( 1682): Long monitor contention with owner MountService (1916) at void com.android.server.pm.PackageManagerService.loadMediaPackages(android.util.ArrayMap, int[], boolean)(PackageManagerService.java:19317) waiters=0 in android.content.pm.ApplicationInfo com.android.server.pm.PackageManagerService.getApplicationInfo(java.lang.String, int, int) for 501ms
05-20 14:05:58.861 W/MountService( 1682): No primary storage defined yet; hacking together a stub
05-20 14:05:58.863 W/MountService( 1682): No primary storage defined yet; hacking together a stub
05-20 14:05:58.866 W/MountService( 1682): No primary storage mounted!
05-20 14:05:58.866 D/VoldConnector( 1682): SND -> {2 asec list}
05-20 14:05:58.871 D/VoldConnector( 1682): RCV <- {200 2 asec operation succeeded}
05-20 14:05:58.890 I/SystemServiceManager( 1682): Starting com.android.server.devicepolicy.DevicePolicyManagerService$Lifecycle
05-20 14:05:58.986 I/SystemServer( 1682): StartStatusBarManagerService
05-20 14:05:59.005 I/SystemServer( 1682): StartClipboardService
05-20 14:05:59.029 I/SystemServer( 1682): StartNetworkManagementService
05-20 14:05:59.060 I/NetworkManagement( 1682): onDaemonConnected()
05-20 14:05:59.084 I/SystemServiceManager( 1682): Starting com.android.server.TextServicesManagerService$Lifecycle
05-20 14:05:59.215 I/SystemServer( 1682): StartNetworkScoreService
05-20 14:05:59.226 I/SystemServer( 1682): StartNetworkStatsService
05-20 14:05:59.302 I/SystemServer( 1682): StartNetworkPolicyManagerService
05-20 14:05:59.397 I/SystemServer( 1682): No Wi-Fi NAN Service (NAN support Not Present)
05-20 14:05:59.499 I/SystemServiceManager( 1682): Starting com.android.server.wifi.p2p.WifiP2pService
05-20 14:05:59.634 I/UsageStatsService( 1682): User[0] Rollover scheduled @ 2021-05-21 14:05:57(1621605957720)
05-20 14:05:59.960 W/art     ( 1682): Suspending all threads took: 11.378ms
05-20 14:06:00.036 I/WifiP2pService( 1682): Registering wifip2p
05-20 14:06:00.071 I/SystemServiceManager( 1682): Starting com.android.server.wifi.WifiService
05-20 14:06:00.189 I/art     ( 1682): Background sticky concurrent mark sweep GC freed 33317(2MB) AllocSpace objects, 19(380KB) LOS objects, 25% free, 8MB/10MB, paused 20.312ms total 554.127ms
05-20 14:06:00.659 D/HS20    ( 1682): Passpoint is disabled
05-20 14:06:00.902 D/CommandListener( 1340): Clearing all IP addresses on wlan0
05-20 14:06:01.084 D/WifiApConfigStore( 1682): 2G band allowed channels are:1,6,11
05-20 14:06:01.091 E/WifiLogger( 1682): no ring buffers found
05-20 14:06:01.091 E/WifiLogger( 1682): Failed to start packet fate monitoring
05-20 14:06:01.147 D/WifiController( 1682): isAirplaneModeOn = true, isWifiEnabled = false, isScanningAvailable = false
05-20 14:06:01.204 I/WifiService( 1682): Registering wifi
05-20 14:06:01.222 I/SystemServiceManager( 1682): Starting com.android.server.wifi.scanner.WifiScanningService
05-20 14:06:01.222 I/WifiScanningService( 1682): Creating wifiscanner
05-20 14:06:01.261 I/WifiScanningService( 1682): Publishing wifiscanner
05-20 14:06:01.265 I/SystemServiceManager( 1682): Starting com.android.server.wifi.RttService
05-20 14:06:01.271 I/RttService( 1682): Creating rttmanager
05-20 14:06:01.290 I/RttService( 1682): Starting rttmanager
05-20 14:06:01.293 I/SystemServer( 1682): StartConnectivityService
05-20 14:06:01.357 D/ConnectivityService( 1682): ConnectivityService starting up
05-20 14:06:01.419 D/ConnectivityService( 1682): wifiOnly=false
05-20 14:06:01.534 I/SystemServer( 1682): StartNsdService
05-20 14:06:01.635 I/SystemServer( 1682): StartUpdateLockService
05-20 14:06:01.793 I/SystemServiceManager( 1682): Starting com.android.server.RecoverySystemService
05-20 14:06:01.857 I/SystemServiceManager( 1682): Starting com.android.server.notification.NotificationManagerService
05-20 14:06:02.254 D/ConditionProviders.SCP( 1682): new ScheduleConditionProvider()
05-20 14:06:02.325 D/ZenLog  ( 1682): config: readXml,ZenModeConfig[user=0,allowCalls=true,allowRepeatCallers=false,allowMessages=false,allowCallsFrom=contacts,allowMessagesFrom=contacts,allowReminders=true,allowEvents=true,allowWhenScreenOff=true,allowWhenScreenOn=true,automaticRules={370bd6672ef541ba946db9ac4aef0faf=ZenRule[enabled=false,snoozing=false,name=Weeknight,zenMode=ZEN_MODE_ALARMS,conditionId=condition://android/schedule?days=1.2.3.4.5&start=22.0&end=7.0&exitAtAlarm=false,condition=Condition[id=condition://android/schedule?days=1.2.3.4.5&start=22.0&end=7.0&exitAtAlarm=false,summary=...,line1=...,line2=...,icon=0,state=STATE_FALSE,flags=2],component=ComponentInfo{android/com.android.server.notification.ScheduleConditionProvider},id=370bd6672ef541ba946db9ac4aef0faf,creationTime=1590622727817,enabler=null], a53ffdf89c814123a52adbdd46bc948d=ZenRule[enabled=false,snoozing=false,name=Weekend,zenMode=ZEN_MODE_ALARMS,conditionId=condition://android/schedule?days=6.7&start=23.30&end=10.0&exitAtAlarm=false,condition=Condition[id=condition://android/schedule?days=6.7&start=23.30&end=10.0&exitAtAlarm=false,summary=...,line1=...,line2=...,icon=0,state=STATE_FALSE,flags=2],component=ComponentInfo{android/com.android.server.notification.ScheduleConditionProvider},id=a53ffdf89c814123a52adbdd46bc948d,creationTime=1590622727818,enabler=null], fc8bb1aacabb4877a1d1d167106f6e77=ZenRule[enabled=false,snoozing=false,name=Event,zenMode=ZEN_MODE_ALARMS,conditionId=condition://android/event?userId=-10000&calendar=&reply=1,condition=Condition[id=condition://android/event?userId=-10000&calendar=&reply=1,summary=...,line1=...,line2=...,icon=0,state=STATE_FALSE,flags=2],component=ComponentInfo{android/com.android.server.notification.EventConditionProvider},id=fc8bb1aacabb4877a1d1d167106f6e77,creationTime=1590622727822,enabler=null]},manualRule=null],Diff[automaticRule[370bd6672ef541ba946db9ac4aef0faf]:insert,automaticRule[fe961d7ed140429d826e07e73f79dd65]:delete,automaticRule[aaa70a61400442c88fe1106c8d021950]:delete,automaticRule[a53ffdf89c814123a52adbdd46bc948d]:insert,automaticRule[de2bae43a7d541a29cce4a2d963b4772]:delete,automaticRule[fc8bb1aacabb4877a1d1d167106f6e77]:insert]
05-20 14:06:02.454 D/ZenLog  ( 1682): set_zen_mode: off,init
05-20 14:06:02.491 I/SystemServiceManager( 1682): Starting com.android.server.storage.DeviceStorageMonitorService
05-20 14:06:02.553 I/SystemServer( 1682): StartLocationManagerService
05-20 14:06:02.578 I/SystemServer( 1682): StartCountryDetectorService
05-20 14:06:02.623 I/SystemServer( 1682): StartSearchManagerService
05-20 14:06:02.624 I/SystemServiceManager( 1682): Starting com.android.server.search.SearchManagerService$Lifecycle
05-20 14:06:02.638 I/SystemServiceManager( 1682): Starting com.android.server.DropBoxManagerService
05-20 14:06:02.683 I/SystemServer( 1682): StartWallpaperManagerService
05-20 14:06:02.684 I/SystemServiceManager( 1682): Starting com.android.server.wallpaper.WallpaperManagerService$Lifecycle
05-20 14:06:02.726 E/BitmapFactory( 1682): Unable to decode stream: java.io.FileNotFoundException: /data/system/users/0/wallpaper_orig (No such file or directory)
05-20 14:06:02.727 E/WallpaperManagerService( 1682): Invalid wallpaper data
05-20 14:06:02.727 E/WallpaperManagerService( 1682): Unable to apply new wallpaper
05-20 14:06:02.735 I/SystemServer( 1682): StartAudioService
05-20 14:06:02.735 I/SystemServiceManager( 1682): Starting com.android.server.audio.AudioService$Lifecycle
05-20 14:06:03.006 D/PermissionCache( 1325): checking android.permission.MODIFY_AUDIO_SETTINGS for uid=1000 => granted (18312 us)
05-20 14:06:03.032 W/TelecomManager( 1682): Telecom Service not found.
05-20 14:06:03.089 W/AudioFlinger( 1325): no wake lock to update, system not ready yet
05-20 14:06:03.403 I/SystemServiceManager( 1682): Starting com.android.server.DockObserver
05-20 14:06:03.405 W/DockObserver( 1682): This kernel does not have dock station support
05-20 14:06:03.480 I/SystemServer( 1682): StartWiredAccessoryManager
05-20 14:06:03.486 W/WiredAccessoryManager( 1682): This kernel does not have usb audio support
05-20 14:06:03.487 W/WiredAccessoryManager( 1682): This kernel does not have HDMI audio support
05-20 14:06:03.488 I/SystemServiceManager( 1682): Starting com.android.server.midi.MidiService$Lifecycle
05-20 14:06:03.504 I/SystemServiceManager( 1682): Starting com.android.server.usb.UsbService$Lifecycle
05-20 14:06:03.568 I/SystemServer( 1682): StartSerialService
05-20 14:06:03.614 E/HardwarePropertiesManagerService-JNI( 1682): Couldn't load thermal module (No such file or directory)
05-20 14:06:03.616 I/SystemServiceManager( 1682): Starting com.android.server.twilight.TwilightService
05-20 14:06:03.619 I/SystemServiceManager( 1682): Starting com.android.server.job.JobSchedulerService
05-20 14:06:03.698 I/SystemServiceManager( 1682): Starting com.android.server.soundtrigger.SoundTriggerService
05-20 14:06:03.713 I/SystemServiceManager( 1682): Starting com.android.server.backup.BackupManagerService$Lifecycle
05-20 14:06:03.730 I/SystemServiceManager( 1682): Starting com.android.server.appwidget.AppWidgetService
05-20 14:06:03.832 I/SystemServiceManager( 1682): Starting com.android.server.voiceinteraction.VoiceInteractionManagerService
05-20 14:06:03.869 I/SystemServer( 1682): Gesture Launcher Service
05-20 14:06:03.881 I/SystemServiceManager( 1682): Starting com.android.server.GestureLauncherService
05-20 14:06:03.883 I/SystemServiceManager( 1682): Starting com.android.server.SensorNotificationService
05-20 14:06:03.883 I/SystemServiceManager( 1682): Starting com.android.server.ContextHubSystemService
05-20 14:06:03.892 E/ContextHubService( 1682): ** Could not load context_hub module : err No such file or directory
05-20 14:06:03.892 W/ContextHubService( 1682): No Context Hub Module present
05-20 14:06:03.894 I/SystemServer( 1682): StartDiskStatsService
05-20 14:06:03.896 I/SystemServer( 1682): StartSamplingProfilerService
05-20 14:06:04.028 I/SystemServer( 1682): StartNetworkTimeUpdateService
05-20 14:06:04.052 I/SystemServer( 1682): StartCommonTimeManagementService
05-20 14:06:04.057 I/SystemServer( 1682): CertBlacklister
05-20 14:06:04.072 I/SystemServiceManager( 1682): Starting com.android.server.emergency.EmergencyAffordanceService
05-20 14:06:04.075 I/SystemServiceManager( 1682): Starting com.android.server.dreams.DreamManagerService
05-20 14:06:04.091 I/SystemServer( 1682): StartAssetAtlasService
05-20 14:06:04.127 I/SystemServiceManager( 1682): Starting com.android.server.print.PrintManagerService
05-20 14:06:04.158 D/AssetAtlas( 1682): Loaded configuration: SliceMinArea (1280x896) flags=0x2 count=91
05-20 14:06:04.173 I/SystemServiceManager( 1682): Starting com.android.server.restrictions.RestrictionsManagerService
05-20 14:06:04.178 I/SystemServiceManager( 1682): Starting com.android.server.media.MediaSessionService
05-20 14:06:04.215 I/SystemServer( 1682): StartMediaRouterService
05-20 14:06:04.219 I/SystemServiceManager( 1682): Starting com.android.server.trust.TrustManagerService
05-20 14:06:04.234 I/SystemServiceManager( 1682): Starting com.android.server.fingerprint.FingerprintService
05-20 14:06:04.355 D/gralloc_ranchu( 1682): Emulator without host-side GPU emulation detected. Loading gralloc.default.so from /vendor/lib64/hw/gralloc.goldfish.default.so...
05-20 14:06:04.359 D/gralloc_ranchu( 1682): gralloc.default.so not found in /vendor. Trying /system/lib64/hw/gralloc.goldfish.default.so...
05-20 14:06:04.377 D/PermissionCache( 1343): checking android.permission.MANAGE_FINGERPRINT for uid=1000 => granted (20404 us)
05-20 14:06:04.391 V/fingerprintd( 1343): nativeOpenHal()
05-20 14:06:04.407 D/FingerprintHal( 1343): ----------------> fingerprint_open ----------------->
05-20 14:06:04.409 E/fingerprintd( 1343): Wrong fp version. Expected 512, got 513
05-20 14:06:04.410 D/FingerprintHal( 1343): ----------------> set_notify_callback ----------------->
05-20 14:06:04.410 D/FingerprintHal( 1343): fingerprint callback notification set
05-20 14:06:04.410 V/fingerprintd( 1343): fingerprint HAL successfully initialized
05-20 14:06:04.437 V/fingerprintd( 1343): setActiveGroup(0, /data/system/users/0/fpdata, 27)
05-20 14:06:04.437 D/FingerprintHal( 1343): ----------------> fingerprint_set_active_group -----------------> path /data/system/users/0/fpdata
05-20 14:06:04.437 D/FingerprintHal( 1343): ----------------> loadFingerprints ----------------->
05-20 14:06:04.437 E/FingerprintHal( 1343): Could not load fingerprints from storage at /data/system/users/0/fpdata/emufp.bin; it has not yet been created.
05-20 14:06:04.438 D/FingerprintHal( 1343): ----------------> loadAuthenticatorId ----------------->
05-20 14:06:04.440 D/FingerprintHal( 1343): ----------------> listenerFunction ----------------->
05-20 14:06:04.442 D/FingerprintHal( 1343): Read authenticator id (0x6b8b4567327b23c6)
05-20 14:06:04.443 D/FingerprintHal( 1343): ----------------> fingerprint_get_auth_id ----------------->
05-20 14:06:04.443 D/FingerprintHal( 1343): ----------------> fingerprint_get_auth_id auth id 6b8b4567327b23c6----------------->
05-20 14:06:04.444 V/FingerprintService( 1682): Fingerprint HAL id: 130047155683328
05-20 14:06:04.446 I/SystemServer( 1682): StartBackgroundDexOptService
05-20 14:06:04.457 I/SystemServiceManager( 1682): Starting com.android.server.pm.ShortcutService$Lifecycle
05-20 14:06:04.491 I/SystemServiceManager( 1682): Starting com.android.server.pm.LauncherAppsService
05-20 14:06:04.565 I/SystemServiceManager( 1682): Starting com.android.server.media.projection.MediaProjectionManagerService
05-20 14:06:04.593 V/MediaRouter( 1682): Adding route: RouteInfo{ name=Phone, description=null, status=null, category=RouteCategory{ name=null types=ROUTE_TYPE_LIVE_AUDIO ROUTE_TYPE_LIVE_VIDEO  groupable=false }, supportedTypes=ROUTE_TYPE_LIVE_AUDIO ROUTE_TYPE_LIVE_VIDEO , presentationDisplay=null }
05-20 14:06:04.599 V/MediaRouter( 1682): Updating audio routes: AudioRoutesInfo{ type=SPEAKER }
05-20 14:06:04.672 V/MediaRouter( 1682): Selecting route: RouteInfo{ name=Phone, description=null, status=null, category=RouteCategory{ name=null types=ROUTE_TYPE_LIVE_AUDIO ROUTE_TYPE_LIVE_VIDEO  groupable=false }, supportedTypes=ROUTE_TYPE_LIVE_AUDIO ROUTE_TYPE_LIVE_VIDEO , presentationDisplay=null }
05-20 14:06:04.736 I/WindowManager( 1682): SAFE MODE not enabled
05-20 14:06:04.737 I/SystemServiceManager( 1682): Starting com.android.server.MmsServiceBroker
05-20 14:06:04.754 W/AssetAtlasService( 1682): Could not find EGL configuration
05-20 14:06:04.758 D/AssetAtlas( 1682): Rendered atlas in 243.58ms (240.64+2.94ms)
05-20 14:06:04.777 W/VibratorService( 1682): Tried to stop vibrating but there is no vibrator device.
05-20 14:06:05.341 I/art     ( 1682): Background partial concurrent mark sweep GC freed 19389(1483KB) AllocSpace objects, 6(120KB) LOS objects, 24% free, 12MB/16MB, paused 2.533ms total 856.183ms
05-20 14:06:05.498 E/LockSettingsStorage( 1682): Cannot read file java.io.FileNotFoundException: /data/system/gatekeeper.password.key: open failed: ENOENT (No such file or directory)
05-20 14:06:05.499 E/LockSettingsStorage( 1682): Cannot read file java.io.FileNotFoundException: /data/system/password.key: open failed: ENOENT (No such file or directory)
05-20 14:06:05.503 E/LockSettingsStorage( 1682): Cannot read file java.io.FileNotFoundException: /data/system/gatekeeper.pattern.key: open failed: ENOENT (No such file or directory)
05-20 14:06:05.505 E/LockSettingsStorage( 1682): Cannot read file java.io.FileNotFoundException: /data/system/gatekeeper.gesture.key: open failed: ENOENT (No such file or directory)
05-20 14:06:05.506 E/LockSettingsStorage( 1682): Cannot read file java.io.FileNotFoundException: /data/system/gesture.key: open failed: ENOENT (No such file or directory)
05-20 14:06:05.506 I/SystemServiceManager( 1682): Starting phase 480
05-20 14:06:05.542 I/DevicePolicyManagerService( 1682): Set ro.device_owner property to false
05-20 14:06:05.564 I/SystemServiceManager( 1682): Starting phase 500
05-20 14:06:05.605 D/ConnectivityMetricsLoggerService( 1682): onBootPhase: PHASE_SYSTEM_SERVICES_READY
05-20 14:06:05.708 I/WifiService( 1682): WifiService starting up with Wi-Fi disabled
05-20 14:06:05.727 I/WifiScanningService( 1682): Starting wifiscanner
05-20 14:06:05.746 I/RttService( 1682): Registering rttmanager
05-20 14:06:05.783 D/ZenLog  ( 1682): config: cleanUpZenRules,ZenModeConfig[user=0,allowCalls=true,allowRepeatCallers=false,allowMessages=false,allowCallsFrom=contacts,allowMessagesFrom=contacts,allowReminders=true,allowEvents=true,allowWhenScreenOff=true,allowWhenScreenOn=true,automaticRules={370bd6672ef541ba946db9ac4aef0faf=ZenRule[enabled=false,snoozing=false,name=Weeknight,zenMode=ZEN_MODE_ALARMS,conditionId=condition://android/schedule?days=1.2.3.4.5&start=22.0&end=7.0&exitAtAlarm=false,condition=Condition[id=condition://android/schedule?days=1.2.3.4.5&start=22.0&end=7.0&exitAtAlarm=false,summary=...,line1=...,line2=...,icon=0,state=STATE_FALSE,flags=2],component=ComponentInfo{android/com.android.server.notification.ScheduleConditionProvider},id=370bd6672ef541ba946db9ac4aef0faf,creationTime=1590622727817,enabler=null], a53ffdf89c814123a52adbdd46bc948d=ZenRule[enabled=false,snoozing=false,name=Weekend,zenMode=ZEN_MODE_ALARMS,conditionId=condition://android/schedule?days=6.7&start=23.30&end=10.0&exitAtAlarm=false,condition=Condition[id=condition://android/schedule?days=6.7&start=23.30&end=10.0&exitAtAlarm=false,summary=...,line1=...,line2=...,icon=0,state=STATE_FALSE,flags=2],component=ComponentInfo{android/com.android.server.notification.ScheduleConditionProvider},id=a53ffdf89c814123a52adbdd46bc948d,creationTime=1590622727818,enabler=null], fc8bb1aacabb4877a1d1d167106f6e77=ZenRule[enabled=false,snoozing=false,name=Event,zenMode=ZEN_MODE_ALARMS,conditionId=condition://android/event?userId=-10000&calendar=&reply=1,condition=Condition[id=condition://android/event?userId=-10000&calendar=&reply=1,summary=...,line1=...,line2=...,icon=0,state=STATE_FALSE,flags=2],component=ComponentInfo{android/com.android.server.notification.EventConditionProvider},id=fc8bb1aacabb4877a1d1d167106f6e77,creationTime=1590622727822,enabler=null]},manualRule=null],Diff[]
05-20 14:06:05.783 D/ZenLog  ( 1682): set_zen_mode: off,onSystemReady
05-20 14:06:05.805 D/PermissionCache( 1325): checking android.permission.CAPTURE_AUDIO_HOTWORD for uid=1000 => granted (809 us)
05-20 14:06:05.807 W/SoundTriggerHelper( 1682): listModules status=0, # of modules=0
05-20 14:06:05.807 D/ContextHubSystemService( 1682): onBootPhase: PHASE_SYSTEM_SERVICES_READY
05-20 14:06:06.026 V/UserManagerService( 1682): Found /data/user_de/0 with serial number 0
05-20 14:06:06.026 V/UserManagerService( 1682): Found /data/user/0 with serial number 0
05-20 14:06:06.027 V/UserManagerService( 1682): Found /data/system_de/0 with serial number 0
05-20 14:06:06.027 V/UserManagerService( 1682): Found /data/system_ce/0 with serial number 0
05-20 14:06:06.038 W/KeyguardServiceDelegate( 1682): onScreenTurningOn(): no keyguard service!
05-20 14:06:06.404 I/ActivityManager( 1682): System now ready
05-20 14:06:06.494 I/SystemServer( 1682): Making services ready
05-20 14:06:06.494 I/SystemServiceManager( 1682): Starting phase 550
05-20 14:06:07.040 W/WindowManager( 1682): Keyguard drawn timeout. Setting mKeyguardDrawComplete
05-20 14:06:07.065 E/InputMethodManagerService( 1682): Ignoring updateSystemUiLocked due to an invalid token. uid:1000 token:null
05-20 14:06:07.591 W/ActivityManager( 1682): Slow operation: 59ms so far, now at startProcess: done updating cpu stats
05-20 14:06:07.593 W/ActivityManager( 1682): Slow operation: 61ms so far, now at startProcess: getting gids from package manager
05-20 14:06:07.595 W/ActivityManager( 1682): Slow operation: 63ms so far, now at startProcess: building args
05-20 14:06:07.596 W/ActivityManager( 1682): Slow operation: 64ms so far, now at startProcess: asking zygote to start proc
05-20 14:06:07.672 I/Zygote  ( 1682): Process: zygote socket opened, supported ABIS: x86_64
05-20 14:06:07.777 W/ActivityManager( 1682): Slow operation: 245ms so far, now at startProcess: returned from zygote!
05-20 14:06:07.777 W/ActivityManager( 1682): Slow operation: 245ms so far, now at startProcess: done updating battery stats
05-20 14:06:07.778 W/ActivityManager( 1682): Slow operation: 246ms so far, now at startProcess: building log message
05-20 14:06:07.779 I/ActivityManager( 1682): Start proc 1969:com.android.inputmethod.latin/u0a41 for service com.android.inputmethod.latin/.LatinIME
05-20 14:06:07.779 W/ActivityManager( 1682): Slow operation: 247ms so far, now at startProcess: starting to update pids map
05-20 14:06:07.779 W/ActivityManager( 1682): Slow operation: 247ms so far, now at startProcess: done updating pids map
05-20 14:06:07.820 W/ActivityManager( 1682): Slow operation: 248ms so far, now at startProcess: done starting proc!
05-20 14:06:07.831 W/art     ( 1682): Long monitor contention with owner main (1682) at int com.android.server.am.ActivityManagerService.bindService(android.app.IApplicationThread, android.os.IBinder, android.content.Intent, java.lang.String, android.app.IServiceConnection, int, java.lang.String, int)(ActivityManagerService.java:17301) waiters=0 in void com.android.server.am.ActivityManagerService.dispatchUidsChanged() for 288ms
05-20 14:06:07.833 V/InputMethodManagerService( 1682): Adding window token: android.os.Binder@13c1d1b
05-20 14:06:07.834 D/MountService( 1682): Thinking about init, mSystemReady=true, mDaemonConnected=true
05-20 14:06:07.834 D/MountService( 1682): Setting up emulation state, initlocked=false
05-20 14:06:07.836 D/CryptdConnector( 1682): SND -> {2 cryptfs unlock_user_key 0 0 ! !}
05-20 14:06:07.846 D/vold    ( 1276): e4crypt_unlock_user_key 0 serial=0 token_present=0
05-20 14:06:07.851 D/CryptdConnector( 1682): RCV <- {200 2 Command succeeded}
05-20 14:06:07.906 E/BitmapFactory( 1682): Unable to decode stream: java.io.FileNotFoundException: /data/system/users/0/wallpaper_orig (No such file or directory)
05-20 14:06:07.906 E/WallpaperManagerService( 1682): Invalid wallpaper data
05-20 14:06:07.906 E/WallpaperManagerService( 1682): Unable to apply new wallpaper
05-20 14:06:07.912 D/MountService( 1682): Thinking about reset, mSystemReady=true, mDaemonConnected=true
05-20 14:06:07.914 D/VoldConnector( 1682): SND -> {3 volume reset}
05-20 14:06:07.919 D/vold    ( 1276): Recognized experimental block major ID 253 as virtio-blk (emulator's virtual SD card device)
05-20 14:06:07.920 I/ActivityManager( 1682): Force stopping com.android.providers.media appid=10010 user=-1: vold reset
05-20 14:06:07.931 D/VoldConnector( 1682): RCV <- {651 emulated 7}
05-20 14:06:07.932 D/VoldConnector( 1682): RCV <- {659 emulated}
05-20 14:06:07.933 D/VoldConnector( 1682): RCV <- {650 emulated 2 "" ""}
05-20 14:06:07.934 D/VoldConnector( 1682): RCV <- {651 emulated 0}
05-20 14:06:07.934 D/VoldConnector( 1682): RCV <- {651 public:253,48 7}
05-20 14:06:07.935 D/VoldConnector( 1682): RCV <- {659 public:253,48}
05-20 14:06:07.947 V/MountService( 1682): Found primary storage at VolumeInfo{emulated}:
05-20 14:06:07.947 V/MountService( 1682):     type=EMULATED diskId=null partGuid=null mountFlags=0 mountUserId=-1 
05-20 14:06:07.947 V/MountService( 1682):     state=UNMOUNTED 
05-20 14:06:07.947 V/MountService( 1682):     fsType=null fsUuid=null fsLabel=null 
05-20 14:06:07.947 V/MountService( 1682):     path=null internalPath=null 
05-20 14:06:07.961 V/vold    ( 1276): /system/bin/sgdisk
05-20 14:06:07.961 V/vold    ( 1276):     --android-dump
05-20 14:06:07.961 V/vold    ( 1276):     /dev/block/vold/disk:253,48
05-20 14:06:07.936 D/VoldConnector( 1682): RCV <- {649 disk:253,48}
05-20 14:06:07.965 D/VoldConnector( 1682): RCV <- {640 disk:253,48 5}
05-20 14:06:07.966 D/VoldConnector( 1682): RCV <- {641 disk:253,48 549453824}
05-20 14:06:07.967 D/VoldConnector( 1682): RCV <- {642 disk:253,48 Virtual}
05-20 14:06:07.967 D/VoldConnector( 1682): RCV <- {644 disk:253,48 /sys//devices/pci0000:00/0000:00:06.0/virtio3/block/vdd}
05-20 14:06:08.043 W/art     ( 1969): Unexpected CPU variant for X86 using defaults: x86_64
05-20 14:06:08.140 W/ActivityManager( 1682): Slow operation: 148ms so far, now at startProcess: returned from zygote!
05-20 14:06:08.141 W/ActivityManager( 1682): Slow operation: 149ms so far, now at startProcess: done updating battery stats
05-20 14:06:08.141 W/ActivityManager( 1682): Slow operation: 149ms so far, now at startProcess: building log message
05-20 14:06:08.141 I/ActivityManager( 1682): Start proc 1976:com.android.systemui/u0a21 for service com.android.systemui/.ImageWallpaper
05-20 14:06:08.141 W/ActivityManager( 1682): Slow operation: 149ms so far, now at startProcess: starting to update pids map
05-20 14:06:08.141 W/ActivityManager( 1682): Slow operation: 149ms so far, now at startProcess: done updating pids map
05-20 14:06:08.141 W/ActivityManager( 1682): Slow operation: 149ms so far, now at startProcess: done starting proc!
05-20 14:06:08.169 E/BluetoothAdapter( 1682): Bluetooth binder is null
05-20 14:06:08.173 W/art     ( 1976): Unexpected CPU variant for X86 using defaults: x86_64
05-20 14:06:08.188 D/UsbAlsaManager( 1682): Adding ALSA device AlsaDevice: [card: 0, device: 0, type: 1]
05-20 14:06:08.188 D/UsbAlsaManager( 1682): Adding ALSA device AlsaDevice: [card: 0, device: 0, type: 2]
05-20 14:06:08.215 E/BluetoothAdapter( 1682): Bluetooth binder is null
05-20 14:06:08.234 I/SystemServer( 1682): WebViewFactory preparation
05-20 14:06:08.261 I/AudioFlinger( 1325): systemReady
05-20 14:06:08.403 E/WVMExtractor( 1682): Failed to open libwvm.so: dlopen failed: library "libwvm.so" not found
05-20 14:06:08.412 D/WebViewFactory( 1682): Setting new address space to 114394000
05-20 14:06:08.777 V/vold    ( 1276): DISK mbr
05-20 14:06:08.777 V/vold    ( 1276): 
05-20 14:06:08.779 W/vold    ( 1276): disk:253,48 has unknown partition table; trying entire device
05-20 14:06:08.807 V/vold    ( 1276): /system/bin/blkid
05-20 14:06:08.807 V/vold    ( 1276):     -c
05-20 14:06:08.807 V/vold    ( 1276):     /dev/null
05-20 14:06:08.807 V/vold    ( 1276):     -s
05-20 14:06:08.807 V/vold    ( 1276):     TYPE
05-20 14:06:08.807 V/vold    ( 1276):     -s
05-20 14:06:08.807 V/vold    ( 1276):     UUID
05-20 14:06:08.807 V/vold    ( 1276):     -s
05-20 14:06:08.807 V/vold    ( 1276):     LABEL
05-20 14:06:08.807 V/vold    ( 1276):     /dev/block/vold/disk:253,48
05-20 14:06:08.894 I/Zygote  ( 1682): Process: zygote socket opened, supported ABIS: x86
05-20 14:06:08.942 I/MediaPlayerService( 1339): MediaPlayerService::getOMX
05-20 14:06:09.035 I/OMXClient( 1339): MuxOMX ctor
05-20 14:06:09.114 I/MediaPlayerService( 1339): MediaPlayerService::getOMX
05-20 14:06:09.130 I/OMXClient( 1339): MuxOMX ctor
05-20 14:06:09.136 I/OMXMaster( 1335): makeComponentInstance(OMX.google.mp3.decoder) in mediacodec process
05-20 14:06:09.360 I/art     ( 1324): Starting a blocking GC Background
05-20 14:06:09.592 V/vold    ( 1276): /dev/block/vold/disk:253,48: LABEL="SDCARD" UUID="1EFF-1C1B" TYPE="vfat" 
05-20 14:06:09.592 V/vold    ( 1276): 
05-20 14:06:09.599 D/VoldConnector( 1682): RCV <- {650 public:253,48 0 "disk:253,48" ""}
05-20 14:06:09.635 D/VoldConnector( 1682): RCV <- {651 public:253,48 0}
05-20 14:06:09.637 D/VoldConnector( 1682): RCV <- {643 disk:253,48}
05-20 14:06:09.642 D/VoldConnector( 1682): RCV <- {200 3 Command succeeded}
05-20 14:06:09.646 E/VoldConnector( 1682): NDC Command {3 volume reset} took too long (1731ms)
05-20 14:06:09.647 D/VoldConnector( 1682): SND -> {4 volume user_added 0 0}
05-20 14:06:09.649 D/VoldConnector( 1682): RCV <- {200 4 Command succeeded}
05-20 14:06:09.708 I/art     ( 1324): Background concurrent mark sweep GC freed 387(25KB) AllocSpace objects, 0(0B) LOS objects, 39% free, 6MB/10MB, paused 1.695ms total 343.512ms
05-20 14:06:09.776 I/MediaPlayerService( 1339): MediaPlayerService::getOMX
05-20 14:06:09.778 I/OMXClient( 1339): MuxOMX ctor
05-20 14:06:09.778 I/OMXMaster( 1335): makeComponentInstance(OMX.google.amrnb.decoder) in mediacodec process
05-20 14:06:09.826 I/MediaPlayerService( 1339): MediaPlayerService::getOMX
05-20 14:06:09.827 I/OMXClient( 1339): MuxOMX ctor
05-20 14:06:09.828 I/OMXMaster( 1335): makeComponentInstance(OMX.google.amrwb.decoder) in mediacodec process
05-20 14:06:09.862 I/MediaPlayerService( 1339): MediaPlayerService::getOMX
05-20 14:06:09.863 I/OMXClient( 1339): MuxOMX ctor
05-20 14:06:09.864 I/OMXMaster( 1335): makeComponentInstance(OMX.google.aac.decoder) in mediacodec process
05-20 14:06:09.963 I/MediaPlayerService( 1339): MediaPlayerService::getOMX
05-20 14:06:09.964 I/OMXClient( 1339): MuxOMX ctor
05-20 14:06:09.965 I/OMXMaster( 1335): makeComponentInstance(OMX.google.g711.alaw.decoder) in mediacodec process
05-20 14:06:10.220 W/ActivityManager( 1682): Slow operation: 1742ms so far, now at startProcess: returned from zygote!
05-20 14:06:10.221 W/ActivityManager( 1682): Slow operation: 1743ms so far, now at startProcess: done updating battery stats
05-20 14:06:10.221 W/ActivityManager( 1682): Slow operation: 1743ms so far, now at startProcess: building log message
05-20 14:06:10.221 I/ActivityManager( 1682): Start proc 2022:WebViewLoader-x86/1037 [android.webkit.WebViewFactory$RelroFileCreator] for 
05-20 14:06:10.221 W/ActivityManager( 1682): Slow operation: 1743ms so far, now at startProcess: starting to update pids map
05-20 14:06:10.222 W/ActivityManager( 1682): Slow operation: 1743ms so far, now at startProcess: done updating pids map
05-20 14:06:10.222 W/ActivityManager( 1682): Slow operation: 1771ms so far, now at startProcess: done starting proc!
05-20 14:06:10.240 W/art     ( 1682): Long monitor contention with owner main (1682) at int com.android.server.am.ActivityManagerService.startIsolatedProcess(java.lang.String, java.lang.String[], java.lang.String, java.lang.String, int, java.lang.Runnable)(ActivityManagerService.java:3509) waiters=0 in void com.android.server.am.ActivityManagerService.dispatchUidsChanged() for 1.763s
05-20 14:06:10.244 W/art     ( 1682): Long monitor contention with owner main (1682) at int com.android.server.am.ActivityManagerService.startIsolatedProcess(java.lang.String, java.lang.String[], java.lang.String, java.lang.String, int, java.lang.Runnable)(ActivityManagerService.java:3509) waiters=1 in void com.android.server.am.ActivityManagerService.attachApplication(android.app.IApplicationThread) for 1.697s
05-20 14:06:10.245 W/art     ( 1682): Long monitor contention with owner main (1682) at int com.android.server.am.ActivityManagerService.startIsolatedProcess(java.lang.String, java.lang.String[], java.lang.String, java.lang.String, int, java.lang.Runnable)(ActivityManagerService.java:3509) waiters=2 in void com.android.server.am.ActivityManagerService.attachApplication(android.app.IApplicationThread) for 1.662s
05-20 14:06:10.269 W/art     ( 2022): Unexpected CPU variant for X86 using defaults: x86
05-20 14:06:10.317 W/art     ( 2027): Unexpected CPU variant for X86 using defaults: x86_64
05-20 14:06:10.341 W/ActivityManager( 1682): Slow operation: 99ms so far, now at startProcess: returned from zygote!
05-20 14:06:10.341 W/ActivityManager( 1682): Slow operation: 99ms so far, now at startProcess: done updating battery stats
05-20 14:06:10.342 W/ActivityManager( 1682): Slow operation: 100ms so far, now at startProcess: building log message
05-20 14:06:10.342 I/ActivityManager( 1682): Start proc 2027:WebViewLoader-x86_64/1037 [android.webkit.WebViewFactory$RelroFileCreator] for 
05-20 14:06:10.342 W/ActivityManager( 1682): Slow operation: 100ms so far, now at startProcess: starting to update pids map
05-20 14:06:10.342 W/ActivityManager( 1682): Slow operation: 100ms so far, now at startProcess: done updating pids map
05-20 14:06:10.342 W/ActivityManager( 1682): Slow operation: 100ms so far, now at startProcess: done starting proc!
05-20 14:06:10.360 W/art     ( 1682): Long monitor contention with owner main (1682) at int com.android.server.am.ActivityManagerService.startIsolatedProcess(java.lang.String, java.lang.String[], java.lang.String, java.lang.String, int, java.lang.Runnable)(ActivityManagerService.java:3509) waiters=3 in int com.android.server.am.ActivityManagerService.getAppStartMode(int, java.lang.String) for 701ms
05-20 14:06:10.382 W/art     ( 1682): Long monitor contention with owner main (1682) at int com.android.server.am.ActivityManagerService.startIsolatedProcess(java.lang.String, java.lang.String[], java.lang.String, java.lang.String, int, java.lang.Runnable)(ActivityManagerService.java:3509) waiters=2 in void com.android.server.am.ActivityManagerService.attachApplication(android.app.IApplicationThread) for 136ms
05-20 14:06:10.402 D/NetworkManagement( 1682): enabling bandwidth control
05-20 14:06:10.485 V/WebViewFactory( 2027): RelroFileCreator (64bit = true),  32-bit lib: /system/app/webview/webview.apk!/lib/x86/libwebviewchromium.so, 64-bit lib: /system/app/webview/webview.apk!/lib/x86_64/libwebviewchromium.so
05-20 14:06:10.676 D/VoldConnector( 1682): SND -> {5 volume mount emulated 3 -1}
05-20 14:06:10.690 D/VoldConnector( 1682): RCV <- {651 emulated 1}
05-20 14:06:10.691 D/VoldConnector( 1682): RCV <- {656 emulated /data/media}
05-20 14:06:10.692 D/VoldConnector( 1682): RCV <- {655 emulated /storage/emulated}
05-20 14:06:10.744 V/vold    ( 1276): Waiting for FUSE to spin up...
05-20 14:06:10.771 V/WebViewFactory( 2022): RelroFileCreator (64bit = false),  32-bit lib: /system/app/webview/webview.apk!/lib/x86/libwebviewchromium.so, 64-bit lib: /system/app/webview/webview.apk!/lib/x86_64/libwebviewchromium.so
05-20 14:06:10.773 W/BroadcastQueue( 1682): Timeout of broadcast BroadcastRecord{4254f3d u-1 android.intent.action.TIME_TICK} - receiver=android.app.LoadedApk$ReceiverDispatcher$InnerReceiver@9962bfd, started 10003ms ago
05-20 14:06:10.774 W/BroadcastQueue( 1682): Receiver during timeout: BroadcastFilter{9045343 u0 ReceiverList{90600f2 1682 system/1000/u0 local:9962bfd}}
05-20 14:06:10.800 V/vold    ( 1276): Waiting for FUSE to spin up...
05-20 14:06:10.851 V/vold    ( 1276): Waiting for FUSE to spin up...
05-20 14:06:10.910 V/vold    ( 1276): Waiting for FUSE to spin up...
05-20 14:06:10.962 V/vold    ( 1276): Waiting for FUSE to spin up...
05-20 14:06:11.017 V/vold    ( 1276): Waiting for FUSE to spin up...
05-20 14:06:11.029 I/MediaPlayerService( 1339): MediaPlayerService::getOMX
05-20 14:06:11.070 V/vold    ( 1276): Waiting for FUSE to spin up...
05-20 14:06:11.114 W/System  ( 1976): ClassLoader referenced unknown path: /system/priv-app/SystemUI/lib/x86_64
05-20 14:06:11.124 I/OMXClient( 1339): MuxOMX ctor
05-20 14:06:11.125 I/OMXMaster( 1335): makeComponentInstance(OMX.google.g711.mlaw.decoder) in mediacodec process
05-20 14:06:11.130 V/vold    ( 1276): Waiting for FUSE to spin up...
05-20 14:06:11.185 V/vold    ( 1276): Waiting for FUSE to spin up...
05-20 14:06:11.241 V/vold    ( 1276): Waiting for FUSE to spin up...
05-20 14:06:11.293 V/vold    ( 1276): Waiting for FUSE to spin up...
05-20 14:06:11.344 V/vold    ( 1276): Waiting for FUSE to spin up...
05-20 14:06:11.395 V/vold    ( 1276): Waiting for FUSE to spin up...
05-20 14:06:11.447 V/vold    ( 1276): Waiting for FUSE to spin up...
05-20 14:06:11.481 W/sdcard  ( 2055): Device explicitly disabled sdcardfs
05-20 14:06:11.500 V/vold    ( 1276): Waiting for FUSE to spin up...
05-20 14:06:11.560 V/vold    ( 1276): Waiting for FUSE to spin up...
05-20 14:06:11.620 V/vold    ( 1276): Waiting for FUSE to spin up...
05-20 14:06:11.671 V/vold    ( 1276): Waiting for FUSE to spin up...
05-20 14:06:11.785 D/VoldConnector( 1682): RCV <- {651 emulated 2}
05-20 14:06:11.786 D/VoldConnector( 1682): RCV <- {200 5 Command succeeded}
05-20 14:06:11.787 E/VoldConnector( 1682): NDC Command {5 volume mount emulated 3 -1} took too long (1111ms)
05-20 14:06:11.789 D/VoldConnector( 1682): SND -> {6 volume mount public:253,48 2 0}
05-20 14:06:11.793 V/vold    ( 1276): /system/bin/blkid
05-20 14:06:11.793 V/vold    ( 1276):     -c
05-20 14:06:11.793 V/vold    ( 1276):     /dev/null
05-20 14:06:11.793 V/vold    ( 1276):     -s
05-20 14:06:11.793 V/vold    ( 1276):     TYPE
05-20 14:06:11.793 V/vold    ( 1276):     -s
05-20 14:06:11.793 V/vold    ( 1276):     UUID
05-20 14:06:11.793 V/vold    ( 1276):     -s
05-20 14:06:11.793 V/vold    ( 1276):     LABEL
05-20 14:06:11.793 V/vold    ( 1276):     /dev/block/vold/public:253,48
05-20 14:06:11.794 D/VoldConnector( 1682): RCV <- {651 public:253,48 1}
05-20 14:06:12.848 I/MediaPlayerService( 1339): MediaPlayerService::getOMX
05-20 14:06:12.876 I/OMXClient( 1339): MuxOMX ctor
05-20 14:06:12.882 I/OMXMaster( 1335): makeComponentInstance(OMX.google.vorbis.decoder) in mediacodec process
05-20 14:06:12.954 V/SystemUIService( 1976): Starting SystemUI services for user 0.
05-20 14:06:12.984 I/LatinIME( 1969): Hardware accelerated drawing: true
05-20 14:06:13.085 I/art     ( 2022): System.exit called, status: 0
05-20 14:06:13.086 I/AndroidRuntime( 2022): VM exiting with result code 0, cleanup skipped.
05-20 14:06:13.191 W/ActivityManager( 1682): Slow operation: 65ms so far, now at getContentProviderImpl: after updateOomAdj
05-20 14:06:13.191 W/ActivityManager( 1682): Slow operation: 66ms so far, now at getContentProviderImpl: done!
05-20 14:06:13.608 V/MediaRouter( 1976): Adding route: RouteInfo{ name=Phone, description=null, status=null, category=RouteCategory{ name=null types=ROUTE_TYPE_LIVE_AUDIO ROUTE_TYPE_LIVE_VIDEO  groupable=false }, supportedTypes=ROUTE_TYPE_LIVE_AUDIO ROUTE_TYPE_LIVE_VIDEO , presentationDisplay=null }
05-20 14:06:13.755 V/MediaRouter( 1976): Updating audio routes: AudioRoutesInfo{ type=SPEAKER }
05-20 14:06:13.794 V/MediaRouter( 1976): Selecting route: RouteInfo{ name=Phone, description=null, status=null, category=RouteCategory{ name=null types=ROUTE_TYPE_LIVE_AUDIO ROUTE_TYPE_LIVE_VIDEO  groupable=false }, supportedTypes=ROUTE_TYPE_LIVE_AUDIO ROUTE_TYPE_LIVE_VIDEO , presentationDisplay=null }
05-20 14:06:13.842 I/MediaPlayerService( 1339): MediaPlayerService::getOMX
05-20 14:06:13.843 I/OMXClient( 1339): MuxOMX ctor
