06-08 16:48:34.837 E/Hyphenator( 1325): 	at libcore.io.BlockGuardOs.open(BlockGuardOs.java:187)
06-08 16:48:34.837 E/Hyphenator( 1325): 	at libcore.io.IoBridge.open(IoBridge.java:441)
06-08 16:48:34.837 E/Hyphenator( 1325): 	... 6 more
06-08 16:48:34.838 E/Hyphenator( 1325): error loading hyphenation /system/usr/hyphen-data/hyph-et.hyb
06-08 16:48:34.838 E/Hyphenator( 1325): java.io.FileNotFoundException: /system/usr/hyphen-data/hyph-et.hyb: open failed: ENOENT (No such file or directory)
06-08 16:48:34.838 E/Hyphenator( 1325): 	at libcore.io.IoBridge.open(IoBridge.java:455)
06-08 16:48:34.838 E/Hyphenator( 1325): 	at java.io.RandomAccessFile.<init>(RandomAccessFile.java:247)
06-08 16:48:34.838 E/Hyphenator( 1325): 	at android.text.Hyphenator.loadHyphenator(Hyphenator.java:118)
06-08 16:48:34.838 E/Hyphenator( 1325): 	at android.text.Hyphenator.init(Hyphenator.java:224)
06-08 16:48:34.838 E/Hyphenator( 1325): 	at com.android.internal.os.ZygoteInit.preloadTextResources(ZygoteInit.java:252)
06-08 16:48:34.838 E/Hyphenator( 1325): 	at com.android.internal.os.ZygoteInit.preload(ZygoteInit.java:206)
06-08 16:48:34.838 E/Hyphenator( 1325): 	at com.android.internal.os.ZygoteInit.main(ZygoteInit.java:743)
06-08 16:48:34.838 E/Hyphenator( 1325): Caused by: android.system.ErrnoException: open failed: ENOENT (No such file or directory)
06-08 16:48:34.838 E/Hyphenator( 1325): 	at libcore.io.Posix.open(Native Method)
06-08 16:48:34.838 E/Hyphenator( 1325): 	at libcore.io.BlockGuardOs.open(BlockGuardOs.java:187)
06-08 16:48:34.838 E/Hyphenator( 1325): 	at libcore.io.IoBridge.open(IoBridge.java:441)
06-08 16:48:34.838 E/Hyphenator( 1325): 	... 6 more
06-08 16:48:34.891 E/Hyphenator( 1325): error loading hyphenation /system/usr/hyphen-data/hyph-eu.hyb
06-08 16:48:34.891 E/Hyphenator( 1325): java.io.FileNotFoundException: /system/usr/hyphen-data/hyph-eu.hyb: open failed: ENOENT (No such file or directory)
06-08 16:48:34.891 E/Hyphenator( 1325): 	at libcore.io.IoBridge.open(IoBridge.java:455)
06-08 16:48:34.891 E/Hyphenator( 1325): 	at java.io.RandomAccessFile.<init>(RandomAccessFile.java:247)
06-08 16:48:34.891 E/Hyphenator( 1325): 	at android.text.Hyphenator.loadHyphenator(Hyphenator.java:118)
06-08 16:48:34.891 E/Hyphenator( 1325): 	at android.text.Hyphenator.init(Hyphenator.java:224)
06-08 16:48:34.891 E/Hyphenator( 1325): 	at com.android.internal.os.ZygoteInit.preloadTextResources(ZygoteInit.java:252)
06-08 16:48:34.891 E/Hyphenator( 1325): 	at com.android.internal.os.ZygoteInit.preload(ZygoteInit.java:206)
06-08 16:48:34.891 E/Hyphenator( 1325): 	at com.android.internal.os.ZygoteInit.main(ZygoteInit.java:743)
06-08 16:48:34.891 E/Hyphenator( 1325): Caused by: android.system.ErrnoException: open failed: ENOENT (No such file or directory)
06-08 16:48:34.891 E/Hyphenator( 1325): 	at libcore.io.Posix.open(Native Method)
06-08 16:48:34.891 E/Hyphenator( 1325): 	at libcore.io.BlockGuardOs.open(BlockGuardOs.java:187)
06-08 16:48:34.891 E/Hyphenator( 1325): 	at libcore.io.IoBridge.open(IoBridge.java:441)
06-08 16:48:34.891 E/Hyphenator( 1325): 	... 6 more
06-08 16:48:34.893 E/Hyphenator( 1325): error loading hyphenation /system/usr/hyphen-data/hyph-fr.hyb
06-08 16:48:34.893 E/Hyphenator( 1325): java.io.FileNotFoundException: /system/usr/hyphen-data/hyph-fr.hyb: open failed: ENOENT (No such file or directory)
06-08 16:48:34.893 E/Hyphenator( 1325): 	at libcore.io.IoBridge.open(IoBridge.java:455)
06-08 16:48:34.893 E/Hyphenator( 1325): 	at java.io.RandomAccessFile.<init>(RandomAccessFile.java:247)
06-08 16:48:34.893 E/Hyphenator( 1325): 	at android.text.Hyphenator.loadHyphenator(Hyphenator.java:118)
06-08 16:48:34.893 E/Hyphenator( 1325): 	at android.text.Hyphenator.init(Hyphenator.java:224)
06-08 16:48:34.893 E/Hyphenator( 1325): 	at com.android.internal.os.ZygoteInit.preloadTextResources(ZygoteInit.java:252)
06-08 16:48:34.893 E/Hyphenator( 1325): 	at com.android.internal.os.ZygoteInit.preload(ZygoteInit.java:206)
06-08 16:48:34.893 E/Hyphenator( 1325): 	at com.android.internal.os.ZygoteInit.main(ZygoteInit.java:743)
06-08 16:48:34.893 E/Hyphenator( 1325): Caused by: android.system.ErrnoException: open failed: ENOENT (No such file or directory)
06-08 16:48:34.893 E/Hyphenator( 1325): 	at libcore.io.Posix.open(Native Method)
06-08 16:48:34.893 E/Hyphenator( 1325): 	at libcore.io.BlockGuardOs.open(BlockGuardOs.java:187)
06-08 16:48:34.893 E/Hyphenator( 1325): 	at libcore.io.IoBridge.open(IoBridge.java:441)
06-08 16:48:34.893 E/Hyphenator( 1325): 	... 6 more
06-08 16:48:34.894 E/Hyphenator( 1325): error loading hyphenation /system/usr/hyphen-data/hyph-ga.hyb
06-08 16:48:34.894 E/Hyphenator( 1325): java.io.FileNotFoundException: /system/usr/hyphen-data/hyph-ga.hyb: open failed: ENOENT (No such file or directory)
06-08 16:48:34.894 E/Hyphenator( 1325): 	at libcore.io.IoBridge.open(IoBridge.java:455)
06-08 16:48:34.894 E/Hyphenator( 1325): 	at java.io.RandomAccessFile.<init>(RandomAccessFile.java:247)
06-08 16:48:34.894 E/Hyphenator( 1325): 	at android.text.Hyphenator.loadHyphenator(Hyphenator.java:118)
06-08 16:48:34.894 E/Hyphenator( 1325): 	at android.text.Hyphenator.init(Hyphenator.java:224)
06-08 16:48:34.894 E/Hyphenator( 1325): 	at com.android.internal.os.ZygoteInit.preloadTextResources(ZygoteInit.java:252)
06-08 16:48:34.894 E/Hyphenator( 1325): 	at com.android.internal.os.ZygoteInit.preload(ZygoteInit.java:206)
06-08 16:48:34.894 E/Hyphenator( 1325): 	at com.android.internal.os.ZygoteInit.main(ZygoteInit.java:743)
06-08 16:48:34.894 E/Hyphenator( 1325): Caused by: android.system.ErrnoException: open failed: ENOENT (No such file or directory)
06-08 16:48:34.894 E/Hyphenator( 1325): 	at libcore.io.Posix.open(Native Method)
06-08 16:48:34.894 E/Hyphenator( 1325): 	at libcore.io.BlockGuardOs.open(BlockGuardOs.java:187)
06-08 16:48:34.894 E/Hyphenator( 1325): 	at libcore.io.IoBridge.open(IoBridge.java:441)
06-08 16:48:34.894 E/Hyphenator( 1325): 	... 6 more
06-08 16:48:34.896 E/Hyphenator( 1325): error loading hyphenation /system/usr/hyphen-data/hyph-gu.hyb
06-08 16:48:34.896 E/Hyphenator( 1325): java.io.FileNotFoundException: /system/usr/hyphen-data/hyph-gu.hyb: open failed: ENOENT (No such file or directory)
06-08 16:48:34.896 E/Hyphenator( 1325): 	at libcore.io.IoBridge.open(IoBridge.java:455)
06-08 16:48:34.896 E/Hyphenator( 1325): 	at java.io.RandomAccessFile.<init>(RandomAccessFile.java:247)
06-08 16:48:34.896 E/Hyphenator( 1325): 	at android.text.Hyphenator.loadHyphenator(Hyphenator.java:118)
06-08 16:48:34.896 E/Hyphenator( 1325): 	at android.text.Hyphenator.init(Hyphenator.java:224)
06-08 16:48:34.896 E/Hyphenator( 1325): 	at com.android.internal.os.ZygoteInit.preloadTextResources(ZygoteInit.java:252)
06-08 16:48:34.896 E/Hyphenator( 1325): 	at com.android.internal.os.ZygoteInit.preload(ZygoteInit.java:206)
06-08 16:48:34.896 E/Hyphenator( 1325): 	at com.android.internal.os.ZygoteInit.main(ZygoteInit.java:743)
06-08 16:48:34.896 E/Hyphenator( 1325): Caused by: android.system.ErrnoException: open failed: ENOENT (No such file or directory)
06-08 16:48:34.896 E/Hyphenator( 1325): 	at libcore.io.Posix.open(Native Method)
06-08 16:48:34.896 E/Hyphenator( 1325): 	at libcore.io.BlockGuardOs.open(BlockGuardOs.java:187)
06-08 16:48:34.896 E/Hyphenator( 1325): 	at libcore.io.IoBridge.open(IoBridge.java:441)
06-08 16:48:34.896 E/Hyphenator( 1325): 	... 6 more
06-08 16:48:34.897 E/Hyphenator( 1325): error loading hyphenation /system/usr/hyphen-data/hyph-hi.hyb
06-08 16:48:34.897 E/Hyphenator( 1325): java.io.FileNotFoundException: /system/usr/hyphen-data/hyph-hi.hyb: open failed: ENOENT (No such file or directory)
06-08 16:48:34.897 E/Hyphenator( 1325): 	at libcore.io.IoBridge.open(IoBridge.java:455)
06-08 16:48:34.897 E/Hyphenator( 1325): 	at java.io.RandomAccessFile.<init>(RandomAccessFile.java:247)
06-08 16:48:34.897 E/Hyphenator( 1325): 	at android.text.Hyphenator.loadHyphenator(Hyphenator.java:118)
06-08 16:48:34.897 E/Hyphenator( 1325): 	at android.text.Hyphenator.init(Hyphenator.java:224)
06-08 16:48:34.897 E/Hyphenator( 1325): 	at com.android.internal.os.ZygoteInit.preloadTextResources(ZygoteInit.java:252)
06-08 16:48:34.897 E/Hyphenator( 1325): 	at com.android.internal.os.ZygoteInit.preload(ZygoteInit.java:206)
06-08 16:48:34.897 E/Hyphenator( 1325): 	at com.android.internal.os.ZygoteInit.main(ZygoteInit.java:743)
06-08 16:48:34.897 E/Hyphenator( 1325): Caused by: android.system.ErrnoException: open failed: ENOENT (No such file or directory)
06-08 16:48:34.897 E/Hyphenator( 1325): 	at libcore.io.Posix.open(Native Method)
06-08 16:48:34.897 E/Hyphenator( 1325): 	at libcore.io.BlockGuardOs.open(BlockGuardOs.java:187)
06-08 16:48:34.897 E/Hyphenator( 1325): 	at libcore.io.IoBridge.open(IoBridge.java:441)
06-08 16:48:34.897 E/Hyphenator( 1325): 	... 6 more
06-08 16:48:34.898 E/Hyphenator( 1325): error loading hyphenation /system/usr/hyphen-data/hyph-hr.hyb
06-08 16:48:34.898 E/Hyphenator( 1325): java.io.FileNotFoundException: /system/usr/hyphen-data/hyph-hr.hyb: open failed: ENOENT (No such file or directory)
06-08 16:48:34.898 E/Hyphenator( 1325): 	at libcore.io.IoBridge.open(IoBridge.java:455)
06-08 16:48:34.898 E/Hyphenator( 1325): 	at java.io.RandomAccessFile.<init>(RandomAccessFile.java:247)
06-08 16:48:34.898 E/Hyphenator( 1325): 	at android.text.Hyphenator.loadHyphenator(Hyphenator.java:118)
06-08 16:48:34.898 E/Hyphenator( 1325): 	at android.text.Hyphenator.init(Hyphenator.java:224)
06-08 16:48:34.898 E/Hyphenator( 1325): 	at com.android.internal.os.ZygoteInit.preloadTextResources(ZygoteInit.java:252)
06-08 16:48:34.898 E/Hyphenator( 1325): 	at com.android.internal.os.ZygoteInit.preload(ZygoteInit.java:206)
06-08 16:48:34.898 E/Hyphenator( 1325): 	at com.android.internal.os.ZygoteInit.main(ZygoteInit.java:743)
06-08 16:48:34.898 E/Hyphenator( 1325): Caused by: android.system.ErrnoException: open failed: ENOENT (No such file or directory)
06-08 16:48:34.898 E/Hyphenator( 1325): 	at libcore.io.Posix.open(Native Method)
06-08 16:48:34.898 E/Hyphenator( 1325): 	at libcore.io.BlockGuardOs.open(BlockGuardOs.java:187)
06-08 16:48:34.898 E/Hyphenator( 1325): 	at libcore.io.IoBridge.open(IoBridge.java:441)
06-08 16:48:34.898 E/Hyphenator( 1325): 	... 6 more
06-08 16:48:34.899 E/Hyphenator( 1325): error loading hyphenation /system/usr/hyphen-data/hyph-hu.hyb
06-08 16:48:34.899 E/Hyphenator( 1325): java.io.FileNotFoundException: /system/usr/hyphen-data/hyph-hu.hyb: open failed: ENOENT (No such file or directory)
06-08 16:48:34.899 E/Hyphenator( 1325): 	at libcore.io.IoBridge.open(IoBridge.java:455)
06-08 16:48:34.899 E/Hyphenator( 1325): 	at java.io.RandomAccessFile.<init>(RandomAccessFile.java:247)
06-08 16:48:34.899 E/Hyphenator( 1325): 	at android.text.Hyphenator.loadHyphenator(Hyphenator.java:118)
06-08 16:48:34.899 E/Hyphenator( 1325): 	at android.text.Hyphenator.init(Hyphenator.java:224)
06-08 16:48:34.899 E/Hyphenator( 1325): 	at com.android.internal.os.ZygoteInit.preloadTextResources(ZygoteInit.java:252)
06-08 16:48:34.899 E/Hyphenator( 1325): 	at com.android.internal.os.ZygoteInit.preload(ZygoteInit.java:206)
06-08 16:48:34.899 E/Hyphenator( 1325): 	at com.android.internal.os.ZygoteInit.main(ZygoteInit.java:743)
06-08 16:48:34.899 E/Hyphenator( 1325): Caused by: android.system.ErrnoException: open failed: ENOENT (No such file or directory)
06-08 16:48:34.899 E/Hyphenator( 1325): 	at libcore.io.Posix.open(Native Method)
06-08 16:48:34.899 E/Hyphenator( 1325): 	at libcore.io.BlockGuardOs.open(BlockGuardOs.java:187)
06-08 16:48:34.899 E/Hyphenator( 1325): 	at libcore.io.IoBridge.open(IoBridge.java:441)
06-08 16:48:34.899 E/Hyphenator( 1325): 	... 6 more
06-08 16:48:34.962 E/Hyphenator( 1325): error loading hyphenation /system/usr/hyphen-data/hyph-hy.hyb
06-08 16:48:34.962 E/Hyphenator( 1325): java.io.FileNotFoundException: /system/usr/hyphen-data/hyph-hy.hyb: open failed: ENOENT (No such file or directory)
06-08 16:48:34.962 E/Hyphenator( 1325): 	at libcore.io.IoBridge.open(IoBridge.java:455)
06-08 16:48:34.962 E/Hyphenator( 1325): 	at java.io.RandomAccessFile.<init>(RandomAccessFile.java:247)
06-08 16:48:34.962 E/Hyphenator( 1325): 	at android.text.Hyphenator.loadHyphenator(Hyphenator.java:118)
06-08 16:48:34.962 E/Hyphenator( 1325): 	at android.text.Hyphenator.init(Hyphenator.java:224)
06-08 16:48:34.962 E/Hyphenator( 1325): 	at com.android.internal.os.ZygoteInit.preloadTextResources(ZygoteInit.java:252)
06-08 16:48:34.962 E/Hyphenator( 1325): 	at com.android.internal.os.ZygoteInit.preload(ZygoteInit.java:206)
06-08 16:48:34.962 E/Hyphenator( 1325): 	at com.android.internal.os.ZygoteInit.main(ZygoteInit.java:743)
06-08 16:48:34.962 E/Hyphenator( 1325): Caused by: android.system.ErrnoException: open failed: ENOENT (No such file or directory)
06-08 16:48:34.962 E/Hyphenator( 1325): 	at libcore.io.Posix.open(Native Method)
06-08 16:48:34.962 E/Hyphenator( 1325): 	at libcore.io.BlockGuardOs.open(BlockGuardOs.java:187)
06-08 16:48:34.962 E/Hyphenator( 1325): 	at libcore.io.IoBridge.open(IoBridge.java:441)
06-08 16:48:34.962 E/Hyphenator( 1325): 	... 6 more
06-08 16:48:34.963 E/Hyphenator( 1325): error loading hyphenation /system/usr/hyphen-data/hyph-kn.hyb
06-08 16:48:34.963 E/Hyphenator( 1325): java.io.FileNotFoundException: /system/usr/hyphen-data/hyph-kn.hyb: open failed: ENOENT (No such file or directory)
06-08 16:48:34.963 E/Hyphenator( 1325): 	at libcore.io.IoBridge.open(IoBridge.java:455)
06-08 16:48:34.963 E/Hyphenator( 1325): 	at java.io.RandomAccessFile.<init>(RandomAccessFile.java:247)
06-08 16:48:34.963 E/Hyphenator( 1325): 	at android.text.Hyphenator.loadHyphenator(Hyphenator.java:118)
06-08 16:48:34.963 E/Hyphenator( 1325): 	at android.text.Hyphenator.init(Hyphenator.java:224)
06-08 16:48:34.963 E/Hyphenator( 1325): 	at com.android.internal.os.ZygoteInit.preloadTextResources(ZygoteInit.java:252)
06-08 16:48:34.963 E/Hyphenator( 1325): 	at com.android.internal.os.ZygoteInit.preload(ZygoteInit.java:206)
06-08 16:48:34.963 E/Hyphenator( 1325): 	at com.android.internal.os.ZygoteInit.main(ZygoteInit.java:743)
06-08 16:48:34.963 E/Hyphenator( 1325): Caused by: android.system.ErrnoException: open failed: ENOENT (No such file or directory)
06-08 16:48:34.963 E/Hyphenator( 1325): 	at libcore.io.Posix.open(Native Method)
06-08 16:48:34.963 E/Hyphenator( 1325): 	at libcore.io.BlockGuardOs.open(BlockGuardOs.java:187)
06-08 16:48:34.963 E/Hyphenator( 1325): 	at libcore.io.IoBridge.open(IoBridge.java:441)
06-08 16:48:34.963 E/Hyphenator( 1325): 	... 6 more
06-08 16:48:34.964 E/Hyphenator( 1325): error loading hyphenation /system/usr/hyphen-data/hyph-ml.hyb
06-08 16:48:34.964 E/Hyphenator( 1325): java.io.FileNotFoundException: /system/usr/hyphen-data/hyph-ml.hyb: open failed: ENOENT (No such file or directory)
06-08 16:48:34.964 E/Hyphenator( 1325): 	at libcore.io.IoBridge.open(IoBridge.java:455)
06-08 16:48:34.964 E/Hyphenator( 1325): 	at java.io.RandomAccessFile.<init>(RandomAccessFile.java:247)
06-08 16:48:34.964 E/Hyphenator( 1325): 	at android.text.Hyphenator.loadHyphenator(Hyphenator.java:118)
06-08 16:48:34.964 E/Hyphenator( 1325): 	at android.text.Hyphenator.init(Hyphenator.java:224)
06-08 16:48:34.964 E/Hyphenator( 1325): 	at com.android.internal.os.ZygoteInit.preloadTextResources(ZygoteInit.java:252)
06-08 16:48:34.964 E/Hyphenator( 1325): 	at com.android.internal.os.ZygoteInit.preload(ZygoteInit.java:206)
06-08 16:48:34.964 E/Hyphenator( 1325): 	at com.android.internal.os.ZygoteInit.main(ZygoteInit.java:743)
06-08 16:48:34.964 E/Hyphenator( 1325): Caused by: android.system.ErrnoException: open failed: ENOENT (No such file or directory)
06-08 16:48:34.964 E/Hyphenator( 1325): 	at libcore.io.Posix.open(Native Method)
06-08 16:48:34.964 E/Hyphenator( 1325): 	at libcore.io.BlockGuardOs.open(BlockGuardOs.java:187)
06-08 16:48:34.964 E/Hyphenator( 1325): 	at libcore.io.IoBridge.open(IoBridge.java:441)
06-08 16:48:34.964 E/Hyphenator( 1325): 	... 6 more
06-08 16:48:34.966 E/Hyphenator( 1325): error loading hyphenation /system/usr/hyphen-data/hyph-mn-cyrl.hyb
06-08 16:48:34.966 E/Hyphenator( 1325): java.io.FileNotFoundException: /system/usr/hyphen-data/hyph-mn-cyrl.hyb: open failed: ENOENT (No such file or directory)
06-08 16:48:34.966 E/Hyphenator( 1325): 	at libcore.io.IoBridge.open(IoBridge.java:455)
06-08 16:48:34.966 E/Hyphenator( 1325): 	at java.io.RandomAccessFile.<init>(RandomAccessFile.java:247)
06-08 16:48:34.966 E/Hyphenator( 1325): 	at android.text.Hyphenator.loadHyphenator(Hyphenator.java:118)
06-08 16:48:34.966 E/Hyphenator( 1325): 	at android.text.Hyphenator.init(Hyphenator.java:224)
06-08 16:48:34.966 E/Hyphenator( 1325): 	at com.android.internal.os.ZygoteInit.preloadTextResources(ZygoteInit.java:252)
06-08 16:48:34.966 E/Hyphenator( 1325): 	at com.android.internal.os.ZygoteInit.preload(ZygoteInit.java:206)
06-08 16:48:34.966 E/Hyphenator( 1325): 	at com.android.internal.os.ZygoteInit.main(ZygoteInit.java:743)
06-08 16:48:34.966 E/Hyphenator( 1325): Caused by: android.system.ErrnoException: open failed: ENOENT (No such file or directory)
06-08 16:48:34.966 E/Hyphenator( 1325): 	at libcore.io.Posix.open(Native Method)
06-08 16:48:34.966 E/Hyphenator( 1325): 	at libcore.io.BlockGuardOs.open(BlockGuardOs.java:187)
06-08 16:48:34.966 E/Hyphenator( 1325): 	at libcore.io.IoBridge.open(IoBridge.java:441)
06-08 16:48:34.966 E/Hyphenator( 1325): 	... 6 more
06-08 16:48:34.967 E/Hyphenator( 1325): error loading hyphenation /system/usr/hyphen-data/hyph-mr.hyb
06-08 16:48:34.967 E/Hyphenator( 1325): java.io.FileNotFoundException: /system/usr/hyphen-data/hyph-mr.hyb: open failed: ENOENT (No such file or directory)
06-08 16:48:34.967 E/Hyphenator( 1325): 	at libcore.io.IoBridge.open(IoBridge.java:455)
06-08 16:48:34.967 E/Hyphenator( 1325): 	at java.io.RandomAccessFile.<init>(RandomAccessFile.java:247)
06-08 16:48:34.967 E/Hyphenator( 1325): 	at android.text.Hyphenator.loadHyphenator(Hyphenator.java:118)
06-08 16:48:34.967 E/Hyphenator( 1325): 	at android.text.Hyphenator.init(Hyphenator.java:224)
06-08 16:48:34.967 E/Hyphenator( 1325): 	at com.android.internal.os.ZygoteInit.preloadTextResources(ZygoteInit.java:252)
06-08 16:48:34.967 E/Hyphenator( 1325): 	at com.android.internal.os.ZygoteInit.preload(ZygoteInit.java:206)
06-08 16:48:34.967 E/Hyphenator( 1325): 	at com.android.internal.os.ZygoteInit.main(ZygoteInit.java:743)
06-08 16:48:34.967 E/Hyphenator( 1325): Caused by: android.system.ErrnoException: open failed: ENOENT (No such file or directory)
06-08 16:48:34.967 E/Hyphenator( 1325): 	at libcore.io.Posix.open(Native Method)
06-08 16:48:34.967 E/Hyphenator( 1325): 	at libcore.io.BlockGuardOs.open(BlockGuardOs.java:187)
06-08 16:48:34.967 E/Hyphenator( 1325): 	at libcore.io.IoBridge.open(IoBridge.java:441)
06-08 16:48:34.967 E/Hyphenator( 1325): 	... 6 more
06-08 16:48:34.968 E/Hyphenator( 1325): error loading hyphenation /system/usr/hyphen-data/hyph-nb.hyb
06-08 16:48:34.968 E/Hyphenator( 1325): java.io.FileNotFoundException: /system/usr/hyphen-data/hyph-nb.hyb: open failed: ENOENT (No such file or directory)
06-08 16:48:34.968 E/Hyphenator( 1325): 	at libcore.io.IoBridge.open(IoBridge.java:455)
06-08 16:48:34.968 E/Hyphenator( 1325): 	at java.io.RandomAccessFile.<init>(RandomAccessFile.java:247)
06-08 16:48:34.968 E/Hyphenator( 1325): 	at android.text.Hyphenator.loadHyphenator(Hyphenator.java:118)
06-08 16:48:34.968 E/Hyphenator( 1325): 	at android.text.Hyphenator.init(Hyphenator.java:224)
06-08 16:48:34.968 E/Hyphenator( 1325): 	at com.android.internal.os.ZygoteInit.preloadTextResources(ZygoteInit.java:252)
06-08 16:48:34.968 E/Hyphenator( 1325): 	at com.android.internal.os.ZygoteInit.preload(ZygoteInit.java:206)
06-08 16:48:34.968 E/Hyphenator( 1325): 	at com.android.internal.os.ZygoteInit.main(ZygoteInit.java:743)
06-08 16:48:34.968 E/Hyphenator( 1325): Caused by: android.system.ErrnoException: open failed: ENOENT (No such file or directory)
06-08 16:48:34.968 E/Hyphenator( 1325): 	at libcore.io.Posix.open(Native Method)
06-08 16:48:34.968 E/Hyphenator( 1325): 	at libcore.io.BlockGuardOs.open(BlockGuardOs.java:187)
06-08 16:48:34.968 E/Hyphenator( 1325): 	at libcore.io.IoBridge.open(IoBridge.java:441)
06-08 16:48:34.968 E/Hyphenator( 1325): 	... 6 more
06-08 16:48:34.970 E/Hyphenator( 1325): error loading hyphenation /system/usr/hyphen-data/hyph-nn.hyb
06-08 16:48:34.970 E/Hyphenator( 1325): java.io.FileNotFoundException: /system/usr/hyphen-data/hyph-nn.hyb: open failed: ENOENT (No such file or directory)
06-08 16:48:34.970 E/Hyphenator( 1325): 	at libcore.io.IoBridge.open(IoBridge.java:455)
06-08 16:48:34.970 E/Hyphenator( 1325): 	at java.io.RandomAccessFile.<init>(RandomAccessFile.java:247)
06-08 16:48:34.970 E/Hyphenator( 1325): 	at android.text.Hyphenator.loadHyphenator(Hyphenator.java:118)
06-08 16:48:34.970 E/Hyphenator( 1325): 	at android.text.Hyphenator.init(Hyphenator.java:224)
06-08 16:48:34.970 E/Hyphenator( 1325): 	at com.android.internal.os.ZygoteInit.preloadTextResources(ZygoteInit.java:252)
06-08 16:48:34.970 E/Hyphenator( 1325): 	at com.android.internal.os.ZygoteInit.preload(ZygoteInit.java:206)
06-08 16:48:34.970 E/Hyphenator( 1325): 	at com.android.internal.os.ZygoteInit.main(ZygoteInit.java:743)
06-08 16:48:34.970 E/Hyphenator( 1325): Caused by: android.system.ErrnoException: open failed: ENOENT (No such file or directory)
06-08 16:48:34.970 E/Hyphenator( 1325): 	at libcore.io.Posix.open(Native Method)
06-08 16:48:34.970 E/Hyphenator( 1325): 	at libcore.io.BlockGuardOs.open(BlockGuardOs.java:187)
06-08 16:48:34.970 E/Hyphenator( 1325): 	at libcore.io.IoBridge.open(IoBridge.java:441)
06-08 16:48:34.970 E/Hyphenator( 1325): 	... 6 more
06-08 16:48:35.063 E/Hyphenator( 1325): error loading hyphenation /system/usr/hyphen-data/hyph-or.hyb
06-08 16:48:35.063 E/Hyphenator( 1325): java.io.FileNotFoundException: /system/usr/hyphen-data/hyph-or.hyb: open failed: ENOENT (No such file or directory)
06-08 16:48:35.063 E/Hyphenator( 1325): 	at libcore.io.IoBridge.open(IoBridge.java:455)
06-08 16:48:35.063 E/Hyphenator( 1325): 	at java.io.RandomAccessFile.<init>(RandomAccessFile.java:247)
06-08 16:48:35.063 E/Hyphenator( 1325): 	at android.text.Hyphenator.loadHyphenator(Hyphenator.java:118)
06-08 16:48:35.063 E/Hyphenator( 1325): 	at android.text.Hyphenator.init(Hyphenator.java:224)
06-08 16:48:35.063 E/Hyphenator( 1325): 	at com.android.internal.os.ZygoteInit.preloadTextResources(ZygoteInit.java:252)
06-08 16:48:35.063 E/Hyphenator( 1325): 	at com.android.internal.os.ZygoteInit.preload(ZygoteInit.java:206)
06-08 16:48:35.063 E/Hyphenator( 1325): 	at com.android.internal.os.ZygoteInit.main(ZygoteInit.java:743)
06-08 16:48:35.063 E/Hyphenator( 1325): Caused by: android.system.ErrnoException: open failed: ENOENT (No such file or directory)
06-08 16:48:35.063 E/Hyphenator( 1325): 	at libcore.io.Posix.open(Native Method)
06-08 16:48:35.063 E/Hyphenator( 1325): 	at libcore.io.BlockGuardOs.open(BlockGuardOs.java:187)
06-08 16:48:35.063 E/Hyphenator( 1325): 	at libcore.io.IoBridge.open(IoBridge.java:441)
06-08 16:48:35.063 E/Hyphenator( 1325): 	... 6 more
06-08 16:48:35.064 E/Hyphenator( 1325): error loading hyphenation /system/usr/hyphen-data/hyph-pa.hyb
06-08 16:48:35.064 E/Hyphenator( 1325): java.io.FileNotFoundException: /system/usr/hyphen-data/hyph-pa.hyb: open failed: ENOENT (No such file or directory)
06-08 16:48:35.064 E/Hyphenator( 1325): 	at libcore.io.IoBridge.open(IoBridge.java:455)
06-08 16:48:35.064 E/Hyphenator( 1325): 	at java.io.RandomAccessFile.<init>(RandomAccessFile.java:247)
06-08 16:48:35.064 E/Hyphenator( 1325): 	at android.text.Hyphenator.loadHyphenator(Hyphenator.java:118)
06-08 16:48:35.064 E/Hyphenator( 1325): 	at android.text.Hyphenator.init(Hyphenator.java:224)
06-08 16:48:35.064 E/Hyphenator( 1325): 	at com.android.internal.os.ZygoteInit.preloadTextResources(ZygoteInit.java:252)
06-08 16:48:35.064 E/Hyphenator( 1325): 	at com.android.internal.os.ZygoteInit.preload(ZygoteInit.java:206)
06-08 16:48:35.064 E/Hyphenator( 1325): 	at com.android.internal.os.ZygoteInit.main(ZygoteInit.java:743)
06-08 16:48:35.064 E/Hyphenator( 1325): Caused by: android.system.ErrnoException: open failed: ENOENT (No such file or directory)
06-08 16:48:35.064 E/Hyphenator( 1325): 	at libcore.io.Posix.open(Native Method)
06-08 16:48:35.064 E/Hyphenator( 1325): 	at libcore.io.BlockGuardOs.open(BlockGuardOs.java:187)
06-08 16:48:35.064 E/Hyphenator( 1325): 	at libcore.io.IoBridge.open(IoBridge.java:441)
06-08 16:48:35.064 E/Hyphenator( 1325): 	... 6 more
06-08 16:48:35.066 E/Hyphenator( 1325): error loading hyphenation /system/usr/hyphen-data/hyph-pt.hyb
06-08 16:48:35.066 E/Hyphenator( 1325): java.io.FileNotFoundException: /system/usr/hyphen-data/hyph-pt.hyb: open failed: ENOENT (No such file or directory)
06-08 16:48:35.066 E/Hyphenator( 1325): 	at libcore.io.IoBridge.open(IoBridge.java:455)
06-08 16:48:35.066 E/Hyphenator( 1325): 	at java.io.RandomAccessFile.<init>(RandomAccessFile.java:247)
06-08 16:48:35.066 E/Hyphenator( 1325): 	at android.text.Hyphenator.loadHyphenator(Hyphenator.java:118)
06-08 16:48:35.066 E/Hyphenator( 1325): 	at android.text.Hyphenator.init(Hyphenator.java:224)
06-08 16:48:35.066 E/Hyphenator( 1325): 	at com.android.internal.os.ZygoteInit.preloadTextResources(ZygoteInit.java:252)
06-08 16:48:35.066 E/Hyphenator( 1325): 	at com.android.internal.os.ZygoteInit.preload(ZygoteInit.java:206)
06-08 16:48:35.066 E/Hyphenator( 1325): 	at com.android.internal.os.ZygoteInit.main(ZygoteInit.java:743)
06-08 16:48:35.066 E/Hyphenator( 1325): Caused by: android.system.ErrnoException: open failed: ENOENT (No such file or directory)
06-08 16:48:35.066 E/Hyphenator( 1325): 	at libcore.io.Posix.open(Native Method)
06-08 16:48:35.066 E/Hyphenator( 1325): 	at libcore.io.BlockGuardOs.open(BlockGuardOs.java:187)
06-08 16:48:35.066 E/Hyphenator( 1325): 	at libcore.io.IoBridge.open(IoBridge.java:441)
06-08 16:48:35.066 E/Hyphenator( 1325): 	... 6 more
06-08 16:48:35.067 E/Hyphenator( 1325): error loading hyphenation /system/usr/hyphen-data/hyph-sl.hyb
06-08 16:48:35.067 E/Hyphenator( 1325): java.io.FileNotFoundException: /system/usr/hyphen-data/hyph-sl.hyb: open failed: ENOENT (No such file or directory)
06-08 16:48:35.067 E/Hyphenator( 1325): 	at libcore.io.IoBridge.open(IoBridge.java:455)
06-08 16:48:35.067 E/Hyphenator( 1325): 	at java.io.RandomAccessFile.<init>(RandomAccessFile.java:247)
06-08 16:48:35.067 E/Hyphenator( 1325): 	at android.text.Hyphenator.loadHyphenator(Hyphenator.java:118)
06-08 16:48:35.067 E/Hyphenator( 1325): 	at android.text.Hyphenator.init(Hyphenator.java:224)
06-08 16:48:35.067 E/Hyphenator( 1325): 	at com.android.internal.os.ZygoteInit.preloadTextResources(ZygoteInit.java:252)
06-08 16:48:35.067 E/Hyphenator( 1325): 	at com.android.internal.os.ZygoteInit.preload(ZygoteInit.java:206)
06-08 16:48:35.067 E/Hyphenator( 1325): 	at com.android.internal.os.ZygoteInit.main(ZygoteInit.java:743)
06-08 16:48:35.067 E/Hyphenator( 1325): Caused by: android.system.ErrnoException: open failed: ENOENT (No such file or directory)
06-08 16:48:35.067 E/Hyphenator( 1325): 	at libcore.io.Posix.open(Native Method)
06-08 16:48:35.067 E/Hyphenator( 1325): 	at libcore.io.BlockGuardOs.open(BlockGuardOs.java:187)
06-08 16:48:35.067 E/Hyphenator( 1325): 	at libcore.io.IoBridge.open(IoBridge.java:441)
06-08 16:48:35.067 E/Hyphenator( 1325): 	... 6 more
06-08 16:48:35.068 E/Hyphenator( 1325): error loading hyphenation /system/usr/hyphen-data/hyph-ta.hyb
06-08 16:48:35.068 E/Hyphenator( 1325): java.io.FileNotFoundException: /system/usr/hyphen-data/hyph-ta.hyb: open failed: ENOENT (No such file or directory)
06-08 16:48:35.068 E/Hyphenator( 1325): 	at libcore.io.IoBridge.open(IoBridge.java:455)
06-08 16:48:35.068 E/Hyphenator( 1325): 	at java.io.RandomAccessFile.<init>(RandomAccessFile.java:247)
06-08 16:48:35.068 E/Hyphenator( 1325): 	at android.text.Hyphenator.loadHyphenator(Hyphenator.java:118)
06-08 16:48:35.068 E/Hyphenator( 1325): 	at android.text.Hyphenator.init(Hyphenator.java:224)
06-08 16:48:35.068 E/Hyphenator( 1325): 	at com.android.internal.os.ZygoteInit.preloadTextResources(ZygoteInit.java:252)
06-08 16:48:35.068 E/Hyphenator( 1325): 	at com.android.internal.os.ZygoteInit.preload(ZygoteInit.java:206)
06-08 16:48:35.068 E/Hyphenator( 1325): 	at com.android.internal.os.ZygoteInit.main(ZygoteInit.java:743)
06-08 16:48:35.068 E/Hyphenator( 1325): Caused by: android.system.ErrnoException: open failed: ENOENT (No such file or directory)
06-08 16:48:35.068 E/Hyphenator( 1325): 	at libcore.io.Posix.open(Native Method)
06-08 16:48:35.068 E/Hyphenator( 1325): 	at libcore.io.BlockGuardOs.open(BlockGuardOs.java:187)
06-08 16:48:35.068 E/Hyphenator( 1325): 	at libcore.io.IoBridge.open(IoBridge.java:441)
06-08 16:48:35.068 E/Hyphenator( 1325): 	... 6 more
06-08 16:48:35.167 E/Hyphenator( 1325): error loading hyphenation /system/usr/hyphen-data/hyph-te.hyb
06-08 16:48:35.167 E/Hyphenator( 1325): java.io.FileNotFoundException: /system/usr/hyphen-data/hyph-te.hyb: open failed: ENOENT (No such file or directory)
06-08 16:48:35.167 E/Hyphenator( 1325): 	at libcore.io.IoBridge.open(IoBridge.java:455)
06-08 16:48:35.167 E/Hyphenator( 1325): 	at java.io.RandomAccessFile.<init>(RandomAccessFile.java:247)
06-08 16:48:35.167 E/Hyphenator( 1325): 	at android.text.Hyphenator.loadHyphenator(Hyphenator.java:118)
06-08 16:48:35.167 E/Hyphenator( 1325): 	at android.text.Hyphenator.init(Hyphenator.java:224)
06-08 16:48:35.167 E/Hyphenator( 1325): 	at com.android.internal.os.ZygoteInit.preloadTextResources(ZygoteInit.java:252)
06-08 16:48:35.167 E/Hyphenator( 1325): 	at com.android.internal.os.ZygoteInit.preload(ZygoteInit.java:206)
06-08 16:48:35.167 E/Hyphenator( 1325): 	at com.android.internal.os.ZygoteInit.main(ZygoteInit.java:743)
06-08 16:48:35.167 E/Hyphenator( 1325): Caused by: android.system.ErrnoException: open failed: ENOENT (No such file or directory)
06-08 16:48:35.167 E/Hyphenator( 1325): 	at libcore.io.Posix.open(Native Method)
06-08 16:48:35.167 E/Hyphenator( 1325): 	at libcore.io.BlockGuardOs.open(BlockGuardOs.java:187)
06-08 16:48:35.167 E/Hyphenator( 1325): 	at libcore.io.IoBridge.open(IoBridge.java:441)
06-08 16:48:35.167 E/Hyphenator( 1325): 	... 6 more
06-08 16:48:35.169 E/Hyphenator( 1325): error loading hyphenation /system/usr/hyphen-data/hyph-tk.hyb
06-08 16:48:35.169 E/Hyphenator( 1325): java.io.FileNotFoundException: /system/usr/hyphen-data/hyph-tk.hyb: open failed: ENOENT (No such file or directory)
06-08 16:48:35.169 E/Hyphenator( 1325): 	at libcore.io.IoBridge.open(IoBridge.java:455)
06-08 16:48:35.169 E/Hyphenator( 1325): 	at java.io.RandomAccessFile.<init>(RandomAccessFile.java:247)
06-08 16:48:35.169 E/Hyphenator( 1325): 	at android.text.Hyphenator.loadHyphenator(Hyphenator.java:118)
06-08 16:48:35.169 E/Hyphenator( 1325): 	at android.text.Hyphenator.init(Hyphenator.java:224)
06-08 16:48:35.169 E/Hyphenator( 1325): 	at com.android.internal.os.ZygoteInit.preloadTextResources(ZygoteInit.java:252)
06-08 16:48:35.169 E/Hyphenator( 1325): 	at com.android.internal.os.ZygoteInit.preload(ZygoteInit.java:206)
06-08 16:48:35.169 E/Hyphenator( 1325): 	at com.android.internal.os.ZygoteInit.main(ZygoteInit.java:743)
06-08 16:48:35.169 E/Hyphenator( 1325): Caused by: android.system.ErrnoException: open failed: ENOENT (No such file or directory)
06-08 16:48:35.169 E/Hyphenator( 1325): 	at libcore.io.Posix.open(Native Method)
06-08 16:48:35.169 E/Hyphenator( 1325): 	at libcore.io.BlockGuardOs.open(BlockGuardOs.java:187)
06-08 16:48:35.169 E/Hyphenator( 1325): 	at libcore.io.IoBridge.open(IoBridge.java:441)
06-08 16:48:35.169 E/Hyphenator( 1325): 	... 6 more
06-08 16:48:35.176 E/Hyphenator( 1325): error loading hyphenation /system/usr/hyphen-data/hyph-und-ethi.hyb
06-08 16:48:35.176 E/Hyphenator( 1325): java.io.FileNotFoundException: /system/usr/hyphen-data/hyph-und-ethi.hyb: open failed: ENOENT (No such file or directory)
06-08 16:48:35.176 E/Hyphenator( 1325): 	at libcore.io.IoBridge.open(IoBridge.java:455)
06-08 16:48:35.176 E/Hyphenator( 1325): 	at java.io.RandomAccessFile.<init>(RandomAccessFile.java:247)
06-08 16:48:35.176 E/Hyphenator( 1325): 	at android.text.Hyphenator.loadHyphenator(Hyphenator.java:118)
06-08 16:48:35.176 E/Hyphenator( 1325): 	at android.text.Hyphenator.init(Hyphenator.java:224)
06-08 16:48:35.176 E/Hyphenator( 1325): 	at com.android.internal.os.ZygoteInit.preloadTextResources(ZygoteInit.java:252)
06-08 16:48:35.176 E/Hyphenator( 1325): 	at com.android.internal.os.ZygoteInit.preload(ZygoteInit.java:206)
06-08 16:48:35.176 E/Hyphenator( 1325): 	at com.android.internal.os.ZygoteInit.main(ZygoteInit.java:743)
06-08 16:48:35.176 E/Hyphenator( 1325): Caused by: android.system.ErrnoException: open failed: ENOENT (No such file or directory)
06-08 16:48:35.176 E/Hyphenator( 1325): 	at libcore.io.Posix.open(Native Method)
06-08 16:48:35.176 E/Hyphenator( 1325): 	at libcore.io.BlockGuardOs.open(BlockGuardOs.java:187)
06-08 16:48:35.176 E/Hyphenator( 1325): 	at libcore.io.IoBridge.open(IoBridge.java:441)
06-08 16:48:35.176 E/Hyphenator( 1325): 	... 6 more
06-08 16:48:35.361 W/art     ( 1325): Suspending all threads took: 38.967ms
06-08 16:48:35.574 I/art     ( 1325): Background sticky concurrent mark sweep GC freed 10796(894KB) AllocSpace objects, 3(120KB) LOS objects, 13% free, 6MB/7MB, paused 170.502ms total 490.688ms
06-08 16:48:35.766 I/Zygote  ( 1325): Uninstalled ICU cache reference pinning...
06-08 16:48:35.791 I/Zygote  ( 1325): Installed AndroidKeyStoreProvider in 24ms.
06-08 16:48:35.826 I/Zygote  ( 1326): Warmed up JCA providers in 1105ms.
06-08 16:48:35.826 D/Zygote  ( 1326): end preload
06-08 16:48:35.829 I/art     ( 1326): Starting a blocking GC Explicit
06-08 16:48:36.341 I/Zygote  ( 1325): Warmed up JCA providers in 550ms.
06-08 16:48:36.341 D/Zygote  ( 1325): end preload
06-08 16:48:36.342 I/art     ( 1325): Starting a blocking GC Explicit
06-08 16:48:36.444 I/art     ( 1325): Explicit concurrent mark sweep GC freed 6566(366KB) AllocSpace objects, 3(132KB) LOS objects, 39% free, 6MB/10MB, paused 241us total 101.553ms
06-08 16:48:36.460 I/art     ( 1325): Starting a blocking GC Explicit
06-08 16:48:36.611 I/art     ( 1325): Explicit concurrent mark sweep GC freed 53(1816B) AllocSpace objects, 0(0B) LOS objects, 39% free, 6MB/10MB, paused 225us total 57.294ms
06-08 16:48:36.654 I/art     ( 1325): Starting a blocking GC HeapTrim
06-08 16:48:36.803 I/art     ( 1326): Explicit concurrent mark sweep GC freed 15149(1159KB) AllocSpace objects, 1(16KB) LOS objects, 39% free, 6MB/10MB, paused 52.854ms total 954.899ms
06-08 16:48:36.808 I/art     ( 1325): Starting a blocking GC Background
06-08 16:48:36.836 I/art     ( 1326): Starting a blocking GC Explicit
06-08 16:48:37.035 I/art     ( 1325): Background concurrent mark sweep GC freed 75(3KB) AllocSpace objects, 0(0B) LOS objects, 39% free, 6MB/10MB, paused 197us total 226.285ms
06-08 16:48:37.075 I/art     ( 1326): Explicit concurrent mark sweep GC freed 984(36KB) AllocSpace objects, 2(116KB) LOS objects, 39% free, 6MB/10MB, paused 40.653ms total 237.486ms
06-08 16:48:37.078 I/Zygote  ( 1326): Accepting command socket connections
06-08 16:48:37.235 E/ipv6proxy( 2172): Failed to get interface flags for wlan1: No such device
06-08 16:48:37.506 I/Zygote  ( 1325): System server process 2178 has been created
06-08 16:48:37.559 I/Zygote  ( 1325): Accepting command socket connections
06-08 16:48:37.820 I/Zygote  ( 2178): Process: zygote socket opened, supported ABIS: x86
06-08 16:48:37.828 I/InstallerConnection( 2178): connecting...
06-08 16:48:37.833 I/        ( 1330): new connection
06-08 16:48:38.341 I/InstallerConnection( 2178): disconnecting...
06-08 16:48:38.360 E/        ( 1330): eof
06-08 16:48:38.360 E/        ( 1330): failed to read size
06-08 16:48:38.360 I/        ( 1330): closing connection
06-08 16:48:38.711 E/hostapd ( 2176): Configuration file: /system/etc/simulated_hostapd.conf
06-08 16:48:38.843 E/hostapd ( 2176): Could not read interface wlan1 flags: No such device
06-08 16:48:38.843 I/hostapd ( 2176): nl80211: Driver does not support authentication/association or connect commands
06-08 16:48:38.843 I/hostapd ( 2176): nl80211: deinit ifname=wlan1 disabled_11b_rates=0
06-08 16:48:38.844 E/hostapd ( 2176): Could not read interface wlan1 flags: No such device
06-08 16:48:38.844 E/hostapd ( 2176): nl80211 driver initialization failed.
06-08 16:48:38.845 I/hostapd ( 2176): wlan1: interface state UNINITIALIZED->DISABLED
06-08 16:48:38.845 I/hostapd ( 2176): wlan1: AP-DISABLED 
06-08 16:48:38.845 E/hostapd ( 2176): hostapd_free_hapd_data: Interface wlan1 wasn't started
06-08 16:48:39.484 V/NatController( 1336): runCmd(/system/bin/iptables -w -F natctrl_FORWARD) res=0
06-08 16:48:39.581 I/SystemServer( 2178): Entered the Android system server!
06-08 16:48:39.734 V/NatController( 1336): runCmd(/system/bin/ip6tables -w -F natctrl_FORWARD) res=0
06-08 16:48:40.391 V/NatController( 1336): runCmd(/system/bin/iptables -w -A natctrl_FORWARD -j DROP) res=0
06-08 16:48:40.541 V/NatController( 1336): runCmd(/system/bin/iptables -w -t nat -F natctrl_nat_POSTROUTING) res=0
06-08 16:48:40.744 V/NatController( 1336): runCmd(/system/bin/ip6tables -w -t raw -F natctrl_raw_PREROUTING) res=0
06-08 16:48:41.032 V/NatController( 1336): runCmd(/system/bin/iptables -w -F natctrl_tether_counters) res=1
06-08 16:48:41.304 V/NatController( 1336): runCmd(/system/bin/ip6tables -w -F natctrl_tether_counters) res=1
06-08 16:48:41.501 V/NatController( 1336): runCmd(/system/bin/iptables -w -X natctrl_tether_counters) res=1
06-08 16:48:42.051 V/NatController( 1336): runCmd(/system/bin/ip6tables -w -X natctrl_tether_counters) res=1
06-08 16:48:42.262 I/SystemServiceManager( 2178): Starting com.android.server.pm.Installer
06-08 16:48:42.321 V/NatController( 1336): runCmd(/system/bin/iptables -w -N natctrl_tether_counters) res=0
06-08 16:48:42.333 E/ipv6proxy( 2213): Failed to get interface flags for wlan1: No such device
06-08 16:48:42.381 I/Installer( 2178): Waiting for installd to be ready.
06-08 16:48:42.382 I/InstallerConnection( 2178): connecting...
06-08 16:48:42.383 I/        ( 1330): new connection
06-08 16:48:42.384 I/SystemServiceManager( 2178): Starting com.android.server.am.ActivityManagerService$Lifecycle
06-08 16:48:42.500 V/NatController( 1336): runCmd(/system/bin/ip6tables -w -N natctrl_tether_counters) res=0
06-08 16:48:42.732 V/NatController( 1336): runCmd(/system/bin/iptables -w -t mangle -A natctrl_mangle_FORWARD -p tcp --tcp-flags SYN SYN -j TCPMSS --clamp-mss-to-pmtu) res=0
06-08 16:48:42.831 I/ActivityManager( 2178): Memory class: 256
06-08 16:48:42.899 E/hostapd ( 2216): Configuration file: /system/etc/simulated_hostapd.conf
06-08 16:48:42.921 I/ServiceThread( 2178): Enabled StrictMode logging for ActivityManager looper.
06-08 16:48:42.954 E/hostapd ( 2216): Could not read interface wlan1 flags: No such device
06-08 16:48:42.954 I/hostapd ( 2216): nl80211: Driver does not support authentication/association or connect commands
06-08 16:48:42.954 I/hostapd ( 2216): nl80211: deinit ifname=wlan1 disabled_11b_rates=0
06-08 16:48:42.955 E/hostapd ( 2216): Could not read interface wlan1 flags: No such device
06-08 16:48:42.955 E/hostapd ( 2216): nl80211 driver initialization failed.
06-08 16:48:42.956 I/hostapd ( 2216): wlan1: interface state UNINITIALIZED->DISABLED
06-08 16:48:42.956 I/hostapd ( 2216): wlan1: AP-DISABLED 
06-08 16:48:42.956 E/hostapd ( 2216): hostapd_free_hapd_data: Interface wlan1 wasn't started
06-08 16:48:43.012 I/ServiceThread( 2178): Enabled StrictMode logging for android.ui looper.
06-08 16:48:43.809 D/BatteryStatsImpl( 2178): Reading daily items from /data/system/batterystats-daily.xml
06-08 16:48:45.468 W/ProcessCpuTracker( 2178): Skipping unknown process pid 2231
06-08 16:48:45.642 I/IntentFirewall( 2178): Read new rules (A:0 B:0 S:0)
06-08 16:48:45.822 I/ServiceThread( 2178): Enabled StrictMode logging for android.display looper.
06-08 16:48:46.111 D/AppOps  ( 2178): AppOpsService published
06-08 16:48:46.113 I/SystemServiceManager( 2178): Starting com.android.server.power.PowerManagerService
06-08 16:48:46.181 I/ServiceThread( 2178): Enabled StrictMode logging for PowerManagerService looper.
06-08 16:48:46.234 E/PowerManagerService-JNI( 2178): Couldn't load power module (No such file or directory)
06-08 16:48:46.235 W/libsuspend( 2178): Error writing 'on' to /sys/power/state: Invalid argument
06-08 16:48:46.236 I/libsuspend( 2178): Selected wakeup count
06-08 16:48:46.360 I/SystemServiceManager( 2178): Starting com.android.server.lights.LightsService
06-08 16:48:46.510 I/SystemServiceManager( 2178): Starting com.android.server.display.DisplayManagerService
06-08 16:48:46.569 I/SystemServiceManager( 2178): Starting phase 100
06-08 16:48:46.594 E/SurfaceFlinger( 1321): ro.sf.lcd_density must be defined as a build property
06-08 16:48:46.691 I/DisplayManagerService( 2178): Display device added: DisplayDeviceInfo{"Built-in Screen": uniqueId="local:0", 1080 x 1920, modeId 1, defaultModeId 1, supportedModes [{id=1, width=1080, height=1920, fps=60.000004}], colorMode 0, supportedColorModes [0], HdrCapabilities android.view.Display$HdrCapabilities@a69d6308, density 480, 480.0 x 480.0 dpi, appVsyncOff 1000000, presDeadline 16666666, touch INTERNAL, rotation 0, type BUILT_IN, state UNKNOWN, FLAG_DEFAULT_DISPLAY, FLAG_ROTATES_WITH_CONTENT, FLAG_SECURE, FLAG_SUPPORTS_PROTECTED_BUFFERS}
06-08 16:48:46.700 D/SurfaceFlinger( 1321): Set power mode=2, type=0 flinger=0x796a86a47000
06-08 16:48:46.700 D/SurfaceFlinger( 1321): Screen type=0 is already mode=2
06-08 16:48:46.713 I/DisplayManagerService( 2178): Display device changed state: "Built-in Screen", ON
06-08 16:48:46.720 I/SystemServer( 2178): StartPackageManagerService
06-08 16:48:47.179 E/ipv6proxy( 2244): Failed to get interface flags for wlan1: No such device
06-08 16:48:47.383 E/Netd    ( 1336): cannot find interface dummy0
06-08 16:48:47.735 E/hostapd ( 2249): Configuration file: /system/etc/simulated_hostapd.conf
06-08 16:48:47.860 E/hostapd ( 2249): Could not read interface wlan1 flags: No such device
06-08 16:48:47.861 I/hostapd ( 2249): nl80211: Driver does not support authentication/association or connect commands
06-08 16:48:47.861 I/hostapd ( 2249): nl80211: deinit ifname=wlan1 disabled_11b_rates=0
06-08 16:48:47.862 E/hostapd ( 2249): Could not read interface wlan1 flags: No such device
06-08 16:48:47.863 E/hostapd ( 2249): nl80211 driver initialization failed.
06-08 16:48:47.863 I/hostapd ( 2249): wlan1: interface state UNINITIALIZED->DISABLED
06-08 16:48:47.863 I/hostapd ( 2249): wlan1: AP-DISABLED 
06-08 16:48:47.863 E/hostapd ( 2249): hostapd_free_hapd_data: Interface wlan1 wasn't started
06-08 16:48:48.243 W/SystemConfig( 2178): No directory /system/etc/sysconfig, skipping
06-08 16:48:48.378 D/MDnsDS  ( 1336): MDnsSdListener::Hander starting up
06-08 16:48:48.442 D/MDnsDS  ( 1336): MDnsSdListener starting to monitor
06-08 16:48:48.442 D/MDnsDS  ( 1336): Going to poll with pollCount 1
06-08 16:48:48.501 D/SELinuxMMAC( 2178): Using policy file /system/etc/security/mac_permissions.xml
06-08 16:48:49.969 E/art     ( 2178): DexFile_getDexOptNeeded file '/system/framework/org.apache.http.legacy.jar' does not exist
06-08 16:48:50.011 W/PackageManager( 2178): Library not found: /system/framework/org.apache.http.legacy.jar
06-08 16:48:50.286 E/art     ( 2178): DexFile_getDexOptNeeded file '/system/framework/org.apache.http.legacy.jar' does not exist
06-08 16:48:50.287 W/PackageManager( 2178): Library not found: /system/framework/org.apache.http.legacy.jar
06-08 16:48:50.391 D/PackageManager( 2178): No files in app dir /vendor/overlay
06-08 16:48:51.418 W/PackageManager( 2178): Failed to parse /system/framework/oat: Missing base APK in /system/framework/oat
06-08 16:48:51.451 W/PackageManager( 2178): Failed to parse /system/framework/x86: Missing base APK in /system/framework/x86
06-08 16:48:51.453 W/PackageManager( 2178): Failed to parse /system/framework/x86_64: Missing base APK in /system/framework/x86_64
06-08 16:48:52.444 E/ipv6proxy( 2274): Failed to get interface flags for wlan1: No such device
06-08 16:48:52.953 W/PackageParser( 2178): No actions in intent filter at /system/priv-app/Contacts/Contacts.apk Binary XML file line #409
06-08 16:48:53.336 E/hostapd ( 2275): Configuration file: /system/etc/simulated_hostapd.conf
06-08 16:48:53.449 E/hostapd ( 2275): Could not read interface wlan1 flags: No such device
06-08 16:48:53.507 I/hostapd ( 2275): nl80211: Driver does not support authentication/association or connect commands
06-08 16:48:53.507 I/hostapd ( 2275): nl80211: deinit ifname=wlan1 disabled_11b_rates=0
06-08 16:48:53.508 E/hostapd ( 2275): Could not read interface wlan1 flags: No such device
06-08 16:48:53.508 E/hostapd ( 2275): nl80211 driver initialization failed.
06-08 16:48:53.508 I/hostapd ( 2275): wlan1: interface state UNINITIALIZED->DISABLED
06-08 16:48:53.509 I/hostapd ( 2275): wlan1: AP-DISABLED 
06-08 16:48:53.509 E/hostapd ( 2275): hostapd_free_hapd_data: Interface wlan1 wasn't started
06-08 16:48:53.965 W/PackageParser( 2178): No actions in intent filter at /system/priv-app/Dialer/Dialer.apk Binary XML file line #186
06-08 16:48:54.483 W/PackageManager( 2178): Permission android.permission.DOWNLOAD_WITHOUT_NOTIFICATION from package com.android.providers.downloads in an unknown group android.permission-group.NETWORK
06-08 16:48:57.354 E/ipv6proxy( 2287): Failed to get interface flags for wlan1: No such device
06-08 16:48:57.394 W/PackageParser( 2178): Ignoring duplicate uses-permissions/uses-permissions-sdk-m: android.permission.USE_CREDENTIALS in package: com.android.settings at: Binary XML file line #53
06-08 16:48:57.394 W/PackageParser( 2178): Ignoring duplicate uses-permissions/uses-permissions-sdk-m: android.permission.READ_SYNC_SETTINGS in package: com.android.settings at: Binary XML file line #58
06-08 16:48:57.395 W/PackageParser( 2178): Ignoring duplicate uses-permissions/uses-permissions-sdk-m: android.permission.WRITE_SYNC_SETTINGS in package: com.android.settings at: Binary XML file line #59
06-08 16:48:58.085 E/hostapd ( 2289): Configuration file: /system/etc/simulated_hostapd.conf
06-08 16:48:58.098 E/hostapd ( 2289): Could not read interface wlan1 flags: No such device
06-08 16:48:58.099 I/hostapd ( 2289): nl80211: Driver does not support authentication/association or connect commands
06-08 16:48:58.099 I/hostapd ( 2289): nl80211: deinit ifname=wlan1 disabled_11b_rates=0
06-08 16:48:58.099 E/hostapd ( 2289): Could not read interface wlan1 flags: No such device
06-08 16:48:58.110 E/hostapd ( 2289): nl80211 driver initialization failed.
06-08 16:48:58.110 I/hostapd ( 2289): wlan1: interface state UNINITIALIZED->DISABLED
06-08 16:48:58.110 I/hostapd ( 2289): wlan1: AP-DISABLED 
06-08 16:48:58.111 E/hostapd ( 2289): hostapd_free_hapd_data: Interface wlan1 wasn't started
06-08 16:48:59.359 W/PackageParser( 2178): Ignoring duplicate uses-permissions/uses-permissions-sdk-m: android.permission.INSTALL_GRANT_RUNTIME_PERMISSIONS in package: com.android.shell at: Binary XML file line #102
06-08 16:49:00.638 W/PackageParser( 2178): Ignoring duplicate uses-permissions/uses-permissions-sdk-m: android.permission.CONFIGURE_WIFI_DISPLAY in package: com.android.systemui at: Binary XML file line #123
06-08 16:49:02.103 I/art     ( 2178): Background sticky concurrent mark sweep GC freed 33948(2MB) AllocSpace objects, 20(416KB) LOS objects, 30% free, 6MB/10MB, paused 33.060ms total 562.513ms
06-08 16:49:02.112 E/ipv6proxy( 2298): Failed to get interface flags for wlan1: No such device
06-08 16:49:02.652 W/PackageManager( 2178): Non-privileged app; cap priority to 0; package: com.android.calendar activity: com.android.calendar.GoogleCalendarUriIntentFilter origPrio: 50
06-08 16:49:02.982 W/PackageManager( 2178): Non-privileged app; cap priority to 0; package: com.android.cts.ctsshim activity: com.android.cts.ctsshim.InstallPriority origPrio: 100
06-08 16:49:02.983 W/PackageManager( 2178): Non-privileged app; cap priority to 0; package: com.android.cts.ctsshim activity: com.android.cts.ctsshim.InstallPriority origPrio: 100
06-08 16:49:02.983 W/PackageManager( 2178): Non-privileged app; cap priority to 0; package: com.android.cts.ctsshim activity: com.android.cts.ctsshim.InstallPriority origPrio: 100
06-08 16:49:02.983 W/PackageManager( 2178): Non-privileged app; cap priority to 0; package: com.android.cts.ctsshim activity: com.android.cts.ctsshim.InstallPriority origPrio: 100
06-08 16:49:02.983 W/PackageManager( 2178): Non-privileged app; cap priority to 0; package: com.android.cts.ctsshim activity: com.android.cts.ctsshim.InstallPriority origPrio: 100
06-08 16:49:03.115 E/hostapd ( 2303): Configuration file: /system/etc/simulated_hostapd.conf
06-08 16:49:03.196 E/hostapd ( 2303): Could not read interface wlan1 flags: No such device
06-08 16:49:03.197 I/hostapd ( 2303): nl80211: Driver does not support authentication/association or connect commands
06-08 16:49:03.197 I/hostapd ( 2303): nl80211: deinit ifname=wlan1 disabled_11b_rates=0
06-08 16:49:03.198 E/hostapd ( 2303): Could not read interface wlan1 flags: No such device
06-08 16:49:03.198 E/hostapd ( 2303): nl80211 driver initialization failed.
06-08 16:49:03.198 I/hostapd ( 2303): wlan1: interface state UNINITIALIZED->DISABLED
06-08 16:49:03.199 I/hostapd ( 2303): wlan1: AP-DISABLED 
06-08 16:49:03.199 E/hostapd ( 2303): hostapd_free_hapd_data: Interface wlan1 wasn't started
06-08 16:49:04.422 W/PackageParser( 2178): Ignoring duplicate uses-permissions/uses-permissions-sdk-m: android.permission.WRITE_CONTACTS in package: com.android.email at: Binary XML file line #40
06-08 16:49:05.200 W/PackageParser( 2178): Unknown element under <application>: permission at /system/app/Gallery2/Gallery2.apk Binary XML file line #238
