06-08 16:53:14.760 I/PackageManager.DexOptimizer( 2178): Running dexopt (dex2oat) on: /data/app/vmdl66528952.tmp/base.apk pkg=jp.jaxa.iss.kibo.rpc.sampleapk isa=x86_64 vmSafeMode=false debuggable=true target-filter=interpret-only oatDir = /data/app/vmdl66528952.tmp/oat sharedLibraries=null
06-08 16:53:15.062 W/dex2oat ( 3270): Unexpected CPU variant for X86 using defaults: x86_64
06-08 16:53:15.077 I/dex2oat ( 3270): /system/bin/dex2oat --compiler-filter=interpret-only --debuggable
06-08 16:53:15.758 E/ipv6proxy( 3272): Failed to get interface flags for wlan1: No such device
06-08 16:53:17.073 E/hostapd ( 3274): Configuration file: /system/etc/simulated_hostapd.conf
06-08 16:53:17.100 E/hostapd ( 3274): Could not read interface wlan1 flags: No such device
06-08 16:53:17.101 I/hostapd ( 3274): nl80211: Driver does not support authentication/association or connect commands
06-08 16:53:17.101 I/hostapd ( 3274): nl80211: deinit ifname=wlan1 disabled_11b_rates=0
06-08 16:53:17.101 E/hostapd ( 3274): Could not read interface wlan1 flags: No such device
06-08 16:53:17.102 E/hostapd ( 3274): nl80211 driver initialization failed.
06-08 16:53:17.102 I/hostapd ( 3274): wlan1: interface state UNINITIALIZED->DISABLED
06-08 16:53:17.102 I/hostapd ( 3274): wlan1: AP-DISABLED 
06-08 16:53:17.102 E/hostapd ( 3274): hostapd_free_hapd_data: Interface wlan1 wasn't started
06-08 16:53:17.541 W/dex2oat ( 3270): Before Android 4.1, method int android.support.v7.widget.ListViewCompat.lookForSelectablePosition(int, boolean) would have incorrectly overridden the package-private method in android.widget.ListView
06-08 16:53:18.235 W/dex2oat ( 3270): Before Android 4.1, method android.graphics.PorterDuffColorFilter android.support.graphics.drawable.VectorDrawableCompat.updateTintFilter(android.graphics.PorterDuffColorFilter, android.content.res.ColorStateList, android.graphics.PorterDuff$Mode) would have incorrectly overridden the package-private method in android.graphics.drawable.Drawable
06-08 16:53:20.065 W/BroadcastQueue( 2178): Timeout of broadcast BroadcastRecord{7144e17 u0 android.intent.action.BOOT_COMPLETED} - receiver=android.os.BinderProxy@9749b4a, started 60012ms ago
06-08 16:53:20.066 W/BroadcastQueue( 2178): Receiver during timeout: BroadcastFilter{ba24b31 u0 ReceiverList{332dabb 2878 com.android.systemui/10021/u0 remote:9749b4a}}
06-08 16:53:20.180 W/art     ( 3276): Unexpected CPU variant for X86 using defaults: x86_64
06-08 16:53:20.202 I/RecoverySystem( 2178): No recovery log file
06-08 16:53:20.236 W/ActivityManager( 2178): Slow operation: 129ms so far, now at startProcess: returned from zygote!
06-08 16:53:20.236 W/ActivityManager( 2178): Slow operation: 129ms so far, now at startProcess: done updating battery stats
06-08 16:53:20.237 W/ActivityManager( 2178): Slow operation: 130ms so far, now at startProcess: building log message
06-08 16:53:20.237 I/ActivityManager( 2178): Start proc 3276:com.android.dialer/u0a8 for broadcast com.android.dialer/.calllog.CallLogReceiver
06-08 16:53:20.237 W/ActivityManager( 2178): Slow operation: 130ms so far, now at startProcess: starting to update pids map
06-08 16:53:20.237 W/ActivityManager( 2178): Slow operation: 130ms so far, now at startProcess: done updating pids map
06-08 16:53:20.237 W/ActivityManager( 2178): Slow operation: 131ms so far, now at startProcess: done starting proc!
06-08 16:53:20.240 W/art     ( 2178): Long monitor contention with owner main (2178) at void com.android.server.am.BroadcastQueue.processNextBroadcast(boolean)(BroadcastQueue.java:760) waiters=0 in void com.android.server.am.ActivityManagerService.dispatchUidsChanged() for 132ms
06-08 16:53:20.263 I/BootReceiver( 2178): Copying audit failures to DropBox
06-08 16:53:20.264 I/BootReceiver( 2178): Checking for fsck errors
06-08 16:53:20.386 W/dex2oat ( 3270): Verification of boolean org.jboss.netty.channel.socket.nio.AbstractNioWorker.cleanUpCancelledKeys() took 210.791ms
06-08 16:53:20.523 W/dex2oat ( 3270): Verification of void org.jboss.netty.channel.socket.nio.AbstractNioWorker.write0(org.jboss.netty.channel.socket.nio.AbstractNioChannel) took 129.643ms
06-08 16:53:20.527 E/ipv6proxy( 3280): Failed to get interface flags for wlan1: No such device
06-08 16:53:20.546 W/System  ( 3276): ClassLoader referenced unknown path: /system/priv-app/Dialer/lib/x86_64
06-08 16:53:20.635 W/dex2oat ( 3270): Verification of org.jboss.netty.buffer.ChannelBufferFactory org.jboss.netty.channel.socket.http.HttpTunnelingSocketChannelConfig.getBufferFactory() took 490.662ms
06-08 16:53:21.583 D/ExtensionsFactory( 3276): No custom extensions.
06-08 16:53:21.808 D/BlockedNumbersAuto( 3276): Not attempting auto-migrate: already checked once.
06-08 16:53:21.845 E/hostapd ( 3292): Configuration file: /system/etc/simulated_hostapd.conf
06-08 16:53:21.863 E/hostapd ( 3292): Could not read interface wlan1 flags: No such device
06-08 16:53:21.863 I/hostapd ( 3292): nl80211: Driver does not support authentication/association or connect commands
06-08 16:53:21.863 I/hostapd ( 3292): nl80211: deinit ifname=wlan1 disabled_11b_rates=0
06-08 16:53:21.864 E/hostapd ( 3292): Could not read interface wlan1 flags: No such device
06-08 16:53:21.864 E/hostapd ( 3292): nl80211 driver initialization failed.
06-08 16:53:21.875 I/hostapd ( 3292): wlan1: interface state UNINITIALIZED->DISABLED
06-08 16:53:21.875 I/hostapd ( 3292): wlan1: AP-DISABLED 
06-08 16:53:21.875 E/hostapd ( 3292): hostapd_free_hapd_data: Interface wlan1 wasn't started
06-08 16:53:22.023 D/CarrierConfigLoader( 2667): mHandler: 13 phoneId: 0
06-08 16:53:22.024 D/CarrierConfigLoader( 2667): mHandler: 7 phoneId: 0
06-08 16:53:22.034 E/CarrierConfigLoader( 2667): Cannot restore config with null packageName or iccid.
06-08 16:53:22.034 D/CarrierConfigLoader( 2667): Binding to com.android.carrierconfig for phone 0
06-08 16:53:22.063 I/ActivityManager( 2178): Start proc 3296:com.android.calendar/u0a26 for broadcast com.android.calendar/.alerts.AlertReceiver
06-08 16:53:22.079 W/art     ( 3296): Unexpected CPU variant for X86 using defaults: x86_64
06-08 16:53:22.150 W/ActivityManager( 2178): Slow operation: 63ms so far, now at startProcess: returned from zygote!
06-08 16:53:22.156 W/ActivityManager( 2178): Slow operation: 69ms so far, now at startProcess: done updating battery stats
06-08 16:53:22.156 W/ActivityManager( 2178): Slow operation: 69ms so far, now at startProcess: building log message
06-08 16:53:22.157 I/ActivityManager( 2178): Start proc 3309:com.android.carrierconfig/u0a3 for service com.android.carrierconfig/.DefaultCarrierConfigService
06-08 16:53:22.157 W/ActivityManager( 2178): Slow operation: 70ms so far, now at startProcess: starting to update pids map
06-08 16:53:22.157 W/ActivityManager( 2178): Slow operation: 70ms so far, now at startProcess: done updating pids map
06-08 16:53:22.157 W/ActivityManager( 2178): Slow operation: 70ms so far, now at startProcess: done starting proc!
06-08 16:53:22.183 W/art     ( 3309): Unexpected CPU variant for X86 using defaults: x86_64
06-08 16:53:22.270 W/CountryDetector( 3276): No location permissions, not registering for location updates.
06-08 16:53:22.312 W/System  ( 3296): ClassLoader referenced unknown path: /system/app/Calendar/lib/x86_64
06-08 16:53:22.327 W/dex2oat ( 3270): Verification of boolean org.apache.commons.httpclient.methods.PostMethod.removeParameter(java.lang.String) took 162.412ms
06-08 16:53:22.396 W/dex2oat ( 3270): Verification of void org.apache.commons.httpclient.params.HttpClientParams.makeStrict() took 151.624ms
06-08 16:53:22.407 W/System  ( 3309): ClassLoader referenced unknown path: /system/priv-app/CarrierConfig/lib/x86_64
06-08 16:53:22.489 D/DefaultCarrierConfigService( 3309): Service created
06-08 16:53:22.502 D/CarrierConfigLoader( 2667): Connected to config app: com.android.carrierconfig/com.android.carrierconfig.DefaultCarrierConfigService
06-08 16:53:22.502 D/CarrierConfigLoader( 2667): mHandler: 3 phoneId: 0
06-08 16:53:22.576 D/DefaultCarrierConfigService( 3309): Config being fetched
06-08 16:53:22.609 D/DefaultCarrierConfigService( 3309): java.io.FileNotFoundException: carrier_config_.xml
06-08 16:53:22.699 E/CarrierConfigLoader( 2667): Cannot save config with null packageName or iccid.
06-08 16:53:22.718 D/CarrierConfigLoader( 2667): mHandler: 5 phoneId: 0
06-08 16:53:22.720 E/PhoneInterfaceManager( 2667): [PhoneIntfMgr] getCarrierPackageNamesForIntent: No UICC
06-08 16:53:22.805 W/dex2oat ( 3270): Verification of java.lang.String org.xbill.DNS.DLVRecord.rrToString() took 112.406ms
06-08 16:53:22.853 I/Telecom ( 2178): PhoneAccountRegistrar: SimCallManager queried, returning: null: TSI.gSCMFU@AAc
06-08 16:53:22.919 W/dex2oat ( 3270): Verification of java.lang.String org.xbill.DNS.Generator.toString() took 104.191ms
06-08 16:53:23.066 D/ExtensionsFactory( 3296): No custom extensions.
06-08 16:53:23.132 D/AlertReceiver( 3296): onReceive: a=android.intent.action.BOOT_COMPLETED Intent { act=android.intent.action.BOOT_COMPLETED flg=0x9000010 cmp=com.android.calendar/.alerts.AlertReceiver (has extras) }
06-08 16:53:23.195 I/AlarmClock( 3035): AlarmInitReceiver android.intent.action.BOOT_COMPLETED
06-08 16:53:23.287 D/AlertUtils( 3296): Flushing old alerts from shared prefs table
06-08 16:53:23.321 D/AlertService( 3296): 0 Action = android.intent.action.BOOT_COMPLETED
06-08 16:53:23.345 D/AlertService( 3296): Scheduling next alarm with AlarmScheduler. sEventReminderReceived: null
06-08 16:53:23.470 W/ActivityManager( 2178): Slow operation: 58ms so far, now at startProcess: returned from zygote!
06-08 16:53:23.470 W/ActivityManager( 2178): Slow operation: 58ms so far, now at startProcess: done updating battery stats
06-08 16:53:23.471 W/ActivityManager( 2178): Slow operation: 59ms so far, now at startProcess: building log message
06-08 16:53:23.471 I/ActivityManager( 2178): Start proc 3333:com.android.providers.calendar/u0a2 for content provider com.android.providers.calendar/.CalendarProvider2
06-08 16:53:23.471 W/ActivityManager( 2178): Slow operation: 59ms so far, now at startProcess: starting to update pids map
06-08 16:53:23.471 W/ActivityManager( 2178): Slow operation: 59ms so far, now at startProcess: done updating pids map
06-08 16:53:23.471 W/ActivityManager( 2178): Slow operation: 60ms so far, now at startProcess: done starting proc!
06-08 16:53:23.471 W/ActivityManager( 2178): Slow operation: 61ms so far, now at getContentProviderImpl: after start process
06-08 16:53:23.471 W/ActivityManager( 2178): Slow operation: 61ms so far, now at getContentProviderImpl: updating data structures
06-08 16:53:23.472 W/ActivityManager( 2178): Slow operation: 62ms so far, now at getContentProviderImpl: done!
06-08 16:53:23.482 W/art     ( 3333): Unexpected CPU variant for X86 using defaults: x86_64
06-08 16:53:23.595 V/AlarmClock( 3035): AlarmInitReceiver finished
06-08 16:53:23.622 W/art     ( 3347): Unexpected CPU variant for X86 using defaults: x86_64
06-08 16:53:23.639 W/ActivityManager( 2178): Slow operation: 88ms so far, now at startProcess: returned from zygote!
06-08 16:53:23.639 W/ActivityManager( 2178): Slow operation: 89ms so far, now at startProcess: done updating battery stats
06-08 16:53:23.639 W/ActivityManager( 2178): Slow operation: 89ms so far, now at startProcess: building log message
06-08 16:53:23.639 I/ActivityManager( 2178): Start proc 3347:com.android.email/u0a34 for broadcast com.android.email/.service.EmailBroadcastReceiver
06-08 16:53:23.639 W/ActivityManager( 2178): Slow operation: 89ms so far, now at startProcess: starting to update pids map
06-08 16:53:23.639 W/ActivityManager( 2178): Slow operation: 89ms so far, now at startProcess: done updating pids map
06-08 16:53:23.640 W/ActivityManager( 2178): Slow operation: 90ms so far, now at startProcess: done starting proc!
06-08 16:53:23.782 W/System  ( 3333): ClassLoader referenced unknown path: /system/priv-app/CalendarProvider/lib/x86_64
06-08 16:53:23.847 W/System  ( 3347): ClassLoader referenced unknown path: /system/app/Email/lib/x86_64
06-08 16:53:24.400 W/dex2oat ( 3270): Verification of android.support.v4.app.TaskStackBuilder android.support.v4.app.TaskStackBuilder.addParentStack(android.content.ComponentName) took 246.181ms
06-08 16:53:24.644 I/CalendarProvider2( 3333): Created com.android.providers.calendar.CalendarAlarmManager@4d7d6e9(com.android.providers.calendar.CalendarProvider2@497af6e)
06-08 16:53:25.322 D/AlarmScheduler( 3296): No events found starting within 1 week.
06-08 16:53:25.612 W/ActivityManager( 2178): Unable to start service Intent { act=com.android.email.EXCHANGE_INTENT pkg=com.android.exchange } U=0: not found
06-08 16:53:25.808 D/ActivityThread( 3347): Loading provider com.android.email.provider;com.android.email.notifier: com.android.email.provider.EmailProvider
06-08 16:53:25.946 D/ActivityThread( 3347): Loading provider com.android.email.provider;com.android.email.notifier: com.android.email.provider.EmailProvider
06-08 16:53:25.981 W/dex2oat ( 3270): Verification of void android.support.v7.widget.SwitchCompat.draw(android.graphics.Canvas) took 116.078ms
06-08 16:53:26.026 I/CalendarProvider2( 3333): Sending notification intent: Intent { act=android.intent.action.PROVIDER_CHANGED dat=content://com.android.calendar flg=0x20000000 }
06-08 16:53:26.040 W/ContentResolver( 3333): Failed to get type for: content://com.android.calendar (Unknown URL content://com.android.calendar)
06-08 16:53:26.150 W/ActivityManager( 2178): Unable to start service Intent { act=com.android.email.EXCHANGE_INTENT pkg=com.android.exchange } U=0: not found
06-08 16:53:26.151 W/ActivityManager( 2178): Unable to start service Intent { act=com.android.email.EXCHANGE_INTENT pkg=com.android.exchange } U=0: not found
06-08 16:53:26.200 E/ipv6proxy( 3367): Failed to get interface flags for wlan1: No such device
06-08 16:53:26.517 E/hostapd ( 3370): Configuration file: /system/etc/simulated_hostapd.conf
06-08 16:53:26.538 I/SystemBroadcastReceiver( 2418): Boot has been completed
06-08 16:53:26.539 I/SystemBroadcastReceiver( 2418): toggleAppIcon() : FLAG_SYSTEM = true
06-08 16:53:26.551 E/hostapd ( 3370): Could not read interface wlan1 flags: No such device
06-08 16:53:26.552 I/hostapd ( 3370): nl80211: Driver does not support authentication/association or connect commands
06-08 16:53:26.552 I/hostapd ( 3370): nl80211: deinit ifname=wlan1 disabled_11b_rates=0
06-08 16:53:26.553 E/hostapd ( 3370): Could not read interface wlan1 flags: No such device
06-08 16:53:26.553 E/hostapd ( 3370): nl80211 driver initialization failed.
06-08 16:53:26.553 I/hostapd ( 3370): wlan1: interface state UNINITIALIZED->DISABLED
06-08 16:53:26.554 I/hostapd ( 3370): wlan1: AP-DISABLED 
06-08 16:53:26.554 E/hostapd ( 3370): hostapd_free_hapd_data: Interface wlan1 wasn't started
06-08 16:53:26.571 W/dex2oat ( 3270): Verification of void android.support.v4.widget.DrawerLayout.<init>(android.content.Context, android.util.AttributeSet, int) took 196.427ms
06-08 16:53:26.803 W/ActivityManager( 2178): Slow operation: 119ms so far, now at startProcess: returned from zygote!
06-08 16:53:26.803 W/ActivityManager( 2178): Slow operation: 119ms so far, now at startProcess: done updating battery stats
06-08 16:53:26.804 W/ActivityManager( 2178): Slow operation: 120ms so far, now at startProcess: building log message
06-08 16:53:26.825 I/ActivityManager( 2178): Start proc 3372:com.android.managedprovisioning/u0a14 for broadcast com.android.managedprovisioning/.BootReminder
06-08 16:53:26.825 W/ActivityManager( 2178): Slow operation: 141ms so far, now at startProcess: starting to update pids map
06-08 16:53:26.825 W/ActivityManager( 2178): Slow operation: 141ms so far, now at startProcess: done updating pids map
06-08 16:53:26.826 W/ActivityManager( 2178): Slow operation: 144ms so far, now at startProcess: done starting proc!
06-08 16:53:26.877 W/art     ( 3372): Unexpected CPU variant for X86 using defaults: x86_64
06-08 16:53:27.177 W/System  ( 3372): ClassLoader referenced unknown path: /system/priv-app/ManagedProvisioning/lib/x86_64
06-08 16:53:27.220 W/art     ( 3347): Long monitor contention with owner AsyncTask #1 (3364) at java.io.File android.content.ContextWrapper.getDatabasePath(java.lang.String)(ContextWrapper.java:304) waiters=0 in android.database.sqlite.SQLiteDatabase com.android.email.provider.EmailProvider.getDatabase(android.content.Context) for 983ms
06-08 16:53:27.306 W/ActivityManager( 2178): Unable to start service Intent { cmp=com.android.email/.service.AttachmentService } U=0: not found
06-08 16:53:27.432 W/art     ( 3387): Unexpected CPU variant for X86 using defaults: x86_64
06-08 16:53:27.448 W/ActivityManager( 2178): Slow operation: 77ms so far, now at startProcess: returned from zygote!
06-08 16:53:27.449 W/ActivityManager( 2178): Slow operation: 78ms so far, now at startProcess: done updating battery stats
06-08 16:53:27.449 W/ActivityManager( 2178): Slow operation: 78ms so far, now at startProcess: building log message
06-08 16:53:27.449 I/ActivityManager( 2178): Start proc 3387:com.android.messaging/u0a54 for broadcast com.android.messaging/.receiver.BootAndPackageReplacedReceiver
06-08 16:53:27.449 W/ActivityManager( 2178): Slow operation: 78ms so far, now at startProcess: starting to update pids map
06-08 16:53:27.449 W/ActivityManager( 2178): Slow operation: 78ms so far, now at startProcess: done updating pids map
06-08 16:53:27.449 W/ActivityManager( 2178): Slow operation: 79ms so far, now at startProcess: done starting proc!
06-08 16:53:27.462 W/ActivityManager( 2178): Unable to start service Intent { act=com.android.email.EXCHANGE_INTENT pkg=com.android.exchange } U=0: not found
06-08 16:53:27.480 W/ActivityManager( 2178): Unable to start service Intent { cmp=com.android.email/.service.AttachmentService } U=0: not found
06-08 16:53:27.484 I/Email   ( 3347): Observing account changes for notifications
06-08 16:53:27.491 W/dex2oat ( 3270): Verification of java.lang.String org.ros.internal.transport.ConnectionHeader.toString() took 106.772ms
06-08 16:53:27.528 W/dex2oat ( 3270): Verification of void org.ros.internal.transport.tcp.TcpClient$1.<init>(org.ros.internal.transport.tcp.TcpClient, org.jboss.netty.channel.group.ChannelGroup) took 113.545ms
06-08 16:53:27.659 W/art     ( 3347): Long monitor contention with owner AsyncTask #2 (3365) at android.database.sqlite.SQLiteDatabase com.android.email.provider.EmailProvider.getDatabase(android.content.Context)(EmailProvider.java:478) waiters=0 in void com.android.email.provider.AccountReconciler.reconcileAccounts(android.content.Context) for 1.004s
06-08 16:53:27.720 I/art     ( 2178): Background partial concurrent mark sweep GC freed 16015(1479KB) AllocSpace objects, 19(812KB) LOS objects, 29% free, 9MB/13MB, paused 13.750ms total 179.536ms
06-08 16:53:27.760 W/ActivityManager( 2178): Unable to start service Intent { act=com.android.email.EXCHANGE_INTENT pkg=com.android.exchange } U=0: not found
06-08 16:53:27.777 W/ActivityManager( 2178): Unable to start service Intent { act=com.android.email.EXCHANGE_INTENT pkg=com.android.exchange } U=0: not found
06-08 16:53:27.816 E/ActivityThread( 3347): Service com.android.email.service.EmailBroadcastProcessorService has leaked ServiceConnection com.android.emailcommon.service.ServiceProxy$ProxyConnection@d29d02a that was originally bound here
06-08 16:53:27.816 E/ActivityThread( 3347): android.app.ServiceConnectionLeaked: Service com.android.email.service.EmailBroadcastProcessorService has leaked ServiceConnection com.android.emailcommon.service.ServiceProxy$ProxyConnection@d29d02a that was originally bound here
06-08 16:53:27.816 E/ActivityThread( 3347): 	at android.app.LoadedApk$ServiceDispatcher.<init>(LoadedApk.java:1336)
06-08 16:53:27.816 E/ActivityThread( 3347): 	at android.app.LoadedApk.getServiceDispatcher(LoadedApk.java:1231)
06-08 16:53:27.816 E/ActivityThread( 3347): 	at android.app.ContextImpl.bindServiceCommon(ContextImpl.java:1450)
06-08 16:53:27.816 E/ActivityThread( 3347): 	at android.app.ContextImpl.bindService(ContextImpl.java:1422)
06-08 16:53:27.816 E/ActivityThread( 3347): 	at android.content.ContextWrapper.bindService(ContextWrapper.java:636)
06-08 16:53:27.816 E/ActivityThread( 3347): 	at com.android.emailcommon.service.ServiceProxy.setTask(ServiceProxy.java:181)
06-08 16:53:27.816 E/ActivityThread( 3347): 	at com.android.emailcommon.service.ServiceProxy.test(ServiceProxy.java:224)
06-08 16:53:27.816 E/ActivityThread( 3347): 	at com.android.email.service.EmailServiceUtils.isServiceAvailable(EmailServiceUtils.java:160)
06-08 16:53:27.816 E/ActivityThread( 3347): 	at com.android.email.provider.AccountReconciler.reconcileAccountsInternal(AccountReconciler.java:171)
06-08 16:53:27.816 E/ActivityThread( 3347): 	at com.android.email.provider.AccountReconciler.reconcileAccounts(AccountReconciler.java:115)
06-08 16:53:27.816 E/ActivityThread( 3347): 	at com.android.email.service.EmailBroadcastProcessorService.reconcileAndStartServices(EmailBroadcastProcessorService.java:305)
06-08 16:53:27.816 E/ActivityThread( 3347): 	at com.android.email.service.EmailBroadcastProcessorService.onBootCompleted(EmailBroadcastProcessorService.java:295)
06-08 16:53:27.816 E/ActivityThread( 3347): 	at com.android.email.service.EmailBroadcastProcessorService.onHandleIntent(EmailBroadcastProcessorService.java:130)
06-08 16:53:27.816 E/ActivityThread( 3347): 	at android.app.IntentService$ServiceHandler.handleMessage(IntentService.java:68)
06-08 16:53:27.816 E/ActivityThread( 3347): 	at android.os.Handler.dispatchMessage(Handler.java:102)
06-08 16:53:27.816 E/ActivityThread( 3347): 	at android.os.Looper.loop(Looper.java:154)
06-08 16:53:27.816 E/ActivityThread( 3347): 	at android.os.HandlerThread.run(HandlerThread.java:61)
06-08 16:53:27.817 W/ActivityManager( 2178): Unbind failed: could not find connection for android.os.BinderProxy@a2a3f7
06-08 16:53:27.821 W/ActivityManager( 2178): Unable to start service Intent { act=com.android.email.EXCHANGE_INTENT pkg=com.android.exchange } U=0: not found
06-08 16:53:27.832 W/System  ( 3387): ClassLoader referenced unknown path: /system/app/messaging/lib/x86_64
06-08 16:53:27.863 W/ActivityManager( 2178): Unable to start service Intent { cmp=com.android.email/.service.AttachmentService } U=0: not found
06-08 16:53:27.878 W/ActivityManager( 2178): Unable to start service Intent { act=com.android.email.EXCHANGE_INTENT pkg=com.android.exchange } U=0: not found
06-08 16:53:27.906 W/dex2oat ( 3270): Verification of void org.ros.internal.message.GenerateInterfaces.writeActionInterfaces(java.io.File, java.util.Collection) took 261.599ms
06-08 16:53:29.619 I/MessagingApp( 3387): Carrier config changed. Reloading MMS config.
06-08 16:53:29.662 V/VvmBootCompletedRcvr( 2667): processing subId list
06-08 16:53:29.737 I/MessagingAppDataModel( 3387): Fixup: Send failed - 0 Download failed - 0
06-08 16:53:29.750 E/VvmBootCompletedRcvr( 2667): phone account ComponentInfo{com.android.phone/com.android.services.telephony.TelephonyConnectionService}, [e2f7d48dd2b5ca523e7313cf4ba0f6ea830b6281], UserHandle{0} has invalid subId -1
06-08 16:53:29.835 W/dex2oat ( 3270): Verification of java.util.List com.google.common.util.concurrent.AbstractListeningExecutorService.invokeAll(java.util.Collection, long, java.util.concurrent.TimeUnit) took 130.539ms
06-08 16:53:30.328 I/VvmSimChangeReceiver( 2667): Received SIM change for invalid subscription id.
06-08 16:53:30.401 I/MessagingAppDataModel( 3387): SyncMessagesAction: Starting batch for messages from 1616676894217 to 1623171209465 (message update limit = 80, message scan limit = 4000)
06-08 16:53:30.487 D/AlertReceiver( 3296): onReceive: a=android.intent.action.PROVIDER_CHANGED Intent { act=android.intent.action.PROVIDER_CHANGED dat=content://com.android.calendar flg=0x20000010 cmp=com.android.calendar/.alerts.AlertReceiver }
06-08 16:53:30.693 W/dex2oat ( 3270): Verification of void android.support.mediacompat.R$attr.<init>() took 107.966ms
06-08 16:53:30.787 D/AlertService( 3296): 0 Action = android.intent.action.PROVIDER_CHANGED
06-08 16:53:30.793 W/dex2oat ( 3270): Verification of gov.nasa.arc.astrobee.types.Point jp.jaxa.iss.kibo.rpc.sampleapk.YourService.averagePoint(gov.nasa.arc.astrobee.types.Point, gov.nasa.arc.astrobee.types.Point, double) took 108.376ms
06-08 16:53:30.843 E/ipv6proxy( 3410): Failed to get interface flags for wlan1: No such device
06-08 16:53:31.248 W/dex2oat ( 3270): Verification of org.apache.xmlrpc.serializer.TypeSerializer org.apache.xmlrpc.common.TypeFactoryImpl.getSerializer(org.apache.xmlrpc.common.XmlRpcStreamConfig, java.lang.Object) took 184.434ms
06-08 16:53:31.296 W/dex2oat ( 3270): Verification of void org.apache.xmlrpc.jaxb.JaxbSerializer.serialize(org.xml.sax.ContentHandler, java.lang.Object) took 211.376ms
06-08 16:53:31.341 I/MessagingAppDataModel( 3387): SyncMessagesAction: All messages now in sync
06-08 16:53:32.165 E/hostapd ( 3416): Configuration file: /system/etc/simulated_hostapd.conf
06-08 16:53:32.196 E/hostapd ( 3416): Could not read interface wlan1 flags: No such device
06-08 16:53:32.197 I/hostapd ( 3416): nl80211: Driver does not support authentication/association or connect commands
06-08 16:53:32.197 I/hostapd ( 3416): nl80211: deinit ifname=wlan1 disabled_11b_rates=0
06-08 16:53:32.198 E/hostapd ( 3416): Could not read interface wlan1 flags: No such device
06-08 16:53:32.198 E/hostapd ( 3416): nl80211 driver initialization failed.
06-08 16:53:32.198 I/hostapd ( 3416): wlan1: interface state UNINITIALIZED->DISABLED
06-08 16:53:32.199 I/hostapd ( 3416): wlan1: AP-DISABLED 
06-08 16:53:32.199 E/hostapd ( 3416): hostapd_free_hapd_data: Interface wlan1 wasn't started
06-08 16:53:32.236 W/dex2oat ( 3270): Verification of java.lang.Class org.apache.xmlrpc.server.PropertyHandlerMapping.newHandlerClass(java.lang.ClassLoader, java.lang.String) took 211.336ms
06-08 16:53:32.264 W/dex2oat ( 3270): Verification of void org.apache.xmlrpc.webserver.Connection.<init>(org.apache.xmlrpc.webserver.WebServer, org.apache.xmlrpc.server.XmlRpcStreamServer, java.net.Socket) took 209.177ms
06-08 16:53:33.830 W/MediaScanner( 3140): Error opening directory '/oem/media/', skipping: No such file or directory.
06-08 16:53:34.200 V/MediaScanner( 3140): pruneDeadThumbnailFiles... android.content.ContentProviderClient$CursorWrapperInner@af7440b
06-08 16:53:34.201 V/MediaScanner( 3140): /pruneDeadThumbnailFiles... android.content.ContentProviderClient$CursorWrapperInner@af7440b
06-08 16:53:34.256 W/dex2oat ( 3270): Compilation of void org.opencv.android.Utils.nBitmapToMat2(android.graphics.Bitmap, long, boolean) took 161.001ms
06-08 16:53:34.259 W/dex2oat ( 3270): Compilation of java.lang.String org.opencv.android.StaticHelper.getLibraryList() took 168.668ms
06-08 16:53:35.558 E/ipv6proxy( 3419): Failed to get interface flags for wlan1: No such device
06-08 16:53:35.848 I/GlobalDismissManager( 3296): no sender configured
06-08 16:53:35.849 D/AlertService( 3296): Beginning updateAlertNotification
06-08 16:53:35.917 D/AlertService( 3296): No fired or scheduled alerts
06-08 16:53:35.995 D/AlertService( 3296): Scheduling next alarm with AlarmScheduler. sEventReminderReceived: null
06-08 16:53:36.049 D/AlarmScheduler( 3296): No events found starting within 1 week.
06-08 16:53:36.882 E/hostapd ( 3420): Configuration file: /system/etc/simulated_hostapd.conf
06-08 16:53:36.912 E/hostapd ( 3420): Could not read interface wlan1 flags: No such device
06-08 16:53:36.912 I/hostapd ( 3420): nl80211: Driver does not support authentication/association or connect commands
06-08 16:53:36.913 I/hostapd ( 3420): nl80211: deinit ifname=wlan1 disabled_11b_rates=0
06-08 16:53:36.913 E/hostapd ( 3420): Could not read interface wlan1 flags: No such device
06-08 16:53:36.914 E/hostapd ( 3420): nl80211 driver initialization failed.
06-08 16:53:36.914 I/hostapd ( 3420): wlan1: interface state UNINITIALIZED->DISABLED
06-08 16:53:36.914 I/hostapd ( 3420): wlan1: AP-DISABLED 
06-08 16:53:36.914 E/hostapd ( 3420): hostapd_free_hapd_data: Interface wlan1 wasn't started
06-08 16:53:37.442 I/dex2oat ( 3270): dex2oat took 22.388s (threads: 2) arena alloc=551KB (565096B) java alloc=7MB (7503544B) native alloc=15MB (16210200B) free=4MB (4237032B)
06-08 16:53:37.691 D/installd( 1330): Detected label change from u:object_r:system_data_file:s0 to u:object_r:app_data_file:s0:c512,c768 at /data/data/jp.jaxa.iss.kibo.rpc.sampleapk; running recursive restorecon
06-08 16:53:37.702 D/installd( 1330): Detected label change from u:object_r:system_data_file:s0 to u:object_r:app_data_file:s0:c512,c768 at /data/user_de/0/jp.jaxa.iss.kibo.rpc.sampleapk; running recursive restorecon
06-08 16:53:37.713 V/BackupManagerService( 2178): restoreAtInstall pkg=jp.jaxa.iss.kibo.rpc.sampleapk token=1 restoreSet=0
06-08 16:53:37.715 W/BackupManagerService( 2178): Requested unavailable transport: android/com.android.internal.backup.LocalTransport
06-08 16:53:37.715 W/BackupManagerService( 2178): No transport
06-08 16:53:37.715 V/BackupManagerService( 2178): Finishing install immediately
06-08 16:53:37.738 D/VoldConnector( 2178): SND -> {9 volume remount_uid 10064 default}
06-08 16:53:37.748 I/GnssLocationProvider( 2178): WakeLock acquired by sendMessage(3, 0, com.android.server.location.GnssLocationProvider$GpsRequest@9866a6)
06-08 16:53:37.750 I/GnssLocationProvider( 2178): WakeLock acquired by sendMessage(3, 0, com.android.server.location.GnssLocationProvider$GpsRequest@a8e78e7)
06-08 16:53:37.753 D/vold    ( 1275): Remounting 10064 as mode default
06-08 16:53:37.755 I/GnssLocationProvider( 2178): WakeLock released by handleMessage(3, 0, com.android.server.location.GnssLocationProvider$GpsRequest@9866a6)
06-08 16:53:37.766 I/GnssLocationProvider( 2178): WakeLock released by handleMessage(3, 0, com.android.server.location.GnssLocationProvider$GpsRequest@a8e78e7)
06-08 16:53:37.774 D/VoldConnector( 2178): RCV <- {200 9 Command succeeded}
06-08 16:53:37.779 D/VoldConnector( 2178): SND -> {10 volume remount_uid 10064 write}
06-08 16:53:37.780 D/vold    ( 1275): Remounting 10064 as mode write
06-08 16:53:37.786 I/GnssLocationProvider( 2178): WakeLock acquired by sendMessage(3, 0, com.android.server.location.GnssLocationProvider$GpsRequest@12a0c94)
06-08 16:53:37.789 I/GnssLocationProvider( 2178): WakeLock released by handleMessage(3, 0, com.android.server.location.GnssLocationProvider$GpsRequest@12a0c94)
06-08 16:53:37.794 D/VoldConnector( 2178): RCV <- {200 10 Command succeeded}
06-08 16:53:37.812 I/art     ( 2178): Starting a blocking GC Explicit
06-08 16:53:37.905 I/art     ( 2178): Explicit concurrent mark sweep GC freed 23808(1391KB) AllocSpace objects, 11(340KB) LOS objects, 29% free, 9MB/13MB, paused 1.303ms total 81.105ms
06-08 16:53:37.914 E/        ( 1330): Couldn't opendir /data/app/vmdl66528952.tmp: No such file or directory
06-08 16:53:38.027 I/InputReader( 2178): Reconfiguring input devices.  changes=0x00000010
06-08 16:53:38.079 W/ActivityManager( 2178): Slow operation: 94ms so far, now at startProcess: returned from zygote!
06-08 16:53:38.079 W/ActivityManager( 2178): Slow operation: 94ms so far, now at startProcess: done updating battery stats
06-08 16:53:38.080 W/ActivityManager( 2178): Slow operation: 95ms so far, now at startProcess: building log message
06-08 16:53:38.080 I/ActivityManager( 2178): Start proc 3421:com.android.gallery3d/u0a39 for broadcast com.android.gallery3d/.app.PackagesMonitor
06-08 16:53:38.080 W/ActivityManager( 2178): Slow operation: 95ms so far, now at startProcess: starting to update pids map
06-08 16:53:38.080 W/ActivityManager( 2178): Slow operation: 95ms so far, now at startProcess: done updating pids map
06-08 16:53:38.080 W/ActivityManager( 2178): Slow operation: 96ms so far, now at startProcess: done starting proc!
06-08 16:53:38.127 I/art     ( 3236): System.exit called, status: 0
06-08 16:53:38.128 I/AndroidRuntime( 3236): VM exiting with result code 0.
06-08 16:53:38.149 W/art     ( 3421): Unexpected CPU variant for X86 using defaults: x86_64
06-08 16:53:38.285 E/PhoneInterfaceManager( 2667): [PhoneIntfMgr] getCarrierPackageNamesForIntent: No UICC
06-08 16:53:38.285 D/CarrierSvcBindHelper( 2667): No carrier app for: 0
06-08 16:53:38.290 D/CarrierConfigLoader( 2667): mHandler: 9 phoneId: 0
06-08 16:53:38.345 I/ActivityManager( 2178): Waited long enough for: ServiceRecord{7de3f1e u0 com.android.calendar/.alerts.InitAlarmsService}
06-08 16:53:38.725 W/art     ( 2178): Long monitor contention with owner android.bg (2219) at void com.android.server.pm.ShortcutService.handlePackageAdded(java.lang.String, int)(ShortcutService.java:2696) waiters=0 in void com.android.server.pm.ShortcutService.handleOnUidStateChanged(int, int) for 331ms
06-08 16:53:39.049 W/VoiceInteractionManagerService( 2178): no available voice recognition services found for user 0
06-08 16:53:39.528 I/ActivityManager( 2178): Start proc 3442:com.svox.pico/u0a49 for broadcast com.svox.pico/.VoiceDataInstallerReceiver
06-08 16:53:39.557 W/art     ( 3442): Unexpected CPU variant for X86 using defaults: x86_64
06-08 16:53:41.138 E/ipv6proxy( 3456): Failed to get interface flags for wlan1: No such device
06-08 16:53:41.324 E/hostapd ( 3457): Configuration file: /system/etc/simulated_hostapd.conf
06-08 16:53:41.339 E/hostapd ( 3457): Could not read interface wlan1 flags: No such device
06-08 16:53:41.339 I/hostapd ( 3457): nl80211: Driver does not support authentication/association or connect commands
06-08 16:53:41.339 I/hostapd ( 3457): nl80211: deinit ifname=wlan1 disabled_11b_rates=0
06-08 16:53:41.340 E/hostapd ( 3457): Could not read interface wlan1 flags: No such device
06-08 16:53:41.340 E/hostapd ( 3457): nl80211 driver initialization failed.
06-08 16:53:41.340 I/hostapd ( 3457): wlan1: interface state UNINITIALIZED->DISABLED
06-08 16:53:41.341 I/hostapd ( 3457): wlan1: AP-DISABLED 
06-08 16:53:41.341 E/hostapd ( 3457): hostapd_free_hapd_data: Interface wlan1 wasn't started
06-08 16:53:45.568 E/ipv6proxy( 3458): Failed to get interface flags for wlan1: No such device
06-08 16:53:46.791 E/hostapd ( 3459): Configuration file: /system/etc/simulated_hostapd.conf
06-08 16:53:46.806 E/hostapd ( 3459): Could not read interface wlan1 flags: No such device
06-08 16:53:46.806 I/hostapd ( 3459): nl80211: Driver does not support authentication/association or connect commands
06-08 16:53:46.806 I/hostapd ( 3459): nl80211: deinit ifname=wlan1 disabled_11b_rates=0
06-08 16:53:46.807 E/hostapd ( 3459): Could not read interface wlan1 flags: No such device
06-08 16:53:46.807 E/hostapd ( 3459): nl80211 driver initialization failed.
06-08 16:53:46.808 I/hostapd ( 3459): wlan1: interface state UNINITIALIZED->DISABLED
06-08 16:53:46.808 I/hostapd ( 3459): wlan1: AP-DISABLED 
06-08 16:53:46.808 E/hostapd ( 3459): hostapd_free_hapd_data: Interface wlan1 wasn't started
06-08 16:53:51.028 E/ipv6proxy( 3460): Failed to get interface flags for wlan1: No such device
06-08 16:53:51.214 E/hostapd ( 3461): Configuration file: /system/etc/simulated_hostapd.conf
06-08 16:53:51.229 E/hostapd ( 3461): Could not read interface wlan1 flags: No such device
06-08 16:53:51.229 I/hostapd ( 3461): nl80211: Driver does not support authentication/association or connect commands
06-08 16:53:51.229 I/hostapd ( 3461): nl80211: deinit ifname=wlan1 disabled_11b_rates=0
06-08 16:53:51.230 E/hostapd ( 3461): Could not read interface wlan1 flags: No such device
06-08 16:53:51.230 E/hostapd ( 3461): nl80211 driver initialization failed.
06-08 16:53:51.231 I/hostapd ( 3461): wlan1: interface state UNINITIALIZED->DISABLED
06-08 16:53:51.231 I/hostapd ( 3461): wlan1: AP-DISABLED 
06-08 16:53:51.231 E/hostapd ( 3461): hostapd_free_hapd_data: Interface wlan1 wasn't started
06-08 16:53:53.456 D/InitAlarmsService( 3296): Clearing and rescheduling alarms.
06-08 16:53:55.458 E/ipv6proxy( 3462): Failed to get interface flags for wlan1: No such device
06-08 16:53:56.794 E/hostapd ( 3463): Configuration file: /system/etc/simulated_hostapd.conf
06-08 16:53:56.824 E/hostapd ( 3463): Could not read interface wlan1 flags: No such device
06-08 16:53:56.827 I/hostapd ( 3463): nl80211: Driver does not support authentication/association or connect commands
06-08 16:53:56.828 I/hostapd ( 3463): nl80211: deinit ifname=wlan1 disabled_11b_rates=0
06-08 16:53:56.828 E/hostapd ( 3463): Could not read interface wlan1 flags: No such device
06-08 16:53:56.829 E/hostapd ( 3463): nl80211 driver initialization failed.
06-08 16:53:56.829 I/hostapd ( 3463): wlan1: interface state UNINITIALIZED->DISABLED
06-08 16:53:56.829 I/hostapd ( 3463): wlan1: AP-DISABLED 
06-08 16:53:56.834 E/hostapd ( 3463): hostapd_free_hapd_data: Interface wlan1 wasn't started
06-08 16:54:01.100 E/ipv6proxy( 3465): Failed to get interface flags for wlan1: No such device
06-08 16:54:01.305 E/hostapd ( 3466): Configuration file: /system/etc/simulated_hostapd.conf
06-08 16:54:01.318 E/hostapd ( 3466): Could not read interface wlan1 flags: No such device
06-08 16:54:01.319 I/hostapd ( 3466): nl80211: Driver does not support authentication/association or connect commands
06-08 16:54:01.319 I/hostapd ( 3466): nl80211: deinit ifname=wlan1 disabled_11b_rates=0
06-08 16:54:01.320 E/hostapd ( 3466): Could not read interface wlan1 flags: No such device
06-08 16:54:01.320 E/hostapd ( 3466): nl80211 driver initialization failed.
06-08 16:54:01.320 I/hostapd ( 3466): wlan1: interface state UNINITIALIZED->DISABLED
06-08 16:54:01.321 I/hostapd ( 3466): wlan1: AP-DISABLED 
06-08 16:54:01.321 E/hostapd ( 3466): hostapd_free_hapd_data: Interface wlan1 wasn't started
06-08 16:54:05.518 E/ipv6proxy( 3467): Failed to get interface flags for wlan1: No such device
06-08 16:54:06.706 E/hostapd ( 3468): Configuration file: /system/etc/simulated_hostapd.conf
06-08 16:54:06.719 E/hostapd ( 3468): Could not read interface wlan1 flags: No such device
06-08 16:54:06.719 I/hostapd ( 3468): nl80211: Driver does not support authentication/association or connect commands
06-08 16:54:06.720 I/hostapd ( 3468): nl80211: deinit ifname=wlan1 disabled_11b_rates=0
06-08 16:54:06.720 E/hostapd ( 3468): Could not read interface wlan1 flags: No such device
06-08 16:54:06.721 E/hostapd ( 3468): nl80211 driver initialization failed.
06-08 16:54:06.721 I/hostapd ( 3468): wlan1: interface state UNINITIALIZED->DISABLED
06-08 16:54:06.721 I/hostapd ( 3468): wlan1: AP-DISABLED 
06-08 16:54:06.721 E/hostapd ( 3468): hostapd_free_hapd_data: Interface wlan1 wasn't started
06-08 16:54:10.918 E/ipv6proxy( 3469): Failed to get interface flags for wlan1: No such device
06-08 16:54:12.090 E/hostapd ( 3470): Configuration file: /system/etc/simulated_hostapd.conf
06-08 16:54:12.104 E/hostapd ( 3470): Could not read interface wlan1 flags: No such device
06-08 16:54:12.105 I/hostapd ( 3470): nl80211: Driver does not support authentication/association or connect commands
06-08 16:54:12.106 I/hostapd ( 3470): nl80211: deinit ifname=wlan1 disabled_11b_rates=0
06-08 16:54:12.106 E/hostapd ( 3470): Could not read interface wlan1 flags: No such device
06-08 16:54:12.107 E/hostapd ( 3470): nl80211 driver initialization failed.
06-08 16:54:12.107 I/hostapd ( 3470): wlan1: interface state UNINITIALIZED->DISABLED
06-08 16:54:12.107 I/hostapd ( 3470): wlan1: AP-DISABLED 
06-08 16:54:12.107 E/hostapd ( 3470): hostapd_free_hapd_data: Interface wlan1 wasn't started
06-08 16:54:15.388 E/ipv6proxy( 3471): Failed to get interface flags for wlan1: No such device
06-08 16:54:16.577 E/hostapd ( 3472): Configuration file: /system/etc/simulated_hostapd.conf
06-08 16:54:16.590 E/hostapd ( 3472): Could not read interface wlan1 flags: No such device
06-08 16:54:16.591 I/hostapd ( 3472): nl80211: Driver does not support authentication/association or connect commands
06-08 16:54:16.591 I/hostapd ( 3472): nl80211: deinit ifname=wlan1 disabled_11b_rates=0
06-08 16:54:16.591 E/hostapd ( 3472): Could not read interface wlan1 flags: No such device
06-08 16:54:16.592 E/hostapd ( 3472): nl80211 driver initialization failed.
06-08 16:54:16.592 I/hostapd ( 3472): wlan1: interface state UNINITIALIZED->DISABLED
06-08 16:54:16.592 I/hostapd ( 3472): wlan1: AP-DISABLED 
06-08 16:54:16.592 E/hostapd ( 3472): hostapd_free_hapd_data: Interface wlan1 wasn't started
06-08 16:54:20.828 E/ipv6proxy( 3473): Failed to get interface flags for wlan1: No such device
06-08 16:54:22.025 E/hostapd ( 3474): Configuration file: /system/etc/simulated_hostapd.conf
06-08 16:54:22.040 E/hostapd ( 3474): Could not read interface wlan1 flags: No such device
06-08 16:54:22.040 I/hostapd ( 3474): nl80211: Driver does not support authentication/association or connect commands
06-08 16:54:22.040 I/hostapd ( 3474): nl80211: deinit ifname=wlan1 disabled_11b_rates=0
06-08 16:54:22.041 E/hostapd ( 3474): Could not read interface wlan1 flags: No such device
06-08 16:54:22.041 E/hostapd ( 3474): nl80211 driver initialization failed.
06-08 16:54:22.042 I/hostapd ( 3474): wlan1: interface state UNINITIALIZED->DISABLED
06-08 16:54:22.042 I/hostapd ( 3474): wlan1: AP-DISABLED 
06-08 16:54:22.042 E/hostapd ( 3474): hostapd_free_hapd_data: Interface wlan1 wasn't started
06-08 16:54:25.268 E/ipv6proxy( 3475): Failed to get interface flags for wlan1: No such device
06-08 16:54:26.488 E/hostapd ( 3476): Configuration file: /system/etc/simulated_hostapd.conf
06-08 16:54:26.502 E/hostapd ( 3476): Could not read interface wlan1 flags: No such device
06-08 16:54:26.503 I/hostapd ( 3476): nl80211: Driver does not support authentication/association or connect commands
06-08 16:54:26.503 I/hostapd ( 3476): nl80211: deinit ifname=wlan1 disabled_11b_rates=0
06-08 16:54:26.503 E/hostapd ( 3476): Could not read interface wlan1 flags: No such device
06-08 16:54:26.504 E/hostapd ( 3476): nl80211 driver initialization failed.
06-08 16:54:26.504 I/hostapd ( 3476): wlan1: interface state UNINITIALIZED->DISABLED
06-08 16:54:26.504 I/hostapd ( 3476): wlan1: AP-DISABLED 
06-08 16:54:26.504 E/hostapd ( 3476): hostapd_free_hapd_data: Interface wlan1 wasn't started
06-08 16:54:30.708 E/ipv6proxy( 3477): Failed to get interface flags for wlan1: No such device
06-08 16:54:31.899 E/hostapd ( 3478): Configuration file: /system/etc/simulated_hostapd.conf
06-08 16:54:31.912 E/hostapd ( 3478): Could not read interface wlan1 flags: No such device
06-08 16:54:31.913 I/hostapd ( 3478): nl80211: Driver does not support authentication/association or connect commands
06-08 16:54:31.913 I/hostapd ( 3478): nl80211: deinit ifname=wlan1 disabled_11b_rates=0
06-08 16:54:31.913 E/hostapd ( 3478): Could not read interface wlan1 flags: No such device
06-08 16:54:31.914 E/hostapd ( 3478): nl80211 driver initialization failed.
06-08 16:54:31.914 I/hostapd ( 3478): wlan1: interface state UNINITIALIZED->DISABLED
06-08 16:54:31.914 I/hostapd ( 3478): wlan1: AP-DISABLED 
06-08 16:54:31.914 E/hostapd ( 3478): hostapd_free_hapd_data: Interface wlan1 wasn't started
06-08 16:54:36.138 E/ipv6proxy( 3479): Failed to get interface flags for wlan1: No such device
06-08 16:54:36.326 E/hostapd ( 3480): Configuration file: /system/etc/simulated_hostapd.conf
06-08 16:54:36.339 E/hostapd ( 3480): Could not read interface wlan1 flags: No such device
06-08 16:54:36.340 I/hostapd ( 3480): nl80211: Driver does not support authentication/association or connect commands
06-08 16:54:36.340 I/hostapd ( 3480): nl80211: deinit ifname=wlan1 disabled_11b_rates=0
06-08 16:54:36.341 E/hostapd ( 3480): Could not read interface wlan1 flags: No such device
06-08 16:54:36.341 E/hostapd ( 3480): nl80211 driver initialization failed.
06-08 16:54:36.341 I/hostapd ( 3480): wlan1: interface state UNINITIALIZED->DISABLED
06-08 16:54:36.342 I/hostapd ( 3480): wlan1: AP-DISABLED 
06-08 16:54:36.342 E/hostapd ( 3480): hostapd_free_hapd_data: Interface wlan1 wasn't started
06-08 16:54:40.570 E/ipv6proxy( 3481): Failed to get interface flags for wlan1: No such device
06-08 16:54:41.792 E/hostapd ( 3482): Configuration file: /system/etc/simulated_hostapd.conf
06-08 16:54:41.806 E/hostapd ( 3482): Could not read interface wlan1 flags: No such device
06-08 16:54:41.807 I/hostapd ( 3482): nl80211: Driver does not support authentication/association or connect commands
06-08 16:54:41.807 I/hostapd ( 3482): nl80211: deinit ifname=wlan1 disabled_11b_rates=0
06-08 16:54:41.808 E/hostapd ( 3482): Could not read interface wlan1 flags: No such device
06-08 16:54:41.808 E/hostapd ( 3482): nl80211 driver initialization failed.
06-08 16:54:41.808 I/hostapd ( 3482): wlan1: interface state UNINITIALIZED->DISABLED
06-08 16:54:41.809 I/hostapd ( 3482): wlan1: AP-DISABLED 
06-08 16:54:41.809 E/hostapd ( 3482): hostapd_free_hapd_data: Interface wlan1 wasn't started
06-08 16:54:46.059 E/ipv6proxy( 3483): Failed to get interface flags for wlan1: No such device
06-08 16:54:46.303 E/hostapd ( 3484): Configuration file: /system/etc/simulated_hostapd.conf
06-08 16:54:46.322 E/hostapd ( 3484): Could not read interface wlan1 flags: No such device
06-08 16:54:46.322 I/hostapd ( 3484): nl80211: Driver does not support authentication/association or connect commands
06-08 16:54:46.323 I/hostapd ( 3484): nl80211: deinit ifname=wlan1 disabled_11b_rates=0
06-08 16:54:46.323 E/hostapd ( 3484): Could not read interface wlan1 flags: No such device
06-08 16:54:46.324 E/hostapd ( 3484): nl80211 driver initialization failed.
06-08 16:54:46.324 I/hostapd ( 3484): wlan1: interface state UNINITIALIZED->DISABLED
06-08 16:54:46.324 I/hostapd ( 3484): wlan1: AP-DISABLED 
06-08 16:54:46.324 E/hostapd ( 3484): hostapd_free_hapd_data: Interface wlan1 wasn't started
06-08 16:54:50.601 E/ipv6proxy( 3485): Failed to get interface flags for wlan1: No such device
06-08 16:54:51.800 E/hostapd ( 3486): Configuration file: /system/etc/simulated_hostapd.conf
06-08 16:54:51.814 E/hostapd ( 3486): Could not read interface wlan1 flags: No such device
06-08 16:54:51.814 I/hostapd ( 3486): nl80211: Driver does not support authentication/association or connect commands
06-08 16:54:51.815 I/hostapd ( 3486): nl80211: deinit ifname=wlan1 disabled_11b_rates=0
06-08 16:54:51.817 E/hostapd ( 3486): Could not read interface wlan1 flags: No such device
06-08 16:54:51.818 E/hostapd ( 3486): nl80211 driver initialization failed.
06-08 16:54:51.818 I/hostapd ( 3486): wlan1: interface state UNINITIALIZED->DISABLED
06-08 16:54:51.818 I/hostapd ( 3486): wlan1: AP-DISABLED 
06-08 16:54:51.818 E/hostapd ( 3486): hostapd_free_hapd_data: Interface wlan1 wasn't started
06-08 16:54:56.059 E/ipv6proxy( 3487): Failed to get interface flags for wlan1: No such device
06-08 16:54:56.331 E/hostapd ( 3488): Configuration file: /system/etc/simulated_hostapd.conf
06-08 16:54:56.349 E/hostapd ( 3488): Could not read interface wlan1 flags: No such device
06-08 16:54:56.350 I/hostapd ( 3488): nl80211: Driver does not support authentication/association or connect commands
06-08 16:54:56.350 I/hostapd ( 3488): nl80211: deinit ifname=wlan1 disabled_11b_rates=0
06-08 16:54:56.351 E/hostapd ( 3488): Could not read interface wlan1 flags: No such device
06-08 16:54:56.352 E/hostapd ( 3488): nl80211 driver initialization failed.
06-08 16:54:56.352 I/hostapd ( 3488): wlan1: interface state UNINITIALIZED->DISABLED
06-08 16:54:56.352 I/hostapd ( 3488): wlan1: AP-DISABLED 
06-08 16:54:56.353 E/hostapd ( 3488): hostapd_free_hapd_data: Interface wlan1 wasn't started
06-08 16:55:00.024 I/ActivityManager( 2178): Killing 3015:com.android.keychain/1000 (adj 906): empty #17
06-08 16:55:00.161 D/ActivityManager( 2178): cleanUpApplicationRecord -- 3015
06-08 16:55:00.953 E/ipv6proxy( 3489): Failed to get interface flags for wlan1: No such device
06-08 16:55:01.203 E/hostapd ( 3490): Configuration file: /system/etc/simulated_hostapd.conf
06-08 16:55:01.218 E/hostapd ( 3490): Could not read interface wlan1 flags: No such device
06-08 16:55:01.218 I/hostapd ( 3490): nl80211: Driver does not support authentication/association or connect commands
06-08 16:55:01.219 I/hostapd ( 3490): nl80211: deinit ifname=wlan1 disabled_11b_rates=0
06-08 16:55:01.219 E/hostapd ( 3490): Could not read interface wlan1 flags: No such device
06-08 16:55:01.220 E/hostapd ( 3490): nl80211 driver initialization failed.
06-08 16:55:01.220 I/hostapd ( 3490): wlan1: interface state UNINITIALIZED->DISABLED
06-08 16:55:01.220 I/hostapd ( 3490): wlan1: AP-DISABLED 
06-08 16:55:01.220 E/hostapd ( 3490): hostapd_free_hapd_data: Interface wlan1 wasn't started
06-08 16:55:05.471 E/ipv6proxy( 3491): Failed to get interface flags for wlan1: No such device
06-08 16:55:06.695 E/hostapd ( 3492): Configuration file: /system/etc/simulated_hostapd.conf
06-08 16:55:06.710 E/hostapd ( 3492): Could not read interface wlan1 flags: No such device
06-08 16:55:06.710 I/hostapd ( 3492): nl80211: Driver does not support authentication/association or connect commands
06-08 16:55:06.711 I/hostapd ( 3492): nl80211: deinit ifname=wlan1 disabled_11b_rates=0
06-08 16:55:06.711 E/hostapd ( 3492): Could not read interface wlan1 flags: No such device
06-08 16:55:06.712 E/hostapd ( 3492): nl80211 driver initialization failed.
06-08 16:55:06.712 I/hostapd ( 3492): wlan1: interface state UNINITIALIZED->DISABLED
06-08 16:55:06.712 I/hostapd ( 3492): wlan1: AP-DISABLED 
06-08 16:55:06.712 E/hostapd ( 3492): hostapd_free_hapd_data: Interface wlan1 wasn't started
06-08 16:55:10.939 E/ipv6proxy( 3493): Failed to get interface flags for wlan1: No such device
06-08 16:55:12.135 E/hostapd ( 3494): Configuration file: /system/etc/simulated_hostapd.conf
06-08 16:55:12.152 E/hostapd ( 3494): Could not read interface wlan1 flags: No such device
06-08 16:55:12.152 I/hostapd ( 3494): nl80211: Driver does not support authentication/association or connect commands
06-08 16:55:12.153 I/hostapd ( 3494): nl80211: deinit ifname=wlan1 disabled_11b_rates=0
06-08 16:55:12.153 E/hostapd ( 3494): Could not read interface wlan1 flags: No such device
