06-08 16:47:26.258 D/audio_hw_generic( 1327): mixer 1 name Master Playback Switch
06-08 16:47:26.258 D/audio_hw_generic( 1327): set ctl 0 to 1
06-08 16:47:26.258 D/audio_hw_generic( 1327): set ctl 1 to 1
06-08 16:47:26.258 D/audio_hw_generic( 1327): mixer 2 name Capture Volume
06-08 16:47:26.258 D/audio_hw_generic( 1327): set ctl 0 to 100
06-08 16:47:26.258 D/audio_hw_generic( 1327): set ctl 1 to 100
06-08 16:47:26.259 D/audio_hw_generic( 1327): mixer 3 name Capture Switch
06-08 16:47:26.259 D/audio_hw_generic( 1327): set ctl 0 to 1
06-08 16:47:26.259 D/audio_hw_generic( 1327): set ctl 1 to 1
06-08 16:47:26.259 D/audio_hw_generic( 1327): mixer 4 name Line Phantom Jack
06-08 16:47:26.259 D/audio_hw_generic( 1327): mixer 5 name Line Out Phantom Jack
06-08 16:47:26.259 D/audio_hw_generic( 1327): mixer 6 name Playback Channel Map
06-08 16:47:26.259 D/audio_hw_generic( 1327): mixer 7 name Capture Channel Map
06-08 16:47:26.259 I/AudioFlinger( 1327): loadHwModule() Loaded primary audio interface from Generic audio HW HAL (audio) handle 10
06-08 16:47:26.261 W/BatteryNotifier( 1328): batterystats service unavailable!
06-08 16:47:26.262 W/BatteryNotifier( 1328): batterystats service unavailable!
06-08 16:47:26.331 I/AudioFlinger( 1327): openOutput(), module 10 Device 2, SamplingRate 48000, Format 0x000001, Channels 3, flags 2
06-08 16:47:26.344 I/AudioFlinger( 1327): HAL output buffer size 720 frames, normal sink buffer size 1152 frames
06-08 16:47:26.543 I/BufferProvider( 1327): found effect "Multichannel Downmix To Stereo" from The Android Open Source Project
06-08 16:47:26.547 I/AudioFlinger( 1327): Using module 10 has the primary audio interface
06-08 16:47:26.572 I/AudioFlinger( 1327): AudioFlinger's thread 0xe8303500 ready to run
06-08 16:47:26.575 W/BatteryNotifier( 1327): batterystats service unavailable!
06-08 16:47:26.576 W/BatteryNotifier( 1327): batterystats service unavailable!
06-08 16:47:26.618 W/BatteryNotifier( 1327): batterystats service unavailable!
06-08 16:47:26.631 W/AudioFlinger( 1327): no wake lock to update, system not ready yet
06-08 16:47:26.710 I/AudioFlinger( 1327): AudioFlinger's thread 0xe7e03bc0 ready to run
06-08 16:47:26.721 D/EmulatedCamera_QemuClient( 1328): Emulated camera list: 
06-08 16:47:26.724 I/r_submix( 1327): adev_open(name=audio_hw_if)
06-08 16:47:26.724 I/r_submix( 1327): adev_init_check()
06-08 16:47:26.724 I/AudioFlinger( 1327): loadHwModule() Loaded r_submix audio interface from Wifi Display audio HAL (audio) handle 18
06-08 16:47:26.725 D/r_submix( 1327): adev_open_input_stream(addr=0)
06-08 16:47:26.725 D/r_submix( 1327): submix_audio_device_create_pipe_l(addr=0, idx=9)
06-08 16:47:26.725 D/r_submix( 1327):   now using address 0 for route 9
06-08 16:47:26.740 I/AudioFlinger( 1327): AudioFlinger's thread 0xe7f03c40 ready to run
06-08 16:47:26.741 D/r_submix( 1327): adev_close_input_stream()
06-08 16:47:26.741 D/r_submix( 1327): submix_audio_device_release_pipe_l(idx=9) addr=0
06-08 16:47:26.741 D/r_submix( 1327): submix_audio_device_destroy_pipe_l(): pipe destroyed
06-08 16:47:26.751 I/RadioService( 1327): RadioService
06-08 16:47:26.752 I/RadioService( 1327): onFirstRef
06-08 16:47:26.754 E/RadioService( 1327): couldn't load radio module radio.primary (No such file or directory)
06-08 16:47:26.755 E/SoundTriggerHwService( 1327): couldn't load sound trigger module sound_trigger.primary (No such file or directory)
06-08 16:47:26.775 D/EmulatedCamera_FakeCamera( 1328): Initialize: Fake camera is facing back
06-08 16:47:26.777 V/EmulatedCamera_Device( 1328): initializeWhiteBalanceModes with auto, 1.000000, 1.000000
06-08 16:47:26.777 V/EmulatedCamera_Device( 1328): initializeWhiteBalanceModes with incandescent, 1.380000, 0.600000
06-08 16:47:26.777 V/EmulatedCamera_Device( 1328): initializeWhiteBalanceModes with daylight, 1.090000, 0.920000
06-08 16:47:26.777 V/EmulatedCamera_Device( 1328): initializeWhiteBalanceModes with twilight, 0.920000, 1.220000
06-08 16:47:26.777 V/EmulatedCamera_Device( 1328): setWhiteBalanceMode with white balance auto
06-08 16:47:26.778 E/EmulatedCamera_Factory( 1328): 1 cameras are being emulated. 0 of them are fake cameras.
06-08 16:47:26.779 E/EmulatedCamera_HotplugThread( 1328): createFileIfNotExists: Could not create file '/data/misc/media/emulator.camera.hotplug.0', error: 'Permission denied' (13)
06-08 16:47:26.791 I/mediaserver( 1333): ServiceManager: 0xea4bc0a0
06-08 16:47:26.855 I/CameraService( 1328): Loaded "Emulated Camera Module" camera module
06-08 16:47:26.856 E/CameraService( 1328): setUpVendorTags: Vendor tag operations not fully defined. Ignoring definitions.
06-08 16:47:26.856 V/EmulatedCamera_Camera( 1328): getCameraInfo
06-08 16:47:26.856 V/EmulatedCamera_BaseCamera( 1328): getCameraInfo
06-08 16:47:26.857 I/CameraFlashlight( 1328): Opening camera 0
06-08 16:47:26.857 V/EmulatedCamera_Camera( 1328): getCameraInfo
06-08 16:47:26.857 V/EmulatedCamera_BaseCamera( 1328): getCameraInfo
06-08 16:47:26.903 V/EmulatedCamera_Camera( 1328): connectCamera
06-08 16:47:26.903 V/EmulatedCamera_FakeDevice( 1328): connectDevice
06-08 16:47:26.903 V/EmulatedCamera_CallbackNotifier( 1328): setCallbacks: 0xf4e25e80, 0xf4e25ed0, 0xf4e25ff0, 0xf4e26110 (0xf41c3140)
06-08 16:47:26.956 I/mediaserver( 1335): ServiceManager: 0xec73c0a0
06-08 16:47:26.977 V/EmulatedCamera_Preview( 1328): setPreviewWindow: current: 0x0 -> new: 0xf41c3150
06-08 16:47:26.978 V/EmulatedCamera_Preview( 1328): setPreviewWindow: current: 0xf41c3150 -> new: 0x0
06-08 16:47:26.978 V/EmulatedCamera_Camera( 1328): doStopPreview
06-08 16:47:26.979 V/EmulatedCamera_Preview( 1328): setPreviewWindow: current: 0x0 -> new: 0x0
06-08 16:47:26.979 V/EmulatedCamera_Camera( 1328): releaseCamera
06-08 16:47:26.979 V/EmulatedCamera_Camera( 1328): doStopPreview
06-08 16:47:26.979 V/EmulatedCamera_FakeDevice( 1328): disconnectDevice
06-08 16:47:26.979 W/EmulatedCamera_Device( 1328): Initialize: Emulated camera device is already initialized: mState = 1
06-08 16:47:26.979 D/EmulatedCamera_FakeCamera( 1328): Initialize: Fake camera is facing back
06-08 16:47:27.036 W/BatteryNotifier( 1335): batterystats service unavailable!
06-08 16:47:27.041 V/EmulatedCamera_Device( 1328): initializeWhiteBalanceModes with auto, 1.000000, 1.000000
06-08 16:47:27.041 V/EmulatedCamera_Device( 1328): initializeWhiteBalanceModes with incandescent, 1.380000, 0.600000
06-08 16:47:27.041 V/EmulatedCamera_Device( 1328): initializeWhiteBalanceModes with daylight, 1.090000, 0.920000
06-08 16:47:27.041 V/EmulatedCamera_Device( 1328): initializeWhiteBalanceModes with twilight, 0.920000, 1.220000
06-08 16:47:27.041 V/EmulatedCamera_Device( 1328): setWhiteBalanceMode with white balance auto
06-08 16:47:27.042 I/CameraFlashlight( 1328): Destroying camera 0
06-08 16:47:27.042 V/EmulatedCamera_Camera( 1328): closeCamera
06-08 16:47:27.042 V/EmulatedCamera_Camera( 1328): doStopPreview
06-08 16:47:27.042 W/EmulatedCamera_Device( 1328): Initialize: Emulated camera device is already initialized: mState = 1
06-08 16:47:27.042 D/EmulatedCamera_FakeCamera( 1328): Initialize: Fake camera is facing back
06-08 16:47:27.071 V/EmulatedCamera_Device( 1328): initializeWhiteBalanceModes with auto, 1.000000, 1.000000
06-08 16:47:27.071 V/EmulatedCamera_Device( 1328): initializeWhiteBalanceModes with incandescent, 1.380000, 0.600000
06-08 16:47:27.071 V/EmulatedCamera_Device( 1328): initializeWhiteBalanceModes with daylight, 1.090000, 0.920000
06-08 16:47:27.071 V/EmulatedCamera_Device( 1328): initializeWhiteBalanceModes with twilight, 0.920000, 1.220000
06-08 16:47:27.071 V/EmulatedCamera_Device( 1328): setWhiteBalanceMode with white balance auto
06-08 16:47:27.073 V/EmulatedCamera_Camera( 1328): getCameraInfo
06-08 16:47:27.074 V/EmulatedCamera_BaseCamera( 1328): getCameraInfo
06-08 16:47:27.077 I/ServiceManager( 1328): Waiting for service media.camera.proxy...
06-08 16:47:28.080 I/ServiceManager( 1328): Waiting for service media.camera.proxy...
06-08 16:47:29.130 I/ServiceManager( 1328): Waiting for service media.camera.proxy...
06-08 16:47:29.630 W/BatteryNotifier( 1327): batterystats service unavailable!
06-08 16:47:30.140 I/ServiceManager( 1328): Waiting for service media.camera.proxy...
06-08 16:47:31.200 I/ServiceManager( 1328): Waiting for service media.camera.proxy...
06-08 16:47:38.265 E/ipv6proxy( 1880): Failed to get interface flags for wlan1: No such device
06-08 16:47:39.007 E/hostapd ( 1888): Configuration file: /system/etc/simulated_hostapd.conf
06-08 16:47:39.048 D/AndroidRuntime( 1326): >>>>>> START com.android.internal.os.ZygoteInit uid 0 <<<<<<
06-08 16:47:39.132 D/AndroidRuntime( 1325): >>>>>> START com.android.internal.os.ZygoteInit uid 0 <<<<<<
06-08 16:47:39.158 E/SurfaceFlinger( 1321): ro.sf.lcd_density must be defined as a build property
06-08 16:47:39.219 D/libEGL  ( 1775): Emulator without GPU support detected. Fallback to legacy software renderer, qemu.gles is set to 0.
06-08 16:47:39.329 D/libEGL  ( 1775): loaded /system/lib64/egl/libGLES_android.so
06-08 16:47:39.621 D/AndroidRuntime( 1326): CheckJNI is ON
06-08 16:47:39.696 E/hostapd ( 1888): Could not read interface wlan1 flags: No such device
06-08 16:47:39.697 I/hostapd ( 1888): nl80211: Driver does not support authentication/association or connect commands
06-08 16:47:39.697 I/hostapd ( 1888): nl80211: deinit ifname=wlan1 disabled_11b_rates=0
06-08 16:47:39.698 E/hostapd ( 1888): Could not read interface wlan1 flags: No such device
06-08 16:47:39.698 E/hostapd ( 1888): nl80211 driver initialization failed.
06-08 16:47:39.698 I/hostapd ( 1888): wlan1: interface state UNINITIALIZED->DISABLED
06-08 16:47:39.699 I/hostapd ( 1888): wlan1: AP-DISABLED 
06-08 16:47:39.699 E/hostapd ( 1888): hostapd_free_hapd_data: Interface wlan1 wasn't started
06-08 16:47:39.741 D/AndroidRuntime( 1325): CheckJNI is ON
06-08 16:47:39.790 I/art     ( 1326): option[0]=-Xzygote
06-08 16:47:39.791 I/art     ( 1326): option[1]=-Xcheck:jni
06-08 16:47:39.791 I/art     ( 1326): option[2]=-Xstacktracefile:/data/anr/traces.txt
06-08 16:47:39.791 I/art     ( 1326): option[3]=exit
06-08 16:47:39.791 I/art     ( 1326): option[4]=vfprintf
06-08 16:47:39.791 I/art     ( 1326): option[5]=sensitiveThread
06-08 16:47:39.791 I/art     ( 1326): option[6]=-verbose:gc
06-08 16:47:39.791 I/art     ( 1326): option[7]=-Xms4m
06-08 16:47:39.791 I/art     ( 1326): option[8]=-Xmx256m
06-08 16:47:39.791 I/art     ( 1326): option[9]=-Xusejit:true
06-08 16:47:39.791 I/art     ( 1326): option[10]=-Xjitsaveprofilinginfo
06-08 16:47:39.792 I/art     ( 1326): option[11]=-agentlib:jdwp=transport=dt_android_adb,suspend=n,server=y
06-08 16:47:39.792 I/art     ( 1326): option[12]=-Xlockprofthreshold:500
06-08 16:47:39.792 I/art     ( 1326): option[13]=-Ximage-compiler-option
06-08 16:47:39.792 I/art     ( 1326): option[14]=--runtime-arg
06-08 16:47:39.792 I/art     ( 1326): option[15]=-Ximage-compiler-option
06-08 16:47:39.792 I/art     ( 1326): option[16]=-Xms64m
06-08 16:47:39.792 I/art     ( 1326): option[17]=-Ximage-compiler-option
06-08 16:47:39.792 I/art     ( 1326): option[18]=--runtime-arg
06-08 16:47:39.792 I/art     ( 1326): option[19]=-Ximage-compiler-option
06-08 16:47:39.792 I/art     ( 1326): option[20]=-Xmx64m
06-08 16:47:39.792 I/art     ( 1326): option[21]=-Ximage-compiler-option
06-08 16:47:39.792 I/art     ( 1326): option[22]=--image-classes=/system/etc/preloaded-classes
06-08 16:47:39.792 I/art     ( 1326): option[23]=-Ximage-compiler-option
06-08 16:47:39.792 I/art     ( 1326): option[24]=--compiled-classes=/system/etc/compiled-classes
06-08 16:47:39.792 I/art     ( 1326): option[25]=-Xcompiler-option
06-08 16:47:39.792 I/art     ( 1326): option[26]=--runtime-arg
06-08 16:47:39.792 I/art     ( 1326): option[27]=-Xcompiler-option
06-08 16:47:39.792 I/art     ( 1326): option[28]=-Xms64m
06-08 16:47:39.792 I/art     ( 1326): option[29]=-Xcompiler-option
06-08 16:47:39.793 I/art     ( 1326): option[30]=--runtime-arg
06-08 16:47:39.793 I/art     ( 1326): option[31]=-Xcompiler-option
06-08 16:47:39.793 I/art     ( 1326): option[32]=-Xmx512m
06-08 16:47:39.793 I/art     ( 1326): option[33]=-Ximage-compiler-option
06-08 16:47:39.793 I/art     ( 1326): option[34]=--instruction-set-variant=x86
06-08 16:47:39.793 I/art     ( 1326): option[35]=-Xcompiler-option
06-08 16:47:39.793 I/art     ( 1326): option[36]=--instruction-set-variant=x86
06-08 16:47:39.793 I/art     ( 1326): option[37]=-Ximage-compiler-option
06-08 16:47:39.793 I/art     ( 1326): option[38]=--instruction-set-features=default
06-08 16:47:39.793 I/art     ( 1326): option[39]=-Xcompiler-option
06-08 16:47:39.793 I/art     ( 1326): option[40]=--instruction-set-features=default
06-08 16:47:39.793 I/art     ( 1326): option[41]=-Duser.locale=en-US
06-08 16:47:39.793 I/art     ( 1326): option[42]=--cpu-abilist=x86
06-08 16:47:39.793 I/art     ( 1326): option[43]=-Xfingerprint:Android/sdk_phone_x86_64/generic_x86_64:7.1.1/NYC/4931657:userdebug/test-keys
06-08 16:47:40.000 I/art     ( 1325): option[0]=-Xzygote
06-08 16:47:40.000 I/art     ( 1325): option[1]=-Xcheck:jni
06-08 16:47:40.001 I/art     ( 1325): option[2]=-Xstacktracefile:/data/anr/traces.txt
06-08 16:47:40.001 I/art     ( 1325): option[3]=exit
06-08 16:47:40.001 I/art     ( 1325): option[4]=vfprintf
06-08 16:47:40.001 I/art     ( 1325): option[5]=sensitiveThread
06-08 16:47:40.001 I/art     ( 1325): option[6]=-verbose:gc
06-08 16:47:40.001 I/art     ( 1325): option[7]=-Xms4m
06-08 16:47:40.001 I/art     ( 1325): option[8]=-Xmx256m
06-08 16:47:40.001 I/art     ( 1325): option[9]=-Xusejit:true
06-08 16:47:40.001 I/art     ( 1325): option[10]=-Xjitsaveprofilinginfo
06-08 16:47:40.001 I/art     ( 1325): option[11]=-agentlib:jdwp=transport=dt_android_adb,suspend=n,server=y
06-08 16:47:40.001 I/art     ( 1325): option[12]=-Xlockprofthreshold:500
06-08 16:47:40.001 I/art     ( 1325): option[13]=-Ximage-compiler-option
06-08 16:47:40.001 I/art     ( 1325): option[14]=--runtime-arg
06-08 16:47:40.001 I/art     ( 1325): option[15]=-Ximage-compiler-option
06-08 16:47:40.001 I/art     ( 1325): option[16]=-Xms64m
06-08 16:47:40.001 I/art     ( 1325): option[17]=-Ximage-compiler-option
06-08 16:47:40.001 I/art     ( 1325): option[18]=--runtime-arg
06-08 16:47:40.002 I/art     ( 1325): option[19]=-Ximage-compiler-option
06-08 16:47:40.002 I/art     ( 1325): option[20]=-Xmx64m
06-08 16:47:40.002 I/art     ( 1325): option[21]=-Ximage-compiler-option
06-08 16:47:40.002 I/art     ( 1325): option[22]=--image-classes=/system/etc/preloaded-classes
06-08 16:47:40.002 I/art     ( 1325): option[23]=-Ximage-compiler-option
06-08 16:47:40.002 I/art     ( 1325): option[24]=--compiled-classes=/system/etc/compiled-classes
06-08 16:47:40.002 I/art     ( 1325): option[25]=-Xcompiler-option
06-08 16:47:40.002 I/art     ( 1325): option[26]=--runtime-arg
06-08 16:47:40.002 I/art     ( 1325): option[27]=-Xcompiler-option
06-08 16:47:40.002 I/art     ( 1325): option[28]=-Xms64m
06-08 16:47:40.002 I/art     ( 1325): option[29]=-Xcompiler-option
06-08 16:47:40.002 I/art     ( 1325): option[30]=--runtime-arg
06-08 16:47:40.002 I/art     ( 1325): option[31]=-Xcompiler-option
06-08 16:47:40.002 I/art     ( 1325): option[32]=-Xmx512m
06-08 16:47:40.002 I/art     ( 1325): option[33]=-Ximage-compiler-option
06-08 16:47:40.002 I/art     ( 1325): option[34]=--instruction-set-variant=x86_64
06-08 16:47:40.002 I/art     ( 1325): option[35]=-Xcompiler-option
06-08 16:47:40.002 I/art     ( 1325): option[36]=--instruction-set-variant=x86_64
06-08 16:47:40.002 I/art     ( 1325): option[37]=-Ximage-compiler-option
06-08 16:47:40.002 I/art     ( 1325): option[38]=--instruction-set-features=default
06-08 16:47:40.002 I/art     ( 1325): option[39]=-Xcompiler-option
06-08 16:47:40.002 I/art     ( 1325): option[40]=--instruction-set-features=default
06-08 16:47:40.002 I/art     ( 1325): option[41]=-Duser.locale=en-US
06-08 16:47:40.002 I/art     ( 1325): option[42]=--cpu-abilist=x86_64
06-08 16:47:40.003 I/art     ( 1325): option[43]=-Xfingerprint:Android/sdk_phone_x86_64/generic_x86_64:7.1.1/NYC/4931657:userdebug/test-keys
06-08 16:47:40.025 D/gralloc_ranchu( 1775): Emulator without host-side GPU emulation detected. Loading gralloc.default.so from /vendor/lib64/hw/gralloc.goldfish.default.so...
06-08 16:47:40.028 D/gralloc_ranchu( 1775): gralloc.default.so not found in /vendor. Trying /system/lib64/hw/gralloc.goldfish.default.so...
06-08 16:47:42.635 E/ipv6proxy( 1931): Failed to get interface flags for wlan1: No such device
06-08 16:47:43.302 E/hostapd ( 1935): Configuration file: /system/etc/simulated_hostapd.conf
06-08 16:47:43.365 E/hostapd ( 1935): Could not read interface wlan1 flags: No such device
06-08 16:47:43.366 I/hostapd ( 1935): nl80211: Driver does not support authentication/association or connect commands
06-08 16:47:43.366 I/hostapd ( 1935): nl80211: deinit ifname=wlan1 disabled_11b_rates=0
06-08 16:47:43.366 E/hostapd ( 1935): Could not read interface wlan1 flags: No such device
06-08 16:47:43.371 E/hostapd ( 1935): nl80211 driver initialization failed.
06-08 16:47:43.371 I/hostapd ( 1935): wlan1: interface state UNINITIALIZED->DISABLED
06-08 16:47:43.371 I/hostapd ( 1935): wlan1: AP-DISABLED 
06-08 16:47:43.372 E/hostapd ( 1935): hostapd_free_hapd_data: Interface wlan1 wasn't started
06-08 16:47:48.287 E/ipv6proxy( 1956): Failed to get interface flags for wlan1: No such device
06-08 16:47:48.418 D/ICU     ( 1326): No timezone override file found: /data/misc/zoneinfo/current/icu/icu_tzdata.dat
06-08 16:47:48.426 E/hostapd ( 1960): Configuration file: /system/etc/simulated_hostapd.conf
06-08 16:47:48.548 E/hostapd ( 1960): Could not read interface wlan1 flags: No such device
06-08 16:47:48.549 I/hostapd ( 1960): nl80211: Driver does not support authentication/association or connect commands
06-08 16:47:48.549 I/hostapd ( 1960): nl80211: deinit ifname=wlan1 disabled_11b_rates=0
06-08 16:47:48.640 E/hostapd ( 1960): Could not read interface wlan1 flags: No such device
06-08 16:47:48.641 E/hostapd ( 1960): nl80211 driver initialization failed.
06-08 16:47:48.641 I/hostapd ( 1960): wlan1: interface state UNINITIALIZED->DISABLED
06-08 16:47:48.641 I/hostapd ( 1960): wlan1: AP-DISABLED 
06-08 16:47:48.641 E/hostapd ( 1960): hostapd_free_hapd_data: Interface wlan1 wasn't started
06-08 16:47:48.921 D/ICU     ( 1325): No timezone override file found: /data/misc/zoneinfo/current/icu/icu_tzdata.dat
06-08 16:47:52.825 E/ipv6proxy( 1985): Failed to get interface flags for wlan1: No such device
06-08 16:47:53.814 E/hostapd ( 1991): Configuration file: /system/etc/simulated_hostapd.conf
06-08 16:47:53.907 E/hostapd ( 1991): Could not read interface wlan1 flags: No such device
06-08 16:47:53.907 I/hostapd ( 1991): nl80211: Driver does not support authentication/association or connect commands
06-08 16:47:53.908 I/hostapd ( 1991): nl80211: deinit ifname=wlan1 disabled_11b_rates=0
06-08 16:47:53.908 E/hostapd ( 1991): Could not read interface wlan1 flags: No such device
06-08 16:47:53.909 E/hostapd ( 1991): nl80211 driver initialization failed.
06-08 16:47:53.909 I/hostapd ( 1991): wlan1: interface state UNINITIALIZED->DISABLED
06-08 16:47:53.909 I/hostapd ( 1991): wlan1: AP-DISABLED 
06-08 16:47:53.909 E/hostapd ( 1991): hostapd_free_hapd_data: Interface wlan1 wasn't started
06-08 16:47:54.053 E/memtrack( 1326): Couldn't load memtrack module (No such file or directory)
06-08 16:47:54.054 E/android.os.Debug( 1326): failed to load memtrack module: -2
06-08 16:47:54.101 I/Radio-JNI( 1326): register_android_hardware_Radio DONE
06-08 16:47:54.169 E/memtrack( 1325): Couldn't load memtrack module (No such file or directory)
06-08 16:47:54.169 E/android.os.Debug( 1325): failed to load memtrack module: -2
06-08 16:47:54.371 I/Radio-JNI( 1325): register_android_hardware_Radio DONE
06-08 16:47:54.752 I/SamplingProfilerIntegration( 1326): Profiling disabled.
06-08 16:47:54.800 I/SamplingProfilerIntegration( 1325): Profiling disabled.
06-08 16:47:54.834 D/Zygote  ( 1326): begin preload
06-08 16:47:54.834 I/Zygote  ( 1326): Installing ICU cache reference pinning...
06-08 16:47:54.841 D/Zygote  ( 1325): begin preload
06-08 16:47:54.841 I/Zygote  ( 1325): Installing ICU cache reference pinning...
06-08 16:47:54.850 I/Zygote  ( 1325): Preloading ICU data...
06-08 16:47:54.930 I/Zygote  ( 1326): Preloading ICU data...
06-08 16:47:57.067 I/Zygote  ( 1325): Preloading classes...
06-08 16:47:57.078 I/Zygote  ( 1326): Preloading classes...
06-08 16:47:57.223 W/Zygote  ( 1325): Class not found for preloading: [Landroid.view.Display$ColorTransform;
06-08 16:47:57.433 W/Zygote  ( 1326): Class not found for preloading: [Landroid.view.Display$ColorTransform;
06-08 16:47:57.984 E/ipv6proxy( 2009): Failed to get interface flags for wlan1: No such device
06-08 16:47:58.655 E/hostapd ( 2011): Configuration file: /system/etc/simulated_hostapd.conf
06-08 16:47:58.763 E/hostapd ( 2011): Could not read interface wlan1 flags: No such device
06-08 16:47:58.764 I/hostapd ( 2011): nl80211: Driver does not support authentication/association or connect commands
06-08 16:47:58.764 I/hostapd ( 2011): nl80211: deinit ifname=wlan1 disabled_11b_rates=0
06-08 16:47:58.765 E/hostapd ( 2011): Could not read interface wlan1 flags: No such device
06-08 16:47:58.765 E/hostapd ( 2011): nl80211 driver initialization failed.
06-08 16:47:58.765 I/hostapd ( 2011): wlan1: interface state UNINITIALIZED->DISABLED
06-08 16:47:58.765 I/hostapd ( 2011): wlan1: AP-DISABLED 
06-08 16:47:58.766 E/hostapd ( 2011): hostapd_free_hapd_data: Interface wlan1 wasn't started
06-08 16:48:03.074 E/ipv6proxy( 2028): Failed to get interface flags for wlan1: No such device
06-08 16:48:03.597 E/hostapd ( 2032): Configuration file: /system/etc/simulated_hostapd.conf
06-08 16:48:03.924 E/hostapd ( 2032): Could not read interface wlan1 flags: No such device
06-08 16:48:03.925 I/hostapd ( 2032): nl80211: Driver does not support authentication/association or connect commands
06-08 16:48:03.925 I/hostapd ( 2032): nl80211: deinit ifname=wlan1 disabled_11b_rates=0
06-08 16:48:03.925 E/hostapd ( 2032): Could not read interface wlan1 flags: No such device
06-08 16:48:03.926 E/hostapd ( 2032): nl80211 driver initialization failed.
06-08 16:48:03.926 I/hostapd ( 2032): wlan1: interface state UNINITIALIZED->DISABLED
06-08 16:48:03.926 I/hostapd ( 2032): wlan1: AP-DISABLED 
06-08 16:48:03.926 E/hostapd ( 2032): hostapd_free_hapd_data: Interface wlan1 wasn't started
06-08 16:48:04.913 E/Typeface( 1325): Error mapping font file /system/fonts/DroidSansFallback.ttf
06-08 16:48:05.077 E/Typeface( 1326): Error mapping font file /system/fonts/DroidSansFallback.ttf
06-08 16:48:07.103 E/ipv6proxy( 2045): Failed to get interface flags for wlan1: No such device
06-08 16:48:08.018 E/hostapd ( 2050): Configuration file: /system/etc/simulated_hostapd.conf
06-08 16:48:08.047 E/hostapd ( 2050): Could not read interface wlan1 flags: No such device
06-08 16:48:08.047 I/hostapd ( 2050): nl80211: Driver does not support authentication/association or connect commands
06-08 16:48:08.048 I/hostapd ( 2050): nl80211: deinit ifname=wlan1 disabled_11b_rates=0
06-08 16:48:08.048 E/hostapd ( 2050): Could not read interface wlan1 flags: No such device
06-08 16:48:08.049 E/hostapd ( 2050): nl80211 driver initialization failed.
06-08 16:48:08.049 I/hostapd ( 2050): wlan1: interface state UNINITIALIZED->DISABLED
06-08 16:48:08.049 I/hostapd ( 2050): wlan1: AP-DISABLED 
06-08 16:48:08.049 E/hostapd ( 2050): hostapd_free_hapd_data: Interface wlan1 wasn't started
06-08 16:48:10.221 W/art     ( 1325): Suspending all threads took: 18.159ms
06-08 16:48:10.660 I/art     ( 1325): Background concurrent mark sweep GC freed 21947(2MB) AllocSpace objects, 63(1108KB) LOS objects, 33% free, 2MB/3MB, paused 20.886ms total 613.101ms
06-08 16:48:11.207 I/art     ( 1326): Background concurrent mark sweep GC freed 21946(2MB) AllocSpace objects, 108(2004KB) LOS objects, 33% free, 3MB/4MB, paused 3.155ms total 878.905ms
06-08 16:48:11.211 W/art     ( 1325): Suspending all threads took: 99.984ms
06-08 16:48:11.396 I/art     ( 1325): Background sticky concurrent mark sweep GC freed 316(1618KB) AllocSpace objects, 68(1316KB) LOS objects, 58% free, 1523KB/3MB, paused 101.998ms total 504.670ms
06-08 16:48:11.979 E/ipv6proxy( 2065): Failed to get interface flags for wlan1: No such device
06-08 16:48:12.430 I/art     ( 1325): Thread[1,tid=1325,Native,Thread*=0x73f931a95a00,peer=0x12c060d0,"main"] recursive attempt to load library "/system/lib64/libmedia_jni.so"
06-08 16:48:12.442 I/art     ( 1326): Thread[1,tid=1326,Native,Thread*=0xeca8b400,peer=0x12c060d0,"main"] recursive attempt to load library "/system/lib/libmedia_jni.so"
06-08 16:48:12.453 D/MtpDeviceJNI( 1326): register_android_mtp_MtpDevice
06-08 16:48:12.455 I/art     ( 1326): Thread[1,tid=1326,Native,Thread*=0xeca8b400,peer=0x12c060d0,"main"] recursive attempt to load library "/system/lib/libmedia_jni.so"
06-08 16:48:12.456 I/art     ( 1326): Thread[1,tid=1326,Native,Thread*=0xeca8b400,peer=0x12c060d0,"main"] recursive attempt to load library "/system/lib/libmedia_jni.so"
06-08 16:48:12.468 D/MtpDeviceJNI( 1325): register_android_mtp_MtpDevice
06-08 16:48:12.472 I/art     ( 1325): Thread[1,tid=1325,Native,Thread*=0x73f931a95a00,peer=0x12c060d0,"main"] recursive attempt to load library "/system/lib64/libmedia_jni.so"
06-08 16:48:12.473 I/art     ( 1325): Thread[1,tid=1325,Native,Thread*=0x73f931a95a00,peer=0x12c060d0,"main"] recursive attempt to load library "/system/lib64/libmedia_jni.so"
06-08 16:48:13.175 E/hostapd ( 2069): Configuration file: /system/etc/simulated_hostapd.conf
06-08 16:48:13.363 E/hostapd ( 2069): Could not read interface wlan1 flags: No such device
06-08 16:48:13.363 I/hostapd ( 2069): nl80211: Driver does not support authentication/association or connect commands
06-08 16:48:13.364 I/hostapd ( 2069): nl80211: deinit ifname=wlan1 disabled_11b_rates=0
06-08 16:48:13.364 E/hostapd ( 2069): Could not read interface wlan1 flags: No such device
06-08 16:48:13.365 E/hostapd ( 2069): nl80211 driver initialization failed.
06-08 16:48:13.365 I/hostapd ( 2069): wlan1: interface state UNINITIALIZED->DISABLED
06-08 16:48:13.365 I/hostapd ( 2069): wlan1: AP-DISABLED 
06-08 16:48:13.365 E/hostapd ( 2069): hostapd_free_hapd_data: Interface wlan1 wasn't started
06-08 16:48:15.999 W/Zygote  ( 1325): Class not found for preloading: android.view.Display$ColorTransform
06-08 16:48:16.031 W/Zygote  ( 1325): Class not found for preloading: android.view.Display$ColorTransform$1
06-08 16:48:16.276 W/Zygote  ( 1326): Class not found for preloading: android.view.Display$ColorTransform
06-08 16:48:16.277 W/Zygote  ( 1326): Class not found for preloading: android.view.Display$ColorTransform$1
06-08 16:48:17.538 E/ipv6proxy( 2089): Failed to get interface flags for wlan1: No such device
06-08 16:48:18.698 E/hostapd ( 2094): Configuration file: /system/etc/simulated_hostapd.conf
06-08 16:48:18.904 I/art     ( 1326): Background sticky concurrent mark sweep GC freed 16549(2MB) AllocSpace objects, 21(380KB) LOS objects, 67% free, 1647KB/4MB, paused 802us total 420.618ms
06-08 16:48:19.031 E/hostapd ( 2094): Could not read interface wlan1 flags: No such device
06-08 16:48:19.032 I/hostapd ( 2094): nl80211: Driver does not support authentication/association or connect commands
06-08 16:48:19.032 I/hostapd ( 2094): nl80211: deinit ifname=wlan1 disabled_11b_rates=0
06-08 16:48:19.033 E/hostapd ( 2094): Could not read interface wlan1 flags: No such device
06-08 16:48:19.033 E/hostapd ( 2094): nl80211 driver initialization failed.
06-08 16:48:19.033 I/hostapd ( 2094): wlan1: interface state UNINITIALIZED->DISABLED
06-08 16:48:19.033 I/hostapd ( 2094): wlan1: AP-DISABLED 
06-08 16:48:19.034 E/hostapd ( 2094): hostapd_free_hapd_data: Interface wlan1 wasn't started
06-08 16:48:20.837 I/System  ( 1325): Loaded time zone names for "" in 1827ms (1701ms in ICU)
06-08 16:48:20.916 I/System  ( 1326): Loaded time zone names for "" in 1866ms (1581ms in ICU)
06-08 16:48:21.563 I/System  ( 1325): Loaded time zone names for "en_US" in 724ms (608ms in ICU)
06-08 16:48:21.583 I/System  ( 1326): Loaded time zone names for "en_US" in 665ms (611ms in ICU)
06-08 16:48:22.818 I/art     ( 1325): Background concurrent mark sweep GC freed 25756(1586KB) AllocSpace objects, 2(32KB) LOS objects, 39% free, 1584KB/2MB, paused 1.628ms total 379.050ms
06-08 16:48:23.146 E/ipv6proxy( 2110): Failed to get interface flags for wlan1: No such device
06-08 16:48:23.395 E/hostapd ( 2115): Configuration file: /system/etc/simulated_hostapd.conf
06-08 16:48:23.482 I/Zygote  ( 1326): ...preloaded 4158 classes in 26370ms.
06-08 16:48:23.486 I/art     ( 1326): VMRuntime.preloadDexCaches starting
06-08 16:48:23.500 E/hostapd ( 2115): Could not read interface wlan1 flags: No such device
06-08 16:48:23.501 I/hostapd ( 2115): nl80211: Driver does not support authentication/association or connect commands
06-08 16:48:23.501 I/hostapd ( 2115): nl80211: deinit ifname=wlan1 disabled_11b_rates=0
06-08 16:48:23.520 E/hostapd ( 2115): Could not read interface wlan1 flags: No such device
06-08 16:48:23.521 E/hostapd ( 2115): nl80211 driver initialization failed.
06-08 16:48:23.521 I/hostapd ( 2115): wlan1: interface state UNINITIALIZED->DISABLED
06-08 16:48:23.521 I/hostapd ( 2115): wlan1: AP-DISABLED 
06-08 16:48:23.521 E/hostapd ( 2115): hostapd_free_hapd_data: Interface wlan1 wasn't started
06-08 16:48:23.586 I/Zygote  ( 1325): ...preloaded 4158 classes in 26518ms.
06-08 16:48:23.587 I/art     ( 1325): VMRuntime.preloadDexCaches starting
06-08 16:48:25.325 I/art     ( 1326): VMRuntime.preloadDexCaches strings total=283712 before=39625 after=39625
06-08 16:48:25.326 I/art     ( 1326): VMRuntime.preloadDexCaches types total=23581 before=7877 after=7904
06-08 16:48:25.326 I/art     ( 1326): VMRuntime.preloadDexCaches fields total=112007 before=40903 after=41117
06-08 16:48:25.326 I/art     ( 1326): VMRuntime.preloadDexCaches methods total=197534 before=82457 after=83017
06-08 16:48:25.326 I/art     ( 1326): VMRuntime.preloadDexCaches finished
06-08 16:48:25.426 I/Zygote  ( 1326): Preloading resources...
06-08 16:48:25.657 I/art     ( 1325): VMRuntime.preloadDexCaches strings total=283712 before=39625 after=39625
06-08 16:48:25.657 I/art     ( 1325): VMRuntime.preloadDexCaches types total=23581 before=7877 after=7904
06-08 16:48:25.657 I/art     ( 1325): VMRuntime.preloadDexCaches fields total=112007 before=40903 after=41117
06-08 16:48:25.657 I/art     ( 1325): VMRuntime.preloadDexCaches methods total=197534 before=82457 after=83017
06-08 16:48:25.658 I/art     ( 1325): VMRuntime.preloadDexCaches finished
06-08 16:48:25.848 I/Zygote  ( 1325): Preloading resources...
06-08 16:48:27.583 E/ipv6proxy( 2132): Failed to get interface flags for wlan1: No such device
06-08 16:48:27.671 W/Resources( 1326): Preloaded drawable resource #0x108025c (android:drawable/dialog_background_material) that varies with configuration!!
06-08 16:48:27.744 W/Resources( 1326): Preloaded drawable resource #0x1080298 (android:drawable/editbox_dropdown_background_dark) that varies with configuration!!
06-08 16:48:27.938 W/Resources( 1325): Preloaded drawable resource #0x108025c (android:drawable/dialog_background_material) that varies with configuration!!
06-08 16:48:27.942 W/Resources( 1326): Preloaded color resource #0x10600e2 (android:color/material_grey_800) that varies with configuration!!
06-08 16:48:27.942 W/Resources( 1326): Preloaded drawable resource #0x10802c9 (android:drawable/floating_popup_background_dark) that varies with configuration!!
06-08 16:48:28.022 W/Resources( 1325): Preloaded drawable resource #0x1080298 (android:drawable/editbox_dropdown_background_dark) that varies with configuration!!
06-08 16:48:28.168 W/Resources( 1325): Preloaded color resource #0x10600e2 (android:color/material_grey_800) that varies with configuration!!
06-08 16:48:28.169 W/Resources( 1325): Preloaded drawable resource #0x10802c9 (android:drawable/floating_popup_background_dark) that varies with configuration!!
06-08 16:48:28.550 W/art     ( 1325): Suspending all threads took: 49.910ms
06-08 16:48:28.556 I/art     ( 1325): Background sticky concurrent mark sweep GC freed 2168(211KB) AllocSpace objects, 0(0B) LOS objects, 0% free, 2MB/2MB, paused 50.622ms total 183.463ms
06-08 16:48:28.709 E/hostapd ( 2135): Configuration file: /system/etc/simulated_hostapd.conf
06-08 16:48:28.721 I/art     ( 1325): Background concurrent mark sweep GC freed 636(44KB) AllocSpace objects, 1(32KB) LOS objects, 56% free, 3MB/7MB, paused 70.571ms total 147.712ms
06-08 16:48:28.843 W/Resources( 1326): Preloaded drawable resource #0x108030b (android:drawable/ic_clear_disabled) that varies with configuration!!
06-08 16:48:28.846 W/Resources( 1326): Preloaded drawable resource #0x1080310 (android:drawable/ic_clear_normal) that varies with configuration!!
06-08 16:48:28.852 E/hostapd ( 2135): Could not read interface wlan1 flags: No such device
06-08 16:48:28.853 I/hostapd ( 2135): nl80211: Driver does not support authentication/association or connect commands
06-08 16:48:28.853 I/hostapd ( 2135): nl80211: deinit ifname=wlan1 disabled_11b_rates=0
06-08 16:48:28.854 E/hostapd ( 2135): Could not read interface wlan1 flags: No such device
06-08 16:48:28.854 E/hostapd ( 2135): nl80211 driver initialization failed.
06-08 16:48:28.854 I/hostapd ( 2135): wlan1: interface state UNINITIALIZED->DISABLED
06-08 16:48:28.855 I/hostapd ( 2135): wlan1: AP-DISABLED 
06-08 16:48:28.855 E/hostapd ( 2135): hostapd_free_hapd_data: Interface wlan1 wasn't started
06-08 16:48:28.944 W/Resources( 1326): Preloaded drawable resource #0x1080359 (android:drawable/ic_go) that varies with configuration!!
06-08 16:48:29.093 W/Resources( 1326): Preloaded drawable resource #0x1080038 (android:drawable/ic_menu_close_clear_cancel) that varies with configuration!!
06-08 16:48:29.178 W/Resources( 1325): Preloaded drawable resource #0x108030b (android:drawable/ic_clear_disabled) that varies with configuration!!
06-08 16:48:29.185 W/Resources( 1326): Preloaded drawable resource #0x1080045 (android:drawable/ic_menu_more) that varies with configuration!!
06-08 16:48:29.270 W/Resources( 1325): Preloaded drawable resource #0x1080310 (android:drawable/ic_clear_normal) that varies with configuration!!
06-08 16:48:29.336 W/Resources( 1325): Preloaded drawable resource #0x1080359 (android:drawable/ic_go) that varies with configuration!!
06-08 16:48:29.471 I/art     ( 1326): Background sticky concurrent mark sweep GC freed 9893(610KB) AllocSpace objects, 3(120KB) LOS objects, 13% free, 4MB/4MB, paused 1.797ms total 304.979ms
06-08 16:48:29.566 W/Resources( 1326): Preloaded drawable resource #0x10804e8 (android:drawable/menu_background_fill_parent_width) that varies with configuration!!
06-08 16:48:29.574 W/Resources( 1325): Preloaded drawable resource #0x1080038 (android:drawable/ic_menu_close_clear_cancel) that varies with configuration!!
06-08 16:48:29.658 W/Resources( 1325): Preloaded drawable resource #0x1080045 (android:drawable/ic_menu_more) that varies with configuration!!
06-08 16:48:29.894 I/art     ( 1326): Background concurrent mark sweep GC freed 3570(164KB) AllocSpace objects, 5(104KB) LOS objects, 45% free, 4MB/8MB, paused 548us total 149.126ms
06-08 16:48:30.191 W/Resources( 1325): Preloaded drawable resource #0x10804e8 (android:drawable/menu_background_fill_parent_width) that varies with configuration!!
06-08 16:48:31.077 W/Resources( 1326): Preloaded drawable resource #0x108077e (android:drawable/text_edit_paste_window) that varies with configuration!!
06-08 16:48:31.162 W/Resources( 1326): Preloaded drawable resource #0x1080096 (android:drawable/toast_frame) that varies with configuration!!
06-08 16:48:31.162 I/Zygote  ( 1326): ...preloaded 114 resources in 5736ms.
06-08 16:48:31.377 W/Resources( 1326): Preloaded color resource #0x106010b (android:color/background_cache_hint_selector_material_dark) that varies with configuration!!
06-08 16:48:31.379 W/Resources( 1326): Preloaded color resource #0x1060110 (android:color/btn_default_material_dark) that varies with configuration!!
06-08 16:48:31.490 I/Zygote  ( 1326): ...preloaded 41 resources in 328ms.
06-08 16:48:31.493 D/libEGL  ( 1326): Emulator without GPU support detected. Fallback to legacy software renderer, qemu.gles is set to 0.
06-08 16:48:31.686 D/libEGL  ( 1326): loaded /system/lib/egl/libGLES_android.so
06-08 16:48:32.204 W/Resources( 1325): Preloaded drawable resource #0x108077e (android:drawable/text_edit_paste_window) that varies with configuration!!
06-08 16:48:32.413 W/Resources( 1325): Preloaded drawable resource #0x1080096 (android:drawable/toast_frame) that varies with configuration!!
06-08 16:48:32.413 I/Zygote  ( 1325): ...preloaded 114 resources in 6564ms.
06-08 16:48:32.493 E/ipv6proxy( 2152): Failed to get interface flags for wlan1: No such device
06-08 16:48:32.667 W/Resources( 1325): Preloaded color resource #0x106010b (android:color/background_cache_hint_selector_material_dark) that varies with configuration!!
06-08 16:48:32.669 W/Resources( 1325): Preloaded color resource #0x1060110 (android:color/btn_default_material_dark) that varies with configuration!!
06-08 16:48:32.727 I/Zygote  ( 1325): ...preloaded 41 resources in 314ms.
06-08 16:48:32.728 D/libEGL  ( 1325): Emulator without GPU support detected. Fallback to legacy software renderer, qemu.gles is set to 0.
06-08 16:48:32.789 D/libEGL  ( 1325): loaded /system/lib64/egl/libGLES_android.so
06-08 16:48:32.913 I/Zygote  ( 1326): Preloading shared libraries...
06-08 16:48:33.222 E/Hyphenator( 1326): error loading hyphenation /system/usr/hyphen-data/hyph-as.hyb
06-08 16:48:33.222 E/Hyphenator( 1326): java.io.FileNotFoundException: /system/usr/hyphen-data/hyph-as.hyb: open failed: ENOENT (No such file or directory)
06-08 16:48:33.222 E/Hyphenator( 1326): 	at libcore.io.IoBridge.open(IoBridge.java:455)
06-08 16:48:33.222 E/Hyphenator( 1326): 	at java.io.RandomAccessFile.<init>(RandomAccessFile.java:247)
06-08 16:48:33.222 E/Hyphenator( 1326): 	at android.text.Hyphenator.loadHyphenator(Hyphenator.java:118)
06-08 16:48:33.222 E/Hyphenator( 1326): 	at android.text.Hyphenator.init(Hyphenator.java:224)
06-08 16:48:33.222 E/Hyphenator( 1326): 	at com.android.internal.os.ZygoteInit.preloadTextResources(ZygoteInit.java:252)
06-08 16:48:33.222 E/Hyphenator( 1326): 	at com.android.internal.os.ZygoteInit.preload(ZygoteInit.java:206)
06-08 16:48:33.222 E/Hyphenator( 1326): 	at com.android.internal.os.ZygoteInit.main(ZygoteInit.java:743)
06-08 16:48:33.222 E/Hyphenator( 1326): Caused by: android.system.ErrnoException: open failed: ENOENT (No such file or directory)
06-08 16:48:33.222 E/Hyphenator( 1326): 	at libcore.io.Posix.open(Native Method)
06-08 16:48:33.222 E/Hyphenator( 1326): 	at libcore.io.BlockGuardOs.open(BlockGuardOs.java:187)
06-08 16:48:33.222 E/Hyphenator( 1326): 	at libcore.io.IoBridge.open(IoBridge.java:441)
06-08 16:48:33.222 E/Hyphenator( 1326): 	... 6 more
06-08 16:48:33.224 E/Hyphenator( 1326): error loading hyphenation /system/usr/hyphen-data/hyph-bn.hyb
06-08 16:48:33.224 E/Hyphenator( 1326): java.io.FileNotFoundException: /system/usr/hyphen-data/hyph-bn.hyb: open failed: ENOENT (No such file or directory)
06-08 16:48:33.224 E/Hyphenator( 1326): 	at libcore.io.IoBridge.open(IoBridge.java:455)
06-08 16:48:33.224 E/Hyphenator( 1326): 	at java.io.RandomAccessFile.<init>(RandomAccessFile.java:247)
06-08 16:48:33.224 E/Hyphenator( 1326): 	at android.text.Hyphenator.loadHyphenator(Hyphenator.java:118)
06-08 16:48:33.224 E/Hyphenator( 1326): 	at android.text.Hyphenator.init(Hyphenator.java:224)
06-08 16:48:33.224 E/Hyphenator( 1326): 	at com.android.internal.os.ZygoteInit.preloadTextResources(ZygoteInit.java:252)
06-08 16:48:33.224 E/Hyphenator( 1326): 	at com.android.internal.os.ZygoteInit.preload(ZygoteInit.java:206)
06-08 16:48:33.224 E/Hyphenator( 1326): 	at com.android.internal.os.ZygoteInit.main(ZygoteInit.java:743)
06-08 16:48:33.224 E/Hyphenator( 1326): Caused by: android.system.ErrnoException: open failed: ENOENT (No such file or directory)
06-08 16:48:33.224 E/Hyphenator( 1326): 	at libcore.io.Posix.open(Native Method)
06-08 16:48:33.224 E/Hyphenator( 1326): 	at libcore.io.BlockGuardOs.open(BlockGuardOs.java:187)
06-08 16:48:33.224 E/Hyphenator( 1326): 	at libcore.io.IoBridge.open(IoBridge.java:441)
06-08 16:48:33.224 E/Hyphenator( 1326): 	... 6 more
06-08 16:48:33.225 E/Hyphenator( 1326): error loading hyphenation /system/usr/hyphen-data/hyph-cy.hyb
06-08 16:48:33.225 E/Hyphenator( 1326): java.io.FileNotFoundException: /system/usr/hyphen-data/hyph-cy.hyb: open failed: ENOENT (No such file or directory)
06-08 16:48:33.225 E/Hyphenator( 1326): 	at libcore.io.IoBridge.open(IoBridge.java:455)
06-08 16:48:33.225 E/Hyphenator( 1326): 	at java.io.RandomAccessFile.<init>(RandomAccessFile.java:247)
06-08 16:48:33.225 E/Hyphenator( 1326): 	at android.text.Hyphenator.loadHyphenator(Hyphenator.java:118)
06-08 16:48:33.225 E/Hyphenator( 1326): 	at android.text.Hyphenator.init(Hyphenator.java:224)
06-08 16:48:33.225 E/Hyphenator( 1326): 	at com.android.internal.os.ZygoteInit.preloadTextResources(ZygoteInit.java:252)
06-08 16:48:33.225 E/Hyphenator( 1326): 	at com.android.internal.os.ZygoteInit.preload(ZygoteInit.java:206)
06-08 16:48:33.225 E/Hyphenator( 1326): 	at com.android.internal.os.ZygoteInit.main(ZygoteInit.java:743)
06-08 16:48:33.225 E/Hyphenator( 1326): Caused by: android.system.ErrnoException: open failed: ENOENT (No such file or directory)
06-08 16:48:33.225 E/Hyphenator( 1326): 	at libcore.io.Posix.open(Native Method)
06-08 16:48:33.225 E/Hyphenator( 1326): 	at libcore.io.BlockGuardOs.open(BlockGuardOs.java:187)
06-08 16:48:33.225 E/Hyphenator( 1326): 	at libcore.io.IoBridge.open(IoBridge.java:441)
06-08 16:48:33.225 E/Hyphenator( 1326): 	... 6 more
06-08 16:48:33.227 E/Hyphenator( 1326): error loading hyphenation /system/usr/hyphen-data/hyph-da.hyb
06-08 16:48:33.227 E/Hyphenator( 1326): java.io.FileNotFoundException: /system/usr/hyphen-data/hyph-da.hyb: open failed: ENOENT (No such file or directory)
06-08 16:48:33.227 E/Hyphenator( 1326): 	at libcore.io.IoBridge.open(IoBridge.java:455)
06-08 16:48:33.227 E/Hyphenator( 1326): 	at java.io.RandomAccessFile.<init>(RandomAccessFile.java:247)
06-08 16:48:33.227 E/Hyphenator( 1326): 	at android.text.Hyphenator.loadHyphenator(Hyphenator.java:118)
06-08 16:48:33.227 E/Hyphenator( 1326): 	at android.text.Hyphenator.init(Hyphenator.java:224)
06-08 16:48:33.227 E/Hyphenator( 1326): 	at com.android.internal.os.ZygoteInit.preloadTextResources(ZygoteInit.java:252)
06-08 16:48:33.227 E/Hyphenator( 1326): 	at com.android.internal.os.ZygoteInit.preload(ZygoteInit.java:206)
06-08 16:48:33.227 E/Hyphenator( 1326): 	at com.android.internal.os.ZygoteInit.main(ZygoteInit.java:743)
06-08 16:48:33.227 E/Hyphenator( 1326): Caused by: android.system.ErrnoException: open failed: ENOENT (No such file or directory)
06-08 16:48:33.227 E/Hyphenator( 1326): 	at libcore.io.Posix.open(Native Method)
06-08 16:48:33.227 E/Hyphenator( 1326): 	at libcore.io.BlockGuardOs.open(BlockGuardOs.java:187)
06-08 16:48:33.227 E/Hyphenator( 1326): 	at libcore.io.IoBridge.open(IoBridge.java:441)
06-08 16:48:33.227 E/Hyphenator( 1326): 	... 6 more
06-08 16:48:33.228 E/Hyphenator( 1326): error loading hyphenation /system/usr/hyphen-data/hyph-de-1901.hyb
06-08 16:48:33.228 E/Hyphenator( 1326): java.io.FileNotFoundException: /system/usr/hyphen-data/hyph-de-1901.hyb: open failed: ENOENT (No such file or directory)
06-08 16:48:33.228 E/Hyphenator( 1326): 	at libcore.io.IoBridge.open(IoBridge.java:455)
06-08 16:48:33.228 E/Hyphenator( 1326): 	at java.io.RandomAccessFile.<init>(RandomAccessFile.java:247)
06-08 16:48:33.228 E/Hyphenator( 1326): 	at android.text.Hyphenator.loadHyphenator(Hyphenator.java:118)
06-08 16:48:33.228 E/Hyphenator( 1326): 	at android.text.Hyphenator.init(Hyphenator.java:224)
06-08 16:48:33.228 E/Hyphenator( 1326): 	at com.android.internal.os.ZygoteInit.preloadTextResources(ZygoteInit.java:252)
06-08 16:48:33.228 E/Hyphenator( 1326): 	at com.android.internal.os.ZygoteInit.preload(ZygoteInit.java:206)
06-08 16:48:33.228 E/Hyphenator( 1326): 	at com.android.internal.os.ZygoteInit.main(ZygoteInit.java:743)
06-08 16:48:33.228 E/Hyphenator( 1326): Caused by: android.system.ErrnoException: open failed: ENOENT (No such file or directory)
06-08 16:48:33.228 E/Hyphenator( 1326): 	at libcore.io.Posix.open(Native Method)
06-08 16:48:33.228 E/Hyphenator( 1326): 	at libcore.io.BlockGuardOs.open(BlockGuardOs.java:187)
06-08 16:48:33.228 E/Hyphenator( 1326): 	at libcore.io.IoBridge.open(IoBridge.java:441)
06-08 16:48:33.228 E/Hyphenator( 1326): 	... 6 more
06-08 16:48:33.261 E/Hyphenator( 1326): error loading hyphenation /system/usr/hyphen-data/hyph-de-1996.hyb
06-08 16:48:33.261 E/Hyphenator( 1326): java.io.FileNotFoundException: /system/usr/hyphen-data/hyph-de-1996.hyb: open failed: ENOENT (No such file or directory)
06-08 16:48:33.261 E/Hyphenator( 1326): 	at libcore.io.IoBridge.open(IoBridge.java:455)
06-08 16:48:33.261 E/Hyphenator( 1326): 	at java.io.RandomAccessFile.<init>(RandomAccessFile.java:247)
06-08 16:48:33.261 E/Hyphenator( 1326): 	at android.text.Hyphenator.loadHyphenator(Hyphenator.java:118)
06-08 16:48:33.261 E/Hyphenator( 1326): 	at android.text.Hyphenator.init(Hyphenator.java:224)
06-08 16:48:33.261 E/Hyphenator( 1326): 	at com.android.internal.os.ZygoteInit.preloadTextResources(ZygoteInit.java:252)
06-08 16:48:33.261 E/Hyphenator( 1326): 	at com.android.internal.os.ZygoteInit.preload(ZygoteInit.java:206)
06-08 16:48:33.261 E/Hyphenator( 1326): 	at com.android.internal.os.ZygoteInit.main(ZygoteInit.java:743)
06-08 16:48:33.261 E/Hyphenator( 1326): Caused by: android.system.ErrnoException: open failed: ENOENT (No such file or directory)
06-08 16:48:33.261 E/Hyphenator( 1326): 	at libcore.io.Posix.open(Native Method)
06-08 16:48:33.261 E/Hyphenator( 1326): 	at libcore.io.BlockGuardOs.open(BlockGuardOs.java:187)
06-08 16:48:33.261 E/Hyphenator( 1326): 	at libcore.io.IoBridge.open(IoBridge.java:441)
06-08 16:48:33.261 E/Hyphenator( 1326): 	... 6 more
06-08 16:48:33.263 E/Hyphenator( 1326): error loading hyphenation /system/usr/hyphen-data/hyph-de-ch-1901.hyb
06-08 16:48:33.263 E/Hyphenator( 1326): java.io.FileNotFoundException: /system/usr/hyphen-data/hyph-de-ch-1901.hyb: open failed: ENOENT (No such file or directory)
06-08 16:48:33.263 E/Hyphenator( 1326): 	at libcore.io.IoBridge.open(IoBridge.java:455)
06-08 16:48:33.263 E/Hyphenator( 1326): 	at java.io.RandomAccessFile.<init>(RandomAccessFile.java:247)
06-08 16:48:33.263 E/Hyphenator( 1326): 	at android.text.Hyphenator.loadHyphenator(Hyphenator.java:118)
06-08 16:48:33.263 E/Hyphenator( 1326): 	at android.text.Hyphenator.init(Hyphenator.java:224)
06-08 16:48:33.263 E/Hyphenator( 1326): 	at com.android.internal.os.ZygoteInit.preloadTextResources(ZygoteInit.java:252)
06-08 16:48:33.263 E/Hyphenator( 1326): 	at com.android.internal.os.ZygoteInit.preload(ZygoteInit.java:206)
06-08 16:48:33.263 E/Hyphenator( 1326): 	at com.android.internal.os.ZygoteInit.main(ZygoteInit.java:743)
06-08 16:48:33.263 E/Hyphenator( 1326): Caused by: android.system.ErrnoException: open failed: ENOENT (No such file or directory)
06-08 16:48:33.263 E/Hyphenator( 1326): 	at libcore.io.Posix.open(Native Method)
06-08 16:48:33.263 E/Hyphenator( 1326): 	at libcore.io.BlockGuardOs.open(BlockGuardOs.java:187)
06-08 16:48:33.263 E/Hyphenator( 1326): 	at libcore.io.IoBridge.open(IoBridge.java:441)
06-08 16:48:33.263 E/Hyphenator( 1326): 	... 6 more
06-08 16:48:33.264 E/Hyphenator( 1326): error loading hyphenation /system/usr/hyphen-data/hyph-en-gb.hyb
06-08 16:48:33.264 E/Hyphenator( 1326): java.io.FileNotFoundException: /system/usr/hyphen-data/hyph-en-gb.hyb: open failed: ENOENT (No such file or directory)
06-08 16:48:33.264 E/Hyphenator( 1326): 	at libcore.io.IoBridge.open(IoBridge.java:455)
06-08 16:48:33.264 E/Hyphenator( 1326): 	at java.io.RandomAccessFile.<init>(RandomAccessFile.java:247)
06-08 16:48:33.264 E/Hyphenator( 1326): 	at android.text.Hyphenator.loadHyphenator(Hyphenator.java:118)
06-08 16:48:33.264 E/Hyphenator( 1326): 	at android.text.Hyphenator.init(Hyphenator.java:224)
06-08 16:48:33.264 E/Hyphenator( 1326): 	at com.android.internal.os.ZygoteInit.preloadTextResources(ZygoteInit.java:252)
06-08 16:48:33.264 E/Hyphenator( 1326): 	at com.android.internal.os.ZygoteInit.preload(ZygoteInit.java:206)
06-08 16:48:33.264 E/Hyphenator( 1326): 	at com.android.internal.os.ZygoteInit.main(ZygoteInit.java:743)
06-08 16:48:33.264 E/Hyphenator( 1326): Caused by: android.system.ErrnoException: open failed: ENOENT (No such file or directory)
06-08 16:48:33.264 E/Hyphenator( 1326): 	at libcore.io.Posix.open(Native Method)
06-08 16:48:33.264 E/Hyphenator( 1326): 	at libcore.io.BlockGuardOs.open(BlockGuardOs.java:187)
06-08 16:48:33.264 E/Hyphenator( 1326): 	at libcore.io.IoBridge.open(IoBridge.java:441)
06-08 16:48:33.264 E/Hyphenator( 1326): 	... 6 more
06-08 16:48:33.266 E/Hyphenator( 1326): error loading hyphenation /system/usr/hyphen-data/hyph-en-us.hyb
06-08 16:48:33.266 E/Hyphenator( 1326): java.io.FileNotFoundException: /system/usr/hyphen-data/hyph-en-us.hyb: open failed: ENOENT (No such file or directory)
06-08 16:48:33.266 E/Hyphenator( 1326): 	at libcore.io.IoBridge.open(IoBridge.java:455)
06-08 16:48:33.266 E/Hyphenator( 1326): 	at java.io.RandomAccessFile.<init>(RandomAccessFile.java:247)
06-08 16:48:33.266 E/Hyphenator( 1326): 	at android.text.Hyphenator.loadHyphenator(Hyphenator.java:118)
06-08 16:48:33.266 E/Hyphenator( 1326): 	at android.text.Hyphenator.init(Hyphenator.java:224)
06-08 16:48:33.266 E/Hyphenator( 1326): 	at com.android.internal.os.ZygoteInit.preloadTextResources(ZygoteInit.java:252)
06-08 16:48:33.266 E/Hyphenator( 1326): 	at com.android.internal.os.ZygoteInit.preload(ZygoteInit.java:206)
