05-12 17:14:01.859 W/BroadcastQueue( 1766): 	at com.android.server.am.BroadcastQueue$BroadcastHandler.handleMessage(BroadcastQueue.java:172)
05-12 17:14:01.859 W/BroadcastQueue( 1766): 	at android.os.Handler.dispatchMessage(Handler.java:102)
05-12 17:14:01.859 W/BroadcastQueue( 1766): 	at android.os.Looper.loop(Looper.java:154)
05-12 17:14:01.859 W/BroadcastQueue( 1766): 	at android.os.HandlerThread.run(HandlerThread.java:61)
05-12 17:14:01.859 W/BroadcastQueue( 1766): 	at com.android.server.ServiceThread.run(ServiceThread.java:46)
05-12 17:14:01.859 E/JavaBinder( 1766): !!! FAILED BINDER TRANSACTION !!!  (parcel size = 324)
05-12 17:14:01.860 W/BroadcastQueue( 1766): Can't deliver broadcast to com.android.systemui (pid 1984). Crashing it.
05-12 17:14:01.948 E/NetdConnector( 1766): NDC Command {18 firewall disable_chain standby} took too long (3134ms)
05-12 17:14:01.959 E/JavaBinder( 1766): !!! FAILED BINDER TRANSACTION !!!  (parcel size = 124)
05-12 17:14:01.960 I/ActivityManager( 1766): Killing 1984:com.android.systemui/u0a21 (adj -800): scheduleCrash for 'can't deliver broadcast' failed
05-12 17:14:01.962 W/BroadcastQueue( 1766): Failure sending broadcast Intent { act=android.intent.action.TIME_TICK flg=0x50000014 (has extras) }
05-12 17:14:01.962 W/BroadcastQueue( 1766): android.os.DeadObjectException: Transaction failed on small parcel; remote process probably died
05-12 17:14:01.962 W/BroadcastQueue( 1766): 	at android.os.BinderProxy.transactNative(Native Method)
05-12 17:14:01.962 W/BroadcastQueue( 1766): 	at android.os.BinderProxy.transact(Binder.java:615)
05-12 17:14:01.962 W/BroadcastQueue( 1766): 	at android.app.ApplicationThreadProxy.scheduleRegisteredReceiver(ApplicationThreadNative.java:1201)
05-12 17:14:01.962 W/BroadcastQueue( 1766): 	at com.android.server.am.BroadcastQueue.performReceiveLocked(BroadcastQueue.java:474)
05-12 17:14:01.962 W/BroadcastQueue( 1766): 	at com.android.server.am.BroadcastQueue.deliverToRegisteredReceiverLocked(BroadcastQueue.java:666)
05-12 17:14:01.962 W/BroadcastQueue( 1766): 	at com.android.server.am.BroadcastQueue.processNextBroadcast(BroadcastQueue.java:951)
05-12 17:14:01.962 W/BroadcastQueue( 1766): 	at com.android.server.am.BroadcastQueue$BroadcastHandler.handleMessage(BroadcastQueue.java:172)
05-12 17:14:01.962 W/BroadcastQueue( 1766): 	at android.os.Handler.dispatchMessage(Handler.java:102)
05-12 17:14:01.962 W/BroadcastQueue( 1766): 	at android.os.Looper.loop(Looper.java:154)
05-12 17:14:01.962 W/BroadcastQueue( 1766): 	at android.os.HandlerThread.run(HandlerThread.java:61)
05-12 17:14:01.962 W/BroadcastQueue( 1766): 	at com.android.server.ServiceThread.run(ServiceThread.java:46)
05-12 17:14:02.109 W/System  ( 2468): ClassLoader referenced unknown path: /system/app/Launcher3/lib/x86_64
05-12 17:14:02.242 W/art     ( 1766): Long monitor contention with owner Binder:1766_9 (2363) at void com.android.server.am.ActivityManagerService.attachApplication(android.app.IApplicationThread)(ActivityManagerService.java:6669) waiters=3 in boolean com.android.server.am.ActivityManagerService.isUserRunning(int, int) for 885ms
05-12 17:14:02.263 E/JavaBinder( 1766): !!! FAILED BINDER TRANSACTION !!!  (parcel size = 324)
05-12 17:14:02.264 W/BroadcastQueue( 1766): Can't deliver broadcast to com.android.systemui (pid 1984). Crashing it.
05-12 17:14:02.264 E/JavaBinder( 1766): !!! FAILED BINDER TRANSACTION !!!  (parcel size = 124)
05-12 17:14:02.325 I/ActivityManager( 1766): Killing 1984:com.android.systemui/u0a21 (adj -800): scheduleCrash for 'can't deliver broadcast' failed
05-12 17:14:02.327 W/BroadcastQueue( 1766): Failure sending broadcast Intent { act=android.intent.action.TIME_TICK flg=0x50000014 (has extras) }
05-12 17:14:02.327 W/BroadcastQueue( 1766): android.os.DeadObjectException: Transaction failed on small parcel; remote process probably died
05-12 17:14:02.327 W/BroadcastQueue( 1766): 	at android.os.BinderProxy.transactNative(Native Method)
05-12 17:14:02.327 W/BroadcastQueue( 1766): 	at android.os.BinderProxy.transact(Binder.java:615)
05-12 17:14:02.327 W/BroadcastQueue( 1766): 	at android.app.ApplicationThreadProxy.scheduleRegisteredReceiver(ApplicationThreadNative.java:1201)
05-12 17:14:02.327 W/BroadcastQueue( 1766): 	at com.android.server.am.BroadcastQueue.performReceiveLocked(BroadcastQueue.java:474)
05-12 17:14:02.327 W/BroadcastQueue( 1766): 	at com.android.server.am.BroadcastQueue.deliverToRegisteredReceiverLocked(BroadcastQueue.java:666)
05-12 17:14:02.327 W/BroadcastQueue( 1766): 	at com.android.server.am.BroadcastQueue.processNextBroadcast(BroadcastQueue.java:951)
05-12 17:14:02.327 W/BroadcastQueue( 1766): 	at com.android.server.am.BroadcastQueue$BroadcastHandler.handleMessage(BroadcastQueue.java:172)
05-12 17:14:02.327 W/BroadcastQueue( 1766): 	at android.os.Handler.dispatchMessage(Handler.java:102)
05-12 17:14:02.327 W/BroadcastQueue( 1766): 	at android.os.Looper.loop(Looper.java:154)
05-12 17:14:02.327 W/BroadcastQueue( 1766): 	at android.os.HandlerThread.run(HandlerThread.java:61)
05-12 17:14:02.327 W/BroadcastQueue( 1766): 	at com.android.server.ServiceThread.run(ServiceThread.java:46)
05-12 17:14:02.329 E/JavaBinder( 1766): !!! FAILED BINDER TRANSACTION !!!  (parcel size = 324)
05-12 17:14:02.330 W/BroadcastQueue( 1766): Can't deliver broadcast to com.android.systemui (pid 1984). Crashing it.
05-12 17:14:02.330 E/JavaBinder( 1766): !!! FAILED BINDER TRANSACTION !!!  (parcel size = 124)
05-12 17:14:02.331 I/ActivityManager( 1766): Killing 1984:com.android.systemui/u0a21 (adj -800): scheduleCrash for 'can't deliver broadcast' failed
05-12 17:14:02.332 W/BroadcastQueue( 1766): Failure sending broadcast Intent { act=android.intent.action.TIME_TICK flg=0x50000014 (has extras) }
05-12 17:14:02.332 W/BroadcastQueue( 1766): android.os.DeadObjectException: Transaction failed on small parcel; remote process probably died
05-12 17:14:02.332 W/BroadcastQueue( 1766): 	at android.os.BinderProxy.transactNative(Native Method)
05-12 17:14:02.332 W/BroadcastQueue( 1766): 	at android.os.BinderProxy.transact(Binder.java:615)
05-12 17:14:02.332 W/BroadcastQueue( 1766): 	at android.app.ApplicationThreadProxy.scheduleRegisteredReceiver(ApplicationThreadNative.java:1201)
05-12 17:14:02.332 W/BroadcastQueue( 1766): 	at com.android.server.am.BroadcastQueue.performReceiveLocked(BroadcastQueue.java:474)
05-12 17:14:02.332 W/BroadcastQueue( 1766): 	at com.android.server.am.BroadcastQueue.deliverToRegisteredReceiverLocked(BroadcastQueue.java:666)
05-12 17:14:02.332 W/BroadcastQueue( 1766): 	at com.android.server.am.BroadcastQueue.processNextBroadcast(BroadcastQueue.java:951)
05-12 17:14:02.332 W/BroadcastQueue( 1766): 	at com.android.server.am.BroadcastQueue$BroadcastHandler.handleMessage(BroadcastQueue.java:172)
05-12 17:14:02.332 W/BroadcastQueue( 1766): 	at android.os.Handler.dispatchMessage(Handler.java:102)
05-12 17:14:02.332 W/BroadcastQueue( 1766): 	at android.os.Looper.loop(Looper.java:154)
05-12 17:14:02.332 W/BroadcastQueue( 1766): 	at android.os.HandlerThread.run(HandlerThread.java:61)
05-12 17:14:02.332 W/BroadcastQueue( 1766): 	at com.android.server.ServiceThread.run(ServiceThread.java:46)
05-12 17:14:02.333 E/JavaBinder( 1766): !!! FAILED BINDER TRANSACTION !!!  (parcel size = 324)
05-12 17:14:02.333 W/BroadcastQueue( 1766): Can't deliver broadcast to com.android.systemui (pid 1984). Crashing it.
05-12 17:14:02.334 E/JavaBinder( 1766): !!! FAILED BINDER TRANSACTION !!!  (parcel size = 124)
05-12 17:14:02.341 I/ActivityManager( 1766): Killing 1984:com.android.systemui/u0a21 (adj -800): scheduleCrash for 'can't deliver broadcast' failed
05-12 17:14:02.362 W/art     ( 1766): Long monitor contention with owner android.bg (1810) at void android.net.LocalSocketImpl.writeba_native(byte[], int, int, java.io.FileDescriptor)(LocalSocketImpl.java:-2) waiters=0 in void com.android.server.net.NetworkPolicyManagerService$1.onUidStateChanged(int, int) for 1.332s
05-12 17:14:02.387 W/BroadcastQueue( 1766): Failure sending broadcast Intent { act=android.intent.action.TIME_TICK flg=0x50000014 (has extras) }
05-12 17:14:02.387 W/BroadcastQueue( 1766): android.os.DeadObjectException: Transaction failed on small parcel; remote process probably died
05-12 17:14:02.387 W/BroadcastQueue( 1766): 	at android.os.BinderProxy.transactNative(Native Method)
05-12 17:14:02.387 W/BroadcastQueue( 1766): 	at android.os.BinderProxy.transact(Binder.java:615)
05-12 17:14:02.387 W/BroadcastQueue( 1766): 	at android.app.ApplicationThreadProxy.scheduleRegisteredReceiver(ApplicationThreadNative.java:1201)
05-12 17:14:02.387 W/BroadcastQueue( 1766): 	at com.android.server.am.BroadcastQueue.performReceiveLocked(BroadcastQueue.java:474)
05-12 17:14:02.387 W/BroadcastQueue( 1766): 	at com.android.server.am.BroadcastQueue.deliverToRegisteredReceiverLocked(BroadcastQueue.java:666)
05-12 17:14:02.387 W/BroadcastQueue( 1766): 	at com.android.server.am.BroadcastQueue.processNextBroadcast(BroadcastQueue.java:951)
05-12 17:14:02.387 W/BroadcastQueue( 1766): 	at com.android.server.am.BroadcastQueue$BroadcastHandler.handleMessage(BroadcastQueue.java:172)
05-12 17:14:02.387 W/BroadcastQueue( 1766): 	at android.os.Handler.dispatchMessage(Handler.java:102)
05-12 17:14:02.387 W/BroadcastQueue( 1766): 	at android.os.Looper.loop(Looper.java:154)
05-12 17:14:02.387 W/BroadcastQueue( 1766): 	at android.os.HandlerThread.run(HandlerThread.java:61)
05-12 17:14:02.387 W/BroadcastQueue( 1766): 	at com.android.server.ServiceThread.run(ServiceThread.java:46)
05-12 17:14:02.388 E/JavaBinder( 1766): !!! FAILED BINDER TRANSACTION !!!  (parcel size = 324)
05-12 17:14:02.390 W/BroadcastQueue( 1766): Can't deliver broadcast to com.android.systemui (pid 1984). Crashing it.
05-12 17:14:02.390 E/JavaBinder( 1766): !!! FAILED BINDER TRANSACTION !!!  (parcel size = 124)
05-12 17:14:02.391 I/ActivityManager( 1766): Killing 1984:com.android.systemui/u0a21 (adj -800): scheduleCrash for 'can't deliver broadcast' failed
05-12 17:14:02.392 W/BroadcastQueue( 1766): Failure sending broadcast Intent { act=android.intent.action.TIME_TICK flg=0x50000014 (has extras) }
05-12 17:14:02.392 W/BroadcastQueue( 1766): android.os.DeadObjectException: Transaction failed on small parcel; remote process probably died
05-12 17:14:02.392 W/BroadcastQueue( 1766): 	at android.os.BinderProxy.transactNative(Native Method)
05-12 17:14:02.392 W/BroadcastQueue( 1766): 	at android.os.BinderProxy.transact(Binder.java:615)
05-12 17:14:02.392 W/BroadcastQueue( 1766): 	at android.app.ApplicationThreadProxy.scheduleRegisteredReceiver(ApplicationThreadNative.java:1201)
05-12 17:14:02.392 W/BroadcastQueue( 1766): 	at com.android.server.am.BroadcastQueue.performReceiveLocked(BroadcastQueue.java:474)
05-12 17:14:02.392 W/BroadcastQueue( 1766): 	at com.android.server.am.BroadcastQueue.deliverToRegisteredReceiverLocked(BroadcastQueue.java:666)
05-12 17:14:02.392 W/BroadcastQueue( 1766): 	at com.android.server.am.BroadcastQueue.processNextBroadcast(BroadcastQueue.java:951)
05-12 17:14:02.392 W/BroadcastQueue( 1766): 	at com.android.server.am.BroadcastQueue$BroadcastHandler.handleMessage(BroadcastQueue.java:172)
05-12 17:14:02.392 W/BroadcastQueue( 1766): 	at android.os.Handler.dispatchMessage(Handler.java:102)
05-12 17:14:02.392 W/BroadcastQueue( 1766): 	at android.os.Looper.loop(Looper.java:154)
05-12 17:14:02.392 W/BroadcastQueue( 1766): 	at android.os.HandlerThread.run(HandlerThread.java:61)
05-12 17:14:02.392 W/BroadcastQueue( 1766): 	at com.android.server.ServiceThread.run(ServiceThread.java:46)
05-12 17:14:02.393 E/JavaBinder( 1766): !!! FAILED BINDER TRANSACTION !!!  (parcel size = 324)
05-12 17:14:02.394 W/BroadcastQueue( 1766): Can't deliver broadcast to com.android.systemui (pid 1984). Crashing it.
05-12 17:14:02.436 E/JavaBinder( 1766): !!! FAILED BINDER TRANSACTION !!!  (parcel size = 124)
05-12 17:14:02.436 I/ActivityManager( 1766): Killing 1984:com.android.systemui/u0a21 (adj -800): scheduleCrash for 'can't deliver broadcast' failed
05-12 17:14:02.438 W/BroadcastQueue( 1766): Failure sending broadcast Intent { act=android.intent.action.TIME_TICK flg=0x50000014 (has extras) }
05-12 17:14:02.438 W/BroadcastQueue( 1766): android.os.DeadObjectException: Transaction failed on small parcel; remote process probably died
05-12 17:14:02.438 W/BroadcastQueue( 1766): 	at android.os.BinderProxy.transactNative(Native Method)
05-12 17:14:02.438 W/BroadcastQueue( 1766): 	at android.os.BinderProxy.transact(Binder.java:615)
05-12 17:14:02.438 W/BroadcastQueue( 1766): 	at android.app.ApplicationThreadProxy.scheduleRegisteredReceiver(ApplicationThreadNative.java:1201)
05-12 17:14:02.438 W/BroadcastQueue( 1766): 	at com.android.server.am.BroadcastQueue.performReceiveLocked(BroadcastQueue.java:474)
05-12 17:14:02.438 W/BroadcastQueue( 1766): 	at com.android.server.am.BroadcastQueue.deliverToRegisteredReceiverLocked(BroadcastQueue.java:666)
05-12 17:14:02.438 W/BroadcastQueue( 1766): 	at com.android.server.am.BroadcastQueue.processNextBroadcast(BroadcastQueue.java:951)
05-12 17:14:02.438 W/BroadcastQueue( 1766): 	at com.android.server.am.BroadcastQueue$BroadcastHandler.handleMessage(BroadcastQueue.java:172)
05-12 17:14:02.438 W/BroadcastQueue( 1766): 	at android.os.Handler.dispatchMessage(Handler.java:102)
05-12 17:14:02.438 W/BroadcastQueue( 1766): 	at android.os.Looper.loop(Looper.java:154)
05-12 17:14:02.438 W/BroadcastQueue( 1766): 	at android.os.HandlerThread.run(HandlerThread.java:61)
05-12 17:14:02.438 W/BroadcastQueue( 1766): 	at com.android.server.ServiceThread.run(ServiceThread.java:46)
05-12 17:14:02.509 E/JavaBinder( 1766): !!! FAILED BINDER TRANSACTION !!!  (parcel size = 96)
05-12 17:14:02.548 E/JavaBinder( 1766): !!! FAILED BINDER TRANSACTION !!!  (parcel size = 96)
05-12 17:14:02.765 D/LauncherProvider( 2468): Launcher process started
05-12 17:14:03.036 W/ActivityManager( 1766): Slow operation: 242ms so far, now at startProcess: returned from zygote!
05-12 17:14:03.036 W/ActivityManager( 1766): Slow operation: 242ms so far, now at startProcess: done updating battery stats
05-12 17:14:03.036 W/ActivityManager( 1766): Slow operation: 242ms so far, now at startProcess: building log message
05-12 17:14:03.036 I/ActivityManager( 1766): Start proc 2505:com.android.keychain/1000 for service com.android.keychain/.KeyChainService
05-12 17:14:03.036 W/ActivityManager( 1766): Slow operation: 243ms so far, now at startProcess: starting to update pids map
05-12 17:14:03.036 W/ActivityManager( 1766): Slow operation: 243ms so far, now at startProcess: done updating pids map
05-12 17:14:03.036 W/ActivityManager( 1766): Slow operation: 243ms so far, now at startProcess: done starting proc!
05-12 17:14:03.042 W/art     ( 2505): Unexpected CPU variant for X86 using defaults: x86_64
05-12 17:14:03.197 W/art     ( 1766): Long monitor contention with owner AsyncTask #1 (1958) at int com.android.server.am.ActivityManagerService.bindService(android.app.IApplicationThread, android.os.IBinder, android.content.Intent, java.lang.String, android.app.IServiceConnection, int, java.lang.String, int)(ActivityManagerService.java:17301) waiters=1 in android.content.Intent com.android.server.am.ActivityManagerService.registerReceiver(android.app.IApplicationThread, java.lang.String, android.content.IIntentReceiver, android.content.IntentFilter, java.lang.String, int) for 556ms
05-12 17:14:03.198 W/art     ( 1766): Long monitor contention with owner AsyncTask #1 (1958) at int com.android.server.am.ActivityManagerService.bindService(android.app.IApplicationThread, android.os.IBinder, android.content.Intent, java.lang.String, android.app.IServiceConnection, int, java.lang.String, int)(ActivityManagerService.java:17301) waiters=2 in void com.android.server.am.ActivityStack$ActivityStackHandler.handleMessage(android.os.Message) for 442ms
05-12 17:14:03.220 W/art     ( 1766): Long monitor contention with owner AsyncTask #1 (1958) at int com.android.server.am.ActivityManagerService.bindService(android.app.IApplicationThread, android.os.IBinder, android.content.Intent, java.lang.String, android.app.IServiceConnection, int, java.lang.String, int)(ActivityManagerService.java:17301) waiters=3 in void com.android.server.am.ActivityManagerService.publishContentProviders(android.app.IApplicationThread, java.util.List) for 356ms
05-12 17:14:03.299 W/System  ( 2438): ClassLoader referenced unknown path: /system/app/DeskClock/lib/x86_64
05-12 17:14:03.602 W/art     ( 2438): Suspending all threads took: 45.037ms
05-12 17:14:03.710 W/System  ( 2505): ClassLoader referenced unknown path: /system/app/KeyChain/lib/x86_64
05-12 17:14:03.881 V/Launcher( 2468): LauncherAppState inited
05-12 17:14:04.559 E/JavaBinder( 1766): !!! FAILED BINDER TRANSACTION !!!  (parcel size = 96)
05-12 17:14:04.762 E/JavaBinder( 1766): !!! FAILED BINDER TRANSACTION !!!  (parcel size = 96)
05-12 17:14:04.827 E/JavaBinder( 1766): !!! FAILED BINDER TRANSACTION !!!  (parcel size = 108)
05-12 17:14:04.830 E/JavaBinder( 1766): !!! FAILED BINDER TRANSACTION !!!  (parcel size = 92)
05-12 17:14:05.247 W/art     ( 1766): Long monitor contention with owner android.display (1832) at void com.android.server.wm.WindowAnimator$1.doFrame(long)(WindowAnimator.java:144) waiters=0 in int com.android.server.wm.WindowManagerService.relayoutWindow(com.android.server.wm.Session, android.view.IWindow, int, android.view.WindowManager$LayoutParams, int, int, int, int, android.graphics.Rect, android.graphics.Rect, android.graphics.Rect, android.graphics.Rect, android.graphics.Rect, android.graphics.Rect, android.graphics.Rect, android.content.res.Configuration, android.view.Surface) for 150ms
05-12 17:14:05.649 W/art     ( 1766): Long monitor contention with owner android.display (1832) at void com.android.server.wm.WindowAnimator$1.doFrame(long)(WindowAnimator.java:144) waiters=0 in int com.android.server.wm.WindowManagerService.relayoutWindow(com.android.server.wm.Session, android.view.IWindow, int, android.view.WindowManager$LayoutParams, int, int, int, int, android.graphics.Rect, android.graphics.Rect, android.graphics.Rect, android.graphics.Rect, android.graphics.Rect, android.graphics.Rect, android.graphics.Rect, android.content.res.Configuration, android.view.Surface) for 118ms
05-12 17:14:05.651 E/JavaBinder( 1766): !!! FAILED BINDER TRANSACTION !!!  (parcel size = 96)
05-12 17:14:05.668 E/JavaBinder( 1766): !!! FAILED BINDER TRANSACTION !!!  (parcel size = 96)
05-12 17:14:05.684 E/JavaBinder( 1766): !!! FAILED BINDER TRANSACTION !!!  (parcel size = 92)
05-12 17:14:05.689 E/JavaBinder( 1766): !!! FAILED BINDER TRANSACTION !!!  (parcel size = 96)
05-12 17:14:05.847 I/Choreographer( 2195): Skipped 49 frames!  The application may be doing too much work on its main thread.
05-12 17:14:07.026 E/JavaBinder( 1766): !!! FAILED BINDER TRANSACTION !!!  (parcel size = 96)
05-12 17:14:07.069 E/JavaBinder( 1766): !!! FAILED BINDER TRANSACTION !!!  (parcel size = 96)
05-12 17:14:07.092 E/JavaBinder( 1766): !!! FAILED BINDER TRANSACTION !!!  (parcel size = 96)
05-12 17:14:07.498 V/GridSizeMigrationTask( 2468): Workspace migration completed in 579
05-12 17:14:07.510 W/art     ( 1766): Long monitor contention with owner AsyncTask #1 (1958) at int com.android.server.am.ActivityManagerService.bindService(android.app.IApplicationThread, android.os.IBinder, android.content.Intent, java.lang.String, android.app.IServiceConnection, int, java.lang.String, int)(ActivityManagerService.java:17301) waiters=0 in boolean com.android.server.am.ActivityManagerService.isUserRunning(int, int) for 4.870s
05-12 17:14:07.561 D/Launcher.Model( 2468): loadWorkspace: loading default favorites
05-12 17:14:07.613 I/WindowManager( 1766): WIN DEATH: Window{78a5916 u0 StatusBar}
05-12 17:14:07.625 W/InputDispatcher( 1766): channel '3ad9fbe DockedStackDivider (server)' ~ Consumer closed input channel or an error occurred.  events=0x9
05-12 17:14:07.625 E/InputDispatcher( 1766): channel '3ad9fbe DockedStackDivider (server)' ~ Channel is unrecoverably broken and will be disposed!
05-12 17:14:07.626 W/InputDispatcher( 1766): channel 'a051105 AssistPreviewPanel (server)' ~ Consumer closed input channel or an error occurred.  events=0x9
05-12 17:14:07.626 E/InputDispatcher( 1766): channel 'a051105 AssistPreviewPanel (server)' ~ Channel is unrecoverably broken and will be disposed!
05-12 17:14:07.626 W/InputDispatcher( 1766): channel 'b57138b NavigationBar (server)' ~ Consumer closed input channel or an error occurred.  events=0x9
05-12 17:14:07.626 E/InputDispatcher( 1766): channel 'b57138b NavigationBar (server)' ~ Channel is unrecoverably broken and will be disposed!
05-12 17:14:07.626 W/InputDispatcher( 1766): channel '7a9d080 com.android.systemui.ImageWallpaper (server)' ~ Consumer closed input channel or an error occurred.  events=0x9
05-12 17:14:07.626 E/InputDispatcher( 1766): channel '7a9d080 com.android.systemui.ImageWallpaper (server)' ~ Channel is unrecoverably broken and will be disposed!
05-12 17:14:07.633 W/AudioService( 1766): Current remote volume controller died, unregistering
05-12 17:14:07.636 W/VolumeController( 1766): Error calling dismiss
05-12 17:14:07.636 W/VolumeController( 1766): android.os.DeadObjectException
05-12 17:14:07.636 W/VolumeController( 1766): 	at android.os.BinderProxy.transactNative(Native Method)
05-12 17:14:07.636 W/VolumeController( 1766): 	at android.os.BinderProxy.transact(Binder.java:615)
05-12 17:14:07.636 W/VolumeController( 1766): 	at android.media.IVolumeController$Stub$Proxy.dismiss(IVolumeController.java:162)
05-12 17:14:07.636 W/VolumeController( 1766): 	at com.android.server.audio.AudioService$VolumeController.postDismiss(AudioService.java:6138)
05-12 17:14:07.636 W/VolumeController( 1766): 	at com.android.server.audio.AudioService.setVolumeController(AudioService.java:5986)
05-12 17:14:07.636 W/VolumeController( 1766): 	at com.android.server.audio.AudioService$4.binderDied(AudioService.java:5995)
05-12 17:14:07.636 W/VolumeController( 1766): 	at android.os.BinderProxy.sendDeathNotice(Binder.java:688)
05-12 17:14:07.639 D/ConnectivityService( 1766): ConnectivityService NetworkRequestInfo binderDied(NetworkRequest [ LISTEN id=5, [] ], android.os.BinderProxy@79f2fe4)
05-12 17:14:07.661 D/gralloc_ranchu( 2468): Emulator without host-side GPU emulation detected. Loading gralloc.default.so from /vendor/lib64/hw/gralloc.goldfish.default.so...
05-12 17:14:07.664 D/gralloc_ranchu( 2468): gralloc.default.so not found in /vendor. Trying /system/lib64/hw/gralloc.goldfish.default.so...
05-12 17:14:07.668 I/ActivityManager( 1766): Process com.android.systemui (pid 1984) has died
05-12 17:14:07.669 W/WallpaperManagerService( 1766): Wallpaper service gone: ComponentInfo{com.android.systemui/com.android.systemui.ImageWallpaper}
05-12 17:14:07.786 I/WindowManager( 1766): WIN DEATH: Window{a051105 u0 AssistPreviewPanel}
05-12 17:14:07.786 W/InputDispatcher( 1766): Attempted to unregister already unregistered input channel 'a051105 AssistPreviewPanel (server)'
05-12 17:14:07.805 I/WindowManager( 1766): WIN DEATH: Window{7a9d080 u0 com.android.systemui.ImageWallpaper}
05-12 17:14:07.805 W/InputDispatcher( 1766): Attempted to unregister already unregistered input channel '7a9d080 com.android.systemui.ImageWallpaper (server)'
05-12 17:14:07.816 D/ActivityManager( 1766): cleanUpApplicationRecord -- 1984
05-12 17:14:07.970 W/ActivityManager( 1766): Scheduling restart of crashed service com.android.systemui/.ImageWallpaper in 0ms
05-12 17:14:07.971 W/ActivityManager( 1766): Scheduling restart of crashed service com.android.systemui/.keyguard.KeyguardService in 0ms
05-12 17:14:07.971 W/ActivityManager( 1766): Scheduling restart of crashed service com.android.systemui/.SystemUIService in 0ms
05-12 17:14:07.989 E/ConnectivityService( 1766): RemoteException caught trying to send a callback msg for NetworkRequest [ LISTEN id=5, [] ]
05-12 17:14:08.019 W/art     ( 1766): Long monitor contention with owner Binder:1766_A (2364) at void com.android.server.wm.WindowState$DeathRecipient.binderDied()(WindowState.java:1806) waiters=5 in void com.android.server.wm.Session.binderDied() for 387ms
05-12 17:14:08.020 I/WindowManager( 1766): WIN DEATH: Window{3ad9fbe u0 DockedStackDivider}
05-12 17:14:08.020 W/InputDispatcher( 1766): Attempted to unregister already unregistered input channel '3ad9fbe DockedStackDivider (server)'
05-12 17:14:08.036 I/WindowManager( 1766): WIN DEATH: Window{b57138b u0 NavigationBar}
05-12 17:14:08.037 W/InputDispatcher( 1766): Attempted to unregister already unregistered input channel 'b57138b NavigationBar (server)'
05-12 17:14:08.058 W/ActivityManager( 1766): Re-adding persistent process ProcessRecord{3f9f883 1984:com.android.systemui/u0a21}
05-12 17:14:08.060 W/WindowManager( 1766): Failed to report 'resized' to the client of Window{7a9d080 u0 com.android.systemui.ImageWallpaper EXITING}, removing this window.
05-12 17:14:08.107 W/art     ( 1766): Long monitor contention with owner Binder:1766_6 (2238) at void com.android.server.wm.WindowState$DeathRecipient.binderDied()(WindowState.java:1806) waiters=3 in void com.android.server.wm.WindowAnimator$1.doFrame(long) for 298ms
05-12 17:14:08.120 W/libprocessgroup( 1766): failed to open /acct/uid_10021/pid_1984/cgroup.procs: No such file or directory
05-12 17:14:08.120 W/libprocessgroup( 1766): failed to open /acct/uid_10021/pid_1984/cgroup.procs: No such file or directory
05-12 17:14:08.120 W/libprocessgroup( 1766): failed to open /acct/uid_10021/pid_1984/cgroup.procs: No such file or directory
05-12 17:14:08.120 W/libprocessgroup( 1766): failed to open /acct/uid_10021/pid_1984/cgroup.procs: No such file or directory
05-12 17:14:08.120 W/libprocessgroup( 1766): failed to open /acct/uid_10021/pid_1984/cgroup.procs: No such file or directory
05-12 17:14:08.121 W/libprocessgroup( 1766): failed to open /acct/uid_10021/pid_1984/cgroup.procs: No such file or directory
05-12 17:14:08.121 W/libprocessgroup( 1766): failed to open /acct/uid_10021/pid_1984/cgroup.procs: No such file or directory
05-12 17:14:08.121 W/libprocessgroup( 1766): failed to open /acct/uid_10021/pid_1984/cgroup.procs: No such file or directory
05-12 17:14:08.121 W/libprocessgroup( 1766): failed to open /acct/uid_10021/pid_1984/cgroup.procs: No such file or directory
05-12 17:14:08.128 W/ActivityManager( 1766): Slow operation: 69ms so far, now at startProcess: getting gids from package manager
05-12 17:14:08.128 W/ActivityManager( 1766): Slow operation: 70ms so far, now at startProcess: building args
05-12 17:14:08.129 W/ActivityManager( 1766): Slow operation: 70ms so far, now at startProcess: asking zygote to start proc
05-12 17:14:08.134 I/Choreographer( 2468): Skipped 55 frames!  The application may be doing too much work on its main thread.
05-12 17:14:08.193 W/ActivityManager( 1766): Slow operation: 135ms so far, now at startProcess: returned from zygote!
05-12 17:14:08.194 W/ActivityManager( 1766): Slow operation: 135ms so far, now at startProcess: done updating battery stats
05-12 17:14:08.194 W/ActivityManager( 1766): Slow operation: 135ms so far, now at startProcess: building log message
05-12 17:14:08.201 I/ActivityManager( 1766): Start proc 2547:com.android.systemui/u0a21 for restart com.android.systemui
05-12 17:14:08.202 W/ActivityManager( 1766): Slow operation: 143ms so far, now at startProcess: starting to update pids map
05-12 17:14:08.202 W/ActivityManager( 1766): Slow operation: 143ms so far, now at startProcess: done updating pids map
05-12 17:14:08.225 W/art     ( 1766): Long monitor contention with owner Binder:1766_1 (1790) at void com.android.server.am.ActivityManagerService$AppDeathRecipient.binderDied()(ActivityManagerService.java:1475) waiters=0 in void com.android.server.am.ActivityStack$ActivityStackHandler.handleMessage(android.os.Message) for 446ms
05-12 17:14:08.227 W/art     ( 1766): Long monitor contention with owner Binder:1766_1 (1790) at void com.android.server.am.ActivityManagerService$AppDeathRecipient.binderDied()(ActivityManagerService.java:1475) waiters=1 in void com.android.server.am.ActivityManagerService.dispatchUidsChanged() for 169ms
05-12 17:14:08.261 I/ActivityManager( 1766): Displayed com.android.launcher3/.Launcher: +8s778ms
05-12 17:14:08.430 W/art     ( 2547): Unexpected CPU variant for X86 using defaults: x86_64
05-12 17:14:08.902 W/System  ( 2547): ClassLoader referenced unknown path: /system/priv-app/SystemUI/lib/x86_64
05-12 17:14:09.014 V/SystemUIService( 2547): Starting SystemUI services for user 0.
05-12 17:14:09.181 V/MediaRouter( 2547): Adding route: RouteInfo{ name=Phone, description=null, status=null, category=RouteCategory{ name=null types=ROUTE_TYPE_LIVE_AUDIO ROUTE_TYPE_LIVE_VIDEO  groupable=false }, supportedTypes=ROUTE_TYPE_LIVE_AUDIO ROUTE_TYPE_LIVE_VIDEO , presentationDisplay=null }
05-12 17:14:09.209 V/MediaRouter( 2547): Updating audio routes: AudioRoutesInfo{ type=SPEAKER }
05-12 17:14:09.375 V/MediaRouter( 2547): Selecting route: RouteInfo{ name=Phone, description=null, status=null, category=RouteCategory{ name=null types=ROUTE_TYPE_LIVE_AUDIO ROUTE_TYPE_LIVE_VIDEO  groupable=false }, supportedTypes=ROUTE_TYPE_LIVE_AUDIO ROUTE_TYPE_LIVE_VIDEO , presentationDisplay=null }
05-12 17:14:09.645 D/TrustManagerService( 1766): Removing dead TrustListener.
05-12 17:14:10.497 W/art     ( 1766): Long monitor contention with owner Binder:1766_6 (2238) at void com.android.server.wm.WindowManagerService.removeWindow(com.android.server.wm.Session, android.view.IWindow)(WindowManagerService.java:2392) waiters=0 in void com.android.server.wm.WindowManagerService$H.handleMessage(android.os.Message) for 239ms
05-12 17:14:10.551 E/WVMExtractor( 2547): Failed to open libwvm.so: dlopen failed: library "libwvm.so" not found
05-12 17:14:11.277 I/MediaPlayerService( 1334): MediaPlayerService::getOMX
05-12 17:14:10.110 W/ifconfig( 2562): type=1400 audit(0.0:13): avc: denied { ioctl } for path="socket:[14471]" dev="sockfs" ino=14471 ioctlcmd=8927 scontext=u:r:shell:s0 tcontext=u:r:shell:s0 tclass=udp_socket permissive=0
05-12 17:14:10.140 W/ifconfig( 2562): type=1400 audit(0.0:14): avc: denied { ioctl } for path="socket:[14471]" dev="sockfs" ino=14471 ioctlcmd=891d scontext=u:r:shell:s0 tcontext=u:r:shell:s0 tclass=udp_socket permissive=0
05-12 17:14:10.140 W/ifconfig( 2562): type=1400 audit(0.0:15): avc: denied { ioctl } for path="socket:[14471]" dev="sockfs" ino=14471 ioctlcmd=8970 scontext=u:r:shell:s0 tcontext=u:r:shell:s0 tclass=udp_socket permissive=0
05-12 17:14:11.283 I/OMXClient( 2547): MuxOMX ctor
05-12 17:14:11.350 I/OMXMaster( 1331): makeComponentInstance(OMX.google.vorbis.decoder) in mediacodec process
05-12 17:14:12.063 W/art     ( 1766): Long monitor contention with owner Binder:1766_1 (1790) at void com.android.server.am.ActivityManagerService$AppDeathRecipient.binderDied()(ActivityManagerService.java:1475) waiters=4 in boolean com.android.server.am.ActivityManagerService.isUserRunning(int, int) for 3.893s
05-12 17:14:12.742 I/vol.Events( 2547): writeEvent collection_started
05-12 17:14:12.779 I/BackupManagerService( 1766): Found stale backup journal, scheduling
05-12 17:14:12.837 W/ActivityManager( 1766): Slow operation: 76ms so far, now at startProcess: returned from zygote!
05-12 17:14:12.838 W/ActivityManager( 1766): Slow operation: 77ms so far, now at startProcess: done updating battery stats
05-12 17:14:12.838 W/ActivityManager( 1766): Slow operation: 78ms so far, now at startProcess: building log message
05-12 17:14:12.839 I/ActivityManager( 1766): Start proc 2579:com.android.printspooler/u0a51 for service com.android.printspooler/.model.PrintSpoolerService
05-12 17:14:12.839 W/ActivityManager( 1766): Slow operation: 78ms so far, now at startProcess: starting to update pids map
05-12 17:14:12.839 W/ActivityManager( 1766): Slow operation: 78ms so far, now at startProcess: done updating pids map
05-12 17:14:12.839 W/ActivityManager( 1766): Slow operation: 80ms so far, now at startProcess: done starting proc!
05-12 17:14:12.874 W/art     ( 2579): Unexpected CPU variant for X86 using defaults: x86_64
05-12 17:14:12.986 I/MediaPlayerService( 1334): MediaPlayerService::getOMX
05-12 17:14:13.015 I/OMXClient( 2547): MuxOMX ctor
05-12 17:14:13.048 I/vol.Events( 2547): writeEvent external_ringer_mode_changed normal
05-12 17:14:13.053 I/vol.Events( 2547): writeEvent internal_ringer_mode_changed normal
05-12 17:14:13.086 I/OMXMaster( 1331): makeComponentInstance(OMX.google.vorbis.decoder) in mediacodec process
05-12 17:14:13.239 I/art     ( 2468): Background sticky concurrent mark sweep GC freed 19951(1933KB) AllocSpace objects, 8(188KB) LOS objects, 23% free, 7MB/10MB, paused 6.955ms total 155.165ms
05-12 17:14:13.526 I/AlarmClock( 2438): AlarmInitReceiver android.intent.action.LOCKED_BOOT_COMPLETED
05-12 17:14:14.053 I/MediaPlayerService( 1334): MediaPlayerService::getOMX
05-12 17:14:14.067 I/OMXClient( 2547): MuxOMX ctor
05-12 17:14:14.072 I/OMXMaster( 1331): makeComponentInstance(OMX.google.vorbis.decoder) in mediacodec process
05-12 17:14:14.662 I/vol.Events( 2547): writeEvent level_changed STREAM_ALARM 6
05-12 17:14:14.736 I/vol.Events( 2547): writeEvent level_changed STREAM_BLUETOOTH_SCO 7
05-12 17:14:14.748 I/vol.Events( 2547): writeEvent level_changed STREAM_MUSIC 11
05-12 17:14:14.776 I/vol.Events( 2547): writeEvent level_changed STREAM_RING 5
05-12 17:14:14.780 I/vol.Events( 2547): writeEvent level_changed STREAM_SYSTEM 5
05-12 17:14:14.834 I/vol.Events( 2547): writeEvent level_changed STREAM_VOICE_CALL 4
05-12 17:14:14.852 D/AlarmClock/Events( 2438): [Stopwatch] [Reset] [Reboot]
05-12 17:14:15.016 D/StorageNotification( 2547): Notifying about private volume: VolumeInfo{private}:
05-12 17:14:15.016 D/StorageNotification( 2547):     type=PRIVATE diskId=null partGuid=null mountFlags=0 mountUserId=-1 
05-12 17:14:15.016 D/StorageNotification( 2547):     state=MOUNTED 
05-12 17:14:15.016 D/StorageNotification( 2547):     fsType=null fsUuid=null fsLabel=null 
05-12 17:14:15.016 D/StorageNotification( 2547):     path=/data internalPath=null 
05-12 17:14:15.022 D/StorageNotification( 2547): Notifying about public volume: VolumeInfo{public:253,48}:
05-12 17:14:15.022 D/StorageNotification( 2547):     type=PUBLIC diskId=disk:253,48 partGuid=null mountFlags=VISIBLE 
05-12 17:14:15.022 D/StorageNotification( 2547):     mountUserId=0 state=MOUNTED 
05-12 17:14:15.022 D/StorageNotification( 2547):     fsType=vfat fsUuid=1EFF-1C1B fsLabel=SDCARD 
05-12 17:14:15.022 D/StorageNotification( 2547):     path=/storage/1EFF-1C1B internalPath=/mnt/media_rw/1EFF-1C1B 
05-12 17:14:15.038 W/art     ( 1766): Suspending all threads took: 6.571ms
05-12 17:14:15.109 I/art     ( 1766): Background partial concurrent mark sweep GC freed 28775(2MB) AllocSpace objects, 8(332KB) LOS objects, 29% free, 9MB/13MB, paused 8.423ms total 209.768ms
05-12 17:14:15.235 V/KeyguardServiceDelegate( 1766): *** Keyguard connected (yay!)
05-12 17:14:15.359 I/CalendarProvider2( 2410): Sending notification intent: Intent { act=android.intent.action.PROVIDER_CHANGED dat=content://com.android.calendar flg=0x20000000 }
05-12 17:14:15.361 W/ContentResolver( 2410): Failed to get type for: content://com.android.calendar (Unknown URL content://com.android.calendar)
05-12 17:14:15.381 W/ActivityManager( 1766): Slow operation: 89ms so far, now at startProcess: returned from zygote!
05-12 17:14:15.381 W/ActivityManager( 1766): Slow operation: 90ms so far, now at startProcess: done updating battery stats
05-12 17:14:15.382 W/ActivityManager( 1766): Slow operation: 90ms so far, now at startProcess: building log message
05-12 17:14:15.382 I/ActivityManager( 1766): Start proc 2607:android.process.media/u0a10 for broadcast com.android.providers.downloads/.DownloadReceiver
05-12 17:14:15.382 W/ActivityManager( 1766): Slow operation: 90ms so far, now at startProcess: starting to update pids map
05-12 17:14:15.382 W/ActivityManager( 1766): Slow operation: 90ms so far, now at startProcess: done updating pids map
05-12 17:14:15.382 W/ActivityManager( 1766): Slow operation: 90ms so far, now at startProcess: done starting proc!
05-12 17:14:15.408 V/AlarmClock( 2438): AlarmInitReceiver finished
05-12 17:14:15.474 W/art     ( 2607): Unexpected CPU variant for X86 using defaults: x86_64
05-12 17:14:15.554 W/art     ( 1766): Long monitor contention with owner Binder:1766_B (2543) at int com.android.server.wm.WindowManagerService.relayoutWindow(com.android.server.wm.Session, android.view.IWindow, int, android.view.WindowManager$LayoutParams, int, int, int, int, android.graphics.Rect, android.graphics.Rect, android.graphics.Rect, android.graphics.Rect, android.graphics.Rect, android.graphics.Rect, android.graphics.Rect, android.content.res.Configuration, android.view.Surface)(WindowManagerService.java:2857) waiters=0 in void com.android.server.wm.WindowManagerService$H.handleMessage(android.os.Message) for 229ms
05-12 17:14:15.589 D/LockSettings( 1766): Removing dead StrongAuthTracker.
05-12 17:14:15.775 W/art     ( 2547): Suspending all threads took: 18.923ms
05-12 17:14:15.779 W/art     ( 1766): Long monitor contention with owner Binder:1766_1 (1790) at void com.android.server.am.ActivityManagerService.attachApplication(android.app.IApplicationThread)(ActivityManagerService.java:6669) waiters=0 in boolean com.android.server.am.ActivityManagerService.isUserRunning(int, int) for 165ms
05-12 17:14:15.839 W/System  ( 2607): ClassLoader referenced unknown path: /system/priv-app/DownloadProvider/lib/x86_64
05-12 17:14:15.849 I/art     ( 2547): Background partial concurrent mark sweep GC freed 75(2408B) AllocSpace objects, 0(0B) LOS objects, 26% free, 10MB/14MB, paused 20.069ms total 71.548ms
05-12 17:14:16.285 W/System  ( 2607): ClassLoader referenced unknown path: /system/priv-app/MediaProvider/lib/x86_64
05-12 17:14:16.290 D/ApplicationLoaders( 2607): ignored Vulkan layer search path /system/priv-app/MediaProvider/lib/x86_64:/system/priv-app/MediaProvider/MediaProvider.apk!/lib/x86_64:/system/lib64:/vendor/lib64 for namespace 0x7c4f0e5550f0
05-12 17:14:16.523 I/Choreographer( 2547): Skipped 99 frames!  The application may be doing too much work on its main thread.
05-12 17:14:16.801 W/art     ( 1766): Long monitor contention with owner Binder:1766_5 (2229) at int com.android.server.wm.WindowManagerService.relayoutWindow(com.android.server.wm.Session, android.view.IWindow, int, android.view.WindowManager$LayoutParams, int, int, int, int, android.graphics.Rect, android.graphics.Rect, android.graphics.Rect, android.graphics.Rect, android.graphics.Rect, android.graphics.Rect, android.graphics.Rect, android.content.res.Configuration, android.view.Surface)(WindowManagerService.java:2857) waiters=0 in void com.android.server.wm.WindowManagerService$H.handleMessage(android.os.Message) for 227ms
05-12 17:14:17.415 W/art     ( 1766): Long monitor contention with owner android.display (1832) at void com.android.server.wm.WindowAnimator$1.doFrame(long)(WindowAnimator.java:144) waiters=1 in void com.android.server.wm.WindowManagerService.setDockedStackDividerTouchRegion(android.graphics.Rect) for 554ms
05-12 17:14:17.529 I/StatusBarManagerService( 1766): registerStatusBar bar=com.android.internal.statusbar.IStatusBar$Stub$Proxy@b59cfb3
05-12 17:14:18.342 D/MediaScannerReceiver( 2607): action: android.intent.action.MEDIA_MOUNTED path: /storage/1EFF-1C1B
05-12 17:14:18.572 D/MediaScannerReceiver( 2607): action: android.intent.action.MEDIA_MOUNTED path: /storage/emulated/0
05-12 17:14:18.632 I/ActivityManager( 1766): Start proc 2627:com.android.calendar/u0a26 for broadcast com.android.calendar/.widget.CalendarAppWidgetService$CalendarFactory
05-12 17:14:18.653 W/art     ( 2627): Unexpected CPU variant for X86 using defaults: x86_64
05-12 17:14:18.836 W/System  ( 2627): ClassLoader referenced unknown path: /system/app/Calendar/lib/x86_64
05-12 17:14:19.406 W/System  ( 2547): ClassLoader referenced unknown path: 
05-12 17:14:19.407 W/System  ( 2547): ClassLoader referenced unknown path: /system/priv-app/Dialer/lib/x86_64
05-12 17:14:19.410 D/ApplicationLoaders( 2547): ignored Vulkan layer search path /system/priv-app/Dialer/lib/x86_64:/system/lib64:/vendor/lib64 for namespace 0x7c4f0e6f30f0
05-12 17:14:19.526 V/MediaScanner( 2607): pruneDeadThumbnailFiles... android.content.ContentProviderClient$CursorWrapperInner@9125c9e
05-12 17:14:19.530 V/MediaScanner( 2607): /pruneDeadThumbnailFiles... android.content.ContentProviderClient$CursorWrapperInner@9125c9e
05-12 17:14:19.616 D/ExtensionsFactory( 2627): No custom extensions.
05-12 17:14:19.629 E/BluetoothAdapter( 2547): Bluetooth binder is null
05-12 17:14:19.691 I/CameraManagerGlobal( 2547): Connecting to camera service
05-12 17:14:19.722 V/EmulatedCamera_Camera( 1327): getCameraInfo
05-12 17:14:19.723 V/EmulatedCamera_BaseCamera( 1327): getCameraInfo
05-12 17:14:19.723 I/CameraService( 1327): getCameraCharacteristics: Switching to HAL1 shim implementation...
05-12 17:14:19.723 V/EmulatedCamera_Camera( 1327): getCameraInfo
05-12 17:14:19.724 V/EmulatedCamera_BaseCamera( 1327): getCameraInfo
05-12 17:14:19.745 V/EmulatedCamera_Camera( 1327): getCameraInfo
05-12 17:14:19.746 V/EmulatedCamera_BaseCamera( 1327): getCameraInfo
05-12 17:14:19.749 V/EmulatedCamera_Camera( 1327): getCameraInfo
05-12 17:14:19.749 V/EmulatedCamera_BaseCamera( 1327): getCameraInfo
05-12 17:14:19.761 I/AlarmClock( 2438): AlarmInitReceiver android.intent.action.TIME_SET
05-12 17:14:19.837 I/StatusBar( 2547): isKeyguardShowing() called before startKeyguard(), returning true
05-12 17:14:19.839 W/StatusBar( 2547): isKeyguardSecure() called before startKeyguard(), returning false
05-12 17:14:19.839 W/StatusBar( 2547): java.lang.Throwable
05-12 17:14:19.839 W/StatusBar( 2547): 	at com.android.systemui.statusbar.BaseStatusBar.isKeyguardSecure(BaseStatusBar.java:2647)
05-12 17:14:19.839 W/StatusBar( 2547): 	at com.android.systemui.statusbar.BaseStatusBar.isCameraAllowedByAdmin(BaseStatusBar.java:2670)
05-12 17:14:19.839 W/StatusBar( 2547): 	at com.android.systemui.statusbar.phone.KeyguardBottomAreaView.updateCameraVisibility(KeyguardBottomAreaView.java:309)
05-12 17:14:19.839 W/StatusBar( 2547): 	at com.android.systemui.statusbar.phone.KeyguardBottomAreaView.setPhoneStatusBar(KeyguardBottomAreaView.java:272)
05-12 17:14:19.839 W/StatusBar( 2547): 	at com.android.systemui.statusbar.phone.PhoneStatusBar.makeStatusBarView(PhoneStatusBar.java:904)
05-12 17:14:19.839 W/StatusBar( 2547): 	at com.android.systemui.statusbar.phone.PhoneStatusBar.addStatusBarWindow(PhoneStatusBar.java:3432)
05-12 17:14:19.839 W/StatusBar( 2547): 	at com.android.systemui.statusbar.phone.PhoneStatusBar.createAndAddWindows(PhoneStatusBar.java:3428)
05-12 17:14:19.839 W/StatusBar( 2547): 	at com.android.systemui.statusbar.BaseStatusBar.start(BaseStatusBar.java:765)
05-12 17:14:19.839 W/StatusBar( 2547): 	at com.android.systemui.statusbar.phone.PhoneStatusBar.start(PhoneStatusBar.java:686)
05-12 17:14:19.839 W/StatusBar( 2547): 	at com.android.systemui.statusbar.SystemBars.createStatusBarFromConfig(SystemBars.java:106)
05-12 17:14:19.839 W/StatusBar( 2547): 	at com.android.systemui.statusbar.SystemBars.onNoService(SystemBars.java:58)
05-12 17:14:19.839 W/StatusBar( 2547): 	at com.android.systemui.statusbar.ServiceMonitor.startService(ServiceMonitor.java:230)
05-12 17:14:19.839 W/StatusBar( 2547): 	at com.android.systemui.statusbar.ServiceMonitor.-wrap5(ServiceMonitor.java)
05-12 17:14:19.839 W/StatusBar( 2547): 	at com.android.systemui.statusbar.ServiceMonitor$1.handleMessage(ServiceMonitor.java:73)
05-12 17:14:19.839 W/StatusBar( 2547): 	at android.os.Handler.dispatchMessage(Handler.java:102)
05-12 17:14:19.839 W/StatusBar( 2547): 	at android.os.Looper.loop(Looper.java:154)
05-12 17:14:19.839 W/StatusBar( 2547): 	at android.app.ActivityThread.main(ActivityThread.java:6119)
05-12 17:14:19.839 W/StatusBar( 2547): 	at java.lang.reflect.Method.invoke(Native Method)
05-12 17:14:19.839 W/StatusBar( 2547): 	at com.android.internal.os.ZygoteInit$MethodAndArgsCaller.run(ZygoteInit.java:886)
05-12 17:14:19.839 W/StatusBar( 2547): 	at com.android.internal.os.ZygoteInit.main(ZygoteInit.java:776)
05-12 17:14:19.850 I/StatusBar( 2547): isKeyguardShowing() called before startKeyguard(), returning true
05-12 17:14:19.852 W/StatusBar( 2547): isKeyguardSecure() called before startKeyguard(), returning false
05-12 17:14:19.852 W/StatusBar( 2547): java.lang.Throwable
05-12 17:14:19.852 W/StatusBar( 2547): 	at com.android.systemui.statusbar.BaseStatusBar.isKeyguardSecure(BaseStatusBar.java:2647)
05-12 17:14:19.852 W/StatusBar( 2547): 	at com.android.systemui.statusbar.BaseStatusBar.isCameraAllowedByAdmin(BaseStatusBar.java:2670)
05-12 17:14:19.852 W/StatusBar( 2547): 	at com.android.systemui.statusbar.phone.KeyguardBottomAreaView.updateCameraVisibility(KeyguardBottomAreaView.java:309)
05-12 17:14:19.852 W/StatusBar( 2547): 	at com.android.systemui.statusbar.phone.KeyguardBottomAreaView.setUserSetupComplete(KeyguardBottomAreaView.java:281)
05-12 17:14:19.852 W/StatusBar( 2547): 	at com.android.systemui.statusbar.phone.PhoneStatusBar.makeStatusBarView(PhoneStatusBar.java:905)
05-12 17:14:19.852 W/StatusBar( 2547): 	at com.android.systemui.statusbar.phone.PhoneStatusBar.addStatusBarWindow(PhoneStatusBar.java:3432)
05-12 17:14:19.852 W/StatusBar( 2547): 	at com.android.systemui.statusbar.phone.PhoneStatusBar.createAndAddWindows(PhoneStatusBar.java:3428)
05-12 17:14:19.852 W/StatusBar( 2547): 	at com.android.systemui.statusbar.BaseStatusBar.start(BaseStatusBar.java:765)
05-12 17:14:19.852 W/StatusBar( 2547): 	at com.android.systemui.statusbar.phone.PhoneStatusBar.start(PhoneStatusBar.java:686)
05-12 17:14:19.852 W/StatusBar( 2547): 	at com.android.systemui.statusbar.SystemBars.createStatusBarFromConfig(SystemBars.java:106)
05-12 17:14:19.852 W/StatusBar( 2547): 	at com.android.systemui.statusbar.SystemBars.onNoService(SystemBars.java:58)
05-12 17:14:19.852 W/StatusBar( 2547): 	at com.android.systemui.statusbar.ServiceMonitor.startService(ServiceMonitor.java:230)
05-12 17:14:19.852 W/StatusBar( 2547): 	at com.android.systemui.statusbar.ServiceMonitor.-wrap5(ServiceMonitor.java)
05-12 17:14:19.852 W/StatusBar( 2547): 	at com.android.systemui.statusbar.ServiceMonitor$1.handleMessage(ServiceMonitor.java:73)
05-12 17:14:19.852 W/StatusBar( 2547): 	at android.os.Handler.dispatchMessage(Handler.java:102)
05-12 17:14:19.852 W/StatusBar( 2547): 	at android.os.Looper.loop(Looper.java:154)
05-12 17:14:19.852 W/StatusBar( 2547): 	at android.app.ActivityThread.main(ActivityThread.java:6119)
05-12 17:14:19.852 W/StatusBar( 2547): 	at java.lang.reflect.Method.invoke(Native Method)
05-12 17:14:19.852 W/StatusBar( 2547): 	at com.android.internal.os.ZygoteInit$MethodAndArgsCaller.run(ZygoteInit.java:886)
05-12 17:14:19.852 W/StatusBar( 2547): 	at com.android.internal.os.ZygoteInit.main(ZygoteInit.java:776)
05-12 17:14:20.049 V/AlarmClock( 2438): AlarmInitReceiver finished
05-12 17:14:20.091 V/EmulatedCamera_Camera( 1327): getCameraInfo
05-12 17:14:20.091 V/EmulatedCamera_BaseCamera( 1327): getCameraInfo
05-12 17:14:20.094 V/EmulatedCamera_Camera( 1327): getCameraInfo
05-12 17:14:20.112 V/EmulatedCamera_BaseCamera( 1327): getCameraInfo
05-12 17:14:20.232 W/Binder  ( 2547): Binder call failed.
05-12 17:14:20.232 W/Binder  ( 2547): android.os.DeadObjectException
05-12 17:14:20.232 W/Binder  ( 2547): 	at android.os.BinderProxy.transactNative(Native Method)
05-12 17:14:20.232 W/Binder  ( 2547): 	at android.os.BinderProxy.transact(Binder.java:615)
05-12 17:14:20.232 W/Binder  ( 2547): 	at android.content.IIntentReceiver$Stub$Proxy.performReceive(IIntentReceiver.java:124)
05-12 17:14:20.232 W/Binder  ( 2547): 	at android.app.ActivityThread$ApplicationThread.scheduleRegisteredReceiver(ActivityThread.java:946)
05-12 17:14:20.232 W/Binder  ( 2547): 	at android.app.ApplicationThreadNative.onTransact(ApplicationThreadNative.java:404)
05-12 17:14:20.232 W/Binder  ( 2547): 	at android.os.Binder.execTransact(Binder.java:565)
05-12 17:14:20.325 I/art     ( 2547): Background sticky concurrent mark sweep GC freed 9078(1911KB) AllocSpace objects, 0(0B) LOS objects, 14% free, 12MB/14MB, paused 24.860ms total 130.172ms
05-12 17:14:20.598 I/StatusBar( 2547): isKeyguardShowing() called before startKeyguard(), returning true
05-12 17:14:20.600 W/StatusBar( 2547): isKeyguardSecure() called before startKeyguard(), returning false
05-12 17:14:20.600 W/StatusBar( 2547): java.lang.Throwable
05-12 17:14:20.600 W/StatusBar( 2547): 	at com.android.systemui.statusbar.BaseStatusBar.isKeyguardSecure(BaseStatusBar.java:2647)
05-12 17:14:20.600 W/StatusBar( 2547): 	at com.android.systemui.statusbar.BaseStatusBar.isCameraAllowedByAdmin(BaseStatusBar.java:2670)
05-12 17:14:20.600 W/StatusBar( 2547): 	at com.android.systemui.statusbar.phone.KeyguardBottomAreaView.updateCameraVisibility(KeyguardBottomAreaView.java:309)
05-12 17:14:20.600 W/StatusBar( 2547): 	at com.android.systemui.statusbar.phone.KeyguardBottomAreaView.setUserSetupComplete(KeyguardBottomAreaView.java:281)
05-12 17:14:20.600 W/StatusBar( 2547): 	at com.android.systemui.statusbar.phone.PhoneStatusBar$1.onChange(PhoneStatusBar.java:441)
05-12 17:14:20.600 W/StatusBar( 2547): 	at com.android.systemui.statusbar.phone.PhoneStatusBar.resetUserSetupObserver(PhoneStatusBar.java:3676)
05-12 17:14:20.600 W/StatusBar( 2547): 	at com.android.systemui.statusbar.phone.PhoneStatusBar.makeStatusBarView(PhoneStatusBar.java:1008)
05-12 17:14:20.600 W/StatusBar( 2547): 	at com.android.systemui.statusbar.phone.PhoneStatusBar.addStatusBarWindow(PhoneStatusBar.java:3432)
05-12 17:14:20.600 W/StatusBar( 2547): 	at com.android.systemui.statusbar.phone.PhoneStatusBar.createAndAddWindows(PhoneStatusBar.java:3428)
05-12 17:14:20.600 W/StatusBar( 2547): 	at com.android.systemui.statusbar.BaseStatusBar.start(BaseStatusBar.java:765)
