05-12 17:14:20.600 W/StatusBar( 2547): 	at com.android.systemui.statusbar.phone.PhoneStatusBar.start(PhoneStatusBar.java:686)
05-12 17:14:20.600 W/StatusBar( 2547): 	at com.android.systemui.statusbar.SystemBars.createStatusBarFromConfig(SystemBars.java:106)
05-12 17:14:20.600 W/StatusBar( 2547): 	at com.android.systemui.statusbar.SystemBars.onNoService(SystemBars.java:58)
05-12 17:14:20.600 W/StatusBar( 2547): 	at com.android.systemui.statusbar.ServiceMonitor.startService(ServiceMonitor.java:230)
05-12 17:14:20.600 W/StatusBar( 2547): 	at com.android.systemui.statusbar.ServiceMonitor.-wrap5(ServiceMonitor.java)
05-12 17:14:20.600 W/StatusBar( 2547): 	at com.android.systemui.statusbar.ServiceMonitor$1.handleMessage(ServiceMonitor.java:73)
05-12 17:14:20.600 W/StatusBar( 2547): 	at android.os.Handler.dispatchMessage(Handler.java:102)
05-12 17:14:20.600 W/StatusBar( 2547): 	at android.os.Looper.loop(Looper.java:154)
05-12 17:14:20.600 W/StatusBar( 2547): 	at android.app.ActivityThread.main(ActivityThread.java:6119)
05-12 17:14:20.600 W/StatusBar( 2547): 	at java.lang.reflect.Method.invoke(Native Method)
05-12 17:14:20.600 W/StatusBar( 2547): 	at com.android.internal.os.ZygoteInit$MethodAndArgsCaller.run(ZygoteInit.java:886)
05-12 17:14:20.600 W/StatusBar( 2547): 	at com.android.internal.os.ZygoteInit.main(ZygoteInit.java:776)
05-12 17:14:20.641 E/SurfaceFlinger( 1321): ro.sf.lcd_density must be defined as a build property
05-12 17:14:20.649 D/OpenGLRenderer( 2547): profile bars disabled
05-12 17:14:20.665 D/OpenGLRenderer( 2547): ambientRatio = 1.50
05-12 17:14:20.703 D/PhoneStatusBar( 2547): disable: < EXPAND* icons alerts system_info BACK* HOME* RECENT* clock SEARCH* quick_settings >
05-12 17:14:20.716 W/ActivityManager( 1766): Slow operation: 69ms so far, now at startProcess: returned from zygote!
05-12 17:14:20.716 W/ActivityManager( 1766): Slow operation: 69ms so far, now at startProcess: done updating battery stats
05-12 17:14:20.716 W/ActivityManager( 1766): Slow operation: 69ms so far, now at startProcess: building log message
05-12 17:14:20.716 I/ActivityManager( 1766): Start proc 2663:android.process.acore/u0a1 for content provider com.android.providers.contacts/.ContactsProvider2
05-12 17:14:20.716 W/ActivityManager( 1766): Slow operation: 70ms so far, now at startProcess: starting to update pids map
05-12 17:14:20.716 W/ActivityManager( 1766): Slow operation: 70ms so far, now at startProcess: done updating pids map
05-12 17:14:20.716 W/ActivityManager( 1766): Slow operation: 71ms so far, now at startProcess: done starting proc!
05-12 17:14:20.717 W/ActivityManager( 1766): Slow operation: 72ms so far, now at getContentProviderImpl: after start process
05-12 17:14:20.717 W/ActivityManager( 1766): Slow operation: 72ms so far, now at getContentProviderImpl: updating data structures
05-12 17:14:20.717 W/ActivityManager( 1766): Slow operation: 72ms so far, now at getContentProviderImpl: done!
05-12 17:14:20.730 W/art     ( 2663): Unexpected CPU variant for X86 using defaults: x86_64
05-12 17:14:20.927 W/System  ( 2663): ClassLoader referenced unknown path: /system/priv-app/ContactsProvider/lib/x86_64
05-12 17:14:20.976 I/art     ( 2607): Waiting for a blocking GC DisableMovingGc
05-12 17:14:21.017 I/art     ( 2607): WaitForGcToComplete blocked for 41.048ms for cause DisableMovingGc
05-12 17:14:21.017 I/art     ( 2607): Starting a blocking GC DisableMovingGc
05-12 17:14:21.154 D/PhoneStatusBar( 2547): heads up is enabled
05-12 17:14:21.725 I/ContactsPerf( 2663): VoicemailContentProvider.onCreate start
05-12 17:14:21.891 V/MediaScanner( 2607): pruneDeadThumbnailFiles... android.content.ContentProviderClient$CursorWrapperInner@b46f37c
05-12 17:14:21.899 V/MediaScanner( 2607): /pruneDeadThumbnailFiles... android.content.ContentProviderClient$CursorWrapperInner@b46f37c
05-12 17:14:21.964 I/ContactsPerf( 2663): VoicemailContentProvider.onCreate finish
05-12 17:14:21.981 W/System  ( 2663): ClassLoader referenced unknown path: /system/priv-app/BlockedNumberProvider/lib/x86_64
05-12 17:14:21.995 D/ApplicationLoaders( 2663): ignored Vulkan layer search path /system/priv-app/BlockedNumberProvider/lib/x86_64:/system/lib64:/vendor/lib64 for namespace 0x7c4f0e5900f0
05-12 17:14:22.119 W/art     ( 1766): Long monitor contention with owner android.display (1832) at void com.android.server.wm.WindowAnimator$1.doFrame(long)(WindowAnimator.java:144) waiters=2 in int com.android.server.wm.WindowManagerService.relayoutWindow(com.android.server.wm.Session, android.view.IWindow, int, android.view.WindowManager$LayoutParams, int, int, int, int, android.graphics.Rect, android.graphics.Rect, android.graphics.Rect, android.graphics.Rect, android.graphics.Rect, android.graphics.Rect, android.graphics.Rect, android.content.res.Configuration, android.view.Surface) for 477ms
05-12 17:14:22.325 W/art     ( 1766): Long monitor contention with owner android.display (1832) at void com.android.server.wm.WindowAnimator$1.doFrame(long)(WindowAnimator.java:144) waiters=2 in int com.android.server.wm.WindowManagerService.relayoutWindow(com.android.server.wm.Session, android.view.IWindow, int, android.view.WindowManager$LayoutParams, int, int, int, int, android.graphics.Rect, android.graphics.Rect, android.graphics.Rect, android.graphics.Rect, android.graphics.Rect, android.graphics.Rect, android.graphics.Rect, android.content.res.Configuration, android.view.Surface) for 402ms
05-12 17:14:22.343 W/System  ( 2663): ClassLoader referenced unknown path: /system/app/UserDictionaryProvider/lib/x86_64
05-12 17:14:22.377 D/ApplicationLoaders( 2663): ignored Vulkan layer search path /system/app/UserDictionaryProvider/lib/x86_64:/system/lib64:/vendor/lib64 for namespace 0x7c4f0e590160
05-12 17:14:22.508 W/art     ( 1766): Long monitor contention with owner android.display (1832) at void com.android.server.wm.WindowAnimator$1.doFrame(long)(WindowAnimator.java:144) waiters=2 in void com.android.server.wm.WindowManagerService.finishDrawingWindow(com.android.server.wm.Session, android.view.IWindow) for 553ms
05-12 17:14:22.509 W/art     ( 1766): Long monitor contention with owner android.display (1832) at void com.android.server.wm.WindowAnimator$1.doFrame(long)(WindowAnimator.java:144) waiters=2 in int com.android.server.wm.WindowManagerService.relayoutWindow(com.android.server.wm.Session, android.view.IWindow, int, android.view.WindowManager$LayoutParams, int, int, int, int, android.graphics.Rect, android.graphics.Rect, android.graphics.Rect, android.graphics.Rect, android.graphics.Rect, android.graphics.Rect, android.graphics.Rect, android.content.res.Configuration, android.view.Surface) for 389ms
05-12 17:14:22.583 V/KeyguardServiceDelegate( 1766): **** SHOWN CALLED ****
05-12 17:14:22.628 W/KeyguardUpdateMonitor( 2547): invalid subId in handleSimStateChange()
05-12 17:14:22.733 D/gralloc_ranchu( 2547): Emulator without host-side GPU emulation detected. Loading gralloc.default.so from /vendor/lib64/hw/gralloc.goldfish.default.so...
05-12 17:14:22.747 D/gralloc_ranchu( 2547): gralloc.default.so not found in /vendor. Trying /system/lib64/hw/gralloc.goldfish.default.so...
05-12 17:14:22.916 I/Choreographer( 2547): Skipped 207 frames!  The application may be doing too much work on its main thread.
05-12 17:14:23.019 W/art     ( 1766): Long monitor contention with owner android.display (1832) at void com.android.server.wm.WindowManagerService$H.handleMessage(android.os.Message)(WindowManagerService.java:8368) waiters=2 in int com.android.server.wm.WindowManagerService.relayoutWindow(com.android.server.wm.Session, android.view.IWindow, int, android.view.WindowManager$LayoutParams, int, int, int, int, android.graphics.Rect, android.graphics.Rect, android.graphics.Rect, android.graphics.Rect, android.graphics.Rect, android.graphics.Rect, android.graphics.Rect, android.content.res.Configuration, android.view.Surface) for 693ms
05-12 17:14:23.048 D/ViewRootImpl[StatusBar]( 2547): changeCanvasOpacity: opaque=true
05-12 17:14:23.286 W/art     ( 1766): Long monitor contention with owner android.ui (1812) at int com.android.server.wm.WindowManagerService.relayoutWindow(com.android.server.wm.Session, android.view.IWindow, int, android.view.WindowManager$LayoutParams, int, int, int, int, android.graphics.Rect, android.graphics.Rect, android.graphics.Rect, android.graphics.Rect, android.graphics.Rect, android.graphics.Rect, android.graphics.Rect, android.content.res.Configuration, android.view.Surface)(WindowManagerService.java:2857) waiters=1 in void com.android.server.wm.WindowManagerService$H.handleMessage(android.os.Message) for 762ms
05-12 17:14:23.289 I/Choreographer( 1766): Skipped 46 frames!  The application may be doing too much work on its main thread.
05-12 17:14:24.272 I/art     ( 1766): Background partial concurrent mark sweep GC freed 14913(1264KB) AllocSpace objects, 10(428KB) LOS objects, 29% free, 9MB/13MB, paused 1.340ms total 283.627ms
05-12 17:14:24.531 I/ContactLocale( 2663): AddressBook Labels [[en_US]]: [â€¦, A, B, C, D, E, F, G, H, I, J, K, L, M, N, O, P, Q, R, S, T, U, V, W, X, Y, Z, Î‘, Î’, Î“, Î”, Î•, Î–, Î—, Î˜, Î™, Îš, Î›, Îœ, Î, Îž, ÎŸ, Î , Î¡, Î£, Î¤, Î¥, Î¦, Î§, Î¨, Î©, â€¦, Ð, Ð‘, Ð’, Ð“, Ð”, Ð‚, Ð•, Ð„, Ð–, Ð—, Ð˜, Ð†, Ð™, Ðˆ, Ðš, Ð›, Ð‰, Ðœ, Ð, ÐŠ, Ðž, ÐŸ, Ð , Ð¡, Ð¢, Ð‹, Ð£, Ð¤, Ð¥, Ð¦, Ð§, Ð, Ð¨, Ð©, Ð®, Ð¯, â€¦, ×, ×‘, ×’, ×“, ×”, ×•, ×–, ×—, ×˜, ×™, ×›, ×œ, ×ž, × , ×¡, ×¢, ×¤, ×¦, ×§, ×¨, ×©, ×ª, â€¦, Ø§, Ø¨, Øª, Ø«, Ø¬, Ø­, Ø®, Ø¯, Ø°, Ø±, Ø², Ø³, Ø´, Øµ, Ø¶, Ø·, Ø¸, Ø¹, Øº, Ù, Ù‚, Ùƒ, Ù„, Ù…, Ù†, Ù‡, Ùˆ, ÙŠ, â€¦, à¸, à¸‚, à¸ƒ, à¸„, à¸…, à¸†, à¸‡, à¸ˆ, à¸‰, à¸Š, à¸‹, à¸Œ, à¸, à¸Ž, à¸, à¸, à¸‘, à¸’, à¸“, à¸”, à¸•, à¸–, à¸—, à¸˜, à¸™, à¸š, à¸›, à¸œ, à¸, à¸ž, à¸Ÿ, à¸ , à¸¡, à¸¢, à¸£, à¸¤, à¸¥, à¸¦, à¸§, à¸¨, à¸©, à¸ª, à¸«, à¸¬, à¸­, à¸®, â€¦, ã„±, ã„´, ã„·, ã„¹, ã…, ã…‚, ã……, ã…‡, ã…ˆ, ã…Š, ã…‹, ã…Œ, ã…, ã…Ž, â€¦, ã‚, ã‹, ã•, ãŸ, ãª, ã¯, ã¾, ã‚„, ã‚‰, ã‚, #, â€¦]
05-12 17:14:24.724 W/art     ( 1766): Long monitor contention with owner Binder:1766_A (2364) at int com.android.server.wm.WindowManagerService.relayoutWindow(com.android.server.wm.Session, android.view.IWindow, int, android.view.WindowManager$LayoutParams, int, int, int, int, android.graphics.Rect, android.graphics.Rect, android.graphics.Rect, android.graphics.Rect, android.graphics.Rect, android.graphics.Rect, android.graphics.Rect, android.content.res.Configuration, android.view.Surface)(WindowManagerService.java:2857) waiters=0 in void com.android.server.wm.WindowManagerService$H.handleMessage(android.os.Message) for 395ms
05-12 17:14:24.767 W/art     ( 1766): Long monitor contention with owner Binder:1766_A (2364) at int com.android.server.wm.WindowManagerService.relayoutWindow(com.android.server.wm.Session, android.view.IWindow, int, android.view.WindowManager$LayoutParams, int, int, int, int, android.graphics.Rect, android.graphics.Rect, android.graphics.Rect, android.graphics.Rect, android.graphics.Rect, android.graphics.Rect, android.graphics.Rect, android.content.res.Configuration, android.view.Surface)(WindowManagerService.java:2857) waiters=1 in void com.android.server.wm.WindowManagerService.getInitialDisplaySize(int, android.graphics.Point) for 396ms
05-12 17:14:25.479 D/WifiService( 1766): New client listening to asynchronous messages
05-12 17:14:26.120 I/Choreographer( 2547): Skipped 191 frames!  The application may be doing too much work on its main thread.
05-12 17:14:26.172 I/art     ( 2547): Background partial concurrent mark sweep GC freed 6818(488KB) AllocSpace objects, 5(4MB) LOS objects, 23% free, 12MB/16MB, paused 2.660ms total 127.733ms
05-12 17:14:26.215 W/art     ( 1766): Long monitor contention with owner Binder:1766_3 (1991) at int com.android.server.wm.WindowManagerService.relayoutWindow(com.android.server.wm.Session, android.view.IWindow, int, android.view.WindowManager$LayoutParams, int, int, int, int, android.graphics.Rect, android.graphics.Rect, android.graphics.Rect, android.graphics.Rect, android.graphics.Rect, android.graphics.Rect, android.graphics.Rect, android.content.res.Configuration, android.view.Surface)(WindowManagerService.java:2857) waiters=0 in void com.android.server.wm.WindowManagerService$H.handleMessage(android.os.Message) for 290ms
05-12 17:14:26.739 D/PhoneStatusBar( 2547): disable: < expand* icons alerts system_info back* home* recent* clock search* quick_settings >
05-12 17:14:26.878 W/art     ( 1766): Long monitor contention with owner android.display (1832) at void com.android.server.wm.WindowManagerService$H.handleMessage(android.os.Message)(WindowManagerService.java:8368) waiters=1 in int com.android.server.wm.WindowManagerService.relayoutWindow(com.android.server.wm.Session, android.view.IWindow, int, android.view.WindowManager$LayoutParams, int, int, int, int, android.graphics.Rect, android.graphics.Rect, android.graphics.Rect, android.graphics.Rect, android.graphics.Rect, android.graphics.Rect, android.graphics.Rect, android.content.res.Configuration, android.view.Surface) for 101ms
05-12 17:14:27.270 I/Choreographer( 2547): Skipped 62 frames!  The application may be doing too much work on its main thread.
05-12 17:15:05.230 W//sbin/adbd( 1323): type=1400 audit(0.0:16): avc: denied { search } for comm=73657276696365203333 name="security" dev="vdc" ino=35203 scontext=u:r:adbd:s0 tcontext=u:object_r:security_file:s0 tclass=dir permissive=0
05-12 17:15:20.229 W/BroadcastQueue( 1766): Timeout of broadcast BroadcastRecord{e0b5a6d u0 android.intent.action.BOOT_COMPLETED} - receiver=android.os.BinderProxy@da2aa3e, started 60001ms ago
05-12 17:15:20.229 W/BroadcastQueue( 1766): Receiver during timeout: BroadcastFilter{d3935ec u0 ReceiverList{815909f 1984 com.android.systemui/10021/u0 remote:da2aa3e}}
05-12 17:15:20.236 W/Binder  ( 2547): Binder call failed.
05-12 17:15:20.236 W/Binder  ( 2547): android.os.DeadObjectException
05-12 17:15:20.236 W/Binder  ( 2547): 	at android.os.BinderProxy.transactNative(Native Method)
05-12 17:15:20.236 W/Binder  ( 2547): 	at android.os.BinderProxy.transact(Binder.java:615)
05-12 17:15:20.236 W/Binder  ( 2547): 	at android.content.IIntentReceiver$Stub$Proxy.performReceive(IIntentReceiver.java:124)
05-12 17:15:20.236 W/Binder  ( 2547): 	at android.app.ActivityThread$ApplicationThread.scheduleRegisteredReceiver(ActivityThread.java:946)
05-12 17:15:20.236 W/Binder  ( 2547): 	at android.app.ApplicationThreadNative.onTransact(ApplicationThreadNative.java:404)
05-12 17:15:20.236 W/Binder  ( 2547): 	at android.os.Binder.execTransact(Binder.java:565)
05-12 17:15:32.991 D/AndroidRuntime( 2689): >>>>>> START com.android.internal.os.RuntimeInit uid 2000 <<<<<<
05-12 17:15:33.043 D/AndroidRuntime( 2689): CheckJNI is ON
05-12 17:15:33.362 W/art     ( 2689): Unexpected CPU variant for X86 using defaults: x86_64
05-12 17:15:33.406 D/ICU     ( 2689): No timezone override file found: /data/misc/zoneinfo/current/icu/icu_tzdata.dat
05-12 17:15:33.592 E/memtrack( 2689): Couldn't load memtrack module (No such file or directory)
05-12 17:15:33.592 E/android.os.Debug( 2689): failed to load memtrack module: -2
05-12 17:15:33.598 I/Radio-JNI( 2689): register_android_hardware_Radio DONE
05-12 17:15:33.714 D/AndroidRuntime( 2689): Calling main entry com.android.commands.pm.Pm
05-12 17:15:33.904 I/        ( 1329): free_cache(132209521) avail 809635840
05-12 17:15:49.477 W/art     ( 1766): Long monitor contention with owner PackageInstaller (1904) at int android.content.res.AssetManager.getStringBlockCount!()(AssetManager.java:-2) waiters=0 in android.content.pm.PackageInstaller$SessionInfo com.android.server.pm.PackageInstallerSession.generateInfo() for 8.732s
05-12 17:15:49.589 W/ActivityManager( 1766): Slow operation: 98ms so far, now at startProcess: returned from zygote!
05-12 17:15:49.590 W/ActivityManager( 1766): Slow operation: 99ms so far, now at startProcess: done updating battery stats
05-12 17:15:49.590 W/ActivityManager( 1766): Slow operation: 100ms so far, now at startProcess: building log message
05-12 17:15:49.591 I/ActivityManager( 1766): Start proc 2699:com.android.defcontainer/u0a7 for service com.android.defcontainer/.DefaultContainerService
05-12 17:15:49.591 W/ActivityManager( 1766): Slow operation: 100ms so far, now at startProcess: starting to update pids map
05-12 17:15:49.591 W/ActivityManager( 1766): Slow operation: 100ms so far, now at startProcess: done updating pids map
05-12 17:15:49.591 W/ActivityManager( 1766): Slow operation: 102ms so far, now at startProcess: done starting proc!
05-12 17:15:49.639 W/art     ( 2699): Unexpected CPU variant for X86 using defaults: x86_64
05-12 17:15:50.347 I/PackageManager.DexOptimizer( 1766): Running dexopt (dex2oat) on: /data/app/vmdl1055538767.tmp/base.apk pkg=jp.jaxa.iss.kibo.rpc.sampleapk isa=x86_64 vmSafeMode=false debuggable=true target-filter=interpret-only oatDir = /data/app/vmdl1055538767.tmp/oat sharedLibraries=null
05-12 17:15:50.523 W/dex2oat ( 2714): Unexpected CPU variant for X86 using defaults: x86_64
05-12 17:15:50.538 I/dex2oat ( 2714): /system/bin/dex2oat --compiler-filter=interpret-only --debuggable
05-12 17:15:52.786 W/dex2oat ( 2714): Before Android 4.1, method int android.support.v7.widget.ListViewCompat.lookForSelectablePosition(int, boolean) would have incorrectly overridden the package-private method in android.widget.ListView
05-12 17:15:53.325 W/dex2oat ( 2714): Before Android 4.1, method android.graphics.PorterDuffColorFilter android.support.graphics.drawable.VectorDrawableCompat.updateTintFilter(android.graphics.PorterDuffColorFilter, android.content.res.ColorStateList, android.graphics.PorterDuff$Mode) would have incorrectly overridden the package-private method in android.graphics.drawable.Drawable
05-12 17:16:01.057 W/dex2oat ( 2714): Verification of com.google.zxing.client.result.ExpandedProductParsedResult com.google.zxing.client.result.ExpandedProductResultParser.parse(com.google.zxing.Result) took 197.914ms
05-12 17:16:01.993 W/dex2oat ( 2714): Compilation of java.lang.String org.opencv.android.StaticHelper.getLibraryList() took 154.217ms
05-12 17:16:01.995 W/dex2oat ( 2714): Compilation of void org.opencv.android.Utils.nBitmapToMat2(android.graphics.Bitmap, long, boolean) took 150.260ms
05-12 17:16:04.495 I/dex2oat ( 2714): dex2oat took 13.981s (threads: 2) arena alloc=548KB (561264B) java alloc=7MB (7511488B) native alloc=15MB (16194112B) free=3MB (3728832B)
05-12 17:16:04.733 D/installd( 1329): Detected label change from u:object_r:system_data_file:s0 to u:object_r:app_data_file:s0:c512,c768 at /data/data/jp.jaxa.iss.kibo.rpc.sampleapk; running recursive restorecon
05-12 17:16:04.743 D/installd( 1329): Detected label change from u:object_r:system_data_file:s0 to u:object_r:app_data_file:s0:c512,c768 at /data/user_de/0/jp.jaxa.iss.kibo.rpc.sampleapk; running recursive restorecon
05-12 17:16:04.753 V/BackupManagerService( 1766): restoreAtInstall pkg=jp.jaxa.iss.kibo.rpc.sampleapk token=1 restoreSet=0
05-12 17:16:04.755 W/BackupManagerService( 1766): Requested unavailable transport: android/com.android.internal.backup.LocalTransport
05-12 17:16:04.756 W/BackupManagerService( 1766): No transport
05-12 17:16:04.756 V/BackupManagerService( 1766): Finishing install immediately
05-12 17:16:04.787 I/GnssLocationProvider( 1766): WakeLock acquired by sendMessage(3, 0, com.android.server.location.GnssLocationProvider$GpsRequest@1462820)
05-12 17:16:04.793 I/GnssLocationProvider( 1766): WakeLock released by handleMessage(3, 0, com.android.server.location.GnssLocationProvider$GpsRequest@1462820)
05-12 17:16:04.796 I/GnssLocationProvider( 1766): WakeLock acquired by sendMessage(3, 0, com.android.server.location.GnssLocationProvider$GpsRequest@3d905d9)
05-12 17:16:04.799 D/VoldConnector( 1766): SND -> {9 volume remount_uid 10064 default}
05-12 17:16:04.806 I/GnssLocationProvider( 1766): WakeLock released by handleMessage(3, 0, com.android.server.location.GnssLocationProvider$GpsRequest@3d905d9)
05-12 17:16:04.810 D/vold    ( 1270): Remounting 10064 as mode default
05-12 17:16:04.826 D/VoldConnector( 1766): RCV <- {200 9 Command succeeded}
05-12 17:16:04.832 I/GnssLocationProvider( 1766): WakeLock acquired by sendMessage(3, 0, com.android.server.location.GnssLocationProvider$GpsRequest@205cb9e)
05-12 17:16:04.834 I/GnssLocationProvider( 1766): WakeLock released by handleMessage(3, 0, com.android.server.location.GnssLocationProvider$GpsRequest@205cb9e)
05-12 17:16:04.836 D/VoldConnector( 1766): SND -> {10 volume remount_uid 10064 write}
05-12 17:16:04.838 D/vold    ( 1270): Remounting 10064 as mode write
05-12 17:16:04.847 D/VoldConnector( 1766): RCV <- {200 10 Command succeeded}
05-12 17:16:04.870 I/art     ( 1766): Starting a blocking GC Explicit
05-12 17:16:04.969 I/art     ( 1766): Explicit concurrent mark sweep GC freed 22509(1419KB) AllocSpace objects, 15(404KB) LOS objects, 29% free, 9MB/13MB, paused 2.411ms total 89.805ms
05-12 17:16:04.971 E/        ( 1329): Couldn't opendir /data/app/vmdl1055538767.tmp: No such file or directory
05-12 17:16:05.030 I/art     ( 2689): System.exit called, status: 0
05-12 17:16:05.030 I/AndroidRuntime( 2689): VM exiting with result code 0.
05-12 17:16:05.115 I/InputReader( 1766): Reconfiguring input devices.  changes=0x00000010
05-12 17:16:05.342 E/PhoneInterfaceManager( 2180): [PhoneIntfMgr] getCarrierPackageNamesForIntent: No UICC
05-12 17:16:05.342 D/CarrierSvcBindHelper( 2180): No carrier app for: 0
05-12 17:16:05.355 D/CarrierConfigLoader( 2180): mHandler: 9 phoneId: 0
05-12 17:16:05.752 W/VoiceInteractionManagerService( 1766): no available voice recognition services found for user 0
05-12 17:16:20.246 W/BroadcastQueue( 1766): Timeout of broadcast BroadcastRecord{e0b5a6d u0 android.intent.action.BOOT_COMPLETED} - receiver=android.os.BinderProxy@99727a1, started 60016ms ago
05-12 17:16:20.247 W/BroadcastQueue( 1766): Receiver during timeout: BroadcastFilter{1dd9cdd u0 ReceiverList{af51dc6 1984 com.android.systemui/10021/u0 remote:99727a1}}
05-12 17:16:20.323 W/art     ( 2723): Unexpected CPU variant for X86 using defaults: x86_64
05-12 17:16:20.364 W/ActivityManager( 1766): Slow operation: 87ms so far, now at startProcess: returned from zygote!
05-12 17:16:20.383 W/ActivityManager( 1766): Slow operation: 87ms so far, now at startProcess: done updating battery stats
05-12 17:16:20.383 W/ActivityManager( 1766): Slow operation: 106ms so far, now at startProcess: building log message
05-12 17:16:20.383 I/ActivityManager( 1766): Start proc 2723:com.android.dialer/u0a8 for broadcast com.android.dialer/.calllog.CallLogReceiver
05-12 17:16:20.383 W/ActivityManager( 1766): Slow operation: 106ms so far, now at startProcess: starting to update pids map
05-12 17:16:20.383 W/ActivityManager( 1766): Slow operation: 107ms so far, now at startProcess: done updating pids map
05-12 17:16:20.383 W/ActivityManager( 1766): Slow operation: 108ms so far, now at startProcess: done starting proc!
05-12 17:16:20.413 I/RecoverySystem( 1766): No recovery log file
05-12 17:16:20.455 W/System  ( 2723): ClassLoader referenced unknown path: /system/priv-app/Dialer/lib/x86_64
05-12 17:16:20.459 I/BootReceiver( 1766): Copying audit failures to DropBox
05-12 17:16:20.460 I/BootReceiver( 1766): Checking for fsck errors
05-12 17:16:21.291 D/ExtensionsFactory( 2723): No custom extensions.
05-12 17:16:21.311 D/BlockedNumbersAuto( 2723): Not attempting auto-migrate: already checked once.
05-12 17:16:21.419 D/CarrierConfigLoader( 2180): mHandler: 13 phoneId: 0
05-12 17:16:21.419 D/CarrierConfigLoader( 2180): mHandler: 7 phoneId: 0
05-12 17:16:21.431 E/CarrierConfigLoader( 2180): Cannot restore config with null packageName or iccid.
05-12 17:16:21.431 D/CarrierConfigLoader( 2180): Binding to com.android.carrierconfig for phone 0
05-12 17:16:21.473 W/art     ( 2744): Unexpected CPU variant for X86 using defaults: x86_64
05-12 17:16:21.494 W/CountryDetector( 2723): No location permissions, not registering for location updates.
05-12 17:16:21.507 W/ActivityManager( 1766): Slow operation: 59ms so far, now at startProcess: returned from zygote!
05-12 17:16:21.507 W/ActivityManager( 1766): Slow operation: 59ms so far, now at startProcess: done updating battery stats
05-12 17:16:21.507 W/ActivityManager( 1766): Slow operation: 60ms so far, now at startProcess: building log message
05-12 17:16:21.507 I/ActivityManager( 1766): Start proc 2744:com.android.carrierconfig/u0a3 for service com.android.carrierconfig/.DefaultCarrierConfigService
05-12 17:16:21.507 W/ActivityManager( 1766): Slow operation: 60ms so far, now at startProcess: starting to update pids map
05-12 17:16:21.508 W/ActivityManager( 1766): Slow operation: 60ms so far, now at startProcess: done updating pids map
05-12 17:16:21.508 W/ActivityManager( 1766): Slow operation: 61ms so far, now at startProcess: done starting proc!
05-12 17:16:21.517 D/AlertReceiver( 2627): onReceive: a=android.intent.action.BOOT_COMPLETED Intent { act=android.intent.action.BOOT_COMPLETED flg=0x9000010 cmp=com.android.calendar/.alerts.AlertReceiver (has extras) }
05-12 17:16:21.637 I/AlarmClock( 2438): AlarmInitReceiver android.intent.action.BOOT_COMPLETED
05-12 17:16:21.644 D/AlertUtils( 2627): Flushing old alerts from shared prefs table
05-12 17:16:21.732 D/AlertService( 2627): 0 Action = android.intent.action.BOOT_COMPLETED
05-12 17:16:21.749 W/System  ( 2744): ClassLoader referenced unknown path: /system/priv-app/CarrierConfig/lib/x86_64
05-12 17:16:21.840 D/DefaultCarrierConfigService( 2744): Service created
05-12 17:16:21.850 D/CarrierConfigLoader( 2180): Connected to config app: com.android.carrierconfig/com.android.carrierconfig.DefaultCarrierConfigService
05-12 17:16:21.850 D/CarrierConfigLoader( 2180): mHandler: 3 phoneId: 0
05-12 17:16:21.856 D/DefaultCarrierConfigService( 2744): Config being fetched
05-12 17:16:21.860 D/DefaultCarrierConfigService( 2744): java.io.FileNotFoundException: carrier_config_.xml
05-12 17:16:21.867 E/CarrierConfigLoader( 2180): Cannot save config with null packageName or iccid.
05-12 17:16:21.895 D/CarrierConfigLoader( 2180): mHandler: 5 phoneId: 0
05-12 17:16:21.905 E/PhoneInterfaceManager( 2180): [PhoneIntfMgr] getCarrierPackageNamesForIntent: No UICC
05-12 17:16:21.941 D/AlertService( 2627): Scheduling next alarm with AlarmScheduler. sEventReminderReceived: null
05-12 17:16:21.995 I/Telecom ( 1766): PhoneAccountRegistrar: SimCallManager queried, returning: null: TSI.gSCMFU@AAk
05-12 17:16:22.056 W/ActivityManager( 1766): Slow operation: 93ms so far, now at startProcess: returned from zygote!
05-12 17:16:22.057 W/ActivityManager( 1766): Slow operation: 93ms so far, now at startProcess: done updating battery stats
05-12 17:16:22.057 W/ActivityManager( 1766): Slow operation: 93ms so far, now at startProcess: building log message
05-12 17:16:22.057 I/ActivityManager( 1766): Start proc 2764:com.android.email/u0a34 for broadcast com.android.email/.service.EmailBroadcastReceiver
05-12 17:16:22.057 W/ActivityManager( 1766): Slow operation: 94ms so far, now at startProcess: starting to update pids map
05-12 17:16:22.057 W/ActivityManager( 1766): Slow operation: 94ms so far, now at startProcess: done updating pids map
05-12 17:16:22.057 W/ActivityManager( 1766): Slow operation: 94ms so far, now at startProcess: done starting proc!
05-12 17:16:22.068 W/art     ( 2764): Unexpected CPU variant for X86 using defaults: x86_64
05-12 17:16:22.085 V/AlarmClock( 2438): AlarmInitReceiver finished
05-12 17:16:22.177 D/AlarmScheduler( 2627): No events found starting within 1 week.
05-12 17:16:22.218 W/System  ( 2764): ClassLoader referenced unknown path: /system/app/Email/lib/x86_64
05-12 17:16:23.334 W/ActivityManager( 1766): Unable to start service Intent { act=com.android.email.EXCHANGE_INTENT pkg=com.android.exchange } U=0: not found
05-12 17:16:23.354 D/ActivityThread( 2764): Loading provider com.android.email.provider;com.android.email.notifier: com.android.email.provider.EmailProvider
05-12 17:16:23.370 W/ActivityManager( 1766): Unable to start service Intent { act=com.android.email.EXCHANGE_INTENT pkg=com.android.exchange } U=0: not found
05-12 17:16:23.432 D/ActivityThread( 2764): Loading provider com.android.email.provider;com.android.email.notifier: com.android.email.provider.EmailProvider
05-12 17:16:23.440 W/ActivityManager( 1766): Unable to start service Intent { act=com.android.email.EXCHANGE_INTENT pkg=com.android.exchange } U=0: not found
05-12 17:16:23.623 W/ActivityManager( 1766): Unable to start service Intent { act=com.android.email.EXCHANGE_INTENT pkg=com.android.exchange } U=0: not found
05-12 17:16:23.682 I/SystemBroadcastReceiver( 1979): Boot has been completed
05-12 17:16:23.683 I/SystemBroadcastReceiver( 1979): toggleAppIcon() : FLAG_SYSTEM = true
05-12 17:16:23.696 W/ActivityManager( 1766): Unable to start service Intent { cmp=com.android.email/.service.AttachmentService } U=0: not found
05-12 17:16:23.707 W/ActivityManager( 1766): Unable to start service Intent { cmp=com.android.email/.service.AttachmentService } U=0: not found
05-12 17:16:23.803 W/art     ( 2786): Unexpected CPU variant for X86 using defaults: x86_64
05-12 17:16:23.815 W/ActivityManager( 1766): Slow operation: 73ms so far, now at startProcess: returned from zygote!
05-12 17:16:23.816 W/ActivityManager( 1766): Slow operation: 74ms so far, now at startProcess: done updating battery stats
05-12 17:16:23.816 W/ActivityManager( 1766): Slow operation: 74ms so far, now at startProcess: building log message
05-12 17:16:23.816 I/ActivityManager( 1766): Start proc 2786:com.android.managedprovisioning/u0a14 for broadcast com.android.managedprovisioning/.BootReminder
05-12 17:16:23.816 W/ActivityManager( 1766): Slow operation: 74ms so far, now at startProcess: starting to update pids map
05-12 17:16:23.816 W/ActivityManager( 1766): Slow operation: 75ms so far, now at startProcess: done updating pids map
05-12 17:16:23.816 W/ActivityManager( 1766): Slow operation: 76ms so far, now at startProcess: done starting proc!
05-12 17:16:23.866 I/Email   ( 2764): Observing account changes for notifications
05-12 17:16:23.894 W/ActivityManager( 1766): Unable to start service Intent { act=com.android.email.EXCHANGE_INTENT pkg=com.android.exchange } U=0: not found
05-12 17:16:23.905 W/ActivityManager( 1766): Unable to start service Intent { cmp=com.android.email/.service.AttachmentService } U=0: not found
05-12 17:16:23.930 W/ActivityManager( 1766): Unable to start service Intent { act=com.android.email.EXCHANGE_INTENT pkg=com.android.exchange } U=0: not found
05-12 17:16:23.942 W/System  ( 2786): ClassLoader referenced unknown path: /system/priv-app/ManagedProvisioning/lib/x86_64
05-12 17:16:23.996 E/ActivityThread( 2764): Service com.android.email.service.EmailBroadcastProcessorService has leaked ServiceConnection com.android.emailcommon.service.ServiceProxy$ProxyConnection@d02a377 that was originally bound here
05-12 17:16:23.996 E/ActivityThread( 2764): android.app.ServiceConnectionLeaked: Service com.android.email.service.EmailBroadcastProcessorService has leaked ServiceConnection com.android.emailcommon.service.ServiceProxy$ProxyConnection@d02a377 that was originally bound here
05-12 17:16:23.996 E/ActivityThread( 2764): 	at android.app.LoadedApk$ServiceDispatcher.<init>(LoadedApk.java:1336)
05-12 17:16:23.996 E/ActivityThread( 2764): 	at android.app.LoadedApk.getServiceDispatcher(LoadedApk.java:1231)
05-12 17:16:23.996 E/ActivityThread( 2764): 	at android.app.ContextImpl.bindServiceCommon(ContextImpl.java:1450)
05-12 17:16:23.996 E/ActivityThread( 2764): 	at android.app.ContextImpl.bindService(ContextImpl.java:1422)
05-12 17:16:23.996 E/ActivityThread( 2764): 	at android.content.ContextWrapper.bindService(ContextWrapper.java:636)
05-12 17:16:23.996 E/ActivityThread( 2764): 	at com.android.emailcommon.service.ServiceProxy.setTask(ServiceProxy.java:181)
05-12 17:16:23.996 E/ActivityThread( 2764): 	at com.android.emailcommon.service.ServiceProxy.test(ServiceProxy.java:224)
05-12 17:16:23.996 E/ActivityThread( 2764): 	at com.android.email.service.EmailServiceUtils.isServiceAvailable(EmailServiceUtils.java:160)
05-12 17:16:23.996 E/ActivityThread( 2764): 	at com.android.email.provider.AccountReconciler.reconcileAccountsInternal(AccountReconciler.java:171)
05-12 17:16:23.996 E/ActivityThread( 2764): 	at com.android.email.provider.AccountReconciler.reconcileAccounts(AccountReconciler.java:115)
05-12 17:16:23.996 E/ActivityThread( 2764): 	at com.android.email.service.EmailBroadcastProcessorService.reconcileAndStartServices(EmailBroadcastProcessorService.java:305)
05-12 17:16:23.996 E/ActivityThread( 2764): 	at com.android.email.service.EmailBroadcastProcessorService.onBootCompleted(EmailBroadcastProcessorService.java:295)
05-12 17:16:23.996 E/ActivityThread( 2764): 	at com.android.email.service.EmailBroadcastProcessorService.onHandleIntent(EmailBroadcastProcessorService.java:130)
05-12 17:16:23.996 E/ActivityThread( 2764): 	at android.app.IntentService$ServiceHandler.handleMessage(IntentService.java:68)
05-12 17:16:23.996 E/ActivityThread( 2764): 	at android.os.Handler.dispatchMessage(Handler.java:102)
05-12 17:16:23.996 E/ActivityThread( 2764): 	at android.os.Looper.loop(Looper.java:154)
05-12 17:16:23.996 E/ActivityThread( 2764): 	at android.os.HandlerThread.run(HandlerThread.java:61)
05-12 17:16:23.999 W/ActivityManager( 1766): Unbind failed: could not find connection for android.os.BinderProxy@1f3e9bd
05-12 17:16:24.011 W/ActivityManager( 1766): Unable to start service Intent { act=com.android.email.EXCHANGE_INTENT pkg=com.android.exchange } U=0: not found
05-12 17:16:24.052 W/ActivityManager( 1766): Unable to start service Intent { act=com.android.email.EXCHANGE_INTENT pkg=com.android.exchange } U=0: not found
05-12 17:16:24.121 W/art     ( 2800): Unexpected CPU variant for X86 using defaults: x86_64
05-12 17:16:24.129 I/ActivityManager( 1766): Start proc 2800:com.android.messaging/u0a54 for broadcast com.android.messaging/.receiver.BootAndPackageReplacedReceiver
05-12 17:16:24.218 W/System  ( 2800): ClassLoader referenced unknown path: /system/app/messaging/lib/x86_64
05-12 17:16:25.433 I/MessagingApp( 2800): Carrier config changed. Reloading MMS config.
05-12 17:16:25.475 V/VvmBootCompletedRcvr( 2180): processing subId list
05-12 17:16:25.509 E/VvmBootCompletedRcvr( 2180): phone account ComponentInfo{com.android.phone/com.android.services.telephony.TelephonyConnectionService}, [e2f7d48dd2b5ca523e7313cf4ba0f6ea830b6281], UserHandle{0} has invalid subId -1
05-12 17:16:25.567 I/MessagingAppDataModel( 2800): Fixup: Send failed - 0 Download failed - 0
05-12 17:16:25.674 I/art     ( 2607): Waiting for a blocking GC DisableMovingGc
05-12 17:16:25.680 I/art     ( 2607): WaitForGcToComplete blocked for 5.959ms for cause DisableMovingGc
05-12 17:16:25.680 I/art     ( 2607): Starting a blocking GC DisableMovingGc
05-12 17:16:25.931 I/MessagingAppDataModel( 2800): SyncMessagesAction: Starting batch for messages from 1616676894217 to 1620839785326 (message update limit = 80, message scan limit = 4000)
05-12 17:16:26.070 D/AlertReceiver( 2627): onReceive: a=android.intent.action.PROVIDER_CHANGED Intent { act=android.intent.action.PROVIDER_CHANGED dat=content://com.android.calendar flg=0x20000010 cmp=com.android.calendar/.alerts.AlertReceiver }
05-12 17:16:26.131 D/AlertService( 2627): 0 Action = android.intent.action.PROVIDER_CHANGED
05-12 17:16:26.271 W/art     ( 2825): Unexpected CPU variant for X86 using defaults: x86_64
05-12 17:16:26.274 W/ActivityManager( 1766): Slow operation: 53ms so far, now at startProcess: returned from zygote!
05-12 17:16:26.285 W/ActivityManager( 1766): Slow operation: 53ms so far, now at startProcess: done updating battery stats
05-12 17:16:26.286 W/ActivityManager( 1766): Slow operation: 65ms so far, now at startProcess: building log message
05-12 17:16:26.286 I/ActivityManager( 1766): Start proc 2825:com.android.gallery3d/u0a39 for broadcast com.android.gallery3d/.app.PackagesMonitor
05-12 17:16:26.286 W/ActivityManager( 1766): Slow operation: 65ms so far, now at startProcess: starting to update pids map
05-12 17:16:26.286 W/ActivityManager( 1766): Slow operation: 66ms so far, now at startProcess: done updating pids map
05-12 17:16:26.286 W/ActivityManager( 1766): Slow operation: 67ms so far, now at startProcess: done starting proc!
05-12 17:16:26.858 I/MessagingAppDataModel( 2800): SyncMessagesAction: All messages now in sync
05-12 17:16:27.728 W/art     ( 2842): Unexpected CPU variant for X86 using defaults: x86_64
05-12 17:16:27.731 I/ActivityManager( 1766): Start proc 2842:com.svox.pico/u0a49 for broadcast com.svox.pico/.VoiceDataInstallerReceiver
05-12 17:16:27.731 W/ActivityManager( 1766): Slow operation: 61ms so far, now at startProcess: done starting proc!
05-12 17:16:28.003 I/VvmSimChangeReceiver( 2180): Received SIM change for invalid subscription id.
05-12 17:16:28.161 W/MediaScanner( 2607): Error opening directory '/oem/media/', skipping: No such file or directory.
05-12 17:16:28.360 V/MediaScanner( 2607): pruneDeadThumbnailFiles... android.content.ContentProviderClient$CursorWrapperInner@5683614
05-12 17:16:28.363 V/MediaScanner( 2607): /pruneDeadThumbnailFiles... android.content.ContentProviderClient$CursorWrapperInner@5683614
05-12 17:16:31.173 I/GlobalDismissManager( 2627): no sender configured
05-12 17:16:31.176 D/AlertService( 2627): Beginning updateAlertNotification
05-12 17:16:31.210 D/AlertService( 2627): No fired or scheduled alerts
05-12 17:16:31.245 D/AlertService( 2627): Scheduling next alarm with AlarmScheduler. sEventReminderReceived: null
05-12 17:16:31.276 D/AlarmScheduler( 2627): No events found starting within 1 week.
05-12 17:16:36.748 I/ActivityManager( 1766): Waited long enough for: ServiceRecord{2b9bb67 u0 com.android.calendar/.alerts.InitAlarmsService}
05-12 17:16:51.941 D/InitAlarmsService( 2627): Clearing and rescheduling alarms.
05-12 17:18:00.011 I/ActivityManager( 1766): Killing 2505:com.android.keychain/1000 (adj 906): empty #17
05-12 17:18:00.124 D/ActivityManager( 1766): cleanUpApplicationRecord -- 2505
05-12 17:18:25.199 D/AndroidRuntime( 2859): >>>>>> START com.android.internal.os.RuntimeInit uid 2000 <<<<<<
05-12 17:18:25.254 D/AndroidRuntime( 2859): CheckJNI is ON
05-12 17:18:25.624 W/art     ( 2859): Unexpected CPU variant for X86 using defaults: x86_64
05-12 17:18:25.673 D/ICU     ( 2859): No timezone override file found: /data/misc/zoneinfo/current/icu/icu_tzdata.dat
05-12 17:18:25.947 E/memtrack( 2859): Couldn't load memtrack module (No such file or directory)
05-12 17:18:25.947 E/android.os.Debug( 2859): failed to load memtrack module: -2
05-12 17:18:25.958 I/Radio-JNI( 2859): register_android_hardware_Radio DONE
05-12 17:18:26.156 D/AndroidRuntime( 2859): Calling main entry com.android.commands.am.Am
05-12 17:18:26.358 W/ActivityManager( 1766): Slow operation: 99ms so far, now at startProcess: returned from zygote!
05-12 17:18:26.358 W/ActivityManager( 1766): Slow operation: 101ms so far, now at startProcess: done updating battery stats
05-12 17:18:26.360 W/ActivityManager( 1766): Slow operation: 102ms so far, now at startProcess: building log message
05-12 17:18:26.361 I/ActivityManager( 1766): Start proc 2869:gov.nasa.arc.astrobee.android.gs.manager/u0a63 for service gov.nasa.arc.astrobee.android.gs.manager/.ManagerService
05-12 17:18:26.361 W/ActivityManager( 1766): Slow operation: 103ms so far, now at startProcess: starting to update pids map
05-12 17:18:26.362 W/ActivityManager( 1766): Slow operation: 104ms so far, now at startProcess: done updating pids map
05-12 17:18:26.362 W/ActivityManager( 1766): Slow operation: 106ms so far, now at startProcess: done starting proc!
05-12 17:18:26.370 D/AndroidRuntime( 2859): Shutting down VM
05-12 17:18:26.434 I/art     ( 2869): Not late-enabling -Xcheck:jni (already on)
05-12 17:18:26.443 W/art     ( 2869): Unexpected CPU variant for X86 using defaults: x86_64
05-12 17:18:27.007 W/System  ( 2869): ClassLoader referenced unknown path: /data/app/gov.nasa.arc.astrobee.android.gs.manager-1/lib/x86_64
05-12 17:18:27.890 E/Notification( 2869): setLatestEventInfo() is deprecated and you should feel deprecated.
05-12 17:18:27.890 E/Notification( 2869): java.lang.Throwable
05-12 17:18:27.890 E/Notification( 2869): 	at android.app.Notification.setLatestEventInfo(Notification.java:2076)
05-12 17:18:27.890 E/Notification( 2869): 	at org.ros.android.NodeMainExecutorService.onStartCommand(NodeMainExecutorService.java:220)
05-12 17:18:27.890 E/Notification( 2869): 	at android.app.ActivityThread.handleServiceArgs(ActivityThread.java:3326)
05-12 17:18:27.890 E/Notification( 2869): 	at android.app.ActivityThread.-wrap21(ActivityThread.java)
05-12 17:18:27.890 E/Notification( 2869): 	at android.app.ActivityThread$H.handleMessage(ActivityThread.java:1582)
05-12 17:18:27.890 E/Notification( 2869): 	at android.os.Handler.dispatchMessage(Handler.java:102)
05-12 17:18:27.890 E/Notification( 2869): 	at android.os.Looper.loop(Looper.java:154)
05-12 17:18:27.890 E/Notification( 2869): 	at android.app.ActivityThread.main(ActivityThread.java:6119)
05-12 17:18:27.890 E/Notification( 2869): 	at java.lang.reflect.Method.invoke(Native Method)
05-12 17:18:27.890 E/Notification( 2869): 	at com.android.internal.os.ZygoteInit$MethodAndArgsCaller.run(ZygoteInit.java:886)
05-12 17:18:27.890 E/Notification( 2869): 	at com.android.internal.os.ZygoteInit.main(ZygoteInit.java:776)
05-12 17:18:28.592 I/art     ( 1766): Background partial concurrent mark sweep GC freed 35213(2MB) AllocSpace objects, 16(584KB) LOS objects, 29% free, 9MB/13MB, paused 25.690ms total 460.763ms
05-12 17:18:30.349 I/Registrar( 2869): MasterXmlRpcEndpoint URI: http://llp:11311
05-12 17:18:30.654 I/Registrar( 2869): Registering publisher: Publisher<PublisherDefinition<PublisherIdentifier<NodeIdentifier</guest_science_manager, http://hlp:42381/>, TopicIdentifier</rosout>>, Topic<TopicIdentifier</rosout>, TopicDescription<rosgraph_msgs/Log, acffd30cd6b6de30f120938c17c593fb>>>>
05-12 17:18:30.698 D/NotificationSQLiteLog( 1766): Pruned event entries: 15
05-12 17:18:31.486 I/Registrar( 2869): Response<Success, Registered [/guest_science_manager] as publisher of [/rosout], [http://10.42.0.34:37939/]>
05-12 17:18:31.510 I/DefaultPublisher( 2869): Publisher registered: Publisher<PublisherDefinition<PublisherIdentifier<NodeIdentifier</guest_science_manager, http://hlp:42381/>, TopicIdentifier</rosout>>, Topic<TopicIdentifier</rosout>, TopicDescription<rosgraph_msgs/Log, acffd30cd6b6de30f120938c17c593fb>>>>
05-12 17:18:31.696 I/Registrar( 2869): Registering subscriber: Subscriber<Topic<TopicIdentifier</clock>, TopicDescription<rosgraph_msgs/Clock, a9c97c1d230cfc112e270351a944ee47>>>
05-12 17:18:31.901 I/Registrar( 2869): Response<Success, Subscribed to [/clock], [http://10.42.0.34:43381/]>
05-12 17:18:31.921 I/DefaultSubscriber( 2869): Subscriber registered: Subscriber<Topic<TopicIdentifier</clock>, TopicDescription<rosgraph_msgs/Clock, a9c97c1d230cfc112e270351a944ee47>>>
05-12 17:18:32.140 I/Registrar( 2869): Registering publisher: Publisher<PublisherDefinition<PublisherIdentifier<NodeIdentifier</guest_science_manager, http://hlp:42381/>, TopicIdentifier</gs/gs_manager/ack>>, Topic<TopicIdentifier</gs/gs_manager/ack>, TopicDescription<ff_msgs/AckStamped, cebddec69fd770df54633be444a9187d>>>>
05-12 17:18:32.439 I/Registrar( 2869): Response<Success, Registered [/guest_science_manager] as publisher of [/gs/gs_manager/ack], [http://10.42.0.34:44096/, http://10.42.0.34:38191/]>
05-12 17:18:32.442 I/DefaultPublisher( 2869): Publisher registered: Publisher<PublisherDefinition<PublisherIdentifier<NodeIdentifier</guest_science_manager, http://hlp:42381/>, TopicIdentifier</gs/gs_manager/ack>>, Topic<TopicIdentifier</gs/gs_manager/ack>, TopicDescription<ff_msgs/AckStamped, cebddec69fd770df54633be444a9187d>>>>
05-12 17:18:32.488 I/Registrar( 2869): Registering publisher: Publisher<PublisherDefinition<PublisherIdentifier<NodeIdentifier</guest_science_manager, http://hlp:42381/>, TopicIdentifier</gs/gs_manager/config>>, Topic<TopicIdentifier</gs/gs_manager/config>, TopicDescription<ff_msgs/GuestScienceConfig, c6f632ed2411de4159494a3e7754794e>>>>
05-12 17:18:32.641 W/art     ( 2869): Suspending all threads took: 26.981ms
05-12 17:18:32.668 I/Registrar( 2869): Registering publisher: Publisher<PublisherDefinition<PublisherIdentifier<NodeIdentifier</guest_science_manager, http://hlp:42381/>, TopicIdentifier</gs/data>>, Topic<TopicIdentifier</gs/data>, TopicDescription<ff_msgs/GuestScienceData, edd2c791ea93ffa7cb0ec80c5bb00972>>>>
05-12 17:18:32.797 I/Registrar( 2869): Response<Success, Registered [/guest_science_manager] as publisher of [/gs/gs_manager/config], [http://10.42.0.34:44096/, http://10.42.0.34:44586/]>
05-12 17:18:32.816 I/DefaultPublisher( 2869): Publisher registered: Publisher<PublisherDefinition<PublisherIdentifier<NodeIdentifier</guest_science_manager, http://hlp:42381/>, TopicIdentifier</gs/gs_manager/config>>, Topic<TopicIdentifier</gs/gs_manager/config>, TopicDescription<ff_msgs/GuestScienceConfig, c6f632ed2411de4159494a3e7754794e>>>>
05-12 17:18:33.133 I/Registrar( 2869): Registering publisher: Publisher<PublisherDefinition<PublisherIdentifier<NodeIdentifier</guest_science_manager, http://hlp:42381/>, TopicIdentifier</gs/gs_manager/state>>, Topic<TopicIdentifier</gs/gs_manager/state>, TopicDescription<ff_msgs/GuestScienceState, 24e5a1ba8527257cc710720a32de6e51>>>>
05-12 17:18:33.268 I/Registrar( 2869): Response<Success, Registered [/guest_science_manager] as publisher of [/gs/data], [http://10.42.0.34:42505/, http://10.42.0.34:44586/, http://10.42.0.34:35410/]>
05-12 17:18:33.375 I/DefaultPublisher( 2869): Publisher registered: Publisher<PublisherDefinition<PublisherIdentifier<NodeIdentifier</guest_science_manager, http://hlp:42381/>, TopicIdentifier</gs/data>>, Topic<TopicIdentifier</gs/data>, TopicDescription<ff_msgs/GuestScienceData, edd2c791ea93ffa7cb0ec80c5bb00972>>>>
05-12 17:18:33.630 I/art     ( 2869): Background sticky concurrent mark sweep GC freed 28318(2MB) AllocSpace objects, 22(444KB) LOS objects, 15% free, 8MB/10MB, paused 37.856ms total 1.437s
05-12 17:18:33.707 I/Registrar( 2869): Registering subscriber: Subscriber<Topic<TopicIdentifier</mgt/executive/command>, TopicDescription<ff_msgs/CommandStamped, ac01350894b1be9e3a7b4f390a14812d>>>
05-12 17:18:33.859 I/Registrar( 2869): Response<Success, Registered [/guest_science_manager] as publisher of [/gs/gs_manager/state], [http://10.42.0.34:44096/, http://10.42.0.34:44586/]>
05-12 17:18:33.978 I/DefaultPublisher( 2869): Publisher registered: Publisher<PublisherDefinition<PublisherIdentifier<NodeIdentifier</guest_science_manager, http://hlp:42381/>, TopicIdentifier</gs/gs_manager/state>>, Topic<TopicIdentifier</gs/gs_manager/state>, TopicDescription<ff_msgs/GuestScienceState, 24e5a1ba8527257cc710720a32de6e51>>>>
05-12 17:18:34.418 W/ActivityManager( 1766): Slow operation: 258ms so far, now at startProcess: returned from zygote!
05-12 17:18:34.418 W/ActivityManager( 1766): Slow operation: 259ms so far, now at startProcess: done updating battery stats
05-12 17:18:34.419 W/ActivityManager( 1766): Slow operation: 259ms so far, now at startProcess: building log message
05-12 17:18:34.419 I/ActivityManager( 1766): Start proc 2944:jp.jaxa.iss.kibo.rpc.sampleapk/u0a64 for broadcast jp.jaxa.iss.kibo.rpc.sampleapk/gov.nasa.arc.astrobee.android.gs.InfoInqueryBroadcastReceiver
05-12 17:18:34.419 W/ActivityManager( 1766): Slow operation: 259ms so far, now at startProcess: starting to update pids map
05-12 17:18:34.419 W/ActivityManager( 1766): Slow operation: 259ms so far, now at startProcess: done updating pids map
05-12 17:18:34.419 W/ActivityManager( 1766): Slow operation: 261ms so far, now at startProcess: done starting proc!
05-12 17:18:34.463 W/art     ( 1766): Long monitor contention with owner ActivityManager (1811) at void com.android.server.am.BroadcastQueue.processNextBroadcast(boolean)(BroadcastQueue.java:760) waiters=1 in android.content.ComponentName com.android.server.am.ActivityManagerService.startService(android.app.IApplicationThread, android.content.Intent, java.lang.String, java.lang.String, int) for 214ms
05-12 17:18:34.544 I/art     ( 2944): Not late-enabling -Xcheck:jni (already on)
05-12 17:18:34.570 I/Registrar( 2869): Response<Success, Subscribed to [/mgt/executive/command], [http://10.42.0.34:44096/]>
05-12 17:18:34.665 I/DefaultSubscriber( 2869): Subscriber registered: Subscriber<Topic<TopicIdentifier</mgt/executive/command>, TopicDescription<ff_msgs/CommandStamped, ac01350894b1be9e3a7b4f390a14812d>>>
05-12 17:18:34.699 W/art     ( 2944): Unexpected CPU variant for X86 using defaults: x86_64
05-12 17:18:34.848 W/art     ( 2869): Suspending all threads took: 20.847ms
05-12 17:18:35.056 I/art     ( 2869): Background partial concurrent mark sweep GC freed 22844(1811KB) AllocSpace objects, 29(580KB) LOS objects, 36% free, 6MB/10MB, paused 31.769ms total 654.123ms
05-12 17:18:35.849 I/ActivityManager( 1766): Killing 2579:com.android.printspooler/u0a51 (adj 906): empty #17
05-12 17:18:36.368 D/ActivityManager( 1766): cleanUpApplicationRecord -- 2579
05-12 17:18:38.546 I/art     ( 2869): Do partial code cache collection, code=26KB, data=29KB
05-12 17:18:38.561 I/art     ( 2869): After code cache collection, code=26KB, data=29KB
05-12 17:18:38.562 I/art     ( 2869): Increasing code cache capacity to 128KB
05-12 17:18:41.047 D/ManagerTimeoutTimer( 2869): Still waiting for the apk to start or stop. 4985.0 milliseconds left.
05-12 17:18:41.280 D/OpenCV/StaticHelper( 2944): Trying to get library list
05-12 17:18:41.310 E/OpenCV/StaticHelper( 2944): OpenCV error: Cannot load info library for OpenCV
05-12 17:18:41.311 D/OpenCV/StaticHelper( 2944): Library list: ""
05-12 17:18:41.311 D/OpenCV/StaticHelper( 2944): First attempt to load libs
05-12 17:18:41.336 D/OpenCV/StaticHelper( 2944): Trying to init OpenCV libs
