05-12 17:12:04.394 E/Hyphenator( 1325): 	at java.io.RandomAccessFile.<init>(RandomAccessFile.java:247)
05-12 17:12:04.394 E/Hyphenator( 1325): 	at android.text.Hyphenator.loadHyphenator(Hyphenator.java:118)
05-12 17:12:04.394 E/Hyphenator( 1325): 	at android.text.Hyphenator.init(Hyphenator.java:224)
05-12 17:12:04.394 E/Hyphenator( 1325): 	at com.android.internal.os.ZygoteInit.preloadTextResources(ZygoteInit.java:252)
05-12 17:12:04.394 E/Hyphenator( 1325): 	at com.android.internal.os.ZygoteInit.preload(ZygoteInit.java:206)
05-12 17:12:04.394 E/Hyphenator( 1325): 	at com.android.internal.os.ZygoteInit.main(ZygoteInit.java:743)
05-12 17:12:04.394 E/Hyphenator( 1325): Caused by: android.system.ErrnoException: open failed: ENOENT (No such file or directory)
05-12 17:12:04.394 E/Hyphenator( 1325): 	at libcore.io.Posix.open(Native Method)
05-12 17:12:04.394 E/Hyphenator( 1325): 	at libcore.io.BlockGuardOs.open(BlockGuardOs.java:187)
05-12 17:12:04.394 E/Hyphenator( 1325): 	at libcore.io.IoBridge.open(IoBridge.java:441)
05-12 17:12:04.394 E/Hyphenator( 1325): 	... 6 more
05-12 17:12:04.395 E/Hyphenator( 1325): error loading hyphenation /system/usr/hyphen-data/hyph-hu.hyb
05-12 17:12:04.395 E/Hyphenator( 1325): java.io.FileNotFoundException: /system/usr/hyphen-data/hyph-hu.hyb: open failed: ENOENT (No such file or directory)
05-12 17:12:04.395 E/Hyphenator( 1325): 	at libcore.io.IoBridge.open(IoBridge.java:455)
05-12 17:12:04.395 E/Hyphenator( 1325): 	at java.io.RandomAccessFile.<init>(RandomAccessFile.java:247)
05-12 17:12:04.395 E/Hyphenator( 1325): 	at android.text.Hyphenator.loadHyphenator(Hyphenator.java:118)
05-12 17:12:04.395 E/Hyphenator( 1325): 	at android.text.Hyphenator.init(Hyphenator.java:224)
05-12 17:12:04.395 E/Hyphenator( 1325): 	at com.android.internal.os.ZygoteInit.preloadTextResources(ZygoteInit.java:252)
05-12 17:12:04.395 E/Hyphenator( 1325): 	at com.android.internal.os.ZygoteInit.preload(ZygoteInit.java:206)
05-12 17:12:04.395 E/Hyphenator( 1325): 	at com.android.internal.os.ZygoteInit.main(ZygoteInit.java:743)
05-12 17:12:04.395 E/Hyphenator( 1325): Caused by: android.system.ErrnoException: open failed: ENOENT (No such file or directory)
05-12 17:12:04.395 E/Hyphenator( 1325): 	at libcore.io.Posix.open(Native Method)
05-12 17:12:04.395 E/Hyphenator( 1325): 	at libcore.io.BlockGuardOs.open(BlockGuardOs.java:187)
05-12 17:12:04.395 E/Hyphenator( 1325): 	at libcore.io.IoBridge.open(IoBridge.java:441)
05-12 17:12:04.395 E/Hyphenator( 1325): 	... 6 more
05-12 17:12:04.397 E/Hyphenator( 1325): error loading hyphenation /system/usr/hyphen-data/hyph-hy.hyb
05-12 17:12:04.397 E/Hyphenator( 1325): java.io.FileNotFoundException: /system/usr/hyphen-data/hyph-hy.hyb: open failed: ENOENT (No such file or directory)
05-12 17:12:04.397 E/Hyphenator( 1325): 	at libcore.io.IoBridge.open(IoBridge.java:455)
05-12 17:12:04.397 E/Hyphenator( 1325): 	at java.io.RandomAccessFile.<init>(RandomAccessFile.java:247)
05-12 17:12:04.397 E/Hyphenator( 1325): 	at android.text.Hyphenator.loadHyphenator(Hyphenator.java:118)
05-12 17:12:04.397 E/Hyphenator( 1325): 	at android.text.Hyphenator.init(Hyphenator.java:224)
05-12 17:12:04.397 E/Hyphenator( 1325): 	at com.android.internal.os.ZygoteInit.preloadTextResources(ZygoteInit.java:252)
05-12 17:12:04.397 E/Hyphenator( 1325): 	at com.android.internal.os.ZygoteInit.preload(ZygoteInit.java:206)
05-12 17:12:04.397 E/Hyphenator( 1325): 	at com.android.internal.os.ZygoteInit.main(ZygoteInit.java:743)
05-12 17:12:04.397 E/Hyphenator( 1325): Caused by: android.system.ErrnoException: open failed: ENOENT (No such file or directory)
05-12 17:12:04.397 E/Hyphenator( 1325): 	at libcore.io.Posix.open(Native Method)
05-12 17:12:04.397 E/Hyphenator( 1325): 	at libcore.io.BlockGuardOs.open(BlockGuardOs.java:187)
05-12 17:12:04.397 E/Hyphenator( 1325): 	at libcore.io.IoBridge.open(IoBridge.java:441)
05-12 17:12:04.397 E/Hyphenator( 1325): 	... 6 more
05-12 17:12:04.398 E/Hyphenator( 1325): error loading hyphenation /system/usr/hyphen-data/hyph-kn.hyb
05-12 17:12:04.398 E/Hyphenator( 1325): java.io.FileNotFoundException: /system/usr/hyphen-data/hyph-kn.hyb: open failed: ENOENT (No such file or directory)
05-12 17:12:04.398 E/Hyphenator( 1325): 	at libcore.io.IoBridge.open(IoBridge.java:455)
05-12 17:12:04.398 E/Hyphenator( 1325): 	at java.io.RandomAccessFile.<init>(RandomAccessFile.java:247)
05-12 17:12:04.398 E/Hyphenator( 1325): 	at android.text.Hyphenator.loadHyphenator(Hyphenator.java:118)
05-12 17:12:04.398 E/Hyphenator( 1325): 	at android.text.Hyphenator.init(Hyphenator.java:224)
05-12 17:12:04.398 E/Hyphenator( 1325): 	at com.android.internal.os.ZygoteInit.preloadTextResources(ZygoteInit.java:252)
05-12 17:12:04.398 E/Hyphenator( 1325): 	at com.android.internal.os.ZygoteInit.preload(ZygoteInit.java:206)
05-12 17:12:04.398 E/Hyphenator( 1325): 	at com.android.internal.os.ZygoteInit.main(ZygoteInit.java:743)
05-12 17:12:04.398 E/Hyphenator( 1325): Caused by: android.system.ErrnoException: open failed: ENOENT (No such file or directory)
05-12 17:12:04.398 E/Hyphenator( 1325): 	at libcore.io.Posix.open(Native Method)
05-12 17:12:04.398 E/Hyphenator( 1325): 	at libcore.io.BlockGuardOs.open(BlockGuardOs.java:187)
05-12 17:12:04.398 E/Hyphenator( 1325): 	at libcore.io.IoBridge.open(IoBridge.java:441)
05-12 17:12:04.398 E/Hyphenator( 1325): 	... 6 more
05-12 17:12:04.421 E/Hyphenator( 1325): error loading hyphenation /system/usr/hyphen-data/hyph-ml.hyb
05-12 17:12:04.421 E/Hyphenator( 1325): java.io.FileNotFoundException: /system/usr/hyphen-data/hyph-ml.hyb: open failed: ENOENT (No such file or directory)
05-12 17:12:04.421 E/Hyphenator( 1325): 	at libcore.io.IoBridge.open(IoBridge.java:455)
05-12 17:12:04.421 E/Hyphenator( 1325): 	at java.io.RandomAccessFile.<init>(RandomAccessFile.java:247)
05-12 17:12:04.421 E/Hyphenator( 1325): 	at android.text.Hyphenator.loadHyphenator(Hyphenator.java:118)
05-12 17:12:04.421 E/Hyphenator( 1325): 	at android.text.Hyphenator.init(Hyphenator.java:224)
05-12 17:12:04.421 E/Hyphenator( 1325): 	at com.android.internal.os.ZygoteInit.preloadTextResources(ZygoteInit.java:252)
05-12 17:12:04.421 E/Hyphenator( 1325): 	at com.android.internal.os.ZygoteInit.preload(ZygoteInit.java:206)
05-12 17:12:04.421 E/Hyphenator( 1325): 	at com.android.internal.os.ZygoteInit.main(ZygoteInit.java:743)
05-12 17:12:04.421 E/Hyphenator( 1325): Caused by: android.system.ErrnoException: open failed: ENOENT (No such file or directory)
05-12 17:12:04.421 E/Hyphenator( 1325): 	at libcore.io.Posix.open(Native Method)
05-12 17:12:04.421 E/Hyphenator( 1325): 	at libcore.io.BlockGuardOs.open(BlockGuardOs.java:187)
05-12 17:12:04.421 E/Hyphenator( 1325): 	at libcore.io.IoBridge.open(IoBridge.java:441)
05-12 17:12:04.421 E/Hyphenator( 1325): 	... 6 more
05-12 17:12:04.423 E/Hyphenator( 1325): error loading hyphenation /system/usr/hyphen-data/hyph-mn-cyrl.hyb
05-12 17:12:04.423 E/Hyphenator( 1325): java.io.FileNotFoundException: /system/usr/hyphen-data/hyph-mn-cyrl.hyb: open failed: ENOENT (No such file or directory)
05-12 17:12:04.423 E/Hyphenator( 1325): 	at libcore.io.IoBridge.open(IoBridge.java:455)
05-12 17:12:04.423 E/Hyphenator( 1325): 	at java.io.RandomAccessFile.<init>(RandomAccessFile.java:247)
05-12 17:12:04.423 E/Hyphenator( 1325): 	at android.text.Hyphenator.loadHyphenator(Hyphenator.java:118)
05-12 17:12:04.423 E/Hyphenator( 1325): 	at android.text.Hyphenator.init(Hyphenator.java:224)
05-12 17:12:04.423 E/Hyphenator( 1325): 	at com.android.internal.os.ZygoteInit.preloadTextResources(ZygoteInit.java:252)
05-12 17:12:04.423 E/Hyphenator( 1325): 	at com.android.internal.os.ZygoteInit.preload(ZygoteInit.java:206)
05-12 17:12:04.423 E/Hyphenator( 1325): 	at com.android.internal.os.ZygoteInit.main(ZygoteInit.java:743)
05-12 17:12:04.423 E/Hyphenator( 1325): Caused by: android.system.ErrnoException: open failed: ENOENT (No such file or directory)
05-12 17:12:04.423 E/Hyphenator( 1325): 	at libcore.io.Posix.open(Native Method)
05-12 17:12:04.423 E/Hyphenator( 1325): 	at libcore.io.BlockGuardOs.open(BlockGuardOs.java:187)
05-12 17:12:04.423 E/Hyphenator( 1325): 	at libcore.io.IoBridge.open(IoBridge.java:441)
05-12 17:12:04.423 E/Hyphenator( 1325): 	... 6 more
05-12 17:12:04.425 E/Hyphenator( 1325): error loading hyphenation /system/usr/hyphen-data/hyph-mr.hyb
05-12 17:12:04.425 E/Hyphenator( 1325): java.io.FileNotFoundException: /system/usr/hyphen-data/hyph-mr.hyb: open failed: ENOENT (No such file or directory)
05-12 17:12:04.425 E/Hyphenator( 1325): 	at libcore.io.IoBridge.open(IoBridge.java:455)
05-12 17:12:04.425 E/Hyphenator( 1325): 	at java.io.RandomAccessFile.<init>(RandomAccessFile.java:247)
05-12 17:12:04.425 E/Hyphenator( 1325): 	at android.text.Hyphenator.loadHyphenator(Hyphenator.java:118)
05-12 17:12:04.425 E/Hyphenator( 1325): 	at android.text.Hyphenator.init(Hyphenator.java:224)
05-12 17:12:04.425 E/Hyphenator( 1325): 	at com.android.internal.os.ZygoteInit.preloadTextResources(ZygoteInit.java:252)
05-12 17:12:04.425 E/Hyphenator( 1325): 	at com.android.internal.os.ZygoteInit.preload(ZygoteInit.java:206)
05-12 17:12:04.425 E/Hyphenator( 1325): 	at com.android.internal.os.ZygoteInit.main(ZygoteInit.java:743)
05-12 17:12:04.425 E/Hyphenator( 1325): Caused by: android.system.ErrnoException: open failed: ENOENT (No such file or directory)
05-12 17:12:04.425 E/Hyphenator( 1325): 	at libcore.io.Posix.open(Native Method)
05-12 17:12:04.425 E/Hyphenator( 1325): 	at libcore.io.BlockGuardOs.open(BlockGuardOs.java:187)
05-12 17:12:04.425 E/Hyphenator( 1325): 	at libcore.io.IoBridge.open(IoBridge.java:441)
05-12 17:12:04.425 E/Hyphenator( 1325): 	... 6 more
05-12 17:12:04.426 E/Hyphenator( 1325): error loading hyphenation /system/usr/hyphen-data/hyph-nb.hyb
05-12 17:12:04.426 E/Hyphenator( 1325): java.io.FileNotFoundException: /system/usr/hyphen-data/hyph-nb.hyb: open failed: ENOENT (No such file or directory)
05-12 17:12:04.426 E/Hyphenator( 1325): 	at libcore.io.IoBridge.open(IoBridge.java:455)
05-12 17:12:04.426 E/Hyphenator( 1325): 	at java.io.RandomAccessFile.<init>(RandomAccessFile.java:247)
05-12 17:12:04.426 E/Hyphenator( 1325): 	at android.text.Hyphenator.loadHyphenator(Hyphenator.java:118)
05-12 17:12:04.426 E/Hyphenator( 1325): 	at android.text.Hyphenator.init(Hyphenator.java:224)
05-12 17:12:04.426 E/Hyphenator( 1325): 	at com.android.internal.os.ZygoteInit.preloadTextResources(ZygoteInit.java:252)
05-12 17:12:04.426 E/Hyphenator( 1325): 	at com.android.internal.os.ZygoteInit.preload(ZygoteInit.java:206)
05-12 17:12:04.426 E/Hyphenator( 1325): 	at com.android.internal.os.ZygoteInit.main(ZygoteInit.java:743)
05-12 17:12:04.426 E/Hyphenator( 1325): Caused by: android.system.ErrnoException: open failed: ENOENT (No such file or directory)
05-12 17:12:04.426 E/Hyphenator( 1325): 	at libcore.io.Posix.open(Native Method)
05-12 17:12:04.426 E/Hyphenator( 1325): 	at libcore.io.BlockGuardOs.open(BlockGuardOs.java:187)
05-12 17:12:04.426 E/Hyphenator( 1325): 	at libcore.io.IoBridge.open(IoBridge.java:441)
05-12 17:12:04.426 E/Hyphenator( 1325): 	... 6 more
05-12 17:12:04.428 E/Hyphenator( 1325): error loading hyphenation /system/usr/hyphen-data/hyph-nn.hyb
05-12 17:12:04.428 E/Hyphenator( 1325): java.io.FileNotFoundException: /system/usr/hyphen-data/hyph-nn.hyb: open failed: ENOENT (No such file or directory)
05-12 17:12:04.428 E/Hyphenator( 1325): 	at libcore.io.IoBridge.open(IoBridge.java:455)
05-12 17:12:04.428 E/Hyphenator( 1325): 	at java.io.RandomAccessFile.<init>(RandomAccessFile.java:247)
05-12 17:12:04.428 E/Hyphenator( 1325): 	at android.text.Hyphenator.loadHyphenator(Hyphenator.java:118)
05-12 17:12:04.428 E/Hyphenator( 1325): 	at android.text.Hyphenator.init(Hyphenator.java:224)
05-12 17:12:04.428 E/Hyphenator( 1325): 	at com.android.internal.os.ZygoteInit.preloadTextResources(ZygoteInit.java:252)
05-12 17:12:04.428 E/Hyphenator( 1325): 	at com.android.internal.os.ZygoteInit.preload(ZygoteInit.java:206)
05-12 17:12:04.428 E/Hyphenator( 1325): 	at com.android.internal.os.ZygoteInit.main(ZygoteInit.java:743)
05-12 17:12:04.428 E/Hyphenator( 1325): Caused by: android.system.ErrnoException: open failed: ENOENT (No such file or directory)
05-12 17:12:04.428 E/Hyphenator( 1325): 	at libcore.io.Posix.open(Native Method)
05-12 17:12:04.428 E/Hyphenator( 1325): 	at libcore.io.BlockGuardOs.open(BlockGuardOs.java:187)
05-12 17:12:04.428 E/Hyphenator( 1325): 	at libcore.io.IoBridge.open(IoBridge.java:441)
05-12 17:12:04.428 E/Hyphenator( 1325): 	... 6 more
05-12 17:12:04.429 E/Hyphenator( 1325): error loading hyphenation /system/usr/hyphen-data/hyph-or.hyb
05-12 17:12:04.429 E/Hyphenator( 1325): java.io.FileNotFoundException: /system/usr/hyphen-data/hyph-or.hyb: open failed: ENOENT (No such file or directory)
05-12 17:12:04.429 E/Hyphenator( 1325): 	at libcore.io.IoBridge.open(IoBridge.java:455)
05-12 17:12:04.429 E/Hyphenator( 1325): 	at java.io.RandomAccessFile.<init>(RandomAccessFile.java:247)
05-12 17:12:04.429 E/Hyphenator( 1325): 	at android.text.Hyphenator.loadHyphenator(Hyphenator.java:118)
05-12 17:12:04.429 E/Hyphenator( 1325): 	at android.text.Hyphenator.init(Hyphenator.java:224)
05-12 17:12:04.429 E/Hyphenator( 1325): 	at com.android.internal.os.ZygoteInit.preloadTextResources(ZygoteInit.java:252)
05-12 17:12:04.429 E/Hyphenator( 1325): 	at com.android.internal.os.ZygoteInit.preload(ZygoteInit.java:206)
05-12 17:12:04.429 E/Hyphenator( 1325): 	at com.android.internal.os.ZygoteInit.main(ZygoteInit.java:743)
05-12 17:12:04.429 E/Hyphenator( 1325): Caused by: android.system.ErrnoException: open failed: ENOENT (No such file or directory)
05-12 17:12:04.429 E/Hyphenator( 1325): 	at libcore.io.Posix.open(Native Method)
05-12 17:12:04.429 E/Hyphenator( 1325): 	at libcore.io.BlockGuardOs.open(BlockGuardOs.java:187)
05-12 17:12:04.429 E/Hyphenator( 1325): 	at libcore.io.IoBridge.open(IoBridge.java:441)
05-12 17:12:04.429 E/Hyphenator( 1325): 	... 6 more
05-12 17:12:04.475 I/art     ( 1324): Starting a blocking GC Background
05-12 17:12:04.521 E/Hyphenator( 1325): error loading hyphenation /system/usr/hyphen-data/hyph-pa.hyb
05-12 17:12:04.521 E/Hyphenator( 1325): java.io.FileNotFoundException: /system/usr/hyphen-data/hyph-pa.hyb: open failed: ENOENT (No such file or directory)
05-12 17:12:04.521 E/Hyphenator( 1325): 	at libcore.io.IoBridge.open(IoBridge.java:455)
05-12 17:12:04.521 E/Hyphenator( 1325): 	at java.io.RandomAccessFile.<init>(RandomAccessFile.java:247)
05-12 17:12:04.521 E/Hyphenator( 1325): 	at android.text.Hyphenator.loadHyphenator(Hyphenator.java:118)
05-12 17:12:04.521 E/Hyphenator( 1325): 	at android.text.Hyphenator.init(Hyphenator.java:224)
05-12 17:12:04.521 E/Hyphenator( 1325): 	at com.android.internal.os.ZygoteInit.preloadTextResources(ZygoteInit.java:252)
05-12 17:12:04.521 E/Hyphenator( 1325): 	at com.android.internal.os.ZygoteInit.preload(ZygoteInit.java:206)
05-12 17:12:04.521 E/Hyphenator( 1325): 	at com.android.internal.os.ZygoteInit.main(ZygoteInit.java:743)
05-12 17:12:04.521 E/Hyphenator( 1325): Caused by: android.system.ErrnoException: open failed: ENOENT (No such file or directory)
05-12 17:12:04.521 E/Hyphenator( 1325): 	at libcore.io.Posix.open(Native Method)
05-12 17:12:04.521 E/Hyphenator( 1325): 	at libcore.io.BlockGuardOs.open(BlockGuardOs.java:187)
05-12 17:12:04.521 E/Hyphenator( 1325): 	at libcore.io.IoBridge.open(IoBridge.java:441)
05-12 17:12:04.521 E/Hyphenator( 1325): 	... 6 more
05-12 17:12:04.523 E/Hyphenator( 1325): error loading hyphenation /system/usr/hyphen-data/hyph-pt.hyb
05-12 17:12:04.523 E/Hyphenator( 1325): java.io.FileNotFoundException: /system/usr/hyphen-data/hyph-pt.hyb: open failed: ENOENT (No such file or directory)
05-12 17:12:04.523 E/Hyphenator( 1325): 	at libcore.io.IoBridge.open(IoBridge.java:455)
05-12 17:12:04.523 E/Hyphenator( 1325): 	at java.io.RandomAccessFile.<init>(RandomAccessFile.java:247)
05-12 17:12:04.523 E/Hyphenator( 1325): 	at android.text.Hyphenator.loadHyphenator(Hyphenator.java:118)
05-12 17:12:04.523 E/Hyphenator( 1325): 	at android.text.Hyphenator.init(Hyphenator.java:224)
05-12 17:12:04.523 E/Hyphenator( 1325): 	at com.android.internal.os.ZygoteInit.preloadTextResources(ZygoteInit.java:252)
05-12 17:12:04.523 E/Hyphenator( 1325): 	at com.android.internal.os.ZygoteInit.preload(ZygoteInit.java:206)
05-12 17:12:04.523 E/Hyphenator( 1325): 	at com.android.internal.os.ZygoteInit.main(ZygoteInit.java:743)
05-12 17:12:04.523 E/Hyphenator( 1325): Caused by: android.system.ErrnoException: open failed: ENOENT (No such file or directory)
05-12 17:12:04.523 E/Hyphenator( 1325): 	at libcore.io.Posix.open(Native Method)
05-12 17:12:04.523 E/Hyphenator( 1325): 	at libcore.io.BlockGuardOs.open(BlockGuardOs.java:187)
05-12 17:12:04.523 E/Hyphenator( 1325): 	at libcore.io.IoBridge.open(IoBridge.java:441)
05-12 17:12:04.523 E/Hyphenator( 1325): 	... 6 more
05-12 17:12:04.524 E/Hyphenator( 1325): error loading hyphenation /system/usr/hyphen-data/hyph-sl.hyb
05-12 17:12:04.524 E/Hyphenator( 1325): java.io.FileNotFoundException: /system/usr/hyphen-data/hyph-sl.hyb: open failed: ENOENT (No such file or directory)
05-12 17:12:04.524 E/Hyphenator( 1325): 	at libcore.io.IoBridge.open(IoBridge.java:455)
05-12 17:12:04.524 E/Hyphenator( 1325): 	at java.io.RandomAccessFile.<init>(RandomAccessFile.java:247)
05-12 17:12:04.524 E/Hyphenator( 1325): 	at android.text.Hyphenator.loadHyphenator(Hyphenator.java:118)
05-12 17:12:04.524 E/Hyphenator( 1325): 	at android.text.Hyphenator.init(Hyphenator.java:224)
05-12 17:12:04.524 E/Hyphenator( 1325): 	at com.android.internal.os.ZygoteInit.preloadTextResources(ZygoteInit.java:252)
05-12 17:12:04.524 E/Hyphenator( 1325): 	at com.android.internal.os.ZygoteInit.preload(ZygoteInit.java:206)
05-12 17:12:04.524 E/Hyphenator( 1325): 	at com.android.internal.os.ZygoteInit.main(ZygoteInit.java:743)
05-12 17:12:04.524 E/Hyphenator( 1325): Caused by: android.system.ErrnoException: open failed: ENOENT (No such file or directory)
05-12 17:12:04.524 E/Hyphenator( 1325): 	at libcore.io.Posix.open(Native Method)
05-12 17:12:04.524 E/Hyphenator( 1325): 	at libcore.io.BlockGuardOs.open(BlockGuardOs.java:187)
05-12 17:12:04.524 E/Hyphenator( 1325): 	at libcore.io.IoBridge.open(IoBridge.java:441)
05-12 17:12:04.524 E/Hyphenator( 1325): 	... 6 more
05-12 17:12:04.526 E/Hyphenator( 1325): error loading hyphenation /system/usr/hyphen-data/hyph-ta.hyb
05-12 17:12:04.526 E/Hyphenator( 1325): java.io.FileNotFoundException: /system/usr/hyphen-data/hyph-ta.hyb: open failed: ENOENT (No such file or directory)
05-12 17:12:04.526 E/Hyphenator( 1325): 	at libcore.io.IoBridge.open(IoBridge.java:455)
05-12 17:12:04.526 E/Hyphenator( 1325): 	at java.io.RandomAccessFile.<init>(RandomAccessFile.java:247)
05-12 17:12:04.526 E/Hyphenator( 1325): 	at android.text.Hyphenator.loadHyphenator(Hyphenator.java:118)
05-12 17:12:04.526 E/Hyphenator( 1325): 	at android.text.Hyphenator.init(Hyphenator.java:224)
05-12 17:12:04.526 E/Hyphenator( 1325): 	at com.android.internal.os.ZygoteInit.preloadTextResources(ZygoteInit.java:252)
05-12 17:12:04.526 E/Hyphenator( 1325): 	at com.android.internal.os.ZygoteInit.preload(ZygoteInit.java:206)
05-12 17:12:04.526 E/Hyphenator( 1325): 	at com.android.internal.os.ZygoteInit.main(ZygoteInit.java:743)
05-12 17:12:04.526 E/Hyphenator( 1325): Caused by: android.system.ErrnoException: open failed: ENOENT (No such file or directory)
05-12 17:12:04.526 E/Hyphenator( 1325): 	at libcore.io.Posix.open(Native Method)
05-12 17:12:04.526 E/Hyphenator( 1325): 	at libcore.io.BlockGuardOs.open(BlockGuardOs.java:187)
05-12 17:12:04.526 E/Hyphenator( 1325): 	at libcore.io.IoBridge.open(IoBridge.java:441)
05-12 17:12:04.526 E/Hyphenator( 1325): 	... 6 more
05-12 17:12:04.527 E/Hyphenator( 1325): error loading hyphenation /system/usr/hyphen-data/hyph-te.hyb
05-12 17:12:04.527 E/Hyphenator( 1325): java.io.FileNotFoundException: /system/usr/hyphen-data/hyph-te.hyb: open failed: ENOENT (No such file or directory)
05-12 17:12:04.527 E/Hyphenator( 1325): 	at libcore.io.IoBridge.open(IoBridge.java:455)
05-12 17:12:04.527 E/Hyphenator( 1325): 	at java.io.RandomAccessFile.<init>(RandomAccessFile.java:247)
05-12 17:12:04.527 E/Hyphenator( 1325): 	at android.text.Hyphenator.loadHyphenator(Hyphenator.java:118)
05-12 17:12:04.527 E/Hyphenator( 1325): 	at android.text.Hyphenator.init(Hyphenator.java:224)
05-12 17:12:04.527 E/Hyphenator( 1325): 	at com.android.internal.os.ZygoteInit.preloadTextResources(ZygoteInit.java:252)
05-12 17:12:04.527 E/Hyphenator( 1325): 	at com.android.internal.os.ZygoteInit.preload(ZygoteInit.java:206)
05-12 17:12:04.527 E/Hyphenator( 1325): 	at com.android.internal.os.ZygoteInit.main(ZygoteInit.java:743)
05-12 17:12:04.527 E/Hyphenator( 1325): Caused by: android.system.ErrnoException: open failed: ENOENT (No such file or directory)
05-12 17:12:04.527 E/Hyphenator( 1325): 	at libcore.io.Posix.open(Native Method)
05-12 17:12:04.527 E/Hyphenator( 1325): 	at libcore.io.BlockGuardOs.open(BlockGuardOs.java:187)
05-12 17:12:04.527 E/Hyphenator( 1325): 	at libcore.io.IoBridge.open(IoBridge.java:441)
05-12 17:12:04.527 E/Hyphenator( 1325): 	... 6 more
05-12 17:12:04.529 E/Hyphenator( 1325): error loading hyphenation /system/usr/hyphen-data/hyph-tk.hyb
05-12 17:12:04.529 E/Hyphenator( 1325): java.io.FileNotFoundException: /system/usr/hyphen-data/hyph-tk.hyb: open failed: ENOENT (No such file or directory)
05-12 17:12:04.529 E/Hyphenator( 1325): 	at libcore.io.IoBridge.open(IoBridge.java:455)
05-12 17:12:04.529 E/Hyphenator( 1325): 	at java.io.RandomAccessFile.<init>(RandomAccessFile.java:247)
05-12 17:12:04.529 E/Hyphenator( 1325): 	at android.text.Hyphenator.loadHyphenator(Hyphenator.java:118)
05-12 17:12:04.529 E/Hyphenator( 1325): 	at android.text.Hyphenator.init(Hyphenator.java:224)
05-12 17:12:04.529 E/Hyphenator( 1325): 	at com.android.internal.os.ZygoteInit.preloadTextResources(ZygoteInit.java:252)
05-12 17:12:04.529 E/Hyphenator( 1325): 	at com.android.internal.os.ZygoteInit.preload(ZygoteInit.java:206)
05-12 17:12:04.529 E/Hyphenator( 1325): 	at com.android.internal.os.ZygoteInit.main(ZygoteInit.java:743)
05-12 17:12:04.529 E/Hyphenator( 1325): Caused by: android.system.ErrnoException: open failed: ENOENT (No such file or directory)
05-12 17:12:04.529 E/Hyphenator( 1325): 	at libcore.io.Posix.open(Native Method)
05-12 17:12:04.529 E/Hyphenator( 1325): 	at libcore.io.BlockGuardOs.open(BlockGuardOs.java:187)
05-12 17:12:04.529 E/Hyphenator( 1325): 	at libcore.io.IoBridge.open(IoBridge.java:441)
05-12 17:12:04.529 E/Hyphenator( 1325): 	... 6 more
05-12 17:12:04.581 W/art     ( 1325): Suspending all threads took: 49.081ms
05-12 17:12:04.589 E/Hyphenator( 1325): error loading hyphenation /system/usr/hyphen-data/hyph-und-ethi.hyb
05-12 17:12:04.589 E/Hyphenator( 1325): java.io.FileNotFoundException: /system/usr/hyphen-data/hyph-und-ethi.hyb: open failed: ENOENT (No such file or directory)
05-12 17:12:04.589 E/Hyphenator( 1325): 	at libcore.io.IoBridge.open(IoBridge.java:455)
05-12 17:12:04.589 E/Hyphenator( 1325): 	at java.io.RandomAccessFile.<init>(RandomAccessFile.java:247)
05-12 17:12:04.589 E/Hyphenator( 1325): 	at android.text.Hyphenator.loadHyphenator(Hyphenator.java:118)
05-12 17:12:04.589 E/Hyphenator( 1325): 	at android.text.Hyphenator.init(Hyphenator.java:224)
05-12 17:12:04.589 E/Hyphenator( 1325): 	at com.android.internal.os.ZygoteInit.preloadTextResources(ZygoteInit.java:252)
05-12 17:12:04.589 E/Hyphenator( 1325): 	at com.android.internal.os.ZygoteInit.preload(ZygoteInit.java:206)
05-12 17:12:04.589 E/Hyphenator( 1325): 	at com.android.internal.os.ZygoteInit.main(ZygoteInit.java:743)
05-12 17:12:04.589 E/Hyphenator( 1325): Caused by: android.system.ErrnoException: open failed: ENOENT (No such file or directory)
05-12 17:12:04.589 E/Hyphenator( 1325): 	at libcore.io.Posix.open(Native Method)
05-12 17:12:04.589 E/Hyphenator( 1325): 	at libcore.io.BlockGuardOs.open(BlockGuardOs.java:187)
05-12 17:12:04.589 E/Hyphenator( 1325): 	at libcore.io.IoBridge.open(IoBridge.java:441)
05-12 17:12:04.589 E/Hyphenator( 1325): 	... 6 more
05-12 17:12:04.634 I/art     ( 1324): Background concurrent mark sweep GC freed 85(3KB) AllocSpace objects, 0(0B) LOS objects, 39% free, 6MB/10MB, paused 184us total 158.345ms
05-12 17:12:04.658 I/art     ( 1325): Background sticky concurrent mark sweep GC freed 10152(851KB) AllocSpace objects, 3(120KB) LOS objects, 9% free, 6MB/6MB, paused 50.092ms total 328.020ms
05-12 17:12:04.769 V/NatController( 1336): runCmd(/system/bin/ip6tables -w -F natctrl_FORWARD) res=0
05-12 17:12:05.022 I/Zygote  ( 1324): System server process 1766 has been created
05-12 17:12:05.027 I/Zygote  ( 1324): Accepting command socket connections
05-12 17:12:05.224 I/Zygote  ( 1325): Uninstalled ICU cache reference pinning...
05-12 17:12:05.300 V/NatController( 1336): runCmd(/system/bin/iptables -w -A natctrl_FORWARD -j DROP) res=0
05-12 17:12:05.401 I/Zygote  ( 1325): Installed AndroidKeyStoreProvider in 176ms.
05-12 17:12:05.531 V/NatController( 1336): runCmd(/system/bin/iptables -w -t nat -F natctrl_nat_POSTROUTING) res=0
05-12 17:12:05.821 V/NatController( 1336): runCmd(/system/bin/ip6tables -w -t raw -F natctrl_raw_PREROUTING) res=0
05-12 17:12:06.230 I/Zygote  ( 1325): Warmed up JCA providers in 828ms.
05-12 17:12:06.278 D/Zygote  ( 1325): end preload
05-12 17:12:06.279 I/art     ( 1325): Starting a blocking GC Explicit
05-12 17:12:06.300 V/NatController( 1336): runCmd(/system/bin/iptables -w -F natctrl_tether_counters) res=1
05-12 17:12:06.499 I/art     ( 1325): Explicit concurrent mark sweep GC freed 7663(425KB) AllocSpace objects, 4(164KB) LOS objects, 39% free, 6MB/10MB, paused 321us total 219.282ms
05-12 17:12:06.551 I/art     ( 1325): Starting a blocking GC Explicit
05-12 17:12:06.655 I/art     ( 1325): Explicit concurrent mark sweep GC freed 64(2224B) AllocSpace objects, 0(0B) LOS objects, 39% free, 6MB/10MB, paused 331us total 103.092ms
05-12 17:12:06.658 I/Zygote  ( 1325): Accepting command socket connections
05-12 17:12:06.712 I/Zygote  ( 1766): Process: zygote socket opened, supported ABIS: x86
05-12 17:12:06.717 I/InstallerConnection( 1766): connecting...
05-12 17:12:06.719 I/        ( 1329): new connection
05-12 17:12:06.830 V/NatController( 1336): runCmd(/system/bin/ip6tables -w -F natctrl_tether_counters) res=1
05-12 17:12:07.017 V/NatController( 1336): runCmd(/system/bin/iptables -w -X natctrl_tether_counters) res=1
05-12 17:12:07.212 V/NatController( 1336): runCmd(/system/bin/ip6tables -w -X natctrl_tether_counters) res=1
05-12 17:12:07.271 I/InstallerConnection( 1766): disconnecting...
05-12 17:12:07.271 E/        ( 1329): eof
05-12 17:12:07.271 E/        ( 1329): failed to read size
05-12 17:12:07.271 I/        ( 1329): closing connection
05-12 17:12:07.381 V/NatController( 1336): runCmd(/system/bin/iptables -w -N natctrl_tether_counters) res=0
05-12 17:12:07.531 V/NatController( 1336): runCmd(/system/bin/ip6tables -w -N natctrl_tether_counters) res=0
05-12 17:12:07.741 V/NatController( 1336): runCmd(/system/bin/iptables -w -t mangle -A natctrl_mangle_FORWARD -p tcp --tcp-flags SYN SYN -j TCPMSS --clamp-mss-to-pmtu) res=0
05-12 17:12:08.672 I/SystemServer( 1766): Entered the Android system server!
05-12 17:12:11.080 I/SystemServiceManager( 1766): Starting com.android.server.pm.Installer
05-12 17:12:11.200 I/Installer( 1766): Waiting for installd to be ready.
05-12 17:12:11.201 I/InstallerConnection( 1766): connecting...
05-12 17:12:11.206 I/        ( 1329): new connection
05-12 17:12:11.209 I/SystemServiceManager( 1766): Starting com.android.server.am.ActivityManagerService$Lifecycle
05-12 17:12:11.644 I/ActivityManager( 1766): Memory class: 256
05-12 17:12:11.727 I/ServiceThread( 1766): Enabled StrictMode logging for ActivityManager looper.
05-12 17:12:11.801 I/ServiceThread( 1766): Enabled StrictMode logging for android.ui looper.
05-12 17:12:12.007 E/Netd    ( 1336): cannot find interface dummy0
05-12 17:12:12.050 D/MDnsDS  ( 1336): MDnsSdListener::Hander starting up
05-12 17:12:12.116 D/MDnsDS  ( 1336): MDnsSdListener starting to monitor
05-12 17:12:12.116 D/MDnsDS  ( 1336): Going to poll with pollCount 1
05-12 17:12:12.166 D/BatteryStatsImpl( 1766): Reading daily items from /data/system/batterystats-daily.xml
05-12 17:12:13.431 W/ProcessCpuTracker( 1766): Skipping unknown process pid 1825
05-12 17:12:13.531 I/IntentFirewall( 1766): Read new rules (A:0 B:0 S:0)
05-12 17:12:13.642 I/ServiceThread( 1766): Enabled StrictMode logging for android.display looper.
05-12 17:12:13.781 D/AppOps  ( 1766): AppOpsService published
05-12 17:12:13.782 I/SystemServiceManager( 1766): Starting com.android.server.power.PowerManagerService
05-12 17:12:13.852 I/ServiceThread( 1766): Enabled StrictMode logging for PowerManagerService looper.
05-12 17:12:13.858 E/PowerManagerService-JNI( 1766): Couldn't load power module (No such file or directory)
05-12 17:12:13.858 W/libsuspend( 1766): Error writing 'on' to /sys/power/state: Invalid argument
05-12 17:12:13.859 I/libsuspend( 1766): Selected wakeup count
05-12 17:12:13.902 I/SystemServiceManager( 1766): Starting com.android.server.lights.LightsService
05-12 17:12:14.000 I/SystemServiceManager( 1766): Starting com.android.server.display.DisplayManagerService
05-12 17:12:14.038 I/SystemServiceManager( 1766): Starting phase 100
05-12 17:12:14.084 E/SurfaceFlinger( 1321): ro.sf.lcd_density must be defined as a build property
05-12 17:12:14.185 I/DisplayManagerService( 1766): Display device added: DisplayDeviceInfo{"Built-in Screen": uniqueId="local:0", 1080 x 1920, modeId 1, defaultModeId 1, supportedModes [{id=1, width=1080, height=1920, fps=60.000004}], colorMode 0, supportedColorModes [0], HdrCapabilities android.view.Display$HdrCapabilities@a69d6308, density 480, 480.0 x 480.0 dpi, appVsyncOff 1000000, presDeadline 16666666, touch INTERNAL, rotation 0, type BUILT_IN, state UNKNOWN, FLAG_DEFAULT_DISPLAY, FLAG_ROTATES_WITH_CONTENT, FLAG_SECURE, FLAG_SUPPORTS_PROTECTED_BUFFERS}
05-12 17:12:14.189 D/SurfaceFlinger( 1321): Set power mode=2, type=0 flinger=0x7ebcf0e47000
05-12 17:12:14.189 D/SurfaceFlinger( 1321): Screen type=0 is already mode=2
05-12 17:12:14.197 I/SystemServer( 1766): StartPackageManagerService
05-12 17:12:14.199 I/DisplayManagerService( 1766): Display device changed state: "Built-in Screen", ON
05-12 17:12:14.703 W/SystemConfig( 1766): No directory /system/etc/sysconfig, skipping
05-12 17:12:15.071 D/SELinuxMMAC( 1766): Using policy file /system/etc/security/mac_permissions.xml
05-12 17:12:16.336 E/art     ( 1766): DexFile_getDexOptNeeded file '/system/framework/org.apache.http.legacy.jar' does not exist
05-12 17:12:16.338 W/PackageManager( 1766): Library not found: /system/framework/org.apache.http.legacy.jar
05-12 17:12:16.574 E/art     ( 1766): DexFile_getDexOptNeeded file '/system/framework/org.apache.http.legacy.jar' does not exist
05-12 17:12:16.575 W/PackageManager( 1766): Library not found: /system/framework/org.apache.http.legacy.jar
05-12 17:12:16.611 D/PackageManager( 1766): No files in app dir /vendor/overlay
05-12 17:12:17.435 W/PackageManager( 1766): Failed to parse /system/framework/oat: Missing base APK in /system/framework/oat
05-12 17:12:17.439 W/PackageManager( 1766): Failed to parse /system/framework/x86: Missing base APK in /system/framework/x86
05-12 17:12:17.458 W/PackageManager( 1766): Failed to parse /system/framework/x86_64: Missing base APK in /system/framework/x86_64
05-12 17:12:18.757 W/PackageParser( 1766): No actions in intent filter at /system/priv-app/Contacts/Contacts.apk Binary XML file line #409
05-12 17:12:19.487 W/PackageParser( 1766): No actions in intent filter at /system/priv-app/Dialer/Dialer.apk Binary XML file line #186
05-12 17:12:20.046 W/PackageManager( 1766): Permission android.permission.DOWNLOAD_WITHOUT_NOTIFICATION from package com.android.providers.downloads in an unknown group android.permission-group.NETWORK
05-12 17:12:22.626 W/PackageParser( 1766): Ignoring duplicate uses-permissions/uses-permissions-sdk-m: android.permission.USE_CREDENTIALS in package: com.android.settings at: Binary XML file line #53
05-12 17:12:22.627 W/PackageParser( 1766): Ignoring duplicate uses-permissions/uses-permissions-sdk-m: android.permission.READ_SYNC_SETTINGS in package: com.android.settings at: Binary XML file line #58
05-12 17:12:22.627 W/PackageParser( 1766): Ignoring duplicate uses-permissions/uses-permissions-sdk-m: android.permission.WRITE_SYNC_SETTINGS in package: com.android.settings at: Binary XML file line #59
05-12 17:12:24.076 W/PackageParser( 1766): Ignoring duplicate uses-permissions/uses-permissions-sdk-m: android.permission.INSTALL_GRANT_RUNTIME_PERMISSIONS in package: com.android.shell at: Binary XML file line #102
05-12 17:12:25.186 W/PackageParser( 1766): Ignoring duplicate uses-permissions/uses-permissions-sdk-m: android.permission.CONFIGURE_WIFI_DISPLAY in package: com.android.systemui at: Binary XML file line #123
05-12 17:12:25.941 W/art     ( 1766): Suspending all threads took: 9.663ms
05-12 17:12:26.109 I/art     ( 1766): Background sticky concurrent mark sweep GC freed 33284(2MB) AllocSpace objects, 20(416KB) LOS objects, 31% free, 6MB/10MB, paused 12.174ms total 381.261ms
05-12 17:12:27.362 W/PackageManager( 1766): Non-privileged app; cap priority to 0; package: com.android.calendar activity: com.android.calendar.GoogleCalendarUriIntentFilter origPrio: 50
05-12 17:12:27.591 W/PackageManager( 1766): Non-privileged app; cap priority to 0; package: com.android.cts.ctsshim activity: com.android.cts.ctsshim.InstallPriority origPrio: 100
05-12 17:12:27.591 W/PackageManager( 1766): Non-privileged app; cap priority to 0; package: com.android.cts.ctsshim activity: com.android.cts.ctsshim.InstallPriority origPrio: 100
05-12 17:12:27.591 W/PackageManager( 1766): Non-privileged app; cap priority to 0; package: com.android.cts.ctsshim activity: com.android.cts.ctsshim.InstallPriority origPrio: 100
05-12 17:12:27.591 W/PackageManager( 1766): Non-privileged app; cap priority to 0; package: com.android.cts.ctsshim activity: com.android.cts.ctsshim.InstallPriority origPrio: 100
05-12 17:12:27.591 W/PackageManager( 1766): Non-privileged app; cap priority to 0; package: com.android.cts.ctsshim activity: com.android.cts.ctsshim.InstallPriority origPrio: 100
05-12 17:12:29.002 W/PackageParser( 1766): Ignoring duplicate uses-permissions/uses-permissions-sdk-m: android.permission.WRITE_CONTACTS in package: com.android.email at: Binary XML file line #40
05-12 17:12:29.974 W/PackageParser( 1766): Unknown element under <application>: permission at /system/app/Gallery2/Gallery2.apk Binary XML file line #238
05-12 17:12:29.974 W/PackageParser( 1766): Unknown element under <application>: permission at /system/app/Gallery2/Gallery2.apk Binary XML file line #241
05-12 17:12:31.413 W/PackageManager( 1766): Permission com.android.launcher3.permission.READ_SETTINGS from package com.android.launcher3 in an unknown group android.permission-group.SYSTEM_TOOLS
05-12 17:12:31.413 W/PackageManager( 1766): Permission com.android.launcher3.permission.WRITE_SETTINGS from package com.android.launcher3 in an unknown group android.permission-group.SYSTEM_TOOLS
05-12 17:12:31.413 W/PackageManager( 1766): Permission com.android.launcher.permission.INSTALL_SHORTCUT from package com.android.launcher3 in an unknown group android.permission-group.SYSTEM_TOOLS
05-12 17:12:34.314 D/PackageManager( 1766): No files in app dir /system/vendor/app
05-12 17:12:34.315 D/PackageManager( 1766): No files in app dir /oem/app
05-12 17:12:35.411 W/PackageParser( 1766): No actions in intent filter at /data/app/ApiDemos/ApiDemos.apk Binary XML file line #3145
05-12 17:12:35.411 W/PackageParser( 1766): No actions in intent filter at /data/app/ApiDemos/ApiDemos.apk Binary XML file line #3151
05-12 17:12:35.431 W/PackageManager( 1766): Package com.example.android.apis desires unavailable shared library com.example.will.never.exist; ignoring!
05-12 17:12:35.452 I/SELinux ( 1766): SELinux: Loaded file_contexts contexts from /file_contexts.bin.
05-12 17:12:35.785 D/PackageManager( 1766): No files in app dir /data/app-private
05-12 17:12:35.790 D/PackageManager( 1766): No files in app dir /data/app-ephemeral
05-12 17:12:35.798 E/PackageManager( 1766): There should probably be exactly one setup wizard; found 0: matches=[]
05-12 17:12:35.799 W/PackageManager( 1766): Protected action; cap priority to 0; package: com.android.cts.priv.ctsshim activity: com.android.cts.priv.ctsshim.InstallPriority origPrio: 100
05-12 17:12:35.799 W/PackageManager( 1766): Protected action; cap priority to 0; package: com.android.cts.priv.ctsshim activity: com.android.cts.priv.ctsshim.InstallPriority origPrio: 100
05-12 17:12:35.799 W/PackageManager( 1766): Protected action; cap priority to 0; package: com.android.cts.priv.ctsshim activity: com.android.cts.priv.ctsshim.InstallPriority origPrio: 100
05-12 17:12:35.799 W/PackageManager( 1766): Protected action; cap priority to 0; package: com.android.cts.priv.ctsshim activity: com.android.cts.priv.ctsshim.InstallPriority origPrio: 100
05-12 17:12:35.799 W/PackageManager( 1766): Protected action; cap priority to 0; package: com.android.packageinstaller activity: com.android.packageinstaller.PackageInstallerActivity origPrio: 1
05-12 17:12:35.811 W/PackageManager( 1766): Package com.android.camera desires unavailable shared library com.google.android.media.effects; ignoring!
05-12 17:12:35.811 W/PackageManager( 1766): Package com.android.gallery3d desires unavailable shared library com.google.android.media.effects; ignoring!
05-12 17:12:35.811 W/PackageManager( 1766): Package com.android.gallery3d desires unavailable shared library com.google.android.media.effects; ignoring!
05-12 17:12:35.811 W/PackageManager( 1766): Package com.example.android.apis desires unavailable shared library com.example.will.never.exist; ignoring!
05-12 17:12:35.812 I/PackageManager( 1766): Adjusting ABI for com.android.providers.downloads.ui to x86_64 (requirer=com.android.mtp, scannedPackage=null)
05-12 17:12:35.819 I/PackageManager( 1766): Adjusting ABI for com.android.providers.media to x86_64 (requirer=com.android.mtp, scannedPackage=null)
05-12 17:12:35.873 I/PackageManager( 1766): Adjusting ABI for com.android.providers.downloads to x86_64 (requirer=com.android.mtp, scannedPackage=null)
05-12 17:12:35.875 I/PackageManager( 1766): Adjusting ABI for com.android.settings to x86_64 (requirer=android, scannedPackage=null)
05-12 17:12:35.877 I/PackageManager( 1766): Adjusting ABI for com.android.keychain to x86_64 (requirer=android, scannedPackage=null)
05-12 17:12:35.878 I/PackageManager( 1766): Adjusting ABI for com.android.providers.settings to x86_64 (requirer=android, scannedPackage=null)
05-12 17:12:35.890 I/PackageManager( 1766): Adjusting ABI for com.android.server.telecom to x86_64 (requirer=android, scannedPackage=null)
05-12 17:12:35.892 I/PackageManager( 1766): Adjusting ABI for com.android.wallpaperbackup to x86_64 (requirer=android, scannedPackage=null)
05-12 17:12:35.894 I/PackageManager( 1766): Adjusting ABI for com.android.location.fused to x86_64 (requirer=android, scannedPackage=null)
05-12 17:12:35.896 I/PackageManager( 1766): Adjusting ABI for com.android.inputdevices to x86_64 (requirer=android, scannedPackage=null)
05-12 17:12:35.922 I/PackageManager( 1766): Time to scan packages: 19.8 seconds
05-12 17:12:35.925 W/PackageManager( 1766): Unknown permission com.google.android.googleapps.permission.GOOGLE_AUTH in package com.android.providers.calendar
05-12 17:12:35.925 W/PackageManager( 1766): Unknown permission com.google.android.googleapps.permission.GOOGLE_AUTH.cl in package com.android.providers.calendar
05-12 17:12:35.926 W/PackageManager( 1766): Not granting permission android.permission.GLOBAL_SEARCH to package com.android.quicksearchbox (protectionLevel=18 flags=0x3808be45)
05-12 17:12:35.928 W/PackageManager( 1766): Not granting permission android.permission.WRITE_EXTERNAL_STORAGE to package gov.nasa.arc.astrobee.android.gs.manager because it was previously installed without
05-12 17:12:35.928 W/PackageManager( 1766): Not granting permission android.permission.READ_EXTERNAL_STORAGE to package gov.nasa.arc.astrobee.android.gs.manager because it was previously installed without
05-12 17:12:35.928 W/PackageManager( 1766): Unknown permission com.android.launcher.permission.READ_SETTINGS in package com.android.launcher3
05-12 17:12:35.928 W/PackageManager( 1766): Unknown permission com.android.launcher.permission.WRITE_SETTINGS in package com.android.launcher3
05-12 17:12:35.929 W/PackageManager( 1766): Not granting permission android.permission.BIND_APPWIDGET to package com.android.launcher3 (protectionLevel=18 flags=0x3c4bbe45)
05-12 17:12:35.929 W/PackageManager( 1766): Unknown permission com.google.android.googleapps.permission.GOOGLE_AUTH.mail in package com.android.calendar
05-12 17:12:35.929 W/PackageManager( 1766): Unknown permission com.google.android.providers.settings.permission.WRITE_GSETTINGS in package com.android.sdksetup
05-12 17:12:35.964 W/PackageManager( 1766): Unknown permission com.google.android.permission.INSTALL_WEARABLE_PACKAGES in package com.android.packageinstaller
05-12 17:12:35.964 W/PackageManager( 1766): Not granting permission android.permission.DELETE_PACKAGES to package com.svox.pico (protectionLevel=18 flags=0x3808be45)
05-12 17:12:35.964 W/PackageManager( 1766): Not granting permission android.permission.READ_CONTACTS to package com.example.android.apis because it was previously installed without
05-12 17:12:35.965 W/PackageManager( 1766): Not granting permission android.permission.WRITE_CONTACTS to package com.example.android.apis because it was previously installed without
05-12 17:12:35.965 W/PackageManager( 1766): Not granting permission android.permission.ACCESS_COARSE_LOCATION to package com.example.android.apis because it was previously installed without
05-12 17:12:35.965 W/PackageManager( 1766): Not granting permission android.permission.WRITE_EXTERNAL_STORAGE to package com.example.android.apis because it was previously installed without
05-12 17:12:35.965 W/PackageManager( 1766): Not granting permission android.permission.SEND_SMS to package com.example.android.apis because it was previously installed without
05-12 17:12:35.965 W/PackageManager( 1766): Not granting permission android.permission.RECEIVE_SMS to package com.example.android.apis because it was previously installed without
05-12 17:12:35.965 W/PackageManager( 1766): Not granting permission android.permission.RECEIVE_MMS to package com.example.android.apis because it was previously installed without
05-12 17:12:35.965 W/PackageManager( 1766): Not granting permission android.permission.READ_SMS to package com.example.android.apis because it was previously installed without
05-12 17:12:35.965 W/PackageManager( 1766): Not granting permission android.permission.READ_PHONE_STATE to package com.example.android.apis because it was previously installed without
05-12 17:12:35.965 W/PackageManager( 1766): Not granting permission android.permission.RECORD_AUDIO to package com.example.android.apis because it was previously installed without
05-12 17:12:35.965 W/PackageManager( 1766): Not granting permission android.permission.CAMERA to package com.example.android.apis because it was previously installed without
05-12 17:12:35.965 W/PackageManager( 1766): Not granting permission android.permission.READ_EXTERNAL_STORAGE to package com.example.android.apis because it was previously installed without
05-12 17:12:35.966 W/PackageManager( 1766): Unknown permission android.permission.RUN_INSTRUMENTATION in package org.chromium.webview_shell
05-12 17:12:35.966 W/PackageManager( 1766): Unknown permission com.google.android.googleapps.permission.GOOGLE_AUTH in package com.android.settings
05-12 17:12:35.966 W/PackageManager( 1766): Unknown permission com.android.launcher.permission.READ_SETTINGS in package com.android.settings
05-12 17:12:35.966 W/PackageManager( 1766): Unknown permission com.android.launcher.permission.WRITE_SETTINGS in package com.android.settings
05-12 17:12:35.967 W/PackageManager( 1766): Unknown permission com.android.smspush.WAPPUSH_MANAGER_BIND in package com.android.phone
05-12 17:12:35.984 W/PackageManager( 1766): Unknown permission com.google.android.googleapps.permission.ACCESS_GOOGLE_PASSWORD in package com.android.development
05-12 17:12:35.984 W/PackageManager( 1766): Unknown permission com.google.android.googleapps.permission.GOOGLE_AUTH in package com.android.development
05-12 17:12:35.985 W/PackageManager( 1766): Unknown permission com.google.android.googleapps.permission.GOOGLE_AUTH.ALL_SERVICES in package com.android.development
05-12 17:12:35.985 W/PackageManager( 1766): Unknown permission com.google.android.googleapps.permission.GOOGLE_AUTH.YouTubeUser in package com.android.development
05-12 17:12:35.985 W/PackageManager( 1766): Not granting permission android.permission.BIND_APPWIDGET to package com.android.widgetpreview (protectionLevel=18 flags=0x3808be44)
05-12 17:12:35.986 V/PackageManager( 1766): reconcileAppsData for null u0 0x3
05-12 17:12:36.108 I/SELinux ( 1329): SELinux: Loaded file_contexts contexts from /file_contexts.bin.
05-12 17:12:41.103 V/PackageManager( 1766): reconcileAppsData finished 81 packages
05-12 17:12:41.527 E/PackageManager( 1766): There should probably be a verifier, but, none were found
05-12 17:12:41.729 W/PackageInstaller( 1766): Abandoning old session first created at 1616675837967
05-12 17:12:41.732 W/PackageInstaller( 1766): Deleting orphan stage /data/app/vmdl1539828231.tmp
05-12 17:12:41.763 D/PackageManager( 1766): Ephemeral resolver NOT found; no matching intent filters
05-12 17:12:41.764 I/PackageManager( 1766): Ephemeral deactivated; missing resolver and installer
05-12 17:12:41.767 I/art     ( 1766): Starting a blocking GC Explicit
05-12 17:12:41.782 W/art     ( 1766): Long monitor contention with owner main (1766) at int android.net.LocalSocketImpl.readba_native(byte[], int, int, java.io.FileDescriptor)(LocalSocketImpl.java:-2) waiters=0 in void com.android.server.pm.Settings$RuntimePermissionPersistence.writePermissionsSync(int) for 5.387s
05-12 17:12:41.953 I/art     ( 1766): Explicit concurrent mark sweep GC freed 38016(2MB) AllocSpace objects, 4(80KB) LOS objects, 33% free, 7MB/10MB, paused 1.660ms total 171.733ms
05-12 17:12:41.975 I/SystemServer( 1766): StartOtaDexOptService
05-12 17:12:42.021 I/SystemServer( 1766): StartUserManagerService
05-12 17:12:42.022 I/SystemServiceManager( 1766): Starting com.android.server.pm.UserManagerService$LifeCycle
05-12 17:12:42.172 I/lowmemorykiller( 1319): ActivityManager connected
05-12 17:12:42.204 D/SensorService( 1766): nuSensorService starting...
05-12 17:12:42.360 D/SensorService( 1766): nuSensorService thread starting...
05-12 17:12:42.383 I/SystemServiceManager( 1766): Starting com.android.server.BatteryService
05-12 17:12:42.412 D/SensorService( 1766): new thread SensorEventAckReceiver
05-12 17:12:42.511 I/SystemServiceManager( 1766): Starting com.android.server.usage.UsageStatsService
05-12 17:12:42.842 I/SystemServiceManager( 1766): Starting com.android.server.webkit.WebViewUpdateService
05-12 17:12:42.932 I/SystemServer( 1766): Reading configuration...
05-12 17:12:42.933 I/SystemServer( 1766): StartSchedulingPolicyService
05-12 17:12:42.961 I/SystemServiceManager( 1766): Starting com.android.server.telecom.TelecomLoaderService
05-12 17:12:42.962 I/SystemServer( 1766): StartTelephonyRegistry
05-12 17:12:43.076 I/SystemServer( 1766): StartEntropyMixer
05-12 17:12:43.093 I/EntropyMixer( 1766): Writing entropy...
05-12 17:12:43.183 I/SystemServer( 1766): Camera Service
05-12 17:12:43.191 I/SystemServiceManager( 1766): Starting com.android.server.camera.CameraService
05-12 17:12:43.254 I/ServiceThread( 1766): Enabled StrictMode logging for CameraService_proxy looper.
05-12 17:12:43.259 I/SystemServer( 1766): StartAccountManagerService
05-12 17:12:43.296 I/SystemServiceManager( 1766): Starting com.android.server.accounts.AccountManagerService$Lifecycle
05-12 17:12:43.377 I/SystemServer( 1766): StartContentService
05-12 17:12:43.380 I/SystemServiceManager( 1766): Starting com.android.server.content.ContentService$Lifecycle
05-12 17:12:43.461 I/SystemServer( 1766): InstallSystemProviders
05-12 17:12:43.547 W/System  ( 1766): ClassLoader referenced unknown path: /system/priv-app/SettingsProvider/lib/x86_64
05-12 17:12:43.839 I/SystemServer( 1766): StartVibratorService
05-12 17:12:43.898 E/VibratorService( 1766): Couldn't load vibrator module (No such file or directory)
05-12 17:12:43.898 W/VibratorService( 1766): Tried to stop vibrating but there is no vibrator device.
05-12 17:12:43.914 I/SystemServer( 1766): StartConsumerIrService
05-12 17:12:43.916 E/ConsumerIrService( 1766): Can't open consumer IR HW Module, error: -2
05-12 17:12:43.922 I/SystemServer( 1766): StartAlarmManagerService
05-12 17:12:43.922 I/SystemServiceManager( 1766): Starting com.android.server.AlarmManagerService
05-12 17:12:43.938 W/AlarmManagerService( 1766): no wall clock RTC found
05-12 17:12:43.950 D/AlarmManagerService( 1766): Kernel timezone updated to 0 minutes west of GMT
05-12 17:12:44.044 I/SystemServer( 1766): InitWatchdog
05-12 17:12:44.045 I/SystemServer( 1766): StartInputManagerService
05-12 17:12:44.051 I/InputManager( 1766): Initializing input manager, mUseDevInputEventForAudioJack=true
05-12 17:12:44.058 I/SystemServer( 1766): StartWindowManagerService
05-12 17:12:44.365 I/WindowManager( 1766): No existing display settings /data/system/display_settings.xml; starting empty
05-12 17:12:44.837 I/SystemServer( 1766): StartVrManagerService
05-12 17:12:44.837 I/SystemServiceManager( 1766): Starting com.android.server.vr.VrManagerService
