05-26 09:01:12.971 D/ICU     ( 4191): No timezone override file found: /data/misc/zoneinfo/current/icu/icu_tzdata.dat
05-26 09:01:13.128 E/memtrack( 4191): Couldn't load memtrack module (No such file or directory)
05-26 09:01:13.128 E/android.os.Debug( 4191): failed to load memtrack module: -2
05-26 09:01:13.134 I/Radio-JNI( 4191): register_android_hardware_Radio DONE
05-26 09:01:13.244 D/AndroidRuntime( 4191): Calling main entry com.android.commands.pm.Pm
05-26 09:01:13.359 I/        ( 1328): free_cache(132246351) avail 809590784
05-26 09:01:30.486 W/art     ( 3252): Long monitor contention with owner PackageInstaller (3381) at void com.android.server.pm.PackageInstallerSession.validateInstallLocked(android.content.pm.PackageInfo, android.content.pm.ApplicationInfo)(PackageInstallerSession.java:678) waiters=0 in android.content.pm.PackageInstaller$SessionInfo com.android.server.pm.PackageInstallerSession.generateInfo() for 9.140s
05-26 09:01:30.540 I/ActivityManager( 3252): Start proc 4202:com.android.defcontainer/u0a7 for service com.android.defcontainer/.DefaultContainerService
05-26 09:01:30.561 W/art     ( 4202): Unexpected CPU variant for X86 using defaults: x86_64
05-26 09:01:31.143 I/PackageManager.DexOptimizer( 3252): Running dexopt (dex2oat) on: /data/app/vmdl67144357.tmp/base.apk pkg=jp.jaxa.iss.kibo.rpc.sampleapk isa=x86_64 vmSafeMode=false debuggable=true target-filter=interpret-only oatDir = /data/app/vmdl67144357.tmp/oat sharedLibraries=null
05-26 09:01:31.455 W/dex2oat ( 4217): Unexpected CPU variant for X86 using defaults: x86_64
05-26 09:01:31.468 I/dex2oat ( 4217): /system/bin/dex2oat --compiler-filter=interpret-only --debuggable
05-26 09:01:33.995 W/dex2oat ( 4217): Before Android 4.1, method int android.support.v7.widget.ListViewCompat.lookForSelectablePosition(int, boolean) would have incorrectly overridden the package-private method in android.widget.ListView
05-26 09:01:34.736 W/dex2oat ( 4217): Before Android 4.1, method android.graphics.PorterDuffColorFilter android.support.graphics.drawable.VectorDrawableCompat.updateTintFilter(android.graphics.PorterDuffColorFilter, android.content.res.ColorStateList, android.graphics.PorterDuff$Mode) would have incorrectly overridden the package-private method in android.graphics.drawable.Drawable
05-26 09:01:41.686 W/BroadcastQueue( 3252): Timeout of broadcast BroadcastRecord{f0ef353 u0 android.intent.action.BOOT_COMPLETED} - receiver=android.os.BinderProxy@4d3c37, started 60012ms ago
05-26 09:01:41.686 W/BroadcastQueue( 3252): Receiver during timeout: BroadcastFilter{cb31ec2 u0 ReceiverList{2c595a4 3911 com.android.systemui/10021/u0 remote:4d3c37}}
05-26 09:01:41.764 I/ActivityManager( 3252): Start proc 4221:com.android.dialer/u0a8 for broadcast com.android.dialer/.calllog.CallLogReceiver
05-26 09:01:41.782 W/art     ( 4221): Unexpected CPU variant for X86 using defaults: x86_64
05-26 09:01:41.807 I/RecoverySystem( 3252): No recovery log file
05-26 09:01:41.863 W/dex2oat ( 4217): Verification of void android.support.v4.media.MediaBrowserServiceCompat$2.onResultSent(java.lang.Object) took 101.994ms
05-26 09:01:41.867 I/BootReceiver( 3252): Copying audit failures to DropBox
05-26 09:01:41.868 I/BootReceiver( 3252): Checking for fsck errors
05-26 09:01:42.017 W/dex2oat ( 4217): Verification of void android.support.v4.media.MediaBrowserServiceCompat$ServiceHandler.handleMessage(android.os.Message) took 111.566ms
05-26 09:01:42.365 W/dex2oat ( 4217): Verification of java.lang.Object android.support.v4.media.session.MediaControllerCompatApi21.getPlaybackState(java.lang.Object) took 110.999ms
05-26 09:01:42.416 W/dex2oat ( 4217): Verification of void android.support.v4.media.session.MediaControllerCompatApi21$CallbackProxy.onPlaybackStateChanged(android.media.session.PlaybackState) took 149.571ms
05-26 09:01:42.512 E/NetdConnector( 3252): NDC Command {19 bandwidth addniceapps 10010} took too long (591ms)
05-26 09:01:42.520 W/art     ( 3252): Long monitor contention with owner android.ui (3285) at void com.android.server.NetworkManagementService.setUidOnMeteredNetworkList(android.util.SparseBooleanArray, int, boolean, boolean)(NetworkManagementService.java:1811) waiters=0 in void com.android.server.NetworkManagementService.setUidCleartextNetworkPolicy(int, int) for 507ms
05-26 09:01:42.656 W/System  ( 4221): ClassLoader referenced unknown path: /system/priv-app/Dialer/lib/x86_64
05-26 09:01:43.107 W/dex2oat ( 4217): Verification of void android.support.graphics.drawable.VectorDrawableCompat$VPathRenderer.drawPath(android.support.graphics.drawable.VectorDrawableCompat$VGroup, android.support.graphics.drawable.VectorDrawableCompat$VPath, android.graphics.Canvas, int, int, android.graphics.ColorFilter) took 180.237ms
05-26 09:01:44.373 D/ExtensionsFactory( 4221): No custom extensions.
05-26 09:01:44.428 D/BlockedNumbersAuto( 4221): Not attempting auto-migrate: already checked once.
05-26 09:01:44.568 W/dex2oat ( 4217): Compilation of void org.opencv.android.Utils.nBitmapToMat2(android.graphics.Bitmap, long, boolean) took 311.529ms
05-26 09:01:44.587 W/dex2oat ( 4217): Compilation of java.lang.String org.opencv.android.StaticHelper.getLibraryList() took 332.534ms
05-26 09:01:44.596 D/CarrierConfigLoader( 3661): mHandler: 13 phoneId: 0
05-26 09:01:44.597 D/CarrierConfigLoader( 3661): mHandler: 7 phoneId: 0
05-26 09:01:44.603 E/CarrierConfigLoader( 3661): Cannot restore config with null packageName or iccid.
05-26 09:01:44.604 D/CarrierConfigLoader( 3661): Binding to com.android.carrierconfig for phone 0
05-26 09:01:44.701 W/ActivityManager( 3252): Slow operation: 92ms so far, now at startProcess: returned from zygote!
05-26 09:01:44.702 W/ActivityManager( 3252): Slow operation: 93ms so far, now at startProcess: done updating battery stats
05-26 09:01:44.703 W/ActivityManager( 3252): Slow operation: 94ms so far, now at startProcess: building log message
05-26 09:01:44.703 I/ActivityManager( 3252): Start proc 4241:com.android.calendar/u0a26 for broadcast com.android.calendar/.alerts.AlertReceiver
05-26 09:01:44.703 W/ActivityManager( 3252): Slow operation: 94ms so far, now at startProcess: starting to update pids map
05-26 09:01:44.703 W/ActivityManager( 3252): Slow operation: 95ms so far, now at startProcess: done updating pids map
05-26 09:01:44.703 W/ActivityManager( 3252): Slow operation: 96ms so far, now at startProcess: done starting proc!
05-26 09:01:44.743 W/art     ( 4241): Unexpected CPU variant for X86 using defaults: x86_64
05-26 09:01:44.771 W/CountryDetector( 4221): No location permissions, not registering for location updates.
05-26 09:01:44.794 W/dex2oat ( 4217): Compilation of boolean org.opencv.aruco.Aruco.estimatePoseCharucoBoard_1(long, long, long, long, long, long, long) took 146.991ms
05-26 09:01:44.888 W/ActivityManager( 3252): Slow operation: 175ms so far, now at startProcess: returned from zygote!
05-26 09:01:44.888 W/ActivityManager( 3252): Slow operation: 176ms so far, now at startProcess: done updating battery stats
05-26 09:01:44.889 W/ActivityManager( 3252): Slow operation: 176ms so far, now at startProcess: building log message
05-26 09:01:44.889 I/ActivityManager( 3252): Start proc 4253:com.android.carrierconfig/u0a3 for service com.android.carrierconfig/.DefaultCarrierConfigService
05-26 09:01:44.889 W/ActivityManager( 3252): Slow operation: 176ms so far, now at startProcess: starting to update pids map
05-26 09:01:44.889 W/ActivityManager( 3252): Slow operation: 176ms so far, now at startProcess: done updating pids map
05-26 09:01:44.889 W/ActivityManager( 3252): Slow operation: 176ms so far, now at startProcess: done starting proc!
05-26 09:01:44.894 W/art     ( 3252): Long monitor contention with owner Binder:3252_A (3909) at void com.android.server.am.ActivityManagerService.trimApplications()(ActivityManagerService.java:21356) waiters=1 in void com.android.server.am.ActivityManagerService.dispatchUidsChanged() for 188ms
05-26 09:01:44.896 W/art     ( 3252): Long monitor contention with owner Binder:3252_9 (3908) at int com.android.server.am.ActivityManagerService.bindService(android.app.IApplicationThread, android.os.IBinder, android.content.Intent, java.lang.String, android.app.IServiceConnection, int, java.lang.String, int)(ActivityManagerService.java:17301) waiters=1 in void com.android.server.am.ActivityManagerService$MainHandler.handleMessage(android.os.Message) for 169ms
05-26 09:01:44.946 W/art     ( 4253): Unexpected CPU variant for X86 using defaults: x86_64
05-26 09:01:44.967 W/dex2oat ( 4217): Compilation of void org.opencv.bgsegm.BackgroundSubtractorGMG.setQuantizationLevels_0(long, int) took 191.051ms
05-26 09:01:45.068 W/dex2oat ( 4217): Compilation of void org.opencv.bioinspired.Retina.setupIPLMagnoChannel_6(long, boolean, float) took 139.074ms
05-26 09:01:45.113 W/dex2oat ( 4217): Compilation of void org.opencv.calib3d.Calib3d.composeRT_5(long, long, long, long, long, long, long, long, long) took 137.537ms
05-26 09:01:45.171 W/System  ( 4253): ClassLoader referenced unknown path: /system/priv-app/CarrierConfig/lib/x86_64
05-26 09:01:45.237 W/dex2oat ( 4217): Compilation of void org.opencv.calib3d.Calib3d.drawFrameAxes_1(long, long, long, long, long, float) took 110.779ms
05-26 09:01:45.255 W/System  ( 4241): ClassLoader referenced unknown path: /system/app/Calendar/lib/x86_64
05-26 09:01:45.315 D/DefaultCarrierConfigService( 4253): Service created
05-26 09:01:45.323 W/dex2oat ( 4217): Compilation of int org.opencv.calib3d.StereoBM.getTextureThreshold_0(long) took 247.870ms
05-26 09:01:45.354 D/CarrierConfigLoader( 3661): Connected to config app: com.android.carrierconfig/com.android.carrierconfig.DefaultCarrierConfigService
05-26 09:01:45.355 D/CarrierConfigLoader( 3661): mHandler: 3 phoneId: 0
05-26 09:01:45.498 D/DefaultCarrierConfigService( 4253): Config being fetched
05-26 09:01:45.502 D/DefaultCarrierConfigService( 4253): java.io.FileNotFoundException: carrier_config_.xml
05-26 09:01:45.548 E/CarrierConfigLoader( 3661): Cannot save config with null packageName or iccid.
05-26 09:01:45.558 D/CarrierConfigLoader( 3661): mHandler: 5 phoneId: 0
05-26 09:01:45.562 E/PhoneInterfaceManager( 3661): [PhoneIntfMgr] getCarrierPackageNamesForIntent: No UICC
05-26 09:01:45.655 I/Telecom ( 3252): PhoneAccountRegistrar: SimCallManager queried, returning: null: TSI.gSCMFU@AAk
05-26 09:01:45.667 W/dex2oat ( 4217): Compilation of boolean org.opencv.features2d.FastFeatureDetector.getNonmaxSuppression_0(long) took 171.776ms
05-26 09:01:46.088 D/ExtensionsFactory( 4241): No custom extensions.
05-26 09:01:46.116 D/AlertReceiver( 4241): onReceive: a=android.intent.action.BOOT_COMPLETED Intent { act=android.intent.action.BOOT_COMPLETED flg=0x9000010 cmp=com.android.calendar/.alerts.AlertReceiver (has extras) }
05-26 09:01:46.167 I/AlarmClock( 3889): AlarmInitReceiver android.intent.action.BOOT_COMPLETED
05-26 09:01:46.216 D/AlertUtils( 4241): Flushing old alerts from shared prefs table
05-26 09:01:46.252 D/AlertService( 4241): 0 Action = android.intent.action.BOOT_COMPLETED
05-26 09:01:46.284 D/AlertService( 4241): Scheduling next alarm with AlarmScheduler. sEventReminderReceived: null
05-26 09:01:46.335 I/ActivityManager( 3252): Start proc 4278:com.android.providers.calendar/u0a2 for content provider com.android.providers.calendar/.CalendarProvider2
05-26 09:01:46.372 W/art     ( 4278): Unexpected CPU variant for X86 using defaults: x86_64
05-26 09:01:46.604 W/System  ( 4278): ClassLoader referenced unknown path: /system/priv-app/CalendarProvider/lib/x86_64
05-26 09:01:46.608 V/AlarmClock( 3889): AlarmInitReceiver finished
05-26 09:01:46.684 W/ActivityManager( 3252): Slow operation: 94ms so far, now at startProcess: returned from zygote!
05-26 09:01:46.684 W/ActivityManager( 3252): Slow operation: 94ms so far, now at startProcess: done updating battery stats
05-26 09:01:46.684 W/ActivityManager( 3252): Slow operation: 95ms so far, now at startProcess: building log message
05-26 09:01:46.684 I/ActivityManager( 3252): Start proc 4293:com.android.email/u0a34 for broadcast com.android.email/.service.EmailBroadcastReceiver
05-26 09:01:46.684 W/ActivityManager( 3252): Slow operation: 95ms so far, now at startProcess: starting to update pids map
05-26 09:01:46.685 W/ActivityManager( 3252): Slow operation: 95ms so far, now at startProcess: done updating pids map
05-26 09:01:46.685 W/ActivityManager( 3252): Slow operation: 100ms so far, now at startProcess: done starting proc!
05-26 09:01:46.693 W/art     ( 4293): Unexpected CPU variant for X86 using defaults: x86_64
05-26 09:01:46.944 W/System  ( 4293): ClassLoader referenced unknown path: /system/app/Email/lib/x86_64
05-26 09:01:47.448 I/CalendarProvider2( 4278): Created com.android.providers.calendar.CalendarAlarmManager@6252053(com.android.providers.calendar.CalendarProvider2@da3d90)
05-26 09:01:47.818 D/AlarmScheduler( 4241): No events found starting within 1 week.
05-26 09:01:48.613 I/CalendarProvider2( 4278): Sending notification intent: Intent { act=android.intent.action.PROVIDER_CHANGED dat=content://com.android.calendar flg=0x20000000 }
05-26 09:01:48.627 W/ContentResolver( 4278): Failed to get type for: content://com.android.calendar (Unknown URL content://com.android.calendar)
05-26 09:01:49.147 I/dex2oat ( 4217): dex2oat took 17.698s (threads: 2) arena alloc=551KB (565096B) java alloc=7MB (7515464B) native alloc=15MB (16199864B) free=3MB (3723080B)
05-26 09:01:49.516 W/ActivityManager( 3252): Unable to start service Intent { act=com.android.email.EXCHANGE_INTENT pkg=com.android.exchange } U=0: not found
05-26 09:01:49.541 D/installd( 1328): Detected label change from u:object_r:system_data_file:s0 to u:object_r:app_data_file:s0:c512,c768 at /data/data/jp.jaxa.iss.kibo.rpc.sampleapk; running recursive restorecon
05-26 09:01:49.571 D/installd( 1328): Detected label change from u:object_r:system_data_file:s0 to u:object_r:app_data_file:s0:c512,c768 at /data/user_de/0/jp.jaxa.iss.kibo.rpc.sampleapk; running recursive restorecon
05-26 09:01:49.591 D/ActivityThread( 4293): Loading provider com.android.email.provider;com.android.email.notifier: com.android.email.provider.EmailProvider
05-26 09:01:49.679 W/ActivityManager( 3252): Unable to start service Intent { act=com.android.email.EXCHANGE_INTENT pkg=com.android.exchange } U=0: not found
05-26 09:01:49.696 V/BackupManagerService( 3252): restoreAtInstall pkg=jp.jaxa.iss.kibo.rpc.sampleapk token=1 restoreSet=0
05-26 09:01:49.699 W/BackupManagerService( 3252): Requested unavailable transport: android/com.android.internal.backup.LocalTransport
05-26 09:01:49.699 W/BackupManagerService( 3252): No transport
05-26 09:01:49.699 V/BackupManagerService( 3252): Finishing install immediately
05-26 09:01:49.720 D/ActivityThread( 4293): Loading provider com.android.email.provider;com.android.email.notifier: com.android.email.provider.EmailProvider
05-26 09:01:49.723 W/ActivityManager( 3252): Unable to start service Intent { act=com.android.email.EXCHANGE_INTENT pkg=com.android.exchange } U=0: not found
05-26 09:01:49.743 D/VoldConnector( 3252): SND -> {9 volume remount_uid 10064 default}
05-26 09:01:49.750 I/GnssLocationProvider( 3252): WakeLock acquired by sendMessage(3, 0, com.android.server.location.GnssLocationProvider$GpsRequest@bf4c869)
05-26 09:01:49.751 I/GnssLocationProvider( 3252): WakeLock acquired by sendMessage(3, 0, com.android.server.location.GnssLocationProvider$GpsRequest@67f82ee)
05-26 09:01:49.760 D/vold    ( 1270): Remounting 10064 as mode default
05-26 09:01:49.767 I/GnssLocationProvider( 3252): WakeLock released by handleMessage(3, 0, com.android.server.location.GnssLocationProvider$GpsRequest@bf4c869)
05-26 09:01:49.772 I/GnssLocationProvider( 3252): WakeLock released by handleMessage(3, 0, com.android.server.location.GnssLocationProvider$GpsRequest@67f82ee)
05-26 09:01:49.795 D/VoldConnector( 3252): RCV <- {200 9 Command succeeded}
05-26 09:01:49.805 D/VoldConnector( 3252): SND -> {10 volume remount_uid 10064 write}
05-26 09:01:49.814 I/GnssLocationProvider( 3252): WakeLock acquired by sendMessage(3, 0, com.android.server.location.GnssLocationProvider$GpsRequest@43738f)
05-26 09:01:49.828 I/GnssLocationProvider( 3252): WakeLock released by handleMessage(3, 0, com.android.server.location.GnssLocationProvider$GpsRequest@43738f)
05-26 09:01:49.830 D/vold    ( 1270): Remounting 10064 as mode write
05-26 09:01:49.845 D/VoldConnector( 3252): RCV <- {200 10 Command succeeded}
05-26 09:01:49.892 I/art     ( 3252): Starting a blocking GC Explicit
05-26 09:01:50.148 I/SystemBroadcastReceiver( 3461): Boot has been completed
05-26 09:01:50.148 I/SystemBroadcastReceiver( 3461): toggleAppIcon() : FLAG_SYSTEM = true
05-26 09:01:50.180 I/art     ( 3252): Explicit concurrent mark sweep GC freed 32379(2MB) AllocSpace objects, 25(788KB) LOS objects, 28% free, 9MB/13MB, paused 2.631ms total 280.536ms
05-26 09:01:50.180 I/art     ( 3252): WaitForGcToComplete blocked for 54.464ms for cause Background
05-26 09:01:50.184 E/        ( 1328): Couldn't opendir /data/app/vmdl67144357.tmp: No such file or directory
05-26 09:01:50.247 W/ActivityManager( 3252): Unable to start service Intent { act=com.android.email.EXCHANGE_INTENT pkg=com.android.exchange } U=0: not found
05-26 09:01:50.258 W/ActivityManager( 3252): Unable to start service Intent { cmp=com.android.email/.service.AttachmentService } U=0: not found
05-26 09:01:50.366 W/ActivityManager( 3252): Slow operation: 62ms so far, now at startProcess: returned from zygote!
05-26 09:01:50.366 W/ActivityManager( 3252): Slow operation: 62ms so far, now at startProcess: done updating battery stats
05-26 09:01:50.366 W/ActivityManager( 3252): Slow operation: 63ms so far, now at startProcess: building log message
05-26 09:01:50.367 I/ActivityManager( 3252): Start proc 4316:com.android.managedprovisioning/u0a14 for broadcast com.android.managedprovisioning/.BootReminder
05-26 09:01:50.367 W/ActivityManager( 3252): Slow operation: 63ms so far, now at startProcess: starting to update pids map
05-26 09:01:50.367 W/ActivityManager( 3252): Slow operation: 63ms so far, now at startProcess: done updating pids map
05-26 09:01:50.367 W/ActivityManager( 3252): Slow operation: 64ms so far, now at startProcess: done starting proc!
05-26 09:01:50.372 W/art     ( 4316): Unexpected CPU variant for X86 using defaults: x86_64
05-26 09:01:50.414 D/PackageInstaller( 3252): Ignoring abandon after commit relinquished control
05-26 09:01:50.453 W/ActivityManager( 3252): Unable to start service Intent { act=com.android.email.EXCHANGE_INTENT pkg=com.android.exchange } U=0: not found
05-26 09:01:50.458 I/art     ( 4191): System.exit called, status: 0
05-26 09:01:50.459 I/AndroidRuntime( 4191): VM exiting with result code 0.
05-26 09:01:50.480 W/ActivityManager( 3252): Unable to start service Intent { act=com.android.email.EXCHANGE_INTENT pkg=com.android.exchange } U=0: not found
05-26 09:01:50.543 E/ActivityThread( 4293): Service com.android.email.service.EmailBroadcastProcessorService has leaked ServiceConnection com.android.emailcommon.service.ServiceProxy$ProxyConnection@11d32ec that was originally bound here
05-26 09:01:50.543 E/ActivityThread( 4293): android.app.ServiceConnectionLeaked: Service com.android.email.service.EmailBroadcastProcessorService has leaked ServiceConnection com.android.emailcommon.service.ServiceProxy$ProxyConnection@11d32ec that was originally bound here
05-26 09:01:50.543 E/ActivityThread( 4293): 	at android.app.LoadedApk$ServiceDispatcher.<init>(LoadedApk.java:1336)
05-26 09:01:50.543 E/ActivityThread( 4293): 	at android.app.LoadedApk.getServiceDispatcher(LoadedApk.java:1231)
05-26 09:01:50.543 E/ActivityThread( 4293): 	at android.app.ContextImpl.bindServiceCommon(ContextImpl.java:1450)
05-26 09:01:50.543 E/ActivityThread( 4293): 	at android.app.ContextImpl.bindService(ContextImpl.java:1422)
05-26 09:01:50.543 E/ActivityThread( 4293): 	at android.content.ContextWrapper.bindService(ContextWrapper.java:636)
05-26 09:01:50.543 E/ActivityThread( 4293): 	at com.android.emailcommon.service.ServiceProxy.setTask(ServiceProxy.java:181)
05-26 09:01:50.543 E/ActivityThread( 4293): 	at com.android.emailcommon.service.ServiceProxy.test(ServiceProxy.java:224)
05-26 09:01:50.543 E/ActivityThread( 4293): 	at com.android.email.service.EmailServiceUtils.isServiceAvailable(EmailServiceUtils.java:160)
05-26 09:01:50.543 E/ActivityThread( 4293): 	at com.android.email.provider.AccountReconciler.reconcileAccountsInternal(AccountReconciler.java:171)
05-26 09:01:50.543 E/ActivityThread( 4293): 	at com.android.email.provider.AccountReconciler.reconcileAccounts(AccountReconciler.java:115)
05-26 09:01:50.543 E/ActivityThread( 4293): 	at com.android.email.service.EmailBroadcastProcessorService.reconcileAndStartServices(EmailBroadcastProcessorService.java:305)
05-26 09:01:50.543 E/ActivityThread( 4293): 	at com.android.email.service.EmailBroadcastProcessorService.onBootCompleted(EmailBroadcastProcessorService.java:295)
05-26 09:01:50.543 E/ActivityThread( 4293): 	at com.android.email.service.EmailBroadcastProcessorService.onHandleIntent(EmailBroadcastProcessorService.java:130)
05-26 09:01:50.543 E/ActivityThread( 4293): 	at android.app.IntentService$ServiceHandler.handleMessage(IntentService.java:68)
05-26 09:01:50.543 E/ActivityThread( 4293): 	at android.os.Handler.dispatchMessage(Handler.java:102)
05-26 09:01:50.543 E/ActivityThread( 4293): 	at android.os.Looper.loop(Looper.java:154)
05-26 09:01:50.543 E/ActivityThread( 4293): 	at android.os.HandlerThread.run(HandlerThread.java:61)
05-26 09:01:50.544 W/ActivityManager( 3252): Unbind failed: could not find connection for android.os.BinderProxy@1888225
05-26 09:01:50.560 W/ActivityManager( 3252): Unable to start service Intent { cmp=com.android.email/.service.AttachmentService } U=0: not found
05-26 09:01:50.817 I/InputReader( 3252): Reconfiguring input devices.  changes=0x00000010
05-26 09:01:50.928 I/Email   ( 4293): Observing account changes for notifications
05-26 09:01:50.950 W/ActivityManager( 3252): Unable to start service Intent { cmp=com.android.email/.service.AttachmentService } U=0: not found
05-26 09:01:51.042 E/PhoneInterfaceManager( 3661): [PhoneIntfMgr] getCarrierPackageNamesForIntent: No UICC
05-26 09:01:51.042 D/CarrierSvcBindHelper( 3661): No carrier app for: 0
05-26 09:01:51.044 D/CarrierConfigLoader( 3661): mHandler: 9 phoneId: 0
05-26 09:01:51.111 W/ActivityManager( 3252): Unable to start service Intent { act=com.android.email.EXCHANGE_INTENT pkg=com.android.exchange } U=0: not found
05-26 09:01:51.219 W/ActivityManager( 3252): Unable to start service Intent { act=com.android.email.EXCHANGE_INTENT pkg=com.android.exchange } U=0: not found
05-26 09:01:51.251 W/System  ( 4316): ClassLoader referenced unknown path: /system/priv-app/ManagedProvisioning/lib/x86_64
05-26 09:01:51.507 W/ActivityManager( 3252): Slow operation: 76ms so far, now at startProcess: returned from zygote!
05-26 09:01:51.507 W/ActivityManager( 3252): Slow operation: 77ms so far, now at startProcess: done updating battery stats
05-26 09:01:51.508 W/ActivityManager( 3252): Slow operation: 77ms so far, now at startProcess: building log message
05-26 09:01:51.508 I/ActivityManager( 3252): Start proc 4336:com.android.messaging/u0a54 for broadcast com.android.messaging/.receiver.BootAndPackageReplacedReceiver
05-26 09:01:51.508 W/ActivityManager( 3252): Slow operation: 77ms so far, now at startProcess: starting to update pids map
05-26 09:01:51.508 W/ActivityManager( 3252): Slow operation: 77ms so far, now at startProcess: done updating pids map
05-26 09:01:51.508 W/ActivityManager( 3252): Slow operation: 78ms so far, now at startProcess: done starting proc!
05-26 09:01:51.557 W/art     ( 4336): Unexpected CPU variant for X86 using defaults: x86_64
05-26 09:01:51.701 W/System  ( 4336): ClassLoader referenced unknown path: /system/app/messaging/lib/x86_64
05-26 09:01:51.806 W/VoiceInteractionManagerService( 3252): no available voice recognition services found for user 0
05-26 09:01:53.904 I/MessagingApp( 4336): Carrier config changed. Reloading MMS config.
05-26 09:01:53.909 V/VvmBootCompletedRcvr( 3661): processing subId list
05-26 09:01:53.976 E/VvmBootCompletedRcvr( 3661): phone account ComponentInfo{com.android.phone/com.android.services.telephony.TelephonyConnectionService}, [e2f7d48dd2b5ca523e7313cf4ba0f6ea830b6281], UserHandle{0} has invalid subId -1
05-26 09:01:54.028 I/MessagingAppDataModel( 4336): Fixup: Send failed - 0 Download failed - 0
05-26 09:01:54.357 I/MessagingAppDataModel( 4336): SyncMessagesAction: Starting batch for messages from 1616676894217 to 1622019713800 (message update limit = 80, message scan limit = 4000)
05-26 09:01:54.458 I/VvmSimChangeReceiver( 3661): Received SIM change for invalid subscription id.
05-26 09:01:54.471 D/AlertReceiver( 4241): onReceive: a=android.intent.action.PROVIDER_CHANGED Intent { act=android.intent.action.PROVIDER_CHANGED dat=content://com.android.calendar flg=0x20000010 cmp=com.android.calendar/.alerts.AlertReceiver }
05-26 09:01:54.507 D/AlertService( 4241): 0 Action = android.intent.action.PROVIDER_CHANGED
05-26 09:01:54.845 W/ActivityManager( 3252): Slow operation: 72ms so far, now at startProcess: returned from zygote!
05-26 09:01:54.848 W/art     ( 4361): Unexpected CPU variant for X86 using defaults: x86_64
05-26 09:01:54.855 W/ActivityManager( 3252): Slow operation: 82ms so far, now at startProcess: done updating battery stats
05-26 09:01:54.860 W/ActivityManager( 3252): Slow operation: 87ms so far, now at startProcess: building log message
05-26 09:01:54.860 I/ActivityManager( 3252): Start proc 4361:com.android.gallery3d/u0a39 for broadcast com.android.gallery3d/.app.PackagesMonitor
05-26 09:01:54.860 W/ActivityManager( 3252): Slow operation: 88ms so far, now at startProcess: starting to update pids map
05-26 09:01:54.860 W/ActivityManager( 3252): Slow operation: 88ms so far, now at startProcess: done updating pids map
05-26 09:01:54.861 W/ActivityManager( 3252): Slow operation: 88ms so far, now at startProcess: done starting proc!
05-26 09:01:55.324 I/MessagingAppDataModel( 4336): SyncMessagesAction: All messages now in sync
05-26 09:01:56.618 W/MediaScanner( 4126): Error opening directory '/oem/media/', skipping: No such file or directory.
05-26 09:01:56.765 W/ActivityManager( 3252): Slow operation: 57ms so far, now at startProcess: returned from zygote!
05-26 09:01:56.768 W/ActivityManager( 3252): Slow operation: 60ms so far, now at startProcess: done updating battery stats
05-26 09:01:56.768 W/ActivityManager( 3252): Slow operation: 61ms so far, now at startProcess: building log message
05-26 09:01:56.769 I/ActivityManager( 3252): Start proc 4380:com.svox.pico/u0a49 for broadcast com.svox.pico/.VoiceDataInstallerReceiver
05-26 09:01:56.769 W/ActivityManager( 3252): Slow operation: 61ms so far, now at startProcess: starting to update pids map
05-26 09:01:56.769 W/ActivityManager( 3252): Slow operation: 61ms so far, now at startProcess: done updating pids map
05-26 09:01:56.769 W/ActivityManager( 3252): Slow operation: 62ms so far, now at startProcess: done starting proc!
05-26 09:01:56.798 W/art     ( 4380): Unexpected CPU variant for X86 using defaults: x86_64
05-26 09:01:57.236 V/MediaScanner( 4126): pruneDeadThumbnailFiles... android.content.ContentProviderClient$CursorWrapperInner@f2bc725
05-26 09:01:57.238 V/MediaScanner( 4126): /pruneDeadThumbnailFiles... android.content.ContentProviderClient$CursorWrapperInner@f2bc725
05-26 09:01:59.550 I/GlobalDismissManager( 4241): no sender configured
05-26 09:01:59.552 D/AlertService( 4241): Beginning updateAlertNotification
05-26 09:01:59.590 D/AlertService( 4241): No fired or scheduled alerts
05-26 09:01:59.624 D/AlertService( 4241): Scheduling next alarm with AlarmScheduler. sEventReminderReceived: null
05-26 09:01:59.658 D/AlarmScheduler( 4241): No events found starting within 1 week.
05-26 09:02:01.277 I/ActivityManager( 3252): Waited long enough for: ServiceRecord{40fd04a u0 com.android.calendar/.alerts.InitAlarmsService}
05-26 09:02:16.630 D/InitAlarmsService( 4241): Clearing and rescheduling alarms.
05-26 09:03:00.016 I/ActivityManager( 3252): Killing 4027:com.android.keychain/1000 (adj 906): empty #17
05-26 09:03:00.148 D/ActivityManager( 3252): cleanUpApplicationRecord -- 4027
05-26 09:04:13.843 D/AndroidRuntime( 4397): >>>>>> START com.android.internal.os.RuntimeInit uid 2000 <<<<<<
05-26 09:04:13.879 D/AndroidRuntime( 4397): CheckJNI is ON
05-26 09:04:14.320 W/art     ( 4397): Unexpected CPU variant for X86 using defaults: x86_64
05-26 09:04:14.379 D/ICU     ( 4397): No timezone override file found: /data/misc/zoneinfo/current/icu/icu_tzdata.dat
05-26 09:04:14.614 E/memtrack( 4397): Couldn't load memtrack module (No such file or directory)
05-26 09:04:14.614 E/android.os.Debug( 4397): failed to load memtrack module: -2
05-26 09:04:14.622 I/Radio-JNI( 4397): register_android_hardware_Radio DONE
05-26 09:04:14.764 D/AndroidRuntime( 4397): Calling main entry com.android.commands.am.Am
05-26 09:04:14.884 W/ActivityManager( 3252): Slow operation: 54ms so far, now at startProcess: returned from zygote!
05-26 09:04:14.884 W/ActivityManager( 3252): Slow operation: 54ms so far, now at startProcess: done updating battery stats
05-26 09:04:14.885 W/ActivityManager( 3252): Slow operation: 55ms so far, now at startProcess: building log message
05-26 09:04:14.885 I/ActivityManager( 3252): Start proc 4407:gov.nasa.arc.astrobee.android.gs.manager/u0a63 for service gov.nasa.arc.astrobee.android.gs.manager/.ManagerService
05-26 09:04:14.885 W/ActivityManager( 3252): Slow operation: 55ms so far, now at startProcess: starting to update pids map
05-26 09:04:14.885 W/ActivityManager( 3252): Slow operation: 55ms so far, now at startProcess: done updating pids map
05-26 09:04:14.885 W/ActivityManager( 3252): Slow operation: 58ms so far, now at startProcess: done starting proc!
05-26 09:04:14.896 D/AndroidRuntime( 4397): Shutting down VM
05-26 09:04:14.918 I/art     ( 4407): Not late-enabling -Xcheck:jni (already on)
05-26 09:04:14.920 W/art     ( 4407): Unexpected CPU variant for X86 using defaults: x86_64
05-26 09:04:15.112 W/System  ( 4407): ClassLoader referenced unknown path: /data/app/gov.nasa.arc.astrobee.android.gs.manager-1/lib/x86_64
05-26 09:04:16.255 E/Notification( 4407): setLatestEventInfo() is deprecated and you should feel deprecated.
05-26 09:04:16.255 E/Notification( 4407): java.lang.Throwable
05-26 09:04:16.255 E/Notification( 4407): 	at android.app.Notification.setLatestEventInfo(Notification.java:2076)
05-26 09:04:16.255 E/Notification( 4407): 	at org.ros.android.NodeMainExecutorService.onStartCommand(NodeMainExecutorService.java:220)
05-26 09:04:16.255 E/Notification( 4407): 	at android.app.ActivityThread.handleServiceArgs(ActivityThread.java:3326)
05-26 09:04:16.255 E/Notification( 4407): 	at android.app.ActivityThread.-wrap21(ActivityThread.java)
05-26 09:04:16.255 E/Notification( 4407): 	at android.app.ActivityThread$H.handleMessage(ActivityThread.java:1582)
05-26 09:04:16.255 E/Notification( 4407): 	at android.os.Handler.dispatchMessage(Handler.java:102)
05-26 09:04:16.255 E/Notification( 4407): 	at android.os.Looper.loop(Looper.java:154)
05-26 09:04:16.255 E/Notification( 4407): 	at android.app.ActivityThread.main(ActivityThread.java:6119)
05-26 09:04:16.255 E/Notification( 4407): 	at java.lang.reflect.Method.invoke(Native Method)
05-26 09:04:16.255 E/Notification( 4407): 	at com.android.internal.os.ZygoteInit$MethodAndArgsCaller.run(ZygoteInit.java:886)
05-26 09:04:16.255 E/Notification( 4407): 	at com.android.internal.os.ZygoteInit.main(ZygoteInit.java:776)
05-26 09:04:17.597 D/NotificationSQLiteLog( 3252): Pruned event entries: 15
05-26 09:04:17.819 I/Registrar( 4407): MasterXmlRpcEndpoint URI: http://llp:11311
05-26 09:04:17.970 I/Registrar( 4407): Registering publisher: Publisher<PublisherDefinition<PublisherIdentifier<NodeIdentifier</guest_science_manager, http://hlp:47715/>, TopicIdentifier</rosout>>, Topic<TopicIdentifier</rosout>, TopicDescription<rosgraph_msgs/Log, acffd30cd6b6de30f120938c17c593fb>>>>
05-26 09:04:19.466 I/Registrar( 4407): Response<Success, Registered [/guest_science_manager] as publisher of [/rosout], [http://10.42.0.34:33137/]>
05-26 09:04:19.508 I/DefaultPublisher( 4407): Publisher registered: Publisher<PublisherDefinition<PublisherIdentifier<NodeIdentifier</guest_science_manager, http://hlp:47715/>, TopicIdentifier</rosout>>, Topic<TopicIdentifier</rosout>, TopicDescription<rosgraph_msgs/Log, acffd30cd6b6de30f120938c17c593fb>>>>
05-26 09:04:19.650 I/Registrar( 4407): Registering subscriber: Subscriber<Topic<TopicIdentifier</clock>, TopicDescription<rosgraph_msgs/Clock, a9c97c1d230cfc112e270351a944ee47>>>
05-26 09:04:19.798 I/Registrar( 4407): Response<Success, Subscribed to [/clock], [http://10.42.0.34:41960/]>
05-26 09:04:19.814 I/DefaultSubscriber( 4407): Subscriber registered: Subscriber<Topic<TopicIdentifier</clock>, TopicDescription<rosgraph_msgs/Clock, a9c97c1d230cfc112e270351a944ee47>>>
05-26 09:04:20.111 I/Registrar( 4407): Registering publisher: Publisher<PublisherDefinition<PublisherIdentifier<NodeIdentifier</guest_science_manager, http://hlp:47715/>, TopicIdentifier</gs/gs_manager/ack>>, Topic<TopicIdentifier</gs/gs_manager/ack>, TopicDescription<ff_msgs/AckStamped, cebddec69fd770df54633be444a9187d>>>>
05-26 09:04:20.330 I/Registrar( 4407): Registering publisher: Publisher<PublisherDefinition<PublisherIdentifier<NodeIdentifier</guest_science_manager, http://hlp:47715/>, TopicIdentifier</gs/gs_manager/config>>, Topic<TopicIdentifier</gs/gs_manager/config>, TopicDescription<ff_msgs/GuestScienceConfig, c6f632ed2411de4159494a3e7754794e>>>>
05-26 09:04:20.428 I/Registrar( 4407): Response<Success, Registered [/guest_science_manager] as publisher of [/gs/gs_manager/ack], [http://10.42.0.34:35345/]>
05-26 09:04:20.431 I/DefaultPublisher( 4407): Publisher registered: Publisher<PublisherDefinition<PublisherIdentifier<NodeIdentifier</guest_science_manager, http://hlp:47715/>, TopicIdentifier</gs/gs_manager/ack>>, Topic<TopicIdentifier</gs/gs_manager/ack>, TopicDescription<ff_msgs/AckStamped, cebddec69fd770df54633be444a9187d>>>>
05-26 09:04:20.587 W/art     ( 4407): Suspending all threads took: 6.149ms
05-26 09:04:20.692 I/Registrar( 4407): Registering publisher: Publisher<PublisherDefinition<PublisherIdentifier<NodeIdentifier</guest_science_manager, http://hlp:47715/>, TopicIdentifier</gs/data>>, Topic<TopicIdentifier</gs/data>, TopicDescription<ff_msgs/GuestScienceData, edd2c791ea93ffa7cb0ec80c5bb00972>>>>
05-26 09:04:20.747 I/Registrar( 4407): Response<Success, Registered [/guest_science_manager] as publisher of [/gs/gs_manager/config], [http://10.42.0.34:35345/, http://10.42.0.34:39808/]>
05-26 09:04:20.805 I/DefaultPublisher( 4407): Publisher registered: Publisher<PublisherDefinition<PublisherIdentifier<NodeIdentifier</guest_science_manager, http://hlp:47715/>, TopicIdentifier</gs/gs_manager/config>>, Topic<TopicIdentifier</gs/gs_manager/config>, TopicDescription<ff_msgs/GuestScienceConfig, c6f632ed2411de4159494a3e7754794e>>>>
05-26 09:04:20.923 I/Registrar( 4407): Registering publisher: Publisher<PublisherDefinition<PublisherIdentifier<NodeIdentifier</guest_science_manager, http://hlp:47715/>, TopicIdentifier</gs/gs_manager/state>>, Topic<TopicIdentifier</gs/gs_manager/state>, TopicDescription<ff_msgs/GuestScienceState, 24e5a1ba8527257cc710720a32de6e51>>>>
05-26 09:04:21.331 I/Registrar( 4407): Response<Success, Registered [/guest_science_manager] as publisher of [/gs/data], [http://10.42.0.34:40408/, http://10.42.0.34:39808/]>
05-26 09:04:21.340 I/art     ( 4407): Background sticky concurrent mark sweep GC freed 27357(2MB) AllocSpace objects, 20(404KB) LOS objects, 23% free, 7MB/10MB, paused 12.158ms total 1.050s
05-26 09:04:21.426 I/DefaultPublisher( 4407): Publisher registered: Publisher<PublisherDefinition<PublisherIdentifier<NodeIdentifier</guest_science_manager, http://hlp:47715/>, TopicIdentifier</gs/data>>, Topic<TopicIdentifier</gs/data>, TopicDescription<ff_msgs/GuestScienceData, edd2c791ea93ffa7cb0ec80c5bb00972>>>>
05-26 09:04:21.682 I/Registrar( 4407): Registering subscriber: Subscriber<Topic<TopicIdentifier</mgt/executive/command>, TopicDescription<ff_msgs/CommandStamped, ac01350894b1be9e3a7b4f390a14812d>>>
05-26 09:04:21.819 I/Registrar( 4407): Response<Success, Registered [/guest_science_manager] as publisher of [/gs/gs_manager/state], [http://10.42.0.34:35345/, http://10.42.0.34:39808/]>
05-26 09:04:21.995 I/DefaultPublisher( 4407): Publisher registered: Publisher<PublisherDefinition<PublisherIdentifier<NodeIdentifier</guest_science_manager, http://hlp:47715/>, TopicIdentifier</gs/gs_manager/state>>, Topic<TopicIdentifier</gs/gs_manager/state>, TopicDescription<ff_msgs/GuestScienceState, 24e5a1ba8527257cc710720a32de6e51>>>>
05-26 09:04:22.500 I/Registrar( 4407): Response<Success, Subscribed to [/mgt/executive/command], [http://10.42.0.34:35345/]>
05-26 09:04:22.597 I/DefaultSubscriber( 4407): Subscriber registered: Subscriber<Topic<TopicIdentifier</mgt/executive/command>, TopicDescription<ff_msgs/CommandStamped, ac01350894b1be9e3a7b4f390a14812d>>>
05-26 09:04:22.669 W/ActivityManager( 3252): Slow operation: 312ms so far, now at startProcess: returned from zygote!
05-26 09:04:22.670 W/ActivityManager( 3252): Slow operation: 312ms so far, now at startProcess: done updating battery stats
05-26 09:04:22.671 W/ActivityManager( 3252): Slow operation: 313ms so far, now at startProcess: building log message
05-26 09:04:22.671 I/ActivityManager( 3252): Start proc 4483:jp.jaxa.iss.kibo.rpc.sampleapk/u0a64 for broadcast jp.jaxa.iss.kibo.rpc.sampleapk/gov.nasa.arc.astrobee.android.gs.InfoInqueryBroadcastReceiver
05-26 09:04:22.671 W/ActivityManager( 3252): Slow operation: 314ms so far, now at startProcess: starting to update pids map
05-26 09:04:22.672 W/ActivityManager( 3252): Slow operation: 314ms so far, now at startProcess: done updating pids map
05-26 09:04:22.672 W/ActivityManager( 3252): Slow operation: 329ms so far, now at startProcess: done starting proc!
05-26 09:04:22.716 W/art     ( 3252): Long monitor contention with owner ActivityManager (3283) at void com.android.server.am.BroadcastQueue.processNextBroadcast(boolean)(BroadcastQueue.java:760) waiters=1 in android.content.ComponentName com.android.server.am.ActivityManagerService.startService(android.app.IApplicationThread, android.content.Intent, java.lang.String, java.lang.String, int) for 225ms
05-26 09:04:22.803 I/art     ( 4483): Not late-enabling -Xcheck:jni (already on)
05-26 09:04:22.864 W/art     ( 4483): Unexpected CPU variant for X86 using defaults: x86_64
05-26 09:04:23.390 W/art     ( 4407): Suspending all threads took: 21.012ms
05-26 09:04:23.596 I/art     ( 4407): Background partial concurrent mark sweep GC freed 23978(1759KB) AllocSpace objects, 29(580KB) LOS objects, 35% free, 7MB/11MB, paused 24.800ms total 700.095ms
05-26 09:04:24.931 I/ActivityManager( 3252): Killing 4111:com.android.printspooler/u0a51 (adj 906): empty #17
05-26 09:04:25.332 D/ActivityManager( 3252): cleanUpApplicationRecord -- 4111
05-26 09:04:26.883 I/art     ( 4407): Do partial code cache collection, code=26KB, data=30KB
05-26 09:04:26.894 I/art     ( 4407): After code cache collection, code=26KB, data=30KB
05-26 09:04:26.896 I/art     ( 4407): Increasing code cache capacity to 128KB
05-26 09:04:30.501 D/ManagerTimeoutTimer( 4407): Still waiting for the apk to start or stop. 4994.0 milliseconds left.
05-26 09:04:30.840 D/OpenCV/StaticHelper( 4483): Trying to get library list
05-26 09:04:31.062 E/OpenCV/StaticHelper( 4483): OpenCV error: Cannot load info library for OpenCV
05-26 09:04:31.063 D/OpenCV/StaticHelper( 4483): Library list: ""
05-26 09:04:31.063 D/OpenCV/StaticHelper( 4483): First attempt to load libs
05-26 09:04:31.063 D/OpenCV/StaticHelper( 4483): Trying to init OpenCV libs
05-26 09:04:31.066 D/OpenCV/StaticHelper( 4483): Trying to load library opencv_java3
05-26 09:04:31.350 D/OpenCV/StaticHelper( 4483): Library opencv_java3 loaded
05-26 09:04:31.350 D/OpenCV/StaticHelper( 4483): First attempt to load libs is OK
05-26 09:04:31.384 I/OpenCV/StaticHelper( 4483): 
05-26 09:04:31.384 I/OpenCV/StaticHelper( 4483): General configuration for OpenCV 3.4.4 =====================================
05-26 09:04:31.384 I/OpenCV/StaticHelper( 4483):   Version control:               3.4.4
05-26 09:04:31.384 I/OpenCV/StaticHelper( 4483): 
05-26 09:04:31.384 I/OpenCV/StaticHelper( 4483):   Extra modules:
05-26 09:04:31.384 I/OpenCV/StaticHelper( 4483):     Location (extra):            /build/3_4-contrib_pack-contrib-android/opencv_contrib/modules
05-26 09:04:31.384 I/OpenCV/StaticHelper( 4483):     Version control (extra):     3.4.4
05-26 09:04:31.384 I/OpenCV/StaticHelper( 4483): 
05-26 09:04:31.384 I/OpenCV/StaticHelper( 4483):   Platform:
05-26 09:04:31.385 I/OpenCV/StaticHelper( 4483):     Timestamp:                   2018-11-17T00:27:32Z
05-26 09:04:31.385 I/OpenCV/StaticHelper( 4483):     Host:                        Linux 4.15.0-38-generic x86_64
05-26 09:04:31.385 I/OpenCV/StaticHelper( 4483):     Target:                      Linux 1 x86_64
05-26 09:04:31.385 I/OpenCV/StaticHelper( 4483):     CMake:                       2.8.12.2
05-26 09:04:31.385 I/OpenCV/StaticHelper( 4483):     CMake generator:             Ninja
05-26 09:04:31.385 I/OpenCV/StaticHelper( 4483):     CMake build tool:            /usr/bin/ninja
05-26 09:04:31.385 I/OpenCV/StaticHelper( 4483):     Configuration:               Release
05-26 09:04:31.385 I/OpenCV/StaticHelper( 4483): 
05-26 09:04:31.385 I/OpenCV/StaticHelper( 4483):   CPU/HW features:
05-26 09:04:31.385 I/OpenCV/StaticHelper( 4483):     Baseline:                    SSE SSE2 SSE3
05-26 09:04:31.385 I/OpenCV/StaticHelper( 4483):       requested:                 SSE3
05-26 09:04:31.385 I/OpenCV/StaticHelper( 4483):     Dispatched code generation:  SSE4_1 SSE4_2 FP16 AVX AVX2
05-26 09:04:31.385 I/OpenCV/StaticHelper( 4483):       requested:                 SSE4_1 SSE4_2 AVX FP16 AVX2 AVX512_SKX
05-26 09:04:31.385 I/OpenCV/StaticHelper( 4483):       SSE4_1 (4 files):          + SSSE3 SSE4_1
05-26 09:04:31.385 I/OpenCV/StaticHelper( 4483):       SSE4_2 (1 files):          + SSSE3 SSE4_1 POPCNT SSE4_2
05-26 09:04:31.385 I/OpenCV/StaticHelper( 4483):       FP16 (0 files):            + SSSE3 SSE4_1 POPCNT SSE4_2 FP16 AVX
05-26 09:04:31.385 I/OpenCV/StaticHelper( 4483):       AVX (5 files):             + SSSE3 SSE4_1 POPCNT SSE4_2 AVX
05-26 09:04:31.407 I/OpenCV/StaticHelper( 4483):       AVX2 (10 files):           + SSSE3 SSE4_1 POPCNT SSE4_2 FP16 FMA3 AVX AVX2
05-26 09:04:31.407 I/OpenCV/StaticHelper( 4483): 
05-26 09:04:31.408 I/OpenCV/StaticHelper( 4483):   C/C++:
05-26 09:04:31.408 I/OpenCV/StaticHelper( 4483):     Built as dynamic libs?:      NO
05-26 09:04:31.408 I/OpenCV/StaticHelper( 4483):     C++ Compiler:                /usr/bin/ccache /opt/android/android-ndk-r10e/toolchains/x86_64-4.9/prebuilt/linux-x86_64/bin/x86_64-linux-android-g++ (ver 4.9)
05-26 09:04:31.408 I/OpenCV/StaticHelper( 4483):     C++ flags (Release):         -fexceptions -frtti --sysroot=/opt/android/android-ndk-r10e/platforms/android-21/arch-x86_64 -funwind-tables -funswitch-loops -finline-limit=300 -fsigned-char -no-canonical-prefixes -fdata-sections -ffunction-sections -Wa,--noexecstack  -DANDROID -D__ANDROID_API__=21   -fsigned-char -W -Wall -Werror=return-type -Werror=non-virtual-dtor -Werror=address -Werror=sequence-point -Wformat -Werror=format-security -Wmissing-declarations -Wundef -Winit-self -Wpointer-arith -Wshadow -Wsign-promo -Wuninitialized -Winit-self -Wno-narrowing -Wno-delete-non-virtual-dtor -Wno-comment -Wno-missing-field-initializers -fdiagnostics-show-option -Wno-long-long -fomit-frame-pointer  -msse -msse2 -msse3 -fvisibility=hidden -fvisibility-inlines-hidden -fomit-frame-pointer -fstrict-aliasing -O3 -DNDEBUG  -DNDEBUG
05-26 09:04:31.408 I/OpenCV/StaticHelper( 4483):     C++ flags (Debug):           -fexceptions -frtti --sysroot=/opt/android/android-ndk-r10e/platforms/android-21/arch-x86_64 -funwind-tables -funswitch-loops -finline-limit=300 -fsigned-char -no-canonical-prefixes -fdata-sections -ffunction-sections -Wa,--noexecstack  -DANDROID -D__ANDROID_API__=21   -fsigned-char -W -Wall -Werror=return-type -Werror=non-virtual-dtor -Werror=address -Werror=sequence-point -Wformat -Werror=format-security -Wmissing-declarations -Wundef -Winit-self -Wpointer-arith -Wshadow -Wsign-promo -Wuninitialized -Winit-self -Wno-narrowing -Wno-delete-non-virtual-dtor -Wno-comment -Wno-missing-field-initializers -fdiagnostics-show-option -Wno-long-long -fomit-frame-pointer  -msse -msse2 -msse3 -fvisibility=hidden -fvisibility-inlines-hidden -fno-omit-frame-pointer -fno-strict-aliasing -O0 -g -DDEBUG -D_DEBUG  -DDEBUG -D_DEBUG
05-26 09:04:31.408 I/OpenCV/StaticHelper( 4483):     C Compiler:                  /usr/bin/ccache /opt/android/android-ndk-r10e/toolchains/x86_64-4.9/prebuilt/linux-x86_64/bin/x86_64-linux-android-gcc
05-26 09:04:31.408 I/OpenCV/StaticHelper( 4483):     C flags (Release):           -fexceptions --sysroot=/opt/android/android-ndk-r10e/platforms/android-21/arch-x86_64 -funwind-tables -funswitch-loops -finline-limit=300 -fsigned-char -no-canonical-prefixes -fdata-sections -ffunction-sections -Wa,--noexecstack  -DANDROID -D__ANDROID_API__=21   -fsigned-char -W -Wall -Werror=return-type -Werror=non-virtual-dtor -Werror=address -Werror=sequence-point -Wformat -Werror=format-security -Wmissing-declarations -Wmissing-prototypes -Wstrict-prototypes -Wundef -Winit-self -Wpointer-arith -Wshadow -Wuninitialized -Winit-self -Wno-narrowing -Wno-comment -Wno-missing-field-initializers -fdiagnostics-show-option -Wno-long-long -fomit-frame-pointer  -msse -msse2 -msse3 -fvisibility=hidden -fomit-frame-pointer -fstrict-aliasing -O3 -DNDEBUG  -DNDEBUG
05-26 09:04:31.408 I/OpenCV/StaticHelper( 4483):     C flags (Debug):             -fexceptions --sysroot=/opt/android/android-ndk-r10e/platforms/android-21/arch-x86_64 -funwind-tables -funswitch-loops -finline-limit=300 -fsigned-char -no-canonical-prefixes -fdata-sections -ffunction-sections -Wa,--noexecstack  -DANDROID -D__ANDROID_API__=21   -fsigned-char -W -Wall -Werror=return-type -Werror=non-virtual-dtor -Werror=address -Werror=sequence-point -Wformat -Werror=format-security -Wmissing-declarations -Wmissing-prototypes -Wstrict-prototypes -Wundef -Winit-self -Wpointer-arith -Wshadow -Wuninitialized -Winit-self -Wno-narrowing -Wno-comment -Wno-missing-field-initializers -fdiagnostics-show-option -Wno-long-long -fomit-frame-pointer  -msse -msse2 -msse3 -fvisibility=hidden -fno-omit-frame-pointer -fno-strict-aliasing -O0 -g -DDEBUG -D_DEBUG  -DDEBUG -D_DEBUG
05-26 09:04:31.408 I/OpenCV/StaticHelper( 4483):     Linker flags (Release):      -Wl,--exclude-libs,libippicv.a -Wl,--exclude-libs,libippiw.a  -Wl,--no-undefined -Wl,--gc-sections -Wl,-z,noexecstack -Wl,-z,relro -Wl,-z,now    
05-26 09:04:31.408 I/OpenCV/StaticHelper( 4483):     Linker flags (Debug):        -Wl,--exclude-libs,libippicv.a -Wl,--exclude-libs,libippiw.a  -Wl,--no-undefined -Wl,--gc-sections -Wl,-z,noexecstack -Wl,-z,relro -Wl,-z,now    
05-26 09:04:31.408 I/OpenCV/StaticHelper( 4483):     ccache:                      YES
05-26 09:04:31.408 I/OpenCV/StaticHelper( 4483):     Precompiled headers:         NO
05-26 09:04:31.408 I/OpenCV/StaticHelper( 4483):     Extra dependencies:          z dl m log
05-26 09:04:31.408 I/OpenCV/StaticHelper( 4483):     3rdparty dependencies:       tbb libcpufeatures ittnotify libjpeg-turbo libwebp libpng libtiff libjasper IlmImf libprotobuf quirc ippiw ippicv
05-26 09:04:31.408 I/OpenCV/StaticHelper( 4483): 
05-26 09:04:31.408 I/OpenCV/StaticHelper( 4483):   OpenCV modules:
05-26 09:04:31.408 I/OpenCV/StaticHelper( 4483):     To be built:                 aruco bgsegm bioinspired calib3d ccalib core datasets dnn dnn_objdetect dpm face features2d flann fuzzy hfs highgui img_hash imgcodecs imgproc java java_bindings_generator line_descriptor ml objdetect optflow phase_unwrapping photo plot reg rgbd saliency shape stereo stitching structured_light superres surface_matching text tracking video videoio videostab xfeatures2d ximgproc xobjdetect xphoto
05-26 09:04:31.408 I/OpenCV/StaticHelper( 4483):     Disabled:                    world
05-26 09:04:31.408 I/OpenCV/StaticHelper( 4483):     Disabled by dependency:      -
05-26 09:04:31.409 I/OpenCV/StaticHelper( 4483):     Unavailable:                 cnn_3dobj cudaarithm cudabgsegm cudacodec cudafeatures2d cudafilters cudaimgproc cudalegacy cudaobjdetect cudaoptflow cudastereo cudawarping cudev cvv freetype hdf js matlab ovis python2 python3 sfm ts viz
05-26 09:04:31.409 I/OpenCV/StaticHelper( 4483):     Applications:                android_examples
05-26 09:04:31.409 I/OpenCV/StaticHelper( 4483):     Documentation:               NO
05-26 09:04:31.409 I/OpenCV/StaticHelper( 4483):     Non-free algorithms:         NO
05-26 09:04:31.409 I/OpenCV/StaticHelper( 4483): 
05-26 09:04:31.409 I/OpenCV/StaticHelper( 4483):   Android NDK:                   location: /opt/android/android-ndk-r10e
05-26 09:04:31.409 I/OpenCV/StaticHelper( 4483):     Android ABI:                 x86_64
05-26 09:04:31.409 I/OpenCV/StaticHelper( 4483):     NDK toolchain:               x86_64-4.9
05-26 09:04:31.409 I/OpenCV/StaticHelper( 4483):     STL type:                    gnustl_static
05-26 09:04:31.409 I/OpenCV/StaticHelper( 4483):     Native API level:            21
05-26 09:04:31.409 I/OpenCV/StaticHelper( 4483):   Android SDK:                   /opt/android/android-sdk-java7 (tools: 25.2.2 build tools: 23.0.3)
05-26 09:04:31.409 I/OpenCV/StaticHelper( 4483):     android tool:                /opt/android/android-sdk-java7/tools/android
