05-26 08:58:10.183 V/MediaRouter( 3469): Selecting route: RouteInfo{ name=Phone, description=null, status=null, category=RouteCategory{ name=null types=ROUTE_TYPE_LIVE_AUDIO ROUTE_TYPE_LIVE_VIDEO  groupable=false }, supportedTypes=ROUTE_TYPE_LIVE_AUDIO ROUTE_TYPE_LIVE_VIDEO , presentationDisplay=null }
05-26 08:58:10.288 I/art     ( 3511): System.exit called, status: 0
05-26 08:58:10.288 I/AndroidRuntime( 3511): VM exiting with result code 0, cleanup skipped.
05-26 08:58:10.447 I/MediaPlayerService( 1333): MediaPlayerService::getOMX
05-26 08:58:10.452 I/OMXClient( 1333): MuxOMX ctor
05-26 08:58:10.458 I/OMXMaster( 1330): makeComponentInstance(OMX.google.g711.mlaw.decoder) in mediacodec process
05-26 08:58:10.846 W/ProcessCpuTracker( 3252): Skipping unknown process pid 3511
05-26 08:58:11.006 W/ProcessCpuTracker( 3252): Skipping unknown process pid 3560
05-26 08:58:11.024 I/fsck_msdos( 1270): ** /dev/block/vold/public:253,48
05-26 08:58:11.024 I/fsck_msdos( 1270): ** Phase 1 - Read and Compare FATs
05-26 08:58:11.024 I/fsck_msdos( 1270): Attempting to allocate 1046 KB for FAT
05-26 08:58:11.312 I/fsck_msdos( 1270): Attempting to allocate 1046 KB for FAT
05-26 08:58:11.737 I/MediaPlayerService( 1333): MediaPlayerService::getOMX
05-26 08:58:11.751 I/OMXClient( 1333): MuxOMX ctor
05-26 08:58:11.752 I/OMXMaster( 1330): makeComponentInstance(OMX.google.vorbis.decoder) in mediacodec process
05-26 08:58:11.872 E/WVMExtractor( 3469): Failed to open libwvm.so: dlopen failed: library "libwvm.so" not found
05-26 08:58:11.970 I/fsck_msdos( 1270): ** Phase 2 - Check Cluster Chains
05-26 08:58:12.052 I/fsck_msdos( 1270): ** Phase 3 - Checking Directories
05-26 08:58:12.061 I/fsck_msdos( 1270): ** Phase 4 - Checking for Lost Files
05-26 08:58:12.080 I/fsck_msdos( 1270): 2 files, 534464 free (267232 clusters)
05-26 08:58:12.282 I/Vold    ( 1270): Filesystem check completed OK
05-26 08:58:12.283 D/VoldConnector( 3252): RCV <- {656 public:253,48 /mnt/media_rw/1EFF-1C1B}
05-26 08:58:12.321 D/VoldConnector( 3252): RCV <- {655 public:253,48 /storage/1EFF-1C1B}
05-26 08:58:12.666 V/vold    ( 1270): Waiting for FUSE to spin up...
05-26 08:58:12.720 V/vold    ( 1270): Waiting for FUSE to spin up...
05-26 08:58:12.780 V/vold    ( 1270): Waiting for FUSE to spin up...
05-26 08:58:12.828 W/InputAttributes( 3461): No editor info for this field. Bug?
05-26 08:58:12.831 V/vold    ( 1270): Waiting for FUSE to spin up...
05-26 08:58:12.890 V/vold    ( 1270): Waiting for FUSE to spin up...
05-26 08:58:12.950 V/vold    ( 1270): Waiting for FUSE to spin up...
05-26 08:58:13.005 I/MediaPlayerService( 1333): MediaPlayerService::getOMX
05-26 08:58:13.006 V/vold    ( 1270): Waiting for FUSE to spin up...
05-26 08:58:13.017 I/OMXClient( 1333): MuxOMX ctor
05-26 08:58:13.018 I/OMXMaster( 1330): makeComponentInstance(OMX.google.opus.decoder) in mediacodec process
05-26 08:58:13.060 V/vold    ( 1270): Waiting for FUSE to spin up...
05-26 08:58:13.120 V/vold    ( 1270): Waiting for FUSE to spin up...
05-26 08:58:13.180 V/vold    ( 1270): Waiting for FUSE to spin up...
05-26 08:58:13.248 V/vold    ( 1270): Waiting for FUSE to spin up...
05-26 08:58:13.263 W/sdcard  ( 3585): Device explicitly disabled sdcardfs
05-26 08:58:13.300 V/vold    ( 1270): Waiting for FUSE to spin up...
05-26 08:58:13.360 V/vold    ( 1270): Waiting for FUSE to spin up...
05-26 08:58:13.420 V/vold    ( 1270): Waiting for FUSE to spin up...
05-26 08:58:13.480 V/vold    ( 1270): Waiting for FUSE to spin up...
05-26 08:58:13.512 I/LatinIME:LogUtils( 3461): Dictionary info: dictionary = userunigram.en_US ; version = 1622019493 ; date = ?
05-26 08:58:13.516 E/ActivityThread( 3461): Failed to find provider info for user_dictionary
05-26 08:58:13.519 I/LatinIME:LogUtils( 3461): Dictionary info: dictionary = UserHistoryDictionary.en_US ; version = 1622019493 ; date = ?
05-26 08:58:13.538 V/vold    ( 1270): Waiting for FUSE to spin up...
05-26 08:58:13.592 D/VoldConnector( 3252): RCV <- {651 public:253,48 2}
05-26 08:58:13.594 D/VoldConnector( 3252): RCV <- {200 7 Command succeeded}
05-26 08:58:13.600 E/VoldConnector( 3252): NDC Command {7 volume mount public:253,48 2 0} took too long (5723ms)
05-26 08:58:13.785 E/NetdConnector( 3252): NDC Command {4 strict enable} took too long (3682ms)
05-26 08:58:13.786 W/NetworkManagement( 3252): setDataSaverMode(): already false
05-26 08:58:14.234 E/VoldConnector( 3252): NDC event {651 public:253,48 2} took too long: 638ms
05-26 08:58:14.265 I/MediaPlayerService( 1333): MediaPlayerService::getOMX
05-26 08:58:14.267 I/OMXClient( 1333): MuxOMX ctor
05-26 08:58:14.268 I/OMXMaster( 1330): makeComponentInstance(OMX.google.raw.decoder) in mediacodec process
05-26 08:58:14.393 I/MediaPlayerService( 1333): MediaPlayerService::getOMX
05-26 08:58:14.394 I/OMXClient( 1333): MuxOMX ctor
05-26 08:58:14.395 I/OMXMaster( 1330): makeComponentInstance(OMX.google.aac.encoder) in mediacodec process
05-26 08:58:14.681 I/vol.Events( 3469): writeEvent collection_started
05-26 08:58:14.810 I/MediaPlayerService( 1333): MediaPlayerService::getOMX
05-26 08:58:14.840 I/OMXClient( 1333): MuxOMX ctor
05-26 08:58:14.845 I/vol.Events( 3469): writeEvent external_ringer_mode_changed normal
05-26 08:58:14.846 I/vol.Events( 3469): writeEvent internal_ringer_mode_changed normal
05-26 08:58:14.850 I/OMXMaster( 1330): makeComponentInstance(OMX.google.amrnb.encoder) in mediacodec process
05-26 08:58:14.969 I/MediaPlayerService( 1333): MediaPlayerService::getOMX
05-26 08:58:14.982 I/OMXClient( 1333): MuxOMX ctor
05-26 08:58:14.982 I/OMXMaster( 1330): makeComponentInstance(OMX.google.amrwb.encoder) in mediacodec process
05-26 08:58:15.195 I/MediaPlayerService( 1333): MediaPlayerService::getOMX
05-26 08:58:15.196 I/OMXClient( 1333): MuxOMX ctor
05-26 08:58:15.197 I/OMXMaster( 1330): makeComponentInstance(OMX.google.flac.encoder) in mediacodec process
05-26 08:58:16.023 I/MediaPlayerService( 1333): MediaPlayerService::getOMX
05-26 08:58:16.052 I/OMXClient( 1333): MuxOMX ctor
05-26 08:58:16.052 I/OMXMaster( 1330): makeComponentInstance(OMX.google.gsm.decoder) in mediacodec process
05-26 08:58:16.661 I/MediaPlayerService( 1333): MediaPlayerService::getOMX
05-26 08:58:16.663 I/OMXClient( 1333): MuxOMX ctor
05-26 08:58:16.664 I/OMXMaster( 1330): makeComponentInstance(OMX.google.mpeg4.decoder) in mediacodec process
05-26 08:58:16.684 E/NetdConnector( 3252): NDC Command {7 bandwidth setglobalalert 2097152} took too long (2424ms)
05-26 08:58:16.752 D/NetworkPolicy( 3252): setRestrictBackgroundUL(): false
05-26 08:58:16.756 W/NetworkManagement( 3252): setDataSaverMode(): already false
05-26 08:58:17.008 W/art     ( 3252): Suspending all threads took: 28.796ms
05-26 08:58:17.341 I/art     ( 3252): Background sticky concurrent mark sweep GC freed 42316(2MB) AllocSpace objects, 15(296KB) LOS objects, 20% free, 13MB/16MB, paused 82.921ms total 515.414ms
05-26 08:58:17.515 E/OMXNodeInstance( 1330): getExtensionIndex(532000f:google.mpeg4.decoder, OMX.google.android.index.configureVideoTunnelMode) ERROR: UnsupportedIndex(0x8000101a)
05-26 08:58:17.516 W/OMXNodeInstance( 1330): [532000f:google.mpeg4.decoder] component does not support metadata mode; using fallback
05-26 08:58:17.620 I/MediaPlayerService( 1333): MediaPlayerService::getOMX
05-26 08:58:17.631 I/OMXClient( 1333): MuxOMX ctor
05-26 08:58:17.631 I/OMXMaster( 1330): makeComponentInstance(OMX.google.h263.decoder) in mediacodec process
05-26 08:58:18.217 W/art     ( 3252): Long monitor contention with owner NetworkPolicy (3417) at java.lang.Object java.lang.ref.Reference.getReferent!()(Reference.java:-2) waiters=0 in void com.android.server.NetworkManagementService.setFirewallChainEnabled(int, boolean) for 1.105s
05-26 08:58:18.388 E/OMXNodeInstance( 1330): getExtensionIndex(5320010:google.h263.decoder, OMX.google.android.index.configureVideoTunnelMode) ERROR: UnsupportedIndex(0x8000101a)
05-26 08:58:18.389 W/OMXNodeInstance( 1330): [5320010:google.h263.decoder] component does not support metadata mode; using fallback
05-26 08:58:18.435 I/MediaPlayerService( 1333): MediaPlayerService::getOMX
05-26 08:58:18.436 I/OMXClient( 1333): MuxOMX ctor
05-26 08:58:18.437 I/OMXMaster( 1330): makeComponentInstance(OMX.google.h264.decoder) in mediacodec process
05-26 08:58:18.697 I/vol.Events( 3469): writeEvent level_changed STREAM_ALARM 6
05-26 08:58:18.721 I/vol.Events( 3469): writeEvent level_changed STREAM_BLUETOOTH_SCO 7
05-26 08:58:18.790 I/vol.Events( 3469): writeEvent level_changed STREAM_MUSIC 11
05-26 08:58:18.919 I/vol.Events( 3469): writeEvent level_changed STREAM_RING 5
05-26 08:58:18.974 I/vol.Events( 3469): writeEvent level_changed STREAM_SYSTEM 5
05-26 08:58:19.003 I/vol.Events( 3469): writeEvent level_changed STREAM_VOICE_CALL 4
05-26 08:58:19.617 W/ACodec  ( 1333): [OMX.google.h264.decoder] stopping checking profiles after 32: 2/8000
05-26 08:58:19.651 E/OMXNodeInstance( 1330): getExtensionIndex(5320011:google.h264.decoder, OMX.google.android.index.configureVideoTunnelMode) ERROR: UnsupportedIndex(0x8000101a)
05-26 08:58:19.652 W/OMXNodeInstance( 1330): [5320011:google.h264.decoder] component does not support metadata mode; using fallback
05-26 08:58:19.700 I/MediaPlayerService( 1333): MediaPlayerService::getOMX
05-26 08:58:19.702 I/OMXClient( 1333): MuxOMX ctor
05-26 08:58:19.702 I/OMXMaster( 1330): makeComponentInstance(OMX.google.hevc.decoder) in mediacodec process
05-26 08:58:19.819 D/StorageNotification( 3469): Notifying about private volume: VolumeInfo{private}:
05-26 08:58:19.819 D/StorageNotification( 3469):     type=PRIVATE diskId=null partGuid=null mountFlags=0 mountUserId=-1 
05-26 08:58:19.819 D/StorageNotification( 3469):     state=MOUNTED 
05-26 08:58:19.819 D/StorageNotification( 3469):     fsType=null fsUuid=null fsLabel=null 
05-26 08:58:19.819 D/StorageNotification( 3469):     path=/data internalPath=null 
05-26 08:58:19.843 D/StorageNotification( 3469): Notifying about public volume: VolumeInfo{public:253,48}:
05-26 08:58:19.843 D/StorageNotification( 3469):     type=PUBLIC diskId=disk:253,48 partGuid=null mountFlags=VISIBLE 
05-26 08:58:19.843 D/StorageNotification( 3469):     mountUserId=0 state=MOUNTED 
05-26 08:58:19.843 D/StorageNotification( 3469):     fsType=vfat fsUuid=1EFF-1C1B fsLabel=SDCARD 
05-26 08:58:19.843 D/StorageNotification( 3469):     path=/storage/1EFF-1C1B internalPath=/mnt/media_rw/1EFF-1C1B 
05-26 08:58:19.898 W/AudioService( 3252): onLoadSoundEffects(), Error 1 while loading samples
05-26 08:58:20.977 E/OMXNodeInstance( 1330): getExtensionIndex(5320012:google.hevc.decoder, OMX.google.android.index.configureVideoTunnelMode) ERROR: UnsupportedIndex(0x8000101a)
05-26 08:58:20.979 W/OMXNodeInstance( 1330): [5320012:google.hevc.decoder] component does not support metadata mode; using fallback
05-26 08:58:20.998 E/NetdConnector( 3252): NDC Command {8 firewall enable_chain standby} took too long (2779ms)
05-26 08:58:21.041 E/NetdConnector( 3252): NDC Command {9 bandwidth gettetherstats} took too long (1678ms)
05-26 08:58:21.179 I/Choreographer( 3469): Skipped 107 frames!  The application may be doing too much work on its main thread.
05-26 08:58:21.254 I/MediaPlayerService( 1333): MediaPlayerService::getOMX
05-26 08:58:21.258 I/OMXClient( 1333): MuxOMX ctor
05-26 08:58:21.294 I/OMXMaster( 1330): makeComponentInstance(OMX.google.vp8.decoder) in mediacodec process
05-26 08:58:21.368 I/SystemServiceManager( 3252): Starting phase 600
05-26 08:58:21.584 W/art     ( 3461): Long monitor contention with owner AsyncTask #1 (3591) at boolean android.os.MessageQueue.enqueueMessage(android.os.Message, long)(MessageQueue.java:541) waiters=0 in android.os.Message android.os.MessageQueue.next() for 1.684s
05-26 08:58:21.779 D/SensorNotificationService( 3252): Cannot obtain dynamic meta sensor, not supported.
05-26 08:58:22.097 I/GnssLocationProvider( 3252): WakeLock acquired by sendMessage(13, 0, null)
05-26 08:58:22.194 W/LocationManagerService( 3252): no network location provider found
05-26 08:58:22.269 E/LocationManagerService( 3252): no geocoder provider found
05-26 08:58:22.321 E/FlpHardwareProvider( 3252): Error hw_get_module 'flp': -2
05-26 08:58:22.321 D/LocationManagerService( 3252): FLP HAL not supported
05-26 08:58:22.327 D/LocationManagerService( 3252): Unable to bind FLP Geofence proxy.
05-26 08:58:22.342 W/ActivityManager( 3252): Timeout executing service: ServiceRecord{3fe1f34 u0 com.android.server.telecom/.components.TelecomService}
05-26 08:58:22.411 E/ActivityRecognitionHardware( 3252): Error hw_get_module: -2
05-26 08:58:22.412 D/LocationManagerService( 3252): Hardware Activity-Recognition not supported.
05-26 08:58:22.414 E/ActivityRecognitionProxy( 3252): ServiceWatcher could not start.
05-26 08:58:22.414 D/LocationManagerService( 3252): Unable to bind ActivityRecognitionProxy.
05-26 08:58:22.416 I/GnssLocationProvider( 3252): WakeLock acquired by sendMessage(2, 1, null)
05-26 08:58:22.531 I/StatusBarManagerService( 3252): registerStatusBar bar=com.android.internal.statusbar.IStatusBar$Stub$Proxy@a6cfc39
05-26 08:58:22.575 I/CommonTimeManagementService( 3252): No common time service detected on this platform.  Common time services will be unavailable.
05-26 08:58:22.599 I/InputReader( 3252): Reconfiguring input devices.  changes=0x00000020
05-26 08:58:22.636 E/OMXNodeInstance( 1330): getExtensionIndex(5320013:google.vp8.decoder, OMX.google.android.index.configureVideoTunnelMode) ERROR: UnsupportedIndex(0x8000101a)
05-26 08:58:22.637 W/OMXNodeInstance( 1330): [5320013:google.vp8.decoder] component does not support metadata mode; using fallback
05-26 08:58:22.682 I/Process ( 3252): Sending signal. PID: 3252 SIG: 3
05-26 08:58:22.684 I/art     ( 3252): Thread[2,tid=3257,WaitingInMainSignalCatcherLoop,Thread*=0x7d61e240e000,peer=0x12c010d0,"Signal Catcher"]: reacting to signal 3
05-26 08:58:22.684 I/art     ( 3252): 
05-26 08:58:22.700 W/art     ( 3252): Suspending all threads took: 13.598ms
05-26 08:58:22.713 I/MmsServiceBroker( 3252): Delay connecting to MmsService until an API is called
05-26 08:58:22.735 W/VoiceInteractionManagerService( 3252): no available voice interaction services found for user 0
05-26 08:58:22.736 W/VoiceInteractionManagerService( 3252): no available voice recognition services found for user 0
05-26 08:58:22.791 I/InputReader( 3252): Reconfiguring input devices.  changes=0x00000010
05-26 08:58:22.794 I/MediaPlayerService( 1333): MediaPlayerService::getOMX
05-26 08:58:22.796 I/OMXClient( 1333): MuxOMX ctor
05-26 08:58:22.797 I/OMXMaster( 1330): makeComponentInstance(OMX.google.vp9.decoder) in mediacodec process
05-26 08:58:23.072 W/ActivityManager( 3252): Slow operation: 286ms so far, now at startProcess: returned from zygote!
05-26 08:58:23.073 W/ActivityManager( 3252): Slow operation: 287ms so far, now at startProcess: done updating battery stats
05-26 08:58:23.073 W/ActivityManager( 3252): Slow operation: 287ms so far, now at startProcess: building log message
05-26 08:58:23.074 I/ActivityManager( 3252): Start proc 3661:com.android.phone/1001 for added application com.android.phone
05-26 08:58:23.074 W/ActivityManager( 3252): Slow operation: 288ms so far, now at startProcess: starting to update pids map
05-26 08:58:23.074 W/ActivityManager( 3252): Slow operation: 288ms so far, now at startProcess: done updating pids map
05-26 08:58:23.078 I/ActivityManager( 3252): START u0 {act=android.intent.action.MAIN cat=[android.intent.category.HOME] flg=0x10000100 cmp=com.android.settings/.FallbackHome} from uid 0 on display 0
05-26 08:58:23.108 W/System  ( 3252): ClassLoader referenced unknown path: 
05-26 08:58:23.109 W/System  ( 3252): ClassLoader referenced unknown path: /system/priv-app/Settings/lib/x86_64
05-26 08:58:23.284 W/art     ( 3661): Unexpected CPU variant for X86 using defaults: x86_64
05-26 08:58:23.314 D/ApplicationLoaders( 3252): ignored Vulkan layer search path /system/priv-app/Settings/lib/x86_64:/system/priv-app/Settings/Settings.apk!/lib/x86_64:/system/lib64:/vendor/lib64 for namespace 0x7d61ed899160
05-26 08:58:23.464 I/ActivityManager( 3252): Loaded persisted task ids for user 0
05-26 08:58:23.635 E/OMXNodeInstance( 1330): getExtensionIndex(5320014:google.vp9.decoder, OMX.google.android.index.configureVideoTunnelMode) ERROR: UnsupportedIndex(0x8000101a)
05-26 08:58:23.636 W/OMXNodeInstance( 1330): [5320014:google.vp9.decoder] component does not support metadata mode; using fallback
05-26 08:58:23.704 W/art     ( 3675): Unexpected CPU variant for X86 using defaults: x86_64
05-26 08:58:23.742 I/MediaPlayerService( 1333): MediaPlayerService::getOMX
05-26 08:58:23.743 I/OMXClient( 1333): MuxOMX ctor
05-26 08:58:23.744 I/OMXMaster( 1330): makeComponentInstance(OMX.google.h263.encoder) in mediacodec process
05-26 08:58:24.425 I/SoftMPEG4Encoder( 1330): Construct SoftMPEG4Encoder
05-26 08:58:24.436 W/ACodec  ( 1333): do not know color format 0x7f000789 = 2130708361
05-26 08:58:24.534 E/OMXNodeInstance( 1330): getConfig(5320015:google.h263.encoder, ConfigAndroidIntraRefresh(0x6f60000a)) ERROR: Undefined(0x80001001)
05-26 08:58:24.612 I/MediaPlayerService( 1333): MediaPlayerService::getOMX
05-26 08:58:24.613 I/OMXClient( 1333): MuxOMX ctor
05-26 08:58:24.614 I/OMXMaster( 1330): makeComponentInstance(OMX.google.h264.encoder) in mediacodec process
05-26 08:58:25.474 W/ACodec  ( 1333): do not know color format 0x7f000789 = 2130708361
05-26 08:58:25.513 I/MediaPlayerService( 1333): MediaPlayerService::getOMX
05-26 08:58:25.514 I/OMXClient( 1333): MuxOMX ctor
05-26 08:58:25.515 I/OMXMaster( 1330): makeComponentInstance(OMX.google.mpeg4.encoder) in mediacodec process
05-26 08:58:25.993 I/SoftMPEG4Encoder( 1330): Construct SoftMPEG4Encoder
05-26 08:58:26.014 W/ACodec  ( 1333): do not know color format 0x7f000789 = 2130708361
05-26 08:58:26.015 E/OMXNodeInstance( 1330): getConfig(5320017:google.mpeg4.encoder, ConfigAndroidIntraRefresh(0x6f60000a)) ERROR: Undefined(0x80001001)
05-26 08:58:26.038 I/MediaPlayerService( 1333): MediaPlayerService::getOMX
05-26 08:58:26.060 I/OMXClient( 1333): MuxOMX ctor
05-26 08:58:26.061 I/OMXMaster( 1330): makeComponentInstance(OMX.google.vp8.encoder) in mediacodec process
05-26 08:58:26.607 W/ACodec  ( 1333): do not know color format 0x7f000789 = 2130708361
05-26 08:58:26.609 E/OMXNodeInstance( 1330): getConfig(5320018:google.vp8.encoder, ConfigAndroidIntraRefresh(0x6f60000a)) ERROR: Undefined(0x80001001)
05-26 08:58:26.695 I/MediaPlayerService( 1333): MediaPlayerService::getOMX
05-26 08:58:26.696 I/OMXClient( 1333): MuxOMX ctor
05-26 08:58:26.721 I/MediaPlayerService( 1333): MediaPlayerService::getOMX
05-26 08:58:26.722 I/OMXClient( 1333): MuxOMX ctor
05-26 08:58:26.723 W/MediaCodecList( 1333): unable to open media codecs configuration xml file: /data/misc/media/media_codecs_profiling_results.xml
05-26 08:58:26.735 I/MediaPlayerService( 1333): MediaPlayerService::getOMX
05-26 08:58:26.738 I/OMXClient( 3252): MuxOMX ctor
05-26 08:58:26.751 I/OMXMaster( 1330): makeComponentInstance(OMX.google.vorbis.decoder) in mediacodec process
05-26 08:58:27.020 I/MediaPlayerService( 1333): MediaPlayerService::getOMX
05-26 08:58:27.023 I/OMXClient( 3469): MuxOMX ctor
05-26 08:58:27.052 I/OMXMaster( 1330): makeComponentInstance(OMX.google.vorbis.decoder) in mediacodec process
05-26 08:58:27.569 I/Process ( 3252): Sending signal. PID: 3469 SIG: 3
05-26 08:58:27.570 I/art     ( 3469): Thread[3,tid=3478,WaitingInMainSignalCatcherLoop,Thread*=0x7d61e9096400,peer=0x12c005e0,"Signal Catcher"]: reacting to signal 3
05-26 08:58:27.570 I/art     ( 3469): 
05-26 08:58:27.570 W/ActivityManager( 3252): Slow operation: 3995ms so far, now at startProcess: returned from zygote!
05-26 08:58:27.599 W/ActivityManager( 3252): Slow operation: 4025ms so far, now at startProcess: done updating battery stats
05-26 08:58:27.599 W/ActivityManager( 3252): Slow operation: 4025ms so far, now at startProcess: building log message
05-26 08:58:27.600 I/ActivityManager( 3252): Start proc 3675:com.android.settings/1000 for activity com.android.settings/.FallbackHome
05-26 08:58:27.600 W/ActivityManager( 3252): Slow operation: 4026ms so far, now at startProcess: starting to update pids map
05-26 08:58:27.600 W/ActivityManager( 3252): Slow operation: 4026ms so far, now at startProcess: done updating pids map
05-26 08:58:27.670 W/ActivityManager( 3252): Slow operation: 4026ms so far, now at startProcess: done starting proc!
05-26 08:58:27.723 W/art     ( 3252): Long monitor contention with owner main (3252) at void com.android.server.am.ActivityManagerService.systemReady(java.lang.Runnable)(ActivityManagerService.java:13368) waiters=0 in void com.android.server.am.ActivityManagerService.dispatchUidsChanged() for 4.982s
05-26 08:58:27.871 I/SystemServer( 3252): Enabled StrictMode for system server main thread.
05-26 08:58:27.964 D/ConditionProviders.SCP( 3252): onConnected
05-26 08:58:27.995 D/ZenLog  ( 3252): set_zen_mode: off,readXml
05-26 08:58:28.065 D/ConditionProviders( 3252): Subscribing to condition://android/schedule?days=1.2.3.4.5&start=22.0&end=7.0&exitAtAlarm=false with ComponentInfo{android/com.android.server.notification.ScheduleConditionProvider}
05-26 08:58:28.066 D/ZenLog  ( 3252): subscribe: condition://android/schedule?days=1.2.3.4.5&start=22.0&end=7.0&exitAtAlarm=false,ok
05-26 08:58:28.067 D/ConditionProviders( 3252): Subscribing to condition://android/schedule?days=6.7&start=23.30&end=10.0&exitAtAlarm=false with ComponentInfo{android/com.android.server.notification.ScheduleConditionProvider}
05-26 08:58:28.067 D/ZenLog  ( 3252): subscribe: condition://android/schedule?days=6.7&start=23.30&end=10.0&exitAtAlarm=false,ok
05-26 08:58:28.068 D/ConditionProviders( 3252): Subscribing to condition://android/event?userId=-10000&calendar=&reply=1 with ComponentInfo{android/com.android.server.notification.EventConditionProvider}
05-26 08:58:28.068 D/ZenLog  ( 3252): subscribe: condition://android/event?userId=-10000&calendar=&reply=1,ok
05-26 08:58:28.358 W/GnssLocationProvider( 3252): Could not open GPS configuration file /etc/gps.conf
05-26 08:58:28.358 E/GnssLocationProvider( 3252): no AGPS interface in set_agps_server
05-26 08:58:28.441 D/RttService( 3252): SCAN_AVAILABLE : 1
05-26 08:58:28.442 D/ZenLog  ( 3252): set_zen_mode: off,cleanUpZenRules
05-26 08:58:28.665 W/System  ( 3252): ClassLoader referenced unknown path: /system/priv-app/Telecom/lib/x86_64
05-26 08:58:28.669 D/ApplicationLoaders( 3252): ignored Vulkan layer search path /system/priv-app/Telecom/lib/x86_64:/system/priv-app/Telecom/Telecom.apk!/lib/x86_64:/system/lib64:/vendor/lib64 for namespace 0x7d61ed8991d0
05-26 08:58:28.759 W/        ( 1269): debuggerd: handling request: pid=1320 uid=1000 gid=1003 tid=1320
05-26 08:58:28.806 W/System  ( 3661): ClassLoader referenced unknown path: /system/priv-app/TeleService/lib/x86_64
05-26 08:58:29.229 W/        ( 1269): debuggerd: resuming target 1320
05-26 08:58:29.337 W/        ( 1269): debuggerd: handling request: pid=1325 uid=1041 gid=1005 tid=1325
05-26 08:58:29.665 W/        ( 1268): debuggerd: handling request: pid=1325 uid=1041 gid=1005 tid=1325
05-26 08:58:29.703 E/BluetoothAdapter( 3252): Bluetooth binder is null
05-26 08:58:29.822 W/System  ( 3661): ClassLoader referenced unknown path: /system/priv-app/TelephonyProvider/lib/x86_64
05-26 08:58:29.826 D/ApplicationLoaders( 3661): ignored Vulkan layer search path /system/priv-app/TelephonyProvider/lib/x86_64:/system/lib64:/vendor/lib64 for namespace 0x7d61ed8890f0
05-26 08:58:30.351 D/TelephonyProvider( 3661): dbh.onOpen: ok, queried table=siminfo
05-26 08:58:30.353 D/TelephonyProvider( 3661): dbh.onOpen: ok, queried table=carriers
05-26 08:58:30.572 W/        ( 1268): debuggerd: resuming target 1325
05-26 08:58:30.589 W/        ( 1269): debuggerd: handling request: pid=1326 uid=1047 gid=1005 tid=1326
05-26 08:58:30.598 W/        ( 1268): debuggerd: handling request: pid=1326 uid=1047 gid=1005 tid=1326
05-26 08:58:30.813 I/Telecom ( 3252): SystemStateProvider: Registering car mode receiver: android.content.IntentFilter@299ff31: TS.init@AAA
05-26 08:58:31.003 W/        ( 1268): debuggerd: resuming target 1326
05-26 08:58:31.007 W/        ( 1269): debuggerd: handling request: pid=1327 uid=1019 gid=1019 tid=1327
05-26 08:58:31.037 W/        ( 1268): debuggerd: handling request: pid=1327 uid=1019 gid=1019 tid=1327
05-26 08:58:31.116 I/LatinIME:LogUtils( 3461): Dictionary info: dictionary = main:en ; version = 54 ; date = 1414726273
05-26 08:58:31.383 W/        ( 1268): debuggerd: resuming target 1327
05-26 08:58:31.387 W/        ( 1269): debuggerd: handling request: pid=1330 uid=1046 gid=1006 tid=1330
05-26 08:58:31.389 W/        ( 1268): debuggerd: handling request: pid=1330 uid=1046 gid=1006 tid=1330
05-26 08:58:31.793 W/        ( 1268): debuggerd: resuming target 1330
05-26 08:58:31.796 W/        ( 1269): debuggerd: handling request: pid=1331 uid=1013 gid=1031 tid=1331
05-26 08:58:31.798 W/        ( 1268): debuggerd: handling request: pid=1331 uid=1013 gid=1031 tid=1331
05-26 08:58:31.974 W/        ( 1268): debuggerd: resuming target 1331
05-26 08:58:31.977 W/        ( 1269): debuggerd: handling request: pid=1332 uid=1040 gid=1026 tid=1332
05-26 08:58:31.979 W/        ( 1268): debuggerd: handling request: pid=1332 uid=1040 gid=1026 tid=1332
05-26 08:58:32.211 I/WifiScanningService( 3252): wifi driver unloaded
05-26 08:58:32.213 D/RttService( 3252): DefaultState got{ when=-3s771ms what=160513 target=com.android.internal.util.StateMachine$SmHandler }
05-26 08:58:32.238 W/art     ( 3252): Long monitor contention with owner main (3252) at void com.android.server.am.ActivityManagerService.systemReady(java.lang.Runnable)(ActivityManagerService.java:13368) waiters=1 in android.content.IIntentSender com.android.server.am.ActivityManagerService.getIntentSender(int, java.lang.String, android.os.IBinder, java.lang.String, int, android.content.Intent[], java.lang.String[], int, android.os.Bundle, int) for 8.713s
05-26 08:58:32.244 W/        ( 1268): debuggerd: resuming target 1332
05-26 08:58:32.247 W/        ( 1269): debuggerd: handling request: pid=1333 uid=1013 gid=1005 tid=1333
05-26 08:58:32.249 W/        ( 1268): debuggerd: handling request: pid=1333 uid=1013 gid=1005 tid=1333
05-26 08:58:32.470 W/art     ( 3661): Long monitor contention with owner main (3661) at boolean android.os.BinderProxy.transactNative(int, android.os.Parcel, android.os.Parcel, int)(Binder.java:-2) waiters=0 in void com.android.internal.telephony.RIL.acquireWakeLock(com.android.internal.telephony.RILRequest, int) for 768ms
05-26 08:58:32.491 I/Telecom ( 3252): Telecom: Non-call EVENT: AUDIO_ROUTE, Entering state QuiescentEarpieceRoute
05-26 08:58:32.568 I/Telecom ( 3252): CallAudioModeStateMachine: Message received: null.: TS.init->CAMSM.pM_1@AAA_0
05-26 08:58:32.715 W/        ( 1268): debuggerd: resuming target 1333
05-26 08:58:32.718 W/        ( 1269): debuggerd: handling request: pid=3534 uid=1023 gid=1023 tid=3534
05-26 08:58:32.766 E/ActivityThread( 3252): Failed to find provider info for call_log
05-26 08:58:32.789 E/BluetoothAdapter( 3252): Bluetooth binder is null
05-26 08:58:32.894 I/Telecom ( 3252): Class: TelecomSystem.INSTANCE being set
05-26 08:58:32.968 W/        ( 1269): debuggerd: resuming target 3534
05-26 08:58:32.971 E/BluetoothAdapter( 3252): Bluetooth binder is null
05-26 08:58:32.975 W/        ( 1269): debuggerd: handling request: pid=3585 uid=1023 gid=1023 tid=3585
05-26 08:58:33.016 W/ContextImpl( 3252): Calling a method in the system process without a qualified user: android.app.ContextImpl.startService:1357 com.android.server.content.SyncManager$13.run:658 android.os.Handler.handleCallback:751 android.os.Handler.dispatchMessage:95 android.os.Looper.loop:154 
05-26 08:58:33.124 W/        ( 1269): debuggerd: resuming target 3585
05-26 08:58:33.412 W/art     ( 3252): Long monitor contention with owner main (3252) at int android.content.res.AssetManager.loadResourceValue!(int, short, android.util.TypedValue, boolean)(AssetManager.java:-2) waiters=0 in android.content.pm.UserInfo com.android.server.pm.UserManagerService.getUserInfoNoChecks(int) for 293ms
05-26 08:58:33.890 I/GnssLocationProvider( 3252): WakeLock released by handleMessage(13, 0, null)
05-26 08:58:33.900 W/libbacktrace( 3469): bool ThreadEntry::Wait(int): pthread_cond_timedwait for value 1 failed: Connection timed out
05-26 08:58:33.900 E/libbacktrace( 3469): bool BacktraceCurrent::UnwindThread(size_t): Timed out waiting for signal handler to get ucontext data.
05-26 08:58:34.267 E/libbacktrace( 3469): void SignalLogOnly(int, siginfo_t *, void *): pid 3469, tid 3646: Received a spurious signal 33
05-26 08:58:34.295 I/art     ( 3469): Wrote stack traces to '/data/anr/traces.txt'
05-26 08:58:34.379 I/MediaPlayerService( 1333): MediaPlayerService::getOMX
05-26 08:58:34.385 I/OMXClient( 3469): MuxOMX ctor
05-26 08:58:34.389 I/OMXMaster( 1330): makeComponentInstance(OMX.google.vorbis.decoder) in mediacodec process
05-26 08:58:34.481 E/GnssLocationProvider( 3252): no AGPS interface in set_agps_server
05-26 08:58:35.104 W/System  ( 3252): ClassLoader referenced unknown path: /system/priv-app/FusedLocation/lib/x86_64
05-26 08:58:35.109 D/ApplicationLoaders( 3252): ignored Vulkan layer search path /system/priv-app/FusedLocation/lib/x86_64:/system/priv-app/FusedLocation/FusedLocation.apk!/lib/x86_64:/system/lib64:/vendor/lib64 for namespace 0x7d61ed899240
05-26 08:58:35.435 I/MediaPlayerService( 1333): MediaPlayerService::getOMX
05-26 08:58:35.437 I/OMXClient( 3469): MuxOMX ctor
05-26 08:58:35.442 I/OMXMaster( 1330): makeComponentInstance(OMX.google.vorbis.decoder) in mediacodec process
05-26 08:58:35.887 W/art     ( 3252): Verification of void com.android.location.fused.FusedLocationProvider.<init>(android.content.Context) took 165.441ms
05-26 08:58:36.012 W/art     ( 3252): Verification of void com.android.location.fused.FusedLocationProvider.onDisable() took 122.341ms
05-26 08:58:36.495 V/WiredAccessoryManager( 3252): notifyWiredAccessoryChanged: when=0 bits= mask=54
05-26 08:58:36.496 V/WiredAccessoryManager( 3252): newName=h2w newState=0 headsetState=0 prev headsetState=0
05-26 08:58:36.496 E/WiredAccessoryManager( 3252): No state change.
05-26 08:58:36.496 V/WiredAccessoryManager( 3252): init()
05-26 08:58:36.700 D/ConditionProviders.SCP( 3252): onSubscribe condition://android/schedule?days=1.2.3.4.5&start=22.0&end=7.0&exitAtAlarm=false
05-26 08:58:36.707 D/ConditionProviders.SCP( 3252): setRegistered true
05-26 08:58:36.772 D/ConditionProviders.SCP( 3252): notifyCondition condition://android/schedule?days=1.2.3.4.5&start=22.0&end=7.0&exitAtAlarm=false STATE_FALSE reason=!meetsSchedule
05-26 08:58:36.879 D/ConditionProviders.SCP( 3252): Scheduling evaluate for Wed May 26 22:00:00 UTC 2021 (1622066400000), in +13h1m23s292ms, now=Wed May 26 08:58:36 UTC 2021 (1622019516708)
05-26 08:58:36.894 D/ConditionProviders.SCP( 3252): onSubscribe condition://android/schedule?days=6.7&start=23.30&end=10.0&exitAtAlarm=false
05-26 08:58:36.897 D/ConditionProviders.SCP( 3252): notifyCondition condition://android/schedule?days=6.7&start=23.30&end=10.0&exitAtAlarm=false STATE_FALSE reason=!meetsSchedule
05-26 08:58:37.070 D/ConditionProviders.SCP( 3252): notifyCondition condition://android/schedule?days=1.2.3.4.5&start=22.0&end=7.0&exitAtAlarm=false STATE_FALSE reason=!meetsSchedule
05-26 08:58:37.074 D/ConditionProviders.SCP( 3252): Scheduling evaluate for Wed May 26 10:00:00 UTC 2021 (1622023200000), in +1h1m23s104ms, now=Wed May 26 08:58:36 UTC 2021 (1622019516896)
05-26 08:58:37.109 I/Telecom ( 3252): WiredHeadsetManager: ACTION_HEADSET_PLUG event, plugged in: false, : WHC.oADA@AAE
05-26 08:58:37.217 I/ActivityManager( 3252): user 0 is still locked. Cannot load recents
05-26 08:58:37.819 W/ProcessCpuTracker( 3252): Skipping unknown process pid 3783
05-26 08:58:38.227 W/ProcessCpuTracker( 3252): Skipping unknown process pid 3746
05-26 08:58:38.380 I/GnssLocationProvider( 3252): WakeLock released by handleMessage(2, 1, null)
05-26 08:58:39.041 W/art     ( 3252): Long monitor contention with owner android.bg (3281) at boolean android.os.MessageQueue.enqueueMessage(android.os.Message, long)(MessageQueue.java:541) waiters=0 in android.os.Message android.os.MessageQueue.next() for 341ms
05-26 08:58:39.050 W/art     ( 3252): Long monitor contention with owner AsyncTask #1 (3440) at void android.os.MessageQueue.nativeWake(long)(MessageQueue.java:-2) waiters=0 in android.os.Message android.os.MessageQueue.next() for 269ms
05-26 08:58:39.330 D/PermissionCache( 1320): checking android.permission.READ_FRAME_BUFFER for uid=1000 => granted (3218 us)
05-26 08:58:39.461 D/gralloc ( 1320): Registering a buffer in the process that created it. This may cause memory ordering problems.
05-26 08:58:39.462 E/libEGL  ( 1320): called unimplemented OpenGL ES API
05-26 08:58:39.462 E/SurfaceFlinger( 1320): glCheckFramebufferStatusOES error -2084878365
05-26 08:58:39.462 E/SurfaceFlinger( 1320): got GL_FRAMEBUFFER_COMPLETE_OES error while taking screenshot
05-26 08:58:39.541 W/art     ( 3252): Suspending all threads took: 52.848ms
05-26 08:58:39.868 W/System  ( 3675): ClassLoader referenced unknown path: /system/priv-app/Settings/lib/x86_64
05-26 08:58:39.871 I/art     ( 3252): Background sticky concurrent mark sweep GC freed 40699(2MB) AllocSpace objects, 9(212KB) LOS objects, 14% free, 14MB/16MB, paused 74.063ms total 3.291s
05-26 08:58:39.891 I/art     ( 3252): Wrote stack traces to '/data/anr/traces.txt'
05-26 08:58:40.057 E/ActivityManager( 3252): ANR in system
05-26 08:58:40.057 E/ActivityManager( 3252): PID: 3252
05-26 08:58:40.057 E/ActivityManager( 3252): Reason: executing service com.android.server.telecom/.components.TelecomService
05-26 08:58:40.057 E/ActivityManager( 3252): Load: 10.02 / 4.33 / 1.69
05-26 08:58:40.057 E/ActivityManager( 3252): CPU usage from 3101ms to -17522ms ago (2021-05-26 08:58:19.272 to 2021-05-26 08:58:39.895):
05-26 08:58:40.057 E/ActivityManager( 3252):   48% 1935/bootanimation: 26% user + 22% kernel
05-26 08:58:40.057 E/ActivityManager( 3252):   44% 1320/surfaceflinger: 28% user + 16% kernel / faults: 42 minor
05-26 08:58:40.057 E/ActivityManager( 3252):   31% 3252/system_server: 10% user + 20% kernel / faults: 3835 minor 34 major
05-26 08:58:40.057 E/ActivityManager( 3252):   13% 1330/media.codec: 4.1% user + 9.1% kernel / faults: 6227 minor 15 major
05-26 08:58:40.057 E/ActivityManager( 3252):   10% 3469/com.android.systemui: 4.3% user + 6.6% kernel / faults: 2365 minor 19 major
05-26 08:58:40.057 E/ActivityManager( 3252):   4.1% 8/rcu_preempt: 0% user + 4.1% kernel
05-26 08:58:40.057 E/ActivityManager( 3252):   4% 2649/adbd: 0.7% user + 3.2% kernel / faults: 1394 minor
05-26 08:58:40.057 E/ActivityManager( 3252):   1.4% 1333/mediaserver: 0.6% user + 0.8% kernel / faults: 72 minor
05-26 08:58:40.057 E/ActivityManager( 3252):   1.1% 3461/com.android.inputmethod.latin: 0.6% user + 0.5% kernel / faults: 258 minor
05-26 08:58:40.057 E/ActivityManager( 3252):   1% 1332/media.extractor: 0.4% user + 0.6% kernel / faults: 106 minor
05-26 08:58:40.057 E/ActivityManager( 3252):   0.8% 1319/servicemanager: 0.2% user + 0.6% kernel
05-26 08:58:40.057 E/ActivityManager( 3252):   0.1% 1269/debuggerd64: 0% user + 0.1% kernel / faults: 103 minor
05-26 08:58:40.057 E/ActivityManager( 3252):   0.1% 1268/debuggerd: 0% user + 0.1% kernel / faults: 180 minor
05-26 08:58:40.057 E/ActivityManager( 3252):   0.5% 1325/audioserver: 0.3% user + 0.1% kernel / faults: 42 minor
05-26 08:58:40.057 E/ActivityManager( 3252):   0.3% 1323/zygote64: 0% user + 0.3% kernel / faults: 306 minor
05-26 08:58:40.057 E/ActivityManager( 3252):   0.4% 1334/netd: 0% user + 0.3% kernel / faults: 77 minor
05-26 08:58:40.057 E/ActivityManager( 3252):   0.3% 1255/kworker/0:1H: 0% user + 0.3% kernel
05-26 08:58:40.057 E/ActivityManager( 3252):   0.3% 1267/logd: 0% user + 0.3% kernel / faults: 16 minor
05-26 08:58:40.057 E/ActivityManager( 3252):   0.3% 1265/jbd2/vdc-8: 0% user + 0.3% kernel
05-26 08:58:40.057 E/ActivityManager( 3252):   0.2% 3/ksoftirqd/0: 0% user + 0.2% kernel
05-26 08:58:40.057 E/ActivityManager( 3252):   0.2% 1378/logcat: 0.1% user + 0.1% kernel
05-26 08:58:40.057 E/ActivityManager( 3252):   0.2% 6/kworker/u4:0: 0% user + 0.2% kernel
05-26 08:58:40.057 E/ActivityManager( 3252):   0.1% 1//init: 0% user + 0% kernel / faults: 1 minor
05-26 08:58:40.057 E/ActivityManager( 3252):   0.1% 13/kworker/1:0: 0% user + 0.1% kernel
05-26 08:58:40.057 E/ActivityManager( 3252):   0% 1318/lmkd: 0% user + 0% kernel
05-26 08:58:40.057 E/ActivityManager( 3252):   0% 1335/rild: 0% user + 0% kernel / faults: 5 minor
05-26 08:58:40.057 E/ActivityManager( 3252):   0% 1326/cameraserver: 0% user + 0% kernel / faults: 66 minor
05-26 08:58:40.057 E/ActivityManager( 3252):   0% 12/ksoftirqd/1: 0% user + 0% kernel
05-26 08:58:40.057 E/ActivityManager( 3252):   0% 809/kworker/0:2: 0% user + 0% kernel
05-26 08:58:40.057 E/ActivityManager( 3252):   0% 1315/healthd: 0% user + 0% kernel
05-26 08:58:40.057 E/ActivityManager( 3252):   0% 1327/drmserver: 0% user + 0% kernel / faults: 19 minor
05-26 08:58:40.057 E/ActivityManager( 3252):   0% 1329/keystore: 0% user + 0% kernel
05-26 08:58:40.057 E/ActivityManager( 3252):   0% 3585/sdcard: 0% user + 0% kernel / faults: 7 minor
05-26 08:58:40.057 E/ActivityManager( 3252):  +0% 3661/com.android.phone: 0% user + 0% kernel
05-26 08:58:40.057 E/ActivityManager( 3252):  +0% 3675/com.android.settings: 0% user + 0% kernel
05-26 08:58:40.057 E/ActivityManager( 3252): 100% TOTAL: 44% user + 55% kernel + 0.5% softirq
05-26 08:58:40.057 E/ActivityManager( 3252): CPU usage from 15949ms to 16837ms later (2021-05-26 08:58:38.323 to 2021-05-26 08:58:39.210):
05-26 08:58:40.057 E/ActivityManager( 3252):   60% 1935/bootanimation: 34% user + 25% kernel
05-26 08:58:40.057 E/ActivityManager( 3252):     58% 2943/BootAnimation: 34% user + 24% kernel
05-26 08:58:40.057 E/ActivityManager( 3252):     1.1% 1935/bootanimation: 0% user + 1.1% kernel
05-26 08:58:40.057 E/ActivityManager( 3252):   44% 1320/surfaceflinger: 16% user + 27% kernel
05-26 08:58:40.057 E/ActivityManager( 3252):     21% 1320/surfaceflinger: 12% user + 9% kernel
05-26 08:58:40.057 E/ActivityManager( 3252):     11% 1890/EventThread: 0% user + 11% kernel
05-26 08:58:40.057 E/ActivityManager( 3252):     1.1% 1873/Binder:1320_2: 0% user + 1.1% kernel
05-26 08:58:40.057 E/ActivityManager( 3252):   38% 3252/system_server: 3.1% user + 35% kernel / faults: 165 minor
05-26 08:58:40.057 E/ActivityManager( 3252):     11% 3283/ActivityManager: 1% user + 10% kernel
05-26 08:58:40.057 E/ActivityManager( 3252):     8.3% 3257/Signal Catcher: 2% user + 6.2% kernel
05-26 08:58:40.057 E/ActivityManager( 3252):     6.2% 3494/Binder:3252_4: 1% user + 5.2% kernel
05-26 08:58:40.057 E/ActivityManager( 3252):     4.1% 3492/Binder:3252_3: 2% user + 2% kernel
05-26 08:58:40.057 E/ActivityManager( 3252):     3.1% 3262/HeapTaskDaemon: 0% user + 3.1% kernel
05-26 08:58:40.057 E/ActivityManager( 3252):     1% 3252/system_server: 1% user + 0% kernel
05-26 08:58:40.057 E/ActivityManager( 3252):     1% 3268/Binder:3252_2: 1% user + 0% kernel
05-26 08:58:40.057 E/ActivityManager( 3252):     1% 3647/Error dump: sys: 0% user + 1% kernel
05-26 08:58:40.057 E/ActivityManager( 3252):     1% 3693/Binder:3252_5: 0% user + 1% kernel
05-26 08:58:40.057 E/ActivityManager( 3252):     1% 3694/Binder:3252_6: 0% user + 1% kernel
05-26 08:58:40.057 E/ActivityManager( 3252):   9.4% 2649/adbd: 1.1% user + 8.2% kernel / faults: 77 minor
05-26 08:58:40.057 E/ActivityManager( 3252):     7% 2649/adbd: 2.3% user + 4.7% kernel
05-26 08:58:40.057 E/ActivityManager( 3252):     1.1% 2653/->host-10: 0% user + 1.1% kernel
05-26 08:58:40.057 E/ActivityManager( 3252):   4.9% 3675/com.android.settings: 0.6% user + 4.2% kernel / faults: 1330 minor
05-26 08:58:40.057 E/ActivityManager( 3252):     3% 3675/re-initialized>: 0% user + 3% kernel
05-26 08:58:40.057 E/ActivityManager( 3252):     2.4% 3691/Binder:3675_1: 0.6% user + 1.8% kernel
05-26 08:58:40.057 E/ActivityManager( 3252):   6% 3469/com.android.systemui: 3% user + 3% kernel / faults: 43 minor 1 major
05-26 08:58:40.057 E/ActivityManager( 3252):     7.1% 3469/ndroid.systemui: 3% user + 4% kernel
05-26 08:58:40.057 E/ActivityManager( 3252):   2.2% 8/rcu_preempt: 0% user + 2.2% kernel
05-26 08:58:40.057 E/ActivityManager( 3252):   1.2% 3661/com.android.phone: 0% user + 1.2% kernel / faults: 91 minor
05-26 08:58:40.057 E/ActivityManager( 3252):     1.2% 3661/m.android.phone: 0% user + 1.2% kernel
05-26 08:58:40.057 E/ActivityManager( 3252):   1.1% 1332/media.extractor: 0% user + 1.1% kernel
05-26 08:58:40.057 E/ActivityManager( 3252):     1.1% 1332/mediaextractor: 0% user + 1.1% kernel
05-26 08:58:40.057 E/ActivityManager( 3252): 100% TOTAL: 40% user + 59% kernel
05-26 08:58:40.060 W/art     ( 3252): Long monitor contention with owner Binder:3252_4 (3494) at void com.android.server.am.ActivityManagerService.attachApplication(android.app.IApplicationThread)(ActivityManagerService.java:6669) waiters=1 in android.content.Intent com.android.server.am.ActivityManagerService.registerReceiver(android.app.IApplicationThread, java.lang.String, android.content.IIntentReceiver, android.content.IntentFilter, java.lang.String, int) for 894ms
05-26 08:58:40.070 W/art     ( 3252): Long monitor contention with owner Binder:3252_4 (3494) at void com.android.server.am.ActivityManagerService.attachApplication(android.app.IApplicationThread)(ActivityManagerService.java:6669) waiters=2 in android.content.pm.UserInfo com.android.server.am.UserController.getCurrentUser() for 627ms
05-26 08:58:40.473 W/art     ( 3252): Long monitor contention with owner AsyncTask #2 (3579) at boolean android.os.MessageQueue.enqueueMessage(android.os.Message, long)(MessageQueue.java:541) waiters=0 in android.os.Message android.os.MessageQueue.next() for 713ms
05-26 08:58:40.474 W/art     ( 3252): Long monitor contention with owner AsyncTask #2 (3579) at boolean android.os.MessageQueue.enqueueMessage(android.os.Message, long)(MessageQueue.java:541) waiters=1 in boolean android.os.MessageQueue.enqueueMessage(android.os.Message, long) for 594ms
05-26 08:58:40.496 W/art     ( 3252): Long monitor contention with owner ActivityManager (3283) at void com.android.server.am.BroadcastQueue.processNextBroadcast(boolean)(BroadcastQueue.java:760) waiters=2 in void com.android.server.am.ActivityManagerService.dispatchProcessesChanged() for 425ms
05-26 08:58:40.504 W/art     ( 3252): Long monitor contention with owner ActivityManager (3283) at void com.android.server.am.BroadcastQueue.processNextBroadcast(boolean)(BroadcastQueue.java:760) waiters=3 in android.content.Intent com.android.server.am.ActivityManagerService.registerReceiver(android.app.IApplicationThread, java.lang.String, android.content.IIntentReceiver, android.content.IntentFilter, java.lang.String, int) for 431ms
05-26 08:58:40.555 D/GpsNetInitiatedHandler( 3252): location enabled :true
05-26 08:58:40.741 W/ActivityManager( 3252): Slow operation: 53ms so far, now at startProcess: building args
05-26 08:58:40.742 W/ActivityManager( 3252): Slow operation: 54ms so far, now at startProcess: asking zygote to start proc
05-26 08:58:40.989 W/art     ( 3252): Long monitor contention with owner ActivityManager (3283) at void com.android.server.am.BroadcastQueue.processNextBroadcast(boolean)(BroadcastQueue.java:760) waiters=4 in void com.android.server.am.ActivityManagerService$3.handleMessage(android.os.Message) for 518ms
05-26 08:58:41.035 W/art     ( 3801): Unexpected CPU variant for X86 using defaults: x86_64
05-26 08:58:41.191 W/ActivityManager( 3252): Slow operation: 503ms so far, now at startProcess: returned from zygote!
05-26 08:58:41.191 W/ActivityManager( 3252): Slow operation: 503ms so far, now at startProcess: done updating battery stats
05-26 08:58:41.192 W/ActivityManager( 3252): Slow operation: 504ms so far, now at startProcess: building log message
05-26 08:58:41.192 I/ActivityManager( 3252): Start proc 3801:com.android.cellbroadcastreceiver/u0a4 for broadcast com.android.cellbroadcastreceiver/.CellBroadcastReceiver
05-26 08:58:41.192 W/ActivityManager( 3252): Slow operation: 504ms so far, now at startProcess: starting to update pids map
05-26 08:58:41.193 W/ActivityManager( 3252): Slow operation: 505ms so far, now at startProcess: done updating pids map
05-26 08:58:41.193 W/ActivityManager( 3252): Slow operation: 507ms so far, now at startProcess: done starting proc!
05-26 08:58:41.211 W/art     ( 3252): Long monitor contention with owner main (3252) at void com.android.server.am.BroadcastQueue.processNextBroadcast(boolean)(BroadcastQueue.java:760) waiters=3 in android.content.Intent com.android.server.am.ActivityManagerService.registerReceiver(android.app.IApplicationThread, java.lang.String, android.content.IIntentReceiver, android.content.IntentFilter, java.lang.String, int) for 438ms
05-26 08:58:41.307 W/art     ( 3252): Long monitor contention with owner Binder:3252_4 (3494) at void com.android.server.am.ActivityManagerService.attachApplication(android.app.IApplicationThread)(ActivityManagerService.java:6669) waiters=0 in java.lang.String com.android.server.am.ActivityManagerService.checkContentProviderAccess(java.lang.String, int) for 2.148s
05-26 08:58:41.333 W/art     ( 3252): Suspending all threads took: 27.066ms
05-26 08:58:41.437 W/art     ( 3252): Long monitor contention with owner Binder:3252_3 (3492) at void com.android.server.am.ActivityManagerService.attachApplication(android.app.IApplicationThread)(ActivityManagerService.java:6669) waiters=4 in void com.android.server.am.ActivityManagerService$3.handleMessage(android.os.Message) for 156ms
05-26 08:58:41.440 W/art     ( 3252): Long monitor contention with owner Binder:3252_3 (3492) at void com.android.server.am.ActivityManagerService.attachApplication(android.app.IApplicationThread)(ActivityManagerService.java:6669) waiters=3 in android.content.Intent com.android.server.am.ActivityManagerService.registerReceiver(android.app.IApplicationThread, java.lang.String, android.content.IIntentReceiver, android.content.IntentFilter, java.lang.String, int) for 200ms
05-26 08:58:41.611 W/WindowManager( 3252): App freeze timeout expired.
05-26 08:58:41.611 W/WindowManager( 3252): Force clearing freeze: AppWindowToken{69ba2f4 token=Token{ae6be06 ActivityRecord{4620e1 u0 com.android.settings/.FallbackHome t1}}}
05-26 08:58:41.612 I/WindowManager( 3252): Screen frozen for +2s405ms due to AppWindowToken{69ba2f4 token=Token{ae6be06 ActivityRecord{4620e1 u0 com.android.settings/.FallbackHome t1}}}
05-26 08:58:41.775 I/art     ( 3252): Background partial concurrent mark sweep GC freed 9764(719KB) AllocSpace objects, 9(5MB) LOS objects, 27% free, 10MB/14MB, paused 29.185ms total 1.069s
05-26 08:58:42.022 W/System  ( 3801): ClassLoader referenced unknown path: /system/priv-app/CellBroadcastReceiver/lib/x86_64
05-26 08:58:42.096 W/art     ( 3252): Long monitor contention with owner Binder:3252_2 (3268) at android.content.pm.UserInfo com.android.server.am.UserController.getCurrentUser()(UserController.java:1438) waiters=2 in android.content.Intent com.android.server.am.ActivityManagerService.registerReceiver(android.app.IApplicationThread, java.lang.String, android.content.IIntentReceiver, android.content.IntentFilter, java.lang.String, int) for 652ms
05-26 08:58:42.125 W/art     ( 3252): Long monitor contention with owner Binder:3252_2 (3268) at android.content.pm.UserInfo com.android.server.am.UserController.getCurrentUser()(UserController.java:1438) waiters=2 in void com.android.server.am.ActivityManagerService$3.handleMessage(android.os.Message) for 668ms
05-26 08:58:42.130 W/art     ( 3252): Long monitor contention with owner Binder:3252_2 (3268) at android.content.pm.UserInfo com.android.server.am.UserController.getCurrentUser()(UserController.java:1438) waiters=3 in com.android.server.am.ProcessRecord com.android.server.am.ActivityManagerService.findAppProcess(android.os.IBinder, java.lang.String) for 670ms
05-26 08:58:42.136 W/art     ( 3252): Long monitor contention with owner ConditionProviders.ECP (3438) at java.lang.String com.android.server.am.ActivityManagerService.checkContentProviderAccess(java.lang.String, int)(ActivityManagerService.java:10435) waiters=4 in void com.android.server.am.ActivityStack$ActivityStackHandler.handleMessage(android.os.Message) for 384ms
05-26 08:58:42.137 W/art     ( 3252): Long monitor contention with owner ConditionProviders.ECP (3438) at java.lang.String com.android.server.am.ActivityManagerService.checkContentProviderAccess(java.lang.String, int)(ActivityManagerService.java:10435) waiters=5 in void com.android.server.am.ActivityManagerService.updateLockTaskPackages(int, java.lang.String[]) for 382ms
05-26 08:58:42.160 W/art     ( 3252): Long monitor contention with owner ConditionProviders.ECP (3438) at java.lang.String com.android.server.am.ActivityManagerService.checkContentProviderAccess(java.lang.String, int)(ActivityManagerService.java:10435) waiters=3 in android.content.pm.UserInfo com.android.server.am.UserController.getCurrentUser() for 659ms
05-26 08:58:42.632 V/KeyguardServiceDelegate( 3252): *** Keyguard started
05-26 08:58:42.666 W/KeyguardServiceDelegate( 3252): onScreenTurningOn(): no keyguard service!
05-26 08:58:42.726 I/Choreographer( 3252): Skipped 52 frames!  The application may be doing too much work on its main thread.
05-26 08:58:42.778 D/AccessibilityManagerService( 3252): Ignoring non-encryption-aware service ComponentInfo{com.example.android.apis/com.example.android.apis.accessibility.ClockBackService}
05-26 08:58:42.778 D/AccessibilityManagerService( 3252): Ignoring non-encryption-aware service ComponentInfo{com.example.android.apis/com.example.android.apis.accessibility.MagnificationService}
