05-12 16:37:41.494 I/SystemServer( 1676): ConnectivityMetricsLoggerService
05-12 16:37:41.494 I/SystemServiceManager( 1676): Starting com.android.server.connectivity.MetricsLoggerService
05-12 16:37:41.500 D/EventHub( 1676): No input device configuration file found for device 'Power Button'.
05-12 16:37:41.571 I/SystemServer( 1676): IpConnectivityMetrics
05-12 16:37:41.572 I/SystemServiceManager( 1676): Starting com.android.server.connectivity.IpConnectivityMetrics
05-12 16:37:41.573 I/SystemServer( 1676): PinnerService
05-12 16:37:41.573 I/SystemServiceManager( 1676): Starting com.android.server.PinnerService
05-12 16:37:41.657 W/EventHub( 1676): Unable to disable kernel key repeat for /dev/input/event0: Function not implemented
05-12 16:37:41.658 I/EventHub( 1676): New device: id=1, fd=91, path='/dev/input/event0', name='Power Button', classes=0x1, configuration='', keyLayout='/system/usr/keylayout/Generic.kl', keyCharacterMap='/system/usr/keychars/Generic.kcm', builtinKeyboard=false, wakeMechanism=EPOLLWAKEUP, usingClockIoctl=true
05-12 16:37:41.674 W/EventHub( 1676): Unable to disable kernel key repeat for /dev/input/event1: Function not implemented
05-12 16:37:41.674 I/EventHub( 1676): New device: id=2, fd=92, path='/dev/input/event1', name='qwerty2', classes=0x95, configuration='/system/usr/idc/qwerty2.idc', keyLayout='/system/usr/keylayout/qwerty.kl', keyCharacterMap='/system/usr/keychars/qwerty2.kcm', builtinKeyboard=true, wakeMechanism=EPOLLWAKEUP, usingClockIoctl=true
05-12 16:37:41.674 E/EventHub( 1676): could not get driver version for /dev/input/mice, Not a typewriter
05-12 16:37:41.691 I/SystemServiceManager( 1676): Starting com.android.server.InputMethodManagerService$Lifecycle
05-12 16:37:41.752 I/InputReader( 1676): Device added: id=-1, name='Virtual', sources=0x00000301
05-12 16:37:41.756 I/InputReader( 1676):   Touch device 'qwerty2' could not query the properties of its associated display.  The device will be inoperable until the display size becomes available.
05-12 16:37:41.757 I/InputReader( 1676): Device added: id=0, name='qwerty2', sources=0x80001103
05-12 16:37:41.757 I/InputReader( 1676): Device added: id=1, name='Power Button', sources=0x00000101
05-12 16:37:42.522 I/SystemServer( 1676): StartAccessibilityManagerService
05-12 16:37:42.572 I/ActivityManager( 1676): Config changes=1df8 {1.0 ?mcc?mnc [en_US] ldltr sw360dp w360dp h640dp 480dpi nrml long port ?uimode ?night -touch -keyb/v/h -nav/h s.2}
05-12 16:37:42.607 I/ActivityManager( 1676): Config changes=508 {1.0 ?mcc?mnc [en_US] ldltr sw360dp w360dp h568dp 480dpi nrml port ?uimode ?night finger -keyb/v/h -nav/h s.3}
05-12 16:37:42.747 I/InputReader( 1676): Reconfiguring input devices.  changes=0x00000004
05-12 16:37:42.748 I/InputReader( 1676): Device reconfigured: id=0, name='qwerty2', size 1080x1920, orientation 0, mode 1, display id 0
05-12 16:37:42.765 I/SystemServiceManager( 1676): Starting com.android.server.MountService$Lifecycle
05-12 16:37:42.768 I/InputReader( 1676): Reconfiguring input devices.  changes=0x00000004
05-12 16:37:42.893 I/SystemServiceManager( 1676): Starting com.android.server.UiModeManagerService
05-12 16:37:42.898 I/ActivityManager( 1676): Config changes=200 {1.0 ?mcc?mnc [en_US] ldltr sw360dp w360dp h568dp 480dpi nrml port finger -keyb/v/h -nav/h s.4}
05-12 16:37:42.933 D/MountService( 1676): Thinking about init, mSystemReady=false, mDaemonConnected=true
05-12 16:37:42.933 D/MountService( 1676): Thinking about reset, mSystemReady=false, mDaemonConnected=true
05-12 16:37:42.947 I/SystemServer( 1676): StartLockSettingsService
05-12 16:37:42.949 D/MountService( 1676): Thinking about init, mSystemReady=false, mDaemonConnected=true
05-12 16:37:42.949 D/MountService( 1676): Thinking about reset, mSystemReady=false, mDaemonConnected=true
05-12 16:37:42.962 D/CryptdConnector( 1676): SND -> {1 cryptfs getfield SystemLocale}
05-12 16:37:42.965 I/SystemServiceManager( 1676): Starting com.android.server.LockSettingsService$Lifecycle
05-12 16:37:43.014 D/CryptdConnector( 1676): RCV <- {200 1 -1}
05-12 16:37:43.033 W/MountService( 1676): No primary storage mounted!
05-12 16:37:43.034 D/VoldConnector( 1676): SND -> {1 asec list}
05-12 16:37:43.051 D/VoldConnector( 1676): RCV <- {200 1 asec operation succeeded}
05-12 16:37:43.052 I/PackageManager( 1676): No secure containers found
05-12 16:37:43.053 W/PackageManager( 1676): Unknown permission com.google.android.googleapps.permission.GOOGLE_AUTH in package com.android.providers.calendar
05-12 16:37:43.053 W/PackageManager( 1676): Unknown permission com.google.android.googleapps.permission.GOOGLE_AUTH.cl in package com.android.providers.calendar
05-12 16:37:43.054 W/PackageManager( 1676): Not granting permission android.permission.GLOBAL_SEARCH to package com.android.quicksearchbox (protectionLevel=18 flags=0x3808be45)
05-12 16:37:43.054 W/PackageManager( 1676): Not granting permission android.permission.WRITE_EXTERNAL_STORAGE to package gov.nasa.arc.astrobee.android.gs.manager because it was previously installed without
05-12 16:37:43.054 W/PackageManager( 1676): Not granting permission android.permission.READ_EXTERNAL_STORAGE to package gov.nasa.arc.astrobee.android.gs.manager because it was previously installed without
05-12 16:37:43.055 W/PackageManager( 1676): Unknown permission com.android.launcher.permission.READ_SETTINGS in package com.android.launcher3
05-12 16:37:43.055 W/PackageManager( 1676): Unknown permission com.android.launcher.permission.WRITE_SETTINGS in package com.android.launcher3
05-12 16:37:43.055 W/PackageManager( 1676): Not granting permission android.permission.BIND_APPWIDGET to package com.android.launcher3 (protectionLevel=18 flags=0x3c4bbe45)
05-12 16:37:43.055 W/PackageManager( 1676): Unknown permission com.google.android.googleapps.permission.GOOGLE_AUTH.mail in package com.android.calendar
05-12 16:37:43.055 W/PackageManager( 1676): Unknown permission com.google.android.providers.settings.permission.WRITE_GSETTINGS in package com.android.sdksetup
05-12 16:37:43.056 W/PackageManager( 1676): Unknown permission com.google.android.permission.INSTALL_WEARABLE_PACKAGES in package com.android.packageinstaller
05-12 16:37:43.056 W/PackageManager( 1676): Not granting permission android.permission.DELETE_PACKAGES to package com.svox.pico (protectionLevel=18 flags=0x3808be45)
05-12 16:37:43.056 W/PackageManager( 1676): Not granting permission android.permission.READ_CONTACTS to package com.example.android.apis because it was previously installed without
05-12 16:37:43.056 W/PackageManager( 1676): Not granting permission android.permission.WRITE_CONTACTS to package com.example.android.apis because it was previously installed without
05-12 16:37:43.057 W/PackageManager( 1676): Not granting permission android.permission.ACCESS_COARSE_LOCATION to package com.example.android.apis because it was previously installed without
05-12 16:37:43.057 W/PackageManager( 1676): Not granting permission android.permission.WRITE_EXTERNAL_STORAGE to package com.example.android.apis because it was previously installed without
05-12 16:37:43.057 W/PackageManager( 1676): Not granting permission android.permission.SEND_SMS to package com.example.android.apis because it was previously installed without
05-12 16:37:43.057 W/PackageManager( 1676): Not granting permission android.permission.RECEIVE_SMS to package com.example.android.apis because it was previously installed without
05-12 16:37:43.057 W/PackageManager( 1676): Not granting permission android.permission.RECEIVE_MMS to package com.example.android.apis because it was previously installed without
05-12 16:37:43.057 W/PackageManager( 1676): Not granting permission android.permission.READ_SMS to package com.example.android.apis because it was previously installed without
05-12 16:37:43.057 W/PackageManager( 1676): Not granting permission android.permission.READ_PHONE_STATE to package com.example.android.apis because it was previously installed without
05-12 16:37:43.057 W/PackageManager( 1676): Not granting permission android.permission.RECORD_AUDIO to package com.example.android.apis because it was previously installed without
05-12 16:37:43.057 W/PackageManager( 1676): Not granting permission android.permission.CAMERA to package com.example.android.apis because it was previously installed without
05-12 16:37:43.057 W/PackageManager( 1676): Not granting permission android.permission.READ_EXTERNAL_STORAGE to package com.example.android.apis because it was previously installed without
05-12 16:37:43.057 W/PackageManager( 1676): Unknown permission android.permission.RUN_INSTRUMENTATION in package org.chromium.webview_shell
05-12 16:37:43.057 W/PackageManager( 1676): Not granting permission android.permission.CAMERA to package jp.jaxa.iss.kibo.rpc.sampleapk because it was previously installed without
05-12 16:37:43.058 W/PackageManager( 1676): Not granting permission android.permission.WRITE_EXTERNAL_STORAGE to package jp.jaxa.iss.kibo.rpc.sampleapk because it was previously installed without
05-12 16:37:43.058 W/PackageManager( 1676): Not granting permission android.permission.READ_EXTERNAL_STORAGE to package jp.jaxa.iss.kibo.rpc.sampleapk because it was previously installed without
05-12 16:37:43.058 W/PackageManager( 1676): Unknown permission com.google.android.googleapps.permission.GOOGLE_AUTH in package com.android.settings
05-12 16:37:43.058 W/PackageManager( 1676): Unknown permission com.android.launcher.permission.READ_SETTINGS in package com.android.settings
05-12 16:37:43.058 W/PackageManager( 1676): Unknown permission com.android.launcher.permission.WRITE_SETTINGS in package com.android.settings
05-12 16:37:43.059 W/PackageManager( 1676): Unknown permission com.android.smspush.WAPPUSH_MANAGER_BIND in package com.android.phone
05-12 16:37:43.114 I/SystemServiceManager( 1676): Starting com.android.server.DeviceIdleController
05-12 16:37:43.130 W/PackageManager( 1676): Unknown permission com.google.android.googleapps.permission.ACCESS_GOOGLE_PASSWORD in package com.android.development
05-12 16:37:43.131 W/PackageManager( 1676): Unknown permission com.google.android.googleapps.permission.GOOGLE_AUTH in package com.android.development
05-12 16:37:43.131 W/PackageManager( 1676): Unknown permission com.google.android.googleapps.permission.GOOGLE_AUTH.ALL_SERVICES in package com.android.development
05-12 16:37:43.131 W/PackageManager( 1676): Unknown permission com.google.android.googleapps.permission.GOOGLE_AUTH.YouTubeUser in package com.android.development
05-12 16:37:43.131 W/PackageManager( 1676): Not granting permission android.permission.BIND_APPWIDGET to package com.android.widgetpreview (protectionLevel=18 flags=0x3808be44)
05-12 16:37:43.204 W/UsageStatsService( 1676): User[0] Some stats have no latest available
05-12 16:37:43.482 W/art     ( 1676): Long monitor contention with owner MountService (1897) at void com.android.server.pm.PackageManagerService.loadMediaPackages(android.util.ArrayMap, int[], boolean)(PackageManagerService.java:19317) waiters=0 in android.content.pm.ApplicationInfo com.android.server.pm.PackageManagerService.getApplicationInfo(java.lang.String, int, int) for 364ms
05-12 16:37:43.508 W/MountService( 1676): No primary storage defined yet; hacking together a stub
05-12 16:37:43.560 I/SystemServiceManager( 1676): Starting com.android.server.devicepolicy.DevicePolicyManagerService$Lifecycle
05-12 16:37:43.620 W/MountService( 1676): No primary storage defined yet; hacking together a stub
05-12 16:37:43.623 W/MountService( 1676): No primary storage mounted!
05-12 16:37:43.623 D/VoldConnector( 1676): SND -> {2 asec list}
05-12 16:37:43.628 D/VoldConnector( 1676): RCV <- {200 2 asec operation succeeded}
05-12 16:37:43.664 I/SystemServer( 1676): StartStatusBarManagerService
05-12 16:37:43.673 I/SystemServer( 1676): StartClipboardService
05-12 16:37:43.780 I/SystemServer( 1676): StartNetworkManagementService
05-12 16:37:43.800 I/NetworkManagement( 1676): onDaemonConnected()
05-12 16:37:43.817 I/SystemServiceManager( 1676): Starting com.android.server.TextServicesManagerService$Lifecycle
05-12 16:37:43.844 I/SystemServer( 1676): StartNetworkScoreService
05-12 16:37:43.883 I/SystemServer( 1676): StartNetworkStatsService
05-12 16:37:44.004 I/SystemServer( 1676): StartNetworkPolicyManagerService
05-12 16:37:44.080 I/SystemServer( 1676): No Wi-Fi NAN Service (NAN support Not Present)
05-12 16:37:44.225 I/SystemServiceManager( 1676): Starting com.android.server.wifi.p2p.WifiP2pService
05-12 16:37:44.645 I/WifiP2pService( 1676): Registering wifip2p
05-12 16:37:44.662 I/SystemServiceManager( 1676): Starting com.android.server.wifi.WifiService
05-12 16:37:44.681 I/art     ( 1676): Background sticky concurrent mark sweep GC freed 32874(2MB) AllocSpace objects, 18(360KB) LOS objects, 26% free, 8MB/10MB, paused 8.188ms total 172.977ms
05-12 16:37:44.738 I/UsageStatsService( 1676): User[0] Rollover scheduled @ 2021-05-13 16:37:42(1620923862579)
05-12 16:37:45.319 D/HS20    ( 1676): Passpoint is disabled
05-12 16:37:45.564 D/CommandListener( 1334): Clearing all IP addresses on wlan0
05-12 16:37:45.743 D/WifiApConfigStore( 1676): 2G band allowed channels are:1,6,11
05-12 16:37:45.751 W/art     ( 1676): Long monitor contention with owner WifiStateMachine (1910) at boolean com.android.server.wifi.WifiNative.unloadDriverNative()(WifiNative.java:-2) waiters=0 in java.lang.String com.android.server.wifi.WifiNative.doStringCommand(java.lang.String) for 214ms
05-12 16:37:45.752 E/WifiLogger( 1676): no ring buffers found
05-12 16:37:45.752 E/WifiLogger( 1676): Failed to start packet fate monitoring
05-12 16:37:45.818 D/WifiController( 1676): isAirplaneModeOn = true, isWifiEnabled = false, isScanningAvailable = false
05-12 16:37:45.892 I/WifiService( 1676): Registering wifi
05-12 16:37:45.906 I/SystemServiceManager( 1676): Starting com.android.server.wifi.scanner.WifiScanningService
05-12 16:37:45.906 I/WifiScanningService( 1676): Creating wifiscanner
05-12 16:37:45.926 I/WifiScanningService( 1676): Publishing wifiscanner
05-12 16:37:45.930 I/SystemServiceManager( 1676): Starting com.android.server.wifi.RttService
05-12 16:37:45.933 I/RttService( 1676): Creating rttmanager
05-12 16:37:45.935 I/RttService( 1676): Starting rttmanager
05-12 16:37:45.937 I/SystemServer( 1676): StartConnectivityService
05-12 16:37:45.993 D/ConnectivityService( 1676): ConnectivityService starting up
05-12 16:37:46.008 D/ConnectivityService( 1676): wifiOnly=false
05-12 16:37:46.082 I/SystemServer( 1676): StartNsdService
05-12 16:37:46.103 I/SystemServer( 1676): StartUpdateLockService
05-12 16:37:46.108 I/SystemServiceManager( 1676): Starting com.android.server.RecoverySystemService
05-12 16:37:46.133 I/SystemServiceManager( 1676): Starting com.android.server.notification.NotificationManagerService
05-12 16:37:46.263 D/ConditionProviders.SCP( 1676): new ScheduleConditionProvider()
05-12 16:37:46.298 D/ZenLog  ( 1676): config: readXml,ZenModeConfig[user=0,allowCalls=true,allowRepeatCallers=false,allowMessages=false,allowCallsFrom=contacts,allowMessagesFrom=contacts,allowReminders=true,allowEvents=true,allowWhenScreenOff=true,allowWhenScreenOn=true,automaticRules={370bd6672ef541ba946db9ac4aef0faf=ZenRule[enabled=false,snoozing=false,name=Weeknight,zenMode=ZEN_MODE_ALARMS,conditionId=condition://android/schedule?days=1.2.3.4.5&start=22.0&end=7.0&exitAtAlarm=false,condition=Condition[id=condition://android/schedule?days=1.2.3.4.5&start=22.0&end=7.0&exitAtAlarm=false,summary=...,line1=...,line2=...,icon=0,state=STATE_FALSE,flags=2],component=ComponentInfo{android/com.android.server.notification.ScheduleConditionProvider},id=370bd6672ef541ba946db9ac4aef0faf,creationTime=1590622727817,enabler=null], a53ffdf89c814123a52adbdd46bc948d=ZenRule[enabled=false,snoozing=false,name=Weekend,zenMode=ZEN_MODE_ALARMS,conditionId=condition://android/schedule?days=6.7&start=23.30&end=10.0&exitAtAlarm=false,condition=Condition[id=condition://android/schedule?days=6.7&start=23.30&end=10.0&exitAtAlarm=false,summary=...,line1=...,line2=...,icon=0,state=STATE_FALSE,flags=2],component=ComponentInfo{android/com.android.server.notification.ScheduleConditionProvider},id=a53ffdf89c814123a52adbdd46bc948d,creationTime=1590622727818,enabler=null], fc8bb1aacabb4877a1d1d167106f6e77=ZenRule[enabled=false,snoozing=false,name=Event,zenMode=ZEN_MODE_ALARMS,conditionId=condition://android/event?userId=-10000&calendar=&reply=1,condition=Condition[id=condition://android/event?userId=-10000&calendar=&reply=1,summary=...,line1=...,line2=...,icon=0,state=STATE_FALSE,flags=2],component=ComponentInfo{android/com.android.server.notification.EventConditionProvider},id=fc8bb1aacabb4877a1d1d167106f6e77,creationTime=1590622727822,enabler=null]},manualRule=null],Diff[automaticRule[370bd6672ef541ba946db9ac4aef0faf]:insert,automaticRule[bb07f1e9f08e45b188345dd69a614e3e]:delete,automaticRule[cdc1e344ad144b4bb55b6be279a0c274]:delete,automaticRule[a53ffdf89c814123a52adbdd46bc948d]:insert,automaticRule[8e259b7d08674ab690f126bd92fd28f8]:delete,automaticRule[fc8bb1aacabb4877a1d1d167106f6e77]:insert]
05-12 16:37:46.387 D/ZenLog  ( 1676): set_zen_mode: off,init
05-12 16:37:46.420 I/SystemServiceManager( 1676): Starting com.android.server.storage.DeviceStorageMonitorService
05-12 16:37:46.432 I/SystemServer( 1676): StartLocationManagerService
05-12 16:37:46.453 I/SystemServer( 1676): StartCountryDetectorService
05-12 16:37:46.462 I/SystemServer( 1676): StartSearchManagerService
05-12 16:37:46.463 I/SystemServiceManager( 1676): Starting com.android.server.search.SearchManagerService$Lifecycle
05-12 16:37:46.469 I/SystemServiceManager( 1676): Starting com.android.server.DropBoxManagerService
05-12 16:37:46.492 I/SystemServer( 1676): StartWallpaperManagerService
05-12 16:37:46.493 I/SystemServiceManager( 1676): Starting com.android.server.wallpaper.WallpaperManagerService$Lifecycle
05-12 16:37:46.502 E/BitmapFactory( 1676): Unable to decode stream: java.io.FileNotFoundException: /data/system/users/0/wallpaper_orig (No such file or directory)
05-12 16:37:46.502 E/WallpaperManagerService( 1676): Invalid wallpaper data
05-12 16:37:46.503 E/WallpaperManagerService( 1676): Unable to apply new wallpaper
05-12 16:37:46.513 I/SystemServer( 1676): StartAudioService
05-12 16:37:46.514 I/SystemServiceManager( 1676): Starting com.android.server.audio.AudioService$Lifecycle
05-12 16:37:46.601 W/TelecomManager( 1676): Telecom Service not found.
05-12 16:37:46.609 D/PermissionCache( 1325): checking android.permission.MODIFY_AUDIO_SETTINGS for uid=1000 => granted (2031 us)
05-12 16:37:46.627 D/PermissionCache( 1325): checking android.permission.MODIFY_AUDIO_SETTINGS for uid=1000 => granted (35507 us)
05-12 16:37:46.637 W/AudioFlinger( 1325): no wake lock to update, system not ready yet
05-12 16:37:46.988 I/SystemServiceManager( 1676): Starting com.android.server.DockObserver
05-12 16:37:46.992 W/DockObserver( 1676): This kernel does not have dock station support
05-12 16:37:46.995 I/SystemServer( 1676): StartWiredAccessoryManager
05-12 16:37:46.999 W/WiredAccessoryManager( 1676): This kernel does not have usb audio support
05-12 16:37:47.029 W/WiredAccessoryManager( 1676): This kernel does not have HDMI audio support
05-12 16:37:47.032 I/SystemServiceManager( 1676): Starting com.android.server.midi.MidiService$Lifecycle
05-12 16:37:47.061 I/SystemServiceManager( 1676): Starting com.android.server.usb.UsbService$Lifecycle
05-12 16:37:47.242 I/SystemServer( 1676): StartSerialService
05-12 16:37:47.245 E/HardwarePropertiesManagerService-JNI( 1676): Couldn't load thermal module (No such file or directory)
05-12 16:37:47.247 I/SystemServiceManager( 1676): Starting com.android.server.twilight.TwilightService
05-12 16:37:47.249 I/SystemServiceManager( 1676): Starting com.android.server.job.JobSchedulerService
05-12 16:37:47.393 I/SystemServiceManager( 1676): Starting com.android.server.soundtrigger.SoundTriggerService
05-12 16:37:47.460 I/SystemServiceManager( 1676): Starting com.android.server.backup.BackupManagerService$Lifecycle
05-12 16:37:47.473 I/SystemServiceManager( 1676): Starting com.android.server.appwidget.AppWidgetService
05-12 16:37:47.569 I/SystemServiceManager( 1676): Starting com.android.server.voiceinteraction.VoiceInteractionManagerService
05-12 16:37:47.606 I/SystemServer( 1676): Gesture Launcher Service
05-12 16:37:47.606 I/SystemServiceManager( 1676): Starting com.android.server.GestureLauncherService
05-12 16:37:47.607 I/SystemServiceManager( 1676): Starting com.android.server.SensorNotificationService
05-12 16:37:47.608 I/SystemServiceManager( 1676): Starting com.android.server.ContextHubSystemService
05-12 16:37:47.661 E/ContextHubService( 1676): ** Could not load context_hub module : err No such file or directory
05-12 16:37:47.662 W/ContextHubService( 1676): No Context Hub Module present
05-12 16:37:47.662 I/SystemServer( 1676): StartDiskStatsService
05-12 16:37:47.664 I/SystemServer( 1676): StartSamplingProfilerService
05-12 16:37:47.717 I/SystemServer( 1676): StartNetworkTimeUpdateService
05-12 16:37:47.753 I/SystemServer( 1676): StartCommonTimeManagementService
05-12 16:37:47.759 I/SystemServer( 1676): CertBlacklister
05-12 16:37:47.784 I/SystemServiceManager( 1676): Starting com.android.server.emergency.EmergencyAffordanceService
05-12 16:37:47.787 I/SystemServiceManager( 1676): Starting com.android.server.dreams.DreamManagerService
05-12 16:37:47.852 I/SystemServer( 1676): StartAssetAtlasService
05-12 16:37:47.878 I/SystemServiceManager( 1676): Starting com.android.server.print.PrintManagerService
05-12 16:37:47.938 I/SystemServiceManager( 1676): Starting com.android.server.restrictions.RestrictionsManagerService
05-12 16:37:48.011 D/AssetAtlas( 1676): Loaded configuration: SliceMinArea (1280x896) flags=0x2 count=91
05-12 16:37:48.015 I/SystemServiceManager( 1676): Starting com.android.server.media.MediaSessionService
05-12 16:37:48.059 I/SystemServer( 1676): StartMediaRouterService
05-12 16:37:48.084 I/SystemServiceManager( 1676): Starting com.android.server.trust.TrustManagerService
05-12 16:37:48.166 D/gralloc_ranchu( 1676): Emulator without host-side GPU emulation detected. Loading gralloc.default.so from /vendor/lib64/hw/gralloc.goldfish.default.so...
05-12 16:37:48.169 D/gralloc_ranchu( 1676): gralloc.default.so not found in /vendor. Trying /system/lib64/hw/gralloc.goldfish.default.so...
05-12 16:37:48.195 I/SystemServiceManager( 1676): Starting com.android.server.fingerprint.FingerprintService
05-12 16:37:48.294 D/PermissionCache( 1337): checking android.permission.MANAGE_FINGERPRINT for uid=1000 => granted (14481 us)
05-12 16:37:48.297 V/fingerprintd( 1337): nativeOpenHal()
05-12 16:37:48.327 D/FingerprintHal( 1337): ----------------> fingerprint_open ----------------->
05-12 16:37:48.329 E/fingerprintd( 1337): Wrong fp version. Expected 512, got 513
05-12 16:37:48.329 D/FingerprintHal( 1337): ----------------> set_notify_callback ----------------->
05-12 16:37:48.329 D/FingerprintHal( 1337): fingerprint callback notification set
05-12 16:37:48.329 V/fingerprintd( 1337): fingerprint HAL successfully initialized
05-12 16:37:48.333 V/fingerprintd( 1337): setActiveGroup(0, /data/system/users/0/fpdata, 27)
05-12 16:37:48.333 D/FingerprintHal( 1337): ----------------> fingerprint_set_active_group -----------------> path /data/system/users/0/fpdata
05-12 16:37:48.333 D/FingerprintHal( 1337): ----------------> loadFingerprints ----------------->
05-12 16:37:48.334 E/FingerprintHal( 1337): Could not load fingerprints from storage at /data/system/users/0/fpdata/emufp.bin; it has not yet been created.
05-12 16:37:48.334 D/FingerprintHal( 1337): ----------------> loadAuthenticatorId ----------------->
05-12 16:37:48.334 D/FingerprintHal( 1337): ----------------> listenerFunction ----------------->
05-12 16:37:48.370 D/FingerprintHal( 1337): Read authenticator id (0x6b8b4567327b23c6)
05-12 16:37:48.390 D/FingerprintHal( 1337): ----------------> fingerprint_get_auth_id ----------------->
05-12 16:37:48.390 D/FingerprintHal( 1337): ----------------> fingerprint_get_auth_id auth id 6b8b4567327b23c6----------------->
05-12 16:37:48.391 V/FingerprintService( 1676): Fingerprint HAL id: 132141895958528
05-12 16:37:48.423 I/SystemServer( 1676): StartBackgroundDexOptService
05-12 16:37:48.430 I/SystemServiceManager( 1676): Starting com.android.server.pm.ShortcutService$Lifecycle
05-12 16:37:48.465 I/SystemServiceManager( 1676): Starting com.android.server.pm.LauncherAppsService
05-12 16:37:48.520 I/SystemServiceManager( 1676): Starting com.android.server.media.projection.MediaProjectionManagerService
05-12 16:37:48.542 V/MediaRouter( 1676): Adding route: RouteInfo{ name=Phone, description=null, status=null, category=RouteCategory{ name=null types=ROUTE_TYPE_LIVE_AUDIO ROUTE_TYPE_LIVE_VIDEO  groupable=false }, supportedTypes=ROUTE_TYPE_LIVE_AUDIO ROUTE_TYPE_LIVE_VIDEO , presentationDisplay=null }
05-12 16:37:48.547 V/MediaRouter( 1676): Updating audio routes: AudioRoutesInfo{ type=SPEAKER }
05-12 16:37:48.567 I/art     ( 1676): Background partial concurrent mark sweep GC freed 19109(1456KB) AllocSpace objects, 7(140KB) LOS objects, 24% free, 12MB/16MB, paused 3.835ms total 292.937ms
05-12 16:37:48.569 V/MediaRouter( 1676): Selecting route: RouteInfo{ name=Phone, description=null, status=null, category=RouteCategory{ name=null types=ROUTE_TYPE_LIVE_AUDIO ROUTE_TYPE_LIVE_VIDEO  groupable=false }, supportedTypes=ROUTE_TYPE_LIVE_AUDIO ROUTE_TYPE_LIVE_VIDEO , presentationDisplay=null }
05-12 16:37:48.657 I/WindowManager( 1676): SAFE MODE not enabled
05-12 16:37:48.658 I/SystemServiceManager( 1676): Starting com.android.server.MmsServiceBroker
05-12 16:37:48.703 W/AssetAtlasService( 1676): Could not find EGL configuration
05-12 16:37:48.706 D/AssetAtlas( 1676): Rendered atlas in 349.51ms (324.95+24.56ms)
05-12 16:37:48.742 W/VibratorService( 1676): Tried to stop vibrating but there is no vibrator device.
05-12 16:37:49.442 E/LockSettingsStorage( 1676): Cannot read file java.io.FileNotFoundException: /data/system/gatekeeper.password.key: open failed: ENOENT (No such file or directory)
05-12 16:37:49.444 E/LockSettingsStorage( 1676): Cannot read file java.io.FileNotFoundException: /data/system/password.key: open failed: ENOENT (No such file or directory)
05-12 16:37:49.445 E/LockSettingsStorage( 1676): Cannot read file java.io.FileNotFoundException: /data/system/gatekeeper.pattern.key: open failed: ENOENT (No such file or directory)
05-12 16:37:49.446 E/LockSettingsStorage( 1676): Cannot read file java.io.FileNotFoundException: /data/system/gatekeeper.gesture.key: open failed: ENOENT (No such file or directory)
05-12 16:37:49.447 E/LockSettingsStorage( 1676): Cannot read file java.io.FileNotFoundException: /data/system/gesture.key: open failed: ENOENT (No such file or directory)
05-12 16:37:49.447 I/SystemServiceManager( 1676): Starting phase 480
05-12 16:37:49.478 I/DevicePolicyManagerService( 1676): Set ro.device_owner property to false
05-12 16:37:49.517 I/SystemServiceManager( 1676): Starting phase 500
05-12 16:37:49.564 D/ConnectivityMetricsLoggerService( 1676): onBootPhase: PHASE_SYSTEM_SERVICES_READY
05-12 16:37:49.677 I/WifiService( 1676): WifiService starting up with Wi-Fi disabled
05-12 16:37:49.699 I/WifiScanningService( 1676): Starting wifiscanner
05-12 16:37:49.872 I/RttService( 1676): Registering rttmanager
05-12 16:37:49.999 D/ZenLog  ( 1676): config: cleanUpZenRules,ZenModeConfig[user=0,allowCalls=true,allowRepeatCallers=false,allowMessages=false,allowCallsFrom=contacts,allowMessagesFrom=contacts,allowReminders=true,allowEvents=true,allowWhenScreenOff=true,allowWhenScreenOn=true,automaticRules={370bd6672ef541ba946db9ac4aef0faf=ZenRule[enabled=false,snoozing=false,name=Weeknight,zenMode=ZEN_MODE_ALARMS,conditionId=condition://android/schedule?days=1.2.3.4.5&start=22.0&end=7.0&exitAtAlarm=false,condition=Condition[id=condition://android/schedule?days=1.2.3.4.5&start=22.0&end=7.0&exitAtAlarm=false,summary=...,line1=...,line2=...,icon=0,state=STATE_FALSE,flags=2],component=ComponentInfo{android/com.android.server.notification.ScheduleConditionProvider},id=370bd6672ef541ba946db9ac4aef0faf,creationTime=1590622727817,enabler=null], a53ffdf89c814123a52adbdd46bc948d=ZenRule[enabled=false,snoozing=false,name=Weekend,zenMode=ZEN_MODE_ALARMS,conditionId=condition://android/schedule?days=6.7&start=23.30&end=10.0&exitAtAlarm=false,condition=Condition[id=condition://android/schedule?days=6.7&start=23.30&end=10.0&exitAtAlarm=false,summary=...,line1=...,line2=...,icon=0,state=STATE_FALSE,flags=2],component=ComponentInfo{android/com.android.server.notification.ScheduleConditionProvider},id=a53ffdf89c814123a52adbdd46bc948d,creationTime=1590622727818,enabler=null], fc8bb1aacabb4877a1d1d167106f6e77=ZenRule[enabled=false,snoozing=false,name=Event,zenMode=ZEN_MODE_ALARMS,conditionId=condition://android/event?userId=-10000&calendar=&reply=1,condition=Condition[id=condition://android/event?userId=-10000&calendar=&reply=1,summary=...,line1=...,line2=...,icon=0,state=STATE_FALSE,flags=2],component=ComponentInfo{android/com.android.server.notification.EventConditionProvider},id=fc8bb1aacabb4877a1d1d167106f6e77,creationTime=1590622727822,enabler=null]},manualRule=null],Diff[]
05-12 16:37:50.011 D/ZenLog  ( 1676): set_zen_mode: off,onSystemReady
05-12 16:37:50.147 D/PermissionCache( 1325): checking android.permission.CAPTURE_AUDIO_HOTWORD for uid=1000 => granted (3346 us)
05-12 16:37:50.151 W/SoundTriggerHelper( 1676): listModules status=0, # of modules=0
05-12 16:37:50.152 D/ContextHubSystemService( 1676): onBootPhase: PHASE_SYSTEM_SERVICES_READY
05-12 16:37:50.394 V/UserManagerService( 1676): Found /data/user_de/0 with serial number 0
05-12 16:37:50.395 V/UserManagerService( 1676): Found /data/user/0 with serial number 0
05-12 16:37:50.395 V/UserManagerService( 1676): Found /data/system_de/0 with serial number 0
05-12 16:37:50.396 V/UserManagerService( 1676): Found /data/system_ce/0 with serial number 0
05-12 16:37:50.433 W/KeyguardServiceDelegate( 1676): onScreenTurningOn(): no keyguard service!
05-12 16:37:50.655 I/ActivityManager( 1676): System now ready
05-12 16:37:50.828 I/SystemServer( 1676): Making services ready
05-12 16:37:50.829 I/SystemServiceManager( 1676): Starting phase 550
05-12 16:37:51.436 W/WindowManager( 1676): Keyguard drawn timeout. Setting mKeyguardDrawComplete
05-12 16:37:51.617 E/InputMethodManagerService( 1676): Ignoring updateSystemUiLocked due to an invalid token. uid:1000 token:null
05-12 16:37:52.136 I/Zygote  ( 1676): Process: zygote socket opened, supported ABIS: x86_64
05-12 16:37:52.253 W/ActivityManager( 1676): Slow operation: 165ms so far, now at startProcess: returned from zygote!
05-12 16:37:52.254 W/ActivityManager( 1676): Slow operation: 165ms so far, now at startProcess: done updating battery stats
05-12 16:37:52.255 W/ActivityManager( 1676): Slow operation: 167ms so far, now at startProcess: building log message
05-12 16:37:52.255 I/ActivityManager( 1676): Start proc 1947:com.android.inputmethod.latin/u0a41 for service com.android.inputmethod.latin/.LatinIME
05-12 16:37:52.255 W/ActivityManager( 1676): Slow operation: 167ms so far, now at startProcess: starting to update pids map
05-12 16:37:52.256 W/ActivityManager( 1676): Slow operation: 168ms so far, now at startProcess: done updating pids map
05-12 16:37:52.256 W/ActivityManager( 1676): Slow operation: 170ms so far, now at startProcess: done starting proc!
05-12 16:37:52.256 V/InputMethodManagerService( 1676): Adding window token: android.os.Binder@61bcc15
05-12 16:37:52.258 D/MountService( 1676): Thinking about init, mSystemReady=true, mDaemonConnected=true
05-12 16:37:52.258 D/MountService( 1676): Setting up emulation state, initlocked=false
05-12 16:37:52.266 W/art     ( 1676): Long monitor contention with owner main (1676) at int com.android.server.am.ActivityManagerService.bindService(android.app.IApplicationThread, android.os.IBinder, android.content.Intent, java.lang.String, android.app.IServiceConnection, int, java.lang.String, int)(ActivityManagerService.java:17301) waiters=0 in void com.android.server.am.ActivityManagerService.dispatchUidsChanged() for 170ms
05-12 16:37:52.270 D/CryptdConnector( 1676): SND -> {2 cryptfs unlock_user_key 0 0 ! !}
05-12 16:37:52.279 E/BitmapFactory( 1676): Unable to decode stream: java.io.FileNotFoundException: /data/system/users/0/wallpaper_orig (No such file or directory)
05-12 16:37:52.305 D/vold    ( 1274): e4crypt_unlock_user_key 0 serial=0 token_present=0
05-12 16:37:52.308 D/CryptdConnector( 1676): RCV <- {200 2 Command succeeded}
05-12 16:37:52.311 E/WallpaperManagerService( 1676): Invalid wallpaper data
05-12 16:37:52.311 E/WallpaperManagerService( 1676): Unable to apply new wallpaper
05-12 16:37:52.321 D/MountService( 1676): Thinking about reset, mSystemReady=true, mDaemonConnected=true
05-12 16:37:52.323 I/ActivityManager( 1676): Force stopping com.android.providers.media appid=10010 user=-1: vold reset
05-12 16:37:52.325 D/VoldConnector( 1676): SND -> {3 volume reset}
05-12 16:37:52.330 D/vold    ( 1274): Recognized experimental block major ID 253 as virtio-blk (emulator's virtual SD card device)
05-12 16:37:52.331 V/vold    ( 1274): /system/bin/sgdisk
05-12 16:37:52.331 V/vold    ( 1274):     --android-dump
05-12 16:37:52.331 V/vold    ( 1274):     /dev/block/vold/disk:253,48
05-12 16:37:52.341 D/VoldConnector( 1676): RCV <- {651 emulated 7}
05-12 16:37:52.342 D/VoldConnector( 1676): RCV <- {659 emulated}
05-12 16:37:52.343 D/VoldConnector( 1676): RCV <- {650 emulated 2 "" ""}
05-12 16:37:52.343 D/VoldConnector( 1676): RCV <- {651 emulated 0}
05-12 16:37:52.344 D/VoldConnector( 1676): RCV <- {651 public:253,48 7}
05-12 16:37:52.345 D/VoldConnector( 1676): RCV <- {659 public:253,48}
05-12 16:37:52.346 D/VoldConnector( 1676): RCV <- {649 disk:253,48}
05-12 16:37:52.346 D/VoldConnector( 1676): RCV <- {640 disk:253,48 5}
05-12 16:37:52.347 D/VoldConnector( 1676): RCV <- {641 disk:253,48 549453824}
05-12 16:37:52.348 D/VoldConnector( 1676): RCV <- {642 disk:253,48 Virtual}
05-12 16:37:52.349 D/VoldConnector( 1676): RCV <- {644 disk:253,48 /sys//devices/pci0000:00/0000:00:06.0/virtio3/block/vdd}
05-12 16:37:52.407 V/MountService( 1676): Found primary storage at VolumeInfo{emulated}:
05-12 16:37:52.407 V/MountService( 1676):     type=EMULATED diskId=null partGuid=null mountFlags=0 mountUserId=-1 
05-12 16:37:52.407 V/MountService( 1676):     state=UNMOUNTED 
05-12 16:37:52.407 V/MountService( 1676):     fsType=null fsUuid=null fsLabel=null 
05-12 16:37:52.407 V/MountService( 1676):     path=null internalPath=null 
05-12 16:37:52.459 W/art     ( 1947): Unexpected CPU variant for X86 using defaults: x86_64
05-12 16:37:52.472 W/ActivityManager( 1676): Slow operation: 135ms so far, now at startProcess: returned from zygote!
05-12 16:37:52.472 W/ActivityManager( 1676): Slow operation: 136ms so far, now at startProcess: done updating battery stats
05-12 16:37:52.472 W/ActivityManager( 1676): Slow operation: 136ms so far, now at startProcess: building log message
05-12 16:37:52.472 I/ActivityManager( 1676): Start proc 1953:com.android.systemui/u0a21 for service com.android.systemui/.ImageWallpaper
05-12 16:37:52.472 W/ActivityManager( 1676): Slow operation: 136ms so far, now at startProcess: starting to update pids map
05-12 16:37:52.472 W/ActivityManager( 1676): Slow operation: 136ms so far, now at startProcess: done updating pids map
05-12 16:37:52.473 W/ActivityManager( 1676): Slow operation: 137ms so far, now at startProcess: done starting proc!
05-12 16:37:52.485 E/BluetoothAdapter( 1676): Bluetooth binder is null
05-12 16:37:52.492 W/art     ( 1953): Unexpected CPU variant for X86 using defaults: x86_64
05-12 16:37:52.504 D/UsbAlsaManager( 1676): Adding ALSA device AlsaDevice: [card: 0, device: 0, type: 1]
05-12 16:37:52.504 D/UsbAlsaManager( 1676): Adding ALSA device AlsaDevice: [card: 0, device: 0, type: 2]
05-12 16:37:52.506 I/SystemServer( 1676): WebViewFactory preparation
05-12 16:37:52.510 E/BluetoothAdapter( 1676): Bluetooth binder is null
05-12 16:37:52.529 I/AudioFlinger( 1325): systemReady
05-12 16:37:52.617 D/WebViewFactory( 1676): Setting new address space to 114394000
05-12 16:37:52.893 E/WVMExtractor( 1676): Failed to open libwvm.so: dlopen failed: library "libwvm.so" not found
05-12 16:37:52.970 I/Zygote  ( 1676): Process: zygote socket opened, supported ABIS: x86
05-12 16:37:53.199 I/MediaPlayerService( 1333): MediaPlayerService::getOMX
05-12 16:37:53.225 I/art     ( 1324): Starting a blocking GC Background
05-12 16:37:53.300 I/OMXClient( 1333): MuxOMX ctor
05-12 16:37:53.342 I/MediaPlayerService( 1333): MediaPlayerService::getOMX
05-12 16:37:53.366 I/OMXClient( 1333): MuxOMX ctor
05-12 16:37:53.384 I/OMXMaster( 1330): makeComponentInstance(OMX.google.mp3.decoder) in mediacodec process
05-12 16:37:53.463 V/vold    ( 1274): DISK mbr
05-12 16:37:53.463 V/vold    ( 1274): 
05-12 16:37:53.534 W/vold    ( 1274): disk:253,48 has unknown partition table; trying entire device
05-12 16:37:53.535 V/vold    ( 1274): /system/bin/blkid
05-12 16:37:53.535 V/vold    ( 1274):     -c
05-12 16:37:53.535 V/vold    ( 1274):     /dev/null
05-12 16:37:53.535 V/vold    ( 1274):     -s
05-12 16:37:53.535 V/vold    ( 1274):     TYPE
05-12 16:37:53.535 V/vold    ( 1274):     -s
05-12 16:37:53.535 V/vold    ( 1274):     UUID
05-12 16:37:53.535 V/vold    ( 1274):     -s
05-12 16:37:53.535 V/vold    ( 1274):     LABEL
05-12 16:37:53.535 V/vold    ( 1274):     /dev/block/vold/disk:253,48
05-12 16:37:53.641 W/art     ( 1324): Suspending all threads took: 68.060ms
05-12 16:37:53.723 I/art     ( 1324): Background concurrent mark sweep GC freed 130(17KB) AllocSpace objects, 0(0B) LOS objects, 39% free, 6MB/10MB, paused 70.348ms total 423.720ms
05-12 16:37:54.320 I/MediaPlayerService( 1333): MediaPlayerService::getOMX
05-12 16:37:54.329 I/OMXClient( 1333): MuxOMX ctor
05-12 16:37:54.330 I/OMXMaster( 1330): makeComponentInstance(OMX.google.amrnb.decoder) in mediacodec process
05-12 16:37:54.359 W/ActivityManager( 1676): Slow operation: 1653ms so far, now at startProcess: returned from zygote!
05-12 16:37:54.362 W/ActivityManager( 1676): Slow operation: 1656ms so far, now at startProcess: done updating battery stats
05-12 16:37:54.363 W/ActivityManager( 1676): Slow operation: 1657ms so far, now at startProcess: building log message
05-12 16:37:54.363 I/ActivityManager( 1676): Start proc 1992:WebViewLoader-x86/1037 [android.webkit.WebViewFactory$RelroFileCreator] for 
05-12 16:37:54.363 W/ActivityManager( 1676): Slow operation: 1657ms so far, now at startProcess: starting to update pids map
05-12 16:37:54.363 W/ActivityManager( 1676): Slow operation: 1657ms so far, now at startProcess: done updating pids map
05-12 16:37:54.363 W/ActivityManager( 1676): Slow operation: 1657ms so far, now at startProcess: done starting proc!
05-12 16:37:54.364 W/art     ( 1676): Long monitor contention with owner main (1676) at int com.android.server.am.ActivityManagerService.startIsolatedProcess(java.lang.String, java.lang.String[], java.lang.String, java.lang.String, int, java.lang.Runnable)(ActivityManagerService.java:3509) waiters=0 in void com.android.server.am.ActivityManagerService.dispatchUidsChanged() for 1.656s
05-12 16:37:54.365 W/art     ( 1676): Long monitor contention with owner main (1676) at int com.android.server.am.ActivityManagerService.startIsolatedProcess(java.lang.String, java.lang.String[], java.lang.String, java.lang.String, int, java.lang.Runnable)(ActivityManagerService.java:3509) waiters=1 in void com.android.server.am.ActivityManagerService.attachApplication(android.app.IApplicationThread) for 1.473s
05-12 16:37:54.366 W/art     ( 1676): Long monitor contention with owner main (1676) at int com.android.server.am.ActivityManagerService.startIsolatedProcess(java.lang.String, java.lang.String[], java.lang.String, java.lang.String, int, java.lang.Runnable)(ActivityManagerService.java:3509) waiters=2 in void com.android.server.am.ActivityManagerService.attachApplication(android.app.IApplicationThread) for 1.348s
05-12 16:37:54.470 I/MediaPlayerService( 1333): MediaPlayerService::getOMX
05-12 16:37:54.471 I/OMXClient( 1333): MuxOMX ctor
05-12 16:37:54.473 I/OMXMaster( 1330): makeComponentInstance(OMX.google.amrwb.decoder) in mediacodec process
05-12 16:37:54.530 W/art     ( 1676): Long monitor contention with owner Binder:1676_2 (1696) at void com.android.server.am.ActivityManagerService.attachApplication(android.app.IApplicationThread)(ActivityManagerService.java:6669) waiters=1 in int com.android.server.am.ActivityManagerService.startIsolatedProcess(java.lang.String, java.lang.String[], java.lang.String, java.lang.String, int, java.lang.Runnable) for 134ms
05-12 16:37:54.556 I/MediaPlayerService( 1333): MediaPlayerService::getOMX
05-12 16:37:54.561 I/OMXClient( 1333): MuxOMX ctor
05-12 16:37:54.562 I/OMXMaster( 1330): makeComponentInstance(OMX.google.aac.decoder) in mediacodec process
05-12 16:37:54.584 V/vold    ( 1274): /dev/block/vold/disk:253,48: LABEL="SDCARD" UUID="1EFF-1C1B" TYPE="vfat" 
05-12 16:37:54.584 V/vold    ( 1274): 
05-12 16:37:54.600 W/ActivityManager( 1676): Slow operation: 69ms so far, now at startProcess: returned from zygote!
05-12 16:37:54.600 W/ActivityManager( 1676): Slow operation: 69ms so far, now at startProcess: done updating battery stats
05-12 16:37:54.601 W/ActivityManager( 1676): Slow operation: 69ms so far, now at startProcess: building log message
05-12 16:37:54.601 I/ActivityManager( 1676): Start proc 2003:WebViewLoader-x86_64/1037 [android.webkit.WebViewFactory$RelroFileCreator] for 
05-12 16:37:54.601 W/ActivityManager( 1676): Slow operation: 70ms so far, now at startProcess: starting to update pids map
05-12 16:37:54.601 W/ActivityManager( 1676): Slow operation: 70ms so far, now at startProcess: done updating pids map
05-12 16:37:54.601 W/ActivityManager( 1676): Slow operation: 70ms so far, now at startProcess: done starting proc!
05-12 16:37:54.648 W/art     ( 2003): Unexpected CPU variant for X86 using defaults: x86_64
05-12 16:37:54.659 W/art     ( 1992): Unexpected CPU variant for X86 using defaults: x86
05-12 16:37:54.660 D/VoldConnector( 1676): RCV <- {650 public:253,48 0 "disk:253,48" ""}
05-12 16:37:54.663 D/VoldConnector( 1676): RCV <- {651 public:253,48 0}
05-12 16:37:54.665 D/VoldConnector( 1676): RCV <- {643 disk:253,48}
05-12 16:37:54.680 D/NetworkManagement( 1676): enabling bandwidth control
05-12 16:37:54.689 I/MediaPlayerService( 1333): MediaPlayerService::getOMX
05-12 16:37:54.690 D/VoldConnector( 1676): RCV <- {200 3 Command succeeded}
05-12 16:37:54.700 E/VoldConnector( 1676): NDC Command {3 volume reset} took too long (2375ms)
05-12 16:37:54.701 D/VoldConnector( 1676): SND -> {4 volume user_added 0 0}
05-12 16:37:54.729 D/VoldConnector( 1676): RCV <- {200 4 Command succeeded}
05-12 16:37:54.740 I/OMXClient( 1333): MuxOMX ctor
05-12 16:37:54.742 I/OMXMaster( 1330): makeComponentInstance(OMX.google.g711.alaw.decoder) in mediacodec process
05-12 16:37:54.871 D/VoldConnector( 1676): SND -> {5 volume mount emulated 3 -1}
05-12 16:37:54.877 V/vold    ( 1274): Waiting for FUSE to spin up...
05-12 16:37:54.878 D/VoldConnector( 1676): RCV <- {651 emulated 1}
05-12 16:37:54.879 D/VoldConnector( 1676): RCV <- {656 emulated /data/media}
05-12 16:37:54.930 V/vold    ( 1274): Waiting for FUSE to spin up...
05-12 16:37:54.961 V/WebViewFactory( 2003): RelroFileCreator (64bit = true),  32-bit lib: /system/app/webview/webview.apk!/lib/x86/libwebviewchromium.so, 64-bit lib: /system/app/webview/webview.apk!/lib/x86_64/libwebviewchromium.so
05-12 16:37:54.985 V/vold    ( 1274): Waiting for FUSE to spin up...
05-12 16:37:54.991 D/VoldConnector( 1676): RCV <- {655 emulated /storage/emulated}
05-12 16:37:55.013 W/System  ( 1953): ClassLoader referenced unknown path: /system/priv-app/SystemUI/lib/x86_64
05-12 16:37:55.040 V/vold    ( 1274): Waiting for FUSE to spin up...
05-12 16:37:55.063 V/WebViewFactory( 1992): RelroFileCreator (64bit = false),  32-bit lib: /system/app/webview/webview.apk!/lib/x86/libwebviewchromium.so, 64-bit lib: /system/app/webview/webview.apk!/lib/x86_64/libwebviewchromium.so
05-12 16:37:55.095 V/vold    ( 1274): Waiting for FUSE to spin up...
05-12 16:37:55.200 V/vold    ( 1274): Waiting for FUSE to spin up...
05-12 16:37:55.252 V/vold    ( 1274): Waiting for FUSE to spin up...
05-12 16:37:55.310 V/vold    ( 1274): Waiting for FUSE to spin up...
05-12 16:37:55.370 V/vold    ( 1274): Waiting for FUSE to spin up...
05-12 16:37:55.435 V/vold    ( 1274): Waiting for FUSE to spin up...
05-12 16:37:55.486 V/vold    ( 1274): Waiting for FUSE to spin up...
05-12 16:37:55.519 W/sdcard  ( 2014): Device explicitly disabled sdcardfs
05-12 16:37:55.536 V/vold    ( 1274): Waiting for FUSE to spin up...
05-12 16:37:55.590 V/vold    ( 1274): Waiting for FUSE to spin up...
05-12 16:37:55.650 V/vold    ( 1274): Waiting for FUSE to spin up...
05-12 16:37:55.719 V/vold    ( 1274): Waiting for FUSE to spin up...
05-12 16:37:55.774 V/vold    ( 1274): Waiting for FUSE to spin up...
05-12 16:37:55.792 I/MediaPlayerService( 1333): MediaPlayerService::getOMX
05-12 16:37:55.812 I/OMXClient( 1333): MuxOMX ctor
05-12 16:37:55.812 I/OMXMaster( 1330): makeComponentInstance(OMX.google.g711.mlaw.decoder) in mediacodec process
05-12 16:37:55.830 V/vold    ( 1274): Waiting for FUSE to spin up...
05-12 16:37:55.890 V/vold    ( 1274): Waiting for FUSE to spin up...
05-12 16:37:56.062 D/VoldConnector( 1676): RCV <- {651 emulated 2}
05-12 16:37:56.251 D/VoldConnector( 1676): RCV <- {200 5 Command succeeded}
05-12 16:37:56.252 E/VoldConnector( 1676): NDC Command {5 volume mount emulated 3 -1} took too long (1382ms)
05-12 16:37:56.254 D/VoldConnector( 1676): SND -> {6 volume mount public:253,48 2 0}
05-12 16:37:56.256 V/vold    ( 1274): /system/bin/blkid
05-12 16:37:56.256 V/vold    ( 1274):     -c
05-12 16:37:56.256 V/vold    ( 1274):     /dev/null
05-12 16:37:56.256 V/vold    ( 1274):     -s
05-12 16:37:56.256 V/vold    ( 1274):     TYPE
05-12 16:37:56.256 V/vold    ( 1274):     -s
05-12 16:37:56.256 V/vold    ( 1274):     UUID
05-12 16:37:56.256 V/vold    ( 1274):     -s
05-12 16:37:56.256 V/vold    ( 1274):     LABEL
05-12 16:37:56.256 V/vold    ( 1274):     /dev/block/vold/public:253,48
05-12 16:37:56.257 D/VoldConnector( 1676): RCV <- {651 public:253,48 1}
05-12 16:37:56.311 V/SystemUIService( 1953): Starting SystemUI services for user 0.
05-12 16:37:56.610 I/MediaPlayerService( 1333): MediaPlayerService::getOMX
05-12 16:37:56.612 I/OMXClient( 1333): MuxOMX ctor
05-12 16:37:56.612 I/OMXMaster( 1330): makeComponentInstance(OMX.google.vorbis.decoder) in mediacodec process
05-12 16:37:56.772 I/LatinIME( 1947): Hardware accelerated drawing: true
05-12 16:37:56.793 V/MediaRouter( 1953): Adding route: RouteInfo{ name=Phone, description=null, status=null, category=RouteCategory{ name=null types=ROUTE_TYPE_LIVE_AUDIO ROUTE_TYPE_LIVE_VIDEO  groupable=false }, supportedTypes=ROUTE_TYPE_LIVE_AUDIO ROUTE_TYPE_LIVE_VIDEO , presentationDisplay=null }
05-12 16:37:56.854 V/MediaRouter( 1953): Updating audio routes: AudioRoutesInfo{ type=SPEAKER }
05-12 16:37:56.903 V/MediaRouter( 1953): Selecting route: RouteInfo{ name=Phone, description=null, status=null, category=RouteCategory{ name=null types=ROUTE_TYPE_LIVE_AUDIO ROUTE_TYPE_LIVE_VIDEO  groupable=false }, supportedTypes=ROUTE_TYPE_LIVE_AUDIO ROUTE_TYPE_LIVE_VIDEO , presentationDisplay=null }
05-12 16:37:57.235 W/ProcessCpuTracker( 1676): Skipping unknown process pid 2032
05-12 16:37:57.237 W/ProcessCpuTracker( 1676): Skipping unknown process pid 2047
05-12 16:37:57.581 I/art     ( 1992): System.exit called, status: 0
05-12 16:37:57.581 I/AndroidRuntime( 1992): VM exiting with result code 0, cleanup skipped.
05-12 16:37:57.762 V/vold    ( 1274): /dev/block/vold/public:253,48: LABEL="SDCARD" UUID="1EFF-1C1B" TYPE="vfat" 
05-12 16:37:57.763 V/vold    ( 1274): 
05-12 16:37:57.765 V/vold    ( 1274): /system/bin/fsck_msdos
05-12 16:37:57.766 V/vold    ( 1274):     -p
05-12 16:37:57.766 V/vold    ( 1274):     -f
05-12 16:37:57.766 V/vold    ( 1274):     /dev/block/vold/public:253,48
05-12 16:37:57.767 D/VoldConnector( 1676): RCV <- {652 public:253,48 vfat}
05-12 16:37:57.768 D/VoldConnector( 1676): RCV <- {653 public:253,48 1EFF-1C1B}
05-12 16:37:57.769 D/VoldConnector( 1676): RCV <- {654 public:253,48 SDCARD}
05-12 16:37:57.803 E/WVMExtractor( 1953): Failed to open libwvm.so: dlopen failed: library "libwvm.so" not found
05-12 16:37:58.070 I/MediaPlayerService( 1333): MediaPlayerService::getOMX
05-12 16:37:58.082 I/OMXClient( 1333): MuxOMX ctor
05-12 16:37:58.100 I/OMXMaster( 1330): makeComponentInstance(OMX.google.opus.decoder) in mediacodec process
05-12 16:37:58.271 I/fsck_msdos( 1274): ** /dev/block/vold/public:253,48
05-12 16:37:58.279 I/fsck_msdos( 1274): ** Phase 1 - Read and Compare FATs
05-12 16:37:58.380 I/fsck_msdos( 1274): Attempting to allocate 1046 KB for FAT
05-12 16:37:58.550 I/fsck_msdos( 1274): Attempting to allocate 1046 KB for FAT
05-12 16:37:58.663 I/art     ( 2003): System.exit called, status: 0
05-12 16:37:58.663 I/AndroidRuntime( 2003): VM exiting with result code 0, cleanup skipped.
05-12 16:37:58.683 E/NetdConnector( 1676): NDC Command {3 bandwidth enable} took too long (4002ms)
05-12 16:37:58.833 W/InputAttributes( 1947): No editor info for this field. Bug?
05-12 16:37:59.392 I/fsck_msdos( 1274): ** Phase 2 - Check Cluster Chains
05-12 16:37:59.512 I/fsck_msdos( 1274): ** Phase 3 - Checking Directories
05-12 16:37:59.515 I/fsck_msdos( 1274): ** Phase 4 - Checking for Lost Files
05-12 16:37:59.518 I/fsck_msdos( 1274): 2 files, 534464 free (267232 clusters)
05-12 16:37:59.677 I/Vold    ( 1274): Filesystem check completed OK
05-12 16:37:59.725 D/VoldConnector( 1676): RCV <- {656 public:253,48 /mnt/media_rw/1EFF-1C1B}
