05-12 16:38:54.643 W/art     ( 1676): Long monitor contention with owner Binder:1676_2 (1696) at void com.android.server.am.ActivityManagerService.activityPaused(android.os.IBinder)(ActivityManagerService.java:6916) waiters=3 in com.android.server.am.ProcessRecord com.android.server.am.ActivityManagerService.findAppProcess(android.os.IBinder, java.lang.String) for 402ms
05-12 16:38:54.643 W/art     ( 1676): Long monitor contention with owner Binder:1676_2 (1696) at void com.android.server.am.ActivityManagerService.activityPaused(android.os.IBinder)(ActivityManagerService.java:6916) waiters=4 in android.content.Intent com.android.server.am.ActivityManagerService.registerReceiver(android.app.IApplicationThread, java.lang.String, android.content.IIntentReceiver, android.content.IntentFilter, java.lang.String, int) for 374ms
05-12 16:38:54.648 W/art     ( 1676): Long monitor contention with owner Binder:1676_2 (1696) at void com.android.server.am.ActivityManagerService.activityPaused(android.os.IBinder)(ActivityManagerService.java:6916) waiters=6 in void com.android.server.am.ActivityManagerService.dispatchUidsChanged() for 323ms
05-12 16:38:54.650 W/art     ( 1676): Long monitor contention with owner Binder:1676_2 (1696) at void com.android.server.am.ActivityManagerService.activityPaused(android.os.IBinder)(ActivityManagerService.java:6916) waiters=7 in android.content.IIntentSender com.android.server.am.ActivityManagerService.getIntentSender(int, java.lang.String, android.os.IBinder, java.lang.String, int, android.content.Intent[], java.lang.String[], int, android.os.Bundle, int) for 116ms
05-12 16:38:54.658 W/art     ( 1676): Long monitor contention with owner Binder:1676_2 (1696) at void com.android.server.am.ActivityManagerService.activityPaused(android.os.IBinder)(ActivityManagerService.java:6916) waiters=5 in void com.android.server.am.ActivityManagerService$MainHandler.handleMessage(android.os.Message) for 370ms
05-12 16:38:54.769 W/art     ( 1676): Long monitor contention with owner Binder:1676_1 (1695) at boolean com.android.server.am.ActivityManagerService.finishActivity(android.os.IBinder, int, android.content.Intent, int)(ActivityManagerService.java:4839) waiters=4 in boolean com.android.server.am.ActivityManagerService.isUserRunning(int, int) for 762ms
05-12 16:38:54.825 V/KeyValueBackupJob( 1676): Scheduling k/v pass in 244 minutes
05-12 16:38:54.835 V/AlarmClock( 2355): AlarmInitReceiver finished
05-12 16:38:54.869 W/art     ( 1676): Long monitor contention with owner Binder:1676_1 (1695) at boolean com.android.server.am.ActivityManagerService.finishActivity(android.os.IBinder, int, android.content.Intent, int)(ActivityManagerService.java:4839) waiters=5 in void com.android.server.am.ActivityManagerService$3.handleMessage(android.os.Message) for 577ms
05-12 16:38:54.924 W/art     ( 1676): Long monitor contention with owner android.display (1729) at void com.android.server.wm.WindowAnimator$1.doFrame(long)(WindowAnimator.java:144) waiters=0 in void com.android.server.wm.WindowManagerService.executeAppTransition() for 101ms
05-12 16:38:55.287 W/System  ( 2465): ClassLoader referenced unknown path: /system/app/Launcher3/lib/x86_64
05-12 16:38:55.311 W/art     ( 1676): Long monitor contention with owner Binder:1676_8 (2416) at void com.android.server.am.ActivityManagerService.attachApplication(android.app.IApplicationThread)(ActivityManagerService.java:6669) waiters=2 in void com.android.server.am.ActivityManagerService$MainHandler.handleMessage(android.os.Message) for 652ms
05-12 16:38:55.312 W/art     ( 1676): Long monitor contention with owner Binder:1676_8 (2416) at void com.android.server.am.ActivityManagerService.attachApplication(android.app.IApplicationThread)(ActivityManagerService.java:6669) waiters=3 in android.content.Intent com.android.server.am.ActivityManagerService.registerReceiver(android.app.IApplicationThread, java.lang.String, android.content.IIntentReceiver, android.content.IntentFilter, java.lang.String, int) for 642ms
05-12 16:38:55.312 W/art     ( 1676): Long monitor contention with owner Binder:1676_8 (2416) at void com.android.server.am.ActivityManagerService.attachApplication(android.app.IApplicationThread)(ActivityManagerService.java:6669) waiters=4 in void com.android.server.am.ActivityManagerService.finishReceiver(android.os.IBinder, int, java.lang.String, android.os.Bundle, boolean, int) for 625ms
05-12 16:38:55.313 W/art     ( 1676): Long monitor contention with owner Binder:1676_8 (2416) at void com.android.server.am.ActivityManagerService.attachApplication(android.app.IApplicationThread)(ActivityManagerService.java:6669) waiters=5 in void com.android.server.am.ActivityManagerService.dispatchProcessesChanged() for 550ms
05-12 16:38:55.315 W/art     ( 1676): Long monitor contention with owner Binder:1676_8 (2416) at void com.android.server.am.ActivityManagerService.attachApplication(android.app.IApplicationThread)(ActivityManagerService.java:6669) waiters=5 in boolean com.android.server.am.ActivityManagerService.isUserRunning(int, int) for 545ms
05-12 16:38:55.316 W/art     ( 1676): Long monitor contention with owner Binder:1676_8 (2416) at void com.android.server.am.ActivityManagerService.attachApplication(android.app.IApplicationThread)(ActivityManagerService.java:6669) waiters=6 in android.content.Intent com.android.server.am.ActivityManagerService.registerReceiver(android.app.IApplicationThread, java.lang.String, android.content.IIntentReceiver, android.content.IntentFilter, java.lang.String, int) for 536ms
05-12 16:38:55.316 W/art     ( 1676): Long monitor contention with owner Binder:1676_8 (2416) at void com.android.server.am.ActivityManagerService.attachApplication(android.app.IApplicationThread)(ActivityManagerService.java:6669) waiters=8 in com.android.server.am.ProcessRecord com.android.server.am.ActivityManagerService.findAppProcess(android.os.IBinder, java.lang.String) for 480ms
05-12 16:38:55.796 W/art     ( 1676): Long monitor contention with owner AsyncTask #2 (2079) at boolean com.android.server.am.ActivityManagerService.isUserRunning(int, int)(ActivityManagerService.java:21741) waiters=4 in android.content.Intent com.android.server.am.ActivityManagerService.registerReceiver(android.app.IApplicationThread, java.lang.String, android.content.IIntentReceiver, android.content.IntentFilter, java.lang.String, int) for 451ms
05-12 16:38:55.825 W/art     ( 1676): Long monitor contention with owner AsyncTask #2 (2079) at boolean com.android.server.am.ActivityManagerService.isUserRunning(int, int)(ActivityManagerService.java:21741) waiters=4 in com.android.server.am.ProcessRecord com.android.server.am.ActivityManagerService.findAppProcess(android.os.IBinder, java.lang.String) for 508ms
05-12 16:38:55.826 W/art     ( 1676): Long monitor contention with owner AsyncTask #2 (2079) at boolean com.android.server.am.ActivityManagerService.isUserRunning(int, int)(ActivityManagerService.java:21741) waiters=5 in void com.android.server.am.BroadcastQueue.processNextBroadcast(boolean) for 509ms
05-12 16:38:55.932 W/art     ( 1676): Long monitor contention with owner AsyncTask #2 (2079) at boolean com.android.server.am.ActivityManagerService.isUserRunning(int, int)(ActivityManagerService.java:21741) waiters=6 in android.content.Intent com.android.server.am.ActivityManagerService.registerReceiver(android.app.IApplicationThread, java.lang.String, android.content.IIntentReceiver, android.content.IntentFilter, java.lang.String, int) for 612ms
05-12 16:38:55.933 W/art     ( 1676): Long monitor contention with owner AsyncTask #2 (2079) at boolean com.android.server.am.ActivityManagerService.isUserRunning(int, int)(ActivityManagerService.java:21741) waiters=7 in void com.android.server.am.ActivityStackSupervisor$ActivityStackSupervisorHandler.handleMessage(android.os.Message) for 616ms
05-12 16:38:55.939 W/art     ( 1676): Long monitor contention with owner Binder:1676_7 (2280) at android.content.ComponentName com.android.server.am.ActivityManagerService.startService(android.app.IApplicationThread, android.content.Intent, java.lang.String, java.lang.String, int)(ActivityManagerService.java:17161) waiters=7 in void com.android.server.am.ActivityManagerService.dispatchProcessesChanged() for 605ms
05-12 16:38:55.948 D/LauncherProvider( 2465): Launcher process started
05-12 16:38:55.969 I/Choreographer( 2159): Skipped 45 frames!  The application may be doing too much work on its main thread.
05-12 16:38:55.976 D/WIFI    ( 1676): Registering NetworkFactory
05-12 16:38:55.992 D/ConnectivityService( 1676): Got NetworkFactory Messenger for WIFI
05-12 16:38:55.994 D/WIFI_UT ( 1676): Registering NetworkFactory
05-12 16:38:55.996 D/ConnectivityService( 1676): Got NetworkFactory Messenger for WIFI_UT
05-12 16:38:55.999 D/WIFI    ( 1676): got request NetworkRequest [ REQUEST id=1, [ Capabilities: INTERNET&NOT_RESTRICTED&TRUSTED&NOT_VPN] ] with score 0
05-12 16:38:56.000 D/WIFI_UT ( 1676): got request NetworkRequest [ REQUEST id=1, [ Capabilities: INTERNET&NOT_RESTRICTED&TRUSTED&NOT_VPN] ] with score 0
05-12 16:38:56.216 V/MediaRouter( 2417): Adding route: RouteInfo{ name=Phone, description=null, status=null, category=RouteCategory{ name=null types=ROUTE_TYPE_LIVE_AUDIO ROUTE_TYPE_LIVE_VIDEO  groupable=false }, supportedTypes=ROUTE_TYPE_LIVE_AUDIO ROUTE_TYPE_LIVE_VIDEO , presentationDisplay=null }
05-12 16:38:56.253 I/AlarmClock( 2355): AlarmInitReceiver android.intent.action.LOCKED_BOOT_COMPLETED
05-12 16:38:56.494 V/MediaRouter( 2417): Updating audio routes: AudioRoutesInfo{ type=SPEAKER }
05-12 16:38:56.530 V/MediaRouter( 2417): Selecting route: RouteInfo{ name=Phone, description=null, status=null, category=RouteCategory{ name=null types=ROUTE_TYPE_LIVE_AUDIO ROUTE_TYPE_LIVE_VIDEO  groupable=false }, supportedTypes=ROUTE_TYPE_LIVE_AUDIO ROUTE_TYPE_LIVE_VIDEO , presentationDisplay=null }
05-12 16:38:56.628 V/Launcher( 2465): LauncherAppState inited
05-12 16:38:57.025 D/TrustManagerService( 1676): Removing dead TrustListener.
05-12 16:38:57.099 I/Choreographer( 2159): Skipped 33 frames!  The application may be doing too much work on its main thread.
05-12 16:38:57.440 W/art     ( 1676): Long monitor contention with owner Binder:1676_8 (2416) at void com.android.server.am.ActivityManagerService.attachApplication(android.app.IApplicationThread)(ActivityManagerService.java:6669) waiters=8 in void com.android.server.am.ActivityManagerService$3.handleMessage(android.os.Message) for 2.571s
05-12 16:38:58.542 E/WVMExtractor( 2417): Failed to open libwvm.so: dlopen failed: library "libwvm.so" not found
05-12 16:38:58.849 I/art     ( 1676): Background sticky concurrent mark sweep GC freed 36703(2MB) AllocSpace objects, 8(340KB) LOS objects, 26% free, 9MB/13MB, paused 2.722ms total 1.128s
05-12 16:38:59.552 I/MediaPlayerService( 1333): MediaPlayerService::getOMX
05-12 16:38:59.559 I/OMXClient( 2417): MuxOMX ctor
05-12 16:38:59.581 I/OMXMaster( 1330): makeComponentInstance(OMX.google.vorbis.decoder) in mediacodec process
05-12 16:39:00.074 W/ActivityManager( 1676): Slow operation: 237ms so far, now at startProcess: returned from zygote!
05-12 16:39:00.074 W/ActivityManager( 1676): Slow operation: 238ms so far, now at startProcess: done updating battery stats
05-12 16:39:00.075 W/ActivityManager( 1676): Slow operation: 238ms so far, now at startProcess: building log message
05-12 16:39:00.075 I/ActivityManager( 1676): Start proc 2502:com.android.keychain/1000 for service com.android.keychain/.KeyChainService
05-12 16:39:00.075 W/ActivityManager( 1676): Slow operation: 238ms so far, now at startProcess: starting to update pids map
05-12 16:39:00.076 W/ActivityManager( 1676): Slow operation: 239ms so far, now at startProcess: done updating pids map
05-12 16:39:00.076 W/ActivityManager( 1676): Slow operation: 239ms so far, now at startProcess: done starting proc!
05-12 16:39:00.078 W/art     ( 1676): Long monitor contention with owner AsyncTask #2 (2079) at int com.android.server.am.ActivityManagerService.bindService(android.app.IApplicationThread, android.os.IBinder, android.content.Intent, java.lang.String, android.app.IServiceConnection, int, java.lang.String, int)(ActivityManagerService.java:17301) waiters=1 in java.lang.String com.android.server.am.ActivityManagerService.checkContentProviderAccess(java.lang.String, int) for 281ms
05-12 16:39:00.123 W/art     ( 1676): Long monitor contention with owner AsyncTask #2 (2079) at int com.android.server.am.ActivityManagerService.bindService(android.app.IApplicationThread, android.os.IBinder, android.content.Intent, java.lang.String, android.app.IServiceConnection, int, java.lang.String, int)(ActivityManagerService.java:17301) waiters=3 in android.content.Intent com.android.server.am.ActivityManagerService.registerReceiver(android.app.IApplicationThread, java.lang.String, android.content.IIntentReceiver, android.content.IntentFilter, java.lang.String, int) for 262ms
05-12 16:39:00.250 W/art     ( 2502): Unexpected CPU variant for X86 using defaults: x86_64
05-12 16:39:00.451 W/art     ( 1676): Long monitor contention with owner ActivityManager (1713) at void com.android.server.am.BroadcastQueue.processNextBroadcast(boolean)(BroadcastQueue.java:760) waiters=1 in boolean com.android.server.am.ActivityManagerService.isUserRunning(int, int) for 107ms
05-12 16:39:01.312 W/System  ( 2502): ClassLoader referenced unknown path: /system/app/KeyChain/lib/x86_64
05-12 16:39:01.974 I/Choreographer( 2465): Skipped 30 frames!  The application may be doing too much work on its main thread.
05-12 16:39:02.026 I/MediaPlayerService( 1333): MediaPlayerService::getOMX
05-12 16:39:02.045 I/OMXClient( 2417): MuxOMX ctor
05-12 16:39:02.060 D/gralloc_ranchu( 2465): Emulator without host-side GPU emulation detected. Loading gralloc.default.so from /vendor/lib64/hw/gralloc.goldfish.default.so...
05-12 16:39:02.063 D/gralloc_ranchu( 2465): gralloc.default.so not found in /vendor. Trying /system/lib64/hw/gralloc.goldfish.default.so...
05-12 16:39:02.110 I/OMXMaster( 1330): makeComponentInstance(OMX.google.vorbis.decoder) in mediacodec process
05-12 16:39:02.370 I/ActivityManager( 1676): Displayed com.android.launcher3/.Launcher: +8s45ms
05-12 16:39:02.876 I/vol.Events( 2417): writeEvent collection_started
05-12 16:39:02.891 V/GridSizeMigrationTask( 2465): Workspace migration completed in 666
05-12 16:39:02.919 D/Launcher.Model( 2465): loadWorkspace: loading default favorites
05-12 16:39:03.030 W/art     ( 1676): Long monitor contention with owner Binder:1676_8 (2416) at void com.android.server.am.ActivityManagerService.attachApplication(android.app.IApplicationThread)(ActivityManagerService.java:6669) waiters=7 in int com.android.server.am.ActivityManagerService.getAppStartMode(int, java.lang.String) for 8.203s
05-12 16:39:03.092 I/vol.Events( 2417): writeEvent external_ringer_mode_changed normal
05-12 16:39:03.093 I/vol.Events( 2417): writeEvent internal_ringer_mode_changed normal
05-12 16:39:03.419 I/art     ( 2397): Waiting for a blocking GC DisableMovingGc
05-12 16:39:03.490 I/MediaPlayerService( 1333): MediaPlayerService::getOMX
05-12 16:39:03.492 I/OMXClient( 2417): MuxOMX ctor
05-12 16:39:03.519 I/OMXMaster( 1330): makeComponentInstance(OMX.google.vorbis.decoder) in mediacodec process
05-12 16:39:03.866 I/art     ( 2397): WaitForGcToComplete blocked for 446.643ms for cause DisableMovingGc
05-12 16:39:03.866 I/art     ( 2397): Starting a blocking GC DisableMovingGc
05-12 16:39:05.364 I/CalendarProvider2( 2397): Sending notification intent: Intent { act=android.intent.action.PROVIDER_CHANGED dat=content://com.android.calendar flg=0x20000000 }
05-12 16:39:05.365 W/ContentResolver( 2397): Failed to get type for: content://com.android.calendar (Unknown URL content://com.android.calendar)
05-12 16:39:05.640 I/Choreographer( 2159): Skipped 362 frames!  The application may be doing too much work on its main thread.
05-12 16:39:05.732 D/AlarmClock/Events( 2355): [Stopwatch] [Reset] [Reboot]
05-12 16:39:05.822 W/art     ( 1676): Long monitor contention with owner backup (2436) at void com.android.server.AlarmManagerService.setImpl(int, long, long, long, android.app.PendingIntent, android.app.IAlarmListener, java.lang.String, int, android.os.WorkSource, android.app.AlarmManager$AlarmClockInfo, int, java.lang.String)(AlarmManagerService.java:1072) waiters=0 in android.app.AlarmManager$AlarmClockInfo com.android.server.AlarmManagerService.getNextAlarmClockImpl(int) for 337ms
05-12 16:39:05.931 W/art     ( 1676): Long monitor contention with owner backup (2436) at int com.android.server.job.JobSchedulerService.scheduleAsPackage(android.app.job.JobInfo, int, java.lang.String, int, java.lang.String)(JobSchedulerService.java:576) waiters=0 in boolean com.android.server.job.JobServiceContext.verifyCallingUid() for 402ms
05-12 16:39:05.940 I/vol.Events( 2417): writeEvent level_changed STREAM_ALARM 6
05-12 16:39:05.957 I/vol.Events( 2417): writeEvent level_changed STREAM_BLUETOOTH_SCO 7
05-12 16:39:06.003 I/vol.Events( 2417): writeEvent level_changed STREAM_MUSIC 11
05-12 16:39:06.031 I/vol.Events( 2417): writeEvent level_changed STREAM_RING 5
05-12 16:39:06.036 I/vol.Events( 2417): writeEvent level_changed STREAM_SYSTEM 5
05-12 16:39:06.315 W/ifconfig( 2546): type=1400 audit(0.0:13): avc: denied { ioctl } for path="socket:[14764]" dev="sockfs" ino=14764 ioctlcmd=8927 scontext=u:r:shell:s0 tcontext=u:r:shell:s0 tclass=udp_socket permissive=0
05-12 16:39:06.355 W/ifconfig( 2546): type=1400 audit(0.0:14): avc: denied { ioctl } for path="socket:[14764]" dev="sockfs" ino=14764 ioctlcmd=891d scontext=u:r:shell:s0 tcontext=u:r:shell:s0 tclass=udp_socket permissive=0
05-12 16:39:06.365 W/ifconfig( 2546): type=1400 audit(0.0:15): avc: denied { ioctl } for path="socket:[14764]" dev="sockfs" ino=14764 ioctlcmd=8970 scontext=u:r:shell:s0 tcontext=u:r:shell:s0 tclass=udp_socket permissive=0
05-12 16:39:06.404 I/vol.Events( 2417): writeEvent level_changed STREAM_VOICE_CALL 4
05-12 16:39:07.049 I/art     ( 2465): Background sticky concurrent mark sweep GC freed 20121(1944KB) AllocSpace objects, 9(204KB) LOS objects, 23% free, 7MB/10MB, paused 464us total 327.008ms
05-12 16:39:07.076 D/StorageNotification( 2417): Notifying about private volume: VolumeInfo{private}:
05-12 16:39:07.076 D/StorageNotification( 2417):     type=PRIVATE diskId=null partGuid=null mountFlags=0 mountUserId=-1 
05-12 16:39:07.076 D/StorageNotification( 2417):     state=MOUNTED 
05-12 16:39:07.076 D/StorageNotification( 2417):     fsType=null fsUuid=null fsLabel=null 
05-12 16:39:07.076 D/StorageNotification( 2417):     path=/data internalPath=null 
05-12 16:39:07.090 D/StorageNotification( 2417): Notifying about public volume: VolumeInfo{public:253,48}:
05-12 16:39:07.090 D/StorageNotification( 2417):     type=PUBLIC diskId=disk:253,48 partGuid=null mountFlags=VISIBLE 
05-12 16:39:07.090 D/StorageNotification( 2417):     mountUserId=0 state=MOUNTED 
05-12 16:39:07.090 D/StorageNotification( 2417):     fsType=vfat fsUuid=1EFF-1C1B fsLabel=SDCARD 
05-12 16:39:07.090 D/StorageNotification( 2417):     path=/storage/1EFF-1C1B internalPath=/mnt/media_rw/1EFF-1C1B 
05-12 16:39:07.141 V/AlarmClock( 2355): AlarmInitReceiver finished
05-12 16:39:07.236 W/ActivityManager( 1676): Slow operation: 135ms so far, now at startProcess: returned from zygote!
05-12 16:39:07.237 W/ActivityManager( 1676): Slow operation: 136ms so far, now at startProcess: done updating battery stats
05-12 16:39:07.276 W/art     ( 2554): Unexpected CPU variant for X86 using defaults: x86_64
05-12 16:39:07.278 W/ActivityManager( 1676): Slow operation: 146ms so far, now at startProcess: building log message
05-12 16:39:07.278 I/ActivityManager( 1676): Start proc 2554:android.process.media/u0a10 for broadcast com.android.providers.downloads/.DownloadReceiver
05-12 16:39:07.278 W/ActivityManager( 1676): Slow operation: 177ms so far, now at startProcess: starting to update pids map
05-12 16:39:07.279 W/ActivityManager( 1676): Slow operation: 178ms so far, now at startProcess: done updating pids map
05-12 16:39:07.279 W/ActivityManager( 1676): Slow operation: 181ms so far, now at startProcess: done starting proc!
05-12 16:39:07.280 W/art     ( 1676): Long monitor contention with owner Binder:1676_5 (2179) at void com.android.server.am.BroadcastQueue.processNextBroadcast(boolean)(BroadcastQueue.java:760) waiters=0 in void com.android.server.am.ActivityManagerService.dispatchUidsChanged() for 179ms
05-12 16:39:07.885 V/KeyguardServiceDelegate( 1676): *** Keyguard connected (yay!)
05-12 16:39:08.066 W/art     ( 1676): Long monitor contention with owner Binder:1676_8 (2416) at int com.android.server.wm.WindowManagerService.relayoutWindow(com.android.server.wm.Session, android.view.IWindow, int, android.view.WindowManager$LayoutParams, int, int, int, int, android.graphics.Rect, android.graphics.Rect, android.graphics.Rect, android.graphics.Rect, android.graphics.Rect, android.graphics.Rect, android.graphics.Rect, android.content.res.Configuration, android.view.Surface)(WindowManagerService.java:2857) waiters=0 in void com.android.server.wm.WindowManagerService$H.handleMessage(android.os.Message) for 217ms
05-12 16:39:08.309 D/LockSettings( 1676): Removing dead StrongAuthTracker.
05-12 16:39:08.576 I/Choreographer( 2417): Skipped 121 frames!  The application may be doing too much work on its main thread.
05-12 16:39:08.598 I/SyncManager( 1676): Got SyncJobService instance.
05-12 16:39:08.603 I/FusedLocation( 1676): engine started (com.android.location.fused)
05-12 16:39:08.846 I/BackupManagerService( 1676): Found stale backup journal, scheduling
05-12 16:39:08.992 W/art     ( 1676): Long monitor contention with owner Binder:1676_2 (1696) at int com.android.server.wm.WindowManagerService.relayoutWindow(com.android.server.wm.Session, android.view.IWindow, int, android.view.WindowManager$LayoutParams, int, int, int, int, android.graphics.Rect, android.graphics.Rect, android.graphics.Rect, android.graphics.Rect, android.graphics.Rect, android.graphics.Rect, android.graphics.Rect, android.content.res.Configuration, android.view.Surface)(WindowManagerService.java:2857) waiters=0 in void com.android.server.wm.WindowManagerService$H.handleMessage(android.os.Message) for 263ms
05-12 16:39:09.055 W/System  ( 2554): ClassLoader referenced unknown path: /system/priv-app/DownloadProvider/lib/x86_64
05-12 16:39:09.301 W/art     ( 1676): Long monitor contention with owner android.display (1729) at void com.android.server.wm.WindowManagerService$H.handleMessage(android.os.Message)(WindowManagerService.java:8368) waiters=1 in void com.android.server.wm.WindowManagerService.setDockedStackDividerTouchRegion(android.graphics.Rect) for 196ms
05-12 16:39:09.399 E/NetdConnector( 1676): NDC Command {19 firewall disable_chain standby} took too long (723ms)
05-12 16:39:09.403 W/art     ( 2417): Suspending all threads took: 57.755ms
05-12 16:39:09.454 I/art     ( 2417): Background sticky concurrent mark sweep GC freed 11976(1275KB) AllocSpace objects, 2(40KB) LOS objects, 0% free, 10MB/10MB, paused 62.137ms total 1.287s
05-12 16:39:09.609 W/ActivityManager( 1676): Slow operation: 73ms so far, now at startProcess: returned from zygote!
05-12 16:39:09.609 W/ActivityManager( 1676): Slow operation: 73ms so far, now at startProcess: done updating battery stats
05-12 16:39:09.609 W/ActivityManager( 1676): Slow operation: 74ms so far, now at startProcess: building log message
05-12 16:39:09.610 I/ActivityManager( 1676): Start proc 2578:com.android.printspooler/u0a51 for service com.android.printspooler/.model.PrintSpoolerService
05-12 16:39:09.610 W/ActivityManager( 1676): Slow operation: 74ms so far, now at startProcess: starting to update pids map
05-12 16:39:09.610 W/ActivityManager( 1676): Slow operation: 74ms so far, now at startProcess: done updating pids map
05-12 16:39:09.610 W/ActivityManager( 1676): Slow operation: 75ms so far, now at startProcess: done starting proc!
05-12 16:39:09.639 W/art     ( 2578): Unexpected CPU variant for X86 using defaults: x86_64
05-12 16:39:09.698 W/art     ( 1676): Long monitor contention with owner Binder:1676_8 (2416) at void com.android.server.wm.WindowManagerService.setInsetsWindow(com.android.server.wm.Session, android.view.IWindow, int, android.graphics.Rect, android.graphics.Rect, android.graphics.Region)(WindowManagerService.java:2719) waiters=0 in void com.android.server.wm.WindowManagerService$H.handleMessage(android.os.Message) for 373ms
05-12 16:39:09.909 I/StatusBarManagerService( 1676): registerStatusBar bar=com.android.internal.statusbar.IStatusBar$Stub$Proxy@ffd59aa
05-12 16:39:09.929 I/art     ( 2417): Background partial concurrent mark sweep GC freed 2172(111KB) AllocSpace objects, 0(0B) LOS objects, 26% free, 10MB/14MB, paused 3.045ms total 219.590ms
05-12 16:39:09.988 W/System  ( 2554): ClassLoader referenced unknown path: /system/priv-app/MediaProvider/lib/x86_64
05-12 16:39:09.993 D/ApplicationLoaders( 2554): ignored Vulkan layer search path /system/priv-app/MediaProvider/lib/x86_64:/system/priv-app/MediaProvider/MediaProvider.apk!/lib/x86_64:/system/lib64:/vendor/lib64 for namespace 0x7db32a2a20f0
05-12 16:39:11.001 D/MediaScannerReceiver( 2554): action: android.intent.action.MEDIA_MOUNTED path: /storage/1EFF-1C1B
05-12 16:39:11.303 D/MediaScannerReceiver( 2554): action: android.intent.action.MEDIA_MOUNTED path: /storage/emulated/0
05-12 16:39:11.912 W/System  ( 2417): ClassLoader referenced unknown path: 
05-12 16:39:11.913 W/System  ( 2417): ClassLoader referenced unknown path: /system/priv-app/Dialer/lib/x86_64
05-12 16:39:11.916 D/ApplicationLoaders( 2417): ignored Vulkan layer search path /system/priv-app/Dialer/lib/x86_64:/system/lib64:/vendor/lib64 for namespace 0x7db32a4050f0
05-12 16:39:12.094 E/BluetoothAdapter( 2417): Bluetooth binder is null
05-12 16:39:12.180 I/CameraManagerGlobal( 2417): Connecting to camera service
05-12 16:39:12.213 V/EmulatedCamera_Camera( 1326): getCameraInfo
05-12 16:39:12.214 V/EmulatedCamera_BaseCamera( 1326): getCameraInfo
05-12 16:39:12.214 I/CameraService( 1326): getCameraCharacteristics: Switching to HAL1 shim implementation...
05-12 16:39:12.214 V/EmulatedCamera_Camera( 1326): getCameraInfo
05-12 16:39:12.214 V/EmulatedCamera_BaseCamera( 1326): getCameraInfo
05-12 16:39:12.222 V/EmulatedCamera_Camera( 1326): getCameraInfo
05-12 16:39:12.222 V/EmulatedCamera_BaseCamera( 1326): getCameraInfo
05-12 16:39:12.225 V/EmulatedCamera_Camera( 1326): getCameraInfo
05-12 16:39:12.225 V/EmulatedCamera_BaseCamera( 1326): getCameraInfo
05-12 16:39:12.329 I/StatusBar( 2417): isKeyguardShowing() called before startKeyguard(), returning true
05-12 16:39:12.331 W/StatusBar( 2417): isKeyguardSecure() called before startKeyguard(), returning false
05-12 16:39:12.331 W/StatusBar( 2417): java.lang.Throwable
05-12 16:39:12.331 W/StatusBar( 2417): 	at com.android.systemui.statusbar.BaseStatusBar.isKeyguardSecure(BaseStatusBar.java:2647)
05-12 16:39:12.331 W/StatusBar( 2417): 	at com.android.systemui.statusbar.BaseStatusBar.isCameraAllowedByAdmin(BaseStatusBar.java:2670)
05-12 16:39:12.331 W/StatusBar( 2417): 	at com.android.systemui.statusbar.phone.KeyguardBottomAreaView.updateCameraVisibility(KeyguardBottomAreaView.java:309)
05-12 16:39:12.331 W/StatusBar( 2417): 	at com.android.systemui.statusbar.phone.KeyguardBottomAreaView.setPhoneStatusBar(KeyguardBottomAreaView.java:272)
05-12 16:39:12.331 W/StatusBar( 2417): 	at com.android.systemui.statusbar.phone.PhoneStatusBar.makeStatusBarView(PhoneStatusBar.java:904)
05-12 16:39:12.331 W/StatusBar( 2417): 	at com.android.systemui.statusbar.phone.PhoneStatusBar.addStatusBarWindow(PhoneStatusBar.java:3432)
05-12 16:39:12.331 W/StatusBar( 2417): 	at com.android.systemui.statusbar.phone.PhoneStatusBar.createAndAddWindows(PhoneStatusBar.java:3428)
05-12 16:39:12.331 W/StatusBar( 2417): 	at com.android.systemui.statusbar.BaseStatusBar.start(BaseStatusBar.java:765)
05-12 16:39:12.331 W/StatusBar( 2417): 	at com.android.systemui.statusbar.phone.PhoneStatusBar.start(PhoneStatusBar.java:686)
05-12 16:39:12.331 W/StatusBar( 2417): 	at com.android.systemui.statusbar.SystemBars.createStatusBarFromConfig(SystemBars.java:106)
05-12 16:39:12.331 W/StatusBar( 2417): 	at com.android.systemui.statusbar.SystemBars.onNoService(SystemBars.java:58)
05-12 16:39:12.331 W/StatusBar( 2417): 	at com.android.systemui.statusbar.ServiceMonitor.startService(ServiceMonitor.java:230)
05-12 16:39:12.331 W/StatusBar( 2417): 	at com.android.systemui.statusbar.ServiceMonitor.-wrap5(ServiceMonitor.java)
05-12 16:39:12.331 W/StatusBar( 2417): 	at com.android.systemui.statusbar.ServiceMonitor$1.handleMessage(ServiceMonitor.java:73)
05-12 16:39:12.331 W/StatusBar( 2417): 	at android.os.Handler.dispatchMessage(Handler.java:102)
05-12 16:39:12.331 W/StatusBar( 2417): 	at android.os.Looper.loop(Looper.java:154)
05-12 16:39:12.331 W/StatusBar( 2417): 	at android.app.ActivityThread.main(ActivityThread.java:6119)
05-12 16:39:12.331 W/StatusBar( 2417): 	at java.lang.reflect.Method.invoke(Native Method)
05-12 16:39:12.331 W/StatusBar( 2417): 	at com.android.internal.os.ZygoteInit$MethodAndArgsCaller.run(ZygoteInit.java:886)
05-12 16:39:12.331 W/StatusBar( 2417): 	at com.android.internal.os.ZygoteInit.main(ZygoteInit.java:776)
05-12 16:39:12.336 I/StatusBar( 2417): isKeyguardShowing() called before startKeyguard(), returning true
05-12 16:39:12.337 W/StatusBar( 2417): isKeyguardSecure() called before startKeyguard(), returning false
05-12 16:39:12.337 W/StatusBar( 2417): java.lang.Throwable
05-12 16:39:12.337 W/StatusBar( 2417): 	at com.android.systemui.statusbar.BaseStatusBar.isKeyguardSecure(BaseStatusBar.java:2647)
05-12 16:39:12.337 W/StatusBar( 2417): 	at com.android.systemui.statusbar.BaseStatusBar.isCameraAllowedByAdmin(BaseStatusBar.java:2670)
05-12 16:39:12.337 W/StatusBar( 2417): 	at com.android.systemui.statusbar.phone.KeyguardBottomAreaView.updateCameraVisibility(KeyguardBottomAreaView.java:309)
05-12 16:39:12.337 W/StatusBar( 2417): 	at com.android.systemui.statusbar.phone.KeyguardBottomAreaView.setUserSetupComplete(KeyguardBottomAreaView.java:281)
05-12 16:39:12.337 W/StatusBar( 2417): 	at com.android.systemui.statusbar.phone.PhoneStatusBar.makeStatusBarView(PhoneStatusBar.java:905)
05-12 16:39:12.337 W/StatusBar( 2417): 	at com.android.systemui.statusbar.phone.PhoneStatusBar.addStatusBarWindow(PhoneStatusBar.java:3432)
05-12 16:39:12.337 W/StatusBar( 2417): 	at com.android.systemui.statusbar.phone.PhoneStatusBar.createAndAddWindows(PhoneStatusBar.java:3428)
05-12 16:39:12.337 W/StatusBar( 2417): 	at com.android.systemui.statusbar.BaseStatusBar.start(BaseStatusBar.java:765)
05-12 16:39:12.337 W/StatusBar( 2417): 	at com.android.systemui.statusbar.phone.PhoneStatusBar.start(PhoneStatusBar.java:686)
05-12 16:39:12.337 W/StatusBar( 2417): 	at com.android.systemui.statusbar.SystemBars.createStatusBarFromConfig(SystemBars.java:106)
05-12 16:39:12.337 W/StatusBar( 2417): 	at com.android.systemui.statusbar.SystemBars.onNoService(SystemBars.java:58)
05-12 16:39:12.337 W/StatusBar( 2417): 	at com.android.systemui.statusbar.ServiceMonitor.startService(ServiceMonitor.java:230)
05-12 16:39:12.337 W/StatusBar( 2417): 	at com.android.systemui.statusbar.ServiceMonitor.-wrap5(ServiceMonitor.java)
05-12 16:39:12.337 W/StatusBar( 2417): 	at com.android.systemui.statusbar.ServiceMonitor$1.handleMessage(ServiceMonitor.java:73)
05-12 16:39:12.337 W/StatusBar( 2417): 	at android.os.Handler.dispatchMessage(Handler.java:102)
05-12 16:39:12.337 W/StatusBar( 2417): 	at android.os.Looper.loop(Looper.java:154)
05-12 16:39:12.337 W/StatusBar( 2417): 	at android.app.ActivityThread.main(ActivityThread.java:6119)
05-12 16:39:12.337 W/StatusBar( 2417): 	at java.lang.reflect.Method.invoke(Native Method)
05-12 16:39:12.337 W/StatusBar( 2417): 	at com.android.internal.os.ZygoteInit$MethodAndArgsCaller.run(ZygoteInit.java:886)
05-12 16:39:12.337 W/StatusBar( 2417): 	at com.android.internal.os.ZygoteInit.main(ZygoteInit.java:776)
05-12 16:39:12.339 V/MediaScanner( 2554): pruneDeadThumbnailFiles... android.content.ContentProviderClient$CursorWrapperInner@33fb22e
05-12 16:39:12.348 V/MediaScanner( 2554): /pruneDeadThumbnailFiles... android.content.ContentProviderClient$CursorWrapperInner@33fb22e
05-12 16:39:12.564 V/EmulatedCamera_Camera( 1326): getCameraInfo
05-12 16:39:12.565 V/EmulatedCamera_BaseCamera( 1326): getCameraInfo
05-12 16:39:12.567 V/EmulatedCamera_Camera( 1326): getCameraInfo
05-12 16:39:12.567 V/EmulatedCamera_BaseCamera( 1326): getCameraInfo
05-12 16:39:12.889 I/art     ( 2417): Background sticky concurrent mark sweep GC freed 8320(1925KB) AllocSpace objects, 0(0B) LOS objects, 13% free, 12MB/14MB, paused 969us total 100.863ms
05-12 16:39:12.940 I/StatusBar( 2417): isKeyguardShowing() called before startKeyguard(), returning true
05-12 16:39:12.941 W/StatusBar( 2417): isKeyguardSecure() called before startKeyguard(), returning false
05-12 16:39:12.941 W/StatusBar( 2417): java.lang.Throwable
05-12 16:39:12.941 W/StatusBar( 2417): 	at com.android.systemui.statusbar.BaseStatusBar.isKeyguardSecure(BaseStatusBar.java:2647)
05-12 16:39:12.941 W/StatusBar( 2417): 	at com.android.systemui.statusbar.BaseStatusBar.isCameraAllowedByAdmin(BaseStatusBar.java:2670)
05-12 16:39:12.941 W/StatusBar( 2417): 	at com.android.systemui.statusbar.phone.KeyguardBottomAreaView.updateCameraVisibility(KeyguardBottomAreaView.java:309)
05-12 16:39:12.941 W/StatusBar( 2417): 	at com.android.systemui.statusbar.phone.KeyguardBottomAreaView.setUserSetupComplete(KeyguardBottomAreaView.java:281)
05-12 16:39:12.941 W/StatusBar( 2417): 	at com.android.systemui.statusbar.phone.PhoneStatusBar$1.onChange(PhoneStatusBar.java:441)
05-12 16:39:12.941 W/StatusBar( 2417): 	at com.android.systemui.statusbar.phone.PhoneStatusBar.resetUserSetupObserver(PhoneStatusBar.java:3676)
05-12 16:39:12.941 W/StatusBar( 2417): 	at com.android.systemui.statusbar.phone.PhoneStatusBar.makeStatusBarView(PhoneStatusBar.java:1008)
05-12 16:39:12.941 W/StatusBar( 2417): 	at com.android.systemui.statusbar.phone.PhoneStatusBar.addStatusBarWindow(PhoneStatusBar.java:3432)
05-12 16:39:12.941 W/StatusBar( 2417): 	at com.android.systemui.statusbar.phone.PhoneStatusBar.createAndAddWindows(PhoneStatusBar.java:3428)
05-12 16:39:12.941 W/StatusBar( 2417): 	at com.android.systemui.statusbar.BaseStatusBar.start(BaseStatusBar.java:765)
05-12 16:39:12.941 W/StatusBar( 2417): 	at com.android.systemui.statusbar.phone.PhoneStatusBar.start(PhoneStatusBar.java:686)
05-12 16:39:12.941 W/StatusBar( 2417): 	at com.android.systemui.statusbar.SystemBars.createStatusBarFromConfig(SystemBars.java:106)
05-12 16:39:12.941 W/StatusBar( 2417): 	at com.android.systemui.statusbar.SystemBars.onNoService(SystemBars.java:58)
05-12 16:39:12.941 W/StatusBar( 2417): 	at com.android.systemui.statusbar.ServiceMonitor.startService(ServiceMonitor.java:230)
05-12 16:39:12.941 W/StatusBar( 2417): 	at com.android.systemui.statusbar.ServiceMonitor.-wrap5(ServiceMonitor.java)
05-12 16:39:12.941 W/StatusBar( 2417): 	at com.android.systemui.statusbar.ServiceMonitor$1.handleMessage(ServiceMonitor.java:73)
05-12 16:39:12.941 W/StatusBar( 2417): 	at android.os.Handler.dispatchMessage(Handler.java:102)
05-12 16:39:12.941 W/StatusBar( 2417): 	at android.os.Looper.loop(Looper.java:154)
05-12 16:39:12.941 W/StatusBar( 2417): 	at android.app.ActivityThread.main(ActivityThread.java:6119)
05-12 16:39:12.941 W/StatusBar( 2417): 	at java.lang.reflect.Method.invoke(Native Method)
05-12 16:39:12.941 W/StatusBar( 2417): 	at com.android.internal.os.ZygoteInit$MethodAndArgsCaller.run(ZygoteInit.java:886)
05-12 16:39:12.941 W/StatusBar( 2417): 	at com.android.internal.os.ZygoteInit.main(ZygoteInit.java:776)
05-12 16:39:12.979 E/SurfaceFlinger( 1320): ro.sf.lcd_density must be defined as a build property
05-12 16:39:12.985 D/OpenGLRenderer( 2417): profile bars disabled
05-12 16:39:12.986 D/OpenGLRenderer( 2417): ambientRatio = 1.50
05-12 16:39:13.035 D/PhoneStatusBar( 2417): disable: < EXPAND* icons alerts system_info BACK* HOME* RECENT* clock SEARCH* quick_settings >
05-12 16:39:13.182 I/art     ( 1676): Background partial concurrent mark sweep GC freed 24136(1840KB) AllocSpace objects, 19(628KB) LOS objects, 29% free, 9MB/13MB, paused 1.246ms total 205.638ms
05-12 16:39:13.466 D/PhoneStatusBar( 2417): heads up is enabled
05-12 16:39:13.589 I/ActivityManager( 1676): Start proc 2613:android.process.acore/u0a1 for content provider com.android.providers.contacts/.ContactsProvider2
05-12 16:39:13.607 W/art     ( 2613): Unexpected CPU variant for X86 using defaults: x86_64
05-12 16:39:13.632 V/MediaScanner( 2554): pruneDeadThumbnailFiles... android.content.ContentProviderClient$CursorWrapperInner@35dcf8c
05-12 16:39:13.633 V/MediaScanner( 2554): /pruneDeadThumbnailFiles... android.content.ContentProviderClient$CursorWrapperInner@35dcf8c
05-12 16:39:13.885 W/System  ( 2613): ClassLoader referenced unknown path: /system/priv-app/ContactsProvider/lib/x86_64
05-12 16:39:14.102 W/art     ( 1676): Long monitor contention with owner android.ui (1714) at int com.android.server.wm.WindowManagerService.relayoutWindow(com.android.server.wm.Session, android.view.IWindow, int, android.view.WindowManager$LayoutParams, int, int, int, int, android.graphics.Rect, android.graphics.Rect, android.graphics.Rect, android.graphics.Rect, android.graphics.Rect, android.graphics.Rect, android.graphics.Rect, android.content.res.Configuration, android.view.Surface)(WindowManagerService.java:2857) waiters=0 in void com.android.server.wm.WindowAnimator$1.doFrame(long) for 388ms
05-12 16:39:14.107 W/art     ( 1676): Long monitor contention with owner android.ui (1714) at int com.android.server.wm.WindowManagerService.relayoutWindow(com.android.server.wm.Session, android.view.IWindow, int, android.view.WindowManager$LayoutParams, int, int, int, int, android.graphics.Rect, android.graphics.Rect, android.graphics.Rect, android.graphics.Rect, android.graphics.Rect, android.graphics.Rect, android.graphics.Rect, android.content.res.Configuration, android.view.Surface)(WindowManagerService.java:2857) waiters=1 in int com.android.server.wm.WindowManagerService.relayoutWindow(com.android.server.wm.Session, android.view.IWindow, int, android.view.WindowManager$LayoutParams, int, int, int, int, android.graphics.Rect, android.graphics.Rect, android.graphics.Rect, android.graphics.Rect, android.graphics.Rect, android.graphics.Rect, android.graphics.Rect, android.content.res.Configuration, android.view.Surface) for 382ms
05-12 16:39:14.122 W/art     ( 1676): Long monitor contention with owner android.ui (1714) at int com.android.server.wm.WindowManagerService.relayoutWindow(com.android.server.wm.Session, android.view.IWindow, int, android.view.WindowManager$LayoutParams, int, int, int, int, android.graphics.Rect, android.graphics.Rect, android.graphics.Rect, android.graphics.Rect, android.graphics.Rect, android.graphics.Rect, android.graphics.Rect, android.content.res.Configuration, android.view.Surface)(WindowManagerService.java:2857) waiters=2 in int com.android.server.wm.WindowManagerService.relayoutWindow(com.android.server.wm.Session, android.view.IWindow, int, android.view.WindowManager$LayoutParams, int, int, int, int, android.graphics.Rect, android.graphics.Rect, android.graphics.Rect, android.graphics.Rect, android.graphics.Rect, android.graphics.Rect, android.graphics.Rect, android.content.res.Configuration, android.view.Surface) for 384ms
05-12 16:39:14.355 W/art     ( 1676): Long monitor contention with owner android.display (1729) at void com.android.server.wm.WindowAnimator$1.doFrame(long)(WindowAnimator.java:144) waiters=1 in int com.android.server.wm.WindowManagerService.relayoutWindow(com.android.server.wm.Session, android.view.IWindow, int, android.view.WindowManager$LayoutParams, int, int, int, int, android.graphics.Rect, android.graphics.Rect, android.graphics.Rect, android.graphics.Rect, android.graphics.Rect, android.graphics.Rect, android.graphics.Rect, android.content.res.Configuration, android.view.Surface) for 237ms
05-12 16:39:14.363 I/ContactsPerf( 2613): VoicemailContentProvider.onCreate start
05-12 16:39:14.482 W/art     ( 1676): Long monitor contention with owner android.display (1729) at void com.android.server.wm.WindowAnimator$1.doFrame(long)(WindowAnimator.java:144) waiters=1 in int com.android.server.wm.WindowManagerService.relayoutWindow(com.android.server.wm.Session, android.view.IWindow, int, android.view.WindowManager$LayoutParams, int, int, int, int, android.graphics.Rect, android.graphics.Rect, android.graphics.Rect, android.graphics.Rect, android.graphics.Rect, android.graphics.Rect, android.graphics.Rect, android.content.res.Configuration, android.view.Surface) for 360ms
05-12 16:39:14.499 I/ContactsPerf( 2613): VoicemailContentProvider.onCreate finish
05-12 16:39:14.542 W/System  ( 2613): ClassLoader referenced unknown path: /system/priv-app/BlockedNumberProvider/lib/x86_64
05-12 16:39:14.569 D/ApplicationLoaders( 2613): ignored Vulkan layer search path /system/priv-app/BlockedNumberProvider/lib/x86_64:/system/lib64:/vendor/lib64 for namespace 0x7db32a2a20f0
05-12 16:39:14.647 W/art     ( 1676): Long monitor contention with owner android.display (1729) at void com.android.server.wm.WindowAnimator$1.doFrame(long)(WindowAnimator.java:144) waiters=1 in int com.android.server.wm.WindowManagerService.relayoutWindow(com.android.server.wm.Session, android.view.IWindow, int, android.view.WindowManager$LayoutParams, int, int, int, int, android.graphics.Rect, android.graphics.Rect, android.graphics.Rect, android.graphics.Rect, android.graphics.Rect, android.graphics.Rect, android.graphics.Rect, android.content.res.Configuration, android.view.Surface) for 292ms
05-12 16:39:14.684 W/System  ( 2613): ClassLoader referenced unknown path: /system/app/UserDictionaryProvider/lib/x86_64
05-12 16:39:14.687 D/ApplicationLoaders( 2613): ignored Vulkan layer search path /system/app/UserDictionaryProvider/lib/x86_64:/system/lib64:/vendor/lib64 for namespace 0x7db32a2a2160
05-12 16:39:14.872 W/art     ( 1676): Long monitor contention with owner android.display (1729) at void com.android.server.wm.WindowManagerService$H.handleMessage(android.os.Message)(WindowManagerService.java:8368) waiters=1 in int com.android.server.wm.WindowManagerService.relayoutWindow(com.android.server.wm.Session, android.view.IWindow, int, android.view.WindowManager$LayoutParams, int, int, int, int, android.graphics.Rect, android.graphics.Rect, android.graphics.Rect, android.graphics.Rect, android.graphics.Rect, android.graphics.Rect, android.graphics.Rect, android.content.res.Configuration, android.view.Surface) for 388ms
05-12 16:39:15.129 W/art     ( 1676): Long monitor contention with owner Binder:1676_3 (1963) at int com.android.server.wm.WindowManagerService.relayoutWindow(com.android.server.wm.Session, android.view.IWindow, int, android.view.WindowManager$LayoutParams, int, int, int, int, android.graphics.Rect, android.graphics.Rect, android.graphics.Rect, android.graphics.Rect, android.graphics.Rect, android.graphics.Rect, android.graphics.Rect, android.content.res.Configuration, android.view.Surface)(WindowManagerService.java:2857) waiters=1 in void com.android.server.wm.WindowAnimator$1.doFrame(long) for 465ms
05-12 16:39:15.140 W/KeyguardUpdateMonitor( 2417): invalid subId in handleSimStateChange()
05-12 16:39:15.285 V/KeyguardServiceDelegate( 1676): **** SHOWN CALLED ****
05-12 16:39:15.549 W/ActivityManager( 1676): Slow operation: 189ms so far, now at startProcess: returned from zygote!
05-12 16:39:15.549 W/ActivityManager( 1676): Slow operation: 189ms so far, now at startProcess: done updating battery stats
05-12 16:39:15.550 W/ActivityManager( 1676): Slow operation: 190ms so far, now at startProcess: building log message
05-12 16:39:15.550 I/ActivityManager( 1676): Start proc 2633:com.android.dialer/u0a8 for broadcast com.android.dialer/.calllog.CallLogReceiver
05-12 16:39:15.550 W/ActivityManager( 1676): Slow operation: 190ms so far, now at startProcess: starting to update pids map
05-12 16:39:15.550 W/ActivityManager( 1676): Slow operation: 190ms so far, now at startProcess: done updating pids map
05-12 16:39:15.550 W/ActivityManager( 1676): Slow operation: 191ms so far, now at startProcess: done starting proc!
05-12 16:39:15.556 W/art     ( 2633): Unexpected CPU variant for X86 using defaults: x86_64
05-12 16:39:15.558 W/art     ( 1676): Long monitor contention with owner main (1676) at void com.android.server.am.BroadcastQueue.processNextBroadcast(boolean)(BroadcastQueue.java:760) waiters=0 in void com.android.server.am.ActivityManagerService.dispatchUidsChanged() for 199ms
05-12 16:39:15.575 I/RecoverySystem( 1676): No recovery log file
05-12 16:39:15.672 I/BootReceiver( 1676): Copying audit failures to DropBox
05-12 16:39:15.672 I/BootReceiver( 1676): Checking for fsck errors
05-12 16:39:15.813 D/gralloc_ranchu( 2417): Emulator without host-side GPU emulation detected. Loading gralloc.default.so from /vendor/lib64/hw/gralloc.goldfish.default.so...
05-12 16:39:15.816 D/gralloc_ranchu( 2417): gralloc.default.so not found in /vendor. Trying /system/lib64/hw/gralloc.goldfish.default.so...
05-12 16:39:16.070 I/Choreographer( 2417): Skipped 245 frames!  The application may be doing too much work on its main thread.
05-12 16:39:16.127 D/ViewRootImpl[StatusBar]( 2417): changeCanvasOpacity: opaque=true
05-12 16:39:16.134 W/System  ( 2633): ClassLoader referenced unknown path: /system/priv-app/Dialer/lib/x86_64
05-12 16:39:17.012 W/art     ( 1676): Long monitor contention with owner Binder:1676_2 (1696) at int com.android.server.wm.WindowManagerService.relayoutWindow(com.android.server.wm.Session, android.view.IWindow, int, android.view.WindowManager$LayoutParams, int, int, int, int, android.graphics.Rect, android.graphics.Rect, android.graphics.Rect, android.graphics.Rect, android.graphics.Rect, android.graphics.Rect, android.graphics.Rect, android.content.res.Configuration, android.view.Surface)(WindowManagerService.java:2857) waiters=0 in void com.android.server.wm.WindowManagerService$H.handleMessage(android.os.Message) for 234ms
05-12 16:39:17.166 D/ExtensionsFactory( 2633): No custom extensions.
05-12 16:39:17.343 D/BlockedNumbersAuto( 2633): Not attempting auto-migrate: already checked once.
05-12 16:39:17.461 W/art     ( 1676): Long monitor contention with owner Binder:1676_3 (1963) at int com.android.server.wm.WindowManagerService.relayoutWindow(com.android.server.wm.Session, android.view.IWindow, int, android.view.WindowManager$LayoutParams, int, int, int, int, android.graphics.Rect, android.graphics.Rect, android.graphics.Rect, android.graphics.Rect, android.graphics.Rect, android.graphics.Rect, android.graphics.Rect, android.content.res.Configuration, android.view.Surface)(WindowManagerService.java:2857) waiters=0 in void com.android.server.wm.WindowManagerService$H.handleMessage(android.os.Message) for 152ms
05-12 16:39:17.562 I/ContactLocale( 2613): AddressBook Labels [[en_US]]: [â€¦, A, B, C, D, E, F, G, H, I, J, K, L, M, N, O, P, Q, R, S, T, U, V, W, X, Y, Z, Î‘, Î’, Î“, Î”, Î•, Î–, Î—, Î˜, Î™, Îš, Î›, Îœ, Î, Îž, ÎŸ, Î , Î¡, Î£, Î¤, Î¥, Î¦, Î§, Î¨, Î©, â€¦, Ð, Ð‘, Ð’, Ð“, Ð”, Ð‚, Ð•, Ð„, Ð–, Ð—, Ð˜, Ð†, Ð™, Ðˆ, Ðš, Ð›, Ð‰, Ðœ, Ð, ÐŠ, Ðž, ÐŸ, Ð , Ð¡, Ð¢, Ð‹, Ð£, Ð¤, Ð¥, Ð¦, Ð§, Ð, Ð¨, Ð©, Ð®, Ð¯, â€¦, ×, ×‘, ×’, ×“, ×”, ×•, ×–, ×—, ×˜, ×™, ×›, ×œ, ×ž, × , ×¡, ×¢, ×¤, ×¦, ×§, ×¨, ×©, ×ª, â€¦, Ø§, Ø¨, Øª, Ø«, Ø¬, Ø­, Ø®, Ø¯, Ø°, Ø±, Ø², Ø³, Ø´, Øµ, Ø¶, Ø·, Ø¸, Ø¹, Øº, Ù, Ù‚, Ùƒ, Ù„, Ù…, Ù†, Ù‡, Ùˆ, ÙŠ, â€¦, à¸, à¸‚, à¸ƒ, à¸„, à¸…, à¸†, à¸‡, à¸ˆ, à¸‰, à¸Š, à¸‹, à¸Œ, à¸, à¸Ž, à¸, à¸, à¸‘, à¸’, à¸“, à¸”, à¸•, à¸–, à¸—, à¸˜, à¸™, à¸š, à¸›, à¸œ, à¸, à¸ž, à¸Ÿ, à¸ , à¸¡, à¸¢, à¸£, à¸¤, à¸¥, à¸¦, à¸§, à¸¨, à¸©, à¸ª, à¸«, à¸¬, à¸­, à¸®, â€¦, ã„±, ã„´, ã„·, ã„¹, ã…, ã…‚, ã……, ã…‡, ã…ˆ, ã…Š, ã…‹, ã…Œ, ã…, ã…Ž, â€¦, ã‚, ã‹, ã•, ãŸ, ãª, ã¯, ã¾, ã‚„, ã‚‰, ã‚, #, â€¦]
05-12 16:39:17.757 D/CarrierConfigLoader( 2143): mHandler: 13 phoneId: 0
05-12 16:39:17.758 D/CarrierConfigLoader( 2143): mHandler: 7 phoneId: 0
05-12 16:39:17.765 E/CarrierConfigLoader( 2143): Cannot restore config with null packageName or iccid.
05-12 16:39:17.765 D/CarrierConfigLoader( 2143): Binding to com.android.carrierconfig for phone 0
05-12 16:39:17.815 W/ActivityManager( 1676): Slow operation: 53ms so far, now at startProcess: returned from zygote!
05-12 16:39:17.815 W/ActivityManager( 1676): Slow operation: 54ms so far, now at startProcess: done updating battery stats
05-12 16:39:17.816 W/ActivityManager( 1676): Slow operation: 54ms so far, now at startProcess: building log message
05-12 16:39:17.816 I/ActivityManager( 1676): Start proc 2651:com.android.calendar/u0a26 for broadcast com.android.calendar/.alerts.AlertReceiver
05-12 16:39:17.816 W/ActivityManager( 1676): Slow operation: 54ms so far, now at startProcess: starting to update pids map
05-12 16:39:17.816 W/ActivityManager( 1676): Slow operation: 54ms so far, now at startProcess: done updating pids map
05-12 16:39:17.816 W/ActivityManager( 1676): Slow operation: 55ms so far, now at startProcess: done starting proc!
05-12 16:39:17.881 W/art     ( 2651): Unexpected CPU variant for X86 using defaults: x86_64
05-12 16:39:17.906 W/art     ( 2657): Unexpected CPU variant for X86 using defaults: x86_64
05-12 16:39:18.035 D/WifiService( 1676): New client listening to asynchronous messages
05-12 16:39:18.051 W/ActivityManager( 1676): Slow operation: 229ms so far, now at startProcess: returned from zygote!
05-12 16:39:18.051 W/ActivityManager( 1676): Slow operation: 230ms so far, now at startProcess: done updating battery stats
05-12 16:39:18.052 W/ActivityManager( 1676): Slow operation: 230ms so far, now at startProcess: building log message
