04-30 06:49:31.337 I/EventHub( 2130): New device: id=1, fd=91, path='/dev/input/event0', name='Power Button', classes=0x1, configuration='', keyLayout='/system/usr/keylayout/Generic.kl', keyCharacterMap='/system/usr/keychars/Generic.kcm', builtinKeyboard=false, wakeMechanism=EPOLLWAKEUP, usingClockIoctl=true
04-30 06:49:31.374 W/EventHub( 2130): Unable to disable kernel key repeat for /dev/input/event1: Function not implemented
04-30 06:49:31.374 I/EventHub( 2130): New device: id=2, fd=92, path='/dev/input/event1', name='qwerty2', classes=0x95, configuration='/system/usr/idc/qwerty2.idc', keyLayout='/system/usr/keylayout/qwerty.kl', keyCharacterMap='/system/usr/keychars/qwerty2.kcm', builtinKeyboard=true, wakeMechanism=EPOLLWAKEUP, usingClockIoctl=true
04-30 06:49:31.374 E/EventHub( 2130): could not get driver version for /dev/input/mice, Not a typewriter
04-30 06:49:31.313 I/SystemServer( 2130): No Bluetooth Service (emulator)
04-30 06:49:31.375 I/SystemServer( 2130): ConnectivityMetricsLoggerService
04-30 06:49:31.376 I/SystemServiceManager( 2130): Starting com.android.server.connectivity.MetricsLoggerService
04-30 06:49:31.411 I/SystemServer( 2130): IpConnectivityMetrics
04-30 06:49:31.411 I/SystemServiceManager( 2130): Starting com.android.server.connectivity.IpConnectivityMetrics
04-30 06:49:31.413 I/SystemServer( 2130): PinnerService
04-30 06:49:31.413 I/SystemServiceManager( 2130): Starting com.android.server.PinnerService
04-30 06:49:31.421 I/SystemServiceManager( 2130): Starting com.android.server.InputMethodManagerService$Lifecycle
04-30 06:49:32.072 I/InputReader( 2130): Device added: id=-1, name='Virtual', sources=0x00000301
04-30 06:49:32.077 I/InputReader( 2130):   Touch device 'qwerty2' could not query the properties of its associated display.  The device will be inoperable until the display size becomes available.
04-30 06:49:32.077 I/InputReader( 2130): Device added: id=0, name='qwerty2', sources=0x80001103
04-30 06:49:32.078 I/InputReader( 2130): Device added: id=1, name='Power Button', sources=0x00000101
04-30 06:49:32.341 I/SystemServer( 2130): StartAccessibilityManagerService
04-30 06:49:32.424 I/ActivityManager( 2130): Config changes=1df8 {1.0 ?mcc?mnc [en_US] ldltr sw360dp w360dp h640dp 480dpi nrml long port ?uimode ?night -touch -keyb/v/h -nav/h s.2}
04-30 06:49:32.466 I/ActivityManager( 2130): Config changes=500 {1.0 ?mcc?mnc [en_US] ldltr sw360dp w360dp h568dp 480dpi nrml port ?uimode ?night -touch -keyb/v/h -nav/h s.3}
04-30 06:49:32.501 I/ActivityManager( 2130): Config changes=8 {1.0 ?mcc?mnc [en_US] ldltr sw360dp w360dp h568dp 480dpi nrml port ?uimode ?night finger -keyb/v/h -nav/h s.4}
04-30 06:49:32.579 I/SystemServiceManager( 2130): Starting com.android.server.MountService$Lifecycle
04-30 06:49:32.606 I/InputReader( 2130): Reconfiguring input devices.  changes=0x00000004
04-30 06:49:32.606 I/InputReader( 2130): Device reconfigured: id=0, name='qwerty2', size 1080x1920, orientation 0, mode 1, display id 0
04-30 06:49:32.609 I/InputReader( 2130): Reconfiguring input devices.  changes=0x00000004
04-30 06:49:32.696 I/SystemServiceManager( 2130): Starting com.android.server.UiModeManagerService
04-30 06:49:32.717 D/MountService( 2130): Thinking about init, mSystemReady=false, mDaemonConnected=true
04-30 06:49:32.717 D/MountService( 2130): Thinking about reset, mSystemReady=false, mDaemonConnected=true
04-30 06:49:32.718 D/MountService( 2130): Thinking about init, mSystemReady=false, mDaemonConnected=true
04-30 06:49:32.718 D/MountService( 2130): Thinking about reset, mSystemReady=false, mDaemonConnected=true
04-30 06:49:32.741 D/CryptdConnector( 2130): SND -> {1 cryptfs getfield SystemLocale}
04-30 06:49:32.743 I/ActivityManager( 2130): Config changes=200 {1.0 ?mcc?mnc [en_US] ldltr sw360dp w360dp h568dp 480dpi nrml port finger -keyb/v/h -nav/h s.5}
04-30 06:49:32.758 D/CryptdConnector( 2130): RCV <- {200 1 -1}
04-30 06:49:32.803 W/MountService( 2130): No primary storage mounted!
04-30 06:49:32.804 D/VoldConnector( 2130): SND -> {1 asec list}
04-30 06:49:32.811 D/VoldConnector( 2130): RCV <- {200 1 asec operation succeeded}
04-30 06:49:32.813 I/PackageManager( 2130): No secure containers found
04-30 06:49:32.814 W/PackageManager( 2130): Unknown permission com.google.android.googleapps.permission.GOOGLE_AUTH in package com.android.providers.calendar
04-30 06:49:32.814 W/PackageManager( 2130): Unknown permission com.google.android.googleapps.permission.GOOGLE_AUTH.cl in package com.android.providers.calendar
04-30 06:49:32.814 W/PackageManager( 2130): Not granting permission android.permission.GLOBAL_SEARCH to package com.android.quicksearchbox (protectionLevel=18 flags=0x3808be45)
04-30 06:49:32.815 W/PackageManager( 2130): Not granting permission android.permission.WRITE_EXTERNAL_STORAGE to package gov.nasa.arc.astrobee.android.gs.manager because it was previously installed without
04-30 06:49:32.815 W/PackageManager( 2130): Not granting permission android.permission.READ_EXTERNAL_STORAGE to package gov.nasa.arc.astrobee.android.gs.manager because it was previously installed without
04-30 06:49:32.815 W/PackageManager( 2130): Unknown permission com.android.launcher.permission.READ_SETTINGS in package com.android.launcher3
04-30 06:49:32.816 W/PackageManager( 2130): Unknown permission com.android.launcher.permission.WRITE_SETTINGS in package com.android.launcher3
04-30 06:49:32.816 W/PackageManager( 2130): Not granting permission android.permission.BIND_APPWIDGET to package com.android.launcher3 (protectionLevel=18 flags=0x3c4bbe45)
04-30 06:49:32.816 W/PackageManager( 2130): Unknown permission com.google.android.googleapps.permission.GOOGLE_AUTH.mail in package com.android.calendar
04-30 06:49:32.816 W/PackageManager( 2130): Unknown permission com.google.android.providers.settings.permission.WRITE_GSETTINGS in package com.android.sdksetup
04-30 06:49:32.817 W/PackageManager( 2130): Unknown permission com.google.android.permission.INSTALL_WEARABLE_PACKAGES in package com.android.packageinstaller
04-30 06:49:32.817 W/PackageManager( 2130): Not granting permission android.permission.DELETE_PACKAGES to package com.svox.pico (protectionLevel=18 flags=0x3808be45)
04-30 06:49:32.817 W/PackageManager( 2130): Not granting permission android.permission.READ_CONTACTS to package com.example.android.apis because it was previously installed without
04-30 06:49:32.817 W/PackageManager( 2130): Not granting permission android.permission.WRITE_CONTACTS to package com.example.android.apis because it was previously installed without
04-30 06:49:32.817 W/PackageManager( 2130): Not granting permission android.permission.ACCESS_COARSE_LOCATION to package com.example.android.apis because it was previously installed without
04-30 06:49:32.817 W/PackageManager( 2130): Not granting permission android.permission.WRITE_EXTERNAL_STORAGE to package com.example.android.apis because it was previously installed without
04-30 06:49:32.817 W/PackageManager( 2130): Not granting permission android.permission.SEND_SMS to package com.example.android.apis because it was previously installed without
04-30 06:49:32.818 W/PackageManager( 2130): Not granting permission android.permission.RECEIVE_SMS to package com.example.android.apis because it was previously installed without
04-30 06:49:32.818 W/PackageManager( 2130): Not granting permission android.permission.RECEIVE_MMS to package com.example.android.apis because it was previously installed without
04-30 06:49:32.818 W/PackageManager( 2130): Not granting permission android.permission.READ_SMS to package com.example.android.apis because it was previously installed without
04-30 06:49:32.818 W/PackageManager( 2130): Not granting permission android.permission.READ_PHONE_STATE to package com.example.android.apis because it was previously installed without
04-30 06:49:32.818 W/PackageManager( 2130): Not granting permission android.permission.RECORD_AUDIO to package com.example.android.apis because it was previously installed without
04-30 06:49:32.818 W/PackageManager( 2130): Not granting permission android.permission.CAMERA to package com.example.android.apis because it was previously installed without
04-30 06:49:32.818 W/PackageManager( 2130): Not granting permission android.permission.READ_EXTERNAL_STORAGE to package com.example.android.apis because it was previously installed without
04-30 06:49:32.818 W/PackageManager( 2130): Unknown permission android.permission.RUN_INSTRUMENTATION in package org.chromium.webview_shell
04-30 06:49:32.819 W/PackageManager( 2130): Unknown permission com.google.android.googleapps.permission.GOOGLE_AUTH in package com.android.settings
04-30 06:49:32.819 W/PackageManager( 2130): Unknown permission com.android.launcher.permission.READ_SETTINGS in package com.android.settings
04-30 06:49:32.819 W/PackageManager( 2130): Unknown permission com.android.launcher.permission.WRITE_SETTINGS in package com.android.settings
04-30 06:49:32.836 W/PackageManager( 2130): Unknown permission com.android.smspush.WAPPUSH_MANAGER_BIND in package com.android.phone
04-30 06:49:32.838 W/PackageManager( 2130): Unknown permission com.google.android.googleapps.permission.ACCESS_GOOGLE_PASSWORD in package com.android.development
04-30 06:49:32.838 W/PackageManager( 2130): Unknown permission com.google.android.googleapps.permission.GOOGLE_AUTH in package com.android.development
04-30 06:49:32.838 W/PackageManager( 2130): Unknown permission com.google.android.googleapps.permission.GOOGLE_AUTH.ALL_SERVICES in package com.android.development
04-30 06:49:32.838 W/PackageManager( 2130): Unknown permission com.google.android.googleapps.permission.GOOGLE_AUTH.YouTubeUser in package com.android.development
04-30 06:49:32.838 W/PackageManager( 2130): Not granting permission android.permission.BIND_APPWIDGET to package com.android.widgetpreview (protectionLevel=18 flags=0x3808be44)
04-30 06:49:33.392 W/art     ( 2130): Long monitor contention with owner MountService (2303) at void com.android.server.pm.PackageManagerService.loadMediaPackages(android.util.ArrayMap, int[], boolean)(PackageManagerService.java:19317) waiters=0 in boolean com.android.server.pm.PackageManagerService.isProtectedBroadcast(java.lang.String) for 556ms
04-30 06:49:33.401 W/MountService( 2130): No primary storage defined yet; hacking together a stub
04-30 06:49:33.408 W/PackageManager( 2130): No disk maintenance in 3120039408; running immediately
04-30 06:49:33.409 I/SystemServer( 2130): StartLockSettingsService
04-30 06:49:33.451 I/SystemServiceManager( 2130): Starting com.android.server.LockSettingsService$Lifecycle
04-30 06:49:33.500 W/MountService( 2130): No primary storage defined yet; hacking together a stub
04-30 06:49:33.624 I/SystemServiceManager( 2130): Starting com.android.server.DeviceIdleController
04-30 06:49:33.641 W/MountService( 2130): No primary storage mounted!
04-30 06:49:33.641 D/VoldConnector( 2130): SND -> {2 asec list}
04-30 06:49:33.644 D/VoldConnector( 2130): RCV <- {200 2 asec operation succeeded}
04-30 06:49:33.645 I/MountService( 2130): Running fstrim idle maintenance
04-30 06:49:33.647 D/VoldConnector( 2130): SND -> {3 fstrim dotrim}
04-30 06:49:33.675 D/VoldConnector( 2130): RCV <- {200 3 Command succeeded}
04-30 06:49:33.711 I/SystemServiceManager( 2130): Starting com.android.server.devicepolicy.DevicePolicyManagerService$Lifecycle
04-30 06:49:33.760 D/vold    ( 1268): Starting trim of /cache
04-30 06:49:33.762 W/vold    ( 1268): Trim failed on /cache: Operation not supported on transport endpoint
04-30 06:49:33.762 D/vold    ( 1268): Starting trim of /data
04-30 06:49:33.763 W/vold    ( 1268): Trim failed on /data: Operation not supported on transport endpoint
04-30 06:49:33.770 D/VoldConnector( 2130): RCV <- {662 /cache -1 -1}
04-30 06:49:33.772 D/VoldConnector( 2130): RCV <- {662 /data -1 -1}
04-30 06:49:33.835 E/VoldConnector( 2130): Error handling '662 /cache -1 -1': java.lang.NullPointerException: Attempt to invoke virtual method 'void android.os.DropBoxManager.addText(java.lang.String, java.lang.String)' on a null object reference
04-30 06:49:33.845 I/SystemServer( 2130): StartStatusBarManagerService
04-30 06:49:33.847 E/VoldConnector( 2130): Error handling '662 /data -1 -1': java.lang.NullPointerException: Attempt to invoke virtual method 'void android.os.DropBoxManager.addText(java.lang.String, java.lang.String)' on a null object reference
04-30 06:49:33.874 I/SystemServer( 2130): StartClipboardService
04-30 06:49:33.906 I/SystemServer( 2130): StartNetworkManagementService
04-30 06:49:33.959 I/NetworkManagement( 2130): onDaemonConnected()
04-30 06:49:34.013 I/SystemServiceManager( 2130): Starting com.android.server.TextServicesManagerService$Lifecycle
04-30 06:49:34.058 I/SystemServer( 2130): StartNetworkScoreService
04-30 06:49:34.083 I/SystemServer( 2130): StartNetworkStatsService
04-30 06:49:34.152 I/SystemServer( 2130): StartNetworkPolicyManagerService
04-30 06:49:34.232 I/SystemServer( 2130): No Wi-Fi NAN Service (NAN support Not Present)
04-30 06:49:34.271 W/UsageStatsService( 2130): User[0] Some stats have no latest available
04-30 06:49:34.353 I/UsageStatsService( 2130): User[0] Rollover scheduled @ 2021-05-01 06:49:32(1619851772442)
04-30 06:49:34.558 W/art     ( 2130): Verification of void com.android.server.wifi.p2p.WifiP2pService.<init>(android.content.Context) took 126.873ms
04-30 06:49:34.567 I/SystemServiceManager( 2130): Starting com.android.server.wifi.p2p.WifiP2pService
04-30 06:49:34.691 I/art     ( 2130): Background sticky concurrent mark sweep GC freed 34682(2MB) AllocSpace objects, 19(380KB) LOS objects, 26% free, 8MB/10MB, paused 4.268ms total 368.232ms
04-30 06:49:34.798 I/WifiP2pService( 2130): Registering wifip2p
04-30 06:49:34.814 I/SystemServiceManager( 2130): Starting com.android.server.wifi.WifiService
04-30 06:49:35.339 W/art     ( 2130): Verification of java.lang.String com.android.server.wifi.WifiStateMachine.reportOnTime() took 136.032ms
04-30 06:49:35.997 D/HS20    ( 2130): Passpoint is disabled
04-30 06:49:36.467 D/CommandListener( 1335): Clearing all IP addresses on wlan0
04-30 06:49:36.577 D/WifiApConfigStore( 2130): 2G band allowed channels are:1,6,11
04-30 06:49:36.591 E/WifiLogger( 2130): no ring buffers found
04-30 06:49:36.591 E/WifiLogger( 2130): Failed to start packet fate monitoring
04-30 06:49:36.644 D/WifiController( 2130): isAirplaneModeOn = true, isWifiEnabled = false, isScanningAvailable = false
04-30 06:49:36.671 I/WifiService( 2130): Registering wifi
04-30 06:49:36.692 I/SystemServiceManager( 2130): Starting com.android.server.wifi.scanner.WifiScanningService
04-30 06:49:36.694 I/WifiScanningService( 2130): Creating wifiscanner
04-30 06:49:36.701 I/WifiScanningService( 2130): Publishing wifiscanner
04-30 06:49:36.705 I/SystemServiceManager( 2130): Starting com.android.server.wifi.RttService
04-30 06:49:36.711 I/RttService( 2130): Creating rttmanager
04-30 06:49:36.714 I/RttService( 2130): Starting rttmanager
04-30 06:49:36.717 I/SystemServer( 2130): StartConnectivityService
04-30 06:49:36.777 D/ConnectivityService( 2130): ConnectivityService starting up
04-30 06:49:36.822 D/ConnectivityService( 2130): wifiOnly=false
04-30 06:49:36.938 I/SystemServer( 2130): StartNsdService
04-30 06:49:36.982 I/SystemServer( 2130): StartUpdateLockService
04-30 06:49:36.991 I/SystemServiceManager( 2130): Starting com.android.server.RecoverySystemService
04-30 06:49:37.001 I/SystemServiceManager( 2130): Starting com.android.server.notification.NotificationManagerService
04-30 06:49:37.134 D/ConditionProviders.SCP( 2130): new ScheduleConditionProvider()
04-30 06:49:37.210 D/ZenLog  ( 2130): config: readXml,ZenModeConfig[user=0,allowCalls=true,allowRepeatCallers=false,allowMessages=false,allowCallsFrom=contacts,allowMessagesFrom=contacts,allowReminders=true,allowEvents=true,allowWhenScreenOff=true,allowWhenScreenOn=true,automaticRules={370bd6672ef541ba946db9ac4aef0faf=ZenRule[enabled=false,snoozing=false,name=Weeknight,zenMode=ZEN_MODE_ALARMS,conditionId=condition://android/schedule?days=1.2.3.4.5&start=22.0&end=7.0&exitAtAlarm=false,condition=Condition[id=condition://android/schedule?days=1.2.3.4.5&start=22.0&end=7.0&exitAtAlarm=false,summary=...,line1=...,line2=...,icon=0,state=STATE_FALSE,flags=2],component=ComponentInfo{android/com.android.server.notification.ScheduleConditionProvider},id=370bd6672ef541ba946db9ac4aef0faf,creationTime=1590622727817,enabler=null], a53ffdf89c814123a52adbdd46bc948d=ZenRule[enabled=false,snoozing=false,name=Weekend,zenMode=ZEN_MODE_ALARMS,conditionId=condition://android/schedule?days=6.7&start=23.30&end=10.0&exitAtAlarm=false,condition=Condition[id=condition://android/schedule?days=6.7&start=23.30&end=10.0&exitAtAlarm=false,summary=...,line1=...,line2=...,icon=0,state=STATE_FALSE,flags=2],component=ComponentInfo{android/com.android.server.notification.ScheduleConditionProvider},id=a53ffdf89c814123a52adbdd46bc948d,creationTime=1590622727818,enabler=null], fc8bb1aacabb4877a1d1d167106f6e77=ZenRule[enabled=false,snoozing=false,name=Event,zenMode=ZEN_MODE_ALARMS,conditionId=condition://android/event?userId=-10000&calendar=&reply=1,condition=Condition[id=condition://android/event?userId=-10000&calendar=&reply=1,summary=...,line1=...,line2=...,icon=0,state=STATE_FALSE,flags=2],component=ComponentInfo{android/com.android.server.notification.EventConditionProvider},id=fc8bb1aacabb4877a1d1d167106f6e77,creationTime=1590622727822,enabler=null]},manualRule=null],Diff[automaticRule[370bd6672ef541ba946db9ac4aef0faf]:insert,automaticRule[57c8057e801e452f9596eba685315386]:delete,automaticRule[5b7e17de978e44fa8c4858b08a772b95]:delete,automaticRule[a53ffdf89c814123a52adbdd46bc948d]:insert,automaticRule[fc8bb1aacabb4877a1d1d167106f6e77]:insert,automaticRule[9ae993d9fcfd440893f8c0261170eb14]:delete]
04-30 06:49:37.313 D/ZenLog  ( 2130): set_zen_mode: off,init
04-30 06:49:37.360 I/SystemServiceManager( 2130): Starting com.android.server.storage.DeviceStorageMonitorService
04-30 06:49:37.432 I/SystemServer( 2130): StartLocationManagerService
04-30 06:49:37.453 I/SystemServer( 2130): StartCountryDetectorService
04-30 06:49:37.463 I/SystemServer( 2130): StartSearchManagerService
04-30 06:49:37.463 I/SystemServiceManager( 2130): Starting com.android.server.search.SearchManagerService$Lifecycle
04-30 06:49:37.478 I/SystemServiceManager( 2130): Starting com.android.server.DropBoxManagerService
04-30 06:49:37.501 I/SystemServer( 2130): StartWallpaperManagerService
04-30 06:49:37.501 I/SystemServiceManager( 2130): Starting com.android.server.wallpaper.WallpaperManagerService$Lifecycle
04-30 06:49:37.543 E/BitmapFactory( 2130): Unable to decode stream: java.io.FileNotFoundException: /data/system/users/0/wallpaper_orig (No such file or directory)
04-30 06:49:37.543 E/WallpaperManagerService( 2130): Invalid wallpaper data
04-30 06:49:37.543 E/WallpaperManagerService( 2130): Unable to apply new wallpaper
04-30 06:49:37.614 I/SystemServer( 2130): StartAudioService
04-30 06:49:37.614 I/SystemServiceManager( 2130): Starting com.android.server.audio.AudioService$Lifecycle
04-30 06:49:37.732 W/TelecomManager( 2130): Telecom Service not found.
04-30 06:49:37.745 D/PermissionCache( 1325): checking android.permission.MODIFY_AUDIO_SETTINGS for uid=1000 => granted (50451 us)
04-30 06:49:37.867 W/AudioFlinger( 1325): no wake lock to update, system not ready yet
04-30 06:49:38.113 I/SystemServiceManager( 2130): Starting com.android.server.DockObserver
04-30 06:49:38.115 W/DockObserver( 2130): This kernel does not have dock station support
04-30 06:49:38.119 I/SystemServer( 2130): StartWiredAccessoryManager
04-30 06:49:38.124 W/WiredAccessoryManager( 2130): This kernel does not have usb audio support
04-30 06:49:38.125 W/WiredAccessoryManager( 2130): This kernel does not have HDMI audio support
04-30 06:49:38.125 I/SystemServiceManager( 2130): Starting com.android.server.midi.MidiService$Lifecycle
04-30 06:49:38.137 I/SystemServiceManager( 2130): Starting com.android.server.usb.UsbService$Lifecycle
04-30 06:49:38.211 I/SystemServer( 2130): StartSerialService
04-30 06:49:38.215 E/HardwarePropertiesManagerService-JNI( 2130): Couldn't load thermal module (No such file or directory)
04-30 06:49:38.217 I/SystemServiceManager( 2130): Starting com.android.server.twilight.TwilightService
04-30 06:49:38.219 I/SystemServiceManager( 2130): Starting com.android.server.job.JobSchedulerService
04-30 06:49:38.325 I/SystemServiceManager( 2130): Starting com.android.server.soundtrigger.SoundTriggerService
04-30 06:49:38.343 I/SystemServiceManager( 2130): Starting com.android.server.backup.BackupManagerService$Lifecycle
04-30 06:49:38.374 I/SystemServiceManager( 2130): Starting com.android.server.appwidget.AppWidgetService
04-30 06:49:38.497 I/SystemServiceManager( 2130): Starting com.android.server.voiceinteraction.VoiceInteractionManagerService
04-30 06:49:38.564 I/SystemServer( 2130): Gesture Launcher Service
04-30 06:49:38.565 I/SystemServiceManager( 2130): Starting com.android.server.GestureLauncherService
04-30 06:49:38.566 I/SystemServiceManager( 2130): Starting com.android.server.SensorNotificationService
04-30 06:49:38.567 I/SystemServiceManager( 2130): Starting com.android.server.ContextHubSystemService
04-30 06:49:38.615 E/ContextHubService( 2130): ** Could not load context_hub module : err No such file or directory
04-30 06:49:38.616 W/ContextHubService( 2130): No Context Hub Module present
04-30 06:49:38.616 I/SystemServer( 2130): StartDiskStatsService
04-30 06:49:38.619 I/SystemServer( 2130): StartSamplingProfilerService
04-30 06:49:38.796 I/SystemServer( 2130): StartNetworkTimeUpdateService
04-30 06:49:38.811 I/SystemServer( 2130): StartCommonTimeManagementService
04-30 06:49:38.818 I/SystemServer( 2130): CertBlacklister
04-30 06:49:38.846 I/SystemServiceManager( 2130): Starting com.android.server.emergency.EmergencyAffordanceService
04-30 06:49:38.860 I/SystemServiceManager( 2130): Starting com.android.server.dreams.DreamManagerService
04-30 06:49:38.866 I/SystemServer( 2130): StartAssetAtlasService
04-30 06:49:38.906 I/SystemServiceManager( 2130): Starting com.android.server.print.PrintManagerService
04-30 06:49:38.925 D/AssetAtlas( 2130): Loaded configuration: SliceMinArea (1280x896) flags=0x2 count=91
04-30 06:49:38.927 I/SystemServiceManager( 2130): Starting com.android.server.restrictions.RestrictionsManagerService
04-30 06:49:38.981 I/SystemServiceManager( 2130): Starting com.android.server.media.MediaSessionService
04-30 06:49:39.008 I/SystemServer( 2130): StartMediaRouterService
04-30 06:49:39.034 I/SystemServiceManager( 2130): Starting com.android.server.trust.TrustManagerService
04-30 06:49:39.048 D/gralloc_ranchu( 2130): Emulator without host-side GPU emulation detected. Loading gralloc.default.so from /vendor/lib64/hw/gralloc.goldfish.default.so...
04-30 06:49:39.077 I/SystemServiceManager( 2130): Starting com.android.server.fingerprint.FingerprintService
04-30 06:49:39.113 D/gralloc_ranchu( 2130): gralloc.default.so not found in /vendor. Trying /system/lib64/hw/gralloc.goldfish.default.so...
04-30 06:49:39.139 D/PermissionCache( 1338): checking android.permission.MANAGE_FINGERPRINT for uid=1000 => granted (4233 us)
04-30 06:49:39.152 V/fingerprintd( 1338): nativeOpenHal()
04-30 06:49:39.225 D/FingerprintHal( 1338): ----------------> fingerprint_open ----------------->
04-30 06:49:39.228 E/fingerprintd( 1338): Wrong fp version. Expected 512, got 513
04-30 06:49:39.228 D/FingerprintHal( 1338): ----------------> set_notify_callback ----------------->
04-30 06:49:39.228 D/FingerprintHal( 1338): fingerprint callback notification set
04-30 06:49:39.228 V/fingerprintd( 1338): fingerprint HAL successfully initialized
04-30 06:49:39.240 D/FingerprintHal( 1338): ----------------> listenerFunction ----------------->
04-30 06:49:39.264 V/fingerprintd( 1338): setActiveGroup(0, /data/system/users/0/fpdata, 27)
04-30 06:49:39.264 D/FingerprintHal( 1338): ----------------> fingerprint_set_active_group -----------------> path /data/system/users/0/fpdata
04-30 06:49:39.264 D/FingerprintHal( 1338): ----------------> loadFingerprints ----------------->
04-30 06:49:39.265 E/FingerprintHal( 1338): Could not load fingerprints from storage at /data/system/users/0/fpdata/emufp.bin; it has not yet been created.
04-30 06:49:39.265 D/FingerprintHal( 1338): ----------------> loadAuthenticatorId ----------------->
04-30 06:49:39.270 D/FingerprintHal( 1338): Read authenticator id (0x6b8b4567327b23c6)
04-30 06:49:39.271 D/FingerprintHal( 1338): ----------------> fingerprint_get_auth_id ----------------->
04-30 06:49:39.272 D/FingerprintHal( 1338): ----------------> fingerprint_get_auth_id auth id 6b8b4567327b23c6----------------->
04-30 06:49:39.272 V/FingerprintService( 2130): Fingerprint HAL id: 139671646814208
04-30 06:49:39.274 I/SystemServer( 2130): StartBackgroundDexOptService
04-30 06:49:39.312 I/SystemServiceManager( 2130): Starting com.android.server.pm.ShortcutService$Lifecycle
04-30 06:49:39.355 I/SystemServiceManager( 2130): Starting com.android.server.pm.LauncherAppsService
04-30 06:49:39.371 I/SystemServiceManager( 2130): Starting com.android.server.media.projection.MediaProjectionManagerService
04-30 06:49:39.387 V/MediaRouter( 2130): Adding route: RouteInfo{ name=Phone, description=null, status=null, category=RouteCategory{ name=null types=ROUTE_TYPE_LIVE_AUDIO ROUTE_TYPE_LIVE_VIDEO  groupable=false }, supportedTypes=ROUTE_TYPE_LIVE_AUDIO ROUTE_TYPE_LIVE_VIDEO , presentationDisplay=null }
04-30 06:49:39.394 V/MediaRouter( 2130): Updating audio routes: AudioRoutesInfo{ type=SPEAKER }
04-30 06:49:39.399 V/MediaRouter( 2130): Selecting route: RouteInfo{ name=Phone, description=null, status=null, category=RouteCategory{ name=null types=ROUTE_TYPE_LIVE_AUDIO ROUTE_TYPE_LIVE_VIDEO  groupable=false }, supportedTypes=ROUTE_TYPE_LIVE_AUDIO ROUTE_TYPE_LIVE_VIDEO , presentationDisplay=null }
04-30 06:49:39.447 I/WindowManager( 2130): SAFE MODE not enabled
04-30 06:49:39.448 I/SystemServiceManager( 2130): Starting com.android.server.MmsServiceBroker
04-30 06:49:39.531 W/VibratorService( 2130): Tried to stop vibrating but there is no vibrator device.
04-30 06:49:39.650 W/AssetAtlasService( 2130): Could not find EGL configuration
04-30 06:49:39.657 D/AssetAtlas( 2130): Rendered atlas in 407.59ms (333.22+74.37ms)
04-30 06:49:39.875 I/art     ( 2130): Background partial concurrent mark sweep GC freed 18947(1463KB) AllocSpace objects, 6(120KB) LOS objects, 24% free, 12MB/16MB, paused 3.853ms total 681.755ms
04-30 06:49:40.098 E/LockSettingsStorage( 2130): Cannot read file java.io.FileNotFoundException: /data/system/gatekeeper.password.key: open failed: ENOENT (No such file or directory)
04-30 06:49:40.099 E/LockSettingsStorage( 2130): Cannot read file java.io.FileNotFoundException: /data/system/password.key: open failed: ENOENT (No such file or directory)
04-30 06:49:40.121 E/LockSettingsStorage( 2130): Cannot read file java.io.FileNotFoundException: /data/system/gatekeeper.pattern.key: open failed: ENOENT (No such file or directory)
04-30 06:49:40.123 E/LockSettingsStorage( 2130): Cannot read file java.io.FileNotFoundException: /data/system/gatekeeper.gesture.key: open failed: ENOENT (No such file or directory)
04-30 06:49:40.124 E/LockSettingsStorage( 2130): Cannot read file java.io.FileNotFoundException: /data/system/gesture.key: open failed: ENOENT (No such file or directory)
04-30 06:49:40.124 I/SystemServiceManager( 2130): Starting phase 480
04-30 06:49:40.192 I/DevicePolicyManagerService( 2130): Set ro.device_owner property to false
04-30 06:49:40.287 I/SystemServiceManager( 2130): Starting phase 500
04-30 06:49:40.323 D/ConnectivityMetricsLoggerService( 2130): onBootPhase: PHASE_SYSTEM_SERVICES_READY
04-30 06:49:40.444 I/WifiService( 2130): WifiService starting up with Wi-Fi disabled
04-30 06:49:40.474 I/WifiScanningService( 2130): Starting wifiscanner
04-30 06:49:40.547 I/RttService( 2130): Registering rttmanager
04-30 06:49:40.645 D/ZenLog  ( 2130): config: cleanUpZenRules,ZenModeConfig[user=0,allowCalls=true,allowRepeatCallers=false,allowMessages=false,allowCallsFrom=contacts,allowMessagesFrom=contacts,allowReminders=true,allowEvents=true,allowWhenScreenOff=true,allowWhenScreenOn=true,automaticRules={370bd6672ef541ba946db9ac4aef0faf=ZenRule[enabled=false,snoozing=false,name=Weeknight,zenMode=ZEN_MODE_ALARMS,conditionId=condition://android/schedule?days=1.2.3.4.5&start=22.0&end=7.0&exitAtAlarm=false,condition=Condition[id=condition://android/schedule?days=1.2.3.4.5&start=22.0&end=7.0&exitAtAlarm=false,summary=...,line1=...,line2=...,icon=0,state=STATE_FALSE,flags=2],component=ComponentInfo{android/com.android.server.notification.ScheduleConditionProvider},id=370bd6672ef541ba946db9ac4aef0faf,creationTime=1590622727817,enabler=null], a53ffdf89c814123a52adbdd46bc948d=ZenRule[enabled=false,snoozing=false,name=Weekend,zenMode=ZEN_MODE_ALARMS,conditionId=condition://android/schedule?days=6.7&start=23.30&end=10.0&exitAtAlarm=false,condition=Condition[id=condition://android/schedule?days=6.7&start=23.30&end=10.0&exitAtAlarm=false,summary=...,line1=...,line2=...,icon=0,state=STATE_FALSE,flags=2],component=ComponentInfo{android/com.android.server.notification.ScheduleConditionProvider},id=a53ffdf89c814123a52adbdd46bc948d,creationTime=1590622727818,enabler=null], fc8bb1aacabb4877a1d1d167106f6e77=ZenRule[enabled=false,snoozing=false,name=Event,zenMode=ZEN_MODE_ALARMS,conditionId=condition://android/event?userId=-10000&calendar=&reply=1,condition=Condition[id=condition://android/event?userId=-10000&calendar=&reply=1,summary=...,line1=...,line2=...,icon=0,state=STATE_FALSE,flags=2],component=ComponentInfo{android/com.android.server.notification.EventConditionProvider},id=fc8bb1aacabb4877a1d1d167106f6e77,creationTime=1590622727822,enabler=null]},manualRule=null],Diff[]
04-30 06:49:40.645 D/ZenLog  ( 2130): set_zen_mode: off,onSystemReady
04-30 06:49:40.731 D/PermissionCache( 1325): checking android.permission.CAPTURE_AUDIO_HOTWORD for uid=1000 => granted (6686 us)
04-30 06:49:40.736 W/SoundTriggerHelper( 2130): listModules status=0, # of modules=0
04-30 06:49:40.736 D/ContextHubSystemService( 2130): onBootPhase: PHASE_SYSTEM_SERVICES_READY
04-30 06:49:40.779 W/ProcessCpuTracker( 2130): Skipping unknown process pid 2345
04-30 06:49:41.120 W/KeyguardServiceDelegate( 2130): onScreenTurningOn(): no keyguard service!
04-30 06:49:41.208 V/UserManagerService( 2130): Found /data/user_de/0 with serial number 0
04-30 06:49:41.209 V/UserManagerService( 2130): Found /data/user/0 with serial number 0
04-30 06:49:41.209 V/UserManagerService( 2130): Found /data/system_de/0 with serial number 0
04-30 06:49:41.223 V/UserManagerService( 2130): Found /data/system_ce/0 with serial number 0
04-30 06:49:41.499 I/ActivityManager( 2130): System now ready
04-30 06:49:41.577 I/SystemServer( 2130): Making services ready
04-30 06:49:41.578 I/SystemServiceManager( 2130): Starting phase 550
04-30 06:49:41.901 E/InputMethodManagerService( 2130): Ignoring updateSystemUiLocked due to an invalid token. uid:1000 token:null
04-30 06:49:42.120 W/WindowManager( 2130): Keyguard drawn timeout. Setting mKeyguardDrawComplete
04-30 06:49:42.561 W/ActivityManager( 2130): Slow operation: 55ms so far, now at startProcess: asking zygote to start proc
04-30 06:49:42.601 I/Zygote  ( 2130): Process: zygote socket opened, supported ABIS: x86_64
04-30 06:49:42.782 W/ActivityManager( 2130): Slow operation: 276ms so far, now at startProcess: returned from zygote!
04-30 06:49:42.783 W/ActivityManager( 2130): Slow operation: 277ms so far, now at startProcess: done updating battery stats
04-30 06:49:42.784 W/ActivityManager( 2130): Slow operation: 278ms so far, now at startProcess: building log message
04-30 06:49:42.785 I/ActivityManager( 2130): Start proc 2354:com.android.inputmethod.latin/u0a41 for service com.android.inputmethod.latin/.LatinIME
04-30 06:49:42.785 W/ActivityManager( 2130): Slow operation: 279ms so far, now at startProcess: starting to update pids map
04-30 06:49:42.785 W/ActivityManager( 2130): Slow operation: 279ms so far, now at startProcess: done updating pids map
04-30 06:49:42.785 W/ActivityManager( 2130): Slow operation: 280ms so far, now at startProcess: done starting proc!
04-30 06:49:42.791 W/art     ( 2130): Long monitor contention with owner main (2130) at int com.android.server.am.ActivityManagerService.bindService(android.app.IApplicationThread, android.os.IBinder, android.content.Intent, java.lang.String, android.app.IServiceConnection, int, java.lang.String, int)(ActivityManagerService.java:17301) waiters=0 in void com.android.server.am.ActivityManagerService.dispatchUidsChanged() for 279ms
04-30 06:49:42.794 V/InputMethodManagerService( 2130): Adding window token: android.os.Binder@86e1321
04-30 06:49:42.795 D/MountService( 2130): Thinking about init, mSystemReady=true, mDaemonConnected=true
04-30 06:49:42.795 D/MountService( 2130): Setting up emulation state, initlocked=false
04-30 06:49:42.796 D/CryptdConnector( 2130): SND -> {2 cryptfs unlock_user_key 0 0 ! !}
04-30 06:49:42.809 E/BitmapFactory( 2130): Unable to decode stream: java.io.FileNotFoundException: /data/system/users/0/wallpaper_orig (No such file or directory)
04-30 06:49:42.809 E/WallpaperManagerService( 2130): Invalid wallpaper data
04-30 06:49:42.809 E/WallpaperManagerService( 2130): Unable to apply new wallpaper
04-30 06:49:42.843 D/vold    ( 1268): e4crypt_unlock_user_key 0 serial=0 token_present=0
04-30 06:49:42.848 D/CryptdConnector( 2130): RCV <- {200 2 Command succeeded}
04-30 06:49:42.853 D/MountService( 2130): Thinking about reset, mSystemReady=true, mDaemonConnected=true
04-30 06:49:42.855 D/VoldConnector( 2130): SND -> {4 volume reset}
04-30 06:49:42.863 D/vold    ( 1268): Recognized experimental block major ID 253 as virtio-blk (emulator's virtual SD card device)
04-30 06:49:42.864 V/vold    ( 1268): /system/bin/sgdisk
04-30 06:49:42.864 V/vold    ( 1268):     --android-dump
04-30 06:49:42.864 V/vold    ( 1268):     /dev/block/vold/disk:253,48
04-30 06:49:42.866 D/VoldConnector( 2130): RCV <- {651 emulated 7}
04-30 06:49:42.868 D/VoldConnector( 2130): RCV <- {659 emulated}
04-30 06:49:42.868 D/VoldConnector( 2130): RCV <- {650 emulated 2 "" ""}
04-30 06:49:42.869 D/VoldConnector( 2130): RCV <- {651 emulated 0}
04-30 06:49:42.878 V/MountService( 2130): Found primary storage at VolumeInfo{emulated}:
04-30 06:49:42.878 V/MountService( 2130):     type=EMULATED diskId=null partGuid=null mountFlags=0 mountUserId=-1 
04-30 06:49:42.878 V/MountService( 2130):     state=UNMOUNTED 
04-30 06:49:42.878 V/MountService( 2130):     fsType=null fsUuid=null fsLabel=null 
04-30 06:49:42.878 V/MountService( 2130):     path=null internalPath=null 
04-30 06:49:42.882 W/art     ( 2354): Unexpected CPU variant for X86 using defaults: x86_64
04-30 06:49:42.891 D/VoldConnector( 2130): RCV <- {651 public:253,48 7}
04-30 06:49:42.892 D/VoldConnector( 2130): RCV <- {659 public:253,48}
04-30 06:49:42.893 D/VoldConnector( 2130): RCV <- {649 disk:253,48}
04-30 06:49:42.893 D/VoldConnector( 2130): RCV <- {640 disk:253,48 5}
04-30 06:49:42.894 D/VoldConnector( 2130): RCV <- {641 disk:253,48 549453824}
04-30 06:49:42.895 D/VoldConnector( 2130): RCV <- {642 disk:253,48 Virtual}
04-30 06:49:42.896 D/VoldConnector( 2130): RCV <- {644 disk:253,48 /sys//devices/pci0000:00/0000:00:06.0/virtio3/block/vdd}
04-30 06:49:42.963 W/ActivityManager( 2130): Slow operation: 129ms so far, now at startProcess: returned from zygote!
04-30 06:49:42.963 W/ActivityManager( 2130): Slow operation: 129ms so far, now at startProcess: done updating battery stats
04-30 06:49:42.963 W/ActivityManager( 2130): Slow operation: 129ms so far, now at startProcess: building log message
04-30 06:49:42.964 I/ActivityManager( 2130): Start proc 2360:com.android.systemui/u0a21 for service com.android.systemui/.ImageWallpaper
04-30 06:49:42.964 W/ActivityManager( 2130): Slow operation: 130ms so far, now at startProcess: starting to update pids map
04-30 06:49:42.964 W/ActivityManager( 2130): Slow operation: 130ms so far, now at startProcess: done updating pids map
04-30 06:49:42.964 W/ActivityManager( 2130): Slow operation: 131ms so far, now at startProcess: done starting proc!
04-30 06:49:42.971 I/ActivityManager( 2130): Force stopping com.android.providers.media appid=10010 user=-1: vold reset
04-30 06:49:42.982 D/UsbAlsaManager( 2130): Adding ALSA device AlsaDevice: [card: 0, device: 0, type: 1]
04-30 06:49:42.983 D/UsbAlsaManager( 2130): Adding ALSA device AlsaDevice: [card: 0, device: 0, type: 2]
04-30 06:49:43.008 W/art     ( 2360): Unexpected CPU variant for X86 using defaults: x86_64
04-30 06:49:43.011 I/SystemServer( 2130): WebViewFactory preparation
04-30 06:49:43.017 E/BluetoothAdapter( 2130): Bluetooth binder is null
04-30 06:49:43.022 E/BluetoothAdapter( 2130): Bluetooth binder is null
04-30 06:49:43.161 I/AudioFlinger( 1325): systemReady
04-30 06:49:43.212 D/WebViewFactory( 2130): Setting new address space to 114394000
04-30 06:49:43.359 I/Zygote  ( 2130): Process: zygote socket opened, supported ABIS: x86
04-30 06:49:43.423 E/WVMExtractor( 2130): Failed to open libwvm.so: dlopen failed: library "libwvm.so" not found
04-30 06:49:43.490 I/art     ( 1324): Starting a blocking GC Background
04-30 06:49:43.833 I/MediaPlayerService( 1333): MediaPlayerService::getOMX
04-30 06:49:43.895 I/OMXClient( 1333): MuxOMX ctor
04-30 06:49:43.931 I/art     ( 1324): Background concurrent mark sweep GC freed 127(16KB) AllocSpace objects, 0(0B) LOS objects, 39% free, 6MB/10MB, paused 1.715ms total 272.360ms
04-30 06:49:43.970 I/MediaPlayerService( 1333): MediaPlayerService::getOMX
04-30 06:49:43.973 I/OMXClient( 1333): MuxOMX ctor
04-30 06:49:43.979 I/OMXMaster( 1330): makeComponentInstance(OMX.google.mp3.decoder) in mediacodec process
04-30 06:49:44.188 V/vold    ( 1268): DISK mbr
04-30 06:49:44.188 V/vold    ( 1268): 
04-30 06:49:44.221 W/vold    ( 1268): disk:253,48 has unknown partition table; trying entire device
04-30 06:49:44.222 V/vold    ( 1268): /system/bin/blkid
04-30 06:49:44.222 V/vold    ( 1268):     -c
04-30 06:49:44.222 V/vold    ( 1268):     /dev/null
04-30 06:49:44.222 V/vold    ( 1268):     -s
04-30 06:49:44.222 V/vold    ( 1268):     TYPE
04-30 06:49:44.222 V/vold    ( 1268):     -s
04-30 06:49:44.222 V/vold    ( 1268):     UUID
04-30 06:49:44.222 V/vold    ( 1268):     -s
04-30 06:49:44.222 V/vold    ( 1268):     LABEL
04-30 06:49:44.222 V/vold    ( 1268):     /dev/block/vold/disk:253,48
04-30 06:49:44.841 W/ActivityManager( 2130): Slow operation: 1572ms so far, now at startProcess: returned from zygote!
04-30 06:49:44.841 W/ActivityManager( 2130): Slow operation: 1572ms so far, now at startProcess: done updating battery stats
04-30 06:49:44.841 W/ActivityManager( 2130): Slow operation: 1572ms so far, now at startProcess: building log message
04-30 06:49:44.842 I/ActivityManager( 2130): Start proc 2394:WebViewLoader-x86/1037 [android.webkit.WebViewFactory$RelroFileCreator] for 
04-30 06:49:44.842 W/ActivityManager( 2130): Slow operation: 1573ms so far, now at startProcess: starting to update pids map
04-30 06:49:44.842 W/ActivityManager( 2130): Slow operation: 1573ms so far, now at startProcess: done updating pids map
04-30 06:49:44.842 W/ActivityManager( 2130): Slow operation: 1581ms so far, now at startProcess: done starting proc!
04-30 06:49:44.845 W/art     ( 2130): Long monitor contention with owner main (2130) at int com.android.server.am.ActivityManagerService.startIsolatedProcess(java.lang.String, java.lang.String[], java.lang.String, java.lang.String, int, java.lang.Runnable)(ActivityManagerService.java:3509) waiters=0 in void com.android.server.am.ActivityManagerService.dispatchUidsChanged() for 1.575s
04-30 06:49:44.980 W/ActivityManager( 2130): Slow operation: 137ms so far, now at startProcess: returned from zygote!
04-30 06:49:44.981 W/ActivityManager( 2130): Slow operation: 138ms so far, now at startProcess: done updating battery stats
04-30 06:49:44.981 W/ActivityManager( 2130): Slow operation: 138ms so far, now at startProcess: building log message
04-30 06:49:44.981 I/ActivityManager( 2130): Start proc 2399:WebViewLoader-x86_64/1037 [android.webkit.WebViewFactory$RelroFileCreator] for 
04-30 06:49:44.981 W/ActivityManager( 2130): Slow operation: 138ms so far, now at startProcess: starting to update pids map
04-30 06:49:44.981 W/ActivityManager( 2130): Slow operation: 138ms so far, now at startProcess: done updating pids map
04-30 06:49:44.981 W/ActivityManager( 2130): Slow operation: 139ms so far, now at startProcess: done starting proc!
04-30 06:49:44.984 W/art     ( 2130): Long monitor contention with owner main (2130) at int com.android.server.am.ActivityManagerService.startIsolatedProcess(java.lang.String, java.lang.String[], java.lang.String, java.lang.String, int, java.lang.Runnable)(ActivityManagerService.java:3509) waiters=1 in void com.android.server.am.ActivityManagerService.attachApplication(android.app.IApplicationThread) for 1.622s
04-30 06:49:44.985 W/art     ( 2130): Long monitor contention with owner main (2130) at int com.android.server.am.ActivityManagerService.startIsolatedProcess(java.lang.String, java.lang.String[], java.lang.String, java.lang.String, int, java.lang.Runnable)(ActivityManagerService.java:3509) waiters=2 in void com.android.server.am.ActivityManagerService.attachApplication(android.app.IApplicationThread) for 1.552s
04-30 06:49:45.033 D/NetworkManagement( 2130): enabling bandwidth control
04-30 06:49:45.057 W/art     ( 2130): Long monitor contention with owner main (2130) at int com.android.server.am.ActivityManagerService.startIsolatedProcess(java.lang.String, java.lang.String[], java.lang.String, java.lang.String, int, java.lang.Runnable)(ActivityManagerService.java:3509) waiters=2 in void com.android.server.am.ActivityManagerService.dispatchUidsChanged() for 212ms
04-30 06:49:45.068 W/art     ( 2399): Unexpected CPU variant for X86 using defaults: x86_64
04-30 06:49:45.099 W/art     ( 2394): Unexpected CPU variant for X86 using defaults: x86
04-30 06:49:45.241 V/WebViewFactory( 2399): RelroFileCreator (64bit = true),  32-bit lib: /system/app/webview/webview.apk!/lib/x86/libwebviewchromium.so, 64-bit lib: /system/app/webview/webview.apk!/lib/x86_64/libwebviewchromium.so
04-30 06:49:45.416 V/vold    ( 1268): /dev/block/vold/disk:253,48: LABEL="SDCARD" UUID="1EFF-1C1B" TYPE="vfat" 
04-30 06:49:45.416 V/vold    ( 1268): 
04-30 06:49:45.473 D/VoldConnector( 2130): RCV <- {650 public:253,48 0 "disk:253,48" ""}
04-30 06:49:45.475 D/VoldConnector( 2130): RCV <- {651 public:253,48 0}
04-30 06:49:45.477 D/VoldConnector( 2130): RCV <- {643 disk:253,48}
04-30 06:49:45.479 D/VoldConnector( 2130): RCV <- {200 4 Command succeeded}
04-30 06:49:45.498 E/VoldConnector( 2130): NDC Command {4 volume reset} took too long (2644ms)
04-30 06:49:45.499 D/VoldConnector( 2130): SND -> {5 volume user_added 0 0}
04-30 06:49:45.504 D/VoldConnector( 2130): RCV <- {200 5 Command succeeded}
04-30 06:49:45.529 D/VoldConnector( 2130): SND -> {6 volume mount emulated 3 -1}
04-30 06:49:45.535 W/System  ( 2360): ClassLoader referenced unknown path: /system/priv-app/SystemUI/lib/x86_64
04-30 06:49:45.581 D/VoldConnector( 2130): RCV <- {651 emulated 1}
04-30 06:49:45.583 D/VoldConnector( 2130): RCV <- {656 emulated /data/media}
04-30 06:49:45.594 D/VoldConnector( 2130): RCV <- {655 emulated /storage/emulated}
04-30 06:49:45.611 V/vold    ( 1268): Waiting for FUSE to spin up...
04-30 06:49:45.612 I/MediaPlayerService( 1333): MediaPlayerService::getOMX
04-30 06:49:45.614 I/OMXClient( 1333): MuxOMX ctor
04-30 06:49:45.615 I/OMXMaster( 1330): makeComponentInstance(OMX.google.amrnb.decoder) in mediacodec process
04-30 06:49:45.671 V/vold    ( 1268): Waiting for FUSE to spin up...
04-30 06:49:45.706 V/WebViewFactory( 2394): RelroFileCreator (64bit = false),  32-bit lib: /system/app/webview/webview.apk!/lib/x86/libwebviewchromium.so, 64-bit lib: /system/app/webview/webview.apk!/lib/x86_64/libwebviewchromium.so
04-30 06:49:45.745 V/vold    ( 1268): Waiting for FUSE to spin up...
04-30 06:49:45.801 V/vold    ( 1268): Waiting for FUSE to spin up...
04-30 06:49:45.853 V/vold    ( 1268): Waiting for FUSE to spin up...
04-30 06:49:45.886 I/MediaPlayerService( 1333): MediaPlayerService::getOMX
04-30 06:49:45.888 I/OMXClient( 1333): MuxOMX ctor
04-30 06:49:45.889 I/OMXMaster( 1330): makeComponentInstance(OMX.google.amrwb.decoder) in mediacodec process
04-30 06:49:45.905 V/vold    ( 1268): Waiting for FUSE to spin up...
04-30 06:49:45.956 V/vold    ( 1268): Waiting for FUSE to spin up...
04-30 06:49:46.007 V/vold    ( 1268): Waiting for FUSE to spin up...
04-30 06:49:46.043 I/MediaPlayerService( 1333): MediaPlayerService::getOMX
04-30 06:49:46.045 I/OMXClient( 1333): MuxOMX ctor
04-30 06:49:46.045 I/OMXMaster( 1330): makeComponentInstance(OMX.google.aac.decoder) in mediacodec process
04-30 06:49:46.060 V/vold    ( 1268): Waiting for FUSE to spin up...
04-30 06:49:46.133 V/vold    ( 1268): Waiting for FUSE to spin up...
04-30 06:49:46.187 V/vold    ( 1268): Waiting for FUSE to spin up...
04-30 06:49:46.238 V/vold    ( 1268): Waiting for FUSE to spin up...
04-30 06:49:46.402 V/vold    ( 1268): Waiting for FUSE to spin up...
04-30 06:49:46.416 W/sdcard  ( 2426): Device explicitly disabled sdcardfs
04-30 06:49:46.461 V/vold    ( 1268): Waiting for FUSE to spin up...
04-30 06:49:46.520 V/vold    ( 1268): Waiting for FUSE to spin up...
04-30 06:49:46.575 V/vold    ( 1268): Waiting for FUSE to spin up...
04-30 06:49:46.667 V/vold    ( 1268): Waiting for FUSE to spin up...
04-30 06:49:46.707 I/MediaPlayerService( 1333): MediaPlayerService::getOMX
04-30 06:49:46.719 V/vold    ( 1268): Waiting for FUSE to spin up...
04-30 06:49:46.771 V/vold    ( 1268): Waiting for FUSE to spin up...
04-30 06:49:46.786 I/OMXClient( 1333): MuxOMX ctor
04-30 06:49:46.822 V/vold    ( 1268): Waiting for FUSE to spin up...
04-30 06:49:46.848 I/OMXMaster( 1330): makeComponentInstance(OMX.google.g711.alaw.decoder) in mediacodec process
04-30 06:49:46.873 V/vold    ( 1268): Waiting for FUSE to spin up...
04-30 06:49:46.931 V/vold    ( 1268): Waiting for FUSE to spin up...
04-30 06:49:47.077 D/VoldConnector( 2130): RCV <- {651 emulated 2}
04-30 06:49:47.214 D/VoldConnector( 2130): RCV <- {200 6 Command succeeded}
04-30 06:49:47.222 E/VoldConnector( 2130): NDC Command {6 volume mount emulated 3 -1} took too long (1693ms)
04-30 06:49:47.225 D/VoldConnector( 2130): SND -> {7 volume mount public:253,48 2 0}
04-30 06:49:47.229 V/vold    ( 1268): /system/bin/blkid
04-30 06:49:47.229 V/vold    ( 1268):     -c
04-30 06:49:47.229 V/vold    ( 1268):     /dev/null
04-30 06:49:47.229 V/vold    ( 1268):     -s
04-30 06:49:47.229 V/vold    ( 1268):     TYPE
04-30 06:49:47.229 V/vold    ( 1268):     -s
04-30 06:49:47.229 V/vold    ( 1268):     UUID
04-30 06:49:47.229 V/vold    ( 1268):     -s
04-30 06:49:47.229 V/vold    ( 1268):     LABEL
04-30 06:49:47.229 V/vold    ( 1268):     /dev/block/vold/public:253,48
04-30 06:49:47.232 D/VoldConnector( 2130): RCV <- {651 public:253,48 1}
04-30 06:49:47.746 V/SystemUIService( 2360): Starting SystemUI services for user 0.
04-30 06:49:48.365 V/MediaRouter( 2360): Adding route: RouteInfo{ name=Phone, description=null, status=null, category=RouteCategory{ name=null types=ROUTE_TYPE_LIVE_AUDIO ROUTE_TYPE_LIVE_VIDEO  groupable=false }, supportedTypes=ROUTE_TYPE_LIVE_AUDIO ROUTE_TYPE_LIVE_VIDEO , presentationDisplay=null }
04-30 06:49:48.479 V/MediaRouter( 2360): Updating audio routes: AudioRoutesInfo{ type=SPEAKER }
04-30 06:49:48.513 I/LatinIME( 2354): Hardware accelerated drawing: true
04-30 06:49:48.525 V/vold    ( 1268): /dev/block/vold/public:253,48: LABEL="SDCARD" UUID="1EFF-1C1B" TYPE="vfat" 
04-30 06:49:48.525 V/vold    ( 1268): 
04-30 06:49:48.573 V/vold    ( 1268): /system/bin/fsck_msdos
04-30 06:49:48.573 V/vold    ( 1268):     -p
04-30 06:49:48.573 V/vold    ( 1268):     -f
04-30 06:49:48.573 V/vold    ( 1268):     /dev/block/vold/public:253,48
04-30 06:49:48.577 D/VoldConnector( 2130): RCV <- {652 public:253,48 vfat}
04-30 06:49:48.578 D/VoldConnector( 2130): RCV <- {653 public:253,48 1EFF-1C1B}
04-30 06:49:48.579 D/VoldConnector( 2130): RCV <- {654 public:253,48 SDCARD}
04-30 06:49:48.628 V/MediaRouter( 2360): Selecting route: RouteInfo{ name=Phone, description=null, status=null, category=RouteCategory{ name=null types=ROUTE_TYPE_LIVE_AUDIO ROUTE_TYPE_LIVE_VIDEO  groupable=false }, supportedTypes=ROUTE_TYPE_LIVE_AUDIO ROUTE_TYPE_LIVE_VIDEO , presentationDisplay=null }
04-30 06:49:48.744 I/MediaPlayerService( 1333): MediaPlayerService::getOMX
04-30 06:49:48.746 I/OMXClient( 1333): MuxOMX ctor
04-30 06:49:48.746 I/OMXMaster( 1330): makeComponentInstance(OMX.google.g711.mlaw.decoder) in mediacodec process
04-30 06:49:49.007 I/art     ( 2399): System.exit called, status: 0
04-30 06:49:49.007 I/AndroidRuntime( 2399): VM exiting with result code 0, cleanup skipped.
04-30 06:49:49.019 I/art     ( 2394): System.exit called, status: 0
04-30 06:49:49.037 I/AndroidRuntime( 2394): VM exiting with result code 0, cleanup skipped.
04-30 06:49:49.302 I/fsck_msdos( 1268): ** /dev/block/vold/public:253,48
04-30 06:49:49.360 I/fsck_msdos( 1268): ** Phase 1 - Read and Compare FATs
04-30 06:49:49.360 I/fsck_msdos( 1268): Attempting to allocate 1046 KB for FAT
04-30 06:49:49.584 E/NetdConnector( 2130): NDC Command {3 bandwidth enable} took too long (4551ms)
04-30 06:49:49.687 I/fsck_msdos( 1268): Attempting to allocate 1046 KB for FAT
04-30 06:49:49.765 E/WVMExtractor( 2360): Failed to open libwvm.so: dlopen failed: library "libwvm.so" not found
04-30 06:49:50.511 I/MediaPlayerService( 1333): MediaPlayerService::getOMX
04-30 06:49:50.513 I/OMXClient( 1333): MuxOMX ctor
04-30 06:49:50.550 I/fsck_msdos( 1268): ** Phase 2 - Check Cluster Chains
04-30 06:49:50.567 I/fsck_msdos( 1268): ** Phase 3 - Checking Directories
