05-19 18:00:47.034 E/Hyphenator( 1326): 	at java.io.RandomAccessFile.<init>(RandomAccessFile.java:247)
05-19 18:00:47.034 E/Hyphenator( 1326): 	at android.text.Hyphenator.loadHyphenator(Hyphenator.java:118)
05-19 18:00:47.034 E/Hyphenator( 1326): 	at android.text.Hyphenator.init(Hyphenator.java:224)
05-19 18:00:47.034 E/Hyphenator( 1326): 	at com.android.internal.os.ZygoteInit.preloadTextResources(ZygoteInit.java:252)
05-19 18:00:47.034 E/Hyphenator( 1326): 	at com.android.internal.os.ZygoteInit.preload(ZygoteInit.java:206)
05-19 18:00:47.034 E/Hyphenator( 1326): 	at com.android.internal.os.ZygoteInit.main(ZygoteInit.java:743)
05-19 18:00:47.034 E/Hyphenator( 1326): Caused by: android.system.ErrnoException: open failed: ENOENT (No such file or directory)
05-19 18:00:47.034 E/Hyphenator( 1326): 	at libcore.io.Posix.open(Native Method)
05-19 18:00:47.034 E/Hyphenator( 1326): 	at libcore.io.BlockGuardOs.open(BlockGuardOs.java:187)
05-19 18:00:47.034 E/Hyphenator( 1326): 	at libcore.io.IoBridge.open(IoBridge.java:441)
05-19 18:00:47.034 E/Hyphenator( 1326): 	... 6 more
05-19 18:00:47.035 E/Hyphenator( 1326): error loading hyphenation /system/usr/hyphen-data/hyph-hr.hyb
05-19 18:00:47.035 E/Hyphenator( 1326): java.io.FileNotFoundException: /system/usr/hyphen-data/hyph-hr.hyb: open failed: ENOENT (No such file or directory)
05-19 18:00:47.035 E/Hyphenator( 1326): 	at libcore.io.IoBridge.open(IoBridge.java:455)
05-19 18:00:47.035 E/Hyphenator( 1326): 	at java.io.RandomAccessFile.<init>(RandomAccessFile.java:247)
05-19 18:00:47.035 E/Hyphenator( 1326): 	at android.text.Hyphenator.loadHyphenator(Hyphenator.java:118)
05-19 18:00:47.035 E/Hyphenator( 1326): 	at android.text.Hyphenator.init(Hyphenator.java:224)
05-19 18:00:47.035 E/Hyphenator( 1326): 	at com.android.internal.os.ZygoteInit.preloadTextResources(ZygoteInit.java:252)
05-19 18:00:47.035 E/Hyphenator( 1326): 	at com.android.internal.os.ZygoteInit.preload(ZygoteInit.java:206)
05-19 18:00:47.035 E/Hyphenator( 1326): 	at com.android.internal.os.ZygoteInit.main(ZygoteInit.java:743)
05-19 18:00:47.035 E/Hyphenator( 1326): Caused by: android.system.ErrnoException: open failed: ENOENT (No such file or directory)
05-19 18:00:47.035 E/Hyphenator( 1326): 	at libcore.io.Posix.open(Native Method)
05-19 18:00:47.035 E/Hyphenator( 1326): 	at libcore.io.BlockGuardOs.open(BlockGuardOs.java:187)
05-19 18:00:47.035 E/Hyphenator( 1326): 	at libcore.io.IoBridge.open(IoBridge.java:441)
05-19 18:00:47.035 E/Hyphenator( 1326): 	... 6 more
05-19 18:00:47.037 E/Hyphenator( 1326): error loading hyphenation /system/usr/hyphen-data/hyph-hu.hyb
05-19 18:00:47.037 E/Hyphenator( 1326): java.io.FileNotFoundException: /system/usr/hyphen-data/hyph-hu.hyb: open failed: ENOENT (No such file or directory)
05-19 18:00:47.037 E/Hyphenator( 1326): 	at libcore.io.IoBridge.open(IoBridge.java:455)
05-19 18:00:47.037 E/Hyphenator( 1326): 	at java.io.RandomAccessFile.<init>(RandomAccessFile.java:247)
05-19 18:00:47.037 E/Hyphenator( 1326): 	at android.text.Hyphenator.loadHyphenator(Hyphenator.java:118)
05-19 18:00:47.037 E/Hyphenator( 1326): 	at android.text.Hyphenator.init(Hyphenator.java:224)
05-19 18:00:47.037 E/Hyphenator( 1326): 	at com.android.internal.os.ZygoteInit.preloadTextResources(ZygoteInit.java:252)
05-19 18:00:47.037 E/Hyphenator( 1326): 	at com.android.internal.os.ZygoteInit.preload(ZygoteInit.java:206)
05-19 18:00:47.037 E/Hyphenator( 1326): 	at com.android.internal.os.ZygoteInit.main(ZygoteInit.java:743)
05-19 18:00:47.037 E/Hyphenator( 1326): Caused by: android.system.ErrnoException: open failed: ENOENT (No such file or directory)
05-19 18:00:47.037 E/Hyphenator( 1326): 	at libcore.io.Posix.open(Native Method)
05-19 18:00:47.037 E/Hyphenator( 1326): 	at libcore.io.BlockGuardOs.open(BlockGuardOs.java:187)
05-19 18:00:47.037 E/Hyphenator( 1326): 	at libcore.io.IoBridge.open(IoBridge.java:441)
05-19 18:00:47.037 E/Hyphenator( 1326): 	... 6 more
05-19 18:00:47.038 E/Hyphenator( 1326): error loading hyphenation /system/usr/hyphen-data/hyph-hy.hyb
05-19 18:00:47.038 E/Hyphenator( 1326): java.io.FileNotFoundException: /system/usr/hyphen-data/hyph-hy.hyb: open failed: ENOENT (No such file or directory)
05-19 18:00:47.038 E/Hyphenator( 1326): 	at libcore.io.IoBridge.open(IoBridge.java:455)
05-19 18:00:47.038 E/Hyphenator( 1326): 	at java.io.RandomAccessFile.<init>(RandomAccessFile.java:247)
05-19 18:00:47.038 E/Hyphenator( 1326): 	at android.text.Hyphenator.loadHyphenator(Hyphenator.java:118)
05-19 18:00:47.038 E/Hyphenator( 1326): 	at android.text.Hyphenator.init(Hyphenator.java:224)
05-19 18:00:47.038 E/Hyphenator( 1326): 	at com.android.internal.os.ZygoteInit.preloadTextResources(ZygoteInit.java:252)
05-19 18:00:47.038 E/Hyphenator( 1326): 	at com.android.internal.os.ZygoteInit.preload(ZygoteInit.java:206)
05-19 18:00:47.038 E/Hyphenator( 1326): 	at com.android.internal.os.ZygoteInit.main(ZygoteInit.java:743)
05-19 18:00:47.038 E/Hyphenator( 1326): Caused by: android.system.ErrnoException: open failed: ENOENT (No such file or directory)
05-19 18:00:47.038 E/Hyphenator( 1326): 	at libcore.io.Posix.open(Native Method)
05-19 18:00:47.038 E/Hyphenator( 1326): 	at libcore.io.BlockGuardOs.open(BlockGuardOs.java:187)
05-19 18:00:47.038 E/Hyphenator( 1326): 	at libcore.io.IoBridge.open(IoBridge.java:441)
05-19 18:00:47.038 E/Hyphenator( 1326): 	... 6 more
05-19 18:00:47.080 E/Hyphenator( 1326): error loading hyphenation /system/usr/hyphen-data/hyph-kn.hyb
05-19 18:00:47.080 E/Hyphenator( 1326): java.io.FileNotFoundException: /system/usr/hyphen-data/hyph-kn.hyb: open failed: ENOENT (No such file or directory)
05-19 18:00:47.080 E/Hyphenator( 1326): 	at libcore.io.IoBridge.open(IoBridge.java:455)
05-19 18:00:47.080 E/Hyphenator( 1326): 	at java.io.RandomAccessFile.<init>(RandomAccessFile.java:247)
05-19 18:00:47.080 E/Hyphenator( 1326): 	at android.text.Hyphenator.loadHyphenator(Hyphenator.java:118)
05-19 18:00:47.080 E/Hyphenator( 1326): 	at android.text.Hyphenator.init(Hyphenator.java:224)
05-19 18:00:47.080 E/Hyphenator( 1326): 	at com.android.internal.os.ZygoteInit.preloadTextResources(ZygoteInit.java:252)
05-19 18:00:47.080 E/Hyphenator( 1326): 	at com.android.internal.os.ZygoteInit.preload(ZygoteInit.java:206)
05-19 18:00:47.080 E/Hyphenator( 1326): 	at com.android.internal.os.ZygoteInit.main(ZygoteInit.java:743)
05-19 18:00:47.080 E/Hyphenator( 1326): Caused by: android.system.ErrnoException: open failed: ENOENT (No such file or directory)
05-19 18:00:47.080 E/Hyphenator( 1326): 	at libcore.io.Posix.open(Native Method)
05-19 18:00:47.080 E/Hyphenator( 1326): 	at libcore.io.BlockGuardOs.open(BlockGuardOs.java:187)
05-19 18:00:47.080 E/Hyphenator( 1326): 	at libcore.io.IoBridge.open(IoBridge.java:441)
05-19 18:00:47.080 E/Hyphenator( 1326): 	... 6 more
05-19 18:00:47.082 E/Hyphenator( 1326): error loading hyphenation /system/usr/hyphen-data/hyph-ml.hyb
05-19 18:00:47.082 E/Hyphenator( 1326): java.io.FileNotFoundException: /system/usr/hyphen-data/hyph-ml.hyb: open failed: ENOENT (No such file or directory)
05-19 18:00:47.082 E/Hyphenator( 1326): 	at libcore.io.IoBridge.open(IoBridge.java:455)
05-19 18:00:47.082 E/Hyphenator( 1326): 	at java.io.RandomAccessFile.<init>(RandomAccessFile.java:247)
05-19 18:00:47.082 E/Hyphenator( 1326): 	at android.text.Hyphenator.loadHyphenator(Hyphenator.java:118)
05-19 18:00:47.082 E/Hyphenator( 1326): 	at android.text.Hyphenator.init(Hyphenator.java:224)
05-19 18:00:47.082 E/Hyphenator( 1326): 	at com.android.internal.os.ZygoteInit.preloadTextResources(ZygoteInit.java:252)
05-19 18:00:47.082 E/Hyphenator( 1326): 	at com.android.internal.os.ZygoteInit.preload(ZygoteInit.java:206)
05-19 18:00:47.082 E/Hyphenator( 1326): 	at com.android.internal.os.ZygoteInit.main(ZygoteInit.java:743)
05-19 18:00:47.082 E/Hyphenator( 1326): Caused by: android.system.ErrnoException: open failed: ENOENT (No such file or directory)
05-19 18:00:47.082 E/Hyphenator( 1326): 	at libcore.io.Posix.open(Native Method)
05-19 18:00:47.082 E/Hyphenator( 1326): 	at libcore.io.BlockGuardOs.open(BlockGuardOs.java:187)
05-19 18:00:47.082 E/Hyphenator( 1326): 	at libcore.io.IoBridge.open(IoBridge.java:441)
05-19 18:00:47.082 E/Hyphenator( 1326): 	... 6 more
05-19 18:00:47.084 E/Hyphenator( 1326): error loading hyphenation /system/usr/hyphen-data/hyph-mn-cyrl.hyb
05-19 18:00:47.084 E/Hyphenator( 1326): java.io.FileNotFoundException: /system/usr/hyphen-data/hyph-mn-cyrl.hyb: open failed: ENOENT (No such file or directory)
05-19 18:00:47.084 E/Hyphenator( 1326): 	at libcore.io.IoBridge.open(IoBridge.java:455)
05-19 18:00:47.084 E/Hyphenator( 1326): 	at java.io.RandomAccessFile.<init>(RandomAccessFile.java:247)
05-19 18:00:47.084 E/Hyphenator( 1326): 	at android.text.Hyphenator.loadHyphenator(Hyphenator.java:118)
05-19 18:00:47.084 E/Hyphenator( 1326): 	at android.text.Hyphenator.init(Hyphenator.java:224)
05-19 18:00:47.084 E/Hyphenator( 1326): 	at com.android.internal.os.ZygoteInit.preloadTextResources(ZygoteInit.java:252)
05-19 18:00:47.084 E/Hyphenator( 1326): 	at com.android.internal.os.ZygoteInit.preload(ZygoteInit.java:206)
05-19 18:00:47.084 E/Hyphenator( 1326): 	at com.android.internal.os.ZygoteInit.main(ZygoteInit.java:743)
05-19 18:00:47.084 E/Hyphenator( 1326): Caused by: android.system.ErrnoException: open failed: ENOENT (No such file or directory)
05-19 18:00:47.084 E/Hyphenator( 1326): 	at libcore.io.Posix.open(Native Method)
05-19 18:00:47.084 E/Hyphenator( 1326): 	at libcore.io.BlockGuardOs.open(BlockGuardOs.java:187)
05-19 18:00:47.084 E/Hyphenator( 1326): 	at libcore.io.IoBridge.open(IoBridge.java:441)
05-19 18:00:47.084 E/Hyphenator( 1326): 	... 6 more
05-19 18:00:47.085 E/Hyphenator( 1326): error loading hyphenation /system/usr/hyphen-data/hyph-mr.hyb
05-19 18:00:47.085 E/Hyphenator( 1326): java.io.FileNotFoundException: /system/usr/hyphen-data/hyph-mr.hyb: open failed: ENOENT (No such file or directory)
05-19 18:00:47.085 E/Hyphenator( 1326): 	at libcore.io.IoBridge.open(IoBridge.java:455)
05-19 18:00:47.085 E/Hyphenator( 1326): 	at java.io.RandomAccessFile.<init>(RandomAccessFile.java:247)
05-19 18:00:47.085 E/Hyphenator( 1326): 	at android.text.Hyphenator.loadHyphenator(Hyphenator.java:118)
05-19 18:00:47.085 E/Hyphenator( 1326): 	at android.text.Hyphenator.init(Hyphenator.java:224)
05-19 18:00:47.085 E/Hyphenator( 1326): 	at com.android.internal.os.ZygoteInit.preloadTextResources(ZygoteInit.java:252)
05-19 18:00:47.085 E/Hyphenator( 1326): 	at com.android.internal.os.ZygoteInit.preload(ZygoteInit.java:206)
05-19 18:00:47.085 E/Hyphenator( 1326): 	at com.android.internal.os.ZygoteInit.main(ZygoteInit.java:743)
05-19 18:00:47.085 E/Hyphenator( 1326): Caused by: android.system.ErrnoException: open failed: ENOENT (No such file or directory)
05-19 18:00:47.085 E/Hyphenator( 1326): 	at libcore.io.Posix.open(Native Method)
05-19 18:00:47.085 E/Hyphenator( 1326): 	at libcore.io.BlockGuardOs.open(BlockGuardOs.java:187)
05-19 18:00:47.085 E/Hyphenator( 1326): 	at libcore.io.IoBridge.open(IoBridge.java:441)
05-19 18:00:47.085 E/Hyphenator( 1326): 	... 6 more
05-19 18:00:47.087 E/Hyphenator( 1326): error loading hyphenation /system/usr/hyphen-data/hyph-nb.hyb
05-19 18:00:47.087 E/Hyphenator( 1326): java.io.FileNotFoundException: /system/usr/hyphen-data/hyph-nb.hyb: open failed: ENOENT (No such file or directory)
05-19 18:00:47.087 E/Hyphenator( 1326): 	at libcore.io.IoBridge.open(IoBridge.java:455)
05-19 18:00:47.087 E/Hyphenator( 1326): 	at java.io.RandomAccessFile.<init>(RandomAccessFile.java:247)
05-19 18:00:47.087 E/Hyphenator( 1326): 	at android.text.Hyphenator.loadHyphenator(Hyphenator.java:118)
05-19 18:00:47.087 E/Hyphenator( 1326): 	at android.text.Hyphenator.init(Hyphenator.java:224)
05-19 18:00:47.087 E/Hyphenator( 1326): 	at com.android.internal.os.ZygoteInit.preloadTextResources(ZygoteInit.java:252)
05-19 18:00:47.087 E/Hyphenator( 1326): 	at com.android.internal.os.ZygoteInit.preload(ZygoteInit.java:206)
05-19 18:00:47.087 E/Hyphenator( 1326): 	at com.android.internal.os.ZygoteInit.main(ZygoteInit.java:743)
05-19 18:00:47.087 E/Hyphenator( 1326): Caused by: android.system.ErrnoException: open failed: ENOENT (No such file or directory)
05-19 18:00:47.087 E/Hyphenator( 1326): 	at libcore.io.Posix.open(Native Method)
05-19 18:00:47.087 E/Hyphenator( 1326): 	at libcore.io.BlockGuardOs.open(BlockGuardOs.java:187)
05-19 18:00:47.087 E/Hyphenator( 1326): 	at libcore.io.IoBridge.open(IoBridge.java:441)
05-19 18:00:47.087 E/Hyphenator( 1326): 	... 6 more
05-19 18:00:47.088 E/Hyphenator( 1326): error loading hyphenation /system/usr/hyphen-data/hyph-nn.hyb
05-19 18:00:47.088 E/Hyphenator( 1326): java.io.FileNotFoundException: /system/usr/hyphen-data/hyph-nn.hyb: open failed: ENOENT (No such file or directory)
05-19 18:00:47.088 E/Hyphenator( 1326): 	at libcore.io.IoBridge.open(IoBridge.java:455)
05-19 18:00:47.088 E/Hyphenator( 1326): 	at java.io.RandomAccessFile.<init>(RandomAccessFile.java:247)
05-19 18:00:47.088 E/Hyphenator( 1326): 	at android.text.Hyphenator.loadHyphenator(Hyphenator.java:118)
05-19 18:00:47.088 E/Hyphenator( 1326): 	at android.text.Hyphenator.init(Hyphenator.java:224)
05-19 18:00:47.088 E/Hyphenator( 1326): 	at com.android.internal.os.ZygoteInit.preloadTextResources(ZygoteInit.java:252)
05-19 18:00:47.088 E/Hyphenator( 1326): 	at com.android.internal.os.ZygoteInit.preload(ZygoteInit.java:206)
05-19 18:00:47.088 E/Hyphenator( 1326): 	at com.android.internal.os.ZygoteInit.main(ZygoteInit.java:743)
05-19 18:00:47.088 E/Hyphenator( 1326): Caused by: android.system.ErrnoException: open failed: ENOENT (No such file or directory)
05-19 18:00:47.088 E/Hyphenator( 1326): 	at libcore.io.Posix.open(Native Method)
05-19 18:00:47.088 E/Hyphenator( 1326): 	at libcore.io.BlockGuardOs.open(BlockGuardOs.java:187)
05-19 18:00:47.088 E/Hyphenator( 1326): 	at libcore.io.IoBridge.open(IoBridge.java:441)
05-19 18:00:47.088 E/Hyphenator( 1326): 	... 6 more
05-19 18:00:47.133 E/Hyphenator( 1326): error loading hyphenation /system/usr/hyphen-data/hyph-or.hyb
05-19 18:00:47.133 E/Hyphenator( 1326): java.io.FileNotFoundException: /system/usr/hyphen-data/hyph-or.hyb: open failed: ENOENT (No such file or directory)
05-19 18:00:47.133 E/Hyphenator( 1326): 	at libcore.io.IoBridge.open(IoBridge.java:455)
05-19 18:00:47.133 E/Hyphenator( 1326): 	at java.io.RandomAccessFile.<init>(RandomAccessFile.java:247)
05-19 18:00:47.133 E/Hyphenator( 1326): 	at android.text.Hyphenator.loadHyphenator(Hyphenator.java:118)
05-19 18:00:47.133 E/Hyphenator( 1326): 	at android.text.Hyphenator.init(Hyphenator.java:224)
05-19 18:00:47.133 E/Hyphenator( 1326): 	at com.android.internal.os.ZygoteInit.preloadTextResources(ZygoteInit.java:252)
05-19 18:00:47.133 E/Hyphenator( 1326): 	at com.android.internal.os.ZygoteInit.preload(ZygoteInit.java:206)
05-19 18:00:47.133 E/Hyphenator( 1326): 	at com.android.internal.os.ZygoteInit.main(ZygoteInit.java:743)
05-19 18:00:47.133 E/Hyphenator( 1326): Caused by: android.system.ErrnoException: open failed: ENOENT (No such file or directory)
05-19 18:00:47.133 E/Hyphenator( 1326): 	at libcore.io.Posix.open(Native Method)
05-19 18:00:47.133 E/Hyphenator( 1326): 	at libcore.io.BlockGuardOs.open(BlockGuardOs.java:187)
05-19 18:00:47.133 E/Hyphenator( 1326): 	at libcore.io.IoBridge.open(IoBridge.java:441)
05-19 18:00:47.133 E/Hyphenator( 1326): 	... 6 more
05-19 18:00:47.135 E/Hyphenator( 1326): error loading hyphenation /system/usr/hyphen-data/hyph-pa.hyb
05-19 18:00:47.135 E/Hyphenator( 1326): java.io.FileNotFoundException: /system/usr/hyphen-data/hyph-pa.hyb: open failed: ENOENT (No such file or directory)
05-19 18:00:47.135 E/Hyphenator( 1326): 	at libcore.io.IoBridge.open(IoBridge.java:455)
05-19 18:00:47.135 E/Hyphenator( 1326): 	at java.io.RandomAccessFile.<init>(RandomAccessFile.java:247)
05-19 18:00:47.135 E/Hyphenator( 1326): 	at android.text.Hyphenator.loadHyphenator(Hyphenator.java:118)
05-19 18:00:47.135 E/Hyphenator( 1326): 	at android.text.Hyphenator.init(Hyphenator.java:224)
05-19 18:00:47.135 E/Hyphenator( 1326): 	at com.android.internal.os.ZygoteInit.preloadTextResources(ZygoteInit.java:252)
05-19 18:00:47.135 E/Hyphenator( 1326): 	at com.android.internal.os.ZygoteInit.preload(ZygoteInit.java:206)
05-19 18:00:47.135 E/Hyphenator( 1326): 	at com.android.internal.os.ZygoteInit.main(ZygoteInit.java:743)
05-19 18:00:47.135 E/Hyphenator( 1326): Caused by: android.system.ErrnoException: open failed: ENOENT (No such file or directory)
05-19 18:00:47.135 E/Hyphenator( 1326): 	at libcore.io.Posix.open(Native Method)
05-19 18:00:47.135 E/Hyphenator( 1326): 	at libcore.io.BlockGuardOs.open(BlockGuardOs.java:187)
05-19 18:00:47.135 E/Hyphenator( 1326): 	at libcore.io.IoBridge.open(IoBridge.java:441)
05-19 18:00:47.135 E/Hyphenator( 1326): 	... 6 more
05-19 18:00:47.137 E/Hyphenator( 1326): error loading hyphenation /system/usr/hyphen-data/hyph-pt.hyb
05-19 18:00:47.137 E/Hyphenator( 1326): java.io.FileNotFoundException: /system/usr/hyphen-data/hyph-pt.hyb: open failed: ENOENT (No such file or directory)
05-19 18:00:47.137 E/Hyphenator( 1326): 	at libcore.io.IoBridge.open(IoBridge.java:455)
05-19 18:00:47.137 E/Hyphenator( 1326): 	at java.io.RandomAccessFile.<init>(RandomAccessFile.java:247)
05-19 18:00:47.137 E/Hyphenator( 1326): 	at android.text.Hyphenator.loadHyphenator(Hyphenator.java:118)
05-19 18:00:47.137 E/Hyphenator( 1326): 	at android.text.Hyphenator.init(Hyphenator.java:224)
05-19 18:00:47.137 E/Hyphenator( 1326): 	at com.android.internal.os.ZygoteInit.preloadTextResources(ZygoteInit.java:252)
05-19 18:00:47.137 E/Hyphenator( 1326): 	at com.android.internal.os.ZygoteInit.preload(ZygoteInit.java:206)
05-19 18:00:47.137 E/Hyphenator( 1326): 	at com.android.internal.os.ZygoteInit.main(ZygoteInit.java:743)
05-19 18:00:47.137 E/Hyphenator( 1326): Caused by: android.system.ErrnoException: open failed: ENOENT (No such file or directory)
05-19 18:00:47.137 E/Hyphenator( 1326): 	at libcore.io.Posix.open(Native Method)
05-19 18:00:47.137 E/Hyphenator( 1326): 	at libcore.io.BlockGuardOs.open(BlockGuardOs.java:187)
05-19 18:00:47.137 E/Hyphenator( 1326): 	at libcore.io.IoBridge.open(IoBridge.java:441)
05-19 18:00:47.137 E/Hyphenator( 1326): 	... 6 more
05-19 18:00:47.138 E/Hyphenator( 1326): error loading hyphenation /system/usr/hyphen-data/hyph-sl.hyb
05-19 18:00:47.138 E/Hyphenator( 1326): java.io.FileNotFoundException: /system/usr/hyphen-data/hyph-sl.hyb: open failed: ENOENT (No such file or directory)
05-19 18:00:47.138 E/Hyphenator( 1326): 	at libcore.io.IoBridge.open(IoBridge.java:455)
05-19 18:00:47.138 E/Hyphenator( 1326): 	at java.io.RandomAccessFile.<init>(RandomAccessFile.java:247)
05-19 18:00:47.138 E/Hyphenator( 1326): 	at android.text.Hyphenator.loadHyphenator(Hyphenator.java:118)
05-19 18:00:47.138 E/Hyphenator( 1326): 	at android.text.Hyphenator.init(Hyphenator.java:224)
05-19 18:00:47.138 E/Hyphenator( 1326): 	at com.android.internal.os.ZygoteInit.preloadTextResources(ZygoteInit.java:252)
05-19 18:00:47.138 E/Hyphenator( 1326): 	at com.android.internal.os.ZygoteInit.preload(ZygoteInit.java:206)
05-19 18:00:47.138 E/Hyphenator( 1326): 	at com.android.internal.os.ZygoteInit.main(ZygoteInit.java:743)
05-19 18:00:47.138 E/Hyphenator( 1326): Caused by: android.system.ErrnoException: open failed: ENOENT (No such file or directory)
05-19 18:00:47.138 E/Hyphenator( 1326): 	at libcore.io.Posix.open(Native Method)
05-19 18:00:47.138 E/Hyphenator( 1326): 	at libcore.io.BlockGuardOs.open(BlockGuardOs.java:187)
05-19 18:00:47.138 E/Hyphenator( 1326): 	at libcore.io.IoBridge.open(IoBridge.java:441)
05-19 18:00:47.138 E/Hyphenator( 1326): 	... 6 more
05-19 18:00:47.156 E/Hyphenator( 1326): error loading hyphenation /system/usr/hyphen-data/hyph-ta.hyb
05-19 18:00:47.156 E/Hyphenator( 1326): java.io.FileNotFoundException: /system/usr/hyphen-data/hyph-ta.hyb: open failed: ENOENT (No such file or directory)
05-19 18:00:47.156 E/Hyphenator( 1326): 	at libcore.io.IoBridge.open(IoBridge.java:455)
05-19 18:00:47.156 E/Hyphenator( 1326): 	at java.io.RandomAccessFile.<init>(RandomAccessFile.java:247)
05-19 18:00:47.156 E/Hyphenator( 1326): 	at android.text.Hyphenator.loadHyphenator(Hyphenator.java:118)
05-19 18:00:47.156 E/Hyphenator( 1326): 	at android.text.Hyphenator.init(Hyphenator.java:224)
05-19 18:00:47.156 E/Hyphenator( 1326): 	at com.android.internal.os.ZygoteInit.preloadTextResources(ZygoteInit.java:252)
05-19 18:00:47.156 E/Hyphenator( 1326): 	at com.android.internal.os.ZygoteInit.preload(ZygoteInit.java:206)
05-19 18:00:47.156 E/Hyphenator( 1326): 	at com.android.internal.os.ZygoteInit.main(ZygoteInit.java:743)
05-19 18:00:47.156 E/Hyphenator( 1326): Caused by: android.system.ErrnoException: open failed: ENOENT (No such file or directory)
05-19 18:00:47.156 E/Hyphenator( 1326): 	at libcore.io.Posix.open(Native Method)
05-19 18:00:47.156 E/Hyphenator( 1326): 	at libcore.io.BlockGuardOs.open(BlockGuardOs.java:187)
05-19 18:00:47.156 E/Hyphenator( 1326): 	at libcore.io.IoBridge.open(IoBridge.java:441)
05-19 18:00:47.156 E/Hyphenator( 1326): 	... 6 more
05-19 18:00:47.158 E/Hyphenator( 1326): error loading hyphenation /system/usr/hyphen-data/hyph-te.hyb
05-19 18:00:47.158 E/Hyphenator( 1326): java.io.FileNotFoundException: /system/usr/hyphen-data/hyph-te.hyb: open failed: ENOENT (No such file or directory)
05-19 18:00:47.158 E/Hyphenator( 1326): 	at libcore.io.IoBridge.open(IoBridge.java:455)
05-19 18:00:47.158 E/Hyphenator( 1326): 	at java.io.RandomAccessFile.<init>(RandomAccessFile.java:247)
05-19 18:00:47.158 E/Hyphenator( 1326): 	at android.text.Hyphenator.loadHyphenator(Hyphenator.java:118)
05-19 18:00:47.158 E/Hyphenator( 1326): 	at android.text.Hyphenator.init(Hyphenator.java:224)
05-19 18:00:47.158 E/Hyphenator( 1326): 	at com.android.internal.os.ZygoteInit.preloadTextResources(ZygoteInit.java:252)
05-19 18:00:47.158 E/Hyphenator( 1326): 	at com.android.internal.os.ZygoteInit.preload(ZygoteInit.java:206)
05-19 18:00:47.158 E/Hyphenator( 1326): 	at com.android.internal.os.ZygoteInit.main(ZygoteInit.java:743)
05-19 18:00:47.158 E/Hyphenator( 1326): Caused by: android.system.ErrnoException: open failed: ENOENT (No such file or directory)
05-19 18:00:47.158 E/Hyphenator( 1326): 	at libcore.io.Posix.open(Native Method)
05-19 18:00:47.158 E/Hyphenator( 1326): 	at libcore.io.BlockGuardOs.open(BlockGuardOs.java:187)
05-19 18:00:47.158 E/Hyphenator( 1326): 	at libcore.io.IoBridge.open(IoBridge.java:441)
05-19 18:00:47.158 E/Hyphenator( 1326): 	... 6 more
05-19 18:00:47.159 E/Hyphenator( 1326): error loading hyphenation /system/usr/hyphen-data/hyph-tk.hyb
05-19 18:00:47.159 E/Hyphenator( 1326): java.io.FileNotFoundException: /system/usr/hyphen-data/hyph-tk.hyb: open failed: ENOENT (No such file or directory)
05-19 18:00:47.159 E/Hyphenator( 1326): 	at libcore.io.IoBridge.open(IoBridge.java:455)
05-19 18:00:47.159 E/Hyphenator( 1326): 	at java.io.RandomAccessFile.<init>(RandomAccessFile.java:247)
05-19 18:00:47.159 E/Hyphenator( 1326): 	at android.text.Hyphenator.loadHyphenator(Hyphenator.java:118)
05-19 18:00:47.159 E/Hyphenator( 1326): 	at android.text.Hyphenator.init(Hyphenator.java:224)
05-19 18:00:47.159 E/Hyphenator( 1326): 	at com.android.internal.os.ZygoteInit.preloadTextResources(ZygoteInit.java:252)
05-19 18:00:47.159 E/Hyphenator( 1326): 	at com.android.internal.os.ZygoteInit.preload(ZygoteInit.java:206)
05-19 18:00:47.159 E/Hyphenator( 1326): 	at com.android.internal.os.ZygoteInit.main(ZygoteInit.java:743)
05-19 18:00:47.159 E/Hyphenator( 1326): Caused by: android.system.ErrnoException: open failed: ENOENT (No such file or directory)
05-19 18:00:47.159 E/Hyphenator( 1326): 	at libcore.io.Posix.open(Native Method)
05-19 18:00:47.159 E/Hyphenator( 1326): 	at libcore.io.BlockGuardOs.open(BlockGuardOs.java:187)
05-19 18:00:47.159 E/Hyphenator( 1326): 	at libcore.io.IoBridge.open(IoBridge.java:441)
05-19 18:00:47.159 E/Hyphenator( 1326): 	... 6 more
05-19 18:00:47.225 D/MDnsDS  ( 1336): MDnsSdListener::Hander starting up
05-19 18:00:47.241 D/MDnsDS  ( 1336): MDnsSdListener starting to monitor
05-19 18:00:47.241 D/MDnsDS  ( 1336): Going to poll with pollCount 1
05-19 18:00:47.272 E/Hyphenator( 1326): error loading hyphenation /system/usr/hyphen-data/hyph-und-ethi.hyb
05-19 18:00:47.272 E/Hyphenator( 1326): java.io.FileNotFoundException: /system/usr/hyphen-data/hyph-und-ethi.hyb: open failed: ENOENT (No such file or directory)
05-19 18:00:47.272 E/Hyphenator( 1326): 	at libcore.io.IoBridge.open(IoBridge.java:455)
05-19 18:00:47.272 E/Hyphenator( 1326): 	at java.io.RandomAccessFile.<init>(RandomAccessFile.java:247)
05-19 18:00:47.272 E/Hyphenator( 1326): 	at android.text.Hyphenator.loadHyphenator(Hyphenator.java:118)
05-19 18:00:47.272 E/Hyphenator( 1326): 	at android.text.Hyphenator.init(Hyphenator.java:224)
05-19 18:00:47.272 E/Hyphenator( 1326): 	at com.android.internal.os.ZygoteInit.preloadTextResources(ZygoteInit.java:252)
05-19 18:00:47.272 E/Hyphenator( 1326): 	at com.android.internal.os.ZygoteInit.preload(ZygoteInit.java:206)
05-19 18:00:47.272 E/Hyphenator( 1326): 	at com.android.internal.os.ZygoteInit.main(ZygoteInit.java:743)
05-19 18:00:47.272 E/Hyphenator( 1326): Caused by: android.system.ErrnoException: open failed: ENOENT (No such file or directory)
05-19 18:00:47.272 E/Hyphenator( 1326): 	at libcore.io.Posix.open(Native Method)
05-19 18:00:47.272 E/Hyphenator( 1326): 	at libcore.io.BlockGuardOs.open(BlockGuardOs.java:187)
05-19 18:00:47.272 E/Hyphenator( 1326): 	at libcore.io.IoBridge.open(IoBridge.java:441)
05-19 18:00:47.272 E/Hyphenator( 1326): 	... 6 more
05-19 18:00:47.389 I/Zygote  ( 1325): System server process 2369 has been created
05-19 18:00:47.405 I/Zygote  ( 1325): Accepting command socket connections
05-19 18:00:47.947 I/Zygote  ( 1326): Uninstalled ICU cache reference pinning...
05-19 18:00:48.051 I/Zygote  ( 1326): Installed AndroidKeyStoreProvider in 104ms.
05-19 18:00:48.316 I/Zygote  ( 1326): Warmed up JCA providers in 265ms.
05-19 18:00:48.316 D/Zygote  ( 1326): end preload
05-19 18:00:48.319 I/art     ( 1326): Starting a blocking GC Explicit
05-19 18:00:48.533 I/art     ( 1326): Explicit concurrent mark sweep GC freed 16005(1200KB) AllocSpace objects, 3(112KB) LOS objects, 39% free, 6MB/10MB, paused 1.925ms total 167.884ms
05-19 18:00:48.537 I/art     ( 1326): Starting a blocking GC Explicit
05-19 18:00:48.668 I/art     ( 1326): Explicit concurrent mark sweep GC freed 1620(66KB) AllocSpace objects, 3(132KB) LOS objects, 39% free, 6MB/10MB, paused 341us total 129.557ms
05-19 18:00:48.683 I/Zygote  ( 1326): Accepting command socket connections
05-19 18:00:48.749 I/Zygote  ( 2369): Process: zygote socket opened, supported ABIS: x86
05-19 18:00:48.766 I/InstallerConnection( 2369): connecting...
05-19 18:00:48.768 I/        ( 1330): new connection
05-19 18:00:49.480 I/InstallerConnection( 2369): disconnecting...
05-19 18:00:49.481 E/        ( 1330): eof
05-19 18:00:49.481 E/        ( 1330): failed to read size
05-19 18:00:49.481 I/        ( 1330): closing connection
05-19 18:00:50.980 I/SystemServer( 2369): Entered the Android system server!
05-19 18:00:53.315 I/SystemServiceManager( 2369): Starting com.android.server.pm.Installer
05-19 18:00:53.488 I/Installer( 2369): Waiting for installd to be ready.
05-19 18:00:53.489 I/InstallerConnection( 2369): connecting...
05-19 18:00:53.490 I/        ( 1330): new connection
05-19 18:00:53.591 I/SystemServiceManager( 2369): Starting com.android.server.am.ActivityManagerService$Lifecycle
05-19 18:00:54.063 I/ActivityManager( 2369): Memory class: 256
05-19 18:00:54.081 I/ServiceThread( 2369): Enabled StrictMode logging for ActivityManager looper.
05-19 18:00:54.093 I/ServiceThread( 2369): Enabled StrictMode logging for android.ui looper.
05-19 18:00:54.398 D/BatteryStatsImpl( 2369): Reading daily items from /data/system/batterystats-daily.xml
05-19 18:00:55.581 I/IntentFirewall( 2369): Read new rules (A:0 B:0 S:0)
05-19 18:00:55.700 I/ServiceThread( 2369): Enabled StrictMode logging for android.display looper.
05-19 18:00:55.764 D/AppOps  ( 2369): AppOpsService published
05-19 18:00:55.765 I/SystemServiceManager( 2369): Starting com.android.server.power.PowerManagerService
05-19 18:00:55.914 I/ServiceThread( 2369): Enabled StrictMode logging for PowerManagerService looper.
05-19 18:00:55.919 E/PowerManagerService-JNI( 2369): Couldn't load power module (No such file or directory)
05-19 18:00:55.919 W/libsuspend( 2369): Error writing 'on' to /sys/power/state: Invalid argument
05-19 18:00:55.922 I/libsuspend( 2369): Selected wakeup count
05-19 18:00:55.972 I/SystemServiceManager( 2369): Starting com.android.server.lights.LightsService
05-19 18:00:56.150 I/SystemServiceManager( 2369): Starting com.android.server.display.DisplayManagerService
05-19 18:00:56.205 I/SystemServiceManager( 2369): Starting phase 100
05-19 18:00:56.255 E/SurfaceFlinger( 1321): ro.sf.lcd_density must be defined as a build property
05-19 18:00:56.319 I/DisplayManagerService( 2369): Display device added: DisplayDeviceInfo{"Built-in Screen": uniqueId="local:0", 1080 x 1920, modeId 1, defaultModeId 1, supportedModes [{id=1, width=1080, height=1920, fps=60.000004}], colorMode 0, supportedColorModes [0], HdrCapabilities android.view.Display$HdrCapabilities@a69d6308, density 480, 480.0 x 480.0 dpi, appVsyncOff 1000000, presDeadline 16666666, touch INTERNAL, rotation 0, type BUILT_IN, state UNKNOWN, FLAG_DEFAULT_DISPLAY, FLAG_ROTATES_WITH_CONTENT, FLAG_SECURE, FLAG_SUPPORTS_PROTECTED_BUFFERS}
05-19 18:00:56.350 D/SurfaceFlinger( 1321): Set power mode=2, type=0 flinger=0x73fa61247000
05-19 18:00:56.350 D/SurfaceFlinger( 1321): Screen type=0 is already mode=2
05-19 18:00:56.363 I/DisplayManagerService( 2369): Display device changed state: "Built-in Screen", ON
05-19 18:00:56.365 I/SystemServer( 2369): StartPackageManagerService
05-19 18:00:57.062 W/SystemConfig( 2369): No directory /system/etc/sysconfig, skipping
05-19 18:00:57.411 D/SELinuxMMAC( 2369): Using policy file /system/etc/security/mac_permissions.xml
05-19 18:00:59.546 E/art     ( 2369): DexFile_getDexOptNeeded file '/system/framework/org.apache.http.legacy.jar' does not exist
05-19 18:00:59.547 W/PackageManager( 2369): Library not found: /system/framework/org.apache.http.legacy.jar
05-19 18:00:59.872 E/art     ( 2369): DexFile_getDexOptNeeded file '/system/framework/org.apache.http.legacy.jar' does not exist
05-19 18:00:59.873 W/PackageManager( 2369): Library not found: /system/framework/org.apache.http.legacy.jar
05-19 18:00:59.932 D/PackageManager( 2369): No files in app dir /vendor/overlay
05-19 18:01:00.577 W/PackageManager( 2369): Failed to parse /system/framework/oat: Missing base APK in /system/framework/oat
05-19 18:01:00.611 W/PackageManager( 2369): Failed to parse /system/framework/x86: Missing base APK in /system/framework/x86
05-19 18:01:00.613 W/PackageManager( 2369): Failed to parse /system/framework/x86_64: Missing base APK in /system/framework/x86_64
05-19 18:01:02.502 W/PackageParser( 2369): No actions in intent filter at /system/priv-app/Contacts/Contacts.apk Binary XML file line #409
05-19 18:01:03.919 W/PackageParser( 2369): No actions in intent filter at /system/priv-app/Dialer/Dialer.apk Binary XML file line #186
05-19 18:01:04.602 W/PackageManager( 2369): Permission android.permission.DOWNLOAD_WITHOUT_NOTIFICATION from package com.android.providers.downloads in an unknown group android.permission-group.NETWORK
05-19 18:01:08.514 W/PackageParser( 2369): Ignoring duplicate uses-permissions/uses-permissions-sdk-m: android.permission.USE_CREDENTIALS in package: com.android.settings at: Binary XML file line #53
05-19 18:01:08.515 W/PackageParser( 2369): Ignoring duplicate uses-permissions/uses-permissions-sdk-m: android.permission.READ_SYNC_SETTINGS in package: com.android.settings at: Binary XML file line #58
05-19 18:01:08.515 W/PackageParser( 2369): Ignoring duplicate uses-permissions/uses-permissions-sdk-m: android.permission.WRITE_SYNC_SETTINGS in package: com.android.settings at: Binary XML file line #59
05-19 18:01:09.895 W/PackageParser( 2369): Ignoring duplicate uses-permissions/uses-permissions-sdk-m: android.permission.INSTALL_GRANT_RUNTIME_PERMISSIONS in package: com.android.shell at: Binary XML file line #102
05-19 18:01:11.669 W/PackageParser( 2369): Ignoring duplicate uses-permissions/uses-permissions-sdk-m: android.permission.CONFIGURE_WIFI_DISPLAY in package: com.android.systemui at: Binary XML file line #123
05-19 18:01:13.178 I/art     ( 2369): Background sticky concurrent mark sweep GC freed 33284(2MB) AllocSpace objects, 20(416KB) LOS objects, 31% free, 6MB/10MB, paused 1.782ms total 172.512ms
05-19 18:01:14.374 W/PackageManager( 2369): Non-privileged app; cap priority to 0; package: com.android.calendar activity: com.android.calendar.GoogleCalendarUriIntentFilter origPrio: 50
05-19 18:01:14.653 W/PackageManager( 2369): Non-privileged app; cap priority to 0; package: com.android.cts.ctsshim activity: com.android.cts.ctsshim.InstallPriority origPrio: 100
05-19 18:01:14.653 W/PackageManager( 2369): Non-privileged app; cap priority to 0; package: com.android.cts.ctsshim activity: com.android.cts.ctsshim.InstallPriority origPrio: 100
05-19 18:01:14.653 W/PackageManager( 2369): Non-privileged app; cap priority to 0; package: com.android.cts.ctsshim activity: com.android.cts.ctsshim.InstallPriority origPrio: 100
05-19 18:01:14.653 W/PackageManager( 2369): Non-privileged app; cap priority to 0; package: com.android.cts.ctsshim activity: com.android.cts.ctsshim.InstallPriority origPrio: 100
05-19 18:01:14.653 W/PackageManager( 2369): Non-privileged app; cap priority to 0; package: com.android.cts.ctsshim activity: com.android.cts.ctsshim.InstallPriority origPrio: 100
05-19 18:01:16.433 W/PackageParser( 2369): Ignoring duplicate uses-permissions/uses-permissions-sdk-m: android.permission.WRITE_CONTACTS in package: com.android.email at: Binary XML file line #40
05-19 18:01:17.608 W/PackageParser( 2369): Unknown element under <application>: permission at /system/app/Gallery2/Gallery2.apk Binary XML file line #238
05-19 18:01:17.608 W/PackageParser( 2369): Unknown element under <application>: permission at /system/app/Gallery2/Gallery2.apk Binary XML file line #241
05-19 18:01:19.502 W/PackageManager( 2369): Permission com.android.launcher3.permission.READ_SETTINGS from package com.android.launcher3 in an unknown group android.permission-group.SYSTEM_TOOLS
05-19 18:01:19.502 W/PackageManager( 2369): Permission com.android.launcher3.permission.WRITE_SETTINGS from package com.android.launcher3 in an unknown group android.permission-group.SYSTEM_TOOLS
05-19 18:01:19.502 W/PackageManager( 2369): Permission com.android.launcher.permission.INSTALL_SHORTCUT from package com.android.launcher3 in an unknown group android.permission-group.SYSTEM_TOOLS
05-19 18:01:23.703 D/PackageManager( 2369): No files in app dir /system/vendor/app
05-19 18:01:23.704 D/PackageManager( 2369): No files in app dir /oem/app
05-19 18:01:24.997 W/PackageParser( 2369): No actions in intent filter at /data/app/ApiDemos/ApiDemos.apk Binary XML file line #3145
05-19 18:01:24.998 W/PackageParser( 2369): No actions in intent filter at /data/app/ApiDemos/ApiDemos.apk Binary XML file line #3151
05-19 18:01:25.018 W/PackageManager( 2369): Package com.example.android.apis desires unavailable shared library com.example.will.never.exist; ignoring!
05-19 18:01:25.039 I/SELinux ( 2369): SELinux: Loaded file_contexts contexts from /file_contexts.bin.
05-19 18:01:25.541 D/PackageManager( 2369): No files in app dir /data/app-private
05-19 18:01:25.591 D/PackageManager( 2369): No files in app dir /data/app-ephemeral
05-19 18:01:25.599 E/PackageManager( 2369): There should probably be exactly one setup wizard; found 0: matches=[]
05-19 18:01:25.630 W/PackageManager( 2369): Protected action; cap priority to 0; package: com.android.cts.priv.ctsshim activity: com.android.cts.priv.ctsshim.InstallPriority origPrio: 100
05-19 18:01:25.631 W/PackageManager( 2369): Protected action; cap priority to 0; package: com.android.cts.priv.ctsshim activity: com.android.cts.priv.ctsshim.InstallPriority origPrio: 100
05-19 18:01:25.631 W/PackageManager( 2369): Protected action; cap priority to 0; package: com.android.cts.priv.ctsshim activity: com.android.cts.priv.ctsshim.InstallPriority origPrio: 100
05-19 18:01:25.631 W/PackageManager( 2369): Protected action; cap priority to 0; package: com.android.cts.priv.ctsshim activity: com.android.cts.priv.ctsshim.InstallPriority origPrio: 100
05-19 18:01:25.631 W/PackageManager( 2369): Protected action; cap priority to 0; package: com.android.packageinstaller activity: com.android.packageinstaller.PackageInstallerActivity origPrio: 1
05-19 18:01:25.631 W/PackageManager( 2369): Package com.android.camera desires unavailable shared library com.google.android.media.effects; ignoring!
05-19 18:01:25.631 W/PackageManager( 2369): Package com.android.gallery3d desires unavailable shared library com.google.android.media.effects; ignoring!
05-19 18:01:25.631 W/PackageManager( 2369): Package com.android.gallery3d desires unavailable shared library com.google.android.media.effects; ignoring!
05-19 18:01:25.631 W/PackageManager( 2369): Package com.example.android.apis desires unavailable shared library com.example.will.never.exist; ignoring!
05-19 18:01:25.633 I/PackageManager( 2369): Adjusting ABI for com.android.providers.downloads to x86_64 (requirer=com.android.mtp, scannedPackage=null)
05-19 18:01:25.661 I/PackageManager( 2369): Adjusting ABI for com.android.providers.media to x86_64 (requirer=com.android.mtp, scannedPackage=null)
05-19 18:01:25.664 I/PackageManager( 2369): Adjusting ABI for com.android.providers.downloads.ui to x86_64 (requirer=com.android.mtp, scannedPackage=null)
05-19 18:01:25.666 I/PackageManager( 2369): Adjusting ABI for com.android.providers.settings to x86_64 (requirer=android, scannedPackage=null)
05-19 18:01:25.668 I/PackageManager( 2369): Adjusting ABI for com.android.settings to x86_64 (requirer=android, scannedPackage=null)
05-19 18:01:25.680 I/PackageManager( 2369): Adjusting ABI for com.android.server.telecom to x86_64 (requirer=android, scannedPackage=null)
05-19 18:01:25.682 I/PackageManager( 2369): Adjusting ABI for com.android.keychain to x86_64 (requirer=android, scannedPackage=null)
05-19 18:01:25.702 I/PackageManager( 2369): Adjusting ABI for com.android.location.fused to x86_64 (requirer=android, scannedPackage=null)
05-19 18:01:25.704 I/PackageManager( 2369): Adjusting ABI for com.android.wallpaperbackup to x86_64 (requirer=android, scannedPackage=null)
05-19 18:01:25.706 I/PackageManager( 2369): Adjusting ABI for com.android.inputdevices to x86_64 (requirer=android, scannedPackage=null)
05-19 18:01:25.732 I/PackageManager( 2369): Time to scan packages: 26.642 seconds
05-19 18:01:25.735 W/PackageManager( 2369): Unknown permission com.google.android.googleapps.permission.GOOGLE_AUTH in package com.android.providers.calendar
05-19 18:01:25.735 W/PackageManager( 2369): Unknown permission com.google.android.googleapps.permission.GOOGLE_AUTH.cl in package com.android.providers.calendar
05-19 18:01:25.737 W/PackageManager( 2369): Not granting permission android.permission.GLOBAL_SEARCH to package com.android.quicksearchbox (protectionLevel=18 flags=0x3808be45)
05-19 18:01:25.738 W/PackageManager( 2369): Not granting permission android.permission.WRITE_EXTERNAL_STORAGE to package gov.nasa.arc.astrobee.android.gs.manager because it was previously installed without
05-19 18:01:25.738 W/PackageManager( 2369): Not granting permission android.permission.READ_EXTERNAL_STORAGE to package gov.nasa.arc.astrobee.android.gs.manager because it was previously installed without
05-19 18:01:25.739 W/PackageManager( 2369): Unknown permission com.android.launcher.permission.READ_SETTINGS in package com.android.launcher3
05-19 18:01:25.739 W/PackageManager( 2369): Unknown permission com.android.launcher.permission.WRITE_SETTINGS in package com.android.launcher3
05-19 18:01:25.739 W/PackageManager( 2369): Not granting permission android.permission.BIND_APPWIDGET to package com.android.launcher3 (protectionLevel=18 flags=0x3c4bbe45)
05-19 18:01:25.739 W/PackageManager( 2369): Unknown permission com.google.android.googleapps.permission.GOOGLE_AUTH.mail in package com.android.calendar
05-19 18:01:25.739 W/PackageManager( 2369): Unknown permission com.google.android.providers.settings.permission.WRITE_GSETTINGS in package com.android.sdksetup
05-19 18:01:25.761 W/PackageManager( 2369): Unknown permission com.google.android.permission.INSTALL_WEARABLE_PACKAGES in package com.android.packageinstaller
05-19 18:01:25.761 W/PackageManager( 2369): Not granting permission android.permission.DELETE_PACKAGES to package com.svox.pico (protectionLevel=18 flags=0x3808be45)
05-19 18:01:25.761 W/PackageManager( 2369): Not granting permission android.permission.READ_CONTACTS to package com.example.android.apis because it was previously installed without
05-19 18:01:25.761 W/PackageManager( 2369): Not granting permission android.permission.WRITE_CONTACTS to package com.example.android.apis because it was previously installed without
05-19 18:01:25.761 W/PackageManager( 2369): Not granting permission android.permission.ACCESS_COARSE_LOCATION to package com.example.android.apis because it was previously installed without
05-19 18:01:25.761 W/PackageManager( 2369): Not granting permission android.permission.WRITE_EXTERNAL_STORAGE to package com.example.android.apis because it was previously installed without
05-19 18:01:25.762 W/PackageManager( 2369): Not granting permission android.permission.SEND_SMS to package com.example.android.apis because it was previously installed without
05-19 18:01:25.762 W/PackageManager( 2369): Not granting permission android.permission.RECEIVE_SMS to package com.example.android.apis because it was previously installed without
05-19 18:01:25.762 W/PackageManager( 2369): Not granting permission android.permission.RECEIVE_MMS to package com.example.android.apis because it was previously installed without
05-19 18:01:25.762 W/PackageManager( 2369): Not granting permission android.permission.READ_SMS to package com.example.android.apis because it was previously installed without
05-19 18:01:25.762 W/PackageManager( 2369): Not granting permission android.permission.READ_PHONE_STATE to package com.example.android.apis because it was previously installed without
05-19 18:01:25.762 W/PackageManager( 2369): Not granting permission android.permission.RECORD_AUDIO to package com.example.android.apis because it was previously installed without
05-19 18:01:25.762 W/PackageManager( 2369): Not granting permission android.permission.CAMERA to package com.example.android.apis because it was previously installed without
05-19 18:01:25.762 W/PackageManager( 2369): Not granting permission android.permission.READ_EXTERNAL_STORAGE to package com.example.android.apis because it was previously installed without
05-19 18:01:25.762 W/PackageManager( 2369): Unknown permission android.permission.RUN_INSTRUMENTATION in package org.chromium.webview_shell
05-19 18:01:25.763 W/PackageManager( 2369): Unknown permission com.google.android.googleapps.permission.GOOGLE_AUTH in package com.android.settings
05-19 18:01:25.763 W/PackageManager( 2369): Unknown permission com.android.launcher.permission.READ_SETTINGS in package com.android.settings
05-19 18:01:25.763 W/PackageManager( 2369): Unknown permission com.android.launcher.permission.WRITE_SETTINGS in package com.android.settings
05-19 18:01:25.764 W/PackageManager( 2369): Unknown permission com.android.smspush.WAPPUSH_MANAGER_BIND in package com.android.phone
05-19 18:01:25.765 W/PackageManager( 2369): Unknown permission com.google.android.googleapps.permission.ACCESS_GOOGLE_PASSWORD in package com.android.development
05-19 18:01:25.765 W/PackageManager( 2369): Unknown permission com.google.android.googleapps.permission.GOOGLE_AUTH in package com.android.development
05-19 18:01:25.765 W/PackageManager( 2369): Unknown permission com.google.android.googleapps.permission.GOOGLE_AUTH.ALL_SERVICES in package com.android.development
05-19 18:01:25.765 W/PackageManager( 2369): Unknown permission com.google.android.googleapps.permission.GOOGLE_AUTH.YouTubeUser in package com.android.development
05-19 18:01:25.766 W/PackageManager( 2369): Not granting permission android.permission.BIND_APPWIDGET to package com.android.widgetpreview (protectionLevel=18 flags=0x3808be44)
05-19 18:01:25.767 V/PackageManager( 2369): reconcileAppsData for null u0 0x3
05-19 18:01:25.866 I/SELinux ( 1330): SELinux: Loaded file_contexts contexts from /file_contexts.bin.
05-19 18:01:31.844 V/PackageManager( 2369): reconcileAppsData finished 81 packages
05-19 18:01:32.224 E/PackageManager( 2369): There should probably be a verifier, but, none were found
05-19 18:01:32.375 W/PackageInstaller( 2369): Abandoning old session first created at 1616675837967
05-19 18:01:32.386 W/PackageInstaller( 2369): Deleting orphan stage /data/app/vmdl1539828231.tmp
05-19 18:01:32.423 D/PackageManager( 2369): Ephemeral resolver NOT found; no matching intent filters
05-19 18:01:32.424 I/PackageManager( 2369): Ephemeral deactivated; missing resolver and installer
05-19 18:01:32.427 I/art     ( 2369): Starting a blocking GC Explicit
05-19 18:01:32.463 W/art     ( 2369): Long monitor contention with owner main (2369) at void android.net.LocalSocketImpl.writeba_native(byte[], int, int, java.io.FileDescriptor)(LocalSocketImpl.java:-2) waiters=0 in void com.android.server.pm.Settings$RuntimePermissionPersistence.writePermissionsSync(int) for 5.831s
05-19 18:01:32.736 I/art     ( 2369): Explicit concurrent mark sweep GC freed 38047(2MB) AllocSpace objects, 4(80KB) LOS objects, 33% free, 7MB/10MB, paused 12.949ms total 304.429ms
05-19 18:01:32.779 I/SystemServer( 2369): StartOtaDexOptService
05-19 18:01:32.921 I/SystemServer( 2369): StartUserManagerService
05-19 18:01:32.922 I/SystemServiceManager( 2369): Starting com.android.server.pm.UserManagerService$LifeCycle
05-19 18:01:33.188 I/lowmemorykiller( 1319): ActivityManager connected
05-19 18:01:33.212 D/SensorService( 2369): nuSensorService starting...
05-19 18:01:33.327 I/SystemServiceManager( 2369): Starting com.android.server.BatteryService
05-19 18:01:33.501 D/SensorService( 2369): new thread SensorEventAckReceiver
05-19 18:01:33.510 D/SensorService( 2369): nuSensorService thread starting...
05-19 18:01:33.621 I/SystemServiceManager( 2369): Starting com.android.server.usage.UsageStatsService
05-19 18:01:33.918 I/SystemServiceManager( 2369): Starting com.android.server.webkit.WebViewUpdateService
05-19 18:01:34.049 I/SystemServer( 2369): Reading configuration...
05-19 18:01:34.060 I/SystemServer( 2369): StartSchedulingPolicyService
05-19 18:01:34.063 I/SystemServiceManager( 2369): Starting com.android.server.telecom.TelecomLoaderService
05-19 18:01:34.065 I/SystemServer( 2369): StartTelephonyRegistry
05-19 18:01:34.104 I/SystemServer( 2369): StartEntropyMixer
05-19 18:01:34.134 I/EntropyMixer( 2369): Writing entropy...
05-19 18:01:34.313 I/SystemServer( 2369): Camera Service
05-19 18:01:34.321 I/SystemServiceManager( 2369): Starting com.android.server.camera.CameraService
05-19 18:01:34.334 I/ServiceThread( 2369): Enabled StrictMode logging for CameraService_proxy looper.
05-19 18:01:34.339 I/SystemServer( 2369): StartAccountManagerService
05-19 18:01:34.355 I/SystemServiceManager( 2369): Starting com.android.server.accounts.AccountManagerService$Lifecycle
05-19 18:01:34.405 I/SystemServer( 2369): StartContentService
05-19 18:01:34.461 I/SystemServiceManager( 2369): Starting com.android.server.content.ContentService$Lifecycle
05-19 18:01:34.475 I/SystemServer( 2369): InstallSystemProviders
05-19 18:01:34.647 W/System  ( 2369): ClassLoader referenced unknown path: /system/priv-app/SettingsProvider/lib/x86_64
05-19 18:01:35.161 I/SystemServer( 2369): StartVibratorService
05-19 18:01:35.163 E/VibratorService( 2369): Couldn't load vibrator module (No such file or directory)
05-19 18:01:35.163 W/VibratorService( 2369): Tried to stop vibrating but there is no vibrator device.
05-19 18:01:35.180 I/SystemServer( 2369): StartConsumerIrService
05-19 18:01:35.182 E/ConsumerIrService( 2369): Can't open consumer IR HW Module, error: -2
05-19 18:01:35.189 I/SystemServer( 2369): StartAlarmManagerService
05-19 18:01:35.189 I/SystemServiceManager( 2369): Starting com.android.server.AlarmManagerService
05-19 18:01:35.209 W/AlarmManagerService( 2369): no wall clock RTC found
05-19 18:01:35.222 D/AlarmManagerService( 2369): Kernel timezone updated to 0 minutes west of GMT
05-19 18:01:35.271 I/SystemServer( 2369): InitWatchdog
05-19 18:01:35.273 I/SystemServer( 2369): StartInputManagerService
05-19 18:01:35.283 I/InputManager( 2369): Initializing input manager, mUseDevInputEventForAudioJack=true
05-19 18:01:35.293 I/SystemServer( 2369): StartWindowManagerService
05-19 18:01:35.625 I/WindowManager( 2369): No existing display settings /data/system/display_settings.xml; starting empty
05-19 18:01:35.951 I/SystemServer( 2369): StartVrManagerService
05-19 18:01:35.951 I/SystemServiceManager( 2369): Starting com.android.server.vr.VrManagerService
05-19 18:01:35.975 W/VrManagerService( 2369): init_native: Could not open VR hardware module, error No such file or directory (-2).
05-19 18:01:36.029 I/InputManager( 2369): Starting input manager
05-19 18:01:36.061 I/SystemServer( 2369): No Bluetooth Service (emulator)
05-19 18:01:36.061 I/SystemServer( 2369): ConnectivityMetricsLoggerService
05-19 18:01:36.062 I/SystemServiceManager( 2369): Starting com.android.server.connectivity.MetricsLoggerService
05-19 18:01:36.087 I/SystemServer( 2369): IpConnectivityMetrics
05-19 18:01:36.088 I/SystemServiceManager( 2369): Starting com.android.server.connectivity.IpConnectivityMetrics
