05-19 18:02:47.074 W/art     ( 2369): Long monitor contention with owner main (2369) at int com.android.server.am.ActivityManagerService.bindService(android.app.IApplicationThread, android.os.IBinder, android.content.Intent, java.lang.String, android.app.IServiceConnection, int, java.lang.String, int)(ActivityManagerService.java:17301) waiters=4 in int com.android.server.am.ActivityManagerService.broadcastIntent(android.app.IApplicationThread, android.content.Intent, java.lang.String, android.content.IIntentReceiver, int, java.lang.String, android.os.Bundle, java.lang.String[], int, android.os.Bundle, boolean, boolean, int) for 221ms
05-19 18:02:47.080 D/MountService( 2369): Volume emulated broadcasting mounted to UserHandle{0}
05-19 18:02:47.088 W/art     ( 2369): Long monitor contention with owner Binder:2369_7 (2965) at void com.android.server.am.ActivityManagerService.attachApplication(android.app.IApplicationThread)(ActivityManagerService.java:6669) waiters=4 in void com.android.server.am.ActivityManagerService.updateConfiguration(android.content.res.Configuration) for 197ms
05-19 18:02:47.103 W/art     ( 2369): Long monitor contention with owner Binder:2369_7 (2965) at void com.android.server.am.ActivityManagerService.attachApplication(android.app.IApplicationThread)(ActivityManagerService.java:6669) waiters=4 in android.content.pm.UserInfo com.android.server.am.UserController.getCurrentUser() for 210ms
05-19 18:02:47.130 W/art     ( 2369): Long monitor contention with owner Binder:2369_7 (2965) at void com.android.server.am.ActivityManagerService.attachApplication(android.app.IApplicationThread)(ActivityManagerService.java:6669) waiters=4 in void com.android.server.am.ActivityManagerService$3.handleMessage(android.os.Message) for 234ms
05-19 18:02:47.211 W/art     ( 2369): Long monitor contention with owner Binder:2369_7 (2965) at void com.android.server.am.ActivityManagerService.attachApplication(android.app.IApplicationThread)(ActivityManagerService.java:6669) waiters=6 in void com.android.server.am.ActivityManagerService.dispatchProcessesChanged() for 205ms
05-19 18:02:47.619 V/BackupManagerService( 2369): No ancestral data
05-19 18:02:47.751 I/BackupManagerService( 2369): Package jp.jaxa.iss.kibo.rpc.sampleapk not installed; dropping from full backup
05-19 18:02:47.794 V/BackupManagerService( 2369): Starting with transport android/com.android.internal.backup.LocalTransport
05-19 18:02:47.794 V/BackupManagerService( 2369): Found transports: 1
05-19 18:02:47.795 W/BackupManagerService( 2369): Proposed transport ComponentInfo{android/com.android.internal.backup.LocalTransportService} not whitelisted; ignoring
05-19 18:02:47.798 W/System  ( 3010): ClassLoader referenced unknown path: /system/priv-app/ExtServices/lib/x86_64
05-19 18:02:47.968 I/BackupManagerService( 2369): Backup enabled => false
05-19 18:02:48.470 I/vol.Events( 2968): writeEvent level_changed STREAM_ALARM 6
05-19 18:02:48.482 I/vol.Events( 2968): writeEvent level_changed STREAM_BLUETOOTH_SCO 7
05-19 18:02:48.611 I/vol.Events( 2968): writeEvent level_changed STREAM_MUSIC 11
05-19 18:02:48.699 I/vol.Events( 2968): writeEvent level_changed STREAM_RING 5
05-19 18:02:48.780 I/vol.Events( 2968): writeEvent level_changed STREAM_SYSTEM 5
05-19 18:02:48.882 I/vol.Events( 2968): writeEvent level_changed STREAM_VOICE_CALL 4
05-19 18:02:48.993 W/art     ( 2369): Long monitor contention with owner backup (3027) at boolean java.io.UnixFileSystem.checkAccess0(java.io.File, int)(UnixFileSystem.java:-2) waiters=0 in void com.android.server.backup.BackupManagerService.setBackupEnabled(boolean) for 830ms
05-19 18:02:49.088 I/SyncManager( 2369): Got SyncJobService instance.
05-19 18:02:49.091 I/FusedLocation( 2369): engine started (com.android.location.fused)
05-19 18:02:49.378 D/StorageNotification( 2968): Notifying about private volume: VolumeInfo{private}:
05-19 18:02:49.378 D/StorageNotification( 2968):     type=PRIVATE diskId=null partGuid=null mountFlags=0 mountUserId=-1 
05-19 18:02:49.378 D/StorageNotification( 2968):     state=MOUNTED 
05-19 18:02:49.378 D/StorageNotification( 2968):     fsType=null fsUuid=null fsLabel=null 
05-19 18:02:49.378 D/StorageNotification( 2968):     path=/data internalPath=null 
05-19 18:02:49.450 D/StorageNotification( 2968): Notifying about public volume: VolumeInfo{public:253,48}:
05-19 18:02:49.450 D/StorageNotification( 2968):     type=PUBLIC diskId=disk:253,48 partGuid=null mountFlags=VISIBLE 
05-19 18:02:49.450 D/StorageNotification( 2968):     mountUserId=0 state=MOUNTED 
05-19 18:02:49.450 D/StorageNotification( 2968):     fsType=vfat fsUuid=1EFF-1C1B fsLabel=SDCARD 
05-19 18:02:49.450 D/StorageNotification( 2968):     path=/storage/1EFF-1C1B internalPath=/mnt/media_rw/1EFF-1C1B 
05-19 18:02:49.890 W/art     ( 2369): Long monitor contention with owner backup (3027) at void com.android.server.backup.BackupManagerService.dataChangedImpl(java.lang.String, java.util.HashSet)(BackupManagerService.java:9164) waiters=0 in void com.android.server.backup.BackupManagerService.setBackupEnabled(boolean) for 843ms
05-19 18:02:50.270 V/KeyguardServiceDelegate( 2369): *** Keyguard connected (yay!)
05-19 18:02:50.894 I/Choreographer( 2968): Skipped 121 frames!  The application may be doing too much work on its main thread.
05-19 18:02:50.923 W/VoiceInteractionManagerService( 2369): no available voice interaction services found for user 0
05-19 18:02:50.923 W/VoiceInteractionManagerService( 2369): no available voice recognition services found for user 0
05-19 18:02:51.066 I/ActivityManager( 2369): Loading recents for user 0 into memory.
05-19 18:02:51.085 D/ActivityManager( 2369): Sending BOOT_COMPLETE user #0
05-19 18:02:51.272 W/art     ( 2369): Long monitor contention with owner ActivityManager (2401) at java.util.List com.android.server.pm.PackageManagerService.queryIntentReceiversInternal(android.content.Intent, java.lang.String, int, int)(PackageManagerService.java:6046) waiters=0 in int com.android.server.pm.PackageManagerService.checkUidPermission(java.lang.String, int) for 166ms
05-19 18:02:51.359 D/LockSettings( 2369): Removing dead StrongAuthTracker.
05-19 18:02:51.548 D/FallbackHome( 2814): User unlocked and real home found; let's go!
05-19 18:02:51.729 I/ActivityManager( 2369): START u0 {act=android.intent.action.MAIN cat=[android.intent.category.HOME] flg=0x10000100 cmp=com.android.launcher3/.Launcher} from uid 0 on display 0
05-19 18:02:51.768 D/CarrierSvcBindHelper( 2798): Received android.intent.action.USER_UNLOCKED
05-19 18:02:51.953 E/PhoneInterfaceManager( 2798): [PhoneIntfMgr] getCarrierPackageNamesForIntent: No UICC
05-19 18:02:51.953 D/CarrierSvcBindHelper( 2798): No carrier app for: 0
05-19 18:02:52.249 I/AccountManagerService( 2369): User 0 is unlocked - opening CE database
05-19 18:02:52.401 W/art     ( 2369): Long monitor contention with owner android.display (2412) at void com.android.server.wm.WindowAnimator$1.doFrame(long)(WindowAnimator.java:144) waiters=0 in void com.android.server.wm.WindowManagerService.prepareAppTransition(int, boolean) for 174ms
05-19 18:02:52.529 E/NetdConnector( 2369): NDC Command {18 firewall disable_chain standby} took too long (3245ms)
05-19 18:02:52.548 W/RichInputConnection( 2589): Slow InputConnection: GET_TEXT_BEFORE_CURSOR took 3727 ms.
05-19 18:02:52.717 W/art     ( 2369): Long monitor contention with owner android.display (2412) at void com.android.server.wm.WindowAnimator$1.doFrame(long)(WindowAnimator.java:144) waiters=0 in void com.android.server.wm.WindowManagerService.prepareAppTransition(int, boolean) for 199ms
05-19 18:02:52.748 W/art     ( 2369): Long monitor contention with owner android.bg (2400) at void java.lang.Object.wait!(long, int)(Object.java:-2) waiters=0 in void com.android.server.net.NetworkPolicyManagerService$1.onUidStateChanged(int, int) for 1.281s
05-19 18:02:51.231 W/ifconfig( 3036): type=1400 audit(0.0:10): avc: denied { ioctl } for path="socket:[13478]" dev="sockfs" ino=13478 ioctlcmd=8927 scontext=u:r:shell:s0 tcontext=u:r:shell:s0 tclass=udp_socket permissive=0
05-19 18:02:51.381 W/ifconfig( 3036): type=1400 audit(0.0:11): avc: denied { ioctl } for path="socket:[13478]" dev="sockfs" ino=13478 ioctlcmd=891d scontext=u:r:shell:s0 tcontext=u:r:shell:s0 tclass=udp_socket permissive=0
05-19 18:02:51.481 W/ifconfig( 3036): type=1400 audit(0.0:12): avc: denied { ioctl } for path="socket:[13478]" dev="sockfs" ino=13478 ioctlcmd=8970 scontext=u:r:shell:s0 tcontext=u:r:shell:s0 tclass=udp_socket permissive=0
05-19 18:02:52.938 V/KeyValueBackupJob( 2369): Scheduling k/v pass in 245 minutes
05-19 18:02:53.370 W/art     ( 2369): Long monitor contention with owner android.display (2412) at void com.android.server.wm.WindowAnimator$1.doFrame(long)(WindowAnimator.java:144) waiters=0 in void com.android.server.wm.WindowManagerService.prepareAppTransition(int, boolean) for 189ms
05-19 18:02:53.569 W/ActivityManager( 2369): Slow operation: 196ms so far, now at startProcess: building args
05-19 18:02:53.569 W/ActivityManager( 2369): Slow operation: 197ms so far, now at startProcess: asking zygote to start proc
05-19 18:02:53.674 W/ActivityManager( 2369): Slow operation: 301ms so far, now at startProcess: returned from zygote!
05-19 18:02:53.674 W/ActivityManager( 2369): Slow operation: 302ms so far, now at startProcess: done updating battery stats
05-19 18:02:53.675 W/ActivityManager( 2369): Slow operation: 303ms so far, now at startProcess: building log message
05-19 18:02:53.675 I/ActivityManager( 2369): Start proc 3077:com.android.launcher3/u0a42 for activity com.android.launcher3/.Launcher
05-19 18:02:53.675 W/ActivityManager( 2369): Slow operation: 303ms so far, now at startProcess: starting to update pids map
05-19 18:02:53.675 W/ActivityManager( 2369): Slow operation: 303ms so far, now at startProcess: done updating pids map
05-19 18:02:53.676 W/ActivityManager( 2369): Slow operation: 304ms so far, now at startProcess: done starting proc!
05-19 18:02:53.708 I/art     ( 2369): Background partial concurrent mark sweep GC freed 49333(3MB) AllocSpace objects, 15(496KB) LOS objects, 29% free, 9MB/13MB, paused 57.491ms total 2.887s
05-19 18:02:53.846 W/art     ( 3077): Unexpected CPU variant for X86 using defaults: x86_64
05-19 18:02:54.181 W/art     ( 2369): Long monitor contention with owner android.display (2412) at void com.android.server.wm.WindowAnimator$1.doFrame(long)(WindowAnimator.java:144) waiters=0 in void com.android.server.wm.WindowManagerService.setAppVisibility(android.os.IBinder, boolean) for 170ms
05-19 18:02:54.563 W/InputConnectionWrapper.ICC( 2589): Timed out waiting on IInputContextCallback
05-19 18:02:54.660 W/art     ( 2369): Long monitor contention with owner android.display (2412) at void com.android.server.wm.WindowAnimator$1.doFrame(long)(WindowAnimator.java:144) waiters=0 in void com.android.server.wm.WindowManagerService.setAppVisibility(android.os.IBinder, boolean) for 120ms
05-19 18:02:54.811 W/art     ( 2369): Long monitor contention with owner android.display (2412) at void com.android.server.wm.WindowAnimator$1.doFrame(long)(WindowAnimator.java:144) waiters=0 in void com.android.server.wm.WindowManagerService.setAppVisibility(android.os.IBinder, boolean) for 150ms
05-19 18:02:55.049 W/art     ( 2369): Long monitor contention with owner android.display (2412) at void com.android.server.wm.WindowAnimator$1.doFrame(long)(WindowAnimator.java:144) waiters=0 in void com.android.server.wm.WindowManagerService.setAppVisibility(android.os.IBinder, boolean) for 118ms
05-19 18:02:55.200 W/art     ( 2369): Long monitor contention with owner android.display (2412) at void com.android.server.wm.WindowAnimator$1.doFrame(long)(WindowAnimator.java:144) waiters=0 in void com.android.server.wm.WindowManagerService.setAppVisibility(android.os.IBinder, boolean) for 149ms
05-19 18:02:56.002 W/art     ( 2369): Long monitor contention with owner Binder:2369_5 (2682) at void com.android.server.am.ActivityManagerService.activityPaused(android.os.IBinder)(ActivityManagerService.java:6916) waiters=0 in android.content.pm.UserInfo com.android.server.am.UserController.getCurrentUser() for 4.205s
05-19 18:02:56.004 W/art     ( 2369): Long monitor contention with owner Binder:2369_5 (2682) at void com.android.server.am.ActivityManagerService.activityPaused(android.os.IBinder)(ActivityManagerService.java:6916) waiters=1 in android.content.Intent com.android.server.am.ActivityManagerService.registerReceiver(android.app.IApplicationThread, java.lang.String, android.content.IIntentReceiver, android.content.IntentFilter, java.lang.String, int) for 4.113s
05-19 18:02:56.005 W/art     ( 2369): Long monitor contention with owner Binder:2369_5 (2682) at void com.android.server.am.ActivityManagerService.activityPaused(android.os.IBinder)(ActivityManagerService.java:6916) waiters=2 in void com.android.server.am.ActivityManagerService$MainHandler.handleMessage(android.os.Message) for 4.084s
05-19 18:02:56.008 I/Choreographer( 2814): Skipped 258 frames!  The application may be doing too much work on its main thread.
05-19 18:02:56.040 W/art     ( 2369): Long monitor contention with owner Binder:2369_5 (2682) at void com.android.server.am.ActivityManagerService.activityPaused(android.os.IBinder)(ActivityManagerService.java:6916) waiters=3 in java.lang.String com.android.server.am.ActivityManagerService.checkContentProviderAccess(java.lang.String, int) for 3.758s
05-19 18:02:56.490 W/art     ( 2369): Long monitor contention with owner android.display (2412) at void com.android.server.wm.WindowAnimator$1.doFrame(long)(WindowAnimator.java:144) waiters=0 in boolean com.android.server.wm.WindowManagerService.setAppStartingWindow(android.os.IBinder, java.lang.String, int, android.content.res.CompatibilityInfo, java.lang.CharSequence, int, int, int, int, android.os.IBinder, boolean) for 181ms
05-19 18:02:56.614 W/art     ( 2369): Long monitor contention with owner android.display (2412) at void com.android.server.wm.WindowAnimator$1.doFrame(long)(WindowAnimator.java:144) waiters=0 in boolean com.android.server.wm.WindowManagerService.setAppStartingWindow(android.os.IBinder, java.lang.String, int, android.content.res.CompatibilityInfo, java.lang.CharSequence, int, int, int, int, android.os.IBinder, boolean) for 123ms
05-19 18:02:56.697 W/InputConnectionWrapper.ICC( 2589): Timed out waiting on IInputContextCallback
05-19 18:02:56.698 I/InputAttributes( 2589): InputType.TYPE_NULL is specified
05-19 18:02:56.940 W/art     ( 2369): Long monitor contention with owner android.display (2412) at void com.android.server.wm.WindowAnimator$1.doFrame(long)(WindowAnimator.java:144) waiters=0 in boolean com.android.server.wm.WindowManagerService.setAppStartingWindow(android.os.IBinder, java.lang.String, int, android.content.res.CompatibilityInfo, java.lang.CharSequence, int, int, int, int, android.os.IBinder, boolean) for 139ms
05-19 18:02:57.223 W/art     ( 2369): Long monitor contention with owner android.display (2412) at void com.android.server.wm.WindowAnimator$1.doFrame(long)(WindowAnimator.java:144) waiters=0 in boolean com.android.server.wm.WindowManagerService.setAppStartingWindow(android.os.IBinder, java.lang.String, int, android.content.res.CompatibilityInfo, java.lang.CharSequence, int, int, int, int, android.os.IBinder, boolean) for 253ms
05-19 18:02:57.971 W/ifconfig( 3118): type=1400 audit(0.0:13): avc: denied { ioctl } for path="socket:[13612]" dev="sockfs" ino=13612 ioctlcmd=8927 scontext=u:r:shell:s0 tcontext=u:r:shell:s0 tclass=udp_socket permissive=0
05-19 18:02:58.041 W/ifconfig( 3118): type=1400 audit(0.0:14): avc: denied { ioctl } for path="socket:[13612]" dev="sockfs" ino=13612 ioctlcmd=891d scontext=u:r:shell:s0 tcontext=u:r:shell:s0 tclass=udp_socket permissive=0
05-19 18:02:58.041 W/ifconfig( 3118): type=1400 audit(0.0:15): avc: denied { ioctl } for path="socket:[13612]" dev="sockfs" ino=13612 ioctlcmd=8970 scontext=u:r:shell:s0 tcontext=u:r:shell:s0 tclass=udp_socket permissive=0
05-19 18:02:58.526 W/art     ( 2369): Long monitor contention with owner android.display (2412) at void com.android.server.wm.WindowAnimator$1.doFrame(long)(WindowAnimator.java:144) waiters=0 in boolean com.android.server.wm.WindowManagerService.setAppStartingWindow(android.os.IBinder, java.lang.String, int, android.content.res.CompatibilityInfo, java.lang.CharSequence, int, int, int, int, android.os.IBinder, boolean) for 115ms
05-19 18:02:58.809 I/LatinIME( 2589): Timeout waiting for dictionary load
05-19 18:02:59.219 W/art     ( 2369): Long monitor contention with owner Binder:2369_5 (2682) at void com.android.server.am.ActivityManagerService.activityPaused(android.os.IBinder)(ActivityManagerService.java:6916) waiters=5 in java.lang.String com.android.server.am.ActivityManagerService.checkContentProviderAccess(java.lang.String, int) for 6.653s
05-19 18:02:59.235 W/art     ( 2369): Long monitor contention with owner Binder:2369_5 (2682) at void com.android.server.am.ActivityManagerService.activityPaused(android.os.IBinder)(ActivityManagerService.java:6916) waiters=7 in void com.android.server.am.ActivityManagerService.dispatchUidsChanged() for 6.484s
05-19 18:02:59.244 W/art     ( 2369): Long monitor contention with owner Binder:2369_5 (2682) at void com.android.server.am.ActivityManagerService.activityPaused(android.os.IBinder)(ActivityManagerService.java:6916) waiters=8 in boolean com.android.server.am.ActivityManagerService.isUserRunning(int, int) for 6.329s
05-19 18:02:59.254 W/art     ( 2369): Long monitor contention with owner Binder:2369_5 (2682) at void com.android.server.am.ActivityManagerService.activityPaused(android.os.IBinder)(ActivityManagerService.java:6916) waiters=10 in void com.android.server.am.ActivityManagerService.attachApplication(android.app.IApplicationThread) for 5.231s
05-19 18:02:59.297 W/art     ( 2369): Long monitor contention with owner Binder:2369_5 (2682) at void com.android.server.am.ActivityManagerService.activityPaused(android.os.IBinder)(ActivityManagerService.java:6916) waiters=4 in boolean com.android.server.am.ActivityManagerService.isUserRunning(int, int) for 6.775s
05-19 18:02:59.314 W/art     ( 2369): Long monitor contention with owner Binder:2369_5 (2682) at void com.android.server.am.ActivityManagerService.activityPaused(android.os.IBinder)(ActivityManagerService.java:6916) waiters=6 in boolean com.android.server.am.ActivityManagerService.isUserRunning(int, int) for 6.579s
05-19 18:02:59.422 W/art     ( 2369): Long monitor contention with owner Binder:2369_5 (2682) at void com.android.server.am.ActivityManagerService.activityPaused(android.os.IBinder)(ActivityManagerService.java:6916) waiters=9 in int com.android.server.am.ActivityManagerService.getAppStartMode(int, java.lang.String) for 6.414s
05-19 18:02:59.439 I/InputConnectionWrapper.ICC( 2589): Got out-of-sequence callback 2 (expected 3) in setSelectedText, ignoring.
05-19 18:03:01.032 W/art     ( 2369): Long monitor contention with owner ActivityManager (2401) at void com.android.server.am.ActivityStackSupervisor$ActivityStackSupervisorHandler.handleMessage(android.os.Message)(ActivityStackSupervisor.java:3910) waiters=7 in java.lang.String com.android.server.am.ActivityManagerService.checkContentProviderAccess(java.lang.String, int) for 4.991s
05-19 18:03:01.033 W/art     ( 2369): Long monitor contention with owner ActivityManager (2401) at void com.android.server.am.ActivityStackSupervisor$ActivityStackSupervisorHandler.handleMessage(android.os.Message)(ActivityStackSupervisor.java:3910) waiters=8 in android.content.Intent com.android.server.am.ActivityManagerService.registerReceiver(android.app.IApplicationThread, java.lang.String, android.content.IIntentReceiver, android.content.IntentFilter, java.lang.String, int) for 4.943s
05-19 18:03:01.037 W/art     ( 2369): Long monitor contention with owner ActivityManager (2401) at void com.android.server.am.ActivityStackSupervisor$ActivityStackSupervisorHandler.handleMessage(android.os.Message)(ActivityStackSupervisor.java:3910) waiters=9 in java.lang.String com.android.server.am.ActivityManagerService.checkContentProviderAccess(java.lang.String, int) for 4.915s
05-19 18:03:01.047 W/art     ( 2369): Long monitor contention with owner Binder:2369_7 (2965) at void com.android.server.am.ActivityManagerService.attachApplication(android.app.IApplicationThread)(ActivityManagerService.java:6669) waiters=6 in void com.android.server.am.ActivityManagerService.dispatchUidsChanged() for 1.766s
05-19 18:03:01.051 W/art     ( 2369): Long monitor contention with owner Binder:2369_7 (2965) at void com.android.server.am.ActivityManagerService.attachApplication(android.app.IApplicationThread)(ActivityManagerService.java:6669) waiters=9 in int com.android.server.am.ActivityManagerService.broadcastIntent(android.app.IApplicationThread, android.content.Intent, java.lang.String, android.content.IIntentReceiver, int, java.lang.String, android.os.Bundle, java.lang.String[], int, android.os.Bundle, boolean, boolean, int) for 1.436s
05-19 18:03:01.052 W/art     ( 2369): Long monitor contention with owner Binder:2369_7 (2965) at void com.android.server.am.ActivityManagerService.attachApplication(android.app.IApplicationThread)(ActivityManagerService.java:6669) waiters=7 in void com.android.server.am.ActivityManagerService$MainHandler.handleMessage(android.os.Message) for 1.771s
05-19 18:03:01.077 W/art     ( 2369): Long monitor contention with owner Binder:2369_7 (2965) at void com.android.server.am.ActivityManagerService.attachApplication(android.app.IApplicationThread)(ActivityManagerService.java:6669) waiters=8 in android.content.Intent com.android.server.am.ActivityManagerService.registerReceiver(android.app.IApplicationThread, java.lang.String, android.content.IIntentReceiver, android.content.IntentFilter, java.lang.String, int) for 1.477s
05-19 18:03:01.087 W/art     ( 2369): Long monitor contention with owner Binder:2369_7 (2965) at void com.android.server.am.ActivityManagerService.attachApplication(android.app.IApplicationThread)(ActivityManagerService.java:6669) waiters=10 in int com.android.server.am.PendingIntentRecord.sendInner(int, android.content.Intent, java.lang.String, android.content.IIntentReceiver, java.lang.String, android.os.IBinder, java.lang.String, int, int, int, android.os.Bundle, android.app.IActivityContainer) for 1.076s
05-19 18:03:01.173 W/art     ( 2369): Long monitor contention with owner Binder:2369_7 (2965) at void com.android.server.am.ActivityManagerService.attachApplication(android.app.IApplicationThread)(ActivityManagerService.java:6669) waiters=7 in boolean com.android.server.am.ActivityManagerService.isUserRunning(int, int) for 1.859s
05-19 18:03:01.245 I/StatusBarManagerService( 2369): registerStatusBar bar=com.android.internal.statusbar.IStatusBar$Stub$Proxy@30a2c5d
05-19 18:03:01.303 W/art     ( 2369): Long monitor contention with owner Binder:2369_7 (2965) at void com.android.server.am.ActivityManagerService.attachApplication(android.app.IApplicationThread)(ActivityManagerService.java:6669) waiters=7 in int com.android.server.am.ActivityManagerService.getAppStartMode(int, java.lang.String) for 1.634s
05-19 18:03:01.529 I/AlarmClock( 2949): AlarmInitReceiver android.intent.action.TIME_SET
05-19 18:03:01.710 W/ActivityManager( 2369): Launch timeout has expired, giving up wake lock!
05-19 18:03:01.850 W/System  ( 3077): ClassLoader referenced unknown path: /system/app/Launcher3/lib/x86_64
05-19 18:03:02.273 I/Choreographer( 2369): Skipped 52 frames!  The application may be doing too much work on its main thread.
05-19 18:03:02.550 D/LauncherProvider( 3077): Launcher process started
05-19 18:03:02.558 W/art     ( 2369): Long monitor contention with owner backup (3027) at boolean android.os.MessageQueue.enqueueMessage(android.os.Message, long)(MessageQueue.java:541) waiters=0 in android.os.Message android.os.MessageQueue.next() for 837ms
05-19 18:03:02.878 W/art     ( 2369): Long monitor contention with owner Binder:2369_7 (2965) at void com.android.server.am.ActivityManagerService.attachApplication(android.app.IApplicationThread)(ActivityManagerService.java:6669) waiters=7 in boolean com.android.server.am.ActivityManagerService.isUserRunning(int, int) for 1.861s
05-19 18:03:03.183 W/ActivityManager( 2369): Slow operation: 162ms so far, now at startProcess: returned from zygote!
05-19 18:03:03.183 W/ActivityManager( 2369): Slow operation: 162ms so far, now at startProcess: done updating battery stats
05-19 18:03:03.184 W/ActivityManager( 2369): Slow operation: 163ms so far, now at startProcess: building log message
05-19 18:03:03.184 I/ActivityManager( 2369): Start proc 3124:com.android.keychain/1000 for service com.android.keychain/.KeyChainService
05-19 18:03:03.184 W/ActivityManager( 2369): Slow operation: 163ms so far, now at startProcess: starting to update pids map
05-19 18:03:03.184 W/ActivityManager( 2369): Slow operation: 163ms so far, now at startProcess: done updating pids map
05-19 18:03:03.185 W/ActivityManager( 2369): Slow operation: 164ms so far, now at startProcess: done starting proc!
05-19 18:03:03.304 W/art     ( 3124): Unexpected CPU variant for X86 using defaults: x86_64
05-19 18:03:03.713 W/System  ( 3124): ClassLoader referenced unknown path: /system/app/KeyChain/lib/x86_64
05-19 18:03:05.330 I/art     ( 2968): Background sticky concurrent mark sweep GC freed 16852(2MB) AllocSpace objects, 2(40KB) LOS objects, 28% free, 7MB/10MB, paused 2.395ms total 337.552ms
05-19 18:03:06.268 I/Choreographer( 2369): Skipped 222 frames!  The application may be doing too much work on its main thread.
05-19 18:03:06.270 W/art     ( 2369): Long monitor contention with owner android.display (2412) at void com.android.server.wm.WindowAnimator$1.doFrame(long)(WindowAnimator.java:144) waiters=0 in float com.android.server.wm.WindowManagerService.getCurrentAnimatorScale() for 3.579s
05-19 18:03:06.517 W/System  ( 2968): ClassLoader referenced unknown path: 
05-19 18:03:06.518 W/System  ( 2968): ClassLoader referenced unknown path: /system/priv-app/Dialer/lib/x86_64
05-19 18:03:06.522 D/ApplicationLoaders( 2968): ignored Vulkan layer search path /system/priv-app/Dialer/lib/x86_64:/system/lib64:/vendor/lib64 for namespace 0x79f3e3cd00f0
05-19 18:03:06.648 I/BackupManagerService( 2369): Found stale backup journal, scheduling
05-19 18:03:06.998 D/WIFI    ( 2369): Registering NetworkFactory
05-19 18:03:07.009 D/ConnectivityService( 2369): Got NetworkFactory Messenger for WIFI
05-19 18:03:07.011 D/WIFI_UT ( 2369): Registering NetworkFactory
05-19 18:03:07.011 D/ConnectivityService( 2369): Got NetworkFactory Messenger for WIFI_UT
05-19 18:03:07.014 D/WIFI    ( 2369): got request NetworkRequest [ REQUEST id=1, [ Capabilities: INTERNET&NOT_RESTRICTED&TRUSTED&NOT_VPN] ] with score 0
05-19 18:03:07.014 D/WIFI_UT ( 2369): got request NetworkRequest [ REQUEST id=1, [ Capabilities: INTERNET&NOT_RESTRICTED&TRUSTED&NOT_VPN] ] with score 0
05-19 18:03:07.030 I/AlarmClock( 2949): AlarmInitReceiver android.intent.action.LOCKED_BOOT_COMPLETED
05-19 18:03:07.168 E/BluetoothAdapter( 2968): Bluetooth binder is null
05-19 18:03:07.290 I/CameraManagerGlobal( 2968): Connecting to camera service
05-19 18:03:07.363 V/EmulatedCamera_Camera( 1328): getCameraInfo
05-19 18:03:07.364 V/EmulatedCamera_BaseCamera( 1328): getCameraInfo
05-19 18:03:07.365 I/CameraService( 1328): getCameraCharacteristics: Switching to HAL1 shim implementation...
05-19 18:03:07.365 V/EmulatedCamera_Camera( 1328): getCameraInfo
05-19 18:03:07.365 V/EmulatedCamera_BaseCamera( 1328): getCameraInfo
05-19 18:03:07.379 I/CameraService( 1328): CameraService::connect call (PID -1 "cameraserver", camera ID 0) for HAL version default and Camera API version 1
05-19 18:03:07.383 E/CameraService( 1328): getCameraPriorityFromProcState: Received invalid process state -1 from ActivityManagerService!
05-19 18:03:07.384 V/EmulatedCamera_Camera( 1328): getCameraInfo
05-19 18:03:07.384 V/EmulatedCamera_BaseCamera( 1328): getCameraInfo
05-19 18:03:07.513 V/AlarmClock( 2949): AlarmInitReceiver finished
05-19 18:03:07.719 E/WVMExtractor( 1335): Failed to open libwvm.so: dlopen failed: library "libwvm.so" not found
05-19 18:03:07.926 D/NuPlayerDriver( 1335): notifyListener_l(0xf5e28e40), (1, 0, 0), loop setting(0, 0)
05-19 18:03:08.032 D/NuPlayerDriver( 1335): notifyListener_l(0xf5e28f60), (1, 0, 0), loop setting(0, 0)
05-19 18:03:08.081 W/ActivityManager( 2369): Slow operation: 102ms so far, now at startProcess: returned from zygote!
05-19 18:03:08.082 W/ActivityManager( 2369): Slow operation: 102ms so far, now at startProcess: done updating battery stats
05-19 18:03:08.082 W/ActivityManager( 2369): Slow operation: 103ms so far, now at startProcess: building log message
05-19 18:03:08.082 I/ActivityManager( 2369): Start proc 3152:com.android.printspooler/u0a51 for service com.android.printspooler/.model.PrintSpoolerService
05-19 18:03:08.082 W/ActivityManager( 2369): Slow operation: 103ms so far, now at startProcess: starting to update pids map
05-19 18:03:08.082 W/ActivityManager( 2369): Slow operation: 103ms so far, now at startProcess: done updating pids map
05-19 18:03:08.082 W/ActivityManager( 2369): Slow operation: 104ms so far, now at startProcess: done starting proc!
05-19 18:03:08.124 D/NuPlayerDriver( 1335): notifyListener_l(0xf5e28fc0), (1, 0, 0), loop setting(0, 0)
05-19 18:03:08.143 W/art     ( 3152): Unexpected CPU variant for X86 using defaults: x86_64
05-19 18:03:08.166 I/CameraFlashlight( 1328): Opening camera 0
05-19 18:03:08.166 V/EmulatedCamera_Camera( 1328): getCameraInfo
05-19 18:03:08.166 V/EmulatedCamera_BaseCamera( 1328): getCameraInfo
05-19 18:03:08.166 V/EmulatedCamera_Camera( 1328): connectCamera
05-19 18:03:08.166 V/EmulatedCamera_FakeDevice( 1328): connectDevice
05-19 18:03:08.196 V/EmulatedCamera_CallbackNotifier( 1328): setCallbacks: 0xec413e80, 0xec413ed0, 0xec413ff0, 0xec414110 (0xeb69d1e0)
05-19 18:03:08.196 V/EmulatedCamera_CallbackNotifier( 1328): enableMessage: msg_type = 0xc0d
05-19 18:03:08.196 V/EmulatedCamera_CallbackNotifier( 1328):     CAMERA_MSG_ERROR
05-19 18:03:08.196 V/EmulatedCamera_CallbackNotifier( 1328):     CAMERA_MSG_FOCUS
05-19 18:03:08.196 V/EmulatedCamera_CallbackNotifier( 1328):     CAMERA_MSG_ZOOM
05-19 18:03:08.196 V/EmulatedCamera_CallbackNotifier( 1328):     CAMERA_MSG_PREVIEW_METADATA
05-19 18:03:08.196 V/EmulatedCamera_CallbackNotifier( 1328): **** Currently enabled messages:
05-19 18:03:08.196 V/EmulatedCamera_CallbackNotifier( 1328):     CAMERA_MSG_ERROR
05-19 18:03:08.196 V/EmulatedCamera_CallbackNotifier( 1328):     CAMERA_MSG_FOCUS
05-19 18:03:08.196 V/EmulatedCamera_CallbackNotifier( 1328):     CAMERA_MSG_ZOOM
05-19 18:03:08.196 V/EmulatedCamera_CallbackNotifier( 1328):     CAMERA_MSG_PREVIEW_METADATA
05-19 18:03:08.231 V/EmulatedCamera_CallbackNotifier( 1328): disableMessage: msg_type = 0xffff
05-19 18:03:08.231 V/EmulatedCamera_CallbackNotifier( 1328):     CAMERA_MSG_ERROR
05-19 18:03:08.231 V/EmulatedCamera_CallbackNotifier( 1328):     CAMERA_MSG_SHUTTER
05-19 18:03:08.231 V/EmulatedCamera_CallbackNotifier( 1328):     CAMERA_MSG_FOCUS
05-19 18:03:08.231 V/EmulatedCamera_CallbackNotifier( 1328):     CAMERA_MSG_ZOOM
05-19 18:03:08.231 V/EmulatedCamera_CallbackNotifier( 1328):     CAMERA_MSG_PREVIEW_FRAME
05-19 18:03:08.231 V/EmulatedCamera_CallbackNotifier( 1328):     CAMERA_MSG_VIDEO_FRAME
05-19 18:03:08.231 V/EmulatedCamera_CallbackNotifier( 1328):     CAMERA_MSG_POSTVIEW_FRAME
05-19 18:03:08.231 V/EmulatedCamera_CallbackNotifier( 1328):     CAMERA_MSG_RAW_IMAGE
05-19 18:03:08.232 V/EmulatedCamera_CallbackNotifier( 1328):     CAMERA_MSG_COMPRESSED_IMAGE
05-19 18:03:08.232 V/EmulatedCamera_CallbackNotifier( 1328):     CAMERA_MSG_RAW_IMAGE_NOTIFY
05-19 18:03:08.232 V/EmulatedCamera_CallbackNotifier( 1328):     CAMERA_MSG_PREVIEW_METADATA
05-19 18:03:08.232 V/EmulatedCamera_CallbackNotifier( 1328): **** Currently enabled messages:
05-19 18:03:08.232 V/EmulatedCamera_Preview( 1328): setPreviewWindow: current: 0x0 -> new: 0x0
05-19 18:03:08.232 V/EmulatedCamera_Camera( 1328): doStopPreview
05-19 18:03:08.248 V/EmulatedCamera_Camera( 1328): cancelPicture
05-19 18:03:08.248 V/EmulatedCamera_Camera( 1328): releaseCamera
05-19 18:03:08.248 V/EmulatedCamera_Camera( 1328): doStopPreview
05-19 18:03:08.248 V/EmulatedCamera_FakeDevice( 1328): disconnectDevice
05-19 18:03:08.248 W/EmulatedCamera_Device( 1328): Initialize: Emulated camera device is already initialized: mState = 1
05-19 18:03:08.249 D/EmulatedCamera_FakeCamera( 1328): Initialize: Fake camera is facing back
05-19 18:03:08.250 V/EmulatedCamera_Device( 1328): initializeWhiteBalanceModes with auto, 1.000000, 1.000000
05-19 18:03:08.251 V/EmulatedCamera_Device( 1328): initializeWhiteBalanceModes with incandescent, 1.380000, 0.600000
05-19 18:03:08.251 V/EmulatedCamera_Device( 1328): initializeWhiteBalanceModes with daylight, 1.090000, 0.920000
05-19 18:03:08.251 V/EmulatedCamera_Device( 1328): initializeWhiteBalanceModes with twilight, 0.920000, 1.220000
05-19 18:03:08.251 V/EmulatedCamera_Device( 1328): setWhiteBalanceMode with white balance auto
05-19 18:03:08.251 I/CameraFlashlight( 1328): Destroying camera 0
05-19 18:03:08.252 V/EmulatedCamera_Camera( 1328): closeCamera
05-19 18:03:08.252 V/EmulatedCamera_Camera( 1328): doStopPreview
05-19 18:03:08.252 W/EmulatedCamera_Device( 1328): Initialize: Emulated camera device is already initialized: mState = 1
05-19 18:03:08.252 D/EmulatedCamera_FakeCamera( 1328): Initialize: Fake camera is facing back
05-19 18:03:08.315 V/EmulatedCamera_Device( 1328): initializeWhiteBalanceModes with auto, 1.000000, 1.000000
05-19 18:03:08.315 V/EmulatedCamera_Device( 1328): initializeWhiteBalanceModes with incandescent, 1.380000, 0.600000
05-19 18:03:08.315 V/EmulatedCamera_Device( 1328): initializeWhiteBalanceModes with daylight, 1.090000, 0.920000
05-19 18:03:08.315 V/EmulatedCamera_Device( 1328): initializeWhiteBalanceModes with twilight, 0.920000, 1.220000
05-19 18:03:08.315 V/EmulatedCamera_Device( 1328): setWhiteBalanceMode with white balance auto
05-19 18:03:08.334 I/CameraService( 1328): disconnect: Disconnected client for camera 0 for PID 1328
05-19 18:03:08.335 D/NuPlayerDriver( 1335): reset(0xf5e28e40) at state 4
05-19 18:03:08.335 D/NuPlayerDriver( 1335): notifyListener_l(0xf5e28e40), (8, 0, 0), loop setting(0, 0)
05-19 18:03:08.348 D/NuPlayerDriver( 1335): notifyResetComplete(0xf5e28e40)
05-19 18:03:08.386 D/NuPlayerDriver( 1335): reset(0xf5e28f60) at state 4
05-19 18:03:08.387 D/NuPlayerDriver( 1335): notifyListener_l(0xf5e28f60), (8, 0, 0), loop setting(0, 0)
05-19 18:03:08.417 D/NuPlayerDriver( 1335): notifyResetComplete(0xf5e28f60)
05-19 18:03:08.427 D/NuPlayerDriver( 1335): reset(0xf5e28fc0) at state 4
05-19 18:03:08.438 D/NuPlayerDriver( 1335): notifyListener_l(0xf5e28fc0), (8, 0, 0), loop setting(0, 0)
05-19 18:03:08.439 D/NuPlayerDriver( 1335): notifyResetComplete(0xf5e28fc0)
05-19 18:03:08.455 V/EmulatedCamera_Camera( 1328): getCameraInfo
05-19 18:03:08.455 V/EmulatedCamera_BaseCamera( 1328): getCameraInfo
05-19 18:03:08.490 V/EmulatedCamera_Camera( 1328): getCameraInfo
05-19 18:03:08.490 V/EmulatedCamera_BaseCamera( 1328): getCameraInfo
05-19 18:03:08.663 I/StatusBar( 2968): isKeyguardShowing() called before startKeyguard(), returning true
05-19 18:03:08.665 W/StatusBar( 2968): isKeyguardSecure() called before startKeyguard(), returning false
05-19 18:03:08.665 W/StatusBar( 2968): java.lang.Throwable
05-19 18:03:08.665 W/StatusBar( 2968): 	at com.android.systemui.statusbar.BaseStatusBar.isKeyguardSecure(BaseStatusBar.java:2647)
05-19 18:03:08.665 W/StatusBar( 2968): 	at com.android.systemui.statusbar.BaseStatusBar.isCameraAllowedByAdmin(BaseStatusBar.java:2670)
05-19 18:03:08.665 W/StatusBar( 2968): 	at com.android.systemui.statusbar.phone.KeyguardBottomAreaView.updateCameraVisibility(KeyguardBottomAreaView.java:309)
05-19 18:03:08.665 W/StatusBar( 2968): 	at com.android.systemui.statusbar.phone.KeyguardBottomAreaView.setPhoneStatusBar(KeyguardBottomAreaView.java:272)
05-19 18:03:08.665 W/StatusBar( 2968): 	at com.android.systemui.statusbar.phone.PhoneStatusBar.makeStatusBarView(PhoneStatusBar.java:904)
05-19 18:03:08.665 W/StatusBar( 2968): 	at com.android.systemui.statusbar.phone.PhoneStatusBar.addStatusBarWindow(PhoneStatusBar.java:3432)
05-19 18:03:08.665 W/StatusBar( 2968): 	at com.android.systemui.statusbar.phone.PhoneStatusBar.createAndAddWindows(PhoneStatusBar.java:3428)
05-19 18:03:08.665 W/StatusBar( 2968): 	at com.android.systemui.statusbar.BaseStatusBar.start(BaseStatusBar.java:765)
05-19 18:03:08.665 W/StatusBar( 2968): 	at com.android.systemui.statusbar.phone.PhoneStatusBar.start(PhoneStatusBar.java:686)
05-19 18:03:08.665 W/StatusBar( 2968): 	at com.android.systemui.statusbar.SystemBars.createStatusBarFromConfig(SystemBars.java:106)
05-19 18:03:08.665 W/StatusBar( 2968): 	at com.android.systemui.statusbar.SystemBars.onNoService(SystemBars.java:58)
05-19 18:03:08.665 W/StatusBar( 2968): 	at com.android.systemui.statusbar.ServiceMonitor.startService(ServiceMonitor.java:230)
05-19 18:03:08.665 W/StatusBar( 2968): 	at com.android.systemui.statusbar.ServiceMonitor.-wrap5(ServiceMonitor.java)
05-19 18:03:08.665 W/StatusBar( 2968): 	at com.android.systemui.statusbar.ServiceMonitor$1.handleMessage(ServiceMonitor.java:73)
05-19 18:03:08.665 W/StatusBar( 2968): 	at android.os.Handler.dispatchMessage(Handler.java:102)
05-19 18:03:08.665 W/StatusBar( 2968): 	at android.os.Looper.loop(Looper.java:154)
05-19 18:03:08.665 W/StatusBar( 2968): 	at android.app.ActivityThread.main(ActivityThread.java:6119)
05-19 18:03:08.665 W/StatusBar( 2968): 	at java.lang.reflect.Method.invoke(Native Method)
05-19 18:03:08.665 W/StatusBar( 2968): 	at com.android.internal.os.ZygoteInit$MethodAndArgsCaller.run(ZygoteInit.java:886)
05-19 18:03:08.665 W/StatusBar( 2968): 	at com.android.internal.os.ZygoteInit.main(ZygoteInit.java:776)
05-19 18:03:08.672 I/StatusBar( 2968): isKeyguardShowing() called before startKeyguard(), returning true
05-19 18:03:08.673 W/StatusBar( 2968): isKeyguardSecure() called before startKeyguard(), returning false
05-19 18:03:08.673 W/StatusBar( 2968): java.lang.Throwable
05-19 18:03:08.673 W/StatusBar( 2968): 	at com.android.systemui.statusbar.BaseStatusBar.isKeyguardSecure(BaseStatusBar.java:2647)
05-19 18:03:08.673 W/StatusBar( 2968): 	at com.android.systemui.statusbar.BaseStatusBar.isCameraAllowedByAdmin(BaseStatusBar.java:2670)
05-19 18:03:08.673 W/StatusBar( 2968): 	at com.android.systemui.statusbar.phone.KeyguardBottomAreaView.updateCameraVisibility(KeyguardBottomAreaView.java:309)
05-19 18:03:08.673 W/StatusBar( 2968): 	at com.android.systemui.statusbar.phone.KeyguardBottomAreaView.setUserSetupComplete(KeyguardBottomAreaView.java:281)
05-19 18:03:08.673 W/StatusBar( 2968): 	at com.android.systemui.statusbar.phone.PhoneStatusBar.makeStatusBarView(PhoneStatusBar.java:905)
05-19 18:03:08.673 W/StatusBar( 2968): 	at com.android.systemui.statusbar.phone.PhoneStatusBar.addStatusBarWindow(PhoneStatusBar.java:3432)
05-19 18:03:08.673 W/StatusBar( 2968): 	at com.android.systemui.statusbar.phone.PhoneStatusBar.createAndAddWindows(PhoneStatusBar.java:3428)
05-19 18:03:08.673 W/StatusBar( 2968): 	at com.android.systemui.statusbar.BaseStatusBar.start(BaseStatusBar.java:765)
05-19 18:03:08.673 W/StatusBar( 2968): 	at com.android.systemui.statusbar.phone.PhoneStatusBar.start(PhoneStatusBar.java:686)
05-19 18:03:08.673 W/StatusBar( 2968): 	at com.android.systemui.statusbar.SystemBars.createStatusBarFromConfig(SystemBars.java:106)
05-19 18:03:08.673 W/StatusBar( 2968): 	at com.android.systemui.statusbar.SystemBars.onNoService(SystemBars.java:58)
05-19 18:03:08.673 W/StatusBar( 2968): 	at com.android.systemui.statusbar.ServiceMonitor.startService(ServiceMonitor.java:230)
05-19 18:03:08.673 W/StatusBar( 2968): 	at com.android.systemui.statusbar.ServiceMonitor.-wrap5(ServiceMonitor.java)
05-19 18:03:08.673 W/StatusBar( 2968): 	at com.android.systemui.statusbar.ServiceMonitor$1.handleMessage(ServiceMonitor.java:73)
05-19 18:03:08.673 W/StatusBar( 2968): 	at android.os.Handler.dispatchMessage(Handler.java:102)
05-19 18:03:08.673 W/StatusBar( 2968): 	at android.os.Looper.loop(Looper.java:154)
05-19 18:03:08.673 W/StatusBar( 2968): 	at android.app.ActivityThread.main(ActivityThread.java:6119)
05-19 18:03:08.673 W/StatusBar( 2968): 	at java.lang.reflect.Method.invoke(Native Method)
05-19 18:03:08.673 W/StatusBar( 2968): 	at com.android.internal.os.ZygoteInit$MethodAndArgsCaller.run(ZygoteInit.java:886)
05-19 18:03:08.673 W/StatusBar( 2968): 	at com.android.internal.os.ZygoteInit.main(ZygoteInit.java:776)
05-19 18:03:09.063 V/EmulatedCamera_Camera( 1328): getCameraInfo
05-19 18:03:09.063 V/EmulatedCamera_BaseCamera( 1328): getCameraInfo
05-19 18:03:09.065 V/EmulatedCamera_Camera( 1328): getCameraInfo
05-19 18:03:09.065 V/EmulatedCamera_BaseCamera( 1328): getCameraInfo
05-19 18:03:09.478 D/AlarmClock/Events( 2949): [Stopwatch] [Reset] [Reboot]
05-19 18:03:09.551 I/StatusBar( 2968): isKeyguardShowing() called before startKeyguard(), returning true
05-19 18:03:09.558 W/StatusBar( 2968): isKeyguardSecure() called before startKeyguard(), returning false
05-19 18:03:09.558 W/StatusBar( 2968): java.lang.Throwable
05-19 18:03:09.558 W/StatusBar( 2968): 	at com.android.systemui.statusbar.BaseStatusBar.isKeyguardSecure(BaseStatusBar.java:2647)
05-19 18:03:09.558 W/StatusBar( 2968): 	at com.android.systemui.statusbar.BaseStatusBar.isCameraAllowedByAdmin(BaseStatusBar.java:2670)
05-19 18:03:09.558 W/StatusBar( 2968): 	at com.android.systemui.statusbar.phone.KeyguardBottomAreaView.updateCameraVisibility(KeyguardBottomAreaView.java:309)
05-19 18:03:09.558 W/StatusBar( 2968): 	at com.android.systemui.statusbar.phone.KeyguardBottomAreaView.setUserSetupComplete(KeyguardBottomAreaView.java:281)
05-19 18:03:09.558 W/StatusBar( 2968): 	at com.android.systemui.statusbar.phone.PhoneStatusBar$1.onChange(PhoneStatusBar.java:441)
05-19 18:03:09.558 W/StatusBar( 2968): 	at com.android.systemui.statusbar.phone.PhoneStatusBar.resetUserSetupObserver(PhoneStatusBar.java:3676)
05-19 18:03:09.558 W/StatusBar( 2968): 	at com.android.systemui.statusbar.phone.PhoneStatusBar.makeStatusBarView(PhoneStatusBar.java:1008)
05-19 18:03:09.558 W/StatusBar( 2968): 	at com.android.systemui.statusbar.phone.PhoneStatusBar.addStatusBarWindow(PhoneStatusBar.java:3432)
05-19 18:03:09.558 W/StatusBar( 2968): 	at com.android.systemui.statusbar.phone.PhoneStatusBar.createAndAddWindows(PhoneStatusBar.java:3428)
05-19 18:03:09.558 W/StatusBar( 2968): 	at com.android.systemui.statusbar.BaseStatusBar.start(BaseStatusBar.java:765)
05-19 18:03:09.558 W/StatusBar( 2968): 	at com.android.systemui.statusbar.phone.PhoneStatusBar.start(PhoneStatusBar.java:686)
05-19 18:03:09.558 W/StatusBar( 2968): 	at com.android.systemui.statusbar.SystemBars.createStatusBarFromConfig(SystemBars.java:106)
05-19 18:03:09.558 W/StatusBar( 2968): 	at com.android.systemui.statusbar.SystemBars.onNoService(SystemBars.java:58)
05-19 18:03:09.558 W/StatusBar( 2968): 	at com.android.systemui.statusbar.ServiceMonitor.startService(ServiceMonitor.java:230)
05-19 18:03:09.558 W/StatusBar( 2968): 	at com.android.systemui.statusbar.ServiceMonitor.-wrap5(ServiceMonitor.java)
05-19 18:03:09.558 W/StatusBar( 2968): 	at com.android.systemui.statusbar.ServiceMonitor$1.handleMessage(ServiceMonitor.java:73)
05-19 18:03:09.558 W/StatusBar( 2968): 	at android.os.Handler.dispatchMessage(Handler.java:102)
05-19 18:03:09.558 W/StatusBar( 2968): 	at android.os.Looper.loop(Looper.java:154)
05-19 18:03:09.558 W/StatusBar( 2968): 	at android.app.ActivityThread.main(ActivityThread.java:6119)
05-19 18:03:09.558 W/StatusBar( 2968): 	at java.lang.reflect.Method.invoke(Native Method)
05-19 18:03:09.558 W/StatusBar( 2968): 	at com.android.internal.os.ZygoteInit$MethodAndArgsCaller.run(ZygoteInit.java:886)
05-19 18:03:09.558 W/StatusBar( 2968): 	at com.android.internal.os.ZygoteInit.main(ZygoteInit.java:776)
05-19 18:03:09.592 E/SurfaceFlinger( 1321): ro.sf.lcd_density must be defined as a build property
05-19 18:03:09.598 D/OpenGLRenderer( 2968): profile bars disabled
05-19 18:03:09.600 D/OpenGLRenderer( 2968): ambientRatio = 1.50
05-19 18:03:09.666 W/art     ( 2369): Long monitor contention with owner android.bg (2400) at boolean android.os.MessageQueue.enqueueMessage(android.os.Message, long)(MessageQueue.java:541) waiters=0 in android.os.Message android.os.MessageQueue.next() for 449ms
05-19 18:03:09.759 I/Choreographer( 2369): Skipped 209 frames!  The application may be doing too much work on its main thread.
05-19 18:03:09.762 W/art     ( 2369): Long monitor contention with owner android.display (2412) at void com.android.server.wm.WindowAnimator$1.doFrame(long)(WindowAnimator.java:144) waiters=1 in void com.android.server.wm.WindowManagerService.monitor() for 4.879s
05-19 18:03:09.804 V/AlarmClock( 2949): AlarmInitReceiver finished
05-19 18:03:10.028 W/ActivityManager( 2369): Slow operation: 229ms so far, now at startProcess: returned from zygote!
05-19 18:03:10.029 W/ActivityManager( 2369): Slow operation: 229ms so far, now at startProcess: done updating battery stats
05-19 18:03:10.029 W/ActivityManager( 2369): Slow operation: 230ms so far, now at startProcess: building log message
05-19 18:03:10.035 I/ActivityManager( 2369): Start proc 3170:android.process.media/u0a10 for broadcast com.android.providers.downloads/.DownloadReceiver
05-19 18:03:10.035 W/ActivityManager( 2369): Slow operation: 236ms so far, now at startProcess: starting to update pids map
05-19 18:03:10.035 W/ActivityManager( 2369): Slow operation: 236ms so far, now at startProcess: done updating pids map
05-19 18:03:10.035 W/ActivityManager( 2369): Slow operation: 236ms so far, now at startProcess: done starting proc!
05-19 18:03:10.036 W/art     ( 2369): Long monitor contention with owner Binder:2369_7 (2965) at void com.android.server.am.BroadcastQueue.processNextBroadcast(boolean)(BroadcastQueue.java:760) waiters=0 in void com.android.server.am.ActivityManagerService.dispatchUidsChanged() for 188ms
05-19 18:03:10.099 W/art     ( 2369): Long monitor contention with owner Binder:2369_7 (2965) at void com.android.server.am.BroadcastQueue.processNextBroadcast(boolean)(BroadcastQueue.java:760) waiters=3 in int[] com.android.server.am.ActivityManagerService.getRunningUserIds() for 117ms
05-19 18:03:10.439 W/art     ( 3170): Unexpected CPU variant for X86 using defaults: x86_64
05-19 18:03:10.615 W/System  ( 3170): ClassLoader referenced unknown path: /system/priv-app/DownloadProvider/lib/x86_64
05-19 18:03:10.697 W/art     ( 2369): Long monitor contention with owner android.bg (2400) at void com.android.server.power.PowerManagerService.releaseWakeLockInternal(android.os.IBinder, int)(PowerManagerService.java:937) waiters=0 in void com.android.server.power.PowerManagerService.updateUidProcStateInternal(int, int) for 171ms
05-19 18:03:12.219 W/art     ( 2369): Long monitor contention with owner android.display (2412) at void com.android.server.wm.WindowAnimator$1.doFrame(long)(WindowAnimator.java:144) waiters=1 in float com.android.server.wm.WindowManagerService.getCurrentAnimatorScale() for 5.949s
05-19 18:03:12.220 W/art     ( 2369): Long monitor contention with owner android.display (2412) at void com.android.server.wm.WindowAnimator$1.doFrame(long)(WindowAnimator.java:144) waiters=2 in int com.android.server.wm.WindowManagerService.addWindow(com.android.server.wm.Session, android.view.IWindow, int, android.view.WindowManager$LayoutParams, int, int, android.graphics.Rect, android.graphics.Rect, android.graphics.Rect, android.view.InputChannel) for 2.562s
05-19 18:03:12.245 W/art     ( 2369): Long monitor contention with owner android.display (2412) at void com.android.server.wm.WindowAnimator$1.doFrame(long)(WindowAnimator.java:144) waiters=2 in void com.android.server.wm.WindowManagerService.monitor() for 2.482s
05-19 18:03:12.246 W/art     ( 2369): Long monitor contention with owner android.display (2412) at void com.android.server.wm.WindowAnimator$1.doFrame(long)(WindowAnimator.java:144) waiters=3 in void com.android.server.wm.WindowManagerService.notifyAppRelaunchesCleared(android.os.IBinder) for 1.698s
05-19 18:03:12.252 W/art     ( 2369): Long monitor contention with owner android.display (2412) at void com.android.server.wm.WindowAnimator$1.doFrame(long)(WindowAnimator.java:144) waiters=4 in void com.android.server.wm.WindowManagerService.getInitialDisplaySize(int, android.graphics.Point) for 1.658s
05-19 18:03:12.299 W/art     ( 2369): Long monitor contention with owner ActivityManager (2401) at void com.android.server.am.ActivityStackSupervisor$ActivityStackSupervisorHandler.activityIdleInternal(com.android.server.am.ActivityRecord)(ActivityStackSupervisor.java:3867) waiters=0 in com.android.server.am.ProcessRecord com.android.server.am.ActivityManagerService.findAppProcess(android.os.IBinder, java.lang.String) for 1.748s
05-19 18:03:12.299 W/art     ( 2369): Long monitor contention with owner ActivityManager (2401) at void com.android.server.am.ActivityStackSupervisor$ActivityStackSupervisorHandler.activityIdleInternal(com.android.server.am.ActivityRecord)(ActivityStackSupervisor.java:3867) waiters=1 in android.content.pm.UserInfo com.android.server.am.UserController.getCurrentUser() for 1.621s
05-19 18:03:12.300 W/art     ( 2369): Long monitor contention with owner ActivityManager (2401) at void com.android.server.am.ActivityStackSupervisor$ActivityStackSupervisorHandler.activityIdleInternal(com.android.server.am.ActivityRecord)(ActivityStackSupervisor.java:3867) waiters=2 in void com.android.server.am.ActivityManagerService.addPackageDependency(java.lang.String) for 1.607s
