05-02 11:53:20.493 I/SystemServer( 1810): StartInputManagerService
05-02 11:53:20.498 I/InputManager( 1810): Initializing input manager, mUseDevInputEventForAudioJack=true
05-02 11:53:20.516 I/SystemServer( 1810): StartWindowManagerService
05-02 11:53:20.938 I/WindowManager( 1810): No existing display settings /data/system/display_settings.xml; starting empty
05-02 11:53:21.236 I/SystemServer( 1810): StartVrManagerService
05-02 11:53:21.237 I/SystemServiceManager( 1810): Starting com.android.server.vr.VrManagerService
05-02 11:53:21.262 W/VrManagerService( 1810): init_native: Could not open VR hardware module, error No such file or directory (-2).
05-02 11:53:21.331 I/InputManager( 1810): Starting input manager
05-02 11:53:21.361 D/EventHub( 1810): No input device configuration file found for device 'Power Button'.
05-02 11:53:21.399 I/SystemServer( 1810): No Bluetooth Service (emulator)
05-02 11:53:21.427 I/SystemServer( 1810): ConnectivityMetricsLoggerService
05-02 11:53:21.437 W/EventHub( 1810): Unable to disable kernel key repeat for /dev/input/event0: Function not implemented
05-02 11:53:21.437 I/EventHub( 1810): New device: id=1, fd=91, path='/dev/input/event0', name='Power Button', classes=0x1, configuration='', keyLayout='/system/usr/keylayout/Generic.kl', keyCharacterMap='/system/usr/keychars/Generic.kcm', builtinKeyboard=false, wakeMechanism=EPOLLWAKEUP, usingClockIoctl=true
05-02 11:53:21.439 I/SystemServiceManager( 1810): Starting com.android.server.connectivity.MetricsLoggerService
05-02 11:53:21.471 I/SystemServer( 1810): IpConnectivityMetrics
05-02 11:53:21.472 I/SystemServiceManager( 1810): Starting com.android.server.connectivity.IpConnectivityMetrics
05-02 11:53:21.474 I/SystemServer( 1810): PinnerService
05-02 11:53:21.474 I/SystemServiceManager( 1810): Starting com.android.server.PinnerService
05-02 11:53:21.503 W/EventHub( 1810): Unable to disable kernel key repeat for /dev/input/event1: Function not implemented
05-02 11:53:21.504 I/EventHub( 1810): New device: id=2, fd=92, path='/dev/input/event1', name='qwerty2', classes=0x95, configuration='/system/usr/idc/qwerty2.idc', keyLayout='/system/usr/keylayout/qwerty.kl', keyCharacterMap='/system/usr/keychars/qwerty2.kcm', builtinKeyboard=true, wakeMechanism=EPOLLWAKEUP, usingClockIoctl=true
05-02 11:53:21.504 E/EventHub( 1810): could not get driver version for /dev/input/mice, Not a typewriter
05-02 11:53:21.499 I/SystemServiceManager( 1810): Starting com.android.server.InputMethodManagerService$Lifecycle
05-02 11:53:21.598 I/InputReader( 1810): Device added: id=-1, name='Virtual', sources=0x00000301
05-02 11:53:21.632 I/InputReader( 1810):   Touch device 'qwerty2' could not query the properties of its associated display.  The device will be inoperable until the display size becomes available.
05-02 11:53:21.633 I/InputReader( 1810): Device added: id=0, name='qwerty2', sources=0x80001103
05-02 11:53:21.633 I/InputReader( 1810): Device added: id=1, name='Power Button', sources=0x00000101
05-02 11:53:22.541 I/SystemServer( 1810): StartAccessibilityManagerService
05-02 11:53:22.680 I/ActivityManager( 1810): Config changes=1df8 {1.0 ?mcc?mnc [en_US] ldltr sw360dp w360dp h640dp 480dpi nrml long port ?uimode ?night -touch -keyb/v/h -nav/h s.2}
05-02 11:53:22.746 I/ActivityManager( 1810): Config changes=500 {1.0 ?mcc?mnc [en_US] ldltr sw360dp w360dp h568dp 480dpi nrml port ?uimode ?night -touch -keyb/v/h -nav/h s.3}
05-02 11:53:22.781 I/ActivityManager( 1810): Config changes=8 {1.0 ?mcc?mnc [en_US] ldltr sw360dp w360dp h568dp 480dpi nrml port ?uimode ?night finger -keyb/v/h -nav/h s.4}
05-02 11:53:22.875 I/SystemServiceManager( 1810): Starting com.android.server.MountService$Lifecycle
05-02 11:53:22.885 I/InputReader( 1810): Reconfiguring input devices.  changes=0x00000004
05-02 11:53:22.885 I/InputReader( 1810): Device reconfigured: id=0, name='qwerty2', size 1080x1920, orientation 0, mode 1, display id 0
05-02 11:53:22.888 I/InputReader( 1810): Reconfiguring input devices.  changes=0x00000004
05-02 11:53:22.989 I/SystemServiceManager( 1810): Starting com.android.server.UiModeManagerService
05-02 11:53:23.006 I/ActivityManager( 1810): Config changes=200 {1.0 ?mcc?mnc [en_US] ldltr sw360dp w360dp h568dp 480dpi nrml port finger -keyb/v/h -nav/h s.5}
05-02 11:53:23.022 D/MountService( 1810): Thinking about init, mSystemReady=false, mDaemonConnected=true
05-02 11:53:23.023 D/MountService( 1810): Thinking about reset, mSystemReady=false, mDaemonConnected=true
05-02 11:53:23.024 D/MountService( 1810): Thinking about init, mSystemReady=false, mDaemonConnected=true
05-02 11:53:23.024 D/MountService( 1810): Thinking about reset, mSystemReady=false, mDaemonConnected=true
05-02 11:53:23.026 D/CryptdConnector( 1810): SND -> {1 cryptfs getfield SystemLocale}
05-02 11:53:23.051 D/CryptdConnector( 1810): RCV <- {200 1 -1}
05-02 11:53:23.064 W/MountService( 1810): No primary storage mounted!
05-02 11:53:23.064 D/VoldConnector( 1810): SND -> {1 asec list}
05-02 11:53:23.091 D/VoldConnector( 1810): RCV <- {200 1 asec operation succeeded}
05-02 11:53:23.093 I/PackageManager( 1810): No secure containers found
05-02 11:53:23.095 W/PackageManager( 1810): Unknown permission com.google.android.googleapps.permission.GOOGLE_AUTH in package com.android.providers.calendar
05-02 11:53:23.095 W/PackageManager( 1810): Unknown permission com.google.android.googleapps.permission.GOOGLE_AUTH.cl in package com.android.providers.calendar
05-02 11:53:23.096 W/PackageManager( 1810): Not granting permission android.permission.GLOBAL_SEARCH to package com.android.quicksearchbox (protectionLevel=18 flags=0x3808be45)
05-02 11:53:23.114 W/PackageManager( 1810): Not granting permission android.permission.WRITE_EXTERNAL_STORAGE to package gov.nasa.arc.astrobee.android.gs.manager because it was previously installed without
05-02 11:53:23.114 W/PackageManager( 1810): Not granting permission android.permission.READ_EXTERNAL_STORAGE to package gov.nasa.arc.astrobee.android.gs.manager because it was previously installed without
05-02 11:53:23.114 W/PackageManager( 1810): Unknown permission com.android.launcher.permission.READ_SETTINGS in package com.android.launcher3
05-02 11:53:23.115 W/PackageManager( 1810): Unknown permission com.android.launcher.permission.WRITE_SETTINGS in package com.android.launcher3
05-02 11:53:23.126 W/PackageManager( 1810): No disk maintenance in 3311069126; running immediately
05-02 11:53:23.128 W/PackageManager( 1810): Not granting permission android.permission.BIND_APPWIDGET to package com.android.launcher3 (protectionLevel=18 flags=0x3c4bbe45)
05-02 11:53:23.128 W/PackageManager( 1810): Unknown permission com.google.android.googleapps.permission.GOOGLE_AUTH.mail in package com.android.calendar
05-02 11:53:23.129 W/PackageManager( 1810): Unknown permission com.google.android.providers.settings.permission.WRITE_GSETTINGS in package com.android.sdksetup
05-02 11:53:23.130 W/PackageManager( 1810): Unknown permission com.google.android.permission.INSTALL_WEARABLE_PACKAGES in package com.android.packageinstaller
05-02 11:53:23.141 W/PackageManager( 1810): Not granting permission android.permission.DELETE_PACKAGES to package com.svox.pico (protectionLevel=18 flags=0x3808be45)
05-02 11:53:23.141 W/PackageManager( 1810): Not granting permission android.permission.READ_CONTACTS to package com.example.android.apis because it was previously installed without
05-02 11:53:23.141 W/PackageManager( 1810): Not granting permission android.permission.WRITE_CONTACTS to package com.example.android.apis because it was previously installed without
05-02 11:53:23.141 W/PackageManager( 1810): Not granting permission android.permission.ACCESS_COARSE_LOCATION to package com.example.android.apis because it was previously installed without
05-02 11:53:23.141 W/PackageManager( 1810): Not granting permission android.permission.WRITE_EXTERNAL_STORAGE to package com.example.android.apis because it was previously installed without
05-02 11:53:23.141 W/PackageManager( 1810): Not granting permission android.permission.SEND_SMS to package com.example.android.apis because it was previously installed without
05-02 11:53:23.141 W/PackageManager( 1810): Not granting permission android.permission.RECEIVE_SMS to package com.example.android.apis because it was previously installed without
05-02 11:53:23.142 W/PackageManager( 1810): Not granting permission android.permission.RECEIVE_MMS to package com.example.android.apis because it was previously installed without
05-02 11:53:23.142 W/PackageManager( 1810): Not granting permission android.permission.READ_SMS to package com.example.android.apis because it was previously installed without
05-02 11:53:23.142 W/PackageManager( 1810): Not granting permission android.permission.READ_PHONE_STATE to package com.example.android.apis because it was previously installed without
05-02 11:53:23.142 W/PackageManager( 1810): Not granting permission android.permission.RECORD_AUDIO to package com.example.android.apis because it was previously installed without
05-02 11:53:23.142 W/PackageManager( 1810): Not granting permission android.permission.CAMERA to package com.example.android.apis because it was previously installed without
05-02 11:53:23.142 W/PackageManager( 1810): Not granting permission android.permission.READ_EXTERNAL_STORAGE to package com.example.android.apis because it was previously installed without
05-02 11:53:23.142 W/PackageManager( 1810): Unknown permission android.permission.RUN_INSTRUMENTATION in package org.chromium.webview_shell
05-02 11:53:23.143 W/PackageManager( 1810): Unknown permission com.google.android.googleapps.permission.GOOGLE_AUTH in package com.android.settings
05-02 11:53:23.143 W/PackageManager( 1810): Unknown permission com.android.launcher.permission.READ_SETTINGS in package com.android.settings
05-02 11:53:23.143 W/PackageManager( 1810): Unknown permission com.android.launcher.permission.WRITE_SETTINGS in package com.android.settings
05-02 11:53:23.143 W/PackageManager( 1810): Unknown permission com.android.smspush.WAPPUSH_MANAGER_BIND in package com.android.phone
05-02 11:53:23.151 W/PackageManager( 1810): Unknown permission com.google.android.googleapps.permission.ACCESS_GOOGLE_PASSWORD in package com.android.development
05-02 11:53:23.151 W/PackageManager( 1810): Unknown permission com.google.android.googleapps.permission.GOOGLE_AUTH in package com.android.development
05-02 11:53:23.151 W/PackageManager( 1810): Unknown permission com.google.android.googleapps.permission.GOOGLE_AUTH.ALL_SERVICES in package com.android.development
05-02 11:53:23.151 W/PackageManager( 1810): Unknown permission com.google.android.googleapps.permission.GOOGLE_AUTH.YouTubeUser in package com.android.development
05-02 11:53:23.152 W/PackageManager( 1810): Not granting permission android.permission.BIND_APPWIDGET to package com.android.widgetpreview (protectionLevel=18 flags=0x3808be44)
05-02 11:53:23.402 W/art     ( 1810): Long monitor contention with owner MountService (1960) at void com.android.server.pm.PackageManagerService.loadMediaPackages(android.util.ArrayMap, int[], boolean)(PackageManagerService.java:19317) waiters=0 in void com.android.server.pm.PackageManagerService.performFstrimIfNeeded() for 276ms
05-02 11:53:23.404 I/SystemServer( 1810): StartLockSettingsService
05-02 11:53:23.421 I/SystemServiceManager( 1810): Starting com.android.server.LockSettingsService$Lifecycle
05-02 11:53:23.451 W/MountService( 1810): No primary storage defined yet; hacking together a stub
05-02 11:53:23.494 W/MountService( 1810): No primary storage defined yet; hacking together a stub
05-02 11:53:23.511 W/MountService( 1810): No primary storage mounted!
05-02 11:53:23.511 D/VoldConnector( 1810): SND -> {2 asec list}
05-02 11:53:23.513 D/VoldConnector( 1810): RCV <- {200 2 asec operation succeeded}
05-02 11:53:23.515 I/MountService( 1810): Running fstrim idle maintenance
05-02 11:53:23.516 D/VoldConnector( 1810): SND -> {3 fstrim dotrim}
05-02 11:53:23.545 D/VoldConnector( 1810): RCV <- {200 3 Command succeeded}
05-02 11:53:23.548 I/SystemServiceManager( 1810): Starting com.android.server.DeviceIdleController
05-02 11:53:23.558 D/vold    ( 1270): Starting trim of /cache
05-02 11:53:23.559 W/vold    ( 1270): Trim failed on /cache: Operation not supported on transport endpoint
05-02 11:53:23.573 D/VoldConnector( 1810): RCV <- {662 /cache -1 -1}
05-02 11:53:23.574 D/vold    ( 1270): Starting trim of /data
05-02 11:53:23.574 W/vold    ( 1270): Trim failed on /data: Operation not supported on transport endpoint
05-02 11:53:23.598 D/VoldConnector( 1810): RCV <- {662 /data -1 -1}
05-02 11:53:23.640 I/SystemServiceManager( 1810): Starting com.android.server.devicepolicy.DevicePolicyManagerService$Lifecycle
05-02 11:53:23.654 E/VoldConnector( 1810): Error handling '662 /cache -1 -1': java.lang.NullPointerException: Attempt to invoke virtual method 'void android.os.DropBoxManager.addText(java.lang.String, java.lang.String)' on a null object reference
05-02 11:53:23.664 E/VoldConnector( 1810): Error handling '662 /data -1 -1': java.lang.NullPointerException: Attempt to invoke virtual method 'void android.os.DropBoxManager.addText(java.lang.String, java.lang.String)' on a null object reference
05-02 11:53:23.811 I/SystemServer( 1810): StartStatusBarManagerService
05-02 11:53:23.844 I/SystemServer( 1810): StartClipboardService
05-02 11:53:23.873 I/SystemServer( 1810): StartNetworkManagementService
05-02 11:53:23.905 I/NetworkManagement( 1810): onDaemonConnected()
05-02 11:53:23.948 I/SystemServiceManager( 1810): Starting com.android.server.TextServicesManagerService$Lifecycle
05-02 11:53:23.995 I/SystemServer( 1810): StartNetworkScoreService
05-02 11:53:24.051 I/SystemServer( 1810): StartNetworkStatsService
05-02 11:53:24.200 I/SystemServer( 1810): StartNetworkPolicyManagerService
05-02 11:53:24.334 I/SystemServer( 1810): No Wi-Fi NAN Service (NAN support Not Present)
05-02 11:53:24.356 W/UsageStatsService( 1810): User[0] Some stats have no latest available
05-02 11:53:24.453 I/UsageStatsService( 1810): User[0] Rollover scheduled @ 2021-05-03 11:53:22(1620042802690)
05-02 11:53:24.760 W/art     ( 1810): Suspending all threads took: 44.088ms
05-02 11:53:24.769 W/art     ( 1810): Verification of void com.android.server.wifi.p2p.WifiP2pService.<init>(android.content.Context) took 227.561ms
05-02 11:53:24.781 I/SystemServiceManager( 1810): Starting com.android.server.wifi.p2p.WifiP2pService
05-02 11:53:24.922 I/art     ( 1810): Background sticky concurrent mark sweep GC freed 34798(2MB) AllocSpace objects, 21(420KB) LOS objects, 26% free, 8MB/10MB, paused 46.377ms total 503.351ms
05-02 11:53:25.114 I/WifiP2pService( 1810): Registering wifip2p
05-02 11:53:25.119 I/SystemServiceManager( 1810): Starting com.android.server.wifi.WifiService
05-02 11:53:26.151 D/HS20    ( 1810): Passpoint is disabled
05-02 11:53:26.344 D/CommandListener( 1335): Clearing all IP addresses on wlan0
05-02 11:53:26.534 D/WifiApConfigStore( 1810): 2G band allowed channels are:1,6,11
05-02 11:53:26.541 W/art     ( 1810): Long monitor contention with owner WifiStateMachine (1974) at boolean com.android.server.wifi.WifiNative.unloadDriverNative()(WifiNative.java:-2) waiters=0 in java.lang.String com.android.server.wifi.WifiNative.doStringCommand(java.lang.String) for 175ms
05-02 11:53:26.542 E/WifiLogger( 1810): no ring buffers found
05-02 11:53:26.543 E/WifiLogger( 1810): Failed to start packet fate monitoring
05-02 11:53:26.583 D/WifiController( 1810): isAirplaneModeOn = true, isWifiEnabled = false, isScanningAvailable = false
05-02 11:53:26.588 I/WifiService( 1810): Registering wifi
05-02 11:53:26.638 I/SystemServiceManager( 1810): Starting com.android.server.wifi.scanner.WifiScanningService
05-02 11:53:26.638 I/WifiScanningService( 1810): Creating wifiscanner
05-02 11:53:26.667 I/WifiScanningService( 1810): Publishing wifiscanner
05-02 11:53:26.682 I/SystemServiceManager( 1810): Starting com.android.server.wifi.RttService
05-02 11:53:26.691 I/RttService( 1810): Creating rttmanager
05-02 11:53:26.694 I/RttService( 1810): Starting rttmanager
05-02 11:53:26.696 I/SystemServer( 1810): StartConnectivityService
05-02 11:53:26.731 D/ConnectivityService( 1810): ConnectivityService starting up
05-02 11:53:26.760 D/ConnectivityService( 1810): wifiOnly=false
05-02 11:53:26.848 I/SystemServer( 1810): StartNsdService
05-02 11:53:26.895 I/SystemServer( 1810): StartUpdateLockService
05-02 11:53:26.906 I/SystemServiceManager( 1810): Starting com.android.server.RecoverySystemService
05-02 11:53:26.931 I/SystemServiceManager( 1810): Starting com.android.server.notification.NotificationManagerService
05-02 11:53:27.132 D/ConditionProviders.SCP( 1810): new ScheduleConditionProvider()
05-02 11:53:27.185 D/ZenLog  ( 1810): config: readXml,ZenModeConfig[user=0,allowCalls=true,allowRepeatCallers=false,allowMessages=false,allowCallsFrom=contacts,allowMessagesFrom=contacts,allowReminders=true,allowEvents=true,allowWhenScreenOff=true,allowWhenScreenOn=true,automaticRules={370bd6672ef541ba946db9ac4aef0faf=ZenRule[enabled=false,snoozing=false,name=Weeknight,zenMode=ZEN_MODE_ALARMS,conditionId=condition://android/schedule?days=1.2.3.4.5&start=22.0&end=7.0&exitAtAlarm=false,condition=Condition[id=condition://android/schedule?days=1.2.3.4.5&start=22.0&end=7.0&exitAtAlarm=false,summary=...,line1=...,line2=...,icon=0,state=STATE_FALSE,flags=2],component=ComponentInfo{android/com.android.server.notification.ScheduleConditionProvider},id=370bd6672ef541ba946db9ac4aef0faf,creationTime=1590622727817,enabler=null], a53ffdf89c814123a52adbdd46bc948d=ZenRule[enabled=false,snoozing=false,name=Weekend,zenMode=ZEN_MODE_ALARMS,conditionId=condition://android/schedule?days=6.7&start=23.30&end=10.0&exitAtAlarm=false,condition=Condition[id=condition://android/schedule?days=6.7&start=23.30&end=10.0&exitAtAlarm=false,summary=...,line1=...,line2=...,icon=0,state=STATE_FALSE,flags=2],component=ComponentInfo{android/com.android.server.notification.ScheduleConditionProvider},id=a53ffdf89c814123a52adbdd46bc948d,creationTime=1590622727818,enabler=null], fc8bb1aacabb4877a1d1d167106f6e77=ZenRule[enabled=false,snoozing=false,name=Event,zenMode=ZEN_MODE_ALARMS,conditionId=condition://android/event?userId=-10000&calendar=&reply=1,condition=Condition[id=condition://android/event?userId=-10000&calendar=&reply=1,summary=...,line1=...,line2=...,icon=0,state=STATE_FALSE,flags=2],component=ComponentInfo{android/com.android.server.notification.EventConditionProvider},id=fc8bb1aacabb4877a1d1d167106f6e77,creationTime=1590622727822,enabler=null]},manualRule=null],Diff[automaticRule[370bd6672ef541ba946db9ac4aef0faf]:insert,automaticRule[7ed529cb003940ab94a2c20c2075612f]:delete,automaticRule[a53ffdf89c814123a52adbdd46bc948d]:insert,automaticRule[e536a8748d624ff59f9c6ab137e36bc2]:delete,automaticRule[0be8dda14c934e9c9df1971d691c1b07]:delete,automaticRule[fc8bb1aacabb4877a1d1d167106f6e77]:insert]
05-02 11:53:27.279 D/ZenLog  ( 1810): set_zen_mode: off,init
05-02 11:53:27.394 I/SystemServiceManager( 1810): Starting com.android.server.storage.DeviceStorageMonitorService
05-02 11:53:27.470 I/SystemServer( 1810): StartLocationManagerService
05-02 11:53:27.533 I/SystemServer( 1810): StartCountryDetectorService
05-02 11:53:27.544 I/SystemServer( 1810): StartSearchManagerService
05-02 11:53:27.544 I/SystemServiceManager( 1810): Starting com.android.server.search.SearchManagerService$Lifecycle
05-02 11:53:27.575 I/SystemServiceManager( 1810): Starting com.android.server.DropBoxManagerService
05-02 11:53:27.621 I/SystemServer( 1810): StartWallpaperManagerService
05-02 11:53:27.621 I/SystemServiceManager( 1810): Starting com.android.server.wallpaper.WallpaperManagerService$Lifecycle
05-02 11:53:27.652 E/BitmapFactory( 1810): Unable to decode stream: java.io.FileNotFoundException: /data/system/users/0/wallpaper_orig (No such file or directory)
05-02 11:53:27.652 E/WallpaperManagerService( 1810): Invalid wallpaper data
05-02 11:53:27.652 E/WallpaperManagerService( 1810): Unable to apply new wallpaper
05-02 11:53:27.679 I/SystemServer( 1810): StartAudioService
05-02 11:53:27.730 I/SystemServiceManager( 1810): Starting com.android.server.audio.AudioService$Lifecycle
05-02 11:53:27.981 W/TelecomManager( 1810): Telecom Service not found.
05-02 11:53:27.987 D/PermissionCache( 1326): checking android.permission.MODIFY_AUDIO_SETTINGS for uid=1000 => granted (62591 us)
05-02 11:53:28.000 D/PermissionCache( 1326): checking android.permission.MODIFY_AUDIO_SETTINGS for uid=1000 => granted (15660 us)
05-02 11:53:28.038 W/AudioFlinger( 1326): no wake lock to update, system not ready yet
05-02 11:53:28.275 I/SystemServiceManager( 1810): Starting com.android.server.DockObserver
05-02 11:53:28.277 W/DockObserver( 1810): This kernel does not have dock station support
05-02 11:53:28.291 I/SystemServer( 1810): StartWiredAccessoryManager
05-02 11:53:28.295 W/WiredAccessoryManager( 1810): This kernel does not have usb audio support
05-02 11:53:28.296 W/WiredAccessoryManager( 1810): This kernel does not have HDMI audio support
05-02 11:53:28.297 I/SystemServiceManager( 1810): Starting com.android.server.midi.MidiService$Lifecycle
05-02 11:53:28.308 I/SystemServiceManager( 1810): Starting com.android.server.usb.UsbService$Lifecycle
05-02 11:53:28.375 I/SystemServer( 1810): StartSerialService
05-02 11:53:28.390 E/HardwarePropertiesManagerService-JNI( 1810): Couldn't load thermal module (No such file or directory)
05-02 11:53:28.392 I/SystemServiceManager( 1810): Starting com.android.server.twilight.TwilightService
05-02 11:53:28.395 I/SystemServiceManager( 1810): Starting com.android.server.job.JobSchedulerService
05-02 11:53:28.446 I/SystemServiceManager( 1810): Starting com.android.server.soundtrigger.SoundTriggerService
05-02 11:53:28.452 I/SystemServiceManager( 1810): Starting com.android.server.backup.BackupManagerService$Lifecycle
05-02 11:53:28.463 I/SystemServiceManager( 1810): Starting com.android.server.appwidget.AppWidgetService
05-02 11:53:28.557 I/SystemServiceManager( 1810): Starting com.android.server.voiceinteraction.VoiceInteractionManagerService
05-02 11:53:28.574 I/SystemServer( 1810): Gesture Launcher Service
05-02 11:53:28.575 I/SystemServiceManager( 1810): Starting com.android.server.GestureLauncherService
05-02 11:53:28.576 I/SystemServiceManager( 1810): Starting com.android.server.SensorNotificationService
05-02 11:53:28.577 I/SystemServiceManager( 1810): Starting com.android.server.ContextHubSystemService
05-02 11:53:28.591 E/ContextHubService( 1810): ** Could not load context_hub module : err No such file or directory
05-02 11:53:28.592 W/ContextHubService( 1810): No Context Hub Module present
05-02 11:53:28.592 I/SystemServer( 1810): StartDiskStatsService
05-02 11:53:28.601 I/SystemServer( 1810): StartSamplingProfilerService
05-02 11:53:28.636 I/SystemServer( 1810): StartNetworkTimeUpdateService
05-02 11:53:28.661 I/SystemServer( 1810): StartCommonTimeManagementService
05-02 11:53:28.737 I/SystemServer( 1810): CertBlacklister
05-02 11:53:28.753 I/SystemServiceManager( 1810): Starting com.android.server.emergency.EmergencyAffordanceService
05-02 11:53:28.756 I/SystemServiceManager( 1810): Starting com.android.server.dreams.DreamManagerService
05-02 11:53:28.769 I/SystemServer( 1810): StartAssetAtlasService
05-02 11:53:28.858 I/SystemServiceManager( 1810): Starting com.android.server.print.PrintManagerService
05-02 11:53:28.915 I/SystemServiceManager( 1810): Starting com.android.server.restrictions.RestrictionsManagerService
05-02 11:53:28.919 D/AssetAtlas( 1810): Loaded configuration: SliceMinArea (1280x896) flags=0x2 count=91
05-02 11:53:28.991 I/SystemServiceManager( 1810): Starting com.android.server.media.MediaSessionService
05-02 11:53:29.006 D/gralloc_ranchu( 1810): Emulator without host-side GPU emulation detected. Loading gralloc.default.so from /vendor/lib64/hw/gralloc.goldfish.default.so...
05-02 11:53:29.009 D/gralloc_ranchu( 1810): gralloc.default.so not found in /vendor. Trying /system/lib64/hw/gralloc.goldfish.default.so...
05-02 11:53:29.058 I/SystemServer( 1810): StartMediaRouterService
05-02 11:53:29.073 I/SystemServiceManager( 1810): Starting com.android.server.trust.TrustManagerService
05-02 11:53:29.141 I/SystemServiceManager( 1810): Starting com.android.server.fingerprint.FingerprintService
05-02 11:53:29.242 D/PermissionCache( 1338): checking android.permission.MANAGE_FINGERPRINT for uid=1000 => granted (37893 us)
05-02 11:53:29.254 V/fingerprintd( 1338): nativeOpenHal()
05-02 11:53:29.335 D/FingerprintHal( 1338): ----------------> fingerprint_open ----------------->
05-02 11:53:29.393 E/fingerprintd( 1338): Wrong fp version. Expected 512, got 513
05-02 11:53:29.393 D/FingerprintHal( 1338): ----------------> set_notify_callback ----------------->
05-02 11:53:29.393 D/FingerprintHal( 1338): fingerprint callback notification set
05-02 11:53:29.394 V/fingerprintd( 1338): fingerprint HAL successfully initialized
05-02 11:53:29.398 V/fingerprintd( 1338): setActiveGroup(0, /data/system/users/0/fpdata, 27)
05-02 11:53:29.398 D/FingerprintHal( 1338): ----------------> fingerprint_set_active_group -----------------> path /data/system/users/0/fpdata
05-02 11:53:29.398 D/FingerprintHal( 1338): ----------------> loadFingerprints ----------------->
05-02 11:53:29.398 E/FingerprintHal( 1338): Could not load fingerprints from storage at /data/system/users/0/fpdata/emufp.bin; it has not yet been created.
05-02 11:53:29.399 D/FingerprintHal( 1338): ----------------> loadAuthenticatorId ----------------->
05-02 11:53:29.401 D/FingerprintHal( 1338): ----------------> listenerFunction ----------------->
05-02 11:53:29.410 D/FingerprintHal( 1338): Read authenticator id (0x6b8b4567327b23c6)
05-02 11:53:29.412 D/FingerprintHal( 1338): ----------------> fingerprint_get_auth_id ----------------->
05-02 11:53:29.412 D/FingerprintHal( 1338): ----------------> fingerprint_get_auth_id auth id 6b8b4567327b23c6----------------->
05-02 11:53:29.412 V/FingerprintService( 1810): Fingerprint HAL id: 138311515815936
05-02 11:53:29.415 I/SystemServer( 1810): StartBackgroundDexOptService
05-02 11:53:29.452 I/SystemServiceManager( 1810): Starting com.android.server.pm.ShortcutService$Lifecycle
05-02 11:53:29.524 I/SystemServiceManager( 1810): Starting com.android.server.pm.LauncherAppsService
05-02 11:53:29.574 I/SystemServiceManager( 1810): Starting com.android.server.media.projection.MediaProjectionManagerService
05-02 11:53:29.608 W/art     ( 1810): Suspending all threads took: 28.519ms
05-02 11:53:29.695 V/MediaRouter( 1810): Adding route: RouteInfo{ name=Phone, description=null, status=null, category=RouteCategory{ name=null types=ROUTE_TYPE_LIVE_AUDIO ROUTE_TYPE_LIVE_VIDEO  groupable=false }, supportedTypes=ROUTE_TYPE_LIVE_AUDIO ROUTE_TYPE_LIVE_VIDEO , presentationDisplay=null }
05-02 11:53:29.704 V/MediaRouter( 1810): Updating audio routes: AudioRoutesInfo{ type=SPEAKER }
05-02 11:53:29.708 V/MediaRouter( 1810): Selecting route: RouteInfo{ name=Phone, description=null, status=null, category=RouteCategory{ name=null types=ROUTE_TYPE_LIVE_AUDIO ROUTE_TYPE_LIVE_VIDEO  groupable=false }, supportedTypes=ROUTE_TYPE_LIVE_AUDIO ROUTE_TYPE_LIVE_VIDEO , presentationDisplay=null }
05-02 11:53:29.739 I/art     ( 1810): Background partial concurrent mark sweep GC freed 18559(1407KB) AllocSpace objects, 4(80KB) LOS objects, 24% free, 12MB/16MB, paused 92.874ms total 648.528ms
05-02 11:53:29.759 I/WindowManager( 1810): SAFE MODE not enabled
05-02 11:53:29.797 W/AssetAtlasService( 1810): Could not find EGL configuration
05-02 11:53:29.811 I/SystemServiceManager( 1810): Starting com.android.server.MmsServiceBroker
05-02 11:53:29.833 D/AssetAtlas( 1810): Rendered atlas in 572.77ms (570.23+2.54ms)
05-02 11:53:29.845 W/VibratorService( 1810): Tried to stop vibrating but there is no vibrator device.
05-02 11:53:30.514 E/LockSettingsStorage( 1810): Cannot read file java.io.FileNotFoundException: /data/system/gatekeeper.password.key: open failed: ENOENT (No such file or directory)
05-02 11:53:30.516 E/LockSettingsStorage( 1810): Cannot read file java.io.FileNotFoundException: /data/system/password.key: open failed: ENOENT (No such file or directory)
05-02 11:53:30.517 E/LockSettingsStorage( 1810): Cannot read file java.io.FileNotFoundException: /data/system/gatekeeper.pattern.key: open failed: ENOENT (No such file or directory)
05-02 11:53:30.519 E/LockSettingsStorage( 1810): Cannot read file java.io.FileNotFoundException: /data/system/gatekeeper.gesture.key: open failed: ENOENT (No such file or directory)
05-02 11:53:30.540 E/LockSettingsStorage( 1810): Cannot read file java.io.FileNotFoundException: /data/system/gesture.key: open failed: ENOENT (No such file or directory)
05-02 11:53:30.540 I/SystemServiceManager( 1810): Starting phase 480
05-02 11:53:30.589 I/DevicePolicyManagerService( 1810): Set ro.device_owner property to false
05-02 11:53:30.752 I/SystemServiceManager( 1810): Starting phase 500
05-02 11:53:30.779 D/ConnectivityMetricsLoggerService( 1810): onBootPhase: PHASE_SYSTEM_SERVICES_READY
05-02 11:53:30.835 I/WifiService( 1810): WifiService starting up with Wi-Fi disabled
05-02 11:53:30.850 I/WifiScanningService( 1810): Starting wifiscanner
05-02 11:53:30.876 I/RttService( 1810): Registering rttmanager
05-02 11:53:30.956 D/ZenLog  ( 1810): config: cleanUpZenRules,ZenModeConfig[user=0,allowCalls=true,allowRepeatCallers=false,allowMessages=false,allowCallsFrom=contacts,allowMessagesFrom=contacts,allowReminders=true,allowEvents=true,allowWhenScreenOff=true,allowWhenScreenOn=true,automaticRules={370bd6672ef541ba946db9ac4aef0faf=ZenRule[enabled=false,snoozing=false,name=Weeknight,zenMode=ZEN_MODE_ALARMS,conditionId=condition://android/schedule?days=1.2.3.4.5&start=22.0&end=7.0&exitAtAlarm=false,condition=Condition[id=condition://android/schedule?days=1.2.3.4.5&start=22.0&end=7.0&exitAtAlarm=false,summary=...,line1=...,line2=...,icon=0,state=STATE_FALSE,flags=2],component=ComponentInfo{android/com.android.server.notification.ScheduleConditionProvider},id=370bd6672ef541ba946db9ac4aef0faf,creationTime=1590622727817,enabler=null], a53ffdf89c814123a52adbdd46bc948d=ZenRule[enabled=false,snoozing=false,name=Weekend,zenMode=ZEN_MODE_ALARMS,conditionId=condition://android/schedule?days=6.7&start=23.30&end=10.0&exitAtAlarm=false,condition=Condition[id=condition://android/schedule?days=6.7&start=23.30&end=10.0&exitAtAlarm=false,summary=...,line1=...,line2=...,icon=0,state=STATE_FALSE,flags=2],component=ComponentInfo{android/com.android.server.notification.ScheduleConditionProvider},id=a53ffdf89c814123a52adbdd46bc948d,creationTime=1590622727818,enabler=null], fc8bb1aacabb4877a1d1d167106f6e77=ZenRule[enabled=false,snoozing=false,name=Event,zenMode=ZEN_MODE_ALARMS,conditionId=condition://android/event?userId=-10000&calendar=&reply=1,condition=Condition[id=condition://android/event?userId=-10000&calendar=&reply=1,summary=...,line1=...,line2=...,icon=0,state=STATE_FALSE,flags=2],component=ComponentInfo{android/com.android.server.notification.EventConditionProvider},id=fc8bb1aacabb4877a1d1d167106f6e77,creationTime=1590622727822,enabler=null]},manualRule=null],Diff[]
05-02 11:53:30.957 D/ZenLog  ( 1810): set_zen_mode: off,onSystemReady
05-02 11:53:31.021 D/PermissionCache( 1326): checking android.permission.CAPTURE_AUDIO_HOTWORD for uid=1000 => granted (10448 us)
05-02 11:53:31.023 W/SoundTriggerHelper( 1810): listModules status=0, # of modules=0
05-02 11:53:31.023 D/ContextHubSystemService( 1810): onBootPhase: PHASE_SYSTEM_SERVICES_READY
05-02 11:53:31.358 W/KeyguardServiceDelegate( 1810): onScreenTurningOn(): no keyguard service!
05-02 11:53:31.432 V/UserManagerService( 1810): Found /data/user_de/0 with serial number 0
05-02 11:53:31.441 V/UserManagerService( 1810): Found /data/user/0 with serial number 0
05-02 11:53:31.441 V/UserManagerService( 1810): Found /data/system_de/0 with serial number 0
05-02 11:53:31.442 V/UserManagerService( 1810): Found /data/system_ce/0 with serial number 0
05-02 11:53:31.845 I/ActivityManager( 1810): System now ready
05-02 11:53:31.894 I/SystemServer( 1810): Making services ready
05-02 11:53:31.894 I/SystemServiceManager( 1810): Starting phase 550
05-02 11:53:32.372 W/WindowManager( 1810): Keyguard drawn timeout. Setting mKeyguardDrawComplete
05-02 11:53:32.508 E/InputMethodManagerService( 1810): Ignoring updateSystemUiLocked due to an invalid token. uid:1000 token:null
05-02 11:53:32.831 I/Zygote  ( 1810): Process: zygote socket opened, supported ABIS: x86_64
05-02 11:53:32.907 W/ActivityManager( 1810): Slow operation: 131ms so far, now at startProcess: returned from zygote!
05-02 11:53:32.907 W/ActivityManager( 1810): Slow operation: 131ms so far, now at startProcess: done updating battery stats
05-02 11:53:32.908 W/ActivityManager( 1810): Slow operation: 132ms so far, now at startProcess: building log message
05-02 11:53:32.909 I/ActivityManager( 1810): Start proc 2013:com.android.inputmethod.latin/u0a41 for service com.android.inputmethod.latin/.LatinIME
05-02 11:53:32.909 W/ActivityManager( 1810): Slow operation: 133ms so far, now at startProcess: starting to update pids map
05-02 11:53:32.909 W/ActivityManager( 1810): Slow operation: 133ms so far, now at startProcess: done updating pids map
05-02 11:53:32.909 W/ActivityManager( 1810): Slow operation: 134ms so far, now at startProcess: done starting proc!
05-02 11:53:32.920 V/InputMethodManagerService( 1810): Adding window token: android.os.Binder@43f82b9
05-02 11:53:32.928 E/BitmapFactory( 1810): Unable to decode stream: java.io.FileNotFoundException: /data/system/users/0/wallpaper_orig (No such file or directory)
05-02 11:53:32.928 E/WallpaperManagerService( 1810): Invalid wallpaper data
05-02 11:53:32.928 E/WallpaperManagerService( 1810): Unable to apply new wallpaper
05-02 11:53:32.930 D/MountService( 1810): Thinking about init, mSystemReady=true, mDaemonConnected=true
05-02 11:53:32.930 D/MountService( 1810): Setting up emulation state, initlocked=false
05-02 11:53:32.931 D/CryptdConnector( 1810): SND -> {2 cryptfs unlock_user_key 0 0 ! !}
05-02 11:53:32.934 D/vold    ( 1270): e4crypt_unlock_user_key 0 serial=0 token_present=0
05-02 11:53:32.937 D/CryptdConnector( 1810): RCV <- {200 2 Command succeeded}
05-02 11:53:32.991 D/MountService( 1810): Thinking about reset, mSystemReady=true, mDaemonConnected=true
05-02 11:53:32.992 D/VoldConnector( 1810): SND -> {4 volume reset}
05-02 11:53:32.996 D/vold    ( 1270): Recognized experimental block major ID 253 as virtio-blk (emulator's virtual SD card device)
05-02 11:53:32.996 V/vold    ( 1270): /system/bin/sgdisk
05-02 11:53:32.997 V/vold    ( 1270):     --android-dump
05-02 11:53:32.997 V/vold    ( 1270):     /dev/block/vold/disk:253,48
05-02 11:53:33.000 D/VoldConnector( 1810): RCV <- {651 emulated 7}
05-02 11:53:33.001 D/VoldConnector( 1810): RCV <- {659 emulated}
05-02 11:53:33.002 D/VoldConnector( 1810): RCV <- {650 emulated 2 "" ""}
05-02 11:53:33.003 D/VoldConnector( 1810): RCV <- {651 emulated 0}
05-02 11:53:33.004 D/VoldConnector( 1810): RCV <- {651 public:253,48 7}
05-02 11:53:33.005 D/VoldConnector( 1810): RCV <- {659 public:253,48}
05-02 11:53:33.005 D/VoldConnector( 1810): RCV <- {649 disk:253,48}
05-02 11:53:33.006 D/VoldConnector( 1810): RCV <- {640 disk:253,48 5}
05-02 11:53:33.007 D/VoldConnector( 1810): RCV <- {641 disk:253,48 549453824}
05-02 11:53:33.008 D/VoldConnector( 1810): RCV <- {642 disk:253,48 Virtual}
05-02 11:53:33.008 D/VoldConnector( 1810): RCV <- {644 disk:253,48 /sys//devices/pci0000:00/0000:00:06.0/virtio3/block/vdd}
05-02 11:53:33.072 W/art     ( 2013): Unexpected CPU variant for X86 using defaults: x86_64
05-02 11:53:33.094 V/MountService( 1810): Found primary storage at VolumeInfo{emulated}:
05-02 11:53:33.094 V/MountService( 1810):     type=EMULATED diskId=null partGuid=null mountFlags=0 mountUserId=-1 
05-02 11:53:33.094 V/MountService( 1810):     state=UNMOUNTED 
05-02 11:53:33.094 V/MountService( 1810):     fsType=null fsUuid=null fsLabel=null 
05-02 11:53:33.094 V/MountService( 1810):     path=null internalPath=null 
05-02 11:53:33.124 W/ActivityManager( 1810): Slow operation: 154ms so far, now at startProcess: returned from zygote!
05-02 11:53:33.125 W/ActivityManager( 1810): Slow operation: 154ms so far, now at startProcess: done updating battery stats
05-02 11:53:33.125 W/ActivityManager( 1810): Slow operation: 155ms so far, now at startProcess: building log message
05-02 11:53:33.125 I/ActivityManager( 1810): Start proc 2019:com.android.systemui/u0a21 for service com.android.systemui/.ImageWallpaper
05-02 11:53:33.125 W/ActivityManager( 1810): Slow operation: 155ms so far, now at startProcess: starting to update pids map
05-02 11:53:33.125 W/ActivityManager( 1810): Slow operation: 155ms so far, now at startProcess: done updating pids map
05-02 11:53:33.125 W/ActivityManager( 1810): Slow operation: 171ms so far, now at startProcess: done starting proc!
05-02 11:53:33.128 I/ActivityManager( 1810): Force stopping com.android.providers.media appid=10010 user=-1: vold reset
05-02 11:53:33.204 D/UsbAlsaManager( 1810): Adding ALSA device AlsaDevice: [card: 0, device: 0, type: 1]
05-02 11:53:33.205 D/UsbAlsaManager( 1810): Adding ALSA device AlsaDevice: [card: 0, device: 0, type: 2]
05-02 11:53:33.207 I/SystemServer( 1810): WebViewFactory preparation
05-02 11:53:33.251 W/art     ( 2019): Unexpected CPU variant for X86 using defaults: x86_64
05-02 11:53:33.315 E/BluetoothAdapter( 1810): Bluetooth binder is null
05-02 11:53:33.351 E/BluetoothAdapter( 1810): Bluetooth binder is null
05-02 11:53:33.392 I/AudioFlinger( 1326): systemReady
05-02 11:53:33.417 D/WebViewFactory( 1810): Setting new address space to 114394000
05-02 11:53:33.602 E/WVMExtractor( 1810): Failed to open libwvm.so: dlopen failed: library "libwvm.so" not found
05-02 11:53:34.121 I/Zygote  ( 1810): Process: zygote socket opened, supported ABIS: x86
05-02 11:53:34.353 I/MediaPlayerService( 1334): MediaPlayerService::getOMX
05-02 11:53:34.406 I/art     ( 1325): Starting a blocking GC Background
05-02 11:53:34.548 I/OMXClient( 1334): MuxOMX ctor
05-02 11:53:34.675 V/vold    ( 1270): DISK mbr
05-02 11:53:34.675 V/vold    ( 1270): 
05-02 11:53:34.725 W/vold    ( 1270): disk:253,48 has unknown partition table; trying entire device
05-02 11:53:34.726 V/vold    ( 1270): /system/bin/blkid
05-02 11:53:34.726 V/vold    ( 1270):     -c
05-02 11:53:34.726 V/vold    ( 1270):     /dev/null
05-02 11:53:34.726 V/vold    ( 1270):     -s
05-02 11:53:34.726 V/vold    ( 1270):     TYPE
05-02 11:53:34.726 V/vold    ( 1270):     -s
05-02 11:53:34.726 V/vold    ( 1270):     UUID
05-02 11:53:34.727 V/vold    ( 1270):     -s
05-02 11:53:34.727 V/vold    ( 1270):     LABEL
05-02 11:53:34.727 V/vold    ( 1270):     /dev/block/vold/disk:253,48
05-02 11:53:34.827 I/art     ( 1325): Background concurrent mark sweep GC freed 270(22KB) AllocSpace objects, 0(0B) LOS objects, 39% free, 6MB/10MB, paused 1.597ms total 413.975ms
05-02 11:53:34.872 I/MediaPlayerService( 1334): MediaPlayerService::getOMX
05-02 11:53:34.911 I/OMXClient( 1334): MuxOMX ctor
05-02 11:53:34.916 I/OMXMaster( 1331): makeComponentInstance(OMX.google.mp3.decoder) in mediacodec process
05-02 11:53:35.453 W/ActivityManager( 1810): Slow operation: 1936ms so far, now at startProcess: returned from zygote!
05-02 11:53:35.455 W/ActivityManager( 1810): Slow operation: 1938ms so far, now at startProcess: done updating battery stats
05-02 11:53:35.456 W/ActivityManager( 1810): Slow operation: 1939ms so far, now at startProcess: building log message
05-02 11:53:35.457 I/ActivityManager( 1810): Start proc 2054:WebViewLoader-x86/1037 [android.webkit.WebViewFactory$RelroFileCreator] for 
05-02 11:53:35.457 W/ActivityManager( 1810): Slow operation: 1940ms so far, now at startProcess: starting to update pids map
05-02 11:53:35.458 W/ActivityManager( 1810): Slow operation: 1940ms so far, now at startProcess: done updating pids map
05-02 11:53:35.458 W/ActivityManager( 1810): Slow operation: 1941ms so far, now at startProcess: done starting proc!
05-02 11:53:35.463 W/art     ( 1810): Long monitor contention with owner main (1810) at int com.android.server.am.ActivityManagerService.startIsolatedProcess(java.lang.String, java.lang.String[], java.lang.String, java.lang.String, int, java.lang.Runnable)(ActivityManagerService.java:3509) waiters=0 in void com.android.server.am.ActivityManagerService.dispatchUidsChanged() for 1.941s
05-02 11:53:35.465 W/art     ( 1810): Long monitor contention with owner main (1810) at int com.android.server.am.ActivityManagerService.startIsolatedProcess(java.lang.String, java.lang.String[], java.lang.String, java.lang.String, int, java.lang.Runnable)(ActivityManagerService.java:3509) waiters=1 in void com.android.server.am.ActivityManagerService.attachApplication(android.app.IApplicationThread) for 1.922s
05-02 11:53:35.574 V/vold    ( 1270): /dev/block/vold/disk:253,48: LABEL="SDCARD" UUID="1EFF-1C1B" TYPE="vfat" 
05-02 11:53:35.574 V/vold    ( 1270): 
05-02 11:53:35.625 D/VoldConnector( 1810): RCV <- {650 public:253,48 0 "disk:253,48" ""}
05-02 11:53:35.642 W/art     ( 1810): Long monitor contention with owner main (1810) at int com.android.server.am.ActivityManagerService.startIsolatedProcess(java.lang.String, java.lang.String[], java.lang.String, java.lang.String, int, java.lang.Runnable)(ActivityManagerService.java:3509) waiters=2 in void com.android.server.am.ActivityManagerService.attachApplication(android.app.IApplicationThread) for 2.060s
05-02 11:53:35.745 W/art     ( 1810): Long monitor contention with owner Binder:1810_3 (1827) at void com.android.server.am.ActivityManagerService.attachApplication(android.app.IApplicationThread)(ActivityManagerService.java:6669) waiters=2 in int com.android.server.am.ActivityManagerService.startIsolatedProcess(java.lang.String, java.lang.String[], java.lang.String, java.lang.String, int, java.lang.Runnable) for 271ms
05-02 11:53:35.785 D/VoldConnector( 1810): RCV <- {651 public:253,48 0}
05-02 11:53:35.788 W/art     ( 2054): Unexpected CPU variant for X86 using defaults: x86
05-02 11:53:35.804 D/VoldConnector( 1810): RCV <- {643 disk:253,48}
05-02 11:53:35.805 D/VoldConnector( 1810): RCV <- {200 4 Command succeeded}
05-02 11:53:35.811 E/VoldConnector( 1810): NDC Command {4 volume reset} took too long (2818ms)
05-02 11:53:35.813 D/VoldConnector( 1810): SND -> {5 volume user_added 0 0}
05-02 11:53:35.832 D/VoldConnector( 1810): RCV <- {200 5 Command succeeded}
05-02 11:53:35.957 W/ActivityManager( 1810): Slow operation: 210ms so far, now at startProcess: returned from zygote!
05-02 11:53:35.958 W/ActivityManager( 1810): Slow operation: 211ms so far, now at startProcess: done updating battery stats
05-02 11:53:35.958 W/ActivityManager( 1810): Slow operation: 211ms so far, now at startProcess: building log message
05-02 11:53:35.958 I/ActivityManager( 1810): Start proc 2061:WebViewLoader-x86_64/1037 [android.webkit.WebViewFactory$RelroFileCreator] for 
05-02 11:53:35.958 W/ActivityManager( 1810): Slow operation: 211ms so far, now at startProcess: starting to update pids map
05-02 11:53:35.959 W/ActivityManager( 1810): Slow operation: 211ms so far, now at startProcess: done updating pids map
05-02 11:53:35.959 W/ActivityManager( 1810): Slow operation: 214ms so far, now at startProcess: done starting proc!
05-02 11:53:35.959 W/art     ( 1810): Long monitor contention with owner main (1810) at int com.android.server.am.ActivityManagerService.startIsolatedProcess(java.lang.String, java.lang.String[], java.lang.String, java.lang.String, int, java.lang.Runnable)(ActivityManagerService.java:3509) waiters=0 in void com.android.server.am.ActivityManagerService$MainHandler.handleMessage(android.os.Message) for 179ms
05-02 11:53:36.004 D/NetworkManagement( 1810): enabling bandwidth control
05-02 11:53:36.126 W/art     ( 2061): Unexpected CPU variant for X86 using defaults: x86_64
05-02 11:53:36.144 D/VoldConnector( 1810): SND -> {6 volume mount emulated 3 -1}
05-02 11:53:36.151 D/VoldConnector( 1810): RCV <- {651 emulated 1}
05-02 11:53:36.156 V/vold    ( 1270): Waiting for FUSE to spin up...
05-02 11:53:36.157 D/VoldConnector( 1810): RCV <- {656 emulated /data/media}
05-02 11:53:36.158 D/VoldConnector( 1810): RCV <- {655 emulated /storage/emulated}
05-02 11:53:36.207 V/vold    ( 1270): Waiting for FUSE to spin up...
05-02 11:53:36.260 V/vold    ( 1270): Waiting for FUSE to spin up...
05-02 11:53:36.320 V/vold    ( 1270): Waiting for FUSE to spin up...
05-02 11:53:36.339 V/WebViewFactory( 2054): RelroFileCreator (64bit = false),  32-bit lib: /system/app/webview/webview.apk!/lib/x86/libwebviewchromium.so, 64-bit lib: /system/app/webview/webview.apk!/lib/x86_64/libwebviewchromium.so
05-02 11:53:36.390 V/vold    ( 1270): Waiting for FUSE to spin up...
05-02 11:53:36.449 V/vold    ( 1270): Waiting for FUSE to spin up...
05-02 11:53:36.468 W/System  ( 2019): ClassLoader referenced unknown path: /system/priv-app/SystemUI/lib/x86_64
05-02 11:53:36.500 V/vold    ( 1270): Waiting for FUSE to spin up...
05-02 11:53:36.560 V/vold    ( 1270): Waiting for FUSE to spin up...
05-02 11:53:36.620 V/vold    ( 1270): Waiting for FUSE to spin up...
05-02 11:53:36.621 I/MediaPlayerService( 1334): MediaPlayerService::getOMX
05-02 11:53:36.622 I/OMXClient( 1334): MuxOMX ctor
05-02 11:53:36.623 I/OMXMaster( 1331): makeComponentInstance(OMX.google.amrnb.decoder) in mediacodec process
05-02 11:53:36.642 V/WebViewFactory( 2061): RelroFileCreator (64bit = true),  32-bit lib: /system/app/webview/webview.apk!/lib/x86/libwebviewchromium.so, 64-bit lib: /system/app/webview/webview.apk!/lib/x86_64/libwebviewchromium.so
05-02 11:53:36.680 V/vold    ( 1270): Waiting for FUSE to spin up...
05-02 11:53:36.724 W/sdcard  ( 2077): Device explicitly disabled sdcardfs
05-02 11:53:36.740 V/vold    ( 1270): Waiting for FUSE to spin up...
05-02 11:53:36.802 V/vold    ( 1270): Waiting for FUSE to spin up...
05-02 11:53:36.806 I/MediaPlayerService( 1334): MediaPlayerService::getOMX
05-02 11:53:36.807 I/OMXClient( 1334): MuxOMX ctor
05-02 11:53:36.809 I/OMXMaster( 1331): makeComponentInstance(OMX.google.amrwb.decoder) in mediacodec process
05-02 11:53:36.855 V/vold    ( 1270): Waiting for FUSE to spin up...
05-02 11:53:36.889 I/MediaPlayerService( 1334): MediaPlayerService::getOMX
05-02 11:53:36.909 V/vold    ( 1270): Waiting for FUSE to spin up...
05-02 11:53:36.921 I/OMXClient( 1334): MuxOMX ctor
05-02 11:53:36.922 I/OMXMaster( 1331): makeComponentInstance(OMX.google.aac.decoder) in mediacodec process
05-02 11:53:37.015 D/VoldConnector( 1810): RCV <- {651 emulated 2}
05-02 11:53:37.016 D/VoldConnector( 1810): RCV <- {200 6 Command succeeded}
05-02 11:53:37.018 E/VoldConnector( 1810): NDC Command {6 volume mount emulated 3 -1} took too long (922ms)
05-02 11:53:37.019 D/VoldConnector( 1810): SND -> {7 volume mount public:253,48 2 0}
05-02 11:53:37.118 V/vold    ( 1270): /system/bin/blkid
05-02 11:53:37.118 V/vold    ( 1270):     -c
05-02 11:53:37.118 V/vold    ( 1270):     /dev/null
05-02 11:53:37.118 V/vold    ( 1270):     -s
05-02 11:53:37.118 V/vold    ( 1270):     TYPE
05-02 11:53:37.118 V/vold    ( 1270):     -s
05-02 11:53:37.118 V/vold    ( 1270):     UUID
05-02 11:53:37.118 V/vold    ( 1270):     -s
05-02 11:53:37.118 V/vold    ( 1270):     LABEL
05-02 11:53:37.118 V/vold    ( 1270):     /dev/block/vold/public:253,48
05-02 11:53:37.119 D/VoldConnector( 1810): RCV <- {651 public:253,48 1}
05-02 11:53:37.223 I/MediaPlayerService( 1334): MediaPlayerService::getOMX
05-02 11:53:37.225 I/OMXClient( 1334): MuxOMX ctor
05-02 11:53:37.226 I/OMXMaster( 1331): makeComponentInstance(OMX.google.g711.alaw.decoder) in mediacodec process
05-02 11:53:38.405 I/MediaPlayerService( 1334): MediaPlayerService::getOMX
05-02 11:53:38.408 V/vold    ( 1270): /dev/block/vold/public:253,48: LABEL="SDCARD" UUID="1EFF-1C1B" TYPE="vfat" 
05-02 11:53:38.408 V/vold    ( 1270): 
05-02 11:53:38.443 I/OMXClient( 1334): MuxOMX ctor
05-02 11:53:38.443 I/OMXMaster( 1331): makeComponentInstance(OMX.google.g711.mlaw.decoder) in mediacodec process
05-02 11:53:38.445 V/vold    ( 1270): /system/bin/fsck_msdos
05-02 11:53:38.445 V/vold    ( 1270):     -p
05-02 11:53:38.445 V/vold    ( 1270):     -f
05-02 11:53:38.445 V/vold    ( 1270):     /dev/block/vold/public:253,48
05-02 11:53:38.447 D/VoldConnector( 1810): RCV <- {652 public:253,48 vfat}
05-02 11:53:38.448 D/VoldConnector( 1810): RCV <- {653 public:253,48 1EFF-1C1B}
05-02 11:53:38.449 D/VoldConnector( 1810): RCV <- {654 public:253,48 SDCARD}
05-02 11:53:39.101 I/fsck_msdos( 1270): ** /dev/block/vold/public:253,48
05-02 11:53:39.106 V/SystemUIService( 2019): Starting SystemUI services for user 0.
05-02 11:53:39.112 I/fsck_msdos( 1270): ** Phase 1 - Read and Compare FATs
05-02 11:53:39.113 I/fsck_msdos( 1270): Attempting to allocate 1046 KB for FAT
05-02 11:53:39.192 I/LatinIME( 2013): Hardware accelerated drawing: true
05-02 11:53:39.471 I/MediaPlayerService( 1334): MediaPlayerService::getOMX
05-02 11:53:39.473 I/OMXClient( 1334): MuxOMX ctor
05-02 11:53:39.474 I/OMXMaster( 1331): makeComponentInstance(OMX.google.vorbis.decoder) in mediacodec process
05-02 11:53:39.530 I/fsck_msdos( 1270): Attempting to allocate 1046 KB for FAT
05-02 11:53:39.626 I/art     ( 2054): System.exit called, status: 0
05-02 11:53:39.627 I/AndroidRuntime( 2054): VM exiting with result code 0, cleanup skipped.
05-02 11:53:39.881 V/MediaRouter( 2019): Adding route: RouteInfo{ name=Phone, description=null, status=null, category=RouteCategory{ name=null types=ROUTE_TYPE_LIVE_AUDIO ROUTE_TYPE_LIVE_VIDEO  groupable=false }, supportedTypes=ROUTE_TYPE_LIVE_AUDIO ROUTE_TYPE_LIVE_VIDEO , presentationDisplay=null }
05-02 11:53:39.978 V/MediaRouter( 2019): Updating audio routes: AudioRoutesInfo{ type=SPEAKER }
