05-24 13:26:52.577 E/Hyphenator( 1325): 	at libcore.io.IoBridge.open(IoBridge.java:441)
05-24 13:26:52.577 E/Hyphenator( 1325): 	... 6 more
05-24 13:26:52.579 E/Hyphenator( 1325): error loading hyphenation /system/usr/hyphen-data/hyph-hi.hyb
05-24 13:26:52.579 E/Hyphenator( 1325): java.io.FileNotFoundException: /system/usr/hyphen-data/hyph-hi.hyb: open failed: ENOENT (No such file or directory)
05-24 13:26:52.579 E/Hyphenator( 1325): 	at libcore.io.IoBridge.open(IoBridge.java:455)
05-24 13:26:52.579 E/Hyphenator( 1325): 	at java.io.RandomAccessFile.<init>(RandomAccessFile.java:247)
05-24 13:26:52.579 E/Hyphenator( 1325): 	at android.text.Hyphenator.loadHyphenator(Hyphenator.java:118)
05-24 13:26:52.579 E/Hyphenator( 1325): 	at android.text.Hyphenator.init(Hyphenator.java:224)
05-24 13:26:52.579 E/Hyphenator( 1325): 	at com.android.internal.os.ZygoteInit.preloadTextResources(ZygoteInit.java:252)
05-24 13:26:52.579 E/Hyphenator( 1325): 	at com.android.internal.os.ZygoteInit.preload(ZygoteInit.java:206)
05-24 13:26:52.579 E/Hyphenator( 1325): 	at com.android.internal.os.ZygoteInit.main(ZygoteInit.java:743)
05-24 13:26:52.579 E/Hyphenator( 1325): Caused by: android.system.ErrnoException: open failed: ENOENT (No such file or directory)
05-24 13:26:52.579 E/Hyphenator( 1325): 	at libcore.io.Posix.open(Native Method)
05-24 13:26:52.579 E/Hyphenator( 1325): 	at libcore.io.BlockGuardOs.open(BlockGuardOs.java:187)
05-24 13:26:52.579 E/Hyphenator( 1325): 	at libcore.io.IoBridge.open(IoBridge.java:441)
05-24 13:26:52.579 E/Hyphenator( 1325): 	... 6 more
05-24 13:26:52.611 E/Hyphenator( 1325): error loading hyphenation /system/usr/hyphen-data/hyph-hr.hyb
05-24 13:26:52.611 E/Hyphenator( 1325): java.io.FileNotFoundException: /system/usr/hyphen-data/hyph-hr.hyb: open failed: ENOENT (No such file or directory)
05-24 13:26:52.611 E/Hyphenator( 1325): 	at libcore.io.IoBridge.open(IoBridge.java:455)
05-24 13:26:52.611 E/Hyphenator( 1325): 	at java.io.RandomAccessFile.<init>(RandomAccessFile.java:247)
05-24 13:26:52.611 E/Hyphenator( 1325): 	at android.text.Hyphenator.loadHyphenator(Hyphenator.java:118)
05-24 13:26:52.611 E/Hyphenator( 1325): 	at android.text.Hyphenator.init(Hyphenator.java:224)
05-24 13:26:52.611 E/Hyphenator( 1325): 	at com.android.internal.os.ZygoteInit.preloadTextResources(ZygoteInit.java:252)
05-24 13:26:52.611 E/Hyphenator( 1325): 	at com.android.internal.os.ZygoteInit.preload(ZygoteInit.java:206)
05-24 13:26:52.611 E/Hyphenator( 1325): 	at com.android.internal.os.ZygoteInit.main(ZygoteInit.java:743)
05-24 13:26:52.611 E/Hyphenator( 1325): Caused by: android.system.ErrnoException: open failed: ENOENT (No such file or directory)
05-24 13:26:52.611 E/Hyphenator( 1325): 	at libcore.io.Posix.open(Native Method)
05-24 13:26:52.611 E/Hyphenator( 1325): 	at libcore.io.BlockGuardOs.open(BlockGuardOs.java:187)
05-24 13:26:52.611 E/Hyphenator( 1325): 	at libcore.io.IoBridge.open(IoBridge.java:441)
05-24 13:26:52.611 E/Hyphenator( 1325): 	... 6 more
05-24 13:26:52.613 E/Hyphenator( 1325): error loading hyphenation /system/usr/hyphen-data/hyph-hu.hyb
05-24 13:26:52.613 E/Hyphenator( 1325): java.io.FileNotFoundException: /system/usr/hyphen-data/hyph-hu.hyb: open failed: ENOENT (No such file or directory)
05-24 13:26:52.613 E/Hyphenator( 1325): 	at libcore.io.IoBridge.open(IoBridge.java:455)
05-24 13:26:52.613 E/Hyphenator( 1325): 	at java.io.RandomAccessFile.<init>(RandomAccessFile.java:247)
05-24 13:26:52.613 E/Hyphenator( 1325): 	at android.text.Hyphenator.loadHyphenator(Hyphenator.java:118)
05-24 13:26:52.613 E/Hyphenator( 1325): 	at android.text.Hyphenator.init(Hyphenator.java:224)
05-24 13:26:52.613 E/Hyphenator( 1325): 	at com.android.internal.os.ZygoteInit.preloadTextResources(ZygoteInit.java:252)
05-24 13:26:52.613 E/Hyphenator( 1325): 	at com.android.internal.os.ZygoteInit.preload(ZygoteInit.java:206)
05-24 13:26:52.613 E/Hyphenator( 1325): 	at com.android.internal.os.ZygoteInit.main(ZygoteInit.java:743)
05-24 13:26:52.613 E/Hyphenator( 1325): Caused by: android.system.ErrnoException: open failed: ENOENT (No such file or directory)
05-24 13:26:52.613 E/Hyphenator( 1325): 	at libcore.io.Posix.open(Native Method)
05-24 13:26:52.613 E/Hyphenator( 1325): 	at libcore.io.BlockGuardOs.open(BlockGuardOs.java:187)
05-24 13:26:52.613 E/Hyphenator( 1325): 	at libcore.io.IoBridge.open(IoBridge.java:441)
05-24 13:26:52.613 E/Hyphenator( 1325): 	... 6 more
05-24 13:26:52.615 E/Hyphenator( 1325): error loading hyphenation /system/usr/hyphen-data/hyph-hy.hyb
05-24 13:26:52.615 E/Hyphenator( 1325): java.io.FileNotFoundException: /system/usr/hyphen-data/hyph-hy.hyb: open failed: ENOENT (No such file or directory)
05-24 13:26:52.615 E/Hyphenator( 1325): 	at libcore.io.IoBridge.open(IoBridge.java:455)
05-24 13:26:52.615 E/Hyphenator( 1325): 	at java.io.RandomAccessFile.<init>(RandomAccessFile.java:247)
05-24 13:26:52.615 E/Hyphenator( 1325): 	at android.text.Hyphenator.loadHyphenator(Hyphenator.java:118)
05-24 13:26:52.615 E/Hyphenator( 1325): 	at android.text.Hyphenator.init(Hyphenator.java:224)
05-24 13:26:52.615 E/Hyphenator( 1325): 	at com.android.internal.os.ZygoteInit.preloadTextResources(ZygoteInit.java:252)
05-24 13:26:52.615 E/Hyphenator( 1325): 	at com.android.internal.os.ZygoteInit.preload(ZygoteInit.java:206)
05-24 13:26:52.615 E/Hyphenator( 1325): 	at com.android.internal.os.ZygoteInit.main(ZygoteInit.java:743)
05-24 13:26:52.615 E/Hyphenator( 1325): Caused by: android.system.ErrnoException: open failed: ENOENT (No such file or directory)
05-24 13:26:52.615 E/Hyphenator( 1325): 	at libcore.io.Posix.open(Native Method)
05-24 13:26:52.615 E/Hyphenator( 1325): 	at libcore.io.BlockGuardOs.open(BlockGuardOs.java:187)
05-24 13:26:52.615 E/Hyphenator( 1325): 	at libcore.io.IoBridge.open(IoBridge.java:441)
05-24 13:26:52.615 E/Hyphenator( 1325): 	... 6 more
05-24 13:26:52.616 E/Hyphenator( 1325): error loading hyphenation /system/usr/hyphen-data/hyph-kn.hyb
05-24 13:26:52.616 E/Hyphenator( 1325): java.io.FileNotFoundException: /system/usr/hyphen-data/hyph-kn.hyb: open failed: ENOENT (No such file or directory)
05-24 13:26:52.616 E/Hyphenator( 1325): 	at libcore.io.IoBridge.open(IoBridge.java:455)
05-24 13:26:52.616 E/Hyphenator( 1325): 	at java.io.RandomAccessFile.<init>(RandomAccessFile.java:247)
05-24 13:26:52.616 E/Hyphenator( 1325): 	at android.text.Hyphenator.loadHyphenator(Hyphenator.java:118)
05-24 13:26:52.616 E/Hyphenator( 1325): 	at android.text.Hyphenator.init(Hyphenator.java:224)
05-24 13:26:52.616 E/Hyphenator( 1325): 	at com.android.internal.os.ZygoteInit.preloadTextResources(ZygoteInit.java:252)
05-24 13:26:52.616 E/Hyphenator( 1325): 	at com.android.internal.os.ZygoteInit.preload(ZygoteInit.java:206)
05-24 13:26:52.616 E/Hyphenator( 1325): 	at com.android.internal.os.ZygoteInit.main(ZygoteInit.java:743)
05-24 13:26:52.616 E/Hyphenator( 1325): Caused by: android.system.ErrnoException: open failed: ENOENT (No such file or directory)
05-24 13:26:52.616 E/Hyphenator( 1325): 	at libcore.io.Posix.open(Native Method)
05-24 13:26:52.616 E/Hyphenator( 1325): 	at libcore.io.BlockGuardOs.open(BlockGuardOs.java:187)
05-24 13:26:52.616 E/Hyphenator( 1325): 	at libcore.io.IoBridge.open(IoBridge.java:441)
05-24 13:26:52.616 E/Hyphenator( 1325): 	... 6 more
05-24 13:26:52.618 E/Hyphenator( 1325): error loading hyphenation /system/usr/hyphen-data/hyph-ml.hyb
05-24 13:26:52.618 E/Hyphenator( 1325): java.io.FileNotFoundException: /system/usr/hyphen-data/hyph-ml.hyb: open failed: ENOENT (No such file or directory)
05-24 13:26:52.618 E/Hyphenator( 1325): 	at libcore.io.IoBridge.open(IoBridge.java:455)
05-24 13:26:52.618 E/Hyphenator( 1325): 	at java.io.RandomAccessFile.<init>(RandomAccessFile.java:247)
05-24 13:26:52.618 E/Hyphenator( 1325): 	at android.text.Hyphenator.loadHyphenator(Hyphenator.java:118)
05-24 13:26:52.618 E/Hyphenator( 1325): 	at android.text.Hyphenator.init(Hyphenator.java:224)
05-24 13:26:52.618 E/Hyphenator( 1325): 	at com.android.internal.os.ZygoteInit.preloadTextResources(ZygoteInit.java:252)
05-24 13:26:52.618 E/Hyphenator( 1325): 	at com.android.internal.os.ZygoteInit.preload(ZygoteInit.java:206)
05-24 13:26:52.618 E/Hyphenator( 1325): 	at com.android.internal.os.ZygoteInit.main(ZygoteInit.java:743)
05-24 13:26:52.618 E/Hyphenator( 1325): Caused by: android.system.ErrnoException: open failed: ENOENT (No such file or directory)
05-24 13:26:52.618 E/Hyphenator( 1325): 	at libcore.io.Posix.open(Native Method)
05-24 13:26:52.618 E/Hyphenator( 1325): 	at libcore.io.BlockGuardOs.open(BlockGuardOs.java:187)
05-24 13:26:52.618 E/Hyphenator( 1325): 	at libcore.io.IoBridge.open(IoBridge.java:441)
05-24 13:26:52.618 E/Hyphenator( 1325): 	... 6 more
05-24 13:26:52.641 E/Hyphenator( 1325): error loading hyphenation /system/usr/hyphen-data/hyph-mn-cyrl.hyb
05-24 13:26:52.641 E/Hyphenator( 1325): java.io.FileNotFoundException: /system/usr/hyphen-data/hyph-mn-cyrl.hyb: open failed: ENOENT (No such file or directory)
05-24 13:26:52.641 E/Hyphenator( 1325): 	at libcore.io.IoBridge.open(IoBridge.java:455)
05-24 13:26:52.641 E/Hyphenator( 1325): 	at java.io.RandomAccessFile.<init>(RandomAccessFile.java:247)
05-24 13:26:52.641 E/Hyphenator( 1325): 	at android.text.Hyphenator.loadHyphenator(Hyphenator.java:118)
05-24 13:26:52.641 E/Hyphenator( 1325): 	at android.text.Hyphenator.init(Hyphenator.java:224)
05-24 13:26:52.641 E/Hyphenator( 1325): 	at com.android.internal.os.ZygoteInit.preloadTextResources(ZygoteInit.java:252)
05-24 13:26:52.641 E/Hyphenator( 1325): 	at com.android.internal.os.ZygoteInit.preload(ZygoteInit.java:206)
05-24 13:26:52.641 E/Hyphenator( 1325): 	at com.android.internal.os.ZygoteInit.main(ZygoteInit.java:743)
05-24 13:26:52.641 E/Hyphenator( 1325): Caused by: android.system.ErrnoException: open failed: ENOENT (No such file or directory)
05-24 13:26:52.641 E/Hyphenator( 1325): 	at libcore.io.Posix.open(Native Method)
05-24 13:26:52.641 E/Hyphenator( 1325): 	at libcore.io.BlockGuardOs.open(BlockGuardOs.java:187)
05-24 13:26:52.641 E/Hyphenator( 1325): 	at libcore.io.IoBridge.open(IoBridge.java:441)
05-24 13:26:52.641 E/Hyphenator( 1325): 	... 6 more
05-24 13:26:52.643 E/Hyphenator( 1325): error loading hyphenation /system/usr/hyphen-data/hyph-mr.hyb
05-24 13:26:52.643 E/Hyphenator( 1325): java.io.FileNotFoundException: /system/usr/hyphen-data/hyph-mr.hyb: open failed: ENOENT (No such file or directory)
05-24 13:26:52.643 E/Hyphenator( 1325): 	at libcore.io.IoBridge.open(IoBridge.java:455)
05-24 13:26:52.643 E/Hyphenator( 1325): 	at java.io.RandomAccessFile.<init>(RandomAccessFile.java:247)
05-24 13:26:52.643 E/Hyphenator( 1325): 	at android.text.Hyphenator.loadHyphenator(Hyphenator.java:118)
05-24 13:26:52.643 E/Hyphenator( 1325): 	at android.text.Hyphenator.init(Hyphenator.java:224)
05-24 13:26:52.643 E/Hyphenator( 1325): 	at com.android.internal.os.ZygoteInit.preloadTextResources(ZygoteInit.java:252)
05-24 13:26:52.643 E/Hyphenator( 1325): 	at com.android.internal.os.ZygoteInit.preload(ZygoteInit.java:206)
05-24 13:26:52.643 E/Hyphenator( 1325): 	at com.android.internal.os.ZygoteInit.main(ZygoteInit.java:743)
05-24 13:26:52.643 E/Hyphenator( 1325): Caused by: android.system.ErrnoException: open failed: ENOENT (No such file or directory)
05-24 13:26:52.643 E/Hyphenator( 1325): 	at libcore.io.Posix.open(Native Method)
05-24 13:26:52.643 E/Hyphenator( 1325): 	at libcore.io.BlockGuardOs.open(BlockGuardOs.java:187)
05-24 13:26:52.643 E/Hyphenator( 1325): 	at libcore.io.IoBridge.open(IoBridge.java:441)
05-24 13:26:52.643 E/Hyphenator( 1325): 	... 6 more
05-24 13:26:52.645 E/Hyphenator( 1325): error loading hyphenation /system/usr/hyphen-data/hyph-nb.hyb
05-24 13:26:52.645 E/Hyphenator( 1325): java.io.FileNotFoundException: /system/usr/hyphen-data/hyph-nb.hyb: open failed: ENOENT (No such file or directory)
05-24 13:26:52.645 E/Hyphenator( 1325): 	at libcore.io.IoBridge.open(IoBridge.java:455)
05-24 13:26:52.645 E/Hyphenator( 1325): 	at java.io.RandomAccessFile.<init>(RandomAccessFile.java:247)
05-24 13:26:52.645 E/Hyphenator( 1325): 	at android.text.Hyphenator.loadHyphenator(Hyphenator.java:118)
05-24 13:26:52.645 E/Hyphenator( 1325): 	at android.text.Hyphenator.init(Hyphenator.java:224)
05-24 13:26:52.645 E/Hyphenator( 1325): 	at com.android.internal.os.ZygoteInit.preloadTextResources(ZygoteInit.java:252)
05-24 13:26:52.645 E/Hyphenator( 1325): 	at com.android.internal.os.ZygoteInit.preload(ZygoteInit.java:206)
05-24 13:26:52.645 E/Hyphenator( 1325): 	at com.android.internal.os.ZygoteInit.main(ZygoteInit.java:743)
05-24 13:26:52.645 E/Hyphenator( 1325): Caused by: android.system.ErrnoException: open failed: ENOENT (No such file or directory)
05-24 13:26:52.645 E/Hyphenator( 1325): 	at libcore.io.Posix.open(Native Method)
05-24 13:26:52.645 E/Hyphenator( 1325): 	at libcore.io.BlockGuardOs.open(BlockGuardOs.java:187)
05-24 13:26:52.645 E/Hyphenator( 1325): 	at libcore.io.IoBridge.open(IoBridge.java:441)
05-24 13:26:52.645 E/Hyphenator( 1325): 	... 6 more
05-24 13:26:52.646 E/Hyphenator( 1325): error loading hyphenation /system/usr/hyphen-data/hyph-nn.hyb
05-24 13:26:52.646 E/Hyphenator( 1325): java.io.FileNotFoundException: /system/usr/hyphen-data/hyph-nn.hyb: open failed: ENOENT (No such file or directory)
05-24 13:26:52.646 E/Hyphenator( 1325): 	at libcore.io.IoBridge.open(IoBridge.java:455)
05-24 13:26:52.646 E/Hyphenator( 1325): 	at java.io.RandomAccessFile.<init>(RandomAccessFile.java:247)
05-24 13:26:52.646 E/Hyphenator( 1325): 	at android.text.Hyphenator.loadHyphenator(Hyphenator.java:118)
05-24 13:26:52.646 E/Hyphenator( 1325): 	at android.text.Hyphenator.init(Hyphenator.java:224)
05-24 13:26:52.646 E/Hyphenator( 1325): 	at com.android.internal.os.ZygoteInit.preloadTextResources(ZygoteInit.java:252)
05-24 13:26:52.646 E/Hyphenator( 1325): 	at com.android.internal.os.ZygoteInit.preload(ZygoteInit.java:206)
05-24 13:26:52.646 E/Hyphenator( 1325): 	at com.android.internal.os.ZygoteInit.main(ZygoteInit.java:743)
05-24 13:26:52.646 E/Hyphenator( 1325): Caused by: android.system.ErrnoException: open failed: ENOENT (No such file or directory)
05-24 13:26:52.646 E/Hyphenator( 1325): 	at libcore.io.Posix.open(Native Method)
05-24 13:26:52.646 E/Hyphenator( 1325): 	at libcore.io.BlockGuardOs.open(BlockGuardOs.java:187)
05-24 13:26:52.646 E/Hyphenator( 1325): 	at libcore.io.IoBridge.open(IoBridge.java:441)
05-24 13:26:52.646 E/Hyphenator( 1325): 	... 6 more
05-24 13:26:52.648 E/Hyphenator( 1325): error loading hyphenation /system/usr/hyphen-data/hyph-or.hyb
05-24 13:26:52.648 E/Hyphenator( 1325): java.io.FileNotFoundException: /system/usr/hyphen-data/hyph-or.hyb: open failed: ENOENT (No such file or directory)
05-24 13:26:52.648 E/Hyphenator( 1325): 	at libcore.io.IoBridge.open(IoBridge.java:455)
05-24 13:26:52.648 E/Hyphenator( 1325): 	at java.io.RandomAccessFile.<init>(RandomAccessFile.java:247)
05-24 13:26:52.648 E/Hyphenator( 1325): 	at android.text.Hyphenator.loadHyphenator(Hyphenator.java:118)
05-24 13:26:52.648 E/Hyphenator( 1325): 	at android.text.Hyphenator.init(Hyphenator.java:224)
05-24 13:26:52.648 E/Hyphenator( 1325): 	at com.android.internal.os.ZygoteInit.preloadTextResources(ZygoteInit.java:252)
05-24 13:26:52.648 E/Hyphenator( 1325): 	at com.android.internal.os.ZygoteInit.preload(ZygoteInit.java:206)
05-24 13:26:52.648 E/Hyphenator( 1325): 	at com.android.internal.os.ZygoteInit.main(ZygoteInit.java:743)
05-24 13:26:52.648 E/Hyphenator( 1325): Caused by: android.system.ErrnoException: open failed: ENOENT (No such file or directory)
05-24 13:26:52.648 E/Hyphenator( 1325): 	at libcore.io.Posix.open(Native Method)
05-24 13:26:52.648 E/Hyphenator( 1325): 	at libcore.io.BlockGuardOs.open(BlockGuardOs.java:187)
05-24 13:26:52.648 E/Hyphenator( 1325): 	at libcore.io.IoBridge.open(IoBridge.java:441)
05-24 13:26:52.648 E/Hyphenator( 1325): 	... 6 more
05-24 13:26:52.649 E/Hyphenator( 1325): error loading hyphenation /system/usr/hyphen-data/hyph-pa.hyb
05-24 13:26:52.649 E/Hyphenator( 1325): java.io.FileNotFoundException: /system/usr/hyphen-data/hyph-pa.hyb: open failed: ENOENT (No such file or directory)
05-24 13:26:52.649 E/Hyphenator( 1325): 	at libcore.io.IoBridge.open(IoBridge.java:455)
05-24 13:26:52.649 E/Hyphenator( 1325): 	at java.io.RandomAccessFile.<init>(RandomAccessFile.java:247)
05-24 13:26:52.649 E/Hyphenator( 1325): 	at android.text.Hyphenator.loadHyphenator(Hyphenator.java:118)
05-24 13:26:52.649 E/Hyphenator( 1325): 	at android.text.Hyphenator.init(Hyphenator.java:224)
05-24 13:26:52.649 E/Hyphenator( 1325): 	at com.android.internal.os.ZygoteInit.preloadTextResources(ZygoteInit.java:252)
05-24 13:26:52.649 E/Hyphenator( 1325): 	at com.android.internal.os.ZygoteInit.preload(ZygoteInit.java:206)
05-24 13:26:52.649 E/Hyphenator( 1325): 	at com.android.internal.os.ZygoteInit.main(ZygoteInit.java:743)
05-24 13:26:52.649 E/Hyphenator( 1325): Caused by: android.system.ErrnoException: open failed: ENOENT (No such file or directory)
05-24 13:26:52.649 E/Hyphenator( 1325): 	at libcore.io.Posix.open(Native Method)
05-24 13:26:52.649 E/Hyphenator( 1325): 	at libcore.io.BlockGuardOs.open(BlockGuardOs.java:187)
05-24 13:26:52.649 E/Hyphenator( 1325): 	at libcore.io.IoBridge.open(IoBridge.java:441)
05-24 13:26:52.649 E/Hyphenator( 1325): 	... 6 more
05-24 13:26:52.723 E/Hyphenator( 1325): error loading hyphenation /system/usr/hyphen-data/hyph-pt.hyb
05-24 13:26:52.723 E/Hyphenator( 1325): java.io.FileNotFoundException: /system/usr/hyphen-data/hyph-pt.hyb: open failed: ENOENT (No such file or directory)
05-24 13:26:52.723 E/Hyphenator( 1325): 	at libcore.io.IoBridge.open(IoBridge.java:455)
05-24 13:26:52.723 E/Hyphenator( 1325): 	at java.io.RandomAccessFile.<init>(RandomAccessFile.java:247)
05-24 13:26:52.723 E/Hyphenator( 1325): 	at android.text.Hyphenator.loadHyphenator(Hyphenator.java:118)
05-24 13:26:52.723 E/Hyphenator( 1325): 	at android.text.Hyphenator.init(Hyphenator.java:224)
05-24 13:26:52.723 E/Hyphenator( 1325): 	at com.android.internal.os.ZygoteInit.preloadTextResources(ZygoteInit.java:252)
05-24 13:26:52.723 E/Hyphenator( 1325): 	at com.android.internal.os.ZygoteInit.preload(ZygoteInit.java:206)
05-24 13:26:52.723 E/Hyphenator( 1325): 	at com.android.internal.os.ZygoteInit.main(ZygoteInit.java:743)
05-24 13:26:52.723 E/Hyphenator( 1325): Caused by: android.system.ErrnoException: open failed: ENOENT (No such file or directory)
05-24 13:26:52.723 E/Hyphenator( 1325): 	at libcore.io.Posix.open(Native Method)
05-24 13:26:52.723 E/Hyphenator( 1325): 	at libcore.io.BlockGuardOs.open(BlockGuardOs.java:187)
05-24 13:26:52.723 E/Hyphenator( 1325): 	at libcore.io.IoBridge.open(IoBridge.java:441)
05-24 13:26:52.723 E/Hyphenator( 1325): 	... 6 more
05-24 13:26:52.728 E/Hyphenator( 1325): error loading hyphenation /system/usr/hyphen-data/hyph-sl.hyb
05-24 13:26:52.728 E/Hyphenator( 1325): java.io.FileNotFoundException: /system/usr/hyphen-data/hyph-sl.hyb: open failed: ENOENT (No such file or directory)
05-24 13:26:52.728 E/Hyphenator( 1325): 	at libcore.io.IoBridge.open(IoBridge.java:455)
05-24 13:26:52.728 E/Hyphenator( 1325): 	at java.io.RandomAccessFile.<init>(RandomAccessFile.java:247)
05-24 13:26:52.728 E/Hyphenator( 1325): 	at android.text.Hyphenator.loadHyphenator(Hyphenator.java:118)
05-24 13:26:52.728 E/Hyphenator( 1325): 	at android.text.Hyphenator.init(Hyphenator.java:224)
05-24 13:26:52.728 E/Hyphenator( 1325): 	at com.android.internal.os.ZygoteInit.preloadTextResources(ZygoteInit.java:252)
05-24 13:26:52.728 E/Hyphenator( 1325): 	at com.android.internal.os.ZygoteInit.preload(ZygoteInit.java:206)
05-24 13:26:52.728 E/Hyphenator( 1325): 	at com.android.internal.os.ZygoteInit.main(ZygoteInit.java:743)
05-24 13:26:52.728 E/Hyphenator( 1325): Caused by: android.system.ErrnoException: open failed: ENOENT (No such file or directory)
05-24 13:26:52.728 E/Hyphenator( 1325): 	at libcore.io.Posix.open(Native Method)
05-24 13:26:52.728 E/Hyphenator( 1325): 	at libcore.io.BlockGuardOs.open(BlockGuardOs.java:187)
05-24 13:26:52.728 E/Hyphenator( 1325): 	at libcore.io.IoBridge.open(IoBridge.java:441)
05-24 13:26:52.728 E/Hyphenator( 1325): 	... 6 more
05-24 13:26:52.763 E/Hyphenator( 1325): error loading hyphenation /system/usr/hyphen-data/hyph-ta.hyb
05-24 13:26:52.763 E/Hyphenator( 1325): java.io.FileNotFoundException: /system/usr/hyphen-data/hyph-ta.hyb: open failed: ENOENT (No such file or directory)
05-24 13:26:52.763 E/Hyphenator( 1325): 	at libcore.io.IoBridge.open(IoBridge.java:455)
05-24 13:26:52.763 E/Hyphenator( 1325): 	at java.io.RandomAccessFile.<init>(RandomAccessFile.java:247)
05-24 13:26:52.763 E/Hyphenator( 1325): 	at android.text.Hyphenator.loadHyphenator(Hyphenator.java:118)
05-24 13:26:52.763 E/Hyphenator( 1325): 	at android.text.Hyphenator.init(Hyphenator.java:224)
05-24 13:26:52.763 E/Hyphenator( 1325): 	at com.android.internal.os.ZygoteInit.preloadTextResources(ZygoteInit.java:252)
05-24 13:26:52.763 E/Hyphenator( 1325): 	at com.android.internal.os.ZygoteInit.preload(ZygoteInit.java:206)
05-24 13:26:52.763 E/Hyphenator( 1325): 	at com.android.internal.os.ZygoteInit.main(ZygoteInit.java:743)
05-24 13:26:52.763 E/Hyphenator( 1325): Caused by: android.system.ErrnoException: open failed: ENOENT (No such file or directory)
05-24 13:26:52.763 E/Hyphenator( 1325): 	at libcore.io.Posix.open(Native Method)
05-24 13:26:52.763 E/Hyphenator( 1325): 	at libcore.io.BlockGuardOs.open(BlockGuardOs.java:187)
05-24 13:26:52.763 E/Hyphenator( 1325): 	at libcore.io.IoBridge.open(IoBridge.java:441)
05-24 13:26:52.763 E/Hyphenator( 1325): 	... 6 more
05-24 13:26:52.765 E/Hyphenator( 1325): error loading hyphenation /system/usr/hyphen-data/hyph-te.hyb
05-24 13:26:52.765 E/Hyphenator( 1325): java.io.FileNotFoundException: /system/usr/hyphen-data/hyph-te.hyb: open failed: ENOENT (No such file or directory)
05-24 13:26:52.765 E/Hyphenator( 1325): 	at libcore.io.IoBridge.open(IoBridge.java:455)
05-24 13:26:52.765 E/Hyphenator( 1325): 	at java.io.RandomAccessFile.<init>(RandomAccessFile.java:247)
05-24 13:26:52.765 E/Hyphenator( 1325): 	at android.text.Hyphenator.loadHyphenator(Hyphenator.java:118)
05-24 13:26:52.765 E/Hyphenator( 1325): 	at android.text.Hyphenator.init(Hyphenator.java:224)
05-24 13:26:52.765 E/Hyphenator( 1325): 	at com.android.internal.os.ZygoteInit.preloadTextResources(ZygoteInit.java:252)
05-24 13:26:52.765 E/Hyphenator( 1325): 	at com.android.internal.os.ZygoteInit.preload(ZygoteInit.java:206)
05-24 13:26:52.765 E/Hyphenator( 1325): 	at com.android.internal.os.ZygoteInit.main(ZygoteInit.java:743)
05-24 13:26:52.765 E/Hyphenator( 1325): Caused by: android.system.ErrnoException: open failed: ENOENT (No such file or directory)
05-24 13:26:52.765 E/Hyphenator( 1325): 	at libcore.io.Posix.open(Native Method)
05-24 13:26:52.765 E/Hyphenator( 1325): 	at libcore.io.BlockGuardOs.open(BlockGuardOs.java:187)
05-24 13:26:52.765 E/Hyphenator( 1325): 	at libcore.io.IoBridge.open(IoBridge.java:441)
05-24 13:26:52.765 E/Hyphenator( 1325): 	... 6 more
05-24 13:26:52.767 E/Hyphenator( 1325): error loading hyphenation /system/usr/hyphen-data/hyph-tk.hyb
05-24 13:26:52.767 E/Hyphenator( 1325): java.io.FileNotFoundException: /system/usr/hyphen-data/hyph-tk.hyb: open failed: ENOENT (No such file or directory)
05-24 13:26:52.767 E/Hyphenator( 1325): 	at libcore.io.IoBridge.open(IoBridge.java:455)
05-24 13:26:52.767 E/Hyphenator( 1325): 	at java.io.RandomAccessFile.<init>(RandomAccessFile.java:247)
05-24 13:26:52.767 E/Hyphenator( 1325): 	at android.text.Hyphenator.loadHyphenator(Hyphenator.java:118)
05-24 13:26:52.767 E/Hyphenator( 1325): 	at android.text.Hyphenator.init(Hyphenator.java:224)
05-24 13:26:52.767 E/Hyphenator( 1325): 	at com.android.internal.os.ZygoteInit.preloadTextResources(ZygoteInit.java:252)
05-24 13:26:52.767 E/Hyphenator( 1325): 	at com.android.internal.os.ZygoteInit.preload(ZygoteInit.java:206)
05-24 13:26:52.767 E/Hyphenator( 1325): 	at com.android.internal.os.ZygoteInit.main(ZygoteInit.java:743)
05-24 13:26:52.767 E/Hyphenator( 1325): Caused by: android.system.ErrnoException: open failed: ENOENT (No such file or directory)
05-24 13:26:52.767 E/Hyphenator( 1325): 	at libcore.io.Posix.open(Native Method)
05-24 13:26:52.767 E/Hyphenator( 1325): 	at libcore.io.BlockGuardOs.open(BlockGuardOs.java:187)
05-24 13:26:52.767 E/Hyphenator( 1325): 	at libcore.io.IoBridge.open(IoBridge.java:441)
05-24 13:26:52.767 E/Hyphenator( 1325): 	... 6 more
05-24 13:26:52.768 E/Hyphenator( 1325): error loading hyphenation /system/usr/hyphen-data/hyph-und-ethi.hyb
05-24 13:26:52.768 E/Hyphenator( 1325): java.io.FileNotFoundException: /system/usr/hyphen-data/hyph-und-ethi.hyb: open failed: ENOENT (No such file or directory)
05-24 13:26:52.768 E/Hyphenator( 1325): 	at libcore.io.IoBridge.open(IoBridge.java:455)
05-24 13:26:52.768 E/Hyphenator( 1325): 	at java.io.RandomAccessFile.<init>(RandomAccessFile.java:247)
05-24 13:26:52.768 E/Hyphenator( 1325): 	at android.text.Hyphenator.loadHyphenator(Hyphenator.java:118)
05-24 13:26:52.768 E/Hyphenator( 1325): 	at android.text.Hyphenator.init(Hyphenator.java:224)
05-24 13:26:52.768 E/Hyphenator( 1325): 	at com.android.internal.os.ZygoteInit.preloadTextResources(ZygoteInit.java:252)
05-24 13:26:52.768 E/Hyphenator( 1325): 	at com.android.internal.os.ZygoteInit.preload(ZygoteInit.java:206)
05-24 13:26:52.768 E/Hyphenator( 1325): 	at com.android.internal.os.ZygoteInit.main(ZygoteInit.java:743)
05-24 13:26:52.768 E/Hyphenator( 1325): Caused by: android.system.ErrnoException: open failed: ENOENT (No such file or directory)
05-24 13:26:52.768 E/Hyphenator( 1325): 	at libcore.io.Posix.open(Native Method)
05-24 13:26:52.768 E/Hyphenator( 1325): 	at libcore.io.BlockGuardOs.open(BlockGuardOs.java:187)
05-24 13:26:52.768 E/Hyphenator( 1325): 	at libcore.io.IoBridge.open(IoBridge.java:441)
05-24 13:26:52.768 E/Hyphenator( 1325): 	... 6 more
05-24 13:26:53.214 I/Zygote  ( 1325): Uninstalled ICU cache reference pinning...
05-24 13:26:53.249 I/Zygote  ( 1325): Installed AndroidKeyStoreProvider in 34ms.
05-24 13:26:53.728 I/Zygote  ( 1325): Warmed up JCA providers in 466ms.
05-24 13:26:53.728 D/Zygote  ( 1325): end preload
05-24 13:26:53.730 I/art     ( 1325): Starting a blocking GC Explicit
05-24 13:26:54.113 I/art     ( 1325): Explicit concurrent mark sweep GC freed 15373(1170KB) AllocSpace objects, 1(16KB) LOS objects, 39% free, 6MB/10MB, paused 1.851ms total 290.081ms
05-24 13:26:54.119 I/art     ( 1325): Starting a blocking GC Explicit
05-24 13:26:54.248 I/art     ( 1325): Explicit concurrent mark sweep GC freed 1310(50KB) AllocSpace objects, 2(116KB) LOS objects, 39% free, 6MB/10MB, paused 1.008ms total 125.972ms
05-24 13:26:54.307 I/Zygote  ( 1325): Accepting command socket connections
05-24 13:26:54.468 I/Zygote  ( 3209): Process: zygote socket opened, supported ABIS: x86
05-24 13:26:54.553 I/InstallerConnection( 3209): connecting...
05-24 13:26:54.558 I/        ( 1335): new connection
05-24 13:26:55.111 I/InstallerConnection( 3209): disconnecting...
05-24 13:26:55.111 E/        ( 1335): eof
05-24 13:26:55.112 E/        ( 1335): failed to read size
05-24 13:26:55.112 I/        ( 1335): closing connection
05-24 13:26:56.446 I/SystemServer( 3209): Entered the Android system server!
05-24 13:26:58.341 I/SystemServiceManager( 3209): Starting com.android.server.pm.Installer
05-24 13:26:58.470 I/Installer( 3209): Waiting for installd to be ready.
05-24 13:26:58.471 I/InstallerConnection( 3209): connecting...
05-24 13:26:58.479 I/        ( 1335): new connection
05-24 13:26:58.481 I/SystemServiceManager( 3209): Starting com.android.server.am.ActivityManagerService$Lifecycle
05-24 13:26:58.843 I/ActivityManager( 3209): Memory class: 256
05-24 13:26:58.870 I/ServiceThread( 3209): Enabled StrictMode logging for ActivityManager looper.
05-24 13:26:58.883 I/ServiceThread( 3209): Enabled StrictMode logging for android.ui looper.
05-24 13:26:59.176 D/BatteryStatsImpl( 3209): Reading daily items from /data/system/batterystats-daily.xml
05-24 13:27:00.651 I/IntentFirewall( 3209): Read new rules (A:0 B:0 S:0)
05-24 13:27:00.764 I/ServiceThread( 3209): Enabled StrictMode logging for android.display looper.
05-24 13:27:00.820 D/AppOps  ( 3209): AppOpsService published
05-24 13:27:00.832 I/SystemServiceManager( 3209): Starting com.android.server.power.PowerManagerService
05-24 13:27:00.913 I/ServiceThread( 3209): Enabled StrictMode logging for PowerManagerService looper.
05-24 13:27:00.934 E/PowerManagerService-JNI( 3209): Couldn't load power module (No such file or directory)
05-24 13:27:00.935 W/libsuspend( 3209): Error writing 'on' to /sys/power/state: Invalid argument
05-24 13:27:00.936 I/libsuspend( 3209): Selected wakeup count
05-24 13:27:01.073 I/SystemServiceManager( 3209): Starting com.android.server.lights.LightsService
05-24 13:27:01.150 I/SystemServiceManager( 3209): Starting com.android.server.display.DisplayManagerService
05-24 13:27:01.189 I/SystemServiceManager( 3209): Starting phase 100
05-24 13:27:01.253 E/SurfaceFlinger( 1321): ro.sf.lcd_density must be defined as a build property
05-24 13:27:01.326 I/DisplayManagerService( 3209): Display device added: DisplayDeviceInfo{"Built-in Screen": uniqueId="local:0", 1080 x 1920, modeId 1, defaultModeId 1, supportedModes [{id=1, width=1080, height=1920, fps=60.000004}], colorMode 0, supportedColorModes [0], HdrCapabilities android.view.Display$HdrCapabilities@a69d6308, density 480, 480.0 x 480.0 dpi, appVsyncOff 1000000, presDeadline 16666666, touch INTERNAL, rotation 0, type BUILT_IN, state UNKNOWN, FLAG_DEFAULT_DISPLAY, FLAG_ROTATES_WITH_CONTENT, FLAG_SECURE, FLAG_SUPPORTS_PROTECTED_BUFFERS}
05-24 13:27:01.352 D/SurfaceFlinger( 1321): Set power mode=2, type=0 flinger=0x76ec79a47000
05-24 13:27:01.352 D/SurfaceFlinger( 1321): Screen type=0 is already mode=2
05-24 13:27:01.363 I/DisplayManagerService( 3209): Display device changed state: "Built-in Screen", ON
05-24 13:27:01.365 I/SystemServer( 3209): StartPackageManagerService
05-24 13:27:01.741 W/SystemConfig( 3209): No directory /system/etc/sysconfig, skipping
05-24 13:27:02.002 D/SELinuxMMAC( 3209): Using policy file /system/etc/security/mac_permissions.xml
05-24 13:27:03.502 E/art     ( 3209): DexFile_getDexOptNeeded file '/system/framework/org.apache.http.legacy.jar' does not exist
05-24 13:27:03.504 W/PackageManager( 3209): Library not found: /system/framework/org.apache.http.legacy.jar
05-24 13:27:03.736 E/art     ( 3209): DexFile_getDexOptNeeded file '/system/framework/org.apache.http.legacy.jar' does not exist
05-24 13:27:03.737 W/PackageManager( 3209): Library not found: /system/framework/org.apache.http.legacy.jar
05-24 13:27:03.771 D/PackageManager( 3209): No files in app dir /vendor/overlay
05-24 13:27:04.653 W/PackageManager( 3209): Failed to parse /system/framework/oat: Missing base APK in /system/framework/oat
05-24 13:27:04.656 W/PackageManager( 3209): Failed to parse /system/framework/x86: Missing base APK in /system/framework/x86
05-24 13:27:04.658 W/PackageManager( 3209): Failed to parse /system/framework/x86_64: Missing base APK in /system/framework/x86_64
05-24 13:27:05.685 W/PackageParser( 3209): No actions in intent filter at /system/priv-app/Contacts/Contacts.apk Binary XML file line #409
05-24 13:27:06.597 W/PackageParser( 3209): No actions in intent filter at /system/priv-app/Dialer/Dialer.apk Binary XML file line #186
05-24 13:27:07.185 W/PackageManager( 3209): Permission android.permission.DOWNLOAD_WITHOUT_NOTIFICATION from package com.android.providers.downloads in an unknown group android.permission-group.NETWORK
05-24 13:27:09.947 W/PackageParser( 3209): Ignoring duplicate uses-permissions/uses-permissions-sdk-m: android.permission.USE_CREDENTIALS in package: com.android.settings at: Binary XML file line #53
05-24 13:27:09.949 W/PackageParser( 3209): Ignoring duplicate uses-permissions/uses-permissions-sdk-m: android.permission.READ_SYNC_SETTINGS in package: com.android.settings at: Binary XML file line #58
05-24 13:27:09.949 W/PackageParser( 3209): Ignoring duplicate uses-permissions/uses-permissions-sdk-m: android.permission.WRITE_SYNC_SETTINGS in package: com.android.settings at: Binary XML file line #59
05-24 13:27:11.548 W/PackageParser( 3209): Ignoring duplicate uses-permissions/uses-permissions-sdk-m: android.permission.INSTALL_GRANT_RUNTIME_PERMISSIONS in package: com.android.shell at: Binary XML file line #102
05-24 13:27:12.450 W/PackageParser( 3209): Ignoring duplicate uses-permissions/uses-permissions-sdk-m: android.permission.CONFIGURE_WIFI_DISPLAY in package: com.android.systemui at: Binary XML file line #123
05-24 13:27:13.586 I/art     ( 3209): Background sticky concurrent mark sweep GC freed 33737(2MB) AllocSpace objects, 20(416KB) LOS objects, 31% free, 6MB/10MB, paused 1.826ms total 528.500ms
05-24 13:27:14.294 W/PackageManager( 3209): Non-privileged app; cap priority to 0; package: com.android.calendar activity: com.android.calendar.GoogleCalendarUriIntentFilter origPrio: 50
05-24 13:27:14.612 W/PackageManager( 3209): Non-privileged app; cap priority to 0; package: com.android.cts.ctsshim activity: com.android.cts.ctsshim.InstallPriority origPrio: 100
05-24 13:27:14.613 W/PackageManager( 3209): Non-privileged app; cap priority to 0; package: com.android.cts.ctsshim activity: com.android.cts.ctsshim.InstallPriority origPrio: 100
05-24 13:27:14.613 W/PackageManager( 3209): Non-privileged app; cap priority to 0; package: com.android.cts.ctsshim activity: com.android.cts.ctsshim.InstallPriority origPrio: 100
05-24 13:27:14.613 W/PackageManager( 3209): Non-privileged app; cap priority to 0; package: com.android.cts.ctsshim activity: com.android.cts.ctsshim.InstallPriority origPrio: 100
05-24 13:27:14.613 W/PackageManager( 3209): Non-privileged app; cap priority to 0; package: com.android.cts.ctsshim activity: com.android.cts.ctsshim.InstallPriority origPrio: 100
05-24 13:27:15.793 W/PackageParser( 3209): Ignoring duplicate uses-permissions/uses-permissions-sdk-m: android.permission.WRITE_CONTACTS in package: com.android.email at: Binary XML file line #40
05-24 13:27:16.734 W/PackageParser( 3209): Unknown element under <application>: permission at /system/app/Gallery2/Gallery2.apk Binary XML file line #238
05-24 13:27:16.735 W/PackageParser( 3209): Unknown element under <application>: permission at /system/app/Gallery2/Gallery2.apk Binary XML file line #241
05-24 13:27:17.944 W/PackageManager( 3209): Permission com.android.launcher3.permission.READ_SETTINGS from package com.android.launcher3 in an unknown group android.permission-group.SYSTEM_TOOLS
05-24 13:27:17.945 W/PackageManager( 3209): Permission com.android.launcher3.permission.WRITE_SETTINGS from package com.android.launcher3 in an unknown group android.permission-group.SYSTEM_TOOLS
05-24 13:27:17.945 W/PackageManager( 3209): Permission com.android.launcher.permission.INSTALL_SHORTCUT from package com.android.launcher3 in an unknown group android.permission-group.SYSTEM_TOOLS
05-24 13:27:21.016 D/PackageManager( 3209): No files in app dir /system/vendor/app
05-24 13:27:21.017 D/PackageManager( 3209): No files in app dir /oem/app
05-24 13:27:22.007 W/PackageParser( 3209): No actions in intent filter at /data/app/ApiDemos/ApiDemos.apk Binary XML file line #3145
05-24 13:27:22.008 W/PackageParser( 3209): No actions in intent filter at /data/app/ApiDemos/ApiDemos.apk Binary XML file line #3151
05-24 13:27:22.045 W/PackageManager( 3209): Package com.example.android.apis desires unavailable shared library com.example.will.never.exist; ignoring!
05-24 13:27:22.056 I/SELinux ( 3209): SELinux: Loaded file_contexts contexts from /file_contexts.bin.
05-24 13:27:22.609 D/PackageManager( 3209): No files in app dir /data/app-private
05-24 13:27:22.635 D/PackageManager( 3209): No files in app dir /data/app-ephemeral
05-24 13:27:22.704 E/PackageManager( 3209): There should probably be exactly one setup wizard; found 0: matches=[]
05-24 13:27:22.705 W/PackageManager( 3209): Protected action; cap priority to 0; package: com.android.cts.priv.ctsshim activity: com.android.cts.priv.ctsshim.InstallPriority origPrio: 100
05-24 13:27:22.705 W/PackageManager( 3209): Protected action; cap priority to 0; package: com.android.cts.priv.ctsshim activity: com.android.cts.priv.ctsshim.InstallPriority origPrio: 100
05-24 13:27:22.705 W/PackageManager( 3209): Protected action; cap priority to 0; package: com.android.cts.priv.ctsshim activity: com.android.cts.priv.ctsshim.InstallPriority origPrio: 100
05-24 13:27:22.705 W/PackageManager( 3209): Protected action; cap priority to 0; package: com.android.cts.priv.ctsshim activity: com.android.cts.priv.ctsshim.InstallPriority origPrio: 100
05-24 13:27:22.705 W/PackageManager( 3209): Protected action; cap priority to 0; package: com.android.packageinstaller activity: com.android.packageinstaller.PackageInstallerActivity origPrio: 1
05-24 13:27:22.706 W/PackageManager( 3209): Package com.android.camera desires unavailable shared library com.google.android.media.effects; ignoring!
05-24 13:27:22.706 W/PackageManager( 3209): Package com.android.gallery3d desires unavailable shared library com.google.android.media.effects; ignoring!
05-24 13:27:22.706 W/PackageManager( 3209): Package com.android.gallery3d desires unavailable shared library com.google.android.media.effects; ignoring!
05-24 13:27:22.706 W/PackageManager( 3209): Package com.example.android.apis desires unavailable shared library com.example.will.never.exist; ignoring!
05-24 13:27:22.707 I/PackageManager( 3209): Adjusting ABI for com.android.providers.downloads.ui to x86_64 (requirer=com.android.mtp, scannedPackage=null)
05-24 13:27:22.726 I/PackageManager( 3209): Adjusting ABI for com.android.providers.downloads to x86_64 (requirer=com.android.mtp, scannedPackage=null)
05-24 13:27:22.728 I/PackageManager( 3209): Adjusting ABI for com.android.providers.media to x86_64 (requirer=com.android.mtp, scannedPackage=null)
05-24 13:27:22.744 I/PackageManager( 3209): Adjusting ABI for com.android.server.telecom to x86_64 (requirer=android, scannedPackage=null)
05-24 13:27:22.746 I/PackageManager( 3209): Adjusting ABI for com.android.inputdevices to x86_64 (requirer=android, scannedPackage=null)
05-24 13:27:22.750 I/PackageManager( 3209): Adjusting ABI for com.android.wallpaperbackup to x86_64 (requirer=android, scannedPackage=null)
05-24 13:27:22.752 I/PackageManager( 3209): Adjusting ABI for com.android.location.fused to x86_64 (requirer=android, scannedPackage=null)
05-24 13:27:22.754 I/PackageManager( 3209): Adjusting ABI for com.android.providers.settings to x86_64 (requirer=android, scannedPackage=null)
05-24 13:27:22.756 I/PackageManager( 3209): Adjusting ABI for com.android.keychain to x86_64 (requirer=android, scannedPackage=null)
05-24 13:27:22.758 I/PackageManager( 3209): Adjusting ABI for com.android.settings to x86_64 (requirer=android, scannedPackage=null)
05-24 13:27:22.782 I/PackageManager( 3209): Time to scan packages: 19.532 seconds
05-24 13:27:22.785 W/PackageManager( 3209): Unknown permission com.google.android.googleapps.permission.GOOGLE_AUTH in package com.android.providers.calendar
05-24 13:27:22.785 W/PackageManager( 3209): Unknown permission com.google.android.googleapps.permission.GOOGLE_AUTH.cl in package com.android.providers.calendar
05-24 13:27:22.787 W/PackageManager( 3209): Not granting permission android.permission.GLOBAL_SEARCH to package com.android.quicksearchbox (protectionLevel=18 flags=0x3808be45)
05-24 13:27:22.788 W/PackageManager( 3209): Not granting permission android.permission.WRITE_EXTERNAL_STORAGE to package gov.nasa.arc.astrobee.android.gs.manager because it was previously installed without
05-24 13:27:22.788 W/PackageManager( 3209): Not granting permission android.permission.READ_EXTERNAL_STORAGE to package gov.nasa.arc.astrobee.android.gs.manager because it was previously installed without
05-24 13:27:22.788 W/PackageManager( 3209): Unknown permission com.android.launcher.permission.READ_SETTINGS in package com.android.launcher3
05-24 13:27:22.788 W/PackageManager( 3209): Unknown permission com.android.launcher.permission.WRITE_SETTINGS in package com.android.launcher3
05-24 13:27:22.788 W/PackageManager( 3209): Not granting permission android.permission.BIND_APPWIDGET to package com.android.launcher3 (protectionLevel=18 flags=0x3c4bbe45)
05-24 13:27:22.789 W/PackageManager( 3209): Unknown permission com.google.android.googleapps.permission.GOOGLE_AUTH.mail in package com.android.calendar
05-24 13:27:22.789 W/PackageManager( 3209): Unknown permission com.google.android.providers.settings.permission.WRITE_GSETTINGS in package com.android.sdksetup
05-24 13:27:22.802 W/PackageManager( 3209): Unknown permission com.google.android.permission.INSTALL_WEARABLE_PACKAGES in package com.android.packageinstaller
05-24 13:27:22.802 W/PackageManager( 3209): Not granting permission android.permission.DELETE_PACKAGES to package com.svox.pico (protectionLevel=18 flags=0x3808be45)
05-24 13:27:22.802 W/PackageManager( 3209): Not granting permission android.permission.READ_CONTACTS to package com.example.android.apis because it was previously installed without
05-24 13:27:22.802 W/PackageManager( 3209): Not granting permission android.permission.WRITE_CONTACTS to package com.example.android.apis because it was previously installed without
05-24 13:27:22.802 W/PackageManager( 3209): Not granting permission android.permission.ACCESS_COARSE_LOCATION to package com.example.android.apis because it was previously installed without
05-24 13:27:22.802 W/PackageManager( 3209): Not granting permission android.permission.WRITE_EXTERNAL_STORAGE to package com.example.android.apis because it was previously installed without
05-24 13:27:22.803 W/PackageManager( 3209): Not granting permission android.permission.SEND_SMS to package com.example.android.apis because it was previously installed without
05-24 13:27:22.803 W/PackageManager( 3209): Not granting permission android.permission.RECEIVE_SMS to package com.example.android.apis because it was previously installed without
05-24 13:27:22.803 W/PackageManager( 3209): Not granting permission android.permission.RECEIVE_MMS to package com.example.android.apis because it was previously installed without
05-24 13:27:22.803 W/PackageManager( 3209): Not granting permission android.permission.READ_SMS to package com.example.android.apis because it was previously installed without
05-24 13:27:22.803 W/PackageManager( 3209): Not granting permission android.permission.READ_PHONE_STATE to package com.example.android.apis because it was previously installed without
05-24 13:27:22.803 W/PackageManager( 3209): Not granting permission android.permission.RECORD_AUDIO to package com.example.android.apis because it was previously installed without
05-24 13:27:22.803 W/PackageManager( 3209): Not granting permission android.permission.CAMERA to package com.example.android.apis because it was previously installed without
05-24 13:27:22.803 W/PackageManager( 3209): Not granting permission android.permission.READ_EXTERNAL_STORAGE to package com.example.android.apis because it was previously installed without
05-24 13:27:22.803 W/PackageManager( 3209): Unknown permission android.permission.RUN_INSTRUMENTATION in package org.chromium.webview_shell
05-24 13:27:22.804 W/PackageManager( 3209): Unknown permission com.google.android.googleapps.permission.GOOGLE_AUTH in package com.android.settings
05-24 13:27:22.804 W/PackageManager( 3209): Unknown permission com.android.launcher.permission.READ_SETTINGS in package com.android.settings
05-24 13:27:22.804 W/PackageManager( 3209): Unknown permission com.android.launcher.permission.WRITE_SETTINGS in package com.android.settings
05-24 13:27:22.805 W/PackageManager( 3209): Unknown permission com.android.smspush.WAPPUSH_MANAGER_BIND in package com.android.phone
05-24 13:27:22.806 W/PackageManager( 3209): Unknown permission com.google.android.googleapps.permission.ACCESS_GOOGLE_PASSWORD in package com.android.development
05-24 13:27:22.806 W/PackageManager( 3209): Unknown permission com.google.android.googleapps.permission.GOOGLE_AUTH in package com.android.development
05-24 13:27:22.806 W/PackageManager( 3209): Unknown permission com.google.android.googleapps.permission.GOOGLE_AUTH.ALL_SERVICES in package com.android.development
05-24 13:27:22.806 W/PackageManager( 3209): Unknown permission com.google.android.googleapps.permission.GOOGLE_AUTH.YouTubeUser in package com.android.development
05-24 13:27:22.806 W/PackageManager( 3209): Not granting permission android.permission.BIND_APPWIDGET to package com.android.widgetpreview (protectionLevel=18 flags=0x3808be44)
05-24 13:27:22.808 V/PackageManager( 3209): reconcileAppsData for null u0 0x3
05-24 13:27:22.895 I/SELinux ( 1335): SELinux: Loaded file_contexts contexts from /file_contexts.bin.
05-24 13:27:27.132 V/PackageManager( 3209): reconcileAppsData finished 81 packages
05-24 13:27:27.733 E/PackageManager( 3209): There should probably be a verifier, but, none were found
05-24 13:27:27.984 W/PackageInstaller( 3209): Abandoning old session first created at 1616675837967
05-24 13:27:27.987 W/PackageInstaller( 3209): Deleting orphan stage /data/app/vmdl1539828231.tmp
05-24 13:27:28.014 D/PackageManager( 3209): Ephemeral resolver NOT found; no matching intent filters
05-24 13:27:28.016 I/PackageManager( 3209): Ephemeral deactivated; missing resolver and installer
05-24 13:27:28.017 I/art     ( 3209): Starting a blocking GC Explicit
05-24 13:27:28.022 W/art     ( 3209): Long monitor contention with owner main (3209) at int android.net.LocalSocketImpl.readba_native(byte[], int, int, java.io.FileDescriptor)(LocalSocketImpl.java:-2) waiters=0 in void com.android.server.pm.Settings$RuntimePermissionPersistence.writePermissionsSync(int) for 3.329s
05-24 13:27:28.175 I/art     ( 3209): Explicit concurrent mark sweep GC freed 37747(2MB) AllocSpace objects, 4(80KB) LOS objects, 33% free, 7MB/10MB, paused 584us total 145.882ms
05-24 13:27:28.248 I/SystemServer( 3209): StartOtaDexOptService
05-24 13:27:28.297 I/SystemServer( 3209): StartUserManagerService
05-24 13:27:28.298 I/SystemServiceManager( 3209): Starting com.android.server.pm.UserManagerService$LifeCycle
05-24 13:27:28.462 I/lowmemorykiller( 1319): ActivityManager connected
05-24 13:27:28.481 D/SensorService( 3209): nuSensorService starting...
05-24 13:27:28.737 D/SensorService( 3209): nuSensorService thread starting...
05-24 13:27:28.752 I/SystemServiceManager( 3209): Starting com.android.server.BatteryService
05-24 13:27:28.759 D/SensorService( 3209): new thread SensorEventAckReceiver
05-24 13:27:28.832 I/SystemServiceManager( 3209): Starting com.android.server.usage.UsageStatsService
05-24 13:27:28.990 I/SystemServiceManager( 3209): Starting com.android.server.webkit.WebViewUpdateService
05-24 13:27:29.042 I/SystemServer( 3209): Reading configuration...
05-24 13:27:29.043 I/SystemServer( 3209): StartSchedulingPolicyService
05-24 13:27:29.046 I/SystemServiceManager( 3209): Starting com.android.server.telecom.TelecomLoaderService
05-24 13:27:29.107 I/SystemServer( 3209): StartTelephonyRegistry
05-24 13:27:29.199 I/SystemServer( 3209): StartEntropyMixer
05-24 13:27:29.219 I/EntropyMixer( 3209): Writing entropy...
05-24 13:27:29.314 I/SystemServer( 3209): Camera Service
05-24 13:27:29.321 I/SystemServiceManager( 3209): Starting com.android.server.camera.CameraService
05-24 13:27:29.336 I/ServiceThread( 3209): Enabled StrictMode logging for CameraService_proxy looper.
05-24 13:27:29.351 I/SystemServer( 3209): StartAccountManagerService
05-24 13:27:29.360 I/SystemServiceManager( 3209): Starting com.android.server.accounts.AccountManagerService$Lifecycle
05-24 13:27:29.418 I/SystemServer( 3209): StartContentService
05-24 13:27:29.447 I/SystemServiceManager( 3209): Starting com.android.server.content.ContentService$Lifecycle
05-24 13:27:29.468 I/SystemServer( 3209): InstallSystemProviders
05-24 13:27:29.557 W/System  ( 3209): ClassLoader referenced unknown path: /system/priv-app/SettingsProvider/lib/x86_64
05-24 13:27:29.919 I/SystemServer( 3209): StartVibratorService
05-24 13:27:30.012 E/VibratorService( 3209): Couldn't load vibrator module (No such file or directory)
05-24 13:27:30.013 W/VibratorService( 3209): Tried to stop vibrating but there is no vibrator device.
05-24 13:27:30.018 I/SystemServer( 3209): StartConsumerIrService
05-24 13:27:30.019 E/ConsumerIrService( 3209): Can't open consumer IR HW Module, error: -2
05-24 13:27:30.034 I/SystemServer( 3209): StartAlarmManagerService
05-24 13:27:30.035 I/SystemServiceManager( 3209): Starting com.android.server.AlarmManagerService
05-24 13:27:30.105 W/AlarmManagerService( 3209): no wall clock RTC found
05-24 13:27:30.106 D/AlarmManagerService( 3209): Kernel timezone updated to 0 minutes west of GMT
05-24 13:27:30.159 I/SystemServer( 3209): InitWatchdog
05-24 13:27:30.164 I/SystemServer( 3209): StartInputManagerService
05-24 13:27:30.171 I/InputManager( 3209): Initializing input manager, mUseDevInputEventForAudioJack=true
05-24 13:27:30.178 I/SystemServer( 3209): StartWindowManagerService
05-24 13:27:30.525 I/WindowManager( 3209): No existing display settings /data/system/display_settings.xml; starting empty
05-24 13:27:31.133 I/SystemServer( 3209): StartVrManagerService
05-24 13:27:31.133 I/SystemServiceManager( 3209): Starting com.android.server.vr.VrManagerService
05-24 13:27:31.142 W/VrManagerService( 3209): init_native: Could not open VR hardware module, error No such file or directory (-2).
05-24 13:27:31.231 I/InputManager( 3209): Starting input manager
05-24 13:27:31.264 D/EventHub( 3209): No input device configuration file found for device 'Power Button'.
05-24 13:27:31.271 I/SystemServer( 3209): No Bluetooth Service (emulator)
05-24 13:27:31.271 I/SystemServer( 3209): ConnectivityMetricsLoggerService
05-24 13:27:31.272 I/SystemServiceManager( 3209): Starting com.android.server.connectivity.MetricsLoggerService
