05-12 20:07:04.405 E/Hyphenator( 1324): 	at libcore.io.BlockGuardOs.open(BlockGuardOs.java:187)
05-12 20:07:04.405 E/Hyphenator( 1324): 	at libcore.io.IoBridge.open(IoBridge.java:441)
05-12 20:07:04.405 E/Hyphenator( 1324): 	... 6 more
05-12 20:07:04.406 E/Hyphenator( 1324): error loading hyphenation /system/usr/hyphen-data/hyph-eu.hyb
05-12 20:07:04.406 E/Hyphenator( 1324): java.io.FileNotFoundException: /system/usr/hyphen-data/hyph-eu.hyb: open failed: ENOENT (No such file or directory)
05-12 20:07:04.406 E/Hyphenator( 1324): 	at libcore.io.IoBridge.open(IoBridge.java:455)
05-12 20:07:04.406 E/Hyphenator( 1324): 	at java.io.RandomAccessFile.<init>(RandomAccessFile.java:247)
05-12 20:07:04.406 E/Hyphenator( 1324): 	at android.text.Hyphenator.loadHyphenator(Hyphenator.java:118)
05-12 20:07:04.406 E/Hyphenator( 1324): 	at android.text.Hyphenator.init(Hyphenator.java:224)
05-12 20:07:04.406 E/Hyphenator( 1324): 	at com.android.internal.os.ZygoteInit.preloadTextResources(ZygoteInit.java:252)
05-12 20:07:04.406 E/Hyphenator( 1324): 	at com.android.internal.os.ZygoteInit.preload(ZygoteInit.java:206)
05-12 20:07:04.406 E/Hyphenator( 1324): 	at com.android.internal.os.ZygoteInit.main(ZygoteInit.java:743)
05-12 20:07:04.406 E/Hyphenator( 1324): Caused by: android.system.ErrnoException: open failed: ENOENT (No such file or directory)
05-12 20:07:04.406 E/Hyphenator( 1324): 	at libcore.io.Posix.open(Native Method)
05-12 20:07:04.406 E/Hyphenator( 1324): 	at libcore.io.BlockGuardOs.open(BlockGuardOs.java:187)
05-12 20:07:04.406 E/Hyphenator( 1324): 	at libcore.io.IoBridge.open(IoBridge.java:441)
05-12 20:07:04.406 E/Hyphenator( 1324): 	... 6 more
05-12 20:07:04.442 E/Hyphenator( 1324): error loading hyphenation /system/usr/hyphen-data/hyph-fr.hyb
05-12 20:07:04.442 E/Hyphenator( 1324): java.io.FileNotFoundException: /system/usr/hyphen-data/hyph-fr.hyb: open failed: ENOENT (No such file or directory)
05-12 20:07:04.442 E/Hyphenator( 1324): 	at libcore.io.IoBridge.open(IoBridge.java:455)
05-12 20:07:04.442 E/Hyphenator( 1324): 	at java.io.RandomAccessFile.<init>(RandomAccessFile.java:247)
05-12 20:07:04.442 E/Hyphenator( 1324): 	at android.text.Hyphenator.loadHyphenator(Hyphenator.java:118)
05-12 20:07:04.442 E/Hyphenator( 1324): 	at android.text.Hyphenator.init(Hyphenator.java:224)
05-12 20:07:04.442 E/Hyphenator( 1324): 	at com.android.internal.os.ZygoteInit.preloadTextResources(ZygoteInit.java:252)
05-12 20:07:04.442 E/Hyphenator( 1324): 	at com.android.internal.os.ZygoteInit.preload(ZygoteInit.java:206)
05-12 20:07:04.442 E/Hyphenator( 1324): 	at com.android.internal.os.ZygoteInit.main(ZygoteInit.java:743)
05-12 20:07:04.442 E/Hyphenator( 1324): Caused by: android.system.ErrnoException: open failed: ENOENT (No such file or directory)
05-12 20:07:04.442 E/Hyphenator( 1324): 	at libcore.io.Posix.open(Native Method)
05-12 20:07:04.442 E/Hyphenator( 1324): 	at libcore.io.BlockGuardOs.open(BlockGuardOs.java:187)
05-12 20:07:04.442 E/Hyphenator( 1324): 	at libcore.io.IoBridge.open(IoBridge.java:441)
05-12 20:07:04.442 E/Hyphenator( 1324): 	... 6 more
05-12 20:07:04.443 E/Hyphenator( 1324): error loading hyphenation /system/usr/hyphen-data/hyph-ga.hyb
05-12 20:07:04.443 E/Hyphenator( 1324): java.io.FileNotFoundException: /system/usr/hyphen-data/hyph-ga.hyb: open failed: ENOENT (No such file or directory)
05-12 20:07:04.443 E/Hyphenator( 1324): 	at libcore.io.IoBridge.open(IoBridge.java:455)
05-12 20:07:04.443 E/Hyphenator( 1324): 	at java.io.RandomAccessFile.<init>(RandomAccessFile.java:247)
05-12 20:07:04.443 E/Hyphenator( 1324): 	at android.text.Hyphenator.loadHyphenator(Hyphenator.java:118)
05-12 20:07:04.443 E/Hyphenator( 1324): 	at android.text.Hyphenator.init(Hyphenator.java:224)
05-12 20:07:04.443 E/Hyphenator( 1324): 	at com.android.internal.os.ZygoteInit.preloadTextResources(ZygoteInit.java:252)
05-12 20:07:04.443 E/Hyphenator( 1324): 	at com.android.internal.os.ZygoteInit.preload(ZygoteInit.java:206)
05-12 20:07:04.443 E/Hyphenator( 1324): 	at com.android.internal.os.ZygoteInit.main(ZygoteInit.java:743)
05-12 20:07:04.443 E/Hyphenator( 1324): Caused by: android.system.ErrnoException: open failed: ENOENT (No such file or directory)
05-12 20:07:04.443 E/Hyphenator( 1324): 	at libcore.io.Posix.open(Native Method)
05-12 20:07:04.443 E/Hyphenator( 1324): 	at libcore.io.BlockGuardOs.open(BlockGuardOs.java:187)
05-12 20:07:04.443 E/Hyphenator( 1324): 	at libcore.io.IoBridge.open(IoBridge.java:441)
05-12 20:07:04.443 E/Hyphenator( 1324): 	... 6 more
05-12 20:07:04.445 E/Hyphenator( 1324): error loading hyphenation /system/usr/hyphen-data/hyph-gu.hyb
05-12 20:07:04.445 E/Hyphenator( 1324): java.io.FileNotFoundException: /system/usr/hyphen-data/hyph-gu.hyb: open failed: ENOENT (No such file or directory)
05-12 20:07:04.445 E/Hyphenator( 1324): 	at libcore.io.IoBridge.open(IoBridge.java:455)
05-12 20:07:04.445 E/Hyphenator( 1324): 	at java.io.RandomAccessFile.<init>(RandomAccessFile.java:247)
05-12 20:07:04.445 E/Hyphenator( 1324): 	at android.text.Hyphenator.loadHyphenator(Hyphenator.java:118)
05-12 20:07:04.445 E/Hyphenator( 1324): 	at android.text.Hyphenator.init(Hyphenator.java:224)
05-12 20:07:04.445 E/Hyphenator( 1324): 	at com.android.internal.os.ZygoteInit.preloadTextResources(ZygoteInit.java:252)
05-12 20:07:04.445 E/Hyphenator( 1324): 	at com.android.internal.os.ZygoteInit.preload(ZygoteInit.java:206)
05-12 20:07:04.445 E/Hyphenator( 1324): 	at com.android.internal.os.ZygoteInit.main(ZygoteInit.java:743)
05-12 20:07:04.445 E/Hyphenator( 1324): Caused by: android.system.ErrnoException: open failed: ENOENT (No such file or directory)
05-12 20:07:04.445 E/Hyphenator( 1324): 	at libcore.io.Posix.open(Native Method)
05-12 20:07:04.445 E/Hyphenator( 1324): 	at libcore.io.BlockGuardOs.open(BlockGuardOs.java:187)
05-12 20:07:04.445 E/Hyphenator( 1324): 	at libcore.io.IoBridge.open(IoBridge.java:441)
05-12 20:07:04.445 E/Hyphenator( 1324): 	... 6 more
05-12 20:07:04.446 E/Hyphenator( 1324): error loading hyphenation /system/usr/hyphen-data/hyph-hi.hyb
05-12 20:07:04.446 E/Hyphenator( 1324): java.io.FileNotFoundException: /system/usr/hyphen-data/hyph-hi.hyb: open failed: ENOENT (No such file or directory)
05-12 20:07:04.446 E/Hyphenator( 1324): 	at libcore.io.IoBridge.open(IoBridge.java:455)
05-12 20:07:04.446 E/Hyphenator( 1324): 	at java.io.RandomAccessFile.<init>(RandomAccessFile.java:247)
05-12 20:07:04.446 E/Hyphenator( 1324): 	at android.text.Hyphenator.loadHyphenator(Hyphenator.java:118)
05-12 20:07:04.446 E/Hyphenator( 1324): 	at android.text.Hyphenator.init(Hyphenator.java:224)
05-12 20:07:04.446 E/Hyphenator( 1324): 	at com.android.internal.os.ZygoteInit.preloadTextResources(ZygoteInit.java:252)
05-12 20:07:04.446 E/Hyphenator( 1324): 	at com.android.internal.os.ZygoteInit.preload(ZygoteInit.java:206)
05-12 20:07:04.446 E/Hyphenator( 1324): 	at com.android.internal.os.ZygoteInit.main(ZygoteInit.java:743)
05-12 20:07:04.446 E/Hyphenator( 1324): Caused by: android.system.ErrnoException: open failed: ENOENT (No such file or directory)
05-12 20:07:04.446 E/Hyphenator( 1324): 	at libcore.io.Posix.open(Native Method)
05-12 20:07:04.446 E/Hyphenator( 1324): 	at libcore.io.BlockGuardOs.open(BlockGuardOs.java:187)
05-12 20:07:04.446 E/Hyphenator( 1324): 	at libcore.io.IoBridge.open(IoBridge.java:441)
05-12 20:07:04.446 E/Hyphenator( 1324): 	... 6 more
05-12 20:07:04.448 E/Hyphenator( 1324): error loading hyphenation /system/usr/hyphen-data/hyph-hr.hyb
05-12 20:07:04.448 E/Hyphenator( 1324): java.io.FileNotFoundException: /system/usr/hyphen-data/hyph-hr.hyb: open failed: ENOENT (No such file or directory)
05-12 20:07:04.448 E/Hyphenator( 1324): 	at libcore.io.IoBridge.open(IoBridge.java:455)
05-12 20:07:04.448 E/Hyphenator( 1324): 	at java.io.RandomAccessFile.<init>(RandomAccessFile.java:247)
05-12 20:07:04.448 E/Hyphenator( 1324): 	at android.text.Hyphenator.loadHyphenator(Hyphenator.java:118)
05-12 20:07:04.448 E/Hyphenator( 1324): 	at android.text.Hyphenator.init(Hyphenator.java:224)
05-12 20:07:04.448 E/Hyphenator( 1324): 	at com.android.internal.os.ZygoteInit.preloadTextResources(ZygoteInit.java:252)
05-12 20:07:04.448 E/Hyphenator( 1324): 	at com.android.internal.os.ZygoteInit.preload(ZygoteInit.java:206)
05-12 20:07:04.448 E/Hyphenator( 1324): 	at com.android.internal.os.ZygoteInit.main(ZygoteInit.java:743)
05-12 20:07:04.448 E/Hyphenator( 1324): Caused by: android.system.ErrnoException: open failed: ENOENT (No such file or directory)
05-12 20:07:04.448 E/Hyphenator( 1324): 	at libcore.io.Posix.open(Native Method)
05-12 20:07:04.448 E/Hyphenator( 1324): 	at libcore.io.BlockGuardOs.open(BlockGuardOs.java:187)
05-12 20:07:04.448 E/Hyphenator( 1324): 	at libcore.io.IoBridge.open(IoBridge.java:441)
05-12 20:07:04.448 E/Hyphenator( 1324): 	... 6 more
05-12 20:07:04.474 E/Hyphenator( 1324): error loading hyphenation /system/usr/hyphen-data/hyph-hu.hyb
05-12 20:07:04.474 E/Hyphenator( 1324): java.io.FileNotFoundException: /system/usr/hyphen-data/hyph-hu.hyb: open failed: ENOENT (No such file or directory)
05-12 20:07:04.474 E/Hyphenator( 1324): 	at libcore.io.IoBridge.open(IoBridge.java:455)
05-12 20:07:04.474 E/Hyphenator( 1324): 	at java.io.RandomAccessFile.<init>(RandomAccessFile.java:247)
05-12 20:07:04.474 E/Hyphenator( 1324): 	at android.text.Hyphenator.loadHyphenator(Hyphenator.java:118)
05-12 20:07:04.474 E/Hyphenator( 1324): 	at android.text.Hyphenator.init(Hyphenator.java:224)
05-12 20:07:04.474 E/Hyphenator( 1324): 	at com.android.internal.os.ZygoteInit.preloadTextResources(ZygoteInit.java:252)
05-12 20:07:04.474 E/Hyphenator( 1324): 	at com.android.internal.os.ZygoteInit.preload(ZygoteInit.java:206)
05-12 20:07:04.474 E/Hyphenator( 1324): 	at com.android.internal.os.ZygoteInit.main(ZygoteInit.java:743)
05-12 20:07:04.474 E/Hyphenator( 1324): Caused by: android.system.ErrnoException: open failed: ENOENT (No such file or directory)
05-12 20:07:04.474 E/Hyphenator( 1324): 	at libcore.io.Posix.open(Native Method)
05-12 20:07:04.474 E/Hyphenator( 1324): 	at libcore.io.BlockGuardOs.open(BlockGuardOs.java:187)
05-12 20:07:04.474 E/Hyphenator( 1324): 	at libcore.io.IoBridge.open(IoBridge.java:441)
05-12 20:07:04.474 E/Hyphenator( 1324): 	... 6 more
05-12 20:07:04.476 E/Hyphenator( 1324): error loading hyphenation /system/usr/hyphen-data/hyph-hy.hyb
05-12 20:07:04.476 E/Hyphenator( 1324): java.io.FileNotFoundException: /system/usr/hyphen-data/hyph-hy.hyb: open failed: ENOENT (No such file or directory)
05-12 20:07:04.476 E/Hyphenator( 1324): 	at libcore.io.IoBridge.open(IoBridge.java:455)
05-12 20:07:04.476 E/Hyphenator( 1324): 	at java.io.RandomAccessFile.<init>(RandomAccessFile.java:247)
05-12 20:07:04.476 E/Hyphenator( 1324): 	at android.text.Hyphenator.loadHyphenator(Hyphenator.java:118)
05-12 20:07:04.476 E/Hyphenator( 1324): 	at android.text.Hyphenator.init(Hyphenator.java:224)
05-12 20:07:04.476 E/Hyphenator( 1324): 	at com.android.internal.os.ZygoteInit.preloadTextResources(ZygoteInit.java:252)
05-12 20:07:04.476 E/Hyphenator( 1324): 	at com.android.internal.os.ZygoteInit.preload(ZygoteInit.java:206)
05-12 20:07:04.476 E/Hyphenator( 1324): 	at com.android.internal.os.ZygoteInit.main(ZygoteInit.java:743)
05-12 20:07:04.476 E/Hyphenator( 1324): Caused by: android.system.ErrnoException: open failed: ENOENT (No such file or directory)
05-12 20:07:04.476 E/Hyphenator( 1324): 	at libcore.io.Posix.open(Native Method)
05-12 20:07:04.476 E/Hyphenator( 1324): 	at libcore.io.BlockGuardOs.open(BlockGuardOs.java:187)
05-12 20:07:04.476 E/Hyphenator( 1324): 	at libcore.io.IoBridge.open(IoBridge.java:441)
05-12 20:07:04.476 E/Hyphenator( 1324): 	... 6 more
05-12 20:07:04.478 E/Hyphenator( 1324): error loading hyphenation /system/usr/hyphen-data/hyph-kn.hyb
05-12 20:07:04.478 E/Hyphenator( 1324): java.io.FileNotFoundException: /system/usr/hyphen-data/hyph-kn.hyb: open failed: ENOENT (No such file or directory)
05-12 20:07:04.478 E/Hyphenator( 1324): 	at libcore.io.IoBridge.open(IoBridge.java:455)
05-12 20:07:04.478 E/Hyphenator( 1324): 	at java.io.RandomAccessFile.<init>(RandomAccessFile.java:247)
05-12 20:07:04.478 E/Hyphenator( 1324): 	at android.text.Hyphenator.loadHyphenator(Hyphenator.java:118)
05-12 20:07:04.478 E/Hyphenator( 1324): 	at android.text.Hyphenator.init(Hyphenator.java:224)
05-12 20:07:04.478 E/Hyphenator( 1324): 	at com.android.internal.os.ZygoteInit.preloadTextResources(ZygoteInit.java:252)
05-12 20:07:04.478 E/Hyphenator( 1324): 	at com.android.internal.os.ZygoteInit.preload(ZygoteInit.java:206)
05-12 20:07:04.478 E/Hyphenator( 1324): 	at com.android.internal.os.ZygoteInit.main(ZygoteInit.java:743)
05-12 20:07:04.478 E/Hyphenator( 1324): Caused by: android.system.ErrnoException: open failed: ENOENT (No such file or directory)
05-12 20:07:04.478 E/Hyphenator( 1324): 	at libcore.io.Posix.open(Native Method)
05-12 20:07:04.478 E/Hyphenator( 1324): 	at libcore.io.BlockGuardOs.open(BlockGuardOs.java:187)
05-12 20:07:04.478 E/Hyphenator( 1324): 	at libcore.io.IoBridge.open(IoBridge.java:441)
05-12 20:07:04.478 E/Hyphenator( 1324): 	... 6 more
05-12 20:07:04.479 E/Hyphenator( 1324): error loading hyphenation /system/usr/hyphen-data/hyph-ml.hyb
05-12 20:07:04.479 E/Hyphenator( 1324): java.io.FileNotFoundException: /system/usr/hyphen-data/hyph-ml.hyb: open failed: ENOENT (No such file or directory)
05-12 20:07:04.479 E/Hyphenator( 1324): 	at libcore.io.IoBridge.open(IoBridge.java:455)
05-12 20:07:04.479 E/Hyphenator( 1324): 	at java.io.RandomAccessFile.<init>(RandomAccessFile.java:247)
05-12 20:07:04.479 E/Hyphenator( 1324): 	at android.text.Hyphenator.loadHyphenator(Hyphenator.java:118)
05-12 20:07:04.479 E/Hyphenator( 1324): 	at android.text.Hyphenator.init(Hyphenator.java:224)
05-12 20:07:04.479 E/Hyphenator( 1324): 	at com.android.internal.os.ZygoteInit.preloadTextResources(ZygoteInit.java:252)
05-12 20:07:04.479 E/Hyphenator( 1324): 	at com.android.internal.os.ZygoteInit.preload(ZygoteInit.java:206)
05-12 20:07:04.479 E/Hyphenator( 1324): 	at com.android.internal.os.ZygoteInit.main(ZygoteInit.java:743)
05-12 20:07:04.479 E/Hyphenator( 1324): Caused by: android.system.ErrnoException: open failed: ENOENT (No such file or directory)
05-12 20:07:04.479 E/Hyphenator( 1324): 	at libcore.io.Posix.open(Native Method)
05-12 20:07:04.479 E/Hyphenator( 1324): 	at libcore.io.BlockGuardOs.open(BlockGuardOs.java:187)
05-12 20:07:04.479 E/Hyphenator( 1324): 	at libcore.io.IoBridge.open(IoBridge.java:441)
05-12 20:07:04.479 E/Hyphenator( 1324): 	... 6 more
05-12 20:07:04.552 E/Hyphenator( 1324): error loading hyphenation /system/usr/hyphen-data/hyph-mn-cyrl.hyb
05-12 20:07:04.552 E/Hyphenator( 1324): java.io.FileNotFoundException: /system/usr/hyphen-data/hyph-mn-cyrl.hyb: open failed: ENOENT (No such file or directory)
05-12 20:07:04.552 E/Hyphenator( 1324): 	at libcore.io.IoBridge.open(IoBridge.java:455)
05-12 20:07:04.552 E/Hyphenator( 1324): 	at java.io.RandomAccessFile.<init>(RandomAccessFile.java:247)
05-12 20:07:04.552 E/Hyphenator( 1324): 	at android.text.Hyphenator.loadHyphenator(Hyphenator.java:118)
05-12 20:07:04.552 E/Hyphenator( 1324): 	at android.text.Hyphenator.init(Hyphenator.java:224)
05-12 20:07:04.552 E/Hyphenator( 1324): 	at com.android.internal.os.ZygoteInit.preloadTextResources(ZygoteInit.java:252)
05-12 20:07:04.552 E/Hyphenator( 1324): 	at com.android.internal.os.ZygoteInit.preload(ZygoteInit.java:206)
05-12 20:07:04.552 E/Hyphenator( 1324): 	at com.android.internal.os.ZygoteInit.main(ZygoteInit.java:743)
05-12 20:07:04.552 E/Hyphenator( 1324): Caused by: android.system.ErrnoException: open failed: ENOENT (No such file or directory)
05-12 20:07:04.552 E/Hyphenator( 1324): 	at libcore.io.Posix.open(Native Method)
05-12 20:07:04.552 E/Hyphenator( 1324): 	at libcore.io.BlockGuardOs.open(BlockGuardOs.java:187)
05-12 20:07:04.552 E/Hyphenator( 1324): 	at libcore.io.IoBridge.open(IoBridge.java:441)
05-12 20:07:04.552 E/Hyphenator( 1324): 	... 6 more
05-12 20:07:04.554 E/Hyphenator( 1324): error loading hyphenation /system/usr/hyphen-data/hyph-mr.hyb
05-12 20:07:04.554 E/Hyphenator( 1324): java.io.FileNotFoundException: /system/usr/hyphen-data/hyph-mr.hyb: open failed: ENOENT (No such file or directory)
05-12 20:07:04.554 E/Hyphenator( 1324): 	at libcore.io.IoBridge.open(IoBridge.java:455)
05-12 20:07:04.554 E/Hyphenator( 1324): 	at java.io.RandomAccessFile.<init>(RandomAccessFile.java:247)
05-12 20:07:04.554 E/Hyphenator( 1324): 	at android.text.Hyphenator.loadHyphenator(Hyphenator.java:118)
05-12 20:07:04.554 E/Hyphenator( 1324): 	at android.text.Hyphenator.init(Hyphenator.java:224)
05-12 20:07:04.554 E/Hyphenator( 1324): 	at com.android.internal.os.ZygoteInit.preloadTextResources(ZygoteInit.java:252)
05-12 20:07:04.554 E/Hyphenator( 1324): 	at com.android.internal.os.ZygoteInit.preload(ZygoteInit.java:206)
05-12 20:07:04.554 E/Hyphenator( 1324): 	at com.android.internal.os.ZygoteInit.main(ZygoteInit.java:743)
05-12 20:07:04.554 E/Hyphenator( 1324): Caused by: android.system.ErrnoException: open failed: ENOENT (No such file or directory)
05-12 20:07:04.554 E/Hyphenator( 1324): 	at libcore.io.Posix.open(Native Method)
05-12 20:07:04.554 E/Hyphenator( 1324): 	at libcore.io.BlockGuardOs.open(BlockGuardOs.java:187)
05-12 20:07:04.554 E/Hyphenator( 1324): 	at libcore.io.IoBridge.open(IoBridge.java:441)
05-12 20:07:04.554 E/Hyphenator( 1324): 	... 6 more
05-12 20:07:04.555 E/Hyphenator( 1324): error loading hyphenation /system/usr/hyphen-data/hyph-nb.hyb
05-12 20:07:04.555 E/Hyphenator( 1324): java.io.FileNotFoundException: /system/usr/hyphen-data/hyph-nb.hyb: open failed: ENOENT (No such file or directory)
05-12 20:07:04.555 E/Hyphenator( 1324): 	at libcore.io.IoBridge.open(IoBridge.java:455)
05-12 20:07:04.555 E/Hyphenator( 1324): 	at java.io.RandomAccessFile.<init>(RandomAccessFile.java:247)
05-12 20:07:04.555 E/Hyphenator( 1324): 	at android.text.Hyphenator.loadHyphenator(Hyphenator.java:118)
05-12 20:07:04.555 E/Hyphenator( 1324): 	at android.text.Hyphenator.init(Hyphenator.java:224)
05-12 20:07:04.555 E/Hyphenator( 1324): 	at com.android.internal.os.ZygoteInit.preloadTextResources(ZygoteInit.java:252)
05-12 20:07:04.555 E/Hyphenator( 1324): 	at com.android.internal.os.ZygoteInit.preload(ZygoteInit.java:206)
05-12 20:07:04.555 E/Hyphenator( 1324): 	at com.android.internal.os.ZygoteInit.main(ZygoteInit.java:743)
05-12 20:07:04.555 E/Hyphenator( 1324): Caused by: android.system.ErrnoException: open failed: ENOENT (No such file or directory)
05-12 20:07:04.555 E/Hyphenator( 1324): 	at libcore.io.Posix.open(Native Method)
05-12 20:07:04.555 E/Hyphenator( 1324): 	at libcore.io.BlockGuardOs.open(BlockGuardOs.java:187)
05-12 20:07:04.555 E/Hyphenator( 1324): 	at libcore.io.IoBridge.open(IoBridge.java:441)
05-12 20:07:04.555 E/Hyphenator( 1324): 	... 6 more
05-12 20:07:04.557 E/Hyphenator( 1324): error loading hyphenation /system/usr/hyphen-data/hyph-nn.hyb
05-12 20:07:04.557 E/Hyphenator( 1324): java.io.FileNotFoundException: /system/usr/hyphen-data/hyph-nn.hyb: open failed: ENOENT (No such file or directory)
05-12 20:07:04.557 E/Hyphenator( 1324): 	at libcore.io.IoBridge.open(IoBridge.java:455)
05-12 20:07:04.557 E/Hyphenator( 1324): 	at java.io.RandomAccessFile.<init>(RandomAccessFile.java:247)
05-12 20:07:04.557 E/Hyphenator( 1324): 	at android.text.Hyphenator.loadHyphenator(Hyphenator.java:118)
05-12 20:07:04.557 E/Hyphenator( 1324): 	at android.text.Hyphenator.init(Hyphenator.java:224)
05-12 20:07:04.557 E/Hyphenator( 1324): 	at com.android.internal.os.ZygoteInit.preloadTextResources(ZygoteInit.java:252)
05-12 20:07:04.557 E/Hyphenator( 1324): 	at com.android.internal.os.ZygoteInit.preload(ZygoteInit.java:206)
05-12 20:07:04.557 E/Hyphenator( 1324): 	at com.android.internal.os.ZygoteInit.main(ZygoteInit.java:743)
05-12 20:07:04.557 E/Hyphenator( 1324): Caused by: android.system.ErrnoException: open failed: ENOENT (No such file or directory)
05-12 20:07:04.557 E/Hyphenator( 1324): 	at libcore.io.Posix.open(Native Method)
05-12 20:07:04.557 E/Hyphenator( 1324): 	at libcore.io.BlockGuardOs.open(BlockGuardOs.java:187)
05-12 20:07:04.557 E/Hyphenator( 1324): 	at libcore.io.IoBridge.open(IoBridge.java:441)
05-12 20:07:04.557 E/Hyphenator( 1324): 	... 6 more
05-12 20:07:04.558 E/Hyphenator( 1324): error loading hyphenation /system/usr/hyphen-data/hyph-or.hyb
05-12 20:07:04.558 E/Hyphenator( 1324): java.io.FileNotFoundException: /system/usr/hyphen-data/hyph-or.hyb: open failed: ENOENT (No such file or directory)
05-12 20:07:04.558 E/Hyphenator( 1324): 	at libcore.io.IoBridge.open(IoBridge.java:455)
05-12 20:07:04.558 E/Hyphenator( 1324): 	at java.io.RandomAccessFile.<init>(RandomAccessFile.java:247)
05-12 20:07:04.558 E/Hyphenator( 1324): 	at android.text.Hyphenator.loadHyphenator(Hyphenator.java:118)
05-12 20:07:04.558 E/Hyphenator( 1324): 	at android.text.Hyphenator.init(Hyphenator.java:224)
05-12 20:07:04.558 E/Hyphenator( 1324): 	at com.android.internal.os.ZygoteInit.preloadTextResources(ZygoteInit.java:252)
05-12 20:07:04.558 E/Hyphenator( 1324): 	at com.android.internal.os.ZygoteInit.preload(ZygoteInit.java:206)
05-12 20:07:04.558 E/Hyphenator( 1324): 	at com.android.internal.os.ZygoteInit.main(ZygoteInit.java:743)
05-12 20:07:04.558 E/Hyphenator( 1324): Caused by: android.system.ErrnoException: open failed: ENOENT (No such file or directory)
05-12 20:07:04.558 E/Hyphenator( 1324): 	at libcore.io.Posix.open(Native Method)
05-12 20:07:04.558 E/Hyphenator( 1324): 	at libcore.io.BlockGuardOs.open(BlockGuardOs.java:187)
05-12 20:07:04.558 E/Hyphenator( 1324): 	at libcore.io.IoBridge.open(IoBridge.java:441)
05-12 20:07:04.558 E/Hyphenator( 1324): 	... 6 more
05-12 20:07:04.631 E/Hyphenator( 1324): error loading hyphenation /system/usr/hyphen-data/hyph-pa.hyb
05-12 20:07:04.631 E/Hyphenator( 1324): java.io.FileNotFoundException: /system/usr/hyphen-data/hyph-pa.hyb: open failed: ENOENT (No such file or directory)
05-12 20:07:04.631 E/Hyphenator( 1324): 	at libcore.io.IoBridge.open(IoBridge.java:455)
05-12 20:07:04.631 E/Hyphenator( 1324): 	at java.io.RandomAccessFile.<init>(RandomAccessFile.java:247)
05-12 20:07:04.631 E/Hyphenator( 1324): 	at android.text.Hyphenator.loadHyphenator(Hyphenator.java:118)
05-12 20:07:04.631 E/Hyphenator( 1324): 	at android.text.Hyphenator.init(Hyphenator.java:224)
05-12 20:07:04.631 E/Hyphenator( 1324): 	at com.android.internal.os.ZygoteInit.preloadTextResources(ZygoteInit.java:252)
05-12 20:07:04.631 E/Hyphenator( 1324): 	at com.android.internal.os.ZygoteInit.preload(ZygoteInit.java:206)
05-12 20:07:04.631 E/Hyphenator( 1324): 	at com.android.internal.os.ZygoteInit.main(ZygoteInit.java:743)
05-12 20:07:04.631 E/Hyphenator( 1324): Caused by: android.system.ErrnoException: open failed: ENOENT (No such file or directory)
05-12 20:07:04.631 E/Hyphenator( 1324): 	at libcore.io.Posix.open(Native Method)
05-12 20:07:04.631 E/Hyphenator( 1324): 	at libcore.io.BlockGuardOs.open(BlockGuardOs.java:187)
05-12 20:07:04.631 E/Hyphenator( 1324): 	at libcore.io.IoBridge.open(IoBridge.java:441)
05-12 20:07:04.631 E/Hyphenator( 1324): 	... 6 more
05-12 20:07:04.633 E/Hyphenator( 1324): error loading hyphenation /system/usr/hyphen-data/hyph-pt.hyb
05-12 20:07:04.633 E/Hyphenator( 1324): java.io.FileNotFoundException: /system/usr/hyphen-data/hyph-pt.hyb: open failed: ENOENT (No such file or directory)
05-12 20:07:04.633 E/Hyphenator( 1324): 	at libcore.io.IoBridge.open(IoBridge.java:455)
05-12 20:07:04.633 E/Hyphenator( 1324): 	at java.io.RandomAccessFile.<init>(RandomAccessFile.java:247)
05-12 20:07:04.633 E/Hyphenator( 1324): 	at android.text.Hyphenator.loadHyphenator(Hyphenator.java:118)
05-12 20:07:04.633 E/Hyphenator( 1324): 	at android.text.Hyphenator.init(Hyphenator.java:224)
05-12 20:07:04.633 E/Hyphenator( 1324): 	at com.android.internal.os.ZygoteInit.preloadTextResources(ZygoteInit.java:252)
05-12 20:07:04.633 E/Hyphenator( 1324): 	at com.android.internal.os.ZygoteInit.preload(ZygoteInit.java:206)
05-12 20:07:04.633 E/Hyphenator( 1324): 	at com.android.internal.os.ZygoteInit.main(ZygoteInit.java:743)
05-12 20:07:04.633 E/Hyphenator( 1324): Caused by: android.system.ErrnoException: open failed: ENOENT (No such file or directory)
05-12 20:07:04.633 E/Hyphenator( 1324): 	at libcore.io.Posix.open(Native Method)
05-12 20:07:04.633 E/Hyphenator( 1324): 	at libcore.io.BlockGuardOs.open(BlockGuardOs.java:187)
05-12 20:07:04.633 E/Hyphenator( 1324): 	at libcore.io.IoBridge.open(IoBridge.java:441)
05-12 20:07:04.633 E/Hyphenator( 1324): 	... 6 more
05-12 20:07:04.634 E/Hyphenator( 1324): error loading hyphenation /system/usr/hyphen-data/hyph-sl.hyb
05-12 20:07:04.634 E/Hyphenator( 1324): java.io.FileNotFoundException: /system/usr/hyphen-data/hyph-sl.hyb: open failed: ENOENT (No such file or directory)
05-12 20:07:04.634 E/Hyphenator( 1324): 	at libcore.io.IoBridge.open(IoBridge.java:455)
05-12 20:07:04.634 E/Hyphenator( 1324): 	at java.io.RandomAccessFile.<init>(RandomAccessFile.java:247)
05-12 20:07:04.634 E/Hyphenator( 1324): 	at android.text.Hyphenator.loadHyphenator(Hyphenator.java:118)
05-12 20:07:04.634 E/Hyphenator( 1324): 	at android.text.Hyphenator.init(Hyphenator.java:224)
05-12 20:07:04.634 E/Hyphenator( 1324): 	at com.android.internal.os.ZygoteInit.preloadTextResources(ZygoteInit.java:252)
05-12 20:07:04.634 E/Hyphenator( 1324): 	at com.android.internal.os.ZygoteInit.preload(ZygoteInit.java:206)
05-12 20:07:04.634 E/Hyphenator( 1324): 	at com.android.internal.os.ZygoteInit.main(ZygoteInit.java:743)
05-12 20:07:04.634 E/Hyphenator( 1324): Caused by: android.system.ErrnoException: open failed: ENOENT (No such file or directory)
05-12 20:07:04.634 E/Hyphenator( 1324): 	at libcore.io.Posix.open(Native Method)
05-12 20:07:04.634 E/Hyphenator( 1324): 	at libcore.io.BlockGuardOs.open(BlockGuardOs.java:187)
05-12 20:07:04.634 E/Hyphenator( 1324): 	at libcore.io.IoBridge.open(IoBridge.java:441)
05-12 20:07:04.634 E/Hyphenator( 1324): 	... 6 more
05-12 20:07:04.636 E/Hyphenator( 1324): error loading hyphenation /system/usr/hyphen-data/hyph-ta.hyb
05-12 20:07:04.636 E/Hyphenator( 1324): java.io.FileNotFoundException: /system/usr/hyphen-data/hyph-ta.hyb: open failed: ENOENT (No such file or directory)
05-12 20:07:04.636 E/Hyphenator( 1324): 	at libcore.io.IoBridge.open(IoBridge.java:455)
05-12 20:07:04.636 E/Hyphenator( 1324): 	at java.io.RandomAccessFile.<init>(RandomAccessFile.java:247)
05-12 20:07:04.636 E/Hyphenator( 1324): 	at android.text.Hyphenator.loadHyphenator(Hyphenator.java:118)
05-12 20:07:04.636 E/Hyphenator( 1324): 	at android.text.Hyphenator.init(Hyphenator.java:224)
05-12 20:07:04.636 E/Hyphenator( 1324): 	at com.android.internal.os.ZygoteInit.preloadTextResources(ZygoteInit.java:252)
05-12 20:07:04.636 E/Hyphenator( 1324): 	at com.android.internal.os.ZygoteInit.preload(ZygoteInit.java:206)
05-12 20:07:04.636 E/Hyphenator( 1324): 	at com.android.internal.os.ZygoteInit.main(ZygoteInit.java:743)
05-12 20:07:04.636 E/Hyphenator( 1324): Caused by: android.system.ErrnoException: open failed: ENOENT (No such file or directory)
05-12 20:07:04.636 E/Hyphenator( 1324): 	at libcore.io.Posix.open(Native Method)
05-12 20:07:04.636 E/Hyphenator( 1324): 	at libcore.io.BlockGuardOs.open(BlockGuardOs.java:187)
05-12 20:07:04.636 E/Hyphenator( 1324): 	at libcore.io.IoBridge.open(IoBridge.java:441)
05-12 20:07:04.636 E/Hyphenator( 1324): 	... 6 more
05-12 20:07:04.637 E/Hyphenator( 1324): error loading hyphenation /system/usr/hyphen-data/hyph-te.hyb
05-12 20:07:04.637 E/Hyphenator( 1324): java.io.FileNotFoundException: /system/usr/hyphen-data/hyph-te.hyb: open failed: ENOENT (No such file or directory)
05-12 20:07:04.637 E/Hyphenator( 1324): 	at libcore.io.IoBridge.open(IoBridge.java:455)
05-12 20:07:04.637 E/Hyphenator( 1324): 	at java.io.RandomAccessFile.<init>(RandomAccessFile.java:247)
05-12 20:07:04.637 E/Hyphenator( 1324): 	at android.text.Hyphenator.loadHyphenator(Hyphenator.java:118)
05-12 20:07:04.637 E/Hyphenator( 1324): 	at android.text.Hyphenator.init(Hyphenator.java:224)
05-12 20:07:04.637 E/Hyphenator( 1324): 	at com.android.internal.os.ZygoteInit.preloadTextResources(ZygoteInit.java:252)
05-12 20:07:04.637 E/Hyphenator( 1324): 	at com.android.internal.os.ZygoteInit.preload(ZygoteInit.java:206)
05-12 20:07:04.637 E/Hyphenator( 1324): 	at com.android.internal.os.ZygoteInit.main(ZygoteInit.java:743)
05-12 20:07:04.637 E/Hyphenator( 1324): Caused by: android.system.ErrnoException: open failed: ENOENT (No such file or directory)
05-12 20:07:04.637 E/Hyphenator( 1324): 	at libcore.io.Posix.open(Native Method)
05-12 20:07:04.637 E/Hyphenator( 1324): 	at libcore.io.BlockGuardOs.open(BlockGuardOs.java:187)
05-12 20:07:04.637 E/Hyphenator( 1324): 	at libcore.io.IoBridge.open(IoBridge.java:441)
05-12 20:07:04.637 E/Hyphenator( 1324): 	... 6 more
05-12 20:07:04.639 E/Hyphenator( 1324): error loading hyphenation /system/usr/hyphen-data/hyph-tk.hyb
05-12 20:07:04.639 E/Hyphenator( 1324): java.io.FileNotFoundException: /system/usr/hyphen-data/hyph-tk.hyb: open failed: ENOENT (No such file or directory)
05-12 20:07:04.639 E/Hyphenator( 1324): 	at libcore.io.IoBridge.open(IoBridge.java:455)
05-12 20:07:04.639 E/Hyphenator( 1324): 	at java.io.RandomAccessFile.<init>(RandomAccessFile.java:247)
05-12 20:07:04.639 E/Hyphenator( 1324): 	at android.text.Hyphenator.loadHyphenator(Hyphenator.java:118)
05-12 20:07:04.639 E/Hyphenator( 1324): 	at android.text.Hyphenator.init(Hyphenator.java:224)
05-12 20:07:04.639 E/Hyphenator( 1324): 	at com.android.internal.os.ZygoteInit.preloadTextResources(ZygoteInit.java:252)
05-12 20:07:04.639 E/Hyphenator( 1324): 	at com.android.internal.os.ZygoteInit.preload(ZygoteInit.java:206)
05-12 20:07:04.639 E/Hyphenator( 1324): 	at com.android.internal.os.ZygoteInit.main(ZygoteInit.java:743)
05-12 20:07:04.639 E/Hyphenator( 1324): Caused by: android.system.ErrnoException: open failed: ENOENT (No such file or directory)
05-12 20:07:04.639 E/Hyphenator( 1324): 	at libcore.io.Posix.open(Native Method)
05-12 20:07:04.639 E/Hyphenator( 1324): 	at libcore.io.BlockGuardOs.open(BlockGuardOs.java:187)
05-12 20:07:04.639 E/Hyphenator( 1324): 	at libcore.io.IoBridge.open(IoBridge.java:441)
05-12 20:07:04.639 E/Hyphenator( 1324): 	... 6 more
05-12 20:07:04.701 E/Hyphenator( 1324): error loading hyphenation /system/usr/hyphen-data/hyph-und-ethi.hyb
05-12 20:07:04.701 E/Hyphenator( 1324): java.io.FileNotFoundException: /system/usr/hyphen-data/hyph-und-ethi.hyb: open failed: ENOENT (No such file or directory)
05-12 20:07:04.701 E/Hyphenator( 1324): 	at libcore.io.IoBridge.open(IoBridge.java:455)
05-12 20:07:04.701 E/Hyphenator( 1324): 	at java.io.RandomAccessFile.<init>(RandomAccessFile.java:247)
05-12 20:07:04.701 E/Hyphenator( 1324): 	at android.text.Hyphenator.loadHyphenator(Hyphenator.java:118)
05-12 20:07:04.701 E/Hyphenator( 1324): 	at android.text.Hyphenator.init(Hyphenator.java:224)
05-12 20:07:04.701 E/Hyphenator( 1324): 	at com.android.internal.os.ZygoteInit.preloadTextResources(ZygoteInit.java:252)
05-12 20:07:04.701 E/Hyphenator( 1324): 	at com.android.internal.os.ZygoteInit.preload(ZygoteInit.java:206)
05-12 20:07:04.701 E/Hyphenator( 1324): 	at com.android.internal.os.ZygoteInit.main(ZygoteInit.java:743)
05-12 20:07:04.701 E/Hyphenator( 1324): Caused by: android.system.ErrnoException: open failed: ENOENT (No such file or directory)
05-12 20:07:04.701 E/Hyphenator( 1324): 	at libcore.io.Posix.open(Native Method)
05-12 20:07:04.701 E/Hyphenator( 1324): 	at libcore.io.BlockGuardOs.open(BlockGuardOs.java:187)
05-12 20:07:04.701 E/Hyphenator( 1324): 	at libcore.io.IoBridge.open(IoBridge.java:441)
05-12 20:07:04.701 E/Hyphenator( 1324): 	... 6 more
05-12 20:07:05.128 I/Zygote  ( 1324): Uninstalled ICU cache reference pinning...
05-12 20:07:05.200 I/Zygote  ( 1324): Installed AndroidKeyStoreProvider in 72ms.
05-12 20:07:05.663 I/Zygote  ( 1324): Warmed up JCA providers in 463ms.
05-12 20:07:05.663 D/Zygote  ( 1324): end preload
05-12 20:07:05.664 I/art     ( 1324): Starting a blocking GC Explicit
05-12 20:07:05.895 I/art     ( 1324): Explicit concurrent mark sweep GC freed 16025(1201KB) AllocSpace objects, 2(48KB) LOS objects, 39% free, 6MB/10MB, paused 352us total 229.488ms
05-12 20:07:06.268 E/hostapd ( 1710): Configuration file: /system/etc/simulated_hostapd.conf
05-12 20:07:06.353 I/art     ( 1324): Starting a blocking GC Explicit
05-12 20:07:06.372 E/hostapd ( 1710): Could not read interface wlan1 flags: No such device
05-12 20:07:06.373 I/hostapd ( 1710): nl80211: Driver does not support authentication/association or connect commands
05-12 20:07:06.373 I/hostapd ( 1710): nl80211: deinit ifname=wlan1 disabled_11b_rates=0
05-12 20:07:06.374 E/hostapd ( 1710): Could not read interface wlan1 flags: No such device
05-12 20:07:06.374 E/hostapd ( 1710): nl80211 driver initialization failed.
05-12 20:07:06.375 I/hostapd ( 1710): wlan1: interface state UNINITIALIZED->DISABLED
05-12 20:07:06.375 I/hostapd ( 1710): wlan1: AP-DISABLED 
05-12 20:07:06.375 E/hostapd ( 1710): hostapd_free_hapd_data: Interface wlan1 wasn't started
05-12 20:07:06.585 I/art     ( 1324): Explicit concurrent mark sweep GC freed 1165(44KB) AllocSpace objects, 2(116KB) LOS objects, 39% free, 6MB/10MB, paused 1.836ms total 212.643ms
05-12 20:07:06.603 I/Zygote  ( 1324): Accepting command socket connections
05-12 20:07:06.757 I/Zygote  ( 1689): Process: zygote socket opened, supported ABIS: x86
05-12 20:07:07.008 I/InstallerConnection( 1689): connecting...
05-12 20:07:07.034 I/        ( 1328): new connection
05-12 20:07:07.411 I/InstallerConnection( 1689): disconnecting...
05-12 20:07:07.412 E/        ( 1328): eof
05-12 20:07:07.412 E/        ( 1328): failed to read size
05-12 20:07:07.412 I/        ( 1328): closing connection
05-12 20:07:08.220 I/SystemServer( 1689): Entered the Android system server!
05-12 20:07:09.217 E/ipv6proxy( 1726): Failed to get interface flags for wlan1: No such device
05-12 20:07:09.660 I/SystemServiceManager( 1689): Starting com.android.server.pm.Installer
05-12 20:07:09.690 I/Installer( 1689): Waiting for installd to be ready.
05-12 20:07:09.690 I/InstallerConnection( 1689): connecting...
05-12 20:07:09.691 I/        ( 1328): new connection
05-12 20:07:09.693 I/SystemServiceManager( 1689): Starting com.android.server.am.ActivityManagerService$Lifecycle
05-12 20:07:10.003 I/ActivityManager( 1689): Memory class: 256
05-12 20:07:10.091 I/ServiceThread( 1689): Enabled StrictMode logging for ActivityManager looper.
05-12 20:07:10.150 I/ServiceThread( 1689): Enabled StrictMode logging for android.ui looper.
05-12 20:07:10.501 D/BatteryStatsImpl( 1689): Reading daily items from /data/system/batterystats-daily.xml
05-12 20:07:11.287 E/hostapd ( 1740): Configuration file: /system/etc/simulated_hostapd.conf
05-12 20:07:11.502 E/hostapd ( 1740): Could not read interface wlan1 flags: No such device
05-12 20:07:11.502 I/hostapd ( 1740): nl80211: Driver does not support authentication/association or connect commands
05-12 20:07:11.503 I/hostapd ( 1740): nl80211: deinit ifname=wlan1 disabled_11b_rates=0
05-12 20:07:11.503 E/hostapd ( 1740): Could not read interface wlan1 flags: No such device
05-12 20:07:11.504 E/hostapd ( 1740): nl80211 driver initialization failed.
05-12 20:07:11.504 I/hostapd ( 1740): wlan1: interface state UNINITIALIZED->DISABLED
05-12 20:07:11.504 I/hostapd ( 1740): wlan1: AP-DISABLED 
05-12 20:07:11.504 E/hostapd ( 1740): hostapd_free_hapd_data: Interface wlan1 wasn't started
05-12 20:07:12.300 W/ProcessCpuTracker( 1689): Skipping unknown process pid 1749
05-12 20:07:12.351 I/IntentFirewall( 1689): Read new rules (A:0 B:0 S:0)
05-12 20:07:12.500 I/ServiceThread( 1689): Enabled StrictMode logging for android.display looper.
05-12 20:07:12.784 D/AppOps  ( 1689): AppOpsService published
05-12 20:07:12.785 I/SystemServiceManager( 1689): Starting com.android.server.power.PowerManagerService
05-12 20:07:12.840 I/ServiceThread( 1689): Enabled StrictMode logging for PowerManagerService looper.
05-12 20:07:12.863 E/PowerManagerService-JNI( 1689): Couldn't load power module (No such file or directory)
05-12 20:07:12.927 W/libsuspend( 1689): Error writing 'on' to /sys/power/state: Invalid argument
05-12 20:07:12.928 I/libsuspend( 1689): Selected wakeup count
05-12 20:07:13.152 I/SystemServiceManager( 1689): Starting com.android.server.lights.LightsService
05-12 20:07:13.181 I/SystemServiceManager( 1689): Starting com.android.server.display.DisplayManagerService
05-12 20:07:13.255 I/SystemServiceManager( 1689): Starting phase 100
05-12 20:07:13.274 E/SurfaceFlinger( 1320): ro.sf.lcd_density must be defined as a build property
05-12 20:07:13.372 I/DisplayManagerService( 1689): Display device added: DisplayDeviceInfo{"Built-in Screen": uniqueId="local:0", 1080 x 1920, modeId 1, defaultModeId 1, supportedModes [{id=1, width=1080, height=1920, fps=60.000004}], colorMode 0, supportedColorModes [0], HdrCapabilities android.view.Display$HdrCapabilities@a69d6308, density 480, 480.0 x 480.0 dpi, appVsyncOff 1000000, presDeadline 16666666, touch INTERNAL, rotation 0, type BUILT_IN, state UNKNOWN, FLAG_DEFAULT_DISPLAY, FLAG_ROTATES_WITH_CONTENT, FLAG_SECURE, FLAG_SUPPORTS_PROTECTED_BUFFERS}
05-12 20:07:13.400 D/SurfaceFlinger( 1320): Set power mode=2, type=0 flinger=0x7db5ad047000
05-12 20:07:13.400 D/SurfaceFlinger( 1320): Screen type=0 is already mode=2
05-12 20:07:13.413 I/DisplayManagerService( 1689): Display device changed state: "Built-in Screen", ON
05-12 20:07:13.451 I/SystemServer( 1689): StartPackageManagerService
05-12 20:07:13.729 W/SystemConfig( 1689): No directory /system/etc/sysconfig, skipping
05-12 20:07:14.131 D/SELinuxMMAC( 1689): Using policy file /system/etc/security/mac_permissions.xml
05-12 20:07:14.533 E/ipv6proxy( 1768): Failed to get interface flags for wlan1: No such device
05-12 20:07:15.812 E/art     ( 1689): DexFile_getDexOptNeeded file '/system/framework/org.apache.http.legacy.jar' does not exist
05-12 20:07:15.814 W/PackageManager( 1689): Library not found: /system/framework/org.apache.http.legacy.jar
05-12 20:07:15.975 E/art     ( 1689): DexFile_getDexOptNeeded file '/system/framework/org.apache.http.legacy.jar' does not exist
05-12 20:07:15.976 W/PackageManager( 1689): Library not found: /system/framework/org.apache.http.legacy.jar
05-12 20:07:16.001 D/PackageManager( 1689): No files in app dir /vendor/overlay
05-12 20:07:16.965 E/hostapd ( 1778): Configuration file: /system/etc/simulated_hostapd.conf
05-12 20:07:17.108 E/hostapd ( 1778): Could not read interface wlan1 flags: No such device
05-12 20:07:17.109 I/hostapd ( 1778): nl80211: Driver does not support authentication/association or connect commands
05-12 20:07:17.109 I/hostapd ( 1778): nl80211: deinit ifname=wlan1 disabled_11b_rates=0
05-12 20:07:17.190 E/hostapd ( 1778): Could not read interface wlan1 flags: No such device
05-12 20:07:17.191 E/hostapd ( 1778): nl80211 driver initialization failed.
05-12 20:07:17.191 I/hostapd ( 1778): wlan1: interface state UNINITIALIZED->DISABLED
05-12 20:07:17.191 I/hostapd ( 1778): wlan1: AP-DISABLED 
05-12 20:07:17.191 E/hostapd ( 1778): hostapd_free_hapd_data: Interface wlan1 wasn't started
05-12 20:07:17.716 W/PackageManager( 1689): Failed to parse /system/framework/oat: Missing base APK in /system/framework/oat
05-12 20:07:17.719 W/PackageManager( 1689): Failed to parse /system/framework/x86: Missing base APK in /system/framework/x86
05-12 20:07:17.761 W/PackageManager( 1689): Failed to parse /system/framework/x86_64: Missing base APK in /system/framework/x86_64
05-12 20:07:18.553 W/PackageParser( 1689): No actions in intent filter at /system/priv-app/Contacts/Contacts.apk Binary XML file line #409
05-12 20:07:19.321 W/PackageParser( 1689): No actions in intent filter at /system/priv-app/Dialer/Dialer.apk Binary XML file line #186
05-12 20:07:19.512 E/ipv6proxy( 1788): Failed to get interface flags for wlan1: No such device
05-12 20:07:19.653 W/PackageManager( 1689): Permission android.permission.DOWNLOAD_WITHOUT_NOTIFICATION from package com.android.providers.downloads in an unknown group android.permission-group.NETWORK
05-12 20:07:21.572 W/PackageParser( 1689): Ignoring duplicate uses-permissions/uses-permissions-sdk-m: android.permission.USE_CREDENTIALS in package: com.android.settings at: Binary XML file line #53
05-12 20:07:21.573 W/PackageParser( 1689): Ignoring duplicate uses-permissions/uses-permissions-sdk-m: android.permission.READ_SYNC_SETTINGS in package: com.android.settings at: Binary XML file line #58
05-12 20:07:21.573 W/PackageParser( 1689): Ignoring duplicate uses-permissions/uses-permissions-sdk-m: android.permission.WRITE_SYNC_SETTINGS in package: com.android.settings at: Binary XML file line #59
05-12 20:07:22.174 E/hostapd ( 1798): Configuration file: /system/etc/simulated_hostapd.conf
05-12 20:07:22.282 E/hostapd ( 1798): Could not read interface wlan1 flags: No such device
05-12 20:07:22.282 I/hostapd ( 1798): nl80211: Driver does not support authentication/association or connect commands
05-12 20:07:22.283 I/hostapd ( 1798): nl80211: deinit ifname=wlan1 disabled_11b_rates=0
05-12 20:07:22.283 E/hostapd ( 1798): Could not read interface wlan1 flags: No such device
05-12 20:07:22.284 E/hostapd ( 1798): nl80211 driver initialization failed.
05-12 20:07:22.284 I/hostapd ( 1798): wlan1: interface state UNINITIALIZED->DISABLED
05-12 20:07:22.284 I/hostapd ( 1798): wlan1: AP-DISABLED 
05-12 20:07:22.284 E/hostapd ( 1798): hostapd_free_hapd_data: Interface wlan1 wasn't started
05-12 20:07:22.916 W/PackageParser( 1689): Ignoring duplicate uses-permissions/uses-permissions-sdk-m: android.permission.INSTALL_GRANT_RUNTIME_PERMISSIONS in package: com.android.shell at: Binary XML file line #102
05-12 20:07:23.638 W/PackageParser( 1689): Ignoring duplicate uses-permissions/uses-permissions-sdk-m: android.permission.CONFIGURE_WIFI_DISPLAY in package: com.android.systemui at: Binary XML file line #123
05-12 20:07:24.023 E/ipv6proxy( 1810): Failed to get interface flags for wlan1: No such device
05-12 20:07:24.671 W/art     ( 1689): Suspending all threads took: 33.008ms
05-12 20:07:24.842 I/art     ( 1689): Background sticky concurrent mark sweep GC freed 33656(2MB) AllocSpace objects, 20(416KB) LOS objects, 31% free, 6MB/10MB, paused 36.517ms total 456.356ms
05-12 20:07:25.618 W/PackageManager( 1689): Non-privileged app; cap priority to 0; package: com.android.calendar activity: com.android.calendar.GoogleCalendarUriIntentFilter origPrio: 50
05-12 20:07:26.091 W/PackageManager( 1689): Non-privileged app; cap priority to 0; package: com.android.cts.ctsshim activity: com.android.cts.ctsshim.InstallPriority origPrio: 100
05-12 20:07:26.091 W/PackageManager( 1689): Non-privileged app; cap priority to 0; package: com.android.cts.ctsshim activity: com.android.cts.ctsshim.InstallPriority origPrio: 100
05-12 20:07:26.091 W/PackageManager( 1689): Non-privileged app; cap priority to 0; package: com.android.cts.ctsshim activity: com.android.cts.ctsshim.InstallPriority origPrio: 100
05-12 20:07:26.092 W/PackageManager( 1689): Non-privileged app; cap priority to 0; package: com.android.cts.ctsshim activity: com.android.cts.ctsshim.InstallPriority origPrio: 100
05-12 20:07:26.092 W/PackageManager( 1689): Non-privileged app; cap priority to 0; package: com.android.cts.ctsshim activity: com.android.cts.ctsshim.InstallPriority origPrio: 100
05-12 20:07:26.208 E/hostapd ( 1821): Configuration file: /system/etc/simulated_hostapd.conf
05-12 20:07:26.296 E/hostapd ( 1821): Could not read interface wlan1 flags: No such device
05-12 20:07:26.297 I/hostapd ( 1821): nl80211: Driver does not support authentication/association or connect commands
05-12 20:07:26.297 I/hostapd ( 1821): nl80211: deinit ifname=wlan1 disabled_11b_rates=0
05-12 20:07:26.297 E/hostapd ( 1821): Could not read interface wlan1 flags: No such device
05-12 20:07:26.298 E/hostapd ( 1821): nl80211 driver initialization failed.
05-12 20:07:26.298 I/hostapd ( 1821): wlan1: interface state UNINITIALIZED->DISABLED
05-12 20:07:26.298 I/hostapd ( 1821): wlan1: AP-DISABLED 
05-12 20:07:26.298 E/hostapd ( 1821): hostapd_free_hapd_data: Interface wlan1 wasn't started
05-12 20:07:27.148 W/PackageParser( 1689): Ignoring duplicate uses-permissions/uses-permissions-sdk-m: android.permission.WRITE_CONTACTS in package: com.android.email at: Binary XML file line #40
05-12 20:07:28.074 W/PackageParser( 1689): Unknown element under <application>: permission at /system/app/Gallery2/Gallery2.apk Binary XML file line #238
05-12 20:07:28.076 W/PackageParser( 1689): Unknown element under <application>: permission at /system/app/Gallery2/Gallery2.apk Binary XML file line #241
05-12 20:07:28.572 V/NatController( 1334): runCmd(/system/bin/iptables -w -F natctrl_FORWARD) res=0
05-12 20:07:29.456 W/PackageManager( 1689): Permission com.android.launcher3.permission.READ_SETTINGS from package com.android.launcher3 in an unknown group android.permission-group.SYSTEM_TOOLS
05-12 20:07:29.457 W/PackageManager( 1689): Permission com.android.launcher3.permission.WRITE_SETTINGS from package com.android.launcher3 in an unknown group android.permission-group.SYSTEM_TOOLS
05-12 20:07:29.457 W/PackageManager( 1689): Permission com.android.launcher.permission.INSTALL_SHORTCUT from package com.android.launcher3 in an unknown group android.permission-group.SYSTEM_TOOLS
05-12 20:07:29.484 V/NatController( 1334): runCmd(/system/bin/ip6tables -w -F natctrl_FORWARD) res=0
05-12 20:07:29.584 E/ipv6proxy( 1839): Failed to get interface flags for wlan1: No such device
05-12 20:07:30.041 V/NatController( 1334): runCmd(/system/bin/iptables -w -A natctrl_FORWARD -j DROP) res=0
05-12 20:07:30.465 V/NatController( 1334): runCmd(/system/bin/iptables -w -t nat -F natctrl_nat_POSTROUTING) res=0
05-12 20:07:30.762 V/NatController( 1334): runCmd(/system/bin/ip6tables -w -t raw -F natctrl_raw_PREROUTING) res=0
05-12 20:07:31.162 V/NatController( 1334): runCmd(/system/bin/iptables -w -F natctrl_tether_counters) res=1
05-12 20:07:31.442 E/hostapd ( 1849): Configuration file: /system/etc/simulated_hostapd.conf
05-12 20:07:31.518 E/hostapd ( 1849): Could not read interface wlan1 flags: No such device
05-12 20:07:31.519 I/hostapd ( 1849): nl80211: Driver does not support authentication/association or connect commands
05-12 20:07:31.519 I/hostapd ( 1849): nl80211: deinit ifname=wlan1 disabled_11b_rates=0
05-12 20:07:31.561 V/NatController( 1334): runCmd(/system/bin/ip6tables -w -F natctrl_tether_counters) res=1
05-12 20:07:31.590 E/hostapd ( 1849): Could not read interface wlan1 flags: No such device
05-12 20:07:31.591 E/hostapd ( 1849): nl80211 driver initialization failed.
05-12 20:07:31.591 I/hostapd ( 1849): wlan1: interface state UNINITIALIZED->DISABLED
05-12 20:07:31.591 I/hostapd ( 1849): wlan1: AP-DISABLED 
05-12 20:07:31.592 E/hostapd ( 1849): hostapd_free_hapd_data: Interface wlan1 wasn't started
05-12 20:07:31.894 D/PackageManager( 1689): No files in app dir /system/vendor/app
05-12 20:07:31.895 D/PackageManager( 1689): No files in app dir /oem/app
05-12 20:07:31.957 V/NatController( 1334): runCmd(/system/bin/iptables -w -X natctrl_tether_counters) res=1
05-12 20:07:32.541 V/NatController( 1334): runCmd(/system/bin/ip6tables -w -X natctrl_tether_counters) res=1
05-12 20:07:32.952 V/NatController( 1334): runCmd(/system/bin/iptables -w -N natctrl_tether_counters) res=0
05-12 20:07:33.257 W/PackageParser( 1689): No actions in intent filter at /data/app/ApiDemos/ApiDemos.apk Binary XML file line #3145
05-12 20:07:33.257 W/PackageParser( 1689): No actions in intent filter at /data/app/ApiDemos/ApiDemos.apk Binary XML file line #3151
05-12 20:07:33.356 W/PackageManager( 1689): Package com.example.android.apis desires unavailable shared library com.example.will.never.exist; ignoring!
05-12 20:07:33.371 V/NatController( 1334): runCmd(/system/bin/ip6tables -w -N natctrl_tether_counters) res=0
05-12 20:07:33.407 I/SELinux ( 1689): SELinux: Loaded file_contexts contexts from /file_contexts.bin.
05-12 20:07:33.612 V/NatController( 1334): runCmd(/system/bin/iptables -w -t mangle -A natctrl_mangle_FORWARD -p tcp --tcp-flags SYN SYN -j TCPMSS --clamp-mss-to-pmtu) res=0
05-12 20:07:34.624 E/ipv6proxy( 1863): Failed to get interface flags for wlan1: No such device
05-12 20:07:36.802 E/hostapd ( 1874): Configuration file: /system/etc/simulated_hostapd.conf
05-12 20:07:36.905 E/hostapd ( 1874): Could not read interface wlan1 flags: No such device
05-12 20:07:36.905 I/hostapd ( 1874): nl80211: Driver does not support authentication/association or connect commands
05-12 20:07:36.906 I/hostapd ( 1874): nl80211: deinit ifname=wlan1 disabled_11b_rates=0
05-12 20:07:36.906 E/hostapd ( 1874): Could not read interface wlan1 flags: No such device
05-12 20:07:36.906 E/hostapd ( 1874): nl80211 driver initialization failed.
05-12 20:07:36.907 I/hostapd ( 1874): wlan1: interface state UNINITIALIZED->DISABLED
05-12 20:07:36.907 I/hostapd ( 1874): wlan1: AP-DISABLED 
05-12 20:07:36.907 E/hostapd ( 1874): hostapd_free_hapd_data: Interface wlan1 wasn't started
05-12 20:07:38.254 E/Netd    ( 1334): cannot find interface dummy0
05-12 20:07:38.335 D/MDnsDS  ( 1334): MDnsSdListener::Hander starting up
05-12 20:07:38.371 D/MDnsDS  ( 1334): MDnsSdListener starting to monitor
05-12 20:07:38.371 D/MDnsDS  ( 1334): Going to poll with pollCount 1
05-12 20:07:38.515 E/ipv6proxy( 1884): Failed to get interface flags for wlan1: No such device
05-12 20:07:41.569 E/hostapd ( 1899): Configuration file: /system/etc/simulated_hostapd.conf
05-12 20:07:41.703 E/hostapd ( 1899): Could not read interface wlan1 flags: No such device
05-12 20:07:41.704 I/hostapd ( 1899): nl80211: Driver does not support authentication/association or connect commands
05-12 20:07:41.704 I/hostapd ( 1899): nl80211: deinit ifname=wlan1 disabled_11b_rates=0
05-12 20:07:41.705 E/hostapd ( 1899): Could not read interface wlan1 flags: No such device
