05-12 20:07:41.705 E/hostapd ( 1899): nl80211 driver initialization failed.
05-12 20:07:41.706 I/hostapd ( 1899): wlan1: interface state UNINITIALIZED->DISABLED
05-12 20:07:41.706 I/hostapd ( 1899): wlan1: AP-DISABLED 
05-12 20:07:41.706 E/hostapd ( 1899): hostapd_free_hapd_data: Interface wlan1 wasn't started
05-12 20:07:44.279 E/ipv6proxy( 1908): Failed to get interface flags for wlan1: No such device
05-12 20:07:44.665 D/PackageManager( 1689): No files in app dir /data/app-private
05-12 20:07:44.672 D/PackageManager( 1689): No files in app dir /data/app-ephemeral
05-12 20:07:44.722 E/PackageManager( 1689): There should probably be exactly one setup wizard; found 0: matches=[]
05-12 20:07:44.722 W/PackageManager( 1689): Protected action; cap priority to 0; package: com.android.cts.priv.ctsshim activity: com.android.cts.priv.ctsshim.InstallPriority origPrio: 100
05-12 20:07:44.723 W/PackageManager( 1689): Protected action; cap priority to 0; package: com.android.cts.priv.ctsshim activity: com.android.cts.priv.ctsshim.InstallPriority origPrio: 100
05-12 20:07:44.723 W/PackageManager( 1689): Protected action; cap priority to 0; package: com.android.cts.priv.ctsshim activity: com.android.cts.priv.ctsshim.InstallPriority origPrio: 100
05-12 20:07:44.723 W/PackageManager( 1689): Protected action; cap priority to 0; package: com.android.cts.priv.ctsshim activity: com.android.cts.priv.ctsshim.InstallPriority origPrio: 100
05-12 20:07:44.723 W/PackageManager( 1689): Protected action; cap priority to 0; package: com.android.packageinstaller activity: com.android.packageinstaller.PackageInstallerActivity origPrio: 1
05-12 20:07:44.724 W/PackageManager( 1689): Package com.android.camera desires unavailable shared library com.google.android.media.effects; ignoring!
05-12 20:07:44.724 W/PackageManager( 1689): Package com.android.gallery3d desires unavailable shared library com.google.android.media.effects; ignoring!
05-12 20:07:44.724 W/PackageManager( 1689): Package com.android.gallery3d desires unavailable shared library com.google.android.media.effects; ignoring!
05-12 20:07:44.724 W/PackageManager( 1689): Package com.example.android.apis desires unavailable shared library com.example.will.never.exist; ignoring!
05-12 20:07:44.725 I/PackageManager( 1689): Adjusting ABI for com.android.providers.downloads.ui to x86_64 (requirer=com.android.mtp, scannedPackage=null)
05-12 20:07:44.754 I/PackageManager( 1689): Adjusting ABI for com.android.providers.media to x86_64 (requirer=com.android.mtp, scannedPackage=null)
05-12 20:07:44.763 I/PackageManager( 1689): Adjusting ABI for com.android.providers.downloads to x86_64 (requirer=com.android.mtp, scannedPackage=null)
05-12 20:07:44.766 I/PackageManager( 1689): Adjusting ABI for com.android.settings to x86_64 (requirer=android, scannedPackage=null)
05-12 20:07:44.784 I/PackageManager( 1689): Adjusting ABI for com.android.providers.settings to x86_64 (requirer=android, scannedPackage=null)
05-12 20:07:44.792 I/PackageManager( 1689): Adjusting ABI for com.android.server.telecom to x86_64 (requirer=android, scannedPackage=null)
05-12 20:07:44.794 I/PackageManager( 1689): Adjusting ABI for com.android.keychain to x86_64 (requirer=android, scannedPackage=null)
05-12 20:07:44.796 I/PackageManager( 1689): Adjusting ABI for com.android.location.fused to x86_64 (requirer=android, scannedPackage=null)
05-12 20:07:44.797 I/PackageManager( 1689): Adjusting ABI for com.android.wallpaperbackup to x86_64 (requirer=android, scannedPackage=null)
05-12 20:07:44.799 I/PackageManager( 1689): Adjusting ABI for com.android.inputdevices to x86_64 (requirer=android, scannedPackage=null)
05-12 20:07:44.842 I/PackageManager( 1689): Time to scan packages: 29.162 seconds
05-12 20:07:44.845 W/PackageManager( 1689): Unknown permission com.google.android.googleapps.permission.GOOGLE_AUTH in package com.android.providers.calendar
05-12 20:07:44.845 W/PackageManager( 1689): Unknown permission com.google.android.googleapps.permission.GOOGLE_AUTH.cl in package com.android.providers.calendar
05-12 20:07:44.847 W/PackageManager( 1689): Not granting permission android.permission.GLOBAL_SEARCH to package com.android.quicksearchbox (protectionLevel=18 flags=0x3808be45)
05-12 20:07:44.848 W/PackageManager( 1689): Not granting permission android.permission.WRITE_EXTERNAL_STORAGE to package gov.nasa.arc.astrobee.android.gs.manager because it was previously installed without
05-12 20:07:44.848 W/PackageManager( 1689): Not granting permission android.permission.READ_EXTERNAL_STORAGE to package gov.nasa.arc.astrobee.android.gs.manager because it was previously installed without
05-12 20:07:44.849 W/PackageManager( 1689): Unknown permission com.android.launcher.permission.READ_SETTINGS in package com.android.launcher3
05-12 20:07:44.849 W/PackageManager( 1689): Unknown permission com.android.launcher.permission.WRITE_SETTINGS in package com.android.launcher3
05-12 20:07:44.849 W/PackageManager( 1689): Not granting permission android.permission.BIND_APPWIDGET to package com.android.launcher3 (protectionLevel=18 flags=0x3c4bbe45)
05-12 20:07:44.849 W/PackageManager( 1689): Unknown permission com.google.android.googleapps.permission.GOOGLE_AUTH.mail in package com.android.calendar
05-12 20:07:44.849 W/PackageManager( 1689): Unknown permission com.google.android.providers.settings.permission.WRITE_GSETTINGS in package com.android.sdksetup
05-12 20:07:44.862 W/PackageManager( 1689): Unknown permission com.google.android.permission.INSTALL_WEARABLE_PACKAGES in package com.android.packageinstaller
05-12 20:07:44.862 W/PackageManager( 1689): Not granting permission android.permission.DELETE_PACKAGES to package com.svox.pico (protectionLevel=18 flags=0x3808be45)
05-12 20:07:44.862 W/PackageManager( 1689): Not granting permission android.permission.READ_CONTACTS to package com.example.android.apis because it was previously installed without
05-12 20:07:44.862 W/PackageManager( 1689): Not granting permission android.permission.WRITE_CONTACTS to package com.example.android.apis because it was previously installed without
05-12 20:07:44.862 W/PackageManager( 1689): Not granting permission android.permission.ACCESS_COARSE_LOCATION to package com.example.android.apis because it was previously installed without
05-12 20:07:44.862 W/PackageManager( 1689): Not granting permission android.permission.WRITE_EXTERNAL_STORAGE to package com.example.android.apis because it was previously installed without
05-12 20:07:44.862 W/PackageManager( 1689): Not granting permission android.permission.SEND_SMS to package com.example.android.apis because it was previously installed without
05-12 20:07:44.862 W/PackageManager( 1689): Not granting permission android.permission.RECEIVE_SMS to package com.example.android.apis because it was previously installed without
05-12 20:07:44.863 W/PackageManager( 1689): Not granting permission android.permission.RECEIVE_MMS to package com.example.android.apis because it was previously installed without
05-12 20:07:44.863 W/PackageManager( 1689): Not granting permission android.permission.READ_SMS to package com.example.android.apis because it was previously installed without
05-12 20:07:44.863 W/PackageManager( 1689): Not granting permission android.permission.READ_PHONE_STATE to package com.example.android.apis because it was previously installed without
05-12 20:07:44.863 W/PackageManager( 1689): Not granting permission android.permission.RECORD_AUDIO to package com.example.android.apis because it was previously installed without
05-12 20:07:44.863 W/PackageManager( 1689): Not granting permission android.permission.CAMERA to package com.example.android.apis because it was previously installed without
05-12 20:07:44.863 W/PackageManager( 1689): Not granting permission android.permission.READ_EXTERNAL_STORAGE to package com.example.android.apis because it was previously installed without
05-12 20:07:44.863 W/PackageManager( 1689): Unknown permission android.permission.RUN_INSTRUMENTATION in package org.chromium.webview_shell
05-12 20:07:44.863 W/PackageManager( 1689): Not granting permission android.permission.CAMERA to package jp.jaxa.iss.kibo.rpc.sampleapk because it was previously installed without
05-12 20:07:44.863 W/PackageManager( 1689): Not granting permission android.permission.WRITE_EXTERNAL_STORAGE to package jp.jaxa.iss.kibo.rpc.sampleapk because it was previously installed without
05-12 20:07:44.864 W/PackageManager( 1689): Not granting permission android.permission.READ_EXTERNAL_STORAGE to package jp.jaxa.iss.kibo.rpc.sampleapk because it was previously installed without
05-12 20:07:44.864 W/PackageManager( 1689): Unknown permission com.google.android.googleapps.permission.GOOGLE_AUTH in package com.android.settings
05-12 20:07:44.864 W/PackageManager( 1689): Unknown permission com.android.launcher.permission.READ_SETTINGS in package com.android.settings
05-12 20:07:44.864 W/PackageManager( 1689): Unknown permission com.android.launcher.permission.WRITE_SETTINGS in package com.android.settings
05-12 20:07:44.865 W/PackageManager( 1689): Unknown permission com.android.smspush.WAPPUSH_MANAGER_BIND in package com.android.phone
05-12 20:07:44.866 W/PackageManager( 1689): Unknown permission com.google.android.googleapps.permission.ACCESS_GOOGLE_PASSWORD in package com.android.development
05-12 20:07:44.866 W/PackageManager( 1689): Unknown permission com.google.android.googleapps.permission.GOOGLE_AUTH in package com.android.development
05-12 20:07:44.866 W/PackageManager( 1689): Unknown permission com.google.android.googleapps.permission.GOOGLE_AUTH.ALL_SERVICES in package com.android.development
05-12 20:07:44.866 W/PackageManager( 1689): Unknown permission com.google.android.googleapps.permission.GOOGLE_AUTH.YouTubeUser in package com.android.development
05-12 20:07:44.867 W/PackageManager( 1689): Not granting permission android.permission.BIND_APPWIDGET to package com.android.widgetpreview (protectionLevel=18 flags=0x3808be44)
05-12 20:07:44.868 V/PackageManager( 1689): reconcileAppsData for null u0 0x3
05-12 20:07:45.087 I/SELinux ( 1328): SELinux: Loaded file_contexts contexts from /file_contexts.bin.
05-12 20:07:45.713 E/hostapd ( 1913): Configuration file: /system/etc/simulated_hostapd.conf
05-12 20:07:45.738 E/hostapd ( 1913): Could not read interface wlan1 flags: No such device
05-12 20:07:45.739 I/hostapd ( 1913): nl80211: Driver does not support authentication/association or connect commands
05-12 20:07:45.739 I/hostapd ( 1913): nl80211: deinit ifname=wlan1 disabled_11b_rates=0
05-12 20:07:45.740 E/hostapd ( 1913): Could not read interface wlan1 flags: No such device
05-12 20:07:45.752 E/hostapd ( 1913): nl80211 driver initialization failed.
05-12 20:07:45.752 I/hostapd ( 1913): wlan1: interface state UNINITIALIZED->DISABLED
05-12 20:07:45.752 I/hostapd ( 1913): wlan1: AP-DISABLED 
05-12 20:07:45.753 E/hostapd ( 1913): hostapd_free_hapd_data: Interface wlan1 wasn't started
05-12 20:07:49.724 E/ipv6proxy( 1922): Failed to get interface flags for wlan1: No such device
05-12 20:07:50.968 V/PackageManager( 1689): reconcileAppsData finished 82 packages
05-12 20:07:51.453 E/PackageManager( 1689): There should probably be a verifier, but, none were found
05-12 20:07:51.475 E/hostapd ( 1927): Configuration file: /system/etc/simulated_hostapd.conf
05-12 20:07:51.526 E/hostapd ( 1927): Could not read interface wlan1 flags: No such device
05-12 20:07:51.526 I/hostapd ( 1927): nl80211: Driver does not support authentication/association or connect commands
05-12 20:07:51.527 I/hostapd ( 1927): nl80211: deinit ifname=wlan1 disabled_11b_rates=0
05-12 20:07:51.527 E/hostapd ( 1927): Could not read interface wlan1 flags: No such device
05-12 20:07:51.528 E/hostapd ( 1927): nl80211 driver initialization failed.
05-12 20:07:51.528 I/hostapd ( 1927): wlan1: interface state UNINITIALIZED->DISABLED
05-12 20:07:51.528 I/hostapd ( 1927): wlan1: AP-DISABLED 
05-12 20:07:51.528 E/hostapd ( 1927): hostapd_free_hapd_data: Interface wlan1 wasn't started
05-12 20:07:51.601 D/PackageManager( 1689): Ephemeral resolver NOT found; no matching intent filters
05-12 20:07:51.603 I/PackageManager( 1689): Ephemeral deactivated; missing resolver and installer
05-12 20:07:51.607 I/art     ( 1689): Starting a blocking GC Explicit
05-12 20:07:51.632 W/art     ( 1689): Long monitor contention with owner main (1689) at int android.net.LocalSocketImpl.readba_native(byte[], int, int, java.io.FileDescriptor)(LocalSocketImpl.java:-2) waiters=0 in void com.android.server.pm.Settings$RuntimePermissionPersistence.writePermissionsSync(int) for 6.124s
05-12 20:07:51.839 I/art     ( 1689): Explicit concurrent mark sweep GC freed 37925(2MB) AllocSpace objects, 4(80KB) LOS objects, 33% free, 7MB/10MB, paused 1.693ms total 172.406ms
05-12 20:07:51.924 I/SystemServer( 1689): StartOtaDexOptService
05-12 20:07:52.193 I/SystemServer( 1689): StartUserManagerService
05-12 20:07:52.193 I/SystemServiceManager( 1689): Starting com.android.server.pm.UserManagerService$LifeCycle
05-12 20:07:52.348 I/lowmemorykiller( 1318): ActivityManager connected
05-12 20:07:52.379 D/SensorService( 1689): nuSensorService starting...
05-12 20:07:52.489 D/SensorService( 1689): nuSensorService thread starting...
05-12 20:07:52.503 D/SensorService( 1689): new thread SensorEventAckReceiver
05-12 20:07:52.532 I/SystemServiceManager( 1689): Starting com.android.server.BatteryService
05-12 20:07:52.581 I/SystemServiceManager( 1689): Starting com.android.server.usage.UsageStatsService
05-12 20:07:52.720 I/SystemServiceManager( 1689): Starting com.android.server.webkit.WebViewUpdateService
05-12 20:07:52.774 I/SystemServer( 1689): Reading configuration...
05-12 20:07:52.774 I/SystemServer( 1689): StartSchedulingPolicyService
05-12 20:07:52.778 I/SystemServiceManager( 1689): Starting com.android.server.telecom.TelecomLoaderService
05-12 20:07:52.779 I/SystemServer( 1689): StartTelephonyRegistry
05-12 20:07:52.834 I/SystemServer( 1689): StartEntropyMixer
05-12 20:07:52.856 I/EntropyMixer( 1689): Writing entropy...
05-12 20:07:52.979 I/SystemServer( 1689): Camera Service
05-12 20:07:52.993 I/SystemServiceManager( 1689): Starting com.android.server.camera.CameraService
05-12 20:07:53.009 I/ServiceThread( 1689): Enabled StrictMode logging for CameraService_proxy looper.
05-12 20:07:53.026 I/SystemServer( 1689): StartAccountManagerService
05-12 20:07:53.028 I/SystemServiceManager( 1689): Starting com.android.server.accounts.AccountManagerService$Lifecycle
05-12 20:07:53.076 I/SystemServer( 1689): StartContentService
05-12 20:07:53.090 I/SystemServiceManager( 1689): Starting com.android.server.content.ContentService$Lifecycle
05-12 20:07:53.100 I/SystemServer( 1689): InstallSystemProviders
05-12 20:07:53.186 W/System  ( 1689): ClassLoader referenced unknown path: /system/priv-app/SettingsProvider/lib/x86_64
05-12 20:07:53.410 I/SystemServer( 1689): StartVibratorService
05-12 20:07:53.412 E/VibratorService( 1689): Couldn't load vibrator module (No such file or directory)
05-12 20:07:53.412 W/VibratorService( 1689): Tried to stop vibrating but there is no vibrator device.
05-12 20:07:53.418 I/SystemServer( 1689): StartConsumerIrService
05-12 20:07:53.419 E/ConsumerIrService( 1689): Can't open consumer IR HW Module, error: -2
05-12 20:07:53.462 I/SystemServer( 1689): StartAlarmManagerService
05-12 20:07:53.462 I/SystemServiceManager( 1689): Starting com.android.server.AlarmManagerService
05-12 20:07:53.476 W/AlarmManagerService( 1689): no wall clock RTC found
05-12 20:07:53.477 D/AlarmManagerService( 1689): Kernel timezone updated to 0 minutes west of GMT
05-12 20:07:53.623 I/SystemServer( 1689): InitWatchdog
05-12 20:07:53.625 I/SystemServer( 1689): StartInputManagerService
05-12 20:07:53.642 I/InputManager( 1689): Initializing input manager, mUseDevInputEventForAudioJack=true
05-12 20:07:53.648 I/SystemServer( 1689): StartWindowManagerService
05-12 20:07:53.995 I/WindowManager( 1689): No existing display settings /data/system/display_settings.xml; starting empty
05-12 20:07:54.478 I/SystemServer( 1689): StartVrManagerService
05-12 20:07:54.478 I/SystemServiceManager( 1689): Starting com.android.server.vr.VrManagerService
05-12 20:07:54.502 W/VrManagerService( 1689): init_native: Could not open VR hardware module, error No such file or directory (-2).
05-12 20:07:54.532 E/ipv6proxy( 1942): Failed to get interface flags for wlan1: No such device
05-12 20:07:54.534 I/InputManager( 1689): Starting input manager
05-12 20:07:54.561 D/EventHub( 1689): No input device configuration file found for device 'Power Button'.
05-12 20:07:54.632 W/EventHub( 1689): Unable to disable kernel key repeat for /dev/input/event0: Function not implemented
05-12 20:07:54.632 I/EventHub( 1689): New device: id=1, fd=91, path='/dev/input/event0', name='Power Button', classes=0x1, configuration='', keyLayout='/system/usr/keylayout/Generic.kl', keyCharacterMap='/system/usr/keychars/Generic.kcm', builtinKeyboard=false, wakeMechanism=EPOLLWAKEUP, usingClockIoctl=true
05-12 20:07:54.664 W/EventHub( 1689): Unable to disable kernel key repeat for /dev/input/event1: Function not implemented
05-12 20:07:54.664 I/EventHub( 1689): New device: id=2, fd=92, path='/dev/input/event1', name='qwerty2', classes=0x95, configuration='/system/usr/idc/qwerty2.idc', keyLayout='/system/usr/keylayout/qwerty.kl', keyCharacterMap='/system/usr/keychars/qwerty2.kcm', builtinKeyboard=true, wakeMechanism=EPOLLWAKEUP, usingClockIoctl=true
05-12 20:07:54.664 E/EventHub( 1689): could not get driver version for /dev/input/mice, Not a typewriter
05-12 20:07:54.672 I/SystemServer( 1689): No Bluetooth Service (emulator)
05-12 20:07:54.672 I/SystemServer( 1689): ConnectivityMetricsLoggerService
05-12 20:07:54.673 I/SystemServiceManager( 1689): Starting com.android.server.connectivity.MetricsLoggerService
05-12 20:07:54.692 I/SystemServer( 1689): IpConnectivityMetrics
05-12 20:07:54.692 I/SystemServiceManager( 1689): Starting com.android.server.connectivity.IpConnectivityMetrics
05-12 20:07:54.711 I/InputReader( 1689): Device added: id=-1, name='Virtual', sources=0x00000301
05-12 20:07:54.716 I/InputReader( 1689):   Touch device 'qwerty2' could not query the properties of its associated display.  The device will be inoperable until the display size becomes available.
05-12 20:07:54.716 I/InputReader( 1689): Device added: id=0, name='qwerty2', sources=0x80001103
05-12 20:07:54.717 I/InputReader( 1689): Device added: id=1, name='Power Button', sources=0x00000101
05-12 20:07:54.735 I/SystemServer( 1689): PinnerService
05-12 20:07:54.736 I/SystemServiceManager( 1689): Starting com.android.server.PinnerService
05-12 20:07:54.739 I/SystemServiceManager( 1689): Starting com.android.server.InputMethodManagerService$Lifecycle
05-12 20:07:55.165 I/SystemServer( 1689): StartAccessibilityManagerService
05-12 20:07:55.276 I/ActivityManager( 1689): Config changes=1df8 {1.0 ?mcc?mnc [en_US] ldltr sw360dp w360dp h640dp 480dpi nrml long port ?uimode ?night -touch -keyb/v/h -nav/h s.2}
05-12 20:07:55.317 I/ActivityManager( 1689): Config changes=500 {1.0 ?mcc?mnc [en_US] ldltr sw360dp w360dp h568dp 480dpi nrml port ?uimode ?night -touch -keyb/v/h -nav/h s.3}
05-12 20:07:55.349 I/ActivityManager( 1689): Config changes=8 {1.0 ?mcc?mnc [en_US] ldltr sw360dp w360dp h568dp 480dpi nrml port ?uimode ?night finger -keyb/v/h -nav/h s.4}
05-12 20:07:55.455 I/SystemServiceManager( 1689): Starting com.android.server.MountService$Lifecycle
05-12 20:07:55.461 I/InputReader( 1689): Reconfiguring input devices.  changes=0x00000004
05-12 20:07:55.461 I/InputReader( 1689): Device reconfigured: id=0, name='qwerty2', size 1080x1920, orientation 0, mode 1, display id 0
05-12 20:07:55.464 I/InputReader( 1689): Reconfiguring input devices.  changes=0x00000004
05-12 20:07:55.548 I/SystemServiceManager( 1689): Starting com.android.server.UiModeManagerService
05-12 20:07:55.586 D/MountService( 1689): Thinking about init, mSystemReady=false, mDaemonConnected=true
05-12 20:07:55.586 D/MountService( 1689): Thinking about reset, mSystemReady=false, mDaemonConnected=true
05-12 20:07:55.586 D/MountService( 1689): Thinking about init, mSystemReady=false, mDaemonConnected=true
05-12 20:07:55.587 D/MountService( 1689): Thinking about reset, mSystemReady=false, mDaemonConnected=true
05-12 20:07:55.589 D/CryptdConnector( 1689): SND -> {1 cryptfs getfield SystemLocale}
05-12 20:07:55.603 I/ActivityManager( 1689): Config changes=200 {1.0 ?mcc?mnc [en_US] ldltr sw360dp w360dp h568dp 480dpi nrml port finger -keyb/v/h -nav/h s.5}
05-12 20:07:55.618 D/CryptdConnector( 1689): RCV <- {200 1 -1}
05-12 20:07:55.694 W/MountService( 1689): No primary storage mounted!
05-12 20:07:55.694 D/VoldConnector( 1689): SND -> {1 asec list}
05-12 20:07:55.748 D/VoldConnector( 1689): RCV <- {200 1 asec operation succeeded}
05-12 20:07:55.757 I/SystemServer( 1689): StartLockSettingsService
05-12 20:07:55.759 I/PackageManager( 1689): No secure containers found
05-12 20:07:55.762 W/PackageManager( 1689): Unknown permission com.google.android.googleapps.permission.GOOGLE_AUTH in package com.android.providers.calendar
05-12 20:07:55.762 W/PackageManager( 1689): Unknown permission com.google.android.googleapps.permission.GOOGLE_AUTH.cl in package com.android.providers.calendar
05-12 20:07:55.762 W/PackageManager( 1689): Not granting permission android.permission.GLOBAL_SEARCH to package com.android.quicksearchbox (protectionLevel=18 flags=0x3808be45)
05-12 20:07:55.763 W/PackageManager( 1689): Not granting permission android.permission.WRITE_EXTERNAL_STORAGE to package gov.nasa.arc.astrobee.android.gs.manager because it was previously installed without
05-12 20:07:55.763 W/PackageManager( 1689): Not granting permission android.permission.READ_EXTERNAL_STORAGE to package gov.nasa.arc.astrobee.android.gs.manager because it was previously installed without
05-12 20:07:55.764 W/PackageManager( 1689): Unknown permission com.android.launcher.permission.READ_SETTINGS in package com.android.launcher3
05-12 20:07:55.764 W/PackageManager( 1689): Unknown permission com.android.launcher.permission.WRITE_SETTINGS in package com.android.launcher3
05-12 20:07:55.764 W/PackageManager( 1689): Not granting permission android.permission.BIND_APPWIDGET to package com.android.launcher3 (protectionLevel=18 flags=0x3c4bbe45)
05-12 20:07:55.764 W/PackageManager( 1689): Unknown permission com.google.android.googleapps.permission.GOOGLE_AUTH.mail in package com.android.calendar
05-12 20:07:55.764 W/PackageManager( 1689): Unknown permission com.google.android.providers.settings.permission.WRITE_GSETTINGS in package com.android.sdksetup
05-12 20:07:55.765 W/PackageManager( 1689): Unknown permission com.google.android.permission.INSTALL_WEARABLE_PACKAGES in package com.android.packageinstaller
05-12 20:07:55.765 W/PackageManager( 1689): Not granting permission android.permission.DELETE_PACKAGES to package com.svox.pico (protectionLevel=18 flags=0x3808be45)
05-12 20:07:55.765 W/PackageManager( 1689): Not granting permission android.permission.READ_CONTACTS to package com.example.android.apis because it was previously installed without
05-12 20:07:55.765 W/PackageManager( 1689): Not granting permission android.permission.WRITE_CONTACTS to package com.example.android.apis because it was previously installed without
05-12 20:07:55.765 W/PackageManager( 1689): Not granting permission android.permission.ACCESS_COARSE_LOCATION to package com.example.android.apis because it was previously installed without
05-12 20:07:55.765 W/PackageManager( 1689): Not granting permission android.permission.WRITE_EXTERNAL_STORAGE to package com.example.android.apis because it was previously installed without
05-12 20:07:55.765 W/PackageManager( 1689): Not granting permission android.permission.SEND_SMS to package com.example.android.apis because it was previously installed without
05-12 20:07:55.766 W/PackageManager( 1689): Not granting permission android.permission.RECEIVE_SMS to package com.example.android.apis because it was previously installed without
05-12 20:07:55.766 W/PackageManager( 1689): Not granting permission android.permission.RECEIVE_MMS to package com.example.android.apis because it was previously installed without
05-12 20:07:55.766 W/PackageManager( 1689): Not granting permission android.permission.READ_SMS to package com.example.android.apis because it was previously installed without
05-12 20:07:55.766 W/PackageManager( 1689): Not granting permission android.permission.READ_PHONE_STATE to package com.example.android.apis because it was previously installed without
05-12 20:07:55.771 I/SystemServiceManager( 1689): Starting com.android.server.LockSettingsService$Lifecycle
05-12 20:07:55.791 W/PackageManager( 1689): Not granting permission android.permission.RECORD_AUDIO to package com.example.android.apis because it was previously installed without
05-12 20:07:55.791 W/PackageManager( 1689): Not granting permission android.permission.CAMERA to package com.example.android.apis because it was previously installed without
05-12 20:07:55.791 W/PackageManager( 1689): Not granting permission android.permission.READ_EXTERNAL_STORAGE to package com.example.android.apis because it was previously installed without
05-12 20:07:55.792 W/PackageManager( 1689): Unknown permission android.permission.RUN_INSTRUMENTATION in package org.chromium.webview_shell
05-12 20:07:55.792 W/PackageManager( 1689): Not granting permission android.permission.CAMERA to package jp.jaxa.iss.kibo.rpc.sampleapk because it was previously installed without
05-12 20:07:55.792 W/PackageManager( 1689): Not granting permission android.permission.WRITE_EXTERNAL_STORAGE to package jp.jaxa.iss.kibo.rpc.sampleapk because it was previously installed without
05-12 20:07:55.792 W/PackageManager( 1689): Not granting permission android.permission.READ_EXTERNAL_STORAGE to package jp.jaxa.iss.kibo.rpc.sampleapk because it was previously installed without
05-12 20:07:55.792 W/PackageManager( 1689): Unknown permission com.google.android.googleapps.permission.GOOGLE_AUTH in package com.android.settings
05-12 20:07:55.793 W/PackageManager( 1689): Unknown permission com.android.launcher.permission.READ_SETTINGS in package com.android.settings
05-12 20:07:55.793 W/PackageManager( 1689): Unknown permission com.android.launcher.permission.WRITE_SETTINGS in package com.android.settings
05-12 20:07:55.793 W/PackageManager( 1689): Unknown permission com.android.smspush.WAPPUSH_MANAGER_BIND in package com.android.phone
05-12 20:07:55.794 W/PackageManager( 1689): Unknown permission com.google.android.googleapps.permission.ACCESS_GOOGLE_PASSWORD in package com.android.development
05-12 20:07:55.794 W/PackageManager( 1689): Unknown permission com.google.android.googleapps.permission.GOOGLE_AUTH in package com.android.development
05-12 20:07:55.794 W/PackageManager( 1689): Unknown permission com.google.android.googleapps.permission.GOOGLE_AUTH.ALL_SERVICES in package com.android.development
05-12 20:07:55.795 W/PackageManager( 1689): Unknown permission com.google.android.googleapps.permission.GOOGLE_AUTH.YouTubeUser in package com.android.development
05-12 20:07:55.795 W/PackageManager( 1689): Not granting permission android.permission.BIND_APPWIDGET to package com.android.widgetpreview (protectionLevel=18 flags=0x3808be44)
05-12 20:07:55.844 I/SystemServiceManager( 1689): Starting com.android.server.DeviceIdleController
05-12 20:07:56.247 E/hostapd ( 1956): Configuration file: /system/etc/simulated_hostapd.conf
05-12 20:07:56.259 E/hostapd ( 1956): Could not read interface wlan1 flags: No such device
05-12 20:07:56.259 I/hostapd ( 1956): nl80211: Driver does not support authentication/association or connect commands
05-12 20:07:56.270 I/hostapd ( 1956): nl80211: deinit ifname=wlan1 disabled_11b_rates=0
05-12 20:07:56.270 E/hostapd ( 1956): Could not read interface wlan1 flags: No such device
05-12 20:07:56.271 E/hostapd ( 1956): nl80211 driver initialization failed.
05-12 20:07:56.271 I/hostapd ( 1956): wlan1: interface state UNINITIALIZED->DISABLED
05-12 20:07:56.271 I/hostapd ( 1956): wlan1: AP-DISABLED 
05-12 20:07:56.271 E/hostapd ( 1956): hostapd_free_hapd_data: Interface wlan1 wasn't started
05-12 20:07:56.349 W/art     ( 1689): Long monitor contention with owner MountService (1953) at void com.android.server.pm.PackageManagerService.loadMediaPackages(android.util.ArrayMap, int[], boolean)(PackageManagerService.java:19317) waiters=0 in android.content.pm.ApplicationInfo com.android.server.pm.PackageManagerService.getApplicationInfo(java.lang.String, int, int) for 502ms
05-12 20:07:56.397 W/MountService( 1689): No primary storage defined yet; hacking together a stub
05-12 20:07:56.410 W/MountService( 1689): No primary storage defined yet; hacking together a stub
05-12 20:07:56.413 W/MountService( 1689): No primary storage mounted!
05-12 20:07:56.413 D/VoldConnector( 1689): SND -> {2 asec list}
05-12 20:07:56.416 D/VoldConnector( 1689): RCV <- {200 2 asec operation succeeded}
05-12 20:07:56.453 I/SystemServiceManager( 1689): Starting com.android.server.devicepolicy.DevicePolicyManagerService$Lifecycle
05-12 20:07:56.505 I/SystemServer( 1689): StartStatusBarManagerService
05-12 20:07:56.534 I/SystemServer( 1689): StartClipboardService
05-12 20:07:56.554 I/SystemServer( 1689): StartNetworkManagementService
05-12 20:07:56.578 I/NetworkManagement( 1689): onDaemonConnected()
05-12 20:07:56.622 I/SystemServiceManager( 1689): Starting com.android.server.TextServicesManagerService$Lifecycle
05-12 20:07:56.655 I/SystemServer( 1689): StartNetworkScoreService
05-12 20:07:56.703 I/SystemServer( 1689): StartNetworkStatsService
05-12 20:07:56.773 I/SystemServer( 1689): StartNetworkPolicyManagerService
05-12 20:07:56.824 I/SystemServer( 1689): No Wi-Fi NAN Service (NAN support Not Present)
05-12 20:07:56.872 W/UsageStatsService( 1689): User[0] Some stats have no latest available
05-12 20:07:56.945 I/SystemServiceManager( 1689): Starting com.android.server.wifi.p2p.WifiP2pService
05-12 20:07:57.026 I/UsageStatsService( 1689): User[0] Rollover scheduled @ 2021-05-13 20:07:55(1620936475290)
05-12 20:07:57.330 W/art     ( 1689): Suspending all threads took: 6.693ms
05-12 20:07:57.426 I/WifiP2pService( 1689): Registering wifip2p
05-12 20:07:57.449 I/art     ( 1689): Background sticky concurrent mark sweep GC freed 33774(2MB) AllocSpace objects, 19(380KB) LOS objects, 25% free, 8MB/10MB, paused 8.114ms total 325.643ms
05-12 20:07:57.462 I/SystemServiceManager( 1689): Starting com.android.server.wifi.WifiService
05-12 20:07:58.847 D/HS20    ( 1689): Passpoint is disabled
05-12 20:07:59.208 D/CommandListener( 1334): Clearing all IP addresses on wlan0
05-12 20:07:59.234 E/ipv6proxy( 1968): Failed to get interface flags for wlan1: No such device
05-12 20:07:59.369 D/WifiApConfigStore( 1689): 2G band allowed channels are:1,6,11
05-12 20:07:59.383 W/art     ( 1689): Long monitor contention with owner WifiStateMachine (1967) at boolean com.android.server.wifi.WifiNative.unloadDriverNative()(WifiNative.java:-2) waiters=0 in java.lang.String com.android.server.wifi.WifiNative.doStringCommand(java.lang.String) for 188ms
05-12 20:07:59.385 E/WifiLogger( 1689): no ring buffers found
05-12 20:07:59.386 E/WifiLogger( 1689): Failed to start packet fate monitoring
05-12 20:07:59.505 D/WifiController( 1689): isAirplaneModeOn = true, isWifiEnabled = false, isScanningAvailable = false
05-12 20:07:59.535 I/WifiService( 1689): Registering wifi
05-12 20:07:59.662 I/SystemServiceManager( 1689): Starting com.android.server.wifi.scanner.WifiScanningService
05-12 20:07:59.663 I/WifiScanningService( 1689): Creating wifiscanner
05-12 20:07:59.691 I/WifiScanningService( 1689): Publishing wifiscanner
05-12 20:07:59.785 I/SystemServiceManager( 1689): Starting com.android.server.wifi.RttService
05-12 20:07:59.791 I/RttService( 1689): Creating rttmanager
05-12 20:07:59.811 I/RttService( 1689): Starting rttmanager
05-12 20:07:59.813 I/SystemServer( 1689): StartConnectivityService
05-12 20:07:59.942 D/ConnectivityService( 1689): ConnectivityService starting up
05-12 20:07:59.978 D/ConnectivityService( 1689): wifiOnly=false
05-12 20:08:00.162 I/SystemServer( 1689): StartNsdService
05-12 20:08:00.222 I/SystemServer( 1689): StartUpdateLockService
05-12 20:08:00.231 I/SystemServiceManager( 1689): Starting com.android.server.RecoverySystemService
05-12 20:08:00.260 I/SystemServiceManager( 1689): Starting com.android.server.notification.NotificationManagerService
05-12 20:08:00.617 D/ConditionProviders.SCP( 1689): new ScheduleConditionProvider()
05-12 20:08:00.761 D/ZenLog  ( 1689): config: readXml,ZenModeConfig[user=0,allowCalls=true,allowRepeatCallers=false,allowMessages=false,allowCallsFrom=contacts,allowMessagesFrom=contacts,allowReminders=true,allowEvents=true,allowWhenScreenOff=true,allowWhenScreenOn=true,automaticRules={370bd6672ef541ba946db9ac4aef0faf=ZenRule[enabled=false,snoozing=false,name=Weeknight,zenMode=ZEN_MODE_ALARMS,conditionId=condition://android/schedule?days=1.2.3.4.5&start=22.0&end=7.0&exitAtAlarm=false,condition=Condition[id=condition://android/schedule?days=1.2.3.4.5&start=22.0&end=7.0&exitAtAlarm=false,summary=...,line1=...,line2=...,icon=0,state=STATE_FALSE,flags=2],component=ComponentInfo{android/com.android.server.notification.ScheduleConditionProvider},id=370bd6672ef541ba946db9ac4aef0faf,creationTime=1590622727817,enabler=null], a53ffdf89c814123a52adbdd46bc948d=ZenRule[enabled=false,snoozing=false,name=Weekend,zenMode=ZEN_MODE_ALARMS,conditionId=condition://android/schedule?days=6.7&start=23.30&end=10.0&exitAtAlarm=false,condition=Condition[id=condition://android/schedule?days=6.7&start=23.30&end=10.0&exitAtAlarm=false,summary=...,line1=...,line2=...,icon=0,state=STATE_FALSE,flags=2],component=ComponentInfo{android/com.android.server.notification.ScheduleConditionProvider},id=a53ffdf89c814123a52adbdd46bc948d,creationTime=1590622727818,enabler=null], fc8bb1aacabb4877a1d1d167106f6e77=ZenRule[enabled=false,snoozing=false,name=Event,zenMode=ZEN_MODE_ALARMS,conditionId=condition://android/event?userId=-10000&calendar=&reply=1,condition=Condition[id=condition://android/event?userId=-10000&calendar=&reply=1,summary=...,line1=...,line2=...,icon=0,state=STATE_FALSE,flags=2],component=ComponentInfo{android/com.android.server.notification.EventConditionProvider},id=fc8bb1aacabb4877a1d1d167106f6e77,creationTime=1590622727822,enabler=null]},manualRule=null],Diff[automaticRule[c54c2c74830f405a9d1b3dc6c627f20e]:delete,automaticRule[370bd6672ef541ba946db9ac4aef0faf]:insert,automaticRule[a53ffdf89c814123a52adbdd46bc948d]:insert,automaticRule[954dc19b786b4c4f8c2adf14a1326aa7]:delete,automaticRule[f64e9e1101ba4431ab1d2afef6178b53]:delete,automaticRule[fc8bb1aacabb4877a1d1d167106f6e77]:insert]
05-12 20:08:00.902 D/ZenLog  ( 1689): set_zen_mode: off,init
05-12 20:08:00.926 I/SystemServiceManager( 1689): Starting com.android.server.storage.DeviceStorageMonitorService
05-12 20:08:00.961 I/SystemServer( 1689): StartLocationManagerService
05-12 20:08:00.982 I/SystemServer( 1689): StartCountryDetectorService
05-12 20:08:00.994 I/SystemServer( 1689): StartSearchManagerService
05-12 20:08:00.994 I/SystemServiceManager( 1689): Starting com.android.server.search.SearchManagerService$Lifecycle
05-12 20:08:01.041 I/SystemServiceManager( 1689): Starting com.android.server.DropBoxManagerService
05-12 20:08:01.092 I/SystemServer( 1689): StartWallpaperManagerService
05-12 20:08:01.093 I/SystemServiceManager( 1689): Starting com.android.server.wallpaper.WallpaperManagerService$Lifecycle
05-12 20:08:01.115 E/BitmapFactory( 1689): Unable to decode stream: java.io.FileNotFoundException: /data/system/users/0/wallpaper_orig (No such file or directory)
05-12 20:08:01.115 E/WallpaperManagerService( 1689): Invalid wallpaper data
05-12 20:08:01.115 E/WallpaperManagerService( 1689): Unable to apply new wallpaper
05-12 20:08:01.138 I/SystemServer( 1689): StartAudioService
05-12 20:08:01.138 I/SystemServiceManager( 1689): Starting com.android.server.audio.AudioService$Lifecycle
05-12 20:08:01.241 W/TelecomManager( 1689): Telecom Service not found.
05-12 20:08:01.274 D/PermissionCache( 1325): checking android.permission.MODIFY_AUDIO_SETTINGS for uid=1000 => granted (25192 us)
05-12 20:08:01.343 W/AudioFlinger( 1325): no wake lock to update, system not ready yet
05-12 20:08:01.827 E/hostapd ( 1983): Configuration file: /system/etc/simulated_hostapd.conf
05-12 20:08:01.882 I/SystemServiceManager( 1689): Starting com.android.server.DockObserver
05-12 20:08:01.885 W/DockObserver( 1689): This kernel does not have dock station support
05-12 20:08:01.900 I/SystemServer( 1689): StartWiredAccessoryManager
05-12 20:08:01.904 W/WiredAccessoryManager( 1689): This kernel does not have usb audio support
05-12 20:08:01.905 W/WiredAccessoryManager( 1689): This kernel does not have HDMI audio support
05-12 20:08:01.905 I/SystemServiceManager( 1689): Starting com.android.server.midi.MidiService$Lifecycle
05-12 20:08:01.922 E/hostapd ( 1983): Could not read interface wlan1 flags: No such device
05-12 20:08:01.923 I/hostapd ( 1983): nl80211: Driver does not support authentication/association or connect commands
05-12 20:08:01.923 I/hostapd ( 1983): nl80211: deinit ifname=wlan1 disabled_11b_rates=0
05-12 20:08:01.924 E/hostapd ( 1983): Could not read interface wlan1 flags: No such device
05-12 20:08:01.924 E/hostapd ( 1983): nl80211 driver initialization failed.
05-12 20:08:01.924 I/hostapd ( 1983): wlan1: interface state UNINITIALIZED->DISABLED
05-12 20:08:01.924 I/hostapd ( 1983): wlan1: AP-DISABLED 
05-12 20:08:01.925 E/hostapd ( 1983): hostapd_free_hapd_data: Interface wlan1 wasn't started
05-12 20:08:01.944 I/SystemServiceManager( 1689): Starting com.android.server.usb.UsbService$Lifecycle
05-12 20:08:02.029 I/SystemServer( 1689): StartSerialService
05-12 20:08:02.042 E/HardwarePropertiesManagerService-JNI( 1689): Couldn't load thermal module (No such file or directory)
05-12 20:08:02.044 I/SystemServiceManager( 1689): Starting com.android.server.twilight.TwilightService
05-12 20:08:02.052 I/SystemServiceManager( 1689): Starting com.android.server.job.JobSchedulerService
05-12 20:08:02.177 I/SystemServiceManager( 1689): Starting com.android.server.soundtrigger.SoundTriggerService
05-12 20:08:02.191 I/SystemServiceManager( 1689): Starting com.android.server.backup.BackupManagerService$Lifecycle
05-12 20:08:02.212 I/SystemServiceManager( 1689): Starting com.android.server.appwidget.AppWidgetService
05-12 20:08:02.272 I/SystemServiceManager( 1689): Starting com.android.server.voiceinteraction.VoiceInteractionManagerService
05-12 20:08:02.315 I/SystemServer( 1689): Gesture Launcher Service
05-12 20:08:02.315 I/SystemServiceManager( 1689): Starting com.android.server.GestureLauncherService
05-12 20:08:02.316 I/SystemServiceManager( 1689): Starting com.android.server.SensorNotificationService
05-12 20:08:02.317 I/SystemServiceManager( 1689): Starting com.android.server.ContextHubSystemService
05-12 20:08:02.322 E/ContextHubService( 1689): ** Could not load context_hub module : err No such file or directory
05-12 20:08:02.322 W/ContextHubService( 1689): No Context Hub Module present
05-12 20:08:02.323 I/SystemServer( 1689): StartDiskStatsService
05-12 20:08:02.331 I/SystemServer( 1689): StartSamplingProfilerService
05-12 20:08:02.445 I/SystemServer( 1689): StartNetworkTimeUpdateService
05-12 20:08:02.460 I/SystemServer( 1689): StartCommonTimeManagementService
05-12 20:08:02.470 I/SystemServer( 1689): CertBlacklister
05-12 20:08:02.493 I/SystemServiceManager( 1689): Starting com.android.server.emergency.EmergencyAffordanceService
05-12 20:08:02.496 I/SystemServiceManager( 1689): Starting com.android.server.dreams.DreamManagerService
05-12 20:08:02.513 I/SystemServer( 1689): StartAssetAtlasService
05-12 20:08:02.583 I/SystemServiceManager( 1689): Starting com.android.server.print.PrintManagerService
05-12 20:08:02.621 D/AssetAtlas( 1689): Loaded configuration: SliceMinArea (1280x896) flags=0x2 count=91
05-12 20:08:02.641 I/SystemServiceManager( 1689): Starting com.android.server.restrictions.RestrictionsManagerService
05-12 20:08:02.698 I/SystemServiceManager( 1689): Starting com.android.server.media.MediaSessionService
05-12 20:08:02.787 I/SystemServer( 1689): StartMediaRouterService
05-12 20:08:02.809 D/gralloc_ranchu( 1689): Emulator without host-side GPU emulation detected. Loading gralloc.default.so from /vendor/lib64/hw/gralloc.goldfish.default.so...
05-12 20:08:02.823 I/SystemServiceManager( 1689): Starting com.android.server.trust.TrustManagerService
05-12 20:08:02.844 I/SystemServiceManager( 1689): Starting com.android.server.fingerprint.FingerprintService
05-12 20:08:02.878 D/gralloc_ranchu( 1689): gralloc.default.so not found in /vendor. Trying /system/lib64/hw/gralloc.goldfish.default.so...
05-12 20:08:02.929 D/PermissionCache( 1338): checking android.permission.MANAGE_FINGERPRINT for uid=1000 => granted (4101 us)
05-12 20:08:02.940 V/fingerprintd( 1338): nativeOpenHal()
05-12 20:08:02.963 D/FingerprintHal( 1338): ----------------> fingerprint_open ----------------->
05-12 20:08:02.965 E/fingerprintd( 1338): Wrong fp version. Expected 512, got 513
05-12 20:08:02.965 D/FingerprintHal( 1338): ----------------> set_notify_callback ----------------->
05-12 20:08:02.965 D/FingerprintHal( 1338): fingerprint callback notification set
05-12 20:08:02.966 V/fingerprintd( 1338): fingerprint HAL successfully initialized
05-12 20:08:02.967 D/FingerprintHal( 1338): ----------------> listenerFunction ----------------->
05-12 20:08:02.993 V/fingerprintd( 1338): setActiveGroup(0, /data/system/users/0/fpdata, 27)
05-12 20:08:02.993 D/FingerprintHal( 1338): ----------------> fingerprint_set_active_group -----------------> path /data/system/users/0/fpdata
05-12 20:08:02.994 D/FingerprintHal( 1338): ----------------> loadFingerprints ----------------->
05-12 20:08:02.994 E/FingerprintHal( 1338): Could not load fingerprints from storage at /data/system/users/0/fpdata/emufp.bin; it has not yet been created.
05-12 20:08:02.994 D/FingerprintHal( 1338): ----------------> loadAuthenticatorId ----------------->
05-12 20:08:03.000 D/FingerprintHal( 1338): Read authenticator id (0x6b8b4567327b23c6)
05-12 20:08:03.001 D/FingerprintHal( 1338): ----------------> fingerprint_get_auth_id ----------------->
05-12 20:08:03.001 D/FingerprintHal( 1338): ----------------> fingerprint_get_auth_id auth id 6b8b4567327b23c6----------------->
05-12 20:08:03.031 V/FingerprintService( 1689): Fingerprint HAL id: 136119511728128
05-12 20:08:03.034 I/SystemServer( 1689): StartBackgroundDexOptService
05-12 20:08:03.056 I/SystemServiceManager( 1689): Starting com.android.server.pm.ShortcutService$Lifecycle
05-12 20:08:03.088 I/SystemServiceManager( 1689): Starting com.android.server.pm.LauncherAppsService
05-12 20:08:03.109 I/SystemServiceManager( 1689): Starting com.android.server.media.projection.MediaProjectionManagerService
05-12 20:08:03.161 V/MediaRouter( 1689): Adding route: RouteInfo{ name=Phone, description=null, status=null, category=RouteCategory{ name=null types=ROUTE_TYPE_LIVE_AUDIO ROUTE_TYPE_LIVE_VIDEO  groupable=false }, supportedTypes=ROUTE_TYPE_LIVE_AUDIO ROUTE_TYPE_LIVE_VIDEO , presentationDisplay=null }
05-12 20:08:03.195 V/MediaRouter( 1689): Updating audio routes: AudioRoutesInfo{ type=SPEAKER }
05-12 20:08:03.221 V/MediaRouter( 1689): Selecting route: RouteInfo{ name=Phone, description=null, status=null, category=RouteCategory{ name=null types=ROUTE_TYPE_LIVE_AUDIO ROUTE_TYPE_LIVE_VIDEO  groupable=false }, supportedTypes=ROUTE_TYPE_LIVE_AUDIO ROUTE_TYPE_LIVE_VIDEO , presentationDisplay=null }
05-12 20:08:03.239 I/WindowManager( 1689): SAFE MODE not enabled
05-12 20:08:03.266 I/SystemServiceManager( 1689): Starting com.android.server.MmsServiceBroker
05-12 20:08:03.286 W/VibratorService( 1689): Tried to stop vibrating but there is no vibrator device.
05-12 20:08:03.308 W/AssetAtlasService( 1689): Could not find EGL configuration
05-12 20:08:03.363 W/art     ( 1689): Suspending all threads took: 25.194ms
05-12 20:08:03.385 D/AssetAtlas( 1689): Rendered atlas in 321.94ms (319.13+2.80ms)
05-12 20:08:03.533 I/art     ( 1689): Background partial concurrent mark sweep GC freed 19021(1460KB) AllocSpace objects, 6(120KB) LOS objects, 24% free, 12MB/16MB, paused 45.750ms total 597.019ms
05-12 20:08:04.018 E/LockSettingsStorage( 1689): Cannot read file java.io.FileNotFoundException: /data/system/gatekeeper.password.key: open failed: ENOENT (No such file or directory)
05-12 20:08:04.019 E/LockSettingsStorage( 1689): Cannot read file java.io.FileNotFoundException: /data/system/password.key: open failed: ENOENT (No such file or directory)
05-12 20:08:04.111 E/LockSettingsStorage( 1689): Cannot read file java.io.FileNotFoundException: /data/system/gatekeeper.pattern.key: open failed: ENOENT (No such file or directory)
05-12 20:08:04.113 E/LockSettingsStorage( 1689): Cannot read file java.io.FileNotFoundException: /data/system/gatekeeper.gesture.key: open failed: ENOENT (No such file or directory)
05-12 20:08:04.114 E/LockSettingsStorage( 1689): Cannot read file java.io.FileNotFoundException: /data/system/gesture.key: open failed: ENOENT (No such file or directory)
05-12 20:08:04.114 I/SystemServiceManager( 1689): Starting phase 480
05-12 20:08:04.230 I/DevicePolicyManagerService( 1689): Set ro.device_owner property to false
05-12 20:08:04.302 I/SystemServiceManager( 1689): Starting phase 500
05-12 20:08:04.375 D/ConnectivityMetricsLoggerService( 1689): onBootPhase: PHASE_SYSTEM_SERVICES_READY
05-12 20:08:04.571 I/WifiService( 1689): WifiService starting up with Wi-Fi disabled
05-12 20:08:04.578 I/WifiScanningService( 1689): Starting wifiscanner
05-12 20:08:04.639 I/RttService( 1689): Registering rttmanager
05-12 20:08:04.674 E/ipv6proxy( 1996): Failed to get interface flags for wlan1: No such device
05-12 20:08:04.697 D/ZenLog  ( 1689): config: cleanUpZenRules,ZenModeConfig[user=0,allowCalls=true,allowRepeatCallers=false,allowMessages=false,allowCallsFrom=contacts,allowMessagesFrom=contacts,allowReminders=true,allowEvents=true,allowWhenScreenOff=true,allowWhenScreenOn=true,automaticRules={370bd6672ef541ba946db9ac4aef0faf=ZenRule[enabled=false,snoozing=false,name=Weeknight,zenMode=ZEN_MODE_ALARMS,conditionId=condition://android/schedule?days=1.2.3.4.5&start=22.0&end=7.0&exitAtAlarm=false,condition=Condition[id=condition://android/schedule?days=1.2.3.4.5&start=22.0&end=7.0&exitAtAlarm=false,summary=...,line1=...,line2=...,icon=0,state=STATE_FALSE,flags=2],component=ComponentInfo{android/com.android.server.notification.ScheduleConditionProvider},id=370bd6672ef541ba946db9ac4aef0faf,creationTime=1590622727817,enabler=null], a53ffdf89c814123a52adbdd46bc948d=ZenRule[enabled=false,snoozing=false,name=Weekend,zenMode=ZEN_MODE_ALARMS,conditionId=condition://android/schedule?days=6.7&start=23.30&end=10.0&exitAtAlarm=false,condition=Condition[id=condition://android/schedule?days=6.7&start=23.30&end=10.0&exitAtAlarm=false,summary=...,line1=...,line2=...,icon=0,state=STATE_FALSE,flags=2],component=ComponentInfo{android/com.android.server.notification.ScheduleConditionProvider},id=a53ffdf89c814123a52adbdd46bc948d,creationTime=1590622727818,enabler=null], fc8bb1aacabb4877a1d1d167106f6e77=ZenRule[enabled=false,snoozing=false,name=Event,zenMode=ZEN_MODE_ALARMS,conditionId=condition://android/event?userId=-10000&calendar=&reply=1,condition=Condition[id=condition://android/event?userId=-10000&calendar=&reply=1,summary=...,line1=...,line2=...,icon=0,state=STATE_FALSE,flags=2],component=ComponentInfo{android/com.android.server.notification.EventConditionProvider},id=fc8bb1aacabb4877a1d1d167106f6e77,creationTime=1590622727822,enabler=null]},manualRule=null],Diff[]
05-12 20:08:04.698 D/ZenLog  ( 1689): set_zen_mode: off,onSystemReady
05-12 20:08:04.756 D/PermissionCache( 1325): checking android.permission.CAPTURE_AUDIO_HOTWORD for uid=1000 => granted (784 us)
05-12 20:08:04.758 W/SoundTriggerHelper( 1689): listModules status=0, # of modules=0
05-12 20:08:04.758 D/ContextHubSystemService( 1689): onBootPhase: PHASE_SYSTEM_SERVICES_READY
05-12 20:08:05.197 W/KeyguardServiceDelegate( 1689): onScreenTurningOn(): no keyguard service!
05-12 20:08:05.223 V/UserManagerService( 1689): Found /data/user_de/0 with serial number 0
05-12 20:08:05.224 V/UserManagerService( 1689): Found /data/user/0 with serial number 0
05-12 20:08:05.225 V/UserManagerService( 1689): Found /data/system_de/0 with serial number 0
05-12 20:08:05.225 V/UserManagerService( 1689): Found /data/system_ce/0 with serial number 0
05-12 20:08:05.551 I/ActivityManager( 1689): System now ready
05-12 20:08:05.602 I/SystemServer( 1689): Making services ready
05-12 20:08:05.602 I/SystemServiceManager( 1689): Starting phase 550
05-12 20:08:05.858 E/InputMethodManagerService( 1689): Ignoring updateSystemUiLocked due to an invalid token. uid:1000 token:null
05-12 20:08:06.200 W/WindowManager( 1689): Keyguard drawn timeout. Setting mKeyguardDrawComplete
05-12 20:08:06.371 W/ActivityManager( 1689): Slow operation: 70ms so far, now at startProcess: building args
05-12 20:08:06.372 W/ActivityManager( 1689): Slow operation: 71ms so far, now at startProcess: asking zygote to start proc
05-12 20:08:06.445 I/Zygote  ( 1689): Process: zygote socket opened, supported ABIS: x86_64
05-12 20:08:06.582 W/ActivityManager( 1689): Slow operation: 280ms so far, now at startProcess: returned from zygote!
05-12 20:08:06.582 W/ActivityManager( 1689): Slow operation: 281ms so far, now at startProcess: done updating battery stats
05-12 20:08:06.583 W/ActivityManager( 1689): Slow operation: 282ms so far, now at startProcess: building log message
05-12 20:08:06.584 I/ActivityManager( 1689): Start proc 2009:com.android.inputmethod.latin/u0a41 for service com.android.inputmethod.latin/.LatinIME
