05-12 20:08:33.939 E/hostapd ( 2301): Could not read interface wlan1 flags: No such device
05-12 20:08:33.939 E/hostapd ( 2301): nl80211 driver initialization failed.
05-12 20:08:33.939 I/hostapd ( 2301): wlan1: interface state UNINITIALIZED->DISABLED
05-12 20:08:33.945 I/hostapd ( 2301): wlan1: AP-DISABLED 
05-12 20:08:33.945 E/hostapd ( 2301): hostapd_free_hapd_data: Interface wlan1 wasn't started
05-12 20:08:34.010 E/ipv6proxy( 2300): Failed to get interface flags for wlan1: No such device
05-12 20:08:34.329 I/Choreographer( 2243): Skipped 86 frames!  The application may be doing too much work on its main thread.
05-12 20:08:34.342 W/        ( 1274): debuggerd: resuming target 1327
05-12 20:08:34.344 W/        ( 1275): debuggerd: handling request: pid=1330 uid=1046 gid=1006 tid=1330
05-12 20:08:34.346 W/        ( 1274): debuggerd: handling request: pid=1330 uid=1046 gid=1006 tid=1330
05-12 20:08:34.634 I/MediaPlayerService( 1333): MediaPlayerService::getOMX
05-12 20:08:35.152 I/OMXClient( 2014): MuxOMX ctor
05-12 20:08:35.157 I/OMXMaster( 1330): makeComponentInstance(OMX.google.vorbis.decoder) in mediacodec process
05-12 20:08:35.194 W/        ( 1274): debuggerd: resuming target 1330
05-12 20:08:35.197 W/        ( 1275): debuggerd: handling request: pid=1331 uid=1013 gid=1031 tid=1331
05-12 20:08:35.202 W/        ( 1274): debuggerd: handling request: pid=1331 uid=1013 gid=1031 tid=1331
05-12 20:08:36.024 W/        ( 1274): debuggerd: resuming target 1331
05-12 20:08:36.026 W/        ( 1275): debuggerd: handling request: pid=1332 uid=1040 gid=1026 tid=1332
05-12 20:08:36.028 W/        ( 1274): debuggerd: handling request: pid=1332 uid=1040 gid=1026 tid=1332
05-12 20:08:36.635 W/        ( 1274): debuggerd: resuming target 1332
05-12 20:08:36.638 W/        ( 1275): debuggerd: handling request: pid=1333 uid=1013 gid=1005 tid=1333
05-12 20:08:36.643 W/        ( 1274): debuggerd: handling request: pid=1333 uid=1013 gid=1005 tid=1333
05-12 20:08:36.756 I/LatinIME:LogUtils( 2009): Dictionary info: dictionary = main:en ; version = 54 ; date = 1414726273
05-12 20:08:36.902 W/System  ( 1689): ClassLoader referenced unknown path: /system/priv-app/FusedLocation/lib/x86_64
05-12 20:08:36.907 D/ApplicationLoaders( 1689): ignored Vulkan layer search path /system/priv-app/FusedLocation/lib/x86_64:/system/priv-app/FusedLocation/FusedLocation.apk!/lib/x86_64:/system/lib64:/vendor/lib64 for namespace 0x78925ded5240
05-12 20:08:37.358 W/        ( 1274): debuggerd: resuming target 1333
05-12 20:08:37.382 W/        ( 1275): debuggerd: handling request: pid=2083 uid=1023 gid=1023 tid=2083
05-12 20:08:37.497 W/        ( 1275): debuggerd: resuming target 2083
05-12 20:08:37.499 W/        ( 1275): debuggerd: handling request: pid=2144 uid=1023 gid=1023 tid=2144
05-12 20:08:37.652 W/        ( 1275): debuggerd: resuming target 2144
05-12 20:08:38.116 V/WiredAccessoryManager( 1689): notifyWiredAccessoryChanged: when=0 bits= mask=54
05-12 20:08:38.117 V/WiredAccessoryManager( 1689): newName=h2w newState=0 headsetState=0 prev headsetState=0
05-12 20:08:38.117 E/WiredAccessoryManager( 1689): No state change.
05-12 20:08:38.117 V/WiredAccessoryManager( 1689): init()
05-12 20:08:38.169 D/ConditionProviders.SCP( 1689): onSubscribe condition://android/schedule?days=1.2.3.4.5&start=22.0&end=7.0&exitAtAlarm=false
05-12 20:08:38.258 D/ConditionProviders.SCP( 1689): setRegistered true
05-12 20:08:38.292 D/ConditionProviders.SCP( 1689): notifyCondition condition://android/schedule?days=1.2.3.4.5&start=22.0&end=7.0&exitAtAlarm=false STATE_FALSE reason=!meetsSchedule
05-12 20:08:38.299 D/ConditionProviders.SCP( 1689): Scheduling evaluate for Wed May 12 22:00:00 UTC 2021 (1620856800000), in +1h51m21s741ms, now=Wed May 12 20:08:38 UTC 2021 (1620850118259)
05-12 20:08:38.371 D/ConditionProviders.SCP( 1689): onSubscribe condition://android/schedule?days=6.7&start=23.30&end=10.0&exitAtAlarm=false
05-12 20:08:38.373 D/ConditionProviders.SCP( 1689): notifyCondition condition://android/schedule?days=6.7&start=23.30&end=10.0&exitAtAlarm=false STATE_FALSE reason=!meetsSchedule
05-12 20:08:38.374 D/ConditionProviders.SCP( 1689): notifyCondition condition://android/schedule?days=1.2.3.4.5&start=22.0&end=7.0&exitAtAlarm=false STATE_FALSE reason=!meetsSchedule
05-12 20:08:38.376 D/ConditionProviders.SCP( 1689): Scheduling evaluate for Wed May 12 22:00:00 UTC 2021 (1620856800000), in +1h51m21s628ms, now=Wed May 12 20:08:38 UTC 2021 (1620850118372)
05-12 20:08:38.482 I/InputReader( 1689): Reconfiguring input devices.  changes=0x00000020
05-12 20:08:38.561 I/InputReader( 1689): Reconfiguring input devices.  changes=0x00000010
05-12 20:08:38.714 W/WindowManager( 1689): App freeze timeout expired.
05-12 20:08:38.715 W/WindowManager( 1689): Force clearing freeze: AppWindowToken{5f03b67 token=Token{adae681 ActivityRecord{7a60268 u0 com.android.settings/.FallbackHome t1}}}
05-12 20:08:38.715 I/WindowManager( 1689): Screen frozen for +9s869ms due to AppWindowToken{5f03b67 token=Token{adae681 ActivityRecord{7a60268 u0 com.android.settings/.FallbackHome t1}}}
05-12 20:08:39.242 W/WindowManager( 1689): Window freeze timeout expired.
05-12 20:08:39.249 I/ActivityManager( 1689): Displayed com.android.settings/.FallbackHome: +11s714ms
05-12 20:08:39.270 I/Choreographer( 1689): Skipped 48 frames!  The application may be doing too much work on its main thread.
05-12 20:08:40.054 E/ipv6proxy( 2332): Failed to get interface flags for wlan1: No such device
05-12 20:08:40.787 E/hostapd ( 2335): Configuration file: /system/etc/simulated_hostapd.conf
05-12 20:08:40.967 E/hostapd ( 2335): Could not read interface wlan1 flags: No such device
05-12 20:08:40.968 I/hostapd ( 2335): nl80211: Driver does not support authentication/association or connect commands
05-12 20:08:40.968 I/hostapd ( 2335): nl80211: deinit ifname=wlan1 disabled_11b_rates=0
05-12 20:08:40.969 E/hostapd ( 2335): Could not read interface wlan1 flags: No such device
05-12 20:08:40.969 E/hostapd ( 2335): nl80211 driver initialization failed.
05-12 20:08:40.969 I/hostapd ( 2335): wlan1: interface state UNINITIALIZED->DISABLED
05-12 20:08:40.969 I/hostapd ( 2335): wlan1: AP-DISABLED 
05-12 20:08:41.003 W/ProcessCpuTracker( 1689): Skipping unknown process pid 2323
05-12 20:08:41.005 W/ProcessCpuTracker( 1689): Skipping unknown process pid 2327
05-12 20:08:41.084 I/WifiScanningService( 1689): wifi driver unloaded
05-12 20:08:41.086 D/RttService( 1689): DefaultState got{ when=-11s606ms what=160513 target=com.android.internal.util.StateMachine$SmHandler }
05-12 20:08:41.261 I/art     ( 1689): Waiting for a blocking GC Explicit
05-12 20:08:41.586 E/hostapd ( 2335): hostapd_free_hapd_data: Interface wlan1 wasn't started
05-12 20:08:42.112 W/art     ( 1689): Long monitor contention with owner Binder:1689_7 (2262) at boolean android.os.MessageQueue.enqueueMessage(android.os.Message, long)(MessageQueue.java:541) waiters=0 in android.os.Message android.os.MessageQueue.next() for 133ms
05-12 20:08:42.817 W/art     ( 1689): Long monitor contention with owner ConditionProviders.ECP (1982) at void android.os.Process.setThreadPriority(int, int)(Process.java:-2) waiters=0 in void com.android.server.notification.EventConditionProvider.onSubscribe(android.net.Uri) for 4.356s
05-12 20:08:42.878 I/Telecom ( 1689): WiredHeadsetManager: ACTION_HEADSET_PLUG event, plugged in: false, : WHC.oADA@AAE
05-12 20:08:43.028 W/SystemConfig( 2228): No directory /system/etc/sysconfig, skipping
05-12 20:08:43.119 E/ActivityManager( 1689): ANR in system
05-12 20:08:43.119 E/ActivityManager( 1689): PID: 1689
05-12 20:08:43.119 E/ActivityManager( 1689): Reason: executing service com.android.server.telecom/.components.TelecomService
05-12 20:08:43.119 E/ActivityManager( 1689): Load: 11.83 / 4.29 / 1.59
05-12 20:08:43.119 E/ActivityManager( 1689): CPU usage from 821ms to -16889ms ago (2021-05-12 20:08:24.808 to 2021-05-12 20:08:42.518):
05-12 20:08:43.119 E/ActivityManager( 1689):   65% 1320/surfaceflinger: 27% user + 37% kernel / faults: 76 minor
05-12 20:08:43.119 E/ActivityManager( 1689):   30% 1381/bootanimation: 13% user + 16% kernel
05-12 20:08:43.119 E/ActivityManager( 1689):   25% 1689/system_server: 8.6% user + 17% kernel / faults: 3172 minor 35 major
05-12 20:08:43.119 E/ActivityManager( 1689):   10% 1330/media.codec: 5.1% user + 5.3% kernel / faults: 3232 minor 4 major
05-12 20:08:43.119 E/ActivityManager( 1689):   6.3% 2014/com.android.systemui: 2.1% user + 4.2% kernel / faults: 1540 minor 10 major
05-12 20:08:43.119 E/ActivityManager( 1689):   2.2% 1322/adbd: 0.3% user + 1.8% kernel / faults: 681 minor
05-12 20:08:43.119 E/ActivityManager( 1689):   1.5% 8/rcu_preempt: 0% user + 1.5% kernel
05-12 20:08:43.119 E/ActivityManager( 1689):   1.2% 1333/mediaserver: 0.8% user + 0.3% kernel / faults: 69 minor
05-12 20:08:43.119 E/ActivityManager( 1689):   1% 1332/media.extractor: 0.3% user + 0.6% kernel / faults: 80 minor
05-12 20:08:43.119 E/ActivityManager( 1689):   0.8% 2009/com.android.inputmethod.latin: 0.3% user + 0.4% kernel / faults: 301 minor
05-12 20:08:43.119 E/ActivityManager( 1689):   0.7% 1319/servicemanager: 0.4% user + 0.3% kernel
05-12 20:08:43.119 E/ActivityManager( 1689):   0.7% 1//init: 0.2% user + 0.5% kernel / faults: 152 minor
05-12 20:08:43.119 E/ActivityManager( 1689):   0.1% 1275/debuggerd64: 0% user + 0.1% kernel / faults: 103 minor
05-12 20:08:43.119 E/ActivityManager( 1689):   0.3% 1323/zygote64: 0.1% user + 0.2% kernel / faults: 304 minor
05-12 20:08:43.119 E/ActivityManager( 1689):   0.5% 6/kworker/u4:0: 0% user + 0.5% kernel
05-12 20:08:43.119 E/ActivityManager( 1689):   0.4% 1254/kworker/0:1H: 0% user + 0.4% kernel
05-12 20:08:43.119 E/ActivityManager( 1689):   0.3% 1264/jbd2/vdc-8: 0% user + 0.3% kernel
05-12 20:08:43.119 E/ActivityManager( 1689):   0% 1274/debuggerd: 0% user + 0% kernel / faults: 188 minor
05-12 20:08:43.119 E/ActivityManager( 1689):   0.3% 1325/audioserver: 0% user + 0.2% kernel / faults: 37 minor
05-12 20:08:43.119 E/ActivityManager( 1689):   0.2% 3/ksoftirqd/0: 0% user + 0.2% kernel
05-12 20:08:43.119 E/ActivityManager( 1689):   0.2% 1266/logd: 0% user + 0.2% kernel / faults: 9 minor
05-12 20:08:43.119 E/ActivityManager( 1689):   0.2% 1334/netd: 0% user + 0.2% kernel / faults: 36 minor
05-12 20:08:43.119 E/ActivityManager( 1689):   0.1% 12/ksoftirqd/1: 0% user + 0.1% kernel
05-12 20:08:43.119 E/ActivityManager( 1689):   0% 1336/rild: 0% user + 0% kernel / faults: 5 minor
05-12 20:08:43.119 E/ActivityManager( 1689):   0% 455/kworker/0:1: 0% user + 0% kernel
05-12 20:08:43.119 E/ActivityManager( 1689):   0% 809/kworker/1:2: 0% user + 0% kernel
05-12 20:08:43.119 E/ActivityManager( 1689):   0% 1318/lmkd: 0% user + 0% kernel
05-12 20:08:43.119 E/ActivityManager( 1689):   0% 1326/cameraserver: 0% user + 0% kernel / faults: 32 minor
05-12 20:08:43.119 E/ActivityManager( 1689):   0% 2144/sdcard: 0% user + 0% kernel / faults: 7 minor
05-12 20:08:43.119 E/ActivityManager( 1689):  +0% 2228/com.android.phone: 0% user + 0% kernel
05-12 20:08:43.119 E/ActivityManager( 1689):  +0% 2243/com.android.settings: 0% user + 0% kernel
05-12 20:08:43.119 E/ActivityManager( 1689):  +0% 2338/getprop: 0% user + 0% kernel
05-12 20:08:43.119 E/ActivityManager( 1689):  +0% 2340/getprop: 0% user + 0% kernel
05-12 20:08:43.119 E/ActivityManager( 1689): 100% TOTAL: 36% user + 62% kernel + 0.7% softirq
05-12 20:08:43.119 E/ActivityManager( 1689): CPU usage from 15378ms to 16621ms later (2021-05-12 20:08:41.007 to 2021-05-12 20:08:42.250):
05-12 20:08:43.119 E/ActivityManager( 1689):   101% 1320/surfaceflinger: 41% user + 59% kernel
05-12 20:08:43.119 E/ActivityManager( 1689):     46% 1320/surfaceflinger: 16% user + 29% kernel
05-12 20:08:43.119 E/ActivityManager( 1689):     21% 1376/EventThread: 0% user + 21% kernel
05-12 20:08:43.119 E/ActivityManager( 1689):     20% 1368/DispSync: 15% user + 4.8% kernel
05-12 20:08:43.119 E/ActivityManager( 1689):     4.8% 1375/POSIX timer 1: 0.8% user + 4% kernel
05-12 20:08:43.119 E/ActivityManager( 1689):     3.2% 1373/POSIX timer 0: 3.2% user + 0% kernel
05-12 20:08:43.119 E/ActivityManager( 1689):     2.4% 1504/Binder:1320_3: 0% user + 2.4% kernel
05-12 20:08:43.119 E/ActivityManager( 1689):     0.8% 1367/Binder:1320_1: 0% user + 0.8% kernel
05-12 20:08:43.119 E/ActivityManager( 1689):     0.8% 1374/EventThread: 0% user + 0.8% kernel
05-12 20:08:43.119 E/ActivityManager( 1689):     0.8% 1518/Binder:1320_4: 0% user + 0.8% kernel
05-12 20:08:43.119 E/ActivityManager( 1689):   32% 1689/system_server: 4.8% user + 27% kernel / faults: 91 minor
05-12 20:08:43.119 E/ActivityManager( 1689):     8.1% 1695/Signal Catcher: 3.2% user + 4.8% kernel
05-12 20:08:43.119 E/ActivityManager( 1689):     8.1% 1735/ActivityManager: 0% user + 8.1% kernel
05-12 20:08:43.119 E/ActivityManager( 1689):     4.8% 1700/HeapTaskDaemon: 3.2% user + 1.6% kernel
05-12 20:08:43.119 E/ActivityManager( 1689):     3.2% 1720/Binder:1689_1: 0% user + 3.2% kernel
05-12 20:08:43.119 E/ActivityManager( 1689):     3.2% 2262/Binder:1689_7: 1.6% user + 1.6% kernel
05-12 20:08:43.119 E/ActivityManager( 1689):     0.8% 1721/Binder:1689_2: 0% user + 0.8% kernel
05-12 20:08:43.119 E/ActivityManager( 1689):     0.8% 1757/android.display: 0% user + 0.8% kernel
05-12 20:08:43.119 E/ActivityManager( 1689):     0.8% 1762/PowerManagerSer: 0% user + 0.8% kernel
05-12 20:08:43.119 E/ActivityManager( 1689):     0.8% 1984/AudioService: 0% user + 0.8% kernel
05-12 20:08:43.119 E/ActivityManager( 1689):     0.8% 2260/Binder:1689_6: 0% user + 0.8% kernel
05-12 20:08:43.119 E/ActivityManager( 1689):    +0% 2341/Binder:1689_8: 0% user + 0% kernel
05-12 20:08:43.119 E/ActivityManager( 1689):    +0% 2343/Binder:1689_9: 0% user + 0% kernel
05-12 20:08:43.119 E/ActivityManager( 1689):   20% 1381/bootanimation: 5.7% user + 14% kernel
05-12 20:08:43.119 E/ActivityManager( 1689):     21% 1503/BootAnimation: 6.5% user + 14% kernel
05-12 20:08:43.119 E/ActivityManager( 1689):   12% 2243/com.android.settings: 2.2% user + 10% kernel
05-12 20:08:43.119 E/ActivityManager( 1689):     12% 2243/ndroid.settings: 1.1% user + 11% kernel
05-12 20:08:43.119 E/ActivityManager( 1689):     1.1% 2256/Binder:2243_1: 0% user + 1.1% kernel
05-12 20:08:43.119 E/ActivityManager( 1689):   6.6% 2228/com.android.phone: 0.8% user + 5.8% kernel / faults: 41 minor
05-12 20:08:43.119 E/ActivityManager( 1689):     3.3% 2228/m.android.phone: 0% user + 3.3% kernel
05-12 20:08:43.119 E/ActivityManager( 1689):     0.8% 2330/GsmCellBroadcas: 0% user + 0.8% kernel
05-12 20:08:43.119 E/ActivityManager( 1689):     0.8% 2331/GsmInboundSmsHa: 0% user + 0.8% kernel
05-12 20:08:43.119 E/ActivityManager( 1689):     0.8% 2334/CdmaInboundSmsH: 0% user + 0.8% kernel
05-12 20:08:43.119 E/ActivityManager( 1689):   10% 2338/sh: 0% user + 10% kernel / faults: 471 minor
05-12 20:08:43.119 E/ActivityManager( 1689):   0.8% 8/rcu_preempt:
05-12 20:08:43.529 W/art     ( 1689): Long monitor contention with owner android.ui (1736) at void com.android.server.am.AppErrors.handleShowAnrUi(android.os.Message)(AppErrors.java:925) waiters=0 in void com.android.server.am.BroadcastQueue.processNextBroadcast(boolean) for 265ms
05-12 20:08:43.702 W/art     ( 1689): Long monitor contention with owner android.ui (1736) at void com.android.server.am.AppErrors.handleShowAnrUi(android.os.Message)(AppErrors.java:925) waiters=1 in android.content.Intent com.android.server.am.ActivityManagerService.registerReceiver(android.app.IApplicationThread, java.lang.String, android.content.IIntentReceiver, android.content.IntentFilter, java.lang.String, int) for 372ms
05-12 20:08:43.703 W/art     ( 1689): Long monitor contention with owner android.ui (1736) at void com.android.server.am.AppErrors.handleShowAnrUi(android.os.Message)(AppErrors.java:925) waiters=2 in android.content.pm.ParceledListSlice com.android.server.am.ActivityManagerService.getRecentTasks(int, int, int) for 251ms
05-12 20:08:43.704 I/ActivityManager( 1689): user 0 is still locked. Cannot load recents
05-12 20:08:43.961 V/KeyguardServiceDelegate( 1689): *** Keyguard started
05-12 20:08:44.027 D/PhoneSwitcherNetworkRequstListener( 2228): Registering NetworkFactory
05-12 20:08:44.110 D/ConnectivityService( 1689): Got NetworkFactory Messenger for PhoneSwitcherNetworkRequstListener
05-12 20:08:44.154 W/KeyguardServiceDelegate( 1689): onScreenTurningOn(): no keyguard service!
05-12 20:08:44.386 D/ConnectivityService( 1689): Got NetworkFactory Messenger for TelephonyNetworkFactory[0]
05-12 20:08:44.599 D/GpsNetInitiatedHandler( 1689): location enabled :true
05-12 20:08:45.691 W/ActivityManager( 1689): Slow operation: 912ms so far, now at startProcess: returned from zygote!
05-12 20:08:45.691 W/ActivityManager( 1689): Slow operation: 912ms so far, now at startProcess: done updating battery stats
05-12 20:08:45.692 W/ActivityManager( 1689): Slow operation: 913ms so far, now at startProcess: building log message
05-12 20:08:45.693 I/ActivityManager( 1689): Start proc 2356:com.android.cellbroadcastreceiver/u0a4 for broadcast com.android.cellbroadcastreceiver/.CellBroadcastReceiver
05-12 20:08:45.693 W/ActivityManager( 1689): Slow operation: 914ms so far, now at startProcess: starting to update pids map
05-12 20:08:45.693 W/ActivityManager( 1689): Slow operation: 914ms so far, now at startProcess: done updating pids map
05-12 20:08:45.693 W/ActivityManager( 1689): Slow operation: 946ms so far, now at startProcess: done starting proc!
05-12 20:08:45.712 W/art     ( 1689): Long monitor contention with owner main (1689) at void com.android.server.am.BroadcastQueue.processNextBroadcast(boolean)(BroadcastQueue.java:760) waiters=0 in int com.android.server.am.ActivityManagerService.broadcastIntent(android.app.IApplicationThread, android.content.Intent, java.lang.String, android.content.IIntentReceiver, int, java.lang.String, android.os.Bundle, java.lang.String[], int, android.os.Bundle, boolean, boolean, int) for 698ms
05-12 20:08:45.718 W/WindowManager( 1689): Keyguard drawn timeout. Setting mKeyguardDrawComplete
05-12 20:08:45.828 W/art     ( 2356): Unexpected CPU variant for X86 using defaults: x86_64
05-12 20:08:46.358 D/CarrierConfigLoader( 2228): CarrierConfigLoader has started
05-12 20:08:46.384 E/BluetoothAdapter( 2228): Bluetooth binder is null
05-12 20:08:46.687 E/hostapd ( 2353): Configuration file: /system/etc/simulated_hostapd.conf
05-12 20:08:46.783 W/art     ( 1689): Suspending all threads took: 65.728ms
05-12 20:08:46.795 E/hostapd ( 2353): Could not read interface wlan1 flags: No such device
05-12 20:08:46.796 I/hostapd ( 2353): nl80211: Driver does not support authentication/association or connect commands
05-12 20:08:46.796 I/hostapd ( 2353): nl80211: deinit ifname=wlan1 disabled_11b_rates=0
05-12 20:08:46.797 E/hostapd ( 2353): Could not read interface wlan1 flags: No such device
05-12 20:08:46.797 E/hostapd ( 2353): nl80211 driver initialization failed.
05-12 20:08:46.797 I/hostapd ( 2353): wlan1: interface state UNINITIALIZED->DISABLED
05-12 20:08:46.797 I/hostapd ( 2353): wlan1: AP-DISABLED 
05-12 20:08:46.798 E/hostapd ( 2353): hostapd_free_hapd_data: Interface wlan1 wasn't started
05-12 20:08:46.803 I/art     ( 1689): Wrote stack traces to '/data/anr/traces.txt'
05-12 20:08:46.828 I/GnssLocationProvider( 1689): WakeLock released by handleMessage(13, 0, null)
05-12 20:08:46.875 E/ipv6proxy( 2352): Failed to get interface flags for wlan1: No such device
05-12 20:08:47.324 D/AccessibilityManagerService( 1689): Ignoring non-encryption-aware service ComponentInfo{com.example.android.apis/com.example.android.apis.accessibility.ClockBackService}
05-12 20:08:47.324 D/AccessibilityManagerService( 1689): Ignoring non-encryption-aware service ComponentInfo{com.example.android.apis/com.example.android.apis.accessibility.MagnificationService}
05-12 20:08:47.324 D/AccessibilityManagerService( 1689): Ignoring non-encryption-aware service ComponentInfo{com.example.android.apis/com.example.android.apis.accessibility.TaskBackService}
05-12 20:08:47.678 I/art     ( 1689): Background sticky concurrent mark sweep GC freed 39064(2MB) AllocSpace objects, 13(844KB) LOS objects, 13% free, 14MB/16MB, paused 233.890ms total 6.532s
05-12 20:08:47.681 I/art     ( 1689): WaitForGcToComplete blocked for 6.420s for cause Explicit
05-12 20:08:47.681 I/art     ( 1689): Starting a blocking GC Explicit
05-12 20:08:47.877 I/Telephony( 2228): TtyManager: updateUiTtyMode -1 -> 0
05-12 20:08:47.928 I/Choreographer( 1689): Skipped 118 frames!  The application may be doing too much work on its main thread.
05-12 20:08:48.176 W/VibratorService( 1689): Tried to stop vibrating but there is no vibrator device.
05-12 20:08:48.703 W/art     ( 1689): Suspending all threads took: 20.235ms
05-12 20:08:48.887 W/art     ( 1689): Long monitor contention with owner main (1689) at void com.android.server.pm.UserManagerService$MainHandler.handleMessage(android.os.Message)(UserManagerService.java:3290) waiters=0 in int com.android.server.pm.PackageManagerService.checkUidPermission(java.lang.String, int) for 344ms
05-12 20:08:48.953 I/art     ( 1689): Explicit concurrent mark sweep GC freed 10578(677KB) AllocSpace objects, 5(4MB) LOS objects, 29% free, 9MB/13MB, paused 28.760ms total 1.246s
05-12 20:08:48.957 W/art     ( 1689): Long monitor contention with owner main (1689) at void com.android.server.pm.UserManagerService$MainHandler.handleMessage(android.os.Message)(UserManagerService.java:3290) waiters=2 in int com.android.server.pm.PackageManagerService.checkUidPermission(java.lang.String, int) for 294ms
05-12 20:08:48.959 E/GnssLocationProvider( 1689): no AGPS interface in set_agps_server
05-12 20:08:48.972 W/WindowManager( 1689): Timeout waiting for drawn: undrawn=[Window{174d8f5 u0 KeyguardScrim}]
05-12 20:08:48.996 W/WindowManager( 1689): Window freeze timeout expired.
05-12 20:08:48.997 W/WindowManager( 1689): Force clearing orientation change: Window{174d8f5 u0 KeyguardScrim}
05-12 20:08:48.997 W/WindowManager( 1689): Force clearing orientation change: Window{32c2e11 u0 Application Not Responding: system}
05-12 20:08:48.999 E/ActivityThread( 2228): Failed to find provider info for com.android.contacts
05-12 20:08:48.999 W/CallerInfoCache( 2228): cursor is null
05-12 20:08:49.246 W/art     ( 2228): Long monitor contention with owner RILReceiver0 (2320) at void com.android.internal.telephony.RIL.decrementWakeLock(com.android.internal.telephony.RILRequest)(RIL.java:2511) waiters=0 in void com.android.internal.telephony.RIL.acquireWakeLock(com.android.internal.telephony.RILRequest, int) for 740ms
05-12 20:08:49.316 I/Choreographer( 2243): Skipped 36 frames!  The application may be doing too much work on its main thread.
05-12 20:08:49.484 E/ActivityThread( 1689): Failed to find provider info for com.android.calendar
05-12 20:08:49.539 E/ActivityThread( 1689): Failed to find provider info for com.android.calendar
05-12 20:08:49.584 E/ipv6proxy( 2390): Failed to get interface flags for wlan1: No such device
05-12 20:08:49.660 W/art     ( 1689): Long monitor contention with owner android.bg (1734) at boolean android.os.MessageQueue.enqueueMessage(android.os.Message, long)(MessageQueue.java:541) waiters=0 in android.os.Message android.os.MessageQueue.next() for 586ms
05-12 20:08:49.771 I/GnssLocationProvider( 1689): WakeLock released by handleMessage(2, 1, null)
05-12 20:08:49.828 W/System  ( 2356): ClassLoader referenced unknown path: /system/priv-app/CellBroadcastReceiver/lib/x86_64
05-12 20:08:50.208 E/hostapd ( 2391): Configuration file: /system/etc/simulated_hostapd.conf
05-12 20:08:50.321 E/hostapd ( 2391): Could not read interface wlan1 flags: No such device
05-12 20:08:50.322 I/hostapd ( 2391): nl80211: Driver does not support authentication/association or connect commands
05-12 20:08:50.322 I/hostapd ( 2391): nl80211: deinit ifname=wlan1 disabled_11b_rates=0
05-12 20:08:50.322 E/hostapd ( 2391): Could not read interface wlan1 flags: No such device
05-12 20:08:50.323 E/hostapd ( 2391): nl80211 driver initialization failed.
05-12 20:08:50.323 I/hostapd ( 2391): wlan1: interface state UNINITIALIZED->DISABLED
05-12 20:08:50.323 I/hostapd ( 2391): wlan1: AP-DISABLED 
05-12 20:08:50.323 E/hostapd ( 2391): hostapd_free_hapd_data: Interface wlan1 wasn't started
05-12 20:08:50.421 W/art     ( 1689): Long monitor contention with owner android.bg (1734) at void com.android.server.power.PowerManagerService.releaseWakeLockInternal(android.os.IBinder, int)(PowerManagerService.java:937) waiters=0 in void com.android.server.power.PowerManagerService.setScreenBrightnessOverrideFromWindowManagerInternal(int) for 425ms
05-12 20:08:50.422 I/Choreographer( 1689): Skipped 67 frames!  The application may be doing too much work on its main thread.
05-12 20:08:50.426 W/art     ( 1689): Long monitor contention with owner android.bg (1734) at void com.android.server.power.PowerManagerService.releaseWakeLockInternal(android.os.IBinder, int)(PowerManagerService.java:937) waiters=1 in void com.android.server.power.PowerManagerService.acquireWakeLockInternal(android.os.IBinder, int, java.lang.String, java.lang.String, android.os.WorkSource, java.lang.String, int, int) for 1.178s
05-12 20:08:50.428 W/art     ( 1689): Long monitor contention with owner android.display (1757) at void com.android.server.wm.WindowManagerService$H.handleMessage(android.os.Message)(WindowManagerService.java:8528) waiters=0 in void com.android.server.wm.WindowManagerService.finishDrawingWindow(com.android.server.wm.Session, android.view.IWindow) for 1.127s
05-12 20:08:50.504 I/Choreographer( 1689): Skipped 95 frames!  The application may be doing too much work on its main thread.
05-12 20:08:50.515 D/AlarmManagerService( 1689): Kernel timezone updated to 0 minutes west of GMT
05-12 20:08:50.725 D/AlarmManagerService( 1689): Setting time of day to sec=1620850131
05-12 20:08:51.894 W/SurfaceFlinger( 1320): Timed out waiting for hw vsync; faking it
05-12 20:08:51.894 W/SurfaceFlinger( 1320): Timed out waiting for hw vsync; faking it
05-12 20:08:51.911 W/AlarmManagerService( 1689): Unable to set rtc to 1620850131: No such device
05-12 20:08:52.125 D/ConditionProviders.SCP( 1689): onReceive android.intent.action.TIME_SET
05-12 20:08:52.126 D/ConditionProviders.SCP( 1689): notifyCondition condition://android/schedule?days=6.7&start=23.30&end=10.0&exitAtAlarm=false STATE_FALSE reason=!meetsSchedule
05-12 20:08:52.127 D/ConditionProviders.SCP( 1689): notifyCondition condition://android/schedule?days=1.2.3.4.5&start=22.0&end=7.0&exitAtAlarm=false STATE_FALSE reason=!meetsSchedule
05-12 20:08:52.164 D/ConditionProviders.SCP( 1689): Scheduling evaluate for Wed May 12 22:00:00 UTC 2021 (1620856800000), in +1h51m7s875ms, now=Wed May 12 20:08:52 UTC 2021 (1620850132125)
05-12 20:08:54.056 D/PhoneSwitcherNetworkRequstListener( 2228): got request NetworkRequest [ REQUEST id=1, [ Capabilities: INTERNET&NOT_RESTRICTED&TRUSTED&NOT_VPN] ] with score 0
05-12 20:08:54.101 D/TelephonyDebugService( 2228): TelephonyDebugService()
05-12 20:08:54.242 D/CarrierConfigLoader( 2228): mHandler: 12 phoneId: 0
05-12 20:08:54.857 E/ActivityThread( 1689): Failed to find provider info for com.android.calendar
05-12 20:08:55.323 E/ActivityThread( 1689): Failed to find provider info for com.android.calendar
05-12 20:08:56.021 I/art     ( 2356): Waiting for a blocking GC DisableMovingGc
05-12 20:08:56.097 E/ipv6proxy( 2401): Failed to get interface flags for wlan1: No such device
05-12 20:08:56.100 I/art     ( 2356): WaitForGcToComplete blocked for 78.726ms for cause DisableMovingGc
05-12 20:08:56.100 I/art     ( 2356): Starting a blocking GC DisableMovingGc
05-12 20:08:56.407 I/art     ( 2014): Background sticky concurrent mark sweep GC freed 18300(2MB) AllocSpace objects, 2(40KB) LOS objects, 29% free, 7MB/10MB, paused 136.392ms total 1.024s
05-12 20:08:57.044 W/ActivityManager( 1689): Slow operation: 116ms so far, now at startProcess: returned from zygote!
05-12 20:08:57.045 W/ActivityManager( 1689): Slow operation: 117ms so far, now at startProcess: done updating battery stats
05-12 20:08:57.045 W/ActivityManager( 1689): Slow operation: 117ms so far, now at startProcess: building log message
05-12 20:08:57.045 I/ActivityManager( 1689): Start proc 2411:com.android.deskclock/u0a31 for broadcast com.android.deskclock/.AlarmInitReceiver
05-12 20:08:57.045 W/ActivityManager( 1689): Slow operation: 117ms so far, now at startProcess: starting to update pids map
05-12 20:08:57.045 W/ActivityManager( 1689): Slow operation: 117ms so far, now at startProcess: done updating pids map
05-12 20:08:57.045 W/ActivityManager( 1689): Slow operation: 118ms so far, now at startProcess: done starting proc!
05-12 20:08:57.079 W/art     ( 2411): Unexpected CPU variant for X86 using defaults: x86_64
05-12 20:08:57.922 E/hostapd ( 2402): Configuration file: /system/etc/simulated_hostapd.conf
05-12 20:08:58.010 E/hostapd ( 2402): Could not read interface wlan1 flags: No such device
05-12 20:08:58.011 I/hostapd ( 2402): nl80211: Driver does not support authentication/association or connect commands
05-12 20:08:58.011 I/hostapd ( 2402): nl80211: deinit ifname=wlan1 disabled_11b_rates=0
05-12 20:08:58.012 E/hostapd ( 2402): Could not read interface wlan1 flags: No such device
05-12 20:08:58.012 E/hostapd ( 2402): nl80211 driver initialization failed.
05-12 20:08:58.094 I/hostapd ( 2402): wlan1: interface state UNINITIALIZED->DISABLED
05-12 20:08:58.095 I/hostapd ( 2402): wlan1: AP-DISABLED 
05-12 20:08:58.095 E/hostapd ( 2402): hostapd_free_hapd_data: Interface wlan1 wasn't started
05-12 20:09:00.225 W/System  ( 2014): ClassLoader referenced unknown path: 
05-12 20:09:00.226 W/System  ( 2014): ClassLoader referenced unknown path: /system/priv-app/Dialer/lib/x86_64
05-12 20:09:00.546 D/ApplicationLoaders( 2014): ignored Vulkan layer search path /system/priv-app/Dialer/lib/x86_64:/system/lib64:/vendor/lib64 for namespace 0x78925dec50f0
05-12 20:09:01.468 E/ipv6proxy( 2430): Failed to get interface flags for wlan1: No such device
05-12 20:09:01.745 E/BluetoothAdapter( 2014): Bluetooth binder is null
05-12 20:09:01.770 E/hostapd ( 2431): Configuration file: /system/etc/simulated_hostapd.conf
05-12 20:09:01.987 E/hostapd ( 2431): Could not read interface wlan1 flags: No such device
05-12 20:09:01.987 I/hostapd ( 2431): nl80211: Driver does not support authentication/association or connect commands
05-12 20:09:01.987 I/hostapd ( 2431): nl80211: deinit ifname=wlan1 disabled_11b_rates=0
05-12 20:09:01.988 E/hostapd ( 2431): Could not read interface wlan1 flags: No such device
05-12 20:09:01.988 E/hostapd ( 2431): nl80211 driver initialization failed.
05-12 20:09:01.988 I/hostapd ( 2431): wlan1: interface state UNINITIALIZED->DISABLED
05-12 20:09:01.989 I/hostapd ( 2431): wlan1: AP-DISABLED 
05-12 20:09:01.989 E/hostapd ( 2431): hostapd_free_hapd_data: Interface wlan1 wasn't started
05-12 20:09:02.120 I/CameraManagerGlobal( 2014): Connecting to camera service
05-12 20:09:02.226 V/EmulatedCamera_Camera( 1326): getCameraInfo
05-12 20:09:02.228 V/EmulatedCamera_BaseCamera( 1326): getCameraInfo
05-12 20:09:02.228 I/CameraService( 1326): getCameraCharacteristics: Switching to HAL1 shim implementation...
05-12 20:09:02.228 V/EmulatedCamera_Camera( 1326): getCameraInfo
05-12 20:09:02.228 V/EmulatedCamera_BaseCamera( 1326): getCameraInfo
05-12 20:09:02.230 I/CameraService( 1326): CameraService::connect call (PID -1 "cameraserver", camera ID 0) for HAL version default and Camera API version 1
05-12 20:09:02.255 E/CameraService( 1326): getCameraPriorityFromProcState: Received invalid process state -1 from ActivityManagerService!
05-12 20:09:02.256 V/EmulatedCamera_Camera( 1326): getCameraInfo
05-12 20:09:02.256 V/EmulatedCamera_BaseCamera( 1326): getCameraInfo
05-12 20:09:02.779 E/WVMExtractor( 1333): Failed to open libwvm.so: dlopen failed: library "libwvm.so" not found
05-12 20:09:03.028 D/NuPlayerDriver( 1333): notifyListener_l(0xf3a8c0c0), (1, 0, 0), loop setting(0, 0)
05-12 20:09:03.353 D/NuPlayerDriver( 1333): notifyListener_l(0xf52a8de0), (1, 0, 0), loop setting(0, 0)
05-12 20:09:03.501 D/NuPlayerDriver( 1333): notifyListener_l(0xf52a8d20), (1, 0, 0), loop setting(0, 0)
05-12 20:09:03.556 I/CameraFlashlight( 1326): Opening camera 0
05-12 20:09:03.556 V/EmulatedCamera_Camera( 1326): getCameraInfo
05-12 20:09:03.557 V/EmulatedCamera_BaseCamera( 1326): getCameraInfo
05-12 20:09:03.557 V/EmulatedCamera_Camera( 1326): connectCamera
05-12 20:09:03.564 V/EmulatedCamera_FakeDevice( 1326): connectDevice
05-12 20:09:03.565 V/EmulatedCamera_CallbackNotifier( 1326): setCallbacks: 0xeb98de80, 0xeb98ded0, 0xeb98dff0, 0xeb98e110 (0xeb643320)
05-12 20:09:03.565 V/EmulatedCamera_CallbackNotifier( 1326): enableMessage: msg_type = 0xc0d
05-12 20:09:03.565 V/EmulatedCamera_CallbackNotifier( 1326):     CAMERA_MSG_ERROR
05-12 20:09:03.565 V/EmulatedCamera_CallbackNotifier( 1326):     CAMERA_MSG_FOCUS
05-12 20:09:03.565 V/EmulatedCamera_CallbackNotifier( 1326):     CAMERA_MSG_ZOOM
05-12 20:09:03.565 V/EmulatedCamera_CallbackNotifier( 1326):     CAMERA_MSG_PREVIEW_METADATA
05-12 20:09:03.565 V/EmulatedCamera_CallbackNotifier( 1326): **** Currently enabled messages:
05-12 20:09:03.565 V/EmulatedCamera_CallbackNotifier( 1326):     CAMERA_MSG_ERROR
05-12 20:09:03.565 V/EmulatedCamera_CallbackNotifier( 1326):     CAMERA_MSG_FOCUS
05-12 20:09:03.565 V/EmulatedCamera_CallbackNotifier( 1326):     CAMERA_MSG_ZOOM
05-12 20:09:03.565 V/EmulatedCamera_CallbackNotifier( 1326):     CAMERA_MSG_PREVIEW_METADATA
05-12 20:09:03.569 V/EmulatedCamera_CallbackNotifier( 1326): disableMessage: msg_type = 0xffff
05-12 20:09:03.569 V/EmulatedCamera_CallbackNotifier( 1326):     CAMERA_MSG_ERROR
05-12 20:09:03.569 V/EmulatedCamera_CallbackNotifier( 1326):     CAMERA_MSG_SHUTTER
05-12 20:09:03.569 V/EmulatedCamera_CallbackNotifier( 1326):     CAMERA_MSG_FOCUS
05-12 20:09:03.569 V/EmulatedCamera_CallbackNotifier( 1326):     CAMERA_MSG_ZOOM
05-12 20:09:03.569 V/EmulatedCamera_CallbackNotifier( 1326):     CAMERA_MSG_PREVIEW_FRAME
05-12 20:09:03.569 V/EmulatedCamera_CallbackNotifier( 1326):     CAMERA_MSG_VIDEO_FRAME
05-12 20:09:03.569 V/EmulatedCamera_CallbackNotifier( 1326):     CAMERA_MSG_POSTVIEW_FRAME
05-12 20:09:03.569 V/EmulatedCamera_CallbackNotifier( 1326):     CAMERA_MSG_RAW_IMAGE
05-12 20:09:03.569 V/EmulatedCamera_CallbackNotifier( 1326):     CAMERA_MSG_COMPRESSED_IMAGE
05-12 20:09:03.569 V/EmulatedCamera_CallbackNotifier( 1326):     CAMERA_MSG_RAW_IMAGE_NOTIFY
05-12 20:09:03.569 V/EmulatedCamera_CallbackNotifier( 1326):     CAMERA_MSG_PREVIEW_METADATA
05-12 20:09:03.569 V/EmulatedCamera_CallbackNotifier( 1326): **** Currently enabled messages:
05-12 20:09:03.570 V/EmulatedCamera_Preview( 1326): setPreviewWindow: current: 0x0 -> new: 0x0
05-12 20:09:03.570 V/EmulatedCamera_Camera( 1326): doStopPreview
05-12 20:09:03.571 V/EmulatedCamera_Camera( 1326): cancelPicture
05-12 20:09:03.571 V/EmulatedCamera_Camera( 1326): releaseCamera
05-12 20:09:03.572 V/EmulatedCamera_Camera( 1326): doStopPreview
05-12 20:09:03.572 V/EmulatedCamera_FakeDevice( 1326): disconnectDevice
05-12 20:09:03.572 W/EmulatedCamera_Device( 1326): Initialize: Emulated camera device is already initialized: mState = 1
05-12 20:09:03.572 D/EmulatedCamera_FakeCamera( 1326): Initialize: Fake camera is facing back
05-12 20:09:03.580 V/EmulatedCamera_Device( 1326): initializeWhiteBalanceModes with auto, 1.000000, 1.000000
05-12 20:09:03.580 V/EmulatedCamera_Device( 1326): initializeWhiteBalanceModes with incandescent, 1.380000, 0.600000
05-12 20:09:03.581 V/EmulatedCamera_Device( 1326): initializeWhiteBalanceModes with daylight, 1.090000, 0.920000
05-12 20:09:03.581 V/EmulatedCamera_Device( 1326): initializeWhiteBalanceModes with twilight, 0.920000, 1.220000
05-12 20:09:03.581 V/EmulatedCamera_Device( 1326): setWhiteBalanceMode with white balance auto
05-12 20:09:03.581 I/CameraFlashlight( 1326): Destroying camera 0
05-12 20:09:03.581 V/EmulatedCamera_Camera( 1326): closeCamera
05-12 20:09:03.581 V/EmulatedCamera_Camera( 1326): doStopPreview
05-12 20:09:03.581 W/EmulatedCamera_Device( 1326): Initialize: Emulated camera device is already initialized: mState = 1
05-12 20:09:03.581 D/EmulatedCamera_FakeCamera( 1326): Initialize: Fake camera is facing back
05-12 20:09:03.582 V/EmulatedCamera_Device( 1326): initializeWhiteBalanceModes with auto, 1.000000, 1.000000
05-12 20:09:03.582 V/EmulatedCamera_Device( 1326): initializeWhiteBalanceModes with incandescent, 1.380000, 0.600000
05-12 20:09:03.582 V/EmulatedCamera_Device( 1326): initializeWhiteBalanceModes with daylight, 1.090000, 0.920000
05-12 20:09:03.582 V/EmulatedCamera_Device( 1326): initializeWhiteBalanceModes with twilight, 0.920000, 1.220000
05-12 20:09:03.582 V/EmulatedCamera_Device( 1326): setWhiteBalanceMode with white balance auto
05-12 20:09:03.596 I/CameraService( 1326): disconnect: Disconnected client for camera 0 for PID 1326
05-12 20:09:03.608 D/NuPlayerDriver( 1333): reset(0xf3a8c0c0) at state 4
05-12 20:09:03.608 D/NuPlayerDriver( 1333): notifyListener_l(0xf3a8c0c0), (8, 0, 0), loop setting(0, 0)
05-12 20:09:03.610 D/NuPlayerDriver( 1333): notifyResetComplete(0xf3a8c0c0)
05-12 20:09:03.689 D/NuPlayerDriver( 1333): reset(0xf52a8de0) at state 4
05-12 20:09:03.689 D/NuPlayerDriver( 1333): notifyListener_l(0xf52a8de0), (8, 0, 0), loop setting(0, 0)
05-12 20:09:03.708 D/NuPlayerDriver( 1333): notifyResetComplete(0xf52a8de0)
05-12 20:09:03.729 D/NuPlayerDriver( 1333): reset(0xf52a8d20) at state 4
05-12 20:09:03.735 D/NuPlayerDriver( 1333): notifyListener_l(0xf52a8d20), (8, 0, 0), loop setting(0, 0)
05-12 20:09:03.741 D/NuPlayerDriver( 1333): notifyResetComplete(0xf52a8d20)
05-12 20:09:03.786 V/EmulatedCamera_Camera( 1326): getCameraInfo
05-12 20:09:03.786 V/EmulatedCamera_BaseCamera( 1326): getCameraInfo
05-12 20:09:03.790 V/EmulatedCamera_Camera( 1326): getCameraInfo
05-12 20:09:03.790 V/EmulatedCamera_BaseCamera( 1326): getCameraInfo
05-12 20:09:03.998 I/StatusBar( 2014): isKeyguardShowing() called before startKeyguard(), returning true
05-12 20:09:04.000 W/StatusBar( 2014): isKeyguardSecure() called before startKeyguard(), returning false
05-12 20:09:04.000 W/StatusBar( 2014): java.lang.Throwable
05-12 20:09:04.000 W/StatusBar( 2014): 	at com.android.systemui.statusbar.BaseStatusBar.isKeyguardSecure(BaseStatusBar.java:2647)
05-12 20:09:04.000 W/StatusBar( 2014): 	at com.android.systemui.statusbar.BaseStatusBar.isCameraAllowedByAdmin(BaseStatusBar.java:2670)
05-12 20:09:04.000 W/StatusBar( 2014): 	at com.android.systemui.statusbar.phone.KeyguardBottomAreaView.updateCameraVisibility(KeyguardBottomAreaView.java:309)
05-12 20:09:04.000 W/StatusBar( 2014): 	at com.android.systemui.statusbar.phone.KeyguardBottomAreaView.setPhoneStatusBar(KeyguardBottomAreaView.java:272)
05-12 20:09:04.000 W/StatusBar( 2014): 	at com.android.systemui.statusbar.phone.PhoneStatusBar.makeStatusBarView(PhoneStatusBar.java:904)
05-12 20:09:04.000 W/StatusBar( 2014): 	at com.android.systemui.statusbar.phone.PhoneStatusBar.addStatusBarWindow(PhoneStatusBar.java:3432)
05-12 20:09:04.000 W/StatusBar( 2014): 	at com.android.systemui.statusbar.phone.PhoneStatusBar.createAndAddWindows(PhoneStatusBar.java:3428)
05-12 20:09:04.000 W/StatusBar( 2014): 	at com.android.systemui.statusbar.BaseStatusBar.start(BaseStatusBar.java:765)
05-12 20:09:04.000 W/StatusBar( 2014): 	at com.android.systemui.statusbar.phone.PhoneStatusBar.start(PhoneStatusBar.java:686)
05-12 20:09:04.000 W/StatusBar( 2014): 	at com.android.systemui.statusbar.SystemBars.createStatusBarFromConfig(SystemBars.java:106)
05-12 20:09:04.000 W/StatusBar( 2014): 	at com.android.systemui.statusbar.SystemBars.onNoService(SystemBars.java:58)
05-12 20:09:04.000 W/StatusBar( 2014): 	at com.android.systemui.statusbar.ServiceMonitor.startService(ServiceMonitor.java:230)
05-12 20:09:04.000 W/StatusBar( 2014): 	at com.android.systemui.statusbar.ServiceMonitor.-wrap5(ServiceMonitor.java)
05-12 20:09:04.000 W/StatusBar( 2014): 	at com.android.systemui.statusbar.ServiceMonitor$1.handleMessage(ServiceMonitor.java:73)
05-12 20:09:04.000 W/StatusBar( 2014): 	at android.os.Handler.dispatchMessage(Handler.java:102)
05-12 20:09:04.000 W/StatusBar( 2014): 	at android.os.Looper.loop(Looper.java:154)
05-12 20:09:04.000 W/StatusBar( 2014): 	at android.app.ActivityThread.main(ActivityThread.java:6119)
05-12 20:09:04.000 W/StatusBar( 2014): 	at java.lang.reflect.Method.invoke(Native Method)
05-12 20:09:04.000 W/StatusBar( 2014): 	at com.android.internal.os.ZygoteInit$MethodAndArgsCaller.run(ZygoteInit.java:886)
05-12 20:09:04.000 W/StatusBar( 2014): 	at com.android.internal.os.ZygoteInit.main(ZygoteInit.java:776)
05-12 20:09:04.015 I/StatusBar( 2014): isKeyguardShowing() called before startKeyguard(), returning true
05-12 20:09:04.017 W/StatusBar( 2014): isKeyguardSecure() called before startKeyguard(), returning false
05-12 20:09:04.017 W/StatusBar( 2014): java.lang.Throwable
05-12 20:09:04.017 W/StatusBar( 2014): 	at com.android.systemui.statusbar.BaseStatusBar.isKeyguardSecure(BaseStatusBar.java:2647)
05-12 20:09:04.017 W/StatusBar( 2014): 	at com.android.systemui.statusbar.BaseStatusBar.isCameraAllowedByAdmin(BaseStatusBar.java:2670)
05-12 20:09:04.017 W/StatusBar( 2014): 	at com.android.systemui.statusbar.phone.KeyguardBottomAreaView.updateCameraVisibility(KeyguardBottomAreaView.java:309)
05-12 20:09:04.017 W/StatusBar( 2014): 	at com.android.systemui.statusbar.phone.KeyguardBottomAreaView.setUserSetupComplete(KeyguardBottomAreaView.java:281)
05-12 20:09:04.017 W/StatusBar( 2014): 	at com.android.systemui.statusbar.phone.PhoneStatusBar.makeStatusBarView(PhoneStatusBar.java:905)
05-12 20:09:04.017 W/StatusBar( 2014): 	at com.android.systemui.statusbar.phone.PhoneStatusBar.addStatusBarWindow(PhoneStatusBar.java:3432)
05-12 20:09:04.017 W/StatusBar( 2014): 	at com.android.systemui.statusbar.phone.PhoneStatusBar.createAndAddWindows(PhoneStatusBar.java:3428)
05-12 20:09:04.017 W/StatusBar( 2014): 	at com.android.systemui.statusbar.BaseStatusBar.start(BaseStatusBar.java:765)
05-12 20:09:04.017 W/StatusBar( 2014): 	at com.android.systemui.statusbar.phone.PhoneStatusBar.start(PhoneStatusBar.java:686)
05-12 20:09:04.017 W/StatusBar( 2014): 	at com.android.systemui.statusbar.SystemBars.createStatusBarFromConfig(SystemBars.java:106)
05-12 20:09:04.017 W/StatusBar( 2014): 	at com.android.systemui.statusbar.SystemBars.onNoService(SystemBars.java:58)
05-12 20:09:04.017 W/StatusBar( 2014): 	at com.android.systemui.statusbar.ServiceMonitor.startService(ServiceMonitor.java:230)
05-12 20:09:04.017 W/StatusBar( 2014): 	at com.android.systemui.statusbar.ServiceMonitor.-wrap5(ServiceMonitor.java)
05-12 20:09:04.017 W/StatusBar( 2014): 	at com.android.systemui.statusbar.ServiceMonitor$1.handleMessage(ServiceMonitor.java:73)
05-12 20:09:04.017 W/StatusBar( 2014): 	at android.os.Handler.dispatchMessage(Handler.java:102)
05-12 20:09:04.017 W/StatusBar( 2014): 	at android.os.Looper.loop(Looper.java:154)
05-12 20:09:04.017 W/StatusBar( 2014): 	at android.app.ActivityThread.main(ActivityThread.java:6119)
05-12 20:09:04.017 W/StatusBar( 2014): 	at java.lang.reflect.Method.invoke(Native Method)
05-12 20:09:04.017 W/StatusBar( 2014): 	at com.android.internal.os.ZygoteInit$MethodAndArgsCaller.run(ZygoteInit.java:886)
05-12 20:09:04.017 W/StatusBar( 2014): 	at com.android.internal.os.ZygoteInit.main(ZygoteInit.java:776)
05-12 20:09:04.917 V/EmulatedCamera_Camera( 1326): getCameraInfo
05-12 20:09:04.917 V/EmulatedCamera_BaseCamera( 1326): getCameraInfo
05-12 20:09:04.919 V/EmulatedCamera_Camera( 1326): getCameraInfo
05-12 20:09:04.919 V/EmulatedCamera_BaseCamera( 1326): getCameraInfo
05-12 20:09:05.128 W/ActivityManager( 1689): Timeout executing service: ServiceRecord{f96d125 u0 com.android.systemui/.keyguard.KeyguardService}
05-12 20:09:05.697 I/Process ( 1689): Sending signal. PID: 2014 SIG: 3
05-12 20:09:05.699 I/art     ( 2014): Thread[3,tid=2022,WaitingInMainSignalCatcherLoop,Thread*=0x789259696400,peer=0x12c005e0,"Signal Catcher"]: reacting to signal 3
05-12 20:09:05.699 I/art     ( 2014): 
05-12 20:09:05.854 W/art     ( 2014): Suspending all threads took: 152.172ms
05-12 20:09:06.020 W/System  ( 2411): ClassLoader referenced unknown path: /system/app/DeskClock/lib/x86_64
05-12 20:09:07.139 E/ActivityManager( 1689): ANR in com.android.systemui
05-12 20:09:07.139 E/ActivityManager( 1689): PID: 2014
05-12 20:09:07.139 E/ActivityManager( 1689): Reason: executing service com.android.systemui/.keyguard.KeyguardService
05-12 20:09:07.139 E/ActivityManager( 1689): Load: 0.0 / 0.0 / 0.0
05-12 20:09:07.139 E/ActivityManager( 1689): CPU usage from 21454ms to 0ms ago (2021-05-12 20:08:42.518 to 2021-05-12 20:09:05.134):
05-12 20:09:07.139 E/ActivityManager( 1689):   93% 1320/surfaceflinger: 23% user + 69% kernel / faults: 2 minor
05-12 20:09:07.139 E/ActivityManager( 1689):   28% 1689/system_server: 5.2% user + 22% kernel / faults: 4165 minor 17 major
05-12 20:09:07.139 E/ActivityManager( 1689):   21% 1381/bootanimation: 2% user + 19% kernel
05-12 20:09:07.139 E/ActivityManager( 1689):   12% 2243/com.android.settings: 1.4% user + 10% kernel / faults: 130 minor 1 major
05-12 20:09:07.139 E/ActivityManager( 1689):   9.7% 2014/com.android.systemui: 0% user + 9.7% kernel / faults: 3242 minor 17 major
05-12 20:09:07.139 E/ActivityManager( 1689):   3.5% 2228/com.android.phone: 0.4% user + 3.1% kernel / faults: 1004 minor 19 major
05-12 20:09:07.139 E/ActivityManager( 1689):   1.6% 1322/adbd: 0% user + 1.6% kernel / faults: 901 minor
05-12 20:09:07.139 E/ActivityManager( 1689):   1.3% 8/rcu_preempt: 0% user + 1.3% kernel
05-12 20:09:07.139 E/ActivityManager( 1689):   0.8% 1333/mediaserver: 0% user + 0.8% kernel / faults: 134 minor 1 major
05-12 20:09:07.139 E/ActivityManager( 1689):   0.8% 1319/servicemanager: 0% user + 0.8% kernel
05-12 20:09:07.139 E/ActivityManager( 1689):   0.6% 1266/logd: 0% user + 0.6% kernel / faults: 30 minor
05-12 20:09:07.139 E/ActivityManager( 1689):   0.5% 1326/cameraserver: 0.1% user + 0.4% kernel / faults: 130 minor
05-12 20:09:07.139 E/ActivityManager( 1689):   0.5% 1//init: 0% user + 0.4% kernel / faults: 183 minor
05-12 20:09:07.139 E/ActivityManager( 1689):   0.5% 1332/media.extractor: 0.1% user + 0.3% kernel / faults: 38 minor
05-12 20:09:07.139 E/ActivityManager( 1689):   0.4% 1323/zygote64: 0% user + 0.4% kernel / faults: 305 minor
05-12 20:09:07.139 E/ActivityManager( 1689):   0.4% 1325/audioserver: 0% user + 0.3% kernel / faults: 1 minor
05-12 20:09:07.139 E/ActivityManager( 1689):   0.2% 1349/logcat: 0% user + 0.2% kernel / faults: 2 minor
05-12 20:09:07.139 E/ActivityManager( 1689):   0.2% 3/ksoftirqd/0: 0% user + 0.2% kernel
05-12 20:09:07.139 E/ActivityManager( 1689):   0.1% 6/kworker/u4:0: 0% user + 0.1% kernel
05-12 20:09:07.139 E/ActivityManager( 1689):   0.1% 1254/kworker/0:1H: 0% user + 0.1% kernel
05-12 20:09:07.139 E/ActivityManager( 1689):   0.1% 1264/jbd2/vdc-8: 0% user + 0.1% kernel
05-12 20:09:07.139 E/ActivityManager( 1689):   0% 12/ksoftirqd/1: 0% user + 0% kernel
05-12 20:09:07.139 E/ActivityManager( 1689):   0% 7/migration/0: 0% user + 0% kernel
05-12 20:09:07.139 E/ActivityManager( 1689):   0% 455/kworker/0:1: 0% user + 0% kernel
05-12 20:09:07.139 E/ActivityManager( 1689):   0% 809/kworker/1:2: 0% user + 0% kernel
05-12 20:09:07.139 E/ActivityManager( 1689):   0% 1318/lmkd: 0% user + 0% kernel
05-12 20:09:07.139 E/ActivityManager( 1689):   0% 1329/keystore: 0% user + 0% kernel
05-12 20:09:07.139 E/ActivityManager( 1689):   0% 1336/rild: 0% user + 0% kernel
05-12 20:09:07.139 E/ActivityManager( 1689):   0% 2009/com.android.inputmethod.latin: 0% user + 0% kernel / faults: 2 minor
05-12 20:09:07.139 E/ActivityManager( 1689):  +0% 2356/com.android.cellbroadcastreceiver: 0% user + 0% kernel
05-12 20:09:07.139 E/ActivityManager( 1689):  +0% 2411/com.android.deskclock: 0% user + 0% kernel
05-12 20:09:07.139 E/ActivityManager( 1689):  +0% 2447/getprop: 0% user + 0% kernel
05-12 20:09:07.139 E/ActivityManager( 1689):  +0% 2453/sh: 0% user + 0% kernel
05-12 20:09:07.139 E/ActivityManager( 1689): 100% TOTAL: 19% user + 79% kernel + 1.1% softirq
05-12 20:09:07.139 E/ActivityManager( 1689): CPU usage from 188972ms to 188972ms ago (1970-01-01 00:00:00.000 to 1970-01-01 00:00:00.000) with 0% awake:
05-12 20:09:07.139 E/ActivityManager( 1689): 0% TOTAL: 0% user + 0% kernel
05-12 20:09:07.391 I/ActivityManager( 1689): Killing 2014:com.android.systemui/u0a21 (adj -800): bg anr
05-12 20:09:09.520 E/hostapd ( 2456): Configuration file: /system/etc/simulated_hostapd.conf
05-12 20:09:09.934 E/hostapd ( 2456): Could not read interface wlan1 flags: No such device
05-12 20:09:09.935 I/hostapd ( 2456): nl80211: Driver does not support authentication/association or connect commands
05-12 20:09:09.935 I/hostapd ( 2456): nl80211: deinit ifname=wlan1 disabled_11b_rates=0
05-12 20:09:09.936 E/hostapd ( 2456): Could not read interface wlan1 flags: No such device
05-12 20:09:09.936 E/hostapd ( 2456): nl80211 driver initialization failed.
05-12 20:09:09.936 I/hostapd ( 2456): wlan1: interface state UNINITIALIZED->DISABLED
05-12 20:09:09.936 I/hostapd ( 2456): wlan1: AP-DISABLED 
05-12 20:09:09.937 E/hostapd ( 2456): hostapd_free_hapd_data: Interface wlan1 wasn't started
05-12 20:09:10.133 W/BroadcastQueue( 1689): Timeout of broadcast BroadcastRecord{4dfb07a u-1 android.intent.action.TIME_TICK} - receiver=android.os.BinderProxy@f8daf1, started 10005ms ago
05-12 20:09:10.134 W/BroadcastQueue( 1689): Receiver during timeout: BroadcastFilter{c24dd57 u0 ReceiverList{410d6d6 2014 com.android.systemui/10021/u0 remote:f8daf1}}
05-12 20:09:10.296 E/ipv6proxy( 2455): Failed to get interface flags for wlan1: No such device
05-12 20:09:10.436 W/ProcessCpuTracker( 1689): Skipping unknown process pid 2455
05-12 20:09:10.438 W/ProcessCpuTracker( 1689): Skipping unknown process pid 2456
