--------- beginning of main
05-12 20:05:55.890 W/auditd  ( 1266): type=2000 audit(0.0:1): initialized
05-12 20:05:58.580 I/auditd  ( 1266): type=1403 audit(0.0:2): policy loaded auid=4294967295 ses=4294967295
05-12 20:05:58.590 W/auditd  ( 1266): type=1404 audit(0.0:3): enforcing=1 old_enforcing=0 auid=4294967295 ses=4294967295
05-12 20:06:00.150 W/init    (    1): type=1400 audit(0.0:4): avc: denied { write } for name="tracing_on" dev="debugfs" ino=17 scontext=u:r:init:s0 tcontext=u:object_r:debugfs:s0 tclass=file permissive=0
05-12 20:06:01.046 I/        ( 1275): debuggerd: starting
--------- beginning of system
05-12 20:06:01.343 I/vold    ( 1276): Vold 3.0 (the awakening) firing up
05-12 20:06:01.345 V/vold    ( 1276): Detected support for: ext4 vfat
05-12 20:06:01.354 I/        ( 1274): debuggerd: starting
05-12 20:06:01.652 D/vold    ( 1276): Recognized experimental block major ID 253 as virtio-blk (emulator's virtual SD card device)
05-12 20:06:01.653 V/vold    ( 1276): /system/bin/sgdisk
05-12 20:06:01.653 V/vold    ( 1276):     --android-dump
05-12 20:06:01.653 V/vold    ( 1276):     /dev/block/vold/disk:253,48
05-12 20:06:01.773 D/vold    ( 1276): e4crypt_init_user0
05-12 20:06:01.773 D/vold    ( 1276): e4crypt_prepare_user_storage for volume null, user 0, serial 0, flags 1
05-12 20:06:01.774 D/vold    ( 1276): Preparing: /data/system/users/0
05-12 20:06:01.780 D/vold    ( 1276): Preparing: /data/misc/profiles/cur/0
05-12 20:06:01.788 D/vold    ( 1276): Preparing: /data/misc/profiles/cur/0/foreign-dex
05-12 20:06:01.790 D/vold    ( 1276): Preparing: /data/system_de/0
05-12 20:06:01.792 D/vold    ( 1276): Preparing: /data/misc_de/0
05-12 20:06:01.793 D/vold    ( 1276): Preparing: /data/user_de/0
05-12 20:06:01.800 D/vold    ( 1276): e4crypt_unlock_user_key 0 serial=0 token_present=0
05-12 20:06:01.834 I/vdc     (    1): 200 1278 Command succeeded
05-12 20:06:01.913 V/vold    ( 1276): DISK mbr
05-12 20:06:01.913 V/vold    ( 1276): 
05-12 20:06:01.934 W/vold    ( 1276): disk:253,48 has unknown partition table; trying entire device
05-12 20:06:01.935 V/vold    ( 1276): /system/bin/blkid
05-12 20:06:01.935 V/vold    ( 1276):     -c
05-12 20:06:01.935 V/vold    ( 1276):     /dev/null
05-12 20:06:01.935 V/vold    ( 1276):     -s
05-12 20:06:01.935 V/vold    ( 1276):     TYPE
05-12 20:06:01.935 V/vold    ( 1276):     -s
05-12 20:06:01.935 V/vold    ( 1276):     UUID
05-12 20:06:01.935 V/vold    ( 1276):     -s
05-12 20:06:01.935 V/vold    ( 1276):     LABEL
05-12 20:06:01.935 V/vold    ( 1276):     /dev/block/vold/disk:253,48
05-12 20:06:02.034 I//system/bin/tzdatacheck( 1312): tzdata file /data/misc/zoneinfo/current/tzdata does not exist. No action required.
05-12 20:06:02.194 V/vold    ( 1276): /dev/block/vold/disk:253,48: LABEL="SDCARD" UUID="1EFF-1C1B" TYPE="vfat" 
05-12 20:06:02.194 V/vold    ( 1276): 
05-12 20:06:02.530 W/cameraserver( 1326): type=1400 audit(0.0:5): avc: denied { getattr } for path="/vendor" dev="rootfs" ino=3999 scontext=u:r:cameraserver:s0 tcontext=u:object_r:rootfs:s0 tclass=lnk_file permissive=0
05-12 20:06:02.740 W/mediacodec( 1330): type=1400 audit(0.0:6): avc: denied { getattr } for path="/vendor" dev="rootfs" ino=3999 scontext=u:r:mediacodec:s0 tcontext=u:object_r:rootfs:s0 tclass=lnk_file permissive=0
05-12 20:06:02.780 W/mediadrmserver( 1331): type=1400 audit(0.0:7): avc: denied { getattr } for path="/vendor" dev="rootfs" ino=3999 scontext=u:r:mediadrmserver:s0 tcontext=u:object_r:rootfs:s0 tclass=lnk_file permissive=0
05-12 20:06:02.961 I/lowmemorykiller( 1318): Using in-kernel low memory killer interface
05-12 20:06:03.035 I/qemu-props( 1317): connected to 'boot-properties' qemud service.
05-12 20:06:03.036 I/qemu-props( 1317): receiving..
05-12 20:06:03.037 I/qemu-props( 1317): received: qemu.cmdline=androidboot.logcat=v:* androidboot.consolepipe=qemu_pipe,pipe:logcat
05-12 20:06:03.129 I/qemu-props( 1317): receiving..
05-12 20:06:03.129 I/qemu-props( 1317): received: qemu.logcat=start
05-12 20:06:03.195 I/qemu-props( 1317): receiving..
05-12 20:06:03.195 I/qemu-props( 1317): received: ro.opengles.version=131072
05-12 20:06:03.222 I/qemu-props( 1317): receiving..
05-12 20:06:03.222 I/qemu-props( 1317): received: qemu.sf.fake_camera=back
05-12 20:06:03.223 I/qemu-props( 1317): receiving..
05-12 20:06:03.223 I/qemu-props( 1317): received: dalvik.vm.heapsize=256m
05-12 20:06:03.225 I/qemu-props( 1317): receiving..
05-12 20:06:03.225 I/qemu-props( 1317): received: qemu.hw.mainkeys=0
05-12 20:06:03.226 I/qemu-props( 1317): receiving..
05-12 20:06:03.226 I/qemu-props( 1317): received: qemu.sf.lcd_density=480
05-12 20:06:03.227 I/qemu-props( 1317): receiving..
05-12 20:06:03.227 I/qemu-props( 1317): received: qemu.timezone=Etc/UTC
05-12 20:06:03.286 I/qemu-props( 1317): receiving..
05-12 20:06:03.287 I/qemu-props( 1317): exiting (8 properties set).
05-12 20:06:03.388 I/        ( 1328): installd firing up
05-12 20:06:03.650 W/audioserver( 1325): type=1400 audit(0.0:8): avc: denied { getattr } for path="/vendor" dev="rootfs" ino=3999 scontext=u:r:audioserver:s0 tcontext=u:object_r:rootfs:s0 tclass=lnk_file permissive=0
05-12 20:06:03.774 I/perfprofd( 1340): starting Android Wide Profiling daemon
05-12 20:06:03.804 E/perfprofd( 1340): unable to open configuration file /data/data/com.google.android.gms/files/perfprofd.conf
05-12 20:06:03.822 I/perfprofd( 1340): random seed set to 243394391
05-12 20:06:04.105 I/fingerprintd( 1338): Starting fingerprintd
05-12 20:06:04.244 I/gatekeeperd( 1339): Starting gatekeeperd...
05-12 20:06:04.603 W/gatekeeperd( 1339): falling back to software GateKeeper
05-12 20:06:05.754 I/keystore( 1329): Found keymaster0 module Keymaster OpenSSL HAL, version 2
05-12 20:06:05.754 I/SoftKeymaster( 1329): system/keymaster/soft_keymaster_device.cpp, Line 131: Creating device
05-12 20:06:05.754 D/SoftKeymaster( 1329): system/keymaster/soft_keymaster_device.cpp, Line 132: Device address: 0x788cb9a3d000
05-12 20:06:05.755 I/keystore( 1329): Keymaster0 module is software-only.  Using SoftKeymasterDevice instead.
05-12 20:06:05.755 I/SoftKeymaster( 1329): system/keymaster/soft_keymaster_device.cpp, Line 131: Creating device
05-12 20:06:05.755 D/SoftKeymaster( 1329): system/keymaster/soft_keymaster_device.cpp, Line 132: Device address: 0x788cb9a3d400
05-12 20:06:06.404 I/SurfaceFlinger( 1320): SurfaceFlinger is starting
05-12 20:06:06.450 I/SurfaceFlinger( 1320): SurfaceFlinger's main thread ready to run. Initializing graphics H/W...
05-12 20:06:06.451 D/libEGL  ( 1320): Emulator without GPU support detected. Fallback to legacy software renderer, qemu.gles is set to 0.
05-12 20:06:06.548 I/Netd    ( 1334): Netd 1.0 starting
05-12 20:06:06.577 D/libEGL  ( 1320): loaded /system/lib64/egl/libGLES_android.so
05-12 20:06:06.671 D/TetherController( 1334): Setting IP forward enable = 0
05-12 20:06:06.695 I/cameraserver( 1326): ServiceManager: 0xeb63c020
05-12 20:06:06.760 I/CameraService( 1326): CameraService started (pid=1326)
05-12 20:06:06.760 I/CameraService( 1326): CameraService process starting
05-12 20:06:06.854 W/BatteryNotifier( 1326): batterystats service unavailable!
05-12 20:06:06.855 W/BatteryNotifier( 1326): batterystats service unavailable!
05-12 20:06:07.396 D/gralloc_ranchu( 1320): Emulator without host-side GPU emulation detected. Loading gralloc.default.so from /vendor/lib64/hw/gralloc.goldfish.default.so...
05-12 20:06:07.399 D/gralloc_ranchu( 1320): gralloc.default.so not found in /vendor. Trying /system/lib64/hw/gralloc.goldfish.default.so...
05-12 20:06:07.411 I/gralloc ( 1320): using (fd=11)
05-12 20:06:07.411 I/gralloc ( 1320): id           = 
05-12 20:06:07.411 I/gralloc ( 1320): xres         = 1080 px
05-12 20:06:07.411 I/gralloc ( 1320): yres         = 1920 px
05-12 20:06:07.411 I/gralloc ( 1320): xres_virtual = 1080 px
05-12 20:06:07.411 I/gralloc ( 1320): yres_virtual = 3840 px
05-12 20:06:07.411 I/gralloc ( 1320): bpp          = 16
05-12 20:06:07.411 I/gralloc ( 1320): r            = 11:5
05-12 20:06:07.411 I/gralloc ( 1320): g            =  5:6
05-12 20:06:07.411 I/gralloc ( 1320): b            =  0:5
05-12 20:06:07.412 I/gralloc ( 1320): width        = 166 mm (165.253006 dpi)
05-12 20:06:07.412 I/gralloc ( 1320): height       = 296 mm (164.756760 dpi)
05-12 20:06:07.412 I/gralloc ( 1320): refresh rate = 60.00 Hz
05-12 20:06:07.433 D/EmulatedCamera_QemuClient( 1326): Emulated camera list: 
05-12 20:06:07.438 D/EmulatedCamera_FakeCamera( 1326): Initialize: Fake camera is facing back
05-12 20:06:07.494 E/SurfaceFlinger( 1320): hwcomposer module not found
05-12 20:06:07.499 W/SurfaceFlinger( 1320): no suitable EGLConfig found, trying a simpler query
05-12 20:06:07.499 W/SurfaceFlinger( 1320): EGL_SLOW_CONFIG selected!
05-12 20:06:07.500 I/SurfaceFlinger( 1320): EGL information:
05-12 20:06:07.503 I/SurfaceFlinger( 1320): vendor    : Android
05-12 20:06:07.503 I/SurfaceFlinger( 1320): version   : 1.4 Android META-EGL
05-12 20:06:07.503 I/SurfaceFlinger( 1320): extensions: EGL_KHR_get_all_proc_addresses EGL_ANDROID_presentation_time EGL_KHR_swap_buffers_with_damage EGL_ANDROID_create_native_client_buffer EGL_ANDROID_front_buffer_auto_refresh EGL_KHR_image_base EGL_KHR_fence_sync EGL_ANDROID_image_native_buffer 
05-12 20:06:07.504 I/SurfaceFlinger( 1320): Client API: OpenGL_ES
05-12 20:06:07.504 I/SurfaceFlinger( 1320): EGLSurface: 5-6-5-0, config=0x0
05-12 20:06:07.506 W/SurfaceFlinger( 1320): no suitable EGLConfig found, trying a simpler query
05-12 20:06:07.506 W/SurfaceFlinger( 1320): EGL_SLOW_CONFIG selected!
05-12 20:06:07.506 I/SurfaceFlinger( 1320): EGL information:
05-12 20:06:07.506 I/SurfaceFlinger( 1320): vendor    : Android
05-12 20:06:07.506 I/SurfaceFlinger( 1320): version   : 1.4 Android META-EGL
05-12 20:06:07.506 I/SurfaceFlinger( 1320): extensions: EGL_KHR_get_all_proc_addresses EGL_ANDROID_presentation_time EGL_KHR_swap_buffers_with_damage EGL_ANDROID_create_native_client_buffer EGL_ANDROID_front_buffer_auto_refresh EGL_KHR_image_base EGL_KHR_fence_sync EGL_ANDROID_image_native_buffer 
05-12 20:06:07.506 I/SurfaceFlinger( 1320): Client API: OpenGL_ES
05-12 20:06:07.506 I/SurfaceFlinger( 1320): EGLSurface: 5-6-5-0, config=0x0
05-12 20:06:07.523 I/SurfaceFlinger( 1320): OpenGL ES informations:
05-12 20:06:07.524 I/SurfaceFlinger( 1320): vendor    : Android
05-12 20:06:07.524 I/SurfaceFlinger( 1320): renderer  : Android PixelFlinger 1.4
05-12 20:06:07.524 I/SurfaceFlinger( 1320): version   : OpenGL ES-CM 1.0
05-12 20:06:07.524 I/SurfaceFlinger( 1320): extensions: GL_EXT_debug_marker GL_OES_byte_coordinates GL_OES_fixed_point GL_OES_single_precision GL_OES_read_format GL_OES_compressed_paletted_texture GL_OES_draw_texture GL_OES_matrix_get GL_OES_query_matrix GL_OES_EGL_image GL_OES_EGL_sync GL_OES_compressed_ETC1_RGB8_texture GL_ARB_texture_compression GL_ARB_texture_non_power_of_two GL_ANDROID_user_clip_plane GL_ANDROID_vertex_buffer_object GL_ANDROID_generate_mipmap 
05-12 20:06:07.524 I/SurfaceFlinger( 1320): GL_MAX_TEXTURE_SIZE = 4096
05-12 20:06:07.524 I/SurfaceFlinger( 1320): GL_MAX_VIEWPORT_DIMS = 4096
05-12 20:06:07.529 W/SurfaceFlinger( 1320): no suitable EGLConfig found, trying a simpler query
05-12 20:06:07.529 W/SurfaceFlinger( 1320): EGL_SLOW_CONFIG selected!
05-12 20:06:07.529 I/SurfaceFlinger( 1320): EGL information:
05-12 20:06:07.529 I/SurfaceFlinger( 1320): vendor    : Android
05-12 20:06:07.529 I/SurfaceFlinger( 1320): version   : 1.4 Android META-EGL
05-12 20:06:07.529 I/SurfaceFlinger( 1320): extensions: EGL_KHR_get_all_proc_addresses EGL_ANDROID_presentation_time EGL_KHR_swap_buffers_with_damage EGL_ANDROID_create_native_client_buffer EGL_ANDROID_front_buffer_auto_refresh EGL_KHR_image_base EGL_KHR_fence_sync EGL_ANDROID_image_native_buffer 
05-12 20:06:07.529 I/SurfaceFlinger( 1320): Client API: OpenGL_ES
05-12 20:06:07.529 I/SurfaceFlinger( 1320): EGLSurface: 5-6-5-0, config=0x0
05-12 20:06:07.558 E/libEGL  ( 1320): called unimplemented OpenGL ES API
05-12 20:06:07.559 E/SurfaceFlinger( 1320): Error while compiling shader: 
05-12 20:06:07.559 E/SurfaceFlinger( 1320): attribute vec4 position;
05-12 20:06:07.559 E/SurfaceFlinger( 1320): uniform mat4 projection;
05-12 20:06:07.559 E/SurfaceFlinger( 1320): uniform mat4 texture;
05-12 20:06:07.559 E/SurfaceFlinger( 1320): void main(void) {
05-12 20:06:07.559 E/SurfaceFlinger( 1320):     gl_Position = projection * position;
05-12 20:06:07.559 E/SurfaceFlinger( 1320): }
05-12 20:06:07.559 E/SurfaceFlinger( 1320): 
05-12 20:06:07.559 E/SurfaceFlinger( 1320): öÿÿÿÿÿÿÿŸ†­µ}
05-12 20:06:07.559 E/SurfaceFlinger( 1320): Error while compiling shader: 
05-12 20:06:07.559 E/SurfaceFlinger( 1320): precision mediump float;
05-12 20:06:07.559 E/SurfaceFlinger( 1320): uniform vec4 color;
05-12 20:06:07.559 E/SurfaceFlinger( 1320): void main(void) {
05-12 20:06:07.559 E/SurfaceFlinger( 1320):     gl_FragColor = color;
05-12 20:06:07.559 E/SurfaceFlinger( 1320): }
05-12 20:06:07.559 E/SurfaceFlinger( 1320): 
05-12 20:06:07.559 E/SurfaceFlinger( 1320): öÿÿÿÿÿÿÿŸ†­µ}
05-12 20:06:07.559 E/SurfaceFlinger( 1320): Error while linking shaders:
05-12 20:06:07.559 E/SurfaceFlinger( 1320): Error while compiling shader: 
05-12 20:06:07.559 E/SurfaceFlinger( 1320): attribute vec4 position;
05-12 20:06:07.559 E/SurfaceFlinger( 1320): uniform mat4 projection;
05-12 20:06:07.559 E/SurfaceFlinger( 1320): uniform mat4 texture;
05-12 20:06:07.559 E/SurfaceFlinger( 1320): void main(void) {
05-12 20:06:07.559 E/SurfaceFlinger( 1320):     gl_Position = projection * position;
05-12 20:06:07.559 E/SurfaceFlinger( 1320): }
05-12 20:06:07.559 E/SurfaceFlinger( 1320): 
05-12 20:06:07.559 E/SurfaceFlinger( 1320): öÿÿÿÿÿÿÿŸ†­µ}
05-12 20:06:07.559 E/SurfaceFlinger( 1320): Error while compiling shader: 
05-12 20:06:07.559 E/SurfaceFlinger( 1320): precision mediump float;
05-12 20:06:07.559 E/SurfaceFlinger( 1320): uniform vec4 color;
05-12 20:06:07.559 E/SurfaceFlinger( 1320): void main(void) {
05-12 20:06:07.559 E/SurfaceFlinger( 1320):     gl_FragColor = color;
05-12 20:06:07.559 E/SurfaceFlinger( 1320): }
05-12 20:06:07.559 E/SurfaceFlinger( 1320): 
05-12 20:06:07.559 E/SurfaceFlinger( 1320): öÿÿÿÿÿÿÿŸ†­µ}
05-12 20:06:07.559 E/SurfaceFlinger( 1320): Error while linking shaders:
05-12 20:06:07.559 E/SurfaceFlinger( 1320): Error while compiling shader: 
05-12 20:06:07.559 E/SurfaceFlinger( 1320): attribute vec4 position;
05-12 20:06:07.559 E/SurfaceFlinger( 1320): uniform mat4 projection;
05-12 20:06:07.559 E/SurfaceFlinger( 1320): uniform mat4 texture;
05-12 20:06:07.559 E/SurfaceFlinger( 1320): void main(void) {
05-12 20:06:07.559 E/SurfaceFlinger( 1320):     gl_Position = projection * position;
05-12 20:06:07.559 E/SurfaceFlinger( 1320): }
05-12 20:06:07.559 E/SurfaceFlinger( 1320): 
05-12 20:06:07.559 E/SurfaceFlinger( 1320): öÿÿÿÿÿÿÿŸ†­µ}
05-12 20:06:07.559 E/SurfaceFlinger( 1320): Error while compiling shader: 
05-12 20:06:07.559 E/SurfaceFlinger( 1320): precision mediump float;
05-12 20:06:07.559 E/SurfaceFlinger( 1320): uniform vec4 color;
05-12 20:06:07.559 E/SurfaceFlinger( 1320): void main(void) {
05-12 20:06:07.559 E/SurfaceFlinger( 1320):     gl_FragColor = color;
05-12 20:06:07.559 E/SurfaceFlinger( 1320):     gl_FragColor.a = 1.0;
05-12 20:06:07.559 E/SurfaceFlinger( 1320): }
05-12 20:06:07.559 E/SurfaceFlinger( 1320): 
05-12 20:06:07.559 E/SurfaceFlinger( 1320): öÿÿÿÿÿÿÿŸ†­µ}
05-12 20:06:07.559 E/SurfaceFlinger( 1320): Error while linking shaders:
05-12 20:06:07.559 E/SurfaceFlinger( 1320): Error while compiling shader: 
05-12 20:06:07.559 E/SurfaceFlinger( 1320): attribute vec4 position;
05-12 20:06:07.559 E/SurfaceFlinger( 1320): uniform mat4 projection;
05-12 20:06:07.559 E/SurfaceFlinger( 1320): uniform mat4 texture;
05-12 20:06:07.559 E/SurfaceFlinger( 1320): void main(void) {
05-12 20:06:07.559 E/SurfaceFlinger( 1320):     gl_Position = projection * position;
05-12 20:06:07.559 E/SurfaceFlinger( 1320): }
05-12 20:06:07.559 E/SurfaceFlinger( 1320): 
05-12 20:06:07.559 E/SurfaceFlinger( 1320): öÿÿÿÿÿÿÿŸ†­µ}
05-12 20:06:07.559 E/SurfaceFlinger( 1320): Error while compiling shader: 
05-12 20:06:07.559 E/SurfaceFlinger( 1320): precision mediump float;
05-12 20:06:07.559 E/SurfaceFlinger( 1320): uniform vec4 color;
05-12 20:06:07.559 E/SurfaceFlinger( 1320): void main(void) {
05-12 20:06:07.559 E/SurfaceFlinger( 1320):     gl_FragColor = color;
05-12 20:06:07.559 E/SurfaceFlinger( 1320):     gl_FragColor.a = 1.0;
05-12 20:06:07.559 E/SurfaceFlinger( 1320): }
05-12 20:06:07.559 E/SurfaceFlinger( 1320): 
05-12 20:06:07.559 E/SurfaceFlinger( 1320): öÿÿÿÿÿÿÿŸ†­µ}
05-12 20:06:07.559 E/SurfaceFlinger( 1320): Error while linking shaders:
05-12 20:06:07.559 E/SurfaceFlinger( 1320): Error while compiling shader: 
05-12 20:06:07.559 E/SurfaceFlinger( 1320): attribute vec4 position;
05-12 20:06:07.559 E/SurfaceFlinger( 1320): uniform mat4 projection;
05-12 20:06:07.559 E/SurfaceFlinger( 1320): uniform mat4 texture;
05-12 20:06:07.559 E/SurfaceFlinger( 1320): void main(void) {
05-12 20:06:07.559 E/SurfaceFlinger( 1320):     gl_Position = projection * position;
05-12 20:06:07.559 E/SurfaceFlinger( 1320): }
05-12 20:06:07.559 E/SurfaceFlinger( 1320): 
05-12 20:06:07.559 E/SurfaceFlinger( 1320): öÿÿÿÿÿÿÿŸ†­µ}
05-12 20:06:07.562 E/SurfaceFlinger( 1320): Error while compiling shader: 
05-12 20:06:07.562 E/SurfaceFlinger( 1320): precision mediump float;
05-12 20:06:07.562 E/SurfaceFlinger( 1320): uniform vec4 color;
05-12 20:06:07.562 E/SurfaceFlinger( 1320): uniform float alphaPlane;
05-12 20:06:07.562 E/SurfaceFlinger( 1320): void main(void) {
05-12 20:06:07.562 E/SurfaceFlinger( 1320):     gl_FragColor = color;
05-12 20:06:07.562 E/SurfaceFlinger( 1320):     gl_FragColor.a *= alphaPlane;
05-12 20:06:07.562 E/SurfaceFlinger( 1320): }
05-12 20:06:07.562 E/SurfaceFlinger( 1320): 
05-12 20:06:07.562 E/SurfaceFlinger( 1320): öÿÿÿÿÿÿÿŸ†­µ}
05-12 20:06:07.562 E/SurfaceFlinger( 1320): Error while linking shaders:
05-12 20:06:07.562 E/SurfaceFlinger( 1320): Error while compiling shader: 
05-12 20:06:07.562 E/SurfaceFlinger( 1320): attribute vec4 position;
05-12 20:06:07.562 E/SurfaceFlinger( 1320): uniform mat4 projection;
05-12 20:06:07.562 E/SurfaceFlinger( 1320): uniform mat4 texture;
05-12 20:06:07.562 E/SurfaceFlinger( 1320): void main(void) {
05-12 20:06:07.562 E/SurfaceFlinger( 1320):     gl_Position = projection * position;
05-12 20:06:07.562 E/SurfaceFlinger( 1320): }
05-12 20:06:07.562 E/SurfaceFlinger( 1320): 
05-12 20:06:07.562 E/SurfaceFlinger( 1320): öÿÿÿÿÿÿÿŸ†­µ}
05-12 20:06:07.562 E/SurfaceFlinger( 1320): Error while compiling shader: 
05-12 20:06:07.562 E/SurfaceFlinger( 1320): precision mediump float;
05-12 20:06:07.562 E/SurfaceFlinger( 1320): uniform vec4 color;
05-12 20:06:07.562 E/SurfaceFlinger( 1320): uniform float alphaPlane;
05-12 20:06:07.562 E/SurfaceFlinger( 1320): void main(void) {
05-12 20:06:07.562 E/SurfaceFlinger( 1320):     gl_FragColor = color;
05-12 20:06:07.562 E/SurfaceFlinger( 1320):     gl_FragColor *= alphaPlane;
05-12 20:06:07.562 E/SurfaceFlinger( 1320): }
05-12 20:06:07.562 E/SurfaceFlinger( 1320): 
05-12 20:06:07.562 E/SurfaceFlinger( 1320): öÿÿÿÿÿÿÿŸ†­µ}
05-12 20:06:07.562 E/SurfaceFlinger( 1320): Error while linking shaders:
05-12 20:06:07.562 E/SurfaceFlinger( 1320): Error while compiling shader: 
05-12 20:06:07.562 E/SurfaceFlinger( 1320): attribute vec4 position;
05-12 20:06:07.562 E/SurfaceFlinger( 1320): uniform mat4 projection;
05-12 20:06:07.562 E/SurfaceFlinger( 1320): uniform mat4 texture;
05-12 20:06:07.562 E/SurfaceFlinger( 1320): void main(void) {
05-12 20:06:07.562 E/SurfaceFlinger( 1320):     gl_Position = projection * position;
05-12 20:06:07.562 E/SurfaceFlinger( 1320): }
05-12 20:06:07.562 E/SurfaceFlinger( 1320): 
05-12 20:06:07.562 E/SurfaceFlinger( 1320): öÿÿÿÿÿÿÿŸ†­µ}
05-12 20:06:07.562 E/SurfaceFlinger( 1320): Error while compiling shader: 
05-12 20:06:07.562 E/SurfaceFlinger( 1320): precision mediump float;
05-12 20:06:07.562 E/SurfaceFlinger( 1320): uniform vec4 color;
05-12 20:06:07.562 E/SurfaceFlinger( 1320): uniform float alphaPlane;
05-12 20:06:07.562 E/SurfaceFlinger( 1320): void main(void) {
05-12 20:06:07.562 E/SurfaceFlinger( 1320):     gl_FragColor = color;
05-12 20:06:07.562 E/SurfaceFlinger( 1320):     gl_FragColor.a = 1.0;
05-12 20:06:07.562 E/SurfaceFlinger( 1320):     gl_FragColor.a *= alphaPlane;
05-12 20:06:07.562 E/SurfaceFlinger( 1320): }
05-12 20:06:07.562 E/SurfaceFlinger( 1320): 
05-12 20:06:07.562 E/SurfaceFlinger( 1320): öÿÿÿÿÿÿÿŸ†­µ}
05-12 20:06:07.562 E/SurfaceFlinger( 1320): Error while linking shaders:
05-12 20:06:07.562 E/SurfaceFlinger( 1320): Error while compiling shader: 
05-12 20:06:07.562 E/SurfaceFlinger( 1320): attribute vec4 position;
05-12 20:06:07.562 E/SurfaceFlinger( 1320): uniform mat4 projection;
05-12 20:06:07.562 E/SurfaceFlinger( 1320): uniform mat4 texture;
05-12 20:06:07.562 E/SurfaceFlinger( 1320): void main(void) {
05-12 20:06:07.562 E/SurfaceFlinger( 1320):     gl_Position = projection * position;
05-12 20:06:07.562 E/SurfaceFlinger( 1320): }
05-12 20:06:07.562 E/SurfaceFlinger( 1320): 
05-12 20:06:07.562 E/SurfaceFlinger( 1320): öÿÿÿÿÿÿÿŸ†­µ}
05-12 20:06:07.562 E/SurfaceFlinger( 1320): Error while compiling shader: 
05-12 20:06:07.562 E/SurfaceFlinger( 1320): precision mediump float;
05-12 20:06:07.562 E/SurfaceFlinger( 1320): uniform vec4 color;
05-12 20:06:07.562 E/SurfaceFlinger( 1320): uniform float alphaPlane;
05-12 20:06:07.562 E/SurfaceFlinger( 1320): void main(void) {
05-12 20:06:07.562 E/SurfaceFlinger( 1320):     gl_FragColor = color;
05-12 20:06:07.562 E/SurfaceFlinger( 1320):     gl_FragColor.a = 1.0;
05-12 20:06:07.562 E/SurfaceFlinger( 1320):     gl_FragColor *= alphaPlane;
05-12 20:06:07.562 E/SurfaceFlinger( 1320): }
05-12 20:06:07.562 E/SurfaceFlinger( 1320): 
05-12 20:06:07.562 E/SurfaceFlinger( 1320): öÿÿÿÿÿÿÿŸ†­µ}
05-12 20:06:07.563 E/SurfaceFlinger( 1320): Error while linking shaders:
05-12 20:06:07.563 E/SurfaceFlinger( 1320): Error while compiling shader: 
05-12 20:06:07.563 E/SurfaceFlinger( 1320): attribute vec4 texCoords;
05-12 20:06:07.563 E/SurfaceFlinger( 1320): varying vec2 outTexCoords;
05-12 20:06:07.563 E/SurfaceFlinger( 1320): attribute vec4 position;
05-12 20:06:07.563 E/SurfaceFlinger( 1320): uniform mat4 projection;
05-12 20:06:07.563 E/SurfaceFlinger( 1320): uniform mat4 texture;
05-12 20:06:07.563 E/SurfaceFlinger( 1320): void main(void) {
05-12 20:06:07.563 E/SurfaceFlinger( 1320):     gl_Position = projection * position;
05-12 20:06:07.563 E/SurfaceFlinger( 1320):     outTexCoords = (texture * texCoords).st;
05-12 20:06:07.563 E/SurfaceFlinger( 1320): }
05-12 20:06:07.563 E/SurfaceFlinger( 1320): 
05-12 20:06:07.563 E/SurfaceFlinger( 1320): öÿÿÿÿÿÿÿŸ†­µ}
05-12 20:06:07.563 E/SurfaceFlinger( 1320): Error while compiling shader: 
05-12 20:06:07.563 E/SurfaceFlinger( 1320): #extension GL_OES_EGL_image_external : require
05-12 20:06:07.563 E/SurfaceFlinger( 1320): precision mediump float;
05-12 20:06:07.563 E/SurfaceFlinger( 1320): uniform samplerExternalOES sampler;
05-12 20:06:07.563 E/SurfaceFlinger( 1320): varying vec2 outTexCoords;
05-12 20:06:07.563 E/SurfaceFlinger( 1320): void main(void) {
05-12 20:06:07.563 E/SurfaceFlinger( 1320):     gl_FragColor = texture2D(sampler, outTexCoords);
05-12 20:06:07.563 E/SurfaceFlinger( 1320): }
05-12 20:06:07.563 E/SurfaceFlinger( 1320): 
05-12 20:06:07.563 E/SurfaceFlinger( 1320): öÿÿÿÿÿÿÿŸ†­µ}
05-12 20:06:07.563 E/SurfaceFlinger( 1320): Error while linking shaders:
05-12 20:06:07.563 E/SurfaceFlinger( 1320): Error while compiling shader: 
05-12 20:06:07.563 E/SurfaceFlinger( 1320): attribute vec4 texCoords;
05-12 20:06:07.563 E/SurfaceFlinger( 1320): varying vec2 outTexCoords;
05-12 20:06:07.563 E/SurfaceFlinger( 1320): attribute vec4 position;
05-12 20:06:07.563 E/SurfaceFlinger( 1320): uniform mat4 projection;
05-12 20:06:07.563 E/SurfaceFlinger( 1320): uniform mat4 texture;
05-12 20:06:07.563 E/SurfaceFlinger( 1320): void main(void) {
05-12 20:06:07.563 E/SurfaceFlinger( 1320):     gl_Position = projection * position;
05-12 20:06:07.563 E/SurfaceFlinger( 1320):     outTexCoords = (texture * texCoords).st;
05-12 20:06:07.563 E/SurfaceFlinger( 1320): }
05-12 20:06:07.563 E/SurfaceFlinger( 1320): 
05-12 20:06:07.563 E/SurfaceFlinger( 1320): öÿÿÿÿÿÿÿŸ†­µ}
05-12 20:06:07.563 E/SurfaceFlinger( 1320): Error while compiling shader: 
05-12 20:06:07.563 E/SurfaceFlinger( 1320): #extension GL_OES_EGL_image_external : require
05-12 20:06:07.563 E/SurfaceFlinger( 1320): precision mediump float;
05-12 20:06:07.563 E/SurfaceFlinger( 1320): uniform samplerExternalOES sampler;
05-12 20:06:07.563 E/SurfaceFlinger( 1320): varying vec2 outTexCoords;
05-12 20:06:07.563 E/SurfaceFlinger( 1320): void main(void) {
05-12 20:06:07.563 E/SurfaceFlinger( 1320):     gl_FragColor = texture2D(sampler, outTexCoords);
05-12 20:06:07.563 E/SurfaceFlinger( 1320): }
05-12 20:06:07.563 E/SurfaceFlinger( 1320): 
05-12 20:06:07.563 E/SurfaceFlinger( 1320): öÿÿÿÿÿÿÿŸ†­µ}
05-12 20:06:07.563 E/SurfaceFlinger( 1320): Error while linking shaders:
05-12 20:06:07.563 E/SurfaceFlinger( 1320): Error while compiling shader: 
05-12 20:06:07.563 E/SurfaceFlinger( 1320): attribute vec4 texCoords;
05-12 20:06:07.563 E/SurfaceFlinger( 1320): varying vec2 outTexCoords;
05-12 20:06:07.563 E/SurfaceFlinger( 1320): attribute vec4 position;
05-12 20:06:07.563 E/SurfaceFlinger( 1320): uniform mat4 projection;
05-12 20:06:07.563 E/SurfaceFlinger( 1320): uniform mat4 texture;
05-12 20:06:07.563 E/SurfaceFlinger( 1320): void main(void) {
05-12 20:06:07.563 E/SurfaceFlinger( 1320):     gl_Position = projection * position;
05-12 20:06:07.563 E/SurfaceFlinger( 1320):     outTexCoords = (texture * texCoords).st;
05-12 20:06:07.563 E/SurfaceFlinger( 1320): }
05-12 20:06:07.563 E/SurfaceFlinger( 1320): 
05-12 20:06:07.563 E/SurfaceFlinger( 1320): öÿÿÿÿÿÿÿŸ†­µ}
05-12 20:06:07.563 E/SurfaceFlinger( 1320): Error while compiling shader: 
05-12 20:06:07.563 E/SurfaceFlinger( 1320): #extension GL_OES_EGL_image_external : require
05-12 20:06:07.563 E/SurfaceFlinger( 1320): precision mediump float;
05-12 20:06:07.563 E/SurfaceFlinger( 1320): uniform samplerExternalOES sampler;
05-12 20:06:07.563 E/SurfaceFlinger( 1320): varying vec2 outTexCoords;
05-12 20:06:07.563 E/SurfaceFlinger( 1320): void main(void) {
05-12 20:06:07.563 E/SurfaceFlinger( 1320):     gl_FragColor = texture2D(sampler, outTexCoords);
05-12 20:06:07.563 E/SurfaceFlinger( 1320):     gl_FragColor.a = 1.0;
05-12 20:06:07.563 E/SurfaceFlinger( 1320): }
05-12 20:06:07.563 E/SurfaceFlinger( 1320): 
05-12 20:06:07.563 E/SurfaceFlinger( 1320): öÿÿÿÿÿÿÿŸ†­µ}
05-12 20:06:07.563 E/SurfaceFlinger( 1320): Error while linking shaders:
05-12 20:06:07.563 E/SurfaceFlinger( 1320): Error while compiling shader: 
05-12 20:06:07.563 E/SurfaceFlinger( 1320): attribute vec4 texCoords;
05-12 20:06:07.563 E/SurfaceFlinger( 1320): varying vec2 outTexCoords;
05-12 20:06:07.563 E/SurfaceFlinger( 1320): attribute vec4 position;
05-12 20:06:07.563 E/SurfaceFlinger( 1320): uniform mat4 projection;
05-12 20:06:07.563 E/SurfaceFlinger( 1320): uniform mat4 texture;
05-12 20:06:07.563 E/SurfaceFlinger( 1320): void main(void) {
05-12 20:06:07.563 E/SurfaceFlinger( 1320):     gl_Position = projection * position;
05-12 20:06:07.563 E/SurfaceFlinger( 1320):     outTexCoords = (texture * texCoords).st;
05-12 20:06:07.563 E/SurfaceFlinger( 1320): }
05-12 20:06:07.563 E/SurfaceFlinger( 1320): 
05-12 20:06:07.563 E/SurfaceFlinger( 1320): öÿÿÿÿÿÿÿŸ†­µ}
05-12 20:06:07.563 E/SurfaceFlinger( 1320): Error while compiling shader: 
05-12 20:06:07.563 E/SurfaceFlinger( 1320): #extension GL_OES_EGL_image_external : require
05-12 20:06:07.563 E/SurfaceFlinger( 1320): precision mediump float;
05-12 20:06:07.563 E/SurfaceFlinger( 1320): uniform samplerExternalOES sampler;
05-12 20:06:07.563 E/SurfaceFlinger( 1320): varying vec2 outTexCoords;
05-12 20:06:07.563 E/SurfaceFlinger( 1320): void main(void) {
05-12 20:06:07.563 E/SurfaceFlinger( 1320):     gl_FragColor = texture2D(sampler, outTexCoords);
05-12 20:06:07.563 E/SurfaceFlinger( 1320):     gl_FragColor.a = 1.0;
05-12 20:06:07.563 E/SurfaceFlinger( 1320): }
05-12 20:06:07.563 E/SurfaceFlinger( 1320): 
05-12 20:06:07.563 E/SurfaceFlinger( 1320): öÿÿÿÿÿÿÿŸ†­µ}
05-12 20:06:07.563 E/SurfaceFlinger( 1320): Error while linking shaders:
05-12 20:06:07.563 E/SurfaceFlinger( 1320): Error while compiling shader: 
05-12 20:06:07.563 E/SurfaceFlinger( 1320): attribute vec4 texCoords;
05-12 20:06:07.563 E/SurfaceFlinger( 1320): varying vec2 outTexCoords;
05-12 20:06:07.563 E/SurfaceFlinger( 1320): attribute vec4 position;
05-12 20:06:07.563 E/SurfaceFlinger( 1320): uniform mat4 projection;
05-12 20:06:07.563 E/SurfaceFlinger( 1320): uniform mat4 texture;
05-12 20:06:07.563 E/SurfaceFlinger( 1320): void main(void) {
05-12 20:06:07.563 E/SurfaceFlinger( 1320):     gl_Position = projection * position;
05-12 20:06:07.563 E/SurfaceFlinger( 1320):     outTexCoords = (texture * texCoords).st;
05-12 20:06:07.563 E/SurfaceFlinger( 1320): }
05-12 20:06:07.563 E/SurfaceFlinger( 1320): 
05-12 20:06:07.563 E/SurfaceFlinger( 1320): öÿÿÿÿÿÿÿŸ†­µ}
05-12 20:06:07.563 E/SurfaceFlinger( 1320): Error while compiling shader: 
05-12 20:06:07.563 E/SurfaceFlinger( 1320): #extension GL_OES_EGL_image_external : require
05-12 20:06:07.563 E/SurfaceFlinger( 1320): precision mediump float;
05-12 20:06:07.563 E/SurfaceFlinger( 1320): uniform samplerExternalOES sampler;
05-12 20:06:07.563 E/SurfaceFlinger( 1320): varying vec2 outTexCoords;
05-12 20:06:07.563 E/SurfaceFlinger( 1320): uniform float alphaPlane;
05-12 20:06:07.563 E/SurfaceFlinger( 1320): void main(void) {
05-12 20:06:07.563 E/SurfaceFlinger( 1320):     gl_FragColor = texture2D(sampler, outTexCoords);
05-12 20:06:07.563 E/SurfaceFlinger( 1320):     gl_FragColor.a *= alphaPlane;
05-12 20:06:07.563 E/SurfaceFlinger( 1320): }
05-12 20:06:07.563 E/SurfaceFlinger( 1320): 
05-12 20:06:07.563 E/SurfaceFlinger( 1320): öÿÿÿÿÿÿÿŸ†­µ}
05-12 20:06:07.563 E/SurfaceFlinger( 1320): Error while linking shaders:
05-12 20:06:07.563 E/SurfaceFlinger( 1320): Error while compiling shader: 
05-12 20:06:07.563 E/SurfaceFlinger( 1320): attribute vec4 texCoords;
05-12 20:06:07.563 E/SurfaceFlinger( 1320): varying vec2 outTexCoords;
05-12 20:06:07.563 E/SurfaceFlinger( 1320): attribute vec4 position;
05-12 20:06:07.563 E/SurfaceFlinger( 1320): uniform mat4 projection;
05-12 20:06:07.563 E/SurfaceFlinger( 1320): uniform mat4 texture;
05-12 20:06:07.563 E/SurfaceFlinger( 1320): void main(void) {
05-12 20:06:07.563 E/SurfaceFlinger( 1320):     gl_Position = projection * position;
05-12 20:06:07.563 E/SurfaceFlinger( 1320):     outTexCoords = (texture * texCoords).st;
05-12 20:06:07.563 E/SurfaceFlinger( 1320): }
05-12 20:06:07.563 E/SurfaceFlinger( 1320): 
05-12 20:06:07.563 E/SurfaceFlinger( 1320): öÿÿÿÿÿÿÿŸ†­µ}
05-12 20:06:07.564 E/SurfaceFlinger( 1320): Error while compiling shader: 
05-12 20:06:07.564 E/SurfaceFlinger( 1320): #extension GL_OES_EGL_image_external : require
05-12 20:06:07.564 E/SurfaceFlinger( 1320): precision mediump float;
05-12 20:06:07.564 E/SurfaceFlinger( 1320): uniform samplerExternalOES sampler;
05-12 20:06:07.564 E/SurfaceFlinger( 1320): varying vec2 outTexCoords;
05-12 20:06:07.564 E/SurfaceFlinger( 1320): uniform float alphaPlane;
05-12 20:06:07.564 E/SurfaceFlinger( 1320): void main(void) {
05-12 20:06:07.564 E/SurfaceFlinger( 1320):     gl_FragColor = texture2D(sampler, outTexCoords);
05-12 20:06:07.564 E/SurfaceFlinger( 1320):     gl_FragColor *= alphaPlane;
05-12 20:06:07.564 E/SurfaceFlinger( 1320): }
05-12 20:06:07.564 E/SurfaceFlinger( 1320): 
05-12 20:06:07.564 E/SurfaceFlinger( 1320): öÿÿÿÿÿÿÿŸ†­µ}
05-12 20:06:07.564 E/SurfaceFlinger( 1320): Error while linking shaders:
05-12 20:06:07.564 E/SurfaceFlinger( 1320): Error while compiling shader: 
05-12 20:06:07.564 E/SurfaceFlinger( 1320): attribute vec4 texCoords;
05-12 20:06:07.564 E/SurfaceFlinger( 1320): varying vec2 outTexCoords;
05-12 20:06:07.564 E/SurfaceFlinger( 1320): attribute vec4 position;
05-12 20:06:07.564 E/SurfaceFlinger( 1320): uniform mat4 projection;
05-12 20:06:07.564 E/SurfaceFlinger( 1320): uniform mat4 texture;
05-12 20:06:07.564 E/SurfaceFlinger( 1320): void main(void) {
05-12 20:06:07.564 E/SurfaceFlinger( 1320):     gl_Position = projection * position;
05-12 20:06:07.564 E/SurfaceFlinger( 1320):     outTexCoords = (texture * texCoords).st;
05-12 20:06:07.564 E/SurfaceFlinger( 1320): }
05-12 20:06:07.564 E/SurfaceFlinger( 1320): 
05-12 20:06:07.564 E/SurfaceFlinger( 1320): öÿÿÿÿÿÿÿŸ†­µ}
05-12 20:06:07.564 E/SurfaceFlinger( 1320): Error while compiling shader: 
05-12 20:06:07.564 E/SurfaceFlinger( 1320): #extension GL_OES_EGL_image_external : require
05-12 20:06:07.564 E/SurfaceFlinger( 1320): precision mediump float;
05-12 20:06:07.564 E/SurfaceFlinger( 1320): uniform samplerExternalOES sampler;
05-12 20:06:07.564 E/SurfaceFlinger( 1320): varying vec2 outTexCoords;
05-12 20:06:07.564 E/SurfaceFlinger( 1320): uniform float alphaPlane;
05-12 20:06:07.564 E/SurfaceFlinger( 1320): void main(void) {
05-12 20:06:07.564 E/SurfaceFlinger( 1320):     gl_FragColor = texture2D(sampler, outTexCoords);
05-12 20:06:07.564 E/SurfaceFlinger( 1320):     gl_FragColor.a = 1.0;
05-12 20:06:07.564 E/SurfaceFlinger( 1320):     gl_FragColor.a *= alphaPlane;
05-12 20:06:07.564 E/SurfaceFlinger( 1320): }
05-12 20:06:07.564 E/SurfaceFlinger( 1320): 
05-12 20:06:07.564 E/SurfaceFlinger( 1320): öÿÿÿÿÿÿÿŸ†­µ}
05-12 20:06:07.564 E/SurfaceFlinger( 1320): Error while linking shaders:
05-12 20:06:07.564 E/SurfaceFlinger( 1320): Error while compiling shader: 
05-12 20:06:07.564 E/SurfaceFlinger( 1320): attribute vec4 texCoords;
05-12 20:06:07.564 E/SurfaceFlinger( 1320): varying vec2 outTexCoords;
05-12 20:06:07.564 E/SurfaceFlinger( 1320): attribute vec4 position;
05-12 20:06:07.564 E/SurfaceFlinger( 1320): uniform mat4 projection;
05-12 20:06:07.564 E/SurfaceFlinger( 1320): uniform mat4 texture;
05-12 20:06:07.564 E/SurfaceFlinger( 1320): void main(void) {
05-12 20:06:07.564 E/SurfaceFlinger( 1320):     gl_Position = projection * position;
05-12 20:06:07.564 E/SurfaceFlinger( 1320):     outTexCoords = (texture * texCoords).st;
05-12 20:06:07.564 E/SurfaceFlinger( 1320): }
05-12 20:06:07.564 E/SurfaceFlinger( 1320): 
05-12 20:06:07.564 E/SurfaceFlinger( 1320): öÿÿÿÿÿÿÿŸ†­µ}
05-12 20:06:07.564 E/SurfaceFlinger( 1320): Error while compiling shader: 
05-12 20:06:07.564 E/SurfaceFlinger( 1320): #extension GL_OES_EGL_image_external : require
05-12 20:06:07.564 E/SurfaceFlinger( 1320): precision mediump float;
05-12 20:06:07.564 E/SurfaceFlinger( 1320): uniform samplerExternalOES sampler;
05-12 20:06:07.564 E/SurfaceFlinger( 1320): varying vec2 outTexCoords;
05-12 20:06:07.564 E/SurfaceFlinger( 1320): uniform float alphaPlane;
05-12 20:06:07.564 E/SurfaceFlinger( 1320): void main(void) {
05-12 20:06:07.564 E/SurfaceFlinger( 1320):     gl_FragColor = texture2D(sampler, outTexCoords);
05-12 20:06:07.564 E/SurfaceFlinger( 1320):     gl_FragColor.a = 1.0;
05-12 20:06:07.564 E/SurfaceFlinger( 1320):     gl_FragColor *= alphaPlane;
05-12 20:06:07.564 E/SurfaceFlinger( 1320): }
05-12 20:06:07.564 E/SurfaceFlinger( 1320): 
05-12 20:06:07.564 E/SurfaceFlinger( 1320): öÿÿÿÿÿÿÿŸ†­µ}
05-12 20:06:07.564 E/SurfaceFlinger( 1320): Error while linking shaders:
05-12 20:06:07.564 E/SurfaceFlinger( 1320): Error while compiling shader: 
05-12 20:06:07.564 E/SurfaceFlinger( 1320): attribute vec4 texCoords;
05-12 20:06:07.564 E/SurfaceFlinger( 1320): varying vec2 outTexCoords;
05-12 20:06:07.564 E/SurfaceFlinger( 1320): attribute vec4 position;
05-12 20:06:07.564 E/SurfaceFlinger( 1320): uniform mat4 projection;
05-12 20:06:07.564 E/SurfaceFlinger( 1320): uniform mat4 texture;
05-12 20:06:07.564 E/SurfaceFlinger( 1320): void main(void) {
05-12 20:06:07.564 E/SurfaceFlinger( 1320):     gl_Position = projection * position;
05-12 20:06:07.564 E/SurfaceFlinger( 1320):     outTexCoords = (texture * texCoords).st;
05-12 20:06:07.564 E/SurfaceFlinger( 1320): }
05-12 20:06:07.564 E/SurfaceFlinger( 1320): 
05-12 20:06:07.564 E/SurfaceFlinger( 1320): öÿÿÿÿÿÿÿŸ†­µ}
05-12 20:06:07.564 E/SurfaceFlinger( 1320): Error while compiling shader: 
05-12 20:06:07.564 E/SurfaceFlinger( 1320): precision mediump float;
05-12 20:06:07.564 E/SurfaceFlinger( 1320): uniform sampler2D sampler;
05-12 20:06:07.564 E/SurfaceFlinger( 1320): varying vec2 outTexCoords;
05-12 20:06:07.564 E/SurfaceFlinger( 1320): void main(void) {
05-12 20:06:07.564 E/SurfaceFlinger( 1320):     gl_FragColor = texture2D(sampler, outTexCoords);
05-12 20:06:07.564 E/SurfaceFlinger( 1320): }
05-12 20:06:07.564 E/SurfaceFlinger( 1320): 
05-12 20:06:07.564 E/SurfaceFlinger( 1320): öÿÿÿÿÿÿÿŸ†­µ}
05-12 20:06:07.564 E/SurfaceFlinger( 1320): Error while linking shaders:
05-12 20:06:07.564 E/SurfaceFlinger( 1320): Error while compiling shader: 
05-12 20:06:07.564 E/SurfaceFlinger( 1320): attribute vec4 texCoords;
05-12 20:06:07.564 E/SurfaceFlinger( 1320): varying vec2 outTexCoords;
05-12 20:06:07.564 E/SurfaceFlinger( 1320): attribute vec4 position;
05-12 20:06:07.564 E/SurfaceFlinger( 1320): uniform mat4 projection;
05-12 20:06:07.564 E/SurfaceFlinger( 1320): uniform mat4 texture;
05-12 20:06:07.564 E/SurfaceFlinger( 1320): void main(void) {
05-12 20:06:07.564 E/SurfaceFlinger( 1320):     gl_Position = projection * position;
05-12 20:06:07.564 E/SurfaceFlinger( 1320):     outTexCoords = (texture * texCoords).st;
05-12 20:06:07.564 E/SurfaceFlinger( 1320): }
05-12 20:06:07.564 E/SurfaceFlinger( 1320): 
05-12 20:06:07.564 E/SurfaceFlinger( 1320): öÿÿÿÿÿÿÿŸ†­µ}
05-12 20:06:07.564 E/SurfaceFlinger( 1320): Error while compiling shader: 
05-12 20:06:07.564 E/SurfaceFlinger( 1320): precision mediump float;
05-12 20:06:07.564 E/SurfaceFlinger( 1320): uniform sampler2D sampler;
05-12 20:06:07.564 E/SurfaceFlinger( 1320): varying vec2 outTexCoords;
05-12 20:06:07.564 E/SurfaceFlinger( 1320): void main(void) {
05-12 20:06:07.564 E/SurfaceFlinger( 1320):     gl_FragColor = texture2D(sampler, outTexCoords);
05-12 20:06:07.564 E/SurfaceFlinger( 1320): }
05-12 20:06:07.564 E/SurfaceFlinger( 1320): 
05-12 20:06:07.564 E/SurfaceFlinger( 1320): öÿÿÿÿÿÿÿŸ†­µ}
05-12 20:06:07.564 E/SurfaceFlinger( 1320): Error while linking shaders:
05-12 20:06:07.564 E/SurfaceFlinger( 1320): Error while compiling shader: 
05-12 20:06:07.564 E/SurfaceFlinger( 1320): attribute vec4 texCoords;
05-12 20:06:07.564 E/SurfaceFlinger( 1320): varying vec2 outTexCoords;
05-12 20:06:07.564 E/SurfaceFlinger( 1320): attribute vec4 position;
05-12 20:06:07.564 E/SurfaceFlinger( 1320): uniform mat4 projection;
05-12 20:06:07.564 E/SurfaceFlinger( 1320): uniform mat4 texture;
05-12 20:06:07.564 E/SurfaceFlinger( 1320): void main(void) {
05-12 20:06:07.564 E/SurfaceFlinger( 1320):     gl_Position = projection * position;
05-12 20:06:07.564 E/SurfaceFlinger( 1320):     outTexCoords = (texture * texCoords).st;
05-12 20:06:07.564 E/SurfaceFlinger( 1320): }
05-12 20:06:07.564 E/SurfaceFlinger( 1320): 
05-12 20:06:07.564 E/SurfaceFlinger( 1320): öÿÿÿÿÿÿÿŸ†­µ}
05-12 20:06:07.564 E/SurfaceFlinger( 1320): Error while compiling shader: 
05-12 20:06:07.564 E/SurfaceFlinger( 1320): precision mediump float;
05-12 20:06:07.564 E/SurfaceFlinger( 1320): uniform sampler2D sampler;
05-12 20:06:07.564 E/SurfaceFlinger( 1320): varying vec2 outTexCoords;
05-12 20:06:07.564 E/SurfaceFlinger( 1320): void main(void) {
05-12 20:06:07.564 E/SurfaceFlinger( 1320):     gl_FragColor = texture2D(sampler, outTexCoords);
05-12 20:06:07.564 E/SurfaceFlinger( 1320):     gl_FragColor.a = 1.0;
05-12 20:06:07.564 E/SurfaceFlinger( 1320): }
05-12 20:06:07.564 E/SurfaceFlinger( 1320): 
05-12 20:06:07.564 E/SurfaceFlinger( 1320): öÿÿÿÿÿÿÿŸ†­µ}
05-12 20:06:07.564 E/SurfaceFlinger( 1320): Error while linking shaders:
05-12 20:06:07.564 E/SurfaceFlinger( 1320): Error while compiling shader: 
05-12 20:06:07.564 E/SurfaceFlinger( 1320): attribute vec4 texCoords;
05-12 20:06:07.564 E/SurfaceFlinger( 1320): varying vec2 outTexCoords;
05-12 20:06:07.564 E/SurfaceFlinger( 1320): attribute vec4 position;
05-12 20:06:07.564 E/SurfaceFlinger( 1320): uniform mat4 projection;
05-12 20:06:07.564 E/SurfaceFlinger( 1320): uniform mat4 texture;
05-12 20:06:07.564 E/SurfaceFlinger( 1320): void main(void) {
05-12 20:06:07.564 E/SurfaceFlinger( 1320):     gl_Position = projection * position;
05-12 20:06:07.564 E/SurfaceFlinger( 1320):     outTexCoords = (texture * texCoords).st;
05-12 20:06:07.564 E/SurfaceFlinger( 1320): }
05-12 20:06:07.564 E/SurfaceFlinger( 1320): 
05-12 20:06:07.564 E/SurfaceFlinger( 1320): öÿÿÿÿÿÿÿŸ†­µ}
05-12 20:06:07.564 E/SurfaceFlinger( 1320): Error while compiling shader: 
05-12 20:06:07.564 E/SurfaceFlinger( 1320): precision mediump float;
05-12 20:06:07.564 E/SurfaceFlinger( 1320): uniform sampler2D sampler;
05-12 20:06:07.564 E/SurfaceFlinger( 1320): varying vec2 outTexCoords;
05-12 20:06:07.564 E/SurfaceFlinger( 1320): void main(void) {
05-12 20:06:07.564 E/SurfaceFlinger( 1320):     gl_FragColor = texture2D(sampler, outTexCoords);
05-12 20:06:07.564 E/SurfaceFlinger( 1320):     gl_FragColor.a = 1.0;
05-12 20:06:07.564 E/SurfaceFlinger( 1320): }
05-12 20:06:07.564 E/SurfaceFlinger( 1320): 
05-12 20:06:07.564 E/SurfaceFlinger( 1320): öÿÿÿÿÿÿÿŸ†­µ}
05-12 20:06:07.565 E/SurfaceFlinger( 1320): Error while linking shaders:
05-12 20:06:07.565 E/SurfaceFlinger( 1320): Error while compiling shader: 
05-12 20:06:07.565 E/SurfaceFlinger( 1320): attribute vec4 texCoords;
05-12 20:06:07.565 E/SurfaceFlinger( 1320): varying vec2 outTexCoords;
05-12 20:06:07.565 E/SurfaceFlinger( 1320): attribute vec4 position;
05-12 20:06:07.565 E/SurfaceFlinger( 1320): uniform mat4 projection;
05-12 20:06:07.565 E/SurfaceFlinger( 1320): uniform mat4 texture;
05-12 20:06:07.565 E/SurfaceFlinger( 1320): void main(void) {
05-12 20:06:07.565 E/SurfaceFlinger( 1320):     gl_Position = projection * position;
05-12 20:06:07.565 E/SurfaceFlinger( 1320):     outTexCoords = (texture * texCoords).st;
05-12 20:06:07.565 E/SurfaceFlinger( 1320): }
05-12 20:06:07.565 E/SurfaceFlinger( 1320): 
05-12 20:06:07.565 E/SurfaceFlinger( 1320): öÿÿÿÿÿÿÿŸ†­µ}
05-12 20:06:07.565 E/SurfaceFlinger( 1320): Error while compiling shader: 
05-12 20:06:07.565 E/SurfaceFlinger( 1320): precision mediump float;
05-12 20:06:07.565 E/SurfaceFlinger( 1320): uniform sampler2D sampler;
05-12 20:06:07.565 E/SurfaceFlinger( 1320): varying vec2 outTexCoords;
05-12 20:06:07.565 E/SurfaceFlinger( 1320): uniform float alphaPlane;
05-12 20:06:07.565 E/SurfaceFlinger( 1320): void main(void) {
05-12 20:06:07.565 E/SurfaceFlinger( 1320):     gl_FragColor = texture2D(sampler, outTexCoords);
05-12 20:06:07.565 E/SurfaceFlinger( 1320):     gl_FragColor.a *= alphaPlane;
05-12 20:06:07.565 E/SurfaceFlinger( 1320): }
05-12 20:06:07.565 E/SurfaceFlinger( 1320): 
05-12 20:06:07.565 E/SurfaceFlinger( 1320): öÿÿÿÿÿÿÿŸ†­µ}
05-12 20:06:07.565 E/SurfaceFlinger( 1320): Error while linking shaders:
05-12 20:06:07.565 E/SurfaceFlinger( 1320): Error while compiling shader: 
05-12 20:06:07.565 E/SurfaceFlinger( 1320): attribute vec4 texCoords;
05-12 20:06:07.565 E/SurfaceFlinger( 1320): varying vec2 outTexCoords;
05-12 20:06:07.565 E/SurfaceFlinger( 1320): attribute vec4 position;
05-12 20:06:07.565 E/SurfaceFlinger( 1320): uniform mat4 projection;
05-12 20:06:07.565 E/SurfaceFlinger( 1320): uniform mat4 texture;
05-12 20:06:07.565 E/SurfaceFlinger( 1320): void main(void) {
05-12 20:06:07.565 E/SurfaceFlinger( 1320):     gl_Position = projection * position;
05-12 20:06:07.565 E/SurfaceFlinger( 1320):     outTexCoords = (texture * texCoords).st;
05-12 20:06:07.565 E/SurfaceFlinger( 1320): }
05-12 20:06:07.565 E/SurfaceFlinger( 1320): 
05-12 20:06:07.565 E/SurfaceFlinger( 1320): öÿÿÿÿÿÿÿŸ†­µ}
05-12 20:06:07.565 E/SurfaceFlinger( 1320): Error while compiling shader: 
05-12 20:06:07.565 E/SurfaceFlinger( 1320): precision mediump float;
05-12 20:06:07.565 E/SurfaceFlinger( 1320): uniform sampler2D sampler;
05-12 20:06:07.565 E/SurfaceFlinger( 1320): varying vec2 outTexCoords;
05-12 20:06:07.565 E/SurfaceFlinger( 1320): uniform float alphaPlane;
05-12 20:06:07.565 E/SurfaceFlinger( 1320): void main(void) {
05-12 20:06:07.565 E/SurfaceFlinger( 1320):     gl_FragColor = texture2D(sampler, outTexCoords);
05-12 20:06:07.565 E/SurfaceFlinger( 1320):     gl_FragColor *= alphaPlane;
05-12 20:06:07.565 E/SurfaceFlinger( 1320): }
05-12 20:06:07.565 E/SurfaceFlinger( 1320): 
05-12 20:06:07.565 E/SurfaceFlinger( 1320): öÿÿÿÿÿÿÿŸ†­µ}
05-12 20:06:07.565 E/SurfaceFlinger( 1320): Error while linking shaders:
05-12 20:06:07.565 E/SurfaceFlinger( 1320): Error while compiling shader: 
05-12 20:06:07.565 E/SurfaceFlinger( 1320): attribute vec4 texCoords;
05-12 20:06:07.565 E/SurfaceFlinger( 1320): varying vec2 outTexCoords;
05-12 20:06:07.565 E/SurfaceFlinger( 1320): attribute vec4 position;
05-12 20:06:07.565 E/SurfaceFlinger( 1320): uniform mat4 projection;
05-12 20:06:07.565 E/SurfaceFlinger( 1320): uniform mat4 texture;
05-12 20:06:07.565 E/SurfaceFlinger( 1320): void main(void) {
05-12 20:06:07.565 E/SurfaceFlinger( 1320):     gl_Position = projection * position;
05-12 20:06:07.565 E/SurfaceFlinger( 1320):     outTexCoords = (texture * texCoords).st;
05-12 20:06:07.565 E/SurfaceFlinger( 1320): }
05-12 20:06:07.565 E/SurfaceFlinger( 1320): 
05-12 20:06:07.565 E/SurfaceFlinger( 1320): öÿÿÿÿÿÿÿŸ†­µ}
05-12 20:06:07.565 E/SurfaceFlinger( 1320): Error while compiling shader: 
05-12 20:06:07.565 E/SurfaceFlinger( 1320): precision mediump float;
05-12 20:06:07.565 E/SurfaceFlinger( 1320): uniform sampler2D sampler;
05-12 20:06:07.565 E/SurfaceFlinger( 1320): varying vec2 outTexCoords;
05-12 20:06:07.565 E/SurfaceFlinger( 1320): uniform float alphaPlane;
05-12 20:06:07.565 E/SurfaceFlinger( 1320): void main(void) {
05-12 20:06:07.565 E/SurfaceFlinger( 1320):     gl_FragColor = texture2D(sampler, outTexCoords);
05-12 20:06:07.565 E/SurfaceFlinger( 1320):     gl_FragColor.a = 1.0;
05-12 20:06:07.565 E/SurfaceFlinger( 1320):     gl_FragColor.a *= alphaPlane;
05-12 20:06:07.565 E/SurfaceFlinger( 1320): }
05-12 20:06:07.565 E/SurfaceFlinger( 1320): 
05-12 20:06:07.565 E/SurfaceFlinger( 1320): öÿÿÿÿÿÿÿŸ†­µ}
05-12 20:06:07.565 E/SurfaceFlinger( 1320): Error while linking shaders:
05-12 20:06:07.565 E/SurfaceFlinger( 1320): Error while compiling shader: 
05-12 20:06:07.565 E/SurfaceFlinger( 1320): attribute vec4 texCoords;
05-12 20:06:07.565 E/SurfaceFlinger( 1320): varying vec2 outTexCoords;
05-12 20:06:07.565 E/SurfaceFlinger( 1320): attribute vec4 position;
05-12 20:06:07.565 E/SurfaceFlinger( 1320): uniform mat4 projection;
05-12 20:06:07.565 E/SurfaceFlinger( 1320): uniform mat4 texture;
05-12 20:06:07.565 E/SurfaceFlinger( 1320): void main(void) {
05-12 20:06:07.565 E/SurfaceFlinger( 1320):     gl_Position = projection * position;
05-12 20:06:07.565 E/SurfaceFlinger( 1320):     outTexCoords = (texture * texCoords).st;
05-12 20:06:07.565 E/SurfaceFlinger( 1320): }
05-12 20:06:07.565 E/SurfaceFlinger( 1320): 
05-12 20:06:07.565 E/SurfaceFlinger( 1320): öÿÿÿÿÿÿÿŸ†­µ}
05-12 20:06:07.565 E/SurfaceFlinger( 1320): Error while compiling shader: 
05-12 20:06:07.565 E/SurfaceFlinger( 1320): precision mediump float;
05-12 20:06:07.565 E/SurfaceFlinger( 1320): uniform sampler2D sampler;
05-12 20:06:07.565 E/SurfaceFlinger( 1320): varying vec2 outTexCoords;
05-12 20:06:07.565 E/SurfaceFlinger( 1320): uniform float alphaPlane;
05-12 20:06:07.565 E/SurfaceFlinger( 1320): void main(void) {
05-12 20:06:07.565 E/SurfaceFlinger( 1320):     gl_FragColor = texture2D(sampler, outTexCoords);
05-12 20:06:07.565 E/SurfaceFlinger( 1320):     gl_FragColor.a = 1.0;
05-12 20:06:07.565 E/SurfaceFlinger( 1320):     gl_FragColor *= alphaPlane;
05-12 20:06:07.565 E/SurfaceFlinger( 1320): }
05-12 20:06:07.565 E/SurfaceFlinger( 1320): 
05-12 20:06:07.565 E/SurfaceFlinger( 1320): öÿÿÿÿÿÿÿŸ†­µ}
05-12 20:06:07.565 E/SurfaceFlinger( 1320): Error while linking shaders:
05-12 20:06:07.565 D/SurfaceFlinger( 1320): shader cache generated - 24 shaders in 7.473607 ms
05-12 20:06:07.600 V/EmulatedCamera_Device( 1326): initializeWhiteBalanceModes with auto, 1.000000, 1.000000
05-12 20:06:07.601 V/EmulatedCamera_Device( 1326): initializeWhiteBalanceModes with incandescent, 1.380000, 0.600000
05-12 20:06:07.601 V/EmulatedCamera_Device( 1326): initializeWhiteBalanceModes with daylight, 1.090000, 0.920000
05-12 20:06:07.601 V/EmulatedCamera_Device( 1326): initializeWhiteBalanceModes with twilight, 0.920000, 1.220000
05-12 20:06:07.601 V/EmulatedCamera_Device( 1326): setWhiteBalanceMode with white balance auto
05-12 20:06:07.602 E/EmulatedCamera_Factory( 1326): 1 cameras are being emulated. 0 of them are fake cameras.
05-12 20:06:07.603 E/EmulatedCamera_HotplugThread( 1326): createFileIfNotExists: Could not create file '/data/misc/media/emulator.camera.hotplug.0', error: 'Permission denied' (13)
05-12 20:06:07.643 D/SurfaceFlinger( 1320): Set power mode=2, type=0 flinger=0x7db5ad047000
05-12 20:06:07.648 I/CameraService( 1326): Loaded "Emulated Camera Module" camera module
05-12 20:06:07.648 E/CameraService( 1326): setUpVendorTags: Vendor tag operations not fully defined. Ignoring definitions.
05-12 20:06:07.649 V/EmulatedCamera_Camera( 1326): getCameraInfo
05-12 20:06:07.649 V/EmulatedCamera_BaseCamera( 1326): getCameraInfo
05-12 20:06:07.713 I/CameraFlashlight( 1326): Opening camera 0
05-12 20:06:07.713 V/EmulatedCamera_Camera( 1326): getCameraInfo
05-12 20:06:07.713 V/EmulatedCamera_BaseCamera( 1326): getCameraInfo
05-12 20:06:07.713 V/EmulatedCamera_Camera( 1326): connectCamera
05-12 20:06:07.713 V/EmulatedCamera_FakeDevice( 1326): connectDevice
05-12 20:06:07.713 V/EmulatedCamera_CallbackNotifier( 1326): setCallbacks: 0xeb98de80, 0xeb98ded0, 0xeb98dff0, 0xeb98e110 (0xeb643140)
