06-07 13:33:39.086 D/AlarmManagerService( 2195): Kernel timezone updated to 0 minutes west of GMT
06-07 13:33:39.166 I/SystemServer( 2195): InitWatchdog
06-07 13:33:39.168 I/SystemServer( 2195): StartInputManagerService
06-07 13:33:39.172 I/InputManager( 2195): Initializing input manager, mUseDevInputEventForAudioJack=true
06-07 13:33:39.178 I/SystemServer( 2195): StartWindowManagerService
06-07 13:33:39.625 I/WindowManager( 2195): No existing display settings /data/system/display_settings.xml; starting empty
06-07 13:33:40.829 I/SystemServer( 2195): StartVrManagerService
06-07 13:33:40.836 I/SystemServiceManager( 2195): Starting com.android.server.vr.VrManagerService
06-07 13:33:40.895 W/VrManagerService( 2195): init_native: Could not open VR hardware module, error No such file or directory (-2).
06-07 13:33:40.978 I/InputManager( 2195): Starting input manager
06-07 13:33:41.015 I/SystemServer( 2195): No Bluetooth Service (emulator)
06-07 13:33:41.015 I/SystemServer( 2195): ConnectivityMetricsLoggerService
06-07 13:33:41.017 I/SystemServiceManager( 2195): Starting com.android.server.connectivity.MetricsLoggerService
06-07 13:33:41.050 D/EventHub( 2195): No input device configuration file found for device 'Power Button'.
06-07 13:33:41.072 I/SystemServer( 2195): IpConnectivityMetrics
06-07 13:33:41.076 I/SystemServiceManager( 2195): Starting com.android.server.connectivity.IpConnectivityMetrics
06-07 13:33:41.133 W/EventHub( 2195): Unable to disable kernel key repeat for /dev/input/event0: Function not implemented
06-07 13:33:41.134 I/EventHub( 2195): New device: id=1, fd=91, path='/dev/input/event0', name='Power Button', classes=0x1, configuration='', keyLayout='/system/usr/keylayout/Generic.kl', keyCharacterMap='/system/usr/keychars/Generic.kcm', builtinKeyboard=false, wakeMechanism=EPOLLWAKEUP, usingClockIoctl=true
06-07 13:33:41.234 W/EventHub( 2195): Unable to disable kernel key repeat for /dev/input/event1: Function not implemented
06-07 13:33:41.234 I/EventHub( 2195): New device: id=2, fd=92, path='/dev/input/event1', name='qwerty2', classes=0x95, configuration='/system/usr/idc/qwerty2.idc', keyLayout='/system/usr/keylayout/qwerty.kl', keyCharacterMap='/system/usr/keychars/qwerty2.kcm', builtinKeyboard=true, wakeMechanism=EPOLLWAKEUP, usingClockIoctl=true
06-07 13:33:41.234 E/EventHub( 2195): could not get driver version for /dev/input/mice, Not a typewriter
06-07 13:33:41.236 I/SystemServer( 2195): PinnerService
06-07 13:33:41.237 I/SystemServiceManager( 2195): Starting com.android.server.PinnerService
06-07 13:33:41.248 I/SystemServiceManager( 2195): Starting com.android.server.InputMethodManagerService$Lifecycle
06-07 13:33:41.391 I/InputReader( 2195): Device added: id=-1, name='Virtual', sources=0x00000301
06-07 13:33:41.396 I/InputReader( 2195):   Touch device 'qwerty2' could not query the properties of its associated display.  The device will be inoperable until the display size becomes available.
06-07 13:33:41.397 I/InputReader( 2195): Device added: id=0, name='qwerty2', sources=0x80001103
06-07 13:33:41.397 I/InputReader( 2195): Device added: id=1, name='Power Button', sources=0x00000101
06-07 13:33:42.411 I/SystemServer( 2195): StartAccessibilityManagerService
06-07 13:33:42.717 I/ActivityManager( 2195): Config changes=1df8 {1.0 ?mcc?mnc [en_US] ldltr sw360dp w360dp h640dp 480dpi nrml long port ?uimode ?night -touch -keyb/v/h -nav/h s.2}
06-07 13:33:42.833 I/ActivityManager( 2195): Config changes=508 {1.0 ?mcc?mnc [en_US] ldltr sw360dp w360dp h568dp 480dpi nrml port ?uimode ?night finger -keyb/v/h -nav/h s.3}
06-07 13:33:42.959 I/SystemServiceManager( 2195): Starting com.android.server.MountService$Lifecycle
06-07 13:33:42.973 I/InputReader( 2195): Reconfiguring input devices.  changes=0x00000004
06-07 13:33:42.974 I/InputReader( 2195): Device reconfigured: id=0, name='qwerty2', size 1080x1920, orientation 0, mode 1, display id 0
06-07 13:33:43.049 I/SystemServiceManager( 2195): Starting com.android.server.UiModeManagerService
06-07 13:33:43.066 I/ActivityManager( 2195): Config changes=200 {1.0 ?mcc?mnc [en_US] ldltr sw360dp w360dp h568dp 480dpi nrml port finger -keyb/v/h -nav/h s.4}
06-07 13:33:43.086 D/MountService( 2195): Thinking about init, mSystemReady=false, mDaemonConnected=true
06-07 13:33:43.086 D/MountService( 2195): Thinking about reset, mSystemReady=false, mDaemonConnected=true
06-07 13:33:43.130 D/MountService( 2195): Thinking about init, mSystemReady=false, mDaemonConnected=true
06-07 13:33:43.130 D/MountService( 2195): Thinking about reset, mSystemReady=false, mDaemonConnected=true
06-07 13:33:43.152 D/CryptdConnector( 2195): SND -> {1 cryptfs getfield SystemLocale}
06-07 13:33:43.159 W/PackageManager( 2195): No disk maintenance in 6427489158; running immediately
06-07 13:33:43.161 I/SystemServer( 2195): StartLockSettingsService
06-07 13:33:43.167 I/SystemServiceManager( 2195): Starting com.android.server.LockSettingsService$Lifecycle
06-07 13:33:43.178 D/CryptdConnector( 2195): RCV <- {200 1 -1}
06-07 13:33:43.204 W/MountService( 2195): No primary storage mounted!
06-07 13:33:43.205 D/VoldConnector( 2195): SND -> {1 asec list}
06-07 13:33:43.211 D/VoldConnector( 2195): RCV <- {200 1 asec operation succeeded}
06-07 13:33:43.213 I/PackageManager( 2195): No secure containers found
06-07 13:33:43.215 W/PackageManager( 2195): Unknown permission com.google.android.googleapps.permission.GOOGLE_AUTH in package com.android.providers.calendar
06-07 13:33:43.215 W/PackageManager( 2195): Unknown permission com.google.android.googleapps.permission.GOOGLE_AUTH.cl in package com.android.providers.calendar
06-07 13:33:43.216 W/PackageManager( 2195): Not granting permission android.permission.GLOBAL_SEARCH to package com.android.quicksearchbox (protectionLevel=18 flags=0x3808be45)
06-07 13:33:43.217 W/PackageManager( 2195): Not granting permission android.permission.WRITE_EXTERNAL_STORAGE to package gov.nasa.arc.astrobee.android.gs.manager because it was previously installed without
06-07 13:33:43.217 W/PackageManager( 2195): Not granting permission android.permission.READ_EXTERNAL_STORAGE to package gov.nasa.arc.astrobee.android.gs.manager because it was previously installed without
06-07 13:33:43.218 W/PackageManager( 2195): Unknown permission com.android.launcher.permission.READ_SETTINGS in package com.android.launcher3
06-07 13:33:43.218 W/PackageManager( 2195): Unknown permission com.android.launcher.permission.WRITE_SETTINGS in package com.android.launcher3
06-07 13:33:43.218 W/PackageManager( 2195): Not granting permission android.permission.BIND_APPWIDGET to package com.android.launcher3 (protectionLevel=18 flags=0x3c4bbe45)
06-07 13:33:43.218 W/PackageManager( 2195): Unknown permission com.google.android.googleapps.permission.GOOGLE_AUTH.mail in package com.android.calendar
06-07 13:33:43.235 W/PackageManager( 2195): Unknown permission com.google.android.providers.settings.permission.WRITE_GSETTINGS in package com.android.sdksetup
06-07 13:33:43.258 W/PackageManager( 2195): Unknown permission com.google.android.permission.INSTALL_WEARABLE_PACKAGES in package com.android.packageinstaller
06-07 13:33:43.259 W/PackageManager( 2195): Not granting permission android.permission.DELETE_PACKAGES to package com.svox.pico (protectionLevel=18 flags=0x3808be45)
06-07 13:33:43.259 W/PackageManager( 2195): Not granting permission android.permission.READ_CONTACTS to package com.example.android.apis because it was previously installed without
06-07 13:33:43.259 W/PackageManager( 2195): Not granting permission android.permission.WRITE_CONTACTS to package com.example.android.apis because it was previously installed without
06-07 13:33:43.259 W/PackageManager( 2195): Not granting permission android.permission.ACCESS_COARSE_LOCATION to package com.example.android.apis because it was previously installed without
06-07 13:33:43.259 W/PackageManager( 2195): Not granting permission android.permission.WRITE_EXTERNAL_STORAGE to package com.example.android.apis because it was previously installed without
06-07 13:33:43.259 W/PackageManager( 2195): Not granting permission android.permission.SEND_SMS to package com.example.android.apis because it was previously installed without
06-07 13:33:43.259 W/PackageManager( 2195): Not granting permission android.permission.RECEIVE_SMS to package com.example.android.apis because it was previously installed without
06-07 13:33:43.259 W/PackageManager( 2195): Not granting permission android.permission.RECEIVE_MMS to package com.example.android.apis because it was previously installed without
06-07 13:33:43.259 W/PackageManager( 2195): Not granting permission android.permission.READ_SMS to package com.example.android.apis because it was previously installed without
06-07 13:33:43.259 W/PackageManager( 2195): Not granting permission android.permission.READ_PHONE_STATE to package com.example.android.apis because it was previously installed without
06-07 13:33:43.259 W/PackageManager( 2195): Not granting permission android.permission.RECORD_AUDIO to package com.example.android.apis because it was previously installed without
06-07 13:33:43.260 W/PackageManager( 2195): Not granting permission android.permission.CAMERA to package com.example.android.apis because it was previously installed without
06-07 13:33:43.274 W/PackageManager( 2195): Not granting permission android.permission.READ_EXTERNAL_STORAGE to package com.example.android.apis because it was previously installed without
06-07 13:33:43.274 W/PackageManager( 2195): Unknown permission android.permission.RUN_INSTRUMENTATION in package org.chromium.webview_shell
06-07 13:33:43.275 W/PackageManager( 2195): Unknown permission com.google.android.googleapps.permission.GOOGLE_AUTH in package com.android.settings
06-07 13:33:43.275 W/PackageManager( 2195): Unknown permission com.android.launcher.permission.READ_SETTINGS in package com.android.settings
06-07 13:33:43.275 W/PackageManager( 2195): Unknown permission com.android.launcher.permission.WRITE_SETTINGS in package com.android.settings
06-07 13:33:43.285 I/SystemServiceManager( 2195): Starting com.android.server.DeviceIdleController
06-07 13:33:43.289 W/PackageManager( 2195): Unknown permission com.android.smspush.WAPPUSH_MANAGER_BIND in package com.android.phone
06-07 13:33:43.297 W/PackageManager( 2195): Unknown permission com.google.android.googleapps.permission.ACCESS_GOOGLE_PASSWORD in package com.android.development
06-07 13:33:43.298 W/PackageManager( 2195): Unknown permission com.google.android.googleapps.permission.GOOGLE_AUTH in package com.android.development
06-07 13:33:43.298 W/PackageManager( 2195): Unknown permission com.google.android.googleapps.permission.GOOGLE_AUTH.ALL_SERVICES in package com.android.development
06-07 13:33:43.298 W/PackageManager( 2195): Unknown permission com.google.android.googleapps.permission.GOOGLE_AUTH.YouTubeUser in package com.android.development
06-07 13:33:43.298 W/PackageManager( 2195): Not granting permission android.permission.BIND_APPWIDGET to package com.android.widgetpreview (protectionLevel=18 flags=0x3808be44)
06-07 13:33:43.696 W/art     ( 2195): Long monitor contention with owner MountService (2337) at void com.android.server.pm.PackageManagerService.loadMediaPackages(android.util.ArrayMap, int[], boolean)(PackageManagerService.java:19317) waiters=0 in android.content.pm.ApplicationInfo com.android.server.pm.PackageManagerService.getApplicationInfo(java.lang.String, int, int) for 405ms
06-07 13:33:43.711 W/MountService( 2195): No primary storage defined yet; hacking together a stub
06-07 13:33:43.713 W/MountService( 2195): No primary storage defined yet; hacking together a stub
06-07 13:33:43.725 W/MountService( 2195): No primary storage mounted!
06-07 13:33:43.725 D/VoldConnector( 2195): SND -> {2 asec list}
06-07 13:33:43.731 I/SystemServiceManager( 2195): Starting com.android.server.devicepolicy.DevicePolicyManagerService$Lifecycle
06-07 13:33:43.792 D/VoldConnector( 2195): RCV <- {200 2 asec operation succeeded}
06-07 13:33:43.794 I/MountService( 2195): Running fstrim idle maintenance
06-07 13:33:43.795 D/VoldConnector( 2195): SND -> {3 fstrim dotrim}
06-07 13:33:43.833 D/VoldConnector( 2195): RCV <- {200 3 Command succeeded}
06-07 13:33:43.857 D/vold    ( 1269): Starting trim of /cache
06-07 13:33:43.858 W/vold    ( 1269): Trim failed on /cache: Operation not supported on transport endpoint
06-07 13:33:43.859 D/vold    ( 1269): Starting trim of /data
06-07 13:33:43.859 W/vold    ( 1269): Trim failed on /data: Operation not supported on transport endpoint
06-07 13:33:43.871 D/VoldConnector( 2195): RCV <- {662 /cache -1 -1}
06-07 13:33:43.873 D/VoldConnector( 2195): RCV <- {662 /data -1 -1}
06-07 13:33:43.931 E/VoldConnector( 2195): Error handling '662 /cache -1 -1': java.lang.NullPointerException: Attempt to invoke virtual method 'void android.os.DropBoxManager.addText(java.lang.String, java.lang.String)' on a null object reference
06-07 13:33:43.934 E/VoldConnector( 2195): Error handling '662 /data -1 -1': java.lang.NullPointerException: Attempt to invoke virtual method 'void android.os.DropBoxManager.addText(java.lang.String, java.lang.String)' on a null object reference
06-07 13:33:43.939 I/SystemServer( 2195): StartStatusBarManagerService
06-07 13:33:43.980 I/SystemServer( 2195): StartClipboardService
06-07 13:33:44.041 I/SystemServer( 2195): StartNetworkManagementService
06-07 13:33:44.113 I/NetworkManagement( 2195): onDaemonConnected()
06-07 13:33:44.155 I/SystemServiceManager( 2195): Starting com.android.server.TextServicesManagerService$Lifecycle
06-07 13:33:44.275 I/SystemServer( 2195): StartNetworkScoreService
06-07 13:33:44.310 I/SystemServer( 2195): StartNetworkStatsService
06-07 13:33:44.402 I/SystemServer( 2195): StartNetworkPolicyManagerService
06-07 13:33:44.564 I/SystemServer( 2195): No Wi-Fi NAN Service (NAN support Not Present)
06-07 13:33:44.844 W/UsageStatsService( 2195): User[0] Some stats have no latest available
06-07 13:33:44.918 I/UsageStatsService( 2195): User[0] Rollover scheduled @ 2021-06-08 13:33:42(1623159222771)
06-07 13:33:44.993 W/art     ( 2195): Verification of void com.android.server.wifi.p2p.WifiP2pService.<init>(android.content.Context) took 176.126ms
06-07 13:33:44.996 I/SystemServiceManager( 2195): Starting com.android.server.wifi.p2p.WifiP2pService
06-07 13:33:45.326 I/art     ( 2195): Background sticky concurrent mark sweep GC freed 34447(2MB) AllocSpace objects, 20(400KB) LOS objects, 26% free, 8MB/10MB, paused 2.096ms total 456.434ms
06-07 13:33:45.628 I/WifiP2pService( 2195): Registering wifip2p
06-07 13:33:45.643 I/SystemServiceManager( 2195): Starting com.android.server.wifi.WifiService
06-07 13:33:45.925 W/art     ( 2195): Verification of void com.android.server.wifi.WifiStateMachine.<clinit>() took 114.295ms
06-07 13:33:46.598 D/HS20    ( 2195): Passpoint is disabled
06-07 13:33:46.785 D/CommandListener( 1336): Clearing all IP addresses on wlan0
06-07 13:33:47.003 D/WifiApConfigStore( 2195): 2G band allowed channels are:1,6,11
06-07 13:33:47.011 E/WifiLogger( 2195): no ring buffers found
06-07 13:33:47.011 E/WifiLogger( 2195): Failed to start packet fate monitoring
06-07 13:33:47.048 D/WifiController( 2195): isAirplaneModeOn = true, isWifiEnabled = false, isScanningAvailable = false
06-07 13:33:47.066 I/WifiService( 2195): Registering wifi
06-07 13:33:47.085 I/SystemServiceManager( 2195): Starting com.android.server.wifi.scanner.WifiScanningService
06-07 13:33:47.085 I/WifiScanningService( 2195): Creating wifiscanner
06-07 13:33:47.131 I/WifiScanningService( 2195): Publishing wifiscanner
06-07 13:33:47.135 I/SystemServiceManager( 2195): Starting com.android.server.wifi.RttService
06-07 13:33:47.171 I/RttService( 2195): Creating rttmanager
06-07 13:33:47.183 I/RttService( 2195): Starting rttmanager
06-07 13:33:47.185 I/SystemServer( 2195): StartConnectivityService
06-07 13:33:47.240 D/ConnectivityService( 2195): ConnectivityService starting up
06-07 13:33:47.259 D/ConnectivityService( 2195): wifiOnly=false
06-07 13:33:47.460 I/SystemServer( 2195): StartNsdService
06-07 13:33:47.504 I/SystemServer( 2195): StartUpdateLockService
06-07 13:33:47.509 I/SystemServiceManager( 2195): Starting com.android.server.RecoverySystemService
06-07 13:33:47.541 I/SystemServiceManager( 2195): Starting com.android.server.notification.NotificationManagerService
06-07 13:33:47.724 D/ConditionProviders.SCP( 2195): new ScheduleConditionProvider()
06-07 13:33:47.854 D/ZenLog  ( 2195): config: readXml,ZenModeConfig[user=0,allowCalls=true,allowRepeatCallers=false,allowMessages=false,allowCallsFrom=contacts,allowMessagesFrom=contacts,allowReminders=true,allowEvents=true,allowWhenScreenOff=true,allowWhenScreenOn=true,automaticRules={370bd6672ef541ba946db9ac4aef0faf=ZenRule[enabled=false,snoozing=false,name=Weeknight,zenMode=ZEN_MODE_ALARMS,conditionId=condition://android/schedule?days=1.2.3.4.5&start=22.0&end=7.0&exitAtAlarm=false,condition=Condition[id=condition://android/schedule?days=1.2.3.4.5&start=22.0&end=7.0&exitAtAlarm=false,summary=...,line1=...,line2=...,icon=0,state=STATE_FALSE,flags=2],component=ComponentInfo{android/com.android.server.notification.ScheduleConditionProvider},id=370bd6672ef541ba946db9ac4aef0faf,creationTime=1590622727817,enabler=null], a53ffdf89c814123a52adbdd46bc948d=ZenRule[enabled=false,snoozing=false,name=Weekend,zenMode=ZEN_MODE_ALARMS,conditionId=condition://android/schedule?days=6.7&start=23.30&end=10.0&exitAtAlarm=false,condition=Condition[id=condition://android/schedule?days=6.7&start=23.30&end=10.0&exitAtAlarm=false,summary=...,line1=...,line2=...,icon=0,state=STATE_FALSE,flags=2],component=ComponentInfo{android/com.android.server.notification.ScheduleConditionProvider},id=a53ffdf89c814123a52adbdd46bc948d,creationTime=1590622727818,enabler=null], fc8bb1aacabb4877a1d1d167106f6e77=ZenRule[enabled=false,snoozing=false,name=Event,zenMode=ZEN_MODE_ALARMS,conditionId=condition://android/event?userId=-10000&calendar=&reply=1,condition=Condition[id=condition://android/event?userId=-10000&calendar=&reply=1,summary=...,line1=...,line2=...,icon=0,state=STATE_FALSE,flags=2],component=ComponentInfo{android/com.android.server.notification.EventConditionProvider},id=fc8bb1aacabb4877a1d1d167106f6e77,creationTime=1590622727822,enabler=null]},manualRule=null],Diff[automaticRule[05a108545ffb4da0a82d0e055c2f8a86]:delete,automaticRule[370bd6672ef541ba946db9ac4aef0faf]:insert,automaticRule[4f313b7e54c54b6fa0004ef666d9fb68]:delete,automaticRule[a53ffdf89c814123a52adbdd46bc948d]:insert,automaticRule[a7a1cd5036a845ca93934b7402bca9f9]:delete,automaticRule[fc8bb1aacabb4877a1d1d167106f6e77]:insert]
06-07 13:33:48.014 D/ZenLog  ( 2195): set_zen_mode: off,init
06-07 13:33:48.060 I/SystemServiceManager( 2195): Starting com.android.server.storage.DeviceStorageMonitorService
06-07 13:33:48.086 I/SystemServer( 2195): StartLocationManagerService
06-07 13:33:48.121 I/SystemServer( 2195): StartCountryDetectorService
06-07 13:33:48.144 I/SystemServer( 2195): StartSearchManagerService
06-07 13:33:48.145 I/SystemServiceManager( 2195): Starting com.android.server.search.SearchManagerService$Lifecycle
06-07 13:33:48.186 I/SystemServiceManager( 2195): Starting com.android.server.DropBoxManagerService
06-07 13:33:48.203 I/SystemServer( 2195): StartWallpaperManagerService
06-07 13:33:48.204 I/SystemServiceManager( 2195): Starting com.android.server.wallpaper.WallpaperManagerService$Lifecycle
06-07 13:33:48.214 E/BitmapFactory( 2195): Unable to decode stream: java.io.FileNotFoundException: /data/system/users/0/wallpaper_orig (No such file or directory)
06-07 13:33:48.214 E/WallpaperManagerService( 2195): Invalid wallpaper data
06-07 13:33:48.214 E/WallpaperManagerService( 2195): Unable to apply new wallpaper
06-07 13:33:48.230 I/SystemServer( 2195): StartAudioService
06-07 13:33:48.231 I/SystemServiceManager( 2195): Starting com.android.server.audio.AudioService$Lifecycle
06-07 13:33:48.309 W/TelecomManager( 2195): Telecom Service not found.
06-07 13:33:48.344 D/PermissionCache( 1326): checking android.permission.MODIFY_AUDIO_SETTINGS for uid=1000 => granted (16568 us)
06-07 13:33:48.420 D/PermissionCache( 1326): checking android.permission.MODIFY_AUDIO_SETTINGS for uid=1000 => granted (81606 us)
06-07 13:33:48.435 W/AudioFlinger( 1326): no wake lock to update, system not ready yet
06-07 13:33:48.649 I/SystemServiceManager( 2195): Starting com.android.server.DockObserver
06-07 13:33:48.661 W/DockObserver( 2195): This kernel does not have dock station support
06-07 13:33:48.665 I/SystemServer( 2195): StartWiredAccessoryManager
06-07 13:33:48.669 W/WiredAccessoryManager( 2195): This kernel does not have usb audio support
06-07 13:33:48.682 W/WiredAccessoryManager( 2195): This kernel does not have HDMI audio support
06-07 13:33:48.683 I/SystemServiceManager( 2195): Starting com.android.server.midi.MidiService$Lifecycle
06-07 13:33:48.702 I/SystemServiceManager( 2195): Starting com.android.server.usb.UsbService$Lifecycle
06-07 13:33:48.793 I/SystemServer( 2195): StartSerialService
06-07 13:33:48.796 E/HardwarePropertiesManagerService-JNI( 2195): Couldn't load thermal module (No such file or directory)
06-07 13:33:48.801 I/SystemServiceManager( 2195): Starting com.android.server.twilight.TwilightService
06-07 13:33:48.821 I/SystemServiceManager( 2195): Starting com.android.server.job.JobSchedulerService
06-07 13:33:48.890 I/SystemServiceManager( 2195): Starting com.android.server.soundtrigger.SoundTriggerService
06-07 13:33:48.903 I/SystemServiceManager( 2195): Starting com.android.server.backup.BackupManagerService$Lifecycle
06-07 13:33:48.913 I/SystemServiceManager( 2195): Starting com.android.server.appwidget.AppWidgetService
06-07 13:33:49.067 I/SystemServiceManager( 2195): Starting com.android.server.voiceinteraction.VoiceInteractionManagerService
06-07 13:33:49.105 I/SystemServer( 2195): Gesture Launcher Service
06-07 13:33:49.106 I/SystemServiceManager( 2195): Starting com.android.server.GestureLauncherService
06-07 13:33:49.107 I/SystemServiceManager( 2195): Starting com.android.server.SensorNotificationService
06-07 13:33:49.107 I/SystemServiceManager( 2195): Starting com.android.server.ContextHubSystemService
06-07 13:33:49.124 E/ContextHubService( 2195): ** Could not load context_hub module : err No such file or directory
06-07 13:33:49.124 W/ContextHubService( 2195): No Context Hub Module present
06-07 13:33:49.125 I/SystemServer( 2195): StartDiskStatsService
06-07 13:33:49.140 I/SystemServer( 2195): StartSamplingProfilerService
06-07 13:33:49.177 I/SystemServer( 2195): StartNetworkTimeUpdateService
06-07 13:33:49.233 I/SystemServer( 2195): StartCommonTimeManagementService
06-07 13:33:49.238 I/SystemServer( 2195): CertBlacklister
06-07 13:33:49.252 I/SystemServiceManager( 2195): Starting com.android.server.emergency.EmergencyAffordanceService
06-07 13:33:49.256 I/SystemServiceManager( 2195): Starting com.android.server.dreams.DreamManagerService
06-07 13:33:49.292 I/SystemServer( 2195): StartAssetAtlasService
06-07 13:33:49.330 I/SystemServiceManager( 2195): Starting com.android.server.print.PrintManagerService
06-07 13:33:49.410 I/SystemServiceManager( 2195): Starting com.android.server.restrictions.RestrictionsManagerService
06-07 13:33:49.416 I/SystemServiceManager( 2195): Starting com.android.server.media.MediaSessionService
06-07 13:33:49.429 I/SystemServer( 2195): StartMediaRouterService
06-07 13:33:49.461 D/AssetAtlas( 2195): Loaded configuration: SliceMinArea (1280x896) flags=0x2 count=91
06-07 13:33:49.463 I/SystemServiceManager( 2195): Starting com.android.server.trust.TrustManagerService
06-07 13:33:49.495 I/SystemServiceManager( 2195): Starting com.android.server.fingerprint.FingerprintService
06-07 13:33:49.603 D/PermissionCache( 1339): checking android.permission.MANAGE_FINGERPRINT for uid=1000 => granted (18694 us)
06-07 13:33:49.606 V/fingerprintd( 1339): nativeOpenHal()
06-07 13:33:49.642 D/gralloc_ranchu( 2195): Emulator without host-side GPU emulation detected. Loading gralloc.default.so from /vendor/lib64/hw/gralloc.goldfish.default.so...
06-07 13:33:49.659 D/gralloc_ranchu( 2195): gralloc.default.so not found in /vendor. Trying /system/lib64/hw/gralloc.goldfish.default.so...
06-07 13:33:49.707 D/FingerprintHal( 1339): ----------------> fingerprint_open ----------------->
06-07 13:33:49.770 E/fingerprintd( 1339): Wrong fp version. Expected 512, got 513
06-07 13:33:49.770 D/FingerprintHal( 1339): ----------------> set_notify_callback ----------------->
06-07 13:33:49.770 D/FingerprintHal( 1339): fingerprint callback notification set
06-07 13:33:49.770 V/fingerprintd( 1339): fingerprint HAL successfully initialized
06-07 13:33:49.772 D/FingerprintHal( 1339): ----------------> listenerFunction ----------------->
06-07 13:33:49.793 V/fingerprintd( 1339): setActiveGroup(0, /data/system/users/0/fpdata, 27)
06-07 13:33:49.793 D/FingerprintHal( 1339): ----------------> fingerprint_set_active_group -----------------> path /data/system/users/0/fpdata
06-07 13:33:49.793 D/FingerprintHal( 1339): ----------------> loadFingerprints ----------------->
06-07 13:33:49.794 E/FingerprintHal( 1339): Could not load fingerprints from storage at /data/system/users/0/fpdata/emufp.bin; it has not yet been created.
06-07 13:33:49.794 D/FingerprintHal( 1339): ----------------> loadAuthenticatorId ----------------->
06-07 13:33:49.800 D/FingerprintHal( 1339): Read authenticator id (0x6b8b4567327b23c6)
06-07 13:33:49.802 D/FingerprintHal( 1339): ----------------> fingerprint_get_auth_id ----------------->
06-07 13:33:49.802 D/FingerprintHal( 1339): ----------------> fingerprint_get_auth_id auth id 6b8b4567327b23c6----------------->
06-07 13:33:49.802 V/FingerprintService( 2195): Fingerprint HAL id: 131561739829248
06-07 13:33:49.805 I/SystemServer( 2195): StartBackgroundDexOptService
06-07 13:33:49.844 I/SystemServiceManager( 2195): Starting com.android.server.pm.ShortcutService$Lifecycle
06-07 13:33:49.978 I/SystemServiceManager( 2195): Starting com.android.server.pm.LauncherAppsService
06-07 13:33:50.034 I/SystemServiceManager( 2195): Starting com.android.server.media.projection.MediaProjectionManagerService
06-07 13:33:50.046 V/MediaRouter( 2195): Adding route: RouteInfo{ name=Phone, description=null, status=null, category=RouteCategory{ name=null types=ROUTE_TYPE_LIVE_AUDIO ROUTE_TYPE_LIVE_VIDEO  groupable=false }, supportedTypes=ROUTE_TYPE_LIVE_AUDIO ROUTE_TYPE_LIVE_VIDEO , presentationDisplay=null }
06-07 13:33:50.065 V/MediaRouter( 2195): Updating audio routes: AudioRoutesInfo{ type=SPEAKER }
06-07 13:33:50.161 V/MediaRouter( 2195): Selecting route: RouteInfo{ name=Phone, description=null, status=null, category=RouteCategory{ name=null types=ROUTE_TYPE_LIVE_AUDIO ROUTE_TYPE_LIVE_VIDEO  groupable=false }, supportedTypes=ROUTE_TYPE_LIVE_AUDIO ROUTE_TYPE_LIVE_VIDEO , presentationDisplay=null }
06-07 13:33:50.168 I/WindowManager( 2195): SAFE MODE not enabled
06-07 13:33:50.169 I/SystemServiceManager( 2195): Starting com.android.server.MmsServiceBroker
06-07 13:33:50.229 W/VibratorService( 2195): Tried to stop vibrating but there is no vibrator device.
06-07 13:33:50.279 W/AssetAtlasService( 2195): Could not find EGL configuration
06-07 13:33:50.333 D/AssetAtlas( 2195): Rendered atlas in 437.06ms (383.95+53.10ms)
06-07 13:33:50.444 I/art     ( 2195): Background partial concurrent mark sweep GC freed 18778(1440KB) AllocSpace objects, 5(100KB) LOS objects, 24% free, 12MB/16MB, paused 1.465ms total 457.824ms
06-07 13:33:50.798 E/LockSettingsStorage( 2195): Cannot read file java.io.FileNotFoundException: /data/system/gatekeeper.password.key: open failed: ENOENT (No such file or directory)
06-07 13:33:50.799 E/LockSettingsStorage( 2195): Cannot read file java.io.FileNotFoundException: /data/system/password.key: open failed: ENOENT (No such file or directory)
06-07 13:33:50.813 E/LockSettingsStorage( 2195): Cannot read file java.io.FileNotFoundException: /data/system/gatekeeper.pattern.key: open failed: ENOENT (No such file or directory)
06-07 13:33:50.814 E/LockSettingsStorage( 2195): Cannot read file java.io.FileNotFoundException: /data/system/gatekeeper.gesture.key: open failed: ENOENT (No such file or directory)
06-07 13:33:50.816 E/LockSettingsStorage( 2195): Cannot read file java.io.FileNotFoundException: /data/system/gesture.key: open failed: ENOENT (No such file or directory)
06-07 13:33:50.816 I/SystemServiceManager( 2195): Starting phase 480
06-07 13:33:50.878 I/DevicePolicyManagerService( 2195): Set ro.device_owner property to false
06-07 13:33:51.012 I/SystemServiceManager( 2195): Starting phase 500
06-07 13:33:51.062 D/ConnectivityMetricsLoggerService( 2195): onBootPhase: PHASE_SYSTEM_SERVICES_READY
06-07 13:33:51.214 I/WifiService( 2195): WifiService starting up with Wi-Fi disabled
06-07 13:33:51.233 I/WifiScanningService( 2195): Starting wifiscanner
06-07 13:33:51.324 I/RttService( 2195): Registering rttmanager
06-07 13:33:51.385 D/ZenLog  ( 2195): config: cleanUpZenRules,ZenModeConfig[user=0,allowCalls=true,allowRepeatCallers=false,allowMessages=false,allowCallsFrom=contacts,allowMessagesFrom=contacts,allowReminders=true,allowEvents=true,allowWhenScreenOff=true,allowWhenScreenOn=true,automaticRules={370bd6672ef541ba946db9ac4aef0faf=ZenRule[enabled=false,snoozing=false,name=Weeknight,zenMode=ZEN_MODE_ALARMS,conditionId=condition://android/schedule?days=1.2.3.4.5&start=22.0&end=7.0&exitAtAlarm=false,condition=Condition[id=condition://android/schedule?days=1.2.3.4.5&start=22.0&end=7.0&exitAtAlarm=false,summary=...,line1=...,line2=...,icon=0,state=STATE_FALSE,flags=2],component=ComponentInfo{android/com.android.server.notification.ScheduleConditionProvider},id=370bd6672ef541ba946db9ac4aef0faf,creationTime=1590622727817,enabler=null], a53ffdf89c814123a52adbdd46bc948d=ZenRule[enabled=false,snoozing=false,name=Weekend,zenMode=ZEN_MODE_ALARMS,conditionId=condition://android/schedule?days=6.7&start=23.30&end=10.0&exitAtAlarm=false,condition=Condition[id=condition://android/schedule?days=6.7&start=23.30&end=10.0&exitAtAlarm=false,summary=...,line1=...,line2=...,icon=0,state=STATE_FALSE,flags=2],component=ComponentInfo{android/com.android.server.notification.ScheduleConditionProvider},id=a53ffdf89c814123a52adbdd46bc948d,creationTime=1590622727818,enabler=null], fc8bb1aacabb4877a1d1d167106f6e77=ZenRule[enabled=false,snoozing=false,name=Event,zenMode=ZEN_MODE_ALARMS,conditionId=condition://android/event?userId=-10000&calendar=&reply=1,condition=Condition[id=condition://android/event?userId=-10000&calendar=&reply=1,summary=...,line1=...,line2=...,icon=0,state=STATE_FALSE,flags=2],component=ComponentInfo{android/com.android.server.notification.EventConditionProvider},id=fc8bb1aacabb4877a1d1d167106f6e77,creationTime=1590622727822,enabler=null]},manualRule=null],Diff[]
06-07 13:33:51.386 D/ZenLog  ( 2195): set_zen_mode: off,onSystemReady
06-07 13:33:51.424 D/PermissionCache( 1326): checking android.permission.CAPTURE_AUDIO_HOTWORD for uid=1000 => granted (919 us)
06-07 13:33:51.426 W/SoundTriggerHelper( 2195): listModules status=0, # of modules=0
06-07 13:33:51.426 D/ContextHubSystemService( 2195): onBootPhase: PHASE_SYSTEM_SERVICES_READY
06-07 13:33:51.849 W/KeyguardServiceDelegate( 2195): onScreenTurningOn(): no keyguard service!
06-07 13:33:51.977 V/UserManagerService( 2195): Found /data/user_de/0 with serial number 0
06-07 13:33:51.977 V/UserManagerService( 2195): Found /data/user/0 with serial number 0
06-07 13:33:51.978 V/UserManagerService( 2195): Found /data/system_de/0 with serial number 0
06-07 13:33:51.978 V/UserManagerService( 2195): Found /data/system_ce/0 with serial number 0
06-07 13:33:52.492 I/ActivityManager( 2195): System now ready
06-07 13:33:52.578 I/SystemServer( 2195): Making services ready
06-07 13:33:52.579 I/SystemServiceManager( 2195): Starting phase 550
06-07 13:33:53.279 W/art     ( 2195): Long monitor contention with owner main (2195) at int com.android.server.am.ActivityManagerService.bindService(android.app.IApplicationThread, android.os.IBinder, android.content.Intent, java.lang.String, android.app.IServiceConnection, int, java.lang.String, int)(ActivityManagerService.java:17301) waiters=1 in void com.android.server.am.ActivityManagerService.dispatchUidsChanged() for 547ms
06-07 13:33:53.281 W/WindowManager( 2195): Keyguard drawn timeout. Setting mKeyguardDrawComplete
06-07 13:33:53.337 E/InputMethodManagerService( 2195): Ignoring updateSystemUiLocked due to an invalid token. uid:1000 token:null
06-07 13:33:53.802 I/Zygote  ( 2195): Process: zygote socket opened, supported ABIS: x86_64
06-07 13:33:53.867 W/ActivityManager( 2195): Slow operation: 156ms so far, now at startProcess: returned from zygote!
06-07 13:33:53.868 W/ActivityManager( 2195): Slow operation: 157ms so far, now at startProcess: done updating battery stats
06-07 13:33:53.869 W/ActivityManager( 2195): Slow operation: 158ms so far, now at startProcess: building log message
06-07 13:33:53.869 I/ActivityManager( 2195): Start proc 2392:com.android.inputmethod.latin/u0a41 for service com.android.inputmethod.latin/.LatinIME
06-07 13:33:53.921 W/ActivityManager( 2195): Slow operation: 159ms so far, now at startProcess: starting to update pids map
06-07 13:33:53.922 W/ActivityManager( 2195): Slow operation: 210ms so far, now at startProcess: done updating pids map
06-07 13:33:53.922 W/ActivityManager( 2195): Slow operation: 223ms so far, now at startProcess: done starting proc!
06-07 13:33:53.922 W/art     ( 2195): Long monitor contention with owner main (2195) at int com.android.server.am.ActivityManagerService.bindService(android.app.IApplicationThread, android.os.IBinder, android.content.Intent, java.lang.String, android.app.IServiceConnection, int, java.lang.String, int)(ActivityManagerService.java:17301) waiters=0 in void com.android.server.am.ActivityManagerService.dispatchUidsChanged() for 211ms
06-07 13:33:53.924 V/InputMethodManagerService( 2195): Adding window token: android.os.Binder@954be2e
06-07 13:33:53.924 D/MountService( 2195): Thinking about init, mSystemReady=true, mDaemonConnected=true
06-07 13:33:53.925 D/MountService( 2195): Setting up emulation state, initlocked=false
06-07 13:33:53.926 D/CryptdConnector( 2195): SND -> {2 cryptfs unlock_user_key 0 0 ! !}
06-07 13:33:53.928 D/vold    ( 1269): e4crypt_unlock_user_key 0 serial=0 token_present=0
06-07 13:33:53.946 E/BitmapFactory( 2195): Unable to decode stream: java.io.FileNotFoundException: /data/system/users/0/wallpaper_orig (No such file or directory)
06-07 13:33:53.946 E/WallpaperManagerService( 2195): Invalid wallpaper data
06-07 13:33:53.946 E/WallpaperManagerService( 2195): Unable to apply new wallpaper
06-07 13:33:53.977 D/CryptdConnector( 2195): RCV <- {200 2 Command succeeded}
06-07 13:33:53.978 D/MountService( 2195): Thinking about reset, mSystemReady=true, mDaemonConnected=true
06-07 13:33:53.999 D/VoldConnector( 2195): SND -> {4 volume reset}
06-07 13:33:54.034 D/vold    ( 1269): Recognized experimental block major ID 253 as virtio-blk (emulator's virtual SD card device)
06-07 13:33:54.034 V/vold    ( 1269): /system/bin/sgdisk
06-07 13:33:54.035 V/vold    ( 1269):     --android-dump
06-07 13:33:54.035 V/vold    ( 1269):     /dev/block/vold/disk:253,48
06-07 13:33:54.037 D/VoldConnector( 2195): RCV <- {651 emulated 7}
06-07 13:33:54.038 D/VoldConnector( 2195): RCV <- {659 emulated}
06-07 13:33:54.039 D/VoldConnector( 2195): RCV <- {650 emulated 2 "" ""}
06-07 13:33:54.040 D/VoldConnector( 2195): RCV <- {651 emulated 0}
06-07 13:33:54.055 V/MountService( 2195): Found primary storage at VolumeInfo{emulated}:
06-07 13:33:54.055 V/MountService( 2195):     type=EMULATED diskId=null partGuid=null mountFlags=0 mountUserId=-1 
06-07 13:33:54.055 V/MountService( 2195):     state=UNMOUNTED 
06-07 13:33:54.055 V/MountService( 2195):     fsType=null fsUuid=null fsLabel=null 
06-07 13:33:54.055 V/MountService( 2195):     path=null internalPath=null 
06-07 13:33:54.056 D/VoldConnector( 2195): RCV <- {651 public:253,48 7}
06-07 13:33:54.057 D/VoldConnector( 2195): RCV <- {659 public:253,48}
06-07 13:33:54.057 D/VoldConnector( 2195): RCV <- {649 disk:253,48}
06-07 13:33:54.058 D/VoldConnector( 2195): RCV <- {640 disk:253,48 5}
06-07 13:33:54.059 D/VoldConnector( 2195): RCV <- {641 disk:253,48 549453824}
06-07 13:33:54.088 W/ActivityManager( 2195): Slow operation: 97ms so far, now at startProcess: returned from zygote!
06-07 13:33:54.088 W/ActivityManager( 2195): Slow operation: 98ms so far, now at startProcess: done updating battery stats
06-07 13:33:54.088 W/ActivityManager( 2195): Slow operation: 98ms so far, now at startProcess: building log message
06-07 13:33:54.088 I/ActivityManager( 2195): Start proc 2399:com.android.systemui/u0a21 for service com.android.systemui/.ImageWallpaper
06-07 13:33:54.089 W/ActivityManager( 2195): Slow operation: 98ms so far, now at startProcess: starting to update pids map
06-07 13:33:54.089 W/ActivityManager( 2195): Slow operation: 99ms so far, now at startProcess: done updating pids map
06-07 13:33:54.089 W/ActivityManager( 2195): Slow operation: 113ms so far, now at startProcess: done starting proc!
06-07 13:33:54.112 W/art     ( 2392): Unexpected CPU variant for X86 using defaults: x86_64
06-07 13:33:54.120 I/ActivityManager( 2195): Force stopping com.android.providers.media appid=10010 user=-1: vold reset
06-07 13:33:54.129 D/UsbAlsaManager( 2195): Adding ALSA device AlsaDevice: [card: 0, device: 0, type: 1]
06-07 13:33:54.129 D/UsbAlsaManager( 2195): Adding ALSA device AlsaDevice: [card: 0, device: 0, type: 2]
06-07 13:33:54.151 D/VoldConnector( 2195): RCV <- {642 disk:253,48 Virtual}
06-07 13:33:54.153 D/VoldConnector( 2195): RCV <- {644 disk:253,48 /sys//devices/pci0000:00/0000:00:06.0/virtio3/block/vdd}
06-07 13:33:54.157 I/SystemServer( 2195): WebViewFactory preparation
06-07 13:33:54.164 W/art     ( 2399): Unexpected CPU variant for X86 using defaults: x86_64
06-07 13:33:54.249 E/BluetoothAdapter( 2195): Bluetooth binder is null
06-07 13:33:54.277 D/WebViewFactory( 2195): Setting new address space to 114394000
06-07 13:33:54.316 E/BluetoothAdapter( 2195): Bluetooth binder is null
06-07 13:33:54.486 I/Zygote  ( 2195): Process: zygote socket opened, supported ABIS: x86
06-07 13:33:54.667 I/art     ( 1325): Starting a blocking GC Background
06-07 13:33:55.234 V/vold    ( 1269): DISK mbr
06-07 13:33:55.235 V/vold    ( 1269): 
06-07 13:33:55.260 I/art     ( 1325): Background concurrent mark sweep GC freed 114(16KB) AllocSpace objects, 0(0B) LOS objects, 39% free, 6MB/10MB, paused 1.643ms total 335.951ms
06-07 13:33:55.367 W/vold    ( 1269): disk:253,48 has unknown partition table; trying entire device
06-07 13:33:55.368 V/vold    ( 1269): /system/bin/blkid
06-07 13:33:55.368 V/vold    ( 1269):     -c
06-07 13:33:55.368 V/vold    ( 1269):     /dev/null
06-07 13:33:55.368 V/vold    ( 1269):     -s
06-07 13:33:55.368 V/vold    ( 1269):     TYPE
06-07 13:33:55.368 V/vold    ( 1269):     -s
06-07 13:33:55.368 V/vold    ( 1269):     UUID
06-07 13:33:55.368 V/vold    ( 1269):     -s
06-07 13:33:55.368 V/vold    ( 1269):     LABEL
06-07 13:33:55.369 V/vold    ( 1269):     /dev/block/vold/disk:253,48
06-07 13:33:55.741 W/ActivityManager( 2195): Slow operation: 1386ms so far, now at startProcess: returned from zygote!
06-07 13:33:55.743 W/ActivityManager( 2195): Slow operation: 1401ms so far, now at startProcess: done updating battery stats
06-07 13:33:55.745 W/ActivityManager( 2195): Slow operation: 1403ms so far, now at startProcess: building log message
06-07 13:33:55.746 I/ActivityManager( 2195): Start proc 2427:WebViewLoader-x86/1037 [android.webkit.WebViewFactory$RelroFileCreator] for 
06-07 13:33:55.746 W/ActivityManager( 2195): Slow operation: 1404ms so far, now at startProcess: starting to update pids map
06-07 13:33:55.747 W/ActivityManager( 2195): Slow operation: 1405ms so far, now at startProcess: done updating pids map
06-07 13:33:55.747 W/ActivityManager( 2195): Slow operation: 1405ms so far, now at startProcess: done starting proc!
06-07 13:33:55.753 W/art     ( 2195): Long monitor contention with owner main (2195) at int com.android.server.am.ActivityManagerService.startIsolatedProcess(java.lang.String, java.lang.String[], java.lang.String, java.lang.String, int, java.lang.Runnable)(ActivityManagerService.java:3509) waiters=0 in void com.android.server.am.ActivityManagerService.dispatchUidsChanged() for 1.406s
06-07 13:33:55.761 W/art     ( 2195): Long monitor contention with owner main (2195) at int com.android.server.am.ActivityManagerService.startIsolatedProcess(java.lang.String, java.lang.String[], java.lang.String, java.lang.String, int, java.lang.Runnable)(ActivityManagerService.java:3509) waiters=1 in java.lang.String com.android.server.am.ActivityManagerService.checkContentProviderAccess(java.lang.String, int) for 1.338s
06-07 13:33:55.994 W/art     ( 2427): Unexpected CPU variant for X86 using defaults: x86
06-07 13:33:56.044 W/art     ( 2432): Unexpected CPU variant for X86 using defaults: x86_64
06-07 13:33:56.133 W/ActivityManager( 2195): Slow operation: 373ms so far, now at startProcess: returned from zygote!
06-07 13:33:56.134 W/ActivityManager( 2195): Slow operation: 374ms so far, now at startProcess: done updating battery stats
06-07 13:33:56.134 W/ActivityManager( 2195): Slow operation: 374ms so far, now at startProcess: building log message
06-07 13:33:56.134 I/ActivityManager( 2195): Start proc 2432:WebViewLoader-x86_64/1037 [android.webkit.WebViewFactory$RelroFileCreator] for 
06-07 13:33:56.134 W/ActivityManager( 2195): Slow operation: 374ms so far, now at startProcess: starting to update pids map
06-07 13:33:56.134 W/ActivityManager( 2195): Slow operation: 374ms so far, now at startProcess: done updating pids map
06-07 13:33:56.134 W/ActivityManager( 2195): Slow operation: 376ms so far, now at startProcess: done starting proc!
06-07 13:33:56.135 W/art     ( 2195): Long monitor contention with owner main (2195) at int com.android.server.am.ActivityManagerService.startIsolatedProcess(java.lang.String, java.lang.String[], java.lang.String, java.lang.String, int, java.lang.Runnable)(ActivityManagerService.java:3509) waiters=2 in void com.android.server.am.ActivityManagerService.attachApplication(android.app.IApplicationThread) for 1.578s
06-07 13:33:56.320 W/art     ( 2195): Long monitor contention with owner main (2195) at int com.android.server.am.ActivityManagerService.startIsolatedProcess(java.lang.String, java.lang.String[], java.lang.String, java.lang.String, int, java.lang.Runnable)(ActivityManagerService.java:3509) waiters=3 in void com.android.server.am.ActivityManagerService.attachApplication(android.app.IApplicationThread) for 1.759s
06-07 13:33:56.340 W/art     ( 2195): Long monitor contention with owner main (2195) at int com.android.server.am.ActivityManagerService.startIsolatedProcess(java.lang.String, java.lang.String[], java.lang.String, java.lang.String, int, java.lang.Runnable)(ActivityManagerService.java:3509) waiters=2 in java.lang.String com.android.server.am.ActivityManagerService.checkContentProviderAccess(java.lang.String, int) for 578ms
06-07 13:33:56.358 I/AudioFlinger( 1326): systemReady
06-07 13:33:56.551 D/NetworkManagement( 2195): enabling bandwidth control
06-07 13:33:56.643 V/WebViewFactory( 2432): RelroFileCreator (64bit = true),  32-bit lib: /system/app/webview/webview.apk!/lib/x86/libwebviewchromium.so, 64-bit lib: /system/app/webview/webview.apk!/lib/x86_64/libwebviewchromium.so
06-07 13:33:56.610 V/WebViewFactory( 2427): RelroFileCreator (64bit = false),  32-bit lib: /system/app/webview/webview.apk!/lib/x86/libwebviewchromium.so, 64-bit lib: /system/app/webview/webview.apk!/lib/x86_64/libwebviewchromium.so
06-07 13:33:56.999 W/System  ( 2399): ClassLoader referenced unknown path: /system/priv-app/SystemUI/lib/x86_64
06-07 13:33:57.103 E/WVMExtractor( 2195): Failed to open libwvm.so: dlopen failed: library "libwvm.so" not found
06-07 13:33:57.713 I/MediaPlayerService( 1335): MediaPlayerService::getOMX
06-07 13:33:57.756 I/OMXClient( 1335): MuxOMX ctor
06-07 13:33:57.773 V/vold    ( 1269): /dev/block/vold/disk:253,48: LABEL="SDCARD" UUID="1EFF-1C1B" TYPE="vfat" 
06-07 13:33:57.773 V/vold    ( 1269): 
06-07 13:33:57.789 D/VoldConnector( 2195): RCV <- {650 public:253,48 0 "disk:253,48" ""}
06-07 13:33:57.819 D/VoldConnector( 2195): RCV <- {651 public:253,48 0}
06-07 13:33:57.836 I/MediaPlayerService( 1335): MediaPlayerService::getOMX
06-07 13:33:57.838 I/OMXClient( 1335): MuxOMX ctor
06-07 13:33:57.846 I/OMXMaster( 1331): makeComponentInstance(OMX.google.mp3.decoder) in mediacodec process
06-07 13:33:57.886 D/VoldConnector( 2195): RCV <- {643 disk:253,48}
06-07 13:33:57.890 D/VoldConnector( 2195): RCV <- {200 4 Command succeeded}
06-07 13:33:57.916 E/VoldConnector( 2195): NDC Command {4 volume reset} took too long (3917ms)
06-07 13:33:57.917 D/VoldConnector( 2195): SND -> {5 volume user_added 0 0}
06-07 13:33:57.923 D/VoldConnector( 2195): RCV <- {200 5 Command succeeded}
06-07 13:33:57.988 D/VoldConnector( 2195): SND -> {6 volume mount emulated 3 -1}
06-07 13:33:57.992 D/VoldConnector( 2195): RCV <- {651 emulated 1}
06-07 13:33:58.002 D/VoldConnector( 2195): RCV <- {656 emulated /data/media}
06-07 13:33:58.003 D/VoldConnector( 2195): RCV <- {655 emulated /storage/emulated}
06-07 13:33:58.031 V/vold    ( 1269): Waiting for FUSE to spin up...
06-07 13:33:58.081 V/vold    ( 1269): Waiting for FUSE to spin up...
06-07 13:33:58.140 V/vold    ( 1269): Waiting for FUSE to spin up...
06-07 13:33:58.141 W/art     ( 2195): Long monitor contention with owner android.bg (2226) at void java.io.FileDescriptor.sync()(FileDescriptor.java:-2) waiters=0 in void com.android.server.pm.ShortcutService.handleOnUidStateChanged(int, int) for 2.370s
06-07 13:33:58.191 V/vold    ( 1269): Waiting for FUSE to spin up...
06-07 13:33:58.249 V/vold    ( 1269): Waiting for FUSE to spin up...
06-07 13:33:58.300 V/vold    ( 1269): Waiting for FUSE to spin up...
06-07 13:33:58.351 V/vold    ( 1269): Waiting for FUSE to spin up...
06-07 13:33:58.409 V/vold    ( 1269): Waiting for FUSE to spin up...
06-07 13:33:58.468 V/vold    ( 1269): Waiting for FUSE to spin up...
06-07 13:33:58.520 V/vold    ( 1269): Waiting for FUSE to spin up...
06-07 13:33:58.571 V/vold    ( 1269): Waiting for FUSE to spin up...
06-07 13:33:58.630 V/vold    ( 1269): Waiting for FUSE to spin up...
06-07 13:33:58.682 V/vold    ( 1269): Waiting for FUSE to spin up...
06-07 13:33:58.740 V/vold    ( 1269): Waiting for FUSE to spin up...
06-07 13:33:58.801 V/vold    ( 1269): Waiting for FUSE to spin up...
06-07 13:33:58.853 V/vold    ( 1269): Waiting for FUSE to spin up...
06-07 13:33:58.905 V/vold    ( 1269): Waiting for FUSE to spin up...
06-07 13:33:58.957 V/vold    ( 1269): Waiting for FUSE to spin up...
06-07 13:33:58.971 W/sdcard  ( 2467): Device explicitly disabled sdcardfs
06-07 13:33:59.010 V/vold    ( 1269): Waiting for FUSE to spin up...
06-07 13:33:59.066 V/vold    ( 1269): Waiting for FUSE to spin up...
06-07 13:33:59.118 V/vold    ( 1269): Waiting for FUSE to spin up...
06-07 13:33:59.154 I/art     ( 2427): System.exit called, status: 0
06-07 13:33:59.191 I/AndroidRuntime( 2427): VM exiting with result code 0, cleanup skipped.
06-07 13:33:59.215 D/VoldConnector( 2195): RCV <- {651 emulated 2}
06-07 13:33:59.218 D/VoldConnector( 2195): RCV <- {200 6 Command succeeded}
06-07 13:33:59.219 E/VoldConnector( 2195): NDC Command {6 volume mount emulated 3 -1} took too long (1231ms)
06-07 13:33:59.224 D/VoldConnector( 2195): SND -> {7 volume mount public:253,48 2 0}
06-07 13:33:59.226 V/vold    ( 1269): /system/bin/blkid
06-07 13:33:59.226 V/vold    ( 1269):     -c
06-07 13:33:59.226 V/vold    ( 1269):     /dev/null
06-07 13:33:59.226 V/vold    ( 1269):     -s
06-07 13:33:59.226 V/vold    ( 1269):     TYPE
06-07 13:33:59.226 V/vold    ( 1269):     -s
06-07 13:33:59.226 V/vold    ( 1269):     UUID
06-07 13:33:59.226 V/vold    ( 1269):     -s
06-07 13:33:59.226 V/vold    ( 1269):     LABEL
06-07 13:33:59.226 V/vold    ( 1269):     /dev/block/vold/public:253,48
06-07 13:33:59.230 D/VoldConnector( 2195): RCV <- {651 public:253,48 1}
06-07 13:33:59.319 V/SystemUIService( 2399): Starting SystemUI services for user 0.
06-07 13:33:59.415 I/LatinIME( 2392): Hardware accelerated drawing: true
06-07 13:33:59.590 I/MediaPlayerService( 1335): MediaPlayerService::getOMX
06-07 13:33:59.592 I/OMXClient( 1335): MuxOMX ctor
06-07 13:33:59.593 I/OMXMaster( 1331): makeComponentInstance(OMX.google.amrnb.decoder) in mediacodec process
06-07 13:33:59.739 I/MediaPlayerService( 1335): MediaPlayerService::getOMX
06-07 13:33:59.844 I/OMXClient( 1335): MuxOMX ctor
06-07 13:33:59.845 I/OMXMaster( 1331): makeComponentInstance(OMX.google.amrwb.decoder) in mediacodec process
06-07 13:33:59.936 I/MediaPlayerService( 1335): MediaPlayerService::getOMX
06-07 13:33:59.970 I/OMXClient( 1335): MuxOMX ctor
06-07 13:33:59.971 I/OMXMaster( 1331): makeComponentInstance(OMX.google.aac.decoder) in mediacodec process
06-07 13:34:00.148 V/MediaRouter( 2399): Adding route: RouteInfo{ name=Phone, description=null, status=null, category=RouteCategory{ name=null types=ROUTE_TYPE_LIVE_AUDIO ROUTE_TYPE_LIVE_VIDEO  groupable=false }, supportedTypes=ROUTE_TYPE_LIVE_AUDIO ROUTE_TYPE_LIVE_VIDEO , presentationDisplay=null }
06-07 13:34:00.236 I/art     ( 2432): System.exit called, status: 0
06-07 13:34:00.237 I/AndroidRuntime( 2432): VM exiting with result code 0, cleanup skipped.
06-07 13:34:00.283 V/MediaRouter( 2399): Updating audio routes: AudioRoutesInfo{ type=SPEAKER }
06-07 13:34:00.295 V/MediaRouter( 2399): Selecting route: RouteInfo{ name=Phone, description=null, status=null, category=RouteCategory{ name=null types=ROUTE_TYPE_LIVE_AUDIO ROUTE_TYPE_LIVE_VIDEO  groupable=false }, supportedTypes=ROUTE_TYPE_LIVE_AUDIO ROUTE_TYPE_LIVE_VIDEO , presentationDisplay=null }
