06-07 13:35:12.704 W/art     ( 2195): Long monitor contention with owner android.display (2238) at void com.android.server.wm.WindowAnimator$1.doFrame(long)(WindowAnimator.java:144) waiters=2 in void com.android.server.wm.WindowManagerService.getInitialDisplaySize(int, android.graphics.Point) for 622ms
06-07 13:35:12.877 W/art     ( 2195): Long monitor contention with owner android.display (2238) at void com.android.server.wm.WindowAnimator$1.doFrame(long)(WindowAnimator.java:144) waiters=2 in void com.android.server.wm.WindowManagerService.startAppFreezingScreen(android.os.IBinder, int) for 552ms
06-07 13:35:13.004 W/art     ( 2195): Long monitor contention with owner android.display (2238) at void com.android.server.wm.WindowAnimator$1.doFrame(long)(WindowAnimator.java:144) waiters=2 in void com.android.server.wm.WindowManagerService.monitor() for 448ms
06-07 13:35:13.144 W/art     ( 2195): Long monitor contention with owner android.display (2238) at void com.android.server.wm.WindowAnimator$1.doFrame(long)(WindowAnimator.java:144) waiters=2 in void com.android.server.wm.WindowManagerService.getInitialDisplaySize(int, android.graphics.Point) for 440ms
06-07 13:35:13.294 W/art     ( 2195): Long monitor contention with owner android.display (2238) at void com.android.server.wm.WindowAnimator$1.doFrame(long)(WindowAnimator.java:144) waiters=2 in void com.android.server.wm.WindowManagerService.startAppFreezingScreen(android.os.IBinder, int) for 416ms
06-07 13:35:13.444 W/art     ( 2195): Long monitor contention with owner android.display (2238) at void com.android.server.wm.WindowAnimator$1.doFrame(long)(WindowAnimator.java:144) waiters=2 in void com.android.server.wm.WindowManagerService.monitor() for 439ms
06-07 13:35:13.594 W/art     ( 2195): Long monitor contention with owner android.display (2238) at void com.android.server.wm.WindowAnimator$1.doFrame(long)(WindowAnimator.java:144) waiters=2 in void com.android.server.wm.WindowManagerService.getInitialDisplaySize(int, android.graphics.Point) for 449ms
06-07 13:35:13.734 W/art     ( 2195): Long monitor contention with owner android.display (2238) at void com.android.server.wm.WindowAnimator$1.doFrame(long)(WindowAnimator.java:144) waiters=2 in void com.android.server.wm.WindowManagerService.startAppFreezingScreen(android.os.IBinder, int) for 440ms
06-07 13:35:13.897 W/art     ( 2195): Long monitor contention with owner android.display (2238) at void com.android.server.wm.WindowAnimator$1.doFrame(long)(WindowAnimator.java:144) waiters=2 in void com.android.server.wm.WindowManagerService.monitor() for 452ms
06-07 13:35:14.027 W/art     ( 2195): Long monitor contention with owner android.display (2238) at void com.android.server.wm.WindowAnimator$1.doFrame(long)(WindowAnimator.java:144) waiters=2 in void com.android.server.wm.WindowManagerService.getInitialDisplaySize(int, android.graphics.Point) for 432ms
06-07 13:35:14.192 W/art     ( 2195): Long monitor contention with owner android.display (2238) at void com.android.server.wm.WindowAnimator$1.doFrame(long)(WindowAnimator.java:144) waiters=2 in void com.android.server.wm.WindowManagerService.startAppFreezingScreen(android.os.IBinder, int) for 458ms
06-07 13:35:14.464 W/art     ( 2195): Long monitor contention with owner android.display (2238) at void com.android.server.wm.WindowAnimator$1.doFrame(long)(WindowAnimator.java:144) waiters=2 in void com.android.server.wm.WindowManagerService.getInitialDisplaySize(int, android.graphics.Point) for 436ms
06-07 13:35:14.628 W/art     ( 2195): Long monitor contention with owner android.display (2238) at void com.android.server.wm.WindowAnimator$1.doFrame(long)(WindowAnimator.java:144) waiters=2 in void com.android.server.wm.WindowManagerService.startAppFreezingScreen(android.os.IBinder, int) for 435ms
06-07 13:35:14.791 W/art     ( 2195): Long monitor contention with owner android.display (2238) at void com.android.server.wm.WindowAnimator$1.doFrame(long)(WindowAnimator.java:144) waiters=2 in void com.android.server.wm.WindowManagerService.monitor() for 478ms
06-07 13:35:14.904 W/art     ( 2195): Long monitor contention with owner android.display (2238) at void com.android.server.wm.WindowAnimator$1.doFrame(long)(WindowAnimator.java:144) waiters=2 in void com.android.server.wm.WindowManagerService.getInitialDisplaySize(int, android.graphics.Point) for 439ms
06-07 13:35:15.064 W/art     ( 2195): Long monitor contention with owner android.display (2238) at void com.android.server.wm.WindowAnimator$1.doFrame(long)(WindowAnimator.java:144) waiters=2 in void com.android.server.wm.WindowManagerService.startAppFreezingScreen(android.os.IBinder, int) for 435ms
06-07 13:35:15.209 W/art     ( 2195): Long monitor contention with owner android.display (2238) at void com.android.server.wm.WindowAnimator$1.doFrame(long)(WindowAnimator.java:144) waiters=2 in void com.android.server.wm.WindowManagerService.monitor() for 417ms
06-07 13:35:15.555 W/art     ( 2195): Long monitor contention with owner android.display (2238) at void com.android.server.wm.WindowAnimator$1.doFrame(long)(WindowAnimator.java:144) waiters=2 in void com.android.server.wm.WindowManagerService.getInitialDisplaySize(int, android.graphics.Point) for 650ms
06-07 13:35:15.568 W/art     ( 2195): Long monitor contention with owner android.display (2238) at void com.android.server.wm.WindowManagerService$H.handleMessage(android.os.Message)(WindowManagerService.java:8549) waiters=2 in void com.android.server.wm.WindowManagerService.monitor() for 358ms
06-07 13:35:15.737 W/art     ( 2195): Long monitor contention with owner Binder:2195_7 (2674) at void com.android.server.wm.WindowManagerService.continueSurfaceLayout()(WindowManagerService.java:5454) waiters=0 in void com.android.server.wm.WindowManagerService.monitor() for 169ms
06-07 13:35:15.783 W/art     ( 2195): Long monitor contention with owner Binder:2195_4 (2426) at android.content.pm.ParceledListSlice com.android.server.am.ActivityManagerService.getRecentTasks(int, int, int)(ActivityManagerService.java:9162) waiters=6 in com.android.server.am.ProcessRecord com.android.server.am.ActivityManagerService.findAppProcess(android.os.IBinder, java.lang.String) for 5.538s
06-07 13:35:15.784 W/art     ( 2195): Long monitor contention with owner Binder:2195_7 (2674) at void com.android.server.am.ActivityManagerService.attachApplication(android.app.IApplicationThread)(ActivityManagerService.java:6669) waiters=2 in void com.android.server.am.ActivityManagerService.trimApplications() for 5.373s
06-07 13:35:15.804 W/art     ( 2195): Long monitor contention with owner Binder:2195_7 (2674) at void com.android.server.am.ActivityManagerService.attachApplication(android.app.IApplicationThread)(ActivityManagerService.java:6669) waiters=3 in void com.android.server.am.ActivityManagerService.dispatchUidsChanged() for 5.358s
06-07 13:35:15.811 W/art     ( 2195): Long monitor contention with owner Binder:2195_7 (2674) at void com.android.server.am.ActivityManagerService.attachApplication(android.app.IApplicationThread)(ActivityManagerService.java:6669) waiters=4 in android.content.Intent com.android.server.am.ActivityManagerService.registerReceiver(android.app.IApplicationThread, java.lang.String, android.content.IIntentReceiver, android.content.IntentFilter, java.lang.String, int) for 5.222s
06-07 13:35:15.813 W/art     ( 2195): Long monitor contention with owner Binder:2195_7 (2674) at void com.android.server.am.ActivityManagerService.attachApplication(android.app.IApplicationThread)(ActivityManagerService.java:6669) waiters=5 in boolean com.android.server.am.ActivityManagerService.isUserRunning(int, int) for 5.200s
06-07 13:35:15.826 W/art     ( 2195): Long monitor contention with owner Binder:2195_7 (2674) at void com.android.server.am.ActivityManagerService.attachApplication(android.app.IApplicationThread)(ActivityManagerService.java:6669) waiters=8 in int com.android.server.am.ActivityManagerService.getLockTaskModeState() for 5.149s
06-07 13:35:15.827 W/art     ( 2195): Long monitor contention with owner Binder:2195_7 (2674) at void com.android.server.am.ActivityManagerService.attachApplication(android.app.IApplicationThread)(ActivityManagerService.java:6669) waiters=9 in int com.android.server.am.PendingIntentRecord.sendInner(int, android.content.Intent, java.lang.String, android.content.IIntentReceiver, java.lang.String, android.os.IBinder, java.lang.String, int, int, int, android.os.Bundle, android.app.IActivityContainer) for 4.753s
06-07 13:35:15.840 W/art     ( 2195): Long monitor contention with owner Binder:2195_7 (2674) at void com.android.server.am.ActivityManagerService.attachApplication(android.app.IApplicationThread)(ActivityManagerService.java:6669) waiters=10 in void com.android.server.am.ActivityManagerService$MainHandler.handleMessage(android.os.Message) for 3.570s
06-07 13:35:15.854 W/ActivityManager( 2195): Launch timeout has expired, giving up wake lock!
06-07 13:35:15.857 W/art     ( 2195): Long monitor contention with owner Binder:2195_7 (2674) at void com.android.server.am.ActivityManagerService.attachApplication(android.app.IApplicationThread)(ActivityManagerService.java:6669) waiters=11 in android.content.pm.UserInfo com.android.server.am.UserController.getCurrentUser() for 198ms
06-07 13:35:15.905 W/art     ( 2195): Long monitor contention with owner Binder:2195_7 (2674) at void com.android.server.am.ActivityManagerService.attachApplication(android.app.IApplicationThread)(ActivityManagerService.java:6669) waiters=6 in int com.android.server.am.ActivityManagerService.getAppStartMode(int, java.lang.String) for 5.291s
06-07 13:35:15.920 W/art     ( 2195): Long monitor contention with owner Binder:2195_7 (2674) at void com.android.server.am.ActivityManagerService.attachApplication(android.app.IApplicationThread)(ActivityManagerService.java:6669) waiters=6 in boolean com.android.server.am.ActivityManagerService.isUserRunning(int, int) for 5.307s
06-07 13:35:16.007 W/System  ( 2871): ClassLoader referenced unknown path: /system/app/Launcher3/lib/x86_64
06-07 13:35:16.056 W/art     ( 2195): Long monitor contention with owner Binder:2195_7 (2674) at void com.android.server.am.ActivityManagerService.attachApplication(android.app.IApplicationThread)(ActivityManagerService.java:6669) waiters=7 in int com.android.server.am.ActivityManagerService.bindService(android.app.IApplicationThread, android.os.IBinder, android.content.Intent, java.lang.String, android.app.IServiceConnection, int, java.lang.String, int) for 5.292s
06-07 13:35:16.097 W/art     ( 2195): Long monitor contention with owner Binder:2195_6 (2657) at int com.android.server.wm.WindowManagerService.relayoutWindow(com.android.server.wm.Session, android.view.IWindow, int, android.view.WindowManager$LayoutParams, int, int, int, int, android.graphics.Rect, android.graphics.Rect, android.graphics.Rect, android.graphics.Rect, android.graphics.Rect, android.graphics.Rect, android.graphics.Rect, android.content.res.Configuration, android.view.Surface)(WindowManagerService.java:2857) waiters=0 in void com.android.server.wm.WindowManagerService$H.handleMessage(android.os.Message) for 244ms
06-07 13:35:16.288 I/Choreographer( 2605): Skipped 43 frames!  The application may be doing too much work on its main thread.
06-07 13:35:16.383 W/art     ( 2195): Long monitor contention with owner Binder:2195_5 (2509) at int com.android.server.wm.WindowManagerService.relayoutWindow(com.android.server.wm.Session, android.view.IWindow, int, android.view.WindowManager$LayoutParams, int, int, int, int, android.graphics.Rect, android.graphics.Rect, android.graphics.Rect, android.graphics.Rect, android.graphics.Rect, android.graphics.Rect, android.graphics.Rect, android.content.res.Configuration, android.view.Surface)(WindowManagerService.java:2857) waiters=0 in void com.android.server.wm.WindowManagerService$H.handleMessage(android.os.Message) for 244ms
06-07 13:35:16.697 D/LauncherProvider( 2871): Launcher process started
06-07 13:35:16.854 W/ActivityManager( 2195): Slow operation: 216ms so far, now at startProcess: returned from zygote!
06-07 13:35:16.854 W/ActivityManager( 2195): Slow operation: 217ms so far, now at startProcess: done updating battery stats
06-07 13:35:16.855 W/ActivityManager( 2195): Slow operation: 217ms so far, now at startProcess: building log message
06-07 13:35:16.855 I/ActivityManager( 2195): Start proc 2923:com.android.deskclock/u0a31 for broadcast com.android.deskclock/.AlarmInitReceiver
06-07 13:35:16.855 W/ActivityManager( 2195): Slow operation: 218ms so far, now at startProcess: starting to update pids map
06-07 13:35:16.856 W/ActivityManager( 2195): Slow operation: 218ms so far, now at startProcess: done updating pids map
06-07 13:35:16.856 W/ActivityManager( 2195): Slow operation: 219ms so far, now at startProcess: done starting proc!
06-07 13:35:16.857 W/art     ( 2195): Long monitor contention with owner Binder:2195_9 (2885) at void com.android.server.am.BroadcastQueue.processNextBroadcast(boolean)(BroadcastQueue.java:760) waiters=1 in void com.android.server.am.ActivityManagerService.dispatchUidsChanged() for 219ms
06-07 13:35:17.073 W/art     ( 2923): Unexpected CPU variant for X86 using defaults: x86_64
06-07 13:35:17.095 V/Launcher( 2871): LauncherAppState inited
06-07 13:35:17.377 W/ActivityManager( 2195): Slow operation: 148ms so far, now at startProcess: returned from zygote!
06-07 13:35:17.377 W/ActivityManager( 2195): Slow operation: 148ms so far, now at startProcess: done updating battery stats
06-07 13:35:17.377 W/ActivityManager( 2195): Slow operation: 149ms so far, now at startProcess: building log message
06-07 13:35:17.377 I/ActivityManager( 2195): Start proc 2938:com.android.keychain/1000 for service com.android.keychain/.KeyChainService
06-07 13:35:17.377 W/ActivityManager( 2195): Slow operation: 149ms so far, now at startProcess: starting to update pids map
06-07 13:35:17.378 W/ActivityManager( 2195): Slow operation: 149ms so far, now at startProcess: done updating pids map
06-07 13:35:17.378 W/ActivityManager( 2195): Slow operation: 149ms so far, now at startProcess: done starting proc!
06-07 13:35:17.479 W/KeyguardUpdateMonitor( 2399): invalid subId in handleSimStateChange()
06-07 13:35:17.514 I/Choreographer( 2399): Skipped 97 frames!  The application may be doing too much work on its main thread.
06-07 13:35:17.517 W/art     ( 2938): Unexpected CPU variant for X86 using defaults: x86_64
06-07 13:35:17.863 W/System  ( 2938): ClassLoader referenced unknown path: /system/app/KeyChain/lib/x86_64
06-07 13:35:18.183 W/art     ( 2195): Long monitor contention with owner Binder:2195_3 (2317) at void com.android.server.am.ActivityManagerService.trimApplications()(ActivityManagerService.java:21356) waiters=0 in com.android.server.am.ProcessRecord com.android.server.am.ActivityManagerService.findAppProcess(android.os.IBinder, java.lang.String) for 123ms
06-07 13:35:18.624 W/System  ( 2923): ClassLoader referenced unknown path: /system/app/DeskClock/lib/x86_64
06-07 13:35:19.565 W/ActivityManager( 2195): Slow operation: 116ms so far, now at startProcess: returned from zygote!
06-07 13:35:19.565 W/ActivityManager( 2195): Slow operation: 117ms so far, now at startProcess: done updating battery stats
06-07 13:35:19.566 W/ActivityManager( 2195): Slow operation: 117ms so far, now at startProcess: building log message
06-07 13:35:19.566 I/ActivityManager( 2195): Start proc 2957:com.android.printspooler/u0a51 for service com.android.printspooler/.model.PrintSpoolerService
06-07 13:35:19.566 W/ActivityManager( 2195): Slow operation: 117ms so far, now at startProcess: starting to update pids map
06-07 13:35:19.566 W/ActivityManager( 2195): Slow operation: 117ms so far, now at startProcess: done updating pids map
06-07 13:35:19.566 W/ActivityManager( 2195): Slow operation: 126ms so far, now at startProcess: done starting proc!
06-07 13:35:19.569 W/art     ( 2195): Long monitor contention with owner android.bg (2226) at int com.android.server.am.ActivityManagerService.bindService(android.app.IApplicationThread, android.os.IBinder, android.content.Intent, java.lang.String, android.app.IServiceConnection, int, java.lang.String, int)(ActivityManagerService.java:17301) waiters=1 in void com.android.server.am.ActivityManagerService.dispatchUidsChanged() for 120ms
06-07 13:35:19.604 W/art     ( 2957): Unexpected CPU variant for X86 using defaults: x86_64
06-07 13:35:19.951 W/art     ( 2195): Long monitor contention with owner Binder:2195_1 (2214) at void com.android.server.am.ActivityManagerService.appendDropBoxProcessHeaders(com.android.server.am.ProcessRecord, java.lang.String, java.lang.StringBuilder)(ActivityManagerService.java:13756) waiters=0 in boolean com.android.server.am.ActivityManagerService.unbindService(android.app.IServiceConnection) for 197ms
06-07 13:35:19.958 I/Choreographer( 2871): Skipped 30 frames!  The application may be doing too much work on its main thread.
06-07 13:35:20.064 V/GridSizeMigrationTask( 2871): Workspace migration completed in 239
06-07 13:35:20.068 D/Launcher.Model( 2871): loadWorkspace: loading default favorites
06-07 13:35:20.397 W/art     ( 2195): Long monitor contention with owner Binder:2195_7 (2674) at int com.android.server.wm.WindowManagerService.relayoutWindow(com.android.server.wm.Session, android.view.IWindow, int, android.view.WindowManager$LayoutParams, int, int, int, int, android.graphics.Rect, android.graphics.Rect, android.graphics.Rect, android.graphics.Rect, android.graphics.Rect, android.graphics.Rect, android.graphics.Rect, android.content.res.Configuration, android.view.Surface)(WindowManagerService.java:2857) waiters=0 in void com.android.server.wm.WindowManagerService$H.handleMessage(android.os.Message) for 308ms
06-07 13:35:20.489 I/Choreographer( 2871): Skipped 30 frames!  The application may be doing too much work on its main thread.
06-07 13:35:20.589 D/gralloc_ranchu( 2871): Emulator without host-side GPU emulation detected. Loading gralloc.default.so from /vendor/lib64/hw/gralloc.goldfish.default.so...
06-07 13:35:20.612 D/gralloc_ranchu( 2871): gralloc.default.so not found in /vendor. Trying /system/lib64/hw/gralloc.goldfish.default.so...
06-07 13:35:21.285 W/art     ( 2195): Long monitor contention with owner android.display (2238) at void com.android.server.wm.WindowManagerService$H.handleMessage(android.os.Message)(WindowManagerService.java:8368) waiters=0 in void com.android.server.wm.WindowManagerService.finishDrawingWindow(com.android.server.wm.Session, android.view.IWindow) for 180ms
06-07 13:35:21.322 I/ActivityManager( 2195): Displayed com.android.launcher3/.Launcher: +15s444ms
06-07 13:35:21.552 I/BackupManagerService( 2195): Found stale backup journal, scheduling
06-07 13:35:21.681 W/art     ( 2195): Long monitor contention with owner Binder:2195_9 (2885) at void com.android.server.wm.WindowManagerService.removeWindow(com.android.server.wm.Session, android.view.IWindow)(WindowManagerService.java:2392) waiters=0 in void com.android.server.wm.WindowManagerService$H.handleMessage(android.os.Message) for 147ms
06-07 13:35:21.857 W/art     ( 2195): Suspending all threads took: 6.335ms
06-07 13:35:21.928 I/art     ( 2195): Background sticky concurrent mark sweep GC freed 37659(2MB) AllocSpace objects, 7(148KB) LOS objects, 26% free, 9MB/13MB, paused 8.944ms total 129.013ms
06-07 13:35:22.192 I/AlarmClock( 2923): AlarmInitReceiver android.intent.action.TIME_SET
06-07 13:35:22.564 I/art     ( 2923): Waiting for a blocking GC DisableMovingGc
06-07 13:35:22.573 I/art     ( 2923): Waiting for a blocking GC DisableMovingGc
06-07 13:35:22.577 I/art     ( 2923): WaitForGcToComplete blocked for 12.736ms for cause DisableMovingGc
06-07 13:35:22.577 I/art     ( 2923): Starting a blocking GC DisableMovingGc
06-07 13:35:22.694 I/art     ( 2923): WaitForGcToComplete blocked for 121.028ms for cause DisableMovingGc
06-07 13:35:22.694 I/art     ( 2923): Starting a blocking GC DisableMovingGc
06-07 13:35:22.912 D/WIFI    ( 2195): Registering NetworkFactory
06-07 13:35:22.921 D/ConnectivityService( 2195): Got NetworkFactory Messenger for WIFI
06-07 13:35:22.926 D/WIFI_UT ( 2195): Registering NetworkFactory
06-07 13:35:22.927 D/ConnectivityService( 2195): Got NetworkFactory Messenger for WIFI_UT
06-07 13:35:22.929 D/WIFI    ( 2195): got request NetworkRequest [ REQUEST id=1, [ Capabilities: INTERNET&NOT_RESTRICTED&TRUSTED&NOT_VPN] ] with score 0
06-07 13:35:22.930 D/WIFI_UT ( 2195): got request NetworkRequest [ REQUEST id=1, [ Capabilities: INTERNET&NOT_RESTRICTED&TRUSTED&NOT_VPN] ] with score 0
06-07 13:35:23.139 W/art     ( 2195): Long monitor contention with owner main (2195) at void com.android.server.am.BroadcastQueue.processNextBroadcast(boolean)(BroadcastQueue.java:760) waiters=1 in void com.android.server.am.ActivityManagerService$3.handleMessage(android.os.Message) for 216ms
06-07 13:35:23.163 I/AlarmClock( 2923): AlarmInitReceiver android.intent.action.LOCKED_BOOT_COMPLETED
06-07 13:35:23.195 V/AlarmClock( 2923): AlarmInitReceiver finished
06-07 13:35:23.625 D/AlarmClock/Events( 2923): [Stopwatch] [Reset] [Reboot]
06-07 13:35:23.746 V/AlarmClock( 2923): AlarmInitReceiver finished
06-07 13:35:23.827 W/art     ( 2978): Unexpected CPU variant for X86 using defaults: x86_64
06-07 13:35:23.842 W/ActivityManager( 2195): Slow operation: 108ms so far, now at startProcess: returned from zygote!
06-07 13:35:23.842 W/ActivityManager( 2195): Slow operation: 108ms so far, now at startProcess: done updating battery stats
06-07 13:35:23.842 W/ActivityManager( 2195): Slow operation: 109ms so far, now at startProcess: building log message
06-07 13:35:23.842 I/ActivityManager( 2195): Start proc 2978:android.process.media/u0a10 for broadcast com.android.providers.downloads/.DownloadReceiver
06-07 13:35:23.843 W/ActivityManager( 2195): Slow operation: 109ms so far, now at startProcess: starting to update pids map
06-07 13:35:23.843 W/ActivityManager( 2195): Slow operation: 109ms so far, now at startProcess: done updating pids map
06-07 13:35:23.843 W/ActivityManager( 2195): Slow operation: 110ms so far, now at startProcess: done starting proc!
06-07 13:35:24.345 W/ProcessCpuTracker( 2195): Skipping unknown process pid 2994
06-07 13:35:24.413 W/System  ( 2978): ClassLoader referenced unknown path: /system/priv-app/DownloadProvider/lib/x86_64
06-07 13:35:24.736 W/System  ( 2978): ClassLoader referenced unknown path: /system/priv-app/MediaProvider/lib/x86_64
06-07 13:35:24.743 D/ApplicationLoaders( 2978): ignored Vulkan layer search path /system/priv-app/MediaProvider/lib/x86_64:/system/priv-app/MediaProvider/MediaProvider.apk!/lib/x86_64:/system/lib64:/vendor/lib64 for namespace 0x73c8abc4f0f0
06-07 13:35:25.575 D/MediaScannerReceiver( 2978): action: android.intent.action.MEDIA_MOUNTED path: /storage/1EFF-1C1B
06-07 13:35:25.683 D/MediaScannerReceiver( 2978): action: android.intent.action.MEDIA_MOUNTED path: /storage/emulated/0
06-07 13:35:25.945 I/ActivityManager( 2195): Start proc 3008:com.android.dialer/u0a8 for broadcast com.android.dialer/.calllog.CallLogReceiver
06-07 13:35:25.972 W/art     ( 3008): Unexpected CPU variant for X86 using defaults: x86_64
06-07 13:35:26.011 I/RecoverySystem( 2195): No recovery log file
06-07 13:35:26.091 I/BootReceiver( 2195): Copying audit failures to DropBox
06-07 13:35:26.092 I/BootReceiver( 2195): Checking for fsck errors
06-07 13:35:26.172 W/System  ( 3008): ClassLoader referenced unknown path: /system/priv-app/Dialer/lib/x86_64
06-07 13:35:26.420 V/MediaScanner( 2978): pruneDeadThumbnailFiles... android.content.ContentProviderClient$CursorWrapperInner@212f3d8
06-07 13:35:26.425 V/MediaScanner( 2978): /pruneDeadThumbnailFiles... android.content.ContentProviderClient$CursorWrapperInner@212f3d8
06-07 13:35:26.781 V/MediaScanner( 2978): pruneDeadThumbnailFiles... android.content.ContentProviderClient$CursorWrapperInner@daf24c6
06-07 13:35:26.782 V/MediaScanner( 2978): /pruneDeadThumbnailFiles... android.content.ContentProviderClient$CursorWrapperInner@daf24c6
06-07 13:35:26.963 D/ExtensionsFactory( 3008): No custom extensions.
06-07 13:35:26.982 D/BlockedNumbersAuto( 3008): Not attempting auto-migrate: already checked once.
06-07 13:35:27.067 D/CarrierConfigLoader( 2589): mHandler: 13 phoneId: 0
06-07 13:35:27.068 D/CarrierConfigLoader( 2589): mHandler: 7 phoneId: 0
06-07 13:35:27.074 E/CarrierConfigLoader( 2589): Cannot restore config with null packageName or iccid.
06-07 13:35:27.075 D/CarrierConfigLoader( 2589): Binding to com.android.carrierconfig for phone 0
06-07 13:35:27.109 W/art     ( 3027): Unexpected CPU variant for X86 using defaults: x86_64
06-07 13:35:27.116 I/ActivityManager( 2195): Start proc 3027:com.android.calendar/u0a26 for broadcast com.android.calendar/.alerts.AlertReceiver
06-07 13:35:27.171 W/CountryDetector( 3008): No location permissions, not registering for location updates.
06-07 13:35:27.188 W/ActivityManager( 2195): Slow operation: 64ms so far, now at startProcess: returned from zygote!
06-07 13:35:27.188 W/ActivityManager( 2195): Slow operation: 65ms so far, now at startProcess: done updating battery stats
06-07 13:35:27.189 W/ActivityManager( 2195): Slow operation: 65ms so far, now at startProcess: building log message
06-07 13:35:27.189 I/ActivityManager( 2195): Start proc 3040:com.android.carrierconfig/u0a3 for service com.android.carrierconfig/.DefaultCarrierConfigService
06-07 13:35:27.189 W/ActivityManager( 2195): Slow operation: 65ms so far, now at startProcess: starting to update pids map
06-07 13:35:27.189 W/ActivityManager( 2195): Slow operation: 65ms so far, now at startProcess: done updating pids map
06-07 13:35:27.189 W/ActivityManager( 2195): Slow operation: 66ms so far, now at startProcess: done starting proc!
06-07 13:35:27.205 W/art     ( 3040): Unexpected CPU variant for X86 using defaults: x86_64
06-07 13:35:27.367 W/System  ( 3040): ClassLoader referenced unknown path: /system/priv-app/CarrierConfig/lib/x86_64
06-07 13:35:27.373 W/ActivityManager( 2195): Slow operation: 56ms so far, now at startProcess: returned from zygote!
06-07 13:35:27.373 W/ActivityManager( 2195): Slow operation: 57ms so far, now at startProcess: done updating battery stats
06-07 13:35:27.374 W/ActivityManager( 2195): Slow operation: 57ms so far, now at startProcess: building log message
06-07 13:35:27.374 I/ActivityManager( 2195): Start proc 3055:android.process.acore/u0a1 for content provider com.android.providers.contacts/.CallLogProvider
06-07 13:35:27.374 W/ActivityManager( 2195): Slow operation: 57ms so far, now at startProcess: starting to update pids map
06-07 13:35:27.374 W/ActivityManager( 2195): Slow operation: 57ms so far, now at startProcess: done updating pids map
06-07 13:35:27.374 W/ActivityManager( 2195): Slow operation: 58ms so far, now at startProcess: done starting proc!
06-07 13:35:27.374 W/ActivityManager( 2195): Slow operation: 65ms so far, now at getContentProviderImpl: after start process
06-07 13:35:27.375 W/ActivityManager( 2195): Slow operation: 65ms so far, now at getContentProviderImpl: updating data structures
06-07 13:35:27.375 W/ActivityManager( 2195): Slow operation: 65ms so far, now at getContentProviderImpl: done!
06-07 13:35:27.394 W/art     ( 3055): Unexpected CPU variant for X86 using defaults: x86_64
06-07 13:35:27.447 W/System  ( 3027): ClassLoader referenced unknown path: /system/app/Calendar/lib/x86_64
06-07 13:35:27.469 D/DefaultCarrierConfigService( 3040): Service created
06-07 13:35:27.482 D/CarrierConfigLoader( 2589): Connected to config app: com.android.carrierconfig/com.android.carrierconfig.DefaultCarrierConfigService
06-07 13:35:27.483 D/CarrierConfigLoader( 2589): mHandler: 3 phoneId: 0
06-07 13:35:27.487 D/DefaultCarrierConfigService( 3040): Config being fetched
06-07 13:35:27.490 D/DefaultCarrierConfigService( 3040): java.io.FileNotFoundException: carrier_config_.xml
06-07 13:35:27.531 E/CarrierConfigLoader( 2589): Cannot save config with null packageName or iccid.
06-07 13:35:27.556 D/CarrierConfigLoader( 2589): mHandler: 5 phoneId: 0
06-07 13:35:27.557 E/PhoneInterfaceManager( 2589): [PhoneIntfMgr] getCarrierPackageNamesForIntent: No UICC
06-07 13:35:27.614 I/Telecom ( 2195): PhoneAccountRegistrar: SimCallManager queried, returning: null: TSI.gSCMFU@AAc
06-07 13:35:27.647 W/System  ( 3055): ClassLoader referenced unknown path: /system/priv-app/ContactsProvider/lib/x86_64
06-07 13:35:28.107 D/ExtensionsFactory( 3027): No custom extensions.
06-07 13:35:28.141 D/AlertReceiver( 3027): onReceive: a=android.intent.action.BOOT_COMPLETED Intent { act=android.intent.action.BOOT_COMPLETED flg=0x9000010 cmp=com.android.calendar/.alerts.AlertReceiver (has extras) }
06-07 13:35:28.180 I/AlarmClock( 2923): AlarmInitReceiver android.intent.action.BOOT_COMPLETED
06-07 13:35:28.274 D/AlertUtils( 3027): Flushing old alerts from shared prefs table
06-07 13:35:28.287 D/AlertService( 3027): 0 Action = android.intent.action.BOOT_COMPLETED
06-07 13:35:28.292 I/ContactsPerf( 3055): VoicemailContentProvider.onCreate start
06-07 13:35:28.310 D/AlertService( 3027): Scheduling next alarm with AlarmScheduler. sEventReminderReceived: null
06-07 13:35:28.388 W/art     ( 3079): Unexpected CPU variant for X86 using defaults: x86_64
06-07 13:35:28.395 W/ActivityManager( 2195): Slow operation: 63ms so far, now at startProcess: returned from zygote!
06-07 13:35:28.395 W/ActivityManager( 2195): Slow operation: 63ms so far, now at startProcess: done updating battery stats
06-07 13:35:28.395 W/ActivityManager( 2195): Slow operation: 64ms so far, now at startProcess: building log message
06-07 13:35:28.396 I/ActivityManager( 2195): Start proc 3079:com.android.providers.calendar/u0a2 for content provider com.android.providers.calendar/.CalendarProvider2
06-07 13:35:28.396 W/ActivityManager( 2195): Slow operation: 64ms so far, now at startProcess: starting to update pids map
06-07 13:35:28.396 W/ActivityManager( 2195): Slow operation: 64ms so far, now at startProcess: done updating pids map
06-07 13:35:28.396 W/ActivityManager( 2195): Slow operation: 66ms so far, now at startProcess: done starting proc!
06-07 13:35:28.396 W/ActivityManager( 2195): Slow operation: 67ms so far, now at getContentProviderImpl: after start process
06-07 13:35:28.396 W/ActivityManager( 2195): Slow operation: 67ms so far, now at getContentProviderImpl: updating data structures
06-07 13:35:28.396 W/ActivityManager( 2195): Slow operation: 68ms so far, now at getContentProviderImpl: done!
06-07 13:35:28.450 I/ContactsPerf( 3055): VoicemailContentProvider.onCreate finish
06-07 13:35:28.529 W/System  ( 3055): ClassLoader referenced unknown path: /system/priv-app/BlockedNumberProvider/lib/x86_64
06-07 13:35:28.565 D/ApplicationLoaders( 3055): ignored Vulkan layer search path /system/priv-app/BlockedNumberProvider/lib/x86_64:/system/lib64:/vendor/lib64 for namespace 0x73c8abc4f0f0
06-07 13:35:28.588 W/art     ( 3094): Unexpected CPU variant for X86 using defaults: x86_64
06-07 13:35:28.593 W/ActivityManager( 2195): Slow operation: 52ms so far, now at startProcess: returned from zygote!
06-07 13:35:28.594 W/ActivityManager( 2195): Slow operation: 52ms so far, now at startProcess: done updating battery stats
06-07 13:35:28.594 W/ActivityManager( 2195): Slow operation: 52ms so far, now at startProcess: building log message
06-07 13:35:28.594 I/ActivityManager( 2195): Start proc 3094:com.android.email/u0a34 for broadcast com.android.email/.service.EmailBroadcastReceiver
06-07 13:35:28.594 W/ActivityManager( 2195): Slow operation: 52ms so far, now at startProcess: starting to update pids map
06-07 13:35:28.594 W/ActivityManager( 2195): Slow operation: 53ms so far, now at startProcess: done updating pids map
06-07 13:35:28.594 W/ActivityManager( 2195): Slow operation: 63ms so far, now at startProcess: done starting proc!
06-07 13:35:28.615 V/AlarmClock( 2923): AlarmInitReceiver finished
06-07 13:35:28.742 W/System  ( 3079): ClassLoader referenced unknown path: /system/priv-app/CalendarProvider/lib/x86_64
06-07 13:35:28.789 W/System  ( 3055): ClassLoader referenced unknown path: /system/app/UserDictionaryProvider/lib/x86_64
06-07 13:35:28.802 W/System  ( 3094): ClassLoader referenced unknown path: /system/app/Email/lib/x86_64
06-07 13:35:28.836 D/ApplicationLoaders( 3055): ignored Vulkan layer search path /system/app/UserDictionaryProvider/lib/x86_64:/system/lib64:/vendor/lib64 for namespace 0x73c8abc4f160
06-07 13:35:29.181 I/CalendarProvider2( 3079): Created com.android.providers.calendar.CalendarAlarmManager@5df8f54(com.android.providers.calendar.CalendarProvider2@cd3cefd)
06-07 13:35:29.417 D/AlarmScheduler( 3027): No events found starting within 1 week.
06-07 13:35:29.785 I/ContactLocale( 3055): AddressBook Labels [[en_US]]: [â€¦, A, B, C, D, E, F, G, H, I, J, K, L, M, N, O, P, Q, R, S, T, U, V, W, X, Y, Z, Î‘, Î’, Î“, Î”, Î•, Î–, Î—, Î˜, Î™, Îš, Î›, Îœ, Î, Îž, ÎŸ, Î , Î¡, Î£, Î¤, Î¥, Î¦, Î§, Î¨, Î©, â€¦, Ð, Ð‘, Ð’, Ð“, Ð”, Ð‚, Ð•, Ð„, Ð–, Ð—, Ð˜, Ð†, Ð™, Ðˆ, Ðš, Ð›, Ð‰, Ðœ, Ð, ÐŠ, Ðž, ÐŸ, Ð , Ð¡, Ð¢, Ð‹, Ð£, Ð¤, Ð¥, Ð¦, Ð§, Ð, Ð¨, Ð©, Ð®, Ð¯, â€¦, ×, ×‘, ×’, ×“, ×”, ×•, ×–, ×—, ×˜, ×™, ×›, ×œ, ×ž, × , ×¡, ×¢, ×¤, ×¦, ×§, ×¨, ×©, ×ª, â€¦, Ø§, Ø¨, Øª, Ø«, Ø¬, Ø­, Ø®, Ø¯, Ø°, Ø±, Ø², Ø³, Ø´, Øµ, Ø¶, Ø·, Ø¸, Ø¹, Øº, Ù, Ù‚, Ùƒ, Ù„, Ù…, Ù†, Ù‡, Ùˆ, ÙŠ, â€¦, à¸, à¸‚, à¸ƒ, à¸„, à¸…, à¸†, à¸‡, à¸ˆ, à¸‰, à¸Š, à¸‹, à¸Œ, à¸, à¸Ž, à¸, à¸, à¸‘, à¸’, à¸“, à¸”, à¸•, à¸–, à¸—, à¸˜, à¸™, à¸š, à¸›, à¸œ, à¸, à¸ž, à¸Ÿ, à¸ , à¸¡, à¸¢, à¸£, à¸¤, à¸¥, à¸¦, à¸§, à¸¨, à¸©, à¸ª, à¸«, à¸¬, à¸­, à¸®, â€¦, ã„±, ã„´, ã„·, ã„¹, ã…, ã…‚, ã……, ã…‡, ã…ˆ, ã…Š, ã…‹, ã…Œ, ã…, ã…Ž, â€¦, ã‚, ã‹, ã•, ãŸ, ãª, ã¯, ã¾, ã‚„, ã‚‰, ã‚, #, â€¦]
06-07 13:35:30.343 I/CalendarProvider2( 3079): Sending notification intent: Intent { act=android.intent.action.PROVIDER_CHANGED dat=content://com.android.calendar flg=0x20000000 }
06-07 13:35:30.346 W/ContentResolver( 3079): Failed to get type for: content://com.android.calendar (Unknown URL content://com.android.calendar)
06-07 13:35:30.458 W/ActivityManager( 2195): Unable to start service Intent { act=com.android.email.EXCHANGE_INTENT pkg=com.android.exchange } U=0: not found
06-07 13:35:30.507 D/ActivityThread( 3094): Loading provider com.android.email.provider;com.android.email.notifier: com.android.email.provider.EmailProvider
06-07 13:35:30.588 D/ActivityThread( 3094): Loading provider com.android.email.provider;com.android.email.notifier: com.android.email.provider.EmailProvider
06-07 13:35:30.596 W/ActivityManager( 2195): Unable to start service Intent { act=com.android.email.EXCHANGE_INTENT pkg=com.android.exchange } U=0: not found
06-07 13:35:30.603 W/ActivityManager( 2195): Unable to start service Intent { act=com.android.email.EXCHANGE_INTENT pkg=com.android.exchange } U=0: not found
06-07 13:35:30.895 I/SystemBroadcastReceiver( 2392): Boot has been completed
06-07 13:35:30.895 I/SystemBroadcastReceiver( 2392): toggleAppIcon() : FLAG_SYSTEM = true
06-07 13:35:30.916 W/ActivityManager( 2195): Unable to start service Intent { cmp=com.android.email/.service.AttachmentService } U=0: not found
06-07 13:35:30.939 W/ActivityManager( 2195): Unable to start service Intent { act=com.android.email.EXCHANGE_INTENT pkg=com.android.exchange } U=0: not found
06-07 13:35:31.063 W/ActivityManager( 2195): Slow operation: 53ms so far, now at startProcess: returned from zygote!
06-07 13:35:31.064 W/ActivityManager( 2195): Slow operation: 54ms so far, now at startProcess: done updating battery stats
06-07 13:35:31.064 W/ActivityManager( 2195): Slow operation: 55ms so far, now at startProcess: building log message
06-07 13:35:31.065 I/ActivityManager( 2195): Start proc 3119:com.android.managedprovisioning/u0a14 for broadcast com.android.managedprovisioning/.BootReminder
06-07 13:35:31.065 W/ActivityManager( 2195): Slow operation: 55ms so far, now at startProcess: starting to update pids map
06-07 13:35:31.065 W/ActivityManager( 2195): Slow operation: 55ms so far, now at startProcess: done updating pids map
06-07 13:35:31.065 W/ActivityManager( 2195): Slow operation: 57ms so far, now at startProcess: done starting proc!
06-07 13:35:31.070 W/ActivityManager( 2195): Unable to start service Intent { act=com.android.email.EXCHANGE_INTENT pkg=com.android.exchange } U=0: not found
06-07 13:35:31.082 W/ActivityManager( 2195): Unable to start service Intent { cmp=com.android.email/.service.AttachmentService } U=0: not found
06-07 13:35:31.118 W/art     ( 3119): Unexpected CPU variant for X86 using defaults: x86_64
06-07 13:35:31.144 W/ActivityManager( 2195): Unable to start service Intent { act=com.android.email.EXCHANGE_INTENT pkg=com.android.exchange } U=0: not found
06-07 13:35:31.193 E/ActivityThread( 3094): Service com.android.email.service.EmailBroadcastProcessorService has leaked ServiceConnection com.android.emailcommon.service.ServiceProxy$ProxyConnection@f8ab769 that was originally bound here
06-07 13:35:31.193 E/ActivityThread( 3094): android.app.ServiceConnectionLeaked: Service com.android.email.service.EmailBroadcastProcessorService has leaked ServiceConnection com.android.emailcommon.service.ServiceProxy$ProxyConnection@f8ab769 that was originally bound here
06-07 13:35:31.193 E/ActivityThread( 3094): 	at android.app.LoadedApk$ServiceDispatcher.<init>(LoadedApk.java:1336)
06-07 13:35:31.193 E/ActivityThread( 3094): 	at android.app.LoadedApk.getServiceDispatcher(LoadedApk.java:1231)
06-07 13:35:31.193 E/ActivityThread( 3094): 	at android.app.ContextImpl.bindServiceCommon(ContextImpl.java:1450)
06-07 13:35:31.193 E/ActivityThread( 3094): 	at android.app.ContextImpl.bindService(ContextImpl.java:1422)
06-07 13:35:31.193 E/ActivityThread( 3094): 	at android.content.ContextWrapper.bindService(ContextWrapper.java:636)
06-07 13:35:31.193 E/ActivityThread( 3094): 	at com.android.emailcommon.service.ServiceProxy.setTask(ServiceProxy.java:181)
06-07 13:35:31.193 E/ActivityThread( 3094): 	at com.android.emailcommon.service.ServiceProxy.test(ServiceProxy.java:224)
06-07 13:35:31.193 E/ActivityThread( 3094): 	at com.android.email.service.EmailServiceUtils.isServiceAvailable(EmailServiceUtils.java:160)
06-07 13:35:31.193 E/ActivityThread( 3094): 	at com.android.email.provider.AccountReconciler.reconcileAccountsInternal(AccountReconciler.java:171)
06-07 13:35:31.193 E/ActivityThread( 3094): 	at com.android.email.provider.AccountReconciler.reconcileAccounts(AccountReconciler.java:115)
06-07 13:35:31.193 E/ActivityThread( 3094): 	at com.android.email.service.EmailBroadcastProcessorService.reconcileAndStartServices(EmailBroadcastProcessorService.java:305)
06-07 13:35:31.193 E/ActivityThread( 3094): 	at com.android.email.service.EmailBroadcastProcessorService.onBootCompleted(EmailBroadcastProcessorService.java:295)
06-07 13:35:31.193 E/ActivityThread( 3094): 	at com.android.email.service.EmailBroadcastProcessorService.onHandleIntent(EmailBroadcastProcessorService.java:130)
06-07 13:35:31.193 E/ActivityThread( 3094): 	at android.app.IntentService$ServiceHandler.handleMessage(IntentService.java:68)
06-07 13:35:31.193 E/ActivityThread( 3094): 	at android.os.Handler.dispatchMessage(Handler.java:102)
06-07 13:35:31.193 E/ActivityThread( 3094): 	at android.os.Looper.loop(Looper.java:154)
06-07 13:35:31.193 E/ActivityThread( 3094): 	at android.os.HandlerThread.run(HandlerThread.java:61)
06-07 13:35:31.194 W/ActivityManager( 2195): Unbind failed: could not find connection for android.os.BinderProxy@5a36d02
06-07 13:35:31.274 W/ActivityManager( 2195): Unable to start service Intent { act=com.android.email.EXCHANGE_INTENT pkg=com.android.exchange } U=0: not found
06-07 13:35:31.412 I/Email   ( 3094): Observing account changes for notifications
06-07 13:35:31.420 W/ActivityManager( 2195): Unable to start service Intent { cmp=com.android.email/.service.AttachmentService } U=0: not found
06-07 13:35:31.478 W/ActivityManager( 2195): Unable to start service Intent { act=com.android.email.EXCHANGE_INTENT pkg=com.android.exchange } U=0: not found
06-07 13:35:31.482 W/System  ( 3119): ClassLoader referenced unknown path: /system/priv-app/ManagedProvisioning/lib/x86_64
06-07 13:35:31.611 I/ActivityManager( 2195): Start proc 3134:com.android.messaging/u0a54 for broadcast com.android.messaging/.receiver.BootAndPackageReplacedReceiver
06-07 13:35:31.639 W/art     ( 3134): Unexpected CPU variant for X86 using defaults: x86_64
06-07 13:35:31.726 W/System  ( 3134): ClassLoader referenced unknown path: /system/app/messaging/lib/x86_64
06-07 13:35:32.959 V/VvmBootCompletedRcvr( 2589): processing subId list
06-07 13:35:32.972 I/MessagingApp( 3134): Carrier config changed. Reloading MMS config.
06-07 13:35:32.999 E/VvmBootCompletedRcvr( 2589): phone account ComponentInfo{com.android.phone/com.android.services.telephony.TelephonyConnectionService}, [e2f7d48dd2b5ca523e7313cf4ba0f6ea830b6281], UserHandle{0} has invalid subId -1
06-07 13:35:33.123 I/MessagingAppDataModel( 3134): Fixup: Send failed - 0 Download failed - 0
06-07 13:35:33.529 I/art     ( 2195): Background partial concurrent mark sweep GC freed 17442(1556KB) AllocSpace objects, 17(784KB) LOS objects, 29% free, 9MB/13MB, paused 8.979ms total 173.808ms
06-07 13:35:33.575 I/VvmSimChangeReceiver( 2589): Received SIM change for invalid subscription id.
06-07 13:35:33.606 D/AlertReceiver( 3027): onReceive: a=android.intent.action.PROVIDER_CHANGED Intent { act=android.intent.action.PROVIDER_CHANGED dat=content://com.android.calendar flg=0x20000010 cmp=com.android.calendar/.alerts.AlertReceiver }
06-07 13:35:33.635 D/AlertService( 3027): 0 Action = android.intent.action.PROVIDER_CHANGED
06-07 13:35:33.645 I/MessagingAppDataModel( 3134): SyncMessagesAction: Starting batch for messages from 1616676894217 to 1623072932862 (message update limit = 80, message scan limit = 4000)
06-07 13:35:33.788 W/art     ( 3094): Suspending all threads took: 26.198ms
06-07 13:35:34.469 I/MessagingAppDataModel( 3134): SyncMessagesAction: All messages now in sync
06-07 13:35:35.558 W/MediaScanner( 2978): Error opening directory '/oem/media/', skipping: No such file or directory.
06-07 13:35:35.786 V/MediaScanner( 2978): pruneDeadThumbnailFiles... android.content.ContentProviderClient$CursorWrapperInner@aa8069e
06-07 13:35:35.787 V/MediaScanner( 2978): /pruneDeadThumbnailFiles... android.content.ContentProviderClient$CursorWrapperInner@aa8069e
06-07 13:35:38.696 I/GlobalDismissManager( 3027): no sender configured
06-07 13:35:38.697 D/AlertService( 3027): Beginning updateAlertNotification
06-07 13:35:38.733 D/AlertService( 3027): No fired or scheduled alerts
06-07 13:35:38.769 D/AlertService( 3027): Scheduling next alarm with AlarmScheduler. sEventReminderReceived: null
06-07 13:35:38.800 D/AlarmScheduler( 3027): No events found starting within 1 week.
06-07 13:35:43.315 I/ActivityManager( 2195): Waited long enough for: ServiceRecord{a0d0a9e u0 com.android.calendar/.alerts.InitAlarmsService}
06-07 13:35:58.701 D/InitAlarmsService( 3027): Clearing and rescheduling alarms.
06-07 13:36:10.320 W//sbin/adbd( 1323): type=1400 audit(0.0:16): avc: denied { search } for comm=7365727669636520363233 name="security" dev="vdc" ino=35203 scontext=u:r:adbd:s0 tcontext=u:object_r:security_file:s0 tclass=dir permissive=0
06-07 13:37:00.974 D/AndroidRuntime( 3170): >>>>>> START com.android.internal.os.RuntimeInit uid 2000 <<<<<<
06-07 13:37:00.997 D/AndroidRuntime( 3170): CheckJNI is ON
06-07 13:37:01.339 W/art     ( 3170): Unexpected CPU variant for X86 using defaults: x86_64
06-07 13:37:01.384 D/ICU     ( 3170): No timezone override file found: /data/misc/zoneinfo/current/icu/icu_tzdata.dat
06-07 13:37:01.552 E/memtrack( 3170): Couldn't load memtrack module (No such file or directory)
06-07 13:37:01.552 E/android.os.Debug( 3170): failed to load memtrack module: -2
06-07 13:37:01.558 I/Radio-JNI( 3170): register_android_hardware_Radio DONE
06-07 13:37:01.670 D/AndroidRuntime( 3170): Calling main entry com.android.commands.pm.Pm
06-07 13:37:01.775 I/        ( 1329): free_cache(132245955) avail 809418752
06-07 13:37:18.465 I/ActivityManager( 2195): Start proc 3180:com.android.defcontainer/u0a7 for service com.android.defcontainer/.DefaultContainerService
06-07 13:37:18.485 W/art     ( 3180): Unexpected CPU variant for X86 using defaults: x86_64
06-07 13:37:19.112 I/PackageManager.DexOptimizer( 2195): Running dexopt (dex2oat) on: /data/app/vmdl104696551.tmp/base.apk pkg=jp.jaxa.iss.kibo.rpc.sampleapk isa=x86_64 vmSafeMode=false debuggable=true target-filter=interpret-only oatDir = /data/app/vmdl104696551.tmp/oat sharedLibraries=null
06-07 13:37:19.496 W/dex2oat ( 3195): Unexpected CPU variant for X86 using defaults: x86_64
06-07 13:37:19.524 I/dex2oat ( 3195): /system/bin/dex2oat --compiler-filter=interpret-only --debuggable
06-07 13:37:22.273 W/dex2oat ( 3195): Before Android 4.1, method int android.support.v7.widget.ListViewCompat.lookForSelectablePosition(int, boolean) would have incorrectly overridden the package-private method in android.widget.ListView
06-07 13:37:22.943 W/dex2oat ( 3195): Before Android 4.1, method android.graphics.PorterDuffColorFilter android.support.graphics.drawable.VectorDrawableCompat.updateTintFilter(android.graphics.PorterDuffColorFilter, android.content.res.ColorStateList, android.graphics.PorterDuff$Mode) would have incorrectly overridden the package-private method in android.graphics.drawable.Drawable
06-07 13:37:31.634 W/dex2oat ( 3195): Compilation of java.lang.String org.opencv.android.StaticHelper.getLibraryList() took 179.599ms
06-07 13:37:31.641 W/dex2oat ( 3195): Compilation of void org.opencv.android.Utils.nBitmapToMat2(android.graphics.Bitmap, long, boolean) took 184.720ms
06-07 13:37:34.308 I/dex2oat ( 3195): dex2oat took 14.848s (threads: 2) arena alloc=498KB (510352B) java alloc=7MB (7512144B) native alloc=15MB (16218176B) free=3MB (3704768B)
06-07 13:37:34.599 D/installd( 1329): Detected label change from u:object_r:system_data_file:s0 to u:object_r:app_data_file:s0:c512,c768 at /data/data/jp.jaxa.iss.kibo.rpc.sampleapk; running recursive restorecon
06-07 13:37:34.612 D/installd( 1329): Detected label change from u:object_r:system_data_file:s0 to u:object_r:app_data_file:s0:c512,c768 at /data/user_de/0/jp.jaxa.iss.kibo.rpc.sampleapk; running recursive restorecon
06-07 13:37:34.624 V/BackupManagerService( 2195): restoreAtInstall pkg=jp.jaxa.iss.kibo.rpc.sampleapk token=1 restoreSet=0
06-07 13:37:34.628 W/BackupManagerService( 2195): Requested unavailable transport: android/com.android.internal.backup.LocalTransport
06-07 13:37:34.629 W/BackupManagerService( 2195): No transport
06-07 13:37:34.630 V/BackupManagerService( 2195): Finishing install immediately
06-07 13:37:34.684 D/VoldConnector( 2195): SND -> {9 volume remount_uid 10064 default}
06-07 13:37:34.716 D/vold    ( 1269): Remounting 10064 as mode default
06-07 13:37:34.752 D/VoldConnector( 2195): RCV <- {200 9 Command succeeded}
06-07 13:37:34.756 D/VoldConnector( 2195): SND -> {10 volume remount_uid 10064 write}
06-07 13:37:34.758 D/vold    ( 1269): Remounting 10064 as mode write
06-07 13:37:34.772 D/VoldConnector( 2195): RCV <- {200 10 Command succeeded}
06-07 13:37:34.785 I/GnssLocationProvider( 2195): WakeLock acquired by sendMessage(3, 0, com.android.server.location.GnssLocationProvider$GpsRequest@693272d)
06-07 13:37:34.806 I/art     ( 2195): Starting a blocking GC Explicit
06-07 13:37:34.808 I/GnssLocationProvider( 2195): WakeLock acquired by sendMessage(3, 0, com.android.server.location.GnssLocationProvider$GpsRequest@c659462)
06-07 13:37:34.809 I/GnssLocationProvider( 2195): WakeLock acquired by sendMessage(3, 0, com.android.server.location.GnssLocationProvider$GpsRequest@4239f3)
06-07 13:37:34.814 I/GnssLocationProvider( 2195): WakeLock released by handleMessage(3, 0, com.android.server.location.GnssLocationProvider$GpsRequest@693272d)
06-07 13:37:34.815 I/GnssLocationProvider( 2195): WakeLock released by handleMessage(3, 0, com.android.server.location.GnssLocationProvider$GpsRequest@c659462)
06-07 13:37:34.817 I/GnssLocationProvider( 2195): WakeLock released by handleMessage(3, 0, com.android.server.location.GnssLocationProvider$GpsRequest@4239f3)
06-07 13:37:34.915 I/art     ( 2195): Explicit concurrent mark sweep GC freed 25444(1578KB) AllocSpace objects, 14(340KB) LOS objects, 29% free, 9MB/13MB, paused 1.457ms total 98.763ms
06-07 13:37:34.931 E/        ( 1329): Couldn't opendir /data/app/vmdl104696551.tmp: No such file or directory
06-07 13:37:35.098 W/ActivityManager( 2195): Slow operation: 76ms so far, now at startProcess: returned from zygote!
06-07 13:37:35.098 W/ActivityManager( 2195): Slow operation: 76ms so far, now at startProcess: done updating battery stats
06-07 13:37:35.098 W/ActivityManager( 2195): Slow operation: 77ms so far, now at startProcess: building log message
06-07 13:37:35.099 I/ActivityManager( 2195): Start proc 3198:com.android.gallery3d/u0a39 for broadcast com.android.gallery3d/.app.PackagesMonitor
06-07 13:37:35.099 W/ActivityManager( 2195): Slow operation: 77ms so far, now at startProcess: starting to update pids map
06-07 13:37:35.099 W/ActivityManager( 2195): Slow operation: 77ms so far, now at startProcess: done updating pids map
06-07 13:37:35.099 W/ActivityManager( 2195): Slow operation: 94ms so far, now at startProcess: done starting proc!
06-07 13:37:35.147 W/art     ( 3198): Unexpected CPU variant for X86 using defaults: x86_64
06-07 13:37:35.171 I/InputReader( 2195): Reconfiguring input devices.  changes=0x00000010
06-07 13:37:35.186 I/art     ( 3170): System.exit called, status: 0
06-07 13:37:35.186 I/AndroidRuntime( 3170): VM exiting with result code 0.
06-07 13:37:35.337 E/PhoneInterfaceManager( 2589): [PhoneIntfMgr] getCarrierPackageNamesForIntent: No UICC
06-07 13:37:35.338 D/CarrierSvcBindHelper( 2589): No carrier app for: 0
06-07 13:37:35.353 D/CarrierConfigLoader( 2589): mHandler: 9 phoneId: 0
