--------- beginning of main
05-02 03:10:38.920 W/auditd  ( 1265): type=2000 audit(0.0:1): initialized
05-02 03:10:41.620 I/auditd  ( 1265): type=1403 audit(0.0:2): policy loaded auid=4294967295 ses=4294967295
05-02 03:10:41.630 W/auditd  ( 1265): type=1404 audit(0.0:3): enforcing=1 old_enforcing=0 auid=4294967295 ses=4294967295
05-02 03:10:47.340 W/init    (    1): type=1400 audit(0.0:4): avc: denied { write } for name="tracing_on" dev="debugfs" ino=28 scontext=u:r:init:s0 tcontext=u:object_r:debugfs:s0 tclass=file permissive=0
05-02 03:10:48.772 I/        ( 1267): debuggerd: starting
--------- beginning of system
05-02 03:10:49.099 I/vold    ( 1268): Vold 3.0 (the awakening) firing up
05-02 03:10:49.103 V/vold    ( 1268): Detected support for: ext4 vfat
05-02 03:10:49.409 D/vold    ( 1268): Recognized experimental block major ID 253 as virtio-blk (emulator's virtual SD card device)
05-02 03:10:49.412 V/vold    ( 1268): /system/bin/sgdisk
05-02 03:10:49.413 V/vold    ( 1268):     --android-dump
05-02 03:10:49.413 V/vold    ( 1268):     /dev/block/vold/disk:253,48
05-02 03:10:49.493 D/vold    ( 1268): e4crypt_init_user0
05-02 03:10:49.493 D/vold    ( 1268): e4crypt_prepare_user_storage for volume null, user 0, serial 0, flags 1
05-02 03:10:49.494 D/vold    ( 1268): Preparing: /data/system/users/0
05-02 03:10:49.499 D/vold    ( 1268): Preparing: /data/misc/profiles/cur/0
05-02 03:10:49.506 D/vold    ( 1268): Preparing: /data/misc/profiles/cur/0/foreign-dex
05-02 03:10:49.506 D/vold    ( 1268): Preparing: /data/system_de/0
05-02 03:10:49.507 D/vold    ( 1268): Preparing: /data/misc_de/0
05-02 03:10:49.508 D/vold    ( 1268): Preparing: /data/user_de/0
05-02 03:10:49.509 D/vold    ( 1268): e4crypt_unlock_user_key 0 serial=0 token_present=0
05-02 03:10:49.521 I/vdc     (    1): 200 1274 Command succeeded
05-02 03:10:49.617 I/        ( 1266): debuggerd: starting
05-02 03:10:49.831 I//system/bin/tzdatacheck( 1311): tzdata file /data/misc/zoneinfo/current/tzdata does not exist. No action required.
05-02 03:10:49.895 V/vold    ( 1268): DISK mbr
05-02 03:10:49.895 V/vold    ( 1268): 
05-02 03:10:49.905 W/vold    ( 1268): disk:253,48 has unknown partition table; trying entire device
05-02 03:10:49.905 V/vold    ( 1268): /system/bin/blkid
05-02 03:10:49.905 V/vold    ( 1268):     -c
05-02 03:10:49.905 V/vold    ( 1268):     /dev/null
05-02 03:10:49.905 V/vold    ( 1268):     -s
05-02 03:10:49.905 V/vold    ( 1268):     TYPE
05-02 03:10:49.905 V/vold    ( 1268):     -s
05-02 03:10:49.905 V/vold    ( 1268):     UUID
05-02 03:10:49.906 V/vold    ( 1268):     -s
05-02 03:10:49.906 V/vold    ( 1268):     LABEL
05-02 03:10:49.906 V/vold    ( 1268):     /dev/block/vold/disk:253,48
05-02 03:10:50.510 W/mediacodec( 1330): type=1400 audit(0.0:5): avc: denied { getattr } for path="/vendor" dev="rootfs" ino=2986 scontext=u:r:mediacodec:s0 tcontext=u:object_r:rootfs:s0 tclass=lnk_file permissive=0
05-02 03:10:50.530 W/mediadrmserver( 1331): type=1400 audit(0.0:6): avc: denied { getattr } for path="/vendor" dev="rootfs" ino=2986 scontext=u:r:mediadrmserver:s0 tcontext=u:object_r:rootfs:s0 tclass=lnk_file permissive=0
05-02 03:10:50.600 W/audioserver( 1325): type=1400 audit(0.0:7): avc: denied { getattr } for path="/vendor" dev="rootfs" ino=2986 scontext=u:r:audioserver:s0 tcontext=u:object_r:rootfs:s0 tclass=lnk_file permissive=0
05-02 03:10:50.757 V/vold    ( 1268): /dev/block/vold/disk:253,48: LABEL="SDCARD" UUID="1EFF-1C1B" TYPE="vfat" 
05-02 03:10:50.757 V/vold    ( 1268): 
05-02 03:10:50.940 W/cameraserver( 1326): type=1400 audit(0.0:8): avc: denied { getattr } for path="/vendor" dev="rootfs" ino=2986 scontext=u:r:cameraserver:s0 tcontext=u:object_r:rootfs:s0 tclass=lnk_file permissive=0
05-02 03:10:51.128 I/qemu-props( 1317): connected to 'boot-properties' qemud service.
05-02 03:10:51.129 I/qemu-props( 1317): receiving..
05-02 03:10:51.129 I/qemu-props( 1317): received: qemu.cmdline=androidboot.logcat=v:* androidboot.consolepipe=qemu_pipe,pipe:logcat
05-02 03:10:51.146 I/qemu-props( 1317): receiving..
05-02 03:10:51.147 I/qemu-props( 1317): received: qemu.logcat=start
05-02 03:10:51.148 I/qemu-props( 1317): receiving..
05-02 03:10:51.148 I/qemu-props( 1317): received: ro.opengles.version=131072
05-02 03:10:51.163 I/qemu-props( 1317): receiving..
05-02 03:10:51.163 I/qemu-props( 1317): received: qemu.sf.fake_camera=back
05-02 03:10:51.172 I/qemu-props( 1317): receiving..
05-02 03:10:51.172 I/qemu-props( 1317): received: dalvik.vm.heapsize=256m
05-02 03:10:51.185 I/qemu-props( 1317): receiving..
05-02 03:10:51.185 I/qemu-props( 1317): received: qemu.hw.mainkeys=0
05-02 03:10:51.186 I/qemu-props( 1317): receiving..
05-02 03:10:51.186 I/qemu-props( 1317): received: qemu.sf.lcd_density=480
05-02 03:10:51.187 I/qemu-props( 1317): receiving..
05-02 03:10:51.187 I/qemu-props( 1317): received: qemu.timezone=Etc/UTC
05-02 03:10:51.189 I/qemu-props( 1317): receiving..
05-02 03:10:51.189 I/qemu-props( 1317): exiting (8 properties set).
05-02 03:10:51.287 I/lowmemorykiller( 1318): Using in-kernel low memory killer interface
05-02 03:10:51.701 I/        ( 1328): installd firing up
05-02 03:10:52.038 I/keystore( 1329): Found keymaster0 module Keymaster OpenSSL HAL, version 2
05-02 03:10:52.039 I/SoftKeymaster( 1329): system/keymaster/soft_keymaster_device.cpp, Line 131: Creating device
05-02 03:10:52.039 D/SoftKeymaster( 1329): system/keymaster/soft_keymaster_device.cpp, Line 132: Device address: 0x70d20f03d000
05-02 03:10:52.039 I/keystore( 1329): Keymaster0 module is software-only.  Using SoftKeymasterDevice instead.
05-02 03:10:52.039 I/SoftKeymaster( 1329): system/keymaster/soft_keymaster_device.cpp, Line 131: Creating device
05-02 03:10:52.039 D/SoftKeymaster( 1329): system/keymaster/soft_keymaster_device.cpp, Line 132: Device address: 0x70d20f03d400
05-02 03:10:52.437 I/fingerprintd( 1340): Starting fingerprintd
05-02 03:10:52.780 I/perfprofd( 1356): starting Android Wide Profiling daemon
05-02 03:10:52.786 I/Netd    ( 1335): Netd 1.0 starting
05-02 03:10:52.790 E/perfprofd( 1356): unable to open configuration file /data/data/com.google.android.gms/files/perfprofd.conf
05-02 03:10:52.793 I/perfprofd( 1356): random seed set to 4001847546
05-02 03:10:52.868 D/TetherController( 1335): Setting IP forward enable = 0
05-02 03:10:53.628 I/gatekeeperd( 1341): Starting gatekeeperd...
05-02 03:10:53.694 W/gatekeeperd( 1341): falling back to software GateKeeper
05-02 03:10:57.310 W/bootanimation( 1772): type=1400 audit(0.0:9): avc: denied { getattr } for path="/vendor" dev="rootfs" ino=2986 scontext=u:r:bootanim:s0 tcontext=u:object_r:rootfs:s0 tclass=lnk_file permissive=0
05-02 03:10:55.424 I/SurfaceFlinger( 1320): SurfaceFlinger is starting
05-02 03:10:55.471 I/SurfaceFlinger( 1320): SurfaceFlinger's main thread ready to run. Initializing graphics H/W...
05-02 03:10:55.471 D/libEGL  ( 1320): Emulator without GPU support detected. Fallback to legacy software renderer, qemu.gles is set to 0.
05-02 03:10:55.809 D/libEGL  ( 1320): loaded /system/lib64/egl/libGLES_android.so
05-02 03:10:56.439 I/mediacodec( 1330): @@@ mediacodecservice starting
05-02 03:10:56.512 W/        ( 1330): No seccomp filter defined for this architecture.
05-02 03:10:56.544 D/gralloc_ranchu( 1320): Emulator without host-side GPU emulation detected. Loading gralloc.default.so from /vendor/lib64/hw/gralloc.goldfish.default.so...
05-02 03:10:56.545 D/gralloc_ranchu( 1320): gralloc.default.so not found in /vendor. Trying /system/lib64/hw/gralloc.goldfish.default.so...
05-02 03:10:56.552 I/gralloc ( 1320): using (fd=11)
05-02 03:10:56.552 I/gralloc ( 1320): id           = 
05-02 03:10:56.552 I/gralloc ( 1320): xres         = 1080 px
05-02 03:10:56.552 I/gralloc ( 1320): yres         = 1920 px
05-02 03:10:56.552 I/gralloc ( 1320): xres_virtual = 1080 px
05-02 03:10:56.552 I/gralloc ( 1320): yres_virtual = 3840 px
05-02 03:10:56.552 I/gralloc ( 1320): bpp          = 16
05-02 03:10:56.552 I/gralloc ( 1320): r            = 11:5
05-02 03:10:56.552 I/gralloc ( 1320): g            =  5:6
05-02 03:10:56.552 I/gralloc ( 1320): b            =  0:5
05-02 03:10:56.553 I/gralloc ( 1320): width        = 166 mm (165.253006 dpi)
05-02 03:10:56.553 I/gralloc ( 1320): height       = 296 mm (164.756760 dpi)
05-02 03:10:56.553 I/gralloc ( 1320): refresh rate = 60.00 Hz
05-02 03:10:56.603 E/SurfaceFlinger( 1320): hwcomposer module not found
05-02 03:10:56.605 W/SurfaceFlinger( 1320): no suitable EGLConfig found, trying a simpler query
05-02 03:10:56.606 W/SurfaceFlinger( 1320): EGL_SLOW_CONFIG selected!
05-02 03:10:56.606 I/SurfaceFlinger( 1320): EGL information:
05-02 03:10:56.606 I/SurfaceFlinger( 1320): vendor    : Android
05-02 03:10:56.606 I/SurfaceFlinger( 1320): version   : 1.4 Android META-EGL
05-02 03:10:56.606 I/SurfaceFlinger( 1320): extensions: EGL_KHR_get_all_proc_addresses EGL_ANDROID_presentation_time EGL_KHR_swap_buffers_with_damage EGL_ANDROID_create_native_client_buffer EGL_ANDROID_front_buffer_auto_refresh EGL_KHR_image_base EGL_KHR_fence_sync EGL_ANDROID_image_native_buffer 
05-02 03:10:56.606 I/SurfaceFlinger( 1320): Client API: OpenGL_ES
05-02 03:10:56.606 I/SurfaceFlinger( 1320): EGLSurface: 5-6-5-0, config=0x0
05-02 03:10:56.607 W/SurfaceFlinger( 1320): no suitable EGLConfig found, trying a simpler query
05-02 03:10:56.607 W/SurfaceFlinger( 1320): EGL_SLOW_CONFIG selected!
05-02 03:10:56.608 I/SurfaceFlinger( 1320): EGL information:
05-02 03:10:56.608 I/SurfaceFlinger( 1320): vendor    : Android
05-02 03:10:56.608 I/SurfaceFlinger( 1320): version   : 1.4 Android META-EGL
05-02 03:10:56.608 I/SurfaceFlinger( 1320): extensions: EGL_KHR_get_all_proc_addresses EGL_ANDROID_presentation_time EGL_KHR_swap_buffers_with_damage EGL_ANDROID_create_native_client_buffer EGL_ANDROID_front_buffer_auto_refresh EGL_KHR_image_base EGL_KHR_fence_sync EGL_ANDROID_image_native_buffer 
05-02 03:10:56.608 I/SurfaceFlinger( 1320): Client API: OpenGL_ES
05-02 03:10:56.608 I/SurfaceFlinger( 1320): EGLSurface: 5-6-5-0, config=0x0
05-02 03:10:56.692 I/SurfaceFlinger( 1320): OpenGL ES informations:
05-02 03:10:56.692 I/SurfaceFlinger( 1320): vendor    : Android
05-02 03:10:56.692 I/SurfaceFlinger( 1320): renderer  : Android PixelFlinger 1.4
05-02 03:10:56.692 I/SurfaceFlinger( 1320): version   : OpenGL ES-CM 1.0
05-02 03:10:56.692 I/SurfaceFlinger( 1320): extensions: GL_EXT_debug_marker GL_OES_byte_coordinates GL_OES_fixed_point GL_OES_single_precision GL_OES_read_format GL_OES_compressed_paletted_texture GL_OES_draw_texture GL_OES_matrix_get GL_OES_query_matrix GL_OES_EGL_image GL_OES_EGL_sync GL_OES_compressed_ETC1_RGB8_texture GL_ARB_texture_compression GL_ARB_texture_non_power_of_two GL_ANDROID_user_clip_plane GL_ANDROID_vertex_buffer_object GL_ANDROID_generate_mipmap 
05-02 03:10:56.692 I/SurfaceFlinger( 1320): GL_MAX_TEXTURE_SIZE = 4096
05-02 03:10:56.692 I/SurfaceFlinger( 1320): GL_MAX_VIEWPORT_DIMS = 4096
05-02 03:10:56.702 W/SurfaceFlinger( 1320): no suitable EGLConfig found, trying a simpler query
05-02 03:10:56.702 W/SurfaceFlinger( 1320): EGL_SLOW_CONFIG selected!
05-02 03:10:56.702 I/SurfaceFlinger( 1320): EGL information:
05-02 03:10:56.702 I/SurfaceFlinger( 1320): vendor    : Android
05-02 03:10:56.702 I/SurfaceFlinger( 1320): version   : 1.4 Android META-EGL
05-02 03:10:56.702 I/SurfaceFlinger( 1320): extensions: EGL_KHR_get_all_proc_addresses EGL_ANDROID_presentation_time EGL_KHR_swap_buffers_with_damage EGL_ANDROID_create_native_client_buffer EGL_ANDROID_front_buffer_auto_refresh EGL_KHR_image_base EGL_KHR_fence_sync EGL_ANDROID_image_native_buffer 
05-02 03:10:56.702 I/SurfaceFlinger( 1320): Client API: OpenGL_ES
05-02 03:10:56.702 I/SurfaceFlinger( 1320): EGLSurface: 5-6-5-0, config=0x0
05-02 03:10:56.758 E/libEGL  ( 1320): called unimplemented OpenGL ES API
05-02 03:10:56.758 E/SurfaceFlinger( 1320): Error while compiling shader: 
05-02 03:10:56.758 E/SurfaceFlinger( 1320): attribute vec4 position;
05-02 03:10:56.758 E/SurfaceFlinger( 1320): uniform mat4 projection;
05-02 03:10:56.758 E/SurfaceFlinger( 1320): uniform mat4 texture;
05-02 03:10:56.758 E/SurfaceFlinger( 1320): void main(void) {
05-02 03:10:56.758 E/SurfaceFlinger( 1320):     gl_Position = projection * position;
05-02 03:10:56.758 E/SurfaceFlinger( 1320): }
05-02 03:10:56.758 E/SurfaceFlinger( 1320): 
05-02 03:10:56.758 E/SurfaceFlinger( 1320): öÿÿÿÿÿÿÿŸ!¡WÃq
05-02 03:10:56.759 E/SurfaceFlinger( 1320): Error while compiling shader: 
05-02 03:10:56.759 E/SurfaceFlinger( 1320): precision mediump float;
05-02 03:10:56.759 E/SurfaceFlinger( 1320): uniform vec4 color;
05-02 03:10:56.759 E/SurfaceFlinger( 1320): void main(void) {
05-02 03:10:56.759 E/SurfaceFlinger( 1320):     gl_FragColor = color;
05-02 03:10:56.759 E/SurfaceFlinger( 1320): }
05-02 03:10:56.759 E/SurfaceFlinger( 1320): 
05-02 03:10:56.759 E/SurfaceFlinger( 1320): öÿÿÿÿÿÿÿŸ!¡WÃq
05-02 03:10:56.759 E/SurfaceFlinger( 1320): Error while linking shaders:
05-02 03:10:56.759 E/SurfaceFlinger( 1320): Error while compiling shader: 
05-02 03:10:56.759 E/SurfaceFlinger( 1320): attribute vec4 position;
05-02 03:10:56.759 E/SurfaceFlinger( 1320): uniform mat4 projection;
05-02 03:10:56.759 E/SurfaceFlinger( 1320): uniform mat4 texture;
05-02 03:10:56.759 E/SurfaceFlinger( 1320): void main(void) {
05-02 03:10:56.759 E/SurfaceFlinger( 1320):     gl_Position = projection * position;
05-02 03:10:56.759 E/SurfaceFlinger( 1320): }
05-02 03:10:56.759 E/SurfaceFlinger( 1320): 
05-02 03:10:56.759 E/SurfaceFlinger( 1320): öÿÿÿÿÿÿÿŸ!¡WÃq
05-02 03:10:56.759 E/SurfaceFlinger( 1320): Error while compiling shader: 
05-02 03:10:56.759 E/SurfaceFlinger( 1320): precision mediump float;
05-02 03:10:56.759 E/SurfaceFlinger( 1320): uniform vec4 color;
05-02 03:10:56.759 E/SurfaceFlinger( 1320): void main(void) {
05-02 03:10:56.759 E/SurfaceFlinger( 1320):     gl_FragColor = color;
05-02 03:10:56.759 E/SurfaceFlinger( 1320): }
05-02 03:10:56.759 E/SurfaceFlinger( 1320): 
05-02 03:10:56.759 E/SurfaceFlinger( 1320): öÿÿÿÿÿÿÿŸ!¡WÃq
05-02 03:10:56.759 E/SurfaceFlinger( 1320): Error while linking shaders:
05-02 03:10:56.759 E/SurfaceFlinger( 1320): Error while compiling shader: 
05-02 03:10:56.759 E/SurfaceFlinger( 1320): attribute vec4 position;
05-02 03:10:56.759 E/SurfaceFlinger( 1320): uniform mat4 projection;
05-02 03:10:56.759 E/SurfaceFlinger( 1320): uniform mat4 texture;
05-02 03:10:56.759 E/SurfaceFlinger( 1320): void main(void) {
05-02 03:10:56.759 E/SurfaceFlinger( 1320):     gl_Position = projection * position;
05-02 03:10:56.759 E/SurfaceFlinger( 1320): }
05-02 03:10:56.759 E/SurfaceFlinger( 1320): 
05-02 03:10:56.759 E/SurfaceFlinger( 1320): öÿÿÿÿÿÿÿŸ!¡WÃq
05-02 03:10:56.759 E/SurfaceFlinger( 1320): Error while compiling shader: 
05-02 03:10:56.759 E/SurfaceFlinger( 1320): precision mediump float;
05-02 03:10:56.759 E/SurfaceFlinger( 1320): uniform vec4 color;
05-02 03:10:56.759 E/SurfaceFlinger( 1320): void main(void) {
05-02 03:10:56.759 E/SurfaceFlinger( 1320):     gl_FragColor = color;
05-02 03:10:56.759 E/SurfaceFlinger( 1320):     gl_FragColor.a = 1.0;
05-02 03:10:56.759 E/SurfaceFlinger( 1320): }
05-02 03:10:56.759 E/SurfaceFlinger( 1320): 
05-02 03:10:56.759 E/SurfaceFlinger( 1320): öÿÿÿÿÿÿÿŸ!¡WÃq
05-02 03:10:56.759 E/SurfaceFlinger( 1320): Error while linking shaders:
05-02 03:10:56.759 E/SurfaceFlinger( 1320): Error while compiling shader: 
05-02 03:10:56.759 E/SurfaceFlinger( 1320): attribute vec4 position;
05-02 03:10:56.759 E/SurfaceFlinger( 1320): uniform mat4 projection;
05-02 03:10:56.759 E/SurfaceFlinger( 1320): uniform mat4 texture;
05-02 03:10:56.759 E/SurfaceFlinger( 1320): void main(void) {
05-02 03:10:56.759 E/SurfaceFlinger( 1320):     gl_Position = projection * position;
05-02 03:10:56.759 E/SurfaceFlinger( 1320): }
05-02 03:10:56.759 E/SurfaceFlinger( 1320): 
05-02 03:10:56.759 E/SurfaceFlinger( 1320): öÿÿÿÿÿÿÿŸ!¡WÃq
05-02 03:10:56.759 E/SurfaceFlinger( 1320): Error while compiling shader: 
05-02 03:10:56.759 E/SurfaceFlinger( 1320): precision mediump float;
05-02 03:10:56.759 E/SurfaceFlinger( 1320): uniform vec4 color;
05-02 03:10:56.759 E/SurfaceFlinger( 1320): void main(void) {
05-02 03:10:56.759 E/SurfaceFlinger( 1320):     gl_FragColor = color;
05-02 03:10:56.759 E/SurfaceFlinger( 1320):     gl_FragColor.a = 1.0;
05-02 03:10:56.759 E/SurfaceFlinger( 1320): }
05-02 03:10:56.759 E/SurfaceFlinger( 1320): 
05-02 03:10:56.759 E/SurfaceFlinger( 1320): öÿÿÿÿÿÿÿŸ!¡WÃq
05-02 03:10:56.759 E/SurfaceFlinger( 1320): Error while linking shaders:
05-02 03:10:56.759 E/SurfaceFlinger( 1320): Error while compiling shader: 
05-02 03:10:56.759 E/SurfaceFlinger( 1320): attribute vec4 position;
05-02 03:10:56.759 E/SurfaceFlinger( 1320): uniform mat4 projection;
05-02 03:10:56.759 E/SurfaceFlinger( 1320): uniform mat4 texture;
05-02 03:10:56.759 E/SurfaceFlinger( 1320): void main(void) {
05-02 03:10:56.759 E/SurfaceFlinger( 1320):     gl_Position = projection * position;
05-02 03:10:56.759 E/SurfaceFlinger( 1320): }
05-02 03:10:56.759 E/SurfaceFlinger( 1320): 
05-02 03:10:56.759 E/SurfaceFlinger( 1320): öÿÿÿÿÿÿÿŸ!¡WÃq
05-02 03:10:56.759 E/SurfaceFlinger( 1320): Error while compiling shader: 
05-02 03:10:56.759 E/SurfaceFlinger( 1320): precision mediump float;
05-02 03:10:56.759 E/SurfaceFlinger( 1320): uniform vec4 color;
05-02 03:10:56.759 E/SurfaceFlinger( 1320): uniform float alphaPlane;
05-02 03:10:56.759 E/SurfaceFlinger( 1320): void main(void) {
05-02 03:10:56.759 E/SurfaceFlinger( 1320):     gl_FragColor = color;
05-02 03:10:56.759 E/SurfaceFlinger( 1320):     gl_FragColor.a *= alphaPlane;
05-02 03:10:56.759 E/SurfaceFlinger( 1320): }
05-02 03:10:56.759 E/SurfaceFlinger( 1320): 
05-02 03:10:56.759 E/SurfaceFlinger( 1320): öÿÿÿÿÿÿÿŸ!¡WÃq
05-02 03:10:56.759 E/SurfaceFlinger( 1320): Error while linking shaders:
05-02 03:10:56.760 E/SurfaceFlinger( 1320): Error while compiling shader: 
05-02 03:10:56.760 E/SurfaceFlinger( 1320): attribute vec4 position;
05-02 03:10:56.760 E/SurfaceFlinger( 1320): uniform mat4 projection;
05-02 03:10:56.760 E/SurfaceFlinger( 1320): uniform mat4 texture;
05-02 03:10:56.760 E/SurfaceFlinger( 1320): void main(void) {
05-02 03:10:56.760 E/SurfaceFlinger( 1320):     gl_Position = projection * position;
05-02 03:10:56.760 E/SurfaceFlinger( 1320): }
05-02 03:10:56.760 E/SurfaceFlinger( 1320): 
05-02 03:10:56.760 E/SurfaceFlinger( 1320): öÿÿÿÿÿÿÿŸ!¡WÃq
05-02 03:10:56.773 E/SurfaceFlinger( 1320): Error while compiling shader: 
05-02 03:10:56.773 E/SurfaceFlinger( 1320): precision mediump float;
05-02 03:10:56.773 E/SurfaceFlinger( 1320): uniform vec4 color;
05-02 03:10:56.773 E/SurfaceFlinger( 1320): uniform float alphaPlane;
05-02 03:10:56.773 E/SurfaceFlinger( 1320): void main(void) {
05-02 03:10:56.773 E/SurfaceFlinger( 1320):     gl_FragColor = color;
05-02 03:10:56.773 E/SurfaceFlinger( 1320):     gl_FragColor *= alphaPlane;
05-02 03:10:56.773 E/SurfaceFlinger( 1320): }
05-02 03:10:56.773 E/SurfaceFlinger( 1320): 
05-02 03:10:56.773 E/SurfaceFlinger( 1320): öÿÿÿÿÿÿÿŸ!¡WÃq
05-02 03:10:56.773 E/SurfaceFlinger( 1320): Error while linking shaders:
05-02 03:10:56.773 E/SurfaceFlinger( 1320): Error while compiling shader: 
05-02 03:10:56.773 E/SurfaceFlinger( 1320): attribute vec4 position;
05-02 03:10:56.773 E/SurfaceFlinger( 1320): uniform mat4 projection;
05-02 03:10:56.773 E/SurfaceFlinger( 1320): uniform mat4 texture;
05-02 03:10:56.773 E/SurfaceFlinger( 1320): void main(void) {
05-02 03:10:56.773 E/SurfaceFlinger( 1320):     gl_Position = projection * position;
05-02 03:10:56.773 E/SurfaceFlinger( 1320): }
05-02 03:10:56.773 E/SurfaceFlinger( 1320): 
05-02 03:10:56.773 E/SurfaceFlinger( 1320): öÿÿÿÿÿÿÿŸ!¡WÃq
05-02 03:10:56.773 E/SurfaceFlinger( 1320): Error while compiling shader: 
05-02 03:10:56.773 E/SurfaceFlinger( 1320): precision mediump float;
05-02 03:10:56.773 E/SurfaceFlinger( 1320): uniform vec4 color;
05-02 03:10:56.773 E/SurfaceFlinger( 1320): uniform float alphaPlane;
05-02 03:10:56.773 E/SurfaceFlinger( 1320): void main(void) {
05-02 03:10:56.773 E/SurfaceFlinger( 1320):     gl_FragColor = color;
05-02 03:10:56.773 E/SurfaceFlinger( 1320):     gl_FragColor.a = 1.0;
05-02 03:10:56.773 E/SurfaceFlinger( 1320):     gl_FragColor.a *= alphaPlane;
05-02 03:10:56.773 E/SurfaceFlinger( 1320): }
05-02 03:10:56.773 E/SurfaceFlinger( 1320): 
05-02 03:10:56.773 E/SurfaceFlinger( 1320): öÿÿÿÿÿÿÿŸ!¡WÃq
05-02 03:10:56.773 E/SurfaceFlinger( 1320): Error while linking shaders:
05-02 03:10:56.773 E/SurfaceFlinger( 1320): Error while compiling shader: 
05-02 03:10:56.773 E/SurfaceFlinger( 1320): attribute vec4 position;
05-02 03:10:56.773 E/SurfaceFlinger( 1320): uniform mat4 projection;
05-02 03:10:56.773 E/SurfaceFlinger( 1320): uniform mat4 texture;
05-02 03:10:56.773 E/SurfaceFlinger( 1320): void main(void) {
05-02 03:10:56.773 E/SurfaceFlinger( 1320):     gl_Position = projection * position;
05-02 03:10:56.773 E/SurfaceFlinger( 1320): }
05-02 03:10:56.773 E/SurfaceFlinger( 1320): 
05-02 03:10:56.773 E/SurfaceFlinger( 1320): öÿÿÿÿÿÿÿŸ!¡WÃq
05-02 03:10:56.773 E/SurfaceFlinger( 1320): Error while compiling shader: 
05-02 03:10:56.773 E/SurfaceFlinger( 1320): precision mediump float;
05-02 03:10:56.773 E/SurfaceFlinger( 1320): uniform vec4 color;
05-02 03:10:56.773 E/SurfaceFlinger( 1320): uniform float alphaPlane;
05-02 03:10:56.773 E/SurfaceFlinger( 1320): void main(void) {
05-02 03:10:56.773 E/SurfaceFlinger( 1320):     gl_FragColor = color;
05-02 03:10:56.773 E/SurfaceFlinger( 1320):     gl_FragColor.a = 1.0;
05-02 03:10:56.773 E/SurfaceFlinger( 1320):     gl_FragColor *= alphaPlane;
05-02 03:10:56.773 E/SurfaceFlinger( 1320): }
05-02 03:10:56.773 E/SurfaceFlinger( 1320): 
05-02 03:10:56.773 E/SurfaceFlinger( 1320): öÿÿÿÿÿÿÿŸ!¡WÃq
05-02 03:10:56.773 E/SurfaceFlinger( 1320): Error while linking shaders:
05-02 03:10:56.773 E/SurfaceFlinger( 1320): Error while compiling shader: 
05-02 03:10:56.773 E/SurfaceFlinger( 1320): attribute vec4 texCoords;
05-02 03:10:56.773 E/SurfaceFlinger( 1320): varying vec2 outTexCoords;
05-02 03:10:56.773 E/SurfaceFlinger( 1320): attribute vec4 position;
05-02 03:10:56.773 E/SurfaceFlinger( 1320): uniform mat4 projection;
05-02 03:10:56.773 E/SurfaceFlinger( 1320): uniform mat4 texture;
05-02 03:10:56.773 E/SurfaceFlinger( 1320): void main(void) {
05-02 03:10:56.773 E/SurfaceFlinger( 1320):     gl_Position = projection * position;
05-02 03:10:56.773 E/SurfaceFlinger( 1320):     outTexCoords = (texture * texCoords).st;
05-02 03:10:56.773 E/SurfaceFlinger( 1320): }
05-02 03:10:56.773 E/SurfaceFlinger( 1320): 
05-02 03:10:56.773 E/SurfaceFlinger( 1320): öÿÿÿÿÿÿÿŸ!¡WÃq
05-02 03:10:56.773 E/SurfaceFlinger( 1320): Error while compiling shader: 
05-02 03:10:56.773 E/SurfaceFlinger( 1320): #extension GL_OES_EGL_image_external : require
05-02 03:10:56.773 E/SurfaceFlinger( 1320): precision mediump float;
05-02 03:10:56.773 E/SurfaceFlinger( 1320): uniform samplerExternalOES sampler;
05-02 03:10:56.773 E/SurfaceFlinger( 1320): varying vec2 outTexCoords;
05-02 03:10:56.773 E/SurfaceFlinger( 1320): void main(void) {
05-02 03:10:56.773 E/SurfaceFlinger( 1320):     gl_FragColor = texture2D(sampler, outTexCoords);
05-02 03:10:56.773 E/SurfaceFlinger( 1320): }
05-02 03:10:56.773 E/SurfaceFlinger( 1320): 
05-02 03:10:56.773 E/SurfaceFlinger( 1320): öÿÿÿÿÿÿÿŸ!¡WÃq
05-02 03:10:56.773 E/SurfaceFlinger( 1320): Error while linking shaders:
05-02 03:10:56.773 E/SurfaceFlinger( 1320): Error while compiling shader: 
05-02 03:10:56.773 E/SurfaceFlinger( 1320): attribute vec4 texCoords;
05-02 03:10:56.773 E/SurfaceFlinger( 1320): varying vec2 outTexCoords;
05-02 03:10:56.773 E/SurfaceFlinger( 1320): attribute vec4 position;
05-02 03:10:56.773 E/SurfaceFlinger( 1320): uniform mat4 projection;
05-02 03:10:56.773 E/SurfaceFlinger( 1320): uniform mat4 texture;
05-02 03:10:56.773 E/SurfaceFlinger( 1320): void main(void) {
05-02 03:10:56.773 E/SurfaceFlinger( 1320):     gl_Position = projection * position;
05-02 03:10:56.773 E/SurfaceFlinger( 1320):     outTexCoords = (texture * texCoords).st;
05-02 03:10:56.773 E/SurfaceFlinger( 1320): }
05-02 03:10:56.773 E/SurfaceFlinger( 1320): 
05-02 03:10:56.773 E/SurfaceFlinger( 1320): öÿÿÿÿÿÿÿŸ!¡WÃq
05-02 03:10:56.773 E/SurfaceFlinger( 1320): Error while compiling shader: 
05-02 03:10:56.773 E/SurfaceFlinger( 1320): #extension GL_OES_EGL_image_external : require
05-02 03:10:56.773 E/SurfaceFlinger( 1320): precision mediump float;
05-02 03:10:56.773 E/SurfaceFlinger( 1320): uniform samplerExternalOES sampler;
05-02 03:10:56.773 E/SurfaceFlinger( 1320): varying vec2 outTexCoords;
05-02 03:10:56.773 E/SurfaceFlinger( 1320): void main(void) {
05-02 03:10:56.773 E/SurfaceFlinger( 1320):     gl_FragColor = texture2D(sampler, outTexCoords);
05-02 03:10:56.773 E/SurfaceFlinger( 1320): }
05-02 03:10:56.773 E/SurfaceFlinger( 1320): 
05-02 03:10:56.773 E/SurfaceFlinger( 1320): öÿÿÿÿÿÿÿŸ!¡WÃq
05-02 03:10:56.773 E/SurfaceFlinger( 1320): Error while linking shaders:
05-02 03:10:56.774 E/SurfaceFlinger( 1320): Error while compiling shader: 
05-02 03:10:56.774 E/SurfaceFlinger( 1320): attribute vec4 texCoords;
05-02 03:10:56.774 E/SurfaceFlinger( 1320): varying vec2 outTexCoords;
05-02 03:10:56.774 E/SurfaceFlinger( 1320): attribute vec4 position;
05-02 03:10:56.774 E/SurfaceFlinger( 1320): uniform mat4 projection;
05-02 03:10:56.774 E/SurfaceFlinger( 1320): uniform mat4 texture;
05-02 03:10:56.774 E/SurfaceFlinger( 1320): void main(void) {
05-02 03:10:56.774 E/SurfaceFlinger( 1320):     gl_Position = projection * position;
05-02 03:10:56.774 E/SurfaceFlinger( 1320):     outTexCoords = (texture * texCoords).st;
05-02 03:10:56.774 E/SurfaceFlinger( 1320): }
05-02 03:10:56.774 E/SurfaceFlinger( 1320): 
05-02 03:10:56.774 E/SurfaceFlinger( 1320): öÿÿÿÿÿÿÿŸ!¡WÃq
05-02 03:10:56.774 E/SurfaceFlinger( 1320): Error while compiling shader: 
05-02 03:10:56.774 E/SurfaceFlinger( 1320): #extension GL_OES_EGL_image_external : require
05-02 03:10:56.774 E/SurfaceFlinger( 1320): precision mediump float;
05-02 03:10:56.774 E/SurfaceFlinger( 1320): uniform samplerExternalOES sampler;
05-02 03:10:56.774 E/SurfaceFlinger( 1320): varying vec2 outTexCoords;
05-02 03:10:56.774 E/SurfaceFlinger( 1320): void main(void) {
05-02 03:10:56.774 E/SurfaceFlinger( 1320):     gl_FragColor = texture2D(sampler, outTexCoords);
05-02 03:10:56.774 E/SurfaceFlinger( 1320):     gl_FragColor.a = 1.0;
05-02 03:10:56.774 E/SurfaceFlinger( 1320): }
05-02 03:10:56.774 E/SurfaceFlinger( 1320): 
05-02 03:10:56.774 E/SurfaceFlinger( 1320): öÿÿÿÿÿÿÿŸ!¡WÃq
05-02 03:10:56.774 E/SurfaceFlinger( 1320): Error while linking shaders:
05-02 03:10:56.774 E/SurfaceFlinger( 1320): Error while compiling shader: 
05-02 03:10:56.774 E/SurfaceFlinger( 1320): attribute vec4 texCoords;
05-02 03:10:56.774 E/SurfaceFlinger( 1320): varying vec2 outTexCoords;
05-02 03:10:56.774 E/SurfaceFlinger( 1320): attribute vec4 position;
05-02 03:10:56.774 E/SurfaceFlinger( 1320): uniform mat4 projection;
05-02 03:10:56.774 E/SurfaceFlinger( 1320): uniform mat4 texture;
05-02 03:10:56.774 E/SurfaceFlinger( 1320): void main(void) {
05-02 03:10:56.774 E/SurfaceFlinger( 1320):     gl_Position = projection * position;
05-02 03:10:56.774 E/SurfaceFlinger( 1320):     outTexCoords = (texture * texCoords).st;
05-02 03:10:56.774 E/SurfaceFlinger( 1320): }
05-02 03:10:56.774 E/SurfaceFlinger( 1320): 
05-02 03:10:56.774 E/SurfaceFlinger( 1320): öÿÿÿÿÿÿÿŸ!¡WÃq
05-02 03:10:56.774 E/SurfaceFlinger( 1320): Error while compiling shader: 
05-02 03:10:56.774 E/SurfaceFlinger( 1320): #extension GL_OES_EGL_image_external : require
05-02 03:10:56.774 E/SurfaceFlinger( 1320): precision mediump float;
05-02 03:10:56.774 E/SurfaceFlinger( 1320): uniform samplerExternalOES sampler;
05-02 03:10:56.774 E/SurfaceFlinger( 1320): varying vec2 outTexCoords;
05-02 03:10:56.774 E/SurfaceFlinger( 1320): void main(void) {
05-02 03:10:56.774 E/SurfaceFlinger( 1320):     gl_FragColor = texture2D(sampler, outTexCoords);
05-02 03:10:56.774 E/SurfaceFlinger( 1320):     gl_FragColor.a = 1.0;
05-02 03:10:56.774 E/SurfaceFlinger( 1320): }
05-02 03:10:56.774 E/SurfaceFlinger( 1320): 
05-02 03:10:56.774 E/SurfaceFlinger( 1320): öÿÿÿÿÿÿÿŸ!¡WÃq
05-02 03:10:56.774 E/SurfaceFlinger( 1320): Error while linking shaders:
05-02 03:10:56.774 E/SurfaceFlinger( 1320): Error while compiling shader: 
05-02 03:10:56.774 E/SurfaceFlinger( 1320): attribute vec4 texCoords;
05-02 03:10:56.774 E/SurfaceFlinger( 1320): varying vec2 outTexCoords;
05-02 03:10:56.774 E/SurfaceFlinger( 1320): attribute vec4 position;
05-02 03:10:56.774 E/SurfaceFlinger( 1320): uniform mat4 projection;
05-02 03:10:56.774 E/SurfaceFlinger( 1320): uniform mat4 texture;
05-02 03:10:56.774 E/SurfaceFlinger( 1320): void main(void) {
05-02 03:10:56.774 E/SurfaceFlinger( 1320):     gl_Position = projection * position;
05-02 03:10:56.774 E/SurfaceFlinger( 1320):     outTexCoords = (texture * texCoords).st;
05-02 03:10:56.774 E/SurfaceFlinger( 1320): }
05-02 03:10:56.774 E/SurfaceFlinger( 1320): 
05-02 03:10:56.774 E/SurfaceFlinger( 1320): öÿÿÿÿÿÿÿŸ!¡WÃq
05-02 03:10:56.774 E/SurfaceFlinger( 1320): Error while compiling shader: 
05-02 03:10:56.774 E/SurfaceFlinger( 1320): #extension GL_OES_EGL_image_external : require
05-02 03:10:56.774 E/SurfaceFlinger( 1320): precision mediump float;
05-02 03:10:56.774 E/SurfaceFlinger( 1320): uniform samplerExternalOES sampler;
05-02 03:10:56.774 E/SurfaceFlinger( 1320): varying vec2 outTexCoords;
05-02 03:10:56.774 E/SurfaceFlinger( 1320): uniform float alphaPlane;
05-02 03:10:56.774 E/SurfaceFlinger( 1320): void main(void) {
05-02 03:10:56.774 E/SurfaceFlinger( 1320):     gl_FragColor = texture2D(sampler, outTexCoords);
05-02 03:10:56.774 E/SurfaceFlinger( 1320):     gl_FragColor.a *= alphaPlane;
05-02 03:10:56.774 E/SurfaceFlinger( 1320): }
05-02 03:10:56.774 E/SurfaceFlinger( 1320): 
05-02 03:10:56.774 E/SurfaceFlinger( 1320): öÿÿÿÿÿÿÿŸ!¡WÃq
05-02 03:10:56.774 E/SurfaceFlinger( 1320): Error while linking shaders:
05-02 03:10:56.774 E/SurfaceFlinger( 1320): Error while compiling shader: 
05-02 03:10:56.774 E/SurfaceFlinger( 1320): attribute vec4 texCoords;
05-02 03:10:56.774 E/SurfaceFlinger( 1320): varying vec2 outTexCoords;
05-02 03:10:56.774 E/SurfaceFlinger( 1320): attribute vec4 position;
05-02 03:10:56.774 E/SurfaceFlinger( 1320): uniform mat4 projection;
05-02 03:10:56.774 E/SurfaceFlinger( 1320): uniform mat4 texture;
05-02 03:10:56.774 E/SurfaceFlinger( 1320): void main(void) {
05-02 03:10:56.774 E/SurfaceFlinger( 1320):     gl_Position = projection * position;
05-02 03:10:56.774 E/SurfaceFlinger( 1320):     outTexCoords = (texture * texCoords).st;
05-02 03:10:56.774 E/SurfaceFlinger( 1320): }
05-02 03:10:56.774 E/SurfaceFlinger( 1320): 
05-02 03:10:56.774 E/SurfaceFlinger( 1320): öÿÿÿÿÿÿÿŸ!¡WÃq
05-02 03:10:56.774 E/SurfaceFlinger( 1320): Error while compiling shader: 
05-02 03:10:56.774 E/SurfaceFlinger( 1320): #extension GL_OES_EGL_image_external : require
05-02 03:10:56.774 E/SurfaceFlinger( 1320): precision mediump float;
05-02 03:10:56.774 E/SurfaceFlinger( 1320): uniform samplerExternalOES sampler;
05-02 03:10:56.774 E/SurfaceFlinger( 1320): varying vec2 outTexCoords;
05-02 03:10:56.774 E/SurfaceFlinger( 1320): uniform float alphaPlane;
05-02 03:10:56.774 E/SurfaceFlinger( 1320): void main(void) {
05-02 03:10:56.774 E/SurfaceFlinger( 1320):     gl_FragColor = texture2D(sampler, outTexCoords);
05-02 03:10:56.774 E/SurfaceFlinger( 1320):     gl_FragColor *= alphaPlane;
05-02 03:10:56.774 E/SurfaceFlinger( 1320): }
05-02 03:10:56.774 E/SurfaceFlinger( 1320): 
05-02 03:10:56.774 E/SurfaceFlinger( 1320): öÿÿÿÿÿÿÿŸ!¡WÃq
05-02 03:10:56.774 E/SurfaceFlinger( 1320): Error while linking shaders:
05-02 03:10:56.774 E/SurfaceFlinger( 1320): Error while compiling shader: 
05-02 03:10:56.774 E/SurfaceFlinger( 1320): attribute vec4 texCoords;
05-02 03:10:56.774 E/SurfaceFlinger( 1320): varying vec2 outTexCoords;
05-02 03:10:56.774 E/SurfaceFlinger( 1320): attribute vec4 position;
05-02 03:10:56.774 E/SurfaceFlinger( 1320): uniform mat4 projection;
05-02 03:10:56.774 E/SurfaceFlinger( 1320): uniform mat4 texture;
05-02 03:10:56.774 E/SurfaceFlinger( 1320): void main(void) {
05-02 03:10:56.774 E/SurfaceFlinger( 1320):     gl_Position = projection * position;
05-02 03:10:56.774 E/SurfaceFlinger( 1320):     outTexCoords = (texture * texCoords).st;
05-02 03:10:56.774 E/SurfaceFlinger( 1320): }
05-02 03:10:56.774 E/SurfaceFlinger( 1320): 
05-02 03:10:56.774 E/SurfaceFlinger( 1320): öÿÿÿÿÿÿÿŸ!¡WÃq
05-02 03:10:56.774 E/SurfaceFlinger( 1320): Error while compiling shader: 
05-02 03:10:56.774 E/SurfaceFlinger( 1320): #extension GL_OES_EGL_image_external : require
05-02 03:10:56.774 E/SurfaceFlinger( 1320): precision mediump float;
05-02 03:10:56.774 E/SurfaceFlinger( 1320): uniform samplerExternalOES sampler;
05-02 03:10:56.774 E/SurfaceFlinger( 1320): varying vec2 outTexCoords;
05-02 03:10:56.774 E/SurfaceFlinger( 1320): uniform float alphaPlane;
05-02 03:10:56.774 E/SurfaceFlinger( 1320): void main(void) {
05-02 03:10:56.774 E/SurfaceFlinger( 1320):     gl_FragColor = texture2D(sampler, outTexCoords);
05-02 03:10:56.774 E/SurfaceFlinger( 1320):     gl_FragColor.a = 1.0;
05-02 03:10:56.774 E/SurfaceFlinger( 1320):     gl_FragColor.a *= alphaPlane;
05-02 03:10:56.774 E/SurfaceFlinger( 1320): }
05-02 03:10:56.774 E/SurfaceFlinger( 1320): 
05-02 03:10:56.774 E/SurfaceFlinger( 1320): öÿÿÿÿÿÿÿŸ!¡WÃq
05-02 03:10:56.774 E/SurfaceFlinger( 1320): Error while linking shaders:
05-02 03:10:56.774 E/SurfaceFlinger( 1320): Error while compiling shader: 
05-02 03:10:56.774 E/SurfaceFlinger( 1320): attribute vec4 texCoords;
05-02 03:10:56.774 E/SurfaceFlinger( 1320): varying vec2 outTexCoords;
05-02 03:10:56.774 E/SurfaceFlinger( 1320): attribute vec4 position;
05-02 03:10:56.774 E/SurfaceFlinger( 1320): uniform mat4 projection;
05-02 03:10:56.774 E/SurfaceFlinger( 1320): uniform mat4 texture;
05-02 03:10:56.774 E/SurfaceFlinger( 1320): void main(void) {
05-02 03:10:56.774 E/SurfaceFlinger( 1320):     gl_Position = projection * position;
05-02 03:10:56.774 E/SurfaceFlinger( 1320):     outTexCoords = (texture * texCoords).st;
05-02 03:10:56.774 E/SurfaceFlinger( 1320): }
05-02 03:10:56.774 E/SurfaceFlinger( 1320): 
05-02 03:10:56.774 E/SurfaceFlinger( 1320): öÿÿÿÿÿÿÿŸ!¡WÃq
05-02 03:10:56.774 E/SurfaceFlinger( 1320): Error while compiling shader: 
05-02 03:10:56.774 E/SurfaceFlinger( 1320): #extension GL_OES_EGL_image_external : require
05-02 03:10:56.774 E/SurfaceFlinger( 1320): precision mediump float;
05-02 03:10:56.774 E/SurfaceFlinger( 1320): uniform samplerExternalOES sampler;
05-02 03:10:56.774 E/SurfaceFlinger( 1320): varying vec2 outTexCoords;
05-02 03:10:56.774 E/SurfaceFlinger( 1320): uniform float alphaPlane;
05-02 03:10:56.774 E/SurfaceFlinger( 1320): void main(void) {
05-02 03:10:56.774 E/SurfaceFlinger( 1320):     gl_FragColor = texture2D(sampler, outTexCoords);
05-02 03:10:56.774 E/SurfaceFlinger( 1320):     gl_FragColor.a = 1.0;
05-02 03:10:56.774 E/SurfaceFlinger( 1320):     gl_FragColor *= alphaPlane;
05-02 03:10:56.774 E/SurfaceFlinger( 1320): }
05-02 03:10:56.774 E/SurfaceFlinger( 1320): 
05-02 03:10:56.774 E/SurfaceFlinger( 1320): öÿÿÿÿÿÿÿŸ!¡WÃq
05-02 03:10:56.774 E/SurfaceFlinger( 1320): Error while linking shaders:
05-02 03:10:56.774 E/SurfaceFlinger( 1320): Error while compiling shader: 
05-02 03:10:56.774 E/SurfaceFlinger( 1320): attribute vec4 texCoords;
05-02 03:10:56.774 E/SurfaceFlinger( 1320): varying vec2 outTexCoords;
05-02 03:10:56.774 E/SurfaceFlinger( 1320): attribute vec4 position;
05-02 03:10:56.774 E/SurfaceFlinger( 1320): uniform mat4 projection;
05-02 03:10:56.774 E/SurfaceFlinger( 1320): uniform mat4 texture;
05-02 03:10:56.774 E/SurfaceFlinger( 1320): void main(void) {
05-02 03:10:56.774 E/SurfaceFlinger( 1320):     gl_Position = projection * position;
05-02 03:10:56.774 E/SurfaceFlinger( 1320):     outTexCoords = (texture * texCoords).st;
05-02 03:10:56.774 E/SurfaceFlinger( 1320): }
05-02 03:10:56.774 E/SurfaceFlinger( 1320): 
05-02 03:10:56.774 E/SurfaceFlinger( 1320): öÿÿÿÿÿÿÿŸ!¡WÃq
05-02 03:10:56.774 E/SurfaceFlinger( 1320): Error while compiling shader: 
05-02 03:10:56.774 E/SurfaceFlinger( 1320): precision mediump float;
05-02 03:10:56.774 E/SurfaceFlinger( 1320): uniform sampler2D sampler;
05-02 03:10:56.774 E/SurfaceFlinger( 1320): varying vec2 outTexCoords;
05-02 03:10:56.774 E/SurfaceFlinger( 1320): void main(void) {
05-02 03:10:56.774 E/SurfaceFlinger( 1320):     gl_FragColor = texture2D(sampler, outTexCoords);
05-02 03:10:56.774 E/SurfaceFlinger( 1320): }
05-02 03:10:56.774 E/SurfaceFlinger( 1320): 
05-02 03:10:56.774 E/SurfaceFlinger( 1320): öÿÿÿÿÿÿÿŸ!¡WÃq
05-02 03:10:56.775 E/SurfaceFlinger( 1320): Error while linking shaders:
05-02 03:10:56.775 E/SurfaceFlinger( 1320): Error while compiling shader: 
05-02 03:10:56.775 E/SurfaceFlinger( 1320): attribute vec4 texCoords;
05-02 03:10:56.775 E/SurfaceFlinger( 1320): varying vec2 outTexCoords;
05-02 03:10:56.775 E/SurfaceFlinger( 1320): attribute vec4 position;
05-02 03:10:56.775 E/SurfaceFlinger( 1320): uniform mat4 projection;
05-02 03:10:56.775 E/SurfaceFlinger( 1320): uniform mat4 texture;
05-02 03:10:56.775 E/SurfaceFlinger( 1320): void main(void) {
05-02 03:10:56.775 E/SurfaceFlinger( 1320):     gl_Position = projection * position;
05-02 03:10:56.775 E/SurfaceFlinger( 1320):     outTexCoords = (texture * texCoords).st;
05-02 03:10:56.775 E/SurfaceFlinger( 1320): }
05-02 03:10:56.775 E/SurfaceFlinger( 1320): 
05-02 03:10:56.775 E/SurfaceFlinger( 1320): öÿÿÿÿÿÿÿŸ!¡WÃq
05-02 03:10:56.775 E/SurfaceFlinger( 1320): Error while compiling shader: 
05-02 03:10:56.775 E/SurfaceFlinger( 1320): precision mediump float;
05-02 03:10:56.775 E/SurfaceFlinger( 1320): uniform sampler2D sampler;
05-02 03:10:56.775 E/SurfaceFlinger( 1320): varying vec2 outTexCoords;
05-02 03:10:56.775 E/SurfaceFlinger( 1320): void main(void) {
05-02 03:10:56.775 E/SurfaceFlinger( 1320):     gl_FragColor = texture2D(sampler, outTexCoords);
05-02 03:10:56.775 E/SurfaceFlinger( 1320): }
05-02 03:10:56.775 E/SurfaceFlinger( 1320): 
05-02 03:10:56.775 E/SurfaceFlinger( 1320): öÿÿÿÿÿÿÿŸ!¡WÃq
05-02 03:10:56.775 E/SurfaceFlinger( 1320): Error while linking shaders:
05-02 03:10:56.775 E/SurfaceFlinger( 1320): Error while compiling shader: 
05-02 03:10:56.775 E/SurfaceFlinger( 1320): attribute vec4 texCoords;
05-02 03:10:56.775 E/SurfaceFlinger( 1320): varying vec2 outTexCoords;
05-02 03:10:56.775 E/SurfaceFlinger( 1320): attribute vec4 position;
05-02 03:10:56.775 E/SurfaceFlinger( 1320): uniform mat4 projection;
05-02 03:10:56.775 E/SurfaceFlinger( 1320): uniform mat4 texture;
05-02 03:10:56.775 E/SurfaceFlinger( 1320): void main(void) {
05-02 03:10:56.775 E/SurfaceFlinger( 1320):     gl_Position = projection * position;
05-02 03:10:56.775 E/SurfaceFlinger( 1320):     outTexCoords = (texture * texCoords).st;
05-02 03:10:56.775 E/SurfaceFlinger( 1320): }
05-02 03:10:56.775 E/SurfaceFlinger( 1320): 
05-02 03:10:56.775 E/SurfaceFlinger( 1320): öÿÿÿÿÿÿÿŸ!¡WÃq
05-02 03:10:56.775 E/SurfaceFlinger( 1320): Error while compiling shader: 
05-02 03:10:56.775 E/SurfaceFlinger( 1320): precision mediump float;
05-02 03:10:56.775 E/SurfaceFlinger( 1320): uniform sampler2D sampler;
05-02 03:10:56.775 E/SurfaceFlinger( 1320): varying vec2 outTexCoords;
05-02 03:10:56.775 E/SurfaceFlinger( 1320): void main(void) {
05-02 03:10:56.775 E/SurfaceFlinger( 1320):     gl_FragColor = texture2D(sampler, outTexCoords);
05-02 03:10:56.775 E/SurfaceFlinger( 1320):     gl_FragColor.a = 1.0;
05-02 03:10:56.775 E/SurfaceFlinger( 1320): }
05-02 03:10:56.775 E/SurfaceFlinger( 1320): 
05-02 03:10:56.775 E/SurfaceFlinger( 1320): öÿÿÿÿÿÿÿŸ!¡WÃq
05-02 03:10:56.775 E/SurfaceFlinger( 1320): Error while linking shaders:
05-02 03:10:56.775 E/SurfaceFlinger( 1320): Error while compiling shader: 
05-02 03:10:56.775 E/SurfaceFlinger( 1320): attribute vec4 texCoords;
05-02 03:10:56.775 E/SurfaceFlinger( 1320): varying vec2 outTexCoords;
05-02 03:10:56.775 E/SurfaceFlinger( 1320): attribute vec4 position;
05-02 03:10:56.775 E/SurfaceFlinger( 1320): uniform mat4 projection;
05-02 03:10:56.775 E/SurfaceFlinger( 1320): uniform mat4 texture;
05-02 03:10:56.775 E/SurfaceFlinger( 1320): void main(void) {
05-02 03:10:56.775 E/SurfaceFlinger( 1320):     gl_Position = projection * position;
05-02 03:10:56.775 E/SurfaceFlinger( 1320):     outTexCoords = (texture * texCoords).st;
05-02 03:10:56.775 E/SurfaceFlinger( 1320): }
05-02 03:10:56.775 E/SurfaceFlinger( 1320): 
05-02 03:10:56.775 E/SurfaceFlinger( 1320): öÿÿÿÿÿÿÿŸ!¡WÃq
05-02 03:10:56.775 E/SurfaceFlinger( 1320): Error while compiling shader: 
05-02 03:10:56.775 E/SurfaceFlinger( 1320): precision mediump float;
05-02 03:10:56.775 E/SurfaceFlinger( 1320): uniform sampler2D sampler;
05-02 03:10:56.775 E/SurfaceFlinger( 1320): varying vec2 outTexCoords;
05-02 03:10:56.775 E/SurfaceFlinger( 1320): void main(void) {
05-02 03:10:56.775 E/SurfaceFlinger( 1320):     gl_FragColor = texture2D(sampler, outTexCoords);
05-02 03:10:56.775 E/SurfaceFlinger( 1320):     gl_FragColor.a = 1.0;
05-02 03:10:56.775 E/SurfaceFlinger( 1320): }
05-02 03:10:56.775 E/SurfaceFlinger( 1320): 
05-02 03:10:56.775 E/SurfaceFlinger( 1320): öÿÿÿÿÿÿÿŸ!¡WÃq
05-02 03:10:56.775 E/SurfaceFlinger( 1320): Error while linking shaders:
05-02 03:10:56.775 E/SurfaceFlinger( 1320): Error while compiling shader: 
05-02 03:10:56.775 E/SurfaceFlinger( 1320): attribute vec4 texCoords;
05-02 03:10:56.775 E/SurfaceFlinger( 1320): varying vec2 outTexCoords;
05-02 03:10:56.775 E/SurfaceFlinger( 1320): attribute vec4 position;
05-02 03:10:56.775 E/SurfaceFlinger( 1320): uniform mat4 projection;
05-02 03:10:56.775 E/SurfaceFlinger( 1320): uniform mat4 texture;
05-02 03:10:56.775 E/SurfaceFlinger( 1320): void main(void) {
05-02 03:10:56.775 E/SurfaceFlinger( 1320):     gl_Position = projection * position;
05-02 03:10:56.775 E/SurfaceFlinger( 1320):     outTexCoords = (texture * texCoords).st;
05-02 03:10:56.775 E/SurfaceFlinger( 1320): }
05-02 03:10:56.775 E/SurfaceFlinger( 1320): 
05-02 03:10:56.775 E/SurfaceFlinger( 1320): öÿÿÿÿÿÿÿŸ!¡WÃq
05-02 03:10:56.775 E/SurfaceFlinger( 1320): Error while compiling shader: 
05-02 03:10:56.775 E/SurfaceFlinger( 1320): precision mediump float;
05-02 03:10:56.775 E/SurfaceFlinger( 1320): uniform sampler2D sampler;
05-02 03:10:56.775 E/SurfaceFlinger( 1320): varying vec2 outTexCoords;
05-02 03:10:56.775 E/SurfaceFlinger( 1320): uniform float alphaPlane;
05-02 03:10:56.775 E/SurfaceFlinger( 1320): void main(void) {
05-02 03:10:56.775 E/SurfaceFlinger( 1320):     gl_FragColor = texture2D(sampler, outTexCoords);
05-02 03:10:56.775 E/SurfaceFlinger( 1320):     gl_FragColor.a *= alphaPlane;
05-02 03:10:56.775 E/SurfaceFlinger( 1320): }
05-02 03:10:56.775 E/SurfaceFlinger( 1320): 
05-02 03:10:56.775 E/SurfaceFlinger( 1320): öÿÿÿÿÿÿÿŸ!¡WÃq
05-02 03:10:56.775 E/SurfaceFlinger( 1320): Error while linking shaders:
05-02 03:10:56.775 E/SurfaceFlinger( 1320): Error while compiling shader: 
05-02 03:10:56.775 E/SurfaceFlinger( 1320): attribute vec4 texCoords;
05-02 03:10:56.775 E/SurfaceFlinger( 1320): varying vec2 outTexCoords;
05-02 03:10:56.775 E/SurfaceFlinger( 1320): attribute vec4 position;
05-02 03:10:56.775 E/SurfaceFlinger( 1320): uniform mat4 projection;
05-02 03:10:56.775 E/SurfaceFlinger( 1320): uniform mat4 texture;
05-02 03:10:56.775 E/SurfaceFlinger( 1320): void main(void) {
05-02 03:10:56.775 E/SurfaceFlinger( 1320):     gl_Position = projection * position;
05-02 03:10:56.775 E/SurfaceFlinger( 1320):     outTexCoords = (texture * texCoords).st;
05-02 03:10:56.775 E/SurfaceFlinger( 1320): }
05-02 03:10:56.775 E/SurfaceFlinger( 1320): 
05-02 03:10:56.775 E/SurfaceFlinger( 1320): öÿÿÿÿÿÿÿŸ!¡WÃq
05-02 03:10:56.775 E/SurfaceFlinger( 1320): Error while compiling shader: 
05-02 03:10:56.775 E/SurfaceFlinger( 1320): precision mediump float;
05-02 03:10:56.775 E/SurfaceFlinger( 1320): uniform sampler2D sampler;
05-02 03:10:56.775 E/SurfaceFlinger( 1320): varying vec2 outTexCoords;
05-02 03:10:56.775 E/SurfaceFlinger( 1320): uniform float alphaPlane;
05-02 03:10:56.775 E/SurfaceFlinger( 1320): void main(void) {
05-02 03:10:56.775 E/SurfaceFlinger( 1320):     gl_FragColor = texture2D(sampler, outTexCoords);
05-02 03:10:56.775 E/SurfaceFlinger( 1320):     gl_FragColor *= alphaPlane;
05-02 03:10:56.775 E/SurfaceFlinger( 1320): }
05-02 03:10:56.775 E/SurfaceFlinger( 1320): 
05-02 03:10:56.775 E/SurfaceFlinger( 1320): öÿÿÿÿÿÿÿŸ!¡WÃq
05-02 03:10:56.775 E/SurfaceFlinger( 1320): Error while linking shaders:
05-02 03:10:56.775 E/SurfaceFlinger( 1320): Error while compiling shader: 
05-02 03:10:56.775 E/SurfaceFlinger( 1320): attribute vec4 texCoords;
05-02 03:10:56.775 E/SurfaceFlinger( 1320): varying vec2 outTexCoords;
05-02 03:10:56.775 E/SurfaceFlinger( 1320): attribute vec4 position;
05-02 03:10:56.775 E/SurfaceFlinger( 1320): uniform mat4 projection;
05-02 03:10:56.775 E/SurfaceFlinger( 1320): uniform mat4 texture;
05-02 03:10:56.775 E/SurfaceFlinger( 1320): void main(void) {
05-02 03:10:56.775 E/SurfaceFlinger( 1320):     gl_Position = projection * position;
05-02 03:10:56.775 E/SurfaceFlinger( 1320):     outTexCoords = (texture * texCoords).st;
05-02 03:10:56.775 E/SurfaceFlinger( 1320): }
05-02 03:10:56.775 E/SurfaceFlinger( 1320): 
05-02 03:10:56.775 E/SurfaceFlinger( 1320): öÿÿÿÿÿÿÿŸ!¡WÃq
05-02 03:10:56.775 E/SurfaceFlinger( 1320): Error while compiling shader: 
05-02 03:10:56.775 E/SurfaceFlinger( 1320): precision mediump float;
05-02 03:10:56.775 E/SurfaceFlinger( 1320): uniform sampler2D sampler;
05-02 03:10:56.775 E/SurfaceFlinger( 1320): varying vec2 outTexCoords;
05-02 03:10:56.775 E/SurfaceFlinger( 1320): uniform float alphaPlane;
05-02 03:10:56.775 E/SurfaceFlinger( 1320): void main(void) {
05-02 03:10:56.775 E/SurfaceFlinger( 1320):     gl_FragColor = texture2D(sampler, outTexCoords);
05-02 03:10:56.775 E/SurfaceFlinger( 1320):     gl_FragColor.a = 1.0;
05-02 03:10:56.775 E/SurfaceFlinger( 1320):     gl_FragColor.a *= alphaPlane;
05-02 03:10:56.775 E/SurfaceFlinger( 1320): }
05-02 03:10:56.775 E/SurfaceFlinger( 1320): 
05-02 03:10:56.775 E/SurfaceFlinger( 1320): öÿÿÿÿÿÿÿŸ!¡WÃq
05-02 03:10:56.775 E/SurfaceFlinger( 1320): Error while linking shaders:
05-02 03:10:56.775 E/SurfaceFlinger( 1320): Error while compiling shader: 
05-02 03:10:56.775 E/SurfaceFlinger( 1320): attribute vec4 texCoords;
05-02 03:10:56.775 E/SurfaceFlinger( 1320): varying vec2 outTexCoords;
05-02 03:10:56.775 E/SurfaceFlinger( 1320): attribute vec4 position;
05-02 03:10:56.775 E/SurfaceFlinger( 1320): uniform mat4 projection;
05-02 03:10:56.775 E/SurfaceFlinger( 1320): uniform mat4 texture;
05-02 03:10:56.775 E/SurfaceFlinger( 1320): void main(void) {
05-02 03:10:56.775 E/SurfaceFlinger( 1320):     gl_Position = projection * position;
05-02 03:10:56.775 E/SurfaceFlinger( 1320):     outTexCoords = (texture * texCoords).st;
05-02 03:10:56.775 E/SurfaceFlinger( 1320): }
05-02 03:10:56.775 E/SurfaceFlinger( 1320): 
05-02 03:10:56.775 E/SurfaceFlinger( 1320): öÿÿÿÿÿÿÿŸ!¡WÃq
05-02 03:10:56.775 E/SurfaceFlinger( 1320): Error while compiling shader: 
05-02 03:10:56.775 E/SurfaceFlinger( 1320): precision mediump float;
05-02 03:10:56.775 E/SurfaceFlinger( 1320): uniform sampler2D sampler;
05-02 03:10:56.775 E/SurfaceFlinger( 1320): varying vec2 outTexCoords;
05-02 03:10:56.775 E/SurfaceFlinger( 1320): uniform float alphaPlane;
05-02 03:10:56.775 E/SurfaceFlinger( 1320): void main(void) {
05-02 03:10:56.775 E/SurfaceFlinger( 1320):     gl_FragColor = texture2D(sampler, outTexCoords);
05-02 03:10:56.775 E/SurfaceFlinger( 1320):     gl_FragColor.a = 1.0;
05-02 03:10:56.775 E/SurfaceFlinger( 1320):     gl_FragColor *= alphaPlane;
05-02 03:10:56.775 E/SurfaceFlinger( 1320): }
05-02 03:10:56.775 E/SurfaceFlinger( 1320): 
05-02 03:10:56.775 E/SurfaceFlinger( 1320): öÿÿÿÿÿÿÿŸ!¡WÃq
05-02 03:10:56.776 E/SurfaceFlinger( 1320): Error while linking shaders:
05-02 03:10:56.776 D/SurfaceFlinger( 1320): shader cache generated - 24 shaders in 17.801964 ms
05-02 03:10:56.815 D/SurfaceFlinger( 1320): Set power mode=2, type=0 flinger=0x71c357447000
05-02 03:10:57.317 V/MediaUtils( 1333): physMem: 1043894272
05-02 03:10:57.318 V/MediaUtils( 1333): requested limit: 208778840
05-02 03:10:57.318 V/MediaUtils( 1333): actual limit: 208778840
05-02 03:10:57.318 V/MediaUtils( 1333): original limits: 4294967295/4294967295
05-02 03:10:57.318 V/MediaUtils( 1333): new limits: 208778840/4294967295
05-02 03:10:57.399 W//system/bin/mediaextractor( 1333): libminijail: allowing syscall: socketcall
05-02 03:10:57.399 W//system/bin/mediaextractor( 1333): libminijail: allowing syscall: writev
05-02 03:10:57.399 W//system/bin/mediaextractor( 1333): libminijail: allowing syscall: fcntl64
05-02 03:10:57.400 W//system/bin/mediaextractor( 1333): libminijail: allowing syscall: clock_gettime
05-02 03:10:57.472 W//system/bin/mediaextractor( 1333): libminijail: logging seccomp filter failures
05-02 03:10:57.761 I/mediaserver( 1334): ServiceManager: 0xf123c0a0
05-02 03:10:57.781 W/BatteryNotifier( 1334): batterystats service unavailable!
05-02 03:10:58.465 I/mediaserver( 1331): ServiceManager: 0xe66bc0a0
05-02 03:10:58.645 I/cameraserver( 1326): ServiceManager: 0xecdbc020
05-02 03:10:58.670 I/CameraService( 1326): CameraService started (pid=1326)
05-02 03:10:58.700 I/CameraService( 1326): CameraService process starting
05-02 03:10:58.731 W/BatteryNotifier( 1326): batterystats service unavailable!
05-02 03:10:58.731 W/BatteryNotifier( 1326): batterystats service unavailable!
05-02 03:10:58.858 I/        ( 1325): sMaxFastTracks = 8
05-02 03:10:59.011 I/audioserver( 1325): ServiceManager: 0xf253c020
05-02 03:10:59.020 W/BatteryNotifier( 1325): batterystats service unavailable!
05-02 03:10:59.021 I/AudioFlinger( 1325): Using default 3000 mSec as standby time.
05-02 03:10:59.026 I/AudioPolicyService( 1325): AudioPolicyService CSTOR in new mode
05-02 03:10:59.098 D/EmulatedCamera_QemuClient( 1326): Emulated camera list: 
