05-02 03:10:59.099 D/EmulatedCamera_FakeCamera( 1326): Initialize: Fake camera is facing back
05-02 03:10:59.171 V/EmulatedCamera_Device( 1326): initializeWhiteBalanceModes with auto, 1.000000, 1.000000
05-02 03:10:59.172 V/EmulatedCamera_Device( 1326): initializeWhiteBalanceModes with incandescent, 1.380000, 0.600000
05-02 03:10:59.172 V/EmulatedCamera_Device( 1326): initializeWhiteBalanceModes with daylight, 1.090000, 0.920000
05-02 03:10:59.172 V/EmulatedCamera_Device( 1326): initializeWhiteBalanceModes with twilight, 0.920000, 1.220000
05-02 03:10:59.172 V/EmulatedCamera_Device( 1326): setWhiteBalanceMode with white balance auto
05-02 03:10:59.173 E/EmulatedCamera_Factory( 1326): 1 cameras are being emulated. 0 of them are fake cameras.
05-02 03:10:59.174 E/EmulatedCamera_HotplugThread( 1326): createFileIfNotExists: Could not create file '/data/misc/media/emulator.camera.hotplug.0', error: 'Permission denied' (13)
05-02 03:10:59.177 I/CameraService( 1326): Loaded "Emulated Camera Module" camera module
05-02 03:10:59.177 E/CameraService( 1326): setUpVendorTags: Vendor tag operations not fully defined. Ignoring definitions.
05-02 03:10:59.178 V/EmulatedCamera_Camera( 1326): getCameraInfo
05-02 03:10:59.178 V/EmulatedCamera_BaseCamera( 1326): getCameraInfo
05-02 03:10:59.179 I/CameraFlashlight( 1326): Opening camera 0
05-02 03:10:59.179 V/EmulatedCamera_Camera( 1326): getCameraInfo
05-02 03:10:59.179 V/EmulatedCamera_BaseCamera( 1326): getCameraInfo
05-02 03:10:59.179 V/EmulatedCamera_Camera( 1326): connectCamera
05-02 03:10:59.179 V/EmulatedCamera_FakeDevice( 1326): connectDevice
05-02 03:10:59.181 I/APM::ConfigParsingUtils( 1325): loadAudioPolicyConfig() loaded /system/etc/audio_policy.conf
05-02 03:10:59.188 V/EmulatedCamera_CallbackNotifier( 1326): setCallbacks: 0xed0b4e80, 0xed0b4ed0, 0xed0b4ff0, 0xed0b5110 (0xecdc3140)
05-02 03:10:59.213 D/audio_hw_generic( 1325): Emulator host-side ALSA audio emulation detected.
05-02 03:10:59.215 D/audio_hw_generic( 1325): mixer 0 name Master Playback Volume
05-02 03:10:59.215 D/audio_hw_generic( 1325): set ctl 0 to 100
05-02 03:10:59.216 D/audio_hw_generic( 1325): set ctl 1 to 100
05-02 03:10:59.216 D/audio_hw_generic( 1325): mixer 1 name Master Playback Switch
05-02 03:10:59.216 D/audio_hw_generic( 1325): set ctl 0 to 1
05-02 03:10:59.217 D/audio_hw_generic( 1325): set ctl 1 to 1
05-02 03:10:59.217 D/audio_hw_generic( 1325): mixer 2 name Capture Volume
05-02 03:10:59.217 D/audio_hw_generic( 1325): set ctl 0 to 100
05-02 03:10:59.217 D/audio_hw_generic( 1325): set ctl 1 to 100
05-02 03:10:59.217 D/audio_hw_generic( 1325): mixer 3 name Capture Switch
05-02 03:10:59.217 D/audio_hw_generic( 1325): set ctl 0 to 1
05-02 03:10:59.217 D/audio_hw_generic( 1325): set ctl 1 to 1
05-02 03:10:59.217 D/audio_hw_generic( 1325): mixer 4 name Line Phantom Jack
05-02 03:10:59.217 D/audio_hw_generic( 1325): mixer 5 name Line Out Phantom Jack
05-02 03:10:59.217 D/audio_hw_generic( 1325): mixer 6 name Playback Channel Map
05-02 03:10:59.218 D/audio_hw_generic( 1325): mixer 7 name Capture Channel Map
05-02 03:10:59.218 I/AudioFlinger( 1325): loadHwModule() Loaded primary audio interface from Generic audio HW HAL (audio) handle 10
05-02 03:10:59.219 I/AudioFlinger( 1325): openOutput(), module 10 Device 2, SamplingRate 48000, Format 0x000001, Channels 3, flags 2
05-02 03:10:59.288 V/EmulatedCamera_Preview( 1326): setPreviewWindow: current: 0x0 -> new: 0xecdc3150
05-02 03:10:59.288 V/EmulatedCamera_Preview( 1326): setPreviewWindow: current: 0xecdc3150 -> new: 0x0
05-02 03:10:59.288 V/EmulatedCamera_Camera( 1326): doStopPreview
05-02 03:10:59.289 V/EmulatedCamera_Preview( 1326): setPreviewWindow: current: 0x0 -> new: 0x0
05-02 03:10:59.289 V/EmulatedCamera_Camera( 1326): releaseCamera
05-02 03:10:59.290 V/EmulatedCamera_Camera( 1326): doStopPreview
05-02 03:10:59.297 V/EmulatedCamera_FakeDevice( 1326): disconnectDevice
05-02 03:10:59.297 W/EmulatedCamera_Device( 1326): Initialize: Emulated camera device is already initialized: mState = 1
05-02 03:10:59.297 D/EmulatedCamera_FakeCamera( 1326): Initialize: Fake camera is facing back
05-02 03:10:59.298 V/EmulatedCamera_Device( 1326): initializeWhiteBalanceModes with auto, 1.000000, 1.000000
05-02 03:10:59.298 V/EmulatedCamera_Device( 1326): initializeWhiteBalanceModes with incandescent, 1.380000, 0.600000
05-02 03:10:59.298 V/EmulatedCamera_Device( 1326): initializeWhiteBalanceModes with daylight, 1.090000, 0.920000
05-02 03:10:59.298 V/EmulatedCamera_Device( 1326): initializeWhiteBalanceModes with twilight, 0.920000, 1.220000
05-02 03:10:59.298 V/EmulatedCamera_Device( 1326): setWhiteBalanceMode with white balance auto
05-02 03:10:59.299 I/CameraFlashlight( 1326): Destroying camera 0
05-02 03:10:59.299 V/EmulatedCamera_Camera( 1326): closeCamera
05-02 03:10:59.299 V/EmulatedCamera_Camera( 1326): doStopPreview
05-02 03:10:59.299 W/EmulatedCamera_Device( 1326): Initialize: Emulated camera device is already initialized: mState = 1
05-02 03:10:59.299 D/EmulatedCamera_FakeCamera( 1326): Initialize: Fake camera is facing back
05-02 03:10:59.299 V/EmulatedCamera_Device( 1326): initializeWhiteBalanceModes with auto, 1.000000, 1.000000
05-02 03:10:59.299 V/EmulatedCamera_Device( 1326): initializeWhiteBalanceModes with incandescent, 1.380000, 0.600000
05-02 03:10:59.299 V/EmulatedCamera_Device( 1326): initializeWhiteBalanceModes with daylight, 1.090000, 0.920000
05-02 03:10:59.299 V/EmulatedCamera_Device( 1326): initializeWhiteBalanceModes with twilight, 0.920000, 1.220000
05-02 03:10:59.299 V/EmulatedCamera_Device( 1326): setWhiteBalanceMode with white balance auto
05-02 03:10:59.321 I/AudioFlinger( 1325): HAL output buffer size 720 frames, normal sink buffer size 1152 frames
05-02 03:10:59.443 V/EmulatedCamera_Camera( 1326): getCameraInfo
05-02 03:10:59.444 V/EmulatedCamera_BaseCamera( 1326): getCameraInfo
05-02 03:10:59.455 I/ServiceManager( 1326): Waiting for service media.camera.proxy...
05-02 03:10:59.462 I/BufferProvider( 1325): found effect "Multichannel Downmix To Stereo" from The Android Open Source Project
05-02 03:10:59.467 I/AudioFlinger( 1325): Using module 10 has the primary audio interface
05-02 03:10:59.481 I/AudioFlinger( 1325): AudioFlinger's thread 0xf1f83ac0 ready to run
05-02 03:10:59.510 W/BatteryNotifier( 1325): batterystats service unavailable!
05-02 03:10:59.554 W/BatteryNotifier( 1325): batterystats service unavailable!
05-02 03:10:59.590 W/BatteryNotifier( 1325): batterystats service unavailable!
05-02 03:10:59.592 W/AudioFlinger( 1325): no wake lock to update, system not ready yet
05-02 03:10:59.901 I/AudioFlinger( 1325): AudioFlinger's thread 0xf1a83c00 ready to run
05-02 03:10:59.957 I/r_submix( 1325): adev_open(name=audio_hw_if)
05-02 03:10:59.958 I/r_submix( 1325): adev_init_check()
05-02 03:10:59.958 I/AudioFlinger( 1325): loadHwModule() Loaded r_submix audio interface from Wifi Display audio HAL (audio) handle 18
05-02 03:10:59.958 D/r_submix( 1325): adev_open_input_stream(addr=0)
05-02 03:10:59.959 D/r_submix( 1325): submix_audio_device_create_pipe_l(addr=0, idx=9)
05-02 03:10:59.959 D/r_submix( 1325):   now using address 0 for route 9
05-02 03:11:00.020 I/AudioFlinger( 1325): AudioFlinger's thread 0xf1b83b80 ready to run
05-02 03:11:00.021 D/r_submix( 1325): adev_close_input_stream()
05-02 03:11:00.021 D/r_submix( 1325): submix_audio_device_release_pipe_l(idx=9) addr=0
05-02 03:11:00.021 D/r_submix( 1325): submix_audio_device_destroy_pipe_l(): pipe destroyed
05-02 03:11:00.025 I/RadioService( 1325): RadioService
05-02 03:11:00.026 I/RadioService( 1325): onFirstRef
05-02 03:11:00.026 E/RadioService( 1325): couldn't load radio module radio.primary (No such file or directory)
05-02 03:11:00.042 E/SoundTriggerHwService( 1325): couldn't load sound trigger module sound_trigger.primary (No such file or directory)
05-02 03:11:00.458 I/ServiceManager( 1326): Waiting for service media.camera.proxy...
05-02 03:11:01.460 I/ServiceManager( 1326): Waiting for service media.camera.proxy...
05-02 03:11:02.463 I/ServiceManager( 1326): Waiting for service media.camera.proxy...
05-02 03:11:02.610 W/BatteryNotifier( 1325): batterystats service unavailable!
05-02 03:11:03.470 I/ServiceManager( 1326): Waiting for service media.camera.proxy...
05-02 03:11:10.263 E/SurfaceFlinger( 1320): ro.sf.lcd_density must be defined as a build property
05-02 03:11:10.359 D/libEGL  ( 1772): Emulator without GPU support detected. Fallback to legacy software renderer, qemu.gles is set to 0.
05-02 03:11:10.477 D/AndroidRuntime( 1323): >>>>>> START com.android.internal.os.ZygoteInit uid 0 <<<<<<
05-02 03:11:10.528 D/libEGL  ( 1772): loaded /system/lib64/egl/libGLES_android.so
05-02 03:11:10.555 E/hostapd ( 1889): Configuration file: /system/etc/simulated_hostapd.conf
05-02 03:11:10.912 E/ipv6proxy( 1883): Failed to forward Router Advertisement from eth0 to wlan1: Network is unreachable
05-02 03:11:10.983 D/AndroidRuntime( 1324): >>>>>> START com.android.internal.os.ZygoteInit uid 0 <<<<<<
05-02 03:11:11.024 D/gralloc_ranchu( 1772): Emulator without host-side GPU emulation detected. Loading gralloc.default.so from /vendor/lib64/hw/gralloc.goldfish.default.so...
05-02 03:11:11.027 D/gralloc_ranchu( 1772): gralloc.default.so not found in /vendor. Trying /system/lib64/hw/gralloc.goldfish.default.so...
05-02 03:11:11.137 I/hostapd ( 1889): rfkill: Cannot get wiphy information
05-02 03:11:11.170 I/hostapd ( 1889): nl80211: Could not re-add multicast membership for vendor events: -2 (No such file or directory)
05-02 03:11:11.172 I/hostapd ( 1889): wlan1: interface state UNINITIALIZED->COUNTRY_UPDATE
05-02 03:11:11.651 D/AndroidRuntime( 1323): CheckJNI is ON
05-02 03:11:11.831 D/AndroidRuntime( 1324): CheckJNI is ON
05-02 03:11:11.961 I/art     ( 1323): option[0]=-Xzygote
05-02 03:11:11.961 I/art     ( 1323): option[1]=-Xcheck:jni
05-02 03:11:11.962 I/art     ( 1323): option[2]=-Xstacktracefile:/data/anr/traces.txt
05-02 03:11:11.962 I/art     ( 1323): option[3]=exit
05-02 03:11:11.962 I/art     ( 1323): option[4]=vfprintf
05-02 03:11:11.962 I/art     ( 1323): option[5]=sensitiveThread
05-02 03:11:11.962 I/art     ( 1323): option[6]=-verbose:gc
05-02 03:11:11.962 I/art     ( 1323): option[7]=-Xms4m
05-02 03:11:11.962 I/art     ( 1323): option[8]=-Xmx256m
05-02 03:11:11.962 I/art     ( 1323): option[9]=-Xusejit:true
05-02 03:11:11.962 I/art     ( 1323): option[10]=-Xjitsaveprofilinginfo
05-02 03:11:11.962 I/art     ( 1323): option[11]=-agentlib:jdwp=transport=dt_android_adb,suspend=n,server=y
05-02 03:11:11.962 I/art     ( 1323): option[12]=-Xlockprofthreshold:500
05-02 03:11:11.962 I/art     ( 1323): option[13]=-Ximage-compiler-option
05-02 03:11:11.962 I/art     ( 1323): option[14]=--runtime-arg
05-02 03:11:11.962 I/art     ( 1323): option[15]=-Ximage-compiler-option
05-02 03:11:11.962 I/art     ( 1323): option[16]=-Xms64m
05-02 03:11:11.962 I/art     ( 1323): option[17]=-Ximage-compiler-option
05-02 03:11:11.962 I/art     ( 1323): option[18]=--runtime-arg
05-02 03:11:11.962 I/art     ( 1323): option[19]=-Ximage-compiler-option
05-02 03:11:11.962 I/art     ( 1323): option[20]=-Xmx64m
05-02 03:11:11.962 I/art     ( 1323): option[21]=-Ximage-compiler-option
05-02 03:11:11.963 I/art     ( 1323): option[22]=--image-classes=/system/etc/preloaded-classes
05-02 03:11:11.963 I/art     ( 1323): option[23]=-Ximage-compiler-option
05-02 03:11:11.963 I/art     ( 1323): option[24]=--compiled-classes=/system/etc/compiled-classes
05-02 03:11:11.963 I/art     ( 1323): option[25]=-Xcompiler-option
05-02 03:11:11.963 I/art     ( 1323): option[26]=--runtime-arg
05-02 03:11:11.963 I/art     ( 1323): option[27]=-Xcompiler-option
05-02 03:11:11.963 I/art     ( 1323): option[28]=-Xms64m
05-02 03:11:11.963 I/art     ( 1323): option[29]=-Xcompiler-option
05-02 03:11:11.963 I/art     ( 1323): option[30]=--runtime-arg
05-02 03:11:11.963 I/art     ( 1323): option[31]=-Xcompiler-option
05-02 03:11:11.963 I/art     ( 1323): option[32]=-Xmx512m
05-02 03:11:11.963 I/art     ( 1323): option[33]=-Ximage-compiler-option
05-02 03:11:11.963 I/art     ( 1323): option[34]=--instruction-set-variant=x86_64
05-02 03:11:11.963 I/art     ( 1323): option[35]=-Xcompiler-option
05-02 03:11:11.963 I/art     ( 1323): option[36]=--instruction-set-variant=x86_64
05-02 03:11:11.963 I/art     ( 1323): option[37]=-Ximage-compiler-option
05-02 03:11:11.963 I/art     ( 1323): option[38]=--instruction-set-features=default
05-02 03:11:11.963 I/art     ( 1323): option[39]=-Xcompiler-option
05-02 03:11:11.963 I/art     ( 1323): option[40]=--instruction-set-features=default
05-02 03:11:11.963 I/art     ( 1323): option[41]=-Duser.locale=en-US
05-02 03:11:11.963 I/art     ( 1323): option[42]=--cpu-abilist=x86_64
05-02 03:11:11.963 I/art     ( 1323): option[43]=-Xfingerprint:Android/sdk_phone_x86_64/generic_x86_64:7.1.1/NYC/4931657:userdebug/test-keys
05-02 03:11:12.060 I/art     ( 1324): option[0]=-Xzygote
05-02 03:11:12.061 I/art     ( 1324): option[1]=-Xcheck:jni
05-02 03:11:12.061 I/art     ( 1324): option[2]=-Xstacktracefile:/data/anr/traces.txt
05-02 03:11:12.061 I/art     ( 1324): option[3]=exit
05-02 03:11:12.061 I/art     ( 1324): option[4]=vfprintf
05-02 03:11:12.061 I/art     ( 1324): option[5]=sensitiveThread
05-02 03:11:12.061 I/art     ( 1324): option[6]=-verbose:gc
05-02 03:11:12.061 I/art     ( 1324): option[7]=-Xms4m
05-02 03:11:12.061 I/art     ( 1324): option[8]=-Xmx256m
05-02 03:11:12.061 I/art     ( 1324): option[9]=-Xusejit:true
05-02 03:11:12.061 I/art     ( 1324): option[10]=-Xjitsaveprofilinginfo
05-02 03:11:12.062 I/art     ( 1324): option[11]=-agentlib:jdwp=transport=dt_android_adb,suspend=n,server=y
05-02 03:11:12.062 I/art     ( 1324): option[12]=-Xlockprofthreshold:500
05-02 03:11:12.062 I/art     ( 1324): option[13]=-Ximage-compiler-option
05-02 03:11:12.062 I/art     ( 1324): option[14]=--runtime-arg
05-02 03:11:12.062 I/art     ( 1324): option[15]=-Ximage-compiler-option
05-02 03:11:12.062 I/art     ( 1324): option[16]=-Xms64m
05-02 03:11:12.062 I/art     ( 1324): option[17]=-Ximage-compiler-option
05-02 03:11:12.062 I/art     ( 1324): option[18]=--runtime-arg
05-02 03:11:12.062 I/art     ( 1324): option[19]=-Ximage-compiler-option
05-02 03:11:12.062 I/art     ( 1324): option[20]=-Xmx64m
05-02 03:11:12.062 I/art     ( 1324): option[21]=-Ximage-compiler-option
05-02 03:11:12.062 I/art     ( 1324): option[22]=--image-classes=/system/etc/preloaded-classes
05-02 03:11:12.062 I/art     ( 1324): option[23]=-Ximage-compiler-option
05-02 03:11:12.062 I/art     ( 1324): option[24]=--compiled-classes=/system/etc/compiled-classes
05-02 03:11:12.062 I/art     ( 1324): option[25]=-Xcompiler-option
05-02 03:11:12.062 I/art     ( 1324): option[26]=--runtime-arg
05-02 03:11:12.062 I/art     ( 1324): option[27]=-Xcompiler-option
05-02 03:11:12.062 I/art     ( 1324): option[28]=-Xms64m
05-02 03:11:12.063 I/art     ( 1324): option[29]=-Xcompiler-option
05-02 03:11:12.063 I/art     ( 1324): option[30]=--runtime-arg
05-02 03:11:12.063 I/art     ( 1324): option[31]=-Xcompiler-option
05-02 03:11:12.063 I/art     ( 1324): option[32]=-Xmx512m
05-02 03:11:12.063 I/art     ( 1324): option[33]=-Ximage-compiler-option
05-02 03:11:12.063 I/art     ( 1324): option[34]=--instruction-set-variant=x86
05-02 03:11:12.063 I/art     ( 1324): option[35]=-Xcompiler-option
05-02 03:11:12.063 I/art     ( 1324): option[36]=--instruction-set-variant=x86
05-02 03:11:12.063 I/art     ( 1324): option[37]=-Ximage-compiler-option
05-02 03:11:12.063 I/art     ( 1324): option[38]=--instruction-set-features=default
05-02 03:11:12.063 I/art     ( 1324): option[39]=-Xcompiler-option
05-02 03:11:12.063 I/art     ( 1324): option[40]=--instruction-set-features=default
05-02 03:11:12.063 I/art     ( 1324): option[41]=-Duser.locale=en-US
05-02 03:11:12.063 I/art     ( 1324): option[42]=--cpu-abilist=x86
05-02 03:11:12.063 I/art     ( 1324): option[43]=-Xfingerprint:Android/sdk_phone_x86_64/generic_x86_64:7.1.1/NYC/4931657:userdebug/test-keys
05-02 03:11:16.183 I/hostapd ( 1889): wlan1: interface state COUNTRY_UPDATE->HT_SCAN
05-02 03:11:17.654 E/hostapd ( 1889): Using interface wlan1 with hwaddr 02:00:00:00:01:00 and ssid "AndroidWifi"
05-02 03:11:17.914 I/hostapd ( 1889): wlan1: interface state HT_SCAN->ENABLED
05-02 03:11:18.020 I/hostapd ( 1889): wlan1: AP-ENABLED 
05-02 03:11:20.040 D/ICU     ( 1324): No timezone override file found: /data/misc/zoneinfo/current/icu/icu_tzdata.dat
05-02 03:11:20.781 D/ICU     ( 1323): No timezone override file found: /data/misc/zoneinfo/current/icu/icu_tzdata.dat
05-02 03:11:24.799 E/memtrack( 1324): Couldn't load memtrack module (No such file or directory)
05-02 03:11:24.799 E/android.os.Debug( 1324): failed to load memtrack module: -2
05-02 03:11:24.971 I/Radio-JNI( 1324): register_android_hardware_Radio DONE
05-02 03:11:25.032 E/memtrack( 1323): Couldn't load memtrack module (No such file or directory)
05-02 03:11:25.032 E/android.os.Debug( 1323): failed to load memtrack module: -2
05-02 03:11:25.141 I/Radio-JNI( 1323): register_android_hardware_Radio DONE
05-02 03:11:25.420 I/SamplingProfilerIntegration( 1324): Profiling disabled.
05-02 03:11:25.563 D/Zygote  ( 1324): begin preload
05-02 03:11:25.563 I/Zygote  ( 1324): Installing ICU cache reference pinning...
05-02 03:11:25.687 I/SamplingProfilerIntegration( 1323): Profiling disabled.
05-02 03:11:25.700 I/Zygote  ( 1324): Preloading ICU data...
05-02 03:11:25.752 D/Zygote  ( 1323): begin preload
05-02 03:11:25.752 I/Zygote  ( 1323): Installing ICU cache reference pinning...
05-02 03:11:25.760 I/Zygote  ( 1323): Preloading ICU data...
05-02 03:11:28.078 I/Zygote  ( 1323): Preloading classes...
05-02 03:11:28.164 I/Zygote  ( 1324): Preloading classes...
05-02 03:11:28.480 W/Zygote  ( 1324): Class not found for preloading: [Landroid.view.Display$ColorTransform;
05-02 03:11:28.532 W/Zygote  ( 1323): Class not found for preloading: [Landroid.view.Display$ColorTransform;
05-02 03:11:35.181 E/Typeface( 1323): Error mapping font file /system/fonts/DroidSansFallback.ttf
05-02 03:11:35.302 E/Typeface( 1324): Error mapping font file /system/fonts/DroidSansFallback.ttf
05-02 03:11:40.511 W/art     ( 1324): Suspending all threads took: 18.081ms
05-02 03:11:40.715 I/art     ( 1324): Background concurrent mark sweep GC freed 21944(2MB) AllocSpace objects, 122(2MB) LOS objects, 33% free, 2MB/4MB, paused 65.483ms total 475.599ms
05-02 03:11:41.026 W/art     ( 1323): Suspending all threads took: 30.997ms
05-02 03:11:41.222 I/art     ( 1323): Background concurrent mark sweep GC freed 21949(2MB) AllocSpace objects, 104(1924KB) LOS objects, 33% free, 2MB/4MB, paused 34.572ms total 772.625ms
05-02 03:11:41.302 I/art     ( 1324): Thread[1,tid=1324,Native,Thread*=0xeca8b400,peer=0x12c060d0,"main"] recursive attempt to load library "/system/lib/libmedia_jni.so"
05-02 03:11:41.312 D/MtpDeviceJNI( 1324): register_android_mtp_MtpDevice
05-02 03:11:41.314 I/art     ( 1324): Thread[1,tid=1324,Native,Thread*=0xeca8b400,peer=0x12c060d0,"main"] recursive attempt to load library "/system/lib/libmedia_jni.so"
05-02 03:11:41.315 I/art     ( 1324): Thread[1,tid=1324,Native,Thread*=0xeca8b400,peer=0x12c060d0,"main"] recursive attempt to load library "/system/lib/libmedia_jni.so"
05-02 03:11:42.177 I/art     ( 1323): Thread[1,tid=1323,Native,Thread*=0x73916a495a00,peer=0x12c060d0,"main"] recursive attempt to load library "/system/lib64/libmedia_jni.so"
05-02 03:11:42.231 D/MtpDeviceJNI( 1323): register_android_mtp_MtpDevice
05-02 03:11:42.235 I/art     ( 1323): Thread[1,tid=1323,Native,Thread*=0x73916a495a00,peer=0x12c060d0,"main"] recursive attempt to load library "/system/lib64/libmedia_jni.so"
05-02 03:11:42.236 I/art     ( 1323): Thread[1,tid=1323,Native,Thread*=0x73916a495a00,peer=0x12c060d0,"main"] recursive attempt to load library "/system/lib64/libmedia_jni.so"
05-02 03:11:43.520 W/art     ( 1323): Suspending all threads took: 19.281ms
05-02 03:11:43.653 I/art     ( 1323): Background sticky concurrent mark sweep GC freed 4367(1920KB) AllocSpace objects, 23(420KB) LOS objects, 63% free, 1602KB/4MB, paused 36.277ms total 323.461ms
05-02 03:11:45.152 V/NatController( 1335): runCmd(/system/bin/iptables -w -F natctrl_FORWARD) res=0
05-02 03:11:45.247 W/Zygote  ( 1324): Class not found for preloading: android.view.Display$ColorTransform
05-02 03:11:45.247 W/Zygote  ( 1324): Class not found for preloading: android.view.Display$ColorTransform$1
05-02 03:11:45.344 W/Zygote  ( 1323): Class not found for preloading: android.view.Display$ColorTransform
05-02 03:11:45.345 W/Zygote  ( 1323): Class not found for preloading: android.view.Display$ColorTransform$1
05-02 03:11:45.402 V/NatController( 1335): runCmd(/system/bin/ip6tables -w -F natctrl_FORWARD) res=0
05-02 03:11:45.562 V/NatController( 1335): runCmd(/system/bin/iptables -w -A natctrl_FORWARD -j DROP) res=0
05-02 03:11:45.653 V/NatController( 1335): runCmd(/system/bin/iptables -w -t nat -F natctrl_nat_POSTROUTING) res=0
05-02 03:11:45.742 V/NatController( 1335): runCmd(/system/bin/ip6tables -w -t raw -F natctrl_raw_PREROUTING) res=0
05-02 03:11:46.052 W/art     ( 1324): Suspending all threads took: 81.440ms
05-02 03:11:46.100 V/NatController( 1335): runCmd(/system/bin/iptables -w -F natctrl_tether_counters) res=1
05-02 03:11:46.255 I/art     ( 1324): Background sticky concurrent mark sweep GC freed 9118(2MB) AllocSpace objects, 10(160KB) LOS objects, 65% free, 1532KB/4MB, paused 110.752ms total 382.247ms
05-02 03:11:46.429 V/NatController( 1335): runCmd(/system/bin/ip6tables -w -F natctrl_tether_counters) res=1
05-02 03:11:46.685 V/NatController( 1335): runCmd(/system/bin/iptables -w -X natctrl_tether_counters) res=1
05-02 03:11:47.328 V/NatController( 1335): runCmd(/system/bin/ip6tables -w -X natctrl_tether_counters) res=1
05-02 03:11:47.825 V/NatController( 1335): runCmd(/system/bin/iptables -w -N natctrl_tether_counters) res=0
05-02 03:11:48.446 V/NatController( 1335): runCmd(/system/bin/ip6tables -w -N natctrl_tether_counters) res=0
05-02 03:11:48.742 V/NatController( 1335): runCmd(/system/bin/iptables -w -t mangle -A natctrl_mangle_FORWARD -p tcp --tcp-flags SYN SYN -j TCPMSS --clamp-mss-to-pmtu) res=0
05-02 03:11:50.048 I/System  ( 1323): Loaded time zone names for "" in 1467ms (1391ms in ICU)
05-02 03:11:50.367 I/System  ( 1324): Loaded time zone names for "" in 1311ms (1306ms in ICU)
05-02 03:11:50.919 I/System  ( 1324): Loaded time zone names for "en_US" in 551ms (499ms in ICU)
05-02 03:11:51.092 I/System  ( 1323): Loaded time zone names for "en_US" in 1042ms (988ms in ICU)
05-02 03:11:51.962 I/Zygote  ( 1324): ...preloaded 4158 classes in 23796ms.
05-02 03:11:51.964 I/art     ( 1324): VMRuntime.preloadDexCaches starting
05-02 03:11:52.094 I/Zygote  ( 1323): ...preloaded 4158 classes in 24015ms.
05-02 03:11:52.096 I/art     ( 1323): VMRuntime.preloadDexCaches starting
05-02 03:11:53.614 E/Netd    ( 1335): cannot find interface dummy0
05-02 03:11:53.668 D/MDnsDS  ( 1335): MDnsSdListener::Hander starting up
05-02 03:11:53.737 I/art     ( 1323): VMRuntime.preloadDexCaches strings total=283712 before=39625 after=39625
05-02 03:11:53.737 I/art     ( 1323): VMRuntime.preloadDexCaches types total=23581 before=7877 after=7904
05-02 03:11:53.737 I/art     ( 1323): VMRuntime.preloadDexCaches fields total=112007 before=40903 after=41117
05-02 03:11:53.737 I/art     ( 1323): VMRuntime.preloadDexCaches methods total=197534 before=82457 after=83017
05-02 03:11:53.737 I/art     ( 1323): VMRuntime.preloadDexCaches finished
05-02 03:11:53.788 I/Zygote  ( 1323): Preloading resources...
05-02 03:11:53.833 D/MDnsDS  ( 1335): MDnsSdListener starting to monitor
05-02 03:11:53.833 D/MDnsDS  ( 1335): Going to poll with pollCount 1
05-02 03:11:54.087 I/art     ( 1324): VMRuntime.preloadDexCaches strings total=283712 before=39625 after=39625
05-02 03:11:54.087 I/art     ( 1324): VMRuntime.preloadDexCaches types total=23581 before=7877 after=7904
05-02 03:11:54.087 I/art     ( 1324): VMRuntime.preloadDexCaches fields total=112007 before=40903 after=41117
05-02 03:11:54.087 I/art     ( 1324): VMRuntime.preloadDexCaches methods total=197534 before=82457 after=83017
05-02 03:11:54.088 I/art     ( 1324): VMRuntime.preloadDexCaches finished
05-02 03:11:54.153 I/Zygote  ( 1324): Preloading resources...
05-02 03:11:55.551 W/Resources( 1323): Preloaded drawable resource #0x108025c (android:drawable/dialog_background_material) that varies with configuration!!
05-02 03:11:55.587 W/Resources( 1324): Preloaded drawable resource #0x108025c (android:drawable/dialog_background_material) that varies with configuration!!
05-02 03:11:55.618 W/Resources( 1323): Preloaded drawable resource #0x1080298 (android:drawable/editbox_dropdown_background_dark) that varies with configuration!!
05-02 03:11:55.624 W/Resources( 1324): Preloaded drawable resource #0x1080298 (android:drawable/editbox_dropdown_background_dark) that varies with configuration!!
05-02 03:11:55.740 W/Resources( 1324): Preloaded color resource #0x10600e2 (android:color/material_grey_800) that varies with configuration!!
05-02 03:11:55.751 W/Resources( 1324): Preloaded drawable resource #0x10802c9 (android:drawable/floating_popup_background_dark) that varies with configuration!!
05-02 03:11:55.822 W/Resources( 1323): Preloaded color resource #0x10600e2 (android:color/material_grey_800) that varies with configuration!!
05-02 03:11:55.823 W/Resources( 1323): Preloaded drawable resource #0x10802c9 (android:drawable/floating_popup_background_dark) that varies with configuration!!
05-02 03:11:56.342 I/art     ( 1324): Background concurrent mark sweep GC freed 19185(1203KB) AllocSpace objects, 1(20KB) LOS objects, 53% free, 3MB/7MB, paused 2.053ms total 338.042ms
05-02 03:11:56.405 W/Resources( 1324): Preloaded drawable resource #0x108030b (android:drawable/ic_clear_disabled) that varies with configuration!!
05-02 03:11:56.407 W/Resources( 1324): Preloaded drawable resource #0x1080310 (android:drawable/ic_clear_normal) that varies with configuration!!
05-02 03:11:56.474 W/Resources( 1324): Preloaded drawable resource #0x1080359 (android:drawable/ic_go) that varies with configuration!!
05-02 03:11:56.511 I/art     ( 1323): Background concurrent mark sweep GC freed 23895(1485KB) AllocSpace objects, 6(112KB) LOS objects, 55% free, 3MB/7MB, paused 1.339ms total 317.461ms
05-02 03:11:56.713 W/Resources( 1324): Preloaded drawable resource #0x1080038 (android:drawable/ic_menu_close_clear_cancel) that varies with configuration!!
05-02 03:11:56.806 W/Resources( 1324): Preloaded drawable resource #0x1080045 (android:drawable/ic_menu_more) that varies with configuration!!
05-02 03:11:56.853 W/Resources( 1323): Preloaded drawable resource #0x108030b (android:drawable/ic_clear_disabled) that varies with configuration!!
05-02 03:11:56.855 W/Resources( 1323): Preloaded drawable resource #0x1080310 (android:drawable/ic_clear_normal) that varies with configuration!!
05-02 03:11:56.918 W/Resources( 1323): Preloaded drawable resource #0x1080359 (android:drawable/ic_go) that varies with configuration!!
05-02 03:11:57.095 W/Resources( 1323): Preloaded drawable resource #0x1080038 (android:drawable/ic_menu_close_clear_cancel) that varies with configuration!!
05-02 03:11:57.108 W/Resources( 1323): Preloaded drawable resource #0x1080045 (android:drawable/ic_menu_more) that varies with configuration!!
05-02 03:11:57.212 W/Resources( 1323): Preloaded drawable resource #0x10804e8 (android:drawable/menu_background_fill_parent_width) that varies with configuration!!
05-02 03:11:57.279 W/Resources( 1324): Preloaded drawable resource #0x10804e8 (android:drawable/menu_background_fill_parent_width) that varies with configuration!!
05-02 03:11:58.086 W/Resources( 1323): Preloaded drawable resource #0x108077e (android:drawable/text_edit_paste_window) that varies with configuration!!
05-02 03:11:58.153 W/Resources( 1323): Preloaded drawable resource #0x1080096 (android:drawable/toast_frame) that varies with configuration!!
05-02 03:11:58.154 I/Zygote  ( 1323): ...preloaded 114 resources in 4366ms.
05-02 03:11:58.297 W/Resources( 1323): Preloaded color resource #0x106010b (android:color/background_cache_hint_selector_material_dark) that varies with configuration!!
05-02 03:11:58.322 W/Resources( 1323): Preloaded color resource #0x1060110 (android:color/btn_default_material_dark) that varies with configuration!!
05-02 03:11:58.341 I/Zygote  ( 1323): ...preloaded 41 resources in 176ms.
05-02 03:11:58.342 D/libEGL  ( 1323): Emulator without GPU support detected. Fallback to legacy software renderer, qemu.gles is set to 0.
05-02 03:11:58.365 D/libEGL  ( 1323): loaded /system/lib64/egl/libGLES_android.so
05-02 03:11:59.122 I/Zygote  ( 1323): Preloading shared libraries...
05-02 03:11:59.135 W/Resources( 1324): Preloaded drawable resource #0x108077e (android:drawable/text_edit_paste_window) that varies with configuration!!
05-02 03:11:59.282 E/Hyphenator( 1323): error loading hyphenation /system/usr/hyphen-data/hyph-as.hyb
05-02 03:11:59.282 E/Hyphenator( 1323): java.io.FileNotFoundException: /system/usr/hyphen-data/hyph-as.hyb: open failed: ENOENT (No such file or directory)
05-02 03:11:59.282 E/Hyphenator( 1323): 	at libcore.io.IoBridge.open(IoBridge.java:455)
05-02 03:11:59.282 E/Hyphenator( 1323): 	at java.io.RandomAccessFile.<init>(RandomAccessFile.java:247)
05-02 03:11:59.282 E/Hyphenator( 1323): 	at android.text.Hyphenator.loadHyphenator(Hyphenator.java:118)
05-02 03:11:59.282 E/Hyphenator( 1323): 	at android.text.Hyphenator.init(Hyphenator.java:224)
05-02 03:11:59.282 E/Hyphenator( 1323): 	at com.android.internal.os.ZygoteInit.preloadTextResources(ZygoteInit.java:252)
05-02 03:11:59.282 E/Hyphenator( 1323): 	at com.android.internal.os.ZygoteInit.preload(ZygoteInit.java:206)
05-02 03:11:59.282 E/Hyphenator( 1323): 	at com.android.internal.os.ZygoteInit.main(ZygoteInit.java:743)
05-02 03:11:59.282 E/Hyphenator( 1323): Caused by: android.system.ErrnoException: open failed: ENOENT (No such file or directory)
05-02 03:11:59.282 E/Hyphenator( 1323): 	at libcore.io.Posix.open(Native Method)
05-02 03:11:59.282 E/Hyphenator( 1323): 	at libcore.io.BlockGuardOs.open(BlockGuardOs.java:187)
05-02 03:11:59.282 E/Hyphenator( 1323): 	at libcore.io.IoBridge.open(IoBridge.java:441)
05-02 03:11:59.282 E/Hyphenator( 1323): 	... 6 more
05-02 03:11:59.283 E/Hyphenator( 1323): error loading hyphenation /system/usr/hyphen-data/hyph-bn.hyb
05-02 03:11:59.283 E/Hyphenator( 1323): java.io.FileNotFoundException: /system/usr/hyphen-data/hyph-bn.hyb: open failed: ENOENT (No such file or directory)
05-02 03:11:59.283 E/Hyphenator( 1323): 	at libcore.io.IoBridge.open(IoBridge.java:455)
05-02 03:11:59.283 E/Hyphenator( 1323): 	at java.io.RandomAccessFile.<init>(RandomAccessFile.java:247)
05-02 03:11:59.283 E/Hyphenator( 1323): 	at android.text.Hyphenator.loadHyphenator(Hyphenator.java:118)
05-02 03:11:59.283 E/Hyphenator( 1323): 	at android.text.Hyphenator.init(Hyphenator.java:224)
05-02 03:11:59.283 E/Hyphenator( 1323): 	at com.android.internal.os.ZygoteInit.preloadTextResources(ZygoteInit.java:252)
05-02 03:11:59.283 E/Hyphenator( 1323): 	at com.android.internal.os.ZygoteInit.preload(ZygoteInit.java:206)
05-02 03:11:59.283 E/Hyphenator( 1323): 	at com.android.internal.os.ZygoteInit.main(ZygoteInit.java:743)
05-02 03:11:59.283 E/Hyphenator( 1323): Caused by: android.system.ErrnoException: open failed: ENOENT (No such file or directory)
05-02 03:11:59.283 E/Hyphenator( 1323): 	at libcore.io.Posix.open(Native Method)
05-02 03:11:59.283 E/Hyphenator( 1323): 	at libcore.io.BlockGuardOs.open(BlockGuardOs.java:187)
05-02 03:11:59.283 E/Hyphenator( 1323): 	at libcore.io.IoBridge.open(IoBridge.java:441)
05-02 03:11:59.283 E/Hyphenator( 1323): 	... 6 more
05-02 03:11:59.285 E/Hyphenator( 1323): error loading hyphenation /system/usr/hyphen-data/hyph-cy.hyb
05-02 03:11:59.285 E/Hyphenator( 1323): java.io.FileNotFoundException: /system/usr/hyphen-data/hyph-cy.hyb: open failed: ENOENT (No such file or directory)
05-02 03:11:59.285 E/Hyphenator( 1323): 	at libcore.io.IoBridge.open(IoBridge.java:455)
05-02 03:11:59.285 E/Hyphenator( 1323): 	at java.io.RandomAccessFile.<init>(RandomAccessFile.java:247)
05-02 03:11:59.285 E/Hyphenator( 1323): 	at android.text.Hyphenator.loadHyphenator(Hyphenator.java:118)
05-02 03:11:59.285 E/Hyphenator( 1323): 	at android.text.Hyphenator.init(Hyphenator.java:224)
05-02 03:11:59.285 E/Hyphenator( 1323): 	at com.android.internal.os.ZygoteInit.preloadTextResources(ZygoteInit.java:252)
05-02 03:11:59.285 E/Hyphenator( 1323): 	at com.android.internal.os.ZygoteInit.preload(ZygoteInit.java:206)
05-02 03:11:59.285 E/Hyphenator( 1323): 	at com.android.internal.os.ZygoteInit.main(ZygoteInit.java:743)
05-02 03:11:59.285 E/Hyphenator( 1323): Caused by: android.system.ErrnoException: open failed: ENOENT (No such file or directory)
05-02 03:11:59.285 E/Hyphenator( 1323): 	at libcore.io.Posix.open(Native Method)
05-02 03:11:59.285 E/Hyphenator( 1323): 	at libcore.io.BlockGuardOs.open(BlockGuardOs.java:187)
05-02 03:11:59.285 E/Hyphenator( 1323): 	at libcore.io.IoBridge.open(IoBridge.java:441)
05-02 03:11:59.285 E/Hyphenator( 1323): 	... 6 more
05-02 03:11:59.286 E/Hyphenator( 1323): error loading hyphenation /system/usr/hyphen-data/hyph-da.hyb
05-02 03:11:59.286 E/Hyphenator( 1323): java.io.FileNotFoundException: /system/usr/hyphen-data/hyph-da.hyb: open failed: ENOENT (No such file or directory)
05-02 03:11:59.286 E/Hyphenator( 1323): 	at libcore.io.IoBridge.open(IoBridge.java:455)
05-02 03:11:59.286 E/Hyphenator( 1323): 	at java.io.RandomAccessFile.<init>(RandomAccessFile.java:247)
05-02 03:11:59.286 E/Hyphenator( 1323): 	at android.text.Hyphenator.loadHyphenator(Hyphenator.java:118)
05-02 03:11:59.286 E/Hyphenator( 1323): 	at android.text.Hyphenator.init(Hyphenator.java:224)
05-02 03:11:59.286 E/Hyphenator( 1323): 	at com.android.internal.os.ZygoteInit.preloadTextResources(ZygoteInit.java:252)
05-02 03:11:59.286 E/Hyphenator( 1323): 	at com.android.internal.os.ZygoteInit.preload(ZygoteInit.java:206)
05-02 03:11:59.286 E/Hyphenator( 1323): 	at com.android.internal.os.ZygoteInit.main(ZygoteInit.java:743)
05-02 03:11:59.286 E/Hyphenator( 1323): Caused by: android.system.ErrnoException: open failed: ENOENT (No such file or directory)
05-02 03:11:59.286 E/Hyphenator( 1323): 	at libcore.io.Posix.open(Native Method)
05-02 03:11:59.286 E/Hyphenator( 1323): 	at libcore.io.BlockGuardOs.open(BlockGuardOs.java:187)
05-02 03:11:59.286 E/Hyphenator( 1323): 	at libcore.io.IoBridge.open(IoBridge.java:441)
05-02 03:11:59.286 E/Hyphenator( 1323): 	... 6 more
05-02 03:11:59.287 E/Hyphenator( 1323): error loading hyphenation /system/usr/hyphen-data/hyph-de-1901.hyb
05-02 03:11:59.287 E/Hyphenator( 1323): java.io.FileNotFoundException: /system/usr/hyphen-data/hyph-de-1901.hyb: open failed: ENOENT (No such file or directory)
05-02 03:11:59.287 E/Hyphenator( 1323): 	at libcore.io.IoBridge.open(IoBridge.java:455)
05-02 03:11:59.287 E/Hyphenator( 1323): 	at java.io.RandomAccessFile.<init>(RandomAccessFile.java:247)
05-02 03:11:59.287 E/Hyphenator( 1323): 	at android.text.Hyphenator.loadHyphenator(Hyphenator.java:118)
05-02 03:11:59.287 E/Hyphenator( 1323): 	at android.text.Hyphenator.init(Hyphenator.java:224)
05-02 03:11:59.287 E/Hyphenator( 1323): 	at com.android.internal.os.ZygoteInit.preloadTextResources(ZygoteInit.java:252)
05-02 03:11:59.287 E/Hyphenator( 1323): 	at com.android.internal.os.ZygoteInit.preload(ZygoteInit.java:206)
05-02 03:11:59.287 E/Hyphenator( 1323): 	at com.android.internal.os.ZygoteInit.main(ZygoteInit.java:743)
05-02 03:11:59.287 E/Hyphenator( 1323): Caused by: android.system.ErrnoException: open failed: ENOENT (No such file or directory)
05-02 03:11:59.287 E/Hyphenator( 1323): 	at libcore.io.Posix.open(Native Method)
05-02 03:11:59.287 E/Hyphenator( 1323): 	at libcore.io.BlockGuardOs.open(BlockGuardOs.java:187)
05-02 03:11:59.287 E/Hyphenator( 1323): 	at libcore.io.IoBridge.open(IoBridge.java:441)
05-02 03:11:59.287 E/Hyphenator( 1323): 	... 6 more
05-02 03:11:59.289 E/Hyphenator( 1323): error loading hyphenation /system/usr/hyphen-data/hyph-de-1996.hyb
05-02 03:11:59.289 E/Hyphenator( 1323): java.io.FileNotFoundException: /system/usr/hyphen-data/hyph-de-1996.hyb: open failed: ENOENT (No such file or directory)
05-02 03:11:59.289 E/Hyphenator( 1323): 	at libcore.io.IoBridge.open(IoBridge.java:455)
05-02 03:11:59.289 E/Hyphenator( 1323): 	at java.io.RandomAccessFile.<init>(RandomAccessFile.java:247)
05-02 03:11:59.289 E/Hyphenator( 1323): 	at android.text.Hyphenator.loadHyphenator(Hyphenator.java:118)
05-02 03:11:59.289 E/Hyphenator( 1323): 	at android.text.Hyphenator.init(Hyphenator.java:224)
05-02 03:11:59.289 E/Hyphenator( 1323): 	at com.android.internal.os.ZygoteInit.preloadTextResources(ZygoteInit.java:252)
05-02 03:11:59.289 E/Hyphenator( 1323): 	at com.android.internal.os.ZygoteInit.preload(ZygoteInit.java:206)
05-02 03:11:59.289 E/Hyphenator( 1323): 	at com.android.internal.os.ZygoteInit.main(ZygoteInit.java:743)
05-02 03:11:59.289 E/Hyphenator( 1323): Caused by: android.system.ErrnoException: open failed: ENOENT (No such file or directory)
05-02 03:11:59.289 E/Hyphenator( 1323): 	at libcore.io.Posix.open(Native Method)
05-02 03:11:59.289 E/Hyphenator( 1323): 	at libcore.io.BlockGuardOs.open(BlockGuardOs.java:187)
05-02 03:11:59.289 E/Hyphenator( 1323): 	at libcore.io.IoBridge.open(IoBridge.java:441)
05-02 03:11:59.289 E/Hyphenator( 1323): 	... 6 more
05-02 03:11:59.304 W/Resources( 1324): Preloaded drawable resource #0x1080096 (android:drawable/toast_frame) that varies with configuration!!
05-02 03:11:59.304 I/Zygote  ( 1324): ...preloaded 114 resources in 5150ms.
05-02 03:11:59.311 E/Hyphenator( 1323): error loading hyphenation /system/usr/hyphen-data/hyph-de-ch-1901.hyb
05-02 03:11:59.311 E/Hyphenator( 1323): java.io.FileNotFoundException: /system/usr/hyphen-data/hyph-de-ch-1901.hyb: open failed: ENOENT (No such file or directory)
05-02 03:11:59.311 E/Hyphenator( 1323): 	at libcore.io.IoBridge.open(IoBridge.java:455)
05-02 03:11:59.311 E/Hyphenator( 1323): 	at java.io.RandomAccessFile.<init>(RandomAccessFile.java:247)
05-02 03:11:59.311 E/Hyphenator( 1323): 	at android.text.Hyphenator.loadHyphenator(Hyphenator.java:118)
05-02 03:11:59.311 E/Hyphenator( 1323): 	at android.text.Hyphenator.init(Hyphenator.java:224)
05-02 03:11:59.311 E/Hyphenator( 1323): 	at com.android.internal.os.ZygoteInit.preloadTextResources(ZygoteInit.java:252)
05-02 03:11:59.311 E/Hyphenator( 1323): 	at com.android.internal.os.ZygoteInit.preload(ZygoteInit.java:206)
05-02 03:11:59.311 E/Hyphenator( 1323): 	at com.android.internal.os.ZygoteInit.main(ZygoteInit.java:743)
05-02 03:11:59.311 E/Hyphenator( 1323): Caused by: android.system.ErrnoException: open failed: ENOENT (No such file or directory)
05-02 03:11:59.311 E/Hyphenator( 1323): 	at libcore.io.Posix.open(Native Method)
05-02 03:11:59.311 E/Hyphenator( 1323): 	at libcore.io.BlockGuardOs.open(BlockGuardOs.java:187)
05-02 03:11:59.311 E/Hyphenator( 1323): 	at libcore.io.IoBridge.open(IoBridge.java:441)
05-02 03:11:59.311 E/Hyphenator( 1323): 	... 6 more
05-02 03:11:59.313 E/Hyphenator( 1323): error loading hyphenation /system/usr/hyphen-data/hyph-en-gb.hyb
05-02 03:11:59.313 E/Hyphenator( 1323): java.io.FileNotFoundException: /system/usr/hyphen-data/hyph-en-gb.hyb: open failed: ENOENT (No such file or directory)
05-02 03:11:59.313 E/Hyphenator( 1323): 	at libcore.io.IoBridge.open(IoBridge.java:455)
05-02 03:11:59.313 E/Hyphenator( 1323): 	at java.io.RandomAccessFile.<init>(RandomAccessFile.java:247)
05-02 03:11:59.313 E/Hyphenator( 1323): 	at android.text.Hyphenator.loadHyphenator(Hyphenator.java:118)
05-02 03:11:59.313 E/Hyphenator( 1323): 	at android.text.Hyphenator.init(Hyphenator.java:224)
05-02 03:11:59.313 E/Hyphenator( 1323): 	at com.android.internal.os.ZygoteInit.preloadTextResources(ZygoteInit.java:252)
05-02 03:11:59.313 E/Hyphenator( 1323): 	at com.android.internal.os.ZygoteInit.preload(ZygoteInit.java:206)
05-02 03:11:59.313 E/Hyphenator( 1323): 	at com.android.internal.os.ZygoteInit.main(ZygoteInit.java:743)
05-02 03:11:59.313 E/Hyphenator( 1323): Caused by: android.system.ErrnoException: open failed: ENOENT (No such file or directory)
05-02 03:11:59.313 E/Hyphenator( 1323): 	at libcore.io.Posix.open(Native Method)
05-02 03:11:59.313 E/Hyphenator( 1323): 	at libcore.io.BlockGuardOs.open(BlockGuardOs.java:187)
05-02 03:11:59.313 E/Hyphenator( 1323): 	at libcore.io.IoBridge.open(IoBridge.java:441)
05-02 03:11:59.313 E/Hyphenator( 1323): 	... 6 more
05-02 03:11:59.314 E/Hyphenator( 1323): error loading hyphenation /system/usr/hyphen-data/hyph-en-us.hyb
05-02 03:11:59.314 E/Hyphenator( 1323): java.io.FileNotFoundException: /system/usr/hyphen-data/hyph-en-us.hyb: open failed: ENOENT (No such file or directory)
05-02 03:11:59.314 E/Hyphenator( 1323): 	at libcore.io.IoBridge.open(IoBridge.java:455)
05-02 03:11:59.314 E/Hyphenator( 1323): 	at java.io.RandomAccessFile.<init>(RandomAccessFile.java:247)
05-02 03:11:59.314 E/Hyphenator( 1323): 	at android.text.Hyphenator.loadHyphenator(Hyphenator.java:118)
05-02 03:11:59.314 E/Hyphenator( 1323): 	at android.text.Hyphenator.init(Hyphenator.java:224)
05-02 03:11:59.314 E/Hyphenator( 1323): 	at com.android.internal.os.ZygoteInit.preloadTextResources(ZygoteInit.java:252)
05-02 03:11:59.314 E/Hyphenator( 1323): 	at com.android.internal.os.ZygoteInit.preload(ZygoteInit.java:206)
05-02 03:11:59.314 E/Hyphenator( 1323): 	at com.android.internal.os.ZygoteInit.main(ZygoteInit.java:743)
05-02 03:11:59.314 E/Hyphenator( 1323): Caused by: android.system.ErrnoException: open failed: ENOENT (No such file or directory)
05-02 03:11:59.314 E/Hyphenator( 1323): 	at libcore.io.Posix.open(Native Method)
05-02 03:11:59.314 E/Hyphenator( 1323): 	at libcore.io.BlockGuardOs.open(BlockGuardOs.java:187)
05-02 03:11:59.314 E/Hyphenator( 1323): 	at libcore.io.IoBridge.open(IoBridge.java:441)
05-02 03:11:59.314 E/Hyphenator( 1323): 	... 6 more
05-02 03:11:59.316 E/Hyphenator( 1323): error loading hyphenation /system/usr/hyphen-data/hyph-es.hyb
05-02 03:11:59.316 E/Hyphenator( 1323): java.io.FileNotFoundException: /system/usr/hyphen-data/hyph-es.hyb: open failed: ENOENT (No such file or directory)
05-02 03:11:59.316 E/Hyphenator( 1323): 	at libcore.io.IoBridge.open(IoBridge.java:455)
05-02 03:11:59.316 E/Hyphenator( 1323): 	at java.io.RandomAccessFile.<init>(RandomAccessFile.java:247)
05-02 03:11:59.316 E/Hyphenator( 1323): 	at android.text.Hyphenator.loadHyphenator(Hyphenator.java:118)
05-02 03:11:59.316 E/Hyphenator( 1323): 	at android.text.Hyphenator.init(Hyphenator.java:224)
05-02 03:11:59.316 E/Hyphenator( 1323): 	at com.android.internal.os.ZygoteInit.preloadTextResources(ZygoteInit.java:252)
05-02 03:11:59.316 E/Hyphenator( 1323): 	at com.android.internal.os.ZygoteInit.preload(ZygoteInit.java:206)
05-02 03:11:59.316 E/Hyphenator( 1323): 	at com.android.internal.os.ZygoteInit.main(ZygoteInit.java:743)
05-02 03:11:59.316 E/Hyphenator( 1323): Caused by: android.system.ErrnoException: open failed: ENOENT (No such file or directory)
05-02 03:11:59.316 E/Hyphenator( 1323): 	at libcore.io.Posix.open(Native Method)
05-02 03:11:59.316 E/Hyphenator( 1323): 	at libcore.io.BlockGuardOs.open(BlockGuardOs.java:187)
05-02 03:11:59.316 E/Hyphenator( 1323): 	at libcore.io.IoBridge.open(IoBridge.java:441)
05-02 03:11:59.316 E/Hyphenator( 1323): 	... 6 more
05-02 03:11:59.317 E/Hyphenator( 1323): error loading hyphenation /system/usr/hyphen-data/hyph-et.hyb
05-02 03:11:59.317 E/Hyphenator( 1323): java.io.FileNotFoundException: /system/usr/hyphen-data/hyph-et.hyb: open failed: ENOENT (No such file or directory)
05-02 03:11:59.317 E/Hyphenator( 1323): 	at libcore.io.IoBridge.open(IoBridge.java:455)
05-02 03:11:59.317 E/Hyphenator( 1323): 	at java.io.RandomAccessFile.<init>(RandomAccessFile.java:247)
05-02 03:11:59.317 E/Hyphenator( 1323): 	at android.text.Hyphenator.loadHyphenator(Hyphenator.java:118)
05-02 03:11:59.317 E/Hyphenator( 1323): 	at android.text.Hyphenator.init(Hyphenator.java:224)
05-02 03:11:59.317 E/Hyphenator( 1323): 	at com.android.internal.os.ZygoteInit.preloadTextResources(ZygoteInit.java:252)
05-02 03:11:59.317 E/Hyphenator( 1323): 	at com.android.internal.os.ZygoteInit.preload(ZygoteInit.java:206)
05-02 03:11:59.317 E/Hyphenator( 1323): 	at com.android.internal.os.ZygoteInit.main(ZygoteInit.java:743)
05-02 03:11:59.317 E/Hyphenator( 1323): Caused by: android.system.ErrnoException: open failed: ENOENT (No such file or directory)
05-02 03:11:59.317 E/Hyphenator( 1323): 	at libcore.io.Posix.open(Native Method)
05-02 03:11:59.317 E/Hyphenator( 1323): 	at libcore.io.BlockGuardOs.open(BlockGuardOs.java:187)
05-02 03:11:59.317 E/Hyphenator( 1323): 	at libcore.io.IoBridge.open(IoBridge.java:441)
05-02 03:11:59.317 E/Hyphenator( 1323): 	... 6 more
05-02 03:11:59.318 E/Hyphenator( 1323): error loading hyphenation /system/usr/hyphen-data/hyph-eu.hyb
05-02 03:11:59.318 E/Hyphenator( 1323): java.io.FileNotFoundException: /system/usr/hyphen-data/hyph-eu.hyb: open failed: ENOENT (No such file or directory)
05-02 03:11:59.318 E/Hyphenator( 1323): 	at libcore.io.IoBridge.open(IoBridge.java:455)
05-02 03:11:59.318 E/Hyphenator( 1323): 	at java.io.RandomAccessFile.<init>(RandomAccessFile.java:247)
05-02 03:11:59.318 E/Hyphenator( 1323): 	at android.text.Hyphenator.loadHyphenator(Hyphenator.java:118)
05-02 03:11:59.318 E/Hyphenator( 1323): 	at android.text.Hyphenator.init(Hyphenator.java:224)
05-02 03:11:59.318 E/Hyphenator( 1323): 	at com.android.internal.os.ZygoteInit.preloadTextResources(ZygoteInit.java:252)
05-02 03:11:59.318 E/Hyphenator( 1323): 	at com.android.internal.os.ZygoteInit.preload(ZygoteInit.java:206)
05-02 03:11:59.318 E/Hyphenator( 1323): 	at com.android.internal.os.ZygoteInit.main(ZygoteInit.java:743)
05-02 03:11:59.318 E/Hyphenator( 1323): Caused by: android.system.ErrnoException: open failed: ENOENT (No such file or directory)
05-02 03:11:59.318 E/Hyphenator( 1323): 	at libcore.io.Posix.open(Native Method)
05-02 03:11:59.318 E/Hyphenator( 1323): 	at libcore.io.BlockGuardOs.open(BlockGuardOs.java:187)
05-02 03:11:59.318 E/Hyphenator( 1323): 	at libcore.io.IoBridge.open(IoBridge.java:441)
05-02 03:11:59.318 E/Hyphenator( 1323): 	... 6 more
05-02 03:11:59.320 E/Hyphenator( 1323): error loading hyphenation /system/usr/hyphen-data/hyph-fr.hyb
05-02 03:11:59.320 E/Hyphenator( 1323): java.io.FileNotFoundException: /system/usr/hyphen-data/hyph-fr.hyb: open failed: ENOENT (No such file or directory)
05-02 03:11:59.320 E/Hyphenator( 1323): 	at libcore.io.IoBridge.open(IoBridge.java:455)
05-02 03:11:59.320 E/Hyphenator( 1323): 	at java.io.RandomAccessFile.<init>(RandomAccessFile.java:247)
05-02 03:11:59.320 E/Hyphenator( 1323): 	at android.text.Hyphenator.loadHyphenator(Hyphenator.java:118)
05-02 03:11:59.320 E/Hyphenator( 1323): 	at android.text.Hyphenator.init(Hyphenator.java:224)
05-02 03:11:59.320 E/Hyphenator( 1323): 	at com.android.internal.os.ZygoteInit.preloadTextResources(ZygoteInit.java:252)
05-02 03:11:59.320 E/Hyphenator( 1323): 	at com.android.internal.os.ZygoteInit.preload(ZygoteInit.java:206)
05-02 03:11:59.320 E/Hyphenator( 1323): 	at com.android.internal.os.ZygoteInit.main(ZygoteInit.java:743)
05-02 03:11:59.320 E/Hyphenator( 1323): Caused by: android.system.ErrnoException: open failed: ENOENT (No such file or directory)
05-02 03:11:59.320 E/Hyphenator( 1323): 	at libcore.io.Posix.open(Native Method)
05-02 03:11:59.320 E/Hyphenator( 1323): 	at libcore.io.BlockGuardOs.open(BlockGuardOs.java:187)
05-02 03:11:59.320 E/Hyphenator( 1323): 	at libcore.io.IoBridge.open(IoBridge.java:441)
05-02 03:11:59.320 E/Hyphenator( 1323): 	... 6 more
05-02 03:11:59.328 E/Hyphenator( 1323): error loading hyphenation /system/usr/hyphen-data/hyph-ga.hyb
05-02 03:11:59.328 E/Hyphenator( 1323): java.io.FileNotFoundException: /system/usr/hyphen-data/hyph-ga.hyb: open failed: ENOENT (No such file or directory)
05-02 03:11:59.328 E/Hyphenator( 1323): 	at libcore.io.IoBridge.open(IoBridge.java:455)
05-02 03:11:59.328 E/Hyphenator( 1323): 	at java.io.RandomAccessFile.<init>(RandomAccessFile.java:247)
05-02 03:11:59.328 E/Hyphenator( 1323): 	at android.text.Hyphenator.loadHyphenator(Hyphenator.java:118)
05-02 03:11:59.328 E/Hyphenator( 1323): 	at android.text.Hyphenator.init(Hyphenator.java:224)
05-02 03:11:59.328 E/Hyphenator( 1323): 	at com.android.internal.os.ZygoteInit.preloadTextResources(ZygoteInit.java:252)
05-02 03:11:59.328 E/Hyphenator( 1323): 	at com.android.internal.os.ZygoteInit.preload(ZygoteInit.java:206)
05-02 03:11:59.328 E/Hyphenator( 1323): 	at com.android.internal.os.ZygoteInit.main(ZygoteInit.java:743)
05-02 03:11:59.328 E/Hyphenator( 1323): Caused by: android.system.ErrnoException: open failed: ENOENT (No such file or directory)
05-02 03:11:59.328 E/Hyphenator( 1323): 	at libcore.io.Posix.open(Native Method)
05-02 03:11:59.328 E/Hyphenator( 1323): 	at libcore.io.BlockGuardOs.open(BlockGuardOs.java:187)
05-02 03:11:59.328 E/Hyphenator( 1323): 	at libcore.io.IoBridge.open(IoBridge.java:441)
05-02 03:11:59.328 E/Hyphenator( 1323): 	... 6 more
05-02 03:11:59.329 E/Hyphenator( 1323): error loading hyphenation /system/usr/hyphen-data/hyph-gu.hyb
05-02 03:11:59.329 E/Hyphenator( 1323): java.io.FileNotFoundException: /system/usr/hyphen-data/hyph-gu.hyb: open failed: ENOENT (No such file or directory)
05-02 03:11:59.329 E/Hyphenator( 1323): 	at libcore.io.IoBridge.open(IoBridge.java:455)
05-02 03:11:59.329 E/Hyphenator( 1323): 	at java.io.RandomAccessFile.<init>(RandomAccessFile.java:247)
05-02 03:11:59.329 E/Hyphenator( 1323): 	at android.text.Hyphenator.loadHyphenator(Hyphenator.java:118)
05-02 03:11:59.329 E/Hyphenator( 1323): 	at android.text.Hyphenator.init(Hyphenator.java:224)
05-02 03:11:59.329 E/Hyphenator( 1323): 	at com.android.internal.os.ZygoteInit.preloadTextResources(ZygoteInit.java:252)
