05-24 10:33:41.819 V/vold    ( 1275):     TYPE
05-24 10:33:41.819 V/vold    ( 1275):     -s
05-24 10:33:41.819 V/vold    ( 1275):     UUID
05-24 10:33:41.819 V/vold    ( 1275):     -s
05-24 10:33:41.819 V/vold    ( 1275):     LABEL
05-24 10:33:41.831 D/VoldConnector( 3134): RCV <- {651 public:253,48 1}
05-24 10:33:41.870 V/vold    ( 1275):     /dev/block/vold/public:253,48
05-24 10:33:42.159 W/ProcessCpuTracker( 3134): Skipping unknown process pid 3461
05-24 10:33:42.539 I/art     ( 3376): Waiting for a blocking GC DisableMovingGc
05-24 10:33:42.591 I/art     ( 3376): WaitForGcToComplete blocked for 52.847ms for cause DisableMovingGc
05-24 10:33:42.592 I/art     ( 3376): Starting a blocking GC DisableMovingGc
05-24 10:33:42.994 E/WVMExtractor( 3391): Failed to open libwvm.so: dlopen failed: library "libwvm.so" not found
05-24 10:33:43.142 I/art     ( 3418): System.exit called, status: 0
05-24 10:33:43.144 I/AndroidRuntime( 3418): VM exiting with result code 0, cleanup skipped.
05-24 10:33:43.222 I/MediaPlayerService( 1335): MediaPlayerService::getOMX
05-24 10:33:43.232 I/OMXClient( 1335): MuxOMX ctor
05-24 10:33:43.237 I/OMXMaster( 1332): makeComponentInstance(OMX.google.g711.mlaw.decoder) in mediacodec process
05-24 10:33:43.386 E/NetdConnector( 3134): NDC Command {3 bandwidth enable} took too long (4162ms)
05-24 10:33:43.466 V/vold    ( 1275): /dev/block/vold/public:253,48: LABEL="SDCARD" UUID="1EFF-1C1B" TYPE="vfat" 
05-24 10:33:43.466 V/vold    ( 1275): 
05-24 10:33:43.484 V/vold    ( 1275): /system/bin/fsck_msdos
05-24 10:33:43.484 V/vold    ( 1275):     -p
05-24 10:33:43.484 V/vold    ( 1275):     -f
05-24 10:33:43.484 V/vold    ( 1275):     /dev/block/vold/public:253,48
05-24 10:33:43.485 D/VoldConnector( 3134): RCV <- {652 public:253,48 vfat}
05-24 10:33:43.487 D/VoldConnector( 3134): RCV <- {653 public:253,48 1EFF-1C1B}
05-24 10:33:43.488 D/VoldConnector( 3134): RCV <- {654 public:253,48 SDCARD}
05-24 10:33:44.064 I/art     ( 3425): System.exit called, status: 0
05-24 10:33:44.064 I/AndroidRuntime( 3425): VM exiting with result code 0, cleanup skipped.
05-24 10:33:44.123 I/MediaPlayerService( 1335): MediaPlayerService::getOMX
05-24 10:33:44.203 I/OMXClient( 1335): MuxOMX ctor
05-24 10:33:44.204 I/OMXMaster( 1332): makeComponentInstance(OMX.google.vorbis.decoder) in mediacodec process
05-24 10:33:44.589 I/fsck_msdos( 1275): ** /dev/block/vold/public:253,48
05-24 10:33:44.621 I/fsck_msdos( 1275): ** Phase 1 - Read and Compare FATs
05-24 10:33:44.640 I/fsck_msdos( 1275): Attempting to allocate 1046 KB for FAT
05-24 10:33:44.921 I/fsck_msdos( 1275): Attempting to allocate 1046 KB for FAT
05-24 10:33:45.347 I/MediaPlayerService( 1335): MediaPlayerService::getOMX
05-24 10:33:45.349 I/OMXClient( 1335): MuxOMX ctor
05-24 10:33:45.404 W/InputAttributes( 3376): No editor info for this field. Bug?
05-24 10:33:45.421 I/OMXMaster( 1332): makeComponentInstance(OMX.google.opus.decoder) in mediacodec process
05-24 10:33:45.546 I/fsck_msdos( 1275): ** Phase 2 - Check Cluster Chains
05-24 10:33:45.600 I/fsck_msdos( 1275): ** Phase 3 - Checking Directories
05-24 10:33:45.601 I/fsck_msdos( 1275): ** Phase 4 - Checking for Lost Files
05-24 10:33:45.648 I/fsck_msdos( 1275): 2 files, 534464 free (267232 clusters)
05-24 10:33:45.701 I/Vold    ( 1275): Filesystem check completed OK
05-24 10:33:45.702 D/VoldConnector( 3134): RCV <- {656 public:253,48 /mnt/media_rw/1EFF-1C1B}
05-24 10:33:45.705 D/VoldConnector( 3134): RCV <- {655 public:253,48 /storage/1EFF-1C1B}
05-24 10:33:45.873 V/vold    ( 1275): Waiting for FUSE to spin up...
05-24 10:33:45.931 V/vold    ( 1275): Waiting for FUSE to spin up...
05-24 10:33:45.985 V/vold    ( 1275): Waiting for FUSE to spin up...
05-24 10:33:46.040 V/vold    ( 1275): Waiting for FUSE to spin up...
05-24 10:33:46.100 V/vold    ( 1275): Waiting for FUSE to spin up...
05-24 10:33:46.156 I/LatinIME:LogUtils( 3376): Dictionary info: dictionary = userunigram.en_US ; version = 1621852426 ; date = ?
05-24 10:33:46.161 V/vold    ( 1275): Waiting for FUSE to spin up...
05-24 10:33:46.190 E/ActivityThread( 3376): Failed to find provider info for user_dictionary
05-24 10:33:46.193 I/LatinIME:LogUtils( 3376): Dictionary info: dictionary = UserHistoryDictionary.en_US ; version = 1621852426 ; date = ?
05-24 10:33:46.263 V/vold    ( 1275): Waiting for FUSE to spin up...
05-24 10:33:46.283 E/NetdConnector( 3134): NDC Command {4 strict enable} took too long (2866ms)
05-24 10:33:46.284 W/NetworkManagement( 3134): setDataSaverMode(): already false
05-24 10:33:46.321 V/vold    ( 1275): Waiting for FUSE to spin up...
05-24 10:33:46.380 V/vold    ( 1275): Waiting for FUSE to spin up...
05-24 10:33:46.383 W/sdcard  ( 3503): Device explicitly disabled sdcardfs
05-24 10:33:46.434 V/vold    ( 1275): Waiting for FUSE to spin up...
05-24 10:33:46.500 D/VoldConnector( 3134): RCV <- {651 public:253,48 2}
05-24 10:33:46.558 D/VoldConnector( 3134): RCV <- {200 7 Command succeeded}
05-24 10:33:46.570 E/VoldConnector( 3134): NDC Command {7 volume mount public:253,48 2 0} took too long (4756ms)
05-24 10:33:46.582 W/art     ( 3134): Long monitor contention with owner android.bg (3178) at boolean java.io.UnixFileSystem.rename0(java.io.File, java.io.File)(UnixFileSystem.java:-2) waiters=0 in void com.android.server.pm.ShortcutService.handleOnUidStateChanged(int, int) for 9.476s
05-24 10:33:46.834 I/vol.Events( 3391): writeEvent collection_started
05-24 10:33:47.202 I/MediaPlayerService( 1335): MediaPlayerService::getOMX
05-24 10:33:47.204 I/OMXClient( 1335): MuxOMX ctor
05-24 10:33:47.205 I/OMXMaster( 1332): makeComponentInstance(OMX.google.raw.decoder) in mediacodec process
05-24 10:33:47.214 I/vol.Events( 3391): writeEvent external_ringer_mode_changed normal
05-24 10:33:47.215 I/vol.Events( 3391): writeEvent internal_ringer_mode_changed normal
05-24 10:33:47.311 I/MediaPlayerService( 1335): MediaPlayerService::getOMX
05-24 10:33:47.312 I/OMXClient( 1335): MuxOMX ctor
05-24 10:33:47.313 I/OMXMaster( 1332): makeComponentInstance(OMX.google.aac.encoder) in mediacodec process
05-24 10:33:47.606 I/MediaPlayerService( 1335): MediaPlayerService::getOMX
05-24 10:33:47.608 I/OMXClient( 1335): MuxOMX ctor
05-24 10:33:47.609 I/OMXMaster( 1332): makeComponentInstance(OMX.google.amrnb.encoder) in mediacodec process
05-24 10:33:47.792 I/MediaPlayerService( 1335): MediaPlayerService::getOMX
05-24 10:33:47.794 I/OMXClient( 1335): MuxOMX ctor
05-24 10:33:47.795 I/OMXMaster( 1332): makeComponentInstance(OMX.google.amrwb.encoder) in mediacodec process
05-24 10:33:48.021 I/MediaPlayerService( 1335): MediaPlayerService::getOMX
05-24 10:33:48.023 I/OMXClient( 1335): MuxOMX ctor
05-24 10:33:48.023 I/OMXMaster( 1332): makeComponentInstance(OMX.google.flac.encoder) in mediacodec process
05-24 10:33:48.487 E/NetdConnector( 3134): NDC Command {7 bandwidth setglobalalert 2097152} took too long (1648ms)
05-24 10:33:48.581 D/NetworkPolicy( 3134): setRestrictBackgroundUL(): false
05-24 10:33:48.585 W/NetworkManagement( 3134): setDataSaverMode(): already false
05-24 10:33:48.963 I/MediaPlayerService( 1335): MediaPlayerService::getOMX
05-24 10:33:48.965 I/OMXClient( 1335): MuxOMX ctor
05-24 10:33:48.965 I/OMXMaster( 1332): makeComponentInstance(OMX.google.gsm.decoder) in mediacodec process
05-24 10:33:49.101 I/art     ( 3134): Background sticky concurrent mark sweep GC freed 41838(2MB) AllocSpace objects, 15(296KB) LOS objects, 20% free, 13MB/16MB, paused 2.317ms total 383.816ms
05-24 10:33:49.951 I/MediaPlayerService( 1335): MediaPlayerService::getOMX
05-24 10:33:49.953 I/OMXClient( 1335): MuxOMX ctor
05-24 10:33:49.954 I/OMXMaster( 1332): makeComponentInstance(OMX.google.mpeg4.decoder) in mediacodec process
05-24 10:33:50.022 W/art     ( 3134): Long monitor contention with owner NetworkPolicy (3334) at boolean android.os.BinderProxy.transactNative(int, android.os.Parcel, android.os.Parcel, int)(Binder.java:-2) waiters=0 in void com.android.server.NetworkManagementService.setFirewallChainEnabled(int, boolean) for 1.186s
05-24 10:33:50.646 E/OMXNodeInstance( 1332): getExtensionIndex(534000f:google.mpeg4.decoder, OMX.google.android.index.configureVideoTunnelMode) ERROR: UnsupportedIndex(0x8000101a)
05-24 10:33:50.648 W/OMXNodeInstance( 1332): [534000f:google.mpeg4.decoder] component does not support metadata mode; using fallback
05-24 10:33:50.703 I/MediaPlayerService( 1335): MediaPlayerService::getOMX
05-24 10:33:50.705 I/OMXClient( 1335): MuxOMX ctor
05-24 10:33:50.706 I/OMXMaster( 1332): makeComponentInstance(OMX.google.h263.decoder) in mediacodec process
05-24 10:33:51.691 E/OMXNodeInstance( 1332): getExtensionIndex(5340010:google.h263.decoder, OMX.google.android.index.configureVideoTunnelMode) ERROR: UnsupportedIndex(0x8000101a)
05-24 10:33:51.692 W/OMXNodeInstance( 1332): [5340010:google.h263.decoder] component does not support metadata mode; using fallback
05-24 10:33:51.830 I/MediaPlayerService( 1335): MediaPlayerService::getOMX
05-24 10:33:51.832 I/OMXClient( 1335): MuxOMX ctor
05-24 10:33:51.832 I/OMXMaster( 1332): makeComponentInstance(OMX.google.h264.decoder) in mediacodec process
05-24 10:33:51.851 I/vol.Events( 3391): writeEvent level_changed STREAM_ALARM 6
05-24 10:33:51.981 I/vol.Events( 3391): writeEvent level_changed STREAM_BLUETOOTH_SCO 7
05-24 10:33:52.017 I/vol.Events( 3391): writeEvent level_changed STREAM_MUSIC 11
05-24 10:33:52.076 I/vol.Events( 3391): writeEvent level_changed STREAM_RING 5
05-24 10:33:52.114 I/vol.Events( 3391): writeEvent level_changed STREAM_SYSTEM 5
05-24 10:33:52.161 I/vol.Events( 3391): writeEvent level_changed STREAM_VOICE_CALL 4
05-24 10:33:52.349 W/AudioService( 3134): onLoadSoundEffects(), Error 1 while loading samples
05-24 10:33:52.843 E/NetdConnector( 3134): NDC Command {8 firewall enable_chain standby} took too long (2819ms)
05-24 10:33:52.864 E/NetdConnector( 3134): NDC Command {9 bandwidth gettetherstats} took too long (987ms)
05-24 10:33:53.527 I/SystemServiceManager( 3134): Starting phase 600
05-24 10:33:53.598 W/ACodec  ( 1335): [OMX.google.h264.decoder] stopping checking profiles after 32: 2/8000
05-24 10:33:53.647 E/OMXNodeInstance( 1332): getExtensionIndex(5340011:google.h264.decoder, OMX.google.android.index.configureVideoTunnelMode) ERROR: UnsupportedIndex(0x8000101a)
05-24 10:33:53.649 W/OMXNodeInstance( 1332): [5340011:google.h264.decoder] component does not support metadata mode; using fallback
05-24 10:33:53.841 I/MediaPlayerService( 1335): MediaPlayerService::getOMX
05-24 10:33:53.844 I/OMXClient( 1335): MuxOMX ctor
05-24 10:33:53.848 I/OMXMaster( 1332): makeComponentInstance(OMX.google.hevc.decoder) in mediacodec process
05-24 10:33:53.950 D/SensorNotificationService( 3134): Cannot obtain dynamic meta sensor, not supported.
05-24 10:33:54.154 D/StorageNotification( 3391): Notifying about private volume: VolumeInfo{private}:
05-24 10:33:54.154 D/StorageNotification( 3391):     type=PRIVATE diskId=null partGuid=null mountFlags=0 mountUserId=-1 
05-24 10:33:54.154 D/StorageNotification( 3391):     state=MOUNTED 
05-24 10:33:54.154 D/StorageNotification( 3391):     fsType=null fsUuid=null fsLabel=null 
05-24 10:33:54.154 D/StorageNotification( 3391):     path=/data internalPath=null 
05-24 10:33:54.172 D/StorageNotification( 3391): Notifying about public volume: VolumeInfo{public:253,48}:
05-24 10:33:54.172 D/StorageNotification( 3391):     type=PUBLIC diskId=disk:253,48 partGuid=null mountFlags=VISIBLE 
05-24 10:33:54.172 D/StorageNotification( 3391):     mountUserId=0 state=MOUNTED 
05-24 10:33:54.172 D/StorageNotification( 3391):     fsType=vfat fsUuid=1EFF-1C1B fsLabel=SDCARD 
05-24 10:33:54.172 D/StorageNotification( 3391):     path=/storage/1EFF-1C1B internalPath=/mnt/media_rw/1EFF-1C1B 
05-24 10:33:54.344 I/GnssLocationProvider( 3134): WakeLock acquired by sendMessage(13, 0, null)
05-24 10:33:54.415 W/LocationManagerService( 3134): no network location provider found
05-24 10:33:54.536 E/LocationManagerService( 3134): no geocoder provider found
05-24 10:33:54.537 E/FlpHardwareProvider( 3134): Error hw_get_module 'flp': -2
05-24 10:33:54.538 D/LocationManagerService( 3134): FLP HAL not supported
05-24 10:33:54.633 D/LocationManagerService( 3134): Unable to bind FLP Geofence proxy.
05-24 10:33:54.651 E/ActivityRecognitionHardware( 3134): Error hw_get_module: -2
05-24 10:33:54.652 D/LocationManagerService( 3134): Hardware Activity-Recognition not supported.
05-24 10:33:54.654 E/ActivityRecognitionProxy( 3134): ServiceWatcher could not start.
05-24 10:33:54.654 D/LocationManagerService( 3134): Unable to bind ActivityRecognitionProxy.
05-24 10:33:54.656 I/GnssLocationProvider( 3134): WakeLock acquired by sendMessage(2, 1, null)
05-24 10:33:54.811 I/CommonTimeManagementService( 3134): No common time service detected on this platform.  Common time services will be unavailable.
05-24 10:33:54.818 I/MmsServiceBroker( 3134): Delay connecting to MmsService until an API is called
05-24 10:33:54.844 I/InputReader( 3134): Reconfiguring input devices.  changes=0x00000020
05-24 10:33:54.906 W/VoiceInteractionManagerService( 3134): no available voice interaction services found for user 0
05-24 10:33:54.906 W/VoiceInteractionManagerService( 3134): no available voice recognition services found for user 0
05-24 10:33:54.915 I/InputReader( 3134): Reconfiguring input devices.  changes=0x00000010
05-24 10:33:54.922 W/GnssLocationProvider( 3134): Could not open GPS configuration file /etc/gps.conf
05-24 10:33:54.923 E/GnssLocationProvider( 3134): no AGPS interface in set_agps_server
05-24 10:33:55.142 E/OMXNodeInstance( 1332): getExtensionIndex(5340012:google.hevc.decoder, OMX.google.android.index.configureVideoTunnelMode) ERROR: UnsupportedIndex(0x8000101a)
05-24 10:33:55.143 W/OMXNodeInstance( 1332): [5340012:google.hevc.decoder] component does not support metadata mode; using fallback
05-24 10:33:55.229 I/MediaPlayerService( 1335): MediaPlayerService::getOMX
05-24 10:33:55.233 W/ActivityManager( 3134): Slow operation: 276ms so far, now at startProcess: returned from zygote!
05-24 10:33:55.233 W/ActivityManager( 3134): Slow operation: 276ms so far, now at startProcess: done updating battery stats
05-24 10:33:55.234 W/ActivityManager( 3134): Slow operation: 277ms so far, now at startProcess: building log message
05-24 10:33:55.234 I/ActivityManager( 3134): Start proc 3567:com.android.phone/1001 for added application com.android.phone
05-24 10:33:55.235 W/ActivityManager( 3134): Slow operation: 277ms so far, now at startProcess: starting to update pids map
05-24 10:33:55.235 W/ActivityManager( 3134): Slow operation: 278ms so far, now at startProcess: done updating pids map
05-24 10:33:55.239 I/ActivityManager( 3134): START u0 {act=android.intent.action.MAIN cat=[android.intent.category.HOME] flg=0x10000100 cmp=com.android.settings/.FallbackHome} from uid 0 on display 0
05-24 10:33:55.242 I/OMXClient( 1335): MuxOMX ctor
05-24 10:33:55.242 I/OMXMaster( 1332): makeComponentInstance(OMX.google.vp8.decoder) in mediacodec process
05-24 10:33:55.268 W/System  ( 3134): ClassLoader referenced unknown path: 
05-24 10:33:55.269 W/System  ( 3134): ClassLoader referenced unknown path: /system/priv-app/Settings/lib/x86_64
05-24 10:33:55.373 D/ApplicationLoaders( 3134): ignored Vulkan layer search path /system/priv-app/Settings/lib/x86_64:/system/priv-app/Settings/Settings.apk!/lib/x86_64:/system/lib64:/vendor/lib64 for namespace 0x7e899bdbd160
05-24 10:33:55.419 I/ActivityManager( 3134): Loaded persisted task ids for user 0
05-24 10:33:55.580 W/art     ( 3567): Unexpected CPU variant for X86 using defaults: x86_64
05-24 10:33:55.694 W/ActivityManager( 3134): Slow operation: 202ms so far, now at startProcess: returned from zygote!
05-24 10:33:55.694 W/ActivityManager( 3134): Slow operation: 202ms so far, now at startProcess: done updating battery stats
05-24 10:33:55.695 W/ActivityManager( 3134): Slow operation: 203ms so far, now at startProcess: building log message
05-24 10:33:55.695 I/ActivityManager( 3134): Start proc 3574:com.android.settings/1000 for activity com.android.settings/.FallbackHome
05-24 10:33:55.695 W/ActivityManager( 3134): Slow operation: 203ms so far, now at startProcess: starting to update pids map
05-24 10:33:55.695 W/ActivityManager( 3134): Slow operation: 203ms so far, now at startProcess: done updating pids map
05-24 10:33:55.695 W/ActivityManager( 3134): Slow operation: 204ms so far, now at startProcess: done starting proc!
05-24 10:33:55.751 W/art     ( 3574): Unexpected CPU variant for X86 using defaults: x86_64
05-24 10:33:55.811 W/art     ( 3134): Long monitor contention with owner main (3134) at void com.android.server.am.ActivityManagerService.systemReady(java.lang.Runnable)(ActivityManagerService.java:13368) waiters=1 in void com.android.server.am.ActivityManagerService.dispatchUidsChanged() for 843ms
05-24 10:33:55.813 W/art     ( 3134): Long monitor contention with owner main (3134) at void com.android.server.am.ActivityManagerService.systemReady(java.lang.Runnable)(ActivityManagerService.java:13368) waiters=2 in android.content.pm.UserInfo com.android.server.am.UserController.getCurrentUser() for 541ms
05-24 10:33:55.814 W/art     ( 3134): Long monitor contention with owner main (3134) at void com.android.server.am.ActivityManagerService.systemReady(java.lang.Runnable)(ActivityManagerService.java:13368) waiters=3 in void com.android.server.am.ActiveServices.serviceTimeout(com.android.server.am.ProcessRecord) for 464ms
05-24 10:33:55.815 W/ActivityManager( 3134): Timeout executing service: ServiceRecord{2915648 u0 com.android.server.telecom/.components.TelecomService}
05-24 10:33:55.832 I/Choreographer( 3391): Skipped 128 frames!  The application may be doing too much work on its main thread.
05-24 10:33:55.859 I/SystemServer( 3134): Enabled StrictMode for system server main thread.
05-24 10:33:55.976 D/ConditionProviders.SCP( 3134): onConnected
05-24 10:33:56.021 W/art     ( 3134): Long monitor contention with owner main (3134) at int com.android.server.am.ActivityManagerService.bindService(android.app.IApplicationThread, android.os.IBinder, android.content.Intent, java.lang.String, android.app.IServiceConnection, int, java.lang.String, int)(ActivityManagerService.java:17301) waiters=2 in android.content.IIntentSender com.android.server.am.ActivityManagerService.getIntentSender(int, java.lang.String, android.os.IBinder, java.lang.String, int, android.content.Intent[], java.lang.String[], int, android.os.Bundle, int) for 1.509s
05-24 10:33:56.022 D/ZenLog  ( 3134): set_zen_mode: off,readXml
05-24 10:33:56.068 I/Process ( 3134): Sending signal. PID: 3134 SIG: 3
05-24 10:33:56.110 I/art     ( 3134): Thread[2,tid=3141,WaitingInMainSignalCatcherLoop,Thread*=0x7e8990c30000,peer=0x12c010d0,"Signal Catcher"]: reacting to signal 3
05-24 10:33:56.111 I/art     ( 3134): 
05-24 10:33:56.242 W/art     ( 3134): Long monitor contention with owner main (3134) at void com.android.server.am.ActivityManagerService.systemReady(java.lang.Runnable)(ActivityManagerService.java:13368) waiters=4 in android.content.Intent com.android.server.am.ActivityManagerService.registerReceiver(android.app.IApplicationThread, java.lang.String, android.content.IIntentReceiver, android.content.IntentFilter, java.lang.String, int) for 646ms
05-24 10:33:56.260 D/ConditionProviders( 3134): Subscribing to condition://android/schedule?days=1.2.3.4.5&start=22.0&end=7.0&exitAtAlarm=false with ComponentInfo{android/com.android.server.notification.ScheduleConditionProvider}
05-24 10:33:56.261 D/ZenLog  ( 3134): subscribe: condition://android/schedule?days=1.2.3.4.5&start=22.0&end=7.0&exitAtAlarm=false,ok
05-24 10:33:56.262 D/ConditionProviders( 3134): Subscribing to condition://android/schedule?days=6.7&start=23.30&end=10.0&exitAtAlarm=false with ComponentInfo{android/com.android.server.notification.ScheduleConditionProvider}
05-24 10:33:56.262 D/ZenLog  ( 3134): subscribe: condition://android/schedule?days=6.7&start=23.30&end=10.0&exitAtAlarm=false,ok
05-24 10:33:56.263 D/ConditionProviders( 3134): Subscribing to condition://android/event?userId=-10000&calendar=&reply=1 with ComponentInfo{android/com.android.server.notification.EventConditionProvider}
05-24 10:33:56.263 D/ZenLog  ( 3134): subscribe: condition://android/event?userId=-10000&calendar=&reply=1,ok
05-24 10:33:56.279 E/OMXNodeInstance( 1332): getExtensionIndex(5340013:google.vp8.decoder, OMX.google.android.index.configureVideoTunnelMode) ERROR: UnsupportedIndex(0x8000101a)
05-24 10:33:56.399 W/OMXNodeInstance( 1332): [5340013:google.vp8.decoder] component does not support metadata mode; using fallback
05-24 10:33:56.497 I/MediaPlayerService( 1335): MediaPlayerService::getOMX
05-24 10:33:56.532 I/OMXClient( 1335): MuxOMX ctor
05-24 10:33:56.533 I/OMXMaster( 1332): makeComponentInstance(OMX.google.vp9.decoder) in mediacodec process
05-24 10:33:56.569 W/art     ( 3134): Long monitor contention with owner ConditionProviders.ECP (3353) at android.content.IIntentSender com.android.server.am.ActivityManagerService.getIntentSender(int, java.lang.String, android.os.IBinder, java.lang.String, int, android.content.Intent[], java.lang.String[], int, android.os.Bundle, int)(ActivityManagerService.java:7103) waiters=2 in void com.android.server.am.ActivityManagerService.attachApplication(android.app.IApplicationThread) for 485ms
05-24 10:33:56.638 W/art     ( 3134): Suspending all threads took: 13.617ms
05-24 10:33:56.710 W/art     ( 3134): Long monitor contention with owner Binder:3134_5 (3409) at void com.android.server.am.ActivityManagerService.attachApplication(android.app.IApplicationThread)(ActivityManagerService.java:6669) waiters=2 in void com.android.server.am.ActivityManagerService$LocalService.notifyAppTransitionFinished() for 481ms
05-24 10:33:56.717 W/art     ( 3134): Long monitor contention with owner Binder:3134_5 (3409) at void com.android.server.am.ActivityManagerService.attachApplication(android.app.IApplicationThread)(ActivityManagerService.java:6669) waiters=3 in void com.android.server.am.ActivityManagerService.dispatchProcessesChanged() for 294ms
05-24 10:33:56.853 I/WifiScanningService( 3134): wifi driver unloaded
05-24 10:33:56.855 D/RttService( 3134): SCAN_AVAILABLE : 1
05-24 10:33:56.856 D/RttService( 3134): DefaultState got{ when=0 what=160513 target=com.android.internal.util.StateMachine$SmHandler }
05-24 10:33:56.857 D/ZenLog  ( 3134): set_zen_mode: off,cleanUpZenRules
05-24 10:33:56.897 W/System  ( 3574): ClassLoader referenced unknown path: /system/priv-app/Settings/lib/x86_64
05-24 10:33:57.099 W/System  ( 3567): ClassLoader referenced unknown path: /system/priv-app/TeleService/lib/x86_64
05-24 10:33:57.111 I/Process ( 3134): Sending signal. PID: 3391 SIG: 3
05-24 10:33:57.113 I/art     ( 3391): Thread[3,tid=3397,WaitingInMainSignalCatcherLoop,Thread*=0x7e8997496400,peer=0x12c005e0,"Signal Catcher"]: reacting to signal 3
05-24 10:33:57.113 I/art     ( 3391): 
05-24 10:33:57.122 I/StatusBarManagerService( 3134): registerStatusBar bar=com.android.internal.statusbar.IStatusBar$Stub$Proxy@c64dc7f
05-24 10:33:57.365 W/System  ( 3134): ClassLoader referenced unknown path: /system/priv-app/Telecom/lib/x86_64
05-24 10:33:57.369 D/ApplicationLoaders( 3134): ignored Vulkan layer search path /system/priv-app/Telecom/lib/x86_64:/system/priv-app/Telecom/Telecom.apk!/lib/x86_64:/system/lib64:/vendor/lib64 for namespace 0x7e899bdbd1d0
05-24 10:33:57.982 E/OMXNodeInstance( 1332): getExtensionIndex(5340014:google.vp9.decoder, OMX.google.android.index.configureVideoTunnelMode) ERROR: UnsupportedIndex(0x8000101a)
05-24 10:33:57.983 W/OMXNodeInstance( 1332): [5340014:google.vp9.decoder] component does not support metadata mode; using fallback
05-24 10:33:58.015 I/MediaPlayerService( 1335): MediaPlayerService::getOMX
05-24 10:33:58.016 I/OMXClient( 1335): MuxOMX ctor
05-24 10:33:58.017 I/OMXMaster( 1332): makeComponentInstance(OMX.google.h263.encoder) in mediacodec process
05-24 10:33:58.451 E/BluetoothAdapter( 3134): Bluetooth binder is null
05-24 10:33:58.591 I/Telecom ( 3134): SystemStateProvider: Registering car mode receiver: android.content.IntentFilter@8ce0068: TS.init@AAA
05-24 10:33:58.744 I/Telecom ( 3134): Telecom: Non-call EVENT: AUDIO_ROUTE, Entering state QuiescentEarpieceRoute
05-24 10:33:58.801 I/Telecom ( 3134): CallAudioModeStateMachine: Message received: null.: TS.init->CAMSM.pM_1@AAA_0
05-24 10:33:58.919 E/ActivityThread( 3134): Failed to find provider info for call_log
05-24 10:33:59.023 E/BluetoothAdapter( 3134): Bluetooth binder is null
05-24 10:33:59.101 I/art     ( 3391): Wrote stack traces to '/data/anr/traces.txt'
05-24 10:33:59.117 I/SoftMPEG4Encoder( 1332): Construct SoftMPEG4Encoder
05-24 10:33:59.138 I/Telecom ( 3134): Class: TelecomSystem.INSTANCE being set
05-24 10:33:59.140 E/BluetoothAdapter( 3134): Bluetooth binder is null
05-24 10:33:59.146 W/ContextImpl( 3134): Calling a method in the system process without a qualified user: android.app.ContextImpl.startService:1357 com.android.server.content.SyncManager$13.run:658 android.os.Handler.handleCallback:751 android.os.Handler.dispatchMessage:95 android.os.Looper.loop:154 
05-24 10:33:59.184 W/ACodec  ( 1335): do not know color format 0x7f000789 = 2130708361
05-24 10:33:59.185 E/OMXNodeInstance( 1332): getConfig(5340015:google.h263.encoder, ConfigAndroidIntraRefresh(0x6f60000a)) ERROR: Undefined(0x80001001)
05-24 10:33:59.229 W/        ( 1274): debuggerd: handling request: pid=1322 uid=1000 gid=1003 tid=1322
05-24 10:33:59.238 I/MediaPlayerService( 1335): MediaPlayerService::getOMX
05-24 10:33:59.250 I/OMXClient( 1335): MuxOMX ctor
05-24 10:33:59.253 I/OMXMaster( 1332): makeComponentInstance(OMX.google.h264.encoder) in mediacodec process
05-24 10:33:59.593 W/art     ( 3134): Long monitor contention with owner Binder:3134_5 (3409) at void com.android.server.am.ActivityManagerService.attachApplication(android.app.IApplicationThread)(ActivityManagerService.java:6669) waiters=2 in android.content.Intent com.android.server.am.ActivityManagerService.registerReceiver(android.app.IApplicationThread, java.lang.String, android.content.IIntentReceiver, android.content.IntentFilter, java.lang.String, int) for 3.351s
05-24 10:33:59.819 W/ACodec  ( 1335): do not know color format 0x7f000789 = 2130708361
05-24 10:33:59.858 I/MediaPlayerService( 1335): MediaPlayerService::getOMX
05-24 10:33:59.877 I/OMXClient( 1335): MuxOMX ctor
05-24 10:33:59.878 I/OMXMaster( 1332): makeComponentInstance(OMX.google.mpeg4.encoder) in mediacodec process
05-24 10:34:00.007 W/        ( 1274): debuggerd: resuming target 1322
05-24 10:34:00.022 W/        ( 1274): debuggerd: handling request: pid=1327 uid=1041 gid=1005 tid=1327
05-24 10:34:00.048 W/        ( 1273): debuggerd: handling request: pid=1327 uid=1041 gid=1005 tid=1327
05-24 10:34:00.467 I/SoftMPEG4Encoder( 1332): Construct SoftMPEG4Encoder
05-24 10:34:00.508 W/ACodec  ( 1335): do not know color format 0x7f000789 = 2130708361
05-24 10:34:00.524 W/System  ( 3134): ClassLoader referenced unknown path: /system/priv-app/FusedLocation/lib/x86_64
05-24 10:34:00.528 D/ApplicationLoaders( 3134): ignored Vulkan layer search path /system/priv-app/FusedLocation/lib/x86_64:/system/priv-app/FusedLocation/FusedLocation.apk!/lib/x86_64:/system/lib64:/vendor/lib64 for namespace 0x7e899bdbd240
05-24 10:34:00.550 E/OMXNodeInstance( 1332): getConfig(5340017:google.mpeg4.encoder, ConfigAndroidIntraRefresh(0x6f60000a)) ERROR: Undefined(0x80001001)
05-24 10:34:00.578 I/MediaPlayerService( 1335): MediaPlayerService::getOMX
05-24 10:34:00.579 I/OMXClient( 1335): MuxOMX ctor
05-24 10:34:00.581 I/OMXMaster( 1332): makeComponentInstance(OMX.google.vp8.encoder) in mediacodec process
05-24 10:34:00.711 D/GpsNetInitiatedHandler( 3134): location enabled :true
05-24 10:34:00.712 V/WiredAccessoryManager( 3134): notifyWiredAccessoryChanged: when=0 bits= mask=54
05-24 10:34:00.713 V/WiredAccessoryManager( 3134): newName=h2w newState=0 headsetState=0 prev headsetState=0
05-24 10:34:00.713 E/WiredAccessoryManager( 3134): No state change.
05-24 10:34:00.713 V/WiredAccessoryManager( 3134): init()
05-24 10:34:00.756 I/GnssLocationProvider( 3134): WakeLock released by handleMessage(13, 0, null)
05-24 10:34:00.758 E/GnssLocationProvider( 3134): no AGPS interface in set_agps_server
05-24 10:34:00.828 W/        ( 1273): debuggerd: resuming target 1327
05-24 10:34:00.862 W/        ( 1274): debuggerd: handling request: pid=1328 uid=1047 gid=1005 tid=1328
05-24 10:34:00.864 W/        ( 1273): debuggerd: handling request: pid=1328 uid=1047 gid=1005 tid=1328
05-24 10:34:01.192 W/        ( 1273): debuggerd: resuming target 1328
05-24 10:34:01.196 W/        ( 1274): debuggerd: handling request: pid=1329 uid=1019 gid=1019 tid=1329
05-24 10:34:01.198 W/        ( 1273): debuggerd: handling request: pid=1329 uid=1019 gid=1019 tid=1329
05-24 10:34:01.420 W/        ( 1273): debuggerd: resuming target 1329
05-24 10:34:01.424 W/        ( 1274): debuggerd: handling request: pid=1332 uid=1046 gid=1006 tid=1332
05-24 10:34:01.427 W/        ( 1273): debuggerd: handling request: pid=1332 uid=1046 gid=1006 tid=1332
05-24 10:34:01.732 W/        ( 1273): debuggerd: resuming target 1332
05-24 10:34:01.752 W/        ( 1274): debuggerd: handling request: pid=1333 uid=1013 gid=1031 tid=1333
05-24 10:34:01.753 W/        ( 1273): debuggerd: handling request: pid=1333 uid=1013 gid=1031 tid=1333
05-24 10:34:01.765 W/ACodec  ( 1335): do not know color format 0x7f000789 = 2130708361
05-24 10:34:01.767 E/OMXNodeInstance( 1332): getConfig(5340018:google.vp8.encoder, ConfigAndroidIntraRefresh(0x6f60000a)) ERROR: Undefined(0x80001001)
05-24 10:34:01.858 I/MediaPlayerService( 1335): MediaPlayerService::getOMX
05-24 10:34:01.878 I/OMXClient( 1335): MuxOMX ctor
05-24 10:34:01.918 I/MediaPlayerService( 1335): MediaPlayerService::getOMX
05-24 10:34:01.981 I/OMXClient( 1335): MuxOMX ctor
05-24 10:34:01.982 W/MediaCodecList( 1335): unable to open media codecs configuration xml file: /data/misc/media/media_codecs_profiling_results.xml
05-24 10:34:02.007 I/MediaPlayerService( 1335): MediaPlayerService::getOMX
05-24 10:34:02.021 I/OMXClient( 3134): MuxOMX ctor
05-24 10:34:02.029 I/OMXMaster( 1332): makeComponentInstance(OMX.google.vorbis.decoder) in mediacodec process
05-24 10:34:02.101 I/MediaPlayerService( 1335): MediaPlayerService::getOMX
05-24 10:34:02.104 I/OMXClient( 3391): MuxOMX ctor
05-24 10:34:02.141 W/        ( 1273): debuggerd: resuming target 1333
05-24 10:34:02.144 W/        ( 1274): debuggerd: handling request: pid=1334 uid=1040 gid=1026 tid=1334
05-24 10:34:02.145 W/        ( 1273): debuggerd: handling request: pid=1334 uid=1040 gid=1026 tid=1334
05-24 10:34:02.445 W/        ( 1273): debuggerd: resuming target 1334
05-24 10:34:02.506 I/OMXMaster( 1332): makeComponentInstance(OMX.google.vorbis.decoder) in mediacodec process
05-24 10:34:02.511 W/        ( 1274): debuggerd: handling request: pid=1335 uid=1013 gid=1005 tid=1335
05-24 10:34:02.516 W/        ( 1273): debuggerd: handling request: pid=1335 uid=1013 gid=1005 tid=1335
05-24 10:34:03.211 W/        ( 1273): debuggerd: resuming target 1335
05-24 10:34:03.214 W/        ( 1274): debuggerd: handling request: pid=3447 uid=1023 gid=1023 tid=3447
05-24 10:34:03.552 W/        ( 1274): debuggerd: resuming target 3447
05-24 10:34:03.555 W/        ( 1274): debuggerd: handling request: pid=3503 uid=1023 gid=1023 tid=3503
05-24 10:34:03.780 W/        ( 1274): debuggerd: resuming target 3503
05-24 10:34:03.932 I/MediaPlayerService( 1335): MediaPlayerService::getOMX
05-24 10:34:03.935 I/OMXClient( 3391): MuxOMX ctor
05-24 10:34:03.943 I/OMXMaster( 1332): makeComponentInstance(OMX.google.vorbis.decoder) in mediacodec process
05-24 10:34:05.196 I/art     ( 3391): Background sticky concurrent mark sweep GC freed 18348(2MB) AllocSpace objects, 2(40KB) LOS objects, 29% free, 7MB/10MB, paused 5.288ms total 880.606ms
05-24 10:34:05.225 I/MediaPlayerService( 1335): MediaPlayerService::getOMX
05-24 10:34:05.227 I/OMXClient( 3391): MuxOMX ctor
05-24 10:34:05.242 I/OMXMaster( 1332): makeComponentInstance(OMX.google.vorbis.decoder) in mediacodec process
05-24 10:34:06.442 D/ConditionProviders.SCP( 3134): onSubscribe condition://android/schedule?days=1.2.3.4.5&start=22.0&end=7.0&exitAtAlarm=false
05-24 10:34:06.444 D/ConditionProviders.SCP( 3134): setRegistered true
05-24 10:34:06.447 D/ConditionProviders.SCP( 3134): notifyCondition condition://android/schedule?days=1.2.3.4.5&start=22.0&end=7.0&exitAtAlarm=false STATE_FALSE reason=!meetsSchedule
05-24 10:34:06.465 D/ConditionProviders.SCP( 3134): Scheduling evaluate for Mon May 24 22:00:00 UTC 2021 (1621893600000), in +11h25m53s554ms, now=Mon May 24 10:34:06 UTC 2021 (1621852446446)
05-24 10:34:06.465 D/ConditionProviders.SCP( 3134): onSubscribe condition://android/schedule?days=6.7&start=23.30&end=10.0&exitAtAlarm=false
05-24 10:34:06.467 D/ConditionProviders.SCP( 3134): notifyCondition condition://android/schedule?days=6.7&start=23.30&end=10.0&exitAtAlarm=false STATE_FALSE reason=!meetsSchedule
05-24 10:34:06.468 D/ConditionProviders.SCP( 3134): notifyCondition condition://android/schedule?days=1.2.3.4.5&start=22.0&end=7.0&exitAtAlarm=false STATE_FALSE reason=!meetsSchedule
05-24 10:34:06.500 D/ConditionProviders.SCP( 3134): Scheduling evaluate for Mon May 24 22:00:00 UTC 2021 (1621893600000), in +11h25m53s533ms, now=Mon May 24 10:34:06 UTC 2021 (1621852446467)
05-24 10:34:06.513 I/Telecom ( 3134): WiredHeadsetManager: ACTION_HEADSET_PLUG event, plugged in: false, : WHC.oADA@AAE
05-24 10:34:06.554 I/ActivityManager( 3134): user 0 is still locked. Cannot load recents
05-24 10:34:06.681 W/ProcessCpuTracker( 3134): Skipping unknown process pid 3664
05-24 10:34:07.406 I/LatinIME:LogUtils( 3376): Dictionary info: dictionary = main:en ; version = 54 ; date = 1414726273
05-24 10:34:07.504 W/art     ( 3134): Suspending all threads took: 157.507ms
05-24 10:34:07.614 W/System  ( 3391): ClassLoader referenced unknown path: 
05-24 10:34:07.615 W/System  ( 3391): ClassLoader referenced unknown path: /system/priv-app/Dialer/lib/x86_64
05-24 10:34:07.619 D/ApplicationLoaders( 3391): ignored Vulkan layer search path /system/priv-app/Dialer/lib/x86_64:/system/lib64:/vendor/lib64 for namespace 0x7e899bdad0f0
05-24 10:34:07.692 I/art     ( 3134): Background sticky concurrent mark sweep GC freed 40267(2MB) AllocSpace objects, 8(192KB) LOS objects, 15% free, 14MB/16MB, paused 159.499ms total 1.366s
05-24 10:34:08.011 E/BluetoothAdapter( 3391): Bluetooth binder is null
05-24 10:34:08.176 I/CameraManagerGlobal( 3391): Connecting to camera service
05-24 10:34:08.227 V/EmulatedCamera_Camera( 1328): getCameraInfo
05-24 10:34:08.228 V/EmulatedCamera_BaseCamera( 1328): getCameraInfo
05-24 10:34:08.228 I/CameraService( 1328): getCameraCharacteristics: Switching to HAL1 shim implementation...
05-24 10:34:08.228 V/EmulatedCamera_Camera( 1328): getCameraInfo
05-24 10:34:08.228 V/EmulatedCamera_BaseCamera( 1328): getCameraInfo
05-24 10:34:08.246 I/CameraService( 1328): CameraService::connect call (PID -1 "cameraserver", camera ID 0) for HAL version default and Camera API version 1
05-24 10:34:08.262 E/CameraService( 1328): getCameraPriorityFromProcState: Received invalid process state -1 from ActivityManagerService!
05-24 10:34:08.263 V/EmulatedCamera_Camera( 1328): getCameraInfo
05-24 10:34:08.263 V/EmulatedCamera_BaseCamera( 1328): getCameraInfo
05-24 10:34:08.555 E/WVMExtractor( 1335): Failed to open libwvm.so: dlopen failed: library "libwvm.so" not found
05-24 10:34:08.747 W/ProcessCpuTracker( 3134): Skipping unknown process pid 3656
05-24 10:34:08.977 W/art     ( 3134): Long monitor contention with owner main (3134) at void com.android.server.power.PowerManagerService.releaseWakeLockInternal(android.os.IBinder, int)(PowerManagerService.java:937) waiters=0 in void com.android.server.power.PowerManagerService.releaseWakeLockInternal(android.os.IBinder, int) for 7.910s
05-24 10:34:08.993 I/GnssLocationProvider( 3134): WakeLock released by handleMessage(2, 1, null)
05-24 10:34:09.873 D/NuPlayerDriver( 1335): notifyListener_l(0xf0d13060), (1, 0, 0), loop setting(0, 0)
05-24 10:34:10.242 D/NuPlayerDriver( 1335): notifyListener_l(0xf0d13120), (1, 0, 0), loop setting(0, 0)
05-24 10:34:10.349 W/ProcessCpuTracker( 3134): Skipping unknown process pid 3682
05-24 10:34:10.406 D/NuPlayerDriver( 1335): notifyListener_l(0xf0d132a0), (1, 0, 0), loop setting(0, 0)
05-24 10:34:10.459 E/ActivityManager( 3134): ANR in system
05-24 10:34:10.459 E/ActivityManager( 3134): PID: 3134
05-24 10:34:10.459 E/ActivityManager( 3134): Reason: executing service com.android.server.telecom/.components.TelecomService
05-24 10:34:10.459 E/ActivityManager( 3134): Load: 9.44 / 4.13 / 1.6
05-24 10:34:10.459 E/ActivityManager( 3134): CPU usage from 2704ms to -14264ms ago (2021-05-24 10:33:53.250 to 2021-05-24 10:34:10.218):
05-24 10:34:10.459 E/ActivityManager( 3134):   44% 1932/bootanimation: 25% user + 18% kernel
05-24 10:34:10.459 E/ActivityManager( 3134):   34% 3134/system_server: 13% user + 20% kernel / faults: 3722 minor 42 major
05-24 10:34:10.459 E/ActivityManager( 3134):   33% 1322/surfaceflinger: 18% user + 15% kernel / faults: 25 minor
05-24 10:34:10.459 E/ActivityManager( 3134):   19% 3391/com.android.systemui: 8.1% user + 11% kernel / faults: 4976 minor 30 major
05-24 10:34:10.459 E/ActivityManager( 3134):   17% 1332/media.codec: 7.8% user + 10% kernel / faults: 6172 minor 15 major
05-24 10:34:10.459 E/ActivityManager( 3134):   6.3% 8/rcu_preempt: 0% user + 6.3% kernel
05-24 10:34:10.459 E/ActivityManager( 3134):   3.1% 1335/mediaserver: 1.4% user + 1.7% kernel / faults: 192 minor 1 major
05-24 10:34:10.459 E/ActivityManager( 3134):   2.6% 2606/adbd: 0.7% user + 1.8% kernel / faults: 958 minor
05-24 10:34:10.459 E/ActivityManager( 3134):   1.4% 1334/media.extractor: 0.7% user + 0.6% kernel / faults: 96 minor
05-24 10:34:10.459 E/ActivityManager( 3134):   0.9% 1327/audioserver: 0.5% user + 0.4% kernel / faults: 41 minor
05-24 10:34:10.459 E/ActivityManager( 3134):   0.9% 1321/servicemanager: 0.2% user + 0.6% kernel
05-24 10:34:10.459 E/ActivityManager( 3134):   0.1% 1274/debuggerd64: 0% user + 0.1% kernel / faults: 101 minor
05-24 10:34:10.459 E/ActivityManager( 3134):   0.7% 1255/kworker/0:1H: 0% user + 0.7% kernel
05-24 10:34:10.459 E/ActivityManager( 3134):   0.7% 3376/com.android.inputmethod.latin: 0.3% user + 0.3% kernel / faults: 181 minor
05-24 10:34:10.459 E/ActivityManager( 3134):   0.3% 1325/zygote64: 0.1% user + 0.2% kernel / faults: 303 minor
05-24 10:34:10.459 E/ActivityManager( 3134):   0.1% 1328/cameraserver: 0% user + 0% kernel / faults: 130 minor
05-24 10:34:10.459 E/ActivityManager( 3134):   0.4% 3/ksoftirqd/0: 0% user + 0.4% kernel
05-24 10:34:10.459 E/ActivityManager( 3134):   0.4% 17/kworker/u4:1: 0% user + 0.4% kernel
05-24 10:34:10.459 E/ActivityManager( 3134):   0.2% 1267/logd: 0% user + 0.2% kernel / faults: 12 minor
05-24 10:34:10.459 E/ActivityManager( 3134):   0% 1273/debuggerd: 0% user + 0% kernel / faults: 181 minor
05-24 10:34:10.459 E/ActivityManager( 3134):   0.1% 12/ksoftirqd/1: 0% user + 0.1% kernel
05-24 10:34:10.459 E/ActivityManager( 3134):   0.1% 1265/jbd2/vdc-8: 0% user + 0.1% kernel
05-24 10:34:10.459 E/ActivityManager( 3134):   0% 13/kworker/1:0: 0% user + 0% kernel
05-24 10:34:10.459 E/ActivityManager( 3134):   0% 673/kworker/0:1: 0% user + 0% kernel
05-24 10:34:10.459 E/ActivityManager( 3134):   0.1% 1485/logcat: 0% user + 0.1% kernel
05-24 10:34:10.459 E/ActivityManager( 3134):   0% 1329/drmserver: 0% user + 0% kernel / faults: 19 minor
05-24 10:34:10.459 E/ActivityManager( 3134):   0% 1336/netd: 0% user + 0% kernel / faults: 6 minor
05-24 10:34:10.459 E/ActivityManager( 3134):   0% 3503/sdcard: 0% user + 0% kernel / faults: 7 minor
05-24 10:34:10.459 E/ActivityManager( 3134):  +0% 3567/com.android.phone: 0% user + 0% kernel
05-24 10:34:10.459 E/ActivityManager( 3134):  +0% 3574/com.android.settings: 0% user + 0% kernel
05-24 10:34:10.459 E/ActivityManager( 3134): 100% TOTAL: 44% user + 54% kernel + 1% softirq
05-24 10:34:10.459 E/ActivityManager( 3134): CPU usage from 12795ms to 13755ms later (2021-05-24 10:34:08.749 to 2021-05-24 10:34:09.709):
05-24 10:34:10.459 E/ActivityManager( 3134):   35% 3134/system_server: 14% user + 20% kernel / faults: 19 minor
05-24 10:34:10.459 E/ActivityManager( 3134):     16% 3180/ActivityManager: 3.9% user + 12% kernel
05-24 10:34:10.459 E/ActivityManager( 3134):     4.9% 3409/Binder:3134_5: 2.9% user + 1.9% kernel
05-24 10:34:10.459 E/ActivityManager( 3134):     2.9% 3408/Binder:3134_4: 1.9% user + 0.9% kernel
05-24 10:34:10.459 E/ActivityManager( 3134):     1.9% 3141/Signal Catcher: 0% user + 1.9% kernel
05-24 10:34:10.459 E/ActivityManager( 3134):     1.9% 3162/Binder:3134_1: 1.9% user + 0% kernel
05-24 10:34:10.459 E/ActivityManager( 3134):     1.9% 3163/Binder:3134_2: 1.9% user + 0% kernel
05-24 10:34:10.459 E/ActivityManager( 3134):     0.9% 3178/android.bg: 0% user + 0.9% kernel
05-24 10:34:10.459 E/ActivityManager( 3134):     0.9% 3353/onProviders.ECP: 0% user + 0.9% kernel
05-24 10:34:10.459 E/ActivityManager( 3134):     0.9% 3359/Binder:3134_3: 0.9% user + 0% kernel
05-24 10:34:10.459 E/ActivityManager( 3134):     0.9% 3659/Binder:3134_7: 0.9% user + 0% kernel
05-24 10:34:10.459 E/ActivityManager( 3134):   26% 3574/com.android.settings: 18% user + 7.7% kernel / faults: 826 minor
05-24 10:34:10.459 E/ActivityManager( 3134):     26% 3574/ndroid.settings: 18% user + 7.7% kernel
05-24 10:34:10.459 E/ActivityManager( 3134):   28% 1322/surfaceflinger: 20% user + 7.3% kernel
05-24 10:34:10.459 E/ActivityManager( 3134):     14% 1322/surfaceflinger: 13% user + 1.2% kernel
05-24 10:34:10.459 E/ActivityManager( 3134):     6.1% 1853/DispSync: 2.4% user + 3.6% kernel
05-24 10:34:10.459 E/ActivityManager( 3134):     3.6% 1912/EventThread: 1.2% user + 2.4% kernel
05-24 10:34:10.459 E/ActivityManager( 3134):     2.4% 1857/Binder:1322_2: 0% user + 2.4% kernel
05-24 10:34:10.459 E/ActivityManager( 3134):     2.4% 2909/Binder:1322_3: 0% user + 2.4% kernel
05-24 10:34:10.459 E/ActivityManager( 3134):   27% 1932/bootanimation: 13% user + 13% kernel
05-24 10:34:10.459 E/ActivityManager( 3134):     27% 2906/BootAnimation: 13% user + 13% kernel
05-24 10:34:10.459 E/ActivityManager( 3134):     1.2% 2905/Binder:1932_2: 0% user + 1.2% kernel
05-24 10:34:10.459 E/ActivityManager( 3134):   9.9% 2606/adbd: 4.9% user + 4.9% kernel / faults: 85 minor
05-24 10:34:10.459 E/ActivityManager( 3134):     8.6% 2606/adbd: 1.2% user + 7.4% kernel
05-24 10:34:10.459 E/ActivityManager( 3134):     2.4% 2611/->host-12: 2.4% user + 0% kernel
05-24 10:34:10.459 E/ActivityManager( 3134):    +0% 3683/shell srvc 3682: 0% user + 0% kernel
05-24 10:34:10.459 E/ActivityManager( 3134):   8.6% 1334/media.extractor: 6.1% user + 2.4% kernel / faults: 7 minor
05-24 10:34:10.459 E/ActivityManager( 3134):     6.1% 1972/Binder:1334_1: 6.1% user + 0% kernel
05-24 10:34:10.459 E/ActivityManager( 3134):     1.2% 1334/mediaextractor: 0% user + 1.2% kernel
05-24 10:34:10.459 E/ActivityManager( 3134):     1.2% 3655/Binder:1334_3: 0% user + 1.2% kernel
05-24 10:34:10.459 E/ActivityManager( 3134):   8.6% 1335/mediaserver: 3.7% user + 4.9% kernel / faults: 5 minor
05-24 10:34:10.459 E/ActivityManager( 3134):     7.4% 3680/generic: 2.4% user + 4.9% kernel
05-24 10:34:10.459 E/ActivityManager( 3134):   2.4% 1267/logd: 1.2% user + 1.2% kernel
05-24 10:34:10.459 E/ActivityManager( 3134):     2.4% 1270/logd.writer: 1.2% user + 1.2% kernel
05-24 10:34:10.459 E/ActivityManager( 3134):   2.6% 1327/audioserver: 2.6% user + 0% kernel
05-24 10:34:10.459 E/ActivityManager( 3134):     3.9% 1987/AudioOut_D: 2.6% user + 1.3% kernel
05-24 10:34:10.459 E/ActivityManager( 3134):   1.2% 3/ksoftirqd/0: 0% user + 
05-24 10:34:11.178 I/CameraFlashlight( 1328): Opening camera 0
05-24 10:34:11.179 V/EmulatedCamera_Camera( 1328): getCameraInfo
05-24 10:34:11.179 V/EmulatedCamera_BaseCamera( 1328): getCameraInfo
05-24 10:34:11.233 V/EmulatedCamera_Camera( 1328): connectCamera
05-24 10:34:11.233 V/EmulatedCamera_FakeDevice( 1328): connectDevice
05-24 10:34:11.234 V/EmulatedCamera_CallbackNotifier( 1328): setCallbacks: 0xea190e80, 0xea190ed0, 0xea190ff0, 0xea191110 (0xe99901e0)
05-24 10:34:11.234 V/EmulatedCamera_CallbackNotifier( 1328): enableMessage: msg_type = 0xc0d
05-24 10:34:11.234 V/EmulatedCamera_CallbackNotifier( 1328):     CAMERA_MSG_ERROR
05-24 10:34:11.234 V/EmulatedCamera_CallbackNotifier( 1328):     CAMERA_MSG_FOCUS
05-24 10:34:11.234 V/EmulatedCamera_CallbackNotifier( 1328):     CAMERA_MSG_ZOOM
05-24 10:34:11.234 V/EmulatedCamera_CallbackNotifier( 1328):     CAMERA_MSG_PREVIEW_METADATA
05-24 10:34:11.234 V/EmulatedCamera_CallbackNotifier( 1328): **** Currently enabled messages:
05-24 10:34:11.234 V/EmulatedCamera_CallbackNotifier( 1328):     CAMERA_MSG_ERROR
05-24 10:34:11.234 V/EmulatedCamera_CallbackNotifier( 1328):     CAMERA_MSG_FOCUS
05-24 10:34:11.234 V/EmulatedCamera_CallbackNotifier( 1328):     CAMERA_MSG_ZOOM
05-24 10:34:11.234 V/EmulatedCamera_CallbackNotifier( 1328):     CAMERA_MSG_PREVIEW_METADATA
05-24 10:34:11.238 V/EmulatedCamera_CallbackNotifier( 1328): disableMessage: msg_type = 0xffff
05-24 10:34:11.238 V/EmulatedCamera_CallbackNotifier( 1328):     CAMERA_MSG_ERROR
05-24 10:34:11.239 V/EmulatedCamera_CallbackNotifier( 1328):     CAMERA_MSG_SHUTTER
05-24 10:34:11.239 V/EmulatedCamera_CallbackNotifier( 1328):     CAMERA_MSG_FOCUS
05-24 10:34:11.239 V/EmulatedCamera_CallbackNotifier( 1328):     CAMERA_MSG_ZOOM
05-24 10:34:11.239 V/EmulatedCamera_CallbackNotifier( 1328):     CAMERA_MSG_PREVIEW_FRAME
05-24 10:34:11.239 V/EmulatedCamera_CallbackNotifier( 1328):     CAMERA_MSG_VIDEO_FRAME
05-24 10:34:11.239 V/EmulatedCamera_CallbackNotifier( 1328):     CAMERA_MSG_POSTVIEW_FRAME
05-24 10:34:11.239 V/EmulatedCamera_CallbackNotifier( 1328):     CAMERA_MSG_RAW_IMAGE
05-24 10:34:11.239 V/EmulatedCamera_CallbackNotifier( 1328):     CAMERA_MSG_COMPRESSED_IMAGE
05-24 10:34:11.239 V/EmulatedCamera_CallbackNotifier( 1328):     CAMERA_MSG_RAW_IMAGE_NOTIFY
05-24 10:34:11.239 V/EmulatedCamera_CallbackNotifier( 1328):     CAMERA_MSG_PREVIEW_METADATA
05-24 10:34:11.239 V/EmulatedCamera_CallbackNotifier( 1328): **** Currently enabled messages:
05-24 10:34:11.239 V/EmulatedCamera_Preview( 1328): setPreviewWindow: current: 0x0 -> new: 0x0
05-24 10:34:11.239 V/EmulatedCamera_Camera( 1328): doStopPreview
05-24 10:34:11.274 V/EmulatedCamera_Camera( 1328): cancelPicture
05-24 10:34:11.274 V/EmulatedCamera_Camera( 1328): releaseCamera
05-24 10:34:11.274 V/EmulatedCamera_Camera( 1328): doStopPreview
05-24 10:34:11.274 V/EmulatedCamera_FakeDevice( 1328): disconnectDevice
05-24 10:34:11.274 W/EmulatedCamera_Device( 1328): Initialize: Emulated camera device is already initialized: mState = 1
05-24 10:34:11.274 D/EmulatedCamera_FakeCamera( 1328): Initialize: Fake camera is facing back
05-24 10:34:11.276 V/EmulatedCamera_Device( 1328): initializeWhiteBalanceModes with auto, 1.000000, 1.000000
05-24 10:34:11.276 V/EmulatedCamera_Device( 1328): initializeWhiteBalanceModes with incandescent, 1.380000, 0.600000
05-24 10:34:11.277 V/EmulatedCamera_Device( 1328): initializeWhiteBalanceModes with daylight, 1.090000, 0.920000
05-24 10:34:11.277 V/EmulatedCamera_Device( 1328): initializeWhiteBalanceModes with twilight, 0.920000, 1.220000
05-24 10:34:11.277 V/EmulatedCamera_Device( 1328): setWhiteBalanceMode with white balance auto
05-24 10:34:11.277 I/CameraFlashlight( 1328): Destroying camera 0
05-24 10:34:11.277 V/EmulatedCamera_Camera( 1328): closeCamera
05-24 10:34:11.277 V/EmulatedCamera_Camera( 1328): doStopPreview
05-24 10:34:11.277 W/EmulatedCamera_Device( 1328): Initialize: Emulated camera device is already initialized: mState = 1
05-24 10:34:11.278 D/EmulatedCamera_FakeCamera( 1328): Initialize: Fake camera is facing back
05-24 10:34:11.278 V/EmulatedCamera_Device( 1328): initializeWhiteBalanceModes with auto, 1.000000, 1.000000
05-24 10:34:11.278 V/EmulatedCamera_Device( 1328): initializeWhiteBalanceModes with incandescent, 1.380000, 0.600000
05-24 10:34:11.278 V/EmulatedCamera_Device( 1328): initializeWhiteBalanceModes with daylight, 1.090000, 0.920000
05-24 10:34:11.278 V/EmulatedCamera_Device( 1328): initializeWhiteBalanceModes with twilight, 0.920000, 1.220000
05-24 10:34:11.278 V/EmulatedCamera_Device( 1328): setWhiteBalanceMode with white balance auto
05-24 10:34:11.302 I/CameraService( 1328): disconnect: Disconnected client for camera 0 for PID 1328
05-24 10:34:11.304 D/NuPlayerDriver( 1335): reset(0xf0d13060) at state 4
05-24 10:34:11.304 D/NuPlayerDriver( 1335): notifyListener_l(0xf0d13060), (8, 0, 0), loop setting(0, 0)
05-24 10:34:11.306 D/NuPlayerDriver( 1335): notifyResetComplete(0xf0d13060)
05-24 10:34:11.366 D/gralloc_ranchu( 3574): Emulator without host-side GPU emulation detected. Loading gralloc.default.so from /vendor/lib64/hw/gralloc.goldfish.default.so...
05-24 10:34:11.369 D/gralloc_ranchu( 3574): gralloc.default.so not found in /vendor. Trying /system/lib64/hw/gralloc.goldfish.default.so...
05-24 10:34:11.434 D/NuPlayerDriver( 1335): reset(0xf0d13120) at state 4
05-24 10:34:11.434 D/NuPlayerDriver( 1335): notifyListener_l(0xf0d13120), (8, 0, 0), loop setting(0, 0)
05-24 10:34:11.436 D/NuPlayerDriver( 1335): notifyResetComplete(0xf0d13120)
05-24 10:34:11.457 D/NuPlayerDriver( 1335): reset(0xf0d132a0) at state 4
05-24 10:34:11.457 D/NuPlayerDriver( 1335): notifyListener_l(0xf0d132a0), (8, 0, 0), loop setting(0, 0)
05-24 10:34:11.457 D/NuPlayerDriver( 1335): notifyResetComplete(0xf0d132a0)
05-24 10:34:11.619 V/EmulatedCamera_Camera( 1328): getCameraInfo
05-24 10:34:11.619 V/EmulatedCamera_BaseCamera( 1328): getCameraInfo
05-24 10:34:11.733 V/EmulatedCamera_Camera( 1328): getCameraInfo
05-24 10:34:11.733 V/EmulatedCamera_BaseCamera( 1328): getCameraInfo
