05-24 10:33:23.655 W/VrManagerService( 3134): init_native: Could not open VR hardware module, error No such file or directory (-2).
05-24 10:33:23.681 I/InputManager( 3134): Starting input manager
05-24 10:33:23.700 D/EventHub( 3134): No input device configuration file found for device 'Power Button'.
05-24 10:33:23.705 I/SystemServer( 3134): No Bluetooth Service (emulator)
05-24 10:33:23.705 I/SystemServer( 3134): ConnectivityMetricsLoggerService
05-24 10:33:23.706 I/SystemServiceManager( 3134): Starting com.android.server.connectivity.MetricsLoggerService
05-24 10:33:23.761 I/SystemServer( 3134): IpConnectivityMetrics
05-24 10:33:23.762 I/SystemServiceManager( 3134): Starting com.android.server.connectivity.IpConnectivityMetrics
05-24 10:33:23.763 I/SystemServer( 3134): PinnerService
05-24 10:33:23.764 I/SystemServiceManager( 3134): Starting com.android.server.PinnerService
05-24 10:33:23.767 I/SystemServiceManager( 3134): Starting com.android.server.InputMethodManagerService$Lifecycle
05-24 10:33:23.801 W/EventHub( 3134): Unable to disable kernel key repeat for /dev/input/event0: Function not implemented
05-24 10:33:23.801 I/EventHub( 3134): New device: id=1, fd=91, path='/dev/input/event0', name='Power Button', classes=0x1, configuration='', keyLayout='/system/usr/keylayout/Generic.kl', keyCharacterMap='/system/usr/keychars/Generic.kcm', builtinKeyboard=false, wakeMechanism=EPOLLWAKEUP, usingClockIoctl=true
05-24 10:33:23.844 W/EventHub( 3134): Unable to disable kernel key repeat for /dev/input/event1: Function not implemented
05-24 10:33:23.844 I/EventHub( 3134): New device: id=2, fd=92, path='/dev/input/event1', name='qwerty2', classes=0x95, configuration='/system/usr/idc/qwerty2.idc', keyLayout='/system/usr/keylayout/qwerty.kl', keyCharacterMap='/system/usr/keychars/qwerty2.kcm', builtinKeyboard=true, wakeMechanism=EPOLLWAKEUP, usingClockIoctl=true
05-24 10:33:23.844 E/EventHub( 3134): could not get driver version for /dev/input/mice, Not a typewriter
05-24 10:33:23.974 I/InputReader( 3134): Device added: id=-1, name='Virtual', sources=0x00000301
05-24 10:33:23.986 I/InputReader( 3134):   Touch device 'qwerty2' could not query the properties of its associated display.  The device will be inoperable until the display size becomes available.
05-24 10:33:23.987 I/InputReader( 3134): Device added: id=0, name='qwerty2', sources=0x80001103
05-24 10:33:23.987 I/InputReader( 3134): Device added: id=1, name='Power Button', sources=0x00000101
05-24 10:33:24.863 I/SystemServer( 3134): StartAccessibilityManagerService
05-24 10:33:24.983 I/ActivityManager( 3134): Config changes=1df8 {1.0 ?mcc?mnc [en_US] ldltr sw360dp w360dp h640dp 480dpi nrml long port ?uimode ?night -touch -keyb/v/h -nav/h s.2}
05-24 10:33:25.046 I/ActivityManager( 3134): Config changes=500 {1.0 ?mcc?mnc [en_US] ldltr sw360dp w360dp h568dp 480dpi nrml port ?uimode ?night -touch -keyb/v/h -nav/h s.3}
05-24 10:33:25.088 I/ActivityManager( 3134): Config changes=8 {1.0 ?mcc?mnc [en_US] ldltr sw360dp w360dp h568dp 480dpi nrml port ?uimode ?night finger -keyb/v/h -nav/h s.4}
05-24 10:33:25.313 I/SystemServiceManager( 3134): Starting com.android.server.MountService$Lifecycle
05-24 10:33:25.323 I/InputReader( 3134): Reconfiguring input devices.  changes=0x00000004
05-24 10:33:25.323 I/InputReader( 3134): Device reconfigured: id=0, name='qwerty2', size 1080x1920, orientation 0, mode 1, display id 0
05-24 10:33:25.494 I/SystemServiceManager( 3134): Starting com.android.server.UiModeManagerService
05-24 10:33:25.500 I/ActivityManager( 3134): Config changes=200 {1.0 ?mcc?mnc [en_US] ldltr sw360dp w360dp h568dp 480dpi nrml port finger -keyb/v/h -nav/h s.5}
05-24 10:33:25.595 D/MountService( 3134): Thinking about init, mSystemReady=false, mDaemonConnected=true
05-24 10:33:25.596 D/MountService( 3134): Thinking about reset, mSystemReady=false, mDaemonConnected=true
05-24 10:33:25.601 W/PackageManager( 3134): No disk maintenance in 5207071601; running immediately
05-24 10:33:25.602 I/SystemServer( 3134): StartLockSettingsService
05-24 10:33:25.604 D/MountService( 3134): Thinking about init, mSystemReady=false, mDaemonConnected=true
05-24 10:33:25.604 D/MountService( 3134): Thinking about reset, mSystemReady=false, mDaemonConnected=true
05-24 10:33:25.606 D/CryptdConnector( 3134): SND -> {1 cryptfs getfield SystemLocale}
05-24 10:33:25.608 I/SystemServiceManager( 3134): Starting com.android.server.LockSettingsService$Lifecycle
05-24 10:33:25.638 D/CryptdConnector( 3134): RCV <- {200 1 -1}
05-24 10:33:25.806 I/SystemServiceManager( 3134): Starting com.android.server.DeviceIdleController
05-24 10:33:25.820 W/MountService( 3134): No primary storage mounted!
05-24 10:33:25.870 D/VoldConnector( 3134): SND -> {1 asec list}
05-24 10:33:25.881 D/VoldConnector( 3134): RCV <- {200 1 asec operation succeeded}
05-24 10:33:25.883 I/PackageManager( 3134): No secure containers found
05-24 10:33:25.884 W/PackageManager( 3134): Unknown permission com.google.android.googleapps.permission.GOOGLE_AUTH in package com.android.providers.calendar
05-24 10:33:25.884 W/PackageManager( 3134): Unknown permission com.google.android.googleapps.permission.GOOGLE_AUTH.cl in package com.android.providers.calendar
05-24 10:33:25.884 W/PackageManager( 3134): Not granting permission android.permission.GLOBAL_SEARCH to package com.android.quicksearchbox (protectionLevel=18 flags=0x3808be45)
05-24 10:33:25.886 W/PackageManager( 3134): Not granting permission android.permission.WRITE_EXTERNAL_STORAGE to package gov.nasa.arc.astrobee.android.gs.manager because it was previously installed without
05-24 10:33:25.886 W/PackageManager( 3134): Not granting permission android.permission.READ_EXTERNAL_STORAGE to package gov.nasa.arc.astrobee.android.gs.manager because it was previously installed without
05-24 10:33:25.886 W/PackageManager( 3134): Unknown permission com.android.launcher.permission.READ_SETTINGS in package com.android.launcher3
05-24 10:33:25.886 W/PackageManager( 3134): Unknown permission com.android.launcher.permission.WRITE_SETTINGS in package com.android.launcher3
05-24 10:33:25.886 W/PackageManager( 3134): Not granting permission android.permission.BIND_APPWIDGET to package com.android.launcher3 (protectionLevel=18 flags=0x3c4bbe45)
05-24 10:33:25.887 W/PackageManager( 3134): Unknown permission com.google.android.googleapps.permission.GOOGLE_AUTH.mail in package com.android.calendar
05-24 10:33:25.887 W/PackageManager( 3134): Unknown permission com.google.android.providers.settings.permission.WRITE_GSETTINGS in package com.android.sdksetup
05-24 10:33:25.888 W/PackageManager( 3134): Unknown permission com.google.android.permission.INSTALL_WEARABLE_PACKAGES in package com.android.packageinstaller
05-24 10:33:25.888 W/PackageManager( 3134): Not granting permission android.permission.DELETE_PACKAGES to package com.svox.pico (protectionLevel=18 flags=0x3808be45)
05-24 10:33:25.888 W/PackageManager( 3134): Not granting permission android.permission.READ_CONTACTS to package com.example.android.apis because it was previously installed without
05-24 10:33:25.888 W/PackageManager( 3134): Not granting permission android.permission.WRITE_CONTACTS to package com.example.android.apis because it was previously installed without
05-24 10:33:25.888 W/PackageManager( 3134): Not granting permission android.permission.ACCESS_COARSE_LOCATION to package com.example.android.apis because it was previously installed without
05-24 10:33:25.888 W/PackageManager( 3134): Not granting permission android.permission.WRITE_EXTERNAL_STORAGE to package com.example.android.apis because it was previously installed without
05-24 10:33:25.888 W/PackageManager( 3134): Not granting permission android.permission.SEND_SMS to package com.example.android.apis because it was previously installed without
05-24 10:33:25.888 W/PackageManager( 3134): Not granting permission android.permission.RECEIVE_SMS to package com.example.android.apis because it was previously installed without
05-24 10:33:25.888 W/PackageManager( 3134): Not granting permission android.permission.RECEIVE_MMS to package com.example.android.apis because it was previously installed without
05-24 10:33:25.888 W/PackageManager( 3134): Not granting permission android.permission.READ_SMS to package com.example.android.apis because it was previously installed without
05-24 10:33:25.888 W/PackageManager( 3134): Not granting permission android.permission.READ_PHONE_STATE to package com.example.android.apis because it was previously installed without
05-24 10:33:25.889 W/PackageManager( 3134): Not granting permission android.permission.RECORD_AUDIO to package com.example.android.apis because it was previously installed without
05-24 10:33:25.889 W/PackageManager( 3134): Not granting permission android.permission.CAMERA to package com.example.android.apis because it was previously installed without
05-24 10:33:25.889 W/PackageManager( 3134): Not granting permission android.permission.READ_EXTERNAL_STORAGE to package com.example.android.apis because it was previously installed without
05-24 10:33:25.889 W/PackageManager( 3134): Unknown permission android.permission.RUN_INSTRUMENTATION in package org.chromium.webview_shell
05-24 10:33:25.889 W/PackageManager( 3134): Unknown permission com.google.android.googleapps.permission.GOOGLE_AUTH in package com.android.settings
05-24 10:33:25.889 W/PackageManager( 3134): Unknown permission com.android.launcher.permission.READ_SETTINGS in package com.android.settings
05-24 10:33:25.921 I/SystemServiceManager( 3134): Starting com.android.server.devicepolicy.DevicePolicyManagerService$Lifecycle
05-24 10:33:25.931 W/PackageManager( 3134): Unknown permission com.android.launcher.permission.WRITE_SETTINGS in package com.android.settings
05-24 10:33:25.972 W/PackageManager( 3134): Unknown permission com.android.smspush.WAPPUSH_MANAGER_BIND in package com.android.phone
05-24 10:33:25.986 W/PackageManager( 3134): Unknown permission com.google.android.googleapps.permission.ACCESS_GOOGLE_PASSWORD in package com.android.development
05-24 10:33:25.986 W/PackageManager( 3134): Unknown permission com.google.android.googleapps.permission.GOOGLE_AUTH in package com.android.development
05-24 10:33:25.987 W/PackageManager( 3134): Unknown permission com.google.android.googleapps.permission.GOOGLE_AUTH.ALL_SERVICES in package com.android.development
05-24 10:33:25.987 W/PackageManager( 3134): Unknown permission com.google.android.googleapps.permission.GOOGLE_AUTH.YouTubeUser in package com.android.development
05-24 10:33:25.990 W/PackageManager( 3134): Not granting permission android.permission.BIND_APPWIDGET to package com.android.widgetpreview (protectionLevel=18 flags=0x3808be44)
05-24 10:33:26.401 W/art     ( 3134): Long monitor contention with owner MountService (3323) at void com.android.server.pm.PackageManagerService.loadMediaPackages(android.util.ArrayMap, int[], boolean)(PackageManagerService.java:19317) waiters=0 in boolean com.android.server.pm.PackageManagerService.hasSystemFeature(java.lang.String, int) for 414ms
05-24 10:33:26.406 I/SystemServer( 3134): StartStatusBarManagerService
05-24 10:33:26.411 W/MountService( 3134): No primary storage defined yet; hacking together a stub
05-24 10:33:26.414 W/MountService( 3134): No primary storage defined yet; hacking together a stub
05-24 10:33:26.440 W/MountService( 3134): No primary storage mounted!
05-24 10:33:26.441 D/VoldConnector( 3134): SND -> {2 asec list}
05-24 10:33:26.443 D/VoldConnector( 3134): RCV <- {200 2 asec operation succeeded}
05-24 10:33:26.445 I/MountService( 3134): Running fstrim idle maintenance
05-24 10:33:26.446 D/VoldConnector( 3134): SND -> {3 fstrim dotrim}
05-24 10:33:26.484 I/SystemServer( 3134): StartClipboardService
05-24 10:33:26.504 D/VoldConnector( 3134): RCV <- {200 3 Command succeeded}
05-24 10:33:26.509 I/SystemServer( 3134): StartNetworkManagementService
05-24 10:33:26.551 I/NetworkManagement( 3134): onDaemonConnected()
05-24 10:33:26.594 I/SystemServiceManager( 3134): Starting com.android.server.TextServicesManagerService$Lifecycle
05-24 10:33:26.630 D/vold    ( 1275): Starting trim of /cache
05-24 10:33:26.632 W/vold    ( 1275): Trim failed on /cache: Operation not supported on transport endpoint
05-24 10:33:26.633 D/VoldConnector( 3134): RCV <- {662 /cache -1 -1}
05-24 10:33:26.653 D/vold    ( 1275): Starting trim of /data
05-24 10:33:26.654 W/vold    ( 1275): Trim failed on /data: Operation not supported on transport endpoint
05-24 10:33:26.654 D/VoldConnector( 3134): RCV <- {662 /data -1 -1}
05-24 10:33:26.656 I/SystemServer( 3134): StartNetworkScoreService
05-24 10:33:26.675 I/SystemServer( 3134): StartNetworkStatsService
05-24 10:33:26.692 E/VoldConnector( 3134): Error handling '662 /cache -1 -1': java.lang.NullPointerException: Attempt to invoke virtual method 'void android.os.DropBoxManager.addText(java.lang.String, java.lang.String)' on a null object reference
05-24 10:33:26.713 E/VoldConnector( 3134): Error handling '662 /data -1 -1': java.lang.NullPointerException: Attempt to invoke virtual method 'void android.os.DropBoxManager.addText(java.lang.String, java.lang.String)' on a null object reference
05-24 10:33:26.794 I/SystemServer( 3134): StartNetworkPolicyManagerService
05-24 10:33:26.933 I/SystemServer( 3134): No Wi-Fi NAN Service (NAN support Not Present)
05-24 10:33:27.219 W/art     ( 3134): Verification of void com.android.server.wifi.p2p.WifiP2pService.<init>(android.content.Context) took 147.688ms
05-24 10:33:27.251 I/SystemServiceManager( 3134): Starting com.android.server.wifi.p2p.WifiP2pService
05-24 10:33:27.475 I/WifiP2pService( 3134): Registering wifip2p
05-24 10:33:27.491 I/SystemServiceManager( 3134): Starting com.android.server.wifi.WifiService
05-24 10:33:27.593 W/UsageStatsService( 3134): User[0] Some stats have no latest available
05-24 10:33:28.398 D/HS20    ( 3134): Passpoint is disabled
05-24 10:33:28.802 D/CommandListener( 1336): Clearing all IP addresses on wlan0
05-24 10:33:28.926 I/UsageStatsService( 3134): User[0] Rollover scheduled @ 2021-05-25 10:33:24(1621938804985)
05-24 10:33:28.954 D/WifiApConfigStore( 3134): 2G band allowed channels are:1,6,11
05-24 10:33:28.960 W/art     ( 3134): Long monitor contention with owner WifiStateMachine (3337) at boolean com.android.server.wifi.WifiNative.unloadDriverNative()(WifiNative.java:-2) waiters=0 in java.lang.String com.android.server.wifi.WifiNative.doStringCommand(java.lang.String) for 142ms
05-24 10:33:28.961 E/WifiLogger( 3134): no ring buffers found
05-24 10:33:28.962 E/WifiLogger( 3134): Failed to start packet fate monitoring
05-24 10:33:28.981 I/art     ( 3134): Background sticky concurrent mark sweep GC freed 36346(2MB) AllocSpace objects, 17(340KB) LOS objects, 23% free, 8MB/10MB, paused 5.337ms total 1.060s
05-24 10:33:29.006 D/WifiController( 3134): isAirplaneModeOn = true, isWifiEnabled = false, isScanningAvailable = false
05-24 10:33:29.054 I/WifiService( 3134): Registering wifi
05-24 10:33:29.072 I/SystemServiceManager( 3134): Starting com.android.server.wifi.scanner.WifiScanningService
05-24 10:33:29.072 I/WifiScanningService( 3134): Creating wifiscanner
05-24 10:33:29.111 I/WifiScanningService( 3134): Publishing wifiscanner
05-24 10:33:29.115 I/SystemServiceManager( 3134): Starting com.android.server.wifi.RttService
05-24 10:33:29.121 I/RttService( 3134): Creating rttmanager
05-24 10:33:29.129 I/RttService( 3134): Starting rttmanager
05-24 10:33:29.132 I/SystemServer( 3134): StartConnectivityService
05-24 10:33:29.163 D/ConnectivityService( 3134): ConnectivityService starting up
05-24 10:33:29.179 D/ConnectivityService( 3134): wifiOnly=false
05-24 10:33:29.317 I/SystemServer( 3134): StartNsdService
05-24 10:33:29.363 I/SystemServer( 3134): StartUpdateLockService
05-24 10:33:29.368 I/SystemServiceManager( 3134): Starting com.android.server.RecoverySystemService
05-24 10:33:29.391 I/SystemServiceManager( 3134): Starting com.android.server.notification.NotificationManagerService
05-24 10:33:29.898 D/ConditionProviders.SCP( 3134): new ScheduleConditionProvider()
05-24 10:33:30.096 D/ZenLog  ( 3134): config: readXml,ZenModeConfig[user=0,allowCalls=true,allowRepeatCallers=false,allowMessages=false,allowCallsFrom=contacts,allowMessagesFrom=contacts,allowReminders=true,allowEvents=true,allowWhenScreenOff=true,allowWhenScreenOn=true,automaticRules={370bd6672ef541ba946db9ac4aef0faf=ZenRule[enabled=false,snoozing=false,name=Weeknight,zenMode=ZEN_MODE_ALARMS,conditionId=condition://android/schedule?days=1.2.3.4.5&start=22.0&end=7.0&exitAtAlarm=false,condition=Condition[id=condition://android/schedule?days=1.2.3.4.5&start=22.0&end=7.0&exitAtAlarm=false,summary=...,line1=...,line2=...,icon=0,state=STATE_FALSE,flags=2],component=ComponentInfo{android/com.android.server.notification.ScheduleConditionProvider},id=370bd6672ef541ba946db9ac4aef0faf,creationTime=1590622727817,enabler=null], a53ffdf89c814123a52adbdd46bc948d=ZenRule[enabled=false,snoozing=false,name=Weekend,zenMode=ZEN_MODE_ALARMS,conditionId=condition://android/schedule?days=6.7&start=23.30&end=10.0&exitAtAlarm=false,condition=Condition[id=condition://android/schedule?days=6.7&start=23.30&end=10.0&exitAtAlarm=false,summary=...,line1=...,line2=...,icon=0,state=STATE_FALSE,flags=2],component=ComponentInfo{android/com.android.server.notification.ScheduleConditionProvider},id=a53ffdf89c814123a52adbdd46bc948d,creationTime=1590622727818,enabler=null], fc8bb1aacabb4877a1d1d167106f6e77=ZenRule[enabled=false,snoozing=false,name=Event,zenMode=ZEN_MODE_ALARMS,conditionId=condition://android/event?userId=-10000&calendar=&reply=1,condition=Condition[id=condition://android/event?userId=-10000&calendar=&reply=1,summary=...,line1=...,line2=...,icon=0,state=STATE_FALSE,flags=2],component=ComponentInfo{android/com.android.server.notification.EventConditionProvider},id=fc8bb1aacabb4877a1d1d167106f6e77,creationTime=1590622727822,enabler=null]},manualRule=null],Diff[automaticRule[370bd6672ef541ba946db9ac4aef0faf]:insert,automaticRule[c997d56f01b64a38bd89dbadad671b20]:delete,automaticRule[a53ffdf89c814123a52adbdd46bc948d]:insert,automaticRule[ccc009f52ffb46fbb36ee9d409003a3a]:delete,automaticRule[6f5847ff5ffd4706b280ba5ce6b118bc]:delete,automaticRule[fc8bb1aacabb4877a1d1d167106f6e77]:insert]
05-24 10:33:30.274 D/ZenLog  ( 3134): set_zen_mode: off,init
05-24 10:33:30.353 I/SystemServiceManager( 3134): Starting com.android.server.storage.DeviceStorageMonitorService
05-24 10:33:30.481 I/SystemServer( 3134): StartLocationManagerService
05-24 10:33:30.521 I/SystemServer( 3134): StartCountryDetectorService
05-24 10:33:30.544 I/SystemServer( 3134): StartSearchManagerService
05-24 10:33:30.545 I/SystemServiceManager( 3134): Starting com.android.server.search.SearchManagerService$Lifecycle
05-24 10:33:30.574 I/SystemServiceManager( 3134): Starting com.android.server.DropBoxManagerService
05-24 10:33:30.579 I/SystemServer( 3134): StartWallpaperManagerService
05-24 10:33:30.662 I/SystemServiceManager( 3134): Starting com.android.server.wallpaper.WallpaperManagerService$Lifecycle
05-24 10:33:30.705 E/BitmapFactory( 3134): Unable to decode stream: java.io.FileNotFoundException: /data/system/users/0/wallpaper_orig (No such file or directory)
05-24 10:33:30.706 E/WallpaperManagerService( 3134): Invalid wallpaper data
05-24 10:33:30.706 E/WallpaperManagerService( 3134): Unable to apply new wallpaper
05-24 10:33:30.729 I/SystemServer( 3134): StartAudioService
05-24 10:33:30.741 I/SystemServiceManager( 3134): Starting com.android.server.audio.AudioService$Lifecycle
05-24 10:33:30.892 W/TelecomManager( 3134): Telecom Service not found.
05-24 10:33:30.962 D/PermissionCache( 1327): checking android.permission.MODIFY_AUDIO_SETTINGS for uid=1000 => granted (113654 us)
05-24 10:33:30.970 D/PermissionCache( 1327): checking android.permission.MODIFY_AUDIO_SETTINGS for uid=1000 => granted (4161 us)
05-24 10:33:31.018 W/AudioFlinger( 1327): no wake lock to update, system not ready yet
05-24 10:33:31.242 I/SystemServiceManager( 3134): Starting com.android.server.DockObserver
05-24 10:33:31.245 W/DockObserver( 3134): This kernel does not have dock station support
05-24 10:33:31.249 I/SystemServer( 3134): StartWiredAccessoryManager
05-24 10:33:31.268 W/WiredAccessoryManager( 3134): This kernel does not have usb audio support
05-24 10:33:31.268 W/WiredAccessoryManager( 3134): This kernel does not have HDMI audio support
05-24 10:33:31.281 I/SystemServiceManager( 3134): Starting com.android.server.midi.MidiService$Lifecycle
05-24 10:33:31.302 I/SystemServiceManager( 3134): Starting com.android.server.usb.UsbService$Lifecycle
05-24 10:33:31.409 I/SystemServer( 3134): StartSerialService
05-24 10:33:31.424 E/HardwarePropertiesManagerService-JNI( 3134): Couldn't load thermal module (No such file or directory)
05-24 10:33:31.426 I/SystemServiceManager( 3134): Starting com.android.server.twilight.TwilightService
05-24 10:33:31.428 I/SystemServiceManager( 3134): Starting com.android.server.job.JobSchedulerService
05-24 10:33:31.495 I/SystemServiceManager( 3134): Starting com.android.server.soundtrigger.SoundTriggerService
05-24 10:33:31.511 I/SystemServiceManager( 3134): Starting com.android.server.backup.BackupManagerService$Lifecycle
05-24 10:33:31.521 I/SystemServiceManager( 3134): Starting com.android.server.appwidget.AppWidgetService
05-24 10:33:31.652 I/SystemServiceManager( 3134): Starting com.android.server.voiceinteraction.VoiceInteractionManagerService
05-24 10:33:31.702 I/SystemServer( 3134): Gesture Launcher Service
05-24 10:33:31.702 I/SystemServiceManager( 3134): Starting com.android.server.GestureLauncherService
05-24 10:33:31.703 I/SystemServiceManager( 3134): Starting com.android.server.SensorNotificationService
05-24 10:33:31.704 I/SystemServiceManager( 3134): Starting com.android.server.ContextHubSystemService
05-24 10:33:31.751 E/ContextHubService( 3134): ** Could not load context_hub module : err No such file or directory
05-24 10:33:31.751 W/ContextHubService( 3134): No Context Hub Module present
05-24 10:33:31.752 I/SystemServer( 3134): StartDiskStatsService
05-24 10:33:31.754 I/SystemServer( 3134): StartSamplingProfilerService
05-24 10:33:31.987 I/SystemServer( 3134): StartNetworkTimeUpdateService
05-24 10:33:32.022 I/SystemServer( 3134): StartCommonTimeManagementService
05-24 10:33:32.027 I/SystemServer( 3134): CertBlacklister
05-24 10:33:32.065 I/SystemServiceManager( 3134): Starting com.android.server.emergency.EmergencyAffordanceService
05-24 10:33:32.069 I/SystemServiceManager( 3134): Starting com.android.server.dreams.DreamManagerService
05-24 10:33:32.086 I/SystemServer( 3134): StartAssetAtlasService
05-24 10:33:32.168 D/AssetAtlas( 3134): Loaded configuration: SliceMinArea (1280x896) flags=0x2 count=91
05-24 10:33:32.191 I/SystemServiceManager( 3134): Starting com.android.server.print.PrintManagerService
05-24 10:33:32.254 I/SystemServiceManager( 3134): Starting com.android.server.restrictions.RestrictionsManagerService
05-24 10:33:32.260 I/SystemServiceManager( 3134): Starting com.android.server.media.MediaSessionService
05-24 10:33:32.307 I/SystemServer( 3134): StartMediaRouterService
05-24 10:33:32.322 I/SystemServiceManager( 3134): Starting com.android.server.trust.TrustManagerService
05-24 10:33:32.392 I/SystemServiceManager( 3134): Starting com.android.server.fingerprint.FingerprintService
05-24 10:33:32.467 D/gralloc_ranchu( 3134): Emulator without host-side GPU emulation detected. Loading gralloc.default.so from /vendor/lib64/hw/gralloc.goldfish.default.so...
05-24 10:33:32.484 D/PermissionCache( 1339): checking android.permission.MANAGE_FINGERPRINT for uid=1000 => granted (34892 us)
05-24 10:33:32.487 V/fingerprintd( 1339): nativeOpenHal()
05-24 10:33:32.501 D/gralloc_ranchu( 3134): gralloc.default.so not found in /vendor. Trying /system/lib64/hw/gralloc.goldfish.default.so...
05-24 10:33:32.565 D/FingerprintHal( 1339): ----------------> fingerprint_open ----------------->
05-24 10:33:32.567 E/fingerprintd( 1339): Wrong fp version. Expected 512, got 513
05-24 10:33:32.567 D/FingerprintHal( 1339): ----------------> set_notify_callback ----------------->
05-24 10:33:32.567 D/FingerprintHal( 1339): fingerprint callback notification set
05-24 10:33:32.567 V/fingerprintd( 1339): fingerprint HAL successfully initialized
05-24 10:33:32.569 D/FingerprintHal( 1339): ----------------> listenerFunction ----------------->
05-24 10:33:32.591 V/fingerprintd( 1339): setActiveGroup(0, /data/system/users/0/fpdata, 27)
05-24 10:33:32.591 D/FingerprintHal( 1339): ----------------> fingerprint_set_active_group -----------------> path /data/system/users/0/fpdata
05-24 10:33:32.591 D/FingerprintHal( 1339): ----------------> loadFingerprints ----------------->
05-24 10:33:32.591 E/FingerprintHal( 1339): Could not load fingerprints from storage at /data/system/users/0/fpdata/emufp.bin; it has not yet been created.
05-24 10:33:32.591 D/FingerprintHal( 1339): ----------------> loadAuthenticatorId ----------------->
05-24 10:33:32.620 D/FingerprintHal( 1339): Read authenticator id (0x6b8b4567327b23c6)
05-24 10:33:32.622 D/FingerprintHal( 1339): ----------------> fingerprint_get_auth_id ----------------->
05-24 10:33:32.622 D/FingerprintHal( 1339): ----------------> fingerprint_get_auth_id auth id 6b8b4567327b23c6----------------->
05-24 10:33:32.623 V/FingerprintService( 3134): Fingerprint HAL id: 134356775780352
05-24 10:33:32.625 I/SystemServer( 3134): StartBackgroundDexOptService
05-24 10:33:32.643 I/SystemServiceManager( 3134): Starting com.android.server.pm.ShortcutService$Lifecycle
05-24 10:33:32.773 I/SystemServiceManager( 3134): Starting com.android.server.pm.LauncherAppsService
05-24 10:33:32.778 I/SystemServiceManager( 3134): Starting com.android.server.media.projection.MediaProjectionManagerService
05-24 10:33:32.797 V/MediaRouter( 3134): Adding route: RouteInfo{ name=Phone, description=null, status=null, category=RouteCategory{ name=null types=ROUTE_TYPE_LIVE_AUDIO ROUTE_TYPE_LIVE_VIDEO  groupable=false }, supportedTypes=ROUTE_TYPE_LIVE_AUDIO ROUTE_TYPE_LIVE_VIDEO , presentationDisplay=null }
05-24 10:33:32.871 V/MediaRouter( 3134): Updating audio routes: AudioRoutesInfo{ type=SPEAKER }
05-24 10:33:32.877 V/MediaRouter( 3134): Selecting route: RouteInfo{ name=Phone, description=null, status=null, category=RouteCategory{ name=null types=ROUTE_TYPE_LIVE_AUDIO ROUTE_TYPE_LIVE_VIDEO  groupable=false }, supportedTypes=ROUTE_TYPE_LIVE_AUDIO ROUTE_TYPE_LIVE_VIDEO , presentationDisplay=null }
05-24 10:33:32.915 I/WindowManager( 3134): SAFE MODE not enabled
05-24 10:33:32.916 I/SystemServiceManager( 3134): Starting com.android.server.MmsServiceBroker
05-24 10:33:32.976 W/VibratorService( 3134): Tried to stop vibrating but there is no vibrator device.
05-24 10:33:33.172 W/AssetAtlasService( 3134): Could not find EGL configuration
05-24 10:33:33.176 D/AssetAtlas( 3134): Rendered atlas in 596.89ms (560.29+36.60ms)
05-24 10:33:33.277 I/art     ( 3134): Background partial concurrent mark sweep GC freed 17241(1366KB) AllocSpace objects, 8(160KB) LOS objects, 24% free, 12MB/16MB, paused 2.606ms total 681.727ms
05-24 10:33:33.686 E/LockSettingsStorage( 3134): Cannot read file java.io.FileNotFoundException: /data/system/gatekeeper.password.key: open failed: ENOENT (No such file or directory)
05-24 10:33:33.688 E/LockSettingsStorage( 3134): Cannot read file java.io.FileNotFoundException: /data/system/password.key: open failed: ENOENT (No such file or directory)
05-24 10:33:33.689 E/LockSettingsStorage( 3134): Cannot read file java.io.FileNotFoundException: /data/system/gatekeeper.pattern.key: open failed: ENOENT (No such file or directory)
05-24 10:33:33.701 E/LockSettingsStorage( 3134): Cannot read file java.io.FileNotFoundException: /data/system/gatekeeper.gesture.key: open failed: ENOENT (No such file or directory)
05-24 10:33:33.702 E/LockSettingsStorage( 3134): Cannot read file java.io.FileNotFoundException: /data/system/gesture.key: open failed: ENOENT (No such file or directory)
05-24 10:33:33.703 I/SystemServiceManager( 3134): Starting phase 480
05-24 10:33:33.793 I/DevicePolicyManagerService( 3134): Set ro.device_owner property to false
05-24 10:33:33.842 I/SystemServiceManager( 3134): Starting phase 500
05-24 10:33:33.889 D/ConnectivityMetricsLoggerService( 3134): onBootPhase: PHASE_SYSTEM_SERVICES_READY
05-24 10:33:34.008 I/WifiService( 3134): WifiService starting up with Wi-Fi disabled
05-24 10:33:34.038 I/WifiScanningService( 3134): Starting wifiscanner
05-24 10:33:34.081 I/RttService( 3134): Registering rttmanager
05-24 10:33:34.153 D/ZenLog  ( 3134): config: cleanUpZenRules,ZenModeConfig[user=0,allowCalls=true,allowRepeatCallers=false,allowMessages=false,allowCallsFrom=contacts,allowMessagesFrom=contacts,allowReminders=true,allowEvents=true,allowWhenScreenOff=true,allowWhenScreenOn=true,automaticRules={370bd6672ef541ba946db9ac4aef0faf=ZenRule[enabled=false,snoozing=false,name=Weeknight,zenMode=ZEN_MODE_ALARMS,conditionId=condition://android/schedule?days=1.2.3.4.5&start=22.0&end=7.0&exitAtAlarm=false,condition=Condition[id=condition://android/schedule?days=1.2.3.4.5&start=22.0&end=7.0&exitAtAlarm=false,summary=...,line1=...,line2=...,icon=0,state=STATE_FALSE,flags=2],component=ComponentInfo{android/com.android.server.notification.ScheduleConditionProvider},id=370bd6672ef541ba946db9ac4aef0faf,creationTime=1590622727817,enabler=null], a53ffdf89c814123a52adbdd46bc948d=ZenRule[enabled=false,snoozing=false,name=Weekend,zenMode=ZEN_MODE_ALARMS,conditionId=condition://android/schedule?days=6.7&start=23.30&end=10.0&exitAtAlarm=false,condition=Condition[id=condition://android/schedule?days=6.7&start=23.30&end=10.0&exitAtAlarm=false,summary=...,line1=...,line2=...,icon=0,state=STATE_FALSE,flags=2],component=ComponentInfo{android/com.android.server.notification.ScheduleConditionProvider},id=a53ffdf89c814123a52adbdd46bc948d,creationTime=1590622727818,enabler=null], fc8bb1aacabb4877a1d1d167106f6e77=ZenRule[enabled=false,snoozing=false,name=Event,zenMode=ZEN_MODE_ALARMS,conditionId=condition://android/event?userId=-10000&calendar=&reply=1,condition=Condition[id=condition://android/event?userId=-10000&calendar=&reply=1,summary=...,line1=...,line2=...,icon=0,state=STATE_FALSE,flags=2],component=ComponentInfo{android/com.android.server.notification.EventConditionProvider},id=fc8bb1aacabb4877a1d1d167106f6e77,creationTime=1590622727822,enabler=null]},manualRule=null],Diff[]
05-24 10:33:34.153 D/ZenLog  ( 3134): set_zen_mode: off,onSystemReady
05-24 10:33:34.172 D/PermissionCache( 1327): checking android.permission.CAPTURE_AUDIO_HOTWORD for uid=1000 => granted (900 us)
05-24 10:33:34.174 W/SoundTriggerHelper( 3134): listModules status=0, # of modules=0
05-24 10:33:34.174 D/ContextHubSystemService( 3134): onBootPhase: PHASE_SYSTEM_SERVICES_READY
05-24 10:33:34.677 V/UserManagerService( 3134): Found /data/user_de/0 with serial number 0
05-24 10:33:34.678 V/UserManagerService( 3134): Found /data/user/0 with serial number 0
05-24 10:33:34.678 V/UserManagerService( 3134): Found /data/system_de/0 with serial number 0
05-24 10:33:34.679 V/UserManagerService( 3134): Found /data/system_ce/0 with serial number 0
05-24 10:33:34.683 W/KeyguardServiceDelegate( 3134): onScreenTurningOn(): no keyguard service!
05-24 10:33:35.086 I/ActivityManager( 3134): System now ready
05-24 10:33:35.226 I/SystemServer( 3134): Making services ready
05-24 10:33:35.226 I/SystemServiceManager( 3134): Starting phase 550
05-24 10:33:35.409 W/art     ( 3134): Long monitor contention with owner main (3134) at void com.android.server.am.ActivityManagerService.retrieveSettings()(ActivityManagerService.java:13214) waiters=0 in void com.android.server.am.TaskPersister$LazyTaskWriterThread.run() for 218ms
05-24 10:33:35.684 W/WindowManager( 3134): Keyguard drawn timeout. Setting mKeyguardDrawComplete
05-24 10:33:35.742 E/InputMethodManagerService( 3134): Ignoring updateSystemUiLocked due to an invalid token. uid:1000 token:null
05-24 10:33:36.145 I/Zygote  ( 3134): Process: zygote socket opened, supported ABIS: x86_64
05-24 10:33:36.261 W/ActivityManager( 3134): Slow operation: 168ms so far, now at startProcess: returned from zygote!
05-24 10:33:36.261 W/ActivityManager( 3134): Slow operation: 169ms so far, now at startProcess: done updating battery stats
05-24 10:33:36.262 W/ActivityManager( 3134): Slow operation: 170ms so far, now at startProcess: building log message
05-24 10:33:36.263 I/ActivityManager( 3134): Start proc 3376:com.android.inputmethod.latin/u0a41 for service com.android.inputmethod.latin/.LatinIME
05-24 10:33:36.263 W/ActivityManager( 3134): Slow operation: 171ms so far, now at startProcess: starting to update pids map
05-24 10:33:36.263 W/ActivityManager( 3134): Slow operation: 171ms so far, now at startProcess: done updating pids map
05-24 10:33:36.263 W/ActivityManager( 3134): Slow operation: 172ms so far, now at startProcess: done starting proc!
05-24 10:33:36.265 V/InputMethodManagerService( 3134): Adding window token: android.os.Binder@77545f9
05-24 10:33:36.285 D/MountService( 3134): Thinking about init, mSystemReady=true, mDaemonConnected=true
05-24 10:33:36.286 D/MountService( 3134): Setting up emulation state, initlocked=false
05-24 10:33:36.287 D/CryptdConnector( 3134): SND -> {2 cryptfs unlock_user_key 0 0 ! !}
05-24 10:33:36.305 D/vold    ( 1275): e4crypt_unlock_user_key 0 serial=0 token_present=0
05-24 10:33:36.308 D/CryptdConnector( 3134): RCV <- {200 2 Command succeeded}
05-24 10:33:36.357 D/MountService( 3134): Thinking about reset, mSystemReady=true, mDaemonConnected=true
05-24 10:33:36.359 I/ActivityManager( 3134): Force stopping com.android.providers.media appid=10010 user=-1: vold reset
05-24 10:33:36.367 D/VoldConnector( 3134): SND -> {4 volume reset}
05-24 10:33:36.373 D/VoldConnector( 3134): RCV <- {651 emulated 7}
05-24 10:33:36.374 D/VoldConnector( 3134): RCV <- {659 emulated}
05-24 10:33:36.375 D/VoldConnector( 3134): RCV <- {650 emulated 2 "" ""}
05-24 10:33:36.376 D/VoldConnector( 3134): RCV <- {651 emulated 0}
05-24 10:33:36.376 D/VoldConnector( 3134): RCV <- {651 public:253,48 7}
05-24 10:33:36.377 D/VoldConnector( 3134): RCV <- {659 public:253,48}
05-24 10:33:36.417 W/art     ( 3376): Unexpected CPU variant for X86 using defaults: x86_64
05-24 10:33:36.422 E/BitmapFactory( 3134): Unable to decode stream: java.io.FileNotFoundException: /data/system/users/0/wallpaper_orig (No such file or directory)
05-24 10:33:36.422 E/WallpaperManagerService( 3134): Invalid wallpaper data
05-24 10:33:36.422 E/WallpaperManagerService( 3134): Unable to apply new wallpaper
05-24 10:33:36.428 D/VoldConnector( 3134): RCV <- {649 disk:253,48}
05-24 10:33:36.429 D/VoldConnector( 3134): RCV <- {640 disk:253,48 5}
05-24 10:33:36.435 D/vold    ( 1275): Recognized experimental block major ID 253 as virtio-blk (emulator's virtual SD card device)
05-24 10:33:36.436 V/vold    ( 1275): /system/bin/sgdisk
05-24 10:33:36.436 V/vold    ( 1275):     --android-dump
05-24 10:33:36.436 V/vold    ( 1275):     /dev/block/vold/disk:253,48
05-24 10:33:36.440 D/VoldConnector( 3134): RCV <- {641 disk:253,48 549453824}
05-24 10:33:36.441 D/VoldConnector( 3134): RCV <- {642 disk:253,48 Virtual}
05-24 10:33:36.442 D/VoldConnector( 3134): RCV <- {644 disk:253,48 /sys//devices/pci0000:00/0000:00:06.0/virtio3/block/vdd}
05-24 10:33:36.517 V/MountService( 3134): Found primary storage at VolumeInfo{emulated}:
05-24 10:33:36.517 V/MountService( 3134):     type=EMULATED diskId=null partGuid=null mountFlags=0 mountUserId=-1 
05-24 10:33:36.517 V/MountService( 3134):     state=UNMOUNTED 
05-24 10:33:36.517 V/MountService( 3134):     fsType=null fsUuid=null fsLabel=null 
05-24 10:33:36.517 V/MountService( 3134):     path=null internalPath=null 
05-24 10:33:36.530 W/ActivityManager( 3134): Slow operation: 76ms so far, now at startProcess: getting gids from package manager
05-24 10:33:36.531 W/ActivityManager( 3134): Slow operation: 77ms so far, now at startProcess: building args
05-24 10:33:36.531 W/ActivityManager( 3134): Slow operation: 77ms so far, now at startProcess: asking zygote to start proc
05-24 10:33:36.724 W/art     ( 3391): Unexpected CPU variant for X86 using defaults: x86_64
05-24 10:33:36.740 W/ActivityManager( 3134): Slow operation: 285ms so far, now at startProcess: returned from zygote!
05-24 10:33:36.741 W/ActivityManager( 3134): Slow operation: 286ms so far, now at startProcess: done updating battery stats
05-24 10:33:36.741 W/ActivityManager( 3134): Slow operation: 287ms so far, now at startProcess: building log message
05-24 10:33:36.741 I/ActivityManager( 3134): Start proc 3391:com.android.systemui/u0a21 for service com.android.systemui/.ImageWallpaper
05-24 10:33:36.741 W/ActivityManager( 3134): Slow operation: 287ms so far, now at startProcess: starting to update pids map
05-24 10:33:36.741 W/ActivityManager( 3134): Slow operation: 287ms so far, now at startProcess: done updating pids map
05-24 10:33:36.741 W/ActivityManager( 3134): Slow operation: 287ms so far, now at startProcess: done starting proc!
05-24 10:33:36.742 W/art     ( 3134): Long monitor contention with owner main (3134) at int com.android.server.am.ActivityManagerService.bindService(android.app.IApplicationThread, android.os.IBinder, android.content.Intent, java.lang.String, android.app.IServiceConnection, int, java.lang.String, int)(ActivityManagerService.java:17301) waiters=0 in void com.android.server.am.ActivityManagerService.dispatchUidsChanged() for 288ms
05-24 10:33:36.855 D/UsbAlsaManager( 3134): Adding ALSA device AlsaDevice: [card: 0, device: 0, type: 1]
05-24 10:33:36.856 D/UsbAlsaManager( 3134): Adding ALSA device AlsaDevice: [card: 0, device: 0, type: 2]
05-24 10:33:36.858 I/SystemServer( 3134): WebViewFactory preparation
05-24 10:33:36.865 E/BluetoothAdapter( 3134): Bluetooth binder is null
05-24 10:33:36.914 E/BluetoothAdapter( 3134): Bluetooth binder is null
05-24 10:33:36.934 I/AudioFlinger( 1327): systemReady
05-24 10:33:37.112 D/WebViewFactory( 3134): Setting new address space to 114394000
05-24 10:33:37.323 E/WVMExtractor( 3134): Failed to open libwvm.so: dlopen failed: library "libwvm.so" not found
05-24 10:33:37.531 W/System  ( 3391): ClassLoader referenced unknown path: /system/priv-app/SystemUI/lib/x86_64
05-24 10:33:37.540 V/vold    ( 1275): DISK mbr
05-24 10:33:37.540 V/vold    ( 1275): 
05-24 10:33:37.542 W/vold    ( 1275): disk:253,48 has unknown partition table; trying entire device
05-24 10:33:37.543 V/vold    ( 1275): /system/bin/blkid
05-24 10:33:37.543 V/vold    ( 1275):     -c
05-24 10:33:37.543 V/vold    ( 1275):     /dev/null
05-24 10:33:37.543 V/vold    ( 1275):     -s
05-24 10:33:37.543 V/vold    ( 1275):     TYPE
05-24 10:33:37.543 V/vold    ( 1275):     -s
05-24 10:33:37.544 V/vold    ( 1275):     UUID
05-24 10:33:37.544 V/vold    ( 1275):     -s
05-24 10:33:37.544 V/vold    ( 1275):     LABEL
05-24 10:33:37.544 V/vold    ( 1275):     /dev/block/vold/disk:253,48
05-24 10:33:37.550 I/Zygote  ( 3134): Process: zygote socket opened, supported ABIS: x86
05-24 10:33:37.729 I/art     ( 1326): Starting a blocking GC Background
05-24 10:33:38.315 I/art     ( 1326): Background concurrent mark sweep GC freed 120(16KB) AllocSpace objects, 0(0B) LOS objects, 39% free, 6MB/10MB, paused 1.786ms total 521.125ms
05-24 10:33:38.348 I/MediaPlayerService( 1335): MediaPlayerService::getOMX
05-24 10:33:38.515 I/OMXClient( 1335): MuxOMX ctor
05-24 10:33:38.634 I/MediaPlayerService( 1335): MediaPlayerService::getOMX
05-24 10:33:38.668 I/OMXClient( 1335): MuxOMX ctor
05-24 10:33:38.751 I/OMXMaster( 1332): makeComponentInstance(OMX.google.mp3.decoder) in mediacodec process
05-24 10:33:38.940 W/ActivityManager( 3134): Slow operation: 1658ms so far, now at startProcess: returned from zygote!
05-24 10:33:38.941 W/ActivityManager( 3134): Slow operation: 1659ms so far, now at startProcess: done updating battery stats
05-24 10:33:38.941 W/ActivityManager( 3134): Slow operation: 1659ms so far, now at startProcess: building log message
05-24 10:33:38.941 I/ActivityManager( 3134): Start proc 3418:WebViewLoader-x86/1037 [android.webkit.WebViewFactory$RelroFileCreator] for 
05-24 10:33:38.941 W/ActivityManager( 3134): Slow operation: 1659ms so far, now at startProcess: starting to update pids map
05-24 10:33:38.941 W/ActivityManager( 3134): Slow operation: 1659ms so far, now at startProcess: done updating pids map
05-24 10:33:38.942 W/ActivityManager( 3134): Slow operation: 1661ms so far, now at startProcess: done starting proc!
05-24 10:33:38.946 W/art     ( 3134): Long monitor contention with owner main (3134) at int com.android.server.am.ActivityManagerService.startIsolatedProcess(java.lang.String, java.lang.String[], java.lang.String, java.lang.String, int, java.lang.Runnable)(ActivityManagerService.java:3509) waiters=0 in void com.android.server.am.ActivityManagerService.publishContentProviders(android.app.IApplicationThread, java.util.List) for 602ms
05-24 10:33:39.023 W/art     ( 3418): Unexpected CPU variant for X86 using defaults: x86
05-24 10:33:39.164 W/art     ( 3425): Unexpected CPU variant for X86 using defaults: x86_64
05-24 10:33:39.173 V/vold    ( 1275): /dev/block/vold/disk:253,48: LABEL="SDCARD" UUID="1EFF-1C1B" TYPE="vfat" 
05-24 10:33:39.173 V/vold    ( 1275): 
05-24 10:33:39.174 W/ActivityManager( 3134): Slow operation: 230ms so far, now at startProcess: returned from zygote!
05-24 10:33:39.174 W/ActivityManager( 3134): Slow operation: 230ms so far, now at startProcess: done updating battery stats
05-24 10:33:39.174 W/ActivityManager( 3134): Slow operation: 230ms so far, now at startProcess: building log message
05-24 10:33:39.174 I/ActivityManager( 3134): Start proc 3425:WebViewLoader-x86_64/1037 [android.webkit.WebViewFactory$RelroFileCreator] for 
05-24 10:33:39.175 W/ActivityManager( 3134): Slow operation: 231ms so far, now at startProcess: starting to update pids map
05-24 10:33:39.175 W/ActivityManager( 3134): Slow operation: 231ms so far, now at startProcess: done updating pids map
05-24 10:33:39.175 W/ActivityManager( 3134): Slow operation: 231ms so far, now at startProcess: done starting proc!
05-24 10:33:39.180 W/art     ( 3134): Long monitor contention with owner main (3134) at int com.android.server.am.ActivityManagerService.startIsolatedProcess(java.lang.String, java.lang.String[], java.lang.String, java.lang.String, int, java.lang.Runnable)(ActivityManagerService.java:3509) waiters=0 in void com.android.server.am.ActivityManagerService.publishContentProviders(android.app.IApplicationThread, java.util.List) for 233ms
05-24 10:33:39.192 W/art     ( 3134): Long monitor contention with owner main (3134) at int com.android.server.am.ActivityManagerService.startIsolatedProcess(java.lang.String, java.lang.String[], java.lang.String, java.lang.String, int, java.lang.Runnable)(ActivityManagerService.java:3509) waiters=1 in android.content.Intent com.android.server.am.ActivityManagerService.registerReceiver(android.app.IApplicationThread, java.lang.String, android.content.IIntentReceiver, android.content.IntentFilter, java.lang.String, int) for 237ms
05-24 10:33:39.217 D/VoldConnector( 3134): RCV <- {650 public:253,48 0 "disk:253,48" ""}
05-24 10:33:39.219 D/VoldConnector( 3134): RCV <- {651 public:253,48 0}
05-24 10:33:39.223 D/NetworkManagement( 3134): enabling bandwidth control
05-24 10:33:39.273 D/VoldConnector( 3134): RCV <- {643 disk:253,48}
05-24 10:33:39.274 D/VoldConnector( 3134): RCV <- {200 4 Command succeeded}
05-24 10:33:39.311 E/VoldConnector( 3134): NDC Command {4 volume reset} took too long (2943ms)
05-24 10:33:39.312 D/VoldConnector( 3134): SND -> {5 volume user_added 0 0}
05-24 10:33:39.315 D/VoldConnector( 3134): RCV <- {200 5 Command succeeded}
05-24 10:33:39.361 V/WebViewFactory( 3425): RelroFileCreator (64bit = true),  32-bit lib: /system/app/webview/webview.apk!/lib/x86/libwebviewchromium.so, 64-bit lib: /system/app/webview/webview.apk!/lib/x86_64/libwebviewchromium.so
05-24 10:33:39.363 D/VoldConnector( 3134): SND -> {6 volume mount emulated 3 -1}
05-24 10:33:39.369 V/vold    ( 1275): Waiting for FUSE to spin up...
05-24 10:33:39.370 D/VoldConnector( 3134): RCV <- {651 emulated 1}
05-24 10:33:39.373 D/VoldConnector( 3134): RCV <- {656 emulated /data/media}
05-24 10:33:39.374 D/VoldConnector( 3134): RCV <- {655 emulated /storage/emulated}
05-24 10:33:39.420 V/vold    ( 1275): Waiting for FUSE to spin up...
05-24 10:33:39.473 V/vold    ( 1275): Waiting for FUSE to spin up...
05-24 10:33:39.496 V/SystemUIService( 3391): Starting SystemUI services for user 0.
05-24 10:33:39.580 V/vold    ( 1275): Waiting for FUSE to spin up...
05-24 10:33:39.607 V/WebViewFactory( 3418): RelroFileCreator (64bit = false),  32-bit lib: /system/app/webview/webview.apk!/lib/x86/libwebviewchromium.so, 64-bit lib: /system/app/webview/webview.apk!/lib/x86_64/libwebviewchromium.so
05-24 10:33:39.632 V/vold    ( 1275): Waiting for FUSE to spin up...
05-24 10:33:39.690 V/vold    ( 1275): Waiting for FUSE to spin up...
05-24 10:33:39.742 V/vold    ( 1275): Waiting for FUSE to spin up...
05-24 10:33:39.814 W/ActivityManager( 3134): Slow operation: 95ms so far, now at getContentProviderImpl: before updateLruProcess
05-24 10:33:39.815 W/ActivityManager( 3134): Slow operation: 96ms so far, now at getContentProviderImpl: after updateLruProcess
05-24 10:33:39.815 W/ActivityManager( 3134): Slow operation: 96ms so far, now at getContentProviderImpl: before updateOomAdj
05-24 10:33:39.816 W/ActivityManager( 3134): Slow operation: 97ms so far, now at getContentProviderImpl: after updateOomAdj
05-24 10:33:39.816 W/ActivityManager( 3134): Slow operation: 97ms so far, now at getContentProviderImpl: done!
05-24 10:33:39.843 V/vold    ( 1275): Waiting for FUSE to spin up...
05-24 10:33:39.900 V/vold    ( 1275): Waiting for FUSE to spin up...
05-24 10:33:39.958 V/vold    ( 1275): Waiting for FUSE to spin up...
05-24 10:33:39.989 I/MediaPlayerService( 1335): MediaPlayerService::getOMX
05-24 10:33:40.010 V/vold    ( 1275): Waiting for FUSE to spin up...
05-24 10:33:40.086 V/vold    ( 1275): Waiting for FUSE to spin up...
05-24 10:33:40.142 V/vold    ( 1275): Waiting for FUSE to spin up...
05-24 10:33:40.150 I/OMXClient( 1335): MuxOMX ctor
05-24 10:33:40.151 I/OMXMaster( 1332): makeComponentInstance(OMX.google.amrnb.decoder) in mediacodec process
05-24 10:33:40.193 V/vold    ( 1275): Waiting for FUSE to spin up...
05-24 10:33:40.281 V/vold    ( 1275): Waiting for FUSE to spin up...
05-24 10:33:40.331 V/vold    ( 1275): Waiting for FUSE to spin up...
05-24 10:33:40.390 V/vold    ( 1275): Waiting for FUSE to spin up...
05-24 10:33:40.423 I/MediaPlayerService( 1335): MediaPlayerService::getOMX
05-24 10:33:40.425 I/OMXClient( 1335): MuxOMX ctor
05-24 10:33:40.426 I/OMXMaster( 1332): makeComponentInstance(OMX.google.amrwb.decoder) in mediacodec process
05-24 10:33:40.440 V/vold    ( 1275): Waiting for FUSE to spin up...
05-24 10:33:40.526 V/vold    ( 1275): Waiting for FUSE to spin up...
05-24 10:33:40.531 I/MediaPlayerService( 1335): MediaPlayerService::getOMX
05-24 10:33:40.533 I/OMXClient( 1335): MuxOMX ctor
05-24 10:33:40.533 I/OMXMaster( 1332): makeComponentInstance(OMX.google.aac.decoder) in mediacodec process
05-24 10:33:40.545 I/LatinIME( 3376): Hardware accelerated drawing: true
05-24 10:33:40.580 V/vold    ( 1275): Waiting for FUSE to spin up...
05-24 10:33:40.617 V/MediaRouter( 3391): Adding route: RouteInfo{ name=Phone, description=null, status=null, category=RouteCategory{ name=null types=ROUTE_TYPE_LIVE_AUDIO ROUTE_TYPE_LIVE_VIDEO  groupable=false }, supportedTypes=ROUTE_TYPE_LIVE_AUDIO ROUTE_TYPE_LIVE_VIDEO , presentationDisplay=null }
05-24 10:33:40.631 V/vold    ( 1275): Waiting for FUSE to spin up...
05-24 10:33:40.645 W/sdcard  ( 3447): Device explicitly disabled sdcardfs
05-24 10:33:40.690 V/vold    ( 1275): Waiting for FUSE to spin up...
05-24 10:33:40.726 V/MediaRouter( 3391): Updating audio routes: AudioRoutesInfo{ type=SPEAKER }
05-24 10:33:40.776 V/vold    ( 1275): Waiting for FUSE to spin up...
05-24 10:33:40.827 V/vold    ( 1275): Waiting for FUSE to spin up...
05-24 10:33:40.859 V/MediaRouter( 3391): Selecting route: RouteInfo{ name=Phone, description=null, status=null, category=RouteCategory{ name=null types=ROUTE_TYPE_LIVE_AUDIO ROUTE_TYPE_LIVE_VIDEO  groupable=false }, supportedTypes=ROUTE_TYPE_LIVE_AUDIO ROUTE_TYPE_LIVE_VIDEO , presentationDisplay=null }
05-24 10:33:40.862 I/MediaPlayerService( 1335): MediaPlayerService::getOMX
05-24 10:33:40.863 I/OMXClient( 1335): MuxOMX ctor
05-24 10:33:40.864 I/OMXMaster( 1332): makeComponentInstance(OMX.google.g711.alaw.decoder) in mediacodec process
05-24 10:33:40.880 V/vold    ( 1275): Waiting for FUSE to spin up...
05-24 10:33:40.930 V/vold    ( 1275): Waiting for FUSE to spin up...
05-24 10:33:40.983 V/vold    ( 1275): Waiting for FUSE to spin up...
05-24 10:33:41.055 V/vold    ( 1275): Waiting for FUSE to spin up...
05-24 10:33:41.110 V/vold    ( 1275): Waiting for FUSE to spin up...
05-24 10:33:41.167 V/vold    ( 1275): Waiting for FUSE to spin up...
05-24 10:33:41.249 V/vold    ( 1275): Waiting for FUSE to spin up...
05-24 10:33:41.301 V/vold    ( 1275): Waiting for FUSE to spin up...
05-24 10:33:41.353 V/vold    ( 1275): Waiting for FUSE to spin up...
05-24 10:33:41.404 V/vold    ( 1275): Waiting for FUSE to spin up...
05-24 10:33:41.659 D/VoldConnector( 3134): RCV <- {651 emulated 2}
05-24 10:33:41.747 D/VoldConnector( 3134): RCV <- {200 6 Command succeeded}
05-24 10:33:41.809 E/VoldConnector( 3134): NDC Command {6 volume mount emulated 3 -1} took too long (2446ms)
05-24 10:33:41.815 D/VoldConnector( 3134): SND -> {7 volume mount public:253,48 2 0}
05-24 10:33:41.819 V/vold    ( 1275): /system/bin/blkid
05-24 10:33:41.819 V/vold    ( 1275):     -c
05-24 10:33:41.819 V/vold    ( 1275):     /dev/null
05-24 10:33:41.819 V/vold    ( 1275):     -s
