05-24 10:35:03.336 W/art     ( 3134): Long monitor contention with owner android.display (3199) at void com.android.server.wm.WindowManagerService$H.handleMessage(android.os.Message)(WindowManagerService.java:8368) waiters=0 in int com.android.server.wm.WindowManagerService.relayoutWindow(com.android.server.wm.Session, android.view.IWindow, int, android.view.WindowManager$LayoutParams, int, int, int, int, android.graphics.Rect, android.graphics.Rect, android.graphics.Rect, android.graphics.Rect, android.graphics.Rect, android.graphics.Rect, android.graphics.Rect, android.content.res.Configuration, android.view.Surface) for 351ms
05-24 10:35:03.615 W/art     ( 3134): Long monitor contention with owner Binder:3134_6 (3596) at int com.android.server.wm.WindowManagerService.relayoutWindow(com.android.server.wm.Session, android.view.IWindow, int, android.view.WindowManager$LayoutParams, int, int, int, int, android.graphics.Rect, android.graphics.Rect, android.graphics.Rect, android.graphics.Rect, android.graphics.Rect, android.graphics.Rect, android.graphics.Rect, android.content.res.Configuration, android.view.Surface)(WindowManagerService.java:2857) waiters=0 in void com.android.server.wm.WindowManagerService$H.handleMessage(android.os.Message) for 260ms
05-24 10:35:03.618 I/Choreographer( 3929): Skipped 37 frames!  The application may be doing too much work on its main thread.
05-24 10:35:03.803 I/art     ( 3929): Background sticky concurrent mark sweep GC freed 10016(399KB) AllocSpace objects, 3(60KB) LOS objects, 0% free, 17MB/17MB, paused 712us total 107.561ms
05-24 10:35:04.337 W/art     ( 3929): Suspending all threads took: 9.975ms
05-24 10:35:04.381 I/art     ( 3929): Background partial concurrent mark sweep GC freed 2206(101KB) AllocSpace objects, 1(4MB) LOS objects, 23% free, 13MB/17MB, paused 31.753ms total 555.097ms
05-24 10:35:38.904 W//sbin/adbd( 2606): type=1400 audit(0.0:16): avc: denied { search } for comm=7365727669636520343233 name="security" dev="vdc" ino=35203 scontext=u:r:adbd:s0 tcontext=u:object_r:security_file:s0 tclass=dir permissive=0
05-24 10:35:58.753 W/BroadcastQueue( 3134): Timeout of broadcast BroadcastRecord{18a18c6 u0 android.intent.action.BOOT_COMPLETED} - receiver=android.os.BinderProxy@28d1afa, started 60000ms ago
05-24 10:35:58.753 W/BroadcastQueue( 3134): Receiver during timeout: BroadcastFilter{82a8b08 u0 ReceiverList{ba8d8ab 3391 com.android.systemui/10021/u0 remote:28d1afa}}
05-24 10:35:58.759 W/Binder  ( 3929): Binder call failed.
05-24 10:35:58.759 W/Binder  ( 3929): android.os.DeadObjectException
05-24 10:35:58.759 W/Binder  ( 3929): 	at android.os.BinderProxy.transactNative(Native Method)
05-24 10:35:58.759 W/Binder  ( 3929): 	at android.os.BinderProxy.transact(Binder.java:615)
05-24 10:35:58.759 W/Binder  ( 3929): 	at android.content.IIntentReceiver$Stub$Proxy.performReceive(IIntentReceiver.java:124)
05-24 10:35:58.759 W/Binder  ( 3929): 	at android.app.ActivityThread$ApplicationThread.scheduleRegisteredReceiver(ActivityThread.java:946)
05-24 10:35:58.759 W/Binder  ( 3929): 	at android.app.ApplicationThreadNative.onTransact(ApplicationThreadNative.java:404)
05-24 10:35:58.759 W/Binder  ( 3929): 	at android.os.Binder.execTransact(Binder.java:565)
05-24 10:36:21.724 D/AndroidRuntime( 4068): >>>>>> START com.android.internal.os.RuntimeInit uid 2000 <<<<<<
05-24 10:36:21.745 D/AndroidRuntime( 4068): CheckJNI is ON
05-24 10:36:22.074 W/art     ( 4068): Unexpected CPU variant for X86 using defaults: x86_64
05-24 10:36:22.108 D/ICU     ( 4068): No timezone override file found: /data/misc/zoneinfo/current/icu/icu_tzdata.dat
05-24 10:36:22.262 E/memtrack( 4068): Couldn't load memtrack module (No such file or directory)
05-24 10:36:22.262 E/android.os.Debug( 4068): failed to load memtrack module: -2
05-24 10:36:22.269 I/Radio-JNI( 4068): register_android_hardware_Radio DONE
05-24 10:36:22.376 D/AndroidRuntime( 4068): Calling main entry com.android.commands.pm.Pm
05-24 10:36:22.470 I/        ( 1330): free_cache(132244519) avail 809549824
05-24 10:36:39.333 W/art     ( 3134): Long monitor contention with owner PackageInstaller (3299) at void java.util.ArrayList.<init>()(ArrayList.java:158) waiters=0 in android.content.pm.PackageInstaller$SessionInfo com.android.server.pm.PackageInstallerSession.generateInfo() for 9.463s
05-24 10:36:39.386 W/art     ( 4078): Unexpected CPU variant for X86 using defaults: x86_64
05-24 10:36:39.418 W/ActivityManager( 3134): Slow operation: 76ms so far, now at startProcess: returned from zygote!
05-24 10:36:39.418 W/ActivityManager( 3134): Slow operation: 77ms so far, now at startProcess: done updating battery stats
05-24 10:36:39.419 W/ActivityManager( 3134): Slow operation: 77ms so far, now at startProcess: building log message
05-24 10:36:39.419 I/ActivityManager( 3134): Start proc 4078:com.android.defcontainer/u0a7 for service com.android.defcontainer/.DefaultContainerService
05-24 10:36:39.419 W/ActivityManager( 3134): Slow operation: 77ms so far, now at startProcess: starting to update pids map
05-24 10:36:39.419 W/ActivityManager( 3134): Slow operation: 77ms so far, now at startProcess: done updating pids map
05-24 10:36:39.419 W/ActivityManager( 3134): Slow operation: 79ms so far, now at startProcess: done starting proc!
05-24 10:36:40.063 I/PackageManager.DexOptimizer( 3134): Running dexopt (dex2oat) on: /data/app/vmdl158558294.tmp/base.apk pkg=jp.jaxa.iss.kibo.rpc.sampleapk isa=x86_64 vmSafeMode=false debuggable=true target-filter=interpret-only oatDir = /data/app/vmdl158558294.tmp/oat sharedLibraries=null
05-24 10:36:40.264 W/dex2oat ( 4093): Unexpected CPU variant for X86 using defaults: x86_64
05-24 10:36:40.274 I/dex2oat ( 4093): /system/bin/dex2oat --compiler-filter=interpret-only --debuggable
05-24 10:36:42.852 W/dex2oat ( 4093): Before Android 4.1, method int android.support.v7.widget.ListViewCompat.lookForSelectablePosition(int, boolean) would have incorrectly overridden the package-private method in android.widget.ListView
05-24 10:36:43.573 W/dex2oat ( 4093): Before Android 4.1, method android.graphics.PorterDuffColorFilter android.support.graphics.drawable.VectorDrawableCompat.updateTintFilter(android.graphics.PorterDuffColorFilter, android.content.res.ColorStateList, android.graphics.PorterDuff$Mode) would have incorrectly overridden the package-private method in android.graphics.drawable.Drawable
05-24 10:36:52.126 W/dex2oat ( 4093): Compilation of java.lang.String org.opencv.android.StaticHelper.getLibraryList() took 182.430ms
05-24 10:36:52.128 W/dex2oat ( 4093): Compilation of void org.opencv.android.Utils.nBitmapToMat2(android.graphics.Bitmap, long, boolean) took 182.247ms
05-24 10:36:54.644 I/dex2oat ( 4093): dex2oat took 14.387s (threads: 2) arena alloc=547KB (560832B) java alloc=7MB (7523480B) native alloc=15MB (16223936B) free=4MB (4223296B)
05-24 10:36:55.091 D/installd( 1330): Detected label change from u:object_r:system_data_file:s0 to u:object_r:app_data_file:s0:c512,c768 at /data/data/jp.jaxa.iss.kibo.rpc.sampleapk; running recursive restorecon
05-24 10:36:55.104 D/installd( 1330): Detected label change from u:object_r:system_data_file:s0 to u:object_r:app_data_file:s0:c512,c768 at /data/user_de/0/jp.jaxa.iss.kibo.rpc.sampleapk; running recursive restorecon
05-24 10:36:55.124 V/BackupManagerService( 3134): restoreAtInstall pkg=jp.jaxa.iss.kibo.rpc.sampleapk token=1 restoreSet=0
05-24 10:36:55.125 W/BackupManagerService( 3134): Requested unavailable transport: android/com.android.internal.backup.LocalTransport
05-24 10:36:55.125 W/BackupManagerService( 3134): No transport
05-24 10:36:55.125 V/BackupManagerService( 3134): Finishing install immediately
05-24 10:36:55.180 I/GnssLocationProvider( 3134): WakeLock acquired by sendMessage(3, 0, com.android.server.location.GnssLocationProvider$GpsRequest@299ae4d)
05-24 10:36:55.184 I/GnssLocationProvider( 3134): WakeLock acquired by sendMessage(3, 0, com.android.server.location.GnssLocationProvider$GpsRequest@b18dd02)
05-24 10:36:55.199 D/VoldConnector( 3134): SND -> {9 volume remount_uid 10064 default}
05-24 10:36:55.221 D/vold    ( 1275): Remounting 10064 as mode default
05-24 10:36:55.259 D/VoldConnector( 3134): RCV <- {200 9 Command succeeded}
05-24 10:36:55.264 D/VoldConnector( 3134): SND -> {10 volume remount_uid 10064 write}
05-24 10:36:55.266 D/vold    ( 1275): Remounting 10064 as mode write
05-24 10:36:55.280 D/VoldConnector( 3134): RCV <- {200 10 Command succeeded}
05-24 10:36:55.288 I/GnssLocationProvider( 3134): WakeLock acquired by sendMessage(3, 0, com.android.server.location.GnssLocationProvider$GpsRequest@e78e613)
05-24 10:36:55.315 I/GnssLocationProvider( 3134): WakeLock released by handleMessage(3, 0, com.android.server.location.GnssLocationProvider$GpsRequest@299ae4d)
05-24 10:36:55.315 I/GnssLocationProvider( 3134): WakeLock released by handleMessage(3, 0, com.android.server.location.GnssLocationProvider$GpsRequest@b18dd02)
05-24 10:36:55.328 I/GnssLocationProvider( 3134): WakeLock released by handleMessage(3, 0, com.android.server.location.GnssLocationProvider$GpsRequest@e78e613)
05-24 10:36:55.332 I/art     ( 3134): Starting a blocking GC Explicit
05-24 10:36:55.416 I/art     ( 3134): Explicit concurrent mark sweep GC freed 5272(355KB) AllocSpace objects, 5(184KB) LOS objects, 29% free, 9MB/13MB, paused 1.403ms total 82.515ms
05-24 10:36:55.423 E/        ( 1330): Couldn't opendir /data/app/vmdl158558294.tmp: No such file or directory
05-24 10:36:55.618 I/InputReader( 3134): Reconfiguring input devices.  changes=0x00000010
05-24 10:36:55.662 I/art     ( 4068): System.exit called, status: 0
05-24 10:36:55.662 I/AndroidRuntime( 4068): VM exiting with result code 0.
05-24 10:36:55.840 E/PhoneInterfaceManager( 3567): [PhoneIntfMgr] getCarrierPackageNamesForIntent: No UICC
05-24 10:36:55.840 D/CarrierSvcBindHelper( 3567): No carrier app for: 0
05-24 10:36:55.842 D/CarrierConfigLoader( 3567): mHandler: 9 phoneId: 0
05-24 10:36:56.252 W/VoiceInteractionManagerService( 3134): no available voice recognition services found for user 0
05-24 10:36:58.757 W/BroadcastQueue( 3134): Timeout of broadcast BroadcastRecord{18a18c6 u0 android.intent.action.BOOT_COMPLETED} - receiver=android.os.BinderProxy@d1ba611, started 60003ms ago
05-24 10:36:58.758 W/BroadcastQueue( 3134): Receiver during timeout: BroadcastFilter{fd20de4 u0 ReceiverList{3851376 3391 com.android.systemui/10021/u0 remote:d1ba611}}
05-24 10:36:58.828 W/ActivityManager( 3134): Slow operation: 55ms so far, now at startProcess: returned from zygote!
05-24 10:36:58.829 W/ActivityManager( 3134): Slow operation: 56ms so far, now at startProcess: done updating battery stats
05-24 10:36:58.829 W/ActivityManager( 3134): Slow operation: 57ms so far, now at startProcess: building log message
05-24 10:36:58.829 I/ActivityManager( 3134): Start proc 4103:com.android.dialer/u0a8 for broadcast com.android.dialer/.calllog.CallLogReceiver
05-24 10:36:58.829 W/ActivityManager( 3134): Slow operation: 57ms so far, now at startProcess: starting to update pids map
05-24 10:36:58.830 W/ActivityManager( 3134): Slow operation: 57ms so far, now at startProcess: done updating pids map
05-24 10:36:58.830 W/ActivityManager( 3134): Slow operation: 59ms so far, now at startProcess: done starting proc!
05-24 10:36:58.841 I/RecoverySystem( 3134): No recovery log file
05-24 10:36:58.879 W/art     ( 4103): Unexpected CPU variant for X86 using defaults: x86_64
05-24 10:36:58.894 I/BootReceiver( 3134): Copying audit failures to DropBox
05-24 10:36:58.894 I/BootReceiver( 3134): Checking for fsck errors
05-24 10:36:59.114 W/System  ( 4103): ClassLoader referenced unknown path: /system/priv-app/Dialer/lib/x86_64
05-24 10:36:59.858 D/ExtensionsFactory( 4103): No custom extensions.
05-24 10:36:59.878 D/BlockedNumbersAuto( 4103): Not attempting auto-migrate: already checked once.
05-24 10:36:59.980 D/CarrierConfigLoader( 3567): mHandler: 13 phoneId: 0
05-24 10:36:59.981 D/CarrierConfigLoader( 3567): mHandler: 7 phoneId: 0
05-24 10:36:59.985 E/CarrierConfigLoader( 3567): Cannot restore config with null packageName or iccid.
05-24 10:36:59.985 D/CarrierConfigLoader( 3567): Binding to com.android.carrierconfig for phone 0
05-24 10:37:00.038 D/AlertReceiver( 4013): onReceive: a=android.intent.action.BOOT_COMPLETED Intent { act=android.intent.action.BOOT_COMPLETED flg=0x9000010 cmp=com.android.calendar/.alerts.AlertReceiver (has extras) }
05-24 10:37:00.072 W/CountryDetector( 4103): No location permissions, not registering for location updates.
05-24 10:37:00.083 W/ActivityManager( 3134): Slow operation: 68ms so far, now at startProcess: returned from zygote!
05-24 10:37:00.084 W/ActivityManager( 3134): Slow operation: 68ms so far, now at startProcess: done updating battery stats
05-24 10:37:00.084 W/ActivityManager( 3134): Slow operation: 68ms so far, now at startProcess: building log message
05-24 10:37:00.084 I/ActivityManager( 3134): Start proc 4122:com.android.carrierconfig/u0a3 for service com.android.carrierconfig/.DefaultCarrierConfigService
05-24 10:37:00.084 W/ActivityManager( 3134): Slow operation: 69ms so far, now at startProcess: starting to update pids map
05-24 10:37:00.084 W/ActivityManager( 3134): Slow operation: 69ms so far, now at startProcess: done updating pids map
05-24 10:37:00.084 W/ActivityManager( 3134): Slow operation: 84ms so far, now at startProcess: done starting proc!
05-24 10:37:00.115 W/art     ( 4122): Unexpected CPU variant for X86 using defaults: x86_64
05-24 10:37:00.131 I/AlarmClock( 3905): AlarmInitReceiver android.intent.action.BOOT_COMPLETED
05-24 10:37:00.431 W/System  ( 4122): ClassLoader referenced unknown path: /system/priv-app/CarrierConfig/lib/x86_64
05-24 10:37:00.620 D/AlertUtils( 4013): Flushing old alerts from shared prefs table
05-24 10:37:00.645 D/DefaultCarrierConfigService( 4122): Service created
05-24 10:37:00.654 D/CarrierConfigLoader( 3567): Connected to config app: com.android.carrierconfig/com.android.carrierconfig.DefaultCarrierConfigService
05-24 10:37:00.655 D/CarrierConfigLoader( 3567): mHandler: 3 phoneId: 0
05-24 10:37:00.670 D/DefaultCarrierConfigService( 4122): Config being fetched
05-24 10:37:00.676 D/DefaultCarrierConfigService( 4122): java.io.FileNotFoundException: carrier_config_.xml
05-24 10:37:00.723 E/CarrierConfigLoader( 3567): Cannot save config with null packageName or iccid.
05-24 10:37:00.765 D/CarrierConfigLoader( 3567): mHandler: 5 phoneId: 0
05-24 10:37:00.788 E/PhoneInterfaceManager( 3567): [PhoneIntfMgr] getCarrierPackageNamesForIntent: No UICC
05-24 10:37:00.933 I/Telecom ( 3134): PhoneAccountRegistrar: SimCallManager queried, returning: null: TSI.gSCMFU@AAc
05-24 10:37:01.310 W/art     ( 4013): Long monitor contention with owner main (4013) at void java.lang.Thread.unpark$()(Thread.java:2069) waiters=1 in void java.lang.Object.wait!(long, int) for 621ms
05-24 10:37:01.316 V/AlarmClock( 3905): AlarmInitReceiver finished
05-24 10:37:01.335 W/ActivityManager( 3134): Slow operation: 99ms so far, now at startProcess: returned from zygote!
05-24 10:37:01.335 W/ActivityManager( 3134): Slow operation: 100ms so far, now at startProcess: done updating battery stats
05-24 10:37:01.336 W/ActivityManager( 3134): Slow operation: 100ms so far, now at startProcess: building log message
05-24 10:37:01.336 I/ActivityManager( 3134): Start proc 4141:com.android.email/u0a34 for broadcast com.android.email/.service.EmailBroadcastReceiver
05-24 10:37:01.336 W/ActivityManager( 3134): Slow operation: 100ms so far, now at startProcess: starting to update pids map
05-24 10:37:01.337 W/ActivityManager( 3134): Slow operation: 101ms so far, now at startProcess: done updating pids map
05-24 10:37:01.337 W/ActivityManager( 3134): Slow operation: 102ms so far, now at startProcess: done starting proc!
05-24 10:37:01.349 W/art     ( 4141): Unexpected CPU variant for X86 using defaults: x86_64
05-24 10:37:01.374 W/art     ( 3134): Long monitor contention with owner Binder:3134_1 (3162) at void com.android.server.am.BroadcastQueue.processNextBroadcast(boolean)(BroadcastQueue.java:760) waiters=0 in void com.android.server.am.ActivityManagerService.dispatchUidsChanged() for 138ms
05-24 10:37:01.397 D/AlertService( 4013): 0 Action = android.intent.action.BOOT_COMPLETED
05-24 10:37:01.454 D/AlertService( 4013): Scheduling next alarm with AlarmScheduler. sEventReminderReceived: null
05-24 10:37:01.563 W/System  ( 4141): ClassLoader referenced unknown path: /system/app/Email/lib/x86_64
05-24 10:37:01.575 D/AlarmScheduler( 4013): No events found starting within 1 week.
05-24 10:37:02.633 W/ActivityManager( 3134): Unable to start service Intent { act=com.android.email.EXCHANGE_INTENT pkg=com.android.exchange } U=0: not found
05-24 10:37:02.745 D/ActivityThread( 4141): Loading provider com.android.email.provider;com.android.email.notifier: com.android.email.provider.EmailProvider
05-24 10:37:02.756 D/ActivityThread( 4141): Loading provider com.android.email.provider;com.android.email.notifier: com.android.email.provider.EmailProvider
05-24 10:37:02.805 W/ActivityManager( 3134): Unable to start service Intent { act=com.android.email.EXCHANGE_INTENT pkg=com.android.exchange } U=0: not found
05-24 10:37:02.845 W/ActivityManager( 3134): Unable to start service Intent { act=com.android.email.EXCHANGE_INTENT pkg=com.android.exchange } U=0: not found
05-24 10:37:03.011 I/SystemBroadcastReceiver( 3376): Boot has been completed
05-24 10:37:03.011 I/SystemBroadcastReceiver( 3376): toggleAppIcon() : FLAG_SYSTEM = true
05-24 10:37:03.098 W/art     ( 4141): Long monitor contention with owner AsyncTask #1 (4157) at long android.database.sqlite.SQLiteConnection.nativeOpen(java.lang.String, int, java.lang.String, boolean, boolean)(SQLiteConnection.java:-2) waiters=0 in android.database.sqlite.SQLiteDatabase com.android.email.provider.EmailProvider.getDatabase(android.content.Context) for 236ms
05-24 10:37:03.138 W/ActivityManager( 3134): Slow operation: 51ms so far, now at startProcess: returned from zygote!
05-24 10:37:03.138 W/ActivityManager( 3134): Slow operation: 51ms so far, now at startProcess: done updating battery stats
05-24 10:37:03.138 W/ActivityManager( 3134): Slow operation: 52ms so far, now at startProcess: building log message
05-24 10:37:03.138 I/ActivityManager( 3134): Start proc 4163:com.android.managedprovisioning/u0a14 for broadcast com.android.managedprovisioning/.BootReminder
05-24 10:37:03.138 W/ActivityManager( 3134): Slow operation: 52ms so far, now at startProcess: starting to update pids map
05-24 10:37:03.139 W/ActivityManager( 3134): Slow operation: 52ms so far, now at startProcess: done updating pids map
05-24 10:37:03.139 W/ActivityManager( 3134): Slow operation: 53ms so far, now at startProcess: done starting proc!
05-24 10:37:03.172 W/art     ( 4163): Unexpected CPU variant for X86 using defaults: x86_64
05-24 10:37:03.183 W/ActivityManager( 3134): Unable to start service Intent { act=com.android.email.EXCHANGE_INTENT pkg=com.android.exchange } U=0: not found
05-24 10:37:03.185 W/ActivityManager( 3134): Unable to start service Intent { cmp=com.android.email/.service.AttachmentService } U=0: not found
05-24 10:37:03.263 W/ActivityManager( 3134): Unable to start service Intent { cmp=com.android.email/.service.AttachmentService } U=0: not found
05-24 10:37:03.281 W/ActivityManager( 3134): Unable to start service Intent { act=com.android.email.EXCHANGE_INTENT pkg=com.android.exchange } U=0: not found
05-24 10:37:03.304 W/System  ( 4163): ClassLoader referenced unknown path: /system/priv-app/ManagedProvisioning/lib/x86_64
05-24 10:37:03.308 W/ActivityManager( 3134): Unable to start service Intent { act=com.android.email.EXCHANGE_INTENT pkg=com.android.exchange } U=0: not found
05-24 10:37:03.409 E/ActivityThread( 4141): Service com.android.email.service.EmailBroadcastProcessorService has leaked ServiceConnection com.android.emailcommon.service.ServiceProxy$ProxyConnection@cc67680 that was originally bound here
05-24 10:37:03.409 E/ActivityThread( 4141): android.app.ServiceConnectionLeaked: Service com.android.email.service.EmailBroadcastProcessorService has leaked ServiceConnection com.android.emailcommon.service.ServiceProxy$ProxyConnection@cc67680 that was originally bound here
05-24 10:37:03.409 E/ActivityThread( 4141): 	at android.app.LoadedApk$ServiceDispatcher.<init>(LoadedApk.java:1336)
05-24 10:37:03.409 E/ActivityThread( 4141): 	at android.app.LoadedApk.getServiceDispatcher(LoadedApk.java:1231)
05-24 10:37:03.409 E/ActivityThread( 4141): 	at android.app.ContextImpl.bindServiceCommon(ContextImpl.java:1450)
05-24 10:37:03.409 E/ActivityThread( 4141): 	at android.app.ContextImpl.bindService(ContextImpl.java:1422)
05-24 10:37:03.409 E/ActivityThread( 4141): 	at android.content.ContextWrapper.bindService(ContextWrapper.java:636)
05-24 10:37:03.409 E/ActivityThread( 4141): 	at com.android.emailcommon.service.ServiceProxy.setTask(ServiceProxy.java:181)
05-24 10:37:03.409 E/ActivityThread( 4141): 	at com.android.emailcommon.service.ServiceProxy.test(ServiceProxy.java:224)
05-24 10:37:03.409 E/ActivityThread( 4141): 	at com.android.email.service.EmailServiceUtils.isServiceAvailable(EmailServiceUtils.java:160)
05-24 10:37:03.409 E/ActivityThread( 4141): 	at com.android.email.provider.AccountReconciler.reconcileAccountsInternal(AccountReconciler.java:171)
05-24 10:37:03.409 E/ActivityThread( 4141): 	at com.android.email.provider.AccountReconciler.reconcileAccounts(AccountReconciler.java:115)
05-24 10:37:03.409 E/ActivityThread( 4141): 	at com.android.email.service.EmailBroadcastProcessorService.reconcileAndStartServices(EmailBroadcastProcessorService.java:305)
05-24 10:37:03.409 E/ActivityThread( 4141): 	at com.android.email.service.EmailBroadcastProcessorService.onBootCompleted(EmailBroadcastProcessorService.java:295)
05-24 10:37:03.409 E/ActivityThread( 4141): 	at com.android.email.service.EmailBroadcastProcessorService.onHandleIntent(EmailBroadcastProcessorService.java:130)
05-24 10:37:03.409 E/ActivityThread( 4141): 	at android.app.IntentService$ServiceHandler.handleMessage(IntentService.java:68)
05-24 10:37:03.409 E/ActivityThread( 4141): 	at android.os.Handler.dispatchMessage(Handler.java:102)
05-24 10:37:03.409 E/ActivityThread( 4141): 	at android.os.Looper.loop(Looper.java:154)
05-24 10:37:03.409 E/ActivityThread( 4141): 	at android.os.HandlerThread.run(HandlerThread.java:61)
05-24 10:37:03.412 W/ActivityManager( 3134): Unbind failed: could not find connection for android.os.BinderProxy@7e4b0d6
05-24 10:37:03.420 W/ActivityManager( 3134): Unable to start service Intent { cmp=com.android.email/.service.AttachmentService } U=0: not found
05-24 10:37:03.468 I/ActivityManager( 3134): Start proc 4178:com.android.messaging/u0a54 for broadcast com.android.messaging/.receiver.BootAndPackageReplacedReceiver
05-24 10:37:03.472 W/ActivityManager( 3134): Unable to start service Intent { act=com.android.email.EXCHANGE_INTENT pkg=com.android.exchange } U=0: not found
05-24 10:37:03.491 W/art     ( 4178): Unexpected CPU variant for X86 using defaults: x86_64
05-24 10:37:03.528 I/Email   ( 4141): Observing account changes for notifications
05-24 10:37:03.612 W/ActivityManager( 3134): Unable to start service Intent { act=com.android.email.EXCHANGE_INTENT pkg=com.android.exchange } U=0: not found
05-24 10:37:03.641 W/System  ( 4178): ClassLoader referenced unknown path: /system/app/messaging/lib/x86_64
05-24 10:37:04.774 V/VvmBootCompletedRcvr( 3567): processing subId list
05-24 10:37:04.802 E/VvmBootCompletedRcvr( 3567): phone account ComponentInfo{com.android.phone/com.android.services.telephony.TelephonyConnectionService}, [e2f7d48dd2b5ca523e7313cf4ba0f6ea830b6281], UserHandle{0} has invalid subId -1
05-24 10:37:04.812 I/MessagingApp( 4178): Carrier config changed. Reloading MMS config.
05-24 10:37:04.930 I/MessagingAppDataModel( 4178): Fixup: Send failed - 0 Download failed - 0
05-24 10:37:05.264 D/AlertReceiver( 4013): onReceive: a=android.intent.action.PROVIDER_CHANGED Intent { act=android.intent.action.PROVIDER_CHANGED dat=content://com.android.calendar flg=0x20000010 cmp=com.android.calendar/.alerts.AlertReceiver }
05-24 10:37:05.292 I/MessagingAppDataModel( 4178): SyncMessagesAction: Starting batch for messages from 1616676894217 to 1621852624664 (message update limit = 80, message scan limit = 4000)
05-24 10:37:05.435 D/AlertService( 4013): 0 Action = android.intent.action.PROVIDER_CHANGED
05-24 10:37:05.595 W/art     ( 4203): Unexpected CPU variant for X86 using defaults: x86_64
05-24 10:37:05.603 W/ActivityManager( 3134): Slow operation: 58ms so far, now at startProcess: returned from zygote!
05-24 10:37:05.603 W/ActivityManager( 3134): Slow operation: 58ms so far, now at startProcess: done updating battery stats
05-24 10:37:05.603 W/ActivityManager( 3134): Slow operation: 59ms so far, now at startProcess: building log message
05-24 10:37:05.603 I/ActivityManager( 3134): Start proc 4203:com.android.gallery3d/u0a39 for broadcast com.android.gallery3d/.app.PackagesMonitor
05-24 10:37:05.603 W/ActivityManager( 3134): Slow operation: 59ms so far, now at startProcess: starting to update pids map
05-24 10:37:05.603 W/ActivityManager( 3134): Slow operation: 59ms so far, now at startProcess: done updating pids map
05-24 10:37:05.604 W/ActivityManager( 3134): Slow operation: 60ms so far, now at startProcess: done starting proc!
05-24 10:37:06.321 I/MessagingAppDataModel( 4178): SyncMessagesAction: All messages now in sync
05-24 10:37:06.894 W/ActivityManager( 3134): Slow operation: 51ms so far, now at startProcess: returned from zygote!
05-24 10:37:06.894 W/ActivityManager( 3134): Slow operation: 52ms so far, now at startProcess: done updating battery stats
05-24 10:37:06.895 W/ActivityManager( 3134): Slow operation: 52ms so far, now at startProcess: building log message
05-24 10:37:06.895 I/ActivityManager( 3134): Start proc 4220:com.svox.pico/u0a49 for broadcast com.svox.pico/.VoiceDataInstallerReceiver
05-24 10:37:06.895 W/ActivityManager( 3134): Slow operation: 52ms so far, now at startProcess: starting to update pids map
05-24 10:37:06.895 W/ActivityManager( 3134): Slow operation: 52ms so far, now at startProcess: done updating pids map
05-24 10:37:06.895 W/ActivityManager( 3134): Slow operation: 53ms so far, now at startProcess: done starting proc!
05-24 10:37:06.920 W/art     ( 4220): Unexpected CPU variant for X86 using defaults: x86_64
05-24 10:37:07.380 W/art     ( 3134): Long monitor contention with owner Binder:3134_5 (3409) at void com.android.server.am.ActivityManagerService.attachApplication(android.app.IApplicationThread)(ActivityManagerService.java:6669) waiters=0 in void com.android.server.am.ActivityManagerService.dispatchProcessesChanged() for 332ms
05-24 10:37:07.601 I/VvmSimChangeReceiver( 3567): Received SIM change for invalid subscription id.
05-24 10:37:07.642 W/MediaScanner( 3987): Error opening directory '/oem/media/', skipping: No such file or directory.
05-24 10:37:07.985 V/MediaScanner( 3987): pruneDeadThumbnailFiles... android.content.ContentProviderClient$CursorWrapperInner@122e29
05-24 10:37:07.988 V/MediaScanner( 3987): /pruneDeadThumbnailFiles... android.content.ContentProviderClient$CursorWrapperInner@122e29
05-24 10:37:10.479 I/GlobalDismissManager( 4013): no sender configured
05-24 10:37:10.480 D/AlertService( 4013): Beginning updateAlertNotification
05-24 10:37:10.515 D/AlertService( 4013): No fired or scheduled alerts
05-24 10:37:10.551 D/AlertService( 4013): Scheduling next alarm with AlarmScheduler. sEventReminderReceived: null
05-24 10:37:10.581 D/AlarmScheduler( 4013): No events found starting within 1 week.
05-24 10:37:16.420 I/ActivityManager( 3134): Waited long enough for: ServiceRecord{a400c98 u0 com.android.calendar/.alerts.InitAlarmsService}
05-24 10:37:31.494 D/InitAlarmsService( 4013): Clearing and rescheduling alarms.
05-24 10:38:00.016 I/ActivityManager( 3134): Killing 3869:com.android.keychain/1000 (adj 906): empty #17
05-24 10:38:00.313 D/ActivityManager( 3134): cleanUpApplicationRecord -- 3869
05-24 10:39:17.064 D/AndroidRuntime( 4238): >>>>>> START com.android.internal.os.RuntimeInit uid 2000 <<<<<<
05-24 10:39:17.096 D/AndroidRuntime( 4238): CheckJNI is ON
05-24 10:39:17.620 W/art     ( 4238): Unexpected CPU variant for X86 using defaults: x86_64
05-24 10:39:17.669 D/ICU     ( 4238): No timezone override file found: /data/misc/zoneinfo/current/icu/icu_tzdata.dat
05-24 10:39:17.866 E/memtrack( 4238): Couldn't load memtrack module (No such file or directory)
05-24 10:39:17.866 E/android.os.Debug( 4238): failed to load memtrack module: -2
05-24 10:39:17.878 I/Radio-JNI( 4238): register_android_hardware_Radio DONE
05-24 10:39:18.011 D/AndroidRuntime( 4238): Calling main entry com.android.commands.am.Am
05-24 10:39:18.117 W/ActivityManager( 3134): Slow operation: 52ms so far, now at startProcess: returned from zygote!
05-24 10:39:18.122 I/art     ( 4248): Not late-enabling -Xcheck:jni (already on)
05-24 10:39:18.123 W/art     ( 4248): Unexpected CPU variant for X86 using defaults: x86_64
05-24 10:39:18.133 W/ActivityManager( 3134): Slow operation: 68ms so far, now at startProcess: done updating battery stats
05-24 10:39:18.134 W/ActivityManager( 3134): Slow operation: 69ms so far, now at startProcess: building log message
05-24 10:39:18.134 I/ActivityManager( 3134): Start proc 4248:gov.nasa.arc.astrobee.android.gs.manager/u0a63 for service gov.nasa.arc.astrobee.android.gs.manager/.ManagerService
05-24 10:39:18.134 W/ActivityManager( 3134): Slow operation: 69ms so far, now at startProcess: starting to update pids map
05-24 10:39:18.134 W/ActivityManager( 3134): Slow operation: 70ms so far, now at startProcess: done updating pids map
05-24 10:39:18.134 W/ActivityManager( 3134): Slow operation: 71ms so far, now at startProcess: done starting proc!
05-24 10:39:18.149 D/AndroidRuntime( 4238): Shutting down VM
05-24 10:39:18.353 W/System  ( 4248): ClassLoader referenced unknown path: /data/app/gov.nasa.arc.astrobee.android.gs.manager-1/lib/x86_64
05-24 10:39:19.125 E/Notification( 4248): setLatestEventInfo() is deprecated and you should feel deprecated.
05-24 10:39:19.125 E/Notification( 4248): java.lang.Throwable
05-24 10:39:19.125 E/Notification( 4248): 	at android.app.Notification.setLatestEventInfo(Notification.java:2076)
05-24 10:39:19.125 E/Notification( 4248): 	at org.ros.android.NodeMainExecutorService.onStartCommand(NodeMainExecutorService.java:220)
05-24 10:39:19.125 E/Notification( 4248): 	at android.app.ActivityThread.handleServiceArgs(ActivityThread.java:3326)
05-24 10:39:19.125 E/Notification( 4248): 	at android.app.ActivityThread.-wrap21(ActivityThread.java)
05-24 10:39:19.125 E/Notification( 4248): 	at android.app.ActivityThread$H.handleMessage(ActivityThread.java:1582)
05-24 10:39:19.125 E/Notification( 4248): 	at android.os.Handler.dispatchMessage(Handler.java:102)
05-24 10:39:19.125 E/Notification( 4248): 	at android.os.Looper.loop(Looper.java:154)
05-24 10:39:19.125 E/Notification( 4248): 	at android.app.ActivityThread.main(ActivityThread.java:6119)
05-24 10:39:19.125 E/Notification( 4248): 	at java.lang.reflect.Method.invoke(Native Method)
05-24 10:39:19.125 E/Notification( 4248): 	at com.android.internal.os.ZygoteInit$MethodAndArgsCaller.run(ZygoteInit.java:886)
05-24 10:39:19.125 E/Notification( 4248): 	at com.android.internal.os.ZygoteInit.main(ZygoteInit.java:776)
05-24 10:39:19.676 I/art     ( 3134): Background partial concurrent mark sweep GC freed 34623(2MB) AllocSpace objects, 16(600KB) LOS objects, 29% free, 9MB/13MB, paused 1.525ms total 420.791ms
05-24 10:39:20.716 I/Registrar( 4248): MasterXmlRpcEndpoint URI: http://llp:11311
05-24 10:39:20.893 I/Registrar( 4248): Registering publisher: Publisher<PublisherDefinition<PublisherIdentifier<NodeIdentifier</guest_science_manager, http://hlp:53374/>, TopicIdentifier</rosout>>, Topic<TopicIdentifier</rosout>, TopicDescription<rosgraph_msgs/Log, acffd30cd6b6de30f120938c17c593fb>>>>
05-24 10:39:21.389 D/NotificationSQLiteLog( 3134): Pruned event entries: 15
05-24 10:39:23.034 I/Registrar( 4248): Response<Success, Registered [/guest_science_manager] as publisher of [/rosout], [http://10.42.0.34:40718/]>
05-24 10:39:23.052 I/DefaultPublisher( 4248): Publisher registered: Publisher<PublisherDefinition<PublisherIdentifier<NodeIdentifier</guest_science_manager, http://hlp:53374/>, TopicIdentifier</rosout>>, Topic<TopicIdentifier</rosout>, TopicDescription<rosgraph_msgs/Log, acffd30cd6b6de30f120938c17c593fb>>>>
05-24 10:39:23.315 I/Registrar( 4248): Registering subscriber: Subscriber<Topic<TopicIdentifier</clock>, TopicDescription<rosgraph_msgs/Clock, a9c97c1d230cfc112e270351a944ee47>>>
05-24 10:39:23.472 I/Registrar( 4248): Response<Success, Subscribed to [/clock], [http://10.42.0.34:46338/]>
05-24 10:39:23.520 I/DefaultSubscriber( 4248): Subscriber registered: Subscriber<Topic<TopicIdentifier</clock>, TopicDescription<rosgraph_msgs/Clock, a9c97c1d230cfc112e270351a944ee47>>>
05-24 10:39:23.685 I/Registrar( 4248): Registering publisher: Publisher<PublisherDefinition<PublisherIdentifier<NodeIdentifier</guest_science_manager, http://hlp:53374/>, TopicIdentifier</gs/gs_manager/ack>>, Topic<TopicIdentifier</gs/gs_manager/ack>, TopicDescription<ff_msgs/AckStamped, cebddec69fd770df54633be444a9187d>>>>
05-24 10:39:23.957 I/Registrar( 4248): Registering publisher: Publisher<PublisherDefinition<PublisherIdentifier<NodeIdentifier</guest_science_manager, http://hlp:53374/>, TopicIdentifier</gs/gs_manager/config>>, Topic<TopicIdentifier</gs/gs_manager/config>, TopicDescription<ff_msgs/GuestScienceConfig, c6f632ed2411de4159494a3e7754794e>>>>
05-24 10:39:24.012 I/Registrar( 4248): Response<Success, Registered [/guest_science_manager] as publisher of [/gs/gs_manager/ack], [http://10.42.0.34:36568/]>
05-24 10:39:24.034 I/DefaultPublisher( 4248): Publisher registered: Publisher<PublisherDefinition<PublisherIdentifier<NodeIdentifier</guest_science_manager, http://hlp:53374/>, TopicIdentifier</gs/gs_manager/ack>>, Topic<TopicIdentifier</gs/gs_manager/ack>, TopicDescription<ff_msgs/AckStamped, cebddec69fd770df54633be444a9187d>>>>
05-24 10:39:24.215 I/Registrar( 4248): Registering publisher: Publisher<PublisherDefinition<PublisherIdentifier<NodeIdentifier</guest_science_manager, http://hlp:53374/>, TopicIdentifier</gs/data>>, Topic<TopicIdentifier</gs/data>, TopicDescription<ff_msgs/GuestScienceData, edd2c791ea93ffa7cb0ec80c5bb00972>>>>
05-24 10:39:24.430 I/Registrar( 4248): Registering publisher: Publisher<PublisherDefinition<PublisherIdentifier<NodeIdentifier</guest_science_manager, http://hlp:53374/>, TopicIdentifier</gs/gs_manager/state>>, Topic<TopicIdentifier</gs/gs_manager/state>, TopicDescription<ff_msgs/GuestScienceState, 24e5a1ba8527257cc710720a32de6e51>>>>
05-24 10:39:24.451 I/Registrar( 4248): Response<Success, Registered [/guest_science_manager] as publisher of [/gs/gs_manager/config], [http://10.42.0.34:36568/, http://10.42.0.34:33744/]>
05-24 10:39:24.512 I/DefaultPublisher( 4248): Publisher registered: Publisher<PublisherDefinition<PublisherIdentifier<NodeIdentifier</guest_science_manager, http://hlp:53374/>, TopicIdentifier</gs/gs_manager/config>>, Topic<TopicIdentifier</gs/gs_manager/config>, TopicDescription<ff_msgs/GuestScienceConfig, c6f632ed2411de4159494a3e7754794e>>>>
05-24 10:39:24.648 I/Registrar( 4248): Response<Success, Registered [/guest_science_manager] as publisher of [/gs/data], [http://10.42.0.34:41762/, http://10.42.0.34:33744/, http://10.42.0.34:42293/]>
05-24 10:39:24.714 I/DefaultPublisher( 4248): Publisher registered: Publisher<PublisherDefinition<PublisherIdentifier<NodeIdentifier</guest_science_manager, http://hlp:53374/>, TopicIdentifier</gs/data>>, Topic<TopicIdentifier</gs/data>, TopicDescription<ff_msgs/GuestScienceData, edd2c791ea93ffa7cb0ec80c5bb00972>>>>
05-24 10:39:25.281 I/art     ( 4248): Background sticky concurrent mark sweep GC freed 26771(2MB) AllocSpace objects, 18(364KB) LOS objects, 14% free, 8MB/10MB, paused 10.049ms total 1.433s
05-24 10:39:25.312 I/Registrar( 4248): Response<Success, Registered [/guest_science_manager] as publisher of [/gs/gs_manager/state], [http://10.42.0.34:36568/, http://10.42.0.34:33744/]>
05-24 10:39:25.315 I/DefaultPublisher( 4248): Publisher registered: Publisher<PublisherDefinition<PublisherIdentifier<NodeIdentifier</guest_science_manager, http://hlp:53374/>, TopicIdentifier</gs/gs_manager/state>>, Topic<TopicIdentifier</gs/gs_manager/state>, TopicDescription<ff_msgs/GuestScienceState, 24e5a1ba8527257cc710720a32de6e51>>>>
05-24 10:39:25.564 I/Registrar( 4248): Registering subscriber: Subscriber<Topic<TopicIdentifier</mgt/executive/command>, TopicDescription<ff_msgs/CommandStamped, ac01350894b1be9e3a7b4f390a14812d>>>
05-24 10:39:25.881 I/Registrar( 4248): Response<Success, Subscribed to [/mgt/executive/command], [http://10.42.0.34:36568/]>
05-24 10:39:25.887 I/DefaultSubscriber( 4248): Subscriber registered: Subscriber<Topic<TopicIdentifier</mgt/executive/command>, TopicDescription<ff_msgs/CommandStamped, ac01350894b1be9e3a7b4f390a14812d>>>
05-24 10:39:26.289 I/art     ( 4248): Background partial concurrent mark sweep GC freed 20807(1724KB) AllocSpace objects, 31(620KB) LOS objects, 37% free, 6MB/10MB, paused 4.618ms total 372.427ms
05-24 10:39:26.316 W/ActivityManager( 3134): Slow operation: 403ms so far, now at startProcess: returned from zygote!
05-24 10:39:26.316 W/ActivityManager( 3134): Slow operation: 404ms so far, now at startProcess: done updating battery stats
05-24 10:39:26.319 W/ActivityManager( 3134): Slow operation: 406ms so far, now at startProcess: building log message
05-24 10:39:26.319 I/ActivityManager( 3134): Start proc 4326:jp.jaxa.iss.kibo.rpc.sampleapk/u0a64 for broadcast jp.jaxa.iss.kibo.rpc.sampleapk/gov.nasa.arc.astrobee.android.gs.InfoInqueryBroadcastReceiver
05-24 10:39:26.319 W/ActivityManager( 3134): Slow operation: 406ms so far, now at startProcess: starting to update pids map
05-24 10:39:26.319 W/ActivityManager( 3134): Slow operation: 407ms so far, now at startProcess: done updating pids map
05-24 10:39:26.319 W/ActivityManager( 3134): Slow operation: 415ms so far, now at startProcess: done starting proc!
05-24 10:39:26.323 W/art     ( 3134): Long monitor contention with owner ActivityManager (3180) at void com.android.server.am.BroadcastQueue.processNextBroadcast(boolean)(BroadcastQueue.java:760) waiters=0 in android.content.ComponentName com.android.server.am.ActivityManagerService.startService(android.app.IApplicationThread, android.content.Intent, java.lang.String, java.lang.String, int) for 429ms
05-24 10:39:26.409 W/art     ( 3134): Long monitor contention with owner ActivityManager (3180) at void com.android.server.am.BroadcastQueue.processNextBroadcast(boolean)(BroadcastQueue.java:760) waiters=1 in void com.android.server.am.ActivityManagerService.dispatchUidsChanged() for 497ms
05-24 10:39:26.794 I/art     ( 4326): Not late-enabling -Xcheck:jni (already on)
05-24 10:39:26.841 W/art     ( 4326): Unexpected CPU variant for X86 using defaults: x86_64
05-24 10:39:28.263 I/ActivityManager( 3134): Killing 3957:com.android.printspooler/u0a51 (adj 906): empty #17
05-24 10:39:28.692 D/ActivityManager( 3134): cleanUpApplicationRecord -- 3957
05-24 10:39:30.743 I/art     ( 4248): Do partial code cache collection, code=26KB, data=29KB
05-24 10:39:30.766 I/art     ( 4248): After code cache collection, code=26KB, data=29KB
05-24 10:39:30.767 I/art     ( 4248): Increasing code cache capacity to 128KB
05-24 10:39:33.906 D/ManagerTimeoutTimer( 4248): Still waiting for the apk to start or stop. 4992.0 milliseconds left.
05-24 10:39:34.244 D/OpenCV/StaticHelper( 4326): Trying to get library list
05-24 10:39:34.344 E/OpenCV/StaticHelper( 4326): OpenCV error: Cannot load info library for OpenCV
05-24 10:39:34.344 D/OpenCV/StaticHelper( 4326): Library list: ""
05-24 10:39:34.344 D/OpenCV/StaticHelper( 4326): First attempt to load libs
05-24 10:39:34.345 D/OpenCV/StaticHelper( 4326): Trying to init OpenCV libs
05-24 10:39:34.345 D/OpenCV/StaticHelper( 4326): Trying to load library opencv_java3
05-24 10:39:34.715 D/OpenCV/StaticHelper( 4326): Library opencv_java3 loaded
05-24 10:39:34.716 D/OpenCV/StaticHelper( 4326): First attempt to load libs is OK
05-24 10:39:34.772 I/OpenCV/StaticHelper( 4326): 
05-24 10:39:34.772 I/OpenCV/StaticHelper( 4326): General configuration for OpenCV 3.4.4 =====================================
05-24 10:39:34.772 I/OpenCV/StaticHelper( 4326):   Version control:               3.4.4
05-24 10:39:34.772 I/OpenCV/StaticHelper( 4326): 
05-24 10:39:34.772 I/OpenCV/StaticHelper( 4326):   Extra modules:
05-24 10:39:34.772 I/OpenCV/StaticHelper( 4326):     Location (extra):            /build/3_4-contrib_pack-contrib-android/opencv_contrib/modules
05-24 10:39:34.772 I/OpenCV/StaticHelper( 4326):     Version control (extra):     3.4.4
05-24 10:39:34.772 I/OpenCV/StaticHelper( 4326): 
05-24 10:39:34.772 I/OpenCV/StaticHelper( 4326):   Platform:
05-24 10:39:34.772 I/OpenCV/StaticHelper( 4326):     Timestamp:                   2018-11-17T00:27:32Z
05-24 10:39:34.772 I/OpenCV/StaticHelper( 4326):     Host:                        Linux 4.15.0-38-generic x86_64
05-24 10:39:34.772 I/OpenCV/StaticHelper( 4326):     Target:                      Linux 1 x86_64
05-24 10:39:34.772 I/OpenCV/StaticHelper( 4326):     CMake:                       2.8.12.2
05-24 10:39:34.772 I/OpenCV/StaticHelper( 4326):     CMake generator:             Ninja
05-24 10:39:34.772 I/OpenCV/StaticHelper( 4326):     CMake build tool:            /usr/bin/ninja
05-24 10:39:34.773 I/OpenCV/StaticHelper( 4326):     Configuration:               Release
05-24 10:39:34.773 I/OpenCV/StaticHelper( 4326): 
05-24 10:39:34.773 I/OpenCV/StaticHelper( 4326):   CPU/HW features:
05-24 10:39:34.773 I/OpenCV/StaticHelper( 4326):     Baseline:                    SSE SSE2 SSE3
05-24 10:39:34.773 I/OpenCV/StaticHelper( 4326):       requested:                 SSE3
05-24 10:39:34.773 I/OpenCV/StaticHelper( 4326):     Dispatched code generation:  SSE4_1 SSE4_2 FP16 AVX AVX2
05-24 10:39:34.773 I/OpenCV/StaticHelper( 4326):       requested:                 SSE4_1 SSE4_2 AVX FP16 AVX2 AVX512_SKX
05-24 10:39:34.773 I/OpenCV/StaticHelper( 4326):       SSE4_1 (4 files):          + SSSE3 SSE4_1
05-24 10:39:34.773 I/OpenCV/StaticHelper( 4326):       SSE4_2 (1 files):          + SSSE3 SSE4_1 POPCNT SSE4_2
05-24 10:39:34.773 I/OpenCV/StaticHelper( 4326):       FP16 (0 files):            + SSSE3 SSE4_1 POPCNT SSE4_2 FP16 AVX
05-24 10:39:34.773 I/OpenCV/StaticHelper( 4326):       AVX (5 files):             + SSSE3 SSE4_1 POPCNT SSE4_2 AVX
05-24 10:39:34.773 I/OpenCV/StaticHelper( 4326):       AVX2 (10 files):           + SSSE3 SSE4_1 POPCNT SSE4_2 FP16 FMA3 AVX AVX2
05-24 10:39:34.773 I/OpenCV/StaticHelper( 4326): 
05-24 10:39:34.773 I/OpenCV/StaticHelper( 4326):   C/C++:
05-24 10:39:34.773 I/OpenCV/StaticHelper( 4326):     Built as dynamic libs?:      NO
05-24 10:39:34.773 I/OpenCV/StaticHelper( 4326):     C++ Compiler:                /usr/bin/ccache /opt/android/android-ndk-r10e/toolchains/x86_64-4.9/prebuilt/linux-x86_64/bin/x86_64-linux-android-g++ (ver 4.9)
05-24 10:39:34.773 I/OpenCV/StaticHelper( 4326):     C++ flags (Release):         -fexceptions -frtti --sysroot=/opt/android/android-ndk-r10e/platforms/android-21/arch-x86_64 -funwind-tables -funswitch-loops -finline-limit=300 -fsigned-char -no-canonical-prefixes -fdata-sections -ffunction-sections -Wa,--noexecstack  -DANDROID -D__ANDROID_API__=21   -fsigned-char -W -Wall -Werror=return-type -Werror=non-virtual-dtor -Werror=address -Werror=sequence-point -Wformat -Werror=format-security -Wmissing-declarations -Wundef -Winit-self -Wpointer-arith -Wshadow -Wsign-promo -Wuninitialized -Winit-self -Wno-narrowing -Wno-delete-non-virtual-dtor -Wno-comment -Wno-missing-field-initializers -fdiagnostics-show-option -Wno-long-long -fomit-frame-pointer  -msse -msse2 -msse3 -fvisibility=hidden -fvisibility-inlines-hidden -fomit-frame-pointer -fstrict-aliasing -O3 -DNDEBUG  -DNDEBUG
05-24 10:39:34.773 I/OpenCV/StaticHelper( 4326):     C++ flags (Debug):           -fexceptions -frtti --sysroot=/opt/android/android-ndk-r10e/platforms/android-21/arch-x86_64 -funwind-tables -funswitch-loops -finline-limit=300 -fsigned-char -no-canonical-prefixes -fdata-sections -ffunction-sections -Wa,--noexecstack  -DANDROID -D__ANDROID_API__=21   -fsigned-char -W -Wall -Werror=return-type -Werror=non-virtual-dtor -Werror=address -Werror=sequence-point -Wformat -Werror=format-security -Wmissing-declarations -Wundef -Winit-self -Wpointer-arith -Wshadow -Wsign-promo -Wuninitialized -Winit-self -Wno-narrowing -Wno-delete-non-virtual-dtor -Wno-comment -Wno-missing-field-initializers -fdiagnostics-show-option -Wno-long-long -fomit-frame-pointer  -msse -msse2 -msse3 -fvisibility=hidden -fvisibility-inlines-hidden -fno-omit-frame-pointer -fno-strict-aliasing -O0 -g -DDEBUG -D_DEBUG  -DDEBUG -D_DEBUG
05-24 10:39:34.773 I/OpenCV/StaticHelper( 4326):     C Compiler:                  /usr/bin/ccache /opt/android/android-ndk-r10e/toolchains/x86_64-4.9/prebuilt/linux-x86_64/bin/x86_64-linux-android-gcc
05-24 10:39:34.774 I/OpenCV/StaticHelper( 4326):     C flags (Release):           -fexceptions --sysroot=/opt/android/android-ndk-r10e/platforms/android-21/arch-x86_64 -funwind-tables -funswitch-loops -finline-limit=300 -fsigned-char -no-canonical-prefixes -fdata-sections -ffunction-sections -Wa,--noexecstack  -DANDROID -D__ANDROID_API__=21   -fsigned-char -W -Wall -Werror=return-type -Werror=non-virtual-dtor -Werror=address -Werror=sequence-point -Wformat -Werror=format-security -Wmissing-declarations -Wmissing-prototypes -Wstrict-prototypes -Wundef -Winit-self -Wpointer-arith -Wshadow -Wuninitialized -Winit-self -Wno-narrowing -Wno-comment -Wno-missing-field-initializers -fdiagnostics-show-option -Wno-long-long -fomit-frame-pointer  -msse -msse2 -msse3 -fvisibility=hidden -fomit-frame-pointer -fstrict-aliasing -O3 -DNDEBUG  -DNDEBUG
05-24 10:39:34.774 I/OpenCV/StaticHelper( 4326):     C flags (Debug):             -fexceptions --sysroot=/opt/android/android-ndk-r10e/platforms/android-21/arch-x86_64 -funwind-tables -funswitch-loops -finline-limit=300 -fsigned-char -no-canonical-prefixes -fdata-sections -ffunction-sections -Wa,--noexecstack  -DANDROID -D__ANDROID_API__=21   -fsigned-char -W -Wall -Werror=return-type -Werror=non-virtual-dtor -Werror=address -Werror=sequence-point -Wformat -Werror=format-security -Wmissing-declarations -Wmissing-prototypes -Wstrict-prototypes -Wundef -Winit-self -Wpointer-arith -Wshadow -Wuninitialized -Winit-self -Wno-narrowing -Wno-comment -Wno-missing-field-initializers -fdiagnostics-show-option -Wno-long-long -fomit-frame-pointer  -msse -msse2 -msse3 -fvisibility=hidden -fno-omit-frame-pointer -fno-strict-aliasing -O0 -g -DDEBUG -D_DEBUG  -DDEBUG -D_DEBUG
05-24 10:39:34.774 I/OpenCV/StaticHelper( 4326):     Linker flags (Release):      -Wl,--exclude-libs,libippicv.a -Wl,--exclude-libs,libippiw.a  -Wl,--no-undefined -Wl,--gc-sections -Wl,-z,noexecstack -Wl,-z,relro -Wl,-z,now    
05-24 10:39:34.774 I/OpenCV/StaticHelper( 4326):     Linker flags (Debug):        -Wl,--exclude-libs,libippicv.a -Wl,--exclude-libs,libippiw.a  -Wl,--no-undefined -Wl,--gc-sections -Wl,-z,noexecstack -Wl,-z,relro -Wl,-z,now    
05-24 10:39:34.774 I/OpenCV/StaticHelper( 4326):     ccache:                      YES
05-24 10:39:34.774 I/OpenCV/StaticHelper( 4326):     Precompiled headers:         NO
05-24 10:39:34.774 I/OpenCV/StaticHelper( 4326):     Extra dependencies:          z dl m log
05-24 10:39:34.774 I/OpenCV/StaticHelper( 4326):     3rdparty dependencies:       tbb libcpufeatures ittnotify libjpeg-turbo libwebp libpng libtiff libjasper IlmImf libprotobuf quirc ippiw ippicv
05-24 10:39:34.774 I/OpenCV/StaticHelper( 4326): 
05-24 10:39:34.774 I/OpenCV/StaticHelper( 4326):   OpenCV modules:
05-24 10:39:34.774 I/OpenCV/StaticHelper( 4326):     To be built:                 aruco bgsegm bioinspired calib3d ccalib core datasets dnn dnn_objdetect dpm face features2d flann fuzzy hfs highgui img_hash imgcodecs imgproc java java_bindings_generator line_descriptor ml objdetect optflow phase_unwrapping photo plot reg rgbd saliency shape stereo stitching structured_light superres surface_matching text tracking video videoio videostab xfeatures2d ximgproc xobjdetect xphoto
05-24 10:39:34.774 I/OpenCV/StaticHelper( 4326):     Disabled:                    world
05-24 10:39:34.774 I/OpenCV/StaticHelper( 4326):     Disabled by dependency:      -
05-24 10:39:34.775 I/OpenCV/StaticHelper( 4326):     Unavailable:                 cnn_3dobj cudaarithm cudabgsegm cudacodec cudafeatures2d cudafilters cudaimgproc cudalegacy cudaobjdetect cudaoptflow cudastereo cudawarping cudev cvv freetype hdf js matlab ovis python2 python3 sfm ts viz
05-24 10:39:34.775 I/OpenCV/StaticHelper( 4326):     Applications:                android_examples
05-24 10:39:34.775 I/OpenCV/StaticHelper( 4326):     Documentation:               NO
05-24 10:39:34.775 I/OpenCV/StaticHelper( 4326):     Non-free algorithms:         NO
05-24 10:39:34.775 I/OpenCV/StaticHelper( 4326): 
05-24 10:39:34.775 I/OpenCV/StaticHelper( 4326):   Android NDK:                   location: /opt/android/android-ndk-r10e
05-24 10:39:34.775 I/OpenCV/StaticHelper( 4326):     Android ABI:                 x86_64
05-24 10:39:34.775 I/OpenCV/StaticHelper( 4326):     NDK toolchain:               x86_64-4.9
05-24 10:39:34.775 I/OpenCV/StaticHelper( 4326):     STL type:                    gnustl_static
05-24 10:39:34.791 I/OpenCV/StaticHelper( 4326):     Native API level:            21
05-24 10:39:34.792 I/OpenCV/StaticHelper( 4326):   Android SDK:                   /opt/android/android-sdk-java7 (tools: 25.2.2 build tools: 23.0.3)
