05-01 18:06:55.460 W/ActivityManager( 1824): Slow operation: 111ms so far, now at startProcess: building log message
05-01 18:06:55.460 I/ActivityManager( 1824): Start proc 2676:android.process.media/u0a10 for broadcast com.android.providers.downloads/.DownloadReceiver
05-01 18:06:55.460 W/ActivityManager( 1824): Slow operation: 112ms so far, now at startProcess: starting to update pids map
05-01 18:06:55.460 W/ActivityManager( 1824): Slow operation: 112ms so far, now at startProcess: done updating pids map
05-01 18:06:55.460 W/ActivityManager( 1824): Slow operation: 112ms so far, now at startProcess: done starting proc!
05-01 18:06:55.639 W/art     ( 2676): Unexpected CPU variant for X86 using defaults: x86_64
05-01 18:06:55.918 W/System  ( 2676): ClassLoader referenced unknown path: /system/priv-app/DownloadProvider/lib/x86_64
05-01 18:06:57.318 W/System  ( 2676): ClassLoader referenced unknown path: /system/priv-app/MediaProvider/lib/x86_64
05-01 18:06:57.378 D/ApplicationLoaders( 2676): ignored Vulkan layer search path /system/priv-app/MediaProvider/lib/x86_64:/system/priv-app/MediaProvider/MediaProvider.apk!/lib/x86_64:/system/lib64:/vendor/lib64 for namespace 0x70540ad370f0
05-01 18:06:58.048 I/art     ( 2553): Background sticky concurrent mark sweep GC freed 20135(1956KB) AllocSpace objects, 13(312KB) LOS objects, 12% free, 8MB/10MB, paused 489us total 437.299ms
05-01 18:06:58.262 W/System  ( 2500): ClassLoader referenced unknown path: 
05-01 18:06:58.263 W/System  ( 2500): ClassLoader referenced unknown path: /system/priv-app/Dialer/lib/x86_64
05-01 18:06:58.272 D/ApplicationLoaders( 2500): ignored Vulkan layer search path /system/priv-app/Dialer/lib/x86_64:/system/lib64:/vendor/lib64 for namespace 0x70540ae9a0f0
05-01 18:06:58.500 E/BluetoothAdapter( 2500): Bluetooth binder is null
05-01 18:06:58.654 I/CameraManagerGlobal( 2500): Connecting to camera service
05-01 18:06:58.692 V/EmulatedCamera_Camera( 1323): getCameraInfo
05-01 18:06:58.694 V/EmulatedCamera_BaseCamera( 1323): getCameraInfo
05-01 18:06:58.694 I/CameraService( 1323): getCameraCharacteristics: Switching to HAL1 shim implementation...
05-01 18:06:58.694 V/EmulatedCamera_Camera( 1323): getCameraInfo
05-01 18:06:58.694 V/EmulatedCamera_BaseCamera( 1323): getCameraInfo
05-01 18:06:58.709 V/EmulatedCamera_Camera( 1323): getCameraInfo
05-01 18:06:58.709 V/EmulatedCamera_BaseCamera( 1323): getCameraInfo
05-01 18:06:58.726 V/EmulatedCamera_Camera( 1323): getCameraInfo
05-01 18:06:58.726 V/EmulatedCamera_BaseCamera( 1323): getCameraInfo
05-01 18:06:58.828 I/StatusBar( 2500): isKeyguardShowing() called before startKeyguard(), returning true
05-01 18:06:58.830 W/StatusBar( 2500): isKeyguardSecure() called before startKeyguard(), returning false
05-01 18:06:58.830 W/StatusBar( 2500): java.lang.Throwable
05-01 18:06:58.830 W/StatusBar( 2500): 	at com.android.systemui.statusbar.BaseStatusBar.isKeyguardSecure(BaseStatusBar.java:2647)
05-01 18:06:58.830 W/StatusBar( 2500): 	at com.android.systemui.statusbar.BaseStatusBar.isCameraAllowedByAdmin(BaseStatusBar.java:2670)
05-01 18:06:58.830 W/StatusBar( 2500): 	at com.android.systemui.statusbar.phone.KeyguardBottomAreaView.updateCameraVisibility(KeyguardBottomAreaView.java:309)
05-01 18:06:58.830 W/StatusBar( 2500): 	at com.android.systemui.statusbar.phone.KeyguardBottomAreaView.setPhoneStatusBar(KeyguardBottomAreaView.java:272)
05-01 18:06:58.830 W/StatusBar( 2500): 	at com.android.systemui.statusbar.phone.PhoneStatusBar.makeStatusBarView(PhoneStatusBar.java:904)
05-01 18:06:58.830 W/StatusBar( 2500): 	at com.android.systemui.statusbar.phone.PhoneStatusBar.addStatusBarWindow(PhoneStatusBar.java:3432)
05-01 18:06:58.830 W/StatusBar( 2500): 	at com.android.systemui.statusbar.phone.PhoneStatusBar.createAndAddWindows(PhoneStatusBar.java:3428)
05-01 18:06:58.830 W/StatusBar( 2500): 	at com.android.systemui.statusbar.BaseStatusBar.start(BaseStatusBar.java:765)
05-01 18:06:58.830 W/StatusBar( 2500): 	at com.android.systemui.statusbar.phone.PhoneStatusBar.start(PhoneStatusBar.java:686)
05-01 18:06:58.830 W/StatusBar( 2500): 	at com.android.systemui.statusbar.SystemBars.createStatusBarFromConfig(SystemBars.java:106)
05-01 18:06:58.830 W/StatusBar( 2500): 	at com.android.systemui.statusbar.SystemBars.onNoService(SystemBars.java:58)
05-01 18:06:58.830 W/StatusBar( 2500): 	at com.android.systemui.statusbar.ServiceMonitor.startService(ServiceMonitor.java:230)
05-01 18:06:58.830 W/StatusBar( 2500): 	at com.android.systemui.statusbar.ServiceMonitor.-wrap5(ServiceMonitor.java)
05-01 18:06:58.830 W/StatusBar( 2500): 	at com.android.systemui.statusbar.ServiceMonitor$1.handleMessage(ServiceMonitor.java:73)
05-01 18:06:58.830 W/StatusBar( 2500): 	at android.os.Handler.dispatchMessage(Handler.java:102)
05-01 18:06:58.830 W/StatusBar( 2500): 	at android.os.Looper.loop(Looper.java:154)
05-01 18:06:58.830 W/StatusBar( 2500): 	at android.app.ActivityThread.main(ActivityThread.java:6119)
05-01 18:06:58.830 W/StatusBar( 2500): 	at java.lang.reflect.Method.invoke(Native Method)
05-01 18:06:58.830 W/StatusBar( 2500): 	at com.android.internal.os.ZygoteInit$MethodAndArgsCaller.run(ZygoteInit.java:886)
05-01 18:06:58.830 W/StatusBar( 2500): 	at com.android.internal.os.ZygoteInit.main(ZygoteInit.java:776)
05-01 18:06:58.850 I/StatusBar( 2500): isKeyguardShowing() called before startKeyguard(), returning true
05-01 18:06:58.863 W/StatusBar( 2500): isKeyguardSecure() called before startKeyguard(), returning false
05-01 18:06:58.863 W/StatusBar( 2500): java.lang.Throwable
05-01 18:06:58.863 W/StatusBar( 2500): 	at com.android.systemui.statusbar.BaseStatusBar.isKeyguardSecure(BaseStatusBar.java:2647)
05-01 18:06:58.863 W/StatusBar( 2500): 	at com.android.systemui.statusbar.BaseStatusBar.isCameraAllowedByAdmin(BaseStatusBar.java:2670)
05-01 18:06:58.863 W/StatusBar( 2500): 	at com.android.systemui.statusbar.phone.KeyguardBottomAreaView.updateCameraVisibility(KeyguardBottomAreaView.java:309)
05-01 18:06:58.863 W/StatusBar( 2500): 	at com.android.systemui.statusbar.phone.KeyguardBottomAreaView.setUserSetupComplete(KeyguardBottomAreaView.java:281)
05-01 18:06:58.863 W/StatusBar( 2500): 	at com.android.systemui.statusbar.phone.PhoneStatusBar.makeStatusBarView(PhoneStatusBar.java:905)
05-01 18:06:58.863 W/StatusBar( 2500): 	at com.android.systemui.statusbar.phone.PhoneStatusBar.addStatusBarWindow(PhoneStatusBar.java:3432)
05-01 18:06:58.863 W/StatusBar( 2500): 	at com.android.systemui.statusbar.phone.PhoneStatusBar.createAndAddWindows(PhoneStatusBar.java:3428)
05-01 18:06:58.863 W/StatusBar( 2500): 	at com.android.systemui.statusbar.BaseStatusBar.start(BaseStatusBar.java:765)
05-01 18:06:58.863 W/StatusBar( 2500): 	at com.android.systemui.statusbar.phone.PhoneStatusBar.start(PhoneStatusBar.java:686)
05-01 18:06:58.863 W/StatusBar( 2500): 	at com.android.systemui.statusbar.SystemBars.createStatusBarFromConfig(SystemBars.java:106)
05-01 18:06:58.863 W/StatusBar( 2500): 	at com.android.systemui.statusbar.SystemBars.onNoService(SystemBars.java:58)
05-01 18:06:58.863 W/StatusBar( 2500): 	at com.android.systemui.statusbar.ServiceMonitor.startService(ServiceMonitor.java:230)
05-01 18:06:58.863 W/StatusBar( 2500): 	at com.android.systemui.statusbar.ServiceMonitor.-wrap5(ServiceMonitor.java)
05-01 18:06:58.863 W/StatusBar( 2500): 	at com.android.systemui.statusbar.ServiceMonitor$1.handleMessage(ServiceMonitor.java:73)
05-01 18:06:58.863 W/StatusBar( 2500): 	at android.os.Handler.dispatchMessage(Handler.java:102)
05-01 18:06:58.863 W/StatusBar( 2500): 	at android.os.Looper.loop(Looper.java:154)
05-01 18:06:58.863 W/StatusBar( 2500): 	at android.app.ActivityThread.main(ActivityThread.java:6119)
05-01 18:06:58.863 W/StatusBar( 2500): 	at java.lang.reflect.Method.invoke(Native Method)
05-01 18:06:58.863 W/StatusBar( 2500): 	at com.android.internal.os.ZygoteInit$MethodAndArgsCaller.run(ZygoteInit.java:886)
05-01 18:06:58.863 W/StatusBar( 2500): 	at com.android.internal.os.ZygoteInit.main(ZygoteInit.java:776)
05-01 18:06:58.907 D/MediaScannerReceiver( 2676): action: android.intent.action.MEDIA_MOUNTED path: /storage/1EFF-1C1B
05-01 18:06:59.201 V/EmulatedCamera_Camera( 1323): getCameraInfo
05-01 18:06:59.202 V/EmulatedCamera_BaseCamera( 1323): getCameraInfo
05-01 18:06:59.205 V/EmulatedCamera_Camera( 1323): getCameraInfo
05-01 18:06:59.205 V/EmulatedCamera_BaseCamera( 1323): getCameraInfo
05-01 18:06:59.402 I/art     ( 2500): Background sticky concurrent mark sweep GC freed 8899(1891KB) AllocSpace objects, 0(0B) LOS objects, 13% free, 12MB/14MB, paused 1.089ms total 191.597ms
05-01 18:06:59.535 D/MediaScannerReceiver( 2676): action: android.intent.action.MEDIA_MOUNTED path: /storage/emulated/0
05-01 18:06:59.636 I/StatusBar( 2500): isKeyguardShowing() called before startKeyguard(), returning true
05-01 18:06:59.638 W/StatusBar( 2500): isKeyguardSecure() called before startKeyguard(), returning false
05-01 18:06:59.638 W/StatusBar( 2500): java.lang.Throwable
05-01 18:06:59.638 W/StatusBar( 2500): 	at com.android.systemui.statusbar.BaseStatusBar.isKeyguardSecure(BaseStatusBar.java:2647)
05-01 18:06:59.638 W/StatusBar( 2500): 	at com.android.systemui.statusbar.BaseStatusBar.isCameraAllowedByAdmin(BaseStatusBar.java:2670)
05-01 18:06:59.638 W/StatusBar( 2500): 	at com.android.systemui.statusbar.phone.KeyguardBottomAreaView.updateCameraVisibility(KeyguardBottomAreaView.java:309)
05-01 18:06:59.638 W/StatusBar( 2500): 	at com.android.systemui.statusbar.phone.KeyguardBottomAreaView.setUserSetupComplete(KeyguardBottomAreaView.java:281)
05-01 18:06:59.638 W/StatusBar( 2500): 	at com.android.systemui.statusbar.phone.PhoneStatusBar$1.onChange(PhoneStatusBar.java:441)
05-01 18:06:59.638 W/StatusBar( 2500): 	at com.android.systemui.statusbar.phone.PhoneStatusBar.resetUserSetupObserver(PhoneStatusBar.java:3676)
05-01 18:06:59.638 W/StatusBar( 2500): 	at com.android.systemui.statusbar.phone.PhoneStatusBar.makeStatusBarView(PhoneStatusBar.java:1008)
05-01 18:06:59.638 W/StatusBar( 2500): 	at com.android.systemui.statusbar.phone.PhoneStatusBar.addStatusBarWindow(PhoneStatusBar.java:3432)
05-01 18:06:59.638 W/StatusBar( 2500): 	at com.android.systemui.statusbar.phone.PhoneStatusBar.createAndAddWindows(PhoneStatusBar.java:3428)
05-01 18:06:59.638 W/StatusBar( 2500): 	at com.android.systemui.statusbar.BaseStatusBar.start(BaseStatusBar.java:765)
05-01 18:06:59.638 W/StatusBar( 2500): 	at com.android.systemui.statusbar.phone.PhoneStatusBar.start(PhoneStatusBar.java:686)
05-01 18:06:59.638 W/StatusBar( 2500): 	at com.android.systemui.statusbar.SystemBars.createStatusBarFromConfig(SystemBars.java:106)
05-01 18:06:59.638 W/StatusBar( 2500): 	at com.android.systemui.statusbar.SystemBars.onNoService(SystemBars.java:58)
05-01 18:06:59.638 W/StatusBar( 2500): 	at com.android.systemui.statusbar.ServiceMonitor.startService(ServiceMonitor.java:230)
05-01 18:06:59.638 W/StatusBar( 2500): 	at com.android.systemui.statusbar.ServiceMonitor.-wrap5(ServiceMonitor.java)
05-01 18:06:59.638 W/StatusBar( 2500): 	at com.android.systemui.statusbar.ServiceMonitor$1.handleMessage(ServiceMonitor.java:73)
05-01 18:06:59.638 W/StatusBar( 2500): 	at android.os.Handler.dispatchMessage(Handler.java:102)
05-01 18:06:59.638 W/StatusBar( 2500): 	at android.os.Looper.loop(Looper.java:154)
05-01 18:06:59.638 W/StatusBar( 2500): 	at android.app.ActivityThread.main(ActivityThread.java:6119)
05-01 18:06:59.638 W/StatusBar( 2500): 	at java.lang.reflect.Method.invoke(Native Method)
05-01 18:06:59.638 W/StatusBar( 2500): 	at com.android.internal.os.ZygoteInit$MethodAndArgsCaller.run(ZygoteInit.java:886)
05-01 18:06:59.638 W/StatusBar( 2500): 	at com.android.internal.os.ZygoteInit.main(ZygoteInit.java:776)
05-01 18:06:59.666 E/SurfaceFlinger( 1317): ro.sf.lcd_density must be defined as a build property
05-01 18:06:59.670 D/OpenGLRenderer( 2500): profile bars disabled
05-01 18:06:59.674 D/OpenGLRenderer( 2500): ambientRatio = 1.50
05-01 18:06:59.697 D/PhoneStatusBar( 2500): disable: < EXPAND* icons alerts system_info BACK* HOME* RECENT* clock SEARCH* quick_settings >
05-01 18:06:59.804 W/art     ( 2704): Unexpected CPU variant for X86 using defaults: x86_64
05-01 18:06:59.806 W/ActivityManager( 1824): Slow operation: 72ms so far, now at startProcess: returned from zygote!
05-01 18:06:59.807 W/ActivityManager( 1824): Slow operation: 72ms so far, now at startProcess: done updating battery stats
05-01 18:06:59.807 W/ActivityManager( 1824): Slow operation: 73ms so far, now at startProcess: building log message
05-01 18:06:59.807 I/ActivityManager( 1824): Start proc 2704:android.process.acore/u0a1 for content provider com.android.providers.contacts/.ContactsProvider2
05-01 18:06:59.807 W/ActivityManager( 1824): Slow operation: 73ms so far, now at startProcess: starting to update pids map
05-01 18:06:59.807 W/ActivityManager( 1824): Slow operation: 73ms so far, now at startProcess: done updating pids map
05-01 18:06:59.807 W/ActivityManager( 1824): Slow operation: 74ms so far, now at startProcess: done starting proc!
05-01 18:06:59.808 W/ActivityManager( 1824): Slow operation: 76ms so far, now at getContentProviderImpl: after start process
05-01 18:06:59.808 W/ActivityManager( 1824): Slow operation: 76ms so far, now at getContentProviderImpl: updating data structures
05-01 18:06:59.808 W/ActivityManager( 1824): Slow operation: 77ms so far, now at getContentProviderImpl: done!
05-01 18:07:00.018 W/System  ( 2704): ClassLoader referenced unknown path: /system/priv-app/ContactsProvider/lib/x86_64
05-01 18:07:00.169 D/PhoneStatusBar( 2500): heads up is enabled
05-01 18:07:00.368 I/ContactsPerf( 2704): VoicemailContentProvider.onCreate start
05-01 18:07:00.695 V/KeyguardServiceDelegate( 1824): **** SHOWN CALLED ****
05-01 18:07:00.733 I/ContactsPerf( 2704): VoicemailContentProvider.onCreate finish
05-01 18:07:00.763 W/System  ( 2704): ClassLoader referenced unknown path: /system/priv-app/BlockedNumberProvider/lib/x86_64
05-01 18:07:00.767 D/ApplicationLoaders( 2704): ignored Vulkan layer search path /system/priv-app/BlockedNumberProvider/lib/x86_64:/system/lib64:/vendor/lib64 for namespace 0x70540ad370f0
05-01 18:07:00.995 W/art     ( 1824): Long monitor contention with owner android.display (1865) at void com.android.server.wm.WindowAnimator$1.doFrame(long)(WindowAnimator.java:144) waiters=2 in int com.android.server.wm.WindowManagerService.relayoutWindow(com.android.server.wm.Session, android.view.IWindow, int, android.view.WindowManager$LayoutParams, int, int, int, int, android.graphics.Rect, android.graphics.Rect, android.graphics.Rect, android.graphics.Rect, android.graphics.Rect, android.graphics.Rect, android.graphics.Rect, android.content.res.Configuration, android.view.Surface) for 290ms
05-01 18:07:01.026 W/art     ( 1824): Long monitor contention with owner android.display (1865) at void com.android.server.wm.WindowAnimator$1.doFrame(long)(WindowAnimator.java:144) waiters=2 in void com.android.server.wm.WindowManagerService.getInitialDisplaySize(int, android.graphics.Point) for 201ms
05-01 18:07:01.129 W/System  ( 2704): ClassLoader referenced unknown path: /system/app/UserDictionaryProvider/lib/x86_64
05-01 18:07:01.245 W/art     ( 1824): Long monitor contention with owner android.display (1865) at void com.android.server.wm.WindowAnimator$1.doFrame(long)(WindowAnimator.java:144) waiters=2 in int com.android.server.wm.WindowManagerService.relayoutWindow(com.android.server.wm.Session, android.view.IWindow, int, android.view.WindowManager$LayoutParams, int, int, int, int, android.graphics.Rect, android.graphics.Rect, android.graphics.Rect, android.graphics.Rect, android.graphics.Rect, android.graphics.Rect, android.graphics.Rect, android.content.res.Configuration, android.view.Surface) for 412ms
05-01 18:07:01.258 D/ApplicationLoaders( 2704): ignored Vulkan layer search path /system/app/UserDictionaryProvider/lib/x86_64:/system/lib64:/vendor/lib64 for namespace 0x70540ad37160
05-01 18:07:01.350 W/art     ( 2676): Suspending all threads took: 202.276ms
05-01 18:07:01.699 W/art     ( 1824): Long monitor contention with owner android.display (1865) at void com.android.server.wm.WindowAnimator$1.doFrame(long)(WindowAnimator.java:144) waiters=2 in int com.android.server.wm.WindowManagerService.relayoutWindow(com.android.server.wm.Session, android.view.IWindow, int, android.view.WindowManager$LayoutParams, int, int, int, int, android.graphics.Rect, android.graphics.Rect, android.graphics.Rect, android.graphics.Rect, android.graphics.Rect, android.graphics.Rect, android.graphics.Rect, android.content.res.Configuration, android.view.Surface) for 703ms
05-01 18:07:01.822 W/art     ( 1824): Suspending all threads took: 28.373ms
05-01 18:07:01.872 I/art     ( 1824): Background partial concurrent mark sweep GC freed 17967(1542KB) AllocSpace objects, 13(668KB) LOS objects, 29% free, 9MB/13MB, paused 39.905ms total 303.175ms
05-01 18:07:01.947 W/art     ( 1824): Long monitor contention with owner android.display (1865) at void com.android.server.wm.WindowManagerService$H.handleMessage(android.os.Message)(WindowManagerService.java:8368) waiters=2 in void com.android.server.wm.WindowManagerService.getInitialDisplaySize(int, android.graphics.Point) for 920ms
05-01 18:07:01.948 W/art     ( 1824): Long monitor contention with owner android.ui (1855) at int com.android.server.wm.WindowManagerService.relayoutWindow(com.android.server.wm.Session, android.view.IWindow, int, android.view.WindowManager$LayoutParams, int, int, int, int, android.graphics.Rect, android.graphics.Rect, android.graphics.Rect, android.graphics.Rect, android.graphics.Rect, android.graphics.Rect, android.graphics.Rect, android.content.res.Configuration, android.view.Surface)(WindowManagerService.java:2857) waiters=2 in void com.android.server.wm.WindowManagerService$H.handleMessage(android.os.Message) for 697ms
05-01 18:07:01.964 I/Choreographer( 1824): Skipped 41 frames!  The application may be doing too much work on its main thread.
05-01 18:07:02.209 W/art     ( 1824): Long monitor contention with owner android.ui (1855) at int com.android.server.wm.WindowManagerService.relayoutWindow(com.android.server.wm.Session, android.view.IWindow, int, android.view.WindowManager$LayoutParams, int, int, int, int, android.graphics.Rect, android.graphics.Rect, android.graphics.Rect, android.graphics.Rect, android.graphics.Rect, android.graphics.Rect, android.graphics.Rect, android.content.res.Configuration, android.view.Surface)(WindowManagerService.java:2857) waiters=0 in void com.android.server.wm.WindowAnimator$1.doFrame(long) for 245ms
05-01 18:07:02.227 W/art     ( 1824): Long monitor contention with owner android.ui (1855) at int com.android.server.wm.WindowManagerService.relayoutWindow(com.android.server.wm.Session, android.view.IWindow, int, android.view.WindowManager$LayoutParams, int, int, int, int, android.graphics.Rect, android.graphics.Rect, android.graphics.Rect, android.graphics.Rect, android.graphics.Rect, android.graphics.Rect, android.graphics.Rect, android.content.res.Configuration, android.view.Surface)(WindowManagerService.java:2857) waiters=1 in void com.android.server.wm.WindowManagerService.finishDrawingWindow(com.android.server.wm.Session, android.view.IWindow) for 233ms
05-01 18:07:02.230 W/KeyguardUpdateMonitor( 2500): invalid subId in handleSimStateChange()
05-01 18:07:02.449 D/gralloc_ranchu( 2500): Emulator without host-side GPU emulation detected. Loading gralloc.default.so from /vendor/lib64/hw/gralloc.goldfish.default.so...
05-01 18:07:02.463 D/gralloc_ranchu( 2500): gralloc.default.so not found in /vendor. Trying /system/lib64/hw/gralloc.goldfish.default.so...
05-01 18:07:02.638 I/Choreographer( 2500): Skipped 258 frames!  The application may be doing too much work on its main thread.
05-01 18:07:02.705 D/ViewRootImpl[StatusBar]( 2500): changeCanvasOpacity: opaque=true
05-01 18:07:03.202 V/MediaScanner( 2676): pruneDeadThumbnailFiles... android.content.ContentProviderClient$CursorWrapperInner@989c74
05-01 18:07:03.222 V/MediaScanner( 2676): /pruneDeadThumbnailFiles... android.content.ContentProviderClient$CursorWrapperInner@989c74
05-01 18:07:03.784 W/art     ( 1824): Long monitor contention with owner Binder:1824_C (2493) at int com.android.server.wm.WindowManagerService.relayoutWindow(com.android.server.wm.Session, android.view.IWindow, int, android.view.WindowManager$LayoutParams, int, int, int, int, android.graphics.Rect, android.graphics.Rect, android.graphics.Rect, android.graphics.Rect, android.graphics.Rect, android.graphics.Rect, android.graphics.Rect, android.content.res.Configuration, android.view.Surface)(WindowManagerService.java:2857) waiters=0 in void com.android.server.wm.WindowManagerService$H.handleMessage(android.os.Message) for 279ms
05-01 18:07:04.077 I/ContactLocale( 2704): AddressBook Labels [[en_US]]: [â€¦, A, B, C, D, E, F, G, H, I, J, K, L, M, N, O, P, Q, R, S, T, U, V, W, X, Y, Z, Î‘, Î’, Î“, Î”, Î•, Î–, Î—, Î˜, Î™, Îš, Î›, Îœ, Î, Îž, ÎŸ, Î , Î¡, Î£, Î¤, Î¥, Î¦, Î§, Î¨, Î©, â€¦, Ð, Ð‘, Ð’, Ð“, Ð”, Ð‚, Ð•, Ð„, Ð–, Ð—, Ð˜, Ð†, Ð™, Ðˆ, Ðš, Ð›, Ð‰, Ðœ, Ð, ÐŠ, Ðž, ÐŸ, Ð , Ð¡, Ð¢, Ð‹, Ð£, Ð¤, Ð¥, Ð¦, Ð§, Ð, Ð¨, Ð©, Ð®, Ð¯, â€¦, ×, ×‘, ×’, ×“, ×”, ×•, ×–, ×—, ×˜, ×™, ×›, ×œ, ×ž, × , ×¡, ×¢, ×¤, ×¦, ×§, ×¨, ×©, ×ª, â€¦, Ø§, Ø¨, Øª, Ø«, Ø¬, Ø­, Ø®, Ø¯, Ø°, Ø±, Ø², Ø³, Ø´, Øµ, Ø¶, Ø·, Ø¸, Ø¹, Øº, Ù, Ù‚, Ùƒ, Ù„, Ù…, Ù†, Ù‡, Ùˆ, ÙŠ, â€¦, à¸, à¸‚, à¸ƒ, à¸„, à¸…, à¸†, à¸‡, à¸ˆ, à¸‰, à¸Š, à¸‹, à¸Œ, à¸, à¸Ž, à¸, à¸, à¸‘, à¸’, à¸“, à¸”, à¸•, à¸–, à¸—, à¸˜, à¸™, à¸š, à¸›, à¸œ, à¸, à¸ž, à¸Ÿ, à¸ , à¸¡, à¸¢, à¸£, à¸¤, à¸¥, à¸¦, à¸§, à¸¨, à¸©, à¸ª, à¸«, à¸¬, à¸­, à¸®, â€¦, ã„±, ã„´, ã„·, ã„¹, ã…, ã…‚, ã……, ã…‡, ã…ˆ, ã…Š, ã…‹, ã…Œ, ã…, ã…Ž, â€¦, ã‚, ã‹, ã•, ãŸ, ãª, ã¯, ã¾, ã‚„, ã‚‰, ã‚, #, â€¦]
05-01 18:07:04.512 W/art     ( 1824): Long monitor contention with owner Binder:1824_5 (2068) at int com.android.server.wm.WindowManagerService.relayoutWindow(com.android.server.wm.Session, android.view.IWindow, int, android.view.WindowManager$LayoutParams, int, int, int, int, android.graphics.Rect, android.graphics.Rect, android.graphics.Rect, android.graphics.Rect, android.graphics.Rect, android.graphics.Rect, android.graphics.Rect, android.content.res.Configuration, android.view.Surface)(WindowManagerService.java:2857) waiters=0 in void com.android.server.wm.WindowManagerService$H.handleMessage(android.os.Message) for 254ms
05-01 18:07:04.716 D/WifiService( 1824): New client listening to asynchronous messages
05-01 18:07:04.840 W/art     ( 2731): Unexpected CPU variant for X86 using defaults: x86_64
05-01 18:07:04.879 I/RecoverySystem( 1824): No recovery log file
05-01 18:07:04.928 W/ActivityManager( 1824): Slow operation: 188ms so far, now at startProcess: returned from zygote!
05-01 18:07:04.928 W/ActivityManager( 1824): Slow operation: 189ms so far, now at startProcess: done updating battery stats
05-01 18:07:04.928 W/ActivityManager( 1824): Slow operation: 189ms so far, now at startProcess: building log message
05-01 18:07:04.928 I/ActivityManager( 1824): Start proc 2731:com.android.dialer/u0a8 for broadcast com.android.dialer/.calllog.CallLogReceiver
05-01 18:07:04.929 W/ActivityManager( 1824): Slow operation: 189ms so far, now at startProcess: starting to update pids map
05-01 18:07:04.929 W/ActivityManager( 1824): Slow operation: 189ms so far, now at startProcess: done updating pids map
05-01 18:07:04.929 W/ActivityManager( 1824): Slow operation: 190ms so far, now at startProcess: done starting proc!
05-01 18:07:04.952 W/art     ( 1824): Long monitor contention with owner main (1824) at void com.android.server.am.BroadcastQueue.processNextBroadcast(boolean)(BroadcastQueue.java:760) waiters=1 in void com.android.server.am.ActivityManagerService.finishReceiver(android.os.IBinder, int, java.lang.String, android.os.Bundle, boolean, int) for 129ms
05-01 18:07:05.036 I/BootReceiver( 1824): Copying audit failures to DropBox
05-01 18:07:05.036 I/BootReceiver( 1824): Checking for fsck errors
05-01 18:07:05.145 W/System  ( 2731): ClassLoader referenced unknown path: /system/priv-app/Dialer/lib/x86_64
05-01 18:07:05.201 W/art     ( 1824): Long monitor contention with owner Binder:1824_7 (2308) at int com.android.server.wm.WindowManagerService.relayoutWindow(com.android.server.wm.Session, android.view.IWindow, int, android.view.WindowManager$LayoutParams, int, int, int, int, android.graphics.Rect, android.graphics.Rect, android.graphics.Rect, android.graphics.Rect, android.graphics.Rect, android.graphics.Rect, android.graphics.Rect, android.content.res.Configuration, android.view.Surface)(WindowManagerService.java:2857) waiters=0 in void com.android.server.wm.WindowManagerService$H.handleMessage(android.os.Message) for 306ms
05-01 18:07:05.443 D/PhoneStatusBar( 2500): disable: < expand* icons alerts system_info back* home* recent* clock search* quick_settings >
05-01 18:07:05.469 I/Choreographer( 2500): Skipped 163 frames!  The application may be doing too much work on its main thread.
05-01 18:07:05.539 I/art     ( 2500): Background sticky concurrent mark sweep GC freed 11569(623KB) AllocSpace objects, 0(0B) LOS objects, 0% free, 18MB/18MB, paused 928us total 213.759ms
05-01 18:07:05.783 V/MediaScanner( 2676): pruneDeadThumbnailFiles... android.content.ContentProviderClient$CursorWrapperInner@4d51bc2
05-01 18:07:05.785 V/MediaScanner( 2676): /pruneDeadThumbnailFiles... android.content.ContentProviderClient$CursorWrapperInner@4d51bc2
05-01 18:07:05.868 I/art     ( 2500): Background partial concurrent mark sweep GC freed 5435(428KB) AllocSpace objects, 5(4MB) LOS objects, 23% free, 12MB/16MB, paused 81.878ms total 268.153ms
05-01 18:07:06.196 W/art     ( 1824): Long monitor contention with owner android.display (1865) at void com.android.server.wm.WindowAnimator$1.doFrame(long)(WindowAnimator.java:144) waiters=0 in void com.android.server.wm.WindowManagerService.finishDrawingWindow(com.android.server.wm.Session, android.view.IWindow) for 229ms
05-01 18:07:06.666 W/art     ( 1824): Long monitor contention with owner android.display (1865) at void com.android.server.wm.WindowManagerService$H.handleMessage(android.os.Message)(WindowManagerService.java:8368) waiters=0 in int com.android.server.wm.WindowManagerService.relayoutWindow(com.android.server.wm.Session, android.view.IWindow, int, android.view.WindowManager$LayoutParams, int, int, int, int, android.graphics.Rect, android.graphics.Rect, android.graphics.Rect, android.graphics.Rect, android.graphics.Rect, android.graphics.Rect, android.graphics.Rect, android.content.res.Configuration, android.view.Surface) for 124ms
05-01 18:07:07.502 D/ExtensionsFactory( 2731): No custom extensions.
05-01 18:07:07.564 D/BlockedNumbersAuto( 2731): Not attempting auto-migrate: already checked once.
05-01 18:07:07.561 I/Choreographer( 2500): Skipped 125 frames!  The application may be doing too much work on its main thread.
05-01 18:07:07.876 D/CarrierConfigLoader( 2243): mHandler: 13 phoneId: 0
05-01 18:07:07.876 D/CarrierConfigLoader( 2243): mHandler: 7 phoneId: 0
05-01 18:07:07.913 E/CarrierConfigLoader( 2243): Cannot restore config with null packageName or iccid.
05-01 18:07:07.914 D/CarrierConfigLoader( 2243): Binding to com.android.carrierconfig for phone 0
05-01 18:07:08.001 W/ActivityManager( 1824): Slow operation: 66ms so far, now at startProcess: returned from zygote!
05-01 18:07:08.023 W/ActivityManager( 1824): Slow operation: 80ms so far, now at startProcess: done updating battery stats
05-01 18:07:08.025 W/ActivityManager( 1824): Slow operation: 89ms so far, now at startProcess: building log message
05-01 18:07:08.025 I/ActivityManager( 1824): Start proc 2750:com.android.carrierconfig/u0a3 for service com.android.carrierconfig/.DefaultCarrierConfigService
05-01 18:07:08.025 W/ActivityManager( 1824): Slow operation: 91ms so far, now at startProcess: starting to update pids map
05-01 18:07:08.025 W/ActivityManager( 1824): Slow operation: 91ms so far, now at startProcess: done updating pids map
05-01 18:07:08.025 W/ActivityManager( 1824): Slow operation: 92ms so far, now at startProcess: done starting proc!
05-01 18:07:08.047 W/art     ( 2750): Unexpected CPU variant for X86 using defaults: x86_64
05-01 18:07:08.117 W/CountryDetector( 2731): No location permissions, not registering for location updates.
05-01 18:07:08.287 W/art     ( 2764): Unexpected CPU variant for X86 using defaults: x86_64
05-01 18:07:08.374 W/ActivityManager( 1824): Slow operation: 346ms so far, now at startProcess: returned from zygote!
05-01 18:07:08.374 W/ActivityManager( 1824): Slow operation: 346ms so far, now at startProcess: done updating battery stats
05-01 18:07:08.375 W/ActivityManager( 1824): Slow operation: 346ms so far, now at startProcess: building log message
05-01 18:07:08.375 I/ActivityManager( 1824): Start proc 2764:com.android.calendar/u0a26 for broadcast com.android.calendar/.alerts.AlertReceiver
05-01 18:07:08.375 W/ActivityManager( 1824): Slow operation: 347ms so far, now at startProcess: starting to update pids map
05-01 18:07:08.375 W/ActivityManager( 1824): Slow operation: 347ms so far, now at startProcess: done updating pids map
05-01 18:07:08.375 W/ActivityManager( 1824): Slow operation: 347ms so far, now at startProcess: done starting proc!
05-01 18:07:08.508 W/System  ( 2750): ClassLoader referenced unknown path: /system/priv-app/CarrierConfig/lib/x86_64
05-01 18:07:08.522 W/art     ( 1824): Long monitor contention with owner Binder:1824_D (2494) at void com.android.server.am.BroadcastQueue.processNextBroadcast(boolean)(BroadcastQueue.java:760) waiters=0 in void com.android.server.am.ActivityManagerService.dispatchUidsChanged() for 490ms
05-01 18:07:08.629 D/DefaultCarrierConfigService( 2750): Service created
05-01 18:07:08.648 D/CarrierConfigLoader( 2243): Connected to config app: com.android.carrierconfig/com.android.carrierconfig.DefaultCarrierConfigService
05-01 18:07:08.649 D/CarrierConfigLoader( 2243): mHandler: 3 phoneId: 0
05-01 18:07:08.663 D/DefaultCarrierConfigService( 2750): Config being fetched
05-01 18:07:08.667 D/DefaultCarrierConfigService( 2750): java.io.FileNotFoundException: carrier_config_.xml
05-01 18:07:08.686 E/CarrierConfigLoader( 2243): Cannot save config with null packageName or iccid.
05-01 18:07:08.702 D/CarrierConfigLoader( 2243): mHandler: 5 phoneId: 0
05-01 18:07:08.704 E/PhoneInterfaceManager( 2243): [PhoneIntfMgr] getCarrierPackageNamesForIntent: No UICC
05-01 18:07:08.745 I/Telecom ( 1824): PhoneAccountRegistrar: SimCallManager queried, returning: null: TSI.gSCMFU@AAk
05-01 18:07:08.748 W/System  ( 2764): ClassLoader referenced unknown path: /system/app/Calendar/lib/x86_64
05-01 18:07:09.265 D/ExtensionsFactory( 2764): No custom extensions.
05-01 18:07:09.280 D/AlertReceiver( 2764): onReceive: a=android.intent.action.BOOT_COMPLETED Intent { act=android.intent.action.BOOT_COMPLETED flg=0x9000010 cmp=com.android.calendar/.alerts.AlertReceiver (has extras) }
05-01 18:07:09.309 I/AlarmClock( 2517): AlarmInitReceiver android.intent.action.BOOT_COMPLETED
05-01 18:07:09.337 D/AlertUtils( 2764): Flushing old alerts from shared prefs table
05-01 18:07:09.395 D/AlertService( 2764): 0 Action = android.intent.action.BOOT_COMPLETED
05-01 18:07:09.408 D/AlertService( 2764): Scheduling next alarm with AlarmScheduler. sEventReminderReceived: null
05-01 18:07:09.476 I/ActivityManager( 1824): Start proc 2788:com.android.providers.calendar/u0a2 for content provider com.android.providers.calendar/.CalendarProvider2
05-01 18:07:09.476 W/ActivityManager( 1824): Slow operation: 51ms so far, now at startProcess: done starting proc!
05-01 18:07:09.476 W/ActivityManager( 1824): Slow operation: 53ms so far, now at getContentProviderImpl: after start process
05-01 18:07:09.476 W/ActivityManager( 1824): Slow operation: 53ms so far, now at getContentProviderImpl: updating data structures
05-01 18:07:09.476 W/ActivityManager( 1824): Slow operation: 53ms so far, now at getContentProviderImpl: done!
05-01 18:07:09.491 W/art     ( 2788): Unexpected CPU variant for X86 using defaults: x86_64
05-01 18:07:09.560 V/AlarmClock( 2517): AlarmInitReceiver finished
05-01 18:07:09.589 W/art     ( 2802): Unexpected CPU variant for X86 using defaults: x86_64
05-01 18:07:09.597 I/ActivityManager( 1824): Start proc 2802:com.android.email/u0a34 for broadcast com.android.email/.service.EmailBroadcastReceiver
05-01 18:07:09.708 W/System  ( 2788): ClassLoader referenced unknown path: /system/priv-app/CalendarProvider/lib/x86_64
05-01 18:07:09.778 W/System  ( 2802): ClassLoader referenced unknown path: /system/app/Email/lib/x86_64
05-01 18:07:10.328 I/CalendarProvider2( 2788): Created com.android.providers.calendar.CalendarAlarmManager@bde96b0(com.android.providers.calendar.CalendarProvider2@bcff929)
05-01 18:07:10.473 D/AlarmScheduler( 2764): No events found starting within 1 week.
05-01 18:07:11.428 I/CalendarProvider2( 2788): Sending notification intent: Intent { act=android.intent.action.PROVIDER_CHANGED dat=content://com.android.calendar flg=0x20000000 }
05-01 18:07:11.430 W/ContentResolver( 2788): Failed to get type for: content://com.android.calendar (Unknown URL content://com.android.calendar)
05-01 18:07:11.898 W/ActivityManager( 1824): Unable to start service Intent { act=com.android.email.EXCHANGE_INTENT pkg=com.android.exchange } U=0: not found
05-01 18:07:11.919 D/ActivityThread( 2802): Loading provider com.android.email.provider;com.android.email.notifier: com.android.email.provider.EmailProvider
05-01 18:07:11.945 W/ActivityManager( 1824): Unable to start service Intent { act=com.android.email.EXCHANGE_INTENT pkg=com.android.exchange } U=0: not found
05-01 18:07:11.957 D/ActivityThread( 2802): Loading provider com.android.email.provider;com.android.email.notifier: com.android.email.provider.EmailProvider
05-01 18:07:11.960 W/ActivityManager( 1824): Unable to start service Intent { act=com.android.email.EXCHANGE_INTENT pkg=com.android.exchange } U=0: not found
05-01 18:07:12.192 W/ActivityManager( 1824): Unable to start service Intent { act=com.android.email.EXCHANGE_INTENT pkg=com.android.exchange } U=0: not found
05-01 18:07:12.212 W/ActivityManager( 1824): Unable to start service Intent { cmp=com.android.email/.service.AttachmentService } U=0: not found
05-01 18:07:12.245 W/ActivityManager( 1824): Unable to start service Intent { cmp=com.android.email/.service.AttachmentService } U=0: not found
05-01 18:07:12.264 I/SystemBroadcastReceiver( 2036): Boot has been completed
05-01 18:07:12.264 I/SystemBroadcastReceiver( 2036): toggleAppIcon() : FLAG_SYSTEM = true
05-01 18:07:12.332 I/Email   ( 2802): Observing account changes for notifications
05-01 18:07:12.373 W/art     ( 2826): Unexpected CPU variant for X86 using defaults: x86_64
05-01 18:07:12.382 W/ActivityManager( 1824): Slow operation: 54ms so far, now at startProcess: returned from zygote!
05-01 18:07:12.382 W/ActivityManager( 1824): Slow operation: 55ms so far, now at startProcess: done updating battery stats
05-01 18:07:12.383 W/ActivityManager( 1824): Slow operation: 55ms so far, now at startProcess: building log message
05-01 18:07:12.383 I/ActivityManager( 1824): Start proc 2826:com.android.managedprovisioning/u0a14 for broadcast com.android.managedprovisioning/.BootReminder
05-01 18:07:12.383 W/ActivityManager( 1824): Slow operation: 55ms so far, now at startProcess: starting to update pids map
05-01 18:07:12.383 W/ActivityManager( 1824): Slow operation: 56ms so far, now at startProcess: done updating pids map
05-01 18:07:12.383 W/ActivityManager( 1824): Slow operation: 57ms so far, now at startProcess: done starting proc!
05-01 18:07:12.394 W/ActivityManager( 1824): Unable to start service Intent { cmp=com.android.email/.service.AttachmentService } U=0: not found
05-01 18:07:12.460 W/ActivityManager( 1824): Unable to start service Intent { act=com.android.email.EXCHANGE_INTENT pkg=com.android.exchange } U=0: not found
05-01 18:07:12.505 W/ActivityManager( 1824): Unable to start service Intent { act=com.android.email.EXCHANGE_INTENT pkg=com.android.exchange } U=0: not found
05-01 18:07:12.520 W/ActivityManager( 1824): Unable to start service Intent { act=com.android.email.EXCHANGE_INTENT pkg=com.android.exchange } U=0: not found
05-01 18:07:12.548 W/System  ( 2826): ClassLoader referenced unknown path: /system/priv-app/ManagedProvisioning/lib/x86_64
05-01 18:07:12.559 W/ActivityManager( 1824): Unable to start service Intent { act=com.android.email.EXCHANGE_INTENT pkg=com.android.exchange } U=0: not found
05-01 18:07:12.598 E/ActivityThread( 2802): Service com.android.email.service.EmailBroadcastProcessorService has leaked ServiceConnection com.android.emailcommon.service.ServiceProxy$ProxyConnection@4a8c96a that was originally bound here
05-01 18:07:12.598 E/ActivityThread( 2802): android.app.ServiceConnectionLeaked: Service com.android.email.service.EmailBroadcastProcessorService has leaked ServiceConnection com.android.emailcommon.service.ServiceProxy$ProxyConnection@4a8c96a that was originally bound here
05-01 18:07:12.598 E/ActivityThread( 2802): 	at android.app.LoadedApk$ServiceDispatcher.<init>(LoadedApk.java:1336)
05-01 18:07:12.598 E/ActivityThread( 2802): 	at android.app.LoadedApk.getServiceDispatcher(LoadedApk.java:1231)
05-01 18:07:12.598 E/ActivityThread( 2802): 	at android.app.ContextImpl.bindServiceCommon(ContextImpl.java:1450)
05-01 18:07:12.598 E/ActivityThread( 2802): 	at android.app.ContextImpl.bindService(ContextImpl.java:1422)
05-01 18:07:12.598 E/ActivityThread( 2802): 	at android.content.ContextWrapper.bindService(ContextWrapper.java:636)
05-01 18:07:12.598 E/ActivityThread( 2802): 	at com.android.emailcommon.service.ServiceProxy.setTask(ServiceProxy.java:181)
05-01 18:07:12.598 E/ActivityThread( 2802): 	at com.android.emailcommon.service.ServiceProxy.test(ServiceProxy.java:224)
05-01 18:07:12.598 E/ActivityThread( 2802): 	at com.android.email.service.EmailServiceUtils.isServiceAvailable(EmailServiceUtils.java:160)
05-01 18:07:12.598 E/ActivityThread( 2802): 	at com.android.email.provider.AccountReconciler.reconcileAccountsInternal(AccountReconciler.java:171)
05-01 18:07:12.598 E/ActivityThread( 2802): 	at com.android.email.provider.AccountReconciler.reconcileAccounts(AccountReconciler.java:115)
05-01 18:07:12.598 E/ActivityThread( 2802): 	at com.android.email.service.EmailBroadcastProcessorService.reconcileAndStartServices(EmailBroadcastProcessorService.java:305)
05-01 18:07:12.598 E/ActivityThread( 2802): 	at com.android.email.service.EmailBroadcastProcessorService.onBootCompleted(EmailBroadcastProcessorService.java:295)
05-01 18:07:12.598 E/ActivityThread( 2802): 	at com.android.email.service.EmailBroadcastProcessorService.onHandleIntent(EmailBroadcastProcessorService.java:130)
05-01 18:07:12.598 E/ActivityThread( 2802): 	at android.app.IntentService$ServiceHandler.handleMessage(IntentService.java:68)
05-01 18:07:12.598 E/ActivityThread( 2802): 	at android.os.Handler.dispatchMessage(Handler.java:102)
05-01 18:07:12.598 E/ActivityThread( 2802): 	at android.os.Looper.loop(Looper.java:154)
05-01 18:07:12.598 E/ActivityThread( 2802): 	at android.os.HandlerThread.run(HandlerThread.java:61)
05-01 18:07:12.600 W/ActivityManager( 1824): Unbind failed: could not find connection for android.os.BinderProxy@5878167
05-01 18:07:12.682 W/art     ( 2840): Unexpected CPU variant for X86 using defaults: x86_64
05-01 18:07:12.695 W/ActivityManager( 1824): Slow operation: 51ms so far, now at startProcess: done updating battery stats
05-01 18:07:12.695 W/ActivityManager( 1824): Slow operation: 51ms so far, now at startProcess: building log message
05-01 18:07:12.695 I/ActivityManager( 1824): Start proc 2840:com.android.messaging/u0a54 for broadcast com.android.messaging/.receiver.BootAndPackageReplacedReceiver
05-01 18:07:12.695 W/ActivityManager( 1824): Slow operation: 51ms so far, now at startProcess: starting to update pids map
05-01 18:07:12.696 W/ActivityManager( 1824): Slow operation: 51ms so far, now at startProcess: done updating pids map
05-01 18:07:12.696 W/ActivityManager( 1824): Slow operation: 51ms so far, now at startProcess: done starting proc!
05-01 18:07:12.779 W/System  ( 2840): ClassLoader referenced unknown path: /system/app/messaging/lib/x86_64
05-01 18:07:14.759 I/MessagingApp( 2840): Carrier config changed. Reloading MMS config.
05-01 18:07:14.788 V/VvmBootCompletedRcvr( 2243): processing subId list
05-01 18:07:14.826 E/VvmBootCompletedRcvr( 2243): phone account ComponentInfo{com.android.phone/com.android.services.telephony.TelephonyConnectionService}, [e2f7d48dd2b5ca523e7313cf4ba0f6ea830b6281], UserHandle{0} has invalid subId -1
05-01 18:07:14.953 I/MessagingAppDataModel( 2840): Fixup: Send failed - 0 Download failed - 0
05-01 18:07:15.310 I/MessagingAppDataModel( 2840): SyncMessagesAction: Starting batch for messages from 1616676894217 to 1619892434634 (message update limit = 80, message scan limit = 4000)
05-01 18:07:15.337 I/VvmSimChangeReceiver( 2243): Received SIM change for invalid subscription id.
05-01 18:07:15.358 D/AlertReceiver( 2764): onReceive: a=android.intent.action.PROVIDER_CHANGED Intent { act=android.intent.action.PROVIDER_CHANGED dat=content://com.android.calendar flg=0x20000010 cmp=com.android.calendar/.alerts.AlertReceiver }
05-01 18:07:15.429 D/AlertService( 2764): 0 Action = android.intent.action.PROVIDER_CHANGED
05-01 18:07:16.216 I/art     ( 1824): Background partial concurrent mark sweep GC freed 11496(949KB) AllocSpace objects, 9(404KB) LOS objects, 29% free, 9MB/13MB, paused 1.276ms total 163.549ms
05-01 18:07:16.534 I/MessagingAppDataModel( 2840): SyncMessagesAction: All messages now in sync
05-01 18:07:17.388 W/MediaScanner( 2676): Error opening directory '/oem/media/', skipping: No such file or directory.
05-01 18:07:17.617 V/MediaScanner( 2676): pruneDeadThumbnailFiles... android.content.ContentProviderClient$CursorWrapperInner@43e611a
05-01 18:07:17.619 V/MediaScanner( 2676): /pruneDeadThumbnailFiles... android.content.ContentProviderClient$CursorWrapperInner@43e611a
05-01 18:07:20.463 I/GlobalDismissManager( 2764): no sender configured
05-01 18:07:20.464 D/AlertService( 2764): Beginning updateAlertNotification
05-01 18:07:20.500 D/AlertService( 2764): No fired or scheduled alerts
05-01 18:07:20.537 D/AlertService( 2764): Scheduling next alarm with AlarmScheduler. sEventReminderReceived: null
05-01 18:07:20.569 D/AlarmScheduler( 2764): No events found starting within 1 week.
05-01 18:07:24.407 I/ActivityManager( 1824): Waited long enough for: ServiceRecord{c2db64e u0 com.android.calendar/.alerts.InitAlarmsService}
05-01 18:07:30.794 W//sbin/adbd( 1319): type=1400 audit(0.0:16): avc: denied { search } for comm=73657276696365203335 name="security" dev="vdc" ino=35203 scontext=u:r:adbd:s0 tcontext=u:object_r:security_file:s0 tclass=dir permissive=0
05-01 18:07:39.503 D/InitAlarmsService( 2764): Clearing and rescheduling alarms.
05-01 18:08:01.602 D/AndroidRuntime( 2874): >>>>>> START com.android.internal.os.RuntimeInit uid 2000 <<<<<<
05-01 18:08:01.626 D/AndroidRuntime( 2874): CheckJNI is ON
05-01 18:08:02.117 W/art     ( 2874): Unexpected CPU variant for X86 using defaults: x86_64
05-01 18:08:02.183 D/ICU     ( 2874): No timezone override file found: /data/misc/zoneinfo/current/icu/icu_tzdata.dat
05-01 18:08:02.366 E/memtrack( 2874): Couldn't load memtrack module (No such file or directory)
05-01 18:08:02.366 E/android.os.Debug( 2874): failed to load memtrack module: -2
05-01 18:08:02.374 I/Radio-JNI( 2874): register_android_hardware_Radio DONE
05-01 18:08:02.493 D/AndroidRuntime( 2874): Calling main entry com.android.commands.pm.Pm
05-01 18:08:02.654 I/        ( 1325): free_cache(132099496) avail 809689088
05-01 18:08:18.896 W/ActivityManager( 1824): Slow operation: 90ms so far, now at startProcess: returned from zygote!
05-01 18:08:18.897 W/ActivityManager( 1824): Slow operation: 91ms so far, now at startProcess: done updating battery stats
05-01 18:08:18.898 W/ActivityManager( 1824): Slow operation: 92ms so far, now at startProcess: building log message
05-01 18:08:18.898 I/ActivityManager( 1824): Start proc 2884:com.android.defcontainer/u0a7 for service com.android.defcontainer/.DefaultContainerService
05-01 18:08:18.898 W/ActivityManager( 1824): Slow operation: 92ms so far, now at startProcess: starting to update pids map
05-01 18:08:18.899 W/ActivityManager( 1824): Slow operation: 92ms so far, now at startProcess: done updating pids map
05-01 18:08:18.899 W/ActivityManager( 1824): Slow operation: 94ms so far, now at startProcess: done starting proc!
05-01 18:08:18.961 W/art     ( 2884): Unexpected CPU variant for X86 using defaults: x86_64
05-01 18:08:19.947 I/PackageManager.DexOptimizer( 1824): Running dexopt (dex2oat) on: /data/app/vmdl980104841.tmp/base.apk pkg=jp.jaxa.iss.kibo.rpc.sampleapk isa=x86_64 vmSafeMode=false debuggable=true target-filter=interpret-only oatDir = /data/app/vmdl980104841.tmp/oat sharedLibraries=null
05-01 18:08:20.240 W/dex2oat ( 2899): Unexpected CPU variant for X86 using defaults: x86_64
05-01 18:08:20.254 I/dex2oat ( 2899): /system/bin/dex2oat --compiler-filter=interpret-only --debuggable
05-01 18:08:22.532 W/dex2oat ( 2899): Before Android 4.1, method int android.support.v7.widget.ListViewCompat.lookForSelectablePosition(int, boolean) would have incorrectly overridden the package-private method in android.widget.ListView
05-01 18:08:23.247 W/dex2oat ( 2899): Before Android 4.1, method android.graphics.PorterDuffColorFilter android.support.graphics.drawable.VectorDrawableCompat.updateTintFilter(android.graphics.PorterDuffColorFilter, android.content.res.ColorStateList, android.graphics.PorterDuff$Mode) would have incorrectly overridden the package-private method in android.graphics.drawable.Drawable
05-01 18:08:29.326 W/dex2oat ( 2899): Verification of java.util.SortedMap com.google.common.collect.Maps$SortedMapDifferenceImpl.entriesOnlyOnRight() took 164.437ms
05-01 18:08:31.523 W/dex2oat ( 2899): Compilation of void org.opencv.android.Utils.nBitmapToMat2(android.graphics.Bitmap, long, boolean) took 269.825ms
05-01 18:08:31.527 W/dex2oat ( 2899): Compilation of java.lang.String org.opencv.android.StaticHelper.getLibraryList() took 274.154ms
05-01 18:08:34.008 I/dex2oat ( 2899): dex2oat took 13.777s (threads: 2) arena alloc=500KB (512680B) java alloc=7MB (7435304B) native alloc=15MB (15895736B) free=3MB (4027208B)
05-01 18:08:34.309 D/installd( 1325): Detected label change from u:object_r:system_data_file:s0 to u:object_r:app_data_file:s0:c512,c768 at /data/data/jp.jaxa.iss.kibo.rpc.sampleapk; running recursive restorecon
05-01 18:08:34.322 D/installd( 1325): Detected label change from u:object_r:system_data_file:s0 to u:object_r:app_data_file:s0:c512,c768 at /data/user_de/0/jp.jaxa.iss.kibo.rpc.sampleapk; running recursive restorecon
05-01 18:08:34.331 V/BackupManagerService( 1824): restoreAtInstall pkg=jp.jaxa.iss.kibo.rpc.sampleapk token=1 restoreSet=0
05-01 18:08:34.335 W/BackupManagerService( 1824): Requested unavailable transport: android/com.android.internal.backup.LocalTransport
05-01 18:08:34.336 W/BackupManagerService( 1824): No transport
05-01 18:08:34.336 V/BackupManagerService( 1824): Finishing install immediately
05-01 18:08:34.373 D/VoldConnector( 1824): SND -> {9 volume remount_uid 10064 default}
05-01 18:08:34.388 D/vold    ( 1268): Remounting 10064 as mode default
05-01 18:08:34.410 I/GnssLocationProvider( 1824): WakeLock acquired by sendMessage(3, 0, com.android.server.location.GnssLocationProvider$GpsRequest@e850f61)
05-01 18:08:34.414 I/GnssLocationProvider( 1824): WakeLock acquired by sendMessage(3, 0, com.android.server.location.GnssLocationProvider$GpsRequest@f5d4a86)
05-01 18:08:34.420 I/GnssLocationProvider( 1824): WakeLock released by handleMessage(3, 0, com.android.server.location.GnssLocationProvider$GpsRequest@e850f61)
05-01 18:08:34.422 D/VoldConnector( 1824): RCV <- {200 9 Command succeeded}
05-01 18:08:34.425 I/GnssLocationProvider( 1824): WakeLock released by handleMessage(3, 0, com.android.server.location.GnssLocationProvider$GpsRequest@f5d4a86)
05-01 18:08:34.428 I/GnssLocationProvider( 1824): WakeLock acquired by sendMessage(3, 0, com.android.server.location.GnssLocationProvider$GpsRequest@111bf47)
05-01 18:08:34.430 D/VoldConnector( 1824): SND -> {10 volume remount_uid 10064 write}
05-01 18:08:34.433 I/GnssLocationProvider( 1824): WakeLock released by handleMessage(3, 0, com.android.server.location.GnssLocationProvider$GpsRequest@111bf47)
05-01 18:08:34.436 D/vold    ( 1268): Remounting 10064 as mode write
05-01 18:08:34.445 D/VoldConnector( 1824): RCV <- {200 10 Command succeeded}
05-01 18:08:34.467 I/art     ( 1824): Starting a blocking GC Explicit
05-01 18:08:34.568 I/art     ( 1824): Explicit concurrent mark sweep GC freed 23797(1437KB) AllocSpace objects, 12(288KB) LOS objects, 29% free, 9MB/13MB, paused 2.411ms total 97.624ms
05-01 18:08:34.577 E/        ( 1325): Couldn't opendir /data/app/vmdl980104841.tmp: No such file or directory
05-01 18:08:34.676 I/InputReader( 1824): Reconfiguring input devices.  changes=0x00000010
05-01 18:08:34.693 W/ActivityManager( 1824): Slow operation: 53ms so far, now at startProcess: done creating new process record
05-01 18:08:34.693 W/ActivityManager( 1824): Slow operation: 54ms so far, now at startProcess: stepping in to startProcess
05-01 18:08:34.730 W/art     ( 2902): Unexpected CPU variant for X86 using defaults: x86_64
05-01 18:08:34.746 W/ActivityManager( 1824): Slow operation: 53ms so far, now at startProcess: building log message
05-01 18:08:34.747 I/ActivityManager( 1824): Start proc 2902:com.android.gallery3d/u0a39 for broadcast com.android.gallery3d/.app.PackagesMonitor
05-01 18:08:34.747 W/ActivityManager( 1824): Slow operation: 53ms so far, now at startProcess: starting to update pids map
