05-01 18:06:22.114 W/art     ( 1824): Long monitor contention with owner android.display (1865) at void com.android.server.am.ActivityManagerService.updateConfiguration(android.content.res.Configuration)(ActivityManagerService.java:18937) waiters=9 in com.android.server.am.ProcessRecord com.android.server.am.ActivityManagerService.findAppProcess(android.os.IBinder, java.lang.String) for 828ms
05-01 18:06:22.115 W/art     ( 1824): Long monitor contention with owner ActivityManager (1854) at void com.android.server.am.BroadcastQueue.processNextBroadcast(boolean)(BroadcastQueue.java:760) waiters=6 in void com.android.server.am.ActivityManagerService.dispatchUidsChanged() for 242ms
05-01 18:06:22.118 V/KeyguardServiceDelegate( 1824): *** Keyguard disconnected (boo!)
05-01 18:06:22.138 I/ActivityManager( 1824): Process com.android.systemui (pid 2042) has died
05-01 18:06:22.139 D/ActivityManager( 1824): cleanUpApplicationRecord -- 2042
05-01 18:06:22.140 W/ActivityManager( 1824): Scheduling restart of crashed service com.android.systemui/.ImageWallpaper in 0ms
05-01 18:06:22.142 D/MountService( 1824): Volume emulated broadcasting mounted to UserHandle{0}
05-01 18:06:22.142 W/ActivityManager( 1824): Scheduling restart of crashed service com.android.systemui/.SystemUIService in 0ms
05-01 18:06:22.143 W/ActivityManager( 1824): Scheduling restart of crashed service com.android.systemui/.keyguard.KeyguardService in 0ms
05-01 18:06:22.147 W/ActivityManager( 1824): Re-adding persistent process ProcessRecord{83cdf65 2042:com.android.systemui/u0a21}
05-01 18:06:22.172 W/libprocessgroup( 1824): failed to open /acct/uid_10021/pid_2042/cgroup.procs: No such file or directory
05-01 18:06:22.173 W/art     ( 1824): Long monitor contention with owner Binder:1824_6 (2295) at void com.android.server.am.ActivityManagerService.attachApplication(android.app.IApplicationThread)(ActivityManagerService.java:6669) waiters=4 in void com.android.server.am.ActivityManagerService$3.handleMessage(android.os.Message) for 101ms
05-01 18:06:22.349 W/art     ( 2500): Unexpected CPU variant for X86 using defaults: x86_64
05-01 18:06:22.425 W/ActivityManager( 1824): Slow operation: 277ms so far, now at startProcess: returned from zygote!
05-01 18:06:22.426 W/ActivityManager( 1824): Slow operation: 277ms so far, now at startProcess: done updating battery stats
05-01 18:06:22.426 W/ActivityManager( 1824): Slow operation: 278ms so far, now at startProcess: building log message
05-01 18:06:22.426 I/ActivityManager( 1824): Start proc 2500:com.android.systemui/u0a21 for restart com.android.systemui
05-01 18:06:22.426 W/ActivityManager( 1824): Slow operation: 278ms so far, now at startProcess: starting to update pids map
05-01 18:06:22.426 W/ActivityManager( 1824): Slow operation: 278ms so far, now at startProcess: done updating pids map
05-01 18:06:22.482 W/art     ( 1824): Long monitor contention with owner android.display (1865) at void com.android.server.wm.WindowManagerService.continueSurfaceLayout()(WindowManagerService.java:5454) waiters=2 in void com.android.server.wm.Session.binderDied() for 778ms
05-01 18:06:22.484 W/art     ( 1824): Long monitor contention with owner android.display (1865) at void com.android.server.wm.WindowManagerService.updateRotationUnchecked(boolean, boolean)(WindowManagerService.java:6783) waiters=2 in void com.android.server.wm.WindowState$DeathRecipient.binderDied() for 657ms
05-01 18:06:22.485 W/WindowManager( 1824): Failed looking up window
05-01 18:06:22.485 W/WindowManager( 1824): java.lang.IllegalArgumentException: Requested window android.os.BinderProxy@8d4dc64 does not exist
05-01 18:06:22.485 W/WindowManager( 1824): 	at com.android.server.wm.WindowManagerService.windowForClientLocked(WindowManagerService.java:9422)
05-01 18:06:22.485 W/WindowManager( 1824): 	at com.android.server.wm.WindowManagerService.windowForClientLocked(WindowManagerService.java:9413)
05-01 18:06:22.485 W/WindowManager( 1824): 	at com.android.server.wm.WindowState$DeathRecipient.binderDied(WindowState.java:1807)
05-01 18:06:22.485 W/WindowManager( 1824): 	at android.os.BinderProxy.sendDeathNotice(Binder.java:688)
05-01 18:06:22.485 I/WindowManager( 1824): WIN DEATH: null
05-01 18:06:22.486 W/art     ( 1824): Long monitor contention with owner android.display (1865) at void com.android.server.wm.WindowManagerService.updateRotationUnchecked(boolean, boolean)(WindowManagerService.java:6783) waiters=3 in int com.android.server.wm.WindowManagerService.relayoutWindow(com.android.server.wm.Session, android.view.IWindow, int, android.view.WindowManager$LayoutParams, int, int, int, int, android.graphics.Rect, android.graphics.Rect, android.graphics.Rect, android.graphics.Rect, android.graphics.Rect, android.graphics.Rect, android.graphics.Rect, android.content.res.Configuration, android.view.Surface) for 633ms
05-01 18:06:23.844 W/ifconfig( 2498): type=1400 audit(0.0:10): avc: denied { ioctl } for path="socket:[13185]" dev="sockfs" ino=13185 ioctlcmd=8927 scontext=u:r:shell:s0 tcontext=u:r:shell:s0 tclass=udp_socket permissive=0
05-01 18:06:23.874 W/ifconfig( 2498): type=1400 audit(0.0:11): avc: denied { ioctl } for path="socket:[13185]" dev="sockfs" ino=13185 ioctlcmd=891d scontext=u:r:shell:s0 tcontext=u:r:shell:s0 tclass=udp_socket permissive=0
05-01 18:06:23.914 W/ifconfig( 2498): type=1400 audit(0.0:12): avc: denied { ioctl } for path="socket:[13185]" dev="sockfs" ino=13185 ioctlcmd=8970 scontext=u:r:shell:s0 tcontext=u:r:shell:s0 tclass=udp_socket permissive=0
05-01 18:06:22.503 W/art     ( 1824): Long monitor contention with owner Binder:1824_B (2492) at void com.android.server.am.ActivityManagerService$AppDeathRecipient.binderDied()(ActivityManagerService.java:1475) waiters=1 in int com.android.server.am.ActivityManagerService.broadcastIntent(android.app.IApplicationThread, android.content.Intent, java.lang.String, android.content.IIntentReceiver, int, java.lang.String, android.os.Bundle, java.lang.String[], int, android.os.Bundle, boolean, boolean, int) for 361ms
05-01 18:06:22.532 W/art     ( 1824): Long monitor contention with owner Binder:1824_B (2492) at void com.android.server.am.ActivityManagerService$AppDeathRecipient.binderDied()(ActivityManagerService.java:1475) waiters=3 in boolean com.android.server.am.ActivityManagerService.isUserRunning(int, int) for 376ms
05-01 18:06:22.617 W/art     ( 1824): Long monitor contention with owner Binder:1824_B (2492) at void com.android.server.am.ActivityManagerService$AppDeathRecipient.binderDied()(ActivityManagerService.java:1475) waiters=3 in void com.android.server.am.ActivityManagerService$3.handleMessage(android.os.Message) for 433ms
05-01 18:06:22.635 W/art     ( 1824): Long monitor contention with owner Binder:1824_9 (2490) at void com.android.server.wm.WindowState$DeathRecipient.binderDied()(WindowState.java:1806) waiters=3 in void com.android.server.wm.WindowManagerService$H.handleMessage(android.os.Message) for 524ms
05-01 18:06:22.645 W/art     ( 1824): Long monitor contention with owner Binder:1824_B (2492) at void com.android.server.am.ActivityManagerService$AppDeathRecipient.binderDied()(ActivityManagerService.java:1475) waiters=4 in com.android.server.am.ProcessRecord com.android.server.am.ActivityManagerService.findAppProcess(android.os.IBinder, java.lang.String) for 454ms
05-01 18:06:22.648 I/Choreographer( 1824): Skipped 131 frames!  The application may be doing too much work on its main thread.
05-01 18:06:22.660 I/Choreographer( 2279): Skipped 44 frames!  The application may be doing too much work on its main thread.
05-01 18:06:22.804 W/System  ( 2477): ClassLoader referenced unknown path: /system/priv-app/ContactsProvider/lib/x86_64
05-01 18:06:22.902 W/art     ( 1824): Long monitor contention with owner android.display (1865) at void com.android.server.wm.WindowAnimator$1.doFrame(long)(WindowAnimator.java:144) waiters=0 in int com.android.server.wm.WindowManagerService.relayoutWindow(com.android.server.wm.Session, android.view.IWindow, int, android.view.WindowManager$LayoutParams, int, int, int, int, android.graphics.Rect, android.graphics.Rect, android.graphics.Rect, android.graphics.Rect, android.graphics.Rect, android.graphics.Rect, android.graphics.Rect, android.content.res.Configuration, android.view.Surface) for 162ms
05-01 18:06:23.089 V/BackupManagerService( 1824): No ancestral data
05-01 18:06:23.178 W/art     ( 1824): Long monitor contention with owner android.display (1865) at void com.android.server.wm.WindowAnimator$1.doFrame(long)(WindowAnimator.java:144) waiters=0 in int com.android.server.wm.WindowManagerService.relayoutWindow(com.android.server.wm.Session, android.view.IWindow, int, android.view.WindowManager$LayoutParams, int, int, int, int, android.graphics.Rect, android.graphics.Rect, android.graphics.Rect, android.graphics.Rect, android.graphics.Rect, android.graphics.Rect, android.graphics.Rect, android.content.res.Configuration, android.view.Surface) for 238ms
05-01 18:06:23.267 I/BackupManagerService( 1824): Package jp.jaxa.iss.kibo.rpc.sampleapk not installed; dropping from full backup
05-01 18:06:23.317 V/BackupManagerService( 1824): Starting with transport android/com.android.internal.backup.LocalTransport
05-01 18:06:23.318 V/BackupManagerService( 1824): Found transports: 1
05-01 18:06:23.318 W/BackupManagerService( 1824): Proposed transport ComponentInfo{android/com.android.internal.backup.LocalTransportService} not whitelisted; ignoring
05-01 18:06:23.406 I/BackupManagerService( 1824): Backup enabled => false
05-01 18:06:23.525 W/art     ( 1824): Long monitor contention with owner android.display (1865) at void com.android.server.wm.WindowAnimator$1.doFrame(long)(WindowAnimator.java:144) waiters=0 in int com.android.server.wm.WindowManagerService.relayoutWindow(com.android.server.wm.Session, android.view.IWindow, int, android.view.WindowManager$LayoutParams, int, int, int, int, android.graphics.Rect, android.graphics.Rect, android.graphics.Rect, android.graphics.Rect, android.graphics.Rect, android.graphics.Rect, android.graphics.Rect, android.content.res.Configuration, android.view.Surface) for 346ms
05-01 18:06:23.569 W/System  ( 2500): ClassLoader referenced unknown path: /system/priv-app/SystemUI/lib/x86_64
05-01 18:06:23.952 W/art     ( 1824): Long monitor contention with owner android.display (1865) at void com.android.server.wm.WindowManagerService$H.handleMessage(android.os.Message)(WindowManagerService.java:8368) waiters=0 in int com.android.server.wm.WindowManagerService.relayoutWindow(com.android.server.wm.Session, android.view.IWindow, int, android.view.WindowManager$LayoutParams, int, int, int, int, android.graphics.Rect, android.graphics.Rect, android.graphics.Rect, android.graphics.Rect, android.graphics.Rect, android.graphics.Rect, android.graphics.Rect, android.content.res.Configuration, android.view.Surface) for 261ms
05-01 18:06:24.109 W/ActivityManager( 1824): Slow operation: 318ms so far, now at startProcess: returned from zygote!
05-01 18:06:24.109 W/ActivityManager( 1824): Slow operation: 319ms so far, now at startProcess: done updating battery stats
05-01 18:06:24.109 W/ActivityManager( 1824): Slow operation: 319ms so far, now at startProcess: building log message
05-01 18:06:24.110 I/ActivityManager( 1824): Start proc 2517:com.android.deskclock/u0a31 for broadcast com.android.deskclock/.AlarmInitReceiver
05-01 18:06:24.110 W/ActivityManager( 1824): Slow operation: 319ms so far, now at startProcess: starting to update pids map
05-01 18:06:24.110 W/ActivityManager( 1824): Slow operation: 320ms so far, now at startProcess: done updating pids map
05-01 18:06:24.110 W/ActivityManager( 1824): Slow operation: 321ms so far, now at startProcess: done starting proc!
05-01 18:06:24.183 W/art     ( 2517): Unexpected CPU variant for X86 using defaults: x86_64
05-01 18:06:24.262 W/art     ( 1824): Long monitor contention with owner Binder:1824_C (2493) at void com.android.server.am.BroadcastQueue.processNextBroadcast(boolean)(BroadcastQueue.java:760) waiters=0 in android.content.Intent com.android.server.am.ActivityManagerService.registerReceiver(android.app.IApplicationThread, java.lang.String, android.content.IIntentReceiver, android.content.IntentFilter, java.lang.String, int) for 162ms
05-01 18:06:24.532 W/art     ( 1824): Long monitor contention with owner android.ui (1855) at int com.android.server.wm.WindowManagerService.relayoutWindow(com.android.server.wm.Session, android.view.IWindow, int, android.view.WindowManager$LayoutParams, int, int, int, int, android.graphics.Rect, android.graphics.Rect, android.graphics.Rect, android.graphics.Rect, android.graphics.Rect, android.graphics.Rect, android.graphics.Rect, android.content.res.Configuration, android.view.Surface)(WindowManagerService.java:2857) waiters=0 in void com.android.server.wm.WindowManagerService$H.handleMessage(android.os.Message) for 550ms
05-01 18:06:24.534 I/Choreographer( 1824): Skipped 33 frames!  The application may be doing too much work on its main thread.
05-01 18:06:24.619 W/RichInputConnection( 2036): Slow InputConnection: GET_TEXT_BEFORE_CURSOR took 601 ms.
05-01 18:06:25.084 W/System  ( 2517): ClassLoader referenced unknown path: /system/app/DeskClock/lib/x86_64
05-01 18:06:25.368 W/VoiceInteractionManagerService( 1824): no available voice interaction services found for user 0
05-01 18:06:25.368 W/VoiceInteractionManagerService( 1824): no available voice recognition services found for user 0
05-01 18:06:25.382 I/ActivityManager( 1824): Loading recents for user 0 into memory.
05-01 18:06:25.412 D/ActivityManager( 1824): Sending BOOT_COMPLETE user #0
05-01 18:06:25.738 V/SystemUIService( 2500): Starting SystemUI services for user 0.
05-01 18:06:25.750 D/CarrierSvcBindHelper( 2243): Received android.intent.action.USER_UNLOCKED
05-01 18:06:25.755 E/PhoneInterfaceManager( 2243): [PhoneIntfMgr] getCarrierPackageNamesForIntent: No UICC
05-01 18:06:25.756 D/CarrierSvcBindHelper( 2243): No carrier app for: 0
05-01 18:06:26.386 W/art     ( 1824): Long monitor contention with owner BackgroundDexOptService_PostBootUpdate (2443) at void com.android.server.power.PowerManagerService.acquireWakeLockInternal(android.os.IBinder, int, java.lang.String, java.lang.String, android.os.WorkSource, java.lang.String, int, int)(PowerManagerService.java:862) waiters=0 in void com.android.server.power.PowerManagerService.handleSandman() for 132ms
05-01 18:06:26.553 D/FallbackHome( 2279): User unlocked and real home found; let's go!
05-01 18:06:26.620 I/Choreographer( 2279): Skipped 40 frames!  The application may be doing too much work on its main thread.
05-01 18:06:26.707 I/ActivityManager( 1824): START u0 {act=android.intent.action.MAIN cat=[android.intent.category.HOME] flg=0x10000100 cmp=com.android.launcher3/.Launcher} from uid 0 on display 0
05-01 18:06:26.832 W/WallpaperManagerService( 1824): Wallpaper reconnect timed out, reverting to built-in wallpaper!
05-01 18:06:27.182 W/art     ( 1824): Long monitor contention with owner ActivityManager (1854) at void com.android.server.am.BroadcastQueue.processNextBroadcast(boolean)(BroadcastQueue.java:760) waiters=0 in boolean com.android.server.am.ActivityManagerService.isUserRunning(int, int) for 1.518s
05-01 18:06:27.385 I/AccountManagerService( 1824): User 0 is unlocked - opening CE database
05-01 18:06:27.556 W/art     ( 2553): Unexpected CPU variant for X86 using defaults: x86_64
05-01 18:06:27.603 W/ActivityManager( 1824): Slow operation: 567ms so far, now at startProcess: returned from zygote!
05-01 18:06:27.603 W/ActivityManager( 1824): Slow operation: 568ms so far, now at startProcess: done updating battery stats
05-01 18:06:27.604 W/ActivityManager( 1824): Slow operation: 569ms so far, now at startProcess: building log message
05-01 18:06:27.604 I/ActivityManager( 1824): Start proc 2553:com.android.launcher3/u0a42 for activity com.android.launcher3/.Launcher
05-01 18:06:27.604 W/ActivityManager( 1824): Slow operation: 569ms so far, now at startProcess: starting to update pids map
05-01 18:06:27.605 W/ActivityManager( 1824): Slow operation: 570ms so far, now at startProcess: done updating pids map
05-01 18:06:27.605 W/ActivityManager( 1824): Slow operation: 571ms so far, now at startProcess: done starting proc!
05-01 18:06:27.746 W/art     ( 1824): Long monitor contention with owner android.display (1865) at void com.android.server.wm.WindowAnimator$1.doFrame(long)(WindowAnimator.java:144) waiters=0 in void com.android.server.wm.WindowManagerService.setAppVisibility(android.os.IBinder, boolean) for 140ms
05-01 18:06:27.810 W/art     ( 2477): Suspending all threads took: 298.105ms
05-01 18:06:28.068 W/art     ( 1824): Long monitor contention with owner android.display (1865) at void com.android.server.wm.WindowAnimator$1.doFrame(long)(WindowAnimator.java:144) waiters=0 in void com.android.server.wm.WindowManagerService.setAppVisibility(android.os.IBinder, boolean) for 322ms
05-01 18:06:28.352 I/SyncManager( 1824): Got SyncJobService instance.
05-01 18:06:29.163 W/art     ( 1824): Long monitor contention with owner android.display (1865) at void com.android.server.wm.WindowAnimator$1.doFrame(long)(WindowAnimator.java:144) waiters=0 in void com.android.server.wm.WindowManagerService.setAppVisibility(android.os.IBinder, boolean) for 288ms
05-01 18:06:29.258 V/KeyValueBackupJob( 1824): Scheduling k/v pass in 240 minutes
05-01 18:06:29.380 E/NetdConnector( 1824): NDC Command {18 firewall disable_chain standby} took too long (961ms)
05-01 18:06:29.570 W/art     ( 1824): Long monitor contention with owner android.display (1865) at void com.android.server.wm.WindowAnimator$1.doFrame(long)(WindowAnimator.java:144) waiters=0 in void com.android.server.wm.WindowManagerService.setAppVisibility(android.os.IBinder, boolean) for 406ms
05-01 18:06:29.722 W/art     ( 2517): Suspending all threads took: 108.002ms
05-01 18:06:29.932 W/InputConnectionWrapper.ICC( 2036): Timed out waiting on IInputContextCallback
05-01 18:06:29.933 I/InputAttributes( 2036): InputType.TYPE_NULL is specified
05-01 18:06:30.084 W/art     ( 1824): Long monitor contention with owner android.display (1865) at void com.android.server.wm.WindowAnimator$1.doFrame(long)(WindowAnimator.java:144) waiters=0 in void com.android.server.wm.WindowManagerService.setAppVisibility(android.os.IBinder, boolean) for 290ms
05-01 18:06:30.534 W/art     ( 1824): Long monitor contention with owner android.display (1865) at void com.android.server.wm.WindowAnimator$1.doFrame(long)(WindowAnimator.java:144) waiters=0 in void com.android.server.wm.WindowManagerService.setAppVisibility(android.os.IBinder, boolean) for 201ms
05-01 18:06:30.776 W/art     ( 1824): Long monitor contention with owner android.display (1865) at void com.android.server.wm.WindowAnimator$1.doFrame(long)(WindowAnimator.java:144) waiters=0 in void com.android.server.wm.WindowManagerService.setAppVisibility(android.os.IBinder, boolean) for 240ms
05-01 18:06:32.392 I/LatinIME( 2036): Timeout waiting for dictionary load
05-01 18:06:32.454 W/ifconfig( 2609): type=1400 audit(0.0:13): avc: denied { ioctl } for path="socket:[14562]" dev="sockfs" ino=14562 ioctlcmd=8927 scontext=u:r:shell:s0 tcontext=u:r:shell:s0 tclass=udp_socket permissive=0
05-01 18:06:32.494 W/ifconfig( 2609): type=1400 audit(0.0:14): avc: denied { ioctl } for path="socket:[14562]" dev="sockfs" ino=14562 ioctlcmd=891d scontext=u:r:shell:s0 tcontext=u:r:shell:s0 tclass=udp_socket permissive=0
05-01 18:06:32.494 W/ifconfig( 2609): type=1400 audit(0.0:15): avc: denied { ioctl } for path="socket:[14562]" dev="sockfs" ino=14562 ioctlcmd=8970 scontext=u:r:shell:s0 tcontext=u:r:shell:s0 tclass=udp_socket permissive=0
05-01 18:06:32.853 W/art     ( 1824): Long monitor contention with owner android.display (1865) at void com.android.server.wm.WindowManagerService$H.handleMessage(android.os.Message)(WindowManagerService.java:8549) waiters=0 in void com.android.server.wm.WindowManagerService.setAppVisibility(android.os.IBinder, boolean) for 469ms
05-01 18:06:32.856 W/art     ( 1824): Long monitor contention with owner Binder:1824_B (2492) at void com.android.server.am.ActivityManagerService.activityPaused(android.os.IBinder)(ActivityManagerService.java:6916) waiters=1 in void com.android.server.am.ActivityManagerService$MainHandler.handleMessage(android.os.Message) for 6.075s
05-01 18:06:32.859 W/art     ( 1824): Long monitor contention with owner Binder:1824_B (2492) at void com.android.server.am.ActivityManagerService.activityPaused(android.os.IBinder)(ActivityManagerService.java:6916) waiters=4 in void com.android.server.am.ActivityManagerService.dispatchUidsChanged() for 5.808s
05-01 18:06:32.868 I/Choreographer( 2279): Skipped 373 frames!  The application may be doing too much work on its main thread.
05-01 18:06:32.885 I/ActivityManager( 1824): Killing 2477:android.process.acore/u0a1 (adj 900): timeout publishing content providers
05-01 18:06:32.886 D/ActivityManager( 1824): cleanUpApplicationRecord -- 2477
05-01 18:06:32.892 W/ActivityManager( 1824): Unable to launch app com.android.providers.contacts/10001 for provider com.android.contacts: launching app became null
05-01 18:06:32.902 W/art     ( 1824): Long monitor contention with owner Binder:1824_B (2492) at void com.android.server.am.ActivityManagerService.activityPaused(android.os.IBinder)(ActivityManagerService.java:6916) waiters=3 in android.content.Intent com.android.server.am.ActivityManagerService.registerReceiver(android.app.IApplicationThread, java.lang.String, android.content.IIntentReceiver, android.content.IntentFilter, java.lang.String, int) for 5.907s
05-01 18:06:32.904 W/art     ( 1824): Long monitor contention with owner Binder:1824_B (2492) at void com.android.server.am.ActivityManagerService.activityPaused(android.os.IBinder)(ActivityManagerService.java:6916) waiters=2 in android.content.IIntentSender com.android.server.am.ActivityManagerService.getIntentSender(int, java.lang.String, android.os.IBinder, java.lang.String, int, android.content.Intent[], java.lang.String[], int, android.os.Bundle, int) for 6.068s
05-01 18:06:32.922 W/art     ( 1824): Long monitor contention with owner Binder:1824_B (2492) at void com.android.server.am.ActivityManagerService.activityPaused(android.os.IBinder)(ActivityManagerService.java:6916) waiters=6 in android.content.Intent com.android.server.am.ActivityManagerService.registerReceiver(android.app.IApplicationThread, java.lang.String, android.content.IIntentReceiver, android.content.IntentFilter, java.lang.String, int) for 5.508s
05-01 18:06:32.923 W/art     ( 1824): Long monitor contention with owner Binder:1824_B (2492) at void com.android.server.am.ActivityManagerService.activityPaused(android.os.IBinder)(ActivityManagerService.java:6916) waiters=7 in void com.android.server.am.ActivityManagerService.attachApplication(android.app.IApplicationThread) for 5.120s
05-01 18:06:32.923 W/art     ( 1824): Long monitor contention with owner Binder:1824_B (2492) at void com.android.server.am.ActivityManagerService.activityPaused(android.os.IBinder)(ActivityManagerService.java:6916) waiters=5 in java.lang.String com.android.server.am.ActivityManagerService.checkContentProviderAccess(java.lang.String, int) for 5.540s
05-01 18:06:32.931 W/art     ( 1824): Long monitor contention with owner Binder:1824_B (2492) at void com.android.server.am.ActivityManagerService.activityPaused(android.os.IBinder)(ActivityManagerService.java:6916) waiters=4 in boolean com.android.server.am.ActivityManagerService.isUserRunning(int, int) for 5.741s
05-01 18:06:32.932 W/art     ( 1824): Long monitor contention with owner Binder:1824_B (2492) at void com.android.server.am.ActivityManagerService.activityPaused(android.os.IBinder)(ActivityManagerService.java:6916) waiters=8 in int com.android.server.am.ActivityManagerService.getAppStartMode(int, java.lang.String) for 3.672s
05-01 18:06:32.958 I/Choreographer( 1824): Skipped 47 frames!  The application may be doing too much work on its main thread.
05-01 18:06:32.983 W/art     ( 1824): Long monitor contention with owner Binder:1824_B (2492) at void com.android.server.am.ActivityManagerService.activityPaused(android.os.IBinder)(ActivityManagerService.java:6916) waiters=10 in void com.android.server.am.ActivityManagerService.publishContentProviders(android.app.IApplicationThread, java.util.List) for 3.138s
05-01 18:06:32.986 W/art     ( 1824): Long monitor contention with owner Binder:1824_B (2492) at void com.android.server.am.ActivityManagerService.activityPaused(android.os.IBinder)(ActivityManagerService.java:6916) waiters=11 in android.app.IActivityManager$ContentProviderHolder com.android.server.am.ActivityManagerService.getContentProviderImpl(android.app.IApplicationThread, java.lang.String, android.os.IBinder, boolean, int) for 2.581s
05-01 18:06:32.990 W/art     ( 1824): Long monitor contention with owner Binder:1824_B (2492) at void com.android.server.am.ActivityManagerService.activityPaused(android.os.IBinder)(ActivityManagerService.java:6916) waiters=9 in boolean com.android.server.am.ActivityManagerService.isUserRunning(int, int) for 3.576s
05-01 18:06:35.482 W/art     ( 1824): Long monitor contention with owner android.display (1865) at void com.android.server.wm.WindowAnimator$1.doFrame(long)(WindowAnimator.java:144) waiters=1 in void com.android.server.wm.WindowManagerService.startAppFreezingScreen(android.os.IBinder, int) for 2.447s
05-01 18:06:35.534 I/Choreographer( 2279): Skipped 149 frames!  The application may be doing too much work on its main thread.
05-01 18:06:39.696 W/art     ( 1824): Long monitor contention with owner ActivityManager (1854) at void com.android.server.am.ActivityManagerService$MainHandler.handleMessage(android.os.Message)(ActivityManagerService.java:1862) waiters=9 in java.lang.String com.android.server.am.ActivityManagerService.checkContentProviderAccess(java.lang.String, int) for 6.773s
05-01 18:06:39.815 W/System  ( 2553): ClassLoader referenced unknown path: /system/app/Launcher3/lib/x86_64
05-01 18:06:39.846 W/art     ( 1824): Long monitor contention with owner ActivityManager (1854) at void com.android.server.am.ActivityManagerService$MainHandler.handleMessage(android.os.Message)(ActivityManagerService.java:1862) waiters=9 in boolean com.android.server.am.ActivityManagerService.isUserRunning(int, int) for 6.913s
05-01 18:06:39.900 W/art     ( 1824): Long monitor contention with owner ActivityManager (1854) at void com.android.server.am.ActivityManagerService$MainHandler.handleMessage(android.os.Message)(ActivityManagerService.java:1862) waiters=10 in void com.android.server.am.ActivityManagerService.dispatchUidsChanged() for 6.967s
05-01 18:06:39.934 W/art     ( 1824): Long monitor contention with owner Binder:1824_4 (2066) at void com.android.server.am.ActivityManagerService.attachApplication(android.app.IApplicationThread)(ActivityManagerService.java:6669) waiters=4 in android.content.Intent com.android.server.am.ActivityManagerService.registerReceiver(android.app.IApplicationThread, java.lang.String, android.content.IIntentReceiver, android.content.IntentFilter, java.lang.String, int) for 6.903s
05-01 18:06:39.935 W/art     ( 1824): Long monitor contention with owner Binder:1824_4 (2066) at void com.android.server.am.ActivityManagerService.attachApplication(android.app.IApplicationThread)(ActivityManagerService.java:6669) waiters=5 in int com.android.server.am.ActivityManagerService.bindService(android.app.IApplicationThread, android.os.IBinder, android.content.Intent, java.lang.String, android.app.IServiceConnection, int, java.lang.String, int) for 6.902s
05-01 18:06:39.938 W/art     ( 1824): Long monitor contention with owner Binder:1824_4 (2066) at void com.android.server.am.ActivityManagerService.attachApplication(android.app.IApplicationThread)(ActivityManagerService.java:6669) waiters=6 in android.content.Intent com.android.server.am.ActivityManagerService.registerReceiver(android.app.IApplicationThread, java.lang.String, android.content.IIntentReceiver, android.content.IntentFilter, java.lang.String, int) for 6.873s
05-01 18:06:39.940 W/art     ( 1824): Long monitor contention with owner Binder:1824_4 (2066) at void com.android.server.am.ActivityManagerService.attachApplication(android.app.IApplicationThread)(ActivityManagerService.java:6669) waiters=8 in void com.android.server.am.ActivityManagerService$LocalService.notifyAppTransitionStarting(int) for 6.598s
05-01 18:06:39.944 W/art     ( 1824): Long monitor contention with owner Binder:1824_4 (2066) at void com.android.server.am.ActivityManagerService.attachApplication(android.app.IApplicationThread)(ActivityManagerService.java:6669) waiters=9 in android.content.Intent com.android.server.am.ActivityManagerService.registerReceiver(android.app.IApplicationThread, java.lang.String, android.content.IIntentReceiver, android.content.IntentFilter, java.lang.String, int) for 6.489s
05-01 18:06:39.944 W/art     ( 1824): Long monitor contention with owner Binder:1824_4 (2066) at void com.android.server.am.ActivityManagerService.attachApplication(android.app.IApplicationThread)(ActivityManagerService.java:6669) waiters=10 in void com.android.server.am.ActivityManagerService$MainHandler.handleMessage(android.os.Message) for 4.583s
05-01 18:06:39.946 W/ActivityManager( 1824): Launch timeout has expired, giving up wake lock!
05-01 18:06:39.947 W/art     ( 1824): Long monitor contention with owner Binder:1824_4 (2066) at void com.android.server.am.ActivityManagerService.attachApplication(android.app.IApplicationThread)(ActivityManagerService.java:6669) waiters=11 in int com.android.server.am.PendingIntentRecord.sendInner(int, android.content.Intent, java.lang.String, android.content.IIntentReceiver, java.lang.String, android.os.IBinder, java.lang.String, int, int, int, android.os.Bundle, android.app.IActivityContainer) for 4.492s
05-01 18:06:39.997 W/art     ( 1824): Long monitor contention with owner android.fg (1863) at android.content.IIntentSender com.android.server.am.ActivityManagerService.getIntentSender(int, java.lang.String, android.os.IBinder, java.lang.String, int, android.content.Intent[], java.lang.String[], int, android.os.Bundle, int)(ActivityManagerService.java:7103) waiters=0 in void com.android.server.wallpaper.WallpaperManagerService$WallpaperConnection.onServiceConnected(android.content.ComponentName, android.os.IBinder) for 11.881s
05-01 18:06:40.036 E/NetdConnector( 1824): NDC event {600 Iface linkstate eth1 up} processed too late: 10456ms
05-01 18:06:40.051 I/Choreographer( 1824): Skipped 410 frames!  The application may be doing too much work on its main thread.
05-01 18:06:40.060 E/NetdConnector( 1824): NDC event {616 Route updated fe80::/64 dev eth1} processed too late: 10402ms
05-01 18:06:40.068 E/NetdConnector( 1824): NDC event {614 Address updated fe80::5054:ff:fe12:3457/64 eth1 196 253} processed too late: 10378ms
05-01 18:06:40.070 E/NetdConnector( 1824): NDC event {614 Address updated 10.42.0.36/24 eth1 128 0} processed too late: 9627ms
05-01 18:06:40.082 E/NetdConnector( 1824): NDC event {614 Address updated fe80::5054:ff:fe12:3457/64 eth1 128 253} processed too late: 9399ms
05-01 18:06:40.099 W/art     ( 1824): Long monitor contention with owner ActivityManager (1854) at void com.android.server.am.ActivityManagerService$MainHandler.handleMessage(android.os.Message)(ActivityManagerService.java:1862) waiters=10 in int com.android.server.am.ActivityManagerService.getAppStartMode(int, java.lang.String) for 7.167s
05-01 18:06:40.134 W/art     ( 1824): Long monitor contention with owner Binder:1824_4 (2066) at void com.android.server.am.ActivityManagerService.attachApplication(android.app.IApplicationThread)(ActivityManagerService.java:6669) waiters=7 in boolean com.android.server.am.ActivityManagerService.isUserRunning(int, int) for 6.874s
05-01 18:06:40.170 V/MediaRouter( 2500): Adding route: RouteInfo{ name=Phone, description=null, status=null, category=RouteCategory{ name=null types=ROUTE_TYPE_LIVE_AUDIO ROUTE_TYPE_LIVE_VIDEO  groupable=false }, supportedTypes=ROUTE_TYPE_LIVE_AUDIO ROUTE_TYPE_LIVE_VIDEO , presentationDisplay=null }
05-01 18:06:40.178 I/FusedLocation( 1824): engine started (com.android.location.fused)
05-01 18:06:40.318 V/MediaRouter( 2500): Updating audio routes: AudioRoutesInfo{ type=SPEAKER }
05-01 18:06:40.369 V/MediaRouter( 2500): Selecting route: RouteInfo{ name=Phone, description=null, status=null, category=RouteCategory{ name=null types=ROUTE_TYPE_LIVE_AUDIO ROUTE_TYPE_LIVE_VIDEO  groupable=false }, supportedTypes=ROUTE_TYPE_LIVE_AUDIO ROUTE_TYPE_LIVE_VIDEO , presentationDisplay=null }
05-01 18:06:40.414 D/LauncherProvider( 2553): Launcher process started
05-01 18:06:40.605 W/ActivityManager( 1824): Slow operation: 255ms so far, now at startProcess: returned from zygote!
05-01 18:06:40.605 W/ActivityManager( 1824): Slow operation: 255ms so far, now at startProcess: done updating battery stats
05-01 18:06:40.606 W/ActivityManager( 1824): Slow operation: 256ms so far, now at startProcess: building log message
05-01 18:06:40.606 I/ActivityManager( 1824): Start proc 2615:com.android.keychain/1000 for service com.android.keychain/.KeyChainService
05-01 18:06:40.606 W/ActivityManager( 1824): Slow operation: 256ms so far, now at startProcess: starting to update pids map
05-01 18:06:40.606 W/ActivityManager( 1824): Slow operation: 256ms so far, now at startProcess: done updating pids map
05-01 18:06:40.606 W/ActivityManager( 1824): Slow operation: 257ms so far, now at startProcess: done starting proc!
05-01 18:06:40.607 W/art     ( 1824): Long monitor contention with owner AsyncTask #2 (2160) at int com.android.server.am.ActivityManagerService.bindService(android.app.IApplicationThread, android.os.IBinder, android.content.Intent, java.lang.String, android.app.IServiceConnection, int, java.lang.String, int)(ActivityManagerService.java:17301) waiters=1 in void com.android.server.am.ActivityStack$ActivityStackHandler.handleMessage(android.os.Message) for 156ms
05-01 18:06:40.710 W/art     ( 2615): Unexpected CPU variant for X86 using defaults: x86_64
05-01 18:06:40.847 D/TrustManagerService( 1824): Removing dead TrustListener.
05-01 18:06:41.217 W/System  ( 2615): ClassLoader referenced unknown path: /system/app/KeyChain/lib/x86_64
05-01 18:06:41.364 E/WVMExtractor( 2500): Failed to open libwvm.so: dlopen failed: library "libwvm.so" not found
05-01 18:06:41.986 I/MediaPlayerService( 1331): MediaPlayerService::getOMX
05-01 18:06:42.014 I/OMXClient( 2500): MuxOMX ctor
05-01 18:06:42.076 I/OMXMaster( 1328): makeComponentInstance(OMX.google.vorbis.decoder) in mediacodec process
05-01 18:06:42.663 W/art     ( 1824): Long monitor contention with owner android.bg (1853) at boolean com.android.server.am.ActivityManagerService.isUserRunning(int, int)(ActivityManagerService.java:21741) waiters=0 in int com.android.server.am.ActivityManagerService.getAppStartMode(int, java.lang.String) for 1.098s
05-01 18:06:43.720 I/MediaPlayerService( 1331): MediaPlayerService::getOMX
05-01 18:06:43.755 I/OMXClient( 2500): MuxOMX ctor
05-01 18:06:43.760 I/OMXMaster( 1328): makeComponentInstance(OMX.google.vorbis.decoder) in mediacodec process
05-01 18:06:44.129 I/vol.Events( 2500): writeEvent collection_started
05-01 18:06:44.246 I/vol.Events( 2500): writeEvent external_ringer_mode_changed normal
05-01 18:06:44.246 I/vol.Events( 2500): writeEvent internal_ringer_mode_changed normal
05-01 18:06:45.273 I/MediaPlayerService( 1331): MediaPlayerService::getOMX
05-01 18:06:45.275 I/OMXClient( 2500): MuxOMX ctor
05-01 18:06:45.285 I/OMXMaster( 1328): makeComponentInstance(OMX.google.vorbis.decoder) in mediacodec process
05-01 18:06:47.025 I/vol.Events( 2500): writeEvent level_changed STREAM_ALARM 6
05-01 18:06:47.044 I/vol.Events( 2500): writeEvent level_changed STREAM_BLUETOOTH_SCO 7
05-01 18:06:47.080 I/vol.Events( 2500): writeEvent level_changed STREAM_MUSIC 11
05-01 18:06:47.121 I/vol.Events( 2500): writeEvent level_changed STREAM_RING 5
05-01 18:06:47.172 I/Choreographer( 1824): Skipped 426 frames!  The application may be doing too much work on its main thread.
05-01 18:06:47.195 W/art     ( 1824): Long monitor contention with owner android.display (1865) at void com.android.server.wm.WindowManagerService$H.handleMessage(android.os.Message)(WindowManagerService.java:8549) waiters=0 in float com.android.server.wm.WindowManagerService.getCurrentAnimatorScale() for 6.526s
05-01 18:06:47.197 I/vol.Events( 2500): writeEvent level_changed STREAM_SYSTEM 5
05-01 18:06:47.447 V/Launcher( 2553): LauncherAppState inited
05-01 18:06:47.609 I/vol.Events( 2500): writeEvent level_changed STREAM_VOICE_CALL 4
05-01 18:06:48.092 W/art     ( 1824): Long monitor contention with owner backup (2513) at long android.os.SystemClock.elapsedRealtime()(SystemClock.java:-2) waiters=0 in boolean com.android.server.job.JobServiceContext.verifyCallingUid() for 3.425s
05-01 18:06:48.252 I/art     ( 1824): Background sticky concurrent mark sweep GC freed 41355(2MB) AllocSpace objects, 5(100KB) LOS objects, 23% free, 10MB/13MB, paused 3.761ms total 8.015s
05-01 18:06:48.584 I/BackupManagerService( 1824): Found stale backup journal, scheduling
05-01 18:06:49.734 W/art     ( 1824): Long monitor contention with owner android.display (1865) at void com.android.server.wm.WindowManagerService$H.handleMessage(android.os.Message)(WindowManagerService.java:8368) waiters=0 in void com.android.server.wm.WindowManagerService.notifyAppRelaunchesCleared(android.os.IBinder) for 2.110s
05-01 18:06:49.749 W/art     ( 1824): Long monitor contention with owner ActivityManager (1854) at void com.android.server.am.ActivityStackSupervisor$ActivityStackSupervisorHandler.activityIdleInternal(com.android.server.am.ActivityRecord)(ActivityStackSupervisor.java:3867) waiters=0 in android.content.Intent com.android.server.am.ActivityManagerService.registerReceiver(android.app.IApplicationThread, java.lang.String, android.content.IIntentReceiver, android.content.IntentFilter, java.lang.String, int) for 2.062s
05-01 18:06:49.750 W/art     ( 1824): Long monitor contention with owner ActivityManager (1854) at void com.android.server.am.ActivityStackSupervisor$ActivityStackSupervisorHandler.activityIdleInternal(com.android.server.am.ActivityRecord)(ActivityStackSupervisor.java:3867) waiters=1 in com.android.server.am.ProcessRecord com.android.server.am.ActivityManagerService.findAppProcess(android.os.IBinder, java.lang.String) for 1.716s
05-01 18:06:49.762 W/art     ( 1824): Long monitor contention with owner ActivityManager (1854) at void com.android.server.am.ActivityStackSupervisor$ActivityStackSupervisorHandler.activityIdleInternal(com.android.server.am.ActivityRecord)(ActivityStackSupervisor.java:3867) waiters=2 in android.content.Intent com.android.server.am.ActivityManagerService.registerReceiver(android.app.IApplicationThread, java.lang.String, android.content.IIntentReceiver, android.content.IntentFilter, java.lang.String, int) for 1.685s
05-01 18:06:49.763 W/art     ( 1824): Long monitor contention with owner ActivityManager (1854) at void com.android.server.am.ActivityStackSupervisor$ActivityStackSupervisorHandler.activityIdleInternal(com.android.server.am.ActivityRecord)(ActivityStackSupervisor.java:3867) waiters=3 in boolean com.android.server.am.ActivityManagerService.unbindService(android.app.IServiceConnection) for 1.665s
05-01 18:06:50.141 W/art     ( 1824): Long monitor contention with owner ActivityManager (1854) at void com.android.server.am.ActivityStackSupervisor$ActivityStackSupervisorHandler.activityIdleInternal(com.android.server.am.ActivityRecord)(ActivityStackSupervisor.java:3867) waiters=4 in int com.android.server.am.ActivityManagerService.bindService(android.app.IApplicationThread, android.os.IBinder, android.content.Intent, java.lang.String, android.app.IServiceConnection, int, java.lang.String, int) for 1.966s
05-01 18:06:50.229 D/StorageNotification( 2500): Notifying about private volume: VolumeInfo{private}:
05-01 18:06:50.229 D/StorageNotification( 2500):     type=PRIVATE diskId=null partGuid=null mountFlags=0 mountUserId=-1 
05-01 18:06:50.229 D/StorageNotification( 2500):     state=MOUNTED 
05-01 18:06:50.229 D/StorageNotification( 2500):     fsType=null fsUuid=null fsLabel=null 
05-01 18:06:50.229 D/StorageNotification( 2500):     path=/data internalPath=null 
05-01 18:06:50.243 D/StorageNotification( 2500): Notifying about public volume: VolumeInfo{public:253,48}:
05-01 18:06:50.243 D/StorageNotification( 2500):     type=PUBLIC diskId=disk:253,48 partGuid=null mountFlags=VISIBLE 
05-01 18:06:50.243 D/StorageNotification( 2500):     mountUserId=0 state=MOUNTED 
05-01 18:06:50.243 D/StorageNotification( 2500):     fsType=vfat fsUuid=1EFF-1C1B fsLabel=SDCARD 
05-01 18:06:50.243 D/StorageNotification( 2500):     path=/storage/1EFF-1C1B internalPath=/mnt/media_rw/1EFF-1C1B 
05-01 18:06:50.422 V/KeyguardServiceDelegate( 1824): *** Keyguard connected (yay!)
05-01 18:06:51.080 I/art     ( 2500): Background partial concurrent mark sweep GC freed 1618(74KB) AllocSpace objects, 0(0B) LOS objects, 27% free, 10MB/14MB, paused 161.821ms total 349.895ms
05-01 18:06:51.086 W/art     ( 1824): Long monitor contention with owner Binder:1824_A (2491) at int com.android.server.wm.WindowManagerService.relayoutWindow(com.android.server.wm.Session, android.view.IWindow, int, android.view.WindowManager$LayoutParams, int, int, int, int, android.graphics.Rect, android.graphics.Rect, android.graphics.Rect, android.graphics.Rect, android.graphics.Rect, android.graphics.Rect, android.graphics.Rect, android.content.res.Configuration, android.view.Surface)(WindowManagerService.java:2857) waiters=0 in void com.android.server.wm.WindowManagerService$H.handleMessage(android.os.Message) for 525ms
05-01 18:06:51.130 I/AlarmClock( 2517): AlarmInitReceiver android.intent.action.TIME_SET
05-01 18:06:51.242 W/art     ( 1824): Long monitor contention with owner android.display (1865) at void com.android.server.wm.WindowAnimator$1.doFrame(long)(WindowAnimator.java:144) waiters=0 in void com.android.server.wm.WindowManagerService.removeWindow(com.android.server.wm.Session, android.view.IWindow) for 124ms
05-01 18:06:51.604 W/art     ( 1824): Long monitor contention with owner Binder:1824_3 (2058) at void com.android.server.wm.WindowManagerService.removeWindow(com.android.server.wm.Session, android.view.IWindow)(WindowManagerService.java:2392) waiters=0 in void com.android.server.wm.WindowManagerService$H.handleMessage(android.os.Message) for 291ms
05-01 18:06:51.662 W/ActivityManager( 1824): Slow operation: 374ms so far, now at startProcess: returned from zygote!
05-01 18:06:51.663 W/ActivityManager( 1824): Slow operation: 374ms so far, now at startProcess: done updating battery stats
05-01 18:06:51.663 W/ActivityManager( 1824): Slow operation: 375ms so far, now at startProcess: building log message
05-01 18:06:51.664 I/ActivityManager( 1824): Start proc 2656:com.android.printspooler/u0a51 for service com.android.printspooler/.model.PrintSpoolerService
05-01 18:06:51.664 W/ActivityManager( 1824): Slow operation: 375ms so far, now at startProcess: starting to update pids map
05-01 18:06:51.664 W/ActivityManager( 1824): Slow operation: 376ms so far, now at startProcess: done updating pids map
05-01 18:06:51.664 W/ActivityManager( 1824): Slow operation: 378ms so far, now at startProcess: done starting proc!
05-01 18:06:51.665 W/art     ( 1824): Long monitor contention with owner android.bg (1853) at int com.android.server.am.ActivityManagerService.bindService(android.app.IApplicationThread, android.os.IBinder, android.content.Intent, java.lang.String, android.app.IServiceConnection, int, java.lang.String, int)(ActivityManagerService.java:17301) waiters=0 in void com.android.server.am.ActivityManagerService.dispatchUidsChanged() for 352ms
05-01 18:06:51.827 W/art     ( 2656): Unexpected CPU variant for X86 using defaults: x86_64
05-01 18:06:52.485 W/art     ( 1824): Long monitor contention with owner android.display (1865) at void com.android.server.wm.WindowAnimator$1.doFrame(long)(WindowAnimator.java:144) waiters=0 in void com.android.server.wm.WindowManagerService.setAppOrientation(android.view.IApplicationToken, int) for 177ms
05-01 18:06:52.717 V/GridSizeMigrationTask( 2553): Workspace migration completed in 302
05-01 18:06:52.719 D/Launcher.Model( 2553): loadWorkspace: loading default favorites
05-01 18:06:52.887 W/art     ( 1824): Long monitor contention with owner Binder:1824_B (2492) at android.content.res.Configuration com.android.server.wm.WindowManagerService.updateOrientationFromAppTokens(android.content.res.Configuration, android.os.IBinder)(WindowManagerService.java:3789) waiters=0 in void com.android.server.wm.WindowAnimator$1.doFrame(long) for 128ms
05-01 18:06:52.892 W/art     ( 1824): Long monitor contention with owner Binder:1824_B (2492) at void com.android.server.am.ActivityManagerService.setRequestedOrientation(android.os.IBinder, int)(ActivityManagerService.java:4785) waiters=0 in void com.android.server.am.ActivityManagerService.dispatchProcessesChanged() for 710ms
05-01 18:06:52.895 W/art     ( 1824): Long monitor contention with owner Binder:1824_B (2492) at void com.android.server.am.ActivityManagerService.setRequestedOrientation(android.os.IBinder, int)(ActivityManagerService.java:4785) waiters=1 in android.content.pm.UserInfo com.android.server.am.UserController.getCurrentUser() for 586ms
05-01 18:06:53.040 I/Choreographer( 2500): Skipped 176 frames!  The application may be doing too much work on its main thread.
05-01 18:06:53.095 I/Choreographer( 2553): Skipped 63 frames!  The application may be doing too much work on its main thread.
05-01 18:06:53.771 W/art     ( 1824): Long monitor contention with owner Binder:1824_8 (2482) at int com.android.server.wm.WindowManagerService.relayoutWindow(com.android.server.wm.Session, android.view.IWindow, int, android.view.WindowManager$LayoutParams, int, int, int, int, android.graphics.Rect, android.graphics.Rect, android.graphics.Rect, android.graphics.Rect, android.graphics.Rect, android.graphics.Rect, android.graphics.Rect, android.content.res.Configuration, android.view.Surface)(WindowManagerService.java:2857) waiters=0 in void com.android.server.wm.WindowAnimator$1.doFrame(long) for 389ms
05-01 18:06:53.797 I/Choreographer( 2553): Skipped 41 frames!  The application may be doing too much work on its main thread.
05-01 18:06:53.819 W/art     ( 1824): Long monitor contention with owner Binder:1824_8 (2482) at int com.android.server.wm.WindowManagerService.relayoutWindow(com.android.server.wm.Session, android.view.IWindow, int, android.view.WindowManager$LayoutParams, int, int, int, int, android.graphics.Rect, android.graphics.Rect, android.graphics.Rect, android.graphics.Rect, android.graphics.Rect, android.graphics.Rect, android.graphics.Rect, android.content.res.Configuration, android.view.Surface)(WindowManagerService.java:2857) waiters=1 in void com.android.server.wm.WindowManagerService.setDockedStackDividerTouchRegion(android.graphics.Rect) for 365ms
05-01 18:06:53.821 W/art     ( 1824): Long monitor contention with owner Binder:1824_8 (2482) at int com.android.server.wm.WindowManagerService.relayoutWindow(com.android.server.wm.Session, android.view.IWindow, int, android.view.WindowManager$LayoutParams, int, int, int, int, android.graphics.Rect, android.graphics.Rect, android.graphics.Rect, android.graphics.Rect, android.graphics.Rect, android.graphics.Rect, android.graphics.Rect, android.content.res.Configuration, android.view.Surface)(WindowManagerService.java:2857) waiters=2 in void com.android.server.wm.WindowManagerService.setInsetsWindow(com.android.server.wm.Session, android.view.IWindow, int, android.graphics.Rect, android.graphics.Rect, android.graphics.Region) for 319ms
05-01 18:06:53.943 D/gralloc_ranchu( 2553): Emulator without host-side GPU emulation detected. Loading gralloc.default.so from /vendor/lib64/hw/gralloc.goldfish.default.so...
05-01 18:06:53.948 D/gralloc_ranchu( 2553): gralloc.default.so not found in /vendor. Trying /system/lib64/hw/gralloc.goldfish.default.so...
05-01 18:06:54.248 I/StatusBarManagerService( 1824): registerStatusBar bar=com.android.internal.statusbar.IStatusBar$Stub$Proxy@3babfb8
05-01 18:06:54.606 V/AlarmClock( 2517): AlarmInitReceiver finished
05-01 18:06:54.748 I/ActivityManager( 1824): Displayed com.android.launcher3/.Launcher: +27s712ms
05-01 18:06:54.908 W/art     ( 1824): Long monitor contention with owner android.bg (1853) at void android.util.SparseArray.put(int, java.lang.Object)(SparseArray.java:224) waiters=0 in void com.android.server.print.UserState.handleDispatchPrintServicesChanged() for 396ms
05-01 18:06:54.923 D/WIFI    ( 1824): Registering NetworkFactory
05-01 18:06:54.924 D/WIFI_UT ( 1824): Registering NetworkFactory
05-01 18:06:54.925 D/ConnectivityService( 1824): Got NetworkFactory Messenger for WIFI
05-01 18:06:54.926 D/ConnectivityService( 1824): Got NetworkFactory Messenger for WIFI_UT
05-01 18:06:54.952 D/WIFI    ( 1824): got request NetworkRequest [ REQUEST id=1, [ Capabilities: INTERNET&NOT_RESTRICTED&TRUSTED&NOT_VPN] ] with score 0
05-01 18:06:54.953 D/WIFI_UT ( 1824): got request NetworkRequest [ REQUEST id=1, [ Capabilities: INTERNET&NOT_RESTRICTED&TRUSTED&NOT_VPN] ] with score 0
05-01 18:06:54.956 I/AlarmClock( 2517): AlarmInitReceiver android.intent.action.LOCKED_BOOT_COMPLETED
05-01 18:06:55.089 D/AlarmClock/Events( 2517): [Stopwatch] [Reset] [Reboot]
05-01 18:06:55.432 V/AlarmClock( 2517): AlarmInitReceiver finished
05-01 18:06:55.459 W/ActivityManager( 1824): Slow operation: 111ms so far, now at startProcess: returned from zygote!
05-01 18:06:55.459 W/ActivityManager( 1824): Slow operation: 111ms so far, now at startProcess: done updating battery stats
