05-01 18:08:34.747 W/ActivityManager( 1824): Slow operation: 54ms so far, now at startProcess: done updating pids map
05-01 18:08:34.747 W/ActivityManager( 1824): Slow operation: 108ms so far, now at startProcess: done starting proc!
05-01 18:08:34.882 I/art     ( 2874): System.exit called, status: 0
05-01 18:08:34.882 I/AndroidRuntime( 2874): VM exiting with result code 0.
05-01 18:08:34.922 E/PhoneInterfaceManager( 2243): [PhoneIntfMgr] getCarrierPackageNamesForIntent: No UICC
05-01 18:08:34.922 D/CarrierSvcBindHelper( 2243): No carrier app for: 0
05-01 18:08:34.932 D/CarrierConfigLoader( 2243): mHandler: 9 phoneId: 0
05-01 18:08:35.504 W/VoiceInteractionManagerService( 1824): no available voice recognition services found for user 0
05-01 18:08:36.597 W/art     ( 2924): Unexpected CPU variant for X86 using defaults: x86_64
05-01 18:08:36.627 W/ActivityManager( 1824): Slow operation: 97ms so far, now at startProcess: returned from zygote!
05-01 18:08:36.627 W/ActivityManager( 1824): Slow operation: 98ms so far, now at startProcess: done updating battery stats
05-01 18:08:36.627 W/ActivityManager( 1824): Slow operation: 98ms so far, now at startProcess: building log message
05-01 18:08:36.628 I/ActivityManager( 1824): Start proc 2924:com.svox.pico/u0a49 for broadcast com.svox.pico/.VoiceDataInstallerReceiver
05-01 18:08:36.628 W/ActivityManager( 1824): Slow operation: 98ms so far, now at startProcess: starting to update pids map
05-01 18:08:36.628 W/ActivityManager( 1824): Slow operation: 99ms so far, now at startProcess: done updating pids map
05-01 18:08:36.628 W/ActivityManager( 1824): Slow operation: 100ms so far, now at startProcess: done starting proc!
05-01 18:08:36.760 I/ActivityManager( 1824): Killing 2615:com.android.keychain/1000 (adj 906): empty #17
05-01 18:08:36.782 D/ActivityManager( 1824): cleanUpApplicationRecord -- 2615
05-01 18:10:57.834 D/AndroidRuntime( 2938): >>>>>> START com.android.internal.os.RuntimeInit uid 2000 <<<<<<
05-01 18:10:57.861 D/AndroidRuntime( 2938): CheckJNI is ON
05-01 18:10:58.345 W/art     ( 2938): Unexpected CPU variant for X86 using defaults: x86_64
05-01 18:10:58.407 D/ICU     ( 2938): No timezone override file found: /data/misc/zoneinfo/current/icu/icu_tzdata.dat
05-01 18:10:58.591 E/memtrack( 2938): Couldn't load memtrack module (No such file or directory)
05-01 18:10:58.592 E/android.os.Debug( 2938): failed to load memtrack module: -2
05-01 18:10:58.605 I/Radio-JNI( 2938): register_android_hardware_Radio DONE
05-01 18:10:58.755 D/AndroidRuntime( 2938): Calling main entry com.android.commands.am.Am
05-01 18:10:58.885 W/ActivityManager( 1824): Slow operation: 60ms so far, now at startProcess: returned from zygote!
05-01 18:10:58.886 W/ActivityManager( 1824): Slow operation: 61ms so far, now at startProcess: done updating battery stats
05-01 18:10:58.887 W/ActivityManager( 1824): Slow operation: 61ms so far, now at startProcess: building log message
05-01 18:10:58.887 I/ActivityManager( 1824): Start proc 2948:gov.nasa.arc.astrobee.android.gs.manager/u0a63 for service gov.nasa.arc.astrobee.android.gs.manager/.ManagerService
05-01 18:10:58.887 W/ActivityManager( 1824): Slow operation: 62ms so far, now at startProcess: starting to update pids map
05-01 18:10:58.887 W/ActivityManager( 1824): Slow operation: 62ms so far, now at startProcess: done updating pids map
05-01 18:10:58.887 W/ActivityManager( 1824): Slow operation: 63ms so far, now at startProcess: done starting proc!
05-01 18:10:58.898 D/AndroidRuntime( 2938): Shutting down VM
05-01 18:10:58.925 I/art     ( 2948): Not late-enabling -Xcheck:jni (already on)
05-01 18:10:58.927 W/art     ( 2948): Unexpected CPU variant for X86 using defaults: x86_64
05-01 18:10:59.226 W/System  ( 2948): ClassLoader referenced unknown path: /data/app/gov.nasa.arc.astrobee.android.gs.manager-1/lib/x86_64
05-01 18:11:00.907 E/Notification( 2948): setLatestEventInfo() is deprecated and you should feel deprecated.
05-01 18:11:00.907 E/Notification( 2948): java.lang.Throwable
05-01 18:11:00.907 E/Notification( 2948): 	at android.app.Notification.setLatestEventInfo(Notification.java:2076)
05-01 18:11:00.907 E/Notification( 2948): 	at org.ros.android.NodeMainExecutorService.onStartCommand(NodeMainExecutorService.java:220)
05-01 18:11:00.907 E/Notification( 2948): 	at android.app.ActivityThread.handleServiceArgs(ActivityThread.java:3326)
05-01 18:11:00.907 E/Notification( 2948): 	at android.app.ActivityThread.-wrap21(ActivityThread.java)
05-01 18:11:00.907 E/Notification( 2948): 	at android.app.ActivityThread$H.handleMessage(ActivityThread.java:1582)
05-01 18:11:00.907 E/Notification( 2948): 	at android.os.Handler.dispatchMessage(Handler.java:102)
05-01 18:11:00.907 E/Notification( 2948): 	at android.os.Looper.loop(Looper.java:154)
05-01 18:11:00.907 E/Notification( 2948): 	at android.app.ActivityThread.main(ActivityThread.java:6119)
05-01 18:11:00.907 E/Notification( 2948): 	at java.lang.reflect.Method.invoke(Native Method)
05-01 18:11:00.907 E/Notification( 2948): 	at com.android.internal.os.ZygoteInit$MethodAndArgsCaller.run(ZygoteInit.java:886)
05-01 18:11:00.907 E/Notification( 2948): 	at com.android.internal.os.ZygoteInit.main(ZygoteInit.java:776)
05-01 18:11:03.027 I/Registrar( 2948): MasterXmlRpcEndpoint URI: http://llp:11311
05-01 18:11:03.428 D/NotificationSQLiteLog( 1824): Pruned event entries: 15
05-01 18:11:03.578 I/Registrar( 2948): Registering publisher: Publisher<PublisherDefinition<PublisherIdentifier<NodeIdentifier</guest_science_manager, http://hlp:52963/>, TopicIdentifier</rosout>>, Topic<TopicIdentifier</rosout>, TopicDescription<rosgraph_msgs/Log, acffd30cd6b6de30f120938c17c593fb>>>>
05-01 18:11:05.394 I/Registrar( 2948): Response<Success, Registered [/guest_science_manager] as publisher of [/rosout], [http://10.42.0.34:35625/]>
05-01 18:11:05.423 I/DefaultPublisher( 2948): Publisher registered: Publisher<PublisherDefinition<PublisherIdentifier<NodeIdentifier</guest_science_manager, http://hlp:52963/>, TopicIdentifier</rosout>>, Topic<TopicIdentifier</rosout>, TopicDescription<rosgraph_msgs/Log, acffd30cd6b6de30f120938c17c593fb>>>>
05-01 18:11:05.622 I/Registrar( 2948): Registering subscriber: Subscriber<Topic<TopicIdentifier</clock>, TopicDescription<rosgraph_msgs/Clock, a9c97c1d230cfc112e270351a944ee47>>>
05-01 18:11:05.786 I/Registrar( 2948): Response<Success, Subscribed to [/clock], [http://10.42.0.34:41663/]>
05-01 18:11:05.839 I/DefaultSubscriber( 2948): Subscriber registered: Subscriber<Topic<TopicIdentifier</clock>, TopicDescription<rosgraph_msgs/Clock, a9c97c1d230cfc112e270351a944ee47>>>
05-01 18:11:05.959 I/Registrar( 2948): Registering publisher: Publisher<PublisherDefinition<PublisherIdentifier<NodeIdentifier</guest_science_manager, http://hlp:52963/>, TopicIdentifier</gs/gs_manager/ack>>, Topic<TopicIdentifier</gs/gs_manager/ack>, TopicDescription<ff_msgs/AckStamped, cebddec69fd770df54633be444a9187d>>>>
05-01 18:11:06.100 I/Registrar( 2948): Registering publisher: Publisher<PublisherDefinition<PublisherIdentifier<NodeIdentifier</guest_science_manager, http://hlp:52963/>, TopicIdentifier</gs/gs_manager/config>>, Topic<TopicIdentifier</gs/gs_manager/config>, TopicDescription<ff_msgs/GuestScienceConfig, c6f632ed2411de4159494a3e7754794e>>>>
05-01 18:11:06.223 I/Registrar( 2948): Response<Success, Registered [/guest_science_manager] as publisher of [/gs/gs_manager/ack], [http://10.42.0.34:33970/]>
05-01 18:11:06.292 I/DefaultPublisher( 2948): Publisher registered: Publisher<PublisherDefinition<PublisherIdentifier<NodeIdentifier</guest_science_manager, http://hlp:52963/>, TopicIdentifier</gs/gs_manager/ack>>, Topic<TopicIdentifier</gs/gs_manager/ack>, TopicDescription<ff_msgs/AckStamped, cebddec69fd770df54633be444a9187d>>>>
05-01 18:11:06.393 I/Registrar( 2948): Registering publisher: Publisher<PublisherDefinition<PublisherIdentifier<NodeIdentifier</guest_science_manager, http://hlp:52963/>, TopicIdentifier</gs/data>>, Topic<TopicIdentifier</gs/data>, TopicDescription<ff_msgs/GuestScienceData, edd2c791ea93ffa7cb0ec80c5bb00972>>>>
05-01 18:11:06.448 I/Registrar( 2948): Response<Success, Registered [/guest_science_manager] as publisher of [/gs/gs_manager/config], [http://10.42.0.34:33970/, http://10.42.0.34:41384/]>
05-01 18:11:06.596 I/DefaultPublisher( 2948): Publisher registered: Publisher<PublisherDefinition<PublisherIdentifier<NodeIdentifier</guest_science_manager, http://hlp:52963/>, TopicIdentifier</gs/gs_manager/config>>, Topic<TopicIdentifier</gs/gs_manager/config>, TopicDescription<ff_msgs/GuestScienceConfig, c6f632ed2411de4159494a3e7754794e>>>>
05-01 18:11:06.649 I/Registrar( 2948): Registering publisher: Publisher<PublisherDefinition<PublisherIdentifier<NodeIdentifier</guest_science_manager, http://hlp:52963/>, TopicIdentifier</gs/gs_manager/state>>, Topic<TopicIdentifier</gs/gs_manager/state>, TopicDescription<ff_msgs/GuestScienceState, 24e5a1ba8527257cc710720a32de6e51>>>>
05-01 18:11:06.672 W/art     ( 2948): Suspending all threads took: 30.205ms
05-01 18:11:07.247 I/Registrar( 2948): Response<Success, Registered [/guest_science_manager] as publisher of [/gs/data], [http://10.42.0.34:38762/, http://10.42.0.34:41384/, http://10.42.0.34:36546/]>
05-01 18:11:07.343 I/DefaultPublisher( 2948): Publisher registered: Publisher<PublisherDefinition<PublisherIdentifier<NodeIdentifier</guest_science_manager, http://hlp:52963/>, TopicIdentifier</gs/data>>, Topic<TopicIdentifier</gs/data>, TopicDescription<ff_msgs/GuestScienceData, edd2c791ea93ffa7cb0ec80c5bb00972>>>>
05-01 18:11:07.391 I/Registrar( 2948): Registering subscriber: Subscriber<Topic<TopicIdentifier</mgt/executive/command>, TopicDescription<ff_msgs/CommandStamped, ac01350894b1be9e3a7b4f390a14812d>>>
05-01 18:11:07.494 I/Registrar( 2948): Response<Success, Registered [/guest_science_manager] as publisher of [/gs/gs_manager/state], [http://10.42.0.34:33970/, http://10.42.0.34:41384/]>
05-01 18:11:07.593 I/DefaultPublisher( 2948): Publisher registered: Publisher<PublisherDefinition<PublisherIdentifier<NodeIdentifier</guest_science_manager, http://hlp:52963/>, TopicIdentifier</gs/gs_manager/state>>, Topic<TopicIdentifier</gs/gs_manager/state>, TopicDescription<ff_msgs/GuestScienceState, 24e5a1ba8527257cc710720a32de6e51>>>>
05-01 18:11:07.835 I/art     ( 2948): Background sticky concurrent mark sweep GC freed 28677(2MB) AllocSpace objects, 22(444KB) LOS objects, 15% free, 8MB/10MB, paused 36.912ms total 1.547s
05-01 18:11:08.036 W/art     ( 2948): Long monitor contention with owner XML-RPC Weblistener (2972) at org.apache.xmlrpc.util.ThreadPool$Poolable org.apache.xmlrpc.util.ThreadPool.getPoolable(org.apache.xmlrpc.util.ThreadPool$Task, boolean)(ThreadPool.java:179) waiters=1 in void org.apache.xmlrpc.util.ThreadPool.repool(org.apache.xmlrpc.util.ThreadPool$Poolable) for 225ms
05-01 18:11:08.306 I/Registrar( 2948): Response<Success, Subscribed to [/mgt/executive/command], [http://10.42.0.34:33970/]>
05-01 18:11:08.311 I/DefaultSubscriber( 2948): Subscriber registered: Subscriber<Topic<TopicIdentifier</mgt/executive/command>, TopicDescription<ff_msgs/CommandStamped, ac01350894b1be9e3a7b4f390a14812d>>>
05-01 18:11:08.543 W/ActivityManager( 1824): Slow operation: 286ms so far, now at startProcess: returned from zygote!
05-01 18:11:08.544 W/ActivityManager( 1824): Slow operation: 287ms so far, now at startProcess: done updating battery stats
05-01 18:11:08.545 W/ActivityManager( 1824): Slow operation: 287ms so far, now at startProcess: building log message
05-01 18:11:08.545 I/ActivityManager( 1824): Start proc 3028:jp.jaxa.iss.kibo.rpc.sampleapk/u0a64 for broadcast jp.jaxa.iss.kibo.rpc.sampleapk/gov.nasa.arc.astrobee.android.gs.InfoInqueryBroadcastReceiver
05-01 18:11:08.545 W/ActivityManager( 1824): Slow operation: 288ms so far, now at startProcess: starting to update pids map
05-01 18:11:08.546 W/ActivityManager( 1824): Slow operation: 289ms so far, now at startProcess: done updating pids map
05-01 18:11:08.546 W/ActivityManager( 1824): Slow operation: 292ms so far, now at startProcess: done starting proc!
05-01 18:11:08.563 W/art     ( 1824): Long monitor contention with owner ActivityManager (1854) at void com.android.server.am.BroadcastQueue.processNextBroadcast(boolean)(BroadcastQueue.java:760) waiters=1 in android.content.ComponentName com.android.server.am.ActivityManagerService.startService(android.app.IApplicationThread, android.content.Intent, java.lang.String, java.lang.String, int) for 240ms
05-01 18:11:08.764 I/art     ( 3028): Not late-enabling -Xcheck:jni (already on)
05-01 18:11:08.768 W/art     ( 3028): Unexpected CPU variant for X86 using defaults: x86_64
05-01 18:11:09.107 W/art     ( 2948): Suspending all threads took: 7.786ms
05-01 18:11:09.294 I/art     ( 2948): Background partial concurrent mark sweep GC freed 20441(1674KB) AllocSpace objects, 28(560KB) LOS objects, 36% free, 7MB/11MB, paused 10.177ms total 631.057ms
05-01 18:11:10.601 I/ActivityManager( 1824): Killing 2656:com.android.printspooler/u0a51 (adj 906): empty #17
05-01 18:11:10.842 D/ActivityManager( 1824): cleanUpApplicationRecord -- 2656
05-01 18:11:12.954 I/art     ( 2948): Do partial code cache collection, code=26KB, data=29KB
05-01 18:11:12.977 I/art     ( 2948): After code cache collection, code=26KB, data=29KB
05-01 18:11:12.990 I/art     ( 2948): Increasing code cache capacity to 128KB
05-01 18:11:16.009 D/ManagerTimeoutTimer( 2948): Still waiting for the apk to start or stop. 4998.0 milliseconds left.
05-01 18:11:16.496 D/OpenCV/StaticHelper( 3028): Trying to get library list
05-01 18:11:16.587 E/OpenCV/StaticHelper( 3028): OpenCV error: Cannot load info library for OpenCV
05-01 18:11:16.587 D/OpenCV/StaticHelper( 3028): Library list: ""
05-01 18:11:16.587 D/OpenCV/StaticHelper( 3028): First attempt to load libs
05-01 18:11:16.587 D/OpenCV/StaticHelper( 3028): Trying to init OpenCV libs
05-01 18:11:16.587 D/OpenCV/StaticHelper( 3028): Trying to load library opencv_java3
05-01 18:11:16.958 D/OpenCV/StaticHelper( 3028): Library opencv_java3 loaded
05-01 18:11:16.958 D/OpenCV/StaticHelper( 3028): First attempt to load libs is OK
05-01 18:11:17.009 I/OpenCV/StaticHelper( 3028): 
05-01 18:11:17.009 I/OpenCV/StaticHelper( 3028): General configuration for OpenCV 3.4.4 =====================================
05-01 18:11:17.010 I/OpenCV/StaticHelper( 3028):   Version control:               3.4.4
05-01 18:11:17.010 I/OpenCV/StaticHelper( 3028): 
05-01 18:11:17.010 I/OpenCV/StaticHelper( 3028):   Extra modules:
05-01 18:11:17.010 I/OpenCV/StaticHelper( 3028):     Location (extra):            /build/3_4-contrib_pack-contrib-android/opencv_contrib/modules
05-01 18:11:17.010 I/OpenCV/StaticHelper( 3028):     Version control (extra):     3.4.4
05-01 18:11:17.010 I/OpenCV/StaticHelper( 3028): 
05-01 18:11:17.010 I/OpenCV/StaticHelper( 3028):   Platform:
05-01 18:11:17.010 I/OpenCV/StaticHelper( 3028):     Timestamp:                   2018-11-17T00:27:32Z
05-01 18:11:17.010 I/OpenCV/StaticHelper( 3028):     Host:                        Linux 4.15.0-38-generic x86_64
05-01 18:11:17.010 I/OpenCV/StaticHelper( 3028):     Target:                      Linux 1 x86_64
05-01 18:11:17.010 I/OpenCV/StaticHelper( 3028):     CMake:                       2.8.12.2
05-01 18:11:17.011 I/OpenCV/StaticHelper( 3028):     CMake generator:             Ninja
05-01 18:11:17.011 I/OpenCV/StaticHelper( 3028):     CMake build tool:            /usr/bin/ninja
05-01 18:11:17.011 I/OpenCV/StaticHelper( 3028):     Configuration:               Release
05-01 18:11:17.075 I/OpenCV/StaticHelper( 3028): 
05-01 18:11:17.075 I/OpenCV/StaticHelper( 3028):   CPU/HW features:
05-01 18:11:17.075 I/OpenCV/StaticHelper( 3028):     Baseline:                    SSE SSE2 SSE3
05-01 18:11:17.075 I/OpenCV/StaticHelper( 3028):       requested:                 SSE3
05-01 18:11:17.075 I/OpenCV/StaticHelper( 3028):     Dispatched code generation:  SSE4_1 SSE4_2 FP16 AVX AVX2
05-01 18:11:17.075 I/OpenCV/StaticHelper( 3028):       requested:                 SSE4_1 SSE4_2 AVX FP16 AVX2 AVX512_SKX
05-01 18:11:17.075 I/OpenCV/StaticHelper( 3028):       SSE4_1 (4 files):          + SSSE3 SSE4_1
05-01 18:11:17.075 I/OpenCV/StaticHelper( 3028):       SSE4_2 (1 files):          + SSSE3 SSE4_1 POPCNT SSE4_2
05-01 18:11:17.076 I/OpenCV/StaticHelper( 3028):       FP16 (0 files):            + SSSE3 SSE4_1 POPCNT SSE4_2 FP16 AVX
05-01 18:11:17.076 I/OpenCV/StaticHelper( 3028):       AVX (5 files):             + SSSE3 SSE4_1 POPCNT SSE4_2 AVX
05-01 18:11:17.076 I/OpenCV/StaticHelper( 3028):       AVX2 (10 files):           + SSSE3 SSE4_1 POPCNT SSE4_2 FP16 FMA3 AVX AVX2
05-01 18:11:17.076 I/OpenCV/StaticHelper( 3028): 
05-01 18:11:17.076 I/OpenCV/StaticHelper( 3028):   C/C++:
05-01 18:11:17.076 I/OpenCV/StaticHelper( 3028):     Built as dynamic libs?:      NO
05-01 18:11:17.076 I/OpenCV/StaticHelper( 3028):     C++ Compiler:                /usr/bin/ccache /opt/android/android-ndk-r10e/toolchains/x86_64-4.9/prebuilt/linux-x86_64/bin/x86_64-linux-android-g++ (ver 4.9)
05-01 18:11:17.076 I/OpenCV/StaticHelper( 3028):     C++ flags (Release):         -fexceptions -frtti --sysroot=/opt/android/android-ndk-r10e/platforms/android-21/arch-x86_64 -funwind-tables -funswitch-loops -finline-limit=300 -fsigned-char -no-canonical-prefixes -fdata-sections -ffunction-sections -Wa,--noexecstack  -DANDROID -D__ANDROID_API__=21   -fsigned-char -W -Wall -Werror=return-type -Werror=non-virtual-dtor -Werror=address -Werror=sequence-point -Wformat -Werror=format-security -Wmissing-declarations -Wundef -Winit-self -Wpointer-arith -Wshadow -Wsign-promo -Wuninitialized -Winit-self -Wno-narrowing -Wno-delete-non-virtual-dtor -Wno-comment -Wno-missing-field-initializers -fdiagnostics-show-option -Wno-long-long -fomit-frame-pointer  -msse -msse2 -msse3 -fvisibility=hidden -fvisibility-inlines-hidden -fomit-frame-pointer -fstrict-aliasing -O3 -DNDEBUG  -DNDEBUG
05-01 18:11:17.076 I/OpenCV/StaticHelper( 3028):     C++ flags (Debug):           -fexceptions -frtti --sysroot=/opt/android/android-ndk-r10e/platforms/android-21/arch-x86_64 -funwind-tables -funswitch-loops -finline-limit=300 -fsigned-char -no-canonical-prefixes -fdata-sections -ffunction-sections -Wa,--noexecstack  -DANDROID -D__ANDROID_API__=21   -fsigned-char -W -Wall -Werror=return-type -Werror=non-virtual-dtor -Werror=address -Werror=sequence-point -Wformat -Werror=format-security -Wmissing-declarations -Wundef -Winit-self -Wpointer-arith -Wshadow -Wsign-promo -Wuninitialized -Winit-self -Wno-narrowing -Wno-delete-non-virtual-dtor -Wno-comment -Wno-missing-field-initializers -fdiagnostics-show-option -Wno-long-long -fomit-frame-pointer  -msse -msse2 -msse3 -fvisibility=hidden -fvisibility-inlines-hidden -fno-omit-frame-pointer -fno-strict-aliasing -O0 -g -DDEBUG -D_DEBUG  -DDEBUG -D_DEBUG
05-01 18:11:17.076 I/OpenCV/StaticHelper( 3028):     C Compiler:                  /usr/bin/ccache /opt/android/android-ndk-r10e/toolchains/x86_64-4.9/prebuilt/linux-x86_64/bin/x86_64-linux-android-gcc
05-01 18:11:17.076 I/OpenCV/StaticHelper( 3028):     C flags (Release):           -fexceptions --sysroot=/opt/android/android-ndk-r10e/platforms/android-21/arch-x86_64 -funwind-tables -funswitch-loops -finline-limit=300 -fsigned-char -no-canonical-prefixes -fdata-sections -ffunction-sections -Wa,--noexecstack  -DANDROID -D__ANDROID_API__=21   -fsigned-char -W -Wall -Werror=return-type -Werror=non-virtual-dtor -Werror=address -Werror=sequence-point -Wformat -Werror=format-security -Wmissing-declarations -Wmissing-prototypes -Wstrict-prototypes -Wundef -Winit-self -Wpointer-arith -Wshadow -Wuninitialized -Winit-self -Wno-narrowing -Wno-comment -Wno-missing-field-initializers -fdiagnostics-show-option -Wno-long-long -fomit-frame-pointer  -msse -msse2 -msse3 -fvisibility=hidden -fomit-frame-pointer -fstrict-aliasing -O3 -DNDEBUG  -DNDEBUG
05-01 18:11:17.076 I/OpenCV/StaticHelper( 3028):     C flags (Debug):             -fexceptions --sysroot=/opt/android/android-ndk-r10e/platforms/android-21/arch-x86_64 -funwind-tables -funswitch-loops -finline-limit=300 -fsigned-char -no-canonical-prefixes -fdata-sections -ffunction-sections -Wa,--noexecstack  -DANDROID -D__ANDROID_API__=21   -fsigned-char -W -Wall -Werror=return-type -Werror=non-virtual-dtor -Werror=address -Werror=sequence-point -Wformat -Werror=format-security -Wmissing-declarations -Wmissing-prototypes -Wstrict-prototypes -Wundef -Winit-self -Wpointer-arith -Wshadow -Wuninitialized -Winit-self -Wno-narrowing -Wno-comment -Wno-missing-field-initializers -fdiagnostics-show-option -Wno-long-long -fomit-frame-pointer  -msse -msse2 -msse3 -fvisibility=hidden -fno-omit-frame-pointer -fno-strict-aliasing -O0 -g -DDEBUG -D_DEBUG  -DDEBUG -D_DEBUG
05-01 18:11:17.076 I/OpenCV/StaticHelper( 3028):     Linker flags (Release):      -Wl,--exclude-libs,libippicv.a -Wl,--exclude-libs,libippiw.a  -Wl,--no-undefined -Wl,--gc-sections -Wl,-z,noexecstack -Wl,-z,relro -Wl,-z,now    
05-01 18:11:17.076 I/OpenCV/StaticHelper( 3028):     Linker flags (Debug):        -Wl,--exclude-libs,libippicv.a -Wl,--exclude-libs,libippiw.a  -Wl,--no-undefined -Wl,--gc-sections -Wl,-z,noexecstack -Wl,-z,relro -Wl,-z,now    
05-01 18:11:17.076 I/OpenCV/StaticHelper( 3028):     ccache:                      YES
05-01 18:11:17.076 I/OpenCV/StaticHelper( 3028):     Precompiled headers:         NO
05-01 18:11:17.076 I/OpenCV/StaticHelper( 3028):     Extra dependencies:          z dl m log
05-01 18:11:17.077 I/OpenCV/StaticHelper( 3028):     3rdparty dependencies:       tbb libcpufeatures ittnotify libjpeg-turbo libwebp libpng libtiff libjasper IlmImf libprotobuf quirc ippiw ippicv
05-01 18:11:17.077 I/OpenCV/StaticHelper( 3028): 
05-01 18:11:17.077 I/OpenCV/StaticHelper( 3028):   OpenCV modules:
05-01 18:11:17.077 I/OpenCV/StaticHelper( 3028):     To be built:                 aruco bgsegm bioinspired calib3d ccalib core datasets dnn dnn_objdetect dpm face features2d flann fuzzy hfs highgui img_hash imgcodecs imgproc java java_bindings_generator line_descriptor ml objdetect optflow phase_unwrapping photo plot reg rgbd saliency shape stereo stitching structured_light superres surface_matching text tracking video videoio videostab xfeatures2d ximgproc xobjdetect xphoto
05-01 18:11:17.077 I/OpenCV/StaticHelper( 3028):     Disabled:                    world
05-01 18:11:17.077 I/OpenCV/StaticHelper( 3028):     Disabled by dependency:      -
05-01 18:11:17.077 I/OpenCV/StaticHelper( 3028):     Unavailable:                 cnn_3dobj cudaarithm cudabgsegm cudacodec cudafeatures2d cudafilters cudaimgproc cudalegacy cudaobjdetect cudaoptflow cudastereo cudawarping cudev cvv freetype hdf js matlab ovis python2 python3 sfm ts viz
05-01 18:11:17.077 I/OpenCV/StaticHelper( 3028):     Applications:                android_examples
05-01 18:11:17.077 I/OpenCV/StaticHelper( 3028):     Documentation:               NO
05-01 18:11:17.077 I/OpenCV/StaticHelper( 3028):     Non-free algorithms:         NO
05-01 18:11:17.077 I/OpenCV/StaticHelper( 3028): 
05-01 18:11:17.077 I/OpenCV/StaticHelper( 3028):   Android NDK:                   location: /opt/android/android-ndk-r10e
05-01 18:11:17.077 I/OpenCV/StaticHelper( 3028):     Android ABI:                 x86_64
05-01 18:11:17.077 I/OpenCV/StaticHelper( 3028):     NDK toolchain:               x86_64-4.9
05-01 18:11:17.077 I/OpenCV/StaticHelper( 3028):     STL type:                    gnustl_static
05-01 18:11:17.077 I/OpenCV/StaticHelper( 3028):     Native API level:            21
05-01 18:11:17.078 I/OpenCV/StaticHelper( 3028):   Android SDK:                   /opt/android/android-sdk-java7 (tools: 25.2.2 build tools: 23.0.3)
05-01 18:11:17.078 I/OpenCV/StaticHelper( 3028):     android tool:                /opt/android/android-sdk-java7/tools/android
05-01 18:11:17.078 I/OpenCV/StaticHelper( 3028):     SDK target:                  android-21
05-01 18:11:17.078 I/OpenCV/StaticHelper( 3028):     Projects build scripts:      Ant/Eclipse compatible
05-01 18:11:17.078 I/OpenCV/StaticHelper( 3028): 
05-01 18:11:17.078 I/OpenCV/StaticHelper( 3028):   GUI: 
05-01 18:11:17.078 I/OpenCV/StaticHelper( 3028): 
05-01 18:11:17.078 I/OpenCV/StaticHelper( 3028):   Media I/O: 
05-01 18:11:17.078 I/OpenCV/StaticHelper( 3028):     ZLib:                        z (ver 1.2.3)
05-01 18:11:17.078 I/OpenCV/StaticHelper( 3028):     JPEG:                        build-libjpeg-turbo (ver 1.5.3-62)
05-01 18:11:17.078 I/OpenCV/StaticHelper( 3028):     WEBP:                        build (ver encoder: 0x020e)
05-01 18:11:17.078 I/OpenCV/StaticHelper( 3028):     PNG:                         build (ver 1.6.35)
05-01 18:11:17.078 I/OpenCV/StaticHelper( 3028):     TIFF:                        build (ver 42 - 4.0.9)
05-01 18:11:17.078 I/OpenCV/StaticHelper( 3028):     JPEG 2000:                   build (ver 1.900.1)
05-01 18:11:17.078 I/OpenCV/StaticHelper( 3028):     OpenEXR:                     build (ver 1.7.1)
05-01 18:11:17.078 I/OpenCV/StaticHelper( 3028):     HDR:                         YES
05-01 18:11:17.078 I/OpenCV/StaticHelper( 3028):     SUNRASTER:                   YES
05-01 18:11:17.078 I/OpenCV/StaticHelper( 3028):     PXM:                         YES
05-01 18:11:17.078 I/OpenCV/StaticHelper( 3028): 
05-01 18:11:17.078 I/OpenCV/StaticHelper( 3028):   Video I/O:
05-01 18:11:17.078 I/OpenCV/StaticHelper( 3028): 
05-01 18:11:17.078 I/OpenCV/StaticHelper( 3028):   Parallel framework:            TBB (ver 2018.0 interface 10001)
05-01 18:11:17.078 I/OpenCV/StaticHelper( 3028): 
05-01 18:11:17.079 I/OpenCV/StaticHelper( 3028):   Trace:                         YES (with Intel ITT)
05-01 18:11:17.079 I/OpenCV/StaticHelper( 3028): 
05-01 18:11:17.079 I/OpenCV/StaticHelper( 3028):   Other third-party libraries:
05-01 18:11:17.079 I/OpenCV/StaticHelper( 3028):     Intel IPP:                   2019.0.0 Gold [2019.0.0]
05-01 18:11:17.079 I/OpenCV/StaticHelper( 3028):            at:                   /build/3_4-contrib_pack-contrib-android/build/o4a/3rdparty/ippicv/ippicv_lnx/icv
05-01 18:11:17.079 I/OpenCV/StaticHelper( 3028):     Intel IPP IW:                sources (2019.0.0)
05-01 18:11:17.079 I/OpenCV/StaticHelper( 3028):               at:                /build/3_4-contrib_pack-contrib-android/build/o4a/3rdparty/ippicv/ippicv_lnx/iw
05-01 18:11:17.079 I/OpenCV/StaticHelper( 3028):     Custom HAL:                  NO
05-01 18:11:17.079 I/OpenCV/StaticHelper( 3028):     Protobuf:                    build (3.5.1)
05-01 18:11:17.079 I/OpenCV/StaticHelper( 3028): 
05-01 18:11:17.079 I/OpenCV/StaticHelper( 3028):   Python (for build):            /usr/bin/python2.7
05-01 18:11:17.079 I/OpenCV/StaticHelper( 3028): 
05-01 18:11:17.079 I/OpenCV/StaticHelper( 3028):   Java:                          export all functions
05-01 18:11:17.079 I/OpenCV/StaticHelper( 3028):     ant:                         /usr/bin/ant (ver 1.9.3)
05-01 18:11:17.079 I/OpenCV/StaticHelper( 3028):     Java wrappers:               YES
05-01 18:11:17.079 I/OpenCV/StaticHelper( 3028):     Java tests:                  NO
05-01 18:11:17.079 I/OpenCV/StaticHelper( 3028): 
05-01 18:11:17.079 I/OpenCV/StaticHelper( 3028):   Install to:                    /build/3_4-contrib_pack-contrib-android/build/o4a/install
05-01 18:11:17.079 I/OpenCV/StaticHelper( 3028): -----------------------------------------------------------------
05-01 18:11:17.080 D/OpenCv  ( 3028): OpenCV loaded
05-01 18:11:18.225 I/Registrar( 3028): MasterXmlRpcEndpoint URI: http://llp:11311
05-01 18:11:19.316 I/Registrar( 3028): Registering publisher: Publisher<PublisherDefinition<PublisherIdentifier<NodeIdentifier</kibo_rpc_api, http://hlp:33101/>, TopicIdentifier</rosout>>, Topic<TopicIdentifier</rosout>, TopicDescription<rosgraph_msgs/Log, acffd30cd6b6de30f120938c17c593fb>>>>
05-01 18:11:20.807 I/Registrar( 3028): Registering subscriber: Subscriber<Topic<TopicIdentifier</clock>, TopicDescription<rosgraph_msgs/Clock, a9c97c1d230cfc112e270351a944ee47>>>
05-01 18:11:21.099 I/Registrar( 3028): Response<Success, Registered [/kibo_rpc_api] as publisher of [/rosout], [http://10.42.0.34:35625/, http://10.42.0.34:39993/]>
05-01 18:11:21.178 I/DefaultPublisher( 3028): Publisher registered: Publisher<PublisherDefinition<PublisherIdentifier<NodeIdentifier</kibo_rpc_api, http://hlp:33101/>, TopicIdentifier</rosout>>, Topic<TopicIdentifier</rosout>, TopicDescription<rosgraph_msgs/Log, acffd30cd6b6de30f120938c17c593fb>>>>
05-01 18:11:21.186 I/Registrar( 3028): Response<Success, Subscribed to [/clock], [http://10.42.0.34:41663/]>
05-01 18:11:21.510 I/DefaultSubscriber( 3028): Subscriber registered: Subscriber<Topic<TopicIdentifier</clock>, TopicDescription<rosgraph_msgs/Clock, a9c97c1d230cfc112e270351a944ee47>>>
05-01 18:11:21.763 W/art     ( 3028): Suspending all threads took: 13.386ms
05-01 18:11:22.717 I/Registrar( 3028): Registering publisher: Publisher<PublisherDefinition<PublisherIdentifier<NodeIdentifier</kibo_rpc_api, http://hlp:33101/>, TopicIdentifier</command>>, Topic<TopicIdentifier</command>, TopicDescription<ff_msgs/CommandStamped, ac01350894b1be9e3a7b4f390a14812d>>>>
05-01 18:11:22.736 I/Registrar( 3028): MasterXmlRpcEndpoint URI: http://llp:11311
05-01 18:11:23.293 W/art     ( 3028): Suspending all threads took: 13.733ms
05-01 18:11:23.551 I/Registrar( 3028): Registering publisher: Publisher<PublisherDefinition<PublisherIdentifier<NodeIdentifier</GetterNode, http://hlp:37707/>, TopicIdentifier</rosout>>, Topic<TopicIdentifier</rosout>, TopicDescription<rosgraph_msgs/Log, acffd30cd6b6de30f120938c17c593fb>>>>
05-01 18:11:24.106 W/art     ( 3028): Suspending all threads took: 21.638ms
05-01 18:11:24.574 I/Registrar( 3028): Response<Success, Registered [/kibo_rpc_api] as publisher of [/command], [http://10.42.0.34:41663/, http://10.42.0.34:33970/, http://10.42.0.34:36546/, http://10.42.0.34:39993/]>
05-01 18:11:24.615 I/DefaultPublisher( 3028): Publisher registered: Publisher<PublisherDefinition<PublisherIdentifier<NodeIdentifier</kibo_rpc_api, http://hlp:33101/>, TopicIdentifier</command>>, Topic<TopicIdentifier</command>, TopicDescription<ff_msgs/CommandStamped, ac01350894b1be9e3a7b4f390a14812d>>>>
05-01 18:11:24.699 I/Registrar( 3028): Registering subscriber: Subscriber<Topic<TopicIdentifier</mgt/ack>, TopicDescription<ff_msgs/AckStamped, cebddec69fd770df54633be444a9187d>>>
05-01 18:11:25.426 I/Registrar( 3028): Response<Success, Subscribed to [/mgt/ack], [http://10.42.0.34:33970/]>
05-01 18:11:25.429 I/DefaultSubscriber( 3028): Subscriber registered: Subscriber<Topic<TopicIdentifier</mgt/ack>, TopicDescription<ff_msgs/AckStamped, cebddec69fd770df54633be444a9187d>>>
05-01 18:11:26.066 W/art     ( 3028): Suspending all threads took: 13.435ms
05-01 18:11:26.188 I/Registrar( 3028): Response<Success, Registered [/GetterNode] as publisher of [/rosout], [http://10.42.0.34:35625/, http://10.42.0.34:39993/]>
05-01 18:11:26.209 I/DefaultPublisher( 3028): Publisher registered: Publisher<PublisherDefinition<PublisherIdentifier<NodeIdentifier</GetterNode, http://hlp:37707/>, TopicIdentifier</rosout>>, Topic<TopicIdentifier</rosout>, TopicDescription<rosgraph_msgs/Log, acffd30cd6b6de30f120938c17c593fb>>>>
05-01 18:11:26.568 I/Registrar( 3028): Registering subscriber: Subscriber<Topic<TopicIdentifier</clock>, TopicDescription<rosgraph_msgs/Clock, a9c97c1d230cfc112e270351a944ee47>>>
05-01 18:11:27.423 I/Registrar( 3028): Registering subscriber: Subscriber<Topic<TopicIdentifier</gnc/ekf>, TopicDescription<ff_msgs/EkfState, 543b97822b033d7199b506ad4005f134>>>
05-01 18:11:27.430 W/art     ( 3028): Long monitor contention with owner pool-1-thread-3 (3046) at void gov.nasa.arc.astrobee.ros.internal.RobotNodeMain.onStart(org.ros.node.ConnectedNode)(RobotNodeMain.java:61) waiters=0 in org.ros.message.MessageFactory gov.nasa.arc.astrobee.ros.internal.RobotNodeMain.getTopicMessageFactory() for 5.443s
05-01 18:11:27.447 W/art     ( 3028): Long monitor contention with owner pool-1-thread-3 (3046) at void gov.nasa.arc.astrobee.ros.internal.RobotNodeMain.onStart(org.ros.node.ConnectedNode)(RobotNodeMain.java:61) waiters=1 in void gov.nasa.arc.astrobee.ros.internal.RobotNodeMain$1.onNewSubscriber(org.ros.node.topic.Publisher, org.ros.internal.node.topic.SubscriberIdentifier) for 2.391s
05-01 18:11:27.505 I/Registrar( 3028): Response<Success, Subscribed to [/clock], [http://10.42.0.34:41663/]>
05-01 18:11:28.005 I/Registrar( 3028): Response<Success, Subscribed to [/gnc/ekf], [http://10.42.0.34:46437/]>
05-01 18:11:28.135 D/KiboRpcApi( 3028): GetterNode initialization started.
05-01 18:11:28.164 I/DefaultSubscriber( 3028): Subscriber registered: Subscriber<Topic<TopicIdentifier</gnc/ekf>, TopicDescription<ff_msgs/EkfState, 543b97822b033d7199b506ad4005f134>>>
05-01 18:11:28.184 I/DefaultSubscriber( 3028): Subscriber registered: Subscriber<Topic<TopicIdentifier</clock>, TopicDescription<rosgraph_msgs/Clock, a9c97c1d230cfc112e270351a944ee47>>>
05-01 18:11:28.251 W/art     ( 3028): Suspending all threads took: 62.166ms
05-01 18:11:28.818 I/art     ( 2948): Background sticky concurrent mark sweep GC freed 106948(2MB) AllocSpace objects, 14(272KB) LOS objects, 36% free, 7MB/11MB, paused 1.651ms total 273.180ms
05-01 18:11:32.206 W/art     ( 3028): Suspending all threads took: 8.456ms
05-01 18:11:32.394 W/art     ( 3028): Suspending all threads took: 12.473ms
05-01 18:11:33.997 I/Registrar( 3028): Registering subscriber: Subscriber<Topic<TopicIdentifier</gnc/ekf_noise>, TopicDescription<ff_msgs/EkfState, 543b97822b033d7199b506ad4005f134>>>
05-01 18:11:34.758 I/art     ( 3028): Do partial code cache collection, code=23KB, data=29KB
05-01 18:11:34.860 W/art     ( 3028): Long monitor contention with owner New I/O  worker #21 (3125) at boolean org.ros.concurrent.CircularBlockingDeque.addLast(java.lang.Object)(CircularBlockingDeque.java:72) waiters=1 in void java.lang.Object.wait!() for 508ms
05-01 18:11:34.935 I/art     ( 3028): After code cache collection, code=20KB, data=28KB
05-01 18:11:34.935 I/art     ( 3028): Increasing code cache capacity to 128KB
05-01 18:11:35.046 I/Registrar( 3028): Registering subscriber: Subscriber<Topic<TopicIdentifier</hw/imu>, TopicDescription<sensor_msgs/Imu, 6a62c6daae103f4ff57a132d6f95cec2>>>
05-01 18:11:35.406 I/Registrar( 3028): Response<Success, Subscribed to [/gnc/ekf_noise], [http://10.42.0.34:46437/]>
05-01 18:11:35.464 I/DefaultSubscriber( 3028): Subscriber registered: Subscriber<Topic<TopicIdentifier</gnc/ekf_noise>, TopicDescription<ff_msgs/EkfState, 543b97822b033d7199b506ad4005f134>>>
05-01 18:11:35.545 I/Registrar( 3028): Response<Success, Subscribed to [/hw/imu], [http://10.42.0.34:41663/]>
05-01 18:11:35.610 W/art     ( 3028): Long monitor contention with owner New I/O  worker #21 (3125) at boolean org.ros.concurrent.CircularBlockingDeque.addLast(java.lang.Object)(CircularBlockingDeque.java:72) waiters=1 in void java.lang.Object.wait!() for 509ms
05-01 18:11:35.687 I/Registrar( 3028): Registering subscriber: Subscriber<Topic<TopicIdentifier</hw/cam_nav>, TopicDescription<sensor_msgs/Image, 060021388200f6f0f447d0fcd9c64743>>>
05-01 18:11:35.756 I/DefaultSubscriber( 3028): Subscriber registered: Subscriber<Topic<TopicIdentifier</hw/imu>, TopicDescription<sensor_msgs/Imu, 6a62c6daae103f4ff57a132d6f95cec2>>>
05-01 18:11:36.715 I/Registrar( 3028): Registering subscriber: Subscriber<Topic<TopicIdentifier</hw/cam_dock>, TopicDescription<sensor_msgs/Image, 060021388200f6f0f447d0fcd9c64743>>>
05-01 18:11:37.226 I/Registrar( 3028): Response<Success, Subscribed to [/hw/cam_nav], [http://10.42.0.34:41663/]>
05-01 18:11:37.357 I/DefaultSubscriber( 3028): Subscriber registered: Subscriber<Topic<TopicIdentifier</hw/cam_nav>, TopicDescription<sensor_msgs/Image, 060021388200f6f0f447d0fcd9c64743>>>
05-01 18:11:37.503 W/art     ( 3028): Long monitor contention with owner pool-3-thread-15 (3111) at java.lang.Class java.lang.reflect.Proxy.getProxyClass0(java.lang.ClassLoader, java.lang.Class[])(Proxy.java:481) waiters=0 in java.lang.Class java.lang.reflect.Proxy.getProxyClass0(java.lang.ClassLoader, java.lang.Class[]) for 210ms
05-01 18:11:37.583 W/art     ( 3028): Suspending all threads took: 5.267ms
05-01 18:11:37.973 W/art     ( 3028): Long monitor contention with owner New I/O  worker #21 (3125) at boolean org.ros.concurrent.CircularBlockingDeque.addLast(java.lang.Object)(CircularBlockingDeque.java:72) waiters=1 in void java.lang.Object.wait!() for 115ms
05-01 18:11:38.710 I/Registrar( 3028): Response<Success, Subscribed to [/hw/cam_dock], [http://10.42.0.34:41663/]>
05-01 18:11:38.830 W/art     ( 3028): Long monitor contention with owner New I/O  worker #17 (3082) at boolean org.ros.concurrent.CircularBlockingDeque.addLast(java.lang.Object)(CircularBlockingDeque.java:72) waiters=1 in void java.lang.Object.wait!() for 180ms
05-01 18:11:38.904 I/DefaultSubscriber( 3028): Subscriber registered: Subscriber<Topic<TopicIdentifier</hw/cam_dock>, TopicDescription<sensor_msgs/Image, 060021388200f6f0f447d0fcd9c64743>>>
05-01 18:11:39.530 I/Registrar( 3028): Registering subscriber: Subscriber<Topic<TopicIdentifier</hw/depth_haz/points>, TopicDescription<sensor_msgs/PointCloud2, 1158d486dd51d683ce2f1be655c3c181>>>
05-01 18:11:42.370 I/Registrar( 3028): Response<Success, Subscribed to [/hw/depth_haz/points], [http://10.42.0.34:41663/]>
05-01 18:11:42.437 I/DefaultSubscriber( 3028): Subscriber registered: Subscriber<Topic<TopicIdentifier</hw/depth_haz/points>, TopicDescription<sensor_msgs/PointCloud2, 1158d486dd51d683ce2f1be655c3c181>>>
05-01 18:11:42.544 W/art     ( 3028): Long monitor contention with owner New I/O  worker #21 (3125) at boolean org.ros.concurrent.CircularBlockingDeque.addLast(java.lang.Object)(CircularBlockingDeque.java:72) waiters=1 in void java.lang.Object.wait!() for 122ms
05-01 18:11:43.169 W/art     ( 3028): Long monitor contention with owner New I/O  worker #25 (3150) at boolean org.ros.concurrent.CircularBlockingDeque.addLast(java.lang.Object)(CircularBlockingDeque.java:72) waiters=1 in void java.lang.Object.wait!() for 197ms
05-01 18:11:44.217 I/Registrar( 3028): Registering subscriber: Subscriber<Topic<TopicIdentifier</hw/depth_perch/points>, TopicDescription<sensor_msgs/PointCloud2, 1158d486dd51d683ce2f1be655c3c181>>>
05-01 18:11:44.897 W/art     ( 3028): Long monitor contention with owner pool-1-thread-33 (3117) at java.lang.Class java.lang.reflect.Proxy.getProxyClass0(java.lang.ClassLoader, java.lang.Class[])(Proxy.java:481) waiters=1 in java.lang.Class java.lang.reflect.Proxy.getProxyClass0(java.lang.ClassLoader, java.lang.Class[]) for 157ms
05-01 18:11:45.665 W/art     ( 3028): Long monitor contention with owner New I/O  worker #9 (3085) at boolean org.ros.concurrent.CircularBlockingDeque.addLast(java.lang.Object)(CircularBlockingDeque.java:72) waiters=1 in void java.lang.Object.wait!() for 108ms
05-01 18:11:45.844 I/Registrar( 3028): Response<Success, Subscribed to [/hw/depth_perch/points], [http://10.42.0.34:41663/]>
05-01 18:11:45.850 I/DefaultSubscriber( 3028): Subscriber registered: Subscriber<Topic<TopicIdentifier</hw/depth_perch/points>, TopicDescription<sensor_msgs/PointCloud2, 1158d486dd51d683ce2f1be655c3c181>>>
05-01 18:11:46.367 W/art     ( 3028): Long monitor contention with owner New I/O  worker #9 (3085) at boolean org.ros.concurrent.CircularBlockingDeque.addLast(java.lang.Object)(CircularBlockingDeque.java:72) waiters=1 in void java.lang.Object.wait!() for 139ms
05-01 18:11:47.142 I/Registrar( 3028): Registering subscriber: Subscriber<Topic<TopicIdentifier</beh/dock/state>, TopicDescription<ff_msgs/DockState, 09d842ed9109dbc2bf96976f8fb2eaa5>>>
05-01 18:11:48.377 W/art     ( 3028): Long monitor contention with owner New I/O  worker #21 (3125) at boolean org.ros.concurrent.CircularBlockingDeque.addLast(java.lang.Object)(CircularBlockingDeque.java:72) waiters=1 in void java.lang.Object.wait!() for 105ms
05-01 18:11:48.490 D/KiboRpcApi( 3028): GetterNode initialization succeeded.
05-01 18:11:48.924 W/art     ( 3028): Long monitor contention with owner New I/O  worker #25 (3150) at boolean org.ros.concurrent.CircularBlockingDeque.addLast(java.lang.Object)(CircularBlockingDeque.java:72) waiters=1 in void java.lang.Object.wait!() for 204ms
05-01 18:11:49.219 I/Registrar( 3028): Response<Success, Subscribed to [/beh/dock/state], [http://10.42.0.34:36417/]>
05-01 18:11:49.236 I/DefaultSubscriber( 3028): Subscriber registered: Subscriber<Topic<TopicIdentifier</beh/dock/state>, TopicDescription<ff_msgs/DockState, 09d842ed9109dbc2bf96976f8fb2eaa5>>>
05-01 18:11:52.267 W/art     ( 3028): Long monitor contention with owner New I/O  worker #17 (3082) at boolean org.ros.concurrent.CircularBlockingDeque.addLast(java.lang.Object)(CircularBlockingDeque.java:72) waiters=1 in void java.lang.Object.wait!() for 135ms
05-01 18:11:54.798 W/art     ( 3028): Long monitor contention with owner New I/O  worker #21 (3125) at boolean org.ros.concurrent.CircularBlockingDeque.addLast(java.lang.Object)(CircularBlockingDeque.java:72) waiters=1 in void java.lang.Object.wait!() for 225ms
05-01 18:11:55.067 W/art     ( 3028): Long monitor contention with owner New I/O  worker #29 (3149) at boolean org.ros.concurrent.CircularBlockingDeque.addLast(java.lang.Object)(CircularBlockingDeque.java:72) waiters=1 in void java.lang.Object.wait!() for 412ms
05-01 18:11:55.205 W/art     ( 3028): Long monitor contention with owner pool-3-thread-45 (3168) at java.lang.Class java.lang.reflect.Proxy.getProxyClass0(java.lang.ClassLoader, java.lang.Class[])(Proxy.java:481) waiters=0 in java.lang.Class java.lang.reflect.Proxy.getProxyClass0(java.lang.ClassLoader, java.lang.Class[]) for 166ms
05-01 18:11:56.266 W/art     ( 3028): Long monitor contention with owner New I/O  worker #9 (3085) at boolean org.ros.concurrent.CircularBlockingDeque.addLast(java.lang.Object)(CircularBlockingDeque.java:72) waiters=1 in void java.lang.Object.wait!() for 139ms
05-01 18:11:59.370 W/art     ( 3028): Suspending all threads took: 9.058ms
05-01 18:12:01.078 W/art     ( 3028): Long monitor contention with owner New I/O  worker #25 (3150) at boolean org.ros.concurrent.CircularBlockingDeque.addLast(java.lang.Object)(CircularBlockingDeque.java:72) waiters=1 in void java.lang.Object.wait!() for 747ms
05-01 18:12:01.497 W/art     ( 3028): Long monitor contention with owner New I/O  worker #21 (3125) at boolean org.ros.concurrent.CircularBlockingDeque.addLast(java.lang.Object)(CircularBlockingDeque.java:72) waiters=1 in void java.lang.Object.wait!() for 949ms
05-01 18:12:01.684 W/art     ( 2948): Suspending all threads took: 12.824ms
05-01 18:12:01.979 I/art     ( 2948): Background sticky concurrent mark sweep GC freed 153330(3MB) AllocSpace objects, 0(0B) LOS objects, 36% free, 7MB/11MB, paused 14.697ms total 396.287ms
05-01 18:12:03.886 D/moveToWrapper[moveNumber]: ( 3028): 1
05-01 18:12:04.458 W/art     ( 3028): Suspending all threads took: 7.611ms
05-01 18:12:05.510 W/art     ( 3028): Long monitor contention with owner pool-3-thread-46 (3170) at boolean java.util.WeakHashMap.eq(java.lang.Object, java.lang.Object)(WeakHashMap.java:286) waiters=1 in java.lang.Class java.lang.reflect.Proxy.getProxyClass0(java.lang.ClassLoader, java.lang.Class[]) for 2.875s
05-01 18:12:06.184 W/art     ( 3028): Long monitor contention with owner pool-3-thread-49 (3173) at java.lang.Class java.lang.reflect.Proxy.getProxyClass0(java.lang.ClassLoader, java.lang.Class[])(Proxy.java:481) waiters=0 in java.lang.Class java.lang.reflect.Proxy.getProxyClass0(java.lang.ClassLoader, java.lang.Class[]) for 243ms
05-01 18:12:08.540 W/art     ( 3028): Long monitor contention with owner New I/O  worker #21 (3125) at boolean org.ros.concurrent.CircularBlockingDeque.addLast(java.lang.Object)(CircularBlockingDeque.java:72) waiters=1 in void java.lang.Object.wait!() for 104ms
05-01 18:12:08.880 I/KiboRpcApi( 3028): [printLogCommandResult] Command status: OK(1)
05-01 18:12:08.880 I/KiboRpcApi( 3028): Done
05-01 18:12:08.880 I/KiboRpcApi( 3028): [setPlanner] Planner is set to trapezoidal
05-01 18:12:08.880 I/KiboRpcApi( 3028): [moveTo] Planner is set to trapezoidal.
05-01 18:12:09.383 W/art     ( 3028): Suspending all threads took: 16.032ms
05-01 18:12:10.727 I/KiboRpcApi( 3028): [printLogCommandResult] Command status: OK(1)
05-01 18:12:10.727 I/KiboRpcApi( 3028): Done
05-01 18:12:10.727 I/KiboRpcApi( 3028): [moveTo] Planner is trapezoidal.
05-01 18:12:10.727 I/KiboRpcApi( 3028): [moveTo] Moving the bee.
05-01 18:12:10.939 W/art     ( 3028): Long monitor contention with owner pool-3-thread-46 (3170) at java.lang.Class java.lang.reflect.Proxy.getProxyClass0(java.lang.ClassLoader, java.lang.Class[])(Proxy.java:457) waiters=0 in java.lang.Class java.lang.reflect.Proxy.getProxyClass0(java.lang.ClassLoader, java.lang.Class[]) for 239ms
05-01 18:12:12.677 I/KiboRpcApi( 3028): [getCommandResult] Current Position: gov.nasa.arc.astrobee.types.Point[10.063, -9.797, 4.296]
05-01 18:12:12.679 I/KiboRpcApi( 3028): [getCommandResult] Current Orientation: Mat33f::Quaternion{ x=0.003; y=-0.006; z=-0.003; w=1}
05-01 18:12:13.344 W/art     ( 3028): Long monitor contention with owner New I/O  worker #17 (3082) at boolean org.ros.concurrent.CircularBlockingDeque.addLast(java.lang.Object)(CircularBlockingDeque.java:72) waiters=1 in void java.lang.Object.wait!() for 168ms
05-01 18:12:13.726 I/KiboRpcApi( 3028): [getCommandResult] Current Position: gov.nasa.arc.astrobee.types.Point[10.119, -9.831, 4.258]
05-01 18:12:13.727 I/KiboRpcApi( 3028): [getCommandResult] Current Orientation: Mat33f::Quaternion{ x=0.003; y=0.003; z=-0.003; w=1}
05-01 18:12:14.133 W/art     ( 3028): Long monitor contention with owner New I/O  worker #17 (3082) at boolean org.ros.concurrent.CircularBlockingDeque.addLast(java.lang.Object)(CircularBlockingDeque.java:72) waiters=1 in void java.lang.Object.wait!() for 114ms
05-01 18:12:14.763 I/KiboRpcApi( 3028): [getCommandResult] Current Position: gov.nasa.arc.astrobee.types.Point[10.119, -9.831, 4.258]
05-01 18:12:14.763 I/KiboRpcApi( 3028): [getCommandResult] Current Orientation: Mat33f::Quaternion{ x=0.003; y=0.003; z=-0.003; w=1}
05-01 18:12:15.178 W/art     ( 3028): Suspending all threads took: 52.571ms
05-01 18:12:15.717 W/art     ( 3028): Long monitor contention with owner pool-3-thread-50 (3174) at void java.util.AbstractList$ListItr.<init>(java.util.AbstractList, int)(AbstractList.java:391) waiters=1 in java.lang.Class java.lang.reflect.Proxy.getProxyClass0(java.lang.ClassLoader, java.lang.Class[]) for 117ms
05-01 18:12:15.808 I/KiboRpcApi( 3028): [getCommandResult] Current Position: gov.nasa.arc.astrobee.types.Point[10.175, -9.815, 4.291]
05-01 18:12:15.837 I/KiboRpcApi( 3028): [getCommandResult] Current Orientation: Mat33f::Quaternion{ x=0.001; y=0.005; z=0.002; w=1}
05-01 18:12:16.874 I/KiboRpcApi( 3028): [getCommandResult] Current Position: gov.nasa.arc.astrobee.types.Point[10.215, -9.803, 4.299]
05-01 18:12:16.875 I/KiboRpcApi( 3028): [getCommandResult] Current Orientation: Mat33f::Quaternion{ x=-0.006; y=-0.001; z=0.009; w=1}
05-01 18:12:17.119 W/art     ( 3028): Suspending all threads took: 71.185ms
05-01 18:12:17.324 W/art     ( 3028): Long monitor contention with owner pool-3-thread-47 (3171) at java.lang.Class java.lang.reflect.Proxy.getProxyClass0(java.lang.ClassLoader, java.lang.Class[])(Proxy.java:481) waiters=0 in java.lang.Class java.lang.reflect.Proxy.getProxyClass0(java.lang.ClassLoader, java.lang.Class[]) for 288ms
05-01 18:12:17.916 I/KiboRpcApi( 3028): [getCommandResult] Current Position: gov.nasa.arc.astrobee.types.Point[10.215, -9.803, 4.299]
05-01 18:12:17.917 I/KiboRpcApi( 3028): [getCommandResult] Current Orientation: Mat33f::Quaternion{ x=-0.006; y=-0.001; z=0.009; w=1}
05-01 18:12:18.113 W/art     ( 3028): Long monitor contention with owner New I/O  worker #17 (3082) at boolean org.ros.concurrent.CircularBlockingDeque.addLast(java.lang.Object)(CircularBlockingDeque.java:72) waiters=1 in void java.lang.Object.wait!() for 142ms
05-01 18:12:18.635 W/art     ( 3028): Long monitor contention with owner New I/O  worker #21 (3125) at boolean org.ros.concurrent.CircularBlockingDeque.addLast(java.lang.Object)(CircularBlockingDeque.java:72) waiters=1 in void java.lang.Object.wait!() for 134ms
05-01 18:12:18.635 W/art     ( 3028): Long monitor contention with owner New I/O  worker #17 (3082) at boolean org.ros.concurrent.CircularBlockingDeque.addLast(java.lang.Object)(CircularBlockingDeque.java:72) waiters=1 in void java.lang.Object.wait!() for 186ms
05-01 18:12:18.964 I/KiboRpcApi( 3028): [getCommandResult] Current Position: gov.nasa.arc.astrobee.types.Point[10.21, -9.815, 4.255]
05-01 18:12:18.965 I/KiboRpcApi( 3028): [getCommandResult] Current Orientation: Mat33f::Quaternion{ x=0; y=-0.001; z=-0.002; w=1}
05-01 18:12:20.100 I/KiboRpcApi( 3028): [getCommandResult] Current Position: gov.nasa.arc.astrobee.types.Point[10.21, -9.815, 4.255]
05-01 18:12:20.171 I/KiboRpcApi( 3028): [getCommandResult] Current Orientation: Mat33f::Quaternion{ x=0; y=-0.001; z=-0.002; w=1}
05-01 18:12:21.310 I/KiboRpcApi( 3028): [getCommandResult] Current Position: gov.nasa.arc.astrobee.types.Point[10.233, -9.815, 4.259]
05-01 18:12:21.411 I/KiboRpcApi( 3028): [getCommandResult] Current Orientation: Mat33f::Quaternion{ x=0; y=-0.004; z=0.005; w=1}
05-01 18:12:21.667 W/art     ( 3028): Suspending all threads took: 17.317ms
05-01 18:12:22.452 I/KiboRpcApi( 3028): [getCommandResult] Current Position: gov.nasa.arc.astrobee.types.Point[10.233, -9.815, 4.259]
05-01 18:12:22.491 I/KiboRpcApi( 3028): [getCommandResult] Current Orientation: Mat33f::Quaternion{ x=0; y=-0.004; z=0.005; w=1}
05-01 18:12:23.552 I/KiboRpcApi( 3028): [getCommandResult] Current Position: gov.nasa.arc.astrobee.types.Point[10.246, -9.826, 4.333]
05-01 18:12:23.553 I/KiboRpcApi( 3028): [getCommandResult] Current Orientation: Mat33f::Quaternion{ x=-0.007; y=0.007; z=0.001; w=1}
