05-01 18:02:56.527 V/EmulatedCamera_Camera( 1323): getCameraInfo
05-01 18:02:56.527 V/EmulatedCamera_BaseCamera( 1323): getCameraInfo
05-01 18:02:56.528 V/EmulatedCamera_Camera( 1323): connectCamera
05-01 18:02:56.528 V/EmulatedCamera_FakeDevice( 1323): connectDevice
05-01 18:02:56.528 V/EmulatedCamera_CallbackNotifier( 1323): setCallbacks: 0xf6575e80, 0xf6575ed0, 0xf6575ff0, 0xf6576110 (0xf5c43140)
05-01 18:02:56.544 I/AudioPolicyService( 1322): AudioPolicyService CSTOR in new mode
05-01 18:02:56.561 I/mediacodec( 1328): @@@ mediacodecservice starting
05-01 18:02:56.630 W/        ( 1328): No seccomp filter defined for this architecture.
05-01 18:02:56.689 V/EmulatedCamera_Preview( 1323): setPreviewWindow: current: 0x0 -> new: 0xf5c43150
05-01 18:02:56.689 V/EmulatedCamera_Preview( 1323): setPreviewWindow: current: 0xf5c43150 -> new: 0x0
05-01 18:02:56.689 V/EmulatedCamera_Camera( 1323): doStopPreview
05-01 18:02:56.694 V/EmulatedCamera_Preview( 1323): setPreviewWindow: current: 0x0 -> new: 0x0
05-01 18:02:56.694 V/EmulatedCamera_Camera( 1323): releaseCamera
05-01 18:02:56.694 V/EmulatedCamera_Camera( 1323): doStopPreview
05-01 18:02:56.694 V/EmulatedCamera_FakeDevice( 1323): disconnectDevice
05-01 18:02:56.694 W/EmulatedCamera_Device( 1323): Initialize: Emulated camera device is already initialized: mState = 1
05-01 18:02:56.695 D/EmulatedCamera_FakeCamera( 1323): Initialize: Fake camera is facing back
05-01 18:02:56.695 V/EmulatedCamera_Device( 1323): initializeWhiteBalanceModes with auto, 1.000000, 1.000000
05-01 18:02:56.695 V/EmulatedCamera_Device( 1323): initializeWhiteBalanceModes with incandescent, 1.380000, 0.600000
05-01 18:02:56.695 V/EmulatedCamera_Device( 1323): initializeWhiteBalanceModes with daylight, 1.090000, 0.920000
05-01 18:02:56.695 V/EmulatedCamera_Device( 1323): initializeWhiteBalanceModes with twilight, 0.920000, 1.220000
05-01 18:02:56.695 V/EmulatedCamera_Device( 1323): setWhiteBalanceMode with white balance auto
05-01 18:02:56.696 I/CameraFlashlight( 1323): Destroying camera 0
05-01 18:02:56.696 V/EmulatedCamera_Camera( 1323): closeCamera
05-01 18:02:56.696 V/EmulatedCamera_Camera( 1323): doStopPreview
05-01 18:02:56.696 W/EmulatedCamera_Device( 1323): Initialize: Emulated camera device is already initialized: mState = 1
05-01 18:02:56.696 D/EmulatedCamera_FakeCamera( 1323): Initialize: Fake camera is facing back
05-01 18:02:56.696 V/EmulatedCamera_Device( 1323): initializeWhiteBalanceModes with auto, 1.000000, 1.000000
05-01 18:02:56.696 V/EmulatedCamera_Device( 1323): initializeWhiteBalanceModes with incandescent, 1.380000, 0.600000
05-01 18:02:56.696 V/EmulatedCamera_Device( 1323): initializeWhiteBalanceModes with daylight, 1.090000, 0.920000
05-01 18:02:56.696 V/EmulatedCamera_Device( 1323): initializeWhiteBalanceModes with twilight, 0.920000, 1.220000
05-01 18:02:56.696 V/EmulatedCamera_Device( 1323): setWhiteBalanceMode with white balance auto
05-01 18:02:56.699 V/EmulatedCamera_Camera( 1323): getCameraInfo
05-01 18:02:56.699 V/EmulatedCamera_BaseCamera( 1323): getCameraInfo
05-01 18:02:56.761 I/ServiceManager( 1323): Waiting for service media.camera.proxy...
05-01 18:02:56.804 I/APM::ConfigParsingUtils( 1322): loadAudioPolicyConfig() loaded /system/etc/audio_policy.conf
05-01 18:02:56.814 I/mediaserver( 1331): ServiceManager: 0xeb6bc0a0
05-01 18:02:56.905 D/audio_hw_generic( 1322): Emulator host-side ALSA audio emulation detected.
05-01 18:02:56.906 D/audio_hw_generic( 1322): mixer 0 name Master Playback Volume
05-01 18:02:56.906 D/audio_hw_generic( 1322): set ctl 0 to 100
05-01 18:02:56.908 D/audio_hw_generic( 1322): set ctl 1 to 100
05-01 18:02:56.908 D/audio_hw_generic( 1322): mixer 1 name Master Playback Switch
05-01 18:02:56.908 D/audio_hw_generic( 1322): set ctl 0 to 1
05-01 18:02:56.908 D/audio_hw_generic( 1322): set ctl 1 to 1
05-01 18:02:56.908 D/audio_hw_generic( 1322): mixer 2 name Capture Volume
05-01 18:02:56.908 D/audio_hw_generic( 1322): set ctl 0 to 100
05-01 18:02:56.908 D/audio_hw_generic( 1322): set ctl 1 to 100
05-01 18:02:56.908 D/audio_hw_generic( 1322): mixer 3 name Capture Switch
05-01 18:02:56.909 D/audio_hw_generic( 1322): set ctl 0 to 1
05-01 18:02:56.909 D/audio_hw_generic( 1322): set ctl 1 to 1
05-01 18:02:56.909 D/audio_hw_generic( 1322): mixer 4 name Line Phantom Jack
05-01 18:02:56.909 D/audio_hw_generic( 1322): mixer 5 name Line Out Phantom Jack
05-01 18:02:56.909 D/audio_hw_generic( 1322): mixer 6 name Playback Channel Map
05-01 18:02:56.909 D/audio_hw_generic( 1322): mixer 7 name Capture Channel Map
05-01 18:02:56.909 I/AudioFlinger( 1322): loadHwModule() Loaded primary audio interface from Generic audio HW HAL (audio) handle 10
05-01 18:02:56.938 I/AudioFlinger( 1322): openOutput(), module 10 Device 2, SamplingRate 48000, Format 0x000001, Channels 3, flags 2
05-01 18:02:56.953 I/AudioFlinger( 1322): HAL output buffer size 720 frames, normal sink buffer size 1152 frames
05-01 18:02:57.065 W/BatteryNotifier( 1331): batterystats service unavailable!
05-01 18:02:57.153 I/BufferProvider( 1322): found effect "Multichannel Downmix To Stereo" from The Android Open Source Project
05-01 18:02:57.194 I/AudioFlinger( 1322): Using module 10 has the primary audio interface
05-01 18:02:57.240 I/AudioFlinger( 1322): AudioFlinger's thread 0xf25833c0 ready to run
05-01 18:02:57.251 W/BatteryNotifier( 1322): batterystats service unavailable!
05-01 18:02:57.290 W/BatteryNotifier( 1322): batterystats service unavailable!
05-01 18:02:57.320 W/BatteryNotifier( 1322): batterystats service unavailable!
05-01 18:02:57.323 W/AudioFlinger( 1322): no wake lock to update, system not ready yet
05-01 18:02:57.362 I/AudioFlinger( 1322): AudioFlinger's thread 0xf2083d40 ready to run
05-01 18:02:57.402 I/r_submix( 1322): adev_open(name=audio_hw_if)
05-01 18:02:57.402 I/r_submix( 1322): adev_init_check()
05-01 18:02:57.402 I/AudioFlinger( 1322): loadHwModule() Loaded r_submix audio interface from Wifi Display audio HAL (audio) handle 18
05-01 18:02:57.402 D/r_submix( 1322): adev_open_input_stream(addr=0)
05-01 18:02:57.403 D/r_submix( 1322): submix_audio_device_create_pipe_l(addr=0, idx=9)
05-01 18:02:57.403 D/r_submix( 1322):   now using address 0 for route 9
05-01 18:02:57.420 I/AudioFlinger( 1322): AudioFlinger's thread 0xf21839c0 ready to run
05-01 18:02:57.421 D/r_submix( 1322): adev_close_input_stream()
05-01 18:02:57.421 D/r_submix( 1322): submix_audio_device_release_pipe_l(idx=9) addr=0
05-01 18:02:57.421 D/r_submix( 1322): submix_audio_device_destroy_pipe_l(): pipe destroyed
05-01 18:02:57.425 I/RadioService( 1322): RadioService
05-01 18:02:57.425 I/RadioService( 1322): onFirstRef
05-01 18:02:57.426 E/RadioService( 1322): couldn't load radio module radio.primary (No such file or directory)
05-01 18:02:57.439 E/SoundTriggerHwService( 1322): couldn't load sound trigger module sound_trigger.primary (No such file or directory)
05-01 18:02:57.769 V/MediaUtils( 1330): physMem: 1043894272
05-01 18:02:57.771 I/ServiceManager( 1323): Waiting for service media.camera.proxy...
05-01 18:02:57.829 V/MediaUtils( 1330): requested limit: 208778840
05-01 18:02:57.829 V/MediaUtils( 1330): actual limit: 208778840
05-01 18:02:57.829 V/MediaUtils( 1330): original limits: 4294967295/4294967295
05-01 18:02:57.829 V/MediaUtils( 1330): new limits: 208778840/4294967295
05-01 18:02:57.872 W//system/bin/mediaextractor( 1330): libminijail: allowing syscall: socketcall
05-01 18:02:57.873 W//system/bin/mediaextractor( 1330): libminijail: allowing syscall: writev
05-01 18:02:57.873 W//system/bin/mediaextractor( 1330): libminijail: allowing syscall: fcntl64
05-01 18:02:57.873 W//system/bin/mediaextractor( 1330): libminijail: allowing syscall: clock_gettime
05-01 18:02:57.882 W//system/bin/mediaextractor( 1330): libminijail: logging seccomp filter failures
05-01 18:02:57.952 I/mediaserver( 1329): ServiceManager: 0xf10bc0a0
05-01 18:02:58.800 I/ServiceManager( 1323): Waiting for service media.camera.proxy...
05-01 18:02:59.830 I/ServiceManager( 1323): Waiting for service media.camera.proxy...
05-01 18:03:00.339 W/BatteryNotifier( 1322): batterystats service unavailable!
05-01 18:03:00.850 I/ServiceManager( 1323): Waiting for service media.camera.proxy...
05-01 18:03:09.377 E/hostapd ( 1508): Configuration file: /system/etc/simulated_hostapd.conf
05-01 18:03:09.569 E/SurfaceFlinger( 1317): ro.sf.lcd_density must be defined as a build property
05-01 18:03:09.623 D/AndroidRuntime( 1320): >>>>>> START com.android.internal.os.ZygoteInit uid 0 <<<<<<
05-01 18:03:09.686 D/libEGL  ( 1380): Emulator without GPU support detected. Fallback to legacy software renderer, qemu.gles is set to 0.
05-01 18:03:09.753 D/libEGL  ( 1380): loaded /system/lib64/egl/libGLES_android.so
05-01 18:03:10.073 I/hostapd ( 1508): rfkill: Cannot get wiphy information
05-01 18:03:10.076 I/hostapd ( 1508): nl80211: Could not re-add multicast membership for vendor events: -2 (No such file or directory)
05-01 18:03:10.077 I/hostapd ( 1508): wlan1: interface state UNINITIALIZED->COUNTRY_UPDATE
05-01 18:03:10.146 E/ipv6proxy( 1502): Failed to forward Router Advertisement from eth0 to wlan1: Network is unreachable
05-01 18:03:10.147 E/ipv6proxy( 1502): Failed to forward Router Advertisement from eth0 to radio0-peer: Cannot assign requested address
05-01 18:03:10.309 D/gralloc_ranchu( 1380): Emulator without host-side GPU emulation detected. Loading gralloc.default.so from /vendor/lib64/hw/gralloc.goldfish.default.so...
05-01 18:03:10.313 D/gralloc_ranchu( 1380): gralloc.default.so not found in /vendor. Trying /system/lib64/hw/gralloc.goldfish.default.so...
05-01 18:03:10.493 D/AndroidRuntime( 1321): >>>>>> START com.android.internal.os.ZygoteInit uid 0 <<<<<<
05-01 18:03:11.062 D/AndroidRuntime( 1320): CheckJNI is ON
05-01 18:03:11.490 I/art     ( 1320): option[0]=-Xzygote
05-01 18:03:11.491 I/art     ( 1320): option[1]=-Xcheck:jni
05-01 18:03:11.491 I/art     ( 1320): option[2]=-Xstacktracefile:/data/anr/traces.txt
05-01 18:03:11.491 I/art     ( 1320): option[3]=exit
05-01 18:03:11.491 I/art     ( 1320): option[4]=vfprintf
05-01 18:03:11.491 I/art     ( 1320): option[5]=sensitiveThread
05-01 18:03:11.491 I/art     ( 1320): option[6]=-verbose:gc
05-01 18:03:11.491 I/art     ( 1320): option[7]=-Xms4m
05-01 18:03:11.491 I/art     ( 1320): option[8]=-Xmx256m
05-01 18:03:11.491 I/art     ( 1320): option[9]=-Xusejit:true
05-01 18:03:11.491 I/art     ( 1320): option[10]=-Xjitsaveprofilinginfo
05-01 18:03:11.491 I/art     ( 1320): option[11]=-agentlib:jdwp=transport=dt_android_adb,suspend=n,server=y
05-01 18:03:11.491 I/art     ( 1320): option[12]=-Xlockprofthreshold:500
05-01 18:03:11.492 I/art     ( 1320): option[13]=-Ximage-compiler-option
05-01 18:03:11.492 I/art     ( 1320): option[14]=--runtime-arg
05-01 18:03:11.492 I/art     ( 1320): option[15]=-Ximage-compiler-option
05-01 18:03:11.492 I/art     ( 1320): option[16]=-Xms64m
05-01 18:03:11.492 I/art     ( 1320): option[17]=-Ximage-compiler-option
05-01 18:03:11.492 I/art     ( 1320): option[18]=--runtime-arg
05-01 18:03:11.492 I/art     ( 1320): option[19]=-Ximage-compiler-option
05-01 18:03:11.492 I/art     ( 1320): option[20]=-Xmx64m
05-01 18:03:11.492 I/art     ( 1320): option[21]=-Ximage-compiler-option
05-01 18:03:11.492 I/art     ( 1320): option[22]=--image-classes=/system/etc/preloaded-classes
05-01 18:03:11.492 I/art     ( 1320): option[23]=-Ximage-compiler-option
05-01 18:03:11.492 I/art     ( 1320): option[24]=--compiled-classes=/system/etc/compiled-classes
05-01 18:03:11.492 I/art     ( 1320): option[25]=-Xcompiler-option
05-01 18:03:11.492 I/art     ( 1320): option[26]=--runtime-arg
05-01 18:03:11.492 I/art     ( 1320): option[27]=-Xcompiler-option
05-01 18:03:11.492 I/art     ( 1320): option[28]=-Xms64m
05-01 18:03:11.492 I/art     ( 1320): option[29]=-Xcompiler-option
05-01 18:03:11.492 I/art     ( 1320): option[30]=--runtime-arg
05-01 18:03:11.492 I/art     ( 1320): option[31]=-Xcompiler-option
05-01 18:03:11.492 I/art     ( 1320): option[32]=-Xmx512m
05-01 18:03:11.492 I/art     ( 1320): option[33]=-Ximage-compiler-option
05-01 18:03:11.492 I/art     ( 1320): option[34]=--instruction-set-variant=x86_64
05-01 18:03:11.493 I/art     ( 1320): option[35]=-Xcompiler-option
05-01 18:03:11.493 I/art     ( 1320): option[36]=--instruction-set-variant=x86_64
05-01 18:03:11.493 I/art     ( 1320): option[37]=-Ximage-compiler-option
05-01 18:03:11.493 I/art     ( 1320): option[38]=--instruction-set-features=default
05-01 18:03:11.493 I/art     ( 1320): option[39]=-Xcompiler-option
05-01 18:03:11.493 I/art     ( 1320): option[40]=--instruction-set-features=default
05-01 18:03:11.493 I/art     ( 1320): option[41]=-Duser.locale=en-US
05-01 18:03:11.493 I/art     ( 1320): option[42]=--cpu-abilist=x86_64
05-01 18:03:11.493 I/art     ( 1320): option[43]=-Xfingerprint:Android/sdk_phone_x86_64/generic_x86_64:7.1.1/NYC/4931657:userdebug/test-keys
05-01 18:03:11.774 D/AndroidRuntime( 1321): CheckJNI is ON
05-01 18:03:12.220 I/art     ( 1321): option[0]=-Xzygote
05-01 18:03:12.221 I/art     ( 1321): option[1]=-Xcheck:jni
05-01 18:03:12.221 I/art     ( 1321): option[2]=-Xstacktracefile:/data/anr/traces.txt
05-01 18:03:12.221 I/art     ( 1321): option[3]=exit
05-01 18:03:12.221 I/art     ( 1321): option[4]=vfprintf
05-01 18:03:12.221 I/art     ( 1321): option[5]=sensitiveThread
05-01 18:03:12.221 I/art     ( 1321): option[6]=-verbose:gc
05-01 18:03:12.221 I/art     ( 1321): option[7]=-Xms4m
05-01 18:03:12.221 I/art     ( 1321): option[8]=-Xmx256m
05-01 18:03:12.221 I/art     ( 1321): option[9]=-Xusejit:true
05-01 18:03:12.221 I/art     ( 1321): option[10]=-Xjitsaveprofilinginfo
05-01 18:03:12.222 I/art     ( 1321): option[11]=-agentlib:jdwp=transport=dt_android_adb,suspend=n,server=y
05-01 18:03:12.222 I/art     ( 1321): option[12]=-Xlockprofthreshold:500
05-01 18:03:12.222 I/art     ( 1321): option[13]=-Ximage-compiler-option
05-01 18:03:12.222 I/art     ( 1321): option[14]=--runtime-arg
05-01 18:03:12.222 I/art     ( 1321): option[15]=-Ximage-compiler-option
05-01 18:03:12.222 I/art     ( 1321): option[16]=-Xms64m
05-01 18:03:12.222 I/art     ( 1321): option[17]=-Ximage-compiler-option
05-01 18:03:12.222 I/art     ( 1321): option[18]=--runtime-arg
05-01 18:03:12.222 I/art     ( 1321): option[19]=-Ximage-compiler-option
05-01 18:03:12.222 I/art     ( 1321): option[20]=-Xmx64m
05-01 18:03:12.222 I/art     ( 1321): option[21]=-Ximage-compiler-option
05-01 18:03:12.222 I/art     ( 1321): option[22]=--image-classes=/system/etc/preloaded-classes
05-01 18:03:12.222 I/art     ( 1321): option[23]=-Ximage-compiler-option
05-01 18:03:12.222 I/art     ( 1321): option[24]=--compiled-classes=/system/etc/compiled-classes
05-01 18:03:12.222 I/art     ( 1321): option[25]=-Xcompiler-option
05-01 18:03:12.222 I/art     ( 1321): option[26]=--runtime-arg
05-01 18:03:12.222 I/art     ( 1321): option[27]=-Xcompiler-option
05-01 18:03:12.222 I/art     ( 1321): option[28]=-Xms64m
05-01 18:03:12.223 I/art     ( 1321): option[29]=-Xcompiler-option
05-01 18:03:12.223 I/art     ( 1321): option[30]=--runtime-arg
05-01 18:03:12.223 I/art     ( 1321): option[31]=-Xcompiler-option
05-01 18:03:12.223 I/art     ( 1321): option[32]=-Xmx512m
05-01 18:03:12.223 I/art     ( 1321): option[33]=-Ximage-compiler-option
05-01 18:03:12.223 I/art     ( 1321): option[34]=--instruction-set-variant=x86
05-01 18:03:12.223 I/art     ( 1321): option[35]=-Xcompiler-option
05-01 18:03:12.223 I/art     ( 1321): option[36]=--instruction-set-variant=x86
05-01 18:03:12.223 I/art     ( 1321): option[37]=-Ximage-compiler-option
05-01 18:03:12.223 I/art     ( 1321): option[38]=--instruction-set-features=default
05-01 18:03:12.223 I/art     ( 1321): option[39]=-Xcompiler-option
05-01 18:03:12.223 I/art     ( 1321): option[40]=--instruction-set-features=default
05-01 18:03:12.223 I/art     ( 1321): option[41]=-Duser.locale=en-US
05-01 18:03:12.223 I/art     ( 1321): option[42]=--cpu-abilist=x86
05-01 18:03:12.223 I/art     ( 1321): option[43]=-Xfingerprint:Android/sdk_phone_x86_64/generic_x86_64:7.1.1/NYC/4931657:userdebug/test-keys
05-01 18:03:14.213 E/ipv6proxy( 1502): Failed to forward Router Advertisement from eth0 to wlan1: Network is unreachable
05-01 18:03:15.083 I/hostapd ( 1508): wlan1: interface state COUNTRY_UPDATE->HT_SCAN
05-01 18:03:16.686 E/hostapd ( 1508): Using interface wlan1 with hwaddr 02:00:00:00:01:00 and ssid "AndroidWifi"
05-01 18:03:16.822 I/hostapd ( 1508): wlan1: interface state HT_SCAN->ENABLED
05-01 18:03:16.822 I/hostapd ( 1508): wlan1: AP-ENABLED 
05-01 18:03:23.304 D/ICU     ( 1320): No timezone override file found: /data/misc/zoneinfo/current/icu/icu_tzdata.dat
05-01 18:03:23.475 D/ICU     ( 1321): No timezone override file found: /data/misc/zoneinfo/current/icu/icu_tzdata.dat
05-01 18:03:30.044 E/memtrack( 1320): Couldn't load memtrack module (No such file or directory)
05-01 18:03:30.045 E/android.os.Debug( 1320): failed to load memtrack module: -2
05-01 18:03:30.089 E/memtrack( 1321): Couldn't load memtrack module (No such file or directory)
05-01 18:03:30.089 E/android.os.Debug( 1321): failed to load memtrack module: -2
05-01 18:03:30.101 I/Radio-JNI( 1320): register_android_hardware_Radio DONE
05-01 18:03:30.202 I/Radio-JNI( 1321): register_android_hardware_Radio DONE
05-01 18:03:30.840 I/SamplingProfilerIntegration( 1320): Profiling disabled.
05-01 18:03:30.910 I/SamplingProfilerIntegration( 1321): Profiling disabled.
05-01 18:03:30.916 D/Zygote  ( 1320): begin preload
05-01 18:03:30.916 I/Zygote  ( 1320): Installing ICU cache reference pinning...
05-01 18:03:30.920 I/Zygote  ( 1320): Preloading ICU data...
05-01 18:03:31.133 D/Zygote  ( 1321): begin preload
05-01 18:03:31.133 I/Zygote  ( 1321): Installing ICU cache reference pinning...
05-01 18:03:31.240 I/Zygote  ( 1321): Preloading ICU data...
05-01 18:03:34.017 I/Zygote  ( 1320): Preloading classes...
05-01 18:03:34.027 I/Zygote  ( 1321): Preloading classes...
05-01 18:03:34.322 W/Zygote  ( 1320): Class not found for preloading: [Landroid.view.Display$ColorTransform;
05-01 18:03:34.402 W/Zygote  ( 1321): Class not found for preloading: [Landroid.view.Display$ColorTransform;
05-01 18:03:42.835 E/Typeface( 1320): Error mapping font file /system/fonts/DroidSansFallback.ttf
05-01 18:03:43.251 E/Typeface( 1321): Error mapping font file /system/fonts/DroidSansFallback.ttf
05-01 18:03:47.033 V/NatController( 1332): runCmd(/system/bin/iptables -w -F natctrl_FORWARD) res=0
05-01 18:03:47.440 V/NatController( 1332): runCmd(/system/bin/ip6tables -w -F natctrl_FORWARD) res=0
05-01 18:03:47.933 V/NatController( 1332): runCmd(/system/bin/iptables -w -A natctrl_FORWARD -j DROP) res=0
05-01 18:03:48.434 V/NatController( 1332): runCmd(/system/bin/iptables -w -t nat -F natctrl_nat_POSTROUTING) res=0
05-01 18:03:48.991 V/NatController( 1332): runCmd(/system/bin/ip6tables -w -t raw -F natctrl_raw_PREROUTING) res=0
05-01 18:03:49.192 W/art     ( 1320): Suspending all threads took: 60.045ms
05-01 18:03:49.429 I/art     ( 1321): Background concurrent mark sweep GC freed 21947(2MB) AllocSpace objects, 75(1344KB) LOS objects, 33% free, 3MB/5MB, paused 58.397ms total 386.484ms
05-01 18:03:49.868 V/NatController( 1332): runCmd(/system/bin/iptables -w -F natctrl_tether_counters) res=1
05-01 18:03:50.163 I/art     ( 1320): Background concurrent mark sweep GC freed 21950(2MB) AllocSpace objects, 85(1552KB) LOS objects, 33% free, 3MB/5MB, paused 63.136ms total 1.132s
05-01 18:03:50.502 V/NatController( 1332): runCmd(/system/bin/ip6tables -w -F natctrl_tether_counters) res=1
05-01 18:03:50.568 I/art     ( 1321): Thread[1,tid=1321,Native,Thread*=0xe848b400,peer=0x12c060d0,"main"] recursive attempt to load library "/system/lib/libmedia_jni.so"
05-01 18:03:50.583 D/MtpDeviceJNI( 1321): register_android_mtp_MtpDevice
05-01 18:03:50.585 I/art     ( 1321): Thread[1,tid=1321,Native,Thread*=0xe848b400,peer=0x12c060d0,"main"] recursive attempt to load library "/system/lib/libmedia_jni.so"
05-01 18:03:50.586 I/art     ( 1321): Thread[1,tid=1321,Native,Thread*=0xe848b400,peer=0x12c060d0,"main"] recursive attempt to load library "/system/lib/libmedia_jni.so"
05-01 18:03:50.881 V/NatController( 1332): runCmd(/system/bin/iptables -w -X natctrl_tether_counters) res=1
05-01 18:03:51.045 I/art     ( 1320): Thread[1,tid=1320,Native,Thread*=0x705406695a00,peer=0x12c060d0,"main"] recursive attempt to load library "/system/lib64/libmedia_jni.so"
05-01 18:03:51.163 D/MtpDeviceJNI( 1320): register_android_mtp_MtpDevice
05-01 18:03:51.173 I/art     ( 1320): Thread[1,tid=1320,Native,Thread*=0x705406695a00,peer=0x12c060d0,"main"] recursive attempt to load library "/system/lib64/libmedia_jni.so"
05-01 18:03:51.174 I/art     ( 1320): Thread[1,tid=1320,Native,Thread*=0x705406695a00,peer=0x12c060d0,"main"] recursive attempt to load library "/system/lib64/libmedia_jni.so"
05-01 18:03:51.244 V/NatController( 1332): runCmd(/system/bin/ip6tables -w -X natctrl_tether_counters) res=1
05-01 18:03:51.567 V/NatController( 1332): runCmd(/system/bin/iptables -w -N natctrl_tether_counters) res=0
05-01 18:03:52.062 V/NatController( 1332): runCmd(/system/bin/ip6tables -w -N natctrl_tether_counters) res=0
05-01 18:03:52.701 V/NatController( 1332): runCmd(/system/bin/iptables -w -t mangle -A natctrl_mangle_FORWARD -p tcp --tcp-flags SYN SYN -j TCPMSS --clamp-mss-to-pmtu) res=0
05-01 18:03:55.334 W/Zygote  ( 1320): Class not found for preloading: android.view.Display$ColorTransform
05-01 18:03:55.335 W/Zygote  ( 1320): Class not found for preloading: android.view.Display$ColorTransform$1
05-01 18:03:55.443 W/Zygote  ( 1321): Class not found for preloading: android.view.Display$ColorTransform
05-01 18:03:55.444 W/Zygote  ( 1321): Class not found for preloading: android.view.Display$ColorTransform$1
05-01 18:03:57.496 I/art     ( 1321): Background sticky concurrent mark sweep GC freed 11507(2MB) AllocSpace objects, 54(1040KB) LOS objects, 71% free, 1550KB/5MB, paused 2.141ms total 430.988ms
05-01 18:03:58.177 E/Netd    ( 1332): cannot find interface dummy0
05-01 18:03:58.288 D/MDnsDS  ( 1332): MDnsSdListener::Hander starting up
05-01 18:03:58.321 D/MDnsDS  ( 1332): MDnsSdListener starting to monitor
05-01 18:03:58.321 D/MDnsDS  ( 1332): Going to poll with pollCount 1
05-01 18:03:59.383 I/System  ( 1320): Loaded time zone names for "" in 1513ms (1467ms in ICU)
05-01 18:03:59.948 I/System  ( 1321): Loaded time zone names for "" in 1543ms (1514ms in ICU)
05-01 18:03:59.981 I/art     ( 1320): Background sticky concurrent mark sweep GC freed 19665(2MB) AllocSpace objects, 42(800KB) LOS objects, 70% free, 1744KB/5MB, paused 1.290ms total 357.415ms
05-01 18:04:00.026 I/System  ( 1320): Loaded time zone names for "en_US" in 641ms (638ms in ICU)
05-01 18:04:00.284 I/System  ( 1321): Loaded time zone names for "en_US" in 335ms (278ms in ICU)
05-01 18:04:00.698 I/Zygote  ( 1320): ...preloaded 4158 classes in 26681ms.
05-01 18:04:00.699 I/art     ( 1320): VMRuntime.preloadDexCaches starting
05-01 18:04:01.325 I/Zygote  ( 1321): ...preloaded 4158 classes in 27298ms.
05-01 18:04:01.326 I/art     ( 1321): VMRuntime.preloadDexCaches starting
05-01 18:04:02.551 I/art     ( 1320): VMRuntime.preloadDexCaches strings total=283712 before=39625 after=39625
05-01 18:04:02.552 I/art     ( 1320): VMRuntime.preloadDexCaches types total=23581 before=7877 after=7904
05-01 18:04:02.552 I/art     ( 1320): VMRuntime.preloadDexCaches fields total=112007 before=40903 after=41117
05-01 18:04:02.552 I/art     ( 1320): VMRuntime.preloadDexCaches methods total=197534 before=82457 after=83017
05-01 18:04:02.552 I/art     ( 1320): VMRuntime.preloadDexCaches finished
05-01 18:04:02.554 I/Zygote  ( 1320): Preloading resources...
05-01 18:04:02.991 I/art     ( 1321): VMRuntime.preloadDexCaches strings total=283712 before=39625 after=39625
05-01 18:04:02.991 I/art     ( 1321): VMRuntime.preloadDexCaches types total=23581 before=7877 after=7904
05-01 18:04:02.991 I/art     ( 1321): VMRuntime.preloadDexCaches fields total=112007 before=40903 after=41117
05-01 18:04:02.991 I/art     ( 1321): VMRuntime.preloadDexCaches methods total=197534 before=82457 after=83017
05-01 18:04:02.991 I/art     ( 1321): VMRuntime.preloadDexCaches finished
05-01 18:04:02.994 I/Zygote  ( 1321): Preloading resources...
05-01 18:04:05.653 W/Resources( 1321): Preloaded drawable resource #0x108025c (android:drawable/dialog_background_material) that varies with configuration!!
05-01 18:04:05.778 W/Resources( 1321): Preloaded drawable resource #0x1080298 (android:drawable/editbox_dropdown_background_dark) that varies with configuration!!
05-01 18:04:05.810 W/Resources( 1320): Preloaded drawable resource #0x108025c (android:drawable/dialog_background_material) that varies with configuration!!
05-01 18:04:05.815 W/Resources( 1320): Preloaded drawable resource #0x1080298 (android:drawable/editbox_dropdown_background_dark) that varies with configuration!!
05-01 18:04:06.117 W/Resources( 1320): Preloaded color resource #0x10600e2 (android:color/material_grey_800) that varies with configuration!!
05-01 18:04:06.117 W/Resources( 1320): Preloaded drawable resource #0x10802c9 (android:drawable/floating_popup_background_dark) that varies with configuration!!
05-01 18:04:06.148 W/Resources( 1321): Preloaded color resource #0x10600e2 (android:color/material_grey_800) that varies with configuration!!
05-01 18:04:06.148 W/Resources( 1321): Preloaded drawable resource #0x10802c9 (android:drawable/floating_popup_background_dark) that varies with configuration!!
05-01 18:04:06.668 W/Resources( 1321): Preloaded drawable resource #0x108030b (android:drawable/ic_clear_disabled) that varies with configuration!!
05-01 18:04:06.674 W/Resources( 1320): Preloaded drawable resource #0x108030b (android:drawable/ic_clear_disabled) that varies with configuration!!
05-01 18:04:06.677 W/Resources( 1320): Preloaded drawable resource #0x1080310 (android:drawable/ic_clear_normal) that varies with configuration!!
05-01 18:04:06.682 W/Resources( 1321): Preloaded drawable resource #0x1080310 (android:drawable/ic_clear_normal) that varies with configuration!!
05-01 18:04:06.732 W/Resources( 1321): Preloaded drawable resource #0x1080359 (android:drawable/ic_go) that varies with configuration!!
05-01 18:04:06.774 W/Resources( 1320): Preloaded drawable resource #0x1080359 (android:drawable/ic_go) that varies with configuration!!
05-01 18:04:07.076 W/Resources( 1320): Preloaded drawable resource #0x1080038 (android:drawable/ic_menu_close_clear_cancel) that varies with configuration!!
05-01 18:04:07.094 W/Resources( 1321): Preloaded drawable resource #0x1080038 (android:drawable/ic_menu_close_clear_cancel) that varies with configuration!!
05-01 18:04:07.206 W/Resources( 1321): Preloaded drawable resource #0x1080045 (android:drawable/ic_menu_more) that varies with configuration!!
05-01 18:04:07.234 W/Resources( 1320): Preloaded drawable resource #0x1080045 (android:drawable/ic_menu_more) that varies with configuration!!
05-01 18:04:07.689 W/Resources( 1321): Preloaded drawable resource #0x10804e8 (android:drawable/menu_background_fill_parent_width) that varies with configuration!!
05-01 18:04:07.704 W/Resources( 1320): Preloaded drawable resource #0x10804e8 (android:drawable/menu_background_fill_parent_width) that varies with configuration!!
05-01 18:04:08.014 I/art     ( 1321): Background concurrent mark sweep GC freed 17318(1027KB) AllocSpace objects, 7(192KB) LOS objects, 46% free, 4MB/8MB, paused 83.256ms total 484.518ms
05-01 18:04:08.714 W/art     ( 1320): Suspending all threads took: 63.477ms
05-01 18:04:08.941 I/art     ( 1320): Background sticky concurrent mark sweep GC freed 6552(407KB) AllocSpace objects, 3(120KB) LOS objects, 5% free, 5MB/5MB, paused 66.072ms total 202.564ms
05-01 18:04:09.388 I/art     ( 1320): Background concurrent mark sweep GC freed 4621(215KB) AllocSpace objects, 8(152KB) LOS objects, 42% free, 5MB/9MB, paused 617us total 159.515ms
05-01 18:04:09.628 W/Resources( 1320): Preloaded drawable resource #0x108077e (android:drawable/text_edit_paste_window) that varies with configuration!!
05-01 18:04:09.783 W/Resources( 1320): Preloaded drawable resource #0x1080096 (android:drawable/toast_frame) that varies with configuration!!
05-01 18:04:09.784 I/Zygote  ( 1320): ...preloaded 114 resources in 7229ms.
05-01 18:04:10.118 W/Resources( 1320): Preloaded color resource #0x106010b (android:color/background_cache_hint_selector_material_dark) that varies with configuration!!
05-01 18:04:10.202 W/Resources( 1320): Preloaded color resource #0x1060110 (android:color/btn_default_material_dark) that varies with configuration!!
05-01 18:04:10.209 I/Zygote  ( 1320): ...preloaded 41 resources in 425ms.
05-01 18:04:10.233 W/Resources( 1321): Preloaded drawable resource #0x108077e (android:drawable/text_edit_paste_window) that varies with configuration!!
05-01 18:04:10.272 D/libEGL  ( 1320): Emulator without GPU support detected. Fallback to legacy software renderer, qemu.gles is set to 0.
05-01 18:04:10.323 D/libEGL  ( 1320): loaded /system/lib64/egl/libGLES_android.so
05-01 18:04:10.338 W/Resources( 1321): Preloaded drawable resource #0x1080096 (android:drawable/toast_frame) that varies with configuration!!
05-01 18:04:10.339 I/Zygote  ( 1321): ...preloaded 114 resources in 7344ms.
05-01 18:04:10.581 W/Resources( 1321): Preloaded color resource #0x106010b (android:color/background_cache_hint_selector_material_dark) that varies with configuration!!
05-01 18:04:10.584 W/Resources( 1321): Preloaded color resource #0x1060110 (android:color/btn_default_material_dark) that varies with configuration!!
05-01 18:04:10.664 I/Zygote  ( 1321): ...preloaded 41 resources in 325ms.
05-01 18:04:10.666 D/libEGL  ( 1321): Emulator without GPU support detected. Fallback to legacy software renderer, qemu.gles is set to 0.
05-01 18:04:10.776 D/libEGL  ( 1321): loaded /system/lib/egl/libGLES_android.so
05-01 18:04:11.152 I/Zygote  ( 1320): Preloading shared libraries...
05-01 18:04:11.312 E/Hyphenator( 1320): error loading hyphenation /system/usr/hyphen-data/hyph-as.hyb
05-01 18:04:11.312 E/Hyphenator( 1320): java.io.FileNotFoundException: /system/usr/hyphen-data/hyph-as.hyb: open failed: ENOENT (No such file or directory)
05-01 18:04:11.312 E/Hyphenator( 1320): 	at libcore.io.IoBridge.open(IoBridge.java:455)
05-01 18:04:11.312 E/Hyphenator( 1320): 	at java.io.RandomAccessFile.<init>(RandomAccessFile.java:247)
05-01 18:04:11.312 E/Hyphenator( 1320): 	at android.text.Hyphenator.loadHyphenator(Hyphenator.java:118)
05-01 18:04:11.312 E/Hyphenator( 1320): 	at android.text.Hyphenator.init(Hyphenator.java:224)
05-01 18:04:11.312 E/Hyphenator( 1320): 	at com.android.internal.os.ZygoteInit.preloadTextResources(ZygoteInit.java:252)
05-01 18:04:11.312 E/Hyphenator( 1320): 	at com.android.internal.os.ZygoteInit.preload(ZygoteInit.java:206)
05-01 18:04:11.312 E/Hyphenator( 1320): 	at com.android.internal.os.ZygoteInit.main(ZygoteInit.java:743)
05-01 18:04:11.312 E/Hyphenator( 1320): Caused by: android.system.ErrnoException: open failed: ENOENT (No such file or directory)
05-01 18:04:11.312 E/Hyphenator( 1320): 	at libcore.io.Posix.open(Native Method)
05-01 18:04:11.312 E/Hyphenator( 1320): 	at libcore.io.BlockGuardOs.open(BlockGuardOs.java:187)
05-01 18:04:11.312 E/Hyphenator( 1320): 	at libcore.io.IoBridge.open(IoBridge.java:441)
05-01 18:04:11.312 E/Hyphenator( 1320): 	... 6 more
05-01 18:04:11.314 E/Hyphenator( 1320): error loading hyphenation /system/usr/hyphen-data/hyph-bn.hyb
05-01 18:04:11.314 E/Hyphenator( 1320): java.io.FileNotFoundException: /system/usr/hyphen-data/hyph-bn.hyb: open failed: ENOENT (No such file or directory)
05-01 18:04:11.314 E/Hyphenator( 1320): 	at libcore.io.IoBridge.open(IoBridge.java:455)
05-01 18:04:11.314 E/Hyphenator( 1320): 	at java.io.RandomAccessFile.<init>(RandomAccessFile.java:247)
05-01 18:04:11.314 E/Hyphenator( 1320): 	at android.text.Hyphenator.loadHyphenator(Hyphenator.java:118)
05-01 18:04:11.314 E/Hyphenator( 1320): 	at android.text.Hyphenator.init(Hyphenator.java:224)
05-01 18:04:11.314 E/Hyphenator( 1320): 	at com.android.internal.os.ZygoteInit.preloadTextResources(ZygoteInit.java:252)
05-01 18:04:11.314 E/Hyphenator( 1320): 	at com.android.internal.os.ZygoteInit.preload(ZygoteInit.java:206)
05-01 18:04:11.314 E/Hyphenator( 1320): 	at com.android.internal.os.ZygoteInit.main(ZygoteInit.java:743)
05-01 18:04:11.314 E/Hyphenator( 1320): Caused by: android.system.ErrnoException: open failed: ENOENT (No such file or directory)
05-01 18:04:11.314 E/Hyphenator( 1320): 	at libcore.io.Posix.open(Native Method)
05-01 18:04:11.314 E/Hyphenator( 1320): 	at libcore.io.BlockGuardOs.open(BlockGuardOs.java:187)
05-01 18:04:11.314 E/Hyphenator( 1320): 	at libcore.io.IoBridge.open(IoBridge.java:441)
05-01 18:04:11.314 E/Hyphenator( 1320): 	... 6 more
05-01 18:04:11.315 E/Hyphenator( 1320): error loading hyphenation /system/usr/hyphen-data/hyph-cy.hyb
05-01 18:04:11.315 E/Hyphenator( 1320): java.io.FileNotFoundException: /system/usr/hyphen-data/hyph-cy.hyb: open failed: ENOENT (No such file or directory)
05-01 18:04:11.315 E/Hyphenator( 1320): 	at libcore.io.IoBridge.open(IoBridge.java:455)
05-01 18:04:11.315 E/Hyphenator( 1320): 	at java.io.RandomAccessFile.<init>(RandomAccessFile.java:247)
05-01 18:04:11.315 E/Hyphenator( 1320): 	at android.text.Hyphenator.loadHyphenator(Hyphenator.java:118)
05-01 18:04:11.315 E/Hyphenator( 1320): 	at android.text.Hyphenator.init(Hyphenator.java:224)
05-01 18:04:11.315 E/Hyphenator( 1320): 	at com.android.internal.os.ZygoteInit.preloadTextResources(ZygoteInit.java:252)
05-01 18:04:11.315 E/Hyphenator( 1320): 	at com.android.internal.os.ZygoteInit.preload(ZygoteInit.java:206)
05-01 18:04:11.315 E/Hyphenator( 1320): 	at com.android.internal.os.ZygoteInit.main(ZygoteInit.java:743)
05-01 18:04:11.315 E/Hyphenator( 1320): Caused by: android.system.ErrnoException: open failed: ENOENT (No such file or directory)
05-01 18:04:11.315 E/Hyphenator( 1320): 	at libcore.io.Posix.open(Native Method)
05-01 18:04:11.315 E/Hyphenator( 1320): 	at libcore.io.BlockGuardOs.open(BlockGuardOs.java:187)
05-01 18:04:11.315 E/Hyphenator( 1320): 	at libcore.io.IoBridge.open(IoBridge.java:441)
05-01 18:04:11.315 E/Hyphenator( 1320): 	... 6 more
05-01 18:04:11.316 E/Hyphenator( 1320): error loading hyphenation /system/usr/hyphen-data/hyph-da.hyb
05-01 18:04:11.316 E/Hyphenator( 1320): java.io.FileNotFoundException: /system/usr/hyphen-data/hyph-da.hyb: open failed: ENOENT (No such file or directory)
05-01 18:04:11.316 E/Hyphenator( 1320): 	at libcore.io.IoBridge.open(IoBridge.java:455)
05-01 18:04:11.316 E/Hyphenator( 1320): 	at java.io.RandomAccessFile.<init>(RandomAccessFile.java:247)
05-01 18:04:11.316 E/Hyphenator( 1320): 	at android.text.Hyphenator.loadHyphenator(Hyphenator.java:118)
05-01 18:04:11.316 E/Hyphenator( 1320): 	at android.text.Hyphenator.init(Hyphenator.java:224)
05-01 18:04:11.316 E/Hyphenator( 1320): 	at com.android.internal.os.ZygoteInit.preloadTextResources(ZygoteInit.java:252)
05-01 18:04:11.316 E/Hyphenator( 1320): 	at com.android.internal.os.ZygoteInit.preload(ZygoteInit.java:206)
05-01 18:04:11.316 E/Hyphenator( 1320): 	at com.android.internal.os.ZygoteInit.main(ZygoteInit.java:743)
05-01 18:04:11.316 E/Hyphenator( 1320): Caused by: android.system.ErrnoException: open failed: ENOENT (No such file or directory)
05-01 18:04:11.316 E/Hyphenator( 1320): 	at libcore.io.Posix.open(Native Method)
05-01 18:04:11.316 E/Hyphenator( 1320): 	at libcore.io.BlockGuardOs.open(BlockGuardOs.java:187)
05-01 18:04:11.316 E/Hyphenator( 1320): 	at libcore.io.IoBridge.open(IoBridge.java:441)
05-01 18:04:11.316 E/Hyphenator( 1320): 	... 6 more
05-01 18:04:11.318 E/Hyphenator( 1320): error loading hyphenation /system/usr/hyphen-data/hyph-de-1901.hyb
05-01 18:04:11.318 E/Hyphenator( 1320): java.io.FileNotFoundException: /system/usr/hyphen-data/hyph-de-1901.hyb: open failed: ENOENT (No such file or directory)
05-01 18:04:11.318 E/Hyphenator( 1320): 	at libcore.io.IoBridge.open(IoBridge.java:455)
05-01 18:04:11.318 E/Hyphenator( 1320): 	at java.io.RandomAccessFile.<init>(RandomAccessFile.java:247)
05-01 18:04:11.318 E/Hyphenator( 1320): 	at android.text.Hyphenator.loadHyphenator(Hyphenator.java:118)
05-01 18:04:11.318 E/Hyphenator( 1320): 	at android.text.Hyphenator.init(Hyphenator.java:224)
05-01 18:04:11.318 E/Hyphenator( 1320): 	at com.android.internal.os.ZygoteInit.preloadTextResources(ZygoteInit.java:252)
05-01 18:04:11.318 E/Hyphenator( 1320): 	at com.android.internal.os.ZygoteInit.preload(ZygoteInit.java:206)
05-01 18:04:11.318 E/Hyphenator( 1320): 	at com.android.internal.os.ZygoteInit.main(ZygoteInit.java:743)
05-01 18:04:11.318 E/Hyphenator( 1320): Caused by: android.system.ErrnoException: open failed: ENOENT (No such file or directory)
05-01 18:04:11.318 E/Hyphenator( 1320): 	at libcore.io.Posix.open(Native Method)
05-01 18:04:11.318 E/Hyphenator( 1320): 	at libcore.io.BlockGuardOs.open(BlockGuardOs.java:187)
05-01 18:04:11.318 E/Hyphenator( 1320): 	at libcore.io.IoBridge.open(IoBridge.java:441)
05-01 18:04:11.318 E/Hyphenator( 1320): 	... 6 more
05-01 18:04:11.319 E/Hyphenator( 1320): error loading hyphenation /system/usr/hyphen-data/hyph-de-1996.hyb
05-01 18:04:11.319 E/Hyphenator( 1320): java.io.FileNotFoundException: /system/usr/hyphen-data/hyph-de-1996.hyb: open failed: ENOENT (No such file or directory)
05-01 18:04:11.319 E/Hyphenator( 1320): 	at libcore.io.IoBridge.open(IoBridge.java:455)
05-01 18:04:11.319 E/Hyphenator( 1320): 	at java.io.RandomAccessFile.<init>(RandomAccessFile.java:247)
05-01 18:04:11.319 E/Hyphenator( 1320): 	at android.text.Hyphenator.loadHyphenator(Hyphenator.java:118)
05-01 18:04:11.319 E/Hyphenator( 1320): 	at android.text.Hyphenator.init(Hyphenator.java:224)
05-01 18:04:11.319 E/Hyphenator( 1320): 	at com.android.internal.os.ZygoteInit.preloadTextResources(ZygoteInit.java:252)
05-01 18:04:11.319 E/Hyphenator( 1320): 	at com.android.internal.os.ZygoteInit.preload(ZygoteInit.java:206)
05-01 18:04:11.319 E/Hyphenator( 1320): 	at com.android.internal.os.ZygoteInit.main(ZygoteInit.java:743)
05-01 18:04:11.319 E/Hyphenator( 1320): Caused by: android.system.ErrnoException: open failed: ENOENT (No such file or directory)
05-01 18:04:11.319 E/Hyphenator( 1320): 	at libcore.io.Posix.open(Native Method)
05-01 18:04:11.319 E/Hyphenator( 1320): 	at libcore.io.BlockGuardOs.open(BlockGuardOs.java:187)
05-01 18:04:11.319 E/Hyphenator( 1320): 	at libcore.io.IoBridge.open(IoBridge.java:441)
05-01 18:04:11.319 E/Hyphenator( 1320): 	... 6 more
05-01 18:04:11.362 E/Hyphenator( 1320): error loading hyphenation /system/usr/hyphen-data/hyph-de-ch-1901.hyb
05-01 18:04:11.362 E/Hyphenator( 1320): java.io.FileNotFoundException: /system/usr/hyphen-data/hyph-de-ch-1901.hyb: open failed: ENOENT (No such file or directory)
05-01 18:04:11.362 E/Hyphenator( 1320): 	at libcore.io.IoBridge.open(IoBridge.java:455)
05-01 18:04:11.362 E/Hyphenator( 1320): 	at java.io.RandomAccessFile.<init>(RandomAccessFile.java:247)
05-01 18:04:11.362 E/Hyphenator( 1320): 	at android.text.Hyphenator.loadHyphenator(Hyphenator.java:118)
05-01 18:04:11.362 E/Hyphenator( 1320): 	at android.text.Hyphenator.init(Hyphenator.java:224)
05-01 18:04:11.362 E/Hyphenator( 1320): 	at com.android.internal.os.ZygoteInit.preloadTextResources(ZygoteInit.java:252)
05-01 18:04:11.362 E/Hyphenator( 1320): 	at com.android.internal.os.ZygoteInit.preload(ZygoteInit.java:206)
05-01 18:04:11.362 E/Hyphenator( 1320): 	at com.android.internal.os.ZygoteInit.main(ZygoteInit.java:743)
05-01 18:04:11.362 E/Hyphenator( 1320): Caused by: android.system.ErrnoException: open failed: ENOENT (No such file or directory)
05-01 18:04:11.362 E/Hyphenator( 1320): 	at libcore.io.Posix.open(Native Method)
05-01 18:04:11.362 E/Hyphenator( 1320): 	at libcore.io.BlockGuardOs.open(BlockGuardOs.java:187)
05-01 18:04:11.362 E/Hyphenator( 1320): 	at libcore.io.IoBridge.open(IoBridge.java:441)
05-01 18:04:11.362 E/Hyphenator( 1320): 	... 6 more
05-01 18:04:11.364 E/Hyphenator( 1320): error loading hyphenation /system/usr/hyphen-data/hyph-en-gb.hyb
05-01 18:04:11.364 E/Hyphenator( 1320): java.io.FileNotFoundException: /system/usr/hyphen-data/hyph-en-gb.hyb: open failed: ENOENT (No such file or directory)
05-01 18:04:11.364 E/Hyphenator( 1320): 	at libcore.io.IoBridge.open(IoBridge.java:455)
05-01 18:04:11.364 E/Hyphenator( 1320): 	at java.io.RandomAccessFile.<init>(RandomAccessFile.java:247)
05-01 18:04:11.364 E/Hyphenator( 1320): 	at android.text.Hyphenator.loadHyphenator(Hyphenator.java:118)
05-01 18:04:11.364 E/Hyphenator( 1320): 	at android.text.Hyphenator.init(Hyphenator.java:224)
05-01 18:04:11.364 E/Hyphenator( 1320): 	at com.android.internal.os.ZygoteInit.preloadTextResources(ZygoteInit.java:252)
05-01 18:04:11.364 E/Hyphenator( 1320): 	at com.android.internal.os.ZygoteInit.preload(ZygoteInit.java:206)
05-01 18:04:11.364 E/Hyphenator( 1320): 	at com.android.internal.os.ZygoteInit.main(ZygoteInit.java:743)
05-01 18:04:11.364 E/Hyphenator( 1320): Caused by: android.system.ErrnoException: open failed: ENOENT (No such file or directory)
05-01 18:04:11.364 E/Hyphenator( 1320): 	at libcore.io.Posix.open(Native Method)
05-01 18:04:11.364 E/Hyphenator( 1320): 	at libcore.io.BlockGuardOs.open(BlockGuardOs.java:187)
05-01 18:04:11.364 E/Hyphenator( 1320): 	at libcore.io.IoBridge.open(IoBridge.java:441)
05-01 18:04:11.364 E/Hyphenator( 1320): 	... 6 more
05-01 18:04:11.365 E/Hyphenator( 1320): error loading hyphenation /system/usr/hyphen-data/hyph-en-us.hyb
05-01 18:04:11.365 E/Hyphenator( 1320): java.io.FileNotFoundException: /system/usr/hyphen-data/hyph-en-us.hyb: open failed: ENOENT (No such file or directory)
05-01 18:04:11.365 E/Hyphenator( 1320): 	at libcore.io.IoBridge.open(IoBridge.java:455)
05-01 18:04:11.365 E/Hyphenator( 1320): 	at java.io.RandomAccessFile.<init>(RandomAccessFile.java:247)
05-01 18:04:11.365 E/Hyphenator( 1320): 	at android.text.Hyphenator.loadHyphenator(Hyphenator.java:118)
05-01 18:04:11.365 E/Hyphenator( 1320): 	at android.text.Hyphenator.init(Hyphenator.java:224)
05-01 18:04:11.365 E/Hyphenator( 1320): 	at com.android.internal.os.ZygoteInit.preloadTextResources(ZygoteInit.java:252)
05-01 18:04:11.365 E/Hyphenator( 1320): 	at com.android.internal.os.ZygoteInit.preload(ZygoteInit.java:206)
05-01 18:04:11.365 E/Hyphenator( 1320): 	at com.android.internal.os.ZygoteInit.main(ZygoteInit.java:743)
05-01 18:04:11.365 E/Hyphenator( 1320): Caused by: android.system.ErrnoException: open failed: ENOENT (No such file or directory)
05-01 18:04:11.365 E/Hyphenator( 1320): 	at libcore.io.Posix.open(Native Method)
05-01 18:04:11.365 E/Hyphenator( 1320): 	at libcore.io.BlockGuardOs.open(BlockGuardOs.java:187)
05-01 18:04:11.365 E/Hyphenator( 1320): 	at libcore.io.IoBridge.open(IoBridge.java:441)
05-01 18:04:11.365 E/Hyphenator( 1320): 	... 6 more
05-01 18:04:11.367 E/Hyphenator( 1320): error loading hyphenation /system/usr/hyphen-data/hyph-es.hyb
05-01 18:04:11.367 E/Hyphenator( 1320): java.io.FileNotFoundException: /system/usr/hyphen-data/hyph-es.hyb: open failed: ENOENT (No such file or directory)
05-01 18:04:11.367 E/Hyphenator( 1320): 	at libcore.io.IoBridge.open(IoBridge.java:455)
05-01 18:04:11.367 E/Hyphenator( 1320): 	at java.io.RandomAccessFile.<init>(RandomAccessFile.java:247)
05-01 18:04:11.367 E/Hyphenator( 1320): 	at android.text.Hyphenator.loadHyphenator(Hyphenator.java:118)
05-01 18:04:11.367 E/Hyphenator( 1320): 	at android.text.Hyphenator.init(Hyphenator.java:224)
05-01 18:04:11.367 E/Hyphenator( 1320): 	at com.android.internal.os.ZygoteInit.preloadTextResources(ZygoteInit.java:252)
05-01 18:04:11.367 E/Hyphenator( 1320): 	at com.android.internal.os.ZygoteInit.preload(ZygoteInit.java:206)
05-01 18:04:11.367 E/Hyphenator( 1320): 	at com.android.internal.os.ZygoteInit.main(ZygoteInit.java:743)
05-01 18:04:11.367 E/Hyphenator( 1320): Caused by: android.system.ErrnoException: open failed: ENOENT (No such file or directory)
05-01 18:04:11.367 E/Hyphenator( 1320): 	at libcore.io.Posix.open(Native Method)
05-01 18:04:11.367 E/Hyphenator( 1320): 	at libcore.io.BlockGuardOs.open(BlockGuardOs.java:187)
05-01 18:04:11.367 E/Hyphenator( 1320): 	at libcore.io.IoBridge.open(IoBridge.java:441)
05-01 18:04:11.367 E/Hyphenator( 1320): 	... 6 more
05-01 18:04:11.368 E/Hyphenator( 1320): error loading hyphenation /system/usr/hyphen-data/hyph-et.hyb
05-01 18:04:11.368 E/Hyphenator( 1320): java.io.FileNotFoundException: /system/usr/hyphen-data/hyph-et.hyb: open failed: ENOENT (No such file or directory)
05-01 18:04:11.368 E/Hyphenator( 1320): 	at libcore.io.IoBridge.open(IoBridge.java:455)
05-01 18:04:11.368 E/Hyphenator( 1320): 	at java.io.RandomAccessFile.<init>(RandomAccessFile.java:247)
05-01 18:04:11.368 E/Hyphenator( 1320): 	at android.text.Hyphenator.loadHyphenator(Hyphenator.java:118)
05-01 18:04:11.368 E/Hyphenator( 1320): 	at android.text.Hyphenator.init(Hyphenator.java:224)
05-01 18:04:11.368 E/Hyphenator( 1320): 	at com.android.internal.os.ZygoteInit.preloadTextResources(ZygoteInit.java:252)
05-01 18:04:11.368 E/Hyphenator( 1320): 	at com.android.internal.os.ZygoteInit.preload(ZygoteInit.java:206)
05-01 18:04:11.368 E/Hyphenator( 1320): 	at com.android.internal.os.ZygoteInit.main(ZygoteInit.java:743)
05-01 18:04:11.368 E/Hyphenator( 1320): Caused by: android.system.ErrnoException: open failed: ENOENT (No such file or directory)
05-01 18:04:11.368 E/Hyphenator( 1320): 	at libcore.io.Posix.open(Native Method)
05-01 18:04:11.368 E/Hyphenator( 1320): 	at libcore.io.BlockGuardOs.open(BlockGuardOs.java:187)
05-01 18:04:11.368 E/Hyphenator( 1320): 	at libcore.io.IoBridge.open(IoBridge.java:441)
05-01 18:04:11.368 E/Hyphenator( 1320): 	... 6 more
05-01 18:04:11.369 E/Hyphenator( 1320): error loading hyphenation /system/usr/hyphen-data/hyph-eu.hyb
05-01 18:04:11.369 E/Hyphenator( 1320): java.io.FileNotFoundException: /system/usr/hyphen-data/hyph-eu.hyb: open failed: ENOENT (No such file or directory)
05-01 18:04:11.369 E/Hyphenator( 1320): 	at libcore.io.IoBridge.open(IoBridge.java:455)
05-01 18:04:11.369 E/Hyphenator( 1320): 	at java.io.RandomAccessFile.<init>(RandomAccessFile.java:247)
05-01 18:04:11.369 E/Hyphenator( 1320): 	at android.text.Hyphenator.loadHyphenator(Hyphenator.java:118)
05-01 18:04:11.369 E/Hyphenator( 1320): 	at android.text.Hyphenator.init(Hyphenator.java:224)
05-01 18:04:11.369 E/Hyphenator( 1320): 	at com.android.internal.os.ZygoteInit.preloadTextResources(ZygoteInit.java:252)
05-01 18:04:11.369 E/Hyphenator( 1320): 	at com.android.internal.os.ZygoteInit.preload(ZygoteInit.java:206)
05-01 18:04:11.369 E/Hyphenator( 1320): 	at com.android.internal.os.ZygoteInit.main(ZygoteInit.java:743)
05-01 18:04:11.369 E/Hyphenator( 1320): Caused by: android.system.ErrnoException: open failed: ENOENT (No such file or directory)
05-01 18:04:11.369 E/Hyphenator( 1320): 	at libcore.io.Posix.open(Native Method)
05-01 18:04:11.369 E/Hyphenator( 1320): 	at libcore.io.BlockGuardOs.open(BlockGuardOs.java:187)
05-01 18:04:11.369 E/Hyphenator( 1320): 	at libcore.io.IoBridge.open(IoBridge.java:441)
05-01 18:04:11.369 E/Hyphenator( 1320): 	... 6 more
05-01 18:04:11.397 E/Hyphenator( 1320): error loading hyphenation /system/usr/hyphen-data/hyph-fr.hyb
05-01 18:04:11.397 E/Hyphenator( 1320): java.io.FileNotFoundException: /system/usr/hyphen-data/hyph-fr.hyb: open failed: ENOENT (No such file or directory)
05-01 18:04:11.397 E/Hyphenator( 1320): 	at libcore.io.IoBridge.open(IoBridge.java:455)
05-01 18:04:11.397 E/Hyphenator( 1320): 	at java.io.RandomAccessFile.<init>(RandomAccessFile.java:247)
05-01 18:04:11.397 E/Hyphenator( 1320): 	at android.text.Hyphenator.loadHyphenator(Hyphenator.java:118)
05-01 18:04:11.397 E/Hyphenator( 1320): 	at android.text.Hyphenator.init(Hyphenator.java:224)
05-01 18:04:11.397 E/Hyphenator( 1320): 	at com.android.internal.os.ZygoteInit.preloadTextResources(ZygoteInit.java:252)
05-01 18:04:11.397 E/Hyphenator( 1320): 	at com.android.internal.os.ZygoteInit.preload(ZygoteInit.java:206)
05-01 18:04:11.397 E/Hyphenator( 1320): 	at com.android.internal.os.ZygoteInit.main(ZygoteInit.java:743)
05-01 18:04:11.397 E/Hyphenator( 1320): Caused by: android.system.ErrnoException: open failed: ENOENT (No such file or directory)
05-01 18:04:11.397 E/Hyphenator( 1320): 	at libcore.io.Posix.open(Native Method)
05-01 18:04:11.397 E/Hyphenator( 1320): 	at libcore.io.BlockGuardOs.open(BlockGuardOs.java:187)
05-01 18:04:11.397 E/Hyphenator( 1320): 	at libcore.io.IoBridge.open(IoBridge.java:441)
05-01 18:04:11.397 E/Hyphenator( 1320): 	... 6 more
05-01 18:04:11.398 E/Hyphenator( 1320): error loading hyphenation /system/usr/hyphen-data/hyph-ga.hyb
05-01 18:04:11.398 E/Hyphenator( 1320): java.io.FileNotFoundException: /system/usr/hyphen-data/hyph-ga.hyb: open failed: ENOENT (No such file or directory)
05-01 18:04:11.398 E/Hyphenator( 1320): 	at libcore.io.IoBridge.open(IoBridge.java:455)
05-01 18:04:11.398 E/Hyphenator( 1320): 	at java.io.RandomAccessFile.<init>(RandomAccessFile.java:247)
05-01 18:04:11.398 E/Hyphenator( 1320): 	at android.text.Hyphenator.loadHyphenator(Hyphenator.java:118)
05-01 18:04:11.398 E/Hyphenator( 1320): 	at android.text.Hyphenator.init(Hyphenator.java:224)
05-01 18:04:11.398 E/Hyphenator( 1320): 	at com.android.internal.os.ZygoteInit.preloadTextResources(ZygoteInit.java:252)
05-01 18:04:11.398 E/Hyphenator( 1320): 	at com.android.internal.os.ZygoteInit.preload(ZygoteInit.java:206)
05-01 18:04:11.398 E/Hyphenator( 1320): 	at com.android.internal.os.ZygoteInit.main(ZygoteInit.java:743)
05-01 18:04:11.398 E/Hyphenator( 1320): Caused by: android.system.ErrnoException: open failed: ENOENT (No such file or directory)
05-01 18:04:11.398 E/Hyphenator( 1320): 	at libcore.io.Posix.open(Native Method)
05-01 18:04:11.398 E/Hyphenator( 1320): 	at libcore.io.BlockGuardOs.open(BlockGuardOs.java:187)
05-01 18:04:11.398 E/Hyphenator( 1320): 	at libcore.io.IoBridge.open(IoBridge.java:441)
