04-29 18:24:09.635 I/WindowManager( 1675): No existing display settings /data/system/display_settings.xml; starting empty
04-29 18:24:10.063 I/SystemServer( 1675): StartVrManagerService
04-29 18:24:10.064 I/SystemServiceManager( 1675): Starting com.android.server.vr.VrManagerService
04-29 18:24:10.092 W/VrManagerService( 1675): init_native: Could not open VR hardware module, error No such file or directory (-2).
04-29 18:24:10.111 I/InputManager( 1675): Starting input manager
04-29 18:24:10.203 I/SystemServer( 1675): No Bluetooth Service (emulator)
04-29 18:24:10.203 I/SystemServer( 1675): ConnectivityMetricsLoggerService
04-29 18:24:10.250 D/EventHub( 1675): No input device configuration file found for device 'Power Button'.
04-29 18:24:10.279 I/SystemServiceManager( 1675): Starting com.android.server.connectivity.MetricsLoggerService
04-29 18:24:10.353 I/SystemServer( 1675): IpConnectivityMetrics
04-29 18:24:10.353 I/SystemServiceManager( 1675): Starting com.android.server.connectivity.IpConnectivityMetrics
04-29 18:24:10.355 I/SystemServer( 1675): PinnerService
04-29 18:24:10.355 I/SystemServiceManager( 1675): Starting com.android.server.PinnerService
04-29 18:24:10.359 I/SystemServiceManager( 1675): Starting com.android.server.InputMethodManagerService$Lifecycle
04-29 18:24:10.473 W/EventHub( 1675): Unable to disable kernel key repeat for /dev/input/event0: Function not implemented
04-29 18:24:10.473 I/EventHub( 1675): New device: id=1, fd=91, path='/dev/input/event0', name='Power Button', classes=0x1, configuration='', keyLayout='/system/usr/keylayout/Generic.kl', keyCharacterMap='/system/usr/keychars/Generic.kcm', builtinKeyboard=false, wakeMechanism=EPOLLWAKEUP, usingClockIoctl=true
04-29 18:24:10.495 W/EventHub( 1675): Unable to disable kernel key repeat for /dev/input/event1: Function not implemented
04-29 18:24:10.495 I/EventHub( 1675): New device: id=2, fd=92, path='/dev/input/event1', name='qwerty2', classes=0x95, configuration='/system/usr/idc/qwerty2.idc', keyLayout='/system/usr/keylayout/qwerty.kl', keyCharacterMap='/system/usr/keychars/qwerty2.kcm', builtinKeyboard=true, wakeMechanism=EPOLLWAKEUP, usingClockIoctl=true
04-29 18:24:10.496 E/EventHub( 1675): could not get driver version for /dev/input/mice, Not a typewriter
04-29 18:24:10.684 I/InputReader( 1675): Device added: id=-1, name='Virtual', sources=0x00000301
04-29 18:24:10.688 I/InputReader( 1675):   Touch device 'qwerty2' could not query the properties of its associated display.  The device will be inoperable until the display size becomes available.
04-29 18:24:10.689 I/InputReader( 1675): Device added: id=0, name='qwerty2', sources=0x80001103
04-29 18:24:10.689 I/InputReader( 1675): Device added: id=1, name='Power Button', sources=0x00000101
04-29 18:24:11.092 I/SystemServer( 1675): StartAccessibilityManagerService
04-29 18:24:11.165 I/ActivityManager( 1675): Config changes=1df8 {1.0 ?mcc?mnc [en_US] ldltr sw360dp w360dp h640dp 480dpi nrml long port ?uimode ?night -touch -keyb/v/h -nav/h s.2}
04-29 18:24:11.206 I/ActivityManager( 1675): Config changes=500 {1.0 ?mcc?mnc [en_US] ldltr sw360dp w360dp h568dp 480dpi nrml port ?uimode ?night -touch -keyb/v/h -nav/h s.3}
04-29 18:24:11.318 I/InputReader( 1675): Reconfiguring input devices.  changes=0x00000004
04-29 18:24:11.318 I/InputReader( 1675): Device reconfigured: id=0, name='qwerty2', size 1080x1920, orientation 0, mode 1, display id 0
04-29 18:24:11.352 I/InputReader( 1675): Reconfiguring input devices.  changes=0x00000004
04-29 18:24:11.371 I/ActivityManager( 1675): Config changes=8 {1.0 ?mcc?mnc [en_US] ldltr sw360dp w360dp h568dp 480dpi nrml port ?uimode ?night finger -keyb/v/h -nav/h s.4}
04-29 18:24:11.444 I/SystemServiceManager( 1675): Starting com.android.server.MountService$Lifecycle
04-29 18:24:11.581 I/SystemServiceManager( 1675): Starting com.android.server.UiModeManagerService
04-29 18:24:11.586 I/ActivityManager( 1675): Config changes=200 {1.0 ?mcc?mnc [en_US] ldltr sw360dp w360dp h568dp 480dpi nrml port finger -keyb/v/h -nav/h s.5}
04-29 18:24:11.630 D/MountService( 1675): Thinking about init, mSystemReady=false, mDaemonConnected=true
04-29 18:24:11.631 D/MountService( 1675): Thinking about reset, mSystemReady=false, mDaemonConnected=true
04-29 18:24:11.633 D/MountService( 1675): Thinking about init, mSystemReady=false, mDaemonConnected=true
04-29 18:24:11.634 D/MountService( 1675): Thinking about reset, mSystemReady=false, mDaemonConnected=true
04-29 18:24:11.636 D/CryptdConnector( 1675): SND -> {1 cryptfs getfield SystemLocale}
04-29 18:24:11.651 D/CryptdConnector( 1675): RCV <- {200 1 -1}
04-29 18:24:11.741 I/SystemServer( 1675): StartLockSettingsService
04-29 18:24:11.750 I/SystemServiceManager( 1675): Starting com.android.server.LockSettingsService$Lifecycle
04-29 18:24:11.763 W/MountService( 1675): No primary storage mounted!
04-29 18:24:11.764 D/VoldConnector( 1675): SND -> {1 asec list}
04-29 18:24:11.777 D/VoldConnector( 1675): RCV <- {200 1 asec operation succeeded}
04-29 18:24:11.780 I/PackageManager( 1675): No secure containers found
04-29 18:24:11.781 W/PackageManager( 1675): Unknown permission com.google.android.googleapps.permission.GOOGLE_AUTH in package com.android.providers.calendar
04-29 18:24:11.781 W/PackageManager( 1675): Unknown permission com.google.android.googleapps.permission.GOOGLE_AUTH.cl in package com.android.providers.calendar
04-29 18:24:11.782 W/PackageManager( 1675): Not granting permission android.permission.GLOBAL_SEARCH to package com.android.quicksearchbox (protectionLevel=18 flags=0x3808be45)
04-29 18:24:11.782 W/PackageManager( 1675): Not granting permission android.permission.WRITE_EXTERNAL_STORAGE to package gov.nasa.arc.astrobee.android.gs.manager because it was previously installed without
04-29 18:24:11.783 W/PackageManager( 1675): Not granting permission android.permission.READ_EXTERNAL_STORAGE to package gov.nasa.arc.astrobee.android.gs.manager because it was previously installed without
04-29 18:24:11.783 W/PackageManager( 1675): Unknown permission com.android.launcher.permission.READ_SETTINGS in package com.android.launcher3
04-29 18:24:11.783 W/PackageManager( 1675): Unknown permission com.android.launcher.permission.WRITE_SETTINGS in package com.android.launcher3
04-29 18:24:11.783 W/PackageManager( 1675): Not granting permission android.permission.BIND_APPWIDGET to package com.android.launcher3 (protectionLevel=18 flags=0x3c4bbe45)
04-29 18:24:11.783 W/PackageManager( 1675): Unknown permission com.google.android.googleapps.permission.GOOGLE_AUTH.mail in package com.android.calendar
04-29 18:24:11.784 W/PackageManager( 1675): Unknown permission com.google.android.providers.settings.permission.WRITE_GSETTINGS in package com.android.sdksetup
04-29 18:24:11.784 W/PackageManager( 1675): Unknown permission com.google.android.permission.INSTALL_WEARABLE_PACKAGES in package com.android.packageinstaller
04-29 18:24:11.785 W/PackageManager( 1675): Not granting permission android.permission.DELETE_PACKAGES to package com.svox.pico (protectionLevel=18 flags=0x3808be45)
04-29 18:24:11.785 W/PackageManager( 1675): Not granting permission android.permission.READ_CONTACTS to package com.example.android.apis because it was previously installed without
04-29 18:24:11.785 W/PackageManager( 1675): Not granting permission android.permission.WRITE_CONTACTS to package com.example.android.apis because it was previously installed without
04-29 18:24:11.785 W/PackageManager( 1675): Not granting permission android.permission.ACCESS_COARSE_LOCATION to package com.example.android.apis because it was previously installed without
04-29 18:24:11.785 W/PackageManager( 1675): Not granting permission android.permission.WRITE_EXTERNAL_STORAGE to package com.example.android.apis because it was previously installed without
04-29 18:24:11.785 W/PackageManager( 1675): Not granting permission android.permission.SEND_SMS to package com.example.android.apis because it was previously installed without
04-29 18:24:11.785 W/PackageManager( 1675): Not granting permission android.permission.RECEIVE_SMS to package com.example.android.apis because it was previously installed without
04-29 18:24:11.785 W/PackageManager( 1675): Not granting permission android.permission.RECEIVE_MMS to package com.example.android.apis because it was previously installed without
04-29 18:24:11.785 W/PackageManager( 1675): Not granting permission android.permission.READ_SMS to package com.example.android.apis because it was previously installed without
04-29 18:24:11.785 W/PackageManager( 1675): Not granting permission android.permission.READ_PHONE_STATE to package com.example.android.apis because it was previously installed without
04-29 18:24:11.785 W/PackageManager( 1675): Not granting permission android.permission.RECORD_AUDIO to package com.example.android.apis because it was previously installed without
04-29 18:24:11.785 W/PackageManager( 1675): Not granting permission android.permission.CAMERA to package com.example.android.apis because it was previously installed without
04-29 18:24:11.785 W/PackageManager( 1675): Not granting permission android.permission.READ_EXTERNAL_STORAGE to package com.example.android.apis because it was previously installed without
04-29 18:24:11.786 W/PackageManager( 1675): Unknown permission android.permission.RUN_INSTRUMENTATION in package org.chromium.webview_shell
04-29 18:24:11.786 W/PackageManager( 1675): Not granting permission android.permission.CAMERA to package jp.jaxa.iss.kibo.rpc.sampleapk because it was previously installed without
04-29 18:24:11.786 W/PackageManager( 1675): Not granting permission android.permission.WRITE_EXTERNAL_STORAGE to package jp.jaxa.iss.kibo.rpc.sampleapk because it was previously installed without
04-29 18:24:11.786 W/PackageManager( 1675): Not granting permission android.permission.READ_EXTERNAL_STORAGE to package jp.jaxa.iss.kibo.rpc.sampleapk because it was previously installed without
04-29 18:24:11.786 W/PackageManager( 1675): Unknown permission com.google.android.googleapps.permission.GOOGLE_AUTH in package com.android.settings
04-29 18:24:11.786 W/PackageManager( 1675): Unknown permission com.android.launcher.permission.READ_SETTINGS in package com.android.settings
04-29 18:24:11.787 W/PackageManager( 1675): Unknown permission com.android.launcher.permission.WRITE_SETTINGS in package com.android.settings
04-29 18:24:11.787 W/PackageManager( 1675): Unknown permission com.android.smspush.WAPPUSH_MANAGER_BIND in package com.android.phone
04-29 18:24:11.788 W/PackageManager( 1675): Unknown permission com.google.android.googleapps.permission.ACCESS_GOOGLE_PASSWORD in package com.android.development
04-29 18:24:11.788 W/PackageManager( 1675): Unknown permission com.google.android.googleapps.permission.GOOGLE_AUTH in package com.android.development
04-29 18:24:11.788 W/PackageManager( 1675): Unknown permission com.google.android.googleapps.permission.GOOGLE_AUTH.ALL_SERVICES in package com.android.development
04-29 18:24:11.789 W/PackageManager( 1675): Unknown permission com.google.android.googleapps.permission.GOOGLE_AUTH.YouTubeUser in package com.android.development
04-29 18:24:11.789 W/PackageManager( 1675): Not granting permission android.permission.BIND_APPWIDGET to package com.android.widgetpreview (protectionLevel=18 flags=0x3808be44)
04-29 18:24:11.880 I/SystemServiceManager( 1675): Starting com.android.server.DeviceIdleController
04-29 18:24:12.290 I/SystemServiceManager( 1675): Starting com.android.server.devicepolicy.DevicePolicyManagerService$Lifecycle
04-29 18:24:12.320 W/MountService( 1675): No primary storage defined yet; hacking together a stub
04-29 18:24:12.328 W/MountService( 1675): No primary storage defined yet; hacking together a stub
04-29 18:24:12.332 W/MountService( 1675): No primary storage mounted!
04-29 18:24:12.332 D/VoldConnector( 1675): SND -> {2 asec list}
04-29 18:24:12.334 D/VoldConnector( 1675): RCV <- {200 2 asec operation succeeded}
04-29 18:24:12.379 I/SystemServer( 1675): StartStatusBarManagerService
04-29 18:24:12.464 I/SystemServer( 1675): StartClipboardService
04-29 18:24:12.484 I/SystemServer( 1675): StartNetworkManagementService
04-29 18:24:12.564 W/UsageStatsService( 1675): User[0] Some stats have no latest available
04-29 18:24:12.602 I/NetworkManagement( 1675): onDaemonConnected()
04-29 18:24:12.633 I/SystemServiceManager( 1675): Starting com.android.server.TextServicesManagerService$Lifecycle
04-29 18:24:12.665 I/SystemServer( 1675): StartNetworkScoreService
04-29 18:24:12.727 I/UsageStatsService( 1675): User[0] Rollover scheduled @ 2021-04-30 18:24:11(1619807051180)
04-29 18:24:12.750 I/SystemServer( 1675): StartNetworkStatsService
04-29 18:24:12.916 I/SystemServer( 1675): StartNetworkPolicyManagerService
04-29 18:24:13.024 I/SystemServer( 1675): No Wi-Fi NAN Service (NAN support Not Present)
04-29 18:24:13.176 W/art     ( 1675): Verification of void com.android.server.wifi.p2p.WifiP2pService.<init>(android.content.Context) took 114.915ms
04-29 18:24:13.179 I/SystemServiceManager( 1675): Starting com.android.server.wifi.p2p.WifiP2pService
04-29 18:24:13.516 I/WifiP2pService( 1675): Registering wifip2p
04-29 18:24:13.522 I/art     ( 1675): Background sticky concurrent mark sweep GC freed 33841(2MB) AllocSpace objects, 20(400KB) LOS objects, 26% free, 8MB/10MB, paused 2.104ms total 638.071ms
04-29 18:24:13.524 I/SystemServiceManager( 1675): Starting com.android.server.wifi.WifiService
04-29 18:24:13.832 W/art     ( 1675): Verification of void com.android.server.wifi.WifiStateMachine.<init>(android.content.Context, com.android.server.wifi.FrameworkFacade, android.os.Looper, android.os.UserManager, com.android.server.wifi.WifiInjector, com.android.server.wifi.BackupManagerProxy, com.android.server.wifi.WifiCountryCode) took 105.373ms
04-29 18:24:14.012 W/art     ( 1675): Verification of void com.android.server.wifi.WifiStateMachine.wnmFrameReceived(com.android.server.wifi.WnmData) took 102.275ms
04-29 18:24:14.327 D/HS20    ( 1675): Passpoint is disabled
04-29 18:24:14.437 D/CommandListener( 1334): Clearing all IP addresses on wlan0
04-29 18:24:14.711 E/WifiLogger( 1675): no ring buffers found
04-29 18:24:14.711 E/WifiLogger( 1675): Failed to start packet fate monitoring
04-29 18:24:14.722 D/WifiApConfigStore( 1675): 2G band allowed channels are:1,6,11
04-29 18:24:14.770 D/WifiController( 1675): isAirplaneModeOn = true, isWifiEnabled = false, isScanningAvailable = false
04-29 18:24:14.776 I/WifiService( 1675): Registering wifi
04-29 18:24:14.786 I/SystemServiceManager( 1675): Starting com.android.server.wifi.scanner.WifiScanningService
04-29 18:24:14.786 I/WifiScanningService( 1675): Creating wifiscanner
04-29 18:24:14.801 I/WifiScanningService( 1675): Publishing wifiscanner
04-29 18:24:14.804 I/SystemServiceManager( 1675): Starting com.android.server.wifi.RttService
04-29 18:24:14.810 I/RttService( 1675): Creating rttmanager
04-29 18:24:14.813 I/RttService( 1675): Starting rttmanager
04-29 18:24:14.815 I/SystemServer( 1675): StartConnectivityService
04-29 18:24:14.855 D/ConnectivityService( 1675): ConnectivityService starting up
04-29 18:24:14.869 D/ConnectivityService( 1675): wifiOnly=false
04-29 18:24:14.937 I/SystemServer( 1675): StartNsdService
04-29 18:24:14.979 I/SystemServer( 1675): StartUpdateLockService
04-29 18:24:14.995 I/SystemServiceManager( 1675): Starting com.android.server.RecoverySystemService
04-29 18:24:15.000 I/SystemServiceManager( 1675): Starting com.android.server.notification.NotificationManagerService
04-29 18:24:15.229 D/ConditionProviders.SCP( 1675): new ScheduleConditionProvider()
04-29 18:24:15.303 D/ZenLog  ( 1675): config: readXml,ZenModeConfig[user=0,allowCalls=true,allowRepeatCallers=false,allowMessages=false,allowCallsFrom=contacts,allowMessagesFrom=contacts,allowReminders=true,allowEvents=true,allowWhenScreenOff=true,allowWhenScreenOn=true,automaticRules={370bd6672ef541ba946db9ac4aef0faf=ZenRule[enabled=false,snoozing=false,name=Weeknight,zenMode=ZEN_MODE_ALARMS,conditionId=condition://android/schedule?days=1.2.3.4.5&start=22.0&end=7.0&exitAtAlarm=false,condition=Condition[id=condition://android/schedule?days=1.2.3.4.5&start=22.0&end=7.0&exitAtAlarm=false,summary=...,line1=...,line2=...,icon=0,state=STATE_FALSE,flags=2],component=ComponentInfo{android/com.android.server.notification.ScheduleConditionProvider},id=370bd6672ef541ba946db9ac4aef0faf,creationTime=1590622727817,enabler=null], a53ffdf89c814123a52adbdd46bc948d=ZenRule[enabled=false,snoozing=false,name=Weekend,zenMode=ZEN_MODE_ALARMS,conditionId=condition://android/schedule?days=6.7&start=23.30&end=10.0&exitAtAlarm=false,condition=Condition[id=condition://android/schedule?days=6.7&start=23.30&end=10.0&exitAtAlarm=false,summary=...,line1=...,line2=...,icon=0,state=STATE_FALSE,flags=2],component=ComponentInfo{android/com.android.server.notification.ScheduleConditionProvider},id=a53ffdf89c814123a52adbdd46bc948d,creationTime=1590622727818,enabler=null], fc8bb1aacabb4877a1d1d167106f6e77=ZenRule[enabled=false,snoozing=false,name=Event,zenMode=ZEN_MODE_ALARMS,conditionId=condition://android/event?userId=-10000&calendar=&reply=1,condition=Condition[id=condition://android/event?userId=-10000&calendar=&reply=1,summary=...,line1=...,line2=...,icon=0,state=STATE_FALSE,flags=2],component=ComponentInfo{android/com.android.server.notification.EventConditionProvider},id=fc8bb1aacabb4877a1d1d167106f6e77,creationTime=1590622727822,enabler=null]},manualRule=null],Diff[automaticRule[370bd6672ef541ba946db9ac4aef0faf]:insert,automaticRule[a53ffdf89c814123a52adbdd46bc948d]:insert,automaticRule[4a66d43d332d45d4ba4748a5dde125cc]:delete,automaticRule[a25796f2e3f24d03af53f404978f3a6d]:delete,automaticRule[ae9379b95949471e8379bd7c3de96f6e]:delete,automaticRule[fc8bb1aacabb4877a1d1d167106f6e77]:insert]
04-29 18:24:15.479 D/ZenLog  ( 1675): set_zen_mode: off,init
04-29 18:24:15.552 I/SystemServiceManager( 1675): Starting com.android.server.storage.DeviceStorageMonitorService
04-29 18:24:15.616 I/SystemServer( 1675): StartLocationManagerService
04-29 18:24:15.670 I/SystemServer( 1675): StartCountryDetectorService
04-29 18:24:15.682 I/SystemServer( 1675): StartSearchManagerService
04-29 18:24:15.683 I/SystemServiceManager( 1675): Starting com.android.server.search.SearchManagerService$Lifecycle
04-29 18:24:15.700 I/SystemServiceManager( 1675): Starting com.android.server.DropBoxManagerService
04-29 18:24:15.710 I/SystemServer( 1675): StartWallpaperManagerService
04-29 18:24:15.711 I/SystemServiceManager( 1675): Starting com.android.server.wallpaper.WallpaperManagerService$Lifecycle
04-29 18:24:15.752 E/BitmapFactory( 1675): Unable to decode stream: java.io.FileNotFoundException: /data/system/users/0/wallpaper_orig (No such file or directory)
04-29 18:24:15.752 E/WallpaperManagerService( 1675): Invalid wallpaper data
04-29 18:24:15.752 E/WallpaperManagerService( 1675): Unable to apply new wallpaper
04-29 18:24:15.764 I/SystemServer( 1675): StartAudioService
04-29 18:24:15.764 I/SystemServiceManager( 1675): Starting com.android.server.audio.AudioService$Lifecycle
04-29 18:24:15.874 W/TelecomManager( 1675): Telecom Service not found.
04-29 18:24:15.917 D/PermissionCache( 1324): checking android.permission.MODIFY_AUDIO_SETTINGS for uid=1000 => granted (3780 us)
04-29 18:24:15.930 D/PermissionCache( 1324): checking android.permission.MODIFY_AUDIO_SETTINGS for uid=1000 => granted (30389 us)
04-29 18:24:15.959 W/AudioFlinger( 1324): no wake lock to update, system not ready yet
04-29 18:24:16.169 I/SystemServiceManager( 1675): Starting com.android.server.DockObserver
04-29 18:24:16.181 W/DockObserver( 1675): This kernel does not have dock station support
04-29 18:24:16.185 I/SystemServer( 1675): StartWiredAccessoryManager
04-29 18:24:16.188 W/WiredAccessoryManager( 1675): This kernel does not have usb audio support
04-29 18:24:16.189 W/WiredAccessoryManager( 1675): This kernel does not have HDMI audio support
04-29 18:24:16.220 I/SystemServiceManager( 1675): Starting com.android.server.midi.MidiService$Lifecycle
04-29 18:24:16.234 I/SystemServiceManager( 1675): Starting com.android.server.usb.UsbService$Lifecycle
04-29 18:24:16.293 I/SystemServer( 1675): StartSerialService
04-29 18:24:16.296 E/HardwarePropertiesManagerService-JNI( 1675): Couldn't load thermal module (No such file or directory)
04-29 18:24:16.298 I/SystemServiceManager( 1675): Starting com.android.server.twilight.TwilightService
04-29 18:24:16.317 I/SystemServiceManager( 1675): Starting com.android.server.job.JobSchedulerService
04-29 18:24:16.389 I/SystemServiceManager( 1675): Starting com.android.server.soundtrigger.SoundTriggerService
04-29 18:24:16.420 I/SystemServiceManager( 1675): Starting com.android.server.backup.BackupManagerService$Lifecycle
04-29 18:24:16.441 I/SystemServiceManager( 1675): Starting com.android.server.appwidget.AppWidgetService
04-29 18:24:16.494 I/SystemServiceManager( 1675): Starting com.android.server.voiceinteraction.VoiceInteractionManagerService
04-29 18:24:16.501 I/SystemServer( 1675): Gesture Launcher Service
04-29 18:24:16.501 I/SystemServiceManager( 1675): Starting com.android.server.GestureLauncherService
04-29 18:24:16.508 I/SystemServiceManager( 1675): Starting com.android.server.SensorNotificationService
04-29 18:24:16.509 I/SystemServiceManager( 1675): Starting com.android.server.ContextHubSystemService
04-29 18:24:16.531 E/ContextHubService( 1675): ** Could not load context_hub module : err No such file or directory
04-29 18:24:16.531 W/ContextHubService( 1675): No Context Hub Module present
04-29 18:24:16.532 I/SystemServer( 1675): StartDiskStatsService
04-29 18:24:16.534 I/SystemServer( 1675): StartSamplingProfilerService
04-29 18:24:16.584 I/SystemServer( 1675): StartNetworkTimeUpdateService
04-29 18:24:16.589 I/SystemServer( 1675): StartCommonTimeManagementService
04-29 18:24:16.605 I/SystemServer( 1675): CertBlacklister
04-29 18:24:16.609 I/SystemServiceManager( 1675): Starting com.android.server.emergency.EmergencyAffordanceService
04-29 18:24:16.623 I/SystemServiceManager( 1675): Starting com.android.server.dreams.DreamManagerService
04-29 18:24:16.629 I/SystemServer( 1675): StartAssetAtlasService
04-29 18:24:16.675 I/SystemServiceManager( 1675): Starting com.android.server.print.PrintManagerService
04-29 18:24:16.700 I/SystemServiceManager( 1675): Starting com.android.server.restrictions.RestrictionsManagerService
04-29 18:24:16.716 D/AssetAtlas( 1675): Loaded configuration: SliceMinArea (1280x896) flags=0x2 count=91
04-29 18:24:16.740 I/SystemServiceManager( 1675): Starting com.android.server.media.MediaSessionService
04-29 18:24:16.764 D/gralloc_ranchu( 1675): Emulator without host-side GPU emulation detected. Loading gralloc.default.so from /vendor/lib64/hw/gralloc.goldfish.default.so...
04-29 18:24:16.767 D/gralloc_ranchu( 1675): gralloc.default.so not found in /vendor. Trying /system/lib64/hw/gralloc.goldfish.default.so...
04-29 18:24:16.786 I/SystemServer( 1675): StartMediaRouterService
04-29 18:24:16.810 I/SystemServiceManager( 1675): Starting com.android.server.trust.TrustManagerService
04-29 18:24:16.915 I/SystemServiceManager( 1675): Starting com.android.server.fingerprint.FingerprintService
04-29 18:24:17.027 D/PermissionCache( 1341): checking android.permission.MANAGE_FINGERPRINT for uid=1000 => granted (3975 us)
04-29 18:24:17.040 V/fingerprintd( 1341): nativeOpenHal()
04-29 18:24:17.128 D/FingerprintHal( 1341): ----------------> fingerprint_open ----------------->
04-29 18:24:17.142 D/FingerprintHal( 1341): ----------------> listenerFunction ----------------->
04-29 18:24:17.173 E/fingerprintd( 1341): Wrong fp version. Expected 512, got 513
04-29 18:24:17.173 D/FingerprintHal( 1341): ----------------> set_notify_callback ----------------->
04-29 18:24:17.173 D/FingerprintHal( 1341): fingerprint callback notification set
04-29 18:24:17.174 V/fingerprintd( 1341): fingerprint HAL successfully initialized
04-29 18:24:17.208 I/art     ( 1675): Background partial concurrent mark sweep GC freed 18275(1379KB) AllocSpace objects, 5(100KB) LOS objects, 24% free, 12MB/16MB, paused 1.453ms total 289.160ms
04-29 18:24:17.229 V/fingerprintd( 1341): setActiveGroup(0, /data/system/users/0/fpdata, 27)
04-29 18:24:17.229 D/FingerprintHal( 1341): ----------------> fingerprint_set_active_group -----------------> path /data/system/users/0/fpdata
04-29 18:24:17.229 D/FingerprintHal( 1341): ----------------> loadFingerprints ----------------->
04-29 18:24:17.230 E/FingerprintHal( 1341): Could not load fingerprints from storage at /data/system/users/0/fpdata/emufp.bin; it has not yet been created.
04-29 18:24:17.271 D/FingerprintHal( 1341): ----------------> loadAuthenticatorId ----------------->
04-29 18:24:17.280 D/FingerprintHal( 1341): Read authenticator id (0x6b8b4567327b23c6)
04-29 18:24:17.302 D/FingerprintHal( 1341): ----------------> fingerprint_get_auth_id ----------------->
04-29 18:24:17.303 D/FingerprintHal( 1341): ----------------> fingerprint_get_auth_id auth id 6b8b4567327b23c6----------------->
04-29 18:24:17.310 V/FingerprintService( 1675): Fingerprint HAL id: 131702519545856
04-29 18:24:17.312 I/SystemServer( 1675): StartBackgroundDexOptService
04-29 18:24:17.318 I/SystemServiceManager( 1675): Starting com.android.server.pm.ShortcutService$Lifecycle
04-29 18:24:17.382 I/SystemServiceManager( 1675): Starting com.android.server.pm.LauncherAppsService
04-29 18:24:17.414 I/SystemServiceManager( 1675): Starting com.android.server.media.projection.MediaProjectionManagerService
04-29 18:24:17.416 W/AssetAtlasService( 1675): Could not find EGL configuration
04-29 18:24:17.639 D/AssetAtlas( 1675): Rendered atlas in 759.87ms (492.42+267.45ms)
04-29 18:24:17.747 V/MediaRouter( 1675): Adding route: RouteInfo{ name=Phone, description=null, status=null, category=RouteCategory{ name=null types=ROUTE_TYPE_LIVE_AUDIO ROUTE_TYPE_LIVE_VIDEO  groupable=false }, supportedTypes=ROUTE_TYPE_LIVE_AUDIO ROUTE_TYPE_LIVE_VIDEO , presentationDisplay=null }
04-29 18:24:17.802 V/MediaRouter( 1675): Updating audio routes: AudioRoutesInfo{ type=SPEAKER }
04-29 18:24:17.809 V/MediaRouter( 1675): Selecting route: RouteInfo{ name=Phone, description=null, status=null, category=RouteCategory{ name=null types=ROUTE_TYPE_LIVE_AUDIO ROUTE_TYPE_LIVE_VIDEO  groupable=false }, supportedTypes=ROUTE_TYPE_LIVE_AUDIO ROUTE_TYPE_LIVE_VIDEO , presentationDisplay=null }
04-29 18:24:17.908 I/WindowManager( 1675): SAFE MODE not enabled
04-29 18:24:17.909 I/SystemServiceManager( 1675): Starting com.android.server.MmsServiceBroker
04-29 18:24:17.998 W/VibratorService( 1675): Tried to stop vibrating but there is no vibrator device.
04-29 18:24:18.545 E/LockSettingsStorage( 1675): Cannot read file java.io.FileNotFoundException: /data/system/gatekeeper.password.key: open failed: ENOENT (No such file or directory)
04-29 18:24:18.546 E/LockSettingsStorage( 1675): Cannot read file java.io.FileNotFoundException: /data/system/password.key: open failed: ENOENT (No such file or directory)
04-29 18:24:18.547 E/LockSettingsStorage( 1675): Cannot read file java.io.FileNotFoundException: /data/system/gatekeeper.pattern.key: open failed: ENOENT (No such file or directory)
04-29 18:24:18.548 E/LockSettingsStorage( 1675): Cannot read file java.io.FileNotFoundException: /data/system/gatekeeper.gesture.key: open failed: ENOENT (No such file or directory)
04-29 18:24:18.549 E/LockSettingsStorage( 1675): Cannot read file java.io.FileNotFoundException: /data/system/gesture.key: open failed: ENOENT (No such file or directory)
04-29 18:24:18.565 I/SystemServiceManager( 1675): Starting phase 480
04-29 18:24:18.642 I/DevicePolicyManagerService( 1675): Set ro.device_owner property to false
04-29 18:24:18.672 I/SystemServiceManager( 1675): Starting phase 500
04-29 18:24:18.708 D/ConnectivityMetricsLoggerService( 1675): onBootPhase: PHASE_SYSTEM_SERVICES_READY
04-29 18:24:18.799 I/WifiService( 1675): WifiService starting up with Wi-Fi disabled
04-29 18:24:18.818 I/WifiScanningService( 1675): Starting wifiscanner
04-29 18:24:18.834 I/RttService( 1675): Registering rttmanager
04-29 18:24:18.865 D/ZenLog  ( 1675): config: cleanUpZenRules,ZenModeConfig[user=0,allowCalls=true,allowRepeatCallers=false,allowMessages=false,allowCallsFrom=contacts,allowMessagesFrom=contacts,allowReminders=true,allowEvents=true,allowWhenScreenOff=true,allowWhenScreenOn=true,automaticRules={370bd6672ef541ba946db9ac4aef0faf=ZenRule[enabled=false,snoozing=false,name=Weeknight,zenMode=ZEN_MODE_ALARMS,conditionId=condition://android/schedule?days=1.2.3.4.5&start=22.0&end=7.0&exitAtAlarm=false,condition=Condition[id=condition://android/schedule?days=1.2.3.4.5&start=22.0&end=7.0&exitAtAlarm=false,summary=...,line1=...,line2=...,icon=0,state=STATE_FALSE,flags=2],component=ComponentInfo{android/com.android.server.notification.ScheduleConditionProvider},id=370bd6672ef541ba946db9ac4aef0faf,creationTime=1590622727817,enabler=null], a53ffdf89c814123a52adbdd46bc948d=ZenRule[enabled=false,snoozing=false,name=Weekend,zenMode=ZEN_MODE_ALARMS,conditionId=condition://android/schedule?days=6.7&start=23.30&end=10.0&exitAtAlarm=false,condition=Condition[id=condition://android/schedule?days=6.7&start=23.30&end=10.0&exitAtAlarm=false,summary=...,line1=...,line2=...,icon=0,state=STATE_FALSE,flags=2],component=ComponentInfo{android/com.android.server.notification.ScheduleConditionProvider},id=a53ffdf89c814123a52adbdd46bc948d,creationTime=1590622727818,enabler=null], fc8bb1aacabb4877a1d1d167106f6e77=ZenRule[enabled=false,snoozing=false,name=Event,zenMode=ZEN_MODE_ALARMS,conditionId=condition://android/event?userId=-10000&calendar=&reply=1,condition=Condition[id=condition://android/event?userId=-10000&calendar=&reply=1,summary=...,line1=...,line2=...,icon=0,state=STATE_FALSE,flags=2],component=ComponentInfo{android/com.android.server.notification.EventConditionProvider},id=fc8bb1aacabb4877a1d1d167106f6e77,creationTime=1590622727822,enabler=null]},manualRule=null],Diff[]
04-29 18:24:18.866 D/ZenLog  ( 1675): set_zen_mode: off,onSystemReady
04-29 18:24:18.915 D/PermissionCache( 1324): checking android.permission.CAPTURE_AUDIO_HOTWORD for uid=1000 => granted (13332 us)
04-29 18:24:18.918 W/SoundTriggerHelper( 1675): listModules status=0, # of modules=0
04-29 18:24:18.918 D/ContextHubSystemService( 1675): onBootPhase: PHASE_SYSTEM_SERVICES_READY
04-29 18:24:19.388 W/KeyguardServiceDelegate( 1675): onScreenTurningOn(): no keyguard service!
04-29 18:24:19.395 V/UserManagerService( 1675): Found /data/user_de/0 with serial number 0
04-29 18:24:19.396 V/UserManagerService( 1675): Found /data/user/0 with serial number 0
04-29 18:24:19.396 V/UserManagerService( 1675): Found /data/system_de/0 with serial number 0
04-29 18:24:19.396 V/UserManagerService( 1675): Found /data/system_ce/0 with serial number 0
04-29 18:24:20.199 I/ActivityManager( 1675): System now ready
04-29 18:24:20.293 I/SystemServer( 1675): Making services ready
04-29 18:24:20.293 I/SystemServiceManager( 1675): Starting phase 550
04-29 18:24:20.390 W/WindowManager( 1675): Keyguard drawn timeout. Setting mKeyguardDrawComplete
04-29 18:24:20.748 E/InputMethodManagerService( 1675): Ignoring updateSystemUiLocked due to an invalid token. uid:1000 token:null
04-29 18:24:21.221 I/Zygote  ( 1675): Process: zygote socket opened, supported ABIS: x86_64
04-29 18:24:21.362 W/ActivityManager( 1675): Slow operation: 192ms so far, now at startProcess: returned from zygote!
04-29 18:24:21.362 W/ActivityManager( 1675): Slow operation: 193ms so far, now at startProcess: done updating battery stats
04-29 18:24:21.363 W/ActivityManager( 1675): Slow operation: 194ms so far, now at startProcess: building log message
04-29 18:24:21.364 I/ActivityManager( 1675): Start proc 1963:com.android.inputmethod.latin/u0a41 for service com.android.inputmethod.latin/.LatinIME
04-29 18:24:21.364 W/ActivityManager( 1675): Slow operation: 195ms so far, now at startProcess: starting to update pids map
04-29 18:24:21.364 W/ActivityManager( 1675): Slow operation: 195ms so far, now at startProcess: done updating pids map
04-29 18:24:21.365 W/ActivityManager( 1675): Slow operation: 197ms so far, now at startProcess: done starting proc!
04-29 18:24:21.373 W/art     ( 1675): Long monitor contention with owner main (1675) at int com.android.server.am.ActivityManagerService.bindService(android.app.IApplicationThread, android.os.IBinder, android.content.Intent, java.lang.String, android.app.IServiceConnection, int, java.lang.String, int)(ActivityManagerService.java:17301) waiters=0 in void com.android.server.am.ActivityManagerService.dispatchUidsChanged() for 197ms
04-29 18:24:21.374 V/InputMethodManagerService( 1675): Adding window token: android.os.Binder@3e68285
04-29 18:24:21.376 D/MountService( 1675): Thinking about init, mSystemReady=true, mDaemonConnected=true
04-29 18:24:21.376 D/MountService( 1675): Setting up emulation state, initlocked=false
04-29 18:24:21.377 D/CryptdConnector( 1675): SND -> {2 cryptfs unlock_user_key 0 0 ! !}
04-29 18:24:21.389 D/vold    ( 1275): e4crypt_unlock_user_key 0 serial=0 token_present=0
04-29 18:24:21.407 E/BitmapFactory( 1675): Unable to decode stream: java.io.FileNotFoundException: /data/system/users/0/wallpaper_orig (No such file or directory)
04-29 18:24:21.407 E/WallpaperManagerService( 1675): Invalid wallpaper data
04-29 18:24:21.408 E/WallpaperManagerService( 1675): Unable to apply new wallpaper
04-29 18:24:21.473 D/CryptdConnector( 1675): RCV <- {200 2 Command succeeded}
04-29 18:24:21.475 D/MountService( 1675): Thinking about reset, mSystemReady=true, mDaemonConnected=true
04-29 18:24:21.477 D/VoldConnector( 1675): SND -> {3 volume reset}
04-29 18:24:21.493 D/vold    ( 1275): Recognized experimental block major ID 253 as virtio-blk (emulator's virtual SD card device)
04-29 18:24:21.494 V/vold    ( 1275): /system/bin/sgdisk
04-29 18:24:21.494 V/vold    ( 1275):     --android-dump
04-29 18:24:21.494 V/vold    ( 1275):     /dev/block/vold/disk:253,48
04-29 18:24:21.538 D/VoldConnector( 1675): RCV <- {651 emulated 7}
04-29 18:24:21.544 D/VoldConnector( 1675): RCV <- {659 emulated}
04-29 18:24:21.546 D/VoldConnector( 1675): RCV <- {650 emulated 2 "" ""}
04-29 18:24:21.560 D/VoldConnector( 1675): RCV <- {651 emulated 0}
04-29 18:24:21.561 D/VoldConnector( 1675): RCV <- {651 public:253,48 7}
04-29 18:24:21.562 D/VoldConnector( 1675): RCV <- {659 public:253,48}
04-29 18:24:21.563 D/VoldConnector( 1675): RCV <- {649 disk:253,48}
04-29 18:24:21.563 D/VoldConnector( 1675): RCV <- {640 disk:253,48 5}
04-29 18:24:21.564 D/VoldConnector( 1675): RCV <- {641 disk:253,48 549453824}
04-29 18:24:21.565 D/VoldConnector( 1675): RCV <- {642 disk:253,48 Virtual}
04-29 18:24:21.565 D/VoldConnector( 1675): RCV <- {644 disk:253,48 /sys//devices/pci0000:00/0000:00:06.0/virtio3/block/vdd}
04-29 18:24:21.582 W/art     ( 1963): Unexpected CPU variant for X86 using defaults: x86_64
04-29 18:24:21.618 V/MountService( 1675): Found primary storage at VolumeInfo{emulated}:
04-29 18:24:21.618 V/MountService( 1675):     type=EMULATED diskId=null partGuid=null mountFlags=0 mountUserId=-1 
04-29 18:24:21.618 V/MountService( 1675):     state=UNMOUNTED 
04-29 18:24:21.618 V/MountService( 1675):     fsType=null fsUuid=null fsLabel=null 
04-29 18:24:21.618 V/MountService( 1675):     path=null internalPath=null 
04-29 18:24:21.682 W/ActivityManager( 1675): Slow operation: 200ms so far, now at startProcess: returned from zygote!
04-29 18:24:21.682 W/ActivityManager( 1675): Slow operation: 200ms so far, now at startProcess: done updating battery stats
04-29 18:24:21.683 W/ActivityManager( 1675): Slow operation: 201ms so far, now at startProcess: building log message
04-29 18:24:21.683 I/ActivityManager( 1675): Start proc 1971:com.android.systemui/u0a21 for service com.android.systemui/.ImageWallpaper
04-29 18:24:21.683 W/ActivityManager( 1675): Slow operation: 201ms so far, now at startProcess: starting to update pids map
04-29 18:24:21.683 W/ActivityManager( 1675): Slow operation: 201ms so far, now at startProcess: done updating pids map
04-29 18:24:21.683 W/ActivityManager( 1675): Slow operation: 202ms so far, now at startProcess: done starting proc!
04-29 18:24:21.690 W/art     ( 1675): Long monitor contention with owner main (1675) at int com.android.server.am.ActivityManagerService.bindService(android.app.IApplicationThread, android.os.IBinder, android.content.Intent, java.lang.String, android.app.IServiceConnection, int, java.lang.String, int)(ActivityManagerService.java:17301) waiters=0 in void com.android.server.am.ActivityManagerService$MainHandler.handleMessage(android.os.Message) for 213ms
04-29 18:24:21.691 I/ActivityManager( 1675): Force stopping com.android.providers.media appid=10010 user=-1: vold reset
04-29 18:24:21.696 E/BluetoothAdapter( 1675): Bluetooth binder is null
04-29 18:24:21.703 D/UsbAlsaManager( 1675): Adding ALSA device AlsaDevice: [card: 0, device: 0, type: 1]
04-29 18:24:21.703 D/UsbAlsaManager( 1675): Adding ALSA device AlsaDevice: [card: 0, device: 0, type: 2]
04-29 18:24:21.705 I/SystemServer( 1675): WebViewFactory preparation
04-29 18:24:21.745 W/art     ( 1971): Unexpected CPU variant for X86 using defaults: x86_64
04-29 18:24:21.812 D/WebViewFactory( 1675): Setting new address space to 114394000
04-29 18:24:21.825 E/BluetoothAdapter( 1675): Bluetooth binder is null
04-29 18:24:21.851 I/AudioFlinger( 1324): systemReady
04-29 18:24:22.134 I/Zygote  ( 1675): Process: zygote socket opened, supported ABIS: x86
04-29 18:24:22.236 I/art     ( 1323): Starting a blocking GC Background
04-29 18:24:22.292 E/WVMExtractor( 1675): Failed to open libwvm.so: dlopen failed: library "libwvm.so" not found
04-29 18:24:22.611 W/art     ( 1323): Suspending all threads took: 30.913ms
04-29 18:24:22.653 I/art     ( 1323): Background concurrent mark sweep GC freed 114(16KB) AllocSpace objects, 0(0B) LOS objects, 39% free, 6MB/10MB, paused 32.976ms total 382.557ms
04-29 18:24:22.742 V/vold    ( 1275): DISK mbr
04-29 18:24:22.742 V/vold    ( 1275): 
04-29 18:24:22.744 I/MediaPlayerService( 1333): MediaPlayerService::getOMX
04-29 18:24:22.793 I/OMXClient( 1333): MuxOMX ctor
04-29 18:24:22.825 I/MediaPlayerService( 1333): MediaPlayerService::getOMX
04-29 18:24:22.827 I/OMXClient( 1333): MuxOMX ctor
04-29 18:24:22.831 W/vold    ( 1275): disk:253,48 has unknown partition table; trying entire device
04-29 18:24:22.831 V/vold    ( 1275): /system/bin/blkid
04-29 18:24:22.831 V/vold    ( 1275):     -c
04-29 18:24:22.831 V/vold    ( 1275):     /dev/null
04-29 18:24:22.831 V/vold    ( 1275):     -s
04-29 18:24:22.831 V/vold    ( 1275):     TYPE
04-29 18:24:22.831 V/vold    ( 1275):     -s
04-29 18:24:22.831 V/vold    ( 1275):     UUID
04-29 18:24:22.831 V/vold    ( 1275):     -s
04-29 18:24:22.831 V/vold    ( 1275):     LABEL
04-29 18:24:22.831 V/vold    ( 1275):     /dev/block/vold/disk:253,48
04-29 18:24:22.845 I/OMXMaster( 1330): makeComponentInstance(OMX.google.mp3.decoder) in mediacodec process
04-29 18:24:23.189 W/ActivityManager( 1675): Slow operation: 1298ms so far, now at startProcess: returned from zygote!
04-29 18:24:23.249 W/ActivityManager( 1675): Slow operation: 1299ms so far, now at startProcess: done updating battery stats
04-29 18:24:23.249 W/ActivityManager( 1675): Slow operation: 1358ms so far, now at startProcess: building log message
04-29 18:24:23.251 I/ActivityManager( 1675): Start proc 2000:WebViewLoader-x86/1037 [android.webkit.WebViewFactory$RelroFileCreator] for 
04-29 18:24:23.251 W/ActivityManager( 1675): Slow operation: 1360ms so far, now at startProcess: starting to update pids map
04-29 18:24:23.251 W/ActivityManager( 1675): Slow operation: 1360ms so far, now at startProcess: done updating pids map
04-29 18:24:23.251 W/ActivityManager( 1675): Slow operation: 1361ms so far, now at startProcess: done starting proc!
04-29 18:24:23.260 W/art     ( 1675): Long monitor contention with owner main (1675) at int com.android.server.am.ActivityManagerService.startIsolatedProcess(java.lang.String, java.lang.String[], java.lang.String, java.lang.String, int, java.lang.Runnable)(ActivityManagerService.java:3509) waiters=0 in void com.android.server.am.ActivityManagerService.dispatchUidsChanged() for 1.360s
04-29 18:24:23.287 W/art     ( 2005): Unexpected CPU variant for X86 using defaults: x86_64
04-29 18:24:23.346 V/WebViewFactory( 2005): RelroFileCreator (64bit = true),  32-bit lib: /system/app/webview/webview.apk!/lib/x86/libwebviewchromium.so, 64-bit lib: /system/app/webview/webview.apk!/lib/x86_64/libwebviewchromium.so
04-29 18:24:23.353 W/ActivityManager( 1675): Slow operation: 101ms so far, now at startProcess: returned from zygote!
04-29 18:24:23.353 W/ActivityManager( 1675): Slow operation: 101ms so far, now at startProcess: done updating battery stats
04-29 18:24:23.353 W/ActivityManager( 1675): Slow operation: 101ms so far, now at startProcess: building log message
04-29 18:24:23.353 I/ActivityManager( 1675): Start proc 2005:WebViewLoader-x86_64/1037 [android.webkit.WebViewFactory$RelroFileCreator] for 
04-29 18:24:23.353 W/ActivityManager( 1675): Slow operation: 101ms so far, now at startProcess: starting to update pids map
04-29 18:24:23.353 W/ActivityManager( 1675): Slow operation: 101ms so far, now at startProcess: done updating pids map
04-29 18:24:23.354 W/ActivityManager( 1675): Slow operation: 103ms so far, now at startProcess: done starting proc!
04-29 18:24:23.357 W/art     ( 1675): Long monitor contention with owner main (1675) at int com.android.server.am.ActivityManagerService.startIsolatedProcess(java.lang.String, java.lang.String[], java.lang.String, java.lang.String, int, java.lang.Runnable)(ActivityManagerService.java:3509) waiters=2 in void com.android.server.am.ActivityManagerService.attachApplication(android.app.IApplicationThread) for 1.312s
04-29 18:24:23.357 W/art     ( 1675): Long monitor contention with owner main (1675) at int com.android.server.am.ActivityManagerService.startIsolatedProcess(java.lang.String, java.lang.String[], java.lang.String, java.lang.String, int, java.lang.Runnable)(ActivityManagerService.java:3509) waiters=1 in void com.android.server.am.ActivityManagerService.attachApplication(android.app.IApplicationThread) for 1.339s
04-29 18:24:23.372 D/NetworkManagement( 1675): enabling bandwidth control
04-29 18:24:23.420 W/art     ( 2000): Unexpected CPU variant for X86 using defaults: x86
04-29 18:24:23.526 I/MediaPlayerService( 1333): MediaPlayerService::getOMX
04-29 18:24:23.528 I/OMXClient( 1333): MuxOMX ctor
04-29 18:24:23.529 I/OMXMaster( 1330): makeComponentInstance(OMX.google.amrnb.decoder) in mediacodec process
04-29 18:24:23.898 W/System  ( 1971): ClassLoader referenced unknown path: /system/priv-app/SystemUI/lib/x86_64
04-29 18:24:23.924 I/MediaPlayerService( 1333): MediaPlayerService::getOMX
04-29 18:24:23.926 I/OMXClient( 1333): MuxOMX ctor
04-29 18:24:23.927 I/OMXMaster( 1330): makeComponentInstance(OMX.google.amrwb.decoder) in mediacodec process
04-29 18:24:24.042 I/MediaPlayerService( 1333): MediaPlayerService::getOMX
04-29 18:24:24.044 I/OMXClient( 1333): MuxOMX ctor
04-29 18:24:24.044 I/OMXMaster( 1330): makeComponentInstance(OMX.google.aac.decoder) in mediacodec process
04-29 18:24:24.362 I/MediaPlayerService( 1333): MediaPlayerService::getOMX
04-29 18:24:24.364 I/OMXClient( 1333): MuxOMX ctor
04-29 18:24:24.365 I/OMXMaster( 1330): makeComponentInstance(OMX.google.g711.alaw.decoder) in mediacodec process
04-29 18:24:24.472 V/vold    ( 1275): /dev/block/vold/disk:253,48: LABEL="SDCARD" UUID="1EFF-1C1B" TYPE="vfat" 
04-29 18:24:24.472 V/vold    ( 1275): 
04-29 18:24:24.479 V/WebViewFactory( 2000): RelroFileCreator (64bit = false),  32-bit lib: /system/app/webview/webview.apk!/lib/x86/libwebviewchromium.so, 64-bit lib: /system/app/webview/webview.apk!/lib/x86_64/libwebviewchromium.so
04-29 18:24:24.480 D/VoldConnector( 1675): RCV <- {650 public:253,48 0 "disk:253,48" ""}
04-29 18:24:24.565 D/VoldConnector( 1675): RCV <- {651 public:253,48 0}
04-29 18:24:24.566 D/VoldConnector( 1675): RCV <- {643 disk:253,48}
04-29 18:24:24.568 D/VoldConnector( 1675): RCV <- {200 3 Command succeeded}
04-29 18:24:24.570 E/VoldConnector( 1675): NDC Command {3 volume reset} took too long (3092ms)
04-29 18:24:24.575 D/VoldConnector( 1675): SND -> {4 volume user_added 0 0}
04-29 18:24:24.579 D/VoldConnector( 1675): RCV <- {200 4 Command succeeded}
04-29 18:24:24.631 D/VoldConnector( 1675): SND -> {5 volume mount emulated 3 -1}
04-29 18:24:24.637 V/vold    ( 1275): Waiting for FUSE to spin up...
04-29 18:24:24.637 D/VoldConnector( 1675): RCV <- {651 emulated 1}
04-29 18:24:24.638 D/VoldConnector( 1675): RCV <- {656 emulated /data/media}
04-29 18:24:24.641 D/VoldConnector( 1675): RCV <- {655 emulated /storage/emulated}
04-29 18:24:24.688 V/vold    ( 1275): Waiting for FUSE to spin up...
04-29 18:24:24.739 V/vold    ( 1275): Waiting for FUSE to spin up...
04-29 18:24:24.792 V/vold    ( 1275): Waiting for FUSE to spin up...
04-29 18:24:24.850 V/vold    ( 1275): Waiting for FUSE to spin up...
04-29 18:24:24.910 V/vold    ( 1275): Waiting for FUSE to spin up...
04-29 18:24:24.968 V/vold    ( 1275): Waiting for FUSE to spin up...
04-29 18:24:25.020 V/vold    ( 1275): Waiting for FUSE to spin up...
04-29 18:24:25.071 V/vold    ( 1275): Waiting for FUSE to spin up...
04-29 18:24:25.123 V/vold    ( 1275): Waiting for FUSE to spin up...
04-29 18:24:25.176 V/vold    ( 1275): Waiting for FUSE to spin up...
04-29 18:24:25.194 W/sdcard  ( 2044): Device explicitly disabled sdcardfs
04-29 18:24:25.228 V/vold    ( 1275): Waiting for FUSE to spin up...
04-29 18:24:25.280 V/vold    ( 1275): Waiting for FUSE to spin up...
04-29 18:24:25.338 V/SystemUIService( 1971): Starting SystemUI services for user 0.
04-29 18:24:25.341 V/vold    ( 1275): Waiting for FUSE to spin up...
04-29 18:24:25.343 I/MediaPlayerService( 1333): MediaPlayerService::getOMX
04-29 18:24:25.345 I/OMXClient( 1333): MuxOMX ctor
04-29 18:24:25.345 I/OMXMaster( 1330): makeComponentInstance(OMX.google.g711.mlaw.decoder) in mediacodec process
04-29 18:24:25.392 V/vold    ( 1275): Waiting for FUSE to spin up...
04-29 18:24:25.599 D/VoldConnector( 1675): RCV <- {651 emulated 2}
04-29 18:24:25.625 D/VoldConnector( 1675): RCV <- {200 5 Command succeeded}
04-29 18:24:25.632 I/LatinIME( 1963): Hardware accelerated drawing: true
04-29 18:24:25.634 E/VoldConnector( 1675): NDC Command {5 volume mount emulated 3 -1} took too long (1002ms)
04-29 18:24:25.635 D/VoldConnector( 1675): SND -> {6 volume mount public:253,48 2 0}
04-29 18:24:25.637 V/vold    ( 1275): /system/bin/blkid
04-29 18:24:25.637 V/vold    ( 1275):     -c
04-29 18:24:25.637 V/vold    ( 1275):     /dev/null
04-29 18:24:25.637 V/vold    ( 1275):     -s
04-29 18:24:25.637 V/vold    ( 1275):     TYPE
04-29 18:24:25.637 V/vold    ( 1275):     -s
04-29 18:24:25.637 V/vold    ( 1275):     UUID
04-29 18:24:25.637 V/vold    ( 1275):     -s
04-29 18:24:25.637 V/vold    ( 1275):     LABEL
04-29 18:24:25.637 V/vold    ( 1275):     /dev/block/vold/public:253,48
04-29 18:24:25.685 D/VoldConnector( 1675): RCV <- {651 public:253,48 1}
04-29 18:24:25.712 V/MediaRouter( 1971): Adding route: RouteInfo{ name=Phone, description=null, status=null, category=RouteCategory{ name=null types=ROUTE_TYPE_LIVE_AUDIO ROUTE_TYPE_LIVE_VIDEO  groupable=false }, supportedTypes=ROUTE_TYPE_LIVE_AUDIO ROUTE_TYPE_LIVE_VIDEO , presentationDisplay=null }
04-29 18:24:25.823 V/MediaRouter( 1971): Updating audio routes: AudioRoutesInfo{ type=SPEAKER }
04-29 18:24:25.844 V/MediaRouter( 1971): Selecting route: RouteInfo{ name=Phone, description=null, status=null, category=RouteCategory{ name=null types=ROUTE_TYPE_LIVE_AUDIO ROUTE_TYPE_LIVE_VIDEO  groupable=false }, supportedTypes=ROUTE_TYPE_LIVE_AUDIO ROUTE_TYPE_LIVE_VIDEO , presentationDisplay=null }
04-29 18:24:26.302 I/MediaPlayerService( 1333): MediaPlayerService::getOMX
04-29 18:24:26.304 I/OMXClient( 1333): MuxOMX ctor
04-29 18:24:26.305 I/OMXMaster( 1330): makeComponentInstance(OMX.google.vorbis.decoder) in mediacodec process
04-29 18:24:26.499 I/art     ( 2000): System.exit called, status: 0
04-29 18:24:26.550 I/AndroidRuntime( 2000): VM exiting with result code 0, cleanup skipped.
04-29 18:24:26.903 V/vold    ( 1275): /dev/block/vold/public:253,48: LABEL="SDCARD" UUID="1EFF-1C1B" TYPE="vfat" 
04-29 18:24:26.903 V/vold    ( 1275): 
04-29 18:24:26.906 V/vold    ( 1275): /system/bin/fsck_msdos
04-29 18:24:26.906 V/vold    ( 1275):     -p
04-29 18:24:26.906 V/vold    ( 1275):     -f
04-29 18:24:26.907 V/vold    ( 1275):     /dev/block/vold/public:253,48
04-29 18:24:26.909 D/VoldConnector( 1675): RCV <- {652 public:253,48 vfat}
04-29 18:24:26.993 D/VoldConnector( 1675): RCV <- {653 public:253,48 1EFF-1C1B}
04-29 18:24:26.994 D/VoldConnector( 1675): RCV <- {654 public:253,48 SDCARD}
04-29 18:24:27.162 I/art     ( 2005): System.exit called, status: 0
04-29 18:24:27.162 I/AndroidRuntime( 2005): VM exiting with result code 0, cleanup skipped.
04-29 18:24:27.189 E/WVMExtractor( 1971): Failed to open libwvm.so: dlopen failed: library "libwvm.so" not found
04-29 18:24:27.951 I/fsck_msdos( 1275): ** /dev/block/vold/public:253,48
04-29 18:24:27.998 I/fsck_msdos( 1275): ** Phase 1 - Read and Compare FATs
04-29 18:24:28.002 I/MediaPlayerService( 1333): MediaPlayerService::getOMX
04-29 18:24:28.011 I/fsck_msdos( 1275): Attempting to allocate 1046 KB for FAT
04-29 18:24:28.088 I/OMXClient( 1333): MuxOMX ctor
04-29 18:24:28.095 I/OMXMaster( 1330): makeComponentInstance(OMX.google.opus.decoder) in mediacodec process
04-29 18:24:28.463 I/fsck_msdos( 1275): Attempting to allocate 1046 KB for FAT
04-29 18:24:28.587 W/art     ( 1963): Suspending all threads took: 48.355ms
04-29 18:24:28.804 I/fsck_msdos( 1275): ** Phase 2 - Check Cluster Chains
04-29 18:24:28.815 I/fsck_msdos( 1275): ** Phase 3 - Checking Directories
