04-29 18:22:30.067 I/AudioFlinger( 1324): Using module 10 has the primary audio interface
04-29 18:22:30.111 I/AudioFlinger( 1324): AudioFlinger's thread 0xeca03d80 ready to run
04-29 18:22:30.113 W/BatteryNotifier( 1324): batterystats service unavailable!
04-29 18:22:30.115 W/BatteryNotifier( 1324): batterystats service unavailable!
04-29 18:22:30.127 W/BatteryNotifier( 1324): batterystats service unavailable!
04-29 18:22:30.140 W/AudioFlinger( 1324): no wake lock to update, system not ready yet
04-29 18:22:30.220 I/AudioFlinger( 1324): AudioFlinger's thread 0xec503100 ready to run
04-29 18:22:30.262 I/r_submix( 1324): adev_open(name=audio_hw_if)
04-29 18:22:30.263 I/r_submix( 1324): adev_init_check()
04-29 18:22:30.263 I/AudioFlinger( 1324): loadHwModule() Loaded r_submix audio interface from Wifi Display audio HAL (audio) handle 18
04-29 18:22:30.263 D/r_submix( 1324): adev_open_input_stream(addr=0)
04-29 18:22:30.263 D/r_submix( 1324): submix_audio_device_create_pipe_l(addr=0, idx=9)
04-29 18:22:30.263 D/r_submix( 1324):   now using address 0 for route 9
04-29 18:22:30.310 I/AudioFlinger( 1324): AudioFlinger's thread 0xec603cc0 ready to run
04-29 18:22:30.311 I/r_submix( 1324): in_standby()
04-29 18:22:30.311 W/BatteryNotifier( 1324): batterystats service unavailable!
04-29 18:22:30.312 I/r_submix( 1324): in_standby()
04-29 18:22:30.312 W/BatteryNotifier( 1324): batterystats service unavailable!
04-29 18:22:30.269 I/cameraserver( 1325): ServiceManager: 0xef9bc020
04-29 18:22:30.407 I/CameraService( 1325): CameraService started (pid=1325)
04-29 18:22:30.408 I/CameraService( 1325): CameraService process starting
04-29 18:22:30.420 W/BatteryNotifier( 1325): batterystats service unavailable!
04-29 18:22:30.421 W/BatteryNotifier( 1325): batterystats service unavailable!
04-29 18:22:30.429 W/BatteryNotifier( 1324): batterystats service unavailable!
04-29 18:22:30.429 W/BatteryNotifier( 1324): batterystats service unavailable!
04-29 18:22:30.435 D/r_submix( 1324): adev_close_input_stream()
04-29 18:22:30.435 D/r_submix( 1324): submix_audio_device_release_pipe_l(idx=9) addr=0
04-29 18:22:30.435 D/r_submix( 1324): submix_audio_device_destroy_pipe_l(): pipe destroyed
04-29 18:22:30.548 I/RadioService( 1324): RadioService
04-29 18:22:30.548 I/RadioService( 1324): onFirstRef
04-29 18:22:30.549 E/RadioService( 1324): couldn't load radio module radio.primary (No such file or directory)
04-29 18:22:30.574 D/EmulatedCamera_QemuClient( 1325): Emulated camera list: 
04-29 18:22:30.623 D/EmulatedCamera_FakeCamera( 1325): Initialize: Fake camera is facing back
04-29 18:22:30.625 V/EmulatedCamera_Device( 1325): initializeWhiteBalanceModes with auto, 1.000000, 1.000000
04-29 18:22:30.625 V/EmulatedCamera_Device( 1325): initializeWhiteBalanceModes with incandescent, 1.380000, 0.600000
04-29 18:22:30.625 V/EmulatedCamera_Device( 1325): initializeWhiteBalanceModes with daylight, 1.090000, 0.920000
04-29 18:22:30.625 V/EmulatedCamera_Device( 1325): initializeWhiteBalanceModes with twilight, 0.920000, 1.220000
04-29 18:22:30.625 V/EmulatedCamera_Device( 1325): setWhiteBalanceMode with white balance auto
04-29 18:22:30.626 E/EmulatedCamera_Factory( 1325): 1 cameras are being emulated. 0 of them are fake cameras.
04-29 18:22:30.627 E/EmulatedCamera_HotplugThread( 1325): createFileIfNotExists: Could not create file '/data/misc/media/emulator.camera.hotplug.0', error: 'Permission denied' (13)
04-29 18:22:30.640 E/SoundTriggerHwService( 1324): couldn't load sound trigger module sound_trigger.primary (No such file or directory)
04-29 18:22:30.704 I/CameraService( 1325): Loaded "Emulated Camera Module" camera module
04-29 18:22:30.705 E/CameraService( 1325): setUpVendorTags: Vendor tag operations not fully defined. Ignoring definitions.
04-29 18:22:30.705 V/EmulatedCamera_Camera( 1325): getCameraInfo
04-29 18:22:30.705 V/EmulatedCamera_BaseCamera( 1325): getCameraInfo
04-29 18:22:30.706 I/CameraFlashlight( 1325): Opening camera 0
04-29 18:22:30.706 V/EmulatedCamera_Camera( 1325): getCameraInfo
04-29 18:22:30.706 V/EmulatedCamera_BaseCamera( 1325): getCameraInfo
04-29 18:22:30.706 V/EmulatedCamera_Camera( 1325): connectCamera
04-29 18:22:30.707 V/EmulatedCamera_FakeDevice( 1325): connectDevice
04-29 18:22:30.707 V/EmulatedCamera_CallbackNotifier( 1325): setCallbacks: 0xf0568e80, 0xf0568ed0, 0xf0568ff0, 0xf0569110 (0xef9c3140)
04-29 18:22:30.914 V/EmulatedCamera_Preview( 1325): setPreviewWindow: current: 0x0 -> new: 0xef9c3150
04-29 18:22:30.914 V/EmulatedCamera_Preview( 1325): setPreviewWindow: current: 0xef9c3150 -> new: 0x0
04-29 18:22:30.915 V/EmulatedCamera_Camera( 1325): doStopPreview
04-29 18:22:30.916 V/EmulatedCamera_Preview( 1325): setPreviewWindow: current: 0x0 -> new: 0x0
04-29 18:22:30.916 V/EmulatedCamera_Camera( 1325): releaseCamera
04-29 18:22:30.916 V/EmulatedCamera_Camera( 1325): doStopPreview
04-29 18:22:30.916 V/EmulatedCamera_FakeDevice( 1325): disconnectDevice
04-29 18:22:30.916 W/EmulatedCamera_Device( 1325): Initialize: Emulated camera device is already initialized: mState = 1
04-29 18:22:30.916 D/EmulatedCamera_FakeCamera( 1325): Initialize: Fake camera is facing back
04-29 18:22:30.916 V/EmulatedCamera_Device( 1325): initializeWhiteBalanceModes with auto, 1.000000, 1.000000
04-29 18:22:30.917 V/EmulatedCamera_Device( 1325): initializeWhiteBalanceModes with incandescent, 1.380000, 0.600000
04-29 18:22:30.917 V/EmulatedCamera_Device( 1325): initializeWhiteBalanceModes with daylight, 1.090000, 0.920000
04-29 18:22:30.917 V/EmulatedCamera_Device( 1325): initializeWhiteBalanceModes with twilight, 0.920000, 1.220000
04-29 18:22:30.917 V/EmulatedCamera_Device( 1325): setWhiteBalanceMode with white balance auto
04-29 18:22:30.917 I/CameraFlashlight( 1325): Destroying camera 0
04-29 18:22:30.917 V/EmulatedCamera_Camera( 1325): closeCamera
04-29 18:22:30.917 V/EmulatedCamera_Camera( 1325): doStopPreview
04-29 18:22:30.917 W/EmulatedCamera_Device( 1325): Initialize: Emulated camera device is already initialized: mState = 1
04-29 18:22:30.917 D/EmulatedCamera_FakeCamera( 1325): Initialize: Fake camera is facing back
04-29 18:22:30.918 V/EmulatedCamera_Device( 1325): initializeWhiteBalanceModes with auto, 1.000000, 1.000000
04-29 18:22:30.918 V/EmulatedCamera_Device( 1325): initializeWhiteBalanceModes with incandescent, 1.380000, 0.600000
04-29 18:22:30.918 V/EmulatedCamera_Device( 1325): initializeWhiteBalanceModes with daylight, 1.090000, 0.920000
04-29 18:22:30.918 V/EmulatedCamera_Device( 1325): initializeWhiteBalanceModes with twilight, 0.920000, 1.220000
04-29 18:22:30.918 V/EmulatedCamera_Device( 1325): setWhiteBalanceMode with white balance auto
04-29 18:22:30.971 V/EmulatedCamera_Camera( 1325): getCameraInfo
04-29 18:22:30.971 V/EmulatedCamera_BaseCamera( 1325): getCameraInfo
04-29 18:22:30.974 I/ServiceManager( 1325): Waiting for service media.camera.proxy...
04-29 18:22:31.435 V/MediaUtils( 1332): physMem: 1043894272
04-29 18:22:31.436 V/MediaUtils( 1332): requested limit: 208778840
04-29 18:22:31.436 V/MediaUtils( 1332): actual limit: 208778840
04-29 18:22:31.436 V/MediaUtils( 1332): original limits: 4294967295/4294967295
04-29 18:22:31.437 V/MediaUtils( 1332): new limits: 208778840/4294967295
04-29 18:22:31.438 W//system/bin/mediaextractor( 1332): libminijail: allowing syscall: socketcall
04-29 18:22:31.439 W//system/bin/mediaextractor( 1332): libminijail: allowing syscall: writev
04-29 18:22:31.439 W//system/bin/mediaextractor( 1332): libminijail: allowing syscall: fcntl64
04-29 18:22:31.439 W//system/bin/mediaextractor( 1332): libminijail: allowing syscall: clock_gettime
04-29 18:22:31.518 I/mediaserver( 1331): ServiceManager: 0xefabc0a0
04-29 18:22:31.533 W//system/bin/mediaextractor( 1332): libminijail: logging seccomp filter failures
04-29 18:22:31.980 I/ServiceManager( 1325): Waiting for service media.camera.proxy...
04-29 18:22:32.002 I/mediaserver( 1333): ServiceManager: 0xeeabc0a0
04-29 18:22:32.037 W/BatteryNotifier( 1333): batterystats service unavailable!
04-29 18:22:32.986 I/ServiceManager( 1325): Waiting for service media.camera.proxy...
04-29 18:22:33.150 W/BatteryNotifier( 1324): batterystats service unavailable!
04-29 18:22:33.990 I/ServiceManager( 1325): Waiting for service media.camera.proxy...
04-29 18:22:35.000 I/ServiceManager( 1325): Waiting for service media.camera.proxy...
04-29 18:22:39.626 E/SurfaceFlinger( 1319): ro.sf.lcd_density must be defined as a build property
04-29 18:22:39.677 D/libEGL  ( 1374): Emulator without GPU support detected. Fallback to legacy software renderer, qemu.gles is set to 0.
04-29 18:22:39.770 D/AndroidRuntime( 1322): >>>>>> START com.android.internal.os.ZygoteInit uid 0 <<<<<<
04-29 18:22:39.774 D/libEGL  ( 1374): loaded /system/lib64/egl/libGLES_android.so
04-29 18:22:40.039 D/gralloc_ranchu( 1374): Emulator without host-side GPU emulation detected. Loading gralloc.default.so from /vendor/lib64/hw/gralloc.goldfish.default.so...
04-29 18:22:40.047 D/gralloc_ranchu( 1374): gralloc.default.so not found in /vendor. Trying /system/lib64/hw/gralloc.goldfish.default.so...
04-29 18:22:40.405 D/AndroidRuntime( 1322): CheckJNI is ON
04-29 18:22:40.540 I/art     ( 1322): option[0]=-Xzygote
04-29 18:22:40.540 I/art     ( 1322): option[1]=-Xcheck:jni
04-29 18:22:40.541 I/art     ( 1322): option[2]=-Xstacktracefile:/data/anr/traces.txt
04-29 18:22:40.541 I/art     ( 1322): option[3]=exit
04-29 18:22:40.541 I/art     ( 1322): option[4]=vfprintf
04-29 18:22:40.541 I/art     ( 1322): option[5]=sensitiveThread
04-29 18:22:40.541 I/art     ( 1322): option[6]=-verbose:gc
04-29 18:22:40.541 I/art     ( 1322): option[7]=-Xms4m
04-29 18:22:40.541 I/art     ( 1322): option[8]=-Xmx256m
04-29 18:22:40.541 I/art     ( 1322): option[9]=-Xusejit:true
04-29 18:22:40.541 I/art     ( 1322): option[10]=-Xjitsaveprofilinginfo
04-29 18:22:40.541 I/art     ( 1322): option[11]=-agentlib:jdwp=transport=dt_android_adb,suspend=n,server=y
04-29 18:22:40.541 I/art     ( 1322): option[12]=-Xlockprofthreshold:500
04-29 18:22:40.541 I/art     ( 1322): option[13]=-Ximage-compiler-option
04-29 18:22:40.541 I/art     ( 1322): option[14]=--runtime-arg
04-29 18:22:40.541 I/art     ( 1322): option[15]=-Ximage-compiler-option
04-29 18:22:40.541 I/art     ( 1322): option[16]=-Xms64m
04-29 18:22:40.541 I/art     ( 1322): option[17]=-Ximage-compiler-option
04-29 18:22:40.542 I/art     ( 1322): option[18]=--runtime-arg
04-29 18:22:40.542 I/art     ( 1322): option[19]=-Ximage-compiler-option
04-29 18:22:40.542 I/art     ( 1322): option[20]=-Xmx64m
04-29 18:22:40.542 I/art     ( 1322): option[21]=-Ximage-compiler-option
04-29 18:22:40.542 I/art     ( 1322): option[22]=--image-classes=/system/etc/preloaded-classes
04-29 18:22:40.542 I/art     ( 1322): option[23]=-Ximage-compiler-option
04-29 18:22:40.542 I/art     ( 1322): option[24]=--compiled-classes=/system/etc/compiled-classes
04-29 18:22:40.542 I/art     ( 1322): option[25]=-Xcompiler-option
04-29 18:22:40.542 I/art     ( 1322): option[26]=--runtime-arg
04-29 18:22:40.542 I/art     ( 1322): option[27]=-Xcompiler-option
04-29 18:22:40.542 I/art     ( 1322): option[28]=-Xms64m
04-29 18:22:40.542 I/art     ( 1322): option[29]=-Xcompiler-option
04-29 18:22:40.542 I/art     ( 1322): option[30]=--runtime-arg
04-29 18:22:40.542 I/art     ( 1322): option[31]=-Xcompiler-option
04-29 18:22:40.542 I/art     ( 1322): option[32]=-Xmx512m
04-29 18:22:40.542 I/art     ( 1322): option[33]=-Ximage-compiler-option
04-29 18:22:40.542 I/art     ( 1322): option[34]=--instruction-set-variant=x86_64
04-29 18:22:40.542 I/art     ( 1322): option[35]=-Xcompiler-option
04-29 18:22:40.542 I/art     ( 1322): option[36]=--instruction-set-variant=x86_64
04-29 18:22:40.542 I/art     ( 1322): option[37]=-Ximage-compiler-option
04-29 18:22:40.542 I/art     ( 1322): option[38]=--instruction-set-features=default
04-29 18:22:40.542 I/art     ( 1322): option[39]=-Xcompiler-option
04-29 18:22:40.542 I/art     ( 1322): option[40]=--instruction-set-features=default
04-29 18:22:40.542 I/art     ( 1322): option[41]=-Duser.locale=en-US
04-29 18:22:40.542 I/art     ( 1322): option[42]=--cpu-abilist=x86_64
04-29 18:22:40.543 I/art     ( 1322): option[43]=-Xfingerprint:Android/sdk_phone_x86_64/generic_x86_64:7.1.1/NYC/4931657:userdebug/test-keys
04-29 18:22:40.619 D/AndroidRuntime( 1323): >>>>>> START com.android.internal.os.ZygoteInit uid 0 <<<<<<
04-29 18:22:41.131 D/AndroidRuntime( 1323): CheckJNI is ON
04-29 18:22:41.190 I/art     ( 1323): option[0]=-Xzygote
04-29 18:22:41.191 I/art     ( 1323): option[1]=-Xcheck:jni
04-29 18:22:41.191 I/art     ( 1323): option[2]=-Xstacktracefile:/data/anr/traces.txt
04-29 18:22:41.191 I/art     ( 1323): option[3]=exit
04-29 18:22:41.191 I/art     ( 1323): option[4]=vfprintf
04-29 18:22:41.191 I/art     ( 1323): option[5]=sensitiveThread
04-29 18:22:41.191 I/art     ( 1323): option[6]=-verbose:gc
04-29 18:22:41.191 I/art     ( 1323): option[7]=-Xms4m
04-29 18:22:41.191 I/art     ( 1323): option[8]=-Xmx256m
04-29 18:22:41.191 I/art     ( 1323): option[9]=-Xusejit:true
04-29 18:22:41.191 I/art     ( 1323): option[10]=-Xjitsaveprofilinginfo
04-29 18:22:41.191 I/art     ( 1323): option[11]=-agentlib:jdwp=transport=dt_android_adb,suspend=n,server=y
04-29 18:22:41.191 I/art     ( 1323): option[12]=-Xlockprofthreshold:500
04-29 18:22:41.191 I/art     ( 1323): option[13]=-Ximage-compiler-option
04-29 18:22:41.192 I/art     ( 1323): option[14]=--runtime-arg
04-29 18:22:41.192 I/art     ( 1323): option[15]=-Ximage-compiler-option
04-29 18:22:41.192 I/art     ( 1323): option[16]=-Xms64m
04-29 18:22:41.192 I/art     ( 1323): option[17]=-Ximage-compiler-option
04-29 18:22:41.192 I/art     ( 1323): option[18]=--runtime-arg
04-29 18:22:41.192 I/art     ( 1323): option[19]=-Ximage-compiler-option
04-29 18:22:41.192 I/art     ( 1323): option[20]=-Xmx64m
04-29 18:22:41.192 I/art     ( 1323): option[21]=-Ximage-compiler-option
04-29 18:22:41.192 I/art     ( 1323): option[22]=--image-classes=/system/etc/preloaded-classes
04-29 18:22:41.192 I/art     ( 1323): option[23]=-Ximage-compiler-option
04-29 18:22:41.192 I/art     ( 1323): option[24]=--compiled-classes=/system/etc/compiled-classes
04-29 18:22:41.192 I/art     ( 1323): option[25]=-Xcompiler-option
04-29 18:22:41.192 I/art     ( 1323): option[26]=--runtime-arg
04-29 18:22:41.192 I/art     ( 1323): option[27]=-Xcompiler-option
04-29 18:22:41.192 I/art     ( 1323): option[28]=-Xms64m
04-29 18:22:41.192 I/art     ( 1323): option[29]=-Xcompiler-option
04-29 18:22:41.192 I/art     ( 1323): option[30]=--runtime-arg
04-29 18:22:41.192 I/art     ( 1323): option[31]=-Xcompiler-option
04-29 18:22:41.192 I/art     ( 1323): option[32]=-Xmx512m
04-29 18:22:41.192 I/art     ( 1323): option[33]=-Ximage-compiler-option
04-29 18:22:41.193 I/art     ( 1323): option[34]=--instruction-set-variant=x86
04-29 18:22:41.193 I/art     ( 1323): option[35]=-Xcompiler-option
04-29 18:22:41.193 I/art     ( 1323): option[36]=--instruction-set-variant=x86
04-29 18:22:41.193 I/art     ( 1323): option[37]=-Ximage-compiler-option
04-29 18:22:41.193 I/art     ( 1323): option[38]=--instruction-set-features=default
04-29 18:22:41.193 I/art     ( 1323): option[39]=-Xcompiler-option
04-29 18:22:41.193 I/art     ( 1323): option[40]=--instruction-set-features=default
04-29 18:22:41.193 I/art     ( 1323): option[41]=-Duser.locale=en-US
04-29 18:22:41.193 I/art     ( 1323): option[42]=--cpu-abilist=x86
04-29 18:22:41.193 I/art     ( 1323): option[43]=-Xfingerprint:Android/sdk_phone_x86_64/generic_x86_64:7.1.1/NYC/4931657:userdebug/test-keys
04-29 18:22:43.495 E/hostapd ( 1499): Configuration file: /system/etc/simulated_hostapd.conf
04-29 18:22:44.225 E/ipv6proxy( 1490): Failed to forward Router Advertisement from eth0 to wlan1: Network is unreachable
04-29 18:22:44.264 E/ipv6proxy( 1490): Failed to forward Router Advertisement from eth0 to radio0-peer: Cannot assign requested address
04-29 18:22:44.411 I/hostapd ( 1499): rfkill: Cannot get wiphy information
04-29 18:22:44.542 I/hostapd ( 1499): nl80211: Could not re-add multicast membership for vendor events: -2 (No such file or directory)
04-29 18:22:44.562 I/hostapd ( 1499): wlan1: interface state UNINITIALIZED->COUNTRY_UPDATE
04-29 18:22:47.001 D/ICU     ( 1322): No timezone override file found: /data/misc/zoneinfo/current/icu/icu_tzdata.dat
04-29 18:22:47.185 D/ICU     ( 1323): No timezone override file found: /data/misc/zoneinfo/current/icu/icu_tzdata.dat
04-29 18:22:48.150 E/ipv6proxy( 1490): Failed to forward Router Advertisement from eth0 to wlan1: Network is unreachable
04-29 18:22:49.661 I/hostapd ( 1499): wlan1: interface state COUNTRY_UPDATE->HT_SCAN
04-29 18:22:49.694 E/memtrack( 1322): Couldn't load memtrack module (No such file or directory)
04-29 18:22:49.694 E/android.os.Debug( 1322): failed to load memtrack module: -2
04-29 18:22:49.913 I/Radio-JNI( 1322): register_android_hardware_Radio DONE
04-29 18:22:50.301 E/memtrack( 1323): Couldn't load memtrack module (No such file or directory)
04-29 18:22:50.301 E/android.os.Debug( 1323): failed to load memtrack module: -2
04-29 18:22:50.310 I/SamplingProfilerIntegration( 1322): Profiling disabled.
04-29 18:22:50.318 D/Zygote  ( 1322): begin preload
04-29 18:22:50.318 I/Zygote  ( 1322): Installing ICU cache reference pinning...
04-29 18:22:50.320 I/Zygote  ( 1322): Preloading ICU data...
04-29 18:22:50.403 I/Radio-JNI( 1323): register_android_hardware_Radio DONE
04-29 18:22:50.659 I/SamplingProfilerIntegration( 1323): Profiling disabled.
04-29 18:22:50.813 D/Zygote  ( 1323): begin preload
04-29 18:22:50.813 I/Zygote  ( 1323): Installing ICU cache reference pinning...
04-29 18:22:50.820 I/Zygote  ( 1323): Preloading ICU data...
04-29 18:22:51.083 E/hostapd ( 1499): Using interface wlan1 with hwaddr 02:00:00:00:01:00 and ssid "AndroidWifi"
04-29 18:22:51.128 I/hostapd ( 1499): wlan1: interface state HT_SCAN->ENABLED
04-29 18:22:51.128 I/hostapd ( 1499): wlan1: AP-ENABLED 
04-29 18:22:52.057 I/Zygote  ( 1322): Preloading classes...
04-29 18:22:52.242 W/Zygote  ( 1322): Class not found for preloading: [Landroid.view.Display$ColorTransform;
04-29 18:22:52.489 I/Zygote  ( 1323): Preloading classes...
04-29 18:22:52.672 W/Zygote  ( 1323): Class not found for preloading: [Landroid.view.Display$ColorTransform;
04-29 18:22:57.817 E/Typeface( 1323): Error mapping font file /system/fonts/DroidSansFallback.ttf
04-29 18:22:57.987 E/Typeface( 1322): Error mapping font file /system/fonts/DroidSansFallback.ttf
04-29 18:23:02.142 I/art     ( 1322): Background concurrent mark sweep GC freed 21947(2MB) AllocSpace objects, 94(1716KB) LOS objects, 30% free, 3MB/5MB, paused 2.550ms total 441.002ms
04-29 18:23:02.670 I/art     ( 1322): Thread[1,tid=1322,Native,Thread*=0x7aed84895a00,peer=0x12c060d0,"main"] recursive attempt to load library "/system/lib64/libmedia_jni.so"
04-29 18:23:02.681 D/MtpDeviceJNI( 1322): register_android_mtp_MtpDevice
04-29 18:23:02.692 I/art     ( 1322): Thread[1,tid=1322,Native,Thread*=0x7aed84895a00,peer=0x12c060d0,"main"] recursive attempt to load library "/system/lib64/libmedia_jni.so"
04-29 18:23:02.693 I/art     ( 1322): Thread[1,tid=1322,Native,Thread*=0x7aed84895a00,peer=0x12c060d0,"main"] recursive attempt to load library "/system/lib64/libmedia_jni.so"
04-29 18:23:02.914 I/art     ( 1323): Background concurrent mark sweep GC freed 21944(2MB) AllocSpace objects, 64(1124KB) LOS objects, 33% free, 2MB/4MB, paused 30.999ms total 625.988ms
04-29 18:23:03.299 I/art     ( 1323): Background sticky concurrent mark sweep GC freed 271(1429KB) AllocSpace objects, 67(1300KB) LOS objects, 58% free, 1735KB/4MB, paused 3.722ms total 327.442ms
04-29 18:23:03.732 I/art     ( 1323): Thread[1,tid=1323,Native,Thread*=0xeb10b400,peer=0x12c060d0,"main"] recursive attempt to load library "/system/lib/libmedia_jni.so"
04-29 18:23:03.736 D/MtpDeviceJNI( 1323): register_android_mtp_MtpDevice
04-29 18:23:03.738 I/art     ( 1323): Thread[1,tid=1323,Native,Thread*=0xeb10b400,peer=0x12c060d0,"main"] recursive attempt to load library "/system/lib/libmedia_jni.so"
04-29 18:23:03.739 I/art     ( 1323): Thread[1,tid=1323,Native,Thread*=0xeb10b400,peer=0x12c060d0,"main"] recursive attempt to load library "/system/lib/libmedia_jni.so"
04-29 18:23:05.512 W/Zygote  ( 1322): Class not found for preloading: android.view.Display$ColorTransform
04-29 18:23:05.530 W/Zygote  ( 1322): Class not found for preloading: android.view.Display$ColorTransform$1
04-29 18:23:05.950 W/Zygote  ( 1323): Class not found for preloading: android.view.Display$ColorTransform
04-29 18:23:05.951 W/Zygote  ( 1323): Class not found for preloading: android.view.Display$ColorTransform$1
04-29 18:23:07.370 W/art     ( 1322): Suspending all threads took: 34.254ms
04-29 18:23:07.579 I/art     ( 1322): Background sticky concurrent mark sweep GC freed 12833(2MB) AllocSpace objects, 35(660KB) LOS objects, 68% free, 1620KB/5MB, paused 44.738ms total 345.183ms
04-29 18:23:10.120 I/System  ( 1322): Loaded time zone names for "" in 1501ms (1446ms in ICU)
04-29 18:23:10.251 I/System  ( 1323): Loaded time zone names for "" in 1293ms (1288ms in ICU)
04-29 18:23:10.567 I/System  ( 1322): Loaded time zone names for "en_US" in 446ms (442ms in ICU)
04-29 18:23:11.012 I/System  ( 1323): Loaded time zone names for "en_US" in 759ms (754ms in ICU)
04-29 18:23:11.532 I/Zygote  ( 1322): ...preloaded 4158 classes in 19475ms.
04-29 18:23:11.611 I/art     ( 1322): VMRuntime.preloadDexCaches starting
04-29 18:23:12.217 I/Zygote  ( 1323): ...preloaded 4158 classes in 19728ms.
04-29 18:23:12.253 I/art     ( 1323): VMRuntime.preloadDexCaches starting
04-29 18:23:13.260 I/art     ( 1322): VMRuntime.preloadDexCaches strings total=283712 before=39625 after=39625
04-29 18:23:13.311 I/art     ( 1322): VMRuntime.preloadDexCaches types total=23581 before=7877 after=7904
04-29 18:23:13.312 I/art     ( 1322): VMRuntime.preloadDexCaches fields total=112007 before=40903 after=41117
04-29 18:23:13.312 I/art     ( 1322): VMRuntime.preloadDexCaches methods total=197534 before=82457 after=83017
04-29 18:23:13.312 I/art     ( 1322): VMRuntime.preloadDexCaches finished
04-29 18:23:13.354 I/Zygote  ( 1322): Preloading resources...
04-29 18:23:14.361 I/art     ( 1323): VMRuntime.preloadDexCaches strings total=283712 before=39625 after=39625
04-29 18:23:14.361 I/art     ( 1323): VMRuntime.preloadDexCaches types total=23581 before=7877 after=7904
04-29 18:23:14.361 I/art     ( 1323): VMRuntime.preloadDexCaches fields total=112007 before=40903 after=41117
04-29 18:23:14.361 I/art     ( 1323): VMRuntime.preloadDexCaches methods total=197534 before=82457 after=83017
04-29 18:23:14.361 I/art     ( 1323): VMRuntime.preloadDexCaches finished
04-29 18:23:14.366 I/Zygote  ( 1323): Preloading resources...
04-29 18:23:14.461 W/Resources( 1322): Preloaded drawable resource #0x108025c (android:drawable/dialog_background_material) that varies with configuration!!
04-29 18:23:14.483 W/Resources( 1322): Preloaded drawable resource #0x1080298 (android:drawable/editbox_dropdown_background_dark) that varies with configuration!!
04-29 18:23:14.642 W/Resources( 1322): Preloaded color resource #0x10600e2 (android:color/material_grey_800) that varies with configuration!!
04-29 18:23:14.643 W/Resources( 1322): Preloaded drawable resource #0x10802c9 (android:drawable/floating_popup_background_dark) that varies with configuration!!
04-29 18:23:15.480 W/Resources( 1322): Preloaded drawable resource #0x108030b (android:drawable/ic_clear_disabled) that varies with configuration!!
04-29 18:23:15.483 W/Resources( 1322): Preloaded drawable resource #0x1080310 (android:drawable/ic_clear_normal) that varies with configuration!!
04-29 18:23:15.633 W/Resources( 1322): Preloaded drawable resource #0x1080359 (android:drawable/ic_go) that varies with configuration!!
04-29 18:23:16.023 W/Resources( 1322): Preloaded drawable resource #0x1080038 (android:drawable/ic_menu_close_clear_cancel) that varies with configuration!!
04-29 18:23:16.084 W/Resources( 1323): Preloaded drawable resource #0x108025c (android:drawable/dialog_background_material) that varies with configuration!!
04-29 18:23:16.112 W/Resources( 1323): Preloaded drawable resource #0x1080298 (android:drawable/editbox_dropdown_background_dark) that varies with configuration!!
04-29 18:23:16.153 W/Resources( 1322): Preloaded drawable resource #0x1080045 (android:drawable/ic_menu_more) that varies with configuration!!
04-29 18:23:16.242 I/art     ( 1322): Background concurrent mark sweep GC freed 15786(960KB) AllocSpace objects, 7(200KB) LOS objects, 50% free, 3MB/7MB, paused 29.454ms total 275.412ms
04-29 18:23:16.483 W/Resources( 1322): Preloaded drawable resource #0x10804e8 (android:drawable/menu_background_fill_parent_width) that varies with configuration!!
04-29 18:23:16.498 W/Resources( 1323): Preloaded color resource #0x10600e2 (android:color/material_grey_800) that varies with configuration!!
04-29 18:23:16.498 W/Resources( 1323): Preloaded drawable resource #0x10802c9 (android:drawable/floating_popup_background_dark) that varies with configuration!!
04-29 18:23:16.668 I/art     ( 1323): Background concurrent mark sweep GC freed 27970(1993KB) AllocSpace objects, 2(32KB) LOS objects, 62% free, 2MB/6MB, paused 1.875ms total 561.122ms
04-29 18:23:17.297 W/Resources( 1323): Preloaded drawable resource #0x108030b (android:drawable/ic_clear_disabled) that varies with configuration!!
04-29 18:23:17.299 W/Resources( 1323): Preloaded drawable resource #0x1080310 (android:drawable/ic_clear_normal) that varies with configuration!!
04-29 18:23:17.497 W/Resources( 1323): Preloaded drawable resource #0x1080359 (android:drawable/ic_go) that varies with configuration!!
04-29 18:23:17.773 W/Resources( 1323): Preloaded drawable resource #0x1080038 (android:drawable/ic_menu_close_clear_cancel) that varies with configuration!!
04-29 18:23:17.893 W/Resources( 1323): Preloaded drawable resource #0x1080045 (android:drawable/ic_menu_more) that varies with configuration!!
04-29 18:23:18.183 W/Resources( 1322): Preloaded drawable resource #0x108077e (android:drawable/text_edit_paste_window) that varies with configuration!!
04-29 18:23:18.322 W/Resources( 1322): Preloaded drawable resource #0x1080096 (android:drawable/toast_frame) that varies with configuration!!
04-29 18:23:18.322 I/Zygote  ( 1322): ...preloaded 114 resources in 4968ms.
04-29 18:23:18.366 W/Resources( 1323): Preloaded drawable resource #0x10804e8 (android:drawable/menu_background_fill_parent_width) that varies with configuration!!
04-29 18:23:18.585 W/Resources( 1322): Preloaded color resource #0x106010b (android:color/background_cache_hint_selector_material_dark) that varies with configuration!!
04-29 18:23:18.587 W/Resources( 1322): Preloaded color resource #0x1060110 (android:color/btn_default_material_dark) that varies with configuration!!
04-29 18:23:18.686 I/Zygote  ( 1322): ...preloaded 41 resources in 364ms.
04-29 18:23:18.687 D/libEGL  ( 1322): Emulator without GPU support detected. Fallback to legacy software renderer, qemu.gles is set to 0.
04-29 18:23:18.817 D/libEGL  ( 1322): loaded /system/lib64/egl/libGLES_android.so
04-29 18:23:19.863 I/Zygote  ( 1322): Preloading shared libraries...
04-29 18:23:20.062 E/Hyphenator( 1322): error loading hyphenation /system/usr/hyphen-data/hyph-as.hyb
04-29 18:23:20.062 E/Hyphenator( 1322): java.io.FileNotFoundException: /system/usr/hyphen-data/hyph-as.hyb: open failed: ENOENT (No such file or directory)
04-29 18:23:20.062 E/Hyphenator( 1322): 	at libcore.io.IoBridge.open(IoBridge.java:455)
04-29 18:23:20.062 E/Hyphenator( 1322): 	at java.io.RandomAccessFile.<init>(RandomAccessFile.java:247)
04-29 18:23:20.062 E/Hyphenator( 1322): 	at android.text.Hyphenator.loadHyphenator(Hyphenator.java:118)
04-29 18:23:20.062 E/Hyphenator( 1322): 	at android.text.Hyphenator.init(Hyphenator.java:224)
04-29 18:23:20.062 E/Hyphenator( 1322): 	at com.android.internal.os.ZygoteInit.preloadTextResources(ZygoteInit.java:252)
04-29 18:23:20.062 E/Hyphenator( 1322): 	at com.android.internal.os.ZygoteInit.preload(ZygoteInit.java:206)
04-29 18:23:20.062 E/Hyphenator( 1322): 	at com.android.internal.os.ZygoteInit.main(ZygoteInit.java:743)
04-29 18:23:20.062 E/Hyphenator( 1322): Caused by: android.system.ErrnoException: open failed: ENOENT (No such file or directory)
04-29 18:23:20.062 E/Hyphenator( 1322): 	at libcore.io.Posix.open(Native Method)
04-29 18:23:20.062 E/Hyphenator( 1322): 	at libcore.io.BlockGuardOs.open(BlockGuardOs.java:187)
04-29 18:23:20.062 E/Hyphenator( 1322): 	at libcore.io.IoBridge.open(IoBridge.java:441)
04-29 18:23:20.062 E/Hyphenator( 1322): 	... 6 more
04-29 18:23:20.064 E/Hyphenator( 1322): error loading hyphenation /system/usr/hyphen-data/hyph-bn.hyb
04-29 18:23:20.064 E/Hyphenator( 1322): java.io.FileNotFoundException: /system/usr/hyphen-data/hyph-bn.hyb: open failed: ENOENT (No such file or directory)
04-29 18:23:20.064 E/Hyphenator( 1322): 	at libcore.io.IoBridge.open(IoBridge.java:455)
04-29 18:23:20.064 E/Hyphenator( 1322): 	at java.io.RandomAccessFile.<init>(RandomAccessFile.java:247)
04-29 18:23:20.064 E/Hyphenator( 1322): 	at android.text.Hyphenator.loadHyphenator(Hyphenator.java:118)
04-29 18:23:20.064 E/Hyphenator( 1322): 	at android.text.Hyphenator.init(Hyphenator.java:224)
04-29 18:23:20.064 E/Hyphenator( 1322): 	at com.android.internal.os.ZygoteInit.preloadTextResources(ZygoteInit.java:252)
04-29 18:23:20.064 E/Hyphenator( 1322): 	at com.android.internal.os.ZygoteInit.preload(ZygoteInit.java:206)
04-29 18:23:20.064 E/Hyphenator( 1322): 	at com.android.internal.os.ZygoteInit.main(ZygoteInit.java:743)
04-29 18:23:20.064 E/Hyphenator( 1322): Caused by: android.system.ErrnoException: open failed: ENOENT (No such file or directory)
04-29 18:23:20.064 E/Hyphenator( 1322): 	at libcore.io.Posix.open(Native Method)
04-29 18:23:20.064 E/Hyphenator( 1322): 	at libcore.io.BlockGuardOs.open(BlockGuardOs.java:187)
04-29 18:23:20.064 E/Hyphenator( 1322): 	at libcore.io.IoBridge.open(IoBridge.java:441)
04-29 18:23:20.064 E/Hyphenator( 1322): 	... 6 more
04-29 18:23:20.065 E/Hyphenator( 1322): error loading hyphenation /system/usr/hyphen-data/hyph-cy.hyb
04-29 18:23:20.065 E/Hyphenator( 1322): java.io.FileNotFoundException: /system/usr/hyphen-data/hyph-cy.hyb: open failed: ENOENT (No such file or directory)
04-29 18:23:20.065 E/Hyphenator( 1322): 	at libcore.io.IoBridge.open(IoBridge.java:455)
04-29 18:23:20.065 E/Hyphenator( 1322): 	at java.io.RandomAccessFile.<init>(RandomAccessFile.java:247)
04-29 18:23:20.065 E/Hyphenator( 1322): 	at android.text.Hyphenator.loadHyphenator(Hyphenator.java:118)
04-29 18:23:20.065 E/Hyphenator( 1322): 	at android.text.Hyphenator.init(Hyphenator.java:224)
04-29 18:23:20.065 E/Hyphenator( 1322): 	at com.android.internal.os.ZygoteInit.preloadTextResources(ZygoteInit.java:252)
04-29 18:23:20.065 E/Hyphenator( 1322): 	at com.android.internal.os.ZygoteInit.preload(ZygoteInit.java:206)
04-29 18:23:20.065 E/Hyphenator( 1322): 	at com.android.internal.os.ZygoteInit.main(ZygoteInit.java:743)
04-29 18:23:20.065 E/Hyphenator( 1322): Caused by: android.system.ErrnoException: open failed: ENOENT (No such file or directory)
04-29 18:23:20.065 E/Hyphenator( 1322): 	at libcore.io.Posix.open(Native Method)
04-29 18:23:20.065 E/Hyphenator( 1322): 	at libcore.io.BlockGuardOs.open(BlockGuardOs.java:187)
04-29 18:23:20.065 E/Hyphenator( 1322): 	at libcore.io.IoBridge.open(IoBridge.java:441)
04-29 18:23:20.065 E/Hyphenator( 1322): 	... 6 more
04-29 18:23:20.066 E/Hyphenator( 1322): error loading hyphenation /system/usr/hyphen-data/hyph-da.hyb
04-29 18:23:20.066 E/Hyphenator( 1322): java.io.FileNotFoundException: /system/usr/hyphen-data/hyph-da.hyb: open failed: ENOENT (No such file or directory)
04-29 18:23:20.066 E/Hyphenator( 1322): 	at libcore.io.IoBridge.open(IoBridge.java:455)
04-29 18:23:20.066 E/Hyphenator( 1322): 	at java.io.RandomAccessFile.<init>(RandomAccessFile.java:247)
04-29 18:23:20.066 E/Hyphenator( 1322): 	at android.text.Hyphenator.loadHyphenator(Hyphenator.java:118)
04-29 18:23:20.066 E/Hyphenator( 1322): 	at android.text.Hyphenator.init(Hyphenator.java:224)
04-29 18:23:20.066 E/Hyphenator( 1322): 	at com.android.internal.os.ZygoteInit.preloadTextResources(ZygoteInit.java:252)
04-29 18:23:20.066 E/Hyphenator( 1322): 	at com.android.internal.os.ZygoteInit.preload(ZygoteInit.java:206)
04-29 18:23:20.066 E/Hyphenator( 1322): 	at com.android.internal.os.ZygoteInit.main(ZygoteInit.java:743)
04-29 18:23:20.066 E/Hyphenator( 1322): Caused by: android.system.ErrnoException: open failed: ENOENT (No such file or directory)
04-29 18:23:20.066 E/Hyphenator( 1322): 	at libcore.io.Posix.open(Native Method)
04-29 18:23:20.066 E/Hyphenator( 1322): 	at libcore.io.BlockGuardOs.open(BlockGuardOs.java:187)
04-29 18:23:20.066 E/Hyphenator( 1322): 	at libcore.io.IoBridge.open(IoBridge.java:441)
04-29 18:23:20.066 E/Hyphenator( 1322): 	... 6 more
04-29 18:23:20.067 E/Hyphenator( 1322): error loading hyphenation /system/usr/hyphen-data/hyph-de-1901.hyb
04-29 18:23:20.067 E/Hyphenator( 1322): java.io.FileNotFoundException: /system/usr/hyphen-data/hyph-de-1901.hyb: open failed: ENOENT (No such file or directory)
04-29 18:23:20.067 E/Hyphenator( 1322): 	at libcore.io.IoBridge.open(IoBridge.java:455)
04-29 18:23:20.067 E/Hyphenator( 1322): 	at java.io.RandomAccessFile.<init>(RandomAccessFile.java:247)
04-29 18:23:20.067 E/Hyphenator( 1322): 	at android.text.Hyphenator.loadHyphenator(Hyphenator.java:118)
04-29 18:23:20.067 E/Hyphenator( 1322): 	at android.text.Hyphenator.init(Hyphenator.java:224)
04-29 18:23:20.067 E/Hyphenator( 1322): 	at com.android.internal.os.ZygoteInit.preloadTextResources(ZygoteInit.java:252)
04-29 18:23:20.067 E/Hyphenator( 1322): 	at com.android.internal.os.ZygoteInit.preload(ZygoteInit.java:206)
04-29 18:23:20.067 E/Hyphenator( 1322): 	at com.android.internal.os.ZygoteInit.main(ZygoteInit.java:743)
04-29 18:23:20.067 E/Hyphenator( 1322): Caused by: android.system.ErrnoException: open failed: ENOENT (No such file or directory)
04-29 18:23:20.067 E/Hyphenator( 1322): 	at libcore.io.Posix.open(Native Method)
04-29 18:23:20.067 E/Hyphenator( 1322): 	at libcore.io.BlockGuardOs.open(BlockGuardOs.java:187)
04-29 18:23:20.067 E/Hyphenator( 1322): 	at libcore.io.IoBridge.open(IoBridge.java:441)
04-29 18:23:20.067 E/Hyphenator( 1322): 	... 6 more
04-29 18:23:20.068 E/Hyphenator( 1322): error loading hyphenation /system/usr/hyphen-data/hyph-de-1996.hyb
04-29 18:23:20.068 E/Hyphenator( 1322): java.io.FileNotFoundException: /system/usr/hyphen-data/hyph-de-1996.hyb: open failed: ENOENT (No such file or directory)
04-29 18:23:20.068 E/Hyphenator( 1322): 	at libcore.io.IoBridge.open(IoBridge.java:455)
04-29 18:23:20.068 E/Hyphenator( 1322): 	at java.io.RandomAccessFile.<init>(RandomAccessFile.java:247)
04-29 18:23:20.068 E/Hyphenator( 1322): 	at android.text.Hyphenator.loadHyphenator(Hyphenator.java:118)
04-29 18:23:20.068 E/Hyphenator( 1322): 	at android.text.Hyphenator.init(Hyphenator.java:224)
04-29 18:23:20.068 E/Hyphenator( 1322): 	at com.android.internal.os.ZygoteInit.preloadTextResources(ZygoteInit.java:252)
04-29 18:23:20.068 E/Hyphenator( 1322): 	at com.android.internal.os.ZygoteInit.preload(ZygoteInit.java:206)
04-29 18:23:20.068 E/Hyphenator( 1322): 	at com.android.internal.os.ZygoteInit.main(ZygoteInit.java:743)
04-29 18:23:20.068 E/Hyphenator( 1322): Caused by: android.system.ErrnoException: open failed: ENOENT (No such file or directory)
04-29 18:23:20.068 E/Hyphenator( 1322): 	at libcore.io.Posix.open(Native Method)
04-29 18:23:20.068 E/Hyphenator( 1322): 	at libcore.io.BlockGuardOs.open(BlockGuardOs.java:187)
04-29 18:23:20.068 E/Hyphenator( 1322): 	at libcore.io.IoBridge.open(IoBridge.java:441)
04-29 18:23:20.068 E/Hyphenator( 1322): 	... 6 more
04-29 18:23:20.117 E/Hyphenator( 1322): error loading hyphenation /system/usr/hyphen-data/hyph-de-ch-1901.hyb
04-29 18:23:20.117 E/Hyphenator( 1322): java.io.FileNotFoundException: /system/usr/hyphen-data/hyph-de-ch-1901.hyb: open failed: ENOENT (No such file or directory)
04-29 18:23:20.117 E/Hyphenator( 1322): 	at libcore.io.IoBridge.open(IoBridge.java:455)
04-29 18:23:20.117 E/Hyphenator( 1322): 	at java.io.RandomAccessFile.<init>(RandomAccessFile.java:247)
04-29 18:23:20.117 E/Hyphenator( 1322): 	at android.text.Hyphenator.loadHyphenator(Hyphenator.java:118)
04-29 18:23:20.117 E/Hyphenator( 1322): 	at android.text.Hyphenator.init(Hyphenator.java:224)
04-29 18:23:20.117 E/Hyphenator( 1322): 	at com.android.internal.os.ZygoteInit.preloadTextResources(ZygoteInit.java:252)
04-29 18:23:20.117 E/Hyphenator( 1322): 	at com.android.internal.os.ZygoteInit.preload(ZygoteInit.java:206)
04-29 18:23:20.117 E/Hyphenator( 1322): 	at com.android.internal.os.ZygoteInit.main(ZygoteInit.java:743)
04-29 18:23:20.117 E/Hyphenator( 1322): Caused by: android.system.ErrnoException: open failed: ENOENT (No such file or directory)
04-29 18:23:20.117 E/Hyphenator( 1322): 	at libcore.io.Posix.open(Native Method)
04-29 18:23:20.117 E/Hyphenator( 1322): 	at libcore.io.BlockGuardOs.open(BlockGuardOs.java:187)
04-29 18:23:20.117 E/Hyphenator( 1322): 	at libcore.io.IoBridge.open(IoBridge.java:441)
04-29 18:23:20.117 E/Hyphenator( 1322): 	... 6 more
04-29 18:23:20.118 E/Hyphenator( 1322): error loading hyphenation /system/usr/hyphen-data/hyph-en-gb.hyb
04-29 18:23:20.118 E/Hyphenator( 1322): java.io.FileNotFoundException: /system/usr/hyphen-data/hyph-en-gb.hyb: open failed: ENOENT (No such file or directory)
04-29 18:23:20.118 E/Hyphenator( 1322): 	at libcore.io.IoBridge.open(IoBridge.java:455)
04-29 18:23:20.118 E/Hyphenator( 1322): 	at java.io.RandomAccessFile.<init>(RandomAccessFile.java:247)
04-29 18:23:20.118 E/Hyphenator( 1322): 	at android.text.Hyphenator.loadHyphenator(Hyphenator.java:118)
04-29 18:23:20.118 E/Hyphenator( 1322): 	at android.text.Hyphenator.init(Hyphenator.java:224)
04-29 18:23:20.118 E/Hyphenator( 1322): 	at com.android.internal.os.ZygoteInit.preloadTextResources(ZygoteInit.java:252)
04-29 18:23:20.118 E/Hyphenator( 1322): 	at com.android.internal.os.ZygoteInit.preload(ZygoteInit.java:206)
04-29 18:23:20.118 E/Hyphenator( 1322): 	at com.android.internal.os.ZygoteInit.main(ZygoteInit.java:743)
04-29 18:23:20.118 E/Hyphenator( 1322): Caused by: android.system.ErrnoException: open failed: ENOENT (No such file or directory)
04-29 18:23:20.118 E/Hyphenator( 1322): 	at libcore.io.Posix.open(Native Method)
04-29 18:23:20.118 E/Hyphenator( 1322): 	at libcore.io.BlockGuardOs.open(BlockGuardOs.java:187)
04-29 18:23:20.118 E/Hyphenator( 1322): 	at libcore.io.IoBridge.open(IoBridge.java:441)
04-29 18:23:20.118 E/Hyphenator( 1322): 	... 6 more
04-29 18:23:20.119 E/Hyphenator( 1322): error loading hyphenation /system/usr/hyphen-data/hyph-en-us.hyb
04-29 18:23:20.119 E/Hyphenator( 1322): java.io.FileNotFoundException: /system/usr/hyphen-data/hyph-en-us.hyb: open failed: ENOENT (No such file or directory)
04-29 18:23:20.119 E/Hyphenator( 1322): 	at libcore.io.IoBridge.open(IoBridge.java:455)
04-29 18:23:20.119 E/Hyphenator( 1322): 	at java.io.RandomAccessFile.<init>(RandomAccessFile.java:247)
04-29 18:23:20.119 E/Hyphenator( 1322): 	at android.text.Hyphenator.loadHyphenator(Hyphenator.java:118)
04-29 18:23:20.119 E/Hyphenator( 1322): 	at android.text.Hyphenator.init(Hyphenator.java:224)
04-29 18:23:20.119 E/Hyphenator( 1322): 	at com.android.internal.os.ZygoteInit.preloadTextResources(ZygoteInit.java:252)
04-29 18:23:20.119 E/Hyphenator( 1322): 	at com.android.internal.os.ZygoteInit.preload(ZygoteInit.java:206)
04-29 18:23:20.119 E/Hyphenator( 1322): 	at com.android.internal.os.ZygoteInit.main(ZygoteInit.java:743)
04-29 18:23:20.119 E/Hyphenator( 1322): Caused by: android.system.ErrnoException: open failed: ENOENT (No such file or directory)
04-29 18:23:20.119 E/Hyphenator( 1322): 	at libcore.io.Posix.open(Native Method)
04-29 18:23:20.119 E/Hyphenator( 1322): 	at libcore.io.BlockGuardOs.open(BlockGuardOs.java:187)
04-29 18:23:20.119 E/Hyphenator( 1322): 	at libcore.io.IoBridge.open(IoBridge.java:441)
04-29 18:23:20.119 E/Hyphenator( 1322): 	... 6 more
04-29 18:23:20.199 E/Hyphenator( 1322): error loading hyphenation /system/usr/hyphen-data/hyph-es.hyb
04-29 18:23:20.199 E/Hyphenator( 1322): java.io.FileNotFoundException: /system/usr/hyphen-data/hyph-es.hyb: open failed: ENOENT (No such file or directory)
04-29 18:23:20.199 E/Hyphenator( 1322): 	at libcore.io.IoBridge.open(IoBridge.java:455)
04-29 18:23:20.199 E/Hyphenator( 1322): 	at java.io.RandomAccessFile.<init>(RandomAccessFile.java:247)
04-29 18:23:20.199 E/Hyphenator( 1322): 	at android.text.Hyphenator.loadHyphenator(Hyphenator.java:118)
04-29 18:23:20.199 E/Hyphenator( 1322): 	at android.text.Hyphenator.init(Hyphenator.java:224)
04-29 18:23:20.199 E/Hyphenator( 1322): 	at com.android.internal.os.ZygoteInit.preloadTextResources(ZygoteInit.java:252)
04-29 18:23:20.199 E/Hyphenator( 1322): 	at com.android.internal.os.ZygoteInit.preload(ZygoteInit.java:206)
04-29 18:23:20.199 E/Hyphenator( 1322): 	at com.android.internal.os.ZygoteInit.main(ZygoteInit.java:743)
04-29 18:23:20.199 E/Hyphenator( 1322): Caused by: android.system.ErrnoException: open failed: ENOENT (No such file or directory)
04-29 18:23:20.199 E/Hyphenator( 1322): 	at libcore.io.Posix.open(Native Method)
04-29 18:23:20.199 E/Hyphenator( 1322): 	at libcore.io.BlockGuardOs.open(BlockGuardOs.java:187)
04-29 18:23:20.199 E/Hyphenator( 1322): 	at libcore.io.IoBridge.open(IoBridge.java:441)
04-29 18:23:20.199 E/Hyphenator( 1322): 	... 6 more
04-29 18:23:20.209 E/Hyphenator( 1322): error loading hyphenation /system/usr/hyphen-data/hyph-et.hyb
04-29 18:23:20.209 E/Hyphenator( 1322): java.io.FileNotFoundException: /system/usr/hyphen-data/hyph-et.hyb: open failed: ENOENT (No such file or directory)
04-29 18:23:20.209 E/Hyphenator( 1322): 	at libcore.io.IoBridge.open(IoBridge.java:455)
04-29 18:23:20.209 E/Hyphenator( 1322): 	at java.io.RandomAccessFile.<init>(RandomAccessFile.java:247)
04-29 18:23:20.209 E/Hyphenator( 1322): 	at android.text.Hyphenator.loadHyphenator(Hyphenator.java:118)
04-29 18:23:20.209 E/Hyphenator( 1322): 	at android.text.Hyphenator.init(Hyphenator.java:224)
04-29 18:23:20.209 E/Hyphenator( 1322): 	at com.android.internal.os.ZygoteInit.preloadTextResources(ZygoteInit.java:252)
04-29 18:23:20.209 E/Hyphenator( 1322): 	at com.android.internal.os.ZygoteInit.preload(ZygoteInit.java:206)
04-29 18:23:20.209 E/Hyphenator( 1322): 	at com.android.internal.os.ZygoteInit.main(ZygoteInit.java:743)
04-29 18:23:20.209 E/Hyphenator( 1322): Caused by: android.system.ErrnoException: open failed: ENOENT (No such file or directory)
04-29 18:23:20.209 E/Hyphenator( 1322): 	at libcore.io.Posix.open(Native Method)
04-29 18:23:20.209 E/Hyphenator( 1322): 	at libcore.io.BlockGuardOs.open(BlockGuardOs.java:187)
04-29 18:23:20.209 E/Hyphenator( 1322): 	at libcore.io.IoBridge.open(IoBridge.java:441)
04-29 18:23:20.209 E/Hyphenator( 1322): 	... 6 more
04-29 18:23:20.389 E/Hyphenator( 1322): error loading hyphenation /system/usr/hyphen-data/hyph-eu.hyb
04-29 18:23:20.389 E/Hyphenator( 1322): java.io.FileNotFoundException: /system/usr/hyphen-data/hyph-eu.hyb: open failed: ENOENT (No such file or directory)
04-29 18:23:20.389 E/Hyphenator( 1322): 	at libcore.io.IoBridge.open(IoBridge.java:455)
04-29 18:23:20.389 E/Hyphenator( 1322): 	at java.io.RandomAccessFile.<init>(RandomAccessFile.java:247)
04-29 18:23:20.389 E/Hyphenator( 1322): 	at android.text.Hyphenator.loadHyphenator(Hyphenator.java:118)
04-29 18:23:20.389 E/Hyphenator( 1322): 	at android.text.Hyphenator.init(Hyphenator.java:224)
04-29 18:23:20.389 E/Hyphenator( 1322): 	at com.android.internal.os.ZygoteInit.preloadTextResources(ZygoteInit.java:252)
04-29 18:23:20.389 E/Hyphenator( 1322): 	at com.android.internal.os.ZygoteInit.preload(ZygoteInit.java:206)
04-29 18:23:20.389 E/Hyphenator( 1322): 	at com.android.internal.os.ZygoteInit.main(ZygoteInit.java:743)
04-29 18:23:20.389 E/Hyphenator( 1322): Caused by: android.system.ErrnoException: open failed: ENOENT (No such file or directory)
04-29 18:23:20.389 E/Hyphenator( 1322): 	at libcore.io.Posix.open(Native Method)
04-29 18:23:20.389 E/Hyphenator( 1322): 	at libcore.io.BlockGuardOs.open(BlockGuardOs.java:187)
04-29 18:23:20.389 E/Hyphenator( 1322): 	at libcore.io.IoBridge.open(IoBridge.java:441)
04-29 18:23:20.389 E/Hyphenator( 1322): 	... 6 more
04-29 18:23:20.567 E/Hyphenator( 1322): error loading hyphenation /system/usr/hyphen-data/hyph-fr.hyb
04-29 18:23:20.567 E/Hyphenator( 1322): java.io.FileNotFoundException: /system/usr/hyphen-data/hyph-fr.hyb: open failed: ENOENT (No such file or directory)
04-29 18:23:20.567 E/Hyphenator( 1322): 	at libcore.io.IoBridge.open(IoBridge.java:455)
04-29 18:23:20.567 E/Hyphenator( 1322): 	at java.io.RandomAccessFile.<init>(RandomAccessFile.java:247)
04-29 18:23:20.567 E/Hyphenator( 1322): 	at android.text.Hyphenator.loadHyphenator(Hyphenator.java:118)
04-29 18:23:20.567 E/Hyphenator( 1322): 	at android.text.Hyphenator.init(Hyphenator.java:224)
04-29 18:23:20.567 E/Hyphenator( 1322): 	at com.android.internal.os.ZygoteInit.preloadTextResources(ZygoteInit.java:252)
04-29 18:23:20.567 E/Hyphenator( 1322): 	at com.android.internal.os.ZygoteInit.preload(ZygoteInit.java:206)
04-29 18:23:20.567 E/Hyphenator( 1322): 	at com.android.internal.os.ZygoteInit.main(ZygoteInit.java:743)
04-29 18:23:20.567 E/Hyphenator( 1322): Caused by: android.system.ErrnoException: open failed: ENOENT (No such file or directory)
04-29 18:23:20.567 E/Hyphenator( 1322): 	at libcore.io.Posix.open(Native Method)
04-29 18:23:20.567 E/Hyphenator( 1322): 	at libcore.io.BlockGuardOs.open(BlockGuardOs.java:187)
04-29 18:23:20.567 E/Hyphenator( 1322): 	at libcore.io.IoBridge.open(IoBridge.java:441)
04-29 18:23:20.567 E/Hyphenator( 1322): 	... 6 more
04-29 18:23:20.569 E/Hyphenator( 1322): error loading hyphenation /system/usr/hyphen-data/hyph-ga.hyb
04-29 18:23:20.569 E/Hyphenator( 1322): java.io.FileNotFoundException: /system/usr/hyphen-data/hyph-ga.hyb: open failed: ENOENT (No such file or directory)
04-29 18:23:20.569 E/Hyphenator( 1322): 	at libcore.io.IoBridge.open(IoBridge.java:455)
04-29 18:23:20.569 E/Hyphenator( 1322): 	at java.io.RandomAccessFile.<init>(RandomAccessFile.java:247)
04-29 18:23:20.569 E/Hyphenator( 1322): 	at android.text.Hyphenator.loadHyphenator(Hyphenator.java:118)
04-29 18:23:20.569 E/Hyphenator( 1322): 	at android.text.Hyphenator.init(Hyphenator.java:224)
04-29 18:23:20.569 E/Hyphenator( 1322): 	at com.android.internal.os.ZygoteInit.preloadTextResources(ZygoteInit.java:252)
04-29 18:23:20.569 E/Hyphenator( 1322): 	at com.android.internal.os.ZygoteInit.preload(ZygoteInit.java:206)
04-29 18:23:20.569 E/Hyphenator( 1322): 	at com.android.internal.os.ZygoteInit.main(ZygoteInit.java:743)
04-29 18:23:20.569 E/Hyphenator( 1322): Caused by: android.system.ErrnoException: open failed: ENOENT (No such file or directory)
04-29 18:23:20.569 E/Hyphenator( 1322): 	at libcore.io.Posix.open(Native Method)
04-29 18:23:20.569 E/Hyphenator( 1322): 	at libcore.io.BlockGuardOs.open(BlockGuardOs.java:187)
04-29 18:23:20.569 E/Hyphenator( 1322): 	at libcore.io.IoBridge.open(IoBridge.java:441)
04-29 18:23:20.569 E/Hyphenator( 1322): 	... 6 more
04-29 18:23:20.661 E/Hyphenator( 1322): error loading hyphenation /system/usr/hyphen-data/hyph-gu.hyb
04-29 18:23:20.661 E/Hyphenator( 1322): java.io.FileNotFoundException: /system/usr/hyphen-data/hyph-gu.hyb: open failed: ENOENT (No such file or directory)
04-29 18:23:20.661 E/Hyphenator( 1322): 	at libcore.io.IoBridge.open(IoBridge.java:455)
04-29 18:23:20.661 E/Hyphenator( 1322): 	at java.io.RandomAccessFile.<init>(RandomAccessFile.java:247)
04-29 18:23:20.661 E/Hyphenator( 1322): 	at android.text.Hyphenator.loadHyphenator(Hyphenator.java:118)
04-29 18:23:20.661 E/Hyphenator( 1322): 	at android.text.Hyphenator.init(Hyphenator.java:224)
04-29 18:23:20.661 E/Hyphenator( 1322): 	at com.android.internal.os.ZygoteInit.preloadTextResources(ZygoteInit.java:252)
04-29 18:23:20.661 E/Hyphenator( 1322): 	at com.android.internal.os.ZygoteInit.preload(ZygoteInit.java:206)
04-29 18:23:20.661 E/Hyphenator( 1322): 	at com.android.internal.os.ZygoteInit.main(ZygoteInit.java:743)
04-29 18:23:20.661 E/Hyphenator( 1322): Caused by: android.system.ErrnoException: open failed: ENOENT (No such file or directory)
04-29 18:23:20.661 E/Hyphenator( 1322): 	at libcore.io.Posix.open(Native Method)
04-29 18:23:20.661 E/Hyphenator( 1322): 	at libcore.io.BlockGuardOs.open(BlockGuardOs.java:187)
04-29 18:23:20.661 E/Hyphenator( 1322): 	at libcore.io.IoBridge.open(IoBridge.java:441)
04-29 18:23:20.661 E/Hyphenator( 1322): 	... 6 more
04-29 18:23:20.663 E/Hyphenator( 1322): error loading hyphenation /system/usr/hyphen-data/hyph-hi.hyb
04-29 18:23:20.663 E/Hyphenator( 1322): java.io.FileNotFoundException: /system/usr/hyphen-data/hyph-hi.hyb: open failed: ENOENT (No such file or directory)
04-29 18:23:20.663 E/Hyphenator( 1322): 	at libcore.io.IoBridge.open(IoBridge.java:455)
04-29 18:23:20.663 E/Hyphenator( 1322): 	at java.io.RandomAccessFile.<init>(RandomAccessFile.java:247)
04-29 18:23:20.663 E/Hyphenator( 1322): 	at android.text.Hyphenator.loadHyphenator(Hyphenator.java:118)
04-29 18:23:20.663 E/Hyphenator( 1322): 	at android.text.Hyphenator.init(Hyphenator.java:224)
04-29 18:23:20.663 E/Hyphenator( 1322): 	at com.android.internal.os.ZygoteInit.preloadTextResources(ZygoteInit.java:252)
04-29 18:23:20.663 E/Hyphenator( 1322): 	at com.android.internal.os.ZygoteInit.preload(ZygoteInit.java:206)
04-29 18:23:20.663 E/Hyphenator( 1322): 	at com.android.internal.os.ZygoteInit.main(ZygoteInit.java:743)
04-29 18:23:20.663 E/Hyphenator( 1322): Caused by: android.system.ErrnoException: open failed: ENOENT (No such file or directory)
04-29 18:23:20.663 E/Hyphenator( 1322): 	at libcore.io.Posix.open(Native Method)
04-29 18:23:20.663 E/Hyphenator( 1322): 	at libcore.io.BlockGuardOs.open(BlockGuardOs.java:187)
