05-21 14:11:30.756 I/art     ( 2067): System.exit called, status: 0
05-21 14:11:30.756 I/AndroidRuntime( 2067): VM exiting with result code 0, cleanup skipped.
05-21 14:11:30.792 I/MediaPlayerService( 1336): MediaPlayerService::getOMX
05-21 14:11:30.794 I/OMXClient( 1336): MuxOMX ctor
05-21 14:11:30.795 I/OMXMaster( 1332): makeComponentInstance(OMX.google.vorbis.decoder) in mediacodec process
05-21 14:11:30.918 E/NetdConnector( 1819): NDC Command {3 bandwidth enable} took too long (4635ms)
05-21 14:11:31.041 W/InputAttributes( 2018): No editor info for this field. Bug?
05-21 14:11:31.080 I/fsck_msdos( 1270): ** Phase 2 - Check Cluster Chains
05-21 14:11:31.085 I/fsck_msdos( 1270): ** Phase 3 - Checking Directories
05-21 14:11:31.087 I/fsck_msdos( 1270): ** Phase 4 - Checking for Lost Files
05-21 14:11:31.092 I/fsck_msdos( 1270): 2 files, 534464 free (267232 clusters)
05-21 14:11:31.212 I/Vold    ( 1270): Filesystem check completed OK
05-21 14:11:31.213 D/VoldConnector( 1819): RCV <- {656 public:253,48 /mnt/media_rw/1EFF-1C1B}
05-21 14:11:31.231 D/VoldConnector( 1819): RCV <- {655 public:253,48 /storage/1EFF-1C1B}
05-21 14:11:31.342 E/WVMExtractor( 2024): Failed to open libwvm.so: dlopen failed: library "libwvm.so" not found
05-21 14:11:31.570 V/vold    ( 1270): Waiting for FUSE to spin up...
05-21 14:11:31.631 V/vold    ( 1270): Waiting for FUSE to spin up...
05-21 14:11:31.642 I/LatinIME:LogUtils( 2018): Dictionary info: dictionary = userunigram.en_US ; version = 1621606291 ; date = ?
05-21 14:11:31.671 E/ActivityThread( 2018): Failed to find provider info for user_dictionary
05-21 14:11:31.673 I/LatinIME:LogUtils( 2018): Dictionary info: dictionary = UserHistoryDictionary.en_US ; version = 1621606291 ; date = ?
05-21 14:11:31.725 V/vold    ( 1270): Waiting for FUSE to spin up...
05-21 14:11:31.781 V/vold    ( 1270): Waiting for FUSE to spin up...
05-21 14:11:31.840 V/vold    ( 1270): Waiting for FUSE to spin up...
05-21 14:11:31.900 V/vold    ( 1270): Waiting for FUSE to spin up...
05-21 14:11:31.960 V/vold    ( 1270): Waiting for FUSE to spin up...
05-21 14:11:32.022 V/vold    ( 1270): Waiting for FUSE to spin up...
05-21 14:11:32.079 V/vold    ( 1270): Waiting for FUSE to spin up...
05-21 14:11:32.130 V/vold    ( 1270): Waiting for FUSE to spin up...
05-21 14:11:32.184 V/vold    ( 1270): Waiting for FUSE to spin up...
05-21 14:11:32.234 V/vold    ( 1270): Waiting for FUSE to spin up...
05-21 14:11:32.286 V/vold    ( 1270): Waiting for FUSE to spin up...
05-21 14:11:32.340 V/vold    ( 1270): Waiting for FUSE to spin up...
05-21 14:11:32.401 V/vold    ( 1270): Waiting for FUSE to spin up...
05-21 14:11:32.444 W/sdcard  ( 2136): Device explicitly disabled sdcardfs
05-21 14:11:32.453 V/vold    ( 1270): Waiting for FUSE to spin up...
05-21 14:11:32.516 V/vold    ( 1270): Waiting for FUSE to spin up...
05-21 14:11:32.570 V/vold    ( 1270): Waiting for FUSE to spin up...
05-21 14:11:32.631 V/vold    ( 1270): Waiting for FUSE to spin up...
05-21 14:11:32.690 V/vold    ( 1270): Waiting for FUSE to spin up...
05-21 14:11:32.750 V/vold    ( 1270): Waiting for FUSE to spin up...
05-21 14:11:32.749 I/MediaPlayerService( 1336): MediaPlayerService::getOMX
05-21 14:11:32.804 I/OMXClient( 1336): MuxOMX ctor
05-21 14:11:32.809 I/OMXMaster( 1332): makeComponentInstance(OMX.google.opus.decoder) in mediacodec process
05-21 14:11:32.810 V/vold    ( 1270): Waiting for FUSE to spin up...
05-21 14:11:32.868 V/vold    ( 1270): Waiting for FUSE to spin up...
05-21 14:11:32.922 V/vold    ( 1270): Waiting for FUSE to spin up...
05-21 14:11:33.072 D/VoldConnector( 1819): RCV <- {651 public:253,48 2}
05-21 14:11:33.077 D/VoldConnector( 1819): RCV <- {200 7 Command succeeded}
05-21 14:11:33.091 E/VoldConnector( 1819): NDC Command {7 volume mount public:253,48 2 0} took too long (5244ms)
05-21 14:11:33.714 I/MediaPlayerService( 1336): MediaPlayerService::getOMX
05-21 14:11:33.715 I/OMXClient( 1336): MuxOMX ctor
05-21 14:11:33.716 I/OMXMaster( 1332): makeComponentInstance(OMX.google.raw.decoder) in mediacodec process
05-21 14:11:33.753 I/MediaPlayerService( 1336): MediaPlayerService::getOMX
05-21 14:11:33.755 I/OMXClient( 1336): MuxOMX ctor
05-21 14:11:33.756 I/OMXMaster( 1332): makeComponentInstance(OMX.google.aac.encoder) in mediacodec process
05-21 14:11:33.892 I/MediaPlayerService( 1336): MediaPlayerService::getOMX
05-21 14:11:33.894 I/OMXClient( 1336): MuxOMX ctor
05-21 14:11:33.894 I/OMXMaster( 1332): makeComponentInstance(OMX.google.amrnb.encoder) in mediacodec process
05-21 14:11:33.963 I/MediaPlayerService( 1336): MediaPlayerService::getOMX
05-21 14:11:33.965 I/OMXClient( 1336): MuxOMX ctor
05-21 14:11:33.966 I/OMXMaster( 1332): makeComponentInstance(OMX.google.amrwb.encoder) in mediacodec process
05-21 14:11:34.120 I/MediaPlayerService( 1336): MediaPlayerService::getOMX
05-21 14:11:34.131 I/OMXClient( 1336): MuxOMX ctor
05-21 14:11:34.131 I/OMXMaster( 1332): makeComponentInstance(OMX.google.flac.encoder) in mediacodec process
05-21 14:11:34.426 E/NetdConnector( 1819): NDC Command {4 strict enable} took too long (3483ms)
05-21 14:11:34.427 W/NetworkManagement( 1819): setDataSaverMode(): already false
05-21 14:11:34.605 I/vol.Events( 2024): writeEvent collection_started
05-21 14:11:34.794 I/vol.Events( 2024): writeEvent external_ringer_mode_changed normal
05-21 14:11:34.795 I/vol.Events( 2024): writeEvent internal_ringer_mode_changed normal
05-21 14:11:35.113 I/MediaPlayerService( 1336): MediaPlayerService::getOMX
05-21 14:11:35.115 I/OMXClient( 1336): MuxOMX ctor
05-21 14:11:35.115 I/OMXMaster( 1332): makeComponentInstance(OMX.google.gsm.decoder) in mediacodec process
05-21 14:11:35.941 I/MediaPlayerService( 1336): MediaPlayerService::getOMX
05-21 14:11:35.943 I/OMXClient( 1336): MuxOMX ctor
05-21 14:11:35.944 I/OMXMaster( 1332): makeComponentInstance(OMX.google.mpeg4.decoder) in mediacodec process
05-21 14:11:36.648 E/OMXNodeInstance( 1332): getExtensionIndex(534000f:google.mpeg4.decoder, OMX.google.android.index.configureVideoTunnelMode) ERROR: UnsupportedIndex(0x8000101a)
05-21 14:11:36.649 W/OMXNodeInstance( 1332): [534000f:google.mpeg4.decoder] component does not support metadata mode; using fallback
05-21 14:11:36.702 I/MediaPlayerService( 1336): MediaPlayerService::getOMX
05-21 14:11:36.703 I/OMXClient( 1336): MuxOMX ctor
05-21 14:11:36.704 I/OMXMaster( 1332): makeComponentInstance(OMX.google.h263.decoder) in mediacodec process
05-21 14:11:36.862 W/art     ( 2018): Long monitor contention with owner AsyncTask #1 (2133) at boolean android.os.MessageQueue.enqueueMessage(android.os.Message, long)(MessageQueue.java:541) waiters=0 in android.os.Message android.os.MessageQueue.next() for 420ms
05-21 14:11:36.877 E/NetdConnector( 1819): NDC Command {7 bandwidth setglobalalert 2097152} took too long (2068ms)
05-21 14:11:37.052 D/NetworkPolicy( 1819): setRestrictBackgroundUL(): false
05-21 14:11:37.056 W/NetworkManagement( 1819): setDataSaverMode(): already false
05-21 14:11:37.361 I/art     ( 1819): Background sticky concurrent mark sweep GC freed 41491(2MB) AllocSpace objects, 16(352KB) LOS objects, 20% free, 13MB/16MB, paused 2.803ms total 645.544ms
05-21 14:11:37.734 E/OMXNodeInstance( 1332): getExtensionIndex(5340010:google.h263.decoder, OMX.google.android.index.configureVideoTunnelMode) ERROR: UnsupportedIndex(0x8000101a)
05-21 14:11:37.735 W/OMXNodeInstance( 1332): [5340010:google.h263.decoder] component does not support metadata mode; using fallback
05-21 14:11:37.773 I/MediaPlayerService( 1336): MediaPlayerService::getOMX
05-21 14:11:37.774 I/OMXClient( 1336): MuxOMX ctor
05-21 14:11:37.775 I/OMXMaster( 1332): makeComponentInstance(OMX.google.h264.decoder) in mediacodec process
05-21 14:11:38.187 W/art     ( 1819): Long monitor contention with owner NetworkPolicy (1974) at boolean android.os.BinderProxy.transactNative(int, android.os.Parcel, android.os.Parcel, int)(Binder.java:-2) waiters=0 in void com.android.server.NetworkManagementService.setFirewallChainEnabled(int, boolean) for 836ms
05-21 14:11:38.744 W/ACodec  ( 1336): [OMX.google.h264.decoder] stopping checking profiles after 32: 2/8000
05-21 14:11:38.749 E/OMXNodeInstance( 1332): getExtensionIndex(5340011:google.h264.decoder, OMX.google.android.index.configureVideoTunnelMode) ERROR: UnsupportedIndex(0x8000101a)
05-21 14:11:38.760 W/OMXNodeInstance( 1332): [5340011:google.h264.decoder] component does not support metadata mode; using fallback
05-21 14:11:38.784 I/vol.Events( 2024): writeEvent level_changed STREAM_ALARM 6
05-21 14:11:38.845 I/MediaPlayerService( 1336): MediaPlayerService::getOMX
05-21 14:11:38.846 I/OMXClient( 1336): MuxOMX ctor
05-21 14:11:38.847 I/OMXMaster( 1332): makeComponentInstance(OMX.google.hevc.decoder) in mediacodec process
05-21 14:11:38.976 I/vol.Events( 2024): writeEvent level_changed STREAM_BLUETOOTH_SCO 7
05-21 14:11:39.037 I/vol.Events( 2024): writeEvent level_changed STREAM_MUSIC 11
05-21 14:11:39.106 I/vol.Events( 2024): writeEvent level_changed STREAM_RING 5
05-21 14:11:39.143 I/vol.Events( 2024): writeEvent level_changed STREAM_SYSTEM 5
05-21 14:11:39.240 I/vol.Events( 2024): writeEvent level_changed STREAM_VOICE_CALL 4
05-21 14:11:39.516 E/OMXNodeInstance( 1332): getExtensionIndex(5340012:google.hevc.decoder, OMX.google.android.index.configureVideoTunnelMode) ERROR: UnsupportedIndex(0x8000101a)
05-21 14:11:39.516 W/OMXNodeInstance( 1332): [5340012:google.hevc.decoder] component does not support metadata mode; using fallback
05-21 14:11:39.631 I/MediaPlayerService( 1336): MediaPlayerService::getOMX
05-21 14:11:39.632 I/OMXClient( 1336): MuxOMX ctor
05-21 14:11:39.633 I/OMXMaster( 1332): makeComponentInstance(OMX.google.vp8.decoder) in mediacodec process
05-21 14:11:39.663 D/StorageNotification( 2024): Notifying about private volume: VolumeInfo{private}:
05-21 14:11:39.663 D/StorageNotification( 2024):     type=PRIVATE diskId=null partGuid=null mountFlags=0 mountUserId=-1 
05-21 14:11:39.663 D/StorageNotification( 2024):     state=MOUNTED 
05-21 14:11:39.663 D/StorageNotification( 2024):     fsType=null fsUuid=null fsLabel=null 
05-21 14:11:39.663 D/StorageNotification( 2024):     path=/data internalPath=null 
05-21 14:11:39.667 D/StorageNotification( 2024): Notifying about public volume: VolumeInfo{public:253,48}:
05-21 14:11:39.667 D/StorageNotification( 2024):     type=PUBLIC diskId=disk:253,48 partGuid=null mountFlags=VISIBLE 
05-21 14:11:39.667 D/StorageNotification( 2024):     mountUserId=0 state=MOUNTED 
05-21 14:11:39.667 D/StorageNotification( 2024):     fsType=vfat fsUuid=1EFF-1C1B fsLabel=SDCARD 
05-21 14:11:39.667 D/StorageNotification( 2024):     path=/storage/1EFF-1C1B internalPath=/mnt/media_rw/1EFF-1C1B 
05-21 14:11:40.143 E/NetdConnector( 1819): NDC Command {8 firewall enable_chain standby} took too long (1956ms)
05-21 14:11:40.291 W/AudioService( 1819): onLoadSoundEffects(), Error 1 while loading samples
05-21 14:11:40.535 E/OMXNodeInstance( 1332): getExtensionIndex(5340013:google.vp8.decoder, OMX.google.android.index.configureVideoTunnelMode) ERROR: UnsupportedIndex(0x8000101a)
05-21 14:11:40.536 W/OMXNodeInstance( 1332): [5340013:google.vp8.decoder] component does not support metadata mode; using fallback
05-21 14:11:40.556 I/MediaPlayerService( 1336): MediaPlayerService::getOMX
05-21 14:11:40.558 I/OMXClient( 1336): MuxOMX ctor
05-21 14:11:40.558 I/OMXMaster( 1332): makeComponentInstance(OMX.google.vp9.decoder) in mediacodec process
05-21 14:11:40.692 I/SystemServiceManager( 1819): Starting phase 600
05-21 14:11:40.775 I/Choreographer( 2024): Skipped 89 frames!  The application may be doing too much work on its main thread.
05-21 14:11:40.895 D/SensorNotificationService( 1819): Cannot obtain dynamic meta sensor, not supported.
05-21 14:11:41.254 I/GnssLocationProvider( 1819): WakeLock acquired by sendMessage(13, 0, null)
05-21 14:11:41.279 W/LocationManagerService( 1819): no network location provider found
05-21 14:11:41.319 E/LocationManagerService( 1819): no geocoder provider found
05-21 14:11:41.323 E/OMXNodeInstance( 1332): getExtensionIndex(5340014:google.vp9.decoder, OMX.google.android.index.configureVideoTunnelMode) ERROR: UnsupportedIndex(0x8000101a)
05-21 14:11:41.324 W/OMXNodeInstance( 1332): [5340014:google.vp9.decoder] component does not support metadata mode; using fallback
05-21 14:11:41.344 E/FlpHardwareProvider( 1819): Error hw_get_module 'flp': -2
05-21 14:11:41.345 D/LocationManagerService( 1819): FLP HAL not supported
05-21 14:11:41.382 I/MediaPlayerService( 1336): MediaPlayerService::getOMX
05-21 14:11:41.403 D/LocationManagerService( 1819): Unable to bind FLP Geofence proxy.
05-21 14:11:41.404 E/ActivityRecognitionHardware( 1819): Error hw_get_module: -2
05-21 14:11:41.404 D/LocationManagerService( 1819): Hardware Activity-Recognition not supported.
05-21 14:11:41.406 E/ActivityRecognitionProxy( 1819): ServiceWatcher could not start.
05-21 14:11:41.406 D/LocationManagerService( 1819): Unable to bind ActivityRecognitionProxy.
05-21 14:11:41.408 I/GnssLocationProvider( 1819): WakeLock acquired by sendMessage(2, 1, null)
05-21 14:11:41.432 I/OMXClient( 1336): MuxOMX ctor
05-21 14:11:41.433 I/OMXMaster( 1332): makeComponentInstance(OMX.google.h263.encoder) in mediacodec process
05-21 14:11:41.530 I/CommonTimeManagementService( 1819): No common time service detected on this platform.  Common time services will be unavailable.
05-21 14:11:41.541 I/MmsServiceBroker( 1819): Delay connecting to MmsService until an API is called
05-21 14:11:41.551 I/InputReader( 1819): Reconfiguring input devices.  changes=0x00000020
05-21 14:11:41.582 I/InputReader( 1819): Reconfiguring input devices.  changes=0x00000010
05-21 14:11:41.639 I/StatusBarManagerService( 1819): registerStatusBar bar=com.android.internal.statusbar.IStatusBar$Stub$Proxy@275d425
05-21 14:11:41.655 W/VoiceInteractionManagerService( 1819): no available voice interaction services found for user 0
05-21 14:11:41.655 W/VoiceInteractionManagerService( 1819): no available voice recognition services found for user 0
05-21 14:11:41.984 W/ActivityManager( 1819): Slow operation: 310ms so far, now at startProcess: returned from zygote!
05-21 14:11:41.984 W/ActivityManager( 1819): Slow operation: 310ms so far, now at startProcess: done updating battery stats
05-21 14:11:41.985 W/ActivityManager( 1819): Slow operation: 311ms so far, now at startProcess: building log message
05-21 14:11:41.985 I/ActivityManager( 1819): Start proc 2223:com.android.phone/1001 for added application com.android.phone
05-21 14:11:41.985 W/ActivityManager( 1819): Slow operation: 311ms so far, now at startProcess: starting to update pids map
05-21 14:11:41.986 W/ActivityManager( 1819): Slow operation: 312ms so far, now at startProcess: done updating pids map
05-21 14:11:41.989 I/ActivityManager( 1819): START u0 {act=android.intent.action.MAIN cat=[android.intent.category.HOME] flg=0x10000100 cmp=com.android.settings/.FallbackHome} from uid 0 on display 0
05-21 14:11:42.054 W/System  ( 1819): ClassLoader referenced unknown path: 
05-21 14:11:42.056 W/System  ( 1819): ClassLoader referenced unknown path: /system/priv-app/Settings/lib/x86_64
05-21 14:11:42.121 D/ApplicationLoaders( 1819): ignored Vulkan layer search path /system/priv-app/Settings/lib/x86_64:/system/priv-app/Settings/Settings.apk!/lib/x86_64:/system/lib64:/vendor/lib64 for namespace 0x7ad2d527c160
05-21 14:11:42.162 I/ActivityManager( 1819): Loaded persisted task ids for user 0
05-21 14:11:42.205 W/art     ( 2223): Unexpected CPU variant for X86 using defaults: x86_64
05-21 14:11:42.306 I/SoftMPEG4Encoder( 1332): Construct SoftMPEG4Encoder
05-21 14:11:42.352 W/ACodec  ( 1336): do not know color format 0x7f000789 = 2130708361
05-21 14:11:42.360 E/OMXNodeInstance( 1332): getConfig(5340015:google.h263.encoder, ConfigAndroidIntraRefresh(0x6f60000a)) ERROR: Undefined(0x80001001)
05-21 14:11:42.369 I/MediaPlayerService( 1336): MediaPlayerService::getOMX
05-21 14:11:42.382 I/OMXClient( 1336): MuxOMX ctor
05-21 14:11:42.383 I/OMXMaster( 1332): makeComponentInstance(OMX.google.h264.encoder) in mediacodec process
05-21 14:11:42.472 W/ActivityManager( 1819): Slow operation: 118ms so far, now at startProcess: returned from zygote!
05-21 14:11:42.472 W/ActivityManager( 1819): Slow operation: 118ms so far, now at startProcess: done updating battery stats
05-21 14:11:42.473 W/ActivityManager( 1819): Slow operation: 119ms so far, now at startProcess: building log message
05-21 14:11:42.473 I/ActivityManager( 1819): Start proc 2232:com.android.settings/1000 for activity com.android.settings/.FallbackHome
05-21 14:11:42.473 W/ActivityManager( 1819): Slow operation: 119ms so far, now at startProcess: starting to update pids map
05-21 14:11:42.473 W/ActivityManager( 1819): Slow operation: 119ms so far, now at startProcess: done updating pids map
05-21 14:11:42.473 W/ActivityManager( 1819): Slow operation: 171ms so far, now at startProcess: done starting proc!
05-21 14:11:42.613 W/art     ( 1819): Long monitor contention with owner main (1819) at void com.android.server.am.ActivityManagerService.systemReady(java.lang.Runnable)(ActivityManagerService.java:13368) waiters=0 in void com.android.server.am.ActivityManagerService.dispatchUidsChanged() for 944ms
05-21 14:11:42.634 I/SystemServer( 1819): Enabled StrictMode for system server main thread.
05-21 14:11:42.722 W/art     ( 2232): Unexpected CPU variant for X86 using defaults: x86_64
05-21 14:11:42.746 D/ConditionProviders.SCP( 1819): onConnected
05-21 14:11:42.749 D/ZenLog  ( 1819): set_zen_mode: off,readXml
05-21 14:11:42.843 D/ConditionProviders( 1819): Subscribing to condition://android/schedule?days=1.2.3.4.5&start=22.0&end=7.0&exitAtAlarm=false with ComponentInfo{android/com.android.server.notification.ScheduleConditionProvider}
05-21 14:11:42.844 D/ZenLog  ( 1819): subscribe: condition://android/schedule?days=1.2.3.4.5&start=22.0&end=7.0&exitAtAlarm=false,ok
05-21 14:11:42.845 D/ConditionProviders( 1819): Subscribing to condition://android/schedule?days=6.7&start=23.30&end=10.0&exitAtAlarm=false with ComponentInfo{android/com.android.server.notification.ScheduleConditionProvider}
05-21 14:11:42.845 D/ZenLog  ( 1819): subscribe: condition://android/schedule?days=6.7&start=23.30&end=10.0&exitAtAlarm=false,ok
05-21 14:11:42.846 D/ConditionProviders( 1819): Subscribing to condition://android/event?userId=-10000&calendar=&reply=1 with ComponentInfo{android/com.android.server.notification.EventConditionProvider}
05-21 14:11:42.846 D/ZenLog  ( 1819): subscribe: condition://android/event?userId=-10000&calendar=&reply=1,ok
05-21 14:11:43.296 W/ActivityManager( 1819): Timeout executing service: ServiceRecord{4c2b19 u0 com.android.server.telecom/.components.TelecomService}
05-21 14:11:43.327 D/RttService( 1819): SCAN_AVAILABLE : 1
05-21 14:11:43.327 D/ZenLog  ( 1819): set_zen_mode: off,cleanUpZenRules
05-21 14:11:43.329 I/WifiScanningService( 1819): wifi driver unloaded
05-21 14:11:43.333 D/RttService( 1819): DefaultState got{ when=-6ms what=160513 target=com.android.internal.util.StateMachine$SmHandler }
05-21 14:11:43.606 W/System  ( 2232): ClassLoader referenced unknown path: /system/priv-app/Settings/lib/x86_64
05-21 14:11:43.875 W/System  ( 1819): ClassLoader referenced unknown path: /system/priv-app/Telecom/lib/x86_64
05-21 14:11:43.879 D/ApplicationLoaders( 1819): ignored Vulkan layer search path /system/priv-app/Telecom/lib/x86_64:/system/priv-app/Telecom/Telecom.apk!/lib/x86_64:/system/lib64:/vendor/lib64 for namespace 0x7ad2d527c1d0
05-21 14:11:43.985 I/Process ( 1819): Sending signal. PID: 1819 SIG: 3
05-21 14:11:43.988 I/art     ( 1819): Thread[2,tid=1824,WaitingInMainSignalCatcherLoop,Thread*=0x7ad2c9e0e000,peer=0x12c010d0,"Signal Catcher"]: reacting to signal 3
05-21 14:11:43.988 I/art     ( 1819): 
05-21 14:11:44.091 W/art     ( 1819): Suspending all threads took: 78.048ms
05-21 14:11:44.331 W/ACodec  ( 1336): do not know color format 0x7f000789 = 2130708361
05-21 14:11:44.354 W/art     ( 1819): Suspending all threads took: 148.909ms
05-21 14:11:44.421 W/GnssLocationProvider( 1819): Could not open GPS configuration file /etc/gps.conf
05-21 14:11:44.422 E/GnssLocationProvider( 1819): no AGPS interface in set_agps_server
05-21 14:11:44.457 I/MediaPlayerService( 1336): MediaPlayerService::getOMX
05-21 14:11:44.479 I/OMXClient( 1336): MuxOMX ctor
05-21 14:11:44.495 I/OMXMaster( 1332): makeComponentInstance(OMX.google.mpeg4.encoder) in mediacodec process
05-21 14:11:44.584 W/System  ( 2223): ClassLoader referenced unknown path: /system/priv-app/TeleService/lib/x86_64
05-21 14:11:45.224 I/SoftMPEG4Encoder( 1332): Construct SoftMPEG4Encoder
05-21 14:11:45.371 W/ACodec  ( 1336): do not know color format 0x7f000789 = 2130708361
05-21 14:11:45.373 E/OMXNodeInstance( 1332): getConfig(5340017:google.mpeg4.encoder, ConfigAndroidIntraRefresh(0x6f60000a)) ERROR: Undefined(0x80001001)
05-21 14:11:45.416 I/MediaPlayerService( 1336): MediaPlayerService::getOMX
05-21 14:11:45.418 I/OMXClient( 1336): MuxOMX ctor
05-21 14:11:45.418 I/OMXMaster( 1332): makeComponentInstance(OMX.google.vp8.encoder) in mediacodec process
05-21 14:11:45.958 W/art     ( 1819): Long monitor contention with owner main (1819) at void com.android.server.am.ActivityManagerService.systemReady(java.lang.Runnable)(ActivityManagerService.java:13368) waiters=1 in android.content.IIntentSender com.android.server.am.ActivityManagerService.getIntentSender(int, java.lang.String, android.os.IBinder, java.lang.String, int, android.content.Intent[], java.lang.String[], int, android.os.Bundle, int) for 4.056s
05-21 14:11:46.069 D/gralloc_ranchu( 2232): Emulator without host-side GPU emulation detected. Loading gralloc.default.so from /vendor/lib64/hw/gralloc.goldfish.default.so...
05-21 14:11:46.102 D/gralloc_ranchu( 2232): gralloc.default.so not found in /vendor. Trying /system/lib64/hw/gralloc.goldfish.default.so...
05-21 14:11:46.191 W/ACodec  ( 1336): do not know color format 0x7f000789 = 2130708361
05-21 14:11:46.193 E/OMXNodeInstance( 1332): getConfig(5340018:google.vp8.encoder, ConfigAndroidIntraRefresh(0x6f60000a)) ERROR: Undefined(0x80001001)
05-21 14:11:46.230 I/MediaPlayerService( 1336): MediaPlayerService::getOMX
05-21 14:11:46.242 I/OMXClient( 1336): MuxOMX ctor
05-21 14:11:46.370 I/MediaPlayerService( 1336): MediaPlayerService::getOMX
05-21 14:11:46.372 I/OMXClient( 1336): MuxOMX ctor
05-21 14:11:46.372 W/MediaCodecList( 1336): unable to open media codecs configuration xml file: /data/misc/media/media_codecs_profiling_results.xml
05-21 14:11:46.392 I/MediaPlayerService( 1336): MediaPlayerService::getOMX
05-21 14:11:46.395 I/OMXClient( 2024): MuxOMX ctor
05-21 14:11:46.414 I/OMXMaster( 1332): makeComponentInstance(OMX.google.vorbis.decoder) in mediacodec process
05-21 14:11:46.443 I/MediaPlayerService( 1336): MediaPlayerService::getOMX
05-21 14:11:46.446 I/OMXClient( 1819): MuxOMX ctor
05-21 14:11:46.686 I/OMXMaster( 1332): makeComponentInstance(OMX.google.vorbis.decoder) in mediacodec process
05-21 14:11:48.171 I/MediaPlayerService( 1336): MediaPlayerService::getOMX
05-21 14:11:48.173 I/OMXClient( 2024): MuxOMX ctor
05-21 14:11:48.178 I/OMXMaster( 1332): makeComponentInstance(OMX.google.vorbis.decoder) in mediacodec process
05-21 14:11:49.892 I/MediaPlayerService( 1336): MediaPlayerService::getOMX
05-21 14:11:49.894 I/OMXClient( 2024): MuxOMX ctor
05-21 14:11:49.899 I/OMXMaster( 1332): makeComponentInstance(OMX.google.vorbis.decoder) in mediacodec process
05-21 14:11:50.500 I/Process ( 1819): Sending signal. PID: 2223 SIG: 3
05-21 14:11:50.506 I/art     ( 2223): Thread[3,tid=2231,WaitingInMainSignalCatcherLoop,Thread*=0x7ad2d0a96400,peer=0x12c00af0,"Signal Catcher"]: reacting to signal 3
05-21 14:11:50.506 I/art     ( 2223): 
05-21 14:11:50.609 W/WindowManager( 1819): Window freeze timeout expired.
05-21 14:11:51.053 I/ActivityManager( 1819): Displayed com.android.settings/.FallbackHome: +8s751ms
05-21 14:11:51.487 E/BluetoothAdapter( 1819): Bluetooth binder is null
05-21 14:11:51.520 I/Process ( 1819): Sending signal. PID: 2024 SIG: 3
05-21 14:11:51.521 I/art     ( 2024): Thread[3,tid=2044,WaitingInMainSignalCatcherLoop,Thread*=0x7ad2d0a96400,peer=0x12c005e0,"Signal Catcher"]: reacting to signal 3
05-21 14:11:51.521 I/art     ( 2024): 
05-21 14:11:51.590 I/Telecom ( 1819): SystemStateProvider: Registering car mode receiver: android.content.IntentFilter@24c90f3: TS.init@AAA
05-21 14:11:52.315 I/Telecom ( 1819): Telecom: Non-call EVENT: AUDIO_ROUTE, Entering state QuiescentEarpieceRoute
05-21 14:11:52.478 I/art     ( 2223): Wrote stack traces to '/data/anr/traces.txt'
05-21 14:11:52.832 I/Telecom ( 1819): CallAudioModeStateMachine: Message received: null.: TS.init->CAMSM.pM_1@AAA_0
05-21 14:11:52.906 W/        ( 1269): debuggerd: handling request: pid=1321 uid=1000 gid=1003 tid=1321
05-21 14:11:52.923 E/BluetoothAdapter( 1819): Bluetooth binder is null
05-21 14:11:52.925 E/ActivityThread( 1819): Failed to find provider info for call_log
05-21 14:11:52.997 I/Telecom ( 1819): Class: TelecomSystem.INSTANCE being set
05-21 14:11:52.998 E/BluetoothAdapter( 1819): Bluetooth binder is null
05-21 14:11:53.014 W/ContextImpl( 1819): Calling a method in the system process without a qualified user: android.app.ContextImpl.startService:1357 com.android.server.content.SyncManager$13.run:658 android.os.Handler.handleCallback:751 android.os.Handler.dispatchMessage:95 android.os.Looper.loop:154 
05-21 14:11:53.320 I/art     ( 2024): Wrote stack traces to '/data/anr/traces.txt'
05-21 14:11:53.588 W/        ( 1269): debuggerd: resuming target 1321
05-21 14:11:53.610 W/        ( 1269): debuggerd: handling request: pid=1327 uid=1041 gid=1005 tid=1327
05-21 14:11:53.641 I/Choreographer( 2232): Skipped 44 frames!  The application may be doing too much work on its main thread.
05-21 14:11:53.673 W/        ( 1268): debuggerd: handling request: pid=1327 uid=1041 gid=1005 tid=1327
05-21 14:11:54.926 W/        ( 1268): debuggerd: resuming target 1327
05-21 14:11:54.929 W/        ( 1269): debuggerd: handling request: pid=1328 uid=1047 gid=1005 tid=1328
05-21 14:11:54.943 W/        ( 1268): debuggerd: handling request: pid=1328 uid=1047 gid=1005 tid=1328
05-21 14:11:55.681 W/        ( 1268): debuggerd: resuming target 1328
05-21 14:11:55.684 W/        ( 1269): debuggerd: handling request: pid=1329 uid=1019 gid=1019 tid=1329
05-21 14:11:55.685 W/        ( 1268): debuggerd: handling request: pid=1329 uid=1019 gid=1019 tid=1329
05-21 14:11:55.987 W/        ( 1268): debuggerd: resuming target 1329
05-21 14:11:56.011 W/        ( 1269): debuggerd: handling request: pid=1332 uid=1046 gid=1006 tid=1332
05-21 14:11:56.013 W/        ( 1268): debuggerd: handling request: pid=1332 uid=1046 gid=1006 tid=1332
05-21 14:11:56.316 W/        ( 1268): debuggerd: resuming target 1332
05-21 14:11:56.319 W/        ( 1269): debuggerd: handling request: pid=1334 uid=1013 gid=1031 tid=1334
05-21 14:11:56.334 W/        ( 1268): debuggerd: handling request: pid=1334 uid=1013 gid=1031 tid=1334
05-21 14:11:56.507 W/        ( 1268): debuggerd: resuming target 1334
05-21 14:11:56.518 W/        ( 1269): debuggerd: handling request: pid=1335 uid=1040 gid=1026 tid=1335
05-21 14:11:56.519 W/        ( 1268): debuggerd: handling request: pid=1335 uid=1040 gid=1026 tid=1335
05-21 14:11:56.933 W/        ( 1268): debuggerd: resuming target 1335
05-21 14:11:56.936 W/        ( 1269): debuggerd: handling request: pid=1336 uid=1013 gid=1005 tid=1336
05-21 14:11:56.938 W/        ( 1268): debuggerd: handling request: pid=1336 uid=1013 gid=1005 tid=1336
05-21 14:11:57.712 I/art     ( 2024): Background sticky concurrent mark sweep GC freed 18254(2MB) AllocSpace objects, 2(40KB) LOS objects, 30% free, 7MB/10MB, paused 1.748ms total 1.073s
05-21 14:11:57.792 W/        ( 1268): debuggerd: resuming target 1336
05-21 14:11:57.794 W/        ( 1269): debuggerd: handling request: pid=2093 uid=1023 gid=1023 tid=2093
05-21 14:11:58.494 W/        ( 1269): debuggerd: resuming target 2093
05-21 14:11:58.496 W/        ( 1269): debuggerd: handling request: pid=2136 uid=1023 gid=1023 tid=2136
05-21 14:11:58.634 W/        ( 1269): debuggerd: resuming target 2136
05-21 14:11:58.782 W/art     ( 1819): Long monitor contention with owner main (1819) at java.lang.StackTraceElement[] java.lang.Throwable.nativeGetStackTrace!(java.lang.Object)(Throwable.java:-2) waiters=0 in com.android.server.wallpaper.WallpaperManagerService$WallpaperData com.android.server.wallpaper.WallpaperManagerService$WallpaperObserver.dataForEvent(boolean, boolean) for 5.691s
05-21 14:11:59.067 W/libbacktrace( 1819): bool ThreadEntry::Wait(int): pthread_cond_timedwait for value 1 failed: Connection timed out
05-21 14:11:59.068 E/libbacktrace( 1819): bool BacktraceCurrent::UnwindThread(size_t): Timed out waiting for signal handler to get ucontext data.
05-21 14:11:59.529 I/art     ( 1819): Wrote stack traces to '/data/anr/traces.txt'
05-21 14:11:59.676 W/System  ( 1819): ClassLoader referenced unknown path: /system/priv-app/FusedLocation/lib/x86_64
05-21 14:11:59.691 W/System  ( 2223): ClassLoader referenced unknown path: /system/priv-app/TelephonyProvider/lib/x86_64
05-21 14:11:59.695 D/ApplicationLoaders( 2223): ignored Vulkan layer search path /system/priv-app/TelephonyProvider/lib/x86_64:/system/lib64:/vendor/lib64 for namespace 0x7ad2d526c0f0
05-21 14:11:59.731 D/ApplicationLoaders( 1819): ignored Vulkan layer search path /system/priv-app/FusedLocation/lib/x86_64:/system/priv-app/FusedLocation/FusedLocation.apk!/lib/x86_64:/system/lib64:/vendor/lib64 for namespace 0x7ad2d527c240
05-21 14:12:00.072 D/GpsNetInitiatedHandler( 1819): location enabled :true
05-21 14:12:00.073 V/WiredAccessoryManager( 1819): notifyWiredAccessoryChanged: when=0 bits= mask=54
05-21 14:12:00.074 V/WiredAccessoryManager( 1819): newName=h2w newState=0 headsetState=0 prev headsetState=0
05-21 14:12:00.074 E/WiredAccessoryManager( 1819): No state change.
05-21 14:12:00.074 V/WiredAccessoryManager( 1819): init()
05-21 14:12:00.411 D/TelephonyProvider( 2223): dbh.onOpen: ok, queried table=siminfo
05-21 14:12:00.413 D/TelephonyProvider( 2223): dbh.onOpen: ok, queried table=carriers
05-21 14:12:02.366 E/libbacktrace( 1819): void SignalHandler(int, siginfo_t *, void *): pid 1819, tid 2255 entry not found
05-21 14:12:03.184 I/Process ( 1819): Sending signal. PID: 2232 SIG: 3
05-21 14:12:03.187 I/art     ( 2232): Thread[3,tid=2245,WaitingInMainSignalCatcherLoop,Thread*=0x7ad2d0a96400,peer=0x12c00d30,"Signal Catcher"]: reacting to signal 3
05-21 14:12:03.187 I/art     ( 2232): 
05-21 14:12:04.065 I/art     ( 2232): Wrote stack traces to '/data/anr/traces.txt'
05-21 14:12:04.066 I/Process ( 1819): Sending signal. PID: 2018 SIG: 3
05-21 14:12:04.067 I/art     ( 2018): Thread[3,tid=2034,WaitingInMainSignalCatcherLoop,Thread*=0x7ad2d0a96400,peer=0x22c100d0,"Signal Catcher"]: reacting to signal 3
05-21 14:12:04.067 I/art     ( 2018): 
05-21 14:12:04.085 W/art     ( 2018): Suspending all threads took: 17.280ms
05-21 14:12:04.239 W/art     ( 2223): Long monitor contention with owner main (2223) at boolean android.os.BinderProxy.transactNative(int, android.os.Parcel, android.os.Parcel, int)(Binder.java:-2) waiters=0 in void com.android.internal.telephony.RIL.acquireWakeLock(com.android.internal.telephony.RILRequest, int) for 1.311s
05-21 14:12:04.250 W/art     ( 1819): Long monitor contention with owner Binder:1819_3 (1945) at boolean android.os.MessageQueue.enqueueMessage(android.os.Message, long)(MessageQueue.java:541) waiters=0 in android.os.Message android.os.MessageQueue.next() for 2.440s
05-21 14:12:06.034 I/art     ( 2018): Wrote stack traces to '/data/anr/traces.txt'
05-21 14:12:06.037 I/LatinIME:LogUtils( 2018): Dictionary info: dictionary = main:en ; version = 54 ; date = 1414726273
05-21 14:12:06.101 E/ActivityManager( 1819): ANR in system
05-21 14:12:06.101 E/ActivityManager( 1819): PID: 1819
05-21 14:12:06.101 E/ActivityManager( 1819): Reason: executing service com.android.server.telecom/.components.TelecomService
05-21 14:12:06.101 E/ActivityManager( 1819): Load: 11.04 / 4.24 / 1.61
05-21 14:12:06.101 E/ActivityManager( 1819): CPU usage from 3693ms to -21565ms ago (2021-05-21 14:11:39.820 to 2021-05-21 14:12:05.078):
05-21 14:12:06.101 E/ActivityManager( 1819):   80% 1321/surfaceflinger: 30% user + 49% kernel / faults: 56 minor
05-21 14:12:06.101 E/ActivityManager( 1819):   31% 1391/bootanimation: 11% user + 19% kernel
05-21 14:12:06.101 E/ActivityManager( 1819):   20% 1819/system_server: 4.5% user + 16% kernel / faults: 3728 minor 35 major
05-21 14:12:06.101 E/ActivityManager( 1819):   11% 2024/com.android.systemui: 2.5% user + 8.9% kernel / faults: 4058 minor 26 major
05-21 14:12:06.101 E/ActivityManager( 1819):   8.8% 1332/media.codec: 2.6% user + 6.2% kernel / faults: 4966 minor 8 major
05-21 14:12:06.101 E/ActivityManager( 1819):   2.5% 1323/adbd: 0.1% user + 2.3% kernel / faults: 1127 minor
05-21 14:12:06.101 E/ActivityManager( 1819):   1.7% 8/rcu_preempt: 0% user + 1.7% kernel
05-21 14:12:06.101 E/ActivityManager( 1819):   1.1% 2018/com.android.inputmethod.latin: 0.1% user + 0.9% kernel / faults: 741 minor
05-21 14:12:06.101 E/ActivityManager( 1819):   0.9% 1336/mediaserver: 0.2% user + 0.6% kernel / faults: 70 minor
05-21 14:12:06.101 E/ActivityManager( 1819):   0.7% 1335/media.extractor: 0.1% user + 0.6% kernel / faults: 78 minor
05-21 14:12:06.101 E/ActivityManager( 1819):   0.5% 1320/servicemanager: 0% user + 0.4% kernel
05-21 14:12:06.101 E/ActivityManager( 1819):   0.1% 1269/debuggerd64: 0% user + 0.1% kernel / faults: 103 minor
05-21 14:12:06.101 E/ActivityManager( 1819):   0.4% 1255/kworker/0:1H: 0% user + 0.4% kernel
05-21 14:12:06.101 E/ActivityManager( 1819):   0.4% 1324/zygote64: 0% user + 0.3% kernel / faults: 301 minor
05-21 14:12:06.101 E/ActivityManager( 1819):   0.3% 1267/logd: 0% user + 0.2% kernel / faults: 14 minor
05-21 14:12:06.101 E/ActivityManager( 1819):   0.3% 1352/logcat: 0% user + 0.2% kernel
05-21 14:12:06.101 E/ActivityManager( 1819):   0% 1268/debuggerd: 0% user + 0% kernel / faults: 188 minor
05-21 14:12:06.101 E/ActivityManager( 1819):   0.1% 3/ksoftirqd/0: 0% user + 0.1% kernel
05-21 14:12:06.101 E/ActivityManager( 1819):   0.1% 17/kworker/u4:1: 0% user + 0.1% kernel
05-21 14:12:06.101 E/ActivityManager( 1819):   0.1% 1327/audioserver: 0% user + 0% kernel / faults: 43 minor
05-21 14:12:06.101 E/ActivityManager( 1819):   0.1% 1341/netd: 0% user + 0.1% kernel / faults: 34 minor
05-21 14:12:06.101 E/ActivityManager( 1819):   0.1% 12/ksoftirqd/1: 0% user + 0.1% kernel
05-21 14:12:06.101 E/ActivityManager( 1819):   0.1% 1265/jbd2/vdc-8: 0% user + 0.1% kernel
05-21 14:12:06.101 E/ActivityManager( 1819):   0.1% 1331/keystore: 0% user + 0.1% kernel
05-21 14:12:06.101 E/ActivityManager( 1819):   0% 4/kworker/0:0: 0% user + 0% kernel
05-21 14:12:06.101 E/ActivityManager( 1819):   0% 1328/cameraserver: 0% user + 0% kernel / faults: 64 minor
05-21 14:12:06.101 E/ActivityManager( 1819):   0% 1342/rild: 0% user + 0% kernel / faults: 5 minor
05-21 14:12:06.101 E/ActivityManager( 1819):   0% 1//init: 0% user + 0% kernel
05-21 14:12:06.101 E/ActivityManager( 1819):   0% 673/kworker/1:1: 0% user + 0% kernel
05-21 14:12:06.101 E/ActivityManager( 1819):  +0% 2223/com.android.phone: 0% user + 0% kernel
05-21 14:12:06.101 E/ActivityManager( 1819):  +0% 2232/com.android.settings: 0% user + 0% kernel
05-21 14:12:06.101 E/ActivityManager( 1819):  +0% 2352/getprop: 0% user + 0% kernel
05-21 14:12:06.101 E/ActivityManager( 1819):  +0% 2354/getprop: 0% user + 0% kernel
05-21 14:12:06.101 E/ActivityManager( 1819): 100% TOTAL: 29% user + 69% kernel + 0.8% softirq
05-21 14:12:06.101 E/ActivityManager( 1819): CPU usage from 18494ms to 19203ms later (2021-05-21 14:12:02.007 to 2021-05-21 14:12:02.717) with 99% awake:
05-21 14:12:06.101 E/ActivityManager( 1819):   106% 1321/surfaceflinger: 39% user + 66% kernel
05-21 14:12:06.101 E/ActivityManager( 1819):     50% 1321/surfaceflinger: 23% user + 26% kernel
05-21 14:12:06.101 E/ActivityManager( 1819):     25% 1378/EventThread: 3.5% user + 21% kernel
05-21 14:12:06.101 E/ActivityManager( 1819):     2.3% 1376/EventThread: 0% user + 2.3% kernel
05-21 14:12:06.101 E/ActivityManager( 1819):     1.1% 1374/POSIX timer 0: 0% user + 1.1% kernel
05-21 14:12:06.101 E/ActivityManager( 1819):     1.1% 2016/Binder:1321_4: 0% user + 1.1% kernel
05-21 14:12:06.101 E/ActivityManager( 1819):     1.1% 2299/Binder:1321_5: 0% user + 1.1% kernel
05-21 14:12:06.101 E/ActivityManager( 1819):   23% 1391/bootanimation: 0% user + 23% kernel
05-21 14:12:06.101 E/ActivityManager( 1819):     24% 1542/BootAnimation: 1.1% user + 23% kernel
05-21 14:12:06.101 E/ActivityManager( 1819):   16% 1819/system_server: 0% user + 16% kernel / faults: 18 minor
05-21 14:12:06.101 E/ActivityManager( 1819):     7.2% 1845/ActivityManager: 1% user + 6.2% kernel
05-21 14:12:06.101 E/ActivityManager( 1819):     2% 1945/Binder:1819_3: 0% user + 2% kernel
05-21 14:12:06.101 E/ActivityManager( 1819):     1% 2053/Binder:1819_4: 0% user + 1% kernel
05-21 14:12:06.101 E/ActivityManager( 1819):     1% 2255/callActivityMan: 0% user + 1% kernel
05-21 14:12:06.101 E/ActivityManager( 1819):     1% 2269/Binder:1819_6: 0% user + 1% kernel
05-21 14:12:06.101 E/ActivityManager( 1819):     1% 2270/Binder:1819_7: 0% user + 1% kernel
05-21 14:12:06.101 E/ActivityManager( 1819):     1% 2272/Binder:1819_9: 1% user + 0% kernel
05-21 14:12:06.101 E/ActivityManager( 1819):   11% 2223/com.android.phone: 2.8% user + 8.6% kernel / faults: 504 minor 16 major
05-21 14:12:06.101 E/ActivityManager( 1819):     10% 2223/m.android.phone: 4.8% user + 5.7% kernel
05-21 14:12:06.101 E/ActivityManager( 1819):    +0% 2343/RILSender0: 0% user + 0% kernel
05-21 14:12:06.101 E/ActivityManager( 1819):    +0% 2345/RILReceiver0: 0% user + 0% kernel
05-21 14:12:06.101 E/ActivityManager( 1819):   10% 2232/com.android.settings: 1.9% user + 8.6% kernel
05-21 14:12:06.101 E/ActivityManager( 1819):     7.7% 2232/ndroid.settings: 0% user + 7.7% kernel
05-21 14:12:06.101 E/ActivityManager( 1819):     0.9% 2251/Binder:2232_1: 0% user + 0.9% kernel
05-21 14:12:06.101 E/ActivityManager( 1819):   5.6% 2018/com.android.inputmethod.latin: 1.6% user + 4% kernel / faults: 51 minor
05-21 14:12:06.101 E/ActivityManager( 1819):     6.4% 2135/ExecutorUtils: 1.6% user + 4.8% kernel
05-21 14:12:06.101 E/ActivityManager( 1819):   4.5% 1323/adbd: 0% user + 4.5% kernel / faults: 91 minor
05-21 14:12:06.101 E/ActivityManager( 1819):     4.5% 1323/adbd: 0% user + 4.5% kernel
05-21 14:12:06.101 E/ActivityManager( 1819):    +0% 2342/shell srvc 2341: 0% user + 0% kernel
05-21 14:12:06.101 E/ActivityManager( 1819):    +0% 2346/shell srvc 2344: 0% user + 0% kernel
05-21 14:12:06.101 E/ActivityManager( 1819):   1% 1267/logd: 0% user + 1% kernel
05-21 14:12:06.101 E/ActivityManager( 1819):     0.7% 1274/logd.writer: 0% user + 0.7% kernel
05-21 14:12:06.101 E/ActivityManager( 1819):   1.3% 1352/logcat: 0% user + 1.3% kernel
05-21 14:12:06.101 E/ActivityManager( 1819):   0.2% 8/rcu_preempt: 0% user + 0.2% kernel
05-21 14:12:06.101 E/ActivityManager( 1819):   0.6% 1342/rild: 0% user + 0.6% kernel / faults: 1 minor
05-21 14:12:06.101 E/ActivityManager( 1819):   0.8% 2024/com.and
05-21 14:12:06.849 W/System  ( 2024): ClassLoader referenced unknown path: 
05-21 14:12:06.883 W/System  ( 2024): ClassLoader referenced unknown path: /system/priv-app/Dialer/lib/x86_64
05-21 14:12:06.917 D/ApplicationLoaders( 2024): ignored Vulkan layer search path /system/priv-app/Dialer/lib/x86_64:/system/lib64:/vendor/lib64 for namespace 0x7ad2d526c0f0
05-21 14:12:07.068 W/art     ( 1819): Long monitor contention with owner android.ui (1846) at void com.android.server.am.AppErrors.handleShowAnrUi(android.os.Message)(AppErrors.java:925) waiters=0 in void com.android.server.am.BroadcastQueue.processNextBroadcast(boolean) for 473ms
05-21 14:12:07.213 W/art     ( 1819): Long monitor contention with owner android.ui (1846) at void com.android.server.am.AppErrors.handleShowAnrUi(android.os.Message)(AppErrors.java:925) waiters=3 in android.content.Intent com.android.server.am.ActivityManagerService.registerReceiver(android.app.IApplicationThread, java.lang.String, android.content.IIntentReceiver, android.content.IntentFilter, java.lang.String, int) for 177ms
05-21 14:12:07.221 W/art     ( 1819): Long monitor contention with owner android.ui (1846) at void com.android.server.am.AppErrors.handleShowAnrUi(android.os.Message)(AppErrors.java:925) waiters=1 in java.lang.String com.android.server.am.ActivityManagerService.checkContentProviderAccess(java.lang.String, int) for 445ms
05-21 14:12:07.362 W/art     ( 1819): Suspending all threads took: 23.964ms
05-21 14:12:07.582 D/AccessibilityManagerService( 1819): Ignoring non-encryption-aware service ComponentInfo{com.example.android.apis/com.example.android.apis.accessibility.ClockBackService}
05-21 14:12:07.587 V/KeyguardServiceDelegate( 1819): *** Keyguard started
05-21 14:12:07.647 W/KeyguardServiceDelegate( 1819): onScreenTurningOn(): no keyguard service!
05-21 14:12:07.920 D/AccessibilityManagerService( 1819): Ignoring non-encryption-aware service ComponentInfo{com.example.android.apis/com.example.android.apis.accessibility.MagnificationService}
05-21 14:12:07.921 D/AccessibilityManagerService( 1819): Ignoring non-encryption-aware service ComponentInfo{com.example.android.apis/com.example.android.apis.accessibility.TaskBackService}
05-21 14:12:08.322 I/art     ( 1819): Background partial concurrent mark sweep GC freed 41293(2MB) AllocSpace objects, 16(5MB) LOS objects, 23% free, 12MB/16MB, paused 29.362ms total 8.606s
05-21 14:12:08.656 W/ActivityManager( 1819): Slow operation: 398ms so far, now at startProcess: returned from zygote!
05-21 14:12:08.656 W/ActivityManager( 1819): Slow operation: 398ms so far, now at startProcess: done updating battery stats
05-21 14:12:08.657 W/ActivityManager( 1819): Slow operation: 399ms so far, now at startProcess: building log message
05-21 14:12:08.657 I/ActivityManager( 1819): Start proc 2370:com.android.cellbroadcastreceiver/u0a4 for broadcast com.android.cellbroadcastreceiver/.CellBroadcastReceiver
05-21 14:12:08.657 W/ActivityManager( 1819): Slow operation: 399ms so far, now at startProcess: starting to update pids map
05-21 14:12:08.658 W/ActivityManager( 1819): Slow operation: 400ms so far, now at startProcess: done updating pids map
05-21 14:12:08.658 W/ActivityManager( 1819): Slow operation: 402ms so far, now at startProcess: done starting proc!
05-21 14:12:08.694 W/art     ( 2370): Unexpected CPU variant for X86 using defaults: x86_64
05-21 14:12:08.983 W/VibratorService( 1819): Tried to stop vibrating but there is no vibrator device.
05-21 14:12:09.206 W/art     ( 1819): Long monitor contention with owner main (1819) at android.content.pm.UserInfo com.android.server.am.UserController.getCurrentUser()(UserController.java:1438) waiters=0 in android.content.Intent com.android.server.am.ActivityManagerService.registerReceiver(android.app.IApplicationThread, java.lang.String, android.content.IIntentReceiver, android.content.IntentFilter, java.lang.String, int) for 208ms
05-21 14:12:09.543 W/art     ( 1819): Long monitor contention with owner Binder:1819_7 (2270) at void com.android.server.am.ActivityManagerService.attachApplication(android.app.IApplicationThread)(ActivityManagerService.java:6669) waiters=1 in void com.android.server.am.ActivityManagerService.trimApplications() for 298ms
05-21 14:12:09.546 W/art     ( 1819): Long monitor contention with owner Binder:1819_7 (2270) at void com.android.server.am.ActivityManagerService.attachApplication(android.app.IApplicationThread)(ActivityManagerService.java:6669) waiters=2 in java.lang.String com.android.server.am.ActivityManagerService.checkContentProviderAccess(java.lang.String, int) for 181ms
05-21 14:12:09.551 D/ConditionProviders.SCP( 1819): onSubscribe condition://android/schedule?days=1.2.3.4.5&start=22.0&end=7.0&exitAtAlarm=false
05-21 14:12:09.554 D/ConditionProviders.SCP( 1819): setRegistered true
05-21 14:12:09.557 D/ConditionProviders.SCP( 1819): notifyCondition condition://android/schedule?days=1.2.3.4.5&start=22.0&end=7.0&exitAtAlarm=false STATE_FALSE reason=!meetsSchedule
05-21 14:12:09.695 D/ConditionProviders.SCP( 1819): Scheduling evaluate for Fri May 21 22:00:00 UTC 2021 (1621634400000), in +7h47m50s444ms, now=Fri May 21 14:12:09 UTC 2021 (1621606329556)
05-21 14:12:09.708 D/ConditionProviders.SCP( 1819): onSubscribe condition://android/schedule?days=6.7&start=23.30&end=10.0&exitAtAlarm=false
05-21 14:12:09.772 W/WindowManager( 1819): Keyguard drawn timeout. Setting mKeyguardDrawComplete
05-21 14:12:09.801 D/ConditionProviders.SCP( 1819): notifyCondition condition://android/schedule?days=6.7&start=23.30&end=10.0&exitAtAlarm=false STATE_FALSE reason=!meetsSchedule
05-21 14:12:09.802 D/ConditionProviders.SCP( 1819): notifyCondition condition://android/schedule?days=1.2.3.4.5&start=22.0&end=7.0&exitAtAlarm=false STATE_FALSE reason=!meetsSchedule
05-21 14:12:09.805 D/ConditionProviders.SCP( 1819): Scheduling evaluate for Fri May 21 22:00:00 UTC 2021 (1621634400000), in +7h47m50s199ms, now=Fri May 21 14:12:09 UTC 2021 (1621606329801)
05-21 14:12:09.864 I/Telecom ( 1819): WiredHeadsetManager: ACTION_HEADSET_PLUG event, plugged in: false, : WHC.oADA@AAE
05-21 14:12:09.925 E/BluetoothAdapter( 2024): Bluetooth binder is null
05-21 14:12:10.031 I/ActivityManager( 1819): user 0 is still locked. Cannot load recents
05-21 14:12:10.682 W/art     ( 1819): Long monitor contention with owner main (1819) at void com.android.server.pm.UserManagerService$MainHandler.handleMessage(android.os.Message)(UserManagerService.java:3290) waiters=0 in int com.android.server.pm.PackageManagerService.checkUidPermission(java.lang.String, int) for 488ms
05-21 14:12:10.704 W/art     ( 1819): Long monitor contention with owner main (1819) at void com.android.server.pm.UserManagerService$MainHandler.handleMessage(android.os.Message)(UserManagerService.java:3290) waiters=2 in int com.android.server.pm.PackageManagerService.checkUidPermission(java.lang.String, int) for 185ms
05-21 14:12:10.787 W/WindowManager( 1819): Timeout waiting for drawn: undrawn=[Window{68f19ce u0 KeyguardScrim}]
05-21 14:12:10.833 I/Choreographer( 1819): Skipped 63 frames!  The application may be doing too much work on its main thread.
05-21 14:12:11.189 I/CameraManagerGlobal( 2024): Connecting to camera service
05-21 14:12:11.395 V/EmulatedCamera_Camera( 1328): getCameraInfo
05-21 14:12:11.396 V/EmulatedCamera_BaseCamera( 1328): getCameraInfo
05-21 14:12:11.396 I/CameraService( 1328): getCameraCharacteristics: Switching to HAL1 shim implementation...
05-21 14:12:11.396 V/EmulatedCamera_Camera( 1328): getCameraInfo
05-21 14:12:11.396 V/EmulatedCamera_BaseCamera( 1328): getCameraInfo
05-21 14:12:11.398 I/CameraService( 1328): CameraService::connect call (PID -1 "cameraserver", camera ID 0) for HAL version default and Camera API version 1
05-21 14:12:11.508 E/CameraService( 1328): getCameraPriorityFromProcState: Received invalid process state -1 from ActivityManagerService!
05-21 14:12:11.509 V/EmulatedCamera_Camera( 1328): getCameraInfo
05-21 14:12:11.509 V/EmulatedCamera_BaseCamera( 1328): getCameraInfo
05-21 14:12:11.973 W/SystemConfig( 2223): No directory /system/etc/sysconfig, skipping
05-21 14:12:12.237 E/WVMExtractor( 1336): Failed to open libwvm.so: dlopen failed: library "libwvm.so" not found
05-21 14:12:12.627 D/PhoneSwitcherNetworkRequstListener( 2223): Registering NetworkFactory
05-21 14:12:12.632 D/ConnectivityService( 1819): Got NetworkFactory Messenger for PhoneSwitcherNetworkRequstListener
05-21 14:12:12.848 D/ConnectivityService( 1819): Got NetworkFactory Messenger for TelephonyNetworkFactory[0]
05-21 14:12:12.901 D/NuPlayerDriver( 1336): notifyListener_l(0xe520c120), (1, 0, 0), loop setting(0, 0)
05-21 14:12:13.238 D/CarrierConfigLoader( 2223): CarrierConfigLoader has started
05-21 14:12:13.249 E/BluetoothAdapter( 2223): Bluetooth binder is null
05-21 14:12:13.302 D/NuPlayerDriver( 1336): notifyListener_l(0xe6a28e40), (1, 0, 0), loop setting(0, 0)
05-21 14:12:13.337 E/ActivityThread( 2223): Failed to find provider info for com.android.contacts
05-21 14:12:13.338 W/CallerInfoCache( 2223): cursor is null
05-21 14:12:13.523 D/NuPlayerDriver( 1336): notifyListener_l(0xe6a28d80), (1, 0, 0), loop setting(0, 0)
05-21 14:12:13.601 I/CameraFlashlight( 1328): Opening camera 0
05-21 14:12:13.601 V/EmulatedCamera_Camera( 1328): getCameraInfo
05-21 14:12:13.601 V/EmulatedCamera_BaseCamera( 1328): getCameraInfo
05-21 14:12:13.601 V/EmulatedCamera_Camera( 1328): connectCamera
05-21 14:12:13.601 V/EmulatedCamera_FakeDevice( 1328): connectDevice
05-21 14:12:13.602 V/EmulatedCamera_CallbackNotifier( 1328): setCallbacks: 0xf2e4ce80, 0xf2e4ced0, 0xf2e4cff0, 0xf2e4d110 (0xf2cc3320)
05-21 14:12:13.602 V/EmulatedCamera_CallbackNotifier( 1328): enableMessage: msg_type = 0xc0d
05-21 14:12:13.602 V/EmulatedCamera_CallbackNotifier( 1328):     CAMERA_MSG_ERROR
05-21 14:12:13.602 V/EmulatedCamera_CallbackNotifier( 1328):     CAMERA_MSG_FOCUS
05-21 14:12:13.602 V/EmulatedCamera_CallbackNotifier( 1328):     CAMERA_MSG_ZOOM
05-21 14:12:13.602 V/EmulatedCamera_CallbackNotifier( 1328):     CAMERA_MSG_PREVIEW_METADATA
05-21 14:12:13.602 V/EmulatedCamera_CallbackNotifier( 1328): **** Currently enabled messages:
05-21 14:12:13.602 V/EmulatedCamera_CallbackNotifier( 1328):     CAMERA_MSG_ERROR
05-21 14:12:13.602 V/EmulatedCamera_CallbackNotifier( 1328):     CAMERA_MSG_FOCUS
05-21 14:12:13.602 V/EmulatedCamera_CallbackNotifier( 1328):     CAMERA_MSG_ZOOM
05-21 14:12:13.602 V/EmulatedCamera_CallbackNotifier( 1328):     CAMERA_MSG_PREVIEW_METADATA
05-21 14:12:13.606 V/EmulatedCamera_CallbackNotifier( 1328): disableMessage: msg_type = 0xffff
05-21 14:12:13.606 V/EmulatedCamera_CallbackNotifier( 1328):     CAMERA_MSG_ERROR
