05-21 14:09:15.091 E/SurfaceFlinger( 1321):     gl_FragColor *= alphaPlane;
05-21 14:09:15.091 E/SurfaceFlinger( 1321): }
05-21 14:09:15.091 E/SurfaceFlinger( 1321): 
05-21 14:09:15.091 E/SurfaceFlinger( 1321): ����������E��v
05-21 14:09:15.091 E/SurfaceFlinger( 1321): Error while linking shaders:
05-21 14:09:15.091 D/SurfaceFlinger( 1321): shader cache generated - 24 shaders in 17.724669 ms
05-21 14:09:15.127 D/SurfaceFlinger( 1321): Set power mode=2, type=0 flinger=0x769090e47000
05-21 14:09:15.825 I/        ( 1327): sMaxFastTracks = 8
05-21 14:09:15.861 I/audioserver( 1327): ServiceManager: 0xed33c020
05-21 14:09:15.863 W/BatteryNotifier( 1327): batterystats service unavailable!
05-21 14:09:15.864 I/AudioFlinger( 1327): Using default 3000 mSec as standby time.
05-21 14:09:15.883 V/EmulatedCamera_Preview( 1328): setPreviewWindow: current: 0x0 -> new: 0xf2cc3150
05-21 14:09:15.884 V/EmulatedCamera_Preview( 1328): setPreviewWindow: current: 0xf2cc3150 -> new: 0x0
05-21 14:09:15.884 V/EmulatedCamera_Camera( 1328): doStopPreview
05-21 14:09:15.885 V/EmulatedCamera_Preview( 1328): setPreviewWindow: current: 0x0 -> new: 0x0
05-21 14:09:15.885 V/EmulatedCamera_Camera( 1328): releaseCamera
05-21 14:09:15.885 V/EmulatedCamera_Camera( 1328): doStopPreview
05-21 14:09:15.885 V/EmulatedCamera_FakeDevice( 1328): disconnectDevice
05-21 14:09:15.885 W/EmulatedCamera_Device( 1328): Initialize: Emulated camera device is already initialized: mState = 1
05-21 14:09:15.885 D/EmulatedCamera_FakeCamera( 1328): Initialize: Fake camera is facing back
05-21 14:09:15.886 V/EmulatedCamera_Device( 1328): initializeWhiteBalanceModes with auto, 1.000000, 1.000000
05-21 14:09:15.886 V/EmulatedCamera_Device( 1328): initializeWhiteBalanceModes with incandescent, 1.380000, 0.600000
05-21 14:09:15.886 V/EmulatedCamera_Device( 1328): initializeWhiteBalanceModes with daylight, 1.090000, 0.920000
05-21 14:09:15.886 V/EmulatedCamera_Device( 1328): initializeWhiteBalanceModes with twilight, 0.920000, 1.220000
05-21 14:09:15.886 V/EmulatedCamera_Device( 1328): setWhiteBalanceMode with white balance auto
05-21 14:09:15.887 I/CameraFlashlight( 1328): Destroying camera 0
05-21 14:09:15.887 V/EmulatedCamera_Camera( 1328): closeCamera
05-21 14:09:15.887 V/EmulatedCamera_Camera( 1328): doStopPreview
05-21 14:09:15.887 W/EmulatedCamera_Device( 1328): Initialize: Emulated camera device is already initialized: mState = 1
05-21 14:09:15.887 D/EmulatedCamera_FakeCamera( 1328): Initialize: Fake camera is facing back
05-21 14:09:15.887 V/EmulatedCamera_Device( 1328): initializeWhiteBalanceModes with auto, 1.000000, 1.000000
05-21 14:09:15.887 V/EmulatedCamera_Device( 1328): initializeWhiteBalanceModes with incandescent, 1.380000, 0.600000
05-21 14:09:15.887 V/EmulatedCamera_Device( 1328): initializeWhiteBalanceModes with daylight, 1.090000, 0.920000
05-21 14:09:15.887 V/EmulatedCamera_Device( 1328): initializeWhiteBalanceModes with twilight, 0.920000, 1.220000
05-21 14:09:15.887 V/EmulatedCamera_Device( 1328): setWhiteBalanceMode with white balance auto
05-21 14:09:15.934 I/AudioPolicyService( 1327): AudioPolicyService CSTOR in new mode
05-21 14:09:15.970 V/EmulatedCamera_Camera( 1328): getCameraInfo
05-21 14:09:15.970 V/EmulatedCamera_BaseCamera( 1328): getCameraInfo
05-21 14:09:15.990 I/ServiceManager( 1328): Waiting for service media.camera.proxy...
05-21 14:09:16.054 I/APM::ConfigParsingUtils( 1327): loadAudioPolicyConfig() loaded /system/etc/audio_policy.conf
05-21 14:09:16.278 I/mediaserver( 1336): ServiceManager: 0xe6a3c0a0
05-21 14:09:16.317 D/audio_hw_generic( 1327): Emulator host-side ALSA audio emulation detected.
05-21 14:09:16.319 D/audio_hw_generic( 1327): mixer 0 name Master Playback Volume
05-21 14:09:16.319 D/audio_hw_generic( 1327): set ctl 0 to 100
05-21 14:09:16.332 V/MediaUtils( 1335): physMem: 1043894272
05-21 14:09:16.333 V/MediaUtils( 1335): requested limit: 208778840
05-21 14:09:16.333 V/MediaUtils( 1335): actual limit: 208778840
05-21 14:09:16.333 V/MediaUtils( 1335): original limits: 4294967295/4294967295
05-21 14:09:16.333 V/MediaUtils( 1335): new limits: 208778840/4294967295
05-21 14:09:16.335 W//system/bin/mediaextractor( 1335): libminijail: allowing syscall: socketcall
05-21 14:09:16.335 W//system/bin/mediaextractor( 1335): libminijail: allowing syscall: writev
05-21 14:09:16.336 W//system/bin/mediaextractor( 1335): libminijail: allowing syscall: fcntl64
05-21 14:09:16.336 W//system/bin/mediaextractor( 1335): libminijail: allowing syscall: clock_gettime
05-21 14:09:16.352 W//system/bin/mediaextractor( 1335): libminijail: logging seccomp filter failures
05-21 14:09:16.361 D/audio_hw_generic( 1327): set ctl 1 to 100
05-21 14:09:16.361 D/audio_hw_generic( 1327): mixer 1 name Master Playback Switch
05-21 14:09:16.361 D/audio_hw_generic( 1327): set ctl 0 to 1
05-21 14:09:16.362 D/audio_hw_generic( 1327): set ctl 1 to 1
05-21 14:09:16.362 D/audio_hw_generic( 1327): mixer 2 name Capture Volume
05-21 14:09:16.362 D/audio_hw_generic( 1327): set ctl 0 to 100
05-21 14:09:16.362 D/audio_hw_generic( 1327): set ctl 1 to 100
05-21 14:09:16.362 D/audio_hw_generic( 1327): mixer 3 name Capture Switch
05-21 14:09:16.362 D/audio_hw_generic( 1327): set ctl 0 to 1
05-21 14:09:16.362 D/audio_hw_generic( 1327): set ctl 1 to 1
05-21 14:09:16.362 D/audio_hw_generic( 1327): mixer 4 name Line Phantom Jack
05-21 14:09:16.362 D/audio_hw_generic( 1327): mixer 5 name Line Out Phantom Jack
05-21 14:09:16.362 D/audio_hw_generic( 1327): mixer 6 name Playback Channel Map
05-21 14:09:16.362 D/audio_hw_generic( 1327): mixer 7 name Capture Channel Map
05-21 14:09:16.363 I/AudioFlinger( 1327): loadHwModule() Loaded primary audio interface from Generic audio HW HAL (audio) handle 10
05-21 14:09:16.364 I/AudioFlinger( 1327): openOutput(), module 10 Device 2, SamplingRate 48000, Format 0x000001, Channels 3, flags 2
05-21 14:09:16.391 I/AudioFlinger( 1327): HAL output buffer size 720 frames, normal sink buffer size 1152 frames
05-21 14:09:16.491 W/BatteryNotifier( 1336): batterystats service unavailable!
05-21 14:09:16.498 I/BufferProvider( 1327): found effect "Multichannel Downmix To Stereo" from The Android Open Source Project
05-21 14:09:16.538 I/AudioFlinger( 1327): Using module 10 has the primary audio interface
05-21 14:09:16.570 I/AudioFlinger( 1327): AudioFlinger's thread 0xecd83440 ready to run
05-21 14:09:16.600 W/BatteryNotifier( 1327): batterystats service unavailable!
05-21 14:09:16.602 W/BatteryNotifier( 1327): batterystats service unavailable!
05-21 14:09:16.630 W/BatteryNotifier( 1327): batterystats service unavailable!
05-21 14:09:16.633 W/AudioFlinger( 1327): no wake lock to update, system not ready yet
05-21 14:09:16.696 I/AudioFlinger( 1327): AudioFlinger's thread 0xec883f00 ready to run
05-21 14:09:16.732 I/r_submix( 1327): adev_open(name=audio_hw_if)
05-21 14:09:16.733 I/r_submix( 1327): adev_init_check()
05-21 14:09:16.733 I/AudioFlinger( 1327): loadHwModule() Loaded r_submix audio interface from Wifi Display audio HAL (audio) handle 18
05-21 14:09:16.733 D/r_submix( 1327): adev_open_input_stream(addr=0)
05-21 14:09:16.733 D/r_submix( 1327): submix_audio_device_create_pipe_l(addr=0, idx=9)
05-21 14:09:16.733 D/r_submix( 1327):   now using address 0 for route 9
05-21 14:09:16.736 I/AudioFlinger( 1327): AudioFlinger's thread 0xec983900 ready to run
05-21 14:09:16.737 D/r_submix( 1327): adev_close_input_stream()
05-21 14:09:16.737 D/r_submix( 1327): submix_audio_device_release_pipe_l(idx=9) addr=0
05-21 14:09:16.737 D/r_submix( 1327): submix_audio_device_destroy_pipe_l(): pipe destroyed
05-21 14:09:16.880 I/RadioService( 1327): RadioService
05-21 14:09:16.881 I/RadioService( 1327): onFirstRef
05-21 14:09:16.881 E/RadioService( 1327): couldn't load radio module radio.primary (No such file or directory)
05-21 14:09:16.951 E/SoundTriggerHwService( 1327): couldn't load sound trigger module sound_trigger.primary (No such file or directory)
05-21 14:09:17.003 I/ServiceManager( 1328): Waiting for service media.camera.proxy...
05-21 14:09:18.017 I/ServiceManager( 1328): Waiting for service media.camera.proxy...
05-21 14:09:19.018 I/ServiceManager( 1328): Waiting for service media.camera.proxy...
05-21 14:09:19.650 W/BatteryNotifier( 1327): batterystats service unavailable!
05-21 14:09:20.018 I/ServiceManager( 1328): Waiting for service media.camera.proxy...
05-21 14:09:28.015 E/hostapd ( 1505): Configuration file: /system/etc/simulated_hostapd.conf
05-21 14:09:28.337 E/ipv6proxy( 1494): Failed to forward Router Advertisement from eth0 to wlan1: Network is unreachable
05-21 14:09:28.339 E/ipv6proxy( 1494): Failed to forward Router Advertisement from eth0 to radio0-peer: Cannot assign requested address
05-21 14:09:28.756 I/hostapd ( 1505): rfkill: Cannot get wiphy information
05-21 14:09:28.762 I/hostapd ( 1505): nl80211: Could not re-add multicast membership for vendor events: -2 (No such file or directory)
05-21 14:09:28.763 I/hostapd ( 1505): wlan1: interface state UNINITIALIZED->COUNTRY_UPDATE
05-21 14:09:29.773 E/SurfaceFlinger( 1321): ro.sf.lcd_density must be defined as a build property
05-21 14:09:29.805 D/AndroidRuntime( 1325): >>>>>> START com.android.internal.os.ZygoteInit uid 0 <<<<<<
05-21 14:09:29.825 D/libEGL  ( 1391): Emulator without GPU support detected. Fallback to legacy software renderer, qemu.gles is set to 0.
05-21 14:09:29.872 D/libEGL  ( 1391): loaded /system/lib64/egl/libGLES_android.so
05-21 14:09:29.962 D/AndroidRuntime( 1324): >>>>>> START com.android.internal.os.ZygoteInit uid 0 <<<<<<
05-21 14:09:30.262 D/gralloc_ranchu( 1391): Emulator without host-side GPU emulation detected. Loading gralloc.default.so from /vendor/lib64/hw/gralloc.goldfish.default.so...
05-21 14:09:30.265 D/gralloc_ranchu( 1391): gralloc.default.so not found in /vendor. Trying /system/lib64/hw/gralloc.goldfish.default.so...
05-21 14:09:30.681 D/AndroidRuntime( 1325): CheckJNI is ON
05-21 14:09:30.910 I/art     ( 1325): option[0]=-Xzygote
05-21 14:09:30.911 I/art     ( 1325): option[1]=-Xcheck:jni
05-21 14:09:30.911 I/art     ( 1325): option[2]=-Xstacktracefile:/data/anr/traces.txt
05-21 14:09:30.911 I/art     ( 1325): option[3]=exit
05-21 14:09:30.911 I/art     ( 1325): option[4]=vfprintf
05-21 14:09:30.911 I/art     ( 1325): option[5]=sensitiveThread
05-21 14:09:30.911 I/art     ( 1325): option[6]=-verbose:gc
05-21 14:09:30.911 I/art     ( 1325): option[7]=-Xms4m
05-21 14:09:30.911 I/art     ( 1325): option[8]=-Xmx256m
05-21 14:09:30.911 I/art     ( 1325): option[9]=-Xusejit:true
05-21 14:09:30.911 I/art     ( 1325): option[10]=-Xjitsaveprofilinginfo
05-21 14:09:30.912 I/art     ( 1325): option[11]=-agentlib:jdwp=transport=dt_android_adb,suspend=n,server=y
05-21 14:09:30.912 I/art     ( 1325): option[12]=-Xlockprofthreshold:500
05-21 14:09:30.912 I/art     ( 1325): option[13]=-Ximage-compiler-option
05-21 14:09:30.912 I/art     ( 1325): option[14]=--runtime-arg
05-21 14:09:30.912 I/art     ( 1325): option[15]=-Ximage-compiler-option
05-21 14:09:30.912 I/art     ( 1325): option[16]=-Xms64m
05-21 14:09:30.912 I/art     ( 1325): option[17]=-Ximage-compiler-option
05-21 14:09:30.912 I/art     ( 1325): option[18]=--runtime-arg
05-21 14:09:30.912 I/art     ( 1325): option[19]=-Ximage-compiler-option
05-21 14:09:30.912 I/art     ( 1325): option[20]=-Xmx64m
05-21 14:09:30.912 I/art     ( 1325): option[21]=-Ximage-compiler-option
05-21 14:09:30.912 I/art     ( 1325): option[22]=--image-classes=/system/etc/preloaded-classes
05-21 14:09:30.912 I/art     ( 1325): option[23]=-Ximage-compiler-option
05-21 14:09:30.912 I/art     ( 1325): option[24]=--compiled-classes=/system/etc/compiled-classes
05-21 14:09:30.912 I/art     ( 1325): option[25]=-Xcompiler-option
05-21 14:09:30.912 I/art     ( 1325): option[26]=--runtime-arg
05-21 14:09:30.913 I/art     ( 1325): option[27]=-Xcompiler-option
05-21 14:09:30.913 I/art     ( 1325): option[28]=-Xms64m
05-21 14:09:30.913 I/art     ( 1325): option[29]=-Xcompiler-option
05-21 14:09:30.913 I/art     ( 1325): option[30]=--runtime-arg
05-21 14:09:30.913 I/art     ( 1325): option[31]=-Xcompiler-option
05-21 14:09:30.913 I/art     ( 1325): option[32]=-Xmx512m
05-21 14:09:30.913 I/art     ( 1325): option[33]=-Ximage-compiler-option
05-21 14:09:30.913 I/art     ( 1325): option[34]=--instruction-set-variant=x86
05-21 14:09:30.913 I/art     ( 1325): option[35]=-Xcompiler-option
05-21 14:09:30.913 I/art     ( 1325): option[36]=--instruction-set-variant=x86
05-21 14:09:30.913 I/art     ( 1325): option[37]=-Ximage-compiler-option
05-21 14:09:30.913 I/art     ( 1325): option[38]=--instruction-set-features=default
05-21 14:09:30.913 I/art     ( 1325): option[39]=-Xcompiler-option
05-21 14:09:30.913 I/art     ( 1325): option[40]=--instruction-set-features=default
05-21 14:09:30.913 I/art     ( 1325): option[41]=-Duser.locale=en-US
05-21 14:09:30.913 I/art     ( 1325): option[42]=--cpu-abilist=x86
05-21 14:09:30.913 I/art     ( 1325): option[43]=-Xfingerprint:Android/sdk_phone_x86_64/generic_x86_64:7.1.1/NYC/4931657:userdebug/test-keys
05-21 14:09:30.941 D/AndroidRuntime( 1324): CheckJNI is ON
05-21 14:09:31.500 I/art     ( 1324): option[0]=-Xzygote
05-21 14:09:31.500 I/art     ( 1324): option[1]=-Xcheck:jni
05-21 14:09:31.501 I/art     ( 1324): option[2]=-Xstacktracefile:/data/anr/traces.txt
05-21 14:09:31.501 I/art     ( 1324): option[3]=exit
05-21 14:09:31.501 I/art     ( 1324): option[4]=vfprintf
05-21 14:09:31.501 I/art     ( 1324): option[5]=sensitiveThread
05-21 14:09:31.501 I/art     ( 1324): option[6]=-verbose:gc
05-21 14:09:31.501 I/art     ( 1324): option[7]=-Xms4m
05-21 14:09:31.501 I/art     ( 1324): option[8]=-Xmx256m
05-21 14:09:31.501 I/art     ( 1324): option[9]=-Xusejit:true
05-21 14:09:31.501 I/art     ( 1324): option[10]=-Xjitsaveprofilinginfo
05-21 14:09:31.501 I/art     ( 1324): option[11]=-agentlib:jdwp=transport=dt_android_adb,suspend=n,server=y
05-21 14:09:31.501 I/art     ( 1324): option[12]=-Xlockprofthreshold:500
05-21 14:09:31.501 I/art     ( 1324): option[13]=-Ximage-compiler-option
05-21 14:09:31.501 I/art     ( 1324): option[14]=--runtime-arg
05-21 14:09:31.501 I/art     ( 1324): option[15]=-Ximage-compiler-option
05-21 14:09:31.501 I/art     ( 1324): option[16]=-Xms64m
05-21 14:09:31.502 I/art     ( 1324): option[17]=-Ximage-compiler-option
05-21 14:09:31.502 I/art     ( 1324): option[18]=--runtime-arg
05-21 14:09:31.502 I/art     ( 1324): option[19]=-Ximage-compiler-option
05-21 14:09:31.502 I/art     ( 1324): option[20]=-Xmx64m
05-21 14:09:31.502 I/art     ( 1324): option[21]=-Ximage-compiler-option
05-21 14:09:31.502 I/art     ( 1324): option[22]=--image-classes=/system/etc/preloaded-classes
05-21 14:09:31.502 I/art     ( 1324): option[23]=-Ximage-compiler-option
05-21 14:09:31.502 I/art     ( 1324): option[24]=--compiled-classes=/system/etc/compiled-classes
05-21 14:09:31.502 I/art     ( 1324): option[25]=-Xcompiler-option
05-21 14:09:31.502 I/art     ( 1324): option[26]=--runtime-arg
05-21 14:09:31.502 I/art     ( 1324): option[27]=-Xcompiler-option
05-21 14:09:31.502 I/art     ( 1324): option[28]=-Xms64m
05-21 14:09:31.502 I/art     ( 1324): option[29]=-Xcompiler-option
05-21 14:09:31.502 I/art     ( 1324): option[30]=--runtime-arg
05-21 14:09:31.502 I/art     ( 1324): option[31]=-Xcompiler-option
05-21 14:09:31.502 I/art     ( 1324): option[32]=-Xmx512m
05-21 14:09:31.502 I/art     ( 1324): option[33]=-Ximage-compiler-option
05-21 14:09:31.502 I/art     ( 1324): option[34]=--instruction-set-variant=x86_64
05-21 14:09:31.502 I/art     ( 1324): option[35]=-Xcompiler-option
05-21 14:09:31.502 I/art     ( 1324): option[36]=--instruction-set-variant=x86_64
05-21 14:09:31.502 I/art     ( 1324): option[37]=-Ximage-compiler-option
05-21 14:09:31.502 I/art     ( 1324): option[38]=--instruction-set-features=default
05-21 14:09:31.502 I/art     ( 1324): option[39]=-Xcompiler-option
05-21 14:09:31.502 I/art     ( 1324): option[40]=--instruction-set-features=default
05-21 14:09:31.502 I/art     ( 1324): option[41]=-Duser.locale=en-US
05-21 14:09:31.502 I/art     ( 1324): option[42]=--cpu-abilist=x86_64
05-21 14:09:31.503 I/art     ( 1324): option[43]=-Xfingerprint:Android/sdk_phone_x86_64/generic_x86_64:7.1.1/NYC/4931657:userdebug/test-keys
05-21 14:09:32.330 E/ipv6proxy( 1494): Failed to forward Router Advertisement from eth0 to wlan1: Network is unreachable
05-21 14:09:33.823 I/hostapd ( 1505): wlan1: interface state COUNTRY_UPDATE->HT_SCAN
05-21 14:09:35.378 E/hostapd ( 1505): Using interface wlan1 with hwaddr 02:00:00:00:01:00 and ssid "AndroidWifi"
05-21 14:09:35.432 I/hostapd ( 1505): wlan1: interface state HT_SCAN->ENABLED
05-21 14:09:35.432 I/hostapd ( 1505): wlan1: AP-ENABLED 
05-21 14:09:41.125 D/ICU     ( 1325): No timezone override file found: /data/misc/zoneinfo/current/icu/icu_tzdata.dat
05-21 14:09:42.262 D/ICU     ( 1324): No timezone override file found: /data/misc/zoneinfo/current/icu/icu_tzdata.dat
05-21 14:09:47.631 E/memtrack( 1325): Couldn't load memtrack module (No such file or directory)
05-21 14:09:47.632 E/android.os.Debug( 1325): failed to load memtrack module: -2
05-21 14:09:47.942 I/Radio-JNI( 1325): register_android_hardware_Radio DONE
05-21 14:09:48.559 E/memtrack( 1324): Couldn't load memtrack module (No such file or directory)
05-21 14:09:48.559 E/android.os.Debug( 1324): failed to load memtrack module: -2
05-21 14:09:48.570 I/SamplingProfilerIntegration( 1325): Profiling disabled.
05-21 14:09:48.714 D/Zygote  ( 1325): begin preload
05-21 14:09:48.714 I/Zygote  ( 1325): Installing ICU cache reference pinning...
05-21 14:09:48.790 I/Zygote  ( 1325): Preloading ICU data...
05-21 14:09:48.881 I/Radio-JNI( 1324): register_android_hardware_Radio DONE
05-21 14:09:49.840 I/SamplingProfilerIntegration( 1324): Profiling disabled.
05-21 14:09:49.901 D/Zygote  ( 1324): begin preload
05-21 14:09:49.902 I/Zygote  ( 1324): Installing ICU cache reference pinning...
05-21 14:09:49.911 I/Zygote  ( 1324): Preloading ICU data...
05-21 14:09:51.891 I/Zygote  ( 1324): Preloading classes...
05-21 14:09:51.923 I/Zygote  ( 1325): Preloading classes...
05-21 14:09:52.243 W/Zygote  ( 1324): Class not found for preloading: [Landroid.view.Display$ColorTransform;
05-21 14:09:52.369 W/Zygote  ( 1325): Class not found for preloading: [Landroid.view.Display$ColorTransform;
05-21 14:10:00.838 E/Typeface( 1324): Error mapping font file /system/fonts/DroidSansFallback.ttf
05-21 14:10:00.914 E/Typeface( 1325): Error mapping font file /system/fonts/DroidSansFallback.ttf
05-21 14:10:06.272 I/art     ( 1324): Background concurrent mark sweep GC freed 21948(2MB) AllocSpace objects, 73(1304KB) LOS objects, 33% free, 3MB/5MB, paused 1.790ms total 440.106ms
05-21 14:10:06.595 W/art     ( 1325): Suspending all threads took: 8.284ms
05-21 14:10:06.867 I/art     ( 1325): Background concurrent mark sweep GC freed 21943(2MB) AllocSpace objects, 119(2MB) LOS objects, 33% free, 2MB/4MB, paused 11.711ms total 590.449ms
05-21 14:10:06.941 I/art     ( 1324): Thread[1,tid=1324,Native,Thread*=0x7ad2d0a95a00,peer=0x12c060d0,"main"] recursive attempt to load library "/system/lib64/libmedia_jni.so"
05-21 14:10:07.002 D/MtpDeviceJNI( 1324): register_android_mtp_MtpDevice
05-21 14:10:07.013 I/art     ( 1324): Thread[1,tid=1324,Native,Thread*=0x7ad2d0a95a00,peer=0x12c060d0,"main"] recursive attempt to load library "/system/lib64/libmedia_jni.so"
05-21 14:10:07.014 I/art     ( 1324): Thread[1,tid=1324,Native,Thread*=0x7ad2d0a95a00,peer=0x12c060d0,"main"] recursive attempt to load library "/system/lib64/libmedia_jni.so"
05-21 14:10:07.862 I/art     ( 1325): Thread[1,tid=1325,Native,Thread*=0xec00b400,peer=0x12c060d0,"main"] recursive attempt to load library "/system/lib/libmedia_jni.so"
05-21 14:10:07.871 D/MtpDeviceJNI( 1325): register_android_mtp_MtpDevice
05-21 14:10:07.873 I/art     ( 1325): Thread[1,tid=1325,Native,Thread*=0xec00b400,peer=0x12c060d0,"main"] recursive attempt to load library "/system/lib/libmedia_jni.so"
05-21 14:10:07.874 I/art     ( 1325): Thread[1,tid=1325,Native,Thread*=0xec00b400,peer=0x12c060d0,"main"] recursive attempt to load library "/system/lib/libmedia_jni.so"
05-21 14:10:08.292 V/NatController( 1341): runCmd(/system/bin/iptables -w -F natctrl_FORWARD) res=0
05-21 14:10:08.697 V/NatController( 1341): runCmd(/system/bin/ip6tables -w -F natctrl_FORWARD) res=0
05-21 14:10:09.282 V/NatController( 1341): runCmd(/system/bin/iptables -w -A natctrl_FORWARD -j DROP) res=0
05-21 14:10:09.741 V/NatController( 1341): runCmd(/system/bin/iptables -w -t nat -F natctrl_nat_POSTROUTING) res=0
05-21 14:10:10.086 V/NatController( 1341): runCmd(/system/bin/ip6tables -w -t raw -F natctrl_raw_PREROUTING) res=0
05-21 14:10:10.246 V/NatController( 1341): runCmd(/system/bin/iptables -w -F natctrl_tether_counters) res=1
05-21 14:10:10.597 V/NatController( 1341): runCmd(/system/bin/ip6tables -w -F natctrl_tether_counters) res=1
05-21 14:10:11.204 V/NatController( 1341): runCmd(/system/bin/iptables -w -X natctrl_tether_counters) res=1
05-21 14:10:11.268 W/Zygote  ( 1325): Class not found for preloading: android.view.Display$ColorTransform
05-21 14:10:11.268 W/Zygote  ( 1325): Class not found for preloading: android.view.Display$ColorTransform$1
05-21 14:10:11.497 W/Zygote  ( 1324): Class not found for preloading: android.view.Display$ColorTransform
05-21 14:10:11.497 W/Zygote  ( 1324): Class not found for preloading: android.view.Display$ColorTransform$1
05-21 14:10:11.631 V/NatController( 1341): runCmd(/system/bin/ip6tables -w -X natctrl_tether_counters) res=1
05-21 14:10:11.768 V/NatController( 1341): runCmd(/system/bin/iptables -w -N natctrl_tether_counters) res=0
05-21 14:10:12.209 V/NatController( 1341): runCmd(/system/bin/ip6tables -w -N natctrl_tether_counters) res=0
05-21 14:10:12.398 I/art     ( 1325): Background sticky concurrent mark sweep GC freed 9288(2MB) AllocSpace objects, 13(220KB) LOS objects, 66% free, 1519KB/4MB, paused 1.958ms total 285.378ms
05-21 14:10:12.554 V/NatController( 1341): runCmd(/system/bin/iptables -w -t mangle -A natctrl_mangle_FORWARD -p tcp --tcp-flags SYN SYN -j TCPMSS --clamp-mss-to-pmtu) res=0
05-21 14:10:14.011 W/art     ( 1324): Suspending all threads took: 21.683ms
05-21 14:10:14.195 I/art     ( 1324): Background sticky concurrent mark sweep GC freed 13634(2MB) AllocSpace objects, 56(1080KB) LOS objects, 70% free, 1659KB/5MB, paused 25.617ms total 359.388ms
05-21 14:10:15.931 I/System  ( 1324): Loaded time zone names for "" in 1183ms (1136ms in ICU)
05-21 14:10:16.005 I/System  ( 1325): Loaded time zone names for "" in 1549ms (1544ms in ICU)
05-21 14:10:16.479 I/System  ( 1324): Loaded time zone names for "en_US" in 547ms (543ms in ICU)
05-21 14:10:16.557 I/System  ( 1325): Loaded time zone names for "en_US" in 551ms (547ms in ICU)
05-21 14:10:17.456 E/Netd    ( 1341): cannot find interface dummy0
05-21 14:10:17.536 I/Zygote  ( 1324): ...preloaded 4158 classes in 25645ms.
05-21 14:10:17.537 I/art     ( 1324): VMRuntime.preloadDexCaches starting
05-21 14:10:17.599 D/MDnsDS  ( 1341): MDnsSdListener::Hander starting up
05-21 14:10:17.661 D/MDnsDS  ( 1341): MDnsSdListener starting to monitor
05-21 14:10:17.661 D/MDnsDS  ( 1341): Going to poll with pollCount 1
05-21 14:10:17.683 I/Zygote  ( 1325): ...preloaded 4158 classes in 25760ms.
05-21 14:10:17.684 I/art     ( 1325): VMRuntime.preloadDexCaches starting
05-21 14:10:19.313 I/art     ( 1325): VMRuntime.preloadDexCaches strings total=283712 before=39625 after=39625
05-21 14:10:19.313 I/art     ( 1325): VMRuntime.preloadDexCaches types total=23581 before=7877 after=7904
05-21 14:10:19.313 I/art     ( 1325): VMRuntime.preloadDexCaches fields total=112007 before=40903 after=41117
05-21 14:10:19.314 I/art     ( 1325): VMRuntime.preloadDexCaches methods total=197534 before=82457 after=83017
05-21 14:10:19.314 I/art     ( 1325): VMRuntime.preloadDexCaches finished
05-21 14:10:19.316 I/Zygote  ( 1325): Preloading resources...
05-21 14:10:19.331 I/art     ( 1324): VMRuntime.preloadDexCaches strings total=283712 before=39625 after=39625
05-21 14:10:19.331 I/art     ( 1324): VMRuntime.preloadDexCaches types total=23581 before=7877 after=7904
05-21 14:10:19.331 I/art     ( 1324): VMRuntime.preloadDexCaches fields total=112007 before=40903 after=41117
05-21 14:10:19.331 I/art     ( 1324): VMRuntime.preloadDexCaches methods total=197534 before=82457 after=83017
05-21 14:10:19.331 I/art     ( 1324): VMRuntime.preloadDexCaches finished
05-21 14:10:19.333 I/Zygote  ( 1324): Preloading resources...
05-21 14:10:20.544 W/Resources( 1325): Preloaded drawable resource #0x108025c (android:drawable/dialog_background_material) that varies with configuration!!
05-21 14:10:20.654 W/Resources( 1325): Preloaded drawable resource #0x1080298 (android:drawable/editbox_dropdown_background_dark) that varies with configuration!!
05-21 14:10:20.843 W/Resources( 1325): Preloaded color resource #0x10600e2 (android:color/material_grey_800) that varies with configuration!!
05-21 14:10:20.844 W/Resources( 1325): Preloaded drawable resource #0x10802c9 (android:drawable/floating_popup_background_dark) that varies with configuration!!
05-21 14:10:21.078 W/Resources( 1324): Preloaded drawable resource #0x108025c (android:drawable/dialog_background_material) that varies with configuration!!
05-21 14:10:21.162 W/Resources( 1324): Preloaded drawable resource #0x1080298 (android:drawable/editbox_dropdown_background_dark) that varies with configuration!!
05-21 14:10:21.294 W/Resources( 1324): Preloaded color resource #0x10600e2 (android:color/material_grey_800) that varies with configuration!!
05-21 14:10:21.295 W/Resources( 1324): Preloaded drawable resource #0x10802c9 (android:drawable/floating_popup_background_dark) that varies with configuration!!
05-21 14:10:21.493 I/art     ( 1325): Background concurrent mark sweep GC freed 19063(1201KB) AllocSpace objects, 1(20KB) LOS objects, 53% free, 3MB/7MB, paused 648us total 281.352ms
05-21 14:10:21.741 W/Resources( 1325): Preloaded drawable resource #0x108030b (android:drawable/ic_clear_disabled) that varies with configuration!!
05-21 14:10:21.830 W/Resources( 1325): Preloaded drawable resource #0x1080310 (android:drawable/ic_clear_normal) that varies with configuration!!
05-21 14:10:21.907 W/Resources( 1325): Preloaded drawable resource #0x1080359 (android:drawable/ic_go) that varies with configuration!!
05-21 14:10:22.099 W/Resources( 1325): Preloaded drawable resource #0x1080038 (android:drawable/ic_menu_close_clear_cancel) that varies with configuration!!
05-21 14:10:22.137 W/Resources( 1325): Preloaded drawable resource #0x1080045 (android:drawable/ic_menu_more) that varies with configuration!!
05-21 14:10:22.405 W/Resources( 1325): Preloaded drawable resource #0x10804e8 (android:drawable/menu_background_fill_parent_width) that varies with configuration!!
05-21 14:10:22.632 W/Resources( 1324): Preloaded drawable resource #0x108030b (android:drawable/ic_clear_disabled) that varies with configuration!!
05-21 14:10:22.635 W/Resources( 1324): Preloaded drawable resource #0x1080310 (android:drawable/ic_clear_normal) that varies with configuration!!
05-21 14:10:22.851 W/Resources( 1324): Preloaded drawable resource #0x1080359 (android:drawable/ic_go) that varies with configuration!!
05-21 14:10:23.110 W/Resources( 1324): Preloaded drawable resource #0x1080038 (android:drawable/ic_menu_close_clear_cancel) that varies with configuration!!
05-21 14:10:23.171 W/Resources( 1324): Preloaded drawable resource #0x1080045 (android:drawable/ic_menu_more) that varies with configuration!!
05-21 14:10:23.519 W/Resources( 1324): Preloaded drawable resource #0x10804e8 (android:drawable/menu_background_fill_parent_width) that varies with configuration!!
05-21 14:10:23.826 I/art     ( 1324): Background concurrent mark sweep GC freed 15281(901KB) AllocSpace objects, 7(192KB) LOS objects, 46% free, 4MB/8MB, paused 1.446ms total 168.506ms
05-21 14:10:24.468 W/Resources( 1325): Preloaded drawable resource #0x108077e (android:drawable/text_edit_paste_window) that varies with configuration!!
05-21 14:10:24.604 W/Resources( 1325): Preloaded drawable resource #0x1080096 (android:drawable/toast_frame) that varies with configuration!!
05-21 14:10:24.605 I/Zygote  ( 1325): ...preloaded 114 resources in 5289ms.
05-21 14:10:24.942 W/Resources( 1325): Preloaded color resource #0x106010b (android:color/background_cache_hint_selector_material_dark) that varies with configuration!!
05-21 14:10:24.945 W/Resources( 1325): Preloaded color resource #0x1060110 (android:color/btn_default_material_dark) that varies with configuration!!
05-21 14:10:25.028 I/Zygote  ( 1325): ...preloaded 41 resources in 423ms.
05-21 14:10:25.101 D/libEGL  ( 1325): Emulator without GPU support detected. Fallback to legacy software renderer, qemu.gles is set to 0.
05-21 14:10:25.324 W/Resources( 1324): Preloaded drawable resource #0x108077e (android:drawable/text_edit_paste_window) that varies with configuration!!
05-21 14:10:25.338 D/libEGL  ( 1325): loaded /system/lib/egl/libGLES_android.so
05-21 14:10:25.386 W/Resources( 1324): Preloaded drawable resource #0x1080096 (android:drawable/toast_frame) that varies with configuration!!
05-21 14:10:25.387 I/Zygote  ( 1324): ...preloaded 114 resources in 6054ms.
05-21 14:10:25.671 W/Resources( 1324): Preloaded color resource #0x106010b (android:color/background_cache_hint_selector_material_dark) that varies with configuration!!
05-21 14:10:25.674 W/Resources( 1324): Preloaded color resource #0x1060110 (android:color/btn_default_material_dark) that varies with configuration!!
05-21 14:10:25.722 I/Zygote  ( 1324): ...preloaded 41 resources in 335ms.
05-21 14:10:25.724 D/libEGL  ( 1324): Emulator without GPU support detected. Fallback to legacy software renderer, qemu.gles is set to 0.
05-21 14:10:25.779 D/libEGL  ( 1324): loaded /system/lib64/egl/libGLES_android.so
05-21 14:10:26.364 I/Zygote  ( 1325): Preloading shared libraries...
05-21 14:10:26.751 E/Hyphenator( 1325): error loading hyphenation /system/usr/hyphen-data/hyph-as.hyb
05-21 14:10:26.751 E/Hyphenator( 1325): java.io.FileNotFoundException: /system/usr/hyphen-data/hyph-as.hyb: open failed: ENOENT (No such file or directory)
05-21 14:10:26.751 E/Hyphenator( 1325): 	at libcore.io.IoBridge.open(IoBridge.java:455)
05-21 14:10:26.751 E/Hyphenator( 1325): 	at java.io.RandomAccessFile.<init>(RandomAccessFile.java:247)
05-21 14:10:26.751 E/Hyphenator( 1325): 	at android.text.Hyphenator.loadHyphenator(Hyphenator.java:118)
05-21 14:10:26.751 E/Hyphenator( 1325): 	at android.text.Hyphenator.init(Hyphenator.java:224)
05-21 14:10:26.751 E/Hyphenator( 1325): 	at com.android.internal.os.ZygoteInit.preloadTextResources(ZygoteInit.java:252)
05-21 14:10:26.751 E/Hyphenator( 1325): 	at com.android.internal.os.ZygoteInit.preload(ZygoteInit.java:206)
05-21 14:10:26.751 E/Hyphenator( 1325): 	at com.android.internal.os.ZygoteInit.main(ZygoteInit.java:743)
05-21 14:10:26.751 E/Hyphenator( 1325): Caused by: android.system.ErrnoException: open failed: ENOENT (No such file or directory)
05-21 14:10:26.751 E/Hyphenator( 1325): 	at libcore.io.Posix.open(Native Method)
05-21 14:10:26.751 E/Hyphenator( 1325): 	at libcore.io.BlockGuardOs.open(BlockGuardOs.java:187)
05-21 14:10:26.751 E/Hyphenator( 1325): 	at libcore.io.IoBridge.open(IoBridge.java:441)
05-21 14:10:26.751 E/Hyphenator( 1325): 	... 6 more
05-21 14:10:26.753 E/Hyphenator( 1325): error loading hyphenation /system/usr/hyphen-data/hyph-bn.hyb
05-21 14:10:26.753 E/Hyphenator( 1325): java.io.FileNotFoundException: /system/usr/hyphen-data/hyph-bn.hyb: open failed: ENOENT (No such file or directory)
05-21 14:10:26.753 E/Hyphenator( 1325): 	at libcore.io.IoBridge.open(IoBridge.java:455)
05-21 14:10:26.753 E/Hyphenator( 1325): 	at java.io.RandomAccessFile.<init>(RandomAccessFile.java:247)
05-21 14:10:26.753 E/Hyphenator( 1325): 	at android.text.Hyphenator.loadHyphenator(Hyphenator.java:118)
05-21 14:10:26.753 E/Hyphenator( 1325): 	at android.text.Hyphenator.init(Hyphenator.java:224)
05-21 14:10:26.753 E/Hyphenator( 1325): 	at com.android.internal.os.ZygoteInit.preloadTextResources(ZygoteInit.java:252)
05-21 14:10:26.753 E/Hyphenator( 1325): 	at com.android.internal.os.ZygoteInit.preload(ZygoteInit.java:206)
05-21 14:10:26.753 E/Hyphenator( 1325): 	at com.android.internal.os.ZygoteInit.main(ZygoteInit.java:743)
05-21 14:10:26.753 E/Hyphenator( 1325): Caused by: android.system.ErrnoException: open failed: ENOENT (No such file or directory)
05-21 14:10:26.753 E/Hyphenator( 1325): 	at libcore.io.Posix.open(Native Method)
05-21 14:10:26.753 E/Hyphenator( 1325): 	at libcore.io.BlockGuardOs.open(BlockGuardOs.java:187)
05-21 14:10:26.753 E/Hyphenator( 1325): 	at libcore.io.IoBridge.open(IoBridge.java:441)
05-21 14:10:26.753 E/Hyphenator( 1325): 	... 6 more
05-21 14:10:26.755 E/Hyphenator( 1325): error loading hyphenation /system/usr/hyphen-data/hyph-cy.hyb
05-21 14:10:26.755 E/Hyphenator( 1325): java.io.FileNotFoundException: /system/usr/hyphen-data/hyph-cy.hyb: open failed: ENOENT (No such file or directory)
05-21 14:10:26.755 E/Hyphenator( 1325): 	at libcore.io.IoBridge.open(IoBridge.java:455)
05-21 14:10:26.755 E/Hyphenator( 1325): 	at java.io.RandomAccessFile.<init>(RandomAccessFile.java:247)
05-21 14:10:26.755 E/Hyphenator( 1325): 	at android.text.Hyphenator.loadHyphenator(Hyphenator.java:118)
05-21 14:10:26.755 E/Hyphenator( 1325): 	at android.text.Hyphenator.init(Hyphenator.java:224)
05-21 14:10:26.755 E/Hyphenator( 1325): 	at com.android.internal.os.ZygoteInit.preloadTextResources(ZygoteInit.java:252)
05-21 14:10:26.755 E/Hyphenator( 1325): 	at com.android.internal.os.ZygoteInit.preload(ZygoteInit.java:206)
05-21 14:10:26.755 E/Hyphenator( 1325): 	at com.android.internal.os.ZygoteInit.main(ZygoteInit.java:743)
05-21 14:10:26.755 E/Hyphenator( 1325): Caused by: android.system.ErrnoException: open failed: ENOENT (No such file or directory)
05-21 14:10:26.755 E/Hyphenator( 1325): 	at libcore.io.Posix.open(Native Method)
05-21 14:10:26.755 E/Hyphenator( 1325): 	at libcore.io.BlockGuardOs.open(BlockGuardOs.java:187)
05-21 14:10:26.755 E/Hyphenator( 1325): 	at libcore.io.IoBridge.open(IoBridge.java:441)
05-21 14:10:26.755 E/Hyphenator( 1325): 	... 6 more
05-21 14:10:26.756 E/Hyphenator( 1325): error loading hyphenation /system/usr/hyphen-data/hyph-da.hyb
05-21 14:10:26.756 E/Hyphenator( 1325): java.io.FileNotFoundException: /system/usr/hyphen-data/hyph-da.hyb: open failed: ENOENT (No such file or directory)
05-21 14:10:26.756 E/Hyphenator( 1325): 	at libcore.io.IoBridge.open(IoBridge.java:455)
05-21 14:10:26.756 E/Hyphenator( 1325): 	at java.io.RandomAccessFile.<init>(RandomAccessFile.java:247)
05-21 14:10:26.756 E/Hyphenator( 1325): 	at android.text.Hyphenator.loadHyphenator(Hyphenator.java:118)
05-21 14:10:26.756 E/Hyphenator( 1325): 	at android.text.Hyphenator.init(Hyphenator.java:224)
05-21 14:10:26.756 E/Hyphenator( 1325): 	at com.android.internal.os.ZygoteInit.preloadTextResources(ZygoteInit.java:252)
05-21 14:10:26.756 E/Hyphenator( 1325): 	at com.android.internal.os.ZygoteInit.preload(ZygoteInit.java:206)
05-21 14:10:26.756 E/Hyphenator( 1325): 	at com.android.internal.os.ZygoteInit.main(ZygoteInit.java:743)
05-21 14:10:26.756 E/Hyphenator( 1325): Caused by: android.system.ErrnoException: open failed: ENOENT (No such file or directory)
05-21 14:10:26.756 E/Hyphenator( 1325): 	at libcore.io.Posix.open(Native Method)
05-21 14:10:26.756 E/Hyphenator( 1325): 	at libcore.io.BlockGuardOs.open(BlockGuardOs.java:187)
05-21 14:10:26.756 E/Hyphenator( 1325): 	at libcore.io.IoBridge.open(IoBridge.java:441)
05-21 14:10:26.756 E/Hyphenator( 1325): 	... 6 more
05-21 14:10:26.758 E/Hyphenator( 1325): error loading hyphenation /system/usr/hyphen-data/hyph-de-1901.hyb
05-21 14:10:26.758 E/Hyphenator( 1325): java.io.FileNotFoundException: /system/usr/hyphen-data/hyph-de-1901.hyb: open failed: ENOENT (No such file or directory)
05-21 14:10:26.758 E/Hyphenator( 1325): 	at libcore.io.IoBridge.open(IoBridge.java:455)
05-21 14:10:26.758 E/Hyphenator( 1325): 	at java.io.RandomAccessFile.<init>(RandomAccessFile.java:247)
05-21 14:10:26.758 E/Hyphenator( 1325): 	at android.text.Hyphenator.loadHyphenator(Hyphenator.java:118)
05-21 14:10:26.758 E/Hyphenator( 1325): 	at android.text.Hyphenator.init(Hyphenator.java:224)
05-21 14:10:26.758 E/Hyphenator( 1325): 	at com.android.internal.os.ZygoteInit.preloadTextResources(ZygoteInit.java:252)
05-21 14:10:26.758 E/Hyphenator( 1325): 	at com.android.internal.os.ZygoteInit.preload(ZygoteInit.java:206)
05-21 14:10:26.758 E/Hyphenator( 1325): 	at com.android.internal.os.ZygoteInit.main(ZygoteInit.java:743)
05-21 14:10:26.758 E/Hyphenator( 1325): Caused by: android.system.ErrnoException: open failed: ENOENT (No such file or directory)
05-21 14:10:26.758 E/Hyphenator( 1325): 	at libcore.io.Posix.open(Native Method)
05-21 14:10:26.758 E/Hyphenator( 1325): 	at libcore.io.BlockGuardOs.open(BlockGuardOs.java:187)
05-21 14:10:26.758 E/Hyphenator( 1325): 	at libcore.io.IoBridge.open(IoBridge.java:441)
05-21 14:10:26.758 E/Hyphenator( 1325): 	... 6 more
05-21 14:10:26.759 E/Hyphenator( 1325): error loading hyphenation /system/usr/hyphen-data/hyph-de-1996.hyb
05-21 14:10:26.759 E/Hyphenator( 1325): java.io.FileNotFoundException: /system/usr/hyphen-data/hyph-de-1996.hyb: open failed: ENOENT (No such file or directory)
05-21 14:10:26.759 E/Hyphenator( 1325): 	at libcore.io.IoBridge.open(IoBridge.java:455)
05-21 14:10:26.759 E/Hyphenator( 1325): 	at java.io.RandomAccessFile.<init>(RandomAccessFile.java:247)
05-21 14:10:26.759 E/Hyphenator( 1325): 	at android.text.Hyphenator.loadHyphenator(Hyphenator.java:118)
05-21 14:10:26.759 E/Hyphenator( 1325): 	at android.text.Hyphenator.init(Hyphenator.java:224)
05-21 14:10:26.759 E/Hyphenator( 1325): 	at com.android.internal.os.ZygoteInit.preloadTextResources(ZygoteInit.java:252)
05-21 14:10:26.759 E/Hyphenator( 1325): 	at com.android.internal.os.ZygoteInit.preload(ZygoteInit.java:206)
05-21 14:10:26.759 E/Hyphenator( 1325): 	at com.android.internal.os.ZygoteInit.main(ZygoteInit.java:743)
05-21 14:10:26.759 E/Hyphenator( 1325): Caused by: android.system.ErrnoException: open failed: ENOENT (No such file or directory)
05-21 14:10:26.759 E/Hyphenator( 1325): 	at libcore.io.Posix.open(Native Method)
05-21 14:10:26.759 E/Hyphenator( 1325): 	at libcore.io.BlockGuardOs.open(BlockGuardOs.java:187)
05-21 14:10:26.759 E/Hyphenator( 1325): 	at libcore.io.IoBridge.open(IoBridge.java:441)
05-21 14:10:26.759 E/Hyphenator( 1325): 	... 6 more
05-21 14:10:26.773 E/Hyphenator( 1325): error loading hyphenation /system/usr/hyphen-data/hyph-de-ch-1901.hyb
05-21 14:10:26.773 E/Hyphenator( 1325): java.io.FileNotFoundException: /system/usr/hyphen-data/hyph-de-ch-1901.hyb: open failed: ENOENT (No such file or directory)
05-21 14:10:26.773 E/Hyphenator( 1325): 	at libcore.io.IoBridge.open(IoBridge.java:455)
05-21 14:10:26.773 E/Hyphenator( 1325): 	at java.io.RandomAccessFile.<init>(RandomAccessFile.java:247)
05-21 14:10:26.773 E/Hyphenator( 1325): 	at android.text.Hyphenator.loadHyphenator(Hyphenator.java:118)
05-21 14:10:26.773 E/Hyphenator( 1325): 	at android.text.Hyphenator.init(Hyphenator.java:224)
05-21 14:10:26.773 E/Hyphenator( 1325): 	at com.android.internal.os.ZygoteInit.preloadTextResources(ZygoteInit.java:252)
05-21 14:10:26.773 E/Hyphenator( 1325): 	at com.android.internal.os.ZygoteInit.preload(ZygoteInit.java:206)
05-21 14:10:26.773 E/Hyphenator( 1325): 	at com.android.internal.os.ZygoteInit.main(ZygoteInit.java:743)
05-21 14:10:26.773 E/Hyphenator( 1325): Caused by: android.system.ErrnoException: open failed: ENOENT (No such file or directory)
05-21 14:10:26.773 E/Hyphenator( 1325): 	at libcore.io.Posix.open(Native Method)
05-21 14:10:26.773 E/Hyphenator( 1325): 	at libcore.io.BlockGuardOs.open(BlockGuardOs.java:187)
05-21 14:10:26.773 E/Hyphenator( 1325): 	at libcore.io.IoBridge.open(IoBridge.java:441)
05-21 14:10:26.773 E/Hyphenator( 1325): 	... 6 more
05-21 14:10:26.775 E/Hyphenator( 1325): error loading hyphenation /system/usr/hyphen-data/hyph-en-gb.hyb
05-21 14:10:26.775 E/Hyphenator( 1325): java.io.FileNotFoundException: /system/usr/hyphen-data/hyph-en-gb.hyb: open failed: ENOENT (No such file or directory)
05-21 14:10:26.775 E/Hyphenator( 1325): 	at libcore.io.IoBridge.open(IoBridge.java:455)
05-21 14:10:26.775 E/Hyphenator( 1325): 	at java.io.RandomAccessFile.<init>(RandomAccessFile.java:247)
05-21 14:10:26.775 E/Hyphenator( 1325): 	at android.text.Hyphenator.loadHyphenator(Hyphenator.java:118)
05-21 14:10:26.775 E/Hyphenator( 1325): 	at android.text.Hyphenator.init(Hyphenator.java:224)
05-21 14:10:26.775 E/Hyphenator( 1325): 	at com.android.internal.os.ZygoteInit.preloadTextResources(ZygoteInit.java:252)
05-21 14:10:26.775 E/Hyphenator( 1325): 	at com.android.internal.os.ZygoteInit.preload(ZygoteInit.java:206)
05-21 14:10:26.775 E/Hyphenator( 1325): 	at com.android.internal.os.ZygoteInit.main(ZygoteInit.java:743)
05-21 14:10:26.775 E/Hyphenator( 1325): Caused by: android.system.ErrnoException: open failed: ENOENT (No such file or directory)
05-21 14:10:26.775 E/Hyphenator( 1325): 	at libcore.io.Posix.open(Native Method)
05-21 14:10:26.775 E/Hyphenator( 1325): 	at libcore.io.BlockGuardOs.open(BlockGuardOs.java:187)
05-21 14:10:26.775 E/Hyphenator( 1325): 	at libcore.io.IoBridge.open(IoBridge.java:441)
05-21 14:10:26.775 E/Hyphenator( 1325): 	... 6 more
05-21 14:10:26.777 E/Hyphenator( 1325): error loading hyphenation /system/usr/hyphen-data/hyph-en-us.hyb
05-21 14:10:26.777 E/Hyphenator( 1325): java.io.FileNotFoundException: /system/usr/hyphen-data/hyph-en-us.hyb: open failed: ENOENT (No such file or directory)
05-21 14:10:26.777 E/Hyphenator( 1325): 	at libcore.io.IoBridge.open(IoBridge.java:455)
05-21 14:10:26.777 E/Hyphenator( 1325): 	at java.io.RandomAccessFile.<init>(RandomAccessFile.java:247)
05-21 14:10:26.777 E/Hyphenator( 1325): 	at android.text.Hyphenator.loadHyphenator(Hyphenator.java:118)
05-21 14:10:26.777 E/Hyphenator( 1325): 	at android.text.Hyphenator.init(Hyphenator.java:224)
05-21 14:10:26.777 E/Hyphenator( 1325): 	at com.android.internal.os.ZygoteInit.preloadTextResources(ZygoteInit.java:252)
05-21 14:10:26.777 E/Hyphenator( 1325): 	at com.android.internal.os.ZygoteInit.preload(ZygoteInit.java:206)
05-21 14:10:26.777 E/Hyphenator( 1325): 	at com.android.internal.os.ZygoteInit.main(ZygoteInit.java:743)
05-21 14:10:26.777 E/Hyphenator( 1325): Caused by: android.system.ErrnoException: open failed: ENOENT (No such file or directory)
05-21 14:10:26.777 E/Hyphenator( 1325): 	at libcore.io.Posix.open(Native Method)
05-21 14:10:26.777 E/Hyphenator( 1325): 	at libcore.io.BlockGuardOs.open(BlockGuardOs.java:187)
05-21 14:10:26.777 E/Hyphenator( 1325): 	at libcore.io.IoBridge.open(IoBridge.java:441)
05-21 14:10:26.777 E/Hyphenator( 1325): 	... 6 more
05-21 14:10:26.778 E/Hyphenator( 1325): error loading hyphenation /system/usr/hyphen-data/hyph-es.hyb
05-21 14:10:26.778 E/Hyphenator( 1325): java.io.FileNotFoundException: /system/usr/hyphen-data/hyph-es.hyb: open failed: ENOENT (No such file or directory)
05-21 14:10:26.778 E/Hyphenator( 1325): 	at libcore.io.IoBridge.open(IoBridge.java:455)
05-21 14:10:26.778 E/Hyphenator( 1325): 	at java.io.RandomAccessFile.<init>(RandomAccessFile.java:247)
05-21 14:10:26.778 E/Hyphenator( 1325): 	at android.text.Hyphenator.loadHyphenator(Hyphenator.java:118)
05-21 14:10:26.778 E/Hyphenator( 1325): 	at android.text.Hyphenator.init(Hyphenator.java:224)
05-21 14:10:26.778 E/Hyphenator( 1325): 	at com.android.internal.os.ZygoteInit.preloadTextResources(ZygoteInit.java:252)
05-21 14:10:26.778 E/Hyphenator( 1325): 	at com.android.internal.os.ZygoteInit.preload(ZygoteInit.java:206)
05-21 14:10:26.778 E/Hyphenator( 1325): 	at com.android.internal.os.ZygoteInit.main(ZygoteInit.java:743)
05-21 14:10:26.778 E/Hyphenator( 1325): Caused by: android.system.ErrnoException: open failed: ENOENT (No such file or directory)
05-21 14:10:26.778 E/Hyphenator( 1325): 	at libcore.io.Posix.open(Native Method)
05-21 14:10:26.778 E/Hyphenator( 1325): 	at libcore.io.BlockGuardOs.open(BlockGuardOs.java:187)
05-21 14:10:26.778 E/Hyphenator( 1325): 	at libcore.io.IoBridge.open(IoBridge.java:441)
05-21 14:10:26.778 E/Hyphenator( 1325): 	... 6 more
05-21 14:10:26.779 E/Hyphenator( 1325): error loading hyphenation /system/usr/hyphen-data/hyph-et.hyb
05-21 14:10:26.779 E/Hyphenator( 1325): java.io.FileNotFoundException: /system/usr/hyphen-data/hyph-et.hyb: open failed: ENOENT (No such file or directory)
05-21 14:10:26.779 E/Hyphenator( 1325): 	at libcore.io.IoBridge.open(IoBridge.java:455)
05-21 14:10:26.779 E/Hyphenator( 1325): 	at java.io.RandomAccessFile.<init>(RandomAccessFile.java:247)
05-21 14:10:26.779 E/Hyphenator( 1325): 	at android.text.Hyphenator.loadHyphenator(Hyphenator.java:118)
05-21 14:10:26.779 E/Hyphenator( 1325): 	at android.text.Hyphenator.init(Hyphenator.java:224)
05-21 14:10:26.779 E/Hyphenator( 1325): 	at com.android.internal.os.ZygoteInit.preloadTextResources(ZygoteInit.java:252)
05-21 14:10:26.779 E/Hyphenator( 1325): 	at com.android.internal.os.ZygoteInit.preload(ZygoteInit.java:206)
05-21 14:10:26.779 E/Hyphenator( 1325): 	at com.android.internal.os.ZygoteInit.main(ZygoteInit.java:743)
05-21 14:10:26.779 E/Hyphenator( 1325): Caused by: android.system.ErrnoException: open failed: ENOENT (No such file or directory)
05-21 14:10:26.779 E/Hyphenator( 1325): 	at libcore.io.Posix.open(Native Method)
05-21 14:10:26.779 E/Hyphenator( 1325): 	at libcore.io.BlockGuardOs.open(BlockGuardOs.java:187)
05-21 14:10:26.779 E/Hyphenator( 1325): 	at libcore.io.IoBridge.open(IoBridge.java:441)
05-21 14:10:26.779 E/Hyphenator( 1325): 	... 6 more
05-21 14:10:26.787 I/Zygote  ( 1324): Preloading shared libraries...
05-21 14:10:26.794 E/Hyphenator( 1325): error loading hyphenation /system/usr/hyphen-data/hyph-eu.hyb
05-21 14:10:26.794 E/Hyphenator( 1325): java.io.FileNotFoundException: /system/usr/hyphen-data/hyph-eu.hyb: open failed: ENOENT (No such file or directory)
05-21 14:10:26.794 E/Hyphenator( 1325): 	at libcore.io.IoBridge.open(IoBridge.java:455)
05-21 14:10:26.794 E/Hyphenator( 1325): 	at java.io.RandomAccessFile.<init>(RandomAccessFile.java:247)
05-21 14:10:26.794 E/Hyphenator( 1325): 	at android.text.Hyphenator.loadHyphenator(Hyphenator.java:118)
05-21 14:10:26.794 E/Hyphenator( 1325): 	at android.text.Hyphenator.init(Hyphenator.java:224)
05-21 14:10:26.794 E/Hyphenator( 1325): 	at com.android.internal.os.ZygoteInit.preloadTextResources(ZygoteInit.java:252)
05-21 14:10:26.794 E/Hyphenator( 1325): 	at com.android.internal.os.ZygoteInit.preload(ZygoteInit.java:206)
05-21 14:10:26.794 E/Hyphenator( 1325): 	at com.android.internal.os.ZygoteInit.main(ZygoteInit.java:743)
05-21 14:10:26.794 E/Hyphenator( 1325): Caused by: android.system.ErrnoException: open failed: ENOENT (No such file or directory)
05-21 14:10:26.794 E/Hyphenator( 1325): 	at libcore.io.Posix.open(Native Method)
05-21 14:10:26.794 E/Hyphenator( 1325): 	at libcore.io.BlockGuardOs.open(BlockGuardOs.java:187)
05-21 14:10:26.794 E/Hyphenator( 1325): 	at libcore.io.IoBridge.open(IoBridge.java:441)
05-21 14:10:26.794 E/Hyphenator( 1325): 	... 6 more
05-21 14:10:26.796 E/Hyphenator( 1325): error loading hyphenation /system/usr/hyphen-data/hyph-fr.hyb
05-21 14:10:26.796 E/Hyphenator( 1325): java.io.FileNotFoundException: /system/usr/hyphen-data/hyph-fr.hyb: open failed: ENOENT (No such file or directory)
05-21 14:10:26.796 E/Hyphenator( 1325): 	at libcore.io.IoBridge.open(IoBridge.java:455)
05-21 14:10:26.796 E/Hyphenator( 1325): 	at java.io.RandomAccessFile.<init>(RandomAccessFile.java:247)
05-21 14:10:26.796 E/Hyphenator( 1325): 	at android.text.Hyphenator.loadHyphenator(Hyphenator.java:118)
05-21 14:10:26.796 E/Hyphenator( 1325): 	at android.text.Hyphenator.init(Hyphenator.java:224)
05-21 14:10:26.796 E/Hyphenator( 1325): 	at com.android.internal.os.ZygoteInit.preloadTextResources(ZygoteInit.java:252)
05-21 14:10:26.796 E/Hyphenator( 1325): 	at com.android.internal.os.ZygoteInit.preload(ZygoteInit.java:206)
05-21 14:10:26.796 E/Hyphenator( 1325): 	at com.android.internal.os.ZygoteInit.main(ZygoteInit.java:743)
05-21 14:10:26.796 E/Hyphenator( 1325): Caused by: android.system.ErrnoException: open failed: ENOENT (No such file or directory)
05-21 14:10:26.796 E/Hyphenator( 1325): 	at libcore.io.Posix.open(Native Method)
05-21 14:10:26.796 E/Hyphenator( 1325): 	at libcore.io.BlockGuardOs.open(BlockGuardOs.java:187)
05-21 14:10:26.796 E/Hyphenator( 1325): 	at libcore.io.IoBridge.open(IoBridge.java:441)
05-21 14:10:26.796 E/Hyphenator( 1325): 	... 6 more
05-21 14:10:26.797 E/Hyphenator( 1325): error loading hyphenation /system/usr/hyphen-data/hyph-ga.hyb
05-21 14:10:26.797 E/Hyphenator( 1325): java.io.FileNotFoundException: /system/usr/hyphen-data/hyph-ga.hyb: open failed: ENOENT (No such file or directory)
05-21 14:10:26.797 E/Hyphenator( 1325): 	at libcore.io.IoBridge.open(IoBridge.java:455)
05-21 14:10:26.797 E/Hyphenator( 1325): 	at java.io.RandomAccessFile.<init>(RandomAccessFile.java:247)
05-21 14:10:26.797 E/Hyphenator( 1325): 	at android.text.Hyphenator.loadHyphenator(Hyphenator.java:118)
05-21 14:10:26.797 E/Hyphenator( 1325): 	at android.text.Hyphenator.init(Hyphenator.java:224)
05-21 14:10:26.797 E/Hyphenator( 1325): 	at com.android.internal.os.ZygoteInit.preloadTextResources(ZygoteInit.java:252)
05-21 14:10:26.797 E/Hyphenator( 1325): 	at com.android.internal.os.ZygoteInit.preload(ZygoteInit.java:206)
05-21 14:10:26.797 E/Hyphenator( 1325): 	at com.android.internal.os.ZygoteInit.main(ZygoteInit.java:743)
05-21 14:10:26.797 E/Hyphenator( 1325): Caused by: android.system.ErrnoException: open failed: ENOENT (No such file or directory)
05-21 14:10:26.797 E/Hyphenator( 1325): 	at libcore.io.Posix.open(Native Method)
05-21 14:10:26.797 E/Hyphenator( 1325): 	at libcore.io.BlockGuardOs.open(BlockGuardOs.java:187)
05-21 14:10:26.797 E/Hyphenator( 1325): 	at libcore.io.IoBridge.open(IoBridge.java:441)
