05-21 14:12:51.533 W/art     ( 1819): Long monitor contention with owner android.display (1856) at void com.android.server.wm.WindowAnimator$1.doFrame(long)(WindowAnimator.java:144) waiters=0 in void com.android.server.wm.WindowManagerService.startAppFreezingScreen(android.os.IBinder, int) for 287ms
05-21 14:12:52.027 W/art     ( 1819): Long monitor contention with owner android.display (1856) at void com.android.server.wm.WindowAnimator$1.doFrame(long)(WindowAnimator.java:144) waiters=0 in void com.android.server.wm.WindowManagerService.startAppFreezingScreen(android.os.IBinder, int) for 273ms
05-21 14:12:52.257 W/art     ( 1819): Long monitor contention with owner android.display (1856) at void com.android.server.wm.WindowAnimator$1.doFrame(long)(WindowAnimator.java:144) waiters=0 in void com.android.server.wm.WindowManagerService.startAppFreezingScreen(android.os.IBinder, int) for 230ms
05-21 14:12:52.738 W/art     ( 1819): Long monitor contention with owner android.display (1856) at void com.android.server.wm.WindowAnimator$1.doFrame(long)(WindowAnimator.java:144) waiters=0 in void com.android.server.wm.WindowManagerService.startAppFreezingScreen(android.os.IBinder, int) for 281ms
05-21 14:12:53.461 W/art     ( 1819): Long monitor contention with owner android.display (1856) at void com.android.server.wm.WindowAnimator$1.doFrame(long)(WindowAnimator.java:144) waiters=0 in void com.android.server.wm.WindowManagerService.startAppFreezingScreen(android.os.IBinder, int) for 216ms
05-21 14:12:53.657 W/art     ( 1819): Long monitor contention with owner android.display (1856) at void com.android.server.wm.WindowAnimator$1.doFrame(long)(WindowAnimator.java:144) waiters=0 in void com.android.server.wm.WindowManagerService.startAppFreezingScreen(android.os.IBinder, int) for 196ms
05-21 14:12:53.930 W/ifconfig( 2613): type=1400 audit(0.0:13): avc: denied { ioctl } for path="socket:[13959]" dev="sockfs" ino=13959 ioctlcmd=8927 scontext=u:r:shell:s0 tcontext=u:r:shell:s0 tclass=udp_socket permissive=0
05-21 14:12:53.930 W/ifconfig( 2613): type=1400 audit(0.0:14): avc: denied { ioctl } for path="socket:[13959]" dev="sockfs" ino=13959 ioctlcmd=891d scontext=u:r:shell:s0 tcontext=u:r:shell:s0 tclass=udp_socket permissive=0
05-21 14:12:53.940 W/ifconfig( 2613): type=1400 audit(0.0:15): avc: denied { ioctl } for path="socket:[13959]" dev="sockfs" ino=13959 ioctlcmd=8970 scontext=u:r:shell:s0 tcontext=u:r:shell:s0 tclass=udp_socket permissive=0
05-21 14:12:54.116 I/Choreographer( 1819): Skipped 38 frames!  The application may be doing too much work on its main thread.
05-21 14:12:54.120 W/art     ( 1819): Long monitor contention with owner android.display (1856) at void com.android.server.wm.WindowManagerService$H.handleMessage(android.os.Message)(WindowManagerService.java:8549) waiters=0 in void com.android.server.wm.WindowManagerService.startAppFreezingScreen(android.os.IBinder, int) for 454ms
05-21 14:12:54.485 W/art     ( 1819): Long monitor contention with owner android.display (1856) at void com.android.server.wm.WindowAnimator$1.doFrame(long)(WindowAnimator.java:144) waiters=0 in void com.android.server.wm.WindowManagerService.startAppFreezingScreen(android.os.IBinder, int) for 365ms
05-21 14:12:54.495 W/art     ( 1819): Long monitor contention with owner android.display (1856) at void com.android.server.wm.WindowAnimator$1.doFrame(long)(WindowAnimator.java:144) waiters=1 in int com.android.server.wm.WindowManagerService.relayoutWindow(com.android.server.wm.Session, android.view.IWindow, int, android.view.WindowManager$LayoutParams, int, int, int, int, android.graphics.Rect, android.graphics.Rect, android.graphics.Rect, android.graphics.Rect, android.graphics.Rect, android.graphics.Rect, android.graphics.Rect, android.content.res.Configuration, android.view.Surface) for 346ms
05-21 14:12:56.619 W/art     ( 1819): Long monitor contention with owner Binder:1819_3 (1945) at int com.android.server.wm.WindowManagerService.relayoutWindow(com.android.server.wm.Session, android.view.IWindow, int, android.view.WindowManager$LayoutParams, int, int, int, int, android.graphics.Rect, android.graphics.Rect, android.graphics.Rect, android.graphics.Rect, android.graphics.Rect, android.graphics.Rect, android.graphics.Rect, android.content.res.Configuration, android.view.Surface)(WindowManagerService.java:2857) waiters=0 in void com.android.server.wm.WindowManagerService.setAppVisibility(android.os.IBinder, boolean) for 2.121s
05-21 14:12:56.675 I/Choreographer( 2232): Skipped 152 frames!  The application may be doing too much work on its main thread.
05-21 14:12:58.797 W/art     ( 1819): Long monitor contention with owner Binder:1819_8 (2271) at void com.android.server.am.ActivityManagerService.activityPaused(android.os.IBinder)(ActivityManagerService.java:6916) waiters=1 in void com.android.server.am.ActivityManagerService$MainHandler.handleMessage(android.os.Message) for 10.453s
05-21 14:12:58.802 W/art     ( 1819): Long monitor contention with owner Binder:1819_8 (2271) at void com.android.server.am.ActivityManagerService.activityPaused(android.os.IBinder)(ActivityManagerService.java:6916) waiters=2 in android.content.pm.UserInfo com.android.server.am.UserController.getCurrentUser() for 10.401s
05-21 14:12:58.802 W/art     ( 1819): Long monitor contention with owner Binder:1819_8 (2271) at void com.android.server.am.ActivityManagerService.activityPaused(android.os.IBinder)(ActivityManagerService.java:6916) waiters=3 in void com.android.server.am.ActivityManagerService.dispatchUidsChanged() for 10.354s
05-21 14:12:58.803 W/art     ( 1819): Long monitor contention with owner Binder:1819_8 (2271) at void com.android.server.am.ActivityManagerService.activityPaused(android.os.IBinder)(ActivityManagerService.java:6916) waiters=4 in int com.android.server.am.ActivityManagerService.broadcastIntent(android.app.IApplicationThread, android.content.Intent, java.lang.String, android.content.IIntentReceiver, int, java.lang.String, android.os.Bundle, java.lang.String[], int, android.os.Bundle, boolean, boolean, int) for 10.338s
05-21 14:12:58.814 W/art     ( 1819): Long monitor contention with owner Binder:1819_2 (1835) at void com.android.server.am.ActivityManagerService.attachApplication(android.app.IApplicationThread)(ActivityManagerService.java:6669) waiters=5 in java.lang.String com.android.server.am.ActivityManagerService.checkContentProviderAccess(java.lang.String, int) for 9.704s
05-21 14:12:58.816 W/art     ( 1819): Long monitor contention with owner Binder:1819_2 (1835) at void com.android.server.am.ActivityManagerService.attachApplication(android.app.IApplicationThread)(ActivityManagerService.java:6669) waiters=7 in com.android.server.am.ProcessRecord com.android.server.am.ActivityManagerService.findAppProcess(android.os.IBinder, java.lang.String) for 8.438s
05-21 14:12:58.816 W/art     ( 1819): Long monitor contention with owner Binder:1819_2 (1835) at void com.android.server.am.ActivityManagerService.attachApplication(android.app.IApplicationThread)(ActivityManagerService.java:6669) waiters=8 in java.lang.String com.android.server.am.ActivityManagerService.checkContentProviderAccess(java.lang.String, int) for 8.313s
05-21 14:12:58.817 W/art     ( 1819): Long monitor contention with owner Binder:1819_2 (1835) at void com.android.server.am.ActivityManagerService.attachApplication(android.app.IApplicationThread)(ActivityManagerService.java:6669) waiters=9 in int com.android.server.am.ActivityManagerService.broadcastIntent(android.app.IApplicationThread, android.content.Intent, java.lang.String, android.content.IIntentReceiver, int, java.lang.String, android.os.Bundle, java.lang.String[], int, android.os.Bundle, boolean, boolean, int) for 6.132s
05-21 14:12:58.818 W/art     ( 1819): Long monitor contention with owner Binder:1819_2 (1835) at void com.android.server.am.ActivityManagerService.attachApplication(android.app.IApplicationThread)(ActivityManagerService.java:6669) waiters=10 in void com.android.server.am.ActivityManagerService$LocalService.notifyAppTransitionStarting(int) for 4.333s
05-21 14:12:58.836 I/Choreographer( 1819): Skipped 268 frames!  The application may be doing too much work on its main thread.
05-21 14:12:58.913 W/art     ( 1819): Long monitor contention with owner Binder:1819_2 (1835) at void com.android.server.am.ActivityManagerService.attachApplication(android.app.IApplicationThread)(ActivityManagerService.java:6669) waiters=6 in boolean com.android.server.am.ActivityManagerService.isUserRunning(int, int) for 9.225s
05-21 14:12:58.923 D/LockSettings( 1819): Removing dead StrongAuthTracker.
05-21 14:12:58.962 W/art     ( 1819): Long monitor contention with owner Binder:1819_2 (1835) at void com.android.server.am.ActivityManagerService.attachApplication(android.app.IApplicationThread)(ActivityManagerService.java:6669) waiters=6 in boolean com.android.server.am.ActivityManagerService.isUserRunning(int, int) for 9.585s
05-21 14:12:59.031 W/System  ( 2555): ClassLoader referenced unknown path: /system/app/Launcher3/lib/x86_64
05-21 14:12:59.088 I/Choreographer( 2449): Skipped 747 frames!  The application may be doing too much work on its main thread.
05-21 14:12:59.141 W/ActivityManager( 1819): Launch timeout has expired, giving up wake lock!
05-21 14:12:59.369 W/ActivityManager( 1819): Slow operation: 60ms so far, now at startProcess: returned from zygote!
05-21 14:12:59.369 W/ActivityManager( 1819): Slow operation: 61ms so far, now at startProcess: done updating battery stats
05-21 14:12:59.369 W/ActivityManager( 1819): Slow operation: 61ms so far, now at startProcess: building log message
05-21 14:12:59.369 I/ActivityManager( 1819): Start proc 2621:com.android.keychain/1000 for service com.android.keychain/.KeyChainService
05-21 14:12:59.369 W/ActivityManager( 1819): Slow operation: 61ms so far, now at startProcess: starting to update pids map
05-21 14:12:59.370 W/ActivityManager( 1819): Slow operation: 62ms so far, now at startProcess: done updating pids map
05-21 14:12:59.370 W/ActivityManager( 1819): Slow operation: 62ms so far, now at startProcess: done starting proc!
05-21 14:12:59.429 W/art     ( 2621): Unexpected CPU variant for X86 using defaults: x86_64
05-21 14:12:59.563 D/LauncherProvider( 2555): Launcher process started
05-21 14:12:59.600 W/System  ( 2621): ClassLoader referenced unknown path: /system/app/KeyChain/lib/x86_64
05-21 14:12:59.843 V/AlarmClock( 2456): AlarmInitReceiver finished
05-21 14:12:59.905 I/AlarmClock( 2456): AlarmInitReceiver android.intent.action.LOCKED_BOOT_COMPLETED
05-21 14:13:00.104 D/WIFI    ( 1819): Registering NetworkFactory
05-21 14:13:00.139 D/WIFI_UT ( 1819): Registering NetworkFactory
05-21 14:13:00.171 D/ConnectivityService( 1819): Got NetworkFactory Messenger for WIFI
05-21 14:13:00.172 D/ConnectivityService( 1819): Got NetworkFactory Messenger for WIFI_UT
05-21 14:13:00.188 D/WIFI    ( 1819): got request NetworkRequest [ REQUEST id=1, [ Capabilities: INTERNET&NOT_RESTRICTED&TRUSTED&NOT_VPN] ] with score 0
05-21 14:13:00.192 D/WIFI_UT ( 1819): got request NetworkRequest [ REQUEST id=1, [ Capabilities: INTERNET&NOT_RESTRICTED&TRUSTED&NOT_VPN] ] with score 0
05-21 14:13:00.507 D/AlarmClock/Events( 2456): [Stopwatch] [Reset] [Reboot]
05-21 14:13:00.690 W/ActivityManager( 1819): Slow operation: 158ms so far, now at startProcess: returned from zygote!
05-21 14:13:00.690 W/ActivityManager( 1819): Slow operation: 159ms so far, now at startProcess: done updating battery stats
05-21 14:13:00.696 W/ActivityManager( 1819): Slow operation: 165ms so far, now at startProcess: building log message
05-21 14:13:00.696 I/ActivityManager( 1819): Start proc 2637:com.android.printspooler/u0a51 for service com.android.printspooler/.model.PrintSpoolerService
05-21 14:13:00.696 W/ActivityManager( 1819): Slow operation: 165ms so far, now at startProcess: starting to update pids map
05-21 14:13:00.696 W/ActivityManager( 1819): Slow operation: 165ms so far, now at startProcess: done updating pids map
05-21 14:13:00.696 W/ActivityManager( 1819): Slow operation: 167ms so far, now at startProcess: done starting proc!
05-21 14:13:00.761 W/art     ( 2637): Unexpected CPU variant for X86 using defaults: x86_64
05-21 14:13:01.597 W/ActivityManager( 1819): Slow operation: 64ms so far, now at startProcess: building args
05-21 14:13:01.597 W/ActivityManager( 1819): Slow operation: 64ms so far, now at startProcess: asking zygote to start proc
05-21 14:13:01.652 W/art     ( 2651): Unexpected CPU variant for X86 using defaults: x86_64
05-21 14:13:01.679 W/ActivityManager( 1819): Slow operation: 146ms so far, now at startProcess: returned from zygote!
05-21 14:13:01.679 W/ActivityManager( 1819): Slow operation: 146ms so far, now at startProcess: done updating battery stats
05-21 14:13:01.680 W/ActivityManager( 1819): Slow operation: 146ms so far, now at startProcess: building log message
05-21 14:13:01.680 I/ActivityManager( 1819): Start proc 2651:android.process.media/u0a10 for broadcast com.android.providers.downloads/.DownloadReceiver
05-21 14:13:01.680 W/ActivityManager( 1819): Slow operation: 147ms so far, now at startProcess: starting to update pids map
05-21 14:13:01.680 W/ActivityManager( 1819): Slow operation: 147ms so far, now at startProcess: done updating pids map
05-21 14:13:01.680 W/ActivityManager( 1819): Slow operation: 147ms so far, now at startProcess: done starting proc!
05-21 14:13:01.696 W/art     ( 1819): Long monitor contention with owner main (1819) at void com.android.server.am.BroadcastQueue.processNextBroadcast(boolean)(BroadcastQueue.java:760) waiters=1 in void com.android.server.am.ActivityManagerService.trimApplications() for 151ms
05-21 14:13:01.989 V/AlarmClock( 2456): AlarmInitReceiver finished
05-21 14:13:02.065 W/System  ( 2651): ClassLoader referenced unknown path: /system/priv-app/DownloadProvider/lib/x86_64
05-21 14:13:02.173 W/System  ( 2651): ClassLoader referenced unknown path: /system/priv-app/MediaProvider/lib/x86_64
05-21 14:13:02.192 D/ApplicationLoaders( 2651): ignored Vulkan layer search path /system/priv-app/MediaProvider/lib/x86_64:/system/priv-app/MediaProvider/MediaProvider.apk!/lib/x86_64:/system/lib64:/vendor/lib64 for namespace 0x7ad2d51090f0
05-21 14:13:02.927 W/art     ( 1819): Long monitor contention with owner android.display (1856) at void com.android.server.wm.WindowAnimator$1.doFrame(long)(WindowAnimator.java:144) waiters=0 in int com.android.server.wm.WindowManagerService.relayoutWindow(com.android.server.wm.Session, android.view.IWindow, int, android.view.WindowManager$LayoutParams, int, int, int, int, android.graphics.Rect, android.graphics.Rect, android.graphics.Rect, android.graphics.Rect, android.graphics.Rect, android.graphics.Rect, android.graphics.Rect, android.content.res.Configuration, android.view.Surface) for 3.674s
05-21 14:13:03.757 D/MediaScannerReceiver( 2651): action: android.intent.action.MEDIA_MOUNTED path: /storage/1EFF-1C1B
05-21 14:13:04.041 D/MediaScannerReceiver( 2651): action: android.intent.action.MEDIA_MOUNTED path: /storage/emulated/0
05-21 14:13:04.285 I/art     ( 1819): Background sticky concurrent mark sweep GC freed 24056(2MB) AllocSpace objects, 16(524KB) LOS objects, 23% free, 12MB/16MB, paused 13.248ms total 136.142ms
05-21 14:13:04.892 V/MediaScanner( 2651): pruneDeadThumbnailFiles... android.content.ContentProviderClient$CursorWrapperInner@38f6a80
05-21 14:13:04.904 V/MediaScanner( 2651): /pruneDeadThumbnailFiles... android.content.ContentProviderClient$CursorWrapperInner@38f6a80
05-21 14:13:05.622 V/MediaScanner( 2651): pruneDeadThumbnailFiles... android.content.ContentProviderClient$CursorWrapperInner@e569ae
05-21 14:13:05.624 V/MediaScanner( 2651): /pruneDeadThumbnailFiles... android.content.ContentProviderClient$CursorWrapperInner@e569ae
05-21 14:13:06.117 W/art     ( 1819): Long monitor contention with owner android.display (1856) at void com.android.server.wm.WindowAnimator$1.doFrame(long)(WindowAnimator.java:144) waiters=1 in float com.android.server.wm.WindowManagerService.getCurrentAnimatorScale() for 6.341s
05-21 14:13:06.118 W/art     ( 1819): Long monitor contention with owner Binder:1819_3 (1945) at int com.android.server.wm.WindowManagerService.relayoutWindow(com.android.server.wm.Session, android.view.IWindow, int, android.view.WindowManager$LayoutParams, int, int, int, int, android.graphics.Rect, android.graphics.Rect, android.graphics.Rect, android.graphics.Rect, android.graphics.Rect, android.graphics.Rect, android.graphics.Rect, android.content.res.Configuration, android.view.Surface)(WindowManagerService.java:2857) waiters=1 in void com.android.server.wm.WindowManagerService$H.handleMessage(android.os.Message) for 3.180s
05-21 14:13:06.211 V/Launcher( 2555): LauncherAppState inited
05-21 14:13:06.427 W/art     ( 1819): Long monitor contention with owner android.display (1856) at void com.android.server.wm.WindowManagerService$H.handleMessage(android.os.Message)(WindowManagerService.java:8857) waiters=1 in void com.android.server.wm.WindowManagerService.setDockedStackDividerTouchRegion(android.graphics.Rect) for 136ms
05-21 14:13:06.450 W/art     ( 1819): Long monitor contention with owner Binder:1819_4 (2053) at void com.android.server.wm.WindowManagerService.setInsetsWindow(com.android.server.wm.Session, android.view.IWindow, int, android.graphics.Rect, android.graphics.Rect, android.graphics.Region)(WindowManagerService.java:2719) waiters=1 in void com.android.server.wm.WindowManagerService$H.handleMessage(android.os.Message) for 157ms
05-21 14:13:06.743 I/StatusBarManagerService( 1819): registerStatusBar bar=com.android.internal.statusbar.IStatusBar$Stub$Proxy@11bbba4
05-21 14:13:08.183 I/art     ( 2449): Background sticky concurrent mark sweep GC freed 16913(2MB) AllocSpace objects, 2(40KB) LOS objects, 28% free, 7MB/10MB, paused 1.500ms total 170.070ms
05-21 14:13:08.329 V/GridSizeMigrationTask( 2555): Workspace migration completed in 120
05-21 14:13:08.330 D/Launcher.Model( 2555): loadWorkspace: loading default favorites
05-21 14:13:08.428 W/art     ( 1819): Long monitor contention with owner android.bg (1844) at boolean java.io.UnixFileSystem.rename0(java.io.File, java.io.File)(UnixFileSystem.java:-2) waiters=0 in android.content.pm.ParceledListSlice com.android.server.appwidget.AppWidgetServiceImpl.startListening(com.android.internal.appwidget.IAppWidgetHost, java.lang.String, int, int[]) for 330ms
05-21 14:13:08.549 I/Choreographer( 2555): Skipped 30 frames!  The application may be doing too much work on its main thread.
05-21 14:13:09.025 W/art     ( 1819): Long monitor contention with owner Binder:1819_3 (1945) at int com.android.server.wm.WindowManagerService.relayoutWindow(com.android.server.wm.Session, android.view.IWindow, int, android.view.WindowManager$LayoutParams, int, int, int, int, android.graphics.Rect, android.graphics.Rect, android.graphics.Rect, android.graphics.Rect, android.graphics.Rect, android.graphics.Rect, android.graphics.Rect, android.content.res.Configuration, android.view.Surface)(WindowManagerService.java:2857) waiters=1 in void com.android.server.wm.WindowManagerService.notifyAppRelaunchesCleared(android.os.IBinder) for 228ms
05-21 14:13:09.177 D/gralloc_ranchu( 2555): Emulator without host-side GPU emulation detected. Loading gralloc.default.so from /vendor/lib64/hw/gralloc.goldfish.default.so...
05-21 14:13:09.181 D/gralloc_ranchu( 2555): gralloc.default.so not found in /vendor. Trying /system/lib64/hw/gralloc.goldfish.default.so...
05-21 14:13:09.216 W/System  ( 2449): ClassLoader referenced unknown path: 
05-21 14:13:09.217 W/System  ( 2449): ClassLoader referenced unknown path: /system/priv-app/Dialer/lib/x86_64
05-21 14:13:09.220 D/ApplicationLoaders( 2449): ignored Vulkan layer search path /system/priv-app/Dialer/lib/x86_64:/system/lib64:/vendor/lib64 for namespace 0x7ad2d526c0f0
05-21 14:13:09.519 E/BluetoothAdapter( 2449): Bluetooth binder is null
05-21 14:13:09.657 I/CameraManagerGlobal( 2449): Connecting to camera service
05-21 14:13:09.689 V/EmulatedCamera_Camera( 1328): getCameraInfo
05-21 14:13:09.690 V/EmulatedCamera_BaseCamera( 1328): getCameraInfo
05-21 14:13:09.690 I/CameraService( 1328): getCameraCharacteristics: Switching to HAL1 shim implementation...
05-21 14:13:09.691 V/EmulatedCamera_Camera( 1328): getCameraInfo
05-21 14:13:09.691 V/EmulatedCamera_BaseCamera( 1328): getCameraInfo
05-21 14:13:09.730 V/EmulatedCamera_Camera( 1328): getCameraInfo
05-21 14:13:09.730 V/EmulatedCamera_BaseCamera( 1328): getCameraInfo
05-21 14:13:09.733 V/EmulatedCamera_Camera( 1328): getCameraInfo
05-21 14:13:09.733 V/EmulatedCamera_BaseCamera( 1328): getCameraInfo
05-21 14:13:09.917 W/art     ( 1819): Long monitor contention with owner android.display (1856) at void com.android.server.wm.WindowManagerService$H.handleMessage(android.os.Message)(WindowManagerService.java:8368) waiters=0 in void com.android.server.wm.WindowManagerService.removeWindow(com.android.server.wm.Session, android.view.IWindow) for 147ms
05-21 14:13:09.920 I/ActivityManager( 1819): Displayed com.android.launcher3/.Launcher: +21s473ms
05-21 14:13:09.945 I/StatusBar( 2449): isKeyguardShowing() called before startKeyguard(), returning true
05-21 14:13:09.947 W/StatusBar( 2449): isKeyguardSecure() called before startKeyguard(), returning false
05-21 14:13:09.947 W/StatusBar( 2449): java.lang.Throwable
05-21 14:13:09.947 W/StatusBar( 2449): 	at com.android.systemui.statusbar.BaseStatusBar.isKeyguardSecure(BaseStatusBar.java:2647)
05-21 14:13:09.947 W/StatusBar( 2449): 	at com.android.systemui.statusbar.BaseStatusBar.isCameraAllowedByAdmin(BaseStatusBar.java:2670)
05-21 14:13:09.947 W/StatusBar( 2449): 	at com.android.systemui.statusbar.phone.KeyguardBottomAreaView.updateCameraVisibility(KeyguardBottomAreaView.java:309)
05-21 14:13:09.947 W/StatusBar( 2449): 	at com.android.systemui.statusbar.phone.KeyguardBottomAreaView.setPhoneStatusBar(KeyguardBottomAreaView.java:272)
05-21 14:13:09.947 W/StatusBar( 2449): 	at com.android.systemui.statusbar.phone.PhoneStatusBar.makeStatusBarView(PhoneStatusBar.java:904)
05-21 14:13:09.947 W/StatusBar( 2449): 	at com.android.systemui.statusbar.phone.PhoneStatusBar.addStatusBarWindow(PhoneStatusBar.java:3432)
05-21 14:13:09.947 W/StatusBar( 2449): 	at com.android.systemui.statusbar.phone.PhoneStatusBar.createAndAddWindows(PhoneStatusBar.java:3428)
05-21 14:13:09.947 W/StatusBar( 2449): 	at com.android.systemui.statusbar.BaseStatusBar.start(BaseStatusBar.java:765)
05-21 14:13:09.947 W/StatusBar( 2449): 	at com.android.systemui.statusbar.phone.PhoneStatusBar.start(PhoneStatusBar.java:686)
05-21 14:13:09.947 W/StatusBar( 2449): 	at com.android.systemui.statusbar.SystemBars.createStatusBarFromConfig(SystemBars.java:106)
05-21 14:13:09.947 W/StatusBar( 2449): 	at com.android.systemui.statusbar.SystemBars.onNoService(SystemBars.java:58)
05-21 14:13:09.947 W/StatusBar( 2449): 	at com.android.systemui.statusbar.ServiceMonitor.startService(ServiceMonitor.java:230)
05-21 14:13:09.947 W/StatusBar( 2449): 	at com.android.systemui.statusbar.ServiceMonitor.-wrap5(ServiceMonitor.java)
05-21 14:13:09.947 W/StatusBar( 2449): 	at com.android.systemui.statusbar.ServiceMonitor$1.handleMessage(ServiceMonitor.java:73)
05-21 14:13:09.947 W/StatusBar( 2449): 	at android.os.Handler.dispatchMessage(Handler.java:102)
05-21 14:13:09.947 W/StatusBar( 2449): 	at android.os.Looper.loop(Looper.java:154)
05-21 14:13:09.947 W/StatusBar( 2449): 	at android.app.ActivityThread.main(ActivityThread.java:6119)
05-21 14:13:09.947 W/StatusBar( 2449): 	at java.lang.reflect.Method.invoke(Native Method)
05-21 14:13:09.947 W/StatusBar( 2449): 	at com.android.internal.os.ZygoteInit$MethodAndArgsCaller.run(ZygoteInit.java:886)
05-21 14:13:09.947 W/StatusBar( 2449): 	at com.android.internal.os.ZygoteInit.main(ZygoteInit.java:776)
05-21 14:13:09.952 I/StatusBar( 2449): isKeyguardShowing() called before startKeyguard(), returning true
05-21 14:13:09.974 W/StatusBar( 2449): isKeyguardSecure() called before startKeyguard(), returning false
05-21 14:13:09.974 W/StatusBar( 2449): java.lang.Throwable
05-21 14:13:09.974 W/StatusBar( 2449): 	at com.android.systemui.statusbar.BaseStatusBar.isKeyguardSecure(BaseStatusBar.java:2647)
05-21 14:13:09.974 W/StatusBar( 2449): 	at com.android.systemui.statusbar.BaseStatusBar.isCameraAllowedByAdmin(BaseStatusBar.java:2670)
05-21 14:13:09.974 W/StatusBar( 2449): 	at com.android.systemui.statusbar.phone.KeyguardBottomAreaView.updateCameraVisibility(KeyguardBottomAreaView.java:309)
05-21 14:13:09.974 W/StatusBar( 2449): 	at com.android.systemui.statusbar.phone.KeyguardBottomAreaView.setUserSetupComplete(KeyguardBottomAreaView.java:281)
05-21 14:13:09.974 W/StatusBar( 2449): 	at com.android.systemui.statusbar.phone.PhoneStatusBar.makeStatusBarView(PhoneStatusBar.java:905)
05-21 14:13:09.974 W/StatusBar( 2449): 	at com.android.systemui.statusbar.phone.PhoneStatusBar.addStatusBarWindow(PhoneStatusBar.java:3432)
05-21 14:13:09.974 W/StatusBar( 2449): 	at com.android.systemui.statusbar.phone.PhoneStatusBar.createAndAddWindows(PhoneStatusBar.java:3428)
05-21 14:13:09.974 W/StatusBar( 2449): 	at com.android.systemui.statusbar.BaseStatusBar.start(BaseStatusBar.java:765)
05-21 14:13:09.974 W/StatusBar( 2449): 	at com.android.systemui.statusbar.phone.PhoneStatusBar.start(PhoneStatusBar.java:686)
05-21 14:13:09.974 W/StatusBar( 2449): 	at com.android.systemui.statusbar.SystemBars.createStatusBarFromConfig(SystemBars.java:106)
05-21 14:13:09.974 W/StatusBar( 2449): 	at com.android.systemui.statusbar.SystemBars.onNoService(SystemBars.java:58)
05-21 14:13:09.974 W/StatusBar( 2449): 	at com.android.systemui.statusbar.ServiceMonitor.startService(ServiceMonitor.java:230)
05-21 14:13:09.974 W/StatusBar( 2449): 	at com.android.systemui.statusbar.ServiceMonitor.-wrap5(ServiceMonitor.java)
05-21 14:13:09.974 W/StatusBar( 2449): 	at com.android.systemui.statusbar.ServiceMonitor$1.handleMessage(ServiceMonitor.java:73)
05-21 14:13:09.974 W/StatusBar( 2449): 	at android.os.Handler.dispatchMessage(Handler.java:102)
05-21 14:13:09.974 W/StatusBar( 2449): 	at android.os.Looper.loop(Looper.java:154)
05-21 14:13:09.974 W/StatusBar( 2449): 	at android.app.ActivityThread.main(ActivityThread.java:6119)
05-21 14:13:09.974 W/StatusBar( 2449): 	at java.lang.reflect.Method.invoke(Native Method)
05-21 14:13:09.974 W/StatusBar( 2449): 	at com.android.internal.os.ZygoteInit$MethodAndArgsCaller.run(ZygoteInit.java:886)
05-21 14:13:09.974 W/StatusBar( 2449): 	at com.android.internal.os.ZygoteInit.main(ZygoteInit.java:776)
05-21 14:13:10.085 W/art     ( 1819): Long monitor contention with owner android.display (1856) at void com.android.server.wm.WindowAnimator$1.doFrame(long)(WindowAnimator.java:144) waiters=1 in void com.android.server.wm.WindowManagerService.finishDrawingWindow(com.android.server.wm.Session, android.view.IWindow) for 160ms
05-21 14:13:10.205 W/BroadcastQueue( 1819): Timeout of broadcast BroadcastRecord{75bc5ce u-1 android.intent.action.TIME_TICK} - receiver=android.os.BinderProxy@4f187cd, started 10000ms ago
05-21 14:13:10.206 W/BroadcastQueue( 1819): Receiver during timeout: BroadcastFilter{581b93 u0 ReceiverList{7c57882 2449 com.android.systemui/10021/u0 remote:4f187cd}}
05-21 14:13:10.332 I/Process ( 1819): Sending signal. PID: 2449 SIG: 3
05-21 14:13:10.333 I/art     ( 2449): Thread[3,tid=2463,WaitingInMainSignalCatcherLoop,Thread*=0x7ad2d0a96400,peer=0x12c22310,"Signal Catcher"]: reacting to signal 3
05-21 14:13:10.345 I/art     ( 2449): 
05-21 14:13:10.515 W/art     ( 1819): Long monitor contention with owner Binder:1819_A (2445) at void com.android.server.wm.WindowManagerService.removeWindow(com.android.server.wm.Session, android.view.IWindow)(WindowManagerService.java:2392) waiters=0 in void com.android.server.wm.WindowManagerService.finishDrawingWindow(com.android.server.wm.Session, android.view.IWindow) for 429ms
05-21 14:13:10.516 W/art     ( 1819): Long monitor contention with owner Binder:1819_A (2445) at void com.android.server.wm.WindowManagerService.removeWindow(com.android.server.wm.Session, android.view.IWindow)(WindowManagerService.java:2392) waiters=1 in void com.android.server.wm.WindowAnimator$1.doFrame(long) for 403ms
05-21 14:13:10.517 I/Choreographer( 2555): Skipped 62 frames!  The application may be doing too much work on its main thread.
05-21 14:13:10.738 V/EmulatedCamera_Camera( 1328): getCameraInfo
05-21 14:13:10.738 V/EmulatedCamera_BaseCamera( 1328): getCameraInfo
05-21 14:13:10.741 V/EmulatedCamera_Camera( 1328): getCameraInfo
05-21 14:13:10.741 V/EmulatedCamera_BaseCamera( 1328): getCameraInfo
05-21 14:13:11.183 I/StatusBar( 2449): isKeyguardShowing() called before startKeyguard(), returning true
05-21 14:13:11.190 W/StatusBar( 2449): isKeyguardSecure() called before startKeyguard(), returning false
05-21 14:13:11.190 W/StatusBar( 2449): java.lang.Throwable
05-21 14:13:11.190 W/StatusBar( 2449): 	at com.android.systemui.statusbar.BaseStatusBar.isKeyguardSecure(BaseStatusBar.java:2647)
05-21 14:13:11.190 W/StatusBar( 2449): 	at com.android.systemui.statusbar.BaseStatusBar.isCameraAllowedByAdmin(BaseStatusBar.java:2670)
05-21 14:13:11.190 W/StatusBar( 2449): 	at com.android.systemui.statusbar.phone.KeyguardBottomAreaView.updateCameraVisibility(KeyguardBottomAreaView.java:309)
05-21 14:13:11.190 W/StatusBar( 2449): 	at com.android.systemui.statusbar.phone.KeyguardBottomAreaView.setUserSetupComplete(KeyguardBottomAreaView.java:281)
05-21 14:13:11.190 W/StatusBar( 2449): 	at com.android.systemui.statusbar.phone.PhoneStatusBar$1.onChange(PhoneStatusBar.java:441)
05-21 14:13:11.190 W/StatusBar( 2449): 	at com.android.systemui.statusbar.phone.PhoneStatusBar.resetUserSetupObserver(PhoneStatusBar.java:3676)
05-21 14:13:11.190 W/StatusBar( 2449): 	at com.android.systemui.statusbar.phone.PhoneStatusBar.makeStatusBarView(PhoneStatusBar.java:1008)
05-21 14:13:11.190 W/StatusBar( 2449): 	at com.android.systemui.statusbar.phone.PhoneStatusBar.addStatusBarWindow(PhoneStatusBar.java:3432)
05-21 14:13:11.190 W/StatusBar( 2449): 	at com.android.systemui.statusbar.phone.PhoneStatusBar.createAndAddWindows(PhoneStatusBar.java:3428)
05-21 14:13:11.190 W/StatusBar( 2449): 	at com.android.systemui.statusbar.BaseStatusBar.start(BaseStatusBar.java:765)
05-21 14:13:11.190 W/StatusBar( 2449): 	at com.android.systemui.statusbar.phone.PhoneStatusBar.start(PhoneStatusBar.java:686)
05-21 14:13:11.190 W/StatusBar( 2449): 	at com.android.systemui.statusbar.SystemBars.createStatusBarFromConfig(SystemBars.java:106)
05-21 14:13:11.190 W/StatusBar( 2449): 	at com.android.systemui.statusbar.SystemBars.onNoService(SystemBars.java:58)
05-21 14:13:11.190 W/StatusBar( 2449): 	at com.android.systemui.statusbar.ServiceMonitor.startService(ServiceMonitor.java:230)
05-21 14:13:11.190 W/StatusBar( 2449): 	at com.android.systemui.statusbar.ServiceMonitor.-wrap5(ServiceMonitor.java)
05-21 14:13:11.190 W/StatusBar( 2449): 	at com.android.systemui.statusbar.ServiceMonitor$1.handleMessage(ServiceMonitor.java:73)
05-21 14:13:11.190 W/StatusBar( 2449): 	at android.os.Handler.dispatchMessage(Handler.java:102)
05-21 14:13:11.190 W/StatusBar( 2449): 	at android.os.Looper.loop(Looper.java:154)
05-21 14:13:11.190 W/StatusBar( 2449): 	at android.app.ActivityThread.main(ActivityThread.java:6119)
05-21 14:13:11.190 W/StatusBar( 2449): 	at java.lang.reflect.Method.invoke(Native Method)
05-21 14:13:11.190 W/StatusBar( 2449): 	at com.android.internal.os.ZygoteInit$MethodAndArgsCaller.run(ZygoteInit.java:886)
05-21 14:13:11.190 W/StatusBar( 2449): 	at com.android.internal.os.ZygoteInit.main(ZygoteInit.java:776)
05-21 14:13:11.225 E/SurfaceFlinger( 1321): ro.sf.lcd_density must be defined as a build property
05-21 14:13:11.230 D/OpenGLRenderer( 2449): profile bars disabled
05-21 14:13:11.231 D/OpenGLRenderer( 2449): ambientRatio = 1.50
05-21 14:13:11.429 D/PhoneStatusBar( 2449): disable: < EXPAND* icons alerts system_info BACK* HOME* RECENT* clock SEARCH* quick_settings >
05-21 14:13:11.496 E/ActivityManager( 1819): ANR in com.android.systemui
05-21 14:13:11.496 E/ActivityManager( 1819): PID: 2449
05-21 14:13:11.496 E/ActivityManager( 1819): Reason: Broadcast of Intent { act=android.intent.action.TIME_TICK flg=0x50000014 (has extras) }
05-21 14:13:11.496 E/ActivityManager( 1819): Load: 0.0 / 0.0 / 0.0
05-21 14:13:11.496 E/ActivityManager( 1819): CPU usage from 7810ms to 0ms ago (2021-05-21 14:13:02.400 to 2021-05-21 14:13:10.210):
05-21 14:13:11.496 E/ActivityManager( 1819):   72% 1321/surfaceflinger: 72% user + 0% kernel / faults: 2031 minor
05-21 14:13:11.496 E/ActivityManager( 1819):   38% 1819/system_server: 11% user + 26% kernel / faults: 493 minor
05-21 14:13:11.496 E/ActivityManager( 1819):   30% 2555/com.android.launcher3: 15% user + 15% kernel / faults: 13037 minor 22 major
05-21 14:13:11.496 E/ActivityManager( 1819):   23% 2449/com.android.systemui: 10% user + 13% kernel / faults: 3640 minor
05-21 14:13:11.496 E/ActivityManager( 1819):   11% 2651/android.process.media: 3.9% user + 7.5% kernel / faults: 1841 minor 1 major
05-21 14:13:11.496 E/ActivityManager( 1819):   9.1% 8/rcu_preempt: 0% user + 9.1% kernel
05-21 14:13:11.496 E/ActivityManager( 1819):   1.9% 2093/sdcard: 0.1% user + 1.8% kernel / faults: 7 minor
05-21 14:13:11.496 E/ActivityManager( 1819):   1% 1320/servicemanager: 0.1% user + 0.9% kernel
05-21 14:13:11.496 E/ActivityManager( 1819):   0.7% 1267/logd: 0.1% user + 0.6% kernel / faults: 5 minor
05-21 14:13:11.496 E/ActivityManager( 1819):   0.6% 1255/kworker/0:1H: 0% user + 0.6% kernel
05-21 14:13:11.496 E/ActivityManager( 1819):   0.6% 2621/com.android.keychain: 0.3% user + 0.2% kernel / faults: 180 minor
05-21 14:13:11.496 E/ActivityManager( 1819):   0% 1328/cameraserver: 0% user + 0% kernel / faults: 1 minor
05-21 14:13:11.496 E/ActivityManager( 1819):   0.3% 3/ksoftirqd/0: 0% user + 0.3% kernel
05-21 14:13:11.496 E/ActivityManager( 1819):   0.3% 1265/jbd2/vdc-8: 0% user + 0.3% kernel
05-21 14:13:11.496 E/ActivityManager( 1819):   0.3% 2232/com.android.settings: 0% user + 0.3% kernel / faults: 12 minor 1 major
05-21 14:13:11.496 E/ActivityManager( 1819):   0.2% 1319/lmkd: 0% user + 0.2% kernel
05-21 14:13:11.496 E/ActivityManager( 1819):   0% 2136/sdcard: 0% user + 0% kernel / faults: 23 minor
05-21 14:13:11.496 E/ActivityManager( 1819):   0.2% 2223/com.android.phone: 0.1% user + 0.1% kernel
05-21 14:13:11.496 E/ActivityManager( 1819):   0.2% 2637/com.android.printspooler: 0% user + 0.2% kernel / faults: 115 minor
05-21 14:13:11.496 E/ActivityManager( 1819):   0.1% 12/ksoftirqd/1: 0% user + 0.1% kernel
05-21 14:13:11.496 E/ActivityManager( 1819):   0.1% 17/kworker/u4:1: 0% user + 0.1% kernel
05-21 14:13:11.496 E/ActivityManager( 1819):   0% 1316/healthd: 0% user + 0% kernel
05-21 14:13:11.496 E/ActivityManager( 1819):   0.1% 1352/logcat: 0.1% user + 0% kernel
05-21 14:13:11.496 E/ActivityManager( 1819):   0.1% 2456/com.android.deskclock: 0% user + 0.1% kernel / faults: 27 minor
05-21 14:13:11.496 E/ActivityManager( 1819): 96% TOTAL: 53% user + 40% kernel + 1.6% iowait + 1.3% softirq
05-21 14:13:11.496 E/ActivityManager( 1819): CPU usage from 254706ms to 254706ms ago (1970-01-01 00:00:00.000 to 1970-01-01 00:00:00.000) with 0% awake:
05-21 14:13:11.496 E/ActivityManager( 1819): 0% TOTAL: 0% user + 0% kernel
05-21 14:13:11.587 I/art     ( 2449): Wrote stack traces to '/data/anr/traces.txt'
05-21 14:13:11.956 W/ActivityManager( 1819): Slow operation: 55ms so far, now at startProcess: returned from zygote!
05-21 14:13:11.957 W/ActivityManager( 1819): Slow operation: 55ms so far, now at startProcess: done updating battery stats
05-21 14:13:11.957 W/ActivityManager( 1819): Slow operation: 56ms so far, now at startProcess: building log message
05-21 14:13:11.957 I/ActivityManager( 1819): Start proc 2695:android.process.acore/u0a1 for content provider com.android.providers.contacts/.ContactsProvider2
05-21 14:13:11.957 W/ActivityManager( 1819): Slow operation: 56ms so far, now at startProcess: starting to update pids map
05-21 14:13:11.957 W/ActivityManager( 1819): Slow operation: 56ms so far, now at startProcess: done updating pids map
05-21 14:13:11.957 W/ActivityManager( 1819): Slow operation: 57ms so far, now at startProcess: done starting proc!
05-21 14:13:11.957 W/ActivityManager( 1819): Slow operation: 59ms so far, now at getContentProviderImpl: after start process
05-21 14:13:11.958 W/ActivityManager( 1819): Slow operation: 60ms so far, now at getContentProviderImpl: updating data structures
05-21 14:13:11.958 W/ActivityManager( 1819): Slow operation: 60ms so far, now at getContentProviderImpl: done!
05-21 14:13:11.959 I/ActivityManager( 1819): Killing 2449:com.android.systemui/u0a21 (adj -800): bg anr
05-21 14:13:11.979 W/art     ( 2695): Unexpected CPU variant for X86 using defaults: x86_64
05-21 14:13:12.410 W/InputDispatcher( 1819): channel '1c55ae2 StatusBar (server)' ~ Consumer closed input channel or an error occurred.  events=0x9
05-21 14:13:12.411 E/InputDispatcher( 1819): channel '1c55ae2 StatusBar (server)' ~ Channel is unrecoverably broken and will be disposed!
05-21 14:13:12.412 W/InputDispatcher( 1819): channel 'f1134f2 DockedStackDivider (server)' ~ Consumer closed input channel or an error occurred.  events=0x9
05-21 14:13:12.412 E/InputDispatcher( 1819): channel 'f1134f2 DockedStackDivider (server)' ~ Channel is unrecoverably broken and will be disposed!
05-21 14:13:12.422 I/WindowManager( 1819): WIN DEATH: Window{1c55ae2 u0 StatusBar}
05-21 14:13:12.422 W/InputDispatcher( 1819): Attempted to unregister already unregistered input channel '1c55ae2 StatusBar (server)'
05-21 14:13:12.435 W/WallpaperManagerService( 1819): Wallpaper service gone: ComponentInfo{com.android.systemui/com.android.systemui.ImageWallpaper}
05-21 14:13:12.441 D/ConnectivityService( 1819): ConnectivityService NetworkRequestInfo binderDied(NetworkRequest [ LISTEN id=6, [] ], android.os.BinderProxy@962cecf)
05-21 14:13:12.448 I/ActivityManager( 1819): Process com.android.systemui (pid 2449) has died
05-21 14:13:12.449 D/ActivityManager( 1819): cleanUpApplicationRecord -- 2449
05-21 14:13:12.450 W/ActivityManager( 1819): Scheduling restart of crashed service com.android.systemui/.keyguard.KeyguardService in 0ms
05-21 14:13:12.450 W/ActivityManager( 1819): Scheduling restart of crashed service com.android.systemui/.SystemUIService in 0ms
05-21 14:13:12.451 W/ActivityManager( 1819): Scheduling restart of crashed service com.android.systemui/.ImageWallpaper in 0ms
05-21 14:13:12.456 W/AudioService( 1819): Current remote volume controller died, unregistering
05-21 14:13:12.458 W/VolumeController( 1819): Error calling dismiss
05-21 14:13:12.458 W/VolumeController( 1819): android.os.DeadObjectException
05-21 14:13:12.458 W/VolumeController( 1819): 	at android.os.BinderProxy.transactNative(Native Method)
05-21 14:13:12.458 W/VolumeController( 1819): 	at android.os.BinderProxy.transact(Binder.java:615)
05-21 14:13:12.458 W/VolumeController( 1819): 	at android.media.IVolumeController$Stub$Proxy.dismiss(IVolumeController.java:162)
05-21 14:13:12.458 W/VolumeController( 1819): 	at com.android.server.audio.AudioService$VolumeController.postDismiss(AudioService.java:6138)
05-21 14:13:12.458 W/VolumeController( 1819): 	at com.android.server.audio.AudioService.setVolumeController(AudioService.java:5986)
05-21 14:13:12.458 W/VolumeController( 1819): 	at com.android.server.audio.AudioService$4.binderDied(AudioService.java:5995)
05-21 14:13:12.458 W/VolumeController( 1819): 	at android.os.BinderProxy.sendDeathNotice(Binder.java:688)
05-21 14:13:12.467 V/KeyguardServiceDelegate( 1819): *** Keyguard disconnected (boo!)
05-21 14:13:12.475 W/ActivityManager( 1819): Re-adding persistent process ProcessRecord{c772ea5 2449:com.android.systemui/u0a21}
05-21 14:13:12.500 E/ConnectivityService( 1819): RemoteException caught trying to send a callback msg for NetworkRequest [ LISTEN id=6, [] ]
05-21 14:13:12.521 W/System  ( 2695): ClassLoader referenced unknown path: /system/priv-app/ContactsProvider/lib/x86_64
05-21 14:13:12.537 I/WindowManager( 1819): WIN DEATH: Window{f1134f2 u0 DockedStackDivider}
05-21 14:13:12.537 W/InputDispatcher( 1819): Attempted to unregister already unregistered input channel 'f1134f2 DockedStackDivider (server)'
05-21 14:13:12.554 W/ActivityManager( 1819): Slow operation: 79ms so far, now at startProcess: returned from zygote!
05-21 14:13:12.554 W/ActivityManager( 1819): Slow operation: 79ms so far, now at startProcess: done updating battery stats
05-21 14:13:12.555 W/ActivityManager( 1819): Slow operation: 80ms so far, now at startProcess: building log message
05-21 14:13:12.555 I/ActivityManager( 1819): Start proc 2710:com.android.systemui/u0a21 for restart com.android.systemui
05-21 14:13:12.555 W/ActivityManager( 1819): Slow operation: 80ms so far, now at startProcess: starting to update pids map
05-21 14:13:12.555 W/ActivityManager( 1819): Slow operation: 80ms so far, now at startProcess: done updating pids map
05-21 14:13:12.562 W/art     ( 2710): Unexpected CPU variant for X86 using defaults: x86_64
05-21 14:13:12.654 W/art     ( 1819): Long monitor contention with owner Binder:1819_7 (2270) at void com.android.server.am.ActivityManagerService$AppDeathRecipient.binderDied()(ActivityManagerService.java:1475) waiters=0 in void com.android.server.am.ActiveServices$ServiceRestarter.run() for 200ms
05-21 14:13:12.658 W/BroadcastQueue( 1819): Failure sending broadcast Intent { act=android.intent.action.BOOT_COMPLETED flg=0x9000010 (has extras) }
05-21 14:13:12.658 W/BroadcastQueue( 1819): android.os.RemoteException: app.thread must not be null
05-21 14:13:12.658 W/BroadcastQueue( 1819): 	at com.android.server.am.BroadcastQueue.performReceiveLocked(BroadcastQueue.java:492)
05-21 14:13:12.658 W/BroadcastQueue( 1819): 	at com.android.server.am.BroadcastQueue.deliverToRegisteredReceiverLocked(BroadcastQueue.java:666)
05-21 14:13:12.658 W/BroadcastQueue( 1819): 	at com.android.server.am.BroadcastQueue.processNextBroadcast(BroadcastQueue.java:951)
05-21 14:13:12.658 W/BroadcastQueue( 1819): 	at com.android.server.am.BroadcastQueue$BroadcastHandler.handleMessage(BroadcastQueue.java:172)
05-21 14:13:12.658 W/BroadcastQueue( 1819): 	at android.os.Handler.dispatchMessage(Handler.java:102)
05-21 14:13:12.658 W/BroadcastQueue( 1819): 	at android.os.Looper.loop(Looper.java:154)
05-21 14:13:12.658 W/BroadcastQueue( 1819): 	at android.os.HandlerThread.run(HandlerThread.java:61)
05-21 14:13:12.658 W/BroadcastQueue( 1819): 	at com.android.server.ServiceThread.run(ServiceThread.java:46)
05-21 14:13:12.772 W/art     ( 1819): Long monitor contention with owner Binder:1819_B (2448) at void com.android.server.wm.WindowState$DeathRecipient.binderDied()(WindowState.java:1806) waiters=2 in void com.android.server.wm.WindowManagerService$H.handleMessage(android.os.Message) for 291ms
05-21 14:13:12.835 I/RecoverySystem( 1819): No recovery log file
05-21 14:13:12.850 W/ActivityManager( 1819): Slow operation: 165ms so far, now at startProcess: returned from zygote!
05-21 14:13:12.850 W/ActivityManager( 1819): Slow operation: 165ms so far, now at startProcess: done updating battery stats
05-21 14:13:12.851 W/ActivityManager( 1819): Slow operation: 166ms so far, now at startProcess: building log message
05-21 14:13:12.851 I/ActivityManager( 1819): Start proc 2725:com.android.dialer/u0a8 for broadcast com.android.dialer/.calllog.CallLogReceiver
05-21 14:13:12.851 W/ActivityManager( 1819): Slow operation: 166ms so far, now at startProcess: starting to update pids map
05-21 14:13:12.851 W/ActivityManager( 1819): Slow operation: 166ms so far, now at startProcess: done updating pids map
05-21 14:13:12.851 W/ActivityManager( 1819): Slow operation: 166ms so far, now at startProcess: done starting proc!
05-21 14:13:12.889 W/art     ( 2725): Unexpected CPU variant for X86 using defaults: x86_64
05-21 14:13:13.346 I/BootReceiver( 1819): Copying audit failures to DropBox
05-21 14:13:13.346 I/BootReceiver( 1819): Checking for fsck errors
05-21 14:13:13.362 W/art     ( 1819): Long monitor contention with owner Binder:1819_A (2445) at void com.android.server.am.ActivityManagerService.attachApplication(android.app.IApplicationThread)(ActivityManagerService.java:6669) waiters=0 in void com.android.server.am.ActivityManagerService.dispatchUidsChanged() for 409ms
05-21 14:13:13.395 W/libprocessgroup( 1819): failed to open /acct/uid_10021/pid_2449/cgroup.procs: No such file or directory
05-21 14:13:13.509 W/System  ( 2710): ClassLoader referenced unknown path: /system/priv-app/SystemUI/lib/x86_64
05-21 14:13:13.709 V/SystemUIService( 2710): Starting SystemUI services for user 0.
05-21 14:13:13.873 V/MediaRouter( 2710): Adding route: RouteInfo{ name=Phone, description=null, status=null, category=RouteCategory{ name=null types=ROUTE_TYPE_LIVE_AUDIO ROUTE_TYPE_LIVE_VIDEO  groupable=false }, supportedTypes=ROUTE_TYPE_LIVE_AUDIO ROUTE_TYPE_LIVE_VIDEO , presentationDisplay=null }
05-21 14:13:13.894 I/art     ( 2555): Background sticky concurrent mark sweep GC freed 19943(1932KB) AllocSpace objects, 9(204KB) LOS objects, 23% free, 7MB/10MB, paused 479us total 140.022ms
05-21 14:13:13.923 V/MediaRouter( 2710): Updating audio routes: AudioRoutesInfo{ type=SPEAKER }
05-21 14:13:13.974 V/MediaRouter( 2710): Selecting route: RouteInfo{ name=Phone, description=null, status=null, category=RouteCategory{ name=null types=ROUTE_TYPE_LIVE_AUDIO ROUTE_TYPE_LIVE_VIDEO  groupable=false }, supportedTypes=ROUTE_TYPE_LIVE_AUDIO ROUTE_TYPE_LIVE_VIDEO , presentationDisplay=null }
05-21 14:13:14.145 D/TrustManagerService( 1819): Removing dead TrustListener.
05-21 14:13:14.149 W/System  ( 2725): ClassLoader referenced unknown path: /system/priv-app/Dialer/lib/x86_64
05-21 14:13:14.257 E/WVMExtractor( 2710): Failed to open libwvm.so: dlopen failed: library "libwvm.so" not found
05-21 14:13:14.365 I/MediaPlayerService( 1336): MediaPlayerService::getOMX
05-21 14:13:14.377 I/OMXClient( 2710): MuxOMX ctor
05-21 14:13:14.406 I/OMXMaster( 1332): makeComponentInstance(OMX.google.vorbis.decoder) in mediacodec process
05-21 14:13:14.921 I/vol.Events( 2710): writeEvent collection_started
05-21 14:13:14.980 I/vol.Events( 2710): writeEvent external_ringer_mode_changed normal
05-21 14:13:14.981 I/vol.Events( 2710): writeEvent internal_ringer_mode_changed normal
05-21 14:13:15.118 I/MediaPlayerService( 1336): MediaPlayerService::getOMX
05-21 14:13:15.126 I/OMXClient( 2710): MuxOMX ctor
05-21 14:13:15.129 I/OMXMaster( 1332): makeComponentInstance(OMX.google.vorbis.decoder) in mediacodec process
05-21 14:13:15.571 I/ContactsPerf( 2695): VoicemailContentProvider.onCreate start
05-21 14:13:15.626 I/ContactsPerf( 2695): VoicemailContentProvider.onCreate finish
05-21 14:13:15.666 W/System  ( 2695): ClassLoader referenced unknown path: /system/priv-app/BlockedNumberProvider/lib/x86_64
05-21 14:13:15.675 D/ApplicationLoaders( 2695): ignored Vulkan layer search path /system/priv-app/BlockedNumberProvider/lib/x86_64:/system/lib64:/vendor/lib64 for namespace 0x7ad2d51090f0
05-21 14:13:15.800 I/vol.Events( 2710): writeEvent level_changed STREAM_ALARM 6
05-21 14:13:15.810 I/vol.Events( 2710): writeEvent level_changed STREAM_BLUETOOTH_SCO 7
05-21 14:13:15.841 I/vol.Events( 2710): writeEvent level_changed STREAM_MUSIC 11
05-21 14:13:15.872 I/vol.Events( 2710): writeEvent level_changed STREAM_RING 5
05-21 14:13:15.883 I/vol.Events( 2710): writeEvent level_changed STREAM_SYSTEM 5
05-21 14:13:15.922 I/vol.Events( 2710): writeEvent level_changed STREAM_VOICE_CALL 4
05-21 14:13:16.046 W/System  ( 2695): ClassLoader referenced unknown path: /system/app/UserDictionaryProvider/lib/x86_64
05-21 14:13:16.049 D/ApplicationLoaders( 2695): ignored Vulkan layer search path /system/app/UserDictionaryProvider/lib/x86_64:/system/lib64:/vendor/lib64 for namespace 0x7ad2d5109160
05-21 14:13:16.065 I/MediaPlayerService( 1336): MediaPlayerService::getOMX
05-21 14:13:16.067 I/OMXClient( 2710): MuxOMX ctor
05-21 14:13:16.075 I/OMXMaster( 1332): makeComponentInstance(OMX.google.vorbis.decoder) in mediacodec process
05-21 14:13:16.179 D/StorageNotification( 2710): Notifying about private volume: VolumeInfo{private}:
05-21 14:13:16.179 D/StorageNotification( 2710):     type=PRIVATE diskId=null partGuid=null mountFlags=0 mountUserId=-1 
05-21 14:13:16.179 D/StorageNotification( 2710):     state=MOUNTED 
05-21 14:13:16.179 D/StorageNotification( 2710):     fsType=null fsUuid=null fsLabel=null 
05-21 14:13:16.179 D/StorageNotification( 2710):     path=/data internalPath=null 
05-21 14:13:16.182 D/StorageNotification( 2710): Notifying about public volume: VolumeInfo{public:253,48}:
05-21 14:13:16.182 D/StorageNotification( 2710):     type=PUBLIC diskId=disk:253,48 partGuid=null mountFlags=VISIBLE 
05-21 14:13:16.182 D/StorageNotification( 2710):     mountUserId=0 state=MOUNTED 
05-21 14:13:16.182 D/StorageNotification( 2710):     fsType=vfat fsUuid=1EFF-1C1B fsLabel=SDCARD 
05-21 14:13:16.182 D/StorageNotification( 2710):     path=/storage/1EFF-1C1B internalPath=/mnt/media_rw/1EFF-1C1B 
05-21 14:13:16.489 V/KeyguardServiceDelegate( 1819): *** Keyguard connected (yay!)
05-21 14:13:16.525 I/art     ( 1819): Background partial concurrent mark sweep GC freed 21049(1748KB) AllocSpace objects, 20(2MB) LOS objects, 29% free, 9MB/13MB, paused 11.321ms total 287.914ms
05-21 14:13:16.693 D/ExtensionsFactory( 2725): No custom extensions.
05-21 14:13:16.758 I/Choreographer( 2710): Skipped 37 frames!  The application may be doing too much work on its main thread.
05-21 14:13:16.824 D/BlockedNumbersAuto( 2725): Not attempting auto-migrate: already checked once.
05-21 14:13:17.041 D/CarrierConfigLoader( 2223): mHandler: 13 phoneId: 0
05-21 14:13:17.042 D/CarrierConfigLoader( 2223): mHandler: 7 phoneId: 0
