05-13 16:26:36.178 E/ActivityManager( 1663):   0% 673/kworker/1:1: 0% user + 0% kernel
05-13 16:26:36.178 E/ActivityManager( 1663):   0% 809/kworker/0:2: 0% user + 0% kernel
05-13 16:26:36.178 E/ActivityManager( 1663):   0% 1328/cameraserver: 0% user + 0% kernel / faults: 22 minor
05-13 16:26:36.178 E/ActivityManager( 1663):   0% 1331/keystore: 0% user + 0% kernel
05-13 16:26:36.178 E/ActivityManager( 1663):  +0% 2308/sh: 0% user + 0% kernel
05-13 16:26:36.178 E/ActivityManager( 1663): 100% TOTAL: 29% user + 69% kernel + 1% softirq
05-13 16:26:36.178 E/ActivityManager( 1663): CPU usage from 173929ms to 173929ms ago (1970-01-01 00:00:00.000 to 1970-01-01 00:00:00.000) with 0% awake:
05-13 16:26:36.178 E/ActivityManager( 1663): 0% TOTAL: 0% user + 0% kernel
05-13 16:26:36.301 I/ActivityManager( 1663): Killing 1959:com.android.systemui/u0a21 (adj -800): bg anr
05-13 16:26:37.047 W/WindowManager( 1663): Keyguard drawn timeout. Setting mKeyguardDrawComplete
05-13 16:26:37.183 I/Choreographer( 1663): Skipped 72 frames!  The application may be doing too much work on its main thread.
05-13 16:26:37.676 E/JavaBinder( 1663): !!! FAILED BINDER TRANSACTION !!!  (parcel size = 96)
05-13 16:26:37.701 E/JavaBinder( 1663): !!! FAILED BINDER TRANSACTION !!!  (parcel size = 96)
05-13 16:26:37.702 E/JavaBinder( 1663): !!! FAILED BINDER TRANSACTION !!!  (parcel size = 96)
05-13 16:26:37.703 E/JavaBinder( 1663): !!! FAILED BINDER TRANSACTION !!!  (parcel size = 96)
05-13 16:26:37.704 E/JavaBinder( 1663): !!! FAILED BINDER TRANSACTION !!!  (parcel size = 96)
05-13 16:26:37.943 E/JavaBinder( 1663): !!! FAILED BINDER TRANSACTION !!!  (parcel size = 96)
05-13 16:26:37.964 E/JavaBinder( 1663): !!! FAILED BINDER TRANSACTION !!!  (parcel size = 96)
05-13 16:26:38.015 E/JavaBinder( 1663): !!! FAILED BINDER TRANSACTION !!!  (parcel size = 96)
05-13 16:26:38.018 E/JavaBinder( 1663): !!! FAILED BINDER TRANSACTION !!!  (parcel size = 84)
05-13 16:26:38.032 E/JavaBinder( 1663): !!! FAILED BINDER TRANSACTION !!!  (parcel size = 96)
05-13 16:26:38.318 W/SystemConfig( 2146): No directory /system/etc/sysconfig, skipping
05-13 16:26:39.396 D/PhoneSwitcherNetworkRequstListener( 2146): Registering NetworkFactory
05-13 16:26:39.431 D/ConnectivityService( 1663): Got NetworkFactory Messenger for PhoneSwitcherNetworkRequstListener
05-13 16:26:39.571 D/ConnectivityService( 1663): Got NetworkFactory Messenger for TelephonyNetworkFactory[0]
05-13 16:26:39.639 D/CarrierConfigLoader( 2146): CarrierConfigLoader has started
05-13 16:26:39.655 E/BluetoothAdapter( 2146): Bluetooth binder is null
05-13 16:26:39.804 E/ActivityThread( 2146): Failed to find provider info for com.android.contacts
05-13 16:26:39.804 W/CallerInfoCache( 2146): cursor is null
05-13 16:26:40.068 I/Telephony( 2146): TtyManager: updateUiTtyMode -1 -> 0
05-13 16:26:40.408 W/art     ( 1663): Suspending all threads took: 315.294ms
05-13 16:26:40.509 I/art     ( 1663): Background sticky concurrent mark sweep GC freed 31949(2MB) AllocSpace objects, 18(2MB) LOS objects, 20% free, 11MB/14MB, paused 339.225ms total 6.140s
05-13 16:26:40.529 E/ActivityThread( 1663): Failed to find provider info for com.android.calendar
05-13 16:26:41.171 W/art     ( 1663): Long monitor contention with owner ConditionProviders.ECP (1930) at android.app.IActivityManager$ContentProviderHolder com.android.server.am.ActivityManagerService.getContentProviderImpl(android.app.IApplicationThread, java.lang.String, android.os.IBinder, boolean, int)(ActivityManagerService.java:10666) waiters=0 in android.content.Intent com.android.server.am.ActivityManagerService.registerReceiver(android.app.IApplicationThread, java.lang.String, android.content.IIntentReceiver, android.content.IntentFilter, java.lang.String, int) for 588ms
05-13 16:26:41.709 D/AlarmManagerService( 1663): Kernel timezone updated to 0 minutes west of GMT
05-13 16:26:41.759 D/AlarmManagerService( 1663): Setting time of day to sec=1620923202
05-13 16:26:42.269 E/ActivityThread( 1663): Failed to find provider info for com.android.calendar
05-13 16:26:42.273 W/AlarmManagerService( 1663): Unable to set rtc to 1620923202: No such device
05-13 16:26:42.770 E/JavaBinder( 1663): !!! FAILED BINDER TRANSACTION !!!  (parcel size = 76)
05-13 16:26:42.786 W/ActivityManager( 1663): Failed to update preferences for: com.android.systemui
05-13 16:26:42.787 E/JavaBinder( 1663): !!! FAILED BINDER TRANSACTION !!!  (parcel size = 236)
05-13 16:26:42.788 W/BroadcastQueue( 1663): Can't deliver broadcast to com.android.systemui (pid 1959). Crashing it.
05-13 16:26:42.789 E/JavaBinder( 1663): !!! FAILED BINDER TRANSACTION !!!  (parcel size = 124)
05-13 16:26:42.789 I/ActivityManager( 1663): Killing 1959:com.android.systemui/u0a21 (adj -800): scheduleCrash for 'can't deliver broadcast' failed
05-13 16:26:42.861 W/BroadcastQueue( 1663): Failure sending broadcast Intent { act=android.intent.action.TIME_SET flg=0x24000010 }
05-13 16:26:42.861 W/BroadcastQueue( 1663): android.os.DeadObjectException: Transaction failed on small parcel; remote process probably died
05-13 16:26:42.861 W/BroadcastQueue( 1663): 	at android.os.BinderProxy.transactNative(Native Method)
05-13 16:26:42.861 W/BroadcastQueue( 1663): 	at android.os.BinderProxy.transact(Binder.java:615)
05-13 16:26:42.861 W/BroadcastQueue( 1663): 	at android.app.ApplicationThreadProxy.scheduleRegisteredReceiver(ApplicationThreadNative.java:1201)
05-13 16:26:42.861 W/BroadcastQueue( 1663): 	at com.android.server.am.BroadcastQueue.performReceiveLocked(BroadcastQueue.java:474)
05-13 16:26:42.861 W/BroadcastQueue( 1663): 	at com.android.server.am.BroadcastQueue.deliverToRegisteredReceiverLocked(BroadcastQueue.java:666)
05-13 16:26:42.861 W/BroadcastQueue( 1663): 	at com.android.server.am.BroadcastQueue.processNextBroadcast(BroadcastQueue.java:787)
05-13 16:26:42.861 W/BroadcastQueue( 1663): 	at com.android.server.am.BroadcastQueue$BroadcastHandler.handleMessage(BroadcastQueue.java:172)
05-13 16:26:42.861 W/BroadcastQueue( 1663): 	at android.os.Handler.dispatchMessage(Handler.java:102)
05-13 16:26:42.861 W/BroadcastQueue( 1663): 	at android.os.Looper.loop(Looper.java:154)
05-13 16:26:42.861 W/BroadcastQueue( 1663): 	at android.os.HandlerThread.run(HandlerThread.java:61)
05-13 16:26:42.861 W/BroadcastQueue( 1663): 	at com.android.server.ServiceThread.run(ServiceThread.java:46)
05-13 16:26:42.865 D/ConditionProviders.SCP( 1663): onReceive android.intent.action.TIME_SET
05-13 16:26:42.869 D/ConditionProviders.SCP( 1663): notifyCondition condition://android/schedule?days=6.7&start=23.30&end=10.0&exitAtAlarm=false STATE_FALSE reason=!meetsSchedule
05-13 16:26:42.885 D/ConditionProviders.SCP( 1663): notifyCondition condition://android/schedule?days=1.2.3.4.5&start=22.0&end=7.0&exitAtAlarm=false STATE_FALSE reason=!meetsSchedule
05-13 16:26:42.894 D/ConditionProviders.SCP( 1663): Scheduling evaluate for Thu May 13 22:00:00 UTC 2021 (1620943200000), in +5h33m17s134ms, now=Thu May 13 16:26:42 UTC 2021 (1620923202866)
05-13 16:26:43.377 E/ActivityThread( 1663): Failed to find provider info for com.android.calendar
05-13 16:26:43.378 E/ActivityThread( 1663): Failed to find provider info for com.android.calendar
05-13 16:26:45.601 D/PhoneSwitcherNetworkRequstListener( 2146): got request NetworkRequest [ REQUEST id=1, [ Capabilities: INTERNET&NOT_RESTRICTED&TRUSTED&NOT_VPN] ] with score 0
05-13 16:26:45.801 D/TelephonyDebugService( 2146): TelephonyDebugService()
05-13 16:26:45.901 D/CarrierConfigLoader( 2146): mHandler: 12 phoneId: 0
05-13 16:26:46.148 I/WindowManager( 1663): WIN DEATH: Window{c4ce354 u0 DockedStackDivider}
05-13 16:26:46.151 W/AudioService( 1663): Current remote volume controller died, unregistering
05-13 16:26:46.208 W/WallpaperManagerService( 1663): Wallpaper service gone: ComponentInfo{com.android.systemui/com.android.systemui.ImageWallpaper}
05-13 16:26:46.251 I/ActivityManager( 1663): Process com.android.systemui (pid 1959) has died
05-13 16:26:46.251 D/ActivityManager( 1663): cleanUpApplicationRecord -- 1959
05-13 16:26:46.278 W/ActivityManager( 1663): Scheduling restart of crashed service com.android.systemui/.keyguard.KeyguardService in 0ms
05-13 16:26:46.279 W/ActivityManager( 1663): Scheduling restart of crashed service com.android.systemui/.ImageWallpaper in 0ms
05-13 16:26:46.279 W/ActivityManager( 1663): Scheduling restart of crashed service com.android.systemui/.SystemUIService in 0ms
05-13 16:26:46.309 W/ActivityManager( 1663): Re-adding persistent process ProcessRecord{e823485 1959:com.android.systemui/u0a21}
05-13 16:26:46.646 W/VolumeController( 1663): Error calling dismiss
05-13 16:26:46.646 W/VolumeController( 1663): android.os.DeadObjectException
05-13 16:26:46.646 W/VolumeController( 1663): 	at android.os.BinderProxy.transactNative(Native Method)
05-13 16:26:46.646 W/VolumeController( 1663): 	at android.os.BinderProxy.transact(Binder.java:615)
05-13 16:26:46.646 W/VolumeController( 1663): 	at android.media.IVolumeController$Stub$Proxy.dismiss(IVolumeController.java:162)
05-13 16:26:46.646 W/VolumeController( 1663): 	at com.android.server.audio.AudioService$VolumeController.postDismiss(AudioService.java:6138)
05-13 16:26:46.646 W/VolumeController( 1663): 	at com.android.server.audio.AudioService.setVolumeController(AudioService.java:5986)
05-13 16:26:46.646 W/VolumeController( 1663): 	at com.android.server.audio.AudioService$4.binderDied(AudioService.java:5995)
05-13 16:26:46.646 W/VolumeController( 1663): 	at android.os.BinderProxy.sendDeathNotice(Binder.java:688)
05-13 16:26:46.668 W/art     ( 1663): Long monitor contention with owner Binder:1663_2 (1687) at void com.android.server.wm.WindowState$DeathRecipient.binderDied()(WindowState.java:1806) waiters=0 in void com.android.server.wm.WindowManagerService$H.handleMessage(android.os.Message) for 222ms
05-13 16:26:46.836 W/ActivityManager( 1663): Slow operation: 526ms so far, now at startProcess: returned from zygote!
05-13 16:26:46.836 W/ActivityManager( 1663): Slow operation: 527ms so far, now at startProcess: done updating battery stats
05-13 16:26:46.837 W/ActivityManager( 1663): Slow operation: 527ms so far, now at startProcess: building log message
05-13 16:26:46.837 I/ActivityManager( 1663): Start proc 2361:com.android.systemui/u0a21 for restart com.android.systemui
05-13 16:26:46.837 W/ActivityManager( 1663): Slow operation: 528ms so far, now at startProcess: starting to update pids map
05-13 16:26:46.837 W/ActivityManager( 1663): Slow operation: 528ms so far, now at startProcess: done updating pids map
05-13 16:26:46.949 W/art     ( 1663): Long monitor contention with owner Binder:1663_1 (1686) at void com.android.server.am.ActivityManagerService$AppDeathRecipient.binderDied()(ActivityManagerService.java:1475) waiters=0 in void com.android.server.am.ActiveServices$ServiceRestarter.run() for 678ms
05-13 16:26:46.951 W/art     ( 1663): Long monitor contention with owner Binder:1663_1 (1686) at void com.android.server.am.ActivityManagerService$AppDeathRecipient.binderDied()(ActivityManagerService.java:1475) waiters=1 in void com.android.server.am.ActivityManagerService.dispatchUidsChanged() for 643ms
05-13 16:26:46.967 W/art     ( 2315): Suspending all threads took: 3.311s
05-13 16:26:47.288 W/art     ( 2361): Unexpected CPU variant for X86 using defaults: x86_64
05-13 16:26:47.878 I/SyncManager( 1663): Got SyncJobService instance.
05-13 16:26:47.953 I/FusedLocation( 1663): engine started (com.android.location.fused)
05-13 16:26:48.337 W/libprocessgroup( 1663): failed to open /acct/uid_10021/pid_1959/cgroup.procs: No such file or directory
05-13 16:26:48.337 W/libprocessgroup( 1663): failed to open /acct/uid_10021/pid_1959/cgroup.procs: No such file or directory
05-13 16:26:49.339 W/System  ( 2361): ClassLoader referenced unknown path: /system/priv-app/SystemUI/lib/x86_64
05-13 16:26:50.469 W/System  ( 2315): ClassLoader referenced unknown path: /system/priv-app/CellBroadcastReceiver/lib/x86_64
05-13 16:26:50.940 V/SystemUIService( 2361): Starting SystemUI services for user 0.
05-13 16:26:51.213 W/WallpaperManagerService( 1663): Wallpaper reconnect timed out, reverting to built-in wallpaper!
05-13 16:26:51.424 V/MediaRouter( 2361): Adding route: RouteInfo{ name=Phone, description=null, status=null, category=RouteCategory{ name=null types=ROUTE_TYPE_LIVE_AUDIO ROUTE_TYPE_LIVE_VIDEO  groupable=false }, supportedTypes=ROUTE_TYPE_LIVE_AUDIO ROUTE_TYPE_LIVE_VIDEO , presentationDisplay=null }
05-13 16:26:51.557 V/MediaRouter( 2361): Updating audio routes: AudioRoutesInfo{ type=SPEAKER }
05-13 16:26:51.647 V/MediaRouter( 2361): Selecting route: RouteInfo{ name=Phone, description=null, status=null, category=RouteCategory{ name=null types=ROUTE_TYPE_LIVE_AUDIO ROUTE_TYPE_LIVE_VIDEO  groupable=false }, supportedTypes=ROUTE_TYPE_LIVE_AUDIO ROUTE_TYPE_LIVE_VIDEO , presentationDisplay=null }
05-13 16:26:52.449 D/TrustManagerService( 1663): Removing dead TrustListener.
05-13 16:26:52.981 E/WVMExtractor( 2361): Failed to open libwvm.so: dlopen failed: library "libwvm.so" not found
05-13 16:26:54.480 I/MediaPlayerService( 1338): MediaPlayerService::getOMX
05-13 16:26:54.488 I/OMXClient( 2361): MuxOMX ctor
05-13 16:26:54.528 I/OMXMaster( 1332): makeComponentInstance(OMX.google.vorbis.decoder) in mediacodec process
05-13 16:26:54.809 W/art     ( 2392): Unexpected CPU variant for X86 using defaults: x86_64
05-13 16:26:54.920 W/ActivityManager( 1663): Slow operation: 387ms so far, now at startProcess: returned from zygote!
05-13 16:26:54.920 W/ActivityManager( 1663): Slow operation: 387ms so far, now at startProcess: done updating battery stats
05-13 16:26:54.920 W/ActivityManager( 1663): Slow operation: 387ms so far, now at startProcess: building log message
05-13 16:26:54.921 I/ActivityManager( 1663): Start proc 2392:com.android.deskclock/u0a31 for broadcast com.android.deskclock/.AlarmInitReceiver
05-13 16:26:54.921 W/ActivityManager( 1663): Slow operation: 388ms so far, now at startProcess: starting to update pids map
05-13 16:26:54.921 W/ActivityManager( 1663): Slow operation: 388ms so far, now at startProcess: done updating pids map
05-13 16:26:54.921 W/ActivityManager( 1663): Slow operation: 400ms so far, now at startProcess: done starting proc!
05-13 16:26:54.942 W/art     ( 1663): Long monitor contention with owner Binder:1663_5 (2179) at void com.android.server.am.BroadcastQueue.processNextBroadcast(boolean)(BroadcastQueue.java:760) waiters=0 in void com.android.server.am.ActivityManagerService.dispatchUidsChanged() for 387ms
05-13 16:26:54.963 W/art     ( 1663): Long monitor contention with owner Binder:1663_5 (2179) at void com.android.server.am.BroadcastQueue.processNextBroadcast(boolean)(BroadcastQueue.java:760) waiters=1 in android.content.Intent com.android.server.am.ActivityManagerService.registerReceiver(android.app.IApplicationThread, java.lang.String, android.content.IIntentReceiver, android.content.IntentFilter, java.lang.String, int) for 408ms
05-13 16:26:57.278 I/MediaPlayerService( 1338): MediaPlayerService::getOMX
05-13 16:26:57.281 I/OMXClient( 2361): MuxOMX ctor
05-13 16:26:57.296 I/OMXMaster( 1332): makeComponentInstance(OMX.google.vorbis.decoder) in mediacodec process
05-13 16:26:57.477 W/System  ( 2392): ClassLoader referenced unknown path: /system/app/DeskClock/lib/x86_64
05-13 16:26:59.617 I/vol.Events( 2361): writeEvent collection_started
05-13 16:26:59.763 I/vol.Events( 2361): writeEvent external_ringer_mode_changed normal
05-13 16:26:59.764 I/vol.Events( 2361): writeEvent internal_ringer_mode_changed normal
05-13 16:27:00.382 I/MediaPlayerService( 1338): MediaPlayerService::getOMX
05-13 16:27:00.384 I/OMXClient( 2361): MuxOMX ctor
05-13 16:27:00.389 I/OMXMaster( 1332): makeComponentInstance(OMX.google.vorbis.decoder) in mediacodec process
05-13 16:27:00.853 W/art     ( 2392): Suspending all threads took: 252.516ms
05-13 16:27:04.121 I/vol.Events( 2361): writeEvent level_changed STREAM_ALARM 6
05-13 16:27:04.129 I/vol.Events( 2361): writeEvent level_changed STREAM_BLUETOOTH_SCO 7
05-13 16:27:04.291 I/vol.Events( 2361): writeEvent level_changed STREAM_MUSIC 11
05-13 16:27:04.450 I/vol.Events( 2361): writeEvent level_changed STREAM_RING 5
05-13 16:27:04.561 I/vol.Events( 2361): writeEvent level_changed STREAM_SYSTEM 5
05-13 16:27:04.619 I/vol.Events( 2361): writeEvent level_changed STREAM_VOICE_CALL 4
05-13 16:27:05.113 W/WindowManager( 1663): ***** BOOT TIMEOUT: forcing display enabled
05-13 16:27:05.117 I/SurfaceFlinger( 1322): Boot is finished (191942 ms)
05-13 16:27:05.226 I/SystemServiceManager( 1663): Starting phase 1000
05-13 16:27:05.521 W/art     ( 2434): Unexpected CPU variant for X86 using defaults: x86_64
05-13 16:27:05.530 W/ActivityManager( 1663): Slow operation: 206ms so far, now at startProcess: returned from zygote!
05-13 16:27:05.531 W/ActivityManager( 1663): Slow operation: 207ms so far, now at startProcess: done updating battery stats
05-13 16:27:05.531 W/ActivityManager( 1663): Slow operation: 207ms so far, now at startProcess: building log message
05-13 16:27:05.531 I/ActivityManager( 1663): Start proc 2434:android.ext.services/u0a12 for on-hold
05-13 16:27:05.531 W/ActivityManager( 1663): Slow operation: 207ms so far, now at startProcess: starting to update pids map
05-13 16:27:05.531 W/ActivityManager( 1663): Slow operation: 207ms so far, now at startProcess: done updating pids map
05-13 16:27:05.600 D/ActivityManager( 1663): Finishing user boot 0
05-13 16:27:05.620 D/CryptdConnector( 1663): SND -> {3 cryptfs prepare_user_storage ! 0 0 2}
05-13 16:27:05.657 D/vold    ( 1277): e4crypt_prepare_user_storage for volume null, user 0, serial 0, flags 2
05-13 16:27:05.658 D/vold    ( 1277): Preparing: /data/system_ce/0
05-13 16:27:05.659 D/vold    ( 1277): Preparing: /data/misc_ce/0
05-13 16:27:05.659 D/vold    ( 1277): Preparing: /data/media/0
05-13 16:27:05.659 D/vold    ( 1277): Preparing: /data/data
05-13 16:27:05.661 D/CryptdConnector( 1663): RCV <- {200 3 Command succeeded}
05-13 16:27:05.681 V/UserManagerService( 1663): Found /data/user/0 with serial number 0
05-13 16:27:05.681 V/UserManagerService( 1663): Found /data/system_ce/0 with serial number 0
05-13 16:27:05.684 V/PackageManager( 1663): reconcileAppsData for null u0 0x2
05-13 16:27:09.398 E/NetdConnector( 1663): NDC Command {18 firewall disable_chain standby} took too long (3844ms)
05-13 16:27:09.679 V/PackageManager( 1663): reconcileAppsData finished 82 packages
05-13 16:27:09.741 W/art     ( 1663): Long monitor contention with owner android.display (1716) at void com.android.server.am.ActivityManagerService.finishBooting()(ActivityManagerService.java:6823) waiters=0 in java.lang.String com.android.server.am.ActivityManagerService.checkContentProviderAccess(java.lang.String, int) for 4.189s
05-13 16:27:09.756 W/art     ( 1663): Long monitor contention with owner android.display (1716) at void com.android.server.am.ActivityManagerService.finishBooting()(ActivityManagerService.java:6823) waiters=1 in int com.android.server.am.PendingIntentRecord.sendInner(int, android.content.Intent, java.lang.String, android.content.IIntentReceiver, java.lang.String, android.os.IBinder, java.lang.String, int, int, int, android.os.Bundle, android.app.IActivityContainer) for 4.239s
05-13 16:27:09.761 W/art     ( 1663): Long monitor contention with owner android.display (1716) at void com.android.server.am.ActivityManagerService.finishBooting()(ActivityManagerService.java:6823) waiters=2 in void com.android.server.am.BroadcastQueue.processNextBroadcast(boolean) for 4.147s
05-13 16:27:09.766 W/art     ( 1663): Long monitor contention with owner android.display (1716) at void com.android.server.am.ActivityManagerService.finishBooting()(ActivityManagerService.java:6823) waiters=3 in void com.android.server.am.ActivityManagerService.attachApplication(android.app.IApplicationThread) for 3.849s
05-13 16:27:10.003 W/art     ( 1663): Long monitor contention with owner android.display (1716) at void com.android.server.am.ActivityManagerService.finishBooting()(ActivityManagerService.java:6823) waiters=4 in android.content.Intent com.android.server.am.ActivityManagerService.registerReceiver(android.app.IApplicationThread, java.lang.String, android.content.IIntentReceiver, android.content.IntentFilter, java.lang.String, int) for 3.342s
05-13 16:27:10.005 W/art     ( 1663): Long monitor contention with owner Binder:1663_1 (1686) at void com.android.server.am.ActivityManagerService.attachApplication(android.app.IApplicationThread)(ActivityManagerService.java:6669) waiters=1 in void com.android.server.am.ActiveServices.serviceTimeout(com.android.server.am.ProcessRecord) for 224ms
05-13 16:27:10.005 W/ActivityManager( 1663): Timeout executing service: ServiceRecord{d91414f u0 com.android.systemui/.keyguard.KeyguardService}
05-13 16:27:10.470 I/Process ( 1663): Sending signal. PID: 2361 SIG: 3
05-13 16:27:10.534 I/art     ( 2361): Thread[3,tid=2369,WaitingInMainSignalCatcherLoop,Thread*=0x718676896400,peer=0x12c20310,"Signal Catcher"]: reacting to signal 3
05-13 16:27:10.534 I/art     ( 2361): 
05-13 16:27:10.554 W/art     ( 2361): Suspending all threads took: 17.233ms
05-13 16:27:10.726 W/System  ( 2434): ClassLoader referenced unknown path: /system/priv-app/ExtServices/lib/x86_64
05-13 16:27:10.899 D/StorageNotification( 2361): Notifying about private volume: VolumeInfo{private}:
05-13 16:27:10.899 D/StorageNotification( 2361):     type=PRIVATE diskId=null partGuid=null mountFlags=0 mountUserId=-1 
05-13 16:27:10.899 D/StorageNotification( 2361):     state=MOUNTED 
05-13 16:27:10.899 D/StorageNotification( 2361):     fsType=null fsUuid=null fsLabel=null 
05-13 16:27:10.899 D/StorageNotification( 2361):     path=/data internalPath=null 
05-13 16:27:10.917 D/StorageNotification( 2361): Notifying about public volume: VolumeInfo{public:253,48}:
05-13 16:27:10.917 D/StorageNotification( 2361):     type=PUBLIC diskId=disk:253,48 partGuid=null mountFlags=VISIBLE 
05-13 16:27:10.917 D/StorageNotification( 2361):     mountUserId=0 state=MOUNTED 
05-13 16:27:10.917 D/StorageNotification( 2361):     fsType=vfat fsUuid=1EFF-1C1B fsLabel=SDCARD 
05-13 16:27:10.917 D/StorageNotification( 2361):     path=/storage/1EFF-1C1B internalPath=/mnt/media_rw/1EFF-1C1B 
05-13 16:27:11.466 V/KeyguardServiceDelegate( 1663): *** Keyguard connected (yay!)
05-13 16:27:11.515 I/AlarmClock( 2392): AlarmInitReceiver android.intent.action.TIME_SET
05-13 16:27:11.796 E/ActivityManager( 1663): ANR in com.android.systemui
05-13 16:27:11.796 E/ActivityManager( 1663): PID: 2361
05-13 16:27:11.796 E/ActivityManager( 1663): Reason: executing service com.android.systemui/.keyguard.KeyguardService
05-13 16:27:11.796 E/ActivityManager( 1663): Load: 0.0 / 0.0 / 0.0
05-13 16:27:11.796 E/ActivityManager( 1663): CPU usage from 36126ms to 0ms ago (2021-05-13 16:26:33.492 to 2021-05-13 16:27:10.100):
05-13 16:27:11.796 E/ActivityManager( 1663):   98% 1322/surfaceflinger: 24% user + 73% kernel / faults: 2044 minor
05-13 16:27:11.796 E/ActivityManager( 1663):   28% 1663/system_server: 5.9% user + 22% kernel / faults: 7240 minor 153 major
05-13 16:27:11.796 E/ActivityManager( 1663):   13% 2160/com.android.settings: 2.3% user + 11% kernel / faults: 34 minor 1 major
05-13 16:27:11.796 E/ActivityManager( 1663):   3.3% 2146/com.android.phone: 0.4% user + 2.8% kernel / faults: 1398 minor 19 major
05-13 16:27:11.796 E/ActivityManager( 1663):   2.5% 1332/media.codec: 0.1% user + 2.4% kernel / faults: 1810 minor
05-13 16:27:11.796 E/ActivityManager( 1663):   0.8% 1330/installd: 0% user + 0.8% kernel / faults: 1 minor
05-13 16:27:11.796 E/ActivityManager( 1663):   1.8% 8/rcu_preempt: 0% user + 1.8% kernel
05-13 16:27:11.796 E/ActivityManager( 1663):   1.4% 1324/adbd: 0% user + 1.4% kernel / faults: 1271 minor
05-13 16:27:11.796 E/ActivityManager( 1663):   0.3% 1325/zygote64: 0.1% user + 0.2% kernel / faults: 621 minor
05-13 16:27:11.796 E/ActivityManager( 1663):   0.5% 1321/servicemanager: 0% user + 0.5% kernel
05-13 16:27:11.796 E/ActivityManager( 1663):   0.5% 1337/media.extractor: 0% user + 0.4% kernel / faults: 51 minor
05-13 16:27:11.796 E/ActivityManager( 1663):   0.4% 1267/logd: 0% user + 0.4% kernel / faults: 26 minor
05-13 16:27:11.796 E/ActivityManager( 1663):   0.3% 1255/kworker/0:1H: 0% user + 0.3% kernel
05-13 16:27:11.796 E/ActivityManager( 1663):   0.1% 1339/netd: 0% user + 0.1% kernel / faults: 93 minor
05-13 16:27:11.796 E/ActivityManager( 1663):   0.2% 3/ksoftirqd/0: 0% user + 0.2% kernel
05-13 16:27:11.796 E/ActivityManager( 1663):   0.2% 1350/logcat: 0% user + 0.2% kernel / faults: 5 minor
05-13 16:27:11.796 E/ActivityManager( 1663):   0.1% 1338/mediaserver: 0% user + 0.1% kernel / faults: 21 minor
05-13 16:27:11.796 E/ActivityManager( 1663):   0.1% 1//init: 0% user + 0% kernel / faults: 1 minor
05-13 16:27:11.796 E/ActivityManager( 1663):   0.1% 809/kworker/0:2: 0% user + 0.1% kernel
05-13 16:27:11.796 E/ActivityManager( 1663):   0% 1265/jbd2/vdc-8: 0% user + 0% kernel
05-13 16:27:11.796 E/ActivityManager( 1663):   0% 1327/audioserver: 0% user + 0% kernel
05-13 16:27:11.796 E/ActivityManager( 1663):   0% 1340/rild: 0% user + 0% kernel / faults: 1 minor
05-13 16:27:11.796 E/ActivityManager( 1663):   0% 6/kworker/u4:0: 0% user + 0% kernel
05-13 16:27:11.796 E/ActivityManager( 1663):   0% 12/ksoftirqd/1: 0% user + 0% kernel
05-13 16:27:11.796 E/ActivityManager( 1663):   0% 1277/vold: 0% user + 0% kernel / faults: 9 minor
05-13 16:27:11.796 E/ActivityManager( 1663):   0% 1320/lmkd: 0% user + 0% kernel
05-13 16:27:11.796 E/ActivityManager( 1663):   0% 673/kworker/1:1: 0% user + 0% kernel
05-13 16:27:11.796 E/ActivityManager( 1663):   0% 1317/healthd: 0% user + 0% kernel
05-13 16:27:11.796 E/ActivityManager( 1663):   0% 1954/com.android.inputmethod.latin: 0% user + 0% kernel
05-13 16:27:11.796 E/ActivityManager( 1663):  +0% 2315/com.android.cellbroadcastreceiver: 0% user + 0% kernel
05-13 16:27:11.796 E/ActivityManager( 1663):  +0% 2361/com.android.systemui: 0% user + 0% kernel
05-13 16:27:11.796 E/ActivityManager( 1663):  +0% 2392/com.android.deskclock: 0% user + 0% kernel
05-13 16:27:11.796 E/ActivityManager( 1663):  +0% 2434/android.ext.services: 0% user + 0% kernel
05-13 16:27:11.796 E/ActivityManager( 1663): 99% TOTAL: 20% user + 78% kernel + 0.6% softirq
05-13 16:27:11.796 E/ActivityManager( 1663): CPU usage from 208618ms to 208618ms ago (1970-01-01 00:00:00.000 to 1970-01-01 00:00:00.000) with 0% awake:
05-13 16:27:11.796 E/ActivityManager( 1663): 0% TOTAL: 0% user + 0% kernel
05-13 16:27:11.969 I/ActivityManager( 1663): Killing 2361:com.android.systemui/u0a21 (adj -800): bg anr
05-13 16:27:12.000 W/art     ( 1663): Long monitor contention with owner main (1663) at void libcore.io.Posix.close(java.io.FileDescriptor)(Posix.java:-2) waiters=0 in com.android.server.wallpaper.WallpaperManagerService$WallpaperData com.android.server.wallpaper.WallpaperManagerService$WallpaperObserver.dataForEvent(boolean, boolean) for 180ms
05-13 16:27:12.007 D/MountService( 1663): onUnlockUser 0
05-13 16:27:12.008 D/VoldConnector( 1663): SND -> {7 volume user_started 0}
05-13 16:27:12.081 D/vold    ( 1277): Linking /storage/emulated/0 to /mnt/user/0/primary
05-13 16:27:12.084 D/VoldConnector( 1663): RCV <- {200 7 Command succeeded}
05-13 16:27:12.116 D/MountService( 1663): Volume public:253,48 broadcasting mounted to UserHandle{0}
05-13 16:27:12.123 E/JavaBinder( 1663): !!! FAILED BINDER TRANSACTION !!!  (parcel size = 136)
05-13 16:27:12.188 I/WindowManager( 1663): WIN DEATH: Window{66c8bb7 u0 DockedStackDivider}
05-13 16:27:12.230 V/KeyguardServiceDelegate( 1663): *** Keyguard disconnected (boo!)
05-13 16:27:12.231 I/ActivityManager( 1663): Process com.android.systemui (pid 2361) has died
05-13 16:27:12.294 D/ActivityManager( 1663): cleanUpApplicationRecord -- 2361
05-13 16:27:12.295 W/ActivityManager( 1663): Scheduling restart of crashed service com.android.systemui/.keyguard.KeyguardService in 0ms
05-13 16:27:12.296 W/ActivityManager( 1663): Scheduling restart of crashed service com.android.systemui/.ImageWallpaper in 0ms
05-13 16:27:12.296 W/ActivityManager( 1663): Scheduling restart of crashed service com.android.systemui/.SystemUIService in 0ms
05-13 16:27:12.314 W/libprocessgroup( 1663): failed to open /acct/uid_10021/pid_2361/cgroup.procs: No such file or directory
05-13 16:27:12.370 W/ActivityManager( 1663): Re-adding persistent process ProcessRecord{e823485 2361:com.android.systemui/u0a21}
05-13 16:27:12.455 W/ActivityManager( 1663): Slow operation: 84ms so far, now at startProcess: building args
05-13 16:27:12.455 W/ActivityManager( 1663): Slow operation: 85ms so far, now at startProcess: asking zygote to start proc
05-13 16:27:14.052 W/ifconfig( 2472): type=1400 audit(0.0:10): avc: denied { ioctl } for path="socket:[13792]" dev="sockfs" ino=13792 ioctlcmd=8927 scontext=u:r:shell:s0 tcontext=u:r:shell:s0 tclass=udp_socket permissive=0
05-13 16:27:14.072 W/ifconfig( 2472): type=1400 audit(0.0:11): avc: denied { ioctl } for path="socket:[13792]" dev="sockfs" ino=13792 ioctlcmd=891d scontext=u:r:shell:s0 tcontext=u:r:shell:s0 tclass=udp_socket permissive=0
05-13 16:27:14.092 W/ifconfig( 2472): type=1400 audit(0.0:12): avc: denied { ioctl } for path="socket:[13792]" dev="sockfs" ino=13792 ioctlcmd=8970 scontext=u:r:shell:s0 tcontext=u:r:shell:s0 tclass=udp_socket permissive=0
05-13 16:27:12.698 W/ActivityManager( 1663): Slow operation: 328ms so far, now at startProcess: returned from zygote!
05-13 16:27:12.699 W/ActivityManager( 1663): Slow operation: 329ms so far, now at startProcess: done updating battery stats
05-13 16:27:12.699 W/ActivityManager( 1663): Slow operation: 329ms so far, now at startProcess: building log message
05-13 16:27:12.700 I/ActivityManager( 1663): Start proc 2467:com.android.systemui/u0a21 for restart com.android.systemui
05-13 16:27:12.700 W/ActivityManager( 1663): Slow operation: 330ms so far, now at startProcess: starting to update pids map
05-13 16:27:12.700 W/ActivityManager( 1663): Slow operation: 330ms so far, now at startProcess: done updating pids map
05-13 16:27:12.702 W/art     ( 1663): Long monitor contention with owner Binder:1663_7 (2278) at void com.android.server.am.ActivityManagerService$AppDeathRecipient.binderDied()(ActivityManagerService.java:1475) waiters=0 in int com.android.server.am.ActivityManagerService.broadcastIntent(android.app.IApplicationThread, android.content.Intent, java.lang.String, android.content.IIntentReceiver, int, java.lang.String, android.os.Bundle, java.lang.String[], int, android.os.Bundle, boolean, boolean, int) for 393ms
05-13 16:27:12.705 W/art     ( 1663): Long monitor contention with owner Binder:1663_7 (2278) at void com.android.server.am.ActivityManagerService$AppDeathRecipient.binderDied()(ActivityManagerService.java:1475) waiters=1 in void com.android.server.am.ActivityManagerService.dispatchUidsChanged() for 336ms
05-13 16:27:12.749 D/MountService( 1663): Volume emulated broadcasting mounted to UserHandle{0}
05-13 16:27:13.032 W/art     ( 2467): Unexpected CPU variant for X86 using defaults: x86_64
05-13 16:27:13.221 W/art     ( 1663): Long monitor contention with owner main (1663) at boolean android.content.res.AssetManager.retrieveAttributes!(long, int[], int[], int[])(AssetManager.java:-2) waiters=0 in void com.android.server.InputMethodManagerService.removeClient(com.android.internal.view.IInputMethodClient) for 898ms
05-13 16:27:13.274 V/BackupManagerService( 1663): No ancestral data
05-13 16:27:13.309 W/WallpaperManagerService( 1663): Wallpaper service gone: ComponentInfo{com.android.systemui/com.android.systemui.ImageWallpaper}
05-13 16:27:13.440 V/BackupManagerService( 1663): Starting with transport android/com.android.internal.backup.LocalTransport
05-13 16:27:13.440 V/BackupManagerService( 1663): Found transports: 1
05-13 16:27:13.441 W/BackupManagerService( 1663): Proposed transport ComponentInfo{android/com.android.internal.backup.LocalTransportService} not whitelisted; ignoring
05-13 16:27:13.559 I/BackupManagerService( 1663): Backup enabled => false
05-13 16:27:13.764 W/System  ( 2467): ClassLoader referenced unknown path: /system/priv-app/SystemUI/lib/x86_64
05-13 16:27:14.177 I/art     ( 1663): Background partial concurrent mark sweep GC freed 44956(2MB) AllocSpace objects, 8(1976KB) LOS objects, 29% free, 9MB/13MB, paused 2.424ms total 1.852s
05-13 16:27:14.493 I/InputAttributes( 1954): InputType.TYPE_NULL is specified
05-13 16:27:14.581 W/VoiceInteractionManagerService( 1663): no available voice interaction services found for user 0
05-13 16:27:14.581 W/VoiceInteractionManagerService( 1663): no available voice recognition services found for user 0
05-13 16:27:14.597 I/ActivityManager( 1663): Loading recents for user 0 into memory.
05-13 16:27:14.677 D/ActivityManager( 1663): Sending BOOT_COMPLETE user #0
05-13 16:27:14.807 W/Binder  ( 2467): Binder call failed.
05-13 16:27:14.807 W/Binder  ( 2467): android.os.DeadObjectException
05-13 16:27:14.807 W/Binder  ( 2467): 	at android.os.BinderProxy.transactNative(Native Method)
05-13 16:27:14.807 W/Binder  ( 2467): 	at android.os.BinderProxy.transact(Binder.java:615)
05-13 16:27:14.807 W/Binder  ( 2467): 	at android.content.IIntentReceiver$Stub$Proxy.performReceive(IIntentReceiver.java:124)
05-13 16:27:14.807 W/Binder  ( 2467): 	at android.app.ActivityThread$ApplicationThread.scheduleRegisteredReceiver(ActivityThread.java:946)
05-13 16:27:14.807 W/Binder  ( 2467): 	at android.app.ApplicationThreadNative.onTransact(ApplicationThreadNative.java:404)
05-13 16:27:14.807 W/Binder  ( 2467): 	at android.os.Binder.execTransact(Binder.java:565)
05-13 16:27:14.958 V/SystemUIService( 2467): Starting SystemUI services for user 0.
05-13 16:27:15.043 D/CarrierSvcBindHelper( 2146): Received android.intent.action.USER_UNLOCKED
05-13 16:27:15.169 E/PhoneInterfaceManager( 2146): [PhoneIntfMgr] getCarrierPackageNamesForIntent: No UICC
05-13 16:27:15.169 D/CarrierSvcBindHelper( 2146): No carrier app for: 0
05-13 16:27:15.189 D/FallbackHome( 2160): User unlocked and real home found; let's go!
05-13 16:27:15.341 I/ActivityManager( 1663): START u0 {act=android.intent.action.MAIN cat=[android.intent.category.HOME] flg=0x10000100 cmp=com.android.launcher3/.Launcher} from uid 0 on display 0
05-13 16:27:15.510 I/AccountManagerService( 1663): User 0 is unlocked - opening CE database
05-13 16:27:15.670 W/art     ( 2505): Unexpected CPU variant for X86 using defaults: x86_64
05-13 16:27:15.791 W/ActivityManager( 1663): Slow operation: 309ms so far, now at startProcess: returned from zygote!
05-13 16:27:15.791 W/ActivityManager( 1663): Slow operation: 310ms so far, now at startProcess: done updating battery stats
05-13 16:27:15.791 W/ActivityManager( 1663): Slow operation: 310ms so far, now at startProcess: building log message
05-13 16:27:15.792 I/ActivityManager( 1663): Start proc 2505:com.android.launcher3/u0a42 for activity com.android.launcher3/.Launcher
05-13 16:27:15.795 W/ActivityManager( 1663): Slow operation: 311ms so far, now at startProcess: starting to update pids map
05-13 16:27:15.795 W/ActivityManager( 1663): Slow operation: 314ms so far, now at startProcess: done updating pids map
05-13 16:27:15.795 W/ActivityManager( 1663): Slow operation: 322ms so far, now at startProcess: done starting proc!
05-13 16:27:16.075 V/KeyValueBackupJob( 1663): Scheduling k/v pass in 248 minutes
05-13 16:27:16.295 W/art     ( 1663): Long monitor contention with owner Binder:1663_4 (1984) at void com.android.server.am.ActivityManagerService.activityPaused(android.os.IBinder)(ActivityManagerService.java:6916) waiters=0 in void com.android.server.am.ActivityManagerService$MainHandler.handleMessage(android.os.Message) for 863ms
05-13 16:27:16.299 I/Choreographer( 2160): Skipped 59 frames!  The application may be doing too much work on its main thread.
05-13 16:27:16.323 W/art     ( 1663): Long monitor contention with owner Binder:1663_4 (1984) at void com.android.server.am.ActivityManagerService.activityPaused(android.os.IBinder)(ActivityManagerService.java:6916) waiters=1 in java.lang.String com.android.server.am.ActivityManagerService.checkContentProviderAccess(java.lang.String, int) for 866ms
05-13 16:27:16.324 W/art     ( 1663): Long monitor contention with owner Binder:1663_4 (1984) at void com.android.server.am.ActivityManagerService.activityPaused(android.os.IBinder)(ActivityManagerService.java:6916) waiters=2 in void com.android.server.am.ActivityManagerService.dispatchUidsChanged() for 821ms
05-13 16:27:16.324 W/art     ( 1663): Long monitor contention with owner Binder:1663_4 (1984) at void com.android.server.am.ActivityManagerService.activityPaused(android.os.IBinder)(ActivityManagerService.java:6916) waiters=3 in android.content.pm.UserInfo com.android.server.am.UserController.getCurrentUser() for 555ms
05-13 16:27:16.325 W/art     ( 1663): Long monitor contention with owner Binder:1663_4 (1984) at void com.android.server.am.ActivityManagerService.activityPaused(android.os.IBinder)(ActivityManagerService.java:6916) waiters=4 in void com.android.server.am.ActivityManagerService.attachApplication(android.app.IApplicationThread) for 457ms
05-13 16:27:16.591 I/LatinIME( 1954): Timeout waiting for dictionary load
05-13 16:27:17.528 W/art     ( 1663): Long monitor contention with owner Binder:1663_4 (1984) at void com.android.server.am.ActivityManagerService.activityPaused(android.os.IBinder)(ActivityManagerService.java:6916) waiters=5 in java.lang.String com.android.server.am.ActivityManagerService.checkContentProviderAccess(java.lang.String, int) for 1.622s
05-13 16:27:17.597 W/System  ( 2505): ClassLoader referenced unknown path: /system/app/Launcher3/lib/x86_64
05-13 16:27:17.800 W/art     ( 1663): Long monitor contention with owner Binder:1663_4 (1984) at void com.android.server.am.ActivityManagerService.activityPaused(android.os.IBinder)(ActivityManagerService.java:6916) waiters=6 in int com.android.server.am.ActivityManagerService.bindService(android.app.IApplicationThread, android.os.IBinder, android.content.Intent, java.lang.String, android.app.IServiceConnection, int, java.lang.String, int) for 1.851s
05-13 16:27:17.872 D/LauncherProvider( 2505): Launcher process started
05-13 16:27:17.909 W/ActivityManager( 1663): Slow operation: 59ms so far, now at startProcess: returned from zygote!
05-13 16:27:17.910 W/ActivityManager( 1663): Slow operation: 60ms so far, now at startProcess: done updating battery stats
05-13 16:27:17.910 W/ActivityManager( 1663): Slow operation: 60ms so far, now at startProcess: building log message
05-13 16:27:17.910 I/ActivityManager( 1663): Start proc 2539:com.android.keychain/1000 for service com.android.keychain/.KeyChainService
05-13 16:27:17.910 W/ActivityManager( 1663): Slow operation: 60ms so far, now at startProcess: starting to update pids map
05-13 16:27:17.911 W/ActivityManager( 1663): Slow operation: 61ms so far, now at startProcess: done updating pids map
05-13 16:27:17.911 W/ActivityManager( 1663): Slow operation: 62ms so far, now at startProcess: done starting proc!
05-13 16:27:17.915 W/art     ( 1663): Long monitor contention with owner Binder:1663_4 (1984) at void com.android.server.am.ActivityManagerService.activityPaused(android.os.IBinder)(ActivityManagerService.java:6916) waiters=7 in int com.android.server.am.ActivityManagerService.getAppStartMode(int, java.lang.String) for 1.838s
05-13 16:27:17.973 W/art     ( 1663): Long monitor contention with owner ActivityManager (1701) at void com.android.server.am.ActivityManagerService$MainHandler.handleMessage(android.os.Message)(ActivityManagerService.java:2083) waiters=7 in java.lang.String com.android.server.am.ActivityManagerService.checkContentProviderAccess(java.lang.String, int) for 1.650s
05-13 16:27:17.974 W/art     ( 1663): Long monitor contention with owner ActivityManager (1701) at void com.android.server.am.ActivityManagerService$MainHandler.handleMessage(android.os.Message)(ActivityManagerService.java:2083) waiters=7 in void com.android.server.am.ActivityManagerService.dispatchUidsChanged() for 1.650s
05-13 16:27:17.979 W/art     ( 1663): Long monitor contention with owner ActivityManager (1701) at void com.android.server.am.ActivityManagerService$MainHandler.handleMessage(android.os.Message)(ActivityManagerService.java:2083) waiters=7 in android.content.pm.UserInfo com.android.server.am.UserController.getCurrentUser() for 1.655s
05-13 16:27:17.980 W/art     ( 1663): Long monitor contention with owner Binder:1663_2 (1687) at void com.android.server.am.ActivityManagerService.attachApplication(android.app.IApplicationThread)(ActivityManagerService.java:6669) waiters=7 in int com.android.server.am.ActivityManagerService.broadcastIntent(android.app.IApplicationThread, android.content.Intent, java.lang.String, android.content.IIntentReceiver, int, java.lang.String, android.os.Bundle, java.lang.String[], int, android.os.Bundle, boolean, boolean, int) for 1.491s
05-13 16:27:17.993 W/art     ( 1663): Long monitor contention with owner Binder:1663_2 (1687) at void com.android.server.am.ActivityManagerService.attachApplication(android.app.IApplicationThread)(ActivityManagerService.java:6669) waiters=8 in void com.android.server.am.ActivityStack$ActivityStackHandler.handleMessage(android.os.Message) for 601ms
05-13 16:27:18.075 W/art     ( 2539): Unexpected CPU variant for X86 using defaults: x86_64
05-13 16:27:18.080 W/art     ( 1663): Long monitor contention with owner Binder:1663_4 (1984) at void com.android.server.am.ActivityManagerService.activityPaused(android.os.IBinder)(ActivityManagerService.java:6916) waiters=8 in boolean com.android.server.am.ActivityManagerService.isUserRunning(int, int) for 1.916s
05-13 16:27:18.331 W/WallpaperManagerService( 1663): Wallpaper reconnect timed out, reverting to built-in wallpaper!
05-13 16:27:18.438 W/System  ( 2539): ClassLoader referenced unknown path: /system/app/KeyChain/lib/x86_64
05-13 16:27:18.632 W/art     ( 1663): Long monitor contention with owner android.display (1716) at void com.android.server.wm.WindowAnimator$1.doFrame(long)(WindowAnimator.java:144) waiters=2 in float com.android.server.wm.WindowManagerService.getCurrentAnimatorScale() for 225ms
05-13 16:27:18.686 V/AlarmClock( 2392): AlarmInitReceiver finished
05-13 16:27:18.730 D/WIFI    ( 1663): Registering NetworkFactory
05-13 16:27:18.743 D/ConnectivityService( 1663): Got NetworkFactory Messenger for WIFI
05-13 16:27:18.744 D/WIFI_UT ( 1663): Registering NetworkFactory
05-13 16:27:18.745 D/ConnectivityService( 1663): Got NetworkFactory Messenger for WIFI_UT
05-13 16:27:18.748 D/WIFI    ( 1663): got request NetworkRequest [ REQUEST id=1, [ Capabilities: INTERNET&NOT_RESTRICTED&TRUSTED&NOT_VPN] ] with score 0
05-13 16:27:18.772 D/WIFI_UT ( 1663): got request NetworkRequest [ REQUEST id=1, [ Capabilities: INTERNET&NOT_RESTRICTED&TRUSTED&NOT_VPN] ] with score 0
05-13 16:27:18.780 I/AlarmClock( 2392): AlarmInitReceiver android.intent.action.LOCKED_BOOT_COMPLETED
05-13 16:27:18.828 V/MediaRouter( 2467): Adding route: RouteInfo{ name=Phone, description=null, status=null, category=RouteCategory{ name=null types=ROUTE_TYPE_LIVE_AUDIO ROUTE_TYPE_LIVE_VIDEO  groupable=false }, supportedTypes=ROUTE_TYPE_LIVE_AUDIO ROUTE_TYPE_LIVE_VIDEO , presentationDisplay=null }
05-13 16:27:18.896 V/MediaRouter( 2467): Updating audio routes: AudioRoutesInfo{ type=SPEAKER }
05-13 16:27:18.925 V/MediaRouter( 2467): Selecting route: RouteInfo{ name=Phone, description=null, status=null, category=RouteCategory{ name=null types=ROUTE_TYPE_LIVE_AUDIO ROUTE_TYPE_LIVE_VIDEO  groupable=false }, supportedTypes=ROUTE_TYPE_LIVE_AUDIO ROUTE_TYPE_LIVE_VIDEO , presentationDisplay=null }
05-13 16:27:18.995 W/art     ( 1663): Long monitor contention with owner Binder:1663_1 (1686) at void com.android.server.am.BroadcastQueue.processNextBroadcast(boolean)(BroadcastQueue.java:760) waiters=0 in boolean com.android.server.am.ActivityManagerService.unbindService(android.app.IServiceConnection) for 293ms
05-13 16:27:19.097 D/TrustManagerService( 1663): Removing dead TrustListener.
05-13 16:27:19.157 V/Launcher( 2505): LauncherAppState inited
05-13 16:27:20.104 E/WVMExtractor( 2467): Failed to open libwvm.so: dlopen failed: library "libwvm.so" not found
05-13 16:27:20.969 I/MediaPlayerService( 1338): MediaPlayerService::getOMX
05-13 16:27:21.026 I/OMXClient( 2467): MuxOMX ctor
05-13 16:27:21.053 I/OMXMaster( 1332): makeComponentInstance(OMX.google.vorbis.decoder) in mediacodec process
05-13 16:27:21.128 I/Choreographer( 2160): Skipped 35 frames!  The application may be doing too much work on its main thread.
05-13 16:27:22.687 I/Choreographer( 2505): Skipped 32 frames!  The application may be doing too much work on its main thread.
05-13 16:27:23.649 I/Choreographer( 2505): Skipped 57 frames!  The application may be doing too much work on its main thread.
05-13 16:27:23.763 D/gralloc_ranchu( 2505): Emulator without host-side GPU emulation detected. Loading gralloc.default.so from /vendor/lib64/hw/gralloc.goldfish.default.so...
05-13 16:27:23.775 D/gralloc_ranchu( 2505): gralloc.default.so not found in /vendor. Trying /system/lib64/hw/gralloc.goldfish.default.so...
05-13 16:27:24.133 I/ActivityManager( 1663): Displayed com.android.launcher3/.Launcher: +8s618ms
05-13 16:27:24.403 I/MediaPlayerService( 1338): MediaPlayerService::getOMX
05-13 16:27:24.407 I/OMXClient( 2467): MuxOMX ctor
05-13 16:27:24.428 I/OMXMaster( 1332): makeComponentInstance(OMX.google.vorbis.decoder) in mediacodec process
05-13 16:27:24.655 W/art     ( 1663): Long monitor contention with owner AsyncTask #4 (2501) at boolean android.os.MessageQueue.enqueueMessage(android.os.Message, long)(MessageQueue.java:541) waiters=0 in android.os.Message android.os.MessageQueue.next() for 2.786s
05-13 16:27:24.657 W/art     ( 1663): Long monitor contention with owner AsyncTask #4 (2501) at boolean android.os.MessageQueue.enqueueMessage(android.os.Message, long)(MessageQueue.java:541) waiters=1 in boolean android.os.MessageQueue.enqueueMessage(android.os.Message, long) for 2.169s
05-13 16:27:24.660 W/art     ( 1663): Long monitor contention with owner AsyncTask #4 (2501) at boolean android.os.MessageQueue.enqueueMessage(android.os.Message, long)(MessageQueue.java:541) waiters=2 in void android.os.MessageQueue.removeMessages(android.os.Handler, java.lang.Runnable, java.lang.Object) for 303ms
05-13 16:27:24.761 V/GridSizeMigrationTask( 2505): Workspace migration completed in 1363
05-13 16:27:24.826 D/Launcher.Model( 2505): loadWorkspace: loading default favorites
05-13 16:27:24.995 I/vol.Events( 2467): writeEvent collection_started
05-13 16:27:25.193 I/vol.Events( 2467): writeEvent external_ringer_mode_changed normal
05-13 16:27:25.194 I/vol.Events( 2467): writeEvent internal_ringer_mode_changed normal
05-13 16:27:25.582 W/art     ( 1663): Long monitor contention with owner AsyncTask #4 (2501) at boolean android.os.MessageQueue.enqueueMessage(android.os.Message, long)(MessageQueue.java:541) waiters=0 in android.os.Message android.os.MessageQueue.next() for 851ms
05-13 16:27:25.586 I/MediaPlayerService( 1338): MediaPlayerService::getOMX
05-13 16:27:25.588 I/OMXClient( 2467): MuxOMX ctor
05-13 16:27:25.629 I/OMXMaster( 1332): makeComponentInstance(OMX.google.vorbis.decoder) in mediacodec process
05-13 16:27:26.753 W/ActivityManager( 1663): Slow operation: 169ms so far, now at startProcess: returned from zygote!
05-13 16:27:26.753 W/ActivityManager( 1663): Slow operation: 169ms so far, now at startProcess: done updating battery stats
05-13 16:27:26.754 W/ActivityManager( 1663): Slow operation: 170ms so far, now at startProcess: building log message
05-13 16:27:26.754 I/ActivityManager( 1663): Start proc 2593:com.android.printspooler/u0a51 for service com.android.printspooler/.model.PrintSpoolerService
05-13 16:27:26.754 W/ActivityManager( 1663): Slow operation: 170ms so far, now at startProcess: starting to update pids map
05-13 16:27:26.755 W/ActivityManager( 1663): Slow operation: 171ms so far, now at startProcess: done updating pids map
05-13 16:27:26.755 W/ActivityManager( 1663): Slow operation: 189ms so far, now at startProcess: done starting proc!
05-13 16:27:26.825 W/art     ( 2593): Unexpected CPU variant for X86 using defaults: x86_64
05-13 16:27:28.169 I/vol.Events( 2467): writeEvent level_changed STREAM_ALARM 6
05-13 16:27:28.216 I/vol.Events( 2467): writeEvent level_changed STREAM_BLUETOOTH_SCO 7
05-13 16:27:28.278 I/vol.Events( 2467): writeEvent level_changed STREAM_MUSIC 11
05-13 16:27:28.314 I/vol.Events( 2467): writeEvent level_changed STREAM_RING 5
05-13 16:27:28.368 I/vol.Events( 2467): writeEvent level_changed STREAM_SYSTEM 5
05-13 16:27:28.437 I/vol.Events( 2467): writeEvent level_changed STREAM_VOICE_CALL 4
05-13 16:27:28.982 D/StorageNotification( 2467): Notifying about private volume: VolumeInfo{private}:
05-13 16:27:28.982 D/StorageNotification( 2467):     type=PRIVATE diskId=null partGuid=null mountFlags=0 mountUserId=-1 
05-13 16:27:28.982 D/StorageNotification( 2467):     state=MOUNTED 
05-13 16:27:28.982 D/StorageNotification( 2467):     fsType=null fsUuid=null fsLabel=null 
05-13 16:27:28.982 D/StorageNotification( 2467):     path=/data internalPath=null 
05-13 16:27:28.986 D/StorageNotification( 2467): Notifying about public volume: VolumeInfo{public:253,48}:
05-13 16:27:28.986 D/StorageNotification( 2467):     type=PUBLIC diskId=disk:253,48 partGuid=null mountFlags=VISIBLE 
05-13 16:27:28.986 D/StorageNotification( 2467):     mountUserId=0 state=MOUNTED 
05-13 16:27:28.986 D/StorageNotification( 2467):     fsType=vfat fsUuid=1EFF-1C1B fsLabel=SDCARD 
05-13 16:27:28.986 D/StorageNotification( 2467):     path=/storage/1EFF-1C1B internalPath=/mnt/media_rw/1EFF-1C1B 
