05-23 11:19:58.056 V/vold    ( 1270):     -c
05-23 11:19:58.056 V/vold    ( 1270):     /dev/null
05-23 11:19:58.056 V/vold    ( 1270):     -s
05-23 11:19:58.056 V/vold    ( 1270):     TYPE
05-23 11:19:58.056 V/vold    ( 1270):     -s
05-23 11:19:58.056 V/vold    ( 1270):     UUID
05-23 11:19:58.056 V/vold    ( 1270):     -s
05-23 11:19:58.056 V/vold    ( 1270):     LABEL
05-23 11:19:58.056 V/vold    ( 1270):     /dev/block/vold/public:253,48
05-23 11:19:58.057 D/VoldConnector( 2171): RCV <- {651 public:253,48 1}
05-23 11:19:58.146 V/MediaRouter( 2390): Adding route: RouteInfo{ name=Phone, description=null, status=null, category=RouteCategory{ name=null types=ROUTE_TYPE_LIVE_AUDIO ROUTE_TYPE_LIVE_VIDEO  groupable=false }, supportedTypes=ROUTE_TYPE_LIVE_AUDIO ROUTE_TYPE_LIVE_VIDEO , presentationDisplay=null }
05-23 11:19:58.219 W/art     ( 2382): Suspending all threads took: 101.789ms
05-23 11:19:58.251 V/MediaRouter( 2390): Updating audio routes: AudioRoutesInfo{ type=SPEAKER }
05-23 11:19:58.363 I/LatinIME( 2382): Hardware accelerated drawing: true
05-23 11:19:58.411 V/MediaRouter( 2390): Selecting route: RouteInfo{ name=Phone, description=null, status=null, category=RouteCategory{ name=null types=ROUTE_TYPE_LIVE_AUDIO ROUTE_TYPE_LIVE_VIDEO  groupable=false }, supportedTypes=ROUTE_TYPE_LIVE_AUDIO ROUTE_TYPE_LIVE_VIDEO , presentationDisplay=null }
05-23 11:19:58.803 I/MediaPlayerService( 1336): MediaPlayerService::getOMX
05-23 11:19:58.820 I/OMXClient( 1336): MuxOMX ctor
05-23 11:19:58.830 I/OMXMaster( 1331): makeComponentInstance(OMX.google.vorbis.decoder) in mediacodec process
05-23 11:19:59.114 I/art     ( 2425): System.exit called, status: 0
05-23 11:19:59.115 I/AndroidRuntime( 2425): VM exiting with result code 0, cleanup skipped.
05-23 11:19:59.316 V/vold    ( 1270): /dev/block/vold/public:253,48: LABEL="SDCARD" UUID="1EFF-1C1B" TYPE="vfat" 
05-23 11:19:59.316 V/vold    ( 1270): 
05-23 11:19:59.342 V/vold    ( 1270): /system/bin/fsck_msdos
05-23 11:19:59.342 V/vold    ( 1270):     -p
05-23 11:19:59.342 V/vold    ( 1270):     -f
05-23 11:19:59.342 V/vold    ( 1270):     /dev/block/vold/public:253,48
05-23 11:19:59.343 D/VoldConnector( 2171): RCV <- {652 public:253,48 vfat}
05-23 11:19:59.344 D/VoldConnector( 2171): RCV <- {653 public:253,48 1EFF-1C1B}
05-23 11:19:59.347 D/VoldConnector( 2171): RCV <- {654 public:253,48 SDCARD}
05-23 11:19:59.674 E/WVMExtractor( 2390): Failed to open libwvm.so: dlopen failed: library "libwvm.so" not found
05-23 11:20:00.073 I/fsck_msdos( 1270): ** /dev/block/vold/public:253,48
05-23 11:20:00.073 I/fsck_msdos( 1270): ** Phase 1 - Read and Compare FATs
05-23 11:20:00.073 I/fsck_msdos( 1270): Attempting to allocate 1046 KB for FAT
05-23 11:20:00.434 I/MediaPlayerService( 1336): MediaPlayerService::getOMX
05-23 11:20:00.435 I/fsck_msdos( 1270): Attempting to allocate 1046 KB for FAT
05-23 11:20:00.451 I/OMXClient( 1336): MuxOMX ctor
05-23 11:20:00.452 I/OMXMaster( 1331): makeComponentInstance(OMX.google.opus.decoder) in mediacodec process
05-23 11:20:00.784 I/art     ( 2452): System.exit called, status: 0
05-23 11:20:00.784 I/AndroidRuntime( 2452): VM exiting with result code 0, cleanup skipped.
05-23 11:20:00.971 I/fsck_msdos( 1270): ** Phase 2 - Check Cluster Chains
05-23 11:20:01.000 I/fsck_msdos( 1270): ** Phase 3 - Checking Directories
05-23 11:20:01.002 I/fsck_msdos( 1270): ** Phase 4 - Checking for Lost Files
05-23 11:20:01.016 I/fsck_msdos( 1270): 2 files, 534464 free (267232 clusters)
05-23 11:20:01.047 E/NetdConnector( 2171): NDC Command {3 bandwidth enable} took too long (4281ms)
05-23 11:20:01.135 I/Vold    ( 1270): Filesystem check completed OK
05-23 11:20:01.136 D/VoldConnector( 2171): RCV <- {656 public:253,48 /mnt/media_rw/1EFF-1C1B}
05-23 11:20:01.152 D/VoldConnector( 2171): RCV <- {655 public:253,48 /storage/1EFF-1C1B}
05-23 11:20:01.464 V/vold    ( 1270): Waiting for FUSE to spin up...
05-23 11:20:01.520 V/vold    ( 1270): Waiting for FUSE to spin up...
05-23 11:20:01.580 V/vold    ( 1270): Waiting for FUSE to spin up...
05-23 11:20:01.620 I/MediaPlayerService( 1336): MediaPlayerService::getOMX
05-23 11:20:01.681 V/vold    ( 1270): Waiting for FUSE to spin up...
05-23 11:20:01.701 I/OMXClient( 1336): MuxOMX ctor
05-23 11:20:01.703 I/OMXMaster( 1331): makeComponentInstance(OMX.google.raw.decoder) in mediacodec process
05-23 11:20:01.740 V/vold    ( 1270): Waiting for FUSE to spin up...
05-23 11:20:01.800 V/vold    ( 1270): Waiting for FUSE to spin up...
05-23 11:20:01.832 I/MediaPlayerService( 1336): MediaPlayerService::getOMX
05-23 11:20:01.834 I/OMXClient( 1336): MuxOMX ctor
05-23 11:20:01.835 I/OMXMaster( 1331): makeComponentInstance(OMX.google.aac.encoder) in mediacodec process
05-23 11:20:01.869 W/sdcard  ( 2505): Device explicitly disabled sdcardfs
05-23 11:20:01.909 W/InputAttributes( 2382): No editor info for this field. Bug?
05-23 11:20:01.950 V/vold    ( 1270): Waiting for FUSE to spin up...
05-23 11:20:02.017 V/vold    ( 1270): Waiting for FUSE to spin up...
05-23 11:20:02.113 I/MediaPlayerService( 1336): MediaPlayerService::getOMX
05-23 11:20:02.115 I/OMXClient( 1336): MuxOMX ctor
05-23 11:20:02.116 I/OMXMaster( 1331): makeComponentInstance(OMX.google.amrnb.encoder) in mediacodec process
05-23 11:20:02.181 D/VoldConnector( 2171): RCV <- {651 public:253,48 2}
05-23 11:20:02.182 D/VoldConnector( 2171): RCV <- {200 7 Command succeeded}
05-23 11:20:02.190 E/VoldConnector( 2171): NDC Command {7 volume mount public:253,48 2 0} took too long (4137ms)
05-23 11:20:02.213 I/MediaPlayerService( 1336): MediaPlayerService::getOMX
05-23 11:20:02.224 I/OMXClient( 1336): MuxOMX ctor
05-23 11:20:02.291 I/OMXMaster( 1331): makeComponentInstance(OMX.google.amrwb.encoder) in mediacodec process
05-23 11:20:02.435 I/MediaPlayerService( 1336): MediaPlayerService::getOMX
05-23 11:20:02.437 I/OMXClient( 1336): MuxOMX ctor
05-23 11:20:02.437 I/OMXMaster( 1331): makeComponentInstance(OMX.google.flac.encoder) in mediacodec process
05-23 11:20:02.596 I/LatinIME:LogUtils( 2382): Dictionary info: dictionary = userunigram.en_US ; version = 1621768802 ; date = ?
05-23 11:20:02.610 E/ActivityThread( 2382): Failed to find provider info for user_dictionary
05-23 11:20:02.613 I/LatinIME:LogUtils( 2382): Dictionary info: dictionary = UserHistoryDictionary.en_US ; version = 1621768802 ; date = ?
05-23 11:20:03.204 I/vol.Events( 2390): writeEvent collection_started
05-23 11:20:03.344 I/vol.Events( 2390): writeEvent external_ringer_mode_changed normal
05-23 11:20:03.345 I/vol.Events( 2390): writeEvent internal_ringer_mode_changed normal
05-23 11:20:03.501 I/MediaPlayerService( 1336): MediaPlayerService::getOMX
05-23 11:20:03.502 I/OMXClient( 1336): MuxOMX ctor
05-23 11:20:03.503 I/OMXMaster( 1331): makeComponentInstance(OMX.google.gsm.decoder) in mediacodec process
05-23 11:20:03.773 E/NetdConnector( 2171): NDC Command {4 strict enable} took too long (2693ms)
05-23 11:20:03.774 W/NetworkManagement( 2171): setDataSaverMode(): already false
05-23 11:20:04.061 I/MediaPlayerService( 1336): MediaPlayerService::getOMX
05-23 11:20:04.063 I/OMXClient( 1336): MuxOMX ctor
05-23 11:20:04.063 I/OMXMaster( 1331): makeComponentInstance(OMX.google.mpeg4.decoder) in mediacodec process
05-23 11:20:04.764 E/OMXNodeInstance( 1331): getExtensionIndex(533000f:google.mpeg4.decoder, OMX.google.android.index.configureVideoTunnelMode) ERROR: UnsupportedIndex(0x8000101a)
05-23 11:20:04.765 W/OMXNodeInstance( 1331): [533000f:google.mpeg4.decoder] component does not support metadata mode; using fallback
05-23 11:20:04.806 I/MediaPlayerService( 1336): MediaPlayerService::getOMX
05-23 11:20:04.808 I/OMXClient( 1336): MuxOMX ctor
05-23 11:20:04.808 I/OMXMaster( 1331): makeComponentInstance(OMX.google.h263.decoder) in mediacodec process
05-23 11:20:05.926 E/OMXNodeInstance( 1331): getExtensionIndex(5330010:google.h263.decoder, OMX.google.android.index.configureVideoTunnelMode) ERROR: UnsupportedIndex(0x8000101a)
05-23 11:20:05.930 W/OMXNodeInstance( 1331): [5330010:google.h263.decoder] component does not support metadata mode; using fallback
05-23 11:20:06.121 I/MediaPlayerService( 1336): MediaPlayerService::getOMX
05-23 11:20:06.125 I/OMXClient( 1336): MuxOMX ctor
05-23 11:20:06.128 I/OMXMaster( 1331): makeComponentInstance(OMX.google.h264.decoder) in mediacodec process
05-23 11:20:06.561 W/ACodec  ( 1336): [OMX.google.h264.decoder] stopping checking profiles after 32: 2/8000
05-23 11:20:06.663 E/OMXNodeInstance( 1331): getExtensionIndex(5330011:google.h264.decoder, OMX.google.android.index.configureVideoTunnelMode) ERROR: UnsupportedIndex(0x8000101a)
05-23 11:20:06.664 W/OMXNodeInstance( 1331): [5330011:google.h264.decoder] component does not support metadata mode; using fallback
05-23 11:20:06.704 I/MediaPlayerService( 1336): MediaPlayerService::getOMX
05-23 11:20:06.705 I/OMXClient( 1336): MuxOMX ctor
05-23 11:20:06.706 I/OMXMaster( 1331): makeComponentInstance(OMX.google.hevc.decoder) in mediacodec process
05-23 11:20:06.784 E/NetdConnector( 2171): NDC Command {7 bandwidth setglobalalert 2097152} took too long (2852ms)
05-23 11:20:07.069 D/NetworkPolicy( 2171): setRestrictBackgroundUL(): false
05-23 11:20:07.086 W/NetworkManagement( 2171): setDataSaverMode(): already false
05-23 11:20:07.606 E/OMXNodeInstance( 1331): getExtensionIndex(5330012:google.hevc.decoder, OMX.google.android.index.configureVideoTunnelMode) ERROR: UnsupportedIndex(0x8000101a)
05-23 11:20:07.606 W/OMXNodeInstance( 1331): [5330012:google.hevc.decoder] component does not support metadata mode; using fallback
05-23 11:20:07.683 I/MediaPlayerService( 1336): MediaPlayerService::getOMX
05-23 11:20:07.684 I/OMXClient( 1336): MuxOMX ctor
05-23 11:20:07.685 I/OMXMaster( 1331): makeComponentInstance(OMX.google.vp8.decoder) in mediacodec process
05-23 11:20:07.827 W/art     ( 2171): Suspending all threads took: 35.771ms
05-23 11:20:08.161 I/art     ( 2171): Background sticky concurrent mark sweep GC freed 41686(2MB) AllocSpace objects, 16(316KB) LOS objects, 20% free, 13MB/16MB, paused 100.739ms total 873.218ms
05-23 11:20:08.314 E/OMXNodeInstance( 1331): getExtensionIndex(5330013:google.vp8.decoder, OMX.google.android.index.configureVideoTunnelMode) ERROR: UnsupportedIndex(0x8000101a)
05-23 11:20:08.315 W/OMXNodeInstance( 1331): [5330013:google.vp8.decoder] component does not support metadata mode; using fallback
05-23 11:20:08.343 I/MediaPlayerService( 1336): MediaPlayerService::getOMX
05-23 11:20:08.344 I/OMXClient( 1336): MuxOMX ctor
05-23 11:20:08.345 I/OMXMaster( 1331): makeComponentInstance(OMX.google.vp9.decoder) in mediacodec process
05-23 11:20:08.492 W/art     ( 2171): Long monitor contention with owner NetworkPolicy (2343) at boolean android.os.BinderProxy.transactNative(int, android.os.Parcel, android.os.Parcel, int)(Binder.java:-2) waiters=0 in void com.android.server.NetworkManagementService.setFirewallChainEnabled(int, boolean) for 1.040s
05-23 11:20:08.511 W/AudioService( 2171): onLoadSoundEffects(), Error 1 while loading samples
05-23 11:20:08.797 I/vol.Events( 2390): writeEvent level_changed STREAM_ALARM 6
05-23 11:20:08.913 I/vol.Events( 2390): writeEvent level_changed STREAM_BLUETOOTH_SCO 7
05-23 11:20:08.967 I/vol.Events( 2390): writeEvent level_changed STREAM_MUSIC 11
05-23 11:20:09.023 I/vol.Events( 2390): writeEvent level_changed STREAM_RING 5
05-23 11:20:09.043 I/vol.Events( 2390): writeEvent level_changed STREAM_SYSTEM 5
05-23 11:20:09.081 I/vol.Events( 2390): writeEvent level_changed STREAM_VOICE_CALL 4
05-23 11:20:09.154 E/OMXNodeInstance( 1331): getExtensionIndex(5330014:google.vp9.decoder, OMX.google.android.index.configureVideoTunnelMode) ERROR: UnsupportedIndex(0x8000101a)
05-23 11:20:09.155 W/OMXNodeInstance( 1331): [5330014:google.vp9.decoder] component does not support metadata mode; using fallback
05-23 11:20:09.175 I/MediaPlayerService( 1336): MediaPlayerService::getOMX
05-23 11:20:09.176 I/OMXClient( 1336): MuxOMX ctor
05-23 11:20:09.177 I/OMXMaster( 1331): makeComponentInstance(OMX.google.h263.encoder) in mediacodec process
05-23 11:20:10.080 D/StorageNotification( 2390): Notifying about private volume: VolumeInfo{private}:
05-23 11:20:10.080 D/StorageNotification( 2390):     type=PRIVATE diskId=null partGuid=null mountFlags=0 mountUserId=-1 
05-23 11:20:10.080 D/StorageNotification( 2390):     state=MOUNTED 
05-23 11:20:10.080 D/StorageNotification( 2390):     fsType=null fsUuid=null fsLabel=null 
05-23 11:20:10.080 D/StorageNotification( 2390):     path=/data internalPath=null 
05-23 11:20:10.084 D/StorageNotification( 2390): Notifying about public volume: VolumeInfo{public:253,48}:
05-23 11:20:10.084 D/StorageNotification( 2390):     type=PUBLIC diskId=disk:253,48 partGuid=null mountFlags=VISIBLE 
05-23 11:20:10.084 D/StorageNotification( 2390):     mountUserId=0 state=MOUNTED 
05-23 11:20:10.084 D/StorageNotification( 2390):     fsType=vfat fsUuid=1EFF-1C1B fsLabel=SDCARD 
05-23 11:20:10.084 D/StorageNotification( 2390):     path=/storage/1EFF-1C1B internalPath=/mnt/media_rw/1EFF-1C1B 
05-23 11:20:10.111 W/BroadcastQueue( 2171): Timeout of broadcast BroadcastRecord{dd85d25 u-1 android.intent.action.TIME_TICK} - receiver=android.app.LoadedApk$ReceiverDispatcher$InnerReceiver@34207c4, started 10007ms ago
05-23 11:20:10.112 W/BroadcastQueue( 2171): Receiver during timeout: BroadcastFilter{4a52de2 u0 ReceiverList{71336ad 2171 system/1000/u0 local:34207c4}}
05-23 11:20:10.411 I/SoftMPEG4Encoder( 1331): Construct SoftMPEG4Encoder
05-23 11:20:10.435 E/NetdConnector( 2171): NDC Command {9 bandwidth gettetherstats} took too long (1290ms)
05-23 11:20:10.440 E/NetdConnector( 2171): NDC Command {8 firewall enable_chain standby} took too long (1947ms)
05-23 11:20:10.512 W/ACodec  ( 1336): do not know color format 0x7f000789 = 2130708361
05-23 11:20:10.514 E/OMXNodeInstance( 1331): getConfig(5330015:google.h263.encoder, ConfigAndroidIntraRefresh(0x6f60000a)) ERROR: Undefined(0x80001001)
05-23 11:20:10.537 I/MediaPlayerService( 1336): MediaPlayerService::getOMX
05-23 11:20:10.538 I/OMXClient( 1336): MuxOMX ctor
05-23 11:20:10.539 I/OMXMaster( 1331): makeComponentInstance(OMX.google.h264.encoder) in mediacodec process
05-23 11:20:10.892 I/SystemServiceManager( 2171): Starting phase 600
05-23 11:20:10.914 I/Choreographer( 2390): Skipped 84 frames!  The application may be doing too much work on its main thread.
05-23 11:20:11.451 W/ActivityManager( 2171): Timeout executing service: ServiceRecord{236f857 u0 com.android.server.telecom/.components.TelecomService}
05-23 11:20:11.526 D/SensorNotificationService( 2171): Cannot obtain dynamic meta sensor, not supported.
05-23 11:20:11.612 I/StatusBarManagerService( 2171): registerStatusBar bar=com.android.internal.statusbar.IStatusBar$Stub$Proxy@b8bb7fe
05-23 11:20:11.742 I/Process ( 2171): Sending signal. PID: 2171 SIG: 3
05-23 11:20:11.896 W/ACodec  ( 1336): do not know color format 0x7f000789 = 2130708361
05-23 11:20:11.943 I/MediaPlayerService( 1336): MediaPlayerService::getOMX
05-23 11:20:11.944 I/OMXClient( 1336): MuxOMX ctor
05-23 11:20:11.945 I/OMXMaster( 1331): makeComponentInstance(OMX.google.mpeg4.encoder) in mediacodec process
05-23 11:20:12.614 I/SoftMPEG4Encoder( 1331): Construct SoftMPEG4Encoder
05-23 11:20:12.676 W/ACodec  ( 1336): do not know color format 0x7f000789 = 2130708361
05-23 11:20:12.678 E/OMXNodeInstance( 1331): getConfig(5330017:google.mpeg4.encoder, ConfigAndroidIntraRefresh(0x6f60000a)) ERROR: Undefined(0x80001001)
05-23 11:20:12.750 I/Process ( 2171): Sending signal. PID: 2390 SIG: 3
05-23 11:20:12.752 I/art     ( 2390): Thread[3,tid=2398,WaitingInMainSignalCatcherLoop,Thread*=0x7fb716096400,peer=0x12c005e0,"Signal Catcher"]: reacting to signal 3
05-23 11:20:12.752 I/art     ( 2390): 
05-23 11:20:12.779 I/MediaPlayerService( 1336): MediaPlayerService::getOMX
05-23 11:20:12.791 I/OMXClient( 1336): MuxOMX ctor
05-23 11:20:12.792 I/OMXMaster( 1331): makeComponentInstance(OMX.google.vp8.encoder) in mediacodec process
05-23 11:20:13.137 W/ACodec  ( 1336): do not know color format 0x7f000789 = 2130708361
05-23 11:20:13.138 E/OMXNodeInstance( 1331): getConfig(5330018:google.vp8.encoder, ConfigAndroidIntraRefresh(0x6f60000a)) ERROR: Undefined(0x80001001)
05-23 11:20:13.240 W/art     ( 2390): Suspending all threads took: 436.406ms
05-23 11:20:13.666 I/MediaPlayerService( 1336): MediaPlayerService::getOMX
05-23 11:20:13.680 I/OMXClient( 1336): MuxOMX ctor
05-23 11:20:13.942 I/MediaPlayerService( 1336): MediaPlayerService::getOMX
05-23 11:20:13.943 I/OMXClient( 1336): MuxOMX ctor
05-23 11:20:13.944 W/MediaCodecList( 1336): unable to open media codecs configuration xml file: /data/misc/media/media_codecs_profiling_results.xml
05-23 11:20:14.070 I/MediaPlayerService( 1336): MediaPlayerService::getOMX
05-23 11:20:14.150 I/OMXClient( 2390): MuxOMX ctor
05-23 11:20:14.193 I/OMXMaster( 1331): makeComponentInstance(OMX.google.vorbis.decoder) in mediacodec process
05-23 11:20:15.120 I/art     ( 2390): Wrote stack traces to '/data/anr/traces.txt'
05-23 11:20:15.266 I/LatinIME:LogUtils( 2382): Dictionary info: dictionary = main:en ; version = 54 ; date = 1414726273
05-23 11:20:15.447 I/MediaPlayerService( 1336): MediaPlayerService::getOMX
05-23 11:20:15.449 I/OMXClient( 2390): MuxOMX ctor
05-23 11:20:15.459 I/OMXMaster( 1331): makeComponentInstance(OMX.google.vorbis.decoder) in mediacodec process
05-23 11:20:16.973 I/MediaPlayerService( 1336): MediaPlayerService::getOMX
05-23 11:20:16.975 I/OMXClient( 2390): MuxOMX ctor
05-23 11:20:16.979 I/OMXMaster( 1331): makeComponentInstance(OMX.google.vorbis.decoder) in mediacodec process
05-23 11:20:17.988 I/art     ( 2171): Thread[2,tid=2178,WaitingInMainSignalCatcherLoop,Thread*=0x7fb70f430000,peer=0x12c010d0,"Signal Catcher"]: reacting to signal 3
05-23 11:20:18.001 I/art     ( 2171): 
05-23 11:20:18.014 W/art     ( 2171): Suspending all threads took: 9.125ms
05-23 11:20:18.024 I/MediaPlayerService( 1336): MediaPlayerService::getOMX
05-23 11:20:18.120 I/OMXClient( 2171): MuxOMX ctor
05-23 11:20:18.156 I/OMXMaster( 1331): makeComponentInstance(OMX.google.vorbis.decoder) in mediacodec process
05-23 11:20:18.175 I/GnssLocationProvider( 2171): WakeLock acquired by sendMessage(13, 0, null)
05-23 11:20:18.214 W/        ( 1269): debuggerd: handling request: pid=1321 uid=1000 gid=1003 tid=1321
05-23 11:20:18.584 W/        ( 1269): debuggerd: resuming target 1321
05-23 11:20:19.744 W/art     ( 2171): Suspending all threads took: 1.536s
05-23 11:20:19.940 W/        ( 1269): debuggerd: handling request: pid=1326 uid=1041 gid=1005 tid=1326
05-23 11:20:19.981 W/GnssLocationProvider( 2171): Could not open GPS configuration file /etc/gps.conf
05-23 11:20:19.982 E/GnssLocationProvider( 2171): no AGPS interface in set_agps_server
05-23 11:20:20.095 W/        ( 1268): debuggerd: handling request: pid=1326 uid=1041 gid=1005 tid=1326
05-23 11:20:20.169 W/LocationManagerService( 2171): no network location provider found
05-23 11:20:20.288 E/LocationManagerService( 2171): no geocoder provider found
05-23 11:20:20.331 E/FlpHardwareProvider( 2171): Error hw_get_module 'flp': -2
05-23 11:20:20.332 D/LocationManagerService( 2171): FLP HAL not supported
05-23 11:20:20.338 D/LocationManagerService( 2171): Unable to bind FLP Geofence proxy.
05-23 11:20:20.360 E/ActivityRecognitionHardware( 2171): Error hw_get_module: -2
05-23 11:20:20.360 D/LocationManagerService( 2171): Hardware Activity-Recognition not supported.
05-23 11:20:20.490 E/ActivityRecognitionProxy( 2171): ServiceWatcher could not start.
05-23 11:20:20.490 D/LocationManagerService( 2171): Unable to bind ActivityRecognitionProxy.
05-23 11:20:20.495 I/GnssLocationProvider( 2171): WakeLock acquired by sendMessage(2, 1, null)
05-23 11:20:20.591 W/art     ( 2171): Long monitor contention with owner AlarmManager (2315) at void com.android.server.AlarmManagerService$InFlight.<init>(com.android.server.AlarmManagerService, android.app.PendingIntent, android.app.IAlarmListener, android.os.WorkSource, int, java.lang.String, int, java.lang.String, long)(AlarmManagerService.java:-1) waiters=0 in void com.android.server.AlarmManagerService$2.remove(android.app.PendingIntent, android.app.IAlarmListener) for 697ms
05-23 11:20:20.660 W/art     ( 2171): Long monitor contention with owner Binder:2171_5 (2436) at android.content.pm.UserInfo com.android.server.am.UserController.getCurrentUser()(UserController.java:1438) waiters=0 in int com.android.server.am.ActivityManagerService.broadcastIntent(android.app.IApplicationThread, android.content.Intent, java.lang.String, android.content.IIntentReceiver, int, java.lang.String, android.os.Bundle, java.lang.String[], int, android.os.Bundle, boolean, boolean, int) for 164ms
05-23 11:20:20.853 I/CommonTimeManagementService( 2171): No common time service detected on this platform.  Common time services will be unavailable.
05-23 11:20:20.867 I/MmsServiceBroker( 2171): Delay connecting to MmsService until an API is called
05-23 11:20:20.944 W/VoiceInteractionManagerService( 2171): no available voice interaction services found for user 0
05-23 11:20:20.945 W/VoiceInteractionManagerService( 2171): no available voice recognition services found for user 0
05-23 11:20:21.179 W/        ( 1268): debuggerd: resuming target 1326
05-23 11:20:21.241 W/ActivityManager( 2171): Slow operation: 290ms so far, now at startProcess: returned from zygote!
05-23 11:20:21.242 W/ActivityManager( 2171): Slow operation: 291ms so far, now at startProcess: done updating battery stats
05-23 11:20:21.243 W/ActivityManager( 2171): Slow operation: 292ms so far, now at startProcess: building log message
05-23 11:20:21.243 I/ActivityManager( 2171): Start proc 2627:com.android.phone/1001 for added application com.android.phone
05-23 11:20:21.243 W/ActivityManager( 2171): Slow operation: 292ms so far, now at startProcess: starting to update pids map
05-23 11:20:21.243 W/ActivityManager( 2171): Slow operation: 292ms so far, now at startProcess: done updating pids map
05-23 11:20:21.248 I/ActivityManager( 2171): START u0 {act=android.intent.action.MAIN cat=[android.intent.category.HOME] flg=0x10000100 cmp=com.android.settings/.FallbackHome} from uid 0 on display 0
05-23 11:20:21.278 W/System  ( 2171): ClassLoader referenced unknown path: 
05-23 11:20:21.279 W/System  ( 2171): ClassLoader referenced unknown path: /system/priv-app/Settings/lib/x86_64
05-23 11:20:21.319 W/art     ( 2627): Unexpected CPU variant for X86 using defaults: x86_64
05-23 11:20:21.346 D/ApplicationLoaders( 2171): ignored Vulkan layer search path /system/priv-app/Settings/lib/x86_64:/system/priv-app/Settings/Settings.apk!/lib/x86_64:/system/lib64:/vendor/lib64 for namespace 0x7fb71a9af160
05-23 11:20:21.515 I/ActivityManager( 2171): Loaded persisted task ids for user 0
05-23 11:20:21.809 W/ActivityManager( 2171): Slow operation: 73ms so far, now at startProcess: returned from zygote!
05-23 11:20:21.809 W/ActivityManager( 2171): Slow operation: 74ms so far, now at startProcess: done updating battery stats
05-23 11:20:21.809 W/ActivityManager( 2171): Slow operation: 74ms so far, now at startProcess: building log message
05-23 11:20:21.809 I/ActivityManager( 2171): Start proc 2641:com.android.settings/1000 for activity com.android.settings/.FallbackHome
05-23 11:20:21.809 W/ActivityManager( 2171): Slow operation: 74ms so far, now at startProcess: starting to update pids map
05-23 11:20:21.810 W/ActivityManager( 2171): Slow operation: 74ms so far, now at startProcess: done updating pids map
05-23 11:20:21.820 W/ActivityManager( 2171): Slow operation: 86ms so far, now at startProcess: done starting proc!
05-23 11:20:21.858 W/art     ( 2641): Unexpected CPU variant for X86 using defaults: x86_64
05-23 11:20:22.030 I/SystemServer( 2171): Enabled StrictMode for system server main thread.
05-23 11:20:22.054 D/ConditionProviders.SCP( 2171): onConnected
05-23 11:20:22.057 D/ZenLog  ( 2171): set_zen_mode: off,readXml
05-23 11:20:22.092 D/ConditionProviders( 2171): Subscribing to condition://android/schedule?days=1.2.3.4.5&start=22.0&end=7.0&exitAtAlarm=false with ComponentInfo{android/com.android.server.notification.ScheduleConditionProvider}
05-23 11:20:22.092 D/ZenLog  ( 2171): subscribe: condition://android/schedule?days=1.2.3.4.5&start=22.0&end=7.0&exitAtAlarm=false,ok
05-23 11:20:22.093 D/ConditionProviders( 2171): Subscribing to condition://android/schedule?days=6.7&start=23.30&end=10.0&exitAtAlarm=false with ComponentInfo{android/com.android.server.notification.ScheduleConditionProvider}
05-23 11:20:22.093 D/ZenLog  ( 2171): subscribe: condition://android/schedule?days=6.7&start=23.30&end=10.0&exitAtAlarm=false,ok
05-23 11:20:22.094 D/ConditionProviders( 2171): Subscribing to condition://android/event?userId=-10000&calendar=&reply=1 with ComponentInfo{android/com.android.server.notification.EventConditionProvider}
05-23 11:20:22.094 D/ZenLog  ( 2171): subscribe: condition://android/event?userId=-10000&calendar=&reply=1,ok
05-23 11:20:22.364 D/PermissionCache( 1321): checking android.permission.READ_FRAME_BUFFER for uid=1000 => granted (5271 us)
05-23 11:20:22.392 D/gralloc ( 1321): Registering a buffer in the process that created it. This may cause memory ordering problems.
05-23 11:20:22.393 E/libEGL  ( 1321): called unimplemented OpenGL ES API
05-23 11:20:22.393 E/SurfaceFlinger( 1321): glCheckFramebufferStatusOES error 261322138
05-23 11:20:22.393 E/SurfaceFlinger( 1321): got GL_FRAMEBUFFER_COMPLETE_OES error while taking screenshot
05-23 11:20:22.555 D/RttService( 2171): SCAN_AVAILABLE : 1
05-23 11:20:22.556 D/ZenLog  ( 2171): set_zen_mode: off,cleanUpZenRules
05-23 11:20:22.646 W/System  ( 2627): ClassLoader referenced unknown path: /system/priv-app/TeleService/lib/x86_64
05-23 11:20:22.664 W/System  ( 2641): ClassLoader referenced unknown path: /system/priv-app/Settings/lib/x86_64
05-23 11:20:22.892 W/System  ( 2171): ClassLoader referenced unknown path: /system/priv-app/Telecom/lib/x86_64
05-23 11:20:22.896 D/ApplicationLoaders( 2171): ignored Vulkan layer search path /system/priv-app/Telecom/lib/x86_64:/system/priv-app/Telecom/Telecom.apk!/lib/x86_64:/system/lib64:/vendor/lib64 for namespace 0x7fb71a9af1d0
05-23 11:20:23.669 W/System  ( 2627): ClassLoader referenced unknown path: /system/priv-app/TelephonyProvider/lib/x86_64
05-23 11:20:23.695 D/ApplicationLoaders( 2627): ignored Vulkan layer search path /system/priv-app/TelephonyProvider/lib/x86_64:/system/lib64:/vendor/lib64 for namespace 0x7fb71a99f0f0
05-23 11:20:23.994 W/        ( 1269): debuggerd: handling request: pid=1327 uid=1047 gid=1005 tid=1327
05-23 11:20:23.997 W/        ( 1268): debuggerd: handling request: pid=1327 uid=1047 gid=1005 tid=1327
05-23 11:20:24.009 E/BluetoothAdapter( 2171): Bluetooth binder is null
05-23 11:20:24.055 I/InputReader( 2171): Reconfiguring input devices.  changes=0x00000020
05-23 11:20:24.085 I/InputReader( 2171): Reconfiguring input devices.  changes=0x00000010
05-23 11:20:24.393 I/Telecom ( 2171): SystemStateProvider: Registering car mode receiver: android.content.IntentFilter@c272fef: TS.init@AAA
05-23 11:20:24.410 W/WindowManager( 2171): App freeze timeout expired.
05-23 11:20:24.411 W/WindowManager( 2171): Force clearing freeze: AppWindowToken{582ee9 token=Token{8af9b3 ActivityRecord{2de7b22 u0 com.android.settings/.FallbackHome t1}}}
05-23 11:20:24.854 I/Telecom ( 2171): Telecom: Non-call EVENT: AUDIO_ROUTE, Entering state QuiescentEarpieceRoute
05-23 11:20:24.913 D/gralloc_ranchu( 2641): Emulator without host-side GPU emulation detected. Loading gralloc.default.so from /vendor/lib64/hw/gralloc.goldfish.default.so...
05-23 11:20:24.916 D/gralloc_ranchu( 2641): gralloc.default.so not found in /vendor. Trying /system/lib64/hw/gralloc.goldfish.default.so...
05-23 11:20:25.059 W/        ( 1268): debuggerd: resuming target 1327
05-23 11:20:25.065 I/WindowManager( 2171): Screen frozen for +2s788ms due to Window{b629987 u0 KeyguardScrim}
05-23 11:20:25.073 W/        ( 1269): debuggerd: handling request: pid=1328 uid=1019 gid=1019 tid=1328
05-23 11:20:25.075 W/        ( 1268): debuggerd: handling request: pid=1328 uid=1019 gid=1019 tid=1328
05-23 11:20:25.214 I/Telecom ( 2171): CallAudioModeStateMachine: Message received: null.: TS.init->CAMSM.pM_1@AAA_0
05-23 11:20:25.228 I/WifiScanningService( 2171): wifi driver unloaded
05-23 11:20:25.229 D/RttService( 2171): DefaultState got{ when=-2s674ms what=160513 target=com.android.internal.util.StateMachine$SmHandler }
05-23 11:20:25.343 E/ActivityThread( 2171): Failed to find provider info for call_log
05-23 11:20:25.357 E/BluetoothAdapter( 2171): Bluetooth binder is null
05-23 11:20:25.418 I/ActivityManager( 2171): Displayed com.android.settings/.FallbackHome: +3s683ms
05-23 11:20:25.526 I/Telecom ( 2171): Class: TelecomSystem.INSTANCE being set
05-23 11:20:25.543 E/BluetoothAdapter( 2171): Bluetooth binder is null
05-23 11:20:25.563 D/TelephonyProvider( 2627): dbh.onOpen: ok, queried table=siminfo
05-23 11:20:25.565 D/TelephonyProvider( 2627): dbh.onOpen: ok, queried table=carriers
05-23 11:20:25.658 W/        ( 1268): debuggerd: resuming target 1328
05-23 11:20:25.680 W/ContextImpl( 2171): Calling a method in the system process without a qualified user: android.app.ContextImpl.startService:1357 com.android.server.content.SyncManager$13.run:658 android.os.Handler.handleCallback:751 android.os.Handler.dispatchMessage:95 android.os.Looper.loop:154 
05-23 11:20:25.691 W/        ( 1269): debuggerd: handling request: pid=1331 uid=1046 gid=1006 tid=1331
05-23 11:20:25.693 W/        ( 1268): debuggerd: handling request: pid=1331 uid=1046 gid=1006 tid=1331
05-23 11:20:26.399 W/        ( 1268): debuggerd: resuming target 1331
05-23 11:20:26.544 W/System  ( 2171): ClassLoader referenced unknown path: /system/priv-app/FusedLocation/lib/x86_64
05-23 11:20:26.548 D/ApplicationLoaders( 2171): ignored Vulkan layer search path /system/priv-app/FusedLocation/lib/x86_64:/system/priv-app/FusedLocation/FusedLocation.apk!/lib/x86_64:/system/lib64:/vendor/lib64 for namespace 0x7fb71a9af240
05-23 11:20:26.667 W/        ( 1269): debuggerd: handling request: pid=1334 uid=1013 gid=1031 tid=1334
05-23 11:20:26.669 W/        ( 1268): debuggerd: handling request: pid=1334 uid=1013 gid=1031 tid=1334
05-23 11:20:27.062 W/        ( 1268): debuggerd: resuming target 1334
05-23 11:20:27.098 W/        ( 1269): debuggerd: handling request: pid=1335 uid=1040 gid=1026 tid=1335
05-23 11:20:27.131 W/        ( 1268): debuggerd: handling request: pid=1335 uid=1040 gid=1026 tid=1335
05-23 11:20:27.139 V/WiredAccessoryManager( 2171): notifyWiredAccessoryChanged: when=0 bits= mask=54
05-23 11:20:27.220 V/WiredAccessoryManager( 2171): newName=h2w newState=0 headsetState=0 prev headsetState=0
05-23 11:20:27.220 E/WiredAccessoryManager( 2171): No state change.
05-23 11:20:27.220 V/WiredAccessoryManager( 2171): init()
05-23 11:20:27.227 D/ConditionProviders.SCP( 2171): onSubscribe condition://android/schedule?days=1.2.3.4.5&start=22.0&end=7.0&exitAtAlarm=false
05-23 11:20:27.229 D/ConditionProviders.SCP( 2171): setRegistered true
05-23 11:20:27.335 D/ConditionProviders.SCP( 2171): notifyCondition condition://android/schedule?days=1.2.3.4.5&start=22.0&end=7.0&exitAtAlarm=false STATE_FALSE reason=!meetsSchedule
05-23 11:20:27.394 I/art     ( 2171): Starting a blocking GC Explicit
05-23 11:20:27.552 D/ConditionProviders.SCP( 2171): Scheduling evaluate for Sun May 23 22:00:00 UTC 2021 (1621807200000), in +10h39m32s668ms, now=Sun May 23 11:20:27 UTC 2021 (1621768827332)
05-23 11:20:27.553 D/ConditionProviders.SCP( 2171): onSubscribe condition://android/schedule?days=6.7&start=23.30&end=10.0&exitAtAlarm=false
05-23 11:20:27.555 D/ConditionProviders.SCP( 2171): notifyCondition condition://android/schedule?days=6.7&start=23.30&end=10.0&exitAtAlarm=false STATE_FALSE reason=!meetsSchedule
05-23 11:20:27.556 D/ConditionProviders.SCP( 2171): notifyCondition condition://android/schedule?days=1.2.3.4.5&start=22.0&end=7.0&exitAtAlarm=false STATE_FALSE reason=!meetsSchedule
05-23 11:20:27.559 D/ConditionProviders.SCP( 2171): Scheduling evaluate for Sun May 23 22:00:00 UTC 2021 (1621807200000), in +10h39m32s445ms, now=Sun May 23 11:20:27 UTC 2021 (1621768827555)
05-23 11:20:28.384 W/        ( 1268): debuggerd: resuming target 1335
05-23 11:20:28.388 W/        ( 1269): debuggerd: handling request: pid=1336 uid=1013 gid=1005 tid=1336
05-23 11:20:28.389 W/        ( 1268): debuggerd: handling request: pid=1336 uid=1013 gid=1005 tid=1336
05-23 11:20:29.248 W/        ( 1268): debuggerd: resuming target 1336
05-23 11:20:29.323 W/        ( 1269): debuggerd: handling request: pid=2459 uid=1023 gid=1023 tid=2459
05-23 11:20:30.201 I/art     ( 2390): Background sticky concurrent mark sweep GC freed 18281(2MB) AllocSpace objects, 2(40KB) LOS objects, 30% free, 7MB/10MB, paused 1.542ms total 893.339ms
05-23 11:20:30.552 I/art     ( 2171): Wrote stack traces to '/data/anr/traces.txt'
05-23 11:20:30.752 W/art     ( 2171): Long monitor contention with owner android.bg (2218) at boolean android.os.MessageQueue.enqueueMessage(android.os.Message, long)(MessageQueue.java:541) waiters=0 in android.os.Message android.os.MessageQueue.next() for 439ms
05-23 11:20:30.951 W/art     ( 2171): Long monitor contention with owner ConditionProviders.ECP (2360) at void com.android.server.AlarmManagerService$2.remove(android.app.PendingIntent, android.app.IAlarmListener)(AlarmManagerService.java:1325) waiters=0 in void com.android.server.notification.EventConditionProvider.onSubscribe(android.net.Uri) for 3.238s
05-23 11:20:30.955 I/Telecom ( 2171): WiredHeadsetManager: ACTION_HEADSET_PLUG event, plugged in: false, : WHC.oADA@AAE
05-23 11:20:31.050 W/art     ( 2171): Suspending all threads took: 20.877ms
05-23 11:20:31.163 I/ActivityManager( 2171): user 0 is still locked. Cannot load recents
05-23 11:20:31.201 I/art     ( 2171): Explicit concurrent mark sweep GC freed 24754(1991KB) AllocSpace objects, 14(4MB) LOS objects, 30% free, 9MB/13MB, paused 25.577ms total 3.767s
05-23 11:20:31.258 I/GnssLocationProvider( 2171): WakeLock released by handleMessage(13, 0, null)
05-23 11:20:31.434 W/art     ( 2171): Long monitor contention with owner Binder:2171_2 (2190) at android.content.Intent com.android.server.am.ActivityManagerService.registerReceiver(android.app.IApplicationThread, java.lang.String, android.content.IIntentReceiver, android.content.IntentFilter, java.lang.String, int)(ActivityManagerService.java:17625) waiters=2 in java.lang.String com.android.server.am.ActivityManagerService.checkContentProviderAccess(java.lang.String, int) for 176ms
05-23 11:20:31.625 W/        ( 1269): debuggerd: resuming target 2459
05-23 11:20:31.628 W/        ( 1269): debuggerd: handling request: pid=2505 uid=1023 gid=1023 tid=2505
05-23 11:20:31.874 W/        ( 1269): debuggerd: resuming target 2505
05-23 11:20:34.012 W/ProcessCpuTracker( 2171): Skipping unknown process pid 2711
05-23 11:20:34.252 W/SystemConfig( 2627): No directory /system/etc/sysconfig, skipping
05-23 11:20:34.856 D/PhoneSwitcherNetworkRequstListener( 2627): Registering NetworkFactory
05-23 11:20:34.859 D/ConnectivityService( 2171): Got NetworkFactory Messenger for PhoneSwitcherNetworkRequstListener
05-23 11:20:34.975 W/ProcessCpuTracker( 2171): Skipping unknown process pid 2705
05-23 11:20:34.976 W/ProcessCpuTracker( 2171): Skipping unknown process pid 2710
05-23 11:20:35.064 D/ConnectivityService( 2171): Got NetworkFactory Messenger for TelephonyNetworkFactory[0]
05-23 11:20:35.602 W/System  ( 2390): ClassLoader referenced unknown path: 
05-23 11:20:35.603 W/System  ( 2390): ClassLoader referenced unknown path: /system/priv-app/Dialer/lib/x86_64
05-23 11:20:35.607 D/ApplicationLoaders( 2390): ignored Vulkan layer search path /system/priv-app/Dialer/lib/x86_64:/system/lib64:/vendor/lib64 for namespace 0x7fb71a99f0f0
05-23 11:20:35.619 D/CarrierConfigLoader( 2627): CarrierConfigLoader has started
05-23 11:20:35.633 E/BluetoothAdapter( 2627): Bluetooth binder is null
05-23 11:20:36.231 I/Telephony( 2627): TtyManager: updateUiTtyMode -1 -> 0
05-23 11:20:37.297 D/AlarmManagerService( 2171): Kernel timezone updated to 0 minutes west of GMT
05-23 11:20:37.481 D/AlarmManagerService( 2171): Setting time of day to sec=1621768838
05-23 11:20:38.223 W/AlarmManagerService( 2171): Unable to set rtc to 1621768838: No such device
05-23 11:20:38.362 E/BluetoothAdapter( 2390): Bluetooth binder is null
05-23 11:20:38.929 E/ActivityManager( 2171): ANR in system
05-23 11:20:38.929 E/ActivityManager( 2171): PID: 2171
05-23 11:20:38.929 E/ActivityManager( 2171): Reason: executing service com.android.server.telecom/.components.TelecomService
05-23 11:20:38.929 E/ActivityManager( 2171): Load: 10.62 / 4.55 / 1.76
05-23 11:20:38.929 E/ActivityManager( 2171): CPU usage from 2559ms to -26208ms ago (2021-05-23 11:20:08.942 to 2021-05-23 11:20:38.385):
05-23 11:20:38.929 E/ActivityManager( 2171):   68% 1321/surfaceflinger: 31% user + 36% kernel / faults: 75 minor
05-23 11:20:38.929 E/ActivityManager( 2171):   38% 1698/bootanimation: 14% user + 23% kernel
05-23 11:20:38.929 E/ActivityManager( 2171):   23% 2171/system_server: 6% user + 17% kernel / faults: 3753 minor 26 major
05-23 11:20:38.929 E/ActivityManager( 2171):   11% 2390/com.android.systemui: 4% user + 7.5% kernel / faults: 5055 minor 43 major
05-23 11:20:38.929 E/ActivityManager( 2171):   7.8% 1331/media.codec: 3.1% user + 4.6% kernel / faults: 4768 minor 7 major
05-23 11:20:38.929 E/ActivityManager( 2171):   4.1% 8/rcu_preempt: 0% user + 4.1% kernel
05-23 11:20:38.929 E/ActivityManager( 2171):   3.5% 1323/adbd: 0.2% user + 3.2% kernel / faults: 1619 minor
05-23 11:20:38.929 E/ActivityManager( 2171):   0.7% 2382/com.android.inputmethod.latin: 0.1% user + 0.6% kernel / faults: 415 minor
05-23 11:20:38.929 E/ActivityManager( 2171):   0.6% 1320/servicemanager: 0.2% user + 0.4% kernel
05-23 11:20:38.929 E/ActivityManager( 2171):   0.6% 1336/mediaserver: 0.3% user + 0.3% kernel / faults: 71 minor
05-23 11:20:38.929 E/ActivityManager( 2171):   0.5% 1335/media.extractor: 0% user + 0.4% kernel / faults: 101 minor
05-23 11:20:38.929 E/ActivityManager( 2171):   0.1% 1269/debuggerd64: 0% user + 0.1% kernel / faults: 103 minor
05-23 11:20:38.929 E/ActivityManager( 2171):   0.3% 1324/zygote64: 0% user + 0.2% kernel / faults: 296 minor
05-23 11:20:38.929 E/ActivityManager( 2171):   0.3% 1337/netd: 0% user + 0.3% kernel / faults: 97 minor
05-23 11:20:38.929 E/ActivityManager( 2171):   0.3% 1267/logd: 0% user + 0.2% kernel / faults: 16 minor
05-23 11:20:38.929 E/ActivityManager( 2171):   0.2% 17/kworker/u4:1: 0% user + 0.2% kernel
05-23 11:20:38.929 E/ActivityManager( 2171):   0.2% 1255/kworker/0:1H: 0% user + 0.2% kernel
05-23 11:20:38.929 E/ActivityManager( 2171):   0.2% 3/ksoftirqd/0: 0% user + 0.2% kernel
05-23 11:20:38.929 E/ActivityManager( 2171):   0% 1268/debuggerd: 0% user + 0% kernel / faults: 188 minor
05-23 11:20:38.929 E/ActivityManager( 2171):   0.2% 1326/audioserver: 0% user + 0.1% kernel / faults: 38 minor
05-23 11:20:38.929 E/ActivityManager( 2171):   0.2% 1383/logcat: 0% user + 0.1% kernel
05-23 11:20:38.929 E/ActivityManager( 2171):   0.1% 12/ksoftirqd/1: 0% user + 0.1% kernel
05-23 11:20:38.929 E/ActivityManager( 2171):   0% 1327/cameraserver: 0% user + 0% kernel / faults: 69 minor
05-23 11:20:38.929 E/ActivityManager( 2171):   0% 1338/rild: 0% user + 0% kernel / faults: 6 minor
05-23 11:20:38.929 E/ActivityManager( 2171):   0.1% 1265/jbd2/vdc-8: 0% user + 0.1% kernel
05-23 11:20:38.929 E/ActivityManager( 2171):   0% 1//init: 0% user + 0% kernel / faults: 2 minor
05-23 11:20:38.929 E/ActivityManager( 2171):   0% 1342/fingerprintd: 0% user + 0% kernel
05-23 11:20:38.929 E/ActivityManager( 2171):   0% 13/kworker/1:0: 0% user + 0% kernel
05-23 11:20:38.929 E/ActivityManager( 2171):   0% 673/kworker/0:1: 0% user + 0% kernel
05-23 11:20:38.929 E/ActivityManager( 2171):   0% 1319/lmkd: 0% user + 0% kernel
05-23 11:20:38.929 E/ActivityManager( 2171):   0% 1334/mediadrmserver: 0% user + 0% kernel / faults: 18 minor
05-23 11:20:38.929 E/ActivityManager( 2171):  +0% 2627/com.android.phone: 0% user + 0% kernel
05-23 11:20:38.929 E/ActivityManager( 2171):  +0% 2641/com.android.settings: 0% user + 0% kernel
05-23 11:20:38.929 E/ActivityManager( 2171): 99% TOTAL: 34% user + 64% kernel + 0.4% softirq
05-23 11:20:38.929 E/ActivityManager( 2171): CPU usage from 23477ms to 25294ms later (2021-05-23 11:20:34.978 to 2021-05-23 11:20:36.796) with 99% awake:
05-23 11:20:38.929 E/ActivityManager( 2171):   103% 1321/surfaceflinger: 46% user + 57% kernel
05-23 11:20:38.929 E/ActivityManager( 2171):     57% 1321/surfaceflinger: 26% user + 31% kernel
05-23 11:20:38.929 E/ActivityManager( 2171):     20% 1691/EventThread: 9.8% user + 10% kernel
05-23 11:20:38.929 E/ActivityManager( 2171):     17% 1657/DispSync: 0% user + 17% kernel
05-23 11:20:38.929 E/ActivityManager( 2171):     2.7% 1886/Binder:1321_3: 1% user + 1.6% kernel
05-23 11:20:38.929 E/ActivityManager( 2171):     1.6% 1656/Binder:1321_2: 1% user + 0.5% kernel
05-23 11:20:38.929 E/ActivityManager( 2171):     1% 1688/POSIX timer 0: 0% user + 1% kernel
05-23 11:20:38.929 E/ActivityManager( 2171):     1% 1690/POSIX timer 1: 0% user + 1% kernel
05-23 11:20:38.929 E/ActivityManager( 2171):     0.5% 1655/Binder:1321_1: 0% user + 0.5% kernel
05-23 11:20:38.929 E/ActivityManager( 2171):     0.5% 1689/EventThread: 0% user + 0.5% kernel
05-23 11:20:38.929 E/ActivityManager( 2171):     0.5% 2618/Binder:1321_4: 0% user + 0.5% kernel
05-23 11:20:38.929 E/ActivityManager( 2171):   26% 2171/system_server: 1.7% user + 24% kernel / faults: 49 minor 1 major
05-23 11:20:38.929 E/ActivityManager( 2171):     12% 2219/ActivityManager: 1.7% user + 10% kernel
05-23 11:20:38.929 E/ActivityManager( 2171):     4% 2649/Binder:2171_6: 0.5% user + 3.4% kernel
05-23 11:20:38.929 E/ActivityManager( 2171):     2.9% 2188/Binder:2171_1: 0% user + 2.9% kernel
05-23 11:20:38.929 E/ActivityManager( 2171):     2.3% 2655/Binder:2171_7: 1.7% user + 0.5% kernel
05-23 11:20:38.929 E/ActivityManager( 2171):     1.7% 2191/Binder:2171_3: 0% user + 1.7% kernel
05-23 11:20:38.929 E/ActivityManager( 2171):     1.7% 2411/Binder:2171_4: 0% user + 1.7% kernel
05-23 11:20:38.929 E/ActivityManager( 2171):     1.1% 2436/Binder:2171_5: 0.5% user + 0.5% kernel
05-23 11:20:38.929 E/ActivityManager( 2171):     0.5% 2183/HeapTaskDaemon: 0% user + 0.5% kernel
05-23 11:20:38.929 E/ActivityManager( 2171):     0.5% 2190/Binder:2171_2: 0% user + 0.5% kernel
05-23 11:20:38.929 E/ActivityManager( 2171):     0.5% 2232/PowerManagerSer: 0.5% user + 0% kernel
05-23 11:20:38.929 E/ActivityManager( 2171):    +0% 2720/AsyncTask #4: 0% user + 0% kernel
05-23 11:20:38.929 E/ActivityManager( 2171):   18% 1698/bootanimation: 0% user + 18% kernel
05-23 11:20:38.929 E/ActivityManager( 2171):     18% 1885/BootAnimation: 0% user + 18% kernel
05-23 11:20:38.929 E/ActivityManager( 2171):   11% 2641/com.android.settings: 2.4% user + 9.2% kernel / faults: 2 minor
05-23 11:20:38.929 E/ActivityManager( 2171):     9.8% 2641/ndroid.settings: 1.2% user + 8.6% kernel
05-23 11:20:38.929 E/ActivityManager( 2171):     1.2% 2646/Jit thread pool: 0.6% user + 0.6% kernel
05-23 11:20:38.929 E/ActivityManager( 2171):     0.6% 2656/Binder:2641_2: 0% user + 0.6% kernel
05-23 11:20:38.929 E/ActivityManager( 2171):   9.7% 2627/com.android.phone: 1.1% user + 8.6% kernel / faults: 135 minor 7 major
05-23 11:20:38.929 E/ActivityManager( 2171):     7.4% 2627/m.android.phone: 1.7% user + 5.7% kernel
05-23 11:20:38.929 E/ActivityManager( 2171):     1.1% 2691/RILSender0: 0% user + 1.1% kernel
05-23 11:20:38.929 E/ActivityManager( 2171):     0.5% 2692/RILReceiver0: 0% user + 0.5% kernel
05-23 11:20:38.929 E/ActivityManager( 2171):   8.4% 2390/com.android.systemui: 1
05-23 11:20:38.958 I/CameraManagerGlobal( 2390): Connecting to camera service
05-23 11:20:39.189 W/BroadcastQueue( 2171): Timeout of broadcast BroadcastRecord{dd85d25 u-1 android.intent.action.TIME_TICK} - receiver=android.os.BinderProxy@5a7234, started 28400ms ago
05-23 11:20:39.189 W/BroadcastQueue( 2171): Receiver during timeout: BroadcastFilter{e9035d2 u0 ReceiverList{d86a85d 2390 com.android.systemui/10021/u0 remote:5a7234}}
05-23 11:20:39.195 D/GpsNetInitiatedHandler( 2171): location enabled :true
05-23 11:20:39.337 D/ConditionProviders.SCP( 2171): onReceive android.intent.action.TIME_SET
05-23 11:20:39.401 W/art     ( 2171): Long monitor contention with owner ActivityManager (2219) at void com.android.server.am.BroadcastQueue.processNextBroadcast(boolean)(BroadcastQueue.java:760) waiters=0 in int com.android.server.am.ActivityManagerService.broadcastIntent(android.app.IApplicationThread, android.content.Intent, java.lang.String, android.content.IIntentReceiver, int, java.lang.String, android.os.Bundle, java.lang.String[], int, android.os.Bundle, boolean, boolean, int) for 194ms
05-23 11:20:39.420 V/EmulatedCamera_Camera( 1327): getCameraInfo
05-23 11:20:39.421 V/EmulatedCamera_BaseCamera( 1327): getCameraInfo
05-23 11:20:39.421 I/CameraService( 1327): getCameraCharacteristics: Switching to HAL1 shim implementation...
05-23 11:20:39.421 V/EmulatedCamera_Camera( 1327): getCameraInfo
05-23 11:20:39.421 V/EmulatedCamera_BaseCamera( 1327): getCameraInfo
05-23 11:20:39.424 I/CameraService( 1327): CameraService::connect call (PID -1 "cameraserver", camera ID 0) for HAL version default and Camera API version 1
05-23 11:20:39.405 D/ConditionProviders.SCP( 2171): notifyCondition condition://android/schedule?days=6.7&start=23.30&end=10.0&exitAtAlarm=false STATE_FALSE reason=!meetsSchedule
05-23 11:20:39.507 E/CameraService( 1327): getCameraPriorityFromProcState: Received invalid process state -1 from ActivityManagerService!
05-23 11:20:39.508 V/EmulatedCamera_Camera( 1327): getCameraInfo
05-23 11:20:39.509 V/EmulatedCamera_BaseCamera( 1327): getCameraInfo
05-23 11:20:39.670 D/ConditionProviders.SCP( 2171): notifyCondition condition://android/schedule?days=1.2.3.4.5&start=22.0&end=7.0&exitAtAlarm=false STATE_FALSE reason=!meetsSchedule
05-23 11:20:39.676 W/art     ( 2171): Long monitor contention with owner ActivityManager (2219) at void com.android.server.am.BroadcastQueue.processNextBroadcast(boolean)(BroadcastQueue.java:760) waiters=1 in int com.android.server.am.ActivityManagerService.broadcastIntent(android.app.IApplicationThread, android.content.Intent, java.lang.String, android.content.IIntentReceiver, int, java.lang.String, android.os.Bundle, java.lang.String[], int, android.os.Bundle, boolean, boolean, int) for 184ms
05-23 11:20:39.777 D/ConditionProviders.SCP( 2171): Scheduling evaluate for Sun May 23 22:00:00 UTC 2021 (1621807200000), in +10h39m20s663ms, now=Sun May 23 11:20:39 UTC 2021 (1621768839337)
05-23 11:20:40.053 V/KeyguardServiceDelegate( 2171): *** Keyguard started
05-23 11:20:40.286 W/KeyguardServiceDelegate( 2171): onScreenTurningOn(): no keyguard service!
05-23 11:20:40.993 E/WVMExtractor( 1336): Failed to open libwvm.so: dlopen failed: library "libwvm.so" not found
05-23 11:20:41.111 W/art     ( 2171): Suspending all threads took: 43.029ms
05-23 11:20:41.282 W/art     ( 2736): Unexpected CPU variant for X86 using defaults: x86_64
05-23 11:20:41.600 D/NuPlayerDriver( 1336): notifyListener_l(0xe748c120), (1, 0, 0), loop setting(0, 0)
05-23 11:20:41.654 I/art     ( 2171): Background sticky concurrent mark sweep GC freed 30466(1477KB) AllocSpace objects, 4(812KB) LOS objects, 20% free, 10MB/13MB, paused 302.569ms total 1.824s
05-23 11:20:41.762 D/NuPlayerDriver( 1336): notifyListener_l(0xe8ca8c00), (1, 0, 0), loop setting(0, 0)
05-23 11:20:42.022 D/NuPlayerDriver( 1336): notifyListener_l(0xe8ca8de0), (1, 0, 0), loop setting(0, 0)
05-23 11:20:42.101 I/CameraFlashlight( 1327): Opening camera 0
05-23 11:20:42.101 V/EmulatedCamera_Camera( 1327): getCameraInfo
05-23 11:20:42.101 V/EmulatedCamera_BaseCamera( 1327): getCameraInfo
05-23 11:20:42.101 V/EmulatedCamera_Camera( 1327): connectCamera
05-23 11:20:42.101 V/EmulatedCamera_FakeDevice( 1327): connectDevice
05-23 11:20:42.102 V/EmulatedCamera_CallbackNotifier( 1327): setCallbacks: 0xee953e80, 0xee953ed0, 0xee953ff0, 0xee954110 (0xedec3460)
05-23 11:20:42.102 V/EmulatedCamera_CallbackNotifier( 1327): enableMessage: msg_type = 0xc0d
05-23 11:20:42.102 V/EmulatedCamera_CallbackNotifier( 1327):     CAMERA_MSG_ERROR
05-23 11:20:42.102 V/EmulatedCamera_CallbackNotifier( 1327):     CAMERA_MSG_FOCUS
05-23 11:20:42.102 V/EmulatedCamera_CallbackNotifier( 1327):     CAMERA_MSG_ZOOM
05-23 11:20:42.102 V/EmulatedCamera_CallbackNotifier( 1327):     CAMERA_MSG_PREVIEW_METADATA
05-23 11:20:42.102 V/EmulatedCamera_CallbackNotifier( 1327): **** Currently enabled messages:
05-23 11:20:42.102 V/EmulatedCamera_CallbackNotifier( 1327):     CAMERA_MSG_ERROR
05-23 11:20:42.102 V/EmulatedCamera_CallbackNotifier( 1327):     CAMERA_MSG_FOCUS
05-23 11:20:42.102 V/EmulatedCamera_CallbackNotifier( 1327):     CAMERA_MSG_ZOOM
05-23 11:20:42.102 V/EmulatedCamera_CallbackNotifier( 1327):     CAMERA_MSG_PREVIEW_METADATA
05-23 11:20:42.217 V/EmulatedCamera_CallbackNotifier( 1327): disableMessage: msg_type = 0xffff
05-23 11:20:42.217 V/EmulatedCamera_CallbackNotifier( 1327):     CAMERA_MSG_ERROR
05-23 11:20:42.217 V/EmulatedCamera_CallbackNotifier( 1327):     CAMERA_MSG_SHUTTER
05-23 11:20:42.217 V/EmulatedCamera_CallbackNotifier( 1327):     CAMERA_MSG_FOCUS
05-23 11:20:42.217 V/EmulatedCamera_CallbackNotifier( 1327):     CAMERA_MSG_ZOOM
05-23 11:20:42.217 V/EmulatedCamera_CallbackNotifier( 1327):     CAMERA_MSG_PREVIEW_FRAME
05-23 11:20:42.217 V/EmulatedCamera_CallbackNotifier( 1327):     CAMERA_MSG_VIDEO_FRAME
05-23 11:20:42.217 V/EmulatedCamera_CallbackNotifier( 1327):     CAMERA_MSG_POSTVIEW_FRAME
05-23 11:20:42.217 V/EmulatedCamera_CallbackNotifier( 1327):     CAMERA_MSG_RAW_IMAGE
05-23 11:20:42.217 V/EmulatedCamera_CallbackNotifier( 1327):     CAMERA_MSG_COMPRESSED_IMAGE
