05-23 11:21:55.497 W/ActivityManager( 2171): Slow operation: 76ms so far, now at getContentProviderImpl: done!
05-23 11:21:55.601 V/AlarmClock( 2847): AlarmInitReceiver finished
05-23 11:21:55.634 I/ActivityManager( 2171): Start proc 3147:com.android.email/u0a34 for broadcast com.android.email/.service.EmailBroadcastReceiver
05-23 11:21:55.646 W/art     ( 3147): Unexpected CPU variant for X86 using defaults: x86_64
05-23 11:21:55.652 W/System  ( 3133): ClassLoader referenced unknown path: /system/priv-app/CalendarProvider/lib/x86_64
05-23 11:21:55.780 W/System  ( 3147): ClassLoader referenced unknown path: /system/app/Email/lib/x86_64
05-23 11:21:56.151 I/CalendarProvider2( 3133): Created com.android.providers.calendar.CalendarAlarmManager@5fea2d2(com.android.providers.calendar.CalendarProvider2@3737fa3)
05-23 11:21:56.296 D/AlarmScheduler( 3096): No events found starting within 1 week.
05-23 11:21:57.061 W/ActivityManager( 2171): Unable to start service Intent { act=com.android.email.EXCHANGE_INTENT pkg=com.android.exchange } U=0: not found
05-23 11:21:57.093 D/ActivityThread( 3147): Loading provider com.android.email.provider;com.android.email.notifier: com.android.email.provider.EmailProvider
05-23 11:21:57.168 W/ActivityManager( 2171): Unable to start service Intent { act=com.android.email.EXCHANGE_INTENT pkg=com.android.exchange } U=0: not found
05-23 11:21:57.181 D/ActivityThread( 3147): Loading provider com.android.email.provider;com.android.email.notifier: com.android.email.provider.EmailProvider
05-23 11:21:57.188 W/ActivityManager( 2171): Unable to start service Intent { act=com.android.email.EXCHANGE_INTENT pkg=com.android.exchange } U=0: not found
05-23 11:21:57.246 I/CalendarProvider2( 3133): Sending notification intent: Intent { act=android.intent.action.PROVIDER_CHANGED dat=content://com.android.calendar flg=0x20000000 }
05-23 11:21:57.248 W/ContentResolver( 3133): Failed to get type for: content://com.android.calendar (Unknown URL content://com.android.calendar)
05-23 11:21:57.383 W/ActivityManager( 2171): Unable to start service Intent { act=com.android.email.EXCHANGE_INTENT pkg=com.android.exchange } U=0: not found
05-23 11:21:57.391 W/ActivityManager( 2171): Unable to start service Intent { cmp=com.android.email/.service.AttachmentService } U=0: not found
05-23 11:21:57.460 I/SystemBroadcastReceiver( 2382): Boot has been completed
05-23 11:21:57.460 I/SystemBroadcastReceiver( 2382): toggleAppIcon() : FLAG_SYSTEM = true
05-23 11:21:57.496 W/ActivityManager( 2171): Unable to start service Intent { cmp=com.android.email/.service.AttachmentService } U=0: not found
05-23 11:21:57.506 W/ActivityManager( 2171): Unable to start service Intent { act=com.android.email.EXCHANGE_INTENT pkg=com.android.exchange } U=0: not found
05-23 11:21:57.512 W/ActivityManager( 2171): Unable to start service Intent { act=com.android.email.EXCHANGE_INTENT pkg=com.android.exchange } U=0: not found
05-23 11:21:57.537 E/ActivityThread( 3147): Service com.android.email.service.EmailBroadcastProcessorService has leaked ServiceConnection com.android.emailcommon.service.ServiceProxy$ProxyConnection@65619ef that was originally bound here
05-23 11:21:57.537 E/ActivityThread( 3147): android.app.ServiceConnectionLeaked: Service com.android.email.service.EmailBroadcastProcessorService has leaked ServiceConnection com.android.emailcommon.service.ServiceProxy$ProxyConnection@65619ef that was originally bound here
05-23 11:21:57.537 E/ActivityThread( 3147): 	at android.app.LoadedApk$ServiceDispatcher.<init>(LoadedApk.java:1336)
05-23 11:21:57.537 E/ActivityThread( 3147): 	at android.app.LoadedApk.getServiceDispatcher(LoadedApk.java:1231)
05-23 11:21:57.537 E/ActivityThread( 3147): 	at android.app.ContextImpl.bindServiceCommon(ContextImpl.java:1450)
05-23 11:21:57.537 E/ActivityThread( 3147): 	at android.app.ContextImpl.bindService(ContextImpl.java:1422)
05-23 11:21:57.537 E/ActivityThread( 3147): 	at android.content.ContextWrapper.bindService(ContextWrapper.java:636)
05-23 11:21:57.537 E/ActivityThread( 3147): 	at com.android.emailcommon.service.ServiceProxy.setTask(ServiceProxy.java:181)
05-23 11:21:57.537 E/ActivityThread( 3147): 	at com.android.emailcommon.service.ServiceProxy.test(ServiceProxy.java:224)
05-23 11:21:57.537 E/ActivityThread( 3147): 	at com.android.email.service.EmailServiceUtils.isServiceAvailable(EmailServiceUtils.java:160)
05-23 11:21:57.537 E/ActivityThread( 3147): 	at com.android.email.provider.AccountReconciler.reconcileAccountsInternal(AccountReconciler.java:171)
05-23 11:21:57.537 E/ActivityThread( 3147): 	at com.android.email.provider.AccountReconciler.reconcileAccounts(AccountReconciler.java:115)
05-23 11:21:57.537 E/ActivityThread( 3147): 	at com.android.email.service.EmailBroadcastProcessorService.reconcileAndStartServices(EmailBroadcastProcessorService.java:305)
05-23 11:21:57.537 E/ActivityThread( 3147): 	at com.android.email.service.EmailBroadcastProcessorService.onBootCompleted(EmailBroadcastProcessorService.java:295)
05-23 11:21:57.537 E/ActivityThread( 3147): 	at com.android.email.service.EmailBroadcastProcessorService.onHandleIntent(EmailBroadcastProcessorService.java:130)
05-23 11:21:57.537 E/ActivityThread( 3147): 	at android.app.IntentService$ServiceHandler.handleMessage(IntentService.java:68)
05-23 11:21:57.537 E/ActivityThread( 3147): 	at android.os.Handler.dispatchMessage(Handler.java:102)
05-23 11:21:57.537 E/ActivityThread( 3147): 	at android.os.Looper.loop(Looper.java:154)
05-23 11:21:57.537 E/ActivityThread( 3147): 	at android.os.HandlerThread.run(HandlerThread.java:61)
05-23 11:21:57.538 W/ActivityManager( 2171): Unbind failed: could not find connection for android.os.BinderProxy@81e270a
05-23 11:21:57.557 W/ActivityManager( 2171): Unable to start service Intent { act=com.android.email.EXCHANGE_INTENT pkg=com.android.exchange } U=0: not found
05-23 11:21:57.624 W/ActivityManager( 2171): Slow operation: 51ms so far, now at startProcess: done updating battery stats
05-23 11:21:57.624 W/ActivityManager( 2171): Slow operation: 51ms so far, now at startProcess: building log message
05-23 11:21:57.624 I/ActivityManager( 2171): Start proc 3171:com.android.managedprovisioning/u0a14 for broadcast com.android.managedprovisioning/.BootReminder
05-23 11:21:57.625 W/ActivityManager( 2171): Slow operation: 51ms so far, now at startProcess: starting to update pids map
05-23 11:21:57.625 W/ActivityManager( 2171): Slow operation: 52ms so far, now at startProcess: done updating pids map
05-23 11:21:57.625 W/ActivityManager( 2171): Slow operation: 52ms so far, now at startProcess: done starting proc!
05-23 11:21:57.626 W/ActivityManager( 2171): Unable to start service Intent { cmp=com.android.email/.service.AttachmentService } U=0: not found
05-23 11:21:57.634 W/art     ( 3171): Unexpected CPU variant for X86 using defaults: x86_64
05-23 11:21:57.657 I/Email   ( 3147): Observing account changes for notifications
05-23 11:21:57.742 W/ActivityManager( 2171): Unable to start service Intent { act=com.android.email.EXCHANGE_INTENT pkg=com.android.exchange } U=0: not found
05-23 11:21:57.774 W/System  ( 3171): ClassLoader referenced unknown path: /system/priv-app/ManagedProvisioning/lib/x86_64
05-23 11:21:57.883 W/art     ( 3185): Unexpected CPU variant for X86 using defaults: x86_64
05-23 11:21:57.900 I/ActivityManager( 2171): Start proc 3185:com.android.messaging/u0a54 for broadcast com.android.messaging/.receiver.BootAndPackageReplacedReceiver
05-23 11:21:57.986 W/System  ( 3185): ClassLoader referenced unknown path: /system/app/messaging/lib/x86_64
05-23 11:21:59.340 I/MessagingApp( 3185): Carrier config changed. Reloading MMS config.
05-23 11:21:59.381 V/VvmBootCompletedRcvr( 2627): processing subId list
05-23 11:21:59.427 I/MessagingAppDataModel( 3185): Fixup: Send failed - 0 Download failed - 0
05-23 11:21:59.430 E/VvmBootCompletedRcvr( 2627): phone account ComponentInfo{com.android.phone/com.android.services.telephony.TelephonyConnectionService}, [e2f7d48dd2b5ca523e7313cf4ba0f6ea830b6281], UserHandle{0} has invalid subId -1
05-23 11:21:59.765 I/MessagingAppDataModel( 3185): SyncMessagesAction: Starting batch for messages from 1616676894217 to 1621768919260 (message update limit = 80, message scan limit = 4000)
05-23 11:21:59.947 I/VvmSimChangeReceiver( 2627): Received SIM change for invalid subscription id.
05-23 11:22:00.106 D/AlertReceiver( 3096): onReceive: a=android.intent.action.PROVIDER_CHANGED Intent { act=android.intent.action.PROVIDER_CHANGED dat=content://com.android.calendar flg=0x20000010 cmp=com.android.calendar/.alerts.AlertReceiver }
05-23 11:22:00.439 D/AlertService( 3096): 0 Action = android.intent.action.PROVIDER_CHANGED
05-23 11:22:00.806 W/art     ( 3147): Suspending all threads took: 10.716ms
05-23 11:22:01.152 I/MessagingAppDataModel( 3185): SyncMessagesAction: All messages now in sync
05-23 11:22:02.266 W/MediaScanner( 3005): Error opening directory '/oem/media/', skipping: No such file or directory.
05-23 11:22:02.482 V/MediaScanner( 3005): pruneDeadThumbnailFiles... android.content.ContentProviderClient$CursorWrapperInner@cc8ad2c
05-23 11:22:02.483 V/MediaScanner( 3005): /pruneDeadThumbnailFiles... android.content.ContentProviderClient$CursorWrapperInner@cc8ad2c
05-23 11:22:05.481 I/GlobalDismissManager( 3096): no sender configured
05-23 11:22:05.483 D/AlertService( 3096): Beginning updateAlertNotification
05-23 11:22:05.517 D/AlertService( 3096): No fired or scheduled alerts
05-23 11:22:05.554 D/AlertService( 3096): Scheduling next alarm with AlarmScheduler. sEventReminderReceived: null
05-23 11:22:05.584 D/AlarmScheduler( 3096): No events found starting within 1 week.
05-23 11:22:10.385 I/ActivityManager( 2171): Waited long enough for: ServiceRecord{d2091bd u0 com.android.calendar/.alerts.InitAlarmsService}
05-23 11:22:24.597 W//sbin/adbd( 1323): type=1400 audit(0.0:16): avc: denied { search } for comm=7365727669636520363239 name="security" dev="vdc" ino=35203 scontext=u:r:adbd:s0 tcontext=u:object_r:security_file:s0 tclass=dir permissive=0
05-23 11:22:25.456 D/InitAlarmsService( 3096): Clearing and rescheduling alarms.
05-23 11:23:14.286 D/AndroidRuntime( 3220): >>>>>> START com.android.internal.os.RuntimeInit uid 2000 <<<<<<
05-23 11:23:14.309 D/AndroidRuntime( 3220): CheckJNI is ON
05-23 11:23:14.610 W/art     ( 3220): Unexpected CPU variant for X86 using defaults: x86_64
05-23 11:23:14.643 D/ICU     ( 3220): No timezone override file found: /data/misc/zoneinfo/current/icu/icu_tzdata.dat
05-23 11:23:14.794 E/memtrack( 3220): Couldn't load memtrack module (No such file or directory)
05-23 11:23:14.794 E/android.os.Debug( 3220): failed to load memtrack module: -2
05-23 11:23:14.801 I/Radio-JNI( 3220): register_android_hardware_Radio DONE
05-23 11:23:14.906 D/AndroidRuntime( 3220): Calling main entry com.android.commands.pm.Pm
05-23 11:23:15.001 I/        ( 1329): free_cache(132244295) avail 809549824
05-23 11:23:32.101 W/ActivityManager( 2171): Slow operation: 121ms so far, now at startProcess: returned from zygote!
05-23 11:23:32.102 W/ActivityManager( 2171): Slow operation: 124ms so far, now at startProcess: done updating battery stats
05-23 11:23:32.103 W/ActivityManager( 2171): Slow operation: 125ms so far, now at startProcess: building log message
05-23 11:23:32.104 I/ActivityManager( 2171): Start proc 3232:com.android.defcontainer/u0a7 for service com.android.defcontainer/.DefaultContainerService
05-23 11:23:32.104 W/ActivityManager( 2171): Slow operation: 125ms so far, now at startProcess: starting to update pids map
05-23 11:23:32.104 W/ActivityManager( 2171): Slow operation: 126ms so far, now at startProcess: done updating pids map
05-23 11:23:32.104 W/ActivityManager( 2171): Slow operation: 130ms so far, now at startProcess: done starting proc!
05-23 11:23:32.147 W/art     ( 3232): Unexpected CPU variant for X86 using defaults: x86_64
05-23 11:23:32.911 I/PackageManager.DexOptimizer( 2171): Running dexopt (dex2oat) on: /data/app/vmdl1770654046.tmp/base.apk pkg=jp.jaxa.iss.kibo.rpc.sampleapk isa=x86_64 vmSafeMode=false debuggable=true target-filter=interpret-only oatDir = /data/app/vmdl1770654046.tmp/oat sharedLibraries=null
05-23 11:23:33.104 W/dex2oat ( 3247): Unexpected CPU variant for X86 using defaults: x86_64
05-23 11:23:33.118 I/dex2oat ( 3247): /system/bin/dex2oat --compiler-filter=interpret-only --debuggable
05-23 11:23:35.453 W/dex2oat ( 3247): Before Android 4.1, method int android.support.v7.widget.ListViewCompat.lookForSelectablePosition(int, boolean) would have incorrectly overridden the package-private method in android.widget.ListView
05-23 11:23:36.061 W/dex2oat ( 3247): Before Android 4.1, method android.graphics.PorterDuffColorFilter android.support.graphics.drawable.VectorDrawableCompat.updateTintFilter(android.graphics.PorterDuffColorFilter, android.content.res.ColorStateList, android.graphics.PorterDuff$Mode) would have incorrectly overridden the package-private method in android.graphics.drawable.Drawable
05-23 11:23:44.660 W/dex2oat ( 3247): Compilation of java.lang.String org.opencv.android.StaticHelper.getLibraryList() took 167.274ms
05-23 11:23:44.665 W/dex2oat ( 3247): Compilation of void org.opencv.android.Utils.nBitmapToMat2(android.graphics.Bitmap, long, boolean) took 170.823ms
05-23 11:23:47.384 I/dex2oat ( 3247): dex2oat took 14.288s (threads: 2) arena alloc=548KB (561616B) java alloc=7MB (7507880B) native alloc=15MB (16211792B) free=4MB (4235440B)
05-23 11:23:47.630 D/installd( 1329): Detected label change from u:object_r:system_data_file:s0 to u:object_r:app_data_file:s0:c512,c768 at /data/data/jp.jaxa.iss.kibo.rpc.sampleapk; running recursive restorecon
05-23 11:23:47.641 D/installd( 1329): Detected label change from u:object_r:system_data_file:s0 to u:object_r:app_data_file:s0:c512,c768 at /data/user_de/0/jp.jaxa.iss.kibo.rpc.sampleapk; running recursive restorecon
05-23 11:23:47.651 V/BackupManagerService( 2171): restoreAtInstall pkg=jp.jaxa.iss.kibo.rpc.sampleapk token=1 restoreSet=0
05-23 11:23:47.653 W/BackupManagerService( 2171): Requested unavailable transport: android/com.android.internal.backup.LocalTransport
05-23 11:23:47.653 W/BackupManagerService( 2171): No transport
05-23 11:23:47.654 V/BackupManagerService( 2171): Finishing install immediately
05-23 11:23:47.682 I/GnssLocationProvider( 2171): WakeLock acquired by sendMessage(3, 0, com.android.server.location.GnssLocationProvider$GpsRequest@4bbc70c)
05-23 11:23:47.696 D/VoldConnector( 2171): SND -> {9 volume remount_uid 10064 default}
05-23 11:23:47.701 I/GnssLocationProvider( 2171): WakeLock released by handleMessage(3, 0, com.android.server.location.GnssLocationProvider$GpsRequest@4bbc70c)
05-23 11:23:47.703 I/GnssLocationProvider( 2171): WakeLock acquired by sendMessage(3, 0, com.android.server.location.GnssLocationProvider$GpsRequest@9e19855)
05-23 11:23:47.733 D/vold    ( 1270): Remounting 10064 as mode default
05-23 11:23:47.769 D/VoldConnector( 2171): RCV <- {200 9 Command succeeded}
05-23 11:23:47.777 D/VoldConnector( 2171): SND -> {10 volume remount_uid 10064 write}
05-23 11:23:47.779 D/vold    ( 1270): Remounting 10064 as mode write
05-23 11:23:47.786 I/GnssLocationProvider( 2171): WakeLock acquired by sendMessage(3, 0, com.android.server.location.GnssLocationProvider$GpsRequest@835f26a)
05-23 11:23:47.799 D/VoldConnector( 2171): RCV <- {200 10 Command succeeded}
05-23 11:23:47.802 I/GnssLocationProvider( 2171): WakeLock released by handleMessage(3, 0, com.android.server.location.GnssLocationProvider$GpsRequest@9e19855)
05-23 11:23:47.803 I/GnssLocationProvider( 2171): WakeLock released by handleMessage(3, 0, com.android.server.location.GnssLocationProvider$GpsRequest@835f26a)
05-23 11:23:47.823 I/art     ( 2171): Starting a blocking GC Explicit
05-23 11:23:47.928 I/art     ( 2171): Explicit concurrent mark sweep GC freed 22268(1376KB) AllocSpace objects, 12(288KB) LOS objects, 29% free, 9MB/13MB, paused 2.352ms total 95.354ms
05-23 11:23:47.930 E/        ( 1329): Couldn't opendir /data/app/vmdl1770654046.tmp: No such file or directory
05-23 11:23:48.047 I/InputReader( 2171): Reconfiguring input devices.  changes=0x00000010
05-23 11:23:48.084 W/art     ( 3250): Unexpected CPU variant for X86 using defaults: x86_64
05-23 11:23:48.133 W/ActivityManager( 2171): Slow operation: 119ms so far, now at startProcess: returned from zygote!
05-23 11:23:48.133 W/ActivityManager( 2171): Slow operation: 120ms so far, now at startProcess: done updating battery stats
05-23 11:23:48.133 W/ActivityManager( 2171): Slow operation: 120ms so far, now at startProcess: building log message
05-23 11:23:48.134 I/ActivityManager( 2171): Start proc 3250:com.android.gallery3d/u0a39 for broadcast com.android.gallery3d/.app.PackagesMonitor
05-23 11:23:48.134 W/ActivityManager( 2171): Slow operation: 120ms so far, now at startProcess: starting to update pids map
05-23 11:23:48.134 W/ActivityManager( 2171): Slow operation: 120ms so far, now at startProcess: done updating pids map
05-23 11:23:48.134 W/ActivityManager( 2171): Slow operation: 121ms so far, now at startProcess: done starting proc!
05-23 11:23:48.163 I/art     ( 3220): System.exit called, status: 0
05-23 11:23:48.164 I/AndroidRuntime( 3220): VM exiting with result code 0.
05-23 11:23:48.409 E/PhoneInterfaceManager( 2627): [PhoneIntfMgr] getCarrierPackageNamesForIntent: No UICC
05-23 11:23:48.409 D/CarrierSvcBindHelper( 2627): No carrier app for: 0
05-23 11:23:48.411 D/CarrierConfigLoader( 2627): mHandler: 9 phoneId: 0
05-23 11:23:48.970 W/VoiceInteractionManagerService( 2171): no available voice recognition services found for user 0
05-23 11:23:49.482 I/ActivityManager( 2171): Start proc 3271:com.svox.pico/u0a49 for broadcast com.svox.pico/.VoiceDataInstallerReceiver
05-23 11:23:49.505 W/art     ( 3271): Unexpected CPU variant for X86 using defaults: x86_64
05-23 11:23:49.684 I/ActivityManager( 2171): Killing 2982:com.android.keychain/1000 (adj 906): empty #17
05-23 11:23:49.707 D/ActivityManager( 2171): cleanUpApplicationRecord -- 2982
05-23 11:26:08.174 D/AndroidRuntime( 3286): >>>>>> START com.android.internal.os.RuntimeInit uid 2000 <<<<<<
05-23 11:26:08.197 D/AndroidRuntime( 3286): CheckJNI is ON
05-23 11:26:08.686 W/art     ( 3286): Unexpected CPU variant for X86 using defaults: x86_64
05-23 11:26:08.735 D/ICU     ( 3286): No timezone override file found: /data/misc/zoneinfo/current/icu/icu_tzdata.dat
05-23 11:26:08.967 E/memtrack( 3286): Couldn't load memtrack module (No such file or directory)
05-23 11:26:08.967 E/android.os.Debug( 3286): failed to load memtrack module: -2
05-23 11:26:08.979 I/Radio-JNI( 3286): register_android_hardware_Radio DONE
05-23 11:26:09.143 D/AndroidRuntime( 3286): Calling main entry com.android.commands.am.Am
05-23 11:26:09.229 I/ActivityManager( 2171): Start proc 3296:gov.nasa.arc.astrobee.android.gs.manager/u0a63 for service gov.nasa.arc.astrobee.android.gs.manager/.ManagerService
05-23 11:26:09.233 D/AndroidRuntime( 3286): Shutting down VM
05-23 11:26:09.244 I/art     ( 3296): Not late-enabling -Xcheck:jni (already on)
05-23 11:26:09.245 W/art     ( 3296): Unexpected CPU variant for X86 using defaults: x86_64
05-23 11:26:09.518 W/System  ( 3296): ClassLoader referenced unknown path: /data/app/gov.nasa.arc.astrobee.android.gs.manager-1/lib/x86_64
05-23 11:26:10.212 E/Notification( 3296): setLatestEventInfo() is deprecated and you should feel deprecated.
05-23 11:26:10.212 E/Notification( 3296): java.lang.Throwable
05-23 11:26:10.212 E/Notification( 3296): 	at android.app.Notification.setLatestEventInfo(Notification.java:2076)
05-23 11:26:10.212 E/Notification( 3296): 	at org.ros.android.NodeMainExecutorService.onStartCommand(NodeMainExecutorService.java:220)
05-23 11:26:10.212 E/Notification( 3296): 	at android.app.ActivityThread.handleServiceArgs(ActivityThread.java:3326)
05-23 11:26:10.212 E/Notification( 3296): 	at android.app.ActivityThread.-wrap21(ActivityThread.java)
05-23 11:26:10.212 E/Notification( 3296): 	at android.app.ActivityThread$H.handleMessage(ActivityThread.java:1582)
05-23 11:26:10.212 E/Notification( 3296): 	at android.os.Handler.dispatchMessage(Handler.java:102)
05-23 11:26:10.212 E/Notification( 3296): 	at android.os.Looper.loop(Looper.java:154)
05-23 11:26:10.212 E/Notification( 3296): 	at android.app.ActivityThread.main(ActivityThread.java:6119)
05-23 11:26:10.212 E/Notification( 3296): 	at java.lang.reflect.Method.invoke(Native Method)
05-23 11:26:10.212 E/Notification( 3296): 	at com.android.internal.os.ZygoteInit$MethodAndArgsCaller.run(ZygoteInit.java:886)
05-23 11:26:10.212 E/Notification( 3296): 	at com.android.internal.os.ZygoteInit.main(ZygoteInit.java:776)
05-23 11:26:11.276 D/NotificationSQLiteLog( 2171): Pruned event entries: 15
05-23 11:26:11.683 I/Registrar( 3296): MasterXmlRpcEndpoint URI: http://llp:11311
05-23 11:26:12.064 I/Registrar( 3296): Registering publisher: Publisher<PublisherDefinition<PublisherIdentifier<NodeIdentifier</guest_science_manager, http://hlp:40200/>, TopicIdentifier</rosout>>, Topic<TopicIdentifier</rosout>, TopicDescription<rosgraph_msgs/Log, acffd30cd6b6de30f120938c17c593fb>>>>
05-23 11:26:13.734 I/Registrar( 3296): Response<Success, Registered [/guest_science_manager] as publisher of [/rosout], [http://10.42.0.34:42921/]>
05-23 11:26:13.788 I/DefaultPublisher( 3296): Publisher registered: Publisher<PublisherDefinition<PublisherIdentifier<NodeIdentifier</guest_science_manager, http://hlp:40200/>, TopicIdentifier</rosout>>, Topic<TopicIdentifier</rosout>, TopicDescription<rosgraph_msgs/Log, acffd30cd6b6de30f120938c17c593fb>>>>
05-23 11:26:14.010 I/Registrar( 3296): Registering subscriber: Subscriber<Topic<TopicIdentifier</clock>, TopicDescription<rosgraph_msgs/Clock, a9c97c1d230cfc112e270351a944ee47>>>
05-23 11:26:14.237 I/Registrar( 3296): Response<Success, Subscribed to [/clock], [http://10.42.0.34:37217/]>
05-23 11:26:14.254 I/DefaultSubscriber( 3296): Subscriber registered: Subscriber<Topic<TopicIdentifier</clock>, TopicDescription<rosgraph_msgs/Clock, a9c97c1d230cfc112e270351a944ee47>>>
05-23 11:26:14.380 I/Registrar( 3296): Registering publisher: Publisher<PublisherDefinition<PublisherIdentifier<NodeIdentifier</guest_science_manager, http://hlp:40200/>, TopicIdentifier</gs/gs_manager/ack>>, Topic<TopicIdentifier</gs/gs_manager/ack>, TopicDescription<ff_msgs/AckStamped, cebddec69fd770df54633be444a9187d>>>>
05-23 11:26:14.625 I/Registrar( 3296): Response<Success, Registered [/guest_science_manager] as publisher of [/gs/gs_manager/ack], [http://10.42.0.34:35842/]>
05-23 11:26:14.637 I/DefaultPublisher( 3296): Publisher registered: Publisher<PublisherDefinition<PublisherIdentifier<NodeIdentifier</guest_science_manager, http://hlp:40200/>, TopicIdentifier</gs/gs_manager/ack>>, Topic<TopicIdentifier</gs/gs_manager/ack>, TopicDescription<ff_msgs/AckStamped, cebddec69fd770df54633be444a9187d>>>>
05-23 11:26:14.638 I/Registrar( 3296): Registering publisher: Publisher<PublisherDefinition<PublisherIdentifier<NodeIdentifier</guest_science_manager, http://hlp:40200/>, TopicIdentifier</gs/gs_manager/config>>, Topic<TopicIdentifier</gs/gs_manager/config>, TopicDescription<ff_msgs/GuestScienceConfig, c6f632ed2411de4159494a3e7754794e>>>>
05-23 11:26:14.933 I/Registrar( 3296): Response<Success, Registered [/guest_science_manager] as publisher of [/gs/gs_manager/config], [http://10.42.0.34:35842/, http://10.42.0.34:35634/]>
05-23 11:26:14.970 I/Registrar( 3296): Registering publisher: Publisher<PublisherDefinition<PublisherIdentifier<NodeIdentifier</guest_science_manager, http://hlp:40200/>, TopicIdentifier</gs/data>>, Topic<TopicIdentifier</gs/data>, TopicDescription<ff_msgs/GuestScienceData, edd2c791ea93ffa7cb0ec80c5bb00972>>>>
05-23 11:26:15.041 I/DefaultPublisher( 3296): Publisher registered: Publisher<PublisherDefinition<PublisherIdentifier<NodeIdentifier</guest_science_manager, http://hlp:40200/>, TopicIdentifier</gs/gs_manager/config>>, Topic<TopicIdentifier</gs/gs_manager/config>, TopicDescription<ff_msgs/GuestScienceConfig, c6f632ed2411de4159494a3e7754794e>>>>
05-23 11:26:15.233 I/Registrar( 3296): Registering publisher: Publisher<PublisherDefinition<PublisherIdentifier<NodeIdentifier</guest_science_manager, http://hlp:40200/>, TopicIdentifier</gs/gs_manager/state>>, Topic<TopicIdentifier</gs/gs_manager/state>, TopicDescription<ff_msgs/GuestScienceState, 24e5a1ba8527257cc710720a32de6e51>>>>
05-23 11:26:15.373 I/art     ( 3296): Background sticky concurrent mark sweep GC freed 27043(2MB) AllocSpace objects, 22(444KB) LOS objects, 24% free, 7MB/10MB, paused 9.847ms total 863.987ms
05-23 11:26:15.713 I/Registrar( 3296): Response<Success, Registered [/guest_science_manager] as publisher of [/gs/data], [http://10.42.0.34:39024/, http://10.42.0.34:35634/, http://10.42.0.34:45026/]>
05-23 11:26:15.822 I/DefaultPublisher( 3296): Publisher registered: Publisher<PublisherDefinition<PublisherIdentifier<NodeIdentifier</guest_science_manager, http://hlp:40200/>, TopicIdentifier</gs/data>>, Topic<TopicIdentifier</gs/data>, TopicDescription<ff_msgs/GuestScienceData, edd2c791ea93ffa7cb0ec80c5bb00972>>>>
05-23 11:26:15.937 I/Registrar( 3296): Response<Success, Registered [/guest_science_manager] as publisher of [/gs/gs_manager/state], [http://10.42.0.34:35842/, http://10.42.0.34:35634/]>
05-23 11:26:15.987 I/Registrar( 3296): Registering subscriber: Subscriber<Topic<TopicIdentifier</mgt/executive/command>, TopicDescription<ff_msgs/CommandStamped, ac01350894b1be9e3a7b4f390a14812d>>>
05-23 11:26:16.089 I/DefaultPublisher( 3296): Publisher registered: Publisher<PublisherDefinition<PublisherIdentifier<NodeIdentifier</guest_science_manager, http://hlp:40200/>, TopicIdentifier</gs/gs_manager/state>>, Topic<TopicIdentifier</gs/gs_manager/state>, TopicDescription<ff_msgs/GuestScienceState, 24e5a1ba8527257cc710720a32de6e51>>>>
05-23 11:26:16.430 I/Registrar( 3296): Response<Success, Subscribed to [/mgt/executive/command], [http://10.42.0.34:35842/]>
05-23 11:26:16.529 I/DefaultSubscriber( 3296): Subscriber registered: Subscriber<Topic<TopicIdentifier</mgt/executive/command>, TopicDescription<ff_msgs/CommandStamped, ac01350894b1be9e3a7b4f390a14812d>>>
05-23 11:26:16.736 W/ActivityManager( 2171): Slow operation: 203ms so far, now at startProcess: returned from zygote!
05-23 11:26:16.737 W/ActivityManager( 2171): Slow operation: 204ms so far, now at startProcess: done updating battery stats
05-23 11:26:16.738 W/ActivityManager( 2171): Slow operation: 205ms so far, now at startProcess: building log message
05-23 11:26:16.738 I/ActivityManager( 2171): Start proc 3372:jp.jaxa.iss.kibo.rpc.sampleapk/u0a64 for broadcast jp.jaxa.iss.kibo.rpc.sampleapk/gov.nasa.arc.astrobee.android.gs.InfoInqueryBroadcastReceiver
05-23 11:26:16.738 W/ActivityManager( 2171): Slow operation: 205ms so far, now at startProcess: starting to update pids map
05-23 11:26:16.739 W/ActivityManager( 2171): Slow operation: 205ms so far, now at startProcess: done updating pids map
05-23 11:26:16.739 W/ActivityManager( 2171): Slow operation: 217ms so far, now at startProcess: done starting proc!
05-23 11:26:16.742 W/art     ( 2171): Long monitor contention with owner ActivityManager (2219) at void com.android.server.am.BroadcastQueue.processNextBroadcast(boolean)(BroadcastQueue.java:760) waiters=0 in void com.android.server.am.ActivityManagerService.dispatchUidsChanged() for 208ms
05-23 11:26:16.746 W/art     ( 2171): Long monitor contention with owner ActivityManager (2219) at void com.android.server.am.BroadcastQueue.processNextBroadcast(boolean)(BroadcastQueue.java:760) waiters=1 in android.content.ComponentName com.android.server.am.ActivityManagerService.startService(android.app.IApplicationThread, android.content.Intent, java.lang.String, java.lang.String, int) for 196ms
05-23 11:26:16.944 I/art     ( 3372): Not late-enabling -Xcheck:jni (already on)
05-23 11:26:16.971 W/art     ( 3372): Unexpected CPU variant for X86 using defaults: x86_64
05-23 11:26:17.082 W/art     ( 3296): Suspending all threads took: 32.511ms
05-23 11:26:17.411 I/art     ( 3296): Background partial concurrent mark sweep GC freed 22521(1800KB) AllocSpace objects, 27(540KB) LOS objects, 35% free, 7MB/11MB, paused 47.937ms total 833.903ms
05-23 11:26:18.244 I/ActivityManager( 2171): Killing 3036:com.android.printspooler/u0a51 (adj 906): empty #17
05-23 11:26:18.489 D/ActivityManager( 2171): cleanUpApplicationRecord -- 3036
05-23 11:26:21.044 I/art     ( 3296): Do partial code cache collection, code=26KB, data=29KB
05-23 11:26:21.065 I/art     ( 3296): After code cache collection, code=26KB, data=29KB
05-23 11:26:21.065 I/art     ( 3296): Increasing code cache capacity to 128KB
05-23 11:26:23.618 D/ManagerTimeoutTimer( 3296): Still waiting for the apk to start or stop. 4979.0 milliseconds left.
05-23 11:26:23.994 D/OpenCV/StaticHelper( 3372): Trying to get library list
05-23 11:26:24.153 E/OpenCV/StaticHelper( 3372): OpenCV error: Cannot load info library for OpenCV
05-23 11:26:24.153 D/OpenCV/StaticHelper( 3372): Library list: ""
05-23 11:26:24.154 D/OpenCV/StaticHelper( 3372): First attempt to load libs
05-23 11:26:24.154 D/OpenCV/StaticHelper( 3372): Trying to init OpenCV libs
05-23 11:26:24.154 D/OpenCV/StaticHelper( 3372): Trying to load library opencv_java3
05-23 11:26:24.427 D/OpenCV/StaticHelper( 3372): Library opencv_java3 loaded
05-23 11:26:24.427 D/OpenCV/StaticHelper( 3372): First attempt to load libs is OK
05-23 11:26:24.432 I/OpenCV/StaticHelper( 3372): 
05-23 11:26:24.432 I/OpenCV/StaticHelper( 3372): General configuration for OpenCV 3.4.4 =====================================
05-23 11:26:24.432 I/OpenCV/StaticHelper( 3372):   Version control:               3.4.4
05-23 11:26:24.433 I/OpenCV/StaticHelper( 3372): 
05-23 11:26:24.433 I/OpenCV/StaticHelper( 3372):   Extra modules:
05-23 11:26:24.433 I/OpenCV/StaticHelper( 3372):     Location (extra):            /build/3_4-contrib_pack-contrib-android/opencv_contrib/modules
05-23 11:26:24.433 I/OpenCV/StaticHelper( 3372):     Version control (extra):     3.4.4
05-23 11:26:24.433 I/OpenCV/StaticHelper( 3372): 
05-23 11:26:24.433 I/OpenCV/StaticHelper( 3372):   Platform:
05-23 11:26:24.433 I/OpenCV/StaticHelper( 3372):     Timestamp:                   2018-11-17T00:27:32Z
05-23 11:26:24.433 I/OpenCV/StaticHelper( 3372):     Host:                        Linux 4.15.0-38-generic x86_64
05-23 11:26:24.433 I/OpenCV/StaticHelper( 3372):     Target:                      Linux 1 x86_64
05-23 11:26:24.433 I/OpenCV/StaticHelper( 3372):     CMake:                       2.8.12.2
05-23 11:26:24.433 I/OpenCV/StaticHelper( 3372):     CMake generator:             Ninja
05-23 11:26:24.433 I/OpenCV/StaticHelper( 3372):     CMake build tool:            /usr/bin/ninja
05-23 11:26:24.433 I/OpenCV/StaticHelper( 3372):     Configuration:               Release
05-23 11:26:24.433 I/OpenCV/StaticHelper( 3372): 
05-23 11:26:24.433 I/OpenCV/StaticHelper( 3372):   CPU/HW features:
05-23 11:26:24.433 I/OpenCV/StaticHelper( 3372):     Baseline:                    SSE SSE2 SSE3
05-23 11:26:24.433 I/OpenCV/StaticHelper( 3372):       requested:                 SSE3
05-23 11:26:24.433 I/OpenCV/StaticHelper( 3372):     Dispatched code generation:  SSE4_1 SSE4_2 FP16 AVX AVX2
05-23 11:26:24.433 I/OpenCV/StaticHelper( 3372):       requested:                 SSE4_1 SSE4_2 AVX FP16 AVX2 AVX512_SKX
05-23 11:26:24.433 I/OpenCV/StaticHelper( 3372):       SSE4_1 (4 files):          + SSSE3 SSE4_1
05-23 11:26:24.433 I/OpenCV/StaticHelper( 3372):       SSE4_2 (1 files):          + SSSE3 SSE4_1 POPCNT SSE4_2
05-23 11:26:24.433 I/OpenCV/StaticHelper( 3372):       FP16 (0 files):            + SSSE3 SSE4_1 POPCNT SSE4_2 FP16 AVX
05-23 11:26:24.433 I/OpenCV/StaticHelper( 3372):       AVX (5 files):             + SSSE3 SSE4_1 POPCNT SSE4_2 AVX
05-23 11:26:24.434 I/OpenCV/StaticHelper( 3372):       AVX2 (10 files):           + SSSE3 SSE4_1 POPCNT SSE4_2 FP16 FMA3 AVX AVX2
05-23 11:26:24.434 I/OpenCV/StaticHelper( 3372): 
05-23 11:26:24.434 I/OpenCV/StaticHelper( 3372):   C/C++:
05-23 11:26:24.434 I/OpenCV/StaticHelper( 3372):     Built as dynamic libs?:      NO
05-23 11:26:24.434 I/OpenCV/StaticHelper( 3372):     C++ Compiler:                /usr/bin/ccache /opt/android/android-ndk-r10e/toolchains/x86_64-4.9/prebuilt/linux-x86_64/bin/x86_64-linux-android-g++ (ver 4.9)
05-23 11:26:24.434 I/OpenCV/StaticHelper( 3372):     C++ flags (Release):         -fexceptions -frtti --sysroot=/opt/android/android-ndk-r10e/platforms/android-21/arch-x86_64 -funwind-tables -funswitch-loops -finline-limit=300 -fsigned-char -no-canonical-prefixes -fdata-sections -ffunction-sections -Wa,--noexecstack  -DANDROID -D__ANDROID_API__=21   -fsigned-char -W -Wall -Werror=return-type -Werror=non-virtual-dtor -Werror=address -Werror=sequence-point -Wformat -Werror=format-security -Wmissing-declarations -Wundef -Winit-self -Wpointer-arith -Wshadow -Wsign-promo -Wuninitialized -Winit-self -Wno-narrowing -Wno-delete-non-virtual-dtor -Wno-comment -Wno-missing-field-initializers -fdiagnostics-show-option -Wno-long-long -fomit-frame-pointer  -msse -msse2 -msse3 -fvisibility=hidden -fvisibility-inlines-hidden -fomit-frame-pointer -fstrict-aliasing -O3 -DNDEBUG  -DNDEBUG
05-23 11:26:24.434 I/OpenCV/StaticHelper( 3372):     C++ flags (Debug):           -fexceptions -frtti --sysroot=/opt/android/android-ndk-r10e/platforms/android-21/arch-x86_64 -funwind-tables -funswitch-loops -finline-limit=300 -fsigned-char -no-canonical-prefixes -fdata-sections -ffunction-sections -Wa,--noexecstack  -DANDROID -D__ANDROID_API__=21   -fsigned-char -W -Wall -Werror=return-type -Werror=non-virtual-dtor -Werror=address -Werror=sequence-point -Wformat -Werror=format-security -Wmissing-declarations -Wundef -Winit-self -Wpointer-arith -Wshadow -Wsign-promo -Wuninitialized -Winit-self -Wno-narrowing -Wno-delete-non-virtual-dtor -Wno-comment -Wno-missing-field-initializers -fdiagnostics-show-option -Wno-long-long -fomit-frame-pointer  -msse -msse2 -msse3 -fvisibility=hidden -fvisibility-inlines-hidden -fno-omit-frame-pointer -fno-strict-aliasing -O0 -g -DDEBUG -D_DEBUG  -DDEBUG -D_DEBUG
05-23 11:26:24.434 I/OpenCV/StaticHelper( 3372):     C Compiler:                  /usr/bin/ccache /opt/android/android-ndk-r10e/toolchains/x86_64-4.9/prebuilt/linux-x86_64/bin/x86_64-linux-android-gcc
05-23 11:26:24.434 I/OpenCV/StaticHelper( 3372):     C flags (Release):           -fexceptions --sysroot=/opt/android/android-ndk-r10e/platforms/android-21/arch-x86_64 -funwind-tables -funswitch-loops -finline-limit=300 -fsigned-char -no-canonical-prefixes -fdata-sections -ffunction-sections -Wa,--noexecstack  -DANDROID -D__ANDROID_API__=21   -fsigned-char -W -Wall -Werror=return-type -Werror=non-virtual-dtor -Werror=address -Werror=sequence-point -Wformat -Werror=format-security -Wmissing-declarations -Wmissing-prototypes -Wstrict-prototypes -Wundef -Winit-self -Wpointer-arith -Wshadow -Wuninitialized -Winit-self -Wno-narrowing -Wno-comment -Wno-missing-field-initializers -fdiagnostics-show-option -Wno-long-long -fomit-frame-pointer  -msse -msse2 -msse3 -fvisibility=hidden -fomit-frame-pointer -fstrict-aliasing -O3 -DNDEBUG  -DNDEBUG
05-23 11:26:24.434 I/OpenCV/StaticHelper( 3372):     C flags (Debug):             -fexceptions --sysroot=/opt/android/android-ndk-r10e/platforms/android-21/arch-x86_64 -funwind-tables -funswitch-loops -finline-limit=300 -fsigned-char -no-canonical-prefixes -fdata-sections -ffunction-sections -Wa,--noexecstack  -DANDROID -D__ANDROID_API__=21   -fsigned-char -W -Wall -Werror=return-type -Werror=non-virtual-dtor -Werror=address -Werror=sequence-point -Wformat -Werror=format-security -Wmissing-declarations -Wmissing-prototypes -Wstrict-prototypes -Wundef -Winit-self -Wpointer-arith -Wshadow -Wuninitialized -Winit-self -Wno-narrowing -Wno-comment -Wno-missing-field-initializers -fdiagnostics-show-option -Wno-long-long -fomit-frame-pointer  -msse -msse2 -msse3 -fvisibility=hidden -fno-omit-frame-pointer -fno-strict-aliasing -O0 -g -DDEBUG -D_DEBUG  -DDEBUG -D_DEBUG
05-23 11:26:24.434 I/OpenCV/StaticHelper( 3372):     Linker flags (Release):      -Wl,--exclude-libs,libippicv.a -Wl,--exclude-libs,libippiw.a  -Wl,--no-undefined -Wl,--gc-sections -Wl,-z,noexecstack -Wl,-z,relro -Wl,-z,now    
05-23 11:26:24.434 I/OpenCV/StaticHelper( 3372):     Linker flags (Debug):        -Wl,--exclude-libs,libippicv.a -Wl,--exclude-libs,libippiw.a  -Wl,--no-undefined -Wl,--gc-sections -Wl,-z,noexecstack -Wl,-z,relro -Wl,-z,now    
05-23 11:26:24.434 I/OpenCV/StaticHelper( 3372):     ccache:                      YES
05-23 11:26:24.434 I/OpenCV/StaticHelper( 3372):     Precompiled headers:         NO
05-23 11:26:24.434 I/OpenCV/StaticHelper( 3372):     Extra dependencies:          z dl m log
05-23 11:26:24.434 I/OpenCV/StaticHelper( 3372):     3rdparty dependencies:       tbb libcpufeatures ittnotify libjpeg-turbo libwebp libpng libtiff libjasper IlmImf libprotobuf quirc ippiw ippicv
05-23 11:26:24.434 I/OpenCV/StaticHelper( 3372): 
05-23 11:26:24.434 I/OpenCV/StaticHelper( 3372):   OpenCV modules:
05-23 11:26:24.434 I/OpenCV/StaticHelper( 3372):     To be built:                 aruco bgsegm bioinspired calib3d ccalib core datasets dnn dnn_objdetect dpm face features2d flann fuzzy hfs highgui img_hash imgcodecs imgproc java java_bindings_generator line_descriptor ml objdetect optflow phase_unwrapping photo plot reg rgbd saliency shape stereo stitching structured_light superres surface_matching text tracking video videoio videostab xfeatures2d ximgproc xobjdetect xphoto
05-23 11:26:24.434 I/OpenCV/StaticHelper( 3372):     Disabled:                    world
05-23 11:26:24.434 I/OpenCV/StaticHelper( 3372):     Disabled by dependency:      -
05-23 11:26:24.435 I/OpenCV/StaticHelper( 3372):     Unavailable:                 cnn_3dobj cudaarithm cudabgsegm cudacodec cudafeatures2d cudafilters cudaimgproc cudalegacy cudaobjdetect cudaoptflow cudastereo cudawarping cudev cvv freetype hdf js matlab ovis python2 python3 sfm ts viz
05-23 11:26:24.435 I/OpenCV/StaticHelper( 3372):     Applications:                android_examples
05-23 11:26:24.435 I/OpenCV/StaticHelper( 3372):     Documentation:               NO
05-23 11:26:24.435 I/OpenCV/StaticHelper( 3372):     Non-free algorithms:         NO
05-23 11:26:24.435 I/OpenCV/StaticHelper( 3372): 
05-23 11:26:24.435 I/OpenCV/StaticHelper( 3372):   Android NDK:                   location: /opt/android/android-ndk-r10e
05-23 11:26:24.435 I/OpenCV/StaticHelper( 3372):     Android ABI:                 x86_64
05-23 11:26:24.435 I/OpenCV/StaticHelper( 3372):     NDK toolchain:               x86_64-4.9
05-23 11:26:24.435 I/OpenCV/StaticHelper( 3372):     STL type:                    gnustl_static
05-23 11:26:24.435 I/OpenCV/StaticHelper( 3372):     Native API level:            21
05-23 11:26:24.459 I/OpenCV/StaticHelper( 3372):   Android SDK:                   /opt/android/android-sdk-java7 (tools: 25.2.2 build tools: 23.0.3)
05-23 11:26:24.459 I/OpenCV/StaticHelper( 3372):     android tool:                /opt/android/android-sdk-java7/tools/android
05-23 11:26:24.459 I/OpenCV/StaticHelper( 3372):     SDK target:                  android-21
05-23 11:26:24.459 I/OpenCV/StaticHelper( 3372):     Projects build scripts:      Ant/Eclipse compatible
05-23 11:26:24.459 I/OpenCV/StaticHelper( 3372): 
05-23 11:26:24.459 I/OpenCV/StaticHelper( 3372):   GUI: 
05-23 11:26:24.459 I/OpenCV/StaticHelper( 3372): 
05-23 11:26:24.460 I/OpenCV/StaticHelper( 3372):   Media I/O: 
05-23 11:26:24.460 I/OpenCV/StaticHelper( 3372):     ZLib:                        z (ver 1.2.3)
05-23 11:26:24.460 I/OpenCV/StaticHelper( 3372):     JPEG:                        build-libjpeg-turbo (ver 1.5.3-62)
05-23 11:26:24.460 I/OpenCV/StaticHelper( 3372):     WEBP:                        build (ver encoder: 0x020e)
05-23 11:26:24.460 I/OpenCV/StaticHelper( 3372):     PNG:                         build (ver 1.6.35)
05-23 11:26:24.460 I/OpenCV/StaticHelper( 3372):     TIFF:                        build (ver 42 - 4.0.9)
05-23 11:26:24.460 I/OpenCV/StaticHelper( 3372):     JPEG 2000:                   build (ver 1.900.1)
05-23 11:26:24.460 I/OpenCV/StaticHelper( 3372):     OpenEXR:                     build (ver 1.7.1)
05-23 11:26:24.460 I/OpenCV/StaticHelper( 3372):     HDR:                         YES
05-23 11:26:24.460 I/OpenCV/StaticHelper( 3372):     SUNRASTER:                   YES
05-23 11:26:24.460 I/OpenCV/StaticHelper( 3372):     PXM:                         YES
05-23 11:26:24.460 I/OpenCV/StaticHelper( 3372): 
05-23 11:26:24.460 I/OpenCV/StaticHelper( 3372):   Video I/O:
05-23 11:26:24.460 I/OpenCV/StaticHelper( 3372): 
05-23 11:26:24.461 I/OpenCV/StaticHelper( 3372):   Parallel framework:            TBB (ver 2018.0 interface 10001)
05-23 11:26:24.461 I/OpenCV/StaticHelper( 3372): 
05-23 11:26:24.461 I/OpenCV/StaticHelper( 3372):   Trace:                         YES (with Intel ITT)
05-23 11:26:24.461 I/OpenCV/StaticHelper( 3372): 
05-23 11:26:24.461 I/OpenCV/StaticHelper( 3372):   Other third-party libraries:
05-23 11:26:24.461 I/OpenCV/StaticHelper( 3372):     Intel IPP:                   2019.0.0 Gold [2019.0.0]
05-23 11:26:24.461 I/OpenCV/StaticHelper( 3372):            at:                   /build/3_4-contrib_pack-contrib-android/build/o4a/3rdparty/ippicv/ippicv_lnx/icv
05-23 11:26:24.461 I/OpenCV/StaticHelper( 3372):     Intel IPP IW:                sources (2019.0.0)
05-23 11:26:24.461 I/OpenCV/StaticHelper( 3372):               at:                /build/3_4-contrib_pack-contrib-android/build/o4a/3rdparty/ippicv/ippicv_lnx/iw
05-23 11:26:24.461 I/OpenCV/StaticHelper( 3372):     Custom HAL:                  NO
05-23 11:26:24.461 I/OpenCV/StaticHelper( 3372):     Protobuf:                    build (3.5.1)
05-23 11:26:24.461 I/OpenCV/StaticHelper( 3372): 
05-23 11:26:24.461 I/OpenCV/StaticHelper( 3372):   Python (for build):            /usr/bin/python2.7
05-23 11:26:24.462 I/OpenCV/StaticHelper( 3372): 
05-23 11:26:24.462 I/OpenCV/StaticHelper( 3372):   Java:                          export all functions
05-23 11:26:24.462 I/OpenCV/StaticHelper( 3372):     ant:                         /usr/bin/ant (ver 1.9.3)
05-23 11:26:24.462 I/OpenCV/StaticHelper( 3372):     Java wrappers:               YES
05-23 11:26:24.462 I/OpenCV/StaticHelper( 3372):     Java tests:                  NO
05-23 11:26:24.462 I/OpenCV/StaticHelper( 3372): 
05-23 11:26:24.462 I/OpenCV/StaticHelper( 3372):   Install to:                    /build/3_4-contrib_pack-contrib-android/build/o4a/install
05-23 11:26:24.462 I/OpenCV/StaticHelper( 3372): -----------------------------------------------------------------
05-23 11:26:24.462 D/OpenCv  ( 3372): OpenCV loaded
05-23 11:26:25.660 I/Registrar( 3372): MasterXmlRpcEndpoint URI: http://llp:11311
05-23 11:26:26.171 I/Registrar( 3372): Registering publisher: Publisher<PublisherDefinition<PublisherIdentifier<NodeIdentifier</kibo_rpc_api, http://hlp:57068/>, TopicIdentifier</rosout>>, Topic<TopicIdentifier</rosout>, TopicDescription<rosgraph_msgs/Log, acffd30cd6b6de30f120938c17c593fb>>>>
05-23 11:26:28.013 I/Registrar( 3372): Response<Success, Registered [/kibo_rpc_api] as publisher of [/rosout], [http://10.42.0.34:42921/, http://10.42.0.34:38332/]>
05-23 11:26:28.075 I/DefaultPublisher( 3372): Publisher registered: Publisher<PublisherDefinition<PublisherIdentifier<NodeIdentifier</kibo_rpc_api, http://hlp:57068/>, TopicIdentifier</rosout>>, Topic<TopicIdentifier</rosout>, TopicDescription<rosgraph_msgs/Log, acffd30cd6b6de30f120938c17c593fb>>>>
05-23 11:26:28.424 I/Registrar( 3372): Registering subscriber: Subscriber<Topic<TopicIdentifier</clock>, TopicDescription<rosgraph_msgs/Clock, a9c97c1d230cfc112e270351a944ee47>>>
05-23 11:26:28.740 I/Registrar( 3372): Response<Success, Subscribed to [/clock], [http://10.42.0.34:37217/]>
05-23 11:26:28.779 I/DefaultSubscriber( 3372): Subscriber registered: Subscriber<Topic<TopicIdentifier</clock>, TopicDescription<rosgraph_msgs/Clock, a9c97c1d230cfc112e270351a944ee47>>>
05-23 11:26:29.321 I/Registrar( 3372): Registering publisher: Publisher<PublisherDefinition<PublisherIdentifier<NodeIdentifier</kibo_rpc_api, http://hlp:57068/>, TopicIdentifier</command>>, Topic<TopicIdentifier</command>, TopicDescription<ff_msgs/CommandStamped, ac01350894b1be9e3a7b4f390a14812d>>>>
05-23 11:26:29.420 W/art     ( 3372): Suspending all threads took: 6.313ms
05-23 11:26:29.439 I/Registrar( 3372): MasterXmlRpcEndpoint URI: http://llp:11311
05-23 11:26:29.857 I/Registrar( 3372): Response<Success, Registered [/kibo_rpc_api] as publisher of [/command], [http://10.42.0.34:37217/, http://10.42.0.34:35842/, http://10.42.0.34:45026/, http://10.42.0.34:38332/]>
05-23 11:26:29.876 I/DefaultPublisher( 3372): Publisher registered: Publisher<PublisherDefinition<PublisherIdentifier<NodeIdentifier</kibo_rpc_api, http://hlp:57068/>, TopicIdentifier</command>>, Topic<TopicIdentifier</command>, TopicDescription<ff_msgs/CommandStamped, ac01350894b1be9e3a7b4f390a14812d>>>>
05-23 11:26:30.220 I/Registrar( 3372): Registering subscriber: Subscriber<Topic<TopicIdentifier</mgt/ack>, TopicDescription<ff_msgs/AckStamped, cebddec69fd770df54633be444a9187d>>>
05-23 11:26:30.469 W/art     ( 3372): Suspending all threads took: 27.460ms
05-23 11:26:30.878 I/Registrar( 3372): Registering publisher: Publisher<PublisherDefinition<PublisherIdentifier<NodeIdentifier</GetterNode, http://hlp:43901/>, TopicIdentifier</rosout>>, Topic<TopicIdentifier</rosout>, TopicDescription<rosgraph_msgs/Log, acffd30cd6b6de30f120938c17c593fb>>>>
05-23 11:26:31.192 W/art     ( 3372): Suspending all threads took: 8.981ms
05-23 11:26:31.426 I/Registrar( 3372): Response<Success, Subscribed to [/mgt/ack], [http://10.42.0.34:35842/]>
05-23 11:26:31.521 I/DefaultSubscriber( 3372): Subscriber registered: Subscriber<Topic<TopicIdentifier</mgt/ack>, TopicDescription<ff_msgs/AckStamped, cebddec69fd770df54633be444a9187d>>>
05-23 11:26:31.917 I/Registrar( 3372): Response<Success, Registered [/GetterNode] as publisher of [/rosout], [http://10.42.0.34:42921/, http://10.42.0.34:38332/]>
05-23 11:26:32.153 I/DefaultPublisher( 3372): Publisher registered: Publisher<PublisherDefinition<PublisherIdentifier<NodeIdentifier</GetterNode, http://hlp:43901/>, TopicIdentifier</rosout>>, Topic<TopicIdentifier</rosout>, TopicDescription<rosgraph_msgs/Log, acffd30cd6b6de30f120938c17c593fb>>>>
05-23 11:26:32.450 I/Registrar( 3372): Registering subscriber: Subscriber<Topic<TopicIdentifier</clock>, TopicDescription<rosgraph_msgs/Clock, a9c97c1d230cfc112e270351a944ee47>>>
05-23 11:26:33.443 W/art     ( 3372): Suspending all threads took: 15.078ms
05-23 11:26:33.662 I/Registrar( 3372): Response<Success, Subscribed to [/clock], [http://10.42.0.34:37217/]>
05-23 11:26:33.711 I/DefaultSubscriber( 3372): Subscriber registered: Subscriber<Topic<TopicIdentifier</clock>, TopicDescription<rosgraph_msgs/Clock, a9c97c1d230cfc112e270351a944ee47>>>
05-23 11:26:33.817 D/KiboRpcApi( 3372): GetterNode initialization started.
05-23 11:26:35.305 I/Registrar( 3372): Registering subscriber: Subscriber<Topic<TopicIdentifier</gnc/ekf>, TopicDescription<ff_msgs/EkfState, 543b97822b033d7199b506ad4005f134>>>
05-23 11:26:35.691 W/art     ( 3372): Long monitor contention with owner pool-1-thread-3 (3390) at void gov.nasa.arc.astrobee.ros.internal.RobotNodeMain.onStart(org.ros.node.ConnectedNode)(RobotNodeMain.java:61) waiters=0 in org.ros.message.MessageFactory gov.nasa.arc.astrobee.ros.internal.RobotNodeMain.getTopicMessageFactory() for 6.503s
05-23 11:26:35.701 W/art     ( 3372): Long monitor contention with owner pool-1-thread-3 (3390) at void gov.nasa.arc.astrobee.ros.internal.RobotNodeMain.onStart(org.ros.node.ConnectedNode)(RobotNodeMain.java:61) waiters=1 in void gov.nasa.arc.astrobee.ros.internal.RobotNodeMain$1.onNewSubscriber(org.ros.node.topic.Publisher, org.ros.internal.node.topic.SubscriberIdentifier) for 4.731s
05-23 11:26:35.903 W/art     ( 3296): Suspending all threads took: 13.535ms
05-23 11:26:36.036 I/art     ( 3296): Background sticky concurrent mark sweep GC freed 111758(3MB) AllocSpace objects, 12(232KB) LOS objects, 35% free, 7MB/11MB, paused 18.274ms total 276.492ms
05-23 11:26:37.542 I/Registrar( 3372): Response<Success, Subscribed to [/gnc/ekf], [http://10.42.0.34:45588/]>
05-23 11:26:37.598 I/DefaultSubscriber( 3372): Subscriber registered: Subscriber<Topic<TopicIdentifier</gnc/ekf>, TopicDescription<ff_msgs/EkfState, 543b97822b033d7199b506ad4005f134>>>
05-23 11:26:38.904 I/Registrar( 3372): Registering subscriber: Subscriber<Topic<TopicIdentifier</gnc/ekf_noise>, TopicDescription<ff_msgs/EkfState, 543b97822b033d7199b506ad4005f134>>>
05-23 11:26:39.350 I/Registrar( 3372): Response<Success, Subscribed to [/gnc/ekf_noise], [http://10.42.0.34:45588/]>
05-23 11:26:39.561 I/DefaultSubscriber( 3372): Subscriber registered: Subscriber<Topic<TopicIdentifier</gnc/ekf_noise>, TopicDescription<ff_msgs/EkfState, 543b97822b033d7199b506ad4005f134>>>
05-23 11:26:40.361 I/Registrar( 3372): Registering subscriber: Subscriber<Topic<TopicIdentifier</hw/imu>, TopicDescription<sensor_msgs/Imu, 6a62c6daae103f4ff57a132d6f95cec2>>>
05-23 11:26:40.630 W/art     ( 3372): Suspending all threads took: 11.310ms
05-23 11:26:41.103 I/Registrar( 3372): Registering subscriber: Subscriber<Topic<TopicIdentifier</hw/cam_nav>, TopicDescription<sensor_msgs/Image, 060021388200f6f0f447d0fcd9c64743>>>
05-23 11:26:41.158 I/Registrar( 3372): Response<Success, Subscribed to [/hw/imu], [http://10.42.0.34:37217/]>
05-23 11:26:41.232 W/art     ( 3372): Suspending all threads took: 61.868ms
05-23 11:26:41.333 I/DefaultSubscriber( 3372): Subscriber registered: Subscriber<Topic<TopicIdentifier</hw/imu>, TopicDescription<sensor_msgs/Imu, 6a62c6daae103f4ff57a132d6f95cec2>>>
