05-19 19:08:40.775 E/SurfaceFlinger( 1320): varying vec2 outTexCoords;
05-19 19:08:40.775 E/SurfaceFlinger( 1320): uniform float alphaPlane;
05-19 19:08:40.775 E/SurfaceFlinger( 1320): void main(void) {
05-19 19:08:40.775 E/SurfaceFlinger( 1320):     gl_FragColor = texture2D(sampler, outTexCoords);
05-19 19:08:40.775 E/SurfaceFlinger( 1320):     gl_FragColor.a = 1.0;
05-19 19:08:40.775 E/SurfaceFlinger( 1320):     gl_FragColor *= alphaPlane;
05-19 19:08:40.775 E/SurfaceFlinger( 1320): }
05-19 19:08:40.775 E/SurfaceFlinger( 1320): 
05-19 19:08:40.775 E/SurfaceFlinger( 1320): öÿÿÿÿÿÿÿŸ*Sp
05-19 19:08:40.775 E/SurfaceFlinger( 1320): Error while linking shaders:
05-19 19:08:40.775 D/SurfaceFlinger( 1320): shader cache generated - 24 shaders in 4.729956 ms
05-19 19:08:40.797 D/SurfaceFlinger( 1320): Set power mode=2, type=0 flinger=0x70530fc47000
05-19 19:08:40.815 I/audioserver( 1326): ServiceManager: 0xe963c020
05-19 19:08:40.822 W/BatteryNotifier( 1326): batterystats service unavailable!
05-19 19:08:40.823 I/AudioFlinger( 1326): Using default 3000 mSec as standby time.
05-19 19:08:40.847 I/AudioPolicyService( 1326): AudioPolicyService CSTOR in new mode
05-19 19:08:40.868 W//system/bin/mediaextractor( 1333): libminijail: allowing syscall: socketcall
05-19 19:08:40.868 W//system/bin/mediaextractor( 1333): libminijail: allowing syscall: writev
05-19 19:08:40.868 W//system/bin/mediaextractor( 1333): libminijail: allowing syscall: fcntl64
05-19 19:08:40.869 W//system/bin/mediaextractor( 1333): libminijail: allowing syscall: clock_gettime
05-19 19:08:40.872 W//system/bin/mediaextractor( 1333): libminijail: logging seccomp filter failures
05-19 19:08:41.057 I/APM::ConfigParsingUtils( 1326): loadAudioPolicyConfig() loaded /system/etc/audio_policy.conf
05-19 19:08:41.074 I/mediaserver( 1332): ServiceManager: 0xedb3c0a0
05-19 19:08:41.243 D/audio_hw_generic( 1326): Emulator host-side ALSA audio emulation detected.
05-19 19:08:41.245 D/audio_hw_generic( 1326): mixer 0 name Master Playback Volume
05-19 19:08:41.245 D/audio_hw_generic( 1326): set ctl 0 to 100
05-19 19:08:41.246 D/audio_hw_generic( 1326): set ctl 1 to 100
05-19 19:08:41.247 D/audio_hw_generic( 1326): mixer 1 name Master Playback Switch
05-19 19:08:41.247 D/audio_hw_generic( 1326): set ctl 0 to 1
05-19 19:08:41.247 D/audio_hw_generic( 1326): set ctl 1 to 1
05-19 19:08:41.247 D/audio_hw_generic( 1326): mixer 2 name Capture Volume
05-19 19:08:41.247 D/audio_hw_generic( 1326): set ctl 0 to 100
05-19 19:08:41.247 D/audio_hw_generic( 1326): set ctl 1 to 100
05-19 19:08:41.247 D/audio_hw_generic( 1326): mixer 3 name Capture Switch
05-19 19:08:41.247 D/audio_hw_generic( 1326): set ctl 0 to 1
05-19 19:08:41.248 D/audio_hw_generic( 1326): set ctl 1 to 1
05-19 19:08:41.248 D/audio_hw_generic( 1326): mixer 4 name Line Phantom Jack
05-19 19:08:41.248 D/audio_hw_generic( 1326): mixer 5 name Line Out Phantom Jack
05-19 19:08:41.248 D/audio_hw_generic( 1326): mixer 6 name Playback Channel Map
05-19 19:08:41.248 D/audio_hw_generic( 1326): mixer 7 name Capture Channel Map
05-19 19:08:41.248 I/AudioFlinger( 1326): loadHwModule() Loaded primary audio interface from Generic audio HW HAL (audio) handle 10
05-19 19:08:41.249 I/AudioFlinger( 1326): openOutput(), module 10 Device 2, SamplingRate 48000, Format 0x000001, Channels 3, flags 2
05-19 19:08:41.000 W/bootanimation( 1407): type=1400 audit(0.0:9): avc: denied { getattr } for path="/vendor" dev="rootfs" ino=4008 scontext=u:r:bootanim:s0 tcontext=u:object_r:rootfs:s0 tclass=lnk_file permissive=0
05-19 19:08:41.293 I/AudioFlinger( 1326): HAL output buffer size 720 frames, normal sink buffer size 1152 frames
05-19 19:08:41.493 I/BufferProvider( 1326): found effect "Multichannel Downmix To Stereo" from The Android Open Source Project
05-19 19:08:41.497 I/AudioFlinger( 1326): Using module 10 has the primary audio interface
05-19 19:08:41.507 I/AudioFlinger( 1326): AudioFlinger's thread 0xe9083580 ready to run
05-19 19:08:41.509 W/BatteryNotifier( 1326): batterystats service unavailable!
05-19 19:08:41.524 W/BatteryNotifier( 1326): batterystats service unavailable!
05-19 19:08:41.533 W/BatteryNotifier( 1326): batterystats service unavailable!
05-19 19:08:41.541 W/AudioFlinger( 1326): no wake lock to update, system not ready yet
05-19 19:08:41.594 I/AudioFlinger( 1326): AudioFlinger's thread 0xe8b836c0 ready to run
05-19 19:08:41.616 I/r_submix( 1326): adev_open(name=audio_hw_if)
05-19 19:08:41.617 I/r_submix( 1326): adev_init_check()
05-19 19:08:41.617 I/AudioFlinger( 1326): loadHwModule() Loaded r_submix audio interface from Wifi Display audio HAL (audio) handle 18
05-19 19:08:41.617 D/r_submix( 1326): adev_open_input_stream(addr=0)
05-19 19:08:41.618 D/r_submix( 1326): submix_audio_device_create_pipe_l(addr=0, idx=9)
05-19 19:08:41.618 D/r_submix( 1326):   now using address 0 for route 9
05-19 19:08:41.637 V/EmulatedCamera_Preview( 1327): setPreviewWindow: current: 0x0 -> new: 0xebac3150
05-19 19:08:41.638 V/EmulatedCamera_Preview( 1327): setPreviewWindow: current: 0xebac3150 -> new: 0x0
05-19 19:08:41.638 V/EmulatedCamera_Camera( 1327): doStopPreview
05-19 19:08:41.639 V/EmulatedCamera_Preview( 1327): setPreviewWindow: current: 0x0 -> new: 0x0
05-19 19:08:41.639 V/EmulatedCamera_Camera( 1327): releaseCamera
05-19 19:08:41.639 V/EmulatedCamera_Camera( 1327): doStopPreview
05-19 19:08:41.639 V/EmulatedCamera_FakeDevice( 1327): disconnectDevice
05-19 19:08:41.639 W/EmulatedCamera_Device( 1327): Initialize: Emulated camera device is already initialized: mState = 1
05-19 19:08:41.640 I/AudioFlinger( 1326): AudioFlinger's thread 0xe8c83040 ready to run
05-19 19:08:41.651 D/r_submix( 1326): adev_close_input_stream()
05-19 19:08:41.651 D/r_submix( 1326): submix_audio_device_release_pipe_l(idx=9) addr=0
05-19 19:08:41.651 D/r_submix( 1326): submix_audio_device_destroy_pipe_l(): pipe destroyed
05-19 19:08:41.660 I/RadioService( 1326): RadioService
05-19 19:08:41.660 I/RadioService( 1326): onFirstRef
05-19 19:08:41.661 E/RadioService( 1326): couldn't load radio module radio.primary (No such file or directory)
05-19 19:08:41.662 D/EmulatedCamera_FakeCamera( 1327): Initialize: Fake camera is facing back
05-19 19:08:41.750 V/EmulatedCamera_Device( 1327): initializeWhiteBalanceModes with auto, 1.000000, 1.000000
05-19 19:08:41.751 V/EmulatedCamera_Device( 1327): initializeWhiteBalanceModes with incandescent, 1.380000, 0.600000
05-19 19:08:41.751 V/EmulatedCamera_Device( 1327): initializeWhiteBalanceModes with daylight, 1.090000, 0.920000
05-19 19:08:41.751 V/EmulatedCamera_Device( 1327): initializeWhiteBalanceModes with twilight, 0.920000, 1.220000
05-19 19:08:41.751 V/EmulatedCamera_Device( 1327): setWhiteBalanceMode with white balance auto
05-19 19:08:41.751 I/CameraFlashlight( 1327): Destroying camera 0
05-19 19:08:41.751 V/EmulatedCamera_Camera( 1327): closeCamera
05-19 19:08:41.751 V/EmulatedCamera_Camera( 1327): doStopPreview
05-19 19:08:41.751 W/EmulatedCamera_Device( 1327): Initialize: Emulated camera device is already initialized: mState = 1
05-19 19:08:41.751 D/EmulatedCamera_FakeCamera( 1327): Initialize: Fake camera is facing back
05-19 19:08:41.752 V/EmulatedCamera_Device( 1327): initializeWhiteBalanceModes with auto, 1.000000, 1.000000
05-19 19:08:41.752 V/EmulatedCamera_Device( 1327): initializeWhiteBalanceModes with incandescent, 1.380000, 0.600000
05-19 19:08:41.752 V/EmulatedCamera_Device( 1327): initializeWhiteBalanceModes with daylight, 1.090000, 0.920000
05-19 19:08:41.752 V/EmulatedCamera_Device( 1327): initializeWhiteBalanceModes with twilight, 0.920000, 1.220000
05-19 19:08:41.752 V/EmulatedCamera_Device( 1327): setWhiteBalanceMode with white balance auto
05-19 19:08:41.754 V/EmulatedCamera_Camera( 1327): getCameraInfo
05-19 19:08:41.754 V/EmulatedCamera_BaseCamera( 1327): getCameraInfo
05-19 19:08:41.763 E/SoundTriggerHwService( 1326): couldn't load sound trigger module sound_trigger.primary (No such file or directory)
05-19 19:08:41.770 I/ServiceManager( 1327): Waiting for service media.camera.proxy...
05-19 19:08:42.780 I/ServiceManager( 1327): Waiting for service media.camera.proxy...
05-19 19:08:43.800 I/ServiceManager( 1327): Waiting for service media.camera.proxy...
05-19 19:08:44.550 W/BatteryNotifier( 1326): batterystats service unavailable!
05-19 19:08:44.810 I/ServiceManager( 1327): Waiting for service media.camera.proxy...
05-19 19:08:45.828 I/ServiceManager( 1327): Waiting for service media.camera.proxy...
05-19 19:08:53.342 E/hostapd ( 1508): Configuration file: /system/etc/simulated_hostapd.conf
05-19 19:08:53.353 E/ipv6proxy( 1498): Failed to forward Router Advertisement from eth0 to wlan1: Network is unreachable
05-19 19:08:53.355 E/ipv6proxy( 1498): Failed to forward Router Advertisement from eth0 to radio0-peer: Cannot assign requested address
05-19 19:08:54.185 I/hostapd ( 1508): rfkill: Cannot get wiphy information
05-19 19:08:54.188 I/hostapd ( 1508): nl80211: Could not re-add multicast membership for vendor events: -2 (No such file or directory)
05-19 19:08:54.189 I/hostapd ( 1508): wlan1: interface state UNINITIALIZED->COUNTRY_UPDATE
05-19 19:08:55.074 D/AndroidRuntime( 1325): >>>>>> START com.android.internal.os.ZygoteInit uid 0 <<<<<<
05-19 19:08:55.146 E/SurfaceFlinger( 1320): ro.sf.lcd_density must be defined as a build property
05-19 19:08:55.198 D/libEGL  ( 1407): Emulator without GPU support detected. Fallback to legacy software renderer, qemu.gles is set to 0.
05-19 19:08:55.283 D/AndroidRuntime( 1324): >>>>>> START com.android.internal.os.ZygoteInit uid 0 <<<<<<
05-19 19:08:55.294 D/libEGL  ( 1407): loaded /system/lib64/egl/libGLES_android.so
05-19 19:08:55.594 D/gralloc_ranchu( 1407): Emulator without host-side GPU emulation detected. Loading gralloc.default.so from /vendor/lib64/hw/gralloc.goldfish.default.so...
05-19 19:08:55.596 D/gralloc_ranchu( 1407): gralloc.default.so not found in /vendor. Trying /system/lib64/hw/gralloc.goldfish.default.so...
05-19 19:08:56.231 D/AndroidRuntime( 1325): CheckJNI is ON
05-19 19:08:56.371 D/AndroidRuntime( 1324): CheckJNI is ON
05-19 19:08:56.580 I/art     ( 1325): option[0]=-Xzygote
05-19 19:08:56.581 I/art     ( 1325): option[1]=-Xcheck:jni
05-19 19:08:56.581 I/art     ( 1325): option[2]=-Xstacktracefile:/data/anr/traces.txt
05-19 19:08:56.581 I/art     ( 1325): option[3]=exit
05-19 19:08:56.581 I/art     ( 1325): option[4]=vfprintf
05-19 19:08:56.581 I/art     ( 1325): option[5]=sensitiveThread
05-19 19:08:56.581 I/art     ( 1325): option[6]=-verbose:gc
05-19 19:08:56.581 I/art     ( 1325): option[7]=-Xms4m
05-19 19:08:56.581 I/art     ( 1325): option[8]=-Xmx256m
05-19 19:08:56.581 I/art     ( 1325): option[9]=-Xusejit:true
05-19 19:08:56.581 I/art     ( 1325): option[10]=-Xjitsaveprofilinginfo
05-19 19:08:56.581 I/art     ( 1325): option[11]=-agentlib:jdwp=transport=dt_android_adb,suspend=n,server=y
05-19 19:08:56.582 I/art     ( 1325): option[12]=-Xlockprofthreshold:500
05-19 19:08:56.582 I/art     ( 1325): option[13]=-Ximage-compiler-option
05-19 19:08:56.582 I/art     ( 1325): option[14]=--runtime-arg
05-19 19:08:56.582 I/art     ( 1325): option[15]=-Ximage-compiler-option
05-19 19:08:56.582 I/art     ( 1325): option[16]=-Xms64m
05-19 19:08:56.582 I/art     ( 1325): option[17]=-Ximage-compiler-option
05-19 19:08:56.582 I/art     ( 1325): option[18]=--runtime-arg
05-19 19:08:56.582 I/art     ( 1325): option[19]=-Ximage-compiler-option
05-19 19:08:56.582 I/art     ( 1325): option[20]=-Xmx64m
05-19 19:08:56.582 I/art     ( 1325): option[21]=-Ximage-compiler-option
05-19 19:08:56.582 I/art     ( 1325): option[22]=--image-classes=/system/etc/preloaded-classes
05-19 19:08:56.582 I/art     ( 1325): option[23]=-Ximage-compiler-option
05-19 19:08:56.582 I/art     ( 1325): option[24]=--compiled-classes=/system/etc/compiled-classes
05-19 19:08:56.582 I/art     ( 1325): option[25]=-Xcompiler-option
05-19 19:08:56.582 I/art     ( 1325): option[26]=--runtime-arg
05-19 19:08:56.582 I/art     ( 1325): option[27]=-Xcompiler-option
05-19 19:08:56.582 I/art     ( 1325): option[28]=-Xms64m
05-19 19:08:56.582 I/art     ( 1325): option[29]=-Xcompiler-option
05-19 19:08:56.582 I/art     ( 1325): option[30]=--runtime-arg
05-19 19:08:56.583 I/art     ( 1325): option[31]=-Xcompiler-option
05-19 19:08:56.583 I/art     ( 1325): option[32]=-Xmx512m
05-19 19:08:56.583 I/art     ( 1325): option[33]=-Ximage-compiler-option
05-19 19:08:56.583 I/art     ( 1325): option[34]=--instruction-set-variant=x86
05-19 19:08:56.583 I/art     ( 1325): option[35]=-Xcompiler-option
05-19 19:08:56.583 I/art     ( 1325): option[36]=--instruction-set-variant=x86
05-19 19:08:56.583 I/art     ( 1325): option[37]=-Ximage-compiler-option
05-19 19:08:56.583 I/art     ( 1325): option[38]=--instruction-set-features=default
05-19 19:08:56.672 I/art     ( 1325): option[39]=-Xcompiler-option
05-19 19:08:56.672 I/art     ( 1325): option[40]=--instruction-set-features=default
05-19 19:08:56.672 I/art     ( 1325): option[41]=-Duser.locale=en-US
05-19 19:08:56.672 I/art     ( 1325): option[42]=--cpu-abilist=x86
05-19 19:08:56.672 I/art     ( 1325): option[43]=-Xfingerprint:Android/sdk_phone_x86_64/generic_x86_64:7.1.1/NYC/4931657:userdebug/test-keys
05-19 19:08:56.710 I/art     ( 1324): option[0]=-Xzygote
05-19 19:08:56.711 I/art     ( 1324): option[1]=-Xcheck:jni
05-19 19:08:56.711 I/art     ( 1324): option[2]=-Xstacktracefile:/data/anr/traces.txt
05-19 19:08:56.711 I/art     ( 1324): option[3]=exit
05-19 19:08:56.711 I/art     ( 1324): option[4]=vfprintf
05-19 19:08:56.711 I/art     ( 1324): option[5]=sensitiveThread
05-19 19:08:56.711 I/art     ( 1324): option[6]=-verbose:gc
05-19 19:08:56.711 I/art     ( 1324): option[7]=-Xms4m
05-19 19:08:56.711 I/art     ( 1324): option[8]=-Xmx256m
05-19 19:08:56.711 I/art     ( 1324): option[9]=-Xusejit:true
05-19 19:08:56.711 I/art     ( 1324): option[10]=-Xjitsaveprofilinginfo
05-19 19:08:56.711 I/art     ( 1324): option[11]=-agentlib:jdwp=transport=dt_android_adb,suspend=n,server=y
05-19 19:08:56.711 I/art     ( 1324): option[12]=-Xlockprofthreshold:500
05-19 19:08:56.712 I/art     ( 1324): option[13]=-Ximage-compiler-option
05-19 19:08:56.712 I/art     ( 1324): option[14]=--runtime-arg
05-19 19:08:56.712 I/art     ( 1324): option[15]=-Ximage-compiler-option
05-19 19:08:56.712 I/art     ( 1324): option[16]=-Xms64m
05-19 19:08:56.712 I/art     ( 1324): option[17]=-Ximage-compiler-option
05-19 19:08:56.712 I/art     ( 1324): option[18]=--runtime-arg
05-19 19:08:56.712 I/art     ( 1324): option[19]=-Ximage-compiler-option
05-19 19:08:56.712 I/art     ( 1324): option[20]=-Xmx64m
05-19 19:08:56.712 I/art     ( 1324): option[21]=-Ximage-compiler-option
05-19 19:08:56.712 I/art     ( 1324): option[22]=--image-classes=/system/etc/preloaded-classes
05-19 19:08:56.712 I/art     ( 1324): option[23]=-Ximage-compiler-option
05-19 19:08:56.712 I/art     ( 1324): option[24]=--compiled-classes=/system/etc/compiled-classes
05-19 19:08:56.712 I/art     ( 1324): option[25]=-Xcompiler-option
05-19 19:08:56.712 I/art     ( 1324): option[26]=--runtime-arg
05-19 19:08:56.712 I/art     ( 1324): option[27]=-Xcompiler-option
05-19 19:08:56.712 I/art     ( 1324): option[28]=-Xms64m
05-19 19:08:56.712 I/art     ( 1324): option[29]=-Xcompiler-option
05-19 19:08:56.712 I/art     ( 1324): option[30]=--runtime-arg
05-19 19:08:56.712 I/art     ( 1324): option[31]=-Xcompiler-option
05-19 19:08:56.712 I/art     ( 1324): option[32]=-Xmx512m
05-19 19:08:56.712 I/art     ( 1324): option[33]=-Ximage-compiler-option
05-19 19:08:56.712 I/art     ( 1324): option[34]=--instruction-set-variant=x86_64
05-19 19:08:56.712 I/art     ( 1324): option[35]=-Xcompiler-option
05-19 19:08:56.712 I/art     ( 1324): option[36]=--instruction-set-variant=x86_64
05-19 19:08:56.712 I/art     ( 1324): option[37]=-Ximage-compiler-option
05-19 19:08:56.713 I/art     ( 1324): option[38]=--instruction-set-features=default
05-19 19:08:56.713 I/art     ( 1324): option[39]=-Xcompiler-option
05-19 19:08:56.713 I/art     ( 1324): option[40]=--instruction-set-features=default
05-19 19:08:56.713 I/art     ( 1324): option[41]=-Duser.locale=en-US
05-19 19:08:56.713 I/art     ( 1324): option[42]=--cpu-abilist=x86_64
05-19 19:08:56.713 I/art     ( 1324): option[43]=-Xfingerprint:Android/sdk_phone_x86_64/generic_x86_64:7.1.1/NYC/4931657:userdebug/test-keys
05-19 19:08:57.300 E/ipv6proxy( 1498): Failed to forward Router Advertisement from eth0 to wlan1: Network is unreachable
05-19 19:08:59.252 I/hostapd ( 1508): wlan1: interface state COUNTRY_UPDATE->HT_SCAN
05-19 19:09:01.195 E/hostapd ( 1508): Using interface wlan1 with hwaddr 02:00:00:00:01:00 and ssid "AndroidWifi"
05-19 19:09:01.219 I/hostapd ( 1508): wlan1: interface state HT_SCAN->ENABLED
05-19 19:09:01.219 I/hostapd ( 1508): wlan1: AP-ENABLED 
05-19 19:09:06.688 D/ICU     ( 1325): No timezone override file found: /data/misc/zoneinfo/current/icu/icu_tzdata.dat
05-19 19:09:07.811 D/ICU     ( 1324): No timezone override file found: /data/misc/zoneinfo/current/icu/icu_tzdata.dat
05-19 19:09:13.055 E/memtrack( 1325): Couldn't load memtrack module (No such file or directory)
05-19 19:09:13.057 E/android.os.Debug( 1325): failed to load memtrack module: -2
05-19 19:09:13.137 I/Radio-JNI( 1325): register_android_hardware_Radio DONE
05-19 19:09:13.969 I/SamplingProfilerIntegration( 1325): Profiling disabled.
05-19 19:09:14.129 D/Zygote  ( 1325): begin preload
05-19 19:09:14.129 I/Zygote  ( 1325): Installing ICU cache reference pinning...
05-19 19:09:14.230 I/Zygote  ( 1325): Preloading ICU data...
05-19 19:09:14.293 E/memtrack( 1324): Couldn't load memtrack module (No such file or directory)
05-19 19:09:14.294 E/android.os.Debug( 1324): failed to load memtrack module: -2
05-19 19:09:14.472 I/Radio-JNI( 1324): register_android_hardware_Radio DONE
05-19 19:09:15.362 I/SamplingProfilerIntegration( 1324): Profiling disabled.
05-19 19:09:15.426 D/Zygote  ( 1324): begin preload
05-19 19:09:15.426 I/Zygote  ( 1324): Installing ICU cache reference pinning...
05-19 19:09:15.429 I/Zygote  ( 1324): Preloading ICU data...
05-19 19:09:17.347 I/Zygote  ( 1324): Preloading classes...
05-19 19:09:17.393 I/Zygote  ( 1325): Preloading classes...
05-19 19:09:17.632 W/Zygote  ( 1324): Class not found for preloading: [Landroid.view.Display$ColorTransform;
05-19 19:09:17.910 W/Zygote  ( 1325): Class not found for preloading: [Landroid.view.Display$ColorTransform;
05-19 19:09:25.854 E/Typeface( 1324): Error mapping font file /system/fonts/DroidSansFallback.ttf
05-19 19:09:26.005 E/Typeface( 1325): Error mapping font file /system/fonts/DroidSansFallback.ttf
05-19 19:09:31.044 W/art     ( 1324): Suspending all threads took: 111.782ms
05-19 19:09:31.389 I/art     ( 1324): Background concurrent mark sweep GC freed 21947(2MB) AllocSpace objects, 104(1916KB) LOS objects, 33% free, 3MB/4MB, paused 114.779ms total 640.012ms
05-19 19:09:31.446 W/art     ( 1325): Suspending all threads took: 13.145ms
05-19 19:09:31.872 I/art     ( 1325): Background concurrent mark sweep GC freed 21944(2MB) AllocSpace objects, 95(1736KB) LOS objects, 33% free, 3MB/5MB, paused 19.376ms total 795.878ms
05-19 19:09:31.921 I/art     ( 1324): Thread[1,tid=1324,Native,Thread*=0x7bd8fd495a00,peer=0x12c060d0,"main"] recursive attempt to load library "/system/lib64/libmedia_jni.so"
05-19 19:09:31.991 D/MtpDeviceJNI( 1324): register_android_mtp_MtpDevice
05-19 19:09:32.002 I/art     ( 1324): Thread[1,tid=1324,Native,Thread*=0x7bd8fd495a00,peer=0x12c060d0,"main"] recursive attempt to load library "/system/lib64/libmedia_jni.so"
05-19 19:09:32.003 I/art     ( 1324): Thread[1,tid=1324,Native,Thread*=0x7bd8fd495a00,peer=0x12c060d0,"main"] recursive attempt to load library "/system/lib64/libmedia_jni.so"
05-19 19:09:32.302 I/art     ( 1325): Thread[1,tid=1325,Native,Thread*=0xe990b400,peer=0x12c060d0,"main"] recursive attempt to load library "/system/lib/libmedia_jni.so"
05-19 19:09:32.311 D/MtpDeviceJNI( 1325): register_android_mtp_MtpDevice
05-19 19:09:32.313 I/art     ( 1325): Thread[1,tid=1325,Native,Thread*=0xe990b400,peer=0x12c060d0,"main"] recursive attempt to load library "/system/lib/libmedia_jni.so"
05-19 19:09:32.314 I/art     ( 1325): Thread[1,tid=1325,Native,Thread*=0xe990b400,peer=0x12c060d0,"main"] recursive attempt to load library "/system/lib/libmedia_jni.so"
05-19 19:09:36.324 W/Zygote  ( 1324): Class not found for preloading: android.view.Display$ColorTransform
05-19 19:09:36.324 W/Zygote  ( 1324): Class not found for preloading: android.view.Display$ColorTransform$1
05-19 19:09:36.535 W/Zygote  ( 1325): Class not found for preloading: android.view.Display$ColorTransform
05-19 19:09:36.536 W/Zygote  ( 1325): Class not found for preloading: android.view.Display$ColorTransform$1
05-19 19:09:39.094 V/NatController( 1335): runCmd(/system/bin/iptables -w -F natctrl_FORWARD) res=0
05-19 19:09:39.317 I/art     ( 1324): Background sticky concurrent mark sweep GC freed 13640(2MB) AllocSpace objects, 25(460KB) LOS objects, 67% free, 1645KB/4MB, paused 1.759ms total 244.437ms
05-19 19:09:39.591 V/NatController( 1335): runCmd(/system/bin/ip6tables -w -F natctrl_FORWARD) res=0
05-19 19:09:40.471 V/NatController( 1335): runCmd(/system/bin/iptables -w -A natctrl_FORWARD -j DROP) res=0
05-19 19:09:41.073 V/NatController( 1335): runCmd(/system/bin/iptables -w -t nat -F natctrl_nat_POSTROUTING) res=0
05-19 19:09:41.541 V/NatController( 1335): runCmd(/system/bin/ip6tables -w -t raw -F natctrl_raw_PREROUTING) res=0
05-19 19:09:41.771 I/System  ( 1324): Loaded time zone names for "" in 1962ms (1845ms in ICU)
05-19 19:09:41.934 I/System  ( 1325): Loaded time zone names for "" in 2115ms (1989ms in ICU)
05-19 19:09:42.123 I/art     ( 1325): Background sticky concurrent mark sweep GC freed 18426(2MB) AllocSpace objects, 34(640KB) LOS objects, 69% free, 1754KB/5MB, paused 2.016ms total 357.735ms
05-19 19:09:42.126 V/NatController( 1335): runCmd(/system/bin/iptables -w -F natctrl_tether_counters) res=1
05-19 19:09:42.510 V/NatController( 1335): runCmd(/system/bin/ip6tables -w -F natctrl_tether_counters) res=1
05-19 19:09:42.667 I/System  ( 1324): Loaded time zone names for "en_US" in 894ms (890ms in ICU)
05-19 19:09:42.738 I/System  ( 1325): Loaded time zone names for "en_US" in 803ms (798ms in ICU)
05-19 19:09:42.891 V/NatController( 1335): runCmd(/system/bin/iptables -w -X natctrl_tether_counters) res=1
05-19 19:09:43.451 V/NatController( 1335): runCmd(/system/bin/ip6tables -w -X natctrl_tether_counters) res=1
05-19 19:09:43.751 V/NatController( 1335): runCmd(/system/bin/iptables -w -N natctrl_tether_counters) res=0
05-19 19:09:43.783 I/Zygote  ( 1324): ...preloaded 4158 classes in 26436ms.
05-19 19:09:43.784 I/art     ( 1324): VMRuntime.preloadDexCaches starting
05-19 19:09:44.024 I/Zygote  ( 1325): ...preloaded 4158 classes in 26630ms.
05-19 19:09:44.025 I/art     ( 1325): VMRuntime.preloadDexCaches starting
05-19 19:09:44.093 V/NatController( 1335): runCmd(/system/bin/ip6tables -w -N natctrl_tether_counters) res=0
05-19 19:09:44.591 V/NatController( 1335): runCmd(/system/bin/iptables -w -t mangle -A natctrl_mangle_FORWARD -p tcp --tcp-flags SYN SYN -j TCPMSS --clamp-mss-to-pmtu) res=0
05-19 19:09:45.762 I/art     ( 1324): VMRuntime.preloadDexCaches strings total=283712 before=39625 after=39625
05-19 19:09:45.762 I/art     ( 1324): VMRuntime.preloadDexCaches types total=23581 before=7877 after=7904
05-19 19:09:45.762 I/art     ( 1324): VMRuntime.preloadDexCaches fields total=112007 before=40903 after=41117
05-19 19:09:45.762 I/art     ( 1324): VMRuntime.preloadDexCaches methods total=197534 before=82457 after=83017
05-19 19:09:45.762 I/art     ( 1324): VMRuntime.preloadDexCaches finished
05-19 19:09:45.823 I/Zygote  ( 1324): Preloading resources...
05-19 19:09:45.916 I/art     ( 1325): VMRuntime.preloadDexCaches strings total=283712 before=39625 after=39625
05-19 19:09:45.916 I/art     ( 1325): VMRuntime.preloadDexCaches types total=23581 before=7877 after=7904
05-19 19:09:45.916 I/art     ( 1325): VMRuntime.preloadDexCaches fields total=112007 before=40903 after=41117
05-19 19:09:45.916 I/art     ( 1325): VMRuntime.preloadDexCaches methods total=197534 before=82457 after=83017
05-19 19:09:45.916 I/art     ( 1325): VMRuntime.preloadDexCaches finished
05-19 19:09:45.942 I/Zygote  ( 1325): Preloading resources...
05-19 19:09:47.871 W/Resources( 1324): Preloaded drawable resource #0x108025c (android:drawable/dialog_background_material) that varies with configuration!!
05-19 19:09:47.957 W/Resources( 1324): Preloaded drawable resource #0x1080298 (android:drawable/editbox_dropdown_background_dark) that varies with configuration!!
05-19 19:09:48.001 W/Resources( 1325): Preloaded drawable resource #0x108025c (android:drawable/dialog_background_material) that varies with configuration!!
05-19 19:09:48.104 W/Resources( 1325): Preloaded drawable resource #0x1080298 (android:drawable/editbox_dropdown_background_dark) that varies with configuration!!
05-19 19:09:48.252 W/Resources( 1324): Preloaded color resource #0x10600e2 (android:color/material_grey_800) that varies with configuration!!
05-19 19:09:48.253 W/Resources( 1324): Preloaded drawable resource #0x10802c9 (android:drawable/floating_popup_background_dark) that varies with configuration!!
05-19 19:09:48.358 W/Resources( 1325): Preloaded color resource #0x10600e2 (android:color/material_grey_800) that varies with configuration!!
05-19 19:09:48.358 W/Resources( 1325): Preloaded drawable resource #0x10802c9 (android:drawable/floating_popup_background_dark) that varies with configuration!!
05-19 19:09:49.002 W/Resources( 1324): Preloaded drawable resource #0x108030b (android:drawable/ic_clear_disabled) that varies with configuration!!
05-19 19:09:49.005 W/Resources( 1324): Preloaded drawable resource #0x1080310 (android:drawable/ic_clear_normal) that varies with configuration!!
05-19 19:09:49.124 W/Resources( 1324): Preloaded drawable resource #0x1080359 (android:drawable/ic_go) that varies with configuration!!
05-19 19:09:49.213 W/Resources( 1325): Preloaded drawable resource #0x108030b (android:drawable/ic_clear_disabled) that varies with configuration!!
05-19 19:09:49.216 W/Resources( 1325): Preloaded drawable resource #0x1080310 (android:drawable/ic_clear_normal) that varies with configuration!!
05-19 19:09:49.238 E/Netd    ( 1335): cannot find interface dummy0
05-19 19:09:49.295 W/Resources( 1325): Preloaded drawable resource #0x1080359 (android:drawable/ic_go) that varies with configuration!!
05-19 19:09:49.688 D/MDnsDS  ( 1335): MDnsSdListener::Hander starting up
05-19 19:09:49.792 I/art     ( 1324): Background sticky concurrent mark sweep GC freed 12619(779KB) AllocSpace objects, 1(40KB) LOS objects, 17% free, 4MB/4MB, paused 1.812ms total 443.845ms
05-19 19:09:49.821 D/MDnsDS  ( 1335): MDnsSdListener starting to monitor
05-19 19:09:49.821 D/MDnsDS  ( 1335): Going to poll with pollCount 1
05-19 19:09:50.105 W/Resources( 1324): Preloaded drawable resource #0x1080038 (android:drawable/ic_menu_close_clear_cancel) that varies with configuration!!
05-19 19:09:50.216 W/Resources( 1325): Preloaded drawable resource #0x1080038 (android:drawable/ic_menu_close_clear_cancel) that varies with configuration!!
05-19 19:09:50.235 W/Resources( 1324): Preloaded drawable resource #0x1080045 (android:drawable/ic_menu_more) that varies with configuration!!
05-19 19:09:50.334 W/Resources( 1325): Preloaded drawable resource #0x1080045 (android:drawable/ic_menu_more) that varies with configuration!!
05-19 19:09:50.604 W/Resources( 1324): Preloaded drawable resource #0x10804e8 (android:drawable/menu_background_fill_parent_width) that varies with configuration!!
05-19 19:09:50.810 W/Resources( 1325): Preloaded drawable resource #0x10804e8 (android:drawable/menu_background_fill_parent_width) that varies with configuration!!
05-19 19:09:51.671 W/art     ( 1325): Suspending all threads took: 10.719ms
05-19 19:09:51.762 I/art     ( 1325): Background sticky concurrent mark sweep GC freed 7488(450KB) AllocSpace objects, 3(120KB) LOS objects, 3% free, 5MB/5MB, paused 84.654ms total 406.711ms
05-19 19:09:51.979 I/art     ( 1325): Background concurrent mark sweep GC freed 4762(249KB) AllocSpace objects, 6(128KB) LOS objects, 44% free, 5MB/9MB, paused 450us total 198.570ms
05-19 19:09:52.251 W/Resources( 1324): Preloaded drawable resource #0x108077e (android:drawable/text_edit_paste_window) that varies with configuration!!
05-19 19:09:52.375 W/Resources( 1324): Preloaded drawable resource #0x1080096 (android:drawable/toast_frame) that varies with configuration!!
05-19 19:09:52.376 I/Zygote  ( 1324): ...preloaded 114 resources in 6553ms.
05-19 19:09:52.485 W/Resources( 1324): Preloaded color resource #0x106010b (android:color/background_cache_hint_selector_material_dark) that varies with configuration!!
05-19 19:09:52.488 W/Resources( 1324): Preloaded color resource #0x1060110 (android:color/btn_default_material_dark) that varies with configuration!!
05-19 19:09:52.582 I/Zygote  ( 1324): ...preloaded 41 resources in 206ms.
05-19 19:09:52.584 D/libEGL  ( 1324): Emulator without GPU support detected. Fallback to legacy software renderer, qemu.gles is set to 0.
05-19 19:09:52.723 D/libEGL  ( 1324): loaded /system/lib64/egl/libGLES_android.so
05-19 19:09:52.823 W/Resources( 1325): Preloaded drawable resource #0x108077e (android:drawable/text_edit_paste_window) that varies with configuration!!
05-19 19:09:52.972 W/Resources( 1325): Preloaded drawable resource #0x1080096 (android:drawable/toast_frame) that varies with configuration!!
05-19 19:09:52.972 I/Zygote  ( 1325): ...preloaded 114 resources in 7030ms.
05-19 19:09:53.186 W/Resources( 1325): Preloaded color resource #0x106010b (android:color/background_cache_hint_selector_material_dark) that varies with configuration!!
05-19 19:09:53.189 W/Resources( 1325): Preloaded color resource #0x1060110 (android:color/btn_default_material_dark) that varies with configuration!!
05-19 19:09:53.353 I/Zygote  ( 1325): ...preloaded 41 resources in 380ms.
05-19 19:09:53.355 D/libEGL  ( 1325): Emulator without GPU support detected. Fallback to legacy software renderer, qemu.gles is set to 0.
05-19 19:09:53.706 D/libEGL  ( 1325): loaded /system/lib/egl/libGLES_android.so
05-19 19:09:53.780 I/Zygote  ( 1324): Preloading shared libraries...
05-19 19:09:53.962 E/Hyphenator( 1324): error loading hyphenation /system/usr/hyphen-data/hyph-as.hyb
05-19 19:09:53.962 E/Hyphenator( 1324): java.io.FileNotFoundException: /system/usr/hyphen-data/hyph-as.hyb: open failed: ENOENT (No such file or directory)
05-19 19:09:53.962 E/Hyphenator( 1324): 	at libcore.io.IoBridge.open(IoBridge.java:455)
05-19 19:09:53.962 E/Hyphenator( 1324): 	at java.io.RandomAccessFile.<init>(RandomAccessFile.java:247)
05-19 19:09:53.962 E/Hyphenator( 1324): 	at android.text.Hyphenator.loadHyphenator(Hyphenator.java:118)
05-19 19:09:53.962 E/Hyphenator( 1324): 	at android.text.Hyphenator.init(Hyphenator.java:224)
05-19 19:09:53.962 E/Hyphenator( 1324): 	at com.android.internal.os.ZygoteInit.preloadTextResources(ZygoteInit.java:252)
05-19 19:09:53.962 E/Hyphenator( 1324): 	at com.android.internal.os.ZygoteInit.preload(ZygoteInit.java:206)
05-19 19:09:53.962 E/Hyphenator( 1324): 	at com.android.internal.os.ZygoteInit.main(ZygoteInit.java:743)
05-19 19:09:53.962 E/Hyphenator( 1324): Caused by: android.system.ErrnoException: open failed: ENOENT (No such file or directory)
05-19 19:09:53.962 E/Hyphenator( 1324): 	at libcore.io.Posix.open(Native Method)
05-19 19:09:53.962 E/Hyphenator( 1324): 	at libcore.io.BlockGuardOs.open(BlockGuardOs.java:187)
05-19 19:09:53.962 E/Hyphenator( 1324): 	at libcore.io.IoBridge.open(IoBridge.java:441)
05-19 19:09:53.962 E/Hyphenator( 1324): 	... 6 more
05-19 19:09:53.964 E/Hyphenator( 1324): error loading hyphenation /system/usr/hyphen-data/hyph-bn.hyb
05-19 19:09:53.964 E/Hyphenator( 1324): java.io.FileNotFoundException: /system/usr/hyphen-data/hyph-bn.hyb: open failed: ENOENT (No such file or directory)
05-19 19:09:53.964 E/Hyphenator( 1324): 	at libcore.io.IoBridge.open(IoBridge.java:455)
05-19 19:09:53.964 E/Hyphenator( 1324): 	at java.io.RandomAccessFile.<init>(RandomAccessFile.java:247)
05-19 19:09:53.964 E/Hyphenator( 1324): 	at android.text.Hyphenator.loadHyphenator(Hyphenator.java:118)
05-19 19:09:53.964 E/Hyphenator( 1324): 	at android.text.Hyphenator.init(Hyphenator.java:224)
05-19 19:09:53.964 E/Hyphenator( 1324): 	at com.android.internal.os.ZygoteInit.preloadTextResources(ZygoteInit.java:252)
05-19 19:09:53.964 E/Hyphenator( 1324): 	at com.android.internal.os.ZygoteInit.preload(ZygoteInit.java:206)
05-19 19:09:53.964 E/Hyphenator( 1324): 	at com.android.internal.os.ZygoteInit.main(ZygoteInit.java:743)
05-19 19:09:53.964 E/Hyphenator( 1324): Caused by: android.system.ErrnoException: open failed: ENOENT (No such file or directory)
05-19 19:09:53.964 E/Hyphenator( 1324): 	at libcore.io.Posix.open(Native Method)
05-19 19:09:53.964 E/Hyphenator( 1324): 	at libcore.io.BlockGuardOs.open(BlockGuardOs.java:187)
05-19 19:09:53.964 E/Hyphenator( 1324): 	at libcore.io.IoBridge.open(IoBridge.java:441)
05-19 19:09:53.964 E/Hyphenator( 1324): 	... 6 more
05-19 19:09:53.992 E/Hyphenator( 1324): error loading hyphenation /system/usr/hyphen-data/hyph-cy.hyb
05-19 19:09:53.992 E/Hyphenator( 1324): java.io.FileNotFoundException: /system/usr/hyphen-data/hyph-cy.hyb: open failed: ENOENT (No such file or directory)
05-19 19:09:53.992 E/Hyphenator( 1324): 	at libcore.io.IoBridge.open(IoBridge.java:455)
05-19 19:09:53.992 E/Hyphenator( 1324): 	at java.io.RandomAccessFile.<init>(RandomAccessFile.java:247)
05-19 19:09:53.992 E/Hyphenator( 1324): 	at android.text.Hyphenator.loadHyphenator(Hyphenator.java:118)
05-19 19:09:53.992 E/Hyphenator( 1324): 	at android.text.Hyphenator.init(Hyphenator.java:224)
05-19 19:09:53.992 E/Hyphenator( 1324): 	at com.android.internal.os.ZygoteInit.preloadTextResources(ZygoteInit.java:252)
05-19 19:09:53.992 E/Hyphenator( 1324): 	at com.android.internal.os.ZygoteInit.preload(ZygoteInit.java:206)
05-19 19:09:53.992 E/Hyphenator( 1324): 	at com.android.internal.os.ZygoteInit.main(ZygoteInit.java:743)
05-19 19:09:53.992 E/Hyphenator( 1324): Caused by: android.system.ErrnoException: open failed: ENOENT (No such file or directory)
05-19 19:09:53.992 E/Hyphenator( 1324): 	at libcore.io.Posix.open(Native Method)
05-19 19:09:53.992 E/Hyphenator( 1324): 	at libcore.io.BlockGuardOs.open(BlockGuardOs.java:187)
05-19 19:09:53.992 E/Hyphenator( 1324): 	at libcore.io.IoBridge.open(IoBridge.java:441)
05-19 19:09:53.992 E/Hyphenator( 1324): 	... 6 more
05-19 19:09:53.994 E/Hyphenator( 1324): error loading hyphenation /system/usr/hyphen-data/hyph-da.hyb
05-19 19:09:53.994 E/Hyphenator( 1324): java.io.FileNotFoundException: /system/usr/hyphen-data/hyph-da.hyb: open failed: ENOENT (No such file or directory)
05-19 19:09:53.994 E/Hyphenator( 1324): 	at libcore.io.IoBridge.open(IoBridge.java:455)
05-19 19:09:53.994 E/Hyphenator( 1324): 	at java.io.RandomAccessFile.<init>(RandomAccessFile.java:247)
05-19 19:09:53.994 E/Hyphenator( 1324): 	at android.text.Hyphenator.loadHyphenator(Hyphenator.java:118)
05-19 19:09:53.994 E/Hyphenator( 1324): 	at android.text.Hyphenator.init(Hyphenator.java:224)
05-19 19:09:53.994 E/Hyphenator( 1324): 	at com.android.internal.os.ZygoteInit.preloadTextResources(ZygoteInit.java:252)
05-19 19:09:53.994 E/Hyphenator( 1324): 	at com.android.internal.os.ZygoteInit.preload(ZygoteInit.java:206)
05-19 19:09:53.994 E/Hyphenator( 1324): 	at com.android.internal.os.ZygoteInit.main(ZygoteInit.java:743)
05-19 19:09:53.994 E/Hyphenator( 1324): Caused by: android.system.ErrnoException: open failed: ENOENT (No such file or directory)
05-19 19:09:53.994 E/Hyphenator( 1324): 	at libcore.io.Posix.open(Native Method)
05-19 19:09:53.994 E/Hyphenator( 1324): 	at libcore.io.BlockGuardOs.open(BlockGuardOs.java:187)
05-19 19:09:53.994 E/Hyphenator( 1324): 	at libcore.io.IoBridge.open(IoBridge.java:441)
05-19 19:09:53.994 E/Hyphenator( 1324): 	... 6 more
05-19 19:09:53.995 E/Hyphenator( 1324): error loading hyphenation /system/usr/hyphen-data/hyph-de-1901.hyb
05-19 19:09:53.995 E/Hyphenator( 1324): java.io.FileNotFoundException: /system/usr/hyphen-data/hyph-de-1901.hyb: open failed: ENOENT (No such file or directory)
05-19 19:09:53.995 E/Hyphenator( 1324): 	at libcore.io.IoBridge.open(IoBridge.java:455)
05-19 19:09:53.995 E/Hyphenator( 1324): 	at java.io.RandomAccessFile.<init>(RandomAccessFile.java:247)
05-19 19:09:53.995 E/Hyphenator( 1324): 	at android.text.Hyphenator.loadHyphenator(Hyphenator.java:118)
05-19 19:09:53.995 E/Hyphenator( 1324): 	at android.text.Hyphenator.init(Hyphenator.java:224)
05-19 19:09:53.995 E/Hyphenator( 1324): 	at com.android.internal.os.ZygoteInit.preloadTextResources(ZygoteInit.java:252)
05-19 19:09:53.995 E/Hyphenator( 1324): 	at com.android.internal.os.ZygoteInit.preload(ZygoteInit.java:206)
05-19 19:09:53.995 E/Hyphenator( 1324): 	at com.android.internal.os.ZygoteInit.main(ZygoteInit.java:743)
05-19 19:09:53.995 E/Hyphenator( 1324): Caused by: android.system.ErrnoException: open failed: ENOENT (No such file or directory)
05-19 19:09:53.995 E/Hyphenator( 1324): 	at libcore.io.Posix.open(Native Method)
05-19 19:09:53.995 E/Hyphenator( 1324): 	at libcore.io.BlockGuardOs.open(BlockGuardOs.java:187)
05-19 19:09:53.995 E/Hyphenator( 1324): 	at libcore.io.IoBridge.open(IoBridge.java:441)
05-19 19:09:53.995 E/Hyphenator( 1324): 	... 6 more
05-19 19:09:53.997 E/Hyphenator( 1324): error loading hyphenation /system/usr/hyphen-data/hyph-de-1996.hyb
05-19 19:09:53.997 E/Hyphenator( 1324): java.io.FileNotFoundException: /system/usr/hyphen-data/hyph-de-1996.hyb: open failed: ENOENT (No such file or directory)
05-19 19:09:53.997 E/Hyphenator( 1324): 	at libcore.io.IoBridge.open(IoBridge.java:455)
05-19 19:09:53.997 E/Hyphenator( 1324): 	at java.io.RandomAccessFile.<init>(RandomAccessFile.java:247)
05-19 19:09:53.997 E/Hyphenator( 1324): 	at android.text.Hyphenator.loadHyphenator(Hyphenator.java:118)
05-19 19:09:53.997 E/Hyphenator( 1324): 	at android.text.Hyphenator.init(Hyphenator.java:224)
05-19 19:09:53.997 E/Hyphenator( 1324): 	at com.android.internal.os.ZygoteInit.preloadTextResources(ZygoteInit.java:252)
05-19 19:09:53.997 E/Hyphenator( 1324): 	at com.android.internal.os.ZygoteInit.preload(ZygoteInit.java:206)
05-19 19:09:53.997 E/Hyphenator( 1324): 	at com.android.internal.os.ZygoteInit.main(ZygoteInit.java:743)
05-19 19:09:53.997 E/Hyphenator( 1324): Caused by: android.system.ErrnoException: open failed: ENOENT (No such file or directory)
05-19 19:09:53.997 E/Hyphenator( 1324): 	at libcore.io.Posix.open(Native Method)
05-19 19:09:53.997 E/Hyphenator( 1324): 	at libcore.io.BlockGuardOs.open(BlockGuardOs.java:187)
05-19 19:09:53.997 E/Hyphenator( 1324): 	at libcore.io.IoBridge.open(IoBridge.java:441)
05-19 19:09:53.997 E/Hyphenator( 1324): 	... 6 more
05-19 19:09:53.998 E/Hyphenator( 1324): error loading hyphenation /system/usr/hyphen-data/hyph-de-ch-1901.hyb
05-19 19:09:53.998 E/Hyphenator( 1324): java.io.FileNotFoundException: /system/usr/hyphen-data/hyph-de-ch-1901.hyb: open failed: ENOENT (No such file or directory)
05-19 19:09:53.998 E/Hyphenator( 1324): 	at libcore.io.IoBridge.open(IoBridge.java:455)
05-19 19:09:53.998 E/Hyphenator( 1324): 	at java.io.RandomAccessFile.<init>(RandomAccessFile.java:247)
05-19 19:09:53.998 E/Hyphenator( 1324): 	at android.text.Hyphenator.loadHyphenator(Hyphenator.java:118)
05-19 19:09:53.998 E/Hyphenator( 1324): 	at android.text.Hyphenator.init(Hyphenator.java:224)
05-19 19:09:53.998 E/Hyphenator( 1324): 	at com.android.internal.os.ZygoteInit.preloadTextResources(ZygoteInit.java:252)
05-19 19:09:53.998 E/Hyphenator( 1324): 	at com.android.internal.os.ZygoteInit.preload(ZygoteInit.java:206)
05-19 19:09:53.998 E/Hyphenator( 1324): 	at com.android.internal.os.ZygoteInit.main(ZygoteInit.java:743)
05-19 19:09:53.998 E/Hyphenator( 1324): Caused by: android.system.ErrnoException: open failed: ENOENT (No such file or directory)
05-19 19:09:53.998 E/Hyphenator( 1324): 	at libcore.io.Posix.open(Native Method)
05-19 19:09:53.998 E/Hyphenator( 1324): 	at libcore.io.BlockGuardOs.open(BlockGuardOs.java:187)
05-19 19:09:53.998 E/Hyphenator( 1324): 	at libcore.io.IoBridge.open(IoBridge.java:441)
05-19 19:09:53.998 E/Hyphenator( 1324): 	... 6 more
05-19 19:09:54.105 E/Hyphenator( 1324): error loading hyphenation /system/usr/hyphen-data/hyph-en-gb.hyb
05-19 19:09:54.105 E/Hyphenator( 1324): java.io.FileNotFoundException: /system/usr/hyphen-data/hyph-en-gb.hyb: open failed: ENOENT (No such file or directory)
05-19 19:09:54.105 E/Hyphenator( 1324): 	at libcore.io.IoBridge.open(IoBridge.java:455)
05-19 19:09:54.105 E/Hyphenator( 1324): 	at java.io.RandomAccessFile.<init>(RandomAccessFile.java:247)
05-19 19:09:54.105 E/Hyphenator( 1324): 	at android.text.Hyphenator.loadHyphenator(Hyphenator.java:118)
05-19 19:09:54.105 E/Hyphenator( 1324): 	at android.text.Hyphenator.init(Hyphenator.java:224)
05-19 19:09:54.105 E/Hyphenator( 1324): 	at com.android.internal.os.ZygoteInit.preloadTextResources(ZygoteInit.java:252)
05-19 19:09:54.105 E/Hyphenator( 1324): 	at com.android.internal.os.ZygoteInit.preload(ZygoteInit.java:206)
05-19 19:09:54.105 E/Hyphenator( 1324): 	at com.android.internal.os.ZygoteInit.main(ZygoteInit.java:743)
05-19 19:09:54.105 E/Hyphenator( 1324): Caused by: android.system.ErrnoException: open failed: ENOENT (No such file or directory)
05-19 19:09:54.105 E/Hyphenator( 1324): 	at libcore.io.Posix.open(Native Method)
05-19 19:09:54.105 E/Hyphenator( 1324): 	at libcore.io.BlockGuardOs.open(BlockGuardOs.java:187)
05-19 19:09:54.105 E/Hyphenator( 1324): 	at libcore.io.IoBridge.open(IoBridge.java:441)
05-19 19:09:54.105 E/Hyphenator( 1324): 	... 6 more
05-19 19:09:54.107 E/Hyphenator( 1324): error loading hyphenation /system/usr/hyphen-data/hyph-en-us.hyb
05-19 19:09:54.107 E/Hyphenator( 1324): java.io.FileNotFoundException: /system/usr/hyphen-data/hyph-en-us.hyb: open failed: ENOENT (No such file or directory)
05-19 19:09:54.107 E/Hyphenator( 1324): 	at libcore.io.IoBridge.open(IoBridge.java:455)
05-19 19:09:54.107 E/Hyphenator( 1324): 	at java.io.RandomAccessFile.<init>(RandomAccessFile.java:247)
05-19 19:09:54.107 E/Hyphenator( 1324): 	at android.text.Hyphenator.loadHyphenator(Hyphenator.java:118)
05-19 19:09:54.107 E/Hyphenator( 1324): 	at android.text.Hyphenator.init(Hyphenator.java:224)
05-19 19:09:54.107 E/Hyphenator( 1324): 	at com.android.internal.os.ZygoteInit.preloadTextResources(ZygoteInit.java:252)
05-19 19:09:54.107 E/Hyphenator( 1324): 	at com.android.internal.os.ZygoteInit.preload(ZygoteInit.java:206)
05-19 19:09:54.107 E/Hyphenator( 1324): 	at com.android.internal.os.ZygoteInit.main(ZygoteInit.java:743)
05-19 19:09:54.107 E/Hyphenator( 1324): Caused by: android.system.ErrnoException: open failed: ENOENT (No such file or directory)
05-19 19:09:54.107 E/Hyphenator( 1324): 	at libcore.io.Posix.open(Native Method)
05-19 19:09:54.107 E/Hyphenator( 1324): 	at libcore.io.BlockGuardOs.open(BlockGuardOs.java:187)
05-19 19:09:54.107 E/Hyphenator( 1324): 	at libcore.io.IoBridge.open(IoBridge.java:441)
05-19 19:09:54.107 E/Hyphenator( 1324): 	... 6 more
05-19 19:09:54.108 E/Hyphenator( 1324): error loading hyphenation /system/usr/hyphen-data/hyph-es.hyb
05-19 19:09:54.108 E/Hyphenator( 1324): java.io.FileNotFoundException: /system/usr/hyphen-data/hyph-es.hyb: open failed: ENOENT (No such file or directory)
05-19 19:09:54.108 E/Hyphenator( 1324): 	at libcore.io.IoBridge.open(IoBridge.java:455)
05-19 19:09:54.108 E/Hyphenator( 1324): 	at java.io.RandomAccessFile.<init>(RandomAccessFile.java:247)
05-19 19:09:54.108 E/Hyphenator( 1324): 	at android.text.Hyphenator.loadHyphenator(Hyphenator.java:118)
05-19 19:09:54.108 E/Hyphenator( 1324): 	at android.text.Hyphenator.init(Hyphenator.java:224)
05-19 19:09:54.108 E/Hyphenator( 1324): 	at com.android.internal.os.ZygoteInit.preloadTextResources(ZygoteInit.java:252)
05-19 19:09:54.108 E/Hyphenator( 1324): 	at com.android.internal.os.ZygoteInit.preload(ZygoteInit.java:206)
05-19 19:09:54.108 E/Hyphenator( 1324): 	at com.android.internal.os.ZygoteInit.main(ZygoteInit.java:743)
05-19 19:09:54.108 E/Hyphenator( 1324): Caused by: android.system.ErrnoException: open failed: ENOENT (No such file or directory)
05-19 19:09:54.108 E/Hyphenator( 1324): 	at libcore.io.Posix.open(Native Method)
05-19 19:09:54.108 E/Hyphenator( 1324): 	at libcore.io.BlockGuardOs.open(BlockGuardOs.java:187)
05-19 19:09:54.108 E/Hyphenator( 1324): 	at libcore.io.IoBridge.open(IoBridge.java:441)
05-19 19:09:54.108 E/Hyphenator( 1324): 	... 6 more
05-19 19:09:54.109 E/Hyphenator( 1324): error loading hyphenation /system/usr/hyphen-data/hyph-et.hyb
05-19 19:09:54.109 E/Hyphenator( 1324): java.io.FileNotFoundException: /system/usr/hyphen-data/hyph-et.hyb: open failed: ENOENT (No such file or directory)
05-19 19:09:54.109 E/Hyphenator( 1324): 	at libcore.io.IoBridge.open(IoBridge.java:455)
05-19 19:09:54.109 E/Hyphenator( 1324): 	at java.io.RandomAccessFile.<init>(RandomAccessFile.java:247)
05-19 19:09:54.109 E/Hyphenator( 1324): 	at android.text.Hyphenator.loadHyphenator(Hyphenator.java:118)
05-19 19:09:54.109 E/Hyphenator( 1324): 	at android.text.Hyphenator.init(Hyphenator.java:224)
05-19 19:09:54.109 E/Hyphenator( 1324): 	at com.android.internal.os.ZygoteInit.preloadTextResources(ZygoteInit.java:252)
05-19 19:09:54.109 E/Hyphenator( 1324): 	at com.android.internal.os.ZygoteInit.preload(ZygoteInit.java:206)
05-19 19:09:54.109 E/Hyphenator( 1324): 	at com.android.internal.os.ZygoteInit.main(ZygoteInit.java:743)
05-19 19:09:54.109 E/Hyphenator( 1324): Caused by: android.system.ErrnoException: open failed: ENOENT (No such file or directory)
05-19 19:09:54.109 E/Hyphenator( 1324): 	at libcore.io.Posix.open(Native Method)
05-19 19:09:54.109 E/Hyphenator( 1324): 	at libcore.io.BlockGuardOs.open(BlockGuardOs.java:187)
05-19 19:09:54.109 E/Hyphenator( 1324): 	at libcore.io.IoBridge.open(IoBridge.java:441)
05-19 19:09:54.109 E/Hyphenator( 1324): 	... 6 more
05-19 19:09:54.143 E/Hyphenator( 1324): error loading hyphenation /system/usr/hyphen-data/hyph-eu.hyb
05-19 19:09:54.143 E/Hyphenator( 1324): java.io.FileNotFoundException: /system/usr/hyphen-data/hyph-eu.hyb: open failed: ENOENT (No such file or directory)
05-19 19:09:54.143 E/Hyphenator( 1324): 	at libcore.io.IoBridge.open(IoBridge.java:455)
05-19 19:09:54.143 E/Hyphenator( 1324): 	at java.io.RandomAccessFile.<init>(RandomAccessFile.java:247)
05-19 19:09:54.143 E/Hyphenator( 1324): 	at android.text.Hyphenator.loadHyphenator(Hyphenator.java:118)
05-19 19:09:54.143 E/Hyphenator( 1324): 	at android.text.Hyphenator.init(Hyphenator.java:224)
05-19 19:09:54.143 E/Hyphenator( 1324): 	at com.android.internal.os.ZygoteInit.preloadTextResources(ZygoteInit.java:252)
05-19 19:09:54.143 E/Hyphenator( 1324): 	at com.android.internal.os.ZygoteInit.preload(ZygoteInit.java:206)
05-19 19:09:54.143 E/Hyphenator( 1324): 	at com.android.internal.os.ZygoteInit.main(ZygoteInit.java:743)
05-19 19:09:54.143 E/Hyphenator( 1324): Caused by: android.system.ErrnoException: open failed: ENOENT (No such file or directory)
05-19 19:09:54.143 E/Hyphenator( 1324): 	at libcore.io.Posix.open(Native Method)
05-19 19:09:54.143 E/Hyphenator( 1324): 	at libcore.io.BlockGuardOs.open(BlockGuardOs.java:187)
05-19 19:09:54.143 E/Hyphenator( 1324): 	at libcore.io.IoBridge.open(IoBridge.java:441)
05-19 19:09:54.143 E/Hyphenator( 1324): 	... 6 more
05-19 19:09:54.144 E/Hyphenator( 1324): error loading hyphenation /system/usr/hyphen-data/hyph-fr.hyb
05-19 19:09:54.144 E/Hyphenator( 1324): java.io.FileNotFoundException: /system/usr/hyphen-data/hyph-fr.hyb: open failed: ENOENT (No such file or directory)
05-19 19:09:54.144 E/Hyphenator( 1324): 	at libcore.io.IoBridge.open(IoBridge.java:455)
05-19 19:09:54.144 E/Hyphenator( 1324): 	at java.io.RandomAccessFile.<init>(RandomAccessFile.java:247)
05-19 19:09:54.144 E/Hyphenator( 1324): 	at android.text.Hyphenator.loadHyphenator(Hyphenator.java:118)
05-19 19:09:54.144 E/Hyphenator( 1324): 	at android.text.Hyphenator.init(Hyphenator.java:224)
05-19 19:09:54.144 E/Hyphenator( 1324): 	at com.android.internal.os.ZygoteInit.preloadTextResources(ZygoteInit.java:252)
05-19 19:09:54.144 E/Hyphenator( 1324): 	at com.android.internal.os.ZygoteInit.preload(ZygoteInit.java:206)
05-19 19:09:54.144 E/Hyphenator( 1324): 	at com.android.internal.os.ZygoteInit.main(ZygoteInit.java:743)
05-19 19:09:54.144 E/Hyphenator( 1324): Caused by: android.system.ErrnoException: open failed: ENOENT (No such file or directory)
05-19 19:09:54.144 E/Hyphenator( 1324): 	at libcore.io.Posix.open(Native Method)
05-19 19:09:54.144 E/Hyphenator( 1324): 	at libcore.io.BlockGuardOs.open(BlockGuardOs.java:187)
05-19 19:09:54.144 E/Hyphenator( 1324): 	at libcore.io.IoBridge.open(IoBridge.java:441)
05-19 19:09:54.144 E/Hyphenator( 1324): 	... 6 more
05-19 19:09:54.146 E/Hyphenator( 1324): error loading hyphenation /system/usr/hyphen-data/hyph-ga.hyb
05-19 19:09:54.146 E/Hyphenator( 1324): java.io.FileNotFoundException: /system/usr/hyphen-data/hyph-ga.hyb: open failed: ENOENT (No such file or directory)
05-19 19:09:54.146 E/Hyphenator( 1324): 	at libcore.io.IoBridge.open(IoBridge.java:455)
05-19 19:09:54.146 E/Hyphenator( 1324): 	at java.io.RandomAccessFile.<init>(RandomAccessFile.java:247)
05-19 19:09:54.146 E/Hyphenator( 1324): 	at android.text.Hyphenator.loadHyphenator(Hyphenator.java:118)
05-19 19:09:54.146 E/Hyphenator( 1324): 	at android.text.Hyphenator.init(Hyphenator.java:224)
05-19 19:09:54.146 E/Hyphenator( 1324): 	at com.android.internal.os.ZygoteInit.preloadTextResources(ZygoteInit.java:252)
05-19 19:09:54.146 E/Hyphenator( 1324): 	at com.android.internal.os.ZygoteInit.preload(ZygoteInit.java:206)
05-19 19:09:54.146 E/Hyphenator( 1324): 	at com.android.internal.os.ZygoteInit.main(ZygoteInit.java:743)
