04-30 05:56:29.012 W/art     ( 1793): Long monitor contention with owner Binder:1793_6 (2254) at void com.android.server.am.ActivityManagerService.activityPaused(android.os.IBinder)(ActivityManagerService.java:6916) waiters=10 in android.content.Intent com.android.server.am.ActivityManagerService.registerReceiver(android.app.IApplicationThread, java.lang.String, android.content.IIntentReceiver, android.content.IntentFilter, java.lang.String, int) for 1.675s
04-30 05:56:29.013 W/art     ( 1793): Long monitor contention with owner Binder:1793_6 (2254) at void com.android.server.am.ActivityManagerService.activityPaused(android.os.IBinder)(ActivityManagerService.java:6916) waiters=11 in java.lang.String com.android.server.am.ActivityManagerService.checkContentProviderAccess(java.lang.String, int) for 1.640s
04-30 05:56:29.014 W/art     ( 1793): Long monitor contention with owner ActivityManager (1832) at void com.android.server.am.ActivityStackSupervisor$ActivityStackSupervisorHandler.handleMessage(android.os.Message)(ActivityStackSupervisor.java:3910) waiters=6 in void com.android.server.am.ActivityManagerService.dispatchUidsChanged() for 1.163s
04-30 05:56:29.014 W/art     ( 1793): Long monitor contention with owner ActivityManager (1832) at void com.android.server.am.ActivityStackSupervisor$ActivityStackSupervisorHandler.handleMessage(android.os.Message)(ActivityStackSupervisor.java:3910) waiters=6 in java.lang.String com.android.server.am.ActivityManagerService.checkContentProviderAccess(java.lang.String, int) for 1.164s
04-30 05:56:31.129 W/art     ( 1793): Long monitor contention with owner Binder:1793_3 (2032) at void com.android.server.wm.WindowManagerService.continueSurfaceLayout()(WindowManagerService.java:5454) waiters=0 in int com.android.server.wm.WindowManagerService.relayoutWindow(com.android.server.wm.Session, android.view.IWindow, int, android.view.WindowManager$LayoutParams, int, int, int, int, android.graphics.Rect, android.graphics.Rect, android.graphics.Rect, android.graphics.Rect, android.graphics.Rect, android.graphics.Rect, android.graphics.Rect, android.content.res.Configuration, android.view.Surface) for 2.079s
04-30 05:56:33.260 W/art     ( 1793): Long monitor contention with owner Binder:1793_B (2562) at int com.android.server.wm.WindowManagerService.relayoutWindow(com.android.server.wm.Session, android.view.IWindow, int, android.view.WindowManager$LayoutParams, int, int, int, int, android.graphics.Rect, android.graphics.Rect, android.graphics.Rect, android.graphics.Rect, android.graphics.Rect, android.graphics.Rect, android.graphics.Rect, android.content.res.Configuration, android.view.Surface)(WindowManagerService.java:2857) waiters=0 in void com.android.server.wm.WindowManagerService.executeAppTransition() for 2.098s
04-30 05:56:33.315 I/Choreographer( 2211): Skipped 276 frames!  The application may be doing too much work on its main thread.
04-30 05:56:35.370 W/art     ( 1793): Long monitor contention with owner ActivityManager (1832) at void com.android.server.am.ActivityStackSupervisor$ActivityStackSupervisorHandler.handleMessage(android.os.Message)(ActivityStackSupervisor.java:3910) waiters=6 in android.content.pm.UserInfo com.android.server.am.UserController.getCurrentUser() for 7.503s
04-30 05:56:35.437 W/art     ( 1793): Long monitor contention with owner ActivityManager (1832) at void com.android.server.am.ActivityStackSupervisor$ActivityStackSupervisorHandler.handleMessage(android.os.Message)(ActivityStackSupervisor.java:3910) waiters=7 in void com.android.server.am.ActivityManagerService$3.handleMessage(android.os.Message) for 7.560s
04-30 05:56:35.440 W/art     ( 1793): Long monitor contention with owner ActivityManager (1832) at void com.android.server.am.ActivityStackSupervisor$ActivityStackSupervisorHandler.handleMessage(android.os.Message)(ActivityStackSupervisor.java:3910) waiters=8 in android.content.Intent com.android.server.am.ActivityManagerService.registerReceiver(android.app.IApplicationThread, java.lang.String, android.content.IIntentReceiver, android.content.IntentFilter, java.lang.String, int) for 7.401s
04-30 05:56:35.486 W/System  ( 2521): ClassLoader referenced unknown path: /system/app/Launcher3/lib/x86_64
04-30 05:56:35.537 W/art     ( 1793): Long monitor contention with owner ActivityManager (1832) at void com.android.server.am.ActivityStackSupervisor$ActivityStackSupervisorHandler.handleMessage(android.os.Message)(ActivityStackSupervisor.java:3910) waiters=10 in void com.android.server.am.ActivityManagerService$LocalService.notifyAppTransitionStarting(int) for 6.530s
04-30 05:56:35.539 W/art     ( 1793): Long monitor contention with owner Binder:1793_3 (2032) at void com.android.server.am.ActivityManagerService.attachApplication(android.app.IApplicationThread)(ActivityManagerService.java:6669) waiters=8 in android.content.Intent com.android.server.am.ActivityManagerService.registerReceiver(android.app.IApplicationThread, java.lang.String, android.content.IIntentReceiver, android.content.IntentFilter, java.lang.String, int) for 6.526s
04-30 05:56:35.541 W/art     ( 1793): Long monitor contention with owner Binder:1793_3 (2032) at void com.android.server.am.ActivityManagerService.attachApplication(android.app.IApplicationThread)(ActivityManagerService.java:6669) waiters=8 in java.lang.String com.android.server.am.ActivityManagerService.checkContentProviderAccess(java.lang.String, int) for 6.527s
04-30 05:56:35.542 W/art     ( 1793): Long monitor contention with owner Binder:1793_3 (2032) at void com.android.server.am.ActivityManagerService.attachApplication(android.app.IApplicationThread)(ActivityManagerService.java:6669) waiters=8 in void com.android.server.am.ActivityManagerService.dispatchUidsChanged() for 6.527s
04-30 05:56:35.545 W/art     ( 1793): Long monitor contention with owner Binder:1793_3 (2032) at void com.android.server.am.ActivityManagerService.attachApplication(android.app.IApplicationThread)(ActivityManagerService.java:6669) waiters=9 in void com.android.server.am.ActivityStack$ActivityStackHandler.handleMessage(android.os.Message) for 6.015s
04-30 05:56:35.557 W/art     ( 1793): Long monitor contention with owner Binder:1793_3 (2032) at void com.android.server.am.ActivityManagerService.attachApplication(android.app.IApplicationThread)(ActivityManagerService.java:6669) waiters=8 in java.lang.String com.android.server.am.ActivityManagerService.checkContentProviderAccess(java.lang.String, int) for 6.542s
04-30 05:56:35.589 W/art     ( 1793): Long monitor contention with owner Binder:1793_3 (2032) at void com.android.server.am.ActivityManagerService.attachApplication(android.app.IApplicationThread)(ActivityManagerService.java:6669) waiters=10 in void com.android.server.am.ActivityManagerService.monitor() for 432ms
04-30 05:56:35.591 I/Choreographer( 1793): Skipped 402 frames!  The application may be doing too much work on its main thread.
04-30 05:56:35.607 W/ActivityManager( 1793): Launch timeout has expired, giving up wake lock!
04-30 05:56:35.610 W/art     ( 1793): Long monitor contention with owner ActivityManager (1832) at void com.android.server.am.ActivityStackSupervisor$ActivityStackSupervisorHandler.handleMessage(android.os.Message)(ActivityStackSupervisor.java:3910) waiters=9 in android.content.pm.UserInfo com.android.server.am.UserController.getCurrentUser() for 6.732s
04-30 05:56:35.797 I/SyncManager( 1793): Got SyncJobService instance.
04-30 05:56:35.800 I/FusedLocation( 1793): engine started (com.android.location.fused)
04-30 05:56:35.918 D/LauncherProvider( 2521): Launcher process started
04-30 05:56:36.784 V/KeyguardServiceDelegate( 1793): **** SHOWN CALLED ****
04-30 05:56:37.066 I/AlarmClock( 2442): AlarmInitReceiver android.intent.action.TIME_SET
04-30 05:56:37.201 I/Choreographer( 2006): Skipped 1126 frames!  The application may be doing too much work on its main thread.
04-30 05:56:37.843 E/NetdConnector( 1793): NDC Command {18 firewall disable_chain standby} took too long (1969ms)
04-30 05:56:38.177 W/art     ( 2424): Long monitor contention with owner Binder:2424_1 (2439) at boolean android.os.BinderProxy.transactNative(int, android.os.Parcel, android.os.Parcel, int)(Binder.java:-2) waiters=0 in void android.database.AbstractCursor.onChange(boolean) for 2.368s
04-30 05:56:39.693 W/ActivityManager( 1793): Slow operation: 103ms so far, now at startProcess: returned from zygote!
04-30 05:56:39.694 W/ActivityManager( 1793): Slow operation: 104ms so far, now at startProcess: done updating battery stats
04-30 05:56:39.694 W/ActivityManager( 1793): Slow operation: 105ms so far, now at startProcess: building log message
04-30 05:56:39.695 I/ActivityManager( 1793): Start proc 2572:com.android.printspooler/u0a51 for service com.android.printspooler/.model.PrintSpoolerService
04-30 05:56:39.695 W/ActivityManager( 1793): Slow operation: 105ms so far, now at startProcess: starting to update pids map
04-30 05:56:39.695 W/ActivityManager( 1793): Slow operation: 105ms so far, now at startProcess: done updating pids map
04-30 05:56:39.718 W/ActivityManager( 1793): Slow operation: 130ms so far, now at startProcess: done starting proc!
04-30 05:56:39.748 W/art     ( 2572): Unexpected CPU variant for X86 using defaults: x86_64
04-30 05:56:40.486 V/AlarmClock( 2442): AlarmInitReceiver finished
04-30 05:56:40.508 D/WIFI    ( 1793): Registering NetworkFactory
04-30 05:56:40.527 D/ConnectivityService( 1793): Got NetworkFactory Messenger for WIFI
04-30 05:56:40.537 D/WIFI_UT ( 1793): Registering NetworkFactory
04-30 05:56:40.546 D/ConnectivityService( 1793): Got NetworkFactory Messenger for WIFI_UT
04-30 05:56:40.574 D/WIFI    ( 1793): got request NetworkRequest [ REQUEST id=1, [ Capabilities: INTERNET&NOT_RESTRICTED&TRUSTED&NOT_VPN] ] with score 0
04-30 05:56:40.577 D/WIFI_UT ( 1793): got request NetworkRequest [ REQUEST id=1, [ Capabilities: INTERNET&NOT_RESTRICTED&TRUSTED&NOT_VPN] ] with score 0
04-30 05:56:40.643 I/AlarmClock( 2442): AlarmInitReceiver android.intent.action.LOCKED_BOOT_COMPLETED
04-30 05:56:40.995 D/AlarmClock/Events( 2442): [Stopwatch] [Reset] [Reboot]
04-30 05:56:41.909 I/Choreographer( 1793): Skipped 378 frames!  The application may be doing too much work on its main thread.
04-30 05:56:41.925 W/art     ( 1793): Long monitor contention with owner android.display (1844) at void com.android.server.wm.WindowManagerService$H.handleMessage(android.os.Message)(WindowManagerService.java:8549) waiters=0 in void com.android.server.wm.WindowManagerService.monitor() for 6.321s
04-30 05:56:41.938 W/art     ( 1793): Long monitor contention with owner android.display (1844) at void com.android.server.wm.WindowManagerService$H.handleMessage(android.os.Message)(WindowManagerService.java:8549) waiters=1 in void com.android.server.wm.WindowManagerService.getInitialDisplaySize(int, android.graphics.Point) for 6.281s
04-30 05:56:41.939 W/art     ( 1793): Long monitor contention with owner android.display (1844) at void com.android.server.wm.WindowManagerService$H.handleMessage(android.os.Message)(WindowManagerService.java:8549) waiters=2 in float com.android.server.wm.WindowManagerService.getCurrentAnimatorScale() for 5.845s
04-30 05:56:41.940 W/art     ( 1793): Long monitor contention with owner android.display (1844) at void com.android.server.wm.WindowManagerService$H.handleMessage(android.os.Message)(WindowManagerService.java:8549) waiters=3 in int com.android.server.wm.WindowManagerService.relayoutWindow(com.android.server.wm.Session, android.view.IWindow, int, android.view.WindowManager$LayoutParams, int, int, int, int, android.graphics.Rect, android.graphics.Rect, android.graphics.Rect, android.graphics.Rect, android.graphics.Rect, android.graphics.Rect, android.graphics.Rect, android.content.res.Configuration, android.view.Surface) for 4.861s
04-30 05:56:43.870 W/art     ( 1793): Long monitor contention with owner android.display (1844) at void com.android.server.wm.WindowManagerService$H.handleMessage(android.os.Message)(WindowManagerService.java:8549) waiters=4 in void com.android.server.wm.WindowManagerService.finishDrawingWindow(com.android.server.wm.Session, android.view.IWindow) for 4.919s
04-30 05:56:43.872 W/art     ( 1793): Long monitor contention with owner android.display (1844) at void com.android.server.wm.WindowManagerService$H.handleMessage(android.os.Message)(WindowManagerService.java:8549) waiters=5 in void com.android.server.wm.WindowManagerService.notifyAppRelaunchesCleared(android.os.IBinder) for 2.708s
04-30 05:56:43.876 W/art     ( 1793): Long monitor contention with owner android.ui (1836) at int com.android.server.wm.WindowManagerService.relayoutWindow(com.android.server.wm.Session, android.view.IWindow, int, android.view.WindowManager$LayoutParams, int, int, int, int, android.graphics.Rect, android.graphics.Rect, android.graphics.Rect, android.graphics.Rect, android.graphics.Rect, android.graphics.Rect, android.graphics.Rect, android.content.res.Configuration, android.view.Surface)(WindowManagerService.java:2857) waiters=2 in void com.android.server.wm.WindowManagerService.monitor() for 1.908s
04-30 05:56:43.897 W/art     ( 1793): Long monitor contention with owner ActivityManager (1832) at void com.android.server.am.ActivityStackSupervisor$ActivityStackSupervisorHandler.activityIdleInternal(com.android.server.am.ActivityRecord)(ActivityStackSupervisor.java:3867) waiters=0 in android.content.Intent com.android.server.am.ActivityManagerService.registerReceiver(android.app.IApplicationThread, java.lang.String, android.content.IIntentReceiver, android.content.IntentFilter, java.lang.String, int) for 2.718s
04-30 05:56:43.898 W/art     ( 1793): Long monitor contention with owner ActivityManager (1832) at void com.android.server.am.ActivityStackSupervisor$ActivityStackSupervisorHandler.activityIdleInternal(com.android.server.am.ActivityRecord)(ActivityStackSupervisor.java:3867) waiters=1 in com.android.server.am.ProcessRecord com.android.server.am.ActivityManagerService.findAppProcess(android.os.IBinder, java.lang.String) for 2.718s
04-30 05:56:43.898 W/art     ( 1793): Long monitor contention with owner ActivityManager (1832) at void com.android.server.am.ActivityStackSupervisor$ActivityStackSupervisorHandler.activityIdleInternal(com.android.server.am.ActivityRecord)(ActivityStackSupervisor.java:3867) waiters=2 in java.lang.String com.android.server.am.ActivityManagerService.checkContentProviderAccess(java.lang.String, int) for 2.715s
04-30 05:56:43.899 W/art     ( 1793): Long monitor contention with owner ActivityManager (1832) at void com.android.server.am.ActivityStackSupervisor$ActivityStackSupervisorHandler.activityIdleInternal(com.android.server.am.ActivityRecord)(ActivityStackSupervisor.java:3867) waiters=3 in int[] com.android.server.am.ActivityManagerService.getRunningUserIds() for 2.695s
04-30 05:56:43.919 W/art     ( 1793): Long monitor contention with owner ActivityManager (1832) at void com.android.server.am.ActivityStackSupervisor$ActivityStackSupervisorHandler.activityIdleInternal(com.android.server.am.ActivityRecord)(ActivityStackSupervisor.java:3867) waiters=4 in void com.android.server.am.ActivityManagerService$LocalService.notifyAppTransitionStarting(int) for 1.962s
04-30 05:56:43.920 W/art     ( 1793): Long monitor contention with owner ActivityManager (1832) at void com.android.server.am.ActivityStackSupervisor$ActivityStackSupervisorHandler.activityIdleInternal(com.android.server.am.ActivityRecord)(ActivityStackSupervisor.java:3867) waiters=5 in int com.android.server.am.ActivityManagerService.getActivityDisplayId(android.os.IBinder) for 1.952s
04-30 05:56:43.925 W/art     ( 1793): Long monitor contention with owner ActivityManager (1832) at void com.android.server.am.ActivityStackSupervisor$ActivityStackSupervisorHandler.activityIdleInternal(com.android.server.am.ActivityRecord)(ActivityStackSupervisor.java:3867) waiters=6 in android.content.pm.UserInfo com.android.server.am.UserController.getCurrentUser() for 1.909s
04-30 05:56:43.941 W/art     ( 1793): Long monitor contention with owner ActivityManager (1832) at void com.android.server.am.ActivityStackSupervisor$ActivityStackSupervisorHandler.activityIdleInternal(com.android.server.am.ActivityRecord)(ActivityStackSupervisor.java:3867) waiters=7 in int com.android.server.am.ActivityManagerService.broadcastIntent(android.app.IApplicationThread, android.content.Intent, java.lang.String, android.content.IIntentReceiver, int, java.lang.String, android.os.Bundle, java.lang.String[], int, android.os.Bundle, boolean, boolean, int) for 429ms
04-30 05:56:44.078 V/Launcher( 2521): LauncherAppState inited
04-30 05:56:44.396 V/AlarmClock( 2442): AlarmInitReceiver finished
04-30 05:56:44.439 I/ActivityManager( 1793): Start proc 2590:android.process.media/u0a10 for broadcast com.android.providers.downloads/.DownloadReceiver
04-30 05:56:44.639 W/art     ( 2590): Unexpected CPU variant for X86 using defaults: x86_64
04-30 05:56:44.840 W/art     ( 1793): Long monitor contention with owner Binder:1793_7 (2421) at void com.android.server.wm.WindowManagerService.removeWindow(com.android.server.wm.Session, android.view.IWindow)(WindowManagerService.java:2392) waiters=0 in void com.android.server.wm.WindowManagerService$H.handleMessage(android.os.Message) for 220ms
04-30 05:56:45.797 I/Choreographer( 2006): Skipped 507 frames!  The application may be doing too much work on its main thread.
04-30 05:56:45.871 E/NetdConnector( 1793): NDC Command {19 bandwidth addniceapps 10010} took too long (1431ms)
04-30 05:56:45.949 D/PhoneStatusBar( 2006): disable: < expand* icons alerts system_info back* home* recent* clock search* quick_settings >
04-30 05:56:46.008 W/KeyguardUpdateMonitor( 2006): invalid subId in handleSimStateChange()
04-30 05:56:46.350 W/System  ( 2590): ClassLoader referenced unknown path: /system/priv-app/DownloadProvider/lib/x86_64
04-30 05:56:46.426 W/art     ( 1793): Long monitor contention with owner android.bg (1830) at void com.android.server.power.PowerManagerService.releaseWakeLockInternal(android.os.IBinder, int)(PowerManagerService.java:937) waiters=0 in void com.android.server.power.PowerManagerService.updateUidProcStateInternal(int, int) for 101ms
04-30 05:56:46.504 W/System  ( 2590): ClassLoader referenced unknown path: /system/priv-app/MediaProvider/lib/x86_64
04-30 05:56:46.547 D/ApplicationLoaders( 2590): ignored Vulkan layer search path /system/priv-app/MediaProvider/lib/x86_64:/system/priv-app/MediaProvider/MediaProvider.apk!/lib/x86_64:/system/lib64:/vendor/lib64 for namespace 0x7c29044a70f0
04-30 05:56:47.352 W/art     ( 1793): Long monitor contention with owner Binder:1793_B (2562) at int com.android.server.wm.WindowManagerService.relayoutWindow(com.android.server.wm.Session, android.view.IWindow, int, android.view.WindowManager$LayoutParams, int, int, int, int, android.graphics.Rect, android.graphics.Rect, android.graphics.Rect, android.graphics.Rect, android.graphics.Rect, android.graphics.Rect, android.graphics.Rect, android.content.res.Configuration, android.view.Surface)(WindowManagerService.java:2857) waiters=0 in void com.android.server.wm.WindowManagerService$H.handleMessage(android.os.Message) for 293ms
04-30 05:56:47.423 I/Choreographer( 2521): Skipped 31 frames!  The application may be doing too much work on its main thread.
04-30 05:56:47.494 D/gralloc_ranchu( 2521): Emulator without host-side GPU emulation detected. Loading gralloc.default.so from /vendor/lib64/hw/gralloc.goldfish.default.so...
04-30 05:56:47.498 D/gralloc_ranchu( 2521): gralloc.default.so not found in /vendor. Trying /system/lib64/hw/gralloc.goldfish.default.so...
04-30 05:56:47.874 V/GridSizeMigrationTask( 2521): Workspace migration completed in 766
04-30 05:56:48.066 D/Launcher.Model( 2521): loadWorkspace: loading default favorites
04-30 05:56:48.342 I/ActivityManager( 1793): Displayed com.android.launcher3/.Launcher: +25s129ms
04-30 05:56:48.537 D/MediaScannerReceiver( 2590): action: android.intent.action.MEDIA_MOUNTED path: /storage/1EFF-1C1B
04-30 05:56:49.123 D/MediaScannerReceiver( 2590): action: android.intent.action.MEDIA_MOUNTED path: /storage/emulated/0
04-30 05:56:49.415 I/ActivityManager( 1793): Start proc 2627:com.android.dialer/u0a8 for broadcast com.android.dialer/.calllog.CallLogReceiver
04-30 05:56:49.432 W/art     ( 2627): Unexpected CPU variant for X86 using defaults: x86_64
04-30 05:56:49.457 I/RecoverySystem( 1793): No recovery log file
04-30 05:56:49.555 I/BootReceiver( 1793): Copying audit failures to DropBox
04-30 05:56:49.570 I/BootReceiver( 1793): Checking for fsck errors
04-30 05:56:49.772 W/art     ( 1793): Long monitor contention with owner android.bg (1830) at void com.android.server.power.PowerManagerService.acquireWakeLockInternal(android.os.IBinder, int, java.lang.String, java.lang.String, android.os.WorkSource, java.lang.String, int, int)(PowerManagerService.java:862) waiters=0 in void com.android.server.power.PowerManagerService.handleSandman() for 506ms
04-30 05:56:49.842 W/System  ( 2627): ClassLoader referenced unknown path: /system/priv-app/Dialer/lib/x86_64
04-30 05:56:50.769 V/MediaScanner( 2590): pruneDeadThumbnailFiles... android.content.ContentProviderClient$CursorWrapperInner@e51a5cd
04-30 05:56:50.776 V/MediaScanner( 2590): /pruneDeadThumbnailFiles... android.content.ContentProviderClient$CursorWrapperInner@e51a5cd
04-30 05:56:51.706 D/ExtensionsFactory( 2627): No custom extensions.
04-30 05:56:51.747 D/BlockedNumbersAuto( 2627): Not attempting auto-migrate: already checked once.
04-30 05:56:51.774 I/art     ( 2521): Background sticky concurrent mark sweep GC freed 19996(1934KB) AllocSpace objects, 9(204KB) LOS objects, 23% free, 7MB/10MB, paused 590us total 102.599ms
04-30 05:56:51.957 D/CarrierConfigLoader( 2195): mHandler: 13 phoneId: 0
04-30 05:56:51.958 D/CarrierConfigLoader( 2195): mHandler: 7 phoneId: 0
04-30 05:56:51.970 E/CarrierConfigLoader( 2195): Cannot restore config with null packageName or iccid.
04-30 05:56:51.971 D/CarrierConfigLoader( 2195): Binding to com.android.carrierconfig for phone 0
04-30 05:56:52.006 W/ActivityManager( 1793): Slow operation: 75ms so far, now at startProcess: returned from zygote!
04-30 05:56:52.006 W/ActivityManager( 1793): Slow operation: 75ms so far, now at startProcess: done updating battery stats
04-30 05:56:52.006 W/ActivityManager( 1793): Slow operation: 76ms so far, now at startProcess: building log message
04-30 05:56:52.006 I/ActivityManager( 1793): Start proc 2646:com.android.calendar/u0a26 for broadcast com.android.calendar/.alerts.AlertReceiver
04-30 05:56:52.006 W/ActivityManager( 1793): Slow operation: 76ms so far, now at startProcess: starting to update pids map
04-30 05:56:52.007 W/ActivityManager( 1793): Slow operation: 76ms so far, now at startProcess: done updating pids map
04-30 05:56:52.007 W/ActivityManager( 1793): Slow operation: 77ms so far, now at startProcess: done starting proc!
04-30 05:56:52.023 W/art     ( 2646): Unexpected CPU variant for X86 using defaults: x86_64
04-30 05:56:52.094 W/CountryDetector( 2627): No location permissions, not registering for location updates.
04-30 05:56:52.112 W/ActivityManager( 1793): Slow operation: 102ms so far, now at startProcess: returned from zygote!
04-30 05:56:52.112 W/ActivityManager( 1793): Slow operation: 102ms so far, now at startProcess: done updating battery stats
04-30 05:56:52.113 W/ActivityManager( 1793): Slow operation: 102ms so far, now at startProcess: building log message
04-30 05:56:52.113 I/ActivityManager( 1793): Start proc 2660:com.android.carrierconfig/u0a3 for service com.android.carrierconfig/.DefaultCarrierConfigService
04-30 05:56:52.113 W/ActivityManager( 1793): Slow operation: 102ms so far, now at startProcess: starting to update pids map
04-30 05:56:52.113 W/ActivityManager( 1793): Slow operation: 102ms so far, now at startProcess: done updating pids map
04-30 05:56:52.113 W/ActivityManager( 1793): Slow operation: 103ms so far, now at startProcess: done starting proc!
04-30 05:56:52.140 W/art     ( 2660): Unexpected CPU variant for X86 using defaults: x86_64
04-30 05:56:52.205 W/System  ( 2646): ClassLoader referenced unknown path: /system/app/Calendar/lib/x86_64
04-30 05:56:52.284 V/MediaScanner( 2590): pruneDeadThumbnailFiles... android.content.ContentProviderClient$CursorWrapperInner@936dd83
04-30 05:56:52.300 V/MediaScanner( 2590): /pruneDeadThumbnailFiles... android.content.ContentProviderClient$CursorWrapperInner@936dd83
04-30 05:56:52.402 W/System  ( 2660): ClassLoader referenced unknown path: /system/priv-app/CarrierConfig/lib/x86_64
04-30 05:56:52.447 D/DefaultCarrierConfigService( 2660): Service created
04-30 05:56:52.455 D/CarrierConfigLoader( 2195): Connected to config app: com.android.carrierconfig/com.android.carrierconfig.DefaultCarrierConfigService
04-30 05:56:52.455 D/CarrierConfigLoader( 2195): mHandler: 3 phoneId: 0
04-30 05:56:52.460 D/DefaultCarrierConfigService( 2660): Config being fetched
04-30 05:56:52.464 D/DefaultCarrierConfigService( 2660): java.io.FileNotFoundException: carrier_config_.xml
04-30 05:56:52.469 E/CarrierConfigLoader( 2195): Cannot save config with null packageName or iccid.
04-30 05:56:52.475 D/CarrierConfigLoader( 2195): mHandler: 5 phoneId: 0
04-30 05:56:52.486 E/PhoneInterfaceManager( 2195): [PhoneIntfMgr] getCarrierPackageNamesForIntent: No UICC
04-30 05:56:52.539 I/Telecom ( 1793): PhoneAccountRegistrar: SimCallManager queried, returning: null: TSI.gSCMFU@AAg
04-30 05:56:52.627 D/ExtensionsFactory( 2646): No custom extensions.
04-30 05:56:52.639 D/AlertReceiver( 2646): onReceive: a=android.intent.action.BOOT_COMPLETED Intent { act=android.intent.action.BOOT_COMPLETED flg=0x9000010 cmp=com.android.calendar/.alerts.AlertReceiver (has extras) }
04-30 05:56:52.671 I/AlarmClock( 2442): AlarmInitReceiver android.intent.action.BOOT_COMPLETED
04-30 05:56:52.687 D/AlertUtils( 2646): Flushing old alerts from shared prefs table
04-30 05:56:52.697 D/AlertService( 2646): 0 Action = android.intent.action.BOOT_COMPLETED
04-30 05:56:52.744 D/AlertService( 2646): Scheduling next alarm with AlarmScheduler. sEventReminderReceived: null
04-30 05:56:52.792 W/art     ( 2681): Unexpected CPU variant for X86 using defaults: x86_64
04-30 05:56:52.800 I/ActivityManager( 1793): Start proc 2681:com.android.providers.calendar/u0a2 for content provider com.android.providers.calendar/.CalendarProvider2
04-30 05:56:52.887 V/AlarmClock( 2442): AlarmInitReceiver finished
04-30 05:56:52.903 W/art     ( 2696): Unexpected CPU variant for X86 using defaults: x86_64
04-30 05:56:52.909 I/ActivityManager( 1793): Start proc 2696:com.android.email/u0a34 for broadcast com.android.email/.service.EmailBroadcastReceiver
04-30 05:56:53.015 W/System  ( 2681): ClassLoader referenced unknown path: /system/priv-app/CalendarProvider/lib/x86_64
04-30 05:56:53.068 W/System  ( 2696): ClassLoader referenced unknown path: /system/app/Email/lib/x86_64
04-30 05:56:53.401 I/CalendarProvider2( 2681): Created com.android.providers.calendar.CalendarAlarmManager@8432059(com.android.providers.calendar.CalendarProvider2@646141e)
04-30 05:56:53.547 D/AlarmScheduler( 2646): No events found starting within 1 week.
04-30 05:56:54.460 W/ActivityManager( 1793): Unable to start service Intent { act=com.android.email.EXCHANGE_INTENT pkg=com.android.exchange } U=0: not found
04-30 05:56:54.491 D/ActivityThread( 2696): Loading provider com.android.email.provider;com.android.email.notifier: com.android.email.provider.EmailProvider
04-30 05:56:54.496 I/CalendarProvider2( 2681): Sending notification intent: Intent { act=android.intent.action.PROVIDER_CHANGED dat=content://com.android.calendar flg=0x20000000 }
04-30 05:56:54.498 W/ContentResolver( 2681): Failed to get type for: content://com.android.calendar (Unknown URL content://com.android.calendar)
04-30 05:56:54.589 D/ActivityThread( 2696): Loading provider com.android.email.provider;com.android.email.notifier: com.android.email.provider.EmailProvider
04-30 05:56:54.728 W/ActivityManager( 1793): Unable to start service Intent { act=com.android.email.EXCHANGE_INTENT pkg=com.android.exchange } U=0: not found
04-30 05:56:54.745 W/ActivityManager( 1793): Unable to start service Intent { act=com.android.email.EXCHANGE_INTENT pkg=com.android.exchange } U=0: not found
04-30 05:56:54.833 I/SystemBroadcastReceiver( 2000): Boot has been completed
04-30 05:56:54.833 I/SystemBroadcastReceiver( 2000): toggleAppIcon() : FLAG_SYSTEM = true
04-30 05:56:54.961 I/ActivityManager( 1793): Start proc 2719:com.android.managedprovisioning/u0a14 for broadcast com.android.managedprovisioning/.BootReminder
04-30 05:56:54.984 W/art     ( 2719): Unexpected CPU variant for X86 using defaults: x86_64
04-30 05:56:55.024 W/ActivityManager( 1793): Unable to start service Intent { act=com.android.email.EXCHANGE_INTENT pkg=com.android.exchange } U=0: not found
04-30 05:56:55.040 W/ActivityManager( 1793): Unable to start service Intent { cmp=com.android.email/.service.AttachmentService } U=0: not found
04-30 05:56:55.086 I/Email   ( 2696): Observing account changes for notifications
04-30 05:56:55.128 W/ActivityManager( 1793): Unable to start service Intent { cmp=com.android.email/.service.AttachmentService } U=0: not found
04-30 05:56:55.151 W/ActivityManager( 1793): Unable to start service Intent { act=com.android.email.EXCHANGE_INTENT pkg=com.android.exchange } U=0: not found
04-30 05:56:55.163 W/ActivityManager( 1793): Unable to start service Intent { act=com.android.email.EXCHANGE_INTENT pkg=com.android.exchange } U=0: not found
04-30 05:56:55.182 W/System  ( 2719): ClassLoader referenced unknown path: /system/priv-app/ManagedProvisioning/lib/x86_64
04-30 05:56:55.197 E/ActivityThread( 2696): Service com.android.email.service.EmailBroadcastProcessorService has leaked ServiceConnection com.android.emailcommon.service.ServiceProxy$ProxyConnection@f691bda that was originally bound here
04-30 05:56:55.197 E/ActivityThread( 2696): android.app.ServiceConnectionLeaked: Service com.android.email.service.EmailBroadcastProcessorService has leaked ServiceConnection com.android.emailcommon.service.ServiceProxy$ProxyConnection@f691bda that was originally bound here
04-30 05:56:55.197 E/ActivityThread( 2696): 	at android.app.LoadedApk$ServiceDispatcher.<init>(LoadedApk.java:1336)
04-30 05:56:55.197 E/ActivityThread( 2696): 	at android.app.LoadedApk.getServiceDispatcher(LoadedApk.java:1231)
04-30 05:56:55.197 E/ActivityThread( 2696): 	at android.app.ContextImpl.bindServiceCommon(ContextImpl.java:1450)
04-30 05:56:55.197 E/ActivityThread( 2696): 	at android.app.ContextImpl.bindService(ContextImpl.java:1422)
04-30 05:56:55.197 E/ActivityThread( 2696): 	at android.content.ContextWrapper.bindService(ContextWrapper.java:636)
04-30 05:56:55.197 E/ActivityThread( 2696): 	at com.android.emailcommon.service.ServiceProxy.setTask(ServiceProxy.java:181)
04-30 05:56:55.197 E/ActivityThread( 2696): 	at com.android.emailcommon.service.ServiceProxy.test(ServiceProxy.java:224)
04-30 05:56:55.197 E/ActivityThread( 2696): 	at com.android.email.service.EmailServiceUtils.isServiceAvailable(EmailServiceUtils.java:160)
04-30 05:56:55.197 E/ActivityThread( 2696): 	at com.android.email.provider.AccountReconciler.reconcileAccountsInternal(AccountReconciler.java:171)
04-30 05:56:55.197 E/ActivityThread( 2696): 	at com.android.email.provider.AccountReconciler.reconcileAccounts(AccountReconciler.java:115)
04-30 05:56:55.197 E/ActivityThread( 2696): 	at com.android.email.service.EmailBroadcastProcessorService.reconcileAndStartServices(EmailBroadcastProcessorService.java:305)
04-30 05:56:55.197 E/ActivityThread( 2696): 	at com.android.email.service.EmailBroadcastProcessorService.onBootCompleted(EmailBroadcastProcessorService.java:295)
04-30 05:56:55.197 E/ActivityThread( 2696): 	at com.android.email.service.EmailBroadcastProcessorService.onHandleIntent(EmailBroadcastProcessorService.java:130)
04-30 05:56:55.197 E/ActivityThread( 2696): 	at android.app.IntentService$ServiceHandler.handleMessage(IntentService.java:68)
04-30 05:56:55.197 E/ActivityThread( 2696): 	at android.os.Handler.dispatchMessage(Handler.java:102)
04-30 05:56:55.197 E/ActivityThread( 2696): 	at android.os.Looper.loop(Looper.java:154)
04-30 05:56:55.197 E/ActivityThread( 2696): 	at android.os.HandlerThread.run(HandlerThread.java:61)
04-30 05:56:55.198 W/ActivityManager( 1793): Unbind failed: could not find connection for android.os.BinderProxy@f47e906
04-30 05:56:55.216 W/ActivityManager( 1793): Unable to start service Intent { cmp=com.android.email/.service.AttachmentService } U=0: not found
04-30 05:56:55.232 W/ActivityManager( 1793): Unable to start service Intent { act=com.android.email.EXCHANGE_INTENT pkg=com.android.exchange } U=0: not found
04-30 05:56:55.273 W/ActivityManager( 1793): Unable to start service Intent { act=com.android.email.EXCHANGE_INTENT pkg=com.android.exchange } U=0: not found
04-30 05:56:55.333 W/art     ( 2735): Unexpected CPU variant for X86 using defaults: x86_64
04-30 05:56:55.342 I/ActivityManager( 1793): Start proc 2735:com.android.messaging/u0a54 for broadcast com.android.messaging/.receiver.BootAndPackageReplacedReceiver
04-30 05:56:55.433 W/System  ( 2735): ClassLoader referenced unknown path: /system/app/messaging/lib/x86_64
04-30 05:56:56.694 I/MessagingApp( 2735): Carrier config changed. Reloading MMS config.
04-30 05:56:56.704 V/VvmBootCompletedRcvr( 2195): processing subId list
04-30 05:56:56.737 E/VvmBootCompletedRcvr( 2195): phone account ComponentInfo{com.android.phone/com.android.services.telephony.TelephonyConnectionService}, [e2f7d48dd2b5ca523e7313cf4ba0f6ea830b6281], UserHandle{0} has invalid subId -1
04-30 05:56:56.825 I/MessagingAppDataModel( 2735): Fixup: Send failed - 0 Download failed - 0
04-30 05:56:57.064 I/MessagingAppDataModel( 2735): SyncMessagesAction: Starting batch for messages from 1616676894217 to 1619762216622 (message update limit = 80, message scan limit = 4000)
04-30 05:56:57.260 I/VvmSimChangeReceiver( 2195): Received SIM change for invalid subscription id.
04-30 05:56:57.384 D/AlertReceiver( 2646): onReceive: a=android.intent.action.PROVIDER_CHANGED Intent { act=android.intent.action.PROVIDER_CHANGED dat=content://com.android.calendar flg=0x20000010 cmp=com.android.calendar/.alerts.AlertReceiver }
04-30 05:56:57.414 D/AlertService( 2646): 0 Action = android.intent.action.PROVIDER_CHANGED
04-30 05:56:58.016 I/MessagingAppDataModel( 2735): SyncMessagesAction: All messages now in sync
04-30 05:56:58.989 W/MediaScanner( 2590): Error opening directory '/oem/media/', skipping: No such file or directory.
04-30 05:56:59.180 V/MediaScanner( 2590): pruneDeadThumbnailFiles... android.content.ContentProviderClient$CursorWrapperInner@f3c79fb
04-30 05:56:59.181 V/MediaScanner( 2590): /pruneDeadThumbnailFiles... android.content.ContentProviderClient$CursorWrapperInner@f3c79fb
04-30 05:57:02.454 I/GlobalDismissManager( 2646): no sender configured
04-30 05:57:02.457 D/AlertService( 2646): Beginning updateAlertNotification
04-30 05:57:02.490 D/AlertService( 2646): No fired or scheduled alerts
04-30 05:57:02.522 D/AlertService( 2646): Scheduling next alarm with AlarmScheduler. sEventReminderReceived: null
04-30 05:57:02.552 D/AlarmScheduler( 2646): No events found starting within 1 week.
04-30 05:57:07.746 I/ActivityManager( 1793): Waited long enough for: ServiceRecord{b0b7ca9 u0 com.android.calendar/.alerts.InitAlarmsService}
04-30 05:57:22.888 D/InitAlarmsService( 2646): Clearing and rescheduling alarms.
04-30 05:57:24.029 W//sbin/adbd( 1323): type=1400 audit(0.0:16): avc: denied { search } for comm=73657276696365203338 name="security" dev="vdc" ino=35203 scontext=u:r:adbd:s0 tcontext=u:object_r:security_file:s0 tclass=dir permissive=0
04-30 05:57:52.552 D/AndroidRuntime( 2769): >>>>>> START com.android.internal.os.RuntimeInit uid 2000 <<<<<<
04-30 05:57:52.573 D/AndroidRuntime( 2769): CheckJNI is ON
04-30 05:57:52.861 W/art     ( 2769): Unexpected CPU variant for X86 using defaults: x86_64
04-30 05:57:52.892 D/ICU     ( 2769): No timezone override file found: /data/misc/zoneinfo/current/icu/icu_tzdata.dat
04-30 05:57:53.165 E/memtrack( 2769): Couldn't load memtrack module (No such file or directory)
04-30 05:57:53.167 E/android.os.Debug( 2769): failed to load memtrack module: -2
04-30 05:57:53.172 I/Radio-JNI( 2769): register_android_hardware_Radio DONE
04-30 05:57:53.323 D/AndroidRuntime( 2769): Calling main entry com.android.commands.pm.Pm
04-30 05:57:53.507 I/        ( 1335): free_cache(132082938) avail 809574400
04-30 05:58:10.440 W/ActivityManager( 1793): Slow operation: 76ms so far, now at startProcess: returned from zygote!
04-30 05:58:10.440 W/ActivityManager( 1793): Slow operation: 77ms so far, now at startProcess: done updating battery stats
04-30 05:58:10.441 W/ActivityManager( 1793): Slow operation: 77ms so far, now at startProcess: building log message
04-30 05:58:10.441 I/ActivityManager( 1793): Start proc 2780:com.android.defcontainer/u0a7 for service com.android.defcontainer/.DefaultContainerService
04-30 05:58:10.441 W/ActivityManager( 1793): Slow operation: 78ms so far, now at startProcess: starting to update pids map
04-30 05:58:10.441 W/ActivityManager( 1793): Slow operation: 78ms so far, now at startProcess: done updating pids map
04-30 05:58:10.442 W/ActivityManager( 1793): Slow operation: 80ms so far, now at startProcess: done starting proc!
04-30 05:58:10.481 W/art     ( 2780): Unexpected CPU variant for X86 using defaults: x86_64
04-30 05:58:10.823 I/art     ( 1793): Background partial concurrent mark sweep GC freed 17527(1192KB) AllocSpace objects, 19(1860KB) LOS objects, 29% free, 9MB/13MB, paused 2.490ms total 225.664ms
04-30 05:58:11.303 I/PackageManager.DexOptimizer( 1793): Running dexopt (dex2oat) on: /data/app/vmdl1936470230.tmp/base.apk pkg=jp.jaxa.iss.kibo.rpc.sampleapk isa=x86_64 vmSafeMode=false debuggable=true target-filter=interpret-only oatDir = /data/app/vmdl1936470230.tmp/oat sharedLibraries=null
04-30 05:58:11.477 W/dex2oat ( 2795): Unexpected CPU variant for X86 using defaults: x86_64
04-30 05:58:11.492 I/dex2oat ( 2795): /system/bin/dex2oat --compiler-filter=interpret-only --debuggable
04-30 05:58:13.907 W/dex2oat ( 2795): Before Android 4.1, method int android.support.v7.widget.ListViewCompat.lookForSelectablePosition(int, boolean) would have incorrectly overridden the package-private method in android.widget.ListView
04-30 05:58:14.483 W/dex2oat ( 2795): Before Android 4.1, method android.graphics.PorterDuffColorFilter android.support.graphics.drawable.VectorDrawableCompat.updateTintFilter(android.graphics.PorterDuffColorFilter, android.content.res.ColorStateList, android.graphics.PorterDuff$Mode) would have incorrectly overridden the package-private method in android.graphics.drawable.Drawable
04-30 05:58:22.236 W/dex2oat ( 2795): Compilation of java.lang.String org.opencv.android.StaticHelper.getLibraryList() took 185.748ms
04-30 05:58:22.246 W/dex2oat ( 2795): Compilation of void org.opencv.android.Utils.nBitmapToMat2(android.graphics.Bitmap, long, boolean) took 186.081ms
04-30 05:58:24.592 I/dex2oat ( 2795): dex2oat took 13.122s (threads: 2) arena alloc=550KB (563992B) java alloc=7MB (7447160B) native alloc=15MB (15911288B) free=3MB (4011656B)
04-30 05:58:24.841 D/installd( 1335): Detected label change from u:object_r:system_data_file:s0 to u:object_r:app_data_file:s0:c512,c768 at /data/data/jp.jaxa.iss.kibo.rpc.sampleapk; running recursive restorecon
04-30 05:58:24.851 D/installd( 1335): Detected label change from u:object_r:system_data_file:s0 to u:object_r:app_data_file:s0:c512,c768 at /data/user_de/0/jp.jaxa.iss.kibo.rpc.sampleapk; running recursive restorecon
04-30 05:58:24.861 V/BackupManagerService( 1793): restoreAtInstall pkg=jp.jaxa.iss.kibo.rpc.sampleapk token=1 restoreSet=0
04-30 05:58:24.864 W/BackupManagerService( 1793): Requested unavailable transport: android/com.android.internal.backup.LocalTransport
04-30 05:58:24.864 W/BackupManagerService( 1793): No transport
04-30 05:58:24.864 V/BackupManagerService( 1793): Finishing install immediately
04-30 05:58:24.894 I/GnssLocationProvider( 1793): WakeLock acquired by sendMessage(3, 0, com.android.server.location.GnssLocationProvider$GpsRequest@a181ac1)
04-30 05:58:24.899 I/GnssLocationProvider( 1793): WakeLock acquired by sendMessage(3, 0, com.android.server.location.GnssLocationProvider$GpsRequest@6b06266)
04-30 05:58:24.902 D/VoldConnector( 1793): SND -> {9 volume remount_uid 10064 default}
04-30 05:58:24.907 I/GnssLocationProvider( 1793): WakeLock released by handleMessage(3, 0, com.android.server.location.GnssLocationProvider$GpsRequest@a181ac1)
04-30 05:58:24.909 I/GnssLocationProvider( 1793): WakeLock released by handleMessage(3, 0, com.android.server.location.GnssLocationProvider$GpsRequest@6b06266)
04-30 05:58:24.914 D/vold    ( 1270): Remounting 10064 as mode default
04-30 05:58:24.931 D/VoldConnector( 1793): RCV <- {200 9 Command succeeded}
04-30 05:58:24.935 D/VoldConnector( 1793): SND -> {10 volume remount_uid 10064 write}
04-30 05:58:24.937 I/GnssLocationProvider( 1793): WakeLock acquired by sendMessage(3, 0, com.android.server.location.GnssLocationProvider$GpsRequest@7f929a7)
04-30 05:58:24.940 I/GnssLocationProvider( 1793): WakeLock released by handleMessage(3, 0, com.android.server.location.GnssLocationProvider$GpsRequest@7f929a7)
04-30 05:58:24.943 D/vold    ( 1270): Remounting 10064 as mode write
04-30 05:58:24.953 D/VoldConnector( 1793): RCV <- {200 10 Command succeeded}
04-30 05:58:24.973 I/art     ( 1793): Starting a blocking GC Explicit
04-30 05:58:25.053 I/art     ( 1793): Explicit concurrent mark sweep GC freed 20267(1225KB) AllocSpace objects, 8(160KB) LOS objects, 29% free, 9MB/13MB, paused 1.277ms total 76.887ms
04-30 05:58:25.056 E/        ( 1335): Couldn't opendir /data/app/vmdl1936470230.tmp: No such file or directory
04-30 05:58:25.186 I/art     ( 2769): System.exit called, status: 0
04-30 05:58:25.187 I/AndroidRuntime( 2769): VM exiting with result code 0.
04-30 05:58:25.211 W/art     ( 2799): Unexpected CPU variant for X86 using defaults: x86_64
04-30 05:58:25.222 I/InputReader( 1793): Reconfiguring input devices.  changes=0x00000010
04-30 05:58:25.231 W/ActivityManager( 1793): Slow operation: 94ms so far, now at startProcess: returned from zygote!
04-30 05:58:25.231 W/ActivityManager( 1793): Slow operation: 94ms so far, now at startProcess: done updating battery stats
04-30 05:58:25.231 W/ActivityManager( 1793): Slow operation: 95ms so far, now at startProcess: building log message
04-30 05:58:25.231 I/ActivityManager( 1793): Start proc 2799:com.android.gallery3d/u0a39 for broadcast com.android.gallery3d/.app.PackagesMonitor
04-30 05:58:25.231 W/ActivityManager( 1793): Slow operation: 95ms so far, now at startProcess: starting to update pids map
04-30 05:58:25.232 W/ActivityManager( 1793): Slow operation: 95ms so far, now at startProcess: done updating pids map
04-30 05:58:25.232 W/ActivityManager( 1793): Slow operation: 117ms so far, now at startProcess: done starting proc!
04-30 05:58:25.629 E/PhoneInterfaceManager( 2195): [PhoneIntfMgr] getCarrierPackageNamesForIntent: No UICC
04-30 05:58:25.629 D/CarrierSvcBindHelper( 2195): No carrier app for: 0
04-30 05:58:25.631 D/CarrierConfigLoader( 2195): mHandler: 9 phoneId: 0
04-30 05:58:26.024 W/VoiceInteractionManagerService( 1793): no available voice recognition services found for user 0
04-30 05:58:26.669 I/ActivityManager( 1793): Start proc 2819:com.svox.pico/u0a49 for broadcast com.svox.pico/.VoiceDataInstallerReceiver
04-30 05:58:26.688 W/art     ( 2819): Unexpected CPU variant for X86 using defaults: x86_64
04-30 05:58:26.820 I/ActivityManager( 1793): Killing 2479:com.android.keychain/1000 (adj 906): empty #17
04-30 05:58:26.840 D/ActivityManager( 1793): cleanUpApplicationRecord -- 2479
04-30 06:00:46.140 D/AndroidRuntime( 2833): >>>>>> START com.android.internal.os.RuntimeInit uid 2000 <<<<<<
04-30 06:00:46.184 D/AndroidRuntime( 2833): CheckJNI is ON
04-30 06:00:46.691 W/art     ( 2833): Unexpected CPU variant for X86 using defaults: x86_64
04-30 06:00:46.758 D/ICU     ( 2833): No timezone override file found: /data/misc/zoneinfo/current/icu/icu_tzdata.dat
04-30 06:00:46.959 E/memtrack( 2833): Couldn't load memtrack module (No such file or directory)
04-30 06:00:46.959 E/android.os.Debug( 2833): failed to load memtrack module: -2
04-30 06:00:46.969 I/Radio-JNI( 2833): register_android_hardware_Radio DONE
04-30 06:00:47.094 D/AndroidRuntime( 2833): Calling main entry com.android.commands.am.Am
04-30 06:00:47.206 W/ActivityManager( 1793): Slow operation: 55ms so far, now at startProcess: returned from zygote!
04-30 06:00:47.207 W/ActivityManager( 1793): Slow operation: 56ms so far, now at startProcess: done updating battery stats
04-30 06:00:47.207 W/ActivityManager( 1793): Slow operation: 57ms so far, now at startProcess: building log message
04-30 06:00:47.208 I/ActivityManager( 1793): Start proc 2843:gov.nasa.arc.astrobee.android.gs.manager/u0a63 for service gov.nasa.arc.astrobee.android.gs.manager/.ManagerService
04-30 06:00:47.208 W/ActivityManager( 1793): Slow operation: 57ms so far, now at startProcess: starting to update pids map
04-30 06:00:47.208 W/ActivityManager( 1793): Slow operation: 58ms so far, now at startProcess: done updating pids map
04-30 06:00:47.208 W/ActivityManager( 1793): Slow operation: 64ms so far, now at startProcess: done starting proc!
04-30 06:00:47.213 D/AndroidRuntime( 2833): Shutting down VM
04-30 06:00:47.245 I/art     ( 2843): Not late-enabling -Xcheck:jni (already on)
04-30 06:00:47.247 W/art     ( 2843): Unexpected CPU variant for X86 using defaults: x86_64
04-30 06:00:47.477 W/System  ( 2843): ClassLoader referenced unknown path: /data/app/gov.nasa.arc.astrobee.android.gs.manager-1/lib/x86_64
04-30 06:00:48.334 E/Notification( 2843): setLatestEventInfo() is deprecated and you should feel deprecated.
04-30 06:00:48.334 E/Notification( 2843): java.lang.Throwable
04-30 06:00:48.334 E/Notification( 2843): 	at android.app.Notification.setLatestEventInfo(Notification.java:2076)
04-30 06:00:48.334 E/Notification( 2843): 	at org.ros.android.NodeMainExecutorService.onStartCommand(NodeMainExecutorService.java:220)
04-30 06:00:48.334 E/Notification( 2843): 	at android.app.ActivityThread.handleServiceArgs(ActivityThread.java:3326)
04-30 06:00:48.334 E/Notification( 2843): 	at android.app.ActivityThread.-wrap21(ActivityThread.java)
04-30 06:00:48.334 E/Notification( 2843): 	at android.app.ActivityThread$H.handleMessage(ActivityThread.java:1582)
04-30 06:00:48.334 E/Notification( 2843): 	at android.os.Handler.dispatchMessage(Handler.java:102)
04-30 06:00:48.334 E/Notification( 2843): 	at android.os.Looper.loop(Looper.java:154)
04-30 06:00:48.334 E/Notification( 2843): 	at android.app.ActivityThread.main(ActivityThread.java:6119)
04-30 06:00:48.334 E/Notification( 2843): 	at java.lang.reflect.Method.invoke(Native Method)
04-30 06:00:48.334 E/Notification( 2843): 	at com.android.internal.os.ZygoteInit$MethodAndArgsCaller.run(ZygoteInit.java:886)
04-30 06:00:48.334 E/Notification( 2843): 	at com.android.internal.os.ZygoteInit.main(ZygoteInit.java:776)
04-30 06:00:49.463 I/Registrar( 2843): MasterXmlRpcEndpoint URI: http://llp:11311
04-30 06:00:49.909 I/Registrar( 2843): Registering publisher: Publisher<PublisherDefinition<PublisherIdentifier<NodeIdentifier</guest_science_manager, http://hlp:54812/>, TopicIdentifier</rosout>>, Topic<TopicIdentifier</rosout>, TopicDescription<rosgraph_msgs/Log, acffd30cd6b6de30f120938c17c593fb>>>>
04-30 06:00:50.133 D/NotificationSQLiteLog( 1793): Pruned event entries: 15
04-30 06:00:51.974 I/Registrar( 2843): Response<Success, Registered [/guest_science_manager] as publisher of [/rosout], [http://10.42.0.34:33296/]>
04-30 06:00:52.021 I/DefaultPublisher( 2843): Publisher registered: Publisher<PublisherDefinition<PublisherIdentifier<NodeIdentifier</guest_science_manager, http://hlp:54812/>, TopicIdentifier</rosout>>, Topic<TopicIdentifier</rosout>, TopicDescription<rosgraph_msgs/Log, acffd30cd6b6de30f120938c17c593fb>>>>
04-30 06:00:52.259 I/Registrar( 2843): Registering subscriber: Subscriber<Topic<TopicIdentifier</clock>, TopicDescription<rosgraph_msgs/Clock, a9c97c1d230cfc112e270351a944ee47>>>
04-30 06:00:52.447 I/Registrar( 2843): Response<Success, Subscribed to [/clock], [http://10.42.0.34:41403/]>
04-30 06:00:52.475 I/DefaultSubscriber( 2843): Subscriber registered: Subscriber<Topic<TopicIdentifier</clock>, TopicDescription<rosgraph_msgs/Clock, a9c97c1d230cfc112e270351a944ee47>>>
04-30 06:00:52.767 I/Registrar( 2843): Registering publisher: Publisher<PublisherDefinition<PublisherIdentifier<NodeIdentifier</guest_science_manager, http://hlp:54812/>, TopicIdentifier</gs/gs_manager/ack>>, Topic<TopicIdentifier</gs/gs_manager/ack>, TopicDescription<ff_msgs/AckStamped, cebddec69fd770df54633be444a9187d>>>>
04-30 06:00:53.019 I/Registrar( 2843): Registering publisher: Publisher<PublisherDefinition<PublisherIdentifier<NodeIdentifier</guest_science_manager, http://hlp:54812/>, TopicIdentifier</gs/gs_manager/config>>, Topic<TopicIdentifier</gs/gs_manager/config>, TopicDescription<ff_msgs/GuestScienceConfig, c6f632ed2411de4159494a3e7754794e>>>>
04-30 06:00:53.159 I/Registrar( 2843): Response<Success, Registered [/guest_science_manager] as publisher of [/gs/gs_manager/ack], [http://10.42.0.34:34244/]>
04-30 06:00:53.198 I/DefaultPublisher( 2843): Publisher registered: Publisher<PublisherDefinition<PublisherIdentifier<NodeIdentifier</guest_science_manager, http://hlp:54812/>, TopicIdentifier</gs/gs_manager/ack>>, Topic<TopicIdentifier</gs/gs_manager/ack>, TopicDescription<ff_msgs/AckStamped, cebddec69fd770df54633be444a9187d>>>>
