06-08 16:14:50.145 I/OMXMaster( 1332): makeComponentInstance(OMX.google.vorbis.decoder) in mediacodec process
06-08 16:14:50.109 W/InputAttributes( 1991): No editor info for this field. Bug?
06-08 16:14:50.491 I/fsck_msdos( 1275): ** /dev/block/vold/public:253,48
06-08 16:14:50.522 I/fsck_msdos( 1275): ** Phase 1 - Read and Compare FATs
06-08 16:14:50.522 I/fsck_msdos( 1275): Attempting to allocate 1046 KB for FAT
06-08 16:14:50.930 I/fsck_msdos( 1275): Attempting to allocate 1046 KB for FAT
06-08 16:14:51.318 I/LatinIME:LogUtils( 1991): Dictionary info: dictionary = userunigram.en_US ; version = 1623168891 ; date = ?
06-08 16:14:51.335 I/MediaPlayerService( 1336): MediaPlayerService::getOMX
06-08 16:14:51.354 I/OMXClient( 1336): MuxOMX ctor
06-08 16:14:51.355 I/OMXMaster( 1332): makeComponentInstance(OMX.google.opus.decoder) in mediacodec process
06-08 16:14:51.714 I/vol.Events( 1997): writeEvent collection_started
06-08 16:14:51.739 E/ActivityThread( 1991): Failed to find provider info for user_dictionary
06-08 16:14:51.770 I/fsck_msdos( 1275): ** Phase 2 - Check Cluster Chains
06-08 16:14:51.802 E/NetdConnector( 1748): NDC Command {4 strict enable} took too long (2732ms)
06-08 16:14:51.804 W/NetworkManagement( 1748): setDataSaverMode(): already false
06-08 16:14:51.906 I/fsck_msdos( 1275): ** Phase 3 - Checking Directories
06-08 16:14:51.925 I/fsck_msdos( 1275): ** Phase 4 - Checking for Lost Files
06-08 16:14:51.947 I/vol.Events( 1997): writeEvent external_ringer_mode_changed normal
06-08 16:14:51.948 I/vol.Events( 1997): writeEvent internal_ringer_mode_changed normal
06-08 16:14:51.948 I/fsck_msdos( 1275): 2 files, 534464 free (267232 clusters)
06-08 16:14:52.053 I/LatinIME:LogUtils( 1991): Dictionary info: dictionary = UserHistoryDictionary.en_US ; version = 1623168892 ; date = ?
06-08 16:14:52.161 I/Vold    ( 1275): Filesystem check completed OK
06-08 16:14:52.163 D/VoldConnector( 1748): RCV <- {656 public:253,48 /mnt/media_rw/1EFF-1C1B}
06-08 16:14:52.270 D/VoldConnector( 1748): RCV <- {655 public:253,48 /storage/1EFF-1C1B}
06-08 16:14:52.356 V/vold    ( 1275): Waiting for FUSE to spin up...
06-08 16:14:52.371 I/MediaPlayerService( 1336): MediaPlayerService::getOMX
06-08 16:14:52.417 V/vold    ( 1275): Waiting for FUSE to spin up...
06-08 16:14:52.451 I/OMXClient( 1336): MuxOMX ctor
06-08 16:14:52.452 I/OMXMaster( 1332): makeComponentInstance(OMX.google.raw.decoder) in mediacodec process
06-08 16:14:52.468 V/vold    ( 1275): Waiting for FUSE to spin up...
06-08 16:14:52.520 V/vold    ( 1275): Waiting for FUSE to spin up...
06-08 16:14:52.538 I/MediaPlayerService( 1336): MediaPlayerService::getOMX
06-08 16:14:52.580 V/vold    ( 1275): Waiting for FUSE to spin up...
06-08 16:14:52.581 I/OMXClient( 1336): MuxOMX ctor
06-08 16:14:52.582 I/OMXMaster( 1332): makeComponentInstance(OMX.google.aac.encoder) in mediacodec process
06-08 16:14:52.640 V/vold    ( 1275): Waiting for FUSE to spin up...
06-08 16:14:52.701 V/vold    ( 1275): Waiting for FUSE to spin up...
06-08 16:14:52.758 V/vold    ( 1275): Waiting for FUSE to spin up...
06-08 16:14:52.790 I/MediaPlayerService( 1336): MediaPlayerService::getOMX
06-08 16:14:52.810 V/vold    ( 1275): Waiting for FUSE to spin up...
06-08 16:14:52.830 I/OMXClient( 1336): MuxOMX ctor
06-08 16:14:52.831 I/OMXMaster( 1332): makeComponentInstance(OMX.google.amrnb.encoder) in mediacodec process
06-08 16:14:52.868 V/vold    ( 1275): Waiting for FUSE to spin up...
06-08 16:14:52.920 V/vold    ( 1275): Waiting for FUSE to spin up...
06-08 16:14:52.959 I/MediaPlayerService( 1336): MediaPlayerService::getOMX
06-08 16:14:52.971 V/vold    ( 1275): Waiting for FUSE to spin up...
06-08 16:14:53.030 V/vold    ( 1275): Waiting for FUSE to spin up...
06-08 16:14:53.030 I/OMXClient( 1336): MuxOMX ctor
06-08 16:14:53.031 I/OMXMaster( 1332): makeComponentInstance(OMX.google.amrwb.encoder) in mediacodec process
06-08 16:14:53.125 V/vold    ( 1275): Waiting for FUSE to spin up...
06-08 16:14:53.180 V/vold    ( 1275): Waiting for FUSE to spin up...
06-08 16:14:53.190 W/sdcard  ( 2127): Device explicitly disabled sdcardfs
06-08 16:14:53.213 I/MediaPlayerService( 1336): MediaPlayerService::getOMX
06-08 16:14:53.215 I/OMXClient( 1336): MuxOMX ctor
06-08 16:14:53.215 I/OMXMaster( 1332): makeComponentInstance(OMX.google.flac.encoder) in mediacodec process
06-08 16:14:53.240 V/vold    ( 1275): Waiting for FUSE to spin up...
06-08 16:14:53.302 D/VoldConnector( 1748): RCV <- {651 public:253,48 2}
06-08 16:14:53.303 D/VoldConnector( 1748): RCV <- {200 7 Command succeeded}
06-08 16:14:53.304 E/VoldConnector( 1748): NDC Command {7 volume mount public:253,48 2 0} took too long (5600ms)
06-08 16:14:53.936 I/MediaPlayerService( 1336): MediaPlayerService::getOMX
06-08 16:14:53.951 I/OMXClient( 1336): MuxOMX ctor
06-08 16:14:53.952 I/OMXMaster( 1332): makeComponentInstance(OMX.google.gsm.decoder) in mediacodec process
06-08 16:14:54.242 E/NetdConnector( 1748): NDC Command {7 bandwidth setglobalalert 2097152} took too long (2211ms)
06-08 16:14:54.291 D/NetworkPolicy( 1748): setRestrictBackgroundUL(): false
06-08 16:14:54.295 W/NetworkManagement( 1748): setDataSaverMode(): already false
06-08 16:14:54.667 I/art     ( 1748): Background sticky concurrent mark sweep GC freed 41784(2MB) AllocSpace objects, 15(296KB) LOS objects, 20% free, 13MB/16MB, paused 2.130ms total 289.830ms
06-08 16:14:55.051 I/MediaPlayerService( 1336): MediaPlayerService::getOMX
06-08 16:14:55.053 I/OMXClient( 1336): MuxOMX ctor
06-08 16:14:55.053 I/OMXMaster( 1332): makeComponentInstance(OMX.google.mpeg4.decoder) in mediacodec process
06-08 16:14:55.362 W/art     ( 1748): Long monitor contention with owner NetworkPolicy (1947) at boolean android.os.BinderProxy.transactNative(int, android.os.Parcel, android.os.Parcel, int)(Binder.java:-2) waiters=0 in void com.android.server.NetworkManagementService.setFirewallChainEnabled(int, boolean) for 840ms
06-08 16:14:55.647 I/vol.Events( 1997): writeEvent level_changed STREAM_ALARM 6
06-08 16:14:55.669 E/OMXNodeInstance( 1332): getExtensionIndex(534000f:google.mpeg4.decoder, OMX.google.android.index.configureVideoTunnelMode) ERROR: UnsupportedIndex(0x8000101a)
06-08 16:14:55.680 W/OMXNodeInstance( 1332): [534000f:google.mpeg4.decoder] component does not support metadata mode; using fallback
06-08 16:14:55.737 I/MediaPlayerService( 1336): MediaPlayerService::getOMX
06-08 16:14:55.739 I/OMXClient( 1336): MuxOMX ctor
06-08 16:14:55.739 I/OMXMaster( 1332): makeComponentInstance(OMX.google.h263.decoder) in mediacodec process
06-08 16:14:55.822 I/vol.Events( 1997): writeEvent level_changed STREAM_BLUETOOTH_SCO 7
06-08 16:14:55.878 I/vol.Events( 1997): writeEvent level_changed STREAM_MUSIC 11
06-08 16:14:55.954 I/vol.Events( 1997): writeEvent level_changed STREAM_RING 5
06-08 16:14:55.962 I/vol.Events( 1997): writeEvent level_changed STREAM_SYSTEM 5
06-08 16:14:56.049 I/vol.Events( 1997): writeEvent level_changed STREAM_VOICE_CALL 4
06-08 16:14:56.531 E/OMXNodeInstance( 1332): getExtensionIndex(5340010:google.h263.decoder, OMX.google.android.index.configureVideoTunnelMode) ERROR: UnsupportedIndex(0x8000101a)
06-08 16:14:56.532 W/OMXNodeInstance( 1332): [5340010:google.h263.decoder] component does not support metadata mode; using fallback
06-08 16:14:56.582 I/MediaPlayerService( 1336): MediaPlayerService::getOMX
06-08 16:14:56.641 I/OMXClient( 1336): MuxOMX ctor
06-08 16:14:56.641 I/OMXMaster( 1332): makeComponentInstance(OMX.google.h264.decoder) in mediacodec process
06-08 16:14:57.189 D/StorageNotification( 1997): Notifying about private volume: VolumeInfo{private}:
06-08 16:14:57.189 D/StorageNotification( 1997):     type=PRIVATE diskId=null partGuid=null mountFlags=0 mountUserId=-1 
06-08 16:14:57.189 D/StorageNotification( 1997):     state=MOUNTED 
06-08 16:14:57.189 D/StorageNotification( 1997):     fsType=null fsUuid=null fsLabel=null 
06-08 16:14:57.189 D/StorageNotification( 1997):     path=/data internalPath=null 
06-08 16:14:57.343 D/StorageNotification( 1997): Notifying about public volume: VolumeInfo{public:253,48}:
06-08 16:14:57.343 D/StorageNotification( 1997):     type=PUBLIC diskId=disk:253,48 partGuid=null mountFlags=VISIBLE 
06-08 16:14:57.343 D/StorageNotification( 1997):     mountUserId=0 state=MOUNTED 
06-08 16:14:57.343 D/StorageNotification( 1997):     fsType=vfat fsUuid=1EFF-1C1B fsLabel=SDCARD 
06-08 16:14:57.343 D/StorageNotification( 1997):     path=/storage/1EFF-1C1B internalPath=/mnt/media_rw/1EFF-1C1B 
06-08 16:14:57.602 E/NetdConnector( 1748): NDC Command {8 firewall enable_chain standby} took too long (2239ms)
06-08 16:14:57.868 W/AudioService( 1748): onLoadSoundEffects(), Error 1 while loading samples
06-08 16:14:57.910 W/ProcessCpuTracker( 1748): Skipping unknown process pid 2169
06-08 16:14:57.985 I/SystemServiceManager( 1748): Starting phase 600
06-08 16:14:58.287 D/SensorNotificationService( 1748): Cannot obtain dynamic meta sensor, not supported.
06-08 16:14:58.322 W/ACodec  ( 1336): [OMX.google.h264.decoder] stopping checking profiles after 32: 2/8000
06-08 16:14:58.359 E/OMXNodeInstance( 1332): getExtensionIndex(5340011:google.h264.decoder, OMX.google.android.index.configureVideoTunnelMode) ERROR: UnsupportedIndex(0x8000101a)
06-08 16:14:58.463 W/OMXNodeInstance( 1332): [5340011:google.h264.decoder] component does not support metadata mode; using fallback
06-08 16:14:58.618 I/MediaPlayerService( 1336): MediaPlayerService::getOMX
06-08 16:14:58.651 I/OMXClient( 1336): MuxOMX ctor
06-08 16:14:58.654 I/OMXMaster( 1332): makeComponentInstance(OMX.google.hevc.decoder) in mediacodec process
06-08 16:14:58.706 I/GnssLocationProvider( 1748): WakeLock acquired by sendMessage(13, 0, null)
06-08 16:14:58.729 W/LocationManagerService( 1748): no network location provider found
06-08 16:14:58.816 E/LocationManagerService( 1748): no geocoder provider found
06-08 16:14:58.818 E/FlpHardwareProvider( 1748): Error hw_get_module 'flp': -2
06-08 16:14:58.818 D/LocationManagerService( 1748): FLP HAL not supported
06-08 16:14:58.895 D/LocationManagerService( 1748): Unable to bind FLP Geofence proxy.
06-08 16:14:58.896 E/ActivityRecognitionHardware( 1748): Error hw_get_module: -2
06-08 16:14:58.896 D/LocationManagerService( 1748): Hardware Activity-Recognition not supported.
06-08 16:14:58.898 E/ActivityRecognitionProxy( 1748): ServiceWatcher could not start.
06-08 16:14:58.898 D/LocationManagerService( 1748): Unable to bind ActivityRecognitionProxy.
06-08 16:14:58.912 I/Choreographer( 1997): Skipped 140 frames!  The application may be doing too much work on its main thread.
06-08 16:14:58.951 I/GnssLocationProvider( 1748): WakeLock acquired by sendMessage(2, 1, null)
06-08 16:14:58.972 W/GnssLocationProvider( 1748): Could not open GPS configuration file /etc/gps.conf
06-08 16:14:58.973 E/GnssLocationProvider( 1748): no AGPS interface in set_agps_server
06-08 16:14:59.074 I/CommonTimeManagementService( 1748): No common time service detected on this platform.  Common time services will be unavailable.
06-08 16:14:59.083 I/MmsServiceBroker( 1748): Delay connecting to MmsService until an API is called
06-08 16:14:59.101 I/InputReader( 1748): Reconfiguring input devices.  changes=0x00000020
06-08 16:14:59.201 W/VoiceInteractionManagerService( 1748): no available voice interaction services found for user 0
06-08 16:14:59.201 W/VoiceInteractionManagerService( 1748): no available voice recognition services found for user 0
06-08 16:14:59.220 I/InputReader( 1748): Reconfiguring input devices.  changes=0x00000010
06-08 16:14:59.421 W/ActivityManager( 1748): Slow operation: 216ms so far, now at startProcess: returned from zygote!
06-08 16:14:59.421 W/ActivityManager( 1748): Slow operation: 216ms so far, now at startProcess: done updating battery stats
06-08 16:14:59.422 W/ActivityManager( 1748): Slow operation: 217ms so far, now at startProcess: building log message
06-08 16:14:59.422 I/ActivityManager( 1748): Start proc 2181:com.android.phone/1001 for added application com.android.phone
06-08 16:14:59.422 W/ActivityManager( 1748): Slow operation: 217ms so far, now at startProcess: starting to update pids map
06-08 16:14:59.423 W/ActivityManager( 1748): Slow operation: 217ms so far, now at startProcess: done updating pids map
06-08 16:14:59.502 I/ActivityManager( 1748): START u0 {act=android.intent.action.MAIN cat=[android.intent.category.HOME] flg=0x10000100 cmp=com.android.settings/.FallbackHome} from uid 0 on display 0
06-08 16:14:59.674 W/System  ( 1748): ClassLoader referenced unknown path: 
06-08 16:14:59.677 W/System  ( 1748): ClassLoader referenced unknown path: /system/priv-app/Settings/lib/x86_64
06-08 16:14:59.731 W/art     ( 2181): Unexpected CPU variant for X86 using defaults: x86_64
06-08 16:14:59.739 E/OMXNodeInstance( 1332): getExtensionIndex(5340012:google.hevc.decoder, OMX.google.android.index.configureVideoTunnelMode) ERROR: UnsupportedIndex(0x8000101a)
06-08 16:14:59.739 W/OMXNodeInstance( 1332): [5340012:google.hevc.decoder] component does not support metadata mode; using fallback
06-08 16:14:59.775 I/MediaPlayerService( 1336): MediaPlayerService::getOMX
06-08 16:14:59.777 I/OMXClient( 1336): MuxOMX ctor
06-08 16:14:59.777 I/OMXMaster( 1332): makeComponentInstance(OMX.google.vp8.decoder) in mediacodec process
06-08 16:14:59.903 D/ApplicationLoaders( 1748): ignored Vulkan layer search path /system/priv-app/Settings/lib/x86_64:/system/priv-app/Settings/Settings.apk!/lib/x86_64:/system/lib64:/vendor/lib64 for namespace 0x7fa2a60bf160
06-08 16:14:59.980 I/ActivityManager( 1748): Loaded persisted task ids for user 0
06-08 16:15:00.243 W/art     ( 2200): Unexpected CPU variant for X86 using defaults: x86_64
06-08 16:15:00.246 W/ActivityManager( 1748): Slow operation: 199ms so far, now at startProcess: returned from zygote!
06-08 16:15:00.247 W/ActivityManager( 1748): Slow operation: 200ms so far, now at startProcess: done updating battery stats
06-08 16:15:00.247 W/ActivityManager( 1748): Slow operation: 200ms so far, now at startProcess: building log message
06-08 16:15:00.247 I/ActivityManager( 1748): Start proc 2200:com.android.settings/1000 for activity com.android.settings/.FallbackHome
06-08 16:15:00.247 W/ActivityManager( 1748): Slow operation: 200ms so far, now at startProcess: starting to update pids map
06-08 16:15:00.247 W/ActivityManager( 1748): Slow operation: 200ms so far, now at startProcess: done updating pids map
06-08 16:15:00.247 W/ActivityManager( 1748): Slow operation: 201ms so far, now at startProcess: done starting proc!
06-08 16:15:00.282 W/art     ( 1748): Long monitor contention with owner main (1748) at void com.android.server.am.ActivityManagerService.systemReady(java.lang.Runnable)(ActivityManagerService.java:13368) waiters=0 in void com.android.server.am.ActivityManagerService.dispatchUidsChanged() for 1.070s
06-08 16:15:00.346 I/SystemServer( 1748): Enabled StrictMode for system server main thread.
06-08 16:15:00.521 D/ConditionProviders.SCP( 1748): onConnected
06-08 16:15:00.591 D/ZenLog  ( 1748): set_zen_mode: off,readXml
06-08 16:15:00.617 D/ConditionProviders( 1748): Subscribing to condition://android/schedule?days=1.2.3.4.5&start=22.0&end=7.0&exitAtAlarm=false with ComponentInfo{android/com.android.server.notification.ScheduleConditionProvider}
06-08 16:15:00.618 D/ZenLog  ( 1748): subscribe: condition://android/schedule?days=1.2.3.4.5&start=22.0&end=7.0&exitAtAlarm=false,ok
06-08 16:15:00.619 D/ConditionProviders( 1748): Subscribing to condition://android/schedule?days=6.7&start=23.30&end=10.0&exitAtAlarm=false with ComponentInfo{android/com.android.server.notification.ScheduleConditionProvider}
06-08 16:15:00.619 D/ZenLog  ( 1748): subscribe: condition://android/schedule?days=6.7&start=23.30&end=10.0&exitAtAlarm=false,ok
06-08 16:15:00.702 I/StatusBarManagerService( 1748): registerStatusBar bar=com.android.internal.statusbar.IStatusBar$Stub$Proxy@a3feaf8
06-08 16:15:00.766 D/ConditionProviders( 1748): Subscribing to condition://android/event?userId=-10000&calendar=&reply=1 with ComponentInfo{android/com.android.server.notification.EventConditionProvider}
06-08 16:15:00.767 D/ZenLog  ( 1748): subscribe: condition://android/event?userId=-10000&calendar=&reply=1,ok
06-08 16:15:00.925 D/PermissionCache( 1321): checking android.permission.READ_FRAME_BUFFER for uid=1000 => granted (2824 us)
06-08 16:15:01.010 D/gralloc ( 1321): Registering a buffer in the process that created it. This may cause memory ordering problems.
06-08 16:15:01.011 E/libEGL  ( 1321): called unimplemented OpenGL ES API
06-08 16:15:01.011 E/SurfaceFlinger( 1321): glCheckFramebufferStatusOES error 2038346901
06-08 16:15:01.011 E/SurfaceFlinger( 1321): got GL_FRAMEBUFFER_COMPLETE_OES error while taking screenshot
06-08 16:15:01.019 W/art     ( 1748): Long monitor contention with owner Binder:1748_1 (1769) at void com.android.server.wm.WindowManagerService.startAppFreezingScreen(android.os.IBinder, int)(WindowManagerService.java:4812) waiters=0 in void com.android.server.wm.WindowAnimator$1.doFrame(long) for 246ms
06-08 16:15:01.157 E/OMXNodeInstance( 1332): getExtensionIndex(5340013:google.vp8.decoder, OMX.google.android.index.configureVideoTunnelMode) ERROR: UnsupportedIndex(0x8000101a)
06-08 16:15:01.158 W/OMXNodeInstance( 1332): [5340013:google.vp8.decoder] component does not support metadata mode; using fallback
06-08 16:15:01.237 W/System  ( 2200): ClassLoader referenced unknown path: /system/priv-app/Settings/lib/x86_64
06-08 16:15:01.260 W/art     ( 1748): Long monitor contention with owner Binder:1748_1 (1769) at void com.android.server.am.ActivityManagerService.attachApplication(android.app.IApplicationThread)(ActivityManagerService.java:6669) waiters=0 in android.content.Intent com.android.server.am.ActivityManagerService.registerReceiver(android.app.IApplicationThread, java.lang.String, android.content.IIntentReceiver, android.content.IntentFilter, java.lang.String, int) for 488ms
06-08 16:15:01.313 W/art     ( 1748): Long monitor contention with owner Binder:1748_1 (1769) at void com.android.server.am.ActivityManagerService.attachApplication(android.app.IApplicationThread)(ActivityManagerService.java:6669) waiters=1 in void com.android.server.am.ActiveServices.serviceTimeout(com.android.server.am.ProcessRecord) for 521ms
06-08 16:15:01.314 W/ActivityManager( 1748): Timeout executing service: ServiceRecord{6637e77 u0 com.android.server.telecom/.components.TelecomService}
06-08 16:15:01.324 W/art     ( 1748): Long monitor contention with owner Binder:1748_1 (1769) at void com.android.server.am.ActivityManagerService.attachApplication(android.app.IApplicationThread)(ActivityManagerService.java:6669) waiters=2 in void com.android.server.am.ActivityManagerService$LocalService.notifyAppTransitionCancelled() for 247ms
06-08 16:15:01.368 I/MediaPlayerService( 1336): MediaPlayerService::getOMX
06-08 16:15:01.369 I/OMXClient( 1336): MuxOMX ctor
06-08 16:15:01.375 I/OMXMaster( 1332): makeComponentInstance(OMX.google.vp9.decoder) in mediacodec process
06-08 16:15:01.431 I/Process ( 1748): Sending signal. PID: 1748 SIG: 3
06-08 16:15:01.433 I/art     ( 1748): Thread[2,tid=1753,WaitingInMainSignalCatcherLoop,Thread*=0x7fa29ac30000,peer=0x12c010d0,"Signal Catcher"]: reacting to signal 3
06-08 16:15:01.433 I/art     ( 1748): 
06-08 16:15:01.474 W/System  ( 2181): ClassLoader referenced unknown path: /system/priv-app/TeleService/lib/x86_64
06-08 16:15:01.987 E/OMXNodeInstance( 1332): getExtensionIndex(5340014:google.vp9.decoder, OMX.google.android.index.configureVideoTunnelMode) ERROR: UnsupportedIndex(0x8000101a)
06-08 16:15:01.988 W/OMXNodeInstance( 1332): [5340014:google.vp9.decoder] component does not support metadata mode; using fallback
06-08 16:15:02.039 I/MediaPlayerService( 1336): MediaPlayerService::getOMX
06-08 16:15:02.103 I/OMXClient( 1336): MuxOMX ctor
06-08 16:15:02.104 I/OMXMaster( 1332): makeComponentInstance(OMX.google.h263.encoder) in mediacodec process
06-08 16:15:02.264 W/System  ( 2181): ClassLoader referenced unknown path: /system/priv-app/TelephonyProvider/lib/x86_64
06-08 16:15:02.268 D/ApplicationLoaders( 2181): ignored Vulkan layer search path /system/priv-app/TelephonyProvider/lib/x86_64:/system/lib64:/vendor/lib64 for namespace 0x7fa2a60af0f0
06-08 16:15:02.442 I/Process ( 1748): Sending signal. PID: 2181 SIG: 3
06-08 16:15:02.446 I/art     ( 2181): Thread[3,tid=2190,WaitingInMainSignalCatcherLoop,Thread*=0x7fa2a1896400,peer=0x12c00af0,"Signal Catcher"]: reacting to signal 3
06-08 16:15:02.446 I/art     ( 2181): 
06-08 16:15:02.845 W/art     ( 1997): Long monitor contention with owner Keyboard (2172) at java.lang.CharSequence android.util.TypedValue.coerceToString()(TypedValue.java:435) waiters=0 in android.content.res.XmlBlock android.content.res.AssetManager.openXmlBlockAsset(int, java.lang.String) for 1.287s
06-08 16:15:03.011 I/SoftMPEG4Encoder( 1332): Construct SoftMPEG4Encoder
06-08 16:15:03.073 W/ACodec  ( 1336): do not know color format 0x7f000789 = 2130708361
06-08 16:15:03.075 E/OMXNodeInstance( 1332): getConfig(5340015:google.h263.encoder, ConfigAndroidIntraRefresh(0x6f60000a)) ERROR: Undefined(0x80001001)
06-08 16:15:03.087 I/MediaPlayerService( 1336): MediaPlayerService::getOMX
06-08 16:15:03.089 I/OMXClient( 1336): MuxOMX ctor
06-08 16:15:03.089 I/OMXMaster( 1332): makeComponentInstance(OMX.google.h264.encoder) in mediacodec process
06-08 16:15:03.957 W/ACodec  ( 1336): do not know color format 0x7f000789 = 2130708361
06-08 16:15:03.979 I/MediaPlayerService( 1336): MediaPlayerService::getOMX
06-08 16:15:03.989 I/OMXClient( 1336): MuxOMX ctor
06-08 16:15:04.000 I/OMXMaster( 1332): makeComponentInstance(OMX.google.mpeg4.encoder) in mediacodec process
06-08 16:15:04.141 I/art     ( 2181): Wrote stack traces to '/data/anr/traces.txt'
06-08 16:15:04.155 D/TelephonyProvider( 2181): dbh.onOpen: ok, queried table=siminfo
06-08 16:15:04.157 D/TelephonyProvider( 2181): dbh.onOpen: ok, queried table=carriers
06-08 16:15:04.543 I/SoftMPEG4Encoder( 1332): Construct SoftMPEG4Encoder
06-08 16:15:04.563 W/ACodec  ( 1336): do not know color format 0x7f000789 = 2130708361
06-08 16:15:04.564 E/OMXNodeInstance( 1332): getConfig(5340017:google.mpeg4.encoder, ConfigAndroidIntraRefresh(0x6f60000a)) ERROR: Undefined(0x80001001)
06-08 16:15:04.597 I/MediaPlayerService( 1336): MediaPlayerService::getOMX
06-08 16:15:04.601 I/OMXClient( 1336): MuxOMX ctor
06-08 16:15:04.602 I/OMXMaster( 1332): makeComponentInstance(OMX.google.vp8.encoder) in mediacodec process
06-08 16:15:04.939 W/ACodec  ( 1336): do not know color format 0x7f000789 = 2130708361
06-08 16:15:04.952 E/OMXNodeInstance( 1332): getConfig(5340018:google.vp8.encoder, ConfigAndroidIntraRefresh(0x6f60000a)) ERROR: Undefined(0x80001001)
06-08 16:15:04.988 I/MediaPlayerService( 1336): MediaPlayerService::getOMX
06-08 16:15:05.000 I/OMXClient( 1336): MuxOMX ctor
06-08 16:15:05.019 I/MediaPlayerService( 1336): MediaPlayerService::getOMX
06-08 16:15:05.100 I/OMXClient( 1336): MuxOMX ctor
06-08 16:15:05.101 W/MediaCodecList( 1336): unable to open media codecs configuration xml file: /data/misc/media/media_codecs_profiling_results.xml
06-08 16:15:05.109 I/MediaPlayerService( 1336): MediaPlayerService::getOMX
06-08 16:15:05.126 I/OMXClient( 1997): MuxOMX ctor
06-08 16:15:05.181 D/RttService( 1748): SCAN_AVAILABLE : 1
06-08 16:15:05.182 D/ZenLog  ( 1748): set_zen_mode: off,cleanUpZenRules
06-08 16:15:05.187 I/OMXMaster( 1332): makeComponentInstance(OMX.google.vorbis.decoder) in mediacodec process
06-08 16:15:05.216 I/MediaPlayerService( 1336): MediaPlayerService::getOMX
06-08 16:15:05.218 I/OMXClient( 1748): MuxOMX ctor
06-08 16:15:05.452 W/System  ( 1748): ClassLoader referenced unknown path: /system/priv-app/Telecom/lib/x86_64
06-08 16:15:05.482 D/ApplicationLoaders( 1748): ignored Vulkan layer search path /system/priv-app/Telecom/lib/x86_64:/system/priv-app/Telecom/Telecom.apk!/lib/x86_64:/system/lib64:/vendor/lib64 for namespace 0x7fa2a60bf1d0
06-08 16:15:05.845 I/OMXMaster( 1332): makeComponentInstance(OMX.google.vorbis.decoder) in mediacodec process
06-08 16:15:06.775 I/MediaPlayerService( 1336): MediaPlayerService::getOMX
06-08 16:15:06.777 I/OMXClient( 1997): MuxOMX ctor
06-08 16:15:06.789 I/OMXMaster( 1332): makeComponentInstance(OMX.google.vorbis.decoder) in mediacodec process
06-08 16:15:07.418 E/BluetoothAdapter( 1748): Bluetooth binder is null
06-08 16:15:07.688 I/Telecom ( 1748): SystemStateProvider: Registering car mode receiver: android.content.IntentFilter@c7f7722: TS.init@AAA
06-08 16:15:08.012 I/Telecom ( 1748): Telecom: Non-call EVENT: AUDIO_ROUTE, Entering state QuiescentEarpieceRoute
06-08 16:15:08.090 I/Telecom ( 1748): CallAudioModeStateMachine: Message received: null.: TS.init->CAMSM.pM_1@AAA_0
06-08 16:15:08.102 I/MediaPlayerService( 1336): MediaPlayerService::getOMX
06-08 16:15:08.104 I/OMXClient( 1997): MuxOMX ctor
06-08 16:15:08.108 I/OMXMaster( 1332): makeComponentInstance(OMX.google.vorbis.decoder) in mediacodec process
06-08 16:15:08.168 E/ActivityThread( 1748): Failed to find provider info for call_log
06-08 16:15:08.174 E/BluetoothAdapter( 1748): Bluetooth binder is null
06-08 16:15:08.278 I/Telecom ( 1748): Class: TelecomSystem.INSTANCE being set
06-08 16:15:08.289 E/BluetoothAdapter( 1748): Bluetooth binder is null
06-08 16:15:08.390 W/ContextImpl( 1748): Calling a method in the system process without a qualified user: android.app.ContextImpl.startService:1357 com.android.server.content.SyncManager$13.run:658 android.os.Handler.handleCallback:751 android.os.Handler.dispatchMessage:95 android.os.Looper.loop:154 
06-08 16:15:09.224 W/System  ( 1748): ClassLoader referenced unknown path: /system/priv-app/FusedLocation/lib/x86_64
06-08 16:15:09.228 D/ApplicationLoaders( 1748): ignored Vulkan layer search path /system/priv-app/FusedLocation/lib/x86_64:/system/priv-app/FusedLocation/FusedLocation.apk!/lib/x86_64:/system/lib64:/vendor/lib64 for namespace 0x7fa2a60bf240
06-08 16:15:09.249 I/LatinIME:LogUtils( 1991): Dictionary info: dictionary = main:en ; version = 54 ; date = 1414726273
06-08 16:15:09.297 D/GpsNetInitiatedHandler( 1748): location enabled :true
06-08 16:15:09.298 V/WiredAccessoryManager( 1748): notifyWiredAccessoryChanged: when=0 bits= mask=54
06-08 16:15:09.299 V/WiredAccessoryManager( 1748): newName=h2w newState=0 headsetState=0 prev headsetState=0
06-08 16:15:09.299 E/WiredAccessoryManager( 1748): No state change.
06-08 16:15:09.299 V/WiredAccessoryManager( 1748): init()
06-08 16:15:09.564 D/AccessibilityManagerService( 1748): Ignoring non-encryption-aware service ComponentInfo{com.example.android.apis/com.example.android.apis.accessibility.ClockBackService}
06-08 16:15:09.564 D/AccessibilityManagerService( 1748): Ignoring non-encryption-aware service ComponentInfo{com.example.android.apis/com.example.android.apis.accessibility.MagnificationService}
06-08 16:15:09.565 D/AccessibilityManagerService( 1748): Ignoring non-encryption-aware service ComponentInfo{com.example.android.apis/com.example.android.apis.accessibility.TaskBackService}
06-08 16:15:09.749 W/VibratorService( 1748): Tried to stop vibrating but there is no vibrator device.
06-08 16:15:09.751 I/Process ( 1748): Sending signal. PID: 1997 SIG: 3
06-08 16:15:09.752 I/art     ( 1997): Thread[3,tid=2007,WaitingInMainSignalCatcherLoop,Thread*=0x7fa2a1896400,peer=0x12c005e0,"Signal Catcher"]: reacting to signal 3
06-08 16:15:09.752 I/art     ( 1997): 
06-08 16:15:09.808 W/WindowManager( 1748): App freeze timeout expired.
06-08 16:15:09.809 W/WindowManager( 1748): Force clearing freeze: AppWindowToken{382913f token=Token{efc6299 ActivityRecord{31dffe0 u0 com.android.settings/.FallbackHome t1}}}
06-08 16:15:09.965 I/WindowManager( 1748): Screen frozen for +9s213ms due to Window{a26e2ee u0 KeyguardScrim}
06-08 16:15:09.980 D/ConditionProviders.SCP( 1748): onSubscribe condition://android/schedule?days=1.2.3.4.5&start=22.0&end=7.0&exitAtAlarm=false
06-08 16:15:09.983 D/ConditionProviders.SCP( 1748): setRegistered true
06-08 16:15:10.054 W/        ( 1274): debuggerd: handling request: pid=1321 uid=1000 gid=1003 tid=1321
06-08 16:15:10.065 D/ConditionProviders.SCP( 1748): notifyCondition condition://android/schedule?days=1.2.3.4.5&start=22.0&end=7.0&exitAtAlarm=false STATE_FALSE reason=!meetsSchedule
06-08 16:15:10.211 D/ConditionProviders.SCP( 1748): Scheduling evaluate for Tue Jun 08 22:00:00 UTC 2021 (1623189600000), in +5h44m50s16ms, now=Tue Jun 08 16:15:09 UTC 2021 (1623168909984)
06-08 16:15:10.212 D/ConditionProviders.SCP( 1748): onSubscribe condition://android/schedule?days=6.7&start=23.30&end=10.0&exitAtAlarm=false
06-08 16:15:10.214 D/ConditionProviders.SCP( 1748): notifyCondition condition://android/schedule?days=6.7&start=23.30&end=10.0&exitAtAlarm=false STATE_FALSE reason=!meetsSchedule
06-08 16:15:10.215 D/ConditionProviders.SCP( 1748): notifyCondition condition://android/schedule?days=1.2.3.4.5&start=22.0&end=7.0&exitAtAlarm=false STATE_FALSE reason=!meetsSchedule
06-08 16:15:10.217 D/ConditionProviders.SCP( 1748): Scheduling evaluate for Tue Jun 08 22:00:00 UTC 2021 (1623189600000), in +5h44m49s787ms, now=Tue Jun 08 16:15:10 UTC 2021 (1623168910213)
06-08 16:15:10.226 I/Telecom ( 1748): WiredHeadsetManager: ACTION_HEADSET_PLUG event, plugged in: false, : WHC.oADA@AAE
06-08 16:15:10.272 I/ActivityManager( 1748): user 0 is still locked. Cannot load recents
06-08 16:15:10.612 I/WifiScanningService( 1748): wifi driver unloaded
06-08 16:15:10.613 D/RttService( 1748): DefaultState got{ when=-5s432ms what=160513 target=com.android.internal.util.StateMachine$SmHandler }
06-08 16:15:10.721 I/Choreographer( 1748): Skipped 53 frames!  The application may be doing too much work on its main thread.
06-08 16:15:10.837 W/        ( 1274): debuggerd: resuming target 1321
06-08 16:15:10.870 W/        ( 1274): debuggerd: handling request: pid=1327 uid=1041 gid=1005 tid=1327
06-08 16:15:11.045 W/        ( 1273): debuggerd: handling request: pid=1327 uid=1041 gid=1005 tid=1327
06-08 16:15:11.783 W/        ( 1273): debuggerd: resuming target 1327
06-08 16:15:11.793 I/art     ( 1997): Wrote stack traces to '/data/anr/traces.txt'
06-08 16:15:11.823 W/        ( 1274): debuggerd: handling request: pid=1328 uid=1047 gid=1005 tid=1328
06-08 16:15:11.835 W/        ( 1273): debuggerd: handling request: pid=1328 uid=1047 gid=1005 tid=1328
06-08 16:15:11.912 W/art     ( 1748): Long monitor contention with owner main (1748) at void com.android.server.pm.UserManagerService$MainHandler.handleMessage(android.os.Message)(UserManagerService.java:3290) waiters=0 in int com.android.server.pm.PackageManagerService.checkUidPermission(java.lang.String, int) for 318ms
06-08 16:15:11.918 W/art     ( 1748): Long monitor contention with owner main (1748) at void com.android.server.pm.UserManagerService$MainHandler.handleMessage(android.os.Message)(UserManagerService.java:3290) waiters=1 in int com.android.server.pm.PackageManagerService.checkUidPermission(java.lang.String, int) for 227ms
06-08 16:15:12.191 W/        ( 1273): debuggerd: resuming target 1328
06-08 16:15:12.196 W/        ( 1274): debuggerd: handling request: pid=1329 uid=1019 gid=1019 tid=1329
06-08 16:15:12.198 W/        ( 1273): debuggerd: handling request: pid=1329 uid=1019 gid=1019 tid=1329
06-08 16:15:12.455 W/        ( 1273): debuggerd: resuming target 1329
06-08 16:15:12.458 W/        ( 1274): debuggerd: handling request: pid=1332 uid=1046 gid=1006 tid=1332
06-08 16:15:12.459 W/        ( 1273): debuggerd: handling request: pid=1332 uid=1046 gid=1006 tid=1332
06-08 16:15:12.610 I/art     ( 1748): Waiting for a blocking GC Explicit
06-08 16:15:12.896 W/        ( 1273): debuggerd: resuming target 1332
06-08 16:15:12.911 W/        ( 1274): debuggerd: handling request: pid=1333 uid=1013 gid=1031 tid=1333
06-08 16:15:12.922 W/        ( 1273): debuggerd: handling request: pid=1333 uid=1013 gid=1031 tid=1333
06-08 16:15:13.274 W/        ( 1273): debuggerd: resuming target 1333
06-08 16:15:13.277 W/        ( 1274): debuggerd: handling request: pid=1334 uid=1040 gid=1026 tid=1334
06-08 16:15:13.279 W/        ( 1273): debuggerd: handling request: pid=1334 uid=1040 gid=1026 tid=1334
06-08 16:15:13.713 W/        ( 1273): debuggerd: resuming target 1334
06-08 16:15:13.718 W/        ( 1274): debuggerd: handling request: pid=1336 uid=1013 gid=1005 tid=1336
06-08 16:15:13.731 W/        ( 1273): debuggerd: handling request: pid=1336 uid=1013 gid=1005 tid=1336
06-08 16:15:14.080 W/        ( 1273): debuggerd: resuming target 1336
06-08 16:15:14.083 W/        ( 1274): debuggerd: handling request: pid=2057 uid=1023 gid=1023 tid=2057
06-08 16:15:14.191 W/art     ( 1748): Long monitor contention with owner android.bg (1784) at boolean android.os.MessageQueue.enqueueMessage(android.os.Message, long)(MessageQueue.java:541) waiters=0 in android.os.Message android.os.MessageQueue.next() for 3.276s
06-08 16:15:14.510 W/        ( 1274): debuggerd: resuming target 2057
06-08 16:15:14.562 W/        ( 1274): debuggerd: handling request: pid=2127 uid=1023 gid=1023 tid=2127
06-08 16:15:14.823 W/        ( 1274): debuggerd: resuming target 2127
06-08 16:15:15.224 I/art     ( 1997): Background sticky concurrent mark sweep GC freed 18158(2MB) AllocSpace objects, 2(40KB) LOS objects, 30% free, 6MB/10MB, paused 3.295ms total 278.993ms
06-08 16:15:15.464 W/art     ( 1748): Suspending all threads took: 685.712ms
06-08 16:15:15.578 I/GnssLocationProvider( 1748): WakeLock released by handleMessage(13, 0, null)
06-08 16:15:15.602 I/art     ( 1748): Wrote stack traces to '/data/anr/traces.txt'
06-08 16:15:15.753 I/art     ( 1748): Background sticky concurrent mark sweep GC freed 28186(2MB) AllocSpace objects, 11(252KB) LOS objects, 15% free, 14MB/16MB, paused 696.273ms total 5.485s
06-08 16:15:15.764 I/art     ( 1748): WaitForGcToComplete blocked for 3.153s for cause Explicit
06-08 16:15:15.764 I/art     ( 1748): Starting a blocking GC Explicit
06-08 16:15:16.448 D/gralloc_ranchu( 2200): Emulator without host-side GPU emulation detected. Loading gralloc.default.so from /vendor/lib64/hw/gralloc.goldfish.default.so...
06-08 16:15:16.467 D/gralloc_ranchu( 2200): gralloc.default.so not found in /vendor. Trying /system/lib64/hw/gralloc.goldfish.default.so...
06-08 16:15:17.785 W/art     ( 1748): Long monitor contention with owner AsyncTask #2 (2112) at boolean android.os.MessageQueue.enqueueMessage(android.os.Message, long)(MessageQueue.java:541) waiters=0 in android.os.Message android.os.MessageQueue.next() for 535ms
06-08 16:15:18.068 W/System  ( 1997): ClassLoader referenced unknown path: 
06-08 16:15:18.069 W/System  ( 1997): ClassLoader referenced unknown path: /system/priv-app/Dialer/lib/x86_64
06-08 16:15:18.348 D/ApplicationLoaders( 1997): ignored Vulkan layer search path /system/priv-app/Dialer/lib/x86_64:/system/lib64:/vendor/lib64 for namespace 0x7fa2a60af0f0
06-08 16:15:18.608 I/Choreographer( 2200): Skipped 30 frames!  The application may be doing too much work on its main thread.
06-08 16:15:19.163 W/ProcessCpuTracker( 1748): Skipping unknown process pid 2330
06-08 16:15:19.210 I/Process ( 1748): Sending signal. PID: 2200 SIG: 3
06-08 16:15:19.211 I/art     ( 2200): Thread[3,tid=2206,WaitingInMainSignalCatcherLoop,Thread*=0x7fa2a1896400,peer=0x12c00d30,"Signal Catcher"]: reacting to signal 3
06-08 16:15:19.211 I/art     ( 2200): 
06-08 16:15:19.226 W/art     ( 2200): Suspending all threads took: 12.990ms
06-08 16:15:19.980 E/GnssLocationProvider( 1748): no AGPS interface in set_agps_server
06-08 16:15:19.982 I/GnssLocationProvider( 1748): WakeLock released by handleMessage(2, 1, null)
06-08 16:15:20.558 W/art     ( 1748): Long monitor contention with owner AsyncTask #2 (2112) at boolean android.os.MessageQueue.enqueueMessage(android.os.Message, long)(MessageQueue.java:541) waiters=1 in boolean android.os.MessageQueue.enqueueMessage(android.os.Message, long) for 3.225s
06-08 16:15:20.575 E/ActivityManager( 1748): ANR in system
06-08 16:15:20.575 E/ActivityManager( 1748): PID: 1748
06-08 16:15:20.575 E/ActivityManager( 1748): Reason: executing service com.android.server.telecom/.components.TelecomService
06-08 16:15:20.575 E/ActivityManager( 1748): Load: 10.88 / 4.21 / 1.57
06-08 16:15:20.575 E/ActivityManager( 1748): CPU usage from 4132ms to -18859ms ago (2021-06-08 16:14:57.230 to 2021-06-08 16:15:20.222) with 99% awake:
06-08 16:15:20.575 E/ActivityManager( 1748):   47% 1406/bootanimation: 25% user + 21% kernel
06-08 16:15:20.575 E/ActivityManager( 1748):   44% 1321/surfaceflinger: 24% user + 19% kernel / faults: 72 minor
06-08 16:15:20.575 E/ActivityManager( 1748):   28% 1748/system_server: 11% user + 17% kernel / faults: 4102 minor 37 major
06-08 16:15:20.575 E/ActivityManager( 1748):   15% 1997/com.android.systemui: 7.1% user + 8.1% kernel / faults: 4423 minor 26 major
06-08 16:15:20.575 E/ActivityManager( 1748):   12% 1332/media.codec: 5.6% user + 6.5% kernel / faults: 5710 minor 15 major
06-08 16:15:20.575 E/ActivityManager( 1748):   3.5% 8/rcu_preempt: 0% user + 3.5% kernel
06-08 16:15:20.575 E/ActivityManager( 1748):   2.2% 1324/adbd: 0.5% user + 1.7% kernel / faults: 1212 minor
06-08 16:15:20.575 E/ActivityManager( 1748):   1.2% 1336/mediaserver: 0.3% user + 0.8% kernel / faults: 73 minor
06-08 16:15:20.575 E/ActivityManager( 1748):   1% 1991/com.android.inputmethod.latin: 0.3% user + 0.6% kernel / faults: 645 minor
06-08 16:15:20.575 E/ActivityManager( 1748):   0.6% 1334/media.extractor: 0.3% user + 0.3% kernel / faults: 91 minor
06-08 16:15:20.575 E/ActivityManager( 1748):   0.7% 1255/kworker/0:1H: 0% user + 0.7% kernel
06-08 16:15:20.575 E/ActivityManager( 1748):   0.1% 1274/debuggerd64: 0% user + 0.1% kernel / faults: 103 minor
06-08 16:15:20.575 E/ActivityManager( 1748):   0.6% 1320/servicemanager: 0.1% user + 0.4% kernel
06-08 16:15:20.575 E/ActivityManager( 1748):   0.5% 1267/logd: 0.1% user + 0.3% kernel / faults: 17 minor
06-08 16:15:20.575 E/ActivityManager( 1748):   0.1% 1273/debuggerd: 0% user + 0.1% kernel / faults: 188 minor
06-08 16:15:20.575 E/ActivityManager( 1748):   0.4% 1327/audioserver: 0.1% user + 0.2% kernel / faults: 38 minor
06-08 16:15:20.575 E/ActivityManager( 1748):   0.2% 1325/zygote64: 0% user + 0.2% kernel / faults: 301 minor
06-08 16:15:20.575 E/ActivityManager( 1748):   0.2% 6/kworker/u4:0: 0% user + 0.2% kernel
06-08 16:15:20.575 E/ActivityManager( 1748):   0.2% 1265/jbd2/vdc-8: 0% user + 0.2% kernel
06-08 16:15:20.575 E/ActivityManager( 1748):   0.2% 1348/logcat: 0.1% user + 0.1% kernel
06-08 16:15:20.575 E/ActivityManager( 1748):   0.2% 3/ksoftirqd/0: 0% user + 0.2% kernel
06-08 16:15:20.575 E/ActivityManager( 1748):   0.2% 1337/netd: 0% user + 0.1% kernel / faults: 35 minor
06-08 16:15:20.575 E/ActivityManager( 1748):   0% 1328/cameraserver: 0% user + 0% kernel / faults: 65 minor
06-08 16:15:20.575 E/ActivityManager( 1748):   0% 1//init: 0% user + 0% kernel / faults: 1 minor
06-08 16:15:20.575 E/ActivityManager( 1748):   0% 12/ksoftirqd/1: 0% user + 0% kernel
06-08 16:15:20.575 E/ActivityManager( 1748):   0% 1338/rild: 0% user + 0% kernel / faults: 5 minor
06-08 16:15:20.575 E/ActivityManager( 1748):   0% 673/kworker/0:1: 0% user + 0% kernel
06-08 16:15:20.575 E/ActivityManager( 1748):   0% 1329/drmserver: 0% user + 0% kernel / faults: 19 minor
06-08 16:15:20.575 E/ActivityManager( 1748):   0% 1511/hostapd: 0% user + 0% kernel
06-08 16:15:20.575 E/ActivityManager( 1748):   0% 2057/sdcard: 0% user + 0% kernel / faults: 7 minor
06-08 16:15:20.575 E/ActivityManager( 1748):   0% 2127/sdcard: 0% user + 0% kernel / faults: 7 minor
06-08 16:15:20.575 E/ActivityManager( 1748):  +0% 2181/com.android.phone: 0% user + 0% kernel
06-08 16:15:20.575 E/ActivityManager( 1748):  +0% 2200/com.android.settings: 0% user + 0% kernel
06-08 16:15:20.575 E/ActivityManager( 1748):  +0% 2334/getprop: 0% user + 0% kernel
06-08 16:15:20.575 E/ActivityManager( 1748): 99% TOTAL: 46% user + 52% kernel + 0.7% softirq
06-08 16:15:20.575 E/ActivityManager( 1748): CPU usage from 16567ms to 17388ms later (2021-06-08 16:15:17.929 to 2021-06-08 16:15:18.750):
06-08 16:15:20.575 E/ActivityManager( 1748):   51% 2200/com.android.settings: 27% user + 24% kernel / faults: 6893 minor 8 major
06-08 16:15:20.575 E/ActivityManager( 1748):     52% 2200/ndroid.settings: 27% user + 25% kernel
06-08 16:15:20.575 E/ActivityManager( 1748):     1.1% 2205/Jit thread pool: 0% user + 1.1% kernel
06-08 16:15:20.575 E/ActivityManager( 1748):   43% 1321/surfaceflinger: 24% user + 19% kernel / faults: 1 minor
06-08 16:15:20.575 E/ActivityManager( 1748):     26% 1321/surfaceflinger: 18% user + 8.5% kernel
06-08 16:15:20.575 E/ActivityManager( 1748):     8.5% 1388/DispSync: 0% user + 8.5% kernel
06-08 16:15:20.575 E/ActivityManager( 1748):     7.2% 1396/EventThread: 0% user + 7.2% kernel
06-08 16:15:20.575 E/ActivityManager( 1748):     3.6% 1395/POSIX timer 1: 0% user + 3.6% kernel
06-08 16:15:20.575 E/ActivityManager( 1748):     1.2% 1519/Binder:1321_3: 0% user + 1.2% kernel
06-08 16:15:20.575 E/ActivityManager( 1748):     1.2% 1520/Binder:1321_4: 0% user + 1.2% kernel
06-08 16:15:20.575 E/ActivityManager( 1748):     1.2% 2292/Binder:1321_5: 1.2% user + 0% kernel
06-08 16:15:20.575 E/ActivityManager( 1748):   35% 1406/bootanimation: 25% user + 9.3% kernel
06-08 16:15:20.575 E/ActivityManager( 1748):     35% 1518/BootAnimation: 24% user + 10% kernel
06-08 16:15:20.575 E/ActivityManager( 1748):   22% 1748/system_server: 11% user + 11% kernel / faults: 15 minor
06-08 16:15:20.575 E/ActivityManager( 1748):     9% 1785/ActivityManager: 6.7% user + 2.2% kernel
06-08 16:15:20.575 E/ActivityManager( 1748):     3.3% 2024/Binder:1748_4: 3.3% user + 0% kernel
06-08 16:15:20.575 E/ActivityManager( 1748):     2.2% 2244/Binder:1748_7: 1.1% user + 1.1% kernel
06-08 16:15:20.575 E/ActivityManager( 1748):     1.1% 1748/system_server: 0% user + 1.1% kernel
06-08 16:15:20.575 E/ActivityManager( 1748):     1.1% 1769/Binder:1748_1: 0% user + 1.1% kernel
06-08 16:15:20.575 E/ActivityManager( 1748):     1.1% 1770/Binder:1748_2: 1.1% user + 0% kernel
06-08 16:15:20.575 E/ActivityManager( 1748):     1.1% 1787/android.ui: 1.1% user + 0% kernel
06-08 16:15:20.575 E/ActivityManager( 1748):     1.1% 1932/InputDispatcher: 0% user + 1.1% kernel
06-08 16:15:20.575 E/ActivityManager( 1748):     1.1% 2055/Binder:1748_5: 0% user + 1.1% kernel
06-08 16:15:20.575 E/ActivityManager( 1748):     1.1% 2242/Binder:1748_6: 0% user + 1.1% kernel
06-08 16:15:20.575 E/ActivityManager( 1748):   10% 1997/com.android.systemui: 8.5% user + 2.1% kernel / faults: 306 minor
06-08 16:15:20.575 E/ActivityManager( 1748):     10% 1997/ndroid.systemui: 9.6% user + 1% kernel
06-08 16:15:20.575 E/ActivityManager( 1748):   2.4% 1324/adbd: 0% user + 2.4% kernel / faults: 110 minor
06-08 16:15:20.575 E/ActivityManager( 1748):     1.2% 1340/->host-9: 0% user + 1.2% kernel
06-08 16:15:20.575 E/ActivityManager( 1748):    +0% 2333/shell srvc 2332: 0% user + 0% kernel
06-08 16:15:20.575 E/ActivityManager( 1748):   1.2% 8/rcu_preempt: 0% user + 1.2% kernel
06-08 16:15:20.575 E/ActivityManager( 1748): 100% TOTAL: 51% user + 48% kernel
06-08 16:15:20.577 I/art     ( 2200): Wrote stack traces to '/data/anr/traces.txt'
06-08 16:15:20.826 W/art     ( 1748): Suspending all threads took: 32.762ms
06-08 16:15:20.859 I/art     ( 1748): Explicit concurrent mark sweep GC freed 20750(1024KB) AllocSpace objects, 4(4MB) LOS objects, 29% free, 9MB/13MB, paused 36.172ms total 5.093s
06-08 16:15:21.020 W/art     ( 1748): Long monitor contention with owner android.bg (1784) at java.util.List com.android.server.pm.PackageManagerService.queryIntentServicesInternal(android.content.Intent, java.lang.String, int, int)(PackageManagerService.java:6105) waiters=0 in int com.android.server.pm.PackageManagerService.checkUidPermission(java.lang.String, int) for 784ms
06-08 16:15:21.030 W/art     ( 1748): Long monitor contention with owner android.bg (1784) at java.util.List com.android.server.pm.PackageManagerService.queryIntentServicesInternal(android.content.Intent, java.lang.String, int, int)(PackageManagerService.java:6105) waiters=1 in int com.android.server.pm.PackageManagerService.checkUidPermission(java.lang.String, int) for 488ms
06-08 16:15:21.031 W/art     ( 1748): Long monitor contention with owner android.bg (1784) at java.util.List com.android.server.pm.PackageManagerService.queryIntentServicesInternal(android.content.Intent, java.lang.String, int, int)(PackageManagerService.java:6105) waiters=2 in android.content.pm.PackageInfo com.android.server.pm.PackageManagerService.getPackageInfo(java.lang.String, int, int) for 455ms
06-08 16:15:21.038 W/art     ( 1748): Long monitor contention with owner android.bg (1784) at java.util.List com.android.server.pm.PackageManagerService.queryIntentServicesInternal(android.content.Intent, java.lang.String, int, int)(PackageManagerService.java:6105) waiters=3 in int com.android.server.pm.PackageManagerService.checkUidPermission(java.lang.String, int) for 445ms
06-08 16:15:21.039 W/art     ( 1748): Long monitor contention with owner android.bg (1784) at java.util.List com.android.server.pm.PackageManagerService.queryIntentServicesInternal(android.content.Intent, java.lang.String, int, int)(PackageManagerService.java:6105) waiters=6 in int com.android.server.pm.PackageManagerService.checkUidPermission(java.lang.String, int) for 387ms
06-08 16:15:21.064 W/art     ( 1748): Long monitor contention with owner ActivityManager (1785) at void com.android.server.am.ActivityManagerService.appendDropBoxProcessHeaders(com.android.server.am.ProcessRecord, java.lang.String, java.lang.StringBuilder)(ActivityManagerService.java:13756) waiters=1 in android.content.Intent com.android.server.am.ActivityManagerService.registerReceiver(android.app.IApplicationThread, java.lang.String, android.content.IIntentReceiver, android.content.IntentFilter, java.lang.String, int) for 376ms
06-08 16:15:21.066 W/WindowManager( 1748): Window freeze timeout expired.
06-08 16:15:21.230 W/art     ( 1748): Long monitor contention with owner ActivityManager (1785) at void com.android.server.am.ActivityManagerService.appendDropBoxProcessHeaders(com.android.server.am.ProcessRecord, java.lang.String, java.lang.StringBuilder)(ActivityManagerService.java:13756) waiters=0 in boolean com.android.server.am.ActivityManagerService.isUserRunning(int, int) for 651ms
06-08 16:15:22.172 W/art     ( 1748): Long monitor contention with owner android.ui (1787) at void com.android.server.am.AppErrors.handleShowAnrUi(android.os.Message)(AppErrors.java:925) waiters=1 in android.content.Intent com.android.server.am.ActivityManagerService.registerReceiver(android.app.IApplicationThread, java.lang.String, android.content.IIntentReceiver, android.content.IntentFilter, java.lang.String, int) for 1.093s
06-08 16:15:22.173 W/art     ( 1748): Long monitor contention with owner android.ui (1787) at void com.android.server.am.AppErrors.handleShowAnrUi(android.os.Message)(AppErrors.java:925) waiters=2 in void com.android.server.am.ActivityManagerService$MainHandler.handleMessage(android.os.Message) for 1.061s
06-08 16:15:22.176 W/art     ( 1748): Long monitor contention with owner android.ui (1787) at void com.android.server.am.AppErrors.handleShowAnrUi(android.os.Message)(AppErrors.java:925) waiters=3 in void com.android.server.am.ActivityManagerService.notifyActivityDrawn(android.os.IBinder) for 1.055s
06-08 16:15:22.177 W/art     ( 1748): Long monitor contention with owner android.ui (1787) at void com.android.server.am.AppErrors.handleShowAnrUi(android.os.Message)(AppErrors.java:925) waiters=4 in android.content.Intent com.android.server.am.ActivityManagerService.registerReceiver(android.app.IApplicationThread, java.lang.String, android.content.IIntentReceiver, android.content.IntentFilter, java.lang.String, int) for 300ms
06-08 16:15:22.321 W/ActivityManager( 1748): Slow operation: 132ms so far, now at startProcess: creating new process record
06-08 16:15:22.323 W/ActivityManager( 1748): Slow operation: 134ms so far, now at startProcess: done creating new process record
06-08 16:15:22.323 W/ActivityManager( 1748): Slow operation: 134ms so far, now at startProcess: stepping in to startProcess
06-08 16:15:22.522 W/art     ( 1748): Long monitor contention with owner android.ui (1787) at void com.android.server.am.AppErrors.handleShowAnrUi(android.os.Message)(AppErrors.java:925) waiters=3 in boolean com.android.server.am.ActivityManagerService.isUserRunning(int, int) for 1.290s
06-08 16:15:22.821 W/ActivityManager( 1748): Slow operation: 497ms so far, now at startProcess: returned from zygote!
06-08 16:15:22.821 W/ActivityManager( 1748): Slow operation: 498ms so far, now at startProcess: done updating battery stats
06-08 16:15:22.822 W/ActivityManager( 1748): Slow operation: 499ms so far, now at startProcess: building log message
06-08 16:15:22.822 I/ActivityManager( 1748): Start proc 2348:com.android.cellbroadcastreceiver/u0a4 for broadcast com.android.cellbroadcastreceiver/.CellBroadcastReceiver
06-08 16:15:22.822 W/ActivityManager( 1748): Slow operation: 499ms so far, now at startProcess: starting to update pids map
06-08 16:15:22.822 W/ActivityManager( 1748): Slow operation: 499ms so far, now at startProcess: done updating pids map
06-08 16:15:22.822 W/ActivityManager( 1748): Slow operation: 633ms so far, now at startProcess: done starting proc!
06-08 16:15:22.823 W/art     ( 1748): Long monitor contention with owner ActivityManager (1785) at void com.android.server.am.BroadcastQueue.processNextBroadcast(boolean)(BroadcastQueue.java:760) waiters=3 in void com.android.server.am.ActivityManagerService.notifyActivityDrawn(android.os.IBinder) for 647ms
06-08 16:15:22.825 W/BroadcastQueue( 1748): Timeout of broadcast BroadcastRecord{2844fd6 u-1 android.intent.action.TIME_TICK} - receiver=android.os.BinderProxy@c2815d4, started 12920ms ago
