06-08 16:13:46.985 E/Hyphenator( 1326): Caused by: android.system.ErrnoException: open failed: ENOENT (No such file or directory)
06-08 16:13:46.985 E/Hyphenator( 1326): 	at libcore.io.Posix.open(Native Method)
06-08 16:13:46.985 E/Hyphenator( 1326): 	at libcore.io.BlockGuardOs.open(BlockGuardOs.java:187)
06-08 16:13:46.985 E/Hyphenator( 1326): 	at libcore.io.IoBridge.open(IoBridge.java:441)
06-08 16:13:46.985 E/Hyphenator( 1326): 	... 6 more
06-08 16:13:46.987 E/Hyphenator( 1326): error loading hyphenation /system/usr/hyphen-data/hyph-hu.hyb
06-08 16:13:46.987 E/Hyphenator( 1326): java.io.FileNotFoundException: /system/usr/hyphen-data/hyph-hu.hyb: open failed: ENOENT (No such file or directory)
06-08 16:13:46.987 E/Hyphenator( 1326): 	at libcore.io.IoBridge.open(IoBridge.java:455)
06-08 16:13:46.987 E/Hyphenator( 1326): 	at java.io.RandomAccessFile.<init>(RandomAccessFile.java:247)
06-08 16:13:46.987 E/Hyphenator( 1326): 	at android.text.Hyphenator.loadHyphenator(Hyphenator.java:118)
06-08 16:13:46.987 E/Hyphenator( 1326): 	at android.text.Hyphenator.init(Hyphenator.java:224)
06-08 16:13:46.987 E/Hyphenator( 1326): 	at com.android.internal.os.ZygoteInit.preloadTextResources(ZygoteInit.java:252)
06-08 16:13:46.987 E/Hyphenator( 1326): 	at com.android.internal.os.ZygoteInit.preload(ZygoteInit.java:206)
06-08 16:13:46.987 E/Hyphenator( 1326): 	at com.android.internal.os.ZygoteInit.main(ZygoteInit.java:743)
06-08 16:13:46.987 E/Hyphenator( 1326): Caused by: android.system.ErrnoException: open failed: ENOENT (No such file or directory)
06-08 16:13:46.987 E/Hyphenator( 1326): 	at libcore.io.Posix.open(Native Method)
06-08 16:13:46.987 E/Hyphenator( 1326): 	at libcore.io.BlockGuardOs.open(BlockGuardOs.java:187)
06-08 16:13:46.987 E/Hyphenator( 1326): 	at libcore.io.IoBridge.open(IoBridge.java:441)
06-08 16:13:46.987 E/Hyphenator( 1326): 	... 6 more
06-08 16:13:46.988 E/Hyphenator( 1326): error loading hyphenation /system/usr/hyphen-data/hyph-hy.hyb
06-08 16:13:46.988 E/Hyphenator( 1326): java.io.FileNotFoundException: /system/usr/hyphen-data/hyph-hy.hyb: open failed: ENOENT (No such file or directory)
06-08 16:13:46.988 E/Hyphenator( 1326): 	at libcore.io.IoBridge.open(IoBridge.java:455)
06-08 16:13:46.988 E/Hyphenator( 1326): 	at java.io.RandomAccessFile.<init>(RandomAccessFile.java:247)
06-08 16:13:46.988 E/Hyphenator( 1326): 	at android.text.Hyphenator.loadHyphenator(Hyphenator.java:118)
06-08 16:13:46.988 E/Hyphenator( 1326): 	at android.text.Hyphenator.init(Hyphenator.java:224)
06-08 16:13:46.988 E/Hyphenator( 1326): 	at com.android.internal.os.ZygoteInit.preloadTextResources(ZygoteInit.java:252)
06-08 16:13:46.988 E/Hyphenator( 1326): 	at com.android.internal.os.ZygoteInit.preload(ZygoteInit.java:206)
06-08 16:13:46.988 E/Hyphenator( 1326): 	at com.android.internal.os.ZygoteInit.main(ZygoteInit.java:743)
06-08 16:13:46.988 E/Hyphenator( 1326): Caused by: android.system.ErrnoException: open failed: ENOENT (No such file or directory)
06-08 16:13:46.988 E/Hyphenator( 1326): 	at libcore.io.Posix.open(Native Method)
06-08 16:13:46.988 E/Hyphenator( 1326): 	at libcore.io.BlockGuardOs.open(BlockGuardOs.java:187)
06-08 16:13:46.988 E/Hyphenator( 1326): 	at libcore.io.IoBridge.open(IoBridge.java:441)
06-08 16:13:46.988 E/Hyphenator( 1326): 	... 6 more
06-08 16:13:47.000 E/Hyphenator( 1326): error loading hyphenation /system/usr/hyphen-data/hyph-kn.hyb
06-08 16:13:47.000 E/Hyphenator( 1326): java.io.FileNotFoundException: /system/usr/hyphen-data/hyph-kn.hyb: open failed: ENOENT (No such file or directory)
06-08 16:13:47.000 E/Hyphenator( 1326): 	at libcore.io.IoBridge.open(IoBridge.java:455)
06-08 16:13:47.000 E/Hyphenator( 1326): 	at java.io.RandomAccessFile.<init>(RandomAccessFile.java:247)
06-08 16:13:47.000 E/Hyphenator( 1326): 	at android.text.Hyphenator.loadHyphenator(Hyphenator.java:118)
06-08 16:13:47.000 E/Hyphenator( 1326): 	at android.text.Hyphenator.init(Hyphenator.java:224)
06-08 16:13:47.000 E/Hyphenator( 1326): 	at com.android.internal.os.ZygoteInit.preloadTextResources(ZygoteInit.java:252)
06-08 16:13:47.000 E/Hyphenator( 1326): 	at com.android.internal.os.ZygoteInit.preload(ZygoteInit.java:206)
06-08 16:13:47.000 E/Hyphenator( 1326): 	at com.android.internal.os.ZygoteInit.main(ZygoteInit.java:743)
06-08 16:13:47.000 E/Hyphenator( 1326): Caused by: android.system.ErrnoException: open failed: ENOENT (No such file or directory)
06-08 16:13:47.000 E/Hyphenator( 1326): 	at libcore.io.Posix.open(Native Method)
06-08 16:13:47.000 E/Hyphenator( 1326): 	at libcore.io.BlockGuardOs.open(BlockGuardOs.java:187)
06-08 16:13:47.000 E/Hyphenator( 1326): 	at libcore.io.IoBridge.open(IoBridge.java:441)
06-08 16:13:47.000 E/Hyphenator( 1326): 	... 6 more
06-08 16:13:47.002 E/Hyphenator( 1326): error loading hyphenation /system/usr/hyphen-data/hyph-ml.hyb
06-08 16:13:47.002 E/Hyphenator( 1326): java.io.FileNotFoundException: /system/usr/hyphen-data/hyph-ml.hyb: open failed: ENOENT (No such file or directory)
06-08 16:13:47.002 E/Hyphenator( 1326): 	at libcore.io.IoBridge.open(IoBridge.java:455)
06-08 16:13:47.002 E/Hyphenator( 1326): 	at java.io.RandomAccessFile.<init>(RandomAccessFile.java:247)
06-08 16:13:47.002 E/Hyphenator( 1326): 	at android.text.Hyphenator.loadHyphenator(Hyphenator.java:118)
06-08 16:13:47.002 E/Hyphenator( 1326): 	at android.text.Hyphenator.init(Hyphenator.java:224)
06-08 16:13:47.002 E/Hyphenator( 1326): 	at com.android.internal.os.ZygoteInit.preloadTextResources(ZygoteInit.java:252)
06-08 16:13:47.002 E/Hyphenator( 1326): 	at com.android.internal.os.ZygoteInit.preload(ZygoteInit.java:206)
06-08 16:13:47.002 E/Hyphenator( 1326): 	at com.android.internal.os.ZygoteInit.main(ZygoteInit.java:743)
06-08 16:13:47.002 E/Hyphenator( 1326): Caused by: android.system.ErrnoException: open failed: ENOENT (No such file or directory)
06-08 16:13:47.002 E/Hyphenator( 1326): 	at libcore.io.Posix.open(Native Method)
06-08 16:13:47.002 E/Hyphenator( 1326): 	at libcore.io.BlockGuardOs.open(BlockGuardOs.java:187)
06-08 16:13:47.002 E/Hyphenator( 1326): 	at libcore.io.IoBridge.open(IoBridge.java:441)
06-08 16:13:47.002 E/Hyphenator( 1326): 	... 6 more
06-08 16:13:47.004 E/Hyphenator( 1326): error loading hyphenation /system/usr/hyphen-data/hyph-mn-cyrl.hyb
06-08 16:13:47.004 E/Hyphenator( 1326): java.io.FileNotFoundException: /system/usr/hyphen-data/hyph-mn-cyrl.hyb: open failed: ENOENT (No such file or directory)
06-08 16:13:47.004 E/Hyphenator( 1326): 	at libcore.io.IoBridge.open(IoBridge.java:455)
06-08 16:13:47.004 E/Hyphenator( 1326): 	at java.io.RandomAccessFile.<init>(RandomAccessFile.java:247)
06-08 16:13:47.004 E/Hyphenator( 1326): 	at android.text.Hyphenator.loadHyphenator(Hyphenator.java:118)
06-08 16:13:47.004 E/Hyphenator( 1326): 	at android.text.Hyphenator.init(Hyphenator.java:224)
06-08 16:13:47.004 E/Hyphenator( 1326): 	at com.android.internal.os.ZygoteInit.preloadTextResources(ZygoteInit.java:252)
06-08 16:13:47.004 E/Hyphenator( 1326): 	at com.android.internal.os.ZygoteInit.preload(ZygoteInit.java:206)
06-08 16:13:47.004 E/Hyphenator( 1326): 	at com.android.internal.os.ZygoteInit.main(ZygoteInit.java:743)
06-08 16:13:47.004 E/Hyphenator( 1326): Caused by: android.system.ErrnoException: open failed: ENOENT (No such file or directory)
06-08 16:13:47.004 E/Hyphenator( 1326): 	at libcore.io.Posix.open(Native Method)
06-08 16:13:47.004 E/Hyphenator( 1326): 	at libcore.io.BlockGuardOs.open(BlockGuardOs.java:187)
06-08 16:13:47.004 E/Hyphenator( 1326): 	at libcore.io.IoBridge.open(IoBridge.java:441)
06-08 16:13:47.004 E/Hyphenator( 1326): 	... 6 more
06-08 16:13:47.005 E/Hyphenator( 1326): error loading hyphenation /system/usr/hyphen-data/hyph-mr.hyb
06-08 16:13:47.005 E/Hyphenator( 1326): java.io.FileNotFoundException: /system/usr/hyphen-data/hyph-mr.hyb: open failed: ENOENT (No such file or directory)
06-08 16:13:47.005 E/Hyphenator( 1326): 	at libcore.io.IoBridge.open(IoBridge.java:455)
06-08 16:13:47.005 E/Hyphenator( 1326): 	at java.io.RandomAccessFile.<init>(RandomAccessFile.java:247)
06-08 16:13:47.005 E/Hyphenator( 1326): 	at android.text.Hyphenator.loadHyphenator(Hyphenator.java:118)
06-08 16:13:47.005 E/Hyphenator( 1326): 	at android.text.Hyphenator.init(Hyphenator.java:224)
06-08 16:13:47.005 E/Hyphenator( 1326): 	at com.android.internal.os.ZygoteInit.preloadTextResources(ZygoteInit.java:252)
06-08 16:13:47.005 E/Hyphenator( 1326): 	at com.android.internal.os.ZygoteInit.preload(ZygoteInit.java:206)
06-08 16:13:47.005 E/Hyphenator( 1326): 	at com.android.internal.os.ZygoteInit.main(ZygoteInit.java:743)
06-08 16:13:47.005 E/Hyphenator( 1326): Caused by: android.system.ErrnoException: open failed: ENOENT (No such file or directory)
06-08 16:13:47.005 E/Hyphenator( 1326): 	at libcore.io.Posix.open(Native Method)
06-08 16:13:47.005 E/Hyphenator( 1326): 	at libcore.io.BlockGuardOs.open(BlockGuardOs.java:187)
06-08 16:13:47.005 E/Hyphenator( 1326): 	at libcore.io.IoBridge.open(IoBridge.java:441)
06-08 16:13:47.005 E/Hyphenator( 1326): 	... 6 more
06-08 16:13:47.007 E/Hyphenator( 1326): error loading hyphenation /system/usr/hyphen-data/hyph-nb.hyb
06-08 16:13:47.007 E/Hyphenator( 1326): java.io.FileNotFoundException: /system/usr/hyphen-data/hyph-nb.hyb: open failed: ENOENT (No such file or directory)
06-08 16:13:47.007 E/Hyphenator( 1326): 	at libcore.io.IoBridge.open(IoBridge.java:455)
06-08 16:13:47.007 E/Hyphenator( 1326): 	at java.io.RandomAccessFile.<init>(RandomAccessFile.java:247)
06-08 16:13:47.007 E/Hyphenator( 1326): 	at android.text.Hyphenator.loadHyphenator(Hyphenator.java:118)
06-08 16:13:47.007 E/Hyphenator( 1326): 	at android.text.Hyphenator.init(Hyphenator.java:224)
06-08 16:13:47.007 E/Hyphenator( 1326): 	at com.android.internal.os.ZygoteInit.preloadTextResources(ZygoteInit.java:252)
06-08 16:13:47.007 E/Hyphenator( 1326): 	at com.android.internal.os.ZygoteInit.preload(ZygoteInit.java:206)
06-08 16:13:47.007 E/Hyphenator( 1326): 	at com.android.internal.os.ZygoteInit.main(ZygoteInit.java:743)
06-08 16:13:47.007 E/Hyphenator( 1326): Caused by: android.system.ErrnoException: open failed: ENOENT (No such file or directory)
06-08 16:13:47.007 E/Hyphenator( 1326): 	at libcore.io.Posix.open(Native Method)
06-08 16:13:47.007 E/Hyphenator( 1326): 	at libcore.io.BlockGuardOs.open(BlockGuardOs.java:187)
06-08 16:13:47.007 E/Hyphenator( 1326): 	at libcore.io.IoBridge.open(IoBridge.java:441)
06-08 16:13:47.007 E/Hyphenator( 1326): 	... 6 more
06-08 16:13:47.008 E/Hyphenator( 1326): error loading hyphenation /system/usr/hyphen-data/hyph-nn.hyb
06-08 16:13:47.008 E/Hyphenator( 1326): java.io.FileNotFoundException: /system/usr/hyphen-data/hyph-nn.hyb: open failed: ENOENT (No such file or directory)
06-08 16:13:47.008 E/Hyphenator( 1326): 	at libcore.io.IoBridge.open(IoBridge.java:455)
06-08 16:13:47.008 E/Hyphenator( 1326): 	at java.io.RandomAccessFile.<init>(RandomAccessFile.java:247)
06-08 16:13:47.008 E/Hyphenator( 1326): 	at android.text.Hyphenator.loadHyphenator(Hyphenator.java:118)
06-08 16:13:47.008 E/Hyphenator( 1326): 	at android.text.Hyphenator.init(Hyphenator.java:224)
06-08 16:13:47.008 E/Hyphenator( 1326): 	at com.android.internal.os.ZygoteInit.preloadTextResources(ZygoteInit.java:252)
06-08 16:13:47.008 E/Hyphenator( 1326): 	at com.android.internal.os.ZygoteInit.preload(ZygoteInit.java:206)
06-08 16:13:47.008 E/Hyphenator( 1326): 	at com.android.internal.os.ZygoteInit.main(ZygoteInit.java:743)
06-08 16:13:47.008 E/Hyphenator( 1326): Caused by: android.system.ErrnoException: open failed: ENOENT (No such file or directory)
06-08 16:13:47.008 E/Hyphenator( 1326): 	at libcore.io.Posix.open(Native Method)
06-08 16:13:47.008 E/Hyphenator( 1326): 	at libcore.io.BlockGuardOs.open(BlockGuardOs.java:187)
06-08 16:13:47.008 E/Hyphenator( 1326): 	at libcore.io.IoBridge.open(IoBridge.java:441)
06-08 16:13:47.008 E/Hyphenator( 1326): 	... 6 more
06-08 16:13:47.090 E/Hyphenator( 1326): error loading hyphenation /system/usr/hyphen-data/hyph-or.hyb
06-08 16:13:47.090 E/Hyphenator( 1326): java.io.FileNotFoundException: /system/usr/hyphen-data/hyph-or.hyb: open failed: ENOENT (No such file or directory)
06-08 16:13:47.090 E/Hyphenator( 1326): 	at libcore.io.IoBridge.open(IoBridge.java:455)
06-08 16:13:47.090 E/Hyphenator( 1326): 	at java.io.RandomAccessFile.<init>(RandomAccessFile.java:247)
06-08 16:13:47.090 E/Hyphenator( 1326): 	at android.text.Hyphenator.loadHyphenator(Hyphenator.java:118)
06-08 16:13:47.090 E/Hyphenator( 1326): 	at android.text.Hyphenator.init(Hyphenator.java:224)
06-08 16:13:47.090 E/Hyphenator( 1326): 	at com.android.internal.os.ZygoteInit.preloadTextResources(ZygoteInit.java:252)
06-08 16:13:47.090 E/Hyphenator( 1326): 	at com.android.internal.os.ZygoteInit.preload(ZygoteInit.java:206)
06-08 16:13:47.090 E/Hyphenator( 1326): 	at com.android.internal.os.ZygoteInit.main(ZygoteInit.java:743)
06-08 16:13:47.090 E/Hyphenator( 1326): Caused by: android.system.ErrnoException: open failed: ENOENT (No such file or directory)
06-08 16:13:47.090 E/Hyphenator( 1326): 	at libcore.io.Posix.open(Native Method)
06-08 16:13:47.090 E/Hyphenator( 1326): 	at libcore.io.BlockGuardOs.open(BlockGuardOs.java:187)
06-08 16:13:47.090 E/Hyphenator( 1326): 	at libcore.io.IoBridge.open(IoBridge.java:441)
06-08 16:13:47.090 E/Hyphenator( 1326): 	... 6 more
06-08 16:13:47.092 E/Hyphenator( 1326): error loading hyphenation /system/usr/hyphen-data/hyph-pa.hyb
06-08 16:13:47.092 E/Hyphenator( 1326): java.io.FileNotFoundException: /system/usr/hyphen-data/hyph-pa.hyb: open failed: ENOENT (No such file or directory)
06-08 16:13:47.092 E/Hyphenator( 1326): 	at libcore.io.IoBridge.open(IoBridge.java:455)
06-08 16:13:47.092 E/Hyphenator( 1326): 	at java.io.RandomAccessFile.<init>(RandomAccessFile.java:247)
06-08 16:13:47.092 E/Hyphenator( 1326): 	at android.text.Hyphenator.loadHyphenator(Hyphenator.java:118)
06-08 16:13:47.092 E/Hyphenator( 1326): 	at android.text.Hyphenator.init(Hyphenator.java:224)
06-08 16:13:47.092 E/Hyphenator( 1326): 	at com.android.internal.os.ZygoteInit.preloadTextResources(ZygoteInit.java:252)
06-08 16:13:47.092 E/Hyphenator( 1326): 	at com.android.internal.os.ZygoteInit.preload(ZygoteInit.java:206)
06-08 16:13:47.092 E/Hyphenator( 1326): 	at com.android.internal.os.ZygoteInit.main(ZygoteInit.java:743)
06-08 16:13:47.092 E/Hyphenator( 1326): Caused by: android.system.ErrnoException: open failed: ENOENT (No such file or directory)
06-08 16:13:47.092 E/Hyphenator( 1326): 	at libcore.io.Posix.open(Native Method)
06-08 16:13:47.092 E/Hyphenator( 1326): 	at libcore.io.BlockGuardOs.open(BlockGuardOs.java:187)
06-08 16:13:47.092 E/Hyphenator( 1326): 	at libcore.io.IoBridge.open(IoBridge.java:441)
06-08 16:13:47.092 E/Hyphenator( 1326): 	... 6 more
06-08 16:13:47.094 E/Hyphenator( 1326): error loading hyphenation /system/usr/hyphen-data/hyph-pt.hyb
06-08 16:13:47.094 E/Hyphenator( 1326): java.io.FileNotFoundException: /system/usr/hyphen-data/hyph-pt.hyb: open failed: ENOENT (No such file or directory)
06-08 16:13:47.094 E/Hyphenator( 1326): 	at libcore.io.IoBridge.open(IoBridge.java:455)
06-08 16:13:47.094 E/Hyphenator( 1326): 	at java.io.RandomAccessFile.<init>(RandomAccessFile.java:247)
06-08 16:13:47.094 E/Hyphenator( 1326): 	at android.text.Hyphenator.loadHyphenator(Hyphenator.java:118)
06-08 16:13:47.094 E/Hyphenator( 1326): 	at android.text.Hyphenator.init(Hyphenator.java:224)
06-08 16:13:47.094 E/Hyphenator( 1326): 	at com.android.internal.os.ZygoteInit.preloadTextResources(ZygoteInit.java:252)
06-08 16:13:47.094 E/Hyphenator( 1326): 	at com.android.internal.os.ZygoteInit.preload(ZygoteInit.java:206)
06-08 16:13:47.094 E/Hyphenator( 1326): 	at com.android.internal.os.ZygoteInit.main(ZygoteInit.java:743)
06-08 16:13:47.094 E/Hyphenator( 1326): Caused by: android.system.ErrnoException: open failed: ENOENT (No such file or directory)
06-08 16:13:47.094 E/Hyphenator( 1326): 	at libcore.io.Posix.open(Native Method)
06-08 16:13:47.094 E/Hyphenator( 1326): 	at libcore.io.BlockGuardOs.open(BlockGuardOs.java:187)
06-08 16:13:47.094 E/Hyphenator( 1326): 	at libcore.io.IoBridge.open(IoBridge.java:441)
06-08 16:13:47.094 E/Hyphenator( 1326): 	... 6 more
06-08 16:13:47.095 E/Hyphenator( 1326): error loading hyphenation /system/usr/hyphen-data/hyph-sl.hyb
06-08 16:13:47.095 E/Hyphenator( 1326): java.io.FileNotFoundException: /system/usr/hyphen-data/hyph-sl.hyb: open failed: ENOENT (No such file or directory)
06-08 16:13:47.095 E/Hyphenator( 1326): 	at libcore.io.IoBridge.open(IoBridge.java:455)
06-08 16:13:47.095 E/Hyphenator( 1326): 	at java.io.RandomAccessFile.<init>(RandomAccessFile.java:247)
06-08 16:13:47.095 E/Hyphenator( 1326): 	at android.text.Hyphenator.loadHyphenator(Hyphenator.java:118)
06-08 16:13:47.095 E/Hyphenator( 1326): 	at android.text.Hyphenator.init(Hyphenator.java:224)
06-08 16:13:47.095 E/Hyphenator( 1326): 	at com.android.internal.os.ZygoteInit.preloadTextResources(ZygoteInit.java:252)
06-08 16:13:47.095 E/Hyphenator( 1326): 	at com.android.internal.os.ZygoteInit.preload(ZygoteInit.java:206)
06-08 16:13:47.095 E/Hyphenator( 1326): 	at com.android.internal.os.ZygoteInit.main(ZygoteInit.java:743)
06-08 16:13:47.095 E/Hyphenator( 1326): Caused by: android.system.ErrnoException: open failed: ENOENT (No such file or directory)
06-08 16:13:47.095 E/Hyphenator( 1326): 	at libcore.io.Posix.open(Native Method)
06-08 16:13:47.095 E/Hyphenator( 1326): 	at libcore.io.BlockGuardOs.open(BlockGuardOs.java:187)
06-08 16:13:47.095 E/Hyphenator( 1326): 	at libcore.io.IoBridge.open(IoBridge.java:441)
06-08 16:13:47.095 E/Hyphenator( 1326): 	... 6 more
06-08 16:13:47.097 E/Hyphenator( 1326): error loading hyphenation /system/usr/hyphen-data/hyph-ta.hyb
06-08 16:13:47.097 E/Hyphenator( 1326): java.io.FileNotFoundException: /system/usr/hyphen-data/hyph-ta.hyb: open failed: ENOENT (No such file or directory)
06-08 16:13:47.097 E/Hyphenator( 1326): 	at libcore.io.IoBridge.open(IoBridge.java:455)
06-08 16:13:47.097 E/Hyphenator( 1326): 	at java.io.RandomAccessFile.<init>(RandomAccessFile.java:247)
06-08 16:13:47.097 E/Hyphenator( 1326): 	at android.text.Hyphenator.loadHyphenator(Hyphenator.java:118)
06-08 16:13:47.097 E/Hyphenator( 1326): 	at android.text.Hyphenator.init(Hyphenator.java:224)
06-08 16:13:47.097 E/Hyphenator( 1326): 	at com.android.internal.os.ZygoteInit.preloadTextResources(ZygoteInit.java:252)
06-08 16:13:47.097 E/Hyphenator( 1326): 	at com.android.internal.os.ZygoteInit.preload(ZygoteInit.java:206)
06-08 16:13:47.097 E/Hyphenator( 1326): 	at com.android.internal.os.ZygoteInit.main(ZygoteInit.java:743)
06-08 16:13:47.097 E/Hyphenator( 1326): Caused by: android.system.ErrnoException: open failed: ENOENT (No such file or directory)
06-08 16:13:47.097 E/Hyphenator( 1326): 	at libcore.io.Posix.open(Native Method)
06-08 16:13:47.097 E/Hyphenator( 1326): 	at libcore.io.BlockGuardOs.open(BlockGuardOs.java:187)
06-08 16:13:47.097 E/Hyphenator( 1326): 	at libcore.io.IoBridge.open(IoBridge.java:441)
06-08 16:13:47.097 E/Hyphenator( 1326): 	... 6 more
06-08 16:13:47.098 E/Hyphenator( 1326): error loading hyphenation /system/usr/hyphen-data/hyph-te.hyb
06-08 16:13:47.098 E/Hyphenator( 1326): java.io.FileNotFoundException: /system/usr/hyphen-data/hyph-te.hyb: open failed: ENOENT (No such file or directory)
06-08 16:13:47.098 E/Hyphenator( 1326): 	at libcore.io.IoBridge.open(IoBridge.java:455)
06-08 16:13:47.098 E/Hyphenator( 1326): 	at java.io.RandomAccessFile.<init>(RandomAccessFile.java:247)
06-08 16:13:47.098 E/Hyphenator( 1326): 	at android.text.Hyphenator.loadHyphenator(Hyphenator.java:118)
06-08 16:13:47.098 E/Hyphenator( 1326): 	at android.text.Hyphenator.init(Hyphenator.java:224)
06-08 16:13:47.098 E/Hyphenator( 1326): 	at com.android.internal.os.ZygoteInit.preloadTextResources(ZygoteInit.java:252)
06-08 16:13:47.098 E/Hyphenator( 1326): 	at com.android.internal.os.ZygoteInit.preload(ZygoteInit.java:206)
06-08 16:13:47.098 E/Hyphenator( 1326): 	at com.android.internal.os.ZygoteInit.main(ZygoteInit.java:743)
06-08 16:13:47.098 E/Hyphenator( 1326): Caused by: android.system.ErrnoException: open failed: ENOENT (No such file or directory)
06-08 16:13:47.098 E/Hyphenator( 1326): 	at libcore.io.Posix.open(Native Method)
06-08 16:13:47.098 E/Hyphenator( 1326): 	at libcore.io.BlockGuardOs.open(BlockGuardOs.java:187)
06-08 16:13:47.098 E/Hyphenator( 1326): 	at libcore.io.IoBridge.open(IoBridge.java:441)
06-08 16:13:47.098 E/Hyphenator( 1326): 	... 6 more
06-08 16:13:47.126 I/Zygote  ( 1325): Warmed up JCA providers in 546ms.
06-08 16:13:47.126 D/Zygote  ( 1325): end preload
06-08 16:13:47.127 I/art     ( 1325): Starting a blocking GC Explicit
06-08 16:13:47.151 E/Hyphenator( 1326): error loading hyphenation /system/usr/hyphen-data/hyph-tk.hyb
06-08 16:13:47.151 E/Hyphenator( 1326): java.io.FileNotFoundException: /system/usr/hyphen-data/hyph-tk.hyb: open failed: ENOENT (No such file or directory)
06-08 16:13:47.151 E/Hyphenator( 1326): 	at libcore.io.IoBridge.open(IoBridge.java:455)
06-08 16:13:47.151 E/Hyphenator( 1326): 	at java.io.RandomAccessFile.<init>(RandomAccessFile.java:247)
06-08 16:13:47.151 E/Hyphenator( 1326): 	at android.text.Hyphenator.loadHyphenator(Hyphenator.java:118)
06-08 16:13:47.151 E/Hyphenator( 1326): 	at android.text.Hyphenator.init(Hyphenator.java:224)
06-08 16:13:47.151 E/Hyphenator( 1326): 	at com.android.internal.os.ZygoteInit.preloadTextResources(ZygoteInit.java:252)
06-08 16:13:47.151 E/Hyphenator( 1326): 	at com.android.internal.os.ZygoteInit.preload(ZygoteInit.java:206)
06-08 16:13:47.151 E/Hyphenator( 1326): 	at com.android.internal.os.ZygoteInit.main(ZygoteInit.java:743)
06-08 16:13:47.151 E/Hyphenator( 1326): Caused by: android.system.ErrnoException: open failed: ENOENT (No such file or directory)
06-08 16:13:47.151 E/Hyphenator( 1326): 	at libcore.io.Posix.open(Native Method)
06-08 16:13:47.151 E/Hyphenator( 1326): 	at libcore.io.BlockGuardOs.open(BlockGuardOs.java:187)
06-08 16:13:47.151 E/Hyphenator( 1326): 	at libcore.io.IoBridge.open(IoBridge.java:441)
06-08 16:13:47.151 E/Hyphenator( 1326): 	... 6 more
06-08 16:13:47.153 E/Hyphenator( 1326): error loading hyphenation /system/usr/hyphen-data/hyph-und-ethi.hyb
06-08 16:13:47.153 E/Hyphenator( 1326): java.io.FileNotFoundException: /system/usr/hyphen-data/hyph-und-ethi.hyb: open failed: ENOENT (No such file or directory)
06-08 16:13:47.153 E/Hyphenator( 1326): 	at libcore.io.IoBridge.open(IoBridge.java:455)
06-08 16:13:47.153 E/Hyphenator( 1326): 	at java.io.RandomAccessFile.<init>(RandomAccessFile.java:247)
06-08 16:13:47.153 E/Hyphenator( 1326): 	at android.text.Hyphenator.loadHyphenator(Hyphenator.java:118)
06-08 16:13:47.153 E/Hyphenator( 1326): 	at android.text.Hyphenator.init(Hyphenator.java:224)
06-08 16:13:47.153 E/Hyphenator( 1326): 	at com.android.internal.os.ZygoteInit.preloadTextResources(ZygoteInit.java:252)
06-08 16:13:47.153 E/Hyphenator( 1326): 	at com.android.internal.os.ZygoteInit.preload(ZygoteInit.java:206)
06-08 16:13:47.153 E/Hyphenator( 1326): 	at com.android.internal.os.ZygoteInit.main(ZygoteInit.java:743)
06-08 16:13:47.153 E/Hyphenator( 1326): Caused by: android.system.ErrnoException: open failed: ENOENT (No such file or directory)
06-08 16:13:47.153 E/Hyphenator( 1326): 	at libcore.io.Posix.open(Native Method)
06-08 16:13:47.153 E/Hyphenator( 1326): 	at libcore.io.BlockGuardOs.open(BlockGuardOs.java:187)
06-08 16:13:47.153 E/Hyphenator( 1326): 	at libcore.io.IoBridge.open(IoBridge.java:441)
06-08 16:13:47.153 E/Hyphenator( 1326): 	... 6 more
06-08 16:13:47.338 I/art     ( 1325): Explicit concurrent mark sweep GC freed 15296(1174KB) AllocSpace objects, 1(16KB) LOS objects, 39% free, 6MB/10MB, paused 261us total 164.864ms
06-08 16:13:47.475 I/art     ( 1325): Starting a blocking GC Explicit
06-08 16:13:47.942 I/art     ( 1325): Explicit concurrent mark sweep GC freed 1234(47KB) AllocSpace objects, 2(116KB) LOS objects, 39% free, 6MB/10MB, paused 1.325ms total 380.635ms
06-08 16:13:47.958 I/art     ( 1325): Starting a blocking GC HeapTrim
06-08 16:13:48.075 I/Zygote  ( 1326): Uninstalled ICU cache reference pinning...
06-08 16:13:48.162 I/art     ( 1325): Starting a blocking GC Background
06-08 16:13:48.231 I/Zygote  ( 1326): Installed AndroidKeyStoreProvider in 154ms.
06-08 16:13:48.754 I/Zygote  ( 1325): System server process 1748 has been created
06-08 16:13:48.863 I/Zygote  ( 1325): Accepting command socket connections
06-08 16:13:49.206 I/Zygote  ( 1326): Warmed up JCA providers in 975ms.
06-08 16:13:49.206 D/Zygote  ( 1326): end preload
06-08 16:13:49.209 I/art     ( 1326): Starting a blocking GC Explicit
06-08 16:13:49.413 I/art     ( 1326): Explicit concurrent mark sweep GC freed 16082(1204KB) AllocSpace objects, 2(48KB) LOS objects, 39% free, 6MB/10MB, paused 2.066ms total 149.045ms
06-08 16:13:49.430 I/art     ( 1326): Starting a blocking GC Explicit
06-08 16:13:49.521 I/art     ( 1326): Explicit concurrent mark sweep GC freed 1042(38KB) AllocSpace objects, 2(116KB) LOS objects, 39% free, 6MB/10MB, paused 339us total 74.663ms
06-08 16:13:49.524 I/Zygote  ( 1326): Accepting command socket connections
06-08 16:13:49.603 I/Zygote  ( 1748): Process: zygote socket opened, supported ABIS: x86
06-08 16:13:49.608 I/InstallerConnection( 1748): connecting...
06-08 16:13:49.615 I/        ( 1330): new connection
06-08 16:13:50.031 I/InstallerConnection( 1748): disconnecting...
06-08 16:13:50.050 E/        ( 1330): eof
06-08 16:13:50.050 E/        ( 1330): failed to read size
06-08 16:13:50.050 I/        ( 1330): closing connection
06-08 16:13:51.100 I/SystemServer( 1748): Entered the Android system server!
06-08 16:13:53.278 I/SystemServiceManager( 1748): Starting com.android.server.pm.Installer
06-08 16:13:53.370 I/Installer( 1748): Waiting for installd to be ready.
06-08 16:13:53.370 I/InstallerConnection( 1748): connecting...
06-08 16:13:53.372 I/        ( 1330): new connection
06-08 16:13:53.373 I/SystemServiceManager( 1748): Starting com.android.server.am.ActivityManagerService$Lifecycle
06-08 16:13:53.772 I/ActivityManager( 1748): Memory class: 256
06-08 16:13:53.811 I/ServiceThread( 1748): Enabled StrictMode logging for ActivityManager looper.
06-08 16:13:53.911 I/ServiceThread( 1748): Enabled StrictMode logging for android.ui looper.
06-08 16:13:54.276 D/BatteryStatsImpl( 1748): Reading daily items from /data/system/batterystats-daily.xml
06-08 16:13:55.967 W/ProcessCpuTracker( 1748): Skipping unknown process pid 1794
06-08 16:13:55.968 W/ProcessCpuTracker( 1748): Skipping unknown process pid 1796
06-08 16:13:56.134 I/IntentFirewall( 1748): Read new rules (A:0 B:0 S:0)
06-08 16:13:56.262 I/ServiceThread( 1748): Enabled StrictMode logging for android.display looper.
06-08 16:13:56.973 D/AppOps  ( 1748): AppOpsService published
06-08 16:13:56.975 I/SystemServiceManager( 1748): Starting com.android.server.power.PowerManagerService
06-08 16:13:57.102 I/ServiceThread( 1748): Enabled StrictMode logging for PowerManagerService looper.
06-08 16:13:57.105 E/PowerManagerService-JNI( 1748): Couldn't load power module (No such file or directory)
06-08 16:13:57.106 W/libsuspend( 1748): Error writing 'on' to /sys/power/state: Invalid argument
06-08 16:13:57.107 I/libsuspend( 1748): Selected wakeup count
06-08 16:13:57.212 I/SystemServiceManager( 1748): Starting com.android.server.lights.LightsService
06-08 16:13:57.276 I/SystemServiceManager( 1748): Starting com.android.server.display.DisplayManagerService
06-08 16:13:57.369 I/SystemServiceManager( 1748): Starting phase 100
06-08 16:13:57.374 E/SurfaceFlinger( 1321): ro.sf.lcd_density must be defined as a build property
06-08 16:13:57.426 I/DisplayManagerService( 1748): Display device added: DisplayDeviceInfo{"Built-in Screen": uniqueId="local:0", 1080 x 1920, modeId 1, defaultModeId 1, supportedModes [{id=1, width=1080, height=1920, fps=60.000004}], colorMode 0, supportedColorModes [0], HdrCapabilities android.view.Display$HdrCapabilities@a69d6308, density 480, 480.0 x 480.0 dpi, appVsyncOff 1000000, presDeadline 16666666, touch INTERNAL, rotation 0, type BUILT_IN, state UNKNOWN, FLAG_DEFAULT_DISPLAY, FLAG_ROTATES_WITH_CONTENT, FLAG_SECURE, FLAG_SUPPORTS_PROTECTED_BUFFERS}
06-08 16:13:57.450 D/SurfaceFlinger( 1321): Set power mode=2, type=0 flinger=0x7d2564647000
06-08 16:13:57.451 D/SurfaceFlinger( 1321): Screen type=0 is already mode=2
06-08 16:13:57.464 I/DisplayManagerService( 1748): Display device changed state: "Built-in Screen", ON
06-08 16:13:57.467 I/SystemServer( 1748): StartPackageManagerService
06-08 16:13:57.652 V/NatController( 1337): runCmd(/system/bin/iptables -w -F natctrl_FORWARD) res=0
06-08 16:13:57.821 V/NatController( 1337): runCmd(/system/bin/ip6tables -w -F natctrl_FORWARD) res=0
06-08 16:13:58.268 W/SystemConfig( 1748): No directory /system/etc/sysconfig, skipping
06-08 16:13:58.786 V/NatController( 1337): runCmd(/system/bin/iptables -w -A natctrl_FORWARD -j DROP) res=0
06-08 16:13:58.981 D/SELinuxMMAC( 1748): Using policy file /system/etc/security/mac_permissions.xml
06-08 16:13:59.260 V/NatController( 1337): runCmd(/system/bin/iptables -w -t nat -F natctrl_nat_POSTROUTING) res=0
06-08 16:13:59.681 V/NatController( 1337): runCmd(/system/bin/ip6tables -w -t raw -F natctrl_raw_PREROUTING) res=0
06-08 16:13:59.991 V/NatController( 1337): runCmd(/system/bin/iptables -w -F natctrl_tether_counters) res=1
06-08 16:14:00.220 V/NatController( 1337): runCmd(/system/bin/ip6tables -w -F natctrl_tether_counters) res=1
06-08 16:14:00.461 V/NatController( 1337): runCmd(/system/bin/iptables -w -X natctrl_tether_counters) res=1
06-08 16:14:00.831 V/NatController( 1337): runCmd(/system/bin/ip6tables -w -X natctrl_tether_counters) res=1
06-08 16:14:00.870 E/art     ( 1748): DexFile_getDexOptNeeded file '/system/framework/org.apache.http.legacy.jar' does not exist
06-08 16:14:00.873 W/PackageManager( 1748): Library not found: /system/framework/org.apache.http.legacy.jar
06-08 16:14:01.186 E/art     ( 1748): DexFile_getDexOptNeeded file '/system/framework/org.apache.http.legacy.jar' does not exist
06-08 16:14:01.187 W/PackageManager( 1748): Library not found: /system/framework/org.apache.http.legacy.jar
06-08 16:14:01.281 D/PackageManager( 1748): No files in app dir /vendor/overlay
06-08 16:14:01.541 V/NatController( 1337): runCmd(/system/bin/iptables -w -N natctrl_tether_counters) res=0
06-08 16:14:01.951 V/NatController( 1337): runCmd(/system/bin/ip6tables -w -N natctrl_tether_counters) res=0
06-08 16:14:02.221 V/NatController( 1337): runCmd(/system/bin/iptables -w -t mangle -A natctrl_mangle_FORWARD -p tcp --tcp-flags SYN SYN -j TCPMSS --clamp-mss-to-pmtu) res=0
06-08 16:14:02.355 W/PackageManager( 1748): Failed to parse /system/framework/oat: Missing base APK in /system/framework/oat
06-08 16:14:02.370 W/PackageManager( 1748): Failed to parse /system/framework/x86: Missing base APK in /system/framework/x86
06-08 16:14:02.372 W/PackageManager( 1748): Failed to parse /system/framework/x86_64: Missing base APK in /system/framework/x86_64
06-08 16:14:03.785 W/PackageParser( 1748): No actions in intent filter at /system/priv-app/Contacts/Contacts.apk Binary XML file line #409
06-08 16:14:04.697 W/PackageParser( 1748): No actions in intent filter at /system/priv-app/Dialer/Dialer.apk Binary XML file line #186
06-08 16:14:05.232 W/PackageManager( 1748): Permission android.permission.DOWNLOAD_WITHOUT_NOTIFICATION from package com.android.providers.downloads in an unknown group android.permission-group.NETWORK
06-08 16:14:06.519 E/Netd    ( 1337): cannot find interface dummy0
06-08 16:14:06.596 D/MDnsDS  ( 1337): MDnsSdListener::Hander starting up
06-08 16:14:06.654 D/MDnsDS  ( 1337): MDnsSdListener starting to monitor
06-08 16:14:06.654 D/MDnsDS  ( 1337): Going to poll with pollCount 1
06-08 16:14:08.272 W/PackageParser( 1748): Ignoring duplicate uses-permissions/uses-permissions-sdk-m: android.permission.USE_CREDENTIALS in package: com.android.settings at: Binary XML file line #53
06-08 16:14:08.273 W/PackageParser( 1748): Ignoring duplicate uses-permissions/uses-permissions-sdk-m: android.permission.READ_SYNC_SETTINGS in package: com.android.settings at: Binary XML file line #58
06-08 16:14:08.273 W/PackageParser( 1748): Ignoring duplicate uses-permissions/uses-permissions-sdk-m: android.permission.WRITE_SYNC_SETTINGS in package: com.android.settings at: Binary XML file line #59
06-08 16:14:09.478 W/PackageParser( 1748): Ignoring duplicate uses-permissions/uses-permissions-sdk-m: android.permission.INSTALL_GRANT_RUNTIME_PERMISSIONS in package: com.android.shell at: Binary XML file line #102
06-08 16:14:10.398 W/PackageParser( 1748): Ignoring duplicate uses-permissions/uses-permissions-sdk-m: android.permission.CONFIGURE_WIFI_DISPLAY in package: com.android.systemui at: Binary XML file line #123
06-08 16:14:11.628 I/art     ( 1748): Background sticky concurrent mark sweep GC freed 33426(2MB) AllocSpace objects, 20(416KB) LOS objects, 31% free, 6MB/10MB, paused 2.466ms total 295.912ms
06-08 16:14:12.472 W/PackageManager( 1748): Non-privileged app; cap priority to 0; package: com.android.calendar activity: com.android.calendar.GoogleCalendarUriIntentFilter origPrio: 50
06-08 16:14:12.687 W/PackageManager( 1748): Non-privileged app; cap priority to 0; package: com.android.cts.ctsshim activity: com.android.cts.ctsshim.InstallPriority origPrio: 100
06-08 16:14:12.687 W/PackageManager( 1748): Non-privileged app; cap priority to 0; package: com.android.cts.ctsshim activity: com.android.cts.ctsshim.InstallPriority origPrio: 100
06-08 16:14:12.687 W/PackageManager( 1748): Non-privileged app; cap priority to 0; package: com.android.cts.ctsshim activity: com.android.cts.ctsshim.InstallPriority origPrio: 100
06-08 16:14:12.687 W/PackageManager( 1748): Non-privileged app; cap priority to 0; package: com.android.cts.ctsshim activity: com.android.cts.ctsshim.InstallPriority origPrio: 100
06-08 16:14:12.687 W/PackageManager( 1748): Non-privileged app; cap priority to 0; package: com.android.cts.ctsshim activity: com.android.cts.ctsshim.InstallPriority origPrio: 100
06-08 16:14:13.922 W/PackageParser( 1748): Ignoring duplicate uses-permissions/uses-permissions-sdk-m: android.permission.WRITE_CONTACTS in package: com.android.email at: Binary XML file line #40
06-08 16:14:14.798 W/PackageParser( 1748): Unknown element under <application>: permission at /system/app/Gallery2/Gallery2.apk Binary XML file line #238
06-08 16:14:14.798 W/PackageParser( 1748): Unknown element under <application>: permission at /system/app/Gallery2/Gallery2.apk Binary XML file line #241
06-08 16:14:16.129 W/PackageManager( 1748): Permission com.android.launcher3.permission.READ_SETTINGS from package com.android.launcher3 in an unknown group android.permission-group.SYSTEM_TOOLS
06-08 16:14:16.174 W/PackageManager( 1748): Permission com.android.launcher3.permission.WRITE_SETTINGS from package com.android.launcher3 in an unknown group android.permission-group.SYSTEM_TOOLS
06-08 16:14:16.174 W/PackageManager( 1748): Permission com.android.launcher.permission.INSTALL_SHORTCUT from package com.android.launcher3 in an unknown group android.permission-group.SYSTEM_TOOLS
06-08 16:14:18.965 D/PackageManager( 1748): No files in app dir /system/vendor/app
06-08 16:14:18.967 D/PackageManager( 1748): No files in app dir /oem/app
06-08 16:14:19.971 W/PackageParser( 1748): No actions in intent filter at /data/app/ApiDemos/ApiDemos.apk Binary XML file line #3145
06-08 16:14:19.972 W/PackageParser( 1748): No actions in intent filter at /data/app/ApiDemos/ApiDemos.apk Binary XML file line #3151
06-08 16:14:19.993 W/PackageManager( 1748): Package com.example.android.apis desires unavailable shared library com.example.will.never.exist; ignoring!
06-08 16:14:20.022 I/SELinux ( 1748): SELinux: Loaded file_contexts contexts from /file_contexts.bin.
06-08 16:14:20.632 D/PackageManager( 1748): No files in app dir /data/app-private
06-08 16:14:20.640 D/PackageManager( 1748): No files in app dir /data/app-ephemeral
06-08 16:14:20.648 E/PackageManager( 1748): There should probably be exactly one setup wizard; found 0: matches=[]
06-08 16:14:20.649 W/PackageManager( 1748): Protected action; cap priority to 0; package: com.android.cts.priv.ctsshim activity: com.android.cts.priv.ctsshim.InstallPriority origPrio: 100
06-08 16:14:20.649 W/PackageManager( 1748): Protected action; cap priority to 0; package: com.android.cts.priv.ctsshim activity: com.android.cts.priv.ctsshim.InstallPriority origPrio: 100
06-08 16:14:20.649 W/PackageManager( 1748): Protected action; cap priority to 0; package: com.android.cts.priv.ctsshim activity: com.android.cts.priv.ctsshim.InstallPriority origPrio: 100
06-08 16:14:20.649 W/PackageManager( 1748): Protected action; cap priority to 0; package: com.android.cts.priv.ctsshim activity: com.android.cts.priv.ctsshim.InstallPriority origPrio: 100
06-08 16:14:20.649 W/PackageManager( 1748): Protected action; cap priority to 0; package: com.android.packageinstaller activity: com.android.packageinstaller.PackageInstallerActivity origPrio: 1
06-08 16:14:20.661 W/PackageManager( 1748): Package com.android.camera desires unavailable shared library com.google.android.media.effects; ignoring!
06-08 16:14:20.661 W/PackageManager( 1748): Package com.android.gallery3d desires unavailable shared library com.google.android.media.effects; ignoring!
06-08 16:14:20.661 W/PackageManager( 1748): Package com.android.gallery3d desires unavailable shared library com.google.android.media.effects; ignoring!
06-08 16:14:20.661 W/PackageManager( 1748): Package com.example.android.apis desires unavailable shared library com.example.will.never.exist; ignoring!
06-08 16:14:20.662 I/PackageManager( 1748): Adjusting ABI for com.android.providers.downloads to x86_64 (requirer=com.android.mtp, scannedPackage=null)
06-08 16:14:20.669 I/PackageManager( 1748): Adjusting ABI for com.android.providers.media to x86_64 (requirer=com.android.mtp, scannedPackage=null)
06-08 16:14:20.753 I/PackageManager( 1748): Adjusting ABI for com.android.providers.downloads.ui to x86_64 (requirer=com.android.mtp, scannedPackage=null)
06-08 16:14:20.755 I/PackageManager( 1748): Adjusting ABI for com.android.wallpaperbackup to x86_64 (requirer=android, scannedPackage=null)
06-08 16:14:20.757 I/PackageManager( 1748): Adjusting ABI for com.android.keychain to x86_64 (requirer=android, scannedPackage=null)
06-08 16:14:20.758 I/PackageManager( 1748): Adjusting ABI for com.android.settings to x86_64 (requirer=android, scannedPackage=null)
06-08 16:14:20.772 I/PackageManager( 1748): Adjusting ABI for com.android.inputdevices to x86_64 (requirer=android, scannedPackage=null)
06-08 16:14:20.773 I/PackageManager( 1748): Adjusting ABI for com.android.server.telecom to x86_64 (requirer=android, scannedPackage=null)
06-08 16:14:20.775 I/PackageManager( 1748): Adjusting ABI for com.android.providers.settings to x86_64 (requirer=android, scannedPackage=null)
06-08 16:14:20.777 I/PackageManager( 1748): Adjusting ABI for com.android.location.fused to x86_64 (requirer=android, scannedPackage=null)
06-08 16:14:20.832 I/PackageManager( 1748): Time to scan packages: 20.189 seconds
06-08 16:14:20.835 W/PackageManager( 1748): Unknown permission com.google.android.googleapps.permission.GOOGLE_AUTH in package com.android.providers.calendar
06-08 16:14:20.835 W/PackageManager( 1748): Unknown permission com.google.android.googleapps.permission.GOOGLE_AUTH.cl in package com.android.providers.calendar
06-08 16:14:20.836 W/PackageManager( 1748): Not granting permission android.permission.GLOBAL_SEARCH to package com.android.quicksearchbox (protectionLevel=18 flags=0x3808be45)
06-08 16:14:20.837 W/PackageManager( 1748): Not granting permission android.permission.WRITE_EXTERNAL_STORAGE to package gov.nasa.arc.astrobee.android.gs.manager because it was previously installed without
06-08 16:14:20.838 W/PackageManager( 1748): Not granting permission android.permission.READ_EXTERNAL_STORAGE to package gov.nasa.arc.astrobee.android.gs.manager because it was previously installed without
06-08 16:14:20.838 W/PackageManager( 1748): Unknown permission com.android.launcher.permission.READ_SETTINGS in package com.android.launcher3
06-08 16:14:20.838 W/PackageManager( 1748): Unknown permission com.android.launcher.permission.WRITE_SETTINGS in package com.android.launcher3
06-08 16:14:20.838 W/PackageManager( 1748): Not granting permission android.permission.BIND_APPWIDGET to package com.android.launcher3 (protectionLevel=18 flags=0x3c4bbe45)
06-08 16:14:20.838 W/PackageManager( 1748): Unknown permission com.google.android.googleapps.permission.GOOGLE_AUTH.mail in package com.android.calendar
06-08 16:14:20.839 W/PackageManager( 1748): Unknown permission com.google.android.providers.settings.permission.WRITE_GSETTINGS in package com.android.sdksetup
06-08 16:14:20.909 W/PackageManager( 1748): Unknown permission com.google.android.permission.INSTALL_WEARABLE_PACKAGES in package com.android.packageinstaller
06-08 16:14:20.920 W/PackageManager( 1748): Not granting permission android.permission.DELETE_PACKAGES to package com.svox.pico (protectionLevel=18 flags=0x3808be45)
06-08 16:14:20.921 W/PackageManager( 1748): Not granting permission android.permission.READ_CONTACTS to package com.example.android.apis because it was previously installed without
06-08 16:14:20.921 W/PackageManager( 1748): Not granting permission android.permission.WRITE_CONTACTS to package com.example.android.apis because it was previously installed without
06-08 16:14:20.921 W/PackageManager( 1748): Not granting permission android.permission.ACCESS_COARSE_LOCATION to package com.example.android.apis because it was previously installed without
06-08 16:14:20.921 W/PackageManager( 1748): Not granting permission android.permission.WRITE_EXTERNAL_STORAGE to package com.example.android.apis because it was previously installed without
06-08 16:14:20.921 W/PackageManager( 1748): Not granting permission android.permission.SEND_SMS to package com.example.android.apis because it was previously installed without
06-08 16:14:20.921 W/PackageManager( 1748): Not granting permission android.permission.RECEIVE_SMS to package com.example.android.apis because it was previously installed without
06-08 16:14:20.921 W/PackageManager( 1748): Not granting permission android.permission.RECEIVE_MMS to package com.example.android.apis because it was previously installed without
06-08 16:14:20.922 W/PackageManager( 1748): Not granting permission android.permission.READ_SMS to package com.example.android.apis because it was previously installed without
06-08 16:14:20.922 W/PackageManager( 1748): Not granting permission android.permission.READ_PHONE_STATE to package com.example.android.apis because it was previously installed without
06-08 16:14:20.922 W/PackageManager( 1748): Not granting permission android.permission.RECORD_AUDIO to package com.example.android.apis because it was previously installed without
06-08 16:14:20.922 W/PackageManager( 1748): Not granting permission android.permission.CAMERA to package com.example.android.apis because it was previously installed without
06-08 16:14:20.922 W/PackageManager( 1748): Not granting permission android.permission.READ_EXTERNAL_STORAGE to package com.example.android.apis because it was previously installed without
06-08 16:14:20.922 W/PackageManager( 1748): Unknown permission android.permission.RUN_INSTRUMENTATION in package org.chromium.webview_shell
06-08 16:14:20.923 W/PackageManager( 1748): Unknown permission com.google.android.googleapps.permission.GOOGLE_AUTH in package com.android.settings
06-08 16:14:20.923 W/PackageManager( 1748): Unknown permission com.android.launcher.permission.READ_SETTINGS in package com.android.settings
06-08 16:14:20.923 W/PackageManager( 1748): Unknown permission com.android.launcher.permission.WRITE_SETTINGS in package com.android.settings
06-08 16:14:20.924 W/PackageManager( 1748): Unknown permission com.android.smspush.WAPPUSH_MANAGER_BIND in package com.android.phone
06-08 16:14:20.925 W/PackageManager( 1748): Unknown permission com.google.android.googleapps.permission.ACCESS_GOOGLE_PASSWORD in package com.android.development
06-08 16:14:20.925 W/PackageManager( 1748): Unknown permission com.google.android.googleapps.permission.GOOGLE_AUTH in package com.android.development
06-08 16:14:20.925 W/PackageManager( 1748): Unknown permission com.google.android.googleapps.permission.GOOGLE_AUTH.ALL_SERVICES in package com.android.development
06-08 16:14:20.925 W/PackageManager( 1748): Unknown permission com.google.android.googleapps.permission.GOOGLE_AUTH.YouTubeUser in package com.android.development
06-08 16:14:20.925 W/PackageManager( 1748): Not granting permission android.permission.BIND_APPWIDGET to package com.android.widgetpreview (protectionLevel=18 flags=0x3808be44)
06-08 16:14:20.927 V/PackageManager( 1748): reconcileAppsData for null u0 0x3
06-08 16:14:21.037 I/SELinux ( 1330): SELinux: Loaded file_contexts contexts from /file_contexts.bin.
06-08 16:14:26.226 V/PackageManager( 1748): reconcileAppsData finished 81 packages
06-08 16:14:26.613 E/PackageManager( 1748): There should probably be a verifier, but, none were found
06-08 16:14:26.765 W/PackageInstaller( 1748): Abandoning old session first created at 1616675837967
06-08 16:14:26.768 W/PackageInstaller( 1748): Deleting orphan stage /data/app/vmdl1539828231.tmp
06-08 16:14:26.891 D/PackageManager( 1748): Ephemeral resolver NOT found; no matching intent filters
06-08 16:14:26.892 I/PackageManager( 1748): Ephemeral deactivated; missing resolver and installer
06-08 16:14:26.894 I/art     ( 1748): Starting a blocking GC Explicit
06-08 16:14:26.914 W/art     ( 1748): Long monitor contention with owner main (1748) at int android.net.LocalSocketImpl.readba_native(byte[], int, int, java.io.FileDescriptor)(LocalSocketImpl.java:-2) waiters=0 in void com.android.server.pm.Settings$RuntimePermissionPersistence.writePermissionsSync(int) for 5.618s
06-08 16:14:27.058 I/art     ( 1748): Explicit concurrent mark sweep GC freed 38029(2MB) AllocSpace objects, 4(80KB) LOS objects, 33% free, 7MB/10MB, paused 1.737ms total 153.263ms
06-08 16:14:27.096 I/SystemServer( 1748): StartOtaDexOptService
06-08 16:14:27.142 I/SystemServer( 1748): StartUserManagerService
06-08 16:14:27.143 I/SystemServiceManager( 1748): Starting com.android.server.pm.UserManagerService$LifeCycle
06-08 16:14:27.239 I/lowmemorykiller( 1319): ActivityManager connected
06-08 16:14:27.259 D/SensorService( 1748): nuSensorService starting...
06-08 16:14:27.319 I/SystemServiceManager( 1748): Starting com.android.server.BatteryService
06-08 16:14:27.361 D/SensorService( 1748): new thread SensorEventAckReceiver
06-08 16:14:27.370 D/SensorService( 1748): nuSensorService thread starting...
06-08 16:14:27.441 I/SystemServiceManager( 1748): Starting com.android.server.usage.UsageStatsService
06-08 16:14:27.671 I/SystemServiceManager( 1748): Starting com.android.server.webkit.WebViewUpdateService
06-08 16:14:27.750 I/SystemServer( 1748): Reading configuration...
06-08 16:14:27.751 I/SystemServer( 1748): StartSchedulingPolicyService
06-08 16:14:27.761 I/SystemServiceManager( 1748): Starting com.android.server.telecom.TelecomLoaderService
06-08 16:14:27.763 I/SystemServer( 1748): StartTelephonyRegistry
06-08 16:14:27.829 I/SystemServer( 1748): StartEntropyMixer
06-08 16:14:27.873 I/EntropyMixer( 1748): Writing entropy...
06-08 16:14:28.032 I/SystemServer( 1748): Camera Service
06-08 16:14:28.091 I/SystemServiceManager( 1748): Starting com.android.server.camera.CameraService
06-08 16:14:28.131 I/ServiceThread( 1748): Enabled StrictMode logging for CameraService_proxy looper.
06-08 16:14:28.135 I/SystemServer( 1748): StartAccountManagerService
06-08 16:14:28.140 I/SystemServiceManager( 1748): Starting com.android.server.accounts.AccountManagerService$Lifecycle
06-08 16:14:28.292 I/SystemServer( 1748): StartContentService
06-08 16:14:28.301 I/SystemServiceManager( 1748): Starting com.android.server.content.ContentService$Lifecycle
06-08 16:14:28.314 I/SystemServer( 1748): InstallSystemProviders
06-08 16:14:28.408 W/System  ( 1748): ClassLoader referenced unknown path: /system/priv-app/SettingsProvider/lib/x86_64
06-08 16:14:28.809 I/SystemServer( 1748): StartVibratorService
06-08 16:14:28.832 E/VibratorService( 1748): Couldn't load vibrator module (No such file or directory)
06-08 16:14:28.832 W/VibratorService( 1748): Tried to stop vibrating but there is no vibrator device.
06-08 16:14:28.837 I/SystemServer( 1748): StartConsumerIrService
06-08 16:14:28.838 E/ConsumerIrService( 1748): Can't open consumer IR HW Module, error: -2
06-08 16:14:28.842 I/SystemServer( 1748): StartAlarmManagerService
06-08 16:14:28.842 I/SystemServiceManager( 1748): Starting com.android.server.AlarmManagerService
06-08 16:14:28.894 W/AlarmManagerService( 1748): no wall clock RTC found
06-08 16:14:28.896 D/AlarmManagerService( 1748): Kernel timezone updated to 0 minutes west of GMT
06-08 16:14:28.950 I/SystemServer( 1748): InitWatchdog
06-08 16:14:28.952 I/SystemServer( 1748): StartInputManagerService
06-08 16:14:28.962 I/InputManager( 1748): Initializing input manager, mUseDevInputEventForAudioJack=true
06-08 16:14:28.968 I/SystemServer( 1748): StartWindowManagerService
06-08 16:14:29.153 I/WindowManager( 1748): No existing display settings /data/system/display_settings.xml; starting empty
06-08 16:14:29.558 I/SystemServer( 1748): StartVrManagerService
06-08 16:14:29.558 I/SystemServiceManager( 1748): Starting com.android.server.vr.VrManagerService
06-08 16:14:29.572 W/VrManagerService( 1748): init_native: Could not open VR hardware module, error No such file or directory (-2).
06-08 16:14:29.691 I/InputManager( 1748): Starting input manager
06-08 16:14:29.717 I/SystemServer( 1748): No Bluetooth Service (emulator)
06-08 16:14:29.717 I/SystemServer( 1748): ConnectivityMetricsLoggerService
