06-08 16:12:44.530 D/EmulatedCamera_QemuClient( 1328): Emulated camera list: 
06-08 16:12:44.581 D/EmulatedCamera_FakeCamera( 1328): Initialize: Fake camera is facing back
06-08 16:12:44.583 V/EmulatedCamera_Device( 1328): initializeWhiteBalanceModes with auto, 1.000000, 1.000000
06-08 16:12:44.584 V/EmulatedCamera_Device( 1328): initializeWhiteBalanceModes with incandescent, 1.380000, 0.600000
06-08 16:12:44.584 V/EmulatedCamera_Device( 1328): initializeWhiteBalanceModes with daylight, 1.090000, 0.920000
06-08 16:12:44.584 V/EmulatedCamera_Device( 1328): initializeWhiteBalanceModes with twilight, 0.920000, 1.220000
06-08 16:12:44.584 V/EmulatedCamera_Device( 1328): setWhiteBalanceMode with white balance auto
06-08 16:12:44.584 E/EmulatedCamera_Factory( 1328): 1 cameras are being emulated. 0 of them are fake cameras.
06-08 16:12:44.585 E/EmulatedCamera_HotplugThread( 1328): createFileIfNotExists: Could not create file '/data/misc/media/emulator.camera.hotplug.0', error: 'Permission denied' (13)
06-08 16:12:44.589 I/CameraService( 1328): Loaded "Emulated Camera Module" camera module
06-08 16:12:44.589 E/CameraService( 1328): setUpVendorTags: Vendor tag operations not fully defined. Ignoring definitions.
06-08 16:12:44.690 V/EmulatedCamera_Camera( 1328): getCameraInfo
06-08 16:12:44.691 V/EmulatedCamera_BaseCamera( 1328): getCameraInfo
06-08 16:12:44.691 I/CameraFlashlight( 1328): Opening camera 0
06-08 16:12:44.692 V/EmulatedCamera_Camera( 1328): getCameraInfo
06-08 16:12:44.692 V/EmulatedCamera_BaseCamera( 1328): getCameraInfo
06-08 16:12:44.783 D/audio_hw_generic( 1327): Emulator host-side ALSA audio emulation detected.
06-08 16:12:44.785 D/audio_hw_generic( 1327): mixer 0 name Master Playback Volume
06-08 16:12:44.785 D/audio_hw_generic( 1327): set ctl 0 to 100
06-08 16:12:44.786 D/audio_hw_generic( 1327): set ctl 1 to 100
06-08 16:12:44.787 D/audio_hw_generic( 1327): mixer 1 name Master Playback Switch
06-08 16:12:44.787 D/audio_hw_generic( 1327): set ctl 0 to 1
06-08 16:12:44.787 D/audio_hw_generic( 1327): set ctl 1 to 1
06-08 16:12:44.787 D/audio_hw_generic( 1327): mixer 2 name Capture Volume
06-08 16:12:44.787 D/audio_hw_generic( 1327): set ctl 0 to 100
06-08 16:12:44.787 D/audio_hw_generic( 1327): set ctl 1 to 100
06-08 16:12:44.787 D/audio_hw_generic( 1327): mixer 3 name Capture Switch
06-08 16:12:44.787 D/audio_hw_generic( 1327): set ctl 0 to 1
06-08 16:12:44.788 D/audio_hw_generic( 1327): set ctl 1 to 1
06-08 16:12:44.788 D/audio_hw_generic( 1327): mixer 4 name Line Phantom Jack
06-08 16:12:44.788 D/audio_hw_generic( 1327): mixer 5 name Line Out Phantom Jack
06-08 16:12:44.788 D/audio_hw_generic( 1327): mixer 6 name Playback Channel Map
06-08 16:12:44.788 D/audio_hw_generic( 1327): mixer 7 name Capture Channel Map
06-08 16:12:44.788 I/AudioFlinger( 1327): loadHwModule() Loaded primary audio interface from Generic audio HW HAL (audio) handle 10
06-08 16:12:44.789 I/AudioFlinger( 1327): openOutput(), module 10 Device 2, SamplingRate 48000, Format 0x000001, Channels 3, flags 2
06-08 16:12:44.757 V/EmulatedCamera_Camera( 1328): connectCamera
06-08 16:12:44.810 V/EmulatedCamera_FakeDevice( 1328): connectDevice
06-08 16:12:44.810 V/EmulatedCamera_CallbackNotifier( 1328): setCallbacks: 0xee5fbe80, 0xee5fbed0, 0xee5fbff0, 0xee5fc110 (0xeddc3140)
06-08 16:12:44.867 I/AudioFlinger( 1327): HAL output buffer size 720 frames, normal sink buffer size 1152 frames
06-08 16:12:44.881 V/EmulatedCamera_Preview( 1328): setPreviewWindow: current: 0x0 -> new: 0xeddc3150
06-08 16:12:44.882 V/EmulatedCamera_Preview( 1328): setPreviewWindow: current: 0xeddc3150 -> new: 0x0
06-08 16:12:44.882 V/EmulatedCamera_Camera( 1328): doStopPreview
06-08 16:12:44.883 V/EmulatedCamera_Preview( 1328): setPreviewWindow: current: 0x0 -> new: 0x0
06-08 16:12:44.883 V/EmulatedCamera_Camera( 1328): releaseCamera
06-08 16:12:44.883 V/EmulatedCamera_Camera( 1328): doStopPreview
06-08 16:12:44.883 V/EmulatedCamera_FakeDevice( 1328): disconnectDevice
06-08 16:12:44.883 W/EmulatedCamera_Device( 1328): Initialize: Emulated camera device is already initialized: mState = 1
06-08 16:12:44.883 D/EmulatedCamera_FakeCamera( 1328): Initialize: Fake camera is facing back
06-08 16:12:44.884 V/EmulatedCamera_Device( 1328): initializeWhiteBalanceModes with auto, 1.000000, 1.000000
06-08 16:12:44.884 V/EmulatedCamera_Device( 1328): initializeWhiteBalanceModes with incandescent, 1.380000, 0.600000
06-08 16:12:44.884 V/EmulatedCamera_Device( 1328): initializeWhiteBalanceModes with daylight, 1.090000, 0.920000
06-08 16:12:44.884 V/EmulatedCamera_Device( 1328): initializeWhiteBalanceModes with twilight, 0.920000, 1.220000
06-08 16:12:44.884 V/EmulatedCamera_Device( 1328): setWhiteBalanceMode with white balance auto
06-08 16:12:44.884 I/CameraFlashlight( 1328): Destroying camera 0
06-08 16:12:44.884 V/EmulatedCamera_Camera( 1328): closeCamera
06-08 16:12:44.884 V/EmulatedCamera_Camera( 1328): doStopPreview
06-08 16:12:44.884 W/EmulatedCamera_Device( 1328): Initialize: Emulated camera device is already initialized: mState = 1
06-08 16:12:44.884 D/EmulatedCamera_FakeCamera( 1328): Initialize: Fake camera is facing back
06-08 16:12:44.885 V/EmulatedCamera_Device( 1328): initializeWhiteBalanceModes with auto, 1.000000, 1.000000
06-08 16:12:44.885 V/EmulatedCamera_Device( 1328): initializeWhiteBalanceModes with incandescent, 1.380000, 0.600000
06-08 16:12:44.885 V/EmulatedCamera_Device( 1328): initializeWhiteBalanceModes with daylight, 1.090000, 0.920000
06-08 16:12:44.885 V/EmulatedCamera_Device( 1328): initializeWhiteBalanceModes with twilight, 0.920000, 1.220000
06-08 16:12:44.885 V/EmulatedCamera_Device( 1328): setWhiteBalanceMode with white balance auto
06-08 16:12:44.887 V/EmulatedCamera_Camera( 1328): getCameraInfo
06-08 16:12:44.887 V/EmulatedCamera_BaseCamera( 1328): getCameraInfo
06-08 16:12:45.000 I/ServiceManager( 1328): Waiting for service media.camera.proxy...
06-08 16:12:45.082 I/BufferProvider( 1327): found effect "Multichannel Downmix To Stereo" from The Android Open Source Project
06-08 16:12:45.087 I/AudioFlinger( 1327): Using module 10 has the primary audio interface
06-08 16:12:45.113 I/AudioFlinger( 1327): AudioFlinger's thread 0xf3d03e00 ready to run
06-08 16:12:45.115 W/BatteryNotifier( 1327): batterystats service unavailable!
06-08 16:12:45.116 W/BatteryNotifier( 1327): batterystats service unavailable!
06-08 16:12:45.170 W/BatteryNotifier( 1327): batterystats service unavailable!
06-08 16:12:45.173 W/AudioFlinger( 1327): no wake lock to update, system not ready yet
06-08 16:12:45.264 I/mediaserver( 1333): ServiceManager: 0xeb3bc0a0
06-08 16:12:45.377 I/AudioFlinger( 1327): AudioFlinger's thread 0xf3803540 ready to run
06-08 16:12:45.463 I/r_submix( 1327): adev_open(name=audio_hw_if)
06-08 16:12:45.463 I/r_submix( 1327): adev_init_check()
06-08 16:12:45.464 I/AudioFlinger( 1327): loadHwModule() Loaded r_submix audio interface from Wifi Display audio HAL (audio) handle 18
06-08 16:12:45.464 D/r_submix( 1327): adev_open_input_stream(addr=0)
06-08 16:12:45.464 D/r_submix( 1327): submix_audio_device_create_pipe_l(addr=0, idx=9)
06-08 16:12:45.464 D/r_submix( 1327):   now using address 0 for route 9
06-08 16:12:45.472 I/AudioFlinger( 1327): AudioFlinger's thread 0xf3903580 ready to run
06-08 16:12:45.472 D/r_submix( 1327): adev_close_input_stream()
06-08 16:12:45.472 D/r_submix( 1327): submix_audio_device_release_pipe_l(idx=9) addr=0
06-08 16:12:45.472 D/r_submix( 1327): submix_audio_device_destroy_pipe_l(): pipe destroyed
06-08 16:12:45.475 I/RadioService( 1327): RadioService
06-08 16:12:45.475 I/RadioService( 1327): onFirstRef
06-08 16:12:45.476 E/RadioService( 1327): couldn't load radio module radio.primary (No such file or directory)
06-08 16:12:45.479 E/SoundTriggerHwService( 1327): couldn't load sound trigger module sound_trigger.primary (No such file or directory)
06-08 16:12:46.030 I/ServiceManager( 1328): Waiting for service media.camera.proxy...
06-08 16:12:47.047 I/ServiceManager( 1328): Waiting for service media.camera.proxy...
06-08 16:12:48.060 I/ServiceManager( 1328): Waiting for service media.camera.proxy...
06-08 16:12:48.180 W/BatteryNotifier( 1327): batterystats service unavailable!
06-08 16:12:49.070 I/ServiceManager( 1328): Waiting for service media.camera.proxy...
06-08 16:12:53.986 D/AndroidRuntime( 1326): >>>>>> START com.android.internal.os.ZygoteInit uid 0 <<<<<<
06-08 16:12:54.482 D/AndroidRuntime( 1326): CheckJNI is ON
06-08 16:12:54.651 I/art     ( 1326): option[0]=-Xzygote
06-08 16:12:54.652 I/art     ( 1326): option[1]=-Xcheck:jni
06-08 16:12:54.652 I/art     ( 1326): option[2]=-Xstacktracefile:/data/anr/traces.txt
06-08 16:12:54.652 I/art     ( 1326): option[3]=exit
06-08 16:12:54.652 I/art     ( 1326): option[4]=vfprintf
06-08 16:12:54.652 I/art     ( 1326): option[5]=sensitiveThread
06-08 16:12:54.652 I/art     ( 1326): option[6]=-verbose:gc
06-08 16:12:54.652 I/art     ( 1326): option[7]=-Xms4m
06-08 16:12:54.652 I/art     ( 1326): option[8]=-Xmx256m
06-08 16:12:54.652 I/art     ( 1326): option[9]=-Xusejit:true
06-08 16:12:54.652 I/art     ( 1326): option[10]=-Xjitsaveprofilinginfo
06-08 16:12:54.653 I/art     ( 1326): option[11]=-agentlib:jdwp=transport=dt_android_adb,suspend=n,server=y
06-08 16:12:54.653 I/art     ( 1326): option[12]=-Xlockprofthreshold:500
06-08 16:12:54.653 I/art     ( 1326): option[13]=-Ximage-compiler-option
06-08 16:12:54.653 I/art     ( 1326): option[14]=--runtime-arg
06-08 16:12:54.653 I/art     ( 1326): option[15]=-Ximage-compiler-option
06-08 16:12:54.653 I/art     ( 1326): option[16]=-Xms64m
06-08 16:12:54.653 I/art     ( 1326): option[17]=-Ximage-compiler-option
06-08 16:12:54.653 I/art     ( 1326): option[18]=--runtime-arg
06-08 16:12:54.653 I/art     ( 1326): option[19]=-Ximage-compiler-option
06-08 16:12:54.653 I/art     ( 1326): option[20]=-Xmx64m
06-08 16:12:54.653 I/art     ( 1326): option[21]=-Ximage-compiler-option
06-08 16:12:54.653 I/art     ( 1326): option[22]=--image-classes=/system/etc/preloaded-classes
06-08 16:12:54.653 I/art     ( 1326): option[23]=-Ximage-compiler-option
06-08 16:12:54.653 I/art     ( 1326): option[24]=--compiled-classes=/system/etc/compiled-classes
06-08 16:12:54.653 I/art     ( 1326): option[25]=-Xcompiler-option
06-08 16:12:54.653 I/art     ( 1326): option[26]=--runtime-arg
06-08 16:12:54.653 I/art     ( 1326): option[27]=-Xcompiler-option
06-08 16:12:54.654 I/art     ( 1326): option[28]=-Xms64m
06-08 16:12:54.654 I/art     ( 1326): option[29]=-Xcompiler-option
06-08 16:12:54.654 I/art     ( 1326): option[30]=--runtime-arg
06-08 16:12:54.654 I/art     ( 1326): option[31]=-Xcompiler-option
06-08 16:12:54.654 I/art     ( 1326): option[32]=-Xmx512m
06-08 16:12:54.654 I/art     ( 1326): option[33]=-Ximage-compiler-option
06-08 16:12:54.654 I/art     ( 1326): option[34]=--instruction-set-variant=x86
06-08 16:12:54.654 I/art     ( 1326): option[35]=-Xcompiler-option
06-08 16:12:54.654 I/art     ( 1326): option[36]=--instruction-set-variant=x86
06-08 16:12:54.654 I/art     ( 1326): option[37]=-Ximage-compiler-option
06-08 16:12:54.654 I/art     ( 1326): option[38]=--instruction-set-features=default
06-08 16:12:54.654 I/art     ( 1326): option[39]=-Xcompiler-option
06-08 16:12:54.654 I/art     ( 1326): option[40]=--instruction-set-features=default
06-08 16:12:54.654 I/art     ( 1326): option[41]=-Duser.locale=en-US
06-08 16:12:54.654 I/art     ( 1326): option[42]=--cpu-abilist=x86
06-08 16:12:54.654 I/art     ( 1326): option[43]=-Xfingerprint:Android/sdk_phone_x86_64/generic_x86_64:7.1.1/NYC/4931657:userdebug/test-keys
06-08 16:12:55.617 E/SurfaceFlinger( 1321): ro.sf.lcd_density must be defined as a build property
06-08 16:12:55.656 D/AndroidRuntime( 1325): >>>>>> START com.android.internal.os.ZygoteInit uid 0 <<<<<<
06-08 16:12:55.806 D/libEGL  ( 1406): Emulator without GPU support detected. Fallback to legacy software renderer, qemu.gles is set to 0.
06-08 16:12:55.875 D/libEGL  ( 1406): loaded /system/lib64/egl/libGLES_android.so
06-08 16:12:56.249 D/gralloc_ranchu( 1406): Emulator without host-side GPU emulation detected. Loading gralloc.default.so from /vendor/lib64/hw/gralloc.goldfish.default.so...
06-08 16:12:56.265 D/gralloc_ranchu( 1406): gralloc.default.so not found in /vendor. Trying /system/lib64/hw/gralloc.goldfish.default.so...
06-08 16:12:56.337 E/hostapd ( 1511): Configuration file: /system/etc/simulated_hostapd.conf
06-08 16:12:56.351 D/AndroidRuntime( 1325): CheckJNI is ON
06-08 16:12:56.717 E/ipv6proxy( 1503): Failed to forward Router Advertisement from eth0 to wlan1: Network is unreachable
06-08 16:12:56.828 I/hostapd ( 1511): rfkill: Cannot get wiphy information
06-08 16:12:56.835 E/ipv6proxy( 1503): Failed to forward Router Advertisement from eth0 to radio0-peer: Cannot assign requested address
06-08 16:12:56.851 I/art     ( 1325): option[0]=-Xzygote
06-08 16:12:56.851 I/art     ( 1325): option[1]=-Xcheck:jni
06-08 16:12:56.851 I/art     ( 1325): option[2]=-Xstacktracefile:/data/anr/traces.txt
06-08 16:12:56.852 I/art     ( 1325): option[3]=exit
06-08 16:12:56.852 I/art     ( 1325): option[4]=vfprintf
06-08 16:12:56.852 I/art     ( 1325): option[5]=sensitiveThread
06-08 16:12:56.852 I/art     ( 1325): option[6]=-verbose:gc
06-08 16:12:56.852 I/art     ( 1325): option[7]=-Xms4m
06-08 16:12:56.852 I/art     ( 1325): option[8]=-Xmx256m
06-08 16:12:56.852 I/art     ( 1325): option[9]=-Xusejit:true
06-08 16:12:56.852 I/art     ( 1325): option[10]=-Xjitsaveprofilinginfo
06-08 16:12:56.852 I/art     ( 1325): option[11]=-agentlib:jdwp=transport=dt_android_adb,suspend=n,server=y
06-08 16:12:56.852 I/art     ( 1325): option[12]=-Xlockprofthreshold:500
06-08 16:12:56.852 I/art     ( 1325): option[13]=-Ximage-compiler-option
06-08 16:12:56.852 I/art     ( 1325): option[14]=--runtime-arg
06-08 16:12:56.852 I/art     ( 1325): option[15]=-Ximage-compiler-option
06-08 16:12:56.852 I/art     ( 1325): option[16]=-Xms64m
06-08 16:12:56.852 I/art     ( 1325): option[17]=-Ximage-compiler-option
06-08 16:12:56.852 I/art     ( 1325): option[18]=--runtime-arg
06-08 16:12:56.852 I/art     ( 1325): option[19]=-Ximage-compiler-option
06-08 16:12:56.852 I/art     ( 1325): option[20]=-Xmx64m
06-08 16:12:56.852 I/art     ( 1325): option[21]=-Ximage-compiler-option
06-08 16:12:56.852 I/art     ( 1325): option[22]=--image-classes=/system/etc/preloaded-classes
06-08 16:12:56.853 I/art     ( 1325): option[23]=-Ximage-compiler-option
06-08 16:12:56.853 I/art     ( 1325): option[24]=--compiled-classes=/system/etc/compiled-classes
06-08 16:12:56.853 I/art     ( 1325): option[25]=-Xcompiler-option
06-08 16:12:56.853 I/art     ( 1325): option[26]=--runtime-arg
06-08 16:12:56.853 I/art     ( 1325): option[27]=-Xcompiler-option
06-08 16:12:56.853 I/art     ( 1325): option[28]=-Xms64m
06-08 16:12:56.853 I/art     ( 1325): option[29]=-Xcompiler-option
06-08 16:12:56.853 I/art     ( 1325): option[30]=--runtime-arg
06-08 16:12:56.853 I/art     ( 1325): option[31]=-Xcompiler-option
06-08 16:12:56.853 I/art     ( 1325): option[32]=-Xmx512m
06-08 16:12:56.853 I/art     ( 1325): option[33]=-Ximage-compiler-option
06-08 16:12:56.853 I/art     ( 1325): option[34]=--instruction-set-variant=x86_64
06-08 16:12:56.853 I/art     ( 1325): option[35]=-Xcompiler-option
06-08 16:12:56.853 I/art     ( 1325): option[36]=--instruction-set-variant=x86_64
06-08 16:12:56.853 I/art     ( 1325): option[37]=-Ximage-compiler-option
06-08 16:12:56.853 I/art     ( 1325): option[38]=--instruction-set-features=default
06-08 16:12:56.853 I/art     ( 1325): option[39]=-Xcompiler-option
06-08 16:12:56.853 I/art     ( 1325): option[40]=--instruction-set-features=default
06-08 16:12:56.853 I/art     ( 1325): option[41]=-Duser.locale=en-US
06-08 16:12:56.853 I/art     ( 1325): option[42]=--cpu-abilist=x86_64
06-08 16:12:56.853 I/art     ( 1325): option[43]=-Xfingerprint:Android/sdk_phone_x86_64/generic_x86_64:7.1.1/NYC/4931657:userdebug/test-keys
06-08 16:12:56.856 I/hostapd ( 1511): nl80211: Could not re-add multicast membership for vendor events: -2 (No such file or directory)
06-08 16:12:56.857 I/hostapd ( 1511): wlan1: interface state UNINITIALIZED->COUNTRY_UPDATE
06-08 16:13:00.719 E/ipv6proxy( 1503): Failed to forward Router Advertisement from eth0 to wlan1: Network is unreachable
06-08 16:13:01.868 I/hostapd ( 1511): wlan1: interface state COUNTRY_UPDATE->HT_SCAN
06-08 16:13:03.167 D/ICU     ( 1326): No timezone override file found: /data/misc/zoneinfo/current/icu/icu_tzdata.dat
06-08 16:13:03.492 E/hostapd ( 1511): Using interface wlan1 with hwaddr 02:00:00:00:01:00 and ssid "AndroidWifi"
06-08 16:13:03.574 I/hostapd ( 1511): wlan1: interface state HT_SCAN->ENABLED
06-08 16:13:03.574 I/hostapd ( 1511): wlan1: AP-ENABLED 
06-08 16:13:04.940 D/ICU     ( 1325): No timezone override file found: /data/misc/zoneinfo/current/icu/icu_tzdata.dat
06-08 16:13:07.995 E/memtrack( 1326): Couldn't load memtrack module (No such file or directory)
06-08 16:13:07.996 E/android.os.Debug( 1326): failed to load memtrack module: -2
06-08 16:13:08.051 I/Radio-JNI( 1326): register_android_hardware_Radio DONE
06-08 16:13:08.767 I/SamplingProfilerIntegration( 1326): Profiling disabled.
06-08 16:13:08.844 D/Zygote  ( 1326): begin preload
06-08 16:13:08.844 I/Zygote  ( 1326): Installing ICU cache reference pinning...
06-08 16:13:08.880 I/Zygote  ( 1326): Preloading ICU data...
06-08 16:13:09.893 E/memtrack( 1325): Couldn't load memtrack module (No such file or directory)
06-08 16:13:09.894 E/android.os.Debug( 1325): failed to load memtrack module: -2
06-08 16:13:10.071 I/Radio-JNI( 1325): register_android_hardware_Radio DONE
06-08 16:13:10.688 I/SamplingProfilerIntegration( 1325): Profiling disabled.
06-08 16:13:10.741 D/Zygote  ( 1325): begin preload
06-08 16:13:10.742 I/Zygote  ( 1325): Installing ICU cache reference pinning...
06-08 16:13:10.749 I/Zygote  ( 1325): Preloading ICU data...
06-08 16:13:11.496 I/Zygote  ( 1326): Preloading classes...
06-08 16:13:11.900 W/Zygote  ( 1326): Class not found for preloading: [Landroid.view.Display$ColorTransform;
06-08 16:13:12.618 I/Zygote  ( 1325): Preloading classes...
06-08 16:13:12.942 W/Zygote  ( 1325): Class not found for preloading: [Landroid.view.Display$ColorTransform;
06-08 16:13:18.746 E/Typeface( 1325): Error mapping font file /system/fonts/DroidSansFallback.ttf
06-08 16:13:18.841 E/Typeface( 1326): Error mapping font file /system/fonts/DroidSansFallback.ttf
06-08 16:13:23.914 I/art     ( 1326): Background concurrent mark sweep GC freed 21946(2MB) AllocSpace objects, 85(1536KB) LOS objects, 33% free, 3MB/5MB, paused 2.584ms total 274.435ms
06-08 16:13:24.178 W/art     ( 1325): Suspending all threads took: 89.262ms
06-08 16:13:24.447 I/art     ( 1325): Background concurrent mark sweep GC freed 21958(2MB) AllocSpace objects, 122(2MB) LOS objects, 33% free, 3MB/4MB, paused 103.780ms total 655.318ms
06-08 16:13:25.006 I/art     ( 1326): Thread[1,tid=1326,Native,Thread*=0xe3c8b400,peer=0x12c060d0,"main"] recursive attempt to load library "/system/lib/libmedia_jni.so"
06-08 16:13:25.018 D/MtpDeviceJNI( 1326): register_android_mtp_MtpDevice
06-08 16:13:25.050 I/art     ( 1325): Thread[1,tid=1325,Native,Thread*=0x7fa2a1895a00,peer=0x12c060d0,"main"] recursive attempt to load library "/system/lib64/libmedia_jni.so"
06-08 16:13:25.052 I/art     ( 1326): Thread[1,tid=1326,Native,Thread*=0xe3c8b400,peer=0x12c060d0,"main"] recursive attempt to load library "/system/lib/libmedia_jni.so"
06-08 16:13:25.053 I/art     ( 1326): Thread[1,tid=1326,Native,Thread*=0xe3c8b400,peer=0x12c060d0,"main"] recursive attempt to load library "/system/lib/libmedia_jni.so"
06-08 16:13:25.081 D/MtpDeviceJNI( 1325): register_android_mtp_MtpDevice
06-08 16:13:25.100 I/art     ( 1325): Thread[1,tid=1325,Native,Thread*=0x7fa2a1895a00,peer=0x12c060d0,"main"] recursive attempt to load library "/system/lib64/libmedia_jni.so"
06-08 16:13:25.102 I/art     ( 1325): Thread[1,tid=1325,Native,Thread*=0x7fa2a1895a00,peer=0x12c060d0,"main"] recursive attempt to load library "/system/lib64/libmedia_jni.so"
06-08 16:13:28.497 W/Zygote  ( 1325): Class not found for preloading: android.view.Display$ColorTransform
06-08 16:13:28.498 W/Zygote  ( 1325): Class not found for preloading: android.view.Display$ColorTransform$1
06-08 16:13:28.676 W/Zygote  ( 1326): Class not found for preloading: android.view.Display$ColorTransform
06-08 16:13:28.676 W/Zygote  ( 1326): Class not found for preloading: android.view.Display$ColorTransform$1
06-08 16:13:31.391 I/art     ( 1325): Background sticky concurrent mark sweep GC freed 16612(2MB) AllocSpace objects, 10(160KB) LOS objects, 65% free, 1674KB/4MB, paused 8.691ms total 242.912ms
06-08 16:13:32.023 I/art     ( 1326): Background sticky concurrent mark sweep GC freed 17525(2MB) AllocSpace objects, 45(860KB) LOS objects, 70% free, 1665KB/5MB, paused 578us total 503.389ms
06-08 16:13:32.921 I/System  ( 1325): Loaded time zone names for "" in 1242ms (1167ms in ICU)
06-08 16:13:33.102 I/System  ( 1326): Loaded time zone names for "" in 1133ms (1016ms in ICU)
06-08 16:13:33.730 I/System  ( 1325): Loaded time zone names for "en_US" in 737ms (733ms in ICU)
06-08 16:13:34.176 I/System  ( 1326): Loaded time zone names for "en_US" in 1070ms (988ms in ICU)
06-08 16:13:35.693 I/Zygote  ( 1325): ...preloaded 4158 classes in 23074ms.
06-08 16:13:35.696 I/art     ( 1325): VMRuntime.preloadDexCaches starting
06-08 16:13:35.817 I/Zygote  ( 1326): ...preloaded 4158 classes in 24319ms.
06-08 16:13:35.890 I/art     ( 1326): VMRuntime.preloadDexCaches starting
06-08 16:13:37.671 I/art     ( 1325): VMRuntime.preloadDexCaches strings total=283712 before=39625 after=39625
06-08 16:13:37.671 I/art     ( 1325): VMRuntime.preloadDexCaches types total=23581 before=7877 after=7904
06-08 16:13:37.671 I/art     ( 1325): VMRuntime.preloadDexCaches fields total=112007 before=40903 after=41117
06-08 16:13:37.671 I/art     ( 1325): VMRuntime.preloadDexCaches methods total=197534 before=82457 after=83017
06-08 16:13:37.671 I/art     ( 1325): VMRuntime.preloadDexCaches finished
06-08 16:13:37.695 I/Zygote  ( 1325): Preloading resources...
06-08 16:13:37.846 I/art     ( 1326): VMRuntime.preloadDexCaches strings total=283712 before=39625 after=39625
06-08 16:13:37.847 I/art     ( 1326): VMRuntime.preloadDexCaches types total=23581 before=7877 after=7904
06-08 16:13:37.847 I/art     ( 1326): VMRuntime.preloadDexCaches fields total=112007 before=40903 after=41117
06-08 16:13:37.847 I/art     ( 1326): VMRuntime.preloadDexCaches methods total=197534 before=82457 after=83017
06-08 16:13:37.847 I/art     ( 1326): VMRuntime.preloadDexCaches finished
06-08 16:13:38.011 I/Zygote  ( 1326): Preloading resources...
06-08 16:13:39.771 W/Resources( 1326): Preloaded drawable resource #0x108025c (android:drawable/dialog_background_material) that varies with configuration!!
06-08 16:13:39.884 W/Resources( 1326): Preloaded drawable resource #0x1080298 (android:drawable/editbox_dropdown_background_dark) that varies with configuration!!
06-08 16:13:39.972 W/Resources( 1325): Preloaded drawable resource #0x108025c (android:drawable/dialog_background_material) that varies with configuration!!
06-08 16:13:39.976 W/Resources( 1325): Preloaded drawable resource #0x1080298 (android:drawable/editbox_dropdown_background_dark) that varies with configuration!!
06-08 16:13:40.049 W/Resources( 1326): Preloaded color resource #0x10600e2 (android:color/material_grey_800) that varies with configuration!!
06-08 16:13:40.120 W/Resources( 1326): Preloaded drawable resource #0x10802c9 (android:drawable/floating_popup_background_dark) that varies with configuration!!
06-08 16:13:40.166 W/Resources( 1325): Preloaded color resource #0x10600e2 (android:color/material_grey_800) that varies with configuration!!
06-08 16:13:40.166 W/Resources( 1325): Preloaded drawable resource #0x10802c9 (android:drawable/floating_popup_background_dark) that varies with configuration!!
06-08 16:13:40.782 W/Resources( 1326): Preloaded drawable resource #0x108030b (android:drawable/ic_clear_disabled) that varies with configuration!!
06-08 16:13:40.785 W/Resources( 1326): Preloaded drawable resource #0x1080310 (android:drawable/ic_clear_normal) that varies with configuration!!
06-08 16:13:40.924 W/Resources( 1325): Preloaded drawable resource #0x108030b (android:drawable/ic_clear_disabled) that varies with configuration!!
06-08 16:13:40.926 W/Resources( 1325): Preloaded drawable resource #0x1080310 (android:drawable/ic_clear_normal) that varies with configuration!!
06-08 16:13:40.934 W/Resources( 1326): Preloaded drawable resource #0x1080359 (android:drawable/ic_go) that varies with configuration!!
06-08 16:13:41.032 W/Resources( 1325): Preloaded drawable resource #0x1080359 (android:drawable/ic_go) that varies with configuration!!
06-08 16:13:41.334 W/Resources( 1326): Preloaded drawable resource #0x1080038 (android:drawable/ic_menu_close_clear_cancel) that varies with configuration!!
06-08 16:13:41.356 W/Resources( 1325): Preloaded drawable resource #0x1080038 (android:drawable/ic_menu_close_clear_cancel) that varies with configuration!!
06-08 16:13:41.406 W/Resources( 1326): Preloaded drawable resource #0x1080045 (android:drawable/ic_menu_more) that varies with configuration!!
06-08 16:13:41.517 W/art     ( 1325): Suspending all threads took: 26.019ms
06-08 16:13:41.605 W/Resources( 1325): Preloaded drawable resource #0x1080045 (android:drawable/ic_menu_more) that varies with configuration!!
06-08 16:13:41.781 I/art     ( 1325): Background sticky concurrent mark sweep GC freed 9700(602KB) AllocSpace objects, 2(80KB) LOS objects, 10% free, 4MB/4MB, paused 27.863ms total 523.293ms
06-08 16:13:41.925 W/Resources( 1326): Preloaded drawable resource #0x10804e8 (android:drawable/menu_background_fill_parent_width) that varies with configuration!!
06-08 16:13:41.964 W/Resources( 1325): Preloaded drawable resource #0x10804e8 (android:drawable/menu_background_fill_parent_width) that varies with configuration!!
06-08 16:13:42.292 W/art     ( 1325): Suspending all threads took: 51.084ms
06-08 16:13:42.372 I/art     ( 1325): Background concurrent mark sweep GC freed 3424(181KB) AllocSpace objects, 3(92KB) LOS objects, 47% free, 4MB/8MB, paused 97.291ms total 258.571ms
06-08 16:13:42.691 W/art     ( 1326): Suspending all threads took: 61.147ms
06-08 16:13:42.868 I/art     ( 1326): Background concurrent mark sweep GC freed 11493(659KB) AllocSpace objects, 6(180KB) LOS objects, 45% free, 4MB/8MB, paused 63.649ms total 362.746ms
06-08 16:13:43.984 W/Resources( 1325): Preloaded drawable resource #0x108077e (android:drawable/text_edit_paste_window) that varies with configuration!!
06-08 16:13:44.123 W/Resources( 1325): Preloaded drawable resource #0x1080096 (android:drawable/toast_frame) that varies with configuration!!
06-08 16:13:44.123 I/Zygote  ( 1325): ...preloaded 114 resources in 6428ms.
06-08 16:13:44.295 W/Resources( 1326): Preloaded drawable resource #0x108077e (android:drawable/text_edit_paste_window) that varies with configuration!!
06-08 16:13:44.313 W/Resources( 1325): Preloaded color resource #0x106010b (android:color/background_cache_hint_selector_material_dark) that varies with configuration!!
06-08 16:13:44.316 W/Resources( 1325): Preloaded color resource #0x1060110 (android:color/btn_default_material_dark) that varies with configuration!!
06-08 16:13:44.335 I/Zygote  ( 1325): ...preloaded 41 resources in 212ms.
06-08 16:13:44.340 D/libEGL  ( 1325): Emulator without GPU support detected. Fallback to legacy software renderer, qemu.gles is set to 0.
06-08 16:13:44.422 D/libEGL  ( 1325): loaded /system/lib64/egl/libGLES_android.so
06-08 16:13:44.489 W/Resources( 1326): Preloaded drawable resource #0x1080096 (android:drawable/toast_frame) that varies with configuration!!
06-08 16:13:44.489 I/Zygote  ( 1326): ...preloaded 114 resources in 6477ms.
06-08 16:13:44.750 W/Resources( 1326): Preloaded color resource #0x106010b (android:color/background_cache_hint_selector_material_dark) that varies with configuration!!
06-08 16:13:44.753 W/Resources( 1326): Preloaded color resource #0x1060110 (android:color/btn_default_material_dark) that varies with configuration!!
06-08 16:13:44.848 I/Zygote  ( 1326): ...preloaded 41 resources in 353ms.
06-08 16:13:44.911 D/libEGL  ( 1326): Emulator without GPU support detected. Fallback to legacy software renderer, qemu.gles is set to 0.
06-08 16:13:45.096 D/libEGL  ( 1326): loaded /system/lib/egl/libGLES_android.so
06-08 16:13:45.173 I/Zygote  ( 1325): Preloading shared libraries...
06-08 16:13:45.451 E/Hyphenator( 1325): error loading hyphenation /system/usr/hyphen-data/hyph-as.hyb
06-08 16:13:45.451 E/Hyphenator( 1325): java.io.FileNotFoundException: /system/usr/hyphen-data/hyph-as.hyb: open failed: ENOENT (No such file or directory)
06-08 16:13:45.451 E/Hyphenator( 1325): 	at libcore.io.IoBridge.open(IoBridge.java:455)
06-08 16:13:45.451 E/Hyphenator( 1325): 	at java.io.RandomAccessFile.<init>(RandomAccessFile.java:247)
06-08 16:13:45.451 E/Hyphenator( 1325): 	at android.text.Hyphenator.loadHyphenator(Hyphenator.java:118)
06-08 16:13:45.451 E/Hyphenator( 1325): 	at android.text.Hyphenator.init(Hyphenator.java:224)
06-08 16:13:45.451 E/Hyphenator( 1325): 	at com.android.internal.os.ZygoteInit.preloadTextResources(ZygoteInit.java:252)
06-08 16:13:45.451 E/Hyphenator( 1325): 	at com.android.internal.os.ZygoteInit.preload(ZygoteInit.java:206)
06-08 16:13:45.451 E/Hyphenator( 1325): 	at com.android.internal.os.ZygoteInit.main(ZygoteInit.java:743)
06-08 16:13:45.451 E/Hyphenator( 1325): Caused by: android.system.ErrnoException: open failed: ENOENT (No such file or directory)
06-08 16:13:45.451 E/Hyphenator( 1325): 	at libcore.io.Posix.open(Native Method)
06-08 16:13:45.451 E/Hyphenator( 1325): 	at libcore.io.BlockGuardOs.open(BlockGuardOs.java:187)
06-08 16:13:45.451 E/Hyphenator( 1325): 	at libcore.io.IoBridge.open(IoBridge.java:441)
06-08 16:13:45.451 E/Hyphenator( 1325): 	... 6 more
06-08 16:13:45.453 E/Hyphenator( 1325): error loading hyphenation /system/usr/hyphen-data/hyph-bn.hyb
06-08 16:13:45.453 E/Hyphenator( 1325): java.io.FileNotFoundException: /system/usr/hyphen-data/hyph-bn.hyb: open failed: ENOENT (No such file or directory)
06-08 16:13:45.453 E/Hyphenator( 1325): 	at libcore.io.IoBridge.open(IoBridge.java:455)
06-08 16:13:45.453 E/Hyphenator( 1325): 	at java.io.RandomAccessFile.<init>(RandomAccessFile.java:247)
06-08 16:13:45.453 E/Hyphenator( 1325): 	at android.text.Hyphenator.loadHyphenator(Hyphenator.java:118)
06-08 16:13:45.453 E/Hyphenator( 1325): 	at android.text.Hyphenator.init(Hyphenator.java:224)
06-08 16:13:45.453 E/Hyphenator( 1325): 	at com.android.internal.os.ZygoteInit.preloadTextResources(ZygoteInit.java:252)
06-08 16:13:45.453 E/Hyphenator( 1325): 	at com.android.internal.os.ZygoteInit.preload(ZygoteInit.java:206)
06-08 16:13:45.453 E/Hyphenator( 1325): 	at com.android.internal.os.ZygoteInit.main(ZygoteInit.java:743)
06-08 16:13:45.453 E/Hyphenator( 1325): Caused by: android.system.ErrnoException: open failed: ENOENT (No such file or directory)
06-08 16:13:45.453 E/Hyphenator( 1325): 	at libcore.io.Posix.open(Native Method)
06-08 16:13:45.453 E/Hyphenator( 1325): 	at libcore.io.BlockGuardOs.open(BlockGuardOs.java:187)
06-08 16:13:45.453 E/Hyphenator( 1325): 	at libcore.io.IoBridge.open(IoBridge.java:441)
06-08 16:13:45.453 E/Hyphenator( 1325): 	... 6 more
06-08 16:13:45.455 E/Hyphenator( 1325): error loading hyphenation /system/usr/hyphen-data/hyph-cy.hyb
06-08 16:13:45.455 E/Hyphenator( 1325): java.io.FileNotFoundException: /system/usr/hyphen-data/hyph-cy.hyb: open failed: ENOENT (No such file or directory)
06-08 16:13:45.455 E/Hyphenator( 1325): 	at libcore.io.IoBridge.open(IoBridge.java:455)
06-08 16:13:45.455 E/Hyphenator( 1325): 	at java.io.RandomAccessFile.<init>(RandomAccessFile.java:247)
06-08 16:13:45.455 E/Hyphenator( 1325): 	at android.text.Hyphenator.loadHyphenator(Hyphenator.java:118)
06-08 16:13:45.455 E/Hyphenator( 1325): 	at android.text.Hyphenator.init(Hyphenator.java:224)
06-08 16:13:45.455 E/Hyphenator( 1325): 	at com.android.internal.os.ZygoteInit.preloadTextResources(ZygoteInit.java:252)
06-08 16:13:45.455 E/Hyphenator( 1325): 	at com.android.internal.os.ZygoteInit.preload(ZygoteInit.java:206)
06-08 16:13:45.455 E/Hyphenator( 1325): 	at com.android.internal.os.ZygoteInit.main(ZygoteInit.java:743)
06-08 16:13:45.455 E/Hyphenator( 1325): Caused by: android.system.ErrnoException: open failed: ENOENT (No such file or directory)
06-08 16:13:45.455 E/Hyphenator( 1325): 	at libcore.io.Posix.open(Native Method)
06-08 16:13:45.455 E/Hyphenator( 1325): 	at libcore.io.BlockGuardOs.open(BlockGuardOs.java:187)
06-08 16:13:45.455 E/Hyphenator( 1325): 	at libcore.io.IoBridge.open(IoBridge.java:441)
06-08 16:13:45.455 E/Hyphenator( 1325): 	... 6 more
06-08 16:13:45.456 E/Hyphenator( 1325): error loading hyphenation /system/usr/hyphen-data/hyph-da.hyb
06-08 16:13:45.456 E/Hyphenator( 1325): java.io.FileNotFoundException: /system/usr/hyphen-data/hyph-da.hyb: open failed: ENOENT (No such file or directory)
06-08 16:13:45.456 E/Hyphenator( 1325): 	at libcore.io.IoBridge.open(IoBridge.java:455)
06-08 16:13:45.456 E/Hyphenator( 1325): 	at java.io.RandomAccessFile.<init>(RandomAccessFile.java:247)
06-08 16:13:45.456 E/Hyphenator( 1325): 	at android.text.Hyphenator.loadHyphenator(Hyphenator.java:118)
06-08 16:13:45.456 E/Hyphenator( 1325): 	at android.text.Hyphenator.init(Hyphenator.java:224)
06-08 16:13:45.456 E/Hyphenator( 1325): 	at com.android.internal.os.ZygoteInit.preloadTextResources(ZygoteInit.java:252)
06-08 16:13:45.456 E/Hyphenator( 1325): 	at com.android.internal.os.ZygoteInit.preload(ZygoteInit.java:206)
06-08 16:13:45.456 E/Hyphenator( 1325): 	at com.android.internal.os.ZygoteInit.main(ZygoteInit.java:743)
06-08 16:13:45.456 E/Hyphenator( 1325): Caused by: android.system.ErrnoException: open failed: ENOENT (No such file or directory)
06-08 16:13:45.456 E/Hyphenator( 1325): 	at libcore.io.Posix.open(Native Method)
06-08 16:13:45.456 E/Hyphenator( 1325): 	at libcore.io.BlockGuardOs.open(BlockGuardOs.java:187)
06-08 16:13:45.456 E/Hyphenator( 1325): 	at libcore.io.IoBridge.open(IoBridge.java:441)
06-08 16:13:45.456 E/Hyphenator( 1325): 	... 6 more
06-08 16:13:45.457 E/Hyphenator( 1325): error loading hyphenation /system/usr/hyphen-data/hyph-de-1901.hyb
06-08 16:13:45.457 E/Hyphenator( 1325): java.io.FileNotFoundException: /system/usr/hyphen-data/hyph-de-1901.hyb: open failed: ENOENT (No such file or directory)
06-08 16:13:45.457 E/Hyphenator( 1325): 	at libcore.io.IoBridge.open(IoBridge.java:455)
06-08 16:13:45.457 E/Hyphenator( 1325): 	at java.io.RandomAccessFile.<init>(RandomAccessFile.java:247)
06-08 16:13:45.457 E/Hyphenator( 1325): 	at android.text.Hyphenator.loadHyphenator(Hyphenator.java:118)
06-08 16:13:45.457 E/Hyphenator( 1325): 	at android.text.Hyphenator.init(Hyphenator.java:224)
06-08 16:13:45.457 E/Hyphenator( 1325): 	at com.android.internal.os.ZygoteInit.preloadTextResources(ZygoteInit.java:252)
06-08 16:13:45.457 E/Hyphenator( 1325): 	at com.android.internal.os.ZygoteInit.preload(ZygoteInit.java:206)
06-08 16:13:45.457 E/Hyphenator( 1325): 	at com.android.internal.os.ZygoteInit.main(ZygoteInit.java:743)
06-08 16:13:45.457 E/Hyphenator( 1325): Caused by: android.system.ErrnoException: open failed: ENOENT (No such file or directory)
06-08 16:13:45.457 E/Hyphenator( 1325): 	at libcore.io.Posix.open(Native Method)
06-08 16:13:45.457 E/Hyphenator( 1325): 	at libcore.io.BlockGuardOs.open(BlockGuardOs.java:187)
06-08 16:13:45.457 E/Hyphenator( 1325): 	at libcore.io.IoBridge.open(IoBridge.java:441)
06-08 16:13:45.457 E/Hyphenator( 1325): 	... 6 more
06-08 16:13:45.458 E/Hyphenator( 1325): error loading hyphenation /system/usr/hyphen-data/hyph-de-1996.hyb
06-08 16:13:45.458 E/Hyphenator( 1325): java.io.FileNotFoundException: /system/usr/hyphen-data/hyph-de-1996.hyb: open failed: ENOENT (No such file or directory)
06-08 16:13:45.458 E/Hyphenator( 1325): 	at libcore.io.IoBridge.open(IoBridge.java:455)
06-08 16:13:45.458 E/Hyphenator( 1325): 	at java.io.RandomAccessFile.<init>(RandomAccessFile.java:247)
06-08 16:13:45.458 E/Hyphenator( 1325): 	at android.text.Hyphenator.loadHyphenator(Hyphenator.java:118)
06-08 16:13:45.458 E/Hyphenator( 1325): 	at android.text.Hyphenator.init(Hyphenator.java:224)
06-08 16:13:45.458 E/Hyphenator( 1325): 	at com.android.internal.os.ZygoteInit.preloadTextResources(ZygoteInit.java:252)
06-08 16:13:45.458 E/Hyphenator( 1325): 	at com.android.internal.os.ZygoteInit.preload(ZygoteInit.java:206)
06-08 16:13:45.458 E/Hyphenator( 1325): 	at com.android.internal.os.ZygoteInit.main(ZygoteInit.java:743)
06-08 16:13:45.458 E/Hyphenator( 1325): Caused by: android.system.ErrnoException: open failed: ENOENT (No such file or directory)
06-08 16:13:45.458 E/Hyphenator( 1325): 	at libcore.io.Posix.open(Native Method)
06-08 16:13:45.458 E/Hyphenator( 1325): 	at libcore.io.BlockGuardOs.open(BlockGuardOs.java:187)
06-08 16:13:45.458 E/Hyphenator( 1325): 	at libcore.io.IoBridge.open(IoBridge.java:441)
06-08 16:13:45.458 E/Hyphenator( 1325): 	... 6 more
06-08 16:13:45.570 E/Hyphenator( 1325): error loading hyphenation /system/usr/hyphen-data/hyph-de-ch-1901.hyb
06-08 16:13:45.570 E/Hyphenator( 1325): java.io.FileNotFoundException: /system/usr/hyphen-data/hyph-de-ch-1901.hyb: open failed: ENOENT (No such file or directory)
06-08 16:13:45.570 E/Hyphenator( 1325): 	at libcore.io.IoBridge.open(IoBridge.java:455)
06-08 16:13:45.570 E/Hyphenator( 1325): 	at java.io.RandomAccessFile.<init>(RandomAccessFile.java:247)
06-08 16:13:45.570 E/Hyphenator( 1325): 	at android.text.Hyphenator.loadHyphenator(Hyphenator.java:118)
06-08 16:13:45.570 E/Hyphenator( 1325): 	at android.text.Hyphenator.init(Hyphenator.java:224)
06-08 16:13:45.570 E/Hyphenator( 1325): 	at com.android.internal.os.ZygoteInit.preloadTextResources(ZygoteInit.java:252)
06-08 16:13:45.570 E/Hyphenator( 1325): 	at com.android.internal.os.ZygoteInit.preload(ZygoteInit.java:206)
06-08 16:13:45.570 E/Hyphenator( 1325): 	at com.android.internal.os.ZygoteInit.main(ZygoteInit.java:743)
06-08 16:13:45.570 E/Hyphenator( 1325): Caused by: android.system.ErrnoException: open failed: ENOENT (No such file or directory)
06-08 16:13:45.570 E/Hyphenator( 1325): 	at libcore.io.Posix.open(Native Method)
06-08 16:13:45.570 E/Hyphenator( 1325): 	at libcore.io.BlockGuardOs.open(BlockGuardOs.java:187)
06-08 16:13:45.570 E/Hyphenator( 1325): 	at libcore.io.IoBridge.open(IoBridge.java:441)
06-08 16:13:45.570 E/Hyphenator( 1325): 	... 6 more
06-08 16:13:45.572 E/Hyphenator( 1325): error loading hyphenation /system/usr/hyphen-data/hyph-en-gb.hyb
06-08 16:13:45.572 E/Hyphenator( 1325): java.io.FileNotFoundException: /system/usr/hyphen-data/hyph-en-gb.hyb: open failed: ENOENT (No such file or directory)
06-08 16:13:45.572 E/Hyphenator( 1325): 	at libcore.io.IoBridge.open(IoBridge.java:455)
06-08 16:13:45.572 E/Hyphenator( 1325): 	at java.io.RandomAccessFile.<init>(RandomAccessFile.java:247)
06-08 16:13:45.572 E/Hyphenator( 1325): 	at android.text.Hyphenator.loadHyphenator(Hyphenator.java:118)
06-08 16:13:45.572 E/Hyphenator( 1325): 	at android.text.Hyphenator.init(Hyphenator.java:224)
06-08 16:13:45.572 E/Hyphenator( 1325): 	at com.android.internal.os.ZygoteInit.preloadTextResources(ZygoteInit.java:252)
06-08 16:13:45.572 E/Hyphenator( 1325): 	at com.android.internal.os.ZygoteInit.preload(ZygoteInit.java:206)
06-08 16:13:45.572 E/Hyphenator( 1325): 	at com.android.internal.os.ZygoteInit.main(ZygoteInit.java:743)
06-08 16:13:45.572 E/Hyphenator( 1325): Caused by: android.system.ErrnoException: open failed: ENOENT (No such file or directory)
06-08 16:13:45.572 E/Hyphenator( 1325): 	at libcore.io.Posix.open(Native Method)
06-08 16:13:45.572 E/Hyphenator( 1325): 	at libcore.io.BlockGuardOs.open(BlockGuardOs.java:187)
06-08 16:13:45.572 E/Hyphenator( 1325): 	at libcore.io.IoBridge.open(IoBridge.java:441)
06-08 16:13:45.572 E/Hyphenator( 1325): 	... 6 more
06-08 16:13:45.573 E/Hyphenator( 1325): error loading hyphenation /system/usr/hyphen-data/hyph-en-us.hyb
06-08 16:13:45.573 E/Hyphenator( 1325): java.io.FileNotFoundException: /system/usr/hyphen-data/hyph-en-us.hyb: open failed: ENOENT (No such file or directory)
06-08 16:13:45.573 E/Hyphenator( 1325): 	at libcore.io.IoBridge.open(IoBridge.java:455)
06-08 16:13:45.573 E/Hyphenator( 1325): 	at java.io.RandomAccessFile.<init>(RandomAccessFile.java:247)
06-08 16:13:45.573 E/Hyphenator( 1325): 	at android.text.Hyphenator.loadHyphenator(Hyphenator.java:118)
06-08 16:13:45.573 E/Hyphenator( 1325): 	at android.text.Hyphenator.init(Hyphenator.java:224)
06-08 16:13:45.573 E/Hyphenator( 1325): 	at com.android.internal.os.ZygoteInit.preloadTextResources(ZygoteInit.java:252)
06-08 16:13:45.573 E/Hyphenator( 1325): 	at com.android.internal.os.ZygoteInit.preload(ZygoteInit.java:206)
06-08 16:13:45.573 E/Hyphenator( 1325): 	at com.android.internal.os.ZygoteInit.main(ZygoteInit.java:743)
06-08 16:13:45.573 E/Hyphenator( 1325): Caused by: android.system.ErrnoException: open failed: ENOENT (No such file or directory)
06-08 16:13:45.573 E/Hyphenator( 1325): 	at libcore.io.Posix.open(Native Method)
06-08 16:13:45.573 E/Hyphenator( 1325): 	at libcore.io.BlockGuardOs.open(BlockGuardOs.java:187)
06-08 16:13:45.573 E/Hyphenator( 1325): 	at libcore.io.IoBridge.open(IoBridge.java:441)
06-08 16:13:45.573 E/Hyphenator( 1325): 	... 6 more
06-08 16:13:45.575 E/Hyphenator( 1325): error loading hyphenation /system/usr/hyphen-data/hyph-es.hyb
06-08 16:13:45.575 E/Hyphenator( 1325): java.io.FileNotFoundException: /system/usr/hyphen-data/hyph-es.hyb: open failed: ENOENT (No such file or directory)
06-08 16:13:45.575 E/Hyphenator( 1325): 	at libcore.io.IoBridge.open(IoBridge.java:455)
06-08 16:13:45.575 E/Hyphenator( 1325): 	at java.io.RandomAccessFile.<init>(RandomAccessFile.java:247)
06-08 16:13:45.575 E/Hyphenator( 1325): 	at android.text.Hyphenator.loadHyphenator(Hyphenator.java:118)
06-08 16:13:45.575 E/Hyphenator( 1325): 	at android.text.Hyphenator.init(Hyphenator.java:224)
06-08 16:13:45.575 E/Hyphenator( 1325): 	at com.android.internal.os.ZygoteInit.preloadTextResources(ZygoteInit.java:252)
06-08 16:13:45.575 E/Hyphenator( 1325): 	at com.android.internal.os.ZygoteInit.preload(ZygoteInit.java:206)
06-08 16:13:45.575 E/Hyphenator( 1325): 	at com.android.internal.os.ZygoteInit.main(ZygoteInit.java:743)
06-08 16:13:45.575 E/Hyphenator( 1325): Caused by: android.system.ErrnoException: open failed: ENOENT (No such file or directory)
06-08 16:13:45.575 E/Hyphenator( 1325): 	at libcore.io.Posix.open(Native Method)
06-08 16:13:45.575 E/Hyphenator( 1325): 	at libcore.io.BlockGuardOs.open(BlockGuardOs.java:187)
06-08 16:13:45.575 E/Hyphenator( 1325): 	at libcore.io.IoBridge.open(IoBridge.java:441)
06-08 16:13:45.575 E/Hyphenator( 1325): 	... 6 more
06-08 16:13:45.576 E/Hyphenator( 1325): error loading hyphenation /system/usr/hyphen-data/hyph-et.hyb
06-08 16:13:45.576 E/Hyphenator( 1325): java.io.FileNotFoundException: /system/usr/hyphen-data/hyph-et.hyb: open failed: ENOENT (No such file or directory)
06-08 16:13:45.576 E/Hyphenator( 1325): 	at libcore.io.IoBridge.open(IoBridge.java:455)
06-08 16:13:45.576 E/Hyphenator( 1325): 	at java.io.RandomAccessFile.<init>(RandomAccessFile.java:247)
06-08 16:13:45.576 E/Hyphenator( 1325): 	at android.text.Hyphenator.loadHyphenator(Hyphenator.java:118)
06-08 16:13:45.576 E/Hyphenator( 1325): 	at android.text.Hyphenator.init(Hyphenator.java:224)
06-08 16:13:45.576 E/Hyphenator( 1325): 	at com.android.internal.os.ZygoteInit.preloadTextResources(ZygoteInit.java:252)
06-08 16:13:45.576 E/Hyphenator( 1325): 	at com.android.internal.os.ZygoteInit.preload(ZygoteInit.java:206)
06-08 16:13:45.576 E/Hyphenator( 1325): 	at com.android.internal.os.ZygoteInit.main(ZygoteInit.java:743)
06-08 16:13:45.576 E/Hyphenator( 1325): Caused by: android.system.ErrnoException: open failed: ENOENT (No such file or directory)
06-08 16:13:45.576 E/Hyphenator( 1325): 	at libcore.io.Posix.open(Native Method)
06-08 16:13:45.576 E/Hyphenator( 1325): 	at libcore.io.BlockGuardOs.open(BlockGuardOs.java:187)
06-08 16:13:45.576 E/Hyphenator( 1325): 	at libcore.io.IoBridge.open(IoBridge.java:441)
06-08 16:13:45.576 E/Hyphenator( 1325): 	... 6 more
06-08 16:13:45.577 E/Hyphenator( 1325): error loading hyphenation /system/usr/hyphen-data/hyph-eu.hyb
06-08 16:13:45.577 E/Hyphenator( 1325): java.io.FileNotFoundException: /system/usr/hyphen-data/hyph-eu.hyb: open failed: ENOENT (No such file or directory)
06-08 16:13:45.577 E/Hyphenator( 1325): 	at libcore.io.IoBridge.open(IoBridge.java:455)
06-08 16:13:45.577 E/Hyphenator( 1325): 	at java.io.RandomAccessFile.<init>(RandomAccessFile.java:247)
06-08 16:13:45.577 E/Hyphenator( 1325): 	at android.text.Hyphenator.loadHyphenator(Hyphenator.java:118)
06-08 16:13:45.577 E/Hyphenator( 1325): 	at android.text.Hyphenator.init(Hyphenator.java:224)
06-08 16:13:45.577 E/Hyphenator( 1325): 	at com.android.internal.os.ZygoteInit.preloadTextResources(ZygoteInit.java:252)
06-08 16:13:45.577 E/Hyphenator( 1325): 	at com.android.internal.os.ZygoteInit.preload(ZygoteInit.java:206)
06-08 16:13:45.577 E/Hyphenator( 1325): 	at com.android.internal.os.ZygoteInit.main(ZygoteInit.java:743)
06-08 16:13:45.577 E/Hyphenator( 1325): Caused by: android.system.ErrnoException: open failed: ENOENT (No such file or directory)
06-08 16:13:45.577 E/Hyphenator( 1325): 	at libcore.io.Posix.open(Native Method)
06-08 16:13:45.577 E/Hyphenator( 1325): 	at libcore.io.BlockGuardOs.open(BlockGuardOs.java:187)
06-08 16:13:45.577 E/Hyphenator( 1325): 	at libcore.io.IoBridge.open(IoBridge.java:441)
06-08 16:13:45.577 E/Hyphenator( 1325): 	... 6 more
06-08 16:13:45.578 E/Hyphenator( 1325): error loading hyphenation /system/usr/hyphen-data/hyph-fr.hyb
06-08 16:13:45.578 E/Hyphenator( 1325): java.io.FileNotFoundException: /system/usr/hyphen-data/hyph-fr.hyb: open failed: ENOENT (No such file or directory)
06-08 16:13:45.578 E/Hyphenator( 1325): 	at libcore.io.IoBridge.open(IoBridge.java:455)
06-08 16:13:45.578 E/Hyphenator( 1325): 	at java.io.RandomAccessFile.<init>(RandomAccessFile.java:247)
06-08 16:13:45.578 E/Hyphenator( 1325): 	at android.text.Hyphenator.loadHyphenator(Hyphenator.java:118)
06-08 16:13:45.578 E/Hyphenator( 1325): 	at android.text.Hyphenator.init(Hyphenator.java:224)
06-08 16:13:45.578 E/Hyphenator( 1325): 	at com.android.internal.os.ZygoteInit.preloadTextResources(ZygoteInit.java:252)
06-08 16:13:45.578 E/Hyphenator( 1325): 	at com.android.internal.os.ZygoteInit.preload(ZygoteInit.java:206)
06-08 16:13:45.578 E/Hyphenator( 1325): 	at com.android.internal.os.ZygoteInit.main(ZygoteInit.java:743)
06-08 16:13:45.578 E/Hyphenator( 1325): Caused by: android.system.ErrnoException: open failed: ENOENT (No such file or directory)
06-08 16:13:45.578 E/Hyphenator( 1325): 	at libcore.io.Posix.open(Native Method)
06-08 16:13:45.578 E/Hyphenator( 1325): 	at libcore.io.BlockGuardOs.open(BlockGuardOs.java:187)
06-08 16:13:45.578 E/Hyphenator( 1325): 	at libcore.io.IoBridge.open(IoBridge.java:441)
06-08 16:13:45.578 E/Hyphenator( 1325): 	... 6 more
06-08 16:13:45.579 E/Hyphenator( 1325): error loading hyphenation /system/usr/hyphen-data/hyph-ga.hyb
06-08 16:13:45.579 E/Hyphenator( 1325): java.io.FileNotFoundException: /system/usr/hyphen-data/hyph-ga.hyb: open failed: ENOENT (No such file or directory)
06-08 16:13:45.579 E/Hyphenator( 1325): 	at libcore.io.IoBridge.open(IoBridge.java:455)
06-08 16:13:45.579 E/Hyphenator( 1325): 	at java.io.RandomAccessFile.<init>(RandomAccessFile.java:247)
06-08 16:13:45.579 E/Hyphenator( 1325): 	at android.text.Hyphenator.loadHyphenator(Hyphenator.java:118)
06-08 16:13:45.579 E/Hyphenator( 1325): 	at android.text.Hyphenator.init(Hyphenator.java:224)
06-08 16:13:45.579 E/Hyphenator( 1325): 	at com.android.internal.os.ZygoteInit.preloadTextResources(ZygoteInit.java:252)
06-08 16:13:45.579 E/Hyphenator( 1325): 	at com.android.internal.os.ZygoteInit.preload(ZygoteInit.java:206)
06-08 16:13:45.579 E/Hyphenator( 1325): 	at com.android.internal.os.ZygoteInit.main(ZygoteInit.java:743)
06-08 16:13:45.579 E/Hyphenator( 1325): Caused by: android.system.ErrnoException: open failed: ENOENT (No such file or directory)
06-08 16:13:45.579 E/Hyphenator( 1325): 	at libcore.io.Posix.open(Native Method)
06-08 16:13:45.579 E/Hyphenator( 1325): 	at libcore.io.BlockGuardOs.open(BlockGuardOs.java:187)
06-08 16:13:45.579 E/Hyphenator( 1325): 	at libcore.io.IoBridge.open(IoBridge.java:441)
06-08 16:13:45.579 E/Hyphenator( 1325): 	... 6 more
06-08 16:13:45.694 E/Hyphenator( 1325): error loading hyphenation /system/usr/hyphen-data/hyph-gu.hyb
06-08 16:13:45.694 E/Hyphenator( 1325): java.io.FileNotFoundException: /system/usr/hyphen-data/hyph-gu.hyb: open failed: ENOENT (No such file or directory)
06-08 16:13:45.694 E/Hyphenator( 1325): 	at libcore.io.IoBridge.open(IoBridge.java:455)
06-08 16:13:45.694 E/Hyphenator( 1325): 	at java.io.RandomAccessFile.<init>(RandomAccessFile.java:247)
06-08 16:13:45.694 E/Hyphenator( 1325): 	at android.text.Hyphenator.loadHyphenator(Hyphenator.java:118)
06-08 16:13:45.694 E/Hyphenator( 1325): 	at android.text.Hyphenator.init(Hyphenator.java:224)
06-08 16:13:45.694 E/Hyphenator( 1325): 	at com.android.internal.os.ZygoteInit.preloadTextResources(ZygoteInit.java:252)
06-08 16:13:45.694 E/Hyphenator( 1325): 	at com.android.internal.os.ZygoteInit.preload(ZygoteInit.java:206)
06-08 16:13:45.694 E/Hyphenator( 1325): 	at com.android.internal.os.ZygoteInit.main(ZygoteInit.java:743)
06-08 16:13:45.694 E/Hyphenator( 1325): Caused by: android.system.ErrnoException: open failed: ENOENT (No such file or directory)
06-08 16:13:45.694 E/Hyphenator( 1325): 	at libcore.io.Posix.open(Native Method)
06-08 16:13:45.694 E/Hyphenator( 1325): 	at libcore.io.BlockGuardOs.open(BlockGuardOs.java:187)
06-08 16:13:45.694 E/Hyphenator( 1325): 	at libcore.io.IoBridge.open(IoBridge.java:441)
