06-08 16:14:29.718 I/SystemServiceManager( 1748): Starting com.android.server.connectivity.MetricsLoggerService
06-08 16:14:29.722 D/EventHub( 1748): No input device configuration file found for device 'Power Button'.
06-08 16:14:29.851 I/SystemServer( 1748): IpConnectivityMetrics
06-08 16:14:29.862 I/SystemServiceManager( 1748): Starting com.android.server.connectivity.IpConnectivityMetrics
06-08 16:14:29.864 I/SystemServer( 1748): PinnerService
06-08 16:14:29.864 I/SystemServiceManager( 1748): Starting com.android.server.PinnerService
06-08 16:14:29.884 W/EventHub( 1748): Unable to disable kernel key repeat for /dev/input/event0: Function not implemented
06-08 16:14:29.884 I/EventHub( 1748): New device: id=1, fd=91, path='/dev/input/event0', name='Power Button', classes=0x1, configuration='', keyLayout='/system/usr/keylayout/Generic.kl', keyCharacterMap='/system/usr/keychars/Generic.kcm', builtinKeyboard=false, wakeMechanism=EPOLLWAKEUP, usingClockIoctl=true
06-08 16:14:29.887 I/SystemServiceManager( 1748): Starting com.android.server.InputMethodManagerService$Lifecycle
06-08 16:14:30.028 W/EventHub( 1748): Unable to disable kernel key repeat for /dev/input/event1: Function not implemented
06-08 16:14:30.029 I/EventHub( 1748): New device: id=2, fd=92, path='/dev/input/event1', name='qwerty2', classes=0x95, configuration='/system/usr/idc/qwerty2.idc', keyLayout='/system/usr/keylayout/qwerty.kl', keyCharacterMap='/system/usr/keychars/qwerty2.kcm', builtinKeyboard=true, wakeMechanism=EPOLLWAKEUP, usingClockIoctl=true
06-08 16:14:30.029 E/EventHub( 1748): could not get driver version for /dev/input/mice, Not a typewriter
06-08 16:14:30.120 I/InputReader( 1748): Device added: id=-1, name='Virtual', sources=0x00000301
06-08 16:14:30.126 I/InputReader( 1748):   Touch device 'qwerty2' could not query the properties of its associated display.  The device will be inoperable until the display size becomes available.
06-08 16:14:30.126 I/InputReader( 1748): Device added: id=0, name='qwerty2', sources=0x80001103
06-08 16:14:30.127 I/InputReader( 1748): Device added: id=1, name='Power Button', sources=0x00000101
06-08 16:14:30.804 I/SystemServer( 1748): StartAccessibilityManagerService
06-08 16:14:30.865 I/ActivityManager( 1748): Config changes=1df8 {1.0 ?mcc?mnc [en_US] ldltr sw360dp w360dp h640dp 480dpi nrml long port ?uimode ?night -touch -keyb/v/h -nav/h s.2}
06-08 16:14:30.915 I/ActivityManager( 1748): Config changes=500 {1.0 ?mcc?mnc [en_US] ldltr sw360dp w360dp h568dp 480dpi nrml port ?uimode ?night -touch -keyb/v/h -nav/h s.3}
06-08 16:14:30.982 I/ActivityManager( 1748): Config changes=8 {1.0 ?mcc?mnc [en_US] ldltr sw360dp w360dp h568dp 480dpi nrml port ?uimode ?night finger -keyb/v/h -nav/h s.4}
06-08 16:14:31.032 I/InputReader( 1748): Reconfiguring input devices.  changes=0x00000004
06-08 16:14:31.033 I/InputReader( 1748): Device reconfigured: id=0, name='qwerty2', size 1080x1920, orientation 0, mode 1, display id 0
06-08 16:14:31.039 I/InputReader( 1748): Reconfiguring input devices.  changes=0x00000004
06-08 16:14:31.059 I/SystemServiceManager( 1748): Starting com.android.server.MountService$Lifecycle
06-08 16:14:31.145 I/SystemServiceManager( 1748): Starting com.android.server.UiModeManagerService
06-08 16:14:31.156 I/ActivityManager( 1748): Config changes=200 {1.0 ?mcc?mnc [en_US] ldltr sw360dp w360dp h568dp 480dpi nrml port finger -keyb/v/h -nav/h s.5}
06-08 16:14:31.173 D/MountService( 1748): Thinking about init, mSystemReady=false, mDaemonConnected=true
06-08 16:14:31.174 D/MountService( 1748): Thinking about reset, mSystemReady=false, mDaemonConnected=true
06-08 16:14:31.175 D/MountService( 1748): Thinking about init, mSystemReady=false, mDaemonConnected=true
06-08 16:14:31.175 D/MountService( 1748): Thinking about reset, mSystemReady=false, mDaemonConnected=true
06-08 16:14:31.182 D/CryptdConnector( 1748): SND -> {1 cryptfs getfield SystemLocale}
06-08 16:14:31.198 D/CryptdConnector( 1748): RCV <- {200 1 -1}
06-08 16:14:31.245 W/PackageManager( 1748): No disk maintenance in 6523537244; running immediately
06-08 16:14:31.245 I/SystemServer( 1748): StartLockSettingsService
06-08 16:14:31.261 I/SystemServiceManager( 1748): Starting com.android.server.LockSettingsService$Lifecycle
06-08 16:14:31.279 W/MountService( 1748): No primary storage mounted!
06-08 16:14:31.282 D/VoldConnector( 1748): SND -> {1 asec list}
06-08 16:14:31.291 D/VoldConnector( 1748): RCV <- {200 1 asec operation succeeded}
06-08 16:14:31.293 I/PackageManager( 1748): No secure containers found
06-08 16:14:31.294 W/PackageManager( 1748): Unknown permission com.google.android.googleapps.permission.GOOGLE_AUTH in package com.android.providers.calendar
06-08 16:14:31.294 W/PackageManager( 1748): Unknown permission com.google.android.googleapps.permission.GOOGLE_AUTH.cl in package com.android.providers.calendar
06-08 16:14:31.294 W/PackageManager( 1748): Not granting permission android.permission.GLOBAL_SEARCH to package com.android.quicksearchbox (protectionLevel=18 flags=0x3808be45)
06-08 16:14:31.295 W/PackageManager( 1748): Not granting permission android.permission.WRITE_EXTERNAL_STORAGE to package gov.nasa.arc.astrobee.android.gs.manager because it was previously installed without
06-08 16:14:31.295 W/PackageManager( 1748): Not granting permission android.permission.READ_EXTERNAL_STORAGE to package gov.nasa.arc.astrobee.android.gs.manager because it was previously installed without
06-08 16:14:31.296 W/PackageManager( 1748): Unknown permission com.android.launcher.permission.READ_SETTINGS in package com.android.launcher3
06-08 16:14:31.296 W/PackageManager( 1748): Unknown permission com.android.launcher.permission.WRITE_SETTINGS in package com.android.launcher3
06-08 16:14:31.296 W/PackageManager( 1748): Not granting permission android.permission.BIND_APPWIDGET to package com.android.launcher3 (protectionLevel=18 flags=0x3c4bbe45)
06-08 16:14:31.296 W/PackageManager( 1748): Unknown permission com.google.android.googleapps.permission.GOOGLE_AUTH.mail in package com.android.calendar
06-08 16:14:31.296 W/PackageManager( 1748): Unknown permission com.google.android.providers.settings.permission.WRITE_GSETTINGS in package com.android.sdksetup
06-08 16:14:31.297 W/PackageManager( 1748): Unknown permission com.google.android.permission.INSTALL_WEARABLE_PACKAGES in package com.android.packageinstaller
06-08 16:14:31.297 W/PackageManager( 1748): Not granting permission android.permission.DELETE_PACKAGES to package com.svox.pico (protectionLevel=18 flags=0x3808be45)
06-08 16:14:31.297 W/PackageManager( 1748): Not granting permission android.permission.READ_CONTACTS to package com.example.android.apis because it was previously installed without
06-08 16:14:31.297 W/PackageManager( 1748): Not granting permission android.permission.WRITE_CONTACTS to package com.example.android.apis because it was previously installed without
06-08 16:14:31.297 W/PackageManager( 1748): Not granting permission android.permission.ACCESS_COARSE_LOCATION to package com.example.android.apis because it was previously installed without
06-08 16:14:31.297 W/PackageManager( 1748): Not granting permission android.permission.WRITE_EXTERNAL_STORAGE to package com.example.android.apis because it was previously installed without
06-08 16:14:31.297 W/PackageManager( 1748): Not granting permission android.permission.SEND_SMS to package com.example.android.apis because it was previously installed without
06-08 16:14:31.297 W/PackageManager( 1748): Not granting permission android.permission.RECEIVE_SMS to package com.example.android.apis because it was previously installed without
06-08 16:14:31.297 W/PackageManager( 1748): Not granting permission android.permission.RECEIVE_MMS to package com.example.android.apis because it was previously installed without
06-08 16:14:31.298 W/PackageManager( 1748): Not granting permission android.permission.READ_SMS to package com.example.android.apis because it was previously installed without
06-08 16:14:31.298 W/PackageManager( 1748): Not granting permission android.permission.READ_PHONE_STATE to package com.example.android.apis because it was previously installed without
06-08 16:14:31.298 W/PackageManager( 1748): Not granting permission android.permission.RECORD_AUDIO to package com.example.android.apis because it was previously installed without
06-08 16:14:31.298 W/PackageManager( 1748): Not granting permission android.permission.CAMERA to package com.example.android.apis because it was previously installed without
06-08 16:14:31.298 W/PackageManager( 1748): Not granting permission android.permission.READ_EXTERNAL_STORAGE to package com.example.android.apis because it was previously installed without
06-08 16:14:31.298 W/PackageManager( 1748): Unknown permission android.permission.RUN_INSTRUMENTATION in package org.chromium.webview_shell
06-08 16:14:31.298 W/PackageManager( 1748): Unknown permission com.google.android.googleapps.permission.GOOGLE_AUTH in package com.android.settings
06-08 16:14:31.299 W/PackageManager( 1748): Unknown permission com.android.launcher.permission.READ_SETTINGS in package com.android.settings
06-08 16:14:31.299 W/PackageManager( 1748): Unknown permission com.android.launcher.permission.WRITE_SETTINGS in package com.android.settings
06-08 16:14:31.299 W/PackageManager( 1748): Unknown permission com.android.smspush.WAPPUSH_MANAGER_BIND in package com.android.phone
06-08 16:14:31.351 W/PackageManager( 1748): Unknown permission com.google.android.googleapps.permission.ACCESS_GOOGLE_PASSWORD in package com.android.development
06-08 16:14:31.351 W/PackageManager( 1748): Unknown permission com.google.android.googleapps.permission.GOOGLE_AUTH in package com.android.development
06-08 16:14:31.351 W/PackageManager( 1748): Unknown permission com.google.android.googleapps.permission.GOOGLE_AUTH.ALL_SERVICES in package com.android.development
06-08 16:14:31.351 W/PackageManager( 1748): Unknown permission com.google.android.googleapps.permission.GOOGLE_AUTH.YouTubeUser in package com.android.development
06-08 16:14:31.352 W/PackageManager( 1748): Not granting permission android.permission.BIND_APPWIDGET to package com.android.widgetpreview (protectionLevel=18 flags=0x3808be44)
06-08 16:14:31.387 I/SystemServiceManager( 1748): Starting com.android.server.DeviceIdleController
06-08 16:14:31.766 W/art     ( 1748): Long monitor contention with owner MountService (1936) at void com.android.server.pm.PackageManagerService.loadMediaPackages(android.util.ArrayMap, int[], boolean)(PackageManagerService.java:19317) waiters=0 in android.content.pm.ApplicationInfo com.android.server.pm.PackageManagerService.getApplicationInfo(java.lang.String, int, int) for 315ms
06-08 16:14:31.791 W/MountService( 1748): No primary storage defined yet; hacking together a stub
06-08 16:14:31.793 W/MountService( 1748): No primary storage defined yet; hacking together a stub
06-08 16:14:31.798 W/MountService( 1748): No primary storage mounted!
06-08 16:14:31.799 D/VoldConnector( 1748): SND -> {2 asec list}
06-08 16:14:31.832 I/SystemServiceManager( 1748): Starting com.android.server.devicepolicy.DevicePolicyManagerService$Lifecycle
06-08 16:14:31.871 D/VoldConnector( 1748): RCV <- {200 2 asec operation succeeded}
06-08 16:14:31.877 I/MountService( 1748): Running fstrim idle maintenance
06-08 16:14:31.879 D/VoldConnector( 1748): SND -> {3 fstrim dotrim}
06-08 16:14:31.927 D/VoldConnector( 1748): RCV <- {200 3 Command succeeded}
06-08 16:14:31.935 D/vold    ( 1275): Starting trim of /cache
06-08 16:14:31.936 W/vold    ( 1275): Trim failed on /cache: Operation not supported on transport endpoint
06-08 16:14:31.937 D/VoldConnector( 1748): RCV <- {662 /cache -1 -1}
06-08 16:14:31.971 D/vold    ( 1275): Starting trim of /data
06-08 16:14:31.971 W/vold    ( 1275): Trim failed on /data: Operation not supported on transport endpoint
06-08 16:14:31.971 D/VoldConnector( 1748): RCV <- {662 /data -1 -1}
06-08 16:14:31.974 I/SystemServer( 1748): StartStatusBarManagerService
06-08 16:14:31.993 E/VoldConnector( 1748): Error handling '662 /cache -1 -1': java.lang.NullPointerException: Attempt to invoke virtual method 'void android.os.DropBoxManager.addText(java.lang.String, java.lang.String)' on a null object reference
06-08 16:14:32.011 E/VoldConnector( 1748): Error handling '662 /data -1 -1': java.lang.NullPointerException: Attempt to invoke virtual method 'void android.os.DropBoxManager.addText(java.lang.String, java.lang.String)' on a null object reference
06-08 16:14:32.035 I/SystemServer( 1748): StartClipboardService
06-08 16:14:32.070 I/SystemServer( 1748): StartNetworkManagementService
06-08 16:14:32.125 I/NetworkManagement( 1748): onDaemonConnected()
06-08 16:14:32.201 I/SystemServiceManager( 1748): Starting com.android.server.TextServicesManagerService$Lifecycle
06-08 16:14:32.260 I/SystemServer( 1748): StartNetworkScoreService
06-08 16:14:32.295 I/SystemServer( 1748): StartNetworkStatsService
06-08 16:14:32.421 I/SystemServer( 1748): StartNetworkPolicyManagerService
06-08 16:14:32.482 I/SystemServer( 1748): No Wi-Fi NAN Service (NAN support Not Present)
06-08 16:14:32.625 W/UsageStatsService( 1748): User[0] Some stats have no latest available
06-08 16:14:32.731 I/UsageStatsService( 1748): User[0] Rollover scheduled @ 2021-06-09 16:14:30(1623255270880)
06-08 16:14:32.860 W/art     ( 1748): Suspending all threads took: 6.397ms
06-08 16:14:32.870 W/art     ( 1748): Verification of void com.android.server.wifi.p2p.WifiP2pService.<init>(android.content.Context) took 228.844ms
06-08 16:14:32.873 I/SystemServiceManager( 1748): Starting com.android.server.wifi.p2p.WifiP2pService
06-08 16:14:32.941 I/art     ( 1748): Background sticky concurrent mark sweep GC freed 34182(2MB) AllocSpace objects, 18(360KB) LOS objects, 25% free, 8MB/10MB, paused 8.454ms total 267.796ms
06-08 16:14:33.094 I/WifiP2pService( 1748): Registering wifip2p
06-08 16:14:33.099 I/SystemServiceManager( 1748): Starting com.android.server.wifi.WifiService
06-08 16:14:34.098 D/HS20    ( 1748): Passpoint is disabled
06-08 16:14:34.274 D/CommandListener( 1337): Clearing all IP addresses on wlan0
06-08 16:14:34.484 D/WifiApConfigStore( 1748): 2G band allowed channels are:1,6,11
06-08 16:14:34.491 E/WifiLogger( 1748): no ring buffers found
06-08 16:14:34.491 E/WifiLogger( 1748): Failed to start packet fate monitoring
06-08 16:14:34.531 D/WifiController( 1748): isAirplaneModeOn = true, isWifiEnabled = false, isScanningAvailable = false
06-08 16:14:34.537 I/WifiService( 1748): Registering wifi
06-08 16:14:34.552 I/SystemServiceManager( 1748): Starting com.android.server.wifi.scanner.WifiScanningService
06-08 16:14:34.552 I/WifiScanningService( 1748): Creating wifiscanner
06-08 16:14:34.561 I/WifiScanningService( 1748): Publishing wifiscanner
06-08 16:14:34.564 I/SystemServiceManager( 1748): Starting com.android.server.wifi.RttService
06-08 16:14:34.571 I/RttService( 1748): Creating rttmanager
06-08 16:14:34.574 I/RttService( 1748): Starting rttmanager
06-08 16:14:34.576 I/SystemServer( 1748): StartConnectivityService
06-08 16:14:34.659 D/ConnectivityService( 1748): ConnectivityService starting up
06-08 16:14:34.688 D/ConnectivityService( 1748): wifiOnly=false
06-08 16:14:34.832 I/SystemServer( 1748): StartNsdService
06-08 16:14:34.862 I/SystemServer( 1748): StartUpdateLockService
06-08 16:14:34.870 I/SystemServiceManager( 1748): Starting com.android.server.RecoverySystemService
06-08 16:14:34.881 I/SystemServiceManager( 1748): Starting com.android.server.notification.NotificationManagerService
06-08 16:14:35.033 D/ConditionProviders.SCP( 1748): new ScheduleConditionProvider()
06-08 16:14:35.073 D/ZenLog  ( 1748): config: readXml,ZenModeConfig[user=0,allowCalls=true,allowRepeatCallers=false,allowMessages=false,allowCallsFrom=contacts,allowMessagesFrom=contacts,allowReminders=true,allowEvents=true,allowWhenScreenOff=true,allowWhenScreenOn=true,automaticRules={370bd6672ef541ba946db9ac4aef0faf=ZenRule[enabled=false,snoozing=false,name=Weeknight,zenMode=ZEN_MODE_ALARMS,conditionId=condition://android/schedule?days=1.2.3.4.5&start=22.0&end=7.0&exitAtAlarm=false,condition=Condition[id=condition://android/schedule?days=1.2.3.4.5&start=22.0&end=7.0&exitAtAlarm=false,summary=...,line1=...,line2=...,icon=0,state=STATE_FALSE,flags=2],component=ComponentInfo{android/com.android.server.notification.ScheduleConditionProvider},id=370bd6672ef541ba946db9ac4aef0faf,creationTime=1590622727817,enabler=null], a53ffdf89c814123a52adbdd46bc948d=ZenRule[enabled=false,snoozing=false,name=Weekend,zenMode=ZEN_MODE_ALARMS,conditionId=condition://android/schedule?days=6.7&start=23.30&end=10.0&exitAtAlarm=false,condition=Condition[id=condition://android/schedule?days=6.7&start=23.30&end=10.0&exitAtAlarm=false,summary=...,line1=...,line2=...,icon=0,state=STATE_FALSE,flags=2],component=ComponentInfo{android/com.android.server.notification.ScheduleConditionProvider},id=a53ffdf89c814123a52adbdd46bc948d,creationTime=1590622727818,enabler=null], fc8bb1aacabb4877a1d1d167106f6e77=ZenRule[enabled=false,snoozing=false,name=Event,zenMode=ZEN_MODE_ALARMS,conditionId=condition://android/event?userId=-10000&calendar=&reply=1,condition=Condition[id=condition://android/event?userId=-10000&calendar=&reply=1,summary=...,line1=...,line2=...,icon=0,state=STATE_FALSE,flags=2],component=ComponentInfo{android/com.android.server.notification.EventConditionProvider},id=fc8bb1aacabb4877a1d1d167106f6e77,creationTime=1590622727822,enabler=null]},manualRule=null],Diff[automaticRule[370bd6672ef541ba946db9ac4aef0faf]:insert,automaticRule[fd107430637d4c9191a93e87a4f48860]:delete,automaticRule[a53ffdf89c814123a52adbdd46bc948d]:insert,automaticRule[bec5560de9954263bbe3aee2ee5ba131]:delete,automaticRule[c4009c2b56b94bd3873bf77a2853871f]:delete,automaticRule[fc8bb1aacabb4877a1d1d167106f6e77]:insert]
06-08 16:14:35.209 D/ZenLog  ( 1748): set_zen_mode: off,init
06-08 16:14:35.243 I/SystemServiceManager( 1748): Starting com.android.server.storage.DeviceStorageMonitorService
06-08 16:14:35.271 I/SystemServer( 1748): StartLocationManagerService
06-08 16:14:35.293 I/SystemServer( 1748): StartCountryDetectorService
06-08 16:14:35.303 I/SystemServer( 1748): StartSearchManagerService
06-08 16:14:35.304 I/SystemServiceManager( 1748): Starting com.android.server.search.SearchManagerService$Lifecycle
06-08 16:14:35.317 I/SystemServiceManager( 1748): Starting com.android.server.DropBoxManagerService
06-08 16:14:35.653 I/SystemServer( 1748): StartWallpaperManagerService
06-08 16:14:35.656 I/SystemServiceManager( 1748): Starting com.android.server.wallpaper.WallpaperManagerService$Lifecycle
06-08 16:14:35.778 E/BitmapFactory( 1748): Unable to decode stream: java.io.FileNotFoundException: /data/system/users/0/wallpaper_orig (No such file or directory)
06-08 16:14:35.778 E/WallpaperManagerService( 1748): Invalid wallpaper data
06-08 16:14:35.779 E/WallpaperManagerService( 1748): Unable to apply new wallpaper
06-08 16:14:35.876 I/SystemServer( 1748): StartAudioService
06-08 16:14:35.876 I/SystemServiceManager( 1748): Starting com.android.server.audio.AudioService$Lifecycle
06-08 16:14:36.144 W/TelecomManager( 1748): Telecom Service not found.
06-08 16:14:36.089 D/PermissionCache( 1327): checking android.permission.MODIFY_AUDIO_SETTINGS for uid=1000 => granted (4837 us)
06-08 16:14:36.265 W/AudioFlinger( 1327): no wake lock to update, system not ready yet
06-08 16:14:36.661 I/SystemServiceManager( 1748): Starting com.android.server.DockObserver
06-08 16:14:36.685 W/DockObserver( 1748): This kernel does not have dock station support
06-08 16:14:36.689 I/SystemServer( 1748): StartWiredAccessoryManager
06-08 16:14:36.706 W/WiredAccessoryManager( 1748): This kernel does not have usb audio support
06-08 16:14:36.707 W/WiredAccessoryManager( 1748): This kernel does not have HDMI audio support
06-08 16:14:36.708 I/SystemServiceManager( 1748): Starting com.android.server.midi.MidiService$Lifecycle
06-08 16:14:36.728 I/SystemServiceManager( 1748): Starting com.android.server.usb.UsbService$Lifecycle
06-08 16:14:36.788 I/SystemServer( 1748): StartSerialService
06-08 16:14:36.803 E/HardwarePropertiesManagerService-JNI( 1748): Couldn't load thermal module (No such file or directory)
06-08 16:14:36.806 I/SystemServiceManager( 1748): Starting com.android.server.twilight.TwilightService
06-08 16:14:36.808 I/SystemServiceManager( 1748): Starting com.android.server.job.JobSchedulerService
06-08 16:14:36.882 I/SystemServiceManager( 1748): Starting com.android.server.soundtrigger.SoundTriggerService
06-08 16:14:36.901 I/SystemServiceManager( 1748): Starting com.android.server.backup.BackupManagerService$Lifecycle
06-08 16:14:36.924 I/SystemServiceManager( 1748): Starting com.android.server.appwidget.AppWidgetService
06-08 16:14:37.013 I/SystemServiceManager( 1748): Starting com.android.server.voiceinteraction.VoiceInteractionManagerService
06-08 16:14:37.031 I/SystemServer( 1748): Gesture Launcher Service
06-08 16:14:37.031 I/SystemServiceManager( 1748): Starting com.android.server.GestureLauncherService
06-08 16:14:37.032 I/SystemServiceManager( 1748): Starting com.android.server.SensorNotificationService
06-08 16:14:37.033 I/SystemServiceManager( 1748): Starting com.android.server.ContextHubSystemService
06-08 16:14:37.042 E/ContextHubService( 1748): ** Could not load context_hub module : err No such file or directory
06-08 16:14:37.045 W/ContextHubService( 1748): No Context Hub Module present
06-08 16:14:37.046 I/SystemServer( 1748): StartDiskStatsService
06-08 16:14:37.048 I/SystemServer( 1748): StartSamplingProfilerService
06-08 16:14:37.181 I/SystemServer( 1748): StartNetworkTimeUpdateService
06-08 16:14:37.195 I/SystemServer( 1748): StartCommonTimeManagementService
06-08 16:14:37.210 I/SystemServer( 1748): CertBlacklister
06-08 16:14:37.214 I/SystemServiceManager( 1748): Starting com.android.server.emergency.EmergencyAffordanceService
06-08 16:14:37.218 I/SystemServiceManager( 1748): Starting com.android.server.dreams.DreamManagerService
06-08 16:14:37.252 I/SystemServer( 1748): StartAssetAtlasService
06-08 16:14:37.305 I/SystemServiceManager( 1748): Starting com.android.server.print.PrintManagerService
06-08 16:14:37.331 I/SystemServiceManager( 1748): Starting com.android.server.restrictions.RestrictionsManagerService
06-08 16:14:37.363 I/SystemServiceManager( 1748): Starting com.android.server.media.MediaSessionService
06-08 16:14:37.345 D/AssetAtlas( 1748): Loaded configuration: SliceMinArea (1280x896) flags=0x2 count=91
06-08 16:14:37.405 I/SystemServer( 1748): StartMediaRouterService
06-08 16:14:37.409 I/SystemServiceManager( 1748): Starting com.android.server.trust.TrustManagerService
06-08 16:14:37.416 I/SystemServiceManager( 1748): Starting com.android.server.fingerprint.FingerprintService
06-08 16:14:37.552 D/PermissionCache( 1342): checking android.permission.MANAGE_FINGERPRINT for uid=1000 => granted (4108 us)
06-08 16:14:37.555 V/fingerprintd( 1342): nativeOpenHal()
06-08 16:14:37.568 D/gralloc_ranchu( 1748): Emulator without host-side GPU emulation detected. Loading gralloc.default.so from /vendor/lib64/hw/gralloc.goldfish.default.so...
06-08 16:14:37.622 D/gralloc_ranchu( 1748): gralloc.default.so not found in /vendor. Trying /system/lib64/hw/gralloc.goldfish.default.so...
06-08 16:14:37.637 D/FingerprintHal( 1342): ----------------> fingerprint_open ----------------->
06-08 16:14:37.639 E/fingerprintd( 1342): Wrong fp version. Expected 512, got 513
06-08 16:14:37.680 D/FingerprintHal( 1342): ----------------> set_notify_callback ----------------->
06-08 16:14:37.680 D/FingerprintHal( 1342): fingerprint callback notification set
06-08 16:14:37.681 V/fingerprintd( 1342): fingerprint HAL successfully initialized
06-08 16:14:37.710 D/FingerprintHal( 1342): ----------------> listenerFunction ----------------->
06-08 16:14:37.743 V/fingerprintd( 1342): setActiveGroup(0, /data/system/users/0/fpdata, 27)
06-08 16:14:37.744 D/FingerprintHal( 1342): ----------------> fingerprint_set_active_group -----------------> path /data/system/users/0/fpdata
06-08 16:14:37.744 D/FingerprintHal( 1342): ----------------> loadFingerprints ----------------->
06-08 16:14:37.744 E/FingerprintHal( 1342): Could not load fingerprints from storage at /data/system/users/0/fpdata/emufp.bin; it has not yet been created.
06-08 16:14:37.744 D/FingerprintHal( 1342): ----------------> loadAuthenticatorId ----------------->
06-08 16:14:37.753 D/FingerprintHal( 1342): Read authenticator id (0x6b8b4567327b23c6)
06-08 16:14:37.763 D/FingerprintHal( 1342): ----------------> fingerprint_get_auth_id ----------------->
06-08 16:14:37.763 D/FingerprintHal( 1342): ----------------> fingerprint_get_auth_id auth id 6b8b4567327b23c6----------------->
06-08 16:14:37.764 V/FingerprintService( 1748): Fingerprint HAL id: 136269651034112
06-08 16:14:37.782 I/SystemServer( 1748): StartBackgroundDexOptService
06-08 16:14:37.904 I/SystemServiceManager( 1748): Starting com.android.server.pm.ShortcutService$Lifecycle
06-08 16:14:37.981 I/SystemServiceManager( 1748): Starting com.android.server.pm.LauncherAppsService
06-08 16:14:38.001 I/SystemServiceManager( 1748): Starting com.android.server.media.projection.MediaProjectionManagerService
06-08 16:14:38.026 V/MediaRouter( 1748): Adding route: RouteInfo{ name=Phone, description=null, status=null, category=RouteCategory{ name=null types=ROUTE_TYPE_LIVE_AUDIO ROUTE_TYPE_LIVE_VIDEO  groupable=false }, supportedTypes=ROUTE_TYPE_LIVE_AUDIO ROUTE_TYPE_LIVE_VIDEO , presentationDisplay=null }
06-08 16:14:38.059 V/MediaRouter( 1748): Updating audio routes: AudioRoutesInfo{ type=SPEAKER }
06-08 16:14:38.076 V/MediaRouter( 1748): Selecting route: RouteInfo{ name=Phone, description=null, status=null, category=RouteCategory{ name=null types=ROUTE_TYPE_LIVE_AUDIO ROUTE_TYPE_LIVE_VIDEO  groupable=false }, supportedTypes=ROUTE_TYPE_LIVE_AUDIO ROUTE_TYPE_LIVE_VIDEO , presentationDisplay=null }
06-08 16:14:38.133 I/WindowManager( 1748): SAFE MODE not enabled
06-08 16:14:38.134 I/SystemServiceManager( 1748): Starting com.android.server.MmsServiceBroker
06-08 16:14:38.192 W/VibratorService( 1748): Tried to stop vibrating but there is no vibrator device.
06-08 16:14:38.246 W/art     ( 1748): Suspending all threads took: 17.060ms
06-08 16:14:38.442 W/AssetAtlasService( 1748): Could not find EGL configuration
06-08 16:14:38.478 I/art     ( 1748): Background partial concurrent mark sweep GC freed 19297(1499KB) AllocSpace objects, 7(140KB) LOS objects, 24% free, 12MB/16MB, paused 20.966ms total 695.507ms
06-08 16:14:38.480 D/AssetAtlas( 1748): Rendered atlas in 618.83ms (575.50+43.33ms)
06-08 16:14:38.983 E/LockSettingsStorage( 1748): Cannot read file java.io.FileNotFoundException: /data/system/gatekeeper.password.key: open failed: ENOENT (No such file or directory)
06-08 16:14:38.984 E/LockSettingsStorage( 1748): Cannot read file java.io.FileNotFoundException: /data/system/password.key: open failed: ENOENT (No such file or directory)
06-08 16:14:38.986 E/LockSettingsStorage( 1748): Cannot read file java.io.FileNotFoundException: /data/system/gatekeeper.pattern.key: open failed: ENOENT (No such file or directory)
06-08 16:14:38.987 E/LockSettingsStorage( 1748): Cannot read file java.io.FileNotFoundException: /data/system/gatekeeper.gesture.key: open failed: ENOENT (No such file or directory)
06-08 16:14:38.988 E/LockSettingsStorage( 1748): Cannot read file java.io.FileNotFoundException: /data/system/gesture.key: open failed: ENOENT (No such file or directory)
06-08 16:14:38.988 I/SystemServiceManager( 1748): Starting phase 480
06-08 16:14:39.032 I/DevicePolicyManagerService( 1748): Set ro.device_owner property to false
06-08 16:14:39.092 I/SystemServiceManager( 1748): Starting phase 500
06-08 16:14:39.182 D/ConnectivityMetricsLoggerService( 1748): onBootPhase: PHASE_SYSTEM_SERVICES_READY
06-08 16:14:39.247 I/WifiService( 1748): WifiService starting up with Wi-Fi disabled
06-08 16:14:39.312 I/WifiScanningService( 1748): Starting wifiscanner
06-08 16:14:39.352 I/RttService( 1748): Registering rttmanager
06-08 16:14:39.397 D/ZenLog  ( 1748): config: cleanUpZenRules,ZenModeConfig[user=0,allowCalls=true,allowRepeatCallers=false,allowMessages=false,allowCallsFrom=contacts,allowMessagesFrom=contacts,allowReminders=true,allowEvents=true,allowWhenScreenOff=true,allowWhenScreenOn=true,automaticRules={370bd6672ef541ba946db9ac4aef0faf=ZenRule[enabled=false,snoozing=false,name=Weeknight,zenMode=ZEN_MODE_ALARMS,conditionId=condition://android/schedule?days=1.2.3.4.5&start=22.0&end=7.0&exitAtAlarm=false,condition=Condition[id=condition://android/schedule?days=1.2.3.4.5&start=22.0&end=7.0&exitAtAlarm=false,summary=...,line1=...,line2=...,icon=0,state=STATE_FALSE,flags=2],component=ComponentInfo{android/com.android.server.notification.ScheduleConditionProvider},id=370bd6672ef541ba946db9ac4aef0faf,creationTime=1590622727817,enabler=null], a53ffdf89c814123a52adbdd46bc948d=ZenRule[enabled=false,snoozing=false,name=Weekend,zenMode=ZEN_MODE_ALARMS,conditionId=condition://android/schedule?days=6.7&start=23.30&end=10.0&exitAtAlarm=false,condition=Condition[id=condition://android/schedule?days=6.7&start=23.30&end=10.0&exitAtAlarm=false,summary=...,line1=...,line2=...,icon=0,state=STATE_FALSE,flags=2],component=ComponentInfo{android/com.android.server.notification.ScheduleConditionProvider},id=a53ffdf89c814123a52adbdd46bc948d,creationTime=1590622727818,enabler=null], fc8bb1aacabb4877a1d1d167106f6e77=ZenRule[enabled=false,snoozing=false,name=Event,zenMode=ZEN_MODE_ALARMS,conditionId=condition://android/event?userId=-10000&calendar=&reply=1,condition=Condition[id=condition://android/event?userId=-10000&calendar=&reply=1,summary=...,line1=...,line2=...,icon=0,state=STATE_FALSE,flags=2],component=ComponentInfo{android/com.android.server.notification.EventConditionProvider},id=fc8bb1aacabb4877a1d1d167106f6e77,creationTime=1590622727822,enabler=null]},manualRule=null],Diff[]
06-08 16:14:39.398 D/ZenLog  ( 1748): set_zen_mode: off,onSystemReady
06-08 16:14:39.512 D/PermissionCache( 1327): checking android.permission.CAPTURE_AUDIO_HOTWORD for uid=1000 => granted (811 us)
06-08 16:14:39.514 W/SoundTriggerHelper( 1748): listModules status=0, # of modules=0
06-08 16:14:39.515 D/ContextHubSystemService( 1748): onBootPhase: PHASE_SYSTEM_SERVICES_READY
06-08 16:14:39.838 V/UserManagerService( 1748): Found /data/user_de/0 with serial number 0
06-08 16:14:39.839 V/UserManagerService( 1748): Found /data/user/0 with serial number 0
06-08 16:14:39.860 V/UserManagerService( 1748): Found /data/system_de/0 with serial number 0
06-08 16:14:39.861 V/UserManagerService( 1748): Found /data/system_ce/0 with serial number 0
06-08 16:14:39.920 W/KeyguardServiceDelegate( 1748): onScreenTurningOn(): no keyguard service!
06-08 16:14:40.472 I/ActivityManager( 1748): System now ready
06-08 16:14:40.682 I/SystemServer( 1748): Making services ready
06-08 16:14:40.682 I/SystemServiceManager( 1748): Starting phase 550
06-08 16:14:40.918 W/WindowManager( 1748): Keyguard drawn timeout. Setting mKeyguardDrawComplete
06-08 16:14:41.138 E/InputMethodManagerService( 1748): Ignoring updateSystemUiLocked due to an invalid token. uid:1000 token:null
06-08 16:14:41.822 W/ActivityManager( 1748): Slow operation: 66ms so far, now at startProcess: creating new process record
06-08 16:14:41.824 W/ActivityManager( 1748): Slow operation: 68ms so far, now at startProcess: done creating new process record
06-08 16:14:41.824 W/ActivityManager( 1748): Slow operation: 68ms so far, now at startProcess: stepping in to startProcess
06-08 16:14:41.901 I/Zygote  ( 1748): Process: zygote socket opened, supported ABIS: x86_64
06-08 16:14:42.041 W/ActivityManager( 1748): Slow operation: 216ms so far, now at startProcess: returned from zygote!
06-08 16:14:42.042 W/ActivityManager( 1748): Slow operation: 217ms so far, now at startProcess: done updating battery stats
06-08 16:14:42.043 W/ActivityManager( 1748): Slow operation: 218ms so far, now at startProcess: building log message
06-08 16:14:42.043 I/ActivityManager( 1748): Start proc 1991:com.android.inputmethod.latin/u0a41 for service com.android.inputmethod.latin/.LatinIME
06-08 16:14:42.043 W/ActivityManager( 1748): Slow operation: 218ms so far, now at startProcess: starting to update pids map
06-08 16:14:42.044 W/ActivityManager( 1748): Slow operation: 218ms so far, now at startProcess: done updating pids map
06-08 16:14:42.044 W/ActivityManager( 1748): Slow operation: 288ms so far, now at startProcess: done starting proc!
06-08 16:14:42.071 V/InputMethodManagerService( 1748): Adding window token: android.os.Binder@b757edc
06-08 16:14:42.078 E/BitmapFactory( 1748): Unable to decode stream: java.io.FileNotFoundException: /data/system/users/0/wallpaper_orig (No such file or directory)
06-08 16:14:42.078 E/WallpaperManagerService( 1748): Invalid wallpaper data
06-08 16:14:42.078 E/WallpaperManagerService( 1748): Unable to apply new wallpaper
06-08 16:14:42.080 D/MountService( 1748): Thinking about init, mSystemReady=true, mDaemonConnected=true
06-08 16:14:42.081 D/MountService( 1748): Setting up emulation state, initlocked=false
06-08 16:14:42.082 D/CryptdConnector( 1748): SND -> {2 cryptfs unlock_user_key 0 0 ! !}
06-08 16:14:42.088 D/vold    ( 1275): e4crypt_unlock_user_key 0 serial=0 token_present=0
06-08 16:14:42.124 D/CryptdConnector( 1748): RCV <- {200 2 Command succeeded}
06-08 16:14:42.161 D/MountService( 1748): Thinking about reset, mSystemReady=true, mDaemonConnected=true
06-08 16:14:42.184 D/VoldConnector( 1748): SND -> {4 volume reset}
06-08 16:14:42.189 D/vold    ( 1275): Recognized experimental block major ID 253 as virtio-blk (emulator's virtual SD card device)
06-08 16:14:42.189 V/vold    ( 1275): /system/bin/sgdisk
06-08 16:14:42.189 V/vold    ( 1275):     --android-dump
06-08 16:14:42.200 D/VoldConnector( 1748): RCV <- {651 emulated 7}
06-08 16:14:42.202 D/VoldConnector( 1748): RCV <- {659 emulated}
06-08 16:14:42.202 D/VoldConnector( 1748): RCV <- {650 emulated 2 "" ""}
06-08 16:14:42.203 D/VoldConnector( 1748): RCV <- {651 emulated 0}
06-08 16:14:42.204 D/VoldConnector( 1748): RCV <- {651 public:253,48 7}
06-08 16:14:42.205 D/VoldConnector( 1748): RCV <- {659 public:253,48}
06-08 16:14:42.205 D/VoldConnector( 1748): RCV <- {649 disk:253,48}
06-08 16:14:42.206 D/VoldConnector( 1748): RCV <- {640 disk:253,48 5}
06-08 16:14:42.207 D/VoldConnector( 1748): RCV <- {641 disk:253,48 549453824}
06-08 16:14:42.208 D/VoldConnector( 1748): RCV <- {642 disk:253,48 Virtual}
06-08 16:14:42.208 D/VoldConnector( 1748): RCV <- {644 disk:253,48 /sys//devices/pci0000:00/0000:00:06.0/virtio3/block/vdd}
06-08 16:14:42.209 V/vold    ( 1275):     /dev/block/vold/disk:253,48
06-08 16:14:42.217 V/MountService( 1748): Found primary storage at VolumeInfo{emulated}:
06-08 16:14:42.217 V/MountService( 1748):     type=EMULATED diskId=null partGuid=null mountFlags=0 mountUserId=-1 
06-08 16:14:42.217 V/MountService( 1748):     state=UNMOUNTED 
06-08 16:14:42.217 V/MountService( 1748):     fsType=null fsUuid=null fsLabel=null 
06-08 16:14:42.217 V/MountService( 1748):     path=null internalPath=null 
06-08 16:14:42.399 W/art     ( 1997): Unexpected CPU variant for X86 using defaults: x86_64
06-08 16:14:42.401 W/art     ( 1991): Unexpected CPU variant for X86 using defaults: x86_64
06-08 16:14:42.424 W/ActivityManager( 1748): Slow operation: 254ms so far, now at startProcess: returned from zygote!
06-08 16:14:42.424 W/ActivityManager( 1748): Slow operation: 254ms so far, now at startProcess: done updating battery stats
06-08 16:14:42.425 W/ActivityManager( 1748): Slow operation: 255ms so far, now at startProcess: building log message
06-08 16:14:42.425 I/ActivityManager( 1748): Start proc 1997:com.android.systemui/u0a21 for service com.android.systemui/.ImageWallpaper
06-08 16:14:42.425 W/ActivityManager( 1748): Slow operation: 255ms so far, now at startProcess: starting to update pids map
06-08 16:14:42.425 W/ActivityManager( 1748): Slow operation: 255ms so far, now at startProcess: done updating pids map
06-08 16:14:42.425 W/ActivityManager( 1748): Slow operation: 271ms so far, now at startProcess: done starting proc!
06-08 16:14:42.431 W/art     ( 1748): Long monitor contention with owner main (1748) at int com.android.server.am.ActivityManagerService.bindService(android.app.IApplicationThread, android.os.IBinder, android.content.Intent, java.lang.String, android.app.IServiceConnection, int, java.lang.String, int)(ActivityManagerService.java:17301) waiters=1 in void com.android.server.am.ActivityManagerService$MainHandler.handleMessage(android.os.Message) for 244ms
06-08 16:14:42.434 I/ActivityManager( 1748): Force stopping com.android.providers.media appid=10010 user=-1: vold reset
06-08 16:14:42.469 D/UsbAlsaManager( 1748): Adding ALSA device AlsaDevice: [card: 0, device: 0, type: 1]
06-08 16:14:42.472 D/UsbAlsaManager( 1748): Adding ALSA device AlsaDevice: [card: 0, device: 0, type: 2]
06-08 16:14:42.474 I/SystemServer( 1748): WebViewFactory preparation
06-08 16:14:42.480 E/BluetoothAdapter( 1748): Bluetooth binder is null
06-08 16:14:42.484 E/BluetoothAdapter( 1748): Bluetooth binder is null
06-08 16:14:42.587 I/AudioFlinger( 1327): systemReady
06-08 16:14:42.696 D/WebViewFactory( 1748): Setting new address space to 114394000
06-08 16:14:43.086 I/Zygote  ( 1748): Process: zygote socket opened, supported ABIS: x86
06-08 16:14:43.204 E/WVMExtractor( 1748): Failed to open libwvm.so: dlopen failed: library "libwvm.so" not found
06-08 16:14:43.255 W/System  ( 1997): ClassLoader referenced unknown path: /system/priv-app/SystemUI/lib/x86_64
06-08 16:14:43.343 I/art     ( 1326): Starting a blocking GC Background
06-08 16:14:43.652 V/vold    ( 1275): DISK mbr
06-08 16:14:43.653 V/vold    ( 1275): 
06-08 16:14:43.666 I/art     ( 1326): Background concurrent mark sweep GC freed 411(27KB) AllocSpace objects, 0(0B) LOS objects, 39% free, 6MB/10MB, paused 1.728ms total 313.871ms
06-08 16:14:43.734 W/vold    ( 1275): disk:253,48 has unknown partition table; trying entire device
06-08 16:14:43.735 V/vold    ( 1275): /system/bin/blkid
06-08 16:14:43.735 V/vold    ( 1275):     -c
06-08 16:14:43.735 V/vold    ( 1275):     /dev/null
06-08 16:14:43.735 V/vold    ( 1275):     -s
06-08 16:14:43.735 V/vold    ( 1275):     TYPE
06-08 16:14:43.735 V/vold    ( 1275):     -s
06-08 16:14:43.735 V/vold    ( 1275):     UUID
06-08 16:14:43.735 V/vold    ( 1275):     -s
06-08 16:14:43.735 V/vold    ( 1275):     LABEL
06-08 16:14:43.735 V/vold    ( 1275):     /dev/block/vold/disk:253,48
06-08 16:14:43.857 I/MediaPlayerService( 1336): MediaPlayerService::getOMX
06-08 16:14:43.985 I/OMXClient( 1336): MuxOMX ctor
06-08 16:14:44.124 I/MediaPlayerService( 1336): MediaPlayerService::getOMX
06-08 16:14:44.127 I/OMXClient( 1336): MuxOMX ctor
06-08 16:14:44.174 I/OMXMaster( 1332): makeComponentInstance(OMX.google.mp3.decoder) in mediacodec process
06-08 16:14:44.382 W/ActivityManager( 1748): Slow operation: 1551ms so far, now at startProcess: returned from zygote!
06-08 16:14:44.382 W/ActivityManager( 1748): Slow operation: 1551ms so far, now at startProcess: done updating battery stats
06-08 16:14:44.383 W/ActivityManager( 1748): Slow operation: 1552ms so far, now at startProcess: building log message
06-08 16:14:44.383 I/ActivityManager( 1748): Start proc 2031:WebViewLoader-x86/1037 [android.webkit.WebViewFactory$RelroFileCreator] for 
06-08 16:14:44.383 W/ActivityManager( 1748): Slow operation: 1552ms so far, now at startProcess: starting to update pids map
06-08 16:14:44.383 W/ActivityManager( 1748): Slow operation: 1552ms so far, now at startProcess: done updating pids map
06-08 16:14:44.383 W/ActivityManager( 1748): Slow operation: 1553ms so far, now at startProcess: done starting proc!
06-08 16:14:44.387 W/art     ( 1748): Long monitor contention with owner Binder:1748_3 (1971) at void com.android.server.am.ActivityManagerService.attachApplication(android.app.IApplicationThread)(ActivityManagerService.java:6669) waiters=1 in void com.android.server.am.ActivityManagerService.dispatchProcessesChanged() for 1.582s
06-08 16:14:44.514 W/ActivityManager( 1748): Slow operation: 130ms so far, now at startProcess: returned from zygote!
06-08 16:14:44.515 W/ActivityManager( 1748): Slow operation: 131ms so far, now at startProcess: done updating battery stats
06-08 16:14:44.515 W/ActivityManager( 1748): Slow operation: 131ms so far, now at startProcess: building log message
06-08 16:14:44.515 I/ActivityManager( 1748): Start proc 2037:WebViewLoader-x86_64/1037 [android.webkit.WebViewFactory$RelroFileCreator] for 
06-08 16:14:44.515 W/ActivityManager( 1748): Slow operation: 131ms so far, now at startProcess: starting to update pids map
06-08 16:14:44.515 W/ActivityManager( 1748): Slow operation: 131ms so far, now at startProcess: done updating pids map
06-08 16:14:44.515 W/ActivityManager( 1748): Slow operation: 131ms so far, now at startProcess: done starting proc!
06-08 16:14:44.516 W/art     ( 1748): Long monitor contention with owner main (1748) at int com.android.server.am.ActivityManagerService.startIsolatedProcess(java.lang.String, java.lang.String[], java.lang.String, java.lang.String, int, java.lang.Runnable)(ActivityManagerService.java:3509) waiters=1 in void com.android.server.am.ActivityManagerService.publishContentProviders(android.app.IApplicationThread, java.util.List) for 467ms
06-08 16:14:44.542 D/NetworkManagement( 1748): enabling bandwidth control
06-08 16:14:44.566 W/art     ( 2037): Unexpected CPU variant for X86 using defaults: x86_64
06-08 16:14:44.763 W/ProcessCpuTracker( 1748): Skipping unknown process pid 2025
06-08 16:14:44.782 W/art     ( 2031): Unexpected CPU variant for X86 using defaults: x86
06-08 16:14:45.099 V/vold    ( 1275): /dev/block/vold/disk:253,48: LABEL="SDCARD" UUID="1EFF-1C1B" TYPE="vfat" 
06-08 16:14:45.099 V/vold    ( 1275): 
06-08 16:14:45.164 V/SystemUIService( 1997): Starting SystemUI services for user 0.
06-08 16:14:45.155 D/VoldConnector( 1748): RCV <- {650 public:253,48 0 "disk:253,48" ""}
06-08 16:14:45.195 D/VoldConnector( 1748): RCV <- {651 public:253,48 0}
06-08 16:14:45.196 D/VoldConnector( 1748): RCV <- {643 disk:253,48}
06-08 16:14:45.196 D/VoldConnector( 1748): RCV <- {200 4 Command succeeded}
06-08 16:14:45.202 E/VoldConnector( 1748): NDC Command {4 volume reset} took too long (3017ms)
06-08 16:14:45.203 D/VoldConnector( 1748): SND -> {5 volume user_added 0 0}
06-08 16:14:45.232 V/WebViewFactory( 2037): RelroFileCreator (64bit = true),  32-bit lib: /system/app/webview/webview.apk!/lib/x86/libwebviewchromium.so, 64-bit lib: /system/app/webview/webview.apk!/lib/x86_64/libwebviewchromium.so
06-08 16:14:45.300 D/VoldConnector( 1748): RCV <- {200 5 Command succeeded}
06-08 16:14:45.305 D/VoldConnector( 1748): SND -> {6 volume mount emulated 3 -1}
06-08 16:14:45.326 D/VoldConnector( 1748): RCV <- {651 emulated 1}
06-08 16:14:45.327 D/VoldConnector( 1748): RCV <- {656 emulated /data/media}
06-08 16:14:45.328 D/VoldConnector( 1748): RCV <- {655 emulated /storage/emulated}
06-08 16:14:45.452 V/vold    ( 1275): Waiting for FUSE to spin up...
06-08 16:14:45.505 V/vold    ( 1275): Waiting for FUSE to spin up...
06-08 16:14:45.560 V/vold    ( 1275): Waiting for FUSE to spin up...
06-08 16:14:45.607 V/MediaRouter( 1997): Adding route: RouteInfo{ name=Phone, description=null, status=null, category=RouteCategory{ name=null types=ROUTE_TYPE_LIVE_AUDIO ROUTE_TYPE_LIVE_VIDEO  groupable=false }, supportedTypes=ROUTE_TYPE_LIVE_AUDIO ROUTE_TYPE_LIVE_VIDEO , presentationDisplay=null }
06-08 16:14:45.617 V/vold    ( 1275): Waiting for FUSE to spin up...
06-08 16:14:45.668 V/vold    ( 1275): Waiting for FUSE to spin up...
06-08 16:14:45.687 V/MediaRouter( 1997): Updating audio routes: AudioRoutesInfo{ type=SPEAKER }
06-08 16:14:45.719 V/vold    ( 1275): Waiting for FUSE to spin up...
06-08 16:14:45.755 V/MediaRouter( 1997): Selecting route: RouteInfo{ name=Phone, description=null, status=null, category=RouteCategory{ name=null types=ROUTE_TYPE_LIVE_AUDIO ROUTE_TYPE_LIVE_VIDEO  groupable=false }, supportedTypes=ROUTE_TYPE_LIVE_AUDIO ROUTE_TYPE_LIVE_VIDEO , presentationDisplay=null }
06-08 16:14:45.769 V/vold    ( 1275): Waiting for FUSE to spin up...
06-08 16:14:45.820 V/vold    ( 1275): Waiting for FUSE to spin up...
06-08 16:14:45.881 V/vold    ( 1275): Waiting for FUSE to spin up...
06-08 16:14:45.940 V/vold    ( 1275): Waiting for FUSE to spin up...
06-08 16:14:45.943 I/LatinIME( 1991): Hardware accelerated drawing: true
06-08 16:14:46.000 V/vold    ( 1275): Waiting for FUSE to spin up...
06-08 16:14:46.052 V/WebViewFactory( 2031): RelroFileCreator (64bit = false),  32-bit lib: /system/app/webview/webview.apk!/lib/x86/libwebviewchromium.so, 64-bit lib: /system/app/webview/webview.apk!/lib/x86_64/libwebviewchromium.so
06-08 16:14:46.060 V/vold    ( 1275): Waiting for FUSE to spin up...
06-08 16:14:46.124 V/vold    ( 1275): Waiting for FUSE to spin up...
06-08 16:14:46.180 V/vold    ( 1275): Waiting for FUSE to spin up...
06-08 16:14:46.234 V/vold    ( 1275): Waiting for FUSE to spin up...
06-08 16:14:46.289 V/vold    ( 1275): Waiting for FUSE to spin up...
06-08 16:14:46.383 V/vold    ( 1275): Waiting for FUSE to spin up...
06-08 16:14:46.431 I/MediaPlayerService( 1336): MediaPlayerService::getOMX
06-08 16:14:46.434 V/vold    ( 1275): Waiting for FUSE to spin up...
06-08 16:14:46.742 V/vold    ( 1275): Waiting for FUSE to spin up...
06-08 16:14:46.792 I/OMXClient( 1336): MuxOMX ctor
06-08 16:14:46.800 V/vold    ( 1275): Waiting for FUSE to spin up...
06-08 16:14:46.799 I/OMXMaster( 1332): makeComponentInstance(OMX.google.amrnb.decoder) in mediacodec process
06-08 16:14:46.860 V/vold    ( 1275): Waiting for FUSE to spin up...
06-08 16:14:46.975 V/vold    ( 1275): Waiting for FUSE to spin up...
06-08 16:14:46.998 W/sdcard  ( 2057): Device explicitly disabled sdcardfs
06-08 16:14:47.036 V/vold    ( 1275): Waiting for FUSE to spin up...
06-08 16:14:47.087 V/vold    ( 1275): Waiting for FUSE to spin up...
06-08 16:14:47.141 V/vold    ( 1275): Waiting for FUSE to spin up...
06-08 16:14:47.196 V/vold    ( 1275): Waiting for FUSE to spin up...
06-08 16:14:47.248 V/vold    ( 1275): Waiting for FUSE to spin up...
06-08 16:14:47.256 W/art     ( 1748): Long monitor contention with owner android.bg (1784) at void java.io.FileDescriptor.sync()(FileDescriptor.java:-2) waiters=0 in void com.android.server.pm.ShortcutService.handleOnUidStateChanged(int, int) for 2.711s
06-08 16:14:47.300 V/vold    ( 1275): Waiting for FUSE to spin up...
06-08 16:14:47.401 V/vold    ( 1275): Waiting for FUSE to spin up...
06-08 16:14:47.453 V/vold    ( 1275): Waiting for FUSE to spin up...
06-08 16:14:47.464 I/MediaPlayerService( 1336): MediaPlayerService::getOMX
06-08 16:14:47.465 I/OMXClient( 1336): MuxOMX ctor
06-08 16:14:47.470 I/OMXMaster( 1332): makeComponentInstance(OMX.google.amrwb.decoder) in mediacodec process
06-08 16:14:47.532 D/VoldConnector( 1748): RCV <- {651 emulated 2}
06-08 16:14:47.538 D/VoldConnector( 1748): RCV <- {200 6 Command succeeded}
06-08 16:14:47.600 I/MediaPlayerService( 1336): MediaPlayerService::getOMX
06-08 16:14:47.623 I/OMXClient( 1336): MuxOMX ctor
06-08 16:14:47.623 I/OMXMaster( 1332): makeComponentInstance(OMX.google.aac.decoder) in mediacodec process
06-08 16:14:47.682 E/VoldConnector( 1748): NDC Command {6 volume mount emulated 3 -1} took too long (2377ms)
06-08 16:14:47.704 D/VoldConnector( 1748): SND -> {7 volume mount public:253,48 2 0}
06-08 16:14:47.708 V/vold    ( 1275): /system/bin/blkid
06-08 16:14:47.708 V/vold    ( 1275):     -c
06-08 16:14:47.708 V/vold    ( 1275):     /dev/null
06-08 16:14:47.708 V/vold    ( 1275):     -s
06-08 16:14:47.708 V/vold    ( 1275):     TYPE
06-08 16:14:47.708 V/vold    ( 1275):     -s
06-08 16:14:47.708 V/vold    ( 1275):     UUID
06-08 16:14:47.708 V/vold    ( 1275):     -s
06-08 16:14:47.708 V/vold    ( 1275):     LABEL
06-08 16:14:47.709 V/vold    ( 1275):     /dev/block/vold/public:253,48
06-08 16:14:47.740 D/VoldConnector( 1748): RCV <- {651 public:253,48 1}
06-08 16:14:47.936 E/WVMExtractor( 1997): Failed to open libwvm.so: dlopen failed: library "libwvm.so" not found
06-08 16:14:48.154 I/MediaPlayerService( 1336): MediaPlayerService::getOMX
06-08 16:14:48.173 I/OMXClient( 1336): MuxOMX ctor
06-08 16:14:48.174 I/OMXMaster( 1332): makeComponentInstance(OMX.google.g711.alaw.decoder) in mediacodec process
06-08 16:14:48.854 I/art     ( 2037): System.exit called, status: 0
06-08 16:14:48.854 I/AndroidRuntime( 2037): VM exiting with result code 0, cleanup skipped.
06-08 16:14:48.969 E/NetdConnector( 1748): NDC Command {3 bandwidth enable} took too long (4426ms)
06-08 16:14:49.044 I/art     ( 2031): System.exit called, status: 0
06-08 16:14:49.045 I/AndroidRuntime( 2031): VM exiting with result code 0, cleanup skipped.
06-08 16:14:49.285 I/MediaPlayerService( 1336): MediaPlayerService::getOMX
06-08 16:14:49.286 I/OMXClient( 1336): MuxOMX ctor
06-08 16:14:49.287 I/OMXMaster( 1332): makeComponentInstance(OMX.google.g711.mlaw.decoder) in mediacodec process
06-08 16:14:49.894 V/vold    ( 1275): /dev/block/vold/public:253,48: LABEL="SDCARD" UUID="1EFF-1C1B" TYPE="vfat" 
06-08 16:14:49.894 V/vold    ( 1275): 
06-08 16:14:49.898 V/vold    ( 1275): /system/bin/fsck_msdos
06-08 16:14:49.898 V/vold    ( 1275):     -p
06-08 16:14:49.898 V/vold    ( 1275):     -f
06-08 16:14:49.898 V/vold    ( 1275):     /dev/block/vold/public:253,48
06-08 16:14:49.980 D/VoldConnector( 1748): RCV <- {652 public:253,48 vfat}
06-08 16:14:49.981 D/VoldConnector( 1748): RCV <- {653 public:253,48 1EFF-1C1B}
06-08 16:14:49.982 D/VoldConnector( 1748): RCV <- {654 public:253,48 SDCARD}
06-08 16:14:50.110 I/MediaPlayerService( 1336): MediaPlayerService::getOMX
06-08 16:14:50.144 I/OMXClient( 1336): MuxOMX ctor
