05-28 15:07:25.900 V/EmulatedCamera_Camera( 1327): getCameraInfo
05-28 15:07:25.900 V/EmulatedCamera_BaseCamera( 1327): getCameraInfo
05-28 15:07:25.900 V/EmulatedCamera_Camera( 1327): connectCamera
05-28 15:07:25.900 V/EmulatedCamera_FakeDevice( 1327): connectDevice
05-28 15:07:25.901 V/EmulatedCamera_CallbackNotifier( 1327): setCallbacks: 0xe96a7e80, 0xe96a7ed0, 0xe96a7ff0, 0xe96a8110 (0xe8c43140)
05-28 15:07:26.002 V/EmulatedCamera_Preview( 1327): setPreviewWindow: current: 0x0 -> new: 0xe8c43150
05-28 15:07:26.003 V/EmulatedCamera_Preview( 1327): setPreviewWindow: current: 0xe8c43150 -> new: 0x0
05-28 15:07:26.003 V/EmulatedCamera_Camera( 1327): doStopPreview
05-28 15:07:26.004 V/EmulatedCamera_Preview( 1327): setPreviewWindow: current: 0x0 -> new: 0x0
05-28 15:07:26.004 V/EmulatedCamera_Camera( 1327): releaseCamera
05-28 15:07:26.004 V/EmulatedCamera_Camera( 1327): doStopPreview
05-28 15:07:26.004 V/EmulatedCamera_FakeDevice( 1327): disconnectDevice
05-28 15:07:26.004 W/EmulatedCamera_Device( 1327): Initialize: Emulated camera device is already initialized: mState = 1
05-28 15:07:26.004 D/EmulatedCamera_FakeCamera( 1327): Initialize: Fake camera is facing back
05-28 15:07:26.005 V/EmulatedCamera_Device( 1327): initializeWhiteBalanceModes with auto, 1.000000, 1.000000
05-28 15:07:26.005 V/EmulatedCamera_Device( 1327): initializeWhiteBalanceModes with incandescent, 1.380000, 0.600000
05-28 15:07:26.005 V/EmulatedCamera_Device( 1327): initializeWhiteBalanceModes with daylight, 1.090000, 0.920000
05-28 15:07:26.005 V/EmulatedCamera_Device( 1327): initializeWhiteBalanceModes with twilight, 0.920000, 1.220000
05-28 15:07:26.005 V/EmulatedCamera_Device( 1327): setWhiteBalanceMode with white balance auto
05-28 15:07:26.005 I/CameraFlashlight( 1327): Destroying camera 0
05-28 15:07:26.005 V/EmulatedCamera_Camera( 1327): closeCamera
05-28 15:07:26.005 V/EmulatedCamera_Camera( 1327): doStopPreview
05-28 15:07:26.006 W/EmulatedCamera_Device( 1327): Initialize: Emulated camera device is already initialized: mState = 1
05-28 15:07:26.006 D/EmulatedCamera_FakeCamera( 1327): Initialize: Fake camera is facing back
05-28 15:07:26.006 V/EmulatedCamera_Device( 1327): initializeWhiteBalanceModes with auto, 1.000000, 1.000000
05-28 15:07:26.006 V/EmulatedCamera_Device( 1327): initializeWhiteBalanceModes with incandescent, 1.380000, 0.600000
05-28 15:07:26.006 V/EmulatedCamera_Device( 1327): initializeWhiteBalanceModes with daylight, 1.090000, 0.920000
05-28 15:07:26.006 V/EmulatedCamera_Device( 1327): initializeWhiteBalanceModes with twilight, 0.920000, 1.220000
05-28 15:07:26.006 V/EmulatedCamera_Device( 1327): setWhiteBalanceMode with white balance auto
05-28 15:07:26.008 V/EmulatedCamera_Camera( 1327): getCameraInfo
05-28 15:07:26.009 V/EmulatedCamera_BaseCamera( 1327): getCameraInfo
05-28 15:07:26.051 I/ServiceManager( 1327): Waiting for service media.camera.proxy...
05-28 15:07:26.296 V/MediaUtils( 1333): physMem: 1043894272
05-28 15:07:26.297 V/MediaUtils( 1333): requested limit: 208778840
05-28 15:07:26.297 V/MediaUtils( 1333): actual limit: 208778840
05-28 15:07:26.297 V/MediaUtils( 1333): original limits: 4294967295/4294967295
05-28 15:07:26.297 V/MediaUtils( 1333): new limits: 208778840/4294967295
05-28 15:07:26.299 W//system/bin/mediaextractor( 1333): libminijail: allowing syscall: socketcall
05-28 15:07:26.299 W//system/bin/mediaextractor( 1333): libminijail: allowing syscall: writev
05-28 15:07:26.300 W//system/bin/mediaextractor( 1333): libminijail: allowing syscall: fcntl64
05-28 15:07:26.366 W//system/bin/mediaextractor( 1333): libminijail: allowing syscall: clock_gettime
05-28 15:07:26.372 W//system/bin/mediaextractor( 1333): libminijail: logging seccomp filter failures
05-28 15:07:27.053 I/ServiceManager( 1327): Waiting for service media.camera.proxy...
05-28 15:07:27.156 I/mediaserver( 1334): ServiceManager: 0xf123c0a0
05-28 15:07:27.271 W/BatteryNotifier( 1334): batterystats service unavailable!
05-28 15:07:27.565 I/        ( 1326): sMaxFastTracks = 8
05-28 15:07:27.652 I/audioserver( 1326): ServiceManager: 0xee23c020
05-28 15:07:27.654 W/BatteryNotifier( 1326): batterystats service unavailable!
05-28 15:07:27.655 I/AudioFlinger( 1326): Using default 3000 mSec as standby time.
05-28 15:07:27.674 I/AudioPolicyService( 1326): AudioPolicyService CSTOR in new mode
05-28 15:07:27.737 I/APM::ConfigParsingUtils( 1326): loadAudioPolicyConfig() loaded /system/etc/audio_policy.conf
05-28 15:07:27.793 D/audio_hw_generic( 1326): Emulator host-side ALSA audio emulation detected.
05-28 15:07:27.795 D/audio_hw_generic( 1326): mixer 0 name Master Playback Volume
05-28 15:07:27.795 D/audio_hw_generic( 1326): set ctl 0 to 100
05-28 15:07:27.796 D/audio_hw_generic( 1326): set ctl 1 to 100
05-28 15:07:27.796 D/audio_hw_generic( 1326): mixer 1 name Master Playback Switch
05-28 15:07:27.796 D/audio_hw_generic( 1326): set ctl 0 to 1
05-28 15:07:27.797 D/audio_hw_generic( 1326): set ctl 1 to 1
05-28 15:07:27.797 D/audio_hw_generic( 1326): mixer 2 name Capture Volume
05-28 15:07:27.797 D/audio_hw_generic( 1326): set ctl 0 to 100
05-28 15:07:27.797 D/audio_hw_generic( 1326): set ctl 1 to 100
05-28 15:07:27.797 D/audio_hw_generic( 1326): mixer 3 name Capture Switch
05-28 15:07:27.797 D/audio_hw_generic( 1326): set ctl 0 to 1
05-28 15:07:27.797 D/audio_hw_generic( 1326): set ctl 1 to 1
05-28 15:07:27.798 D/audio_hw_generic( 1326): mixer 4 name Line Phantom Jack
05-28 15:07:27.798 D/audio_hw_generic( 1326): mixer 5 name Line Out Phantom Jack
05-28 15:07:27.798 D/audio_hw_generic( 1326): mixer 6 name Playback Channel Map
05-28 15:07:27.798 D/audio_hw_generic( 1326): mixer 7 name Capture Channel Map
05-28 15:07:27.798 I/AudioFlinger( 1326): loadHwModule() Loaded primary audio interface from Generic audio HW HAL (audio) handle 10
05-28 15:07:27.799 I/AudioFlinger( 1326): openOutput(), module 10 Device 2, SamplingRate 48000, Format 0x000001, Channels 3, flags 2
05-28 15:07:27.900 I/AudioFlinger( 1326): HAL output buffer size 720 frames, normal sink buffer size 1152 frames
05-28 15:07:28.063 I/ServiceManager( 1327): Waiting for service media.camera.proxy...
05-28 15:07:28.112 I/BufferProvider( 1326): found effect "Multichannel Downmix To Stereo" from The Android Open Source Project
05-28 15:07:28.117 I/AudioFlinger( 1326): Using module 10 has the primary audio interface
05-28 15:07:28.145 I/AudioFlinger( 1326): AudioFlinger's thread 0xedc832c0 ready to run
05-28 15:07:28.147 W/BatteryNotifier( 1326): batterystats service unavailable!
05-28 15:07:28.149 W/BatteryNotifier( 1326): batterystats service unavailable!
05-28 15:07:28.211 W/BatteryNotifier( 1326): batterystats service unavailable!
05-28 15:07:28.213 W/AudioFlinger( 1326): no wake lock to update, system not ready yet
05-28 15:07:28.370 I/AudioFlinger( 1326): AudioFlinger's thread 0xed783280 ready to run
05-28 15:07:28.402 I/r_submix( 1326): adev_open(name=audio_hw_if)
05-28 15:07:28.403 I/r_submix( 1326): adev_init_check()
05-28 15:07:28.403 I/AudioFlinger( 1326): loadHwModule() Loaded r_submix audio interface from Wifi Display audio HAL (audio) handle 18
05-28 15:07:28.403 D/r_submix( 1326): adev_open_input_stream(addr=0)
05-28 15:07:28.404 D/r_submix( 1326): submix_audio_device_create_pipe_l(addr=0, idx=9)
05-28 15:07:28.404 D/r_submix( 1326):   now using address 0 for route 9
05-28 15:07:28.411 I/AudioFlinger( 1326): AudioFlinger's thread 0xed883480 ready to run
05-28 15:07:28.420 D/r_submix( 1326): adev_close_input_stream()
05-28 15:07:28.420 D/r_submix( 1326): submix_audio_device_release_pipe_l(idx=9) addr=0
05-28 15:07:28.420 D/r_submix( 1326): submix_audio_device_destroy_pipe_l(): pipe destroyed
05-28 15:07:28.439 I/RadioService( 1326): RadioService
05-28 15:07:28.439 I/RadioService( 1326): onFirstRef
05-28 15:07:28.451 E/RadioService( 1326): couldn't load radio module radio.primary (No such file or directory)
05-28 15:07:28.461 E/SoundTriggerHwService( 1326): couldn't load sound trigger module sound_trigger.primary (No such file or directory)
05-28 15:07:29.070 I/ServiceManager( 1327): Waiting for service media.camera.proxy...
05-28 15:07:30.074 I/ServiceManager( 1327): Waiting for service media.camera.proxy...
05-28 15:07:31.290 W/BatteryNotifier( 1326): batterystats service unavailable!
05-28 15:07:35.633 D/AndroidRuntime( 1324): >>>>>> START com.android.internal.os.ZygoteInit uid 0 <<<<<<
05-28 15:07:35.814 E/SurfaceFlinger( 1321): ro.sf.lcd_density must be defined as a build property
05-28 15:07:35.869 D/libEGL  ( 1477): Emulator without GPU support detected. Fallback to legacy software renderer, qemu.gles is set to 0.
05-28 15:07:35.918 D/AndroidRuntime( 1324): CheckJNI is ON
05-28 15:07:35.966 D/libEGL  ( 1477): loaded /system/lib64/egl/libGLES_android.so
05-28 15:07:36.000 I/art     ( 1324): option[0]=-Xzygote
05-28 15:07:36.001 I/art     ( 1324): option[1]=-Xcheck:jni
05-28 15:07:36.001 I/art     ( 1324): option[2]=-Xstacktracefile:/data/anr/traces.txt
05-28 15:07:36.001 I/art     ( 1324): option[3]=exit
05-28 15:07:36.001 I/art     ( 1324): option[4]=vfprintf
05-28 15:07:36.001 I/art     ( 1324): option[5]=sensitiveThread
05-28 15:07:36.001 I/art     ( 1324): option[6]=-verbose:gc
05-28 15:07:36.001 I/art     ( 1324): option[7]=-Xms4m
05-28 15:07:36.001 I/art     ( 1324): option[8]=-Xmx256m
05-28 15:07:36.001 I/art     ( 1324): option[9]=-Xusejit:true
05-28 15:07:36.001 I/art     ( 1324): option[10]=-Xjitsaveprofilinginfo
05-28 15:07:36.001 I/art     ( 1324): option[11]=-agentlib:jdwp=transport=dt_android_adb,suspend=n,server=y
05-28 15:07:36.001 I/art     ( 1324): option[12]=-Xlockprofthreshold:500
05-28 15:07:36.001 I/art     ( 1324): option[13]=-Ximage-compiler-option
05-28 15:07:36.002 I/art     ( 1324): option[14]=--runtime-arg
05-28 15:07:36.002 I/art     ( 1324): option[15]=-Ximage-compiler-option
05-28 15:07:36.002 I/art     ( 1324): option[16]=-Xms64m
05-28 15:07:36.002 I/art     ( 1324): option[17]=-Ximage-compiler-option
05-28 15:07:36.002 I/art     ( 1324): option[18]=--runtime-arg
05-28 15:07:36.002 I/art     ( 1324): option[19]=-Ximage-compiler-option
05-28 15:07:36.002 I/art     ( 1324): option[20]=-Xmx64m
05-28 15:07:36.002 I/art     ( 1324): option[21]=-Ximage-compiler-option
05-28 15:07:36.002 I/art     ( 1324): option[22]=--image-classes=/system/etc/preloaded-classes
05-28 15:07:36.002 I/art     ( 1324): option[23]=-Ximage-compiler-option
05-28 15:07:36.002 I/art     ( 1324): option[24]=--compiled-classes=/system/etc/compiled-classes
05-28 15:07:36.002 I/art     ( 1324): option[25]=-Xcompiler-option
05-28 15:07:36.002 I/art     ( 1324): option[26]=--runtime-arg
05-28 15:07:36.002 I/art     ( 1324): option[27]=-Xcompiler-option
05-28 15:07:36.002 I/art     ( 1324): option[28]=-Xms64m
05-28 15:07:36.002 I/art     ( 1324): option[29]=-Xcompiler-option
05-28 15:07:36.002 I/art     ( 1324): option[30]=--runtime-arg
05-28 15:07:36.002 I/art     ( 1324): option[31]=-Xcompiler-option
05-28 15:07:36.002 I/art     ( 1324): option[32]=-Xmx512m
05-28 15:07:36.002 I/art     ( 1324): option[33]=-Ximage-compiler-option
05-28 15:07:36.002 I/art     ( 1324): option[34]=--instruction-set-variant=x86_64
05-28 15:07:36.002 I/art     ( 1324): option[35]=-Xcompiler-option
05-28 15:07:36.003 I/art     ( 1324): option[36]=--instruction-set-variant=x86_64
05-28 15:07:36.003 I/art     ( 1324): option[37]=-Ximage-compiler-option
05-28 15:07:36.003 I/art     ( 1324): option[38]=--instruction-set-features=default
05-28 15:07:36.003 I/art     ( 1324): option[39]=-Xcompiler-option
05-28 15:07:36.003 I/art     ( 1324): option[40]=--instruction-set-features=default
05-28 15:07:36.003 I/art     ( 1324): option[41]=-Duser.locale=en-US
05-28 15:07:36.003 I/art     ( 1324): option[42]=--cpu-abilist=x86_64
05-28 15:07:36.003 I/art     ( 1324): option[43]=-Xfingerprint:Android/sdk_phone_x86_64/generic_x86_64:7.1.1/NYC/4931657:userdebug/test-keys
05-28 15:07:36.425 D/gralloc_ranchu( 1477): Emulator without host-side GPU emulation detected. Loading gralloc.default.so from /vendor/lib64/hw/gralloc.goldfish.default.so...
05-28 15:07:36.427 D/gralloc_ranchu( 1477): gralloc.default.so not found in /vendor. Trying /system/lib64/hw/gralloc.goldfish.default.so...
05-28 15:07:38.033 D/AndroidRuntime( 1325): >>>>>> START com.android.internal.os.ZygoteInit uid 0 <<<<<<
05-28 15:07:38.394 D/AndroidRuntime( 1325): CheckJNI is ON
05-28 15:07:38.505 I/art     ( 1325): option[0]=-Xzygote
05-28 15:07:38.505 I/art     ( 1325): option[1]=-Xcheck:jni
05-28 15:07:38.506 I/art     ( 1325): option[2]=-Xstacktracefile:/data/anr/traces.txt
05-28 15:07:38.506 I/art     ( 1325): option[3]=exit
05-28 15:07:38.506 I/art     ( 1325): option[4]=vfprintf
05-28 15:07:38.506 I/art     ( 1325): option[5]=sensitiveThread
05-28 15:07:38.506 I/art     ( 1325): option[6]=-verbose:gc
05-28 15:07:38.506 I/art     ( 1325): option[7]=-Xms4m
05-28 15:07:38.506 I/art     ( 1325): option[8]=-Xmx256m
05-28 15:07:38.506 I/art     ( 1325): option[9]=-Xusejit:true
05-28 15:07:38.506 I/art     ( 1325): option[10]=-Xjitsaveprofilinginfo
05-28 15:07:38.506 I/art     ( 1325): option[11]=-agentlib:jdwp=transport=dt_android_adb,suspend=n,server=y
05-28 15:07:38.506 I/art     ( 1325): option[12]=-Xlockprofthreshold:500
05-28 15:07:38.506 I/art     ( 1325): option[13]=-Ximage-compiler-option
05-28 15:07:38.506 I/art     ( 1325): option[14]=--runtime-arg
05-28 15:07:38.506 I/art     ( 1325): option[15]=-Ximage-compiler-option
05-28 15:07:38.506 I/art     ( 1325): option[16]=-Xms64m
05-28 15:07:38.507 I/art     ( 1325): option[17]=-Ximage-compiler-option
05-28 15:07:38.507 I/art     ( 1325): option[18]=--runtime-arg
05-28 15:07:38.507 I/art     ( 1325): option[19]=-Ximage-compiler-option
05-28 15:07:38.507 I/art     ( 1325): option[20]=-Xmx64m
05-28 15:07:38.507 I/art     ( 1325): option[21]=-Ximage-compiler-option
05-28 15:07:38.507 I/art     ( 1325): option[22]=--image-classes=/system/etc/preloaded-classes
05-28 15:07:38.507 I/art     ( 1325): option[23]=-Ximage-compiler-option
05-28 15:07:38.507 I/art     ( 1325): option[24]=--compiled-classes=/system/etc/compiled-classes
05-28 15:07:38.507 I/art     ( 1325): option[25]=-Xcompiler-option
05-28 15:07:38.507 I/art     ( 1325): option[26]=--runtime-arg
05-28 15:07:38.507 I/art     ( 1325): option[27]=-Xcompiler-option
05-28 15:07:38.507 I/art     ( 1325): option[28]=-Xms64m
05-28 15:07:38.507 I/art     ( 1325): option[29]=-Xcompiler-option
05-28 15:07:38.507 I/art     ( 1325): option[30]=--runtime-arg
05-28 15:07:38.507 I/art     ( 1325): option[31]=-Xcompiler-option
05-28 15:07:38.507 I/art     ( 1325): option[32]=-Xmx512m
05-28 15:07:38.507 I/art     ( 1325): option[33]=-Ximage-compiler-option
05-28 15:07:38.507 I/art     ( 1325): option[34]=--instruction-set-variant=x86
05-28 15:07:38.507 I/art     ( 1325): option[35]=-Xcompiler-option
05-28 15:07:38.508 I/art     ( 1325): option[36]=--instruction-set-variant=x86
05-28 15:07:38.508 I/art     ( 1325): option[37]=-Ximage-compiler-option
05-28 15:07:38.508 I/art     ( 1325): option[38]=--instruction-set-features=default
05-28 15:07:38.508 I/art     ( 1325): option[39]=-Xcompiler-option
05-28 15:07:38.508 I/art     ( 1325): option[40]=--instruction-set-features=default
05-28 15:07:38.508 I/art     ( 1325): option[41]=-Duser.locale=en-US
05-28 15:07:38.508 I/art     ( 1325): option[42]=--cpu-abilist=x86
05-28 15:07:38.508 I/art     ( 1325): option[43]=-Xfingerprint:Android/sdk_phone_x86_64/generic_x86_64:7.1.1/NYC/4931657:userdebug/test-keys
05-28 15:07:41.736 D/ICU     ( 1324): No timezone override file found: /data/misc/zoneinfo/current/icu/icu_tzdata.dat
05-28 15:07:41.755 E/hostapd ( 1603): Configuration file: /system/etc/simulated_hostapd.conf
05-28 15:07:42.482 I/hostapd ( 1603): rfkill: Cannot get wiphy information
05-28 15:07:42.487 I/hostapd ( 1603): nl80211: Could not re-add multicast membership for vendor events: -2 (No such file or directory)
05-28 15:07:42.488 I/hostapd ( 1603): wlan1: interface state UNINITIALIZED->COUNTRY_UPDATE
05-28 15:07:44.228 E/ipv6proxy( 1592): Failed to forward Router Advertisement from eth0 to wlan1: Network is unreachable
05-28 15:07:44.228 E/ipv6proxy( 1592): Failed to forward Router Advertisement from eth0 to radio0-peer: Cannot assign requested address
05-28 15:07:45.062 E/memtrack( 1324): Couldn't load memtrack module (No such file or directory)
05-28 15:07:45.063 E/android.os.Debug( 1324): failed to load memtrack module: -2
05-28 15:07:45.213 I/Radio-JNI( 1324): register_android_hardware_Radio DONE
05-28 15:07:45.670 I/SamplingProfilerIntegration( 1324): Profiling disabled.
05-28 15:07:45.691 D/Zygote  ( 1324): begin preload
05-28 15:07:45.692 I/Zygote  ( 1324): Installing ICU cache reference pinning...
05-28 15:07:45.738 I/Zygote  ( 1324): Preloading ICU data...
05-28 15:07:45.996 D/ICU     ( 1325): No timezone override file found: /data/misc/zoneinfo/current/icu/icu_tzdata.dat
05-28 15:07:47.518 I/Zygote  ( 1324): Preloading classes...
05-28 15:07:47.544 I/hostapd ( 1603): wlan1: interface state COUNTRY_UPDATE->HT_SCAN
05-28 15:07:47.876 W/Zygote  ( 1324): Class not found for preloading: [Landroid.view.Display$ColorTransform;
05-28 15:07:48.190 E/ipv6proxy( 1592): Failed to forward Router Advertisement from eth0 to wlan1: Network is unreachable
05-28 15:07:48.923 E/memtrack( 1325): Couldn't load memtrack module (No such file or directory)
05-28 15:07:48.923 E/android.os.Debug( 1325): failed to load memtrack module: -2
05-28 15:07:48.974 I/Radio-JNI( 1325): register_android_hardware_Radio DONE
05-28 15:07:48.993 E/hostapd ( 1603): Using interface wlan1 with hwaddr 02:00:00:00:01:00 and ssid "AndroidWifi"
05-28 15:07:49.032 I/hostapd ( 1603): wlan1: interface state HT_SCAN->ENABLED
05-28 15:07:49.032 I/hostapd ( 1603): wlan1: AP-ENABLED 
05-28 15:07:49.390 I/SamplingProfilerIntegration( 1325): Profiling disabled.
05-28 15:07:49.427 D/Zygote  ( 1325): begin preload
05-28 15:07:49.427 I/Zygote  ( 1325): Installing ICU cache reference pinning...
05-28 15:07:49.590 I/Zygote  ( 1325): Preloading ICU data...
05-28 15:07:52.071 I/Zygote  ( 1325): Preloading classes...
05-28 15:07:52.475 W/Zygote  ( 1325): Class not found for preloading: [Landroid.view.Display$ColorTransform;
05-28 15:07:54.240 E/Typeface( 1324): Error mapping font file /system/fonts/DroidSansFallback.ttf
05-28 15:07:57.552 E/Typeface( 1325): Error mapping font file /system/fonts/DroidSansFallback.ttf
05-28 15:07:59.562 I/art     ( 1324): Background concurrent mark sweep GC freed 21949(2MB) AllocSpace objects, 101(1864KB) LOS objects, 33% free, 2MB/3MB, paused 1.854ms total 524.223ms
05-28 15:07:59.750 W/art     ( 1324): Suspending all threads took: 101.699ms
05-28 15:07:59.757 I/art     ( 1324): Background sticky concurrent mark sweep GC freed 282(1471KB) AllocSpace objects, 28(520KB) LOS objects, 57% free, 1470KB/3MB, paused 102.531ms total 151.780ms
05-28 15:08:00.500 I/art     ( 1324): Thread[1,tid=1324,Native,Thread*=0x7b6248095a00,peer=0x12c060d0,"main"] recursive attempt to load library "/system/lib64/libmedia_jni.so"
05-28 15:08:00.504 D/MtpDeviceJNI( 1324): register_android_mtp_MtpDevice
05-28 15:08:00.513 I/art     ( 1324): Thread[1,tid=1324,Native,Thread*=0x7b6248095a00,peer=0x12c060d0,"main"] recursive attempt to load library "/system/lib64/libmedia_jni.so"
05-28 15:08:00.515 I/art     ( 1324): Thread[1,tid=1324,Native,Thread*=0x7b6248095a00,peer=0x12c060d0,"main"] recursive attempt to load library "/system/lib64/libmedia_jni.so"
05-28 15:08:03.422 W/art     ( 1325): Suspending all threads took: 58.457ms
05-28 15:08:03.723 I/art     ( 1325): Background concurrent mark sweep GC freed 21952(2MB) AllocSpace objects, 119(2MB) LOS objects, 33% free, 2MB/4MB, paused 62.259ms total 1.138s
05-28 15:08:03.729 W/Zygote  ( 1324): Class not found for preloading: android.view.Display$ColorTransform
05-28 15:08:03.802 W/Zygote  ( 1324): Class not found for preloading: android.view.Display$ColorTransform$1
05-28 15:08:04.262 I/art     ( 1325): Thread[1,tid=1325,Native,Thread*=0xe510b400,peer=0x12c060d0,"main"] recursive attempt to load library "/system/lib/libmedia_jni.so"
05-28 15:08:04.292 D/MtpDeviceJNI( 1325): register_android_mtp_MtpDevice
05-28 15:08:04.294 I/art     ( 1325): Thread[1,tid=1325,Native,Thread*=0xe510b400,peer=0x12c060d0,"main"] recursive attempt to load library "/system/lib/libmedia_jni.so"
05-28 15:08:04.295 I/art     ( 1325): Thread[1,tid=1325,Native,Thread*=0xe510b400,peer=0x12c060d0,"main"] recursive attempt to load library "/system/lib/libmedia_jni.so"
05-28 15:08:06.797 W/Zygote  ( 1325): Class not found for preloading: android.view.Display$ColorTransform
05-28 15:08:06.798 W/Zygote  ( 1325): Class not found for preloading: android.view.Display$ColorTransform$1
05-28 15:08:07.534 I/System  ( 1324): Loaded time zone names for "" in 1605ms (1496ms in ICU)
05-28 15:08:07.882 I/art     ( 1325): Background sticky concurrent mark sweep GC freed 9644(2MB) AllocSpace objects, 10(160KB) LOS objects, 64% free, 1602KB/4MB, paused 979us total 302.575ms
05-28 15:08:08.571 I/System  ( 1324): Loaded time zone names for "en_US" in 1035ms (961ms in ICU)
05-28 15:08:09.310 I/art     ( 1324): Background concurrent mark sweep GC freed 26188(1738KB) AllocSpace objects, 4(72KB) LOS objects, 38% free, 1606KB/2MB, paused 306us total 240.660ms
05-28 15:08:09.744 I/Zygote  ( 1324): ...preloaded 4158 classes in 22226ms.
05-28 15:08:09.745 I/art     ( 1324): VMRuntime.preloadDexCaches starting
05-28 15:08:11.405 I/System  ( 1325): Loaded time zone names for "" in 1913ms (1764ms in ICU)
05-28 15:08:11.894 I/art     ( 1324): VMRuntime.preloadDexCaches strings total=283712 before=39625 after=39625
05-28 15:08:11.895 I/art     ( 1324): VMRuntime.preloadDexCaches types total=23581 before=7877 after=7904
05-28 15:08:11.895 I/art     ( 1324): VMRuntime.preloadDexCaches fields total=112007 before=40903 after=41117
05-28 15:08:11.895 I/art     ( 1324): VMRuntime.preloadDexCaches methods total=197534 before=82457 after=83017
05-28 15:08:11.895 I/art     ( 1324): VMRuntime.preloadDexCaches finished
05-28 15:08:11.956 I/Zygote  ( 1324): Preloading resources...
05-28 15:08:12.326 I/System  ( 1325): Loaded time zone names for "en_US" in 917ms (831ms in ICU)
05-28 15:08:14.131 W/Resources( 1324): Preloaded drawable resource #0x108025c (android:drawable/dialog_background_material) that varies with configuration!!
05-28 15:08:14.164 W/Resources( 1324): Preloaded drawable resource #0x1080298 (android:drawable/editbox_dropdown_background_dark) that varies with configuration!!
05-28 15:08:14.233 I/Zygote  ( 1325): ...preloaded 4158 classes in 22162ms.
05-28 15:08:14.295 I/art     ( 1325): VMRuntime.preloadDexCaches starting
05-28 15:08:14.408 W/Resources( 1324): Preloaded color resource #0x10600e2 (android:color/material_grey_800) that varies with configuration!!
05-28 15:08:14.408 W/Resources( 1324): Preloaded drawable resource #0x10802c9 (android:drawable/floating_popup_background_dark) that varies with configuration!!
05-28 15:08:14.804 I/art     ( 1324): Background sticky concurrent mark sweep GC freed 1759(179KB) AllocSpace objects, 0(0B) LOS objects, 0% free, 2MB/2MB, paused 1.357ms total 164.577ms
05-28 15:08:15.052 I/art     ( 1324): Background concurrent mark sweep GC freed 663(47KB) AllocSpace objects, 1(32KB) LOS objects, 54% free, 3MB/7MB, paused 322us total 168.574ms
05-28 15:08:15.184 W/Resources( 1324): Preloaded drawable resource #0x108030b (android:drawable/ic_clear_disabled) that varies with configuration!!
05-28 15:08:15.186 W/Resources( 1324): Preloaded drawable resource #0x1080310 (android:drawable/ic_clear_normal) that varies with configuration!!
05-28 15:08:15.286 W/Resources( 1324): Preloaded drawable resource #0x1080359 (android:drawable/ic_go) that varies with configuration!!
05-28 15:08:15.515 W/Resources( 1324): Preloaded drawable resource #0x1080038 (android:drawable/ic_menu_close_clear_cancel) that varies with configuration!!
05-28 15:08:15.585 W/Resources( 1324): Preloaded drawable resource #0x1080045 (android:drawable/ic_menu_more) that varies with configuration!!
05-28 15:08:15.943 W/Resources( 1324): Preloaded drawable resource #0x10804e8 (android:drawable/menu_background_fill_parent_width) that varies with configuration!!
05-28 15:08:16.408 I/art     ( 1325): VMRuntime.preloadDexCaches strings total=283712 before=39625 after=39625
05-28 15:08:16.408 I/art     ( 1325): VMRuntime.preloadDexCaches types total=23581 before=7877 after=7904
05-28 15:08:16.408 I/art     ( 1325): VMRuntime.preloadDexCaches fields total=112007 before=40903 after=41117
05-28 15:08:16.408 I/art     ( 1325): VMRuntime.preloadDexCaches methods total=197534 before=82457 after=83017
05-28 15:08:16.408 I/art     ( 1325): VMRuntime.preloadDexCaches finished
05-28 15:08:16.494 I/Zygote  ( 1325): Preloading resources...
05-28 15:08:17.966 W/Resources( 1324): Preloaded drawable resource #0x108077e (android:drawable/text_edit_paste_window) that varies with configuration!!
05-28 15:08:18.093 W/Resources( 1324): Preloaded drawable resource #0x1080096 (android:drawable/toast_frame) that varies with configuration!!
05-28 15:08:18.094 I/Zygote  ( 1324): ...preloaded 114 resources in 6137ms.
05-28 15:08:18.328 W/Resources( 1324): Preloaded color resource #0x106010b (android:color/background_cache_hint_selector_material_dark) that varies with configuration!!
05-28 15:08:18.386 W/Resources( 1325): Preloaded drawable resource #0x108025c (android:drawable/dialog_background_material) that varies with configuration!!
05-28 15:08:18.402 W/Resources( 1324): Preloaded color resource #0x1060110 (android:color/btn_default_material_dark) that varies with configuration!!
05-28 15:08:18.452 W/Resources( 1325): Preloaded drawable resource #0x1080298 (android:drawable/editbox_dropdown_background_dark) that varies with configuration!!
05-28 15:08:18.481 I/Zygote  ( 1324): ...preloaded 41 resources in 386ms.
05-28 15:08:18.513 D/libEGL  ( 1324): Emulator without GPU support detected. Fallback to legacy software renderer, qemu.gles is set to 0.
05-28 15:08:18.661 D/libEGL  ( 1324): loaded /system/lib64/egl/libGLES_android.so
05-28 15:08:18.747 W/Resources( 1325): Preloaded color resource #0x10600e2 (android:color/material_grey_800) that varies with configuration!!
05-28 15:08:18.748 W/Resources( 1325): Preloaded drawable resource #0x10802c9 (android:drawable/floating_popup_background_dark) that varies with configuration!!
05-28 15:08:19.549 I/art     ( 1325): Background sticky concurrent mark sweep GC freed 16379(1041KB) AllocSpace objects, 0(0B) LOS objects, 17% free, 3MB/4MB, paused 1.832ms total 287.761ms
05-28 15:08:19.618 W/Resources( 1325): Preloaded drawable resource #0x108030b (android:drawable/ic_clear_disabled) that varies with configuration!!
05-28 15:08:19.641 W/Resources( 1325): Preloaded drawable resource #0x1080310 (android:drawable/ic_clear_normal) that varies with configuration!!
05-28 15:08:19.669 I/Zygote  ( 1324): Preloading shared libraries...
05-28 15:08:19.842 W/Resources( 1325): Preloaded drawable resource #0x1080359 (android:drawable/ic_go) that varies with configuration!!
05-28 15:08:19.932 E/Hyphenator( 1324): error loading hyphenation /system/usr/hyphen-data/hyph-as.hyb
05-28 15:08:19.932 E/Hyphenator( 1324): java.io.FileNotFoundException: /system/usr/hyphen-data/hyph-as.hyb: open failed: ENOENT (No such file or directory)
05-28 15:08:19.932 E/Hyphenator( 1324): 	at libcore.io.IoBridge.open(IoBridge.java:455)
05-28 15:08:19.932 E/Hyphenator( 1324): 	at java.io.RandomAccessFile.<init>(RandomAccessFile.java:247)
05-28 15:08:19.932 E/Hyphenator( 1324): 	at android.text.Hyphenator.loadHyphenator(Hyphenator.java:118)
05-28 15:08:19.932 E/Hyphenator( 1324): 	at android.text.Hyphenator.init(Hyphenator.java:224)
05-28 15:08:19.932 E/Hyphenator( 1324): 	at com.android.internal.os.ZygoteInit.preloadTextResources(ZygoteInit.java:252)
05-28 15:08:19.932 E/Hyphenator( 1324): 	at com.android.internal.os.ZygoteInit.preload(ZygoteInit.java:206)
05-28 15:08:19.932 E/Hyphenator( 1324): 	at com.android.internal.os.ZygoteInit.main(ZygoteInit.java:743)
05-28 15:08:19.932 E/Hyphenator( 1324): Caused by: android.system.ErrnoException: open failed: ENOENT (No such file or directory)
05-28 15:08:19.932 E/Hyphenator( 1324): 	at libcore.io.Posix.open(Native Method)
05-28 15:08:19.932 E/Hyphenator( 1324): 	at libcore.io.BlockGuardOs.open(BlockGuardOs.java:187)
05-28 15:08:19.932 E/Hyphenator( 1324): 	at libcore.io.IoBridge.open(IoBridge.java:441)
05-28 15:08:19.932 E/Hyphenator( 1324): 	... 6 more
05-28 15:08:19.934 E/Hyphenator( 1324): error loading hyphenation /system/usr/hyphen-data/hyph-bn.hyb
05-28 15:08:19.934 E/Hyphenator( 1324): java.io.FileNotFoundException: /system/usr/hyphen-data/hyph-bn.hyb: open failed: ENOENT (No such file or directory)
05-28 15:08:19.934 E/Hyphenator( 1324): 	at libcore.io.IoBridge.open(IoBridge.java:455)
05-28 15:08:19.934 E/Hyphenator( 1324): 	at java.io.RandomAccessFile.<init>(RandomAccessFile.java:247)
05-28 15:08:19.934 E/Hyphenator( 1324): 	at android.text.Hyphenator.loadHyphenator(Hyphenator.java:118)
05-28 15:08:19.934 E/Hyphenator( 1324): 	at android.text.Hyphenator.init(Hyphenator.java:224)
05-28 15:08:19.934 E/Hyphenator( 1324): 	at com.android.internal.os.ZygoteInit.preloadTextResources(ZygoteInit.java:252)
05-28 15:08:19.934 E/Hyphenator( 1324): 	at com.android.internal.os.ZygoteInit.preload(ZygoteInit.java:206)
05-28 15:08:19.934 E/Hyphenator( 1324): 	at com.android.internal.os.ZygoteInit.main(ZygoteInit.java:743)
05-28 15:08:19.934 E/Hyphenator( 1324): Caused by: android.system.ErrnoException: open failed: ENOENT (No such file or directory)
05-28 15:08:19.934 E/Hyphenator( 1324): 	at libcore.io.Posix.open(Native Method)
05-28 15:08:19.934 E/Hyphenator( 1324): 	at libcore.io.BlockGuardOs.open(BlockGuardOs.java:187)
05-28 15:08:19.934 E/Hyphenator( 1324): 	at libcore.io.IoBridge.open(IoBridge.java:441)
05-28 15:08:19.934 E/Hyphenator( 1324): 	... 6 more
05-28 15:08:19.935 E/Hyphenator( 1324): error loading hyphenation /system/usr/hyphen-data/hyph-cy.hyb
05-28 15:08:19.935 E/Hyphenator( 1324): java.io.FileNotFoundException: /system/usr/hyphen-data/hyph-cy.hyb: open failed: ENOENT (No such file or directory)
05-28 15:08:19.935 E/Hyphenator( 1324): 	at libcore.io.IoBridge.open(IoBridge.java:455)
05-28 15:08:19.935 E/Hyphenator( 1324): 	at java.io.RandomAccessFile.<init>(RandomAccessFile.java:247)
05-28 15:08:19.935 E/Hyphenator( 1324): 	at android.text.Hyphenator.loadHyphenator(Hyphenator.java:118)
05-28 15:08:19.935 E/Hyphenator( 1324): 	at android.text.Hyphenator.init(Hyphenator.java:224)
05-28 15:08:19.935 E/Hyphenator( 1324): 	at com.android.internal.os.ZygoteInit.preloadTextResources(ZygoteInit.java:252)
05-28 15:08:19.935 E/Hyphenator( 1324): 	at com.android.internal.os.ZygoteInit.preload(ZygoteInit.java:206)
05-28 15:08:19.935 E/Hyphenator( 1324): 	at com.android.internal.os.ZygoteInit.main(ZygoteInit.java:743)
05-28 15:08:19.935 E/Hyphenator( 1324): Caused by: android.system.ErrnoException: open failed: ENOENT (No such file or directory)
05-28 15:08:19.935 E/Hyphenator( 1324): 	at libcore.io.Posix.open(Native Method)
05-28 15:08:19.935 E/Hyphenator( 1324): 	at libcore.io.BlockGuardOs.open(BlockGuardOs.java:187)
05-28 15:08:19.935 E/Hyphenator( 1324): 	at libcore.io.IoBridge.open(IoBridge.java:441)
05-28 15:08:19.935 E/Hyphenator( 1324): 	... 6 more
05-28 15:08:19.937 E/Hyphenator( 1324): error loading hyphenation /system/usr/hyphen-data/hyph-da.hyb
05-28 15:08:19.937 E/Hyphenator( 1324): java.io.FileNotFoundException: /system/usr/hyphen-data/hyph-da.hyb: open failed: ENOENT (No such file or directory)
05-28 15:08:19.937 E/Hyphenator( 1324): 	at libcore.io.IoBridge.open(IoBridge.java:455)
05-28 15:08:19.937 E/Hyphenator( 1324): 	at java.io.RandomAccessFile.<init>(RandomAccessFile.java:247)
05-28 15:08:19.937 E/Hyphenator( 1324): 	at android.text.Hyphenator.loadHyphenator(Hyphenator.java:118)
05-28 15:08:19.937 E/Hyphenator( 1324): 	at android.text.Hyphenator.init(Hyphenator.java:224)
05-28 15:08:19.937 E/Hyphenator( 1324): 	at com.android.internal.os.ZygoteInit.preloadTextResources(ZygoteInit.java:252)
05-28 15:08:19.937 E/Hyphenator( 1324): 	at com.android.internal.os.ZygoteInit.preload(ZygoteInit.java:206)
05-28 15:08:19.937 E/Hyphenator( 1324): 	at com.android.internal.os.ZygoteInit.main(ZygoteInit.java:743)
05-28 15:08:19.937 E/Hyphenator( 1324): Caused by: android.system.ErrnoException: open failed: ENOENT (No such file or directory)
05-28 15:08:19.937 E/Hyphenator( 1324): 	at libcore.io.Posix.open(Native Method)
05-28 15:08:19.937 E/Hyphenator( 1324): 	at libcore.io.BlockGuardOs.open(BlockGuardOs.java:187)
05-28 15:08:19.937 E/Hyphenator( 1324): 	at libcore.io.IoBridge.open(IoBridge.java:441)
05-28 15:08:19.937 E/Hyphenator( 1324): 	... 6 more
05-28 15:08:19.938 E/Hyphenator( 1324): error loading hyphenation /system/usr/hyphen-data/hyph-de-1901.hyb
05-28 15:08:19.938 E/Hyphenator( 1324): java.io.FileNotFoundException: /system/usr/hyphen-data/hyph-de-1901.hyb: open failed: ENOENT (No such file or directory)
05-28 15:08:19.938 E/Hyphenator( 1324): 	at libcore.io.IoBridge.open(IoBridge.java:455)
05-28 15:08:19.938 E/Hyphenator( 1324): 	at java.io.RandomAccessFile.<init>(RandomAccessFile.java:247)
05-28 15:08:19.938 E/Hyphenator( 1324): 	at android.text.Hyphenator.loadHyphenator(Hyphenator.java:118)
05-28 15:08:19.938 E/Hyphenator( 1324): 	at android.text.Hyphenator.init(Hyphenator.java:224)
05-28 15:08:19.938 E/Hyphenator( 1324): 	at com.android.internal.os.ZygoteInit.preloadTextResources(ZygoteInit.java:252)
05-28 15:08:19.938 E/Hyphenator( 1324): 	at com.android.internal.os.ZygoteInit.preload(ZygoteInit.java:206)
05-28 15:08:19.938 E/Hyphenator( 1324): 	at com.android.internal.os.ZygoteInit.main(ZygoteInit.java:743)
05-28 15:08:19.938 E/Hyphenator( 1324): Caused by: android.system.ErrnoException: open failed: ENOENT (No such file or directory)
05-28 15:08:19.938 E/Hyphenator( 1324): 	at libcore.io.Posix.open(Native Method)
05-28 15:08:19.938 E/Hyphenator( 1324): 	at libcore.io.BlockGuardOs.open(BlockGuardOs.java:187)
05-28 15:08:19.938 E/Hyphenator( 1324): 	at libcore.io.IoBridge.open(IoBridge.java:441)
05-28 15:08:19.938 E/Hyphenator( 1324): 	... 6 more
05-28 15:08:19.939 E/Hyphenator( 1324): error loading hyphenation /system/usr/hyphen-data/hyph-de-1996.hyb
05-28 15:08:19.939 E/Hyphenator( 1324): java.io.FileNotFoundException: /system/usr/hyphen-data/hyph-de-1996.hyb: open failed: ENOENT (No such file or directory)
05-28 15:08:19.939 E/Hyphenator( 1324): 	at libcore.io.IoBridge.open(IoBridge.java:455)
05-28 15:08:19.939 E/Hyphenator( 1324): 	at java.io.RandomAccessFile.<init>(RandomAccessFile.java:247)
05-28 15:08:19.939 E/Hyphenator( 1324): 	at android.text.Hyphenator.loadHyphenator(Hyphenator.java:118)
05-28 15:08:19.939 E/Hyphenator( 1324): 	at android.text.Hyphenator.init(Hyphenator.java:224)
05-28 15:08:19.939 E/Hyphenator( 1324): 	at com.android.internal.os.ZygoteInit.preloadTextResources(ZygoteInit.java:252)
05-28 15:08:19.939 E/Hyphenator( 1324): 	at com.android.internal.os.ZygoteInit.preload(ZygoteInit.java:206)
05-28 15:08:19.939 E/Hyphenator( 1324): 	at com.android.internal.os.ZygoteInit.main(ZygoteInit.java:743)
05-28 15:08:19.939 E/Hyphenator( 1324): Caused by: android.system.ErrnoException: open failed: ENOENT (No such file or directory)
05-28 15:08:19.939 E/Hyphenator( 1324): 	at libcore.io.Posix.open(Native Method)
05-28 15:08:19.939 E/Hyphenator( 1324): 	at libcore.io.BlockGuardOs.open(BlockGuardOs.java:187)
05-28 15:08:19.939 E/Hyphenator( 1324): 	at libcore.io.IoBridge.open(IoBridge.java:441)
05-28 15:08:19.939 E/Hyphenator( 1324): 	... 6 more
05-28 15:08:19.992 E/Hyphenator( 1324): error loading hyphenation /system/usr/hyphen-data/hyph-de-ch-1901.hyb
05-28 15:08:19.992 E/Hyphenator( 1324): java.io.FileNotFoundException: /system/usr/hyphen-data/hyph-de-ch-1901.hyb: open failed: ENOENT (No such file or directory)
05-28 15:08:19.992 E/Hyphenator( 1324): 	at libcore.io.IoBridge.open(IoBridge.java:455)
05-28 15:08:19.992 E/Hyphenator( 1324): 	at java.io.RandomAccessFile.<init>(RandomAccessFile.java:247)
05-28 15:08:19.992 E/Hyphenator( 1324): 	at android.text.Hyphenator.loadHyphenator(Hyphenator.java:118)
05-28 15:08:19.992 E/Hyphenator( 1324): 	at android.text.Hyphenator.init(Hyphenator.java:224)
05-28 15:08:19.992 E/Hyphenator( 1324): 	at com.android.internal.os.ZygoteInit.preloadTextResources(ZygoteInit.java:252)
05-28 15:08:19.992 E/Hyphenator( 1324): 	at com.android.internal.os.ZygoteInit.preload(ZygoteInit.java:206)
05-28 15:08:19.992 E/Hyphenator( 1324): 	at com.android.internal.os.ZygoteInit.main(ZygoteInit.java:743)
05-28 15:08:19.992 E/Hyphenator( 1324): Caused by: android.system.ErrnoException: open failed: ENOENT (No such file or directory)
05-28 15:08:19.992 E/Hyphenator( 1324): 	at libcore.io.Posix.open(Native Method)
05-28 15:08:19.992 E/Hyphenator( 1324): 	at libcore.io.BlockGuardOs.open(BlockGuardOs.java:187)
05-28 15:08:19.992 E/Hyphenator( 1324): 	at libcore.io.IoBridge.open(IoBridge.java:441)
05-28 15:08:19.992 E/Hyphenator( 1324): 	... 6 more
05-28 15:08:19.994 E/Hyphenator( 1324): error loading hyphenation /system/usr/hyphen-data/hyph-en-gb.hyb
05-28 15:08:19.994 E/Hyphenator( 1324): java.io.FileNotFoundException: /system/usr/hyphen-data/hyph-en-gb.hyb: open failed: ENOENT (No such file or directory)
05-28 15:08:19.994 E/Hyphenator( 1324): 	at libcore.io.IoBridge.open(IoBridge.java:455)
05-28 15:08:19.994 E/Hyphenator( 1324): 	at java.io.RandomAccessFile.<init>(RandomAccessFile.java:247)
05-28 15:08:19.994 E/Hyphenator( 1324): 	at android.text.Hyphenator.loadHyphenator(Hyphenator.java:118)
05-28 15:08:19.994 E/Hyphenator( 1324): 	at android.text.Hyphenator.init(Hyphenator.java:224)
05-28 15:08:19.994 E/Hyphenator( 1324): 	at com.android.internal.os.ZygoteInit.preloadTextResources(ZygoteInit.java:252)
05-28 15:08:19.994 E/Hyphenator( 1324): 	at com.android.internal.os.ZygoteInit.preload(ZygoteInit.java:206)
05-28 15:08:19.994 E/Hyphenator( 1324): 	at com.android.internal.os.ZygoteInit.main(ZygoteInit.java:743)
05-28 15:08:19.994 E/Hyphenator( 1324): Caused by: android.system.ErrnoException: open failed: ENOENT (No such file or directory)
05-28 15:08:19.994 E/Hyphenator( 1324): 	at libcore.io.Posix.open(Native Method)
05-28 15:08:19.994 E/Hyphenator( 1324): 	at libcore.io.BlockGuardOs.open(BlockGuardOs.java:187)
05-28 15:08:19.994 E/Hyphenator( 1324): 	at libcore.io.IoBridge.open(IoBridge.java:441)
05-28 15:08:19.994 E/Hyphenator( 1324): 	... 6 more
05-28 15:08:19.995 E/Hyphenator( 1324): error loading hyphenation /system/usr/hyphen-data/hyph-en-us.hyb
05-28 15:08:19.995 E/Hyphenator( 1324): java.io.FileNotFoundException: /system/usr/hyphen-data/hyph-en-us.hyb: open failed: ENOENT (No such file or directory)
05-28 15:08:19.995 E/Hyphenator( 1324): 	at libcore.io.IoBridge.open(IoBridge.java:455)
05-28 15:08:19.995 E/Hyphenator( 1324): 	at java.io.RandomAccessFile.<init>(RandomAccessFile.java:247)
05-28 15:08:19.995 E/Hyphenator( 1324): 	at android.text.Hyphenator.loadHyphenator(Hyphenator.java:118)
05-28 15:08:19.995 E/Hyphenator( 1324): 	at android.text.Hyphenator.init(Hyphenator.java:224)
05-28 15:08:19.995 E/Hyphenator( 1324): 	at com.android.internal.os.ZygoteInit.preloadTextResources(ZygoteInit.java:252)
05-28 15:08:19.995 E/Hyphenator( 1324): 	at com.android.internal.os.ZygoteInit.preload(ZygoteInit.java:206)
05-28 15:08:19.995 E/Hyphenator( 1324): 	at com.android.internal.os.ZygoteInit.main(ZygoteInit.java:743)
05-28 15:08:19.995 E/Hyphenator( 1324): Caused by: android.system.ErrnoException: open failed: ENOENT (No such file or directory)
05-28 15:08:19.995 E/Hyphenator( 1324): 	at libcore.io.Posix.open(Native Method)
05-28 15:08:19.995 E/Hyphenator( 1324): 	at libcore.io.BlockGuardOs.open(BlockGuardOs.java:187)
05-28 15:08:19.995 E/Hyphenator( 1324): 	at libcore.io.IoBridge.open(IoBridge.java:441)
05-28 15:08:19.995 E/Hyphenator( 1324): 	... 6 more
05-28 15:08:19.997 E/Hyphenator( 1324): error loading hyphenation /system/usr/hyphen-data/hyph-es.hyb
05-28 15:08:19.997 E/Hyphenator( 1324): java.io.FileNotFoundException: /system/usr/hyphen-data/hyph-es.hyb: open failed: ENOENT (No such file or directory)
05-28 15:08:19.997 E/Hyphenator( 1324): 	at libcore.io.IoBridge.open(IoBridge.java:455)
05-28 15:08:19.997 E/Hyphenator( 1324): 	at java.io.RandomAccessFile.<init>(RandomAccessFile.java:247)
05-28 15:08:19.997 E/Hyphenator( 1324): 	at android.text.Hyphenator.loadHyphenator(Hyphenator.java:118)
05-28 15:08:19.997 E/Hyphenator( 1324): 	at android.text.Hyphenator.init(Hyphenator.java:224)
05-28 15:08:19.997 E/Hyphenator( 1324): 	at com.android.internal.os.ZygoteInit.preloadTextResources(ZygoteInit.java:252)
05-28 15:08:19.997 E/Hyphenator( 1324): 	at com.android.internal.os.ZygoteInit.preload(ZygoteInit.java:206)
05-28 15:08:19.997 E/Hyphenator( 1324): 	at com.android.internal.os.ZygoteInit.main(ZygoteInit.java:743)
05-28 15:08:19.997 E/Hyphenator( 1324): Caused by: android.system.ErrnoException: open failed: ENOENT (No such file or directory)
05-28 15:08:19.997 E/Hyphenator( 1324): 	at libcore.io.Posix.open(Native Method)
05-28 15:08:19.997 E/Hyphenator( 1324): 	at libcore.io.BlockGuardOs.open(BlockGuardOs.java:187)
05-28 15:08:19.997 E/Hyphenator( 1324): 	at libcore.io.IoBridge.open(IoBridge.java:441)
05-28 15:08:19.997 E/Hyphenator( 1324): 	... 6 more
05-28 15:08:19.998 E/Hyphenator( 1324): error loading hyphenation /system/usr/hyphen-data/hyph-et.hyb
05-28 15:08:19.998 E/Hyphenator( 1324): java.io.FileNotFoundException: /system/usr/hyphen-data/hyph-et.hyb: open failed: ENOENT (No such file or directory)
05-28 15:08:19.998 E/Hyphenator( 1324): 	at libcore.io.IoBridge.open(IoBridge.java:455)
05-28 15:08:19.998 E/Hyphenator( 1324): 	at java.io.RandomAccessFile.<init>(RandomAccessFile.java:247)
05-28 15:08:19.998 E/Hyphenator( 1324): 	at android.text.Hyphenator.loadHyphenator(Hyphenator.java:118)
05-28 15:08:19.998 E/Hyphenator( 1324): 	at android.text.Hyphenator.init(Hyphenator.java:224)
05-28 15:08:19.998 E/Hyphenator( 1324): 	at com.android.internal.os.ZygoteInit.preloadTextResources(ZygoteInit.java:252)
05-28 15:08:19.998 E/Hyphenator( 1324): 	at com.android.internal.os.ZygoteInit.preload(ZygoteInit.java:206)
05-28 15:08:19.998 E/Hyphenator( 1324): 	at com.android.internal.os.ZygoteInit.main(ZygoteInit.java:743)
05-28 15:08:19.998 E/Hyphenator( 1324): Caused by: android.system.ErrnoException: open failed: ENOENT (No such file or directory)
05-28 15:08:19.998 E/Hyphenator( 1324): 	at libcore.io.Posix.open(Native Method)
05-28 15:08:19.998 E/Hyphenator( 1324): 	at libcore.io.BlockGuardOs.open(BlockGuardOs.java:187)
05-28 15:08:19.998 E/Hyphenator( 1324): 	at libcore.io.IoBridge.open(IoBridge.java:441)
05-28 15:08:19.998 E/Hyphenator( 1324): 	... 6 more
05-28 15:08:19.999 E/Hyphenator( 1324): error loading hyphenation /system/usr/hyphen-data/hyph-eu.hyb
05-28 15:08:19.999 E/Hyphenator( 1324): java.io.FileNotFoundException: /system/usr/hyphen-data/hyph-eu.hyb: open failed: ENOENT (No such file or directory)
05-28 15:08:19.999 E/Hyphenator( 1324): 	at libcore.io.IoBridge.open(IoBridge.java:455)
05-28 15:08:19.999 E/Hyphenator( 1324): 	at java.io.RandomAccessFile.<init>(RandomAccessFile.java:247)
05-28 15:08:19.999 E/Hyphenator( 1324): 	at android.text.Hyphenator.loadHyphenator(Hyphenator.java:118)
05-28 15:08:19.999 E/Hyphenator( 1324): 	at android.text.Hyphenator.init(Hyphenator.java:224)
05-28 15:08:19.999 E/Hyphenator( 1324): 	at com.android.internal.os.ZygoteInit.preloadTextResources(ZygoteInit.java:252)
05-28 15:08:19.999 E/Hyphenator( 1324): 	at com.android.internal.os.ZygoteInit.preload(ZygoteInit.java:206)
05-28 15:08:19.999 E/Hyphenator( 1324): 	at com.android.internal.os.ZygoteInit.main(ZygoteInit.java:743)
05-28 15:08:19.999 E/Hyphenator( 1324): Caused by: android.system.ErrnoException: open failed: ENOENT (No such file or directory)
05-28 15:08:19.999 E/Hyphenator( 1324): 	at libcore.io.Posix.open(Native Method)
05-28 15:08:19.999 E/Hyphenator( 1324): 	at libcore.io.BlockGuardOs.open(BlockGuardOs.java:187)
05-28 15:08:19.999 E/Hyphenator( 1324): 	at libcore.io.IoBridge.open(IoBridge.java:441)
05-28 15:08:19.999 E/Hyphenator( 1324): 	... 6 more
05-28 15:08:20.054 E/Hyphenator( 1324): error loading hyphenation /system/usr/hyphen-data/hyph-fr.hyb
05-28 15:08:20.054 E/Hyphenator( 1324): java.io.FileNotFoundException: /system/usr/hyphen-data/hyph-fr.hyb: open failed: ENOENT (No such file or directory)
05-28 15:08:20.054 E/Hyphenator( 1324): 	at libcore.io.IoBridge.open(IoBridge.java:455)
05-28 15:08:20.054 E/Hyphenator( 1324): 	at java.io.RandomAccessFile.<init>(RandomAccessFile.java:247)
05-28 15:08:20.054 E/Hyphenator( 1324): 	at android.text.Hyphenator.loadHyphenator(Hyphenator.java:118)
05-28 15:08:20.054 E/Hyphenator( 1324): 	at android.text.Hyphenator.init(Hyphenator.java:224)
05-28 15:08:20.054 E/Hyphenator( 1324): 	at com.android.internal.os.ZygoteInit.preloadTextResources(ZygoteInit.java:252)
05-28 15:08:20.054 E/Hyphenator( 1324): 	at com.android.internal.os.ZygoteInit.preload(ZygoteInit.java:206)
05-28 15:08:20.054 E/Hyphenator( 1324): 	at com.android.internal.os.ZygoteInit.main(ZygoteInit.java:743)
05-28 15:08:20.054 E/Hyphenator( 1324): Caused by: android.system.ErrnoException: open failed: ENOENT (No such file or directory)
05-28 15:08:20.054 E/Hyphenator( 1324): 	at libcore.io.Posix.open(Native Method)
05-28 15:08:20.054 E/Hyphenator( 1324): 	at libcore.io.BlockGuardOs.open(BlockGuardOs.java:187)
05-28 15:08:20.054 E/Hyphenator( 1324): 	at libcore.io.IoBridge.open(IoBridge.java:441)
05-28 15:08:20.054 E/Hyphenator( 1324): 	... 6 more
05-28 15:08:20.056 E/Hyphenator( 1324): error loading hyphenation /system/usr/hyphen-data/hyph-ga.hyb
05-28 15:08:20.056 E/Hyphenator( 1324): java.io.FileNotFoundException: /system/usr/hyphen-data/hyph-ga.hyb: open failed: ENOENT (No such file or directory)
05-28 15:08:20.056 E/Hyphenator( 1324): 	at libcore.io.IoBridge.open(IoBridge.java:455)
05-28 15:08:20.056 E/Hyphenator( 1324): 	at java.io.RandomAccessFile.<init>(RandomAccessFile.java:247)
05-28 15:08:20.056 E/Hyphenator( 1324): 	at android.text.Hyphenator.loadHyphenator(Hyphenator.java:118)
05-28 15:08:20.056 E/Hyphenator( 1324): 	at android.text.Hyphenator.init(Hyphenator.java:224)
05-28 15:08:20.056 E/Hyphenator( 1324): 	at com.android.internal.os.ZygoteInit.preloadTextResources(ZygoteInit.java:252)
05-28 15:08:20.056 E/Hyphenator( 1324): 	at com.android.internal.os.ZygoteInit.preload(ZygoteInit.java:206)
05-28 15:08:20.056 E/Hyphenator( 1324): 	at com.android.internal.os.ZygoteInit.main(ZygoteInit.java:743)
05-28 15:08:20.056 E/Hyphenator( 1324): Caused by: android.system.ErrnoException: open failed: ENOENT (No such file or directory)
05-28 15:08:20.056 E/Hyphenator( 1324): 	at libcore.io.Posix.open(Native Method)
05-28 15:08:20.056 E/Hyphenator( 1324): 	at libcore.io.BlockGuardOs.open(BlockGuardOs.java:187)
05-28 15:08:20.056 E/Hyphenator( 1324): 	at libcore.io.IoBridge.open(IoBridge.java:441)
05-28 15:08:20.056 E/Hyphenator( 1324): 	... 6 more
05-28 15:08:20.057 E/Hyphenator( 1324): error loading hyphenation /system/usr/hyphen-data/hyph-gu.hyb
05-28 15:08:20.057 E/Hyphenator( 1324): java.io.FileNotFoundException: /system/usr/hyphen-data/hyph-gu.hyb: open failed: ENOENT (No such file or directory)
05-28 15:08:20.057 E/Hyphenator( 1324): 	at libcore.io.IoBridge.open(IoBridge.java:455)
05-28 15:08:20.057 E/Hyphenator( 1324): 	at java.io.RandomAccessFile.<init>(RandomAccessFile.java:247)
05-28 15:08:20.057 E/Hyphenator( 1324): 	at android.text.Hyphenator.loadHyphenator(Hyphenator.java:118)
05-28 15:08:20.057 E/Hyphenator( 1324): 	at android.text.Hyphenator.init(Hyphenator.java:224)
05-28 15:08:20.057 E/Hyphenator( 1324): 	at com.android.internal.os.ZygoteInit.preloadTextResources(ZygoteInit.java:252)
05-28 15:08:20.057 E/Hyphenator( 1324): 	at com.android.internal.os.ZygoteInit.preload(ZygoteInit.java:206)
05-28 15:08:20.057 E/Hyphenator( 1324): 	at com.android.internal.os.ZygoteInit.main(ZygoteInit.java:743)
05-28 15:08:20.057 E/Hyphenator( 1324): Caused by: android.system.ErrnoException: open failed: ENOENT (No such file or directory)
05-28 15:08:20.057 E/Hyphenator( 1324): 	at libcore.io.Posix.open(Native Method)
05-28 15:08:20.057 E/Hyphenator( 1324): 	at libcore.io.BlockGuardOs.open(BlockGuardOs.java:187)
05-28 15:08:20.057 E/Hyphenator( 1324): 	at libcore.io.IoBridge.open(IoBridge.java:441)
05-28 15:08:20.057 E/Hyphenator( 1324): 	... 6 more
05-28 15:08:20.058 E/Hyphenator( 1324): error loading hyphenation /system/usr/hyphen-data/hyph-hi.hyb
05-28 15:08:20.058 E/Hyphenator( 1324): java.io.FileNotFoundException: /system/usr/hyphen-data/hyph-hi.hyb: open failed: ENOENT (No such file or directory)
05-28 15:08:20.058 E/Hyphenator( 1324): 	at libcore.io.IoBridge.open(IoBridge.java:455)
05-28 15:08:20.058 E/Hyphenator( 1324): 	at java.io.RandomAccessFile.<init>(RandomAccessFile.java:247)
05-28 15:08:20.058 E/Hyphenator( 1324): 	at android.text.Hyphenator.loadHyphenator(Hyphenator.java:118)
05-28 15:08:20.058 E/Hyphenator( 1324): 	at android.text.Hyphenator.init(Hyphenator.java:224)
05-28 15:08:20.058 E/Hyphenator( 1324): 	at com.android.internal.os.ZygoteInit.preloadTextResources(ZygoteInit.java:252)
05-28 15:08:20.058 E/Hyphenator( 1324): 	at com.android.internal.os.ZygoteInit.preload(ZygoteInit.java:206)
05-28 15:08:20.058 E/Hyphenator( 1324): 	at com.android.internal.os.ZygoteInit.main(ZygoteInit.java:743)
05-28 15:08:20.058 E/Hyphenator( 1324): Caused by: android.system.ErrnoException: open failed: ENOENT (No such file or directory)
05-28 15:08:20.058 E/Hyphenator( 1324): 	at libcore.io.Posix.open(Native Method)
05-28 15:08:20.058 E/Hyphenator( 1324): 	at libcore.io.BlockGuardOs.open(BlockGuardOs.java:187)
05-28 15:08:20.058 E/Hyphenator( 1324): 	at libcore.io.IoBridge.open(IoBridge.java:441)
