05-28 15:10:37.703 W/art     ( 1751): Long monitor contention with owner Binder:1751_7 (2506) at void com.android.server.am.ActivityManagerService.activityPaused(android.os.IBinder)(ActivityManagerService.java:6916) waiters=2 in java.lang.String com.android.server.am.ActivityManagerService.checkContentProviderAccess(java.lang.String, int) for 3.409s
05-28 15:10:37.705 W/art     ( 1751): Long monitor contention with owner Binder:1751_7 (2506) at void com.android.server.am.ActivityManagerService.activityPaused(android.os.IBinder)(ActivityManagerService.java:6916) waiters=3 in android.content.Intent com.android.server.am.ActivityManagerService.registerReceiver(android.app.IApplicationThread, java.lang.String, android.content.IIntentReceiver, android.content.IntentFilter, java.lang.String, int) for 3.302s
05-28 15:10:37.706 W/art     ( 1751): Long monitor contention with owner Binder:1751_7 (2506) at void com.android.server.am.ActivityManagerService.activityPaused(android.os.IBinder)(ActivityManagerService.java:6916) waiters=4 in void com.android.server.am.ActivityManagerService$MainHandler.handleMessage(android.os.Message) for 3.214s
05-28 15:10:37.740 I/Choreographer( 2308): Skipped 223 frames!  The application may be doing too much work on its main thread.
05-28 15:10:37.789 W/art     ( 1751): Long monitor contention with owner Binder:1751_7 (2506) at void com.android.server.am.ActivityManagerService.activityPaused(android.os.IBinder)(ActivityManagerService.java:6916) waiters=4 in int com.android.server.am.ActivityManagerService.getAppStartMode(int, java.lang.String) for 3.294s
05-28 15:10:37.945 W/art     ( 1751): Long monitor contention with owner Binder:1751_7 (2506) at void com.android.server.am.ActivityManagerService.activityPaused(android.os.IBinder)(ActivityManagerService.java:6916) waiters=5 in com.android.server.am.ProcessRecord com.android.server.am.ActivityManagerService.findAppProcess(android.os.IBinder, java.lang.String) for 3.419s
05-28 15:10:37.950 W/art     ( 1751): Long monitor contention with owner Binder:1751_7 (2506) at void com.android.server.am.ActivityManagerService.activityPaused(android.os.IBinder)(ActivityManagerService.java:6916) waiters=6 in boolean com.android.server.am.ActivityManagerService.isUserRunning(int, int) for 3.322s
05-28 15:10:37.970 W/art     ( 1751): Long monitor contention with owner Binder:1751_7 (2506) at void com.android.server.am.ActivityManagerService.activityPaused(android.os.IBinder)(ActivityManagerService.java:6916) waiters=7 in java.lang.String com.android.server.am.ActivityManagerService.checkContentProviderAccess(java.lang.String, int) for 2.943s
05-28 15:10:38.008 W/art     ( 1751): Long monitor contention with owner Binder:1751_7 (2506) at void com.android.server.am.ActivityManagerService.activityPaused(android.os.IBinder)(ActivityManagerService.java:6916) waiters=8 in void com.android.server.am.ActivityManagerService.dispatchUidsChanged() for 2.960s
05-28 15:10:38.009 W/art     ( 1751): Long monitor contention with owner Binder:1751_7 (2506) at void com.android.server.am.ActivityManagerService.activityPaused(android.os.IBinder)(ActivityManagerService.java:6916) waiters=9 in void com.android.server.am.ActivityManagerService.attachApplication(android.app.IApplicationThread) for 2.704s
05-28 15:10:38.808 W/art     ( 1751): Long monitor contention with owner android.display (1819) at void com.android.server.wm.WindowAnimator$1.doFrame(long)(WindowAnimator.java:144) waiters=0 in void com.android.server.wm.WindowManagerService.startAppFreezingScreen(android.os.IBinder, int) for 250ms
05-28 15:10:39.089 W/art     ( 1751): Long monitor contention with owner android.display (1819) at void com.android.server.wm.WindowAnimator$1.doFrame(long)(WindowAnimator.java:144) waiters=0 in void com.android.server.wm.WindowManagerService.startAppFreezingScreen(android.os.IBinder, int) for 280ms
05-28 15:10:39.363 W/art     ( 1751): Long monitor contention with owner Binder:1751_B (2510) at void com.android.server.wm.WindowManagerService.continueSurfaceLayout()(WindowManagerService.java:5454) waiters=0 in void com.android.server.wm.WindowAnimator$1.doFrame(long) for 254ms
05-28 15:10:39.858 W/art     ( 1751): Long monitor contention with owner android.display (1819) at void com.android.server.wm.WindowAnimator$1.doFrame(long)(WindowAnimator.java:144) waiters=0 in void com.android.server.wm.WindowManagerService.executeAppTransition() for 271ms
05-28 15:10:40.108 W/art     ( 1751): Long monitor contention with owner android.display (1819) at void com.android.server.wm.WindowAnimator$1.doFrame(long)(WindowAnimator.java:144) waiters=0 in void com.android.server.wm.WindowManagerService.executeAppTransition() for 249ms
05-28 15:10:40.584 W/art     ( 1751): Long monitor contention with owner android.display (1819) at void com.android.server.wm.WindowAnimator$1.doFrame(long)(WindowAnimator.java:144) waiters=0 in void com.android.server.wm.WindowManagerService.executeAppTransition() for 206ms
05-28 15:10:40.473 W/ifconfig( 2611): type=1400 audit(0.0:13): avc: denied { ioctl } for path="socket:[14444]" dev="sockfs" ino=14444 ioctlcmd=8927 scontext=u:r:shell:s0 tcontext=u:r:shell:s0 tclass=udp_socket permissive=0
05-28 15:10:40.603 W/ifconfig( 2611): type=1400 audit(0.0:14): avc: denied { ioctl } for path="socket:[14444]" dev="sockfs" ino=14444 ioctlcmd=891d scontext=u:r:shell:s0 tcontext=u:r:shell:s0 tclass=udp_socket permissive=0
05-28 15:10:40.603 W/ifconfig( 2611): type=1400 audit(0.0:15): avc: denied { ioctl } for path="socket:[14444]" dev="sockfs" ino=14444 ioctlcmd=8970 scontext=u:r:shell:s0 tcontext=u:r:shell:s0 tclass=udp_socket permissive=0
05-28 15:10:40.870 W/art     ( 1751): Long monitor contention with owner android.display (1819) at void com.android.server.wm.WindowAnimator$1.doFrame(long)(WindowAnimator.java:144) waiters=0 in void com.android.server.wm.WindowManagerService.executeAppTransition() for 284ms
05-28 15:10:41.351 W/art     ( 1751): Long monitor contention with owner android.display (1819) at void com.android.server.wm.WindowAnimator$1.doFrame(long)(WindowAnimator.java:144) waiters=0 in void com.android.server.wm.WindowManagerService.executeAppTransition() for 140ms
05-28 15:10:41.815 W/art     ( 1751): Long monitor contention with owner android.display (1819) at void com.android.server.wm.WindowAnimator$1.doFrame(long)(WindowAnimator.java:144) waiters=0 in void com.android.server.wm.WindowManagerService.executeAppTransition() for 166ms
05-28 15:10:41.976 W/art     ( 1751): Long monitor contention with owner android.display (1819) at void com.android.server.wm.WindowAnimator$1.doFrame(long)(WindowAnimator.java:144) waiters=0 in void com.android.server.wm.WindowManagerService.executeAppTransition() for 161ms
05-28 15:10:43.471 W/art     ( 1751): Long monitor contention with owner android.display (1819) at void com.android.server.wm.WindowManagerService$H.handleMessage(android.os.Message)(WindowManagerService.java:8549) waiters=0 in void com.android.server.wm.WindowManagerService.executeAppTransition() for 312ms
05-28 15:10:43.475 W/art     ( 1751): Long monitor contention with owner Binder:1751_7 (2506) at void com.android.server.am.ActivityManagerService.activityPaused(android.os.IBinder)(ActivityManagerService.java:6916) waiters=10 in android.content.IIntentSender com.android.server.am.ActivityManagerService.getIntentSender(int, java.lang.String, android.os.IBinder, java.lang.String, int, android.content.Intent[], java.lang.String[], int, android.os.Bundle, int) for 7.945s
05-28 15:10:43.487 I/Choreographer( 1751): Skipped 30 frames!  The application may be doing too much work on its main thread.
05-28 15:10:43.498 W/art     ( 1751): Long monitor contention with owner ActivityManager (1804) at void com.android.server.am.ActivityStackSupervisor$ActivityStackSupervisorHandler.handleMessage(android.os.Message)(ActivityStackSupervisor.java:3910) waiters=7 in android.content.Intent com.android.server.am.ActivityManagerService.registerReceiver(android.app.IApplicationThread, java.lang.String, android.content.IIntentReceiver, android.content.IntentFilter, java.lang.String, int) for 5.689s
05-28 15:10:43.518 W/art     ( 1751): Long monitor contention with owner ActivityManager (1804) at void com.android.server.am.ActivityStackSupervisor$ActivityStackSupervisorHandler.handleMessage(android.os.Message)(ActivityStackSupervisor.java:3910) waiters=7 in int com.android.server.am.ActivityManagerService.getAppStartMode(int, java.lang.String) for 5.728s
05-28 15:10:43.520 W/art     ( 1751): Long monitor contention with owner Binder:1751_A (2509) at void com.android.server.am.ActivityManagerService.appendDropBoxProcessHeaders(com.android.server.am.ProcessRecord, java.lang.String, java.lang.StringBuilder)(ActivityManagerService.java:13756) waiters=7 in void com.android.server.am.ActivityManagerService$MainHandler.handleMessage(android.os.Message) for 5.560s
05-28 15:10:43.524 W/art     ( 1751): Long monitor contention with owner Binder:1751_B (2510) at void com.android.server.am.ActivityManagerService.attachApplication(android.app.IApplicationThread)(ActivityManagerService.java:6669) waiters=8 in int com.android.server.am.ActivityManagerService.broadcastIntent(android.app.IApplicationThread, android.content.Intent, java.lang.String, android.content.IIntentReceiver, int, java.lang.String, android.os.Bundle, java.lang.String[], int, android.os.Bundle, boolean, boolean, int) for 4.572s
05-28 15:10:43.538 W/art     ( 1751): Long monitor contention with owner Binder:1751_B (2510) at void com.android.server.am.ActivityManagerService.attachApplication(android.app.IApplicationThread)(ActivityManagerService.java:6669) waiters=7 in java.lang.String com.android.server.am.ActivityManagerService.checkContentProviderAccess(java.lang.String, int) for 5.393s
05-28 15:10:43.539 W/art     ( 1751): Long monitor contention with owner Binder:1751_B (2510) at void com.android.server.am.ActivityManagerService.attachApplication(android.app.IApplicationThread)(ActivityManagerService.java:6669) waiters=6 in com.android.server.am.ProcessRecord com.android.server.am.ActivityManagerService.findAppProcess(android.os.IBinder, java.lang.String) for 5.458s
05-28 15:10:43.540 W/art     ( 1751): Long monitor contention with owner Binder:1751_B (2510) at void com.android.server.am.ActivityManagerService.attachApplication(android.app.IApplicationThread)(ActivityManagerService.java:6669) waiters=5 in android.content.Intent com.android.server.am.ActivityManagerService.registerReceiver(android.app.IApplicationThread, java.lang.String, android.content.IIntentReceiver, android.content.IntentFilter, java.lang.String, int) for 5.471s
05-28 15:10:43.686 W/System  ( 2557): ClassLoader referenced unknown path: /system/app/Launcher3/lib/x86_64
05-28 15:10:44.030 W/art     ( 1751): Long monitor contention with owner android.fg (1817) at boolean com.android.server.am.ActivityManagerService.unbindService(android.app.IServiceConnection)(ActivityManagerService.java:17308) waiters=7 in int com.android.server.am.ActivityManagerService.getAppStartMode(int, java.lang.String) for 511ms
05-28 15:10:44.273 V/AlarmClock( 2463): AlarmInitReceiver finished
05-28 15:10:44.329 W/art     ( 1751): Long monitor contention with owner Binder:1751_B (2510) at void com.android.server.am.ActivityManagerService.attachApplication(android.app.IApplicationThread)(ActivityManagerService.java:6669) waiters=6 in boolean com.android.server.am.ActivityManagerService.isUserRunning(int, int) for 6.218s
05-28 15:10:44.388 W/art     ( 1751): Long monitor contention with owner backup (2528) at int com.android.server.am.ActivityManagerService.getAppStartMode(int, java.lang.String)(ActivityManagerService.java:7896) waiters=0 in void com.android.server.job.controllers.AppIdleController.setAppIdleParoleOn(boolean) for 9.364s
05-28 15:10:44.389 W/art     ( 1751): Long monitor contention with owner backup (2528) at int com.android.server.am.ActivityManagerService.getAppStartMode(int, java.lang.String)(ActivityManagerService.java:7896) waiters=1 in void com.android.server.job.JobSchedulerService.updateUidState(int, int) for 6.321s
05-28 15:10:44.449 W/ActivityManager( 1751): Launch timeout has expired, giving up wake lock!
05-28 15:10:44.453 W/art     ( 1751): Long monitor contention with owner android.display (1819) at void com.android.server.wm.WindowAnimator$1.doFrame(long)(WindowAnimator.java:144) waiters=0 in int com.android.server.wm.WindowManagerService.relayoutWindow(com.android.server.wm.Session, android.view.IWindow, int, android.view.WindowManager$LayoutParams, int, int, int, int, android.graphics.Rect, android.graphics.Rect, android.graphics.Rect, android.graphics.Rect, android.graphics.Rect, android.graphics.Rect, android.graphics.Rect, android.content.res.Configuration, android.view.Surface) for 943ms
05-28 15:10:44.458 D/LauncherProvider( 2557): Launcher process started
05-28 15:10:44.498 W/art     ( 1751): Long monitor contention with owner android.display (1819) at void com.android.server.wm.WindowAnimator$1.doFrame(long)(WindowAnimator.java:144) waiters=1 in void com.android.server.wm.WindowManagerService.removeWindowToken(android.os.IBinder) for 689ms
05-28 15:10:44.531 E/NetdConnector( 1751): NDC event {600 Iface linkstate eth1 up} processed too late: 8054ms
05-28 15:10:44.537 E/NetdConnector( 1751): NDC event {616 Route updated fe80::/64 dev eth1} processed too late: 8039ms
05-28 15:10:44.569 D/TrustManagerService( 1751): Removing dead TrustListener.
05-28 15:10:44.620 I/Choreographer( 1751): Skipped 48 frames!  The application may be doing too much work on its main thread.
05-28 15:10:44.624 D/WIFI    ( 1751): Registering NetworkFactory
05-28 15:10:44.625 D/ConnectivityService( 1751): Got NetworkFactory Messenger for WIFI
05-28 15:10:44.626 D/WIFI_UT ( 1751): Registering NetworkFactory
05-28 15:10:44.638 D/ConnectivityService( 1751): Got NetworkFactory Messenger for WIFI_UT
05-28 15:10:44.644 D/WIFI    ( 1751): got request NetworkRequest [ REQUEST id=1, [ Capabilities: INTERNET&NOT_RESTRICTED&TRUSTED&NOT_VPN] ] with score 0
05-28 15:10:44.645 D/WIFI_UT ( 1751): got request NetworkRequest [ REQUEST id=1, [ Capabilities: INTERNET&NOT_RESTRICTED&TRUSTED&NOT_VPN] ] with score 0
05-28 15:10:44.647 E/NetdConnector( 1751): NDC event {614 Address updated fe80::5054:ff:fe12:3457/64 eth1 196 253} processed too late: 8112ms
05-28 15:10:44.786 E/NetdConnector( 1751): NDC event {614 Address updated 10.42.0.36/24 eth1 128 0} processed too late: 7598ms
05-28 15:10:44.828 E/NetdConnector( 1751): NDC event {614 Address updated fe80::5054:ff:fe12:3457/64 eth1 128 253} processed too late: 6875ms
05-28 15:10:45.337 E/WVMExtractor( 2513): Failed to open libwvm.so: dlopen failed: library "libwvm.so" not found
05-28 15:10:45.420 I/AlarmClock( 2463): AlarmInitReceiver android.intent.action.LOCKED_BOOT_COMPLETED
05-28 15:10:46.230 I/MediaPlayerService( 1334): MediaPlayerService::getOMX
05-28 15:10:46.243 I/OMXClient( 2513): MuxOMX ctor
05-28 15:10:46.324 I/OMXMaster( 1331): makeComponentInstance(OMX.google.vorbis.decoder) in mediacodec process
05-28 15:10:47.620 W/art     ( 1751): Long monitor contention with owner BackgroundDexOptService_PostBootUpdate (2481) at boolean android.os.MessageQueue.enqueueMessage(android.os.Message, long)(MessageQueue.java:541) waiters=0 in android.os.Message android.os.MessageQueue.next() for 154ms
05-28 15:10:47.622 W/art     ( 1751): Long monitor contention with owner Binder:1751_5 (2218) at int com.android.server.wm.WindowManagerService.relayoutWindow(com.android.server.wm.Session, android.view.IWindow, int, android.view.WindowManager$LayoutParams, int, int, int, int, android.graphics.Rect, android.graphics.Rect, android.graphics.Rect, android.graphics.Rect, android.graphics.Rect, android.graphics.Rect, android.graphics.Rect, android.content.res.Configuration, android.view.Surface)(WindowManagerService.java:2857) waiters=0 in void com.android.server.wm.WindowAnimator$1.doFrame(long) for 3.002s
05-28 15:10:47.658 W/art     ( 1751): Long monitor contention with owner Binder:1751_5 (2218) at int com.android.server.wm.WindowManagerService.relayoutWindow(com.android.server.wm.Session, android.view.IWindow, int, android.view.WindowManager$LayoutParams, int, int, int, int, android.graphics.Rect, android.graphics.Rect, android.graphics.Rect, android.graphics.Rect, android.graphics.Rect, android.graphics.Rect, android.graphics.Rect, android.content.res.Configuration, android.view.Surface)(WindowManagerService.java:2857) waiters=1 in float com.android.server.wm.WindowManagerService.getCurrentAnimatorScale() for 3.005s
05-28 15:10:47.744 V/Launcher( 2557): LauncherAppState inited
05-28 15:10:48.010 I/Choreographer( 2308): Skipped 269 frames!  The application may be doing too much work on its main thread.
05-28 15:10:49.966 I/MediaPlayerService( 1334): MediaPlayerService::getOMX
05-28 15:10:49.968 I/OMXClient( 2513): MuxOMX ctor
05-28 15:10:49.973 I/OMXMaster( 1331): makeComponentInstance(OMX.google.vorbis.decoder) in mediacodec process
05-28 15:10:50.039 E/NetdConnector( 1751): NDC Command {18 firewall disable_chain standby} took too long (5627ms)
05-28 15:10:50.702 I/MediaPlayerService( 1334): MediaPlayerService::getOMX
05-28 15:10:50.704 I/OMXClient( 2513): MuxOMX ctor
05-28 15:10:50.718 I/OMXMaster( 1331): makeComponentInstance(OMX.google.vorbis.decoder) in mediacodec process
05-28 15:10:51.220 W/art     ( 1751): Long monitor contention with owner android.bg (1803) at void com.android.server.net.NetworkPolicyManagerService$AppIdleStateChangeListener.onParoleStateChanged(boolean)(NetworkPolicyManagerService.java:3204) waiters=0 in void com.android.server.net.NetworkPolicyManagerService$1.onUidStateChanged(int, int) for 6.555s
05-28 15:10:51.304 D/AlarmClock/Events( 2463): [Stopwatch] [Reset] [Reboot]
05-28 15:10:51.669 I/BackupManagerService( 1751): Found stale backup journal, scheduling
05-28 15:10:51.742 W/art     ( 1751): Long monitor contention with owner android.display (1819) at void com.android.server.wm.WindowAnimator$1.doFrame(long)(WindowAnimator.java:144) waiters=0 in void com.android.server.wm.WindowManagerService.notifyAppRelaunchesCleared(android.os.IBinder) for 2.213s
05-28 15:10:51.753 W/art     ( 1751): Long monitor contention with owner ActivityManager (1804) at void com.android.server.am.ActivityStackSupervisor$ActivityStackSupervisorHandler.activityIdleInternal(com.android.server.am.ActivityRecord)(ActivityStackSupervisor.java:3867) waiters=0 in android.content.Intent com.android.server.am.ActivityManagerService.registerReceiver(android.app.IApplicationThread, java.lang.String, android.content.IIntentReceiver, android.content.IntentFilter, java.lang.String, int) for 1.934s
05-28 15:10:51.754 W/art     ( 1751): Long monitor contention with owner ActivityManager (1804) at void com.android.server.am.ActivityStackSupervisor$ActivityStackSupervisorHandler.activityIdleInternal(com.android.server.am.ActivityRecord)(ActivityStackSupervisor.java:3867) waiters=1 in android.content.Intent com.android.server.am.ActivityManagerService.registerReceiver(android.app.IApplicationThread, java.lang.String, android.content.IIntentReceiver, android.content.IntentFilter, java.lang.String, int) for 1.904s
05-28 15:10:51.754 W/art     ( 1751): Long monitor contention with owner ActivityManager (1804) at void com.android.server.am.ActivityStackSupervisor$ActivityStackSupervisorHandler.activityIdleInternal(com.android.server.am.ActivityRecord)(ActivityStackSupervisor.java:3867) waiters=2 in android.content.pm.UserInfo com.android.server.am.UserController.getCurrentUser() for 1.709s
05-28 15:10:51.755 W/art     ( 1751): Long monitor contention with owner ActivityManager (1804) at void com.android.server.am.ActivityStackSupervisor$ActivityStackSupervisorHandler.activityIdleInternal(com.android.server.am.ActivityRecord)(ActivityStackSupervisor.java:3867) waiters=3 in void com.android.server.am.ActivityManagerService.dispatchUidsChanged() for 534ms
05-28 15:10:51.758 W/art     ( 1751): Long monitor contention with owner ActivityManager (1804) at void com.android.server.am.ActivityStackSupervisor$ActivityStackSupervisorHandler.activityIdleInternal(com.android.server.am.ActivityRecord)(ActivityStackSupervisor.java:3867) waiters=4 in boolean com.android.server.am.ActivityManagerService.isUserRunning(int, int) for 535ms
05-28 15:10:51.773 W/art     ( 1751): Long monitor contention with owner ActivityManager (1804) at void com.android.server.am.ActivityStackSupervisor$ActivityStackSupervisorHandler.activityIdleInternal(com.android.server.am.ActivityRecord)(ActivityStackSupervisor.java:3867) waiters=6 in java.lang.String com.android.server.am.ActivityManagerService.checkContentProviderAccess(java.lang.String, int) for 446ms
05-28 15:10:51.774 W/art     ( 1751): Long monitor contention with owner ActivityManager (1804) at void com.android.server.am.ActivityStackSupervisor$ActivityStackSupervisorHandler.activityIdleInternal(com.android.server.am.ActivityRecord)(ActivityStackSupervisor.java:3867) waiters=7 in com.android.server.am.ProcessRecord com.android.server.am.ActivityManagerService.findAppProcess(android.os.IBinder, java.lang.String) for 432ms
05-28 15:10:51.873 W/art     ( 1751): Long monitor contention with owner ActivityManager (1804) at void com.android.server.am.ActivityStackSupervisor$ActivityStackSupervisorHandler.activityIdleInternal(com.android.server.am.ActivityRecord)(ActivityStackSupervisor.java:3867) waiters=5 in int com.android.server.am.ActivityManagerService.bindService(android.app.IApplicationThread, android.os.IBinder, android.content.Intent, java.lang.String, android.app.IServiceConnection, int, java.lang.String, int) for 647ms
05-28 15:10:52.207 I/vol.Events( 2513): writeEvent collection_started
05-28 15:10:52.359 I/vol.Events( 2513): writeEvent external_ringer_mode_changed normal
05-28 15:10:52.360 I/vol.Events( 2513): writeEvent internal_ringer_mode_changed normal
05-28 15:10:53.518 V/AlarmClock( 2463): AlarmInitReceiver finished
05-28 15:10:53.620 W/ActivityManager( 1751): Slow operation: 178ms so far, now at startProcess: returned from zygote!
05-28 15:10:53.631 W/ActivityManager( 1751): Slow operation: 179ms so far, now at startProcess: done updating battery stats
05-28 15:10:53.632 W/ActivityManager( 1751): Slow operation: 190ms so far, now at startProcess: building log message
05-28 15:10:53.632 I/ActivityManager( 1751): Start proc 2644:android.process.media/u0a10 for broadcast com.android.providers.downloads/.DownloadReceiver
05-28 15:10:53.632 W/ActivityManager( 1751): Slow operation: 190ms so far, now at startProcess: starting to update pids map
05-28 15:10:53.632 W/ActivityManager( 1751): Slow operation: 190ms so far, now at startProcess: done updating pids map
05-28 15:10:53.632 W/ActivityManager( 1751): Slow operation: 192ms so far, now at startProcess: done starting proc!
05-28 15:10:53.719 W/art     ( 2644): Unexpected CPU variant for X86 using defaults: x86_64
05-28 15:10:54.062 I/vol.Events( 2513): writeEvent level_changed STREAM_ALARM 6
05-28 15:10:54.128 I/vol.Events( 2513): writeEvent level_changed STREAM_BLUETOOTH_SCO 7
05-28 15:10:54.181 I/vol.Events( 2513): writeEvent level_changed STREAM_MUSIC 11
05-28 15:10:54.252 I/vol.Events( 2513): writeEvent level_changed STREAM_RING 5
05-28 15:10:54.308 I/vol.Events( 2513): writeEvent level_changed STREAM_SYSTEM 5
05-28 15:10:54.340 I/vol.Events( 2513): writeEvent level_changed STREAM_VOICE_CALL 4
05-28 15:10:54.511 E/NetdConnector( 1751): NDC Command {19 bandwidth addniceapps 10010} took too long (877ms)
05-28 15:10:54.605 W/System  ( 2644): ClassLoader referenced unknown path: /system/priv-app/DownloadProvider/lib/x86_64
05-28 15:10:54.658 W/art     ( 1751): Long monitor contention with owner Binder:1751_D (2512) at void com.android.server.am.BroadcastQueue.processNextBroadcast(boolean)(BroadcastQueue.java:760) waiters=1 in int com.android.server.am.ActivityManagerService.bindService(android.app.IApplicationThread, android.os.IBinder, android.content.Intent, java.lang.String, android.app.IServiceConnection, int, java.lang.String, int) for 998ms
05-28 15:10:54.771 W/ActivityManager( 1751): Slow operation: 108ms so far, now at startProcess: returned from zygote!
05-28 15:10:54.772 W/ActivityManager( 1751): Slow operation: 109ms so far, now at startProcess: done updating battery stats
05-28 15:10:54.772 W/ActivityManager( 1751): Slow operation: 109ms so far, now at startProcess: building log message
05-28 15:10:54.772 I/ActivityManager( 1751): Start proc 2661:com.android.keychain/1000 for service com.android.keychain/.KeyChainService
05-28 15:10:54.772 W/ActivityManager( 1751): Slow operation: 109ms so far, now at startProcess: starting to update pids map
05-28 15:10:54.772 W/ActivityManager( 1751): Slow operation: 109ms so far, now at startProcess: done updating pids map
05-28 15:10:54.772 W/ActivityManager( 1751): Slow operation: 111ms so far, now at startProcess: done starting proc!
05-28 15:10:54.774 W/art     ( 2661): Unexpected CPU variant for X86 using defaults: x86_64
05-28 15:10:54.915 W/System  ( 2661): ClassLoader referenced unknown path: /system/app/KeyChain/lib/x86_64
05-28 15:10:55.157 W/System  ( 2644): ClassLoader referenced unknown path: /system/priv-app/MediaProvider/lib/x86_64
05-28 15:10:55.173 D/ApplicationLoaders( 2644): ignored Vulkan layer search path /system/priv-app/MediaProvider/lib/x86_64:/system/priv-app/MediaProvider/MediaProvider.apk!/lib/x86_64:/system/lib64:/vendor/lib64 for namespace 0x7b624c6ee0f0
05-28 15:10:55.270 W/art     ( 1751): Long monitor contention with owner android.bg (1803) at int android.content.res.AssetManager.getStringBlockCount!()(AssetManager.java:-2) waiters=0 in com.android.server.search.Searchables com.android.server.search.SearchManagerService.getSearchables(int, boolean) for 2.342s
05-28 15:10:55.281 W/art     ( 1751): Long monitor contention with owner android.display (1819) at void com.android.server.wm.WindowManagerService$H.handleMessage(android.os.Message)(WindowManagerService.java:8368) waiters=0 in void com.android.server.wm.WindowManagerService.monitor() for 2.370s
05-28 15:10:55.283 W/art     ( 1751): Long monitor contention with owner android.display (1819) at void com.android.server.wm.WindowManagerService$H.handleMessage(android.os.Message)(WindowManagerService.java:8368) waiters=1 in void com.android.server.wm.WindowManagerService.removeWindow(com.android.server.wm.Session, android.view.IWindow) for 1.894s
05-28 15:10:55.286 W/art     ( 1751): Long monitor contention with owner android.display (1819) at void com.android.server.wm.WindowManagerService$H.handleMessage(android.os.Message)(WindowManagerService.java:8368) waiters=2 in float com.android.server.wm.WindowManagerService.getCurrentAnimatorScale() for 871ms
05-28 15:10:55.592 W/ActivityManager( 1751): Slow operation: 70ms so far, now at startProcess: returned from zygote!
05-28 15:10:55.593 W/ActivityManager( 1751): Slow operation: 71ms so far, now at startProcess: done updating battery stats
05-28 15:10:55.593 W/ActivityManager( 1751): Slow operation: 71ms so far, now at startProcess: building log message
05-28 15:10:55.593 I/ActivityManager( 1751): Start proc 2676:com.android.printspooler/u0a51 for service com.android.printspooler/.model.PrintSpoolerService
05-28 15:10:55.593 W/ActivityManager( 1751): Slow operation: 71ms so far, now at startProcess: starting to update pids map
05-28 15:10:55.593 W/ActivityManager( 1751): Slow operation: 71ms so far, now at startProcess: done updating pids map
05-28 15:10:55.593 W/ActivityManager( 1751): Slow operation: 72ms so far, now at startProcess: done starting proc!
05-28 15:10:55.612 W/art     ( 2676): Unexpected CPU variant for X86 using defaults: x86_64
05-28 15:10:55.633 W/art     ( 1751): Long monitor contention with owner Binder:1751_5 (2218) at void com.android.server.wm.WindowManagerService.removeWindow(com.android.server.wm.Session, android.view.IWindow)(WindowManagerService.java:2392) waiters=1 in int com.android.server.wm.WindowManagerService.addWindow(com.android.server.wm.Session, android.view.IWindow, int, android.view.WindowManager$LayoutParams, int, int, android.graphics.Rect, android.graphics.Rect, android.graphics.Rect, android.view.InputChannel) for 310ms
05-28 15:10:56.146 D/StorageNotification( 2513): Notifying about private volume: VolumeInfo{private}:
05-28 15:10:56.146 D/StorageNotification( 2513):     type=PRIVATE diskId=null partGuid=null mountFlags=0 mountUserId=-1 
05-28 15:10:56.146 D/StorageNotification( 2513):     state=MOUNTED 
05-28 15:10:56.146 D/StorageNotification( 2513):     fsType=null fsUuid=null fsLabel=null 
05-28 15:10:56.146 D/StorageNotification( 2513):     path=/data internalPath=null 
05-28 15:10:56.241 D/StorageNotification( 2513): Notifying about public volume: VolumeInfo{public:253,48}:
05-28 15:10:56.241 D/StorageNotification( 2513):     type=PUBLIC diskId=disk:253,48 partGuid=null mountFlags=VISIBLE 
05-28 15:10:56.241 D/StorageNotification( 2513):     mountUserId=0 state=MOUNTED 
05-28 15:10:56.241 D/StorageNotification( 2513):     fsType=vfat fsUuid=1EFF-1C1B fsLabel=SDCARD 
05-28 15:10:56.241 D/StorageNotification( 2513):     path=/storage/1EFF-1C1B internalPath=/mnt/media_rw/1EFF-1C1B 
05-28 15:10:56.762 W/art     ( 1751): Long monitor contention with owner Binder:1751_C (2511) at int com.android.server.wm.WindowManagerService.relayoutWindow(com.android.server.wm.Session, android.view.IWindow, int, android.view.WindowManager$LayoutParams, int, int, int, int, android.graphics.Rect, android.graphics.Rect, android.graphics.Rect, android.graphics.Rect, android.graphics.Rect, android.graphics.Rect, android.graphics.Rect, android.content.res.Configuration, android.view.Surface)(WindowManagerService.java:2857) waiters=0 in void com.android.server.wm.WindowManagerService$H.handleMessage(android.os.Message) for 186ms
05-28 15:10:56.910 I/Choreographer( 2557): Skipped 32 frames!  The application may be doing too much work on its main thread.
05-28 15:10:56.922 V/KeyguardServiceDelegate( 1751): *** Keyguard connected (yay!)
05-28 15:10:57.201 D/gralloc_ranchu( 2557): Emulator without host-side GPU emulation detected. Loading gralloc.default.so from /vendor/lib64/hw/gralloc.goldfish.default.so...
05-28 15:10:57.211 D/gralloc_ranchu( 2557): gralloc.default.so not found in /vendor. Trying /system/lib64/hw/gralloc.goldfish.default.so...
05-28 15:10:57.286 W/art     ( 1751): Long monitor contention with owner Binder:1751_B (2510) at int com.android.server.pm.PackageManagerService.checkUidPermission(java.lang.String, int)(PackageManagerService.java:3732) waiters=0 in android.content.pm.ParceledListSlice com.android.server.pm.PackageManagerService.getInstalledPackages(int, int) for 196ms
05-28 15:10:57.461 W/art     ( 1751): Long monitor contention with owner Binder:1751_A (2509) at android.content.pm.ParceledListSlice com.android.server.pm.PackageManagerService.getInstalledPackages(int, int)(PackageManagerService.java:6173) waiters=2 in boolean com.android.server.pm.PackageManagerService.isProtectedBroadcast(java.lang.String) for 111ms
05-28 15:10:57.721 I/Choreographer( 2557): Skipped 48 frames!  The application may be doing too much work on its main thread.
05-28 15:10:58.214 I/Choreographer( 2513): Skipped 170 frames!  The application may be doing too much work on its main thread.
05-28 15:10:58.224 V/GridSizeMigrationTask( 2557): Workspace migration completed in 1286
05-28 15:10:58.291 D/Launcher.Model( 2557): loadWorkspace: loading default favorites
05-28 15:10:58.381 I/Choreographer( 2557): Skipped 30 frames!  The application may be doing too much work on its main thread.
05-28 15:10:58.525 W/art     ( 1751): Suspending all threads took: 124.461ms
05-28 15:10:58.602 I/Choreographer( 1751): Skipped 37 frames!  The application may be doing too much work on its main thread.
05-28 15:10:58.620 I/ActivityManager( 1751): Displayed com.android.launcher3/.Launcher: +23s579ms
05-28 15:10:58.644 I/art     ( 1751): Background partial concurrent mark sweep GC freed 31832(2MB) AllocSpace objects, 13(456KB) LOS objects, 29% free, 9MB/13MB, paused 140.246ms total 1.402s
05-28 15:10:58.999 W/art     ( 1751): Long monitor contention with owner android.display (1819) at void com.android.server.wm.WindowManagerService$H.handleMessage(android.os.Message)(WindowManagerService.java:8368) waiters=0 in void com.android.server.wm.WindowManagerService.setInsetsWindow(com.android.server.wm.Session, android.view.IWindow, int, android.graphics.Rect, android.graphics.Rect, android.graphics.Region) for 322ms
05-28 15:10:59.021 W/art     ( 1751): Long monitor contention with owner android.bg (1803) at java.util.List com.android.server.pm.PackageManagerService.queryIntentServicesInternal(android.content.Intent, java.lang.String, int, int)(PackageManagerService.java:6105) waiters=0 in void com.android.server.print.UserState.handleDispatchPrintServicesChanged() for 1.803s
05-28 15:10:59.161 W/art     ( 1751): Long monitor contention with owner android.display (1819) at void com.android.server.wm.WindowManagerService$H.handleMessage(android.os.Message)(WindowManagerService.java:8368) waiters=1 in void com.android.server.wm.WindowManagerService.setDockedStackDividerTouchRegion(android.graphics.Rect) for 431ms
05-28 15:10:59.365 I/StatusBarManagerService( 1751): registerStatusBar bar=com.android.internal.statusbar.IStatusBar$Stub$Proxy@915f66b
05-28 15:11:02.407 I/art     ( 2557): Background sticky concurrent mark sweep GC freed 20109(1950KB) AllocSpace objects, 9(212KB) LOS objects, 23% free, 7MB/10MB, paused 505us total 158.751ms
05-28 15:11:02.425 W/art     ( 2513): Suspending all threads took: 6.919ms
05-28 15:11:02.489 I/art     ( 2513): Background sticky concurrent mark sweep GC freed 16382(2MB) AllocSpace objects, 2(40KB) LOS objects, 26% free, 7MB/10MB, paused 8.446ms total 404.032ms
05-28 15:11:02.850 W/System  ( 2513): ClassLoader referenced unknown path: 
05-28 15:11:02.851 W/System  ( 2513): ClassLoader referenced unknown path: /system/priv-app/Dialer/lib/x86_64
05-28 15:11:02.870 D/ApplicationLoaders( 2513): ignored Vulkan layer search path /system/priv-app/Dialer/lib/x86_64:/system/lib64:/vendor/lib64 for namespace 0x7b624c8510f0
05-28 15:11:03.168 E/BluetoothAdapter( 2513): Bluetooth binder is null
05-28 15:11:03.253 D/MediaScannerReceiver( 2644): action: android.intent.action.MEDIA_MOUNTED path: /storage/1EFF-1C1B
05-28 15:11:03.370 I/CameraManagerGlobal( 2513): Connecting to camera service
05-28 15:11:03.401 V/EmulatedCamera_Camera( 1327): getCameraInfo
05-28 15:11:03.402 V/EmulatedCamera_BaseCamera( 1327): getCameraInfo
05-28 15:11:03.403 I/CameraService( 1327): getCameraCharacteristics: Switching to HAL1 shim implementation...
05-28 15:11:03.403 V/EmulatedCamera_Camera( 1327): getCameraInfo
05-28 15:11:03.403 V/EmulatedCamera_BaseCamera( 1327): getCameraInfo
05-28 15:11:03.429 V/EmulatedCamera_Camera( 1327): getCameraInfo
05-28 15:11:03.429 V/EmulatedCamera_BaseCamera( 1327): getCameraInfo
05-28 15:11:03.432 V/EmulatedCamera_Camera( 1327): getCameraInfo
05-28 15:11:03.432 V/EmulatedCamera_BaseCamera( 1327): getCameraInfo
05-28 15:11:03.504 I/StatusBar( 2513): isKeyguardShowing() called before startKeyguard(), returning true
05-28 15:11:03.506 W/StatusBar( 2513): isKeyguardSecure() called before startKeyguard(), returning false
05-28 15:11:03.506 W/StatusBar( 2513): java.lang.Throwable
05-28 15:11:03.506 W/StatusBar( 2513): 	at com.android.systemui.statusbar.BaseStatusBar.isKeyguardSecure(BaseStatusBar.java:2647)
05-28 15:11:03.506 W/StatusBar( 2513): 	at com.android.systemui.statusbar.BaseStatusBar.isCameraAllowedByAdmin(BaseStatusBar.java:2670)
05-28 15:11:03.506 W/StatusBar( 2513): 	at com.android.systemui.statusbar.phone.KeyguardBottomAreaView.updateCameraVisibility(KeyguardBottomAreaView.java:309)
05-28 15:11:03.506 W/StatusBar( 2513): 	at com.android.systemui.statusbar.phone.KeyguardBottomAreaView.setPhoneStatusBar(KeyguardBottomAreaView.java:272)
05-28 15:11:03.506 W/StatusBar( 2513): 	at com.android.systemui.statusbar.phone.PhoneStatusBar.makeStatusBarView(PhoneStatusBar.java:904)
05-28 15:11:03.506 W/StatusBar( 2513): 	at com.android.systemui.statusbar.phone.PhoneStatusBar.addStatusBarWindow(PhoneStatusBar.java:3432)
05-28 15:11:03.506 W/StatusBar( 2513): 	at com.android.systemui.statusbar.phone.PhoneStatusBar.createAndAddWindows(PhoneStatusBar.java:3428)
05-28 15:11:03.506 W/StatusBar( 2513): 	at com.android.systemui.statusbar.BaseStatusBar.start(BaseStatusBar.java:765)
05-28 15:11:03.506 W/StatusBar( 2513): 	at com.android.systemui.statusbar.phone.PhoneStatusBar.start(PhoneStatusBar.java:686)
05-28 15:11:03.506 W/StatusBar( 2513): 	at com.android.systemui.statusbar.SystemBars.createStatusBarFromConfig(SystemBars.java:106)
05-28 15:11:03.506 W/StatusBar( 2513): 	at com.android.systemui.statusbar.SystemBars.onNoService(SystemBars.java:58)
05-28 15:11:03.506 W/StatusBar( 2513): 	at com.android.systemui.statusbar.ServiceMonitor.startService(ServiceMonitor.java:230)
05-28 15:11:03.506 W/StatusBar( 2513): 	at com.android.systemui.statusbar.ServiceMonitor.-wrap5(ServiceMonitor.java)
05-28 15:11:03.506 W/StatusBar( 2513): 	at com.android.systemui.statusbar.ServiceMonitor$1.handleMessage(ServiceMonitor.java:73)
05-28 15:11:03.506 W/StatusBar( 2513): 	at android.os.Handler.dispatchMessage(Handler.java:102)
05-28 15:11:03.506 W/StatusBar( 2513): 	at android.os.Looper.loop(Looper.java:154)
05-28 15:11:03.506 W/StatusBar( 2513): 	at android.app.ActivityThread.main(ActivityThread.java:6119)
05-28 15:11:03.506 W/StatusBar( 2513): 	at java.lang.reflect.Method.invoke(Native Method)
05-28 15:11:03.506 W/StatusBar( 2513): 	at com.android.internal.os.ZygoteInit$MethodAndArgsCaller.run(ZygoteInit.java:886)
05-28 15:11:03.506 W/StatusBar( 2513): 	at com.android.internal.os.ZygoteInit.main(ZygoteInit.java:776)
05-28 15:11:03.512 D/MediaScannerReceiver( 2644): action: android.intent.action.MEDIA_MOUNTED path: /storage/emulated/0
05-28 15:11:03.521 I/StatusBar( 2513): isKeyguardShowing() called before startKeyguard(), returning true
05-28 15:11:03.522 W/StatusBar( 2513): isKeyguardSecure() called before startKeyguard(), returning false
05-28 15:11:03.522 W/StatusBar( 2513): java.lang.Throwable
05-28 15:11:03.522 W/StatusBar( 2513): 	at com.android.systemui.statusbar.BaseStatusBar.isKeyguardSecure(BaseStatusBar.java:2647)
05-28 15:11:03.522 W/StatusBar( 2513): 	at com.android.systemui.statusbar.BaseStatusBar.isCameraAllowedByAdmin(BaseStatusBar.java:2670)
05-28 15:11:03.522 W/StatusBar( 2513): 	at com.android.systemui.statusbar.phone.KeyguardBottomAreaView.updateCameraVisibility(KeyguardBottomAreaView.java:309)
05-28 15:11:03.522 W/StatusBar( 2513): 	at com.android.systemui.statusbar.phone.KeyguardBottomAreaView.setUserSetupComplete(KeyguardBottomAreaView.java:281)
05-28 15:11:03.522 W/StatusBar( 2513): 	at com.android.systemui.statusbar.phone.PhoneStatusBar.makeStatusBarView(PhoneStatusBar.java:905)
05-28 15:11:03.522 W/StatusBar( 2513): 	at com.android.systemui.statusbar.phone.PhoneStatusBar.addStatusBarWindow(PhoneStatusBar.java:3432)
05-28 15:11:03.522 W/StatusBar( 2513): 	at com.android.systemui.statusbar.phone.PhoneStatusBar.createAndAddWindows(PhoneStatusBar.java:3428)
05-28 15:11:03.522 W/StatusBar( 2513): 	at com.android.systemui.statusbar.BaseStatusBar.start(BaseStatusBar.java:765)
05-28 15:11:03.522 W/StatusBar( 2513): 	at com.android.systemui.statusbar.phone.PhoneStatusBar.start(PhoneStatusBar.java:686)
05-28 15:11:03.522 W/StatusBar( 2513): 	at com.android.systemui.statusbar.SystemBars.createStatusBarFromConfig(SystemBars.java:106)
05-28 15:11:03.522 W/StatusBar( 2513): 	at com.android.systemui.statusbar.SystemBars.onNoService(SystemBars.java:58)
05-28 15:11:03.522 W/StatusBar( 2513): 	at com.android.systemui.statusbar.ServiceMonitor.startService(ServiceMonitor.java:230)
05-28 15:11:03.522 W/StatusBar( 2513): 	at com.android.systemui.statusbar.ServiceMonitor.-wrap5(ServiceMonitor.java)
05-28 15:11:03.522 W/StatusBar( 2513): 	at com.android.systemui.statusbar.ServiceMonitor$1.handleMessage(ServiceMonitor.java:73)
05-28 15:11:03.522 W/StatusBar( 2513): 	at android.os.Handler.dispatchMessage(Handler.java:102)
05-28 15:11:03.522 W/StatusBar( 2513): 	at android.os.Looper.loop(Looper.java:154)
05-28 15:11:03.522 W/StatusBar( 2513): 	at android.app.ActivityThread.main(ActivityThread.java:6119)
05-28 15:11:03.522 W/StatusBar( 2513): 	at java.lang.reflect.Method.invoke(Native Method)
05-28 15:11:03.522 W/StatusBar( 2513): 	at com.android.internal.os.ZygoteInit$MethodAndArgsCaller.run(ZygoteInit.java:886)
05-28 15:11:03.522 W/StatusBar( 2513): 	at com.android.internal.os.ZygoteInit.main(ZygoteInit.java:776)
05-28 15:11:03.728 V/EmulatedCamera_Camera( 1327): getCameraInfo
05-28 15:11:03.728 V/EmulatedCamera_BaseCamera( 1327): getCameraInfo
05-28 15:11:03.732 V/EmulatedCamera_Camera( 1327): getCameraInfo
05-28 15:11:03.732 V/EmulatedCamera_BaseCamera( 1327): getCameraInfo
05-28 15:11:04.154 I/StatusBar( 2513): isKeyguardShowing() called before startKeyguard(), returning true
05-28 15:11:04.156 W/StatusBar( 2513): isKeyguardSecure() called before startKeyguard(), returning false
05-28 15:11:04.156 W/StatusBar( 2513): java.lang.Throwable
05-28 15:11:04.156 W/StatusBar( 2513): 	at com.android.systemui.statusbar.BaseStatusBar.isKeyguardSecure(BaseStatusBar.java:2647)
05-28 15:11:04.156 W/StatusBar( 2513): 	at com.android.systemui.statusbar.BaseStatusBar.isCameraAllowedByAdmin(BaseStatusBar.java:2670)
05-28 15:11:04.156 W/StatusBar( 2513): 	at com.android.systemui.statusbar.phone.KeyguardBottomAreaView.updateCameraVisibility(KeyguardBottomAreaView.java:309)
05-28 15:11:04.156 W/StatusBar( 2513): 	at com.android.systemui.statusbar.phone.KeyguardBottomAreaView.setUserSetupComplete(KeyguardBottomAreaView.java:281)
05-28 15:11:04.156 W/StatusBar( 2513): 	at com.android.systemui.statusbar.phone.PhoneStatusBar$1.onChange(PhoneStatusBar.java:441)
05-28 15:11:04.156 W/StatusBar( 2513): 	at com.android.systemui.statusbar.phone.PhoneStatusBar.resetUserSetupObserver(PhoneStatusBar.java:3676)
05-28 15:11:04.156 W/StatusBar( 2513): 	at com.android.systemui.statusbar.phone.PhoneStatusBar.makeStatusBarView(PhoneStatusBar.java:1008)
05-28 15:11:04.156 W/StatusBar( 2513): 	at com.android.systemui.statusbar.phone.PhoneStatusBar.addStatusBarWindow(PhoneStatusBar.java:3432)
05-28 15:11:04.156 W/StatusBar( 2513): 	at com.android.systemui.statusbar.phone.PhoneStatusBar.createAndAddWindows(PhoneStatusBar.java:3428)
05-28 15:11:04.156 W/StatusBar( 2513): 	at com.android.systemui.statusbar.BaseStatusBar.start(BaseStatusBar.java:765)
05-28 15:11:04.156 W/StatusBar( 2513): 	at com.android.systemui.statusbar.phone.PhoneStatusBar.start(PhoneStatusBar.java:686)
05-28 15:11:04.156 W/StatusBar( 2513): 	at com.android.systemui.statusbar.SystemBars.createStatusBarFromConfig(SystemBars.java:106)
05-28 15:11:04.156 W/StatusBar( 2513): 	at com.android.systemui.statusbar.SystemBars.onNoService(SystemBars.java:58)
05-28 15:11:04.156 W/StatusBar( 2513): 	at com.android.systemui.statusbar.ServiceMonitor.startService(ServiceMonitor.java:230)
05-28 15:11:04.156 W/StatusBar( 2513): 	at com.android.systemui.statusbar.ServiceMonitor.-wrap5(ServiceMonitor.java)
05-28 15:11:04.156 W/StatusBar( 2513): 	at com.android.systemui.statusbar.ServiceMonitor$1.handleMessage(ServiceMonitor.java:73)
05-28 15:11:04.156 W/StatusBar( 2513): 	at android.os.Handler.dispatchMessage(Handler.java:102)
05-28 15:11:04.156 W/StatusBar( 2513): 	at android.os.Looper.loop(Looper.java:154)
05-28 15:11:04.156 W/StatusBar( 2513): 	at android.app.ActivityThread.main(ActivityThread.java:6119)
05-28 15:11:04.156 W/StatusBar( 2513): 	at java.lang.reflect.Method.invoke(Native Method)
05-28 15:11:04.156 W/StatusBar( 2513): 	at com.android.internal.os.ZygoteInit$MethodAndArgsCaller.run(ZygoteInit.java:886)
05-28 15:11:04.156 W/StatusBar( 2513): 	at com.android.internal.os.ZygoteInit.main(ZygoteInit.java:776)
05-28 15:11:04.191 E/SurfaceFlinger( 1321): ro.sf.lcd_density must be defined as a build property
05-28 15:11:04.219 D/OpenGLRenderer( 2513): profile bars disabled
05-28 15:11:04.222 D/OpenGLRenderer( 2513): ambientRatio = 1.50
05-28 15:11:04.264 D/PhoneStatusBar( 2513): disable: < EXPAND* icons alerts system_info BACK* HOME* RECENT* clock SEARCH* quick_settings >
05-28 15:11:04.328 W/ActivityManager( 1751): Slow operation: 51ms so far, now at startProcess: returned from zygote!
05-28 15:11:04.329 W/ActivityManager( 1751): Slow operation: 52ms so far, now at startProcess: done updating battery stats
05-28 15:11:04.329 W/ActivityManager( 1751): Slow operation: 52ms so far, now at startProcess: building log message
05-28 15:11:04.330 I/ActivityManager( 1751): Start proc 2716:android.process.acore/u0a1 for content provider com.android.providers.contacts/.ContactsProvider2
05-28 15:11:04.330 W/ActivityManager( 1751): Slow operation: 53ms so far, now at startProcess: starting to update pids map
05-28 15:11:04.330 W/ActivityManager( 1751): Slow operation: 53ms so far, now at startProcess: done updating pids map
05-28 15:11:04.330 W/ActivityManager( 1751): Slow operation: 54ms so far, now at startProcess: done starting proc!
05-28 15:11:04.330 W/ActivityManager( 1751): Slow operation: 56ms so far, now at getContentProviderImpl: after start process
05-28 15:11:04.330 W/ActivityManager( 1751): Slow operation: 56ms so far, now at getContentProviderImpl: updating data structures
05-28 15:11:04.331 W/ActivityManager( 1751): Slow operation: 57ms so far, now at getContentProviderImpl: done!
05-28 15:11:04.421 W/art     ( 2716): Unexpected CPU variant for X86 using defaults: x86_64
05-28 15:11:04.849 D/PhoneStatusBar( 2513): heads up is enabled
05-28 15:11:04.887 W/System  ( 2716): ClassLoader referenced unknown path: /system/priv-app/ContactsProvider/lib/x86_64
05-28 15:11:05.237 I/art     ( 2513): Background partial concurrent mark sweep GC freed 9791(1246KB) AllocSpace objects, 4(84KB) LOS objects, 24% free, 12MB/16MB, paused 696us total 151.751ms
05-28 15:11:05.750 W/art     ( 1751): Long monitor contention with owner Binder:1751_B (2510) at int com.android.server.wm.WindowManagerService.relayoutWindow(com.android.server.wm.Session, android.view.IWindow, int, android.view.WindowManager$LayoutParams, int, int, int, int, android.graphics.Rect, android.graphics.Rect, android.graphics.Rect, android.graphics.Rect, android.graphics.Rect, android.graphics.Rect, android.graphics.Rect, android.content.res.Configuration, android.view.Surface)(WindowManagerService.java:2857) waiters=0 in void com.android.server.wm.WindowManagerService$H.handleMessage(android.os.Message) for 715ms
05-28 15:11:05.822 W/KeyguardUpdateMonitor( 2513): invalid subId in handleSimStateChange()
05-28 15:11:05.888 V/KeyguardServiceDelegate( 1751): **** SHOWN CALLED ****
05-28 15:11:05.955 I/Choreographer( 2513): Skipped 182 frames!  The application may be doing too much work on its main thread.
05-28 15:11:06.094 D/ViewRootImpl[StatusBar]( 2513): changeCanvasOpacity: opaque=true
05-28 15:11:06.368 I/ContactsPerf( 2716): VoicemailContentProvider.onCreate start
05-28 15:11:06.490 I/ContactsPerf( 2716): VoicemailContentProvider.onCreate finish
05-28 15:11:06.552 W/System  ( 2716): ClassLoader referenced unknown path: /system/priv-app/BlockedNumberProvider/lib/x86_64
05-28 15:11:06.556 D/ApplicationLoaders( 2716): ignored Vulkan layer search path /system/priv-app/BlockedNumberProvider/lib/x86_64:/system/lib64:/vendor/lib64 for namespace 0x7b624c6ee0f0
05-28 15:11:06.832 V/MediaScanner( 2644): pruneDeadThumbnailFiles... android.content.ContentProviderClient$CursorWrapperInner@f326ff9
05-28 15:11:06.845 W/System  ( 2716): ClassLoader referenced unknown path: /system/app/UserDictionaryProvider/lib/x86_64
05-28 15:11:06.859 D/ApplicationLoaders( 2716): ignored Vulkan layer search path /system/app/UserDictionaryProvider/lib/x86_64:/system/lib64:/vendor/lib64 for namespace 0x7b624c6ee160
05-28 15:11:06.976 V/MediaScanner( 2644): /pruneDeadThumbnailFiles... android.content.ContentProviderClient$CursorWrapperInner@f326ff9
05-28 15:11:08.001 W/art     ( 1751): Long monitor contention with owner android.display (1819) at void com.android.server.wm.WindowManagerService$H.handleMessage(android.os.Message)(WindowManagerService.java:8368) waiters=1 in void com.android.server.wm.WindowManagerService.getInitialDisplaySize(int, android.graphics.Point) for 516ms
05-28 15:11:08.004 W/art     ( 1751): Long monitor contention with owner Binder:1751_2 (1794) at int com.android.server.wm.WindowManagerService.relayoutWindow(com.android.server.wm.Session, android.view.IWindow, int, android.view.WindowManager$LayoutParams, int, int, int, int, android.graphics.Rect, android.graphics.Rect, android.graphics.Rect, android.graphics.Rect, android.graphics.Rect, android.graphics.Rect, android.graphics.Rect, android.content.res.Configuration, android.view.Surface)(WindowManagerService.java:2857) waiters=1 in void com.android.server.wm.WindowAnimator$1.doFrame(long) for 465ms
05-28 15:11:08.713 D/WifiService( 1751): New client listening to asynchronous messages
05-28 15:11:08.823 W/ActivityManager( 1751): Slow operation: 61ms so far, now at startProcess: returned from zygote!
05-28 15:11:08.824 W/ActivityManager( 1751): Slow operation: 62ms so far, now at startProcess: done updating battery stats
05-28 15:11:08.824 W/ActivityManager( 1751): Slow operation: 62ms so far, now at startProcess: building log message
05-28 15:11:08.824 I/ActivityManager( 1751): Start proc 2735:com.android.dialer/u0a8 for broadcast com.android.dialer/.calllog.CallLogReceiver
05-28 15:11:08.824 W/ActivityManager( 1751): Slow operation: 62ms so far, now at startProcess: starting to update pids map
