05-28 15:08:25.616 E/Hyphenator( 1325): 	at com.android.internal.os.ZygoteInit.main(ZygoteInit.java:743)
05-28 15:08:25.616 E/Hyphenator( 1325): Caused by: android.system.ErrnoException: open failed: ENOENT (No such file or directory)
05-28 15:08:25.616 E/Hyphenator( 1325): 	at libcore.io.Posix.open(Native Method)
05-28 15:08:25.616 E/Hyphenator( 1325): 	at libcore.io.BlockGuardOs.open(BlockGuardOs.java:187)
05-28 15:08:25.616 E/Hyphenator( 1325): 	at libcore.io.IoBridge.open(IoBridge.java:441)
05-28 15:08:25.616 E/Hyphenator( 1325): 	... 6 more
05-28 15:08:25.618 E/Hyphenator( 1325): error loading hyphenation /system/usr/hyphen-data/hyph-hr.hyb
05-28 15:08:25.618 E/Hyphenator( 1325): java.io.FileNotFoundException: /system/usr/hyphen-data/hyph-hr.hyb: open failed: ENOENT (No such file or directory)
05-28 15:08:25.618 E/Hyphenator( 1325): 	at libcore.io.IoBridge.open(IoBridge.java:455)
05-28 15:08:25.618 E/Hyphenator( 1325): 	at java.io.RandomAccessFile.<init>(RandomAccessFile.java:247)
05-28 15:08:25.618 E/Hyphenator( 1325): 	at android.text.Hyphenator.loadHyphenator(Hyphenator.java:118)
05-28 15:08:25.618 E/Hyphenator( 1325): 	at android.text.Hyphenator.init(Hyphenator.java:224)
05-28 15:08:25.618 E/Hyphenator( 1325): 	at com.android.internal.os.ZygoteInit.preloadTextResources(ZygoteInit.java:252)
05-28 15:08:25.618 E/Hyphenator( 1325): 	at com.android.internal.os.ZygoteInit.preload(ZygoteInit.java:206)
05-28 15:08:25.618 E/Hyphenator( 1325): 	at com.android.internal.os.ZygoteInit.main(ZygoteInit.java:743)
05-28 15:08:25.618 E/Hyphenator( 1325): Caused by: android.system.ErrnoException: open failed: ENOENT (No such file or directory)
05-28 15:08:25.618 E/Hyphenator( 1325): 	at libcore.io.Posix.open(Native Method)
05-28 15:08:25.618 E/Hyphenator( 1325): 	at libcore.io.BlockGuardOs.open(BlockGuardOs.java:187)
05-28 15:08:25.618 E/Hyphenator( 1325): 	at libcore.io.IoBridge.open(IoBridge.java:441)
05-28 15:08:25.618 E/Hyphenator( 1325): 	... 6 more
05-28 15:08:25.619 E/Hyphenator( 1325): error loading hyphenation /system/usr/hyphen-data/hyph-hu.hyb
05-28 15:08:25.619 E/Hyphenator( 1325): java.io.FileNotFoundException: /system/usr/hyphen-data/hyph-hu.hyb: open failed: ENOENT (No such file or directory)
05-28 15:08:25.619 E/Hyphenator( 1325): 	at libcore.io.IoBridge.open(IoBridge.java:455)
05-28 15:08:25.619 E/Hyphenator( 1325): 	at java.io.RandomAccessFile.<init>(RandomAccessFile.java:247)
05-28 15:08:25.619 E/Hyphenator( 1325): 	at android.text.Hyphenator.loadHyphenator(Hyphenator.java:118)
05-28 15:08:25.619 E/Hyphenator( 1325): 	at android.text.Hyphenator.init(Hyphenator.java:224)
05-28 15:08:25.619 E/Hyphenator( 1325): 	at com.android.internal.os.ZygoteInit.preloadTextResources(ZygoteInit.java:252)
05-28 15:08:25.619 E/Hyphenator( 1325): 	at com.android.internal.os.ZygoteInit.preload(ZygoteInit.java:206)
05-28 15:08:25.619 E/Hyphenator( 1325): 	at com.android.internal.os.ZygoteInit.main(ZygoteInit.java:743)
05-28 15:08:25.619 E/Hyphenator( 1325): Caused by: android.system.ErrnoException: open failed: ENOENT (No such file or directory)
05-28 15:08:25.619 E/Hyphenator( 1325): 	at libcore.io.Posix.open(Native Method)
05-28 15:08:25.619 E/Hyphenator( 1325): 	at libcore.io.BlockGuardOs.open(BlockGuardOs.java:187)
05-28 15:08:25.619 E/Hyphenator( 1325): 	at libcore.io.IoBridge.open(IoBridge.java:441)
05-28 15:08:25.619 E/Hyphenator( 1325): 	... 6 more
05-28 15:08:25.692 E/Hyphenator( 1325): error loading hyphenation /system/usr/hyphen-data/hyph-hy.hyb
05-28 15:08:25.692 E/Hyphenator( 1325): java.io.FileNotFoundException: /system/usr/hyphen-data/hyph-hy.hyb: open failed: ENOENT (No such file or directory)
05-28 15:08:25.692 E/Hyphenator( 1325): 	at libcore.io.IoBridge.open(IoBridge.java:455)
05-28 15:08:25.692 E/Hyphenator( 1325): 	at java.io.RandomAccessFile.<init>(RandomAccessFile.java:247)
05-28 15:08:25.692 E/Hyphenator( 1325): 	at android.text.Hyphenator.loadHyphenator(Hyphenator.java:118)
05-28 15:08:25.692 E/Hyphenator( 1325): 	at android.text.Hyphenator.init(Hyphenator.java:224)
05-28 15:08:25.692 E/Hyphenator( 1325): 	at com.android.internal.os.ZygoteInit.preloadTextResources(ZygoteInit.java:252)
05-28 15:08:25.692 E/Hyphenator( 1325): 	at com.android.internal.os.ZygoteInit.preload(ZygoteInit.java:206)
05-28 15:08:25.692 E/Hyphenator( 1325): 	at com.android.internal.os.ZygoteInit.main(ZygoteInit.java:743)
05-28 15:08:25.692 E/Hyphenator( 1325): Caused by: android.system.ErrnoException: open failed: ENOENT (No such file or directory)
05-28 15:08:25.692 E/Hyphenator( 1325): 	at libcore.io.Posix.open(Native Method)
05-28 15:08:25.692 E/Hyphenator( 1325): 	at libcore.io.BlockGuardOs.open(BlockGuardOs.java:187)
05-28 15:08:25.692 E/Hyphenator( 1325): 	at libcore.io.IoBridge.open(IoBridge.java:441)
05-28 15:08:25.692 E/Hyphenator( 1325): 	... 6 more
05-28 15:08:25.694 E/Hyphenator( 1325): error loading hyphenation /system/usr/hyphen-data/hyph-kn.hyb
05-28 15:08:25.694 E/Hyphenator( 1325): java.io.FileNotFoundException: /system/usr/hyphen-data/hyph-kn.hyb: open failed: ENOENT (No such file or directory)
05-28 15:08:25.694 E/Hyphenator( 1325): 	at libcore.io.IoBridge.open(IoBridge.java:455)
05-28 15:08:25.694 E/Hyphenator( 1325): 	at java.io.RandomAccessFile.<init>(RandomAccessFile.java:247)
05-28 15:08:25.694 E/Hyphenator( 1325): 	at android.text.Hyphenator.loadHyphenator(Hyphenator.java:118)
05-28 15:08:25.694 E/Hyphenator( 1325): 	at android.text.Hyphenator.init(Hyphenator.java:224)
05-28 15:08:25.694 E/Hyphenator( 1325): 	at com.android.internal.os.ZygoteInit.preloadTextResources(ZygoteInit.java:252)
05-28 15:08:25.694 E/Hyphenator( 1325): 	at com.android.internal.os.ZygoteInit.preload(ZygoteInit.java:206)
05-28 15:08:25.694 E/Hyphenator( 1325): 	at com.android.internal.os.ZygoteInit.main(ZygoteInit.java:743)
05-28 15:08:25.694 E/Hyphenator( 1325): Caused by: android.system.ErrnoException: open failed: ENOENT (No such file or directory)
05-28 15:08:25.694 E/Hyphenator( 1325): 	at libcore.io.Posix.open(Native Method)
05-28 15:08:25.694 E/Hyphenator( 1325): 	at libcore.io.BlockGuardOs.open(BlockGuardOs.java:187)
05-28 15:08:25.694 E/Hyphenator( 1325): 	at libcore.io.IoBridge.open(IoBridge.java:441)
05-28 15:08:25.694 E/Hyphenator( 1325): 	... 6 more
05-28 15:08:25.696 E/Hyphenator( 1325): error loading hyphenation /system/usr/hyphen-data/hyph-ml.hyb
05-28 15:08:25.696 E/Hyphenator( 1325): java.io.FileNotFoundException: /system/usr/hyphen-data/hyph-ml.hyb: open failed: ENOENT (No such file or directory)
05-28 15:08:25.696 E/Hyphenator( 1325): 	at libcore.io.IoBridge.open(IoBridge.java:455)
05-28 15:08:25.696 E/Hyphenator( 1325): 	at java.io.RandomAccessFile.<init>(RandomAccessFile.java:247)
05-28 15:08:25.696 E/Hyphenator( 1325): 	at android.text.Hyphenator.loadHyphenator(Hyphenator.java:118)
05-28 15:08:25.696 E/Hyphenator( 1325): 	at android.text.Hyphenator.init(Hyphenator.java:224)
05-28 15:08:25.696 E/Hyphenator( 1325): 	at com.android.internal.os.ZygoteInit.preloadTextResources(ZygoteInit.java:252)
05-28 15:08:25.696 E/Hyphenator( 1325): 	at com.android.internal.os.ZygoteInit.preload(ZygoteInit.java:206)
05-28 15:08:25.696 E/Hyphenator( 1325): 	at com.android.internal.os.ZygoteInit.main(ZygoteInit.java:743)
05-28 15:08:25.696 E/Hyphenator( 1325): Caused by: android.system.ErrnoException: open failed: ENOENT (No such file or directory)
05-28 15:08:25.696 E/Hyphenator( 1325): 	at libcore.io.Posix.open(Native Method)
05-28 15:08:25.696 E/Hyphenator( 1325): 	at libcore.io.BlockGuardOs.open(BlockGuardOs.java:187)
05-28 15:08:25.696 E/Hyphenator( 1325): 	at libcore.io.IoBridge.open(IoBridge.java:441)
05-28 15:08:25.696 E/Hyphenator( 1325): 	... 6 more
05-28 15:08:25.697 E/Hyphenator( 1325): error loading hyphenation /system/usr/hyphen-data/hyph-mn-cyrl.hyb
05-28 15:08:25.697 E/Hyphenator( 1325): java.io.FileNotFoundException: /system/usr/hyphen-data/hyph-mn-cyrl.hyb: open failed: ENOENT (No such file or directory)
05-28 15:08:25.697 E/Hyphenator( 1325): 	at libcore.io.IoBridge.open(IoBridge.java:455)
05-28 15:08:25.697 E/Hyphenator( 1325): 	at java.io.RandomAccessFile.<init>(RandomAccessFile.java:247)
05-28 15:08:25.697 E/Hyphenator( 1325): 	at android.text.Hyphenator.loadHyphenator(Hyphenator.java:118)
05-28 15:08:25.697 E/Hyphenator( 1325): 	at android.text.Hyphenator.init(Hyphenator.java:224)
05-28 15:08:25.697 E/Hyphenator( 1325): 	at com.android.internal.os.ZygoteInit.preloadTextResources(ZygoteInit.java:252)
05-28 15:08:25.697 E/Hyphenator( 1325): 	at com.android.internal.os.ZygoteInit.preload(ZygoteInit.java:206)
05-28 15:08:25.697 E/Hyphenator( 1325): 	at com.android.internal.os.ZygoteInit.main(ZygoteInit.java:743)
05-28 15:08:25.697 E/Hyphenator( 1325): Caused by: android.system.ErrnoException: open failed: ENOENT (No such file or directory)
05-28 15:08:25.697 E/Hyphenator( 1325): 	at libcore.io.Posix.open(Native Method)
05-28 15:08:25.697 E/Hyphenator( 1325): 	at libcore.io.BlockGuardOs.open(BlockGuardOs.java:187)
05-28 15:08:25.697 E/Hyphenator( 1325): 	at libcore.io.IoBridge.open(IoBridge.java:441)
05-28 15:08:25.697 E/Hyphenator( 1325): 	... 6 more
05-28 15:08:25.699 E/Hyphenator( 1325): error loading hyphenation /system/usr/hyphen-data/hyph-mr.hyb
05-28 15:08:25.699 E/Hyphenator( 1325): java.io.FileNotFoundException: /system/usr/hyphen-data/hyph-mr.hyb: open failed: ENOENT (No such file or directory)
05-28 15:08:25.699 E/Hyphenator( 1325): 	at libcore.io.IoBridge.open(IoBridge.java:455)
05-28 15:08:25.699 E/Hyphenator( 1325): 	at java.io.RandomAccessFile.<init>(RandomAccessFile.java:247)
05-28 15:08:25.699 E/Hyphenator( 1325): 	at android.text.Hyphenator.loadHyphenator(Hyphenator.java:118)
05-28 15:08:25.699 E/Hyphenator( 1325): 	at android.text.Hyphenator.init(Hyphenator.java:224)
05-28 15:08:25.699 E/Hyphenator( 1325): 	at com.android.internal.os.ZygoteInit.preloadTextResources(ZygoteInit.java:252)
05-28 15:08:25.699 E/Hyphenator( 1325): 	at com.android.internal.os.ZygoteInit.preload(ZygoteInit.java:206)
05-28 15:08:25.699 E/Hyphenator( 1325): 	at com.android.internal.os.ZygoteInit.main(ZygoteInit.java:743)
05-28 15:08:25.699 E/Hyphenator( 1325): Caused by: android.system.ErrnoException: open failed: ENOENT (No such file or directory)
05-28 15:08:25.699 E/Hyphenator( 1325): 	at libcore.io.Posix.open(Native Method)
05-28 15:08:25.699 E/Hyphenator( 1325): 	at libcore.io.BlockGuardOs.open(BlockGuardOs.java:187)
05-28 15:08:25.699 E/Hyphenator( 1325): 	at libcore.io.IoBridge.open(IoBridge.java:441)
05-28 15:08:25.699 E/Hyphenator( 1325): 	... 6 more
05-28 15:08:25.751 E/Hyphenator( 1325): error loading hyphenation /system/usr/hyphen-data/hyph-nb.hyb
05-28 15:08:25.751 E/Hyphenator( 1325): java.io.FileNotFoundException: /system/usr/hyphen-data/hyph-nb.hyb: open failed: ENOENT (No such file or directory)
05-28 15:08:25.751 E/Hyphenator( 1325): 	at libcore.io.IoBridge.open(IoBridge.java:455)
05-28 15:08:25.751 E/Hyphenator( 1325): 	at java.io.RandomAccessFile.<init>(RandomAccessFile.java:247)
05-28 15:08:25.751 E/Hyphenator( 1325): 	at android.text.Hyphenator.loadHyphenator(Hyphenator.java:118)
05-28 15:08:25.751 E/Hyphenator( 1325): 	at android.text.Hyphenator.init(Hyphenator.java:224)
05-28 15:08:25.751 E/Hyphenator( 1325): 	at com.android.internal.os.ZygoteInit.preloadTextResources(ZygoteInit.java:252)
05-28 15:08:25.751 E/Hyphenator( 1325): 	at com.android.internal.os.ZygoteInit.preload(ZygoteInit.java:206)
05-28 15:08:25.751 E/Hyphenator( 1325): 	at com.android.internal.os.ZygoteInit.main(ZygoteInit.java:743)
05-28 15:08:25.751 E/Hyphenator( 1325): Caused by: android.system.ErrnoException: open failed: ENOENT (No such file or directory)
05-28 15:08:25.751 E/Hyphenator( 1325): 	at libcore.io.Posix.open(Native Method)
05-28 15:08:25.751 E/Hyphenator( 1325): 	at libcore.io.BlockGuardOs.open(BlockGuardOs.java:187)
05-28 15:08:25.751 E/Hyphenator( 1325): 	at libcore.io.IoBridge.open(IoBridge.java:441)
05-28 15:08:25.751 E/Hyphenator( 1325): 	... 6 more
05-28 15:08:25.820 E/Hyphenator( 1325): error loading hyphenation /system/usr/hyphen-data/hyph-nn.hyb
05-28 15:08:25.820 E/Hyphenator( 1325): java.io.FileNotFoundException: /system/usr/hyphen-data/hyph-nn.hyb: open failed: ENOENT (No such file or directory)
05-28 15:08:25.820 E/Hyphenator( 1325): 	at libcore.io.IoBridge.open(IoBridge.java:455)
05-28 15:08:25.820 E/Hyphenator( 1325): 	at java.io.RandomAccessFile.<init>(RandomAccessFile.java:247)
05-28 15:08:25.820 E/Hyphenator( 1325): 	at android.text.Hyphenator.loadHyphenator(Hyphenator.java:118)
05-28 15:08:25.820 E/Hyphenator( 1325): 	at android.text.Hyphenator.init(Hyphenator.java:224)
05-28 15:08:25.820 E/Hyphenator( 1325): 	at com.android.internal.os.ZygoteInit.preloadTextResources(ZygoteInit.java:252)
05-28 15:08:25.820 E/Hyphenator( 1325): 	at com.android.internal.os.ZygoteInit.preload(ZygoteInit.java:206)
05-28 15:08:25.820 E/Hyphenator( 1325): 	at com.android.internal.os.ZygoteInit.main(ZygoteInit.java:743)
05-28 15:08:25.820 E/Hyphenator( 1325): Caused by: android.system.ErrnoException: open failed: ENOENT (No such file or directory)
05-28 15:08:25.820 E/Hyphenator( 1325): 	at libcore.io.Posix.open(Native Method)
05-28 15:08:25.820 E/Hyphenator( 1325): 	at libcore.io.BlockGuardOs.open(BlockGuardOs.java:187)
05-28 15:08:25.820 E/Hyphenator( 1325): 	at libcore.io.IoBridge.open(IoBridge.java:441)
05-28 15:08:25.820 E/Hyphenator( 1325): 	... 6 more
05-28 15:08:25.822 E/Hyphenator( 1325): error loading hyphenation /system/usr/hyphen-data/hyph-or.hyb
05-28 15:08:25.822 E/Hyphenator( 1325): java.io.FileNotFoundException: /system/usr/hyphen-data/hyph-or.hyb: open failed: ENOENT (No such file or directory)
05-28 15:08:25.822 E/Hyphenator( 1325): 	at libcore.io.IoBridge.open(IoBridge.java:455)
05-28 15:08:25.822 E/Hyphenator( 1325): 	at java.io.RandomAccessFile.<init>(RandomAccessFile.java:247)
05-28 15:08:25.822 E/Hyphenator( 1325): 	at android.text.Hyphenator.loadHyphenator(Hyphenator.java:118)
05-28 15:08:25.822 E/Hyphenator( 1325): 	at android.text.Hyphenator.init(Hyphenator.java:224)
05-28 15:08:25.822 E/Hyphenator( 1325): 	at com.android.internal.os.ZygoteInit.preloadTextResources(ZygoteInit.java:252)
05-28 15:08:25.822 E/Hyphenator( 1325): 	at com.android.internal.os.ZygoteInit.preload(ZygoteInit.java:206)
05-28 15:08:25.822 E/Hyphenator( 1325): 	at com.android.internal.os.ZygoteInit.main(ZygoteInit.java:743)
05-28 15:08:25.822 E/Hyphenator( 1325): Caused by: android.system.ErrnoException: open failed: ENOENT (No such file or directory)
05-28 15:08:25.822 E/Hyphenator( 1325): 	at libcore.io.Posix.open(Native Method)
05-28 15:08:25.822 E/Hyphenator( 1325): 	at libcore.io.BlockGuardOs.open(BlockGuardOs.java:187)
05-28 15:08:25.822 E/Hyphenator( 1325): 	at libcore.io.IoBridge.open(IoBridge.java:441)
05-28 15:08:25.822 E/Hyphenator( 1325): 	... 6 more
05-28 15:08:25.824 E/Hyphenator( 1325): error loading hyphenation /system/usr/hyphen-data/hyph-pa.hyb
05-28 15:08:25.824 E/Hyphenator( 1325): java.io.FileNotFoundException: /system/usr/hyphen-data/hyph-pa.hyb: open failed: ENOENT (No such file or directory)
05-28 15:08:25.824 E/Hyphenator( 1325): 	at libcore.io.IoBridge.open(IoBridge.java:455)
05-28 15:08:25.824 E/Hyphenator( 1325): 	at java.io.RandomAccessFile.<init>(RandomAccessFile.java:247)
05-28 15:08:25.824 E/Hyphenator( 1325): 	at android.text.Hyphenator.loadHyphenator(Hyphenator.java:118)
05-28 15:08:25.824 E/Hyphenator( 1325): 	at android.text.Hyphenator.init(Hyphenator.java:224)
05-28 15:08:25.824 E/Hyphenator( 1325): 	at com.android.internal.os.ZygoteInit.preloadTextResources(ZygoteInit.java:252)
05-28 15:08:25.824 E/Hyphenator( 1325): 	at com.android.internal.os.ZygoteInit.preload(ZygoteInit.java:206)
05-28 15:08:25.824 E/Hyphenator( 1325): 	at com.android.internal.os.ZygoteInit.main(ZygoteInit.java:743)
05-28 15:08:25.824 E/Hyphenator( 1325): Caused by: android.system.ErrnoException: open failed: ENOENT (No such file or directory)
05-28 15:08:25.824 E/Hyphenator( 1325): 	at libcore.io.Posix.open(Native Method)
05-28 15:08:25.824 E/Hyphenator( 1325): 	at libcore.io.BlockGuardOs.open(BlockGuardOs.java:187)
05-28 15:08:25.824 E/Hyphenator( 1325): 	at libcore.io.IoBridge.open(IoBridge.java:441)
05-28 15:08:25.824 E/Hyphenator( 1325): 	... 6 more
05-28 15:08:25.826 E/Hyphenator( 1325): error loading hyphenation /system/usr/hyphen-data/hyph-pt.hyb
05-28 15:08:25.826 E/Hyphenator( 1325): java.io.FileNotFoundException: /system/usr/hyphen-data/hyph-pt.hyb: open failed: ENOENT (No such file or directory)
05-28 15:08:25.826 E/Hyphenator( 1325): 	at libcore.io.IoBridge.open(IoBridge.java:455)
05-28 15:08:25.826 E/Hyphenator( 1325): 	at java.io.RandomAccessFile.<init>(RandomAccessFile.java:247)
05-28 15:08:25.826 E/Hyphenator( 1325): 	at android.text.Hyphenator.loadHyphenator(Hyphenator.java:118)
05-28 15:08:25.826 E/Hyphenator( 1325): 	at android.text.Hyphenator.init(Hyphenator.java:224)
05-28 15:08:25.826 E/Hyphenator( 1325): 	at com.android.internal.os.ZygoteInit.preloadTextResources(ZygoteInit.java:252)
05-28 15:08:25.826 E/Hyphenator( 1325): 	at com.android.internal.os.ZygoteInit.preload(ZygoteInit.java:206)
05-28 15:08:25.826 E/Hyphenator( 1325): 	at com.android.internal.os.ZygoteInit.main(ZygoteInit.java:743)
05-28 15:08:25.826 E/Hyphenator( 1325): Caused by: android.system.ErrnoException: open failed: ENOENT (No such file or directory)
05-28 15:08:25.826 E/Hyphenator( 1325): 	at libcore.io.Posix.open(Native Method)
05-28 15:08:25.826 E/Hyphenator( 1325): 	at libcore.io.BlockGuardOs.open(BlockGuardOs.java:187)
05-28 15:08:25.826 E/Hyphenator( 1325): 	at libcore.io.IoBridge.open(IoBridge.java:441)
05-28 15:08:25.826 E/Hyphenator( 1325): 	... 6 more
05-28 15:08:25.827 E/Hyphenator( 1325): error loading hyphenation /system/usr/hyphen-data/hyph-sl.hyb
05-28 15:08:25.827 E/Hyphenator( 1325): java.io.FileNotFoundException: /system/usr/hyphen-data/hyph-sl.hyb: open failed: ENOENT (No such file or directory)
05-28 15:08:25.827 E/Hyphenator( 1325): 	at libcore.io.IoBridge.open(IoBridge.java:455)
05-28 15:08:25.827 E/Hyphenator( 1325): 	at java.io.RandomAccessFile.<init>(RandomAccessFile.java:247)
05-28 15:08:25.827 E/Hyphenator( 1325): 	at android.text.Hyphenator.loadHyphenator(Hyphenator.java:118)
05-28 15:08:25.827 E/Hyphenator( 1325): 	at android.text.Hyphenator.init(Hyphenator.java:224)
05-28 15:08:25.827 E/Hyphenator( 1325): 	at com.android.internal.os.ZygoteInit.preloadTextResources(ZygoteInit.java:252)
05-28 15:08:25.827 E/Hyphenator( 1325): 	at com.android.internal.os.ZygoteInit.preload(ZygoteInit.java:206)
05-28 15:08:25.827 E/Hyphenator( 1325): 	at com.android.internal.os.ZygoteInit.main(ZygoteInit.java:743)
05-28 15:08:25.827 E/Hyphenator( 1325): Caused by: android.system.ErrnoException: open failed: ENOENT (No such file or directory)
05-28 15:08:25.827 E/Hyphenator( 1325): 	at libcore.io.Posix.open(Native Method)
05-28 15:08:25.827 E/Hyphenator( 1325): 	at libcore.io.BlockGuardOs.open(BlockGuardOs.java:187)
05-28 15:08:25.827 E/Hyphenator( 1325): 	at libcore.io.IoBridge.open(IoBridge.java:441)
05-28 15:08:25.827 E/Hyphenator( 1325): 	... 6 more
05-28 15:08:25.829 E/Hyphenator( 1325): error loading hyphenation /system/usr/hyphen-data/hyph-ta.hyb
05-28 15:08:25.829 E/Hyphenator( 1325): java.io.FileNotFoundException: /system/usr/hyphen-data/hyph-ta.hyb: open failed: ENOENT (No such file or directory)
05-28 15:08:25.829 E/Hyphenator( 1325): 	at libcore.io.IoBridge.open(IoBridge.java:455)
05-28 15:08:25.829 E/Hyphenator( 1325): 	at java.io.RandomAccessFile.<init>(RandomAccessFile.java:247)
05-28 15:08:25.829 E/Hyphenator( 1325): 	at android.text.Hyphenator.loadHyphenator(Hyphenator.java:118)
05-28 15:08:25.829 E/Hyphenator( 1325): 	at android.text.Hyphenator.init(Hyphenator.java:224)
05-28 15:08:25.829 E/Hyphenator( 1325): 	at com.android.internal.os.ZygoteInit.preloadTextResources(ZygoteInit.java:252)
05-28 15:08:25.829 E/Hyphenator( 1325): 	at com.android.internal.os.ZygoteInit.preload(ZygoteInit.java:206)
05-28 15:08:25.829 E/Hyphenator( 1325): 	at com.android.internal.os.ZygoteInit.main(ZygoteInit.java:743)
05-28 15:08:25.829 E/Hyphenator( 1325): Caused by: android.system.ErrnoException: open failed: ENOENT (No such file or directory)
05-28 15:08:25.829 E/Hyphenator( 1325): 	at libcore.io.Posix.open(Native Method)
05-28 15:08:25.829 E/Hyphenator( 1325): 	at libcore.io.BlockGuardOs.open(BlockGuardOs.java:187)
05-28 15:08:25.829 E/Hyphenator( 1325): 	at libcore.io.IoBridge.open(IoBridge.java:441)
05-28 15:08:25.829 E/Hyphenator( 1325): 	... 6 more
05-28 15:08:25.851 E/Hyphenator( 1325): error loading hyphenation /system/usr/hyphen-data/hyph-te.hyb
05-28 15:08:25.851 E/Hyphenator( 1325): java.io.FileNotFoundException: /system/usr/hyphen-data/hyph-te.hyb: open failed: ENOENT (No such file or directory)
05-28 15:08:25.851 E/Hyphenator( 1325): 	at libcore.io.IoBridge.open(IoBridge.java:455)
05-28 15:08:25.851 E/Hyphenator( 1325): 	at java.io.RandomAccessFile.<init>(RandomAccessFile.java:247)
05-28 15:08:25.851 E/Hyphenator( 1325): 	at android.text.Hyphenator.loadHyphenator(Hyphenator.java:118)
05-28 15:08:25.851 E/Hyphenator( 1325): 	at android.text.Hyphenator.init(Hyphenator.java:224)
05-28 15:08:25.851 E/Hyphenator( 1325): 	at com.android.internal.os.ZygoteInit.preloadTextResources(ZygoteInit.java:252)
05-28 15:08:25.851 E/Hyphenator( 1325): 	at com.android.internal.os.ZygoteInit.preload(ZygoteInit.java:206)
05-28 15:08:25.851 E/Hyphenator( 1325): 	at com.android.internal.os.ZygoteInit.main(ZygoteInit.java:743)
05-28 15:08:25.851 E/Hyphenator( 1325): Caused by: android.system.ErrnoException: open failed: ENOENT (No such file or directory)
05-28 15:08:25.851 E/Hyphenator( 1325): 	at libcore.io.Posix.open(Native Method)
05-28 15:08:25.851 E/Hyphenator( 1325): 	at libcore.io.BlockGuardOs.open(BlockGuardOs.java:187)
05-28 15:08:25.851 E/Hyphenator( 1325): 	at libcore.io.IoBridge.open(IoBridge.java:441)
05-28 15:08:25.851 E/Hyphenator( 1325): 	... 6 more
05-28 15:08:25.853 E/Hyphenator( 1325): error loading hyphenation /system/usr/hyphen-data/hyph-tk.hyb
05-28 15:08:25.853 E/Hyphenator( 1325): java.io.FileNotFoundException: /system/usr/hyphen-data/hyph-tk.hyb: open failed: ENOENT (No such file or directory)
05-28 15:08:25.853 E/Hyphenator( 1325): 	at libcore.io.IoBridge.open(IoBridge.java:455)
05-28 15:08:25.853 E/Hyphenator( 1325): 	at java.io.RandomAccessFile.<init>(RandomAccessFile.java:247)
05-28 15:08:25.853 E/Hyphenator( 1325): 	at android.text.Hyphenator.loadHyphenator(Hyphenator.java:118)
05-28 15:08:25.853 E/Hyphenator( 1325): 	at android.text.Hyphenator.init(Hyphenator.java:224)
05-28 15:08:25.853 E/Hyphenator( 1325): 	at com.android.internal.os.ZygoteInit.preloadTextResources(ZygoteInit.java:252)
05-28 15:08:25.853 E/Hyphenator( 1325): 	at com.android.internal.os.ZygoteInit.preload(ZygoteInit.java:206)
05-28 15:08:25.853 E/Hyphenator( 1325): 	at com.android.internal.os.ZygoteInit.main(ZygoteInit.java:743)
05-28 15:08:25.853 E/Hyphenator( 1325): Caused by: android.system.ErrnoException: open failed: ENOENT (No such file or directory)
05-28 15:08:25.853 E/Hyphenator( 1325): 	at libcore.io.Posix.open(Native Method)
05-28 15:08:25.853 E/Hyphenator( 1325): 	at libcore.io.BlockGuardOs.open(BlockGuardOs.java:187)
05-28 15:08:25.853 E/Hyphenator( 1325): 	at libcore.io.IoBridge.open(IoBridge.java:441)
05-28 15:08:25.853 E/Hyphenator( 1325): 	... 6 more
05-28 15:08:25.871 E/Hyphenator( 1325): error loading hyphenation /system/usr/hyphen-data/hyph-und-ethi.hyb
05-28 15:08:25.871 E/Hyphenator( 1325): java.io.FileNotFoundException: /system/usr/hyphen-data/hyph-und-ethi.hyb: open failed: ENOENT (No such file or directory)
05-28 15:08:25.871 E/Hyphenator( 1325): 	at libcore.io.IoBridge.open(IoBridge.java:455)
05-28 15:08:25.871 E/Hyphenator( 1325): 	at java.io.RandomAccessFile.<init>(RandomAccessFile.java:247)
05-28 15:08:25.871 E/Hyphenator( 1325): 	at android.text.Hyphenator.loadHyphenator(Hyphenator.java:118)
05-28 15:08:25.871 E/Hyphenator( 1325): 	at android.text.Hyphenator.init(Hyphenator.java:224)
05-28 15:08:25.871 E/Hyphenator( 1325): 	at com.android.internal.os.ZygoteInit.preloadTextResources(ZygoteInit.java:252)
05-28 15:08:25.871 E/Hyphenator( 1325): 	at com.android.internal.os.ZygoteInit.preload(ZygoteInit.java:206)
05-28 15:08:25.871 E/Hyphenator( 1325): 	at com.android.internal.os.ZygoteInit.main(ZygoteInit.java:743)
05-28 15:08:25.871 E/Hyphenator( 1325): Caused by: android.system.ErrnoException: open failed: ENOENT (No such file or directory)
05-28 15:08:25.871 E/Hyphenator( 1325): 	at libcore.io.Posix.open(Native Method)
05-28 15:08:25.871 E/Hyphenator( 1325): 	at libcore.io.BlockGuardOs.open(BlockGuardOs.java:187)
05-28 15:08:25.871 E/Hyphenator( 1325): 	at libcore.io.IoBridge.open(IoBridge.java:441)
05-28 15:08:25.871 E/Hyphenator( 1325): 	... 6 more
05-28 15:08:26.465 I/Zygote  ( 1325): Uninstalled ICU cache reference pinning...
05-28 15:08:26.626 I/Zygote  ( 1325): Installed AndroidKeyStoreProvider in 160ms.
05-28 15:08:27.479 I/Zygote  ( 1325): Warmed up JCA providers in 852ms.
05-28 15:08:27.479 D/Zygote  ( 1325): end preload
05-28 15:08:27.592 I/art     ( 1325): Starting a blocking GC Explicit
05-28 15:08:28.028 I/art     ( 1325): Explicit concurrent mark sweep GC freed 15413(1172KB) AllocSpace objects, 1(40KB) LOS objects, 39% free, 6MB/10MB, paused 1.887ms total 429.969ms
05-28 15:08:28.100 I/art     ( 1325): Starting a blocking GC Explicit
05-28 15:08:28.249 I/art     ( 1325): Explicit concurrent mark sweep GC freed 1473(58KB) AllocSpace objects, 3(132KB) LOS objects, 39% free, 6MB/10MB, paused 336us total 147.734ms
05-28 15:08:28.285 I/Zygote  ( 1325): Accepting command socket connections
05-28 15:08:28.555 I/Zygote  ( 1751): Process: zygote socket opened, supported ABIS: x86
05-28 15:08:28.726 I/InstallerConnection( 1751): connecting...
05-28 15:08:28.802 I/        ( 1329): new connection
05-28 15:08:29.091 I/InstallerConnection( 1751): disconnecting...
05-28 15:08:29.100 E/        ( 1329): eof
05-28 15:08:29.100 E/        ( 1329): failed to read size
05-28 15:08:29.101 I/        ( 1329): closing connection
05-28 15:08:29.610 I/SystemServer( 1751): Entered the Android system server!
05-28 15:08:31.091 I/SystemServiceManager( 1751): Starting com.android.server.pm.Installer
05-28 15:08:31.120 I/Installer( 1751): Waiting for installd to be ready.
05-28 15:08:31.120 I/InstallerConnection( 1751): connecting...
05-28 15:08:31.130 I/        ( 1329): new connection
05-28 15:08:31.139 I/SystemServiceManager( 1751): Starting com.android.server.am.ActivityManagerService$Lifecycle
05-28 15:08:31.473 I/ActivityManager( 1751): Memory class: 256
05-28 15:08:31.572 I/ServiceThread( 1751): Enabled StrictMode logging for ActivityManager looper.
05-28 15:08:31.650 I/ServiceThread( 1751): Enabled StrictMode logging for android.ui looper.
05-28 15:08:32.024 D/BatteryStatsImpl( 1751): Reading daily items from /data/system/batterystats-daily.xml
05-28 15:08:33.341 W/ProcessCpuTracker( 1751): Skipping unknown process pid 1812
05-28 15:08:33.482 I/IntentFirewall( 1751): Read new rules (A:0 B:0 S:0)
05-28 15:08:33.624 I/ServiceThread( 1751): Enabled StrictMode logging for android.display looper.
05-28 15:08:33.744 D/AppOps  ( 1751): AppOpsService published
05-28 15:08:33.771 I/SystemServiceManager( 1751): Starting com.android.server.power.PowerManagerService
05-28 15:08:33.812 I/ServiceThread( 1751): Enabled StrictMode logging for PowerManagerService looper.
05-28 15:08:33.816 E/PowerManagerService-JNI( 1751): Couldn't load power module (No such file or directory)
05-28 15:08:33.816 W/libsuspend( 1751): Error writing 'on' to /sys/power/state: Invalid argument
05-28 15:08:33.817 I/libsuspend( 1751): Selected wakeup count
05-28 15:08:33.844 I/SystemServiceManager( 1751): Starting com.android.server.lights.LightsService
05-28 15:08:33.863 I/SystemServiceManager( 1751): Starting com.android.server.display.DisplayManagerService
05-28 15:08:33.947 I/SystemServiceManager( 1751): Starting phase 100
05-28 15:08:33.975 E/SurfaceFlinger( 1321): ro.sf.lcd_density must be defined as a build property
05-28 15:08:34.023 I/DisplayManagerService( 1751): Display device added: DisplayDeviceInfo{"Built-in Screen": uniqueId="local:0", 1080 x 1920, modeId 1, defaultModeId 1, supportedModes [{id=1, width=1080, height=1920, fps=60.000004}], colorMode 0, supportedColorModes [0], HdrCapabilities android.view.Display$HdrCapabilities@a69d6308, density 480, 480.0 x 480.0 dpi, appVsyncOff 1000000, presDeadline 16666666, touch INTERNAL, rotation 0, type BUILT_IN, state UNKNOWN, FLAG_DEFAULT_DISPLAY, FLAG_ROTATES_WITH_CONTENT, FLAG_SECURE, FLAG_SUPPORTS_PROTECTED_BUFFERS}
05-28 15:08:34.030 D/SurfaceFlinger( 1321): Set power mode=2, type=0 flinger=0x7b4a2d847000
05-28 15:08:34.030 D/SurfaceFlinger( 1321): Screen type=0 is already mode=2
05-28 15:08:34.043 I/DisplayManagerService( 1751): Display device changed state: "Built-in Screen", ON
05-28 15:08:34.045 I/SystemServer( 1751): StartPackageManagerService
05-28 15:08:34.412 W/SystemConfig( 1751): No directory /system/etc/sysconfig, skipping
05-28 15:08:34.901 D/SELinuxMMAC( 1751): Using policy file /system/etc/security/mac_permissions.xml
05-28 15:08:36.786 E/art     ( 1751): DexFile_getDexOptNeeded file '/system/framework/org.apache.http.legacy.jar' does not exist
05-28 15:08:36.825 W/PackageManager( 1751): Library not found: /system/framework/org.apache.http.legacy.jar
05-28 15:08:36.984 E/art     ( 1751): DexFile_getDexOptNeeded file '/system/framework/org.apache.http.legacy.jar' does not exist
05-28 15:08:36.984 W/PackageManager( 1751): Library not found: /system/framework/org.apache.http.legacy.jar
05-28 15:08:37.062 D/PackageManager( 1751): No files in app dir /vendor/overlay
05-28 15:08:38.608 W/PackageManager( 1751): Failed to parse /system/framework/oat: Missing base APK in /system/framework/oat
05-28 15:08:38.633 W/PackageManager( 1751): Failed to parse /system/framework/x86: Missing base APK in /system/framework/x86
05-28 15:08:38.635 W/PackageManager( 1751): Failed to parse /system/framework/x86_64: Missing base APK in /system/framework/x86_64
05-28 15:08:39.507 W/PackageParser( 1751): No actions in intent filter at /system/priv-app/Contacts/Contacts.apk Binary XML file line #409
05-28 15:08:40.248 W/PackageParser( 1751): No actions in intent filter at /system/priv-app/Dialer/Dialer.apk Binary XML file line #186
05-28 15:08:40.737 W/PackageManager( 1751): Permission android.permission.DOWNLOAD_WITHOUT_NOTIFICATION from package com.android.providers.downloads in an unknown group android.permission-group.NETWORK
05-28 15:08:42.800 W/PackageParser( 1751): Ignoring duplicate uses-permissions/uses-permissions-sdk-m: android.permission.USE_CREDENTIALS in package: com.android.settings at: Binary XML file line #53
05-28 15:08:42.801 W/PackageParser( 1751): Ignoring duplicate uses-permissions/uses-permissions-sdk-m: android.permission.READ_SYNC_SETTINGS in package: com.android.settings at: Binary XML file line #58
05-28 15:08:42.801 W/PackageParser( 1751): Ignoring duplicate uses-permissions/uses-permissions-sdk-m: android.permission.WRITE_SYNC_SETTINGS in package: com.android.settings at: Binary XML file line #59
05-28 15:08:44.135 W/PackageParser( 1751): Ignoring duplicate uses-permissions/uses-permissions-sdk-m: android.permission.INSTALL_GRANT_RUNTIME_PERMISSIONS in package: com.android.shell at: Binary XML file line #102
05-28 15:08:44.778 W/PackageParser( 1751): Ignoring duplicate uses-permissions/uses-permissions-sdk-m: android.permission.CONFIGURE_WIFI_DISPLAY in package: com.android.systemui at: Binary XML file line #123
05-28 15:08:46.282 I/art     ( 1751): Background sticky concurrent mark sweep GC freed 34887(2MB) AllocSpace objects, 20(416KB) LOS objects, 31% free, 6MB/10MB, paused 3.388ms total 684.342ms
05-28 15:08:46.529 W/PackageManager( 1751): Non-privileged app; cap priority to 0; package: com.android.calendar activity: com.android.calendar.GoogleCalendarUriIntentFilter origPrio: 50
05-28 15:08:46.796 W/PackageManager( 1751): Non-privileged app; cap priority to 0; package: com.android.cts.ctsshim activity: com.android.cts.ctsshim.InstallPriority origPrio: 100
05-28 15:08:46.796 W/PackageManager( 1751): Non-privileged app; cap priority to 0; package: com.android.cts.ctsshim activity: com.android.cts.ctsshim.InstallPriority origPrio: 100
05-28 15:08:46.796 W/PackageManager( 1751): Non-privileged app; cap priority to 0; package: com.android.cts.ctsshim activity: com.android.cts.ctsshim.InstallPriority origPrio: 100
05-28 15:08:46.797 W/PackageManager( 1751): Non-privileged app; cap priority to 0; package: com.android.cts.ctsshim activity: com.android.cts.ctsshim.InstallPriority origPrio: 100
05-28 15:08:46.797 W/PackageManager( 1751): Non-privileged app; cap priority to 0; package: com.android.cts.ctsshim activity: com.android.cts.ctsshim.InstallPriority origPrio: 100
05-28 15:08:47.843 W/PackageParser( 1751): Ignoring duplicate uses-permissions/uses-permissions-sdk-m: android.permission.WRITE_CONTACTS in package: com.android.email at: Binary XML file line #40
05-28 15:08:48.748 W/PackageParser( 1751): Unknown element under <application>: permission at /system/app/Gallery2/Gallery2.apk Binary XML file line #238
05-28 15:08:48.748 W/PackageParser( 1751): Unknown element under <application>: permission at /system/app/Gallery2/Gallery2.apk Binary XML file line #241
05-28 15:08:49.753 W/PackageManager( 1751): Permission com.android.launcher3.permission.READ_SETTINGS from package com.android.launcher3 in an unknown group android.permission-group.SYSTEM_TOOLS
05-28 15:08:49.753 W/PackageManager( 1751): Permission com.android.launcher3.permission.WRITE_SETTINGS from package com.android.launcher3 in an unknown group android.permission-group.SYSTEM_TOOLS
05-28 15:08:49.754 W/PackageManager( 1751): Permission com.android.launcher.permission.INSTALL_SHORTCUT from package com.android.launcher3 in an unknown group android.permission-group.SYSTEM_TOOLS
05-28 15:08:51.802 D/PackageManager( 1751): No files in app dir /system/vendor/app
05-28 15:08:51.803 D/PackageManager( 1751): No files in app dir /oem/app
05-28 15:08:52.709 W/PackageParser( 1751): No actions in intent filter at /data/app/ApiDemos/ApiDemos.apk Binary XML file line #3145
05-28 15:08:52.721 W/PackageParser( 1751): No actions in intent filter at /data/app/ApiDemos/ApiDemos.apk Binary XML file line #3151
05-28 15:08:52.742 W/PackageManager( 1751): Package com.example.android.apis desires unavailable shared library com.example.will.never.exist; ignoring!
05-28 15:08:52.763 I/SELinux ( 1751): SELinux: Loaded file_contexts contexts from /file_contexts.bin.
05-28 15:09:01.812 V/NatController( 1335): runCmd(/system/bin/iptables -w -F natctrl_FORWARD) res=0
05-28 15:09:02.330 V/NatController( 1335): runCmd(/system/bin/ip6tables -w -F natctrl_FORWARD) res=0
05-28 15:09:02.938 V/NatController( 1335): runCmd(/system/bin/iptables -w -A natctrl_FORWARD -j DROP) res=0
05-28 15:09:03.379 V/NatController( 1335): runCmd(/system/bin/iptables -w -t nat -F natctrl_nat_POSTROUTING) res=0
05-28 15:09:03.921 V/NatController( 1335): runCmd(/system/bin/ip6tables -w -t raw -F natctrl_raw_PREROUTING) res=0
05-28 15:09:04.541 V/NatController( 1335): runCmd(/system/bin/iptables -w -F natctrl_tether_counters) res=1
05-28 15:09:05.011 V/NatController( 1335): runCmd(/system/bin/ip6tables -w -F natctrl_tether_counters) res=1
05-28 15:09:05.261 V/NatController( 1335): runCmd(/system/bin/iptables -w -X natctrl_tether_counters) res=1
05-28 15:09:05.711 V/NatController( 1335): runCmd(/system/bin/ip6tables -w -X natctrl_tether_counters) res=1
05-28 15:09:06.403 D/PackageManager( 1751): No files in app dir /data/app-private
05-28 15:09:06.431 D/PackageManager( 1751): No files in app dir /data/app-ephemeral
05-28 15:09:06.471 V/NatController( 1335): runCmd(/system/bin/iptables -w -N natctrl_tether_counters) res=0
05-28 15:09:06.555 E/PackageManager( 1751): There should probably be exactly one setup wizard; found 0: matches=[]
05-28 15:09:06.556 W/PackageManager( 1751): Protected action; cap priority to 0; package: com.android.cts.priv.ctsshim activity: com.android.cts.priv.ctsshim.InstallPriority origPrio: 100
05-28 15:09:06.556 W/PackageManager( 1751): Protected action; cap priority to 0; package: com.android.cts.priv.ctsshim activity: com.android.cts.priv.ctsshim.InstallPriority origPrio: 100
05-28 15:09:06.556 W/PackageManager( 1751): Protected action; cap priority to 0; package: com.android.cts.priv.ctsshim activity: com.android.cts.priv.ctsshim.InstallPriority origPrio: 100
05-28 15:09:06.556 W/PackageManager( 1751): Protected action; cap priority to 0; package: com.android.cts.priv.ctsshim activity: com.android.cts.priv.ctsshim.InstallPriority origPrio: 100
05-28 15:09:06.556 W/PackageManager( 1751): Protected action; cap priority to 0; package: com.android.packageinstaller activity: com.android.packageinstaller.PackageInstallerActivity origPrio: 1
05-28 15:09:06.557 W/PackageManager( 1751): Package com.android.camera desires unavailable shared library com.google.android.media.effects; ignoring!
05-28 15:09:06.557 W/PackageManager( 1751): Package com.android.gallery3d desires unavailable shared library com.google.android.media.effects; ignoring!
05-28 15:09:06.557 W/PackageManager( 1751): Package com.android.gallery3d desires unavailable shared library com.google.android.media.effects; ignoring!
05-28 15:09:06.557 W/PackageManager( 1751): Package com.example.android.apis desires unavailable shared library com.example.will.never.exist; ignoring!
05-28 15:09:06.559 I/PackageManager( 1751): Adjusting ABI for com.android.providers.downloads to x86_64 (requirer=com.android.mtp, scannedPackage=null)
05-28 15:09:06.579 I/PackageManager( 1751): Adjusting ABI for com.android.providers.downloads.ui to x86_64 (requirer=com.android.mtp, scannedPackage=null)
05-28 15:09:06.589 I/PackageManager( 1751): Adjusting ABI for com.android.providers.media to x86_64 (requirer=com.android.mtp, scannedPackage=null)
05-28 15:09:06.632 I/PackageManager( 1751): Adjusting ABI for com.android.inputdevices to x86_64 (requirer=android, scannedPackage=null)
05-28 15:09:06.634 I/PackageManager( 1751): Adjusting ABI for com.android.providers.settings to x86_64 (requirer=android, scannedPackage=null)
05-28 15:09:06.651 I/PackageManager( 1751): Adjusting ABI for com.android.settings to x86_64 (requirer=android, scannedPackage=null)
05-28 15:09:06.652 I/PackageManager( 1751): Adjusting ABI for com.android.location.fused to x86_64 (requirer=android, scannedPackage=null)
05-28 15:09:06.654 I/PackageManager( 1751): Adjusting ABI for com.android.keychain to x86_64 (requirer=android, scannedPackage=null)
05-28 15:09:06.656 I/PackageManager( 1751): Adjusting ABI for com.android.wallpaperbackup to x86_64 (requirer=android, scannedPackage=null)
05-28 15:09:06.658 I/PackageManager( 1751): Adjusting ABI for com.android.server.telecom to x86_64 (requirer=android, scannedPackage=null)
05-28 15:09:06.762 I/PackageManager( 1751): Time to scan packages: 30.312 seconds
05-28 15:09:06.766 W/PackageManager( 1751): Unknown permission com.google.android.googleapps.permission.GOOGLE_AUTH in package com.android.providers.calendar
05-28 15:09:06.766 W/PackageManager( 1751): Unknown permission com.google.android.googleapps.permission.GOOGLE_AUTH.cl in package com.android.providers.calendar
05-28 15:09:06.767 W/PackageManager( 1751): Not granting permission android.permission.GLOBAL_SEARCH to package com.android.quicksearchbox (protectionLevel=18 flags=0x3808be45)
05-28 15:09:06.769 W/PackageManager( 1751): Not granting permission android.permission.WRITE_EXTERNAL_STORAGE to package gov.nasa.arc.astrobee.android.gs.manager because it was previously installed without
05-28 15:09:06.769 W/PackageManager( 1751): Not granting permission android.permission.READ_EXTERNAL_STORAGE to package gov.nasa.arc.astrobee.android.gs.manager because it was previously installed without
05-28 15:09:06.769 W/PackageManager( 1751): Unknown permission com.android.launcher.permission.READ_SETTINGS in package com.android.launcher3
05-28 15:09:06.769 W/PackageManager( 1751): Unknown permission com.android.launcher.permission.WRITE_SETTINGS in package com.android.launcher3
05-28 15:09:06.780 W/PackageManager( 1751): Not granting permission android.permission.BIND_APPWIDGET to package com.android.launcher3 (protectionLevel=18 flags=0x3c4bbe45)
05-28 15:09:06.780 W/PackageManager( 1751): Unknown permission com.google.android.googleapps.permission.GOOGLE_AUTH.mail in package com.android.calendar
05-28 15:09:06.781 W/PackageManager( 1751): Unknown permission com.google.android.providers.settings.permission.WRITE_GSETTINGS in package com.android.sdksetup
05-28 15:09:06.782 W/PackageManager( 1751): Unknown permission com.google.android.permission.INSTALL_WEARABLE_PACKAGES in package com.android.packageinstaller
05-28 15:09:06.782 W/PackageManager( 1751): Not granting permission android.permission.DELETE_PACKAGES to package com.svox.pico (protectionLevel=18 flags=0x3808be45)
05-28 15:09:06.782 W/PackageManager( 1751): Not granting permission android.permission.READ_CONTACTS to package com.example.android.apis because it was previously installed without
05-28 15:09:06.782 W/PackageManager( 1751): Not granting permission android.permission.WRITE_CONTACTS to package com.example.android.apis because it was previously installed without
05-28 15:09:06.782 W/PackageManager( 1751): Not granting permission android.permission.ACCESS_COARSE_LOCATION to package com.example.android.apis because it was previously installed without
05-28 15:09:06.782 W/PackageManager( 1751): Not granting permission android.permission.WRITE_EXTERNAL_STORAGE to package com.example.android.apis because it was previously installed without
05-28 15:09:06.810 W/PackageManager( 1751): Not granting permission android.permission.SEND_SMS to package com.example.android.apis because it was previously installed without
05-28 15:09:06.810 W/PackageManager( 1751): Not granting permission android.permission.RECEIVE_SMS to package com.example.android.apis because it was previously installed without
05-28 15:09:06.810 W/PackageManager( 1751): Not granting permission android.permission.RECEIVE_MMS to package com.example.android.apis because it was previously installed without
05-28 15:09:06.810 W/PackageManager( 1751): Not granting permission android.permission.READ_SMS to package com.example.android.apis because it was previously installed without
05-28 15:09:06.810 W/PackageManager( 1751): Not granting permission android.permission.READ_PHONE_STATE to package com.example.android.apis because it was previously installed without
05-28 15:09:06.810 W/PackageManager( 1751): Not granting permission android.permission.RECORD_AUDIO to package com.example.android.apis because it was previously installed without
05-28 15:09:06.811 W/PackageManager( 1751): Not granting permission android.permission.CAMERA to package com.example.android.apis because it was previously installed without
05-28 15:09:06.811 W/PackageManager( 1751): Not granting permission android.permission.READ_EXTERNAL_STORAGE to package com.example.android.apis because it was previously installed without
05-28 15:09:06.811 W/PackageManager( 1751): Unknown permission android.permission.RUN_INSTRUMENTATION in package org.chromium.webview_shell
05-28 15:09:06.811 W/PackageManager( 1751): Not granting permission android.permission.CAMERA to package jp.jaxa.iss.kibo.rpc.sampleapk because it was previously installed without
05-28 15:09:06.811 W/PackageManager( 1751): Not granting permission android.permission.WRITE_EXTERNAL_STORAGE to package jp.jaxa.iss.kibo.rpc.sampleapk because it was previously installed without
05-28 15:09:06.811 W/PackageManager( 1751): Not granting permission android.permission.READ_EXTERNAL_STORAGE to package jp.jaxa.iss.kibo.rpc.sampleapk because it was previously installed without
05-28 15:09:06.812 W/PackageManager( 1751): Unknown permission com.google.android.googleapps.permission.GOOGLE_AUTH in package com.android.settings
05-28 15:09:06.812 W/PackageManager( 1751): Unknown permission com.android.launcher.permission.READ_SETTINGS in package com.android.settings
05-28 15:09:06.812 W/PackageManager( 1751): Unknown permission com.android.launcher.permission.WRITE_SETTINGS in package com.android.settings
05-28 15:09:06.813 W/PackageManager( 1751): Unknown permission com.android.smspush.WAPPUSH_MANAGER_BIND in package com.android.phone
05-28 15:09:06.821 W/PackageManager( 1751): Unknown permission com.google.android.googleapps.permission.ACCESS_GOOGLE_PASSWORD in package com.android.development
05-28 15:09:06.821 W/PackageManager( 1751): Unknown permission com.google.android.googleapps.permission.GOOGLE_AUTH in package com.android.development
05-28 15:09:06.821 W/PackageManager( 1751): Unknown permission com.google.android.googleapps.permission.GOOGLE_AUTH.ALL_SERVICES in package com.android.development
05-28 15:09:06.821 W/PackageManager( 1751): Unknown permission com.google.android.googleapps.permission.GOOGLE_AUTH.YouTubeUser in package com.android.development
05-28 15:09:06.821 W/PackageManager( 1751): Not granting permission android.permission.BIND_APPWIDGET to package com.android.widgetpreview (protectionLevel=18 flags=0x3808be44)
05-28 15:09:06.823 V/PackageManager( 1751): reconcileAppsData for null u0 0x3
05-28 15:09:06.973 I/SELinux ( 1329): SELinux: Loaded file_contexts contexts from /file_contexts.bin.
05-28 15:09:07.045 V/NatController( 1335): runCmd(/system/bin/ip6tables -w -N natctrl_tether_counters) res=0
05-28 15:09:07.429 V/NatController( 1335): runCmd(/system/bin/iptables -w -t mangle -A natctrl_mangle_FORWARD -p tcp --tcp-flags SYN SYN -j TCPMSS --clamp-mss-to-pmtu) res=0
05-28 15:09:11.692 E/Netd    ( 1335): cannot find interface dummy0
05-28 15:09:11.749 D/MDnsDS  ( 1335): MDnsSdListener::Hander starting up
05-28 15:09:11.813 D/MDnsDS  ( 1335): MDnsSdListener starting to monitor
05-28 15:09:11.813 D/MDnsDS  ( 1335): Going to poll with pollCount 1
05-28 15:09:12.886 V/PackageManager( 1751): reconcileAppsData finished 82 packages
05-28 15:09:13.301 E/PackageManager( 1751): There should probably be a verifier, but, none were found
05-28 15:09:13.392 D/PackageManager( 1751): Ephemeral resolver NOT found; no matching intent filters
05-28 15:09:13.397 I/PackageManager( 1751): Ephemeral deactivated; missing resolver and installer
05-28 15:09:13.403 I/art     ( 1751): Starting a blocking GC Explicit
05-28 15:09:13.685 W/art     ( 1751): Long monitor contention with owner main (1751) at int android.net.LocalSocketImpl.readba_native(byte[], int, int, java.io.FileDescriptor)(LocalSocketImpl.java:-2) waiters=0 in void com.android.server.pm.Settings$RuntimePermissionPersistence.writePermissionsSync(int) for 6.090s
05-28 15:09:13.710 I/art     ( 1751): Explicit concurrent mark sweep GC freed 37164(2MB) AllocSpace objects, 4(80KB) LOS objects, 33% free, 7MB/10MB, paused 1.725ms total 281.414ms
05-28 15:09:13.722 I/SystemServer( 1751): StartOtaDexOptService
05-28 15:09:13.808 I/SystemServer( 1751): StartUserManagerService
05-28 15:09:13.809 I/SystemServiceManager( 1751): Starting com.android.server.pm.UserManagerService$LifeCycle
05-28 15:09:14.058 I/lowmemorykiller( 1319): ActivityManager connected
05-28 15:09:14.116 D/SensorService( 1751): nuSensorService starting...
05-28 15:09:14.245 D/SensorService( 1751): nuSensorService thread starting...
05-28 15:09:14.282 D/SensorService( 1751): new thread SensorEventAckReceiver
05-28 15:09:14.283 I/SystemServiceManager( 1751): Starting com.android.server.BatteryService
05-28 15:09:14.441 I/SystemServiceManager( 1751): Starting com.android.server.usage.UsageStatsService
05-28 15:09:14.590 I/SystemServiceManager( 1751): Starting com.android.server.webkit.WebViewUpdateService
05-28 15:09:14.663 I/SystemServer( 1751): Reading configuration...
05-28 15:09:14.663 I/SystemServer( 1751): StartSchedulingPolicyService
05-28 15:09:14.667 I/SystemServiceManager( 1751): Starting com.android.server.telecom.TelecomLoaderService
05-28 15:09:14.668 I/SystemServer( 1751): StartTelephonyRegistry
05-28 15:09:14.735 I/SystemServer( 1751): StartEntropyMixer
05-28 15:09:14.777 I/EntropyMixer( 1751): Writing entropy...
05-28 15:09:14.882 I/SystemServer( 1751): Camera Service
05-28 15:09:14.965 I/SystemServiceManager( 1751): Starting com.android.server.camera.CameraService
05-28 15:09:14.991 I/ServiceThread( 1751): Enabled StrictMode logging for CameraService_proxy looper.
05-28 15:09:15.014 I/SystemServer( 1751): StartAccountManagerService
05-28 15:09:15.017 I/SystemServiceManager( 1751): Starting com.android.server.accounts.AccountManagerService$Lifecycle
05-28 15:09:15.127 I/SystemServer( 1751): StartContentService
05-28 15:09:15.130 I/SystemServiceManager( 1751): Starting com.android.server.content.ContentService$Lifecycle
05-28 15:09:15.144 I/SystemServer( 1751): InstallSystemProviders
05-28 15:09:15.271 W/System  ( 1751): ClassLoader referenced unknown path: /system/priv-app/SettingsProvider/lib/x86_64
05-28 15:09:15.633 I/SystemServer( 1751): StartVibratorService
05-28 15:09:15.635 E/VibratorService( 1751): Couldn't load vibrator module (No such file or directory)
05-28 15:09:15.635 W/VibratorService( 1751): Tried to stop vibrating but there is no vibrator device.
05-28 15:09:15.662 I/SystemServer( 1751): StartConsumerIrService
05-28 15:09:15.664 E/ConsumerIrService( 1751): Can't open consumer IR HW Module, error: -2
05-28 15:09:15.713 I/SystemServer( 1751): StartAlarmManagerService
05-28 15:09:15.713 I/SystemServiceManager( 1751): Starting com.android.server.AlarmManagerService
05-28 15:09:15.745 W/AlarmManagerService( 1751): no wall clock RTC found
05-28 15:09:15.747 D/AlarmManagerService( 1751): Kernel timezone updated to 0 minutes west of GMT
05-28 15:09:15.810 I/SystemServer( 1751): InitWatchdog
