05-01 12:11:31.981 I/InputManager( 1661): Initializing input manager, mUseDevInputEventForAudioJack=true
05-01 12:11:31.988 I/SystemServer( 1661): StartWindowManagerService
05-01 12:11:32.275 I/WindowManager( 1661): No existing display settings /data/system/display_settings.xml; starting empty
05-01 12:11:32.726 I/SystemServer( 1661): StartVrManagerService
05-01 12:11:32.726 I/SystemServiceManager( 1661): Starting com.android.server.vr.VrManagerService
05-01 12:11:32.733 W/VrManagerService( 1661): init_native: Could not open VR hardware module, error No such file or directory (-2).
05-01 12:11:32.782 I/InputManager( 1661): Starting input manager
05-01 12:11:32.831 D/EventHub( 1661): No input device configuration file found for device 'Power Button'.
05-01 12:11:32.877 W/EventHub( 1661): Unable to disable kernel key repeat for /dev/input/event0: Function not implemented
05-01 12:11:32.877 I/EventHub( 1661): New device: id=1, fd=91, path='/dev/input/event0', name='Power Button', classes=0x1, configuration='', keyLayout='/system/usr/keylayout/Generic.kl', keyCharacterMap='/system/usr/keychars/Generic.kcm', builtinKeyboard=false, wakeMechanism=EPOLLWAKEUP, usingClockIoctl=true
05-01 12:11:32.904 W/EventHub( 1661): Unable to disable kernel key repeat for /dev/input/event1: Function not implemented
05-01 12:11:32.904 I/EventHub( 1661): New device: id=2, fd=92, path='/dev/input/event1', name='qwerty2', classes=0x95, configuration='/system/usr/idc/qwerty2.idc', keyLayout='/system/usr/keylayout/qwerty.kl', keyCharacterMap='/system/usr/keychars/qwerty2.kcm', builtinKeyboard=true, wakeMechanism=EPOLLWAKEUP, usingClockIoctl=true
05-01 12:11:32.904 E/EventHub( 1661): could not get driver version for /dev/input/mice, Not a typewriter
05-01 12:11:32.931 I/SystemServer( 1661): No Bluetooth Service (emulator)
05-01 12:11:32.932 I/SystemServer( 1661): ConnectivityMetricsLoggerService
05-01 12:11:32.932 I/SystemServiceManager( 1661): Starting com.android.server.connectivity.MetricsLoggerService
05-01 12:11:32.951 I/SystemServer( 1661): IpConnectivityMetrics
05-01 12:11:32.952 I/SystemServiceManager( 1661): Starting com.android.server.connectivity.IpConnectivityMetrics
05-01 12:11:32.953 I/SystemServer( 1661): PinnerService
05-01 12:11:32.954 I/SystemServiceManager( 1661): Starting com.android.server.PinnerService
05-01 12:11:32.957 I/SystemServiceManager( 1661): Starting com.android.server.InputMethodManagerService$Lifecycle
05-01 12:11:33.320 I/InputReader( 1661): Device added: id=-1, name='Virtual', sources=0x00000301
05-01 12:11:33.325 I/InputReader( 1661):   Touch device 'qwerty2' could not query the properties of its associated display.  The device will be inoperable until the display size becomes available.
05-01 12:11:33.325 I/InputReader( 1661): Device added: id=0, name='qwerty2', sources=0x80001103
05-01 12:11:33.326 I/InputReader( 1661): Device added: id=1, name='Power Button', sources=0x00000101
05-01 12:11:33.773 I/SystemServer( 1661): StartAccessibilityManagerService
05-01 12:11:33.893 I/ActivityManager( 1661): Config changes=1df8 {1.0 ?mcc?mnc [en_US] ldltr sw360dp w360dp h640dp 480dpi nrml long port ?uimode ?night -touch -keyb/v/h -nav/h s.2}
05-01 12:11:33.942 I/ActivityManager( 1661): Config changes=508 {1.0 ?mcc?mnc [en_US] ldltr sw360dp w360dp h568dp 480dpi nrml port ?uimode ?night finger -keyb/v/h -nav/h s.3}
05-01 12:11:34.082 I/SystemServiceManager( 1661): Starting com.android.server.MountService$Lifecycle
05-01 12:11:34.098 I/InputReader( 1661): Reconfiguring input devices.  changes=0x00000004
05-01 12:11:34.098 I/InputReader( 1661): Device reconfigured: id=0, name='qwerty2', size 1080x1920, orientation 0, mode 1, display id 0
05-01 12:11:34.114 I/InputReader( 1661): Reconfiguring input devices.  changes=0x00000004
05-01 12:11:34.167 I/SystemServiceManager( 1661): Starting com.android.server.UiModeManagerService
05-01 12:11:34.185 I/ActivityManager( 1661): Config changes=200 {1.0 ?mcc?mnc [en_US] ldltr sw360dp w360dp h568dp 480dpi nrml port finger -keyb/v/h -nav/h s.4}
05-01 12:11:34.289 D/MountService( 1661): Thinking about init, mSystemReady=false, mDaemonConnected=true
05-01 12:11:34.310 D/MountService( 1661): Thinking about reset, mSystemReady=false, mDaemonConnected=true
05-01 12:11:34.339 I/SystemServer( 1661): StartLockSettingsService
05-01 12:11:34.346 D/MountService( 1661): Thinking about init, mSystemReady=false, mDaemonConnected=true
05-01 12:11:34.347 D/MountService( 1661): Thinking about reset, mSystemReady=false, mDaemonConnected=true
05-01 12:11:34.411 D/CryptdConnector( 1661): SND -> {1 cryptfs getfield SystemLocale}
05-01 12:11:34.420 I/SystemServiceManager( 1661): Starting com.android.server.LockSettingsService$Lifecycle
05-01 12:11:34.488 D/CryptdConnector( 1661): RCV <- {200 1 -1}
05-01 12:11:34.711 W/MountService( 1661): No primary storage mounted!
05-01 12:11:34.711 D/VoldConnector( 1661): SND -> {1 asec list}
05-01 12:11:34.721 I/SystemServiceManager( 1661): Starting com.android.server.DeviceIdleController
05-01 12:11:34.790 I/SystemServiceManager( 1661): Starting com.android.server.devicepolicy.DevicePolicyManagerService$Lifecycle
05-01 12:11:34.802 D/VoldConnector( 1661): RCV <- {200 1 asec operation succeeded}
05-01 12:11:34.804 I/PackageManager( 1661): No secure containers found
05-01 12:11:34.805 W/PackageManager( 1661): Unknown permission com.google.android.googleapps.permission.GOOGLE_AUTH in package com.android.providers.calendar
05-01 12:11:34.805 W/PackageManager( 1661): Unknown permission com.google.android.googleapps.permission.GOOGLE_AUTH.cl in package com.android.providers.calendar
05-01 12:11:34.806 W/PackageManager( 1661): Not granting permission android.permission.GLOBAL_SEARCH to package com.android.quicksearchbox (protectionLevel=18 flags=0x3808be45)
05-01 12:11:34.807 W/PackageManager( 1661): Not granting permission android.permission.WRITE_EXTERNAL_STORAGE to package gov.nasa.arc.astrobee.android.gs.manager because it was previously installed without
05-01 12:11:34.807 W/PackageManager( 1661): Not granting permission android.permission.READ_EXTERNAL_STORAGE to package gov.nasa.arc.astrobee.android.gs.manager because it was previously installed without
05-01 12:11:34.807 W/PackageManager( 1661): Unknown permission com.android.launcher.permission.READ_SETTINGS in package com.android.launcher3
05-01 12:11:34.807 W/PackageManager( 1661): Unknown permission com.android.launcher.permission.WRITE_SETTINGS in package com.android.launcher3
05-01 12:11:34.807 W/PackageManager( 1661): Not granting permission android.permission.BIND_APPWIDGET to package com.android.launcher3 (protectionLevel=18 flags=0x3c4bbe45)
05-01 12:11:34.808 W/PackageManager( 1661): Unknown permission com.google.android.googleapps.permission.GOOGLE_AUTH.mail in package com.android.calendar
05-01 12:11:34.830 W/PackageManager( 1661): Unknown permission com.google.android.providers.settings.permission.WRITE_GSETTINGS in package com.android.sdksetup
05-01 12:11:34.831 W/PackageManager( 1661): Unknown permission com.google.android.permission.INSTALL_WEARABLE_PACKAGES in package com.android.packageinstaller
05-01 12:11:34.831 W/PackageManager( 1661): Not granting permission android.permission.DELETE_PACKAGES to package com.svox.pico (protectionLevel=18 flags=0x3808be45)
05-01 12:11:34.831 W/PackageManager( 1661): Not granting permission android.permission.READ_CONTACTS to package com.example.android.apis because it was previously installed without
05-01 12:11:34.831 W/PackageManager( 1661): Not granting permission android.permission.WRITE_CONTACTS to package com.example.android.apis because it was previously installed without
05-01 12:11:34.831 W/PackageManager( 1661): Not granting permission android.permission.ACCESS_COARSE_LOCATION to package com.example.android.apis because it was previously installed without
05-01 12:11:34.832 W/PackageManager( 1661): Not granting permission android.permission.WRITE_EXTERNAL_STORAGE to package com.example.android.apis because it was previously installed without
05-01 12:11:34.832 W/PackageManager( 1661): Not granting permission android.permission.SEND_SMS to package com.example.android.apis because it was previously installed without
05-01 12:11:34.832 W/PackageManager( 1661): Not granting permission android.permission.RECEIVE_SMS to package com.example.android.apis because it was previously installed without
05-01 12:11:34.832 W/PackageManager( 1661): Not granting permission android.permission.RECEIVE_MMS to package com.example.android.apis because it was previously installed without
05-01 12:11:34.832 W/PackageManager( 1661): Not granting permission android.permission.READ_SMS to package com.example.android.apis because it was previously installed without
05-01 12:11:34.832 W/PackageManager( 1661): Not granting permission android.permission.READ_PHONE_STATE to package com.example.android.apis because it was previously installed without
05-01 12:11:34.832 W/PackageManager( 1661): Not granting permission android.permission.RECORD_AUDIO to package com.example.android.apis because it was previously installed without
05-01 12:11:34.832 W/PackageManager( 1661): Not granting permission android.permission.CAMERA to package com.example.android.apis because it was previously installed without
05-01 12:11:34.832 W/PackageManager( 1661): Not granting permission android.permission.READ_EXTERNAL_STORAGE to package com.example.android.apis because it was previously installed without
05-01 12:11:34.832 W/PackageManager( 1661): Unknown permission android.permission.RUN_INSTRUMENTATION in package org.chromium.webview_shell
05-01 12:11:34.833 W/PackageManager( 1661): Not granting permission android.permission.CAMERA to package jp.jaxa.iss.kibo.rpc.sampleapk because it was previously installed without
05-01 12:11:34.833 W/PackageManager( 1661): Not granting permission android.permission.WRITE_EXTERNAL_STORAGE to package jp.jaxa.iss.kibo.rpc.sampleapk because it was previously installed without
05-01 12:11:34.833 W/PackageManager( 1661): Not granting permission android.permission.READ_EXTERNAL_STORAGE to package jp.jaxa.iss.kibo.rpc.sampleapk because it was previously installed without
05-01 12:11:34.833 W/PackageManager( 1661): Unknown permission com.google.android.googleapps.permission.GOOGLE_AUTH in package com.android.settings
05-01 12:11:34.833 W/PackageManager( 1661): Unknown permission com.android.launcher.permission.READ_SETTINGS in package com.android.settings
05-01 12:11:34.833 W/PackageManager( 1661): Unknown permission com.android.launcher.permission.WRITE_SETTINGS in package com.android.settings
05-01 12:11:34.834 W/PackageManager( 1661): Unknown permission com.android.smspush.WAPPUSH_MANAGER_BIND in package com.android.phone
05-01 12:11:34.835 W/PackageManager( 1661): Unknown permission com.google.android.googleapps.permission.ACCESS_GOOGLE_PASSWORD in package com.android.development
05-01 12:11:34.835 W/PackageManager( 1661): Unknown permission com.google.android.googleapps.permission.GOOGLE_AUTH in package com.android.development
05-01 12:11:34.836 W/PackageManager( 1661): Unknown permission com.google.android.googleapps.permission.GOOGLE_AUTH.ALL_SERVICES in package com.android.development
05-01 12:11:34.836 W/PackageManager( 1661): Unknown permission com.google.android.googleapps.permission.GOOGLE_AUTH.YouTubeUser in package com.android.development
05-01 12:11:34.836 W/PackageManager( 1661): Not granting permission android.permission.BIND_APPWIDGET to package com.android.widgetpreview (protectionLevel=18 flags=0x3808be44)
05-01 12:11:35.317 W/art     ( 1661): Long monitor contention with owner MountService (1904) at void com.android.server.pm.PackageManagerService.loadMediaPackages(android.util.ArrayMap, int[], boolean)(PackageManagerService.java:19317) waiters=0 in boolean com.android.server.pm.PackageManagerService.hasSystemFeature(java.lang.String, int) for 377ms
05-01 12:11:35.334 W/MountService( 1661): No primary storage defined yet; hacking together a stub
05-01 12:11:35.337 W/MountService( 1661): No primary storage defined yet; hacking together a stub
05-01 12:11:35.351 I/SystemServer( 1661): StartStatusBarManagerService
05-01 12:11:35.380 W/MountService( 1661): No primary storage mounted!
05-01 12:11:35.381 D/VoldConnector( 1661): SND -> {2 asec list}
05-01 12:11:35.383 D/VoldConnector( 1661): RCV <- {200 2 asec operation succeeded}
05-01 12:11:35.388 I/SystemServer( 1661): StartClipboardService
05-01 12:11:35.409 I/SystemServer( 1661): StartNetworkManagementService
05-01 12:11:35.433 I/NetworkManagement( 1661): onDaemonConnected()
05-01 12:11:35.472 I/SystemServiceManager( 1661): Starting com.android.server.TextServicesManagerService$Lifecycle
05-01 12:11:35.494 W/UsageStatsService( 1661): User[0] Some stats have no latest available
05-01 12:11:35.525 I/SystemServer( 1661): StartNetworkScoreService
05-01 12:11:35.544 I/SystemServer( 1661): StartNetworkStatsService
05-01 12:11:35.616 I/SystemServer( 1661): StartNetworkPolicyManagerService
05-01 12:11:35.664 I/SystemServer( 1661): No Wi-Fi NAN Service (NAN support Not Present)
05-01 12:11:35.740 I/UsageStatsService( 1661): User[0] Rollover scheduled @ 2021-05-02 12:11:33(1619957493910)
05-01 12:11:35.816 W/art     ( 1661): Verification of void com.android.server.wifi.p2p.WifiP2pService.<init>(android.content.Context) took 101.967ms
05-01 12:11:35.818 I/SystemServiceManager( 1661): Starting com.android.server.wifi.p2p.WifiP2pService
05-01 12:11:36.078 I/art     ( 1661): Background sticky concurrent mark sweep GC freed 33589(2MB) AllocSpace objects, 20(400KB) LOS objects, 26% free, 8MB/11MB, paused 987us total 201.778ms
05-01 12:11:36.087 I/WifiP2pService( 1661): Registering wifip2p
05-01 12:11:36.102 I/SystemServiceManager( 1661): Starting com.android.server.wifi.WifiService
05-01 12:11:36.927 D/HS20    ( 1661): Passpoint is disabled
05-01 12:11:37.102 D/CommandListener( 1338): Clearing all IP addresses on wlan0
05-01 12:11:37.364 D/WifiApConfigStore( 1661): 2G band allowed channels are:1,6,11
05-01 12:11:37.369 E/WifiLogger( 1661): no ring buffers found
05-01 12:11:37.369 E/WifiLogger( 1661): Failed to start packet fate monitoring
05-01 12:11:37.398 D/WifiController( 1661): isAirplaneModeOn = true, isWifiEnabled = false, isScanningAvailable = false
05-01 12:11:37.428 I/WifiService( 1661): Registering wifi
05-01 12:11:37.442 I/SystemServiceManager( 1661): Starting com.android.server.wifi.scanner.WifiScanningService
05-01 12:11:37.442 I/WifiScanningService( 1661): Creating wifiscanner
05-01 12:11:37.451 I/WifiScanningService( 1661): Publishing wifiscanner
05-01 12:11:37.455 I/SystemServiceManager( 1661): Starting com.android.server.wifi.RttService
05-01 12:11:37.461 I/RttService( 1661): Creating rttmanager
05-01 12:11:37.463 I/RttService( 1661): Starting rttmanager
05-01 12:11:37.465 I/SystemServer( 1661): StartConnectivityService
05-01 12:11:37.502 D/ConnectivityService( 1661): ConnectivityService starting up
05-01 12:11:37.527 D/ConnectivityService( 1661): wifiOnly=false
05-01 12:11:37.603 I/SystemServer( 1661): StartNsdService
05-01 12:11:37.621 I/SystemServer( 1661): StartUpdateLockService
05-01 12:11:37.627 I/SystemServiceManager( 1661): Starting com.android.server.RecoverySystemService
05-01 12:11:37.651 I/SystemServiceManager( 1661): Starting com.android.server.notification.NotificationManagerService
05-01 12:11:37.773 D/ConditionProviders.SCP( 1661): new ScheduleConditionProvider()
05-01 12:11:37.818 D/ZenLog  ( 1661): config: readXml,ZenModeConfig[user=0,allowCalls=true,allowRepeatCallers=false,allowMessages=false,allowCallsFrom=contacts,allowMessagesFrom=contacts,allowReminders=true,allowEvents=true,allowWhenScreenOff=true,allowWhenScreenOn=true,automaticRules={370bd6672ef541ba946db9ac4aef0faf=ZenRule[enabled=false,snoozing=false,name=Weeknight,zenMode=ZEN_MODE_ALARMS,conditionId=condition://android/schedule?days=1.2.3.4.5&start=22.0&end=7.0&exitAtAlarm=false,condition=Condition[id=condition://android/schedule?days=1.2.3.4.5&start=22.0&end=7.0&exitAtAlarm=false,summary=...,line1=...,line2=...,icon=0,state=STATE_FALSE,flags=2],component=ComponentInfo{android/com.android.server.notification.ScheduleConditionProvider},id=370bd6672ef541ba946db9ac4aef0faf,creationTime=1590622727817,enabler=null], a53ffdf89c814123a52adbdd46bc948d=ZenRule[enabled=false,snoozing=false,name=Weekend,zenMode=ZEN_MODE_ALARMS,conditionId=condition://android/schedule?days=6.7&start=23.30&end=10.0&exitAtAlarm=false,condition=Condition[id=condition://android/schedule?days=6.7&start=23.30&end=10.0&exitAtAlarm=false,summary=...,line1=...,line2=...,icon=0,state=STATE_FALSE,flags=2],component=ComponentInfo{android/com.android.server.notification.ScheduleConditionProvider},id=a53ffdf89c814123a52adbdd46bc948d,creationTime=1590622727818,enabler=null], fc8bb1aacabb4877a1d1d167106f6e77=ZenRule[enabled=false,snoozing=false,name=Event,zenMode=ZEN_MODE_ALARMS,conditionId=condition://android/event?userId=-10000&calendar=&reply=1,condition=Condition[id=condition://android/event?userId=-10000&calendar=&reply=1,summary=...,line1=...,line2=...,icon=0,state=STATE_FALSE,flags=2],component=ComponentInfo{android/com.android.server.notification.EventConditionProvider},id=fc8bb1aacabb4877a1d1d167106f6e77,creationTime=1590622727822,enabler=null]},manualRule=null],Diff[automaticRule[370bd6672ef541ba946db9ac4aef0faf]:insert,automaticRule[5fb26d0de91c4aedbcfcda4a3c7c33b0]:delete,automaticRule[cdf36e50a82c464d8be5ec9fa9fd9d14]:delete,automaticRule[a53ffdf89c814123a52adbdd46bc948d]:insert,automaticRule[c914cf48555e4d18b73013ec58bf1e9a]:delete,automaticRule[fc8bb1aacabb4877a1d1d167106f6e77]:insert]
05-01 12:11:37.938 D/ZenLog  ( 1661): set_zen_mode: off,init
05-01 12:11:37.968 I/SystemServiceManager( 1661): Starting com.android.server.storage.DeviceStorageMonitorService
05-01 12:11:38.060 I/SystemServer( 1661): StartLocationManagerService
05-01 12:11:38.084 I/SystemServer( 1661): StartCountryDetectorService
05-01 12:11:38.103 I/SystemServer( 1661): StartSearchManagerService
05-01 12:11:38.104 I/SystemServiceManager( 1661): Starting com.android.server.search.SearchManagerService$Lifecycle
05-01 12:11:38.115 I/SystemServiceManager( 1661): Starting com.android.server.DropBoxManagerService
05-01 12:11:38.132 I/SystemServer( 1661): StartWallpaperManagerService
05-01 12:11:38.132 I/SystemServiceManager( 1661): Starting com.android.server.wallpaper.WallpaperManagerService$Lifecycle
05-01 12:11:38.153 E/BitmapFactory( 1661): Unable to decode stream: java.io.FileNotFoundException: /data/system/users/0/wallpaper_orig (No such file or directory)
05-01 12:11:38.153 E/WallpaperManagerService( 1661): Invalid wallpaper data
05-01 12:11:38.153 E/WallpaperManagerService( 1661): Unable to apply new wallpaper
05-01 12:11:38.165 I/SystemServer( 1661): StartAudioService
05-01 12:11:38.165 I/SystemServiceManager( 1661): Starting com.android.server.audio.AudioService$Lifecycle
05-01 12:11:38.311 W/TelecomManager( 1661): Telecom Service not found.
05-01 12:11:38.364 D/PermissionCache( 1324): checking android.permission.MODIFY_AUDIO_SETTINGS for uid=1000 => granted (1245 us)
05-01 12:11:38.380 D/PermissionCache( 1324): checking android.permission.MODIFY_AUDIO_SETTINGS for uid=1000 => granted (33932 us)
05-01 12:11:38.423 W/AudioFlinger( 1324): no wake lock to update, system not ready yet
05-01 12:11:38.701 I/SystemServiceManager( 1661): Starting com.android.server.DockObserver
05-01 12:11:38.704 W/DockObserver( 1661): This kernel does not have dock station support
05-01 12:11:38.707 I/SystemServer( 1661): StartWiredAccessoryManager
05-01 12:11:38.715 W/WiredAccessoryManager( 1661): This kernel does not have usb audio support
05-01 12:11:38.722 W/WiredAccessoryManager( 1661): This kernel does not have HDMI audio support
05-01 12:11:38.722 I/SystemServiceManager( 1661): Starting com.android.server.midi.MidiService$Lifecycle
05-01 12:11:38.782 I/SystemServiceManager( 1661): Starting com.android.server.usb.UsbService$Lifecycle
05-01 12:11:38.870 I/SystemServer( 1661): StartSerialService
05-01 12:11:38.892 E/HardwarePropertiesManagerService-JNI( 1661): Couldn't load thermal module (No such file or directory)
05-01 12:11:38.894 I/SystemServiceManager( 1661): Starting com.android.server.twilight.TwilightService
05-01 12:11:38.897 I/SystemServiceManager( 1661): Starting com.android.server.job.JobSchedulerService
05-01 12:11:39.032 I/SystemServiceManager( 1661): Starting com.android.server.soundtrigger.SoundTriggerService
05-01 12:11:39.043 I/SystemServiceManager( 1661): Starting com.android.server.backup.BackupManagerService$Lifecycle
05-01 12:11:39.057 I/SystemServiceManager( 1661): Starting com.android.server.appwidget.AppWidgetService
05-01 12:11:39.111 I/SystemServiceManager( 1661): Starting com.android.server.voiceinteraction.VoiceInteractionManagerService
05-01 12:11:39.126 I/SystemServer( 1661): Gesture Launcher Service
05-01 12:11:39.126 I/SystemServiceManager( 1661): Starting com.android.server.GestureLauncherService
05-01 12:11:39.127 I/SystemServiceManager( 1661): Starting com.android.server.SensorNotificationService
05-01 12:11:39.128 I/SystemServiceManager( 1661): Starting com.android.server.ContextHubSystemService
05-01 12:11:39.141 E/ContextHubService( 1661): ** Could not load context_hub module : err No such file or directory
05-01 12:11:39.142 W/ContextHubService( 1661): No Context Hub Module present
05-01 12:11:39.142 I/SystemServer( 1661): StartDiskStatsService
05-01 12:11:39.144 I/SystemServer( 1661): StartSamplingProfilerService
05-01 12:11:39.183 I/SystemServer( 1661): StartNetworkTimeUpdateService
05-01 12:11:39.188 I/SystemServer( 1661): StartCommonTimeManagementService
05-01 12:11:39.276 I/SystemServer( 1661): CertBlacklister
05-01 12:11:39.291 I/SystemServiceManager( 1661): Starting com.android.server.emergency.EmergencyAffordanceService
05-01 12:11:39.295 I/SystemServiceManager( 1661): Starting com.android.server.dreams.DreamManagerService
05-01 12:11:39.301 I/SystemServer( 1661): StartAssetAtlasService
05-01 12:11:39.378 I/SystemServiceManager( 1661): Starting com.android.server.print.PrintManagerService
05-01 12:11:39.430 D/AssetAtlas( 1661): Loaded configuration: SliceMinArea (1280x896) flags=0x2 count=91
05-01 12:11:39.433 I/SystemServiceManager( 1661): Starting com.android.server.restrictions.RestrictionsManagerService
05-01 12:11:39.438 I/SystemServiceManager( 1661): Starting com.android.server.media.MediaSessionService
05-01 12:11:39.457 I/SystemServer( 1661): StartMediaRouterService
05-01 12:11:39.472 I/SystemServiceManager( 1661): Starting com.android.server.trust.TrustManagerService
05-01 12:11:39.493 I/SystemServiceManager( 1661): Starting com.android.server.fingerprint.FingerprintService
05-01 12:11:39.507 D/gralloc_ranchu( 1661): Emulator without host-side GPU emulation detected. Loading gralloc.default.so from /vendor/lib64/hw/gralloc.goldfish.default.so...
05-01 12:11:39.591 D/gralloc_ranchu( 1661): gralloc.default.so not found in /vendor. Trying /system/lib64/hw/gralloc.goldfish.default.so...
05-01 12:11:39.634 D/PermissionCache( 1346): checking android.permission.MANAGE_FINGERPRINT for uid=1000 => granted (20882 us)
05-01 12:11:39.637 V/fingerprintd( 1346): nativeOpenHal()
05-01 12:11:39.750 D/FingerprintHal( 1346): ----------------> fingerprint_open ----------------->
05-01 12:11:39.753 E/fingerprintd( 1346): Wrong fp version. Expected 512, got 513
05-01 12:11:39.753 D/FingerprintHal( 1346): ----------------> set_notify_callback ----------------->
05-01 12:11:39.753 D/FingerprintHal( 1346): fingerprint callback notification set
05-01 12:11:39.753 V/fingerprintd( 1346): fingerprint HAL successfully initialized
05-01 12:11:39.770 V/fingerprintd( 1346): setActiveGroup(0, /data/system/users/0/fpdata, 27)
05-01 12:11:39.771 D/FingerprintHal( 1346): ----------------> fingerprint_set_active_group -----------------> path /data/system/users/0/fpdata
05-01 12:11:39.771 D/FingerprintHal( 1346): ----------------> loadFingerprints ----------------->
05-01 12:11:39.771 E/FingerprintHal( 1346): Could not load fingerprints from storage at /data/system/users/0/fpdata/emufp.bin; it has not yet been created.
05-01 12:11:39.771 D/FingerprintHal( 1346): ----------------> loadAuthenticatorId ----------------->
05-01 12:11:39.780 D/FingerprintHal( 1346): Read authenticator id (0x6b8b4567327b23c6)
05-01 12:11:39.791 D/FingerprintHal( 1346): ----------------> listenerFunction ----------------->
05-01 12:11:39.792 D/FingerprintHal( 1346): ----------------> fingerprint_get_auth_id ----------------->
05-01 12:11:39.792 D/FingerprintHal( 1346): ----------------> fingerprint_get_auth_id auth id 6b8b4567327b23c6----------------->
05-01 12:11:39.793 V/FingerprintService( 1661): Fingerprint HAL id: 125992968699904
05-01 12:11:39.800 I/SystemServer( 1661): StartBackgroundDexOptService
05-01 12:11:39.835 I/SystemServiceManager( 1661): Starting com.android.server.pm.ShortcutService$Lifecycle
05-01 12:11:39.972 I/SystemServiceManager( 1661): Starting com.android.server.pm.LauncherAppsService
05-01 12:11:40.013 I/SystemServiceManager( 1661): Starting com.android.server.media.projection.MediaProjectionManagerService
05-01 12:11:40.019 I/art     ( 1661): Background partial concurrent mark sweep GC freed 18404(1396KB) AllocSpace objects, 5(100KB) LOS objects, 24% free, 12MB/16MB, paused 1.311ms total 355.610ms
05-01 12:11:40.143 V/MediaRouter( 1661): Adding route: RouteInfo{ name=Phone, description=null, status=null, category=RouteCategory{ name=null types=ROUTE_TYPE_LIVE_AUDIO ROUTE_TYPE_LIVE_VIDEO  groupable=false }, supportedTypes=ROUTE_TYPE_LIVE_AUDIO ROUTE_TYPE_LIVE_VIDEO , presentationDisplay=null }
05-01 12:11:40.149 V/MediaRouter( 1661): Updating audio routes: AudioRoutesInfo{ type=SPEAKER }
05-01 12:11:40.161 W/AssetAtlasService( 1661): Could not find EGL configuration
05-01 12:11:40.164 D/AssetAtlas( 1661): Rendered atlas in 505.82ms (401.73+104.09ms)
05-01 12:11:40.184 V/MediaRouter( 1661): Selecting route: RouteInfo{ name=Phone, description=null, status=null, category=RouteCategory{ name=null types=ROUTE_TYPE_LIVE_AUDIO ROUTE_TYPE_LIVE_VIDEO  groupable=false }, supportedTypes=ROUTE_TYPE_LIVE_AUDIO ROUTE_TYPE_LIVE_VIDEO , presentationDisplay=null }
05-01 12:11:40.203 I/WindowManager( 1661): SAFE MODE not enabled
05-01 12:11:40.204 I/SystemServiceManager( 1661): Starting com.android.server.MmsServiceBroker
05-01 12:11:40.274 W/VibratorService( 1661): Tried to stop vibrating but there is no vibrator device.
05-01 12:11:41.419 E/LockSettingsStorage( 1661): Cannot read file java.io.FileNotFoundException: /data/system/gatekeeper.password.key: open failed: ENOENT (No such file or directory)
05-01 12:11:41.471 E/LockSettingsStorage( 1661): Cannot read file java.io.FileNotFoundException: /data/system/password.key: open failed: ENOENT (No such file or directory)
05-01 12:11:41.472 E/LockSettingsStorage( 1661): Cannot read file java.io.FileNotFoundException: /data/system/gatekeeper.pattern.key: open failed: ENOENT (No such file or directory)
05-01 12:11:41.474 E/LockSettingsStorage( 1661): Cannot read file java.io.FileNotFoundException: /data/system/gatekeeper.gesture.key: open failed: ENOENT (No such file or directory)
05-01 12:11:41.475 E/LockSettingsStorage( 1661): Cannot read file java.io.FileNotFoundException: /data/system/gesture.key: open failed: ENOENT (No such file or directory)
05-01 12:11:41.475 I/SystemServiceManager( 1661): Starting phase 480
05-01 12:11:41.586 I/DevicePolicyManagerService( 1661): Set ro.device_owner property to false
05-01 12:11:41.718 I/SystemServiceManager( 1661): Starting phase 500
05-01 12:11:41.807 D/ConnectivityMetricsLoggerService( 1661): onBootPhase: PHASE_SYSTEM_SERVICES_READY
05-01 12:11:41.964 I/WifiService( 1661): WifiService starting up with Wi-Fi disabled
05-01 12:11:41.985 I/WifiScanningService( 1661): Starting wifiscanner
05-01 12:11:42.017 I/RttService( 1661): Registering rttmanager
05-01 12:11:42.063 D/ZenLog  ( 1661): config: cleanUpZenRules,ZenModeConfig[user=0,allowCalls=true,allowRepeatCallers=false,allowMessages=false,allowCallsFrom=contacts,allowMessagesFrom=contacts,allowReminders=true,allowEvents=true,allowWhenScreenOff=true,allowWhenScreenOn=true,automaticRules={370bd6672ef541ba946db9ac4aef0faf=ZenRule[enabled=false,snoozing=false,name=Weeknight,zenMode=ZEN_MODE_ALARMS,conditionId=condition://android/schedule?days=1.2.3.4.5&start=22.0&end=7.0&exitAtAlarm=false,condition=Condition[id=condition://android/schedule?days=1.2.3.4.5&start=22.0&end=7.0&exitAtAlarm=false,summary=...,line1=...,line2=...,icon=0,state=STATE_FALSE,flags=2],component=ComponentInfo{android/com.android.server.notification.ScheduleConditionProvider},id=370bd6672ef541ba946db9ac4aef0faf,creationTime=1590622727817,enabler=null], a53ffdf89c814123a52adbdd46bc948d=ZenRule[enabled=false,snoozing=false,name=Weekend,zenMode=ZEN_MODE_ALARMS,conditionId=condition://android/schedule?days=6.7&start=23.30&end=10.0&exitAtAlarm=false,condition=Condition[id=condition://android/schedule?days=6.7&start=23.30&end=10.0&exitAtAlarm=false,summary=...,line1=...,line2=...,icon=0,state=STATE_FALSE,flags=2],component=ComponentInfo{android/com.android.server.notification.ScheduleConditionProvider},id=a53ffdf89c814123a52adbdd46bc948d,creationTime=1590622727818,enabler=null], fc8bb1aacabb4877a1d1d167106f6e77=ZenRule[enabled=false,snoozing=false,name=Event,zenMode=ZEN_MODE_ALARMS,conditionId=condition://android/event?userId=-10000&calendar=&reply=1,condition=Condition[id=condition://android/event?userId=-10000&calendar=&reply=1,summary=...,line1=...,line2=...,icon=0,state=STATE_FALSE,flags=2],component=ComponentInfo{android/com.android.server.notification.EventConditionProvider},id=fc8bb1aacabb4877a1d1d167106f6e77,creationTime=1590622727822,enabler=null]},manualRule=null],Diff[]
05-01 12:11:42.064 D/ZenLog  ( 1661): set_zen_mode: off,onSystemReady
05-01 12:11:42.156 D/PermissionCache( 1324): checking android.permission.CAPTURE_AUDIO_HOTWORD for uid=1000 => granted (11668 us)
05-01 12:11:42.159 W/SoundTriggerHelper( 1661): listModules status=0, # of modules=0
05-01 12:11:42.159 D/ContextHubSystemService( 1661): onBootPhase: PHASE_SYSTEM_SERVICES_READY
05-01 12:11:42.633 W/KeyguardServiceDelegate( 1661): onScreenTurningOn(): no keyguard service!
05-01 12:11:42.642 V/UserManagerService( 1661): Found /data/user_de/0 with serial number 0
05-01 12:11:42.643 V/UserManagerService( 1661): Found /data/user/0 with serial number 0
05-01 12:11:42.644 V/UserManagerService( 1661): Found /data/system_de/0 with serial number 0
05-01 12:11:42.644 V/UserManagerService( 1661): Found /data/system_ce/0 with serial number 0
05-01 12:11:43.386 I/ActivityManager( 1661): System now ready
05-01 12:11:43.477 I/SystemServer( 1661): Making services ready
05-01 12:11:43.478 I/SystemServiceManager( 1661): Starting phase 550
05-01 12:11:43.633 W/WindowManager( 1661): Keyguard drawn timeout. Setting mKeyguardDrawComplete
05-01 12:11:43.979 E/InputMethodManagerService( 1661): Ignoring updateSystemUiLocked due to an invalid token. uid:1000 token:null
05-01 12:11:44.333 I/Zygote  ( 1661): Process: zygote socket opened, supported ABIS: x86_64
05-01 12:11:44.404 W/ActivityManager( 1661): Slow operation: 119ms so far, now at startProcess: returned from zygote!
05-01 12:11:44.404 W/ActivityManager( 1661): Slow operation: 119ms so far, now at startProcess: done updating battery stats
05-01 12:11:44.406 W/ActivityManager( 1661): Slow operation: 121ms so far, now at startProcess: building log message
05-01 12:11:44.406 I/ActivityManager( 1661): Start proc 1956:com.android.inputmethod.latin/u0a41 for service com.android.inputmethod.latin/.LatinIME
05-01 12:11:44.406 W/ActivityManager( 1661): Slow operation: 121ms so far, now at startProcess: starting to update pids map
05-01 12:11:44.407 W/ActivityManager( 1661): Slow operation: 122ms so far, now at startProcess: done updating pids map
05-01 12:11:44.407 W/ActivityManager( 1661): Slow operation: 124ms so far, now at startProcess: done starting proc!
05-01 12:11:44.409 V/InputMethodManagerService( 1661): Adding window token: android.os.Binder@4880d3c
05-01 12:11:44.436 E/BitmapFactory( 1661): Unable to decode stream: java.io.FileNotFoundException: /data/system/users/0/wallpaper_orig (No such file or directory)
05-01 12:11:44.436 E/WallpaperManagerService( 1661): Invalid wallpaper data
05-01 12:11:44.436 E/WallpaperManagerService( 1661): Unable to apply new wallpaper
05-01 12:11:44.471 D/MountService( 1661): Thinking about init, mSystemReady=true, mDaemonConnected=true
05-01 12:11:44.472 D/MountService( 1661): Setting up emulation state, initlocked=false
05-01 12:11:44.473 D/CryptdConnector( 1661): SND -> {2 cryptfs unlock_user_key 0 0 ! !}
05-01 12:11:44.491 D/vold    ( 1275): e4crypt_unlock_user_key 0 serial=0 token_present=0
05-01 12:11:44.494 D/CryptdConnector( 1661): RCV <- {200 2 Command succeeded}
05-01 12:11:44.498 D/MountService( 1661): Thinking about reset, mSystemReady=true, mDaemonConnected=true
05-01 12:11:44.542 D/VoldConnector( 1661): SND -> {3 volume reset}
05-01 12:11:44.547 D/vold    ( 1275): Recognized experimental block major ID 253 as virtio-blk (emulator's virtual SD card device)
05-01 12:11:44.548 V/vold    ( 1275): /system/bin/sgdisk
05-01 12:11:44.548 V/vold    ( 1275):     --android-dump
05-01 12:11:44.548 V/vold    ( 1275):     /dev/block/vold/disk:253,48
05-01 12:11:44.560 D/VoldConnector( 1661): RCV <- {651 emulated 7}
05-01 12:11:44.562 D/VoldConnector( 1661): RCV <- {659 emulated}
05-01 12:11:44.562 D/VoldConnector( 1661): RCV <- {650 emulated 2 "" ""}
05-01 12:11:44.563 D/VoldConnector( 1661): RCV <- {651 emulated 0}
05-01 12:11:44.564 D/VoldConnector( 1661): RCV <- {651 public:253,48 7}
05-01 12:11:44.565 D/VoldConnector( 1661): RCV <- {659 public:253,48}
05-01 12:11:44.565 D/VoldConnector( 1661): RCV <- {649 disk:253,48}
05-01 12:11:44.579 V/MountService( 1661): Found primary storage at VolumeInfo{emulated}:
05-01 12:11:44.579 V/MountService( 1661):     type=EMULATED diskId=null partGuid=null mountFlags=0 mountUserId=-1 
05-01 12:11:44.579 V/MountService( 1661):     state=UNMOUNTED 
05-01 12:11:44.579 V/MountService( 1661):     fsType=null fsUuid=null fsLabel=null 
05-01 12:11:44.579 V/MountService( 1661):     path=null internalPath=null 
05-01 12:11:44.592 D/VoldConnector( 1661): RCV <- {640 disk:253,48 5}
05-01 12:11:44.593 D/VoldConnector( 1661): RCV <- {641 disk:253,48 549453824}
05-01 12:11:44.594 D/VoldConnector( 1661): RCV <- {642 disk:253,48 Virtual}
05-01 12:11:44.595 D/VoldConnector( 1661): RCV <- {644 disk:253,48 /sys//devices/pci0000:00/0000:00:06.0/virtio3/block/vdd}
05-01 12:11:44.665 W/art     ( 1956): Unexpected CPU variant for X86 using defaults: x86_64
05-01 12:11:44.808 W/art     ( 1969): Unexpected CPU variant for X86 using defaults: x86_64
05-01 12:11:44.891 W/ActivityManager( 1661): Slow operation: 426ms so far, now at startProcess: returned from zygote!
05-01 12:11:44.891 W/ActivityManager( 1661): Slow operation: 426ms so far, now at startProcess: done updating battery stats
05-01 12:11:44.892 W/ActivityManager( 1661): Slow operation: 426ms so far, now at startProcess: building log message
05-01 12:11:44.892 I/ActivityManager( 1661): Start proc 1969:com.android.systemui/u0a21 for service com.android.systemui/.ImageWallpaper
05-01 12:11:44.892 W/ActivityManager( 1661): Slow operation: 427ms so far, now at startProcess: starting to update pids map
05-01 12:11:44.892 W/ActivityManager( 1661): Slow operation: 427ms so far, now at startProcess: done updating pids map
05-01 12:11:44.892 W/ActivityManager( 1661): Slow operation: 428ms so far, now at startProcess: done starting proc!
05-01 12:11:44.912 W/art     ( 1661): Long monitor contention with owner main (1661) at int com.android.server.am.ActivityManagerService.bindService(android.app.IApplicationThread, android.os.IBinder, android.content.Intent, java.lang.String, android.app.IServiceConnection, int, java.lang.String, int)(ActivityManagerService.java:17301) waiters=0 in void com.android.server.am.ActivityManagerService.dispatchUidsChanged() for 430ms
05-01 12:11:44.913 W/art     ( 1661): Long monitor contention with owner main (1661) at int com.android.server.am.ActivityManagerService.bindService(android.app.IApplicationThread, android.os.IBinder, android.content.Intent, java.lang.String, android.app.IServiceConnection, int, java.lang.String, int)(ActivityManagerService.java:17301) waiters=1 in void com.android.server.am.ActivityManagerService$MainHandler.handleMessage(android.os.Message) for 303ms
05-01 12:11:44.917 I/ActivityManager( 1661): Force stopping com.android.providers.media appid=10010 user=-1: vold reset
05-01 12:11:45.008 E/BluetoothAdapter( 1661): Bluetooth binder is null
05-01 12:11:45.034 D/UsbAlsaManager( 1661): Adding ALSA device AlsaDevice: [card: 0, device: 0, type: 1]
05-01 12:11:45.040 E/BluetoothAdapter( 1661): Bluetooth binder is null
05-01 12:11:45.046 D/UsbAlsaManager( 1661): Adding ALSA device AlsaDevice: [card: 0, device: 0, type: 2]
05-01 12:11:45.048 I/SystemServer( 1661): WebViewFactory preparation
05-01 12:11:45.060 I/AudioFlinger( 1324): systemReady
05-01 12:11:45.328 D/WebViewFactory( 1661): Setting new address space to 114394000
05-01 12:11:45.435 W/art     ( 1661): Long monitor contention with owner Binder:1661_1 (1689) at void com.android.server.am.ActivityManagerService.attachApplication(android.app.IApplicationThread)(ActivityManagerService.java:6669) waiters=0 in void com.android.server.am.ActivityManagerService.attachApplication(android.app.IApplicationThread) for 135ms
05-01 12:11:45.633 W/art     ( 1661): Long monitor contention with owner Binder:1661_1 (1689) at void com.android.server.am.ActivityManagerService.attachApplication(android.app.IApplicationThread)(ActivityManagerService.java:6669) waiters=1 in void com.android.server.am.ActivityManagerService.dispatchProcessesChanged() for 275ms
05-01 12:11:45.803 V/vold    ( 1275): DISK mbr
05-01 12:11:45.803 V/vold    ( 1275): 
05-01 12:11:45.812 I/Zygote  ( 1661): Process: zygote socket opened, supported ABIS: x86
05-01 12:11:45.899 W/System  ( 1969): ClassLoader referenced unknown path: /system/priv-app/SystemUI/lib/x86_64
05-01 12:11:45.913 W/vold    ( 1275): disk:253,48 has unknown partition table; trying entire device
05-01 12:11:45.914 V/vold    ( 1275): /system/bin/blkid
05-01 12:11:45.914 V/vold    ( 1275):     -c
05-01 12:11:45.914 V/vold    ( 1275):     /dev/null
05-01 12:11:45.914 V/vold    ( 1275):     -s
05-01 12:11:45.914 V/vold    ( 1275):     TYPE
05-01 12:11:45.914 V/vold    ( 1275):     -s
05-01 12:11:45.914 V/vold    ( 1275):     UUID
05-01 12:11:45.914 V/vold    ( 1275):     -s
05-01 12:11:45.914 V/vold    ( 1275):     LABEL
05-01 12:11:45.914 V/vold    ( 1275):     /dev/block/vold/disk:253,48
05-01 12:11:46.005 I/art     ( 1323): Starting a blocking GC Background
05-01 12:11:46.264 E/WVMExtractor( 1661): Failed to open libwvm.so: dlopen failed: library "libwvm.so" not found
05-01 12:11:46.588 I/art     ( 1323): Background concurrent mark sweep GC freed 123(16KB) AllocSpace objects, 0(0B) LOS objects, 39% free, 6MB/10MB, paused 1.768ms total 509.183ms
05-01 12:11:47.123 I/MediaPlayerService( 1337): MediaPlayerService::getOMX
05-01 12:11:47.212 I/OMXClient( 1337): MuxOMX ctor
05-01 12:11:47.235 I/MediaPlayerService( 1337): MediaPlayerService::getOMX
05-01 12:11:47.242 I/OMXClient( 1337): MuxOMX ctor
05-01 12:11:47.252 I/OMXMaster( 1329): makeComponentInstance(OMX.google.mp3.decoder) in mediacodec process
05-01 12:11:47.333 V/vold    ( 1275): /dev/block/vold/disk:253,48: LABEL="SDCARD" UUID="1EFF-1C1B" TYPE="vfat" 
05-01 12:11:47.333 V/vold    ( 1275): 
05-01 12:11:47.348 W/ActivityManager( 1661): Slow operation: 1707ms so far, now at startProcess: returned from zygote!
05-01 12:11:47.348 W/ActivityManager( 1661): Slow operation: 1707ms so far, now at startProcess: done updating battery stats
05-01 12:11:47.349 W/ActivityManager( 1661): Slow operation: 1708ms so far, now at startProcess: building log message
05-01 12:11:47.349 I/ActivityManager( 1661): Start proc 2002:WebViewLoader-x86/1037 [android.webkit.WebViewFactory$RelroFileCreator] for 
05-01 12:11:47.349 W/ActivityManager( 1661): Slow operation: 1708ms so far, now at startProcess: starting to update pids map
05-01 12:11:47.349 W/ActivityManager( 1661): Slow operation: 1708ms so far, now at startProcess: done updating pids map
05-01 12:11:47.349 W/ActivityManager( 1661): Slow operation: 1709ms so far, now at startProcess: done starting proc!
05-01 12:11:47.393 W/art     ( 1661): Long monitor contention with owner main (1661) at int com.android.server.am.ActivityManagerService.startIsolatedProcess(java.lang.String, java.lang.String[], java.lang.String, java.lang.String, int, java.lang.Runnable)(ActivityManagerService.java:3509) waiters=0 in void com.android.server.am.ActivityManagerService.dispatchUidsChanged() for 1.699s
05-01 12:11:47.400 D/VoldConnector( 1661): RCV <- {650 public:253,48 0 "disk:253,48" ""}
05-01 12:11:47.404 D/VoldConnector( 1661): RCV <- {651 public:253,48 0}
05-01 12:11:47.407 D/VoldConnector( 1661): RCV <- {643 disk:253,48}
05-01 12:11:47.421 D/VoldConnector( 1661): RCV <- {200 3 Command succeeded}
05-01 12:11:47.424 E/VoldConnector( 1661): NDC Command {3 volume reset} took too long (2881ms)
05-01 12:11:47.425 D/VoldConnector( 1661): SND -> {4 volume user_added 0 0}
05-01 12:11:47.427 D/VoldConnector( 1661): RCV <- {200 4 Command succeeded}
05-01 12:11:47.620 W/ActivityManager( 1661): Slow operation: 259ms so far, now at startProcess: returned from zygote!
05-01 12:11:47.620 W/ActivityManager( 1661): Slow operation: 259ms so far, now at startProcess: done updating battery stats
05-01 12:11:47.621 W/ActivityManager( 1661): Slow operation: 260ms so far, now at startProcess: building log message
05-01 12:11:47.621 I/ActivityManager( 1661): Start proc 2007:WebViewLoader-x86_64/1037 [android.webkit.WebViewFactory$RelroFileCreator] for 
05-01 12:11:47.621 W/ActivityManager( 1661): Slow operation: 260ms so far, now at startProcess: starting to update pids map
05-01 12:11:47.621 W/ActivityManager( 1661): Slow operation: 260ms so far, now at startProcess: done updating pids map
05-01 12:11:47.621 W/ActivityManager( 1661): Slow operation: 261ms so far, now at startProcess: done starting proc!
05-01 12:11:47.626 W/art     ( 1661): Long monitor contention with owner main (1661) at int com.android.server.am.ActivityManagerService.startIsolatedProcess(java.lang.String, java.lang.String[], java.lang.String, java.lang.String, int, java.lang.Runnable)(ActivityManagerService.java:3509) waiters=2 in android.content.Intent com.android.server.am.ActivityManagerService.registerReceiver(android.app.IApplicationThread, java.lang.String, android.content.IIntentReceiver, android.content.IntentFilter, java.lang.String, int) for 752ms
05-01 12:11:47.629 D/NetworkManagement( 1661): enabling bandwidth control
05-01 12:11:47.630 W/art     ( 1661): Long monitor contention with owner main (1661) at int com.android.server.am.ActivityManagerService.startIsolatedProcess(java.lang.String, java.lang.String[], java.lang.String, java.lang.String, int, java.lang.Runnable)(ActivityManagerService.java:3509) waiters=1 in void com.android.server.am.ActivityManagerService.publishContentProviders(android.app.IApplicationThread, java.util.List) for 793ms
05-01 12:11:47.642 W/art     ( 1661): Long monitor contention with owner main (1661) at int com.android.server.am.ActivityManagerService.startIsolatedProcess(java.lang.String, java.lang.String[], java.lang.String, java.lang.String, int, java.lang.Runnable)(ActivityManagerService.java:3509) waiters=3 in void com.android.server.am.ActivityManagerService$MainHandler.handleMessage(android.os.Message) for 355ms
05-01 12:11:47.643 W/art     ( 1661): Long monitor contention with owner main (1661) at int com.android.server.am.ActivityManagerService.startIsolatedProcess(java.lang.String, java.lang.String[], java.lang.String, java.lang.String, int, java.lang.Runnable)(ActivityManagerService.java:3509) waiters=3 in void com.android.server.am.ActivityManagerService.dispatchUidsChanged() for 249ms
05-01 12:11:47.645 D/VoldConnector( 1661): SND -> {5 volume mount emulated 3 -1}
05-01 12:11:47.650 D/VoldConnector( 1661): RCV <- {651 emulated 1}
05-01 12:11:47.651 D/VoldConnector( 1661): RCV <- {656 emulated /data/media}
05-01 12:11:47.652 D/VoldConnector( 1661): RCV <- {655 emulated /storage/emulated}
05-01 12:11:47.656 V/vold    ( 1275): Waiting for FUSE to spin up...
05-01 12:11:47.707 W/art     ( 2002): Unexpected CPU variant for X86 using defaults: x86
05-01 12:11:47.709 V/vold    ( 1275): Waiting for FUSE to spin up...
05-01 12:11:47.760 V/vold    ( 1275): Waiting for FUSE to spin up...
05-01 12:11:47.871 V/vold    ( 1275): Waiting for FUSE to spin up...
05-01 12:11:47.909 V/SystemUIService( 1969): Starting SystemUI services for user 0.
05-01 12:11:47.924 V/vold    ( 1275): Waiting for FUSE to spin up...
05-01 12:11:47.938 W/art     ( 2007): Unexpected CPU variant for X86 using defaults: x86_64
05-01 12:11:47.982 V/vold    ( 1275): Waiting for FUSE to spin up...
05-01 12:11:48.040 V/vold    ( 1275): Waiting for FUSE to spin up...
05-01 12:11:48.096 V/vold    ( 1275): Waiting for FUSE to spin up...
05-01 12:11:48.149 V/vold    ( 1275): Waiting for FUSE to spin up...
05-01 12:11:48.200 V/vold    ( 1275): Waiting for FUSE to spin up...
05-01 12:11:48.259 V/vold    ( 1275): Waiting for FUSE to spin up...
05-01 12:11:48.335 I/MediaPlayerService( 1337): MediaPlayerService::getOMX
05-01 12:11:48.338 I/OMXClient( 1337): MuxOMX ctor
05-01 12:11:48.338 I/OMXMaster( 1329): makeComponentInstance(OMX.google.amrnb.decoder) in mediacodec process
05-01 12:11:48.378 V/vold    ( 1275): Waiting for FUSE to spin up...
05-01 12:11:48.391 V/WebViewFactory( 2007): RelroFileCreator (64bit = true),  32-bit lib: /system/app/webview/webview.apk!/lib/x86/libwebviewchromium.so, 64-bit lib: /system/app/webview/webview.apk!/lib/x86_64/libwebviewchromium.so
05-01 12:11:48.429 V/vold    ( 1275): Waiting for FUSE to spin up...
05-01 12:11:48.480 V/vold    ( 1275): Waiting for FUSE to spin up...
05-01 12:11:48.535 I/MediaPlayerService( 1337): MediaPlayerService::getOMX
05-01 12:11:48.540 V/vold    ( 1275): Waiting for FUSE to spin up...
05-01 12:11:48.592 I/OMXClient( 1337): MuxOMX ctor
05-01 12:11:48.593 I/OMXMaster( 1329): makeComponentInstance(OMX.google.amrwb.decoder) in mediacodec process
05-01 12:11:48.600 V/vold    ( 1275): Waiting for FUSE to spin up...
05-01 12:11:48.656 V/vold    ( 1275): Waiting for FUSE to spin up...
05-01 12:11:48.672 V/MediaRouter( 1969): Adding route: RouteInfo{ name=Phone, description=null, status=null, category=RouteCategory{ name=null types=ROUTE_TYPE_LIVE_AUDIO ROUTE_TYPE_LIVE_VIDEO  groupable=false }, supportedTypes=ROUTE_TYPE_LIVE_AUDIO ROUTE_TYPE_LIVE_VIDEO , presentationDisplay=null }
05-01 12:11:48.708 V/vold    ( 1275): Waiting for FUSE to spin up...
05-01 12:11:48.723 I/LatinIME( 1956): Hardware accelerated drawing: true
05-01 12:11:48.760 V/vold    ( 1275): Waiting for FUSE to spin up...
05-01 12:11:48.783 I/MediaPlayerService( 1337): MediaPlayerService::getOMX
05-01 12:11:48.784 I/OMXClient( 1337): MuxOMX ctor
05-01 12:11:48.785 I/OMXMaster( 1329): makeComponentInstance(OMX.google.aac.decoder) in mediacodec process
05-01 12:11:48.814 V/vold    ( 1275): Waiting for FUSE to spin up...
05-01 12:11:48.819 W/sdcard  ( 2012): Device explicitly disabled sdcardfs
05-01 12:11:48.828 V/WebViewFactory( 2002): RelroFileCreator (64bit = false),  32-bit lib: /system/app/webview/webview.apk!/lib/x86/libwebviewchromium.so, 64-bit lib: /system/app/webview/webview.apk!/lib/x86_64/libwebviewchromium.so
05-01 12:11:48.865 V/vold    ( 1275): Waiting for FUSE to spin up...
05-01 12:11:48.884 V/MediaRouter( 1969): Updating audio routes: AudioRoutesInfo{ type=SPEAKER }
05-01 12:11:48.917 V/vold    ( 1275): Waiting for FUSE to spin up...
05-01 12:11:48.969 V/MediaRouter( 1969): Selecting route: RouteInfo{ name=Phone, description=null, status=null, category=RouteCategory{ name=null types=ROUTE_TYPE_LIVE_AUDIO ROUTE_TYPE_LIVE_VIDEO  groupable=false }, supportedTypes=ROUTE_TYPE_LIVE_AUDIO ROUTE_TYPE_LIVE_VIDEO , presentationDisplay=null }
05-01 12:11:48.970 V/vold    ( 1275): Waiting for FUSE to spin up...
05-01 12:11:49.025 V/vold    ( 1275): Waiting for FUSE to spin up...
05-01 12:11:49.080 V/vold    ( 1275): Waiting for FUSE to spin up...
05-01 12:11:49.159 I/MediaPlayerService( 1337): MediaPlayerService::getOMX
05-01 12:11:49.192 I/OMXClient( 1337): MuxOMX ctor
05-01 12:11:49.193 I/OMXMaster( 1329): makeComponentInstance(OMX.google.g711.alaw.decoder) in mediacodec process
05-01 12:11:49.261 D/VoldConnector( 1661): RCV <- {651 emulated 2}
05-01 12:11:49.262 D/VoldConnector( 1661): RCV <- {200 5 Command succeeded}
05-01 12:11:49.265 E/VoldConnector( 1661): NDC Command {5 volume mount emulated 3 -1} took too long (1620ms)
05-01 12:11:49.266 D/VoldConnector( 1661): SND -> {6 volume mount public:253,48 2 0}
05-01 12:11:49.268 V/vold    ( 1275): /system/bin/blkid
05-01 12:11:49.268 V/vold    ( 1275):     -c
05-01 12:11:49.268 V/vold    ( 1275):     /dev/null
05-01 12:11:49.268 V/vold    ( 1275):     -s
05-01 12:11:49.268 V/vold    ( 1275):     TYPE
05-01 12:11:49.268 V/vold    ( 1275):     -s
05-01 12:11:49.268 V/vold    ( 1275):     UUID
05-01 12:11:49.268 V/vold    ( 1275):     -s
05-01 12:11:49.268 V/vold    ( 1275):     LABEL
05-01 12:11:49.268 V/vold    ( 1275):     /dev/block/vold/public:253,48
05-01 12:11:49.423 D/VoldConnector( 1661): RCV <- {651 public:253,48 1}
05-01 12:11:50.145 E/WVMExtractor( 1969): Failed to open libwvm.so: dlopen failed: library "libwvm.so" not found
05-01 12:11:50.731 I/art     ( 2002): System.exit called, status: 0
05-01 12:11:50.731 I/AndroidRuntime( 2002): VM exiting with result code 0, cleanup skipped.
