04-28 13:02:52.890 W/art     ( 3056): Long monitor contention with owner ActivityManager (3100) at void com.android.server.am.BroadcastQueue.processNextBroadcast(boolean)(BroadcastQueue.java:760) waiters=2 in void com.android.server.am.ActivityManagerService.serviceDoneExecuting(android.os.IBinder, int, int, int) for 555ms
04-28 13:02:52.891 W/art     ( 3056): Long monitor contention with owner ActivityManager (3100) at void com.android.server.am.BroadcastQueue.processNextBroadcast(boolean)(BroadcastQueue.java:760) waiters=3 in android.content.pm.UserInfo com.android.server.am.UserController.getCurrentUser() for 493ms
04-28 13:02:52.892 W/art     ( 3056): Long monitor contention with owner ActivityManager (3100) at void com.android.server.am.BroadcastQueue.processNextBroadcast(boolean)(BroadcastQueue.java:760) waiters=4 in java.lang.String com.android.server.am.ActivityManagerService.checkContentProviderAccess(java.lang.String, int) for 461ms
04-28 13:02:53.201 E/ActivityThread( 3554): Failed to find provider info for com.android.contacts
04-28 13:02:53.202 W/CallerInfoCache( 3554): cursor is null
04-28 13:02:53.203 V/KeyguardServiceDelegate( 3056): *** Keyguard started
04-28 13:02:53.269 W/KeyguardServiceDelegate( 3056): onScreenTurningOn(): no keyguard service!
04-28 13:02:53.510 W/art     ( 3056): Long monitor contention with owner ActivityManager (3100) at int com.android.server.am.ActivityManagerService.bindService(android.app.IApplicationThread, android.os.IBinder, android.content.Intent, java.lang.String, android.app.IServiceConnection, int, java.lang.String, int)(ActivityManagerService.java:17301) waiters=2 in void com.android.server.am.ActivityManagerService$3.handleMessage(android.os.Message) for 372ms
04-28 13:02:53.610 E/BluetoothAdapter( 3327): Bluetooth binder is null
04-28 13:02:53.834 I/CameraManagerGlobal( 3327): Connecting to camera service
04-28 13:02:53.844 W/art     ( 3056): Long monitor contention with owner ConditionProviders.ECP (3301) at int android.app.PendingIntent.getCreatorUid()(PendingIntent.java:913) waiters=0 in android.app.AlarmManager$AlarmClockInfo com.android.server.AlarmManagerService.getNextAlarmClockImpl(int) for 864ms
04-28 13:02:53.846 D/ConditionProviders.SCP( 3056): notifyCondition condition://android/schedule?days=6.7&start=23.30&end=10.0&exitAtAlarm=false STATE_FALSE reason=!meetsSchedule
04-28 13:02:53.848 D/ConditionProviders.SCP( 3056): notifyCondition condition://android/schedule?days=1.2.3.4.5&start=22.0&end=7.0&exitAtAlarm=false STATE_FALSE reason=!meetsSchedule
04-28 13:02:53.862 D/ConditionProviders.SCP( 3056): Scheduling evaluate for Wed Apr 28 22:00:00 UTC 2021 (1619647200000), in +8h57m7s603ms, now=Wed Apr 28 13:02:52 UTC 2021 (1619614972397)
04-28 13:02:53.939 V/EmulatedCamera_Camera( 1327): getCameraInfo
04-28 13:02:54.005 V/EmulatedCamera_BaseCamera( 1327): getCameraInfo
04-28 13:02:54.006 I/CameraService( 1327): getCameraCharacteristics: Switching to HAL1 shim implementation...
04-28 13:02:54.006 V/EmulatedCamera_Camera( 1327): getCameraInfo
04-28 13:02:54.006 V/EmulatedCamera_BaseCamera( 1327): getCameraInfo
04-28 13:02:54.008 I/CameraService( 1327): CameraService::connect call (PID -1 "cameraserver", camera ID 0) for HAL version default and Camera API version 1
04-28 13:02:54.124 E/CameraService( 1327): getCameraPriorityFromProcState: Received invalid process state -1 from ActivityManagerService!
04-28 13:02:54.125 V/EmulatedCamera_Camera( 1327): getCameraInfo
04-28 13:02:54.125 V/EmulatedCamera_BaseCamera( 1327): getCameraInfo
04-28 13:02:54.354 W/ActivityManager( 3056): Slow operation: 340ms so far, now at startProcess: returned from zygote!
04-28 13:02:54.355 W/ActivityManager( 3056): Slow operation: 341ms so far, now at startProcess: done updating battery stats
04-28 13:02:54.355 W/ActivityManager( 3056): Slow operation: 342ms so far, now at startProcess: building log message
04-28 13:02:54.356 I/ActivityManager( 3056): Start proc 3670:com.android.cellbroadcastreceiver/u0a4 for broadcast com.android.cellbroadcastreceiver/.CellBroadcastReceiver
04-28 13:02:54.356 W/ActivityManager( 3056): Slow operation: 342ms so far, now at startProcess: starting to update pids map
04-28 13:02:54.356 W/ActivityManager( 3056): Slow operation: 343ms so far, now at startProcess: done updating pids map
04-28 13:02:54.356 W/ActivityManager( 3056): Slow operation: 346ms so far, now at startProcess: done starting proc!
04-28 13:02:54.360 W/art     ( 3056): Long monitor contention with owner main (3056) at void com.android.server.am.BroadcastQueue.processNextBroadcast(boolean)(BroadcastQueue.java:760) waiters=0 in void com.android.server.am.ActivityManagerService.ensureBootCompleted() for 348ms
04-28 13:02:54.428 I/Choreographer( 3056): Skipped 35 frames!  The application may be doing too much work on its main thread.
04-28 13:02:54.740 E/WVMExtractor( 1336): Failed to open libwvm.so: dlopen failed: library "libwvm.so" not found
04-28 13:02:55.085 W/art     ( 3670): Unexpected CPU variant for X86 using defaults: x86_64
04-28 13:02:55.217 D/AccessibilityManagerService( 3056): Ignoring non-encryption-aware service ComponentInfo{com.example.android.apis/com.example.android.apis.accessibility.ClockBackService}
04-28 13:02:55.217 D/AccessibilityManagerService( 3056): Ignoring non-encryption-aware service ComponentInfo{com.example.android.apis/com.example.android.apis.accessibility.MagnificationService}
04-28 13:02:55.218 D/AccessibilityManagerService( 3056): Ignoring non-encryption-aware service ComponentInfo{com.example.android.apis/com.example.android.apis.accessibility.TaskBackService}
04-28 13:02:55.661 W/art     ( 3056): Suspending all threads took: 22.330ms
04-28 13:02:55.732 W/art     ( 3056): Long monitor contention with owner main (3056) at boolean android.os.MessageQueue.enqueueMessage(android.os.Message, long)(MessageQueue.java:541) waiters=0 in android.os.Message android.os.MessageQueue.next() for 106ms
04-28 13:02:55.759 D/NuPlayerDriver( 1336): notifyListener_l(0xeda12300), (1, 0, 0), loop setting(0, 0)
04-28 13:02:56.118 D/NuPlayerDriver( 1336): notifyListener_l(0xef228cc0), (1, 0, 0), loop setting(0, 0)
04-28 13:02:56.275 W/VibratorService( 3056): Tried to stop vibrating but there is no vibrator device.
04-28 13:02:56.285 I/art     ( 3056): Background sticky concurrent mark sweep GC freed 24342(1460KB) AllocSpace objects, 7(1592KB) LOS objects, 27% free, 9MB/13MB, paused 75.186ms total 1.604s
04-28 13:02:56.408 W/art     ( 3056): Long monitor contention with owner android.ui (3101) at int com.android.server.wm.WindowManagerService.relayoutWindow(com.android.server.wm.Session, android.view.IWindow, int, android.view.WindowManager$LayoutParams, int, int, int, int, android.graphics.Rect, android.graphics.Rect, android.graphics.Rect, android.graphics.Rect, android.graphics.Rect, android.graphics.Rect, android.graphics.Rect, android.content.res.Configuration, android.view.Surface)(WindowManagerService.java:2857) waiters=0 in void com.android.server.wm.WindowManagerService$H.handleMessage(android.os.Message) for 203ms
04-28 13:02:56.638 W/WindowManager( 3056): Keyguard drawn timeout. Setting mKeyguardDrawComplete
04-28 13:02:56.766 I/Choreographer( 3056): Skipped 132 frames!  The application may be doing too much work on its main thread.
04-28 13:02:56.878 D/NuPlayerDriver( 1336): notifyListener_l(0xef228d20), (1, 0, 0), loop setting(0, 0)
04-28 13:02:57.168 I/CameraFlashlight( 1327): Opening camera 0
04-28 13:02:57.168 V/EmulatedCamera_Camera( 1327): getCameraInfo
04-28 13:02:57.169 V/EmulatedCamera_BaseCamera( 1327): getCameraInfo
04-28 13:02:57.169 V/EmulatedCamera_Camera( 1327): connectCamera
04-28 13:02:57.169 V/EmulatedCamera_FakeDevice( 1327): connectDevice
04-28 13:02:57.207 V/EmulatedCamera_CallbackNotifier( 1327): setCallbacks: 0xe7ab2e80, 0xe7ab2ed0, 0xe7ab2ff0, 0xe7ab3110 (0xe7843320)
04-28 13:02:57.207 V/EmulatedCamera_CallbackNotifier( 1327): enableMessage: msg_type = 0xc0d
04-28 13:02:57.207 V/EmulatedCamera_CallbackNotifier( 1327):     CAMERA_MSG_ERROR
04-28 13:02:57.207 V/EmulatedCamera_CallbackNotifier( 1327):     CAMERA_MSG_FOCUS
04-28 13:02:57.207 V/EmulatedCamera_CallbackNotifier( 1327):     CAMERA_MSG_ZOOM
04-28 13:02:57.207 V/EmulatedCamera_CallbackNotifier( 1327):     CAMERA_MSG_PREVIEW_METADATA
04-28 13:02:57.207 V/EmulatedCamera_CallbackNotifier( 1327): **** Currently enabled messages:
04-28 13:02:57.207 V/EmulatedCamera_CallbackNotifier( 1327):     CAMERA_MSG_ERROR
04-28 13:02:57.207 V/EmulatedCamera_CallbackNotifier( 1327):     CAMERA_MSG_FOCUS
04-28 13:02:57.207 V/EmulatedCamera_CallbackNotifier( 1327):     CAMERA_MSG_ZOOM
04-28 13:02:57.207 V/EmulatedCamera_CallbackNotifier( 1327):     CAMERA_MSG_PREVIEW_METADATA
04-28 13:02:57.216 V/EmulatedCamera_CallbackNotifier( 1327): disableMessage: msg_type = 0xffff
04-28 13:02:57.216 V/EmulatedCamera_CallbackNotifier( 1327):     CAMERA_MSG_ERROR
04-28 13:02:57.216 V/EmulatedCamera_CallbackNotifier( 1327):     CAMERA_MSG_SHUTTER
04-28 13:02:57.216 V/EmulatedCamera_CallbackNotifier( 1327):     CAMERA_MSG_FOCUS
04-28 13:02:57.216 V/EmulatedCamera_CallbackNotifier( 1327):     CAMERA_MSG_ZOOM
04-28 13:02:57.216 V/EmulatedCamera_CallbackNotifier( 1327):     CAMERA_MSG_PREVIEW_FRAME
04-28 13:02:57.216 V/EmulatedCamera_CallbackNotifier( 1327):     CAMERA_MSG_VIDEO_FRAME
04-28 13:02:57.216 V/EmulatedCamera_CallbackNotifier( 1327):     CAMERA_MSG_POSTVIEW_FRAME
04-28 13:02:57.216 V/EmulatedCamera_CallbackNotifier( 1327):     CAMERA_MSG_RAW_IMAGE
04-28 13:02:57.216 V/EmulatedCamera_CallbackNotifier( 1327):     CAMERA_MSG_COMPRESSED_IMAGE
04-28 13:02:57.216 V/EmulatedCamera_CallbackNotifier( 1327):     CAMERA_MSG_RAW_IMAGE_NOTIFY
04-28 13:02:57.216 V/EmulatedCamera_CallbackNotifier( 1327):     CAMERA_MSG_PREVIEW_METADATA
04-28 13:02:57.216 V/EmulatedCamera_CallbackNotifier( 1327): **** Currently enabled messages:
04-28 13:02:57.216 V/EmulatedCamera_Preview( 1327): setPreviewWindow: current: 0x0 -> new: 0x0
04-28 13:02:57.216 V/EmulatedCamera_Camera( 1327): doStopPreview
04-28 13:02:57.301 V/EmulatedCamera_Camera( 1327): cancelPicture
04-28 13:02:57.301 V/EmulatedCamera_Camera( 1327): releaseCamera
04-28 13:02:57.301 V/EmulatedCamera_Camera( 1327): doStopPreview
04-28 13:02:57.302 V/EmulatedCamera_FakeDevice( 1327): disconnectDevice
04-28 13:02:57.302 W/EmulatedCamera_Device( 1327): Initialize: Emulated camera device is already initialized: mState = 1
04-28 13:02:57.302 D/EmulatedCamera_FakeCamera( 1327): Initialize: Fake camera is facing back
04-28 13:02:57.305 V/EmulatedCamera_Device( 1327): initializeWhiteBalanceModes with auto, 1.000000, 1.000000
04-28 13:02:57.306 V/EmulatedCamera_Device( 1327): initializeWhiteBalanceModes with incandescent, 1.380000, 0.600000
04-28 13:02:57.306 V/EmulatedCamera_Device( 1327): initializeWhiteBalanceModes with daylight, 1.090000, 0.920000
04-28 13:02:57.306 V/EmulatedCamera_Device( 1327): initializeWhiteBalanceModes with twilight, 0.920000, 1.220000
04-28 13:02:57.306 V/EmulatedCamera_Device( 1327): setWhiteBalanceMode with white balance auto
04-28 13:02:57.307 I/CameraFlashlight( 1327): Destroying camera 0
04-28 13:02:57.307 V/EmulatedCamera_Camera( 1327): closeCamera
04-28 13:02:57.307 V/EmulatedCamera_Camera( 1327): doStopPreview
04-28 13:02:57.307 W/EmulatedCamera_Device( 1327): Initialize: Emulated camera device is already initialized: mState = 1
04-28 13:02:57.307 D/EmulatedCamera_FakeCamera( 1327): Initialize: Fake camera is facing back
04-28 13:02:57.307 V/EmulatedCamera_Device( 1327): initializeWhiteBalanceModes with auto, 1.000000, 1.000000
04-28 13:02:57.307 V/EmulatedCamera_Device( 1327): initializeWhiteBalanceModes with incandescent, 1.380000, 0.600000
04-28 13:02:57.307 V/EmulatedCamera_Device( 1327): initializeWhiteBalanceModes with daylight, 1.090000, 0.920000
04-28 13:02:57.307 V/EmulatedCamera_Device( 1327): initializeWhiteBalanceModes with twilight, 0.920000, 1.220000
04-28 13:02:57.307 V/EmulatedCamera_Device( 1327): setWhiteBalanceMode with white balance auto
04-28 13:02:57.560 I/CameraService( 1327): disconnect: Disconnected client for camera 0 for PID 1327
04-28 13:02:57.561 D/NuPlayerDriver( 1336): reset(0xeda12300) at state 4
04-28 13:02:57.561 D/NuPlayerDriver( 1336): notifyListener_l(0xeda12300), (8, 0, 0), loop setting(0, 0)
04-28 13:02:57.598 D/NuPlayerDriver( 1336): notifyResetComplete(0xeda12300)
04-28 13:02:57.644 D/NuPlayerDriver( 1336): reset(0xef228cc0) at state 4
04-28 13:02:57.644 D/NuPlayerDriver( 1336): notifyListener_l(0xef228cc0), (8, 0, 0), loop setting(0, 0)
04-28 13:02:57.648 D/NuPlayerDriver( 1336): notifyResetComplete(0xef228cc0)
04-28 13:02:57.670 D/NuPlayerDriver( 1336): reset(0xef228d20) at state 4
04-28 13:02:57.670 D/NuPlayerDriver( 1336): notifyListener_l(0xef228d20), (8, 0, 0), loop setting(0, 0)
04-28 13:02:57.672 D/NuPlayerDriver( 1336): notifyResetComplete(0xef228d20)
04-28 13:02:57.690 V/EmulatedCamera_Camera( 1327): getCameraInfo
04-28 13:02:57.691 V/EmulatedCamera_BaseCamera( 1327): getCameraInfo
04-28 13:02:57.693 V/EmulatedCamera_Camera( 1327): getCameraInfo
04-28 13:02:57.694 V/EmulatedCamera_BaseCamera( 1327): getCameraInfo
04-28 13:02:58.037 W/art     ( 3056): Long monitor contention with owner main (3056) at void com.android.server.am.BroadcastQueue.processNextBroadcast(boolean)(BroadcastQueue.java:760) waiters=1 in void com.android.server.am.ActivityManagerService$3.handleMessage(android.os.Message) for 3.918s
04-28 13:02:58.278 W/art     ( 3554): Long monitor contention with owner AsyncTask #2 (3658) at void android.os.MessageQueue.nativeWake(long)(MessageQueue.java:-2) waiters=0 in android.os.Message android.os.MessageQueue.next() for 5.075s
04-28 13:02:58.413 I/StatusBar( 3327): isKeyguardShowing() called before startKeyguard(), returning true
04-28 13:02:58.415 W/StatusBar( 3327): isKeyguardSecure() called before startKeyguard(), returning false
04-28 13:02:58.415 W/StatusBar( 3327): java.lang.Throwable
04-28 13:02:58.415 W/StatusBar( 3327): 	at com.android.systemui.statusbar.BaseStatusBar.isKeyguardSecure(BaseStatusBar.java:2647)
04-28 13:02:58.415 W/StatusBar( 3327): 	at com.android.systemui.statusbar.BaseStatusBar.isCameraAllowedByAdmin(BaseStatusBar.java:2670)
04-28 13:02:58.415 W/StatusBar( 3327): 	at com.android.systemui.statusbar.phone.KeyguardBottomAreaView.updateCameraVisibility(KeyguardBottomAreaView.java:309)
04-28 13:02:58.415 W/StatusBar( 3327): 	at com.android.systemui.statusbar.phone.KeyguardBottomAreaView.setPhoneStatusBar(KeyguardBottomAreaView.java:272)
04-28 13:02:58.415 W/StatusBar( 3327): 	at com.android.systemui.statusbar.phone.PhoneStatusBar.makeStatusBarView(PhoneStatusBar.java:904)
04-28 13:02:58.415 W/StatusBar( 3327): 	at com.android.systemui.statusbar.phone.PhoneStatusBar.addStatusBarWindow(PhoneStatusBar.java:3432)
04-28 13:02:58.415 W/StatusBar( 3327): 	at com.android.systemui.statusbar.phone.PhoneStatusBar.createAndAddWindows(PhoneStatusBar.java:3428)
04-28 13:02:58.415 W/StatusBar( 3327): 	at com.android.systemui.statusbar.BaseStatusBar.start(BaseStatusBar.java:765)
04-28 13:02:58.415 W/StatusBar( 3327): 	at com.android.systemui.statusbar.phone.PhoneStatusBar.start(PhoneStatusBar.java:686)
04-28 13:02:58.415 W/StatusBar( 3327): 	at com.android.systemui.statusbar.SystemBars.createStatusBarFromConfig(SystemBars.java:106)
04-28 13:02:58.415 W/StatusBar( 3327): 	at com.android.systemui.statusbar.SystemBars.onNoService(SystemBars.java:58)
04-28 13:02:58.415 W/StatusBar( 3327): 	at com.android.systemui.statusbar.ServiceMonitor.startService(ServiceMonitor.java:230)
04-28 13:02:58.415 W/StatusBar( 3327): 	at com.android.systemui.statusbar.ServiceMonitor.-wrap5(ServiceMonitor.java)
04-28 13:02:58.415 W/StatusBar( 3327): 	at com.android.systemui.statusbar.ServiceMonitor$1.handleMessage(ServiceMonitor.java:73)
04-28 13:02:58.415 W/StatusBar( 3327): 	at android.os.Handler.dispatchMessage(Handler.java:102)
04-28 13:02:58.415 W/StatusBar( 3327): 	at android.os.Looper.loop(Looper.java:154)
04-28 13:02:58.415 W/StatusBar( 3327): 	at android.app.ActivityThread.main(ActivityThread.java:6119)
04-28 13:02:58.415 W/StatusBar( 3327): 	at java.lang.reflect.Method.invoke(Native Method)
04-28 13:02:58.415 W/StatusBar( 3327): 	at com.android.internal.os.ZygoteInit$MethodAndArgsCaller.run(ZygoteInit.java:886)
04-28 13:02:58.415 W/StatusBar( 3327): 	at com.android.internal.os.ZygoteInit.main(ZygoteInit.java:776)
04-28 13:02:58.457 I/StatusBar( 3327): isKeyguardShowing() called before startKeyguard(), returning true
04-28 13:02:58.488 W/art     ( 3056): Long monitor contention with owner main (3056) at void com.android.server.am.BroadcastQueue.processNextBroadcast(boolean)(BroadcastQueue.java:760) waiters=2 in android.app.IActivityManager$ContentProviderHolder com.android.server.am.ActivityManagerService.getContentProviderImpl(android.app.IApplicationThread, java.lang.String, android.os.IBinder, boolean, int) for 4.296s
04-28 13:02:58.499 E/ActivityThread( 3056): Failed to find provider info for com.android.calendar
04-28 13:02:58.503 E/ActivityThread( 3056): Failed to find provider info for com.android.calendar
04-28 13:02:58.525 W/StatusBar( 3327): isKeyguardSecure() called before startKeyguard(), returning false
04-28 13:02:58.525 W/StatusBar( 3327): java.lang.Throwable
04-28 13:02:58.525 W/StatusBar( 3327): 	at com.android.systemui.statusbar.BaseStatusBar.isKeyguardSecure(BaseStatusBar.java:2647)
04-28 13:02:58.525 W/StatusBar( 3327): 	at com.android.systemui.statusbar.BaseStatusBar.isCameraAllowedByAdmin(BaseStatusBar.java:2670)
04-28 13:02:58.525 W/StatusBar( 3327): 	at com.android.systemui.statusbar.phone.KeyguardBottomAreaView.updateCameraVisibility(KeyguardBottomAreaView.java:309)
04-28 13:02:58.525 W/StatusBar( 3327): 	at com.android.systemui.statusbar.phone.KeyguardBottomAreaView.setUserSetupComplete(KeyguardBottomAreaView.java:281)
04-28 13:02:58.525 W/StatusBar( 3327): 	at com.android.systemui.statusbar.phone.PhoneStatusBar.makeStatusBarView(PhoneStatusBar.java:905)
04-28 13:02:58.525 W/StatusBar( 3327): 	at com.android.systemui.statusbar.phone.PhoneStatusBar.addStatusBarWindow(PhoneStatusBar.java:3432)
04-28 13:02:58.525 W/StatusBar( 3327): 	at com.android.systemui.statusbar.phone.PhoneStatusBar.createAndAddWindows(PhoneStatusBar.java:3428)
04-28 13:02:58.525 W/StatusBar( 3327): 	at com.android.systemui.statusbar.BaseStatusBar.start(BaseStatusBar.java:765)
04-28 13:02:58.525 W/StatusBar( 3327): 	at com.android.systemui.statusbar.phone.PhoneStatusBar.start(PhoneStatusBar.java:686)
04-28 13:02:58.525 W/StatusBar( 3327): 	at com.android.systemui.statusbar.SystemBars.createStatusBarFromConfig(SystemBars.java:106)
04-28 13:02:58.525 W/StatusBar( 3327): 	at com.android.systemui.statusbar.SystemBars.onNoService(SystemBars.java:58)
04-28 13:02:58.525 W/StatusBar( 3327): 	at com.android.systemui.statusbar.ServiceMonitor.startService(ServiceMonitor.java:230)
04-28 13:02:58.525 W/StatusBar( 3327): 	at com.android.systemui.statusbar.ServiceMonitor.-wrap5(ServiceMonitor.java)
04-28 13:02:58.525 W/StatusBar( 3327): 	at com.android.systemui.statusbar.ServiceMonitor$1.handleMessage(ServiceMonitor.java:73)
04-28 13:02:58.525 W/StatusBar( 3327): 	at android.os.Handler.dispatchMessage(Handler.java:102)
04-28 13:02:58.525 W/StatusBar( 3327): 	at android.os.Looper.loop(Looper.java:154)
04-28 13:02:58.525 W/StatusBar( 3327): 	at android.app.ActivityThread.main(ActivityThread.java:6119)
04-28 13:02:58.525 W/StatusBar( 3327): 	at java.lang.reflect.Method.invoke(Native Method)
04-28 13:02:58.525 W/StatusBar( 3327): 	at com.android.internal.os.ZygoteInit$MethodAndArgsCaller.run(ZygoteInit.java:886)
04-28 13:02:58.525 W/StatusBar( 3327): 	at com.android.internal.os.ZygoteInit.main(ZygoteInit.java:776)
04-28 13:02:58.537 W/art     ( 3056): Long monitor contention with owner AsyncTask #3 (3595) at boolean android.os.MessageQueue.enqueueMessage(android.os.Message, long)(MessageQueue.java:541) waiters=0 in android.os.Message android.os.MessageQueue.next() for 263ms
04-28 13:02:58.935 V/EmulatedCamera_Camera( 1327): getCameraInfo
04-28 13:02:58.935 V/EmulatedCamera_BaseCamera( 1327): getCameraInfo
04-28 13:02:58.937 V/EmulatedCamera_Camera( 1327): getCameraInfo
04-28 13:02:58.937 V/EmulatedCamera_BaseCamera( 1327): getCameraInfo
04-28 13:03:00.264 I/StatusBar( 3327): isKeyguardShowing() called before startKeyguard(), returning true
04-28 13:03:00.266 W/StatusBar( 3327): isKeyguardSecure() called before startKeyguard(), returning false
04-28 13:03:00.266 W/StatusBar( 3327): java.lang.Throwable
04-28 13:03:00.266 W/StatusBar( 3327): 	at com.android.systemui.statusbar.BaseStatusBar.isKeyguardSecure(BaseStatusBar.java:2647)
04-28 13:03:00.266 W/StatusBar( 3327): 	at com.android.systemui.statusbar.BaseStatusBar.isCameraAllowedByAdmin(BaseStatusBar.java:2670)
04-28 13:03:00.266 W/StatusBar( 3327): 	at com.android.systemui.statusbar.phone.KeyguardBottomAreaView.updateCameraVisibility(KeyguardBottomAreaView.java:309)
04-28 13:03:00.266 W/StatusBar( 3327): 	at com.android.systemui.statusbar.phone.KeyguardBottomAreaView.setUserSetupComplete(KeyguardBottomAreaView.java:281)
04-28 13:03:00.266 W/StatusBar( 3327): 	at com.android.systemui.statusbar.phone.PhoneStatusBar$1.onChange(PhoneStatusBar.java:441)
04-28 13:03:00.266 W/StatusBar( 3327): 	at com.android.systemui.statusbar.phone.PhoneStatusBar.resetUserSetupObserver(PhoneStatusBar.java:3676)
04-28 13:03:00.266 W/StatusBar( 3327): 	at com.android.systemui.statusbar.phone.PhoneStatusBar.makeStatusBarView(PhoneStatusBar.java:1008)
04-28 13:03:00.266 W/StatusBar( 3327): 	at com.android.systemui.statusbar.phone.PhoneStatusBar.addStatusBarWindow(PhoneStatusBar.java:3432)
04-28 13:03:00.266 W/StatusBar( 3327): 	at com.android.systemui.statusbar.phone.PhoneStatusBar.createAndAddWindows(PhoneStatusBar.java:3428)
04-28 13:03:00.266 W/StatusBar( 3327): 	at com.android.systemui.statusbar.BaseStatusBar.start(BaseStatusBar.java:765)
04-28 13:03:00.266 W/StatusBar( 3327): 	at com.android.systemui.statusbar.phone.PhoneStatusBar.start(PhoneStatusBar.java:686)
04-28 13:03:00.266 W/StatusBar( 3327): 	at com.android.systemui.statusbar.SystemBars.createStatusBarFromConfig(SystemBars.java:106)
04-28 13:03:00.266 W/StatusBar( 3327): 	at com.android.systemui.statusbar.SystemBars.onNoService(SystemBars.java:58)
04-28 13:03:00.266 W/StatusBar( 3327): 	at com.android.systemui.statusbar.ServiceMonitor.startService(ServiceMonitor.java:230)
04-28 13:03:00.266 W/StatusBar( 3327): 	at com.android.systemui.statusbar.ServiceMonitor.-wrap5(ServiceMonitor.java)
04-28 13:03:00.266 W/StatusBar( 3327): 	at com.android.systemui.statusbar.ServiceMonitor$1.handleMessage(ServiceMonitor.java:73)
04-28 13:03:00.266 W/StatusBar( 3327): 	at android.os.Handler.dispatchMessage(Handler.java:102)
04-28 13:03:00.266 W/StatusBar( 3327): 	at android.os.Looper.loop(Looper.java:154)
04-28 13:03:00.266 W/StatusBar( 3327): 	at android.app.ActivityThread.main(ActivityThread.java:6119)
04-28 13:03:00.266 W/StatusBar( 3327): 	at java.lang.reflect.Method.invoke(Native Method)
04-28 13:03:00.266 W/StatusBar( 3327): 	at com.android.internal.os.ZygoteInit$MethodAndArgsCaller.run(ZygoteInit.java:886)
04-28 13:03:00.266 W/StatusBar( 3327): 	at com.android.internal.os.ZygoteInit.main(ZygoteInit.java:776)
04-28 13:03:00.303 E/SurfaceFlinger( 1321): ro.sf.lcd_density must be defined as a build property
04-28 13:03:00.313 D/OpenGLRenderer( 3327): profile bars disabled
04-28 13:03:00.315 D/OpenGLRenderer( 3327): ambientRatio = 1.50
04-28 13:03:00.404 D/PhoneStatusBar( 3327): disable: < EXPAND* icons alerts system_info BACK* HOME* RECENT* clock SEARCH* quick_settings >
04-28 13:03:00.952 W/System  ( 3670): ClassLoader referenced unknown path: /system/priv-app/CellBroadcastReceiver/lib/x86_64
04-28 13:03:01.524 D/PhoneStatusBar( 3327): heads up is enabled
04-28 13:03:02.554 W/art     ( 3056): Long monitor contention with owner Binder:3056_6 (3648) at int com.android.server.wm.WindowManagerService.relayoutWindow(com.android.server.wm.Session, android.view.IWindow, int, android.view.WindowManager$LayoutParams, int, int, int, int, android.graphics.Rect, android.graphics.Rect, android.graphics.Rect, android.graphics.Rect, android.graphics.Rect, android.graphics.Rect, android.graphics.Rect, android.content.res.Configuration, android.view.Surface)(WindowManagerService.java:2857) waiters=0 in void com.android.server.wm.WindowManagerService$H.handleMessage(android.os.Message) for 287ms
04-28 13:03:02.594 I/Choreographer( 3327): Skipped 642 frames!  The application may be doing too much work on its main thread.
04-28 13:03:03.108 I/SurfaceFlinger( 1321): Boot is finished (172577 ms)
04-28 13:03:03.230 D/ViewRootImpl[StatusBar]( 3327): changeCanvasOpacity: opaque=true
04-28 13:03:03.805 E/GnssLocationProvider( 3056): no AGPS interface in set_agps_server
04-28 13:03:03.843 I/GnssLocationProvider( 3056): WakeLock released by handleMessage(2, 1, null)
04-28 13:03:04.053 I/SystemServiceManager( 3056): Starting phase 1000
04-28 13:03:04.120 I/SyncManager( 3056): Got SyncJobService instance.
04-28 13:03:04.133 I/FusedLocation( 3056): engine started (com.android.location.fused)
04-28 13:03:04.151 W/ActivityManager( 3056): Slow operation: 92ms so far, now at startProcess: returned from zygote!
04-28 13:03:04.151 W/ActivityManager( 3056): Slow operation: 93ms so far, now at startProcess: done updating battery stats
04-28 13:03:04.152 W/ActivityManager( 3056): Slow operation: 93ms so far, now at startProcess: building log message
04-28 13:03:04.152 I/ActivityManager( 3056): Start proc 3727:android.ext.services/u0a12 for on-hold
04-28 13:03:04.152 W/ActivityManager( 3056): Slow operation: 93ms so far, now at startProcess: starting to update pids map
04-28 13:03:04.152 W/ActivityManager( 3056): Slow operation: 94ms so far, now at startProcess: done updating pids map
04-28 13:03:04.215 D/ActivityManager( 3056): Finishing user boot 0
04-28 13:03:04.224 D/CryptdConnector( 3056): SND -> {3 cryptfs prepare_user_storage ! 0 0 2}
04-28 13:03:04.248 W/art     ( 3727): Unexpected CPU variant for X86 using defaults: x86_64
04-28 13:03:04.312 D/vold    ( 1277): e4crypt_prepare_user_storage for volume null, user 0, serial 0, flags 2
04-28 13:03:04.313 D/vold    ( 1277): Preparing: /data/system_ce/0
04-28 13:03:04.314 D/vold    ( 1277): Preparing: /data/misc_ce/0
04-28 13:03:04.314 D/vold    ( 1277): Preparing: /data/media/0
04-28 13:03:04.314 D/vold    ( 1277): Preparing: /data/data
04-28 13:03:04.316 D/CryptdConnector( 3056): RCV <- {200 3 Command succeeded}
04-28 13:03:04.320 V/UserManagerService( 3056): Found /data/user/0 with serial number 0
04-28 13:03:04.320 V/UserManagerService( 3056): Found /data/system_ce/0 with serial number 0
04-28 13:03:04.322 V/PackageManager( 3056): reconcileAppsData for null u0 0x2
04-28 13:03:04.662 I/art     ( 3327): Background partial concurrent mark sweep GC freed 11364(1499KB) AllocSpace objects, 3(60KB) LOS objects, 23% free, 12MB/16MB, paused 55.069ms total 532.170ms
04-28 13:03:07.892 V/PackageManager( 3056): reconcileAppsData finished 82 packages
04-28 13:03:07.900 W/art     ( 3056): Long monitor contention with owner android.display (3116) at void com.android.server.am.ActivityManagerService.finishBooting()(ActivityManagerService.java:6823) waiters=0 in android.app.IActivityManager$ContentProviderHolder com.android.server.am.ActivityManagerService.getContentProviderImpl(android.app.IApplicationThread, java.lang.String, android.os.IBinder, boolean, int) for 3.840s
04-28 13:03:07.986 W/ActivityManager( 3056): Slow operation: 82ms so far, now at startProcess: returned from zygote!
04-28 13:03:07.986 W/ActivityManager( 3056): Slow operation: 82ms so far, now at startProcess: done updating battery stats
04-28 13:03:07.986 W/ActivityManager( 3056): Slow operation: 83ms so far, now at startProcess: building log message
04-28 13:03:07.986 I/ActivityManager( 3056): Start proc 3748:android.process.acore/u0a1 for content provider com.android.providers.contacts/.ContactsProvider2
04-28 13:03:07.986 W/ActivityManager( 3056): Slow operation: 83ms so far, now at startProcess: starting to update pids map
04-28 13:03:07.987 W/ActivityManager( 3056): Slow operation: 83ms so far, now at startProcess: done updating pids map
04-28 13:03:07.987 W/ActivityManager( 3056): Slow operation: 83ms so far, now at startProcess: done starting proc!
04-28 13:03:07.987 W/ActivityManager( 3056): Slow operation: 86ms so far, now at getContentProviderImpl: after start process
04-28 13:03:07.987 W/ActivityManager( 3056): Slow operation: 87ms so far, now at getContentProviderImpl: updating data structures
04-28 13:03:07.988 W/ActivityManager( 3056): Slow operation: 87ms so far, now at getContentProviderImpl: done!
04-28 13:03:07.989 W/art     ( 3056): Long monitor contention with owner android.display (3116) at void com.android.server.am.ActivityManagerService.finishBooting()(ActivityManagerService.java:6823) waiters=1 in void com.android.server.am.ActivityManagerService$3.handleMessage(android.os.Message) for 3.854s
04-28 13:03:08.009 W/art     ( 3748): Unexpected CPU variant for X86 using defaults: x86_64
04-28 13:03:08.090 W/art     ( 3056): Long monitor contention with owner android.display (3116) at void com.android.server.am.ActivityManagerService.finishBooting()(ActivityManagerService.java:6823) waiters=2 in android.content.pm.UserInfo com.android.server.am.UserController.getCurrentUser() for 3.953s
04-28 13:03:08.091 W/art     ( 3056): Long monitor contention with owner android.display (3116) at void com.android.server.am.ActivityManagerService.finishBooting()(ActivityManagerService.java:6823) waiters=3 in java.lang.String com.android.server.am.ActivityManagerService.checkContentProviderAccess(java.lang.String, int) for 3.914s
04-28 13:03:08.092 W/art     ( 3056): Long monitor contention with owner android.display (3116) at void com.android.server.am.ActivityManagerService.finishBooting()(ActivityManagerService.java:6823) waiters=4 in void com.android.server.am.BroadcastQueue.processNextBroadcast(boolean) for 3.872s
04-28 13:03:08.094 D/MountService( 3056): onUnlockUser 0
04-28 13:03:08.094 D/VoldConnector( 3056): SND -> {7 volume user_started 0}
04-28 13:03:08.098 W/art     ( 3056): Long monitor contention with owner android.display (3116) at void com.android.server.am.ActivityManagerService.finishBooting()(ActivityManagerService.java:6823) waiters=5 in void com.android.server.am.ActivityManagerService.attachApplication(android.app.IApplicationThread) for 3.677s
04-28 13:03:08.098 W/art     ( 3056): Long monitor contention with owner android.display (3116) at void com.android.server.am.ActivityManagerService.finishBooting()(ActivityManagerService.java:6823) waiters=6 in int com.android.server.am.ActivityManagerService.getAppStartMode(int, java.lang.String) for 3.142s
04-28 13:03:08.118 D/vold    ( 1277): Linking /storage/emulated/0 to /mnt/user/0/primary
04-28 13:03:08.145 D/VoldConnector( 3056): RCV <- {200 7 Command succeeded}
04-28 13:03:08.149 D/MountService( 3056): Volume public:253,48 broadcasting mounted to UserHandle{0}
04-28 13:03:08.189 W/art     ( 3056): Long monitor contention with owner android.display (3116) at void com.android.server.am.ActivityManagerService.finishBooting()(ActivityManagerService.java:6823) waiters=7 in void com.android.server.am.ActivityManagerService.publishContentProviders(android.app.IApplicationThread, java.util.List) for 2.922s
04-28 13:03:08.201 W/art     ( 3056): Long monitor contention with owner Binder:3056_5 (3439) at android.app.IActivityManager$ContentProviderHolder com.android.server.am.ActivityManagerService.getContentProviderImpl(android.app.IApplicationThread, java.lang.String, android.os.IBinder, boolean, int)(ActivityManagerService.java:10666) waiters=7 in void com.android.server.am.ActivityManagerService.dispatchUidsChanged() for 296ms
04-28 13:03:08.292 D/MountService( 3056): Volume emulated broadcasting mounted to UserHandle{0}
04-28 13:03:08.697 W/System  ( 3727): ClassLoader referenced unknown path: /system/priv-app/ExtServices/lib/x86_64
04-28 13:03:08.842 W/System  ( 3748): ClassLoader referenced unknown path: /system/priv-app/ContactsProvider/lib/x86_64
04-28 13:03:09.444 V/BackupManagerService( 3056): No ancestral data
04-28 13:03:09.598 V/BackupManagerService( 3056): Starting with transport android/com.android.internal.backup.LocalTransport
04-28 13:03:09.610 V/BackupManagerService( 3056): Found transports: 1
04-28 13:03:09.611 W/BackupManagerService( 3056): Proposed transport ComponentInfo{android/com.android.internal.backup.LocalTransportService} not whitelisted; ignoring
04-28 13:03:09.693 I/BackupManagerService( 3056): Backup enabled => false
04-28 13:03:11.472 W/VoiceInteractionManagerService( 3056): no available voice interaction services found for user 0
04-28 13:03:11.472 W/VoiceInteractionManagerService( 3056): no available voice recognition services found for user 0
04-28 13:03:11.515 I/ActivityManager( 3056): Loading recents for user 0 into memory.
04-28 13:03:11.572 D/ActivityManager( 3056): Sending BOOT_COMPLETE user #0
04-28 13:03:11.574 I/ContactsPerf( 3748): VoicemailContentProvider.onCreate start
04-28 13:03:11.671 I/ContactsPerf( 3748): VoicemailContentProvider.onCreate finish
04-28 13:03:12.146 W/System  ( 3748): ClassLoader referenced unknown path: /system/priv-app/BlockedNumberProvider/lib/x86_64
04-28 13:03:12.155 D/ApplicationLoaders( 3748): ignored Vulkan layer search path /system/priv-app/BlockedNumberProvider/lib/x86_64:/system/lib64:/vendor/lib64 for namespace 0x7db080e4a0f0
04-28 13:03:12.216 W/BroadcastQueue( 3056): Timeout of broadcast BroadcastRecord{1fc5ce1 u-1 android.intent.action.TIME_TICK} - receiver=android.os.BinderProxy@a1265aa, started 12113ms ago
04-28 13:03:12.216 W/BroadcastQueue( 3056): Receiver during timeout: BroadcastFilter{240d38 u0 ReceiverList{4b459b 3327 com.android.systemui/10021/u0 remote:a1265aa}}
04-28 13:03:12.400 W/RichInputConnection( 3321): Slow InputConnection: GET_TEXT_BEFORE_CURSOR took 867 ms.
04-28 13:03:12.557 W/art     ( 3056): Long monitor contention with owner Binder:3056_7 (3745) at int com.android.server.wm.WindowManagerService.relayoutWindow(com.android.server.wm.Session, android.view.IWindow, int, android.view.WindowManager$LayoutParams, int, int, int, int, android.graphics.Rect, android.graphics.Rect, android.graphics.Rect, android.graphics.Rect, android.graphics.Rect, android.graphics.Rect, android.graphics.Rect, android.content.res.Configuration, android.view.Surface)(WindowManagerService.java:2857) waiters=0 in void com.android.server.wm.WindowManagerService$H.handleMessage(android.os.Message) for 359ms
04-28 13:03:12.705 D/CarrierSvcBindHelper( 3554): Received android.intent.action.USER_UNLOCKED
04-28 13:03:12.720 E/PhoneInterfaceManager( 3554): [PhoneIntfMgr] getCarrierPackageNamesForIntent: No UICC
04-28 13:03:12.720 D/CarrierSvcBindHelper( 3554): No carrier app for: 0
04-28 13:03:12.743 W/System  ( 3748): ClassLoader referenced unknown path: /system/app/UserDictionaryProvider/lib/x86_64
04-28 13:03:12.746 D/ApplicationLoaders( 3748): ignored Vulkan layer search path /system/app/UserDictionaryProvider/lib/x86_64:/system/lib64:/vendor/lib64 for namespace 0x7db080e4a160
04-28 13:03:11.925 W/ifconfig( 3765): type=1400 audit(0.0:10): avc: denied { ioctl } for path="socket:[14655]" dev="sockfs" ino=14655 ioctlcmd=8927 scontext=u:r:shell:s0 tcontext=u:r:shell:s0 tclass=udp_socket permissive=0
04-28 13:03:11.945 W/ifconfig( 3765): type=1400 audit(0.0:11): avc: denied { ioctl } for path="socket:[14655]" dev="sockfs" ino=14655 ioctlcmd=891d scontext=u:r:shell:s0 tcontext=u:r:shell:s0 tclass=udp_socket permissive=0
04-28 13:03:11.945 W/ifconfig( 3765): type=1400 audit(0.0:12): avc: denied { ioctl } for path="socket:[14655]" dev="sockfs" ino=14655 ioctlcmd=8970 scontext=u:r:shell:s0 tcontext=u:r:shell:s0 tclass=udp_socket permissive=0
04-28 13:03:13.213 D/FallbackHome( 3571): User unlocked and real home found; let's go!
04-28 13:03:13.487 V/KeyValueBackupJob( 3056): Scheduling k/v pass in 247 minutes
04-28 13:03:13.536 I/Choreographer( 3571): Skipped 60 frames!  The application may be doing too much work on its main thread.
04-28 13:03:13.636 W/art     ( 3056): Long monitor contention with owner Binder:3056_3 (3092) at boolean com.android.server.am.ActivityManagerService.finishActivity(android.os.IBinder, int, android.content.Intent, int)(ActivityManagerService.java:4839) waiters=2 in void com.android.server.am.ActivityManagerService.publishService(android.os.IBinder, android.content.Intent, android.os.IBinder) for 184ms
04-28 13:03:13.686 W/art     ( 3056): Long monitor contention with owner Binder:3056_3 (3092) at boolean com.android.server.am.ActivityManagerService.finishActivity(android.os.IBinder, int, android.content.Intent, int)(ActivityManagerService.java:4839) waiters=1 in void com.android.server.am.ActivityManagerService.serviceDoneExecuting(android.os.IBinder, int, int, int) for 244ms
04-28 13:03:13.775 I/Process ( 3056): Sending signal. PID: 3327 SIG: 3
04-28 13:03:13.780 I/art     ( 3327): Thread[3,tid=3341,WaitingInMainSignalCatcherLoop,Thread*=0x7db07c696400,peer=0x12c005e0,"Signal Catcher"]: reacting to signal 3
04-28 13:03:13.780 I/art     ( 3327): 
04-28 13:03:13.789 V/KeyguardServiceDelegate( 3056): *** Keyguard connected (yay!)
04-28 13:03:13.853 D/WifiService( 3056): New client listening to asynchronous messages
04-28 13:03:14.337 W/art     ( 3056): Long monitor contention with owner Binder:3056_3 (3092) at int com.android.server.wm.WindowManagerService.relayoutWindow(com.android.server.wm.Session, android.view.IWindow, int, android.view.WindowManager$LayoutParams, int, int, int, int, android.graphics.Rect, android.graphics.Rect, android.graphics.Rect, android.graphics.Rect, android.graphics.Rect, android.graphics.Rect, android.graphics.Rect, android.content.res.Configuration, android.view.Surface)(WindowManagerService.java:2857) waiters=1 in void com.android.server.wm.WindowManagerService$H.handleMessage(android.os.Message) for 484ms
04-28 13:03:14.340 W/art     ( 3056): Long monitor contention with owner Binder:3056_3 (3092) at int com.android.server.wm.WindowManagerService.relayoutWindow(com.android.server.wm.Session, android.view.IWindow, int, android.view.WindowManager$LayoutParams, int, int, int, int, android.graphics.Rect, android.graphics.Rect, android.graphics.Rect, android.graphics.Rect, android.graphics.Rect, android.graphics.Rect, android.graphics.Rect, android.content.res.Configuration, android.view.Surface)(WindowManagerService.java:2857) waiters=0 in void com.android.server.wm.WindowManagerService.getInitialDisplaySize(int, android.graphics.Point) for 671ms
04-28 13:03:14.401 I/AccountManagerService( 3056): User 0 is unlocked - opening CE database
04-28 13:03:14.455 W/ActivityManager( 3056): Slow operation: 136ms so far, now at startProcess: returned from zygote!
04-28 13:03:14.456 W/ActivityManager( 3056): Slow operation: 137ms so far, now at startProcess: done updating battery stats
04-28 13:03:14.456 W/ActivityManager( 3056): Slow operation: 138ms so far, now at startProcess: building log message
04-28 13:03:14.457 I/ActivityManager( 3056): Start proc 3803:com.android.keychain/1000 for service com.android.keychain/.KeyChainService
04-28 13:03:14.457 W/ActivityManager( 3056): Slow operation: 138ms so far, now at startProcess: starting to update pids map
04-28 13:03:14.457 W/ActivityManager( 3056): Slow operation: 138ms so far, now at startProcess: done updating pids map
04-28 13:03:14.457 W/ActivityManager( 3056): Slow operation: 140ms so far, now at startProcess: done starting proc!
04-28 13:03:14.475 I/ActivityManager( 3056): START u0 {act=android.intent.action.MAIN cat=[android.intent.category.HOME] flg=0x10000100 cmp=com.android.launcher3/.Launcher} from uid 0 on display 0
04-28 13:03:14.590 W/InputConnectionWrapper.ICC( 3321): Timed out waiting on IInputContextCallback
04-28 13:03:14.732 W/art     ( 3803): Unexpected CPU variant for X86 using defaults: x86_64
04-28 13:03:14.840 W/art     ( 3056): Long monitor contention with owner android.display (3116) at void com.android.server.wm.WindowAnimator$1.doFrame(long)(WindowAnimator.java:144) waiters=0 in void com.android.server.wm.WindowManagerService.moveTaskToTop(int) for 130ms
04-28 13:03:14.936 E/ActivityManager( 3056): ANR in com.android.systemui
04-28 13:03:14.936 E/ActivityManager( 3056): PID: 3327
04-28 13:03:14.936 E/ActivityManager( 3056): Reason: Broadcast of Intent { act=android.intent.action.TIME_TICK flg=0x50000014 (has extras) }
04-28 13:03:14.936 E/ActivityManager( 3056): Load: 0.0 / 0.0 / 0.0
04-28 13:03:14.936 E/ActivityManager( 3056): CPU usage from 20820ms to 0ms ago (2021-04-28 13:02:51.504 to 2021-04-28 13:03:12.324):
04-28 13:03:14.936 E/ActivityManager( 3056):   97% 1321/surfaceflinger: 24% user + 73% kernel / faults: 1893 minor
04-28 13:03:14.936 E/ActivityManager( 3056):   33% 3056/system_server: 6.1% user + 27% kernel / faults: 7642 minor 20 major
04-28 13:03:14.936 E/ActivityManager( 3056):   13% 3571/com.android.settings: 2.2% user + 11% kernel / faults: 3 minor
04-28 13:03:14.936 E/ActivityManager( 3056):   9.9% 3327/com.android.systemui: 0.9% user + 9% kernel / faults: 3443 minor 6 major
04-28 13:03:14.936 E/ActivityManager( 3056):   0.9% 1331/installd: 0% user + 0.9% kernel / faults: 1 minor
04-28 13:03:14.936 E/ActivityManager( 3056):   1.9% 2618/adbd: 0% user + 1.9% kernel / faults: 1035 minor
04-28 13:03:14.936 E/ActivityManager( 3056):   1.1% 1336/mediaserver: 0% user + 1% kernel / faults: 133 minor
04-28 13:03:14.936 E/ActivityManager( 3056):   0.9% 8/rcu_preempt: 0% user + 0.9% kernel
04-28 13:03:14.936 E/ActivityManager( 3056):   0.9% 3554/com.android.phone: 0% user + 0.8% kernel / faults: 132 minor 1 major
04-28 13:03:14.936 E/ActivityManager( 3056):   0.6% 1326/audioserver: 0% user + 0.6% kernel / faults: 4 minor
04-28 13:03:14.936 E/ActivityManager( 3056):   0.6% 1335/media.extractor: 0% user + 0.6% kernel / faults: 26 minor
04-28 13:03:14.936 E/ActivityManager( 3056):   0.5% 1324/zygote64: 0% user + 0.5% kernel / faults: 480 minor
04-28 13:03:14.936 E/ActivityManager( 3056):   0.5% 1327/cameraserver: 0% user + 0.5% kernel / faults: 90 minor
04-28 13:03:14.936 E/ActivityManager( 3056):   0.4% 1320/servicemanager: 0% user + 0.4% kernel
04-28 13:03:14.936 E/ActivityManager( 3056):   0.4% 1267/logd: 0% user + 0.4% kernel / faults: 21 minor
04-28 13:03:14.936 E/ActivityManager( 3056):   0.3% 1492/logcat: 0% user + 0.3% kernel / faults: 3 minor
04-28 13:03:14.936 E/ActivityManager( 3056):   0.1% 1//init: 0% user + 0.1% kernel / faults: 2 minor
04-28 13:03:14.936 E/ActivityManager( 3056):   0.1% 1265/jbd2/vdc-8: 0% user + 0.1% kernel
04-28 13:03:14.936 E/ActivityManager( 3056):   0.1% 3/ksoftirqd/0: 0% user + 0.1% kernel
04-28 13:03:14.936 E/ActivityManager( 3056):   0.1% 1255/kworker/0:1H: 0% user + 0.1% kernel
04-28 13:03:14.936 E/ActivityManager( 3056):   0% 1316/healthd: 0% user + 0% kernel
04-28 13:03:14.936 E/ActivityManager( 3056):   0% 17/kworker/u4:1: 0% user + 0% kernel
04-28 13:03:14.936 E/ActivityManager( 3056):   0% 1277/vold: 0% user + 0% kernel / faults: 12 minor
04-28 13:03:14.936 E/ActivityManager( 3056):   0% 3321/com.android.inputmethod.latin: 0% user + 0% kernel / faults: 14 minor
04-28 13:03:14.936 E/ActivityManager( 3056):   0% 12/ksoftirqd/1: 0% user + 0% kernel
04-28 13:03:14.936 E/ActivityManager( 3056):   0% 809/kworker/0:2: 0% user + 0% kernel
04-28 13:03:14.936 E/ActivityManager( 3056):   0% 1332/keystore: 0% user + 0% kernel
04-28 13:03:14.936 E/ActivityManager( 3056):   0% 1343/fingerprintd: 0% user + 0% kernel
04-28 13:03:14.936 E/ActivityManager( 3056):   0% 3391/sdcard: 0% user + 0% kernel / faults: 19 minor
04-28 13:03:14.936 E/ActivityManager( 3056):  +0% 3670/com.android.cellbroadcastreceiver: 0% user + 0% kernel
04-28 13:03:14.936 E/ActivityManager( 3056):  +0% 3727/android.ext.services: 0% user + 0% kernel
04-28 13:03:14.936 E/ActivityManager( 3056):  +0% 3748/android.process.acore: 0% user + 0% kernel
04-28 13:03:14.936 E/ActivityManager( 3056):  +0% 3775/sh: 0% user + 0% kernel
04-28 13:03:14.936 E/ActivityManager( 3056): 99% TOTAL: 20% user + 78% kernel + 0% iowait + 0.7% softirq
04-28 13:03:14.936 E/ActivityManager( 3056): CPU usage from 194054ms to 194054ms ago (1970-01-01 00:00:00.000 to 1970-01-01 00:00:00.000) with 0% awake:
04-28 13:03:14.936 E/ActivityManager( 3056): 0% TOTAL: 0% user + 0% kernel
04-28 13:03:15.498 I/art     ( 3327): Wrote stack traces to '/data/anr/traces.txt'
04-28 13:03:15.710 I/InputAttributes( 3321): InputType.TYPE_NULL is specified
04-28 13:03:15.758 W/art     ( 3834): Unexpected CPU variant for X86 using defaults: x86_64
04-28 13:03:15.800 W/ActivityManager( 3056): Slow operation: 160ms so far, now at startProcess: returned from zygote!
04-28 13:03:15.801 W/ActivityManager( 3056): Slow operation: 160ms so far, now at startProcess: done updating battery stats
04-28 13:03:15.801 W/ActivityManager( 3056): Slow operation: 160ms so far, now at startProcess: building log message
04-28 13:03:15.801 I/ActivityManager( 3056): Start proc 3834:com.android.launcher3/u0a42 for activity com.android.launcher3/.Launcher
04-28 13:03:15.801 W/ActivityManager( 3056): Slow operation: 161ms so far, now at startProcess: starting to update pids map
04-28 13:03:15.801 W/ActivityManager( 3056): Slow operation: 161ms so far, now at startProcess: done updating pids map
04-28 13:03:15.801 W/ActivityManager( 3056): Slow operation: 167ms so far, now at startProcess: done starting proc!
04-28 13:03:15.898 W/art     ( 3056): Long monitor contention with owner Binder:3056_8 (3795) at void com.android.server.am.ActivityManagerService.activityPaused(android.os.IBinder)(ActivityManagerService.java:6916) waiters=0 in android.content.Intent com.android.server.am.ActivityManagerService.registerReceiver(android.app.IApplicationThread, java.lang.String, android.content.IIntentReceiver, android.content.IntentFilter, java.lang.String, int) for 1.268s
04-28 13:03:15.899 I/Choreographer( 3571): Skipped 140 frames!  The application may be doing too much work on its main thread.
04-28 13:03:15.946 W/art     ( 3056): Long monitor contention with owner Binder:3056_8 (3795) at void com.android.server.am.ActivityManagerService.activityPaused(android.os.IBinder)(ActivityManagerService.java:6916) waiters=1 in com.android.server.am.ProcessRecord com.android.server.am.ActivityManagerService.findAppProcess(android.os.IBinder, java.lang.String) for 1.123s
04-28 13:03:15.947 W/art     ( 3056): Long monitor contention with owner Binder:3056_8 (3795) at void com.android.server.am.ActivityManagerService.activityPaused(android.os.IBinder)(ActivityManagerService.java:6916) waiters=2 in void com.android.server.am.ActivityManagerService.appendDropBoxProcessHeaders(com.android.server.am.ProcessRecord, java.lang.String, java.lang.StringBuilder) for 1.009s
04-28 13:03:15.948 W/art     ( 3056): Long monitor contention with owner Binder:3056_8 (3795) at void com.android.server.am.ActivityManagerService.activityPaused(android.os.IBinder)(ActivityManagerService.java:6916) waiters=3 in void com.android.server.am.ActivityManagerService.attachApplication(android.app.IApplicationThread) for 714ms
04-28 13:03:16.004 W/art     ( 3056): Long monitor contention with owner Binder:3056_8 (3795) at void com.android.server.am.ActivityManagerService.activityPaused(android.os.IBinder)(ActivityManagerService.java:6916) waiters=4 in void com.android.server.am.ActivityManagerService.finishReceiver(android.os.IBinder, int, java.lang.String, android.os.Bundle, boolean, int) for 648ms
04-28 13:03:16.005 W/art     ( 3056): Long monitor contention with owner Binder:3056_8 (3795) at void com.android.server.am.ActivityManagerService.activityPaused(android.os.IBinder)(ActivityManagerService.java:6916) waiters=6 in void com.android.server.am.ActivityManagerService.dispatchUidsChanged() for 369ms
04-28 13:03:16.038 W/art     ( 3056): Long monitor contention with owner Binder:3056_8 (3795) at void com.android.server.am.ActivityManagerService.activityPaused(android.os.IBinder)(ActivityManagerService.java:6916) waiters=5 in android.content.pm.UserInfo com.android.server.am.UserController.getCurrentUser() for 561ms
04-28 13:03:16.073 W/art     ( 3056): Long monitor contention with owner Binder:3056_8 (3795) at int com.android.server.am.ActivityManagerService.broadcastIntent(android.app.IApplicationThread, android.content.Intent, java.lang.String, android.content.IIntentReceiver, int, java.lang.String, android.os.Bundle, java.lang.String[], int, android.os.Bundle, boolean, boolean, int)(ActivityManagerService.java:18551) waiters=7 in void com.android.server.am.ActivityManagerService.attachApplication(android.app.IApplicationThread) for 150ms
04-28 13:03:16.147 W/art     ( 3056): Long monitor contention with owner Binder:3056_8 (3795) at int com.android.server.am.ActivityManagerService.broadcastIntent(android.app.IApplicationThread, android.content.Intent, java.lang.String, android.content.IIntentReceiver, int, java.lang.String, android.os.Bundle, java.lang.String[], int, android.os.Bundle, boolean, boolean, int)(ActivityManagerService.java:18551) waiters=6 in android.content.Intent com.android.server.am.ActivityManagerService.registerReceiver(android.app.IApplicationThread, java.lang.String, android.content.IIntentReceiver, android.content.IntentFilter, java.lang.String, int) for 141ms
04-28 13:03:16.255 W/System  ( 3803): ClassLoader referenced unknown path: /system/app/KeyChain/lib/x86_64
