04-28 13:02:14.715 I/OMXClient( 1336): MuxOMX ctor
04-28 13:02:14.716 I/OMXMaster( 1333): makeComponentInstance(OMX.google.g711.mlaw.decoder) in mediacodec process
04-28 13:02:15.383 V/vold    ( 1277): /dev/block/vold/public:253,48: LABEL="SDCARD" UUID="1EFF-1C1B" TYPE="vfat" 
04-28 13:02:15.383 V/vold    ( 1277): 
04-28 13:02:15.418 V/vold    ( 1277): /system/bin/fsck_msdos
04-28 13:02:15.418 V/vold    ( 1277):     -p
04-28 13:02:15.418 V/vold    ( 1277):     -f
04-28 13:02:15.418 V/vold    ( 1277):     /dev/block/vold/public:253,48
04-28 13:02:15.419 D/VoldConnector( 3056): RCV <- {652 public:253,48 vfat}
04-28 13:02:15.425 D/VoldConnector( 3056): RCV <- {653 public:253,48 1EFF-1C1B}
04-28 13:02:15.427 D/VoldConnector( 3056): RCV <- {654 public:253,48 SDCARD}
04-28 13:02:15.678 I/MediaPlayerService( 1336): MediaPlayerService::getOMX
04-28 13:02:15.703 I/OMXClient( 1336): MuxOMX ctor
04-28 13:02:15.704 I/OMXMaster( 1333): makeComponentInstance(OMX.google.vorbis.decoder) in mediacodec process
04-28 13:02:16.010 E/NetdConnector( 3056): NDC Command {3 bandwidth enable} took too long (5153ms)
04-28 13:02:16.085 I/fsck_msdos( 1277): ** /dev/block/vold/public:253,48
04-28 13:02:16.096 I/fsck_msdos( 1277): ** Phase 1 - Read and Compare FATs
04-28 13:02:16.097 I/fsck_msdos( 1277): Attempting to allocate 1046 KB for FAT
04-28 13:02:16.394 I/MediaPlayerService( 1336): MediaPlayerService::getOMX
04-28 13:02:16.395 I/OMXClient( 1336): MuxOMX ctor
04-28 13:02:16.396 I/OMXMaster( 1333): makeComponentInstance(OMX.google.opus.decoder) in mediacodec process
04-28 13:02:16.543 I/fsck_msdos( 1277): Attempting to allocate 1046 KB for FAT
04-28 13:02:17.052 I/fsck_msdos( 1277): ** Phase 2 - Check Cluster Chains
04-28 13:02:17.080 I/fsck_msdos( 1277): ** Phase 3 - Checking Directories
04-28 13:02:17.082 I/fsck_msdos( 1277): ** Phase 4 - Checking for Lost Files
04-28 13:02:17.085 I/fsck_msdos( 1277): 2 files, 534464 free (267232 clusters)
04-28 13:02:17.107 W/InputAttributes( 3321): No editor info for this field. Bug?
04-28 13:02:17.201 I/Vold    ( 1277): Filesystem check completed OK
04-28 13:02:17.202 D/VoldConnector( 3056): RCV <- {656 public:253,48 /mnt/media_rw/1EFF-1C1B}
04-28 13:02:17.204 D/VoldConnector( 3056): RCV <- {655 public:253,48 /storage/1EFF-1C1B}
04-28 13:02:17.599 I/MediaPlayerService( 1336): MediaPlayerService::getOMX
04-28 13:02:17.625 V/vold    ( 1277): Waiting for FUSE to spin up...
04-28 13:02:17.680 V/vold    ( 1277): Waiting for FUSE to spin up...
04-28 13:02:17.691 I/OMXClient( 1336): MuxOMX ctor
04-28 13:02:17.692 I/OMXMaster( 1333): makeComponentInstance(OMX.google.raw.decoder) in mediacodec process
04-28 13:02:17.731 V/vold    ( 1277): Waiting for FUSE to spin up...
04-28 13:02:17.774 I/MediaPlayerService( 1336): MediaPlayerService::getOMX
04-28 13:02:17.776 I/OMXClient( 1336): MuxOMX ctor
04-28 13:02:17.776 I/OMXMaster( 1333): makeComponentInstance(OMX.google.aac.encoder) in mediacodec process
04-28 13:02:17.784 V/vold    ( 1277): Waiting for FUSE to spin up...
04-28 13:02:17.860 V/vold    ( 1277): Waiting for FUSE to spin up...
04-28 13:02:17.912 V/vold    ( 1277): Waiting for FUSE to spin up...
04-28 13:02:17.988 I/MediaPlayerService( 1336): MediaPlayerService::getOMX
04-28 13:02:18.003 I/OMXClient( 1336): MuxOMX ctor
04-28 13:02:18.004 I/OMXMaster( 1333): makeComponentInstance(OMX.google.amrnb.encoder) in mediacodec process
04-28 13:02:18.012 V/vold    ( 1277): Waiting for FUSE to spin up...
04-28 13:02:18.070 V/vold    ( 1277): Waiting for FUSE to spin up...
04-28 13:02:18.074 I/MediaPlayerService( 1336): MediaPlayerService::getOMX
04-28 13:02:18.075 I/OMXClient( 1336): MuxOMX ctor
04-28 13:02:18.076 I/OMXMaster( 1333): makeComponentInstance(OMX.google.amrwb.encoder) in mediacodec process
04-28 13:02:18.079 I/LatinIME:LogUtils( 3321): Dictionary info: dictionary = userunigram.en_US ; version = 1619614938 ; date = ?
04-28 13:02:18.105 E/ActivityThread( 3321): Failed to find provider info for user_dictionary
04-28 13:02:18.108 I/LatinIME:LogUtils( 3321): Dictionary info: dictionary = UserHistoryDictionary.en_US ; version = 1619614938 ; date = ?
04-28 13:02:18.112 I/vol.Events( 3327): writeEvent collection_started
04-28 13:02:18.130 V/vold    ( 1277): Waiting for FUSE to spin up...
04-28 13:02:18.139 I/MediaPlayerService( 1336): MediaPlayerService::getOMX
04-28 13:02:18.182 V/vold    ( 1277): Waiting for FUSE to spin up...
04-28 13:02:18.209 I/vol.Events( 3327): writeEvent external_ringer_mode_changed normal
04-28 13:02:18.221 I/OMXClient( 1336): MuxOMX ctor
04-28 13:02:18.222 I/OMXMaster( 1333): makeComponentInstance(OMX.google.flac.encoder) in mediacodec process
04-28 13:02:18.223 I/vol.Events( 3327): writeEvent internal_ringer_mode_changed normal
04-28 13:02:18.260 V/vold    ( 1277): Waiting for FUSE to spin up...
04-28 13:02:18.322 V/vold    ( 1277): Waiting for FUSE to spin up...
04-28 13:02:18.380 V/vold    ( 1277): Waiting for FUSE to spin up...
04-28 13:02:18.454 V/vold    ( 1277): Waiting for FUSE to spin up...
04-28 13:02:18.510 V/vold    ( 1277): Waiting for FUSE to spin up...
04-28 13:02:18.570 V/vold    ( 1277): Waiting for FUSE to spin up...
04-28 13:02:18.614 W/sdcard  ( 3451): Device explicitly disabled sdcardfs
04-28 13:02:18.621 V/vold    ( 1277): Waiting for FUSE to spin up...
04-28 13:02:18.734 V/vold    ( 1277): Waiting for FUSE to spin up...
04-28 13:02:18.790 V/vold    ( 1277): Waiting for FUSE to spin up...
04-28 13:02:18.850 V/vold    ( 1277): Waiting for FUSE to spin up...
04-28 13:02:18.905 V/vold    ( 1277): Waiting for FUSE to spin up...
04-28 13:02:18.956 V/vold    ( 1277): Waiting for FUSE to spin up...
04-28 13:02:19.013 E/NetdConnector( 3056): NDC Command {4 strict enable} took too long (2980ms)
04-28 13:02:19.014 V/vold    ( 1277): Waiting for FUSE to spin up...
04-28 13:02:19.016 W/NetworkManagement( 3056): setDataSaverMode(): already false
04-28 13:02:19.070 V/vold    ( 1277): Waiting for FUSE to spin up...
04-28 13:02:19.150 V/vold    ( 1277): Waiting for FUSE to spin up...
04-28 13:02:19.247 D/VoldConnector( 3056): RCV <- {651 public:253,48 2}
04-28 13:02:19.260 D/VoldConnector( 3056): RCV <- {200 6 Command succeeded}
04-28 13:02:19.261 E/VoldConnector( 3056): NDC Command {6 volume mount public:253,48 2 0} took too long (5763ms)
04-28 13:02:19.667 I/MediaPlayerService( 1336): MediaPlayerService::getOMX
04-28 13:02:19.694 I/OMXClient( 1336): MuxOMX ctor
04-28 13:02:19.726 I/OMXMaster( 1333): makeComponentInstance(OMX.google.gsm.decoder) in mediacodec process
04-28 13:02:20.321 I/MediaPlayerService( 1336): MediaPlayerService::getOMX
04-28 13:02:20.323 I/OMXClient( 1336): MuxOMX ctor
04-28 13:02:20.324 I/OMXMaster( 1333): makeComponentInstance(OMX.google.mpeg4.decoder) in mediacodec process
04-28 13:02:21.273 E/OMXNodeInstance( 1333): getExtensionIndex(535000f:google.mpeg4.decoder, OMX.google.android.index.configureVideoTunnelMode) ERROR: UnsupportedIndex(0x8000101a)
04-28 13:02:21.274 W/OMXNodeInstance( 1333): [535000f:google.mpeg4.decoder] component does not support metadata mode; using fallback
04-28 13:02:21.320 I/MediaPlayerService( 1336): MediaPlayerService::getOMX
04-28 13:02:21.322 I/OMXClient( 1336): MuxOMX ctor
04-28 13:02:21.322 I/OMXMaster( 1333): makeComponentInstance(OMX.google.h263.decoder) in mediacodec process
04-28 13:02:21.643 E/NetdConnector( 3056): NDC Command {7 bandwidth setglobalalert 2097152} took too long (2100ms)
04-28 13:02:21.772 D/NetworkPolicy( 3056): setRestrictBackgroundUL(): false
04-28 13:02:21.776 W/NetworkManagement( 3056): setDataSaverMode(): already false
04-28 13:02:21.959 E/OMXNodeInstance( 1333): getExtensionIndex(5350010:google.h263.decoder, OMX.google.android.index.configureVideoTunnelMode) ERROR: UnsupportedIndex(0x8000101a)
04-28 13:02:21.959 W/OMXNodeInstance( 1333): [5350010:google.h263.decoder] component does not support metadata mode; using fallback
04-28 13:02:22.033 I/MediaPlayerService( 1336): MediaPlayerService::getOMX
04-28 13:02:22.035 I/OMXClient( 1336): MuxOMX ctor
04-28 13:02:22.035 I/OMXMaster( 1333): makeComponentInstance(OMX.google.h264.decoder) in mediacodec process
04-28 13:02:22.627 W/art     ( 3056): Long monitor contention with owner NetworkPolicy (3280) at boolean android.os.BinderProxy.transactNative(int, android.os.Parcel, android.os.Parcel, int)(Binder.java:-2) waiters=0 in void com.android.server.NetworkManagementService.setFirewallChainEnabled(int, boolean) for 696ms
04-28 13:02:22.778 W/ACodec  ( 1336): [OMX.google.h264.decoder] stopping checking profiles after 32: 2/8000
04-28 13:02:22.792 E/OMXNodeInstance( 1333): getExtensionIndex(5350011:google.h264.decoder, OMX.google.android.index.configureVideoTunnelMode) ERROR: UnsupportedIndex(0x8000101a)
04-28 13:02:22.792 W/OMXNodeInstance( 1333): [5350011:google.h264.decoder] component does not support metadata mode; using fallback
04-28 13:02:22.865 I/MediaPlayerService( 1336): MediaPlayerService::getOMX
04-28 13:02:22.866 I/OMXClient( 1336): MuxOMX ctor
04-28 13:02:22.867 I/OMXMaster( 1333): makeComponentInstance(OMX.google.hevc.decoder) in mediacodec process
04-28 13:02:23.018 I/vol.Events( 3327): writeEvent level_changed STREAM_ALARM 6
04-28 13:02:23.064 I/vol.Events( 3327): writeEvent level_changed STREAM_BLUETOOTH_SCO 7
04-28 13:02:23.163 I/vol.Events( 3327): writeEvent level_changed STREAM_MUSIC 11
04-28 13:02:23.275 I/vol.Events( 3327): writeEvent level_changed STREAM_RING 5
04-28 13:02:23.321 I/vol.Events( 3327): writeEvent level_changed STREAM_SYSTEM 5
04-28 13:02:23.395 I/vol.Events( 3327): writeEvent level_changed STREAM_VOICE_CALL 4
04-28 13:02:23.864 E/OMXNodeInstance( 1333): getExtensionIndex(5350012:google.hevc.decoder, OMX.google.android.index.configureVideoTunnelMode) ERROR: UnsupportedIndex(0x8000101a)
04-28 13:02:23.865 W/OMXNodeInstance( 1333): [5350012:google.hevc.decoder] component does not support metadata mode; using fallback
04-28 13:02:23.953 I/MediaPlayerService( 1336): MediaPlayerService::getOMX
04-28 13:02:23.954 I/OMXClient( 1336): MuxOMX ctor
04-28 13:02:23.955 I/OMXMaster( 1333): makeComponentInstance(OMX.google.vp8.decoder) in mediacodec process
04-28 13:02:24.248 D/StorageNotification( 3327): Notifying about private volume: VolumeInfo{private}:
04-28 13:02:24.248 D/StorageNotification( 3327):     type=PRIVATE diskId=null partGuid=null mountFlags=0 mountUserId=-1 
04-28 13:02:24.248 D/StorageNotification( 3327):     state=MOUNTED 
04-28 13:02:24.248 D/StorageNotification( 3327):     fsType=null fsUuid=null fsLabel=null 
04-28 13:02:24.248 D/StorageNotification( 3327):     path=/data internalPath=null 
04-28 13:02:24.311 D/StorageNotification( 3327): Notifying about public volume: VolumeInfo{public:253,48}:
04-28 13:02:24.311 D/StorageNotification( 3327):     type=PUBLIC diskId=disk:253,48 partGuid=null mountFlags=VISIBLE 
04-28 13:02:24.311 D/StorageNotification( 3327):     mountUserId=0 state=MOUNTED 
04-28 13:02:24.311 D/StorageNotification( 3327):     fsType=vfat fsUuid=1EFF-1C1B fsLabel=SDCARD 
04-28 13:02:24.311 D/StorageNotification( 3327):     path=/storage/1EFF-1C1B internalPath=/mnt/media_rw/1EFF-1C1B 
04-28 13:02:24.391 W/AudioService( 3056): onLoadSoundEffects(), Error 1 while loading samples
04-28 13:02:24.950 E/OMXNodeInstance( 1333): getExtensionIndex(5350013:google.vp8.decoder, OMX.google.android.index.configureVideoTunnelMode) ERROR: UnsupportedIndex(0x8000101a)
04-28 13:02:24.951 W/OMXNodeInstance( 1333): [5350013:google.vp8.decoder] component does not support metadata mode; using fallback
04-28 13:02:24.978 I/MediaPlayerService( 1336): MediaPlayerService::getOMX
04-28 13:02:24.979 I/OMXClient( 1336): MuxOMX ctor
04-28 13:02:24.991 I/OMXMaster( 1333): makeComponentInstance(OMX.google.vp9.decoder) in mediacodec process
04-28 13:02:25.014 E/NetdConnector( 3056): NDC Command {8 firewall enable_chain standby} took too long (2386ms)
04-28 13:02:25.287 I/SystemServiceManager( 3056): Starting phase 600
04-28 13:02:25.576 E/OMXNodeInstance( 1333): getExtensionIndex(5350014:google.vp9.decoder, OMX.google.android.index.configureVideoTunnelMode) ERROR: UnsupportedIndex(0x8000101a)
04-28 13:02:25.577 W/OMXNodeInstance( 1333): [5350014:google.vp9.decoder] component does not support metadata mode; using fallback
04-28 13:02:25.703 I/MediaPlayerService( 1336): MediaPlayerService::getOMX
04-28 13:02:25.705 I/OMXClient( 1336): MuxOMX ctor
04-28 13:02:25.706 I/OMXMaster( 1333): makeComponentInstance(OMX.google.h263.encoder) in mediacodec process
04-28 13:02:25.939 I/SoftMPEG4Encoder( 1333): Construct SoftMPEG4Encoder
04-28 13:02:26.008 W/ACodec  ( 1336): do not know color format 0x7f000789 = 2130708361
04-28 13:02:26.050 E/OMXNodeInstance( 1333): getConfig(5350015:google.h263.encoder, ConfigAndroidIntraRefresh(0x6f60000a)) ERROR: Undefined(0x80001001)
04-28 13:02:26.093 I/MediaPlayerService( 1336): MediaPlayerService::getOMX
04-28 13:02:26.095 I/OMXClient( 1336): MuxOMX ctor
04-28 13:02:26.095 I/OMXMaster( 1333): makeComponentInstance(OMX.google.h264.encoder) in mediacodec process
04-28 13:02:26.330 W/art     ( 3056): Long monitor contention with owner AsyncTask #2 (3443) at java.util.ArrayList com.android.server.AppOpsService.collectOps(com.android.server.AppOpsService$Ops, int[])(AppOpsService.java:380) waiters=0 in void com.android.server.AppOpsService.finishOperation(android.os.IBinder, int, int, java.lang.String) for 1.078s
04-28 13:02:26.332 W/art     ( 3056): Suspending all threads took: 1.008s
04-28 13:02:26.389 W/art     ( 3056): Long monitor contention with owner NetworkStats (3279) at void com.android.server.power.PowerManagerService.releaseWakeLockInternal(android.os.IBinder, int)(PowerManagerService.java:937) waiters=1 in void com.android.server.power.PowerManagerService.onBootPhase(int) for 1.101s
04-28 13:02:26.400 W/art     ( 3056): Long monitor contention with owner NetworkStats (3279) at void com.android.server.power.PowerManagerService.releaseWakeLockInternal(android.os.IBinder, int)(PowerManagerService.java:937) waiters=2 in void com.android.server.power.PowerManagerService.monitor() for 1.095s
04-28 13:02:26.431 W/art     ( 3056): Long monitor contention with owner NetworkStats (3279) at void com.android.server.power.PowerManagerService.releaseWakeLockInternal(android.os.IBinder, int)(PowerManagerService.java:937) waiters=0 in void com.android.server.power.PowerManagerService.userActivityInternal(long, int, int, int) for 1.229s
04-28 13:02:26.457 W/art     ( 3321): Long monitor contention with owner AsyncTask #1 (3452) at boolean android.os.MessageQueue.enqueueMessage(android.os.Message, long)(MessageQueue.java:541) waiters=0 in android.os.Message android.os.MessageQueue.next() for 1.271s
04-28 13:02:26.483 W/ACodec  ( 1336): do not know color format 0x7f000789 = 2130708361
04-28 13:02:26.553 I/MediaPlayerService( 1336): MediaPlayerService::getOMX
04-28 13:02:26.554 I/OMXClient( 1336): MuxOMX ctor
04-28 13:02:26.555 I/OMXMaster( 1333): makeComponentInstance(OMX.google.mpeg4.encoder) in mediacodec process
04-28 13:02:26.572 I/Choreographer( 3327): Skipped 156 frames!  The application may be doing too much work on its main thread.
04-28 13:02:26.640 I/art     ( 3056): Background sticky concurrent mark sweep GC freed 45310(2MB) AllocSpace objects, 17(408KB) LOS objects, 19% free, 13MB/16MB, paused 1.014s total 2.001s
04-28 13:02:26.722 D/SensorNotificationService( 3056): Cannot obtain dynamic meta sensor, not supported.
04-28 13:02:26.920 W/ActivityManager( 3056): Timeout executing service: ServiceRecord{fdda75c u0 com.android.server.telecom/.components.TelecomService}
04-28 13:02:26.985 I/SoftMPEG4Encoder( 1333): Construct SoftMPEG4Encoder
04-28 13:02:27.014 W/ACodec  ( 1336): do not know color format 0x7f000789 = 2130708361
04-28 13:02:27.015 E/OMXNodeInstance( 1333): getConfig(5350017:google.mpeg4.encoder, ConfigAndroidIntraRefresh(0x6f60000a)) ERROR: Undefined(0x80001001)
04-28 13:02:27.124 I/MediaPlayerService( 1336): MediaPlayerService::getOMX
04-28 13:02:27.125 I/OMXClient( 1336): MuxOMX ctor
04-28 13:02:27.126 I/OMXMaster( 1333): makeComponentInstance(OMX.google.vp8.encoder) in mediacodec process
04-28 13:02:27.721 W/ACodec  ( 1336): do not know color format 0x7f000789 = 2130708361
04-28 13:02:27.722 E/OMXNodeInstance( 1333): getConfig(5350018:google.vp8.encoder, ConfigAndroidIntraRefresh(0x6f60000a)) ERROR: Undefined(0x80001001)
04-28 13:02:27.759 I/MediaPlayerService( 1336): MediaPlayerService::getOMX
04-28 13:02:27.762 I/OMXClient( 1336): MuxOMX ctor
04-28 13:02:27.790 I/MediaPlayerService( 1336): MediaPlayerService::getOMX
04-28 13:02:27.791 I/OMXClient( 1336): MuxOMX ctor
04-28 13:02:27.792 W/MediaCodecList( 1336): unable to open media codecs configuration xml file: /data/misc/media/media_codecs_profiling_results.xml
04-28 13:02:27.840 I/MediaPlayerService( 1336): MediaPlayerService::getOMX
04-28 13:02:27.843 I/OMXClient( 3327): MuxOMX ctor
04-28 13:02:27.852 I/OMXMaster( 1333): makeComponentInstance(OMX.google.vorbis.decoder) in mediacodec process
04-28 13:02:29.101 W/art     ( 3056): Long monitor contention with owner Binder:3056_5 (3439) at int com.android.server.wm.WindowManagerService.relayoutWindow(com.android.server.wm.Session, android.view.IWindow, int, android.view.WindowManager$LayoutParams, int, int, int, int, android.graphics.Rect, android.graphics.Rect, android.graphics.Rect, android.graphics.Rect, android.graphics.Rect, android.graphics.Rect, android.graphics.Rect, android.content.res.Configuration, android.view.Surface)(WindowManagerService.java:2857) waiters=0 in void com.android.server.wm.WindowManagerService$H.handleMessage(android.os.Message) for 222ms
04-28 13:02:29.107 I/MediaPlayerService( 1336): MediaPlayerService::getOMX
04-28 13:02:29.112 I/OMXClient( 3056): MuxOMX ctor
04-28 13:02:29.117 I/OMXMaster( 1333): makeComponentInstance(OMX.google.vorbis.decoder) in mediacodec process
04-28 13:02:29.715 I/MediaPlayerService( 1336): MediaPlayerService::getOMX
04-28 13:02:29.717 I/OMXClient( 3327): MuxOMX ctor
04-28 13:02:29.732 I/OMXMaster( 1333): makeComponentInstance(OMX.google.vorbis.decoder) in mediacodec process
04-28 13:02:30.392 I/Process ( 3056): Sending signal. PID: 3056 SIG: 3
04-28 13:02:30.393 I/art     ( 3056): Thread[2,tid=3062,WaitingInMainSignalCatcherLoop,Thread*=0x7db075e0e000,peer=0x12c010d0,"Signal Catcher"]: reacting to signal 3
04-28 13:02:30.394 I/art     ( 3056): 
04-28 13:02:30.409 I/LatinIME:LogUtils( 3321): Dictionary info: dictionary = main:en ; version = 54 ; date = 1414726273
04-28 13:02:30.432 W/art     ( 3056): Long monitor contention with owner ActivityManager (3100) at void com.android.server.am.ActiveServices.serviceTimeout(com.android.server.am.ProcessRecord)(ActiveServices.java:2825) waiters=0 in android.content.IIntentSender com.android.server.am.ActivityManagerService.getIntentSender(int, java.lang.String, android.os.IBinder, java.lang.String, int, android.content.Intent[], java.lang.String[], int, android.os.Bundle, int) for 2.261s
04-28 13:02:30.502 I/StatusBarManagerService( 3056): registerStatusBar bar=com.android.internal.statusbar.IStatusBar$Stub$Proxy@4b84e8a
04-28 13:02:30.610 I/MediaPlayerService( 1336): MediaPlayerService::getOMX
04-28 13:02:30.612 I/OMXClient( 3327): MuxOMX ctor
04-28 13:02:30.616 I/OMXMaster( 1333): makeComponentInstance(OMX.google.vorbis.decoder) in mediacodec process
04-28 13:02:30.903 I/GnssLocationProvider( 3056): WakeLock acquired by sendMessage(13, 0, null)
04-28 13:02:30.945 W/LocationManagerService( 3056): no network location provider found
04-28 13:02:30.978 E/LocationManagerService( 3056): no geocoder provider found
04-28 13:02:31.027 E/FlpHardwareProvider( 3056): Error hw_get_module 'flp': -2
04-28 13:02:31.027 D/LocationManagerService( 3056): FLP HAL not supported
04-28 13:02:31.128 D/LocationManagerService( 3056): Unable to bind FLP Geofence proxy.
04-28 13:02:31.129 E/ActivityRecognitionHardware( 3056): Error hw_get_module: -2
04-28 13:02:31.130 D/LocationManagerService( 3056): Hardware Activity-Recognition not supported.
04-28 13:02:31.173 E/ActivityRecognitionProxy( 3056): ServiceWatcher could not start.
04-28 13:02:31.173 D/LocationManagerService( 3056): Unable to bind ActivityRecognitionProxy.
04-28 13:02:31.252 I/GnssLocationProvider( 3056): WakeLock acquired by sendMessage(2, 1, null)
04-28 13:02:32.228 W/GnssLocationProvider( 3056): Could not open GPS configuration file /etc/gps.conf
04-28 13:02:32.229 E/GnssLocationProvider( 3056): no AGPS interface in set_agps_server
04-28 13:02:32.587 I/GnssLocationProvider( 3056): WakeLock released by handleMessage(13, 0, null)
04-28 13:02:32.784 I/Process ( 3056): Sending signal. PID: 3327 SIG: 3
04-28 13:02:32.791 I/art     ( 3327): Thread[3,tid=3341,WaitingInMainSignalCatcherLoop,Thread*=0x7db07c696400,peer=0x12c005e0,"Signal Catcher"]: reacting to signal 3
04-28 13:02:32.791 I/art     ( 3327): 
04-28 13:02:32.841 W/art     ( 3056): Long monitor contention with owner main (3056) at void java.lang.Thread.nativeCreate(java.lang.Thread, long, boolean)(Thread.java:-2) waiters=0 in void android.os.HandlerThread.run() for 1.496s
04-28 13:02:32.871 I/CommonTimeManagementService( 3056): No common time service detected on this platform.  Common time services will be unavailable.
04-28 13:02:32.943 I/InputReader( 3056): Reconfiguring input devices.  changes=0x00000020
04-28 13:02:32.979 I/MmsServiceBroker( 3056): Delay connecting to MmsService until an API is called
04-28 13:02:33.035 I/InputReader( 3056): Reconfiguring input devices.  changes=0x00000010
04-28 13:02:33.056 W/VoiceInteractionManagerService( 3056): no available voice interaction services found for user 0
04-28 13:02:33.056 W/VoiceInteractionManagerService( 3056): no available voice recognition services found for user 0
04-28 13:02:33.412 W/ActivityManager( 3056): Slow operation: 327ms so far, now at startProcess: returned from zygote!
04-28 13:02:33.413 W/ActivityManager( 3056): Slow operation: 327ms so far, now at startProcess: done updating battery stats
04-28 13:02:33.414 W/ActivityManager( 3056): Slow operation: 329ms so far, now at startProcess: building log message
04-28 13:02:33.414 I/ActivityManager( 3056): Start proc 3554:com.android.phone/1001 for added application com.android.phone
04-28 13:02:33.414 W/ActivityManager( 3056): Slow operation: 329ms so far, now at startProcess: starting to update pids map
04-28 13:02:33.414 W/ActivityManager( 3056): Slow operation: 329ms so far, now at startProcess: done updating pids map
04-28 13:02:33.481 I/ActivityManager( 3056): START u0 {act=android.intent.action.MAIN cat=[android.intent.category.HOME] flg=0x10000100 cmp=com.android.settings/.FallbackHome} from uid 0 on display 0
04-28 13:02:33.529 W/art     ( 3554): Unexpected CPU variant for X86 using defaults: x86_64
04-28 13:02:33.541 W/System  ( 3056): ClassLoader referenced unknown path: 
04-28 13:02:33.542 W/System  ( 3056): ClassLoader referenced unknown path: /system/priv-app/Settings/lib/x86_64
04-28 13:02:33.709 D/ApplicationLoaders( 3056): ignored Vulkan layer search path /system/priv-app/Settings/lib/x86_64:/system/priv-app/Settings/Settings.apk!/lib/x86_64:/system/lib64:/vendor/lib64 for namespace 0x7db080fbd160
04-28 13:02:33.824 I/ActivityManager( 3056): Loaded persisted task ids for user 0
04-28 13:02:34.050 W/ActivityManager( 3056): Slow operation: 58ms so far, now at startProcess: returned from zygote!
04-28 13:02:34.050 W/ActivityManager( 3056): Slow operation: 58ms so far, now at startProcess: done updating battery stats
04-28 13:02:34.051 W/ActivityManager( 3056): Slow operation: 59ms so far, now at startProcess: building log message
04-28 13:02:34.051 I/ActivityManager( 3056): Start proc 3571:com.android.settings/1000 for activity com.android.settings/.FallbackHome
04-28 13:02:34.051 W/ActivityManager( 3056): Slow operation: 59ms so far, now at startProcess: starting to update pids map
04-28 13:02:34.051 W/ActivityManager( 3056): Slow operation: 59ms so far, now at startProcess: done updating pids map
04-28 13:02:34.051 W/ActivityManager( 3056): Slow operation: 60ms so far, now at startProcess: done starting proc!
04-28 13:02:34.097 W/art     ( 3571): Unexpected CPU variant for X86 using defaults: x86_64
04-28 13:02:34.240 W/art     ( 3056): Long monitor contention with owner main (3056) at void com.android.server.am.ActivityManagerService.systemReady(java.lang.Runnable)(ActivityManagerService.java:13368) waiters=0 in void com.android.server.am.ActivityManagerService.dispatchUidsChanged() for 1.158s
04-28 13:02:34.244 W/art     ( 3056): Long monitor contention with owner main (3056) at void com.android.server.am.ActivityManagerService.systemReady(java.lang.Runnable)(ActivityManagerService.java:13368) waiters=1 in void com.android.server.am.ActivityManagerService.attachApplication(android.app.IApplicationThread) for 357ms
04-28 13:02:34.251 I/SystemServer( 3056): Enabled StrictMode for system server main thread.
04-28 13:02:34.521 W/art     ( 3056): Long monitor contention with owner Binder:3056_2 (3090) at void com.android.server.am.ActivityManagerService.attachApplication(android.app.IApplicationThread)(ActivityManagerService.java:6669) waiters=1 in void com.android.server.am.ActivityManagerService.dispatchUidsChanged() for 240ms
04-28 13:02:34.591 W/art     ( 3056): Long monitor contention with owner Binder:3056_2 (3090) at void com.android.server.am.ActivityManagerService.attachApplication(android.app.IApplicationThread)(ActivityManagerService.java:6669) waiters=2 in void com.android.server.am.ActivityManagerService.attachApplication(android.app.IApplicationThread) for 173ms
04-28 13:02:34.651 D/PermissionCache( 1321): checking android.permission.READ_FRAME_BUFFER for uid=1000 => granted (12856 us)
04-28 13:02:34.658 D/gralloc ( 1321): Registering a buffer in the process that created it. This may cause memory ordering problems.
04-28 13:02:34.659 E/libEGL  ( 1321): called unimplemented OpenGL ES API
04-28 13:02:34.664 E/SurfaceFlinger( 1321): glCheckFramebufferStatusOES error -1720199496
04-28 13:02:34.664 E/SurfaceFlinger( 1321): got GL_FRAMEBUFFER_COMPLETE_OES error while taking screenshot
04-28 13:02:34.799 W/System  ( 3554): ClassLoader referenced unknown path: /system/priv-app/TeleService/lib/x86_64
04-28 13:02:34.908 W/art     ( 3056): Long monitor contention with owner Binder:3056_4 (3355) at void com.android.server.am.ActivityManagerService.attachApplication(android.app.IApplicationThread)(ActivityManagerService.java:6669) waiters=1 in java.lang.String com.android.server.am.ActivityManagerService.getTagForIntentSender(android.content.IIntentSender, java.lang.String) for 281ms
04-28 13:02:34.913 W/art     ( 3056): Long monitor contention with owner Binder:3056_4 (3355) at void com.android.server.am.ActivityManagerService.attachApplication(android.app.IApplicationThread)(ActivityManagerService.java:6669) waiters=2 in void com.android.server.am.ActivityManagerService.dispatchUidsChanged() for 241ms
04-28 13:02:34.915 D/ConditionProviders.SCP( 3056): onConnected
04-28 13:02:34.918 D/ZenLog  ( 3056): set_zen_mode: off,readXml
04-28 13:02:34.966 W/System  ( 3571): ClassLoader referenced unknown path: /system/priv-app/Settings/lib/x86_64
04-28 13:02:35.039 D/ConditionProviders( 3056): Subscribing to condition://android/schedule?days=1.2.3.4.5&start=22.0&end=7.0&exitAtAlarm=false with ComponentInfo{android/com.android.server.notification.ScheduleConditionProvider}
04-28 13:02:35.044 D/ZenLog  ( 3056): subscribe: condition://android/schedule?days=1.2.3.4.5&start=22.0&end=7.0&exitAtAlarm=false,ok
04-28 13:02:35.045 D/ConditionProviders( 3056): Subscribing to condition://android/schedule?days=6.7&start=23.30&end=10.0&exitAtAlarm=false with ComponentInfo{android/com.android.server.notification.ScheduleConditionProvider}
04-28 13:02:35.046 D/ZenLog  ( 3056): subscribe: condition://android/schedule?days=6.7&start=23.30&end=10.0&exitAtAlarm=false,ok
04-28 13:02:35.046 D/ConditionProviders( 3056): Subscribing to condition://android/event?userId=-10000&calendar=&reply=1 with ComponentInfo{android/com.android.server.notification.EventConditionProvider}
04-28 13:02:35.047 D/ZenLog  ( 3056): subscribe: condition://android/event?userId=-10000&calendar=&reply=1,ok
04-28 13:02:35.138 I/art     ( 3056): Wrote stack traces to '/data/anr/traces.txt'
04-28 13:02:35.262 W/System  ( 3554): ClassLoader referenced unknown path: /system/priv-app/TelephonyProvider/lib/x86_64
04-28 13:02:35.329 I/WifiScanningService( 3056): wifi driver unloaded
04-28 13:02:35.344 D/RttService( 3056): SCAN_AVAILABLE : 1
04-28 13:02:35.346 D/RttService( 3056): DefaultState got{ when=0 what=160513 target=com.android.internal.util.StateMachine$SmHandler }
04-28 13:02:35.347 D/ZenLog  ( 3056): set_zen_mode: off,cleanUpZenRules
04-28 13:02:35.354 D/ApplicationLoaders( 3554): ignored Vulkan layer search path /system/priv-app/TelephonyProvider/lib/x86_64:/system/lib64:/vendor/lib64 for namespace 0x7db080fad0f0
04-28 13:02:35.486 W/        ( 1276): debuggerd: handling request: pid=1321 uid=1000 gid=1003 tid=1321
04-28 13:02:35.593 W/System  ( 3056): ClassLoader referenced unknown path: /system/priv-app/Telecom/lib/x86_64
04-28 13:02:35.597 D/ApplicationLoaders( 3056): ignored Vulkan layer search path /system/priv-app/Telecom/lib/x86_64:/system/priv-app/Telecom/Telecom.apk!/lib/x86_64:/system/lib64:/vendor/lib64 for namespace 0x7db080fbd1d0
04-28 13:02:36.276 D/TelephonyProvider( 3554): dbh.onOpen: ok, queried table=siminfo
04-28 13:02:36.278 D/TelephonyProvider( 3554): dbh.onOpen: ok, queried table=carriers
04-28 13:02:36.322 W/        ( 1276): debuggerd: resuming target 1321
04-28 13:02:36.356 W/        ( 1276): debuggerd: handling request: pid=1326 uid=1041 gid=1005 tid=1326
04-28 13:02:36.434 I/art     ( 3327): Wrote stack traces to '/data/anr/traces.txt'
04-28 13:02:36.446 W/        ( 1275): debuggerd: handling request: pid=1326 uid=1041 gid=1005 tid=1326
04-28 13:02:37.196 W/        ( 1275): debuggerd: resuming target 1326
04-28 13:02:37.232 W/        ( 1276): debuggerd: handling request: pid=1327 uid=1047 gid=1005 tid=1327
04-28 13:02:37.261 W/        ( 1275): debuggerd: handling request: pid=1327 uid=1047 gid=1005 tid=1327
04-28 13:02:37.529 W/art     ( 3056): Long monitor contention with owner Binder:3056_2 (3090) at int com.android.server.wm.WindowManagerService.addWindow(com.android.server.wm.Session, android.view.IWindow, int, android.view.WindowManager$LayoutParams, int, int, android.graphics.Rect, android.graphics.Rect, android.graphics.Rect, android.view.InputChannel)(WindowManagerService.java:1887) waiters=0 in void com.android.server.wm.WindowManagerService$H.handleMessage(android.os.Message) for 839ms
04-28 13:02:37.546 I/Choreographer( 3571): Skipped 74 frames!  The application may be doing too much work on its main thread.
04-28 13:02:37.627 W/        ( 1275): debuggerd: resuming target 1327
04-28 13:02:37.640 W/        ( 1276): debuggerd: handling request: pid=1328 uid=1019 gid=1019 tid=1328
04-28 13:02:37.642 W/        ( 1275): debuggerd: handling request: pid=1328 uid=1019 gid=1019 tid=1328
04-28 13:02:37.970 W/art     ( 3056): Long monitor contention with owner Binder:3056_2 (3090) at int com.android.server.wm.WindowManagerService.relayoutWindow(com.android.server.wm.Session, android.view.IWindow, int, android.view.WindowManager$LayoutParams, int, int, int, int, android.graphics.Rect, android.graphics.Rect, android.graphics.Rect, android.graphics.Rect, android.graphics.Rect, android.graphics.Rect, android.graphics.Rect, android.content.res.Configuration, android.view.Surface)(WindowManagerService.java:2857) waiters=0 in void com.android.server.wm.WindowManagerService$H.handleMessage(android.os.Message) for 317ms
04-28 13:02:37.980 W/WindowManager( 3056): App freeze timeout expired.
04-28 13:02:37.981 W/WindowManager( 3056): Force clearing freeze: AppWindowToken{336c49b token=Token{b707795 ActivityRecord{e499b4c u0 com.android.settings/.FallbackHome t1}}}
04-28 13:02:38.309 E/BluetoothAdapter( 3056): Bluetooth binder is null
04-28 13:02:38.323 W/        ( 1275): debuggerd: resuming target 1328
04-28 13:02:38.341 W/        ( 1276): debuggerd: handling request: pid=1333 uid=1046 gid=1006 tid=1333
04-28 13:02:38.343 W/        ( 1275): debuggerd: handling request: pid=1333 uid=1046 gid=1006 tid=1333
04-28 13:02:38.467 D/gralloc_ranchu( 3571): Emulator without host-side GPU emulation detected. Loading gralloc.default.so from /vendor/lib64/hw/gralloc.goldfish.default.so...
04-28 13:02:38.483 D/gralloc_ranchu( 3571): gralloc.default.so not found in /vendor. Trying /system/lib64/hw/gralloc.goldfish.default.so...
04-28 13:02:38.600 I/Telecom ( 3056): SystemStateProvider: Registering car mode receiver: android.content.IntentFilter@adc2ff3: TS.init@AAA
04-28 13:02:38.796 I/WindowManager( 3056): Screen frozen for +4s193ms due to Window{be4d8ff u0 KeyguardScrim}
04-28 13:02:38.801 I/Choreographer( 3571): Skipped 36 frames!  The application may be doing too much work on its main thread.
04-28 13:02:38.954 I/Telecom ( 3056): Telecom: Non-call EVENT: AUDIO_ROUTE, Entering state QuiescentEarpieceRoute
04-28 13:02:39.144 I/ActivityManager( 3056): Displayed com.android.settings/.FallbackHome: +5s152ms
04-28 13:02:39.518 I/Telecom ( 3056): CallAudioModeStateMachine: Message received: null.: TS.init->CAMSM.pM_1@AAA_0
04-28 13:02:39.542 I/Choreographer( 3571): Skipped 30 frames!  The application may be doing too much work on its main thread.
04-28 13:02:39.592 W/        ( 1275): debuggerd: resuming target 1333
04-28 13:02:39.595 W/        ( 1276): debuggerd: handling request: pid=1334 uid=1013 gid=1031 tid=1334
04-28 13:02:39.597 W/        ( 1275): debuggerd: handling request: pid=1334 uid=1013 gid=1031 tid=1334
04-28 13:02:39.808 E/ActivityThread( 3056): Failed to find provider info for call_log
04-28 13:02:39.829 E/BluetoothAdapter( 3056): Bluetooth binder is null
04-28 13:02:40.088 I/Telecom ( 3056): Class: TelecomSystem.INSTANCE being set
04-28 13:02:40.089 E/BluetoothAdapter( 3056): Bluetooth binder is null
04-28 13:02:40.441 W/ContextImpl( 3056): Calling a method in the system process without a qualified user: android.app.ContextImpl.startService:1357 com.android.server.content.SyncManager$13.run:658 android.os.Handler.handleCallback:751 android.os.Handler.dispatchMessage:95 android.os.Looper.loop:154 
04-28 13:02:41.000 W/        ( 1275): debuggerd: resuming target 1334
04-28 13:02:41.003 W/        ( 1276): debuggerd: handling request: pid=1335 uid=1040 gid=1026 tid=1335
04-28 13:02:41.005 W/        ( 1275): debuggerd: handling request: pid=1335 uid=1040 gid=1026 tid=1335
04-28 13:02:41.139 I/art     ( 3056): Starting a blocking GC Explicit
04-28 13:02:41.714 W/System  ( 3056): ClassLoader referenced unknown path: /system/priv-app/FusedLocation/lib/x86_64
04-28 13:02:41.718 D/ApplicationLoaders( 3056): ignored Vulkan layer search path /system/priv-app/FusedLocation/lib/x86_64:/system/priv-app/FusedLocation/FusedLocation.apk!/lib/x86_64:/system/lib64:/vendor/lib64 for namespace 0x7db080fbd240
04-28 13:02:41.911 W/art     ( 3056): Verification of void com.android.location.fused.FusedLocationProvider.<init>(android.content.Context) took 101.981ms
04-28 13:02:42.037 V/WiredAccessoryManager( 3056): notifyWiredAccessoryChanged: when=0 bits= mask=54
04-28 13:02:42.038 V/WiredAccessoryManager( 3056): newName=h2w newState=0 headsetState=0 prev headsetState=0
04-28 13:02:42.038 E/WiredAccessoryManager( 3056): No state change.
04-28 13:02:42.038 V/WiredAccessoryManager( 3056): init()
04-28 13:02:42.090 W/        ( 1275): debuggerd: resuming target 1335
04-28 13:02:42.161 D/ConditionProviders.SCP( 3056): onSubscribe condition://android/schedule?days=1.2.3.4.5&start=22.0&end=7.0&exitAtAlarm=false
04-28 13:02:42.163 D/ConditionProviders.SCP( 3056): setRegistered true
04-28 13:02:42.166 D/ConditionProviders.SCP( 3056): notifyCondition condition://android/schedule?days=1.2.3.4.5&start=22.0&end=7.0&exitAtAlarm=false STATE_FALSE reason=!meetsSchedule
04-28 13:02:42.239 W/        ( 1276): debuggerd: handling request: pid=1336 uid=1013 gid=1005 tid=1336
04-28 13:02:42.382 D/ConditionProviders.SCP( 3056): Scheduling evaluate for Wed Apr 28 22:00:00 UTC 2021 (1619647200000), in +8h57m17s836ms, now=Wed Apr 28 13:02:42 UTC 2021 (1619614962164)
04-28 13:02:42.383 D/ConditionProviders.SCP( 3056): onSubscribe condition://android/schedule?days=6.7&start=23.30&end=10.0&exitAtAlarm=false
04-28 13:02:42.385 D/ConditionProviders.SCP( 3056): notifyCondition condition://android/schedule?days=6.7&start=23.30&end=10.0&exitAtAlarm=false STATE_FALSE reason=!meetsSchedule
04-28 13:02:42.386 D/ConditionProviders.SCP( 3056): notifyCondition condition://android/schedule?days=1.2.3.4.5&start=22.0&end=7.0&exitAtAlarm=false STATE_FALSE reason=!meetsSchedule
04-28 13:02:42.388 D/ConditionProviders.SCP( 3056): Scheduling evaluate for Wed Apr 28 22:00:00 UTC 2021 (1619647200000), in +8h57m17s616ms, now=Wed Apr 28 13:02:42 UTC 2021 (1619614962384)
04-28 13:02:42.439 W/        ( 1275): debuggerd: handling request: pid=1336 uid=1013 gid=1005 tid=1336
04-28 13:02:42.486 I/Telecom ( 3056): WiredHeadsetManager: ACTION_HEADSET_PLUG event, plugged in: false, : WHC.oADA@AAE
04-28 13:02:42.598 I/ActivityManager( 3056): user 0 is still locked. Cannot load recents
04-28 13:02:43.252 W/        ( 1275): debuggerd: resuming target 1336
04-28 13:02:43.264 W/        ( 1276): debuggerd: handling request: pid=3391 uid=1023 gid=1023 tid=3391
04-28 13:02:43.440 W/        ( 1276): debuggerd: resuming target 3391
04-28 13:02:43.443 W/        ( 1276): debuggerd: handling request: pid=3451 uid=1023 gid=1023 tid=3451
04-28 13:02:43.531 W/        ( 1276): debuggerd: resuming target 3451
04-28 13:02:43.692 I/Choreographer( 3571): Skipped 30 frames!  The application may be doing too much work on its main thread.
04-28 13:02:44.071 W/art     ( 3056): Long monitor contention with owner ConditionProviders.ECP (3301) at java.lang.String com.android.server.am.ActivityManagerService.checkContentProviderAccess(java.lang.String, int)(ActivityManagerService.java:10435) waiters=0 in java.lang.String com.android.server.am.ActivityManagerService.checkContentProviderAccess(java.lang.String, int) for 423ms
04-28 13:02:44.525 I/art     ( 3327): Background sticky concurrent mark sweep GC freed 18441(2MB) AllocSpace objects, 2(40KB) LOS objects, 30% free, 6MB/10MB, paused 44.521ms total 852.763ms
04-28 13:02:45.391 W/art     ( 3056): Suspending all threads took: 82.693ms
04-28 13:02:45.540 I/art     ( 3056): Explicit concurrent mark sweep GC freed 24765(1871KB) AllocSpace objects, 11(4MB) LOS objects, 30% free, 9MB/13MB, paused 87.946ms total 4.360s
04-28 13:02:45.572 W/SystemConfig( 3554): No directory /system/etc/sysconfig, skipping
04-28 13:02:45.871 W/art     ( 3056): Long monitor contention with owner AsyncTask #3 (3595) at boolean android.os.MessageQueue.enqueueMessage(android.os.Message, long)(MessageQueue.java:541) waiters=0 in android.os.Message android.os.MessageQueue.next() for 268ms
04-28 13:02:46.655 D/PhoneSwitcherNetworkRequstListener( 3554): Registering NetworkFactory
04-28 13:02:46.658 D/ConnectivityService( 3056): Got NetworkFactory Messenger for PhoneSwitcherNetworkRequstListener
04-28 13:02:46.890 D/ConnectivityService( 3056): Got NetworkFactory Messenger for TelephonyNetworkFactory[0]
04-28 13:02:47.117 D/CarrierConfigLoader( 3554): CarrierConfigLoader has started
04-28 13:02:47.119 E/BluetoothAdapter( 3554): Bluetooth binder is null
04-28 13:02:47.326 W/ProcessCpuTracker( 3056): Skipping unknown process pid 3647
04-28 13:02:48.529 W/ProcessCpuTracker( 3056): Skipping unknown process pid 3643
04-28 13:02:49.186 I/Telephony( 3554): TtyManager: updateUiTtyMode -1 -> 0
04-28 13:02:49.819 D/AlarmManagerService( 3056): Kernel timezone updated to 0 minutes west of GMT
04-28 13:02:49.925 D/AlarmManagerService( 3056): Setting time of day to sec=1619614970
04-28 13:02:50.201 W/AlarmManagerService( 3056): Unable to set rtc to 1619614970: No such device
04-28 13:02:51.105 W/System  ( 3327): ClassLoader referenced unknown path: 
04-28 13:02:51.107 W/System  ( 3327): ClassLoader referenced unknown path: /system/priv-app/Dialer/lib/x86_64
04-28 13:02:51.146 D/ApplicationLoaders( 3327): ignored Vulkan layer search path /system/priv-app/Dialer/lib/x86_64:/system/lib64:/vendor/lib64 for namespace 0x7db080fad0f0
04-28 13:02:51.415 W/ProcessCpuTracker( 3056): Skipping unknown process pid 3656
04-28 13:02:51.540 E/ActivityThread( 3056): Failed to find provider info for com.android.calendar
04-28 13:02:51.556 E/ActivityThread( 3056): Failed to find provider info for com.android.calendar
04-28 13:02:51.936 E/ActivityManager( 3056): ANR in system
04-28 13:02:51.936 E/ActivityManager( 3056): PID: 3056
04-28 13:02:51.936 E/ActivityManager( 3056): Reason: executing service com.android.server.telecom/.components.TelecomService
04-28 13:02:51.936 E/ActivityManager( 3056): Load: 11.56 / 4.98 / 1.92
04-28 13:02:51.936 E/ActivityManager( 3056): CPU usage from 4630ms to -22048ms ago (2021-04-28 13:02:24.556 to 2021-04-28 13:02:51.504):
04-28 13:02:51.936 E/ActivityManager( 3056):   70% 1321/surfaceflinger: 30% user + 39% kernel / faults: 80 minor
04-28 13:02:51.936 E/ActivityManager( 3056):   34% 1759/bootanimation: 14% user + 20% kernel
04-28 13:02:51.936 E/ActivityManager( 3056):   24% 3056/system_server: 5.1% user + 19% kernel / faults: 3686 minor 38 major
04-28 13:02:51.936 E/ActivityManager( 3056):   11% 3327/com.android.systemui: 2.8% user + 8.8% kernel / faults: 4283 minor 24 major
04-28 13:02:51.936 E/ActivityManager( 3056):   6.8% 1333/media.codec: 2.4% user + 4.3% kernel / faults: 3697 minor 8 major
04-28 13:02:51.936 E/ActivityManager( 3056):   3.7% 8/rcu_preempt: 0% user + 3.7% kernel
04-28 13:02:51.936 E/ActivityManager( 3056):   2.8% 2618/adbd: 0.2% user + 2.5% kernel / faults: 2005 minor
04-28 13:02:51.936 E/ActivityManager( 3056):   0.8% 1320/servicemanager: 0.1% user + 0.6% kernel
04-28 13:02:51.936 E/ActivityManager( 3056):   0.7% 3321/com.android.inputmethod.latin: 0% user + 0.6% kernel / faults: 485 minor
04-28 13:02:51.936 E/ActivityManager( 3056):   0.1% 1276/debuggerd64: 0% user + 0.1% kernel / faults: 103 minor
04-28 13:02:51.936 E/ActivityManager( 3056):   0.6% 1335/media.extractor: 0.1% user + 0.5% kernel / faults: 85 minor
04-28 13:02:51.936 E/ActivityManager( 3056):   0.5% 1336/mediaserver: 0.1% user + 0.4% kernel / faults: 71 minor
04-28 13:02:51.936 E/ActivityManager( 3056):   0.4% 1267/logd: 0% user + 0.4% kernel / faults: 25 minor
04-28 13:02:51.936 E/ActivityManager( 3056):   0.4% 1255/kworker/0:1H: 0% user + 0.4% kernel
04-28 13:02:51.936 E/ActivityManager( 3056):   0.4% 1492/logcat: 0.1% user + 0.2% kernel
04-28 13:02:51.936 E/ActivityManager( 3056):   0.2% 1324/zygote64: 0% user + 0.2% kernel / faults: 319 minor
04-28 13:02:51.936 E/ActivityManager( 3056):   0.2% 3/ksoftirqd/0: 0% user + 0.2% kernel
04-28 13:02:51.936 E/ActivityManager( 3056):   0.2% 12/ksoftirqd/1: 0% user + 0.2% kernel
04-28 13:02:51.936 E/ActivityManager( 3056):   0.2% 17/kworker/u4:1: 0% user + 0.2% kernel
04-28 13:02:51.936 E/ActivityManager( 3056):   0.2% 1265/jbd2/vdc-8: 0% user + 0.2% kernel
04-28 13:02:51.936 E/ActivityManager( 3056):   0% 1275/debuggerd: 0% user + 0% kernel / faults: 181 minor
04-28 13:02:51.936 E/ActivityManager( 3056):   0.1% 1//init: 0% user + 0.1% kernel / faults: 1 minor
04-28 13:02:51.936 E/ActivityManager( 3056):   0% 1327/cameraserver: 0% user + 0% kernel / faults: 65 minor
04-28 13:02:51.936 E/ActivityManager( 3056):   0.1% 1326/audioserver: 0% user + 0% kernel / faults: 37 minor
04-28 13:02:51.936 E/ActivityManager( 3056):   0% 673/kworker/1:1: 0% user + 0% kernel
04-28 13:02:51.936 E/ActivityManager( 3056):   0% 1340/netd: 0% user + 0% kernel / faults: 31 minor
04-28 13:02:51.936 E/ActivityManager( 3056):   0% 1341/rild: 0% user + 0% kernel / faults: 6 minor
04-28 13:02:51.936 E/ActivityManager( 3056):   0% 809/kworker/0:2: 0% user + 0% kernel
04-28 13:02:51.936 E/ActivityManager( 3056):   0% 1319/lmkd: 0% user + 0% kernel
04-28 13:02:51.936 E/ActivityManager( 3056):   0% 3451/sdcard: 0% user + 0% kernel / faults: 7 minor
04-28 13:02:51.936 E/ActivityManager( 3056):  +0% 3554/com.android.phone: 0% user + 0% kernel
04-28 13:02:51.936 E/ActivityManager( 3056):  +0% 3571/com.android.settings: 0% user + 0% kernel
04-28 13:02:51.936 E/ActivityManager( 3056):  +0% 3659/sh: 0% user + 0% kernel
04-28 13:02:51.936 E/ActivityManager( 3056): 100% TOTAL: 31% user + 67% kernel + 0.7% softirq
04-28 13:02:51.936 E/ActivityManager( 3056): CPU usage from 19415ms to 20787ms later (2021-04-28 13:02:48.602 to 2021-04-28 13:02:50.242):
04-28 13:02:51.936 E/ActivityManager( 3056):   101% 1321/surfaceflinger: 29% user + 72% kernel
04-28 13:02:51.936 E/ActivityManager( 3056):     43% 1321/surfaceflinger: 11% user + 31% kernel
04-28 13:02:51.936 E/ActivityManager( 3056):     30% 1731/EventThread: 0% user + 30% kernel
04-28 13:02:51.936 E/ActivityManager( 3056):     19% 1692/DispSync: 0.7% user + 18% kernel
04-28 13:02:51.936 E/ActivityManager( 3056):     6.6% 1730/POSIX timer 1: 0% user + 6.6% kernel
04-28 13:02:51.936 E/ActivityManager( 3056):     0.7% 1691/Binder:1321_1: 0% user + 0.7% kernel
04-28 13:02:51.936 E/ActivityManager( 3056):     0.7% 2828/Binder:1321_3: 0% user + 0.7% kernel
04-28 13:02:51.936 E/ActivityManager( 3056):     0.7% 3598/Binder:1321_4: 0% user + 0.7% kernel
04-28 13:02:51.936 E/ActivityManager( 3056):     0.7% 3645/Binder:1321_5: 0% user + 0.7% kernel
04-28 13:02:51.936 E/ActivityManager( 3056):   22% 3056/system_server: 1.6% user + 20% kernel / faults: 44 minor
04-28 13:02:51.936 E/ActivityManager( 3056):     9.6% 3100/ActivityManager: 1.6% user + 7.9% kernel
04-28 13:02:51.936 E/ActivityManager( 3056):     2.8% 3090/Binder:3056_2: 0% user + 2.8% kernel
04-28 13:02:51.936 E/ActivityManager( 3056):     2.8% 3092/Binder:3056_3: 0% user + 2.8% kernel
04-28 13:02:51.936 E/ActivityManager( 3056):     1.6% 3089/Binder:3056_1: 0% user + 1.6% kernel
04-28 13:02:51.936 E/ActivityManager( 3056):     1.6% 3355/Binder:3056_4: 0% user + 1.6% kernel
04-28 13:02:51.936 E/ActivityManager( 3056):     1.1% 3439/Binder:3056_5: 0.5% user + 0.5% kernel
04-28 13:02:51.936 E/ActivityManager( 3056):     1.1% 3648/Binder:3056_6: 0% user + 1.1% kernel
04-28 13:02:51.936 E/ActivityManager( 3056):     0.5% 3067/HeapTaskDaemon: 0% user + 0.5% kernel
04-28 13:02:51.936 E/ActivityManager( 3056):     0.5% 3118/PowerManagerSer: 0% user + 0.5% kernel
04-28 13:02:51.936 E/ActivityManager( 3056):     0.5% 3261/AlarmManager: 0% user + 0.5% kernel
04-28 13:02:51.936 E/ActivityManager( 3056):     0.5% 3301/onProviders.ECP: 0% user + 0.5% kernel
04-28 13:02:51.936 E/ActivityManager( 3056):   26% 1759/bootanimation: 4.3% user + 22% kernel
04-28 13:02:51.936 E/ActivityManager( 3056):     26% 2824/BootAnimation: 5% user + 21% kernel
04-28 13:02:51.936 E/ActivityManager( 3056):     1.4% 1759/bootanimation: 0% user + 1.4% kernel
04-28 13:02:51.936 E/ActivityManager( 3056):   10% 3571/com.android.settings: 0.5% user + 10% kernel / faults: 40 minor
04-28 13:02:51.936 E/ActivityManager( 3056):     9.4% 3571/ndroid.settings: 1.1% user + 8.2% kernel
04-28 13:02:51.936 E/ActivityManager( 3056):     2.3% 3576/Jit thread pool: 0% user + 2.3% kernel
04-28 13:02:51.936 E/ActivityManager( 3056):   9.7% 3327/com.android.systemui: 0% user + 9.7% kernel / faults: 144 minor 1 major
04-28 13:02:51.936 E/ActivityManager( 3056):     8.4% 3327/ndroid.systemui: 0% user + 8.4% kernel
04-28 13:02:51.936 E/ActivityManager( 3056):     0.6% 3346/HeapTaskDaemon: 0% user + 0.6% kernel
04-28 13:02:51.936 E/ActivityManager( 3056):   9% 3554/com.android.phone: 1.8% user + 7.2% kernel / faults: 137 minor 4 major
04-28 13:02:51.936 E/ActivityManager( 3056):     7.2% 3554/m.android.phone: 1.8% user + 5.4% kernel
04-28 13:02:51.936 E/ActivityManager( 3056):     1.8% 3611/RILReceiver0: 0% user + 1.8% kernel
04-28 13:02:51.936 E/ActivityManager( 3056):     1.2% 3610/RILSe
04-28 13:02:52.099 D/PhoneSwitcherNetworkRequstListener( 3554): got request NetworkRequest [ REQUEST id=1, [ Capabilities: INTERNET&NOT_RESTRICTED&TRUSTED&NOT_VPN] ] with score 0
04-28 13:02:52.201 D/TelephonyDebugService( 3554): TelephonyDebugService()
04-28 13:02:52.330 D/GpsNetInitiatedHandler( 3056): location enabled :true
04-28 13:02:52.334 W/art     ( 3056): Long monitor contention with owner ConditionProviders.ECP (3301) at java.lang.String com.android.server.am.ActivityManagerService.getTagForIntentSender(android.content.IIntentSender, java.lang.String)(ActivityManagerService.java:7403) waiters=1 in void com.android.server.am.ActivityManagerService.serviceDoneExecuting(android.os.IBinder, int, int, int) for 117ms
04-28 13:02:52.397 D/ConditionProviders.SCP( 3056): onReceive android.intent.action.TIME_SET
04-28 13:02:52.681 W/art     ( 3056): Long monitor contention with owner ConditionProviders.ECP (3301) at java.lang.String com.android.server.am.ActivityManagerService.getTagForIntentSender(android.content.IIntentSender, java.lang.String)(ActivityManagerService.java:7403) waiters=2 in boolean com.android.server.am.ActivityManagerService.isUserRunning(int, int) for 476ms
04-28 13:02:52.682 W/art     ( 3056): Long monitor contention with owner ActivityManager (3100) at void com.android.server.am.AppErrors.appNotResponding(com.android.server.am.ProcessRecord, com.android.server.am.ActivityRecord, com.android.server.am.ActivityRecord, boolean, java.lang.String)(AppErrors.java:884) waiters=2 in void com.android.server.am.AppErrors.handleShowAnrUi(android.os.Message) for 370ms
04-28 13:02:52.695 D/CarrierConfigLoader( 3554): mHandler: 12 phoneId: 0
