04-28 13:01:56.218 I/SystemServer( 3056): StartWindowManagerService
04-28 13:01:56.512 I/WindowManager( 3056): No existing display settings /data/system/display_settings.xml; starting empty
04-28 13:01:57.093 I/SystemServer( 3056): StartVrManagerService
04-28 13:01:57.094 I/SystemServiceManager( 3056): Starting com.android.server.vr.VrManagerService
04-28 13:01:57.102 W/VrManagerService( 3056): init_native: Could not open VR hardware module, error No such file or directory (-2).
04-28 13:01:57.196 I/InputManager( 3056): Starting input manager
04-28 13:01:57.273 D/EventHub( 3056): No input device configuration file found for device 'Power Button'.
04-28 13:01:57.274 I/SystemServer( 3056): No Bluetooth Service (emulator)
04-28 13:01:57.281 I/SystemServer( 3056): ConnectivityMetricsLoggerService
04-28 13:01:57.304 I/SystemServiceManager( 3056): Starting com.android.server.connectivity.MetricsLoggerService
04-28 13:01:57.335 I/SystemServer( 3056): IpConnectivityMetrics
04-28 13:01:57.378 W/EventHub( 3056): Unable to disable kernel key repeat for /dev/input/event0: Function not implemented
04-28 13:01:57.379 I/EventHub( 3056): New device: id=1, fd=92, path='/dev/input/event0', name='Power Button', classes=0x1, configuration='', keyLayout='/system/usr/keylayout/Generic.kl', keyCharacterMap='/system/usr/keychars/Generic.kcm', builtinKeyboard=false, wakeMechanism=EPOLLWAKEUP, usingClockIoctl=true
04-28 13:01:57.383 I/SystemServiceManager( 3056): Starting com.android.server.connectivity.IpConnectivityMetrics
04-28 13:01:57.414 W/EventHub( 3056): Unable to disable kernel key repeat for /dev/input/event1: Function not implemented
04-28 13:01:57.414 I/EventHub( 3056): New device: id=2, fd=93, path='/dev/input/event1', name='qwerty2', classes=0x95, configuration='/system/usr/idc/qwerty2.idc', keyLayout='/system/usr/keylayout/qwerty.kl', keyCharacterMap='/system/usr/keychars/qwerty2.kcm', builtinKeyboard=true, wakeMechanism=EPOLLWAKEUP, usingClockIoctl=true
04-28 13:01:57.414 E/EventHub( 3056): could not get driver version for /dev/input/mice, Not a typewriter
04-28 13:01:57.416 I/SystemServer( 3056): PinnerService
04-28 13:01:57.417 I/SystemServiceManager( 3056): Starting com.android.server.PinnerService
04-28 13:01:57.430 I/SystemServiceManager( 3056): Starting com.android.server.InputMethodManagerService$Lifecycle
04-28 13:01:57.556 I/InputReader( 3056): Device added: id=-1, name='Virtual', sources=0x00000301
04-28 13:01:57.602 I/InputReader( 3056):   Touch device 'qwerty2' could not query the properties of its associated display.  The device will be inoperable until the display size becomes available.
04-28 13:01:57.603 I/InputReader( 3056): Device added: id=0, name='qwerty2', sources=0x80001103
04-28 13:01:57.603 I/InputReader( 3056): Device added: id=1, name='Power Button', sources=0x00000101
04-28 13:01:58.347 I/SystemServer( 3056): StartAccessibilityManagerService
04-28 13:01:58.453 I/ActivityManager( 3056): Config changes=1df8 {1.0 ?mcc?mnc [en_US] ldltr sw360dp w360dp h640dp 480dpi nrml long port ?uimode ?night -touch -keyb/v/h -nav/h s.2}
04-28 13:01:58.504 I/ActivityManager( 3056): Config changes=500 {1.0 ?mcc?mnc [en_US] ldltr sw360dp w360dp h568dp 480dpi nrml port ?uimode ?night -touch -keyb/v/h -nav/h s.3}
04-28 13:01:58.597 I/ActivityManager( 3056): Config changes=8 {1.0 ?mcc?mnc [en_US] ldltr sw360dp w360dp h568dp 480dpi nrml port ?uimode ?night finger -keyb/v/h -nav/h s.4}
04-28 13:01:58.654 I/InputReader( 3056): Reconfiguring input devices.  changes=0x00000004
04-28 13:01:58.654 I/InputReader( 3056): Device reconfigured: id=0, name='qwerty2', size 1080x1920, orientation 0, mode 1, display id 0
04-28 13:01:58.658 I/InputReader( 3056): Reconfiguring input devices.  changes=0x00000004
04-28 13:01:58.688 I/SystemServiceManager( 3056): Starting com.android.server.MountService$Lifecycle
04-28 13:01:58.758 I/SystemServiceManager( 3056): Starting com.android.server.UiModeManagerService
04-28 13:01:58.770 D/MountService( 3056): Thinking about init, mSystemReady=false, mDaemonConnected=true
04-28 13:01:58.771 D/MountService( 3056): Thinking about reset, mSystemReady=false, mDaemonConnected=true
04-28 13:01:58.774 I/ActivityManager( 3056): Config changes=200 {1.0 ?mcc?mnc [en_US] ldltr sw360dp w360dp h568dp 480dpi nrml port finger -keyb/v/h -nav/h s.5}
04-28 13:01:58.785 D/MountService( 3056): Thinking about init, mSystemReady=false, mDaemonConnected=true
04-28 13:01:58.785 D/MountService( 3056): Thinking about reset, mSystemReady=false, mDaemonConnected=true
04-28 13:01:58.787 D/CryptdConnector( 3056): SND -> {1 cryptfs getfield SystemLocale}
04-28 13:01:58.825 I/SystemServer( 3056): StartLockSettingsService
04-28 13:01:58.830 I/SystemServiceManager( 3056): Starting com.android.server.LockSettingsService$Lifecycle
04-28 13:01:58.879 D/CryptdConnector( 3056): RCV <- {200 1 -1}
04-28 13:01:58.905 I/SystemServiceManager( 3056): Starting com.android.server.DeviceIdleController
04-28 13:01:58.952 I/SystemServiceManager( 3056): Starting com.android.server.devicepolicy.DevicePolicyManagerService$Lifecycle
04-28 13:01:59.016 I/SystemServer( 3056): StartStatusBarManagerService
04-28 13:01:59.033 I/SystemServer( 3056): StartClipboardService
04-28 13:01:59.064 W/MountService( 3056): No primary storage mounted!
04-28 13:01:59.065 D/VoldConnector( 3056): SND -> {1 asec list}
04-28 13:01:59.071 I/SystemServer( 3056): StartNetworkManagementService
04-28 13:01:59.093 I/NetworkManagement( 3056): onDaemonConnected()
04-28 13:01:59.119 D/VoldConnector( 3056): RCV <- {200 1 asec operation succeeded}
04-28 13:01:59.129 I/SystemServiceManager( 3056): Starting com.android.server.TextServicesManagerService$Lifecycle
04-28 13:01:59.171 I/PackageManager( 3056): No secure containers found
04-28 13:01:59.173 W/PackageManager( 3056): Unknown permission com.google.android.googleapps.permission.GOOGLE_AUTH in package com.android.providers.calendar
04-28 13:01:59.173 W/PackageManager( 3056): Unknown permission com.google.android.googleapps.permission.GOOGLE_AUTH.cl in package com.android.providers.calendar
04-28 13:01:59.174 W/PackageManager( 3056): Not granting permission android.permission.GLOBAL_SEARCH to package com.android.quicksearchbox (protectionLevel=18 flags=0x3808be45)
04-28 13:01:59.175 W/PackageManager( 3056): Not granting permission android.permission.WRITE_EXTERNAL_STORAGE to package gov.nasa.arc.astrobee.android.gs.manager because it was previously installed without
04-28 13:01:59.175 W/PackageManager( 3056): Not granting permission android.permission.READ_EXTERNAL_STORAGE to package gov.nasa.arc.astrobee.android.gs.manager because it was previously installed without
04-28 13:01:59.176 W/PackageManager( 3056): Unknown permission com.android.launcher.permission.READ_SETTINGS in package com.android.launcher3
04-28 13:01:59.176 W/PackageManager( 3056): Unknown permission com.android.launcher.permission.WRITE_SETTINGS in package com.android.launcher3
04-28 13:01:59.176 W/PackageManager( 3056): Not granting permission android.permission.BIND_APPWIDGET to package com.android.launcher3 (protectionLevel=18 flags=0x3c4bbe45)
04-28 13:01:59.176 W/PackageManager( 3056): Unknown permission com.google.android.googleapps.permission.GOOGLE_AUTH.mail in package com.android.calendar
04-28 13:01:59.176 W/PackageManager( 3056): Unknown permission com.google.android.providers.settings.permission.WRITE_GSETTINGS in package com.android.sdksetup
04-28 13:01:59.177 W/PackageManager( 3056): Unknown permission com.google.android.permission.INSTALL_WEARABLE_PACKAGES in package com.android.packageinstaller
04-28 13:01:59.177 W/PackageManager( 3056): Not granting permission android.permission.DELETE_PACKAGES to package com.svox.pico (protectionLevel=18 flags=0x3808be45)
04-28 13:01:59.177 W/PackageManager( 3056): Not granting permission android.permission.READ_CONTACTS to package com.example.android.apis because it was previously installed without
04-28 13:01:59.177 W/PackageManager( 3056): Not granting permission android.permission.WRITE_CONTACTS to package com.example.android.apis because it was previously installed without
04-28 13:01:59.177 W/PackageManager( 3056): Not granting permission android.permission.ACCESS_COARSE_LOCATION to package com.example.android.apis because it was previously installed without
04-28 13:01:59.177 W/PackageManager( 3056): Not granting permission android.permission.WRITE_EXTERNAL_STORAGE to package com.example.android.apis because it was previously installed without
04-28 13:01:59.178 W/PackageManager( 3056): Not granting permission android.permission.SEND_SMS to package com.example.android.apis because it was previously installed without
04-28 13:01:59.178 W/PackageManager( 3056): Not granting permission android.permission.RECEIVE_SMS to package com.example.android.apis because it was previously installed without
04-28 13:01:59.178 W/PackageManager( 3056): Not granting permission android.permission.RECEIVE_MMS to package com.example.android.apis because it was previously installed without
04-28 13:01:59.178 W/PackageManager( 3056): Not granting permission android.permission.READ_SMS to package com.example.android.apis because it was previously installed without
04-28 13:01:59.178 W/PackageManager( 3056): Not granting permission android.permission.READ_PHONE_STATE to package com.example.android.apis because it was previously installed without
04-28 13:01:59.178 W/PackageManager( 3056): Not granting permission android.permission.RECORD_AUDIO to package com.example.android.apis because it was previously installed without
04-28 13:01:59.178 W/PackageManager( 3056): Not granting permission android.permission.CAMERA to package com.example.android.apis because it was previously installed without
04-28 13:01:59.178 W/PackageManager( 3056): Not granting permission android.permission.READ_EXTERNAL_STORAGE to package com.example.android.apis because it was previously installed without
04-28 13:01:59.178 W/PackageManager( 3056): Unknown permission android.permission.RUN_INSTRUMENTATION in package org.chromium.webview_shell
04-28 13:01:59.178 W/PackageManager( 3056): Not granting permission android.permission.WRITE_EXTERNAL_STORAGE to package jp.jaxa.iss.kibo.rpc.sampleapk because it was previously installed without
04-28 13:01:59.178 W/PackageManager( 3056): Not granting permission android.permission.READ_EXTERNAL_STORAGE to package jp.jaxa.iss.kibo.rpc.sampleapk because it was previously installed without
04-28 13:01:59.179 W/PackageManager( 3056): Unknown permission com.google.android.googleapps.permission.GOOGLE_AUTH in package com.android.settings
04-28 13:01:59.179 W/PackageManager( 3056): Unknown permission com.android.launcher.permission.READ_SETTINGS in package com.android.settings
04-28 13:01:59.179 W/PackageManager( 3056): Unknown permission com.android.launcher.permission.WRITE_SETTINGS in package com.android.settings
04-28 13:01:59.195 I/SystemServer( 3056): StartNetworkScoreService
04-28 13:01:59.212 W/PackageManager( 3056): Unknown permission com.android.smspush.WAPPUSH_MANAGER_BIND in package com.android.phone
04-28 13:01:59.213 W/PackageManager( 3056): Unknown permission com.google.android.googleapps.permission.ACCESS_GOOGLE_PASSWORD in package com.android.development
04-28 13:01:59.213 W/PackageManager( 3056): Unknown permission com.google.android.googleapps.permission.GOOGLE_AUTH in package com.android.development
04-28 13:01:59.213 W/PackageManager( 3056): Unknown permission com.google.android.googleapps.permission.GOOGLE_AUTH.ALL_SERVICES in package com.android.development
04-28 13:01:59.213 W/PackageManager( 3056): Unknown permission com.google.android.googleapps.permission.GOOGLE_AUTH.YouTubeUser in package com.android.development
04-28 13:01:59.214 W/PackageManager( 3056): Not granting permission android.permission.BIND_APPWIDGET to package com.android.widgetpreview (protectionLevel=18 flags=0x3808be44)
04-28 13:01:59.241 I/SystemServer( 3056): StartNetworkStatsService
04-28 13:01:59.349 I/SystemServer( 3056): StartNetworkPolicyManagerService
04-28 13:01:59.683 W/art     ( 3056): Long monitor contention with owner MountService (3274) at void com.android.server.pm.PackageManagerService.loadMediaPackages(android.util.ArrayMap, int[], boolean)(PackageManagerService.java:19317) waiters=0 in boolean com.android.server.pm.PackageManagerService.hasSystemFeature(java.lang.String, int) for 245ms
04-28 13:01:59.683 I/SystemServer( 3056): No Wi-Fi NAN Service (NAN support Not Present)
04-28 13:01:59.775 I/SystemServiceManager( 3056): Starting com.android.server.wifi.p2p.WifiP2pService
04-28 13:01:59.818 W/MountService( 3056): No primary storage defined yet; hacking together a stub
04-28 13:01:59.830 W/MountService( 3056): No primary storage defined yet; hacking together a stub
04-28 13:01:59.833 W/MountService( 3056): No primary storage mounted!
04-28 13:01:59.833 D/VoldConnector( 3056): SND -> {2 asec list}
04-28 13:01:59.861 D/VoldConnector( 3056): RCV <- {200 2 asec operation succeeded}
04-28 13:02:00.045 I/WifiP2pService( 3056): Registering wifip2p
04-28 13:02:00.049 I/SystemServiceManager( 3056): Starting com.android.server.wifi.WifiService
04-28 13:02:00.343 W/art     ( 3056): Verification of void com.android.server.wifi.WifiStateMachine.<init>(android.content.Context, com.android.server.wifi.FrameworkFacade, android.os.Looper, android.os.UserManager, com.android.server.wifi.WifiInjector, com.android.server.wifi.BackupManagerProxy, com.android.server.wifi.WifiCountryCode) took 109.545ms
04-28 13:02:00.922 D/HS20    ( 3056): Passpoint is disabled
04-28 13:02:01.212 D/CommandListener( 1340): Clearing all IP addresses on wlan0
04-28 13:02:01.359 D/WifiApConfigStore( 3056): 2G band allowed channels are:1,6,11
04-28 13:02:01.362 E/WifiLogger( 3056): no ring buffers found
04-28 13:02:01.362 E/WifiLogger( 3056): Failed to start packet fate monitoring
04-28 13:02:01.401 I/art     ( 3056): Background sticky concurrent mark sweep GC freed 34462(2MB) AllocSpace objects, 13(260KB) LOS objects, 23% free, 8MB/10MB, paused 1.188ms total 431.078ms
04-28 13:02:01.439 D/WifiController( 3056): isAirplaneModeOn = true, isWifiEnabled = false, isScanningAvailable = false
04-28 13:02:01.467 I/WifiService( 3056): Registering wifi
04-28 13:02:01.482 I/SystemServiceManager( 3056): Starting com.android.server.wifi.scanner.WifiScanningService
04-28 13:02:01.482 I/WifiScanningService( 3056): Creating wifiscanner
04-28 13:02:01.546 I/WifiScanningService( 3056): Publishing wifiscanner
04-28 13:02:01.583 I/SystemServiceManager( 3056): Starting com.android.server.wifi.RttService
04-28 13:02:01.591 I/RttService( 3056): Creating rttmanager
04-28 13:02:01.594 I/RttService( 3056): Starting rttmanager
04-28 13:02:01.596 I/SystemServer( 3056): StartConnectivityService
04-28 13:02:01.659 D/ConnectivityService( 3056): ConnectivityService starting up
04-28 13:02:01.782 D/ConnectivityService( 3056): wifiOnly=false
04-28 13:02:01.919 I/SystemServer( 3056): StartNsdService
04-28 13:02:01.982 I/SystemServer( 3056): StartUpdateLockService
04-28 13:02:01.989 I/SystemServiceManager( 3056): Starting com.android.server.RecoverySystemService
04-28 13:02:02.007 I/SystemServiceManager( 3056): Starting com.android.server.notification.NotificationManagerService
04-28 13:02:02.053 W/UsageStatsService( 3056): User[0] Some stats have no latest available
04-28 13:02:02.252 D/ConditionProviders.SCP( 3056): new ScheduleConditionProvider()
04-28 13:02:02.317 D/ZenLog  ( 3056): config: readXml,ZenModeConfig[user=0,allowCalls=true,allowRepeatCallers=false,allowMessages=false,allowCallsFrom=contacts,allowMessagesFrom=contacts,allowReminders=true,allowEvents=true,allowWhenScreenOff=true,allowWhenScreenOn=true,automaticRules={370bd6672ef541ba946db9ac4aef0faf=ZenRule[enabled=false,snoozing=false,name=Weeknight,zenMode=ZEN_MODE_ALARMS,conditionId=condition://android/schedule?days=1.2.3.4.5&start=22.0&end=7.0&exitAtAlarm=false,condition=Condition[id=condition://android/schedule?days=1.2.3.4.5&start=22.0&end=7.0&exitAtAlarm=false,summary=...,line1=...,line2=...,icon=0,state=STATE_FALSE,flags=2],component=ComponentInfo{android/com.android.server.notification.ScheduleConditionProvider},id=370bd6672ef541ba946db9ac4aef0faf,creationTime=1590622727817,enabler=null], a53ffdf89c814123a52adbdd46bc948d=ZenRule[enabled=false,snoozing=false,name=Weekend,zenMode=ZEN_MODE_ALARMS,conditionId=condition://android/schedule?days=6.7&start=23.30&end=10.0&exitAtAlarm=false,condition=Condition[id=condition://android/schedule?days=6.7&start=23.30&end=10.0&exitAtAlarm=false,summary=...,line1=...,line2=...,icon=0,state=STATE_FALSE,flags=2],component=ComponentInfo{android/com.android.server.notification.ScheduleConditionProvider},id=a53ffdf89c814123a52adbdd46bc948d,creationTime=1590622727818,enabler=null], fc8bb1aacabb4877a1d1d167106f6e77=ZenRule[enabled=false,snoozing=false,name=Event,zenMode=ZEN_MODE_ALARMS,conditionId=condition://android/event?userId=-10000&calendar=&reply=1,condition=Condition[id=condition://android/event?userId=-10000&calendar=&reply=1,summary=...,line1=...,line2=...,icon=0,state=STATE_FALSE,flags=2],component=ComponentInfo{android/com.android.server.notification.EventConditionProvider},id=fc8bb1aacabb4877a1d1d167106f6e77,creationTime=1590622727822,enabler=null]},manualRule=null],Diff[automaticRule[370bd6672ef541ba946db9ac4aef0faf]:insert,automaticRule[1e919fb19ea94174828c89da74ad5fd0]:delete,automaticRule[a53ffdf89c814123a52adbdd46bc948d]:insert,automaticRule[a459f2607fe04111915ef38fb9cb867d]:delete,automaticRule[12ee19815ca541fc8a8321402186f443]:delete,automaticRule[fc8bb1aacabb4877a1d1d167106f6e77]:insert]
04-28 13:02:02.423 D/ZenLog  ( 3056): set_zen_mode: off,init
04-28 13:02:02.438 I/SystemServiceManager( 3056): Starting com.android.server.storage.DeviceStorageMonitorService
04-28 13:02:02.489 I/SystemServer( 3056): StartLocationManagerService
04-28 13:02:02.523 I/SystemServer( 3056): StartCountryDetectorService
04-28 13:02:02.533 I/SystemServer( 3056): StartSearchManagerService
04-28 13:02:02.533 I/SystemServiceManager( 3056): Starting com.android.server.search.SearchManagerService$Lifecycle
04-28 13:02:02.571 I/SystemServiceManager( 3056): Starting com.android.server.DropBoxManagerService
04-28 13:02:02.576 I/SystemServer( 3056): StartWallpaperManagerService
04-28 13:02:02.577 I/SystemServiceManager( 3056): Starting com.android.server.wallpaper.WallpaperManagerService$Lifecycle
04-28 13:02:02.596 E/BitmapFactory( 3056): Unable to decode stream: java.io.FileNotFoundException: /data/system/users/0/wallpaper_orig (No such file or directory)
04-28 13:02:02.596 E/WallpaperManagerService( 3056): Invalid wallpaper data
04-28 13:02:02.596 E/WallpaperManagerService( 3056): Unable to apply new wallpaper
04-28 13:02:02.624 I/SystemServer( 3056): StartAudioService
04-28 13:02:02.625 I/SystemServiceManager( 3056): Starting com.android.server.audio.AudioService$Lifecycle
04-28 13:02:02.804 D/PermissionCache( 1326): checking android.permission.MODIFY_AUDIO_SETTINGS for uid=1000 => granted (19779 us)
04-28 13:02:02.822 W/TelecomManager( 3056): Telecom Service not found.
04-28 13:02:02.873 W/AudioFlinger( 1326): no wake lock to update, system not ready yet
04-28 13:02:03.157 I/SystemServiceManager( 3056): Starting com.android.server.DockObserver
04-28 13:02:03.159 W/DockObserver( 3056): This kernel does not have dock station support
04-28 13:02:03.194 I/SystemServer( 3056): StartWiredAccessoryManager
04-28 13:02:03.198 W/WiredAccessoryManager( 3056): This kernel does not have usb audio support
04-28 13:02:03.199 W/WiredAccessoryManager( 3056): This kernel does not have HDMI audio support
04-28 13:02:03.232 I/SystemServiceManager( 3056): Starting com.android.server.midi.MidiService$Lifecycle
04-28 13:02:03.247 I/SystemServiceManager( 3056): Starting com.android.server.usb.UsbService$Lifecycle
04-28 13:02:03.351 I/SystemServer( 3056): StartSerialService
04-28 13:02:03.354 E/HardwarePropertiesManagerService-JNI( 3056): Couldn't load thermal module (No such file or directory)
04-28 13:02:03.357 I/SystemServiceManager( 3056): Starting com.android.server.twilight.TwilightService
04-28 13:02:03.359 I/SystemServiceManager( 3056): Starting com.android.server.job.JobSchedulerService
04-28 13:02:03.726 I/UsageStatsService( 3056): User[0] Rollover scheduled @ 2021-04-29 13:01:58(1619701318622)
04-28 13:02:03.741 I/SystemServiceManager( 3056): Starting com.android.server.soundtrigger.SoundTriggerService
04-28 13:02:03.750 I/SystemServiceManager( 3056): Starting com.android.server.backup.BackupManagerService$Lifecycle
04-28 13:02:03.786 I/SystemServiceManager( 3056): Starting com.android.server.appwidget.AppWidgetService
04-28 13:02:03.867 I/SystemServiceManager( 3056): Starting com.android.server.voiceinteraction.VoiceInteractionManagerService
04-28 13:02:03.886 I/SystemServer( 3056): Gesture Launcher Service
04-28 13:02:03.887 I/SystemServiceManager( 3056): Starting com.android.server.GestureLauncherService
04-28 13:02:03.888 I/SystemServiceManager( 3056): Starting com.android.server.SensorNotificationService
04-28 13:02:03.888 I/SystemServiceManager( 3056): Starting com.android.server.ContextHubSystemService
04-28 13:02:03.912 E/ContextHubService( 3056): ** Could not load context_hub module : err No such file or directory
04-28 13:02:03.912 W/ContextHubService( 3056): No Context Hub Module present
04-28 13:02:03.921 I/SystemServer( 3056): StartDiskStatsService
04-28 13:02:03.924 I/SystemServer( 3056): StartSamplingProfilerService
04-28 13:02:03.998 I/SystemServer( 3056): StartNetworkTimeUpdateService
04-28 13:02:04.015 I/SystemServer( 3056): StartCommonTimeManagementService
04-28 13:02:04.025 I/SystemServer( 3056): CertBlacklister
04-28 13:02:04.029 I/SystemServiceManager( 3056): Starting com.android.server.emergency.EmergencyAffordanceService
04-28 13:02:04.044 I/SystemServiceManager( 3056): Starting com.android.server.dreams.DreamManagerService
04-28 13:02:04.049 I/SystemServer( 3056): StartAssetAtlasService
04-28 13:02:04.091 I/SystemServiceManager( 3056): Starting com.android.server.print.PrintManagerService
04-28 13:02:04.119 D/AssetAtlas( 3056): Loaded configuration: SliceMinArea (1280x896) flags=0x2 count=91
04-28 13:02:04.171 I/SystemServiceManager( 3056): Starting com.android.server.restrictions.RestrictionsManagerService
04-28 13:02:04.175 I/SystemServiceManager( 3056): Starting com.android.server.media.MediaSessionService
04-28 13:02:04.207 I/SystemServer( 3056): StartMediaRouterService
04-28 13:02:04.245 I/SystemServiceManager( 3056): Starting com.android.server.trust.TrustManagerService
04-28 13:02:04.303 I/SystemServiceManager( 3056): Starting com.android.server.fingerprint.FingerprintService
04-28 13:02:04.375 D/gralloc_ranchu( 3056): Emulator without host-side GPU emulation detected. Loading gralloc.default.so from /vendor/lib64/hw/gralloc.goldfish.default.so...
04-28 13:02:04.379 D/gralloc_ranchu( 3056): gralloc.default.so not found in /vendor. Trying /system/lib64/hw/gralloc.goldfish.default.so...
04-28 13:02:04.443 D/PermissionCache( 1343): checking android.permission.MANAGE_FINGERPRINT for uid=1000 => granted (58551 us)
04-28 13:02:04.453 V/fingerprintd( 1343): nativeOpenHal()
04-28 13:02:04.497 D/FingerprintHal( 1343): ----------------> fingerprint_open ----------------->
04-28 13:02:04.499 E/fingerprintd( 1343): Wrong fp version. Expected 512, got 513
04-28 13:02:04.499 D/FingerprintHal( 1343): ----------------> set_notify_callback ----------------->
04-28 13:02:04.499 D/FingerprintHal( 1343): fingerprint callback notification set
04-28 13:02:04.499 V/fingerprintd( 1343): fingerprint HAL successfully initialized
04-28 13:02:04.526 D/FingerprintHal( 1343): ----------------> listenerFunction ----------------->
04-28 13:02:04.574 V/fingerprintd( 1343): setActiveGroup(0, /data/system/users/0/fpdata, 27)
04-28 13:02:04.574 D/FingerprintHal( 1343): ----------------> fingerprint_set_active_group -----------------> path /data/system/users/0/fpdata
04-28 13:02:04.574 D/FingerprintHal( 1343): ----------------> loadFingerprints ----------------->
04-28 13:02:04.574 E/FingerprintHal( 1343): Could not load fingerprints from storage at /data/system/users/0/fpdata/emufp.bin; it has not yet been created.
04-28 13:02:04.575 D/FingerprintHal( 1343): ----------------> loadAuthenticatorId ----------------->
04-28 13:02:04.578 D/FingerprintHal( 1343): Read authenticator id (0x6b8b4567327b23c6)
04-28 13:02:04.579 D/FingerprintHal( 1343): ----------------> fingerprint_get_auth_id ----------------->
04-28 13:02:04.580 D/FingerprintHal( 1343): ----------------> fingerprint_get_auth_id auth id 6b8b4567327b23c6----------------->
04-28 13:02:04.611 V/FingerprintService( 3056): Fingerprint HAL id: 125417208201216
04-28 13:02:04.650 I/SystemServer( 3056): StartBackgroundDexOptService
04-28 13:02:04.674 I/SystemServiceManager( 3056): Starting com.android.server.pm.ShortcutService$Lifecycle
04-28 13:02:04.720 I/SystemServiceManager( 3056): Starting com.android.server.pm.LauncherAppsService
04-28 13:02:04.750 I/SystemServiceManager( 3056): Starting com.android.server.media.projection.MediaProjectionManagerService
04-28 13:02:04.791 W/art     ( 3056): Suspending all threads took: 36.212ms
04-28 13:02:04.914 V/MediaRouter( 3056): Adding route: RouteInfo{ name=Phone, description=null, status=null, category=RouteCategory{ name=null types=ROUTE_TYPE_LIVE_AUDIO ROUTE_TYPE_LIVE_VIDEO  groupable=false }, supportedTypes=ROUTE_TYPE_LIVE_AUDIO ROUTE_TYPE_LIVE_VIDEO , presentationDisplay=null }
04-28 13:02:04.944 I/art     ( 3056): Background partial concurrent mark sweep GC freed 18115(1445KB) AllocSpace objects, 12(240KB) LOS objects, 24% free, 12MB/16MB, paused 40.457ms total 478.194ms
04-28 13:02:04.951 V/MediaRouter( 3056): Updating audio routes: AudioRoutesInfo{ type=SPEAKER }
04-28 13:02:04.956 V/MediaRouter( 3056): Selecting route: RouteInfo{ name=Phone, description=null, status=null, category=RouteCategory{ name=null types=ROUTE_TYPE_LIVE_AUDIO ROUTE_TYPE_LIVE_VIDEO  groupable=false }, supportedTypes=ROUTE_TYPE_LIVE_AUDIO ROUTE_TYPE_LIVE_VIDEO , presentationDisplay=null }
04-28 13:02:04.972 I/WindowManager( 3056): SAFE MODE not enabled
04-28 13:02:04.973 I/SystemServiceManager( 3056): Starting com.android.server.MmsServiceBroker
04-28 13:02:04.984 W/AssetAtlasService( 3056): Could not find EGL configuration
04-28 13:02:04.987 D/AssetAtlas( 3056): Rendered atlas in 455.02ms (452.36+2.66ms)
04-28 13:02:05.032 W/VibratorService( 3056): Tried to stop vibrating but there is no vibrator device.
04-28 13:02:05.548 E/LockSettingsStorage( 3056): Cannot read file java.io.FileNotFoundException: /data/system/gatekeeper.password.key: open failed: ENOENT (No such file or directory)
04-28 13:02:05.549 E/LockSettingsStorage( 3056): Cannot read file java.io.FileNotFoundException: /data/system/password.key: open failed: ENOENT (No such file or directory)
04-28 13:02:05.561 E/LockSettingsStorage( 3056): Cannot read file java.io.FileNotFoundException: /data/system/gatekeeper.pattern.key: open failed: ENOENT (No such file or directory)
04-28 13:02:05.563 E/LockSettingsStorage( 3056): Cannot read file java.io.FileNotFoundException: /data/system/gatekeeper.gesture.key: open failed: ENOENT (No such file or directory)
04-28 13:02:05.564 E/LockSettingsStorage( 3056): Cannot read file java.io.FileNotFoundException: /data/system/gesture.key: open failed: ENOENT (No such file or directory)
04-28 13:02:05.564 I/SystemServiceManager( 3056): Starting phase 480
04-28 13:02:05.616 I/DevicePolicyManagerService( 3056): Set ro.device_owner property to false
04-28 13:02:05.645 I/SystemServiceManager( 3056): Starting phase 500
04-28 13:02:05.682 D/ConnectivityMetricsLoggerService( 3056): onBootPhase: PHASE_SYSTEM_SERVICES_READY
04-28 13:02:05.745 I/WifiService( 3056): WifiService starting up with Wi-Fi disabled
04-28 13:02:05.765 I/WifiScanningService( 3056): Starting wifiscanner
04-28 13:02:05.796 I/RttService( 3056): Registering rttmanager
04-28 13:02:05.829 D/ZenLog  ( 3056): config: cleanUpZenRules,ZenModeConfig[user=0,allowCalls=true,allowRepeatCallers=false,allowMessages=false,allowCallsFrom=contacts,allowMessagesFrom=contacts,allowReminders=true,allowEvents=true,allowWhenScreenOff=true,allowWhenScreenOn=true,automaticRules={370bd6672ef541ba946db9ac4aef0faf=ZenRule[enabled=false,snoozing=false,name=Weeknight,zenMode=ZEN_MODE_ALARMS,conditionId=condition://android/schedule?days=1.2.3.4.5&start=22.0&end=7.0&exitAtAlarm=false,condition=Condition[id=condition://android/schedule?days=1.2.3.4.5&start=22.0&end=7.0&exitAtAlarm=false,summary=...,line1=...,line2=...,icon=0,state=STATE_FALSE,flags=2],component=ComponentInfo{android/com.android.server.notification.ScheduleConditionProvider},id=370bd6672ef541ba946db9ac4aef0faf,creationTime=1590622727817,enabler=null], a53ffdf89c814123a52adbdd46bc948d=ZenRule[enabled=false,snoozing=false,name=Weekend,zenMode=ZEN_MODE_ALARMS,conditionId=condition://android/schedule?days=6.7&start=23.30&end=10.0&exitAtAlarm=false,condition=Condition[id=condition://android/schedule?days=6.7&start=23.30&end=10.0&exitAtAlarm=false,summary=...,line1=...,line2=...,icon=0,state=STATE_FALSE,flags=2],component=ComponentInfo{android/com.android.server.notification.ScheduleConditionProvider},id=a53ffdf89c814123a52adbdd46bc948d,creationTime=1590622727818,enabler=null], fc8bb1aacabb4877a1d1d167106f6e77=ZenRule[enabled=false,snoozing=false,name=Event,zenMode=ZEN_MODE_ALARMS,conditionId=condition://android/event?userId=-10000&calendar=&reply=1,condition=Condition[id=condition://android/event?userId=-10000&calendar=&reply=1,summary=...,line1=...,line2=...,icon=0,state=STATE_FALSE,flags=2],component=ComponentInfo{android/com.android.server.notification.EventConditionProvider},id=fc8bb1aacabb4877a1d1d167106f6e77,creationTime=1590622727822,enabler=null]},manualRule=null],Diff[]
04-28 13:02:05.829 D/ZenLog  ( 3056): set_zen_mode: off,onSystemReady
04-28 13:02:05.849 D/PermissionCache( 1326): checking android.permission.CAPTURE_AUDIO_HOTWORD for uid=1000 => granted (845 us)
04-28 13:02:05.864 W/SoundTriggerHelper( 3056): listModules status=0, # of modules=0
04-28 13:02:05.864 D/ContextHubSystemService( 3056): onBootPhase: PHASE_SYSTEM_SERVICES_READY
04-28 13:02:06.187 W/KeyguardServiceDelegate( 3056): onScreenTurningOn(): no keyguard service!
04-28 13:02:06.238 V/UserManagerService( 3056): Found /data/user_de/0 with serial number 0
04-28 13:02:06.238 V/UserManagerService( 3056): Found /data/user/0 with serial number 0
04-28 13:02:06.239 V/UserManagerService( 3056): Found /data/system_de/0 with serial number 0
04-28 13:02:06.239 V/UserManagerService( 3056): Found /data/system_ce/0 with serial number 0
04-28 13:02:06.790 I/ActivityManager( 3056): System now ready
04-28 13:02:06.845 I/SystemServer( 3056): Making services ready
04-28 13:02:06.845 I/SystemServiceManager( 3056): Starting phase 550
04-28 13:02:07.190 W/WindowManager( 3056): Keyguard drawn timeout. Setting mKeyguardDrawComplete
04-28 13:02:07.196 E/InputMethodManagerService( 3056): Ignoring updateSystemUiLocked due to an invalid token. uid:1000 token:null
04-28 13:02:07.703 W/ActivityManager( 3056): Slow operation: 51ms so far, now at startProcess: getting gids from package manager
04-28 13:02:07.705 W/ActivityManager( 3056): Slow operation: 52ms so far, now at startProcess: building args
04-28 13:02:07.705 W/ActivityManager( 3056): Slow operation: 53ms so far, now at startProcess: asking zygote to start proc
04-28 13:02:07.761 I/Zygote  ( 3056): Process: zygote socket opened, supported ABIS: x86_64
04-28 13:02:07.817 W/ProcessCpuTracker( 3056): Skipping unknown process pid 3316
04-28 13:02:07.864 W/ActivityManager( 3056): Slow operation: 212ms so far, now at startProcess: returned from zygote!
04-28 13:02:07.865 W/ActivityManager( 3056): Slow operation: 212ms so far, now at startProcess: done updating battery stats
04-28 13:02:07.866 W/ActivityManager( 3056): Slow operation: 213ms so far, now at startProcess: building log message
04-28 13:02:07.866 I/ActivityManager( 3056): Start proc 3321:com.android.inputmethod.latin/u0a41 for service com.android.inputmethod.latin/.LatinIME
04-28 13:02:07.866 W/ActivityManager( 3056): Slow operation: 214ms so far, now at startProcess: starting to update pids map
04-28 13:02:07.867 W/ActivityManager( 3056): Slow operation: 214ms so far, now at startProcess: done updating pids map
04-28 13:02:07.867 W/ActivityManager( 3056): Slow operation: 216ms so far, now at startProcess: done starting proc!
04-28 13:02:07.868 V/InputMethodManagerService( 3056): Adding window token: android.os.Binder@942e1fd
04-28 13:02:07.869 D/MountService( 3056): Thinking about init, mSystemReady=true, mDaemonConnected=true
04-28 13:02:07.869 D/MountService( 3056): Setting up emulation state, initlocked=false
04-28 13:02:07.905 E/BitmapFactory( 3056): Unable to decode stream: java.io.FileNotFoundException: /data/system/users/0/wallpaper_orig (No such file or directory)
04-28 13:02:07.905 E/WallpaperManagerService( 3056): Invalid wallpaper data
04-28 13:02:07.905 E/WallpaperManagerService( 3056): Unable to apply new wallpaper
04-28 13:02:07.940 D/CryptdConnector( 3056): SND -> {2 cryptfs unlock_user_key 0 0 ! !}
04-28 13:02:07.945 D/vold    ( 1277): e4crypt_unlock_user_key 0 serial=0 token_present=0
04-28 13:02:07.947 D/CryptdConnector( 3056): RCV <- {200 2 Command succeeded}
04-28 13:02:07.948 D/MountService( 3056): Thinking about reset, mSystemReady=true, mDaemonConnected=true
04-28 13:02:08.000 D/VoldConnector( 3056): SND -> {3 volume reset}
04-28 13:02:08.004 D/vold    ( 1277): Recognized experimental block major ID 253 as virtio-blk (emulator's virtual SD card device)
04-28 13:02:08.005 D/VoldConnector( 3056): RCV <- {651 emulated 7}
04-28 13:02:08.007 D/VoldConnector( 3056): RCV <- {659 emulated}
04-28 13:02:08.007 D/VoldConnector( 3056): RCV <- {650 emulated 2 "" ""}
04-28 13:02:08.008 D/VoldConnector( 3056): RCV <- {651 emulated 0}
04-28 13:02:08.009 D/VoldConnector( 3056): RCV <- {651 public:253,48 7}
04-28 13:02:08.016 V/MountService( 3056): Found primary storage at VolumeInfo{emulated}:
04-28 13:02:08.016 V/MountService( 3056):     type=EMULATED diskId=null partGuid=null mountFlags=0 mountUserId=-1 
04-28 13:02:08.016 V/MountService( 3056):     state=UNMOUNTED 
04-28 13:02:08.016 V/MountService( 3056):     fsType=null fsUuid=null fsLabel=null 
04-28 13:02:08.016 V/MountService( 3056):     path=null internalPath=null 
04-28 13:02:08.019 V/vold    ( 1277): /system/bin/sgdisk
04-28 13:02:08.019 V/vold    ( 1277):     --android-dump
04-28 13:02:08.019 V/vold    ( 1277):     /dev/block/vold/disk:253,48
04-28 13:02:08.081 D/VoldConnector( 3056): RCV <- {659 public:253,48}
04-28 13:02:08.082 D/VoldConnector( 3056): RCV <- {649 disk:253,48}
04-28 13:02:08.083 D/VoldConnector( 3056): RCV <- {640 disk:253,48 5}
04-28 13:02:08.084 D/VoldConnector( 3056): RCV <- {641 disk:253,48 549453824}
04-28 13:02:08.084 D/VoldConnector( 3056): RCV <- {642 disk:253,48 Virtual}
04-28 13:02:08.085 D/VoldConnector( 3056): RCV <- {644 disk:253,48 /sys//devices/pci0000:00/0000:00:06.0/virtio3/block/vdd}
04-28 13:02:08.122 W/art     ( 3321): Unexpected CPU variant for X86 using defaults: x86_64
04-28 13:02:08.176 W/art     ( 3327): Unexpected CPU variant for X86 using defaults: x86_64
04-28 13:02:08.192 W/ActivityManager( 3056): Slow operation: 277ms so far, now at startProcess: returned from zygote!
04-28 13:02:08.193 W/ActivityManager( 3056): Slow operation: 277ms so far, now at startProcess: done updating battery stats
04-28 13:02:08.193 W/ActivityManager( 3056): Slow operation: 278ms so far, now at startProcess: building log message
04-28 13:02:08.193 I/ActivityManager( 3056): Start proc 3327:com.android.systemui/u0a21 for service com.android.systemui/.ImageWallpaper
04-28 13:02:08.193 W/ActivityManager( 3056): Slow operation: 278ms so far, now at startProcess: starting to update pids map
04-28 13:02:08.193 W/ActivityManager( 3056): Slow operation: 278ms so far, now at startProcess: done updating pids map
04-28 13:02:08.193 W/ActivityManager( 3056): Slow operation: 279ms so far, now at startProcess: done starting proc!
04-28 13:02:08.196 I/ActivityManager( 3056): Force stopping com.android.providers.media appid=10010 user=-1: vold reset
04-28 13:02:08.200 W/art     ( 3056): Long monitor contention with owner main (3056) at int com.android.server.am.ActivityManagerService.bindService(android.app.IApplicationThread, android.os.IBinder, android.content.Intent, java.lang.String, android.app.IServiceConnection, int, java.lang.String, int)(ActivityManagerService.java:17301) waiters=0 in void com.android.server.am.ActivityManagerService.dispatchUidsChanged() for 284ms
04-28 13:02:08.209 E/BluetoothAdapter( 3056): Bluetooth binder is null
04-28 13:02:08.213 D/UsbAlsaManager( 3056): Adding ALSA device AlsaDevice: [card: 0, device: 0, type: 1]
04-28 13:02:08.213 D/UsbAlsaManager( 3056): Adding ALSA device AlsaDevice: [card: 0, device: 0, type: 2]
04-28 13:02:08.228 I/SystemServer( 3056): WebViewFactory preparation
04-28 13:02:08.241 E/BluetoothAdapter( 3056): Bluetooth binder is null
04-28 13:02:08.323 D/WebViewFactory( 3056): Setting new address space to 114394000
04-28 13:02:08.364 I/AudioFlinger( 1326): systemReady
04-28 13:02:08.785 I/Zygote  ( 3056): Process: zygote socket opened, supported ABIS: x86
04-28 13:02:09.225 I/art     ( 1325): Starting a blocking GC Background
04-28 13:02:09.368 E/WVMExtractor( 3056): Failed to open libwvm.so: dlopen failed: library "libwvm.so" not found
04-28 13:02:09.510 I/art     ( 1325): Background concurrent mark sweep GC freed 120(16KB) AllocSpace objects, 0(0B) LOS objects, 39% free, 6MB/10MB, paused 1.878ms total 210.087ms
04-28 13:02:09.998 V/vold    ( 1277): DISK mbr
04-28 13:02:09.998 V/vold    ( 1277): 
04-28 13:02:10.099 W/vold    ( 1277): disk:253,48 has unknown partition table; trying entire device
04-28 13:02:10.112 V/vold    ( 1277): /system/bin/blkid
04-28 13:02:10.112 V/vold    ( 1277):     -c
04-28 13:02:10.112 V/vold    ( 1277):     /dev/null
04-28 13:02:10.112 V/vold    ( 1277):     -s
04-28 13:02:10.112 V/vold    ( 1277):     TYPE
04-28 13:02:10.112 V/vold    ( 1277):     -s
04-28 13:02:10.112 V/vold    ( 1277):     UUID
04-28 13:02:10.112 V/vold    ( 1277):     -s
04-28 13:02:10.112 V/vold    ( 1277):     LABEL
04-28 13:02:10.112 V/vold    ( 1277):     /dev/block/vold/disk:253,48
04-28 13:02:10.154 I/MediaPlayerService( 1336): MediaPlayerService::getOMX
04-28 13:02:10.194 W/art     ( 3359): Unexpected CPU variant for X86 using defaults: x86
04-28 13:02:10.261 W/ActivityManager( 3056): Slow operation: 1838ms so far, now at startProcess: returned from zygote!
04-28 13:02:10.262 W/ActivityManager( 3056): Slow operation: 1840ms so far, now at startProcess: done updating battery stats
04-28 13:02:10.263 W/ActivityManager( 3056): Slow operation: 1841ms so far, now at startProcess: building log message
04-28 13:02:10.264 I/ActivityManager( 3056): Start proc 3359:WebViewLoader-x86/1037 [android.webkit.WebViewFactory$RelroFileCreator] for 
04-28 13:02:10.264 W/ActivityManager( 3056): Slow operation: 1842ms so far, now at startProcess: starting to update pids map
04-28 13:02:10.264 W/ActivityManager( 3056): Slow operation: 1842ms so far, now at startProcess: done updating pids map
04-28 13:02:10.264 W/ActivityManager( 3056): Slow operation: 1843ms so far, now at startProcess: done starting proc!
04-28 13:02:10.323 W/art     ( 3056): Long monitor contention with owner main (3056) at int com.android.server.am.ActivityManagerService.startIsolatedProcess(java.lang.String, java.lang.String[], java.lang.String, java.lang.String, int, java.lang.Runnable)(ActivityManagerService.java:3509) waiters=0 in void com.android.server.am.ActivityManagerService.dispatchUidsChanged() for 1.898s
04-28 13:02:10.325 W/art     ( 3056): Long monitor contention with owner main (3056) at int com.android.server.am.ActivityManagerService.startIsolatedProcess(java.lang.String, java.lang.String[], java.lang.String, java.lang.String, int, java.lang.Runnable)(ActivityManagerService.java:3509) waiters=1 in void com.android.server.am.ActivityManagerService.attachApplication(android.app.IApplicationThread) for 1.746s
04-28 13:02:10.396 W/art     ( 3056): Long monitor contention with owner main (3056) at int com.android.server.am.ActivityManagerService.startIsolatedProcess(java.lang.String, java.lang.String[], java.lang.String, java.lang.String, int, java.lang.Runnable)(ActivityManagerService.java:3509) waiters=2 in void com.android.server.am.ActivityManagerService.attachApplication(android.app.IApplicationThread) for 1.771s
04-28 13:02:10.501 I/OMXClient( 1336): MuxOMX ctor
04-28 13:02:10.681 I/MediaPlayerService( 1336): MediaPlayerService::getOMX
04-28 13:02:10.684 I/OMXClient( 1336): MuxOMX ctor
04-28 13:02:10.737 W/ActivityManager( 3056): Slow operation: 315ms so far, now at startProcess: returned from zygote!
04-28 13:02:10.738 W/ActivityManager( 3056): Slow operation: 316ms so far, now at startProcess: done updating battery stats
04-28 13:02:10.738 W/ActivityManager( 3056): Slow operation: 316ms so far, now at startProcess: building log message
04-28 13:02:10.738 I/ActivityManager( 3056): Start proc 3374:WebViewLoader-x86_64/1037 [android.webkit.WebViewFactory$RelroFileCreator] for 
04-28 13:02:10.738 W/ActivityManager( 3056): Slow operation: 316ms so far, now at startProcess: starting to update pids map
04-28 13:02:10.738 W/ActivityManager( 3056): Slow operation: 316ms so far, now at startProcess: done updating pids map
04-28 13:02:10.739 W/ActivityManager( 3056): Slow operation: 317ms so far, now at startProcess: done starting proc!
04-28 13:02:10.739 W/art     ( 3056): Long monitor contention with owner main (3056) at int com.android.server.am.ActivityManagerService.startIsolatedProcess(java.lang.String, java.lang.String[], java.lang.String, java.lang.String, int, java.lang.Runnable)(ActivityManagerService.java:3509) waiters=0 in void com.android.server.am.ActivityManagerService.dispatchUidsChanged() for 290ms
04-28 13:02:10.770 I/OMXMaster( 1333): makeComponentInstance(OMX.google.mp3.decoder) in mediacodec process
04-28 13:02:10.856 D/NetworkManagement( 3056): enabling bandwidth control
04-28 13:02:10.889 V/WebViewFactory( 3359): RelroFileCreator (64bit = false),  32-bit lib: /system/app/webview/webview.apk!/lib/x86/libwebviewchromium.so, 64-bit lib: /system/app/webview/webview.apk!/lib/x86_64/libwebviewchromium.so
04-28 13:02:10.967 W/art     ( 3374): Unexpected CPU variant for X86 using defaults: x86_64
04-28 13:02:11.166 W/BroadcastQueue( 3056): Timeout of broadcast BroadcastRecord{f678cee u-1 android.intent.action.TIME_TICK} - receiver=android.app.LoadedApk$ReceiverDispatcher$InnerReceiver@f4c9c4f, started 10016ms ago
04-28 13:02:11.167 W/BroadcastQueue( 3056): Receiver during timeout: BroadcastFilter{84db8e5 u0 ReceiverList{f58cfdc 3056 system/1000/u0 local:f4c9c4f}}
04-28 13:02:11.191 W/System  ( 3327): ClassLoader referenced unknown path: /system/priv-app/SystemUI/lib/x86_64
04-28 13:02:11.388 V/WebViewFactory( 3374): RelroFileCreator (64bit = true),  32-bit lib: /system/app/webview/webview.apk!/lib/x86/libwebviewchromium.so, 64-bit lib: /system/app/webview/webview.apk!/lib/x86_64/libwebviewchromium.so
04-28 13:02:11.628 V/vold    ( 1277): /dev/block/vold/disk:253,48: LABEL="SDCARD" UUID="1EFF-1C1B" TYPE="vfat" 
04-28 13:02:11.628 V/vold    ( 1277): 
04-28 13:02:11.698 D/VoldConnector( 3056): RCV <- {650 public:253,48 0 "disk:253,48" ""}
04-28 13:02:11.703 D/VoldConnector( 3056): RCV <- {651 public:253,48 0}
04-28 13:02:11.707 D/VoldConnector( 3056): RCV <- {643 disk:253,48}
04-28 13:02:11.714 D/VoldConnector( 3056): RCV <- {200 3 Command succeeded}
04-28 13:02:11.721 E/VoldConnector( 3056): NDC Command {3 volume reset} took too long (3721ms)
04-28 13:02:11.722 D/VoldConnector( 3056): SND -> {4 volume user_added 0 0}
04-28 13:02:11.730 D/VoldConnector( 3056): RCV <- {200 4 Command succeeded}
04-28 13:02:11.761 D/VoldConnector( 3056): SND -> {5 volume mount emulated 3 -1}
04-28 13:02:11.768 V/vold    ( 1277): Waiting for FUSE to spin up...
04-28 13:02:11.768 D/VoldConnector( 3056): RCV <- {651 emulated 1}
04-28 13:02:11.769 D/VoldConnector( 3056): RCV <- {656 emulated /data/media}
04-28 13:02:11.792 D/VoldConnector( 3056): RCV <- {655 emulated /storage/emulated}
04-28 13:02:11.823 V/vold    ( 1277): Waiting for FUSE to spin up...
04-28 13:02:11.903 V/vold    ( 1277): Waiting for FUSE to spin up...
04-28 13:02:11.957 V/vold    ( 1277): Waiting for FUSE to spin up...
04-28 13:02:12.009 V/vold    ( 1277): Waiting for FUSE to spin up...
04-28 13:02:12.072 V/vold    ( 1277): Waiting for FUSE to spin up...
04-28 13:02:12.129 V/vold    ( 1277): Waiting for FUSE to spin up...
04-28 13:02:12.187 V/vold    ( 1277): Waiting for FUSE to spin up...
04-28 13:02:12.250 V/vold    ( 1277): Waiting for FUSE to spin up...
04-28 13:02:12.310 V/vold    ( 1277): Waiting for FUSE to spin up...
04-28 13:02:12.366 V/vold    ( 1277): Waiting for FUSE to spin up...
04-28 13:02:12.417 V/vold    ( 1277): Waiting for FUSE to spin up...
04-28 13:02:12.470 V/vold    ( 1277): Waiting for FUSE to spin up...
04-28 13:02:12.504 V/SystemUIService( 3327): Starting SystemUI services for user 0.
04-28 13:02:12.525 V/vold    ( 1277): Waiting for FUSE to spin up...
04-28 13:02:12.580 V/vold    ( 1277): Waiting for FUSE to spin up...
04-28 13:02:12.640 V/vold    ( 1277): Waiting for FUSE to spin up...
04-28 13:02:12.666 W/ActivityManager( 3056): Slow operation: 88ms so far, now at getContentProviderImpl: after updateOomAdj
04-28 13:02:12.681 W/ActivityManager( 3056): Slow operation: 104ms so far, now at getContentProviderImpl: done!
04-28 13:02:12.693 V/vold    ( 1277): Waiting for FUSE to spin up...
04-28 13:02:12.750 V/vold    ( 1277): Waiting for FUSE to spin up...
04-28 13:02:12.780 I/MediaPlayerService( 1336): MediaPlayerService::getOMX
04-28 13:02:12.785 I/art     ( 3374): System.exit called, status: 0
04-28 13:02:12.785 I/AndroidRuntime( 3374): VM exiting with result code 0, cleanup skipped.
04-28 13:02:12.799 I/OMXClient( 1336): MuxOMX ctor
04-28 13:02:12.807 V/vold    ( 1277): Waiting for FUSE to spin up...
04-28 13:02:12.851 I/OMXMaster( 1333): makeComponentInstance(OMX.google.amrnb.decoder) in mediacodec process
04-28 13:02:12.860 V/vold    ( 1277): Waiting for FUSE to spin up...
04-28 13:02:12.913 V/vold    ( 1277): Waiting for FUSE to spin up...
04-28 13:02:12.965 V/vold    ( 1277): Waiting for FUSE to spin up...
04-28 13:02:13.007 I/MediaPlayerService( 1336): MediaPlayerService::getOMX
04-28 13:02:13.009 I/OMXClient( 1336): MuxOMX ctor
04-28 13:02:13.020 V/vold    ( 1277): Waiting for FUSE to spin up...
04-28 13:02:13.043 I/OMXMaster( 1333): makeComponentInstance(OMX.google.amrwb.decoder) in mediacodec process
04-28 13:02:13.052 W/sdcard  ( 3391): Device explicitly disabled sdcardfs
04-28 13:02:13.072 V/vold    ( 1277): Waiting for FUSE to spin up...
04-28 13:02:13.132 V/vold    ( 1277): Waiting for FUSE to spin up...
04-28 13:02:13.163 I/MediaPlayerService( 1336): MediaPlayerService::getOMX
04-28 13:02:13.164 I/OMXClient( 1336): MuxOMX ctor
04-28 13:02:13.166 I/OMXMaster( 1333): makeComponentInstance(OMX.google.aac.decoder) in mediacodec process
04-28 13:02:13.186 V/vold    ( 1277): Waiting for FUSE to spin up...
04-28 13:02:13.240 V/vold    ( 1277): Waiting for FUSE to spin up...
04-28 13:02:13.316 V/vold    ( 1277): Waiting for FUSE to spin up...
04-28 13:02:13.325 I/LatinIME( 3321): Hardware accelerated drawing: true
04-28 13:02:13.351 I/MediaPlayerService( 1336): MediaPlayerService::getOMX
04-28 13:02:13.352 I/OMXClient( 1336): MuxOMX ctor
04-28 13:02:13.353 I/OMXMaster( 1333): makeComponentInstance(OMX.google.g711.alaw.decoder) in mediacodec process
04-28 13:02:13.370 V/vold    ( 1277): Waiting for FUSE to spin up...
04-28 13:02:13.493 D/VoldConnector( 3056): RCV <- {651 emulated 2}
04-28 13:02:13.495 D/VoldConnector( 3056): RCV <- {200 5 Command succeeded}
04-28 13:02:13.497 E/VoldConnector( 3056): NDC Command {5 volume mount emulated 3 -1} took too long (1736ms)
04-28 13:02:13.498 D/VoldConnector( 3056): SND -> {6 volume mount public:253,48 2 0}
04-28 13:02:13.524 V/MediaRouter( 3327): Adding route: RouteInfo{ name=Phone, description=null, status=null, category=RouteCategory{ name=null types=ROUTE_TYPE_LIVE_AUDIO ROUTE_TYPE_LIVE_VIDEO  groupable=false }, supportedTypes=ROUTE_TYPE_LIVE_AUDIO ROUTE_TYPE_LIVE_VIDEO , presentationDisplay=null }
04-28 13:02:13.551 D/VoldConnector( 3056): RCV <- {651 public:253,48 1}
04-28 13:02:13.564 V/MediaRouter( 3327): Updating audio routes: AudioRoutesInfo{ type=SPEAKER }
04-28 13:02:13.571 V/vold    ( 1277): /system/bin/blkid
04-28 13:02:13.571 V/vold    ( 1277):     -c
04-28 13:02:13.571 V/vold    ( 1277):     /dev/null
04-28 13:02:13.571 V/vold    ( 1277):     -s
04-28 13:02:13.571 V/vold    ( 1277):     TYPE
04-28 13:02:13.571 V/vold    ( 1277):     -s
04-28 13:02:13.571 V/vold    ( 1277):     UUID
04-28 13:02:13.571 V/vold    ( 1277):     -s
04-28 13:02:13.571 V/vold    ( 1277):     LABEL
04-28 13:02:13.571 V/vold    ( 1277):     /dev/block/vold/public:253,48
04-28 13:02:13.641 V/MediaRouter( 3327): Selecting route: RouteInfo{ name=Phone, description=null, status=null, category=RouteCategory{ name=null types=ROUTE_TYPE_LIVE_AUDIO ROUTE_TYPE_LIVE_VIDEO  groupable=false }, supportedTypes=ROUTE_TYPE_LIVE_AUDIO ROUTE_TYPE_LIVE_VIDEO , presentationDisplay=null }
04-28 13:02:13.726 I/art     ( 3359): System.exit called, status: 0
04-28 13:02:13.727 I/AndroidRuntime( 3359): VM exiting with result code 0, cleanup skipped.
04-28 13:02:14.538 W/ProcessCpuTracker( 3056): Skipping unknown process pid 3420
04-28 13:02:14.637 E/WVMExtractor( 3327): Failed to open libwvm.so: dlopen failed: library "libwvm.so" not found
04-28 13:02:14.713 I/MediaPlayerService( 1336): MediaPlayerService::getOMX
