04-28 13:01:12.013 E/Hyphenator( 1325): error loading hyphenation /system/usr/hyphen-data/hyph-hr.hyb
04-28 13:01:12.013 E/Hyphenator( 1325): java.io.FileNotFoundException: /system/usr/hyphen-data/hyph-hr.hyb: open failed: ENOENT (No such file or directory)
04-28 13:01:12.013 E/Hyphenator( 1325): 	at libcore.io.IoBridge.open(IoBridge.java:455)
04-28 13:01:12.013 E/Hyphenator( 1325): 	at java.io.RandomAccessFile.<init>(RandomAccessFile.java:247)
04-28 13:01:12.013 E/Hyphenator( 1325): 	at android.text.Hyphenator.loadHyphenator(Hyphenator.java:118)
04-28 13:01:12.013 E/Hyphenator( 1325): 	at android.text.Hyphenator.init(Hyphenator.java:224)
04-28 13:01:12.013 E/Hyphenator( 1325): 	at com.android.internal.os.ZygoteInit.preloadTextResources(ZygoteInit.java:252)
04-28 13:01:12.013 E/Hyphenator( 1325): 	at com.android.internal.os.ZygoteInit.preload(ZygoteInit.java:206)
04-28 13:01:12.013 E/Hyphenator( 1325): 	at com.android.internal.os.ZygoteInit.main(ZygoteInit.java:743)
04-28 13:01:12.013 E/Hyphenator( 1325): Caused by: android.system.ErrnoException: open failed: ENOENT (No such file or directory)
04-28 13:01:12.013 E/Hyphenator( 1325): 	at libcore.io.Posix.open(Native Method)
04-28 13:01:12.013 E/Hyphenator( 1325): 	at libcore.io.BlockGuardOs.open(BlockGuardOs.java:187)
04-28 13:01:12.013 E/Hyphenator( 1325): 	at libcore.io.IoBridge.open(IoBridge.java:441)
04-28 13:01:12.013 E/Hyphenator( 1325): 	... 6 more
04-28 13:01:12.014 E/Hyphenator( 1325): error loading hyphenation /system/usr/hyphen-data/hyph-hu.hyb
04-28 13:01:12.014 E/Hyphenator( 1325): java.io.FileNotFoundException: /system/usr/hyphen-data/hyph-hu.hyb: open failed: ENOENT (No such file or directory)
04-28 13:01:12.014 E/Hyphenator( 1325): 	at libcore.io.IoBridge.open(IoBridge.java:455)
04-28 13:01:12.014 E/Hyphenator( 1325): 	at java.io.RandomAccessFile.<init>(RandomAccessFile.java:247)
04-28 13:01:12.014 E/Hyphenator( 1325): 	at android.text.Hyphenator.loadHyphenator(Hyphenator.java:118)
04-28 13:01:12.014 E/Hyphenator( 1325): 	at android.text.Hyphenator.init(Hyphenator.java:224)
04-28 13:01:12.014 E/Hyphenator( 1325): 	at com.android.internal.os.ZygoteInit.preloadTextResources(ZygoteInit.java:252)
04-28 13:01:12.014 E/Hyphenator( 1325): 	at com.android.internal.os.ZygoteInit.preload(ZygoteInit.java:206)
04-28 13:01:12.014 E/Hyphenator( 1325): 	at com.android.internal.os.ZygoteInit.main(ZygoteInit.java:743)
04-28 13:01:12.014 E/Hyphenator( 1325): Caused by: android.system.ErrnoException: open failed: ENOENT (No such file or directory)
04-28 13:01:12.014 E/Hyphenator( 1325): 	at libcore.io.Posix.open(Native Method)
04-28 13:01:12.014 E/Hyphenator( 1325): 	at libcore.io.BlockGuardOs.open(BlockGuardOs.java:187)
04-28 13:01:12.014 E/Hyphenator( 1325): 	at libcore.io.IoBridge.open(IoBridge.java:441)
04-28 13:01:12.014 E/Hyphenator( 1325): 	... 6 more
04-28 13:01:12.016 E/Hyphenator( 1325): error loading hyphenation /system/usr/hyphen-data/hyph-hy.hyb
04-28 13:01:12.016 E/Hyphenator( 1325): java.io.FileNotFoundException: /system/usr/hyphen-data/hyph-hy.hyb: open failed: ENOENT (No such file or directory)
04-28 13:01:12.016 E/Hyphenator( 1325): 	at libcore.io.IoBridge.open(IoBridge.java:455)
04-28 13:01:12.016 E/Hyphenator( 1325): 	at java.io.RandomAccessFile.<init>(RandomAccessFile.java:247)
04-28 13:01:12.016 E/Hyphenator( 1325): 	at android.text.Hyphenator.loadHyphenator(Hyphenator.java:118)
04-28 13:01:12.016 E/Hyphenator( 1325): 	at android.text.Hyphenator.init(Hyphenator.java:224)
04-28 13:01:12.016 E/Hyphenator( 1325): 	at com.android.internal.os.ZygoteInit.preloadTextResources(ZygoteInit.java:252)
04-28 13:01:12.016 E/Hyphenator( 1325): 	at com.android.internal.os.ZygoteInit.preload(ZygoteInit.java:206)
04-28 13:01:12.016 E/Hyphenator( 1325): 	at com.android.internal.os.ZygoteInit.main(ZygoteInit.java:743)
04-28 13:01:12.016 E/Hyphenator( 1325): Caused by: android.system.ErrnoException: open failed: ENOENT (No such file or directory)
04-28 13:01:12.016 E/Hyphenator( 1325): 	at libcore.io.Posix.open(Native Method)
04-28 13:01:12.016 E/Hyphenator( 1325): 	at libcore.io.BlockGuardOs.open(BlockGuardOs.java:187)
04-28 13:01:12.016 E/Hyphenator( 1325): 	at libcore.io.IoBridge.open(IoBridge.java:441)
04-28 13:01:12.016 E/Hyphenator( 1325): 	... 6 more
04-28 13:01:12.017 E/Hyphenator( 1325): error loading hyphenation /system/usr/hyphen-data/hyph-kn.hyb
04-28 13:01:12.017 E/Hyphenator( 1325): java.io.FileNotFoundException: /system/usr/hyphen-data/hyph-kn.hyb: open failed: ENOENT (No such file or directory)
04-28 13:01:12.017 E/Hyphenator( 1325): 	at libcore.io.IoBridge.open(IoBridge.java:455)
04-28 13:01:12.017 E/Hyphenator( 1325): 	at java.io.RandomAccessFile.<init>(RandomAccessFile.java:247)
04-28 13:01:12.017 E/Hyphenator( 1325): 	at android.text.Hyphenator.loadHyphenator(Hyphenator.java:118)
04-28 13:01:12.017 E/Hyphenator( 1325): 	at android.text.Hyphenator.init(Hyphenator.java:224)
04-28 13:01:12.017 E/Hyphenator( 1325): 	at com.android.internal.os.ZygoteInit.preloadTextResources(ZygoteInit.java:252)
04-28 13:01:12.017 E/Hyphenator( 1325): 	at com.android.internal.os.ZygoteInit.preload(ZygoteInit.java:206)
04-28 13:01:12.017 E/Hyphenator( 1325): 	at com.android.internal.os.ZygoteInit.main(ZygoteInit.java:743)
04-28 13:01:12.017 E/Hyphenator( 1325): Caused by: android.system.ErrnoException: open failed: ENOENT (No such file or directory)
04-28 13:01:12.017 E/Hyphenator( 1325): 	at libcore.io.Posix.open(Native Method)
04-28 13:01:12.017 E/Hyphenator( 1325): 	at libcore.io.BlockGuardOs.open(BlockGuardOs.java:187)
04-28 13:01:12.017 E/Hyphenator( 1325): 	at libcore.io.IoBridge.open(IoBridge.java:441)
04-28 13:01:12.017 E/Hyphenator( 1325): 	... 6 more
04-28 13:01:12.021 E/Hyphenator( 1325): error loading hyphenation /system/usr/hyphen-data/hyph-ml.hyb
04-28 13:01:12.021 E/Hyphenator( 1325): java.io.FileNotFoundException: /system/usr/hyphen-data/hyph-ml.hyb: open failed: ENOENT (No such file or directory)
04-28 13:01:12.021 E/Hyphenator( 1325): 	at libcore.io.IoBridge.open(IoBridge.java:455)
04-28 13:01:12.021 E/Hyphenator( 1325): 	at java.io.RandomAccessFile.<init>(RandomAccessFile.java:247)
04-28 13:01:12.021 E/Hyphenator( 1325): 	at android.text.Hyphenator.loadHyphenator(Hyphenator.java:118)
04-28 13:01:12.021 E/Hyphenator( 1325): 	at android.text.Hyphenator.init(Hyphenator.java:224)
04-28 13:01:12.021 E/Hyphenator( 1325): 	at com.android.internal.os.ZygoteInit.preloadTextResources(ZygoteInit.java:252)
04-28 13:01:12.021 E/Hyphenator( 1325): 	at com.android.internal.os.ZygoteInit.preload(ZygoteInit.java:206)
04-28 13:01:12.021 E/Hyphenator( 1325): 	at com.android.internal.os.ZygoteInit.main(ZygoteInit.java:743)
04-28 13:01:12.021 E/Hyphenator( 1325): Caused by: android.system.ErrnoException: open failed: ENOENT (No such file or directory)
04-28 13:01:12.021 E/Hyphenator( 1325): 	at libcore.io.Posix.open(Native Method)
04-28 13:01:12.021 E/Hyphenator( 1325): 	at libcore.io.BlockGuardOs.open(BlockGuardOs.java:187)
04-28 13:01:12.021 E/Hyphenator( 1325): 	at libcore.io.IoBridge.open(IoBridge.java:441)
04-28 13:01:12.021 E/Hyphenator( 1325): 	... 6 more
04-28 13:01:12.023 E/Hyphenator( 1325): error loading hyphenation /system/usr/hyphen-data/hyph-mn-cyrl.hyb
04-28 13:01:12.023 E/Hyphenator( 1325): java.io.FileNotFoundException: /system/usr/hyphen-data/hyph-mn-cyrl.hyb: open failed: ENOENT (No such file or directory)
04-28 13:01:12.023 E/Hyphenator( 1325): 	at libcore.io.IoBridge.open(IoBridge.java:455)
04-28 13:01:12.023 E/Hyphenator( 1325): 	at java.io.RandomAccessFile.<init>(RandomAccessFile.java:247)
04-28 13:01:12.023 E/Hyphenator( 1325): 	at android.text.Hyphenator.loadHyphenator(Hyphenator.java:118)
04-28 13:01:12.023 E/Hyphenator( 1325): 	at android.text.Hyphenator.init(Hyphenator.java:224)
04-28 13:01:12.023 E/Hyphenator( 1325): 	at com.android.internal.os.ZygoteInit.preloadTextResources(ZygoteInit.java:252)
04-28 13:01:12.023 E/Hyphenator( 1325): 	at com.android.internal.os.ZygoteInit.preload(ZygoteInit.java:206)
04-28 13:01:12.023 E/Hyphenator( 1325): 	at com.android.internal.os.ZygoteInit.main(ZygoteInit.java:743)
04-28 13:01:12.023 E/Hyphenator( 1325): Caused by: android.system.ErrnoException: open failed: ENOENT (No such file or directory)
04-28 13:01:12.023 E/Hyphenator( 1325): 	at libcore.io.Posix.open(Native Method)
04-28 13:01:12.023 E/Hyphenator( 1325): 	at libcore.io.BlockGuardOs.open(BlockGuardOs.java:187)
04-28 13:01:12.023 E/Hyphenator( 1325): 	at libcore.io.IoBridge.open(IoBridge.java:441)
04-28 13:01:12.023 E/Hyphenator( 1325): 	... 6 more
04-28 13:01:12.024 E/Hyphenator( 1325): error loading hyphenation /system/usr/hyphen-data/hyph-mr.hyb
04-28 13:01:12.024 E/Hyphenator( 1325): java.io.FileNotFoundException: /system/usr/hyphen-data/hyph-mr.hyb: open failed: ENOENT (No such file or directory)
04-28 13:01:12.024 E/Hyphenator( 1325): 	at libcore.io.IoBridge.open(IoBridge.java:455)
04-28 13:01:12.024 E/Hyphenator( 1325): 	at java.io.RandomAccessFile.<init>(RandomAccessFile.java:247)
04-28 13:01:12.024 E/Hyphenator( 1325): 	at android.text.Hyphenator.loadHyphenator(Hyphenator.java:118)
04-28 13:01:12.024 E/Hyphenator( 1325): 	at android.text.Hyphenator.init(Hyphenator.java:224)
04-28 13:01:12.024 E/Hyphenator( 1325): 	at com.android.internal.os.ZygoteInit.preloadTextResources(ZygoteInit.java:252)
04-28 13:01:12.024 E/Hyphenator( 1325): 	at com.android.internal.os.ZygoteInit.preload(ZygoteInit.java:206)
04-28 13:01:12.024 E/Hyphenator( 1325): 	at com.android.internal.os.ZygoteInit.main(ZygoteInit.java:743)
04-28 13:01:12.024 E/Hyphenator( 1325): Caused by: android.system.ErrnoException: open failed: ENOENT (No such file or directory)
04-28 13:01:12.024 E/Hyphenator( 1325): 	at libcore.io.Posix.open(Native Method)
04-28 13:01:12.024 E/Hyphenator( 1325): 	at libcore.io.BlockGuardOs.open(BlockGuardOs.java:187)
04-28 13:01:12.024 E/Hyphenator( 1325): 	at libcore.io.IoBridge.open(IoBridge.java:441)
04-28 13:01:12.024 E/Hyphenator( 1325): 	... 6 more
04-28 13:01:12.026 E/Hyphenator( 1325): error loading hyphenation /system/usr/hyphen-data/hyph-nb.hyb
04-28 13:01:12.026 E/Hyphenator( 1325): java.io.FileNotFoundException: /system/usr/hyphen-data/hyph-nb.hyb: open failed: ENOENT (No such file or directory)
04-28 13:01:12.026 E/Hyphenator( 1325): 	at libcore.io.IoBridge.open(IoBridge.java:455)
04-28 13:01:12.026 E/Hyphenator( 1325): 	at java.io.RandomAccessFile.<init>(RandomAccessFile.java:247)
04-28 13:01:12.026 E/Hyphenator( 1325): 	at android.text.Hyphenator.loadHyphenator(Hyphenator.java:118)
04-28 13:01:12.026 E/Hyphenator( 1325): 	at android.text.Hyphenator.init(Hyphenator.java:224)
04-28 13:01:12.026 E/Hyphenator( 1325): 	at com.android.internal.os.ZygoteInit.preloadTextResources(ZygoteInit.java:252)
04-28 13:01:12.026 E/Hyphenator( 1325): 	at com.android.internal.os.ZygoteInit.preload(ZygoteInit.java:206)
04-28 13:01:12.026 E/Hyphenator( 1325): 	at com.android.internal.os.ZygoteInit.main(ZygoteInit.java:743)
04-28 13:01:12.026 E/Hyphenator( 1325): Caused by: android.system.ErrnoException: open failed: ENOENT (No such file or directory)
04-28 13:01:12.026 E/Hyphenator( 1325): 	at libcore.io.Posix.open(Native Method)
04-28 13:01:12.026 E/Hyphenator( 1325): 	at libcore.io.BlockGuardOs.open(BlockGuardOs.java:187)
04-28 13:01:12.026 E/Hyphenator( 1325): 	at libcore.io.IoBridge.open(IoBridge.java:441)
04-28 13:01:12.026 E/Hyphenator( 1325): 	... 6 more
04-28 13:01:12.027 E/Hyphenator( 1325): error loading hyphenation /system/usr/hyphen-data/hyph-nn.hyb
04-28 13:01:12.027 E/Hyphenator( 1325): java.io.FileNotFoundException: /system/usr/hyphen-data/hyph-nn.hyb: open failed: ENOENT (No such file or directory)
04-28 13:01:12.027 E/Hyphenator( 1325): 	at libcore.io.IoBridge.open(IoBridge.java:455)
04-28 13:01:12.027 E/Hyphenator( 1325): 	at java.io.RandomAccessFile.<init>(RandomAccessFile.java:247)
04-28 13:01:12.027 E/Hyphenator( 1325): 	at android.text.Hyphenator.loadHyphenator(Hyphenator.java:118)
04-28 13:01:12.027 E/Hyphenator( 1325): 	at android.text.Hyphenator.init(Hyphenator.java:224)
04-28 13:01:12.027 E/Hyphenator( 1325): 	at com.android.internal.os.ZygoteInit.preloadTextResources(ZygoteInit.java:252)
04-28 13:01:12.027 E/Hyphenator( 1325): 	at com.android.internal.os.ZygoteInit.preload(ZygoteInit.java:206)
04-28 13:01:12.027 E/Hyphenator( 1325): 	at com.android.internal.os.ZygoteInit.main(ZygoteInit.java:743)
04-28 13:01:12.027 E/Hyphenator( 1325): Caused by: android.system.ErrnoException: open failed: ENOENT (No such file or directory)
04-28 13:01:12.027 E/Hyphenator( 1325): 	at libcore.io.Posix.open(Native Method)
04-28 13:01:12.027 E/Hyphenator( 1325): 	at libcore.io.BlockGuardOs.open(BlockGuardOs.java:187)
04-28 13:01:12.027 E/Hyphenator( 1325): 	at libcore.io.IoBridge.open(IoBridge.java:441)
04-28 13:01:12.027 E/Hyphenator( 1325): 	... 6 more
04-28 13:01:12.029 E/Hyphenator( 1325): error loading hyphenation /system/usr/hyphen-data/hyph-or.hyb
04-28 13:01:12.029 E/Hyphenator( 1325): java.io.FileNotFoundException: /system/usr/hyphen-data/hyph-or.hyb: open failed: ENOENT (No such file or directory)
04-28 13:01:12.029 E/Hyphenator( 1325): 	at libcore.io.IoBridge.open(IoBridge.java:455)
04-28 13:01:12.029 E/Hyphenator( 1325): 	at java.io.RandomAccessFile.<init>(RandomAccessFile.java:247)
04-28 13:01:12.029 E/Hyphenator( 1325): 	at android.text.Hyphenator.loadHyphenator(Hyphenator.java:118)
04-28 13:01:12.029 E/Hyphenator( 1325): 	at android.text.Hyphenator.init(Hyphenator.java:224)
04-28 13:01:12.029 E/Hyphenator( 1325): 	at com.android.internal.os.ZygoteInit.preloadTextResources(ZygoteInit.java:252)
04-28 13:01:12.029 E/Hyphenator( 1325): 	at com.android.internal.os.ZygoteInit.preload(ZygoteInit.java:206)
04-28 13:01:12.029 E/Hyphenator( 1325): 	at com.android.internal.os.ZygoteInit.main(ZygoteInit.java:743)
04-28 13:01:12.029 E/Hyphenator( 1325): Caused by: android.system.ErrnoException: open failed: ENOENT (No such file or directory)
04-28 13:01:12.029 E/Hyphenator( 1325): 	at libcore.io.Posix.open(Native Method)
04-28 13:01:12.029 E/Hyphenator( 1325): 	at libcore.io.BlockGuardOs.open(BlockGuardOs.java:187)
04-28 13:01:12.029 E/Hyphenator( 1325): 	at libcore.io.IoBridge.open(IoBridge.java:441)
04-28 13:01:12.029 E/Hyphenator( 1325): 	... 6 more
04-28 13:01:12.071 E/Hyphenator( 1325): error loading hyphenation /system/usr/hyphen-data/hyph-pa.hyb
04-28 13:01:12.071 E/Hyphenator( 1325): java.io.FileNotFoundException: /system/usr/hyphen-data/hyph-pa.hyb: open failed: ENOENT (No such file or directory)
04-28 13:01:12.071 E/Hyphenator( 1325): 	at libcore.io.IoBridge.open(IoBridge.java:455)
04-28 13:01:12.071 E/Hyphenator( 1325): 	at java.io.RandomAccessFile.<init>(RandomAccessFile.java:247)
04-28 13:01:12.071 E/Hyphenator( 1325): 	at android.text.Hyphenator.loadHyphenator(Hyphenator.java:118)
04-28 13:01:12.071 E/Hyphenator( 1325): 	at android.text.Hyphenator.init(Hyphenator.java:224)
04-28 13:01:12.071 E/Hyphenator( 1325): 	at com.android.internal.os.ZygoteInit.preloadTextResources(ZygoteInit.java:252)
04-28 13:01:12.071 E/Hyphenator( 1325): 	at com.android.internal.os.ZygoteInit.preload(ZygoteInit.java:206)
04-28 13:01:12.071 E/Hyphenator( 1325): 	at com.android.internal.os.ZygoteInit.main(ZygoteInit.java:743)
04-28 13:01:12.071 E/Hyphenator( 1325): Caused by: android.system.ErrnoException: open failed: ENOENT (No such file or directory)
04-28 13:01:12.071 E/Hyphenator( 1325): 	at libcore.io.Posix.open(Native Method)
04-28 13:01:12.071 E/Hyphenator( 1325): 	at libcore.io.BlockGuardOs.open(BlockGuardOs.java:187)
04-28 13:01:12.071 E/Hyphenator( 1325): 	at libcore.io.IoBridge.open(IoBridge.java:441)
04-28 13:01:12.071 E/Hyphenator( 1325): 	... 6 more
04-28 13:01:12.102 E/Hyphenator( 1325): error loading hyphenation /system/usr/hyphen-data/hyph-pt.hyb
04-28 13:01:12.102 E/Hyphenator( 1325): java.io.FileNotFoundException: /system/usr/hyphen-data/hyph-pt.hyb: open failed: ENOENT (No such file or directory)
04-28 13:01:12.102 E/Hyphenator( 1325): 	at libcore.io.IoBridge.open(IoBridge.java:455)
04-28 13:01:12.102 E/Hyphenator( 1325): 	at java.io.RandomAccessFile.<init>(RandomAccessFile.java:247)
04-28 13:01:12.102 E/Hyphenator( 1325): 	at android.text.Hyphenator.loadHyphenator(Hyphenator.java:118)
04-28 13:01:12.102 E/Hyphenator( 1325): 	at android.text.Hyphenator.init(Hyphenator.java:224)
04-28 13:01:12.102 E/Hyphenator( 1325): 	at com.android.internal.os.ZygoteInit.preloadTextResources(ZygoteInit.java:252)
04-28 13:01:12.102 E/Hyphenator( 1325): 	at com.android.internal.os.ZygoteInit.preload(ZygoteInit.java:206)
04-28 13:01:12.102 E/Hyphenator( 1325): 	at com.android.internal.os.ZygoteInit.main(ZygoteInit.java:743)
04-28 13:01:12.102 E/Hyphenator( 1325): Caused by: android.system.ErrnoException: open failed: ENOENT (No such file or directory)
04-28 13:01:12.102 E/Hyphenator( 1325): 	at libcore.io.Posix.open(Native Method)
04-28 13:01:12.102 E/Hyphenator( 1325): 	at libcore.io.BlockGuardOs.open(BlockGuardOs.java:187)
04-28 13:01:12.102 E/Hyphenator( 1325): 	at libcore.io.IoBridge.open(IoBridge.java:441)
04-28 13:01:12.102 E/Hyphenator( 1325): 	... 6 more
04-28 13:01:12.103 E/Hyphenator( 1325): error loading hyphenation /system/usr/hyphen-data/hyph-sl.hyb
04-28 13:01:12.103 E/Hyphenator( 1325): java.io.FileNotFoundException: /system/usr/hyphen-data/hyph-sl.hyb: open failed: ENOENT (No such file or directory)
04-28 13:01:12.103 E/Hyphenator( 1325): 	at libcore.io.IoBridge.open(IoBridge.java:455)
04-28 13:01:12.103 E/Hyphenator( 1325): 	at java.io.RandomAccessFile.<init>(RandomAccessFile.java:247)
04-28 13:01:12.103 E/Hyphenator( 1325): 	at android.text.Hyphenator.loadHyphenator(Hyphenator.java:118)
04-28 13:01:12.103 E/Hyphenator( 1325): 	at android.text.Hyphenator.init(Hyphenator.java:224)
04-28 13:01:12.103 E/Hyphenator( 1325): 	at com.android.internal.os.ZygoteInit.preloadTextResources(ZygoteInit.java:252)
04-28 13:01:12.103 E/Hyphenator( 1325): 	at com.android.internal.os.ZygoteInit.preload(ZygoteInit.java:206)
04-28 13:01:12.103 E/Hyphenator( 1325): 	at com.android.internal.os.ZygoteInit.main(ZygoteInit.java:743)
04-28 13:01:12.103 E/Hyphenator( 1325): Caused by: android.system.ErrnoException: open failed: ENOENT (No such file or directory)
04-28 13:01:12.103 E/Hyphenator( 1325): 	at libcore.io.Posix.open(Native Method)
04-28 13:01:12.103 E/Hyphenator( 1325): 	at libcore.io.BlockGuardOs.open(BlockGuardOs.java:187)
04-28 13:01:12.103 E/Hyphenator( 1325): 	at libcore.io.IoBridge.open(IoBridge.java:441)
04-28 13:01:12.103 E/Hyphenator( 1325): 	... 6 more
04-28 13:01:12.105 E/Hyphenator( 1325): error loading hyphenation /system/usr/hyphen-data/hyph-ta.hyb
04-28 13:01:12.105 E/Hyphenator( 1325): java.io.FileNotFoundException: /system/usr/hyphen-data/hyph-ta.hyb: open failed: ENOENT (No such file or directory)
04-28 13:01:12.105 E/Hyphenator( 1325): 	at libcore.io.IoBridge.open(IoBridge.java:455)
04-28 13:01:12.105 E/Hyphenator( 1325): 	at java.io.RandomAccessFile.<init>(RandomAccessFile.java:247)
04-28 13:01:12.105 E/Hyphenator( 1325): 	at android.text.Hyphenator.loadHyphenator(Hyphenator.java:118)
04-28 13:01:12.105 E/Hyphenator( 1325): 	at android.text.Hyphenator.init(Hyphenator.java:224)
04-28 13:01:12.105 E/Hyphenator( 1325): 	at com.android.internal.os.ZygoteInit.preloadTextResources(ZygoteInit.java:252)
04-28 13:01:12.105 E/Hyphenator( 1325): 	at com.android.internal.os.ZygoteInit.preload(ZygoteInit.java:206)
04-28 13:01:12.105 E/Hyphenator( 1325): 	at com.android.internal.os.ZygoteInit.main(ZygoteInit.java:743)
04-28 13:01:12.105 E/Hyphenator( 1325): Caused by: android.system.ErrnoException: open failed: ENOENT (No such file or directory)
04-28 13:01:12.105 E/Hyphenator( 1325): 	at libcore.io.Posix.open(Native Method)
04-28 13:01:12.105 E/Hyphenator( 1325): 	at libcore.io.BlockGuardOs.open(BlockGuardOs.java:187)
04-28 13:01:12.105 E/Hyphenator( 1325): 	at libcore.io.IoBridge.open(IoBridge.java:441)
04-28 13:01:12.105 E/Hyphenator( 1325): 	... 6 more
04-28 13:01:12.106 E/Hyphenator( 1325): error loading hyphenation /system/usr/hyphen-data/hyph-te.hyb
04-28 13:01:12.106 E/Hyphenator( 1325): java.io.FileNotFoundException: /system/usr/hyphen-data/hyph-te.hyb: open failed: ENOENT (No such file or directory)
04-28 13:01:12.106 E/Hyphenator( 1325): 	at libcore.io.IoBridge.open(IoBridge.java:455)
04-28 13:01:12.106 E/Hyphenator( 1325): 	at java.io.RandomAccessFile.<init>(RandomAccessFile.java:247)
04-28 13:01:12.106 E/Hyphenator( 1325): 	at android.text.Hyphenator.loadHyphenator(Hyphenator.java:118)
04-28 13:01:12.106 E/Hyphenator( 1325): 	at android.text.Hyphenator.init(Hyphenator.java:224)
04-28 13:01:12.106 E/Hyphenator( 1325): 	at com.android.internal.os.ZygoteInit.preloadTextResources(ZygoteInit.java:252)
04-28 13:01:12.106 E/Hyphenator( 1325): 	at com.android.internal.os.ZygoteInit.preload(ZygoteInit.java:206)
04-28 13:01:12.106 E/Hyphenator( 1325): 	at com.android.internal.os.ZygoteInit.main(ZygoteInit.java:743)
04-28 13:01:12.106 E/Hyphenator( 1325): Caused by: android.system.ErrnoException: open failed: ENOENT (No such file or directory)
04-28 13:01:12.106 E/Hyphenator( 1325): 	at libcore.io.Posix.open(Native Method)
04-28 13:01:12.106 E/Hyphenator( 1325): 	at libcore.io.BlockGuardOs.open(BlockGuardOs.java:187)
04-28 13:01:12.106 E/Hyphenator( 1325): 	at libcore.io.IoBridge.open(IoBridge.java:441)
04-28 13:01:12.106 E/Hyphenator( 1325): 	... 6 more
04-28 13:01:12.123 E/Hyphenator( 1325): error loading hyphenation /system/usr/hyphen-data/hyph-tk.hyb
04-28 13:01:12.123 E/Hyphenator( 1325): java.io.FileNotFoundException: /system/usr/hyphen-data/hyph-tk.hyb: open failed: ENOENT (No such file or directory)
04-28 13:01:12.123 E/Hyphenator( 1325): 	at libcore.io.IoBridge.open(IoBridge.java:455)
04-28 13:01:12.123 E/Hyphenator( 1325): 	at java.io.RandomAccessFile.<init>(RandomAccessFile.java:247)
04-28 13:01:12.123 E/Hyphenator( 1325): 	at android.text.Hyphenator.loadHyphenator(Hyphenator.java:118)
04-28 13:01:12.123 E/Hyphenator( 1325): 	at android.text.Hyphenator.init(Hyphenator.java:224)
04-28 13:01:12.123 E/Hyphenator( 1325): 	at com.android.internal.os.ZygoteInit.preloadTextResources(ZygoteInit.java:252)
04-28 13:01:12.123 E/Hyphenator( 1325): 	at com.android.internal.os.ZygoteInit.preload(ZygoteInit.java:206)
04-28 13:01:12.123 E/Hyphenator( 1325): 	at com.android.internal.os.ZygoteInit.main(ZygoteInit.java:743)
04-28 13:01:12.123 E/Hyphenator( 1325): Caused by: android.system.ErrnoException: open failed: ENOENT (No such file or directory)
04-28 13:01:12.123 E/Hyphenator( 1325): 	at libcore.io.Posix.open(Native Method)
04-28 13:01:12.123 E/Hyphenator( 1325): 	at libcore.io.BlockGuardOs.open(BlockGuardOs.java:187)
04-28 13:01:12.123 E/Hyphenator( 1325): 	at libcore.io.IoBridge.open(IoBridge.java:441)
04-28 13:01:12.123 E/Hyphenator( 1325): 	... 6 more
04-28 13:01:12.125 E/Hyphenator( 1325): error loading hyphenation /system/usr/hyphen-data/hyph-und-ethi.hyb
04-28 13:01:12.125 E/Hyphenator( 1325): java.io.FileNotFoundException: /system/usr/hyphen-data/hyph-und-ethi.hyb: open failed: ENOENT (No such file or directory)
04-28 13:01:12.125 E/Hyphenator( 1325): 	at libcore.io.IoBridge.open(IoBridge.java:455)
04-28 13:01:12.125 E/Hyphenator( 1325): 	at java.io.RandomAccessFile.<init>(RandomAccessFile.java:247)
04-28 13:01:12.125 E/Hyphenator( 1325): 	at android.text.Hyphenator.loadHyphenator(Hyphenator.java:118)
04-28 13:01:12.125 E/Hyphenator( 1325): 	at android.text.Hyphenator.init(Hyphenator.java:224)
04-28 13:01:12.125 E/Hyphenator( 1325): 	at com.android.internal.os.ZygoteInit.preloadTextResources(ZygoteInit.java:252)
04-28 13:01:12.125 E/Hyphenator( 1325): 	at com.android.internal.os.ZygoteInit.preload(ZygoteInit.java:206)
04-28 13:01:12.125 E/Hyphenator( 1325): 	at com.android.internal.os.ZygoteInit.main(ZygoteInit.java:743)
04-28 13:01:12.125 E/Hyphenator( 1325): Caused by: android.system.ErrnoException: open failed: ENOENT (No such file or directory)
04-28 13:01:12.125 E/Hyphenator( 1325): 	at libcore.io.Posix.open(Native Method)
04-28 13:01:12.125 E/Hyphenator( 1325): 	at libcore.io.BlockGuardOs.open(BlockGuardOs.java:187)
04-28 13:01:12.125 E/Hyphenator( 1325): 	at libcore.io.IoBridge.open(IoBridge.java:441)
04-28 13:01:12.125 E/Hyphenator( 1325): 	... 6 more
04-28 13:01:12.494 I/Zygote  ( 1325): Uninstalled ICU cache reference pinning...
04-28 13:01:12.574 I/Zygote  ( 1325): Installed AndroidKeyStoreProvider in 80ms.
04-28 13:01:12.742 W/art     ( 1325): Suspending all threads took: 38.325ms
04-28 13:01:12.857 I/art     ( 1325): Background sticky concurrent mark sweep GC freed 12269(993KB) AllocSpace objects, 3(120KB) LOS objects, 15% free, 6MB/7MB, paused 41.679ms total 310.173ms
04-28 13:01:13.388 I/Zygote  ( 1325): Warmed up JCA providers in 814ms.
04-28 13:01:13.388 D/Zygote  ( 1325): end preload
04-28 13:01:13.389 I/art     ( 1325): Starting a blocking GC Explicit
04-28 13:01:13.661 I/art     ( 1325): Explicit concurrent mark sweep GC freed 5550(283KB) AllocSpace objects, 4(164KB) LOS objects, 39% free, 6MB/10MB, paused 374us total 252.937ms
04-28 13:01:13.674 I/art     ( 1325): Starting a blocking GC Explicit
04-28 13:01:13.871 I/art     ( 1325): Explicit concurrent mark sweep GC freed 56(1928B) AllocSpace objects, 0(0B) LOS objects, 39% free, 6MB/10MB, paused 354us total 163.595ms
04-28 13:01:13.875 I/Zygote  ( 1325): Accepting command socket connections
04-28 13:01:13.973 I/Zygote  ( 3056): Process: zygote socket opened, supported ABIS: x86
04-28 13:01:14.003 I/InstallerConnection( 3056): connecting...
04-28 13:01:14.006 I/        ( 1331): new connection
04-28 13:01:14.121 I/InstallerConnection( 3056): disconnecting...
04-28 13:01:14.140 E/        ( 1331): eof
04-28 13:01:14.140 E/        ( 1331): failed to read size
04-28 13:01:14.140 I/        ( 1331): closing connection
04-28 13:01:14.715 I/SystemServer( 3056): Entered the Android system server!
04-28 13:01:16.017 I/SystemServiceManager( 3056): Starting com.android.server.pm.Installer
04-28 13:01:16.031 I/Installer( 3056): Waiting for installd to be ready.
04-28 13:01:16.031 I/InstallerConnection( 3056): connecting...
04-28 13:01:16.032 I/        ( 1331): new connection
04-28 13:01:16.033 I/SystemServiceManager( 3056): Starting com.android.server.am.ActivityManagerService$Lifecycle
04-28 13:01:16.236 I/ActivityManager( 3056): Memory class: 256
04-28 13:01:16.321 I/ServiceThread( 3056): Enabled StrictMode logging for ActivityManager looper.
04-28 13:01:16.371 I/ServiceThread( 3056): Enabled StrictMode logging for android.ui looper.
04-28 13:01:16.717 D/BatteryStatsImpl( 3056): Reading daily items from /data/system/batterystats-daily.xml
04-28 13:01:18.101 W/ProcessCpuTracker( 3056): Skipping unknown process pid 3106
04-28 13:01:18.231 I/IntentFirewall( 3056): Read new rules (A:0 B:0 S:0)
04-28 13:01:18.375 I/ServiceThread( 3056): Enabled StrictMode logging for android.display looper.
04-28 13:01:18.769 D/AppOps  ( 3056): AppOpsService published
04-28 13:01:18.786 I/SystemServiceManager( 3056): Starting com.android.server.power.PowerManagerService
04-28 13:01:18.898 I/ServiceThread( 3056): Enabled StrictMode logging for PowerManagerService looper.
04-28 13:01:18.937 E/PowerManagerService-JNI( 3056): Couldn't load power module (No such file or directory)
04-28 13:01:18.938 W/libsuspend( 3056): Error writing 'on' to /sys/power/state: Invalid argument
04-28 13:01:18.939 I/libsuspend( 3056): Selected wakeup count
04-28 13:01:19.062 I/SystemServiceManager( 3056): Starting com.android.server.lights.LightsService
04-28 13:01:19.091 I/SystemServiceManager( 3056): Starting com.android.server.display.DisplayManagerService
04-28 13:01:19.198 I/SystemServiceManager( 3056): Starting phase 100
04-28 13:01:19.255 E/SurfaceFlinger( 1321): ro.sf.lcd_density must be defined as a build property
04-28 13:01:19.369 I/DisplayManagerService( 3056): Display device added: DisplayDeviceInfo{"Built-in Screen": uniqueId="local:0", 1080 x 1920, modeId 1, defaultModeId 1, supportedModes [{id=1, width=1080, height=1920, fps=60.000004}], colorMode 0, supportedColorModes [0], HdrCapabilities android.view.Display$HdrCapabilities@a69d6308, density 480, 480.0 x 480.0 dpi, appVsyncOff 1000000, presDeadline 16666666, touch INTERNAL, rotation 0, type BUILT_IN, state UNKNOWN, FLAG_DEFAULT_DISPLAY, FLAG_ROTATES_WITH_CONTENT, FLAG_SECURE, FLAG_SUPPORTS_PROTECTED_BUFFERS}
04-28 13:01:19.373 W/art     ( 3056): Long monitor contention with owner android.display (3116) at long android.view.DisplayEventReceiver.nativeInit(java.lang.ref.WeakReference, android.os.MessageQueue)(DisplayEventReceiver.java:-2) waiters=0 in void com.android.server.display.DisplayManagerService.onBootPhase(int) for 171ms
04-28 13:01:19.380 D/SurfaceFlinger( 1321): Set power mode=2, type=0 flinger=0x72e2c0647000
04-28 13:01:19.380 D/SurfaceFlinger( 1321): Screen type=0 is already mode=2
04-28 13:01:19.394 I/DisplayManagerService( 3056): Display device changed state: "Built-in Screen", ON
04-28 13:01:19.401 I/SystemServer( 3056): StartPackageManagerService
04-28 13:01:19.745 W/SystemConfig( 3056): No directory /system/etc/sysconfig, skipping
04-28 13:01:20.111 D/SELinuxMMAC( 3056): Using policy file /system/etc/security/mac_permissions.xml
04-28 13:01:21.496 E/art     ( 3056): DexFile_getDexOptNeeded file '/system/framework/org.apache.http.legacy.jar' does not exist
04-28 13:01:21.498 W/PackageManager( 3056): Library not found: /system/framework/org.apache.http.legacy.jar
04-28 13:01:21.624 E/art     ( 3056): DexFile_getDexOptNeeded file '/system/framework/org.apache.http.legacy.jar' does not exist
04-28 13:01:21.624 W/PackageManager( 3056): Library not found: /system/framework/org.apache.http.legacy.jar
04-28 13:01:21.651 D/PackageManager( 3056): No files in app dir /vendor/overlay
04-28 13:01:22.803 W/PackageManager( 3056): Failed to parse /system/framework/oat: Missing base APK in /system/framework/oat
04-28 13:01:22.806 W/PackageManager( 3056): Failed to parse /system/framework/x86: Missing base APK in /system/framework/x86
04-28 13:01:22.807 W/PackageManager( 3056): Failed to parse /system/framework/x86_64: Missing base APK in /system/framework/x86_64
04-28 13:01:23.792 W/PackageParser( 3056): No actions in intent filter at /system/priv-app/Contacts/Contacts.apk Binary XML file line #409
04-28 13:01:24.368 W/PackageParser( 3056): No actions in intent filter at /system/priv-app/Dialer/Dialer.apk Binary XML file line #186
04-28 13:01:24.731 W/PackageManager( 3056): Permission android.permission.DOWNLOAD_WITHOUT_NOTIFICATION from package com.android.providers.downloads in an unknown group android.permission-group.NETWORK
04-28 13:01:26.742 W/PackageParser( 3056): Ignoring duplicate uses-permissions/uses-permissions-sdk-m: android.permission.USE_CREDENTIALS in package: com.android.settings at: Binary XML file line #53
04-28 13:01:26.743 W/PackageParser( 3056): Ignoring duplicate uses-permissions/uses-permissions-sdk-m: android.permission.READ_SYNC_SETTINGS in package: com.android.settings at: Binary XML file line #58
04-28 13:01:26.743 W/PackageParser( 3056): Ignoring duplicate uses-permissions/uses-permissions-sdk-m: android.permission.WRITE_SYNC_SETTINGS in package: com.android.settings at: Binary XML file line #59
04-28 13:01:27.806 W/PackageParser( 3056): Ignoring duplicate uses-permissions/uses-permissions-sdk-m: android.permission.INSTALL_GRANT_RUNTIME_PERMISSIONS in package: com.android.shell at: Binary XML file line #102
04-28 13:01:28.398 W/PackageParser( 3056): Ignoring duplicate uses-permissions/uses-permissions-sdk-m: android.permission.CONFIGURE_WIFI_DISPLAY in package: com.android.systemui at: Binary XML file line #123
04-28 13:01:29.436 I/art     ( 3056): Background sticky concurrent mark sweep GC freed 33466(2MB) AllocSpace objects, 20(416KB) LOS objects, 31% free, 6MB/10MB, paused 2.279ms total 571.541ms
04-28 13:01:30.011 W/PackageManager( 3056): Non-privileged app; cap priority to 0; package: com.android.calendar activity: com.android.calendar.GoogleCalendarUriIntentFilter origPrio: 50
04-28 13:01:30.191 W/PackageManager( 3056): Non-privileged app; cap priority to 0; package: com.android.cts.ctsshim activity: com.android.cts.ctsshim.InstallPriority origPrio: 100
04-28 13:01:30.192 W/PackageManager( 3056): Non-privileged app; cap priority to 0; package: com.android.cts.ctsshim activity: com.android.cts.ctsshim.InstallPriority origPrio: 100
04-28 13:01:30.192 W/PackageManager( 3056): Non-privileged app; cap priority to 0; package: com.android.cts.ctsshim activity: com.android.cts.ctsshim.InstallPriority origPrio: 100
04-28 13:01:30.192 W/PackageManager( 3056): Non-privileged app; cap priority to 0; package: com.android.cts.ctsshim activity: com.android.cts.ctsshim.InstallPriority origPrio: 100
04-28 13:01:30.192 W/PackageManager( 3056): Non-privileged app; cap priority to 0; package: com.android.cts.ctsshim activity: com.android.cts.ctsshim.InstallPriority origPrio: 100
04-28 13:01:31.042 W/PackageParser( 3056): Ignoring duplicate uses-permissions/uses-permissions-sdk-m: android.permission.WRITE_CONTACTS in package: com.android.email at: Binary XML file line #40
04-28 13:01:31.755 W/PackageParser( 3056): Unknown element under <application>: permission at /system/app/Gallery2/Gallery2.apk Binary XML file line #238
04-28 13:01:31.755 W/PackageParser( 3056): Unknown element under <application>: permission at /system/app/Gallery2/Gallery2.apk Binary XML file line #241
04-28 13:01:32.515 W/PackageManager( 3056): Permission com.android.launcher3.permission.READ_SETTINGS from package com.android.launcher3 in an unknown group android.permission-group.SYSTEM_TOOLS
04-28 13:01:32.516 W/PackageManager( 3056): Permission com.android.launcher3.permission.WRITE_SETTINGS from package com.android.launcher3 in an unknown group android.permission-group.SYSTEM_TOOLS
04-28 13:01:32.516 W/PackageManager( 3056): Permission com.android.launcher.permission.INSTALL_SHORTCUT from package com.android.launcher3 in an unknown group android.permission-group.SYSTEM_TOOLS
04-28 13:01:32.862 V/NatController( 1340): runCmd(/system/bin/iptables -w -F natctrl_FORWARD) res=0
04-28 13:01:33.434 V/NatController( 1340): runCmd(/system/bin/ip6tables -w -F natctrl_FORWARD) res=0
04-28 13:01:33.962 V/NatController( 1340): runCmd(/system/bin/iptables -w -A natctrl_FORWARD -j DROP) res=0
04-28 13:01:34.850 V/NatController( 1340): runCmd(/system/bin/iptables -w -t nat -F natctrl_nat_POSTROUTING) res=0
04-28 13:01:34.865 D/PackageManager( 3056): No files in app dir /system/vendor/app
04-28 13:01:34.866 D/PackageManager( 3056): No files in app dir /oem/app
04-28 13:01:35.251 V/NatController( 1340): runCmd(/system/bin/ip6tables -w -t raw -F natctrl_raw_PREROUTING) res=0
04-28 13:01:35.860 V/NatController( 1340): runCmd(/system/bin/iptables -w -F natctrl_tether_counters) res=1
04-28 13:01:36.221 V/NatController( 1340): runCmd(/system/bin/ip6tables -w -F natctrl_tether_counters) res=1
04-28 13:01:36.243 W/PackageParser( 3056): No actions in intent filter at /data/app/ApiDemos/ApiDemos.apk Binary XML file line #3145
04-28 13:01:36.244 W/PackageParser( 3056): No actions in intent filter at /data/app/ApiDemos/ApiDemos.apk Binary XML file line #3151
04-28 13:01:36.290 W/PackageManager( 3056): Package com.example.android.apis desires unavailable shared library com.example.will.never.exist; ignoring!
04-28 13:01:36.308 I/SELinux ( 3056): SELinux: Loaded file_contexts contexts from /file_contexts.bin.
04-28 13:01:36.520 V/NatController( 1340): runCmd(/system/bin/iptables -w -X natctrl_tether_counters) res=1
04-28 13:01:36.863 V/NatController( 1340): runCmd(/system/bin/ip6tables -w -X natctrl_tether_counters) res=1
04-28 13:01:37.501 V/NatController( 1340): runCmd(/system/bin/iptables -w -N natctrl_tether_counters) res=0
04-28 13:01:38.141 V/NatController( 1340): runCmd(/system/bin/ip6tables -w -N natctrl_tether_counters) res=0
04-28 13:01:38.570 V/NatController( 1340): runCmd(/system/bin/iptables -w -t mangle -A natctrl_mangle_FORWARD -p tcp --tcp-flags SYN SYN -j TCPMSS --clamp-mss-to-pmtu) res=0
04-28 13:01:44.205 E/Netd    ( 1340): cannot find interface dummy0
04-28 13:01:44.441 D/MDnsDS  ( 1340): MDnsSdListener::Hander starting up
04-28 13:01:44.450 D/MDnsDS  ( 1340): MDnsSdListener starting to monitor
04-28 13:01:44.451 D/MDnsDS  ( 1340): Going to poll with pollCount 1
04-28 13:01:47.337 D/PackageManager( 3056): No files in app dir /data/app-private
04-28 13:01:47.341 D/PackageManager( 3056): No files in app dir /data/app-ephemeral
04-28 13:01:47.349 E/PackageManager( 3056): There should probably be exactly one setup wizard; found 0: matches=[]
04-28 13:01:47.361 W/PackageManager( 3056): Protected action; cap priority to 0; package: com.android.cts.priv.ctsshim activity: com.android.cts.priv.ctsshim.InstallPriority origPrio: 100
04-28 13:01:47.361 W/PackageManager( 3056): Protected action; cap priority to 0; package: com.android.cts.priv.ctsshim activity: com.android.cts.priv.ctsshim.InstallPriority origPrio: 100
04-28 13:01:47.361 W/PackageManager( 3056): Protected action; cap priority to 0; package: com.android.cts.priv.ctsshim activity: com.android.cts.priv.ctsshim.InstallPriority origPrio: 100
04-28 13:01:47.361 W/PackageManager( 3056): Protected action; cap priority to 0; package: com.android.cts.priv.ctsshim activity: com.android.cts.priv.ctsshim.InstallPriority origPrio: 100
04-28 13:01:47.361 W/PackageManager( 3056): Protected action; cap priority to 0; package: com.android.packageinstaller activity: com.android.packageinstaller.PackageInstallerActivity origPrio: 1
04-28 13:01:47.362 W/PackageManager( 3056): Package com.android.camera desires unavailable shared library com.google.android.media.effects; ignoring!
04-28 13:01:47.362 W/PackageManager( 3056): Package com.android.gallery3d desires unavailable shared library com.google.android.media.effects; ignoring!
04-28 13:01:47.362 W/PackageManager( 3056): Package com.android.gallery3d desires unavailable shared library com.google.android.media.effects; ignoring!
04-28 13:01:47.362 W/PackageManager( 3056): Package com.example.android.apis desires unavailable shared library com.example.will.never.exist; ignoring!
04-28 13:01:47.363 I/PackageManager( 3056): Adjusting ABI for com.android.providers.downloads.ui to x86_64 (requirer=com.android.mtp, scannedPackage=null)
04-28 13:01:47.383 I/PackageManager( 3056): Adjusting ABI for com.android.providers.media to x86_64 (requirer=com.android.mtp, scannedPackage=null)
04-28 13:01:47.385 I/PackageManager( 3056): Adjusting ABI for com.android.providers.downloads to x86_64 (requirer=com.android.mtp, scannedPackage=null)
04-28 13:01:47.391 I/PackageManager( 3056): Adjusting ABI for com.android.providers.settings to x86_64 (requirer=android, scannedPackage=null)
04-28 13:01:47.393 I/PackageManager( 3056): Adjusting ABI for com.android.inputdevices to x86_64 (requirer=android, scannedPackage=null)
04-28 13:01:47.395 I/PackageManager( 3056): Adjusting ABI for com.android.keychain to x86_64 (requirer=android, scannedPackage=null)
04-28 13:01:47.397 I/PackageManager( 3056): Adjusting ABI for com.android.settings to x86_64 (requirer=android, scannedPackage=null)
04-28 13:01:47.399 I/PackageManager( 3056): Adjusting ABI for com.android.server.telecom to x86_64 (requirer=android, scannedPackage=null)
04-28 13:01:47.411 I/PackageManager( 3056): Adjusting ABI for com.android.wallpaperbackup to x86_64 (requirer=android, scannedPackage=null)
04-28 13:01:47.413 I/PackageManager( 3056): Adjusting ABI for com.android.location.fused to x86_64 (requirer=android, scannedPackage=null)
04-28 13:01:47.442 I/PackageManager( 3056): Time to scan packages: 26.071 seconds
04-28 13:01:47.445 W/PackageManager( 3056): Unknown permission com.google.android.googleapps.permission.GOOGLE_AUTH in package com.android.providers.calendar
04-28 13:01:47.445 W/PackageManager( 3056): Unknown permission com.google.android.googleapps.permission.GOOGLE_AUTH.cl in package com.android.providers.calendar
04-28 13:01:47.447 W/PackageManager( 3056): Not granting permission android.permission.GLOBAL_SEARCH to package com.android.quicksearchbox (protectionLevel=18 flags=0x3808be45)
04-28 13:01:47.448 W/PackageManager( 3056): Not granting permission android.permission.WRITE_EXTERNAL_STORAGE to package gov.nasa.arc.astrobee.android.gs.manager because it was previously installed without
04-28 13:01:47.448 W/PackageManager( 3056): Not granting permission android.permission.READ_EXTERNAL_STORAGE to package gov.nasa.arc.astrobee.android.gs.manager because it was previously installed without
04-28 13:01:47.448 W/PackageManager( 3056): Unknown permission com.android.launcher.permission.READ_SETTINGS in package com.android.launcher3
04-28 13:01:47.449 W/PackageManager( 3056): Unknown permission com.android.launcher.permission.WRITE_SETTINGS in package com.android.launcher3
04-28 13:01:47.449 W/PackageManager( 3056): Not granting permission android.permission.BIND_APPWIDGET to package com.android.launcher3 (protectionLevel=18 flags=0x3c4bbe45)
04-28 13:01:47.449 W/PackageManager( 3056): Unknown permission com.google.android.googleapps.permission.GOOGLE_AUTH.mail in package com.android.calendar
04-28 13:01:47.451 W/PackageManager( 3056): Unknown permission com.google.android.providers.settings.permission.WRITE_GSETTINGS in package com.android.sdksetup
04-28 13:01:47.452 W/PackageManager( 3056): Unknown permission com.google.android.permission.INSTALL_WEARABLE_PACKAGES in package com.android.packageinstaller
04-28 13:01:47.452 W/PackageManager( 3056): Not granting permission android.permission.DELETE_PACKAGES to package com.svox.pico (protectionLevel=18 flags=0x3808be45)
04-28 13:01:47.452 W/PackageManager( 3056): Not granting permission android.permission.READ_CONTACTS to package com.example.android.apis because it was previously installed without
04-28 13:01:47.453 W/PackageManager( 3056): Not granting permission android.permission.WRITE_CONTACTS to package com.example.android.apis because it was previously installed without
04-28 13:01:47.453 W/PackageManager( 3056): Not granting permission android.permission.ACCESS_COARSE_LOCATION to package com.example.android.apis because it was previously installed without
04-28 13:01:47.453 W/PackageManager( 3056): Not granting permission android.permission.WRITE_EXTERNAL_STORAGE to package com.example.android.apis because it was previously installed without
04-28 13:01:47.453 W/PackageManager( 3056): Not granting permission android.permission.SEND_SMS to package com.example.android.apis because it was previously installed without
04-28 13:01:47.453 W/PackageManager( 3056): Not granting permission android.permission.RECEIVE_SMS to package com.example.android.apis because it was previously installed without
04-28 13:01:47.453 W/PackageManager( 3056): Not granting permission android.permission.RECEIVE_MMS to package com.example.android.apis because it was previously installed without
04-28 13:01:47.453 W/PackageManager( 3056): Not granting permission android.permission.READ_SMS to package com.example.android.apis because it was previously installed without
04-28 13:01:47.453 W/PackageManager( 3056): Not granting permission android.permission.READ_PHONE_STATE to package com.example.android.apis because it was previously installed without
04-28 13:01:47.453 W/PackageManager( 3056): Not granting permission android.permission.RECORD_AUDIO to package com.example.android.apis because it was previously installed without
04-28 13:01:47.453 W/PackageManager( 3056): Not granting permission android.permission.CAMERA to package com.example.android.apis because it was previously installed without
04-28 13:01:47.453 W/PackageManager( 3056): Not granting permission android.permission.READ_EXTERNAL_STORAGE to package com.example.android.apis because it was previously installed without
04-28 13:01:47.454 W/PackageManager( 3056): Unknown permission android.permission.RUN_INSTRUMENTATION in package org.chromium.webview_shell
04-28 13:01:47.454 W/PackageManager( 3056): Not granting permission android.permission.WRITE_EXTERNAL_STORAGE to package jp.jaxa.iss.kibo.rpc.sampleapk because it was previously installed without
04-28 13:01:47.454 W/PackageManager( 3056): Not granting permission android.permission.READ_EXTERNAL_STORAGE to package jp.jaxa.iss.kibo.rpc.sampleapk because it was previously installed without
04-28 13:01:47.454 W/PackageManager( 3056): Unknown permission com.google.android.googleapps.permission.GOOGLE_AUTH in package com.android.settings
04-28 13:01:47.454 W/PackageManager( 3056): Unknown permission com.android.launcher.permission.READ_SETTINGS in package com.android.settings
04-28 13:01:47.454 W/PackageManager( 3056): Unknown permission com.android.launcher.permission.WRITE_SETTINGS in package com.android.settings
04-28 13:01:47.455 W/PackageManager( 3056): Unknown permission com.android.smspush.WAPPUSH_MANAGER_BIND in package com.android.phone
04-28 13:01:47.457 W/PackageManager( 3056): Unknown permission com.google.android.googleapps.permission.ACCESS_GOOGLE_PASSWORD in package com.android.development
04-28 13:01:47.457 W/PackageManager( 3056): Unknown permission com.google.android.googleapps.permission.GOOGLE_AUTH in package com.android.development
04-28 13:01:47.457 W/PackageManager( 3056): Unknown permission com.google.android.googleapps.permission.GOOGLE_AUTH.ALL_SERVICES in package com.android.development
04-28 13:01:47.457 W/PackageManager( 3056): Unknown permission com.google.android.googleapps.permission.GOOGLE_AUTH.YouTubeUser in package com.android.development
04-28 13:01:47.457 W/PackageManager( 3056): Not granting permission android.permission.BIND_APPWIDGET to package com.android.widgetpreview (protectionLevel=18 flags=0x3808be44)
04-28 13:01:47.458 V/PackageManager( 3056): reconcileAppsData for null u0 0x3
04-28 13:01:47.514 I/SELinux ( 1331): SELinux: Loaded file_contexts contexts from /file_contexts.bin.
04-28 13:01:53.074 V/PackageManager( 3056): reconcileAppsData finished 82 packages
04-28 13:01:53.794 E/PackageManager( 3056): There should probably be a verifier, but, none were found
04-28 13:01:53.971 D/PackageManager( 3056): Ephemeral resolver NOT found; no matching intent filters
04-28 13:01:53.972 I/PackageManager( 3056): Ephemeral deactivated; missing resolver and installer
04-28 13:01:53.977 I/art     ( 3056): Starting a blocking GC Explicit
04-28 13:01:53.993 W/art     ( 3056): Long monitor contention with owner main (3056) at java.lang.Integer java.lang.Integer.valueOf(int)(Integer.java:668) waiters=0 in void com.android.server.pm.Settings$RuntimePermissionPersistence.writePermissionsSync(int) for 4.959s
04-28 13:01:54.301 I/art     ( 3056): Explicit concurrent mark sweep GC freed 37979(2MB) AllocSpace objects, 4(80KB) LOS objects, 33% free, 7MB/10MB, paused 1.738ms total 305.141ms
04-28 13:01:54.344 I/SystemServer( 3056): StartOtaDexOptService
04-28 13:01:54.485 I/SystemServer( 3056): StartUserManagerService
04-28 13:01:54.486 I/SystemServiceManager( 3056): Starting com.android.server.pm.UserManagerService$LifeCycle
04-28 13:01:54.630 I/lowmemorykiller( 1319): ActivityManager connected
04-28 13:01:54.672 D/SensorService( 3056): nuSensorService starting...
04-28 13:01:54.744 I/SystemServiceManager( 3056): Starting com.android.server.BatteryService
04-28 13:01:54.782 D/SensorService( 3056): new thread SensorEventAckReceiver
04-28 13:01:54.791 D/SensorService( 3056): nuSensorService thread starting...
04-28 13:01:54.941 I/SystemServiceManager( 3056): Starting com.android.server.usage.UsageStatsService
04-28 13:01:55.070 I/SystemServiceManager( 3056): Starting com.android.server.webkit.WebViewUpdateService
04-28 13:01:55.142 I/SystemServer( 3056): Reading configuration...
04-28 13:01:55.142 I/SystemServer( 3056): StartSchedulingPolicyService
04-28 13:01:55.161 I/SystemServiceManager( 3056): Starting com.android.server.telecom.TelecomLoaderService
04-28 13:01:55.163 I/SystemServer( 3056): StartTelephonyRegistry
04-28 13:01:55.225 I/SystemServer( 3056): StartEntropyMixer
04-28 13:01:55.267 I/EntropyMixer( 3056): Writing entropy...
04-28 13:01:55.362 I/SystemServer( 3056): Camera Service
04-28 13:01:55.371 I/SystemServiceManager( 3056): Starting com.android.server.camera.CameraService
04-28 13:01:55.428 I/ServiceThread( 3056): Enabled StrictMode logging for CameraService_proxy looper.
04-28 13:01:55.434 I/SystemServer( 3056): StartAccountManagerService
04-28 13:01:55.451 I/SystemServiceManager( 3056): Starting com.android.server.accounts.AccountManagerService$Lifecycle
04-28 13:01:55.556 I/SystemServer( 3056): StartContentService
04-28 13:01:55.560 I/SystemServiceManager( 3056): Starting com.android.server.content.ContentService$Lifecycle
04-28 13:01:55.574 I/SystemServer( 3056): InstallSystemProviders
04-28 13:01:55.697 W/System  ( 3056): ClassLoader referenced unknown path: /system/priv-app/SettingsProvider/lib/x86_64
04-28 13:01:56.029 I/SystemServer( 3056): StartVibratorService
04-28 13:01:56.064 E/VibratorService( 3056): Couldn't load vibrator module (No such file or directory)
04-28 13:01:56.064 W/VibratorService( 3056): Tried to stop vibrating but there is no vibrator device.
04-28 13:01:56.080 I/SystemServer( 3056): StartConsumerIrService
04-28 13:01:56.081 E/ConsumerIrService( 3056): Can't open consumer IR HW Module, error: -2
04-28 13:01:56.092 I/SystemServer( 3056): StartAlarmManagerService
04-28 13:01:56.092 I/SystemServiceManager( 3056): Starting com.android.server.AlarmManagerService
04-28 13:01:56.121 W/AlarmManagerService( 3056): no wall clock RTC found
04-28 13:01:56.123 D/AlarmManagerService( 3056): Kernel timezone updated to 0 minutes west of GMT
04-28 13:01:56.199 I/SystemServer( 3056): InitWatchdog
04-28 13:01:56.206 I/SystemServer( 3056): StartInputManagerService
04-28 13:01:56.212 I/InputManager( 3056): Initializing input manager, mUseDevInputEventForAudioJack=true
