05-12 14:56:22.976 I/SystemServiceManager( 2162): Starting com.android.server.vr.VrManagerService
05-12 14:56:23.035 W/VrManagerService( 2162): init_native: Could not open VR hardware module, error No such file or directory (-2).
05-12 14:56:23.321 I/InputManager( 2162): Starting input manager
05-12 14:56:23.368 D/EventHub( 2162): No input device configuration file found for device 'Power Button'.
05-12 14:56:23.393 I/SystemServer( 2162): No Bluetooth Service (emulator)
05-12 14:56:23.410 I/SystemServer( 2162): ConnectivityMetricsLoggerService
05-12 14:56:23.411 I/SystemServiceManager( 2162): Starting com.android.server.connectivity.MetricsLoggerService
05-12 14:56:23.432 I/SystemServer( 2162): IpConnectivityMetrics
05-12 14:56:23.432 I/SystemServiceManager( 2162): Starting com.android.server.connectivity.IpConnectivityMetrics
05-12 14:56:23.434 I/SystemServer( 2162): PinnerService
05-12 14:56:23.434 I/SystemServiceManager( 2162): Starting com.android.server.PinnerService
05-12 14:56:23.466 W/EventHub( 2162): Unable to disable kernel key repeat for /dev/input/event0: Function not implemented
05-12 14:56:23.467 I/EventHub( 2162): New device: id=1, fd=91, path='/dev/input/event0', name='Power Button', classes=0x1, configuration='', keyLayout='/system/usr/keylayout/Generic.kl', keyCharacterMap='/system/usr/keychars/Generic.kcm', builtinKeyboard=false, wakeMechanism=EPOLLWAKEUP, usingClockIoctl=true
05-12 14:56:23.493 W/EventHub( 2162): Unable to disable kernel key repeat for /dev/input/event1: Function not implemented
05-12 14:56:23.494 I/EventHub( 2162): New device: id=2, fd=92, path='/dev/input/event1', name='qwerty2', classes=0x95, configuration='/system/usr/idc/qwerty2.idc', keyLayout='/system/usr/keylayout/qwerty.kl', keyCharacterMap='/system/usr/keychars/qwerty2.kcm', builtinKeyboard=true, wakeMechanism=EPOLLWAKEUP, usingClockIoctl=true
05-12 14:56:23.494 E/EventHub( 2162): could not get driver version for /dev/input/mice, Not a typewriter
05-12 14:56:23.495 I/SystemServiceManager( 2162): Starting com.android.server.InputMethodManagerService$Lifecycle
05-12 14:56:23.588 I/InputReader( 2162): Device added: id=-1, name='Virtual', sources=0x00000301
05-12 14:56:23.604 I/InputReader( 2162):   Touch device 'qwerty2' could not query the properties of its associated display.  The device will be inoperable until the display size becomes available.
05-12 14:56:23.604 I/InputReader( 2162): Device added: id=0, name='qwerty2', sources=0x80001103
05-12 14:56:23.605 I/InputReader( 2162): Device added: id=1, name='Power Button', sources=0x00000101
05-12 14:56:24.977 I/SystemServer( 2162): StartAccessibilityManagerService
05-12 14:56:25.120 I/ActivityManager( 2162): Config changes=1df8 {1.0 ?mcc?mnc [en_US] ldltr sw360dp w360dp h640dp 480dpi nrml long port ?uimode ?night -touch -keyb/v/h -nav/h s.2}
05-12 14:56:25.311 I/ActivityManager( 2162): Config changes=500 {1.0 ?mcc?mnc [en_US] ldltr sw360dp w360dp h568dp 480dpi nrml port ?uimode ?night -touch -keyb/v/h -nav/h s.3}
05-12 14:56:25.394 I/ActivityManager( 2162): Config changes=8 {1.0 ?mcc?mnc [en_US] ldltr sw360dp w360dp h568dp 480dpi nrml port ?uimode ?night finger -keyb/v/h -nav/h s.4}
05-12 14:56:25.536 I/SystemServiceManager( 2162): Starting com.android.server.MountService$Lifecycle
05-12 14:56:25.546 I/InputReader( 2162): Reconfiguring input devices.  changes=0x00000004
05-12 14:56:25.546 I/InputReader( 2162): Device reconfigured: id=0, name='qwerty2', size 1080x1920, orientation 0, mode 1, display id 0
05-12 14:56:25.582 I/InputReader( 2162): Reconfiguring input devices.  changes=0x00000004
05-12 14:56:25.699 I/SystemServiceManager( 2162): Starting com.android.server.UiModeManagerService
05-12 14:56:25.709 I/ActivityManager( 2162): Config changes=200 {1.0 ?mcc?mnc [en_US] ldltr sw360dp w360dp h568dp 480dpi nrml port finger -keyb/v/h -nav/h s.5}
05-12 14:56:25.716 D/MountService( 2162): Thinking about init, mSystemReady=false, mDaemonConnected=true
05-12 14:56:25.717 D/MountService( 2162): Thinking about reset, mSystemReady=false, mDaemonConnected=true
05-12 14:56:25.718 D/MountService( 2162): Thinking about init, mSystemReady=false, mDaemonConnected=true
05-12 14:56:25.718 D/MountService( 2162): Thinking about reset, mSystemReady=false, mDaemonConnected=true
05-12 14:56:25.733 D/CryptdConnector( 2162): SND -> {1 cryptfs getfield SystemLocale}
05-12 14:56:25.771 D/CryptdConnector( 2162): RCV <- {200 1 -1}
05-12 14:56:25.795 W/MountService( 2162): No primary storage mounted!
05-12 14:56:25.795 D/VoldConnector( 2162): SND -> {1 asec list}
05-12 14:56:25.849 W/PackageManager( 2162): No disk maintenance in 4186051848; running immediately
05-12 14:56:25.852 I/SystemServer( 2162): StartLockSettingsService
05-12 14:56:25.861 I/SystemServiceManager( 2162): Starting com.android.server.LockSettingsService$Lifecycle
05-12 14:56:25.881 D/VoldConnector( 2162): RCV <- {200 1 asec operation succeeded}
05-12 14:56:25.884 I/PackageManager( 2162): No secure containers found
05-12 14:56:25.887 W/PackageManager( 2162): Unknown permission com.google.android.googleapps.permission.GOOGLE_AUTH in package com.android.providers.calendar
05-12 14:56:25.887 W/PackageManager( 2162): Unknown permission com.google.android.googleapps.permission.GOOGLE_AUTH.cl in package com.android.providers.calendar
05-12 14:56:25.888 W/PackageManager( 2162): Not granting permission android.permission.GLOBAL_SEARCH to package com.android.quicksearchbox (protectionLevel=18 flags=0x3808be45)
05-12 14:56:25.889 W/PackageManager( 2162): Not granting permission android.permission.WRITE_EXTERNAL_STORAGE to package gov.nasa.arc.astrobee.android.gs.manager because it was previously installed without
05-12 14:56:25.889 W/PackageManager( 2162): Not granting permission android.permission.READ_EXTERNAL_STORAGE to package gov.nasa.arc.astrobee.android.gs.manager because it was previously installed without
05-12 14:56:25.921 W/PackageManager( 2162): Unknown permission com.android.launcher.permission.READ_SETTINGS in package com.android.launcher3
05-12 14:56:25.921 W/PackageManager( 2162): Unknown permission com.android.launcher.permission.WRITE_SETTINGS in package com.android.launcher3
05-12 14:56:25.921 W/PackageManager( 2162): Not granting permission android.permission.BIND_APPWIDGET to package com.android.launcher3 (protectionLevel=18 flags=0x3c4bbe45)
05-12 14:56:25.921 W/PackageManager( 2162): Unknown permission com.google.android.googleapps.permission.GOOGLE_AUTH.mail in package com.android.calendar
05-12 14:56:25.921 W/PackageManager( 2162): Unknown permission com.google.android.providers.settings.permission.WRITE_GSETTINGS in package com.android.sdksetup
05-12 14:56:25.922 W/PackageManager( 2162): Unknown permission com.google.android.permission.INSTALL_WEARABLE_PACKAGES in package com.android.packageinstaller
05-12 14:56:25.923 W/PackageManager( 2162): Not granting permission android.permission.DELETE_PACKAGES to package com.svox.pico (protectionLevel=18 flags=0x3808be45)
05-12 14:56:25.923 W/PackageManager( 2162): Not granting permission android.permission.READ_CONTACTS to package com.example.android.apis because it was previously installed without
05-12 14:56:25.923 W/PackageManager( 2162): Not granting permission android.permission.WRITE_CONTACTS to package com.example.android.apis because it was previously installed without
05-12 14:56:25.923 W/PackageManager( 2162): Not granting permission android.permission.ACCESS_COARSE_LOCATION to package com.example.android.apis because it was previously installed without
05-12 14:56:25.923 W/PackageManager( 2162): Not granting permission android.permission.WRITE_EXTERNAL_STORAGE to package com.example.android.apis because it was previously installed without
05-12 14:56:25.923 W/PackageManager( 2162): Not granting permission android.permission.SEND_SMS to package com.example.android.apis because it was previously installed without
05-12 14:56:25.923 W/PackageManager( 2162): Not granting permission android.permission.RECEIVE_SMS to package com.example.android.apis because it was previously installed without
05-12 14:56:25.923 W/PackageManager( 2162): Not granting permission android.permission.RECEIVE_MMS to package com.example.android.apis because it was previously installed without
05-12 14:56:25.923 W/PackageManager( 2162): Not granting permission android.permission.READ_SMS to package com.example.android.apis because it was previously installed without
05-12 14:56:25.923 W/PackageManager( 2162): Not granting permission android.permission.READ_PHONE_STATE to package com.example.android.apis because it was previously installed without
05-12 14:56:25.923 W/PackageManager( 2162): Not granting permission android.permission.RECORD_AUDIO to package com.example.android.apis because it was previously installed without
05-12 14:56:25.924 W/PackageManager( 2162): Not granting permission android.permission.CAMERA to package com.example.android.apis because it was previously installed without
05-12 14:56:25.924 W/PackageManager( 2162): Not granting permission android.permission.READ_EXTERNAL_STORAGE to package com.example.android.apis because it was previously installed without
05-12 14:56:25.924 W/PackageManager( 2162): Unknown permission android.permission.RUN_INSTRUMENTATION in package org.chromium.webview_shell
05-12 14:56:25.924 W/PackageManager( 2162): Unknown permission com.google.android.googleapps.permission.GOOGLE_AUTH in package com.android.settings
05-12 14:56:25.925 W/PackageManager( 2162): Unknown permission com.android.launcher.permission.READ_SETTINGS in package com.android.settings
05-12 14:56:25.925 W/PackageManager( 2162): Unknown permission com.android.launcher.permission.WRITE_SETTINGS in package com.android.settings
05-12 14:56:25.925 W/PackageManager( 2162): Unknown permission com.android.smspush.WAPPUSH_MANAGER_BIND in package com.android.phone
05-12 14:56:25.927 W/PackageManager( 2162): Unknown permission com.google.android.googleapps.permission.ACCESS_GOOGLE_PASSWORD in package com.android.development
05-12 14:56:25.927 W/PackageManager( 2162): Unknown permission com.google.android.googleapps.permission.GOOGLE_AUTH in package com.android.development
05-12 14:56:25.927 W/PackageManager( 2162): Unknown permission com.google.android.googleapps.permission.GOOGLE_AUTH.ALL_SERVICES in package com.android.development
05-12 14:56:25.927 W/PackageManager( 2162): Unknown permission com.google.android.googleapps.permission.GOOGLE_AUTH.YouTubeUser in package com.android.development
05-12 14:56:25.927 W/PackageManager( 2162): Not granting permission android.permission.BIND_APPWIDGET to package com.android.widgetpreview (protectionLevel=18 flags=0x3808be44)
05-12 14:56:25.975 I/SystemServiceManager( 2162): Starting com.android.server.DeviceIdleController
05-12 14:56:26.523 W/art     ( 2162): Long monitor contention with owner MountService (2329) at void com.android.server.pm.PackageManagerService.loadMediaPackages(android.util.ArrayMap, int[], boolean)(PackageManagerService.java:19317) waiters=0 in android.content.pm.ApplicationInfo com.android.server.pm.PackageManagerService.getApplicationInfo(java.lang.String, int, int) for 542ms
05-12 14:56:26.553 W/MountService( 2162): No primary storage defined yet; hacking together a stub
05-12 14:56:26.571 W/MountService( 2162): No primary storage defined yet; hacking together a stub
05-12 14:56:26.579 W/MountService( 2162): No primary storage mounted!
05-12 14:56:26.580 I/SystemServiceManager( 2162): Starting com.android.server.devicepolicy.DevicePolicyManagerService$Lifecycle
05-12 14:56:26.601 D/VoldConnector( 2162): SND -> {2 asec list}
05-12 14:56:26.622 D/VoldConnector( 2162): RCV <- {200 2 asec operation succeeded}
05-12 14:56:26.624 I/MountService( 2162): Running fstrim idle maintenance
05-12 14:56:26.625 D/VoldConnector( 2162): SND -> {3 fstrim dotrim}
05-12 14:56:26.678 D/VoldConnector( 2162): RCV <- {200 3 Command succeeded}
05-12 14:56:26.705 D/vold    ( 1270): Starting trim of /cache
05-12 14:56:26.706 W/vold    ( 1270): Trim failed on /cache: Operation not supported on transport endpoint
05-12 14:56:26.707 D/VoldConnector( 2162): RCV <- {662 /cache -1 -1}
05-12 14:56:26.727 I/SystemServer( 2162): StartStatusBarManagerService
05-12 14:56:26.741 D/vold    ( 1270): Starting trim of /data
05-12 14:56:26.741 W/vold    ( 1270): Trim failed on /data: Operation not supported on transport endpoint
05-12 14:56:26.742 D/VoldConnector( 2162): RCV <- {662 /data -1 -1}
05-12 14:56:26.752 I/SystemServer( 2162): StartClipboardService
05-12 14:56:26.776 E/VoldConnector( 2162): Error handling '662 /cache -1 -1': java.lang.NullPointerException: Attempt to invoke virtual method 'void android.os.DropBoxManager.addText(java.lang.String, java.lang.String)' on a null object reference
05-12 14:56:26.817 I/SystemServer( 2162): StartNetworkManagementService
05-12 14:56:26.871 E/VoldConnector( 2162): Error handling '662 /data -1 -1': java.lang.NullPointerException: Attempt to invoke virtual method 'void android.os.DropBoxManager.addText(java.lang.String, java.lang.String)' on a null object reference
05-12 14:56:26.945 I/NetworkManagement( 2162): onDaemonConnected()
05-12 14:56:27.024 I/SystemServiceManager( 2162): Starting com.android.server.TextServicesManagerService$Lifecycle
05-12 14:56:27.069 I/SystemServer( 2162): StartNetworkScoreService
05-12 14:56:27.142 I/SystemServer( 2162): StartNetworkStatsService
05-12 14:56:27.271 I/SystemServer( 2162): StartNetworkPolicyManagerService
05-12 14:56:27.314 I/SystemServer( 2162): No Wi-Fi NAN Service (NAN support Not Present)
05-12 14:56:27.554 W/UsageStatsService( 2162): User[0] Some stats have no latest available
05-12 14:56:27.624 I/UsageStatsService( 2162): User[0] Rollover scheduled @ 2021-05-13 14:56:25(1620917785171)
05-12 14:56:27.763 W/art     ( 2162): Verification of void com.android.server.wifi.p2p.WifiP2pService.<init>(android.content.Context) took 241.948ms
05-12 14:56:27.766 I/SystemServiceManager( 2162): Starting com.android.server.wifi.p2p.WifiP2pService
05-12 14:56:28.050 I/art     ( 2162): Background sticky concurrent mark sweep GC freed 34765(2MB) AllocSpace objects, 20(400KB) LOS objects, 26% free, 8MB/10MB, paused 4.565ms total 399.366ms
05-12 14:56:28.267 I/WifiP2pService( 2162): Registering wifip2p
05-12 14:56:28.303 I/SystemServiceManager( 2162): Starting com.android.server.wifi.WifiService
05-12 14:56:29.252 D/HS20    ( 2162): Passpoint is disabled
05-12 14:56:29.463 D/CommandListener( 1339): Clearing all IP addresses on wlan0
05-12 14:56:29.644 D/WifiApConfigStore( 2162): 2G band allowed channels are:1,6,11
05-12 14:56:29.661 W/art     ( 2162): Long monitor contention with owner WifiStateMachine (2345) at boolean com.android.server.wifi.WifiNative.unloadDriverNative()(WifiNative.java:-2) waiters=0 in java.lang.String com.android.server.wifi.WifiNative.doStringCommand(java.lang.String) for 202ms
05-12 14:56:29.662 E/WifiLogger( 2162): no ring buffers found
05-12 14:56:29.662 E/WifiLogger( 2162): Failed to start packet fate monitoring
05-12 14:56:29.711 D/WifiController( 2162): isAirplaneModeOn = true, isWifiEnabled = false, isScanningAvailable = false
05-12 14:56:29.717 I/WifiService( 2162): Registering wifi
05-12 14:56:29.742 I/SystemServiceManager( 2162): Starting com.android.server.wifi.scanner.WifiScanningService
05-12 14:56:29.742 I/WifiScanningService( 2162): Creating wifiscanner
05-12 14:56:29.751 I/WifiScanningService( 2162): Publishing wifiscanner
05-12 14:56:29.755 I/SystemServiceManager( 2162): Starting com.android.server.wifi.RttService
05-12 14:56:29.761 I/RttService( 2162): Creating rttmanager
05-12 14:56:29.779 I/RttService( 2162): Starting rttmanager
05-12 14:56:29.799 I/SystemServer( 2162): StartConnectivityService
05-12 14:56:29.882 D/ConnectivityService( 2162): ConnectivityService starting up
05-12 14:56:29.924 D/ConnectivityService( 2162): wifiOnly=false
05-12 14:56:30.045 I/SystemServer( 2162): StartNsdService
05-12 14:56:30.114 I/SystemServer( 2162): StartUpdateLockService
05-12 14:56:30.119 I/SystemServiceManager( 2162): Starting com.android.server.RecoverySystemService
05-12 14:56:30.138 I/SystemServiceManager( 2162): Starting com.android.server.notification.NotificationManagerService
05-12 14:56:30.414 D/ConditionProviders.SCP( 2162): new ScheduleConditionProvider()
05-12 14:56:30.563 D/ZenLog  ( 2162): config: readXml,ZenModeConfig[user=0,allowCalls=true,allowRepeatCallers=false,allowMessages=false,allowCallsFrom=contacts,allowMessagesFrom=contacts,allowReminders=true,allowEvents=true,allowWhenScreenOff=true,allowWhenScreenOn=true,automaticRules={370bd6672ef541ba946db9ac4aef0faf=ZenRule[enabled=false,snoozing=false,name=Weeknight,zenMode=ZEN_MODE_ALARMS,conditionId=condition://android/schedule?days=1.2.3.4.5&start=22.0&end=7.0&exitAtAlarm=false,condition=Condition[id=condition://android/schedule?days=1.2.3.4.5&start=22.0&end=7.0&exitAtAlarm=false,summary=...,line1=...,line2=...,icon=0,state=STATE_FALSE,flags=2],component=ComponentInfo{android/com.android.server.notification.ScheduleConditionProvider},id=370bd6672ef541ba946db9ac4aef0faf,creationTime=1590622727817,enabler=null], a53ffdf89c814123a52adbdd46bc948d=ZenRule[enabled=false,snoozing=false,name=Weekend,zenMode=ZEN_MODE_ALARMS,conditionId=condition://android/schedule?days=6.7&start=23.30&end=10.0&exitAtAlarm=false,condition=Condition[id=condition://android/schedule?days=6.7&start=23.30&end=10.0&exitAtAlarm=false,summary=...,line1=...,line2=...,icon=0,state=STATE_FALSE,flags=2],component=ComponentInfo{android/com.android.server.notification.ScheduleConditionProvider},id=a53ffdf89c814123a52adbdd46bc948d,creationTime=1590622727818,enabler=null], fc8bb1aacabb4877a1d1d167106f6e77=ZenRule[enabled=false,snoozing=false,name=Event,zenMode=ZEN_MODE_ALARMS,conditionId=condition://android/event?userId=-10000&calendar=&reply=1,condition=Condition[id=condition://android/event?userId=-10000&calendar=&reply=1,summary=...,line1=...,line2=...,icon=0,state=STATE_FALSE,flags=2],component=ComponentInfo{android/com.android.server.notification.EventConditionProvider},id=fc8bb1aacabb4877a1d1d167106f6e77,creationTime=1590622727822,enabler=null]},manualRule=null],Diff[automaticRule[370bd6672ef541ba946db9ac4aef0faf]:insert,automaticRule[a53ffdf89c814123a52adbdd46bc948d]:insert,automaticRule[5eaacf7d71ba48e4b0dfb888d250dd5e]:delete,automaticRule[81c7415a256c4e39a83965ed79f6c537]:delete,automaticRule[cefa491e9404495e9a92ed03b6794210]:delete,automaticRule[fc8bb1aacabb4877a1d1d167106f6e77]:insert]
05-12 14:56:30.702 D/ZenLog  ( 2162): set_zen_mode: off,init
05-12 14:56:30.751 I/SystemServiceManager( 2162): Starting com.android.server.storage.DeviceStorageMonitorService
05-12 14:56:30.775 I/SystemServer( 2162): StartLocationManagerService
05-12 14:56:30.787 I/SystemServer( 2162): StartCountryDetectorService
05-12 14:56:30.808 I/SystemServer( 2162): StartSearchManagerService
05-12 14:56:30.809 I/SystemServiceManager( 2162): Starting com.android.server.search.SearchManagerService$Lifecycle
05-12 14:56:30.847 I/SystemServiceManager( 2162): Starting com.android.server.DropBoxManagerService
05-12 14:56:30.858 I/SystemServer( 2162): StartWallpaperManagerService
05-12 14:56:30.859 I/SystemServiceManager( 2162): Starting com.android.server.wallpaper.WallpaperManagerService$Lifecycle
05-12 14:56:30.899 E/BitmapFactory( 2162): Unable to decode stream: java.io.FileNotFoundException: /data/system/users/0/wallpaper_orig (No such file or directory)
05-12 14:56:30.899 E/WallpaperManagerService( 2162): Invalid wallpaper data
05-12 14:56:30.899 E/WallpaperManagerService( 2162): Unable to apply new wallpaper
05-12 14:56:30.915 I/SystemServer( 2162): StartAudioService
05-12 14:56:30.915 I/SystemServiceManager( 2162): Starting com.android.server.audio.AudioService$Lifecycle
05-12 14:56:31.091 W/TelecomManager( 2162): Telecom Service not found.
05-12 14:56:31.155 D/PermissionCache( 1328): checking android.permission.MODIFY_AUDIO_SETTINGS for uid=1000 => granted (42324 us)
05-12 14:56:31.171 D/PermissionCache( 1328): checking android.permission.MODIFY_AUDIO_SETTINGS for uid=1000 => granted (67923 us)
05-12 14:56:31.204 W/AudioFlinger( 1328): no wake lock to update, system not ready yet
05-12 14:56:31.552 I/SystemServiceManager( 2162): Starting com.android.server.DockObserver
05-12 14:56:31.556 W/DockObserver( 2162): This kernel does not have dock station support
05-12 14:56:31.591 I/SystemServer( 2162): StartWiredAccessoryManager
05-12 14:56:31.595 W/WiredAccessoryManager( 2162): This kernel does not have usb audio support
05-12 14:56:31.595 W/WiredAccessoryManager( 2162): This kernel does not have HDMI audio support
05-12 14:56:31.596 I/SystemServiceManager( 2162): Starting com.android.server.midi.MidiService$Lifecycle
05-12 14:56:31.610 I/SystemServiceManager( 2162): Starting com.android.server.usb.UsbService$Lifecycle
05-12 14:56:31.702 I/SystemServer( 2162): StartSerialService
05-12 14:56:31.722 E/HardwarePropertiesManagerService-JNI( 2162): Couldn't load thermal module (No such file or directory)
05-12 14:56:31.724 I/SystemServiceManager( 2162): Starting com.android.server.twilight.TwilightService
05-12 14:56:31.726 I/SystemServiceManager( 2162): Starting com.android.server.job.JobSchedulerService
05-12 14:56:31.869 I/SystemServiceManager( 2162): Starting com.android.server.soundtrigger.SoundTriggerService
05-12 14:56:31.906 I/SystemServiceManager( 2162): Starting com.android.server.backup.BackupManagerService$Lifecycle
05-12 14:56:31.914 I/SystemServiceManager( 2162): Starting com.android.server.appwidget.AppWidgetService
05-12 14:56:32.042 I/SystemServiceManager( 2162): Starting com.android.server.voiceinteraction.VoiceInteractionManagerService
05-12 14:56:32.049 I/SystemServer( 2162): Gesture Launcher Service
05-12 14:56:32.050 I/SystemServiceManager( 2162): Starting com.android.server.GestureLauncherService
05-12 14:56:32.052 I/SystemServiceManager( 2162): Starting com.android.server.SensorNotificationService
05-12 14:56:32.052 I/SystemServiceManager( 2162): Starting com.android.server.ContextHubSystemService
05-12 14:56:32.079 E/ContextHubService( 2162): ** Could not load context_hub module : err No such file or directory
05-12 14:56:32.079 W/ContextHubService( 2162): No Context Hub Module present
05-12 14:56:32.084 I/SystemServer( 2162): StartDiskStatsService
05-12 14:56:32.087 I/SystemServer( 2162): StartSamplingProfilerService
05-12 14:56:32.148 I/SystemServer( 2162): StartNetworkTimeUpdateService
05-12 14:56:32.184 I/SystemServer( 2162): StartCommonTimeManagementService
05-12 14:56:32.189 I/SystemServer( 2162): CertBlacklister
05-12 14:56:32.224 I/SystemServiceManager( 2162): Starting com.android.server.emergency.EmergencyAffordanceService
05-12 14:56:32.227 I/SystemServiceManager( 2162): Starting com.android.server.dreams.DreamManagerService
05-12 14:56:32.262 I/SystemServer( 2162): StartAssetAtlasService
05-12 14:56:32.341 I/SystemServiceManager( 2162): Starting com.android.server.print.PrintManagerService
05-12 14:56:32.363 D/AssetAtlas( 2162): Loaded configuration: SliceMinArea (1280x896) flags=0x2 count=91
05-12 14:56:32.391 I/SystemServiceManager( 2162): Starting com.android.server.restrictions.RestrictionsManagerService
05-12 14:56:32.418 I/SystemServiceManager( 2162): Starting com.android.server.media.MediaSessionService
05-12 14:56:32.439 I/SystemServer( 2162): StartMediaRouterService
05-12 14:56:32.471 D/gralloc_ranchu( 2162): Emulator without host-side GPU emulation detected. Loading gralloc.default.so from /vendor/lib64/hw/gralloc.goldfish.default.so...
05-12 14:56:32.475 D/gralloc_ranchu( 2162): gralloc.default.so not found in /vendor. Trying /system/lib64/hw/gralloc.goldfish.default.so...
05-12 14:56:32.550 I/SystemServiceManager( 2162): Starting com.android.server.trust.TrustManagerService
05-12 14:56:32.642 I/SystemServiceManager( 2162): Starting com.android.server.fingerprint.FingerprintService
05-12 14:56:32.806 D/PermissionCache( 1352): checking android.permission.MANAGE_FINGERPRINT for uid=1000 => granted (11712 us)
05-12 14:56:32.809 V/fingerprintd( 1352): nativeOpenHal()
05-12 14:56:32.870 D/FingerprintHal( 1352): ----------------> fingerprint_open ----------------->
05-12 14:56:32.872 E/fingerprintd( 1352): Wrong fp version. Expected 512, got 513
05-12 14:56:32.872 D/FingerprintHal( 1352): ----------------> set_notify_callback ----------------->
05-12 14:56:32.872 D/FingerprintHal( 1352): fingerprint callback notification set
05-12 14:56:32.872 V/fingerprintd( 1352): fingerprint HAL successfully initialized
05-12 14:56:32.940 D/FingerprintHal( 1352): ----------------> listenerFunction ----------------->
05-12 14:56:32.942 V/fingerprintd( 1352): setActiveGroup(0, /data/system/users/0/fpdata, 27)
05-12 14:56:32.942 D/FingerprintHal( 1352): ----------------> fingerprint_set_active_group -----------------> path /data/system/users/0/fpdata
05-12 14:56:32.942 D/FingerprintHal( 1352): ----------------> loadFingerprints ----------------->
05-12 14:56:32.943 E/FingerprintHal( 1352): Could not load fingerprints from storage at /data/system/users/0/fpdata/emufp.bin; it has not yet been created.
05-12 14:56:32.943 D/FingerprintHal( 1352): ----------------> loadAuthenticatorId ----------------->
05-12 14:56:32.950 D/FingerprintHal( 1352): Read authenticator id (0x6b8b4567327b23c6)
05-12 14:56:32.971 D/FingerprintHal( 1352): ----------------> fingerprint_get_auth_id ----------------->
05-12 14:56:32.971 D/FingerprintHal( 1352): ----------------> fingerprint_get_auth_id auth id 6b8b4567327b23c6----------------->
05-12 14:56:32.980 V/FingerprintService( 2162): Fingerprint HAL id: 128698259128320
05-12 14:56:32.988 I/SystemServer( 2162): StartBackgroundDexOptService
05-12 14:56:33.036 I/SystemServiceManager( 2162): Starting com.android.server.pm.ShortcutService$Lifecycle
05-12 14:56:33.109 I/SystemServiceManager( 2162): Starting com.android.server.pm.LauncherAppsService
05-12 14:56:33.138 I/SystemServiceManager( 2162): Starting com.android.server.media.projection.MediaProjectionManagerService
05-12 14:56:33.162 V/MediaRouter( 2162): Adding route: RouteInfo{ name=Phone, description=null, status=null, category=RouteCategory{ name=null types=ROUTE_TYPE_LIVE_AUDIO ROUTE_TYPE_LIVE_VIDEO  groupable=false }, supportedTypes=ROUTE_TYPE_LIVE_AUDIO ROUTE_TYPE_LIVE_VIDEO , presentationDisplay=null }
05-12 14:56:33.183 V/MediaRouter( 2162): Updating audio routes: AudioRoutesInfo{ type=SPEAKER }
05-12 14:56:33.188 V/MediaRouter( 2162): Selecting route: RouteInfo{ name=Phone, description=null, status=null, category=RouteCategory{ name=null types=ROUTE_TYPE_LIVE_AUDIO ROUTE_TYPE_LIVE_VIDEO  groupable=false }, supportedTypes=ROUTE_TYPE_LIVE_AUDIO ROUTE_TYPE_LIVE_VIDEO , presentationDisplay=null }
05-12 14:56:33.190 W/AssetAtlasService( 2162): Could not find EGL configuration
05-12 14:56:33.193 D/AssetAtlas( 2162): Rendered atlas in 607.84ms (522.51+85.33ms)
05-12 14:56:33.337 I/art     ( 2162): Background partial concurrent mark sweep GC freed 18512(1403KB) AllocSpace objects, 5(100KB) LOS objects, 23% free, 12MB/16MB, paused 26.440ms total 775.250ms
05-12 14:56:33.357 I/WindowManager( 2162): SAFE MODE not enabled
05-12 14:56:33.357 I/SystemServiceManager( 2162): Starting com.android.server.MmsServiceBroker
05-12 14:56:33.432 W/VibratorService( 2162): Tried to stop vibrating but there is no vibrator device.
05-12 14:56:33.968 E/LockSettingsStorage( 2162): Cannot read file java.io.FileNotFoundException: /data/system/gatekeeper.password.key: open failed: ENOENT (No such file or directory)
05-12 14:56:33.969 E/LockSettingsStorage( 2162): Cannot read file java.io.FileNotFoundException: /data/system/password.key: open failed: ENOENT (No such file or directory)
05-12 14:56:33.991 E/LockSettingsStorage( 2162): Cannot read file java.io.FileNotFoundException: /data/system/gatekeeper.pattern.key: open failed: ENOENT (No such file or directory)
05-12 14:56:34.012 E/LockSettingsStorage( 2162): Cannot read file java.io.FileNotFoundException: /data/system/gatekeeper.gesture.key: open failed: ENOENT (No such file or directory)
05-12 14:56:34.044 E/LockSettingsStorage( 2162): Cannot read file java.io.FileNotFoundException: /data/system/gesture.key: open failed: ENOENT (No such file or directory)
05-12 14:56:34.044 I/SystemServiceManager( 2162): Starting phase 480
05-12 14:56:34.082 I/DevicePolicyManagerService( 2162): Set ro.device_owner property to false
05-12 14:56:34.156 I/SystemServiceManager( 2162): Starting phase 500
05-12 14:56:34.185 D/ConnectivityMetricsLoggerService( 2162): onBootPhase: PHASE_SYSTEM_SERVICES_READY
05-12 14:56:34.268 I/WifiService( 2162): WifiService starting up with Wi-Fi disabled
05-12 14:56:34.306 I/WifiScanningService( 2162): Starting wifiscanner
05-12 14:56:34.332 I/RttService( 2162): Registering rttmanager
05-12 14:56:34.452 D/ZenLog  ( 2162): config: cleanUpZenRules,ZenModeConfig[user=0,allowCalls=true,allowRepeatCallers=false,allowMessages=false,allowCallsFrom=contacts,allowMessagesFrom=contacts,allowReminders=true,allowEvents=true,allowWhenScreenOff=true,allowWhenScreenOn=true,automaticRules={370bd6672ef541ba946db9ac4aef0faf=ZenRule[enabled=false,snoozing=false,name=Weeknight,zenMode=ZEN_MODE_ALARMS,conditionId=condition://android/schedule?days=1.2.3.4.5&start=22.0&end=7.0&exitAtAlarm=false,condition=Condition[id=condition://android/schedule?days=1.2.3.4.5&start=22.0&end=7.0&exitAtAlarm=false,summary=...,line1=...,line2=...,icon=0,state=STATE_FALSE,flags=2],component=ComponentInfo{android/com.android.server.notification.ScheduleConditionProvider},id=370bd6672ef541ba946db9ac4aef0faf,creationTime=1590622727817,enabler=null], a53ffdf89c814123a52adbdd46bc948d=ZenRule[enabled=false,snoozing=false,name=Weekend,zenMode=ZEN_MODE_ALARMS,conditionId=condition://android/schedule?days=6.7&start=23.30&end=10.0&exitAtAlarm=false,condition=Condition[id=condition://android/schedule?days=6.7&start=23.30&end=10.0&exitAtAlarm=false,summary=...,line1=...,line2=...,icon=0,state=STATE_FALSE,flags=2],component=ComponentInfo{android/com.android.server.notification.ScheduleConditionProvider},id=a53ffdf89c814123a52adbdd46bc948d,creationTime=1590622727818,enabler=null], fc8bb1aacabb4877a1d1d167106f6e77=ZenRule[enabled=false,snoozing=false,name=Event,zenMode=ZEN_MODE_ALARMS,conditionId=condition://android/event?userId=-10000&calendar=&reply=1,condition=Condition[id=condition://android/event?userId=-10000&calendar=&reply=1,summary=...,line1=...,line2=...,icon=0,state=STATE_FALSE,flags=2],component=ComponentInfo{android/com.android.server.notification.EventConditionProvider},id=fc8bb1aacabb4877a1d1d167106f6e77,creationTime=1590622727822,enabler=null]},manualRule=null],Diff[]
05-12 14:56:34.453 D/ZenLog  ( 2162): set_zen_mode: off,onSystemReady
05-12 14:56:34.464 D/PermissionCache( 1328): checking android.permission.CAPTURE_AUDIO_HOTWORD for uid=1000 => granted (920 us)
05-12 14:56:34.466 W/SoundTriggerHelper( 2162): listModules status=0, # of modules=0
05-12 14:56:34.466 D/ContextHubSystemService( 2162): onBootPhase: PHASE_SYSTEM_SERVICES_READY
05-12 14:56:35.015 V/UserManagerService( 2162): Found /data/user_de/0 with serial number 0
05-12 14:56:35.015 V/UserManagerService( 2162): Found /data/user/0 with serial number 0
05-12 14:56:35.016 V/UserManagerService( 2162): Found /data/system_de/0 with serial number 0
05-12 14:56:35.016 V/UserManagerService( 2162): Found /data/system_ce/0 with serial number 0
05-12 14:56:35.056 W/KeyguardServiceDelegate( 2162): onScreenTurningOn(): no keyguard service!
05-12 14:56:35.585 I/ActivityManager( 2162): System now ready
05-12 14:56:35.635 I/SystemServer( 2162): Making services ready
05-12 14:56:35.635 I/SystemServiceManager( 2162): Starting phase 550
05-12 14:56:36.060 W/WindowManager( 2162): Keyguard drawn timeout. Setting mKeyguardDrawComplete
05-12 14:56:36.073 E/InputMethodManagerService( 2162): Ignoring updateSystemUiLocked due to an invalid token. uid:1000 token:null
05-12 14:56:36.651 I/Zygote  ( 2162): Process: zygote socket opened, supported ABIS: x86_64
05-12 14:56:36.769 W/ActivityManager( 2162): Slow operation: 217ms so far, now at startProcess: returned from zygote!
05-12 14:56:36.769 W/ActivityManager( 2162): Slow operation: 218ms so far, now at startProcess: done updating battery stats
05-12 14:56:36.782 W/ActivityManager( 2162): Slow operation: 230ms so far, now at startProcess: building log message
05-12 14:56:36.782 I/ActivityManager( 2162): Start proc 2387:com.android.inputmethod.latin/u0a41 for service com.android.inputmethod.latin/.LatinIME
05-12 14:56:36.782 W/ActivityManager( 2162): Slow operation: 231ms so far, now at startProcess: starting to update pids map
05-12 14:56:36.783 W/ActivityManager( 2162): Slow operation: 232ms so far, now at startProcess: done updating pids map
05-12 14:56:36.783 W/ActivityManager( 2162): Slow operation: 238ms so far, now at startProcess: done starting proc!
05-12 14:56:36.791 W/art     ( 2162): Long monitor contention with owner main (2162) at int com.android.server.am.ActivityManagerService.bindService(android.app.IApplicationThread, android.os.IBinder, android.content.Intent, java.lang.String, android.app.IServiceConnection, int, java.lang.String, int)(ActivityManagerService.java:17301) waiters=0 in void com.android.server.am.ActivityManagerService.dispatchUidsChanged() for 232ms
05-12 14:56:36.796 V/InputMethodManagerService( 2162): Adding window token: android.os.Binder@e63e5ed
05-12 14:56:36.812 D/MountService( 2162): Thinking about init, mSystemReady=true, mDaemonConnected=true
05-12 14:56:36.813 D/MountService( 2162): Setting up emulation state, initlocked=false
05-12 14:56:36.814 D/CryptdConnector( 2162): SND -> {2 cryptfs unlock_user_key 0 0 ! !}
05-12 14:56:36.816 D/vold    ( 1270): e4crypt_unlock_user_key 0 serial=0 token_present=0
05-12 14:56:36.818 D/CryptdConnector( 2162): RCV <- {200 2 Command succeeded}
05-12 14:56:36.819 D/MountService( 2162): Thinking about reset, mSystemReady=true, mDaemonConnected=true
05-12 14:56:36.886 E/BitmapFactory( 2162): Unable to decode stream: java.io.FileNotFoundException: /data/system/users/0/wallpaper_orig (No such file or directory)
05-12 14:56:36.886 E/WallpaperManagerService( 2162): Invalid wallpaper data
05-12 14:56:36.886 E/WallpaperManagerService( 2162): Unable to apply new wallpaper
05-12 14:56:36.892 I/ActivityManager( 2162): Force stopping com.android.providers.media appid=10010 user=-1: vold reset
05-12 14:56:36.894 D/VoldConnector( 2162): SND -> {4 volume reset}
05-12 14:56:36.898 D/vold    ( 1270): Recognized experimental block major ID 253 as virtio-blk (emulator's virtual SD card device)
05-12 14:56:36.899 V/vold    ( 1270): /system/bin/sgdisk
05-12 14:56:36.899 V/vold    ( 1270):     --android-dump
05-12 14:56:36.899 V/vold    ( 1270):     /dev/block/vold/disk:253,48
05-12 14:56:36.910 D/VoldConnector( 2162): RCV <- {651 emulated 7}
05-12 14:56:36.911 D/VoldConnector( 2162): RCV <- {659 emulated}
05-12 14:56:36.912 D/VoldConnector( 2162): RCV <- {650 emulated 2 "" ""}
05-12 14:56:36.913 D/VoldConnector( 2162): RCV <- {651 emulated 0}
05-12 14:56:36.914 D/VoldConnector( 2162): RCV <- {651 public:253,48 7}
05-12 14:56:36.914 D/VoldConnector( 2162): RCV <- {659 public:253,48}
05-12 14:56:36.915 D/VoldConnector( 2162): RCV <- {649 disk:253,48}
05-12 14:56:36.916 D/VoldConnector( 2162): RCV <- {640 disk:253,48 5}
05-12 14:56:36.917 D/VoldConnector( 2162): RCV <- {641 disk:253,48 549453824}
05-12 14:56:36.917 D/VoldConnector( 2162): RCV <- {642 disk:253,48 Virtual}
05-12 14:56:36.918 D/VoldConnector( 2162): RCV <- {644 disk:253,48 /sys//devices/pci0000:00/0000:00:06.0/virtio3/block/vdd}
05-12 14:56:37.054 V/MountService( 2162): Found primary storage at VolumeInfo{emulated}:
05-12 14:56:37.054 V/MountService( 2162):     type=EMULATED diskId=null partGuid=null mountFlags=0 mountUserId=-1 
05-12 14:56:37.054 V/MountService( 2162):     state=UNMOUNTED 
05-12 14:56:37.054 V/MountService( 2162):     fsType=null fsUuid=null fsLabel=null 
05-12 14:56:37.054 V/MountService( 2162):     path=null internalPath=null 
05-12 14:56:37.136 W/art     ( 2387): Unexpected CPU variant for X86 using defaults: x86_64
05-12 14:56:37.289 W/art     ( 2400): Unexpected CPU variant for X86 using defaults: x86_64
05-12 14:56:37.391 W/ActivityManager( 2162): Slow operation: 377ms so far, now at startProcess: returned from zygote!
05-12 14:56:37.391 W/ActivityManager( 2162): Slow operation: 377ms so far, now at startProcess: done updating battery stats
05-12 14:56:37.392 W/ActivityManager( 2162): Slow operation: 377ms so far, now at startProcess: building log message
05-12 14:56:37.392 I/ActivityManager( 2162): Start proc 2400:com.android.systemui/u0a21 for service com.android.systemui/.ImageWallpaper
05-12 14:56:37.392 W/ActivityManager( 2162): Slow operation: 378ms so far, now at startProcess: starting to update pids map
05-12 14:56:37.392 W/ActivityManager( 2162): Slow operation: 378ms so far, now at startProcess: done updating pids map
05-12 14:56:37.392 W/ActivityManager( 2162): Slow operation: 378ms so far, now at startProcess: done starting proc!
05-12 14:56:37.394 W/art     ( 2162): Long monitor contention with owner main (2162) at int com.android.server.am.ActivityManagerService.bindService(android.app.IApplicationThread, android.os.IBinder, android.content.Intent, java.lang.String, android.app.IServiceConnection, int, java.lang.String, int)(ActivityManagerService.java:17301) waiters=0 in void com.android.server.am.ActivityManagerService.dispatchUidsChanged() for 380ms
05-12 14:56:37.592 D/UsbAlsaManager( 2162): Adding ALSA device AlsaDevice: [card: 0, device: 0, type: 1]
05-12 14:56:37.593 D/UsbAlsaManager( 2162): Adding ALSA device AlsaDevice: [card: 0, device: 0, type: 2]
05-12 14:56:37.595 I/SystemServer( 2162): WebViewFactory preparation
05-12 14:56:37.601 E/BluetoothAdapter( 2162): Bluetooth binder is null
05-12 14:56:37.630 E/BluetoothAdapter( 2162): Bluetooth binder is null
05-12 14:56:37.653 I/AudioFlinger( 1328): systemReady
05-12 14:56:37.822 D/WebViewFactory( 2162): Setting new address space to 114394000
05-12 14:56:38.123 E/WVMExtractor( 2162): Failed to open libwvm.so: dlopen failed: library "libwvm.so" not found
05-12 14:56:38.241 W/System  ( 2400): ClassLoader referenced unknown path: /system/priv-app/SystemUI/lib/x86_64
05-12 14:56:38.266 I/Zygote  ( 2162): Process: zygote socket opened, supported ABIS: x86
05-12 14:56:38.362 V/vold    ( 1270): DISK mbr
05-12 14:56:38.362 V/vold    ( 1270): 
05-12 14:56:38.657 W/vold    ( 1270): disk:253,48 has unknown partition table; trying entire device
05-12 14:56:38.659 V/vold    ( 1270): /system/bin/blkid
05-12 14:56:38.659 V/vold    ( 1270):     -c
05-12 14:56:38.659 V/vold    ( 1270):     /dev/null
05-12 14:56:38.659 V/vold    ( 1270):     -s
05-12 14:56:38.659 V/vold    ( 1270):     TYPE
05-12 14:56:38.695 V/vold    ( 1270):     -s
05-12 14:56:38.695 V/vold    ( 1270):     UUID
05-12 14:56:38.696 V/vold    ( 1270):     -s
05-12 14:56:38.696 V/vold    ( 1270):     LABEL
05-12 14:56:38.696 V/vold    ( 1270):     /dev/block/vold/disk:253,48
05-12 14:56:38.921 I/art     ( 1327): Starting a blocking GC Background
05-12 14:56:38.930 I/MediaPlayerService( 1338): MediaPlayerService::getOMX
05-12 14:56:39.062 I/OMXClient( 1338): MuxOMX ctor
05-12 14:56:39.120 I/MediaPlayerService( 1338): MediaPlayerService::getOMX
05-12 14:56:39.123 I/OMXClient( 1338): MuxOMX ctor
05-12 14:56:39.129 I/OMXMaster( 1333): makeComponentInstance(OMX.google.mp3.decoder) in mediacodec process
05-12 14:56:39.287 I/art     ( 1327): Background concurrent mark sweep GC freed 114(16KB) AllocSpace objects, 0(0B) LOS objects, 39% free, 6MB/10MB, paused 1.834ms total 361.383ms
05-12 14:56:39.402 W/art     ( 1327): Suspending all threads took: 22.549ms
05-12 14:56:39.679 V/vold    ( 1270): /dev/block/vold/disk:253,48: LABEL="SDCARD" UUID="1EFF-1C1B" TYPE="vfat" 
05-12 14:56:39.679 V/vold    ( 1270): 
05-12 14:56:39.881 D/VoldConnector( 2162): RCV <- {650 public:253,48 0 "disk:253,48" ""}
05-12 14:56:39.914 D/VoldConnector( 2162): RCV <- {651 public:253,48 0}
05-12 14:56:39.918 D/VoldConnector( 2162): RCV <- {643 disk:253,48}
05-12 14:56:39.937 D/VoldConnector( 2162): RCV <- {200 4 Command succeeded}
05-12 14:56:40.002 E/VoldConnector( 2162): NDC Command {4 volume reset} took too long (3108ms)
05-12 14:56:40.005 D/VoldConnector( 2162): SND -> {5 volume user_added 0 0}
05-12 14:56:40.009 D/VoldConnector( 2162): RCV <- {200 5 Command succeeded}
05-12 14:56:40.195 W/art     ( 2428): Unexpected CPU variant for X86 using defaults: x86
05-12 14:56:40.308 W/ActivityManager( 2162): Slow operation: 2204ms so far, now at startProcess: returned from zygote!
05-12 14:56:40.308 W/ActivityManager( 2162): Slow operation: 2205ms so far, now at startProcess: done updating battery stats
05-12 14:56:40.329 W/ActivityManager( 2162): Slow operation: 2226ms so far, now at startProcess: building log message
05-12 14:56:40.330 I/ActivityManager( 2162): Start proc 2428:WebViewLoader-x86/1037 [android.webkit.WebViewFactory$RelroFileCreator] for 
05-12 14:56:40.331 W/ActivityManager( 2162): Slow operation: 2228ms so far, now at startProcess: starting to update pids map
05-12 14:56:40.331 W/ActivityManager( 2162): Slow operation: 2228ms so far, now at startProcess: done updating pids map
05-12 14:56:40.331 W/ActivityManager( 2162): Slow operation: 2229ms so far, now at startProcess: done starting proc!
05-12 14:56:40.334 W/art     ( 2162): Long monitor contention with owner main (2162) at int com.android.server.am.ActivityManagerService.startIsolatedProcess(java.lang.String, java.lang.String[], java.lang.String, java.lang.String, int, java.lang.Runnable)(ActivityManagerService.java:3509) waiters=0 in void com.android.server.am.ActivityManagerService.dispatchUidsChanged() for 2.228s
05-12 14:56:40.336 W/art     ( 2162): Long monitor contention with owner main (2162) at int com.android.server.am.ActivityManagerService.startIsolatedProcess(java.lang.String, java.lang.String[], java.lang.String, java.lang.String, int, java.lang.Runnable)(ActivityManagerService.java:3509) waiters=1 in void com.android.server.am.ActivityManagerService$MainHandler.handleMessage(android.os.Message) for 787ms
05-12 14:56:40.340 W/art     ( 2162): Long monitor contention with owner main (2162) at int com.android.server.am.ActivityManagerService.startIsolatedProcess(java.lang.String, java.lang.String[], java.lang.String, java.lang.String, int, java.lang.Runnable)(ActivityManagerService.java:3509) waiters=2 in void com.android.server.am.ActivityManagerService.publishContentProviders(android.app.IApplicationThread, java.util.List) for 529ms
05-12 14:56:40.393 D/VoldConnector( 2162): SND -> {6 volume mount emulated 3 -1}
05-12 14:56:40.399 V/vold    ( 1270): Waiting for FUSE to spin up...
05-12 14:56:40.399 D/VoldConnector( 2162): RCV <- {651 emulated 1}
05-12 14:56:40.522 I/MediaPlayerService( 1338): MediaPlayerService::getOMX
05-12 14:56:40.452 V/vold    ( 1270): Waiting for FUSE to spin up...
05-12 14:56:40.540 I/OMXClient( 1338): MuxOMX ctor
05-12 14:56:40.541 I/OMXMaster( 1333): makeComponentInstance(OMX.google.amrnb.decoder) in mediacodec process
05-12 14:56:40.561 D/VoldConnector( 2162): RCV <- {656 emulated /data/media}
05-12 14:56:40.563 D/VoldConnector( 2162): RCV <- {655 emulated /storage/emulated}
05-12 14:56:40.581 V/vold    ( 1270): Waiting for FUSE to spin up...
05-12 14:56:40.631 V/vold    ( 1270): Waiting for FUSE to spin up...
05-12 14:56:40.685 V/vold    ( 1270): Waiting for FUSE to spin up...
05-12 14:56:40.735 V/vold    ( 1270): Waiting for FUSE to spin up...
05-12 14:56:40.736 W/ActivityManager( 2162): Slow operation: 312ms so far, now at startProcess: returned from zygote!
05-12 14:56:40.737 W/ActivityManager( 2162): Slow operation: 313ms so far, now at startProcess: done updating battery stats
05-12 14:56:40.737 W/ActivityManager( 2162): Slow operation: 313ms so far, now at startProcess: building log message
05-12 14:56:40.737 I/ActivityManager( 2162): Start proc 2449:WebViewLoader-x86_64/1037 [android.webkit.WebViewFactory$RelroFileCreator] for 
05-12 14:56:40.738 W/ActivityManager( 2162): Slow operation: 313ms so far, now at startProcess: starting to update pids map
05-12 14:56:40.738 W/ActivityManager( 2162): Slow operation: 314ms so far, now at startProcess: done updating pids map
05-12 14:56:40.738 W/ActivityManager( 2162): Slow operation: 315ms so far, now at startProcess: done starting proc!
05-12 14:56:40.740 W/art     ( 2162): Long monitor contention with owner main (2162) at int com.android.server.am.ActivityManagerService.startIsolatedProcess(java.lang.String, java.lang.String[], java.lang.String, java.lang.String, int, java.lang.Runnable)(ActivityManagerService.java:3509) waiters=0 in com.android.server.am.ProcessRecord com.android.server.am.ActivityManagerService.findAppProcess(android.os.IBinder, java.lang.String) for 304ms
05-12 14:56:40.787 V/vold    ( 1270): Waiting for FUSE to spin up...
05-12 14:56:40.810 I/MediaPlayerService( 1338): MediaPlayerService::getOMX
05-12 14:56:40.815 V/WebViewFactory( 2428): RelroFileCreator (64bit = false),  32-bit lib: /system/app/webview/webview.apk!/lib/x86/libwebviewchromium.so, 64-bit lib: /system/app/webview/webview.apk!/lib/x86_64/libwebviewchromium.so
05-12 14:56:40.840 V/vold    ( 1270): Waiting for FUSE to spin up...
05-12 14:56:40.843 W/art     ( 2162): Long monitor contention with owner main (2162) at int com.android.server.am.ActivityManagerService.startIsolatedProcess(java.lang.String, java.lang.String[], java.lang.String, java.lang.String, int, java.lang.Runnable)(ActivityManagerService.java:3509) waiters=1 in com.android.server.am.ProcessRecord com.android.server.am.ActivityManagerService.findAppProcess(android.os.IBinder, java.lang.String) for 401ms
05-12 14:56:40.845 W/art     ( 2162): Long monitor contention with owner main (2162) at android.content.ComponentName com.android.server.am.ActivityManagerService.startService(android.app.IApplicationThread, android.content.Intent, java.lang.String, java.lang.String, int)(ActivityManagerService.java:17161) waiters=1 in com.android.server.am.ProcessRecord com.android.server.am.ActivityManagerService.findAppProcess(android.os.IBinder, java.lang.String) for 103ms
05-12 14:56:40.878 I/OMXClient( 1338): MuxOMX ctor
05-12 14:56:40.879 I/OMXMaster( 1333): makeComponentInstance(OMX.google.amrwb.decoder) in mediacodec process
05-12 14:56:40.900 V/vold    ( 1270): Waiting for FUSE to spin up...
05-12 14:56:40.924 D/NetworkManagement( 2162): enabling bandwidth control
05-12 14:56:40.947 W/art     ( 2449): Unexpected CPU variant for X86 using defaults: x86_64
05-12 14:56:40.971 V/vold    ( 1270): Waiting for FUSE to spin up...
05-12 14:56:40.994 I/MediaPlayerService( 1338): MediaPlayerService::getOMX
05-12 14:56:40.996 I/OMXClient( 1338): MuxOMX ctor
05-12 14:56:40.996 I/OMXMaster( 1333): makeComponentInstance(OMX.google.aac.decoder) in mediacodec process
05-12 14:56:41.095 V/vold    ( 1270): Waiting for FUSE to spin up...
05-12 14:56:41.153 V/vold    ( 1270): Waiting for FUSE to spin up...
05-12 14:56:41.173 W/sdcard  ( 2441): Device explicitly disabled sdcardfs
05-12 14:56:41.220 V/vold    ( 1270): Waiting for FUSE to spin up...
05-12 14:56:41.281 V/vold    ( 1270): Waiting for FUSE to spin up...
05-12 14:56:41.284 I/MediaPlayerService( 1338): MediaPlayerService::getOMX
05-12 14:56:41.285 I/OMXClient( 1338): MuxOMX ctor
05-12 14:56:41.286 I/OMXMaster( 1333): makeComponentInstance(OMX.google.g711.alaw.decoder) in mediacodec process
05-12 14:56:41.338 V/vold    ( 1270): Waiting for FUSE to spin up...
05-12 14:56:41.388 V/vold    ( 1270): Waiting for FUSE to spin up...
05-12 14:56:41.415 V/SystemUIService( 2400): Starting SystemUI services for user 0.
05-12 14:56:41.439 V/vold    ( 1270): Waiting for FUSE to spin up...
05-12 14:56:41.490 V/vold    ( 1270): Waiting for FUSE to spin up...
05-12 14:56:41.542 V/vold    ( 1270): Waiting for FUSE to spin up...
05-12 14:56:41.572 V/WebViewFactory( 2449): RelroFileCreator (64bit = true),  32-bit lib: /system/app/webview/webview.apk!/lib/x86/libwebviewchromium.so, 64-bit lib: /system/app/webview/webview.apk!/lib/x86_64/libwebviewchromium.so
05-12 14:56:41.600 V/vold    ( 1270): Waiting for FUSE to spin up...
05-12 14:56:41.673 D/VoldConnector( 2162): RCV <- {651 emulated 2}
05-12 14:56:41.675 D/VoldConnector( 2162): RCV <- {200 6 Command succeeded}
05-12 14:56:41.677 E/VoldConnector( 2162): NDC Command {6 volume mount emulated 3 -1} took too long (1284ms)
05-12 14:56:41.678 D/VoldConnector( 2162): SND -> {7 volume mount public:253,48 2 0}
05-12 14:56:41.751 V/vold    ( 1270): /system/bin/blkid
05-12 14:56:41.751 V/vold    ( 1270):     -c
05-12 14:56:41.751 V/vold    ( 1270):     /dev/null
05-12 14:56:41.751 V/vold    ( 1270):     -s
05-12 14:56:41.751 V/vold    ( 1270):     TYPE
05-12 14:56:41.751 V/vold    ( 1270):     -s
05-12 14:56:41.771 D/VoldConnector( 2162): RCV <- {651 public:253,48 1}
05-12 14:56:41.786 V/vold    ( 1270):     UUID
05-12 14:56:41.786 V/vold    ( 1270):     -s
05-12 14:56:41.786 V/vold    ( 1270):     LABEL
05-12 14:56:41.786 V/vold    ( 1270):     /dev/block/vold/public:253,48
05-12 14:56:42.073 I/LatinIME( 2387): Hardware accelerated drawing: true
05-12 14:56:42.193 V/MediaRouter( 2400): Adding route: RouteInfo{ name=Phone, description=null, status=null, category=RouteCategory{ name=null types=ROUTE_TYPE_LIVE_AUDIO ROUTE_TYPE_LIVE_VIDEO  groupable=false }, supportedTypes=ROUTE_TYPE_LIVE_AUDIO ROUTE_TYPE_LIVE_VIDEO , presentationDisplay=null }
05-12 14:56:42.249 V/MediaRouter( 2400): Updating audio routes: AudioRoutesInfo{ type=SPEAKER }
