05-12 14:56:42.312 V/MediaRouter( 2400): Selecting route: RouteInfo{ name=Phone, description=null, status=null, category=RouteCategory{ name=null types=ROUTE_TYPE_LIVE_AUDIO ROUTE_TYPE_LIVE_VIDEO  groupable=false }, supportedTypes=ROUTE_TYPE_LIVE_AUDIO ROUTE_TYPE_LIVE_VIDEO , presentationDisplay=null }
05-12 14:56:42.693 I/MediaPlayerService( 1338): MediaPlayerService::getOMX
05-12 14:56:42.695 I/OMXClient( 1338): MuxOMX ctor
05-12 14:56:42.696 I/OMXMaster( 1333): makeComponentInstance(OMX.google.g711.mlaw.decoder) in mediacodec process
05-12 14:56:42.809 I/art     ( 2428): System.exit called, status: 0
05-12 14:56:42.809 I/AndroidRuntime( 2428): VM exiting with result code 0, cleanup skipped.
05-12 14:56:43.176 I/art     ( 2387): Waiting for a blocking GC DisableMovingGc
05-12 14:56:43.191 I/art     ( 2387): WaitForGcToComplete blocked for 14.424ms for cause DisableMovingGc
05-12 14:56:43.191 I/art     ( 2387): Starting a blocking GC DisableMovingGc
05-12 14:56:43.529 E/WVMExtractor( 2400): Failed to open libwvm.so: dlopen failed: library "libwvm.so" not found
05-12 14:56:43.573 V/vold    ( 1270): /dev/block/vold/public:253,48: LABEL="SDCARD" UUID="1EFF-1C1B" TYPE="vfat" 
05-12 14:56:43.573 V/vold    ( 1270): 
05-12 14:56:43.578 I/MediaPlayerService( 1338): MediaPlayerService::getOMX
05-12 14:56:43.579 I/OMXClient( 1338): MuxOMX ctor
05-12 14:56:43.584 I/OMXMaster( 1333): makeComponentInstance(OMX.google.vorbis.decoder) in mediacodec process
05-12 14:56:43.608 V/vold    ( 1270): /system/bin/fsck_msdos
05-12 14:56:43.608 V/vold    ( 1270):     -p
05-12 14:56:43.608 V/vold    ( 1270):     -f
05-12 14:56:43.608 V/vold    ( 1270):     /dev/block/vold/public:253,48
05-12 14:56:43.621 D/VoldConnector( 2162): RCV <- {652 public:253,48 vfat}
05-12 14:56:43.622 D/VoldConnector( 2162): RCV <- {653 public:253,48 1EFF-1C1B}
05-12 14:56:43.623 D/VoldConnector( 2162): RCV <- {654 public:253,48 SDCARD}
05-12 14:56:44.331 I/fsck_msdos( 1270): ** /dev/block/vold/public:253,48
05-12 14:56:44.392 I/fsck_msdos( 1270): ** Phase 1 - Read and Compare FATs
05-12 14:56:44.393 I/fsck_msdos( 1270): Attempting to allocate 1046 KB for FAT
05-12 14:56:44.600 W/art     ( 2162): Long monitor contention with owner android.bg (2200) at void java.io.FileDescriptor.sync()(FileDescriptor.java:-2) waiters=0 in void com.android.server.pm.ShortcutService.handleOnUidStateChanged(int, int) for 4.222s
05-12 14:56:44.647 I/MediaPlayerService( 1338): MediaPlayerService::getOMX
05-12 14:56:44.648 I/OMXClient( 1338): MuxOMX ctor
05-12 14:56:44.649 I/OMXMaster( 1333): makeComponentInstance(OMX.google.opus.decoder) in mediacodec process
05-12 14:56:45.000 I/fsck_msdos( 1270): Attempting to allocate 1046 KB for FAT
05-12 14:56:45.372 I/art     ( 2449): System.exit called, status: 0
05-12 14:56:45.372 I/AndroidRuntime( 2449): VM exiting with result code 0, cleanup skipped.
05-12 14:56:45.581 I/MediaPlayerService( 1338): MediaPlayerService::getOMX
05-12 14:56:45.582 I/OMXClient( 1338): MuxOMX ctor
05-12 14:56:45.593 I/OMXMaster( 1333): makeComponentInstance(OMX.google.raw.decoder) in mediacodec process
05-12 14:56:45.757 I/MediaPlayerService( 1338): MediaPlayerService::getOMX
05-12 14:56:45.758 I/OMXClient( 1338): MuxOMX ctor
05-12 14:56:45.759 I/OMXMaster( 1333): makeComponentInstance(OMX.google.aac.encoder) in mediacodec process
05-12 14:56:45.927 I/fsck_msdos( 1270): ** Phase 2 - Check Cluster Chains
05-12 14:56:45.956 I/fsck_msdos( 1270): ** Phase 3 - Checking Directories
05-12 14:56:46.001 I/fsck_msdos( 1270): ** Phase 4 - Checking for Lost Files
05-12 14:56:46.007 I/fsck_msdos( 1270): 2 files, 534464 free (267232 clusters)
05-12 14:56:46.114 I/MediaPlayerService( 1338): MediaPlayerService::getOMX
05-12 14:56:46.116 I/OMXClient( 1338): MuxOMX ctor
05-12 14:56:46.116 I/OMXMaster( 1333): makeComponentInstance(OMX.google.amrnb.encoder) in mediacodec process
05-12 14:56:46.147 I/Vold    ( 1270): Filesystem check completed OK
05-12 14:56:46.148 D/VoldConnector( 2162): RCV <- {656 public:253,48 /mnt/media_rw/1EFF-1C1B}
05-12 14:56:46.192 I/MediaPlayerService( 1338): MediaPlayerService::getOMX
05-12 14:56:46.194 I/OMXClient( 1338): MuxOMX ctor
05-12 14:56:46.195 I/OMXMaster( 1333): makeComponentInstance(OMX.google.amrwb.encoder) in mediacodec process
05-12 14:56:46.337 W/InputAttributes( 2387): No editor info for this field. Bug?
05-12 14:56:46.407 I/MediaPlayerService( 1338): MediaPlayerService::getOMX
05-12 14:56:46.452 I/OMXClient( 1338): MuxOMX ctor
05-12 14:56:46.453 I/OMXMaster( 1333): makeComponentInstance(OMX.google.flac.encoder) in mediacodec process
05-12 14:56:46.584 V/vold    ( 1270): Waiting for FUSE to spin up...
05-12 14:56:46.635 V/vold    ( 1270): Waiting for FUSE to spin up...
05-12 14:56:46.691 V/vold    ( 1270): Waiting for FUSE to spin up...
05-12 14:56:46.749 V/vold    ( 1270): Waiting for FUSE to spin up...
05-12 14:56:46.800 V/vold    ( 1270): Waiting for FUSE to spin up...
05-12 14:56:46.860 V/vold    ( 1270): Waiting for FUSE to spin up...
05-12 14:56:46.920 V/vold    ( 1270): Waiting for FUSE to spin up...
05-12 14:56:46.980 V/vold    ( 1270): Waiting for FUSE to spin up...
05-12 14:56:47.003 I/vol.Events( 2400): writeEvent collection_started
05-12 14:56:47.034 V/vold    ( 1270): Waiting for FUSE to spin up...
05-12 14:56:47.090 V/vold    ( 1270): Waiting for FUSE to spin up...
05-12 14:56:47.098 W/sdcard  ( 2522): Device explicitly disabled sdcardfs
05-12 14:56:47.160 V/vold    ( 1270): Waiting for FUSE to spin up...
05-12 14:56:47.225 I/vol.Events( 2400): writeEvent external_ringer_mode_changed normal
05-12 14:56:47.227 I/vol.Events( 2400): writeEvent internal_ringer_mode_changed normal
05-12 14:56:47.246 I/LatinIME:LogUtils( 2387): Dictionary info: dictionary = userunigram.en_US ; version = 1620831407 ; date = ?
05-12 14:56:47.275 E/ActivityThread( 2387): Failed to find provider info for user_dictionary
05-12 14:56:47.277 I/LatinIME:LogUtils( 2387): Dictionary info: dictionary = UserHistoryDictionary.en_US ; version = 1620831407 ; date = ?
05-12 14:56:47.311 I/MediaPlayerService( 1338): MediaPlayerService::getOMX
05-12 14:56:47.317 I/OMXClient( 1338): MuxOMX ctor
05-12 14:56:47.331 I/OMXMaster( 1333): makeComponentInstance(OMX.google.gsm.decoder) in mediacodec process
05-12 14:56:48.055 D/VoldConnector( 2162): RCV <- {655 public:253,48 /storage/1EFF-1C1B}
05-12 14:56:48.056 D/VoldConnector( 2162): RCV <- {651 public:253,48 2}
05-12 14:56:48.057 D/VoldConnector( 2162): RCV <- {200 7 Command succeeded}
05-12 14:56:48.079 E/VoldConnector( 2162): NDC Command {7 volume mount public:253,48 2 0} took too long (6401ms)
05-12 14:56:48.080 I/MediaPlayerService( 1338): MediaPlayerService::getOMX
05-12 14:56:48.082 I/OMXClient( 1338): MuxOMX ctor
05-12 14:56:48.082 I/OMXMaster( 1333): makeComponentInstance(OMX.google.mpeg4.decoder) in mediacodec process
05-12 14:56:48.130 E/NetdConnector( 2162): NDC Command {3 bandwidth enable} took too long (7206ms)
05-12 14:56:48.741 E/OMXNodeInstance( 1333): getExtensionIndex(535000f:google.mpeg4.decoder, OMX.google.android.index.configureVideoTunnelMode) ERROR: UnsupportedIndex(0x8000101a)
05-12 14:56:48.742 W/OMXNodeInstance( 1333): [535000f:google.mpeg4.decoder] component does not support metadata mode; using fallback
05-12 14:56:48.833 I/MediaPlayerService( 1338): MediaPlayerService::getOMX
05-12 14:56:48.834 I/OMXClient( 1338): MuxOMX ctor
05-12 14:56:48.835 I/OMXMaster( 1333): makeComponentInstance(OMX.google.h263.decoder) in mediacodec process
05-12 14:56:50.043 E/OMXNodeInstance( 1333): getExtensionIndex(5350010:google.h263.decoder, OMX.google.android.index.configureVideoTunnelMode) ERROR: UnsupportedIndex(0x8000101a)
05-12 14:56:50.045 W/OMXNodeInstance( 1333): [5350010:google.h263.decoder] component does not support metadata mode; using fallback
05-12 14:56:50.258 I/MediaPlayerService( 1338): MediaPlayerService::getOMX
05-12 14:56:50.349 I/OMXClient( 1338): MuxOMX ctor
05-12 14:56:50.413 I/OMXMaster( 1333): makeComponentInstance(OMX.google.h264.decoder) in mediacodec process
05-12 14:56:50.927 E/NetdConnector( 2162): NDC Command {4 strict enable} took too long (2740ms)
05-12 14:56:50.970 W/NetworkManagement( 2162): setDataSaverMode(): already false
05-12 14:56:51.294 W/ACodec  ( 1338): [OMX.google.h264.decoder] stopping checking profiles after 32: 2/8000
05-12 14:56:51.313 E/OMXNodeInstance( 1333): getExtensionIndex(5350011:google.h264.decoder, OMX.google.android.index.configureVideoTunnelMode) ERROR: UnsupportedIndex(0x8000101a)
05-12 14:56:51.314 W/OMXNodeInstance( 1333): [5350011:google.h264.decoder] component does not support metadata mode; using fallback
05-12 14:56:51.390 I/MediaPlayerService( 1338): MediaPlayerService::getOMX
05-12 14:56:51.392 I/OMXClient( 1338): MuxOMX ctor
05-12 14:56:51.392 I/OMXMaster( 1333): makeComponentInstance(OMX.google.hevc.decoder) in mediacodec process
05-12 14:56:51.573 W/art     ( 2387): Long monitor contention with owner AsyncTask #1 (2526) at void android.os.MessageQueue.nativeWake(long)(MessageQueue.java:-2) waiters=0 in android.os.Message android.os.MessageQueue.next() for 3.518s
05-12 14:56:51.699 I/vol.Events( 2400): writeEvent level_changed STREAM_ALARM 6
05-12 14:56:51.724 I/vol.Events( 2400): writeEvent level_changed STREAM_BLUETOOTH_SCO 7
05-12 14:56:51.820 I/vol.Events( 2400): writeEvent level_changed STREAM_MUSIC 11
05-12 14:56:51.988 I/vol.Events( 2400): writeEvent level_changed STREAM_RING 5
05-12 14:56:52.014 I/vol.Events( 2400): writeEvent level_changed STREAM_SYSTEM 5
05-12 14:56:52.158 I/vol.Events( 2400): writeEvent level_changed STREAM_VOICE_CALL 4
05-12 14:56:52.573 E/OMXNodeInstance( 1333): getExtensionIndex(5350012:google.hevc.decoder, OMX.google.android.index.configureVideoTunnelMode) ERROR: UnsupportedIndex(0x8000101a)
05-12 14:56:52.574 W/OMXNodeInstance( 1333): [5350012:google.hevc.decoder] component does not support metadata mode; using fallback
05-12 14:56:52.657 I/MediaPlayerService( 1338): MediaPlayerService::getOMX
05-12 14:56:52.658 I/OMXClient( 1338): MuxOMX ctor
05-12 14:56:52.659 I/OMXMaster( 1333): makeComponentInstance(OMX.google.vp8.decoder) in mediacodec process
05-12 14:56:53.080 W/AudioService( 2162): onLoadSoundEffects(), Error 1 while loading samples
05-12 14:56:53.318 D/StorageNotification( 2400): Notifying about private volume: VolumeInfo{private}:
05-12 14:56:53.318 D/StorageNotification( 2400):     type=PRIVATE diskId=null partGuid=null mountFlags=0 mountUserId=-1 
05-12 14:56:53.318 D/StorageNotification( 2400):     state=MOUNTED 
05-12 14:56:53.318 D/StorageNotification( 2400):     fsType=null fsUuid=null fsLabel=null 
05-12 14:56:53.318 D/StorageNotification( 2400):     path=/data internalPath=null 
05-12 14:56:53.380 D/StorageNotification( 2400): Notifying about public volume: VolumeInfo{public:253,48}:
05-12 14:56:53.380 D/StorageNotification( 2400):     type=PUBLIC diskId=disk:253,48 partGuid=null mountFlags=VISIBLE 
05-12 14:56:53.380 D/StorageNotification( 2400):     mountUserId=0 state=MOUNTED 
05-12 14:56:53.380 D/StorageNotification( 2400):     fsType=vfat fsUuid=1EFF-1C1B fsLabel=SDCARD 
05-12 14:56:53.380 D/StorageNotification( 2400):     path=/storage/1EFF-1C1B internalPath=/mnt/media_rw/1EFF-1C1B 
05-12 14:56:53.437 E/OMXNodeInstance( 1333): getExtensionIndex(5350013:google.vp8.decoder, OMX.google.android.index.configureVideoTunnelMode) ERROR: UnsupportedIndex(0x8000101a)
05-12 14:56:53.438 W/OMXNodeInstance( 1333): [5350013:google.vp8.decoder] component does not support metadata mode; using fallback
05-12 14:56:53.487 I/MediaPlayerService( 1338): MediaPlayerService::getOMX
05-12 14:56:53.489 I/OMXClient( 1338): MuxOMX ctor
05-12 14:56:53.489 I/OMXMaster( 1333): makeComponentInstance(OMX.google.vp9.decoder) in mediacodec process
05-12 14:56:53.957 I/Choreographer( 2400): Skipped 76 frames!  The application may be doing too much work on its main thread.
05-12 14:56:54.085 E/NetdConnector( 2162): NDC Command {7 bandwidth setglobalalert 2097152} took too long (2749ms)
05-12 14:56:54.203 E/OMXNodeInstance( 1333): getExtensionIndex(5350014:google.vp9.decoder, OMX.google.android.index.configureVideoTunnelMode) ERROR: UnsupportedIndex(0x8000101a)
05-12 14:56:54.204 W/OMXNodeInstance( 1333): [5350014:google.vp9.decoder] component does not support metadata mode; using fallback
05-12 14:56:54.332 D/NetworkPolicy( 2162): setRestrictBackgroundUL(): false
05-12 14:56:54.336 W/NetworkManagement( 2162): setDataSaverMode(): already false
05-12 14:56:54.352 I/MediaPlayerService( 1338): MediaPlayerService::getOMX
05-12 14:56:54.354 I/OMXClient( 1338): MuxOMX ctor
05-12 14:56:54.355 I/OMXMaster( 1333): makeComponentInstance(OMX.google.h263.encoder) in mediacodec process
05-12 14:56:54.715 I/StatusBarManagerService( 2162): registerStatusBar bar=com.android.internal.statusbar.IStatusBar$Stub$Proxy@cf24e05
05-12 14:56:55.245 I/SoftMPEG4Encoder( 1333): Construct SoftMPEG4Encoder
05-12 14:56:55.314 W/ACodec  ( 1338): do not know color format 0x7f000789 = 2130708361
05-12 14:56:55.316 E/OMXNodeInstance( 1333): getConfig(5350015:google.h263.encoder, ConfigAndroidIntraRefresh(0x6f60000a)) ERROR: Undefined(0x80001001)
05-12 14:56:55.353 I/MediaPlayerService( 1338): MediaPlayerService::getOMX
05-12 14:56:55.355 I/OMXClient( 1338): MuxOMX ctor
05-12 14:56:55.356 I/OMXMaster( 1333): makeComponentInstance(OMX.google.h264.encoder) in mediacodec process
05-12 14:56:55.720 W/ActivityManager( 2162): Timeout executing service: ServiceRecord{df2a70c u0 com.android.server.telecom/.components.TelecomService}
05-12 14:56:55.912 W/art     ( 2162): Long monitor contention with owner NetworkPolicy (2340) at boolean android.os.BinderProxy.transactNative(int, android.os.Parcel, android.os.Parcel, int)(Binder.java:-2) waiters=0 in void com.android.server.NetworkManagementService.setFirewallChainEnabled(int, boolean) for 1.262s
05-12 14:56:55.960 W/ProcessCpuTracker( 2162): Skipping unknown process pid 2581
05-12 14:56:56.008 I/Process ( 2162): Sending signal. PID: 2162 SIG: 3
05-12 14:56:56.011 I/art     ( 2162): Thread[2,tid=2167,WaitingInMainSignalCatcherLoop,Thread*=0x7f6b94630000,peer=0x12c010d0,"Signal Catcher"]: reacting to signal 3
05-12 14:56:56.011 I/art     ( 2162): 
05-12 14:56:56.250 W/ACodec  ( 1338): do not know color format 0x7f000789 = 2130708361
05-12 14:56:56.282 I/MediaPlayerService( 1338): MediaPlayerService::getOMX
05-12 14:56:56.290 I/OMXClient( 1338): MuxOMX ctor
05-12 14:56:56.291 I/OMXMaster( 1333): makeComponentInstance(OMX.google.mpeg4.encoder) in mediacodec process
05-12 14:56:56.865 I/SoftMPEG4Encoder( 1333): Construct SoftMPEG4Encoder
05-12 14:56:56.877 W/ACodec  ( 1338): do not know color format 0x7f000789 = 2130708361
05-12 14:56:56.878 E/OMXNodeInstance( 1333): getConfig(5350017:google.mpeg4.encoder, ConfigAndroidIntraRefresh(0x6f60000a)) ERROR: Undefined(0x80001001)
05-12 14:56:56.908 I/MediaPlayerService( 1338): MediaPlayerService::getOMX
05-12 14:56:56.909 I/OMXClient( 1338): MuxOMX ctor
05-12 14:56:56.921 I/OMXMaster( 1333): makeComponentInstance(OMX.google.vp8.encoder) in mediacodec process
05-12 14:56:57.561 W/ACodec  ( 1338): do not know color format 0x7f000789 = 2130708361
05-12 14:56:57.563 E/OMXNodeInstance( 1333): getConfig(5350018:google.vp8.encoder, ConfigAndroidIntraRefresh(0x6f60000a)) ERROR: Undefined(0x80001001)
05-12 14:56:57.581 I/MediaPlayerService( 1338): MediaPlayerService::getOMX
05-12 14:56:57.582 I/OMXClient( 1338): MuxOMX ctor
05-12 14:56:57.599 I/MediaPlayerService( 1338): MediaPlayerService::getOMX
05-12 14:56:57.612 I/OMXClient( 1338): MuxOMX ctor
05-12 14:56:57.612 W/MediaCodecList( 1338): unable to open media codecs configuration xml file: /data/misc/media/media_codecs_profiling_results.xml
05-12 14:56:57.634 I/MediaPlayerService( 1338): MediaPlayerService::getOMX
05-12 14:56:57.637 I/OMXClient( 2400): MuxOMX ctor
05-12 14:56:57.651 I/MediaPlayerService( 1338): MediaPlayerService::getOMX
05-12 14:56:57.654 I/OMXClient( 2162): MuxOMX ctor
05-12 14:56:57.663 I/OMXMaster( 1333): makeComponentInstance(OMX.google.vorbis.decoder) in mediacodec process
05-12 14:56:57.849 I/OMXMaster( 1333): makeComponentInstance(OMX.google.vorbis.decoder) in mediacodec process
05-12 14:56:59.284 I/MediaPlayerService( 1338): MediaPlayerService::getOMX
05-12 14:56:59.321 I/OMXClient( 2400): MuxOMX ctor
05-12 14:56:59.326 I/OMXMaster( 1333): makeComponentInstance(OMX.google.vorbis.decoder) in mediacodec process
05-12 14:57:00.392 I/MediaPlayerService( 1338): MediaPlayerService::getOMX
05-12 14:57:00.395 I/OMXClient( 2400): MuxOMX ctor
05-12 14:57:00.399 I/OMXMaster( 1333): makeComponentInstance(OMX.google.vorbis.decoder) in mediacodec process
05-12 14:57:01.347 I/LatinIME:LogUtils( 2387): Dictionary info: dictionary = main:en ; version = 54 ; date = 1414726273
05-12 14:57:01.406 W/art     ( 2162): Suspending all threads took: 5.392s
05-12 14:57:01.472 W/art     ( 2162): Suspending all threads took: 36.313ms
05-12 14:57:01.487 I/Process ( 2162): Sending signal. PID: 2400 SIG: 3
05-12 14:57:01.512 E/NetdConnector( 2162): NDC Command {8 firewall enable_chain standby} took too long (5599ms)
05-12 14:57:01.514 I/art     ( 2400): Thread[3,tid=2408,WaitingInMainSignalCatcherLoop,Thread*=0x7f6b9b296400,peer=0x12c005e0,"Signal Catcher"]: reacting to signal 3
05-12 14:57:01.514 I/art     ( 2400): 
05-12 14:57:01.530 W/art     ( 2400): Suspending all threads took: 15.184ms
05-12 14:57:01.665 W/art     ( 2162): Suspending all threads took: 89.942ms
05-12 14:57:01.801 I/art     ( 2162): Background sticky concurrent mark sweep GC freed 44236(2MB) AllocSpace objects, 21(484KB) LOS objects, 18% free, 13MB/16MB, paused 38.961ms total 8.714s
05-12 14:57:02.078 I/SystemServiceManager( 2162): Starting phase 600
05-12 14:57:02.554 D/SensorNotificationService( 2162): Cannot obtain dynamic meta sensor, not supported.
05-12 14:57:02.889 I/art     ( 2400): Wrote stack traces to '/data/anr/traces.txt'
05-12 14:57:02.948 I/GnssLocationProvider( 2162): WakeLock acquired by sendMessage(13, 0, null)
05-12 14:57:03.073 W/LocationManagerService( 2162): no network location provider found
05-12 14:57:03.109 E/LocationManagerService( 2162): no geocoder provider found
05-12 14:57:03.111 E/FlpHardwareProvider( 2162): Error hw_get_module 'flp': -2
05-12 14:57:03.112 D/LocationManagerService( 2162): FLP HAL not supported
05-12 14:57:03.117 D/LocationManagerService( 2162): Unable to bind FLP Geofence proxy.
05-12 14:57:03.118 E/ActivityRecognitionHardware( 2162): Error hw_get_module: -2
05-12 14:57:03.119 D/LocationManagerService( 2162): Hardware Activity-Recognition not supported.
05-12 14:57:03.131 E/ActivityRecognitionProxy( 2162): ServiceWatcher could not start.
05-12 14:57:03.131 D/LocationManagerService( 2162): Unable to bind ActivityRecognitionProxy.
05-12 14:57:03.133 I/GnssLocationProvider( 2162): WakeLock acquired by sendMessage(2, 1, null)
05-12 14:57:03.217 I/CommonTimeManagementService( 2162): No common time service detected on this platform.  Common time services will be unavailable.
05-12 14:57:03.246 I/MmsServiceBroker( 2162): Delay connecting to MmsService until an API is called
05-12 14:57:03.309 W/VoiceInteractionManagerService( 2162): no available voice interaction services found for user 0
05-12 14:57:03.315 W/VoiceInteractionManagerService( 2162): no available voice recognition services found for user 0
05-12 14:57:03.686 W/ActivityManager( 2162): Slow operation: 354ms so far, now at startProcess: returned from zygote!
05-12 14:57:03.690 W/ActivityManager( 2162): Slow operation: 360ms so far, now at startProcess: done updating battery stats
05-12 14:57:03.692 W/ActivityManager( 2162): Slow operation: 362ms so far, now at startProcess: building log message
05-12 14:57:03.692 I/ActivityManager( 2162): Start proc 2625:com.android.phone/1001 for added application com.android.phone
05-12 14:57:03.692 W/ActivityManager( 2162): Slow operation: 362ms so far, now at startProcess: starting to update pids map
05-12 14:57:03.693 W/ActivityManager( 2162): Slow operation: 363ms so far, now at startProcess: done updating pids map
05-12 14:57:03.749 I/ActivityManager( 2162): START u0 {act=android.intent.action.MAIN cat=[android.intent.category.HOME] flg=0x10000100 cmp=com.android.settings/.FallbackHome} from uid 0 on display 0
05-12 14:57:03.795 W/art     ( 2625): Unexpected CPU variant for X86 using defaults: x86_64
05-12 14:57:03.948 W/System  ( 2162): ClassLoader referenced unknown path: 
05-12 14:57:04.051 W/System  ( 2162): ClassLoader referenced unknown path: /system/priv-app/Settings/lib/x86_64
05-12 14:57:04.140 D/ApplicationLoaders( 2162): ignored Vulkan layer search path /system/priv-app/Settings/lib/x86_64:/system/priv-app/Settings/Settings.apk!/lib/x86_64:/system/lib64:/vendor/lib64 for namespace 0x7f6b9fa81160
05-12 14:57:04.431 I/ActivityManager( 2162): Loaded persisted task ids for user 0
05-12 14:57:04.618 W/ActivityManager( 2162): Slow operation: 110ms so far, now at startProcess: returned from zygote!
05-12 14:57:04.619 W/ActivityManager( 2162): Slow operation: 110ms so far, now at startProcess: done updating battery stats
05-12 14:57:04.619 W/ActivityManager( 2162): Slow operation: 111ms so far, now at startProcess: building log message
05-12 14:57:04.619 I/ActivityManager( 2162): Start proc 2639:com.android.settings/1000 for activity com.android.settings/.FallbackHome
05-12 14:57:04.619 W/ActivityManager( 2162): Slow operation: 111ms so far, now at startProcess: starting to update pids map
05-12 14:57:04.619 W/ActivityManager( 2162): Slow operation: 111ms so far, now at startProcess: done updating pids map
05-12 14:57:04.619 W/ActivityManager( 2162): Slow operation: 112ms so far, now at startProcess: done starting proc!
05-12 14:57:04.705 I/SystemServer( 2162): Enabled StrictMode for system server main thread.
05-12 14:57:04.723 W/art     ( 2639): Unexpected CPU variant for X86 using defaults: x86_64
05-12 14:57:04.744 D/ConditionProviders.SCP( 2162): onConnected
05-12 14:57:04.748 D/ZenLog  ( 2162): set_zen_mode: off,readXml
05-12 14:57:04.929 D/ConditionProviders( 2162): Subscribing to condition://android/schedule?days=1.2.3.4.5&start=22.0&end=7.0&exitAtAlarm=false with ComponentInfo{android/com.android.server.notification.ScheduleConditionProvider}
05-12 14:57:04.954 D/ZenLog  ( 2162): subscribe: condition://android/schedule?days=1.2.3.4.5&start=22.0&end=7.0&exitAtAlarm=false,ok
05-12 14:57:04.955 D/ConditionProviders( 2162): Subscribing to condition://android/schedule?days=6.7&start=23.30&end=10.0&exitAtAlarm=false with ComponentInfo{android/com.android.server.notification.ScheduleConditionProvider}
05-12 14:57:04.956 D/ZenLog  ( 2162): subscribe: condition://android/schedule?days=6.7&start=23.30&end=10.0&exitAtAlarm=false,ok
05-12 14:57:04.956 D/ConditionProviders( 2162): Subscribing to condition://android/event?userId=-10000&calendar=&reply=1 with ComponentInfo{android/com.android.server.notification.EventConditionProvider}
05-12 14:57:04.957 D/ZenLog  ( 2162): subscribe: condition://android/event?userId=-10000&calendar=&reply=1,ok
05-12 14:57:05.627 W/System  ( 2639): ClassLoader referenced unknown path: /system/priv-app/Settings/lib/x86_64
05-12 14:57:05.636 D/RttService( 2162): SCAN_AVAILABLE : 1
05-12 14:57:05.637 D/ZenLog  ( 2162): set_zen_mode: off,cleanUpZenRules
05-12 14:57:05.735 W/System  ( 2162): ClassLoader referenced unknown path: /system/priv-app/Telecom/lib/x86_64
05-12 14:57:05.739 D/ApplicationLoaders( 2162): ignored Vulkan layer search path /system/priv-app/Telecom/lib/x86_64:/system/priv-app/Telecom/Telecom.apk!/lib/x86_64:/system/lib64:/vendor/lib64 for namespace 0x7f6b9fa811d0
05-12 14:57:05.810 I/InputReader( 2162): Reconfiguring input devices.  changes=0x00000020
05-12 14:57:05.928 W/        ( 1269): debuggerd: handling request: pid=1321 uid=1000 gid=1003 tid=1321
05-12 14:57:06.005 I/InputReader( 2162): Reconfiguring input devices.  changes=0x00000010
05-12 14:57:06.215 W/System  ( 2625): ClassLoader referenced unknown path: /system/priv-app/TeleService/lib/x86_64
05-12 14:57:06.755 W/        ( 1269): debuggerd: resuming target 1321
05-12 14:57:06.758 W/        ( 1269): debuggerd: handling request: pid=1328 uid=1041 gid=1005 tid=1328
05-12 14:57:06.773 E/BluetoothAdapter( 2162): Bluetooth binder is null
05-12 14:57:07.000 I/Telecom ( 2162): SystemStateProvider: Registering car mode receiver: android.content.IntentFilter@a817a56: TS.init@AAA
05-12 14:57:07.015 W/        ( 1268): debuggerd: handling request: pid=1328 uid=1041 gid=1005 tid=1328
05-12 14:57:07.026 I/WifiScanningService( 2162): wifi driver unloaded
05-12 14:57:07.029 D/RttService( 2162): DefaultState got{ when=-1s392ms what=160513 target=com.android.internal.util.StateMachine$SmHandler }
05-12 14:57:07.135 I/Telecom ( 2162): Telecom: Non-call EVENT: AUDIO_ROUTE, Entering state QuiescentEarpieceRoute
05-12 14:57:07.274 E/ActivityThread( 2162): Failed to find provider info for call_log
05-12 14:57:07.277 E/BluetoothAdapter( 2162): Bluetooth binder is null
05-12 14:57:07.374 I/Telecom ( 2162): Class: TelecomSystem.INSTANCE being set
05-12 14:57:07.375 I/Telecom ( 2162): CallAudioModeStateMachine: Message received: null.: TS.init->CAMSM.pM_1@AAA_0
05-12 14:57:07.380 E/BluetoothAdapter( 2162): Bluetooth binder is null
05-12 14:57:07.384 W/System  ( 2625): ClassLoader referenced unknown path: /system/priv-app/TelephonyProvider/lib/x86_64
05-12 14:57:07.388 D/ApplicationLoaders( 2625): ignored Vulkan layer search path /system/priv-app/TelephonyProvider/lib/x86_64:/system/lib64:/vendor/lib64 for namespace 0x7f6b9fa710f0
05-12 14:57:07.444 W/ContextImpl( 2162): Calling a method in the system process without a qualified user: android.app.ContextImpl.startService:1357 com.android.server.content.SyncManager$13.run:658 android.os.Handler.handleCallback:751 android.os.Handler.dispatchMessage:95 android.os.Looper.loop:154 
05-12 14:57:08.051 I/art     ( 2162): Wrote stack traces to '/data/anr/traces.txt'
05-12 14:57:08.084 D/gralloc_ranchu( 2639): Emulator without host-side GPU emulation detected. Loading gralloc.default.so from /vendor/lib64/hw/gralloc.goldfish.default.so...
05-12 14:57:08.087 D/gralloc_ranchu( 2639): gralloc.default.so not found in /vendor. Trying /system/lib64/hw/gralloc.goldfish.default.so...
05-12 14:57:08.228 I/ActivityManager( 2162): Displayed com.android.settings/.FallbackHome: +3s721ms
05-12 14:57:08.319 W/art     ( 2162): Long monitor contention with owner main (2162) at void java.io.FileDescriptor.sync()(FileDescriptor.java:-2) waiters=0 in com.android.server.wallpaper.WallpaperManagerService$WallpaperData com.android.server.wallpaper.WallpaperManagerService$WallpaperObserver.dataForEvent(boolean, boolean) for 227ms
05-12 14:57:08.630 W/System  ( 2162): ClassLoader referenced unknown path: /system/priv-app/FusedLocation/lib/x86_64
05-12 14:57:08.635 D/ApplicationLoaders( 2162): ignored Vulkan layer search path /system/priv-app/FusedLocation/lib/x86_64:/system/priv-app/FusedLocation/FusedLocation.apk!/lib/x86_64:/system/lib64:/vendor/lib64 for namespace 0x7f6b9fa81240
05-12 14:57:08.709 D/TelephonyProvider( 2625): dbh.onOpen: ok, queried table=siminfo
05-12 14:57:08.772 D/TelephonyProvider( 2625): dbh.onOpen: ok, queried table=carriers
05-12 14:57:08.823 V/WiredAccessoryManager( 2162): notifyWiredAccessoryChanged: when=0 bits= mask=54
05-12 14:57:08.823 V/WiredAccessoryManager( 2162): newName=h2w newState=0 headsetState=0 prev headsetState=0
05-12 14:57:08.823 E/WiredAccessoryManager( 2162): No state change.
05-12 14:57:08.824 V/WiredAccessoryManager( 2162): init()
05-12 14:57:08.853 D/ConditionProviders.SCP( 2162): onSubscribe condition://android/schedule?days=1.2.3.4.5&start=22.0&end=7.0&exitAtAlarm=false
05-12 14:57:08.857 D/ConditionProviders.SCP( 2162): setRegistered true
05-12 14:57:08.921 D/ConditionProviders.SCP( 2162): notifyCondition condition://android/schedule?days=1.2.3.4.5&start=22.0&end=7.0&exitAtAlarm=false STATE_FALSE reason=!meetsSchedule
05-12 14:57:08.965 D/ConditionProviders.SCP( 2162): Scheduling evaluate for Wed May 12 22:00:00 UTC 2021 (1620856800000), in +7h2m51s142ms, now=Wed May 12 14:57:08 UTC 2021 (1620831428858)
05-12 14:57:08.967 D/ConditionProviders.SCP( 2162): onSubscribe condition://android/schedule?days=6.7&start=23.30&end=10.0&exitAtAlarm=false
05-12 14:57:08.969 D/ConditionProviders.SCP( 2162): notifyCondition condition://android/schedule?days=6.7&start=23.30&end=10.0&exitAtAlarm=false STATE_FALSE reason=!meetsSchedule
05-12 14:57:09.026 D/ConditionProviders.SCP( 2162): notifyCondition condition://android/schedule?days=1.2.3.4.5&start=22.0&end=7.0&exitAtAlarm=false STATE_FALSE reason=!meetsSchedule
05-12 14:57:09.029 D/ConditionProviders.SCP( 2162): Scheduling evaluate for Wed May 12 22:00:00 UTC 2021 (1620856800000), in +7h2m51s32ms, now=Wed May 12 14:57:08 UTC 2021 (1620831428968)
05-12 14:57:09.171 W/        ( 1268): debuggerd: resuming target 1328
05-12 14:57:09.175 W/        ( 1269): debuggerd: handling request: pid=1329 uid=1047 gid=1005 tid=1329
05-12 14:57:09.194 W/        ( 1268): debuggerd: handling request: pid=1329 uid=1047 gid=1005 tid=1329
05-12 14:57:09.723 W/        ( 1268): debuggerd: resuming target 1329
05-12 14:57:09.726 W/        ( 1269): debuggerd: handling request: pid=1330 uid=1019 gid=1019 tid=1330
05-12 14:57:09.728 W/        ( 1268): debuggerd: handling request: pid=1330 uid=1019 gid=1019 tid=1330
05-12 14:57:10.765 W/        ( 1268): debuggerd: resuming target 1330
05-12 14:57:10.768 W/        ( 1269): debuggerd: handling request: pid=1333 uid=1046 gid=1006 tid=1333
05-12 14:57:10.800 W/        ( 1268): debuggerd: handling request: pid=1333 uid=1046 gid=1006 tid=1333
05-12 14:57:10.931 W/GnssLocationProvider( 2162): Could not open GPS configuration file /etc/gps.conf
05-12 14:57:10.932 E/GnssLocationProvider( 2162): no AGPS interface in set_agps_server
05-12 14:57:10.957 I/GnssLocationProvider( 2162): WakeLock released by handleMessage(13, 0, null)
05-12 14:57:10.958 E/GnssLocationProvider( 2162): no AGPS interface in set_agps_server
05-12 14:57:12.275 W/        ( 1268): debuggerd: resuming target 1333
05-12 14:57:12.278 W/        ( 1269): debuggerd: handling request: pid=1336 uid=1013 gid=1031 tid=1336
05-12 14:57:12.283 W/        ( 1268): debuggerd: handling request: pid=1336 uid=1013 gid=1031 tid=1336
05-12 14:57:12.640 W/        ( 1268): debuggerd: resuming target 1336
05-12 14:57:12.644 W/        ( 1269): debuggerd: handling request: pid=1337 uid=1040 gid=1026 tid=1337
05-12 14:57:12.648 W/        ( 1268): debuggerd: handling request: pid=1337 uid=1040 gid=1026 tid=1337
05-12 14:57:13.328 W/        ( 1268): debuggerd: resuming target 1337
05-12 14:57:13.398 W/        ( 1269): debuggerd: handling request: pid=1338 uid=1013 gid=1005 tid=1338
05-12 14:57:13.401 W/        ( 1268): debuggerd: handling request: pid=1338 uid=1013 gid=1005 tid=1338
05-12 14:57:13.451 W/art     ( 2400): Suspending all threads took: 11.872ms
05-12 14:57:13.909 W/        ( 1268): debuggerd: resuming target 1338
05-12 14:57:13.915 W/        ( 1269): debuggerd: handling request: pid=2441 uid=1023 gid=1023 tid=2441
05-12 14:57:13.931 I/art     ( 2400): Background sticky concurrent mark sweep GC freed 18221(2MB) AllocSpace objects, 2(40KB) LOS objects, 30% free, 7MB/10MB, paused 51.854ms total 770.810ms
05-12 14:57:14.061 W/        ( 1269): debuggerd: resuming target 2441
05-12 14:57:14.064 W/        ( 1269): debuggerd: handling request: pid=2522 uid=1023 gid=1023 tid=2522
05-12 14:57:14.168 W/        ( 1269): debuggerd: resuming target 2522
05-12 14:57:14.451 W/art     ( 2162): Long monitor contention with owner android.bg (2200) at boolean android.os.MessageQueue.enqueueMessage(android.os.Message, long)(MessageQueue.java:541) waiters=0 in android.os.Message android.os.MessageQueue.next() for 3.425s
05-12 14:57:14.493 W/art     ( 2162): Long monitor contention with owner android.bg (2200) at void com.android.server.power.PowerManagerService.releaseWakeLockInternal(android.os.IBinder, int)(PowerManagerService.java:937) waiters=0 in void com.android.server.power.PowerManagerService.acquireWakeLockInternal(android.os.IBinder, int, java.lang.String, java.lang.String, android.os.WorkSource, java.lang.String, int, int) for 3.353s
05-12 14:57:14.496 W/art     ( 2625): Long monitor contention with owner RILReceiver0 (2693) at boolean android.os.BinderProxy.transactNative(int, android.os.Parcel, android.os.Parcel, int)(Binder.java:-2) waiters=0 in void com.android.internal.telephony.RIL.acquireWakeLock(com.android.internal.telephony.RILRequest, int) for 2.426s
05-12 14:57:14.591 I/GnssLocationProvider( 2162): WakeLock released by handleMessage(2, 1, null)
05-12 14:57:15.417 W/art     ( 2162): Long monitor contention with owner Binder:2162_2 (2180) at void com.android.server.power.PowerManagerService.acquireWakeLockInternal(android.os.IBinder, int, java.lang.String, java.lang.String, android.os.WorkSource, java.lang.String, int, int)(PowerManagerService.java:862) waiters=0 in void com.android.server.power.PowerManagerService.handleSandman() for 121ms
05-12 14:57:15.730 W/art     ( 2162): Long monitor contention with owner ConditionProviders.ECP (2359) at void android.os.Process.setThreadPriority(int, int)(Process.java:-2) waiters=0 in void com.android.server.notification.EventConditionProvider.onSubscribe(android.net.Uri) for 6.670s
05-12 14:57:15.735 I/Telecom ( 2162): WiredHeadsetManager: ACTION_HEADSET_PLUG event, plugged in: false, : WHC.oADA@AAE
05-12 14:57:16.008 I/ActivityManager( 2162): user 0 is still locked. Cannot load recents
05-12 14:57:17.334 W/ProcessCpuTracker( 2162): Skipping unknown process pid 2702
05-12 14:57:17.335 W/ProcessCpuTracker( 2162): Skipping unknown process pid 2705
05-12 14:57:18.918 W/System  ( 2400): ClassLoader referenced unknown path: 
05-12 14:57:18.919 W/System  ( 2400): ClassLoader referenced unknown path: /system/priv-app/Dialer/lib/x86_64
05-12 14:57:18.934 D/ApplicationLoaders( 2400): ignored Vulkan layer search path /system/priv-app/Dialer/lib/x86_64:/system/lib64:/vendor/lib64 for namespace 0x7f6b9fa710f0
05-12 14:57:19.526 W/ProcessCpuTracker( 2162): Skipping unknown process pid 2701
05-12 14:57:19.528 W/ProcessCpuTracker( 2162): Skipping unknown process pid 2704
05-12 14:57:19.669 W/SystemConfig( 2625): No directory /system/etc/sysconfig, skipping
05-12 14:57:19.811 E/BluetoothAdapter( 2400): Bluetooth binder is null
05-12 14:57:20.346 W/ProcessCpuTracker( 2162): Skipping unknown process pid 2718
05-12 14:57:20.475 I/CameraManagerGlobal( 2400): Connecting to camera service
05-12 14:57:20.508 D/PhoneSwitcherNetworkRequstListener( 2625): Registering NetworkFactory
05-12 14:57:20.528 V/EmulatedCamera_Camera( 1329): getCameraInfo
05-12 14:57:20.529 V/EmulatedCamera_BaseCamera( 1329): getCameraInfo
05-12 14:57:20.530 I/CameraService( 1329): getCameraCharacteristics: Switching to HAL1 shim implementation...
05-12 14:57:20.562 V/EmulatedCamera_Camera( 1329): getCameraInfo
05-12 14:57:20.562 V/EmulatedCamera_BaseCamera( 1329): getCameraInfo
05-12 14:57:20.564 I/CameraService( 1329): CameraService::connect call (PID -1 "cameraserver", camera ID 0) for HAL version default and Camera API version 1
05-12 14:57:20.568 E/CameraService( 1329): getCameraPriorityFromProcState: Received invalid process state -1 from ActivityManagerService!
05-12 14:57:20.569 V/EmulatedCamera_Camera( 1329): getCameraInfo
05-12 14:57:20.569 V/EmulatedCamera_BaseCamera( 1329): getCameraInfo
05-12 14:57:20.655 D/ConnectivityService( 2162): Got NetworkFactory Messenger for PhoneSwitcherNetworkRequstListener
05-12 14:57:20.977 D/ConnectivityService( 2162): Got NetworkFactory Messenger for TelephonyNetworkFactory[0]
05-12 14:57:21.187 E/WVMExtractor( 1338): Failed to open libwvm.so: dlopen failed: library "libwvm.so" not found
05-12 14:57:22.097 D/CarrierConfigLoader( 2625): CarrierConfigLoader has started
05-12 14:57:22.161 E/BluetoothAdapter( 2625): Bluetooth binder is null
05-12 14:57:22.389 D/NuPlayerDriver( 1338): notifyListener_l(0xeed0c060), (1, 0, 0), loop setting(0, 0)
05-12 14:57:22.890 E/ActivityManager( 2162): ANR in system
05-12 14:57:22.890 E/ActivityManager( 2162): PID: 2162
05-12 14:57:22.890 E/ActivityManager( 2162): Reason: executing service com.android.server.telecom/.components.TelecomService
05-12 14:57:22.890 E/ActivityManager( 2162): Load: 10.46 / 4.4 / 1.7
05-12 14:57:22.890 E/ActivityManager( 2162): CPU usage from 1ms to 26222ms later (2021-05-12 14:56:55.729 to 2021-05-12 14:57:21.951):
05-12 14:57:22.890 E/ActivityManager( 2162):   68% 1321/surfaceflinger: 25% user + 43% kernel / faults: 41 minor
05-12 14:57:22.890 E/ActivityManager( 2162):   34% 1787/bootanimation: 14% user + 19% kernel
05-12 14:57:22.890 E/ActivityManager( 2162):   25% 2162/system_server: 6.6% user + 18% kernel / faults: 3945 minor 31 major
05-12 14:57:22.890 E/ActivityManager( 2162):   9.9% 2400/com.android.systemui: 2.7% user + 7.1% kernel / faults: 3926 minor 27 major
05-12 14:57:22.890 E/ActivityManager( 2162):   6.8% 1333/media.codec: 3.3% user + 3.5% kernel / faults: 3282 minor 4 major
05-12 14:57:22.890 E/ActivityManager( 2162):   2.8% 8/rcu_preempt: 0% user + 2.8% kernel
05-12 14:57:22.890 E/ActivityManager( 2162):   2.6% 1323/adbd: 0.1% user + 2.4% kernel / faults: 1578 minor
05-12 14:57:22.890 E/ActivityManager( 2162):   0.8% 1337/media.extractor: 0.2% user + 0.6% kernel / faults: 108 minor
05-12 14:57:22.890 E/ActivityManager( 2162):   0.8% 1338/mediaserver: 0.1% user + 0.6% kernel / faults: 168 minor
05-12 14:57:22.890 E/ActivityManager( 2162):   0.7% 1320/servicemanager: 0.1% user + 0.6% kernel
05-12 14:57:22.890 E/ActivityManager( 2162):   0.4% 1326/zygote64: 0.1% user + 0.3% kernel / faults: 318 minor
05-12 14:57:22.890 E/ActivityManager( 2162):   0.7% 2387/com.android.inputmethod.latin: 0% user + 0.6% kernel / faults: 408 minor
05-12 14:57:22.890 E/ActivityManager( 2162):   0.1% 1269/debuggerd64: 0% user + 0.1% kernel / faults: 103 minor
05-12 14:57:22.890 E/ActivityManager( 2162):   0.4% 1328/audioserver: 0.1% user + 0.3% kernel / faults: 41 minor
05-12 14:57:22.890 E/ActivityManager( 2162):   0.4% 1255/kworker/0:1H: 0% user + 0.4% kernel
05-12 14:57:22.890 E/ActivityManager( 2162):   0.4% 1339/netd: 0% user + 0.4% kernel / faults: 139 minor
05-12 14:57:22.890 E/ActivityManager( 2162):   0.1% 1329/cameraserver: 0% user + 0% kernel / faults: 123 minor
05-12 14:57:22.890 E/ActivityManager( 2162):   0% 1268/debuggerd: 0% user + 0% kernel / faults: 188 minor
05-12 14:57:22.890 E/ActivityManager( 2162):   0.3% 1393/logcat: 0% user + 0.2% kernel
05-12 14:57:22.890 E/ActivityManager( 2162):   0.2% 1265/jbd2/vdc-8: 0% user + 0.2% kernel
05-12 14:57:22.890 E/ActivityManager( 2162):   0.2% 1267/logd: 0% user + 0.2% kernel / faults: 12 minor
05-12 14:57:22.890 E/ActivityManager( 2162):   0.1% 3/ksoftirqd/0: 0% user + 0.1% kernel
05-12 14:57:22.890 E/ActivityManager( 2162):   0% 1//init: 0% user + 0% kernel / faults: 1 minor
05-12 14:57:22.890 E/ActivityManager( 2162):   0.1% 6/kworker/u4:0: 0% user + 0.1% kernel
05-12 14:57:22.890 E/ActivityManager( 2162):   0.1% 12/ksoftirqd/1: 0% user + 0.1% kernel
05-12 14:57:22.890 E/ActivityManager( 2162):   0% 4/kworker/0:0: 0% user + 0% kernel
05-12 14:57:22.890 E/ActivityManager( 2162):   0% 13/kworker/1:0: 0% user + 0% kernel
05-12 14:57:22.890 E/ActivityManager( 2162):   0% 1340/rild: 0% user + 0% kernel / faults: 5 minor
05-12 14:57:22.890 E/ActivityManager( 2162):  +0% 2625/com.android.phone: 0% user + 0% kernel
05-12 14:57:22.890 E/ActivityManager( 2162):  +0% 2639/com.android.settings: 0% user + 0% kernel
05-12 14:57:22.890 E/ActivityManager( 2162):  +0% 2721/getprop: 0% user + 0% kernel
05-12 14:57:22.890 E/ActivityManager( 2162):  +0% 2724/getprop: 0% user + 0% kernel
05-12 14:57:22.890 E/ActivityManager( 2162): 100% TOTAL: 33% user + 65% kernel + 0.4% softirq
05-12 14:57:22.890 E/ActivityManager( 2162): CPU usage from 23809ms to 25122ms later (2021-05-12 14:57:19.538 to 2021-05-12 14:57:20.850):
05-12 14:57:22.890 E/ActivityManager( 2162):   105% 1321/surfaceflinger: 23% user + 81% kernel
05-12 14:57:22.890 E/ActivityManager( 2162):     43% 1321/surfaceflinger: 11% user + 32% kernel
05-12 14:57:22.890 E/ActivityManager( 2162):     28% 1772/EventThread: 6.3% user + 22% kernel
05-12 14:57:22.890 E/ActivityManager( 2162):     20% 1766/DispSync: 3.9% user + 16% kernel
05-12 14:57:22.890 E/ActivityManager( 2162):     3.1% 1771/POSIX timer 1: 0% user + 3.1% kernel
05-12 14:57:22.890 E/ActivityManager( 2162):     2.3% 2667/Binder:1321_4: 0% user + 2.3% kernel
05-12 14:57:22.890 E/ActivityManager( 2162):     1.5% 1767/Binder:1321_2: 0% user + 1.5% kernel
05-12 14:57:22.890 E/ActivityManager( 2162):     1.5% 1769/POSIX timer 0: 0% user + 1.5% kernel
05-12 14:57:22.890 E/ActivityManager( 2162):     1.5% 1770/EventThread: 0% user + 1.5% kernel
05-12 14:57:22.890 E/ActivityManager( 2162):     0.7% 1906/Binder:1321_3: 0% user + 0.7% kernel
05-12 14:57:22.890 E/ActivityManager( 2162):   22% 1787/bootanimation: 0% user + 22% kernel
05-12 14:57:22.890 E/ActivityManager( 2162):     23% 1904/BootAnimation: 0% user + 23% kernel
05-12 14:57:22.890 E/ActivityManager( 2162):   18% 2162/system_server: 3.1% user + 15% kernel / faults: 17 minor
05-12 14:57:22.890 E/ActivityManager( 2162):     10% 2201/ActivityManager: 2.3% user + 8.5% kernel
05-12 14:57:22.890 E/ActivityManager( 2162):     2.3% 2652/Binder:2162_6: 0.7% user + 1.5% kernel
05-12 14:57:22.890 E/ActivityManager( 2162):     1.5% 2654/Binder:2162_7: 0% user + 1.5% kernel
05-12 14:57:22.890 E/ActivityManager( 2162):     0.7% 2179/Binder:2162_1: 0.7% user + 0% kernel
05-12 14:57:22.890 E/ActivityManager( 2162):     0.7% 2309/Binder:2162_3: 0% user + 0.7% kernel
05-12 14:57:22.890 E/ActivityManager( 2162):     0.7% 2435/Binder:2162_4: 0% user + 0.7% kernel
05-12 14:57:22.890 E/ActivityManager( 2162):   15% 2639/com.android.settings: 0% user + 15% kernel / faults: 43 minor
05-12 14:57:22.890 E/ActivityManager( 2162):     15% 2639/ndroid.settings: 0% user + 15% kernel
05-12 14:57:22.890 E/ActivityManager( 2162):     0.6% 2644/Jit thread pool: 0% user + 0.6% kernel
05-12 14:57:22.890 E/ActivityManager( 2162):     0.6% 2653/Binder:2639_2: 0% user + 0.6% kernel
05-12 14:57:22.890 E/ActivityManager( 2162):   12% 2625/com.android.phone: 2.4% user + 10% kernel / faults: 434 minor 3 major
05-12 14:57:22.890 E/ActivityManager( 2162):     11% 2625/m.android.phone: 2.4% user + 8.8% kernel
05-12 14:57:22.890 E/ActivityManager( 2162):     0.8% 2637/Binder:2625_1: 0% user + 0.8% kernel
05-12 14:57:22.890 E/ActivityManager( 2162):    +0% 2728/Binder:2625_3: 0% user + 0% kernel
05-12 14:57:22.890 E/ActivityManager( 2162):    +0% 2730/AsyncTask #1: 0% user + 0% kernel
05-12 14:57:22.890 E/ActivityManager( 2162):   1.9% 1338/mediaserver: 0% user + 1.9% kernel / faults: 75 minor
05-12 14:57:22.890 E/ActivityManager( 2162):     0.5% 1338/mediaserver: 0% user + 0.5% kernel
05-12 14:57:22.890 E/ActivityManager( 2162):     0.5% 1824/Binder:1338_1: 0% user + 0.5% kernel
05-12 14:57:22.890 E/ActivityManager( 2162):     0.2% 2439/Binder:1338_2: 0% user + 0.2% kernel
05-12 14:57:22.890 E/ActivityManager( 2162):    +0% 2727/NuPlayerDriver : 0% user + 0% kernel
05-12 14:57:22.890 E/ActivityManager( 2162):    +0% 2729/generic: 0% user + 0% kernel
05-12 14:57:22.890 E/ActivityManager( 2162):   1.2% 1329/cameraserver: 0% user + 1.2% kernel / faults: 58 minor
05-12 14:57:22.890 E/ActivityManager( 2162):    
05-12 14:57:22.972 D/NuPlayerDriver( 1338): notifyListener_l(0xf0528ea0), (1, 0, 0), loop setting(0, 0)
05-12 14:57:23.050 W/art     ( 2162): Long monitor contention with owner ConditionProviders.ECP (2359) at java.lang.String com.android.server.am.ActivityManagerService.checkContentProviderAccess(java.lang.String, int)(ActivityManagerService.java:10435) waiters=0 in android.content.Intent com.android.server.am.ActivityManagerService.registerReceiver(android.app.IApplicationThread, java.lang.String, android.content.IIntentReceiver, android.content.IntentFilter, java.lang.String, int) for 459ms
05-12 14:57:23.470 W/art     ( 2162): Long monitor contention with owner android.ui (2203) at void com.android.server.am.AppErrors.handleShowAnrUi(android.os.Message)(AppErrors.java:925) waiters=0 in void com.android.server.am.BroadcastQueue.processNextBroadcast(boolean) for 223ms
05-12 14:57:23.481 D/NuPlayerDriver( 1338): notifyListener_l(0xf0528ba0), (1, 0, 0), loop setting(0, 0)
05-12 14:57:23.577 D/GpsNetInitiatedHandler( 2162): location enabled :true
05-12 14:57:23.793 I/CameraFlashlight( 1329): Opening camera 0
05-12 14:57:23.794 V/EmulatedCamera_Camera( 1329): getCameraInfo
05-12 14:57:23.795 V/EmulatedCamera_BaseCamera( 1329): getCameraInfo
05-12 14:57:23.795 V/EmulatedCamera_Camera( 1329): connectCamera
05-12 14:57:23.810 V/EmulatedCamera_FakeDevice( 1329): connectDevice
05-12 14:57:23.810 V/EmulatedCamera_CallbackNotifier( 1329): setCallbacks: 0xf58d7e80, 0xf58d7ed0, 0xf58d7ff0, 0xf58d8110 (0xf50c3320)
05-12 14:57:23.811 V/EmulatedCamera_CallbackNotifier( 1329): enableMessage: msg_type = 0xc0d
05-12 14:57:23.811 V/EmulatedCamera_CallbackNotifier( 1329):     CAMERA_MSG_ERROR
05-12 14:57:23.811 V/EmulatedCamera_CallbackNotifier( 1329):     CAMERA_MSG_FOCUS
05-12 14:57:23.811 V/EmulatedCamera_CallbackNotifier( 1329):     CAMERA_MSG_ZOOM
05-12 14:57:23.811 V/EmulatedCamera_CallbackNotifier( 1329):     CAMERA_MSG_PREVIEW_METADATA
05-12 14:57:23.811 V/EmulatedCamera_CallbackNotifier( 1329): **** Currently enabled messages:
05-12 14:57:23.811 V/EmulatedCamera_CallbackNotifier( 1329):     CAMERA_MSG_ERROR
05-12 14:57:23.811 V/EmulatedCamera_CallbackNotifier( 1329):     CAMERA_MSG_FOCUS
05-12 14:57:23.811 V/EmulatedCamera_CallbackNotifier( 1329):     CAMERA_MSG_ZOOM
05-12 14:57:23.811 V/EmulatedCamera_CallbackNotifier( 1329):     CAMERA_MSG_PREVIEW_METADATA
05-12 14:57:23.815 V/EmulatedCamera_CallbackNotifier( 1329): disableMessage: msg_type = 0xffff
05-12 14:57:23.816 V/EmulatedCamera_CallbackNotifier( 1329):     CAMERA_MSG_ERROR
05-12 14:57:23.816 V/EmulatedCamera_CallbackNotifier( 1329):     CAMERA_MSG_SHUTTER
05-12 14:57:23.816 V/EmulatedCamera_CallbackNotifier( 1329):     CAMERA_MSG_FOCUS
05-12 14:57:23.816 V/EmulatedCamera_CallbackNotifier( 1329):     CAMERA_MSG_ZOOM
05-12 14:57:23.816 V/EmulatedCamera_CallbackNotifier( 1329):     CAMERA_MSG_PREVIEW_FRAME
05-12 14:57:23.816 V/EmulatedCamera_CallbackNotifier( 1329):     CAMERA_MSG_VIDEO_FRAME
05-12 14:57:23.816 V/EmulatedCamera_CallbackNotifier( 1329):     CAMERA_MSG_POSTVIEW_FRAME
05-12 14:57:23.816 V/EmulatedCamera_CallbackNotifier( 1329):     CAMERA_MSG_RAW_IMAGE
05-12 14:57:23.816 V/EmulatedCamera_CallbackNotifier( 1329):     CAMERA_MSG_COMPRESSED_IMAGE
05-12 14:57:23.816 V/EmulatedCamera_CallbackNotifier( 1329):     CAMERA_MSG_RAW_IMAGE_NOTIFY
05-12 14:57:23.816 V/EmulatedCamera_CallbackNotifier( 1329):     CAMERA_MSG_PREVIEW_METADATA
05-12 14:57:23.816 V/EmulatedCamera_CallbackNotifier( 1329): **** Currently enabled messages:
05-12 14:57:23.816 V/EmulatedCamera_Preview( 1329): setPreviewWindow: current: 0x0 -> new: 0x0
05-12 14:57:23.816 V/EmulatedCamera_Camera( 1329): doStopPreview
05-12 14:57:23.818 W/art     ( 2162): Long monitor contention with owner android.fg (2217) at android.content.pm.UserInfo com.android.server.am.UserController.getCurrentUser()(UserController.java:1438) waiters=0 in void com.android.server.am.ActivityManagerService$MainHandler.handleMessage(android.os.Message) for 208ms
05-12 14:57:23.991 V/EmulatedCamera_Camera( 1329): cancelPicture
05-12 14:57:23.992 V/EmulatedCamera_Camera( 1329): releaseCamera
05-12 14:57:23.992 V/EmulatedCamera_Camera( 1329): doStopPreview
05-12 14:57:23.992 V/EmulatedCamera_FakeDevice( 1329): disconnectDevice
05-12 14:57:23.992 W/EmulatedCamera_Device( 1329): Initialize: Emulated camera device is already initialized: mState = 1
05-12 14:57:23.992 D/EmulatedCamera_FakeCamera( 1329): Initialize: Fake camera is facing back
05-12 14:57:23.994 V/EmulatedCamera_Device( 1329): initializeWhiteBalanceModes with auto, 1.000000, 1.000000
05-12 14:57:23.994 V/EmulatedCamera_Device( 1329): initializeWhiteBalanceModes with incandescent, 1.380000, 0.600000
05-12 14:57:23.994 V/EmulatedCamera_Device( 1329): initializeWhiteBalanceModes with daylight, 1.090000, 0.920000
05-12 14:57:23.994 V/EmulatedCamera_Device( 1329): initializeWhiteBalanceModes with twilight, 0.920000, 1.220000
05-12 14:57:23.994 V/EmulatedCamera_Device( 1329): setWhiteBalanceMode with white balance auto
05-12 14:57:23.995 I/CameraFlashlight( 1329): Destroying camera 0
05-12 14:57:23.995 V/EmulatedCamera_Camera( 1329): closeCamera
05-12 14:57:23.995 V/EmulatedCamera_Camera( 1329): doStopPreview
05-12 14:57:23.995 W/EmulatedCamera_Device( 1329): Initialize: Emulated camera device is already initialized: mState = 1
05-12 14:57:23.995 D/EmulatedCamera_FakeCamera( 1329): Initialize: Fake camera is facing back
05-12 14:57:23.996 V/EmulatedCamera_Device( 1329): initializeWhiteBalanceModes with auto, 1.000000, 1.000000
05-12 14:57:23.996 V/EmulatedCamera_Device( 1329): initializeWhiteBalanceModes with incandescent, 1.380000, 0.600000
05-12 14:57:23.996 V/EmulatedCamera_Device( 1329): initializeWhiteBalanceModes with daylight, 1.090000, 0.920000
05-12 14:57:23.996 V/EmulatedCamera_Device( 1329): initializeWhiteBalanceModes with twilight, 0.920000, 1.220000
05-12 14:57:23.996 V/EmulatedCamera_Device( 1329): setWhiteBalanceMode with white balance auto
05-12 14:57:24.022 V/KeyguardServiceDelegate( 2162): *** Keyguard started
05-12 14:57:24.084 W/KeyguardServiceDelegate( 2162): onScreenTurningOn(): no keyguard service!
05-12 14:57:24.156 I/Telephony( 2625): TtyManager: updateUiTtyMode -1 -> 0
05-12 14:57:24.249 W/art     ( 2162): Suspending all threads took: 19.600ms
05-12 14:57:24.417 I/CameraService( 1329): disconnect: Disconnected client for camera 0 for PID 1329
