05-12 14:57:46.428 W/KeyguardServiceWrapper( 2162): 	at android.os.Handler.dispatchMessage(Handler.java:95)
05-12 14:57:46.428 W/KeyguardServiceWrapper( 2162): 	at android.os.Looper.loop(Looper.java:154)
05-12 14:57:46.428 W/KeyguardServiceWrapper( 2162): 	at android.os.HandlerThread.run(HandlerThread.java:61)
05-12 14:57:46.428 W/KeyguardServiceWrapper( 2162): 	at com.android.server.ServiceThread.run(ServiceThread.java:46)
05-12 14:57:46.460 E/JavaBinder( 2162): !!! FAILED BINDER TRANSACTION !!!  (parcel size = 124)
05-12 14:57:46.467 W/KeyguardServiceWrapper( 2162): Remote Exception
05-12 14:57:46.467 W/KeyguardServiceWrapper( 2162): android.os.DeadObjectException: Transaction failed on small parcel; remote process probably died
05-12 14:57:46.467 W/KeyguardServiceWrapper( 2162): 	at android.os.BinderProxy.transactNative(Native Method)
05-12 14:57:46.467 W/KeyguardServiceWrapper( 2162): 	at android.os.BinderProxy.transact(Binder.java:615)
05-12 14:57:46.467 W/KeyguardServiceWrapper( 2162): 	at com.android.internal.policy.IKeyguardService$Stub$Proxy.onScreenTurningOn(IKeyguardService.java:374)
05-12 14:57:46.467 W/KeyguardServiceWrapper( 2162): 	at com.android.server.policy.keyguard.KeyguardServiceWrapper.onScreenTurningOn(KeyguardServiceWrapper.java:143)
05-12 14:57:46.467 W/KeyguardServiceWrapper( 2162): 	at com.android.server.policy.keyguard.KeyguardServiceDelegate$1.onServiceConnected(KeyguardServiceDelegate.java:175)
05-12 14:57:46.467 W/KeyguardServiceWrapper( 2162): 	at android.app.LoadedApk$ServiceDispatcher.doConnected(LoadedApk.java:1453)
05-12 14:57:46.467 W/KeyguardServiceWrapper( 2162): 	at android.app.LoadedApk$ServiceDispatcher$RunConnection.run(LoadedApk.java:1481)
05-12 14:57:46.467 W/KeyguardServiceWrapper( 2162): 	at android.os.Handler.handleCallback(Handler.java:751)
05-12 14:57:46.467 W/KeyguardServiceWrapper( 2162): 	at android.os.Handler.dispatchMessage(Handler.java:95)
05-12 14:57:46.467 W/KeyguardServiceWrapper( 2162): 	at android.os.Looper.loop(Looper.java:154)
05-12 14:57:46.467 W/KeyguardServiceWrapper( 2162): 	at android.os.HandlerThread.run(HandlerThread.java:61)
05-12 14:57:46.467 W/KeyguardServiceWrapper( 2162): 	at com.android.server.ServiceThread.run(ServiceThread.java:46)
05-12 14:57:46.467 E/JavaBinder( 2162): !!! FAILED BINDER TRANSACTION !!!  (parcel size = 100)
05-12 14:57:46.468 W/KeyguardServiceWrapper( 2162): Remote Exception
05-12 14:57:46.468 W/KeyguardServiceWrapper( 2162): android.os.DeadObjectException: Transaction failed on small parcel; remote process probably died
05-12 14:57:46.468 W/KeyguardServiceWrapper( 2162): 	at android.os.BinderProxy.transactNative(Native Method)
05-12 14:57:46.468 W/KeyguardServiceWrapper( 2162): 	at android.os.BinderProxy.transact(Binder.java:615)
05-12 14:57:46.468 W/KeyguardServiceWrapper( 2162): 	at com.android.internal.policy.IKeyguardService$Stub$Proxy.onScreenTurnedOn(IKeyguardService.java:388)
05-12 14:57:46.468 W/KeyguardServiceWrapper( 2162): 	at com.android.server.policy.keyguard.KeyguardServiceWrapper.onScreenTurnedOn(KeyguardServiceWrapper.java:152)
05-12 14:57:46.468 W/KeyguardServiceWrapper( 2162): 	at com.android.server.policy.keyguard.KeyguardServiceDelegate$1.onServiceConnected(KeyguardServiceDelegate.java:179)
05-12 14:57:46.468 W/KeyguardServiceWrapper( 2162): 	at android.app.LoadedApk$ServiceDispatcher.doConnected(LoadedApk.java:1453)
05-12 14:57:46.468 W/KeyguardServiceWrapper( 2162): 	at android.app.LoadedApk$ServiceDispatcher$RunConnection.run(LoadedApk.java:1481)
05-12 14:57:46.468 W/KeyguardServiceWrapper( 2162): 	at android.os.Handler.handleCallback(Handler.java:751)
05-12 14:57:46.468 W/KeyguardServiceWrapper( 2162): 	at android.os.Handler.dispatchMessage(Handler.java:95)
05-12 14:57:46.468 W/KeyguardServiceWrapper( 2162): 	at android.os.Looper.loop(Looper.java:154)
05-12 14:57:46.468 W/KeyguardServiceWrapper( 2162): 	at android.os.HandlerThread.run(HandlerThread.java:61)
05-12 14:57:46.468 W/KeyguardServiceWrapper( 2162): 	at com.android.server.ServiceThread.run(ServiceThread.java:46)
05-12 14:57:46.469 E/JavaBinder( 2162): !!! FAILED BINDER TRANSACTION !!!  (parcel size = 100)
05-12 14:57:46.475 W/KeyguardServiceWrapper( 2162): Remote Exception
05-12 14:57:46.475 W/KeyguardServiceWrapper( 2162): android.os.DeadObjectException: Transaction failed on small parcel; remote process probably died
05-12 14:57:46.475 W/KeyguardServiceWrapper( 2162): 	at android.os.BinderProxy.transactNative(Native Method)
05-12 14:57:46.475 W/KeyguardServiceWrapper( 2162): 	at android.os.BinderProxy.transact(Binder.java:615)
05-12 14:57:46.475 W/KeyguardServiceWrapper( 2162): 	at com.android.internal.policy.IKeyguardService$Stub$Proxy.onBootCompleted(IKeyguardService.java:466)
05-12 14:57:46.475 W/KeyguardServiceWrapper( 2162): 	at com.android.server.policy.keyguard.KeyguardServiceWrapper.onBootCompleted(KeyguardServiceWrapper.java:207)
05-12 14:57:46.475 W/KeyguardServiceWrapper( 2162): 	at com.android.server.policy.keyguard.KeyguardServiceDelegate$1.onServiceConnected(KeyguardServiceDelegate.java:184)
05-12 14:57:46.475 W/KeyguardServiceWrapper( 2162): 	at android.app.LoadedApk$ServiceDispatcher.doConnected(LoadedApk.java:1453)
05-12 14:57:46.475 W/KeyguardServiceWrapper( 2162): 	at android.app.LoadedApk$ServiceDispatcher$RunConnection.run(LoadedApk.java:1481)
05-12 14:57:46.475 W/KeyguardServiceWrapper( 2162): 	at android.os.Handler.handleCallback(Handler.java:751)
05-12 14:57:46.475 W/KeyguardServiceWrapper( 2162): 	at android.os.Handler.dispatchMessage(Handler.java:95)
05-12 14:57:46.475 W/KeyguardServiceWrapper( 2162): 	at android.os.Looper.loop(Looper.java:154)
05-12 14:57:46.475 W/KeyguardServiceWrapper( 2162): 	at android.os.HandlerThread.run(HandlerThread.java:61)
05-12 14:57:46.475 W/KeyguardServiceWrapper( 2162): 	at com.android.server.ServiceThread.run(ServiceThread.java:46)
05-12 14:57:46.544 V/Launcher( 2851): LauncherAppState inited
05-12 14:57:46.630 E/JavaBinder( 2162): !!! FAILED BINDER TRANSACTION !!!  (parcel size = 96)
05-12 14:57:47.068 W/art     ( 2893): Unexpected CPU variant for X86 using defaults: x86_64
05-12 14:57:47.177 W/ActivityManager( 2162): Slow operation: 457ms so far, now at startProcess: returned from zygote!
05-12 14:57:47.178 W/ActivityManager( 2162): Slow operation: 476ms so far, now at startProcess: done updating battery stats
05-12 14:57:47.178 W/ActivityManager( 2162): Slow operation: 476ms so far, now at startProcess: building log message
05-12 14:57:47.178 I/ActivityManager( 2162): Start proc 2893:com.android.keychain/1000 for service com.android.keychain/.KeyChainService
05-12 14:57:47.178 W/ActivityManager( 2162): Slow operation: 477ms so far, now at startProcess: starting to update pids map
05-12 14:57:47.178 W/ActivityManager( 2162): Slow operation: 477ms so far, now at startProcess: done updating pids map
05-12 14:57:47.179 W/ActivityManager( 2162): Slow operation: 477ms so far, now at startProcess: done starting proc!
05-12 14:57:47.190 W/art     ( 2162): Long monitor contention with owner AsyncTask #3 (2845) at int com.android.server.am.ActivityManagerService.bindService(android.app.IApplicationThread, android.os.IBinder, android.content.Intent, java.lang.String, android.app.IServiceConnection, int, java.lang.String, int)(ActivityManagerService.java:17301) waiters=0 in void com.android.server.am.ActivityStack$ActivityStackHandler.handleMessage(android.os.Message) for 474ms
05-12 14:57:47.593 W/System  ( 2893): ClassLoader referenced unknown path: /system/app/KeyChain/lib/x86_64
05-12 14:57:47.657 E/JavaBinder( 2162): !!! FAILED BINDER TRANSACTION !!!  (parcel size = 96)
05-12 14:57:47.975 E/JavaBinder( 2162): !!! FAILED BINDER TRANSACTION !!!  (parcel size = 96)
05-12 14:57:48.023 E/JavaBinder( 2162): !!! FAILED BINDER TRANSACTION !!!  (parcel size = 96)
05-12 14:57:48.222 E/JavaBinder( 2162): !!! FAILED BINDER TRANSACTION !!!  (parcel size = 108)
05-12 14:57:48.226 E/JavaBinder( 2162): !!! FAILED BINDER TRANSACTION !!!  (parcel size = 92)
05-12 14:57:48.901 E/JavaBinder( 2162): !!! FAILED BINDER TRANSACTION !!!  (parcel size = 92)
05-12 14:57:48.904 E/JavaBinder( 2162): !!! FAILED BINDER TRANSACTION !!!  (parcel size = 96)
05-12 14:57:48.937 E/JavaBinder( 2162): !!! FAILED BINDER TRANSACTION !!!  (parcel size = 96)
05-12 14:57:49.898 E/JavaBinder( 2162): !!! FAILED BINDER TRANSACTION !!!  (parcel size = 96)
05-12 14:57:49.995 E/JavaBinder( 2162): !!! FAILED BINDER TRANSACTION !!!  (parcel size = 96)
05-12 14:57:49.996 E/JavaBinder( 2162): !!! FAILED BINDER TRANSACTION !!!  (parcel size = 96)
05-12 14:57:50.167 D/gralloc_ranchu( 2851): Emulator without host-side GPU emulation detected. Loading gralloc.default.so from /vendor/lib64/hw/gralloc.goldfish.default.so...
05-12 14:57:50.173 D/gralloc_ranchu( 2851): gralloc.default.so not found in /vendor. Trying /system/lib64/hw/gralloc.goldfish.default.so...
05-12 14:57:50.382 E/JavaBinder( 2162): !!! FAILED BINDER TRANSACTION !!!  (parcel size = 96)
05-12 14:57:50.391 E/JavaBinder( 2162): !!! FAILED BINDER TRANSACTION !!!  (parcel size = 96)
05-12 14:57:50.397 E/JavaBinder( 2162): !!! FAILED BINDER TRANSACTION !!!  (parcel size = 96)
05-12 14:57:50.573 I/ActivityManager( 2162): Displayed com.android.launcher3/.Launcher: +8s99ms
05-12 14:57:50.583 E/JavaBinder( 2162): !!! FAILED BINDER TRANSACTION !!!  (parcel size = 96)
05-12 14:57:51.176 E/NetdConnector( 2162): NDC Command {18 firewall disable_chain standby} took too long (2378ms)
05-12 14:57:51.197 V/GridSizeMigrationTask( 2851): Workspace migration completed in 362
05-12 14:57:51.212 D/Launcher.Model( 2851): loadWorkspace: loading default favorites
05-12 14:57:51.377 E/JavaBinder( 2162): !!! FAILED BINDER TRANSACTION !!!  (parcel size = 96)
05-12 14:57:51.456 I/WindowManager( 2162): WIN DEATH: Window{6ea9dc1 u0 StatusBar}
05-12 14:57:51.476 W/AudioService( 2162): Current remote volume controller died, unregistering
05-12 14:57:51.478 W/VolumeController( 2162): Error calling dismiss
05-12 14:57:51.478 W/VolumeController( 2162): android.os.DeadObjectException
05-12 14:57:51.478 W/VolumeController( 2162): 	at android.os.BinderProxy.transactNative(Native Method)
05-12 14:57:51.478 W/VolumeController( 2162): 	at android.os.BinderProxy.transact(Binder.java:615)
05-12 14:57:51.478 W/VolumeController( 2162): 	at android.media.IVolumeController$Stub$Proxy.dismiss(IVolumeController.java:162)
05-12 14:57:51.478 W/VolumeController( 2162): 	at com.android.server.audio.AudioService$VolumeController.postDismiss(AudioService.java:6138)
05-12 14:57:51.478 W/VolumeController( 2162): 	at com.android.server.audio.AudioService.setVolumeController(AudioService.java:5986)
05-12 14:57:51.478 W/VolumeController( 2162): 	at com.android.server.audio.AudioService$4.binderDied(AudioService.java:5995)
05-12 14:57:51.478 W/VolumeController( 2162): 	at android.os.BinderProxy.sendDeathNotice(Binder.java:688)
05-12 14:57:51.495 D/ConnectivityService( 2162): ConnectivityService NetworkRequestInfo binderDied(NetworkRequest [ LISTEN id=5, [] ], android.os.BinderProxy@7aea7e7)
05-12 14:57:51.500 D/WifiService( 2162): Client connection lost with reason: 4
05-12 14:57:51.505 V/KeyguardServiceDelegate( 2162): *** Keyguard disconnected (boo!)
05-12 14:57:51.513 W/WindowManager( 2162): Failed to report 'resized' to the client of Window{86da433 u0 com.android.systemui.ImageWallpaper}, removing this window.
05-12 14:57:51.524 E/ConnectivityService( 2162): RemoteException caught trying to send a callback msg for NetworkRequest [ LISTEN id=5, [] ]
05-12 14:57:51.539 W/InputDispatcher( 2162): channel 'cef68a8 DockedStackDivider (server)' ~ Consumer closed input channel or an error occurred.  events=0x9
05-12 14:57:51.539 E/InputDispatcher( 2162): channel 'cef68a8 DockedStackDivider (server)' ~ Channel is unrecoverably broken and will be disposed!
05-12 14:57:51.572 I/ActivityManager( 2162): Process com.android.systemui (pid 2400) has died
05-12 14:57:51.572 D/ActivityManager( 2162): cleanUpApplicationRecord -- 2400
05-12 14:57:51.574 W/ActivityManager( 2162): Scheduling restart of crashed service com.android.systemui/.keyguard.KeyguardService in 0ms
05-12 14:57:51.575 W/ActivityManager( 2162): Scheduling restart of crashed service com.android.systemui/.ImageWallpaper in 0ms
05-12 14:57:51.575 W/ActivityManager( 2162): Scheduling restart of crashed service com.android.systemui/.SystemUIService in 0ms
05-12 14:57:51.578 W/ActivityManager( 2162): Re-adding persistent process ProcessRecord{300f94 2400:com.android.systemui/u0a21}
05-12 14:57:51.580 W/InputDispatcher( 2162): channel 'b6812ec AssistPreviewPanel (server)' ~ Consumer closed input channel or an error occurred.  events=0x9
05-12 14:57:51.580 E/InputDispatcher( 2162): channel 'b6812ec AssistPreviewPanel (server)' ~ Channel is unrecoverably broken and will be disposed!
05-12 14:57:51.580 W/InputDispatcher( 2162): channel 'e45d14a NavigationBar (server)' ~ Consumer closed input channel or an error occurred.  events=0x9
05-12 14:57:51.580 E/InputDispatcher( 2162): channel 'e45d14a NavigationBar (server)' ~ Channel is unrecoverably broken and will be disposed!
05-12 14:57:51.592 W/WallpaperManagerService( 2162): Wallpaper service gone: ComponentInfo{com.android.systemui/com.android.systemui.ImageWallpaper}
05-12 14:57:51.663 W/ActivityManager( 2162): Slow operation: 84ms so far, now at startProcess: returned from zygote!
05-12 14:57:51.663 W/ActivityManager( 2162): Slow operation: 84ms so far, now at startProcess: done updating battery stats
05-12 14:57:51.663 W/ActivityManager( 2162): Slow operation: 85ms so far, now at startProcess: building log message
05-12 14:57:51.663 I/ActivityManager( 2162): Start proc 2934:com.android.systemui/u0a21 for restart com.android.systemui
05-12 14:57:51.663 W/ActivityManager( 2162): Slow operation: 85ms so far, now at startProcess: starting to update pids map
05-12 14:57:51.664 W/ActivityManager( 2162): Slow operation: 85ms so far, now at startProcess: done updating pids map
05-12 14:57:51.692 W/art     ( 2162): Long monitor contention with owner Binder:2162_7 (2654) at void com.android.server.wm.WindowState$DeathRecipient.binderDied()(WindowState.java:1806) waiters=1 in void com.android.server.wm.WindowState$DeathRecipient.binderDied() for 221ms
05-12 14:57:51.692 I/WindowManager( 2162): WIN DEATH: Window{b6812ec u0 AssistPreviewPanel}
05-12 14:57:51.692 W/InputDispatcher( 2162): Attempted to unregister already unregistered input channel 'b6812ec AssistPreviewPanel (server)'
05-12 14:57:51.716 W/libprocessgroup( 2162): failed to open /acct/uid_10021/pid_2400/cgroup.procs: No such file or directory
05-12 14:57:51.717 I/WindowManager( 2162): WIN DEATH: Window{e45d14a u0 NavigationBar}
05-12 14:57:51.720 W/InputDispatcher( 2162): Attempted to unregister already unregistered input channel 'e45d14a NavigationBar (server)'
05-12 14:57:51.753 W/art     ( 2162): Long monitor contention with owner Binder:2162_7 (2654) at void com.android.server.wm.WindowState$DeathRecipient.binderDied()(WindowState.java:1806) waiters=3 in void com.android.server.wm.WindowState$DeathRecipient.binderDied() for 281ms
05-12 14:57:51.755 W/WindowManager( 2162): Failed looking up window
05-12 14:57:51.755 W/WindowManager( 2162): java.lang.IllegalArgumentException: Requested window android.os.BinderProxy@84f3fa2 does not exist
05-12 14:57:51.755 W/WindowManager( 2162): 	at com.android.server.wm.WindowManagerService.windowForClientLocked(WindowManagerService.java:9422)
05-12 14:57:51.755 W/WindowManager( 2162): 	at com.android.server.wm.WindowManagerService.windowForClientLocked(WindowManagerService.java:9413)
05-12 14:57:51.755 W/WindowManager( 2162): 	at com.android.server.wm.WindowState$DeathRecipient.binderDied(WindowState.java:1807)
05-12 14:57:51.755 W/WindowManager( 2162): 	at android.os.BinderProxy.sendDeathNotice(Binder.java:688)
05-12 14:57:51.755 I/WindowManager( 2162): WIN DEATH: null
05-12 14:57:51.758 W/art     ( 2162): Long monitor contention with owner Binder:2162_7 (2654) at void com.android.server.wm.WindowState$DeathRecipient.binderDied()(WindowState.java:1806) waiters=5 in void com.android.server.wm.WindowState$DeathRecipient.binderDied() for 253ms
05-12 14:57:51.790 I/WindowManager( 2162): WIN DEATH: Window{cef68a8 u0 DockedStackDivider}
05-12 14:57:51.790 W/InputDispatcher( 2162): Attempted to unregister already unregistered input channel 'cef68a8 DockedStackDivider (server)'
05-12 14:57:51.791 W/art     ( 2162): Long monitor contention with owner Binder:2162_7 (2654) at void com.android.server.wm.WindowState$DeathRecipient.binderDied()(WindowState.java:1806) waiters=8 in void com.android.server.wm.WindowManagerService.notifyAppRelaunchesCleared(android.os.IBinder) for 115ms
05-12 14:57:51.803 W/art     ( 2934): Unexpected CPU variant for X86 using defaults: x86_64
05-12 14:57:51.840 W/art     ( 2162): Long monitor contention with owner Binder:2162_7 (2654) at void com.android.server.wm.WindowState$DeathRecipient.binderDied()(WindowState.java:1806) waiters=7 in int com.android.server.wm.WindowManagerService.relayoutWindow(com.android.server.wm.Session, android.view.IWindow, int, android.view.WindowManager$LayoutParams, int, int, int, int, android.graphics.Rect, android.graphics.Rect, android.graphics.Rect, android.graphics.Rect, android.graphics.Rect, android.graphics.Rect, android.graphics.Rect, android.content.res.Configuration, android.view.Surface) for 219ms
05-12 14:57:51.852 W/art     ( 2162): Long monitor contention with owner Binder:2162_7 (2654) at void com.android.server.wm.WindowState$DeathRecipient.binderDied()(WindowState.java:1806) waiters=6 in void com.android.server.wm.Session.binderDied() for 343ms
05-12 14:57:52.216 W/System  ( 2934): ClassLoader referenced unknown path: /system/priv-app/SystemUI/lib/x86_64
05-12 14:57:52.344 V/SystemUIService( 2934): Starting SystemUI services for user 0.
05-12 14:57:52.469 V/MediaRouter( 2934): Adding route: RouteInfo{ name=Phone, description=null, status=null, category=RouteCategory{ name=null types=ROUTE_TYPE_LIVE_AUDIO ROUTE_TYPE_LIVE_VIDEO  groupable=false }, supportedTypes=ROUTE_TYPE_LIVE_AUDIO ROUTE_TYPE_LIVE_VIDEO , presentationDisplay=null }
05-12 14:57:52.511 V/MediaRouter( 2934): Updating audio routes: AudioRoutesInfo{ type=SPEAKER }
05-12 14:57:52.524 V/MediaRouter( 2934): Selecting route: RouteInfo{ name=Phone, description=null, status=null, category=RouteCategory{ name=null types=ROUTE_TYPE_LIVE_AUDIO ROUTE_TYPE_LIVE_VIDEO  groupable=false }, supportedTypes=ROUTE_TYPE_LIVE_AUDIO ROUTE_TYPE_LIVE_VIDEO , presentationDisplay=null }
05-12 14:57:52.677 D/TrustManagerService( 2162): Removing dead TrustListener.
05-12 14:57:53.549 E/WVMExtractor( 2934): Failed to open libwvm.so: dlopen failed: library "libwvm.so" not found
05-12 14:57:54.028 I/MediaPlayerService( 1338): MediaPlayerService::getOMX
05-12 14:57:54.074 I/OMXClient( 2934): MuxOMX ctor
05-12 14:57:54.153 I/OMXMaster( 1333): makeComponentInstance(OMX.google.vorbis.decoder) in mediacodec process
05-12 14:57:55.074 I/MediaPlayerService( 1338): MediaPlayerService::getOMX
05-12 14:57:55.076 I/OMXClient( 2934): MuxOMX ctor
05-12 14:57:55.158 I/OMXMaster( 1333): makeComponentInstance(OMX.google.vorbis.decoder) in mediacodec process
05-12 14:57:55.555 W/ActivityManager( 2162): Slow operation: 149ms so far, now at startProcess: returned from zygote!
05-12 14:57:55.556 W/ActivityManager( 2162): Slow operation: 150ms so far, now at startProcess: done updating battery stats
05-12 14:57:55.556 W/ActivityManager( 2162): Slow operation: 151ms so far, now at startProcess: building log message
05-12 14:57:55.557 I/ActivityManager( 2162): Start proc 2965:com.android.printspooler/u0a51 for service com.android.printspooler/.model.PrintSpoolerService
05-12 14:57:55.557 W/ActivityManager( 2162): Slow operation: 151ms so far, now at startProcess: starting to update pids map
05-12 14:57:55.557 W/ActivityManager( 2162): Slow operation: 152ms so far, now at startProcess: done updating pids map
05-12 14:57:55.557 W/ActivityManager( 2162): Slow operation: 155ms so far, now at startProcess: done starting proc!
05-12 14:57:55.562 W/art     ( 2162): Long monitor contention with owner android.bg (2200) at int com.android.server.am.ActivityManagerService.bindService(android.app.IApplicationThread, android.os.IBinder, android.content.Intent, java.lang.String, android.app.IServiceConnection, int, java.lang.String, int)(ActivityManagerService.java:17301) waiters=0 in void com.android.server.am.ActivityManagerService.dispatchUidsChanged() for 153ms
05-12 14:57:55.580 W/art     ( 2965): Unexpected CPU variant for X86 using defaults: x86_64
05-12 14:57:56.105 I/vol.Events( 2934): writeEvent collection_started
05-12 14:57:56.231 I/vol.Events( 2934): writeEvent external_ringer_mode_changed normal
05-12 14:57:56.231 I/vol.Events( 2934): writeEvent internal_ringer_mode_changed normal
05-12 14:57:56.373 I/MediaPlayerService( 1338): MediaPlayerService::getOMX
05-12 14:57:56.375 I/OMXClient( 2934): MuxOMX ctor
05-12 14:57:56.379 I/OMXMaster( 1333): makeComponentInstance(OMX.google.vorbis.decoder) in mediacodec process
05-12 14:57:56.601 W/WallpaperManagerService( 2162): Wallpaper reconnect timed out, reverting to built-in wallpaper!
05-12 14:57:56.650 I/art     ( 2851): Background sticky concurrent mark sweep GC freed 20201(1946KB) AllocSpace objects, 10(232KB) LOS objects, 19% free, 8MB/10MB, paused 1.394ms total 343.257ms
05-12 14:57:57.375 I/AlarmClock( 2821): AlarmInitReceiver android.intent.action.TIME_SET
05-12 14:57:57.762 W/ifconfig( 2993): type=1400 audit(0.0:13): avc: denied { ioctl } for path="socket:[15443]" dev="sockfs" ino=15443 ioctlcmd=8927 scontext=u:r:shell:s0 tcontext=u:r:shell:s0 tclass=udp_socket permissive=0
05-12 14:57:57.822 W/ifconfig( 2993): type=1400 audit(0.0:14): avc: denied { ioctl } for path="socket:[15443]" dev="sockfs" ino=15443 ioctlcmd=891d scontext=u:r:shell:s0 tcontext=u:r:shell:s0 tclass=udp_socket permissive=0
05-12 14:57:57.852 W/ifconfig( 2993): type=1400 audit(0.0:15): avc: denied { ioctl } for path="socket:[15443]" dev="sockfs" ino=15443 ioctlcmd=8970 scontext=u:r:shell:s0 tcontext=u:r:shell:s0 tclass=udp_socket permissive=0
05-12 14:57:57.771 I/vol.Events( 2934): writeEvent level_changed STREAM_ALARM 6
05-12 14:57:57.813 I/vol.Events( 2934): writeEvent level_changed STREAM_BLUETOOTH_SCO 7
05-12 14:57:57.853 I/vol.Events( 2934): writeEvent level_changed STREAM_MUSIC 11
05-12 14:57:57.955 I/vol.Events( 2934): writeEvent level_changed STREAM_RING 5
05-12 14:57:57.971 I/vol.Events( 2934): writeEvent level_changed STREAM_SYSTEM 5
05-12 14:57:58.007 I/vol.Events( 2934): writeEvent level_changed STREAM_VOICE_CALL 4
05-12 14:57:58.156 D/StorageNotification( 2934): Notifying about private volume: VolumeInfo{private}:
05-12 14:57:58.156 D/StorageNotification( 2934):     type=PRIVATE diskId=null partGuid=null mountFlags=0 mountUserId=-1 
05-12 14:57:58.156 D/StorageNotification( 2934):     state=MOUNTED 
05-12 14:57:58.156 D/StorageNotification( 2934):     fsType=null fsUuid=null fsLabel=null 
05-12 14:57:58.156 D/StorageNotification( 2934):     path=/data internalPath=null 
05-12 14:57:58.172 D/StorageNotification( 2934): Notifying about public volume: VolumeInfo{public:253,48}:
05-12 14:57:58.172 D/StorageNotification( 2934):     type=PUBLIC diskId=disk:253,48 partGuid=null mountFlags=VISIBLE 
05-12 14:57:58.172 D/StorageNotification( 2934):     mountUserId=0 state=MOUNTED 
05-12 14:57:58.172 D/StorageNotification( 2934):     fsType=vfat fsUuid=1EFF-1C1B fsLabel=SDCARD 
05-12 14:57:58.172 D/StorageNotification( 2934):     path=/storage/1EFF-1C1B internalPath=/mnt/media_rw/1EFF-1C1B 
05-12 14:57:58.318 V/KeyguardServiceDelegate( 2162): *** Keyguard connected (yay!)
05-12 14:57:58.392 I/BackupManagerService( 2162): Found stale backup journal, scheduling
05-12 14:57:58.543 D/LockSettings( 2162): Removing dead StrongAuthTracker.
05-12 14:57:58.580 I/Choreographer( 2934): Skipped 30 frames!  The application may be doing too much work on its main thread.
05-12 14:57:58.609 V/AlarmClock( 2821): AlarmInitReceiver finished
05-12 14:57:58.623 D/WIFI    ( 2162): Registering NetworkFactory
05-12 14:57:58.623 D/WIFI_UT ( 2162): Registering NetworkFactory
05-12 14:57:58.625 D/ConnectivityService( 2162): Got NetworkFactory Messenger for WIFI
05-12 14:57:58.625 D/ConnectivityService( 2162): Got NetworkFactory Messenger for WIFI_UT
05-12 14:57:58.627 D/WIFI    ( 2162): got request NetworkRequest [ REQUEST id=1, [ Capabilities: INTERNET&NOT_RESTRICTED&TRUSTED&NOT_VPN] ] with score 0
05-12 14:57:58.628 D/WIFI_UT ( 2162): got request NetworkRequest [ REQUEST id=1, [ Capabilities: INTERNET&NOT_RESTRICTED&TRUSTED&NOT_VPN] ] with score 0
05-12 14:57:58.794 I/AlarmClock( 2821): AlarmInitReceiver android.intent.action.LOCKED_BOOT_COMPLETED
05-12 14:57:58.958 I/StatusBarManagerService( 2162): registerStatusBar bar=com.android.internal.statusbar.IStatusBar$Stub$Proxy@2889052
05-12 14:57:59.043 D/AlarmClock/Events( 2821): [Stopwatch] [Reset] [Reboot]
05-12 14:57:59.702 W/ActivityManager( 2162): Slow operation: 84ms so far, now at startProcess: returned from zygote!
05-12 14:57:59.702 W/ActivityManager( 2162): Slow operation: 84ms so far, now at startProcess: done updating battery stats
05-12 14:57:59.702 W/ActivityManager( 2162): Slow operation: 85ms so far, now at startProcess: building log message
05-12 14:57:59.702 I/ActivityManager( 2162): Start proc 3005:android.process.media/u0a10 for broadcast com.android.providers.downloads/.DownloadReceiver
05-12 14:57:59.702 W/ActivityManager( 2162): Slow operation: 85ms so far, now at startProcess: starting to update pids map
05-12 14:57:59.703 W/ActivityManager( 2162): Slow operation: 85ms so far, now at startProcess: done updating pids map
05-12 14:57:59.703 W/ActivityManager( 2162): Slow operation: 94ms so far, now at startProcess: done starting proc!
05-12 14:57:59.759 V/AlarmClock( 2821): AlarmInitReceiver finished
05-12 14:57:59.786 W/art     ( 3005): Unexpected CPU variant for X86 using defaults: x86_64
05-12 14:57:59.876 I/art     ( 2162): Background sticky concurrent mark sweep GC freed 23480(2MB) AllocSpace objects, 10(404KB) LOS objects, 23% free, 11MB/14MB, paused 1.503ms total 260.457ms
05-12 14:58:00.271 E/NetdConnector( 2162): NDC Command {19 bandwidth addniceapps 10010} took too long (566ms)
05-12 14:58:00.328 W/System  ( 3005): ClassLoader referenced unknown path: /system/priv-app/DownloadProvider/lib/x86_64
05-12 14:58:00.460 W/System  ( 3005): ClassLoader referenced unknown path: /system/priv-app/MediaProvider/lib/x86_64
05-12 14:58:00.466 D/ApplicationLoaders( 3005): ignored Vulkan layer search path /system/priv-app/MediaProvider/lib/x86_64:/system/priv-app/MediaProvider/MediaProvider.apk!/lib/x86_64:/system/lib64:/vendor/lib64 for namespace 0x7f6b9f90e0f0
05-12 14:58:00.864 I/art     ( 2934): Background sticky concurrent mark sweep GC freed 16373(2MB) AllocSpace objects, 2(40KB) LOS objects, 28% free, 7MB/10MB, paused 11.393ms total 136.235ms
05-12 14:58:01.403 W/System  ( 2934): ClassLoader referenced unknown path: 
05-12 14:58:01.404 W/System  ( 2934): ClassLoader referenced unknown path: /system/priv-app/Dialer/lib/x86_64
05-12 14:58:01.407 D/ApplicationLoaders( 2934): ignored Vulkan layer search path /system/priv-app/Dialer/lib/x86_64:/system/lib64:/vendor/lib64 for namespace 0x7f6b9fa710f0
05-12 14:58:01.668 E/BluetoothAdapter( 2934): Bluetooth binder is null
05-12 14:58:01.702 D/MediaScannerReceiver( 3005): action: android.intent.action.MEDIA_MOUNTED path: /storage/1EFF-1C1B
05-12 14:58:01.821 I/CameraManagerGlobal( 2934): Connecting to camera service
05-12 14:58:01.859 V/EmulatedCamera_Camera( 1329): getCameraInfo
05-12 14:58:01.861 V/EmulatedCamera_BaseCamera( 1329): getCameraInfo
05-12 14:58:01.861 I/CameraService( 1329): getCameraCharacteristics: Switching to HAL1 shim implementation...
05-12 14:58:01.862 V/EmulatedCamera_Camera( 1329): getCameraInfo
05-12 14:58:01.862 V/EmulatedCamera_BaseCamera( 1329): getCameraInfo
05-12 14:58:01.867 V/EmulatedCamera_Camera( 1329): getCameraInfo
05-12 14:58:01.868 V/EmulatedCamera_BaseCamera( 1329): getCameraInfo
05-12 14:58:01.882 V/EmulatedCamera_Camera( 1329): getCameraInfo
05-12 14:58:01.882 V/EmulatedCamera_BaseCamera( 1329): getCameraInfo
05-12 14:58:01.980 I/StatusBar( 2934): isKeyguardShowing() called before startKeyguard(), returning true
05-12 14:58:01.982 W/StatusBar( 2934): isKeyguardSecure() called before startKeyguard(), returning false
05-12 14:58:01.982 W/StatusBar( 2934): java.lang.Throwable
05-12 14:58:01.982 W/StatusBar( 2934): 	at com.android.systemui.statusbar.BaseStatusBar.isKeyguardSecure(BaseStatusBar.java:2647)
05-12 14:58:01.982 W/StatusBar( 2934): 	at com.android.systemui.statusbar.BaseStatusBar.isCameraAllowedByAdmin(BaseStatusBar.java:2670)
05-12 14:58:01.982 W/StatusBar( 2934): 	at com.android.systemui.statusbar.phone.KeyguardBottomAreaView.updateCameraVisibility(KeyguardBottomAreaView.java:309)
05-12 14:58:01.982 W/StatusBar( 2934): 	at com.android.systemui.statusbar.phone.KeyguardBottomAreaView.setPhoneStatusBar(KeyguardBottomAreaView.java:272)
05-12 14:58:01.982 W/StatusBar( 2934): 	at com.android.systemui.statusbar.phone.PhoneStatusBar.makeStatusBarView(PhoneStatusBar.java:904)
05-12 14:58:01.982 W/StatusBar( 2934): 	at com.android.systemui.statusbar.phone.PhoneStatusBar.addStatusBarWindow(PhoneStatusBar.java:3432)
05-12 14:58:01.982 W/StatusBar( 2934): 	at com.android.systemui.statusbar.phone.PhoneStatusBar.createAndAddWindows(PhoneStatusBar.java:3428)
05-12 14:58:01.982 W/StatusBar( 2934): 	at com.android.systemui.statusbar.BaseStatusBar.start(BaseStatusBar.java:765)
05-12 14:58:01.982 W/StatusBar( 2934): 	at com.android.systemui.statusbar.phone.PhoneStatusBar.start(PhoneStatusBar.java:686)
05-12 14:58:01.982 W/StatusBar( 2934): 	at com.android.systemui.statusbar.SystemBars.createStatusBarFromConfig(SystemBars.java:106)
05-12 14:58:01.982 W/StatusBar( 2934): 	at com.android.systemui.statusbar.SystemBars.onNoService(SystemBars.java:58)
05-12 14:58:01.982 W/StatusBar( 2934): 	at com.android.systemui.statusbar.ServiceMonitor.startService(ServiceMonitor.java:230)
05-12 14:58:01.982 W/StatusBar( 2934): 	at com.android.systemui.statusbar.ServiceMonitor.-wrap5(ServiceMonitor.java)
05-12 14:58:01.982 W/StatusBar( 2934): 	at com.android.systemui.statusbar.ServiceMonitor$1.handleMessage(ServiceMonitor.java:73)
05-12 14:58:01.982 W/StatusBar( 2934): 	at android.os.Handler.dispatchMessage(Handler.java:102)
05-12 14:58:01.982 W/StatusBar( 2934): 	at android.os.Looper.loop(Looper.java:154)
05-12 14:58:01.982 W/StatusBar( 2934): 	at android.app.ActivityThread.main(ActivityThread.java:6119)
05-12 14:58:01.982 W/StatusBar( 2934): 	at java.lang.reflect.Method.invoke(Native Method)
05-12 14:58:01.982 W/StatusBar( 2934): 	at com.android.internal.os.ZygoteInit$MethodAndArgsCaller.run(ZygoteInit.java:886)
05-12 14:58:01.982 W/StatusBar( 2934): 	at com.android.internal.os.ZygoteInit.main(ZygoteInit.java:776)
05-12 14:58:01.987 I/StatusBar( 2934): isKeyguardShowing() called before startKeyguard(), returning true
05-12 14:58:01.989 W/StatusBar( 2934): isKeyguardSecure() called before startKeyguard(), returning false
05-12 14:58:01.989 W/StatusBar( 2934): java.lang.Throwable
05-12 14:58:01.989 W/StatusBar( 2934): 	at com.android.systemui.statusbar.BaseStatusBar.isKeyguardSecure(BaseStatusBar.java:2647)
05-12 14:58:01.989 W/StatusBar( 2934): 	at com.android.systemui.statusbar.BaseStatusBar.isCameraAllowedByAdmin(BaseStatusBar.java:2670)
05-12 14:58:01.989 W/StatusBar( 2934): 	at com.android.systemui.statusbar.phone.KeyguardBottomAreaView.updateCameraVisibility(KeyguardBottomAreaView.java:309)
05-12 14:58:01.989 W/StatusBar( 2934): 	at com.android.systemui.statusbar.phone.KeyguardBottomAreaView.setUserSetupComplete(KeyguardBottomAreaView.java:281)
05-12 14:58:01.989 W/StatusBar( 2934): 	at com.android.systemui.statusbar.phone.PhoneStatusBar.makeStatusBarView(PhoneStatusBar.java:905)
05-12 14:58:01.989 W/StatusBar( 2934): 	at com.android.systemui.statusbar.phone.PhoneStatusBar.addStatusBarWindow(PhoneStatusBar.java:3432)
05-12 14:58:01.989 W/StatusBar( 2934): 	at com.android.systemui.statusbar.phone.PhoneStatusBar.createAndAddWindows(PhoneStatusBar.java:3428)
05-12 14:58:01.989 W/StatusBar( 2934): 	at com.android.systemui.statusbar.BaseStatusBar.start(BaseStatusBar.java:765)
05-12 14:58:01.989 W/StatusBar( 2934): 	at com.android.systemui.statusbar.phone.PhoneStatusBar.start(PhoneStatusBar.java:686)
05-12 14:58:01.989 W/StatusBar( 2934): 	at com.android.systemui.statusbar.SystemBars.createStatusBarFromConfig(SystemBars.java:106)
05-12 14:58:01.989 W/StatusBar( 2934): 	at com.android.systemui.statusbar.SystemBars.onNoService(SystemBars.java:58)
05-12 14:58:01.989 W/StatusBar( 2934): 	at com.android.systemui.statusbar.ServiceMonitor.startService(ServiceMonitor.java:230)
05-12 14:58:01.989 W/StatusBar( 2934): 	at com.android.systemui.statusbar.ServiceMonitor.-wrap5(ServiceMonitor.java)
05-12 14:58:01.989 W/StatusBar( 2934): 	at com.android.systemui.statusbar.ServiceMonitor$1.handleMessage(ServiceMonitor.java:73)
05-12 14:58:01.989 W/StatusBar( 2934): 	at android.os.Handler.dispatchMessage(Handler.java:102)
05-12 14:58:01.989 W/StatusBar( 2934): 	at android.os.Looper.loop(Looper.java:154)
05-12 14:58:01.989 W/StatusBar( 2934): 	at android.app.ActivityThread.main(ActivityThread.java:6119)
05-12 14:58:01.989 W/StatusBar( 2934): 	at java.lang.reflect.Method.invoke(Native Method)
05-12 14:58:01.989 W/StatusBar( 2934): 	at com.android.internal.os.ZygoteInit$MethodAndArgsCaller.run(ZygoteInit.java:886)
05-12 14:58:01.989 W/StatusBar( 2934): 	at com.android.internal.os.ZygoteInit.main(ZygoteInit.java:776)
05-12 14:58:02.146 D/MediaScannerReceiver( 3005): action: android.intent.action.MEDIA_MOUNTED path: /storage/emulated/0
05-12 14:58:02.234 V/EmulatedCamera_Camera( 1329): getCameraInfo
05-12 14:58:02.234 V/EmulatedCamera_BaseCamera( 1329): getCameraInfo
05-12 14:58:02.236 V/EmulatedCamera_Camera( 1329): getCameraInfo
05-12 14:58:02.236 V/EmulatedCamera_BaseCamera( 1329): getCameraInfo
05-12 14:58:02.282 W/Binder  ( 2934): Binder call failed.
05-12 14:58:02.282 W/Binder  ( 2934): android.os.DeadObjectException
05-12 14:58:02.282 W/Binder  ( 2934): 	at android.os.BinderProxy.transactNative(Native Method)
05-12 14:58:02.282 W/Binder  ( 2934): 	at android.os.BinderProxy.transact(Binder.java:615)
05-12 14:58:02.282 W/Binder  ( 2934): 	at android.content.IIntentReceiver$Stub$Proxy.performReceive(IIntentReceiver.java:124)
05-12 14:58:02.282 W/Binder  ( 2934): 	at android.app.ActivityThread$ApplicationThread.scheduleRegisteredReceiver(ActivityThread.java:946)
05-12 14:58:02.282 W/Binder  ( 2934): 	at android.app.ApplicationThreadNative.onTransact(ApplicationThreadNative.java:404)
05-12 14:58:02.282 W/Binder  ( 2934): 	at android.os.Binder.execTransact(Binder.java:565)
05-12 14:58:02.718 I/StatusBar( 2934): isKeyguardShowing() called before startKeyguard(), returning true
05-12 14:58:02.733 W/StatusBar( 2934): isKeyguardSecure() called before startKeyguard(), returning false
05-12 14:58:02.733 W/StatusBar( 2934): java.lang.Throwable
05-12 14:58:02.733 W/StatusBar( 2934): 	at com.android.systemui.statusbar.BaseStatusBar.isKeyguardSecure(BaseStatusBar.java:2647)
05-12 14:58:02.733 W/StatusBar( 2934): 	at com.android.systemui.statusbar.BaseStatusBar.isCameraAllowedByAdmin(BaseStatusBar.java:2670)
05-12 14:58:02.733 W/StatusBar( 2934): 	at com.android.systemui.statusbar.phone.KeyguardBottomAreaView.updateCameraVisibility(KeyguardBottomAreaView.java:309)
05-12 14:58:02.733 W/StatusBar( 2934): 	at com.android.systemui.statusbar.phone.KeyguardBottomAreaView.setUserSetupComplete(KeyguardBottomAreaView.java:281)
05-12 14:58:02.733 W/StatusBar( 2934): 	at com.android.systemui.statusbar.phone.PhoneStatusBar$1.onChange(PhoneStatusBar.java:441)
05-12 14:58:02.733 W/StatusBar( 2934): 	at com.android.systemui.statusbar.phone.PhoneStatusBar.resetUserSetupObserver(PhoneStatusBar.java:3676)
05-12 14:58:02.733 W/StatusBar( 2934): 	at com.android.systemui.statusbar.phone.PhoneStatusBar.makeStatusBarView(PhoneStatusBar.java:1008)
05-12 14:58:02.733 W/StatusBar( 2934): 	at com.android.systemui.statusbar.phone.PhoneStatusBar.addStatusBarWindow(PhoneStatusBar.java:3432)
05-12 14:58:02.733 W/StatusBar( 2934): 	at com.android.systemui.statusbar.phone.PhoneStatusBar.createAndAddWindows(PhoneStatusBar.java:3428)
05-12 14:58:02.733 W/StatusBar( 2934): 	at com.android.systemui.statusbar.BaseStatusBar.start(BaseStatusBar.java:765)
05-12 14:58:02.733 W/StatusBar( 2934): 	at com.android.systemui.statusbar.phone.PhoneStatusBar.start(PhoneStatusBar.java:686)
05-12 14:58:02.733 W/StatusBar( 2934): 	at com.android.systemui.statusbar.SystemBars.createStatusBarFromConfig(SystemBars.java:106)
05-12 14:58:02.733 W/StatusBar( 2934): 	at com.android.systemui.statusbar.SystemBars.onNoService(SystemBars.java:58)
05-12 14:58:02.733 W/StatusBar( 2934): 	at com.android.systemui.statusbar.ServiceMonitor.startService(ServiceMonitor.java:230)
05-12 14:58:02.733 W/StatusBar( 2934): 	at com.android.systemui.statusbar.ServiceMonitor.-wrap5(ServiceMonitor.java)
05-12 14:58:02.733 W/StatusBar( 2934): 	at com.android.systemui.statusbar.ServiceMonitor$1.handleMessage(ServiceMonitor.java:73)
05-12 14:58:02.733 W/StatusBar( 2934): 	at android.os.Handler.dispatchMessage(Handler.java:102)
05-12 14:58:02.733 W/StatusBar( 2934): 	at android.os.Looper.loop(Looper.java:154)
05-12 14:58:02.733 W/StatusBar( 2934): 	at android.app.ActivityThread.main(ActivityThread.java:6119)
05-12 14:58:02.733 W/StatusBar( 2934): 	at java.lang.reflect.Method.invoke(Native Method)
05-12 14:58:02.733 W/StatusBar( 2934): 	at com.android.internal.os.ZygoteInit$MethodAndArgsCaller.run(ZygoteInit.java:886)
05-12 14:58:02.733 W/StatusBar( 2934): 	at com.android.internal.os.ZygoteInit.main(ZygoteInit.java:776)
05-12 14:58:02.814 E/SurfaceFlinger( 1321): ro.sf.lcd_density must be defined as a build property
05-12 14:58:02.844 D/OpenGLRenderer( 2934): profile bars disabled
05-12 14:58:02.857 D/OpenGLRenderer( 2934): ambientRatio = 1.50
05-12 14:58:02.916 D/PhoneStatusBar( 2934): disable: < EXPAND* icons alerts system_info BACK* HOME* RECENT* clock SEARCH* quick_settings >
05-12 14:58:03.258 W/ActivityManager( 2162): Slow operation: 66ms so far, now at startProcess: returned from zygote!
05-12 14:58:03.259 W/ActivityManager( 2162): Slow operation: 66ms so far, now at startProcess: done updating battery stats
05-12 14:58:03.259 W/ActivityManager( 2162): Slow operation: 66ms so far, now at startProcess: building log message
05-12 14:58:03.259 I/ActivityManager( 2162): Start proc 3041:android.process.acore/u0a1 for content provider com.android.providers.contacts/.ContactsProvider2
05-12 14:58:03.271 W/ActivityManager( 2162): Slow operation: 67ms so far, now at startProcess: starting to update pids map
05-12 14:58:03.272 W/ActivityManager( 2162): Slow operation: 79ms so far, now at startProcess: done updating pids map
05-12 14:58:03.272 W/ActivityManager( 2162): Slow operation: 80ms so far, now at startProcess: done starting proc!
05-12 14:58:03.272 W/ActivityManager( 2162): Slow operation: 87ms so far, now at getContentProviderImpl: after start process
05-12 14:58:03.272 W/ActivityManager( 2162): Slow operation: 88ms so far, now at getContentProviderImpl: updating data structures
05-12 14:58:03.273 W/ActivityManager( 2162): Slow operation: 88ms so far, now at getContentProviderImpl: done!
05-12 14:58:03.286 W/art     ( 3041): Unexpected CPU variant for X86 using defaults: x86_64
05-12 14:58:03.470 D/PhoneStatusBar( 2934): heads up is enabled
05-12 14:58:03.508 W/System  ( 3041): ClassLoader referenced unknown path: /system/priv-app/ContactsProvider/lib/x86_64
05-12 14:58:04.054 W/art     ( 2162): Long monitor contention with owner Binder:2162_5 (2455) at int com.android.server.wm.WindowManagerService.relayoutWindow(com.android.server.wm.Session, android.view.IWindow, int, android.view.WindowManager$LayoutParams, int, int, int, int, android.graphics.Rect, android.graphics.Rect, android.graphics.Rect, android.graphics.Rect, android.graphics.Rect, android.graphics.Rect, android.graphics.Rect, android.content.res.Configuration, android.view.Surface)(WindowManagerService.java:2857) waiters=0 in void com.android.server.wm.WindowManagerService$H.handleMessage(android.os.Message) for 456ms
05-12 14:58:04.270 W/art     ( 2162): Long monitor contention with owner Binder:2162_2 (2180) at int com.android.server.wm.WindowManagerService.relayoutWindow(com.android.server.wm.Session, android.view.IWindow, int, android.view.WindowManager$LayoutParams, int, int, int, int, android.graphics.Rect, android.graphics.Rect, android.graphics.Rect, android.graphics.Rect, android.graphics.Rect, android.graphics.Rect, android.graphics.Rect, android.content.res.Configuration, android.view.Surface)(WindowManagerService.java:2857) waiters=1 in void com.android.server.wm.WindowManagerService$H.handleMessage(android.os.Message) for 194ms
05-12 14:58:04.274 W/art     ( 2162): Long monitor contention with owner Binder:2162_2 (2180) at int com.android.server.wm.WindowManagerService.relayoutWindow(com.android.server.wm.Session, android.view.IWindow, int, android.view.WindowManager$LayoutParams, int, int, int, int, android.graphics.Rect, android.graphics.Rect, android.graphics.Rect, android.graphics.Rect, android.graphics.Rect, android.graphics.Rect, android.graphics.Rect, android.content.res.Configuration, android.view.Surface)(WindowManagerService.java:2857) waiters=2 in void com.android.server.wm.WindowManagerService.finishDrawingWindow(com.android.server.wm.Session, android.view.IWindow) for 185ms
05-12 14:58:04.641 I/ContactsPerf( 3041): VoicemailContentProvider.onCreate start
05-12 14:58:04.705 I/ContactsPerf( 3041): VoicemailContentProvider.onCreate finish
05-12 14:58:04.729 W/System  ( 3041): ClassLoader referenced unknown path: /system/priv-app/BlockedNumberProvider/lib/x86_64
05-12 14:58:04.746 D/ApplicationLoaders( 3041): ignored Vulkan layer search path /system/priv-app/BlockedNumberProvider/lib/x86_64:/system/lib64:/vendor/lib64 for namespace 0x7f6b9f90e0f0
05-12 14:58:04.766 W/art     ( 2162): Long monitor contention with owner android.display (2219) at void com.android.server.wm.WindowAnimator$1.doFrame(long)(WindowAnimator.java:144) waiters=1 in void com.android.server.wm.WindowManagerService.finishDrawingWindow(com.android.server.wm.Session, android.view.IWindow) for 492ms
05-12 14:58:04.767 W/art     ( 2162): Long monitor contention with owner android.ui (2203) at int com.android.server.wm.WindowManagerService.relayoutWindow(com.android.server.wm.Session, android.view.IWindow, int, android.view.WindowManager$LayoutParams, int, int, int, int, android.graphics.Rect, android.graphics.Rect, android.graphics.Rect, android.graphics.Rect, android.graphics.Rect, android.graphics.Rect, android.graphics.Rect, android.content.res.Configuration, android.view.Surface)(WindowManagerService.java:2857) waiters=1 in void com.android.server.wm.WindowManagerService$H.handleMessage(android.os.Message) for 474ms
05-12 14:58:04.782 W/KeyguardUpdateMonitor( 2934): invalid subId in handleSimStateChange()
05-12 14:58:04.922 V/KeyguardServiceDelegate( 2162): **** SHOWN CALLED ****
05-12 14:58:05.050 I/Choreographer( 2934): Skipped 214 frames!  The application may be doing too much work on its main thread.
05-12 14:58:05.124 D/ViewRootImpl[StatusBar]( 2934): changeCanvasOpacity: opaque=true
05-12 14:58:05.304 W/art     ( 2162): Long monitor contention with owner android.ui (2203) at int com.android.server.wm.WindowManagerService.relayoutWindow(com.android.server.wm.Session, android.view.IWindow, int, android.view.WindowManager$LayoutParams, int, int, int, int, android.graphics.Rect, android.graphics.Rect, android.graphics.Rect, android.graphics.Rect, android.graphics.Rect, android.graphics.Rect, android.graphics.Rect, android.content.res.Configuration, android.view.Surface)(WindowManagerService.java:2857) waiters=0 in void com.android.server.wm.WindowAnimator$1.doFrame(long) for 288ms
05-12 14:58:05.332 W/System  ( 3041): ClassLoader referenced unknown path: /system/app/UserDictionaryProvider/lib/x86_64
05-12 14:58:05.335 D/ApplicationLoaders( 3041): ignored Vulkan layer search path /system/app/UserDictionaryProvider/lib/x86_64:/system/lib64:/vendor/lib64 for namespace 0x7f6b9f90e160
05-12 14:58:07.004 W/art     ( 2162): Long monitor contention with owner Binder:2162_7 (2654) at int com.android.server.wm.WindowManagerService.relayoutWindow(com.android.server.wm.Session, android.view.IWindow, int, android.view.WindowManager$LayoutParams, int, int, int, int, android.graphics.Rect, android.graphics.Rect, android.graphics.Rect, android.graphics.Rect, android.graphics.Rect, android.graphics.Rect, android.graphics.Rect, android.content.res.Configuration, android.view.Surface)(WindowManagerService.java:2857) waiters=0 in void com.android.server.wm.WindowManagerService$H.handleMessage(android.os.Message) for 555ms
05-12 14:58:07.009 W/art     ( 2162): Long monitor contention with owner Binder:2162_7 (2654) at int com.android.server.wm.WindowManagerService.relayoutWindow(com.android.server.wm.Session, android.view.IWindow, int, android.view.WindowManager$LayoutParams, int, int, int, int, android.graphics.Rect, android.graphics.Rect, android.graphics.Rect, android.graphics.Rect, android.graphics.Rect, android.graphics.Rect, android.graphics.Rect, android.content.res.Configuration, android.view.Surface)(WindowManagerService.java:2857) waiters=1 in void com.android.server.wm.WindowManagerService.getInitialDisplaySize(int, android.graphics.Point) for 503ms
05-12 14:58:07.974 W/art     ( 2162): Long monitor contention with owner Binder:2162_A (2930) at int com.android.server.wm.WindowManagerService.relayoutWindow(com.android.server.wm.Session, android.view.IWindow, int, android.view.WindowManager$LayoutParams, int, int, int, int, android.graphics.Rect, android.graphics.Rect, android.graphics.Rect, android.graphics.Rect, android.graphics.Rect, android.graphics.Rect, android.graphics.Rect, android.content.res.Configuration, android.view.Surface)(WindowManagerService.java:2857) waiters=0 in void com.android.server.wm.WindowManagerService.getInitialDisplaySize(int, android.graphics.Point) for 160ms
05-12 14:58:08.031 V/MediaScanner( 3005): pruneDeadThumbnailFiles... android.content.ContentProviderClient$CursorWrapperInner@ca1f8df
05-12 14:58:08.048 V/MediaScanner( 3005): /pruneDeadThumbnailFiles... android.content.ContentProviderClient$CursorWrapperInner@ca1f8df
05-12 14:58:08.121 D/WifiService( 2162): New client listening to asynchronous messages
05-12 14:58:08.750 W/art     ( 2162): Long monitor contention with owner Binder:2162_5 (2455) at int com.android.server.wm.WindowManagerService.relayoutWindow(com.android.server.wm.Session, android.view.IWindow, int, android.view.WindowManager$LayoutParams, int, int, int, int, android.graphics.Rect, android.graphics.Rect, android.graphics.Rect, android.graphics.Rect, android.graphics.Rect, android.graphics.Rect, android.graphics.Rect, android.content.res.Configuration, android.view.Surface)(WindowManagerService.java:2857) waiters=0 in void com.android.server.wm.WindowManagerService$H.handleMessage(android.os.Message) for 270ms
05-12 14:58:08.763 I/Choreographer( 2934): Skipped 221 frames!  The application may be doing too much work on its main thread.
05-12 14:58:08.948 D/gralloc_ranchu( 2934): Emulator without host-side GPU emulation detected. Loading gralloc.default.so from /vendor/lib64/hw/gralloc.goldfish.default.so...
05-12 14:58:08.964 D/gralloc_ranchu( 2934): gralloc.default.so not found in /vendor. Trying /system/lib64/hw/gralloc.goldfish.default.so...
05-12 14:58:09.450 W/art     ( 2162): Long monitor contention with owner android.display (2219) at void com.android.server.wm.WindowManagerService$H.handleMessage(android.os.Message)(WindowManagerService.java:8368) waiters=0 in void com.android.server.wm.WindowManagerService.finishDrawingWindow(com.android.server.wm.Session, android.view.IWindow) for 375ms
05-12 14:58:09.548 I/ContactLocale( 3041): AddressBook Labels [[en_US]]: [â€¦, A, B, C, D, E, F, G, H, I, J, K, L, M, N, O, P, Q, R, S, T, U, V, W, X, Y, Z, Î‘, Î’, Î“, Î”, Î•, Î–, Î—, Î˜, Î™, Îš, Î›, Îœ, Î, Îž, ÎŸ, Î , Î¡, Î£, Î¤, Î¥, Î¦, Î§, Î¨, Î©, â€¦, Ð, Ð‘, Ð’, Ð“, Ð”, Ð‚, Ð•, Ð„, Ð–, Ð—, Ð˜, Ð†, Ð™, Ðˆ, Ðš, Ð›, Ð‰, Ðœ, Ð, ÐŠ, Ðž, ÐŸ, Ð , Ð¡, Ð¢, Ð‹, Ð£, Ð¤, Ð¥, Ð¦, Ð§, Ð, Ð¨, Ð©, Ð®, Ð¯, â€¦, ×, ×‘, ×’, ×“, ×”, ×•, ×–, ×—, ×˜, ×™, ×›, ×œ, ×ž, × , ×¡, ×¢, ×¤, ×¦, ×§, ×¨, ×©, ×ª, â€¦, Ø§, Ø¨, Øª, Ø«, Ø¬, Ø­, Ø®, Ø¯, Ø°, Ø±, Ø², Ø³, Ø´, Øµ, Ø¶, Ø·, Ø¸, Ø¹, Øº, Ù, Ù‚, Ùƒ, Ù„, Ù…, Ù†, Ù‡, Ùˆ, ÙŠ, â€¦, à¸, à¸‚, à¸ƒ, à¸„, à¸…, à¸†, à¸‡, à¸ˆ, à¸‰, à¸Š, à¸‹, à¸Œ, à¸, à¸Ž, à¸, à¸, à¸‘, à¸’, à¸“, à¸”, à¸•, à¸–, à¸—, à¸˜, à¸™, à¸š, à¸›, à¸œ, à¸, à¸ž, à¸Ÿ, à¸ , à¸¡, à¸¢, à¸£, à¸¤, à¸¥, à¸¦, à¸§, à¸¨, à¸©, à¸ª, à¸«, à¸¬, à¸­, à¸®, â€¦, ã„±, ã„´, ã„·, ã„¹, ã…, ã…‚, ã……, ã…‡, ã…ˆ, ã…Š, ã…‹, ã…Œ, ã…, ã…Ž, â€¦, ã‚, ã‹, ã•, ãŸ, ãª, ã¯, ã¾, ã‚„, ã‚‰, ã‚, #, â€¦]
05-12 14:58:09.586 D/PhoneStatusBar( 2934): disable: < expand* icons alerts system_info back* home* recent* clock search* quick_settings >
05-12 14:58:09.860 V/MediaScanner( 3005): pruneDeadThumbnailFiles... android.content.ContentProviderClient$CursorWrapperInner@6a52065
05-12 14:58:09.871 V/MediaScanner( 3005): /pruneDeadThumbnailFiles... android.content.ContentProviderClient$CursorWrapperInner@6a52065
05-12 14:58:09.934 W/art     ( 2162): Long monitor contention with owner android.display (2219) at void com.android.server.wm.WindowManagerService$H.handleMessage(android.os.Message)(WindowManagerService.java:8368) waiters=0 in void com.android.server.wm.WindowManagerService.statusBarVisibilityChanged(int) for 192ms
