06-07 11:17:46.209 W/ActivityManager( 1764): Slow operation: 325ms so far, now at startProcess: returned from zygote!
06-07 11:17:46.221 W/ActivityManager( 1764): Slow operation: 337ms so far, now at startProcess: done updating battery stats
06-07 11:17:46.222 W/ActivityManager( 1764): Slow operation: 338ms so far, now at startProcess: building log message
06-07 11:17:46.223 I/ActivityManager( 1764): Start proc 2345:com.android.cellbroadcastreceiver/u0a4 for broadcast com.android.cellbroadcastreceiver/.CellBroadcastReceiver
06-07 11:17:46.223 W/ActivityManager( 1764): Slow operation: 339ms so far, now at startProcess: starting to update pids map
06-07 11:17:46.223 W/ActivityManager( 1764): Slow operation: 339ms so far, now at startProcess: done updating pids map
06-07 11:17:46.223 W/ActivityManager( 1764): Slow operation: 342ms so far, now at startProcess: done starting proc!
06-07 11:17:46.387 W/art     ( 1764): Long monitor contention with owner android.ui (1808) at int com.android.server.wm.WindowManagerService.relayoutWindow(com.android.server.wm.Session, android.view.IWindow, int, android.view.WindowManager$LayoutParams, int, int, int, int, android.graphics.Rect, android.graphics.Rect, android.graphics.Rect, android.graphics.Rect, android.graphics.Rect, android.graphics.Rect, android.graphics.Rect, android.content.res.Configuration, android.view.Surface)(WindowManagerService.java:2857) waiters=0 in void com.android.server.wm.WindowManagerService$H.handleMessage(android.os.Message) for 261ms
06-07 11:17:46.391 W/WindowManager( 1764): Window freeze timeout expired.
06-07 11:17:46.391 W/WindowManager( 1764): Force clearing orientation change: Window{6aa6558 u0 KeyguardScrim}
06-07 11:17:46.392 W/WindowManager( 1764): Force clearing orientation change: Window{9ca5018 u0 Application Not Responding: system}
06-07 11:17:46.553 I/Choreographer( 1764): Skipped 139 frames!  The application may be doing too much work on its main thread.
06-07 11:17:46.722 W/art     ( 2345): Unexpected CPU variant for X86 using defaults: x86_64
06-07 11:17:48.030 W/SystemConfig( 2232): No directory /system/etc/sysconfig, skipping
06-07 11:17:48.741 D/PhoneSwitcherNetworkRequstListener( 2232): Registering NetworkFactory
06-07 11:17:48.756 E/ActivityThread( 1764): Failed to find provider info for com.android.calendar
06-07 11:17:48.757 E/ActivityThread( 1764): Failed to find provider info for com.android.calendar
06-07 11:17:48.771 D/ConnectivityService( 1764): Got NetworkFactory Messenger for PhoneSwitcherNetworkRequstListener
06-07 11:17:48.895 D/ConnectivityService( 1764): Got NetworkFactory Messenger for TelephonyNetworkFactory[0]
06-07 11:17:49.511 E/ActivityThread( 2232): Failed to find provider info for com.android.contacts
06-07 11:17:49.512 W/CallerInfoCache( 2232): cursor is null
06-07 11:17:50.227 W/System  ( 2004): ClassLoader referenced unknown path: 
06-07 11:17:50.229 W/System  ( 2004): ClassLoader referenced unknown path: /system/priv-app/Dialer/lib/x86_64
06-07 11:17:50.296 D/CarrierConfigLoader( 2232): CarrierConfigLoader has started
06-07 11:17:50.299 E/BluetoothAdapter( 2232): Bluetooth binder is null
06-07 11:17:50.419 D/ApplicationLoaders( 2004): ignored Vulkan layer search path /system/priv-app/Dialer/lib/x86_64:/system/lib64:/vendor/lib64 for namespace 0x7cb5062450f0
06-07 11:17:50.789 I/Telephony( 2232): TtyManager: updateUiTtyMode -1 -> 0
06-07 11:17:51.525 I/GnssLocationProvider( 1764): WakeLock released by handleMessage(13, 0, null)
06-07 11:17:51.527 E/GnssLocationProvider( 1764): no AGPS interface in set_agps_server
06-07 11:17:51.655 D/AlarmManagerService( 1764): Kernel timezone updated to 0 minutes west of GMT
06-07 11:17:51.798 W/art     ( 1764): Long monitor contention with owner android.bg (1806) at void com.android.server.power.PowerManagerService.releaseWakeLockInternal(android.os.IBinder, int)(PowerManagerService.java:937) waiters=0 in void com.android.server.power.PowerManagerService.releaseWakeLockInternal(android.os.IBinder, int) for 195ms
06-07 11:17:51.858 D/AlarmManagerService( 1764): Setting time of day to sec=1623064673
06-07 11:17:53.017 W/SurfaceFlinger( 1320): Timed out waiting for hw vsync; faking it
06-07 11:17:53.018 W/AlarmManagerService( 1764): Unable to set rtc to 1623064673: No such device
06-07 11:17:53.206 D/ConditionProviders.SCP( 1764): onReceive android.intent.action.TIME_SET
06-07 11:17:53.207 D/ConditionProviders.SCP( 1764): notifyCondition condition://android/schedule?days=6.7&start=23.30&end=10.0&exitAtAlarm=false STATE_FALSE reason=!meetsSchedule
06-07 11:17:53.209 D/ConditionProviders.SCP( 1764): notifyCondition condition://android/schedule?days=1.2.3.4.5&start=22.0&end=7.0&exitAtAlarm=false STATE_FALSE reason=!meetsSchedule
06-07 11:17:53.212 D/ConditionProviders.SCP( 1764): Scheduling evaluate for Mon Jun 07 22:00:00 UTC 2021 (1623103200000), in +10h42m6s794ms, now=Mon Jun 07 11:17:53 UTC 2021 (1623064673206)
06-07 11:17:53.628 E/BluetoothAdapter( 2004): Bluetooth binder is null
06-07 11:17:54.001 I/CameraManagerGlobal( 2004): Connecting to camera service
06-07 11:17:54.558 V/EmulatedCamera_Camera( 1327): getCameraInfo
06-07 11:17:54.559 V/EmulatedCamera_BaseCamera( 1327): getCameraInfo
06-07 11:17:54.560 I/CameraService( 1327): getCameraCharacteristics: Switching to HAL1 shim implementation...
06-07 11:17:54.560 V/EmulatedCamera_Camera( 1327): getCameraInfo
06-07 11:17:54.560 V/EmulatedCamera_BaseCamera( 1327): getCameraInfo
06-07 11:17:54.562 I/CameraService( 1327): CameraService::connect call (PID -1 "cameraserver", camera ID 0) for HAL version default and Camera API version 1
06-07 11:17:54.740 E/CameraService( 1327): getCameraPriorityFromProcState: Received invalid process state -1 from ActivityManagerService!
06-07 11:17:54.741 V/EmulatedCamera_Camera( 1327): getCameraInfo
06-07 11:17:54.741 V/EmulatedCamera_BaseCamera( 1327): getCameraInfo
06-07 11:17:55.052 E/WVMExtractor( 1334): Failed to open libwvm.so: dlopen failed: library "libwvm.so" not found
06-07 11:17:55.823 E/ActivityThread( 1764): Failed to find provider info for com.android.calendar
06-07 11:17:55.824 I/GnssLocationProvider( 1764): WakeLock released by handleMessage(2, 1, null)
06-07 11:17:55.832 W/art     ( 2345): Suspending all threads took: 9.581ms
06-07 11:17:55.857 D/NuPlayerDriver( 1334): notifyListener_l(0xe6393300), (1, 0, 0), loop setting(0, 0)
06-07 11:17:55.953 D/PhoneSwitcherNetworkRequstListener( 2232): got request NetworkRequest [ REQUEST id=1, [ Capabilities: INTERNET&NOT_RESTRICTED&TRUSTED&NOT_VPN] ] with score 0
06-07 11:17:56.046 D/TelephonyDebugService( 2232): TelephonyDebugService()
06-07 11:17:56.100 D/CarrierConfigLoader( 2232): mHandler: 12 phoneId: 0
06-07 11:17:56.167 D/NuPlayerDriver( 1334): notifyListener_l(0xe7ba8cc0), (1, 0, 0), loop setting(0, 0)
06-07 11:17:56.256 D/NuPlayerDriver( 1334): notifyListener_l(0xe7ba8d20), (1, 0, 0), loop setting(0, 0)
06-07 11:17:56.285 I/CameraFlashlight( 1327): Opening camera 0
06-07 11:17:56.285 V/EmulatedCamera_Camera( 1327): getCameraInfo
06-07 11:17:56.416 V/EmulatedCamera_BaseCamera( 1327): getCameraInfo
06-07 11:17:56.417 V/EmulatedCamera_Camera( 1327): connectCamera
06-07 11:17:56.417 V/EmulatedCamera_FakeDevice( 1327): connectDevice
06-07 11:17:56.417 V/EmulatedCamera_CallbackNotifier( 1327): setCallbacks: 0xf2a95e80, 0xf2a95ed0, 0xf2a95ff0, 0xf2a96110 (0xf1dc3460)
06-07 11:17:56.417 V/EmulatedCamera_CallbackNotifier( 1327): enableMessage: msg_type = 0xc0d
06-07 11:17:56.417 V/EmulatedCamera_CallbackNotifier( 1327):     CAMERA_MSG_ERROR
06-07 11:17:56.417 V/EmulatedCamera_CallbackNotifier( 1327):     CAMERA_MSG_FOCUS
06-07 11:17:56.417 V/EmulatedCamera_CallbackNotifier( 1327):     CAMERA_MSG_ZOOM
06-07 11:17:56.417 V/EmulatedCamera_CallbackNotifier( 1327):     CAMERA_MSG_PREVIEW_METADATA
06-07 11:17:56.417 V/EmulatedCamera_CallbackNotifier( 1327): **** Currently enabled messages:
06-07 11:17:56.417 V/EmulatedCamera_CallbackNotifier( 1327):     CAMERA_MSG_ERROR
06-07 11:17:56.418 V/EmulatedCamera_CallbackNotifier( 1327):     CAMERA_MSG_FOCUS
06-07 11:17:56.418 V/EmulatedCamera_CallbackNotifier( 1327):     CAMERA_MSG_ZOOM
06-07 11:17:56.418 V/EmulatedCamera_CallbackNotifier( 1327):     CAMERA_MSG_PREVIEW_METADATA
06-07 11:17:56.421 V/EmulatedCamera_CallbackNotifier( 1327): disableMessage: msg_type = 0xffff
06-07 11:17:56.421 V/EmulatedCamera_CallbackNotifier( 1327):     CAMERA_MSG_ERROR
06-07 11:17:56.421 V/EmulatedCamera_CallbackNotifier( 1327):     CAMERA_MSG_SHUTTER
06-07 11:17:56.421 V/EmulatedCamera_CallbackNotifier( 1327):     CAMERA_MSG_FOCUS
06-07 11:17:56.421 V/EmulatedCamera_CallbackNotifier( 1327):     CAMERA_MSG_ZOOM
06-07 11:17:56.421 V/EmulatedCamera_CallbackNotifier( 1327):     CAMERA_MSG_PREVIEW_FRAME
06-07 11:17:56.421 V/EmulatedCamera_CallbackNotifier( 1327):     CAMERA_MSG_VIDEO_FRAME
06-07 11:17:56.422 V/EmulatedCamera_CallbackNotifier( 1327):     CAMERA_MSG_POSTVIEW_FRAME
06-07 11:17:56.422 V/EmulatedCamera_CallbackNotifier( 1327):     CAMERA_MSG_RAW_IMAGE
06-07 11:17:56.422 V/EmulatedCamera_CallbackNotifier( 1327):     CAMERA_MSG_COMPRESSED_IMAGE
06-07 11:17:56.422 V/EmulatedCamera_CallbackNotifier( 1327):     CAMERA_MSG_RAW_IMAGE_NOTIFY
06-07 11:17:56.422 V/EmulatedCamera_CallbackNotifier( 1327):     CAMERA_MSG_PREVIEW_METADATA
06-07 11:17:56.422 V/EmulatedCamera_CallbackNotifier( 1327): **** Currently enabled messages:
06-07 11:17:56.422 V/EmulatedCamera_Preview( 1327): setPreviewWindow: current: 0x0 -> new: 0x0
06-07 11:17:56.422 V/EmulatedCamera_Camera( 1327): doStopPreview
06-07 11:17:56.424 V/EmulatedCamera_Camera( 1327): cancelPicture
06-07 11:17:56.424 V/EmulatedCamera_Camera( 1327): releaseCamera
06-07 11:17:56.424 V/EmulatedCamera_Camera( 1327): doStopPreview
06-07 11:17:56.424 V/EmulatedCamera_FakeDevice( 1327): disconnectDevice
06-07 11:17:56.424 W/EmulatedCamera_Device( 1327): Initialize: Emulated camera device is already initialized: mState = 1
06-07 11:17:56.425 D/EmulatedCamera_FakeCamera( 1327): Initialize: Fake camera is facing back
06-07 11:17:56.470 V/EmulatedCamera_Device( 1327): initializeWhiteBalanceModes with auto, 1.000000, 1.000000
06-07 11:17:56.471 V/EmulatedCamera_Device( 1327): initializeWhiteBalanceModes with incandescent, 1.380000, 0.600000
06-07 11:17:56.471 V/EmulatedCamera_Device( 1327): initializeWhiteBalanceModes with daylight, 1.090000, 0.920000
06-07 11:17:56.471 V/EmulatedCamera_Device( 1327): initializeWhiteBalanceModes with twilight, 0.920000, 1.220000
06-07 11:17:56.471 V/EmulatedCamera_Device( 1327): setWhiteBalanceMode with white balance auto
06-07 11:17:56.516 I/CameraFlashlight( 1327): Destroying camera 0
06-07 11:17:56.516 V/EmulatedCamera_Camera( 1327): closeCamera
06-07 11:17:56.516 V/EmulatedCamera_Camera( 1327): doStopPreview
06-07 11:17:56.516 W/EmulatedCamera_Device( 1327): Initialize: Emulated camera device is already initialized: mState = 1
06-07 11:17:56.516 D/EmulatedCamera_FakeCamera( 1327): Initialize: Fake camera is facing back
06-07 11:17:56.517 V/EmulatedCamera_Device( 1327): initializeWhiteBalanceModes with auto, 1.000000, 1.000000
06-07 11:17:56.517 V/EmulatedCamera_Device( 1327): initializeWhiteBalanceModes with incandescent, 1.380000, 0.600000
06-07 11:17:56.517 V/EmulatedCamera_Device( 1327): initializeWhiteBalanceModes with daylight, 1.090000, 0.920000
06-07 11:17:56.517 V/EmulatedCamera_Device( 1327): initializeWhiteBalanceModes with twilight, 0.920000, 1.220000
06-07 11:17:56.517 V/EmulatedCamera_Device( 1327): setWhiteBalanceMode with white balance auto
06-07 11:17:56.593 I/CameraService( 1327): disconnect: Disconnected client for camera 0 for PID 1327
06-07 11:17:56.594 D/NuPlayerDriver( 1334): reset(0xe6393300) at state 4
06-07 11:17:56.594 D/NuPlayerDriver( 1334): notifyListener_l(0xe6393300), (8, 0, 0), loop setting(0, 0)
06-07 11:17:56.602 D/NuPlayerDriver( 1334): notifyResetComplete(0xe6393300)
06-07 11:17:56.642 D/NuPlayerDriver( 1334): reset(0xe7ba8cc0) at state 4
06-07 11:17:56.642 D/NuPlayerDriver( 1334): notifyListener_l(0xe7ba8cc0), (8, 0, 0), loop setting(0, 0)
06-07 11:17:56.647 D/NuPlayerDriver( 1334): notifyResetComplete(0xe7ba8cc0)
06-07 11:17:56.654 D/NuPlayerDriver( 1334): reset(0xe7ba8d20) at state 4
06-07 11:17:56.654 D/NuPlayerDriver( 1334): notifyListener_l(0xe7ba8d20), (8, 0, 0), loop setting(0, 0)
06-07 11:17:56.654 D/NuPlayerDriver( 1334): notifyResetComplete(0xe7ba8d20)
06-07 11:17:56.870 V/EmulatedCamera_Camera( 1327): getCameraInfo
06-07 11:17:56.870 V/EmulatedCamera_BaseCamera( 1327): getCameraInfo
06-07 11:17:56.896 V/EmulatedCamera_Camera( 1327): getCameraInfo
06-07 11:17:56.896 V/EmulatedCamera_BaseCamera( 1327): getCameraInfo
06-07 11:17:57.360 I/StatusBar( 2004): isKeyguardShowing() called before startKeyguard(), returning true
06-07 11:17:57.363 W/StatusBar( 2004): isKeyguardSecure() called before startKeyguard(), returning false
06-07 11:17:57.363 W/StatusBar( 2004): java.lang.Throwable
06-07 11:17:57.363 W/StatusBar( 2004): 	at com.android.systemui.statusbar.BaseStatusBar.isKeyguardSecure(BaseStatusBar.java:2647)
06-07 11:17:57.363 W/StatusBar( 2004): 	at com.android.systemui.statusbar.BaseStatusBar.isCameraAllowedByAdmin(BaseStatusBar.java:2670)
06-07 11:17:57.363 W/StatusBar( 2004): 	at com.android.systemui.statusbar.phone.KeyguardBottomAreaView.updateCameraVisibility(KeyguardBottomAreaView.java:309)
06-07 11:17:57.363 W/StatusBar( 2004): 	at com.android.systemui.statusbar.phone.KeyguardBottomAreaView.setPhoneStatusBar(KeyguardBottomAreaView.java:272)
06-07 11:17:57.363 W/StatusBar( 2004): 	at com.android.systemui.statusbar.phone.PhoneStatusBar.makeStatusBarView(PhoneStatusBar.java:904)
06-07 11:17:57.363 W/StatusBar( 2004): 	at com.android.systemui.statusbar.phone.PhoneStatusBar.addStatusBarWindow(PhoneStatusBar.java:3432)
06-07 11:17:57.363 W/StatusBar( 2004): 	at com.android.systemui.statusbar.phone.PhoneStatusBar.createAndAddWindows(PhoneStatusBar.java:3428)
06-07 11:17:57.363 W/StatusBar( 2004): 	at com.android.systemui.statusbar.BaseStatusBar.start(BaseStatusBar.java:765)
06-07 11:17:57.363 W/StatusBar( 2004): 	at com.android.systemui.statusbar.phone.PhoneStatusBar.start(PhoneStatusBar.java:686)
06-07 11:17:57.363 W/StatusBar( 2004): 	at com.android.systemui.statusbar.SystemBars.createStatusBarFromConfig(SystemBars.java:106)
06-07 11:17:57.363 W/StatusBar( 2004): 	at com.android.systemui.statusbar.SystemBars.onNoService(SystemBars.java:58)
06-07 11:17:57.363 W/StatusBar( 2004): 	at com.android.systemui.statusbar.ServiceMonitor.startService(ServiceMonitor.java:230)
06-07 11:17:57.363 W/StatusBar( 2004): 	at com.android.systemui.statusbar.ServiceMonitor.-wrap5(ServiceMonitor.java)
06-07 11:17:57.363 W/StatusBar( 2004): 	at com.android.systemui.statusbar.ServiceMonitor$1.handleMessage(ServiceMonitor.java:73)
06-07 11:17:57.363 W/StatusBar( 2004): 	at android.os.Handler.dispatchMessage(Handler.java:102)
06-07 11:17:57.363 W/StatusBar( 2004): 	at android.os.Looper.loop(Looper.java:154)
06-07 11:17:57.363 W/StatusBar( 2004): 	at android.app.ActivityThread.main(ActivityThread.java:6119)
06-07 11:17:57.363 W/StatusBar( 2004): 	at java.lang.reflect.Method.invoke(Native Method)
06-07 11:17:57.363 W/StatusBar( 2004): 	at com.android.internal.os.ZygoteInit$MethodAndArgsCaller.run(ZygoteInit.java:886)
06-07 11:17:57.363 W/StatusBar( 2004): 	at com.android.internal.os.ZygoteInit.main(ZygoteInit.java:776)
06-07 11:17:57.470 I/StatusBar( 2004): isKeyguardShowing() called before startKeyguard(), returning true
06-07 11:17:57.477 W/StatusBar( 2004): isKeyguardSecure() called before startKeyguard(), returning false
06-07 11:17:57.477 W/StatusBar( 2004): java.lang.Throwable
06-07 11:17:57.477 W/StatusBar( 2004): 	at com.android.systemui.statusbar.BaseStatusBar.isKeyguardSecure(BaseStatusBar.java:2647)
06-07 11:17:57.477 W/StatusBar( 2004): 	at com.android.systemui.statusbar.BaseStatusBar.isCameraAllowedByAdmin(BaseStatusBar.java:2670)
06-07 11:17:57.477 W/StatusBar( 2004): 	at com.android.systemui.statusbar.phone.KeyguardBottomAreaView.updateCameraVisibility(KeyguardBottomAreaView.java:309)
06-07 11:17:57.477 W/StatusBar( 2004): 	at com.android.systemui.statusbar.phone.KeyguardBottomAreaView.setUserSetupComplete(KeyguardBottomAreaView.java:281)
06-07 11:17:57.477 W/StatusBar( 2004): 	at com.android.systemui.statusbar.phone.PhoneStatusBar.makeStatusBarView(PhoneStatusBar.java:905)
06-07 11:17:57.477 W/StatusBar( 2004): 	at com.android.systemui.statusbar.phone.PhoneStatusBar.addStatusBarWindow(PhoneStatusBar.java:3432)
06-07 11:17:57.477 W/StatusBar( 2004): 	at com.android.systemui.statusbar.phone.PhoneStatusBar.createAndAddWindows(PhoneStatusBar.java:3428)
06-07 11:17:57.477 W/StatusBar( 2004): 	at com.android.systemui.statusbar.BaseStatusBar.start(BaseStatusBar.java:765)
06-07 11:17:57.477 W/StatusBar( 2004): 	at com.android.systemui.statusbar.phone.PhoneStatusBar.start(PhoneStatusBar.java:686)
06-07 11:17:57.477 W/StatusBar( 2004): 	at com.android.systemui.statusbar.SystemBars.createStatusBarFromConfig(SystemBars.java:106)
06-07 11:17:57.477 W/StatusBar( 2004): 	at com.android.systemui.statusbar.SystemBars.onNoService(SystemBars.java:58)
06-07 11:17:57.477 W/StatusBar( 2004): 	at com.android.systemui.statusbar.ServiceMonitor.startService(ServiceMonitor.java:230)
06-07 11:17:57.477 W/StatusBar( 2004): 	at com.android.systemui.statusbar.ServiceMonitor.-wrap5(ServiceMonitor.java)
06-07 11:17:57.477 W/StatusBar( 2004): 	at com.android.systemui.statusbar.ServiceMonitor$1.handleMessage(ServiceMonitor.java:73)
06-07 11:17:57.477 W/StatusBar( 2004): 	at android.os.Handler.dispatchMessage(Handler.java:102)
06-07 11:17:57.477 W/StatusBar( 2004): 	at android.os.Looper.loop(Looper.java:154)
06-07 11:17:57.477 W/StatusBar( 2004): 	at android.app.ActivityThread.main(ActivityThread.java:6119)
06-07 11:17:57.477 W/StatusBar( 2004): 	at java.lang.reflect.Method.invoke(Native Method)
06-07 11:17:57.477 W/StatusBar( 2004): 	at com.android.internal.os.ZygoteInit$MethodAndArgsCaller.run(ZygoteInit.java:886)
06-07 11:17:57.477 W/StatusBar( 2004): 	at com.android.internal.os.ZygoteInit.main(ZygoteInit.java:776)
06-07 11:17:57.943 V/EmulatedCamera_Camera( 1327): getCameraInfo
06-07 11:17:57.943 V/EmulatedCamera_BaseCamera( 1327): getCameraInfo
06-07 11:17:57.963 V/EmulatedCamera_Camera( 1327): getCameraInfo
06-07 11:17:57.963 V/EmulatedCamera_BaseCamera( 1327): getCameraInfo
06-07 11:17:58.465 I/StatusBar( 2004): isKeyguardShowing() called before startKeyguard(), returning true
06-07 11:17:58.478 W/StatusBar( 2004): isKeyguardSecure() called before startKeyguard(), returning false
06-07 11:17:58.478 W/StatusBar( 2004): java.lang.Throwable
06-07 11:17:58.478 W/StatusBar( 2004): 	at com.android.systemui.statusbar.BaseStatusBar.isKeyguardSecure(BaseStatusBar.java:2647)
06-07 11:17:58.478 W/StatusBar( 2004): 	at com.android.systemui.statusbar.BaseStatusBar.isCameraAllowedByAdmin(BaseStatusBar.java:2670)
06-07 11:17:58.478 W/StatusBar( 2004): 	at com.android.systemui.statusbar.phone.KeyguardBottomAreaView.updateCameraVisibility(KeyguardBottomAreaView.java:309)
06-07 11:17:58.478 W/StatusBar( 2004): 	at com.android.systemui.statusbar.phone.KeyguardBottomAreaView.setUserSetupComplete(KeyguardBottomAreaView.java:281)
06-07 11:17:58.478 W/StatusBar( 2004): 	at com.android.systemui.statusbar.phone.PhoneStatusBar$1.onChange(PhoneStatusBar.java:441)
06-07 11:17:58.478 W/StatusBar( 2004): 	at com.android.systemui.statusbar.phone.PhoneStatusBar.resetUserSetupObserver(PhoneStatusBar.java:3676)
06-07 11:17:58.478 W/StatusBar( 2004): 	at com.android.systemui.statusbar.phone.PhoneStatusBar.makeStatusBarView(PhoneStatusBar.java:1008)
06-07 11:17:58.478 W/StatusBar( 2004): 	at com.android.systemui.statusbar.phone.PhoneStatusBar.addStatusBarWindow(PhoneStatusBar.java:3432)
06-07 11:17:58.478 W/StatusBar( 2004): 	at com.android.systemui.statusbar.phone.PhoneStatusBar.createAndAddWindows(PhoneStatusBar.java:3428)
06-07 11:17:58.478 W/StatusBar( 2004): 	at com.android.systemui.statusbar.BaseStatusBar.start(BaseStatusBar.java:765)
06-07 11:17:58.478 W/StatusBar( 2004): 	at com.android.systemui.statusbar.phone.PhoneStatusBar.start(PhoneStatusBar.java:686)
06-07 11:17:58.478 W/StatusBar( 2004): 	at com.android.systemui.statusbar.SystemBars.createStatusBarFromConfig(SystemBars.java:106)
06-07 11:17:58.478 W/StatusBar( 2004): 	at com.android.systemui.statusbar.SystemBars.onNoService(SystemBars.java:58)
06-07 11:17:58.478 W/StatusBar( 2004): 	at com.android.systemui.statusbar.ServiceMonitor.startService(ServiceMonitor.java:230)
06-07 11:17:58.478 W/StatusBar( 2004): 	at com.android.systemui.statusbar.ServiceMonitor.-wrap5(ServiceMonitor.java)
06-07 11:17:58.478 W/StatusBar( 2004): 	at com.android.systemui.statusbar.ServiceMonitor$1.handleMessage(ServiceMonitor.java:73)
06-07 11:17:58.478 W/StatusBar( 2004): 	at android.os.Handler.dispatchMessage(Handler.java:102)
06-07 11:17:58.478 W/StatusBar( 2004): 	at android.os.Looper.loop(Looper.java:154)
06-07 11:17:58.478 W/StatusBar( 2004): 	at android.app.ActivityThread.main(ActivityThread.java:6119)
06-07 11:17:58.478 W/StatusBar( 2004): 	at java.lang.reflect.Method.invoke(Native Method)
06-07 11:17:58.478 W/StatusBar( 2004): 	at com.android.internal.os.ZygoteInit$MethodAndArgsCaller.run(ZygoteInit.java:886)
06-07 11:17:58.478 W/StatusBar( 2004): 	at com.android.internal.os.ZygoteInit.main(ZygoteInit.java:776)
06-07 11:17:58.515 E/SurfaceFlinger( 1320): ro.sf.lcd_density must be defined as a build property
06-07 11:17:58.553 D/OpenGLRenderer( 2004): profile bars disabled
06-07 11:17:58.556 D/OpenGLRenderer( 2004): ambientRatio = 1.50
06-07 11:17:58.670 D/PhoneStatusBar( 2004): disable: < EXPAND* icons alerts system_info BACK* HOME* RECENT* clock SEARCH* quick_settings >
06-07 11:17:59.979 D/PhoneStatusBar( 2004): heads up is enabled
06-07 11:17:59.981 E/ActivityThread( 1764): Failed to find provider info for com.android.calendar
06-07 11:18:00.917 W/ActivityManager( 1764): Timeout executing service: ServiceRecord{b2cde59 u0 com.android.systemui/.keyguard.KeyguardService}
06-07 11:18:01.414 I/Choreographer( 2004): Skipped 551 frames!  The application may be doing too much work on its main thread.
06-07 11:18:01.751 D/ViewRootImpl[StatusBar]( 2004): changeCanvasOpacity: opaque=true
06-07 11:18:02.477 W/art     ( 2004): Suspending all threads took: 12.543ms
06-07 11:18:02.546 W/WindowManager( 1764): Window freeze timeout expired.
06-07 11:18:02.546 W/WindowManager( 1764): Force clearing orientation change: Window{6aa6558 u0 KeyguardScrim}
06-07 11:18:02.561 V/KeyguardServiceDelegate( 1764): *** Keyguard connected (yay!)
06-07 11:18:02.592 I/SurfaceFlinger( 1320): Boot is finished (182075 ms)
06-07 11:18:02.611 I/art     ( 2004): Background partial concurrent mark sweep GC freed 10041(1490KB) AllocSpace objects, 3(60KB) LOS objects, 23% free, 12MB/16MB, paused 41.490ms total 1.352s
06-07 11:18:02.798 I/Process ( 1764): Sending signal. PID: 2004 SIG: 3
06-07 11:18:02.799 I/art     ( 2004): Thread[3,tid=2019,WaitingInMainSignalCatcherLoop,Thread*=0x7cb501a96400,peer=0x12c005e0,"Signal Catcher"]: reacting to signal 3
06-07 11:18:02.799 I/art     ( 2004): 
06-07 11:18:03.834 E/ActivityManager( 1764): ANR in com.android.systemui
06-07 11:18:03.834 E/ActivityManager( 1764): PID: 2004
06-07 11:18:03.834 E/ActivityManager( 1764): Reason: executing service com.android.systemui/.keyguard.KeyguardService
06-07 11:18:03.834 E/ActivityManager( 1764): Load: 0.0 / 0.0 / 0.0
06-07 11:18:03.834 E/ActivityManager( 1764): CPU usage from 21034ms to 0ms ago (2021-06-07 11:17:38.731 to 2021-06-07 11:18:00.921):
06-07 11:18:03.834 E/ActivityManager( 1764):   100% 1320/surfaceflinger: 32% user + 67% kernel / faults: 5 minor
06-07 11:18:03.834 E/ActivityManager( 1764):   28% 1392/bootanimation: 4.1% user + 24% kernel
06-07 11:18:03.834 E/ActivityManager( 1764):   21% 1764/system_server: 3.3% user + 17% kernel / faults: 5848 minor 15 major
06-07 11:18:03.834 E/ActivityManager( 1764):   13% 2248/com.android.settings: 2.4% user + 10% kernel / faults: 173 minor 4 major
06-07 11:18:03.834 E/ActivityManager( 1764):   9.8% 2004/com.android.systemui: 1.6% user + 8.1% kernel / faults: 3046 minor 11 major
06-07 11:18:03.834 E/ActivityManager( 1764):   4.9% 2232/com.android.phone: 0.3% user + 4.5% kernel / faults: 1625 minor 20 major
06-07 11:18:03.834 E/ActivityManager( 1764):   1.4% 1323/adbd: 0.2% user + 1.2% kernel / faults: 832 minor
06-07 11:18:03.834 E/ActivityManager( 1764):   1% 1334/mediaserver: 0% user + 1% kernel / faults: 134 minor 1 major
06-07 11:18:03.834 E/ActivityManager( 1764):   1% 1319/servicemanager: 0% user + 1% kernel
06-07 11:18:03.834 E/ActivityManager( 1764):   0.7% 1998/com.android.inputmethod.latin: 0% user + 0.7% kernel / faults: 755 minor
06-07 11:18:03.834 E/ActivityManager( 1764):   0.5% 1327/cameraserver: 0.1% user + 0.4% kernel / faults: 80 minor
06-07 11:18:03.834 E/ActivityManager( 1764):   0.5% 1326/audioserver: 0% user + 0.5% kernel
06-07 11:18:03.834 E/ActivityManager( 1764):   0.4% 8/rcu_preempt: 0% user + 0.4% kernel
06-07 11:18:03.834 E/ActivityManager( 1764):   0.4% 1333/media.extractor: 0% user + 0.4% kernel / faults: 23 minor
06-07 11:18:03.834 E/ActivityManager( 1764):   0.3% 1266/logd: 0% user + 0.2% kernel / faults: 22 minor
06-07 11:18:03.834 E/ActivityManager( 1764):   0.2% 1324/zygote64: 0% user + 0.2% kernel / faults: 151 minor
06-07 11:18:03.834 E/ActivityManager( 1764):   0.2% 1337/rild: 0% user + 0.2% kernel / faults: 1 minor
06-07 11:18:03.834 E/ActivityManager( 1764):   0.1% 3/ksoftirqd/0: 0% user + 0.1% kernel
06-07 11:18:03.834 E/ActivityManager( 1764):   0.1% 1254/kworker/0:1H: 0% user + 0.1% kernel
06-07 11:18:03.834 E/ActivityManager( 1764):   0.1% 1//init: 0% user + 0% kernel / faults: 1 minor
06-07 11:18:03.834 E/ActivityManager( 1764):   0.1% 1366/logcat: 0% user + 0% kernel / faults: 2 minor
06-07 11:18:03.834 E/ActivityManager( 1764):   0% 12/ksoftirqd/1: 0% user + 0% kernel
06-07 11:18:03.834 E/ActivityManager( 1764):   0% 17/kworker/u4:1: 0% user + 0% kernel
06-07 11:18:03.834 E/ActivityManager( 1764):   0% 1264/jbd2/vdc-8: 0% user + 0% kernel
06-07 11:18:03.834 E/ActivityManager( 1764):   0% 13/kworker/1:0: 0% user + 0% kernel
06-07 11:18:03.834 E/ActivityManager( 1764):   0% 549/kworker/0:1: 0% user + 0% kernel
06-07 11:18:03.834 E/ActivityManager( 1764):   0% 1318/lmkd: 0% user + 0% kernel
06-07 11:18:03.834 E/ActivityManager( 1764):   0% 1336/netd: 0% user + 0% kernel / faults: 3 minor
06-07 11:18:03.834 E/ActivityManager( 1764):  +0% 2345/com.android.cellbroadcastreceiver: 0% user + 0% kernel
06-07 11:18:03.834 E/ActivityManager( 1764): 100% TOTAL: 24% user + 75% kernel + 0.9% softirq
06-07 11:18:03.834 E/ActivityManager( 1764): CPU usage from 196765ms to 196765ms ago (1970-01-01 00:00:00.000 to 1970-01-01 00:00:00.000) with 0% awake:
06-07 11:18:03.834 E/ActivityManager( 1764): 0% TOTAL: 0% user + 0% kernel
06-07 11:18:03.858 I/ActivityManager( 1764): Killing 2004:com.android.systemui/u0a21 (adj -800): bg anr
06-07 11:18:04.130 W/System  ( 2345): ClassLoader referenced unknown path: /system/priv-app/CellBroadcastReceiver/lib/x86_64
06-07 11:18:04.233 I/SystemServiceManager( 1764): Starting phase 1000
06-07 11:18:04.497 I/WindowManager( 1764): WIN DEATH: Window{2f7e229 u0 StatusBar}
06-07 11:18:04.542 W/ActivityManager( 1764): Slow operation: 293ms so far, now at startProcess: returned from zygote!
06-07 11:18:04.543 W/ActivityManager( 1764): Slow operation: 293ms so far, now at startProcess: done updating battery stats
06-07 11:18:04.543 W/ActivityManager( 1764): Slow operation: 294ms so far, now at startProcess: building log message
06-07 11:18:04.543 I/ActivityManager( 1764): Start proc 2415:android.ext.services/u0a12 for on-hold
06-07 11:18:04.543 W/ActivityManager( 1764): Slow operation: 294ms so far, now at startProcess: starting to update pids map
06-07 11:18:04.543 W/ActivityManager( 1764): Slow operation: 294ms so far, now at startProcess: done updating pids map
06-07 11:18:04.650 D/ActivityManager( 1764): Finishing user boot 0
06-07 11:18:04.662 W/AudioService( 1764): Current remote volume controller died, unregistering
06-07 11:18:04.665 V/KeyguardServiceDelegate( 1764): *** Keyguard disconnected (boo!)
06-07 11:18:04.704 W/VolumeController( 1764): Error calling dismiss
06-07 11:18:04.704 W/VolumeController( 1764): android.os.DeadObjectException
06-07 11:18:04.704 W/VolumeController( 1764): 	at android.os.BinderProxy.transactNative(Native Method)
06-07 11:18:04.704 W/VolumeController( 1764): 	at android.os.BinderProxy.transact(Binder.java:615)
06-07 11:18:04.704 W/VolumeController( 1764): 	at android.media.IVolumeController$Stub$Proxy.dismiss(IVolumeController.java:162)
06-07 11:18:04.704 W/VolumeController( 1764): 	at com.android.server.audio.AudioService$VolumeController.postDismiss(AudioService.java:6138)
06-07 11:18:04.704 W/VolumeController( 1764): 	at com.android.server.audio.AudioService.setVolumeController(AudioService.java:5986)
06-07 11:18:04.704 W/VolumeController( 1764): 	at com.android.server.audio.AudioService$4.binderDied(AudioService.java:5995)
06-07 11:18:04.704 W/VolumeController( 1764): 	at android.os.BinderProxy.sendDeathNotice(Binder.java:688)
06-07 11:18:04.731 D/CryptdConnector( 1764): SND -> {3 cryptfs prepare_user_storage ! 0 0 2}
06-07 11:18:04.753 W/art     ( 2415): Unexpected CPU variant for X86 using defaults: x86_64
06-07 11:18:04.766 D/vold    ( 1274): e4crypt_prepare_user_storage for volume null, user 0, serial 0, flags 2
06-07 11:18:04.767 D/vold    ( 1274): Preparing: /data/system_ce/0
06-07 11:18:04.767 D/vold    ( 1274): Preparing: /data/misc_ce/0
06-07 11:18:04.767 D/vold    ( 1274): Preparing: /data/media/0
06-07 11:18:04.768 D/vold    ( 1274): Preparing: /data/data
06-07 11:18:04.769 D/CryptdConnector( 1764): RCV <- {200 3 Command succeeded}
06-07 11:18:05.096 V/UserManagerService( 1764): Found /data/user/0 with serial number 0
06-07 11:18:05.098 V/UserManagerService( 1764): Found /data/system_ce/0 with serial number 0
06-07 11:18:05.105 V/PackageManager( 1764): reconcileAppsData for null u0 0x2
06-07 11:18:05.492 W/art     ( 1764): Long monitor contention with owner Binder:1764_1 (1787) at void com.android.server.wm.WindowState$DeathRecipient.binderDied()(WindowState.java:1806) waiters=0 in void com.android.server.wm.WindowManagerService$9.binderDied() for 991ms
06-07 11:18:05.495 W/art     ( 1764): Long monitor contention with owner Binder:1764_1 (1787) at void com.android.server.wm.WindowState$DeathRecipient.binderDied()(WindowState.java:1806) waiters=1 in void com.android.server.wm.WindowState$DeathRecipient.binderDied() for 996ms
06-07 11:18:05.515 I/WindowManager( 1764): WIN DEATH: Window{906f974 u0 AssistPreviewPanel}
06-07 11:18:05.551 W/InputDispatcher( 1764): channel '79ab362 DockedStackDivider (server)' ~ Consumer closed input channel or an error occurred.  events=0x9
06-07 11:18:05.551 E/InputDispatcher( 1764): channel '79ab362 DockedStackDivider (server)' ~ Channel is unrecoverably broken and will be disposed!
06-07 11:18:05.552 W/InputDispatcher( 1764): channel 'd302f12 NavigationBar (server)' ~ Consumer closed input channel or an error occurred.  events=0x9
06-07 11:18:05.552 E/InputDispatcher( 1764): channel 'd302f12 NavigationBar (server)' ~ Channel is unrecoverably broken and will be disposed!
06-07 11:18:05.552 W/InputDispatcher( 1764): channel '3231f5b com.android.systemui.ImageWallpaper (server)' ~ Consumer closed input channel or an error occurred.  events=0x9
06-07 11:18:05.553 E/InputDispatcher( 1764): channel '3231f5b com.android.systemui.ImageWallpaper (server)' ~ Channel is unrecoverably broken and will be disposed!
06-07 11:18:05.720 D/ConnectivityService( 1764): ConnectivityService NetworkRequestInfo binderDied(NetworkRequest [ LISTEN id=5, [] ], android.os.BinderProxy@71182b3)
06-07 11:18:05.729 W/WallpaperManagerService( 1764): Wallpaper service gone: ComponentInfo{com.android.systemui/com.android.systemui.ImageWallpaper}
06-07 11:18:05.754 I/Choreographer( 2248): Skipped 66 frames!  The application may be doing too much work on its main thread.
06-07 11:18:05.857 W/art     ( 1764): Long monitor contention with owner Binder:1764_1 (1787) at void com.android.server.wm.WindowState$DeathRecipient.binderDied()(WindowState.java:1806) waiters=2 in void com.android.server.wm.WindowState$DeathRecipient.binderDied() for 1.280s
06-07 11:18:05.857 I/WindowManager( 1764): WIN DEATH: Window{d302f12 u0 NavigationBar}
06-07 11:18:05.857 W/InputDispatcher( 1764): Attempted to unregister already unregistered input channel 'd302f12 NavigationBar (server)'
06-07 11:18:05.978 E/ConnectivityService( 1764): RemoteException caught trying to send a callback msg for NetworkRequest [ LISTEN id=5, [] ]
06-07 11:18:06.138 W/WindowManager( 1764): Failed to report 'resized' to the client of Window{3231f5b u0 com.android.systemui.ImageWallpaper}, removing this window.
06-07 11:18:06.182 W/InputDispatcher( 1764): Attempted to unregister already unregistered input channel '3231f5b com.android.systemui.ImageWallpaper (server)'
06-07 11:18:06.220 I/SyncManager( 1764): Got SyncJobService instance.
06-07 11:18:06.456 W/art     ( 1764): Long monitor contention with owner Binder:1764_1 (1787) at void com.android.server.wm.WindowState$DeathRecipient.binderDied()(WindowState.java:1806) waiters=3 in void com.android.server.wm.WindowState$DeathRecipient.binderDied() for 1.877s
06-07 11:18:06.458 W/WindowManager( 1764): Failed looking up window
06-07 11:18:06.458 W/WindowManager( 1764): java.lang.IllegalArgumentException: Requested window android.os.BinderProxy@9de8e6a does not exist
06-07 11:18:06.458 W/WindowManager( 1764): 	at com.android.server.wm.WindowManagerService.windowForClientLocked(WindowManagerService.java:9422)
06-07 11:18:06.458 W/WindowManager( 1764): 	at com.android.server.wm.WindowManagerService.windowForClientLocked(WindowManagerService.java:9413)
06-07 11:18:06.458 W/WindowManager( 1764): 	at com.android.server.wm.WindowState$DeathRecipient.binderDied(WindowState.java:1807)
06-07 11:18:06.458 W/WindowManager( 1764): 	at android.os.BinderProxy.sendDeathNotice(Binder.java:688)
06-07 11:18:06.458 I/WindowManager( 1764): WIN DEATH: null
06-07 11:18:06.459 W/art     ( 1764): Long monitor contention with owner Binder:1764_6 (2328) at void com.android.server.wm.WindowState$DeathRecipient.binderDied()(WindowState.java:1806) waiters=2 in void com.android.server.wm.Session.binderDied() for 718ms
06-07 11:18:06.460 W/art     ( 1764): Long monitor contention with owner Binder:1764_6 (2328) at void com.android.server.wm.WindowState$DeathRecipient.binderDied()(WindowState.java:1806) waiters=3 in void com.android.server.wm.WindowState$DeathRecipient.binderDied() for 691ms
06-07 11:18:06.460 I/WindowManager( 1764): WIN DEATH: Window{79ab362 u0 DockedStackDivider}
06-07 11:18:06.460 W/InputDispatcher( 1764): Attempted to unregister already unregistered input channel '79ab362 DockedStackDivider (server)'
06-07 11:18:06.776 W/art     ( 1764): Long monitor contention with owner Binder:1764_5 (2029) at void com.android.server.wm.WindowState$DeathRecipient.binderDied()(WindowState.java:1806) waiters=0 in int com.android.server.wm.WindowManagerService.relayoutWindow(com.android.server.wm.Session, android.view.IWindow, int, android.view.WindowManager$LayoutParams, int, int, int, int, android.graphics.Rect, android.graphics.Rect, android.graphics.Rect, android.graphics.Rect, android.graphics.Rect, android.graphics.Rect, android.graphics.Rect, android.content.res.Configuration, android.view.Surface) for 301ms
06-07 11:18:07.043 I/Choreographer( 2248): Skipped 34 frames!  The application may be doing too much work on its main thread.
06-07 11:18:08.048 V/PackageManager( 1764): reconcileAppsData finished 81 packages
06-07 11:18:08.052 W/art     ( 1764): Long monitor contention with owner android.display (1829) at void com.android.server.am.ActivityManagerService.finishBooting()(ActivityManagerService.java:6823) waiters=0 in void com.android.server.am.BroadcastQueue.processNextBroadcast(boolean) for 3.398s
06-07 11:18:08.058 D/MountService( 1764): onUnlockUser 0
06-07 11:18:08.058 D/VoldConnector( 1764): SND -> {8 volume user_started 0}
06-07 11:18:08.054 W/art     ( 1764): Long monitor contention with owner android.display (1829) at void com.android.server.am.ActivityManagerService.finishBooting()(ActivityManagerService.java:6823) waiters=1 in android.content.Intent com.android.server.am.ActivityManagerService.registerReceiver(android.app.IApplicationThread, java.lang.String, android.content.IIntentReceiver, android.content.IntentFilter, java.lang.String, int) for 3.336s
06-07 11:18:08.080 W/art     ( 1764): Long monitor contention with owner android.display (1829) at void com.android.server.am.ActivityManagerService.finishBooting()(ActivityManagerService.java:6823) waiters=3 in void com.android.server.am.ActivityManagerService.attachApplication(android.app.IApplicationThread) for 2.185s
06-07 11:18:08.081 W/art     ( 1764): Long monitor contention with owner android.display (1829) at void com.android.server.am.ActivityManagerService.finishBooting()(ActivityManagerService.java:6823) waiters=4 in void com.android.server.am.ActivityManagerService.publishContentProviders(android.app.IApplicationThread, java.util.List) for 2.148s
06-07 11:18:08.082 W/art     ( 1764): Long monitor contention with owner android.display (1829) at void com.android.server.am.ActivityManagerService.finishBooting()(ActivityManagerService.java:6823) waiters=5 in int com.android.server.am.ActivityManagerService.broadcastIntent(android.app.IApplicationThread, android.content.Intent, java.lang.String, android.content.IIntentReceiver, int, java.lang.String, android.os.Bundle, java.lang.String[], int, android.os.Bundle, boolean, boolean, int) for 1.897s
06-07 11:18:08.086 W/art     ( 1764): Long monitor contention with owner android.display (1829) at void com.android.server.am.ActivityManagerService.finishBooting()(ActivityManagerService.java:6823) waiters=6 in void com.android.server.am.ActivityManagerService$3.handleMessage(android.os.Message) for 1.634s
06-07 11:18:08.254 I/FusedLocation( 1764): engine started (com.android.location.fused)
06-07 11:18:08.279 D/vold    ( 1274): Linking /storage/emulated/0 to /mnt/user/0/primary
06-07 11:18:08.282 D/VoldConnector( 1764): RCV <- {200 8 Command succeeded}
06-07 11:18:08.386 W/art     ( 1764): Long monitor contention with owner android.display (1829) at void com.android.server.am.ActivityManagerService.finishBooting()(ActivityManagerService.java:6823) waiters=2 in void com.android.server.am.ActivityManagerService$AppDeathRecipient.binderDied() for 2.640s
06-07 11:18:08.387 D/MountService( 1764): Volume public:253,48 broadcasting mounted to UserHandle{0}
06-07 11:18:08.454 W/art     ( 1764): Long monitor contention with owner Binder:1764_6 (2328) at void com.android.server.am.ActivityManagerService.attachApplication(android.app.IApplicationThread)(ActivityManagerService.java:6669) waiters=2 in com.android.server.am.ProcessRecord com.android.server.am.ActivityManagerService.findAppProcess(android.os.IBinder, java.lang.String) for 226ms
06-07 11:18:08.492 D/MountService( 1764): Volume emulated broadcasting mounted to UserHandle{0}
06-07 11:18:08.637 W/libprocessgroup( 1764): failed to open /acct/uid_10021/pid_2004/cgroup.procs: No such file or directory
06-07 11:18:08.652 W/System  ( 2415): ClassLoader referenced unknown path: /system/priv-app/ExtServices/lib/x86_64
06-07 11:18:08.744 I/ActivityManager( 1764): Process com.android.systemui (pid 2004) has died
06-07 11:18:08.744 D/ActivityManager( 1764): cleanUpApplicationRecord -- 2004
06-07 11:18:08.767 W/ActivityManager( 1764): Scheduling restart of crashed service com.android.systemui/.SystemUIService in 0ms
06-07 11:18:08.767 W/ActivityManager( 1764): Scheduling restart of crashed service com.android.systemui/.ImageWallpaper in 0ms
06-07 11:18:08.768 W/ActivityManager( 1764): Scheduling restart of crashed service com.android.systemui/.keyguard.KeyguardService in 0ms
06-07 11:18:08.778 W/ActivityManager( 1764): Re-adding persistent process ProcessRecord{85e80c2 2004:com.android.systemui/u0a21}
06-07 11:18:09.137 W/ActivityManager( 1764): Slow operation: 357ms so far, now at startProcess: returned from zygote!
06-07 11:18:09.137 W/ActivityManager( 1764): Slow operation: 358ms so far, now at startProcess: done updating battery stats
06-07 11:18:09.156 W/ActivityManager( 1764): Slow operation: 377ms so far, now at startProcess: building log message
06-07 11:18:09.157 I/ActivityManager( 1764): Start proc 2440:com.android.systemui/u0a21 for restart com.android.systemui
06-07 11:18:09.157 W/ActivityManager( 1764): Slow operation: 377ms so far, now at startProcess: starting to update pids map
06-07 11:18:09.157 W/ActivityManager( 1764): Slow operation: 377ms so far, now at startProcess: done updating pids map
06-07 11:18:10.583 W/ifconfig( 2452): type=1400 audit(0.0:10): avc: denied { ioctl } for path="socket:[13828]" dev="sockfs" ino=13828 ioctlcmd=8927 scontext=u:r:shell:s0 tcontext=u:r:shell:s0 tclass=udp_socket permissive=0
06-07 11:18:10.713 W/ifconfig( 2452): type=1400 audit(0.0:11): avc: denied { ioctl } for path="socket:[13828]" dev="sockfs" ino=13828 ioctlcmd=891d scontext=u:r:shell:s0 tcontext=u:r:shell:s0 tclass=udp_socket permissive=0
06-07 11:18:10.913 W/ifconfig( 2452): type=1400 audit(0.0:12): avc: denied { ioctl } for path="socket:[13828]" dev="sockfs" ino=13828 ioctlcmd=8970 scontext=u:r:shell:s0 tcontext=u:r:shell:s0 tclass=udp_socket permissive=0
06-07 11:18:09.190 W/art     ( 1764): Suspending all threads took: 12.957ms
06-07 11:18:09.219 W/art     ( 1764): Long monitor contention with owner Binder:1764_1 (1787) at void com.android.server.am.ActivityManagerService$AppDeathRecipient.binderDied()(ActivityManagerService.java:1475) waiters=0 in com.android.server.am.ProcessRecord com.android.server.am.ActivityManagerService.findAppProcess(android.os.IBinder, java.lang.String) for 593ms
06-07 11:18:09.220 W/art     ( 1764): Long monitor contention with owner Binder:1764_1 (1787) at void com.android.server.am.ActivityManagerService$AppDeathRecipient.binderDied()(ActivityManagerService.java:1475) waiters=1 in android.content.Intent com.android.server.am.ActivityManagerService.registerReceiver(android.app.IApplicationThread, java.lang.String, android.content.IIntentReceiver, android.content.IntentFilter, java.lang.String, int) for 455ms
06-07 11:18:09.259 W/art     ( 2440): Unexpected CPU variant for X86 using defaults: x86_64
06-07 11:18:09.342 W/art     ( 1764): Long monitor contention with owner android.ui (1808) at int com.android.server.wm.WindowManagerService.relayoutWindow(com.android.server.wm.Session, android.view.IWindow, int, android.view.WindowManager$LayoutParams, int, int, int, int, android.graphics.Rect, android.graphics.Rect, android.graphics.Rect, android.graphics.Rect, android.graphics.Rect, android.graphics.Rect, android.graphics.Rect, android.content.res.Configuration, android.view.Surface)(WindowManagerService.java:2857) waiters=0 in void com.android.server.wm.WindowAnimator$1.doFrame(long) for 566ms
06-07 11:18:09.416 W/art     ( 1764): Long monitor contention with owner Binder:1764_1 (1787) at void com.android.server.am.ActivityManagerService$AppDeathRecipient.binderDied()(ActivityManagerService.java:1475) waiters=3 in com.android.server.am.ProcessRecord com.android.server.am.ActivityManagerService.findAppProcess(android.os.IBinder, java.lang.String) for 571ms
06-07 11:18:09.417 W/art     ( 1764): Long monitor contention with owner Binder:1764_1 (1787) at void com.android.server.am.ActivityManagerService$AppDeathRecipient.binderDied()(ActivityManagerService.java:1475) waiters=4 in android.content.Intent com.android.server.am.ActivityManagerService.registerReceiver(android.app.IApplicationThread, java.lang.String, android.content.IIntentReceiver, android.content.IntentFilter, java.lang.String, int) for 578ms
06-07 11:18:09.699 I/art     ( 1764): Background sticky concurrent mark sweep GC freed 39387(2MB) AllocSpace objects, 10(480KB) LOS objects, 27% free, 10MB/14MB, paused 16.684ms total 725.484ms
06-07 11:18:09.759 W/System  ( 2440): ClassLoader referenced unknown path: /system/priv-app/SystemUI/lib/x86_64
06-07 11:18:09.794 V/BackupManagerService( 1764): No ancestral data
06-07 11:18:10.071 I/BackupManagerService( 1764): Package jp.jaxa.iss.kibo.rpc.sampleapk not installed; dropping from full backup
06-07 11:18:10.085 W/art     ( 1764): Long monitor contention with owner Binder:1764_1 (1787) at void com.android.server.am.ActivityManagerService$AppDeathRecipient.binderDied()(ActivityManagerService.java:1475) waiters=2 in void com.android.server.am.ActivityManagerService$3.handleMessage(android.os.Message) for 1.275s
06-07 11:18:10.307 V/BackupManagerService( 1764): Starting with transport android/com.android.internal.backup.LocalTransport
06-07 11:18:10.308 V/BackupManagerService( 1764): Found transports: 1
06-07 11:18:10.308 W/BackupManagerService( 1764): Proposed transport ComponentInfo{android/com.android.internal.backup.LocalTransportService} not whitelisted; ignoring
06-07 11:18:10.377 I/BackupManagerService( 1764): Backup enabled => false
06-07 11:18:10.549 W/RichInputConnection( 1998): Slow InputConnection: GET_TEXT_BEFORE_CURSOR took 1249 ms.
06-07 11:18:10.732 W/WallpaperManagerService( 1764): Wallpaper reconnect timed out, reverting to built-in wallpaper!
06-07 11:18:11.506 W/ActivityManager( 1764): Slow operation: 131ms so far, now at startProcess: asking zygote to start proc
06-07 11:18:11.601 E/NetdConnector( 1764): NDC Command {18 firewall disable_chain standby} took too long (1494ms)
06-07 11:18:11.603 W/art     ( 1764): Long monitor contention with owner android.bg (1806) at void com.android.server.net.NetworkPolicyManagerService$AppIdleStateChangeListener.onParoleStateChanged(boolean)(NetworkPolicyManagerService.java:3204) waiters=0 in void com.android.server.net.NetworkPolicyManagerService$1.onUidStateChanged(int, int) for 687ms
06-07 11:18:11.681 I/InputAttributes( 1998): InputType.TYPE_NULL is specified
06-07 11:18:11.720 W/ActivityManager( 1764): Slow operation: 345ms so far, now at startProcess: returned from zygote!
06-07 11:18:11.720 W/ActivityManager( 1764): Slow operation: 345ms so far, now at startProcess: done updating battery stats
06-07 11:18:11.720 W/ActivityManager( 1764): Slow operation: 346ms so far, now at startProcess: building log message
06-07 11:18:11.720 I/ActivityManager( 1764): Start proc 2465:com.android.deskclock/u0a31 for broadcast com.android.deskclock/.AlarmInitReceiver
06-07 11:18:11.720 W/ActivityManager( 1764): Slow operation: 346ms so far, now at startProcess: starting to update pids map
06-07 11:18:11.721 W/ActivityManager( 1764): Slow operation: 346ms so far, now at startProcess: done updating pids map
06-07 11:18:11.721 W/ActivityManager( 1764): Slow operation: 347ms so far, now at startProcess: done starting proc!
06-07 11:18:11.895 W/art     ( 2465): Unexpected CPU variant for X86 using defaults: x86_64
06-07 11:18:12.171 I/art     ( 2440): Background sticky concurrent mark sweep GC freed 2481(216KB) AllocSpace objects, 0(0B) LOS objects, 0% free, 9MB/10MB, paused 555us total 238.726ms
06-07 11:18:12.442 W/art     ( 1764): Long monitor contention with owner Binder:1764_3 (1923) at int com.android.server.wm.WindowManagerService.relayoutWindow(com.android.server.wm.Session, android.view.IWindow, int, android.view.WindowManager$LayoutParams, int, int, int, int, android.graphics.Rect, android.graphics.Rect, android.graphics.Rect, android.graphics.Rect, android.graphics.Rect, android.graphics.Rect, android.graphics.Rect, android.content.res.Configuration, android.view.Surface)(WindowManagerService.java:2857) waiters=0 in void com.android.server.wm.WindowManagerService$H.handleMessage(android.os.Message) for 566ms
06-07 11:18:12.976 W/art     ( 1764): Long monitor contention with owner backup (2455) at boolean java.io.UnixFileSystem.checkAccess0(java.io.File, int)(UnixFileSystem.java:-2) waiters=0 in void com.android.server.backup.BackupManagerService.setBackupEnabled(boolean) for 2.500s
06-07 11:18:13.076 I/art     ( 2440): Background partial concurrent mark sweep GC freed 92(3KB) AllocSpace objects, 0(0B) LOS objects, 28% free, 9MB/13MB, paused 364us total 515.203ms
06-07 11:18:13.087 W/art     ( 1764): Long monitor contention with owner Binder:1764_9 (2433) at int com.android.server.wm.WindowManagerService.relayoutWindow(com.android.server.wm.Session, android.view.IWindow, int, android.view.WindowManager$LayoutParams, int, int, int, int, android.graphics.Rect, android.graphics.Rect, android.graphics.Rect, android.graphics.Rect, android.graphics.Rect, android.graphics.Rect, android.graphics.Rect, android.content.res.Configuration, android.view.Surface)(WindowManagerService.java:2857) waiters=0 in void com.android.server.wm.WindowManagerService$H.handleMessage(android.os.Message) for 303ms
06-07 11:18:13.218 V/KeyValueBackupJob( 1764): Scheduling k/v pass in 240 minutes
06-07 11:18:13.354 W/VoiceInteractionManagerService( 1764): no available voice interaction services found for user 0
06-07 11:18:13.354 W/VoiceInteractionManagerService( 1764): no available voice recognition services found for user 0
06-07 11:18:13.372 I/ActivityManager( 1764): Loading recents for user 0 into memory.
06-07 11:18:13.477 W/art     ( 1764): Long monitor contention with owner BackgroundDexOptService_PostBootUpdate (2401) at void com.android.server.power.PowerManagerService.releaseWakeLockInternal(android.os.IBinder, int)(PowerManagerService.java:937) waiters=1 in void com.android.server.power.PowerManagerService.handleSandman() for 110ms
