06-07 11:15:00.509 E/SurfaceFlinger( 1320):     gl_FragColor.a *= alphaPlane;
06-07 11:15:00.509 E/SurfaceFlinger( 1320): }
06-07 11:15:00.509 E/SurfaceFlinger( 1320): 
06-07 11:15:00.509 E/SurfaceFlinger( 1320): öÿÿÿÿÿÿÿŸ‘I3Uq
06-07 11:15:00.509 E/SurfaceFlinger( 1320): Error while linking shaders:
06-07 11:15:00.509 E/SurfaceFlinger( 1320): Error while compiling shader: 
06-07 11:15:00.509 E/SurfaceFlinger( 1320): attribute vec4 texCoords;
06-07 11:15:00.509 E/SurfaceFlinger( 1320): varying vec2 outTexCoords;
06-07 11:15:00.509 E/SurfaceFlinger( 1320): attribute vec4 position;
06-07 11:15:00.509 E/SurfaceFlinger( 1320): uniform mat4 projection;
06-07 11:15:00.509 E/SurfaceFlinger( 1320): uniform mat4 texture;
06-07 11:15:00.509 E/SurfaceFlinger( 1320): void main(void) {
06-07 11:15:00.509 E/SurfaceFlinger( 1320):     gl_Position = projection * position;
06-07 11:15:00.509 E/SurfaceFlinger( 1320):     outTexCoords = (texture * texCoords).st;
06-07 11:15:00.509 E/SurfaceFlinger( 1320): }
06-07 11:15:00.509 E/SurfaceFlinger( 1320): 
06-07 11:15:00.509 E/SurfaceFlinger( 1320): öÿÿÿÿÿÿÿŸ‘I3Uq
06-07 11:15:00.509 E/SurfaceFlinger( 1320): Error while compiling shader: 
06-07 11:15:00.509 E/SurfaceFlinger( 1320): precision mediump float;
06-07 11:15:00.509 E/SurfaceFlinger( 1320): uniform sampler2D sampler;
06-07 11:15:00.509 E/SurfaceFlinger( 1320): varying vec2 outTexCoords;
06-07 11:15:00.509 E/SurfaceFlinger( 1320): uniform float alphaPlane;
06-07 11:15:00.509 E/SurfaceFlinger( 1320): void main(void) {
06-07 11:15:00.509 E/SurfaceFlinger( 1320):     gl_FragColor = texture2D(sampler, outTexCoords);
06-07 11:15:00.509 E/SurfaceFlinger( 1320):     gl_FragColor.a = 1.0;
06-07 11:15:00.509 E/SurfaceFlinger( 1320):     gl_FragColor *= alphaPlane;
06-07 11:15:00.509 E/SurfaceFlinger( 1320): }
06-07 11:15:00.509 E/SurfaceFlinger( 1320): 
06-07 11:15:00.509 E/SurfaceFlinger( 1320): öÿÿÿÿÿÿÿŸ‘I3Uq
06-07 11:15:00.509 E/SurfaceFlinger( 1320): Error while linking shaders:
06-07 11:15:00.509 D/SurfaceFlinger( 1320): shader cache generated - 24 shaders in 5.246045 ms
06-07 11:15:00.547 D/SurfaceFlinger( 1320): Set power mode=2, type=0 flinger=0x715532e47000
06-07 11:15:00.687 V/MediaUtils( 1333): physMem: 1043894272
06-07 11:15:00.688 V/MediaUtils( 1333): requested limit: 208778840
06-07 11:15:00.688 V/MediaUtils( 1333): actual limit: 208778840
06-07 11:15:00.688 V/MediaUtils( 1333): original limits: 4294967295/4294967295
06-07 11:15:00.688 V/MediaUtils( 1333): new limits: 208778840/4294967295
06-07 11:15:00.725 W//system/bin/mediaextractor( 1333): libminijail: allowing syscall: socketcall
06-07 11:15:00.725 W//system/bin/mediaextractor( 1333): libminijail: allowing syscall: writev
06-07 11:15:00.726 W//system/bin/mediaextractor( 1333): libminijail: allowing syscall: fcntl64
06-07 11:15:00.726 W//system/bin/mediaextractor( 1333): libminijail: allowing syscall: clock_gettime
06-07 11:15:00.758 W//system/bin/mediaextractor( 1333): libminijail: logging seccomp filter failures
06-07 11:15:01.000 W/bootanimation( 1392): type=1400 audit(0.0:9): avc: denied { getattr } for path="/vendor" dev="rootfs" ino=4000 scontext=u:r:bootanim:s0 tcontext=u:object_r:rootfs:s0 tclass=lnk_file permissive=0
06-07 11:15:00.865 I/BufferProvider( 1326): found effect "Multichannel Downmix To Stereo" from The Android Open Source Project
06-07 11:15:00.869 I/AudioFlinger( 1326): Using module 10 has the primary audio interface
06-07 11:15:00.892 I/AudioFlinger( 1326): AudioFlinger's thread 0xe70035c0 ready to run
06-07 11:15:00.895 W/BatteryNotifier( 1326): batterystats service unavailable!
06-07 11:15:00.896 W/BatteryNotifier( 1326): batterystats service unavailable!
06-07 11:15:00.916 W/BatteryNotifier( 1326): batterystats service unavailable!
06-07 11:15:00.919 W/AudioFlinger( 1326): no wake lock to update, system not ready yet
06-07 11:15:01.001 I/AudioFlinger( 1326): AudioFlinger's thread 0xe6b03d00 ready to run
06-07 11:15:01.002 W/BatteryNotifier( 1326): batterystats service unavailable!
06-07 11:15:01.003 W/BatteryNotifier( 1326): batterystats service unavailable!
06-07 11:15:01.062 W/BatteryNotifier( 1326): batterystats service unavailable!
06-07 11:15:01.063 W/BatteryNotifier( 1326): batterystats service unavailable!
06-07 11:15:01.084 V/EmulatedCamera_Preview( 1327): setPreviewWindow: current: 0x0 -> new: 0xf1dc3150
06-07 11:15:01.084 V/EmulatedCamera_Preview( 1327): setPreviewWindow: current: 0xf1dc3150 -> new: 0x0
06-07 11:15:01.085 V/EmulatedCamera_Camera( 1327): doStopPreview
06-07 11:15:01.132 V/EmulatedCamera_Preview( 1327): setPreviewWindow: current: 0x0 -> new: 0x0
06-07 11:15:01.132 V/EmulatedCamera_Camera( 1327): releaseCamera
06-07 11:15:01.132 V/EmulatedCamera_Camera( 1327): doStopPreview
06-07 11:15:01.133 V/EmulatedCamera_FakeDevice( 1327): disconnectDevice
06-07 11:15:01.133 W/EmulatedCamera_Device( 1327): Initialize: Emulated camera device is already initialized: mState = 1
06-07 11:15:01.133 D/EmulatedCamera_FakeCamera( 1327): Initialize: Fake camera is facing back
06-07 11:15:01.135 V/EmulatedCamera_Device( 1327): initializeWhiteBalanceModes with auto, 1.000000, 1.000000
06-07 11:15:01.136 V/EmulatedCamera_Device( 1327): initializeWhiteBalanceModes with incandescent, 1.380000, 0.600000
06-07 11:15:01.136 V/EmulatedCamera_Device( 1327): initializeWhiteBalanceModes with daylight, 1.090000, 0.920000
06-07 11:15:01.136 V/EmulatedCamera_Device( 1327): initializeWhiteBalanceModes with twilight, 0.920000, 1.220000
06-07 11:15:01.136 V/EmulatedCamera_Device( 1327): setWhiteBalanceMode with white balance auto
06-07 11:15:01.136 I/CameraFlashlight( 1327): Destroying camera 0
06-07 11:15:01.137 V/EmulatedCamera_Camera( 1327): closeCamera
06-07 11:15:01.137 V/EmulatedCamera_Camera( 1327): doStopPreview
06-07 11:15:01.137 W/EmulatedCamera_Device( 1327): Initialize: Emulated camera device is already initialized: mState = 1
06-07 11:15:01.137 D/EmulatedCamera_FakeCamera( 1327): Initialize: Fake camera is facing back
06-07 11:15:01.137 V/EmulatedCamera_Device( 1327): initializeWhiteBalanceModes with auto, 1.000000, 1.000000
06-07 11:15:01.137 V/EmulatedCamera_Device( 1327): initializeWhiteBalanceModes with incandescent, 1.380000, 0.600000
06-07 11:15:01.137 V/EmulatedCamera_Device( 1327): initializeWhiteBalanceModes with daylight, 1.090000, 0.920000
06-07 11:15:01.137 V/EmulatedCamera_Device( 1327): initializeWhiteBalanceModes with twilight, 0.920000, 1.220000
06-07 11:15:01.137 V/EmulatedCamera_Device( 1327): setWhiteBalanceMode with white balance auto
06-07 11:15:01.212 V/EmulatedCamera_Camera( 1327): getCameraInfo
06-07 11:15:01.212 V/EmulatedCamera_BaseCamera( 1327): getCameraInfo
06-07 11:15:01.215 I/r_submix( 1326): adev_open(name=audio_hw_if)
06-07 11:15:01.216 I/r_submix( 1326): adev_init_check()
06-07 11:15:01.216 I/AudioFlinger( 1326): loadHwModule() Loaded r_submix audio interface from Wifi Display audio HAL (audio) handle 18
06-07 11:15:01.216 D/r_submix( 1326): adev_open_input_stream(addr=0)
06-07 11:15:01.217 D/r_submix( 1326): submix_audio_device_create_pipe_l(addr=0, idx=9)
06-07 11:15:01.217 D/r_submix( 1326):   now using address 0 for route 9
06-07 11:15:01.219 I/ServiceManager( 1327): Waiting for service media.camera.proxy...
06-07 11:15:01.221 I/AudioFlinger( 1326): AudioFlinger's thread 0xe6c03740 ready to run
06-07 11:15:01.221 D/r_submix( 1326): adev_close_input_stream()
06-07 11:15:01.221 D/r_submix( 1326): submix_audio_device_release_pipe_l(idx=9) addr=0
06-07 11:15:01.222 D/r_submix( 1326): submix_audio_device_destroy_pipe_l(): pipe destroyed
06-07 11:15:01.226 I/RadioService( 1326): RadioService
06-07 11:15:01.226 I/RadioService( 1326): onFirstRef
06-07 11:15:01.226 E/RadioService( 1326): couldn't load radio module radio.primary (No such file or directory)
06-07 11:15:01.228 E/SoundTriggerHwService( 1326): couldn't load sound trigger module sound_trigger.primary (No such file or directory)
06-07 11:15:01.239 I/mediacodec( 1331): @@@ mediacodecservice starting
06-07 11:15:01.254 W/        ( 1331): No seccomp filter defined for this architecture.
06-07 11:15:02.243 I/ServiceManager( 1327): Waiting for service media.camera.proxy...
06-07 11:15:02.598 I/mediaserver( 1332): ServiceManager: 0xe8cbc0a0
06-07 11:15:03.270 I/ServiceManager( 1327): Waiting for service media.camera.proxy...
06-07 11:15:03.654 I/mediaserver( 1334): ServiceManager: 0xe7bbc0a0
06-07 11:15:03.730 W/BatteryNotifier( 1334): batterystats service unavailable!
06-07 11:15:03.980 W/BatteryNotifier( 1326): batterystats service unavailable!
06-07 11:15:04.300 I/ServiceManager( 1327): Waiting for service media.camera.proxy...
06-07 11:15:05.320 I/ServiceManager( 1327): Waiting for service media.camera.proxy...
06-07 11:15:13.652 D/AndroidRuntime( 1324): >>>>>> START com.android.internal.os.ZygoteInit uid 0 <<<<<<
06-07 11:15:13.685 E/SurfaceFlinger( 1320): ro.sf.lcd_density must be defined as a build property
06-07 11:15:13.747 D/libEGL  ( 1392): Emulator without GPU support detected. Fallback to legacy software renderer, qemu.gles is set to 0.
06-07 11:15:13.779 D/libEGL  ( 1392): loaded /system/lib64/egl/libGLES_android.so
06-07 11:15:14.305 E/hostapd ( 1504): Configuration file: /system/etc/simulated_hostapd.conf
06-07 11:15:14.329 E/ipv6proxy( 1496): Failed to forward Router Advertisement from eth0 to wlan1: Network is unreachable
06-07 11:15:14.380 D/gralloc_ranchu( 1392): Emulator without host-side GPU emulation detected. Loading gralloc.default.so from /vendor/lib64/hw/gralloc.goldfish.default.so...
06-07 11:15:14.383 D/gralloc_ranchu( 1392): gralloc.default.so not found in /vendor. Trying /system/lib64/hw/gralloc.goldfish.default.so...
06-07 11:15:14.408 E/ipv6proxy( 1496): Failed to forward Router Advertisement from eth0 to radio0-peer: Cannot assign requested address
06-07 11:15:14.698 D/AndroidRuntime( 1324): CheckJNI is ON
06-07 11:15:14.823 D/AndroidRuntime( 1325): >>>>>> START com.android.internal.os.ZygoteInit uid 0 <<<<<<
06-07 11:15:14.900 I/art     ( 1324): option[0]=-Xzygote
06-07 11:15:14.900 I/art     ( 1324): option[1]=-Xcheck:jni
06-07 11:15:14.901 I/art     ( 1324): option[2]=-Xstacktracefile:/data/anr/traces.txt
06-07 11:15:14.901 I/art     ( 1324): option[3]=exit
06-07 11:15:14.901 I/art     ( 1324): option[4]=vfprintf
06-07 11:15:14.901 I/art     ( 1324): option[5]=sensitiveThread
06-07 11:15:14.901 I/art     ( 1324): option[6]=-verbose:gc
06-07 11:15:14.901 I/art     ( 1324): option[7]=-Xms4m
06-07 11:15:14.901 I/art     ( 1324): option[8]=-Xmx256m
06-07 11:15:14.901 I/art     ( 1324): option[9]=-Xusejit:true
06-07 11:15:14.901 I/art     ( 1324): option[10]=-Xjitsaveprofilinginfo
06-07 11:15:14.901 I/art     ( 1324): option[11]=-agentlib:jdwp=transport=dt_android_adb,suspend=n,server=y
06-07 11:15:14.901 I/art     ( 1324): option[12]=-Xlockprofthreshold:500
06-07 11:15:14.901 I/art     ( 1324): option[13]=-Ximage-compiler-option
06-07 11:15:14.901 I/art     ( 1324): option[14]=--runtime-arg
06-07 11:15:14.901 I/art     ( 1324): option[15]=-Ximage-compiler-option
06-07 11:15:14.901 I/art     ( 1324): option[16]=-Xms64m
06-07 11:15:14.902 I/art     ( 1324): option[17]=-Ximage-compiler-option
06-07 11:15:14.902 I/art     ( 1324): option[18]=--runtime-arg
06-07 11:15:14.902 I/art     ( 1324): option[19]=-Ximage-compiler-option
06-07 11:15:14.902 I/art     ( 1324): option[20]=-Xmx64m
06-07 11:15:14.902 I/art     ( 1324): option[21]=-Ximage-compiler-option
06-07 11:15:14.902 I/art     ( 1324): option[22]=--image-classes=/system/etc/preloaded-classes
06-07 11:15:14.902 I/art     ( 1324): option[23]=-Ximage-compiler-option
06-07 11:15:14.902 I/art     ( 1324): option[24]=--compiled-classes=/system/etc/compiled-classes
06-07 11:15:14.902 I/art     ( 1324): option[25]=-Xcompiler-option
06-07 11:15:14.902 I/art     ( 1324): option[26]=--runtime-arg
06-07 11:15:14.902 I/art     ( 1324): option[27]=-Xcompiler-option
06-07 11:15:14.902 I/art     ( 1324): option[28]=-Xms64m
06-07 11:15:14.902 I/art     ( 1324): option[29]=-Xcompiler-option
06-07 11:15:14.902 I/art     ( 1324): option[30]=--runtime-arg
06-07 11:15:14.902 I/art     ( 1324): option[31]=-Xcompiler-option
06-07 11:15:14.902 I/art     ( 1324): option[32]=-Xmx512m
06-07 11:15:14.902 I/art     ( 1324): option[33]=-Ximage-compiler-option
06-07 11:15:14.902 I/art     ( 1324): option[34]=--instruction-set-variant=x86_64
06-07 11:15:14.902 I/art     ( 1324): option[35]=-Xcompiler-option
06-07 11:15:14.902 I/art     ( 1324): option[36]=--instruction-set-variant=x86_64
06-07 11:15:14.902 I/art     ( 1324): option[37]=-Ximage-compiler-option
06-07 11:15:14.902 I/art     ( 1324): option[38]=--instruction-set-features=default
06-07 11:15:14.902 I/art     ( 1324): option[39]=-Xcompiler-option
06-07 11:15:14.902 I/art     ( 1324): option[40]=--instruction-set-features=default
06-07 11:15:14.903 I/art     ( 1324): option[41]=-Duser.locale=en-US
06-07 11:15:14.903 I/art     ( 1324): option[42]=--cpu-abilist=x86_64
06-07 11:15:14.903 I/art     ( 1324): option[43]=-Xfingerprint:Android/sdk_phone_x86_64/generic_x86_64:7.1.1/NYC/4931657:userdebug/test-keys
06-07 11:15:14.933 I/hostapd ( 1504): rfkill: Cannot get wiphy information
06-07 11:15:14.935 I/hostapd ( 1504): nl80211: Could not re-add multicast membership for vendor events: -2 (No such file or directory)
06-07 11:15:14.936 I/hostapd ( 1504): wlan1: interface state UNINITIALIZED->COUNTRY_UPDATE
06-07 11:15:15.306 D/AndroidRuntime( 1325): CheckJNI is ON
06-07 11:15:15.460 I/art     ( 1325): option[0]=-Xzygote
06-07 11:15:15.461 I/art     ( 1325): option[1]=-Xcheck:jni
06-07 11:15:15.461 I/art     ( 1325): option[2]=-Xstacktracefile:/data/anr/traces.txt
06-07 11:15:15.461 I/art     ( 1325): option[3]=exit
06-07 11:15:15.461 I/art     ( 1325): option[4]=vfprintf
06-07 11:15:15.461 I/art     ( 1325): option[5]=sensitiveThread
06-07 11:15:15.461 I/art     ( 1325): option[6]=-verbose:gc
06-07 11:15:15.461 I/art     ( 1325): option[7]=-Xms4m
06-07 11:15:15.461 I/art     ( 1325): option[8]=-Xmx256m
06-07 11:15:15.461 I/art     ( 1325): option[9]=-Xusejit:true
06-07 11:15:15.461 I/art     ( 1325): option[10]=-Xjitsaveprofilinginfo
06-07 11:15:15.462 I/art     ( 1325): option[11]=-agentlib:jdwp=transport=dt_android_adb,suspend=n,server=y
06-07 11:15:15.462 I/art     ( 1325): option[12]=-Xlockprofthreshold:500
06-07 11:15:15.462 I/art     ( 1325): option[13]=-Ximage-compiler-option
06-07 11:15:15.462 I/art     ( 1325): option[14]=--runtime-arg
06-07 11:15:15.462 I/art     ( 1325): option[15]=-Ximage-compiler-option
06-07 11:15:15.462 I/art     ( 1325): option[16]=-Xms64m
06-07 11:15:15.462 I/art     ( 1325): option[17]=-Ximage-compiler-option
06-07 11:15:15.462 I/art     ( 1325): option[18]=--runtime-arg
06-07 11:15:15.462 I/art     ( 1325): option[19]=-Ximage-compiler-option
06-07 11:15:15.462 I/art     ( 1325): option[20]=-Xmx64m
06-07 11:15:15.462 I/art     ( 1325): option[21]=-Ximage-compiler-option
06-07 11:15:15.462 I/art     ( 1325): option[22]=--image-classes=/system/etc/preloaded-classes
06-07 11:15:15.462 I/art     ( 1325): option[23]=-Ximage-compiler-option
06-07 11:15:15.462 I/art     ( 1325): option[24]=--compiled-classes=/system/etc/compiled-classes
06-07 11:15:15.462 I/art     ( 1325): option[25]=-Xcompiler-option
06-07 11:15:15.462 I/art     ( 1325): option[26]=--runtime-arg
06-07 11:15:15.463 I/art     ( 1325): option[27]=-Xcompiler-option
06-07 11:15:15.463 I/art     ( 1325): option[28]=-Xms64m
06-07 11:15:15.463 I/art     ( 1325): option[29]=-Xcompiler-option
06-07 11:15:15.463 I/art     ( 1325): option[30]=--runtime-arg
06-07 11:15:15.463 I/art     ( 1325): option[31]=-Xcompiler-option
06-07 11:15:15.463 I/art     ( 1325): option[32]=-Xmx512m
06-07 11:15:15.463 I/art     ( 1325): option[33]=-Ximage-compiler-option
06-07 11:15:15.463 I/art     ( 1325): option[34]=--instruction-set-variant=x86
06-07 11:15:15.463 I/art     ( 1325): option[35]=-Xcompiler-option
06-07 11:15:15.463 I/art     ( 1325): option[36]=--instruction-set-variant=x86
06-07 11:15:15.463 I/art     ( 1325): option[37]=-Ximage-compiler-option
06-07 11:15:15.463 I/art     ( 1325): option[38]=--instruction-set-features=default
06-07 11:15:15.463 I/art     ( 1325): option[39]=-Xcompiler-option
06-07 11:15:15.463 I/art     ( 1325): option[40]=--instruction-set-features=default
06-07 11:15:15.463 I/art     ( 1325): option[41]=-Duser.locale=en-US
06-07 11:15:15.463 I/art     ( 1325): option[42]=--cpu-abilist=x86
06-07 11:15:15.464 I/art     ( 1325): option[43]=-Xfingerprint:Android/sdk_phone_x86_64/generic_x86_64:7.1.1/NYC/4931657:userdebug/test-keys
06-07 11:15:18.203 E/ipv6proxy( 1496): Failed to forward Router Advertisement from eth0 to wlan1: Network is unreachable
06-07 11:15:19.953 I/hostapd ( 1504): wlan1: interface state COUNTRY_UPDATE->HT_SCAN
06-07 11:15:21.382 E/hostapd ( 1504): Using interface wlan1 with hwaddr 02:00:00:00:01:00 and ssid "AndroidWifi"
06-07 11:15:21.413 I/hostapd ( 1504): wlan1: interface state HT_SCAN->ENABLED
06-07 11:15:21.413 I/hostapd ( 1504): wlan1: AP-ENABLED 
06-07 11:15:23.090 D/ICU     ( 1324): No timezone override file found: /data/misc/zoneinfo/current/icu/icu_tzdata.dat
06-07 11:15:23.406 D/ICU     ( 1325): No timezone override file found: /data/misc/zoneinfo/current/icu/icu_tzdata.dat
06-07 11:15:28.089 E/memtrack( 1324): Couldn't load memtrack module (No such file or directory)
06-07 11:15:28.107 E/android.os.Debug( 1324): failed to load memtrack module: -2
06-07 11:15:28.192 I/Radio-JNI( 1324): register_android_hardware_Radio DONE
06-07 11:15:28.616 E/memtrack( 1325): Couldn't load memtrack module (No such file or directory)
06-07 11:15:28.617 E/android.os.Debug( 1325): failed to load memtrack module: -2
06-07 11:15:28.661 I/Radio-JNI( 1325): register_android_hardware_Radio DONE
06-07 11:15:28.680 I/SamplingProfilerIntegration( 1324): Profiling disabled.
06-07 11:15:28.772 D/Zygote  ( 1324): begin preload
06-07 11:15:28.772 I/Zygote  ( 1324): Installing ICU cache reference pinning...
06-07 11:15:28.780 I/Zygote  ( 1324): Preloading ICU data...
06-07 11:15:29.411 I/SamplingProfilerIntegration( 1325): Profiling disabled.
06-07 11:15:29.554 D/Zygote  ( 1325): begin preload
06-07 11:15:29.554 I/Zygote  ( 1325): Installing ICU cache reference pinning...
06-07 11:15:29.610 I/Zygote  ( 1325): Preloading ICU data...
06-07 11:15:31.014 I/Zygote  ( 1324): Preloading classes...
06-07 11:15:31.265 I/Zygote  ( 1325): Preloading classes...
06-07 11:15:31.319 W/Zygote  ( 1324): Class not found for preloading: [Landroid.view.Display$ColorTransform;
06-07 11:15:31.583 W/Zygote  ( 1325): Class not found for preloading: [Landroid.view.Display$ColorTransform;
06-07 11:15:38.799 E/Typeface( 1324): Error mapping font file /system/fonts/DroidSansFallback.ttf
06-07 11:15:38.934 E/Typeface( 1325): Error mapping font file /system/fonts/DroidSansFallback.ttf
06-07 11:15:44.194 I/art     ( 1324): Background concurrent mark sweep GC freed 21949(2MB) AllocSpace objects, 111(2MB) LOS objects, 33% free, 3MB/5MB, paused 1.830ms total 574.127ms
06-07 11:15:44.492 W/art     ( 1325): Suspending all threads took: 13.637ms
06-07 11:15:44.645 I/art     ( 1324): Thread[1,tid=1324,Native,Thread*=0x7cb501a95a00,peer=0x12c060d0,"main"] recursive attempt to load library "/system/lib64/libmedia_jni.so"
06-07 11:15:44.684 D/MtpDeviceJNI( 1324): register_android_mtp_MtpDevice
06-07 11:15:44.692 I/art     ( 1324): Thread[1,tid=1324,Native,Thread*=0x7cb501a95a00,peer=0x12c060d0,"main"] recursive attempt to load library "/system/lib64/libmedia_jni.so"
06-07 11:15:44.693 I/art     ( 1324): Thread[1,tid=1324,Native,Thread*=0x7cb501a95a00,peer=0x12c060d0,"main"] recursive attempt to load library "/system/lib64/libmedia_jni.so"
06-07 11:15:44.974 I/art     ( 1325): Background concurrent mark sweep GC freed 22067(3MB) AllocSpace objects, 123(2MB) LOS objects, 33% free, 2MB/4MB, paused 17.381ms total 979.854ms
06-07 11:15:45.472 I/art     ( 1325): Thread[1,tid=1325,Native,Thread*=0xea50b400,peer=0x12c060d0,"main"] recursive attempt to load library "/system/lib/libmedia_jni.so"
06-07 11:15:45.481 D/MtpDeviceJNI( 1325): register_android_mtp_MtpDevice
06-07 11:15:45.483 I/art     ( 1325): Thread[1,tid=1325,Native,Thread*=0xea50b400,peer=0x12c060d0,"main"] recursive attempt to load library "/system/lib/libmedia_jni.so"
06-07 11:15:45.484 I/art     ( 1325): Thread[1,tid=1325,Native,Thread*=0xea50b400,peer=0x12c060d0,"main"] recursive attempt to load library "/system/lib/libmedia_jni.so"
06-07 11:15:48.918 W/Zygote  ( 1324): Class not found for preloading: android.view.Display$ColorTransform
06-07 11:15:48.919 W/Zygote  ( 1324): Class not found for preloading: android.view.Display$ColorTransform$1
06-07 11:15:48.938 W/Zygote  ( 1325): Class not found for preloading: android.view.Display$ColorTransform
06-07 11:15:48.939 W/Zygote  ( 1325): Class not found for preloading: android.view.Display$ColorTransform$1
06-07 11:15:51.303 W/art     ( 1325): Suspending all threads took: 18.315ms
06-07 11:15:51.522 I/art     ( 1325): Background sticky concurrent mark sweep GC freed 14101(2MB) AllocSpace objects, 10(160KB) LOS objects, 61% free, 1643KB/4MB, paused 21.919ms total 464.273ms
06-07 11:15:51.566 I/art     ( 1324): Background sticky concurrent mark sweep GC freed 17772(2MB) AllocSpace objects, 18(320KB) LOS objects, 68% free, 1622KB/5MB, paused 1.639ms total 211.686ms
06-07 11:15:52.703 I/System  ( 1324): Loaded time zone names for "" in 1115ms (1025ms in ICU)
06-07 11:15:53.277 I/System  ( 1324): Loaded time zone names for "en_US" in 573ms (569ms in ICU)
06-07 11:15:53.892 I/System  ( 1325): Loaded time zone names for "" in 1941ms (1607ms in ICU)
06-07 11:15:54.383 I/Zygote  ( 1324): ...preloaded 4158 classes in 23369ms.
06-07 11:15:54.384 I/art     ( 1324): VMRuntime.preloadDexCaches starting
06-07 11:15:54.706 I/System  ( 1325): Loaded time zone names for "en_US" in 812ms (807ms in ICU)
06-07 11:15:55.886 I/Zygote  ( 1325): ...preloaded 4158 classes in 24621ms.
06-07 11:15:55.887 I/art     ( 1325): VMRuntime.preloadDexCaches starting
06-07 11:15:55.945 I/art     ( 1324): VMRuntime.preloadDexCaches strings total=283712 before=39625 after=39625
06-07 11:15:55.945 I/art     ( 1324): VMRuntime.preloadDexCaches types total=23581 before=7877 after=7904
06-07 11:15:55.945 I/art     ( 1324): VMRuntime.preloadDexCaches fields total=112007 before=40903 after=41117
06-07 11:15:55.945 I/art     ( 1324): VMRuntime.preloadDexCaches methods total=197534 before=82457 after=83017
06-07 11:15:55.945 I/art     ( 1324): VMRuntime.preloadDexCaches finished
06-07 11:15:55.948 I/Zygote  ( 1324): Preloading resources...
06-07 11:15:57.721 W/Resources( 1324): Preloaded drawable resource #0x108025c (android:drawable/dialog_background_material) that varies with configuration!!
06-07 11:15:57.796 W/Resources( 1324): Preloaded drawable resource #0x1080298 (android:drawable/editbox_dropdown_background_dark) that varies with configuration!!
06-07 11:15:58.078 W/Resources( 1324): Preloaded color resource #0x10600e2 (android:color/material_grey_800) that varies with configuration!!
06-07 11:15:58.110 W/Resources( 1324): Preloaded drawable resource #0x10802c9 (android:drawable/floating_popup_background_dark) that varies with configuration!!
06-07 11:15:58.322 I/art     ( 1325): VMRuntime.preloadDexCaches strings total=283712 before=39625 after=39625
06-07 11:15:58.322 I/art     ( 1325): VMRuntime.preloadDexCaches types total=23581 before=7877 after=7904
06-07 11:15:58.322 I/art     ( 1325): VMRuntime.preloadDexCaches fields total=112007 before=40903 after=41117
06-07 11:15:58.323 I/art     ( 1325): VMRuntime.preloadDexCaches methods total=197534 before=82457 after=83017
06-07 11:15:58.323 I/art     ( 1325): VMRuntime.preloadDexCaches finished
06-07 11:15:58.327 I/Zygote  ( 1325): Preloading resources...
06-07 11:15:58.754 W/Resources( 1324): Preloaded drawable resource #0x108030b (android:drawable/ic_clear_disabled) that varies with configuration!!
06-07 11:15:58.756 W/Resources( 1324): Preloaded drawable resource #0x1080310 (android:drawable/ic_clear_normal) that varies with configuration!!
06-07 11:15:58.954 W/Resources( 1324): Preloaded drawable resource #0x1080359 (android:drawable/ic_go) that varies with configuration!!
06-07 11:15:59.174 W/Resources( 1324): Preloaded drawable resource #0x1080038 (android:drawable/ic_menu_close_clear_cancel) that varies with configuration!!
06-07 11:15:59.214 W/Resources( 1324): Preloaded drawable resource #0x1080045 (android:drawable/ic_menu_more) that varies with configuration!!
06-07 11:15:59.773 W/Resources( 1324): Preloaded drawable resource #0x10804e8 (android:drawable/menu_background_fill_parent_width) that varies with configuration!!
06-07 11:16:00.239 W/Resources( 1325): Preloaded drawable resource #0x108025c (android:drawable/dialog_background_material) that varies with configuration!!
06-07 11:16:00.419 W/Resources( 1325): Preloaded drawable resource #0x1080298 (android:drawable/editbox_dropdown_background_dark) that varies with configuration!!
06-07 11:16:00.556 W/Resources( 1325): Preloaded color resource #0x10600e2 (android:color/material_grey_800) that varies with configuration!!
06-07 11:16:00.557 W/Resources( 1325): Preloaded drawable resource #0x10802c9 (android:drawable/floating_popup_background_dark) that varies with configuration!!
06-07 11:16:00.888 I/art     ( 1324): Background concurrent mark sweep GC freed 3590(169KB) AllocSpace objects, 6(120KB) LOS objects, 45% free, 4MB/8MB, paused 335us total 283.244ms
06-07 11:16:02.184 I/art     ( 1325): Background concurrent mark sweep GC freed 14078(887KB) AllocSpace objects, 0(0B) LOS objects, 53% free, 3MB/7MB, paused 1.900ms total 460.396ms
06-07 11:16:02.235 W/Resources( 1325): Preloaded drawable resource #0x108030b (android:drawable/ic_clear_disabled) that varies with configuration!!
06-07 11:16:02.238 W/Resources( 1325): Preloaded drawable resource #0x1080310 (android:drawable/ic_clear_normal) that varies with configuration!!
06-07 11:16:02.468 W/Resources( 1325): Preloaded drawable resource #0x1080359 (android:drawable/ic_go) that varies with configuration!!
06-07 11:16:02.618 W/Resources( 1324): Preloaded drawable resource #0x108077e (android:drawable/text_edit_paste_window) that varies with configuration!!
06-07 11:16:02.737 W/Resources( 1325): Preloaded drawable resource #0x1080038 (android:drawable/ic_menu_close_clear_cancel) that varies with configuration!!
06-07 11:16:02.834 W/Resources( 1324): Preloaded drawable resource #0x1080096 (android:drawable/toast_frame) that varies with configuration!!
06-07 11:16:02.835 I/Zygote  ( 1324): ...preloaded 114 resources in 6887ms.
06-07 11:16:02.870 W/Resources( 1325): Preloaded drawable resource #0x1080045 (android:drawable/ic_menu_more) that varies with configuration!!
06-07 11:16:03.047 W/Resources( 1324): Preloaded color resource #0x106010b (android:color/background_cache_hint_selector_material_dark) that varies with configuration!!
06-07 11:16:03.171 W/Resources( 1324): Preloaded color resource #0x1060110 (android:color/btn_default_material_dark) that varies with configuration!!
06-07 11:16:03.230 I/Zygote  ( 1324): ...preloaded 41 resources in 395ms.
06-07 11:16:03.232 D/libEGL  ( 1324): Emulator without GPU support detected. Fallback to legacy software renderer, qemu.gles is set to 0.
06-07 11:16:03.286 W/Resources( 1325): Preloaded drawable resource #0x10804e8 (android:drawable/menu_background_fill_parent_width) that varies with configuration!!
06-07 11:16:03.373 D/libEGL  ( 1324): loaded /system/lib64/egl/libGLES_android.so
06-07 11:16:04.714 I/Zygote  ( 1324): Preloading shared libraries...
06-07 11:16:05.092 E/Hyphenator( 1324): error loading hyphenation /system/usr/hyphen-data/hyph-as.hyb
06-07 11:16:05.092 E/Hyphenator( 1324): java.io.FileNotFoundException: /system/usr/hyphen-data/hyph-as.hyb: open failed: ENOENT (No such file or directory)
06-07 11:16:05.092 E/Hyphenator( 1324): 	at libcore.io.IoBridge.open(IoBridge.java:455)
06-07 11:16:05.092 E/Hyphenator( 1324): 	at java.io.RandomAccessFile.<init>(RandomAccessFile.java:247)
06-07 11:16:05.092 E/Hyphenator( 1324): 	at android.text.Hyphenator.loadHyphenator(Hyphenator.java:118)
06-07 11:16:05.092 E/Hyphenator( 1324): 	at android.text.Hyphenator.init(Hyphenator.java:224)
06-07 11:16:05.092 E/Hyphenator( 1324): 	at com.android.internal.os.ZygoteInit.preloadTextResources(ZygoteInit.java:252)
06-07 11:16:05.092 E/Hyphenator( 1324): 	at com.android.internal.os.ZygoteInit.preload(ZygoteInit.java:206)
06-07 11:16:05.092 E/Hyphenator( 1324): 	at com.android.internal.os.ZygoteInit.main(ZygoteInit.java:743)
06-07 11:16:05.092 E/Hyphenator( 1324): Caused by: android.system.ErrnoException: open failed: ENOENT (No such file or directory)
06-07 11:16:05.092 E/Hyphenator( 1324): 	at libcore.io.Posix.open(Native Method)
06-07 11:16:05.092 E/Hyphenator( 1324): 	at libcore.io.BlockGuardOs.open(BlockGuardOs.java:187)
06-07 11:16:05.092 E/Hyphenator( 1324): 	at libcore.io.IoBridge.open(IoBridge.java:441)
06-07 11:16:05.092 E/Hyphenator( 1324): 	... 6 more
06-07 11:16:05.094 E/Hyphenator( 1324): error loading hyphenation /system/usr/hyphen-data/hyph-bn.hyb
06-07 11:16:05.094 E/Hyphenator( 1324): java.io.FileNotFoundException: /system/usr/hyphen-data/hyph-bn.hyb: open failed: ENOENT (No such file or directory)
06-07 11:16:05.094 E/Hyphenator( 1324): 	at libcore.io.IoBridge.open(IoBridge.java:455)
06-07 11:16:05.094 E/Hyphenator( 1324): 	at java.io.RandomAccessFile.<init>(RandomAccessFile.java:247)
06-07 11:16:05.094 E/Hyphenator( 1324): 	at android.text.Hyphenator.loadHyphenator(Hyphenator.java:118)
06-07 11:16:05.094 E/Hyphenator( 1324): 	at android.text.Hyphenator.init(Hyphenator.java:224)
06-07 11:16:05.094 E/Hyphenator( 1324): 	at com.android.internal.os.ZygoteInit.preloadTextResources(ZygoteInit.java:252)
06-07 11:16:05.094 E/Hyphenator( 1324): 	at com.android.internal.os.ZygoteInit.preload(ZygoteInit.java:206)
06-07 11:16:05.094 E/Hyphenator( 1324): 	at com.android.internal.os.ZygoteInit.main(ZygoteInit.java:743)
06-07 11:16:05.094 E/Hyphenator( 1324): Caused by: android.system.ErrnoException: open failed: ENOENT (No such file or directory)
06-07 11:16:05.094 E/Hyphenator( 1324): 	at libcore.io.Posix.open(Native Method)
06-07 11:16:05.094 E/Hyphenator( 1324): 	at libcore.io.BlockGuardOs.open(BlockGuardOs.java:187)
06-07 11:16:05.094 E/Hyphenator( 1324): 	at libcore.io.IoBridge.open(IoBridge.java:441)
06-07 11:16:05.094 E/Hyphenator( 1324): 	... 6 more
06-07 11:16:05.095 E/Hyphenator( 1324): error loading hyphenation /system/usr/hyphen-data/hyph-cy.hyb
06-07 11:16:05.095 E/Hyphenator( 1324): java.io.FileNotFoundException: /system/usr/hyphen-data/hyph-cy.hyb: open failed: ENOENT (No such file or directory)
06-07 11:16:05.095 E/Hyphenator( 1324): 	at libcore.io.IoBridge.open(IoBridge.java:455)
06-07 11:16:05.095 E/Hyphenator( 1324): 	at java.io.RandomAccessFile.<init>(RandomAccessFile.java:247)
06-07 11:16:05.095 E/Hyphenator( 1324): 	at android.text.Hyphenator.loadHyphenator(Hyphenator.java:118)
06-07 11:16:05.095 E/Hyphenator( 1324): 	at android.text.Hyphenator.init(Hyphenator.java:224)
06-07 11:16:05.095 E/Hyphenator( 1324): 	at com.android.internal.os.ZygoteInit.preloadTextResources(ZygoteInit.java:252)
06-07 11:16:05.095 E/Hyphenator( 1324): 	at com.android.internal.os.ZygoteInit.preload(ZygoteInit.java:206)
06-07 11:16:05.095 E/Hyphenator( 1324): 	at com.android.internal.os.ZygoteInit.main(ZygoteInit.java:743)
06-07 11:16:05.095 E/Hyphenator( 1324): Caused by: android.system.ErrnoException: open failed: ENOENT (No such file or directory)
06-07 11:16:05.095 E/Hyphenator( 1324): 	at libcore.io.Posix.open(Native Method)
06-07 11:16:05.095 E/Hyphenator( 1324): 	at libcore.io.BlockGuardOs.open(BlockGuardOs.java:187)
06-07 11:16:05.095 E/Hyphenator( 1324): 	at libcore.io.IoBridge.open(IoBridge.java:441)
06-07 11:16:05.095 E/Hyphenator( 1324): 	... 6 more
06-07 11:16:05.097 E/Hyphenator( 1324): error loading hyphenation /system/usr/hyphen-data/hyph-da.hyb
06-07 11:16:05.097 E/Hyphenator( 1324): java.io.FileNotFoundException: /system/usr/hyphen-data/hyph-da.hyb: open failed: ENOENT (No such file or directory)
06-07 11:16:05.097 E/Hyphenator( 1324): 	at libcore.io.IoBridge.open(IoBridge.java:455)
06-07 11:16:05.097 E/Hyphenator( 1324): 	at java.io.RandomAccessFile.<init>(RandomAccessFile.java:247)
06-07 11:16:05.097 E/Hyphenator( 1324): 	at android.text.Hyphenator.loadHyphenator(Hyphenator.java:118)
06-07 11:16:05.097 E/Hyphenator( 1324): 	at android.text.Hyphenator.init(Hyphenator.java:224)
06-07 11:16:05.097 E/Hyphenator( 1324): 	at com.android.internal.os.ZygoteInit.preloadTextResources(ZygoteInit.java:252)
06-07 11:16:05.097 E/Hyphenator( 1324): 	at com.android.internal.os.ZygoteInit.preload(ZygoteInit.java:206)
06-07 11:16:05.097 E/Hyphenator( 1324): 	at com.android.internal.os.ZygoteInit.main(ZygoteInit.java:743)
06-07 11:16:05.097 E/Hyphenator( 1324): Caused by: android.system.ErrnoException: open failed: ENOENT (No such file or directory)
06-07 11:16:05.097 E/Hyphenator( 1324): 	at libcore.io.Posix.open(Native Method)
06-07 11:16:05.097 E/Hyphenator( 1324): 	at libcore.io.BlockGuardOs.open(BlockGuardOs.java:187)
06-07 11:16:05.097 E/Hyphenator( 1324): 	at libcore.io.IoBridge.open(IoBridge.java:441)
06-07 11:16:05.097 E/Hyphenator( 1324): 	... 6 more
06-07 11:16:05.098 E/Hyphenator( 1324): error loading hyphenation /system/usr/hyphen-data/hyph-de-1901.hyb
06-07 11:16:05.098 E/Hyphenator( 1324): java.io.FileNotFoundException: /system/usr/hyphen-data/hyph-de-1901.hyb: open failed: ENOENT (No such file or directory)
06-07 11:16:05.098 E/Hyphenator( 1324): 	at libcore.io.IoBridge.open(IoBridge.java:455)
06-07 11:16:05.098 E/Hyphenator( 1324): 	at java.io.RandomAccessFile.<init>(RandomAccessFile.java:247)
06-07 11:16:05.098 E/Hyphenator( 1324): 	at android.text.Hyphenator.loadHyphenator(Hyphenator.java:118)
06-07 11:16:05.098 E/Hyphenator( 1324): 	at android.text.Hyphenator.init(Hyphenator.java:224)
06-07 11:16:05.098 E/Hyphenator( 1324): 	at com.android.internal.os.ZygoteInit.preloadTextResources(ZygoteInit.java:252)
06-07 11:16:05.098 E/Hyphenator( 1324): 	at com.android.internal.os.ZygoteInit.preload(ZygoteInit.java:206)
06-07 11:16:05.098 E/Hyphenator( 1324): 	at com.android.internal.os.ZygoteInit.main(ZygoteInit.java:743)
06-07 11:16:05.098 E/Hyphenator( 1324): Caused by: android.system.ErrnoException: open failed: ENOENT (No such file or directory)
06-07 11:16:05.098 E/Hyphenator( 1324): 	at libcore.io.Posix.open(Native Method)
06-07 11:16:05.098 E/Hyphenator( 1324): 	at libcore.io.BlockGuardOs.open(BlockGuardOs.java:187)
06-07 11:16:05.098 E/Hyphenator( 1324): 	at libcore.io.IoBridge.open(IoBridge.java:441)
06-07 11:16:05.098 E/Hyphenator( 1324): 	... 6 more
06-07 11:16:05.099 E/Hyphenator( 1324): error loading hyphenation /system/usr/hyphen-data/hyph-de-1996.hyb
06-07 11:16:05.099 E/Hyphenator( 1324): java.io.FileNotFoundException: /system/usr/hyphen-data/hyph-de-1996.hyb: open failed: ENOENT (No such file or directory)
06-07 11:16:05.099 E/Hyphenator( 1324): 	at libcore.io.IoBridge.open(IoBridge.java:455)
06-07 11:16:05.099 E/Hyphenator( 1324): 	at java.io.RandomAccessFile.<init>(RandomAccessFile.java:247)
06-07 11:16:05.099 E/Hyphenator( 1324): 	at android.text.Hyphenator.loadHyphenator(Hyphenator.java:118)
06-07 11:16:05.099 E/Hyphenator( 1324): 	at android.text.Hyphenator.init(Hyphenator.java:224)
06-07 11:16:05.099 E/Hyphenator( 1324): 	at com.android.internal.os.ZygoteInit.preloadTextResources(ZygoteInit.java:252)
06-07 11:16:05.099 E/Hyphenator( 1324): 	at com.android.internal.os.ZygoteInit.preload(ZygoteInit.java:206)
06-07 11:16:05.099 E/Hyphenator( 1324): 	at com.android.internal.os.ZygoteInit.main(ZygoteInit.java:743)
06-07 11:16:05.099 E/Hyphenator( 1324): Caused by: android.system.ErrnoException: open failed: ENOENT (No such file or directory)
06-07 11:16:05.099 E/Hyphenator( 1324): 	at libcore.io.Posix.open(Native Method)
06-07 11:16:05.099 E/Hyphenator( 1324): 	at libcore.io.BlockGuardOs.open(BlockGuardOs.java:187)
06-07 11:16:05.099 E/Hyphenator( 1324): 	at libcore.io.IoBridge.open(IoBridge.java:441)
06-07 11:16:05.099 E/Hyphenator( 1324): 	... 6 more
06-07 11:16:05.193 E/Hyphenator( 1324): error loading hyphenation /system/usr/hyphen-data/hyph-de-ch-1901.hyb
06-07 11:16:05.193 E/Hyphenator( 1324): java.io.FileNotFoundException: /system/usr/hyphen-data/hyph-de-ch-1901.hyb: open failed: ENOENT (No such file or directory)
06-07 11:16:05.193 E/Hyphenator( 1324): 	at libcore.io.IoBridge.open(IoBridge.java:455)
06-07 11:16:05.193 E/Hyphenator( 1324): 	at java.io.RandomAccessFile.<init>(RandomAccessFile.java:247)
06-07 11:16:05.193 E/Hyphenator( 1324): 	at android.text.Hyphenator.loadHyphenator(Hyphenator.java:118)
06-07 11:16:05.193 E/Hyphenator( 1324): 	at android.text.Hyphenator.init(Hyphenator.java:224)
06-07 11:16:05.193 E/Hyphenator( 1324): 	at com.android.internal.os.ZygoteInit.preloadTextResources(ZygoteInit.java:252)
06-07 11:16:05.193 E/Hyphenator( 1324): 	at com.android.internal.os.ZygoteInit.preload(ZygoteInit.java:206)
06-07 11:16:05.193 E/Hyphenator( 1324): 	at com.android.internal.os.ZygoteInit.main(ZygoteInit.java:743)
06-07 11:16:05.193 E/Hyphenator( 1324): Caused by: android.system.ErrnoException: open failed: ENOENT (No such file or directory)
06-07 11:16:05.193 E/Hyphenator( 1324): 	at libcore.io.Posix.open(Native Method)
06-07 11:16:05.193 E/Hyphenator( 1324): 	at libcore.io.BlockGuardOs.open(BlockGuardOs.java:187)
06-07 11:16:05.193 E/Hyphenator( 1324): 	at libcore.io.IoBridge.open(IoBridge.java:441)
06-07 11:16:05.193 E/Hyphenator( 1324): 	... 6 more
06-07 11:16:05.194 E/Hyphenator( 1324): error loading hyphenation /system/usr/hyphen-data/hyph-en-gb.hyb
06-07 11:16:05.194 E/Hyphenator( 1324): java.io.FileNotFoundException: /system/usr/hyphen-data/hyph-en-gb.hyb: open failed: ENOENT (No such file or directory)
06-07 11:16:05.194 E/Hyphenator( 1324): 	at libcore.io.IoBridge.open(IoBridge.java:455)
06-07 11:16:05.194 E/Hyphenator( 1324): 	at java.io.RandomAccessFile.<init>(RandomAccessFile.java:247)
06-07 11:16:05.194 E/Hyphenator( 1324): 	at android.text.Hyphenator.loadHyphenator(Hyphenator.java:118)
06-07 11:16:05.194 E/Hyphenator( 1324): 	at android.text.Hyphenator.init(Hyphenator.java:224)
06-07 11:16:05.194 E/Hyphenator( 1324): 	at com.android.internal.os.ZygoteInit.preloadTextResources(ZygoteInit.java:252)
06-07 11:16:05.194 E/Hyphenator( 1324): 	at com.android.internal.os.ZygoteInit.preload(ZygoteInit.java:206)
06-07 11:16:05.194 E/Hyphenator( 1324): 	at com.android.internal.os.ZygoteInit.main(ZygoteInit.java:743)
06-07 11:16:05.194 E/Hyphenator( 1324): Caused by: android.system.ErrnoException: open failed: ENOENT (No such file or directory)
06-07 11:16:05.194 E/Hyphenator( 1324): 	at libcore.io.Posix.open(Native Method)
06-07 11:16:05.194 E/Hyphenator( 1324): 	at libcore.io.BlockGuardOs.open(BlockGuardOs.java:187)
06-07 11:16:05.194 E/Hyphenator( 1324): 	at libcore.io.IoBridge.open(IoBridge.java:441)
06-07 11:16:05.194 E/Hyphenator( 1324): 	... 6 more
06-07 11:16:05.195 E/Hyphenator( 1324): error loading hyphenation /system/usr/hyphen-data/hyph-en-us.hyb
06-07 11:16:05.195 E/Hyphenator( 1324): java.io.FileNotFoundException: /system/usr/hyphen-data/hyph-en-us.hyb: open failed: ENOENT (No such file or directory)
06-07 11:16:05.195 E/Hyphenator( 1324): 	at libcore.io.IoBridge.open(IoBridge.java:455)
06-07 11:16:05.195 E/Hyphenator( 1324): 	at java.io.RandomAccessFile.<init>(RandomAccessFile.java:247)
06-07 11:16:05.195 E/Hyphenator( 1324): 	at android.text.Hyphenator.loadHyphenator(Hyphenator.java:118)
06-07 11:16:05.195 E/Hyphenator( 1324): 	at android.text.Hyphenator.init(Hyphenator.java:224)
06-07 11:16:05.195 E/Hyphenator( 1324): 	at com.android.internal.os.ZygoteInit.preloadTextResources(ZygoteInit.java:252)
06-07 11:16:05.195 E/Hyphenator( 1324): 	at com.android.internal.os.ZygoteInit.preload(ZygoteInit.java:206)
06-07 11:16:05.195 E/Hyphenator( 1324): 	at com.android.internal.os.ZygoteInit.main(ZygoteInit.java:743)
06-07 11:16:05.195 E/Hyphenator( 1324): Caused by: android.system.ErrnoException: open failed: ENOENT (No such file or directory)
06-07 11:16:05.195 E/Hyphenator( 1324): 	at libcore.io.Posix.open(Native Method)
06-07 11:16:05.195 E/Hyphenator( 1324): 	at libcore.io.BlockGuardOs.open(BlockGuardOs.java:187)
06-07 11:16:05.195 E/Hyphenator( 1324): 	at libcore.io.IoBridge.open(IoBridge.java:441)
06-07 11:16:05.195 E/Hyphenator( 1324): 	... 6 more
06-07 11:16:05.197 E/Hyphenator( 1324): error loading hyphenation /system/usr/hyphen-data/hyph-es.hyb
06-07 11:16:05.197 E/Hyphenator( 1324): java.io.FileNotFoundException: /system/usr/hyphen-data/hyph-es.hyb: open failed: ENOENT (No such file or directory)
06-07 11:16:05.197 E/Hyphenator( 1324): 	at libcore.io.IoBridge.open(IoBridge.java:455)
06-07 11:16:05.197 E/Hyphenator( 1324): 	at java.io.RandomAccessFile.<init>(RandomAccessFile.java:247)
06-07 11:16:05.197 E/Hyphenator( 1324): 	at android.text.Hyphenator.loadHyphenator(Hyphenator.java:118)
06-07 11:16:05.197 E/Hyphenator( 1324): 	at android.text.Hyphenator.init(Hyphenator.java:224)
06-07 11:16:05.197 E/Hyphenator( 1324): 	at com.android.internal.os.ZygoteInit.preloadTextResources(ZygoteInit.java:252)
06-07 11:16:05.197 E/Hyphenator( 1324): 	at com.android.internal.os.ZygoteInit.preload(ZygoteInit.java:206)
06-07 11:16:05.197 E/Hyphenator( 1324): 	at com.android.internal.os.ZygoteInit.main(ZygoteInit.java:743)
06-07 11:16:05.197 E/Hyphenator( 1324): Caused by: android.system.ErrnoException: open failed: ENOENT (No such file or directory)
06-07 11:16:05.197 E/Hyphenator( 1324): 	at libcore.io.Posix.open(Native Method)
06-07 11:16:05.197 E/Hyphenator( 1324): 	at libcore.io.BlockGuardOs.open(BlockGuardOs.java:187)
06-07 11:16:05.197 E/Hyphenator( 1324): 	at libcore.io.IoBridge.open(IoBridge.java:441)
06-07 11:16:05.197 E/Hyphenator( 1324): 	... 6 more
06-07 11:16:05.198 E/Hyphenator( 1324): error loading hyphenation /system/usr/hyphen-data/hyph-et.hyb
06-07 11:16:05.198 E/Hyphenator( 1324): java.io.FileNotFoundException: /system/usr/hyphen-data/hyph-et.hyb: open failed: ENOENT (No such file or directory)
06-07 11:16:05.198 E/Hyphenator( 1324): 	at libcore.io.IoBridge.open(IoBridge.java:455)
06-07 11:16:05.198 E/Hyphenator( 1324): 	at java.io.RandomAccessFile.<init>(RandomAccessFile.java:247)
06-07 11:16:05.198 E/Hyphenator( 1324): 	at android.text.Hyphenator.loadHyphenator(Hyphenator.java:118)
06-07 11:16:05.198 E/Hyphenator( 1324): 	at android.text.Hyphenator.init(Hyphenator.java:224)
06-07 11:16:05.198 E/Hyphenator( 1324): 	at com.android.internal.os.ZygoteInit.preloadTextResources(ZygoteInit.java:252)
06-07 11:16:05.198 E/Hyphenator( 1324): 	at com.android.internal.os.ZygoteInit.preload(ZygoteInit.java:206)
06-07 11:16:05.198 E/Hyphenator( 1324): 	at com.android.internal.os.ZygoteInit.main(ZygoteInit.java:743)
06-07 11:16:05.198 E/Hyphenator( 1324): Caused by: android.system.ErrnoException: open failed: ENOENT (No such file or directory)
06-07 11:16:05.198 E/Hyphenator( 1324): 	at libcore.io.Posix.open(Native Method)
06-07 11:16:05.198 E/Hyphenator( 1324): 	at libcore.io.BlockGuardOs.open(BlockGuardOs.java:187)
06-07 11:16:05.198 E/Hyphenator( 1324): 	at libcore.io.IoBridge.open(IoBridge.java:441)
06-07 11:16:05.198 E/Hyphenator( 1324): 	... 6 more
06-07 11:16:05.200 E/Hyphenator( 1324): error loading hyphenation /system/usr/hyphen-data/hyph-eu.hyb
06-07 11:16:05.200 E/Hyphenator( 1324): java.io.FileNotFoundException: /system/usr/hyphen-data/hyph-eu.hyb: open failed: ENOENT (No such file or directory)
06-07 11:16:05.200 E/Hyphenator( 1324): 	at libcore.io.IoBridge.open(IoBridge.java:455)
06-07 11:16:05.200 E/Hyphenator( 1324): 	at java.io.RandomAccessFile.<init>(RandomAccessFile.java:247)
06-07 11:16:05.200 E/Hyphenator( 1324): 	at android.text.Hyphenator.loadHyphenator(Hyphenator.java:118)
06-07 11:16:05.200 E/Hyphenator( 1324): 	at android.text.Hyphenator.init(Hyphenator.java:224)
06-07 11:16:05.200 E/Hyphenator( 1324): 	at com.android.internal.os.ZygoteInit.preloadTextResources(ZygoteInit.java:252)
06-07 11:16:05.200 E/Hyphenator( 1324): 	at com.android.internal.os.ZygoteInit.preload(ZygoteInit.java:206)
06-07 11:16:05.200 E/Hyphenator( 1324): 	at com.android.internal.os.ZygoteInit.main(ZygoteInit.java:743)
06-07 11:16:05.200 E/Hyphenator( 1324): Caused by: android.system.ErrnoException: open failed: ENOENT (No such file or directory)
06-07 11:16:05.200 E/Hyphenator( 1324): 	at libcore.io.Posix.open(Native Method)
06-07 11:16:05.200 E/Hyphenator( 1324): 	at libcore.io.BlockGuardOs.open(BlockGuardOs.java:187)
06-07 11:16:05.200 E/Hyphenator( 1324): 	at libcore.io.IoBridge.open(IoBridge.java:441)
06-07 11:16:05.200 E/Hyphenator( 1324): 	... 6 more
06-07 11:16:05.252 E/Hyphenator( 1324): error loading hyphenation /system/usr/hyphen-data/hyph-fr.hyb
06-07 11:16:05.252 E/Hyphenator( 1324): java.io.FileNotFoundException: /system/usr/hyphen-data/hyph-fr.hyb: open failed: ENOENT (No such file or directory)
06-07 11:16:05.252 E/Hyphenator( 1324): 	at libcore.io.IoBridge.open(IoBridge.java:455)
06-07 11:16:05.252 E/Hyphenator( 1324): 	at java.io.RandomAccessFile.<init>(RandomAccessFile.java:247)
06-07 11:16:05.252 E/Hyphenator( 1324): 	at android.text.Hyphenator.loadHyphenator(Hyphenator.java:118)
06-07 11:16:05.252 E/Hyphenator( 1324): 	at android.text.Hyphenator.init(Hyphenator.java:224)
06-07 11:16:05.252 E/Hyphenator( 1324): 	at com.android.internal.os.ZygoteInit.preloadTextResources(ZygoteInit.java:252)
06-07 11:16:05.252 E/Hyphenator( 1324): 	at com.android.internal.os.ZygoteInit.preload(ZygoteInit.java:206)
06-07 11:16:05.252 E/Hyphenator( 1324): 	at com.android.internal.os.ZygoteInit.main(ZygoteInit.java:743)
06-07 11:16:05.252 E/Hyphenator( 1324): Caused by: android.system.ErrnoException: open failed: ENOENT (No such file or directory)
06-07 11:16:05.252 E/Hyphenator( 1324): 	at libcore.io.Posix.open(Native Method)
06-07 11:16:05.252 E/Hyphenator( 1324): 	at libcore.io.BlockGuardOs.open(BlockGuardOs.java:187)
06-07 11:16:05.252 E/Hyphenator( 1324): 	at libcore.io.IoBridge.open(IoBridge.java:441)
06-07 11:16:05.252 E/Hyphenator( 1324): 	... 6 more
06-07 11:16:05.253 E/Hyphenator( 1324): error loading hyphenation /system/usr/hyphen-data/hyph-ga.hyb
06-07 11:16:05.253 E/Hyphenator( 1324): java.io.FileNotFoundException: /system/usr/hyphen-data/hyph-ga.hyb: open failed: ENOENT (No such file or directory)
06-07 11:16:05.253 E/Hyphenator( 1324): 	at libcore.io.IoBridge.open(IoBridge.java:455)
06-07 11:16:05.253 E/Hyphenator( 1324): 	at java.io.RandomAccessFile.<init>(RandomAccessFile.java:247)
06-07 11:16:05.253 E/Hyphenator( 1324): 	at android.text.Hyphenator.loadHyphenator(Hyphenator.java:118)
06-07 11:16:05.253 E/Hyphenator( 1324): 	at android.text.Hyphenator.init(Hyphenator.java:224)
06-07 11:16:05.253 E/Hyphenator( 1324): 	at com.android.internal.os.ZygoteInit.preloadTextResources(ZygoteInit.java:252)
06-07 11:16:05.253 E/Hyphenator( 1324): 	at com.android.internal.os.ZygoteInit.preload(ZygoteInit.java:206)
06-07 11:16:05.253 E/Hyphenator( 1324): 	at com.android.internal.os.ZygoteInit.main(ZygoteInit.java:743)
06-07 11:16:05.253 E/Hyphenator( 1324): Caused by: android.system.ErrnoException: open failed: ENOENT (No such file or directory)
06-07 11:16:05.253 E/Hyphenator( 1324): 	at libcore.io.Posix.open(Native Method)
06-07 11:16:05.253 E/Hyphenator( 1324): 	at libcore.io.BlockGuardOs.open(BlockGuardOs.java:187)
06-07 11:16:05.253 E/Hyphenator( 1324): 	at libcore.io.IoBridge.open(IoBridge.java:441)
06-07 11:16:05.253 E/Hyphenator( 1324): 	... 6 more
06-07 11:16:05.254 E/Hyphenator( 1324): error loading hyphenation /system/usr/hyphen-data/hyph-gu.hyb
06-07 11:16:05.254 E/Hyphenator( 1324): java.io.FileNotFoundException: /system/usr/hyphen-data/hyph-gu.hyb: open failed: ENOENT (No such file or directory)
06-07 11:16:05.254 E/Hyphenator( 1324): 	at libcore.io.IoBridge.open(IoBridge.java:455)
06-07 11:16:05.254 E/Hyphenator( 1324): 	at java.io.RandomAccessFile.<init>(RandomAccessFile.java:247)
06-07 11:16:05.254 E/Hyphenator( 1324): 	at android.text.Hyphenator.loadHyphenator(Hyphenator.java:118)
06-07 11:16:05.254 E/Hyphenator( 1324): 	at android.text.Hyphenator.init(Hyphenator.java:224)
06-07 11:16:05.254 E/Hyphenator( 1324): 	at com.android.internal.os.ZygoteInit.preloadTextResources(ZygoteInit.java:252)
06-07 11:16:05.254 E/Hyphenator( 1324): 	at com.android.internal.os.ZygoteInit.preload(ZygoteInit.java:206)
06-07 11:16:05.254 E/Hyphenator( 1324): 	at com.android.internal.os.ZygoteInit.main(ZygoteInit.java:743)
06-07 11:16:05.254 E/Hyphenator( 1324): Caused by: android.system.ErrnoException: open failed: ENOENT (No such file or directory)
06-07 11:16:05.254 E/Hyphenator( 1324): 	at libcore.io.Posix.open(Native Method)
06-07 11:16:05.254 E/Hyphenator( 1324): 	at libcore.io.BlockGuardOs.open(BlockGuardOs.java:187)
06-07 11:16:05.254 E/Hyphenator( 1324): 	at libcore.io.IoBridge.open(IoBridge.java:441)
06-07 11:16:05.254 E/Hyphenator( 1324): 	... 6 more
06-07 11:16:05.256 E/Hyphenator( 1324): error loading hyphenation /system/usr/hyphen-data/hyph-hi.hyb
06-07 11:16:05.256 E/Hyphenator( 1324): java.io.FileNotFoundException: /system/usr/hyphen-data/hyph-hi.hyb: open failed: ENOENT (No such file or directory)
06-07 11:16:05.256 E/Hyphenator( 1324): 	at libcore.io.IoBridge.open(IoBridge.java:455)
06-07 11:16:05.256 E/Hyphenator( 1324): 	at java.io.RandomAccessFile.<init>(RandomAccessFile.java:247)
06-07 11:16:05.256 E/Hyphenator( 1324): 	at android.text.Hyphenator.loadHyphenator(Hyphenator.java:118)
06-07 11:16:05.256 E/Hyphenator( 1324): 	at android.text.Hyphenator.init(Hyphenator.java:224)
06-07 11:16:05.256 E/Hyphenator( 1324): 	at com.android.internal.os.ZygoteInit.preloadTextResources(ZygoteInit.java:252)
