05-08 11:52:17.414 I/MediaPlayerService( 1333): MediaPlayerService::getOMX
05-08 11:52:17.418 I/OMXClient( 2405): MuxOMX ctor
05-08 11:52:17.433 I/OMXMaster( 1330): makeComponentInstance(OMX.google.vorbis.decoder) in mediacodec process
05-08 11:52:17.943 W/art     ( 1667): Long monitor contention with owner main (1667) at android.content.pm.ParceledListSlice com.android.server.pm.PackageManagerService.getInstalledPackages(int, int)(PackageManagerService.java:6173) waiters=1 in boolean com.android.server.pm.PackageManagerService.hasSystemFeature(java.lang.String, int) for 1.005s
05-08 11:52:17.945 W/art     ( 1667): Long monitor contention with owner Binder:1667_9 (2403) at android.content.res.Configuration com.android.server.wm.WindowManagerService.updateOrientationFromAppTokens(android.content.res.Configuration, android.os.IBinder)(WindowManagerService.java:3789) waiters=0 in void com.android.server.wm.WindowAnimator$1.doFrame(long) for 991ms
05-08 11:52:18.780 W/art     ( 1667): Long monitor contention with owner main (1667) at android.content.pm.ParceledListSlice com.android.server.pm.PackageManagerService.getInstalledPackages(int, int)(PackageManagerService.java:6173) waiters=0 in java.util.List com.android.server.pm.PackageManagerService.queryIntentActivitiesInternal(android.content.Intent, java.lang.String, int, int) for 609ms
05-08 11:52:18.879 W/art     ( 1667): Suspending all threads took: 9.411ms
05-08 11:52:19.158 I/InputAttributes( 1958): InputType.TYPE_NULL is specified
05-08 11:52:19.284 I/art     ( 1667): Background partial concurrent mark sweep GC freed 53592(3MB) AllocSpace objects, 7(312KB) LOS objects, 28% free, 9MB/13MB, paused 17.584ms total 6.893s
05-08 11:52:19.595 W/art     ( 1667): Long monitor contention with owner android.display (1748) at void com.android.server.wm.WindowAnimator$1.doFrame(long)(WindowAnimator.java:144) waiters=0 in void com.android.server.wm.WindowManagerService.executeAppTransition() for 102ms
05-08 11:52:19.723 V/KeyValueBackupJob( 1667): Scheduling k/v pass in 249 minutes
05-08 11:52:19.819 W/art     ( 1667): Long monitor contention with owner Binder:1667_2 (1709) at void com.android.server.am.ActivityManagerService.activityPaused(android.os.IBinder)(ActivityManagerService.java:6916) waiters=1 in void com.android.server.am.ActivityManagerService.monitor() for 5.230s
05-08 11:52:19.820 W/art     ( 1667): Long monitor contention with owner Binder:1667_2 (1709) at void com.android.server.am.ActivityManagerService.activityPaused(android.os.IBinder)(ActivityManagerService.java:6916) waiters=2 in void com.android.server.am.ActivityManagerService$MainHandler.handleMessage(android.os.Message) for 5.200s
05-08 11:52:19.837 W/art     ( 1667): Long monitor contention with owner Binder:1667_2 (1709) at void com.android.server.am.ActivityManagerService.activityPaused(android.os.IBinder)(ActivityManagerService.java:6916) waiters=3 in void com.android.server.am.ActivityManagerService.dispatchUidsChanged() for 5.103s
05-08 11:52:19.843 W/art     ( 1667): Long monitor contention with owner Binder:1667_9 (2403) at void com.android.server.am.ActivityManagerService.attachApplication(android.app.IApplicationThread)(ActivityManagerService.java:6669) waiters=6 in com.android.server.am.ProcessRecord com.android.server.am.ActivityManagerService.findAppProcess(android.os.IBinder, java.lang.String) for 3.107s
05-08 11:52:19.854 W/art     ( 1667): Long monitor contention with owner Binder:1667_9 (2403) at void com.android.server.am.ActivityManagerService.attachApplication(android.app.IApplicationThread)(ActivityManagerService.java:6669) waiters=5 in boolean com.android.server.am.ActivityManagerService.isUserRunning(int, int) for 4.015s
05-08 11:52:19.855 W/art     ( 1667): Long monitor contention with owner Binder:1667_9 (2403) at void com.android.server.am.ActivityManagerService.attachApplication(android.app.IApplicationThread)(ActivityManagerService.java:6669) waiters=5 in java.lang.String com.android.server.am.ActivityManagerService.checkContentProviderAccess(java.lang.String, int) for 4.137s
05-08 11:52:19.856 W/art     ( 1667): Long monitor contention with owner Binder:1667_9 (2403) at void com.android.server.am.ActivityManagerService.attachApplication(android.app.IApplicationThread)(ActivityManagerService.java:6669) waiters=4 in java.lang.String com.android.server.am.ActivityManagerService.checkContentProviderAccess(java.lang.String, int) for 4.148s
05-08 11:52:20.097 W/art     ( 1667): Long monitor contention with owner Binder:1667_9 (2403) at void com.android.server.am.ActivityManagerService.attachApplication(android.app.IApplicationThread)(ActivityManagerService.java:6669) waiters=7 in boolean com.android.server.am.ActivityManagerService.isUserRunning(int, int) for 460ms
05-08 11:52:20.157 W/System  ( 2473): ClassLoader referenced unknown path: /system/app/Launcher3/lib/x86_64
05-08 11:52:20.522 D/LauncherProvider( 2473): Launcher process started
05-08 11:52:20.641 W/ActivityManager( 1667): Slow operation: 261ms so far, now at startProcess: returned from zygote!
05-08 11:52:20.642 W/ActivityManager( 1667): Slow operation: 261ms so far, now at startProcess: done updating battery stats
05-08 11:52:20.643 W/ActivityManager( 1667): Slow operation: 262ms so far, now at startProcess: building log message
05-08 11:52:20.643 I/ActivityManager( 1667): Start proc 2520:com.android.printspooler/u0a51 for service com.android.printspooler/.model.PrintSpoolerService
05-08 11:52:20.643 W/ActivityManager( 1667): Slow operation: 263ms so far, now at startProcess: starting to update pids map
05-08 11:52:20.643 W/ActivityManager( 1667): Slow operation: 263ms so far, now at startProcess: done updating pids map
05-08 11:52:20.643 W/ActivityManager( 1667): Slow operation: 264ms so far, now at startProcess: done starting proc!
05-08 11:52:20.693 W/art     ( 2520): Unexpected CPU variant for X86 using defaults: x86_64
05-08 11:52:20.876 W/art     ( 1667): Long monitor contention with owner android.display (1748) at void com.android.server.wm.WindowAnimator$1.doFrame(long)(WindowAnimator.java:144) waiters=1 in float com.android.server.wm.WindowManagerService.getCurrentAnimatorScale() for 191ms
05-08 11:52:20.924 W/art     ( 1667): Long monitor contention with owner Binder:1667_7 (2233) at com.android.server.am.ProcessRecord com.android.server.am.ActivityManagerService.findAppProcess(android.os.IBinder, java.lang.String)(ActivityManagerService.java:13717) waiters=5 in boolean com.android.server.am.ActivityManagerService.isUserRunning(int, int) for 1.069s
05-08 11:52:21.032 V/Launcher( 2473): LauncherAppState inited
05-08 11:52:21.056 I/AlarmClock( 2368): AlarmInitReceiver android.intent.action.TIME_SET
05-08 11:52:21.156 I/Choreographer( 2208): Skipped 55 frames!  The application may be doing too much work on its main thread.
05-08 11:52:21.397 W/ActivityManager( 1667): Slow operation: 152ms so far, now at startProcess: returned from zygote!
05-08 11:52:21.398 W/ActivityManager( 1667): Slow operation: 152ms so far, now at startProcess: done updating battery stats
05-08 11:52:21.398 W/ActivityManager( 1667): Slow operation: 153ms so far, now at startProcess: building log message
05-08 11:52:21.398 I/ActivityManager( 1667): Start proc 2538:com.android.keychain/1000 for service com.android.keychain/.KeyChainService
05-08 11:52:21.398 W/ActivityManager( 1667): Slow operation: 153ms so far, now at startProcess: starting to update pids map
05-08 11:52:21.398 W/ActivityManager( 1667): Slow operation: 153ms so far, now at startProcess: done updating pids map
05-08 11:52:21.399 W/ActivityManager( 1667): Slow operation: 154ms so far, now at startProcess: done starting proc!
05-08 11:52:21.421 W/art     ( 2538): Unexpected CPU variant for X86 using defaults: x86_64
05-08 11:52:21.555 I/vol.Events( 2405): writeEvent collection_started
05-08 11:52:21.814 I/vol.Events( 2405): writeEvent external_ringer_mode_changed normal
05-08 11:52:21.815 I/vol.Events( 2405): writeEvent internal_ringer_mode_changed normal
05-08 11:52:21.837 W/System  ( 2538): ClassLoader referenced unknown path: /system/app/KeyChain/lib/x86_64
05-08 11:52:21.922 I/LatinIME( 1958): Timeout waiting for dictionary load
05-08 11:52:22.045 W/art     ( 1667): Long monitor contention with owner Binder:1667_9 (2403) at void com.android.server.am.ActivityManagerService.attachApplication(android.app.IApplicationThread)(ActivityManagerService.java:6669) waiters=8 in int com.android.server.am.ActivityManagerService.getAppStartMode(int, java.lang.String) for 2.319s
05-08 11:52:23.678 I/vol.Events( 2405): writeEvent level_changed STREAM_ALARM 6
05-08 11:52:23.725 I/vol.Events( 2405): writeEvent level_changed STREAM_BLUETOOTH_SCO 7
05-08 11:52:23.797 I/vol.Events( 2405): writeEvent level_changed STREAM_MUSIC 11
05-08 11:52:23.839 I/vol.Events( 2405): writeEvent level_changed STREAM_RING 5
05-08 11:52:23.893 I/vol.Events( 2405): writeEvent level_changed STREAM_SYSTEM 5
05-08 11:52:24.000 I/vol.Events( 2405): writeEvent level_changed STREAM_VOICE_CALL 4
05-08 11:52:24.469 W/art     ( 1667): Long monitor contention with owner backup (2446) at boolean android.os.MessageQueue.enqueueMessage(android.os.Message, long)(MessageQueue.java:541) waiters=0 in android.os.Message android.os.MessageQueue.next() for 528ms
05-08 11:52:24.504 W/art     ( 1667): Long monitor contention with owner Binder:1667_2 (1709) at android.content.pm.ParceledListSlice com.android.server.pm.PackageManagerService.getInstalledPackages(int, int)(PackageManagerService.java:6173) waiters=0 in int com.android.server.pm.PackageManagerService.checkUidPermission(java.lang.String, int) for 293ms
05-08 11:52:24.520 W/ActivityManager( 1667): Launch timeout has expired, giving up wake lock!
05-08 11:52:24.661 W/art     ( 1667): Long monitor contention with owner Binder:1667_1 (1708) at int com.android.server.wm.WindowManagerService.relayoutWindow(com.android.server.wm.Session, android.view.IWindow, int, android.view.WindowManager$LayoutParams, int, int, int, int, android.graphics.Rect, android.graphics.Rect, android.graphics.Rect, android.graphics.Rect, android.graphics.Rect, android.graphics.Rect, android.graphics.Rect, android.content.res.Configuration, android.view.Surface)(WindowManagerService.java:2857) waiters=0 in void com.android.server.wm.WindowManagerService$H.handleMessage(android.os.Message) for 186ms
05-08 11:52:24.958 I/Choreographer( 2473): Skipped 56 frames!  The application may be doing too much work on its main thread.
05-08 11:52:25.099 D/gralloc_ranchu( 2473): Emulator without host-side GPU emulation detected. Loading gralloc.default.so from /vendor/lib64/hw/gralloc.goldfish.default.so...
05-08 11:52:25.117 D/gralloc_ranchu( 2473): gralloc.default.so not found in /vendor. Trying /system/lib64/hw/gralloc.goldfish.default.so...
05-08 11:52:25.154 V/GridSizeMigrationTask( 2473): Workspace migration completed in 962
05-08 11:52:25.192 W/ActivityManager( 1667): Timeout executing service: ServiceRecord{fae0f77 u0 com.android.systemui/.keyguard.KeyguardService}
05-08 11:52:25.262 D/Launcher.Model( 2473): loadWorkspace: loading default favorites
05-08 11:52:25.429 I/ActivityManager( 1667): Displayed com.android.launcher3/.Launcher: +10s766ms
05-08 11:52:25.464 D/StorageNotification( 2405): Notifying about private volume: VolumeInfo{private}:
05-08 11:52:25.464 D/StorageNotification( 2405):     type=PRIVATE diskId=null partGuid=null mountFlags=0 mountUserId=-1 
05-08 11:52:25.464 D/StorageNotification( 2405):     state=MOUNTED 
05-08 11:52:25.464 D/StorageNotification( 2405):     fsType=null fsUuid=null fsLabel=null 
05-08 11:52:25.464 D/StorageNotification( 2405):     path=/data internalPath=null 
05-08 11:52:25.469 D/StorageNotification( 2405): Notifying about public volume: VolumeInfo{public:253,48}:
05-08 11:52:25.469 D/StorageNotification( 2405):     type=PUBLIC diskId=disk:253,48 partGuid=null mountFlags=VISIBLE 
05-08 11:52:25.469 D/StorageNotification( 2405):     mountUserId=0 state=MOUNTED 
05-08 11:52:25.469 D/StorageNotification( 2405):     fsType=vfat fsUuid=1EFF-1C1B fsLabel=SDCARD 
05-08 11:52:25.469 D/StorageNotification( 2405):     path=/storage/1EFF-1C1B internalPath=/mnt/media_rw/1EFF-1C1B 
05-08 11:52:25.847 I/Process ( 1667): Sending signal. PID: 2405 SIG: 3
05-08 11:52:25.849 I/art     ( 2405): Thread[3,tid=2413,WaitingInMainSignalCatcherLoop,Thread*=0x73c568496400,peer=0x12c1f550,"Signal Catcher"]: reacting to signal 3
05-08 11:52:25.849 I/art     ( 2405): 
05-08 11:52:26.028 V/KeyguardServiceDelegate( 1667): *** Keyguard connected (yay!)
05-08 11:52:26.316 D/LockSettings( 1667): Removing dead StrongAuthTracker.
05-08 11:52:26.793 I/art     ( 2405): Wrote stack traces to '/data/anr/traces.txt'
05-08 11:52:26.870 E/ActivityManager( 1667): ANR in com.android.systemui
05-08 11:52:26.870 E/ActivityManager( 1667): PID: 2405
05-08 11:52:26.870 E/ActivityManager( 1667): Reason: executing service com.android.systemui/.keyguard.KeyguardService
05-08 11:52:26.870 E/ActivityManager( 1667): Load: 0.0 / 0.0 / 0.0
05-08 11:52:26.870 E/ActivityManager( 1667): CPU usage from 28722ms to 0ms ago (2021-05-08 11:51:56.477 to 2021-05-08 11:52:25.198):
05-08 11:52:26.870 E/ActivityManager( 1667):   90% 1320/surfaceflinger: 29% user + 60% kernel / faults: 2042 minor
05-08 11:52:26.870 E/ActivityManager( 1667):   30% 1667/system_server: 5.9% user + 24% kernel / faults: 6067 minor 114 major
05-08 11:52:26.870 E/ActivityManager( 1667):   11% 2208/com.android.settings: 2.5% user + 8.7% kernel / faults: 44 minor
05-08 11:52:26.870 E/ActivityManager( 1667):   1.8% 1330/media.codec: 0% user + 1.8% kernel / faults: 1796 minor
05-08 11:52:26.870 E/ActivityManager( 1667):   0.7% 1328/installd: 0% user + 0.7% kernel / faults: 1 minor
05-08 11:52:26.870 E/ActivityManager( 1667):   1.9% 8/rcu_preempt: 0% user + 1.9% kernel
05-08 11:52:26.870 E/ActivityManager( 1667):   1.5% 2368/com.android.deskclock: 0.3% user + 1.2% kernel / faults: 2531 minor 29 major
05-08 11:52:26.870 E/ActivityManager( 1667):   1% 1322/adbd: 0% user + 1% kernel / faults: 919 minor
05-08 11:52:26.870 E/ActivityManager( 1667):   0.9% 1323/zygote64: 0% user + 0.9% kernel / faults: 742 minor
05-08 11:52:26.870 E/ActivityManager( 1667):   0.6% 1332/media.extractor: 0% user + 0.6% kernel / faults: 41 minor
05-08 11:52:26.870 E/ActivityManager( 1667):   0.6% 2190/com.android.phone: 0% user + 0.6% kernel / faults: 193 minor
05-08 11:52:26.870 E/ActivityManager( 1667):   0.4% 1254/kworker/0:1H: 0% user + 0.4% kernel
05-08 11:52:26.870 E/ActivityManager( 1667):   0.4% 1319/servicemanager: 0% user + 0.4% kernel
05-08 11:52:26.870 E/ActivityManager( 1667):   0.4% 3/ksoftirqd/0: 0% user + 0.4% kernel
05-08 11:52:26.870 E/ActivityManager( 1667):   0.4% 1342/logcat: 0% user + 0.4% kernel / faults: 4 minor
05-08 11:52:26.870 E/ActivityManager( 1667):   0.4% 1266/logd: 0% user + 0.4% kernel / faults: 21 minor
05-08 11:52:26.870 E/ActivityManager( 1667):   0.1% 1334/netd: 0% user + 0.1% kernel / faults: 113 minor
05-08 11:52:26.870 E/ActivityManager( 1667):   0.3% 1333/mediaserver: 0% user + 0.3% kernel
05-08 11:52:26.870 E/ActivityManager( 1667):   0.1% 1958/com.android.inputmethod.latin: 0.1% user + 0% kernel / faults: 38 minor
05-08 11:52:26.870 E/ActivityManager( 1667):   0.1% 12/ksoftirqd/1: 0% user + 0.1% kernel
05-08 11:52:26.870 E/ActivityManager( 1667):   0.1% 1264/jbd2/vdc-8: 0% user + 0.1% kernel
05-08 11:52:26.870 E/ActivityManager( 1667):   0.1% 1325/audioserver: 0% user + 0.1% kernel
05-08 11:52:26.870 E/ActivityManager( 1667):   0.1% 17/kworker/u4:1: 0% user + 0.1% kernel
05-08 11:52:26.870 E/ActivityManager( 1667):   0.1% 809/kworker/1:2: 0% user + 0.1% kernel
05-08 11:52:26.870 E/ActivityManager( 1667):   0% 1276/vold: 0% user + 0% kernel / faults: 13 minor
05-08 11:52:26.870 E/ActivityManager( 1667):   0% 1318/lmkd: 0% user + 0% kernel
05-08 11:52:26.870 E/ActivityManager( 1667):   0% 1//init: 0% user + 0% kernel / faults: 1 minor
05-08 11:52:26.870 E/ActivityManager( 1667):   0% 1326/cameraserver: 0% user + 0% kernel
05-08 11:52:26.870 E/ActivityManager( 1667):   0% 1329/keystore: 0% user + 0% kernel
05-08 11:52:26.870 E/ActivityManager( 1667):   0% 1514/hostapd: 0% user + 0% kernel
05-08 11:52:26.870 E/ActivityManager( 1667):  +0% 2405/com.android.systemui: 0% user + 0% kernel
05-08 11:52:26.870 E/ActivityManager( 1667):  +0% 2421/android.ext.services: 0% user + 0% kernel
05-08 11:52:26.870 E/ActivityManager( 1667):  +0% 2473/com.android.launcher3: 0% user + 0% kernel
05-08 11:52:26.870 E/ActivityManager( 1667):  +0% 2520/com.android.printspooler: 0% user + 0% kernel
05-08 11:52:26.870 E/ActivityManager( 1667):  +0% 2538/com.android.keychain: 0% user + 0% kernel
05-08 11:52:26.870 E/ActivityManager( 1667):  +0% 2568/sh: 0% user + 0% kernel
05-08 11:52:26.870 E/ActivityManager( 1667):  +0% 2571/sh: 0% user + 0% kernel
05-08 11:52:26.870 E/ActivityManager( 1667):  +0% 2574/ip: 0% user + 0% kernel
05-08 11:52:26.870 E/ActivityManager( 1667): 99% TOTAL: 25% user + 72% kernel + 1.2% softirq
05-08 11:52:26.870 E/ActivityManager( 1667): CPU usage from 224106ms to 224106ms ago (1970-01-01 00:00:00.000 to 1970-01-01 00:00:00.000) with 0% awake:
05-08 11:52:26.870 E/ActivityManager( 1667): 0% TOTAL: 0% user + 0% kernel
05-08 11:52:26.927 W/art     ( 1667): Long monitor contention with owner Binder:1667_7 (2233) at void com.android.server.am.ActivityManagerService.activityDestroyed(android.os.IBinder)(ActivityManagerService.java:6952) waiters=0 in boolean com.android.server.am.ActivityManagerService.isUserRunning(int, int) for 462ms
05-08 11:52:26.933 W/art     ( 1667): Long monitor contention with owner Binder:1667_7 (2233) at void com.android.server.am.ActivityManagerService.activityDestroyed(android.os.IBinder)(ActivityManagerService.java:6952) waiters=1 in int com.android.server.am.ActivityManagerService.broadcastIntent(android.app.IApplicationThread, android.content.Intent, java.lang.String, android.content.IIntentReceiver, int, java.lang.String, android.os.Bundle, java.lang.String[], int, android.os.Bundle, boolean, boolean, int) for 464ms
05-08 11:52:26.953 W/art     ( 1667): Long monitor contention with owner Binder:1667_7 (2233) at void com.android.server.am.ActivityManagerService.activityDestroyed(android.os.IBinder)(ActivityManagerService.java:6952) waiters=2 in java.lang.String com.android.server.am.ActivityManagerService.checkContentProviderAccess(java.lang.String, int) for 433ms
05-08 11:52:27.302 W/art     ( 1667): Long monitor contention with owner Binder:1667_7 (2233) at void com.android.server.am.ActivityManagerService.activityDestroyed(android.os.IBinder)(ActivityManagerService.java:6952) waiters=4 in void com.android.server.am.ActivityManagerService.publishService(android.os.IBinder, android.content.Intent, android.os.IBinder) for 646ms
05-08 11:52:27.325 W/art     ( 1667): Long monitor contention with owner Binder:1667_7 (2233) at void com.android.server.am.ActivityManagerService.activityDestroyed(android.os.IBinder)(ActivityManagerService.java:6952) waiters=5 in void com.android.server.am.ActivityManagerService.appendDropBoxProcessHeaders(com.android.server.am.ProcessRecord, java.lang.String, java.lang.StringBuilder) for 454ms
05-08 11:52:27.328 I/ActivityManager( 1667): Killing 2405:com.android.systemui/u0a21 (adj -800): bg anr
05-08 11:52:27.653 D/WIFI    ( 1667): Registering NetworkFactory
05-08 11:52:27.655 D/ConnectivityService( 1667): Got NetworkFactory Messenger for WIFI
05-08 11:52:27.656 D/WIFI_UT ( 1667): Registering NetworkFactory
05-08 11:52:27.658 D/WIFI    ( 1667): got request NetworkRequest [ REQUEST id=1, [ Capabilities: INTERNET&NOT_RESTRICTED&TRUSTED&NOT_VPN] ] with score 0
05-08 11:52:27.659 D/ConnectivityService( 1667): Got NetworkFactory Messenger for WIFI_UT
05-08 11:52:27.673 D/WIFI_UT ( 1667): got request NetworkRequest [ REQUEST id=1, [ Capabilities: INTERNET&NOT_RESTRICTED&TRUSTED&NOT_VPN] ] with score 0
05-08 11:52:27.719 W/ifconfig( 2587): type=1400 audit(0.0:13): avc: denied { ioctl } for path="socket:[13143]" dev="sockfs" ino=13143 ioctlcmd=8927 scontext=u:r:shell:s0 tcontext=u:r:shell:s0 tclass=udp_socket permissive=0
05-08 11:52:27.723 V/AlarmClock( 2368): AlarmInitReceiver finished
05-08 11:52:27.789 W/ifconfig( 2587): type=1400 audit(0.0:14): avc: denied { ioctl } for path="socket:[13143]" dev="sockfs" ino=13143 ioctlcmd=891d scontext=u:r:shell:s0 tcontext=u:r:shell:s0 tclass=udp_socket permissive=0
05-08 11:52:27.799 W/ifconfig( 2587): type=1400 audit(0.0:15): avc: denied { ioctl } for path="socket:[13143]" dev="sockfs" ino=13143 ioctlcmd=8970 scontext=u:r:shell:s0 tcontext=u:r:shell:s0 tclass=udp_socket permissive=0
05-08 11:52:27.811 W/art     ( 1667): Long monitor contention with owner Binder:1667_7 (2233) at void com.android.server.am.ActivityManagerService.activityDestroyed(android.os.IBinder)(ActivityManagerService.java:6952) waiters=3 in int[] com.android.server.am.ActivityManagerService.getRunningUserIds() for 1.283s
05-08 11:52:27.844 I/AlarmClock( 2368): AlarmInitReceiver android.intent.action.LOCKED_BOOT_COMPLETED
05-08 11:52:28.019 I/WindowManager( 1667): WIN DEATH: Window{5c0b694 u0 DockedStackDivider}
05-08 11:52:28.043 W/WallpaperManagerService( 1667): Wallpaper service gone: ComponentInfo{com.android.systemui/com.android.systemui.ImageWallpaper}
05-08 11:52:28.045 I/ActivityManager( 1667): Process com.android.systemui (pid 2405) has died
05-08 11:52:28.045 D/ActivityManager( 1667): cleanUpApplicationRecord -- 2405
05-08 11:52:28.047 W/ActivityManager( 1667): Scheduling restart of crashed service com.android.systemui/.keyguard.KeyguardService in 0ms
05-08 11:52:28.047 W/ActivityManager( 1667): Scheduling restart of crashed service com.android.systemui/.ImageWallpaper in 0ms
05-08 11:52:28.047 W/ActivityManager( 1667): Scheduling restart of crashed service com.android.systemui/.SystemUIService in 0ms
05-08 11:52:28.073 V/KeyguardServiceDelegate( 1667): *** Keyguard disconnected (boo!)
05-08 11:52:28.077 W/ActivityManager( 1667): Re-adding persistent process ProcessRecord{e3d05e1 2405:com.android.systemui/u0a21}
05-08 11:52:28.489 W/ActivityManager( 1667): Slow operation: 347ms so far, now at startProcess: returned from zygote!
05-08 11:52:28.489 W/ActivityManager( 1667): Slow operation: 412ms so far, now at startProcess: done updating battery stats
05-08 11:52:28.573 W/ActivityManager( 1667): Slow operation: 496ms so far, now at startProcess: building log message
05-08 11:52:28.574 I/ActivityManager( 1667): Start proc 2591:com.android.systemui/u0a21 for restart com.android.systemui
05-08 11:52:28.574 W/ActivityManager( 1667): Slow operation: 497ms so far, now at startProcess: starting to update pids map
05-08 11:52:28.574 W/ActivityManager( 1667): Slow operation: 497ms so far, now at startProcess: done updating pids map
05-08 11:52:28.576 W/art     ( 1667): Long monitor contention with owner Binder:1667_7 (2233) at void com.android.server.am.ActivityManagerService$AppDeathRecipient.binderDied()(ActivityManagerService.java:1475) waiters=0 in void com.android.server.am.ActiveServices$ServiceRestarter.run() for 529ms
05-08 11:52:28.578 W/art     ( 1667): Long monitor contention with owner Binder:1667_7 (2233) at void com.android.server.am.ActivityManagerService$AppDeathRecipient.binderDied()(ActivityManagerService.java:1475) waiters=1 in void com.android.server.am.ActivityManagerService.dispatchUidsChanged() for 501ms
05-08 11:52:29.192 W/art     ( 2591): Unexpected CPU variant for X86 using defaults: x86_64
05-08 11:52:29.843 W/libprocessgroup( 1667): failed to open /acct/uid_10021/pid_2405/cgroup.procs: No such file or directory
05-08 11:52:29.976 W/System  ( 2591): ClassLoader referenced unknown path: /system/priv-app/SystemUI/lib/x86_64
05-08 11:52:30.122 W/art     ( 2368): Suspending all threads took: 42.434ms
05-08 11:52:30.303 V/SystemUIService( 2591): Starting SystemUI services for user 0.
05-08 11:52:30.381 D/AlarmClock/Events( 2368): [Stopwatch] [Reset] [Reboot]
05-08 11:52:30.402 V/MediaRouter( 2591): Adding route: RouteInfo{ name=Phone, description=null, status=null, category=RouteCategory{ name=null types=ROUTE_TYPE_LIVE_AUDIO ROUTE_TYPE_LIVE_VIDEO  groupable=false }, supportedTypes=ROUTE_TYPE_LIVE_AUDIO ROUTE_TYPE_LIVE_VIDEO , presentationDisplay=null }
05-08 11:52:30.443 I/BackupManagerService( 1667): Found stale backup journal, scheduling
05-08 11:52:30.513 V/MediaRouter( 2591): Updating audio routes: AudioRoutesInfo{ type=SPEAKER }
05-08 11:52:30.521 V/MediaRouter( 2591): Selecting route: RouteInfo{ name=Phone, description=null, status=null, category=RouteCategory{ name=null types=ROUTE_TYPE_LIVE_AUDIO ROUTE_TYPE_LIVE_VIDEO  groupable=false }, supportedTypes=ROUTE_TYPE_LIVE_AUDIO ROUTE_TYPE_LIVE_VIDEO , presentationDisplay=null }
05-08 11:52:30.601 D/TrustManagerService( 1667): Removing dead TrustListener.
05-08 11:52:30.634 I/art     ( 2473): Background sticky concurrent mark sweep GC freed 20026(1940KB) AllocSpace objects, 8(188KB) LOS objects, 23% free, 7MB/10MB, paused 684us total 132.429ms
05-08 11:52:30.872 E/WVMExtractor( 2591): Failed to open libwvm.so: dlopen failed: library "libwvm.so" not found
05-08 11:52:31.035 I/MediaPlayerService( 1333): MediaPlayerService::getOMX
05-08 11:52:31.071 I/OMXClient( 2591): MuxOMX ctor
05-08 11:52:31.073 W/ActivityManager( 1667): Slow operation: 86ms so far, now at startProcess: returned from zygote!
05-08 11:52:31.073 W/ActivityManager( 1667): Slow operation: 86ms so far, now at startProcess: done updating battery stats
05-08 11:52:31.074 W/ActivityManager( 1667): Slow operation: 86ms so far, now at startProcess: building log message
05-08 11:52:31.074 I/ActivityManager( 1667): Start proc 2613:android.process.media/u0a10 for broadcast com.android.providers.downloads/.DownloadReceiver
05-08 11:52:31.074 W/ActivityManager( 1667): Slow operation: 87ms so far, now at startProcess: starting to update pids map
05-08 11:52:31.074 W/ActivityManager( 1667): Slow operation: 87ms so far, now at startProcess: done updating pids map
05-08 11:52:31.074 W/ActivityManager( 1667): Slow operation: 89ms so far, now at startProcess: done starting proc!
05-08 11:52:31.097 I/OMXMaster( 1330): makeComponentInstance(OMX.google.vorbis.decoder) in mediacodec process
05-08 11:52:31.103 W/art     ( 2613): Unexpected CPU variant for X86 using defaults: x86_64
05-08 11:52:31.426 V/AlarmClock( 2368): AlarmInitReceiver finished
05-08 11:52:31.574 W/System  ( 2613): ClassLoader referenced unknown path: /system/priv-app/DownloadProvider/lib/x86_64
05-08 11:52:31.883 I/vol.Events( 2591): writeEvent collection_started
05-08 11:52:31.937 I/vol.Events( 2591): writeEvent external_ringer_mode_changed normal
05-08 11:52:31.938 I/vol.Events( 2591): writeEvent internal_ringer_mode_changed normal
05-08 11:52:32.041 W/System  ( 2613): ClassLoader referenced unknown path: /system/priv-app/MediaProvider/lib/x86_64
05-08 11:52:32.058 D/ApplicationLoaders( 2613): ignored Vulkan layer search path /system/priv-app/MediaProvider/lib/x86_64:/system/priv-app/MediaProvider/MediaProvider.apk!/lib/x86_64:/system/lib64:/vendor/lib64 for namespace 0x73c56cc740f0
05-08 11:52:32.423 I/MediaPlayerService( 1333): MediaPlayerService::getOMX
05-08 11:52:32.447 I/OMXClient( 2591): MuxOMX ctor
05-08 11:52:32.488 I/OMXMaster( 1330): makeComponentInstance(OMX.google.vorbis.decoder) in mediacodec process
05-08 11:52:33.047 W/WallpaperManagerService( 1667): Wallpaper reconnect timed out, reverting to built-in wallpaper!
05-08 11:52:33.505 D/MediaScannerReceiver( 2613): action: android.intent.action.MEDIA_MOUNTED path: /storage/1EFF-1C1B
05-08 11:52:33.663 I/MediaPlayerService( 1333): MediaPlayerService::getOMX
05-08 11:52:33.683 I/OMXClient( 2591): MuxOMX ctor
05-08 11:52:33.695 I/OMXMaster( 1330): makeComponentInstance(OMX.google.vorbis.decoder) in mediacodec process
05-08 11:52:33.760 I/vol.Events( 2591): writeEvent level_changed STREAM_ALARM 6
05-08 11:52:33.793 I/vol.Events( 2591): writeEvent level_changed STREAM_BLUETOOTH_SCO 7
05-08 11:52:33.826 I/vol.Events( 2591): writeEvent level_changed STREAM_MUSIC 11
05-08 11:52:33.874 I/vol.Events( 2591): writeEvent level_changed STREAM_RING 5
05-08 11:52:33.879 I/vol.Events( 2591): writeEvent level_changed STREAM_SYSTEM 5
05-08 11:52:33.918 I/vol.Events( 2591): writeEvent level_changed STREAM_VOICE_CALL 4
05-08 11:52:34.225 D/StorageNotification( 2591): Notifying about private volume: VolumeInfo{private}:
05-08 11:52:34.225 D/StorageNotification( 2591):     type=PRIVATE diskId=null partGuid=null mountFlags=0 mountUserId=-1 
05-08 11:52:34.225 D/StorageNotification( 2591):     state=MOUNTED 
05-08 11:52:34.225 D/StorageNotification( 2591):     fsType=null fsUuid=null fsLabel=null 
05-08 11:52:34.225 D/StorageNotification( 2591):     path=/data internalPath=null 
05-08 11:52:34.235 D/StorageNotification( 2591): Notifying about public volume: VolumeInfo{public:253,48}:
05-08 11:52:34.235 D/StorageNotification( 2591):     type=PUBLIC diskId=disk:253,48 partGuid=null mountFlags=VISIBLE 
05-08 11:52:34.235 D/StorageNotification( 2591):     mountUserId=0 state=MOUNTED 
05-08 11:52:34.235 D/StorageNotification( 2591):     fsType=vfat fsUuid=1EFF-1C1B fsLabel=SDCARD 
05-08 11:52:34.235 D/StorageNotification( 2591):     path=/storage/1EFF-1C1B internalPath=/mnt/media_rw/1EFF-1C1B 
05-08 11:52:34.346 I/art     ( 1667): Background partial concurrent mark sweep GC freed 19231(1786KB) AllocSpace objects, 19(744KB) LOS objects, 29% free, 9MB/13MB, paused 1.746ms total 317.331ms
05-08 11:52:34.452 V/KeyguardServiceDelegate( 1667): *** Keyguard connected (yay!)
05-08 11:52:34.640 D/MediaScannerReceiver( 2613): action: android.intent.action.MEDIA_MOUNTED path: /storage/emulated/0
05-08 11:52:34.650 I/Choreographer( 2591): Skipped 33 frames!  The application may be doing too much work on its main thread.
05-08 11:52:34.806 W/Binder  ( 2591): Binder call failed.
05-08 11:52:34.806 W/Binder  ( 2591): android.os.DeadObjectException
05-08 11:52:34.806 W/Binder  ( 2591): 	at android.os.BinderProxy.transactNative(Native Method)
05-08 11:52:34.806 W/Binder  ( 2591): 	at android.os.BinderProxy.transact(Binder.java:615)
05-08 11:52:34.806 W/Binder  ( 2591): 	at android.content.IIntentReceiver$Stub$Proxy.performReceive(IIntentReceiver.java:124)
05-08 11:52:34.806 W/Binder  ( 2591): 	at android.app.ActivityThread$ApplicationThread.scheduleRegisteredReceiver(ActivityThread.java:946)
05-08 11:52:34.806 W/Binder  ( 2591): 	at android.app.ApplicationThreadNative.onTransact(ApplicationThreadNative.java:404)
05-08 11:52:34.806 W/Binder  ( 2591): 	at android.os.Binder.execTransact(Binder.java:565)
05-08 11:52:34.946 W/art     ( 1667): Long monitor contention with owner Binder:1667_9 (2403) at void com.android.server.wm.WindowManagerService.setInsetsWindow(com.android.server.wm.Session, android.view.IWindow, int, android.graphics.Rect, android.graphics.Rect, android.graphics.Region)(WindowManagerService.java:2719) waiters=0 in void com.android.server.wm.WindowManagerService.setDockedStackDividerTouchRegion(android.graphics.Rect) for 130ms
05-08 11:52:35.068 I/StatusBarManagerService( 1667): registerStatusBar bar=com.android.internal.statusbar.IStatusBar$Stub$Proxy@214c626
05-08 11:52:35.628 V/MediaScanner( 2613): pruneDeadThumbnailFiles... android.content.ContentProviderClient$CursorWrapperInner@515052b
05-08 11:52:35.633 V/MediaScanner( 2613): /pruneDeadThumbnailFiles... android.content.ContentProviderClient$CursorWrapperInner@515052b
05-08 11:52:36.250 V/MediaScanner( 2613): pruneDeadThumbnailFiles... android.content.ContentProviderClient$CursorWrapperInner@fd00691
05-08 11:52:36.263 V/MediaScanner( 2613): /pruneDeadThumbnailFiles... android.content.ContentProviderClient$CursorWrapperInner@fd00691
05-08 11:52:36.804 W/System  ( 2591): ClassLoader referenced unknown path: 
05-08 11:52:36.805 W/System  ( 2591): ClassLoader referenced unknown path: /system/priv-app/Dialer/lib/x86_64
05-08 11:52:36.808 D/ApplicationLoaders( 2591): ignored Vulkan layer search path /system/priv-app/Dialer/lib/x86_64:/system/lib64:/vendor/lib64 for namespace 0x73c56cdd70f0
05-08 11:52:36.942 E/BluetoothAdapter( 2591): Bluetooth binder is null
05-08 11:52:37.017 I/CameraManagerGlobal( 2591): Connecting to camera service
05-08 11:52:37.037 V/EmulatedCamera_Camera( 1326): getCameraInfo
05-08 11:52:37.038 V/EmulatedCamera_BaseCamera( 1326): getCameraInfo
05-08 11:52:37.039 I/CameraService( 1326): getCameraCharacteristics: Switching to HAL1 shim implementation...
05-08 11:52:37.039 V/EmulatedCamera_Camera( 1326): getCameraInfo
05-08 11:52:37.039 V/EmulatedCamera_BaseCamera( 1326): getCameraInfo
05-08 11:52:37.048 V/EmulatedCamera_Camera( 1326): getCameraInfo
05-08 11:52:37.048 V/EmulatedCamera_BaseCamera( 1326): getCameraInfo
05-08 11:52:37.052 V/EmulatedCamera_Camera( 1326): getCameraInfo
05-08 11:52:37.053 V/EmulatedCamera_BaseCamera( 1326): getCameraInfo
05-08 11:52:37.106 I/StatusBar( 2591): isKeyguardShowing() called before startKeyguard(), returning true
05-08 11:52:37.108 W/StatusBar( 2591): isKeyguardSecure() called before startKeyguard(), returning false
05-08 11:52:37.108 W/StatusBar( 2591): java.lang.Throwable
05-08 11:52:37.108 W/StatusBar( 2591): 	at com.android.systemui.statusbar.BaseStatusBar.isKeyguardSecure(BaseStatusBar.java:2647)
05-08 11:52:37.108 W/StatusBar( 2591): 	at com.android.systemui.statusbar.BaseStatusBar.isCameraAllowedByAdmin(BaseStatusBar.java:2670)
05-08 11:52:37.108 W/StatusBar( 2591): 	at com.android.systemui.statusbar.phone.KeyguardBottomAreaView.updateCameraVisibility(KeyguardBottomAreaView.java:309)
05-08 11:52:37.108 W/StatusBar( 2591): 	at com.android.systemui.statusbar.phone.KeyguardBottomAreaView.setPhoneStatusBar(KeyguardBottomAreaView.java:272)
05-08 11:52:37.108 W/StatusBar( 2591): 	at com.android.systemui.statusbar.phone.PhoneStatusBar.makeStatusBarView(PhoneStatusBar.java:904)
05-08 11:52:37.108 W/StatusBar( 2591): 	at com.android.systemui.statusbar.phone.PhoneStatusBar.addStatusBarWindow(PhoneStatusBar.java:3432)
05-08 11:52:37.108 W/StatusBar( 2591): 	at com.android.systemui.statusbar.phone.PhoneStatusBar.createAndAddWindows(PhoneStatusBar.java:3428)
05-08 11:52:37.108 W/StatusBar( 2591): 	at com.android.systemui.statusbar.BaseStatusBar.start(BaseStatusBar.java:765)
05-08 11:52:37.108 W/StatusBar( 2591): 	at com.android.systemui.statusbar.phone.PhoneStatusBar.start(PhoneStatusBar.java:686)
05-08 11:52:37.108 W/StatusBar( 2591): 	at com.android.systemui.statusbar.SystemBars.createStatusBarFromConfig(SystemBars.java:106)
05-08 11:52:37.108 W/StatusBar( 2591): 	at com.android.systemui.statusbar.SystemBars.onNoService(SystemBars.java:58)
05-08 11:52:37.108 W/StatusBar( 2591): 	at com.android.systemui.statusbar.ServiceMonitor.startService(ServiceMonitor.java:230)
05-08 11:52:37.108 W/StatusBar( 2591): 	at com.android.systemui.statusbar.ServiceMonitor.-wrap5(ServiceMonitor.java)
05-08 11:52:37.108 W/StatusBar( 2591): 	at com.android.systemui.statusbar.ServiceMonitor$1.handleMessage(ServiceMonitor.java:73)
05-08 11:52:37.108 W/StatusBar( 2591): 	at android.os.Handler.dispatchMessage(Handler.java:102)
05-08 11:52:37.108 W/StatusBar( 2591): 	at android.os.Looper.loop(Looper.java:154)
05-08 11:52:37.108 W/StatusBar( 2591): 	at android.app.ActivityThread.main(ActivityThread.java:6119)
05-08 11:52:37.108 W/StatusBar( 2591): 	at java.lang.reflect.Method.invoke(Native Method)
05-08 11:52:37.108 W/StatusBar( 2591): 	at com.android.internal.os.ZygoteInit$MethodAndArgsCaller.run(ZygoteInit.java:886)
05-08 11:52:37.108 W/StatusBar( 2591): 	at com.android.internal.os.ZygoteInit.main(ZygoteInit.java:776)
05-08 11:52:37.115 I/StatusBar( 2591): isKeyguardShowing() called before startKeyguard(), returning true
05-08 11:52:37.117 W/StatusBar( 2591): isKeyguardSecure() called before startKeyguard(), returning false
05-08 11:52:37.117 W/StatusBar( 2591): java.lang.Throwable
05-08 11:52:37.117 W/StatusBar( 2591): 	at com.android.systemui.statusbar.BaseStatusBar.isKeyguardSecure(BaseStatusBar.java:2647)
05-08 11:52:37.117 W/StatusBar( 2591): 	at com.android.systemui.statusbar.BaseStatusBar.isCameraAllowedByAdmin(BaseStatusBar.java:2670)
05-08 11:52:37.117 W/StatusBar( 2591): 	at com.android.systemui.statusbar.phone.KeyguardBottomAreaView.updateCameraVisibility(KeyguardBottomAreaView.java:309)
05-08 11:52:37.117 W/StatusBar( 2591): 	at com.android.systemui.statusbar.phone.KeyguardBottomAreaView.setUserSetupComplete(KeyguardBottomAreaView.java:281)
05-08 11:52:37.117 W/StatusBar( 2591): 	at com.android.systemui.statusbar.phone.PhoneStatusBar.makeStatusBarView(PhoneStatusBar.java:905)
05-08 11:52:37.117 W/StatusBar( 2591): 	at com.android.systemui.statusbar.phone.PhoneStatusBar.addStatusBarWindow(PhoneStatusBar.java:3432)
05-08 11:52:37.117 W/StatusBar( 2591): 	at com.android.systemui.statusbar.phone.PhoneStatusBar.createAndAddWindows(PhoneStatusBar.java:3428)
05-08 11:52:37.117 W/StatusBar( 2591): 	at com.android.systemui.statusbar.BaseStatusBar.start(BaseStatusBar.java:765)
05-08 11:52:37.117 W/StatusBar( 2591): 	at com.android.systemui.statusbar.phone.PhoneStatusBar.start(PhoneStatusBar.java:686)
05-08 11:52:37.117 W/StatusBar( 2591): 	at com.android.systemui.statusbar.SystemBars.createStatusBarFromConfig(SystemBars.java:106)
05-08 11:52:37.117 W/StatusBar( 2591): 	at com.android.systemui.statusbar.SystemBars.onNoService(SystemBars.java:58)
05-08 11:52:37.117 W/StatusBar( 2591): 	at com.android.systemui.statusbar.ServiceMonitor.startService(ServiceMonitor.java:230)
05-08 11:52:37.117 W/StatusBar( 2591): 	at com.android.systemui.statusbar.ServiceMonitor.-wrap5(ServiceMonitor.java)
05-08 11:52:37.117 W/StatusBar( 2591): 	at com.android.systemui.statusbar.ServiceMonitor$1.handleMessage(ServiceMonitor.java:73)
05-08 11:52:37.117 W/StatusBar( 2591): 	at android.os.Handler.dispatchMessage(Handler.java:102)
05-08 11:52:37.117 W/StatusBar( 2591): 	at android.os.Looper.loop(Looper.java:154)
05-08 11:52:37.117 W/StatusBar( 2591): 	at android.app.ActivityThread.main(ActivityThread.java:6119)
05-08 11:52:37.117 W/StatusBar( 2591): 	at java.lang.reflect.Method.invoke(Native Method)
05-08 11:52:37.117 W/StatusBar( 2591): 	at com.android.internal.os.ZygoteInit$MethodAndArgsCaller.run(ZygoteInit.java:886)
05-08 11:52:37.117 W/StatusBar( 2591): 	at com.android.internal.os.ZygoteInit.main(ZygoteInit.java:776)
05-08 11:52:37.267 V/EmulatedCamera_Camera( 1326): getCameraInfo
05-08 11:52:37.268 V/EmulatedCamera_BaseCamera( 1326): getCameraInfo
05-08 11:52:37.270 V/EmulatedCamera_Camera( 1326): getCameraInfo
05-08 11:52:37.270 V/EmulatedCamera_BaseCamera( 1326): getCameraInfo
05-08 11:52:37.492 I/StatusBar( 2591): isKeyguardShowing() called before startKeyguard(), returning true
05-08 11:52:37.494 W/StatusBar( 2591): isKeyguardSecure() called before startKeyguard(), returning false
05-08 11:52:37.494 W/StatusBar( 2591): java.lang.Throwable
05-08 11:52:37.494 W/StatusBar( 2591): 	at com.android.systemui.statusbar.BaseStatusBar.isKeyguardSecure(BaseStatusBar.java:2647)
05-08 11:52:37.494 W/StatusBar( 2591): 	at com.android.systemui.statusbar.BaseStatusBar.isCameraAllowedByAdmin(BaseStatusBar.java:2670)
05-08 11:52:37.494 W/StatusBar( 2591): 	at com.android.systemui.statusbar.phone.KeyguardBottomAreaView.updateCameraVisibility(KeyguardBottomAreaView.java:309)
05-08 11:52:37.494 W/StatusBar( 2591): 	at com.android.systemui.statusbar.phone.KeyguardBottomAreaView.setUserSetupComplete(KeyguardBottomAreaView.java:281)
05-08 11:52:37.494 W/StatusBar( 2591): 	at com.android.systemui.statusbar.phone.PhoneStatusBar$1.onChange(PhoneStatusBar.java:441)
05-08 11:52:37.494 W/StatusBar( 2591): 	at com.android.systemui.statusbar.phone.PhoneStatusBar.resetUserSetupObserver(PhoneStatusBar.java:3676)
05-08 11:52:37.494 W/StatusBar( 2591): 	at com.android.systemui.statusbar.phone.PhoneStatusBar.makeStatusBarView(PhoneStatusBar.java:1008)
05-08 11:52:37.494 W/StatusBar( 2591): 	at com.android.systemui.statusbar.phone.PhoneStatusBar.addStatusBarWindow(PhoneStatusBar.java:3432)
05-08 11:52:37.494 W/StatusBar( 2591): 	at com.android.systemui.statusbar.phone.PhoneStatusBar.createAndAddWindows(PhoneStatusBar.java:3428)
05-08 11:52:37.494 W/StatusBar( 2591): 	at com.android.systemui.statusbar.BaseStatusBar.start(BaseStatusBar.java:765)
05-08 11:52:37.494 W/StatusBar( 2591): 	at com.android.systemui.statusbar.phone.PhoneStatusBar.start(PhoneStatusBar.java:686)
05-08 11:52:37.494 W/StatusBar( 2591): 	at com.android.systemui.statusbar.SystemBars.createStatusBarFromConfig(SystemBars.java:106)
05-08 11:52:37.494 W/StatusBar( 2591): 	at com.android.systemui.statusbar.SystemBars.onNoService(SystemBars.java:58)
05-08 11:52:37.494 W/StatusBar( 2591): 	at com.android.systemui.statusbar.ServiceMonitor.startService(ServiceMonitor.java:230)
05-08 11:52:37.494 W/StatusBar( 2591): 	at com.android.systemui.statusbar.ServiceMonitor.-wrap5(ServiceMonitor.java)
05-08 11:52:37.494 W/StatusBar( 2591): 	at com.android.systemui.statusbar.ServiceMonitor$1.handleMessage(ServiceMonitor.java:73)
05-08 11:52:37.494 W/StatusBar( 2591): 	at android.os.Handler.dispatchMessage(Handler.java:102)
05-08 11:52:37.494 W/StatusBar( 2591): 	at android.os.Looper.loop(Looper.java:154)
05-08 11:52:37.494 W/StatusBar( 2591): 	at android.app.ActivityThread.main(ActivityThread.java:6119)
05-08 11:52:37.494 W/StatusBar( 2591): 	at java.lang.reflect.Method.invoke(Native Method)
05-08 11:52:37.494 W/StatusBar( 2591): 	at com.android.internal.os.ZygoteInit$MethodAndArgsCaller.run(ZygoteInit.java:886)
05-08 11:52:37.494 W/StatusBar( 2591): 	at com.android.internal.os.ZygoteInit.main(ZygoteInit.java:776)
05-08 11:52:37.540 E/SurfaceFlinger( 1320): ro.sf.lcd_density must be defined as a build property
05-08 11:52:37.554 D/OpenGLRenderer( 2591): profile bars disabled
05-08 11:52:37.556 D/OpenGLRenderer( 2591): ambientRatio = 1.50
05-08 11:52:37.611 W/art     ( 2660): Unexpected CPU variant for X86 using defaults: x86_64
05-08 11:52:37.618 D/PhoneStatusBar( 2591): disable: < EXPAND* icons alerts system_info BACK* HOME* RECENT* clock SEARCH* quick_settings >
05-08 11:52:37.642 W/ActivityManager( 1667): Slow operation: 70ms so far, now at startProcess: returned from zygote!
05-08 11:52:37.653 W/ActivityManager( 1667): Slow operation: 81ms so far, now at startProcess: done updating battery stats
05-08 11:52:37.653 W/ActivityManager( 1667): Slow operation: 82ms so far, now at startProcess: building log message
05-08 11:52:37.653 I/ActivityManager( 1667): Start proc 2660:android.process.acore/u0a1 for content provider com.android.providers.contacts/.ContactsProvider2
05-08 11:52:37.653 W/ActivityManager( 1667): Slow operation: 82ms so far, now at startProcess: starting to update pids map
05-08 11:52:37.653 W/ActivityManager( 1667): Slow operation: 82ms so far, now at startProcess: done updating pids map
05-08 11:52:37.653 W/ActivityManager( 1667): Slow operation: 83ms so far, now at startProcess: done starting proc!
05-08 11:52:37.654 W/ActivityManager( 1667): Slow operation: 85ms so far, now at getContentProviderImpl: after start process
05-08 11:52:37.654 W/ActivityManager( 1667): Slow operation: 86ms so far, now at getContentProviderImpl: updating data structures
05-08 11:52:37.654 W/ActivityManager( 1667): Slow operation: 86ms so far, now at getContentProviderImpl: done!
05-08 11:52:37.777 W/System  ( 2660): ClassLoader referenced unknown path: /system/priv-app/ContactsProvider/lib/x86_64
05-08 11:52:37.992 D/PhoneStatusBar( 2591): heads up is enabled
05-08 11:52:38.297 I/art     ( 2591): Background partial concurrent mark sweep GC freed 10077(1392KB) AllocSpace objects, 3(60KB) LOS objects, 23% free, 12MB/16MB, paused 955us total 144.979ms
05-08 11:52:38.321 I/ContactsPerf( 2660): VoicemailContentProvider.onCreate start
05-08 11:52:38.448 I/ContactsPerf( 2660): VoicemailContentProvider.onCreate finish
05-08 11:52:38.512 W/System  ( 2660): ClassLoader referenced unknown path: /system/priv-app/BlockedNumberProvider/lib/x86_64
05-08 11:52:38.543 D/ApplicationLoaders( 2660): ignored Vulkan layer search path /system/priv-app/BlockedNumberProvider/lib/x86_64:/system/lib64:/vendor/lib64 for namespace 0x73c56cc740f0
05-08 11:52:38.631 W/art     ( 1667): Long monitor contention with owner Binder:1667_8 (2401) at int com.android.server.wm.WindowManagerService.relayoutWindow(com.android.server.wm.Session, android.view.IWindow, int, android.view.WindowManager$LayoutParams, int, int, int, int, android.graphics.Rect, android.graphics.Rect, android.graphics.Rect, android.graphics.Rect, android.graphics.Rect, android.graphics.Rect, android.graphics.Rect, android.content.res.Configuration, android.view.Surface)(WindowManagerService.java:2857) waiters=0 in void com.android.server.wm.WindowManagerService$H.handleMessage(android.os.Message) for 451ms
05-08 11:52:38.671 W/KeyguardUpdateMonitor( 2591): invalid subId in handleSimStateChange()
05-08 11:52:38.748 W/System  ( 2660): ClassLoader referenced unknown path: /system/app/UserDictionaryProvider/lib/x86_64
05-08 11:52:38.751 D/ApplicationLoaders( 2660): ignored Vulkan layer search path /system/app/UserDictionaryProvider/lib/x86_64:/system/lib64:/vendor/lib64 for namespace 0x73c56cc74160
05-08 11:52:38.955 I/Choreographer( 2591): Skipped 125 frames!  The application may be doing too much work on its main thread.
05-08 11:52:38.963 V/KeyguardServiceDelegate( 1667): **** SHOWN CALLED ****
05-08 11:52:39.088 D/ViewRootImpl[StatusBar]( 2591): changeCanvasOpacity: opaque=true
05-08 11:52:39.563 W/art     ( 1667): Long monitor contention with owner android.display (1748) at void com.android.server.wm.WindowAnimator$1.doFrame(long)(WindowAnimator.java:144) waiters=1 in int com.android.server.wm.WindowManagerService.relayoutWindow(com.android.server.wm.Session, android.view.IWindow, int, android.view.WindowManager$LayoutParams, int, int, int, int, android.graphics.Rect, android.graphics.Rect, android.graphics.Rect, android.graphics.Rect, android.graphics.Rect, android.graphics.Rect, android.graphics.Rect, android.content.res.Configuration, android.view.Surface) for 690ms
05-08 11:52:39.621 W/art     ( 1667): Long monitor contention with owner android.ui (1725) at int com.android.server.wm.WindowManagerService.relayoutWindow(com.android.server.wm.Session, android.view.IWindow, int, android.view.WindowManager$LayoutParams, int, int, int, int, android.graphics.Rect, android.graphics.Rect, android.graphics.Rect, android.graphics.Rect, android.graphics.Rect, android.graphics.Rect, android.graphics.Rect, android.content.res.Configuration, android.view.Surface)(WindowManagerService.java:2857) waiters=1 in void com.android.server.wm.WindowManagerService$H.handleMessage(android.os.Message) for 729ms
05-08 11:52:39.993 W/art     ( 1667): Long monitor contention with owner android.display (1748) at void com.android.server.wm.WindowManagerService$H.handleMessage(android.os.Message)(WindowManagerService.java:8368) waiters=0 in int com.android.server.wm.WindowManagerService.relayoutWindow(com.android.server.wm.Session, android.view.IWindow, int, android.view.WindowManager$LayoutParams, int, int, int, int, android.graphics.Rect, android.graphics.Rect, android.graphics.Rect, android.graphics.Rect, android.graphics.Rect, android.graphics.Rect, android.graphics.Rect, android.content.res.Configuration, android.view.Surface) for 209ms
05-08 11:52:39.996 I/Choreographer( 1667): Skipped 65 frames!  The application may be doing too much work on its main thread.
05-08 11:52:40.378 W/art     ( 1667): Long monitor contention with owner android.ui (1725) at int com.android.server.wm.WindowManagerService.relayoutWindow(com.android.server.wm.Session, android.view.IWindow, int, android.view.WindowManager$LayoutParams, int, int, int, int, android.graphics.Rect, android.graphics.Rect, android.graphics.Rect, android.graphics.Rect, android.graphics.Rect, android.graphics.Rect, android.graphics.Rect, android.content.res.Configuration, android.view.Surface)(WindowManagerService.java:2857) waiters=0 in void com.android.server.wm.WindowAnimator$1.doFrame(long) for 381ms
05-08 11:52:40.390 W/art     ( 1667): Long monitor contention with owner android.ui (1725) at int com.android.server.wm.WindowManagerService.relayoutWindow(com.android.server.wm.Session, android.view.IWindow, int, android.view.WindowManager$LayoutParams, int, int, int, int, android.graphics.Rect, android.graphics.Rect, android.graphics.Rect, android.graphics.Rect, android.graphics.Rect, android.graphics.Rect, android.graphics.Rect, android.content.res.Configuration, android.view.Surface)(WindowManagerService.java:2857) waiters=1 in void com.android.server.wm.WindowManagerService.getInitialDisplaySize(int, android.graphics.Point) for 339ms
05-08 11:52:41.417 I/ContactLocale( 2660): AddressBook Labels [[en_US]]: [â€¦, A, B, C, D, E, F, G, H, I, J, K, L, M, N, O, P, Q, R, S, T, U, V, W, X, Y, Z, Î‘, Î’, Î“, Î”, Î•, Î–, Î—, Î˜, Î™, Îš, Î›, Îœ, Î, Îž, ÎŸ, Î , Î¡, Î£, Î¤, Î¥, Î¦, Î§, Î¨, Î©, â€¦, Ð, Ð‘, Ð’, Ð“, Ð”, Ð‚, Ð•, Ð„, Ð–, Ð—, Ð˜, Ð†, Ð™, Ðˆ, Ðš, Ð›, Ð‰, Ðœ, Ð, ÐŠ, Ðž, ÐŸ, Ð , Ð¡, Ð¢, Ð‹, Ð£, Ð¤, Ð¥, Ð¦, Ð§, Ð, Ð¨, Ð©, Ð®, Ð¯, â€¦, ×, ×‘, ×’, ×“, ×”, ×•, ×–, ×—, ×˜, ×™, ×›, ×œ, ×ž, × , ×¡, ×¢, ×¤, ×¦, ×§, ×¨, ×©, ×ª, â€¦, Ø§, Ø¨, Øª, Ø«, Ø¬, Ø­, Ø®, Ø¯, Ø°, Ø±, Ø², Ø³, Ø´, Øµ, Ø¶, Ø·, Ø¸, Ø¹, Øº, Ù, Ù‚, Ùƒ, Ù„, Ù…, Ù†, Ù‡, Ùˆ, ÙŠ, â€¦, à¸, à¸‚, à¸ƒ, à¸„, à¸…, à¸†, à¸‡, à¸ˆ, à¸‰, à¸Š, à¸‹, à¸Œ, à¸, à¸Ž, à¸, à¸, à¸‘, à¸’, à¸“, à¸”, à¸•, à¸–, à¸—, à¸˜, à¸™, à¸š, à¸›, à¸œ, à¸, à¸ž, à¸Ÿ, à¸ , à¸¡, à¸¢, à¸£, à¸¤, à¸¥, à¸¦, à¸§, à¸¨, à¸©, à¸ª, à¸«, à¸¬, à¸­, à¸®, â€¦, ã„±, ã„´, ã„·, ã„¹, ã…, ã…‚, ã……, ã…‡, ã…ˆ, ã…Š, ã…‹, ã…Œ, ã…, ã…Ž, â€¦, ã‚, ã‹, ã•, ãŸ, ãª, ã¯, ã¾, ã‚„, ã‚‰, ã‚, #, â€¦]
