05-08 11:49:54.858 E/Hyphenator( 1324): Caused by: android.system.ErrnoException: open failed: ENOENT (No such file or directory)
05-08 11:49:54.858 E/Hyphenator( 1324): 	at libcore.io.Posix.open(Native Method)
05-08 11:49:54.858 E/Hyphenator( 1324): 	at libcore.io.BlockGuardOs.open(BlockGuardOs.java:187)
05-08 11:49:54.858 E/Hyphenator( 1324): 	at libcore.io.IoBridge.open(IoBridge.java:441)
05-08 11:49:54.858 E/Hyphenator( 1324): 	... 6 more
05-08 11:49:54.870 E/Hyphenator( 1324): error loading hyphenation /system/usr/hyphen-data/hyph-hr.hyb
05-08 11:49:54.870 E/Hyphenator( 1324): java.io.FileNotFoundException: /system/usr/hyphen-data/hyph-hr.hyb: open failed: ENOENT (No such file or directory)
05-08 11:49:54.870 E/Hyphenator( 1324): 	at libcore.io.IoBridge.open(IoBridge.java:455)
05-08 11:49:54.870 E/Hyphenator( 1324): 	at java.io.RandomAccessFile.<init>(RandomAccessFile.java:247)
05-08 11:49:54.870 E/Hyphenator( 1324): 	at android.text.Hyphenator.loadHyphenator(Hyphenator.java:118)
05-08 11:49:54.870 E/Hyphenator( 1324): 	at android.text.Hyphenator.init(Hyphenator.java:224)
05-08 11:49:54.870 E/Hyphenator( 1324): 	at com.android.internal.os.ZygoteInit.preloadTextResources(ZygoteInit.java:252)
05-08 11:49:54.870 E/Hyphenator( 1324): 	at com.android.internal.os.ZygoteInit.preload(ZygoteInit.java:206)
05-08 11:49:54.870 E/Hyphenator( 1324): 	at com.android.internal.os.ZygoteInit.main(ZygoteInit.java:743)
05-08 11:49:54.870 E/Hyphenator( 1324): Caused by: android.system.ErrnoException: open failed: ENOENT (No such file or directory)
05-08 11:49:54.870 E/Hyphenator( 1324): 	at libcore.io.Posix.open(Native Method)
05-08 11:49:54.870 E/Hyphenator( 1324): 	at libcore.io.BlockGuardOs.open(BlockGuardOs.java:187)
05-08 11:49:54.870 E/Hyphenator( 1324): 	at libcore.io.IoBridge.open(IoBridge.java:441)
05-08 11:49:54.870 E/Hyphenator( 1324): 	... 6 more
05-08 11:49:54.872 E/Hyphenator( 1324): error loading hyphenation /system/usr/hyphen-data/hyph-hu.hyb
05-08 11:49:54.872 E/Hyphenator( 1324): java.io.FileNotFoundException: /system/usr/hyphen-data/hyph-hu.hyb: open failed: ENOENT (No such file or directory)
05-08 11:49:54.872 E/Hyphenator( 1324): 	at libcore.io.IoBridge.open(IoBridge.java:455)
05-08 11:49:54.872 E/Hyphenator( 1324): 	at java.io.RandomAccessFile.<init>(RandomAccessFile.java:247)
05-08 11:49:54.872 E/Hyphenator( 1324): 	at android.text.Hyphenator.loadHyphenator(Hyphenator.java:118)
05-08 11:49:54.872 E/Hyphenator( 1324): 	at android.text.Hyphenator.init(Hyphenator.java:224)
05-08 11:49:54.872 E/Hyphenator( 1324): 	at com.android.internal.os.ZygoteInit.preloadTextResources(ZygoteInit.java:252)
05-08 11:49:54.872 E/Hyphenator( 1324): 	at com.android.internal.os.ZygoteInit.preload(ZygoteInit.java:206)
05-08 11:49:54.872 E/Hyphenator( 1324): 	at com.android.internal.os.ZygoteInit.main(ZygoteInit.java:743)
05-08 11:49:54.872 E/Hyphenator( 1324): Caused by: android.system.ErrnoException: open failed: ENOENT (No such file or directory)
05-08 11:49:54.872 E/Hyphenator( 1324): 	at libcore.io.Posix.open(Native Method)
05-08 11:49:54.872 E/Hyphenator( 1324): 	at libcore.io.BlockGuardOs.open(BlockGuardOs.java:187)
05-08 11:49:54.872 E/Hyphenator( 1324): 	at libcore.io.IoBridge.open(IoBridge.java:441)
05-08 11:49:54.872 E/Hyphenator( 1324): 	... 6 more
05-08 11:49:54.874 E/Hyphenator( 1324): error loading hyphenation /system/usr/hyphen-data/hyph-hy.hyb
05-08 11:49:54.874 E/Hyphenator( 1324): java.io.FileNotFoundException: /system/usr/hyphen-data/hyph-hy.hyb: open failed: ENOENT (No such file or directory)
05-08 11:49:54.874 E/Hyphenator( 1324): 	at libcore.io.IoBridge.open(IoBridge.java:455)
05-08 11:49:54.874 E/Hyphenator( 1324): 	at java.io.RandomAccessFile.<init>(RandomAccessFile.java:247)
05-08 11:49:54.874 E/Hyphenator( 1324): 	at android.text.Hyphenator.loadHyphenator(Hyphenator.java:118)
05-08 11:49:54.874 E/Hyphenator( 1324): 	at android.text.Hyphenator.init(Hyphenator.java:224)
05-08 11:49:54.874 E/Hyphenator( 1324): 	at com.android.internal.os.ZygoteInit.preloadTextResources(ZygoteInit.java:252)
05-08 11:49:54.874 E/Hyphenator( 1324): 	at com.android.internal.os.ZygoteInit.preload(ZygoteInit.java:206)
05-08 11:49:54.874 E/Hyphenator( 1324): 	at com.android.internal.os.ZygoteInit.main(ZygoteInit.java:743)
05-08 11:49:54.874 E/Hyphenator( 1324): Caused by: android.system.ErrnoException: open failed: ENOENT (No such file or directory)
05-08 11:49:54.874 E/Hyphenator( 1324): 	at libcore.io.Posix.open(Native Method)
05-08 11:49:54.874 E/Hyphenator( 1324): 	at libcore.io.BlockGuardOs.open(BlockGuardOs.java:187)
05-08 11:49:54.874 E/Hyphenator( 1324): 	at libcore.io.IoBridge.open(IoBridge.java:441)
05-08 11:49:54.874 E/Hyphenator( 1324): 	... 6 more
05-08 11:49:54.875 E/Hyphenator( 1324): error loading hyphenation /system/usr/hyphen-data/hyph-kn.hyb
05-08 11:49:54.875 E/Hyphenator( 1324): java.io.FileNotFoundException: /system/usr/hyphen-data/hyph-kn.hyb: open failed: ENOENT (No such file or directory)
05-08 11:49:54.875 E/Hyphenator( 1324): 	at libcore.io.IoBridge.open(IoBridge.java:455)
05-08 11:49:54.875 E/Hyphenator( 1324): 	at java.io.RandomAccessFile.<init>(RandomAccessFile.java:247)
05-08 11:49:54.875 E/Hyphenator( 1324): 	at android.text.Hyphenator.loadHyphenator(Hyphenator.java:118)
05-08 11:49:54.875 E/Hyphenator( 1324): 	at android.text.Hyphenator.init(Hyphenator.java:224)
05-08 11:49:54.875 E/Hyphenator( 1324): 	at com.android.internal.os.ZygoteInit.preloadTextResources(ZygoteInit.java:252)
05-08 11:49:54.875 E/Hyphenator( 1324): 	at com.android.internal.os.ZygoteInit.preload(ZygoteInit.java:206)
05-08 11:49:54.875 E/Hyphenator( 1324): 	at com.android.internal.os.ZygoteInit.main(ZygoteInit.java:743)
05-08 11:49:54.875 E/Hyphenator( 1324): Caused by: android.system.ErrnoException: open failed: ENOENT (No such file or directory)
05-08 11:49:54.875 E/Hyphenator( 1324): 	at libcore.io.Posix.open(Native Method)
05-08 11:49:54.875 E/Hyphenator( 1324): 	at libcore.io.BlockGuardOs.open(BlockGuardOs.java:187)
05-08 11:49:54.875 E/Hyphenator( 1324): 	at libcore.io.IoBridge.open(IoBridge.java:441)
05-08 11:49:54.875 E/Hyphenator( 1324): 	... 6 more
05-08 11:49:54.877 E/Hyphenator( 1324): error loading hyphenation /system/usr/hyphen-data/hyph-ml.hyb
05-08 11:49:54.877 E/Hyphenator( 1324): java.io.FileNotFoundException: /system/usr/hyphen-data/hyph-ml.hyb: open failed: ENOENT (No such file or directory)
05-08 11:49:54.877 E/Hyphenator( 1324): 	at libcore.io.IoBridge.open(IoBridge.java:455)
05-08 11:49:54.877 E/Hyphenator( 1324): 	at java.io.RandomAccessFile.<init>(RandomAccessFile.java:247)
05-08 11:49:54.877 E/Hyphenator( 1324): 	at android.text.Hyphenator.loadHyphenator(Hyphenator.java:118)
05-08 11:49:54.877 E/Hyphenator( 1324): 	at android.text.Hyphenator.init(Hyphenator.java:224)
05-08 11:49:54.877 E/Hyphenator( 1324): 	at com.android.internal.os.ZygoteInit.preloadTextResources(ZygoteInit.java:252)
05-08 11:49:54.877 E/Hyphenator( 1324): 	at com.android.internal.os.ZygoteInit.preload(ZygoteInit.java:206)
05-08 11:49:54.877 E/Hyphenator( 1324): 	at com.android.internal.os.ZygoteInit.main(ZygoteInit.java:743)
05-08 11:49:54.877 E/Hyphenator( 1324): Caused by: android.system.ErrnoException: open failed: ENOENT (No such file or directory)
05-08 11:49:54.877 E/Hyphenator( 1324): 	at libcore.io.Posix.open(Native Method)
05-08 11:49:54.877 E/Hyphenator( 1324): 	at libcore.io.BlockGuardOs.open(BlockGuardOs.java:187)
05-08 11:49:54.877 E/Hyphenator( 1324): 	at libcore.io.IoBridge.open(IoBridge.java:441)
05-08 11:49:54.877 E/Hyphenator( 1324): 	... 6 more
05-08 11:49:54.879 E/Hyphenator( 1324): error loading hyphenation /system/usr/hyphen-data/hyph-mn-cyrl.hyb
05-08 11:49:54.879 E/Hyphenator( 1324): java.io.FileNotFoundException: /system/usr/hyphen-data/hyph-mn-cyrl.hyb: open failed: ENOENT (No such file or directory)
05-08 11:49:54.879 E/Hyphenator( 1324): 	at libcore.io.IoBridge.open(IoBridge.java:455)
05-08 11:49:54.879 E/Hyphenator( 1324): 	at java.io.RandomAccessFile.<init>(RandomAccessFile.java:247)
05-08 11:49:54.879 E/Hyphenator( 1324): 	at android.text.Hyphenator.loadHyphenator(Hyphenator.java:118)
05-08 11:49:54.879 E/Hyphenator( 1324): 	at android.text.Hyphenator.init(Hyphenator.java:224)
05-08 11:49:54.879 E/Hyphenator( 1324): 	at com.android.internal.os.ZygoteInit.preloadTextResources(ZygoteInit.java:252)
05-08 11:49:54.879 E/Hyphenator( 1324): 	at com.android.internal.os.ZygoteInit.preload(ZygoteInit.java:206)
05-08 11:49:54.879 E/Hyphenator( 1324): 	at com.android.internal.os.ZygoteInit.main(ZygoteInit.java:743)
05-08 11:49:54.879 E/Hyphenator( 1324): Caused by: android.system.ErrnoException: open failed: ENOENT (No such file or directory)
05-08 11:49:54.879 E/Hyphenator( 1324): 	at libcore.io.Posix.open(Native Method)
05-08 11:49:54.879 E/Hyphenator( 1324): 	at libcore.io.BlockGuardOs.open(BlockGuardOs.java:187)
05-08 11:49:54.879 E/Hyphenator( 1324): 	at libcore.io.IoBridge.open(IoBridge.java:441)
05-08 11:49:54.879 E/Hyphenator( 1324): 	... 6 more
05-08 11:49:54.951 E/Hyphenator( 1324): error loading hyphenation /system/usr/hyphen-data/hyph-mr.hyb
05-08 11:49:54.951 E/Hyphenator( 1324): java.io.FileNotFoundException: /system/usr/hyphen-data/hyph-mr.hyb: open failed: ENOENT (No such file or directory)
05-08 11:49:54.951 E/Hyphenator( 1324): 	at libcore.io.IoBridge.open(IoBridge.java:455)
05-08 11:49:54.951 E/Hyphenator( 1324): 	at java.io.RandomAccessFile.<init>(RandomAccessFile.java:247)
05-08 11:49:54.951 E/Hyphenator( 1324): 	at android.text.Hyphenator.loadHyphenator(Hyphenator.java:118)
05-08 11:49:54.951 E/Hyphenator( 1324): 	at android.text.Hyphenator.init(Hyphenator.java:224)
05-08 11:49:54.951 E/Hyphenator( 1324): 	at com.android.internal.os.ZygoteInit.preloadTextResources(ZygoteInit.java:252)
05-08 11:49:54.951 E/Hyphenator( 1324): 	at com.android.internal.os.ZygoteInit.preload(ZygoteInit.java:206)
05-08 11:49:54.951 E/Hyphenator( 1324): 	at com.android.internal.os.ZygoteInit.main(ZygoteInit.java:743)
05-08 11:49:54.951 E/Hyphenator( 1324): Caused by: android.system.ErrnoException: open failed: ENOENT (No such file or directory)
05-08 11:49:54.951 E/Hyphenator( 1324): 	at libcore.io.Posix.open(Native Method)
05-08 11:49:54.951 E/Hyphenator( 1324): 	at libcore.io.BlockGuardOs.open(BlockGuardOs.java:187)
05-08 11:49:54.951 E/Hyphenator( 1324): 	at libcore.io.IoBridge.open(IoBridge.java:441)
05-08 11:49:54.951 E/Hyphenator( 1324): 	... 6 more
05-08 11:49:54.953 E/Hyphenator( 1324): error loading hyphenation /system/usr/hyphen-data/hyph-nb.hyb
05-08 11:49:54.953 E/Hyphenator( 1324): java.io.FileNotFoundException: /system/usr/hyphen-data/hyph-nb.hyb: open failed: ENOENT (No such file or directory)
05-08 11:49:54.953 E/Hyphenator( 1324): 	at libcore.io.IoBridge.open(IoBridge.java:455)
05-08 11:49:54.953 E/Hyphenator( 1324): 	at java.io.RandomAccessFile.<init>(RandomAccessFile.java:247)
05-08 11:49:54.953 E/Hyphenator( 1324): 	at android.text.Hyphenator.loadHyphenator(Hyphenator.java:118)
05-08 11:49:54.953 E/Hyphenator( 1324): 	at android.text.Hyphenator.init(Hyphenator.java:224)
05-08 11:49:54.953 E/Hyphenator( 1324): 	at com.android.internal.os.ZygoteInit.preloadTextResources(ZygoteInit.java:252)
05-08 11:49:54.953 E/Hyphenator( 1324): 	at com.android.internal.os.ZygoteInit.preload(ZygoteInit.java:206)
05-08 11:49:54.953 E/Hyphenator( 1324): 	at com.android.internal.os.ZygoteInit.main(ZygoteInit.java:743)
05-08 11:49:54.953 E/Hyphenator( 1324): Caused by: android.system.ErrnoException: open failed: ENOENT (No such file or directory)
05-08 11:49:54.953 E/Hyphenator( 1324): 	at libcore.io.Posix.open(Native Method)
05-08 11:49:54.953 E/Hyphenator( 1324): 	at libcore.io.BlockGuardOs.open(BlockGuardOs.java:187)
05-08 11:49:54.953 E/Hyphenator( 1324): 	at libcore.io.IoBridge.open(IoBridge.java:441)
05-08 11:49:54.953 E/Hyphenator( 1324): 	... 6 more
05-08 11:49:54.955 E/Hyphenator( 1324): error loading hyphenation /system/usr/hyphen-data/hyph-nn.hyb
05-08 11:49:54.955 E/Hyphenator( 1324): java.io.FileNotFoundException: /system/usr/hyphen-data/hyph-nn.hyb: open failed: ENOENT (No such file or directory)
05-08 11:49:54.955 E/Hyphenator( 1324): 	at libcore.io.IoBridge.open(IoBridge.java:455)
05-08 11:49:54.955 E/Hyphenator( 1324): 	at java.io.RandomAccessFile.<init>(RandomAccessFile.java:247)
05-08 11:49:54.955 E/Hyphenator( 1324): 	at android.text.Hyphenator.loadHyphenator(Hyphenator.java:118)
05-08 11:49:54.955 E/Hyphenator( 1324): 	at android.text.Hyphenator.init(Hyphenator.java:224)
05-08 11:49:54.955 E/Hyphenator( 1324): 	at com.android.internal.os.ZygoteInit.preloadTextResources(ZygoteInit.java:252)
05-08 11:49:54.955 E/Hyphenator( 1324): 	at com.android.internal.os.ZygoteInit.preload(ZygoteInit.java:206)
05-08 11:49:54.955 E/Hyphenator( 1324): 	at com.android.internal.os.ZygoteInit.main(ZygoteInit.java:743)
05-08 11:49:54.955 E/Hyphenator( 1324): Caused by: android.system.ErrnoException: open failed: ENOENT (No such file or directory)
05-08 11:49:54.955 E/Hyphenator( 1324): 	at libcore.io.Posix.open(Native Method)
05-08 11:49:54.955 E/Hyphenator( 1324): 	at libcore.io.BlockGuardOs.open(BlockGuardOs.java:187)
05-08 11:49:54.955 E/Hyphenator( 1324): 	at libcore.io.IoBridge.open(IoBridge.java:441)
05-08 11:49:54.955 E/Hyphenator( 1324): 	... 6 more
05-08 11:49:54.957 E/Hyphenator( 1324): error loading hyphenation /system/usr/hyphen-data/hyph-or.hyb
05-08 11:49:54.957 E/Hyphenator( 1324): java.io.FileNotFoundException: /system/usr/hyphen-data/hyph-or.hyb: open failed: ENOENT (No such file or directory)
05-08 11:49:54.957 E/Hyphenator( 1324): 	at libcore.io.IoBridge.open(IoBridge.java:455)
05-08 11:49:54.957 E/Hyphenator( 1324): 	at java.io.RandomAccessFile.<init>(RandomAccessFile.java:247)
05-08 11:49:54.957 E/Hyphenator( 1324): 	at android.text.Hyphenator.loadHyphenator(Hyphenator.java:118)
05-08 11:49:54.957 E/Hyphenator( 1324): 	at android.text.Hyphenator.init(Hyphenator.java:224)
05-08 11:49:54.957 E/Hyphenator( 1324): 	at com.android.internal.os.ZygoteInit.preloadTextResources(ZygoteInit.java:252)
05-08 11:49:54.957 E/Hyphenator( 1324): 	at com.android.internal.os.ZygoteInit.preload(ZygoteInit.java:206)
05-08 11:49:54.957 E/Hyphenator( 1324): 	at com.android.internal.os.ZygoteInit.main(ZygoteInit.java:743)
05-08 11:49:54.957 E/Hyphenator( 1324): Caused by: android.system.ErrnoException: open failed: ENOENT (No such file or directory)
05-08 11:49:54.957 E/Hyphenator( 1324): 	at libcore.io.Posix.open(Native Method)
05-08 11:49:54.957 E/Hyphenator( 1324): 	at libcore.io.BlockGuardOs.open(BlockGuardOs.java:187)
05-08 11:49:54.957 E/Hyphenator( 1324): 	at libcore.io.IoBridge.open(IoBridge.java:441)
05-08 11:49:54.957 E/Hyphenator( 1324): 	... 6 more
05-08 11:49:54.991 E/Hyphenator( 1324): error loading hyphenation /system/usr/hyphen-data/hyph-pa.hyb
05-08 11:49:54.991 E/Hyphenator( 1324): java.io.FileNotFoundException: /system/usr/hyphen-data/hyph-pa.hyb: open failed: ENOENT (No such file or directory)
05-08 11:49:54.991 E/Hyphenator( 1324): 	at libcore.io.IoBridge.open(IoBridge.java:455)
05-08 11:49:54.991 E/Hyphenator( 1324): 	at java.io.RandomAccessFile.<init>(RandomAccessFile.java:247)
05-08 11:49:54.991 E/Hyphenator( 1324): 	at android.text.Hyphenator.loadHyphenator(Hyphenator.java:118)
05-08 11:49:54.991 E/Hyphenator( 1324): 	at android.text.Hyphenator.init(Hyphenator.java:224)
05-08 11:49:54.991 E/Hyphenator( 1324): 	at com.android.internal.os.ZygoteInit.preloadTextResources(ZygoteInit.java:252)
05-08 11:49:54.991 E/Hyphenator( 1324): 	at com.android.internal.os.ZygoteInit.preload(ZygoteInit.java:206)
05-08 11:49:54.991 E/Hyphenator( 1324): 	at com.android.internal.os.ZygoteInit.main(ZygoteInit.java:743)
05-08 11:49:54.991 E/Hyphenator( 1324): Caused by: android.system.ErrnoException: open failed: ENOENT (No such file or directory)
05-08 11:49:54.991 E/Hyphenator( 1324): 	at libcore.io.Posix.open(Native Method)
05-08 11:49:54.991 E/Hyphenator( 1324): 	at libcore.io.BlockGuardOs.open(BlockGuardOs.java:187)
05-08 11:49:54.991 E/Hyphenator( 1324): 	at libcore.io.IoBridge.open(IoBridge.java:441)
05-08 11:49:54.991 E/Hyphenator( 1324): 	... 6 more
05-08 11:49:54.993 E/Hyphenator( 1324): error loading hyphenation /system/usr/hyphen-data/hyph-pt.hyb
05-08 11:49:54.993 E/Hyphenator( 1324): java.io.FileNotFoundException: /system/usr/hyphen-data/hyph-pt.hyb: open failed: ENOENT (No such file or directory)
05-08 11:49:54.993 E/Hyphenator( 1324): 	at libcore.io.IoBridge.open(IoBridge.java:455)
05-08 11:49:54.993 E/Hyphenator( 1324): 	at java.io.RandomAccessFile.<init>(RandomAccessFile.java:247)
05-08 11:49:54.993 E/Hyphenator( 1324): 	at android.text.Hyphenator.loadHyphenator(Hyphenator.java:118)
05-08 11:49:54.993 E/Hyphenator( 1324): 	at android.text.Hyphenator.init(Hyphenator.java:224)
05-08 11:49:54.993 E/Hyphenator( 1324): 	at com.android.internal.os.ZygoteInit.preloadTextResources(ZygoteInit.java:252)
05-08 11:49:54.993 E/Hyphenator( 1324): 	at com.android.internal.os.ZygoteInit.preload(ZygoteInit.java:206)
05-08 11:49:54.993 E/Hyphenator( 1324): 	at com.android.internal.os.ZygoteInit.main(ZygoteInit.java:743)
05-08 11:49:54.993 E/Hyphenator( 1324): Caused by: android.system.ErrnoException: open failed: ENOENT (No such file or directory)
05-08 11:49:54.993 E/Hyphenator( 1324): 	at libcore.io.Posix.open(Native Method)
05-08 11:49:54.993 E/Hyphenator( 1324): 	at libcore.io.BlockGuardOs.open(BlockGuardOs.java:187)
05-08 11:49:54.993 E/Hyphenator( 1324): 	at libcore.io.IoBridge.open(IoBridge.java:441)
05-08 11:49:54.993 E/Hyphenator( 1324): 	... 6 more
05-08 11:49:54.995 E/Hyphenator( 1324): error loading hyphenation /system/usr/hyphen-data/hyph-sl.hyb
05-08 11:49:54.995 E/Hyphenator( 1324): java.io.FileNotFoundException: /system/usr/hyphen-data/hyph-sl.hyb: open failed: ENOENT (No such file or directory)
05-08 11:49:54.995 E/Hyphenator( 1324): 	at libcore.io.IoBridge.open(IoBridge.java:455)
05-08 11:49:54.995 E/Hyphenator( 1324): 	at java.io.RandomAccessFile.<init>(RandomAccessFile.java:247)
05-08 11:49:54.995 E/Hyphenator( 1324): 	at android.text.Hyphenator.loadHyphenator(Hyphenator.java:118)
05-08 11:49:54.995 E/Hyphenator( 1324): 	at android.text.Hyphenator.init(Hyphenator.java:224)
05-08 11:49:54.995 E/Hyphenator( 1324): 	at com.android.internal.os.ZygoteInit.preloadTextResources(ZygoteInit.java:252)
05-08 11:49:54.995 E/Hyphenator( 1324): 	at com.android.internal.os.ZygoteInit.preload(ZygoteInit.java:206)
05-08 11:49:54.995 E/Hyphenator( 1324): 	at com.android.internal.os.ZygoteInit.main(ZygoteInit.java:743)
05-08 11:49:54.995 E/Hyphenator( 1324): Caused by: android.system.ErrnoException: open failed: ENOENT (No such file or directory)
05-08 11:49:54.995 E/Hyphenator( 1324): 	at libcore.io.Posix.open(Native Method)
05-08 11:49:54.995 E/Hyphenator( 1324): 	at libcore.io.BlockGuardOs.open(BlockGuardOs.java:187)
05-08 11:49:54.995 E/Hyphenator( 1324): 	at libcore.io.IoBridge.open(IoBridge.java:441)
05-08 11:49:54.995 E/Hyphenator( 1324): 	... 6 more
05-08 11:49:54.997 E/Hyphenator( 1324): error loading hyphenation /system/usr/hyphen-data/hyph-ta.hyb
05-08 11:49:54.997 E/Hyphenator( 1324): java.io.FileNotFoundException: /system/usr/hyphen-data/hyph-ta.hyb: open failed: ENOENT (No such file or directory)
05-08 11:49:54.997 E/Hyphenator( 1324): 	at libcore.io.IoBridge.open(IoBridge.java:455)
05-08 11:49:54.997 E/Hyphenator( 1324): 	at java.io.RandomAccessFile.<init>(RandomAccessFile.java:247)
05-08 11:49:54.997 E/Hyphenator( 1324): 	at android.text.Hyphenator.loadHyphenator(Hyphenator.java:118)
05-08 11:49:54.997 E/Hyphenator( 1324): 	at android.text.Hyphenator.init(Hyphenator.java:224)
05-08 11:49:54.997 E/Hyphenator( 1324): 	at com.android.internal.os.ZygoteInit.preloadTextResources(ZygoteInit.java:252)
05-08 11:49:54.997 E/Hyphenator( 1324): 	at com.android.internal.os.ZygoteInit.preload(ZygoteInit.java:206)
05-08 11:49:54.997 E/Hyphenator( 1324): 	at com.android.internal.os.ZygoteInit.main(ZygoteInit.java:743)
05-08 11:49:54.997 E/Hyphenator( 1324): Caused by: android.system.ErrnoException: open failed: ENOENT (No such file or directory)
05-08 11:49:54.997 E/Hyphenator( 1324): 	at libcore.io.Posix.open(Native Method)
05-08 11:49:54.997 E/Hyphenator( 1324): 	at libcore.io.BlockGuardOs.open(BlockGuardOs.java:187)
05-08 11:49:54.997 E/Hyphenator( 1324): 	at libcore.io.IoBridge.open(IoBridge.java:441)
05-08 11:49:54.997 E/Hyphenator( 1324): 	... 6 more
05-08 11:49:54.998 E/Hyphenator( 1324): error loading hyphenation /system/usr/hyphen-data/hyph-te.hyb
05-08 11:49:54.998 E/Hyphenator( 1324): java.io.FileNotFoundException: /system/usr/hyphen-data/hyph-te.hyb: open failed: ENOENT (No such file or directory)
05-08 11:49:54.998 E/Hyphenator( 1324): 	at libcore.io.IoBridge.open(IoBridge.java:455)
05-08 11:49:54.998 E/Hyphenator( 1324): 	at java.io.RandomAccessFile.<init>(RandomAccessFile.java:247)
05-08 11:49:54.998 E/Hyphenator( 1324): 	at android.text.Hyphenator.loadHyphenator(Hyphenator.java:118)
05-08 11:49:54.998 E/Hyphenator( 1324): 	at android.text.Hyphenator.init(Hyphenator.java:224)
05-08 11:49:54.998 E/Hyphenator( 1324): 	at com.android.internal.os.ZygoteInit.preloadTextResources(ZygoteInit.java:252)
05-08 11:49:54.998 E/Hyphenator( 1324): 	at com.android.internal.os.ZygoteInit.preload(ZygoteInit.java:206)
05-08 11:49:54.998 E/Hyphenator( 1324): 	at com.android.internal.os.ZygoteInit.main(ZygoteInit.java:743)
05-08 11:49:54.998 E/Hyphenator( 1324): Caused by: android.system.ErrnoException: open failed: ENOENT (No such file or directory)
05-08 11:49:54.998 E/Hyphenator( 1324): 	at libcore.io.Posix.open(Native Method)
05-08 11:49:54.998 E/Hyphenator( 1324): 	at libcore.io.BlockGuardOs.open(BlockGuardOs.java:187)
05-08 11:49:54.998 E/Hyphenator( 1324): 	at libcore.io.IoBridge.open(IoBridge.java:441)
05-08 11:49:54.998 E/Hyphenator( 1324): 	... 6 more
05-08 11:49:55.072 E/Hyphenator( 1324): error loading hyphenation /system/usr/hyphen-data/hyph-tk.hyb
05-08 11:49:55.072 E/Hyphenator( 1324): java.io.FileNotFoundException: /system/usr/hyphen-data/hyph-tk.hyb: open failed: ENOENT (No such file or directory)
05-08 11:49:55.072 E/Hyphenator( 1324): 	at libcore.io.IoBridge.open(IoBridge.java:455)
05-08 11:49:55.072 E/Hyphenator( 1324): 	at java.io.RandomAccessFile.<init>(RandomAccessFile.java:247)
05-08 11:49:55.072 E/Hyphenator( 1324): 	at android.text.Hyphenator.loadHyphenator(Hyphenator.java:118)
05-08 11:49:55.072 E/Hyphenator( 1324): 	at android.text.Hyphenator.init(Hyphenator.java:224)
05-08 11:49:55.072 E/Hyphenator( 1324): 	at com.android.internal.os.ZygoteInit.preloadTextResources(ZygoteInit.java:252)
05-08 11:49:55.072 E/Hyphenator( 1324): 	at com.android.internal.os.ZygoteInit.preload(ZygoteInit.java:206)
05-08 11:49:55.072 E/Hyphenator( 1324): 	at com.android.internal.os.ZygoteInit.main(ZygoteInit.java:743)
05-08 11:49:55.072 E/Hyphenator( 1324): Caused by: android.system.ErrnoException: open failed: ENOENT (No such file or directory)
05-08 11:49:55.072 E/Hyphenator( 1324): 	at libcore.io.Posix.open(Native Method)
05-08 11:49:55.072 E/Hyphenator( 1324): 	at libcore.io.BlockGuardOs.open(BlockGuardOs.java:187)
05-08 11:49:55.072 E/Hyphenator( 1324): 	at libcore.io.IoBridge.open(IoBridge.java:441)
05-08 11:49:55.072 E/Hyphenator( 1324): 	... 6 more
05-08 11:49:55.074 E/Hyphenator( 1324): error loading hyphenation /system/usr/hyphen-data/hyph-und-ethi.hyb
05-08 11:49:55.074 E/Hyphenator( 1324): java.io.FileNotFoundException: /system/usr/hyphen-data/hyph-und-ethi.hyb: open failed: ENOENT (No such file or directory)
05-08 11:49:55.074 E/Hyphenator( 1324): 	at libcore.io.IoBridge.open(IoBridge.java:455)
05-08 11:49:55.074 E/Hyphenator( 1324): 	at java.io.RandomAccessFile.<init>(RandomAccessFile.java:247)
05-08 11:49:55.074 E/Hyphenator( 1324): 	at android.text.Hyphenator.loadHyphenator(Hyphenator.java:118)
05-08 11:49:55.074 E/Hyphenator( 1324): 	at android.text.Hyphenator.init(Hyphenator.java:224)
05-08 11:49:55.074 E/Hyphenator( 1324): 	at com.android.internal.os.ZygoteInit.preloadTextResources(ZygoteInit.java:252)
05-08 11:49:55.074 E/Hyphenator( 1324): 	at com.android.internal.os.ZygoteInit.preload(ZygoteInit.java:206)
05-08 11:49:55.074 E/Hyphenator( 1324): 	at com.android.internal.os.ZygoteInit.main(ZygoteInit.java:743)
05-08 11:49:55.074 E/Hyphenator( 1324): Caused by: android.system.ErrnoException: open failed: ENOENT (No such file or directory)
05-08 11:49:55.074 E/Hyphenator( 1324): 	at libcore.io.Posix.open(Native Method)
05-08 11:49:55.074 E/Hyphenator( 1324): 	at libcore.io.BlockGuardOs.open(BlockGuardOs.java:187)
05-08 11:49:55.074 E/Hyphenator( 1324): 	at libcore.io.IoBridge.open(IoBridge.java:441)
05-08 11:49:55.074 E/Hyphenator( 1324): 	... 6 more
05-08 11:49:55.172 W/art     ( 1324): Suspending all threads took: 59.848ms
05-08 11:49:55.402 I/art     ( 1324): Background sticky concurrent mark sweep GC freed 10453(876KB) AllocSpace objects, 3(120KB) LOS objects, 12% free, 6MB/7MB, paused 76.218ms total 340.582ms
05-08 11:49:55.595 I/Zygote  ( 1324): Uninstalled ICU cache reference pinning...
05-08 11:49:55.691 I/Zygote  ( 1324): Installed AndroidKeyStoreProvider in 95ms.
05-08 11:49:56.428 I/Zygote  ( 1324): Warmed up JCA providers in 737ms.
05-08 11:49:56.429 D/Zygote  ( 1324): end preload
05-08 11:49:56.490 I/art     ( 1324): Starting a blocking GC Explicit
05-08 11:49:56.762 I/art     ( 1324): Explicit concurrent mark sweep GC freed 6778(370KB) AllocSpace objects, 3(132KB) LOS objects, 39% free, 6MB/10MB, paused 365us total 234.430ms
05-08 11:49:56.851 I/art     ( 1324): Starting a blocking GC Explicit
05-08 11:49:57.020 I/art     ( 1324): Explicit concurrent mark sweep GC freed 55(1896B) AllocSpace objects, 0(0B) LOS objects, 39% free, 6MB/10MB, paused 330us total 116.049ms
05-08 11:49:57.024 I/Zygote  ( 1324): Accepting command socket connections
05-08 11:49:57.083 I/Zygote  ( 1667): Process: zygote socket opened, supported ABIS: x86
05-08 11:49:57.089 I/InstallerConnection( 1667): connecting...
05-08 11:49:57.098 I/        ( 1328): new connection
05-08 11:49:57.476 I/InstallerConnection( 1667): disconnecting...
05-08 11:49:57.476 E/        ( 1328): eof
05-08 11:49:57.477 E/        ( 1328): failed to read size
05-08 11:49:57.477 I/        ( 1328): closing connection
05-08 11:49:58.260 I/SystemServer( 1667): Entered the Android system server!
05-08 11:50:00.361 I/SystemServiceManager( 1667): Starting com.android.server.pm.Installer
05-08 11:50:00.384 I/Installer( 1667): Waiting for installd to be ready.
05-08 11:50:00.385 I/InstallerConnection( 1667): connecting...
05-08 11:50:00.386 I/        ( 1328): new connection
05-08 11:50:00.387 I/SystemServiceManager( 1667): Starting com.android.server.am.ActivityManagerService$Lifecycle
05-08 11:50:00.792 I/ActivityManager( 1667): Memory class: 256
05-08 11:50:00.871 I/ServiceThread( 1667): Enabled StrictMode logging for ActivityManager looper.
05-08 11:50:00.920 I/ServiceThread( 1667): Enabled StrictMode logging for android.ui looper.
05-08 11:50:01.391 D/BatteryStatsImpl( 1667): Reading daily items from /data/system/batterystats-daily.xml
05-08 11:50:03.733 W/ProcessCpuTracker( 1667): Skipping unknown process pid 1738
05-08 11:50:03.932 I/IntentFirewall( 1667): Read new rules (A:0 B:0 S:0)
05-08 11:50:04.162 I/ServiceThread( 1667): Enabled StrictMode logging for android.display looper.
05-08 11:50:04.268 D/AppOps  ( 1667): AppOpsService published
05-08 11:50:04.341 I/SystemServiceManager( 1667): Starting com.android.server.power.PowerManagerService
05-08 11:50:04.380 I/ServiceThread( 1667): Enabled StrictMode logging for PowerManagerService looper.
05-08 11:50:04.409 E/PowerManagerService-JNI( 1667): Couldn't load power module (No such file or directory)
05-08 11:50:04.409 W/libsuspend( 1667): Error writing 'on' to /sys/power/state: Invalid argument
05-08 11:50:04.433 I/libsuspend( 1667): Selected wakeup count
05-08 11:50:04.612 I/SystemServiceManager( 1667): Starting com.android.server.lights.LightsService
05-08 11:50:04.641 I/SystemServiceManager( 1667): Starting com.android.server.display.DisplayManagerService
05-08 11:50:04.765 E/SurfaceFlinger( 1320): ro.sf.lcd_density must be defined as a build property
05-08 11:50:04.773 I/SystemServiceManager( 1667): Starting phase 100
05-08 11:50:04.852 I/DisplayManagerService( 1667): Display device added: DisplayDeviceInfo{"Built-in Screen": uniqueId="local:0", 1080 x 1920, modeId 1, defaultModeId 1, supportedModes [{id=1, width=1080, height=1920, fps=60.000004}], colorMode 0, supportedColorModes [0], HdrCapabilities android.view.Display$HdrCapabilities@a69d6308, density 480, 480.0 x 480.0 dpi, appVsyncOff 1000000, presDeadline 16666666, touch INTERNAL, rotation 0, type BUILT_IN, state UNKNOWN, FLAG_DEFAULT_DISPLAY, FLAG_ROTATES_WITH_CONTENT, FLAG_SECURE, FLAG_SUPPORTS_PROTECTED_BUFFERS}
05-08 11:50:04.860 D/SurfaceFlinger( 1320): Set power mode=2, type=0 flinger=0x767d48e47000
05-08 11:50:04.860 D/SurfaceFlinger( 1320): Screen type=0 is already mode=2
05-08 11:50:04.865 I/DisplayManagerService( 1667): Display device changed state: "Built-in Screen", ON
05-08 11:50:04.870 I/SystemServer( 1667): StartPackageManagerService
05-08 11:50:05.401 W/SystemConfig( 1667): No directory /system/etc/sysconfig, skipping
05-08 11:50:05.857 D/SELinuxMMAC( 1667): Using policy file /system/etc/security/mac_permissions.xml
05-08 11:50:07.912 E/art     ( 1667): DexFile_getDexOptNeeded file '/system/framework/org.apache.http.legacy.jar' does not exist
05-08 11:50:07.914 W/PackageManager( 1667): Library not found: /system/framework/org.apache.http.legacy.jar
05-08 11:50:08.032 E/art     ( 1667): DexFile_getDexOptNeeded file '/system/framework/org.apache.http.legacy.jar' does not exist
05-08 11:50:08.033 W/PackageManager( 1667): Library not found: /system/framework/org.apache.http.legacy.jar
05-08 11:50:08.131 D/PackageManager( 1667): No files in app dir /vendor/overlay
05-08 11:50:09.417 W/PackageManager( 1667): Failed to parse /system/framework/oat: Missing base APK in /system/framework/oat
05-08 11:50:09.481 W/PackageManager( 1667): Failed to parse /system/framework/x86: Missing base APK in /system/framework/x86
05-08 11:50:09.483 W/PackageManager( 1667): Failed to parse /system/framework/x86_64: Missing base APK in /system/framework/x86_64
05-08 11:50:10.594 W/PackageParser( 1667): No actions in intent filter at /system/priv-app/Contacts/Contacts.apk Binary XML file line #409
05-08 11:50:11.206 W/PackageParser( 1667): No actions in intent filter at /system/priv-app/Dialer/Dialer.apk Binary XML file line #186
05-08 11:50:11.602 W/PackageManager( 1667): Permission android.permission.DOWNLOAD_WITHOUT_NOTIFICATION from package com.android.providers.downloads in an unknown group android.permission-group.NETWORK
05-08 11:50:12.301 V/NatController( 1334): runCmd(/system/bin/iptables -w -F natctrl_FORWARD) res=0
05-08 11:50:13.262 V/NatController( 1334): runCmd(/system/bin/ip6tables -w -F natctrl_FORWARD) res=0
05-08 11:50:14.096 W/PackageParser( 1667): Ignoring duplicate uses-permissions/uses-permissions-sdk-m: android.permission.USE_CREDENTIALS in package: com.android.settings at: Binary XML file line #53
05-08 11:50:14.097 W/PackageParser( 1667): Ignoring duplicate uses-permissions/uses-permissions-sdk-m: android.permission.READ_SYNC_SETTINGS in package: com.android.settings at: Binary XML file line #58
05-08 11:50:14.098 W/PackageParser( 1667): Ignoring duplicate uses-permissions/uses-permissions-sdk-m: android.permission.WRITE_SYNC_SETTINGS in package: com.android.settings at: Binary XML file line #59
05-08 11:50:14.351 V/NatController( 1334): runCmd(/system/bin/iptables -w -A natctrl_FORWARD -j DROP) res=0
05-08 11:50:14.811 V/NatController( 1334): runCmd(/system/bin/iptables -w -t nat -F natctrl_nat_POSTROUTING) res=0
05-08 11:50:15.322 V/NatController( 1334): runCmd(/system/bin/ip6tables -w -t raw -F natctrl_raw_PREROUTING) res=0
05-08 11:50:15.391 W/PackageParser( 1667): Ignoring duplicate uses-permissions/uses-permissions-sdk-m: android.permission.INSTALL_GRANT_RUNTIME_PERMISSIONS in package: com.android.shell at: Binary XML file line #102
05-08 11:50:15.771 V/NatController( 1334): runCmd(/system/bin/iptables -w -F natctrl_tether_counters) res=1
05-08 11:50:16.140 W/PackageParser( 1667): Ignoring duplicate uses-permissions/uses-permissions-sdk-m: android.permission.CONFIGURE_WIFI_DISPLAY in package: com.android.systemui at: Binary XML file line #123
05-08 11:50:16.538 V/NatController( 1334): runCmd(/system/bin/ip6tables -w -F natctrl_tether_counters) res=1
05-08 11:50:17.107 V/NatController( 1334): runCmd(/system/bin/iptables -w -X natctrl_tether_counters) res=1
05-08 11:50:17.393 I/art     ( 1667): Background sticky concurrent mark sweep GC freed 33884(2MB) AllocSpace objects, 20(416KB) LOS objects, 31% free, 6MB/10MB, paused 2.214ms total 534.369ms
05-08 11:50:17.479 V/NatController( 1334): runCmd(/system/bin/ip6tables -w -X natctrl_tether_counters) res=1
05-08 11:50:17.880 V/NatController( 1334): runCmd(/system/bin/iptables -w -N natctrl_tether_counters) res=0
05-08 11:50:17.921 W/PackageManager( 1667): Non-privileged app; cap priority to 0; package: com.android.calendar activity: com.android.calendar.GoogleCalendarUriIntentFilter origPrio: 50
05-08 11:50:18.153 W/PackageManager( 1667): Non-privileged app; cap priority to 0; package: com.android.cts.ctsshim activity: com.android.cts.ctsshim.InstallPriority origPrio: 100
05-08 11:50:18.154 W/PackageManager( 1667): Non-privileged app; cap priority to 0; package: com.android.cts.ctsshim activity: com.android.cts.ctsshim.InstallPriority origPrio: 100
05-08 11:50:18.154 W/PackageManager( 1667): Non-privileged app; cap priority to 0; package: com.android.cts.ctsshim activity: com.android.cts.ctsshim.InstallPriority origPrio: 100
05-08 11:50:18.154 W/PackageManager( 1667): Non-privileged app; cap priority to 0; package: com.android.cts.ctsshim activity: com.android.cts.ctsshim.InstallPriority origPrio: 100
05-08 11:50:18.154 W/PackageManager( 1667): Non-privileged app; cap priority to 0; package: com.android.cts.ctsshim activity: com.android.cts.ctsshim.InstallPriority origPrio: 100
05-08 11:50:18.424 V/NatController( 1334): runCmd(/system/bin/ip6tables -w -N natctrl_tether_counters) res=0
05-08 11:50:19.051 V/NatController( 1334): runCmd(/system/bin/iptables -w -t mangle -A natctrl_mangle_FORWARD -p tcp --tcp-flags SYN SYN -j TCPMSS --clamp-mss-to-pmtu) res=0
05-08 11:50:19.057 W/PackageParser( 1667): Ignoring duplicate uses-permissions/uses-permissions-sdk-m: android.permission.WRITE_CONTACTS in package: com.android.email at: Binary XML file line #40
05-08 11:50:19.675 W/PackageParser( 1667): Unknown element under <application>: permission at /system/app/Gallery2/Gallery2.apk Binary XML file line #238
05-08 11:50:19.675 W/PackageParser( 1667): Unknown element under <application>: permission at /system/app/Gallery2/Gallery2.apk Binary XML file line #241
05-08 11:50:20.597 W/PackageManager( 1667): Permission com.android.launcher3.permission.READ_SETTINGS from package com.android.launcher3 in an unknown group android.permission-group.SYSTEM_TOOLS
05-08 11:50:20.597 W/PackageManager( 1667): Permission com.android.launcher3.permission.WRITE_SETTINGS from package com.android.launcher3 in an unknown group android.permission-group.SYSTEM_TOOLS
05-08 11:50:20.597 W/PackageManager( 1667): Permission com.android.launcher.permission.INSTALL_SHORTCUT from package com.android.launcher3 in an unknown group android.permission-group.SYSTEM_TOOLS
05-08 11:50:22.574 D/PackageManager( 1667): No files in app dir /system/vendor/app
05-08 11:50:22.574 D/PackageManager( 1667): No files in app dir /oem/app
05-08 11:50:23.779 W/PackageParser( 1667): No actions in intent filter at /data/app/ApiDemos/ApiDemos.apk Binary XML file line #3145
05-08 11:50:23.820 W/PackageParser( 1667): No actions in intent filter at /data/app/ApiDemos/ApiDemos.apk Binary XML file line #3151
05-08 11:50:23.829 W/PackageManager( 1667): Package com.example.android.apis desires unavailable shared library com.example.will.never.exist; ignoring!
05-08 11:50:23.891 I/SELinux ( 1667): SELinux: Loaded file_contexts contexts from /file_contexts.bin.
05-08 11:50:25.256 E/Netd    ( 1334): cannot find interface dummy0
05-08 11:50:25.607 D/MDnsDS  ( 1334): MDnsSdListener::Hander starting up
05-08 11:50:25.771 D/MDnsDS  ( 1334): MDnsSdListener starting to monitor
05-08 11:50:25.771 D/MDnsDS  ( 1334): Going to poll with pollCount 1
05-08 11:50:33.517 D/PackageManager( 1667): No files in app dir /data/app-private
05-08 11:50:33.555 D/PackageManager( 1667): No files in app dir /data/app-ephemeral
05-08 11:50:33.607 E/PackageManager( 1667): There should probably be exactly one setup wizard; found 0: matches=[]
05-08 11:50:33.608 W/PackageManager( 1667): Protected action; cap priority to 0; package: com.android.cts.priv.ctsshim activity: com.android.cts.priv.ctsshim.InstallPriority origPrio: 100
05-08 11:50:33.608 W/PackageManager( 1667): Protected action; cap priority to 0; package: com.android.cts.priv.ctsshim activity: com.android.cts.priv.ctsshim.InstallPriority origPrio: 100
05-08 11:50:33.608 W/PackageManager( 1667): Protected action; cap priority to 0; package: com.android.cts.priv.ctsshim activity: com.android.cts.priv.ctsshim.InstallPriority origPrio: 100
05-08 11:50:33.608 W/PackageManager( 1667): Protected action; cap priority to 0; package: com.android.cts.priv.ctsshim activity: com.android.cts.priv.ctsshim.InstallPriority origPrio: 100
05-08 11:50:33.608 W/PackageManager( 1667): Protected action; cap priority to 0; package: com.android.packageinstaller activity: com.android.packageinstaller.PackageInstallerActivity origPrio: 1
05-08 11:50:33.609 W/PackageManager( 1667): Package com.android.camera desires unavailable shared library com.google.android.media.effects; ignoring!
05-08 11:50:33.609 W/PackageManager( 1667): Package com.android.gallery3d desires unavailable shared library com.google.android.media.effects; ignoring!
05-08 11:50:33.609 W/PackageManager( 1667): Package com.android.gallery3d desires unavailable shared library com.google.android.media.effects; ignoring!
05-08 11:50:33.609 W/PackageManager( 1667): Package com.example.android.apis desires unavailable shared library com.example.will.never.exist; ignoring!
05-08 11:50:33.621 I/PackageManager( 1667): Adjusting ABI for com.android.providers.downloads.ui to x86_64 (requirer=com.android.mtp, scannedPackage=null)
05-08 11:50:33.634 I/PackageManager( 1667): Adjusting ABI for com.android.providers.media to x86_64 (requirer=com.android.mtp, scannedPackage=null)
05-08 11:50:33.637 I/PackageManager( 1667): Adjusting ABI for com.android.providers.downloads to x86_64 (requirer=com.android.mtp, scannedPackage=null)
05-08 11:50:33.639 I/PackageManager( 1667): Adjusting ABI for com.android.server.telecom to x86_64 (requirer=android, scannedPackage=null)
05-08 11:50:33.651 I/PackageManager( 1667): Adjusting ABI for com.android.wallpaperbackup to x86_64 (requirer=android, scannedPackage=null)
05-08 11:50:33.653 I/PackageManager( 1667): Adjusting ABI for com.android.providers.settings to x86_64 (requirer=android, scannedPackage=null)
05-08 11:50:33.655 I/PackageManager( 1667): Adjusting ABI for com.android.settings to x86_64 (requirer=android, scannedPackage=null)
05-08 11:50:33.657 I/PackageManager( 1667): Adjusting ABI for com.android.keychain to x86_64 (requirer=android, scannedPackage=null)
05-08 11:50:33.658 I/PackageManager( 1667): Adjusting ABI for com.android.location.fused to x86_64 (requirer=android, scannedPackage=null)
05-08 11:50:33.664 I/PackageManager( 1667): Adjusting ABI for com.android.inputdevices to x86_64 (requirer=android, scannedPackage=null)
05-08 11:50:33.743 I/PackageManager( 1667): Time to scan packages: 25.987 seconds
05-08 11:50:33.746 W/PackageManager( 1667): Unknown permission com.google.android.googleapps.permission.GOOGLE_AUTH in package com.android.providers.calendar
05-08 11:50:33.746 W/PackageManager( 1667): Unknown permission com.google.android.googleapps.permission.GOOGLE_AUTH.cl in package com.android.providers.calendar
05-08 11:50:33.748 W/PackageManager( 1667): Not granting permission android.permission.GLOBAL_SEARCH to package com.android.quicksearchbox (protectionLevel=18 flags=0x3808be45)
05-08 11:50:33.749 W/PackageManager( 1667): Not granting permission android.permission.WRITE_EXTERNAL_STORAGE to package gov.nasa.arc.astrobee.android.gs.manager because it was previously installed without
05-08 11:50:33.783 W/PackageManager( 1667): Not granting permission android.permission.READ_EXTERNAL_STORAGE to package gov.nasa.arc.astrobee.android.gs.manager because it was previously installed without
05-08 11:50:33.784 W/PackageManager( 1667): Unknown permission com.android.launcher.permission.READ_SETTINGS in package com.android.launcher3
05-08 11:50:33.784 W/PackageManager( 1667): Unknown permission com.android.launcher.permission.WRITE_SETTINGS in package com.android.launcher3
05-08 11:50:33.784 W/PackageManager( 1667): Not granting permission android.permission.BIND_APPWIDGET to package com.android.launcher3 (protectionLevel=18 flags=0x3c4bbe45)
05-08 11:50:33.784 W/PackageManager( 1667): Unknown permission com.google.android.googleapps.permission.GOOGLE_AUTH.mail in package com.android.calendar
05-08 11:50:33.785 W/PackageManager( 1667): Unknown permission com.google.android.providers.settings.permission.WRITE_GSETTINGS in package com.android.sdksetup
05-08 11:50:33.786 W/PackageManager( 1667): Unknown permission com.google.android.permission.INSTALL_WEARABLE_PACKAGES in package com.android.packageinstaller
05-08 11:50:33.786 W/PackageManager( 1667): Not granting permission android.permission.DELETE_PACKAGES to package com.svox.pico (protectionLevel=18 flags=0x3808be45)
05-08 11:50:33.786 W/PackageManager( 1667): Not granting permission android.permission.READ_CONTACTS to package com.example.android.apis because it was previously installed without
05-08 11:50:33.786 W/PackageManager( 1667): Not granting permission android.permission.WRITE_CONTACTS to package com.example.android.apis because it was previously installed without
05-08 11:50:33.786 W/PackageManager( 1667): Not granting permission android.permission.ACCESS_COARSE_LOCATION to package com.example.android.apis because it was previously installed without
05-08 11:50:33.787 W/PackageManager( 1667): Not granting permission android.permission.WRITE_EXTERNAL_STORAGE to package com.example.android.apis because it was previously installed without
05-08 11:50:33.787 W/PackageManager( 1667): Not granting permission android.permission.SEND_SMS to package com.example.android.apis because it was previously installed without
05-08 11:50:33.787 W/PackageManager( 1667): Not granting permission android.permission.RECEIVE_SMS to package com.example.android.apis because it was previously installed without
05-08 11:50:33.787 W/PackageManager( 1667): Not granting permission android.permission.RECEIVE_MMS to package com.example.android.apis because it was previously installed without
05-08 11:50:33.787 W/PackageManager( 1667): Not granting permission android.permission.READ_SMS to package com.example.android.apis because it was previously installed without
05-08 11:50:33.787 W/PackageManager( 1667): Not granting permission android.permission.READ_PHONE_STATE to package com.example.android.apis because it was previously installed without
05-08 11:50:33.787 W/PackageManager( 1667): Not granting permission android.permission.RECORD_AUDIO to package com.example.android.apis because it was previously installed without
05-08 11:50:33.787 W/PackageManager( 1667): Not granting permission android.permission.CAMERA to package com.example.android.apis because it was previously installed without
05-08 11:50:33.787 W/PackageManager( 1667): Not granting permission android.permission.READ_EXTERNAL_STORAGE to package com.example.android.apis because it was previously installed without
05-08 11:50:33.787 W/PackageManager( 1667): Unknown permission android.permission.RUN_INSTRUMENTATION in package org.chromium.webview_shell
05-08 11:50:33.788 W/PackageManager( 1667): Not granting permission android.permission.CAMERA to package jp.jaxa.iss.kibo.rpc.sampleapk because it was previously installed without
05-08 11:50:33.788 W/PackageManager( 1667): Not granting permission android.permission.WRITE_EXTERNAL_STORAGE to package jp.jaxa.iss.kibo.rpc.sampleapk because it was previously installed without
05-08 11:50:33.788 W/PackageManager( 1667): Not granting permission android.permission.READ_EXTERNAL_STORAGE to package jp.jaxa.iss.kibo.rpc.sampleapk because it was previously installed without
05-08 11:50:33.788 W/PackageManager( 1667): Unknown permission com.google.android.googleapps.permission.GOOGLE_AUTH in package com.android.settings
05-08 11:50:33.789 W/PackageManager( 1667): Unknown permission com.android.launcher.permission.READ_SETTINGS in package com.android.settings
05-08 11:50:33.789 W/PackageManager( 1667): Unknown permission com.android.launcher.permission.WRITE_SETTINGS in package com.android.settings
05-08 11:50:33.800 W/PackageManager( 1667): Unknown permission com.android.smspush.WAPPUSH_MANAGER_BIND in package com.android.phone
05-08 11:50:33.802 W/PackageManager( 1667): Unknown permission com.google.android.googleapps.permission.ACCESS_GOOGLE_PASSWORD in package com.android.development
05-08 11:50:33.802 W/PackageManager( 1667): Unknown permission com.google.android.googleapps.permission.GOOGLE_AUTH in package com.android.development
05-08 11:50:33.802 W/PackageManager( 1667): Unknown permission com.google.android.googleapps.permission.GOOGLE_AUTH.ALL_SERVICES in package com.android.development
05-08 11:50:33.802 W/PackageManager( 1667): Unknown permission com.google.android.googleapps.permission.GOOGLE_AUTH.YouTubeUser in package com.android.development
05-08 11:50:33.802 W/PackageManager( 1667): Not granting permission android.permission.BIND_APPWIDGET to package com.android.widgetpreview (protectionLevel=18 flags=0x3808be44)
05-08 11:50:33.804 V/PackageManager( 1667): reconcileAppsData for null u0 0x3
05-08 11:50:33.990 I/SELinux ( 1328): SELinux: Loaded file_contexts contexts from /file_contexts.bin.
05-08 11:50:38.122 V/PackageManager( 1667): reconcileAppsData finished 82 packages
05-08 11:50:38.491 E/PackageManager( 1667): There should probably be a verifier, but, none were found
05-08 11:50:38.562 D/PackageManager( 1667): Ephemeral resolver NOT found; no matching intent filters
05-08 11:50:38.563 I/PackageManager( 1667): Ephemeral deactivated; missing resolver and installer
05-08 11:50:38.567 I/art     ( 1667): Starting a blocking GC Explicit
05-08 11:50:38.689 W/art     ( 1667): Suspending all threads took: 8.735ms
05-08 11:50:38.812 I/art     ( 1667): Explicit concurrent mark sweep GC freed 37860(2MB) AllocSpace objects, 4(80KB) LOS objects, 33% free, 7MB/10MB, paused 41.517ms total 204.838ms
05-08 11:50:38.845 I/SystemServer( 1667): StartOtaDexOptService
05-08 11:50:38.926 I/SystemServer( 1667): StartUserManagerService
05-08 11:50:38.927 I/SystemServiceManager( 1667): Starting com.android.server.pm.UserManagerService$LifeCycle
05-08 11:50:39.190 I/lowmemorykiller( 1318): ActivityManager connected
05-08 11:50:39.234 D/SensorService( 1667): nuSensorService starting...
05-08 11:50:39.286 D/SensorService( 1667): nuSensorService thread starting...
05-08 11:50:39.299 I/SystemServiceManager( 1667): Starting com.android.server.BatteryService
05-08 11:50:39.332 D/SensorService( 1667): new thread SensorEventAckReceiver
05-08 11:50:39.493 I/SystemServiceManager( 1667): Starting com.android.server.usage.UsageStatsService
05-08 11:50:39.727 W/art     ( 1667): Long monitor contention with owner main (1667) at void java.io.FileDescriptor.sync()(FileDescriptor.java:-2) waiters=0 in void com.android.server.pm.Settings$RuntimePermissionPersistence.writePermissionsSync(int) for 1.443s
05-08 11:50:39.730 I/SystemServiceManager( 1667): Starting com.android.server.webkit.WebViewUpdateService
05-08 11:50:39.786 I/SystemServer( 1667): Reading configuration...
05-08 11:50:39.786 I/SystemServer( 1667): StartSchedulingPolicyService
05-08 11:50:39.800 I/SystemServiceManager( 1667): Starting com.android.server.telecom.TelecomLoaderService
05-08 11:50:39.802 I/SystemServer( 1667): StartTelephonyRegistry
05-08 11:50:39.849 I/SystemServer( 1667): StartEntropyMixer
05-08 11:50:39.910 I/EntropyMixer( 1667): Writing entropy...
05-08 11:50:40.009 I/SystemServer( 1667): Camera Service
05-08 11:50:40.021 I/SystemServiceManager( 1667): Starting com.android.server.camera.CameraService
05-08 11:50:40.052 I/ServiceThread( 1667): Enabled StrictMode logging for CameraService_proxy looper.
05-08 11:50:40.057 I/SystemServer( 1667): StartAccountManagerService
05-08 11:50:40.060 I/SystemServiceManager( 1667): Starting com.android.server.accounts.AccountManagerService$Lifecycle
05-08 11:50:40.177 I/SystemServer( 1667): StartContentService
05-08 11:50:40.190 I/SystemServiceManager( 1667): Starting com.android.server.content.ContentService$Lifecycle
05-08 11:50:40.237 I/SystemServer( 1667): InstallSystemProviders
05-08 11:50:40.355 W/System  ( 1667): ClassLoader referenced unknown path: /system/priv-app/SettingsProvider/lib/x86_64
05-08 11:50:40.598 I/SystemServer( 1667): StartVibratorService
05-08 11:50:40.611 E/VibratorService( 1667): Couldn't load vibrator module (No such file or directory)
05-08 11:50:40.611 W/VibratorService( 1667): Tried to stop vibrating but there is no vibrator device.
05-08 11:50:40.617 I/SystemServer( 1667): StartConsumerIrService
05-08 11:50:40.619 E/ConsumerIrService( 1667): Can't open consumer IR HW Module, error: -2
05-08 11:50:40.622 I/SystemServer( 1667): StartAlarmManagerService
05-08 11:50:40.622 I/SystemServiceManager( 1667): Starting com.android.server.AlarmManagerService
