06-08 15:38:24.148 E/SurfaceFlinger( 1321):     gl_FragColor = texture2D(sampler, outTexCoords);
06-08 15:38:24.148 E/SurfaceFlinger( 1321):     gl_FragColor *= alphaPlane;
06-08 15:38:24.148 E/SurfaceFlinger( 1321): }
06-08 15:38:24.148 E/SurfaceFlinger( 1321): 
06-08 15:38:24.148 E/SurfaceFlinger( 1321): öÿÿÿÿÿÿÿŸá\Õp
06-08 15:38:24.148 E/SurfaceFlinger( 1321): Error while linking shaders:
06-08 15:38:24.148 E/SurfaceFlinger( 1321): Error while compiling shader: 
06-08 15:38:24.148 E/SurfaceFlinger( 1321): attribute vec4 texCoords;
06-08 15:38:24.148 E/SurfaceFlinger( 1321): varying vec2 outTexCoords;
06-08 15:38:24.148 E/SurfaceFlinger( 1321): attribute vec4 position;
06-08 15:38:24.148 E/SurfaceFlinger( 1321): uniform mat4 projection;
06-08 15:38:24.148 E/SurfaceFlinger( 1321): uniform mat4 texture;
06-08 15:38:24.148 E/SurfaceFlinger( 1321): void main(void) {
06-08 15:38:24.148 E/SurfaceFlinger( 1321):     gl_Position = projection * position;
06-08 15:38:24.148 E/SurfaceFlinger( 1321):     outTexCoords = (texture * texCoords).st;
06-08 15:38:24.148 E/SurfaceFlinger( 1321): }
06-08 15:38:24.148 E/SurfaceFlinger( 1321): 
06-08 15:38:24.148 E/SurfaceFlinger( 1321): öÿÿÿÿÿÿÿŸá\Õp
06-08 15:38:24.148 E/SurfaceFlinger( 1321): Error while compiling shader: 
06-08 15:38:24.148 E/SurfaceFlinger( 1321): precision mediump float;
06-08 15:38:24.148 E/SurfaceFlinger( 1321): uniform sampler2D sampler;
06-08 15:38:24.148 E/SurfaceFlinger( 1321): varying vec2 outTexCoords;
06-08 15:38:24.148 E/SurfaceFlinger( 1321): uniform float alphaPlane;
06-08 15:38:24.148 E/SurfaceFlinger( 1321): void main(void) {
06-08 15:38:24.148 E/SurfaceFlinger( 1321):     gl_FragColor = texture2D(sampler, outTexCoords);
06-08 15:38:24.148 E/SurfaceFlinger( 1321):     gl_FragColor.a = 1.0;
06-08 15:38:24.148 E/SurfaceFlinger( 1321):     gl_FragColor.a *= alphaPlane;
06-08 15:38:24.148 E/SurfaceFlinger( 1321): }
06-08 15:38:24.148 E/SurfaceFlinger( 1321): 
06-08 15:38:24.148 E/SurfaceFlinger( 1321): öÿÿÿÿÿÿÿŸá\Õp
06-08 15:38:24.148 E/SurfaceFlinger( 1321): Error while linking shaders:
06-08 15:38:24.148 E/SurfaceFlinger( 1321): Error while compiling shader: 
06-08 15:38:24.148 E/SurfaceFlinger( 1321): attribute vec4 texCoords;
06-08 15:38:24.148 E/SurfaceFlinger( 1321): varying vec2 outTexCoords;
06-08 15:38:24.148 E/SurfaceFlinger( 1321): attribute vec4 position;
06-08 15:38:24.148 E/SurfaceFlinger( 1321): uniform mat4 projection;
06-08 15:38:24.148 E/SurfaceFlinger( 1321): uniform mat4 texture;
06-08 15:38:24.148 E/SurfaceFlinger( 1321): void main(void) {
06-08 15:38:24.148 E/SurfaceFlinger( 1321):     gl_Position = projection * position;
06-08 15:38:24.148 E/SurfaceFlinger( 1321):     outTexCoords = (texture * texCoords).st;
06-08 15:38:24.148 E/SurfaceFlinger( 1321): }
06-08 15:38:24.148 E/SurfaceFlinger( 1321): 
06-08 15:38:24.148 E/SurfaceFlinger( 1321): öÿÿÿÿÿÿÿŸá\Õp
06-08 15:38:24.148 E/SurfaceFlinger( 1321): Error while compiling shader: 
06-08 15:38:24.148 E/SurfaceFlinger( 1321): precision mediump float;
06-08 15:38:24.148 E/SurfaceFlinger( 1321): uniform sampler2D sampler;
06-08 15:38:24.148 E/SurfaceFlinger( 1321): varying vec2 outTexCoords;
06-08 15:38:24.148 E/SurfaceFlinger( 1321): uniform float alphaPlane;
06-08 15:38:24.148 E/SurfaceFlinger( 1321): void main(void) {
06-08 15:38:24.148 E/SurfaceFlinger( 1321):     gl_FragColor = texture2D(sampler, outTexCoords);
06-08 15:38:24.148 E/SurfaceFlinger( 1321):     gl_FragColor.a = 1.0;
06-08 15:38:24.148 E/SurfaceFlinger( 1321):     gl_FragColor *= alphaPlane;
06-08 15:38:24.148 E/SurfaceFlinger( 1321): }
06-08 15:38:24.148 E/SurfaceFlinger( 1321): 
06-08 15:38:24.148 E/SurfaceFlinger( 1321): öÿÿÿÿÿÿÿŸá\Õp
06-08 15:38:24.148 E/SurfaceFlinger( 1321): Error while linking shaders:
06-08 15:38:24.148 D/SurfaceFlinger( 1321): shader cache generated - 24 shaders in 31.469608 ms
06-08 15:38:24.350 W/bootanimation( 1829): type=1400 audit(0.0:9): avc: denied { getattr } for path="/vendor" dev="rootfs" ino=2986 scontext=u:r:bootanim:s0 tcontext=u:object_r:rootfs:s0 tclass=lnk_file permissive=0
06-08 15:38:24.246 D/SurfaceFlinger( 1321): Set power mode=2, type=0 flinger=0x7013d4e47000
06-08 15:38:24.301 I/AudioFlinger( 1326): AudioFlinger's thread 0xe9983f40 ready to run
06-08 15:38:24.344 I/r_submix( 1326): adev_open(name=audio_hw_if)
06-08 15:38:24.345 I/r_submix( 1326): adev_init_check()
06-08 15:38:24.345 I/AudioFlinger( 1326): loadHwModule() Loaded r_submix audio interface from Wifi Display audio HAL (audio) handle 18
06-08 15:38:24.345 D/r_submix( 1326): adev_open_input_stream(addr=0)
06-08 15:38:24.345 D/r_submix( 1326): submix_audio_device_create_pipe_l(addr=0, idx=9)
06-08 15:38:24.345 D/r_submix( 1326):   now using address 0 for route 9
06-08 15:38:24.381 I/AudioFlinger( 1326): AudioFlinger's thread 0xe9a83180 ready to run
06-08 15:38:24.381 D/r_submix( 1326): adev_close_input_stream()
06-08 15:38:24.381 D/r_submix( 1326): submix_audio_device_release_pipe_l(idx=9) addr=0
06-08 15:38:24.381 D/r_submix( 1326): submix_audio_device_destroy_pipe_l(): pipe destroyed
06-08 15:38:24.407 I/RadioService( 1326): RadioService
06-08 15:38:24.410 I/RadioService( 1326): onFirstRef
06-08 15:38:24.410 E/RadioService( 1326): couldn't load radio module radio.primary (No such file or directory)
06-08 15:38:24.441 E/SoundTriggerHwService( 1326): couldn't load sound trigger module sound_trigger.primary (No such file or directory)
06-08 15:38:25.138 V/EmulatedCamera_Preview( 1327): setPreviewWindow: current: 0x0 -> new: 0xf14c3150
06-08 15:38:25.138 V/EmulatedCamera_Preview( 1327): setPreviewWindow: current: 0xf14c3150 -> new: 0x0
06-08 15:38:25.138 V/EmulatedCamera_Camera( 1327): doStopPreview
06-08 15:38:25.139 V/EmulatedCamera_Preview( 1327): setPreviewWindow: current: 0x0 -> new: 0x0
06-08 15:38:25.139 V/EmulatedCamera_Camera( 1327): releaseCamera
06-08 15:38:25.139 V/EmulatedCamera_Camera( 1327): doStopPreview
06-08 15:38:25.140 V/EmulatedCamera_FakeDevice( 1327): disconnectDevice
06-08 15:38:25.217 W/EmulatedCamera_Device( 1327): Initialize: Emulated camera device is already initialized: mState = 1
06-08 15:38:25.217 D/EmulatedCamera_FakeCamera( 1327): Initialize: Fake camera is facing back
06-08 15:38:25.217 V/EmulatedCamera_Device( 1327): initializeWhiteBalanceModes with auto, 1.000000, 1.000000
06-08 15:38:25.218 V/EmulatedCamera_Device( 1327): initializeWhiteBalanceModes with incandescent, 1.380000, 0.600000
06-08 15:38:25.218 V/EmulatedCamera_Device( 1327): initializeWhiteBalanceModes with daylight, 1.090000, 0.920000
06-08 15:38:25.218 V/EmulatedCamera_Device( 1327): initializeWhiteBalanceModes with twilight, 0.920000, 1.220000
06-08 15:38:25.218 V/EmulatedCamera_Device( 1327): setWhiteBalanceMode with white balance auto
06-08 15:38:25.218 I/CameraFlashlight( 1327): Destroying camera 0
06-08 15:38:25.218 V/EmulatedCamera_Camera( 1327): closeCamera
06-08 15:38:25.218 V/EmulatedCamera_Camera( 1327): doStopPreview
06-08 15:38:25.218 W/EmulatedCamera_Device( 1327): Initialize: Emulated camera device is already initialized: mState = 1
06-08 15:38:25.218 D/EmulatedCamera_FakeCamera( 1327): Initialize: Fake camera is facing back
06-08 15:38:25.219 V/EmulatedCamera_Device( 1327): initializeWhiteBalanceModes with auto, 1.000000, 1.000000
06-08 15:38:25.219 V/EmulatedCamera_Device( 1327): initializeWhiteBalanceModes with incandescent, 1.380000, 0.600000
06-08 15:38:25.219 V/EmulatedCamera_Device( 1327): initializeWhiteBalanceModes with daylight, 1.090000, 0.920000
06-08 15:38:25.219 V/EmulatedCamera_Device( 1327): initializeWhiteBalanceModes with twilight, 0.920000, 1.220000
06-08 15:38:25.219 V/EmulatedCamera_Device( 1327): setWhiteBalanceMode with white balance auto
06-08 15:38:25.264 V/EmulatedCamera_Camera( 1327): getCameraInfo
06-08 15:38:25.264 V/EmulatedCamera_BaseCamera( 1327): getCameraInfo
06-08 15:38:25.266 I/ServiceManager( 1327): Waiting for service media.camera.proxy...
06-08 15:38:26.270 I/ServiceManager( 1327): Waiting for service media.camera.proxy...
06-08 15:38:26.888 W/BatteryNotifier( 1326): batterystats service unavailable!
06-08 15:38:27.280 I/ServiceManager( 1327): Waiting for service media.camera.proxy...
06-08 15:38:28.282 I/ServiceManager( 1327): Waiting for service media.camera.proxy...
06-08 15:38:29.286 I/ServiceManager( 1327): Waiting for service media.camera.proxy...
06-08 15:38:35.215 E/SurfaceFlinger( 1321): ro.sf.lcd_density must be defined as a build property
06-08 15:38:35.295 D/libEGL  ( 1829): Emulator without GPU support detected. Fallback to legacy software renderer, qemu.gles is set to 0.
06-08 15:38:35.358 D/AndroidRuntime( 1324): >>>>>> START com.android.internal.os.ZygoteInit uid 0 <<<<<<
06-08 15:38:35.388 D/libEGL  ( 1829): loaded /system/lib64/egl/libGLES_android.so
06-08 15:38:35.463 D/AndroidRuntime( 1325): >>>>>> START com.android.internal.os.ZygoteInit uid 0 <<<<<<
06-08 15:38:35.705 E/hostapd ( 1923): Configuration file: /system/etc/simulated_hostapd.conf
06-08 15:38:35.907 E/ipv6proxy( 1918): Failed to forward Router Advertisement from eth0 to wlan1: Network is unreachable
06-08 15:38:35.907 E/ipv6proxy( 1918): Failed to forward Router Advertisement from eth0 to radio0-peer: Cannot assign requested address
06-08 15:38:36.177 D/AndroidRuntime( 1324): CheckJNI is ON
06-08 15:38:36.215 D/gralloc_ranchu( 1829): Emulator without host-side GPU emulation detected. Loading gralloc.default.so from /vendor/lib64/hw/gralloc.goldfish.default.so...
06-08 15:38:36.218 D/gralloc_ranchu( 1829): gralloc.default.so not found in /vendor. Trying /system/lib64/hw/gralloc.goldfish.default.so...
06-08 15:38:36.254 D/AndroidRuntime( 1325): CheckJNI is ON
06-08 15:38:36.390 I/art     ( 1324): option[0]=-Xzygote
06-08 15:38:36.391 I/art     ( 1324): option[1]=-Xcheck:jni
06-08 15:38:36.391 I/art     ( 1324): option[2]=-Xstacktracefile:/data/anr/traces.txt
06-08 15:38:36.391 I/art     ( 1324): option[3]=exit
06-08 15:38:36.391 I/art     ( 1324): option[4]=vfprintf
06-08 15:38:36.391 I/art     ( 1324): option[5]=sensitiveThread
06-08 15:38:36.391 I/art     ( 1324): option[6]=-verbose:gc
06-08 15:38:36.391 I/art     ( 1324): option[7]=-Xms4m
06-08 15:38:36.391 I/art     ( 1324): option[8]=-Xmx256m
06-08 15:38:36.391 I/art     ( 1324): option[9]=-Xusejit:true
06-08 15:38:36.391 I/art     ( 1324): option[10]=-Xjitsaveprofilinginfo
06-08 15:38:36.391 I/art     ( 1324): option[11]=-agentlib:jdwp=transport=dt_android_adb,suspend=n,server=y
06-08 15:38:36.391 I/art     ( 1324): option[12]=-Xlockprofthreshold:500
06-08 15:38:36.391 I/art     ( 1324): option[13]=-Ximage-compiler-option
06-08 15:38:36.391 I/art     ( 1324): option[14]=--runtime-arg
06-08 15:38:36.392 I/art     ( 1324): option[15]=-Ximage-compiler-option
06-08 15:38:36.392 I/art     ( 1324): option[16]=-Xms64m
06-08 15:38:36.392 I/art     ( 1324): option[17]=-Ximage-compiler-option
06-08 15:38:36.392 I/art     ( 1324): option[18]=--runtime-arg
06-08 15:38:36.392 I/art     ( 1324): option[19]=-Ximage-compiler-option
06-08 15:38:36.392 I/art     ( 1324): option[20]=-Xmx64m
06-08 15:38:36.392 I/art     ( 1324): option[21]=-Ximage-compiler-option
06-08 15:38:36.392 I/art     ( 1324): option[22]=--image-classes=/system/etc/preloaded-classes
06-08 15:38:36.392 I/art     ( 1324): option[23]=-Ximage-compiler-option
06-08 15:38:36.392 I/art     ( 1324): option[24]=--compiled-classes=/system/etc/compiled-classes
06-08 15:38:36.392 I/art     ( 1324): option[25]=-Xcompiler-option
06-08 15:38:36.392 I/art     ( 1324): option[26]=--runtime-arg
06-08 15:38:36.392 I/art     ( 1324): option[27]=-Xcompiler-option
06-08 15:38:36.392 I/art     ( 1324): option[28]=-Xms64m
06-08 15:38:36.392 I/art     ( 1324): option[29]=-Xcompiler-option
06-08 15:38:36.392 I/art     ( 1324): option[30]=--runtime-arg
06-08 15:38:36.392 I/art     ( 1324): option[31]=-Xcompiler-option
06-08 15:38:36.392 I/art     ( 1324): option[32]=-Xmx512m
06-08 15:38:36.392 I/art     ( 1324): option[33]=-Ximage-compiler-option
06-08 15:38:36.392 I/art     ( 1324): option[34]=--instruction-set-variant=x86_64
06-08 15:38:36.392 I/art     ( 1324): option[35]=-Xcompiler-option
06-08 15:38:36.392 I/art     ( 1324): option[36]=--instruction-set-variant=x86_64
06-08 15:38:36.392 I/art     ( 1324): option[37]=-Ximage-compiler-option
06-08 15:38:36.392 I/art     ( 1324): option[38]=--instruction-set-features=default
06-08 15:38:36.393 I/art     ( 1324): option[39]=-Xcompiler-option
06-08 15:38:36.393 I/art     ( 1324): option[40]=--instruction-set-features=default
06-08 15:38:36.393 I/art     ( 1324): option[41]=-Duser.locale=en-US
06-08 15:38:36.393 I/art     ( 1324): option[42]=--cpu-abilist=x86_64
06-08 15:38:36.393 I/art     ( 1324): option[43]=-Xfingerprint:Android/sdk_phone_x86_64/generic_x86_64:7.1.1/NYC/4931657:userdebug/test-keys
06-08 15:38:36.416 I/hostapd ( 1923): rfkill: Cannot get wiphy information
06-08 15:38:36.419 I/hostapd ( 1923): nl80211: Could not re-add multicast membership for vendor events: -2 (No such file or directory)
06-08 15:38:36.449 I/hostapd ( 1923): wlan1: interface state UNINITIALIZED->COUNTRY_UPDATE
06-08 15:38:36.592 I/art     ( 1325): option[0]=-Xzygote
06-08 15:38:36.592 I/art     ( 1325): option[1]=-Xcheck:jni
06-08 15:38:36.592 I/art     ( 1325): option[2]=-Xstacktracefile:/data/anr/traces.txt
06-08 15:38:36.593 I/art     ( 1325): option[3]=exit
06-08 15:38:36.593 I/art     ( 1325): option[4]=vfprintf
06-08 15:38:36.593 I/art     ( 1325): option[5]=sensitiveThread
06-08 15:38:36.593 I/art     ( 1325): option[6]=-verbose:gc
06-08 15:38:36.593 I/art     ( 1325): option[7]=-Xms4m
06-08 15:38:36.593 I/art     ( 1325): option[8]=-Xmx256m
06-08 15:38:36.593 I/art     ( 1325): option[9]=-Xusejit:true
06-08 15:38:36.604 I/art     ( 1325): option[10]=-Xjitsaveprofilinginfo
06-08 15:38:36.604 I/art     ( 1325): option[11]=-agentlib:jdwp=transport=dt_android_adb,suspend=n,server=y
06-08 15:38:36.604 I/art     ( 1325): option[12]=-Xlockprofthreshold:500
06-08 15:38:36.604 I/art     ( 1325): option[13]=-Ximage-compiler-option
06-08 15:38:36.604 I/art     ( 1325): option[14]=--runtime-arg
06-08 15:38:36.604 I/art     ( 1325): option[15]=-Ximage-compiler-option
06-08 15:38:36.604 I/art     ( 1325): option[16]=-Xms64m
06-08 15:38:36.604 I/art     ( 1325): option[17]=-Ximage-compiler-option
06-08 15:38:36.604 I/art     ( 1325): option[18]=--runtime-arg
06-08 15:38:36.604 I/art     ( 1325): option[19]=-Ximage-compiler-option
06-08 15:38:36.605 I/art     ( 1325): option[20]=-Xmx64m
06-08 15:38:36.605 I/art     ( 1325): option[21]=-Ximage-compiler-option
06-08 15:38:36.605 I/art     ( 1325): option[22]=--image-classes=/system/etc/preloaded-classes
06-08 15:38:36.605 I/art     ( 1325): option[23]=-Ximage-compiler-option
06-08 15:38:36.605 I/art     ( 1325): option[24]=--compiled-classes=/system/etc/compiled-classes
06-08 15:38:36.605 I/art     ( 1325): option[25]=-Xcompiler-option
06-08 15:38:36.605 I/art     ( 1325): option[26]=--runtime-arg
06-08 15:38:36.605 I/art     ( 1325): option[27]=-Xcompiler-option
06-08 15:38:36.605 I/art     ( 1325): option[28]=-Xms64m
06-08 15:38:36.605 I/art     ( 1325): option[29]=-Xcompiler-option
06-08 15:38:36.605 I/art     ( 1325): option[30]=--runtime-arg
06-08 15:38:36.605 I/art     ( 1325): option[31]=-Xcompiler-option
06-08 15:38:36.605 I/art     ( 1325): option[32]=-Xmx512m
06-08 15:38:36.605 I/art     ( 1325): option[33]=-Ximage-compiler-option
06-08 15:38:36.605 I/art     ( 1325): option[34]=--instruction-set-variant=x86
06-08 15:38:36.605 I/art     ( 1325): option[35]=-Xcompiler-option
06-08 15:38:36.605 I/art     ( 1325): option[36]=--instruction-set-variant=x86
06-08 15:38:36.605 I/art     ( 1325): option[37]=-Ximage-compiler-option
06-08 15:38:36.605 I/art     ( 1325): option[38]=--instruction-set-features=default
06-08 15:38:36.606 I/art     ( 1325): option[39]=-Xcompiler-option
06-08 15:38:36.606 I/art     ( 1325): option[40]=--instruction-set-features=default
06-08 15:38:36.606 I/art     ( 1325): option[41]=-Duser.locale=en-US
06-08 15:38:36.606 I/art     ( 1325): option[42]=--cpu-abilist=x86
06-08 15:38:36.606 I/art     ( 1325): option[43]=-Xfingerprint:Android/sdk_phone_x86_64/generic_x86_64:7.1.1/NYC/4931657:userdebug/test-keys
06-08 15:38:39.942 E/ipv6proxy( 1918): Failed to forward Router Advertisement from eth0 to wlan1: Network is unreachable
06-08 15:38:41.564 I/hostapd ( 1923): wlan1: interface state COUNTRY_UPDATE->HT_SCAN
06-08 15:38:43.033 E/hostapd ( 1923): Using interface wlan1 with hwaddr 02:00:00:00:01:00 and ssid "AndroidWifi"
06-08 15:38:43.098 I/hostapd ( 1923): wlan1: interface state HT_SCAN->ENABLED
06-08 15:38:43.098 I/hostapd ( 1923): wlan1: AP-ENABLED 
06-08 15:38:44.399 D/ICU     ( 1325): No timezone override file found: /data/misc/zoneinfo/current/icu/icu_tzdata.dat
06-08 15:38:45.530 D/ICU     ( 1324): No timezone override file found: /data/misc/zoneinfo/current/icu/icu_tzdata.dat
06-08 15:38:49.444 E/memtrack( 1325): Couldn't load memtrack module (No such file or directory)
06-08 15:38:49.445 E/android.os.Debug( 1325): failed to load memtrack module: -2
06-08 15:38:49.512 I/Radio-JNI( 1325): register_android_hardware_Radio DONE
06-08 15:38:50.029 I/SamplingProfilerIntegration( 1325): Profiling disabled.
06-08 15:38:50.143 D/Zygote  ( 1325): begin preload
06-08 15:38:50.143 I/Zygote  ( 1325): Installing ICU cache reference pinning...
06-08 15:38:50.173 I/Zygote  ( 1325): Preloading ICU data...
06-08 15:38:50.513 E/memtrack( 1324): Couldn't load memtrack module (No such file or directory)
06-08 15:38:50.513 E/android.os.Debug( 1324): failed to load memtrack module: -2
06-08 15:38:50.711 I/Radio-JNI( 1324): register_android_hardware_Radio DONE
06-08 15:38:51.204 I/SamplingProfilerIntegration( 1324): Profiling disabled.
06-08 15:38:51.261 D/Zygote  ( 1324): begin preload
06-08 15:38:51.262 I/Zygote  ( 1324): Installing ICU cache reference pinning...
06-08 15:38:51.330 I/Zygote  ( 1324): Preloading ICU data...
06-08 15:38:52.347 I/Zygote  ( 1325): Preloading classes...
06-08 15:38:52.738 I/Zygote  ( 1324): Preloading classes...
06-08 15:38:52.814 W/Zygote  ( 1325): Class not found for preloading: [Landroid.view.Display$ColorTransform;
06-08 15:38:53.002 W/Zygote  ( 1324): Class not found for preloading: [Landroid.view.Display$ColorTransform;
06-08 15:39:00.214 E/Typeface( 1324): Error mapping font file /system/fonts/DroidSansFallback.ttf
06-08 15:39:00.620 E/Typeface( 1325): Error mapping font file /system/fonts/DroidSansFallback.ttf
06-08 15:39:05.422 W/art     ( 1324): Suspending all threads took: 48.850ms
06-08 15:39:05.753 I/art     ( 1324): Background concurrent mark sweep GC freed 21948(2MB) AllocSpace objects, 117(2MB) LOS objects, 33% free, 3MB/4MB, paused 51.513ms total 702.314ms
06-08 15:39:06.358 I/art     ( 1325): Background concurrent mark sweep GC freed 21945(2MB) AllocSpace objects, 59(1044KB) LOS objects, 33% free, 3MB/5MB, paused 2.754ms total 1.084s
06-08 15:39:06.440 I/art     ( 1324): Thread[1,tid=1324,Native,Thread*=0x7d7ed9c95a00,peer=0x12c060d0,"main"] recursive attempt to load library "/system/lib64/libmedia_jni.so"
06-08 15:39:06.587 D/MtpDeviceJNI( 1324): register_android_mtp_MtpDevice
06-08 15:39:06.612 I/art     ( 1324): Thread[1,tid=1324,Native,Thread*=0x7d7ed9c95a00,peer=0x12c060d0,"main"] recursive attempt to load library "/system/lib64/libmedia_jni.so"
06-08 15:39:06.613 I/art     ( 1324): Thread[1,tid=1324,Native,Thread*=0x7d7ed9c95a00,peer=0x12c060d0,"main"] recursive attempt to load library "/system/lib64/libmedia_jni.so"
06-08 15:39:07.239 I/art     ( 1325): Thread[1,tid=1325,Native,Thread*=0xee80b400,peer=0x12c060d0,"main"] recursive attempt to load library "/system/lib/libmedia_jni.so"
06-08 15:39:07.242 D/MtpDeviceJNI( 1325): register_android_mtp_MtpDevice
06-08 15:39:07.243 I/art     ( 1325): Thread[1,tid=1325,Native,Thread*=0xee80b400,peer=0x12c060d0,"main"] recursive attempt to load library "/system/lib/libmedia_jni.so"
06-08 15:39:07.245 I/art     ( 1325): Thread[1,tid=1325,Native,Thread*=0xee80b400,peer=0x12c060d0,"main"] recursive attempt to load library "/system/lib/libmedia_jni.so"
06-08 15:39:08.483 W/art     ( 1325): Suspending all threads took: 112.814ms
06-08 15:39:08.683 I/art     ( 1325): Background sticky concurrent mark sweep GC freed 4024(1891KB) AllocSpace objects, 70(1348KB) LOS objects, 70% free, 1580KB/5MB, paused 113.711ms total 257.236ms
06-08 15:39:10.516 W/Zygote  ( 1324): Class not found for preloading: android.view.Display$ColorTransform
06-08 15:39:10.516 W/Zygote  ( 1324): Class not found for preloading: android.view.Display$ColorTransform$1
06-08 15:39:10.547 W/Zygote  ( 1325): Class not found for preloading: android.view.Display$ColorTransform
06-08 15:39:10.548 W/Zygote  ( 1325): Class not found for preloading: android.view.Display$ColorTransform$1
06-08 15:39:13.285 I/art     ( 1324): Background sticky concurrent mark sweep GC freed 17222(2MB) AllocSpace objects, 12(200KB) LOS objects, 67% free, 1664KB/4MB, paused 8.530ms total 243.136ms
06-08 15:39:14.693 I/System  ( 1324): Loaded time zone names for "" in 1279ms (1274ms in ICU)
06-08 15:39:15.113 I/System  ( 1325): Loaded time zone names for "" in 1611ms (1197ms in ICU)
06-08 15:39:15.343 I/System  ( 1324): Loaded time zone names for "en_US" in 650ms (646ms in ICU)
06-08 15:39:15.932 I/System  ( 1325): Loaded time zone names for "en_US" in 818ms (814ms in ICU)
06-08 15:39:16.213 I/Zygote  ( 1324): ...preloaded 4158 classes in 23475ms.
06-08 15:39:16.214 I/art     ( 1324): VMRuntime.preloadDexCaches starting
06-08 15:39:17.141 I/Zygote  ( 1325): ...preloaded 4158 classes in 24793ms.
06-08 15:39:17.143 I/art     ( 1325): VMRuntime.preloadDexCaches starting
06-08 15:39:17.767 I/art     ( 1324): VMRuntime.preloadDexCaches strings total=283712 before=39625 after=39625
06-08 15:39:17.767 I/art     ( 1324): VMRuntime.preloadDexCaches types total=23581 before=7877 after=7904
06-08 15:39:17.767 I/art     ( 1324): VMRuntime.preloadDexCaches fields total=112007 before=40903 after=41117
06-08 15:39:17.767 I/art     ( 1324): VMRuntime.preloadDexCaches methods total=197534 before=82457 after=83017
06-08 15:39:17.767 I/art     ( 1324): VMRuntime.preloadDexCaches finished
06-08 15:39:17.769 I/Zygote  ( 1324): Preloading resources...
06-08 15:39:19.301 I/art     ( 1325): VMRuntime.preloadDexCaches strings total=283712 before=39625 after=39625
06-08 15:39:19.302 I/art     ( 1325): VMRuntime.preloadDexCaches types total=23581 before=7877 after=7904
06-08 15:39:19.302 I/art     ( 1325): VMRuntime.preloadDexCaches fields total=112007 before=40903 after=41117
06-08 15:39:19.302 I/art     ( 1325): VMRuntime.preloadDexCaches methods total=197534 before=82457 after=83017
06-08 15:39:19.302 I/art     ( 1325): VMRuntime.preloadDexCaches finished
06-08 15:39:19.304 I/Zygote  ( 1325): Preloading resources...
06-08 15:39:19.391 W/Resources( 1324): Preloaded drawable resource #0x108025c (android:drawable/dialog_background_material) that varies with configuration!!
06-08 15:39:19.494 W/Resources( 1324): Preloaded drawable resource #0x1080298 (android:drawable/editbox_dropdown_background_dark) that varies with configuration!!
06-08 15:39:19.662 W/Resources( 1324): Preloaded color resource #0x10600e2 (android:color/material_grey_800) that varies with configuration!!
06-08 15:39:19.662 W/Resources( 1324): Preloaded drawable resource #0x10802c9 (android:drawable/floating_popup_background_dark) that varies with configuration!!
06-08 15:39:20.404 W/Resources( 1324): Preloaded drawable resource #0x108030b (android:drawable/ic_clear_disabled) that varies with configuration!!
06-08 15:39:20.407 W/Resources( 1324): Preloaded drawable resource #0x1080310 (android:drawable/ic_clear_normal) that varies with configuration!!
06-08 15:39:20.453 W/Resources( 1324): Preloaded drawable resource #0x1080359 (android:drawable/ic_go) that varies with configuration!!
06-08 15:39:20.706 W/Resources( 1324): Preloaded drawable resource #0x1080038 (android:drawable/ic_menu_close_clear_cancel) that varies with configuration!!
06-08 15:39:20.741 W/Resources( 1324): Preloaded drawable resource #0x1080045 (android:drawable/ic_menu_more) that varies with configuration!!
06-08 15:39:20.768 W/Resources( 1325): Preloaded drawable resource #0x108025c (android:drawable/dialog_background_material) that varies with configuration!!
06-08 15:39:20.795 W/Resources( 1325): Preloaded drawable resource #0x1080298 (android:drawable/editbox_dropdown_background_dark) that varies with configuration!!
06-08 15:39:20.910 W/art     ( 1324): Suspending all threads took: 13.394ms
06-08 15:39:21.080 I/art     ( 1324): Background sticky concurrent mark sweep GC freed 9164(562KB) AllocSpace objects, 2(80KB) LOS objects, 13% free, 4MB/4MB, paused 143.578ms total 300.382ms
06-08 15:39:21.105 W/Resources( 1325): Preloaded color resource #0x10600e2 (android:color/material_grey_800) that varies with configuration!!
06-08 15:39:21.105 W/Resources( 1325): Preloaded drawable resource #0x10802c9 (android:drawable/floating_popup_background_dark) that varies with configuration!!
06-08 15:39:21.193 W/Resources( 1324): Preloaded drawable resource #0x10804e8 (android:drawable/menu_background_fill_parent_width) that varies with configuration!!
06-08 15:39:21.541 W/art     ( 1324): Suspending all threads took: 46.462ms
06-08 15:39:21.556 I/art     ( 1324): Background concurrent mark sweep GC freed 3451(182KB) AllocSpace objects, 6(152KB) LOS objects, 46% free, 4MB/8MB, paused 47.459ms total 155.813ms
06-08 15:39:21.728 W/Resources( 1325): Preloaded drawable resource #0x108030b (android:drawable/ic_clear_disabled) that varies with configuration!!
06-08 15:39:21.803 W/Resources( 1325): Preloaded drawable resource #0x1080310 (android:drawable/ic_clear_normal) that varies with configuration!!
06-08 15:39:21.964 W/Resources( 1325): Preloaded drawable resource #0x1080359 (android:drawable/ic_go) that varies with configuration!!
06-08 15:39:22.181 W/Resources( 1325): Preloaded drawable resource #0x1080038 (android:drawable/ic_menu_close_clear_cancel) that varies with configuration!!
06-08 15:39:22.201 I/art     ( 1325): Background sticky concurrent mark sweep GC freed 22166(1415KB) AllocSpace objects, 0(0B) LOS objects, 22% free, 4MB/5MB, paused 2.430ms total 360.469ms
06-08 15:39:22.204 W/Resources( 1325): Preloaded drawable resource #0x1080045 (android:drawable/ic_menu_more) that varies with configuration!!
06-08 15:39:23.591 W/Resources( 1325): Preloaded drawable resource #0x10804e8 (android:drawable/menu_background_fill_parent_width) that varies with configuration!!
06-08 15:39:23.817 W/Resources( 1324): Preloaded drawable resource #0x108077e (android:drawable/text_edit_paste_window) that varies with configuration!!
06-08 15:39:24.063 W/Resources( 1324): Preloaded drawable resource #0x1080096 (android:drawable/toast_frame) that varies with configuration!!
06-08 15:39:24.064 I/Zygote  ( 1324): ...preloaded 114 resources in 6295ms.
06-08 15:39:24.286 W/Resources( 1324): Preloaded color resource #0x106010b (android:color/background_cache_hint_selector_material_dark) that varies with configuration!!
06-08 15:39:24.289 W/Resources( 1324): Preloaded color resource #0x1060110 (android:color/btn_default_material_dark) that varies with configuration!!
06-08 15:39:24.399 I/Zygote  ( 1324): ...preloaded 41 resources in 335ms.
06-08 15:39:24.452 D/libEGL  ( 1324): Emulator without GPU support detected. Fallback to legacy software renderer, qemu.gles is set to 0.
06-08 15:39:24.547 D/libEGL  ( 1324): loaded /system/lib64/egl/libGLES_android.so
06-08 15:39:24.807 I/art     ( 1325): Background sticky concurrent mark sweep GC freed 666(29KB) AllocSpace objects, 2(80KB) LOS objects, 0% free, 5MB/5MB, paused 2.359ms total 319.552ms
06-08 15:39:25.084 I/art     ( 1325): Background concurrent mark sweep GC freed 3762(187KB) AllocSpace objects, 7(152KB) LOS objects, 44% free, 5MB/9MB, paused 647us total 188.905ms
06-08 15:39:25.595 I/Zygote  ( 1324): Preloading shared libraries...
06-08 15:39:25.902 E/Hyphenator( 1324): error loading hyphenation /system/usr/hyphen-data/hyph-as.hyb
06-08 15:39:25.902 E/Hyphenator( 1324): java.io.FileNotFoundException: /system/usr/hyphen-data/hyph-as.hyb: open failed: ENOENT (No such file or directory)
06-08 15:39:25.902 E/Hyphenator( 1324): 	at libcore.io.IoBridge.open(IoBridge.java:455)
06-08 15:39:25.902 E/Hyphenator( 1324): 	at java.io.RandomAccessFile.<init>(RandomAccessFile.java:247)
06-08 15:39:25.902 E/Hyphenator( 1324): 	at android.text.Hyphenator.loadHyphenator(Hyphenator.java:118)
06-08 15:39:25.902 E/Hyphenator( 1324): 	at android.text.Hyphenator.init(Hyphenator.java:224)
06-08 15:39:25.902 E/Hyphenator( 1324): 	at com.android.internal.os.ZygoteInit.preloadTextResources(ZygoteInit.java:252)
06-08 15:39:25.902 E/Hyphenator( 1324): 	at com.android.internal.os.ZygoteInit.preload(ZygoteInit.java:206)
06-08 15:39:25.902 E/Hyphenator( 1324): 	at com.android.internal.os.ZygoteInit.main(ZygoteInit.java:743)
06-08 15:39:25.902 E/Hyphenator( 1324): Caused by: android.system.ErrnoException: open failed: ENOENT (No such file or directory)
06-08 15:39:25.902 E/Hyphenator( 1324): 	at libcore.io.Posix.open(Native Method)
06-08 15:39:25.902 E/Hyphenator( 1324): 	at libcore.io.BlockGuardOs.open(BlockGuardOs.java:187)
06-08 15:39:25.902 E/Hyphenator( 1324): 	at libcore.io.IoBridge.open(IoBridge.java:441)
06-08 15:39:25.902 E/Hyphenator( 1324): 	... 6 more
06-08 15:39:25.904 E/Hyphenator( 1324): error loading hyphenation /system/usr/hyphen-data/hyph-bn.hyb
06-08 15:39:25.904 E/Hyphenator( 1324): java.io.FileNotFoundException: /system/usr/hyphen-data/hyph-bn.hyb: open failed: ENOENT (No such file or directory)
06-08 15:39:25.904 E/Hyphenator( 1324): 	at libcore.io.IoBridge.open(IoBridge.java:455)
06-08 15:39:25.904 E/Hyphenator( 1324): 	at java.io.RandomAccessFile.<init>(RandomAccessFile.java:247)
06-08 15:39:25.904 E/Hyphenator( 1324): 	at android.text.Hyphenator.loadHyphenator(Hyphenator.java:118)
06-08 15:39:25.904 E/Hyphenator( 1324): 	at android.text.Hyphenator.init(Hyphenator.java:224)
06-08 15:39:25.904 E/Hyphenator( 1324): 	at com.android.internal.os.ZygoteInit.preloadTextResources(ZygoteInit.java:252)
06-08 15:39:25.904 E/Hyphenator( 1324): 	at com.android.internal.os.ZygoteInit.preload(ZygoteInit.java:206)
06-08 15:39:25.904 E/Hyphenator( 1324): 	at com.android.internal.os.ZygoteInit.main(ZygoteInit.java:743)
06-08 15:39:25.904 E/Hyphenator( 1324): Caused by: android.system.ErrnoException: open failed: ENOENT (No such file or directory)
06-08 15:39:25.904 E/Hyphenator( 1324): 	at libcore.io.Posix.open(Native Method)
06-08 15:39:25.904 E/Hyphenator( 1324): 	at libcore.io.BlockGuardOs.open(BlockGuardOs.java:187)
06-08 15:39:25.904 E/Hyphenator( 1324): 	at libcore.io.IoBridge.open(IoBridge.java:441)
06-08 15:39:25.904 E/Hyphenator( 1324): 	... 6 more
06-08 15:39:25.905 E/Hyphenator( 1324): error loading hyphenation /system/usr/hyphen-data/hyph-cy.hyb
06-08 15:39:25.905 E/Hyphenator( 1324): java.io.FileNotFoundException: /system/usr/hyphen-data/hyph-cy.hyb: open failed: ENOENT (No such file or directory)
06-08 15:39:25.905 E/Hyphenator( 1324): 	at libcore.io.IoBridge.open(IoBridge.java:455)
06-08 15:39:25.905 E/Hyphenator( 1324): 	at java.io.RandomAccessFile.<init>(RandomAccessFile.java:247)
06-08 15:39:25.905 E/Hyphenator( 1324): 	at android.text.Hyphenator.loadHyphenator(Hyphenator.java:118)
06-08 15:39:25.905 E/Hyphenator( 1324): 	at android.text.Hyphenator.init(Hyphenator.java:224)
06-08 15:39:25.905 E/Hyphenator( 1324): 	at com.android.internal.os.ZygoteInit.preloadTextResources(ZygoteInit.java:252)
06-08 15:39:25.905 E/Hyphenator( 1324): 	at com.android.internal.os.ZygoteInit.preload(ZygoteInit.java:206)
06-08 15:39:25.905 E/Hyphenator( 1324): 	at com.android.internal.os.ZygoteInit.main(ZygoteInit.java:743)
06-08 15:39:25.905 E/Hyphenator( 1324): Caused by: android.system.ErrnoException: open failed: ENOENT (No such file or directory)
06-08 15:39:25.905 E/Hyphenator( 1324): 	at libcore.io.Posix.open(Native Method)
06-08 15:39:25.905 E/Hyphenator( 1324): 	at libcore.io.BlockGuardOs.open(BlockGuardOs.java:187)
06-08 15:39:25.905 E/Hyphenator( 1324): 	at libcore.io.IoBridge.open(IoBridge.java:441)
06-08 15:39:25.905 E/Hyphenator( 1324): 	... 6 more
06-08 15:39:25.906 E/Hyphenator( 1324): error loading hyphenation /system/usr/hyphen-data/hyph-da.hyb
06-08 15:39:25.906 E/Hyphenator( 1324): java.io.FileNotFoundException: /system/usr/hyphen-data/hyph-da.hyb: open failed: ENOENT (No such file or directory)
06-08 15:39:25.906 E/Hyphenator( 1324): 	at libcore.io.IoBridge.open(IoBridge.java:455)
06-08 15:39:25.906 E/Hyphenator( 1324): 	at java.io.RandomAccessFile.<init>(RandomAccessFile.java:247)
06-08 15:39:25.906 E/Hyphenator( 1324): 	at android.text.Hyphenator.loadHyphenator(Hyphenator.java:118)
06-08 15:39:25.906 E/Hyphenator( 1324): 	at android.text.Hyphenator.init(Hyphenator.java:224)
06-08 15:39:25.906 E/Hyphenator( 1324): 	at com.android.internal.os.ZygoteInit.preloadTextResources(ZygoteInit.java:252)
06-08 15:39:25.906 E/Hyphenator( 1324): 	at com.android.internal.os.ZygoteInit.preload(ZygoteInit.java:206)
06-08 15:39:25.906 E/Hyphenator( 1324): 	at com.android.internal.os.ZygoteInit.main(ZygoteInit.java:743)
06-08 15:39:25.906 E/Hyphenator( 1324): Caused by: android.system.ErrnoException: open failed: ENOENT (No such file or directory)
06-08 15:39:25.906 E/Hyphenator( 1324): 	at libcore.io.Posix.open(Native Method)
06-08 15:39:25.906 E/Hyphenator( 1324): 	at libcore.io.BlockGuardOs.open(BlockGuardOs.java:187)
06-08 15:39:25.906 E/Hyphenator( 1324): 	at libcore.io.IoBridge.open(IoBridge.java:441)
06-08 15:39:25.906 E/Hyphenator( 1324): 	... 6 more
06-08 15:39:25.908 E/Hyphenator( 1324): error loading hyphenation /system/usr/hyphen-data/hyph-de-1901.hyb
06-08 15:39:25.908 E/Hyphenator( 1324): java.io.FileNotFoundException: /system/usr/hyphen-data/hyph-de-1901.hyb: open failed: ENOENT (No such file or directory)
06-08 15:39:25.908 E/Hyphenator( 1324): 	at libcore.io.IoBridge.open(IoBridge.java:455)
06-08 15:39:25.908 E/Hyphenator( 1324): 	at java.io.RandomAccessFile.<init>(RandomAccessFile.java:247)
06-08 15:39:25.908 E/Hyphenator( 1324): 	at android.text.Hyphenator.loadHyphenator(Hyphenator.java:118)
06-08 15:39:25.908 E/Hyphenator( 1324): 	at android.text.Hyphenator.init(Hyphenator.java:224)
06-08 15:39:25.908 E/Hyphenator( 1324): 	at com.android.internal.os.ZygoteInit.preloadTextResources(ZygoteInit.java:252)
06-08 15:39:25.908 E/Hyphenator( 1324): 	at com.android.internal.os.ZygoteInit.preload(ZygoteInit.java:206)
06-08 15:39:25.908 E/Hyphenator( 1324): 	at com.android.internal.os.ZygoteInit.main(ZygoteInit.java:743)
06-08 15:39:25.908 E/Hyphenator( 1324): Caused by: android.system.ErrnoException: open failed: ENOENT (No such file or directory)
06-08 15:39:25.908 E/Hyphenator( 1324): 	at libcore.io.Posix.open(Native Method)
06-08 15:39:25.908 E/Hyphenator( 1324): 	at libcore.io.BlockGuardOs.open(BlockGuardOs.java:187)
06-08 15:39:25.908 E/Hyphenator( 1324): 	at libcore.io.IoBridge.open(IoBridge.java:441)
06-08 15:39:25.908 E/Hyphenator( 1324): 	... 6 more
06-08 15:39:25.909 E/Hyphenator( 1324): error loading hyphenation /system/usr/hyphen-data/hyph-de-1996.hyb
06-08 15:39:25.909 E/Hyphenator( 1324): java.io.FileNotFoundException: /system/usr/hyphen-data/hyph-de-1996.hyb: open failed: ENOENT (No such file or directory)
06-08 15:39:25.909 E/Hyphenator( 1324): 	at libcore.io.IoBridge.open(IoBridge.java:455)
06-08 15:39:25.909 E/Hyphenator( 1324): 	at java.io.RandomAccessFile.<init>(RandomAccessFile.java:247)
06-08 15:39:25.909 E/Hyphenator( 1324): 	at android.text.Hyphenator.loadHyphenator(Hyphenator.java:118)
06-08 15:39:25.909 E/Hyphenator( 1324): 	at android.text.Hyphenator.init(Hyphenator.java:224)
06-08 15:39:25.909 E/Hyphenator( 1324): 	at com.android.internal.os.ZygoteInit.preloadTextResources(ZygoteInit.java:252)
06-08 15:39:25.909 E/Hyphenator( 1324): 	at com.android.internal.os.ZygoteInit.preload(ZygoteInit.java:206)
06-08 15:39:25.909 E/Hyphenator( 1324): 	at com.android.internal.os.ZygoteInit.main(ZygoteInit.java:743)
06-08 15:39:25.909 E/Hyphenator( 1324): Caused by: android.system.ErrnoException: open failed: ENOENT (No such file or directory)
06-08 15:39:25.909 E/Hyphenator( 1324): 	at libcore.io.Posix.open(Native Method)
06-08 15:39:25.909 E/Hyphenator( 1324): 	at libcore.io.BlockGuardOs.open(BlockGuardOs.java:187)
06-08 15:39:25.909 E/Hyphenator( 1324): 	at libcore.io.IoBridge.open(IoBridge.java:441)
06-08 15:39:25.909 E/Hyphenator( 1324): 	... 6 more
06-08 15:39:25.953 E/Hyphenator( 1324): error loading hyphenation /system/usr/hyphen-data/hyph-de-ch-1901.hyb
06-08 15:39:25.953 E/Hyphenator( 1324): java.io.FileNotFoundException: /system/usr/hyphen-data/hyph-de-ch-1901.hyb: open failed: ENOENT (No such file or directory)
06-08 15:39:25.953 E/Hyphenator( 1324): 	at libcore.io.IoBridge.open(IoBridge.java:455)
06-08 15:39:25.953 E/Hyphenator( 1324): 	at java.io.RandomAccessFile.<init>(RandomAccessFile.java:247)
06-08 15:39:25.953 E/Hyphenator( 1324): 	at android.text.Hyphenator.loadHyphenator(Hyphenator.java:118)
06-08 15:39:25.953 E/Hyphenator( 1324): 	at android.text.Hyphenator.init(Hyphenator.java:224)
06-08 15:39:25.953 E/Hyphenator( 1324): 	at com.android.internal.os.ZygoteInit.preloadTextResources(ZygoteInit.java:252)
06-08 15:39:25.953 E/Hyphenator( 1324): 	at com.android.internal.os.ZygoteInit.preload(ZygoteInit.java:206)
06-08 15:39:25.953 E/Hyphenator( 1324): 	at com.android.internal.os.ZygoteInit.main(ZygoteInit.java:743)
06-08 15:39:25.953 E/Hyphenator( 1324): Caused by: android.system.ErrnoException: open failed: ENOENT (No such file or directory)
06-08 15:39:25.953 E/Hyphenator( 1324): 	at libcore.io.Posix.open(Native Method)
06-08 15:39:25.953 E/Hyphenator( 1324): 	at libcore.io.BlockGuardOs.open(BlockGuardOs.java:187)
06-08 15:39:25.953 E/Hyphenator( 1324): 	at libcore.io.IoBridge.open(IoBridge.java:441)
06-08 15:39:25.953 E/Hyphenator( 1324): 	... 6 more
06-08 15:39:25.955 E/Hyphenator( 1324): error loading hyphenation /system/usr/hyphen-data/hyph-en-gb.hyb
06-08 15:39:25.955 E/Hyphenator( 1324): java.io.FileNotFoundException: /system/usr/hyphen-data/hyph-en-gb.hyb: open failed: ENOENT (No such file or directory)
06-08 15:39:25.955 E/Hyphenator( 1324): 	at libcore.io.IoBridge.open(IoBridge.java:455)
06-08 15:39:25.955 E/Hyphenator( 1324): 	at java.io.RandomAccessFile.<init>(RandomAccessFile.java:247)
06-08 15:39:25.955 E/Hyphenator( 1324): 	at android.text.Hyphenator.loadHyphenator(Hyphenator.java:118)
06-08 15:39:25.955 E/Hyphenator( 1324): 	at android.text.Hyphenator.init(Hyphenator.java:224)
06-08 15:39:25.955 E/Hyphenator( 1324): 	at com.android.internal.os.ZygoteInit.preloadTextResources(ZygoteInit.java:252)
06-08 15:39:25.955 E/Hyphenator( 1324): 	at com.android.internal.os.ZygoteInit.preload(ZygoteInit.java:206)
06-08 15:39:25.955 E/Hyphenator( 1324): 	at com.android.internal.os.ZygoteInit.main(ZygoteInit.java:743)
06-08 15:39:25.955 E/Hyphenator( 1324): Caused by: android.system.ErrnoException: open failed: ENOENT (No such file or directory)
06-08 15:39:25.955 E/Hyphenator( 1324): 	at libcore.io.Posix.open(Native Method)
06-08 15:39:25.955 E/Hyphenator( 1324): 	at libcore.io.BlockGuardOs.open(BlockGuardOs.java:187)
06-08 15:39:25.955 E/Hyphenator( 1324): 	at libcore.io.IoBridge.open(IoBridge.java:441)
06-08 15:39:25.955 E/Hyphenator( 1324): 	... 6 more
06-08 15:39:25.956 E/Hyphenator( 1324): error loading hyphenation /system/usr/hyphen-data/hyph-en-us.hyb
06-08 15:39:25.956 E/Hyphenator( 1324): java.io.FileNotFoundException: /system/usr/hyphen-data/hyph-en-us.hyb: open failed: ENOENT (No such file or directory)
06-08 15:39:25.956 E/Hyphenator( 1324): 	at libcore.io.IoBridge.open(IoBridge.java:455)
06-08 15:39:25.956 E/Hyphenator( 1324): 	at java.io.RandomAccessFile.<init>(RandomAccessFile.java:247)
06-08 15:39:25.956 E/Hyphenator( 1324): 	at android.text.Hyphenator.loadHyphenator(Hyphenator.java:118)
06-08 15:39:25.956 E/Hyphenator( 1324): 	at android.text.Hyphenator.init(Hyphenator.java:224)
06-08 15:39:25.956 E/Hyphenator( 1324): 	at com.android.internal.os.ZygoteInit.preloadTextResources(ZygoteInit.java:252)
06-08 15:39:25.956 E/Hyphenator( 1324): 	at com.android.internal.os.ZygoteInit.preload(ZygoteInit.java:206)
06-08 15:39:25.956 E/Hyphenator( 1324): 	at com.android.internal.os.ZygoteInit.main(ZygoteInit.java:743)
06-08 15:39:25.956 E/Hyphenator( 1324): Caused by: android.system.ErrnoException: open failed: ENOENT (No such file or directory)
06-08 15:39:25.956 E/Hyphenator( 1324): 	at libcore.io.Posix.open(Native Method)
06-08 15:39:25.956 E/Hyphenator( 1324): 	at libcore.io.BlockGuardOs.open(BlockGuardOs.java:187)
06-08 15:39:25.956 E/Hyphenator( 1324): 	at libcore.io.IoBridge.open(IoBridge.java:441)
06-08 15:39:25.956 E/Hyphenator( 1324): 	... 6 more
06-08 15:39:25.957 E/Hyphenator( 1324): error loading hyphenation /system/usr/hyphen-data/hyph-es.hyb
06-08 15:39:25.957 E/Hyphenator( 1324): java.io.FileNotFoundException: /system/usr/hyphen-data/hyph-es.hyb: open failed: ENOENT (No such file or directory)
06-08 15:39:25.957 E/Hyphenator( 1324): 	at libcore.io.IoBridge.open(IoBridge.java:455)
06-08 15:39:25.957 E/Hyphenator( 1324): 	at java.io.RandomAccessFile.<init>(RandomAccessFile.java:247)
06-08 15:39:25.957 E/Hyphenator( 1324): 	at android.text.Hyphenator.loadHyphenator(Hyphenator.java:118)
06-08 15:39:25.957 E/Hyphenator( 1324): 	at android.text.Hyphenator.init(Hyphenator.java:224)
06-08 15:39:25.957 E/Hyphenator( 1324): 	at com.android.internal.os.ZygoteInit.preloadTextResources(ZygoteInit.java:252)
06-08 15:39:25.957 E/Hyphenator( 1324): 	at com.android.internal.os.ZygoteInit.preload(ZygoteInit.java:206)
06-08 15:39:25.957 E/Hyphenator( 1324): 	at com.android.internal.os.ZygoteInit.main(ZygoteInit.java:743)
06-08 15:39:25.957 E/Hyphenator( 1324): Caused by: android.system.ErrnoException: open failed: ENOENT (No such file or directory)
06-08 15:39:25.957 E/Hyphenator( 1324): 	at libcore.io.Posix.open(Native Method)
06-08 15:39:25.957 E/Hyphenator( 1324): 	at libcore.io.BlockGuardOs.open(BlockGuardOs.java:187)
06-08 15:39:25.957 E/Hyphenator( 1324): 	at libcore.io.IoBridge.open(IoBridge.java:441)
06-08 15:39:25.957 E/Hyphenator( 1324): 	... 6 more
06-08 15:39:25.959 E/Hyphenator( 1324): error loading hyphenation /system/usr/hyphen-data/hyph-et.hyb
06-08 15:39:25.959 E/Hyphenator( 1324): java.io.FileNotFoundException: /system/usr/hyphen-data/hyph-et.hyb: open failed: ENOENT (No such file or directory)
06-08 15:39:25.959 E/Hyphenator( 1324): 	at libcore.io.IoBridge.open(IoBridge.java:455)
06-08 15:39:25.959 E/Hyphenator( 1324): 	at java.io.RandomAccessFile.<init>(RandomAccessFile.java:247)
06-08 15:39:25.959 E/Hyphenator( 1324): 	at android.text.Hyphenator.loadHyphenator(Hyphenator.java:118)
06-08 15:39:25.959 E/Hyphenator( 1324): 	at android.text.Hyphenator.init(Hyphenator.java:224)
06-08 15:39:25.959 E/Hyphenator( 1324): 	at com.android.internal.os.ZygoteInit.preloadTextResources(ZygoteInit.java:252)
06-08 15:39:25.959 E/Hyphenator( 1324): 	at com.android.internal.os.ZygoteInit.preload(ZygoteInit.java:206)
06-08 15:39:25.959 E/Hyphenator( 1324): 	at com.android.internal.os.ZygoteInit.main(ZygoteInit.java:743)
06-08 15:39:25.959 E/Hyphenator( 1324): Caused by: android.system.ErrnoException: open failed: ENOENT (No such file or directory)
06-08 15:39:25.959 E/Hyphenator( 1324): 	at libcore.io.Posix.open(Native Method)
06-08 15:39:25.959 E/Hyphenator( 1324): 	at libcore.io.BlockGuardOs.open(BlockGuardOs.java:187)
06-08 15:39:25.959 E/Hyphenator( 1324): 	at libcore.io.IoBridge.open(IoBridge.java:441)
06-08 15:39:25.959 E/Hyphenator( 1324): 	... 6 more
06-08 15:39:25.991 E/Hyphenator( 1324): error loading hyphenation /system/usr/hyphen-data/hyph-eu.hyb
06-08 15:39:25.991 E/Hyphenator( 1324): java.io.FileNotFoundException: /system/usr/hyphen-data/hyph-eu.hyb: open failed: ENOENT (No such file or directory)
06-08 15:39:25.991 E/Hyphenator( 1324): 	at libcore.io.IoBridge.open(IoBridge.java:455)
06-08 15:39:25.991 E/Hyphenator( 1324): 	at java.io.RandomAccessFile.<init>(RandomAccessFile.java:247)
06-08 15:39:25.991 E/Hyphenator( 1324): 	at android.text.Hyphenator.loadHyphenator(Hyphenator.java:118)
06-08 15:39:25.991 E/Hyphenator( 1324): 	at android.text.Hyphenator.init(Hyphenator.java:224)
06-08 15:39:25.991 E/Hyphenator( 1324): 	at com.android.internal.os.ZygoteInit.preloadTextResources(ZygoteInit.java:252)
06-08 15:39:25.991 E/Hyphenator( 1324): 	at com.android.internal.os.ZygoteInit.preload(ZygoteInit.java:206)
06-08 15:39:25.991 E/Hyphenator( 1324): 	at com.android.internal.os.ZygoteInit.main(ZygoteInit.java:743)
06-08 15:39:25.991 E/Hyphenator( 1324): Caused by: android.system.ErrnoException: open failed: ENOENT (No such file or directory)
06-08 15:39:25.991 E/Hyphenator( 1324): 	at libcore.io.Posix.open(Native Method)
06-08 15:39:25.991 E/Hyphenator( 1324): 	at libcore.io.BlockGuardOs.open(BlockGuardOs.java:187)
06-08 15:39:25.991 E/Hyphenator( 1324): 	at libcore.io.IoBridge.open(IoBridge.java:441)
06-08 15:39:25.991 E/Hyphenator( 1324): 	... 6 more
06-08 15:39:25.992 E/Hyphenator( 1324): error loading hyphenation /system/usr/hyphen-data/hyph-fr.hyb
06-08 15:39:25.992 E/Hyphenator( 1324): java.io.FileNotFoundException: /system/usr/hyphen-data/hyph-fr.hyb: open failed: ENOENT (No such file or directory)
06-08 15:39:25.992 E/Hyphenator( 1324): 	at libcore.io.IoBridge.open(IoBridge.java:455)
06-08 15:39:25.992 E/Hyphenator( 1324): 	at java.io.RandomAccessFile.<init>(RandomAccessFile.java:247)
06-08 15:39:25.992 E/Hyphenator( 1324): 	at android.text.Hyphenator.loadHyphenator(Hyphenator.java:118)
06-08 15:39:25.992 E/Hyphenator( 1324): 	at android.text.Hyphenator.init(Hyphenator.java:224)
06-08 15:39:25.992 E/Hyphenator( 1324): 	at com.android.internal.os.ZygoteInit.preloadTextResources(ZygoteInit.java:252)
06-08 15:39:25.992 E/Hyphenator( 1324): 	at com.android.internal.os.ZygoteInit.preload(ZygoteInit.java:206)
06-08 15:39:25.992 E/Hyphenator( 1324): 	at com.android.internal.os.ZygoteInit.main(ZygoteInit.java:743)
06-08 15:39:25.992 E/Hyphenator( 1324): Caused by: android.system.ErrnoException: open failed: ENOENT (No such file or directory)
06-08 15:39:25.992 E/Hyphenator( 1324): 	at libcore.io.Posix.open(Native Method)
06-08 15:39:25.992 E/Hyphenator( 1324): 	at libcore.io.BlockGuardOs.open(BlockGuardOs.java:187)
06-08 15:39:25.992 E/Hyphenator( 1324): 	at libcore.io.IoBridge.open(IoBridge.java:441)
06-08 15:39:25.992 E/Hyphenator( 1324): 	... 6 more
06-08 15:39:25.994 E/Hyphenator( 1324): error loading hyphenation /system/usr/hyphen-data/hyph-ga.hyb
06-08 15:39:25.994 E/Hyphenator( 1324): java.io.FileNotFoundException: /system/usr/hyphen-data/hyph-ga.hyb: open failed: ENOENT (No such file or directory)
06-08 15:39:25.994 E/Hyphenator( 1324): 	at libcore.io.IoBridge.open(IoBridge.java:455)
06-08 15:39:25.994 E/Hyphenator( 1324): 	at java.io.RandomAccessFile.<init>(RandomAccessFile.java:247)
06-08 15:39:25.994 E/Hyphenator( 1324): 	at android.text.Hyphenator.loadHyphenator(Hyphenator.java:118)
06-08 15:39:25.994 E/Hyphenator( 1324): 	at android.text.Hyphenator.init(Hyphenator.java:224)
06-08 15:39:25.994 E/Hyphenator( 1324): 	at com.android.internal.os.ZygoteInit.preloadTextResources(ZygoteInit.java:252)
06-08 15:39:25.994 E/Hyphenator( 1324): 	at com.android.internal.os.ZygoteInit.preload(ZygoteInit.java:206)
06-08 15:39:25.994 E/Hyphenator( 1324): 	at com.android.internal.os.ZygoteInit.main(ZygoteInit.java:743)
06-08 15:39:25.994 E/Hyphenator( 1324): Caused by: android.system.ErrnoException: open failed: ENOENT (No such file or directory)
06-08 15:39:25.994 E/Hyphenator( 1324): 	at libcore.io.Posix.open(Native Method)
06-08 15:39:25.994 E/Hyphenator( 1324): 	at libcore.io.BlockGuardOs.open(BlockGuardOs.java:187)
06-08 15:39:25.994 E/Hyphenator( 1324): 	at libcore.io.IoBridge.open(IoBridge.java:441)
06-08 15:39:25.994 E/Hyphenator( 1324): 	... 6 more
06-08 15:39:25.995 E/Hyphenator( 1324): error loading hyphenation /system/usr/hyphen-data/hyph-gu.hyb
06-08 15:39:25.995 E/Hyphenator( 1324): java.io.FileNotFoundException: /system/usr/hyphen-data/hyph-gu.hyb: open failed: ENOENT (No such file or directory)
06-08 15:39:25.995 E/Hyphenator( 1324): 	at libcore.io.IoBridge.open(IoBridge.java:455)
06-08 15:39:25.995 E/Hyphenator( 1324): 	at java.io.RandomAccessFile.<init>(RandomAccessFile.java:247)
06-08 15:39:25.995 E/Hyphenator( 1324): 	at android.text.Hyphenator.loadHyphenator(Hyphenator.java:118)
06-08 15:39:25.995 E/Hyphenator( 1324): 	at android.text.Hyphenator.init(Hyphenator.java:224)
06-08 15:39:25.995 E/Hyphenator( 1324): 	at com.android.internal.os.ZygoteInit.preloadTextResources(ZygoteInit.java:252)
06-08 15:39:25.995 E/Hyphenator( 1324): 	at com.android.internal.os.ZygoteInit.preload(ZygoteInit.java:206)
06-08 15:39:25.995 E/Hyphenator( 1324): 	at com.android.internal.os.ZygoteInit.main(ZygoteInit.java:743)
06-08 15:39:25.995 E/Hyphenator( 1324): Caused by: android.system.ErrnoException: open failed: ENOENT (No such file or directory)
06-08 15:39:25.995 E/Hyphenator( 1324): 	at libcore.io.Posix.open(Native Method)
06-08 15:39:25.995 E/Hyphenator( 1324): 	at libcore.io.BlockGuardOs.open(BlockGuardOs.java:187)
06-08 15:39:25.995 E/Hyphenator( 1324): 	at libcore.io.IoBridge.open(IoBridge.java:441)
06-08 15:39:25.995 E/Hyphenator( 1324): 	... 6 more
06-08 15:39:25.996 E/Hyphenator( 1324): error loading hyphenation /system/usr/hyphen-data/hyph-hi.hyb
06-08 15:39:25.996 E/Hyphenator( 1324): java.io.FileNotFoundException: /system/usr/hyphen-data/hyph-hi.hyb: open failed: ENOENT (No such file or directory)
06-08 15:39:25.996 E/Hyphenator( 1324): 	at libcore.io.IoBridge.open(IoBridge.java:455)
06-08 15:39:25.996 E/Hyphenator( 1324): 	at java.io.RandomAccessFile.<init>(RandomAccessFile.java:247)
