06-08 15:41:44.469 V/EmulatedCamera_Camera( 1327): getCameraInfo
06-08 15:41:44.469 V/EmulatedCamera_BaseCamera( 1327): getCameraInfo
06-08 15:41:44.479 V/EmulatedCamera_Camera( 1327): getCameraInfo
06-08 15:41:44.479 V/EmulatedCamera_BaseCamera( 1327): getCameraInfo
06-08 15:41:44.520 V/EmulatedCamera_Camera( 1327): getCameraInfo
06-08 15:41:44.521 V/EmulatedCamera_BaseCamera( 1327): getCameraInfo
06-08 15:41:44.857 W/art     ( 2184): Long monitor contention with owner android.display (2249) at void com.android.server.wm.WindowAnimator$1.doFrame(long)(WindowAnimator.java:144) waiters=0 in float com.android.server.wm.WindowManagerService.getCurrentAnimatorScale() for 229ms
06-08 15:41:45.231 W/art     ( 2184): Long monitor contention with owner android.display (2249) at void com.android.server.wm.WindowAnimator$1.doFrame(long)(WindowAnimator.java:144) waiters=0 in float com.android.server.wm.WindowManagerService.getCurrentAnimatorScale() for 366ms
06-08 15:41:45.554 I/StatusBar( 2827): isKeyguardShowing() called before startKeyguard(), returning true
06-08 15:41:45.606 W/StatusBar( 2827): isKeyguardSecure() called before startKeyguard(), returning false
06-08 15:41:45.606 W/StatusBar( 2827): java.lang.Throwable
06-08 15:41:45.606 W/StatusBar( 2827): 	at com.android.systemui.statusbar.BaseStatusBar.isKeyguardSecure(BaseStatusBar.java:2647)
06-08 15:41:45.606 W/StatusBar( 2827): 	at com.android.systemui.statusbar.BaseStatusBar.isCameraAllowedByAdmin(BaseStatusBar.java:2670)
06-08 15:41:45.606 W/StatusBar( 2827): 	at com.android.systemui.statusbar.phone.KeyguardBottomAreaView.updateCameraVisibility(KeyguardBottomAreaView.java:309)
06-08 15:41:45.606 W/StatusBar( 2827): 	at com.android.systemui.statusbar.phone.KeyguardBottomAreaView.setPhoneStatusBar(KeyguardBottomAreaView.java:272)
06-08 15:41:45.606 W/StatusBar( 2827): 	at com.android.systemui.statusbar.phone.PhoneStatusBar.makeStatusBarView(PhoneStatusBar.java:904)
06-08 15:41:45.606 W/StatusBar( 2827): 	at com.android.systemui.statusbar.phone.PhoneStatusBar.addStatusBarWindow(PhoneStatusBar.java:3432)
06-08 15:41:45.606 W/StatusBar( 2827): 	at com.android.systemui.statusbar.phone.PhoneStatusBar.createAndAddWindows(PhoneStatusBar.java:3428)
06-08 15:41:45.606 W/StatusBar( 2827): 	at com.android.systemui.statusbar.BaseStatusBar.start(BaseStatusBar.java:765)
06-08 15:41:45.606 W/StatusBar( 2827): 	at com.android.systemui.statusbar.phone.PhoneStatusBar.start(PhoneStatusBar.java:686)
06-08 15:41:45.606 W/StatusBar( 2827): 	at com.android.systemui.statusbar.SystemBars.createStatusBarFromConfig(SystemBars.java:106)
06-08 15:41:45.606 W/StatusBar( 2827): 	at com.android.systemui.statusbar.SystemBars.onNoService(SystemBars.java:58)
06-08 15:41:45.606 W/StatusBar( 2827): 	at com.android.systemui.statusbar.ServiceMonitor.startService(ServiceMonitor.java:230)
06-08 15:41:45.606 W/StatusBar( 2827): 	at com.android.systemui.statusbar.ServiceMonitor.-wrap5(ServiceMonitor.java)
06-08 15:41:45.606 W/StatusBar( 2827): 	at com.android.systemui.statusbar.ServiceMonitor$1.handleMessage(ServiceMonitor.java:73)
06-08 15:41:45.606 W/StatusBar( 2827): 	at android.os.Handler.dispatchMessage(Handler.java:102)
06-08 15:41:45.606 W/StatusBar( 2827): 	at android.os.Looper.loop(Looper.java:154)
06-08 15:41:45.606 W/StatusBar( 2827): 	at android.app.ActivityThread.main(ActivityThread.java:6119)
06-08 15:41:45.606 W/StatusBar( 2827): 	at java.lang.reflect.Method.invoke(Native Method)
06-08 15:41:45.606 W/StatusBar( 2827): 	at com.android.internal.os.ZygoteInit$MethodAndArgsCaller.run(ZygoteInit.java:886)
06-08 15:41:45.606 W/StatusBar( 2827): 	at com.android.internal.os.ZygoteInit.main(ZygoteInit.java:776)
06-08 15:41:45.631 I/StatusBar( 2827): isKeyguardShowing() called before startKeyguard(), returning true
06-08 15:41:45.632 W/StatusBar( 2827): isKeyguardSecure() called before startKeyguard(), returning false
06-08 15:41:45.632 W/StatusBar( 2827): java.lang.Throwable
06-08 15:41:45.632 W/StatusBar( 2827): 	at com.android.systemui.statusbar.BaseStatusBar.isKeyguardSecure(BaseStatusBar.java:2647)
06-08 15:41:45.632 W/StatusBar( 2827): 	at com.android.systemui.statusbar.BaseStatusBar.isCameraAllowedByAdmin(BaseStatusBar.java:2670)
06-08 15:41:45.632 W/StatusBar( 2827): 	at com.android.systemui.statusbar.phone.KeyguardBottomAreaView.updateCameraVisibility(KeyguardBottomAreaView.java:309)
06-08 15:41:45.632 W/StatusBar( 2827): 	at com.android.systemui.statusbar.phone.KeyguardBottomAreaView.setUserSetupComplete(KeyguardBottomAreaView.java:281)
06-08 15:41:45.632 W/StatusBar( 2827): 	at com.android.systemui.statusbar.phone.PhoneStatusBar.makeStatusBarView(PhoneStatusBar.java:905)
06-08 15:41:45.632 W/StatusBar( 2827): 	at com.android.systemui.statusbar.phone.PhoneStatusBar.addStatusBarWindow(PhoneStatusBar.java:3432)
06-08 15:41:45.632 W/StatusBar( 2827): 	at com.android.systemui.statusbar.phone.PhoneStatusBar.createAndAddWindows(PhoneStatusBar.java:3428)
06-08 15:41:45.632 W/StatusBar( 2827): 	at com.android.systemui.statusbar.BaseStatusBar.start(BaseStatusBar.java:765)
06-08 15:41:45.632 W/StatusBar( 2827): 	at com.android.systemui.statusbar.phone.PhoneStatusBar.start(PhoneStatusBar.java:686)
06-08 15:41:45.632 W/StatusBar( 2827): 	at com.android.systemui.statusbar.SystemBars.createStatusBarFromConfig(SystemBars.java:106)
06-08 15:41:45.632 W/StatusBar( 2827): 	at com.android.systemui.statusbar.SystemBars.onNoService(SystemBars.java:58)
06-08 15:41:45.632 W/StatusBar( 2827): 	at com.android.systemui.statusbar.ServiceMonitor.startService(ServiceMonitor.java:230)
06-08 15:41:45.632 W/StatusBar( 2827): 	at com.android.systemui.statusbar.ServiceMonitor.-wrap5(ServiceMonitor.java)
06-08 15:41:45.632 W/StatusBar( 2827): 	at com.android.systemui.statusbar.ServiceMonitor$1.handleMessage(ServiceMonitor.java:73)
06-08 15:41:45.632 W/StatusBar( 2827): 	at android.os.Handler.dispatchMessage(Handler.java:102)
06-08 15:41:45.632 W/StatusBar( 2827): 	at android.os.Looper.loop(Looper.java:154)
06-08 15:41:45.632 W/StatusBar( 2827): 	at android.app.ActivityThread.main(ActivityThread.java:6119)
06-08 15:41:45.632 W/StatusBar( 2827): 	at java.lang.reflect.Method.invoke(Native Method)
06-08 15:41:45.632 W/StatusBar( 2827): 	at com.android.internal.os.ZygoteInit$MethodAndArgsCaller.run(ZygoteInit.java:886)
06-08 15:41:45.632 W/StatusBar( 2827): 	at com.android.internal.os.ZygoteInit.main(ZygoteInit.java:776)
06-08 15:41:45.745 W/ActivityManager( 2184): Slow operation: 167ms so far, now at startProcess: returned from zygote!
06-08 15:41:45.746 W/ActivityManager( 2184): Slow operation: 168ms so far, now at startProcess: done updating battery stats
06-08 15:41:45.747 W/ActivityManager( 2184): Slow operation: 169ms so far, now at startProcess: building log message
06-08 15:41:45.786 I/ActivityManager( 2184): Start proc 2993:com.android.printspooler/u0a51 for service com.android.printspooler/.model.PrintSpoolerService
06-08 15:41:45.786 W/ActivityManager( 2184): Slow operation: 209ms so far, now at startProcess: starting to update pids map
06-08 15:41:45.797 W/ActivityManager( 2184): Slow operation: 210ms so far, now at startProcess: done updating pids map
06-08 15:41:45.797 W/ActivityManager( 2184): Slow operation: 233ms so far, now at startProcess: done starting proc!
06-08 15:41:45.818 W/art     ( 2993): Unexpected CPU variant for X86 using defaults: x86_64
06-08 15:41:45.853 W/art     ( 2184): Long monitor contention with owner android.bg (2233) at int com.android.server.am.ActivityManagerService.bindService(android.app.IApplicationThread, android.os.IBinder, android.content.Intent, java.lang.String, android.app.IServiceConnection, int, java.lang.String, int)(ActivityManagerService.java:17301) waiters=0 in android.content.Intent com.android.server.am.ActivityManagerService.registerReceiver(android.app.IApplicationThread, java.lang.String, android.content.IIntentReceiver, android.content.IntentFilter, java.lang.String, int) for 399ms
06-08 15:41:45.874 W/art     ( 2184): Long monitor contention with owner android.display (2249) at void com.android.server.wm.WindowAnimator$1.doFrame(long)(WindowAnimator.java:144) waiters=0 in float com.android.server.wm.WindowManagerService.getCurrentAnimatorScale() for 344ms
06-08 15:41:45.881 W/art     ( 2184): Long monitor contention with owner android.bg (2233) at int com.android.server.am.ActivityManagerService.bindService(android.app.IApplicationThread, android.os.IBinder, android.content.Intent, java.lang.String, android.app.IServiceConnection, int, java.lang.String, int)(ActivityManagerService.java:17301) waiters=2 in void com.android.server.am.ActivityManagerService.dispatchUidsChanged() for 303ms
06-08 15:41:46.024 V/AlarmClock( 2796): AlarmInitReceiver finished
06-08 15:41:46.122 W/art     ( 3007): Unexpected CPU variant for X86 using defaults: x86_64
06-08 15:41:46.284 W/ActivityManager( 2184): Slow operation: 304ms so far, now at startProcess: returned from zygote!
06-08 15:41:46.285 W/ActivityManager( 2184): Slow operation: 304ms so far, now at startProcess: done updating battery stats
06-08 15:41:46.285 W/ActivityManager( 2184): Slow operation: 305ms so far, now at startProcess: building log message
06-08 15:41:46.285 I/ActivityManager( 2184): Start proc 3007:android.process.media/u0a10 for broadcast com.android.providers.downloads/.DownloadReceiver
06-08 15:41:46.285 W/ActivityManager( 2184): Slow operation: 305ms so far, now at startProcess: starting to update pids map
06-08 15:41:46.285 W/ActivityManager( 2184): Slow operation: 305ms so far, now at startProcess: done updating pids map
06-08 15:41:46.285 W/ActivityManager( 2184): Slow operation: 306ms so far, now at startProcess: done starting proc!
06-08 15:41:46.286 W/art     ( 2184): Long monitor contention with owner Binder:2184_4 (2441) at void com.android.server.am.BroadcastQueue.processNextBroadcast(boolean)(BroadcastQueue.java:760) waiters=0 in android.content.Intent com.android.server.am.ActivityManagerService.registerReceiver(android.app.IApplicationThread, java.lang.String, android.content.IIntentReceiver, android.content.IntentFilter, java.lang.String, int) for 363ms
06-08 15:41:46.290 W/art     ( 2184): Long monitor contention with owner Binder:2184_4 (2441) at void com.android.server.am.BroadcastQueue.processNextBroadcast(boolean)(BroadcastQueue.java:760) waiters=2 in void com.android.server.am.ActivityManagerService.dispatchUidsChanged() for 309ms
06-08 15:41:46.337 W/art     ( 2184): Long monitor contention with owner Binder:2184_4 (2441) at void com.android.server.am.BroadcastQueue.processNextBroadcast(boolean)(BroadcastQueue.java:760) waiters=1 in void com.android.server.am.ActivityManagerService.attachApplication(android.app.IApplicationThread) for 360ms
06-08 15:41:46.448 W/art     ( 2184): Long monitor contention with owner AsyncTask #3 (2932) at boolean android.os.MessageQueue.enqueueMessage(android.os.Message, long)(MessageQueue.java:541) waiters=0 in android.os.Message android.os.MessageQueue.next() for 851ms
06-08 15:41:46.449 W/art     ( 2184): Long monitor contention with owner AsyncTask #3 (2932) at boolean android.os.MessageQueue.enqueueMessage(android.os.Message, long)(MessageQueue.java:541) waiters=1 in void android.os.MessageQueue.removeMessages(android.os.Handler, java.lang.Runnable, java.lang.Object) for 527ms
06-08 15:41:46.658 W/art     ( 2184): Long monitor contention with owner Binder:2184_A (2824) at android.content.Intent com.android.server.am.ActivityManagerService.registerReceiver(android.app.IApplicationThread, java.lang.String, android.content.IIntentReceiver, android.content.IntentFilter, java.lang.String, int)(ActivityManagerService.java:17547) waiters=3 in void com.android.server.am.ActivityManagerService.trimApplications() for 369ms
06-08 15:41:46.672 W/art     ( 2184): Long monitor contention with owner Binder:2184_6 (2767) at void com.android.server.am.ActivityManagerService.attachApplication(android.app.IApplicationThread)(ActivityManagerService.java:6669) waiters=1 in void com.android.server.am.ActivityManagerService.attachApplication(android.app.IApplicationThread) for 333ms
06-08 15:41:46.701 W/art     ( 2184): Long monitor contention with owner Binder:2184_6 (2767) at void com.android.server.am.ActivityManagerService.attachApplication(android.app.IApplicationThread)(ActivityManagerService.java:6669) waiters=2 in void com.android.server.am.ActivityStack$ActivityStackHandler.handleMessage(android.os.Message) for 304ms
06-08 15:41:46.702 W/art     ( 2184): Long monitor contention with owner Binder:2184_6 (2767) at void com.android.server.am.ActivityManagerService.attachApplication(android.app.IApplicationThread)(ActivityManagerService.java:6669) waiters=3 in int com.android.server.am.ActivityManagerService.getActivityDisplayId(android.os.IBinder) for 272ms
06-08 15:41:46.831 V/Launcher( 2948): LauncherAppState inited
06-08 15:41:47.130 V/EmulatedCamera_Camera( 1327): getCameraInfo
06-08 15:41:47.131 V/EmulatedCamera_BaseCamera( 1327): getCameraInfo
06-08 15:41:47.143 V/EmulatedCamera_Camera( 1327): getCameraInfo
06-08 15:41:47.143 V/EmulatedCamera_BaseCamera( 1327): getCameraInfo
06-08 15:41:47.599 E/NetdConnector( 2184): NDC Command {19 bandwidth addniceapps 10010} took too long (1290ms)
06-08 15:41:47.603 W/art     ( 2184): Long monitor contention with owner android.ui (2235) at void com.android.server.NetworkManagementService.setUidOnMeteredNetworkList(android.util.SparseBooleanArray, int, boolean, boolean)(NetworkManagementService.java:1811) waiters=0 in void com.android.server.NetworkManagementService.setUidCleartextNetworkPolicy(int, int) for 799ms
06-08 15:41:47.605 W/art     ( 2184): Long monitor contention with owner android.ui (2235) at void com.android.server.NetworkManagementService.setUidOnMeteredNetworkList(android.util.SparseBooleanArray, int, boolean, boolean)(NetworkManagementService.java:1811) waiters=1 in void com.android.server.NetworkManagementService.setUidCleartextNetworkPolicy(int, int) for 785ms
06-08 15:41:47.772 I/Choreographer( 2184): Skipped 63 frames!  The application may be doing too much work on its main thread.
06-08 15:41:47.775 I/Choreographer( 2619): Skipped 65 frames!  The application may be doing too much work on its main thread.
06-08 15:41:47.889 W/System  ( 3007): ClassLoader referenced unknown path: /system/priv-app/DownloadProvider/lib/x86_64
06-08 15:41:48.769 I/Choreographer( 2184): Skipped 59 frames!  The application may be doing too much work on its main thread.
06-08 15:41:49.406 I/StatusBar( 2827): isKeyguardShowing() called before startKeyguard(), returning true
06-08 15:41:49.448 W/StatusBar( 2827): isKeyguardSecure() called before startKeyguard(), returning false
06-08 15:41:49.448 W/StatusBar( 2827): java.lang.Throwable
06-08 15:41:49.448 W/StatusBar( 2827): 	at com.android.systemui.statusbar.BaseStatusBar.isKeyguardSecure(BaseStatusBar.java:2647)
06-08 15:41:49.448 W/StatusBar( 2827): 	at com.android.systemui.statusbar.BaseStatusBar.isCameraAllowedByAdmin(BaseStatusBar.java:2670)
06-08 15:41:49.448 W/StatusBar( 2827): 	at com.android.systemui.statusbar.phone.KeyguardBottomAreaView.updateCameraVisibility(KeyguardBottomAreaView.java:309)
06-08 15:41:49.448 W/StatusBar( 2827): 	at com.android.systemui.statusbar.phone.KeyguardBottomAreaView.setUserSetupComplete(KeyguardBottomAreaView.java:281)
06-08 15:41:49.448 W/StatusBar( 2827): 	at com.android.systemui.statusbar.phone.PhoneStatusBar$1.onChange(PhoneStatusBar.java:441)
06-08 15:41:49.448 W/StatusBar( 2827): 	at com.android.systemui.statusbar.phone.PhoneStatusBar.resetUserSetupObserver(PhoneStatusBar.java:3676)
06-08 15:41:49.448 W/StatusBar( 2827): 	at com.android.systemui.statusbar.phone.PhoneStatusBar.makeStatusBarView(PhoneStatusBar.java:1008)
06-08 15:41:49.448 W/StatusBar( 2827): 	at com.android.systemui.statusbar.phone.PhoneStatusBar.addStatusBarWindow(PhoneStatusBar.java:3432)
06-08 15:41:49.448 W/StatusBar( 2827): 	at com.android.systemui.statusbar.phone.PhoneStatusBar.createAndAddWindows(PhoneStatusBar.java:3428)
06-08 15:41:49.448 W/StatusBar( 2827): 	at com.android.systemui.statusbar.BaseStatusBar.start(BaseStatusBar.java:765)
06-08 15:41:49.448 W/StatusBar( 2827): 	at com.android.systemui.statusbar.phone.PhoneStatusBar.start(PhoneStatusBar.java:686)
06-08 15:41:49.448 W/StatusBar( 2827): 	at com.android.systemui.statusbar.SystemBars.createStatusBarFromConfig(SystemBars.java:106)
06-08 15:41:49.448 W/StatusBar( 2827): 	at com.android.systemui.statusbar.SystemBars.onNoService(SystemBars.java:58)
06-08 15:41:49.448 W/StatusBar( 2827): 	at com.android.systemui.statusbar.ServiceMonitor.startService(ServiceMonitor.java:230)
06-08 15:41:49.448 W/StatusBar( 2827): 	at com.android.systemui.statusbar.ServiceMonitor.-wrap5(ServiceMonitor.java)
06-08 15:41:49.448 W/StatusBar( 2827): 	at com.android.systemui.statusbar.ServiceMonitor$1.handleMessage(ServiceMonitor.java:73)
06-08 15:41:49.448 W/StatusBar( 2827): 	at android.os.Handler.dispatchMessage(Handler.java:102)
06-08 15:41:49.448 W/StatusBar( 2827): 	at android.os.Looper.loop(Looper.java:154)
06-08 15:41:49.448 W/StatusBar( 2827): 	at android.app.ActivityThread.main(ActivityThread.java:6119)
06-08 15:41:49.448 W/StatusBar( 2827): 	at java.lang.reflect.Method.invoke(Native Method)
06-08 15:41:49.448 W/StatusBar( 2827): 	at com.android.internal.os.ZygoteInit$MethodAndArgsCaller.run(ZygoteInit.java:886)
06-08 15:41:49.448 W/StatusBar( 2827): 	at com.android.internal.os.ZygoteInit.main(ZygoteInit.java:776)
06-08 15:41:49.500 E/SurfaceFlinger( 1321): ro.sf.lcd_density must be defined as a build property
06-08 15:41:49.505 D/OpenGLRenderer( 2827): profile bars disabled
06-08 15:41:49.506 D/OpenGLRenderer( 2827): ambientRatio = 1.50
06-08 15:41:50.407 W/art     ( 2184): Long monitor contention with owner android.bg (2233) at void android.util.SparseArray.put(int, java.lang.Object)(SparseArray.java:224) waiters=0 in void com.android.server.print.UserState.handleDispatchPrintServicesChanged() for 700ms
06-08 15:41:50.607 W/ActivityManager( 2184): Launch timeout has expired, giving up wake lock!
06-08 15:41:51.474 W/System  ( 3007): ClassLoader referenced unknown path: /system/priv-app/MediaProvider/lib/x86_64
06-08 15:41:51.589 D/ApplicationLoaders( 3007): ignored Vulkan layer search path /system/priv-app/MediaProvider/lib/x86_64:/system/priv-app/MediaProvider/MediaProvider.apk!/lib/x86_64:/system/lib64:/vendor/lib64 for namespace 0x7d7ede4290f0
06-08 15:41:51.749 W/ifconfig( 3053): type=1400 audit(0.0:13): avc: denied { ioctl } for path="socket:[15795]" dev="sockfs" ino=15795 ioctlcmd=8927 scontext=u:r:shell:s0 tcontext=u:r:shell:s0 tclass=udp_socket permissive=0
06-08 15:41:51.809 W/ifconfig( 3053): type=1400 audit(0.0:14): avc: denied { ioctl } for path="socket:[15795]" dev="sockfs" ino=15795 ioctlcmd=891d scontext=u:r:shell:s0 tcontext=u:r:shell:s0 tclass=udp_socket permissive=0
06-08 15:41:51.809 W/ifconfig( 3053): type=1400 audit(0.0:15): avc: denied { ioctl } for path="socket:[15795]" dev="sockfs" ino=15795 ioctlcmd=8970 scontext=u:r:shell:s0 tcontext=u:r:shell:s0 tclass=udp_socket permissive=0
06-08 15:41:53.191 W/art     ( 2184): Long monitor contention with owner Binder:2184_7 (2821) at int com.android.server.wm.WindowManagerService.relayoutWindow(com.android.server.wm.Session, android.view.IWindow, int, android.view.WindowManager$LayoutParams, int, int, int, int, android.graphics.Rect, android.graphics.Rect, android.graphics.Rect, android.graphics.Rect, android.graphics.Rect, android.graphics.Rect, android.graphics.Rect, android.content.res.Configuration, android.view.Surface)(WindowManagerService.java:2857) waiters=0 in void com.android.server.wm.WindowManagerService$H.handleMessage(android.os.Message) for 4.133s
06-08 15:41:53.194 I/Choreographer( 2184): Skipped 248 frames!  The application may be doing too much work on its main thread.
06-08 15:41:53.196 W/art     ( 2184): Long monitor contention with owner Binder:2184_7 (2821) at int com.android.server.wm.WindowManagerService.relayoutWindow(com.android.server.wm.Session, android.view.IWindow, int, android.view.WindowManager$LayoutParams, int, int, int, int, android.graphics.Rect, android.graphics.Rect, android.graphics.Rect, android.graphics.Rect, android.graphics.Rect, android.graphics.Rect, android.graphics.Rect, android.content.res.Configuration, android.view.Surface)(WindowManagerService.java:2857) waiters=1 in int com.android.server.wm.WindowManagerService.addWindow(com.android.server.wm.Session, android.view.IWindow, int, android.view.WindowManager$LayoutParams, int, int, android.graphics.Rect, android.graphics.Rect, android.graphics.Rect, android.view.InputChannel) for 3.614s
06-08 15:41:53.232 I/Choreographer( 2619): Skipped 272 frames!  The application may be doing too much work on its main thread.
06-08 15:41:53.277 W/art     ( 2184): Long monitor contention with owner Binder:2184_7 (2821) at int com.android.server.wm.WindowManagerService.relayoutWindow(com.android.server.wm.Session, android.view.IWindow, int, android.view.WindowManager$LayoutParams, int, int, int, int, android.graphics.Rect, android.graphics.Rect, android.graphics.Rect, android.graphics.Rect, android.graphics.Rect, android.graphics.Rect, android.graphics.Rect, android.content.res.Configuration, android.view.Surface)(WindowManagerService.java:2857) waiters=2 in void com.android.server.wm.WindowManagerService.notifyAppRelaunchesCleared(android.os.IBinder) for 759ms
06-08 15:41:53.462 D/PhoneStatusBar( 2827): disable: < EXPAND* icons alerts system_info BACK* HOME* RECENT* clock SEARCH* quick_settings >
06-08 15:41:53.468 W/art     ( 2184): Long monitor contention with owner ActivityManager (2234) at void com.android.server.am.ActivityStackSupervisor$ActivityStackSupervisorHandler.activityIdleInternal(com.android.server.am.ActivityRecord)(ActivityStackSupervisor.java:3867) waiters=0 in android.content.Intent com.android.server.am.ActivityManagerService.registerReceiver(android.app.IApplicationThread, java.lang.String, android.content.IIntentReceiver, android.content.IntentFilter, java.lang.String, int) for 861ms
06-08 15:41:53.487 W/art     ( 2184): Long monitor contention with owner ActivityManager (2234) at void com.android.server.am.ActivityStackSupervisor$ActivityStackSupervisorHandler.activityIdleInternal(com.android.server.am.ActivityRecord)(ActivityStackSupervisor.java:3867) waiters=2 in void com.android.server.am.ActivityRecord$Token.windowsGone() for 202ms
06-08 15:41:53.488 W/art     ( 2184): Long monitor contention with owner ActivityManager (2234) at void com.android.server.am.ActivityStackSupervisor$ActivityStackSupervisorHandler.activityIdleInternal(com.android.server.am.ActivityRecord)(ActivityStackSupervisor.java:3867) waiters=3 in void com.android.server.am.ActivityManagerService.dispatchProcessesChanged() for 203ms
06-08 15:41:53.645 W/art     ( 2184): Long monitor contention with owner ActivityManager (2234) at void com.android.server.am.ActivityStackSupervisor$ActivityStackSupervisorHandler.activityIdleInternal(com.android.server.am.ActivityRecord)(ActivityStackSupervisor.java:3867) waiters=1 in int[] com.android.server.am.ActivityManagerService.getRunningUserIds() for 424ms
06-08 15:41:54.465 V/GridSizeMigrationTask( 2948): Workspace migration completed in 431
06-08 15:41:54.523 D/Launcher.Model( 2948): loadWorkspace: loading default favorites
06-08 15:41:56.500 W/art     ( 3067): Unexpected CPU variant for X86 using defaults: x86_64
06-08 15:41:56.505 W/ActivityManager( 2184): Slow operation: 69ms so far, now at startProcess: returned from zygote!
06-08 15:41:56.506 W/ActivityManager( 2184): Slow operation: 69ms so far, now at startProcess: done updating battery stats
06-08 15:41:56.506 W/ActivityManager( 2184): Slow operation: 70ms so far, now at startProcess: building log message
06-08 15:41:56.506 I/ActivityManager( 2184): Start proc 3067:android.process.acore/u0a1 for content provider com.android.providers.contacts/.ContactsProvider2
06-08 15:41:56.506 W/ActivityManager( 2184): Slow operation: 70ms so far, now at startProcess: starting to update pids map
06-08 15:41:56.506 W/ActivityManager( 2184): Slow operation: 70ms so far, now at startProcess: done updating pids map
06-08 15:41:56.506 W/ActivityManager( 2184): Slow operation: 71ms so far, now at startProcess: done starting proc!
06-08 15:41:56.507 W/ActivityManager( 2184): Slow operation: 74ms so far, now at getContentProviderImpl: after start process
06-08 15:41:56.521 W/ActivityManager( 2184): Slow operation: 89ms so far, now at getContentProviderImpl: updating data structures
06-08 15:41:56.521 W/ActivityManager( 2184): Slow operation: 89ms so far, now at getContentProviderImpl: done!
06-08 15:41:56.702 W/art     ( 2184): Long monitor contention with owner android.display (2249) at void com.android.server.wm.WindowAnimator$1.doFrame(long)(WindowAnimator.java:144) waiters=0 in void com.android.server.wm.Session.setWallpaperPosition(android.os.IBinder, float, float, float, float) for 3.048s
06-08 15:41:56.747 W/System  ( 3067): ClassLoader referenced unknown path: /system/priv-app/ContactsProvider/lib/x86_64
06-08 15:41:56.998 D/MediaScannerReceiver( 3007): action: android.intent.action.MEDIA_MOUNTED path: /storage/1EFF-1C1B
06-08 15:41:57.417 I/ContactsPerf( 3067): VoicemailContentProvider.onCreate start
06-08 15:41:57.476 I/ContactsPerf( 3067): VoicemailContentProvider.onCreate finish
06-08 15:41:57.512 W/System  ( 3067): ClassLoader referenced unknown path: /system/priv-app/BlockedNumberProvider/lib/x86_64
06-08 15:41:57.516 D/ApplicationLoaders( 3067): ignored Vulkan layer search path /system/priv-app/BlockedNumberProvider/lib/x86_64:/system/lib64:/vendor/lib64 for namespace 0x7d7ede4290f0
06-08 15:41:57.647 W/System  ( 3067): ClassLoader referenced unknown path: /system/app/UserDictionaryProvider/lib/x86_64
06-08 15:41:57.650 D/ApplicationLoaders( 3067): ignored Vulkan layer search path /system/app/UserDictionaryProvider/lib/x86_64:/system/lib64:/vendor/lib64 for namespace 0x7d7ede429160
06-08 15:41:57.839 D/MediaScannerReceiver( 3007): action: android.intent.action.MEDIA_MOUNTED path: /storage/emulated/0
06-08 15:41:59.161 V/MediaScanner( 3007): pruneDeadThumbnailFiles... android.content.ContentProviderClient$CursorWrapperInner@98084ed
06-08 15:41:59.178 V/MediaScanner( 3007): /pruneDeadThumbnailFiles... android.content.ContentProviderClient$CursorWrapperInner@98084ed
06-08 15:41:59.398 W/art     ( 2184): Suspending all threads took: 11.201ms
06-08 15:41:59.442 I/art     ( 2184): Background sticky concurrent mark sweep GC freed 22976(1846KB) AllocSpace objects, 13(480KB) LOS objects, 20% free, 10MB/13MB, paused 13.732ms total 1.549s
06-08 15:42:00.110 W/art     ( 2184): Long monitor contention with owner android.display (2249) at void com.android.server.wm.WindowAnimator$1.doFrame(long)(WindowAnimator.java:144) waiters=1 in void com.android.server.wm.WindowManagerService.statusBarVisibilityChanged(int) for 6.389s
06-08 15:42:00.114 W/art     ( 2184): Long monitor contention with owner android.display (2249) at void com.android.server.wm.WindowAnimator$1.doFrame(long)(WindowAnimator.java:144) waiters=2 in int com.android.server.wm.WindowManagerService.watchRotation(android.view.IRotationWatcher) for 6.209s
06-08 15:42:00.129 W/art     ( 2184): Long monitor contention with owner android.display (2249) at void com.android.server.wm.WindowAnimator$1.doFrame(long)(WindowAnimator.java:144) waiters=3 in void com.android.server.wm.WindowManagerService.removeWindow(com.android.server.wm.Session, android.view.IWindow) for 5.369s
06-08 15:42:00.606 W/art     ( 2184): Long monitor contention with owner android.display (2249) at void com.android.server.wm.WindowAnimator$1.doFrame(long)(WindowAnimator.java:144) waiters=4 in void com.android.server.wm.WindowManagerService.getInitialDisplaySize(int, android.graphics.Point) for 4.423s
06-08 15:42:00.620 W/art     ( 2184): Long monitor contention with owner android.display (2249) at void com.android.server.wm.WindowManagerService$H.handleMessage(android.os.Message)(WindowManagerService.java:8368) waiters=4 in void com.android.server.wm.Session.setWallpaperPosition(android.os.IBinder, float, float, float, float) for 3.917s
06-08 15:42:00.622 W/art     ( 2184): Long monitor contention with owner android.display (2249) at void com.android.server.wm.WindowManagerService$H.handleMessage(android.os.Message)(WindowManagerService.java:8857) waiters=4 in void com.android.server.wm.WindowManagerService.statusBarVisibilityChanged(int) for 510ms
06-08 15:42:00.640 W/art     ( 2184): Long monitor contention with owner android.display (2249) at void com.android.server.wm.WindowAnimator$1.doFrame(long)(WindowAnimator.java:144) waiters=4 in int com.android.server.wm.WindowManagerService.watchRotation(android.view.IRotationWatcher) for 525ms
06-08 15:42:00.670 W/art     ( 2184): Long monitor contention with owner Binder:2184_6 (2767) at void com.android.server.wm.WindowManagerService.removeWindow(com.android.server.wm.Session, android.view.IWindow)(WindowManagerService.java:2392) waiters=4 in void com.android.server.wm.WindowManagerService$H.handleMessage(android.os.Message) for 536ms
06-08 15:42:01.116 W/art     ( 2184): Long monitor contention with owner android.display (2249) at void com.android.server.wm.WindowManagerService$H.handleMessage(android.os.Message)(WindowManagerService.java:8368) waiters=1 in int com.android.server.wm.WindowManagerService.addWindow(com.android.server.wm.Session, android.view.IWindow, int, android.view.WindowManager$LayoutParams, int, int, android.graphics.Rect, android.graphics.Rect, android.graphics.Rect, android.view.InputChannel) for 239ms
06-08 15:42:01.375 W/art     ( 2184): Long monitor contention with owner Binder:2184_9 (2823) at int com.android.server.wm.WindowManagerService.relayoutWindow(com.android.server.wm.Session, android.view.IWindow, int, android.view.WindowManager$LayoutParams, int, int, int, int, android.graphics.Rect, android.graphics.Rect, android.graphics.Rect, android.graphics.Rect, android.graphics.Rect, android.graphics.Rect, android.graphics.Rect, android.content.res.Configuration, android.view.Surface)(WindowManagerService.java:2857) waiters=1 in int com.android.server.wm.WindowManagerService.addWindow(com.android.server.wm.Session, android.view.IWindow, int, android.view.WindowManager$LayoutParams, int, int, android.graphics.Rect, android.graphics.Rect, android.graphics.Rect, android.view.InputChannel) for 245ms
06-08 15:42:01.377 W/art     ( 2184): Long monitor contention with owner Binder:2184_7 (2821) at void com.android.server.am.ActivityManagerService.activityDestroyed(android.os.IBinder)(ActivityManagerService.java:6952) waiters=0 in void com.android.server.am.ActivityManagerService$3.handleMessage(android.os.Message) for 511ms
06-08 15:42:01.533 I/Choreographer( 2948): Skipped 471 frames!  The application may be doing too much work on its main thread.
06-08 15:42:01.670 D/gralloc_ranchu( 2948): Emulator without host-side GPU emulation detected. Loading gralloc.default.so from /vendor/lib64/hw/gralloc.goldfish.default.so...
06-08 15:42:01.679 D/gralloc_ranchu( 2948): gralloc.default.so not found in /vendor. Trying /system/lib64/hw/gralloc.goldfish.default.so...
06-08 15:42:02.592 I/ActivityManager( 2184): Displayed com.android.launcher3/.Launcher: +21s377ms
06-08 15:42:02.592 I/Choreographer( 2184): Skipped 35 frames!  The application may be doing too much work on its main thread.
06-08 15:42:02.700 D/PhoneStatusBar( 2827): heads up is enabled
06-08 15:42:03.231 W/art     ( 2184): Long monitor contention with owner android.ui (2235) at int com.android.server.wm.WindowManagerService.relayoutWindow(com.android.server.wm.Session, android.view.IWindow, int, android.view.WindowManager$LayoutParams, int, int, int, int, android.graphics.Rect, android.graphics.Rect, android.graphics.Rect, android.graphics.Rect, android.graphics.Rect, android.graphics.Rect, android.graphics.Rect, android.content.res.Configuration, android.view.Surface)(WindowManagerService.java:2857) waiters=0 in void com.android.server.wm.WindowManagerService$H.handleMessage(android.os.Message) for 436ms
06-08 15:42:04.144 I/art     ( 2827): Background partial concurrent mark sweep GC freed 10019(1348KB) AllocSpace objects, 4(84KB) LOS objects, 23% free, 12MB/16MB, paused 1.568ms total 470.822ms
06-08 15:42:04.434 W/art     ( 2184): Long monitor contention with owner Binder:2184_5 (2661) at int com.android.server.wm.WindowManagerService.relayoutWindow(com.android.server.wm.Session, android.view.IWindow, int, android.view.WindowManager$LayoutParams, int, int, int, int, android.graphics.Rect, android.graphics.Rect, android.graphics.Rect, android.graphics.Rect, android.graphics.Rect, android.graphics.Rect, android.graphics.Rect, android.content.res.Configuration, android.view.Surface)(WindowManagerService.java:2857) waiters=0 in void com.android.server.wm.WindowAnimator$1.doFrame(long) for 515ms
06-08 15:42:04.504 W/KeyguardUpdateMonitor( 2827): invalid subId in handleSimStateChange()
06-08 15:42:04.735 I/ContactLocale( 3067): AddressBook Labels [[en_US]]: [â€¦, A, B, C, D, E, F, G, H, I, J, K, L, M, N, O, P, Q, R, S, T, U, V, W, X, Y, Z, Î‘, Î’, Î“, Î”, Î•, Î–, Î—, Î˜, Î™, Îš, Î›, Îœ, Î, Îž, ÎŸ, Î , Î¡, Î£, Î¤, Î¥, Î¦, Î§, Î¨, Î©, â€¦, Ð, Ð‘, Ð’, Ð“, Ð”, Ð‚, Ð•, Ð„, Ð–, Ð—, Ð˜, Ð†, Ð™, Ðˆ, Ðš, Ð›, Ð‰, Ðœ, Ð, ÐŠ, Ðž, ÐŸ, Ð , Ð¡, Ð¢, Ð‹, Ð£, Ð¤, Ð¥, Ð¦, Ð§, Ð, Ð¨, Ð©, Ð®, Ð¯, â€¦, ×, ×‘, ×’, ×“, ×”, ×•, ×–, ×—, ×˜, ×™, ×›, ×œ, ×ž, × , ×¡, ×¢, ×¤, ×¦, ×§, ×¨, ×©, ×ª, â€¦, Ø§, Ø¨, Øª, Ø«, Ø¬, Ø­, Ø®, Ø¯, Ø°, Ø±, Ø², Ø³, Ø´, Øµ, Ø¶, Ø·, Ø¸, Ø¹, Øº, Ù, Ù‚, Ùƒ, Ù„, Ù…, Ù†, Ù‡, Ùˆ, ÙŠ, â€¦, à¸, à¸‚, à¸ƒ, à¸„, à¸…, à¸†, à¸‡, à¸ˆ, à¸‰, à¸Š, à¸‹, à¸Œ, à¸, à¸Ž, à¸, à¸, à¸‘, à¸’, à¸“, à¸”, à¸•, à¸–, à¸—, à¸˜, à¸™, à¸š, à¸›, à¸œ, à¸, à¸ž, à¸Ÿ, à¸ , à¸¡, à¸¢, à¸£, à¸¤, à¸¥, à¸¦, à¸§, à¸¨, à¸©, à¸ª, à¸«, à¸¬, à¸­, à¸®, â€¦, ã„±, ã„´, ã„·, ã„¹, ã…, ã…‚, ã……, ã…‡, ã…ˆ, ã…Š, ã…‹, ã…Œ, ã…, ã…Ž, â€¦, ã‚, ã‹, ã•, ãŸ, ãª, ã¯, ã¾, ã‚„, ã‚‰, ã‚, #, â€¦]
06-08 15:42:04.782 V/KeyguardServiceDelegate( 2184): **** SHOWN CALLED ****
06-08 15:42:05.594 I/Choreographer( 2827): Skipped 1336 frames!  The application may be doing too much work on its main thread.
06-08 15:42:05.748 D/ViewRootImpl[StatusBar]( 2827): changeCanvasOpacity: opaque=true
06-08 15:42:06.446 I/art     ( 2948): Background sticky concurrent mark sweep GC freed 20130(1939KB) AllocSpace objects, 9(204KB) LOS objects, 21% free, 7MB/10MB, paused 464us total 238.657ms
06-08 15:42:06.972 V/MediaScanner( 3007): pruneDeadThumbnailFiles... android.content.ContentProviderClient$CursorWrapperInner@6b2e9a3
06-08 15:42:06.974 V/MediaScanner( 3007): /pruneDeadThumbnailFiles... android.content.ContentProviderClient$CursorWrapperInner@6b2e9a3
06-08 15:42:07.438 W/art     ( 2184): Long monitor contention with owner Binder:2184_9 (2823) at int com.android.server.wm.WindowManagerService.relayoutWindow(com.android.server.wm.Session, android.view.IWindow, int, android.view.WindowManager$LayoutParams, int, int, int, int, android.graphics.Rect, android.graphics.Rect, android.graphics.Rect, android.graphics.Rect, android.graphics.Rect, android.graphics.Rect, android.graphics.Rect, android.content.res.Configuration, android.view.Surface)(WindowManagerService.java:2857) waiters=0 in void com.android.server.wm.WindowManagerService$H.handleMessage(android.os.Message) for 363ms
06-08 15:42:07.939 D/WifiService( 2184): New client listening to asynchronous messages
06-08 15:42:08.343 D/PhoneStatusBar( 2827): disable: < expand* icons alerts system_info back* home* recent* clock search* quick_settings >
06-08 15:42:08.420 W/KeyguardUpdateMonitor( 2827): invalid subId in handleSimStateChange()
06-08 15:42:08.420 I/Choreographer( 2827): Skipped 165 frames!  The application may be doing too much work on its main thread.
06-08 15:42:08.480 D/gralloc_ranchu( 2827): Emulator without host-side GPU emulation detected. Loading gralloc.default.so from /vendor/lib64/hw/gralloc.goldfish.default.so...
06-08 15:42:08.483 D/gralloc_ranchu( 2827): gralloc.default.so not found in /vendor. Trying /system/lib64/hw/gralloc.goldfish.default.so...
06-08 15:42:09.261 W/art     ( 2184): Long monitor contention with owner Binder:2184_1 (2214) at int com.android.server.wm.WindowManagerService.relayoutWindow(com.android.server.wm.Session, android.view.IWindow, int, android.view.WindowManager$LayoutParams, int, int, int, int, android.graphics.Rect, android.graphics.Rect, android.graphics.Rect, android.graphics.Rect, android.graphics.Rect, android.graphics.Rect, android.graphics.Rect, android.content.res.Configuration, android.view.Surface)(WindowManagerService.java:2857) waiters=1 in void com.android.server.wm.WindowManagerService$H.handleMessage(android.os.Message) for 116ms
06-08 15:42:09.572 W/art     ( 3098): Unexpected CPU variant for X86 using defaults: x86_64
06-08 15:42:09.608 W/ActivityManager( 2184): Slow operation: 170ms so far, now at startProcess: returned from zygote!
06-08 15:42:09.608 W/ActivityManager( 2184): Slow operation: 170ms so far, now at startProcess: done updating battery stats
06-08 15:42:09.609 W/ActivityManager( 2184): Slow operation: 171ms so far, now at startProcess: building log message
06-08 15:42:09.609 I/ActivityManager( 2184): Start proc 3098:com.android.dialer/u0a8 for broadcast com.android.dialer/.calllog.CallLogReceiver
06-08 15:42:09.609 W/ActivityManager( 2184): Slow operation: 171ms so far, now at startProcess: starting to update pids map
06-08 15:42:09.610 W/ActivityManager( 2184): Slow operation: 171ms so far, now at startProcess: done updating pids map
06-08 15:42:09.610 W/ActivityManager( 2184): Slow operation: 176ms so far, now at startProcess: done starting proc!
06-08 15:42:09.625 I/RecoverySystem( 2184): No recovery log file
06-08 15:42:09.801 I/BootReceiver( 2184): Copying audit failures to DropBox
06-08 15:42:09.802 I/BootReceiver( 2184): Checking for fsck errors
06-08 15:42:09.855 I/Choreographer( 2827): Skipped 85 frames!  The application may be doing too much work on its main thread.
06-08 15:42:10.161 W/System  ( 3098): ClassLoader referenced unknown path: /system/priv-app/Dialer/lib/x86_64
06-08 15:42:10.440 I/Choreographer( 2827): Skipped 35 frames!  The application may be doing too much work on its main thread.
06-08 15:42:10.672 W/art     ( 2184): Long monitor contention with owner Binder:2184_A (2824) at int com.android.server.wm.WindowManagerService.relayoutWindow(com.android.server.wm.Session, android.view.IWindow, int, android.view.WindowManager$LayoutParams, int, int, int, int, android.graphics.Rect, android.graphics.Rect, android.graphics.Rect, android.graphics.Rect, android.graphics.Rect, android.graphics.Rect, android.graphics.Rect, android.content.res.Configuration, android.view.Surface)(WindowManagerService.java:2857) waiters=0 in void com.android.server.wm.WindowManagerService$H.handleMessage(android.os.Message) for 220ms
06-08 15:42:10.893 I/art     ( 2827): Background partial concurrent mark sweep GC freed 3312(175KB) AllocSpace objects, 2(4MB) LOS objects, 23% free, 12MB/16MB, paused 1.132ms total 198.446ms
06-08 15:42:11.182 D/ExtensionsFactory( 3098): No custom extensions.
06-08 15:42:11.253 D/BlockedNumbersAuto( 3098): Not attempting auto-migrate: already checked once.
06-08 15:42:11.413 D/CarrierConfigLoader( 2604): mHandler: 13 phoneId: 0
06-08 15:42:11.413 D/CarrierConfigLoader( 2604): mHandler: 7 phoneId: 0
06-08 15:42:11.425 E/CarrierConfigLoader( 2604): Cannot restore config with null packageName or iccid.
06-08 15:42:11.425 D/CarrierConfigLoader( 2604): Binding to com.android.carrierconfig for phone 0
06-08 15:42:11.448 W/CountryDetector( 3098): No location permissions, not registering for location updates.
06-08 15:42:11.474 W/art     ( 3116): Unexpected CPU variant for X86 using defaults: x86_64
06-08 15:42:11.490 W/ActivityManager( 2184): Slow operation: 70ms so far, now at startProcess: returned from zygote!
06-08 15:42:11.490 W/ActivityManager( 2184): Slow operation: 70ms so far, now at startProcess: done updating battery stats
06-08 15:42:11.491 W/ActivityManager( 2184): Slow operation: 71ms so far, now at startProcess: building log message
06-08 15:42:11.491 I/ActivityManager( 2184): Start proc 3116:com.android.calendar/u0a26 for broadcast com.android.calendar/.alerts.AlertReceiver
06-08 15:42:11.491 W/ActivityManager( 2184): Slow operation: 71ms so far, now at startProcess: starting to update pids map
06-08 15:42:11.491 W/ActivityManager( 2184): Slow operation: 71ms so far, now at startProcess: done updating pids map
06-08 15:42:11.491 W/ActivityManager( 2184): Slow operation: 72ms so far, now at startProcess: done starting proc!
06-08 15:42:11.558 W/ActivityManager( 2184): Slow operation: 62ms so far, now at startProcess: returned from zygote!
06-08 15:42:11.559 W/ActivityManager( 2184): Slow operation: 62ms so far, now at startProcess: done updating battery stats
06-08 15:42:11.568 W/ActivityManager( 2184): Slow operation: 72ms so far, now at startProcess: building log message
06-08 15:42:11.568 I/ActivityManager( 2184): Start proc 3129:com.android.carrierconfig/u0a3 for service com.android.carrierconfig/.DefaultCarrierConfigService
06-08 15:42:11.568 W/ActivityManager( 2184): Slow operation: 72ms so far, now at startProcess: starting to update pids map
06-08 15:42:11.568 W/ActivityManager( 2184): Slow operation: 72ms so far, now at startProcess: done updating pids map
06-08 15:42:11.568 W/ActivityManager( 2184): Slow operation: 73ms so far, now at startProcess: done starting proc!
06-08 15:42:11.583 W/art     ( 3129): Unexpected CPU variant for X86 using defaults: x86_64
06-08 15:42:11.678 W/System  ( 3116): ClassLoader referenced unknown path: /system/app/Calendar/lib/x86_64
06-08 15:42:11.803 W/System  ( 3129): ClassLoader referenced unknown path: /system/priv-app/CarrierConfig/lib/x86_64
06-08 15:42:11.850 D/DefaultCarrierConfigService( 3129): Service created
06-08 15:42:11.859 D/CarrierConfigLoader( 2604): Connected to config app: com.android.carrierconfig/com.android.carrierconfig.DefaultCarrierConfigService
06-08 15:42:11.860 D/CarrierConfigLoader( 2604): mHandler: 3 phoneId: 0
06-08 15:42:11.863 D/DefaultCarrierConfigService( 3129): Config being fetched
06-08 15:42:11.869 D/DefaultCarrierConfigService( 3129): java.io.FileNotFoundException: carrier_config_.xml
06-08 15:42:11.873 E/CarrierConfigLoader( 2604): Cannot save config with null packageName or iccid.
06-08 15:42:11.887 D/CarrierConfigLoader( 2604): mHandler: 5 phoneId: 0
06-08 15:42:11.899 E/PhoneInterfaceManager( 2604): [PhoneIntfMgr] getCarrierPackageNamesForIntent: No UICC
06-08 15:42:11.952 I/Telecom ( 2184): PhoneAccountRegistrar: SimCallManager queried, returning: null: TSI.gSCMFU@AAc
06-08 15:42:12.047 D/ExtensionsFactory( 3116): No custom extensions.
06-08 15:42:12.061 D/AlertReceiver( 3116): onReceive: a=android.intent.action.BOOT_COMPLETED Intent { act=android.intent.action.BOOT_COMPLETED flg=0x9000010 cmp=com.android.calendar/.alerts.AlertReceiver (has extras) }
06-08 15:42:12.084 I/AlarmClock( 2796): AlarmInitReceiver android.intent.action.BOOT_COMPLETED
06-08 15:42:12.127 D/AlertUtils( 3116): Flushing old alerts from shared prefs table
06-08 15:42:12.161 D/AlertService( 3116): 0 Action = android.intent.action.BOOT_COMPLETED
06-08 15:42:12.175 D/AlertService( 3116): Scheduling next alarm with AlarmScheduler. sEventReminderReceived: null
06-08 15:42:12.248 I/ActivityManager( 2184): Start proc 3153:com.android.providers.calendar/u0a2 for content provider com.android.providers.calendar/.CalendarProvider2
06-08 15:42:12.272 W/art     ( 3153): Unexpected CPU variant for X86 using defaults: x86_64
06-08 15:42:12.330 V/AlarmClock( 2796): AlarmInitReceiver finished
06-08 15:42:12.366 I/ActivityManager( 2184): Start proc 3166:com.android.email/u0a34 for broadcast com.android.email/.service.EmailBroadcastReceiver
06-08 15:42:12.382 W/art     ( 3166): Unexpected CPU variant for X86 using defaults: x86_64
06-08 15:42:12.465 W/System  ( 3153): ClassLoader referenced unknown path: /system/priv-app/CalendarProvider/lib/x86_64
06-08 15:42:12.536 W/System  ( 3166): ClassLoader referenced unknown path: /system/app/Email/lib/x86_64
06-08 15:42:12.785 I/CalendarProvider2( 3153): Created com.android.providers.calendar.CalendarAlarmManager@244979(com.android.providers.calendar.CalendarProvider2@a6c56be)
06-08 15:42:12.927 D/AlarmScheduler( 3116): No events found starting within 1 week.
06-08 15:42:13.590 W/ActivityManager( 2184): Unable to start service Intent { act=com.android.email.EXCHANGE_INTENT pkg=com.android.exchange } U=0: not found
06-08 15:42:13.622 D/ActivityThread( 3166): Loading provider com.android.email.provider;com.android.email.notifier: com.android.email.provider.EmailProvider
06-08 15:42:13.695 D/ActivityThread( 3166): Loading provider com.android.email.provider;com.android.email.notifier: com.android.email.provider.EmailProvider
06-08 15:42:13.743 W/ActivityManager( 2184): Unable to start service Intent { act=com.android.email.EXCHANGE_INTENT pkg=com.android.exchange } U=0: not found
06-08 15:42:13.748 W/ActivityManager( 2184): Unable to start service Intent { act=com.android.email.EXCHANGE_INTENT pkg=com.android.exchange } U=0: not found
06-08 15:42:13.885 I/CalendarProvider2( 3153): Sending notification intent: Intent { act=android.intent.action.PROVIDER_CHANGED dat=content://com.android.calendar flg=0x20000000 }
06-08 15:42:13.887 W/ContentResolver( 3153): Failed to get type for: content://com.android.calendar (Unknown URL content://com.android.calendar)
06-08 15:42:13.931 I/SystemBroadcastReceiver( 2406): Boot has been completed
06-08 15:42:13.931 I/SystemBroadcastReceiver( 2406): toggleAppIcon() : FLAG_SYSTEM = true
06-08 15:42:14.014 W/art     ( 3190): Unexpected CPU variant for X86 using defaults: x86_64
06-08 15:42:14.023 I/ActivityManager( 2184): Start proc 3190:com.android.managedprovisioning/u0a14 for broadcast com.android.managedprovisioning/.BootReminder
06-08 15:42:14.095 W/ActivityManager( 2184): Unable to start service Intent { cmp=com.android.email/.service.AttachmentService } U=0: not found
06-08 15:42:14.101 W/ActivityManager( 2184): Unable to start service Intent { act=com.android.email.EXCHANGE_INTENT pkg=com.android.exchange } U=0: not found
06-08 15:42:14.145 I/Email   ( 3166): Observing account changes for notifications
06-08 15:42:14.168 W/ActivityManager( 2184): Unable to start service Intent { act=com.android.email.EXCHANGE_INTENT pkg=com.android.exchange } U=0: not found
06-08 15:42:14.174 W/ActivityManager( 2184): Unable to start service Intent { act=com.android.email.EXCHANGE_INTENT pkg=com.android.exchange } U=0: not found
06-08 15:42:14.219 E/ActivityThread( 3166): Service com.android.email.service.EmailBroadcastProcessorService has leaked ServiceConnection com.android.emailcommon.service.ServiceProxy$ProxyConnection@51d507a that was originally bound here
06-08 15:42:14.219 E/ActivityThread( 3166): android.app.ServiceConnectionLeaked: Service com.android.email.service.EmailBroadcastProcessorService has leaked ServiceConnection com.android.emailcommon.service.ServiceProxy$ProxyConnection@51d507a that was originally bound here
06-08 15:42:14.219 E/ActivityThread( 3166): 	at android.app.LoadedApk$ServiceDispatcher.<init>(LoadedApk.java:1336)
06-08 15:42:14.219 E/ActivityThread( 3166): 	at android.app.LoadedApk.getServiceDispatcher(LoadedApk.java:1231)
06-08 15:42:14.219 E/ActivityThread( 3166): 	at android.app.ContextImpl.bindServiceCommon(ContextImpl.java:1450)
06-08 15:42:14.219 E/ActivityThread( 3166): 	at android.app.ContextImpl.bindService(ContextImpl.java:1422)
06-08 15:42:14.219 E/ActivityThread( 3166): 	at android.content.ContextWrapper.bindService(ContextWrapper.java:636)
06-08 15:42:14.219 E/ActivityThread( 3166): 	at com.android.emailcommon.service.ServiceProxy.setTask(ServiceProxy.java:181)
06-08 15:42:14.219 E/ActivityThread( 3166): 	at com.android.emailcommon.service.ServiceProxy.test(ServiceProxy.java:224)
06-08 15:42:14.219 E/ActivityThread( 3166): 	at com.android.email.service.EmailServiceUtils.isServiceAvailable(EmailServiceUtils.java:160)
06-08 15:42:14.219 E/ActivityThread( 3166): 	at com.android.email.provider.AccountReconciler.reconcileAccountsInternal(AccountReconciler.java:171)
06-08 15:42:14.219 E/ActivityThread( 3166): 	at com.android.email.provider.AccountReconciler.reconcileAccounts(AccountReconciler.java:115)
06-08 15:42:14.219 E/ActivityThread( 3166): 	at com.android.email.service.EmailBroadcastProcessorService.reconcileAndStartServices(EmailBroadcastProcessorService.java:305)
06-08 15:42:14.219 E/ActivityThread( 3166): 	at com.android.email.service.EmailBroadcastProcessorService.onBootCompleted(EmailBroadcastProcessorService.java:295)
06-08 15:42:14.219 E/ActivityThread( 3166): 	at com.android.email.service.EmailBroadcastProcessorService.onHandleIntent(EmailBroadcastProcessorService.java:130)
06-08 15:42:14.219 E/ActivityThread( 3166): 	at android.app.IntentService$ServiceHandler.handleMessage(IntentService.java:68)
06-08 15:42:14.219 E/ActivityThread( 3166): 	at android.os.Handler.dispatchMessage(Handler.java:102)
06-08 15:42:14.219 E/ActivityThread( 3166): 	at android.os.Looper.loop(Looper.java:154)
06-08 15:42:14.219 E/ActivityThread( 3166): 	at android.os.HandlerThread.run(HandlerThread.java:61)
06-08 15:42:14.220 W/ActivityManager( 2184): Unbind failed: could not find connection for android.os.BinderProxy@beef8ba
06-08 15:42:14.225 W/ActivityManager( 2184): Unable to start service Intent { cmp=com.android.email/.service.AttachmentService } U=0: not found
06-08 15:42:14.240 W/System  ( 3190): ClassLoader referenced unknown path: /system/priv-app/ManagedProvisioning/lib/x86_64
