06-08 15:42:14.246 W/ActivityManager( 2184): Unable to start service Intent { act=com.android.email.EXCHANGE_INTENT pkg=com.android.exchange } U=0: not found
06-08 15:42:14.280 W/ActivityManager( 2184): Unable to start service Intent { cmp=com.android.email/.service.AttachmentService } U=0: not found
06-08 15:42:14.312 W/ActivityManager( 2184): Unable to start service Intent { act=com.android.email.EXCHANGE_INTENT pkg=com.android.exchange } U=0: not found
06-08 15:42:14.402 I/ActivityManager( 2184): Start proc 3205:com.android.messaging/u0a54 for broadcast com.android.messaging/.receiver.BootAndPackageReplacedReceiver
06-08 15:42:14.415 W/art     ( 3205): Unexpected CPU variant for X86 using defaults: x86_64
06-08 15:42:14.511 W/System  ( 3205): ClassLoader referenced unknown path: /system/app/messaging/lib/x86_64
06-08 15:42:15.622 V/VvmBootCompletedRcvr( 2604): processing subId list
06-08 15:42:15.623 I/MessagingApp( 3205): Carrier config changed. Reloading MMS config.
06-08 15:42:15.664 E/VvmBootCompletedRcvr( 2604): phone account ComponentInfo{com.android.phone/com.android.services.telephony.TelephonyConnectionService}, [e2f7d48dd2b5ca523e7313cf4ba0f6ea830b6281], UserHandle{0} has invalid subId -1
06-08 15:42:15.766 I/MessagingAppDataModel( 3205): Fixup: Send failed - 0 Download failed - 0
06-08 15:42:16.044 I/MessagingAppDataModel( 3205): SyncMessagesAction: Starting batch for messages from 1616676894217 to 1623166935488 (message update limit = 80, message scan limit = 4000)
06-08 15:42:16.084 I/VvmSimChangeReceiver( 2604): Received SIM change for invalid subscription id.
06-08 15:42:16.215 D/AlertReceiver( 3116): onReceive: a=android.intent.action.PROVIDER_CHANGED Intent { act=android.intent.action.PROVIDER_CHANGED dat=content://com.android.calendar flg=0x20000010 cmp=com.android.calendar/.alerts.AlertReceiver }
06-08 15:42:16.245 D/AlertService( 3116): 0 Action = android.intent.action.PROVIDER_CHANGED
06-08 15:42:16.550 I/art     ( 2184): Background partial concurrent mark sweep GC freed 20384(1658KB) AllocSpace objects, 15(660KB) LOS objects, 29% free, 9MB/13MB, paused 3.609ms total 165.656ms
06-08 15:42:16.745 I/art     ( 3116): Waiting for a blocking GC DisableMovingGc
06-08 15:42:16.754 I/art     ( 3116): WaitForGcToComplete blocked for 8.707ms for cause DisableMovingGc
06-08 15:42:16.754 I/art     ( 3116): Starting a blocking GC DisableMovingGc
06-08 15:42:16.975 I/MessagingAppDataModel( 3205): SyncMessagesAction: All messages now in sync
06-08 15:42:18.021 W/MediaScanner( 3007): Error opening directory '/oem/media/', skipping: No such file or directory.
06-08 15:42:18.210 V/MediaScanner( 3007): pruneDeadThumbnailFiles... android.content.ContentProviderClient$CursorWrapperInner@269ea1b
06-08 15:42:18.211 V/MediaScanner( 3007): /pruneDeadThumbnailFiles... android.content.ContentProviderClient$CursorWrapperInner@269ea1b
06-08 15:42:21.288 I/GlobalDismissManager( 3116): no sender configured
06-08 15:42:21.290 D/AlertService( 3116): Beginning updateAlertNotification
06-08 15:42:21.327 D/AlertService( 3116): No fired or scheduled alerts
06-08 15:42:21.362 D/AlertService( 3116): Scheduling next alarm with AlarmScheduler. sEventReminderReceived: null
06-08 15:42:21.391 D/AlarmScheduler( 3116): No events found starting within 1 week.
06-08 15:42:27.180 I/ActivityManager( 2184): Waited long enough for: ServiceRecord{344be2d u0 com.android.calendar/.alerts.InitAlarmsService}
06-08 15:42:42.260 D/InitAlarmsService( 3116): Clearing and rescheduling alarms.
06-08 15:42:47.689 W//sbin/adbd( 1323): type=1400 audit(0.0:16): avc: denied { search } for comm=7365727669636520363830 name="security" dev="vdc" ino=35203 scontext=u:r:adbd:s0 tcontext=u:object_r:security_file:s0 tclass=dir permissive=0
06-08 15:43:46.384 D/AndroidRuntime( 3239): >>>>>> START com.android.internal.os.RuntimeInit uid 2000 <<<<<<
06-08 15:43:46.404 D/AndroidRuntime( 3239): CheckJNI is ON
06-08 15:43:46.697 W/art     ( 3239): Unexpected CPU variant for X86 using defaults: x86_64
06-08 15:43:46.728 D/ICU     ( 3239): No timezone override file found: /data/misc/zoneinfo/current/icu/icu_tzdata.dat
06-08 15:43:46.867 E/memtrack( 3239): Couldn't load memtrack module (No such file or directory)
06-08 15:43:46.868 E/android.os.Debug( 3239): failed to load memtrack module: -2
06-08 15:43:46.874 I/Radio-JNI( 3239): register_android_hardware_Radio DONE
06-08 15:43:46.974 D/AndroidRuntime( 3239): Calling main entry com.android.commands.pm.Pm
06-08 15:43:47.062 I/        ( 1329): free_cache(132247173) avail 809582592
06-08 15:44:03.562 W/art     ( 2184): Long monitor contention with owner PackageInstaller (2328) at int android.content.res.AssetManager.getStringBlockCount!()(AssetManager.java:-2) waiters=0 in android.content.pm.PackageInstaller$SessionInfo com.android.server.pm.PackageInstallerSession.generateInfo() for 9.190s
06-08 15:44:03.625 W/art     ( 3249): Unexpected CPU variant for X86 using defaults: x86_64
06-08 15:44:03.641 I/ActivityManager( 2184): Start proc 3249:com.android.defcontainer/u0a7 for service com.android.defcontainer/.DefaultContainerService
06-08 15:44:04.160 I/PackageManager.DexOptimizer( 2184): Running dexopt (dex2oat) on: /data/app/vmdl163950347.tmp/base.apk pkg=jp.jaxa.iss.kibo.rpc.sampleapk isa=x86_64 vmSafeMode=false debuggable=true target-filter=interpret-only oatDir = /data/app/vmdl163950347.tmp/oat sharedLibraries=null
06-08 15:44:04.325 W/dex2oat ( 3264): Unexpected CPU variant for X86 using defaults: x86_64
06-08 15:44:04.339 I/dex2oat ( 3264): /system/bin/dex2oat --compiler-filter=interpret-only --debuggable
06-08 15:44:06.741 W/dex2oat ( 3264): Before Android 4.1, method int android.support.v7.widget.ListViewCompat.lookForSelectablePosition(int, boolean) would have incorrectly overridden the package-private method in android.widget.ListView
06-08 15:44:07.431 W/dex2oat ( 3264): Before Android 4.1, method android.graphics.PorterDuffColorFilter android.support.graphics.drawable.VectorDrawableCompat.updateTintFilter(android.graphics.PorterDuffColorFilter, android.content.res.ColorStateList, android.graphics.PorterDuff$Mode) would have incorrectly overridden the package-private method in android.graphics.drawable.Drawable
06-08 15:44:15.289 W/dex2oat ( 3264): Compilation of java.lang.String org.opencv.android.StaticHelper.getLibraryList() took 133.369ms
06-08 15:44:15.298 W/dex2oat ( 3264): Compilation of void org.opencv.android.Utils.nBitmapToMat2(android.graphics.Bitmap, long, boolean) took 139.532ms
06-08 15:44:15.497 W/dex2oat ( 3264): Compilation of void org.opencv.aruco.Aruco.detectCharucoDiamond_2(long, long, long, float, long, long) took 200.402ms
06-08 15:44:17.764 I/dex2oat ( 3264): dex2oat took 13.448s (threads: 2) arena alloc=497KB (509904B) java alloc=7MB (7519856B) native alloc=15MB (16221352B) free=4MB (4750168B)
06-08 15:44:18.070 D/installd( 1329): Detected label change from u:object_r:system_data_file:s0 to u:object_r:app_data_file:s0:c512,c768 at /data/data/jp.jaxa.iss.kibo.rpc.sampleapk; running recursive restorecon
06-08 15:44:18.083 D/installd( 1329): Detected label change from u:object_r:system_data_file:s0 to u:object_r:app_data_file:s0:c512,c768 at /data/user_de/0/jp.jaxa.iss.kibo.rpc.sampleapk; running recursive restorecon
06-08 15:44:18.102 V/BackupManagerService( 2184): restoreAtInstall pkg=jp.jaxa.iss.kibo.rpc.sampleapk token=1 restoreSet=0
06-08 15:44:18.105 W/BackupManagerService( 2184): Requested unavailable transport: android/com.android.internal.backup.LocalTransport
06-08 15:44:18.105 W/BackupManagerService( 2184): No transport
06-08 15:44:18.105 V/BackupManagerService( 2184): Finishing install immediately
06-08 15:44:18.163 I/GnssLocationProvider( 2184): WakeLock acquired by sendMessage(3, 0, com.android.server.location.GnssLocationProvider$GpsRequest@2715c1a)
06-08 15:44:18.165 I/GnssLocationProvider( 2184): WakeLock acquired by sendMessage(3, 0, com.android.server.location.GnssLocationProvider$GpsRequest@a70534b)
06-08 15:44:18.168 I/GnssLocationProvider( 2184): WakeLock released by handleMessage(3, 0, com.android.server.location.GnssLocationProvider$GpsRequest@2715c1a)
06-08 15:44:18.170 I/GnssLocationProvider( 2184): WakeLock released by handleMessage(3, 0, com.android.server.location.GnssLocationProvider$GpsRequest@a70534b)
06-08 15:44:18.173 D/VoldConnector( 2184): SND -> {9 volume remount_uid 10064 default}
06-08 15:44:18.186 D/vold    ( 1275): Remounting 10064 as mode default
06-08 15:44:18.208 D/VoldConnector( 2184): RCV <- {200 9 Command succeeded}
06-08 15:44:18.213 D/VoldConnector( 2184): SND -> {10 volume remount_uid 10064 write}
06-08 15:44:18.214 D/vold    ( 1275): Remounting 10064 as mode write
06-08 15:44:18.218 I/GnssLocationProvider( 2184): WakeLock acquired by sendMessage(3, 0, com.android.server.location.GnssLocationProvider$GpsRequest@2368128)
06-08 15:44:18.222 I/GnssLocationProvider( 2184): WakeLock released by handleMessage(3, 0, com.android.server.location.GnssLocationProvider$GpsRequest@2368128)
06-08 15:44:18.238 D/VoldConnector( 2184): RCV <- {200 10 Command succeeded}
06-08 15:44:18.263 I/art     ( 2184): Starting a blocking GC Explicit
06-08 15:44:18.376 I/art     ( 2184): Explicit concurrent mark sweep GC freed 25326(1555KB) AllocSpace objects, 15(468KB) LOS objects, 29% free, 9MB/13MB, paused 2.411ms total 106.089ms
06-08 15:44:18.392 E/        ( 1329): Couldn't opendir /data/app/vmdl163950347.tmp: No such file or directory
06-08 15:44:18.599 I/art     ( 3239): System.exit called, status: 0
06-08 15:44:18.600 I/AndroidRuntime( 3239): VM exiting with result code 0.
06-08 15:44:18.623 I/InputReader( 2184): Reconfiguring input devices.  changes=0x00000010
06-08 15:44:18.682 W/ActivityManager( 2184): Slow operation: 131ms so far, now at startProcess: returned from zygote!
06-08 15:44:18.683 W/ActivityManager( 2184): Slow operation: 132ms so far, now at startProcess: done updating battery stats
06-08 15:44:18.684 W/ActivityManager( 2184): Slow operation: 132ms so far, now at startProcess: building log message
06-08 15:44:18.684 I/ActivityManager( 2184): Start proc 3268:com.android.gallery3d/u0a39 for broadcast com.android.gallery3d/.app.PackagesMonitor
06-08 15:44:18.684 W/ActivityManager( 2184): Slow operation: 133ms so far, now at startProcess: starting to update pids map
06-08 15:44:18.684 W/ActivityManager( 2184): Slow operation: 133ms so far, now at startProcess: done updating pids map
06-08 15:44:18.684 W/ActivityManager( 2184): Slow operation: 140ms so far, now at startProcess: done starting proc!
06-08 15:44:18.686 W/art     ( 2184): Long monitor contention with owner ActivityManager (2234) at void com.android.server.am.BroadcastQueue.processNextBroadcast(boolean)(BroadcastQueue.java:760) waiters=0 in void com.android.server.am.ActivityManagerService.dispatchUidsChanged() for 138ms
06-08 15:44:18.726 W/art     ( 3268): Unexpected CPU variant for X86 using defaults: x86_64
06-08 15:44:19.020 E/PhoneInterfaceManager( 2604): [PhoneIntfMgr] getCarrierPackageNamesForIntent: No UICC
06-08 15:44:19.020 D/CarrierSvcBindHelper( 2604): No carrier app for: 0
06-08 15:44:19.022 D/CarrierConfigLoader( 2604): mHandler: 9 phoneId: 0
06-08 15:44:19.167 W/art     ( 2184): Long monitor contention with owner android.bg (2233) at void com.android.server.pm.ShortcutService.handlePackageAdded(java.lang.String, int)(ShortcutService.java:2696) waiters=0 in void com.android.server.pm.ShortcutService.handleOnUidStateChanged(int, int) for 139ms
06-08 15:44:19.582 W/VoiceInteractionManagerService( 2184): no available voice recognition services found for user 0
06-08 15:44:20.258 I/ActivityManager( 2184): Start proc 3288:com.svox.pico/u0a49 for broadcast com.svox.pico/.VoiceDataInstallerReceiver
06-08 15:44:20.281 W/art     ( 3288): Unexpected CPU variant for X86 using defaults: x86_64
06-08 15:44:20.414 I/ActivityManager( 2184): Killing 2934:com.android.keychain/1000 (adj 906): empty #17
06-08 15:44:20.439 D/ActivityManager( 2184): cleanUpApplicationRecord -- 2934
06-08 15:46:38.339 D/AndroidRuntime( 3302): >>>>>> START com.android.internal.os.RuntimeInit uid 2000 <<<<<<
06-08 15:46:38.364 D/AndroidRuntime( 3302): CheckJNI is ON
06-08 15:46:38.765 W/art     ( 3302): Unexpected CPU variant for X86 using defaults: x86_64
06-08 15:46:38.803 D/ICU     ( 3302): No timezone override file found: /data/misc/zoneinfo/current/icu/icu_tzdata.dat
06-08 15:46:38.973 E/memtrack( 3302): Couldn't load memtrack module (No such file or directory)
06-08 15:46:38.974 E/android.os.Debug( 3302): failed to load memtrack module: -2
06-08 15:46:38.983 I/Radio-JNI( 3302): register_android_hardware_Radio DONE
06-08 15:46:39.127 D/AndroidRuntime( 3302): Calling main entry com.android.commands.am.Am
06-08 15:46:39.194 I/art     ( 3312): Not late-enabling -Xcheck:jni (already on)
06-08 15:46:39.195 W/art     ( 3312): Unexpected CPU variant for X86 using defaults: x86_64
06-08 15:46:39.202 I/ActivityManager( 2184): Start proc 3312:gov.nasa.arc.astrobee.android.gs.manager/u0a63 for service gov.nasa.arc.astrobee.android.gs.manager/.ManagerService
06-08 15:46:39.204 D/AndroidRuntime( 3302): Shutting down VM
06-08 15:46:39.439 W/System  ( 3312): ClassLoader referenced unknown path: /data/app/gov.nasa.arc.astrobee.android.gs.manager-1/lib/x86_64
06-08 15:46:40.118 E/Notification( 3312): setLatestEventInfo() is deprecated and you should feel deprecated.
06-08 15:46:40.118 E/Notification( 3312): java.lang.Throwable
06-08 15:46:40.118 E/Notification( 3312): 	at android.app.Notification.setLatestEventInfo(Notification.java:2076)
06-08 15:46:40.118 E/Notification( 3312): 	at org.ros.android.NodeMainExecutorService.onStartCommand(NodeMainExecutorService.java:220)
06-08 15:46:40.118 E/Notification( 3312): 	at android.app.ActivityThread.handleServiceArgs(ActivityThread.java:3326)
06-08 15:46:40.118 E/Notification( 3312): 	at android.app.ActivityThread.-wrap21(ActivityThread.java)
06-08 15:46:40.118 E/Notification( 3312): 	at android.app.ActivityThread$H.handleMessage(ActivityThread.java:1582)
06-08 15:46:40.118 E/Notification( 3312): 	at android.os.Handler.dispatchMessage(Handler.java:102)
06-08 15:46:40.118 E/Notification( 3312): 	at android.os.Looper.loop(Looper.java:154)
06-08 15:46:40.118 E/Notification( 3312): 	at android.app.ActivityThread.main(ActivityThread.java:6119)
06-08 15:46:40.118 E/Notification( 3312): 	at java.lang.reflect.Method.invoke(Native Method)
06-08 15:46:40.118 E/Notification( 3312): 	at com.android.internal.os.ZygoteInit$MethodAndArgsCaller.run(ZygoteInit.java:886)
06-08 15:46:40.118 E/Notification( 3312): 	at com.android.internal.os.ZygoteInit.main(ZygoteInit.java:776)
06-08 15:46:41.169 I/Registrar( 3312): MasterXmlRpcEndpoint URI: http://llp:11311
06-08 15:46:41.344 I/Registrar( 3312): Registering publisher: Publisher<PublisherDefinition<PublisherIdentifier<NodeIdentifier</guest_science_manager, http://hlp:40130/>, TopicIdentifier</rosout>>, Topic<TopicIdentifier</rosout>, TopicDescription<rosgraph_msgs/Log, acffd30cd6b6de30f120938c17c593fb>>>>
06-08 15:46:41.642 D/NotificationSQLiteLog( 2184): Pruned event entries: 15
06-08 15:46:42.690 I/Registrar( 3312): Response<Success, Registered [/guest_science_manager] as publisher of [/rosout], [http://10.42.0.34:43685/]>
06-08 15:46:42.713 I/DefaultPublisher( 3312): Publisher registered: Publisher<PublisherDefinition<PublisherIdentifier<NodeIdentifier</guest_science_manager, http://hlp:40130/>, TopicIdentifier</rosout>>, Topic<TopicIdentifier</rosout>, TopicDescription<rosgraph_msgs/Log, acffd30cd6b6de30f120938c17c593fb>>>>
06-08 15:46:42.807 I/Registrar( 3312): Registering subscriber: Subscriber<Topic<TopicIdentifier</clock>, TopicDescription<rosgraph_msgs/Clock, a9c97c1d230cfc112e270351a944ee47>>>
06-08 15:46:42.955 I/Registrar( 3312): Response<Success, Subscribed to [/clock], [http://10.42.0.34:35033/]>
06-08 15:46:42.971 I/DefaultSubscriber( 3312): Subscriber registered: Subscriber<Topic<TopicIdentifier</clock>, TopicDescription<rosgraph_msgs/Clock, a9c97c1d230cfc112e270351a944ee47>>>
06-08 15:46:43.125 I/Registrar( 3312): Registering publisher: Publisher<PublisherDefinition<PublisherIdentifier<NodeIdentifier</guest_science_manager, http://hlp:40130/>, TopicIdentifier</gs/gs_manager/ack>>, Topic<TopicIdentifier</gs/gs_manager/ack>, TopicDescription<ff_msgs/AckStamped, cebddec69fd770df54633be444a9187d>>>>
06-08 15:46:43.254 I/Registrar( 3312): Registering publisher: Publisher<PublisherDefinition<PublisherIdentifier<NodeIdentifier</guest_science_manager, http://hlp:40130/>, TopicIdentifier</gs/gs_manager/config>>, Topic<TopicIdentifier</gs/gs_manager/config>, TopicDescription<ff_msgs/GuestScienceConfig, c6f632ed2411de4159494a3e7754794e>>>>
06-08 15:46:43.438 I/Registrar( 3312): Response<Success, Registered [/guest_science_manager] as publisher of [/gs/gs_manager/ack], [http://10.42.0.34:34996/]>
06-08 15:46:43.453 I/DefaultPublisher( 3312): Publisher registered: Publisher<PublisherDefinition<PublisherIdentifier<NodeIdentifier</guest_science_manager, http://hlp:40130/>, TopicIdentifier</gs/gs_manager/ack>>, Topic<TopicIdentifier</gs/gs_manager/ack>, TopicDescription<ff_msgs/AckStamped, cebddec69fd770df54633be444a9187d>>>>
06-08 15:46:43.522 I/Registrar( 3312): Response<Success, Registered [/guest_science_manager] as publisher of [/gs/gs_manager/config], [http://10.42.0.34:34996/]>
06-08 15:46:43.560 I/DefaultPublisher( 3312): Publisher registered: Publisher<PublisherDefinition<PublisherIdentifier<NodeIdentifier</guest_science_manager, http://hlp:40130/>, TopicIdentifier</gs/gs_manager/config>>, Topic<TopicIdentifier</gs/gs_manager/config>, TopicDescription<ff_msgs/GuestScienceConfig, c6f632ed2411de4159494a3e7754794e>>>>
06-08 15:46:43.615 I/Registrar( 3312): Registering publisher: Publisher<PublisherDefinition<PublisherIdentifier<NodeIdentifier</guest_science_manager, http://hlp:40130/>, TopicIdentifier</gs/data>>, Topic<TopicIdentifier</gs/data>, TopicDescription<ff_msgs/GuestScienceData, edd2c791ea93ffa7cb0ec80c5bb00972>>>>
06-08 15:46:43.867 I/art     ( 3312): Background sticky concurrent mark sweep GC freed 25978(2MB) AllocSpace objects, 18(364KB) LOS objects, 25% free, 7MB/10MB, paused 9.254ms total 665.430ms
06-08 15:46:43.894 I/Registrar( 3312): Registering publisher: Publisher<PublisherDefinition<PublisherIdentifier<NodeIdentifier</guest_science_manager, http://hlp:40130/>, TopicIdentifier</gs/gs_manager/state>>, Topic<TopicIdentifier</gs/gs_manager/state>, TopicDescription<ff_msgs/GuestScienceState, 24e5a1ba8527257cc710720a32de6e51>>>>
06-08 15:46:43.998 I/Registrar( 3312): Response<Success, Registered [/guest_science_manager] as publisher of [/gs/data], [http://10.42.0.34:45099/, http://10.42.0.34:38826/]>
06-08 15:46:44.012 I/DefaultPublisher( 3312): Publisher registered: Publisher<PublisherDefinition<PublisherIdentifier<NodeIdentifier</guest_science_manager, http://hlp:40130/>, TopicIdentifier</gs/data>>, Topic<TopicIdentifier</gs/data>, TopicDescription<ff_msgs/GuestScienceData, edd2c791ea93ffa7cb0ec80c5bb00972>>>>
06-08 15:46:44.240 I/Registrar( 3312): Registering subscriber: Subscriber<Topic<TopicIdentifier</mgt/executive/command>, TopicDescription<ff_msgs/CommandStamped, ac01350894b1be9e3a7b4f390a14812d>>>
06-08 15:46:44.378 I/Registrar( 3312): Response<Success, Registered [/guest_science_manager] as publisher of [/gs/gs_manager/state], [http://10.42.0.34:34996/, http://10.42.0.34:38826/]>
06-08 15:46:44.382 I/DefaultPublisher( 3312): Publisher registered: Publisher<PublisherDefinition<PublisherIdentifier<NodeIdentifier</guest_science_manager, http://hlp:40130/>, TopicIdentifier</gs/gs_manager/state>>, Topic<TopicIdentifier</gs/gs_manager/state>, TopicDescription<ff_msgs/GuestScienceState, 24e5a1ba8527257cc710720a32de6e51>>>>
06-08 15:46:44.752 W/ActivityManager( 2184): Slow operation: 183ms so far, now at startProcess: returned from zygote!
06-08 15:46:44.753 W/ActivityManager( 2184): Slow operation: 183ms so far, now at startProcess: done updating battery stats
06-08 15:46:44.774 W/ActivityManager( 2184): Slow operation: 205ms so far, now at startProcess: building log message
06-08 15:46:44.774 I/ActivityManager( 2184): Start proc 3386:jp.jaxa.iss.kibo.rpc.sampleapk/u0a64 for broadcast jp.jaxa.iss.kibo.rpc.sampleapk/gov.nasa.arc.astrobee.android.gs.InfoInqueryBroadcastReceiver
06-08 15:46:44.774 W/ActivityManager( 2184): Slow operation: 205ms so far, now at startProcess: starting to update pids map
06-08 15:46:44.775 W/ActivityManager( 2184): Slow operation: 205ms so far, now at startProcess: done updating pids map
06-08 15:46:44.775 W/ActivityManager( 2184): Slow operation: 206ms so far, now at startProcess: done starting proc!
06-08 15:46:44.788 W/art     ( 2184): Long monitor contention with owner ActivityManager (2234) at void com.android.server.am.BroadcastQueue.processNextBroadcast(boolean)(BroadcastQueue.java:760) waiters=1 in android.content.ComponentName com.android.server.am.ActivityManagerService.startService(android.app.IApplicationThread, android.content.Intent, java.lang.String, java.lang.String, int) for 170ms
06-08 15:46:44.794 I/art     ( 3386): Not late-enabling -Xcheck:jni (already on)
06-08 15:46:44.795 W/art     ( 3386): Unexpected CPU variant for X86 using defaults: x86_64
06-08 15:46:44.804 I/Registrar( 3312): Response<Success, Subscribed to [/mgt/executive/command], [http://10.42.0.34:34996/]>
06-08 15:46:44.930 I/DefaultSubscriber( 3312): Subscriber registered: Subscriber<Topic<TopicIdentifier</mgt/executive/command>, TopicDescription<ff_msgs/CommandStamped, ac01350894b1be9e3a7b4f390a14812d>>>
06-08 15:46:45.693 I/art     ( 3312): Background partial concurrent mark sweep GC freed 25305(1924KB) AllocSpace objects, 32(640KB) LOS objects, 34% free, 7MB/11MB, paused 8.465ms total 743.555ms
06-08 15:46:45.854 I/ActivityManager( 2184): Killing 2993:com.android.printspooler/u0a51 (adj 906): empty #17
06-08 15:46:46.040 D/ActivityManager( 2184): cleanUpApplicationRecord -- 2993
06-08 15:46:48.703 I/art     ( 3312): Do partial code cache collection, code=26KB, data=29KB
06-08 15:46:48.714 I/art     ( 3312): After code cache collection, code=26KB, data=29KB
06-08 15:46:48.715 I/art     ( 3312): Increasing code cache capacity to 128KB
06-08 15:46:51.289 D/ManagerTimeoutTimer( 3312): Still waiting for the apk to start or stop. 4988.0 milliseconds left.
06-08 15:46:51.646 D/OpenCV/StaticHelper( 3386): Trying to get library list
06-08 15:46:51.730 E/OpenCV/StaticHelper( 3386): OpenCV error: Cannot load info library for OpenCV
06-08 15:46:51.730 D/OpenCV/StaticHelper( 3386): Library list: ""
06-08 15:46:51.730 D/OpenCV/StaticHelper( 3386): First attempt to load libs
06-08 15:46:51.731 D/OpenCV/StaticHelper( 3386): Trying to init OpenCV libs
06-08 15:46:51.731 D/OpenCV/StaticHelper( 3386): Trying to load library opencv_java3
06-08 15:46:51.963 D/OpenCV/StaticHelper( 3386): Library opencv_java3 loaded
06-08 15:46:51.963 D/OpenCV/StaticHelper( 3386): First attempt to load libs is OK
06-08 15:46:52.001 I/OpenCV/StaticHelper( 3386): 
06-08 15:46:52.001 I/OpenCV/StaticHelper( 3386): General configuration for OpenCV 3.4.4 =====================================
06-08 15:46:52.001 I/OpenCV/StaticHelper( 3386):   Version control:               3.4.4
06-08 15:46:52.002 I/OpenCV/StaticHelper( 3386): 
06-08 15:46:52.002 I/OpenCV/StaticHelper( 3386):   Extra modules:
06-08 15:46:52.002 I/OpenCV/StaticHelper( 3386):     Location (extra):            /build/3_4-contrib_pack-contrib-android/opencv_contrib/modules
06-08 15:46:52.002 I/OpenCV/StaticHelper( 3386):     Version control (extra):     3.4.4
06-08 15:46:52.002 I/OpenCV/StaticHelper( 3386): 
06-08 15:46:52.002 I/OpenCV/StaticHelper( 3386):   Platform:
06-08 15:46:52.002 I/OpenCV/StaticHelper( 3386):     Timestamp:                   2018-11-17T00:27:32Z
06-08 15:46:52.002 I/OpenCV/StaticHelper( 3386):     Host:                        Linux 4.15.0-38-generic x86_64
06-08 15:46:52.002 I/OpenCV/StaticHelper( 3386):     Target:                      Linux 1 x86_64
06-08 15:46:52.002 I/OpenCV/StaticHelper( 3386):     CMake:                       2.8.12.2
06-08 15:46:52.002 I/OpenCV/StaticHelper( 3386):     CMake generator:             Ninja
06-08 15:46:52.002 I/OpenCV/StaticHelper( 3386):     CMake build tool:            /usr/bin/ninja
06-08 15:46:52.002 I/OpenCV/StaticHelper( 3386):     Configuration:               Release
06-08 15:46:52.002 I/OpenCV/StaticHelper( 3386): 
06-08 15:46:52.002 I/OpenCV/StaticHelper( 3386):   CPU/HW features:
06-08 15:46:52.002 I/OpenCV/StaticHelper( 3386):     Baseline:                    SSE SSE2 SSE3
06-08 15:46:52.002 I/OpenCV/StaticHelper( 3386):       requested:                 SSE3
06-08 15:46:52.002 I/OpenCV/StaticHelper( 3386):     Dispatched code generation:  SSE4_1 SSE4_2 FP16 AVX AVX2
06-08 15:46:52.002 I/OpenCV/StaticHelper( 3386):       requested:                 SSE4_1 SSE4_2 AVX FP16 AVX2 AVX512_SKX
06-08 15:46:52.002 I/OpenCV/StaticHelper( 3386):       SSE4_1 (4 files):          + SSSE3 SSE4_1
06-08 15:46:52.002 I/OpenCV/StaticHelper( 3386):       SSE4_2 (1 files):          + SSSE3 SSE4_1 POPCNT SSE4_2
06-08 15:46:52.002 I/OpenCV/StaticHelper( 3386):       FP16 (0 files):            + SSSE3 SSE4_1 POPCNT SSE4_2 FP16 AVX
06-08 15:46:52.003 I/OpenCV/StaticHelper( 3386):       AVX (5 files):             + SSSE3 SSE4_1 POPCNT SSE4_2 AVX
06-08 15:46:52.003 I/OpenCV/StaticHelper( 3386):       AVX2 (10 files):           + SSSE3 SSE4_1 POPCNT SSE4_2 FP16 FMA3 AVX AVX2
06-08 15:46:52.021 I/OpenCV/StaticHelper( 3386): 
06-08 15:46:52.021 I/OpenCV/StaticHelper( 3386):   C/C++:
06-08 15:46:52.021 I/OpenCV/StaticHelper( 3386):     Built as dynamic libs?:      NO
06-08 15:46:52.021 I/OpenCV/StaticHelper( 3386):     C++ Compiler:                /usr/bin/ccache /opt/android/android-ndk-r10e/toolchains/x86_64-4.9/prebuilt/linux-x86_64/bin/x86_64-linux-android-g++ (ver 4.9)
06-08 15:46:52.021 I/OpenCV/StaticHelper( 3386):     C++ flags (Release):         -fexceptions -frtti --sysroot=/opt/android/android-ndk-r10e/platforms/android-21/arch-x86_64 -funwind-tables -funswitch-loops -finline-limit=300 -fsigned-char -no-canonical-prefixes -fdata-sections -ffunction-sections -Wa,--noexecstack  -DANDROID -D__ANDROID_API__=21   -fsigned-char -W -Wall -Werror=return-type -Werror=non-virtual-dtor -Werror=address -Werror=sequence-point -Wformat -Werror=format-security -Wmissing-declarations -Wundef -Winit-self -Wpointer-arith -Wshadow -Wsign-promo -Wuninitialized -Winit-self -Wno-narrowing -Wno-delete-non-virtual-dtor -Wno-comment -Wno-missing-field-initializers -fdiagnostics-show-option -Wno-long-long -fomit-frame-pointer  -msse -msse2 -msse3 -fvisibility=hidden -fvisibility-inlines-hidden -fomit-frame-pointer -fstrict-aliasing -O3 -DNDEBUG  -DNDEBUG
06-08 15:46:52.021 I/OpenCV/StaticHelper( 3386):     C++ flags (Debug):           -fexceptions -frtti --sysroot=/opt/android/android-ndk-r10e/platforms/android-21/arch-x86_64 -funwind-tables -funswitch-loops -finline-limit=300 -fsigned-char -no-canonical-prefixes -fdata-sections -ffunction-sections -Wa,--noexecstack  -DANDROID -D__ANDROID_API__=21   -fsigned-char -W -Wall -Werror=return-type -Werror=non-virtual-dtor -Werror=address -Werror=sequence-point -Wformat -Werror=format-security -Wmissing-declarations -Wundef -Winit-self -Wpointer-arith -Wshadow -Wsign-promo -Wuninitialized -Winit-self -Wno-narrowing -Wno-delete-non-virtual-dtor -Wno-comment -Wno-missing-field-initializers -fdiagnostics-show-option -Wno-long-long -fomit-frame-pointer  -msse -msse2 -msse3 -fvisibility=hidden -fvisibility-inlines-hidden -fno-omit-frame-pointer -fno-strict-aliasing -O0 -g -DDEBUG -D_DEBUG  -DDEBUG -D_DEBUG
06-08 15:46:52.021 I/OpenCV/StaticHelper( 3386):     C Compiler:                  /usr/bin/ccache /opt/android/android-ndk-r10e/toolchains/x86_64-4.9/prebuilt/linux-x86_64/bin/x86_64-linux-android-gcc
06-08 15:46:52.021 I/OpenCV/StaticHelper( 3386):     C flags (Release):           -fexceptions --sysroot=/opt/android/android-ndk-r10e/platforms/android-21/arch-x86_64 -funwind-tables -funswitch-loops -finline-limit=300 -fsigned-char -no-canonical-prefixes -fdata-sections -ffunction-sections -Wa,--noexecstack  -DANDROID -D__ANDROID_API__=21   -fsigned-char -W -Wall -Werror=return-type -Werror=non-virtual-dtor -Werror=address -Werror=sequence-point -Wformat -Werror=format-security -Wmissing-declarations -Wmissing-prototypes -Wstrict-prototypes -Wundef -Winit-self -Wpointer-arith -Wshadow -Wuninitialized -Winit-self -Wno-narrowing -Wno-comment -Wno-missing-field-initializers -fdiagnostics-show-option -Wno-long-long -fomit-frame-pointer  -msse -msse2 -msse3 -fvisibility=hidden -fomit-frame-pointer -fstrict-aliasing -O3 -DNDEBUG  -DNDEBUG
06-08 15:46:52.021 I/OpenCV/StaticHelper( 3386):     C flags (Debug):             -fexceptions --sysroot=/opt/android/android-ndk-r10e/platforms/android-21/arch-x86_64 -funwind-tables -funswitch-loops -finline-limit=300 -fsigned-char -no-canonical-prefixes -fdata-sections -ffunction-sections -Wa,--noexecstack  -DANDROID -D__ANDROID_API__=21   -fsigned-char -W -Wall -Werror=return-type -Werror=non-virtual-dtor -Werror=address -Werror=sequence-point -Wformat -Werror=format-security -Wmissing-declarations -Wmissing-prototypes -Wstrict-prototypes -Wundef -Winit-self -Wpointer-arith -Wshadow -Wuninitialized -Winit-self -Wno-narrowing -Wno-comment -Wno-missing-field-initializers -fdiagnostics-show-option -Wno-long-long -fomit-frame-pointer  -msse -msse2 -msse3 -fvisibility=hidden -fno-omit-frame-pointer -fno-strict-aliasing -O0 -g -DDEBUG -D_DEBUG  -DDEBUG -D_DEBUG
06-08 15:46:52.021 I/OpenCV/StaticHelper( 3386):     Linker flags (Release):      -Wl,--exclude-libs,libippicv.a -Wl,--exclude-libs,libippiw.a  -Wl,--no-undefined -Wl,--gc-sections -Wl,-z,noexecstack -Wl,-z,relro -Wl,-z,now    
06-08 15:46:52.021 I/OpenCV/StaticHelper( 3386):     Linker flags (Debug):        -Wl,--exclude-libs,libippicv.a -Wl,--exclude-libs,libippiw.a  -Wl,--no-undefined -Wl,--gc-sections -Wl,-z,noexecstack -Wl,-z,relro -Wl,-z,now    
06-08 15:46:52.021 I/OpenCV/StaticHelper( 3386):     ccache:                      YES
06-08 15:46:52.021 I/OpenCV/StaticHelper( 3386):     Precompiled headers:         NO
06-08 15:46:52.021 I/OpenCV/StaticHelper( 3386):     Extra dependencies:          z dl m log
06-08 15:46:52.021 I/OpenCV/StaticHelper( 3386):     3rdparty dependencies:       tbb libcpufeatures ittnotify libjpeg-turbo libwebp libpng libtiff libjasper IlmImf libprotobuf quirc ippiw ippicv
06-08 15:46:52.021 I/OpenCV/StaticHelper( 3386): 
06-08 15:46:52.021 I/OpenCV/StaticHelper( 3386):   OpenCV modules:
06-08 15:46:52.021 I/OpenCV/StaticHelper( 3386):     To be built:                 aruco bgsegm bioinspired calib3d ccalib core datasets dnn dnn_objdetect dpm face features2d flann fuzzy hfs highgui img_hash imgcodecs imgproc java java_bindings_generator line_descriptor ml objdetect optflow phase_unwrapping photo plot reg rgbd saliency shape stereo stitching structured_light superres surface_matching text tracking video videoio videostab xfeatures2d ximgproc xobjdetect xphoto
06-08 15:46:52.021 I/OpenCV/StaticHelper( 3386):     Disabled:                    world
06-08 15:46:52.022 I/OpenCV/StaticHelper( 3386):     Disabled by dependency:      -
06-08 15:46:52.022 I/OpenCV/StaticHelper( 3386):     Unavailable:                 cnn_3dobj cudaarithm cudabgsegm cudacodec cudafeatures2d cudafilters cudaimgproc cudalegacy cudaobjdetect cudaoptflow cudastereo cudawarping cudev cvv freetype hdf js matlab ovis python2 python3 sfm ts viz
06-08 15:46:52.022 I/OpenCV/StaticHelper( 3386):     Applications:                android_examples
06-08 15:46:52.022 I/OpenCV/StaticHelper( 3386):     Documentation:               NO
06-08 15:46:52.022 I/OpenCV/StaticHelper( 3386):     Non-free algorithms:         NO
06-08 15:46:52.022 I/OpenCV/StaticHelper( 3386): 
06-08 15:46:52.022 I/OpenCV/StaticHelper( 3386):   Android NDK:                   location: /opt/android/android-ndk-r10e
06-08 15:46:52.022 I/OpenCV/StaticHelper( 3386):     Android ABI:                 x86_64
06-08 15:46:52.022 I/OpenCV/StaticHelper( 3386):     NDK toolchain:               x86_64-4.9
06-08 15:46:52.022 I/OpenCV/StaticHelper( 3386):     STL type:                    gnustl_static
06-08 15:46:52.022 I/OpenCV/StaticHelper( 3386):     Native API level:            21
06-08 15:46:52.022 I/OpenCV/StaticHelper( 3386):   Android SDK:                   /opt/android/android-sdk-java7 (tools: 25.2.2 build tools: 23.0.3)
06-08 15:46:52.022 I/OpenCV/StaticHelper( 3386):     android tool:                /opt/android/android-sdk-java7/tools/android
06-08 15:46:52.022 I/OpenCV/StaticHelper( 3386):     SDK target:                  android-21
06-08 15:46:52.022 I/OpenCV/StaticHelper( 3386):     Projects build scripts:      Ant/Eclipse compatible
06-08 15:46:52.022 I/OpenCV/StaticHelper( 3386): 
06-08 15:46:52.022 I/OpenCV/StaticHelper( 3386):   GUI: 
06-08 15:46:52.022 I/OpenCV/StaticHelper( 3386): 
06-08 15:46:52.022 I/OpenCV/StaticHelper( 3386):   Media I/O: 
06-08 15:46:52.022 I/OpenCV/StaticHelper( 3386):     ZLib:                        z (ver 1.2.3)
06-08 15:46:52.022 I/OpenCV/StaticHelper( 3386):     JPEG:                        build-libjpeg-turbo (ver 1.5.3-62)
06-08 15:46:52.022 I/OpenCV/StaticHelper( 3386):     WEBP:                        build (ver encoder: 0x020e)
06-08 15:46:52.022 I/OpenCV/StaticHelper( 3386):     PNG:                         build (ver 1.6.35)
06-08 15:46:52.022 I/OpenCV/StaticHelper( 3386):     TIFF:                        build (ver 42 - 4.0.9)
06-08 15:46:52.023 I/OpenCV/StaticHelper( 3386):     JPEG 2000:                   build (ver 1.900.1)
06-08 15:46:52.023 I/OpenCV/StaticHelper( 3386):     OpenEXR:                     build (ver 1.7.1)
06-08 15:46:52.023 I/OpenCV/StaticHelper( 3386):     HDR:                         YES
06-08 15:46:52.023 I/OpenCV/StaticHelper( 3386):     SUNRASTER:                   YES
06-08 15:46:52.023 I/OpenCV/StaticHelper( 3386):     PXM:                         YES
06-08 15:46:52.023 I/OpenCV/StaticHelper( 3386): 
06-08 15:46:52.023 I/OpenCV/StaticHelper( 3386):   Video I/O:
06-08 15:46:52.023 I/OpenCV/StaticHelper( 3386): 
06-08 15:46:52.023 I/OpenCV/StaticHelper( 3386):   Parallel framework:            TBB (ver 2018.0 interface 10001)
06-08 15:46:52.023 I/OpenCV/StaticHelper( 3386): 
06-08 15:46:52.023 I/OpenCV/StaticHelper( 3386):   Trace:                         YES (with Intel ITT)
06-08 15:46:52.037 I/OpenCV/StaticHelper( 3386): 
06-08 15:46:52.037 I/OpenCV/StaticHelper( 3386):   Other third-party libraries:
06-08 15:46:52.037 I/OpenCV/StaticHelper( 3386):     Intel IPP:                   2019.0.0 Gold [2019.0.0]
06-08 15:46:52.037 I/OpenCV/StaticHelper( 3386):            at:                   /build/3_4-contrib_pack-contrib-android/build/o4a/3rdparty/ippicv/ippicv_lnx/icv
06-08 15:46:52.037 I/OpenCV/StaticHelper( 3386):     Intel IPP IW:                sources (2019.0.0)
06-08 15:46:52.037 I/OpenCV/StaticHelper( 3386):               at:                /build/3_4-contrib_pack-contrib-android/build/o4a/3rdparty/ippicv/ippicv_lnx/iw
06-08 15:46:52.038 I/OpenCV/StaticHelper( 3386):     Custom HAL:                  NO
06-08 15:46:52.038 I/OpenCV/StaticHelper( 3386):     Protobuf:                    build (3.5.1)
06-08 15:46:52.038 I/OpenCV/StaticHelper( 3386): 
06-08 15:46:52.038 I/OpenCV/StaticHelper( 3386):   Python (for build):            /usr/bin/python2.7
06-08 15:46:52.038 I/OpenCV/StaticHelper( 3386): 
06-08 15:46:52.038 I/OpenCV/StaticHelper( 3386):   Java:                          export all functions
06-08 15:46:52.038 I/OpenCV/StaticHelper( 3386):     ant:                         /usr/bin/ant (ver 1.9.3)
06-08 15:46:52.038 I/OpenCV/StaticHelper( 3386):     Java wrappers:               YES
06-08 15:46:52.038 I/OpenCV/StaticHelper( 3386):     Java tests:                  NO
06-08 15:46:52.038 I/OpenCV/StaticHelper( 3386): 
06-08 15:46:52.038 I/OpenCV/StaticHelper( 3386):   Install to:                    /build/3_4-contrib_pack-contrib-android/build/o4a/install
06-08 15:46:52.038 I/OpenCV/StaticHelper( 3386): -----------------------------------------------------------------
06-08 15:46:52.038 D/OpenCv  ( 3386): OpenCV loaded
06-08 15:46:52.869 I/Registrar( 3386): MasterXmlRpcEndpoint URI: http://llp:11311
06-08 15:46:53.006 I/Registrar( 3386): Registering publisher: Publisher<PublisherDefinition<PublisherIdentifier<NodeIdentifier</kibo_rpc_api, http://hlp:40656/>, TopicIdentifier</rosout>>, Topic<TopicIdentifier</rosout>, TopicDescription<rosgraph_msgs/Log, acffd30cd6b6de30f120938c17c593fb>>>>
06-08 15:46:53.574 W/art     ( 3386): Suspending all threads took: 12.604ms
06-08 15:46:54.821 I/Registrar( 3386): Response<Success, Registered [/kibo_rpc_api] as publisher of [/rosout], [http://10.42.0.34:43685/, http://10.42.0.34:34910/]>
06-08 15:46:54.836 I/DefaultPublisher( 3386): Publisher registered: Publisher<PublisherDefinition<PublisherIdentifier<NodeIdentifier</kibo_rpc_api, http://hlp:40656/>, TopicIdentifier</rosout>>, Topic<TopicIdentifier</rosout>, TopicDescription<rosgraph_msgs/Log, acffd30cd6b6de30f120938c17c593fb>>>>
06-08 15:46:55.194 I/Registrar( 3386): Registering subscriber: Subscriber<Topic<TopicIdentifier</clock>, TopicDescription<rosgraph_msgs/Clock, a9c97c1d230cfc112e270351a944ee47>>>
06-08 15:46:55.506 W/art     ( 3386): Suspending all threads took: 5.421ms
06-08 15:46:55.682 I/Registrar( 3386): Response<Success, Subscribed to [/clock], [http://10.42.0.34:35033/]>
06-08 15:46:55.714 I/DefaultSubscriber( 3386): Subscriber registered: Subscriber<Topic<TopicIdentifier</clock>, TopicDescription<rosgraph_msgs/Clock, a9c97c1d230cfc112e270351a944ee47>>>
06-08 15:46:56.193 I/Registrar( 3386): MasterXmlRpcEndpoint URI: http://llp:11311
06-08 15:46:56.411 I/Registrar( 3386): Registering publisher: Publisher<PublisherDefinition<PublisherIdentifier<NodeIdentifier</kibo_rpc_api, http://hlp:40656/>, TopicIdentifier</command>>, Topic<TopicIdentifier</command>, TopicDescription<ff_msgs/CommandStamped, ac01350894b1be9e3a7b4f390a14812d>>>>
06-08 15:46:56.813 W/art     ( 3386): Suspending all threads took: 7.407ms
06-08 15:46:57.132 I/Registrar( 3386): Registering publisher: Publisher<PublisherDefinition<PublisherIdentifier<NodeIdentifier</GetterNode, http://hlp:48152/>, TopicIdentifier</rosout>>, Topic<TopicIdentifier</rosout>, TopicDescription<rosgraph_msgs/Log, acffd30cd6b6de30f120938c17c593fb>>>>
06-08 15:46:57.422 I/Registrar( 3386): Response<Success, Registered [/kibo_rpc_api] as publisher of [/command], [http://10.42.0.34:35033/, http://10.42.0.34:34996/, http://10.42.0.34:38606/, http://10.42.0.34:34910/]>
06-08 15:46:57.495 I/DefaultPublisher( 3386): Publisher registered: Publisher<PublisherDefinition<PublisherIdentifier<NodeIdentifier</kibo_rpc_api, http://hlp:40656/>, TopicIdentifier</command>>, Topic<TopicIdentifier</command>, TopicDescription<ff_msgs/CommandStamped, ac01350894b1be9e3a7b4f390a14812d>>>>
06-08 15:46:57.504 I/Registrar( 3386): Registering subscriber: Subscriber<Topic<TopicIdentifier</mgt/ack>, TopicDescription<ff_msgs/AckStamped, cebddec69fd770df54633be444a9187d>>>
06-08 15:46:57.595 I/Registrar( 3386): Response<Success, Registered [/GetterNode] as publisher of [/rosout], [http://10.42.0.34:43685/, http://10.42.0.34:34910/]>
06-08 15:46:57.746 I/DefaultPublisher( 3386): Publisher registered: Publisher<PublisherDefinition<PublisherIdentifier<NodeIdentifier</GetterNode, http://hlp:48152/>, TopicIdentifier</rosout>>, Topic<TopicIdentifier</rosout>, TopicDescription<rosgraph_msgs/Log, acffd30cd6b6de30f120938c17c593fb>>>>
06-08 15:46:58.373 I/Registrar( 3386): Registering subscriber: Subscriber<Topic<TopicIdentifier</clock>, TopicDescription<rosgraph_msgs/Clock, a9c97c1d230cfc112e270351a944ee47>>>
06-08 15:46:58.430 W/art     ( 3386): Suspending all threads took: 8.600ms
06-08 15:46:58.455 I/Registrar( 3386): Response<Success, Subscribed to [/mgt/ack], [http://10.42.0.34:34996/]>
06-08 15:46:58.489 I/DefaultSubscriber( 3386): Subscriber registered: Subscriber<Topic<TopicIdentifier</mgt/ack>, TopicDescription<ff_msgs/AckStamped, cebddec69fd770df54633be444a9187d>>>
06-08 15:46:59.786 I/Registrar( 3386): Response<Success, Subscribed to [/clock], [http://10.42.0.34:35033/]>
06-08 15:46:59.796 I/DefaultSubscriber( 3386): Subscriber registered: Subscriber<Topic<TopicIdentifier</clock>, TopicDescription<rosgraph_msgs/Clock, a9c97c1d230cfc112e270351a944ee47>>>
06-08 15:46:59.831 D/KiboRpcApi( 3386): GetterNode initialization started.
06-08 15:47:00.609 W/art     ( 3386): Long monitor contention with owner pool-1-thread-10 (3414) at boolean org.ros.concurrent.CircularBlockingDeque.addLast(java.lang.Object)(CircularBlockingDeque.java:72) waiters=1 in void java.lang.Object.wait!() for 293ms
06-08 15:47:01.181 W/art     ( 3386): Suspending all threads took: 18.385ms
06-08 15:47:01.367 I/Registrar( 3386): Registering subscriber: Subscriber<Topic<TopicIdentifier</gnc/ekf>, TopicDescription<ff_msgs/EkfState, 543b97822b033d7199b506ad4005f134>>>
06-08 15:47:01.425 W/art     ( 3386): Long monitor contention with owner pool-1-thread-3 (3406) at void gov.nasa.arc.astrobee.ros.internal.RobotNodeMain.onStart(org.ros.node.ConnectedNode)(RobotNodeMain.java:61) waiters=0 in org.ros.message.MessageFactory gov.nasa.arc.astrobee.ros.internal.RobotNodeMain.getTopicMessageFactory() for 5.356s
06-08 15:47:01.481 W/art     ( 3386): Long monitor contention with owner pool-1-thread-3 (3406) at void gov.nasa.arc.astrobee.ros.internal.RobotNodeMain.onStart(org.ros.node.ConnectedNode)(RobotNodeMain.java:61) waiters=1 in void gov.nasa.arc.astrobee.ros.internal.RobotNodeMain$1.onNewSubscriber(org.ros.node.topic.Publisher, org.ros.internal.node.topic.SubscriberIdentifier) for 3.207s
06-08 15:47:02.082 I/Registrar( 3386): Response<Success, Subscribed to [/gnc/ekf], [http://10.42.0.34:36575/]>
06-08 15:47:02.092 I/DefaultSubscriber( 3386): Subscriber registered: Subscriber<Topic<TopicIdentifier</gnc/ekf>, TopicDescription<ff_msgs/EkfState, 543b97822b033d7199b506ad4005f134>>>
06-08 15:47:02.164 W/art     ( 3386): Long monitor contention with owner New I/O  worker #17 (3439) at boolean org.ros.concurrent.CircularBlockingDeque.addLast(java.lang.Object)(CircularBlockingDeque.java:72) waiters=1 in void java.lang.Object.wait!() for 115ms
06-08 15:47:03.202 W/art     ( 3386): Suspending all threads took: 13.302ms
06-08 15:47:03.997 I/art     ( 3312): Background sticky concurrent mark sweep GC freed 118384(3MB) AllocSpace objects, 12(232KB) LOS objects, 35% free, 7MB/11MB, paused 5.265ms total 203.806ms
06-08 15:47:05.713 I/Registrar( 3386): Registering subscriber: Subscriber<Topic<TopicIdentifier</gnc/ekf_noise>, TopicDescription<ff_msgs/EkfState, 543b97822b033d7199b506ad4005f134>>>
06-08 15:47:06.406 I/Registrar( 3386): Response<Success, Subscribed to [/gnc/ekf_noise], [http://10.42.0.34:36575/]>
06-08 15:47:06.412 I/DefaultSubscriber( 3386): Subscriber registered: Subscriber<Topic<TopicIdentifier</gnc/ekf_noise>, TopicDescription<ff_msgs/EkfState, 543b97822b033d7199b506ad4005f134>>>
06-08 15:47:07.673 I/Registrar( 3386): Registering subscriber: Subscriber<Topic<TopicIdentifier</hw/imu>, TopicDescription<sensor_msgs/Imu, 6a62c6daae103f4ff57a132d6f95cec2>>>
06-08 15:47:07.982 W/art     ( 3386): Suspending all threads took: 5.625ms
06-08 15:47:08.454 I/art     ( 3386): Do partial code cache collection, code=26KB, data=30KB
06-08 15:47:08.487 I/art     ( 3386): After code cache collection, code=26KB, data=29KB
06-08 15:47:08.487 I/art     ( 3386): Increasing code cache capacity to 128KB
06-08 15:47:08.562 I/Registrar( 3386): Response<Success, Subscribed to [/hw/imu], [http://10.42.0.34:35033/]>
06-08 15:47:08.566 I/Registrar( 3386): Registering subscriber: Subscriber<Topic<TopicIdentifier</hw/cam_nav>, TopicDescription<sensor_msgs/Image, 060021388200f6f0f447d0fcd9c64743>>>
06-08 15:47:08.738 I/DefaultSubscriber( 3386): Subscriber registered: Subscriber<Topic<TopicIdentifier</hw/imu>, TopicDescription<sensor_msgs/Imu, 6a62c6daae103f4ff57a132d6f95cec2>>>
06-08 15:47:09.210 I/Registrar( 3386): Registering subscriber: Subscriber<Topic<TopicIdentifier</hw/cam_dock>, TopicDescription<sensor_msgs/Image, 060021388200f6f0f447d0fcd9c64743>>>
06-08 15:47:10.001 I/Registrar( 3386): Response<Success, Subscribed to [/hw/cam_nav], [http://10.42.0.34:35033/]>
06-08 15:47:10.284 W/art     ( 3386): Suspending all threads took: 32.502ms
06-08 15:47:10.334 I/DefaultSubscriber( 3386): Subscriber registered: Subscriber<Topic<TopicIdentifier</hw/cam_nav>, TopicDescription<sensor_msgs/Image, 060021388200f6f0f447d0fcd9c64743>>>
06-08 15:47:10.349 I/Registrar( 3386): Registering subscriber: Subscriber<Topic<TopicIdentifier</hw/depth_haz/points>, TopicDescription<sensor_msgs/PointCloud2, 1158d486dd51d683ce2f1be655c3c181>>>
06-08 15:47:10.802 I/Registrar( 3386): Response<Success, Subscribed to [/hw/cam_dock], [http://10.42.0.34:35033/]>
06-08 15:47:11.014 I/DefaultSubscriber( 3386): Subscriber registered: Subscriber<Topic<TopicIdentifier</hw/cam_dock>, TopicDescription<sensor_msgs/Image, 060021388200f6f0f447d0fcd9c64743>>>
06-08 15:47:12.233 I/Registrar( 3386): Response<Success, Subscribed to [/hw/depth_haz/points], [http://10.42.0.34:35033/]>
06-08 15:47:12.245 I/DefaultSubscriber( 3386): Subscriber registered: Subscriber<Topic<TopicIdentifier</hw/depth_haz/points>, TopicDescription<sensor_msgs/PointCloud2, 1158d486dd51d683ce2f1be655c3c181>>>
06-08 15:47:12.759 I/Registrar( 3386): Registering subscriber: Subscriber<Topic<TopicIdentifier</hw/depth_perch/points>, TopicDescription<sensor_msgs/PointCloud2, 1158d486dd51d683ce2f1be655c3c181>>>
06-08 15:47:13.067 W/art     ( 3386): Suspending all threads took: 5.812ms
06-08 15:47:14.520 W/art     ( 3386): Long monitor contention with owner New I/O  worker #9 (3442) at boolean org.ros.concurrent.CircularBlockingDeque.addLast(java.lang.Object)(CircularBlockingDeque.java:72) waiters=1 in void java.lang.Object.wait!() for 188ms
06-08 15:47:14.930 I/Registrar( 3386): Response<Success, Subscribed to [/hw/depth_perch/points], [http://10.42.0.34:35033/]>
06-08 15:47:14.934 I/DefaultSubscriber( 3386): Subscriber registered: Subscriber<Topic<TopicIdentifier</hw/depth_perch/points>, TopicDescription<sensor_msgs/PointCloud2, 1158d486dd51d683ce2f1be655c3c181>>>
06-08 15:47:15.115 I/Registrar( 3386): Registering subscriber: Subscriber<Topic<TopicIdentifier</beh/dock/state>, TopicDescription<ff_msgs/DockState, 09d842ed9109dbc2bf96976f8fb2eaa5>>>
06-08 15:47:15.425 W/art     ( 3386): Long monitor contention with owner pool-1-thread-33 (3480) at java.lang.Class java.lang.reflect.Proxy.getProxyClass0(java.lang.ClassLoader, java.lang.Class[])(Proxy.java:457) waiters=0 in java.lang.Class java.lang.reflect.Proxy.getProxyClass0(java.lang.ClassLoader, java.lang.Class[]) for 205ms
06-08 15:47:15.555 W/art     ( 3386): Long monitor contention with owner pool-1-thread-33 (3480) at java.lang.Class java.lang.reflect.Proxy.getProxyClass0(java.lang.ClassLoader, java.lang.Class[])(Proxy.java:457) waiters=1 in java.lang.Class java.lang.reflect.Proxy.getProxyClass0(java.lang.ClassLoader, java.lang.Class[]) for 402ms
06-08 15:47:15.884 D/KiboRpcApi( 3386): GetterNode initialization succeeded.
06-08 15:47:16.080 W/art     ( 3386): Suspending all threads took: 85.055ms
06-08 15:47:17.170 I/Registrar( 3386): Response<Success, Subscribed to [/beh/dock/state], [http://10.42.0.34:34378/]>
06-08 15:47:17.174 I/DefaultSubscriber( 3386): Subscriber registered: Subscriber<Topic<TopicIdentifier</beh/dock/state>, TopicDescription<ff_msgs/DockState, 09d842ed9109dbc2bf96976f8fb2eaa5>>>
06-08 15:47:17.512 W/art     ( 3386): Long monitor contention with owner New I/O  worker #29 (3514) at boolean org.ros.concurrent.CircularBlockingDeque.addLast(java.lang.Object)(CircularBlockingDeque.java:72) waiters=1 in void java.lang.Object.wait!() for 189ms
06-08 15:47:17.852 W/art     ( 3386): Long monitor contention with owner New I/O  worker #17 (3439) at boolean org.ros.concurrent.CircularBlockingDeque.addLast(java.lang.Object)(CircularBlockingDeque.java:72) waiters=1 in void java.lang.Object.wait!() for 150ms
06-08 15:47:18.135 W/art     ( 3386): Long monitor contention with owner New I/O  worker #25 (3492) at boolean org.ros.concurrent.CircularBlockingDeque.addLast(java.lang.Object)(CircularBlockingDeque.java:72) waiters=1 in void java.lang.Object.wait!() for 150ms
06-08 15:47:18.635 W/art     ( 3386): Long monitor contention with owner New I/O  worker #25 (3492) at boolean org.ros.concurrent.CircularBlockingDeque.addLast(java.lang.Object)(CircularBlockingDeque.java:72) waiters=1 in void java.lang.Object.wait!() for 290ms
06-08 15:47:19.074 W/art     ( 3386): Long monitor contention with owner New I/O  worker #25 (3492) at boolean org.ros.concurrent.CircularBlockingDeque.addLast(java.lang.Object)(CircularBlockingDeque.java:72) waiters=1 in void java.lang.Object.wait!() for 142ms
06-08 15:47:19.884 W/art     ( 3386): Long monitor contention with owner pool-3-thread-46 (3528) at java.lang.Class java.lang.reflect.Proxy.getProxyClass0(java.lang.ClassLoader, java.lang.Class[])(Proxy.java:481) waiters=1 in java.lang.Class java.lang.reflect.Proxy.getProxyClass0(java.lang.ClassLoader, java.lang.Class[]) for 148ms
06-08 15:47:19.950 W/art     ( 3386): Long monitor contention with owner pool-3-thread-46 (3528) at java.lang.Class java.lang.reflect.Proxy.getProxyClass0(java.lang.ClassLoader, java.lang.Class[])(Proxy.java:481) waiters=2 in java.lang.Class java.lang.reflect.Proxy.getProxyClass0(java.lang.ClassLoader, java.lang.Class[]) for 164ms
06-08 15:47:19.961 W/art     ( 3386): Suspending all threads took: 18.206ms
