--------- beginning of main
05-22 14:20:42.940 W/auditd  ( 1267): type=2000 audit(0.0:1): initialized
05-22 14:20:45.800 I/auditd  ( 1267): type=1403 audit(0.0:2): policy loaded auid=4294967295 ses=4294967295
05-22 14:20:45.810 W/auditd  ( 1267): type=1404 audit(0.0:3): enforcing=1 old_enforcing=0 auid=4294967295 ses=4294967295
05-22 14:20:50.770 W/init    (    1): type=1400 audit(0.0:4): avc: denied { write } for name="tracing_on" dev="debugfs" ino=24 scontext=u:r:init:s0 tcontext=u:object_r:debugfs:s0 tclass=file permissive=0
05-22 14:20:52.265 I/        ( 1269): debuggerd: starting
--------- beginning of system
05-22 14:20:52.575 I/vold    ( 1270): Vold 3.0 (the awakening) firing up
05-22 14:20:52.577 V/vold    ( 1270): Detected support for: ext4 vfat
05-22 14:20:52.875 D/vold    ( 1270): Recognized experimental block major ID 253 as virtio-blk (emulator's virtual SD card device)
05-22 14:20:52.875 V/vold    ( 1270): /system/bin/sgdisk
05-22 14:20:52.876 V/vold    ( 1270):     --android-dump
05-22 14:20:52.876 V/vold    ( 1270):     /dev/block/vold/disk:253,48
05-22 14:20:52.948 D/vold    ( 1270): e4crypt_init_user0
05-22 14:20:52.948 D/vold    ( 1270): e4crypt_prepare_user_storage for volume null, user 0, serial 0, flags 1
05-22 14:20:52.949 D/vold    ( 1270): Preparing: /data/system/users/0
05-22 14:20:52.950 D/vold    ( 1270): Preparing: /data/misc/profiles/cur/0
05-22 14:20:52.951 D/vold    ( 1270): Preparing: /data/misc/profiles/cur/0/foreign-dex
05-22 14:20:52.953 D/vold    ( 1270): Preparing: /data/system_de/0
05-22 14:20:52.953 D/vold    ( 1270): Preparing: /data/misc_de/0
05-22 14:20:52.954 D/vold    ( 1270): Preparing: /data/user_de/0
05-22 14:20:52.955 D/vold    ( 1270): e4crypt_unlock_user_key 0 serial=0 token_present=0
05-22 14:20:52.964 I/vdc     (    1): 200 1271 Command succeeded
05-22 14:20:53.336 I//system/bin/tzdatacheck( 1312): tzdata file /data/misc/zoneinfo/current/tzdata does not exist. No action required.
05-22 14:20:53.428 V/vold    ( 1270): DISK mbr
05-22 14:20:53.428 V/vold    ( 1270): 
05-22 14:20:53.432 W/vold    ( 1270): disk:253,48 has unknown partition table; trying entire device
05-22 14:20:53.433 V/vold    ( 1270): /system/bin/blkid
05-22 14:20:53.433 V/vold    ( 1270):     -c
05-22 14:20:53.433 V/vold    ( 1270):     /dev/null
05-22 14:20:53.433 V/vold    ( 1270):     -s
05-22 14:20:53.433 V/vold    ( 1270):     TYPE
05-22 14:20:53.433 V/vold    ( 1270):     -s
05-22 14:20:53.433 V/vold    ( 1270):     UUID
05-22 14:20:53.433 V/vold    ( 1270):     -s
05-22 14:20:53.433 V/vold    ( 1270):     LABEL
05-22 14:20:53.433 V/vold    ( 1270):     /dev/block/vold/disk:253,48
05-22 14:20:53.638 I/        ( 1268): debuggerd: starting
05-22 14:20:53.943 V/vold    ( 1270): /dev/block/vold/disk:253,48: LABEL="SDCARD" UUID="1EFF-1C1B" TYPE="vfat" 
05-22 14:20:53.943 V/vold    ( 1270): 
05-22 14:20:54.090 W/mediacodec( 1332): type=1400 audit(0.0:5): avc: denied { getattr } for path="/vendor" dev="rootfs" ino=4006 scontext=u:r:mediacodec:s0 tcontext=u:object_r:rootfs:s0 tclass=lnk_file permissive=0
05-22 14:20:54.120 W/cameraserver( 1328): type=1400 audit(0.0:6): avc: denied { getattr } for path="/vendor" dev="rootfs" ino=4006 scontext=u:r:cameraserver:s0 tcontext=u:object_r:rootfs:s0 tclass=lnk_file permissive=0
05-22 14:20:54.240 W/audioserver( 1327): type=1400 audit(0.0:7): avc: denied { getattr } for path="/vendor" dev="rootfs" ino=4006 scontext=u:r:audioserver:s0 tcontext=u:object_r:rootfs:s0 tclass=lnk_file permissive=0
05-22 14:20:54.240 W/mediadrmserver( 1333): type=1400 audit(0.0:8): avc: denied { getattr } for path="/vendor" dev="rootfs" ino=4006 scontext=u:r:mediadrmserver:s0 tcontext=u:object_r:rootfs:s0 tclass=lnk_file permissive=0
05-22 14:20:54.438 I/qemu-props( 1319): connected to 'boot-properties' qemud service.
05-22 14:20:54.439 I/qemu-props( 1319): receiving..
05-22 14:20:54.495 I/qemu-props( 1319): received: qemu.cmdline=androidboot.logcat=v:* androidboot.consolepipe=qemu_pipe,pipe:logcat
05-22 14:20:54.750 I/qemu-props( 1319): receiving..
05-22 14:20:54.750 I/qemu-props( 1319): received: qemu.logcat=start
05-22 14:20:54.894 I/        ( 1330): installd firing up
05-22 14:20:55.011 I/qemu-props( 1319): receiving..
05-22 14:20:55.011 I/qemu-props( 1319): received: ro.opengles.version=131072
05-22 14:20:55.227 I/qemu-props( 1319): receiving..
05-22 14:20:55.227 I/qemu-props( 1319): received: qemu.sf.fake_camera=back
05-22 14:20:55.325 I/qemu-props( 1319): receiving..
05-22 14:20:55.325 I/qemu-props( 1319): received: dalvik.vm.heapsize=256m
05-22 14:20:55.327 I/qemu-props( 1319): receiving..
05-22 14:20:55.327 I/qemu-props( 1319): received: qemu.hw.mainkeys=0
05-22 14:20:55.328 I/qemu-props( 1319): receiving..
05-22 14:20:55.328 I/qemu-props( 1319): received: qemu.sf.lcd_density=480
05-22 14:20:55.329 I/qemu-props( 1319): receiving..
05-22 14:20:55.329 I/qemu-props( 1319): received: qemu.timezone=Etc/UTC
05-22 14:20:55.341 I/qemu-props( 1319): receiving..
05-22 14:20:55.342 I/qemu-props( 1319): exiting (8 properties set).
05-22 14:20:55.509 I/perfprofd( 1384): starting Android Wide Profiling daemon
05-22 14:20:55.523 E/perfprofd( 1384): unable to open configuration file /data/data/com.google.android.gms/files/perfprofd.conf
05-22 14:20:55.526 I/perfprofd( 1384): random seed set to 755692859
05-22 14:20:55.909 I/keystore( 1331): Found keymaster0 module Keymaster OpenSSL HAL, version 2
05-22 14:20:56.124 I/SoftKeymaster( 1331): system/keymaster/soft_keymaster_device.cpp, Line 131: Creating device
05-22 14:20:56.124 D/SoftKeymaster( 1331): system/keymaster/soft_keymaster_device.cpp, Line 132: Device address: 0x72cfe103d000
05-22 14:20:56.124 I/keystore( 1331): Keymaster0 module is software-only.  Using SoftKeymasterDevice instead.
05-22 14:20:56.125 I/SoftKeymaster( 1331): system/keymaster/soft_keymaster_device.cpp, Line 131: Creating device
05-22 14:20:56.125 D/SoftKeymaster( 1331): system/keymaster/soft_keymaster_device.cpp, Line 132: Device address: 0x72cfe103d400
05-22 14:20:56.167 I/lowmemorykiller( 1320): Using in-kernel low memory killer interface
05-22 14:20:56.901 I/gatekeeperd( 1340): Starting gatekeeperd...
05-22 14:20:56.905 W/gatekeeperd( 1340): falling back to software GateKeeper
05-22 14:20:57.126 I/fingerprintd( 1339): Starting fingerprintd
05-22 14:20:58.132 I/Netd    ( 1336): Netd 1.0 starting
05-22 14:20:58.332 D/TetherController( 1336): Setting IP forward enable = 0
05-22 14:21:00.157 I/SurfaceFlinger( 1322): SurfaceFlinger is starting
05-22 14:21:00.222 I/SurfaceFlinger( 1322): SurfaceFlinger's main thread ready to run. Initializing graphics H/W...
05-22 14:21:00.260 D/libEGL  ( 1322): Emulator without GPU support detected. Fallback to legacy software renderer, qemu.gles is set to 0.
05-22 14:21:00.318 V/MediaUtils( 1334): physMem: 1043894272
05-22 14:21:00.318 V/MediaUtils( 1334): requested limit: 208778840
05-22 14:21:00.319 V/MediaUtils( 1334): actual limit: 208778840
05-22 14:21:00.319 V/MediaUtils( 1334): original limits: 4294967295/4294967295
05-22 14:21:00.319 V/MediaUtils( 1334): new limits: 208778840/4294967295
05-22 14:21:00.372 W//system/bin/mediaextractor( 1334): libminijail: allowing syscall: socketcall
05-22 14:21:00.373 W//system/bin/mediaextractor( 1334): libminijail: allowing syscall: writev
05-22 14:21:00.373 W//system/bin/mediaextractor( 1334): libminijail: allowing syscall: fcntl64
05-22 14:21:00.373 W//system/bin/mediaextractor( 1334): libminijail: allowing syscall: clock_gettime
05-22 14:21:00.384 W//system/bin/mediaextractor( 1334): libminijail: logging seccomp filter failures
05-22 14:21:00.468 D/libEGL  ( 1322): loaded /system/lib64/egl/libGLES_android.so
05-22 14:21:00.685 I/mediaserver( 1333): ServiceManager: 0xf24bc0a0
05-22 14:21:01.087 I/mediacodec( 1332): @@@ mediacodecservice starting
05-22 14:21:01.088 W/        ( 1332): No seccomp filter defined for this architecture.
05-22 14:21:01.262 D/gralloc_ranchu( 1322): Emulator without host-side GPU emulation detected. Loading gralloc.default.so from /vendor/lib64/hw/gralloc.goldfish.default.so...
05-22 14:21:01.264 D/gralloc_ranchu( 1322): gralloc.default.so not found in /vendor. Trying /system/lib64/hw/gralloc.goldfish.default.so...
05-22 14:21:01.272 I/gralloc ( 1322): using (fd=11)
05-22 14:21:01.272 I/gralloc ( 1322): id           = 
05-22 14:21:01.272 I/gralloc ( 1322): xres         = 1080 px
05-22 14:21:01.272 I/gralloc ( 1322): yres         = 1920 px
05-22 14:21:01.272 I/gralloc ( 1322): xres_virtual = 1080 px
05-22 14:21:01.272 I/gralloc ( 1322): yres_virtual = 3840 px
05-22 14:21:01.272 I/gralloc ( 1322): bpp          = 16
05-22 14:21:01.272 I/gralloc ( 1322): r            = 11:5
05-22 14:21:01.272 I/gralloc ( 1322): g            =  5:6
05-22 14:21:01.272 I/gralloc ( 1322): b            =  0:5
05-22 14:21:01.273 I/gralloc ( 1322): width        = 166 mm (165.253006 dpi)
05-22 14:21:01.273 I/gralloc ( 1322): height       = 296 mm (164.756760 dpi)
05-22 14:21:01.273 I/gralloc ( 1322): refresh rate = 60.00 Hz
05-22 14:21:01.332 E/SurfaceFlinger( 1322): hwcomposer module not found
05-22 14:21:01.334 W/SurfaceFlinger( 1322): no suitable EGLConfig found, trying a simpler query
05-22 14:21:01.334 W/SurfaceFlinger( 1322): EGL_SLOW_CONFIG selected!
05-22 14:21:01.334 I/SurfaceFlinger( 1322): EGL information:
05-22 14:21:01.334 I/SurfaceFlinger( 1322): vendor    : Android
05-22 14:21:01.334 I/SurfaceFlinger( 1322): version   : 1.4 Android META-EGL
05-22 14:21:01.335 I/SurfaceFlinger( 1322): extensions: EGL_KHR_get_all_proc_addresses EGL_ANDROID_presentation_time EGL_KHR_swap_buffers_with_damage EGL_ANDROID_create_native_client_buffer EGL_ANDROID_front_buffer_auto_refresh EGL_KHR_image_base EGL_KHR_fence_sync EGL_ANDROID_image_native_buffer 
05-22 14:21:01.335 I/SurfaceFlinger( 1322): Client API: OpenGL_ES
05-22 14:21:01.335 I/SurfaceFlinger( 1322): EGLSurface: 5-6-5-0, config=0x0
05-22 14:21:01.336 W/SurfaceFlinger( 1322): no suitable EGLConfig found, trying a simpler query
05-22 14:21:01.336 W/SurfaceFlinger( 1322): EGL_SLOW_CONFIG selected!
05-22 14:21:01.336 I/SurfaceFlinger( 1322): EGL information:
05-22 14:21:01.336 I/SurfaceFlinger( 1322): vendor    : Android
05-22 14:21:01.336 I/SurfaceFlinger( 1322): version   : 1.4 Android META-EGL
05-22 14:21:01.336 I/SurfaceFlinger( 1322): extensions: EGL_KHR_get_all_proc_addresses EGL_ANDROID_presentation_time EGL_KHR_swap_buffers_with_damage EGL_ANDROID_create_native_client_buffer EGL_ANDROID_front_buffer_auto_refresh EGL_KHR_image_base EGL_KHR_fence_sync EGL_ANDROID_image_native_buffer 
05-22 14:21:01.336 I/SurfaceFlinger( 1322): Client API: OpenGL_ES
05-22 14:21:01.336 I/SurfaceFlinger( 1322): EGLSurface: 5-6-5-0, config=0x0
05-22 14:21:01.353 I/SurfaceFlinger( 1322): OpenGL ES informations:
05-22 14:21:01.354 I/SurfaceFlinger( 1322): vendor    : Android
05-22 14:21:01.354 I/SurfaceFlinger( 1322): renderer  : Android PixelFlinger 1.4
05-22 14:21:01.354 I/SurfaceFlinger( 1322): version   : OpenGL ES-CM 1.0
05-22 14:21:01.354 I/SurfaceFlinger( 1322): extensions: GL_EXT_debug_marker GL_OES_byte_coordinates GL_OES_fixed_point GL_OES_single_precision GL_OES_read_format GL_OES_compressed_paletted_texture GL_OES_draw_texture GL_OES_matrix_get GL_OES_query_matrix GL_OES_EGL_image GL_OES_EGL_sync GL_OES_compressed_ETC1_RGB8_texture GL_ARB_texture_compression GL_ARB_texture_non_power_of_two GL_ANDROID_user_clip_plane GL_ANDROID_vertex_buffer_object GL_ANDROID_generate_mipmap 
05-22 14:21:01.354 I/SurfaceFlinger( 1322): GL_MAX_TEXTURE_SIZE = 4096
05-22 14:21:01.354 I/SurfaceFlinger( 1322): GL_MAX_VIEWPORT_DIMS = 4096
05-22 14:21:01.358 W/SurfaceFlinger( 1322): no suitable EGLConfig found, trying a simpler query
05-22 14:21:01.358 W/SurfaceFlinger( 1322): EGL_SLOW_CONFIG selected!
05-22 14:21:01.358 I/SurfaceFlinger( 1322): EGL information:
05-22 14:21:01.359 I/SurfaceFlinger( 1322): vendor    : Android
05-22 14:21:01.359 I/SurfaceFlinger( 1322): version   : 1.4 Android META-EGL
05-22 14:21:01.359 I/SurfaceFlinger( 1322): extensions: EGL_KHR_get_all_proc_addresses EGL_ANDROID_presentation_time EGL_KHR_swap_buffers_with_damage EGL_ANDROID_create_native_client_buffer EGL_ANDROID_front_buffer_auto_refresh EGL_KHR_image_base EGL_KHR_fence_sync EGL_ANDROID_image_native_buffer 
05-22 14:21:01.359 I/SurfaceFlinger( 1322): Client API: OpenGL_ES
05-22 14:21:01.359 I/SurfaceFlinger( 1322): EGLSurface: 5-6-5-0, config=0x0
05-22 14:21:01.420 E/libEGL  ( 1322): called unimplemented OpenGL ES API
05-22 14:21:01.421 E/SurfaceFlinger( 1322): Error while compiling shader: 
05-22 14:21:01.421 E/SurfaceFlinger( 1322): attribute vec4 position;
05-22 14:21:01.421 E/SurfaceFlinger( 1322): uniform mat4 projection;
05-22 14:21:01.421 E/SurfaceFlinger( 1322): uniform mat4 texture;
05-22 14:21:01.421 E/SurfaceFlinger( 1322): void main(void) {
05-22 14:21:01.421 E/SurfaceFlinger( 1322):     gl_Position = projection * position;
05-22 14:21:01.421 E/SurfaceFlinger( 1322): }
05-22 14:21:01.421 E/SurfaceFlinger( 1322): 
05-22 14:21:01.421 E/SurfaceFlinger( 1322): ˆˇˇˇˇˇˇˇü¡è≤ºr
05-22 14:21:01.421 E/SurfaceFlinger( 1322): Error while compiling shader: 
05-22 14:21:01.421 E/SurfaceFlinger( 1322): precision mediump float;
05-22 14:21:01.421 E/SurfaceFlinger( 1322): uniform vec4 color;
05-22 14:21:01.421 E/SurfaceFlinger( 1322): void main(void) {
05-22 14:21:01.421 E/SurfaceFlinger( 1322):     gl_FragColor = color;
05-22 14:21:01.421 E/SurfaceFlinger( 1322): }
05-22 14:21:01.421 E/SurfaceFlinger( 1322): 
05-22 14:21:01.421 E/SurfaceFlinger( 1322): ˆˇˇˇˇˇˇˇü¡è≤ºr
05-22 14:21:01.421 E/SurfaceFlinger( 1322): Error while linking shaders:
05-22 14:21:01.433 I/mediaserver( 1335): ServiceManager: 0xecd3c0a0
05-22 14:21:01.438 E/SurfaceFlinger( 1322): Error while compiling shader: 
05-22 14:21:01.438 E/SurfaceFlinger( 1322): attribute vec4 position;
05-22 14:21:01.438 E/SurfaceFlinger( 1322): uniform mat4 projection;
05-22 14:21:01.438 E/SurfaceFlinger( 1322): uniform mat4 texture;
05-22 14:21:01.438 E/SurfaceFlinger( 1322): void main(void) {
05-22 14:21:01.438 E/SurfaceFlinger( 1322):     gl_Position = projection * position;
05-22 14:21:01.438 E/SurfaceFlinger( 1322): }
05-22 14:21:01.438 E/SurfaceFlinger( 1322): 
05-22 14:21:01.438 E/SurfaceFlinger( 1322): ˆˇˇˇˇˇˇˇü¡è≤ºr
05-22 14:21:01.438 E/SurfaceFlinger( 1322): Error while compiling shader: 
05-22 14:21:01.438 E/SurfaceFlinger( 1322): precision mediump float;
05-22 14:21:01.438 E/SurfaceFlinger( 1322): uniform vec4 color;
05-22 14:21:01.438 E/SurfaceFlinger( 1322): void main(void) {
05-22 14:21:01.438 E/SurfaceFlinger( 1322):     gl_FragColor = color;
05-22 14:21:01.438 E/SurfaceFlinger( 1322): }
05-22 14:21:01.438 E/SurfaceFlinger( 1322): 
05-22 14:21:01.438 E/SurfaceFlinger( 1322): ˆˇˇˇˇˇˇˇü¡è≤ºr
05-22 14:21:01.438 E/SurfaceFlinger( 1322): Error while linking shaders:
05-22 14:21:01.438 E/SurfaceFlinger( 1322): Error while compiling shader: 
05-22 14:21:01.438 E/SurfaceFlinger( 1322): attribute vec4 position;
05-22 14:21:01.438 E/SurfaceFlinger( 1322): uniform mat4 projection;
05-22 14:21:01.438 E/SurfaceFlinger( 1322): uniform mat4 texture;
05-22 14:21:01.438 E/SurfaceFlinger( 1322): void main(void) {
05-22 14:21:01.438 E/SurfaceFlinger( 1322):     gl_Position = projection * position;
05-22 14:21:01.438 E/SurfaceFlinger( 1322): }
05-22 14:21:01.438 E/SurfaceFlinger( 1322): 
05-22 14:21:01.438 E/SurfaceFlinger( 1322): ˆˇˇˇˇˇˇˇü¡è≤ºr
05-22 14:21:01.438 E/SurfaceFlinger( 1322): Error while compiling shader: 
05-22 14:21:01.438 E/SurfaceFlinger( 1322): precision mediump float;
05-22 14:21:01.438 E/SurfaceFlinger( 1322): uniform vec4 color;
05-22 14:21:01.438 E/SurfaceFlinger( 1322): void main(void) {
05-22 14:21:01.438 E/SurfaceFlinger( 1322):     gl_FragColor = color;
05-22 14:21:01.438 E/SurfaceFlinger( 1322):     gl_FragColor.a = 1.0;
05-22 14:21:01.438 E/SurfaceFlinger( 1322): }
05-22 14:21:01.438 E/SurfaceFlinger( 1322): 
05-22 14:21:01.438 E/SurfaceFlinger( 1322): ˆˇˇˇˇˇˇˇü¡è≤ºr
05-22 14:21:01.438 E/SurfaceFlinger( 1322): Error while linking shaders:
05-22 14:21:01.438 E/SurfaceFlinger( 1322): Error while compiling shader: 
05-22 14:21:01.438 E/SurfaceFlinger( 1322): attribute vec4 position;
05-22 14:21:01.438 E/SurfaceFlinger( 1322): uniform mat4 projection;
05-22 14:21:01.438 E/SurfaceFlinger( 1322): uniform mat4 texture;
05-22 14:21:01.438 E/SurfaceFlinger( 1322): void main(void) {
05-22 14:21:01.438 E/SurfaceFlinger( 1322):     gl_Position = projection * position;
05-22 14:21:01.438 E/SurfaceFlinger( 1322): }
05-22 14:21:01.438 E/SurfaceFlinger( 1322): 
05-22 14:21:01.438 E/SurfaceFlinger( 1322): ˆˇˇˇˇˇˇˇü¡è≤ºr
05-22 14:21:01.438 E/SurfaceFlinger( 1322): Error while compiling shader: 
05-22 14:21:01.438 E/SurfaceFlinger( 1322): precision mediump float;
05-22 14:21:01.438 E/SurfaceFlinger( 1322): uniform vec4 color;
05-22 14:21:01.438 E/SurfaceFlinger( 1322): void main(void) {
05-22 14:21:01.438 E/SurfaceFlinger( 1322):     gl_FragColor = color;
05-22 14:21:01.438 E/SurfaceFlinger( 1322):     gl_FragColor.a = 1.0;
05-22 14:21:01.438 E/SurfaceFlinger( 1322): }
05-22 14:21:01.438 E/SurfaceFlinger( 1322): 
05-22 14:21:01.438 E/SurfaceFlinger( 1322): ˆˇˇˇˇˇˇˇü¡è≤ºr
05-22 14:21:01.438 E/SurfaceFlinger( 1322): Error while linking shaders:
05-22 14:21:01.438 E/SurfaceFlinger( 1322): Error while compiling shader: 
05-22 14:21:01.438 E/SurfaceFlinger( 1322): attribute vec4 position;
05-22 14:21:01.438 E/SurfaceFlinger( 1322): uniform mat4 projection;
05-22 14:21:01.438 E/SurfaceFlinger( 1322): uniform mat4 texture;
05-22 14:21:01.438 E/SurfaceFlinger( 1322): void main(void) {
05-22 14:21:01.438 E/SurfaceFlinger( 1322):     gl_Position = projection * position;
05-22 14:21:01.438 E/SurfaceFlinger( 1322): }
05-22 14:21:01.438 E/SurfaceFlinger( 1322): 
05-22 14:21:01.438 E/SurfaceFlinger( 1322): ˆˇˇˇˇˇˇˇü¡è≤ºr
05-22 14:21:01.438 E/SurfaceFlinger( 1322): Error while compiling shader: 
05-22 14:21:01.438 E/SurfaceFlinger( 1322): precision mediump float;
05-22 14:21:01.438 E/SurfaceFlinger( 1322): uniform vec4 color;
05-22 14:21:01.438 E/SurfaceFlinger( 1322): uniform float alphaPlane;
05-22 14:21:01.438 E/SurfaceFlinger( 1322): void main(void) {
05-22 14:21:01.438 E/SurfaceFlinger( 1322):     gl_FragColor = color;
05-22 14:21:01.438 E/SurfaceFlinger( 1322):     gl_FragColor.a *= alphaPlane;
05-22 14:21:01.438 E/SurfaceFlinger( 1322): }
05-22 14:21:01.438 E/SurfaceFlinger( 1322): 
05-22 14:21:01.438 E/SurfaceFlinger( 1322): ˆˇˇˇˇˇˇˇü¡è≤ºr
05-22 14:21:01.439 E/SurfaceFlinger( 1322): Error while linking shaders:
05-22 14:21:01.439 E/SurfaceFlinger( 1322): Error while compiling shader: 
05-22 14:21:01.439 E/SurfaceFlinger( 1322): attribute vec4 position;
05-22 14:21:01.439 E/SurfaceFlinger( 1322): uniform mat4 projection;
05-22 14:21:01.439 E/SurfaceFlinger( 1322): uniform mat4 texture;
05-22 14:21:01.439 E/SurfaceFlinger( 1322): void main(void) {
05-22 14:21:01.439 E/SurfaceFlinger( 1322):     gl_Position = projection * position;
05-22 14:21:01.439 E/SurfaceFlinger( 1322): }
05-22 14:21:01.439 E/SurfaceFlinger( 1322): 
05-22 14:21:01.439 E/SurfaceFlinger( 1322): ˆˇˇˇˇˇˇˇü¡è≤ºr
05-22 14:21:01.439 E/SurfaceFlinger( 1322): Error while compiling shader: 
05-22 14:21:01.439 E/SurfaceFlinger( 1322): precision mediump float;
05-22 14:21:01.439 E/SurfaceFlinger( 1322): uniform vec4 color;
05-22 14:21:01.439 E/SurfaceFlinger( 1322): uniform float alphaPlane;
05-22 14:21:01.439 E/SurfaceFlinger( 1322): void main(void) {
05-22 14:21:01.439 E/SurfaceFlinger( 1322):     gl_FragColor = color;
05-22 14:21:01.439 E/SurfaceFlinger( 1322):     gl_FragColor *= alphaPlane;
05-22 14:21:01.439 E/SurfaceFlinger( 1322): }
05-22 14:21:01.439 E/SurfaceFlinger( 1322): 
05-22 14:21:01.439 E/SurfaceFlinger( 1322): ˆˇˇˇˇˇˇˇü¡è≤ºr
05-22 14:21:01.439 E/SurfaceFlinger( 1322): Error while linking shaders:
05-22 14:21:01.439 E/SurfaceFlinger( 1322): Error while compiling shader: 
05-22 14:21:01.439 E/SurfaceFlinger( 1322): attribute vec4 position;
05-22 14:21:01.439 E/SurfaceFlinger( 1322): uniform mat4 projection;
05-22 14:21:01.439 E/SurfaceFlinger( 1322): uniform mat4 texture;
05-22 14:21:01.439 E/SurfaceFlinger( 1322): void main(void) {
05-22 14:21:01.439 E/SurfaceFlinger( 1322):     gl_Position = projection * position;
05-22 14:21:01.439 E/SurfaceFlinger( 1322): }
05-22 14:21:01.439 E/SurfaceFlinger( 1322): 
05-22 14:21:01.439 E/SurfaceFlinger( 1322): ˆˇˇˇˇˇˇˇü¡è≤ºr
05-22 14:21:01.439 E/SurfaceFlinger( 1322): Error while compiling shader: 
05-22 14:21:01.439 E/SurfaceFlinger( 1322): precision mediump float;
05-22 14:21:01.439 E/SurfaceFlinger( 1322): uniform vec4 color;
05-22 14:21:01.439 E/SurfaceFlinger( 1322): uniform float alphaPlane;
05-22 14:21:01.439 E/SurfaceFlinger( 1322): void main(void) {
05-22 14:21:01.439 E/SurfaceFlinger( 1322):     gl_FragColor = color;
05-22 14:21:01.439 E/SurfaceFlinger( 1322):     gl_FragColor.a = 1.0;
05-22 14:21:01.439 E/SurfaceFlinger( 1322):     gl_FragColor.a *= alphaPlane;
05-22 14:21:01.439 E/SurfaceFlinger( 1322): }
05-22 14:21:01.439 E/SurfaceFlinger( 1322): 
05-22 14:21:01.439 E/SurfaceFlinger( 1322): ˆˇˇˇˇˇˇˇü¡è≤ºr
05-22 14:21:01.439 E/SurfaceFlinger( 1322): Error while linking shaders:
05-22 14:21:01.439 E/SurfaceFlinger( 1322): Error while compiling shader: 
05-22 14:21:01.439 E/SurfaceFlinger( 1322): attribute vec4 position;
05-22 14:21:01.439 E/SurfaceFlinger( 1322): uniform mat4 projection;
05-22 14:21:01.439 E/SurfaceFlinger( 1322): uniform mat4 texture;
05-22 14:21:01.439 E/SurfaceFlinger( 1322): void main(void) {
05-22 14:21:01.439 E/SurfaceFlinger( 1322):     gl_Position = projection * position;
05-22 14:21:01.439 E/SurfaceFlinger( 1322): }
05-22 14:21:01.439 E/SurfaceFlinger( 1322): 
05-22 14:21:01.439 E/SurfaceFlinger( 1322): ˆˇˇˇˇˇˇˇü¡è≤ºr
05-22 14:21:01.439 E/SurfaceFlinger( 1322): Error while compiling shader: 
05-22 14:21:01.439 E/SurfaceFlinger( 1322): precision mediump float;
05-22 14:21:01.439 E/SurfaceFlinger( 1322): uniform vec4 color;
05-22 14:21:01.439 E/SurfaceFlinger( 1322): uniform float alphaPlane;
05-22 14:21:01.439 E/SurfaceFlinger( 1322): void main(void) {
05-22 14:21:01.439 E/SurfaceFlinger( 1322):     gl_FragColor = color;
05-22 14:21:01.439 E/SurfaceFlinger( 1322):     gl_FragColor.a = 1.0;
05-22 14:21:01.439 E/SurfaceFlinger( 1322):     gl_FragColor *= alphaPlane;
05-22 14:21:01.439 E/SurfaceFlinger( 1322): }
05-22 14:21:01.439 E/SurfaceFlinger( 1322): 
05-22 14:21:01.439 E/SurfaceFlinger( 1322): ˆˇˇˇˇˇˇˇü¡è≤ºr
05-22 14:21:01.439 E/SurfaceFlinger( 1322): Error while linking shaders:
05-22 14:21:01.439 E/SurfaceFlinger( 1322): Error while compiling shader: 
05-22 14:21:01.439 E/SurfaceFlinger( 1322): attribute vec4 texCoords;
05-22 14:21:01.439 E/SurfaceFlinger( 1322): varying vec2 outTexCoords;
05-22 14:21:01.439 E/SurfaceFlinger( 1322): attribute vec4 position;
05-22 14:21:01.439 E/SurfaceFlinger( 1322): uniform mat4 projection;
05-22 14:21:01.439 E/SurfaceFlinger( 1322): uniform mat4 texture;
05-22 14:21:01.439 E/SurfaceFlinger( 1322): void main(void) {
05-22 14:21:01.439 E/SurfaceFlinger( 1322):     gl_Position = projection * position;
05-22 14:21:01.439 E/SurfaceFlinger( 1322):     outTexCoords = (texture * texCoords).st;
05-22 14:21:01.439 E/SurfaceFlinger( 1322): }
05-22 14:21:01.439 E/SurfaceFlinger( 1322): 
05-22 14:21:01.439 E/SurfaceFlinger( 1322): ˆˇˇˇˇˇˇˇü¡è≤ºr
05-22 14:21:01.439 E/SurfaceFlinger( 1322): Error while compiling shader: 
05-22 14:21:01.439 E/SurfaceFlinger( 1322): #extension GL_OES_EGL_image_external : require
05-22 14:21:01.439 E/SurfaceFlinger( 1322): precision mediump float;
05-22 14:21:01.439 E/SurfaceFlinger( 1322): uniform samplerExternalOES sampler;
05-22 14:21:01.439 E/SurfaceFlinger( 1322): varying vec2 outTexCoords;
05-22 14:21:01.439 E/SurfaceFlinger( 1322): void main(void) {
05-22 14:21:01.439 E/SurfaceFlinger( 1322):     gl_FragColor = texture2D(sampler, outTexCoords);
05-22 14:21:01.439 E/SurfaceFlinger( 1322): }
05-22 14:21:01.439 E/SurfaceFlinger( 1322): 
05-22 14:21:01.439 E/SurfaceFlinger( 1322): ˆˇˇˇˇˇˇˇü¡è≤ºr
05-22 14:21:01.439 E/SurfaceFlinger( 1322): Error while linking shaders:
05-22 14:21:01.439 E/SurfaceFlinger( 1322): Error while compiling shader: 
05-22 14:21:01.439 E/SurfaceFlinger( 1322): attribute vec4 texCoords;
05-22 14:21:01.439 E/SurfaceFlinger( 1322): varying vec2 outTexCoords;
05-22 14:21:01.439 E/SurfaceFlinger( 1322): attribute vec4 position;
05-22 14:21:01.439 E/SurfaceFlinger( 1322): uniform mat4 projection;
05-22 14:21:01.439 E/SurfaceFlinger( 1322): uniform mat4 texture;
05-22 14:21:01.439 E/SurfaceFlinger( 1322): void main(void) {
05-22 14:21:01.439 E/SurfaceFlinger( 1322):     gl_Position = projection * position;
05-22 14:21:01.439 E/SurfaceFlinger( 1322):     outTexCoords = (texture * texCoords).st;
05-22 14:21:01.439 E/SurfaceFlinger( 1322): }
05-22 14:21:01.439 E/SurfaceFlinger( 1322): 
05-22 14:21:01.439 E/SurfaceFlinger( 1322): ˆˇˇˇˇˇˇˇü¡è≤ºr
05-22 14:21:01.439 E/SurfaceFlinger( 1322): Error while compiling shader: 
05-22 14:21:01.439 E/SurfaceFlinger( 1322): #extension GL_OES_EGL_image_external : require
05-22 14:21:01.439 E/SurfaceFlinger( 1322): precision mediump float;
05-22 14:21:01.439 E/SurfaceFlinger( 1322): uniform samplerExternalOES sampler;
05-22 14:21:01.439 E/SurfaceFlinger( 1322): varying vec2 outTexCoords;
05-22 14:21:01.439 E/SurfaceFlinger( 1322): void main(void) {
05-22 14:21:01.439 E/SurfaceFlinger( 1322):     gl_FragColor = texture2D(sampler, outTexCoords);
05-22 14:21:01.439 E/SurfaceFlinger( 1322): }
05-22 14:21:01.439 E/SurfaceFlinger( 1322): 
05-22 14:21:01.439 E/SurfaceFlinger( 1322): ˆˇˇˇˇˇˇˇü¡è≤ºr
05-22 14:21:01.439 E/SurfaceFlinger( 1322): Error while linking shaders:
05-22 14:21:01.439 E/SurfaceFlinger( 1322): Error while compiling shader: 
05-22 14:21:01.439 E/SurfaceFlinger( 1322): attribute vec4 texCoords;
05-22 14:21:01.439 E/SurfaceFlinger( 1322): varying vec2 outTexCoords;
05-22 14:21:01.439 E/SurfaceFlinger( 1322): attribute vec4 position;
05-22 14:21:01.439 E/SurfaceFlinger( 1322): uniform mat4 projection;
05-22 14:21:01.439 E/SurfaceFlinger( 1322): uniform mat4 texture;
05-22 14:21:01.439 E/SurfaceFlinger( 1322): void main(void) {
05-22 14:21:01.439 E/SurfaceFlinger( 1322):     gl_Position = projection * position;
05-22 14:21:01.439 E/SurfaceFlinger( 1322):     outTexCoords = (texture * texCoords).st;
05-22 14:21:01.439 E/SurfaceFlinger( 1322): }
05-22 14:21:01.439 E/SurfaceFlinger( 1322): 
05-22 14:21:01.439 E/SurfaceFlinger( 1322): ˆˇˇˇˇˇˇˇü¡è≤ºr
05-22 14:21:01.439 E/SurfaceFlinger( 1322): Error while compiling shader: 
05-22 14:21:01.439 E/SurfaceFlinger( 1322): #extension GL_OES_EGL_image_external : require
05-22 14:21:01.439 E/SurfaceFlinger( 1322): precision mediump float;
05-22 14:21:01.439 E/SurfaceFlinger( 1322): uniform samplerExternalOES sampler;
05-22 14:21:01.439 E/SurfaceFlinger( 1322): varying vec2 outTexCoords;
05-22 14:21:01.439 E/SurfaceFlinger( 1322): void main(void) {
05-22 14:21:01.439 E/SurfaceFlinger( 1322):     gl_FragColor = texture2D(sampler, outTexCoords);
05-22 14:21:01.439 E/SurfaceFlinger( 1322):     gl_FragColor.a = 1.0;
05-22 14:21:01.439 E/SurfaceFlinger( 1322): }
05-22 14:21:01.439 E/SurfaceFlinger( 1322): 
05-22 14:21:01.439 E/SurfaceFlinger( 1322): ˆˇˇˇˇˇˇˇü¡è≤ºr
05-22 14:21:01.450 E/SurfaceFlinger( 1322): Error while linking shaders:
05-22 14:21:01.450 E/SurfaceFlinger( 1322): Error while compiling shader: 
05-22 14:21:01.450 E/SurfaceFlinger( 1322): attribute vec4 texCoords;
05-22 14:21:01.450 E/SurfaceFlinger( 1322): varying vec2 outTexCoords;
05-22 14:21:01.450 E/SurfaceFlinger( 1322): attribute vec4 position;
05-22 14:21:01.450 E/SurfaceFlinger( 1322): uniform mat4 projection;
05-22 14:21:01.450 E/SurfaceFlinger( 1322): uniform mat4 texture;
05-22 14:21:01.450 E/SurfaceFlinger( 1322): void main(void) {
05-22 14:21:01.450 E/SurfaceFlinger( 1322):     gl_Position = projection * position;
05-22 14:21:01.450 E/SurfaceFlinger( 1322):     outTexCoords = (texture * texCoords).st;
05-22 14:21:01.450 E/SurfaceFlinger( 1322): }
05-22 14:21:01.450 E/SurfaceFlinger( 1322): 
05-22 14:21:01.450 E/SurfaceFlinger( 1322): ˆˇˇˇˇˇˇˇü¡è≤ºr
05-22 14:21:01.450 E/SurfaceFlinger( 1322): Error while compiling shader: 
05-22 14:21:01.450 E/SurfaceFlinger( 1322): #extension GL_OES_EGL_image_external : require
05-22 14:21:01.450 E/SurfaceFlinger( 1322): precision mediump float;
05-22 14:21:01.450 E/SurfaceFlinger( 1322): uniform samplerExternalOES sampler;
05-22 14:21:01.450 E/SurfaceFlinger( 1322): varying vec2 outTexCoords;
05-22 14:21:01.450 E/SurfaceFlinger( 1322): void main(void) {
05-22 14:21:01.450 E/SurfaceFlinger( 1322):     gl_FragColor = texture2D(sampler, outTexCoords);
05-22 14:21:01.450 E/SurfaceFlinger( 1322):     gl_FragColor.a = 1.0;
05-22 14:21:01.450 E/SurfaceFlinger( 1322): }
05-22 14:21:01.450 E/SurfaceFlinger( 1322): 
05-22 14:21:01.450 E/SurfaceFlinger( 1322): ˆˇˇˇˇˇˇˇü¡è≤ºr
05-22 14:21:01.450 E/SurfaceFlinger( 1322): Error while linking shaders:
05-22 14:21:01.450 E/SurfaceFlinger( 1322): Error while compiling shader: 
05-22 14:21:01.450 E/SurfaceFlinger( 1322): attribute vec4 texCoords;
05-22 14:21:01.450 E/SurfaceFlinger( 1322): varying vec2 outTexCoords;
05-22 14:21:01.450 E/SurfaceFlinger( 1322): attribute vec4 position;
05-22 14:21:01.450 E/SurfaceFlinger( 1322): uniform mat4 projection;
05-22 14:21:01.450 E/SurfaceFlinger( 1322): uniform mat4 texture;
05-22 14:21:01.450 E/SurfaceFlinger( 1322): void main(void) {
05-22 14:21:01.450 E/SurfaceFlinger( 1322):     gl_Position = projection * position;
05-22 14:21:01.450 E/SurfaceFlinger( 1322):     outTexCoords = (texture * texCoords).st;
05-22 14:21:01.450 E/SurfaceFlinger( 1322): }
05-22 14:21:01.450 E/SurfaceFlinger( 1322): 
05-22 14:21:01.450 E/SurfaceFlinger( 1322): ˆˇˇˇˇˇˇˇü¡è≤ºr
05-22 14:21:01.450 E/SurfaceFlinger( 1322): Error while compiling shader: 
05-22 14:21:01.450 E/SurfaceFlinger( 1322): #extension GL_OES_EGL_image_external : require
05-22 14:21:01.450 E/SurfaceFlinger( 1322): precision mediump float;
05-22 14:21:01.450 E/SurfaceFlinger( 1322): uniform samplerExternalOES sampler;
05-22 14:21:01.450 E/SurfaceFlinger( 1322): varying vec2 outTexCoords;
05-22 14:21:01.450 E/SurfaceFlinger( 1322): uniform float alphaPlane;
05-22 14:21:01.450 E/SurfaceFlinger( 1322): void main(void) {
05-22 14:21:01.450 E/SurfaceFlinger( 1322):     gl_FragColor = texture2D(sampler, outTexCoords);
05-22 14:21:01.450 E/SurfaceFlinger( 1322):     gl_FragColor.a *= alphaPlane;
05-22 14:21:01.450 E/SurfaceFlinger( 1322): }
05-22 14:21:01.450 E/SurfaceFlinger( 1322): 
05-22 14:21:01.450 E/SurfaceFlinger( 1322): ˆˇˇˇˇˇˇˇü¡è≤ºr
05-22 14:21:01.450 E/SurfaceFlinger( 1322): Error while linking shaders:
05-22 14:21:01.450 E/SurfaceFlinger( 1322): Error while compiling shader: 
05-22 14:21:01.450 E/SurfaceFlinger( 1322): attribute vec4 texCoords;
05-22 14:21:01.450 E/SurfaceFlinger( 1322): varying vec2 outTexCoords;
05-22 14:21:01.450 E/SurfaceFlinger( 1322): attribute vec4 position;
05-22 14:21:01.450 E/SurfaceFlinger( 1322): uniform mat4 projection;
05-22 14:21:01.450 E/SurfaceFlinger( 1322): uniform mat4 texture;
05-22 14:21:01.450 E/SurfaceFlinger( 1322): void main(void) {
05-22 14:21:01.450 E/SurfaceFlinger( 1322):     gl_Position = projection * position;
05-22 14:21:01.450 E/SurfaceFlinger( 1322):     outTexCoords = (texture * texCoords).st;
05-22 14:21:01.450 E/SurfaceFlinger( 1322): }
05-22 14:21:01.450 E/SurfaceFlinger( 1322): 
05-22 14:21:01.450 E/SurfaceFlinger( 1322): ˆˇˇˇˇˇˇˇü¡è≤ºr
05-22 14:21:01.450 E/SurfaceFlinger( 1322): Error while compiling shader: 
05-22 14:21:01.450 E/SurfaceFlinger( 1322): #extension GL_OES_EGL_image_external : require
05-22 14:21:01.450 E/SurfaceFlinger( 1322): precision mediump float;
05-22 14:21:01.450 E/SurfaceFlinger( 1322): uniform samplerExternalOES sampler;
05-22 14:21:01.450 E/SurfaceFlinger( 1322): varying vec2 outTexCoords;
05-22 14:21:01.450 E/SurfaceFlinger( 1322): uniform float alphaPlane;
05-22 14:21:01.450 E/SurfaceFlinger( 1322): void main(void) {
05-22 14:21:01.450 E/SurfaceFlinger( 1322):     gl_FragColor = texture2D(sampler, outTexCoords);
05-22 14:21:01.450 E/SurfaceFlinger( 1322):     gl_FragColor *= alphaPlane;
05-22 14:21:01.450 E/SurfaceFlinger( 1322): }
05-22 14:21:01.450 E/SurfaceFlinger( 1322): 
05-22 14:21:01.450 E/SurfaceFlinger( 1322): ˆˇˇˇˇˇˇˇü¡è≤ºr
05-22 14:21:01.450 E/SurfaceFlinger( 1322): Error while linking shaders:
05-22 14:21:01.450 E/SurfaceFlinger( 1322): Error while compiling shader: 
05-22 14:21:01.450 E/SurfaceFlinger( 1322): attribute vec4 texCoords;
05-22 14:21:01.450 E/SurfaceFlinger( 1322): varying vec2 outTexCoords;
05-22 14:21:01.450 E/SurfaceFlinger( 1322): attribute vec4 position;
05-22 14:21:01.450 E/SurfaceFlinger( 1322): uniform mat4 projection;
05-22 14:21:01.450 E/SurfaceFlinger( 1322): uniform mat4 texture;
05-22 14:21:01.450 E/SurfaceFlinger( 1322): void main(void) {
05-22 14:21:01.450 E/SurfaceFlinger( 1322):     gl_Position = projection * position;
05-22 14:21:01.450 E/SurfaceFlinger( 1322):     outTexCoords = (texture * texCoords).st;
05-22 14:21:01.450 E/SurfaceFlinger( 1322): }
05-22 14:21:01.450 E/SurfaceFlinger( 1322): 
05-22 14:21:01.450 E/SurfaceFlinger( 1322): ˆˇˇˇˇˇˇˇü¡è≤ºr
05-22 14:21:01.451 E/SurfaceFlinger( 1322): Error while compiling shader: 
05-22 14:21:01.451 E/SurfaceFlinger( 1322): #extension GL_OES_EGL_image_external : require
05-22 14:21:01.451 E/SurfaceFlinger( 1322): precision mediump float;
05-22 14:21:01.451 E/SurfaceFlinger( 1322): uniform samplerExternalOES sampler;
05-22 14:21:01.451 E/SurfaceFlinger( 1322): varying vec2 outTexCoords;
05-22 14:21:01.451 E/SurfaceFlinger( 1322): uniform float alphaPlane;
05-22 14:21:01.451 E/SurfaceFlinger( 1322): void main(void) {
05-22 14:21:01.451 E/SurfaceFlinger( 1322):     gl_FragColor = texture2D(sampler, outTexCoords);
05-22 14:21:01.451 E/SurfaceFlinger( 1322):     gl_FragColor.a = 1.0;
05-22 14:21:01.451 E/SurfaceFlinger( 1322):     gl_FragColor.a *= alphaPlane;
05-22 14:21:01.451 E/SurfaceFlinger( 1322): }
05-22 14:21:01.451 E/SurfaceFlinger( 1322): 
05-22 14:21:01.451 E/SurfaceFlinger( 1322): ˆˇˇˇˇˇˇˇü¡è≤ºr
05-22 14:21:01.451 E/SurfaceFlinger( 1322): Error while linking shaders:
05-22 14:21:01.451 E/SurfaceFlinger( 1322): Error while compiling shader: 
05-22 14:21:01.451 E/SurfaceFlinger( 1322): attribute vec4 texCoords;
05-22 14:21:01.451 E/SurfaceFlinger( 1322): varying vec2 outTexCoords;
05-22 14:21:01.451 E/SurfaceFlinger( 1322): attribute vec4 position;
05-22 14:21:01.451 E/SurfaceFlinger( 1322): uniform mat4 projection;
05-22 14:21:01.451 E/SurfaceFlinger( 1322): uniform mat4 texture;
05-22 14:21:01.451 E/SurfaceFlinger( 1322): void main(void) {
05-22 14:21:01.451 E/SurfaceFlinger( 1322):     gl_Position = projection * position;
05-22 14:21:01.451 E/SurfaceFlinger( 1322):     outTexCoords = (texture * texCoords).st;
05-22 14:21:01.451 E/SurfaceFlinger( 1322): }
05-22 14:21:01.451 E/SurfaceFlinger( 1322): 
05-22 14:21:01.451 E/SurfaceFlinger( 1322): ˆˇˇˇˇˇˇˇü¡è≤ºr
05-22 14:21:01.451 E/SurfaceFlinger( 1322): Error while compiling shader: 
05-22 14:21:01.451 E/SurfaceFlinger( 1322): #extension GL_OES_EGL_image_external : require
05-22 14:21:01.451 E/SurfaceFlinger( 1322): precision mediump float;
05-22 14:21:01.451 E/SurfaceFlinger( 1322): uniform samplerExternalOES sampler;
05-22 14:21:01.451 E/SurfaceFlinger( 1322): varying vec2 outTexCoords;
05-22 14:21:01.451 E/SurfaceFlinger( 1322): uniform float alphaPlane;
05-22 14:21:01.451 E/SurfaceFlinger( 1322): void main(void) {
05-22 14:21:01.451 E/SurfaceFlinger( 1322):     gl_FragColor = texture2D(sampler, outTexCoords);
05-22 14:21:01.451 E/SurfaceFlinger( 1322):     gl_FragColor.a = 1.0;
05-22 14:21:01.451 E/SurfaceFlinger( 1322):     gl_FragColor *= alphaPlane;
05-22 14:21:01.451 E/SurfaceFlinger( 1322): }
05-22 14:21:01.451 E/SurfaceFlinger( 1322): 
05-22 14:21:01.451 E/SurfaceFlinger( 1322): ˆˇˇˇˇˇˇˇü¡è≤ºr
05-22 14:21:01.451 E/SurfaceFlinger( 1322): Error while linking shaders:
05-22 14:21:01.451 E/SurfaceFlinger( 1322): Error while compiling shader: 
05-22 14:21:01.451 E/SurfaceFlinger( 1322): attribute vec4 texCoords;
05-22 14:21:01.451 E/SurfaceFlinger( 1322): varying vec2 outTexCoords;
05-22 14:21:01.451 E/SurfaceFlinger( 1322): attribute vec4 position;
05-22 14:21:01.451 E/SurfaceFlinger( 1322): uniform mat4 projection;
05-22 14:21:01.451 E/SurfaceFlinger( 1322): uniform mat4 texture;
05-22 14:21:01.451 E/SurfaceFlinger( 1322): void main(void) {
05-22 14:21:01.451 E/SurfaceFlinger( 1322):     gl_Position = projection * position;
05-22 14:21:01.451 E/SurfaceFlinger( 1322):     outTexCoords = (texture * texCoords).st;
05-22 14:21:01.451 E/SurfaceFlinger( 1322): }
05-22 14:21:01.451 E/SurfaceFlinger( 1322): 
05-22 14:21:01.451 E/SurfaceFlinger( 1322): ˆˇˇˇˇˇˇˇü¡è≤ºr
05-22 14:21:01.451 E/SurfaceFlinger( 1322): Error while compiling shader: 
05-22 14:21:01.451 E/SurfaceFlinger( 1322): precision mediump float;
05-22 14:21:01.451 E/SurfaceFlinger( 1322): uniform sampler2D sampler;
05-22 14:21:01.451 E/SurfaceFlinger( 1322): varying vec2 outTexCoords;
05-22 14:21:01.451 E/SurfaceFlinger( 1322): void main(void) {
05-22 14:21:01.451 E/SurfaceFlinger( 1322):     gl_FragColor = texture2D(sampler, outTexCoords);
05-22 14:21:01.451 E/SurfaceFlinger( 1322): }
05-22 14:21:01.451 E/SurfaceFlinger( 1322): 
05-22 14:21:01.451 E/SurfaceFlinger( 1322): ˆˇˇˇˇˇˇˇü¡è≤ºr
05-22 14:21:01.451 E/SurfaceFlinger( 1322): Error while linking shaders:
05-22 14:21:01.451 E/SurfaceFlinger( 1322): Error while compiling shader: 
05-22 14:21:01.451 E/SurfaceFlinger( 1322): attribute vec4 texCoords;
05-22 14:21:01.451 E/SurfaceFlinger( 1322): varying vec2 outTexCoords;
05-22 14:21:01.451 E/SurfaceFlinger( 1322): attribute vec4 position;
05-22 14:21:01.451 E/SurfaceFlinger( 1322): uniform mat4 projection;
05-22 14:21:01.451 E/SurfaceFlinger( 1322): uniform mat4 texture;
05-22 14:21:01.451 E/SurfaceFlinger( 1322): void main(void) {
05-22 14:21:01.451 E/SurfaceFlinger( 1322):     gl_Position = projection * position;
05-22 14:21:01.451 E/SurfaceFlinger( 1322):     outTexCoords = (texture * texCoords).st;
05-22 14:21:01.451 E/SurfaceFlinger( 1322): }
05-22 14:21:01.451 E/SurfaceFlinger( 1322): 
05-22 14:21:01.451 E/SurfaceFlinger( 1322): ˆˇˇˇˇˇˇˇü¡è≤ºr
05-22 14:21:01.451 E/SurfaceFlinger( 1322): Error while compiling shader: 
05-22 14:21:01.451 E/SurfaceFlinger( 1322): precision mediump float;
05-22 14:21:01.451 E/SurfaceFlinger( 1322): uniform sampler2D sampler;
05-22 14:21:01.451 E/SurfaceFlinger( 1322): varying vec2 outTexCoords;
05-22 14:21:01.451 E/SurfaceFlinger( 1322): void main(void) {
05-22 14:21:01.451 E/SurfaceFlinger( 1322):     gl_FragColor = texture2D(sampler, outTexCoords);
05-22 14:21:01.451 E/SurfaceFlinger( 1322): }
05-22 14:21:01.451 E/SurfaceFlinger( 1322): 
05-22 14:21:01.451 E/SurfaceFlinger( 1322): ˆˇˇˇˇˇˇˇü¡è≤ºr
05-22 14:21:01.451 E/SurfaceFlinger( 1322): Error while linking shaders:
05-22 14:21:01.451 E/SurfaceFlinger( 1322): Error while compiling shader: 
05-22 14:21:01.451 E/SurfaceFlinger( 1322): attribute vec4 texCoords;
05-22 14:21:01.451 E/SurfaceFlinger( 1322): varying vec2 outTexCoords;
05-22 14:21:01.451 E/SurfaceFlinger( 1322): attribute vec4 position;
05-22 14:21:01.451 E/SurfaceFlinger( 1322): uniform mat4 projection;
05-22 14:21:01.451 E/SurfaceFlinger( 1322): uniform mat4 texture;
05-22 14:21:01.451 E/SurfaceFlinger( 1322): void main(void) {
05-22 14:21:01.451 E/SurfaceFlinger( 1322):     gl_Position = projection * position;
05-22 14:21:01.451 E/SurfaceFlinger( 1322):     outTexCoords = (texture * texCoords).st;
05-22 14:21:01.451 E/SurfaceFlinger( 1322): }
05-22 14:21:01.451 E/SurfaceFlinger( 1322): 
05-22 14:21:01.451 E/SurfaceFlinger( 1322): ˆˇˇˇˇˇˇˇü¡è≤ºr
05-22 14:21:01.451 E/SurfaceFlinger( 1322): Error while compiling shader: 
05-22 14:21:01.451 E/SurfaceFlinger( 1322): precision mediump float;
05-22 14:21:01.451 E/SurfaceFlinger( 1322): uniform sampler2D sampler;
05-22 14:21:01.451 E/SurfaceFlinger( 1322): varying vec2 outTexCoords;
05-22 14:21:01.451 E/SurfaceFlinger( 1322): void main(void) {
05-22 14:21:01.451 E/SurfaceFlinger( 1322):     gl_FragColor = texture2D(sampler, outTexCoords);
05-22 14:21:01.451 E/SurfaceFlinger( 1322):     gl_FragColor.a = 1.0;
05-22 14:21:01.451 E/SurfaceFlinger( 1322): }
05-22 14:21:01.451 E/SurfaceFlinger( 1322): 
05-22 14:21:01.451 E/SurfaceFlinger( 1322): ˆˇˇˇˇˇˇˇü¡è≤ºr
05-22 14:21:01.451 E/SurfaceFlinger( 1322): Error while linking shaders:
05-22 14:21:01.451 E/SurfaceFlinger( 1322): Error while compiling shader: 
05-22 14:21:01.451 E/SurfaceFlinger( 1322): attribute vec4 texCoords;
05-22 14:21:01.451 E/SurfaceFlinger( 1322): varying vec2 outTexCoords;
05-22 14:21:01.451 E/SurfaceFlinger( 1322): attribute vec4 position;
05-22 14:21:01.451 E/SurfaceFlinger( 1322): uniform mat4 projection;
05-22 14:21:01.451 E/SurfaceFlinger( 1322): uniform mat4 texture;
05-22 14:21:01.451 E/SurfaceFlinger( 1322): void main(void) {
05-22 14:21:01.451 E/SurfaceFlinger( 1322):     gl_Position = projection * position;
05-22 14:21:01.451 E/SurfaceFlinger( 1322):     outTexCoords = (texture * texCoords).st;
05-22 14:21:01.451 E/SurfaceFlinger( 1322): }
05-22 14:21:01.451 E/SurfaceFlinger( 1322): 
05-22 14:21:01.451 E/SurfaceFlinger( 1322): ˆˇˇˇˇˇˇˇü¡è≤ºr
05-22 14:21:01.451 E/SurfaceFlinger( 1322): Error while compiling shader: 
05-22 14:21:01.451 E/SurfaceFlinger( 1322): precision mediump float;
05-22 14:21:01.451 E/SurfaceFlinger( 1322): uniform sampler2D sampler;
05-22 14:21:01.451 E/SurfaceFlinger( 1322): varying vec2 outTexCoords;
05-22 14:21:01.451 E/SurfaceFlinger( 1322): void main(void) {
05-22 14:21:01.451 E/SurfaceFlinger( 1322):     gl_FragColor = texture2D(sampler, outTexCoords);
05-22 14:21:01.451 E/SurfaceFlinger( 1322):     gl_FragColor.a = 1.0;
05-22 14:21:01.451 E/SurfaceFlinger( 1322): }
05-22 14:21:01.451 E/SurfaceFlinger( 1322): 
05-22 14:21:01.451 E/SurfaceFlinger( 1322): ˆˇˇˇˇˇˇˇü¡è≤ºr
05-22 14:21:01.451 E/SurfaceFlinger( 1322): Error while linking shaders:
05-22 14:21:01.451 E/SurfaceFlinger( 1322): Error while compiling shader: 
05-22 14:21:01.451 E/SurfaceFlinger( 1322): attribute vec4 texCoords;
05-22 14:21:01.451 E/SurfaceFlinger( 1322): varying vec2 outTexCoords;
05-22 14:21:01.451 E/SurfaceFlinger( 1322): attribute vec4 position;
05-22 14:21:01.451 E/SurfaceFlinger( 1322): uniform mat4 projection;
05-22 14:21:01.451 E/SurfaceFlinger( 1322): uniform mat4 texture;
05-22 14:21:01.451 E/SurfaceFlinger( 1322): void main(void) {
05-22 14:21:01.451 E/SurfaceFlinger( 1322):     gl_Position = projection * position;
05-22 14:21:01.451 E/SurfaceFlinger( 1322):     outTexCoords = (texture * texCoords).st;
05-22 14:21:01.451 E/SurfaceFlinger( 1322): }
05-22 14:21:01.451 E/SurfaceFlinger( 1322): 
05-22 14:21:01.451 E/SurfaceFlinger( 1322): ˆˇˇˇˇˇˇˇü¡è≤ºr
05-22 14:21:01.451 E/SurfaceFlinger( 1322): Error while compiling shader: 
05-22 14:21:01.451 E/SurfaceFlinger( 1322): precision mediump float;
05-22 14:21:01.451 E/SurfaceFlinger( 1322): uniform sampler2D sampler;
05-22 14:21:01.451 E/SurfaceFlinger( 1322): varying vec2 outTexCoords;
05-22 14:21:01.451 E/SurfaceFlinger( 1322): uniform float alphaPlane;
05-22 14:21:01.451 E/SurfaceFlinger( 1322): void main(void) {
05-22 14:21:01.451 E/SurfaceFlinger( 1322):     gl_FragColor = texture2D(sampler, outTexCoords);
05-22 14:21:01.451 E/SurfaceFlinger( 1322):     gl_FragColor.a *= alphaPlane;
05-22 14:21:01.451 E/SurfaceFlinger( 1322): }
05-22 14:21:01.451 E/SurfaceFlinger( 1322): 
05-22 14:21:01.451 E/SurfaceFlinger( 1322): ˆˇˇˇˇˇˇˇü¡è≤ºr
05-22 14:21:01.451 E/SurfaceFlinger( 1322): Error while linking shaders:
05-22 14:21:01.452 E/SurfaceFlinger( 1322): Error while compiling shader: 
05-22 14:21:01.452 E/SurfaceFlinger( 1322): attribute vec4 texCoords;
05-22 14:21:01.452 E/SurfaceFlinger( 1322): varying vec2 outTexCoords;
05-22 14:21:01.452 E/SurfaceFlinger( 1322): attribute vec4 position;
05-22 14:21:01.452 E/SurfaceFlinger( 1322): uniform mat4 projection;
05-22 14:21:01.452 E/SurfaceFlinger( 1322): uniform mat4 texture;
05-22 14:21:01.452 E/SurfaceFlinger( 1322): void main(void) {
05-22 14:21:01.452 E/SurfaceFlinger( 1322):     gl_Position = projection * position;
05-22 14:21:01.452 E/SurfaceFlinger( 1322):     outTexCoords = (texture * texCoords).st;
05-22 14:21:01.452 E/SurfaceFlinger( 1322): }
05-22 14:21:01.452 E/SurfaceFlinger( 1322): 
05-22 14:21:01.452 E/SurfaceFlinger( 1322): ˆˇˇˇˇˇˇˇü¡è≤ºr
05-22 14:21:01.452 E/SurfaceFlinger( 1322): Error while compiling shader: 
05-22 14:21:01.452 E/SurfaceFlinger( 1322): precision mediump float;
05-22 14:21:01.452 E/SurfaceFlinger( 1322): uniform sampler2D sampler;
05-22 14:21:01.452 E/SurfaceFlinger( 1322): varying vec2 outTexCoords;
05-22 14:21:01.452 E/SurfaceFlinger( 1322): uniform float alphaPlane;
05-22 14:21:01.452 E/SurfaceFlinger( 1322): void main(void) {
05-22 14:21:01.452 E/SurfaceFlinger( 1322):     gl_FragColor = texture2D(sampler, outTexCoords);
05-22 14:21:01.452 E/SurfaceFlinger( 1322):     gl_FragColor *= alphaPlane;
05-22 14:21:01.452 E/SurfaceFlinger( 1322): }
05-22 14:21:01.452 E/SurfaceFlinger( 1322): 
05-22 14:21:01.452 E/SurfaceFlinger( 1322): ˆˇˇˇˇˇˇˇü¡è≤ºr
05-22 14:21:01.452 E/SurfaceFlinger( 1322): Error while linking shaders:
05-22 14:21:01.460 E/SurfaceFlinger( 1322): Error while compiling shader: 
05-22 14:21:01.460 E/SurfaceFlinger( 1322): attribute vec4 texCoords;
05-22 14:21:01.460 E/SurfaceFlinger( 1322): varying vec2 outTexCoords;
05-22 14:21:01.460 E/SurfaceFlinger( 1322): attribute vec4 position;
05-22 14:21:01.460 E/SurfaceFlinger( 1322): uniform mat4 projection;
05-22 14:21:01.460 E/SurfaceFlinger( 1322): uniform mat4 texture;
05-22 14:21:01.460 E/SurfaceFlinger( 1322): void main(void) {
05-22 14:21:01.460 E/SurfaceFlinger( 1322):     gl_Position = projection * position;
05-22 14:21:01.460 E/SurfaceFlinger( 1322):     outTexCoords = (texture * texCoords).st;
05-22 14:21:01.460 E/SurfaceFlinger( 1322): }
05-22 14:21:01.460 E/SurfaceFlinger( 1322): 
05-22 14:21:01.460 E/SurfaceFlinger( 1322): ˆˇˇˇˇˇˇˇü¡è≤ºr
05-22 14:21:01.460 E/SurfaceFlinger( 1322): Error while compiling shader: 
05-22 14:21:01.460 E/SurfaceFlinger( 1322): precision mediump float;
05-22 14:21:01.460 E/SurfaceFlinger( 1322): uniform sampler2D sampler;
05-22 14:21:01.460 E/SurfaceFlinger( 1322): varying vec2 outTexCoords;
05-22 14:21:01.460 E/SurfaceFlinger( 1322): uniform float alphaPlane;
05-22 14:21:01.460 E/SurfaceFlinger( 1322): void main(void) {
05-22 14:21:01.460 E/SurfaceFlinger( 1322):     gl_FragColor = texture2D(sampler, outTexCoords);
05-22 14:21:01.460 E/SurfaceFlinger( 1322):     gl_FragColor.a = 1.0;
05-22 14:21:01.460 E/SurfaceFlinger( 1322):     gl_FragColor.a *= alphaPlane;
05-22 14:21:01.460 E/SurfaceFlinger( 1322): }
05-22 14:21:01.460 E/SurfaceFlinger( 1322): 
05-22 14:21:01.460 E/SurfaceFlinger( 1322): ˆˇˇˇˇˇˇˇü¡è≤ºr
05-22 14:21:01.460 E/SurfaceFlinger( 1322): Error while linking shaders:
05-22 14:21:01.460 E/SurfaceFlinger( 1322): Error while compiling shader: 
05-22 14:21:01.460 E/SurfaceFlinger( 1322): attribute vec4 texCoords;
05-22 14:21:01.460 E/SurfaceFlinger( 1322): varying vec2 outTexCoords;
05-22 14:21:01.460 E/SurfaceFlinger( 1322): attribute vec4 position;
05-22 14:21:01.460 E/SurfaceFlinger( 1322): uniform mat4 projection;
05-22 14:21:01.460 E/SurfaceFlinger( 1322): uniform mat4 texture;
05-22 14:21:01.460 E/SurfaceFlinger( 1322): void main(void) {
05-22 14:21:01.460 E/SurfaceFlinger( 1322):     gl_Position = projection * position;
05-22 14:21:01.460 E/SurfaceFlinger( 1322):     outTexCoords = (texture * texCoords).st;
05-22 14:21:01.460 E/SurfaceFlinger( 1322): }
05-22 14:21:01.460 E/SurfaceFlinger( 1322): 
05-22 14:21:01.460 E/SurfaceFlinger( 1322): ˆˇˇˇˇˇˇˇü¡è≤ºr
05-22 14:21:01.460 E/SurfaceFlinger( 1322): Error while compiling shader: 
05-22 14:21:01.460 E/SurfaceFlinger( 1322): precision mediump float;
05-22 14:21:01.460 E/SurfaceFlinger( 1322): uniform sampler2D sampler;
05-22 14:21:01.460 E/SurfaceFlinger( 1322): varying vec2 outTexCoords;
05-22 14:21:01.460 E/SurfaceFlinger( 1322): uniform float alphaPlane;
05-22 14:21:01.460 E/SurfaceFlinger( 1322): void main(void) {
05-22 14:21:01.460 E/SurfaceFlinger( 1322):     gl_FragColor = texture2D(sampler, outTexCoords);
05-22 14:21:01.460 E/SurfaceFlinger( 1322):     gl_FragColor.a = 1.0;
05-22 14:21:01.460 E/SurfaceFlinger( 1322):     gl_FragColor *= alphaPlane;
05-22 14:21:01.460 E/SurfaceFlinger( 1322): }
05-22 14:21:01.460 E/SurfaceFlinger( 1322): 
05-22 14:21:01.460 E/SurfaceFlinger( 1322): ˆˇˇˇˇˇˇˇü¡è≤ºr
05-22 14:21:01.460 E/SurfaceFlinger( 1322): Error while linking shaders:
05-22 14:21:01.460 D/SurfaceFlinger( 1322): shader cache generated - 24 shaders in 40.259960 ms
05-22 14:21:01.473 W/BatteryNotifier( 1335): batterystats service unavailable!
05-22 14:21:01.517 D/SurfaceFlinger( 1322): Set power mode=2, type=0 flinger=0x72bcb2047000
05-22 14:21:02.099 I/        ( 1327): sMaxFastTracks = 8
05-22 14:21:02.144 I/cameraserver( 1328): ServiceManager: 0xed93c020
05-22 14:21:02.182 I/audioserver( 1327): ServiceManager: 0xe893c020
05-22 14:21:02.184 W/BatteryNotifier( 1327): batterystats service unavailable!
05-22 14:21:02.185 I/AudioFlinger( 1327): Using default 3000 mSec as standby time.
05-22 14:21:02.204 I/CameraService( 1328): CameraService started (pid=1328)
05-22 14:21:02.204 I/CameraService( 1328): CameraService process starting
05-22 14:21:02.206 W/BatteryNotifier( 1328): batterystats service unavailable!
05-22 14:21:02.207 W/BatteryNotifier( 1328): batterystats service unavailable!
05-22 14:21:02.241 I/AudioPolicyService( 1327): AudioPolicyService CSTOR in new mode
05-22 14:21:01.690 W/bootanimation( 1738): type=1400 audit(0.0:9): avc: denied { getattr } for path="/vendor" dev="rootfs" ino=4006 scontext=u:r:bootanim:s0 tcontext=u:object_r:rootfs:s0 tclass=lnk_file permissive=0
