05-22 14:24:35.399 W/StatusBar( 2923): 	at android.app.ActivityThread.main(ActivityThread.java:6119)
05-22 14:24:35.399 W/StatusBar( 2923): 	at java.lang.reflect.Method.invoke(Native Method)
05-22 14:24:35.399 W/StatusBar( 2923): 	at com.android.internal.os.ZygoteInit$MethodAndArgsCaller.run(ZygoteInit.java:886)
05-22 14:24:35.399 W/StatusBar( 2923): 	at com.android.internal.os.ZygoteInit.main(ZygoteInit.java:776)
05-22 14:24:35.405 I/StatusBar( 2923): isKeyguardShowing() called before startKeyguard(), returning true
05-22 14:24:35.407 W/StatusBar( 2923): isKeyguardSecure() called before startKeyguard(), returning false
05-22 14:24:35.407 W/StatusBar( 2923): java.lang.Throwable
05-22 14:24:35.407 W/StatusBar( 2923): 	at com.android.systemui.statusbar.BaseStatusBar.isKeyguardSecure(BaseStatusBar.java:2647)
05-22 14:24:35.407 W/StatusBar( 2923): 	at com.android.systemui.statusbar.BaseStatusBar.isCameraAllowedByAdmin(BaseStatusBar.java:2670)
05-22 14:24:35.407 W/StatusBar( 2923): 	at com.android.systemui.statusbar.phone.KeyguardBottomAreaView.updateCameraVisibility(KeyguardBottomAreaView.java:309)
05-22 14:24:35.407 W/StatusBar( 2923): 	at com.android.systemui.statusbar.phone.KeyguardBottomAreaView.setUserSetupComplete(KeyguardBottomAreaView.java:281)
05-22 14:24:35.407 W/StatusBar( 2923): 	at com.android.systemui.statusbar.phone.PhoneStatusBar.makeStatusBarView(PhoneStatusBar.java:905)
05-22 14:24:35.407 W/StatusBar( 2923): 	at com.android.systemui.statusbar.phone.PhoneStatusBar.addStatusBarWindow(PhoneStatusBar.java:3432)
05-22 14:24:35.407 W/StatusBar( 2923): 	at com.android.systemui.statusbar.phone.PhoneStatusBar.createAndAddWindows(PhoneStatusBar.java:3428)
05-22 14:24:35.407 W/StatusBar( 2923): 	at com.android.systemui.statusbar.BaseStatusBar.start(BaseStatusBar.java:765)
05-22 14:24:35.407 W/StatusBar( 2923): 	at com.android.systemui.statusbar.phone.PhoneStatusBar.start(PhoneStatusBar.java:686)
05-22 14:24:35.407 W/StatusBar( 2923): 	at com.android.systemui.statusbar.SystemBars.createStatusBarFromConfig(SystemBars.java:106)
05-22 14:24:35.407 W/StatusBar( 2923): 	at com.android.systemui.statusbar.SystemBars.onNoService(SystemBars.java:58)
05-22 14:24:35.407 W/StatusBar( 2923): 	at com.android.systemui.statusbar.ServiceMonitor.startService(ServiceMonitor.java:230)
05-22 14:24:35.407 W/StatusBar( 2923): 	at com.android.systemui.statusbar.ServiceMonitor.-wrap5(ServiceMonitor.java)
05-22 14:24:35.407 W/StatusBar( 2923): 	at com.android.systemui.statusbar.ServiceMonitor$1.handleMessage(ServiceMonitor.java:73)
05-22 14:24:35.407 W/StatusBar( 2923): 	at android.os.Handler.dispatchMessage(Handler.java:102)
05-22 14:24:35.407 W/StatusBar( 2923): 	at android.os.Looper.loop(Looper.java:154)
05-22 14:24:35.407 W/StatusBar( 2923): 	at android.app.ActivityThread.main(ActivityThread.java:6119)
05-22 14:24:35.407 W/StatusBar( 2923): 	at java.lang.reflect.Method.invoke(Native Method)
05-22 14:24:35.407 W/StatusBar( 2923): 	at com.android.internal.os.ZygoteInit$MethodAndArgsCaller.run(ZygoteInit.java:886)
05-22 14:24:35.407 W/StatusBar( 2923): 	at com.android.internal.os.ZygoteInit.main(ZygoteInit.java:776)
05-22 14:24:35.546 V/EmulatedCamera_Camera( 1328): getCameraInfo
05-22 14:24:35.546 V/EmulatedCamera_BaseCamera( 1328): getCameraInfo
05-22 14:24:35.548 V/EmulatedCamera_Camera( 1328): getCameraInfo
05-22 14:24:35.549 V/EmulatedCamera_BaseCamera( 1328): getCameraInfo
05-22 14:24:35.769 I/StatusBar( 2923): isKeyguardShowing() called before startKeyguard(), returning true
05-22 14:24:35.772 W/StatusBar( 2923): isKeyguardSecure() called before startKeyguard(), returning false
05-22 14:24:35.772 W/StatusBar( 2923): java.lang.Throwable
05-22 14:24:35.772 W/StatusBar( 2923): 	at com.android.systemui.statusbar.BaseStatusBar.isKeyguardSecure(BaseStatusBar.java:2647)
05-22 14:24:35.772 W/StatusBar( 2923): 	at com.android.systemui.statusbar.BaseStatusBar.isCameraAllowedByAdmin(BaseStatusBar.java:2670)
05-22 14:24:35.772 W/StatusBar( 2923): 	at com.android.systemui.statusbar.phone.KeyguardBottomAreaView.updateCameraVisibility(KeyguardBottomAreaView.java:309)
05-22 14:24:35.772 W/StatusBar( 2923): 	at com.android.systemui.statusbar.phone.KeyguardBottomAreaView.setUserSetupComplete(KeyguardBottomAreaView.java:281)
05-22 14:24:35.772 W/StatusBar( 2923): 	at com.android.systemui.statusbar.phone.PhoneStatusBar$1.onChange(PhoneStatusBar.java:441)
05-22 14:24:35.772 W/StatusBar( 2923): 	at com.android.systemui.statusbar.phone.PhoneStatusBar.resetUserSetupObserver(PhoneStatusBar.java:3676)
05-22 14:24:35.772 W/StatusBar( 2923): 	at com.android.systemui.statusbar.phone.PhoneStatusBar.makeStatusBarView(PhoneStatusBar.java:1008)
05-22 14:24:35.772 W/StatusBar( 2923): 	at com.android.systemui.statusbar.phone.PhoneStatusBar.addStatusBarWindow(PhoneStatusBar.java:3432)
05-22 14:24:35.772 W/StatusBar( 2923): 	at com.android.systemui.statusbar.phone.PhoneStatusBar.createAndAddWindows(PhoneStatusBar.java:3428)
05-22 14:24:35.772 W/StatusBar( 2923): 	at com.android.systemui.statusbar.BaseStatusBar.start(BaseStatusBar.java:765)
05-22 14:24:35.772 W/StatusBar( 2923): 	at com.android.systemui.statusbar.phone.PhoneStatusBar.start(PhoneStatusBar.java:686)
05-22 14:24:35.772 W/StatusBar( 2923): 	at com.android.systemui.statusbar.SystemBars.createStatusBarFromConfig(SystemBars.java:106)
05-22 14:24:35.772 W/StatusBar( 2923): 	at com.android.systemui.statusbar.SystemBars.onNoService(SystemBars.java:58)
05-22 14:24:35.772 W/StatusBar( 2923): 	at com.android.systemui.statusbar.ServiceMonitor.startService(ServiceMonitor.java:230)
05-22 14:24:35.772 W/StatusBar( 2923): 	at com.android.systemui.statusbar.ServiceMonitor.-wrap5(ServiceMonitor.java)
05-22 14:24:35.772 W/StatusBar( 2923): 	at com.android.systemui.statusbar.ServiceMonitor$1.handleMessage(ServiceMonitor.java:73)
05-22 14:24:35.772 W/StatusBar( 2923): 	at android.os.Handler.dispatchMessage(Handler.java:102)
05-22 14:24:35.772 W/StatusBar( 2923): 	at android.os.Looper.loop(Looper.java:154)
05-22 14:24:35.772 W/StatusBar( 2923): 	at android.app.ActivityThread.main(ActivityThread.java:6119)
05-22 14:24:35.772 W/StatusBar( 2923): 	at java.lang.reflect.Method.invoke(Native Method)
05-22 14:24:35.772 W/StatusBar( 2923): 	at com.android.internal.os.ZygoteInit$MethodAndArgsCaller.run(ZygoteInit.java:886)
05-22 14:24:35.772 W/StatusBar( 2923): 	at com.android.internal.os.ZygoteInit.main(ZygoteInit.java:776)
05-22 14:24:35.831 I/ActivityManager( 2101): Start proc 2976:android.process.acore/u0a1 for content provider com.android.providers.contacts/.ContactsProvider2
05-22 14:24:35.850 W/art     ( 2976): Unexpected CPU variant for X86 using defaults: x86_64
05-22 14:24:35.854 E/SurfaceFlinger( 1322): ro.sf.lcd_density must be defined as a build property
05-22 14:24:35.859 D/OpenGLRenderer( 2923): profile bars disabled
05-22 14:24:35.871 D/OpenGLRenderer( 2923): ambientRatio = 1.50
05-22 14:24:35.924 D/PhoneStatusBar( 2923): disable: < EXPAND* icons alerts system_info BACK* HOME* RECENT* clock SEARCH* quick_settings >
05-22 14:24:36.022 W/System  ( 2976): ClassLoader referenced unknown path: /system/priv-app/ContactsProvider/lib/x86_64
05-22 14:24:36.200 D/PhoneStatusBar( 2923): heads up is enabled
05-22 14:24:36.732 I/art     ( 2923): Background partial concurrent mark sweep GC freed 10629(1358KB) AllocSpace objects, 4(84KB) LOS objects, 23% free, 12MB/16MB, paused 704us total 398.310ms
05-22 14:24:36.811 I/ContactsPerf( 2976): VoicemailContentProvider.onCreate start
05-22 14:24:36.836 W/art     ( 2101): Long monitor contention with owner Binder:2101_A (2919) at int com.android.server.wm.WindowManagerService.relayoutWindow(com.android.server.wm.Session, android.view.IWindow, int, android.view.WindowManager$LayoutParams, int, int, int, int, android.graphics.Rect, android.graphics.Rect, android.graphics.Rect, android.graphics.Rect, android.graphics.Rect, android.graphics.Rect, android.graphics.Rect, android.content.res.Configuration, android.view.Surface)(WindowManagerService.java:2857) waiters=0 in void com.android.server.wm.WindowManagerService$H.handleMessage(android.os.Message) for 510ms
05-22 14:24:36.865 I/ContactsPerf( 2976): VoicemailContentProvider.onCreate finish
05-22 14:24:36.877 W/System  ( 2976): ClassLoader referenced unknown path: /system/priv-app/BlockedNumberProvider/lib/x86_64
05-22 14:24:36.886 D/ApplicationLoaders( 2976): ignored Vulkan layer search path /system/priv-app/BlockedNumberProvider/lib/x86_64:/system/lib64:/vendor/lib64 for namespace 0x7509e43a90f0
05-22 14:24:37.107 W/art     ( 2101): Long monitor contention with owner Binder:2101_2 (2124) at int com.android.server.wm.WindowManagerService.relayoutWindow(com.android.server.wm.Session, android.view.IWindow, int, android.view.WindowManager$LayoutParams, int, int, int, int, android.graphics.Rect, android.graphics.Rect, android.graphics.Rect, android.graphics.Rect, android.graphics.Rect, android.graphics.Rect, android.graphics.Rect, android.content.res.Configuration, android.view.Surface)(WindowManagerService.java:2857) waiters=0 in void com.android.server.wm.WindowManagerService$H.handleMessage(android.os.Message) for 226ms
05-22 14:24:37.123 W/art     ( 2101): Long monitor contention with owner Binder:2101_2 (2124) at int com.android.server.wm.WindowManagerService.relayoutWindow(com.android.server.wm.Session, android.view.IWindow, int, android.view.WindowManager$LayoutParams, int, int, int, int, android.graphics.Rect, android.graphics.Rect, android.graphics.Rect, android.graphics.Rect, android.graphics.Rect, android.graphics.Rect, android.graphics.Rect, android.content.res.Configuration, android.view.Surface)(WindowManagerService.java:2857) waiters=1 in void com.android.server.wm.WindowManagerService.finishDrawingWindow(com.android.server.wm.Session, android.view.IWindow) for 158ms
05-22 14:24:37.140 W/KeyguardUpdateMonitor( 2923): invalid subId in handleSimStateChange()
05-22 14:24:37.395 W/System  ( 2976): ClassLoader referenced unknown path: /system/app/UserDictionaryProvider/lib/x86_64
05-22 14:24:37.398 D/ApplicationLoaders( 2976): ignored Vulkan layer search path /system/app/UserDictionaryProvider/lib/x86_64:/system/lib64:/vendor/lib64 for namespace 0x7509e43a9160
05-22 14:24:37.672 V/KeyguardServiceDelegate( 2101): **** SHOWN CALLED ****
05-22 14:24:37.675 I/Choreographer( 2923): Skipped 151 frames!  The application may be doing too much work on its main thread.
05-22 14:24:37.769 D/ViewRootImpl[StatusBar]( 2923): changeCanvasOpacity: opaque=true
05-22 14:24:37.790 W/art     ( 2101): Long monitor contention with owner android.ui (2141) at int com.android.server.wm.WindowManagerService.relayoutWindow(com.android.server.wm.Session, android.view.IWindow, int, android.view.WindowManager$LayoutParams, int, int, int, int, android.graphics.Rect, android.graphics.Rect, android.graphics.Rect, android.graphics.Rect, android.graphics.Rect, android.graphics.Rect, android.graphics.Rect, android.content.res.Configuration, android.view.Surface)(WindowManagerService.java:2857) waiters=0 in void com.android.server.wm.WindowAnimator$1.doFrame(long) for 629ms
05-22 14:24:38.321 W/art     ( 2101): Long monitor contention with owner android.ui (2141) at int com.android.server.wm.WindowManagerService.relayoutWindow(com.android.server.wm.Session, android.view.IWindow, int, android.view.WindowManager$LayoutParams, int, int, int, int, android.graphics.Rect, android.graphics.Rect, android.graphics.Rect, android.graphics.Rect, android.graphics.Rect, android.graphics.Rect, android.graphics.Rect, android.content.res.Configuration, android.view.Surface)(WindowManagerService.java:2857) waiters=0 in void com.android.server.wm.WindowManagerService$H.handleMessage(android.os.Message) for 260ms
05-22 14:24:39.412 W/art     ( 2101): Long monitor contention with owner Binder:2101_A (2919) at int com.android.server.wm.WindowManagerService.relayoutWindow(com.android.server.wm.Session, android.view.IWindow, int, android.view.WindowManager$LayoutParams, int, int, int, int, android.graphics.Rect, android.graphics.Rect, android.graphics.Rect, android.graphics.Rect, android.graphics.Rect, android.graphics.Rect, android.graphics.Rect, android.content.res.Configuration, android.view.Surface)(WindowManagerService.java:2857) waiters=0 in void com.android.server.wm.WindowManagerService.getInitialDisplaySize(int, android.graphics.Point) for 344ms
05-22 14:24:39.854 I/ContactLocale( 2976): AddressBook Labels [[en_US]]: [‚Ä¶, A, B, C, D, E, F, G, H, I, J, K, L, M, N, O, P, Q, R, S, T, U, V, W, X, Y, Z, Œë, Œí, Œì, Œî, Œï, Œñ, Œó, Œò, Œô, Œö, Œõ, Œú, Œù, Œû, Œü, Œ†, Œ°, Œ£, Œ§, Œ•, Œ¶, Œß, Œ®, Œ©, ‚Ä¶, –ê, –ë, –í, –ì, –î, –Ç, –ï, –Ñ, –ñ, –ó, –ò, –Ü, –ô, –à, –ö, –õ, –â, –ú, –ù, –ä, –û, –ü, –†, –°, –¢, –ã, –£, –§, –•, –¶, –ß, –è, –®, –©, –Æ, –Ø, ‚Ä¶, ◊ê, ◊ë, ◊í, ◊ì, ◊î, ◊ï, ◊ñ, ◊ó, ◊ò, ◊ô, ◊õ, ◊ú, ◊û, ◊†, ◊°, ◊¢, ◊§, ◊¶, ◊ß, ◊®, ◊©, ◊™, ‚Ä¶, ÿß, ÿ®, ÿ™, ÿ´, ÿ¨, ÿ≠, ÿÆ, ÿØ, ÿ∞, ÿ±, ÿ≤, ÿ≥, ÿ¥, ÿµ, ÿ∂, ÿ∑, ÿ∏, ÿπ, ÿ∫, ŸÅ, ŸÇ, ŸÉ, ŸÑ, ŸÖ, ŸÜ, Ÿá, Ÿà, Ÿä, ‚Ä¶, ‡∏Å, ‡∏Ç, ‡∏É, ‡∏Ñ, ‡∏Ö, ‡∏Ü, ‡∏á, ‡∏à, ‡∏â, ‡∏ä, ‡∏ã, ‡∏å, ‡∏ç, ‡∏é, ‡∏è, ‡∏ê, ‡∏ë, ‡∏í, ‡∏ì, ‡∏î, ‡∏ï, ‡∏ñ, ‡∏ó, ‡∏ò, ‡∏ô, ‡∏ö, ‡∏õ, ‡∏ú, ‡∏ù, ‡∏û, ‡∏ü, ‡∏†, ‡∏°, ‡∏¢, ‡∏£, ‡∏§, ‡∏•, ‡∏¶, ‡∏ß, ‡∏®, ‡∏©, ‡∏™, ‡∏´, ‡∏¨, ‡∏≠, ‡∏Æ, ‚Ä¶, „Ñ±, „Ñ¥, „Ñ∑, „Ñπ, „ÖÅ, „ÖÇ, „ÖÖ, „Öá, „Öà, „Öä, „Öã, „Öå, „Öç, „Öé, ‚Ä¶, „ÅÇ, „Åã, „Åï, „Åü, „Å™, „ÅØ, „Åæ, „ÇÑ, „Çâ, „Çè, #, ‚Ä¶]
05-22 14:24:40.029 D/WifiService( 2101): New client listening to asynchronous messages
05-22 14:24:40.558 W/art     ( 2101): Long monitor contention with owner Binder:2101_D (2922) at int com.android.server.wm.WindowManagerService.relayoutWindow(com.android.server.wm.Session, android.view.IWindow, int, android.view.WindowManager$LayoutParams, int, int, int, int, android.graphics.Rect, android.graphics.Rect, android.graphics.Rect, android.graphics.Rect, android.graphics.Rect, android.graphics.Rect, android.graphics.Rect, android.content.res.Configuration, android.view.Surface)(WindowManagerService.java:2857) waiters=0 in void com.android.server.wm.WindowManagerService$H.handleMessage(android.os.Message) for 174ms
05-22 14:24:40.578 I/Choreographer( 2923): Skipped 173 frames!  The application may be doing too much work on its main thread.
05-22 14:24:40.701 D/gralloc_ranchu( 2923): Emulator without host-side GPU emulation detected. Loading gralloc.default.so from /vendor/lib64/hw/gralloc.goldfish.default.so...
05-22 14:24:40.705 D/gralloc_ranchu( 2923): gralloc.default.so not found in /vendor. Trying /system/lib64/hw/gralloc.goldfish.default.so...
05-22 14:24:41.608 D/PhoneStatusBar( 2923): disable: < expand* icons alerts system_info back* home* recent* clock search* quick_settings >
05-22 14:24:41.788 W/art     ( 2101): Long monitor contention with owner android.display (2156) at void com.android.server.wm.WindowManagerService$H.handleMessage(android.os.Message)(WindowManagerService.java:8368) waiters=0 in void com.android.server.wm.WindowManagerService.statusBarVisibilityChanged(int) for 175ms
05-22 14:24:42.143 W/art     ( 2101): Long monitor contention with owner Binder:2101_9 (2918) at int com.android.server.wm.WindowManagerService.relayoutWindow(com.android.server.wm.Session, android.view.IWindow, int, android.view.WindowManager$LayoutParams, int, int, int, int, android.graphics.Rect, android.graphics.Rect, android.graphics.Rect, android.graphics.Rect, android.graphics.Rect, android.graphics.Rect, android.graphics.Rect, android.content.res.Configuration, android.view.Surface)(WindowManagerService.java:2857) waiters=0 in void com.android.server.wm.WindowAnimator$1.doFrame(long) for 274ms
05-22 14:24:42.167 I/Choreographer( 2923): Skipped 94 frames!  The application may be doing too much work on its main thread.
05-22 14:24:42.353 I/art     ( 2923): Background sticky concurrent mark sweep GC freed 9587(373KB) AllocSpace objects, 3(60KB) LOS objects, 0% free, 18MB/18MB, paused 1.279ms total 117.199ms
05-22 14:24:42.624 W/art     ( 2101): Long monitor contention with owner android.display (2156) at void com.android.server.wm.WindowAnimator$1.doFrame(long)(WindowAnimator.java:144) waiters=0 in void com.android.server.wm.WindowManagerService.finishDrawingWindow(com.android.server.wm.Session, android.view.IWindow) for 252ms
05-22 14:24:43.130 I/Choreographer( 2923): Skipped 57 frames!  The application may be doing too much work on its main thread.
05-22 14:25:09.091 W//sbin/adbd( 1324): type=1400 audit(0.0:16): avc: denied { search } for comm=7365727669636520353434 name="security" dev="vdc" ino=35203 scontext=u:r:adbd:s0 tcontext=u:object_r:security_file:s0 tclass=dir permissive=0
05-22 14:25:33.038 W/BroadcastQueue( 2101): Timeout of broadcast BroadcastRecord{94ed578 u0 android.intent.action.BOOT_COMPLETED} - receiver=android.os.BinderProxy@4994e60, started 60000ms ago
05-22 14:25:33.038 W/BroadcastQueue( 2101): Receiver during timeout: BroadcastFilter{8a2fbde u0 ReceiverList{967cf19 2328 com.android.systemui/10021/u0 remote:4994e60}}
05-22 14:25:33.045 W/Binder  ( 2923): Binder call failed.
05-22 14:25:33.045 W/Binder  ( 2923): android.os.DeadObjectException
05-22 14:25:33.045 W/Binder  ( 2923): 	at android.os.BinderProxy.transactNative(Native Method)
05-22 14:25:33.045 W/Binder  ( 2923): 	at android.os.BinderProxy.transact(Binder.java:615)
05-22 14:25:33.045 W/Binder  ( 2923): 	at android.content.IIntentReceiver$Stub$Proxy.performReceive(IIntentReceiver.java:124)
05-22 14:25:33.045 W/Binder  ( 2923): 	at android.app.ActivityThread$ApplicationThread.scheduleRegisteredReceiver(ActivityThread.java:946)
05-22 14:25:33.045 W/Binder  ( 2923): 	at android.app.ApplicationThreadNative.onTransact(ApplicationThreadNative.java:404)
05-22 14:25:33.045 W/Binder  ( 2923): 	at android.os.Binder.execTransact(Binder.java:565)
05-22 14:25:55.719 D/AndroidRuntime( 2998): >>>>>> START com.android.internal.os.RuntimeInit uid 2000 <<<<<<
05-22 14:25:55.763 D/AndroidRuntime( 2998): CheckJNI is ON
05-22 14:25:56.094 W/art     ( 2998): Unexpected CPU variant for X86 using defaults: x86_64
05-22 14:25:56.138 D/ICU     ( 2998): No timezone override file found: /data/misc/zoneinfo/current/icu/icu_tzdata.dat
05-22 14:25:56.330 E/memtrack( 2998): Couldn't load memtrack module (No such file or directory)
05-22 14:25:56.331 E/android.os.Debug( 2998): failed to load memtrack module: -2
05-22 14:25:56.336 I/Radio-JNI( 2998): register_android_hardware_Radio DONE
05-22 14:25:56.457 D/AndroidRuntime( 2998): Calling main entry com.android.commands.pm.Pm
05-22 14:25:56.640 I/        ( 1330): free_cache(132244800) avail 809594880
05-22 14:26:13.769 W/ActivityManager( 2101): Slow operation: 77ms so far, now at startProcess: returned from zygote!
05-22 14:26:13.769 W/ActivityManager( 2101): Slow operation: 78ms so far, now at startProcess: done updating battery stats
05-22 14:26:13.770 W/ActivityManager( 2101): Slow operation: 78ms so far, now at startProcess: building log message
05-22 14:26:13.774 I/ActivityManager( 2101): Start proc 3009:com.android.defcontainer/u0a7 for service com.android.defcontainer/.DefaultContainerService
05-22 14:26:13.774 W/ActivityManager( 2101): Slow operation: 83ms so far, now at startProcess: starting to update pids map
05-22 14:26:13.775 W/ActivityManager( 2101): Slow operation: 83ms so far, now at startProcess: done updating pids map
05-22 14:26:13.775 W/ActivityManager( 2101): Slow operation: 85ms so far, now at startProcess: done starting proc!
05-22 14:26:13.832 W/art     ( 3009): Unexpected CPU variant for X86 using defaults: x86_64
05-22 14:26:14.512 I/PackageManager.DexOptimizer( 2101): Running dexopt (dex2oat) on: /data/app/vmdl1694021998.tmp/base.apk pkg=jp.jaxa.iss.kibo.rpc.sampleapk isa=x86_64 vmSafeMode=false debuggable=true target-filter=interpret-only oatDir = /data/app/vmdl1694021998.tmp/oat sharedLibraries=null
05-22 14:26:14.702 W/dex2oat ( 3024): Unexpected CPU variant for X86 using defaults: x86_64
05-22 14:26:14.718 I/dex2oat ( 3024): /system/bin/dex2oat --compiler-filter=interpret-only --debuggable
05-22 14:26:17.225 W/dex2oat ( 3024): Before Android 4.1, method int android.support.v7.widget.ListViewCompat.lookForSelectablePosition(int, boolean) would have incorrectly overridden the package-private method in android.widget.ListView
05-22 14:26:17.794 W/dex2oat ( 3024): Before Android 4.1, method android.graphics.PorterDuffColorFilter android.support.graphics.drawable.VectorDrawableCompat.updateTintFilter(android.graphics.PorterDuffColorFilter, android.content.res.ColorStateList, android.graphics.PorterDuff$Mode) would have incorrectly overridden the package-private method in android.graphics.drawable.Drawable
05-22 14:26:26.068 W/dex2oat ( 3024): Compilation of void org.opencv.android.Utils.nBitmapToMat2(android.graphics.Bitmap, long, boolean) took 109.924ms
05-22 14:26:26.071 W/dex2oat ( 3024): Compilation of java.lang.String org.opencv.android.StaticHelper.getLibraryList() took 114.546ms
05-22 14:26:28.596 I/dex2oat ( 3024): dex2oat took 13.902s (threads: 2) arena alloc=496KB (508888B) java alloc=7MB (7515352B) native alloc=15MB (16223000B) free=4MB (4224232B)
05-22 14:26:28.850 D/installd( 1330): Detected label change from u:object_r:system_data_file:s0 to u:object_r:app_data_file:s0:c512,c768 at /data/data/jp.jaxa.iss.kibo.rpc.sampleapk; running recursive restorecon
05-22 14:26:28.862 D/installd( 1330): Detected label change from u:object_r:system_data_file:s0 to u:object_r:app_data_file:s0:c512,c768 at /data/user_de/0/jp.jaxa.iss.kibo.rpc.sampleapk; running recursive restorecon
05-22 14:26:28.872 V/BackupManagerService( 2101): restoreAtInstall pkg=jp.jaxa.iss.kibo.rpc.sampleapk token=1 restoreSet=0
05-22 14:26:28.873 W/BackupManagerService( 2101): Requested unavailable transport: android/com.android.internal.backup.LocalTransport
05-22 14:26:28.873 W/BackupManagerService( 2101): No transport
05-22 14:26:28.873 V/BackupManagerService( 2101): Finishing install immediately
05-22 14:26:28.905 I/GnssLocationProvider( 2101): WakeLock acquired by sendMessage(3, 0, com.android.server.location.GnssLocationProvider$GpsRequest@db0faa7)
05-22 14:26:28.907 I/GnssLocationProvider( 2101): WakeLock acquired by sendMessage(3, 0, com.android.server.location.GnssLocationProvider$GpsRequest@4e3cb54)
05-22 14:26:28.909 D/VoldConnector( 2101): SND -> {9 volume remount_uid 10064 default}
05-22 14:26:28.928 D/vold    ( 1270): Remounting 10064 as mode default
05-22 14:26:28.955 D/VoldConnector( 2101): RCV <- {200 9 Command succeeded}
05-22 14:26:28.961 I/GnssLocationProvider( 2101): WakeLock acquired by sendMessage(3, 0, com.android.server.location.GnssLocationProvider$GpsRequest@3e95afd)
05-22 14:26:29.011 I/GnssLocationProvider( 2101): WakeLock released by handleMessage(3, 0, com.android.server.location.GnssLocationProvider$GpsRequest@db0faa7)
05-22 14:26:29.012 I/GnssLocationProvider( 2101): WakeLock released by handleMessage(3, 0, com.android.server.location.GnssLocationProvider$GpsRequest@4e3cb54)
05-22 14:26:29.015 I/GnssLocationProvider( 2101): WakeLock released by handleMessage(3, 0, com.android.server.location.GnssLocationProvider$GpsRequest@3e95afd)
05-22 14:26:29.016 D/VoldConnector( 2101): SND -> {10 volume remount_uid 10064 write}
05-22 14:26:29.018 D/vold    ( 1270): Remounting 10064 as mode write
05-22 14:26:29.039 D/VoldConnector( 2101): RCV <- {200 10 Command succeeded}
05-22 14:26:29.087 I/art     ( 2101): Background sticky concurrent mark sweep GC freed 31765(2MB) AllocSpace objects, 15(352KB) LOS objects, 23% free, 10MB/13MB, paused 3.134ms total 102.272ms
05-22 14:26:29.118 I/art     ( 2101): Starting a blocking GC Explicit
05-22 14:26:29.199 I/art     ( 2101): Explicit concurrent mark sweep GC freed 6980(520KB) AllocSpace objects, 4(96KB) LOS objects, 29% free, 9MB/13MB, paused 1.421ms total 81.088ms
05-22 14:26:29.203 E/        ( 1330): Couldn't opendir /data/app/vmdl1694021998.tmp: No such file or directory
05-22 14:26:29.253 D/PackageInstaller( 2101): Ignoring abandon after commit relinquished control
05-22 14:26:29.261 I/art     ( 2998): System.exit called, status: 0
05-22 14:26:29.261 I/AndroidRuntime( 2998): VM exiting with result code 0.
05-22 14:26:29.433 I/InputReader( 2101): Reconfiguring input devices.  changes=0x00000010
05-22 14:26:29.629 E/PhoneInterfaceManager( 2540): [PhoneIntfMgr] getCarrierPackageNamesForIntent: No UICC
05-22 14:26:29.630 D/CarrierSvcBindHelper( 2540): No carrier app for: 0
05-22 14:26:29.634 D/CarrierConfigLoader( 2540): mHandler: 9 phoneId: 0
05-22 14:26:29.988 W/VoiceInteractionManagerService( 2101): no available voice recognition services found for user 0
05-22 14:26:33.043 W/BroadcastQueue( 2101): Timeout of broadcast BroadcastRecord{94ed578 u0 android.intent.action.BOOT_COMPLETED} - receiver=android.os.BinderProxy@cf4188e, started 60004ms ago
05-22 14:26:33.044 W/BroadcastQueue( 2101): Receiver during timeout: BroadcastFilter{ef7cc45 u0 ReceiverList{f3de8af 2328 com.android.systemui/10021/u0 remote:cf4188e}}
05-22 14:26:33.087 I/ActivityManager( 2101): Start proc 3033:com.android.dialer/u0a8 for broadcast com.android.dialer/.calllog.CallLogReceiver
05-22 14:26:33.107 W/art     ( 3033): Unexpected CPU variant for X86 using defaults: x86_64
05-22 14:26:33.133 I/RecoverySystem( 2101): No recovery log file
05-22 14:26:33.196 I/BootReceiver( 2101): Copying audit failures to DropBox
05-22 14:26:33.197 I/BootReceiver( 2101): Checking for fsck errors
05-22 14:26:33.308 W/System  ( 3033): ClassLoader referenced unknown path: /system/priv-app/Dialer/lib/x86_64
05-22 14:26:34.139 D/ExtensionsFactory( 3033): No custom extensions.
05-22 14:26:34.163 D/BlockedNumbersAuto( 3033): Not attempting auto-migrate: already checked once.
05-22 14:26:34.279 D/CarrierConfigLoader( 2540): mHandler: 13 phoneId: 0
05-22 14:26:34.281 D/CarrierConfigLoader( 2540): mHandler: 7 phoneId: 0
05-22 14:26:34.284 E/CarrierConfigLoader( 2540): Cannot restore config with null packageName or iccid.
05-22 14:26:34.284 D/CarrierConfigLoader( 2540): Binding to com.android.carrierconfig for phone 0
05-22 14:26:34.319 W/art     ( 3052): Unexpected CPU variant for X86 using defaults: x86_64
05-22 14:26:34.336 W/CountryDetector( 3033): No location permissions, not registering for location updates.
05-22 14:26:34.345 W/ActivityManager( 2101): Slow operation: 53ms so far, now at startProcess: returned from zygote!
05-22 14:26:34.345 W/ActivityManager( 2101): Slow operation: 54ms so far, now at startProcess: done updating battery stats
05-22 14:26:34.346 W/ActivityManager( 2101): Slow operation: 54ms so far, now at startProcess: building log message
05-22 14:26:34.346 I/ActivityManager( 2101): Start proc 3052:com.android.calendar/u0a26 for broadcast com.android.calendar/.alerts.AlertReceiver
05-22 14:26:34.346 W/ActivityManager( 2101): Slow operation: 54ms so far, now at startProcess: starting to update pids map
05-22 14:26:34.346 W/ActivityManager( 2101): Slow operation: 55ms so far, now at startProcess: done updating pids map
05-22 14:26:34.346 W/ActivityManager( 2101): Slow operation: 55ms so far, now at startProcess: done starting proc!
05-22 14:26:34.442 W/ActivityManager( 2101): Slow operation: 94ms so far, now at startProcess: returned from zygote!
05-22 14:26:34.443 W/ActivityManager( 2101): Slow operation: 94ms so far, now at startProcess: done updating battery stats
05-22 14:26:34.443 W/ActivityManager( 2101): Slow operation: 94ms so far, now at startProcess: building log message
05-22 14:26:34.443 I/ActivityManager( 2101): Start proc 3064:com.android.carrierconfig/u0a3 for service com.android.carrierconfig/.DefaultCarrierConfigService
05-22 14:26:34.443 W/ActivityManager( 2101): Slow operation: 95ms so far, now at startProcess: starting to update pids map
05-22 14:26:34.443 W/ActivityManager( 2101): Slow operation: 95ms so far, now at startProcess: done updating pids map
05-22 14:26:34.443 W/ActivityManager( 2101): Slow operation: 96ms so far, now at startProcess: done starting proc!
05-22 14:26:34.459 W/art     ( 3064): Unexpected CPU variant for X86 using defaults: x86_64
05-22 14:26:34.654 W/System  ( 3064): ClassLoader referenced unknown path: /system/priv-app/CarrierConfig/lib/x86_64
05-22 14:26:34.722 W/System  ( 3052): ClassLoader referenced unknown path: /system/app/Calendar/lib/x86_64
05-22 14:26:34.787 D/DefaultCarrierConfigService( 3064): Service created
05-22 14:26:34.796 D/CarrierConfigLoader( 2540): Connected to config app: com.android.carrierconfig/com.android.carrierconfig.DefaultCarrierConfigService
05-22 14:26:34.796 D/CarrierConfigLoader( 2540): mHandler: 3 phoneId: 0
05-22 14:26:34.905 D/DefaultCarrierConfigService( 3064): Config being fetched
05-22 14:26:34.909 D/DefaultCarrierConfigService( 3064): java.io.FileNotFoundException: carrier_config_.xml
05-22 14:26:35.005 E/CarrierConfigLoader( 2540): Cannot save config with null packageName or iccid.
05-22 14:26:35.016 D/CarrierConfigLoader( 2540): mHandler: 5 phoneId: 0
05-22 14:26:35.018 E/PhoneInterfaceManager( 2540): [PhoneIntfMgr] getCarrierPackageNamesForIntent: No UICC
05-22 14:26:35.092 I/Telecom ( 2101): PhoneAccountRegistrar: SimCallManager queried, returning: null: TSI.gSCMFU@AAk
05-22 14:26:35.131 D/ExtensionsFactory( 3052): No custom extensions.
05-22 14:26:35.161 D/AlertReceiver( 3052): onReceive: a=android.intent.action.BOOT_COMPLETED Intent { act=android.intent.action.BOOT_COMPLETED flg=0x9000010 cmp=com.android.calendar/.alerts.AlertReceiver (has extras) }
05-22 14:26:35.194 I/AlarmClock( 2753): AlarmInitReceiver android.intent.action.BOOT_COMPLETED
05-22 14:26:35.268 D/AlertUtils( 3052): Flushing old alerts from shared prefs table
05-22 14:26:35.283 D/AlertService( 3052): 0 Action = android.intent.action.BOOT_COMPLETED
05-22 14:26:35.302 D/AlertService( 3052): Scheduling next alarm with AlarmScheduler. sEventReminderReceived: null
05-22 14:26:35.395 I/ActivityManager( 2101): Start proc 3089:com.android.providers.calendar/u0a2 for content provider com.android.providers.calendar/.CalendarProvider2
05-22 14:26:35.396 W/ActivityManager( 2101): Slow operation: 66ms so far, now at getContentProviderImpl: after start process
05-22 14:26:35.396 W/ActivityManager( 2101): Slow operation: 66ms so far, now at getContentProviderImpl: updating data structures
05-22 14:26:35.396 W/ActivityManager( 2101): Slow operation: 67ms so far, now at getContentProviderImpl: done!
05-22 14:26:35.406 W/art     ( 3089): Unexpected CPU variant for X86 using defaults: x86_64
05-22 14:26:35.477 V/AlarmClock( 2753): AlarmInitReceiver finished
05-22 14:26:35.498 W/art     ( 3103): Unexpected CPU variant for X86 using defaults: x86_64
05-22 14:26:35.506 I/ActivityManager( 2101): Start proc 3103:com.android.email/u0a34 for broadcast com.android.email/.service.EmailBroadcastReceiver
05-22 14:26:35.598 W/System  ( 3089): ClassLoader referenced unknown path: /system/priv-app/CalendarProvider/lib/x86_64
05-22 14:26:35.682 W/System  ( 3103): ClassLoader referenced unknown path: /system/app/Email/lib/x86_64
05-22 14:26:36.000 I/CalendarProvider2( 3089): Created com.android.providers.calendar.CalendarAlarmManager@f96d9bc(com.android.providers.calendar.CalendarProvider2@cfa2d45)
05-22 14:26:36.147 D/AlarmScheduler( 3052): No events found starting within 1 week.
05-22 14:26:36.945 W/ActivityManager( 2101): Unable to start service Intent { act=com.android.email.EXCHANGE_INTENT pkg=com.android.exchange } U=0: not found
05-22 14:26:37.126 I/CalendarProvider2( 3089): Sending notification intent: Intent { act=android.intent.action.PROVIDER_CHANGED dat=content://com.android.calendar flg=0x20000000 }
05-22 14:26:37.129 W/ContentResolver( 3089): Failed to get type for: content://com.android.calendar (Unknown URL content://com.android.calendar)
05-22 14:26:37.201 W/ActivityManager( 2101): Unable to start service Intent { cmp=com.android.email/.service.AttachmentService } U=0: not found
05-22 14:26:37.214 W/ActivityManager( 2101): Unable to start service Intent { act=com.android.email.EXCHANGE_INTENT pkg=com.android.exchange } U=0: not found
05-22 14:26:37.236 I/Email   ( 3103): Observing account changes for notifications
05-22 14:26:37.322 I/SystemBroadcastReceiver( 2322): Boot has been completed
05-22 14:26:37.322 I/SystemBroadcastReceiver( 2322): toggleAppIcon() : FLAG_SYSTEM = true
05-22 14:26:37.386 W/ActivityManager( 2101): Unable to start service Intent { act=com.android.email.EXCHANGE_INTENT pkg=com.android.exchange } U=0: not found
05-22 14:26:37.421 I/ActivityManager( 2101): Start proc 3127:com.android.managedprovisioning/u0a14 for broadcast com.android.managedprovisioning/.BootReminder
05-22 14:26:37.427 W/art     ( 3127): Unexpected CPU variant for X86 using defaults: x86_64
05-22 14:26:37.444 W/ActivityManager( 2101): Unable to start service Intent { act=com.android.email.EXCHANGE_INTENT pkg=com.android.exchange } U=0: not found
05-22 14:26:37.499 E/ActivityThread( 3103): Service com.android.email.service.EmailBroadcastProcessorService has leaked ServiceConnection com.android.emailcommon.service.ServiceProxy$ProxyConnection@9d9f1b5 that was originally bound here
05-22 14:26:37.499 E/ActivityThread( 3103): android.app.ServiceConnectionLeaked: Service com.android.email.service.EmailBroadcastProcessorService has leaked ServiceConnection com.android.emailcommon.service.ServiceProxy$ProxyConnection@9d9f1b5 that was originally bound here
05-22 14:26:37.499 E/ActivityThread( 3103): 	at android.app.LoadedApk$ServiceDispatcher.<init>(LoadedApk.java:1336)
05-22 14:26:37.499 E/ActivityThread( 3103): 	at android.app.LoadedApk.getServiceDispatcher(LoadedApk.java:1231)
05-22 14:26:37.499 E/ActivityThread( 3103): 	at android.app.ContextImpl.bindServiceCommon(ContextImpl.java:1450)
05-22 14:26:37.499 E/ActivityThread( 3103): 	at android.app.ContextImpl.bindService(ContextImpl.java:1422)
05-22 14:26:37.499 E/ActivityThread( 3103): 	at android.content.ContextWrapper.bindService(ContextWrapper.java:636)
05-22 14:26:37.499 E/ActivityThread( 3103): 	at com.android.emailcommon.service.ServiceProxy.setTask(ServiceProxy.java:181)
05-22 14:26:37.499 E/ActivityThread( 3103): 	at com.android.emailcommon.service.ServiceProxy.test(ServiceProxy.java:224)
05-22 14:26:37.499 E/ActivityThread( 3103): 	at com.android.email.service.EmailServiceUtils.isServiceAvailable(EmailServiceUtils.java:160)
05-22 14:26:37.499 E/ActivityThread( 3103): 	at com.android.email.provider.AccountReconciler.reconcileAccountsInternal(AccountReconciler.java:171)
05-22 14:26:37.499 E/ActivityThread( 3103): 	at com.android.email.provider.AccountReconciler.reconcileAccounts(AccountReconciler.java:115)
05-22 14:26:37.499 E/ActivityThread( 3103): 	at com.android.email.service.EmailBroadcastProcessorService.reconcileAndStartServices(EmailBroadcastProcessorService.java:305)
05-22 14:26:37.499 E/ActivityThread( 3103): 	at com.android.email.service.EmailBroadcastProcessorService.onBootCompleted(EmailBroadcastProcessorService.java:295)
05-22 14:26:37.499 E/ActivityThread( 3103): 	at com.android.email.service.EmailBroadcastProcessorService.onHandleIntent(EmailBroadcastProcessorService.java:130)
05-22 14:26:37.499 E/ActivityThread( 3103): 	at android.app.IntentService$ServiceHandler.handleMessage(IntentService.java:68)
05-22 14:26:37.499 E/ActivityThread( 3103): 	at android.os.Handler.dispatchMessage(Handler.java:102)
05-22 14:26:37.499 E/ActivityThread( 3103): 	at android.os.Looper.loop(Looper.java:154)
05-22 14:26:37.499 E/ActivityThread( 3103): 	at android.os.HandlerThread.run(HandlerThread.java:61)
05-22 14:26:37.503 W/ActivityManager( 2101): Unbind failed: could not find connection for android.os.BinderProxy@af87623
05-22 14:26:37.529 W/System  ( 3127): ClassLoader referenced unknown path: /system/priv-app/ManagedProvisioning/lib/x86_64
05-22 14:26:37.618 W/art     ( 3141): Unexpected CPU variant for X86 using defaults: x86_64
05-22 14:26:37.634 I/ActivityManager( 2101): Start proc 3141:com.android.messaging/u0a54 for broadcast com.android.messaging/.receiver.BootAndPackageReplacedReceiver
05-22 14:26:37.713 W/System  ( 3141): ClassLoader referenced unknown path: /system/app/messaging/lib/x86_64
05-22 14:26:39.168 I/MessagingApp( 3141): Carrier config changed. Reloading MMS config.
05-22 14:26:39.179 V/VvmBootCompletedRcvr( 2540): processing subId list
05-22 14:26:39.216 E/VvmBootCompletedRcvr( 2540): phone account ComponentInfo{com.android.phone/com.android.services.telephony.TelephonyConnectionService}, [e2f7d48dd2b5ca523e7313cf4ba0f6ea830b6281], UserHandle{0} has invalid subId -1
05-22 14:26:39.332 I/MessagingAppDataModel( 3141): Fixup: Send failed - 0 Download failed - 0
05-22 14:26:39.678 I/ActivityManager( 2101): Start proc 3162:com.android.gallery3d/u0a39 for broadcast com.android.gallery3d/.app.PackagesMonitor
05-22 14:26:39.686 W/art     ( 3162): Unexpected CPU variant for X86 using defaults: x86_64
05-22 14:26:39.787 I/MessagingAppDataModel( 3141): SyncMessagesAction: Starting batch for messages from 1616676894217 to 1621693598982 (message update limit = 80, message scan limit = 4000)
05-22 14:26:40.527 I/MessagingAppDataModel( 3141): SyncMessagesAction: All messages now in sync
05-22 14:26:41.081 W/ActivityManager( 2101): Slow operation: 118ms so far, now at startProcess: returned from zygote!
05-22 14:26:41.081 W/ActivityManager( 2101): Slow operation: 118ms so far, now at startProcess: done updating battery stats
05-22 14:26:41.081 W/ActivityManager( 2101): Slow operation: 119ms so far, now at startProcess: building log message
05-22 14:26:41.082 I/ActivityManager( 2101): Start proc 3180:com.svox.pico/u0a49 for broadcast com.svox.pico/.VoiceDataInstallerReceiver
05-22 14:26:41.082 W/ActivityManager( 2101): Slow operation: 119ms so far, now at startProcess: starting to update pids map
05-22 14:26:41.082 W/ActivityManager( 2101): Slow operation: 119ms so far, now at startProcess: done updating pids map
05-22 14:26:41.082 W/ActivityManager( 2101): Slow operation: 120ms so far, now at startProcess: done starting proc!
05-22 14:26:41.132 W/art     ( 3180): Unexpected CPU variant for X86 using defaults: x86_64
05-22 14:26:41.454 I/VvmSimChangeReceiver( 2540): Received SIM change for invalid subscription id.
05-22 14:26:41.923 W/MediaScanner( 2899): Error opening directory '/oem/media/', skipping: No such file or directory.
05-22 14:26:41.954 D/AlertReceiver( 3052): onReceive: a=android.intent.action.PROVIDER_CHANGED Intent { act=android.intent.action.PROVIDER_CHANGED dat=content://com.android.calendar flg=0x20000010 cmp=com.android.calendar/.alerts.AlertReceiver }
05-22 14:26:41.985 D/AlertService( 3052): 0 Action = android.intent.action.PROVIDER_CHANGED
05-22 14:26:42.319 V/MediaScanner( 2899): pruneDeadThumbnailFiles... android.content.ContentProviderClient$CursorWrapperInner@97371c6
05-22 14:26:42.322 V/MediaScanner( 2899): /pruneDeadThumbnailFiles... android.content.ContentProviderClient$CursorWrapperInner@97371c6
05-22 14:26:47.031 I/GlobalDismissManager( 3052): no sender configured
05-22 14:26:47.033 D/AlertService( 3052): Beginning updateAlertNotification
05-22 14:26:47.128 D/AlertService( 3052): No fired or scheduled alerts
05-22 14:26:47.164 D/AlertService( 3052): Scheduling next alarm with AlarmScheduler. sEventReminderReceived: null
05-22 14:26:47.197 D/AlarmScheduler( 3052): No events found starting within 1 week.
05-22 14:26:50.304 I/ActivityManager( 2101): Waited long enough for: ServiceRecord{1e1eefa u0 com.android.calendar/.alerts.InitAlarmsService}
05-22 14:27:05.386 D/InitAlarmsService( 3052): Clearing and rescheduling alarms.
05-22 14:28:00.049 I/ActivityManager( 2101): Killing 2868:com.android.keychain/1000 (adj 906): empty #17
05-22 14:28:00.159 D/ActivityManager( 2101): cleanUpApplicationRecord -- 2868
05-22 14:28:49.509 D/AndroidRuntime( 3202): >>>>>> START com.android.internal.os.RuntimeInit uid 2000 <<<<<<
05-22 14:28:49.582 D/AndroidRuntime( 3202): CheckJNI is ON
05-22 14:28:50.014 W/art     ( 3202): Unexpected CPU variant for X86 using defaults: x86_64
05-22 14:28:50.099 D/ICU     ( 3202): No timezone override file found: /data/misc/zoneinfo/current/icu/icu_tzdata.dat
05-22 14:28:50.365 E/memtrack( 3202): Couldn't load memtrack module (No such file or directory)
05-22 14:28:50.366 E/android.os.Debug( 3202): failed to load memtrack module: -2
05-22 14:28:50.377 I/Radio-JNI( 3202): register_android_hardware_Radio DONE
05-22 14:28:50.565 D/AndroidRuntime( 3202): Calling main entry com.android.commands.am.Am
05-22 14:28:50.822 W/ActivityManager( 2101): Slow operation: 130ms so far, now at startProcess: returned from zygote!
05-22 14:28:50.823 W/ActivityManager( 2101): Slow operation: 139ms so far, now at startProcess: done updating battery stats
05-22 14:28:50.825 W/ActivityManager( 2101): Slow operation: 141ms so far, now at startProcess: building log message
05-22 14:28:50.826 I/ActivityManager( 2101): Start proc 3212:gov.nasa.arc.astrobee.android.gs.manager/u0a63 for service gov.nasa.arc.astrobee.android.gs.manager/.ManagerService
05-22 14:28:50.826 W/ActivityManager( 2101): Slow operation: 142ms so far, now at startProcess: starting to update pids map
05-22 14:28:50.826 W/ActivityManager( 2101): Slow operation: 143ms so far, now at startProcess: done updating pids map
05-22 14:28:50.827 W/ActivityManager( 2101): Slow operation: 148ms so far, now at startProcess: done starting proc!
05-22 14:28:50.849 W/art     ( 2101): Long monitor contention with owner Binder:2101_D (2922) at android.content.ComponentName com.android.server.am.ActivityManagerService.startService(android.app.IApplicationThread, android.content.Intent, java.lang.String, java.lang.String, int)(ActivityManagerService.java:17161) waiters=0 in void com.android.server.am.ActivityManagerService.dispatchUidsChanged() for 146ms
05-22 14:28:50.852 D/AndroidRuntime( 3202): Shutting down VM
05-22 14:28:50.883 I/art     ( 3212): Not late-enabling -Xcheck:jni (already on)
05-22 14:28:50.902 W/art     ( 3212): Unexpected CPU variant for X86 using defaults: x86_64
05-22 14:28:51.486 W/System  ( 3212): ClassLoader referenced unknown path: /data/app/gov.nasa.arc.astrobee.android.gs.manager-1/lib/x86_64
05-22 14:28:52.223 E/Notification( 3212): setLatestEventInfo() is deprecated and you should feel deprecated.
05-22 14:28:52.223 E/Notification( 3212): java.lang.Throwable
05-22 14:28:52.223 E/Notification( 3212): 	at android.app.Notification.setLatestEventInfo(Notification.java:2076)
05-22 14:28:52.223 E/Notification( 3212): 	at org.ros.android.NodeMainExecutorService.onStartCommand(NodeMainExecutorService.java:220)
05-22 14:28:52.223 E/Notification( 3212): 	at android.app.ActivityThread.handleServiceArgs(ActivityThread.java:3326)
05-22 14:28:52.223 E/Notification( 3212): 	at android.app.ActivityThread.-wrap21(ActivityThread.java)
05-22 14:28:52.223 E/Notification( 3212): 	at android.app.ActivityThread$H.handleMessage(ActivityThread.java:1582)
05-22 14:28:52.223 E/Notification( 3212): 	at android.os.Handler.dispatchMessage(Handler.java:102)
05-22 14:28:52.223 E/Notification( 3212): 	at android.os.Looper.loop(Looper.java:154)
05-22 14:28:52.223 E/Notification( 3212): 	at android.app.ActivityThread.main(ActivityThread.java:6119)
05-22 14:28:52.223 E/Notification( 3212): 	at java.lang.reflect.Method.invoke(Native Method)
05-22 14:28:52.223 E/Notification( 3212): 	at com.android.internal.os.ZygoteInit$MethodAndArgsCaller.run(ZygoteInit.java:886)
05-22 14:28:52.223 E/Notification( 3212): 	at com.android.internal.os.ZygoteInit.main(ZygoteInit.java:776)
05-22 14:28:52.831 W/art     ( 2101): Suspending all threads took: 10.855ms
05-22 14:28:52.920 I/art     ( 2101): Background partial concurrent mark sweep GC freed 35630(2MB) AllocSpace objects, 15(524KB) LOS objects, 29% free, 9MB/13MB, paused 15.590ms total 695.320ms
05-22 14:28:54.094 I/Registrar( 3212): MasterXmlRpcEndpoint URI: http://llp:11311
05-22 14:28:54.382 D/NotificationSQLiteLog( 2101): Pruned event entries: 15
05-22 14:28:54.532 I/Registrar( 3212): Registering publisher: Publisher<PublisherDefinition<PublisherIdentifier<NodeIdentifier</guest_science_manager, http://hlp:56689/>, TopicIdentifier</rosout>>, Topic<TopicIdentifier</rosout>, TopicDescription<rosgraph_msgs/Log, acffd30cd6b6de30f120938c17c593fb>>>>
05-22 14:28:55.702 I/Registrar( 3212): Response<Success, Registered [/guest_science_manager] as publisher of [/rosout], [http://10.42.0.34:42804/]>
05-22 14:28:55.792 I/DefaultPublisher( 3212): Publisher registered: Publisher<PublisherDefinition<PublisherIdentifier<NodeIdentifier</guest_science_manager, http://hlp:56689/>, TopicIdentifier</rosout>>, Topic<TopicIdentifier</rosout>, TopicDescription<rosgraph_msgs/Log, acffd30cd6b6de30f120938c17c593fb>>>>
05-22 14:28:56.033 I/Registrar( 3212): Registering subscriber: Subscriber<Topic<TopicIdentifier</clock>, TopicDescription<rosgraph_msgs/Clock, a9c97c1d230cfc112e270351a944ee47>>>
05-22 14:28:56.124 I/Registrar( 3212): Response<Success, Subscribed to [/clock], [http://10.42.0.34:35673/]>
05-22 14:28:56.159 I/DefaultSubscriber( 3212): Subscriber registered: Subscriber<Topic<TopicIdentifier</clock>, TopicDescription<rosgraph_msgs/Clock, a9c97c1d230cfc112e270351a944ee47>>>
05-22 14:28:56.343 I/Registrar( 3212): Registering publisher: Publisher<PublisherDefinition<PublisherIdentifier<NodeIdentifier</guest_science_manager, http://hlp:56689/>, TopicIdentifier</gs/gs_manager/ack>>, Topic<TopicIdentifier</gs/gs_manager/ack>, TopicDescription<ff_msgs/AckStamped, cebddec69fd770df54633be444a9187d>>>>
05-22 14:28:56.477 I/Registrar( 3212): Registering publisher: Publisher<PublisherDefinition<PublisherIdentifier<NodeIdentifier</guest_science_manager, http://hlp:56689/>, TopicIdentifier</gs/gs_manager/config>>, Topic<TopicIdentifier</gs/gs_manager/config>, TopicDescription<ff_msgs/GuestScienceConfig, c6f632ed2411de4159494a3e7754794e>>>>
05-22 14:28:56.618 I/Registrar( 3212): Response<Success, Registered [/guest_science_manager] as publisher of [/gs/gs_manager/ack], [http://10.42.0.34:33671/]>
05-22 14:28:56.662 I/DefaultPublisher( 3212): Publisher registered: Publisher<PublisherDefinition<PublisherIdentifier<NodeIdentifier</guest_science_manager, http://hlp:56689/>, TopicIdentifier</gs/gs_manager/ack>>, Topic<TopicIdentifier</gs/gs_manager/ack>, TopicDescription<ff_msgs/AckStamped, cebddec69fd770df54633be444a9187d>>>>
05-22 14:28:56.692 W/art     ( 3212): Suspending all threads took: 9.046ms
05-22 14:28:56.890 I/Registrar( 3212): Registering publisher: Publisher<PublisherDefinition<PublisherIdentifier<NodeIdentifier</guest_science_manager, http://hlp:56689/>, TopicIdentifier</gs/data>>, Topic<TopicIdentifier</gs/data>, TopicDescription<ff_msgs/GuestScienceData, edd2c791ea93ffa7cb0ec80c5bb00972>>>>
05-22 14:28:56.914 I/Registrar( 3212): Response<Success, Registered [/guest_science_manager] as publisher of [/gs/gs_manager/config], [http://10.42.0.34:33671/, http://10.42.0.34:37201/]>
05-22 14:28:56.962 I/DefaultPublisher( 3212): Publisher registered: Publisher<PublisherDefinition<PublisherIdentifier<NodeIdentifier</guest_science_manager, http://hlp:56689/>, TopicIdentifier</gs/gs_manager/config>>, Topic<TopicIdentifier</gs/gs_manager/config>, TopicDescription<ff_msgs/GuestScienceConfig, c6f632ed2411de4159494a3e7754794e>>>>
05-22 14:28:57.349 I/Registrar( 3212): Registering publisher: Publisher<PublisherDefinition<PublisherIdentifier<NodeIdentifier</guest_science_manager, http://hlp:56689/>, TopicIdentifier</gs/gs_manager/state>>, Topic<TopicIdentifier</gs/gs_manager/state>, TopicDescription<ff_msgs/GuestScienceState, 24e5a1ba8527257cc710720a32de6e51>>>>
05-22 14:28:57.747 I/art     ( 3212): Background sticky concurrent mark sweep GC freed 26343(2MB) AllocSpace objects, 21(424KB) LOS objects, 18% free, 8MB/10MB, paused 21.236ms total 1.294s
05-22 14:28:57.795 I/Registrar( 3212): Response<Success, Registered [/guest_science_manager] as publisher of [/gs/data], [http://10.42.0.34:37618/, http://10.42.0.34:37201/, http://10.42.0.34:36076/]>
05-22 14:28:57.798 I/DefaultPublisher( 3212): Publisher registered: Publisher<PublisherDefinition<PublisherIdentifier<NodeIdentifier</guest_science_manager, http://hlp:56689/>, TopicIdentifier</gs/data>>, Topic<TopicIdentifier</gs/data>, TopicDescription<ff_msgs/GuestScienceData, edd2c791ea93ffa7cb0ec80c5bb00972>>>>
05-22 14:28:58.037 I/Registrar( 3212): Registering subscriber: Subscriber<Topic<TopicIdentifier</mgt/executive/command>, TopicDescription<ff_msgs/CommandStamped, ac01350894b1be9e3a7b4f390a14812d>>>
05-22 14:28:58.230 I/Registrar( 3212): Response<Success, Registered [/guest_science_manager] as publisher of [/gs/gs_manager/state], [http://10.42.0.34:33671/, http://10.42.0.34:37201/]>
05-22 14:28:58.362 I/DefaultPublisher( 3212): Publisher registered: Publisher<PublisherDefinition<PublisherIdentifier<NodeIdentifier</guest_science_manager, http://hlp:56689/>, TopicIdentifier</gs/gs_manager/state>>, Topic<TopicIdentifier</gs/gs_manager/state>, TopicDescription<ff_msgs/GuestScienceState, 24e5a1ba8527257cc710720a32de6e51>>>>
05-22 14:28:58.645 I/Registrar( 3212): Response<Success, Subscribed to [/mgt/executive/command], [http://10.42.0.34:33671/]>
05-22 14:28:58.660 I/DefaultSubscriber( 3212): Subscriber registered: Subscriber<Topic<TopicIdentifier</mgt/executive/command>, TopicDescription<ff_msgs/CommandStamped, ac01350894b1be9e3a7b4f390a14812d>>>
05-22 14:28:58.670 I/art     ( 3288): Not late-enabling -Xcheck:jni (already on)
05-22 14:28:58.703 W/ActivityManager( 2101): Slow operation: 202ms so far, now at startProcess: returned from zygote!
05-22 14:28:58.714 W/art     ( 3288): Unexpected CPU variant for X86 using defaults: x86_64
05-22 14:28:58.719 W/ActivityManager( 2101): Slow operation: 220ms so far, now at startProcess: done updating battery stats
05-22 14:28:58.719 W/ActivityManager( 2101): Slow operation: 221ms so far, now at startProcess: building log message
