05-23 05:41:57.605 E/Hyphenator( 1323): 	at android.text.Hyphenator.init(Hyphenator.java:224)
05-23 05:41:57.605 E/Hyphenator( 1323): 	at com.android.internal.os.ZygoteInit.preloadTextResources(ZygoteInit.java:252)
05-23 05:41:57.605 E/Hyphenator( 1323): 	at com.android.internal.os.ZygoteInit.preload(ZygoteInit.java:206)
05-23 05:41:57.605 E/Hyphenator( 1323): 	at com.android.internal.os.ZygoteInit.main(ZygoteInit.java:743)
05-23 05:41:57.605 E/Hyphenator( 1323): Caused by: android.system.ErrnoException: open failed: ENOENT (No such file or directory)
05-23 05:41:57.605 E/Hyphenator( 1323): 	at libcore.io.Posix.open(Native Method)
05-23 05:41:57.605 E/Hyphenator( 1323): 	at libcore.io.BlockGuardOs.open(BlockGuardOs.java:187)
05-23 05:41:57.605 E/Hyphenator( 1323): 	at libcore.io.IoBridge.open(IoBridge.java:441)
05-23 05:41:57.605 E/Hyphenator( 1323): 	... 6 more
05-23 05:41:57.606 E/Hyphenator( 1323): error loading hyphenation /system/usr/hyphen-data/hyph-hr.hyb
05-23 05:41:57.606 E/Hyphenator( 1323): java.io.FileNotFoundException: /system/usr/hyphen-data/hyph-hr.hyb: open failed: ENOENT (No such file or directory)
05-23 05:41:57.606 E/Hyphenator( 1323): 	at libcore.io.IoBridge.open(IoBridge.java:455)
05-23 05:41:57.606 E/Hyphenator( 1323): 	at java.io.RandomAccessFile.<init>(RandomAccessFile.java:247)
05-23 05:41:57.606 E/Hyphenator( 1323): 	at android.text.Hyphenator.loadHyphenator(Hyphenator.java:118)
05-23 05:41:57.606 E/Hyphenator( 1323): 	at android.text.Hyphenator.init(Hyphenator.java:224)
05-23 05:41:57.606 E/Hyphenator( 1323): 	at com.android.internal.os.ZygoteInit.preloadTextResources(ZygoteInit.java:252)
05-23 05:41:57.606 E/Hyphenator( 1323): 	at com.android.internal.os.ZygoteInit.preload(ZygoteInit.java:206)
05-23 05:41:57.606 E/Hyphenator( 1323): 	at com.android.internal.os.ZygoteInit.main(ZygoteInit.java:743)
05-23 05:41:57.606 E/Hyphenator( 1323): Caused by: android.system.ErrnoException: open failed: ENOENT (No such file or directory)
05-23 05:41:57.606 E/Hyphenator( 1323): 	at libcore.io.Posix.open(Native Method)
05-23 05:41:57.606 E/Hyphenator( 1323): 	at libcore.io.BlockGuardOs.open(BlockGuardOs.java:187)
05-23 05:41:57.606 E/Hyphenator( 1323): 	at libcore.io.IoBridge.open(IoBridge.java:441)
05-23 05:41:57.606 E/Hyphenator( 1323): 	... 6 more
05-23 05:41:57.608 E/Hyphenator( 1323): error loading hyphenation /system/usr/hyphen-data/hyph-hu.hyb
05-23 05:41:57.608 E/Hyphenator( 1323): java.io.FileNotFoundException: /system/usr/hyphen-data/hyph-hu.hyb: open failed: ENOENT (No such file or directory)
05-23 05:41:57.608 E/Hyphenator( 1323): 	at libcore.io.IoBridge.open(IoBridge.java:455)
05-23 05:41:57.608 E/Hyphenator( 1323): 	at java.io.RandomAccessFile.<init>(RandomAccessFile.java:247)
05-23 05:41:57.608 E/Hyphenator( 1323): 	at android.text.Hyphenator.loadHyphenator(Hyphenator.java:118)
05-23 05:41:57.608 E/Hyphenator( 1323): 	at android.text.Hyphenator.init(Hyphenator.java:224)
05-23 05:41:57.608 E/Hyphenator( 1323): 	at com.android.internal.os.ZygoteInit.preloadTextResources(ZygoteInit.java:252)
05-23 05:41:57.608 E/Hyphenator( 1323): 	at com.android.internal.os.ZygoteInit.preload(ZygoteInit.java:206)
05-23 05:41:57.608 E/Hyphenator( 1323): 	at com.android.internal.os.ZygoteInit.main(ZygoteInit.java:743)
05-23 05:41:57.608 E/Hyphenator( 1323): Caused by: android.system.ErrnoException: open failed: ENOENT (No such file or directory)
05-23 05:41:57.608 E/Hyphenator( 1323): 	at libcore.io.Posix.open(Native Method)
05-23 05:41:57.608 E/Hyphenator( 1323): 	at libcore.io.BlockGuardOs.open(BlockGuardOs.java:187)
05-23 05:41:57.608 E/Hyphenator( 1323): 	at libcore.io.IoBridge.open(IoBridge.java:441)
05-23 05:41:57.608 E/Hyphenator( 1323): 	... 6 more
05-23 05:41:57.640 E/Hyphenator( 1323): error loading hyphenation /system/usr/hyphen-data/hyph-hy.hyb
05-23 05:41:57.640 E/Hyphenator( 1323): java.io.FileNotFoundException: /system/usr/hyphen-data/hyph-hy.hyb: open failed: ENOENT (No such file or directory)
05-23 05:41:57.640 E/Hyphenator( 1323): 	at libcore.io.IoBridge.open(IoBridge.java:455)
05-23 05:41:57.640 E/Hyphenator( 1323): 	at java.io.RandomAccessFile.<init>(RandomAccessFile.java:247)
05-23 05:41:57.640 E/Hyphenator( 1323): 	at android.text.Hyphenator.loadHyphenator(Hyphenator.java:118)
05-23 05:41:57.640 E/Hyphenator( 1323): 	at android.text.Hyphenator.init(Hyphenator.java:224)
05-23 05:41:57.640 E/Hyphenator( 1323): 	at com.android.internal.os.ZygoteInit.preloadTextResources(ZygoteInit.java:252)
05-23 05:41:57.640 E/Hyphenator( 1323): 	at com.android.internal.os.ZygoteInit.preload(ZygoteInit.java:206)
05-23 05:41:57.640 E/Hyphenator( 1323): 	at com.android.internal.os.ZygoteInit.main(ZygoteInit.java:743)
05-23 05:41:57.640 E/Hyphenator( 1323): Caused by: android.system.ErrnoException: open failed: ENOENT (No such file or directory)
05-23 05:41:57.640 E/Hyphenator( 1323): 	at libcore.io.Posix.open(Native Method)
05-23 05:41:57.640 E/Hyphenator( 1323): 	at libcore.io.BlockGuardOs.open(BlockGuardOs.java:187)
05-23 05:41:57.640 E/Hyphenator( 1323): 	at libcore.io.IoBridge.open(IoBridge.java:441)
05-23 05:41:57.640 E/Hyphenator( 1323): 	... 6 more
05-23 05:41:57.642 E/Hyphenator( 1323): error loading hyphenation /system/usr/hyphen-data/hyph-kn.hyb
05-23 05:41:57.642 E/Hyphenator( 1323): java.io.FileNotFoundException: /system/usr/hyphen-data/hyph-kn.hyb: open failed: ENOENT (No such file or directory)
05-23 05:41:57.642 E/Hyphenator( 1323): 	at libcore.io.IoBridge.open(IoBridge.java:455)
05-23 05:41:57.642 E/Hyphenator( 1323): 	at java.io.RandomAccessFile.<init>(RandomAccessFile.java:247)
05-23 05:41:57.642 E/Hyphenator( 1323): 	at android.text.Hyphenator.loadHyphenator(Hyphenator.java:118)
05-23 05:41:57.642 E/Hyphenator( 1323): 	at android.text.Hyphenator.init(Hyphenator.java:224)
05-23 05:41:57.642 E/Hyphenator( 1323): 	at com.android.internal.os.ZygoteInit.preloadTextResources(ZygoteInit.java:252)
05-23 05:41:57.642 E/Hyphenator( 1323): 	at com.android.internal.os.ZygoteInit.preload(ZygoteInit.java:206)
05-23 05:41:57.642 E/Hyphenator( 1323): 	at com.android.internal.os.ZygoteInit.main(ZygoteInit.java:743)
05-23 05:41:57.642 E/Hyphenator( 1323): Caused by: android.system.ErrnoException: open failed: ENOENT (No such file or directory)
05-23 05:41:57.642 E/Hyphenator( 1323): 	at libcore.io.Posix.open(Native Method)
05-23 05:41:57.642 E/Hyphenator( 1323): 	at libcore.io.BlockGuardOs.open(BlockGuardOs.java:187)
05-23 05:41:57.642 E/Hyphenator( 1323): 	at libcore.io.IoBridge.open(IoBridge.java:441)
05-23 05:41:57.642 E/Hyphenator( 1323): 	... 6 more
05-23 05:41:57.644 E/Hyphenator( 1323): error loading hyphenation /system/usr/hyphen-data/hyph-ml.hyb
05-23 05:41:57.644 E/Hyphenator( 1323): java.io.FileNotFoundException: /system/usr/hyphen-data/hyph-ml.hyb: open failed: ENOENT (No such file or directory)
05-23 05:41:57.644 E/Hyphenator( 1323): 	at libcore.io.IoBridge.open(IoBridge.java:455)
05-23 05:41:57.644 E/Hyphenator( 1323): 	at java.io.RandomAccessFile.<init>(RandomAccessFile.java:247)
05-23 05:41:57.644 E/Hyphenator( 1323): 	at android.text.Hyphenator.loadHyphenator(Hyphenator.java:118)
05-23 05:41:57.644 E/Hyphenator( 1323): 	at android.text.Hyphenator.init(Hyphenator.java:224)
05-23 05:41:57.644 E/Hyphenator( 1323): 	at com.android.internal.os.ZygoteInit.preloadTextResources(ZygoteInit.java:252)
05-23 05:41:57.644 E/Hyphenator( 1323): 	at com.android.internal.os.ZygoteInit.preload(ZygoteInit.java:206)
05-23 05:41:57.644 E/Hyphenator( 1323): 	at com.android.internal.os.ZygoteInit.main(ZygoteInit.java:743)
05-23 05:41:57.644 E/Hyphenator( 1323): Caused by: android.system.ErrnoException: open failed: ENOENT (No such file or directory)
05-23 05:41:57.644 E/Hyphenator( 1323): 	at libcore.io.Posix.open(Native Method)
05-23 05:41:57.644 E/Hyphenator( 1323): 	at libcore.io.BlockGuardOs.open(BlockGuardOs.java:187)
05-23 05:41:57.644 E/Hyphenator( 1323): 	at libcore.io.IoBridge.open(IoBridge.java:441)
05-23 05:41:57.644 E/Hyphenator( 1323): 	... 6 more
05-23 05:41:57.646 E/Hyphenator( 1323): error loading hyphenation /system/usr/hyphen-data/hyph-mn-cyrl.hyb
05-23 05:41:57.646 E/Hyphenator( 1323): java.io.FileNotFoundException: /system/usr/hyphen-data/hyph-mn-cyrl.hyb: open failed: ENOENT (No such file or directory)
05-23 05:41:57.646 E/Hyphenator( 1323): 	at libcore.io.IoBridge.open(IoBridge.java:455)
05-23 05:41:57.646 E/Hyphenator( 1323): 	at java.io.RandomAccessFile.<init>(RandomAccessFile.java:247)
05-23 05:41:57.646 E/Hyphenator( 1323): 	at android.text.Hyphenator.loadHyphenator(Hyphenator.java:118)
05-23 05:41:57.646 E/Hyphenator( 1323): 	at android.text.Hyphenator.init(Hyphenator.java:224)
05-23 05:41:57.646 E/Hyphenator( 1323): 	at com.android.internal.os.ZygoteInit.preloadTextResources(ZygoteInit.java:252)
05-23 05:41:57.646 E/Hyphenator( 1323): 	at com.android.internal.os.ZygoteInit.preload(ZygoteInit.java:206)
05-23 05:41:57.646 E/Hyphenator( 1323): 	at com.android.internal.os.ZygoteInit.main(ZygoteInit.java:743)
05-23 05:41:57.646 E/Hyphenator( 1323): Caused by: android.system.ErrnoException: open failed: ENOENT (No such file or directory)
05-23 05:41:57.646 E/Hyphenator( 1323): 	at libcore.io.Posix.open(Native Method)
05-23 05:41:57.646 E/Hyphenator( 1323): 	at libcore.io.BlockGuardOs.open(BlockGuardOs.java:187)
05-23 05:41:57.646 E/Hyphenator( 1323): 	at libcore.io.IoBridge.open(IoBridge.java:441)
05-23 05:41:57.646 E/Hyphenator( 1323): 	... 6 more
05-23 05:41:57.647 E/Hyphenator( 1323): error loading hyphenation /system/usr/hyphen-data/hyph-mr.hyb
05-23 05:41:57.647 E/Hyphenator( 1323): java.io.FileNotFoundException: /system/usr/hyphen-data/hyph-mr.hyb: open failed: ENOENT (No such file or directory)
05-23 05:41:57.647 E/Hyphenator( 1323): 	at libcore.io.IoBridge.open(IoBridge.java:455)
05-23 05:41:57.647 E/Hyphenator( 1323): 	at java.io.RandomAccessFile.<init>(RandomAccessFile.java:247)
05-23 05:41:57.647 E/Hyphenator( 1323): 	at android.text.Hyphenator.loadHyphenator(Hyphenator.java:118)
05-23 05:41:57.647 E/Hyphenator( 1323): 	at android.text.Hyphenator.init(Hyphenator.java:224)
05-23 05:41:57.647 E/Hyphenator( 1323): 	at com.android.internal.os.ZygoteInit.preloadTextResources(ZygoteInit.java:252)
05-23 05:41:57.647 E/Hyphenator( 1323): 	at com.android.internal.os.ZygoteInit.preload(ZygoteInit.java:206)
05-23 05:41:57.647 E/Hyphenator( 1323): 	at com.android.internal.os.ZygoteInit.main(ZygoteInit.java:743)
05-23 05:41:57.647 E/Hyphenator( 1323): Caused by: android.system.ErrnoException: open failed: ENOENT (No such file or directory)
05-23 05:41:57.647 E/Hyphenator( 1323): 	at libcore.io.Posix.open(Native Method)
05-23 05:41:57.647 E/Hyphenator( 1323): 	at libcore.io.BlockGuardOs.open(BlockGuardOs.java:187)
05-23 05:41:57.647 E/Hyphenator( 1323): 	at libcore.io.IoBridge.open(IoBridge.java:441)
05-23 05:41:57.647 E/Hyphenator( 1323): 	... 6 more
05-23 05:41:57.649 E/Hyphenator( 1323): error loading hyphenation /system/usr/hyphen-data/hyph-nb.hyb
05-23 05:41:57.649 E/Hyphenator( 1323): java.io.FileNotFoundException: /system/usr/hyphen-data/hyph-nb.hyb: open failed: ENOENT (No such file or directory)
05-23 05:41:57.649 E/Hyphenator( 1323): 	at libcore.io.IoBridge.open(IoBridge.java:455)
05-23 05:41:57.649 E/Hyphenator( 1323): 	at java.io.RandomAccessFile.<init>(RandomAccessFile.java:247)
05-23 05:41:57.649 E/Hyphenator( 1323): 	at android.text.Hyphenator.loadHyphenator(Hyphenator.java:118)
05-23 05:41:57.649 E/Hyphenator( 1323): 	at android.text.Hyphenator.init(Hyphenator.java:224)
05-23 05:41:57.649 E/Hyphenator( 1323): 	at com.android.internal.os.ZygoteInit.preloadTextResources(ZygoteInit.java:252)
05-23 05:41:57.649 E/Hyphenator( 1323): 	at com.android.internal.os.ZygoteInit.preload(ZygoteInit.java:206)
05-23 05:41:57.649 E/Hyphenator( 1323): 	at com.android.internal.os.ZygoteInit.main(ZygoteInit.java:743)
05-23 05:41:57.649 E/Hyphenator( 1323): Caused by: android.system.ErrnoException: open failed: ENOENT (No such file or directory)
05-23 05:41:57.649 E/Hyphenator( 1323): 	at libcore.io.Posix.open(Native Method)
05-23 05:41:57.649 E/Hyphenator( 1323): 	at libcore.io.BlockGuardOs.open(BlockGuardOs.java:187)
05-23 05:41:57.649 E/Hyphenator( 1323): 	at libcore.io.IoBridge.open(IoBridge.java:441)
05-23 05:41:57.649 E/Hyphenator( 1323): 	... 6 more
05-23 05:41:57.802 I/Zygote  ( 1322): System server process 2061 has been created
05-23 05:41:57.808 I/Zygote  ( 1322): Accepting command socket connections
05-23 05:41:57.833 E/Hyphenator( 1323): error loading hyphenation /system/usr/hyphen-data/hyph-nn.hyb
05-23 05:41:57.833 E/Hyphenator( 1323): java.io.FileNotFoundException: /system/usr/hyphen-data/hyph-nn.hyb: open failed: ENOENT (No such file or directory)
05-23 05:41:57.833 E/Hyphenator( 1323): 	at libcore.io.IoBridge.open(IoBridge.java:455)
05-23 05:41:57.833 E/Hyphenator( 1323): 	at java.io.RandomAccessFile.<init>(RandomAccessFile.java:247)
05-23 05:41:57.833 E/Hyphenator( 1323): 	at android.text.Hyphenator.loadHyphenator(Hyphenator.java:118)
05-23 05:41:57.833 E/Hyphenator( 1323): 	at android.text.Hyphenator.init(Hyphenator.java:224)
05-23 05:41:57.833 E/Hyphenator( 1323): 	at com.android.internal.os.ZygoteInit.preloadTextResources(ZygoteInit.java:252)
05-23 05:41:57.833 E/Hyphenator( 1323): 	at com.android.internal.os.ZygoteInit.preload(ZygoteInit.java:206)
05-23 05:41:57.833 E/Hyphenator( 1323): 	at com.android.internal.os.ZygoteInit.main(ZygoteInit.java:743)
05-23 05:41:57.833 E/Hyphenator( 1323): Caused by: android.system.ErrnoException: open failed: ENOENT (No such file or directory)
05-23 05:41:57.833 E/Hyphenator( 1323): 	at libcore.io.Posix.open(Native Method)
05-23 05:41:57.833 E/Hyphenator( 1323): 	at libcore.io.BlockGuardOs.open(BlockGuardOs.java:187)
05-23 05:41:57.833 E/Hyphenator( 1323): 	at libcore.io.IoBridge.open(IoBridge.java:441)
05-23 05:41:57.833 E/Hyphenator( 1323): 	... 6 more
05-23 05:41:57.835 E/Hyphenator( 1323): error loading hyphenation /system/usr/hyphen-data/hyph-or.hyb
05-23 05:41:57.835 E/Hyphenator( 1323): java.io.FileNotFoundException: /system/usr/hyphen-data/hyph-or.hyb: open failed: ENOENT (No such file or directory)
05-23 05:41:57.835 E/Hyphenator( 1323): 	at libcore.io.IoBridge.open(IoBridge.java:455)
05-23 05:41:57.835 E/Hyphenator( 1323): 	at java.io.RandomAccessFile.<init>(RandomAccessFile.java:247)
05-23 05:41:57.835 E/Hyphenator( 1323): 	at android.text.Hyphenator.loadHyphenator(Hyphenator.java:118)
05-23 05:41:57.835 E/Hyphenator( 1323): 	at android.text.Hyphenator.init(Hyphenator.java:224)
05-23 05:41:57.835 E/Hyphenator( 1323): 	at com.android.internal.os.ZygoteInit.preloadTextResources(ZygoteInit.java:252)
05-23 05:41:57.835 E/Hyphenator( 1323): 	at com.android.internal.os.ZygoteInit.preload(ZygoteInit.java:206)
05-23 05:41:57.835 E/Hyphenator( 1323): 	at com.android.internal.os.ZygoteInit.main(ZygoteInit.java:743)
05-23 05:41:57.835 E/Hyphenator( 1323): Caused by: android.system.ErrnoException: open failed: ENOENT (No such file or directory)
05-23 05:41:57.835 E/Hyphenator( 1323): 	at libcore.io.Posix.open(Native Method)
05-23 05:41:57.835 E/Hyphenator( 1323): 	at libcore.io.BlockGuardOs.open(BlockGuardOs.java:187)
05-23 05:41:57.835 E/Hyphenator( 1323): 	at libcore.io.IoBridge.open(IoBridge.java:441)
05-23 05:41:57.835 E/Hyphenator( 1323): 	... 6 more
05-23 05:41:57.859 E/Hyphenator( 1323): error loading hyphenation /system/usr/hyphen-data/hyph-pa.hyb
05-23 05:41:57.859 E/Hyphenator( 1323): java.io.FileNotFoundException: /system/usr/hyphen-data/hyph-pa.hyb: open failed: ENOENT (No such file or directory)
05-23 05:41:57.859 E/Hyphenator( 1323): 	at libcore.io.IoBridge.open(IoBridge.java:455)
05-23 05:41:57.859 E/Hyphenator( 1323): 	at java.io.RandomAccessFile.<init>(RandomAccessFile.java:247)
05-23 05:41:57.859 E/Hyphenator( 1323): 	at android.text.Hyphenator.loadHyphenator(Hyphenator.java:118)
05-23 05:41:57.859 E/Hyphenator( 1323): 	at android.text.Hyphenator.init(Hyphenator.java:224)
05-23 05:41:57.859 E/Hyphenator( 1323): 	at com.android.internal.os.ZygoteInit.preloadTextResources(ZygoteInit.java:252)
05-23 05:41:57.859 E/Hyphenator( 1323): 	at com.android.internal.os.ZygoteInit.preload(ZygoteInit.java:206)
05-23 05:41:57.859 E/Hyphenator( 1323): 	at com.android.internal.os.ZygoteInit.main(ZygoteInit.java:743)
05-23 05:41:57.859 E/Hyphenator( 1323): Caused by: android.system.ErrnoException: open failed: ENOENT (No such file or directory)
05-23 05:41:57.859 E/Hyphenator( 1323): 	at libcore.io.Posix.open(Native Method)
05-23 05:41:57.859 E/Hyphenator( 1323): 	at libcore.io.BlockGuardOs.open(BlockGuardOs.java:187)
05-23 05:41:57.859 E/Hyphenator( 1323): 	at libcore.io.IoBridge.open(IoBridge.java:441)
05-23 05:41:57.859 E/Hyphenator( 1323): 	... 6 more
05-23 05:41:57.914 I/art     ( 1323): Background sticky concurrent mark sweep GC freed 8153(670KB) AllocSpace objects, 3(120KB) LOS objects, 9% free, 6MB/6MB, paused 2.464ms total 404.047ms
05-23 05:41:57.917 E/Hyphenator( 1323): error loading hyphenation /system/usr/hyphen-data/hyph-pt.hyb
05-23 05:41:57.917 E/Hyphenator( 1323): java.io.FileNotFoundException: /system/usr/hyphen-data/hyph-pt.hyb: open failed: ENOENT (No such file or directory)
05-23 05:41:57.917 E/Hyphenator( 1323): 	at libcore.io.IoBridge.open(IoBridge.java:455)
05-23 05:41:57.917 E/Hyphenator( 1323): 	at java.io.RandomAccessFile.<init>(RandomAccessFile.java:247)
05-23 05:41:57.917 E/Hyphenator( 1323): 	at android.text.Hyphenator.loadHyphenator(Hyphenator.java:118)
05-23 05:41:57.917 E/Hyphenator( 1323): 	at android.text.Hyphenator.init(Hyphenator.java:224)
05-23 05:41:57.917 E/Hyphenator( 1323): 	at com.android.internal.os.ZygoteInit.preloadTextResources(ZygoteInit.java:252)
05-23 05:41:57.917 E/Hyphenator( 1323): 	at com.android.internal.os.ZygoteInit.preload(ZygoteInit.java:206)
05-23 05:41:57.917 E/Hyphenator( 1323): 	at com.android.internal.os.ZygoteInit.main(ZygoteInit.java:743)
05-23 05:41:57.917 E/Hyphenator( 1323): Caused by: android.system.ErrnoException: open failed: ENOENT (No such file or directory)
05-23 05:41:57.917 E/Hyphenator( 1323): 	at libcore.io.Posix.open(Native Method)
05-23 05:41:57.917 E/Hyphenator( 1323): 	at libcore.io.BlockGuardOs.open(BlockGuardOs.java:187)
05-23 05:41:57.917 E/Hyphenator( 1323): 	at libcore.io.IoBridge.open(IoBridge.java:441)
05-23 05:41:57.917 E/Hyphenator( 1323): 	... 6 more
05-23 05:41:57.919 E/Hyphenator( 1323): error loading hyphenation /system/usr/hyphen-data/hyph-sl.hyb
05-23 05:41:57.919 E/Hyphenator( 1323): java.io.FileNotFoundException: /system/usr/hyphen-data/hyph-sl.hyb: open failed: ENOENT (No such file or directory)
05-23 05:41:57.919 E/Hyphenator( 1323): 	at libcore.io.IoBridge.open(IoBridge.java:455)
05-23 05:41:57.919 E/Hyphenator( 1323): 	at java.io.RandomAccessFile.<init>(RandomAccessFile.java:247)
05-23 05:41:57.919 E/Hyphenator( 1323): 	at android.text.Hyphenator.loadHyphenator(Hyphenator.java:118)
05-23 05:41:57.919 E/Hyphenator( 1323): 	at android.text.Hyphenator.init(Hyphenator.java:224)
05-23 05:41:57.919 E/Hyphenator( 1323): 	at com.android.internal.os.ZygoteInit.preloadTextResources(ZygoteInit.java:252)
05-23 05:41:57.919 E/Hyphenator( 1323): 	at com.android.internal.os.ZygoteInit.preload(ZygoteInit.java:206)
05-23 05:41:57.919 E/Hyphenator( 1323): 	at com.android.internal.os.ZygoteInit.main(ZygoteInit.java:743)
05-23 05:41:57.919 E/Hyphenator( 1323): Caused by: android.system.ErrnoException: open failed: ENOENT (No such file or directory)
05-23 05:41:57.919 E/Hyphenator( 1323): 	at libcore.io.Posix.open(Native Method)
05-23 05:41:57.919 E/Hyphenator( 1323): 	at libcore.io.BlockGuardOs.open(BlockGuardOs.java:187)
05-23 05:41:57.919 E/Hyphenator( 1323): 	at libcore.io.IoBridge.open(IoBridge.java:441)
05-23 05:41:57.919 E/Hyphenator( 1323): 	... 6 more
05-23 05:41:57.961 E/Hyphenator( 1323): error loading hyphenation /system/usr/hyphen-data/hyph-ta.hyb
05-23 05:41:57.961 E/Hyphenator( 1323): java.io.FileNotFoundException: /system/usr/hyphen-data/hyph-ta.hyb: open failed: ENOENT (No such file or directory)
05-23 05:41:57.961 E/Hyphenator( 1323): 	at libcore.io.IoBridge.open(IoBridge.java:455)
05-23 05:41:57.961 E/Hyphenator( 1323): 	at java.io.RandomAccessFile.<init>(RandomAccessFile.java:247)
05-23 05:41:57.961 E/Hyphenator( 1323): 	at android.text.Hyphenator.loadHyphenator(Hyphenator.java:118)
05-23 05:41:57.961 E/Hyphenator( 1323): 	at android.text.Hyphenator.init(Hyphenator.java:224)
05-23 05:41:57.961 E/Hyphenator( 1323): 	at com.android.internal.os.ZygoteInit.preloadTextResources(ZygoteInit.java:252)
05-23 05:41:57.961 E/Hyphenator( 1323): 	at com.android.internal.os.ZygoteInit.preload(ZygoteInit.java:206)
05-23 05:41:57.961 E/Hyphenator( 1323): 	at com.android.internal.os.ZygoteInit.main(ZygoteInit.java:743)
05-23 05:41:57.961 E/Hyphenator( 1323): Caused by: android.system.ErrnoException: open failed: ENOENT (No such file or directory)
05-23 05:41:57.961 E/Hyphenator( 1323): 	at libcore.io.Posix.open(Native Method)
05-23 05:41:57.961 E/Hyphenator( 1323): 	at libcore.io.BlockGuardOs.open(BlockGuardOs.java:187)
05-23 05:41:57.961 E/Hyphenator( 1323): 	at libcore.io.IoBridge.open(IoBridge.java:441)
05-23 05:41:57.961 E/Hyphenator( 1323): 	... 6 more
05-23 05:41:57.963 E/Hyphenator( 1323): error loading hyphenation /system/usr/hyphen-data/hyph-te.hyb
05-23 05:41:57.963 E/Hyphenator( 1323): java.io.FileNotFoundException: /system/usr/hyphen-data/hyph-te.hyb: open failed: ENOENT (No such file or directory)
05-23 05:41:57.963 E/Hyphenator( 1323): 	at libcore.io.IoBridge.open(IoBridge.java:455)
05-23 05:41:57.963 E/Hyphenator( 1323): 	at java.io.RandomAccessFile.<init>(RandomAccessFile.java:247)
05-23 05:41:57.963 E/Hyphenator( 1323): 	at android.text.Hyphenator.loadHyphenator(Hyphenator.java:118)
05-23 05:41:57.963 E/Hyphenator( 1323): 	at android.text.Hyphenator.init(Hyphenator.java:224)
05-23 05:41:57.963 E/Hyphenator( 1323): 	at com.android.internal.os.ZygoteInit.preloadTextResources(ZygoteInit.java:252)
05-23 05:41:57.963 E/Hyphenator( 1323): 	at com.android.internal.os.ZygoteInit.preload(ZygoteInit.java:206)
05-23 05:41:57.963 E/Hyphenator( 1323): 	at com.android.internal.os.ZygoteInit.main(ZygoteInit.java:743)
05-23 05:41:57.963 E/Hyphenator( 1323): Caused by: android.system.ErrnoException: open failed: ENOENT (No such file or directory)
05-23 05:41:57.963 E/Hyphenator( 1323): 	at libcore.io.Posix.open(Native Method)
05-23 05:41:57.963 E/Hyphenator( 1323): 	at libcore.io.BlockGuardOs.open(BlockGuardOs.java:187)
05-23 05:41:57.963 E/Hyphenator( 1323): 	at libcore.io.IoBridge.open(IoBridge.java:441)
05-23 05:41:57.963 E/Hyphenator( 1323): 	... 6 more
05-23 05:41:57.965 E/Hyphenator( 1323): error loading hyphenation /system/usr/hyphen-data/hyph-tk.hyb
05-23 05:41:57.965 E/Hyphenator( 1323): java.io.FileNotFoundException: /system/usr/hyphen-data/hyph-tk.hyb: open failed: ENOENT (No such file or directory)
05-23 05:41:57.965 E/Hyphenator( 1323): 	at libcore.io.IoBridge.open(IoBridge.java:455)
05-23 05:41:57.965 E/Hyphenator( 1323): 	at java.io.RandomAccessFile.<init>(RandomAccessFile.java:247)
05-23 05:41:57.965 E/Hyphenator( 1323): 	at android.text.Hyphenator.loadHyphenator(Hyphenator.java:118)
05-23 05:41:57.965 E/Hyphenator( 1323): 	at android.text.Hyphenator.init(Hyphenator.java:224)
05-23 05:41:57.965 E/Hyphenator( 1323): 	at com.android.internal.os.ZygoteInit.preloadTextResources(ZygoteInit.java:252)
05-23 05:41:57.965 E/Hyphenator( 1323): 	at com.android.internal.os.ZygoteInit.preload(ZygoteInit.java:206)
05-23 05:41:57.965 E/Hyphenator( 1323): 	at com.android.internal.os.ZygoteInit.main(ZygoteInit.java:743)
05-23 05:41:57.965 E/Hyphenator( 1323): Caused by: android.system.ErrnoException: open failed: ENOENT (No such file or directory)
05-23 05:41:57.965 E/Hyphenator( 1323): 	at libcore.io.Posix.open(Native Method)
05-23 05:41:57.965 E/Hyphenator( 1323): 	at libcore.io.BlockGuardOs.open(BlockGuardOs.java:187)
05-23 05:41:57.965 E/Hyphenator( 1323): 	at libcore.io.IoBridge.open(IoBridge.java:441)
05-23 05:41:57.965 E/Hyphenator( 1323): 	... 6 more
05-23 05:41:57.966 E/Hyphenator( 1323): error loading hyphenation /system/usr/hyphen-data/hyph-und-ethi.hyb
05-23 05:41:57.966 E/Hyphenator( 1323): java.io.FileNotFoundException: /system/usr/hyphen-data/hyph-und-ethi.hyb: open failed: ENOENT (No such file or directory)
05-23 05:41:57.966 E/Hyphenator( 1323): 	at libcore.io.IoBridge.open(IoBridge.java:455)
05-23 05:41:57.966 E/Hyphenator( 1323): 	at java.io.RandomAccessFile.<init>(RandomAccessFile.java:247)
05-23 05:41:57.966 E/Hyphenator( 1323): 	at android.text.Hyphenator.loadHyphenator(Hyphenator.java:118)
05-23 05:41:57.966 E/Hyphenator( 1323): 	at android.text.Hyphenator.init(Hyphenator.java:224)
05-23 05:41:57.966 E/Hyphenator( 1323): 	at com.android.internal.os.ZygoteInit.preloadTextResources(ZygoteInit.java:252)
05-23 05:41:57.966 E/Hyphenator( 1323): 	at com.android.internal.os.ZygoteInit.preload(ZygoteInit.java:206)
05-23 05:41:57.966 E/Hyphenator( 1323): 	at com.android.internal.os.ZygoteInit.main(ZygoteInit.java:743)
05-23 05:41:57.966 E/Hyphenator( 1323): Caused by: android.system.ErrnoException: open failed: ENOENT (No such file or directory)
05-23 05:41:57.966 E/Hyphenator( 1323): 	at libcore.io.Posix.open(Native Method)
05-23 05:41:57.966 E/Hyphenator( 1323): 	at libcore.io.BlockGuardOs.open(BlockGuardOs.java:187)
05-23 05:41:57.966 E/Hyphenator( 1323): 	at libcore.io.IoBridge.open(IoBridge.java:441)
05-23 05:41:57.966 E/Hyphenator( 1323): 	... 6 more
05-23 05:41:58.815 I/Zygote  ( 1323): Uninstalled ICU cache reference pinning...
05-23 05:41:58.871 I/Zygote  ( 1323): Installed AndroidKeyStoreProvider in 54ms.
05-23 05:41:59.718 I/art     ( 1323): Background concurrent mark sweep GC freed 8795(561KB) AllocSpace objects, 4(164KB) LOS objects, 39% free, 6MB/10MB, paused 927us total 328.722ms
05-23 05:41:59.813 I/Zygote  ( 1323): Warmed up JCA providers in 942ms.
05-23 05:41:59.813 D/Zygote  ( 1323): end preload
05-23 05:41:59.814 I/art     ( 1323): Starting a blocking GC Explicit
05-23 05:42:00.022 I/art     ( 1323): Explicit concurrent mark sweep GC freed 512(23KB) AllocSpace objects, 0(0B) LOS objects, 39% free, 6MB/10MB, paused 403us total 122.472ms
05-23 05:42:00.027 I/art     ( 1323): Starting a blocking GC Explicit
05-23 05:42:00.115 I/art     ( 1323): Explicit concurrent mark sweep GC freed 5(128B) AllocSpace objects, 0(0B) LOS objects, 39% free, 6MB/10MB, paused 1.080ms total 86.757ms
05-23 05:42:00.119 I/Zygote  ( 1323): Accepting command socket connections
05-23 05:42:00.303 I/Zygote  ( 2061): Process: zygote socket opened, supported ABIS: x86
05-23 05:42:00.352 I/InstallerConnection( 2061): connecting...
05-23 05:42:00.355 I/        ( 1327): new connection
05-23 05:42:00.861 I/InstallerConnection( 2061): disconnecting...
05-23 05:42:00.870 E/        ( 1327): eof
05-23 05:42:00.870 E/        ( 1327): failed to read size
05-23 05:42:00.870 I/        ( 1327): closing connection
05-23 05:42:02.239 I/SystemServer( 2061): Entered the Android system server!
05-23 05:42:03.202 V/NatController( 1333): runCmd(/system/bin/iptables -w -F natctrl_FORWARD) res=0
05-23 05:42:03.317 V/NatController( 1333): runCmd(/system/bin/ip6tables -w -F natctrl_FORWARD) res=0
05-23 05:42:03.461 V/NatController( 1333): runCmd(/system/bin/iptables -w -A natctrl_FORWARD -j DROP) res=0
05-23 05:42:03.571 V/NatController( 1333): runCmd(/system/bin/iptables -w -t nat -F natctrl_nat_POSTROUTING) res=0
05-23 05:42:03.821 V/NatController( 1333): runCmd(/system/bin/ip6tables -w -t raw -F natctrl_raw_PREROUTING) res=0
05-23 05:42:04.141 V/NatController( 1333): runCmd(/system/bin/iptables -w -F natctrl_tether_counters) res=1
05-23 05:42:04.181 I/SystemServiceManager( 2061): Starting com.android.server.pm.Installer
05-23 05:42:04.287 I/Installer( 2061): Waiting for installd to be ready.
05-23 05:42:04.287 I/InstallerConnection( 2061): connecting...
05-23 05:42:04.290 I/        ( 1327): new connection
05-23 05:42:04.301 I/SystemServiceManager( 2061): Starting com.android.server.am.ActivityManagerService$Lifecycle
05-23 05:42:04.397 V/NatController( 1333): runCmd(/system/bin/ip6tables -w -F natctrl_tether_counters) res=1
05-23 05:42:04.607 V/NatController( 1333): runCmd(/system/bin/iptables -w -X natctrl_tether_counters) res=1
05-23 05:42:04.763 I/ActivityManager( 2061): Memory class: 256
05-23 05:42:04.985 V/NatController( 1333): runCmd(/system/bin/ip6tables -w -X natctrl_tether_counters) res=1
05-23 05:42:05.241 I/ServiceThread( 2061): Enabled StrictMode logging for ActivityManager looper.
05-23 05:42:05.274 V/NatController( 1333): runCmd(/system/bin/iptables -w -N natctrl_tether_counters) res=0
05-23 05:42:05.318 I/ServiceThread( 2061): Enabled StrictMode logging for android.ui looper.
05-23 05:42:05.705 V/NatController( 1333): runCmd(/system/bin/ip6tables -w -N natctrl_tether_counters) res=0
05-23 05:42:05.796 D/BatteryStatsImpl( 2061): Reading daily items from /data/system/batterystats-daily.xml
05-23 05:42:06.044 V/NatController( 1333): runCmd(/system/bin/iptables -w -t mangle -A natctrl_mangle_FORWARD -p tcp --tcp-flags SYN SYN -j TCPMSS --clamp-mss-to-pmtu) res=0
05-23 05:42:08.251 I/IntentFirewall( 2061): Read new rules (A:0 B:0 S:0)
05-23 05:42:08.325 I/ServiceThread( 2061): Enabled StrictMode logging for android.display looper.
05-23 05:42:08.423 D/AppOps  ( 2061): AppOpsService published
05-23 05:42:08.425 I/SystemServiceManager( 2061): Starting com.android.server.power.PowerManagerService
05-23 05:42:08.590 I/ServiceThread( 2061): Enabled StrictMode logging for PowerManagerService looper.
05-23 05:42:08.595 E/PowerManagerService-JNI( 2061): Couldn't load power module (No such file or directory)
05-23 05:42:08.595 W/libsuspend( 2061): Error writing 'on' to /sys/power/state: Invalid argument
05-23 05:42:08.596 I/libsuspend( 2061): Selected wakeup count
05-23 05:42:08.732 I/SystemServiceManager( 2061): Starting com.android.server.lights.LightsService
05-23 05:42:08.866 I/SystemServiceManager( 2061): Starting com.android.server.display.DisplayManagerService
05-23 05:42:08.897 I/SystemServiceManager( 2061): Starting phase 100
05-23 05:42:08.945 E/SurfaceFlinger( 1319): ro.sf.lcd_density must be defined as a build property
05-23 05:42:09.027 I/DisplayManagerService( 2061): Display device added: DisplayDeviceInfo{"Built-in Screen": uniqueId="local:0", 1080 x 1920, modeId 1, defaultModeId 1, supportedModes [{id=1, width=1080, height=1920, fps=60.000004}], colorMode 0, supportedColorModes [0], HdrCapabilities android.view.Display$HdrCapabilities@a69d6308, density 480, 480.0 x 480.0 dpi, appVsyncOff 1000000, presDeadline 16666666, touch INTERNAL, rotation 0, type BUILT_IN, state UNKNOWN, FLAG_DEFAULT_DISPLAY, FLAG_ROTATES_WITH_CONTENT, FLAG_SECURE, FLAG_SUPPORTS_PROTECTED_BUFFERS}
05-23 05:42:09.050 D/SurfaceFlinger( 1319): Set power mode=2, type=0 flinger=0x7d8388847000
05-23 05:42:09.051 D/SurfaceFlinger( 1319): Screen type=0 is already mode=2
05-23 05:42:09.073 I/DisplayManagerService( 2061): Display device changed state: "Built-in Screen", ON
05-23 05:42:09.075 I/SystemServer( 2061): StartPackageManagerService
05-23 05:42:09.553 W/SystemConfig( 2061): No directory /system/etc/sysconfig, skipping
05-23 05:42:09.995 D/SELinuxMMAC( 2061): Using policy file /system/etc/security/mac_permissions.xml
05-23 05:42:11.546 E/Netd    ( 1333): cannot find interface dummy0
05-23 05:42:11.657 D/MDnsDS  ( 1333): MDnsSdListener::Hander starting up
05-23 05:42:11.750 D/MDnsDS  ( 1333): MDnsSdListener starting to monitor
05-23 05:42:11.750 D/MDnsDS  ( 1333): Going to poll with pollCount 1
05-23 05:42:11.802 E/art     ( 2061): DexFile_getDexOptNeeded file '/system/framework/org.apache.http.legacy.jar' does not exist
05-23 05:42:11.804 W/PackageManager( 2061): Library not found: /system/framework/org.apache.http.legacy.jar
05-23 05:42:12.024 E/art     ( 2061): DexFile_getDexOptNeeded file '/system/framework/org.apache.http.legacy.jar' does not exist
05-23 05:42:12.025 W/PackageManager( 2061): Library not found: /system/framework/org.apache.http.legacy.jar
05-23 05:42:12.080 D/PackageManager( 2061): No files in app dir /vendor/overlay
05-23 05:42:13.287 W/PackageManager( 2061): Failed to parse /system/framework/oat: Missing base APK in /system/framework/oat
05-23 05:42:13.321 W/PackageManager( 2061): Failed to parse /system/framework/x86: Missing base APK in /system/framework/x86
05-23 05:42:13.323 W/PackageManager( 2061): Failed to parse /system/framework/x86_64: Missing base APK in /system/framework/x86_64
05-23 05:42:14.583 W/PackageParser( 2061): No actions in intent filter at /system/priv-app/Contacts/Contacts.apk Binary XML file line #409
05-23 05:42:15.454 W/PackageParser( 2061): No actions in intent filter at /system/priv-app/Dialer/Dialer.apk Binary XML file line #186
05-23 05:42:16.012 W/PackageManager( 2061): Permission android.permission.DOWNLOAD_WITHOUT_NOTIFICATION from package com.android.providers.downloads in an unknown group android.permission-group.NETWORK
05-23 05:42:18.559 W/PackageParser( 2061): Ignoring duplicate uses-permissions/uses-permissions-sdk-m: android.permission.USE_CREDENTIALS in package: com.android.settings at: Binary XML file line #53
05-23 05:42:18.571 W/PackageParser( 2061): Ignoring duplicate uses-permissions/uses-permissions-sdk-m: android.permission.READ_SYNC_SETTINGS in package: com.android.settings at: Binary XML file line #58
05-23 05:42:18.572 W/PackageParser( 2061): Ignoring duplicate uses-permissions/uses-permissions-sdk-m: android.permission.WRITE_SYNC_SETTINGS in package: com.android.settings at: Binary XML file line #59
05-23 05:42:19.648 W/PackageParser( 2061): Ignoring duplicate uses-permissions/uses-permissions-sdk-m: android.permission.INSTALL_GRANT_RUNTIME_PERMISSIONS in package: com.android.shell at: Binary XML file line #102
05-23 05:42:20.729 W/PackageParser( 2061): Ignoring duplicate uses-permissions/uses-permissions-sdk-m: android.permission.CONFIGURE_WIFI_DISPLAY in package: com.android.systemui at: Binary XML file line #123
05-23 05:42:21.683 W/art     ( 2061): Suspending all threads took: 9.281ms
05-23 05:42:21.843 I/art     ( 2061): Background sticky concurrent mark sweep GC freed 33350(2MB) AllocSpace objects, 20(416KB) LOS objects, 31% free, 6MB/10MB, paused 13.065ms total 355.441ms
05-23 05:42:23.105 W/PackageManager( 2061): Non-privileged app; cap priority to 0; package: com.android.calendar activity: com.android.calendar.GoogleCalendarUriIntentFilter origPrio: 50
05-23 05:42:23.559 W/PackageManager( 2061): Non-privileged app; cap priority to 0; package: com.android.cts.ctsshim activity: com.android.cts.ctsshim.InstallPriority origPrio: 100
05-23 05:42:23.559 W/PackageManager( 2061): Non-privileged app; cap priority to 0; package: com.android.cts.ctsshim activity: com.android.cts.ctsshim.InstallPriority origPrio: 100
05-23 05:42:23.559 W/PackageManager( 2061): Non-privileged app; cap priority to 0; package: com.android.cts.ctsshim activity: com.android.cts.ctsshim.InstallPriority origPrio: 100
05-23 05:42:23.559 W/PackageManager( 2061): Non-privileged app; cap priority to 0; package: com.android.cts.ctsshim activity: com.android.cts.ctsshim.InstallPriority origPrio: 100
05-23 05:42:23.559 W/PackageManager( 2061): Non-privileged app; cap priority to 0; package: com.android.cts.ctsshim activity: com.android.cts.ctsshim.InstallPriority origPrio: 100
05-23 05:42:24.934 W/PackageParser( 2061): Ignoring duplicate uses-permissions/uses-permissions-sdk-m: android.permission.WRITE_CONTACTS in package: com.android.email at: Binary XML file line #40
05-23 05:42:25.759 W/PackageParser( 2061): Unknown element under <application>: permission at /system/app/Gallery2/Gallery2.apk Binary XML file line #238
05-23 05:42:25.759 W/PackageParser( 2061): Unknown element under <application>: permission at /system/app/Gallery2/Gallery2.apk Binary XML file line #241
05-23 05:42:27.064 W/PackageManager( 2061): Permission com.android.launcher3.permission.READ_SETTINGS from package com.android.launcher3 in an unknown group android.permission-group.SYSTEM_TOOLS
05-23 05:42:27.064 W/PackageManager( 2061): Permission com.android.launcher3.permission.WRITE_SETTINGS from package com.android.launcher3 in an unknown group android.permission-group.SYSTEM_TOOLS
05-23 05:42:27.064 W/PackageManager( 2061): Permission com.android.launcher.permission.INSTALL_SHORTCUT from package com.android.launcher3 in an unknown group android.permission-group.SYSTEM_TOOLS
05-23 05:42:29.734 D/PackageManager( 2061): No files in app dir /system/vendor/app
05-23 05:42:29.735 D/PackageManager( 2061): No files in app dir /oem/app
05-23 05:42:30.504 W/PackageParser( 2061): No actions in intent filter at /data/app/ApiDemos/ApiDemos.apk Binary XML file line #3145
05-23 05:42:30.505 W/PackageParser( 2061): No actions in intent filter at /data/app/ApiDemos/ApiDemos.apk Binary XML file line #3151
05-23 05:42:30.526 W/PackageManager( 2061): Package com.example.android.apis desires unavailable shared library com.example.will.never.exist; ignoring!
05-23 05:42:30.583 I/SELinux ( 2061): SELinux: Loaded file_contexts contexts from /file_contexts.bin.
05-23 05:42:31.298 D/PackageManager( 2061): No files in app dir /data/app-private
05-23 05:42:31.310 D/PackageManager( 2061): No files in app dir /data/app-ephemeral
05-23 05:42:31.370 E/PackageManager( 2061): There should probably be exactly one setup wizard; found 0: matches=[]
05-23 05:42:31.370 W/PackageManager( 2061): Protected action; cap priority to 0; package: com.android.cts.priv.ctsshim activity: com.android.cts.priv.ctsshim.InstallPriority origPrio: 100
05-23 05:42:31.371 W/PackageManager( 2061): Protected action; cap priority to 0; package: com.android.cts.priv.ctsshim activity: com.android.cts.priv.ctsshim.InstallPriority origPrio: 100
05-23 05:42:31.371 W/PackageManager( 2061): Protected action; cap priority to 0; package: com.android.cts.priv.ctsshim activity: com.android.cts.priv.ctsshim.InstallPriority origPrio: 100
05-23 05:42:31.371 W/PackageManager( 2061): Protected action; cap priority to 0; package: com.android.cts.priv.ctsshim activity: com.android.cts.priv.ctsshim.InstallPriority origPrio: 100
05-23 05:42:31.371 W/PackageManager( 2061): Protected action; cap priority to 0; package: com.android.packageinstaller activity: com.android.packageinstaller.PackageInstallerActivity origPrio: 1
05-23 05:42:31.371 W/PackageManager( 2061): Package com.android.camera desires unavailable shared library com.google.android.media.effects; ignoring!
05-23 05:42:31.371 W/PackageManager( 2061): Package com.android.gallery3d desires unavailable shared library com.google.android.media.effects; ignoring!
05-23 05:42:31.372 W/PackageManager( 2061): Package com.android.gallery3d desires unavailable shared library com.google.android.media.effects; ignoring!
05-23 05:42:31.372 W/PackageManager( 2061): Package com.example.android.apis desires unavailable shared library com.example.will.never.exist; ignoring!
05-23 05:42:31.373 I/PackageManager( 2061): Adjusting ABI for com.android.providers.downloads.ui to x86_64 (requirer=com.android.mtp, scannedPackage=null)
05-23 05:42:31.401 I/PackageManager( 2061): Adjusting ABI for com.android.providers.downloads to x86_64 (requirer=com.android.mtp, scannedPackage=null)
05-23 05:42:31.422 I/PackageManager( 2061): Adjusting ABI for com.android.providers.media to x86_64 (requirer=com.android.mtp, scannedPackage=null)
05-23 05:42:31.424 I/PackageManager( 2061): Adjusting ABI for com.android.keychain to x86_64 (requirer=android, scannedPackage=null)
05-23 05:42:31.426 I/PackageManager( 2061): Adjusting ABI for com.android.server.telecom to x86_64 (requirer=android, scannedPackage=null)
05-23 05:42:31.441 I/PackageManager( 2061): Adjusting ABI for com.android.wallpaperbackup to x86_64 (requirer=android, scannedPackage=null)
05-23 05:42:31.443 I/PackageManager( 2061): Adjusting ABI for com.android.settings to x86_64 (requirer=android, scannedPackage=null)
05-23 05:42:31.446 I/PackageManager( 2061): Adjusting ABI for com.android.location.fused to x86_64 (requirer=android, scannedPackage=null)
05-23 05:42:31.473 I/PackageManager( 2061): Adjusting ABI for com.android.inputdevices to x86_64 (requirer=android, scannedPackage=null)
05-23 05:42:31.475 I/PackageManager( 2061): Adjusting ABI for com.android.providers.settings to x86_64 (requirer=android, scannedPackage=null)
05-23 05:42:31.532 I/PackageManager( 2061): Time to scan packages: 19.901 seconds
05-23 05:42:31.536 W/PackageManager( 2061): Unknown permission com.google.android.googleapps.permission.GOOGLE_AUTH in package com.android.providers.calendar
05-23 05:42:31.536 W/PackageManager( 2061): Unknown permission com.google.android.googleapps.permission.GOOGLE_AUTH.cl in package com.android.providers.calendar
05-23 05:42:31.537 W/PackageManager( 2061): Not granting permission android.permission.GLOBAL_SEARCH to package com.android.quicksearchbox (protectionLevel=18 flags=0x3808be45)
05-23 05:42:31.538 W/PackageManager( 2061): Not granting permission android.permission.WRITE_EXTERNAL_STORAGE to package gov.nasa.arc.astrobee.android.gs.manager because it was previously installed without
05-23 05:42:31.539 W/PackageManager( 2061): Not granting permission android.permission.READ_EXTERNAL_STORAGE to package gov.nasa.arc.astrobee.android.gs.manager because it was previously installed without
05-23 05:42:31.539 W/PackageManager( 2061): Unknown permission com.android.launcher.permission.READ_SETTINGS in package com.android.launcher3
05-23 05:42:31.539 W/PackageManager( 2061): Unknown permission com.android.launcher.permission.WRITE_SETTINGS in package com.android.launcher3
05-23 05:42:31.540 W/PackageManager( 2061): Not granting permission android.permission.BIND_APPWIDGET to package com.android.launcher3 (protectionLevel=18 flags=0x3c4bbe45)
05-23 05:42:31.580 W/PackageManager( 2061): Unknown permission com.google.android.googleapps.permission.GOOGLE_AUTH.mail in package com.android.calendar
05-23 05:42:31.581 W/PackageManager( 2061): Unknown permission com.google.android.providers.settings.permission.WRITE_GSETTINGS in package com.android.sdksetup
05-23 05:42:31.582 W/PackageManager( 2061): Unknown permission com.google.android.permission.INSTALL_WEARABLE_PACKAGES in package com.android.packageinstaller
05-23 05:42:31.582 W/PackageManager( 2061): Not granting permission android.permission.DELETE_PACKAGES to package com.svox.pico (protectionLevel=18 flags=0x3808be45)
05-23 05:42:31.582 W/PackageManager( 2061): Not granting permission android.permission.READ_CONTACTS to package com.example.android.apis because it was previously installed without
05-23 05:42:31.582 W/PackageManager( 2061): Not granting permission android.permission.WRITE_CONTACTS to package com.example.android.apis because it was previously installed without
05-23 05:42:31.583 W/PackageManager( 2061): Not granting permission android.permission.ACCESS_COARSE_LOCATION to package com.example.android.apis because it was previously installed without
05-23 05:42:31.583 W/PackageManager( 2061): Not granting permission android.permission.WRITE_EXTERNAL_STORAGE to package com.example.android.apis because it was previously installed without
05-23 05:42:31.583 W/PackageManager( 2061): Not granting permission android.permission.SEND_SMS to package com.example.android.apis because it was previously installed without
05-23 05:42:31.583 W/PackageManager( 2061): Not granting permission android.permission.RECEIVE_SMS to package com.example.android.apis because it was previously installed without
05-23 05:42:31.583 W/PackageManager( 2061): Not granting permission android.permission.RECEIVE_MMS to package com.example.android.apis because it was previously installed without
05-23 05:42:31.583 W/PackageManager( 2061): Not granting permission android.permission.READ_SMS to package com.example.android.apis because it was previously installed without
05-23 05:42:31.583 W/PackageManager( 2061): Not granting permission android.permission.READ_PHONE_STATE to package com.example.android.apis because it was previously installed without
05-23 05:42:31.583 W/PackageManager( 2061): Not granting permission android.permission.RECORD_AUDIO to package com.example.android.apis because it was previously installed without
05-23 05:42:31.583 W/PackageManager( 2061): Not granting permission android.permission.CAMERA to package com.example.android.apis because it was previously installed without
05-23 05:42:31.583 W/PackageManager( 2061): Not granting permission android.permission.READ_EXTERNAL_STORAGE to package com.example.android.apis because it was previously installed without
05-23 05:42:31.583 W/PackageManager( 2061): Unknown permission android.permission.RUN_INSTRUMENTATION in package org.chromium.webview_shell
05-23 05:42:31.584 W/PackageManager( 2061): Unknown permission com.google.android.googleapps.permission.GOOGLE_AUTH in package com.android.settings
05-23 05:42:31.584 W/PackageManager( 2061): Unknown permission com.android.launcher.permission.READ_SETTINGS in package com.android.settings
05-23 05:42:31.584 W/PackageManager( 2061): Unknown permission com.android.launcher.permission.WRITE_SETTINGS in package com.android.settings
05-23 05:42:31.585 W/PackageManager( 2061): Unknown permission com.android.smspush.WAPPUSH_MANAGER_BIND in package com.android.phone
05-23 05:42:31.586 W/PackageManager( 2061): Unknown permission com.google.android.googleapps.permission.ACCESS_GOOGLE_PASSWORD in package com.android.development
05-23 05:42:31.587 W/PackageManager( 2061): Unknown permission com.google.android.googleapps.permission.GOOGLE_AUTH in package com.android.development
05-23 05:42:31.587 W/PackageManager( 2061): Unknown permission com.google.android.googleapps.permission.GOOGLE_AUTH.ALL_SERVICES in package com.android.development
05-23 05:42:31.587 W/PackageManager( 2061): Unknown permission com.google.android.googleapps.permission.GOOGLE_AUTH.YouTubeUser in package com.android.development
05-23 05:42:31.587 W/PackageManager( 2061): Not granting permission android.permission.BIND_APPWIDGET to package com.android.widgetpreview (protectionLevel=18 flags=0x3808be44)
05-23 05:42:31.588 V/PackageManager( 2061): reconcileAppsData for null u0 0x3
05-23 05:42:31.742 I/SELinux ( 1327): SELinux: Loaded file_contexts contexts from /file_contexts.bin.
05-23 05:42:36.282 V/PackageManager( 2061): reconcileAppsData finished 81 packages
05-23 05:42:36.914 E/PackageManager( 2061): There should probably be a verifier, but, none were found
05-23 05:42:37.059 W/PackageInstaller( 2061): Abandoning old session first created at 1616675837967
05-23 05:42:37.103 W/PackageInstaller( 2061): Deleting orphan stage /data/app/vmdl1539828231.tmp
05-23 05:42:37.186 D/PackageManager( 2061): Ephemeral resolver NOT found; no matching intent filters
05-23 05:42:37.187 I/PackageManager( 2061): Ephemeral deactivated; missing resolver and installer
05-23 05:42:37.200 I/art     ( 2061): Starting a blocking GC Explicit
05-23 05:42:37.435 I/art     ( 2061): Explicit concurrent mark sweep GC freed 38050(2MB) AllocSpace objects, 4(80KB) LOS objects, 33% free, 7MB/11MB, paused 12.845ms total 230.904ms
05-23 05:42:37.458 I/SystemServer( 2061): StartOtaDexOptService
05-23 05:42:37.503 I/SystemServer( 2061): StartUserManagerService
05-23 05:42:37.504 I/SystemServiceManager( 2061): Starting com.android.server.pm.UserManagerService$LifeCycle
05-23 05:42:37.692 I/lowmemorykiller( 1317): ActivityManager connected
05-23 05:42:37.706 D/SensorService( 2061): nuSensorService starting...
05-23 05:42:37.781 D/SensorService( 2061): nuSensorService thread starting...
05-23 05:42:37.782 I/SystemServiceManager( 2061): Starting com.android.server.BatteryService
05-23 05:42:37.786 D/SensorService( 2061): new thread SensorEventAckReceiver
05-23 05:42:37.935 I/SystemServiceManager( 2061): Starting com.android.server.usage.UsageStatsService
05-23 05:42:38.100 I/SystemServiceManager( 2061): Starting com.android.server.webkit.WebViewUpdateService
05-23 05:42:38.152 I/SystemServer( 2061): Reading configuration...
05-23 05:42:38.152 I/SystemServer( 2061): StartSchedulingPolicyService
05-23 05:42:38.155 I/SystemServiceManager( 2061): Starting com.android.server.telecom.TelecomLoaderService
05-23 05:42:38.157 I/SystemServer( 2061): StartTelephonyRegistry
05-23 05:42:38.235 I/SystemServer( 2061): StartEntropyMixer
05-23 05:42:38.288 I/EntropyMixer( 2061): Writing entropy...
05-23 05:42:38.422 I/SystemServer( 2061): Camera Service
05-23 05:42:38.428 I/SystemServiceManager( 2061): Starting com.android.server.camera.CameraService
05-23 05:42:38.521 I/ServiceThread( 2061): Enabled StrictMode logging for CameraService_proxy looper.
05-23 05:42:38.534 I/SystemServer( 2061): StartAccountManagerService
05-23 05:42:38.540 I/SystemServiceManager( 2061): Starting com.android.server.accounts.AccountManagerService$Lifecycle
05-23 05:42:38.657 I/SystemServer( 2061): StartContentService
05-23 05:42:38.660 I/SystemServiceManager( 2061): Starting com.android.server.content.ContentService$Lifecycle
05-23 05:42:38.674 I/SystemServer( 2061): InstallSystemProviders
05-23 05:42:38.797 W/System  ( 2061): ClassLoader referenced unknown path: /system/priv-app/SettingsProvider/lib/x86_64
05-23 05:42:39.204 I/SystemServer( 2061): StartVibratorService
05-23 05:42:39.206 E/VibratorService( 2061): Couldn't load vibrator module (No such file or directory)
05-23 05:42:39.206 W/VibratorService( 2061): Tried to stop vibrating but there is no vibrator device.
05-23 05:42:39.221 I/SystemServer( 2061): StartConsumerIrService
05-23 05:42:39.222 E/ConsumerIrService( 2061): Can't open consumer IR HW Module, error: -2
05-23 05:42:39.241 I/SystemServer( 2061): StartAlarmManagerService
05-23 05:42:39.241 I/SystemServiceManager( 2061): Starting com.android.server.AlarmManagerService
05-23 05:42:39.269 W/AlarmManagerService( 2061): no wall clock RTC found
