--------- beginning of main
05-23 05:40:31.960 W/auditd  ( 1265): type=2000 audit(0.0:1): initialized
05-23 05:40:34.710 I/auditd  ( 1265): type=1403 audit(0.0:2): policy loaded auid=4294967295 ses=4294967295
05-23 05:40:34.720 W/auditd  ( 1265): type=1404 audit(0.0:3): enforcing=1 old_enforcing=0 auid=4294967295 ses=4294967295
05-23 05:40:39.550 W/init    (    1): type=1400 audit(0.0:4): avc: denied { write } for name="tracing_on" dev="debugfs" ino=1037 scontext=u:r:init:s0 tcontext=u:object_r:debugfs:s0 tclass=file permissive=0
05-23 05:40:41.007 I/        ( 1272): debuggerd: starting
--------- beginning of system
05-23 05:40:41.476 I/vold    ( 1273): Vold 3.0 (the awakening) firing up
05-23 05:40:41.477 V/vold    ( 1273): Detected support for: ext4 vfat
05-23 05:40:41.776 I/        ( 1271): debuggerd: starting
05-23 05:40:41.814 D/vold    ( 1273): Recognized experimental block major ID 253 as virtio-blk (emulator's virtual SD card device)
05-23 05:40:41.815 V/vold    ( 1273): /system/bin/sgdisk
05-23 05:40:41.815 V/vold    ( 1273):     --android-dump
05-23 05:40:41.815 V/vold    ( 1273):     /dev/block/vold/disk:253,48
05-23 05:40:41.874 D/vold    ( 1273): e4crypt_init_user0
05-23 05:40:41.874 D/vold    ( 1273): e4crypt_prepare_user_storage for volume null, user 0, serial 0, flags 1
05-23 05:40:41.875 D/vold    ( 1273): Preparing: /data/system/users/0
05-23 05:40:41.880 D/vold    ( 1273): Preparing: /data/misc/profiles/cur/0
05-23 05:40:41.882 D/vold    ( 1273): Preparing: /data/misc/profiles/cur/0/foreign-dex
05-23 05:40:41.883 D/vold    ( 1273): Preparing: /data/system_de/0
05-23 05:40:41.883 D/vold    ( 1273): Preparing: /data/misc_de/0
05-23 05:40:41.884 D/vold    ( 1273): Preparing: /data/user_de/0
05-23 05:40:41.885 D/vold    ( 1273): e4crypt_unlock_user_key 0 serial=0 token_present=0
05-23 05:40:41.894 I/vdc     (    1): 200 1274 Command succeeded
05-23 05:40:42.174 I//system/bin/tzdatacheck( 1311): tzdata file /data/misc/zoneinfo/current/tzdata does not exist. No action required.
05-23 05:40:42.340 V/vold    ( 1273): DISK mbr
05-23 05:40:42.341 V/vold    ( 1273): 
05-23 05:40:42.346 W/vold    ( 1273): disk:253,48 has unknown partition table; trying entire device
05-23 05:40:42.346 V/vold    ( 1273): /system/bin/blkid
05-23 05:40:42.346 V/vold    ( 1273):     -c
05-23 05:40:42.346 V/vold    ( 1273):     /dev/null
05-23 05:40:42.346 V/vold    ( 1273):     -s
05-23 05:40:42.346 V/vold    ( 1273):     TYPE
05-23 05:40:42.346 V/vold    ( 1273):     -s
05-23 05:40:42.347 V/vold    ( 1273):     UUID
05-23 05:40:42.347 V/vold    ( 1273):     -s
05-23 05:40:42.347 V/vold    ( 1273):     LABEL
05-23 05:40:42.347 V/vold    ( 1273):     /dev/block/vold/disk:253,48
05-23 05:40:42.760 W/cameraserver( 1325): type=1400 audit(0.0:5): avc: denied { getattr } for path="/vendor" dev="rootfs" ino=3995 scontext=u:r:cameraserver:s0 tcontext=u:object_r:rootfs:s0 tclass=lnk_file permissive=0
05-23 05:40:42.780 W/audioserver( 1324): type=1400 audit(0.0:6): avc: denied { getattr } for path="/vendor" dev="rootfs" ino=3995 scontext=u:r:audioserver:s0 tcontext=u:object_r:rootfs:s0 tclass=lnk_file permissive=0
05-23 05:40:42.820 W/mediacodec( 1329): type=1400 audit(0.0:7): avc: denied { getattr } for path="/vendor" dev="rootfs" ino=3995 scontext=u:r:mediacodec:s0 tcontext=u:object_r:rootfs:s0 tclass=lnk_file permissive=0
05-23 05:40:42.910 W/mediadrmserver( 1330): type=1400 audit(0.0:8): avc: denied { getattr } for path="/vendor" dev="rootfs" ino=3995 scontext=u:r:mediadrmserver:s0 tcontext=u:object_r:rootfs:s0 tclass=lnk_file permissive=0
05-23 05:40:43.752 I/qemu-props( 1316): connected to 'boot-properties' qemud service.
05-23 05:40:43.752 I/qemu-props( 1316): receiving..
05-23 05:40:43.753 I/qemu-props( 1316): received: qemu.cmdline=androidboot.logcat=v:* androidboot.consolepipe=qemu_pipe,pipe:logcat
05-23 05:40:43.859 I/        ( 1327): installd firing up
05-23 05:40:43.870 I/qemu-props( 1316): receiving..
05-23 05:40:43.870 I/qemu-props( 1316): received: qemu.logcat=start
05-23 05:40:43.921 I/qemu-props( 1316): receiving..
05-23 05:40:43.922 I/qemu-props( 1316): received: ro.opengles.version=131072
05-23 05:40:43.929 I/qemu-props( 1316): receiving..
05-23 05:40:43.929 I/qemu-props( 1316): received: qemu.sf.fake_camera=back
05-23 05:40:43.961 I/qemu-props( 1316): receiving..
05-23 05:40:43.962 I/qemu-props( 1316): received: dalvik.vm.heapsize=256m
05-23 05:40:43.963 I/qemu-props( 1316): receiving..
05-23 05:40:43.963 I/qemu-props( 1316): received: qemu.hw.mainkeys=0
05-23 05:40:43.965 I/qemu-props( 1316): receiving..
05-23 05:40:43.965 I/qemu-props( 1316): received: qemu.sf.lcd_density=480
05-23 05:40:43.978 I/qemu-props( 1316): receiving..
05-23 05:40:43.978 I/qemu-props( 1316): received: qemu.timezone=Etc/UTC
05-23 05:40:43.980 I/qemu-props( 1316): receiving..
05-23 05:40:43.980 I/qemu-props( 1316): exiting (8 properties set).
05-23 05:40:44.070 V/vold    ( 1273): /dev/block/vold/disk:253,48: LABEL="SDCARD" UUID="1EFF-1C1B" TYPE="vfat" 
05-23 05:40:44.070 V/vold    ( 1273): 
05-23 05:40:44.194 I/lowmemorykiller( 1317): Using in-kernel low memory killer interface
05-23 05:40:45.038 I/keystore( 1328): Found keymaster0 module Keymaster OpenSSL HAL, version 2
05-23 05:40:45.039 I/SoftKeymaster( 1328): system/keymaster/soft_keymaster_device.cpp, Line 131: Creating device
05-23 05:40:45.039 D/SoftKeymaster( 1328): system/keymaster/soft_keymaster_device.cpp, Line 132: Device address: 0x74ea2ec3d000
05-23 05:40:45.074 I/keystore( 1328): Keymaster0 module is software-only.  Using SoftKeymasterDevice instead.
05-23 05:40:45.075 I/SoftKeymaster( 1328): system/keymaster/soft_keymaster_device.cpp, Line 131: Creating device
05-23 05:40:45.075 D/SoftKeymaster( 1328): system/keymaster/soft_keymaster_device.cpp, Line 132: Device address: 0x74ea2ec3d400
05-23 05:40:46.004 I/Netd    ( 1333): Netd 1.0 starting
05-23 05:40:46.111 D/TetherController( 1333): Setting IP forward enable = 0
05-23 05:40:46.268 I/perfprofd( 1349): starting Android Wide Profiling daemon
05-23 05:40:46.326 I/fingerprintd( 1336): Starting fingerprintd
05-23 05:40:46.402 E/perfprofd( 1349): unable to open configuration file /data/data/com.google.android.gms/files/perfprofd.conf
05-23 05:40:46.406 I/perfprofd( 1349): random seed set to 1418691421
05-23 05:40:47.424 I/SurfaceFlinger( 1319): SurfaceFlinger is starting
05-23 05:40:47.432 I/gatekeeperd( 1337): Starting gatekeeperd...
05-23 05:40:47.470 I/SurfaceFlinger( 1319): SurfaceFlinger's main thread ready to run. Initializing graphics H/W...
05-23 05:40:47.471 D/libEGL  ( 1319): Emulator without GPU support detected. Fallback to legacy software renderer, qemu.gles is set to 0.
05-23 05:40:47.514 W/gatekeeperd( 1337): falling back to software GateKeeper
05-23 05:40:47.618 D/libEGL  ( 1319): loaded /system/lib64/egl/libGLES_android.so
05-23 05:40:49.920 W/bootanimation( 1691): type=1400 audit(0.0:9): avc: denied { getattr } for path="/vendor" dev="rootfs" ino=3995 scontext=u:r:bootanim:s0 tcontext=u:object_r:rootfs:s0 tclass=lnk_file permissive=0
05-23 05:40:48.591 D/gralloc_ranchu( 1319): Emulator without host-side GPU emulation detected. Loading gralloc.default.so from /vendor/lib64/hw/gralloc.goldfish.default.so...
05-23 05:40:48.592 D/gralloc_ranchu( 1319): gralloc.default.so not found in /vendor. Trying /system/lib64/hw/gralloc.goldfish.default.so...
05-23 05:40:48.602 I/gralloc ( 1319): using (fd=11)
05-23 05:40:48.602 I/gralloc ( 1319): id           = 
05-23 05:40:48.602 I/gralloc ( 1319): xres         = 1080 px
05-23 05:40:48.602 I/gralloc ( 1319): yres         = 1920 px
05-23 05:40:48.602 I/gralloc ( 1319): xres_virtual = 1080 px
05-23 05:40:48.602 I/gralloc ( 1319): yres_virtual = 3840 px
05-23 05:40:48.602 I/gralloc ( 1319): bpp          = 16
05-23 05:40:48.602 I/gralloc ( 1319): r            = 11:5
05-23 05:40:48.602 I/gralloc ( 1319): g            =  5:6
05-23 05:40:48.602 I/gralloc ( 1319): b            =  0:5
05-23 05:40:48.603 I/gralloc ( 1319): width        = 166 mm (165.253006 dpi)
05-23 05:40:48.603 I/gralloc ( 1319): height       = 296 mm (164.756760 dpi)
05-23 05:40:48.603 I/gralloc ( 1319): refresh rate = 60.00 Hz
05-23 05:40:48.646 E/SurfaceFlinger( 1319): hwcomposer module not found
05-23 05:40:48.649 W/SurfaceFlinger( 1319): no suitable EGLConfig found, trying a simpler query
05-23 05:40:48.649 W/SurfaceFlinger( 1319): EGL_SLOW_CONFIG selected!
05-23 05:40:48.649 I/SurfaceFlinger( 1319): EGL information:
05-23 05:40:48.649 I/SurfaceFlinger( 1319): vendor    : Android
05-23 05:40:48.649 I/SurfaceFlinger( 1319): version   : 1.4 Android META-EGL
05-23 05:40:48.649 I/SurfaceFlinger( 1319): extensions: EGL_KHR_get_all_proc_addresses EGL_ANDROID_presentation_time EGL_KHR_swap_buffers_with_damage EGL_ANDROID_create_native_client_buffer EGL_ANDROID_front_buffer_auto_refresh EGL_KHR_image_base EGL_KHR_fence_sync EGL_ANDROID_image_native_buffer 
05-23 05:40:48.649 I/SurfaceFlinger( 1319): Client API: OpenGL_ES
05-23 05:40:48.649 I/SurfaceFlinger( 1319): EGLSurface: 5-6-5-0, config=0x0
05-23 05:40:48.691 W/SurfaceFlinger( 1319): no suitable EGLConfig found, trying a simpler query
05-23 05:40:48.691 W/SurfaceFlinger( 1319): EGL_SLOW_CONFIG selected!
05-23 05:40:48.691 I/SurfaceFlinger( 1319): EGL information:
05-23 05:40:48.691 I/SurfaceFlinger( 1319): vendor    : Android
05-23 05:40:48.691 I/SurfaceFlinger( 1319): version   : 1.4 Android META-EGL
05-23 05:40:48.691 I/SurfaceFlinger( 1319): extensions: EGL_KHR_get_all_proc_addresses EGL_ANDROID_presentation_time EGL_KHR_swap_buffers_with_damage EGL_ANDROID_create_native_client_buffer EGL_ANDROID_front_buffer_auto_refresh EGL_KHR_image_base EGL_KHR_fence_sync EGL_ANDROID_image_native_buffer 
05-23 05:40:48.691 I/SurfaceFlinger( 1319): Client API: OpenGL_ES
05-23 05:40:48.691 I/SurfaceFlinger( 1319): EGLSurface: 5-6-5-0, config=0x0
05-23 05:40:48.696 I/SurfaceFlinger( 1319): OpenGL ES informations:
05-23 05:40:48.696 I/SurfaceFlinger( 1319): vendor    : Android
05-23 05:40:48.696 I/SurfaceFlinger( 1319): renderer  : Android PixelFlinger 1.4
05-23 05:40:48.696 I/SurfaceFlinger( 1319): version   : OpenGL ES-CM 1.0
05-23 05:40:48.697 I/SurfaceFlinger( 1319): extensions: GL_EXT_debug_marker GL_OES_byte_coordinates GL_OES_fixed_point GL_OES_single_precision GL_OES_read_format GL_OES_compressed_paletted_texture GL_OES_draw_texture GL_OES_matrix_get GL_OES_query_matrix GL_OES_EGL_image GL_OES_EGL_sync GL_OES_compressed_ETC1_RGB8_texture GL_ARB_texture_compression GL_ARB_texture_non_power_of_two GL_ANDROID_user_clip_plane GL_ANDROID_vertex_buffer_object GL_ANDROID_generate_mipmap 
05-23 05:40:48.697 I/SurfaceFlinger( 1319): GL_MAX_TEXTURE_SIZE = 4096
05-23 05:40:48.697 I/SurfaceFlinger( 1319): GL_MAX_VIEWPORT_DIMS = 4096
05-23 05:40:48.709 W/SurfaceFlinger( 1319): no suitable EGLConfig found, trying a simpler query
05-23 05:40:48.709 W/SurfaceFlinger( 1319): EGL_SLOW_CONFIG selected!
05-23 05:40:48.709 I/SurfaceFlinger( 1319): EGL information:
05-23 05:40:48.709 I/SurfaceFlinger( 1319): vendor    : Android
05-23 05:40:48.709 I/SurfaceFlinger( 1319): version   : 1.4 Android META-EGL
05-23 05:40:48.709 I/SurfaceFlinger( 1319): extensions: EGL_KHR_get_all_proc_addresses EGL_ANDROID_presentation_time EGL_KHR_swap_buffers_with_damage EGL_ANDROID_create_native_client_buffer EGL_ANDROID_front_buffer_auto_refresh EGL_KHR_image_base EGL_KHR_fence_sync EGL_ANDROID_image_native_buffer 
05-23 05:40:48.709 I/SurfaceFlinger( 1319): Client API: OpenGL_ES
05-23 05:40:48.709 I/SurfaceFlinger( 1319): EGLSurface: 5-6-5-0, config=0x0
05-23 05:40:49.012 E/libEGL  ( 1319): called unimplemented OpenGL ES API
05-23 05:40:49.013 E/SurfaceFlinger( 1319): Error while compiling shader: 
05-23 05:40:49.013 E/SurfaceFlinger( 1319): attribute vec4 position;
05-23 05:40:49.013 E/SurfaceFlinger( 1319): uniform mat4 projection;
05-23 05:40:49.013 E/SurfaceFlinger( 1319): uniform mat4 texture;
05-23 05:40:49.013 E/SurfaceFlinger( 1319): void main(void) {
05-23 05:40:49.013 E/SurfaceFlinger( 1319):     gl_Position = projection * position;
05-23 05:40:49.013 E/SurfaceFlinger( 1319): }
05-23 05:40:49.013 E/SurfaceFlinger( 1319): 
05-23 05:40:49.013 E/SurfaceFlinger( 1319): öÿÿÿÿÿÿÿŸÑ‰ƒ}
05-23 05:40:49.013 E/SurfaceFlinger( 1319): Error while compiling shader: 
05-23 05:40:49.013 E/SurfaceFlinger( 1319): precision mediump float;
05-23 05:40:49.013 E/SurfaceFlinger( 1319): uniform vec4 color;
05-23 05:40:49.013 E/SurfaceFlinger( 1319): void main(void) {
05-23 05:40:49.013 E/SurfaceFlinger( 1319):     gl_FragColor = color;
05-23 05:40:49.013 E/SurfaceFlinger( 1319): }
05-23 05:40:49.013 E/SurfaceFlinger( 1319): 
05-23 05:40:49.013 E/SurfaceFlinger( 1319): öÿÿÿÿÿÿÿŸÑ‰ƒ}
05-23 05:40:49.013 E/SurfaceFlinger( 1319): Error while linking shaders:
05-23 05:40:49.013 E/SurfaceFlinger( 1319): Error while compiling shader: 
05-23 05:40:49.013 E/SurfaceFlinger( 1319): attribute vec4 position;
05-23 05:40:49.013 E/SurfaceFlinger( 1319): uniform mat4 projection;
05-23 05:40:49.013 E/SurfaceFlinger( 1319): uniform mat4 texture;
05-23 05:40:49.013 E/SurfaceFlinger( 1319): void main(void) {
05-23 05:40:49.013 E/SurfaceFlinger( 1319):     gl_Position = projection * position;
05-23 05:40:49.013 E/SurfaceFlinger( 1319): }
05-23 05:40:49.013 E/SurfaceFlinger( 1319): 
05-23 05:40:49.013 E/SurfaceFlinger( 1319): öÿÿÿÿÿÿÿŸÑ‰ƒ}
05-23 05:40:49.013 E/SurfaceFlinger( 1319): Error while compiling shader: 
05-23 05:40:49.013 E/SurfaceFlinger( 1319): precision mediump float;
05-23 05:40:49.013 E/SurfaceFlinger( 1319): uniform vec4 color;
05-23 05:40:49.013 E/SurfaceFlinger( 1319): void main(void) {
05-23 05:40:49.013 E/SurfaceFlinger( 1319):     gl_FragColor = color;
05-23 05:40:49.013 E/SurfaceFlinger( 1319): }
05-23 05:40:49.013 E/SurfaceFlinger( 1319): 
05-23 05:40:49.013 E/SurfaceFlinger( 1319): öÿÿÿÿÿÿÿŸÑ‰ƒ}
05-23 05:40:49.013 E/SurfaceFlinger( 1319): Error while linking shaders:
05-23 05:40:49.013 E/SurfaceFlinger( 1319): Error while compiling shader: 
05-23 05:40:49.013 E/SurfaceFlinger( 1319): attribute vec4 position;
05-23 05:40:49.013 E/SurfaceFlinger( 1319): uniform mat4 projection;
05-23 05:40:49.013 E/SurfaceFlinger( 1319): uniform mat4 texture;
05-23 05:40:49.013 E/SurfaceFlinger( 1319): void main(void) {
05-23 05:40:49.013 E/SurfaceFlinger( 1319):     gl_Position = projection * position;
05-23 05:40:49.013 E/SurfaceFlinger( 1319): }
05-23 05:40:49.013 E/SurfaceFlinger( 1319): 
05-23 05:40:49.013 E/SurfaceFlinger( 1319): öÿÿÿÿÿÿÿŸÑ‰ƒ}
05-23 05:40:49.013 E/SurfaceFlinger( 1319): Error while compiling shader: 
05-23 05:40:49.013 E/SurfaceFlinger( 1319): precision mediump float;
05-23 05:40:49.013 E/SurfaceFlinger( 1319): uniform vec4 color;
05-23 05:40:49.013 E/SurfaceFlinger( 1319): void main(void) {
05-23 05:40:49.013 E/SurfaceFlinger( 1319):     gl_FragColor = color;
05-23 05:40:49.013 E/SurfaceFlinger( 1319):     gl_FragColor.a = 1.0;
05-23 05:40:49.013 E/SurfaceFlinger( 1319): }
05-23 05:40:49.013 E/SurfaceFlinger( 1319): 
05-23 05:40:49.013 E/SurfaceFlinger( 1319): öÿÿÿÿÿÿÿŸÑ‰ƒ}
05-23 05:40:49.014 E/SurfaceFlinger( 1319): Error while linking shaders:
05-23 05:40:49.014 E/SurfaceFlinger( 1319): Error while compiling shader: 
05-23 05:40:49.014 E/SurfaceFlinger( 1319): attribute vec4 position;
05-23 05:40:49.014 E/SurfaceFlinger( 1319): uniform mat4 projection;
05-23 05:40:49.014 E/SurfaceFlinger( 1319): uniform mat4 texture;
05-23 05:40:49.014 E/SurfaceFlinger( 1319): void main(void) {
05-23 05:40:49.014 E/SurfaceFlinger( 1319):     gl_Position = projection * position;
05-23 05:40:49.014 E/SurfaceFlinger( 1319): }
05-23 05:40:49.014 E/SurfaceFlinger( 1319): 
05-23 05:40:49.014 E/SurfaceFlinger( 1319): öÿÿÿÿÿÿÿŸÑ‰ƒ}
05-23 05:40:49.014 E/SurfaceFlinger( 1319): Error while compiling shader: 
05-23 05:40:49.014 E/SurfaceFlinger( 1319): precision mediump float;
05-23 05:40:49.014 E/SurfaceFlinger( 1319): uniform vec4 color;
05-23 05:40:49.014 E/SurfaceFlinger( 1319): void main(void) {
05-23 05:40:49.014 E/SurfaceFlinger( 1319):     gl_FragColor = color;
05-23 05:40:49.014 E/SurfaceFlinger( 1319):     gl_FragColor.a = 1.0;
05-23 05:40:49.014 E/SurfaceFlinger( 1319): }
05-23 05:40:49.014 E/SurfaceFlinger( 1319): 
05-23 05:40:49.014 E/SurfaceFlinger( 1319): öÿÿÿÿÿÿÿŸÑ‰ƒ}
05-23 05:40:49.014 E/SurfaceFlinger( 1319): Error while linking shaders:
05-23 05:40:49.014 E/SurfaceFlinger( 1319): Error while compiling shader: 
05-23 05:40:49.014 E/SurfaceFlinger( 1319): attribute vec4 position;
05-23 05:40:49.014 E/SurfaceFlinger( 1319): uniform mat4 projection;
05-23 05:40:49.014 E/SurfaceFlinger( 1319): uniform mat4 texture;
05-23 05:40:49.014 E/SurfaceFlinger( 1319): void main(void) {
05-23 05:40:49.014 E/SurfaceFlinger( 1319):     gl_Position = projection * position;
05-23 05:40:49.014 E/SurfaceFlinger( 1319): }
05-23 05:40:49.014 E/SurfaceFlinger( 1319): 
05-23 05:40:49.014 E/SurfaceFlinger( 1319): öÿÿÿÿÿÿÿŸÑ‰ƒ}
05-23 05:40:49.014 E/SurfaceFlinger( 1319): Error while compiling shader: 
05-23 05:40:49.014 E/SurfaceFlinger( 1319): precision mediump float;
05-23 05:40:49.014 E/SurfaceFlinger( 1319): uniform vec4 color;
05-23 05:40:49.014 E/SurfaceFlinger( 1319): uniform float alphaPlane;
05-23 05:40:49.014 E/SurfaceFlinger( 1319): void main(void) {
05-23 05:40:49.014 E/SurfaceFlinger( 1319):     gl_FragColor = color;
05-23 05:40:49.014 E/SurfaceFlinger( 1319):     gl_FragColor.a *= alphaPlane;
05-23 05:40:49.014 E/SurfaceFlinger( 1319): }
05-23 05:40:49.014 E/SurfaceFlinger( 1319): 
05-23 05:40:49.014 E/SurfaceFlinger( 1319): öÿÿÿÿÿÿÿŸÑ‰ƒ}
05-23 05:40:49.014 E/SurfaceFlinger( 1319): Error while linking shaders:
05-23 05:40:49.014 E/SurfaceFlinger( 1319): Error while compiling shader: 
05-23 05:40:49.014 E/SurfaceFlinger( 1319): attribute vec4 position;
05-23 05:40:49.014 E/SurfaceFlinger( 1319): uniform mat4 projection;
05-23 05:40:49.014 E/SurfaceFlinger( 1319): uniform mat4 texture;
05-23 05:40:49.014 E/SurfaceFlinger( 1319): void main(void) {
05-23 05:40:49.014 E/SurfaceFlinger( 1319):     gl_Position = projection * position;
05-23 05:40:49.014 E/SurfaceFlinger( 1319): }
05-23 05:40:49.014 E/SurfaceFlinger( 1319): 
05-23 05:40:49.014 E/SurfaceFlinger( 1319): öÿÿÿÿÿÿÿŸÑ‰ƒ}
05-23 05:40:49.014 E/SurfaceFlinger( 1319): Error while compiling shader: 
05-23 05:40:49.014 E/SurfaceFlinger( 1319): precision mediump float;
05-23 05:40:49.014 E/SurfaceFlinger( 1319): uniform vec4 color;
05-23 05:40:49.014 E/SurfaceFlinger( 1319): uniform float alphaPlane;
05-23 05:40:49.014 E/SurfaceFlinger( 1319): void main(void) {
05-23 05:40:49.014 E/SurfaceFlinger( 1319):     gl_FragColor = color;
05-23 05:40:49.014 E/SurfaceFlinger( 1319):     gl_FragColor *= alphaPlane;
05-23 05:40:49.014 E/SurfaceFlinger( 1319): }
05-23 05:40:49.014 E/SurfaceFlinger( 1319): 
05-23 05:40:49.014 E/SurfaceFlinger( 1319): öÿÿÿÿÿÿÿŸÑ‰ƒ}
05-23 05:40:49.014 E/SurfaceFlinger( 1319): Error while linking shaders:
05-23 05:40:49.014 E/SurfaceFlinger( 1319): Error while compiling shader: 
05-23 05:40:49.014 E/SurfaceFlinger( 1319): attribute vec4 position;
05-23 05:40:49.014 E/SurfaceFlinger( 1319): uniform mat4 projection;
05-23 05:40:49.014 E/SurfaceFlinger( 1319): uniform mat4 texture;
05-23 05:40:49.014 E/SurfaceFlinger( 1319): void main(void) {
05-23 05:40:49.014 E/SurfaceFlinger( 1319):     gl_Position = projection * position;
05-23 05:40:49.014 E/SurfaceFlinger( 1319): }
05-23 05:40:49.014 E/SurfaceFlinger( 1319): 
05-23 05:40:49.014 E/SurfaceFlinger( 1319): öÿÿÿÿÿÿÿŸÑ‰ƒ}
05-23 05:40:49.014 E/SurfaceFlinger( 1319): Error while compiling shader: 
05-23 05:40:49.014 E/SurfaceFlinger( 1319): precision mediump float;
05-23 05:40:49.014 E/SurfaceFlinger( 1319): uniform vec4 color;
05-23 05:40:49.014 E/SurfaceFlinger( 1319): uniform float alphaPlane;
05-23 05:40:49.014 E/SurfaceFlinger( 1319): void main(void) {
05-23 05:40:49.014 E/SurfaceFlinger( 1319):     gl_FragColor = color;
05-23 05:40:49.014 E/SurfaceFlinger( 1319):     gl_FragColor.a = 1.0;
05-23 05:40:49.014 E/SurfaceFlinger( 1319):     gl_FragColor.a *= alphaPlane;
05-23 05:40:49.014 E/SurfaceFlinger( 1319): }
05-23 05:40:49.014 E/SurfaceFlinger( 1319): 
05-23 05:40:49.014 E/SurfaceFlinger( 1319): öÿÿÿÿÿÿÿŸÑ‰ƒ}
05-23 05:40:49.014 E/SurfaceFlinger( 1319): Error while linking shaders:
05-23 05:40:49.014 E/SurfaceFlinger( 1319): Error while compiling shader: 
05-23 05:40:49.014 E/SurfaceFlinger( 1319): attribute vec4 position;
05-23 05:40:49.014 E/SurfaceFlinger( 1319): uniform mat4 projection;
05-23 05:40:49.014 E/SurfaceFlinger( 1319): uniform mat4 texture;
05-23 05:40:49.014 E/SurfaceFlinger( 1319): void main(void) {
05-23 05:40:49.014 E/SurfaceFlinger( 1319):     gl_Position = projection * position;
05-23 05:40:49.014 E/SurfaceFlinger( 1319): }
05-23 05:40:49.014 E/SurfaceFlinger( 1319): 
05-23 05:40:49.014 E/SurfaceFlinger( 1319): öÿÿÿÿÿÿÿŸÑ‰ƒ}
05-23 05:40:49.014 E/SurfaceFlinger( 1319): Error while compiling shader: 
05-23 05:40:49.014 E/SurfaceFlinger( 1319): precision mediump float;
05-23 05:40:49.014 E/SurfaceFlinger( 1319): uniform vec4 color;
05-23 05:40:49.014 E/SurfaceFlinger( 1319): uniform float alphaPlane;
05-23 05:40:49.014 E/SurfaceFlinger( 1319): void main(void) {
05-23 05:40:49.014 E/SurfaceFlinger( 1319):     gl_FragColor = color;
05-23 05:40:49.014 E/SurfaceFlinger( 1319):     gl_FragColor.a = 1.0;
05-23 05:40:49.014 E/SurfaceFlinger( 1319):     gl_FragColor *= alphaPlane;
05-23 05:40:49.014 E/SurfaceFlinger( 1319): }
05-23 05:40:49.014 E/SurfaceFlinger( 1319): 
05-23 05:40:49.014 E/SurfaceFlinger( 1319): öÿÿÿÿÿÿÿŸÑ‰ƒ}
05-23 05:40:49.014 E/SurfaceFlinger( 1319): Error while linking shaders:
05-23 05:40:49.015 E/SurfaceFlinger( 1319): Error while compiling shader: 
05-23 05:40:49.015 E/SurfaceFlinger( 1319): attribute vec4 texCoords;
05-23 05:40:49.015 E/SurfaceFlinger( 1319): varying vec2 outTexCoords;
05-23 05:40:49.015 E/SurfaceFlinger( 1319): attribute vec4 position;
05-23 05:40:49.015 E/SurfaceFlinger( 1319): uniform mat4 projection;
05-23 05:40:49.015 E/SurfaceFlinger( 1319): uniform mat4 texture;
05-23 05:40:49.015 E/SurfaceFlinger( 1319): void main(void) {
05-23 05:40:49.015 E/SurfaceFlinger( 1319):     gl_Position = projection * position;
05-23 05:40:49.015 E/SurfaceFlinger( 1319):     outTexCoords = (texture * texCoords).st;
05-23 05:40:49.015 E/SurfaceFlinger( 1319): }
05-23 05:40:49.015 E/SurfaceFlinger( 1319): 
05-23 05:40:49.015 E/SurfaceFlinger( 1319): öÿÿÿÿÿÿÿŸÑ‰ƒ}
05-23 05:40:49.015 E/SurfaceFlinger( 1319): Error while compiling shader: 
05-23 05:40:49.015 E/SurfaceFlinger( 1319): #extension GL_OES_EGL_image_external : require
05-23 05:40:49.015 E/SurfaceFlinger( 1319): precision mediump float;
05-23 05:40:49.015 E/SurfaceFlinger( 1319): uniform samplerExternalOES sampler;
05-23 05:40:49.015 E/SurfaceFlinger( 1319): varying vec2 outTexCoords;
05-23 05:40:49.015 E/SurfaceFlinger( 1319): void main(void) {
05-23 05:40:49.015 E/SurfaceFlinger( 1319):     gl_FragColor = texture2D(sampler, outTexCoords);
05-23 05:40:49.015 E/SurfaceFlinger( 1319): }
05-23 05:40:49.015 E/SurfaceFlinger( 1319): 
05-23 05:40:49.015 E/SurfaceFlinger( 1319): öÿÿÿÿÿÿÿŸÑ‰ƒ}
05-23 05:40:49.015 E/SurfaceFlinger( 1319): Error while linking shaders:
05-23 05:40:49.015 E/SurfaceFlinger( 1319): Error while compiling shader: 
05-23 05:40:49.015 E/SurfaceFlinger( 1319): attribute vec4 texCoords;
05-23 05:40:49.015 E/SurfaceFlinger( 1319): varying vec2 outTexCoords;
05-23 05:40:49.015 E/SurfaceFlinger( 1319): attribute vec4 position;
05-23 05:40:49.015 E/SurfaceFlinger( 1319): uniform mat4 projection;
05-23 05:40:49.015 E/SurfaceFlinger( 1319): uniform mat4 texture;
05-23 05:40:49.015 E/SurfaceFlinger( 1319): void main(void) {
05-23 05:40:49.015 E/SurfaceFlinger( 1319):     gl_Position = projection * position;
05-23 05:40:49.015 E/SurfaceFlinger( 1319):     outTexCoords = (texture * texCoords).st;
05-23 05:40:49.015 E/SurfaceFlinger( 1319): }
05-23 05:40:49.015 E/SurfaceFlinger( 1319): 
05-23 05:40:49.015 E/SurfaceFlinger( 1319): öÿÿÿÿÿÿÿŸÑ‰ƒ}
05-23 05:40:49.015 E/SurfaceFlinger( 1319): Error while compiling shader: 
05-23 05:40:49.015 E/SurfaceFlinger( 1319): #extension GL_OES_EGL_image_external : require
05-23 05:40:49.015 E/SurfaceFlinger( 1319): precision mediump float;
05-23 05:40:49.015 E/SurfaceFlinger( 1319): uniform samplerExternalOES sampler;
05-23 05:40:49.015 E/SurfaceFlinger( 1319): varying vec2 outTexCoords;
05-23 05:40:49.015 E/SurfaceFlinger( 1319): void main(void) {
05-23 05:40:49.015 E/SurfaceFlinger( 1319):     gl_FragColor = texture2D(sampler, outTexCoords);
05-23 05:40:49.015 E/SurfaceFlinger( 1319): }
05-23 05:40:49.015 E/SurfaceFlinger( 1319): 
05-23 05:40:49.015 E/SurfaceFlinger( 1319): öÿÿÿÿÿÿÿŸÑ‰ƒ}
05-23 05:40:49.015 E/SurfaceFlinger( 1319): Error while linking shaders:
05-23 05:40:49.015 E/SurfaceFlinger( 1319): Error while compiling shader: 
05-23 05:40:49.015 E/SurfaceFlinger( 1319): attribute vec4 texCoords;
05-23 05:40:49.015 E/SurfaceFlinger( 1319): varying vec2 outTexCoords;
05-23 05:40:49.015 E/SurfaceFlinger( 1319): attribute vec4 position;
05-23 05:40:49.015 E/SurfaceFlinger( 1319): uniform mat4 projection;
05-23 05:40:49.015 E/SurfaceFlinger( 1319): uniform mat4 texture;
05-23 05:40:49.015 E/SurfaceFlinger( 1319): void main(void) {
05-23 05:40:49.015 E/SurfaceFlinger( 1319):     gl_Position = projection * position;
05-23 05:40:49.015 E/SurfaceFlinger( 1319):     outTexCoords = (texture * texCoords).st;
05-23 05:40:49.015 E/SurfaceFlinger( 1319): }
05-23 05:40:49.015 E/SurfaceFlinger( 1319): 
05-23 05:40:49.015 E/SurfaceFlinger( 1319): öÿÿÿÿÿÿÿŸÑ‰ƒ}
05-23 05:40:49.015 E/SurfaceFlinger( 1319): Error while compiling shader: 
05-23 05:40:49.015 E/SurfaceFlinger( 1319): #extension GL_OES_EGL_image_external : require
05-23 05:40:49.015 E/SurfaceFlinger( 1319): precision mediump float;
05-23 05:40:49.015 E/SurfaceFlinger( 1319): uniform samplerExternalOES sampler;
05-23 05:40:49.015 E/SurfaceFlinger( 1319): varying vec2 outTexCoords;
05-23 05:40:49.015 E/SurfaceFlinger( 1319): void main(void) {
05-23 05:40:49.015 E/SurfaceFlinger( 1319):     gl_FragColor = texture2D(sampler, outTexCoords);
05-23 05:40:49.015 E/SurfaceFlinger( 1319):     gl_FragColor.a = 1.0;
05-23 05:40:49.015 E/SurfaceFlinger( 1319): }
05-23 05:40:49.015 E/SurfaceFlinger( 1319): 
05-23 05:40:49.015 E/SurfaceFlinger( 1319): öÿÿÿÿÿÿÿŸÑ‰ƒ}
05-23 05:40:49.015 E/SurfaceFlinger( 1319): Error while linking shaders:
05-23 05:40:49.015 E/SurfaceFlinger( 1319): Error while compiling shader: 
05-23 05:40:49.015 E/SurfaceFlinger( 1319): attribute vec4 texCoords;
05-23 05:40:49.015 E/SurfaceFlinger( 1319): varying vec2 outTexCoords;
05-23 05:40:49.015 E/SurfaceFlinger( 1319): attribute vec4 position;
05-23 05:40:49.015 E/SurfaceFlinger( 1319): uniform mat4 projection;
05-23 05:40:49.015 E/SurfaceFlinger( 1319): uniform mat4 texture;
05-23 05:40:49.015 E/SurfaceFlinger( 1319): void main(void) {
05-23 05:40:49.015 E/SurfaceFlinger( 1319):     gl_Position = projection * position;
05-23 05:40:49.015 E/SurfaceFlinger( 1319):     outTexCoords = (texture * texCoords).st;
05-23 05:40:49.015 E/SurfaceFlinger( 1319): }
05-23 05:40:49.015 E/SurfaceFlinger( 1319): 
05-23 05:40:49.015 E/SurfaceFlinger( 1319): öÿÿÿÿÿÿÿŸÑ‰ƒ}
05-23 05:40:49.015 E/SurfaceFlinger( 1319): Error while compiling shader: 
05-23 05:40:49.015 E/SurfaceFlinger( 1319): #extension GL_OES_EGL_image_external : require
05-23 05:40:49.015 E/SurfaceFlinger( 1319): precision mediump float;
05-23 05:40:49.015 E/SurfaceFlinger( 1319): uniform samplerExternalOES sampler;
05-23 05:40:49.015 E/SurfaceFlinger( 1319): varying vec2 outTexCoords;
05-23 05:40:49.015 E/SurfaceFlinger( 1319): void main(void) {
05-23 05:40:49.015 E/SurfaceFlinger( 1319):     gl_FragColor = texture2D(sampler, outTexCoords);
05-23 05:40:49.015 E/SurfaceFlinger( 1319):     gl_FragColor.a = 1.0;
05-23 05:40:49.015 E/SurfaceFlinger( 1319): }
05-23 05:40:49.015 E/SurfaceFlinger( 1319): 
05-23 05:40:49.015 E/SurfaceFlinger( 1319): öÿÿÿÿÿÿÿŸÑ‰ƒ}
05-23 05:40:49.015 E/SurfaceFlinger( 1319): Error while linking shaders:
05-23 05:40:49.015 E/SurfaceFlinger( 1319): Error while compiling shader: 
05-23 05:40:49.015 E/SurfaceFlinger( 1319): attribute vec4 texCoords;
05-23 05:40:49.015 E/SurfaceFlinger( 1319): varying vec2 outTexCoords;
05-23 05:40:49.015 E/SurfaceFlinger( 1319): attribute vec4 position;
05-23 05:40:49.015 E/SurfaceFlinger( 1319): uniform mat4 projection;
05-23 05:40:49.015 E/SurfaceFlinger( 1319): uniform mat4 texture;
05-23 05:40:49.015 E/SurfaceFlinger( 1319): void main(void) {
05-23 05:40:49.015 E/SurfaceFlinger( 1319):     gl_Position = projection * position;
05-23 05:40:49.015 E/SurfaceFlinger( 1319):     outTexCoords = (texture * texCoords).st;
05-23 05:40:49.015 E/SurfaceFlinger( 1319): }
05-23 05:40:49.015 E/SurfaceFlinger( 1319): 
05-23 05:40:49.015 E/SurfaceFlinger( 1319): öÿÿÿÿÿÿÿŸÑ‰ƒ}
05-23 05:40:49.015 E/SurfaceFlinger( 1319): Error while compiling shader: 
05-23 05:40:49.015 E/SurfaceFlinger( 1319): #extension GL_OES_EGL_image_external : require
05-23 05:40:49.015 E/SurfaceFlinger( 1319): precision mediump float;
05-23 05:40:49.015 E/SurfaceFlinger( 1319): uniform samplerExternalOES sampler;
05-23 05:40:49.015 E/SurfaceFlinger( 1319): varying vec2 outTexCoords;
05-23 05:40:49.015 E/SurfaceFlinger( 1319): uniform float alphaPlane;
05-23 05:40:49.015 E/SurfaceFlinger( 1319): void main(void) {
05-23 05:40:49.015 E/SurfaceFlinger( 1319):     gl_FragColor = texture2D(sampler, outTexCoords);
05-23 05:40:49.015 E/SurfaceFlinger( 1319):     gl_FragColor.a *= alphaPlane;
05-23 05:40:49.015 E/SurfaceFlinger( 1319): }
05-23 05:40:49.015 E/SurfaceFlinger( 1319): 
05-23 05:40:49.015 E/SurfaceFlinger( 1319): öÿÿÿÿÿÿÿŸÑ‰ƒ}
05-23 05:40:49.015 E/SurfaceFlinger( 1319): Error while linking shaders:
05-23 05:40:49.016 E/SurfaceFlinger( 1319): Error while compiling shader: 
05-23 05:40:49.016 E/SurfaceFlinger( 1319): attribute vec4 texCoords;
05-23 05:40:49.016 E/SurfaceFlinger( 1319): varying vec2 outTexCoords;
05-23 05:40:49.016 E/SurfaceFlinger( 1319): attribute vec4 position;
05-23 05:40:49.016 E/SurfaceFlinger( 1319): uniform mat4 projection;
05-23 05:40:49.016 E/SurfaceFlinger( 1319): uniform mat4 texture;
05-23 05:40:49.016 E/SurfaceFlinger( 1319): void main(void) {
05-23 05:40:49.016 E/SurfaceFlinger( 1319):     gl_Position = projection * position;
05-23 05:40:49.016 E/SurfaceFlinger( 1319):     outTexCoords = (texture * texCoords).st;
05-23 05:40:49.016 E/SurfaceFlinger( 1319): }
05-23 05:40:49.016 E/SurfaceFlinger( 1319): 
05-23 05:40:49.016 E/SurfaceFlinger( 1319): öÿÿÿÿÿÿÿŸÑ‰ƒ}
05-23 05:40:49.016 E/SurfaceFlinger( 1319): Error while compiling shader: 
05-23 05:40:49.016 E/SurfaceFlinger( 1319): #extension GL_OES_EGL_image_external : require
05-23 05:40:49.016 E/SurfaceFlinger( 1319): precision mediump float;
05-23 05:40:49.016 E/SurfaceFlinger( 1319): uniform samplerExternalOES sampler;
05-23 05:40:49.016 E/SurfaceFlinger( 1319): varying vec2 outTexCoords;
05-23 05:40:49.016 E/SurfaceFlinger( 1319): uniform float alphaPlane;
05-23 05:40:49.016 E/SurfaceFlinger( 1319): void main(void) {
05-23 05:40:49.016 E/SurfaceFlinger( 1319):     gl_FragColor = texture2D(sampler, outTexCoords);
05-23 05:40:49.016 E/SurfaceFlinger( 1319):     gl_FragColor *= alphaPlane;
05-23 05:40:49.016 E/SurfaceFlinger( 1319): }
05-23 05:40:49.016 E/SurfaceFlinger( 1319): 
05-23 05:40:49.016 E/SurfaceFlinger( 1319): öÿÿÿÿÿÿÿŸÑ‰ƒ}
05-23 05:40:49.016 E/SurfaceFlinger( 1319): Error while linking shaders:
05-23 05:40:49.016 E/SurfaceFlinger( 1319): Error while compiling shader: 
05-23 05:40:49.016 E/SurfaceFlinger( 1319): attribute vec4 texCoords;
05-23 05:40:49.016 E/SurfaceFlinger( 1319): varying vec2 outTexCoords;
05-23 05:40:49.016 E/SurfaceFlinger( 1319): attribute vec4 position;
05-23 05:40:49.016 E/SurfaceFlinger( 1319): uniform mat4 projection;
05-23 05:40:49.016 E/SurfaceFlinger( 1319): uniform mat4 texture;
05-23 05:40:49.016 E/SurfaceFlinger( 1319): void main(void) {
05-23 05:40:49.016 E/SurfaceFlinger( 1319):     gl_Position = projection * position;
05-23 05:40:49.016 E/SurfaceFlinger( 1319):     outTexCoords = (texture * texCoords).st;
05-23 05:40:49.016 E/SurfaceFlinger( 1319): }
05-23 05:40:49.016 E/SurfaceFlinger( 1319): 
05-23 05:40:49.016 E/SurfaceFlinger( 1319): öÿÿÿÿÿÿÿŸÑ‰ƒ}
05-23 05:40:49.016 E/SurfaceFlinger( 1319): Error while compiling shader: 
05-23 05:40:49.016 E/SurfaceFlinger( 1319): #extension GL_OES_EGL_image_external : require
05-23 05:40:49.016 E/SurfaceFlinger( 1319): precision mediump float;
05-23 05:40:49.016 E/SurfaceFlinger( 1319): uniform samplerExternalOES sampler;
05-23 05:40:49.016 E/SurfaceFlinger( 1319): varying vec2 outTexCoords;
05-23 05:40:49.016 E/SurfaceFlinger( 1319): uniform float alphaPlane;
05-23 05:40:49.016 E/SurfaceFlinger( 1319): void main(void) {
05-23 05:40:49.016 E/SurfaceFlinger( 1319):     gl_FragColor = texture2D(sampler, outTexCoords);
05-23 05:40:49.016 E/SurfaceFlinger( 1319):     gl_FragColor.a = 1.0;
05-23 05:40:49.016 E/SurfaceFlinger( 1319):     gl_FragColor.a *= alphaPlane;
05-23 05:40:49.016 E/SurfaceFlinger( 1319): }
05-23 05:40:49.016 E/SurfaceFlinger( 1319): 
05-23 05:40:49.016 E/SurfaceFlinger( 1319): öÿÿÿÿÿÿÿŸÑ‰ƒ}
05-23 05:40:49.016 E/SurfaceFlinger( 1319): Error while linking shaders:
05-23 05:40:49.016 E/SurfaceFlinger( 1319): Error while compiling shader: 
05-23 05:40:49.016 E/SurfaceFlinger( 1319): attribute vec4 texCoords;
05-23 05:40:49.016 E/SurfaceFlinger( 1319): varying vec2 outTexCoords;
05-23 05:40:49.016 E/SurfaceFlinger( 1319): attribute vec4 position;
05-23 05:40:49.016 E/SurfaceFlinger( 1319): uniform mat4 projection;
05-23 05:40:49.016 E/SurfaceFlinger( 1319): uniform mat4 texture;
05-23 05:40:49.016 E/SurfaceFlinger( 1319): void main(void) {
05-23 05:40:49.016 E/SurfaceFlinger( 1319):     gl_Position = projection * position;
05-23 05:40:49.016 E/SurfaceFlinger( 1319):     outTexCoords = (texture * texCoords).st;
05-23 05:40:49.016 E/SurfaceFlinger( 1319): }
05-23 05:40:49.016 E/SurfaceFlinger( 1319): 
05-23 05:40:49.016 E/SurfaceFlinger( 1319): öÿÿÿÿÿÿÿŸÑ‰ƒ}
05-23 05:40:49.016 E/SurfaceFlinger( 1319): Error while compiling shader: 
05-23 05:40:49.016 E/SurfaceFlinger( 1319): #extension GL_OES_EGL_image_external : require
05-23 05:40:49.016 E/SurfaceFlinger( 1319): precision mediump float;
05-23 05:40:49.016 E/SurfaceFlinger( 1319): uniform samplerExternalOES sampler;
05-23 05:40:49.016 E/SurfaceFlinger( 1319): varying vec2 outTexCoords;
05-23 05:40:49.016 E/SurfaceFlinger( 1319): uniform float alphaPlane;
05-23 05:40:49.016 E/SurfaceFlinger( 1319): void main(void) {
05-23 05:40:49.016 E/SurfaceFlinger( 1319):     gl_FragColor = texture2D(sampler, outTexCoords);
05-23 05:40:49.016 E/SurfaceFlinger( 1319):     gl_FragColor.a = 1.0;
05-23 05:40:49.016 E/SurfaceFlinger( 1319):     gl_FragColor *= alphaPlane;
05-23 05:40:49.016 E/SurfaceFlinger( 1319): }
05-23 05:40:49.016 E/SurfaceFlinger( 1319): 
05-23 05:40:49.016 E/SurfaceFlinger( 1319): öÿÿÿÿÿÿÿŸÑ‰ƒ}
05-23 05:40:49.016 E/SurfaceFlinger( 1319): Error while linking shaders:
05-23 05:40:49.016 E/SurfaceFlinger( 1319): Error while compiling shader: 
05-23 05:40:49.016 E/SurfaceFlinger( 1319): attribute vec4 texCoords;
05-23 05:40:49.016 E/SurfaceFlinger( 1319): varying vec2 outTexCoords;
05-23 05:40:49.016 E/SurfaceFlinger( 1319): attribute vec4 position;
05-23 05:40:49.016 E/SurfaceFlinger( 1319): uniform mat4 projection;
05-23 05:40:49.016 E/SurfaceFlinger( 1319): uniform mat4 texture;
05-23 05:40:49.016 E/SurfaceFlinger( 1319): void main(void) {
05-23 05:40:49.016 E/SurfaceFlinger( 1319):     gl_Position = projection * position;
05-23 05:40:49.016 E/SurfaceFlinger( 1319):     outTexCoords = (texture * texCoords).st;
05-23 05:40:49.016 E/SurfaceFlinger( 1319): }
05-23 05:40:49.016 E/SurfaceFlinger( 1319): 
05-23 05:40:49.016 E/SurfaceFlinger( 1319): öÿÿÿÿÿÿÿŸÑ‰ƒ}
05-23 05:40:49.016 E/SurfaceFlinger( 1319): Error while compiling shader: 
05-23 05:40:49.016 E/SurfaceFlinger( 1319): precision mediump float;
05-23 05:40:49.016 E/SurfaceFlinger( 1319): uniform sampler2D sampler;
05-23 05:40:49.016 E/SurfaceFlinger( 1319): varying vec2 outTexCoords;
05-23 05:40:49.016 E/SurfaceFlinger( 1319): void main(void) {
05-23 05:40:49.016 E/SurfaceFlinger( 1319):     gl_FragColor = texture2D(sampler, outTexCoords);
05-23 05:40:49.016 E/SurfaceFlinger( 1319): }
05-23 05:40:49.016 E/SurfaceFlinger( 1319): 
05-23 05:40:49.016 E/SurfaceFlinger( 1319): öÿÿÿÿÿÿÿŸÑ‰ƒ}
05-23 05:40:49.016 E/SurfaceFlinger( 1319): Error while linking shaders:
05-23 05:40:49.016 E/SurfaceFlinger( 1319): Error while compiling shader: 
05-23 05:40:49.016 E/SurfaceFlinger( 1319): attribute vec4 texCoords;
05-23 05:40:49.016 E/SurfaceFlinger( 1319): varying vec2 outTexCoords;
05-23 05:40:49.016 E/SurfaceFlinger( 1319): attribute vec4 position;
05-23 05:40:49.016 E/SurfaceFlinger( 1319): uniform mat4 projection;
05-23 05:40:49.016 E/SurfaceFlinger( 1319): uniform mat4 texture;
05-23 05:40:49.016 E/SurfaceFlinger( 1319): void main(void) {
05-23 05:40:49.016 E/SurfaceFlinger( 1319):     gl_Position = projection * position;
05-23 05:40:49.016 E/SurfaceFlinger( 1319):     outTexCoords = (texture * texCoords).st;
05-23 05:40:49.016 E/SurfaceFlinger( 1319): }
05-23 05:40:49.016 E/SurfaceFlinger( 1319): 
05-23 05:40:49.016 E/SurfaceFlinger( 1319): öÿÿÿÿÿÿÿŸÑ‰ƒ}
05-23 05:40:49.016 E/SurfaceFlinger( 1319): Error while compiling shader: 
05-23 05:40:49.016 E/SurfaceFlinger( 1319): precision mediump float;
05-23 05:40:49.016 E/SurfaceFlinger( 1319): uniform sampler2D sampler;
05-23 05:40:49.016 E/SurfaceFlinger( 1319): varying vec2 outTexCoords;
05-23 05:40:49.016 E/SurfaceFlinger( 1319): void main(void) {
05-23 05:40:49.016 E/SurfaceFlinger( 1319):     gl_FragColor = texture2D(sampler, outTexCoords);
05-23 05:40:49.016 E/SurfaceFlinger( 1319): }
05-23 05:40:49.016 E/SurfaceFlinger( 1319): 
05-23 05:40:49.016 E/SurfaceFlinger( 1319): öÿÿÿÿÿÿÿŸÑ‰ƒ}
05-23 05:40:49.016 E/SurfaceFlinger( 1319): Error while linking shaders:
05-23 05:40:49.016 E/SurfaceFlinger( 1319): Error while compiling shader: 
05-23 05:40:49.016 E/SurfaceFlinger( 1319): attribute vec4 texCoords;
05-23 05:40:49.016 E/SurfaceFlinger( 1319): varying vec2 outTexCoords;
05-23 05:40:49.016 E/SurfaceFlinger( 1319): attribute vec4 position;
05-23 05:40:49.016 E/SurfaceFlinger( 1319): uniform mat4 projection;
05-23 05:40:49.016 E/SurfaceFlinger( 1319): uniform mat4 texture;
05-23 05:40:49.016 E/SurfaceFlinger( 1319): void main(void) {
05-23 05:40:49.016 E/SurfaceFlinger( 1319):     gl_Position = projection * position;
05-23 05:40:49.016 E/SurfaceFlinger( 1319):     outTexCoords = (texture * texCoords).st;
05-23 05:40:49.016 E/SurfaceFlinger( 1319): }
05-23 05:40:49.016 E/SurfaceFlinger( 1319): 
05-23 05:40:49.016 E/SurfaceFlinger( 1319): öÿÿÿÿÿÿÿŸÑ‰ƒ}
05-23 05:40:49.016 E/SurfaceFlinger( 1319): Error while compiling shader: 
05-23 05:40:49.016 E/SurfaceFlinger( 1319): precision mediump float;
05-23 05:40:49.016 E/SurfaceFlinger( 1319): uniform sampler2D sampler;
05-23 05:40:49.016 E/SurfaceFlinger( 1319): varying vec2 outTexCoords;
05-23 05:40:49.016 E/SurfaceFlinger( 1319): void main(void) {
05-23 05:40:49.016 E/SurfaceFlinger( 1319):     gl_FragColor = texture2D(sampler, outTexCoords);
05-23 05:40:49.016 E/SurfaceFlinger( 1319):     gl_FragColor.a = 1.0;
05-23 05:40:49.016 E/SurfaceFlinger( 1319): }
05-23 05:40:49.016 E/SurfaceFlinger( 1319): 
05-23 05:40:49.016 E/SurfaceFlinger( 1319): öÿÿÿÿÿÿÿŸÑ‰ƒ}
05-23 05:40:49.016 E/SurfaceFlinger( 1319): Error while linking shaders:
05-23 05:40:49.017 E/SurfaceFlinger( 1319): Error while compiling shader: 
05-23 05:40:49.017 E/SurfaceFlinger( 1319): attribute vec4 texCoords;
05-23 05:40:49.017 E/SurfaceFlinger( 1319): varying vec2 outTexCoords;
05-23 05:40:49.017 E/SurfaceFlinger( 1319): attribute vec4 position;
05-23 05:40:49.017 E/SurfaceFlinger( 1319): uniform mat4 projection;
05-23 05:40:49.017 E/SurfaceFlinger( 1319): uniform mat4 texture;
05-23 05:40:49.017 E/SurfaceFlinger( 1319): void main(void) {
05-23 05:40:49.017 E/SurfaceFlinger( 1319):     gl_Position = projection * position;
05-23 05:40:49.017 E/SurfaceFlinger( 1319):     outTexCoords = (texture * texCoords).st;
05-23 05:40:49.017 E/SurfaceFlinger( 1319): }
05-23 05:40:49.017 E/SurfaceFlinger( 1319): 
05-23 05:40:49.017 E/SurfaceFlinger( 1319): öÿÿÿÿÿÿÿŸÑ‰ƒ}
05-23 05:40:49.017 E/SurfaceFlinger( 1319): Error while compiling shader: 
05-23 05:40:49.017 E/SurfaceFlinger( 1319): precision mediump float;
05-23 05:40:49.017 E/SurfaceFlinger( 1319): uniform sampler2D sampler;
05-23 05:40:49.017 E/SurfaceFlinger( 1319): varying vec2 outTexCoords;
05-23 05:40:49.017 E/SurfaceFlinger( 1319): void main(void) {
05-23 05:40:49.017 E/SurfaceFlinger( 1319):     gl_FragColor = texture2D(sampler, outTexCoords);
05-23 05:40:49.017 E/SurfaceFlinger( 1319):     gl_FragColor.a = 1.0;
05-23 05:40:49.017 E/SurfaceFlinger( 1319): }
05-23 05:40:49.017 E/SurfaceFlinger( 1319): 
05-23 05:40:49.017 E/SurfaceFlinger( 1319): öÿÿÿÿÿÿÿŸÑ‰ƒ}
05-23 05:40:49.017 E/SurfaceFlinger( 1319): Error while linking shaders:
05-23 05:40:49.017 E/SurfaceFlinger( 1319): Error while compiling shader: 
05-23 05:40:49.017 E/SurfaceFlinger( 1319): attribute vec4 texCoords;
05-23 05:40:49.017 E/SurfaceFlinger( 1319): varying vec2 outTexCoords;
05-23 05:40:49.017 E/SurfaceFlinger( 1319): attribute vec4 position;
05-23 05:40:49.017 E/SurfaceFlinger( 1319): uniform mat4 projection;
05-23 05:40:49.017 E/SurfaceFlinger( 1319): uniform mat4 texture;
05-23 05:40:49.017 E/SurfaceFlinger( 1319): void main(void) {
05-23 05:40:49.017 E/SurfaceFlinger( 1319):     gl_Position = projection * position;
05-23 05:40:49.017 E/SurfaceFlinger( 1319):     outTexCoords = (texture * texCoords).st;
05-23 05:40:49.017 E/SurfaceFlinger( 1319): }
05-23 05:40:49.017 E/SurfaceFlinger( 1319): 
05-23 05:40:49.017 E/SurfaceFlinger( 1319): öÿÿÿÿÿÿÿŸÑ‰ƒ}
05-23 05:40:49.017 E/SurfaceFlinger( 1319): Error while compiling shader: 
05-23 05:40:49.017 E/SurfaceFlinger( 1319): precision mediump float;
05-23 05:40:49.017 E/SurfaceFlinger( 1319): uniform sampler2D sampler;
05-23 05:40:49.017 E/SurfaceFlinger( 1319): varying vec2 outTexCoords;
05-23 05:40:49.017 E/SurfaceFlinger( 1319): uniform float alphaPlane;
05-23 05:40:49.017 E/SurfaceFlinger( 1319): void main(void) {
05-23 05:40:49.017 E/SurfaceFlinger( 1319):     gl_FragColor = texture2D(sampler, outTexCoords);
05-23 05:40:49.017 E/SurfaceFlinger( 1319):     gl_FragColor.a *= alphaPlane;
05-23 05:40:49.017 E/SurfaceFlinger( 1319): }
05-23 05:40:49.017 E/SurfaceFlinger( 1319): 
05-23 05:40:49.017 E/SurfaceFlinger( 1319): öÿÿÿÿÿÿÿŸÑ‰ƒ}
05-23 05:40:49.017 E/SurfaceFlinger( 1319): Error while linking shaders:
05-23 05:40:49.017 E/SurfaceFlinger( 1319): Error while compiling shader: 
05-23 05:40:49.017 E/SurfaceFlinger( 1319): attribute vec4 texCoords;
05-23 05:40:49.017 E/SurfaceFlinger( 1319): varying vec2 outTexCoords;
05-23 05:40:49.017 E/SurfaceFlinger( 1319): attribute vec4 position;
05-23 05:40:49.017 E/SurfaceFlinger( 1319): uniform mat4 projection;
05-23 05:40:49.017 E/SurfaceFlinger( 1319): uniform mat4 texture;
05-23 05:40:49.017 E/SurfaceFlinger( 1319): void main(void) {
05-23 05:40:49.017 E/SurfaceFlinger( 1319):     gl_Position = projection * position;
05-23 05:40:49.017 E/SurfaceFlinger( 1319):     outTexCoords = (texture * texCoords).st;
05-23 05:40:49.017 E/SurfaceFlinger( 1319): }
05-23 05:40:49.017 E/SurfaceFlinger( 1319): 
05-23 05:40:49.017 E/SurfaceFlinger( 1319): öÿÿÿÿÿÿÿŸÑ‰ƒ}
05-23 05:40:49.017 E/SurfaceFlinger( 1319): Error while compiling shader: 
05-23 05:40:49.017 E/SurfaceFlinger( 1319): precision mediump float;
05-23 05:40:49.017 E/SurfaceFlinger( 1319): uniform sampler2D sampler;
05-23 05:40:49.017 E/SurfaceFlinger( 1319): varying vec2 outTexCoords;
05-23 05:40:49.017 E/SurfaceFlinger( 1319): uniform float alphaPlane;
05-23 05:40:49.017 E/SurfaceFlinger( 1319): void main(void) {
05-23 05:40:49.017 E/SurfaceFlinger( 1319):     gl_FragColor = texture2D(sampler, outTexCoords);
05-23 05:40:49.017 E/SurfaceFlinger( 1319):     gl_FragColor *= alphaPlane;
05-23 05:40:49.017 E/SurfaceFlinger( 1319): }
05-23 05:40:49.017 E/SurfaceFlinger( 1319): 
05-23 05:40:49.017 E/SurfaceFlinger( 1319): öÿÿÿÿÿÿÿŸÑ‰ƒ}
05-23 05:40:49.017 E/SurfaceFlinger( 1319): Error while linking shaders:
05-23 05:40:49.017 E/SurfaceFlinger( 1319): Error while compiling shader: 
05-23 05:40:49.017 E/SurfaceFlinger( 1319): attribute vec4 texCoords;
05-23 05:40:49.017 E/SurfaceFlinger( 1319): varying vec2 outTexCoords;
05-23 05:40:49.017 E/SurfaceFlinger( 1319): attribute vec4 position;
05-23 05:40:49.017 E/SurfaceFlinger( 1319): uniform mat4 projection;
05-23 05:40:49.017 E/SurfaceFlinger( 1319): uniform mat4 texture;
05-23 05:40:49.017 E/SurfaceFlinger( 1319): void main(void) {
05-23 05:40:49.017 E/SurfaceFlinger( 1319):     gl_Position = projection * position;
05-23 05:40:49.017 E/SurfaceFlinger( 1319):     outTexCoords = (texture * texCoords).st;
05-23 05:40:49.017 E/SurfaceFlinger( 1319): }
05-23 05:40:49.017 E/SurfaceFlinger( 1319): 
05-23 05:40:49.017 E/SurfaceFlinger( 1319): öÿÿÿÿÿÿÿŸÑ‰ƒ}
05-23 05:40:49.017 E/SurfaceFlinger( 1319): Error while compiling shader: 
05-23 05:40:49.017 E/SurfaceFlinger( 1319): precision mediump float;
05-23 05:40:49.017 E/SurfaceFlinger( 1319): uniform sampler2D sampler;
05-23 05:40:49.017 E/SurfaceFlinger( 1319): varying vec2 outTexCoords;
05-23 05:40:49.017 E/SurfaceFlinger( 1319): uniform float alphaPlane;
05-23 05:40:49.017 E/SurfaceFlinger( 1319): void main(void) {
05-23 05:40:49.017 E/SurfaceFlinger( 1319):     gl_FragColor = texture2D(sampler, outTexCoords);
05-23 05:40:49.017 E/SurfaceFlinger( 1319):     gl_FragColor.a = 1.0;
05-23 05:40:49.017 E/SurfaceFlinger( 1319):     gl_FragColor.a *= alphaPlane;
05-23 05:40:49.017 E/SurfaceFlinger( 1319): }
05-23 05:40:49.017 E/SurfaceFlinger( 1319): 
05-23 05:40:49.017 E/SurfaceFlinger( 1319): öÿÿÿÿÿÿÿŸÑ‰ƒ}
05-23 05:40:49.017 E/SurfaceFlinger( 1319): Error while linking shaders:
05-23 05:40:49.017 E/SurfaceFlinger( 1319): Error while compiling shader: 
05-23 05:40:49.017 E/SurfaceFlinger( 1319): attribute vec4 texCoords;
05-23 05:40:49.017 E/SurfaceFlinger( 1319): varying vec2 outTexCoords;
05-23 05:40:49.017 E/SurfaceFlinger( 1319): attribute vec4 position;
05-23 05:40:49.017 E/SurfaceFlinger( 1319): uniform mat4 projection;
05-23 05:40:49.017 E/SurfaceFlinger( 1319): uniform mat4 texture;
05-23 05:40:49.017 E/SurfaceFlinger( 1319): void main(void) {
05-23 05:40:49.017 E/SurfaceFlinger( 1319):     gl_Position = projection * position;
05-23 05:40:49.017 E/SurfaceFlinger( 1319):     outTexCoords = (texture * texCoords).st;
05-23 05:40:49.017 E/SurfaceFlinger( 1319): }
05-23 05:40:49.017 E/SurfaceFlinger( 1319): 
05-23 05:40:49.017 E/SurfaceFlinger( 1319): öÿÿÿÿÿÿÿŸÑ‰ƒ}
05-23 05:40:49.017 E/SurfaceFlinger( 1319): Error while compiling shader: 
05-23 05:40:49.017 E/SurfaceFlinger( 1319): precision mediump float;
05-23 05:40:49.017 E/SurfaceFlinger( 1319): uniform sampler2D sampler;
05-23 05:40:49.017 E/SurfaceFlinger( 1319): varying vec2 outTexCoords;
05-23 05:40:49.017 E/SurfaceFlinger( 1319): uniform float alphaPlane;
05-23 05:40:49.017 E/SurfaceFlinger( 1319): void main(void) {
05-23 05:40:49.017 E/SurfaceFlinger( 1319):     gl_FragColor = texture2D(sampler, outTexCoords);
05-23 05:40:49.017 E/SurfaceFlinger( 1319):     gl_FragColor.a = 1.0;
05-23 05:40:49.017 E/SurfaceFlinger( 1319):     gl_FragColor *= alphaPlane;
05-23 05:40:49.017 E/SurfaceFlinger( 1319): }
05-23 05:40:49.017 E/SurfaceFlinger( 1319): 
05-23 05:40:49.017 E/SurfaceFlinger( 1319): öÿÿÿÿÿÿÿŸÑ‰ƒ}
05-23 05:40:49.017 E/SurfaceFlinger( 1319): Error while linking shaders:
05-23 05:40:49.018 D/SurfaceFlinger( 1319): shader cache generated - 24 shaders in 88.440918 ms
05-23 05:40:49.072 I/mediacodec( 1329): @@@ mediacodecservice starting
05-23 05:40:49.130 W/        ( 1329): No seccomp filter defined for this architecture.
05-23 05:40:49.166 D/SurfaceFlinger( 1319): Set power mode=2, type=0 flinger=0x7d8388847000
05-23 05:40:49.917 V/MediaUtils( 1331): physMem: 1043894272
05-23 05:40:49.917 V/MediaUtils( 1331): requested limit: 208778840
05-23 05:40:49.918 V/MediaUtils( 1331): actual limit: 208778840
05-23 05:40:49.918 V/MediaUtils( 1331): original limits: 4294967295/4294967295
05-23 05:40:49.918 V/MediaUtils( 1331): new limits: 208778840/4294967295
05-23 05:40:50.070 W//system/bin/mediaextractor( 1331): libminijail: allowing syscall: socketcall
05-23 05:40:50.071 W//system/bin/mediaextractor( 1331): libminijail: allowing syscall: writev
05-23 05:40:50.071 W//system/bin/mediaextractor( 1331): libminijail: allowing syscall: fcntl64
05-23 05:40:50.072 W//system/bin/mediaextractor( 1331): libminijail: allowing syscall: clock_gettime
05-23 05:40:50.082 W//system/bin/mediaextractor( 1331): libminijail: logging seccomp filter failures
05-23 05:40:50.197 I/        ( 1324): sMaxFastTracks = 8
05-23 05:40:50.229 I/audioserver( 1324): ServiceManager: 0xead3c020
05-23 05:40:50.264 W/BatteryNotifier( 1324): batterystats service unavailable!
05-23 05:40:50.265 I/AudioFlinger( 1324): Using default 3000 mSec as standby time.
05-23 05:40:50.335 I/AudioPolicyService( 1324): AudioPolicyService CSTOR in new mode
05-23 05:40:50.387 I/mediaserver( 1332): ServiceManager: 0xeee3c0a0
05-23 05:40:50.414 I/mediaserver( 1330): ServiceManager: 0xf5abc0a0
05-23 05:40:50.427 I/APM::ConfigParsingUtils( 1324): loadAudioPolicyConfig() loaded /system/etc/audio_policy.conf
05-23 05:40:50.474 W/BatteryNotifier( 1332): batterystats service unavailable!
05-23 05:40:50.753 D/audio_hw_generic( 1324): Emulator host-side ALSA audio emulation detected.
05-23 05:40:50.755 D/audio_hw_generic( 1324): mixer 0 name Master Playback Volume
05-23 05:40:50.755 D/audio_hw_generic( 1324): set ctl 0 to 100
05-23 05:40:50.820 D/audio_hw_generic( 1324): set ctl 1 to 100
