05-14 03:34:28.280 I/OMXMaster( 1328): makeComponentInstance(OMX.google.opus.decoder) in mediacodec process
05-14 03:34:28.384 I/fsck_msdos( 1268): ** /dev/block/vold/public:253,48
05-14 03:34:28.398 I/fsck_msdos( 1268): ** Phase 1 - Read and Compare FATs
05-14 03:34:28.399 I/fsck_msdos( 1268): Attempting to allocate 1046 KB for FAT
05-14 03:34:28.585 E/WVMExtractor( 2381): Failed to open libwvm.so: dlopen failed: library "libwvm.so" not found
05-14 03:34:28.874 E/NetdConnector( 2189): NDC Command {3 bandwidth enable} took too long (5922ms)
05-14 03:34:28.912 I/fsck_msdos( 1268): Attempting to allocate 1046 KB for FAT
05-14 03:34:29.266 I/MediaPlayerService( 1331): MediaPlayerService::getOMX
05-14 03:34:29.268 I/OMXClient( 1331): MuxOMX ctor
05-14 03:34:29.269 I/OMXMaster( 1328): makeComponentInstance(OMX.google.raw.decoder) in mediacodec process
05-14 03:34:29.379 I/fsck_msdos( 1268): ** Phase 2 - Check Cluster Chains
05-14 03:34:29.501 I/fsck_msdos( 1268): ** Phase 3 - Checking Directories
05-14 03:34:29.509 I/MediaPlayerService( 1331): MediaPlayerService::getOMX
05-14 03:34:29.513 I/fsck_msdos( 1268): ** Phase 4 - Checking for Lost Files
05-14 03:34:29.516 I/fsck_msdos( 1268): 2 files, 534464 free (267232 clusters)
05-14 03:34:29.531 I/OMXClient( 1331): MuxOMX ctor
05-14 03:34:29.532 I/OMXMaster( 1328): makeComponentInstance(OMX.google.aac.encoder) in mediacodec process
05-14 03:34:29.572 I/Vold    ( 1268): Filesystem check completed OK
05-14 03:34:29.574 D/VoldConnector( 2189): RCV <- {656 public:253,48 /mnt/media_rw/1EFF-1C1B}
05-14 03:34:29.610 D/VoldConnector( 2189): RCV <- {655 public:253,48 /storage/1EFF-1C1B}
05-14 03:34:29.765 I/MediaPlayerService( 1331): MediaPlayerService::getOMX
05-14 03:34:29.767 I/OMXClient( 1331): MuxOMX ctor
05-14 03:34:29.768 I/OMXMaster( 1328): makeComponentInstance(OMX.google.amrnb.encoder) in mediacodec process
05-14 03:34:29.803 V/vold    ( 1268): Waiting for FUSE to spin up...
05-14 03:34:29.837 I/MediaPlayerService( 1331): MediaPlayerService::getOMX
05-14 03:34:29.838 I/OMXClient( 1331): MuxOMX ctor
05-14 03:34:29.839 I/OMXMaster( 1328): makeComponentInstance(OMX.google.amrwb.encoder) in mediacodec process
05-14 03:34:29.857 V/vold    ( 1268): Waiting for FUSE to spin up...
05-14 03:34:29.909 V/vold    ( 1268): Waiting for FUSE to spin up...
05-14 03:34:29.927 W/InputAttributes( 2376): No editor info for this field. Bug?
05-14 03:34:29.952 I/MediaPlayerService( 1331): MediaPlayerService::getOMX
05-14 03:34:29.954 I/OMXClient( 1331): MuxOMX ctor
05-14 03:34:29.954 I/OMXMaster( 1328): makeComponentInstance(OMX.google.flac.encoder) in mediacodec process
05-14 03:34:29.960 V/vold    ( 1268): Waiting for FUSE to spin up...
05-14 03:34:30.071 V/vold    ( 1268): Waiting for FUSE to spin up...
05-14 03:34:30.130 V/vold    ( 1268): Waiting for FUSE to spin up...
05-14 03:34:30.190 V/vold    ( 1268): Waiting for FUSE to spin up...
05-14 03:34:30.250 V/vold    ( 1268): Waiting for FUSE to spin up...
05-14 03:34:30.310 V/vold    ( 1268): Waiting for FUSE to spin up...
05-14 03:34:30.363 V/vold    ( 1268): Waiting for FUSE to spin up...
05-14 03:34:30.420 V/vold    ( 1268): Waiting for FUSE to spin up...
05-14 03:34:30.480 V/vold    ( 1268): Waiting for FUSE to spin up...
05-14 03:34:30.505 W/sdcard  ( 2505): Device explicitly disabled sdcardfs
05-14 03:34:30.534 I/LatinIME:LogUtils( 2376): Dictionary info: dictionary = userunigram.en_US ; version = 1620963270 ; date = ?
05-14 03:34:30.540 V/vold    ( 1268): Waiting for FUSE to spin up...
05-14 03:34:30.563 E/ActivityThread( 2376): Failed to find provider info for user_dictionary
05-14 03:34:30.565 I/LatinIME:LogUtils( 2376): Dictionary info: dictionary = UserHistoryDictionary.en_US ; version = 1620963270 ; date = ?
05-14 03:34:30.594 V/vold    ( 1268): Waiting for FUSE to spin up...
05-14 03:34:30.681 V/vold    ( 1268): Waiting for FUSE to spin up...
05-14 03:34:30.740 V/vold    ( 1268): Waiting for FUSE to spin up...
05-14 03:34:30.806 D/VoldConnector( 2189): RCV <- {651 public:253,48 2}
05-14 03:34:30.841 D/VoldConnector( 2189): RCV <- {200 7 Command succeeded}
05-14 03:34:30.844 E/VoldConnector( 2189): NDC Command {7 volume mount public:253,48 2 0} took too long (4313ms)
05-14 03:34:30.971 I/MediaPlayerService( 1331): MediaPlayerService::getOMX
05-14 03:34:31.101 I/OMXClient( 1331): MuxOMX ctor
05-14 03:34:31.102 I/OMXMaster( 1328): makeComponentInstance(OMX.google.gsm.decoder) in mediacodec process
05-14 03:34:31.474 E/NetdConnector( 2189): NDC Command {4 strict enable} took too long (2582ms)
05-14 03:34:31.476 W/NetworkManagement( 2189): setDataSaverMode(): already false
05-14 03:34:31.931 I/MediaPlayerService( 1331): MediaPlayerService::getOMX
05-14 03:34:31.933 I/OMXClient( 1331): MuxOMX ctor
05-14 03:34:31.934 I/OMXMaster( 1328): makeComponentInstance(OMX.google.mpeg4.decoder) in mediacodec process
05-14 03:34:32.414 I/vol.Events( 2381): writeEvent collection_started
05-14 03:34:32.525 I/vol.Events( 2381): writeEvent external_ringer_mode_changed normal
05-14 03:34:32.526 I/vol.Events( 2381): writeEvent internal_ringer_mode_changed normal
05-14 03:34:32.865 E/OMXNodeInstance( 1328): getExtensionIndex(530000f:google.mpeg4.decoder, OMX.google.android.index.configureVideoTunnelMode) ERROR: UnsupportedIndex(0x8000101a)
05-14 03:34:32.866 W/OMXNodeInstance( 1328): [530000f:google.mpeg4.decoder] component does not support metadata mode; using fallback
05-14 03:34:32.948 I/MediaPlayerService( 1331): MediaPlayerService::getOMX
05-14 03:34:32.960 I/OMXClient( 1331): MuxOMX ctor
05-14 03:34:32.961 I/OMXMaster( 1328): makeComponentInstance(OMX.google.h263.decoder) in mediacodec process
05-14 03:34:33.494 E/OMXNodeInstance( 1328): getExtensionIndex(5300010:google.h263.decoder, OMX.google.android.index.configureVideoTunnelMode) ERROR: UnsupportedIndex(0x8000101a)
05-14 03:34:33.495 W/OMXNodeInstance( 1328): [5300010:google.h263.decoder] component does not support metadata mode; using fallback
05-14 03:34:33.526 I/MediaPlayerService( 1331): MediaPlayerService::getOMX
05-14 03:34:33.527 I/OMXClient( 1331): MuxOMX ctor
05-14 03:34:33.528 I/OMXMaster( 1328): makeComponentInstance(OMX.google.h264.decoder) in mediacodec process
05-14 03:34:34.303 E/NetdConnector( 2189): NDC Command {7 bandwidth setglobalalert 2097152} took too long (2495ms)
05-14 03:34:34.662 W/ACodec  ( 1331): [OMX.google.h264.decoder] stopping checking profiles after 32: 2/8000
05-14 03:34:34.724 E/OMXNodeInstance( 1328): getExtensionIndex(5300011:google.h264.decoder, OMX.google.android.index.configureVideoTunnelMode) ERROR: UnsupportedIndex(0x8000101a)
05-14 03:34:34.725 W/OMXNodeInstance( 1328): [5300011:google.h264.decoder] component does not support metadata mode; using fallback
05-14 03:34:34.826 D/NetworkPolicy( 2189): setRestrictBackgroundUL(): false
05-14 03:34:34.887 W/NetworkManagement( 2189): setDataSaverMode(): already false
05-14 03:34:34.944 I/MediaPlayerService( 1331): MediaPlayerService::getOMX
05-14 03:34:35.003 I/OMXClient( 1331): MuxOMX ctor
05-14 03:34:35.006 I/OMXMaster( 1328): makeComponentInstance(OMX.google.hevc.decoder) in mediacodec process
05-14 03:34:35.487 I/art     ( 2189): Background sticky concurrent mark sweep GC freed 42108(2MB) AllocSpace objects, 15(296KB) LOS objects, 20% free, 13MB/16MB, paused 2.475ms total 553.126ms
05-14 03:34:35.825 E/OMXNodeInstance( 1328): getExtensionIndex(5300012:google.hevc.decoder, OMX.google.android.index.configureVideoTunnelMode) ERROR: UnsupportedIndex(0x8000101a)
05-14 03:34:35.826 W/OMXNodeInstance( 1328): [5300012:google.hevc.decoder] component does not support metadata mode; using fallback
05-14 03:34:35.879 I/MediaPlayerService( 1331): MediaPlayerService::getOMX
05-14 03:34:35.886 I/OMXClient( 1331): MuxOMX ctor
05-14 03:34:35.887 I/OMXMaster( 1328): makeComponentInstance(OMX.google.vp8.decoder) in mediacodec process
05-14 03:34:35.914 W/art     ( 2189): Long monitor contention with owner NetworkPolicy (2331) at boolean android.os.BinderProxy.transactNative(int, android.os.Parcel, android.os.Parcel, int)(Binder.java:-2) waiters=0 in void com.android.server.NetworkManagementService.setFirewallChainEnabled(int, boolean) for 683ms
05-14 03:34:36.653 W/AudioService( 2189): onLoadSoundEffects(), Error 1 while loading samples
05-14 03:34:36.844 E/OMXNodeInstance( 1328): getExtensionIndex(5300013:google.vp8.decoder, OMX.google.android.index.configureVideoTunnelMode) ERROR: UnsupportedIndex(0x8000101a)
05-14 03:34:36.845 W/OMXNodeInstance( 1328): [5300013:google.vp8.decoder] component does not support metadata mode; using fallback
05-14 03:34:36.895 I/MediaPlayerService( 1331): MediaPlayerService::getOMX
05-14 03:34:36.897 I/OMXClient( 1331): MuxOMX ctor
05-14 03:34:36.897 I/OMXMaster( 1328): makeComponentInstance(OMX.google.vp9.decoder) in mediacodec process
05-14 03:34:37.827 I/vol.Events( 2381): writeEvent level_changed STREAM_ALARM 6
05-14 03:34:37.894 E/OMXNodeInstance( 1328): getExtensionIndex(5300014:google.vp9.decoder, OMX.google.android.index.configureVideoTunnelMode) ERROR: UnsupportedIndex(0x8000101a)
05-14 03:34:37.895 W/OMXNodeInstance( 1328): [5300014:google.vp9.decoder] component does not support metadata mode; using fallback
05-14 03:34:37.910 I/vol.Events( 2381): writeEvent level_changed STREAM_BLUETOOTH_SCO 7
05-14 03:34:37.955 I/vol.Events( 2381): writeEvent level_changed STREAM_MUSIC 11
05-14 03:34:38.011 I/MediaPlayerService( 1331): MediaPlayerService::getOMX
05-14 03:34:38.012 I/OMXClient( 1331): MuxOMX ctor
05-14 03:34:38.013 I/OMXMaster( 1328): makeComponentInstance(OMX.google.h263.encoder) in mediacodec process
05-14 03:34:38.204 I/vol.Events( 2381): writeEvent level_changed STREAM_RING 5
05-14 03:34:38.209 I/vol.Events( 2381): writeEvent level_changed STREAM_SYSTEM 5
05-14 03:34:38.277 I/vol.Events( 2381): writeEvent level_changed STREAM_VOICE_CALL 4
05-14 03:34:38.443 E/NetdConnector( 2189): NDC Command {8 firewall enable_chain standby} took too long (2527ms)
05-14 03:34:38.463 E/NetdConnector( 2189): NDC Command {9 bandwidth gettetherstats} took too long (1515ms)
05-14 03:34:38.831 I/SystemServiceManager( 2189): Starting phase 600
05-14 03:34:38.900 I/SoftMPEG4Encoder( 1328): Construct SoftMPEG4Encoder
05-14 03:34:39.031 W/ACodec  ( 1331): do not know color format 0x7f000789 = 2130708361
05-14 03:34:39.033 E/OMXNodeInstance( 1328): getConfig(5300015:google.h263.encoder, ConfigAndroidIntraRefresh(0x6f60000a)) ERROR: Undefined(0x80001001)
05-14 03:34:39.137 D/SensorNotificationService( 2189): Cannot obtain dynamic meta sensor, not supported.
05-14 03:34:39.198 I/MediaPlayerService( 1331): MediaPlayerService::getOMX
05-14 03:34:39.211 I/OMXClient( 1331): MuxOMX ctor
05-14 03:34:39.212 I/OMXMaster( 1328): makeComponentInstance(OMX.google.h264.encoder) in mediacodec process
05-14 03:34:39.251 D/StorageNotification( 2381): Notifying about private volume: VolumeInfo{private}:
05-14 03:34:39.251 D/StorageNotification( 2381):     type=PRIVATE diskId=null partGuid=null mountFlags=0 mountUserId=-1 
05-14 03:34:39.251 D/StorageNotification( 2381):     state=MOUNTED 
05-14 03:34:39.251 D/StorageNotification( 2381):     fsType=null fsUuid=null fsLabel=null 
05-14 03:34:39.251 D/StorageNotification( 2381):     path=/data internalPath=null 
05-14 03:34:39.262 D/StorageNotification( 2381): Notifying about public volume: VolumeInfo{public:253,48}:
05-14 03:34:39.262 D/StorageNotification( 2381):     type=PUBLIC diskId=disk:253,48 partGuid=null mountFlags=VISIBLE 
05-14 03:34:39.262 D/StorageNotification( 2381):     mountUserId=0 state=MOUNTED 
05-14 03:34:39.262 D/StorageNotification( 2381):     fsType=vfat fsUuid=1EFF-1C1B fsLabel=SDCARD 
05-14 03:34:39.262 D/StorageNotification( 2381):     path=/storage/1EFF-1C1B internalPath=/mnt/media_rw/1EFF-1C1B 
05-14 03:34:39.333 I/GnssLocationProvider( 2189): WakeLock acquired by sendMessage(13, 0, null)
05-14 03:34:39.453 W/LocationManagerService( 2189): no network location provider found
05-14 03:34:39.523 E/LocationManagerService( 2189): no geocoder provider found
05-14 03:34:39.525 E/FlpHardwareProvider( 2189): Error hw_get_module 'flp': -2
05-14 03:34:39.525 D/LocationManagerService( 2189): FLP HAL not supported
05-14 03:34:39.535 D/LocationManagerService( 2189): Unable to bind FLP Geofence proxy.
05-14 03:34:39.561 E/ActivityRecognitionHardware( 2189): Error hw_get_module: -2
05-14 03:34:39.561 D/LocationManagerService( 2189): Hardware Activity-Recognition not supported.
05-14 03:34:39.563 E/ActivityRecognitionProxy( 2189): ServiceWatcher could not start.
05-14 03:34:39.564 D/LocationManagerService( 2189): Unable to bind ActivityRecognitionProxy.
05-14 03:34:39.893 W/GnssLocationProvider( 2189): Could not open GPS configuration file /etc/gps.conf
05-14 03:34:39.894 E/GnssLocationProvider( 2189): no AGPS interface in set_agps_server
05-14 03:34:40.065 W/ACodec  ( 1331): do not know color format 0x7f000789 = 2130708361
05-14 03:34:40.090 I/MediaPlayerService( 1331): MediaPlayerService::getOMX
05-14 03:34:40.092 I/OMXClient( 1331): MuxOMX ctor
05-14 03:34:40.093 I/OMXMaster( 1328): makeComponentInstance(OMX.google.mpeg4.encoder) in mediacodec process
05-14 03:34:40.307 I/SoftMPEG4Encoder( 1328): Construct SoftMPEG4Encoder
05-14 03:34:40.322 W/ACodec  ( 1331): do not know color format 0x7f000789 = 2130708361
05-14 03:34:40.323 E/OMXNodeInstance( 1328): getConfig(5300017:google.mpeg4.encoder, ConfigAndroidIntraRefresh(0x6f60000a)) ERROR: Undefined(0x80001001)
05-14 03:34:40.345 I/MediaPlayerService( 1331): MediaPlayerService::getOMX
05-14 03:34:40.346 I/OMXClient( 1331): MuxOMX ctor
05-14 03:34:40.347 I/OMXMaster( 1328): makeComponentInstance(OMX.google.vp8.encoder) in mediacodec process
05-14 03:34:40.671 W/ACodec  ( 1331): do not know color format 0x7f000789 = 2130708361
05-14 03:34:40.672 E/OMXNodeInstance( 1328): getConfig(5300018:google.vp8.encoder, ConfigAndroidIntraRefresh(0x6f60000a)) ERROR: Undefined(0x80001001)
05-14 03:34:40.694 I/MediaPlayerService( 1331): MediaPlayerService::getOMX
05-14 03:34:40.699 I/OMXClient( 1331): MuxOMX ctor
05-14 03:34:40.774 I/MediaPlayerService( 1331): MediaPlayerService::getOMX
05-14 03:34:40.776 I/OMXClient( 1331): MuxOMX ctor
05-14 03:34:40.776 W/MediaCodecList( 1331): unable to open media codecs configuration xml file: /data/misc/media/media_codecs_profiling_results.xml
05-14 03:34:40.794 I/MediaPlayerService( 1331): MediaPlayerService::getOMX
05-14 03:34:40.797 I/OMXClient( 2381): MuxOMX ctor
05-14 03:34:40.806 I/OMXMaster( 1328): makeComponentInstance(OMX.google.vorbis.decoder) in mediacodec process
05-14 03:34:40.834 I/MediaPlayerService( 1331): MediaPlayerService::getOMX
05-14 03:34:40.836 I/OMXClient( 2189): MuxOMX ctor
05-14 03:34:41.052 W/art     ( 2189): Long monitor contention with owner SettingsProvider (2305) at void android.util.ArrayMap.<init>(android.util.ArrayMap)(ArrayMap.java:273) waiters=1 in com.android.providers.settings.SettingsState$Setting com.android.providers.settings.SettingsProvider.getSecureSetting(java.lang.String, int) for 281ms
05-14 03:34:41.053 I/GnssLocationProvider( 2189): WakeLock acquired by sendMessage(2, 1, null)
05-14 03:34:41.321 I/CommonTimeManagementService( 2189): No common time service detected on this platform.  Common time services will be unavailable.
05-14 03:34:41.327 I/InputReader( 2189): Reconfiguring input devices.  changes=0x00000020
05-14 03:34:41.345 I/MmsServiceBroker( 2189): Delay connecting to MmsService until an API is called
05-14 03:34:41.366 W/VoiceInteractionManagerService( 2189): no available voice interaction services found for user 0
05-14 03:34:41.367 W/VoiceInteractionManagerService( 2189): no available voice recognition services found for user 0
05-14 03:34:41.470 I/OMXMaster( 1328): makeComponentInstance(OMX.google.vorbis.decoder) in mediacodec process
05-14 03:34:41.506 I/InputReader( 2189): Reconfiguring input devices.  changes=0x00000010
05-14 03:34:41.713 W/ActivityManager( 2189): Slow operation: 237ms so far, now at startProcess: returned from zygote!
05-14 03:34:41.714 W/ActivityManager( 2189): Slow operation: 272ms so far, now at startProcess: done updating battery stats
05-14 03:34:41.715 W/ActivityManager( 2189): Slow operation: 273ms so far, now at startProcess: building log message
05-14 03:34:41.715 I/ActivityManager( 2189): Start proc 2589:com.android.phone/1001 for added application com.android.phone
05-14 03:34:41.715 W/ActivityManager( 2189): Slow operation: 273ms so far, now at startProcess: starting to update pids map
05-14 03:34:41.715 W/ActivityManager( 2189): Slow operation: 273ms so far, now at startProcess: done updating pids map
05-14 03:34:41.770 I/ActivityManager( 2189): START u0 {act=android.intent.action.MAIN cat=[android.intent.category.HOME] flg=0x10000100 cmp=com.android.settings/.FallbackHome} from uid 0 on display 0
05-14 03:34:41.778 W/System  ( 2189): ClassLoader referenced unknown path: 
05-14 03:34:41.779 W/System  ( 2189): ClassLoader referenced unknown path: /system/priv-app/Settings/lib/x86_64
05-14 03:34:42.024 W/art     ( 2589): Unexpected CPU variant for X86 using defaults: x86_64
05-14 03:34:42.045 D/ApplicationLoaders( 2189): ignored Vulkan layer search path /system/priv-app/Settings/lib/x86_64:/system/priv-app/Settings/Settings.apk!/lib/x86_64:/system/lib64:/vendor/lib64 for namespace 0x7d7e4f32d160
05-14 03:34:42.078 I/ActivityManager( 2189): Loaded persisted task ids for user 0
05-14 03:34:42.549 W/ActivityManager( 2189): Slow operation: 287ms so far, now at startProcess: returned from zygote!
05-14 03:34:42.551 W/ActivityManager( 2189): Slow operation: 289ms so far, now at startProcess: done updating battery stats
05-14 03:34:42.552 W/ActivityManager( 2189): Slow operation: 290ms so far, now at startProcess: building log message
05-14 03:34:42.552 I/ActivityManager( 2189): Start proc 2604:com.android.settings/1000 for activity com.android.settings/.FallbackHome
05-14 03:34:42.552 W/ActivityManager( 2189): Slow operation: 290ms so far, now at startProcess: starting to update pids map
05-14 03:34:42.552 W/ActivityManager( 2189): Slow operation: 290ms so far, now at startProcess: done updating pids map
05-14 03:34:42.552 W/ActivityManager( 2189): Slow operation: 291ms so far, now at startProcess: done starting proc!
05-14 03:34:42.687 W/art     ( 2604): Unexpected CPU variant for X86 using defaults: x86_64
05-14 03:34:42.760 W/art     ( 2189): Long monitor contention with owner main (2189) at void com.android.server.am.ActivityManagerService.systemReady(java.lang.Runnable)(ActivityManagerService.java:13368) waiters=0 in com.android.server.am.ProcessRecord com.android.server.am.ActivityManagerService.findAppProcess(android.os.IBinder, java.lang.String) for 1.336s
05-14 03:34:42.771 I/SystemServer( 2189): Enabled StrictMode for system server main thread.
05-14 03:34:42.773 W/art     ( 2189): Long monitor contention with owner main (2189) at void com.android.server.am.ActivityManagerService.systemReady(java.lang.Runnable)(ActivityManagerService.java:13368) waiters=2 in void com.android.server.am.ActivityManagerService$MainHandler.handleMessage(android.os.Message) for 606ms
05-14 03:34:42.780 W/art     ( 2189): Long monitor contention with owner main (2189) at void com.android.server.am.ActivityManagerService.systemReady(java.lang.Runnable)(ActivityManagerService.java:13368) waiters=1 in void com.android.server.am.ActivityManagerService.dispatchUidsChanged() for 1.339s
05-14 03:34:42.895 W/art     ( 2189): Long monitor contention with owner ActivityManager (2219) at void com.android.server.am.BroadcastQueue.processNextBroadcast(boolean)(BroadcastQueue.java:760) waiters=4 in void com.android.server.am.ActivityManagerService.dispatchUidsChanged() for 102ms
05-14 03:34:42.983 D/ConditionProviders.SCP( 2189): onConnected
05-14 03:34:43.324 D/PermissionCache( 1318): checking android.permission.READ_FRAME_BUFFER for uid=1000 => granted (2905 us)
05-14 03:34:43.356 D/gralloc ( 1318): Registering a buffer in the process that created it. This may cause memory ordering problems.
05-14 03:34:43.357 E/libEGL  ( 1318): called unimplemented OpenGL ES API
05-14 03:34:43.357 E/SurfaceFlinger( 1318): glCheckFramebufferStatusOES error 685439768
05-14 03:34:43.358 E/SurfaceFlinger( 1318): got GL_FRAMEBUFFER_COMPLETE_OES error while taking screenshot
05-14 03:34:43.396 W/System  ( 2589): ClassLoader referenced unknown path: /system/priv-app/TeleService/lib/x86_64
05-14 03:34:43.474 I/MediaPlayerService( 1331): MediaPlayerService::getOMX
05-14 03:34:43.476 I/OMXClient( 2381): MuxOMX ctor
05-14 03:34:43.491 I/OMXMaster( 1328): makeComponentInstance(OMX.google.vorbis.decoder) in mediacodec process
05-14 03:34:43.560 W/art     ( 2189): Long monitor contention with owner Binder:2189_5 (2609) at void com.android.server.am.ActivityManagerService.attachApplication(android.app.IApplicationThread)(ActivityManagerService.java:6669) waiters=0 in android.content.pm.UserInfo com.android.server.am.UserController.getCurrentUser() for 566ms
05-14 03:34:43.563 D/ZenLog  ( 2189): set_zen_mode: off,readXml
05-14 03:34:43.571 W/art     ( 2189): Long monitor contention with owner Binder:2189_5 (2609) at void com.android.server.am.ActivityManagerService.attachApplication(android.app.IApplicationThread)(ActivityManagerService.java:6669) waiters=1 in void com.android.server.am.ActivityManagerService$LocalService.notifyAppTransitionCancelled() for 447ms
05-14 03:34:43.616 D/ConditionProviders( 2189): Subscribing to condition://android/schedule?days=1.2.3.4.5&start=22.0&end=7.0&exitAtAlarm=false with ComponentInfo{android/com.android.server.notification.ScheduleConditionProvider}
05-14 03:34:43.617 D/ZenLog  ( 2189): subscribe: condition://android/schedule?days=1.2.3.4.5&start=22.0&end=7.0&exitAtAlarm=false,ok
05-14 03:34:43.617 D/ConditionProviders( 2189): Subscribing to condition://android/schedule?days=6.7&start=23.30&end=10.0&exitAtAlarm=false with ComponentInfo{android/com.android.server.notification.ScheduleConditionProvider}
05-14 03:34:43.618 D/ZenLog  ( 2189): subscribe: condition://android/schedule?days=6.7&start=23.30&end=10.0&exitAtAlarm=false,ok
05-14 03:34:43.618 D/ConditionProviders( 2189): Subscribing to condition://android/event?userId=-10000&calendar=&reply=1 with ComponentInfo{android/com.android.server.notification.EventConditionProvider}
05-14 03:34:43.618 D/ZenLog  ( 2189): subscribe: condition://android/event?userId=-10000&calendar=&reply=1,ok
05-14 03:34:43.769 W/System  ( 2604): ClassLoader referenced unknown path: /system/priv-app/Settings/lib/x86_64
05-14 03:34:43.884 I/Choreographer( 2381): Skipped 308 frames!  The application may be doing too much work on its main thread.
05-14 03:34:44.001 D/RttService( 2189): SCAN_AVAILABLE : 1
05-14 03:34:44.004 D/RttService( 2189): DefaultState got{ when=0 what=160513 target=com.android.internal.util.StateMachine$SmHandler }
05-14 03:34:44.006 D/ZenLog  ( 2189): set_zen_mode: off,cleanUpZenRules
05-14 03:34:44.015 I/WifiScanningService( 2189): wifi driver unloaded
05-14 03:34:44.224 W/System  ( 2189): ClassLoader referenced unknown path: /system/priv-app/Telecom/lib/x86_64
05-14 03:34:44.264 D/ApplicationLoaders( 2189): ignored Vulkan layer search path /system/priv-app/Telecom/lib/x86_64:/system/priv-app/Telecom/Telecom.apk!/lib/x86_64:/system/lib64:/vendor/lib64 for namespace 0x7d7e4f32d1d0
05-14 03:34:44.583 W/System  ( 2589): ClassLoader referenced unknown path: /system/priv-app/TelephonyProvider/lib/x86_64
05-14 03:34:44.587 D/ApplicationLoaders( 2589): ignored Vulkan layer search path /system/priv-app/TelephonyProvider/lib/x86_64:/system/lib64:/vendor/lib64 for namespace 0x7d7e4f31d0f0
05-14 03:34:45.389 D/TelephonyProvider( 2589): dbh.onOpen: ok, queried table=siminfo
05-14 03:34:45.462 D/TelephonyProvider( 2589): dbh.onOpen: ok, queried table=carriers
05-14 03:34:45.534 I/MediaPlayerService( 1331): MediaPlayerService::getOMX
05-14 03:34:45.536 I/OMXClient( 2381): MuxOMX ctor
05-14 03:34:45.552 I/OMXMaster( 1328): makeComponentInstance(OMX.google.vorbis.decoder) in mediacodec process
05-14 03:34:45.745 W/WindowManager( 2189): App freeze timeout expired.
05-14 03:34:45.746 W/WindowManager( 2189): Force clearing freeze: AppWindowToken{9066d55 token=Token{c22bf3f ActivityRecord{242ef5e u0 com.android.settings/.FallbackHome t1}}}
05-14 03:34:46.309 I/StatusBarManagerService( 2189): registerStatusBar bar=com.android.internal.statusbar.IStatusBar$Stub$Proxy@856a209
05-14 03:34:47.232 E/BluetoothAdapter( 2189): Bluetooth binder is null
05-14 03:34:47.268 D/gralloc_ranchu( 2604): Emulator without host-side GPU emulation detected. Loading gralloc.default.so from /vendor/lib64/hw/gralloc.goldfish.default.so...
05-14 03:34:47.283 D/gralloc_ranchu( 2604): gralloc.default.so not found in /vendor. Trying /system/lib64/hw/gralloc.goldfish.default.so...
05-14 03:34:47.368 I/Telecom ( 2189): SystemStateProvider: Registering car mode receiver: android.content.IntentFilter@f015d96: TS.init@AAA
05-14 03:34:47.499 I/WindowManager( 2189): Screen frozen for +4s414ms due to Window{589bba8 u0 KeyguardScrim}
05-14 03:34:48.045 I/Telecom ( 2189): Telecom: Non-call EVENT: AUDIO_ROUTE, Entering state QuiescentEarpieceRoute
05-14 03:34:48.055 I/ActivityManager( 2189): Displayed com.android.settings/.FallbackHome: +5s792ms
05-14 03:34:48.057 I/Choreographer( 2189): Skipped 32 frames!  The application may be doing too much work on its main thread.
05-14 03:34:48.073 W/art     ( 2189): Long monitor contention with owner android.display (2230) at void com.android.server.wm.WindowManagerService$H.handleMessage(android.os.Message)(WindowManagerService.java:8368) waiters=0 in void com.android.server.wm.WindowManagerService.enableScreenAfterBoot() for 336ms
05-14 03:34:48.216 V/KeyguardServiceDelegate( 2189): *** Keyguard started
05-14 03:34:48.224 I/GnssLocationProvider( 2189): WakeLock released by handleMessage(13, 0, null)
05-14 03:34:48.479 W/KeyguardServiceDelegate( 2189): onScreenTurningOn(): no keyguard service!
05-14 03:34:48.808 E/GnssLocationProvider( 2189): no AGPS interface in set_agps_server
05-14 03:34:48.833 I/Telecom ( 2189): CallAudioModeStateMachine: Message received: null.: TS.init->CAMSM.pM_1@AAA_0
05-14 03:34:48.985 I/LatinIME:LogUtils( 2376): Dictionary info: dictionary = main:en ; version = 54 ; date = 1414726273
05-14 03:34:49.490 W/WindowManager( 2189): Keyguard drawn timeout. Setting mKeyguardDrawComplete
05-14 03:34:50.525 W/art     ( 2189): Long monitor contention with owner android.bg (2218) at long android.os.SystemClock.elapsedRealtime()(SystemClock.java:-2) waiters=0 in void com.android.server.am.ActivityManagerService.updateCpuStatsNow() for 1.412s
05-14 03:34:50.533 I/GnssLocationProvider( 2189): WakeLock released by handleMessage(2, 1, null)
05-14 03:34:50.540 W/art     ( 2189): Long monitor contention with owner android.bg (2218) at void com.android.server.power.PowerManagerService.releaseWakeLockInternal(android.os.IBinder, int)(PowerManagerService.java:937) waiters=0 in boolean com.android.server.power.PowerManagerService.isWakeLockLevelSupportedInternal(int) for 1.702s
05-14 03:34:50.545 W/art     ( 2189): Long monitor contention with owner android.bg (2218) at void com.android.server.power.PowerManagerService.releaseWakeLockInternal(android.os.IBinder, int)(PowerManagerService.java:937) waiters=2 in void com.android.server.power.PowerManagerService.setScreenBrightnessOverrideFromWindowManagerInternal(int) for 1.257s
05-14 03:34:50.549 W/art     ( 2189): Long monitor contention with owner Binder:2189_5 (2609) at int com.android.server.wm.WindowManagerService.relayoutWindow(com.android.server.wm.Session, android.view.IWindow, int, android.view.WindowManager$LayoutParams, int, int, int, int, android.graphics.Rect, android.graphics.Rect, android.graphics.Rect, android.graphics.Rect, android.graphics.Rect, android.graphics.Rect, android.graphics.Rect, android.content.res.Configuration, android.view.Surface)(WindowManagerService.java:2857) waiters=0 in void com.android.server.wm.WindowManagerService$H.handleMessage(android.os.Message) for 1.263s
05-14 03:34:50.550 W/art     ( 2189): Long monitor contention with owner android.bg (2218) at void com.android.server.power.PowerManagerService.releaseWakeLockInternal(android.os.IBinder, int)(PowerManagerService.java:937) waiters=1 in void com.android.server.power.PowerManagerService.acquireWakeLockInternal(android.os.IBinder, int, java.lang.String, java.lang.String, android.os.WorkSource, java.lang.String, int, int) for 1.507s
05-14 03:34:50.552 W/art     ( 2189): Long monitor contention with owner Binder:2189_5 (2609) at int com.android.server.wm.WindowManagerService.relayoutWindow(com.android.server.wm.Session, android.view.IWindow, int, android.view.WindowManager$LayoutParams, int, int, int, int, android.graphics.Rect, android.graphics.Rect, android.graphics.Rect, android.graphics.Rect, android.graphics.Rect, android.graphics.Rect, android.graphics.Rect, android.content.res.Configuration, android.view.Surface)(WindowManagerService.java:2857) waiters=1 in void com.android.server.wm.WindowManagerService$LocalService.waitForAllWindowsDrawn(java.lang.Runnable, long) for 1.061s
05-14 03:34:50.603 E/ActivityThread( 2189): Failed to find provider info for call_log
05-14 03:34:50.656 E/BluetoothAdapter( 2189): Bluetooth binder is null
05-14 03:34:51.054 I/Choreographer( 2604): Skipped 110 frames!  The application may be doing too much work on its main thread.
05-14 03:34:52.539 I/Telecom ( 2189): Class: TelecomSystem.INSTANCE being set
05-14 03:34:52.560 I/art     ( 2189): Starting a blocking GC Explicit
05-14 03:34:52.681 E/BluetoothAdapter( 2189): Bluetooth binder is null
05-14 03:34:52.864 W/ContextImpl( 2189): Calling a method in the system process without a qualified user: android.app.ContextImpl.startService:1357 com.android.server.content.SyncManager$13.run:658 android.os.Handler.handleCallback:751 android.os.Handler.dispatchMessage:95 android.os.Looper.loop:154 
05-14 03:34:53.434 W/System  ( 2189): ClassLoader referenced unknown path: /system/priv-app/FusedLocation/lib/x86_64
05-14 03:34:53.456 D/ApplicationLoaders( 2189): ignored Vulkan layer search path /system/priv-app/FusedLocation/lib/x86_64:/system/priv-app/FusedLocation/FusedLocation.apk!/lib/x86_64:/system/lib64:/vendor/lib64 for namespace 0x7d7e4f32d240
05-14 03:34:53.673 D/GpsNetInitiatedHandler( 2189): location enabled :true
05-14 03:34:53.674 V/WiredAccessoryManager( 2189): notifyWiredAccessoryChanged: when=0 bits= mask=54
05-14 03:34:53.675 V/WiredAccessoryManager( 2189): newName=h2w newState=0 headsetState=0 prev headsetState=0
05-14 03:34:53.675 E/WiredAccessoryManager( 2189): No state change.
05-14 03:34:53.675 V/WiredAccessoryManager( 2189): init()
05-14 03:34:54.365 D/AccessibilityManagerService( 2189): Ignoring non-encryption-aware service ComponentInfo{com.example.android.apis/com.example.android.apis.accessibility.ClockBackService}
05-14 03:34:54.365 D/AccessibilityManagerService( 2189): Ignoring non-encryption-aware service ComponentInfo{com.example.android.apis/com.example.android.apis.accessibility.MagnificationService}
05-14 03:34:54.365 D/AccessibilityManagerService( 2189): Ignoring non-encryption-aware service ComponentInfo{com.example.android.apis/com.example.android.apis.accessibility.TaskBackService}
05-14 03:34:54.995 W/art     ( 2381): Suspending all threads took: 56.531ms
05-14 03:34:55.138 W/SystemConfig( 2589): No directory /system/etc/sysconfig, skipping
05-14 03:34:55.191 W/VibratorService( 2189): Tried to stop vibrating but there is no vibrator device.
05-14 03:34:55.357 I/art     ( 2381): Background sticky concurrent mark sweep GC freed 18163(2MB) AllocSpace objects, 2(40KB) LOS objects, 29% free, 7MB/10MB, paused 59.141ms total 1.239s
05-14 03:34:55.469 W/art     ( 2690): Unexpected CPU variant for X86 using defaults: x86_64
05-14 03:34:55.560 W/ActivityManager( 2189): Slow operation: 300ms so far, now at startProcess: returned from zygote!
05-14 03:34:55.561 W/ActivityManager( 2189): Slow operation: 301ms so far, now at startProcess: done updating battery stats
05-14 03:34:55.565 W/ActivityManager( 2189): Slow operation: 305ms so far, now at startProcess: building log message
05-14 03:34:55.565 I/ActivityManager( 2189): Start proc 2690:com.android.cellbroadcastreceiver/u0a4 for broadcast com.android.cellbroadcastreceiver/.CellBroadcastReceiver
05-14 03:34:55.566 W/ActivityManager( 2189): Slow operation: 306ms so far, now at startProcess: starting to update pids map
05-14 03:34:55.566 W/ActivityManager( 2189): Slow operation: 306ms so far, now at startProcess: done updating pids map
05-14 03:34:55.566 W/ActivityManager( 2189): Slow operation: 347ms so far, now at startProcess: done starting proc!
05-14 03:34:55.569 D/ConditionProviders.SCP( 2189): onSubscribe condition://android/schedule?days=1.2.3.4.5&start=22.0&end=7.0&exitAtAlarm=false
05-14 03:34:55.570 W/art     ( 2189): Long monitor contention with owner main (2189) at void com.android.server.am.BroadcastQueue.processNextBroadcast(boolean)(BroadcastQueue.java:760) waiters=0 in void com.android.server.am.ActivityManagerService.dispatchUidsChanged() for 327ms
05-14 03:34:55.698 D/ConditionProviders.SCP( 2189): setRegistered true
05-14 03:34:55.741 D/ConditionProviders.SCP( 2189): notifyCondition condition://android/schedule?days=1.2.3.4.5&start=22.0&end=7.0&exitAtAlarm=false STATE_TRUE reason=meetsSchedule
05-14 03:34:55.758 D/ConditionProviders.SCP( 2189): Scheduling evaluate for Fri May 14 07:00:00 UTC 2021 (1620975600000), in +3h25m4s301ms, now=Fri May 14 03:34:55 UTC 2021 (1620963295699)
05-14 03:34:55.790 D/ConditionProviders.SCP( 2189): onSubscribe condition://android/schedule?days=6.7&start=23.30&end=10.0&exitAtAlarm=false
05-14 03:34:55.792 D/ConditionProviders.SCP( 2189): notifyCondition condition://android/schedule?days=6.7&start=23.30&end=10.0&exitAtAlarm=false STATE_FALSE reason=!meetsSchedule
05-14 03:34:55.794 D/ConditionProviders.SCP( 2189): notifyCondition condition://android/schedule?days=1.2.3.4.5&start=22.0&end=7.0&exitAtAlarm=false STATE_TRUE reason=meetsSchedule
05-14 03:34:55.796 D/ConditionProviders.SCP( 2189): Scheduling evaluate for Fri May 14 07:00:00 UTC 2021 (1620975600000), in +3h25m4s208ms, now=Fri May 14 03:34:55 UTC 2021 (1620963295792)
05-14 03:34:55.875 D/PhoneSwitcherNetworkRequstListener( 2589): Registering NetworkFactory
05-14 03:34:55.879 I/Telecom ( 2189): WiredHeadsetManager: ACTION_HEADSET_PLUG event, plugged in: false, : WHC.oADA@AAE
05-14 03:34:55.883 D/ConnectivityService( 2189): Got NetworkFactory Messenger for PhoneSwitcherNetworkRequstListener
05-14 03:34:55.998 D/ConnectivityService( 2189): Got NetworkFactory Messenger for TelephonyNetworkFactory[0]
05-14 03:34:56.035 I/ActivityManager( 2189): user 0 is still locked. Cannot load recents
05-14 03:34:56.137 I/Choreographer( 2604): Skipped 78 frames!  The application may be doing too much work on its main thread.
05-14 03:34:56.388 D/ZenLog  ( 2189): config: conditionChanged,ZenModeConfig[user=0,allowCalls=true,allowRepeatCallers=false,allowMessages=false,allowCallsFrom=contacts,allowMessagesFrom=contacts,allowReminders=true,allowEvents=true,allowWhenScreenOff=true,allowWhenScreenOn=true,automaticRules={370bd6672ef541ba946db9ac4aef0faf=ZenRule[enabled=false,snoozing=false,name=Weeknight,zenMode=ZEN_MODE_ALARMS,conditionId=condition://android/schedule?days=1.2.3.4.5&start=22.0&end=7.0&exitAtAlarm=false,condition=Condition[id=condition://android/schedule?days=1.2.3.4.5&start=22.0&end=7.0&exitAtAlarm=false,summary=...,line1=...,line2=...,icon=0,state=STATE_TRUE,flags=2],component=ComponentInfo{android/com.android.server.notification.ScheduleConditionProvider},id=370bd6672ef541ba946db9ac4aef0faf,creationTime=1590622727817,enabler=null], a53ffdf89c814123a52adbdd46bc948d=ZenRule[enabled=false,snoozing=false,name=Weekend,zenMode=ZEN_MODE_ALARMS,conditionId=condition://android/schedule?days=6.7&start=23.30&end=10.0&exitAtAlarm=false,condition=Condition[id=condition://android/schedule?days=6.7&start=23.30&end=10.0&exitAtAlarm=false,summary=...,line1=...,line2=...,icon=0,state=STATE_FALSE,flags=2],component=ComponentInfo{android/com.android.server.notification.ScheduleConditionProvider},id=a53ffdf89c814123a52adbdd46bc948d,creationTime=1590622727818,enabler=null], fc8bb1aacabb4877a1d1d167106f6e77=ZenRule[enabled=false,snoozing=false,name=Event,zenMode=ZEN_MODE_ALARMS,conditionId=condition://android/event?userId=-10000&calendar=&reply=1,condition=Condition[id=condition://android/event?userId=-10000&calendar=&reply=1,summary=...,line1=...,line2=...,icon=0,state=STATE_FALSE,flags=2],component=ComponentInfo{android/com.android.server.notification.EventConditionProvider},id=fc8bb1aacabb4877a1d1d167106f6e77,creationTime=1590622727822,enabler=null]},manualRule=null],Diff[automaticRule[370bd6672ef541ba946db9ac4aef0faf].condition:Condition[id=condition://android/schedule?days=1.2.3.4.5&start=22.0&end=7.0&exitAtAlarm=false,summary=...,line1=...,line2=...,icon=0,state=STATE_FALSE,flags=2]->Condition[id=condition://android/schedule?days=1.2.3.4.5&start=22.0&end=7.0&exitAtAlarm=false,summary=...,line1=...,line2=...,icon=0,state=STATE_TRUE,flags=2]]
05-14 03:34:57.107 D/CarrierConfigLoader( 2589): CarrierConfigLoader has started
05-14 03:34:57.136 D/ZenLog  ( 2189): set_zen_mode: off,conditionChanged
05-14 03:34:57.142 E/BluetoothAdapter( 2589): Bluetooth binder is null
05-14 03:34:57.519 W/System  ( 2690): ClassLoader referenced unknown path: /system/priv-app/CellBroadcastReceiver/lib/x86_64
05-14 03:34:57.853 I/Telephony( 2589): TtyManager: updateUiTtyMode -1 -> 0
05-14 03:34:58.214 W/System  ( 2381): ClassLoader referenced unknown path: 
05-14 03:34:58.215 W/System  ( 2381): ClassLoader referenced unknown path: /system/priv-app/Dialer/lib/x86_64
05-14 03:34:58.219 D/ApplicationLoaders( 2381): ignored Vulkan layer search path /system/priv-app/Dialer/lib/x86_64:/system/lib64:/vendor/lib64 for namespace 0x7d7e4f31d0f0
05-14 03:34:58.417 D/AlarmManagerService( 2189): Kernel timezone updated to 0 minutes west of GMT
05-14 03:34:58.506 D/AlarmManagerService( 2189): Setting time of day to sec=1620963300
05-14 03:35:00.137 W/SurfaceFlinger( 1318): Timed out waiting for hw vsync; faking it
05-14 03:35:00.139 W/AlarmManagerService( 2189): Unable to set rtc to 1620963300: No such device
05-14 03:35:00.149 D/ConditionProviders.SCP( 2189): onReceive android.intent.action.TIME_SET
05-14 03:35:00.150 D/ConditionProviders.SCP( 2189): notifyCondition condition://android/schedule?days=6.7&start=23.30&end=10.0&exitAtAlarm=false STATE_FALSE reason=!meetsSchedule
05-14 03:35:00.151 D/ConditionProviders.SCP( 2189): notifyCondition condition://android/schedule?days=1.2.3.4.5&start=22.0&end=7.0&exitAtAlarm=false STATE_TRUE reason=meetsSchedule
05-14 03:35:00.152 D/ConditionProviders.SCP( 2189): Scheduling evaluate for Fri May 14 07:00:00 UTC 2021 (1620975600000), in +3h24m59s851ms, now=Fri May 14 03:35:00 UTC 2021 (1620963300149)
05-14 03:35:01.258 I/art     ( 2189): Explicit concurrent mark sweep GC freed 36490(3MB) AllocSpace objects, 17(4MB) LOS objects, 29% free, 9MB/13MB, paused 123.821ms total 7.054s
05-14 03:35:01.664 W/ProcessCpuTracker( 2189): Skipping unknown process pid 2718
05-14 03:35:02.934 D/PhoneSwitcherNetworkRequstListener( 2589): got request NetworkRequest [ REQUEST id=1, [ Capabilities: INTERNET&NOT_RESTRICTED&TRUSTED&NOT_VPN] ] with score 0
05-14 03:35:02.952 D/TelephonyDebugService( 2589): TelephonyDebugService()
05-14 03:35:03.104 D/CarrierConfigLoader( 2589): mHandler: 12 phoneId: 0
05-14 03:35:04.018 E/BluetoothAdapter( 2381): Bluetooth binder is null
05-14 03:35:04.191 I/CameraManagerGlobal( 2381): Connecting to camera service
05-14 03:35:04.335 V/EmulatedCamera_Camera( 1324): getCameraInfo
05-14 03:35:04.344 V/EmulatedCamera_BaseCamera( 1324): getCameraInfo
05-14 03:35:04.345 I/CameraService( 1324): getCameraCharacteristics: Switching to HAL1 shim implementation...
05-14 03:35:04.345 V/EmulatedCamera_Camera( 1324): getCameraInfo
05-14 03:35:04.345 V/EmulatedCamera_BaseCamera( 1324): getCameraInfo
05-14 03:35:04.409 I/CameraService( 1324): CameraService::connect call (PID -1 "cameraserver", camera ID 0) for HAL version default and Camera API version 1
05-14 03:35:04.414 E/CameraService( 1324): getCameraPriorityFromProcState: Received invalid process state -1 from ActivityManagerService!
05-14 03:35:04.415 V/EmulatedCamera_Camera( 1324): getCameraInfo
05-14 03:35:04.415 V/EmulatedCamera_BaseCamera( 1324): getCameraInfo
05-14 03:35:04.634 E/WVMExtractor( 1331): Failed to open libwvm.so: dlopen failed: library "libwvm.so" not found
05-14 03:35:05.049 D/NuPlayerDriver( 1331): notifyListener_l(0xea228d20), (1, 0, 0), loop setting(0, 0)
05-14 03:35:05.115 D/NuPlayerDriver( 1331): notifyListener_l(0xe8a0c2a0), (1, 0, 0), loop setting(0, 0)
05-14 03:35:05.542 D/NuPlayerDriver( 1331): notifyListener_l(0xea228e40), (1, 0, 0), loop setting(0, 0)
05-14 03:35:05.583 I/CameraFlashlight( 1324): Opening camera 0
05-14 03:35:05.583 V/EmulatedCamera_Camera( 1324): getCameraInfo
05-14 03:35:05.583 V/EmulatedCamera_BaseCamera( 1324): getCameraInfo
05-14 03:35:05.583 V/EmulatedCamera_Camera( 1324): connectCamera
05-14 03:35:05.583 V/EmulatedCamera_FakeDevice( 1324): connectDevice
05-14 03:35:05.584 V/EmulatedCamera_CallbackNotifier( 1324): setCallbacks: 0xf5a82e80, 0xf5a82ed0, 0xf5a82ff0, 0xf5a83110 (0xf499d1e0)
05-14 03:35:05.584 V/EmulatedCamera_CallbackNotifier( 1324): enableMessage: msg_type = 0xc0d
05-14 03:35:05.584 V/EmulatedCamera_CallbackNotifier( 1324):     CAMERA_MSG_ERROR
05-14 03:35:05.584 V/EmulatedCamera_CallbackNotifier( 1324):     CAMERA_MSG_FOCUS
05-14 03:35:05.584 V/EmulatedCamera_CallbackNotifier( 1324):     CAMERA_MSG_ZOOM
05-14 03:35:05.584 V/EmulatedCamera_CallbackNotifier( 1324):     CAMERA_MSG_PREVIEW_METADATA
05-14 03:35:05.584 V/EmulatedCamera_CallbackNotifier( 1324): **** Currently enabled messages:
05-14 03:35:05.584 V/EmulatedCamera_CallbackNotifier( 1324):     CAMERA_MSG_ERROR
05-14 03:35:05.584 V/EmulatedCamera_CallbackNotifier( 1324):     CAMERA_MSG_FOCUS
05-14 03:35:05.584 V/EmulatedCamera_CallbackNotifier( 1324):     CAMERA_MSG_ZOOM
05-14 03:35:05.584 V/EmulatedCamera_CallbackNotifier( 1324):     CAMERA_MSG_PREVIEW_METADATA
05-14 03:35:05.640 V/EmulatedCamera_CallbackNotifier( 1324): disableMessage: msg_type = 0xffff
05-14 03:35:05.640 V/EmulatedCamera_CallbackNotifier( 1324):     CAMERA_MSG_ERROR
05-14 03:35:05.640 V/EmulatedCamera_CallbackNotifier( 1324):     CAMERA_MSG_SHUTTER
05-14 03:35:05.640 V/EmulatedCamera_CallbackNotifier( 1324):     CAMERA_MSG_FOCUS
05-14 03:35:05.640 V/EmulatedCamera_CallbackNotifier( 1324):     CAMERA_MSG_ZOOM
05-14 03:35:05.640 V/EmulatedCamera_CallbackNotifier( 1324):     CAMERA_MSG_PREVIEW_FRAME
05-14 03:35:05.640 V/EmulatedCamera_CallbackNotifier( 1324):     CAMERA_MSG_VIDEO_FRAME
05-14 03:35:05.640 V/EmulatedCamera_CallbackNotifier( 1324):     CAMERA_MSG_POSTVIEW_FRAME
05-14 03:35:05.640 V/EmulatedCamera_CallbackNotifier( 1324):     CAMERA_MSG_RAW_IMAGE
05-14 03:35:05.641 V/EmulatedCamera_CallbackNotifier( 1324):     CAMERA_MSG_COMPRESSED_IMAGE
05-14 03:35:05.641 V/EmulatedCamera_CallbackNotifier( 1324):     CAMERA_MSG_RAW_IMAGE_NOTIFY
05-14 03:35:05.641 V/EmulatedCamera_CallbackNotifier( 1324):     CAMERA_MSG_PREVIEW_METADATA
05-14 03:35:05.641 V/EmulatedCamera_CallbackNotifier( 1324): **** Currently enabled messages:
05-14 03:35:05.641 V/EmulatedCamera_Preview( 1324): setPreviewWindow: current: 0x0 -> new: 0x0
05-14 03:35:05.641 V/EmulatedCamera_Camera( 1324): doStopPreview
05-14 03:35:05.643 V/EmulatedCamera_Camera( 1324): cancelPicture
05-14 03:35:05.643 V/EmulatedCamera_Camera( 1324): releaseCamera
05-14 03:35:05.643 V/EmulatedCamera_Camera( 1324): doStopPreview
05-14 03:35:05.643 V/EmulatedCamera_FakeDevice( 1324): disconnectDevice
05-14 03:35:05.697 W/EmulatedCamera_Device( 1324): Initialize: Emulated camera device is already initialized: mState = 1
05-14 03:35:05.697 D/EmulatedCamera_FakeCamera( 1324): Initialize: Fake camera is facing back
05-14 03:35:05.699 V/EmulatedCamera_Device( 1324): initializeWhiteBalanceModes with auto, 1.000000, 1.000000
05-14 03:35:05.706 V/EmulatedCamera_Device( 1324): initializeWhiteBalanceModes with incandescent, 1.380000, 0.600000
05-14 03:35:05.706 V/EmulatedCamera_Device( 1324): initializeWhiteBalanceModes with daylight, 1.090000, 0.920000
05-14 03:35:05.706 V/EmulatedCamera_Device( 1324): initializeWhiteBalanceModes with twilight, 0.920000, 1.220000
05-14 03:35:05.706 V/EmulatedCamera_Device( 1324): setWhiteBalanceMode with white balance auto
05-14 03:35:05.707 I/CameraFlashlight( 1324): Destroying camera 0
05-14 03:35:05.707 V/EmulatedCamera_Camera( 1324): closeCamera
05-14 03:35:05.707 V/EmulatedCamera_Camera( 1324): doStopPreview
05-14 03:35:05.707 W/EmulatedCamera_Device( 1324): Initialize: Emulated camera device is already initialized: mState = 1
05-14 03:35:05.707 D/EmulatedCamera_FakeCamera( 1324): Initialize: Fake camera is facing back
05-14 03:35:05.709 V/EmulatedCamera_Device( 1324): initializeWhiteBalanceModes with auto, 1.000000, 1.000000
05-14 03:35:05.709 V/EmulatedCamera_Device( 1324): initializeWhiteBalanceModes with incandescent, 1.380000, 0.600000
05-14 03:35:05.709 V/EmulatedCamera_Device( 1324): initializeWhiteBalanceModes with daylight, 1.090000, 0.920000
05-14 03:35:05.709 V/EmulatedCamera_Device( 1324): initializeWhiteBalanceModes with twilight, 0.920000, 1.220000
05-14 03:35:05.709 V/EmulatedCamera_Device( 1324): setWhiteBalanceMode with white balance auto
05-14 03:35:05.719 I/CameraService( 1324): disconnect: Disconnected client for camera 0 for PID 1324
05-14 03:35:05.749 D/NuPlayerDriver( 1331): reset(0xea228d20) at state 4
05-14 03:35:05.749 D/NuPlayerDriver( 1331): notifyListener_l(0xea228d20), (8, 0, 0), loop setting(0, 0)
05-14 03:35:05.777 D/NuPlayerDriver( 1331): notifyResetComplete(0xea228d20)
05-14 03:35:05.782 D/NuPlayerDriver( 1331): reset(0xe8a0c2a0) at state 4
05-14 03:35:05.782 D/NuPlayerDriver( 1331): notifyListener_l(0xe8a0c2a0), (8, 0, 0), loop setting(0, 0)
05-14 03:35:05.885 D/NuPlayerDriver( 1331): notifyResetComplete(0xe8a0c2a0)
05-14 03:35:05.910 D/NuPlayerDriver( 1331): reset(0xea228e40) at state 4
05-14 03:35:05.910 D/NuPlayerDriver( 1331): notifyListener_l(0xea228e40), (8, 0, 0), loop setting(0, 0)
05-14 03:35:05.910 D/NuPlayerDriver( 1331): notifyResetComplete(0xea228e40)
05-14 03:35:06.001 V/EmulatedCamera_Camera( 1324): getCameraInfo
05-14 03:35:06.001 V/EmulatedCamera_BaseCamera( 1324): getCameraInfo
05-14 03:35:06.004 V/EmulatedCamera_Camera( 1324): getCameraInfo
05-14 03:35:06.004 V/EmulatedCamera_BaseCamera( 1324): getCameraInfo
05-14 03:35:06.355 I/StatusBar( 2381): isKeyguardShowing() called before startKeyguard(), returning true
05-14 03:35:06.378 W/StatusBar( 2381): isKeyguardSecure() called before startKeyguard(), returning false
05-14 03:35:06.378 W/StatusBar( 2381): java.lang.Throwable
05-14 03:35:06.378 W/StatusBar( 2381): 	at com.android.systemui.statusbar.BaseStatusBar.isKeyguardSecure(BaseStatusBar.java:2647)
05-14 03:35:06.378 W/StatusBar( 2381): 	at com.android.systemui.statusbar.BaseStatusBar.isCameraAllowedByAdmin(BaseStatusBar.java:2670)
05-14 03:35:06.378 W/StatusBar( 2381): 	at com.android.systemui.statusbar.phone.KeyguardBottomAreaView.updateCameraVisibility(KeyguardBottomAreaView.java:309)
05-14 03:35:06.378 W/StatusBar( 2381): 	at com.android.systemui.statusbar.phone.KeyguardBottomAreaView.setPhoneStatusBar(KeyguardBottomAreaView.java:272)
05-14 03:35:06.378 W/StatusBar( 2381): 	at com.android.systemui.statusbar.phone.PhoneStatusBar.makeStatusBarView(PhoneStatusBar.java:904)
05-14 03:35:06.378 W/StatusBar( 2381): 	at com.android.systemui.statusbar.phone.PhoneStatusBar.addStatusBarWindow(PhoneStatusBar.java:3432)
05-14 03:35:06.378 W/StatusBar( 2381): 	at com.android.systemui.statusbar.phone.PhoneStatusBar.createAndAddWindows(PhoneStatusBar.java:3428)
05-14 03:35:06.378 W/StatusBar( 2381): 	at com.android.systemui.statusbar.BaseStatusBar.start(BaseStatusBar.java:765)
05-14 03:35:06.378 W/StatusBar( 2381): 	at com.android.systemui.statusbar.phone.PhoneStatusBar.start(PhoneStatusBar.java:686)
05-14 03:35:06.378 W/StatusBar( 2381): 	at com.android.systemui.statusbar.SystemBars.createStatusBarFromConfig(SystemBars.java:106)
05-14 03:35:06.378 W/StatusBar( 2381): 	at com.android.systemui.statusbar.SystemBars.onNoService(SystemBars.java:58)
05-14 03:35:06.378 W/StatusBar( 2381): 	at com.android.systemui.statusbar.ServiceMonitor.startService(ServiceMonitor.java:230)
05-14 03:35:06.378 W/StatusBar( 2381): 	at com.android.systemui.statusbar.ServiceMonitor.-wrap5(ServiceMonitor.java)
05-14 03:35:06.378 W/StatusBar( 2381): 	at com.android.systemui.statusbar.ServiceMonitor$1.handleMessage(ServiceMonitor.java:73)
05-14 03:35:06.378 W/StatusBar( 2381): 	at android.os.Handler.dispatchMessage(Handler.java:102)
05-14 03:35:06.378 W/StatusBar( 2381): 	at android.os.Looper.loop(Looper.java:154)
05-14 03:35:06.378 W/StatusBar( 2381): 	at android.app.ActivityThread.main(ActivityThread.java:6119)
05-14 03:35:06.378 W/StatusBar( 2381): 	at java.lang.reflect.Method.invoke(Native Method)
05-14 03:35:06.378 W/StatusBar( 2381): 	at com.android.internal.os.ZygoteInit$MethodAndArgsCaller.run(ZygoteInit.java:886)
05-14 03:35:06.378 W/StatusBar( 2381): 	at com.android.internal.os.ZygoteInit.main(ZygoteInit.java:776)
05-14 03:35:06.382 I/StatusBar( 2381): isKeyguardShowing() called before startKeyguard(), returning true
05-14 03:35:06.383 W/StatusBar( 2381): isKeyguardSecure() called before startKeyguard(), returning false
05-14 03:35:06.383 W/StatusBar( 2381): java.lang.Throwable
05-14 03:35:06.383 W/StatusBar( 2381): 	at com.android.systemui.statusbar.BaseStatusBar.isKeyguardSecure(BaseStatusBar.java:2647)
