05-14 03:35:41.408 V/MediaRouter( 2955): Adding route: RouteInfo{ name=Phone, description=null, status=null, category=RouteCategory{ name=null types=ROUTE_TYPE_LIVE_AUDIO ROUTE_TYPE_LIVE_VIDEO  groupable=false }, supportedTypes=ROUTE_TYPE_LIVE_AUDIO ROUTE_TYPE_LIVE_VIDEO , presentationDisplay=null }
05-14 03:35:41.501 V/MediaRouter( 2955): Updating audio routes: AudioRoutesInfo{ type=SPEAKER }
05-14 03:35:41.521 V/MediaRouter( 2955): Selecting route: RouteInfo{ name=Phone, description=null, status=null, category=RouteCategory{ name=null types=ROUTE_TYPE_LIVE_AUDIO ROUTE_TYPE_LIVE_VIDEO  groupable=false }, supportedTypes=ROUTE_TYPE_LIVE_AUDIO ROUTE_TYPE_LIVE_VIDEO , presentationDisplay=null }
05-14 03:35:41.681 D/TrustManagerService( 2189): Removing dead TrustListener.
05-14 03:35:41.924 E/WVMExtractor( 2955): Failed to open libwvm.so: dlopen failed: library "libwvm.so" not found
05-14 03:35:42.543 I/MediaPlayerService( 1331): MediaPlayerService::getOMX
05-14 03:35:42.551 I/OMXClient( 2955): MuxOMX ctor
05-14 03:35:42.649 I/OMXMaster( 1328): makeComponentInstance(OMX.google.vorbis.decoder) in mediacodec process
05-14 03:35:43.463 W/art     ( 2985): Unexpected CPU variant for X86 using defaults: x86_64
05-14 03:35:43.490 W/ActivityManager( 2189): Slow operation: 139ms so far, now at startProcess: returned from zygote!
05-14 03:35:43.491 W/ActivityManager( 2189): Slow operation: 139ms so far, now at startProcess: done updating battery stats
05-14 03:35:43.491 W/ActivityManager( 2189): Slow operation: 140ms so far, now at startProcess: building log message
05-14 03:35:43.491 I/ActivityManager( 2189): Start proc 2985:com.android.printspooler/u0a51 for service com.android.printspooler/.model.PrintSpoolerService
05-14 03:35:43.491 W/ActivityManager( 2189): Slow operation: 140ms so far, now at startProcess: starting to update pids map
05-14 03:35:43.491 W/ActivityManager( 2189): Slow operation: 140ms so far, now at startProcess: done updating pids map
05-14 03:35:43.491 W/ActivityManager( 2189): Slow operation: 142ms so far, now at startProcess: done starting proc!
05-14 03:35:43.707 I/art     ( 2864): Background sticky concurrent mark sweep GC freed 20016(1935KB) AllocSpace objects, 9(204KB) LOS objects, 21% free, 7MB/10MB, paused 1.576ms total 238.056ms
05-14 03:35:43.872 D/WIFI    ( 2189): Registering NetworkFactory
05-14 03:35:43.873 D/WIFI_UT ( 2189): Registering NetworkFactory
05-14 03:35:43.874 D/ConnectivityService( 2189): Got NetworkFactory Messenger for WIFI
05-14 03:35:43.875 D/ConnectivityService( 2189): Got NetworkFactory Messenger for WIFI_UT
05-14 03:35:43.892 D/WIFI    ( 2189): got request NetworkRequest [ REQUEST id=1, [ Capabilities: INTERNET&NOT_RESTRICTED&TRUSTED&NOT_VPN] ] with score 0
05-14 03:35:43.892 D/WIFI_UT ( 2189): got request NetworkRequest [ REQUEST id=1, [ Capabilities: INTERNET&NOT_RESTRICTED&TRUSTED&NOT_VPN] ] with score 0
05-14 03:35:44.013 I/MediaPlayerService( 1331): MediaPlayerService::getOMX
05-14 03:35:44.015 I/OMXClient( 2955): MuxOMX ctor
05-14 03:35:44.021 I/OMXMaster( 1328): makeComponentInstance(OMX.google.vorbis.decoder) in mediacodec process
05-14 03:35:44.118 I/AlarmClock( 2762): AlarmInitReceiver android.intent.action.LOCKED_BOOT_COMPLETED
05-14 03:35:44.241 I/vol.Events( 2955): writeEvent collection_started
05-14 03:35:44.249 V/AlarmClock( 2762): AlarmInitReceiver finished
05-14 03:35:44.290 I/vol.Events( 2955): writeEvent external_ringer_mode_changed normal
05-14 03:35:44.290 I/vol.Events( 2955): writeEvent internal_ringer_mode_changed normal
05-14 03:35:44.859 I/BackupManagerService( 2189): Found stale backup journal, scheduling
05-14 03:35:44.904 W/WallpaperManagerService( 2189): Wallpaper reconnect timed out, reverting to built-in wallpaper!
05-14 03:35:44.937 I/MediaPlayerService( 1331): MediaPlayerService::getOMX
05-14 03:35:44.941 I/OMXClient( 2955): MuxOMX ctor
05-14 03:35:44.945 I/OMXMaster( 1328): makeComponentInstance(OMX.google.vorbis.decoder) in mediacodec process
05-14 03:35:45.169 D/AlarmClock/Events( 2762): [Stopwatch] [Reset] [Reboot]
05-14 03:35:45.431 V/AlarmClock( 2762): AlarmInitReceiver finished
05-14 03:35:45.452 I/vol.Events( 2955): writeEvent level_changed STREAM_ALARM 6
05-14 03:35:45.469 I/vol.Events( 2955): writeEvent level_changed STREAM_BLUETOOTH_SCO 7
05-14 03:35:45.477 W/ActivityManager( 2189): Slow operation: 87ms so far, now at startProcess: returned from zygote!
05-14 03:35:45.478 W/ActivityManager( 2189): Slow operation: 88ms so far, now at startProcess: done updating battery stats
05-14 03:35:45.478 W/ActivityManager( 2189): Slow operation: 88ms so far, now at startProcess: building log message
05-14 03:35:45.478 I/ActivityManager( 2189): Start proc 3010:android.process.media/u0a10 for broadcast com.android.providers.downloads/.DownloadReceiver
05-14 03:35:45.478 W/ActivityManager( 2189): Slow operation: 88ms so far, now at startProcess: starting to update pids map
05-14 03:35:45.478 W/ActivityManager( 2189): Slow operation: 88ms so far, now at startProcess: done updating pids map
05-14 03:35:45.478 W/ActivityManager( 2189): Slow operation: 89ms so far, now at startProcess: done starting proc!
05-14 03:35:45.505 W/art     ( 3010): Unexpected CPU variant for X86 using defaults: x86_64
05-14 03:35:45.538 I/vol.Events( 2955): writeEvent level_changed STREAM_MUSIC 11
05-14 03:35:45.639 I/vol.Events( 2955): writeEvent level_changed STREAM_RING 5
05-14 03:35:45.652 I/vol.Events( 2955): writeEvent level_changed STREAM_SYSTEM 5
05-14 03:35:45.697 I/vol.Events( 2955): writeEvent level_changed STREAM_VOICE_CALL 4
05-14 03:35:46.000 E/NetdConnector( 2189): NDC Command {19 bandwidth addniceapps 10010} took too long (520ms)
05-14 03:35:46.033 W/System  ( 3010): ClassLoader referenced unknown path: /system/priv-app/DownloadProvider/lib/x86_64
05-14 03:35:46.114 W/System  ( 3010): ClassLoader referenced unknown path: /system/priv-app/MediaProvider/lib/x86_64
05-14 03:35:46.131 D/ApplicationLoaders( 3010): ignored Vulkan layer search path /system/priv-app/MediaProvider/lib/x86_64:/system/priv-app/MediaProvider/MediaProvider.apk!/lib/x86_64:/system/lib64:/vendor/lib64 for namespace 0x7d7e4f1ba0f0
05-14 03:35:46.244 D/StorageNotification( 2955): Notifying about private volume: VolumeInfo{private}:
05-14 03:35:46.244 D/StorageNotification( 2955):     type=PRIVATE diskId=null partGuid=null mountFlags=0 mountUserId=-1 
05-14 03:35:46.244 D/StorageNotification( 2955):     state=MOUNTED 
05-14 03:35:46.244 D/StorageNotification( 2955):     fsType=null fsUuid=null fsLabel=null 
05-14 03:35:46.244 D/StorageNotification( 2955):     path=/data internalPath=null 
05-14 03:35:46.258 D/StorageNotification( 2955): Notifying about public volume: VolumeInfo{public:253,48}:
05-14 03:35:46.258 D/StorageNotification( 2955):     type=PUBLIC diskId=disk:253,48 partGuid=null mountFlags=VISIBLE 
05-14 03:35:46.258 D/StorageNotification( 2955):     mountUserId=0 state=MOUNTED 
05-14 03:35:46.258 D/StorageNotification( 2955):     fsType=vfat fsUuid=1EFF-1C1B fsLabel=SDCARD 
05-14 03:35:46.258 D/StorageNotification( 2955):     path=/storage/1EFF-1C1B internalPath=/mnt/media_rw/1EFF-1C1B 
05-14 03:35:46.362 W/art     ( 2189): Suspending all threads took: 6.648ms
05-14 03:35:46.456 I/art     ( 2189): Background partial concurrent mark sweep GC freed 27223(2MB) AllocSpace objects, 19(644KB) LOS objects, 29% free, 9MB/13MB, paused 8.539ms total 284.211ms
05-14 03:35:46.476 V/KeyguardServiceDelegate( 2189): *** Keyguard connected (yay!)
05-14 03:35:46.677 D/LockSettings( 2189): Removing dead StrongAuthTracker.
05-14 03:35:46.677 D/LockSettings( 2189): Removing dead StrongAuthTracker.
05-14 03:35:46.706 I/Choreographer( 2955): Skipped 39 frames!  The application may be doing too much work on its main thread.
05-14 03:35:46.924 I/StatusBarManagerService( 2189): registerStatusBar bar=com.android.internal.statusbar.IStatusBar$Stub$Proxy@fbec38d
05-14 03:35:48.404 I/art     ( 2955): Background sticky concurrent mark sweep GC freed 16404(2MB) AllocSpace objects, 2(40KB) LOS objects, 29% free, 7MB/10MB, paused 693us total 177.152ms
05-14 03:35:48.419 D/MediaScannerReceiver( 3010): action: android.intent.action.MEDIA_MOUNTED path: /storage/1EFF-1C1B
05-14 03:35:48.707 W/System  ( 2955): ClassLoader referenced unknown path: 
05-14 03:35:48.708 W/System  ( 2955): ClassLoader referenced unknown path: /system/priv-app/Dialer/lib/x86_64
05-14 03:35:48.712 D/ApplicationLoaders( 2955): ignored Vulkan layer search path /system/priv-app/Dialer/lib/x86_64:/system/lib64:/vendor/lib64 for namespace 0x7d7e4f31d0f0
05-14 03:35:48.837 D/MediaScannerReceiver( 3010): action: android.intent.action.MEDIA_MOUNTED path: /storage/emulated/0
05-14 03:35:48.952 W/Binder  ( 2955): Binder call failed.
05-14 03:35:48.952 W/Binder  ( 2955): android.os.DeadObjectException
05-14 03:35:48.952 W/Binder  ( 2955): 	at android.os.BinderProxy.transactNative(Native Method)
05-14 03:35:48.952 W/Binder  ( 2955): 	at android.os.BinderProxy.transact(Binder.java:615)
05-14 03:35:48.952 W/Binder  ( 2955): 	at android.content.IIntentReceiver$Stub$Proxy.performReceive(IIntentReceiver.java:124)
05-14 03:35:48.952 W/Binder  ( 2955): 	at android.app.ActivityThread$ApplicationThread.scheduleRegisteredReceiver(ActivityThread.java:946)
05-14 03:35:48.952 W/Binder  ( 2955): 	at android.app.ApplicationThreadNative.onTransact(ApplicationThreadNative.java:404)
05-14 03:35:48.952 W/Binder  ( 2955): 	at android.os.Binder.execTransact(Binder.java:565)
05-14 03:35:49.026 E/BluetoothAdapter( 2955): Bluetooth binder is null
05-14 03:35:49.112 I/CameraManagerGlobal( 2955): Connecting to camera service
05-14 03:35:49.140 V/EmulatedCamera_Camera( 1324): getCameraInfo
05-14 03:35:49.141 V/EmulatedCamera_BaseCamera( 1324): getCameraInfo
05-14 03:35:49.141 I/CameraService( 1324): getCameraCharacteristics: Switching to HAL1 shim implementation...
05-14 03:35:49.141 V/EmulatedCamera_Camera( 1324): getCameraInfo
05-14 03:35:49.141 V/EmulatedCamera_BaseCamera( 1324): getCameraInfo
05-14 03:35:49.151 V/EmulatedCamera_Camera( 1324): getCameraInfo
05-14 03:35:49.151 V/EmulatedCamera_BaseCamera( 1324): getCameraInfo
05-14 03:35:49.166 V/EmulatedCamera_Camera( 1324): getCameraInfo
05-14 03:35:49.166 V/EmulatedCamera_BaseCamera( 1324): getCameraInfo
05-14 03:35:49.241 I/StatusBar( 2955): isKeyguardShowing() called before startKeyguard(), returning true
05-14 03:35:49.248 W/StatusBar( 2955): isKeyguardSecure() called before startKeyguard(), returning false
05-14 03:35:49.248 W/StatusBar( 2955): java.lang.Throwable
05-14 03:35:49.248 W/StatusBar( 2955): 	at com.android.systemui.statusbar.BaseStatusBar.isKeyguardSecure(BaseStatusBar.java:2647)
05-14 03:35:49.248 W/StatusBar( 2955): 	at com.android.systemui.statusbar.BaseStatusBar.isCameraAllowedByAdmin(BaseStatusBar.java:2670)
05-14 03:35:49.248 W/StatusBar( 2955): 	at com.android.systemui.statusbar.phone.KeyguardBottomAreaView.updateCameraVisibility(KeyguardBottomAreaView.java:309)
05-14 03:35:49.248 W/StatusBar( 2955): 	at com.android.systemui.statusbar.phone.KeyguardBottomAreaView.setPhoneStatusBar(KeyguardBottomAreaView.java:272)
05-14 03:35:49.248 W/StatusBar( 2955): 	at com.android.systemui.statusbar.phone.PhoneStatusBar.makeStatusBarView(PhoneStatusBar.java:904)
05-14 03:35:49.248 W/StatusBar( 2955): 	at com.android.systemui.statusbar.phone.PhoneStatusBar.addStatusBarWindow(PhoneStatusBar.java:3432)
05-14 03:35:49.248 W/StatusBar( 2955): 	at com.android.systemui.statusbar.phone.PhoneStatusBar.createAndAddWindows(PhoneStatusBar.java:3428)
05-14 03:35:49.248 W/StatusBar( 2955): 	at com.android.systemui.statusbar.BaseStatusBar.start(BaseStatusBar.java:765)
05-14 03:35:49.248 W/StatusBar( 2955): 	at com.android.systemui.statusbar.phone.PhoneStatusBar.start(PhoneStatusBar.java:686)
05-14 03:35:49.248 W/StatusBar( 2955): 	at com.android.systemui.statusbar.SystemBars.createStatusBarFromConfig(SystemBars.java:106)
05-14 03:35:49.248 W/StatusBar( 2955): 	at com.android.systemui.statusbar.SystemBars.onNoService(SystemBars.java:58)
05-14 03:35:49.248 W/StatusBar( 2955): 	at com.android.systemui.statusbar.ServiceMonitor.startService(ServiceMonitor.java:230)
05-14 03:35:49.248 W/StatusBar( 2955): 	at com.android.systemui.statusbar.ServiceMonitor.-wrap5(ServiceMonitor.java)
05-14 03:35:49.248 W/StatusBar( 2955): 	at com.android.systemui.statusbar.ServiceMonitor$1.handleMessage(ServiceMonitor.java:73)
05-14 03:35:49.248 W/StatusBar( 2955): 	at android.os.Handler.dispatchMessage(Handler.java:102)
05-14 03:35:49.248 W/StatusBar( 2955): 	at android.os.Looper.loop(Looper.java:154)
05-14 03:35:49.248 W/StatusBar( 2955): 	at android.app.ActivityThread.main(ActivityThread.java:6119)
05-14 03:35:49.248 W/StatusBar( 2955): 	at java.lang.reflect.Method.invoke(Native Method)
05-14 03:35:49.248 W/StatusBar( 2955): 	at com.android.internal.os.ZygoteInit$MethodAndArgsCaller.run(ZygoteInit.java:886)
05-14 03:35:49.248 W/StatusBar( 2955): 	at com.android.internal.os.ZygoteInit.main(ZygoteInit.java:776)
05-14 03:35:49.254 I/StatusBar( 2955): isKeyguardShowing() called before startKeyguard(), returning true
05-14 03:35:49.257 W/StatusBar( 2955): isKeyguardSecure() called before startKeyguard(), returning false
05-14 03:35:49.257 W/StatusBar( 2955): java.lang.Throwable
05-14 03:35:49.257 W/StatusBar( 2955): 	at com.android.systemui.statusbar.BaseStatusBar.isKeyguardSecure(BaseStatusBar.java:2647)
05-14 03:35:49.257 W/StatusBar( 2955): 	at com.android.systemui.statusbar.BaseStatusBar.isCameraAllowedByAdmin(BaseStatusBar.java:2670)
05-14 03:35:49.257 W/StatusBar( 2955): 	at com.android.systemui.statusbar.phone.KeyguardBottomAreaView.updateCameraVisibility(KeyguardBottomAreaView.java:309)
05-14 03:35:49.257 W/StatusBar( 2955): 	at com.android.systemui.statusbar.phone.KeyguardBottomAreaView.setUserSetupComplete(KeyguardBottomAreaView.java:281)
05-14 03:35:49.257 W/StatusBar( 2955): 	at com.android.systemui.statusbar.phone.PhoneStatusBar.makeStatusBarView(PhoneStatusBar.java:905)
05-14 03:35:49.257 W/StatusBar( 2955): 	at com.android.systemui.statusbar.phone.PhoneStatusBar.addStatusBarWindow(PhoneStatusBar.java:3432)
05-14 03:35:49.257 W/StatusBar( 2955): 	at com.android.systemui.statusbar.phone.PhoneStatusBar.createAndAddWindows(PhoneStatusBar.java:3428)
05-14 03:35:49.257 W/StatusBar( 2955): 	at com.android.systemui.statusbar.BaseStatusBar.start(BaseStatusBar.java:765)
05-14 03:35:49.257 W/StatusBar( 2955): 	at com.android.systemui.statusbar.phone.PhoneStatusBar.start(PhoneStatusBar.java:686)
05-14 03:35:49.257 W/StatusBar( 2955): 	at com.android.systemui.statusbar.SystemBars.createStatusBarFromConfig(SystemBars.java:106)
05-14 03:35:49.257 W/StatusBar( 2955): 	at com.android.systemui.statusbar.SystemBars.onNoService(SystemBars.java:58)
05-14 03:35:49.257 W/StatusBar( 2955): 	at com.android.systemui.statusbar.ServiceMonitor.startService(ServiceMonitor.java:230)
05-14 03:35:49.257 W/StatusBar( 2955): 	at com.android.systemui.statusbar.ServiceMonitor.-wrap5(ServiceMonitor.java)
05-14 03:35:49.257 W/StatusBar( 2955): 	at com.android.systemui.statusbar.ServiceMonitor$1.handleMessage(ServiceMonitor.java:73)
05-14 03:35:49.257 W/StatusBar( 2955): 	at android.os.Handler.dispatchMessage(Handler.java:102)
05-14 03:35:49.257 W/StatusBar( 2955): 	at android.os.Looper.loop(Looper.java:154)
05-14 03:35:49.257 W/StatusBar( 2955): 	at android.app.ActivityThread.main(ActivityThread.java:6119)
05-14 03:35:49.257 W/StatusBar( 2955): 	at java.lang.reflect.Method.invoke(Native Method)
05-14 03:35:49.257 W/StatusBar( 2955): 	at com.android.internal.os.ZygoteInit$MethodAndArgsCaller.run(ZygoteInit.java:886)
05-14 03:35:49.257 W/StatusBar( 2955): 	at com.android.internal.os.ZygoteInit.main(ZygoteInit.java:776)
05-14 03:35:49.421 V/EmulatedCamera_Camera( 1324): getCameraInfo
05-14 03:35:49.421 V/EmulatedCamera_BaseCamera( 1324): getCameraInfo
05-14 03:35:49.423 V/EmulatedCamera_Camera( 1324): getCameraInfo
05-14 03:35:49.423 V/EmulatedCamera_BaseCamera( 1324): getCameraInfo
05-14 03:35:49.479 V/MediaScanner( 3010): pruneDeadThumbnailFiles... android.content.ContentProviderClient$CursorWrapperInner@faa7d58
05-14 03:35:49.488 V/MediaScanner( 3010): /pruneDeadThumbnailFiles... android.content.ContentProviderClient$CursorWrapperInner@faa7d58
05-14 03:35:49.800 I/StatusBar( 2955): isKeyguardShowing() called before startKeyguard(), returning true
05-14 03:35:49.802 W/StatusBar( 2955): isKeyguardSecure() called before startKeyguard(), returning false
05-14 03:35:49.802 W/StatusBar( 2955): java.lang.Throwable
05-14 03:35:49.802 W/StatusBar( 2955): 	at com.android.systemui.statusbar.BaseStatusBar.isKeyguardSecure(BaseStatusBar.java:2647)
05-14 03:35:49.802 W/StatusBar( 2955): 	at com.android.systemui.statusbar.BaseStatusBar.isCameraAllowedByAdmin(BaseStatusBar.java:2670)
05-14 03:35:49.802 W/StatusBar( 2955): 	at com.android.systemui.statusbar.phone.KeyguardBottomAreaView.updateCameraVisibility(KeyguardBottomAreaView.java:309)
05-14 03:35:49.802 W/StatusBar( 2955): 	at com.android.systemui.statusbar.phone.KeyguardBottomAreaView.setUserSetupComplete(KeyguardBottomAreaView.java:281)
05-14 03:35:49.802 W/StatusBar( 2955): 	at com.android.systemui.statusbar.phone.PhoneStatusBar$1.onChange(PhoneStatusBar.java:441)
05-14 03:35:49.802 W/StatusBar( 2955): 	at com.android.systemui.statusbar.phone.PhoneStatusBar.resetUserSetupObserver(PhoneStatusBar.java:3676)
05-14 03:35:49.802 W/StatusBar( 2955): 	at com.android.systemui.statusbar.phone.PhoneStatusBar.makeStatusBarView(PhoneStatusBar.java:1008)
05-14 03:35:49.802 W/StatusBar( 2955): 	at com.android.systemui.statusbar.phone.PhoneStatusBar.addStatusBarWindow(PhoneStatusBar.java:3432)
05-14 03:35:49.802 W/StatusBar( 2955): 	at com.android.systemui.statusbar.phone.PhoneStatusBar.createAndAddWindows(PhoneStatusBar.java:3428)
05-14 03:35:49.802 W/StatusBar( 2955): 	at com.android.systemui.statusbar.BaseStatusBar.start(BaseStatusBar.java:765)
05-14 03:35:49.802 W/StatusBar( 2955): 	at com.android.systemui.statusbar.phone.PhoneStatusBar.start(PhoneStatusBar.java:686)
05-14 03:35:49.802 W/StatusBar( 2955): 	at com.android.systemui.statusbar.SystemBars.createStatusBarFromConfig(SystemBars.java:106)
05-14 03:35:49.802 W/StatusBar( 2955): 	at com.android.systemui.statusbar.SystemBars.onNoService(SystemBars.java:58)
05-14 03:35:49.802 W/StatusBar( 2955): 	at com.android.systemui.statusbar.ServiceMonitor.startService(ServiceMonitor.java:230)
05-14 03:35:49.802 W/StatusBar( 2955): 	at com.android.systemui.statusbar.ServiceMonitor.-wrap5(ServiceMonitor.java)
05-14 03:35:49.802 W/StatusBar( 2955): 	at com.android.systemui.statusbar.ServiceMonitor$1.handleMessage(ServiceMonitor.java:73)
05-14 03:35:49.802 W/StatusBar( 2955): 	at android.os.Handler.dispatchMessage(Handler.java:102)
05-14 03:35:49.802 W/StatusBar( 2955): 	at android.os.Looper.loop(Looper.java:154)
05-14 03:35:49.802 W/StatusBar( 2955): 	at android.app.ActivityThread.main(ActivityThread.java:6119)
05-14 03:35:49.802 W/StatusBar( 2955): 	at java.lang.reflect.Method.invoke(Native Method)
05-14 03:35:49.802 W/StatusBar( 2955): 	at com.android.internal.os.ZygoteInit$MethodAndArgsCaller.run(ZygoteInit.java:886)
05-14 03:35:49.802 W/StatusBar( 2955): 	at com.android.internal.os.ZygoteInit.main(ZygoteInit.java:776)
05-14 03:35:49.831 E/SurfaceFlinger( 1318): ro.sf.lcd_density must be defined as a build property
05-14 03:35:49.842 D/OpenGLRenderer( 2955): profile bars disabled
05-14 03:35:49.844 D/OpenGLRenderer( 2955): ambientRatio = 1.50
05-14 03:35:49.880 D/PhoneStatusBar( 2955): disable: < EXPAND* icons alerts system_info BACK* HOME* RECENT* clock SEARCH* quick_settings >
05-14 03:35:50.051 W/ActivityManager( 2189): Slow operation: 53ms so far, now at startProcess: returned from zygote!
05-14 03:35:50.051 W/ActivityManager( 2189): Slow operation: 53ms so far, now at startProcess: done updating battery stats
05-14 03:35:50.052 W/ActivityManager( 2189): Slow operation: 54ms so far, now at startProcess: building log message
05-14 03:35:50.052 I/ActivityManager( 2189): Start proc 3050:android.process.acore/u0a1 for content provider com.android.providers.contacts/.ContactsProvider2
05-14 03:35:50.052 W/ActivityManager( 2189): Slow operation: 54ms so far, now at startProcess: starting to update pids map
05-14 03:35:50.052 W/ActivityManager( 2189): Slow operation: 54ms so far, now at startProcess: done updating pids map
05-14 03:35:50.052 W/ActivityManager( 2189): Slow operation: 55ms so far, now at startProcess: done starting proc!
05-14 03:35:50.052 W/ActivityManager( 2189): Slow operation: 67ms so far, now at getContentProviderImpl: after start process
05-14 03:35:50.053 W/ActivityManager( 2189): Slow operation: 68ms so far, now at getContentProviderImpl: updating data structures
05-14 03:35:50.053 W/ActivityManager( 2189): Slow operation: 68ms so far, now at getContentProviderImpl: done!
05-14 03:35:50.064 W/art     ( 3050): Unexpected CPU variant for X86 using defaults: x86_64
05-14 03:35:50.289 W/System  ( 3050): ClassLoader referenced unknown path: /system/priv-app/ContactsProvider/lib/x86_64
05-14 03:35:50.380 D/PhoneStatusBar( 2955): heads up is enabled
05-14 03:35:50.452 W/KeyguardUpdateMonitor( 2955): invalid subId in handleSimStateChange()
05-14 03:35:50.788 W/art     ( 2189): Long monitor contention with owner Binder:2189_6 (2778) at int com.android.server.wm.WindowManagerService.relayoutWindow(com.android.server.wm.Session, android.view.IWindow, int, android.view.WindowManager$LayoutParams, int, int, int, int, android.graphics.Rect, android.graphics.Rect, android.graphics.Rect, android.graphics.Rect, android.graphics.Rect, android.graphics.Rect, android.graphics.Rect, android.content.res.Configuration, android.view.Surface)(WindowManagerService.java:2857) waiters=0 in void com.android.server.wm.WindowManagerService$H.handleMessage(android.os.Message) for 251ms
05-14 03:35:50.963 V/KeyguardServiceDelegate( 2189): **** SHOWN CALLED ****
05-14 03:35:50.981 I/Choreographer( 2955): Skipped 131 frames!  The application may be doing too much work on its main thread.
05-14 03:35:51.117 W/art     ( 2189): Long monitor contention with owner android.display (2230) at void com.android.server.wm.WindowManagerService$H.handleMessage(android.os.Message)(WindowManagerService.java:8368) waiters=0 in int com.android.server.wm.WindowManagerService.relayoutWindow(com.android.server.wm.Session, android.view.IWindow, int, android.view.WindowManager$LayoutParams, int, int, int, int, android.graphics.Rect, android.graphics.Rect, android.graphics.Rect, android.graphics.Rect, android.graphics.Rect, android.graphics.Rect, android.graphics.Rect, android.content.res.Configuration, android.view.Surface) for 209ms
05-14 03:35:51.152 D/ViewRootImpl[StatusBar]( 2955): changeCanvasOpacity: opaque=true
05-14 03:35:51.306 I/art     ( 2955): Background partial concurrent mark sweep GC freed 11094(1375KB) AllocSpace objects, 4(84KB) LOS objects, 23% free, 12MB/16MB, paused 63.826ms total 593.448ms
05-14 03:35:51.587 I/ContactsPerf( 3050): VoicemailContentProvider.onCreate start
05-14 03:35:51.662 I/ContactsPerf( 3050): VoicemailContentProvider.onCreate finish
05-14 03:35:51.683 W/System  ( 3050): ClassLoader referenced unknown path: /system/priv-app/BlockedNumberProvider/lib/x86_64
05-14 03:35:51.694 D/ApplicationLoaders( 3050): ignored Vulkan layer search path /system/priv-app/BlockedNumberProvider/lib/x86_64:/system/lib64:/vendor/lib64 for namespace 0x7d7e4f1ba0f0
05-14 03:35:51.770 W/art     ( 2189): Long monitor contention with owner android.display (2230) at void com.android.server.wm.WindowAnimator$1.doFrame(long)(WindowAnimator.java:144) waiters=0 in int com.android.server.wm.WindowManagerService.relayoutWindow(com.android.server.wm.Session, android.view.IWindow, int, android.view.WindowManager$LayoutParams, int, int, int, int, android.graphics.Rect, android.graphics.Rect, android.graphics.Rect, android.graphics.Rect, android.graphics.Rect, android.graphics.Rect, android.graphics.Rect, android.content.res.Configuration, android.view.Surface) for 114ms
05-14 03:35:51.831 W/System  ( 3050): ClassLoader referenced unknown path: /system/app/UserDictionaryProvider/lib/x86_64
05-14 03:35:51.839 D/ApplicationLoaders( 3050): ignored Vulkan layer search path /system/app/UserDictionaryProvider/lib/x86_64:/system/lib64:/vendor/lib64 for namespace 0x7d7e4f1ba160
05-14 03:35:52.580 V/MediaScanner( 3010): pruneDeadThumbnailFiles... android.content.ContentProviderClient$CursorWrapperInner@1b1ea46
05-14 03:35:52.581 V/MediaScanner( 3010): /pruneDeadThumbnailFiles... android.content.ContentProviderClient$CursorWrapperInner@1b1ea46
05-14 03:35:53.327 D/WifiService( 2189): New client listening to asynchronous messages
05-14 03:35:53.603 I/Choreographer( 2955): Skipped 156 frames!  The application may be doing too much work on its main thread.
05-14 03:35:53.668 D/gralloc_ranchu( 2955): Emulator without host-side GPU emulation detected. Loading gralloc.default.so from /vendor/lib64/hw/gralloc.goldfish.default.so...
05-14 03:35:53.672 D/gralloc_ranchu( 2955): gralloc.default.so not found in /vendor. Trying /system/lib64/hw/gralloc.goldfish.default.so...
05-14 03:35:53.763 D/PhoneStatusBar( 2955): disable: < expand* icons alerts system_info back* home* recent* clock search* quick_settings >
05-14 03:35:54.087 W/art     ( 2189): Long monitor contention with owner android.display (2230) at void com.android.server.wm.WindowAnimator$1.doFrame(long)(WindowAnimator.java:144) waiters=0 in int com.android.server.wm.WindowManagerService.relayoutWindow(com.android.server.wm.Session, android.view.IWindow, int, android.view.WindowManager$LayoutParams, int, int, int, int, android.graphics.Rect, android.graphics.Rect, android.graphics.Rect, android.graphics.Rect, android.graphics.Rect, android.graphics.Rect, android.graphics.Rect, android.content.res.Configuration, android.view.Surface) for 103ms
05-14 03:35:54.148 I/ContactLocale( 3050): AddressBook Labels [[en_US]]: [â€¦, A, B, C, D, E, F, G, H, I, J, K, L, M, N, O, P, Q, R, S, T, U, V, W, X, Y, Z, Î‘, Î’, Î“, Î”, Î•, Î–, Î—, Î˜, Î™, Îš, Î›, Îœ, Î, Îž, ÎŸ, Î , Î¡, Î£, Î¤, Î¥, Î¦, Î§, Î¨, Î©, â€¦, Ð, Ð‘, Ð’, Ð“, Ð”, Ð‚, Ð•, Ð„, Ð–, Ð—, Ð˜, Ð†, Ð™, Ðˆ, Ðš, Ð›, Ð‰, Ðœ, Ð, ÐŠ, Ðž, ÐŸ, Ð , Ð¡, Ð¢, Ð‹, Ð£, Ð¤, Ð¥, Ð¦, Ð§, Ð, Ð¨, Ð©, Ð®, Ð¯, â€¦, ×, ×‘, ×’, ×“, ×”, ×•, ×–, ×—, ×˜, ×™, ×›, ×œ, ×ž, × , ×¡, ×¢, ×¤, ×¦, ×§, ×¨, ×©, ×ª, â€¦, Ø§, Ø¨, Øª, Ø«, Ø¬, Ø­, Ø®, Ø¯, Ø°, Ø±, Ø², Ø³, Ø´, Øµ, Ø¶, Ø·, Ø¸, Ø¹, Øº, Ù, Ù‚, Ùƒ, Ù„, Ù…, Ù†, Ù‡, Ùˆ, ÙŠ, â€¦, à¸, à¸‚, à¸ƒ, à¸„, à¸…, à¸†, à¸‡, à¸ˆ, à¸‰, à¸Š, à¸‹, à¸Œ, à¸, à¸Ž, à¸, à¸, à¸‘, à¸’, à¸“, à¸”, à¸•, à¸–, à¸—, à¸˜, à¸™, à¸š, à¸›, à¸œ, à¸, à¸ž, à¸Ÿ, à¸ , à¸¡, à¸¢, à¸£, à¸¤, à¸¥, à¸¦, à¸§, à¸¨, à¸©, à¸ª, à¸«, à¸¬, à¸­, à¸®, â€¦, ã„±, ã„´, ã„·, ã„¹, ã…, ã…‚, ã……, ã…‡, ã…ˆ, ã…Š, ã…‹, ã…Œ, ã…, ã…Ž, â€¦, ã‚, ã‹, ã•, ãŸ, ãª, ã¯, ã¾, ã‚„, ã‚‰, ã‚, #, â€¦]
05-14 03:35:54.523 W/art     ( 2189): Long monitor contention with owner android.display (2230) at void com.android.server.wm.WindowManagerService$H.handleMessage(android.os.Message)(WindowManagerService.java:8368) waiters=0 in int com.android.server.wm.WindowManagerService.relayoutWindow(com.android.server.wm.Session, android.view.IWindow, int, android.view.WindowManager$LayoutParams, int, int, int, int, android.graphics.Rect, android.graphics.Rect, android.graphics.Rect, android.graphics.Rect, android.graphics.Rect, android.graphics.Rect, android.graphics.Rect, android.content.res.Configuration, android.view.Surface) for 107ms
05-14 03:35:54.871 I/Choreographer( 2955): Skipped 75 frames!  The application may be doing too much work on its main thread.
05-14 03:35:55.571 I/Choreographer( 2955): Skipped 41 frames!  The application may be doing too much work on its main thread.
05-14 03:35:55.787 W/art     ( 2955): Suspending all threads took: 11.435ms
05-14 03:35:55.845 I/art     ( 2955): Background sticky concurrent mark sweep GC freed 8876(350KB) AllocSpace objects, 3(60KB) LOS objects, 0% free, 17MB/17MB, paused 13.107ms total 75.775ms
05-14 03:35:56.048 I/art     ( 2955): Background partial concurrent mark sweep GC freed 3497(176KB) AllocSpace objects, 1(4MB) LOS objects, 23% free, 12MB/16MB, paused 743us total 155.101ms
05-14 03:36:34.283 W//sbin/adbd( 1320): type=1400 audit(0.0:16): avc: denied { search } for comm=7365727669636520363136 name="security" dev="vdc" ino=35203 scontext=u:r:adbd:s0 tcontext=u:object_r:security_file:s0 tclass=dir permissive=0
05-14 03:36:48.920 W/BroadcastQueue( 2189): Timeout of broadcast BroadcastRecord{f526d0e u0 android.intent.action.BOOT_COMPLETED} - receiver=android.os.BinderProxy@aa0b13d, started 60000ms ago
05-14 03:36:48.921 W/BroadcastQueue( 2189): Receiver during timeout: BroadcastFilter{cfd7a83 u0 ReceiverList{e9a3d32 2784 com.android.systemui/10021/u0 remote:aa0b13d}}
05-14 03:36:48.932 W/Binder  ( 2955): Binder call failed.
05-14 03:36:48.932 W/Binder  ( 2955): android.os.DeadObjectException
05-14 03:36:48.932 W/Binder  ( 2955): 	at android.os.BinderProxy.transactNative(Native Method)
05-14 03:36:48.932 W/Binder  ( 2955): 	at android.os.BinderProxy.transact(Binder.java:615)
05-14 03:36:48.932 W/Binder  ( 2955): 	at android.content.IIntentReceiver$Stub$Proxy.performReceive(IIntentReceiver.java:124)
05-14 03:36:48.932 W/Binder  ( 2955): 	at android.app.ActivityThread$ApplicationThread.scheduleRegisteredReceiver(ActivityThread.java:946)
05-14 03:36:48.932 W/Binder  ( 2955): 	at android.app.ApplicationThreadNative.onTransact(ApplicationThreadNative.java:404)
05-14 03:36:48.932 W/Binder  ( 2955): 	at android.os.Binder.execTransact(Binder.java:565)
05-14 03:37:23.120 D/AndroidRuntime( 3072): >>>>>> START com.android.internal.os.RuntimeInit uid 2000 <<<<<<
05-14 03:37:23.143 D/AndroidRuntime( 3072): CheckJNI is ON
05-14 03:37:23.452 W/art     ( 3072): Unexpected CPU variant for X86 using defaults: x86_64
05-14 03:37:23.486 D/ICU     ( 3072): No timezone override file found: /data/misc/zoneinfo/current/icu/icu_tzdata.dat
05-14 03:37:23.649 E/memtrack( 3072): Couldn't load memtrack module (No such file or directory)
05-14 03:37:23.649 E/android.os.Debug( 3072): failed to load memtrack module: -2
05-14 03:37:23.657 I/Radio-JNI( 3072): register_android_hardware_Radio DONE
05-14 03:37:23.768 D/AndroidRuntime( 3072): Calling main entry com.android.commands.pm.Pm
05-14 03:37:23.845 I/        ( 1326): free_cache(132238502) avail 809598976
05-14 03:37:39.489 W/ActivityManager( 2189): Slow operation: 55ms so far, now at startProcess: returned from zygote!
05-14 03:37:39.490 W/ActivityManager( 2189): Slow operation: 56ms so far, now at startProcess: done updating battery stats
05-14 03:37:39.490 W/ActivityManager( 2189): Slow operation: 56ms so far, now at startProcess: building log message
05-14 03:37:39.491 I/ActivityManager( 2189): Start proc 3083:com.android.defcontainer/u0a7 for service com.android.defcontainer/.DefaultContainerService
05-14 03:37:39.491 W/ActivityManager( 2189): Slow operation: 57ms so far, now at startProcess: starting to update pids map
05-14 03:37:39.491 W/ActivityManager( 2189): Slow operation: 57ms so far, now at startProcess: done updating pids map
05-14 03:37:39.491 W/ActivityManager( 2189): Slow operation: 59ms so far, now at startProcess: done starting proc!
05-14 03:37:39.526 W/art     ( 3083): Unexpected CPU variant for X86 using defaults: x86_64
05-14 03:37:40.173 I/PackageManager.DexOptimizer( 2189): Running dexopt (dex2oat) on: /data/app/vmdl828428619.tmp/base.apk pkg=jp.jaxa.iss.kibo.rpc.sampleapk isa=x86_64 vmSafeMode=false debuggable=true target-filter=interpret-only oatDir = /data/app/vmdl828428619.tmp/oat sharedLibraries=null
05-14 03:37:40.435 W/dex2oat ( 3098): Unexpected CPU variant for X86 using defaults: x86_64
05-14 03:37:40.449 I/dex2oat ( 3098): /system/bin/dex2oat --compiler-filter=interpret-only --debuggable
05-14 03:37:42.855 W/dex2oat ( 3098): Before Android 4.1, method int android.support.v7.widget.ListViewCompat.lookForSelectablePosition(int, boolean) would have incorrectly overridden the package-private method in android.widget.ListView
05-14 03:37:43.534 W/dex2oat ( 3098): Before Android 4.1, method android.graphics.PorterDuffColorFilter android.support.graphics.drawable.VectorDrawableCompat.updateTintFilter(android.graphics.PorterDuffColorFilter, android.content.res.ColorStateList, android.graphics.PorterDuff$Mode) would have incorrectly overridden the package-private method in android.graphics.drawable.Drawable
05-14 03:37:48.931 W/BroadcastQueue( 2189): Timeout of broadcast BroadcastRecord{f526d0e u0 android.intent.action.BOOT_COMPLETED} - receiver=android.os.BinderProxy@9ffad30, started 60008ms ago
05-14 03:37:48.931 W/BroadcastQueue( 2189): Receiver during timeout: BroadcastFilter{c68dacf u0 ReceiverList{bc18da9 2784 com.android.systemui/10021/u0 remote:9ffad30}}
05-14 03:37:49.067 I/RecoverySystem( 2189): No recovery log file
05-14 03:37:49.101 W/ActivityManager( 2189): Slow operation: 113ms so far, now at startProcess: returned from zygote!
05-14 03:37:49.101 W/ActivityManager( 2189): Slow operation: 113ms so far, now at startProcess: done updating battery stats
05-14 03:37:49.102 W/ActivityManager( 2189): Slow operation: 114ms so far, now at startProcess: building log message
05-14 03:37:49.102 I/ActivityManager( 2189): Start proc 3102:com.android.dialer/u0a8 for broadcast com.android.dialer/.calllog.CallLogReceiver
05-14 03:37:49.102 W/ActivityManager( 2189): Slow operation: 114ms so far, now at startProcess: starting to update pids map
05-14 03:37:49.102 W/ActivityManager( 2189): Slow operation: 114ms so far, now at startProcess: done updating pids map
05-14 03:37:49.102 W/ActivityManager( 2189): Slow operation: 115ms so far, now at startProcess: done starting proc!
05-14 03:37:49.261 I/BootReceiver( 2189): Copying audit failures to DropBox
05-14 03:37:49.262 I/BootReceiver( 2189): Checking for fsck errors
05-14 03:37:49.273 W/art     ( 3102): Unexpected CPU variant for X86 using defaults: x86_64
05-14 03:37:49.420 W/dex2oat ( 3098): Verification of boolean com.google.common.collect.ImmutableMultimap$Values.isPartialView() took 114.105ms
05-14 03:37:49.543 I/art     ( 2189): Background partial concurrent mark sweep GC freed 19557(1797KB) AllocSpace objects, 20(744KB) LOS objects, 29% free, 9MB/13MB, paused 1.389ms total 127.247ms
05-14 03:37:49.575 W/System  ( 3102): ClassLoader referenced unknown path: /system/priv-app/Dialer/lib/x86_64
05-14 03:37:49.595 W/dex2oat ( 3098): Verification of java.util.Iterator com.google.common.collect.Iterables$8.iterator() took 137.280ms
05-14 03:37:49.630 W/dex2oat ( 3098): Verification of void com.google.common.collect.Iterables$3.<init>(java.util.Iterator) took 183.903ms
05-14 03:37:51.018 D/ExtensionsFactory( 3102): No custom extensions.
05-14 03:37:51.039 D/BlockedNumbersAuto( 3102): Not attempting auto-migrate: already checked once.
05-14 03:37:51.198 D/CarrierConfigLoader( 2589): mHandler: 13 phoneId: 0
05-14 03:37:51.199 D/CarrierConfigLoader( 2589): mHandler: 7 phoneId: 0
05-14 03:37:51.202 E/CarrierConfigLoader( 2589): Cannot restore config with null packageName or iccid.
05-14 03:37:51.202 D/CarrierConfigLoader( 2589): Binding to com.android.carrierconfig for phone 0
05-14 03:37:51.244 W/ActivityManager( 2189): Slow operation: 60ms so far, now at startProcess: returned from zygote!
05-14 03:37:51.244 W/ActivityManager( 2189): Slow operation: 60ms so far, now at startProcess: done updating battery stats
05-14 03:37:51.245 W/ActivityManager( 2189): Slow operation: 61ms so far, now at startProcess: building log message
05-14 03:37:51.245 I/ActivityManager( 2189): Start proc 3120:com.android.calendar/u0a26 for broadcast com.android.calendar/.alerts.AlertReceiver
05-14 03:37:51.245 W/ActivityManager( 2189): Slow operation: 61ms so far, now at startProcess: starting to update pids map
05-14 03:37:51.245 W/ActivityManager( 2189): Slow operation: 61ms so far, now at startProcess: done updating pids map
05-14 03:37:51.245 W/ActivityManager( 2189): Slow operation: 61ms so far, now at startProcess: done starting proc!
05-14 03:37:51.252 W/art     ( 3120): Unexpected CPU variant for X86 using defaults: x86_64
05-14 03:37:51.341 W/ActivityManager( 2189): Slow operation: 78ms so far, now at startProcess: returned from zygote!
05-14 03:37:51.341 W/ActivityManager( 2189): Slow operation: 79ms so far, now at startProcess: done updating battery stats
05-14 03:37:51.341 W/ActivityManager( 2189): Slow operation: 79ms so far, now at startProcess: building log message
05-14 03:37:51.341 I/ActivityManager( 2189): Start proc 3127:com.android.carrierconfig/u0a3 for service com.android.carrierconfig/.DefaultCarrierConfigService
05-14 03:37:51.341 W/ActivityManager( 2189): Slow operation: 79ms so far, now at startProcess: starting to update pids map
05-14 03:37:51.342 W/ActivityManager( 2189): Slow operation: 79ms so far, now at startProcess: done updating pids map
05-14 03:37:51.342 W/ActivityManager( 2189): Slow operation: 81ms so far, now at startProcess: done starting proc!
05-14 03:37:51.387 W/CountryDetector( 3102): No location permissions, not registering for location updates.
05-14 03:37:51.398 W/art     ( 3127): Unexpected CPU variant for X86 using defaults: x86_64
05-14 03:37:51.470 W/dex2oat ( 3098): Verification of void android.support.constraint.solver.widgets.Optimizer.applyDirectResolutionHorizontalChain(android.support.constraint.solver.widgets.ConstraintWidgetContainer, android.support.constraint.solver.LinearSystem, int, android.support.constraint.solver.widgets.ConstraintWidget) took 255.164ms
05-14 03:37:51.535 W/System  ( 3120): ClassLoader referenced unknown path: /system/app/Calendar/lib/x86_64
05-14 03:37:51.585 W/System  ( 3127): ClassLoader referenced unknown path: /system/priv-app/CarrierConfig/lib/x86_64
05-14 03:37:51.660 W/dex2oat ( 3098): Verification of void android.support.constraint.solver.widgets.Optimizer.checkVerticalSimpleDependency(android.support.constraint.solver.widgets.ConstraintWidgetContainer, android.support.constraint.solver.LinearSystem, android.support.constraint.solver.widgets.ConstraintWidget) took 184.747ms
05-14 03:37:51.694 D/DefaultCarrierConfigService( 3127): Service created
05-14 03:37:51.705 D/CarrierConfigLoader( 2589): Connected to config app: com.android.carrierconfig/com.android.carrierconfig.DefaultCarrierConfigService
05-14 03:37:51.717 D/CarrierConfigLoader( 2589): mHandler: 3 phoneId: 0
05-14 03:37:51.828 D/DefaultCarrierConfigService( 3127): Config being fetched
05-14 03:37:51.840 W/dex2oat ( 3098): Verification of void android.support.graphics.drawable.VectorDrawableCompat$VPathRenderer.drawPath(android.support.graphics.drawable.VectorDrawableCompat$VGroup, android.support.graphics.drawable.VectorDrawableCompat$VPath, android.graphics.Canvas, int, int, android.graphics.ColorFilter) took 138.639ms
05-14 03:37:51.851 D/DefaultCarrierConfigService( 3127): java.io.FileNotFoundException: carrier_config_.xml
05-14 03:37:51.860 E/CarrierConfigLoader( 2589): Cannot save config with null packageName or iccid.
05-14 03:37:51.872 D/CarrierConfigLoader( 2589): mHandler: 5 phoneId: 0
05-14 03:37:51.874 E/PhoneInterfaceManager( 2589): [PhoneIntfMgr] getCarrierPackageNamesForIntent: No UICC
05-14 03:37:51.957 I/Telecom ( 2189): PhoneAccountRegistrar: SimCallManager queried, returning: null: TSI.gSCMFU@AAk
05-14 03:37:52.202 D/ExtensionsFactory( 3120): No custom extensions.
05-14 03:37:52.253 D/AlertReceiver( 3120): onReceive: a=android.intent.action.BOOT_COMPLETED Intent { act=android.intent.action.BOOT_COMPLETED flg=0x9000010 cmp=com.android.calendar/.alerts.AlertReceiver (has extras) }
05-14 03:37:52.324 I/AlarmClock( 2762): AlarmInitReceiver android.intent.action.BOOT_COMPLETED
05-14 03:37:52.338 D/AlertUtils( 3120): Flushing old alerts from shared prefs table
05-14 03:37:52.350 D/AlertService( 3120): 0 Action = android.intent.action.BOOT_COMPLETED
05-14 03:37:52.374 D/AlertService( 3120): Scheduling next alarm with AlarmScheduler. sEventReminderReceived: null
05-14 03:37:52.414 W/art     ( 3156): Unexpected CPU variant for X86 using defaults: x86_64
05-14 03:37:52.459 W/ActivityManager( 2189): Slow operation: 73ms so far, now at startProcess: returned from zygote!
05-14 03:37:52.459 W/ActivityManager( 2189): Slow operation: 74ms so far, now at startProcess: done updating battery stats
05-14 03:37:52.459 W/ActivityManager( 2189): Slow operation: 74ms so far, now at startProcess: building log message
05-14 03:37:52.459 I/ActivityManager( 2189): Start proc 3156:com.android.providers.calendar/u0a2 for content provider com.android.providers.calendar/.CalendarProvider2
05-14 03:37:52.459 W/ActivityManager( 2189): Slow operation: 74ms so far, now at startProcess: starting to update pids map
05-14 03:37:52.460 W/ActivityManager( 2189): Slow operation: 74ms so far, now at startProcess: done updating pids map
05-14 03:37:52.460 W/ActivityManager( 2189): Slow operation: 76ms so far, now at startProcess: done starting proc!
05-14 03:37:52.460 W/ActivityManager( 2189): Slow operation: 77ms so far, now at getContentProviderImpl: after start process
05-14 03:37:52.460 W/ActivityManager( 2189): Slow operation: 77ms so far, now at getContentProviderImpl: updating data structures
05-14 03:37:52.460 W/ActivityManager( 2189): Slow operation: 77ms so far, now at getContentProviderImpl: done!
05-14 03:37:52.469 W/dex2oat ( 3098): Verification of java.util.List com.google.zxing.multi.qrcode.QRCodeMultiReader.processStructuredAppend(java.util.List) took 145.881ms
05-14 03:37:52.490 W/dex2oat ( 3098): Verification of void com.google.zxing.multi.GenericMultipleBarcodeReader.doDecodeMultiple(com.google.zxing.BinaryBitmap, java.util.Map, java.util.List, int, int, int) took 175.083ms
05-14 03:37:52.644 W/System  ( 3156): ClassLoader referenced unknown path: /system/priv-app/CalendarProvider/lib/x86_64
05-14 03:37:52.703 W/art     ( 3171): Unexpected CPU variant for X86 using defaults: x86_64
05-14 03:37:52.706 W/ActivityManager( 2189): Slow operation: 71ms so far, now at startProcess: returned from zygote!
05-14 03:37:52.707 W/ActivityManager( 2189): Slow operation: 72ms so far, now at startProcess: done updating battery stats
05-14 03:37:52.707 W/ActivityManager( 2189): Slow operation: 72ms so far, now at startProcess: building log message
05-14 03:37:52.707 I/ActivityManager( 2189): Start proc 3171:com.android.email/u0a34 for broadcast com.android.email/.service.EmailBroadcastReceiver
05-14 03:37:52.707 W/ActivityManager( 2189): Slow operation: 72ms so far, now at startProcess: starting to update pids map
05-14 03:37:52.707 W/ActivityManager( 2189): Slow operation: 72ms so far, now at startProcess: done updating pids map
05-14 03:37:52.707 W/ActivityManager( 2189): Slow operation: 73ms so far, now at startProcess: done starting proc!
05-14 03:37:52.706 V/AlarmClock( 2762): AlarmInitReceiver finished
05-14 03:37:52.728 W/dex2oat ( 3098): Verification of void com.google.zxing.oned.Code128Reader.<clinit>() took 182.082ms
05-14 03:37:52.863 W/System  ( 3171): ClassLoader referenced unknown path: /system/app/Email/lib/x86_64
05-14 03:37:53.354 I/CalendarProvider2( 3156): Created com.android.providers.calendar.CalendarAlarmManager@112d0d4(com.android.providers.calendar.CalendarProvider2@89bb27d)
05-14 03:37:53.698 D/AlarmScheduler( 3120): No events found starting within 1 week.
05-14 03:37:53.919 W/dex2oat ( 3098): Compilation of void org.opencv.android.Utils.nBitmapToMat2(android.graphics.Bitmap, long, boolean) took 162.582ms
05-14 03:37:53.926 W/dex2oat ( 3098): Compilation of java.lang.String org.opencv.android.StaticHelper.getLibraryList() took 171.957ms
05-14 03:37:54.718 I/CalendarProvider2( 3156): Sending notification intent: Intent { act=android.intent.action.PROVIDER_CHANGED dat=content://com.android.calendar flg=0x20000000 }
05-14 03:37:54.747 W/ContentResolver( 3156): Failed to get type for: content://com.android.calendar (Unknown URL content://com.android.calendar)
05-14 03:37:54.748 W/ActivityManager( 2189): Unable to start service Intent { act=com.android.email.EXCHANGE_INTENT pkg=com.android.exchange } U=0: not found
05-14 03:37:54.897 D/ActivityThread( 3171): Loading provider com.android.email.provider;com.android.email.notifier: com.android.email.provider.EmailProvider
05-14 03:37:54.951 W/ActivityManager( 2189): Unable to start service Intent { act=com.android.email.EXCHANGE_INTENT pkg=com.android.exchange } U=0: not found
05-14 03:37:55.301 I/SystemBroadcastReceiver( 2376): Boot has been completed
05-14 03:37:55.302 I/SystemBroadcastReceiver( 2376): toggleAppIcon() : FLAG_SYSTEM = true
05-14 03:37:55.375 W/ActivityManager( 2189): Unable to start service Intent { cmp=com.android.email/.service.AttachmentService } U=0: not found
05-14 03:37:55.504 W/art     ( 3195): Unexpected CPU variant for X86 using defaults: x86_64
05-14 03:37:55.511 W/ActivityManager( 2189): Slow operation: 76ms so far, now at startProcess: returned from zygote!
05-14 03:37:55.512 W/ActivityManager( 2189): Slow operation: 77ms so far, now at startProcess: done updating battery stats
05-14 03:37:55.512 W/ActivityManager( 2189): Slow operation: 77ms so far, now at startProcess: building log message
05-14 03:37:55.512 I/ActivityManager( 2189): Start proc 3195:com.android.managedprovisioning/u0a14 for broadcast com.android.managedprovisioning/.BootReminder
05-14 03:37:55.512 W/ActivityManager( 2189): Slow operation: 77ms so far, now at startProcess: starting to update pids map
05-14 03:37:55.512 W/ActivityManager( 2189): Slow operation: 77ms so far, now at startProcess: done updating pids map
05-14 03:37:55.512 W/ActivityManager( 2189): Slow operation: 78ms so far, now at startProcess: done starting proc!
05-14 03:37:55.518 W/ActivityManager( 2189): Unable to start service Intent { act=com.android.email.EXCHANGE_INTENT pkg=com.android.exchange } U=0: not found
05-14 03:37:55.547 I/Email   ( 3171): Observing account changes for notifications
05-14 03:37:55.552 W/ActivityManager( 2189): Unable to start service Intent { cmp=com.android.email/.service.AttachmentService } U=0: not found
05-14 03:37:55.601 W/ActivityManager( 2189): Unable to start service Intent { act=com.android.email.EXCHANGE_INTENT pkg=com.android.exchange } U=0: not found
05-14 03:37:55.620 W/ActivityManager( 2189): Unable to start service Intent { act=com.android.email.EXCHANGE_INTENT pkg=com.android.exchange } U=0: not found
05-14 03:37:55.648 W/dex2oat ( 3098): Compilation of void org.jboss.netty.buffer.ChannelBufferInputStream.mark(int) took 162.229ms
05-14 03:37:55.671 E/ActivityThread( 3171): Service com.android.email.service.EmailBroadcastProcessorService has leaked ServiceConnection com.android.emailcommon.service.ServiceProxy$ProxyConnection@edd5db3 that was originally bound here
05-14 03:37:55.671 E/ActivityThread( 3171): android.app.ServiceConnectionLeaked: Service com.android.email.service.EmailBroadcastProcessorService has leaked ServiceConnection com.android.emailcommon.service.ServiceProxy$ProxyConnection@edd5db3 that was originally bound here
05-14 03:37:55.671 E/ActivityThread( 3171): 	at android.app.LoadedApk$ServiceDispatcher.<init>(LoadedApk.java:1336)
05-14 03:37:55.671 E/ActivityThread( 3171): 	at android.app.LoadedApk.getServiceDispatcher(LoadedApk.java:1231)
05-14 03:37:55.671 E/ActivityThread( 3171): 	at android.app.ContextImpl.bindServiceCommon(ContextImpl.java:1450)
05-14 03:37:55.671 E/ActivityThread( 3171): 	at android.app.ContextImpl.bindService(ContextImpl.java:1422)
05-14 03:37:55.671 E/ActivityThread( 3171): 	at android.content.ContextWrapper.bindService(ContextWrapper.java:636)
05-14 03:37:55.671 E/ActivityThread( 3171): 	at com.android.emailcommon.service.ServiceProxy.setTask(ServiceProxy.java:181)
05-14 03:37:55.671 E/ActivityThread( 3171): 	at com.android.emailcommon.service.ServiceProxy.test(ServiceProxy.java:224)
05-14 03:37:55.671 E/ActivityThread( 3171): 	at com.android.email.service.EmailServiceUtils.isServiceAvailable(EmailServiceUtils.java:160)
05-14 03:37:55.671 E/ActivityThread( 3171): 	at com.android.email.provider.AccountReconciler.reconcileAccountsInternal(AccountReconciler.java:171)
05-14 03:37:55.671 E/ActivityThread( 3171): 	at com.android.email.provider.AccountReconciler.reconcileAccounts(AccountReconciler.java:115)
05-14 03:37:55.671 E/ActivityThread( 3171): 	at com.android.email.service.EmailBroadcastProcessorService.reconcileAndStartServices(EmailBroadcastProcessorService.java:305)
05-14 03:37:55.671 E/ActivityThread( 3171): 	at com.android.email.service.EmailBroadcastProcessorService.onBootCompleted(EmailBroadcastProcessorService.java:295)
05-14 03:37:55.671 E/ActivityThread( 3171): 	at com.android.email.service.EmailBroadcastProcessorService.onHandleIntent(EmailBroadcastProcessorService.java:130)
05-14 03:37:55.671 E/ActivityThread( 3171): 	at android.app.IntentService$ServiceHandler.handleMessage(IntentService.java:68)
05-14 03:37:55.671 E/ActivityThread( 3171): 	at android.os.Handler.dispatchMessage(Handler.java:102)
05-14 03:37:55.671 E/ActivityThread( 3171): 	at android.os.Looper.loop(Looper.java:154)
05-14 03:37:55.671 E/ActivityThread( 3171): 	at android.os.HandlerThread.run(HandlerThread.java:61)
05-14 03:37:55.673 W/ActivityManager( 2189): Unbind failed: could not find connection for android.os.BinderProxy@fbd8a6e
05-14 03:37:55.704 W/ActivityManager( 2189): Unable to start service Intent { act=com.android.email.EXCHANGE_INTENT pkg=com.android.exchange } U=0: not found
05-14 03:37:55.819 W/System  ( 3195): ClassLoader referenced unknown path: /system/priv-app/ManagedProvisioning/lib/x86_64
05-14 03:37:56.103 W/art     ( 3209): Unexpected CPU variant for X86 using defaults: x86_64
05-14 03:37:56.121 W/ActivityManager( 2189): Slow operation: 100ms so far, now at startProcess: returned from zygote!
