05-24 11:59:23.713 W/StatusBar( 2656): 	at com.android.systemui.statusbar.ServiceMonitor$1.handleMessage(ServiceMonitor.java:73)
05-24 11:59:23.713 W/StatusBar( 2656): 	at android.os.Handler.dispatchMessage(Handler.java:102)
05-24 11:59:23.713 W/StatusBar( 2656): 	at android.os.Looper.loop(Looper.java:154)
05-24 11:59:23.713 W/StatusBar( 2656): 	at android.app.ActivityThread.main(ActivityThread.java:6119)
05-24 11:59:23.713 W/StatusBar( 2656): 	at java.lang.reflect.Method.invoke(Native Method)
05-24 11:59:23.713 W/StatusBar( 2656): 	at com.android.internal.os.ZygoteInit$MethodAndArgsCaller.run(ZygoteInit.java:886)
05-24 11:59:23.713 W/StatusBar( 2656): 	at com.android.internal.os.ZygoteInit.main(ZygoteInit.java:776)
05-24 11:59:23.747 E/SurfaceFlinger( 1319): ro.sf.lcd_density must be defined as a build property
05-24 11:59:23.751 D/OpenGLRenderer( 2656): profile bars disabled
05-24 11:59:23.751 D/OpenGLRenderer( 2656): ambientRatio = 1.50
05-24 11:59:23.776 D/PhoneStatusBar( 2656): disable: < EXPAND* icons alerts system_info BACK* HOME* RECENT* clock SEARCH* quick_settings >
05-24 11:59:23.895 W/ActivityManager( 1801): Unable to start service Intent { act=com.android.email.EXCHANGE_INTENT pkg=com.android.exchange } U=0: not found
05-24 11:59:23.982 I/CalendarProvider2( 2760): Sending notification intent: Intent { act=android.intent.action.PROVIDER_CHANGED dat=content://com.android.calendar flg=0x20000000 }
05-24 11:59:23.983 W/ContentResolver( 2760): Failed to get type for: content://com.android.calendar (Unknown URL content://com.android.calendar)
05-24 11:59:24.030 D/ActivityThread( 2746): Loading provider com.android.email.provider;com.android.email.notifier: com.android.email.provider.EmailProvider
05-24 11:59:24.202 W/ActivityManager( 1801): Unable to start service Intent { act=com.android.email.EXCHANGE_INTENT pkg=com.android.exchange } U=0: not found
05-24 11:59:24.372 D/PhoneStatusBar( 2656): heads up is enabled
05-24 11:59:24.515 W/KeyguardUpdateMonitor( 2656): invalid subId in handleSimStateChange()
05-24 11:59:24.871 I/art     ( 2656): Background partial concurrent mark sweep GC freed 10056(1383KB) AllocSpace objects, 3(60KB) LOS objects, 23% free, 12MB/16MB, paused 1.522ms total 120.613ms
05-24 11:59:25.686 I/SystemBroadcastReceiver( 2009): Boot has been completed
05-24 11:59:25.686 I/SystemBroadcastReceiver( 2009): toggleAppIcon() : FLAG_SYSTEM = true
05-24 11:59:25.814 V/KeyguardServiceDelegate( 1801): **** SHOWN CALLED ****
05-24 11:59:25.817 I/Choreographer( 2656): Skipped 163 frames!  The application may be doing too much work on its main thread.
05-24 11:59:25.962 D/ViewRootImpl[StatusBar]( 2656): changeCanvasOpacity: opaque=true
05-24 11:59:26.067 W/art     ( 1801): Long monitor contention with owner android.display (1851) at void com.android.server.wm.WindowAnimator$1.doFrame(long)(WindowAnimator.java:144) waiters=0 in int com.android.server.wm.WindowManagerService.relayoutWindow(com.android.server.wm.Session, android.view.IWindow, int, android.view.WindowManager$LayoutParams, int, int, int, int, android.graphics.Rect, android.graphics.Rect, android.graphics.Rect, android.graphics.Rect, android.graphics.Rect, android.graphics.Rect, android.graphics.Rect, android.content.res.Configuration, android.view.Surface) for 133ms
05-24 11:59:26.223 W/art     ( 1801): Long monitor contention with owner android.display (1851) at void com.android.server.wm.WindowAnimator$1.doFrame(long)(WindowAnimator.java:144) waiters=0 in int com.android.server.wm.WindowManagerService.relayoutWindow(com.android.server.wm.Session, android.view.IWindow, int, android.view.WindowManager$LayoutParams, int, int, int, int, android.graphics.Rect, android.graphics.Rect, android.graphics.Rect, android.graphics.Rect, android.graphics.Rect, android.graphics.Rect, android.graphics.Rect, android.content.res.Configuration, android.view.Surface) for 150ms
05-24 11:59:26.334 I/art     ( 1801): Background partial concurrent mark sweep GC freed 12217(1060KB) AllocSpace objects, 10(416KB) LOS objects, 29% free, 9MB/13MB, paused 4.735ms total 294.517ms
05-24 11:59:27.124 W/ActivityManager( 1801): Slow operation: 149ms so far, now at startProcess: returned from zygote!
05-24 11:59:27.125 W/ActivityManager( 1801): Slow operation: 150ms so far, now at startProcess: done updating battery stats
05-24 11:59:27.126 W/ActivityManager( 1801): Slow operation: 151ms so far, now at startProcess: building log message
05-24 11:59:27.126 I/ActivityManager( 1801): Start proc 2790:com.android.managedprovisioning/u0a14 for broadcast com.android.managedprovisioning/.BootReminder
05-24 11:59:27.126 W/ActivityManager( 1801): Slow operation: 151ms so far, now at startProcess: starting to update pids map
05-24 11:59:27.126 W/ActivityManager( 1801): Slow operation: 152ms so far, now at startProcess: done updating pids map
05-24 11:59:27.126 W/ActivityManager( 1801): Slow operation: 158ms so far, now at startProcess: done starting proc!
05-24 11:59:27.127 W/art     ( 1801): Long monitor contention with owner Binder:1801_6 (2151) at void com.android.server.am.BroadcastQueue.processNextBroadcast(boolean)(BroadcastQueue.java:760) waiters=0 in void com.android.server.am.ActivityManagerService.dispatchUidsChanged() for 153ms
05-24 11:59:27.153 W/art     ( 2790): Unexpected CPU variant for X86 using defaults: x86_64
05-24 11:59:27.870 W/art     ( 2746): Long monitor contention with owner AsyncTask #1 (2784) at android.database.sqlite.SQLiteDatabase com.android.email.provider.EmailProvider.getDatabase(android.content.Context)(EmailProvider.java:488) waiters=0 in android.database.sqlite.SQLiteDatabase com.android.email.provider.EmailProvider.getDatabase(android.content.Context) for 3.203s
05-24 11:59:27.923 W/System  ( 2790): ClassLoader referenced unknown path: /system/priv-app/ManagedProvisioning/lib/x86_64
05-24 11:59:27.958 W/ActivityManager( 1801): Unable to start service Intent { cmp=com.android.email/.service.AttachmentService } U=0: not found
05-24 11:59:27.992 W/ActivityManager( 1801): Unable to start service Intent { act=com.android.email.EXCHANGE_INTENT pkg=com.android.exchange } U=0: not found
05-24 11:59:28.041 D/WifiService( 1801): New client listening to asynchronous messages
05-24 11:59:28.079 W/art     ( 2746): Long monitor contention with owner AsyncTask #2 (2785) at android.database.sqlite.SQLiteDatabase com.android.email.provider.EmailProvider.getDatabase(android.content.Context)(EmailProvider.java:478) waiters=0 in void com.android.email.provider.AccountReconciler.reconcileAccounts(android.content.Context) for 1.683s
05-24 11:59:28.106 W/ActivityManager( 1801): Unable to start service Intent { cmp=com.android.email/.service.AttachmentService } U=0: not found
05-24 11:59:28.124 I/Email   ( 2746): Observing account changes for notifications
05-24 11:59:28.166 W/ActivityManager( 1801): Unable to start service Intent { act=com.android.email.EXCHANGE_INTENT pkg=com.android.exchange } U=0: not found
05-24 11:59:28.192 W/ActivityManager( 1801): Unable to start service Intent { act=com.android.email.EXCHANGE_INTENT pkg=com.android.exchange } U=0: not found
05-24 11:59:28.205 E/ActivityThread( 2746): Service com.android.email.service.EmailBroadcastProcessorService has leaked ServiceConnection com.android.emailcommon.service.ServiceProxy$ProxyConnection@a75356a that was originally bound here
05-24 11:59:28.205 E/ActivityThread( 2746): android.app.ServiceConnectionLeaked: Service com.android.email.service.EmailBroadcastProcessorService has leaked ServiceConnection com.android.emailcommon.service.ServiceProxy$ProxyConnection@a75356a that was originally bound here
05-24 11:59:28.205 E/ActivityThread( 2746): 	at android.app.LoadedApk$ServiceDispatcher.<init>(LoadedApk.java:1336)
05-24 11:59:28.205 E/ActivityThread( 2746): 	at android.app.LoadedApk.getServiceDispatcher(LoadedApk.java:1231)
05-24 11:59:28.205 E/ActivityThread( 2746): 	at android.app.ContextImpl.bindServiceCommon(ContextImpl.java:1450)
05-24 11:59:28.205 E/ActivityThread( 2746): 	at android.app.ContextImpl.bindService(ContextImpl.java:1422)
05-24 11:59:28.205 E/ActivityThread( 2746): 	at android.content.ContextWrapper.bindService(ContextWrapper.java:636)
05-24 11:59:28.205 E/ActivityThread( 2746): 	at com.android.emailcommon.service.ServiceProxy.setTask(ServiceProxy.java:181)
05-24 11:59:28.205 E/ActivityThread( 2746): 	at com.android.emailcommon.service.ServiceProxy.test(ServiceProxy.java:224)
05-24 11:59:28.205 E/ActivityThread( 2746): 	at com.android.email.service.EmailServiceUtils.isServiceAvailable(EmailServiceUtils.java:160)
05-24 11:59:28.205 E/ActivityThread( 2746): 	at com.android.email.provider.AccountReconciler.reconcileAccountsInternal(AccountReconciler.java:171)
05-24 11:59:28.205 E/ActivityThread( 2746): 	at com.android.email.provider.AccountReconciler.reconcileAccounts(AccountReconciler.java:115)
05-24 11:59:28.205 E/ActivityThread( 2746): 	at com.android.email.service.EmailBroadcastProcessorService.reconcileAndStartServices(EmailBroadcastProcessorService.java:305)
05-24 11:59:28.205 E/ActivityThread( 2746): 	at com.android.email.service.EmailBroadcastProcessorService.onBootCompleted(EmailBroadcastProcessorService.java:295)
05-24 11:59:28.205 E/ActivityThread( 2746): 	at com.android.email.service.EmailBroadcastProcessorService.onHandleIntent(EmailBroadcastProcessorService.java:130)
05-24 11:59:28.205 E/ActivityThread( 2746): 	at android.app.IntentService$ServiceHandler.handleMessage(IntentService.java:68)
05-24 11:59:28.205 E/ActivityThread( 2746): 	at android.os.Handler.dispatchMessage(Handler.java:102)
05-24 11:59:28.205 E/ActivityThread( 2746): 	at android.os.Looper.loop(Looper.java:154)
05-24 11:59:28.205 E/ActivityThread( 2746): 	at android.os.HandlerThread.run(HandlerThread.java:61)
05-24 11:59:28.226 W/ActivityManager( 1801): Unbind failed: could not find connection for android.os.BinderProxy@4b02599
05-24 11:59:28.259 W/ActivityManager( 1801): Unable to start service Intent { act=com.android.email.EXCHANGE_INTENT pkg=com.android.exchange } U=0: not found
05-24 11:59:28.453 I/Choreographer( 2656): Skipped 156 frames!  The application may be doing too much work on its main thread.
05-24 11:59:28.517 W/art     ( 2806): Unexpected CPU variant for X86 using defaults: x86_64
05-24 11:59:28.541 W/ActivityManager( 1801): Slow operation: 97ms so far, now at startProcess: returned from zygote!
05-24 11:59:28.542 W/ActivityManager( 1801): Slow operation: 97ms so far, now at startProcess: done updating battery stats
05-24 11:59:28.542 W/ActivityManager( 1801): Slow operation: 97ms so far, now at startProcess: building log message
05-24 11:59:28.542 I/ActivityManager( 1801): Start proc 2806:com.android.messaging/u0a54 for broadcast com.android.messaging/.receiver.BootAndPackageReplacedReceiver
05-24 11:59:28.542 W/ActivityManager( 1801): Slow operation: 98ms so far, now at startProcess: starting to update pids map
05-24 11:59:28.542 W/ActivityManager( 1801): Slow operation: 98ms so far, now at startProcess: done updating pids map
05-24 11:59:28.542 W/ActivityManager( 1801): Slow operation: 99ms so far, now at startProcess: done starting proc!
05-24 11:59:28.572 D/gralloc_ranchu( 2656): Emulator without host-side GPU emulation detected. Loading gralloc.default.so from /vendor/lib64/hw/gralloc.goldfish.default.so...
05-24 11:59:28.575 D/gralloc_ranchu( 2656): gralloc.default.so not found in /vendor. Trying /system/lib64/hw/gralloc.goldfish.default.so...
05-24 11:59:28.795 W/System  ( 2806): ClassLoader referenced unknown path: /system/app/messaging/lib/x86_64
05-24 11:59:29.087 D/PhoneStatusBar( 2656): disable: < expand* icons alerts system_info back* home* recent* clock search* quick_settings >
05-24 11:59:29.673 I/Choreographer( 2656): Skipped 70 frames!  The application may be doing too much work on its main thread.
05-24 11:59:30.206 I/art     ( 2656): Background sticky concurrent mark sweep GC freed 10075(387KB) AllocSpace objects, 3(60KB) LOS objects, 0% free, 17MB/17MB, paused 912us total 116.884ms
05-24 11:59:30.701 I/MessagingApp( 2806): Carrier config changed. Reloading MMS config.
05-24 11:59:30.707 V/VvmBootCompletedRcvr( 2211): processing subId list
05-24 11:59:30.755 E/VvmBootCompletedRcvr( 2211): phone account ComponentInfo{com.android.phone/com.android.services.telephony.TelephonyConnectionService}, [e2f7d48dd2b5ca523e7313cf4ba0f6ea830b6281], UserHandle{0} has invalid subId -1
05-24 11:59:30.862 I/MessagingAppDataModel( 2806): Fixup: Send failed - 0 Download failed - 0
05-24 11:59:31.011 I/art     ( 2656): Background partial concurrent mark sweep GC freed 3368(176KB) AllocSpace objects, 1(4MB) LOS objects, 23% free, 12MB/16MB, paused 650us total 120.463ms
05-24 11:59:31.354 I/VvmSimChangeReceiver( 2211): Received SIM change for invalid subscription id.
05-24 11:59:31.396 D/AlertReceiver( 2701): onReceive: a=android.intent.action.PROVIDER_CHANGED Intent { act=android.intent.action.PROVIDER_CHANGED dat=content://com.android.calendar flg=0x20000010 cmp=com.android.calendar/.alerts.AlertReceiver }
05-24 11:59:31.435 D/AlertService( 2701): 0 Action = android.intent.action.PROVIDER_CHANGED
05-24 11:59:31.681 I/MessagingAppDataModel( 2806): SyncMessagesAction: Starting batch for messages from 1616676894217 to 1621857570552 (message update limit = 80, message scan limit = 4000)
05-24 11:59:32.305 I/MessagingAppDataModel( 2806): SyncMessagesAction: All messages now in sync
05-24 11:59:33.278 W/MediaScanner( 2597): Error opening directory '/oem/media/', skipping: No such file or directory.
05-24 11:59:33.511 V/MediaScanner( 2597): pruneDeadThumbnailFiles... android.content.ContentProviderClient$CursorWrapperInner@9c74341
05-24 11:59:33.512 V/MediaScanner( 2597): /pruneDeadThumbnailFiles... android.content.ContentProviderClient$CursorWrapperInner@9c74341
05-24 11:59:36.396 I/ActivityManager( 1801): Waited long enough for: ServiceRecord{d886351 u0 com.android.calendar/.alerts.InitAlarmsService}
05-24 11:59:36.503 I/GlobalDismissManager( 2701): no sender configured
05-24 11:59:36.506 D/AlertService( 2701): Beginning updateAlertNotification
05-24 11:59:36.548 D/AlertService( 2701): No fired or scheduled alerts
05-24 11:59:36.577 D/AlertService( 2701): Scheduling next alarm with AlarmScheduler. sEventReminderReceived: null
05-24 11:59:36.607 D/AlarmScheduler( 2701): No events found starting within 1 week.
05-24 11:59:51.526 D/InitAlarmsService( 2701): Clearing and rescheduling alarms.
05-24 11:59:54.796 W//sbin/adbd( 1321): type=1400 audit(0.0:16): avc: denied { search } for comm=73657276696365203431 name="security" dev="vdc" ino=35203 scontext=u:r:adbd:s0 tcontext=u:object_r:security_file:s0 tclass=dir permissive=0
05-24 12:00:28.047 D/AndroidRuntime( 2840): >>>>>> START com.android.internal.os.RuntimeInit uid 2000 <<<<<<
05-24 12:00:28.068 D/AndroidRuntime( 2840): CheckJNI is ON
05-24 12:00:28.377 W/art     ( 2840): Unexpected CPU variant for X86 using defaults: x86_64
05-24 12:00:28.411 D/ICU     ( 2840): No timezone override file found: /data/misc/zoneinfo/current/icu/icu_tzdata.dat
05-24 12:00:28.563 E/memtrack( 2840): Couldn't load memtrack module (No such file or directory)
05-24 12:00:28.563 E/android.os.Debug( 2840): failed to load memtrack module: -2
05-24 12:00:28.568 I/Radio-JNI( 2840): register_android_hardware_Radio DONE
05-24 12:00:28.673 D/AndroidRuntime( 2840): Calling main entry com.android.commands.pm.Pm
05-24 12:00:28.784 I/        ( 1327): free_cache(132244409) avail 809607168
05-24 12:00:44.550 W/art     ( 1801): Long monitor contention with owner PackageInstaller (1933) at int android.content.res.AssetManager.getStringBlockCount!()(AssetManager.java:-2) waiters=0 in android.content.pm.PackageInstaller$SessionInfo com.android.server.pm.PackageInstallerSession.generateInfo() for 8.596s
05-24 12:00:44.595 I/ActivityManager( 1801): Start proc 2850:com.android.defcontainer/u0a7 for service com.android.defcontainer/.DefaultContainerService
05-24 12:00:44.618 W/art     ( 2850): Unexpected CPU variant for X86 using defaults: x86_64
05-24 12:00:45.510 I/PackageManager.DexOptimizer( 1801): Running dexopt (dex2oat) on: /data/app/vmdl419018228.tmp/base.apk pkg=jp.jaxa.iss.kibo.rpc.sampleapk isa=x86_64 vmSafeMode=false debuggable=true target-filter=interpret-only oatDir = /data/app/vmdl419018228.tmp/oat sharedLibraries=null
05-24 12:00:45.671 W/dex2oat ( 2865): Unexpected CPU variant for X86 using defaults: x86_64
05-24 12:00:45.692 I/dex2oat ( 2865): /system/bin/dex2oat --compiler-filter=interpret-only --debuggable
05-24 12:00:48.056 W/dex2oat ( 2865): Before Android 4.1, method int android.support.v7.widget.ListViewCompat.lookForSelectablePosition(int, boolean) would have incorrectly overridden the package-private method in android.widget.ListView
05-24 12:00:48.722 W/dex2oat ( 2865): Before Android 4.1, method android.graphics.PorterDuffColorFilter android.support.graphics.drawable.VectorDrawableCompat.updateTintFilter(android.graphics.PorterDuffColorFilter, android.content.res.ColorStateList, android.graphics.PorterDuff$Mode) would have incorrectly overridden the package-private method in android.graphics.drawable.Drawable
05-24 12:00:56.888 W/dex2oat ( 2865): Compilation of void org.opencv.android.Utils.nBitmapToMat2(android.graphics.Bitmap, long, boolean) took 190.920ms
05-24 12:00:56.890 W/dex2oat ( 2865): Compilation of java.lang.String org.opencv.android.StaticHelper.getLibraryList() took 193.037ms
05-24 12:00:59.284 I/dex2oat ( 2865): dex2oat took 13.620s (threads: 2) arena alloc=548KB (561168B) java alloc=7MB (7512048B) native alloc=15MB (16218832B) free=4MB (4228400B)
05-24 12:00:59.522 D/installd( 1327): Detected label change from u:object_r:system_data_file:s0 to u:object_r:app_data_file:s0:c512,c768 at /data/data/jp.jaxa.iss.kibo.rpc.sampleapk; running recursive restorecon
05-24 12:00:59.533 D/installd( 1327): Detected label change from u:object_r:system_data_file:s0 to u:object_r:app_data_file:s0:c512,c768 at /data/user_de/0/jp.jaxa.iss.kibo.rpc.sampleapk; running recursive restorecon
05-24 12:00:59.544 V/BackupManagerService( 1801): restoreAtInstall pkg=jp.jaxa.iss.kibo.rpc.sampleapk token=1 restoreSet=0
05-24 12:00:59.545 W/BackupManagerService( 1801): Requested unavailable transport: android/com.android.internal.backup.LocalTransport
05-24 12:00:59.545 W/BackupManagerService( 1801): No transport
05-24 12:00:59.545 V/BackupManagerService( 1801): Finishing install immediately
05-24 12:00:59.572 I/GnssLocationProvider( 1801): WakeLock acquired by sendMessage(3, 0, com.android.server.location.GnssLocationProvider$GpsRequest@cc4161f)
05-24 12:00:59.573 I/GnssLocationProvider( 1801): WakeLock acquired by sendMessage(3, 0, com.android.server.location.GnssLocationProvider$GpsRequest@9350d6c)
05-24 12:00:59.576 I/GnssLocationProvider( 1801): WakeLock released by handleMessage(3, 0, com.android.server.location.GnssLocationProvider$GpsRequest@cc4161f)
05-24 12:00:59.577 I/GnssLocationProvider( 1801): WakeLock released by handleMessage(3, 0, com.android.server.location.GnssLocationProvider$GpsRequest@9350d6c)
05-24 12:00:59.579 D/VoldConnector( 1801): SND -> {9 volume remount_uid 10064 default}
05-24 12:00:59.586 D/vold    ( 1268): Remounting 10064 as mode default
05-24 12:00:59.602 D/VoldConnector( 1801): RCV <- {200 9 Command succeeded}
05-24 12:00:59.607 D/VoldConnector( 1801): SND -> {10 volume remount_uid 10064 write}
05-24 12:00:59.608 D/vold    ( 1268): Remounting 10064 as mode write
05-24 12:00:59.611 I/GnssLocationProvider( 1801): WakeLock acquired by sendMessage(3, 0, com.android.server.location.GnssLocationProvider$GpsRequest@335cf35)
05-24 12:00:59.615 I/GnssLocationProvider( 1801): WakeLock released by handleMessage(3, 0, com.android.server.location.GnssLocationProvider$GpsRequest@335cf35)
05-24 12:00:59.624 D/VoldConnector( 1801): RCV <- {200 10 Command succeeded}
05-24 12:00:59.644 I/art     ( 1801): Starting a blocking GC Explicit
05-24 12:00:59.824 I/art     ( 1801): Explicit concurrent mark sweep GC freed 21485(1336KB) AllocSpace objects, 12(288KB) LOS objects, 29% free, 9MB/13MB, paused 3.284ms total 160.410ms
05-24 12:00:59.864 E/        ( 1327): Couldn't opendir /data/app/vmdl419018228.tmp: No such file or directory
05-24 12:01:00.237 I/InputReader( 1801): Reconfiguring input devices.  changes=0x00000010
05-24 12:01:00.272 I/art     ( 2840): System.exit called, status: 0
05-24 12:01:00.272 I/AndroidRuntime( 2840): VM exiting with result code 0.
05-24 12:01:00.325 W/ActivityManager( 1801): Slow operation: 202ms so far, now at startProcess: returned from zygote!
05-24 12:01:00.326 W/ActivityManager( 1801): Slow operation: 203ms so far, now at startProcess: done updating battery stats
05-24 12:01:00.327 W/ActivityManager( 1801): Slow operation: 204ms so far, now at startProcess: building log message
05-24 12:01:00.327 I/ActivityManager( 1801): Start proc 2869:com.android.gallery3d/u0a39 for broadcast com.android.gallery3d/.app.PackagesMonitor
05-24 12:01:00.327 W/ActivityManager( 1801): Slow operation: 204ms so far, now at startProcess: starting to update pids map
05-24 12:01:00.327 W/ActivityManager( 1801): Slow operation: 205ms so far, now at startProcess: done updating pids map
05-24 12:01:00.327 W/ActivityManager( 1801): Slow operation: 216ms so far, now at startProcess: done starting proc!
05-24 12:01:00.335 W/art     ( 1801): Long monitor contention with owner ActivityManager (1840) at void com.android.server.am.BroadcastQueue.processNextBroadcast(boolean)(BroadcastQueue.java:760) waiters=0 in java.lang.String com.android.server.am.ActivityManagerService.getTagForIntentSender(android.content.IIntentSender, java.lang.String) for 254ms
05-24 12:01:00.336 W/art     ( 1801): Long monitor contention with owner ActivityManager (1840) at void com.android.server.am.BroadcastQueue.processNextBroadcast(boolean)(BroadcastQueue.java:760) waiters=1 in void com.android.server.am.ActivityManagerService.dispatchUidsChanged() for 214ms
05-24 12:01:00.475 W/art     ( 2869): Unexpected CPU variant for X86 using defaults: x86_64
05-24 12:01:00.603 E/PhoneInterfaceManager( 2211): [PhoneIntfMgr] getCarrierPackageNamesForIntent: No UICC
05-24 12:01:00.603 D/CarrierSvcBindHelper( 2211): No carrier app for: 0
05-24 12:01:00.605 D/CarrierConfigLoader( 2211): mHandler: 9 phoneId: 0
05-24 12:01:00.686 W/art     ( 1801): Long monitor contention with owner android.bg (1839) at void com.android.server.pm.ShortcutService.handlePackageAdded(java.lang.String, int)(ShortcutService.java:2696) waiters=0 in void com.android.server.pm.ShortcutService.handleOnUidStateChanged(int, int) for 317ms
05-24 12:01:01.683 W/VoiceInteractionManagerService( 1801): no available voice recognition services found for user 0
05-24 12:01:02.417 W/art     ( 2889): Unexpected CPU variant for X86 using defaults: x86_64
05-24 12:01:02.425 I/ActivityManager( 1801): Start proc 2889:com.svox.pico/u0a49 for broadcast com.svox.pico/.VoiceDataInstallerReceiver
05-24 12:01:02.571 I/ActivityManager( 1801): Killing 2535:com.android.keychain/1000 (adj 906): empty #17
05-24 12:01:02.657 D/ActivityManager( 1801): cleanUpApplicationRecord -- 2535
05-24 12:03:23.302 D/AndroidRuntime( 2903): >>>>>> START com.android.internal.os.RuntimeInit uid 2000 <<<<<<
05-24 12:03:23.344 D/AndroidRuntime( 2903): CheckJNI is ON
05-24 12:03:23.779 W/art     ( 2903): Unexpected CPU variant for X86 using defaults: x86_64
05-24 12:03:23.827 D/ICU     ( 2903): No timezone override file found: /data/misc/zoneinfo/current/icu/icu_tzdata.dat
05-24 12:03:24.070 E/memtrack( 2903): Couldn't load memtrack module (No such file or directory)
05-24 12:03:24.070 E/android.os.Debug( 2903): failed to load memtrack module: -2
05-24 12:03:24.078 I/Radio-JNI( 2903): register_android_hardware_Radio DONE
05-24 12:03:24.236 D/AndroidRuntime( 2903): Calling main entry com.android.commands.am.Am
05-24 12:03:24.326 I/ActivityManager( 1801): Start proc 2913:gov.nasa.arc.astrobee.android.gs.manager/u0a63 for service gov.nasa.arc.astrobee.android.gs.manager/.ManagerService
05-24 12:03:24.343 D/AndroidRuntime( 2903): Shutting down VM
05-24 12:03:24.339 I/art     ( 2913): Not late-enabling -Xcheck:jni (already on)
05-24 12:03:24.362 W/art     ( 2913): Unexpected CPU variant for X86 using defaults: x86_64
05-24 12:03:24.601 W/System  ( 2913): ClassLoader referenced unknown path: /data/app/gov.nasa.arc.astrobee.android.gs.manager-1/lib/x86_64
05-24 12:03:25.378 E/Notification( 2913): setLatestEventInfo() is deprecated and you should feel deprecated.
05-24 12:03:25.378 E/Notification( 2913): java.lang.Throwable
05-24 12:03:25.378 E/Notification( 2913): 	at android.app.Notification.setLatestEventInfo(Notification.java:2076)
05-24 12:03:25.378 E/Notification( 2913): 	at org.ros.android.NodeMainExecutorService.onStartCommand(NodeMainExecutorService.java:220)
05-24 12:03:25.378 E/Notification( 2913): 	at android.app.ActivityThread.handleServiceArgs(ActivityThread.java:3326)
05-24 12:03:25.378 E/Notification( 2913): 	at android.app.ActivityThread.-wrap21(ActivityThread.java)
05-24 12:03:25.378 E/Notification( 2913): 	at android.app.ActivityThread$H.handleMessage(ActivityThread.java:1582)
05-24 12:03:25.378 E/Notification( 2913): 	at android.os.Handler.dispatchMessage(Handler.java:102)
05-24 12:03:25.378 E/Notification( 2913): 	at android.os.Looper.loop(Looper.java:154)
05-24 12:03:25.378 E/Notification( 2913): 	at android.app.ActivityThread.main(ActivityThread.java:6119)
05-24 12:03:25.378 E/Notification( 2913): 	at java.lang.reflect.Method.invoke(Native Method)
05-24 12:03:25.378 E/Notification( 2913): 	at com.android.internal.os.ZygoteInit$MethodAndArgsCaller.run(ZygoteInit.java:886)
05-24 12:03:25.378 E/Notification( 2913): 	at com.android.internal.os.ZygoteInit.main(ZygoteInit.java:776)
05-24 12:03:26.904 I/Registrar( 2913): MasterXmlRpcEndpoint URI: http://llp:11311
05-24 12:03:27.252 I/Registrar( 2913): Registering publisher: Publisher<PublisherDefinition<PublisherIdentifier<NodeIdentifier</guest_science_manager, http://hlp:50311/>, TopicIdentifier</rosout>>, Topic<TopicIdentifier</rosout>, TopicDescription<rosgraph_msgs/Log, acffd30cd6b6de30f120938c17c593fb>>>>
05-24 12:03:27.492 D/NotificationSQLiteLog( 1801): Pruned event entries: 15
05-24 12:03:28.794 I/Registrar( 2913): Response<Success, Registered [/guest_science_manager] as publisher of [/rosout], [http://10.42.0.34:35485/]>
05-24 12:03:28.848 I/DefaultPublisher( 2913): Publisher registered: Publisher<PublisherDefinition<PublisherIdentifier<NodeIdentifier</guest_science_manager, http://hlp:50311/>, TopicIdentifier</rosout>>, Topic<TopicIdentifier</rosout>, TopicDescription<rosgraph_msgs/Log, acffd30cd6b6de30f120938c17c593fb>>>>
05-24 12:03:28.935 I/Registrar( 2913): Registering subscriber: Subscriber<Topic<TopicIdentifier</clock>, TopicDescription<rosgraph_msgs/Clock, a9c97c1d230cfc112e270351a944ee47>>>
05-24 12:03:29.045 I/Registrar( 2913): Response<Success, Subscribed to [/clock], [http://10.42.0.34:39722/]>
05-24 12:03:29.083 I/DefaultSubscriber( 2913): Subscriber registered: Subscriber<Topic<TopicIdentifier</clock>, TopicDescription<rosgraph_msgs/Clock, a9c97c1d230cfc112e270351a944ee47>>>
05-24 12:03:29.279 I/Registrar( 2913): Registering publisher: Publisher<PublisherDefinition<PublisherIdentifier<NodeIdentifier</guest_science_manager, http://hlp:50311/>, TopicIdentifier</gs/gs_manager/ack>>, Topic<TopicIdentifier</gs/gs_manager/ack>, TopicDescription<ff_msgs/AckStamped, cebddec69fd770df54633be444a9187d>>>>
05-24 12:03:29.542 I/Registrar( 2913): Response<Success, Registered [/guest_science_manager] as publisher of [/gs/gs_manager/ack], [http://10.42.0.34:45152/]>
05-24 12:03:29.567 I/DefaultPublisher( 2913): Publisher registered: Publisher<PublisherDefinition<PublisherIdentifier<NodeIdentifier</guest_science_manager, http://hlp:50311/>, TopicIdentifier</gs/gs_manager/ack>>, Topic<TopicIdentifier</gs/gs_manager/ack>, TopicDescription<ff_msgs/AckStamped, cebddec69fd770df54633be444a9187d>>>>
05-24 12:03:29.578 I/Registrar( 2913): Registering publisher: Publisher<PublisherDefinition<PublisherIdentifier<NodeIdentifier</guest_science_manager, http://hlp:50311/>, TopicIdentifier</gs/gs_manager/config>>, Topic<TopicIdentifier</gs/gs_manager/config>, TopicDescription<ff_msgs/GuestScienceConfig, c6f632ed2411de4159494a3e7754794e>>>>
05-24 12:03:29.594 W/art     ( 2913): Suspending all threads took: 5.391ms
05-24 12:03:29.733 I/Registrar( 2913): Registering publisher: Publisher<PublisherDefinition<PublisherIdentifier<NodeIdentifier</guest_science_manager, http://hlp:50311/>, TopicIdentifier</gs/data>>, Topic<TopicIdentifier</gs/data>, TopicDescription<ff_msgs/GuestScienceData, edd2c791ea93ffa7cb0ec80c5bb00972>>>>
05-24 12:03:30.049 I/Registrar( 2913): Registering publisher: Publisher<PublisherDefinition<PublisherIdentifier<NodeIdentifier</guest_science_manager, http://hlp:50311/>, TopicIdentifier</gs/gs_manager/state>>, Topic<TopicIdentifier</gs/gs_manager/state>, TopicDescription<ff_msgs/GuestScienceState, 24e5a1ba8527257cc710720a32de6e51>>>>
05-24 12:03:30.068 I/Registrar( 2913): Response<Success, Registered [/guest_science_manager] as publisher of [/gs/gs_manager/config], [http://10.42.0.34:45152/, http://10.42.0.34:39805/]>
05-24 12:03:30.143 I/Registrar( 2913): Response<Success, Registered [/guest_science_manager] as publisher of [/gs/data], [http://10.42.0.34:41423/, http://10.42.0.34:39805/, http://10.42.0.34:40866/]>
05-24 12:03:30.157 I/DefaultPublisher( 2913): Publisher registered: Publisher<PublisherDefinition<PublisherIdentifier<NodeIdentifier</guest_science_manager, http://hlp:50311/>, TopicIdentifier</gs/gs_manager/config>>, Topic<TopicIdentifier</gs/gs_manager/config>, TopicDescription<ff_msgs/GuestScienceConfig, c6f632ed2411de4159494a3e7754794e>>>>
05-24 12:03:30.159 I/art     ( 2913): Background sticky concurrent mark sweep GC freed 25995(2MB) AllocSpace objects, 17(344KB) LOS objects, 26% free, 7MB/10MB, paused 14.519ms total 645.380ms
05-24 12:03:30.228 I/DefaultPublisher( 2913): Publisher registered: Publisher<PublisherDefinition<PublisherIdentifier<NodeIdentifier</guest_science_manager, http://hlp:50311/>, TopicIdentifier</gs/data>>, Topic<TopicIdentifier</gs/data>, TopicDescription<ff_msgs/GuestScienceData, edd2c791ea93ffa7cb0ec80c5bb00972>>>>
05-24 12:03:30.771 I/Registrar( 2913): Registering subscriber: Subscriber<Topic<TopicIdentifier</mgt/executive/command>, TopicDescription<ff_msgs/CommandStamped, ac01350894b1be9e3a7b4f390a14812d>>>
05-24 12:03:30.885 I/Registrar( 2913): Response<Success, Registered [/guest_science_manager] as publisher of [/gs/gs_manager/state], [http://10.42.0.34:45152/, http://10.42.0.34:39805/]>
05-24 12:03:31.044 I/DefaultPublisher( 2913): Publisher registered: Publisher<PublisherDefinition<PublisherIdentifier<NodeIdentifier</guest_science_manager, http://hlp:50311/>, TopicIdentifier</gs/gs_manager/state>>, Topic<TopicIdentifier</gs/gs_manager/state>, TopicDescription<ff_msgs/GuestScienceState, 24e5a1ba8527257cc710720a32de6e51>>>>
05-24 12:03:31.209 I/art     ( 2988): Not late-enabling -Xcheck:jni (already on)
05-24 12:03:31.265 W/ActivityManager( 1801): Slow operation: 174ms so far, now at startProcess: returned from zygote!
05-24 12:03:31.265 W/ActivityManager( 1801): Slow operation: 174ms so far, now at startProcess: done updating battery stats
05-24 12:03:31.266 W/ActivityManager( 1801): Slow operation: 175ms so far, now at startProcess: building log message
05-24 12:03:31.266 I/ActivityManager( 1801): Start proc 2988:jp.jaxa.iss.kibo.rpc.sampleapk/u0a64 for broadcast jp.jaxa.iss.kibo.rpc.sampleapk/gov.nasa.arc.astrobee.android.gs.InfoInqueryBroadcastReceiver
05-24 12:03:31.266 W/ActivityManager( 1801): Slow operation: 175ms so far, now at startProcess: starting to update pids map
05-24 12:03:31.266 W/ActivityManager( 1801): Slow operation: 176ms so far, now at startProcess: done updating pids map
05-24 12:03:31.267 W/ActivityManager( 1801): Slow operation: 179ms so far, now at startProcess: done starting proc!
05-24 12:03:31.268 W/art     ( 1801): Long monitor contention with owner ActivityManager (1840) at void com.android.server.am.BroadcastQueue.processNextBroadcast(boolean)(BroadcastQueue.java:760) waiters=0 in void com.android.server.am.ActivityManagerService.dispatchUidsChanged() for 177ms
05-24 12:03:31.283 W/art     ( 2988): Unexpected CPU variant for X86 using defaults: x86_64
05-24 12:03:31.528 I/Registrar( 2913): Response<Success, Subscribed to [/mgt/executive/command], [http://10.42.0.34:45152/]>
05-24 12:03:31.622 I/DefaultSubscriber( 2913): Subscriber registered: Subscriber<Topic<TopicIdentifier</mgt/executive/command>, TopicDescription<ff_msgs/CommandStamped, ac01350894b1be9e3a7b4f390a14812d>>>
05-24 12:03:31.644 W/art     ( 2913): Suspending all threads took: 17.519ms
05-24 12:03:31.745 I/art     ( 2913): Background partial concurrent mark sweep GC freed 21301(1743KB) AllocSpace objects, 30(600KB) LOS objects, 36% free, 6MB/10MB, paused 19.242ms total 468.657ms
05-24 12:03:32.628 I/ActivityManager( 1801): Killing 2575:com.android.printspooler/u0a51 (adj 906): empty #17
05-24 12:03:32.759 D/ActivityManager( 1801): cleanUpApplicationRecord -- 2575
05-24 12:03:35.862 I/art     ( 2913): Do partial code cache collection, code=26KB, data=29KB
05-24 12:03:35.874 I/art     ( 2913): After code cache collection, code=26KB, data=29KB
05-24 12:03:35.874 I/art     ( 2913): Increasing code cache capacity to 128KB
05-24 12:03:38.561 D/ManagerTimeoutTimer( 2913): Still waiting for the apk to start or stop. 4998.0 milliseconds left.
05-24 12:03:38.686 D/OpenCV/StaticHelper( 2988): Trying to get library list
05-24 12:03:38.765 E/OpenCV/StaticHelper( 2988): OpenCV error: Cannot load info library for OpenCV
05-24 12:03:38.785 D/OpenCV/StaticHelper( 2988): Library list: ""
05-24 12:03:38.786 D/OpenCV/StaticHelper( 2988): First attempt to load libs
05-24 12:03:38.786 D/OpenCV/StaticHelper( 2988): Trying to init OpenCV libs
05-24 12:03:38.786 D/OpenCV/StaticHelper( 2988): Trying to load library opencv_java3
05-24 12:03:39.138 D/OpenCV/StaticHelper( 2988): Library opencv_java3 loaded
05-24 12:03:39.139 D/OpenCV/StaticHelper( 2988): First attempt to load libs is OK
05-24 12:03:39.167 I/OpenCV/StaticHelper( 2988): 
05-24 12:03:39.167 I/OpenCV/StaticHelper( 2988): General configuration for OpenCV 3.4.4 =====================================
05-24 12:03:39.167 I/OpenCV/StaticHelper( 2988):   Version control:               3.4.4
05-24 12:03:39.167 I/OpenCV/StaticHelper( 2988): 
05-24 12:03:39.168 I/OpenCV/StaticHelper( 2988):   Extra modules:
05-24 12:03:39.168 I/OpenCV/StaticHelper( 2988):     Location (extra):            /build/3_4-contrib_pack-contrib-android/opencv_contrib/modules
05-24 12:03:39.168 I/OpenCV/StaticHelper( 2988):     Version control (extra):     3.4.4
05-24 12:03:39.168 I/OpenCV/StaticHelper( 2988): 
05-24 12:03:39.168 I/OpenCV/StaticHelper( 2988):   Platform:
05-24 12:03:39.168 I/OpenCV/StaticHelper( 2988):     Timestamp:                   2018-11-17T00:27:32Z
05-24 12:03:39.168 I/OpenCV/StaticHelper( 2988):     Host:                        Linux 4.15.0-38-generic x86_64
05-24 12:03:39.168 I/OpenCV/StaticHelper( 2988):     Target:                      Linux 1 x86_64
05-24 12:03:39.168 I/OpenCV/StaticHelper( 2988):     CMake:                       2.8.12.2
05-24 12:03:39.168 I/OpenCV/StaticHelper( 2988):     CMake generator:             Ninja
05-24 12:03:39.168 I/OpenCV/StaticHelper( 2988):     CMake build tool:            /usr/bin/ninja
05-24 12:03:39.168 I/OpenCV/StaticHelper( 2988):     Configuration:               Release
05-24 12:03:39.168 I/OpenCV/StaticHelper( 2988): 
05-24 12:03:39.168 I/OpenCV/StaticHelper( 2988):   CPU/HW features:
05-24 12:03:39.168 I/OpenCV/StaticHelper( 2988):     Baseline:                    SSE SSE2 SSE3
05-24 12:03:39.168 I/OpenCV/StaticHelper( 2988):       requested:                 SSE3
05-24 12:03:39.168 I/OpenCV/StaticHelper( 2988):     Dispatched code generation:  SSE4_1 SSE4_2 FP16 AVX AVX2
05-24 12:03:39.168 I/OpenCV/StaticHelper( 2988):       requested:                 SSE4_1 SSE4_2 AVX FP16 AVX2 AVX512_SKX
05-24 12:03:39.168 I/OpenCV/StaticHelper( 2988):       SSE4_1 (4 files):          + SSSE3 SSE4_1
05-24 12:03:39.168 I/OpenCV/StaticHelper( 2988):       SSE4_2 (1 files):          + SSSE3 SSE4_1 POPCNT SSE4_2
05-24 12:03:39.168 I/OpenCV/StaticHelper( 2988):       FP16 (0 files):            + SSSE3 SSE4_1 POPCNT SSE4_2 FP16 AVX
05-24 12:03:39.169 I/OpenCV/StaticHelper( 2988):       AVX (5 files):             + SSSE3 SSE4_1 POPCNT SSE4_2 AVX
05-24 12:03:39.169 I/OpenCV/StaticHelper( 2988):       AVX2 (10 files):           + SSSE3 SSE4_1 POPCNT SSE4_2 FP16 FMA3 AVX AVX2
05-24 12:03:39.169 I/OpenCV/StaticHelper( 2988): 
05-24 12:03:39.169 I/OpenCV/StaticHelper( 2988):   C/C++:
05-24 12:03:39.169 I/OpenCV/StaticHelper( 2988):     Built as dynamic libs?:      NO
05-24 12:03:39.169 I/OpenCV/StaticHelper( 2988):     C++ Compiler:                /usr/bin/ccache /opt/android/android-ndk-r10e/toolchains/x86_64-4.9/prebuilt/linux-x86_64/bin/x86_64-linux-android-g++ (ver 4.9)
05-24 12:03:39.169 I/OpenCV/StaticHelper( 2988):     C++ flags (Release):         -fexceptions -frtti --sysroot=/opt/android/android-ndk-r10e/platforms/android-21/arch-x86_64 -funwind-tables -funswitch-loops -finline-limit=300 -fsigned-char -no-canonical-prefixes -fdata-sections -ffunction-sections -Wa,--noexecstack  -DANDROID -D__ANDROID_API__=21   -fsigned-char -W -Wall -Werror=return-type -Werror=non-virtual-dtor -Werror=address -Werror=sequence-point -Wformat -Werror=format-security -Wmissing-declarations -Wundef -Winit-self -Wpointer-arith -Wshadow -Wsign-promo -Wuninitialized -Winit-self -Wno-narrowing -Wno-delete-non-virtual-dtor -Wno-comment -Wno-missing-field-initializers -fdiagnostics-show-option -Wno-long-long -fomit-frame-pointer  -msse -msse2 -msse3 -fvisibility=hidden -fvisibility-inlines-hidden -fomit-frame-pointer -fstrict-aliasing -O3 -DNDEBUG  -DNDEBUG
05-24 12:03:39.169 I/OpenCV/StaticHelper( 2988):     C++ flags (Debug):           -fexceptions -frtti --sysroot=/opt/android/android-ndk-r10e/platforms/android-21/arch-x86_64 -funwind-tables -funswitch-loops -finline-limit=300 -fsigned-char -no-canonical-prefixes -fdata-sections -ffunction-sections -Wa,--noexecstack  -DANDROID -D__ANDROID_API__=21   -fsigned-char -W -Wall -Werror=return-type -Werror=non-virtual-dtor -Werror=address -Werror=sequence-point -Wformat -Werror=format-security -Wmissing-declarations -Wundef -Winit-self -Wpointer-arith -Wshadow -Wsign-promo -Wuninitialized -Winit-self -Wno-narrowing -Wno-delete-non-virtual-dtor -Wno-comment -Wno-missing-field-initializers -fdiagnostics-show-option -Wno-long-long -fomit-frame-pointer  -msse -msse2 -msse3 -fvisibility=hidden -fvisibility-inlines-hidden -fno-omit-frame-pointer -fno-strict-aliasing -O0 -g -DDEBUG -D_DEBUG  -DDEBUG -D_DEBUG
05-24 12:03:39.169 I/OpenCV/StaticHelper( 2988):     C Compiler:                  /usr/bin/ccache /opt/android/android-ndk-r10e/toolchains/x86_64-4.9/prebuilt/linux-x86_64/bin/x86_64-linux-android-gcc
05-24 12:03:39.169 I/OpenCV/StaticHelper( 2988):     C flags (Release):           -fexceptions --sysroot=/opt/android/android-ndk-r10e/platforms/android-21/arch-x86_64 -funwind-tables -funswitch-loops -finline-limit=300 -fsigned-char -no-canonical-prefixes -fdata-sections -ffunction-sections -Wa,--noexecstack  -DANDROID -D__ANDROID_API__=21   -fsigned-char -W -Wall -Werror=return-type -Werror=non-virtual-dtor -Werror=address -Werror=sequence-point -Wformat -Werror=format-security -Wmissing-declarations -Wmissing-prototypes -Wstrict-prototypes -Wundef -Winit-self -Wpointer-arith -Wshadow -Wuninitialized -Winit-self -Wno-narrowing -Wno-comment -Wno-missing-field-initializers -fdiagnostics-show-option -Wno-long-long -fomit-frame-pointer  -msse -msse2 -msse3 -fvisibility=hidden -fomit-frame-pointer -fstrict-aliasing -O3 -DNDEBUG  -DNDEBUG
05-24 12:03:39.169 I/OpenCV/StaticHelper( 2988):     C flags (Debug):             -fexceptions --sysroot=/opt/android/android-ndk-r10e/platforms/android-21/arch-x86_64 -funwind-tables -funswitch-loops -finline-limit=300 -fsigned-char -no-canonical-prefixes -fdata-sections -ffunction-sections -Wa,--noexecstack  -DANDROID -D__ANDROID_API__=21   -fsigned-char -W -Wall -Werror=return-type -Werror=non-virtual-dtor -Werror=address -Werror=sequence-point -Wformat -Werror=format-security -Wmissing-declarations -Wmissing-prototypes -Wstrict-prototypes -Wundef -Winit-self -Wpointer-arith -Wshadow -Wuninitialized -Winit-self -Wno-narrowing -Wno-comment -Wno-missing-field-initializers -fdiagnostics-show-option -Wno-long-long -fomit-frame-pointer  -msse -msse2 -msse3 -fvisibility=hidden -fno-omit-frame-pointer -fno-strict-aliasing -O0 -g -DDEBUG -D_DEBUG  -DDEBUG -D_DEBUG
05-24 12:03:39.169 I/OpenCV/StaticHelper( 2988):     Linker flags (Release):      -Wl,--exclude-libs,libippicv.a -Wl,--exclude-libs,libippiw.a  -Wl,--no-undefined -Wl,--gc-sections -Wl,-z,noexecstack -Wl,-z,relro -Wl,-z,now    
05-24 12:03:39.208 I/OpenCV/StaticHelper( 2988):     Linker flags (Debug):        -Wl,--exclude-libs,libippicv.a -Wl,--exclude-libs,libippiw.a  -Wl,--no-undefined -Wl,--gc-sections -Wl,-z,noexecstack -Wl,-z,relro -Wl,-z,now    
05-24 12:03:39.208 I/OpenCV/StaticHelper( 2988):     ccache:                      YES
05-24 12:03:39.208 I/OpenCV/StaticHelper( 2988):     Precompiled headers:         NO
05-24 12:03:39.208 I/OpenCV/StaticHelper( 2988):     Extra dependencies:          z dl m log
05-24 12:03:39.208 I/OpenCV/StaticHelper( 2988):     3rdparty dependencies:       tbb libcpufeatures ittnotify libjpeg-turbo libwebp libpng libtiff libjasper IlmImf libprotobuf quirc ippiw ippicv
05-24 12:03:39.208 I/OpenCV/StaticHelper( 2988): 
05-24 12:03:39.208 I/OpenCV/StaticHelper( 2988):   OpenCV modules:
05-24 12:03:39.208 I/OpenCV/StaticHelper( 2988):     To be built:                 aruco bgsegm bioinspired calib3d ccalib core datasets dnn dnn_objdetect dpm face features2d flann fuzzy hfs highgui img_hash imgcodecs imgproc java java_bindings_generator line_descriptor ml objdetect optflow phase_unwrapping photo plot reg rgbd saliency shape stereo stitching structured_light superres surface_matching text tracking video videoio videostab xfeatures2d ximgproc xobjdetect xphoto
05-24 12:03:39.208 I/OpenCV/StaticHelper( 2988):     Disabled:                    world
05-24 12:03:39.208 I/OpenCV/StaticHelper( 2988):     Disabled by dependency:      -
05-24 12:03:39.208 I/OpenCV/StaticHelper( 2988):     Unavailable:                 cnn_3dobj cudaarithm cudabgsegm cudacodec cudafeatures2d cudafilters cudaimgproc cudalegacy cudaobjdetect cudaoptflow cudastereo cudawarping cudev cvv freetype hdf js matlab ovis python2 python3 sfm ts viz
05-24 12:03:39.208 I/OpenCV/StaticHelper( 2988):     Applications:                android_examples
05-24 12:03:39.208 I/OpenCV/StaticHelper( 2988):     Documentation:               NO
05-24 12:03:39.208 I/OpenCV/StaticHelper( 2988):     Non-free algorithms:         NO
05-24 12:03:39.208 I/OpenCV/StaticHelper( 2988): 
05-24 12:03:39.208 I/OpenCV/StaticHelper( 2988):   Android NDK:                   location: /opt/android/android-ndk-r10e
05-24 12:03:39.208 I/OpenCV/StaticHelper( 2988):     Android ABI:                 x86_64
05-24 12:03:39.208 I/OpenCV/StaticHelper( 2988):     NDK toolchain:               x86_64-4.9
05-24 12:03:39.208 I/OpenCV/StaticHelper( 2988):     STL type:                    gnustl_static
05-24 12:03:39.209 I/OpenCV/StaticHelper( 2988):     Native API level:            21
05-24 12:03:39.209 I/OpenCV/StaticHelper( 2988):   Android SDK:                   /opt/android/android-sdk-java7 (tools: 25.2.2 build tools: 23.0.3)
05-24 12:03:39.209 I/OpenCV/StaticHelper( 2988):     android tool:                /opt/android/android-sdk-java7/tools/android
05-24 12:03:39.209 I/OpenCV/StaticHelper( 2988):     SDK target:                  android-21
05-24 12:03:39.209 I/OpenCV/StaticHelper( 2988):     Projects build scripts:      Ant/Eclipse compatible
05-24 12:03:39.209 I/OpenCV/StaticHelper( 2988): 
05-24 12:03:39.209 I/OpenCV/StaticHelper( 2988):   GUI: 
05-24 12:03:39.209 I/OpenCV/StaticHelper( 2988): 
05-24 12:03:39.209 I/OpenCV/StaticHelper( 2988):   Media I/O: 
05-24 12:03:39.209 I/OpenCV/StaticHelper( 2988):     ZLib:                        z (ver 1.2.3)
05-24 12:03:39.209 I/OpenCV/StaticHelper( 2988):     JPEG:                        build-libjpeg-turbo (ver 1.5.3-62)
05-24 12:03:39.209 I/OpenCV/StaticHelper( 2988):     WEBP:                        build (ver encoder: 0x020e)
05-24 12:03:39.209 I/OpenCV/StaticHelper( 2988):     PNG:                         build (ver 1.6.35)
05-24 12:03:39.209 I/OpenCV/StaticHelper( 2988):     TIFF:                        build (ver 42 - 4.0.9)
05-24 12:03:39.209 I/OpenCV/StaticHelper( 2988):     JPEG 2000:                   build (ver 1.900.1)
05-24 12:03:39.233 I/OpenCV/StaticHelper( 2988):     OpenEXR:                     build (ver 1.7.1)
05-24 12:03:39.234 I/OpenCV/StaticHelper( 2988):     HDR:                         YES
05-24 12:03:39.234 I/OpenCV/StaticHelper( 2988):     SUNRASTER:                   YES
05-24 12:03:39.234 I/OpenCV/StaticHelper( 2988):     PXM:                         YES
05-24 12:03:39.234 I/OpenCV/StaticHelper( 2988): 
05-24 12:03:39.234 I/OpenCV/StaticHelper( 2988):   Video I/O:
05-24 12:03:39.234 I/OpenCV/StaticHelper( 2988): 
05-24 12:03:39.234 I/OpenCV/StaticHelper( 2988):   Parallel framework:            TBB (ver 2018.0 interface 10001)
05-24 12:03:39.234 I/OpenCV/StaticHelper( 2988): 
05-24 12:03:39.234 I/OpenCV/StaticHelper( 2988):   Trace:                         YES (with Intel ITT)
05-24 12:03:39.234 I/OpenCV/StaticHelper( 2988): 
05-24 12:03:39.234 I/OpenCV/StaticHelper( 2988):   Other third-party libraries:
05-24 12:03:39.234 I/OpenCV/StaticHelper( 2988):     Intel IPP:                   2019.0.0 Gold [2019.0.0]
05-24 12:03:39.234 I/OpenCV/StaticHelper( 2988):            at:                   /build/3_4-contrib_pack-contrib-android/build/o4a/3rdparty/ippicv/ippicv_lnx/icv
05-24 12:03:39.234 I/OpenCV/StaticHelper( 2988):     Intel IPP IW:                sources (2019.0.0)
05-24 12:03:39.234 I/OpenCV/StaticHelper( 2988):               at:                /build/3_4-contrib_pack-contrib-android/build/o4a/3rdparty/ippicv/ippicv_lnx/iw
05-24 12:03:39.234 I/OpenCV/StaticHelper( 2988):     Custom HAL:                  NO
05-24 12:03:39.234 I/OpenCV/StaticHelper( 2988):     Protobuf:                    build (3.5.1)
05-24 12:03:39.234 I/OpenCV/StaticHelper( 2988): 
05-24 12:03:39.234 I/OpenCV/StaticHelper( 2988):   Python (for build):            /usr/bin/python2.7
05-24 12:03:39.234 I/OpenCV/StaticHelper( 2988): 
05-24 12:03:39.235 I/OpenCV/StaticHelper( 2988):   Java:                          export all functions
05-24 12:03:39.235 I/OpenCV/StaticHelper( 2988):     ant:                         /usr/bin/ant (ver 1.9.3)
05-24 12:03:39.235 I/OpenCV/StaticHelper( 2988):     Java wrappers:               YES
05-24 12:03:39.235 I/OpenCV/StaticHelper( 2988):     Java tests:                  NO
05-24 12:03:39.235 I/OpenCV/StaticHelper( 2988): 
05-24 12:03:39.235 I/OpenCV/StaticHelper( 2988):   Install to:                    /build/3_4-contrib_pack-contrib-android/build/o4a/install
05-24 12:03:39.235 I/OpenCV/StaticHelper( 2988): -----------------------------------------------------------------
05-24 12:03:39.258 D/OpenCv  ( 2988): OpenCV loaded
05-24 12:03:40.126 I/Registrar( 2988): MasterXmlRpcEndpoint URI: http://llp:11311
05-24 12:03:40.389 I/Registrar( 2988): Registering publisher: Publisher<PublisherDefinition<PublisherIdentifier<NodeIdentifier</kibo_rpc_api, http://hlp:53779/>, TopicIdentifier</rosout>>, Topic<TopicIdentifier</rosout>, TopicDescription<rosgraph_msgs/Log, acffd30cd6b6de30f120938c17c593fb>>>>
05-24 12:03:41.803 I/Registrar( 2988): Response<Success, Registered [/kibo_rpc_api] as publisher of [/rosout], [http://10.42.0.34:35485/, http://10.42.0.34:42532/]>
05-24 12:03:41.843 I/DefaultPublisher( 2988): Publisher registered: Publisher<PublisherDefinition<PublisherIdentifier<NodeIdentifier</kibo_rpc_api, http://hlp:53779/>, TopicIdentifier</rosout>>, Topic<TopicIdentifier</rosout>, TopicDescription<rosgraph_msgs/Log, acffd30cd6b6de30f120938c17c593fb>>>>
05-24 12:03:42.028 I/Registrar( 2988): Registering subscriber: Subscriber<Topic<TopicIdentifier</clock>, TopicDescription<rosgraph_msgs/Clock, a9c97c1d230cfc112e270351a944ee47>>>
05-24 12:03:42.230 I/Registrar( 2988): Response<Success, Subscribed to [/clock], [http://10.42.0.34:39722/]>
05-24 12:03:42.278 I/DefaultSubscriber( 2988): Subscriber registered: Subscriber<Topic<TopicIdentifier</clock>, TopicDescription<rosgraph_msgs/Clock, a9c97c1d230cfc112e270351a944ee47>>>
05-24 12:03:42.657 W/art     ( 2988): Suspending all threads took: 6.584ms
05-24 12:03:43.451 I/Registrar( 2988): Registering publisher: Publisher<PublisherDefinition<PublisherIdentifier<NodeIdentifier</kibo_rpc_api, http://hlp:53779/>, TopicIdentifier</command>>, Topic<TopicIdentifier</command>, TopicDescription<ff_msgs/CommandStamped, ac01350894b1be9e3a7b4f390a14812d>>>>
05-24 12:03:43.751 I/Registrar( 2988): MasterXmlRpcEndpoint URI: http://llp:11311
05-24 12:03:44.095 I/Registrar( 2988): Response<Success, Registered [/kibo_rpc_api] as publisher of [/command], [http://10.42.0.34:39722/, http://10.42.0.34:45152/, http://10.42.0.34:40866/, http://10.42.0.34:42532/]>
05-24 12:03:44.097 I/DefaultPublisher( 2988): Publisher registered: Publisher<PublisherDefinition<PublisherIdentifier<NodeIdentifier</kibo_rpc_api, http://hlp:53779/>, TopicIdentifier</command>>, Topic<TopicIdentifier</command>, TopicDescription<ff_msgs/CommandStamped, ac01350894b1be9e3a7b4f390a14812d>>>>
