--------- beginning of main
05-14 16:26:33.930 W/auditd  ( 1265): type=2000 audit(0.0:1): initialized
05-14 16:26:36.740 I/auditd  ( 1265): type=1403 audit(0.0:2): policy loaded auid=4294967295 ses=4294967295
05-14 16:26:36.750 W/auditd  ( 1265): type=1404 audit(0.0:3): enforcing=1 old_enforcing=0 auid=4294967295 ses=4294967295
05-14 16:26:38.220 W/init    (    1): type=1400 audit(0.0:4): avc: denied { write } for name="tracing_on" dev="debugfs" ino=26 scontext=u:r:init:s0 tcontext=u:object_r:debugfs:s0 tclass=file permissive=0
05-14 16:26:39.196 I/        ( 1274): debuggerd: starting
--------- beginning of system
05-14 16:26:39.487 I/vold    ( 1275): Vold 3.0 (the awakening) firing up
05-14 16:26:39.488 V/vold    ( 1275): Detected support for: ext4 vfat
05-14 16:26:39.538 I/        ( 1273): debuggerd: starting
05-14 16:26:39.797 D/vold    ( 1275): Recognized experimental block major ID 253 as virtio-blk (emulator's virtual SD card device)
05-14 16:26:39.797 V/vold    ( 1275): /system/bin/sgdisk
05-14 16:26:39.797 V/vold    ( 1275):     --android-dump
05-14 16:26:39.798 V/vold    ( 1275):     /dev/block/vold/disk:253,48
05-14 16:26:39.921 D/vold    ( 1275): e4crypt_init_user0
05-14 16:26:39.921 D/vold    ( 1275): e4crypt_prepare_user_storage for volume null, user 0, serial 0, flags 1
05-14 16:26:39.922 D/vold    ( 1275): Preparing: /data/system/users/0
05-14 16:26:39.931 D/vold    ( 1275): Preparing: /data/misc/profiles/cur/0
05-14 16:26:39.940 D/vold    ( 1275): Preparing: /data/misc/profiles/cur/0/foreign-dex
05-14 16:26:39.950 D/vold    ( 1275): Preparing: /data/system_de/0
05-14 16:26:39.954 D/vold    ( 1275): Preparing: /data/misc_de/0
05-14 16:26:39.957 D/vold    ( 1275): Preparing: /data/user_de/0
05-14 16:26:39.959 D/vold    ( 1275): e4crypt_unlock_user_key 0 serial=0 token_present=0
05-14 16:26:39.986 I/vdc     (    1): 200 1276 Command succeeded
05-14 16:26:40.133 V/vold    ( 1275): DISK mbr
05-14 16:26:40.133 V/vold    ( 1275): 
05-14 16:26:40.198 W/vold    ( 1275): disk:253,48 has unknown partition table; trying entire device
05-14 16:26:40.199 V/vold    ( 1275): /system/bin/blkid
05-14 16:26:40.199 V/vold    ( 1275):     -c
05-14 16:26:40.199 V/vold    ( 1275):     /dev/null
05-14 16:26:40.199 V/vold    ( 1275):     -s
05-14 16:26:40.199 V/vold    ( 1275):     TYPE
05-14 16:26:40.199 V/vold    ( 1275):     -s
05-14 16:26:40.199 V/vold    ( 1275):     UUID
05-14 16:26:40.199 V/vold    ( 1275):     -s
05-14 16:26:40.199 V/vold    ( 1275):     LABEL
05-14 16:26:40.199 V/vold    ( 1275):     /dev/block/vold/disk:253,48
05-14 16:26:40.205 I//system/bin/tzdatacheck( 1311): tzdata file /data/misc/zoneinfo/current/tzdata does not exist. No action required.
05-14 16:26:40.399 V/vold    ( 1275): /dev/block/vold/disk:253,48: LABEL="SDCARD" UUID="1EFF-1C1B" TYPE="vfat" 
05-14 16:26:40.399 V/vold    ( 1275): 
05-14 16:26:41.075 I/lowmemorykiller( 1317): Using in-kernel low memory killer interface
05-14 16:26:41.833 I/qemu-props( 1316): connected to 'boot-properties' qemud service.
05-14 16:26:41.833 I/qemu-props( 1316): receiving..
05-14 16:26:41.834 I/qemu-props( 1316): received: qemu.cmdline=androidboot.logcat=v:* androidboot.consolepipe=qemu_pipe,pipe:logcat
05-14 16:26:41.881 I/qemu-props( 1316): receiving..
05-14 16:26:41.881 I/qemu-props( 1316): received: qemu.logcat=start
05-14 16:26:42.132 I/qemu-props( 1316): receiving..
05-14 16:26:42.132 I/qemu-props( 1316): received: ro.opengles.version=131072
05-14 16:26:42.390 I/qemu-props( 1316): receiving..
05-14 16:26:42.390 I/qemu-props( 1316): received: qemu.sf.fake_camera=back
05-14 16:26:42.641 I/qemu-props( 1316): receiving..
05-14 16:26:42.641 I/qemu-props( 1316): received: dalvik.vm.heapsize=256m
05-14 16:26:42.847 I/perfprofd( 1372): starting Android Wide Profiling daemon
05-14 16:26:42.894 I/qemu-props( 1316): receiving..
05-14 16:26:42.894 I/qemu-props( 1316): received: qemu.hw.mainkeys=0
05-14 16:26:42.912 E/perfprofd( 1372): unable to open configuration file /data/data/com.google.android.gms/files/perfprofd.conf
05-14 16:26:42.915 I/perfprofd( 1372): random seed set to 3314701001
05-14 16:26:43.042 I/qemu-props( 1316): receiving..
05-14 16:26:43.042 I/qemu-props( 1316): received: qemu.sf.lcd_density=480
05-14 16:26:43.043 I/qemu-props( 1316): receiving..
05-14 16:26:43.043 I/qemu-props( 1316): received: qemu.timezone=Etc/UTC
05-14 16:26:43.044 I/qemu-props( 1316): receiving..
05-14 16:26:43.045 I/qemu-props( 1316): exiting (8 properties set).
05-14 16:26:43.061 I/Netd    ( 1334): Netd 1.0 starting
05-14 16:26:43.141 D/TetherController( 1334): Setting IP forward enable = 0
05-14 16:26:43.323 I/        ( 1328): installd firing up
05-14 16:26:44.934 I/SurfaceFlinger( 1319): SurfaceFlinger is starting
05-14 16:26:44.991 I/SurfaceFlinger( 1319): SurfaceFlinger's main thread ready to run. Initializing graphics H/W...
05-14 16:26:45.041 D/libEGL  ( 1319): Emulator without GPU support detected. Fallback to legacy software renderer, qemu.gles is set to 0.
05-14 16:26:45.138 I/keystore( 1329): Found keymaster0 module Keymaster OpenSSL HAL, version 2
05-14 16:26:45.139 I/SoftKeymaster( 1329): system/keymaster/soft_keymaster_device.cpp, Line 131: Creating device
05-14 16:26:45.139 D/SoftKeymaster( 1329): system/keymaster/soft_keymaster_device.cpp, Line 132: Device address: 0x7051f483d000
05-14 16:26:45.147 D/libEGL  ( 1319): loaded /system/lib64/egl/libGLES_android.so
05-14 16:26:45.221 I/keystore( 1329): Keymaster0 module is software-only.  Using SoftKeymasterDevice instead.
05-14 16:26:45.222 I/SoftKeymaster( 1329): system/keymaster/soft_keymaster_device.cpp, Line 131: Creating device
05-14 16:26:45.222 D/SoftKeymaster( 1329): system/keymaster/soft_keymaster_device.cpp, Line 132: Device address: 0x7051f483d400
05-14 16:26:45.676 I/fingerprintd( 1337): Starting fingerprintd
05-14 16:26:45.735 I/gatekeeperd( 1338): Starting gatekeeperd...
05-14 16:26:45.838 W/gatekeeperd( 1338): falling back to software GateKeeper
05-14 16:26:45.933 D/gralloc_ranchu( 1319): Emulator without host-side GPU emulation detected. Loading gralloc.default.so from /vendor/lib64/hw/gralloc.goldfish.default.so...
05-14 16:26:45.935 D/gralloc_ranchu( 1319): gralloc.default.so not found in /vendor. Trying /system/lib64/hw/gralloc.goldfish.default.so...
05-14 16:26:45.942 I/gralloc ( 1319): using (fd=11)
05-14 16:26:45.942 I/gralloc ( 1319): id           = 
05-14 16:26:45.942 I/gralloc ( 1319): xres         = 1080 px
05-14 16:26:45.942 I/gralloc ( 1319): yres         = 1920 px
05-14 16:26:45.942 I/gralloc ( 1319): xres_virtual = 1080 px
05-14 16:26:45.942 I/gralloc ( 1319): yres_virtual = 3840 px
05-14 16:26:45.942 I/gralloc ( 1319): bpp          = 16
05-14 16:26:45.942 I/gralloc ( 1319): r            = 11:5
05-14 16:26:45.942 I/gralloc ( 1319): g            =  5:6
05-14 16:26:45.942 I/gralloc ( 1319): b            =  0:5
05-14 16:26:45.943 I/gralloc ( 1319): width        = 166 mm (165.253006 dpi)
05-14 16:26:45.943 I/gralloc ( 1319): height       = 296 mm (164.756760 dpi)
05-14 16:26:45.943 I/gralloc ( 1319): refresh rate = 60.00 Hz
05-14 16:26:45.981 E/SurfaceFlinger( 1319): hwcomposer module not found
05-14 16:26:45.984 W/SurfaceFlinger( 1319): no suitable EGLConfig found, trying a simpler query
05-14 16:26:45.984 W/SurfaceFlinger( 1319): EGL_SLOW_CONFIG selected!
05-14 16:26:45.984 I/SurfaceFlinger( 1319): EGL information:
05-14 16:26:45.984 I/SurfaceFlinger( 1319): vendor    : Android
05-14 16:26:45.984 I/SurfaceFlinger( 1319): version   : 1.4 Android META-EGL
05-14 16:26:45.984 I/SurfaceFlinger( 1319): extensions: EGL_KHR_get_all_proc_addresses EGL_ANDROID_presentation_time EGL_KHR_swap_buffers_with_damage EGL_ANDROID_create_native_client_buffer EGL_ANDROID_front_buffer_auto_refresh EGL_KHR_image_base EGL_KHR_fence_sync EGL_ANDROID_image_native_buffer 
05-14 16:26:45.984 I/SurfaceFlinger( 1319): Client API: OpenGL_ES
05-14 16:26:45.984 I/SurfaceFlinger( 1319): EGLSurface: 5-6-5-0, config=0x0
05-14 16:26:45.986 W/SurfaceFlinger( 1319): no suitable EGLConfig found, trying a simpler query
05-14 16:26:45.986 W/SurfaceFlinger( 1319): EGL_SLOW_CONFIG selected!
05-14 16:26:45.986 I/SurfaceFlinger( 1319): EGL information:
05-14 16:26:45.986 I/SurfaceFlinger( 1319): vendor    : Android
05-14 16:26:45.986 I/SurfaceFlinger( 1319): version   : 1.4 Android META-EGL
05-14 16:26:45.986 I/SurfaceFlinger( 1319): extensions: EGL_KHR_get_all_proc_addresses EGL_ANDROID_presentation_time EGL_KHR_swap_buffers_with_damage EGL_ANDROID_create_native_client_buffer EGL_ANDROID_front_buffer_auto_refresh EGL_KHR_image_base EGL_KHR_fence_sync EGL_ANDROID_image_native_buffer 
05-14 16:26:45.986 I/SurfaceFlinger( 1319): Client API: OpenGL_ES
05-14 16:26:45.986 I/SurfaceFlinger( 1319): EGLSurface: 5-6-5-0, config=0x0
05-14 16:26:46.044 I/SurfaceFlinger( 1319): OpenGL ES informations:
05-14 16:26:46.045 I/SurfaceFlinger( 1319): vendor    : Android
05-14 16:26:46.045 I/SurfaceFlinger( 1319): renderer  : Android PixelFlinger 1.4
05-14 16:26:46.045 I/SurfaceFlinger( 1319): version   : OpenGL ES-CM 1.0
05-14 16:26:46.045 I/SurfaceFlinger( 1319): extensions: GL_EXT_debug_marker GL_OES_byte_coordinates GL_OES_fixed_point GL_OES_single_precision GL_OES_read_format GL_OES_compressed_paletted_texture GL_OES_draw_texture GL_OES_matrix_get GL_OES_query_matrix GL_OES_EGL_image GL_OES_EGL_sync GL_OES_compressed_ETC1_RGB8_texture GL_ARB_texture_compression GL_ARB_texture_non_power_of_two GL_ANDROID_user_clip_plane GL_ANDROID_vertex_buffer_object GL_ANDROID_generate_mipmap 
05-14 16:26:46.045 I/SurfaceFlinger( 1319): GL_MAX_TEXTURE_SIZE = 4096
05-14 16:26:46.045 I/SurfaceFlinger( 1319): GL_MAX_VIEWPORT_DIMS = 4096
05-14 16:26:46.049 W/SurfaceFlinger( 1319): no suitable EGLConfig found, trying a simpler query
05-14 16:26:46.049 W/SurfaceFlinger( 1319): EGL_SLOW_CONFIG selected!
05-14 16:26:46.049 I/SurfaceFlinger( 1319): EGL information:
05-14 16:26:46.049 I/SurfaceFlinger( 1319): vendor    : Android
05-14 16:26:40.920 W/cameraserver( 1325): type=1400 audit(0.0:5): avc: denied { getattr } for path="/vendor" dev="rootfs" ino=4008 scontext=u:r:cameraserver:s0 tcontext=u:object_r:rootfs:s0 tclass=lnk_file permissive=0
05-14 16:26:40.980 W/audioserver( 1324): type=1400 audit(0.0:6): avc: denied { getattr } for path="/vendor" dev="rootfs" ino=4008 scontext=u:r:audioserver:s0 tcontext=u:object_r:rootfs:s0 tclass=lnk_file permissive=0
05-14 16:26:41.350 W/mediacodec( 1330): type=1400 audit(0.0:7): avc: denied { getattr } for path="/vendor" dev="rootfs" ino=4008 scontext=u:r:mediacodec:s0 tcontext=u:object_r:rootfs:s0 tclass=lnk_file permissive=0
05-14 16:26:41.360 W/mediadrmserver( 1331): type=1400 audit(0.0:8): avc: denied { getattr } for path="/vendor" dev="rootfs" ino=4008 scontext=u:r:mediadrmserver:s0 tcontext=u:object_r:rootfs:s0 tclass=lnk_file permissive=0
05-14 16:26:46.520 W/bootanimation( 1716): type=1400 audit(0.0:9): avc: denied { getattr } for path="/vendor" dev="rootfs" ino=4008 scontext=u:r:bootanim:s0 tcontext=u:object_r:rootfs:s0 tclass=lnk_file permissive=0
05-14 16:26:46.049 I/SurfaceFlinger( 1319): version   : 1.4 Android META-EGL
05-14 16:26:46.049 I/SurfaceFlinger( 1319): extensions: EGL_KHR_get_all_proc_addresses EGL_ANDROID_presentation_time EGL_KHR_swap_buffers_with_damage EGL_ANDROID_create_native_client_buffer EGL_ANDROID_front_buffer_auto_refresh EGL_KHR_image_base EGL_KHR_fence_sync EGL_ANDROID_image_native_buffer 
05-14 16:26:46.049 I/SurfaceFlinger( 1319): Client API: OpenGL_ES
05-14 16:26:46.049 I/SurfaceFlinger( 1319): EGLSurface: 5-6-5-0, config=0x0
05-14 16:26:46.167 E/libEGL  ( 1319): called unimplemented OpenGL ES API
05-14 16:26:46.168 E/SurfaceFlinger( 1319): Error while compiling shader: 
05-14 16:26:46.168 E/SurfaceFlinger( 1319): attribute vec4 position;
05-14 16:26:46.168 E/SurfaceFlinger( 1319): uniform mat4 projection;
05-14 16:26:46.168 E/SurfaceFlinger( 1319): uniform mat4 texture;
05-14 16:26:46.168 E/SurfaceFlinger( 1319): void main(void) {
05-14 16:26:46.168 E/SurfaceFlinger( 1319):     gl_Position = projection * position;
05-14 16:26:46.168 E/SurfaceFlinger( 1319): }
05-14 16:26:46.168 E/SurfaceFlinger( 1319): 
05-14 16:26:46.168 E/SurfaceFlinger( 1319): öÿÿÿÿÿÿÿŸQhu
05-14 16:26:46.168 E/SurfaceFlinger( 1319): Error while compiling shader: 
05-14 16:26:46.168 E/SurfaceFlinger( 1319): precision mediump float;
05-14 16:26:46.168 E/SurfaceFlinger( 1319): uniform vec4 color;
05-14 16:26:46.168 E/SurfaceFlinger( 1319): void main(void) {
05-14 16:26:46.168 E/SurfaceFlinger( 1319):     gl_FragColor = color;
05-14 16:26:46.168 E/SurfaceFlinger( 1319): }
05-14 16:26:46.168 E/SurfaceFlinger( 1319): 
05-14 16:26:46.168 E/SurfaceFlinger( 1319): öÿÿÿÿÿÿÿŸQhu
05-14 16:26:46.168 E/SurfaceFlinger( 1319): Error while linking shaders:
05-14 16:26:46.168 E/SurfaceFlinger( 1319): Error while compiling shader: 
05-14 16:26:46.168 E/SurfaceFlinger( 1319): attribute vec4 position;
05-14 16:26:46.168 E/SurfaceFlinger( 1319): uniform mat4 projection;
05-14 16:26:46.168 E/SurfaceFlinger( 1319): uniform mat4 texture;
05-14 16:26:46.168 E/SurfaceFlinger( 1319): void main(void) {
05-14 16:26:46.168 E/SurfaceFlinger( 1319):     gl_Position = projection * position;
05-14 16:26:46.168 E/SurfaceFlinger( 1319): }
05-14 16:26:46.168 E/SurfaceFlinger( 1319): 
05-14 16:26:46.168 E/SurfaceFlinger( 1319): öÿÿÿÿÿÿÿŸQhu
05-14 16:26:46.168 E/SurfaceFlinger( 1319): Error while compiling shader: 
05-14 16:26:46.168 E/SurfaceFlinger( 1319): precision mediump float;
05-14 16:26:46.168 E/SurfaceFlinger( 1319): uniform vec4 color;
05-14 16:26:46.168 E/SurfaceFlinger( 1319): void main(void) {
05-14 16:26:46.168 E/SurfaceFlinger( 1319):     gl_FragColor = color;
05-14 16:26:46.168 E/SurfaceFlinger( 1319): }
05-14 16:26:46.168 E/SurfaceFlinger( 1319): 
05-14 16:26:46.168 E/SurfaceFlinger( 1319): öÿÿÿÿÿÿÿŸQhu
05-14 16:26:46.168 E/SurfaceFlinger( 1319): Error while linking shaders:
05-14 16:26:46.168 E/SurfaceFlinger( 1319): Error while compiling shader: 
05-14 16:26:46.168 E/SurfaceFlinger( 1319): attribute vec4 position;
05-14 16:26:46.168 E/SurfaceFlinger( 1319): uniform mat4 projection;
05-14 16:26:46.168 E/SurfaceFlinger( 1319): uniform mat4 texture;
05-14 16:26:46.168 E/SurfaceFlinger( 1319): void main(void) {
05-14 16:26:46.168 E/SurfaceFlinger( 1319):     gl_Position = projection * position;
05-14 16:26:46.168 E/SurfaceFlinger( 1319): }
05-14 16:26:46.168 E/SurfaceFlinger( 1319): 
05-14 16:26:46.168 E/SurfaceFlinger( 1319): öÿÿÿÿÿÿÿŸQhu
05-14 16:26:46.168 E/SurfaceFlinger( 1319): Error while compiling shader: 
05-14 16:26:46.168 E/SurfaceFlinger( 1319): precision mediump float;
05-14 16:26:46.168 E/SurfaceFlinger( 1319): uniform vec4 color;
05-14 16:26:46.168 E/SurfaceFlinger( 1319): void main(void) {
05-14 16:26:46.168 E/SurfaceFlinger( 1319):     gl_FragColor = color;
05-14 16:26:46.168 E/SurfaceFlinger( 1319):     gl_FragColor.a = 1.0;
05-14 16:26:46.168 E/SurfaceFlinger( 1319): }
05-14 16:26:46.168 E/SurfaceFlinger( 1319): 
05-14 16:26:46.168 E/SurfaceFlinger( 1319): öÿÿÿÿÿÿÿŸQhu
05-14 16:26:46.168 E/SurfaceFlinger( 1319): Error while linking shaders:
05-14 16:26:46.168 E/SurfaceFlinger( 1319): Error while compiling shader: 
05-14 16:26:46.168 E/SurfaceFlinger( 1319): attribute vec4 position;
05-14 16:26:46.168 E/SurfaceFlinger( 1319): uniform mat4 projection;
05-14 16:26:46.168 E/SurfaceFlinger( 1319): uniform mat4 texture;
05-14 16:26:46.168 E/SurfaceFlinger( 1319): void main(void) {
05-14 16:26:46.168 E/SurfaceFlinger( 1319):     gl_Position = projection * position;
05-14 16:26:46.168 E/SurfaceFlinger( 1319): }
05-14 16:26:46.168 E/SurfaceFlinger( 1319): 
05-14 16:26:46.168 E/SurfaceFlinger( 1319): öÿÿÿÿÿÿÿŸQhu
05-14 16:26:46.168 E/SurfaceFlinger( 1319): Error while compiling shader: 
05-14 16:26:46.168 E/SurfaceFlinger( 1319): precision mediump float;
05-14 16:26:46.168 E/SurfaceFlinger( 1319): uniform vec4 color;
05-14 16:26:46.168 E/SurfaceFlinger( 1319): void main(void) {
05-14 16:26:46.168 E/SurfaceFlinger( 1319):     gl_FragColor = color;
05-14 16:26:46.168 E/SurfaceFlinger( 1319):     gl_FragColor.a = 1.0;
05-14 16:26:46.168 E/SurfaceFlinger( 1319): }
05-14 16:26:46.168 E/SurfaceFlinger( 1319): 
05-14 16:26:46.168 E/SurfaceFlinger( 1319): öÿÿÿÿÿÿÿŸQhu
05-14 16:26:46.169 E/SurfaceFlinger( 1319): Error while linking shaders:
05-14 16:26:46.169 E/SurfaceFlinger( 1319): Error while compiling shader: 
05-14 16:26:46.169 E/SurfaceFlinger( 1319): attribute vec4 position;
05-14 16:26:46.169 E/SurfaceFlinger( 1319): uniform mat4 projection;
05-14 16:26:46.169 E/SurfaceFlinger( 1319): uniform mat4 texture;
05-14 16:26:46.169 E/SurfaceFlinger( 1319): void main(void) {
05-14 16:26:46.169 E/SurfaceFlinger( 1319):     gl_Position = projection * position;
05-14 16:26:46.169 E/SurfaceFlinger( 1319): }
05-14 16:26:46.169 E/SurfaceFlinger( 1319): 
05-14 16:26:46.169 E/SurfaceFlinger( 1319): öÿÿÿÿÿÿÿŸQhu
05-14 16:26:46.169 E/SurfaceFlinger( 1319): Error while compiling shader: 
05-14 16:26:46.169 E/SurfaceFlinger( 1319): precision mediump float;
05-14 16:26:46.169 E/SurfaceFlinger( 1319): uniform vec4 color;
05-14 16:26:46.169 E/SurfaceFlinger( 1319): uniform float alphaPlane;
05-14 16:26:46.169 E/SurfaceFlinger( 1319): void main(void) {
05-14 16:26:46.169 E/SurfaceFlinger( 1319):     gl_FragColor = color;
05-14 16:26:46.169 E/SurfaceFlinger( 1319):     gl_FragColor.a *= alphaPlane;
05-14 16:26:46.169 E/SurfaceFlinger( 1319): }
05-14 16:26:46.169 E/SurfaceFlinger( 1319): 
05-14 16:26:46.169 E/SurfaceFlinger( 1319): öÿÿÿÿÿÿÿŸQhu
05-14 16:26:46.169 E/SurfaceFlinger( 1319): Error while linking shaders:
05-14 16:26:46.169 E/SurfaceFlinger( 1319): Error while compiling shader: 
05-14 16:26:46.169 E/SurfaceFlinger( 1319): attribute vec4 position;
05-14 16:26:46.169 E/SurfaceFlinger( 1319): uniform mat4 projection;
05-14 16:26:46.169 E/SurfaceFlinger( 1319): uniform mat4 texture;
05-14 16:26:46.169 E/SurfaceFlinger( 1319): void main(void) {
05-14 16:26:46.169 E/SurfaceFlinger( 1319):     gl_Position = projection * position;
05-14 16:26:46.169 E/SurfaceFlinger( 1319): }
05-14 16:26:46.169 E/SurfaceFlinger( 1319): 
05-14 16:26:46.169 E/SurfaceFlinger( 1319): öÿÿÿÿÿÿÿŸQhu
05-14 16:26:46.169 E/SurfaceFlinger( 1319): Error while compiling shader: 
05-14 16:26:46.169 E/SurfaceFlinger( 1319): precision mediump float;
05-14 16:26:46.169 E/SurfaceFlinger( 1319): uniform vec4 color;
05-14 16:26:46.169 E/SurfaceFlinger( 1319): uniform float alphaPlane;
05-14 16:26:46.169 E/SurfaceFlinger( 1319): void main(void) {
05-14 16:26:46.169 E/SurfaceFlinger( 1319):     gl_FragColor = color;
05-14 16:26:46.169 E/SurfaceFlinger( 1319):     gl_FragColor *= alphaPlane;
05-14 16:26:46.169 E/SurfaceFlinger( 1319): }
05-14 16:26:46.169 E/SurfaceFlinger( 1319): 
05-14 16:26:46.169 E/SurfaceFlinger( 1319): öÿÿÿÿÿÿÿŸQhu
05-14 16:26:46.169 E/SurfaceFlinger( 1319): Error while linking shaders:
05-14 16:26:46.169 E/SurfaceFlinger( 1319): Error while compiling shader: 
05-14 16:26:46.169 E/SurfaceFlinger( 1319): attribute vec4 position;
05-14 16:26:46.169 E/SurfaceFlinger( 1319): uniform mat4 projection;
05-14 16:26:46.169 E/SurfaceFlinger( 1319): uniform mat4 texture;
05-14 16:26:46.169 E/SurfaceFlinger( 1319): void main(void) {
05-14 16:26:46.169 E/SurfaceFlinger( 1319):     gl_Position = projection * position;
05-14 16:26:46.169 E/SurfaceFlinger( 1319): }
05-14 16:26:46.169 E/SurfaceFlinger( 1319): 
05-14 16:26:46.169 E/SurfaceFlinger( 1319): öÿÿÿÿÿÿÿŸQhu
05-14 16:26:46.169 E/SurfaceFlinger( 1319): Error while compiling shader: 
05-14 16:26:46.169 E/SurfaceFlinger( 1319): precision mediump float;
05-14 16:26:46.169 E/SurfaceFlinger( 1319): uniform vec4 color;
05-14 16:26:46.169 E/SurfaceFlinger( 1319): uniform float alphaPlane;
05-14 16:26:46.169 E/SurfaceFlinger( 1319): void main(void) {
05-14 16:26:46.169 E/SurfaceFlinger( 1319):     gl_FragColor = color;
05-14 16:26:46.169 E/SurfaceFlinger( 1319):     gl_FragColor.a = 1.0;
05-14 16:26:46.169 E/SurfaceFlinger( 1319):     gl_FragColor.a *= alphaPlane;
05-14 16:26:46.169 E/SurfaceFlinger( 1319): }
05-14 16:26:46.169 E/SurfaceFlinger( 1319): 
05-14 16:26:46.169 E/SurfaceFlinger( 1319): öÿÿÿÿÿÿÿŸQhu
05-14 16:26:46.169 E/SurfaceFlinger( 1319): Error while linking shaders:
05-14 16:26:46.169 E/SurfaceFlinger( 1319): Error while compiling shader: 
05-14 16:26:46.169 E/SurfaceFlinger( 1319): attribute vec4 position;
05-14 16:26:46.169 E/SurfaceFlinger( 1319): uniform mat4 projection;
05-14 16:26:46.169 E/SurfaceFlinger( 1319): uniform mat4 texture;
05-14 16:26:46.169 E/SurfaceFlinger( 1319): void main(void) {
05-14 16:26:46.169 E/SurfaceFlinger( 1319):     gl_Position = projection * position;
05-14 16:26:46.169 E/SurfaceFlinger( 1319): }
05-14 16:26:46.169 E/SurfaceFlinger( 1319): 
05-14 16:26:46.169 E/SurfaceFlinger( 1319): öÿÿÿÿÿÿÿŸQhu
05-14 16:26:46.169 E/SurfaceFlinger( 1319): Error while compiling shader: 
05-14 16:26:46.169 E/SurfaceFlinger( 1319): precision mediump float;
05-14 16:26:46.169 E/SurfaceFlinger( 1319): uniform vec4 color;
05-14 16:26:46.169 E/SurfaceFlinger( 1319): uniform float alphaPlane;
05-14 16:26:46.169 E/SurfaceFlinger( 1319): void main(void) {
05-14 16:26:46.169 E/SurfaceFlinger( 1319):     gl_FragColor = color;
05-14 16:26:46.169 E/SurfaceFlinger( 1319):     gl_FragColor.a = 1.0;
05-14 16:26:46.169 E/SurfaceFlinger( 1319):     gl_FragColor *= alphaPlane;
05-14 16:26:46.169 E/SurfaceFlinger( 1319): }
05-14 16:26:46.169 E/SurfaceFlinger( 1319): 
05-14 16:26:46.169 E/SurfaceFlinger( 1319): öÿÿÿÿÿÿÿŸQhu
05-14 16:26:46.169 E/SurfaceFlinger( 1319): Error while linking shaders:
05-14 16:26:46.169 E/SurfaceFlinger( 1319): Error while compiling shader: 
05-14 16:26:46.169 E/SurfaceFlinger( 1319): attribute vec4 texCoords;
05-14 16:26:46.169 E/SurfaceFlinger( 1319): varying vec2 outTexCoords;
05-14 16:26:46.169 E/SurfaceFlinger( 1319): attribute vec4 position;
05-14 16:26:46.169 E/SurfaceFlinger( 1319): uniform mat4 projection;
05-14 16:26:46.169 E/SurfaceFlinger( 1319): uniform mat4 texture;
05-14 16:26:46.169 E/SurfaceFlinger( 1319): void main(void) {
05-14 16:26:46.169 E/SurfaceFlinger( 1319):     gl_Position = projection * position;
05-14 16:26:46.169 E/SurfaceFlinger( 1319):     outTexCoords = (texture * texCoords).st;
05-14 16:26:46.169 E/SurfaceFlinger( 1319): }
05-14 16:26:46.169 E/SurfaceFlinger( 1319): 
05-14 16:26:46.169 E/SurfaceFlinger( 1319): öÿÿÿÿÿÿÿŸQhu
05-14 16:26:46.169 E/SurfaceFlinger( 1319): Error while compiling shader: 
05-14 16:26:46.169 E/SurfaceFlinger( 1319): #extension GL_OES_EGL_image_external : require
05-14 16:26:46.169 E/SurfaceFlinger( 1319): precision mediump float;
05-14 16:26:46.169 E/SurfaceFlinger( 1319): uniform samplerExternalOES sampler;
05-14 16:26:46.169 E/SurfaceFlinger( 1319): varying vec2 outTexCoords;
05-14 16:26:46.169 E/SurfaceFlinger( 1319): void main(void) {
05-14 16:26:46.169 E/SurfaceFlinger( 1319):     gl_FragColor = texture2D(sampler, outTexCoords);
05-14 16:26:46.169 E/SurfaceFlinger( 1319): }
05-14 16:26:46.169 E/SurfaceFlinger( 1319): 
05-14 16:26:46.169 E/SurfaceFlinger( 1319): öÿÿÿÿÿÿÿŸQhu
05-14 16:26:46.169 E/SurfaceFlinger( 1319): Error while linking shaders:
05-14 16:26:46.170 E/SurfaceFlinger( 1319): Error while compiling shader: 
05-14 16:26:46.170 E/SurfaceFlinger( 1319): attribute vec4 texCoords;
05-14 16:26:46.170 E/SurfaceFlinger( 1319): varying vec2 outTexCoords;
05-14 16:26:46.170 E/SurfaceFlinger( 1319): attribute vec4 position;
05-14 16:26:46.170 E/SurfaceFlinger( 1319): uniform mat4 projection;
05-14 16:26:46.170 E/SurfaceFlinger( 1319): uniform mat4 texture;
05-14 16:26:46.170 E/SurfaceFlinger( 1319): void main(void) {
05-14 16:26:46.170 E/SurfaceFlinger( 1319):     gl_Position = projection * position;
05-14 16:26:46.170 E/SurfaceFlinger( 1319):     outTexCoords = (texture * texCoords).st;
05-14 16:26:46.170 E/SurfaceFlinger( 1319): }
05-14 16:26:46.170 E/SurfaceFlinger( 1319): 
05-14 16:26:46.170 E/SurfaceFlinger( 1319): öÿÿÿÿÿÿÿŸQhu
05-14 16:26:46.170 E/SurfaceFlinger( 1319): Error while compiling shader: 
05-14 16:26:46.170 E/SurfaceFlinger( 1319): #extension GL_OES_EGL_image_external : require
05-14 16:26:46.170 E/SurfaceFlinger( 1319): precision mediump float;
05-14 16:26:46.170 E/SurfaceFlinger( 1319): uniform samplerExternalOES sampler;
05-14 16:26:46.170 E/SurfaceFlinger( 1319): varying vec2 outTexCoords;
05-14 16:26:46.170 E/SurfaceFlinger( 1319): void main(void) {
05-14 16:26:46.170 E/SurfaceFlinger( 1319):     gl_FragColor = texture2D(sampler, outTexCoords);
05-14 16:26:46.170 E/SurfaceFlinger( 1319): }
05-14 16:26:46.170 E/SurfaceFlinger( 1319): 
05-14 16:26:46.170 E/SurfaceFlinger( 1319): öÿÿÿÿÿÿÿŸQhu
05-14 16:26:46.190 E/SurfaceFlinger( 1319): Error while linking shaders:
05-14 16:26:46.190 E/SurfaceFlinger( 1319): Error while compiling shader: 
05-14 16:26:46.190 E/SurfaceFlinger( 1319): attribute vec4 texCoords;
05-14 16:26:46.190 E/SurfaceFlinger( 1319): varying vec2 outTexCoords;
05-14 16:26:46.190 E/SurfaceFlinger( 1319): attribute vec4 position;
05-14 16:26:46.190 E/SurfaceFlinger( 1319): uniform mat4 projection;
05-14 16:26:46.190 E/SurfaceFlinger( 1319): uniform mat4 texture;
05-14 16:26:46.190 E/SurfaceFlinger( 1319): void main(void) {
05-14 16:26:46.190 E/SurfaceFlinger( 1319):     gl_Position = projection * position;
05-14 16:26:46.190 E/SurfaceFlinger( 1319):     outTexCoords = (texture * texCoords).st;
05-14 16:26:46.190 E/SurfaceFlinger( 1319): }
05-14 16:26:46.190 E/SurfaceFlinger( 1319): 
05-14 16:26:46.190 E/SurfaceFlinger( 1319): öÿÿÿÿÿÿÿŸQhu
05-14 16:26:46.190 E/SurfaceFlinger( 1319): Error while compiling shader: 
05-14 16:26:46.190 E/SurfaceFlinger( 1319): #extension GL_OES_EGL_image_external : require
05-14 16:26:46.190 E/SurfaceFlinger( 1319): precision mediump float;
05-14 16:26:46.190 E/SurfaceFlinger( 1319): uniform samplerExternalOES sampler;
05-14 16:26:46.190 E/SurfaceFlinger( 1319): varying vec2 outTexCoords;
05-14 16:26:46.190 E/SurfaceFlinger( 1319): void main(void) {
05-14 16:26:46.190 E/SurfaceFlinger( 1319):     gl_FragColor = texture2D(sampler, outTexCoords);
05-14 16:26:46.190 E/SurfaceFlinger( 1319):     gl_FragColor.a = 1.0;
05-14 16:26:46.190 E/SurfaceFlinger( 1319): }
05-14 16:26:46.190 E/SurfaceFlinger( 1319): 
05-14 16:26:46.190 E/SurfaceFlinger( 1319): öÿÿÿÿÿÿÿŸQhu
05-14 16:26:46.190 E/SurfaceFlinger( 1319): Error while linking shaders:
05-14 16:26:46.190 E/SurfaceFlinger( 1319): Error while compiling shader: 
05-14 16:26:46.190 E/SurfaceFlinger( 1319): attribute vec4 texCoords;
05-14 16:26:46.190 E/SurfaceFlinger( 1319): varying vec2 outTexCoords;
05-14 16:26:46.190 E/SurfaceFlinger( 1319): attribute vec4 position;
05-14 16:26:46.190 E/SurfaceFlinger( 1319): uniform mat4 projection;
05-14 16:26:46.190 E/SurfaceFlinger( 1319): uniform mat4 texture;
05-14 16:26:46.190 E/SurfaceFlinger( 1319): void main(void) {
05-14 16:26:46.190 E/SurfaceFlinger( 1319):     gl_Position = projection * position;
05-14 16:26:46.190 E/SurfaceFlinger( 1319):     outTexCoords = (texture * texCoords).st;
05-14 16:26:46.190 E/SurfaceFlinger( 1319): }
05-14 16:26:46.190 E/SurfaceFlinger( 1319): 
05-14 16:26:46.190 E/SurfaceFlinger( 1319): öÿÿÿÿÿÿÿŸQhu
05-14 16:26:46.190 E/SurfaceFlinger( 1319): Error while compiling shader: 
05-14 16:26:46.190 E/SurfaceFlinger( 1319): #extension GL_OES_EGL_image_external : require
05-14 16:26:46.190 E/SurfaceFlinger( 1319): precision mediump float;
05-14 16:26:46.190 E/SurfaceFlinger( 1319): uniform samplerExternalOES sampler;
05-14 16:26:46.190 E/SurfaceFlinger( 1319): varying vec2 outTexCoords;
05-14 16:26:46.190 E/SurfaceFlinger( 1319): void main(void) {
05-14 16:26:46.190 E/SurfaceFlinger( 1319):     gl_FragColor = texture2D(sampler, outTexCoords);
05-14 16:26:46.190 E/SurfaceFlinger( 1319):     gl_FragColor.a = 1.0;
05-14 16:26:46.190 E/SurfaceFlinger( 1319): }
05-14 16:26:46.190 E/SurfaceFlinger( 1319): 
05-14 16:26:46.190 E/SurfaceFlinger( 1319): öÿÿÿÿÿÿÿŸQhu
05-14 16:26:46.190 E/SurfaceFlinger( 1319): Error while linking shaders:
05-14 16:26:46.190 E/SurfaceFlinger( 1319): Error while compiling shader: 
05-14 16:26:46.190 E/SurfaceFlinger( 1319): attribute vec4 texCoords;
05-14 16:26:46.190 E/SurfaceFlinger( 1319): varying vec2 outTexCoords;
05-14 16:26:46.190 E/SurfaceFlinger( 1319): attribute vec4 position;
05-14 16:26:46.190 E/SurfaceFlinger( 1319): uniform mat4 projection;
05-14 16:26:46.190 E/SurfaceFlinger( 1319): uniform mat4 texture;
05-14 16:26:46.190 E/SurfaceFlinger( 1319): void main(void) {
05-14 16:26:46.190 E/SurfaceFlinger( 1319):     gl_Position = projection * position;
05-14 16:26:46.190 E/SurfaceFlinger( 1319):     outTexCoords = (texture * texCoords).st;
05-14 16:26:46.190 E/SurfaceFlinger( 1319): }
05-14 16:26:46.190 E/SurfaceFlinger( 1319): 
05-14 16:26:46.190 E/SurfaceFlinger( 1319): öÿÿÿÿÿÿÿŸQhu
05-14 16:26:46.191 E/SurfaceFlinger( 1319): Error while compiling shader: 
05-14 16:26:46.191 E/SurfaceFlinger( 1319): #extension GL_OES_EGL_image_external : require
05-14 16:26:46.191 E/SurfaceFlinger( 1319): precision mediump float;
05-14 16:26:46.191 E/SurfaceFlinger( 1319): uniform samplerExternalOES sampler;
05-14 16:26:46.191 E/SurfaceFlinger( 1319): varying vec2 outTexCoords;
05-14 16:26:46.191 E/SurfaceFlinger( 1319): uniform float alphaPlane;
05-14 16:26:46.191 E/SurfaceFlinger( 1319): void main(void) {
05-14 16:26:46.191 E/SurfaceFlinger( 1319):     gl_FragColor = texture2D(sampler, outTexCoords);
05-14 16:26:46.191 E/SurfaceFlinger( 1319):     gl_FragColor.a *= alphaPlane;
05-14 16:26:46.191 E/SurfaceFlinger( 1319): }
05-14 16:26:46.191 E/SurfaceFlinger( 1319): 
05-14 16:26:46.191 E/SurfaceFlinger( 1319): öÿÿÿÿÿÿÿŸQhu
05-14 16:26:46.191 E/SurfaceFlinger( 1319): Error while linking shaders:
05-14 16:26:46.191 E/SurfaceFlinger( 1319): Error while compiling shader: 
05-14 16:26:46.191 E/SurfaceFlinger( 1319): attribute vec4 texCoords;
05-14 16:26:46.191 E/SurfaceFlinger( 1319): varying vec2 outTexCoords;
05-14 16:26:46.191 E/SurfaceFlinger( 1319): attribute vec4 position;
05-14 16:26:46.191 E/SurfaceFlinger( 1319): uniform mat4 projection;
05-14 16:26:46.191 E/SurfaceFlinger( 1319): uniform mat4 texture;
05-14 16:26:46.191 E/SurfaceFlinger( 1319): void main(void) {
05-14 16:26:46.191 E/SurfaceFlinger( 1319):     gl_Position = projection * position;
05-14 16:26:46.191 E/SurfaceFlinger( 1319):     outTexCoords = (texture * texCoords).st;
05-14 16:26:46.191 E/SurfaceFlinger( 1319): }
05-14 16:26:46.191 E/SurfaceFlinger( 1319): 
05-14 16:26:46.191 E/SurfaceFlinger( 1319): öÿÿÿÿÿÿÿŸQhu
05-14 16:26:46.191 E/SurfaceFlinger( 1319): Error while compiling shader: 
05-14 16:26:46.191 E/SurfaceFlinger( 1319): #extension GL_OES_EGL_image_external : require
05-14 16:26:46.191 E/SurfaceFlinger( 1319): precision mediump float;
05-14 16:26:46.191 E/SurfaceFlinger( 1319): uniform samplerExternalOES sampler;
05-14 16:26:46.191 E/SurfaceFlinger( 1319): varying vec2 outTexCoords;
05-14 16:26:46.191 E/SurfaceFlinger( 1319): uniform float alphaPlane;
05-14 16:26:46.191 E/SurfaceFlinger( 1319): void main(void) {
05-14 16:26:46.191 E/SurfaceFlinger( 1319):     gl_FragColor = texture2D(sampler, outTexCoords);
05-14 16:26:46.191 E/SurfaceFlinger( 1319):     gl_FragColor *= alphaPlane;
05-14 16:26:46.191 E/SurfaceFlinger( 1319): }
05-14 16:26:46.191 E/SurfaceFlinger( 1319): 
05-14 16:26:46.191 E/SurfaceFlinger( 1319): öÿÿÿÿÿÿÿŸQhu
05-14 16:26:46.191 E/SurfaceFlinger( 1319): Error while linking shaders:
05-14 16:26:46.191 E/SurfaceFlinger( 1319): Error while compiling shader: 
05-14 16:26:46.191 E/SurfaceFlinger( 1319): attribute vec4 texCoords;
05-14 16:26:46.191 E/SurfaceFlinger( 1319): varying vec2 outTexCoords;
05-14 16:26:46.191 E/SurfaceFlinger( 1319): attribute vec4 position;
05-14 16:26:46.191 E/SurfaceFlinger( 1319): uniform mat4 projection;
05-14 16:26:46.191 E/SurfaceFlinger( 1319): uniform mat4 texture;
05-14 16:26:46.191 E/SurfaceFlinger( 1319): void main(void) {
05-14 16:26:46.191 E/SurfaceFlinger( 1319):     gl_Position = projection * position;
05-14 16:26:46.191 E/SurfaceFlinger( 1319):     outTexCoords = (texture * texCoords).st;
05-14 16:26:46.191 E/SurfaceFlinger( 1319): }
05-14 16:26:46.191 E/SurfaceFlinger( 1319): 
05-14 16:26:46.191 E/SurfaceFlinger( 1319): öÿÿÿÿÿÿÿŸQhu
05-14 16:26:46.191 E/SurfaceFlinger( 1319): Error while compiling shader: 
05-14 16:26:46.191 E/SurfaceFlinger( 1319): #extension GL_OES_EGL_image_external : require
05-14 16:26:46.191 E/SurfaceFlinger( 1319): precision mediump float;
05-14 16:26:46.191 E/SurfaceFlinger( 1319): uniform samplerExternalOES sampler;
05-14 16:26:46.191 E/SurfaceFlinger( 1319): varying vec2 outTexCoords;
05-14 16:26:46.191 E/SurfaceFlinger( 1319): uniform float alphaPlane;
05-14 16:26:46.191 E/SurfaceFlinger( 1319): void main(void) {
05-14 16:26:46.191 E/SurfaceFlinger( 1319):     gl_FragColor = texture2D(sampler, outTexCoords);
05-14 16:26:46.191 E/SurfaceFlinger( 1319):     gl_FragColor.a = 1.0;
05-14 16:26:46.191 E/SurfaceFlinger( 1319):     gl_FragColor.a *= alphaPlane;
05-14 16:26:46.191 E/SurfaceFlinger( 1319): }
05-14 16:26:46.191 E/SurfaceFlinger( 1319): 
05-14 16:26:46.191 E/SurfaceFlinger( 1319): öÿÿÿÿÿÿÿŸQhu
05-14 16:26:46.191 E/SurfaceFlinger( 1319): Error while linking shaders:
05-14 16:26:46.191 E/SurfaceFlinger( 1319): Error while compiling shader: 
05-14 16:26:46.191 E/SurfaceFlinger( 1319): attribute vec4 texCoords;
05-14 16:26:46.191 E/SurfaceFlinger( 1319): varying vec2 outTexCoords;
05-14 16:26:46.191 E/SurfaceFlinger( 1319): attribute vec4 position;
05-14 16:26:46.191 E/SurfaceFlinger( 1319): uniform mat4 projection;
05-14 16:26:46.191 E/SurfaceFlinger( 1319): uniform mat4 texture;
05-14 16:26:46.191 E/SurfaceFlinger( 1319): void main(void) {
05-14 16:26:46.191 E/SurfaceFlinger( 1319):     gl_Position = projection * position;
05-14 16:26:46.191 E/SurfaceFlinger( 1319):     outTexCoords = (texture * texCoords).st;
05-14 16:26:46.191 E/SurfaceFlinger( 1319): }
05-14 16:26:46.191 E/SurfaceFlinger( 1319): 
05-14 16:26:46.191 E/SurfaceFlinger( 1319): öÿÿÿÿÿÿÿŸQhu
05-14 16:26:46.191 E/SurfaceFlinger( 1319): Error while compiling shader: 
05-14 16:26:46.191 E/SurfaceFlinger( 1319): #extension GL_OES_EGL_image_external : require
05-14 16:26:46.191 E/SurfaceFlinger( 1319): precision mediump float;
05-14 16:26:46.191 E/SurfaceFlinger( 1319): uniform samplerExternalOES sampler;
05-14 16:26:46.191 E/SurfaceFlinger( 1319): varying vec2 outTexCoords;
05-14 16:26:46.191 E/SurfaceFlinger( 1319): uniform float alphaPlane;
05-14 16:26:46.191 E/SurfaceFlinger( 1319): void main(void) {
05-14 16:26:46.191 E/SurfaceFlinger( 1319):     gl_FragColor = texture2D(sampler, outTexCoords);
05-14 16:26:46.191 E/SurfaceFlinger( 1319):     gl_FragColor.a = 1.0;
05-14 16:26:46.191 E/SurfaceFlinger( 1319):     gl_FragColor *= alphaPlane;
05-14 16:26:46.191 E/SurfaceFlinger( 1319): }
05-14 16:26:46.191 E/SurfaceFlinger( 1319): 
05-14 16:26:46.191 E/SurfaceFlinger( 1319): öÿÿÿÿÿÿÿŸQhu
05-14 16:26:46.191 E/SurfaceFlinger( 1319): Error while linking shaders:
05-14 16:26:46.191 E/SurfaceFlinger( 1319): Error while compiling shader: 
05-14 16:26:46.191 E/SurfaceFlinger( 1319): attribute vec4 texCoords;
05-14 16:26:46.191 E/SurfaceFlinger( 1319): varying vec2 outTexCoords;
05-14 16:26:46.191 E/SurfaceFlinger( 1319): attribute vec4 position;
05-14 16:26:46.191 E/SurfaceFlinger( 1319): uniform mat4 projection;
05-14 16:26:46.191 E/SurfaceFlinger( 1319): uniform mat4 texture;
05-14 16:26:46.191 E/SurfaceFlinger( 1319): void main(void) {
05-14 16:26:46.191 E/SurfaceFlinger( 1319):     gl_Position = projection * position;
05-14 16:26:46.191 E/SurfaceFlinger( 1319):     outTexCoords = (texture * texCoords).st;
05-14 16:26:46.191 E/SurfaceFlinger( 1319): }
05-14 16:26:46.191 E/SurfaceFlinger( 1319): 
05-14 16:26:46.191 E/SurfaceFlinger( 1319): öÿÿÿÿÿÿÿŸQhu
05-14 16:26:46.191 E/SurfaceFlinger( 1319): Error while compiling shader: 
05-14 16:26:46.191 E/SurfaceFlinger( 1319): precision mediump float;
05-14 16:26:46.191 E/SurfaceFlinger( 1319): uniform sampler2D sampler;
05-14 16:26:46.191 E/SurfaceFlinger( 1319): varying vec2 outTexCoords;
05-14 16:26:46.191 E/SurfaceFlinger( 1319): void main(void) {
05-14 16:26:46.191 E/SurfaceFlinger( 1319):     gl_FragColor = texture2D(sampler, outTexCoords);
05-14 16:26:46.191 E/SurfaceFlinger( 1319): }
05-14 16:26:46.191 E/SurfaceFlinger( 1319): 
05-14 16:26:46.191 E/SurfaceFlinger( 1319): öÿÿÿÿÿÿÿŸQhu
05-14 16:26:46.191 E/SurfaceFlinger( 1319): Error while linking shaders:
05-14 16:26:46.191 E/SurfaceFlinger( 1319): Error while compiling shader: 
05-14 16:26:46.191 E/SurfaceFlinger( 1319): attribute vec4 texCoords;
05-14 16:26:46.191 E/SurfaceFlinger( 1319): varying vec2 outTexCoords;
05-14 16:26:46.191 E/SurfaceFlinger( 1319): attribute vec4 position;
05-14 16:26:46.191 E/SurfaceFlinger( 1319): uniform mat4 projection;
05-14 16:26:46.191 E/SurfaceFlinger( 1319): uniform mat4 texture;
05-14 16:26:46.191 E/SurfaceFlinger( 1319): void main(void) {
05-14 16:26:46.191 E/SurfaceFlinger( 1319):     gl_Position = projection * position;
05-14 16:26:46.191 E/SurfaceFlinger( 1319):     outTexCoords = (texture * texCoords).st;
05-14 16:26:46.191 E/SurfaceFlinger( 1319): }
05-14 16:26:46.191 E/SurfaceFlinger( 1319): 
05-14 16:26:46.191 E/SurfaceFlinger( 1319): öÿÿÿÿÿÿÿŸQhu
05-14 16:26:46.191 E/SurfaceFlinger( 1319): Error while compiling shader: 
05-14 16:26:46.191 E/SurfaceFlinger( 1319): precision mediump float;
05-14 16:26:46.191 E/SurfaceFlinger( 1319): uniform sampler2D sampler;
05-14 16:26:46.191 E/SurfaceFlinger( 1319): varying vec2 outTexCoords;
05-14 16:26:46.191 E/SurfaceFlinger( 1319): void main(void) {
05-14 16:26:46.191 E/SurfaceFlinger( 1319):     gl_FragColor = texture2D(sampler, outTexCoords);
05-14 16:26:46.191 E/SurfaceFlinger( 1319): }
05-14 16:26:46.191 E/SurfaceFlinger( 1319): 
05-14 16:26:46.191 E/SurfaceFlinger( 1319): öÿÿÿÿÿÿÿŸQhu
05-14 16:26:46.191 E/SurfaceFlinger( 1319): Error while linking shaders:
05-14 16:26:46.191 E/SurfaceFlinger( 1319): Error while compiling shader: 
05-14 16:26:46.191 E/SurfaceFlinger( 1319): attribute vec4 texCoords;
05-14 16:26:46.191 E/SurfaceFlinger( 1319): varying vec2 outTexCoords;
05-14 16:26:46.191 E/SurfaceFlinger( 1319): attribute vec4 position;
05-14 16:26:46.191 E/SurfaceFlinger( 1319): uniform mat4 projection;
05-14 16:26:46.191 E/SurfaceFlinger( 1319): uniform mat4 texture;
05-14 16:26:46.191 E/SurfaceFlinger( 1319): void main(void) {
05-14 16:26:46.191 E/SurfaceFlinger( 1319):     gl_Position = projection * position;
05-14 16:26:46.191 E/SurfaceFlinger( 1319):     outTexCoords = (texture * texCoords).st;
05-14 16:26:46.191 E/SurfaceFlinger( 1319): }
05-14 16:26:46.191 E/SurfaceFlinger( 1319): 
05-14 16:26:46.191 E/SurfaceFlinger( 1319): öÿÿÿÿÿÿÿŸQhu
05-14 16:26:46.191 E/SurfaceFlinger( 1319): Error while compiling shader: 
05-14 16:26:46.191 E/SurfaceFlinger( 1319): precision mediump float;
05-14 16:26:46.191 E/SurfaceFlinger( 1319): uniform sampler2D sampler;
05-14 16:26:46.191 E/SurfaceFlinger( 1319): varying vec2 outTexCoords;
05-14 16:26:46.191 E/SurfaceFlinger( 1319): void main(void) {
05-14 16:26:46.191 E/SurfaceFlinger( 1319):     gl_FragColor = texture2D(sampler, outTexCoords);
05-14 16:26:46.191 E/SurfaceFlinger( 1319):     gl_FragColor.a = 1.0;
05-14 16:26:46.191 E/SurfaceFlinger( 1319): }
05-14 16:26:46.191 E/SurfaceFlinger( 1319): 
05-14 16:26:46.191 E/SurfaceFlinger( 1319): öÿÿÿÿÿÿÿŸQhu
05-14 16:26:46.191 E/SurfaceFlinger( 1319): Error while linking shaders:
05-14 16:26:46.192 E/SurfaceFlinger( 1319): Error while compiling shader: 
05-14 16:26:46.192 E/SurfaceFlinger( 1319): attribute vec4 texCoords;
05-14 16:26:46.192 E/SurfaceFlinger( 1319): varying vec2 outTexCoords;
05-14 16:26:46.192 E/SurfaceFlinger( 1319): attribute vec4 position;
05-14 16:26:46.192 E/SurfaceFlinger( 1319): uniform mat4 projection;
05-14 16:26:46.192 E/SurfaceFlinger( 1319): uniform mat4 texture;
05-14 16:26:46.192 E/SurfaceFlinger( 1319): void main(void) {
05-14 16:26:46.192 E/SurfaceFlinger( 1319):     gl_Position = projection * position;
05-14 16:26:46.192 E/SurfaceFlinger( 1319):     outTexCoords = (texture * texCoords).st;
05-14 16:26:46.192 E/SurfaceFlinger( 1319): }
05-14 16:26:46.192 E/SurfaceFlinger( 1319): 
05-14 16:26:46.192 E/SurfaceFlinger( 1319): öÿÿÿÿÿÿÿŸQhu
05-14 16:26:46.192 E/SurfaceFlinger( 1319): Error while compiling shader: 
05-14 16:26:46.192 E/SurfaceFlinger( 1319): precision mediump float;
05-14 16:26:46.192 E/SurfaceFlinger( 1319): uniform sampler2D sampler;
05-14 16:26:46.192 E/SurfaceFlinger( 1319): varying vec2 outTexCoords;
05-14 16:26:46.192 E/SurfaceFlinger( 1319): void main(void) {
05-14 16:26:46.192 E/SurfaceFlinger( 1319):     gl_FragColor = texture2D(sampler, outTexCoords);
05-14 16:26:46.192 E/SurfaceFlinger( 1319):     gl_FragColor.a = 1.0;
05-14 16:26:46.192 E/SurfaceFlinger( 1319): }
05-14 16:26:46.192 E/SurfaceFlinger( 1319): 
05-14 16:26:46.192 E/SurfaceFlinger( 1319): öÿÿÿÿÿÿÿŸQhu
05-14 16:26:46.192 E/SurfaceFlinger( 1319): Error while linking shaders:
05-14 16:26:46.192 E/SurfaceFlinger( 1319): Error while compiling shader: 
05-14 16:26:46.192 E/SurfaceFlinger( 1319): attribute vec4 texCoords;
05-14 16:26:46.192 E/SurfaceFlinger( 1319): varying vec2 outTexCoords;
05-14 16:26:46.192 E/SurfaceFlinger( 1319): attribute vec4 position;
05-14 16:26:46.192 E/SurfaceFlinger( 1319): uniform mat4 projection;
05-14 16:26:46.192 E/SurfaceFlinger( 1319): uniform mat4 texture;
05-14 16:26:46.192 E/SurfaceFlinger( 1319): void main(void) {
05-14 16:26:46.192 E/SurfaceFlinger( 1319):     gl_Position = projection * position;
05-14 16:26:46.192 E/SurfaceFlinger( 1319):     outTexCoords = (texture * texCoords).st;
05-14 16:26:46.192 E/SurfaceFlinger( 1319): }
05-14 16:26:46.192 E/SurfaceFlinger( 1319): 
05-14 16:26:46.192 E/SurfaceFlinger( 1319): öÿÿÿÿÿÿÿŸQhu
05-14 16:26:46.192 E/SurfaceFlinger( 1319): Error while compiling shader: 
05-14 16:26:46.192 E/SurfaceFlinger( 1319): precision mediump float;
05-14 16:26:46.192 E/SurfaceFlinger( 1319): uniform sampler2D sampler;
05-14 16:26:46.192 E/SurfaceFlinger( 1319): varying vec2 outTexCoords;
05-14 16:26:46.192 E/SurfaceFlinger( 1319): uniform float alphaPlane;
05-14 16:26:46.192 E/SurfaceFlinger( 1319): void main(void) {
05-14 16:26:46.192 E/SurfaceFlinger( 1319):     gl_FragColor = texture2D(sampler, outTexCoords);
05-14 16:26:46.192 E/SurfaceFlinger( 1319):     gl_FragColor.a *= alphaPlane;
05-14 16:26:46.192 E/SurfaceFlinger( 1319): }
05-14 16:26:46.192 E/SurfaceFlinger( 1319): 
05-14 16:26:46.192 E/SurfaceFlinger( 1319): öÿÿÿÿÿÿÿŸQhu
05-14 16:26:46.192 E/SurfaceFlinger( 1319): Error while linking shaders:
05-14 16:26:46.192 E/SurfaceFlinger( 1319): Error while compiling shader: 
05-14 16:26:46.192 E/SurfaceFlinger( 1319): attribute vec4 texCoords;
05-14 16:26:46.192 E/SurfaceFlinger( 1319): varying vec2 outTexCoords;
05-14 16:26:46.192 E/SurfaceFlinger( 1319): attribute vec4 position;
05-14 16:26:46.192 E/SurfaceFlinger( 1319): uniform mat4 projection;
05-14 16:26:46.192 E/SurfaceFlinger( 1319): uniform mat4 texture;
05-14 16:26:46.192 E/SurfaceFlinger( 1319): void main(void) {
05-14 16:26:46.192 E/SurfaceFlinger( 1319):     gl_Position = projection * position;
05-14 16:26:46.192 E/SurfaceFlinger( 1319):     outTexCoords = (texture * texCoords).st;
05-14 16:26:46.192 E/SurfaceFlinger( 1319): }
05-14 16:26:46.192 E/SurfaceFlinger( 1319): 
05-14 16:26:46.192 E/SurfaceFlinger( 1319): öÿÿÿÿÿÿÿŸQhu
05-14 16:26:46.192 E/SurfaceFlinger( 1319): Error while compiling shader: 
05-14 16:26:46.192 E/SurfaceFlinger( 1319): precision mediump float;
05-14 16:26:46.192 E/SurfaceFlinger( 1319): uniform sampler2D sampler;
05-14 16:26:46.192 E/SurfaceFlinger( 1319): varying vec2 outTexCoords;
05-14 16:26:46.192 E/SurfaceFlinger( 1319): uniform float alphaPlane;
05-14 16:26:46.192 E/SurfaceFlinger( 1319): void main(void) {
05-14 16:26:46.192 E/SurfaceFlinger( 1319):     gl_FragColor = texture2D(sampler, outTexCoords);
05-14 16:26:46.192 E/SurfaceFlinger( 1319):     gl_FragColor *= alphaPlane;
05-14 16:26:46.192 E/SurfaceFlinger( 1319): }
05-14 16:26:46.192 E/SurfaceFlinger( 1319): 
05-14 16:26:46.192 E/SurfaceFlinger( 1319): öÿÿÿÿÿÿÿŸQhu
05-14 16:26:46.192 E/SurfaceFlinger( 1319): Error while linking shaders:
05-14 16:26:46.192 E/SurfaceFlinger( 1319): Error while compiling shader: 
05-14 16:26:46.192 E/SurfaceFlinger( 1319): attribute vec4 texCoords;
05-14 16:26:46.192 E/SurfaceFlinger( 1319): varying vec2 outTexCoords;
05-14 16:26:46.192 E/SurfaceFlinger( 1319): attribute vec4 position;
05-14 16:26:46.192 E/SurfaceFlinger( 1319): uniform mat4 projection;
05-14 16:26:46.192 E/SurfaceFlinger( 1319): uniform mat4 texture;
05-14 16:26:46.192 E/SurfaceFlinger( 1319): void main(void) {
05-14 16:26:46.192 E/SurfaceFlinger( 1319):     gl_Position = projection * position;
05-14 16:26:46.192 E/SurfaceFlinger( 1319):     outTexCoords = (texture * texCoords).st;
05-14 16:26:46.192 E/SurfaceFlinger( 1319): }
05-14 16:26:46.192 E/SurfaceFlinger( 1319): 
05-14 16:26:46.192 E/SurfaceFlinger( 1319): öÿÿÿÿÿÿÿŸQhu
05-14 16:26:46.192 E/SurfaceFlinger( 1319): Error while compiling shader: 
05-14 16:26:46.192 E/SurfaceFlinger( 1319): precision mediump float;
05-14 16:26:46.192 E/SurfaceFlinger( 1319): uniform sampler2D sampler;
05-14 16:26:46.192 E/SurfaceFlinger( 1319): varying vec2 outTexCoords;
05-14 16:26:46.192 E/SurfaceFlinger( 1319): uniform float alphaPlane;
05-14 16:26:46.192 E/SurfaceFlinger( 1319): void main(void) {
05-14 16:26:46.192 E/SurfaceFlinger( 1319):     gl_FragColor = texture2D(sampler, outTexCoords);
05-14 16:26:46.192 E/SurfaceFlinger( 1319):     gl_FragColor.a = 1.0;
05-14 16:26:46.192 E/SurfaceFlinger( 1319):     gl_FragColor.a *= alphaPlane;
05-14 16:26:46.192 E/SurfaceFlinger( 1319): }
05-14 16:26:46.192 E/SurfaceFlinger( 1319): 
05-14 16:26:46.192 E/SurfaceFlinger( 1319): öÿÿÿÿÿÿÿŸQhu
05-14 16:26:46.192 E/SurfaceFlinger( 1319): Error while linking shaders:
05-14 16:26:46.192 E/SurfaceFlinger( 1319): Error while compiling shader: 
05-14 16:26:46.192 E/SurfaceFlinger( 1319): attribute vec4 texCoords;
05-14 16:26:46.192 E/SurfaceFlinger( 1319): varying vec2 outTexCoords;
05-14 16:26:46.192 E/SurfaceFlinger( 1319): attribute vec4 position;
05-14 16:26:46.192 E/SurfaceFlinger( 1319): uniform mat4 projection;
05-14 16:26:46.192 E/SurfaceFlinger( 1319): uniform mat4 texture;
05-14 16:26:46.192 E/SurfaceFlinger( 1319): void main(void) {
05-14 16:26:46.192 E/SurfaceFlinger( 1319):     gl_Position = projection * position;
05-14 16:26:46.192 E/SurfaceFlinger( 1319):     outTexCoords = (texture * texCoords).st;
05-14 16:26:46.192 E/SurfaceFlinger( 1319): }
05-14 16:26:46.192 E/SurfaceFlinger( 1319): 
05-14 16:26:46.192 E/SurfaceFlinger( 1319): öÿÿÿÿÿÿÿŸQhu
05-14 16:26:46.192 E/SurfaceFlinger( 1319): Error while compiling shader: 
05-14 16:26:46.192 E/SurfaceFlinger( 1319): precision mediump float;
05-14 16:26:46.192 E/SurfaceFlinger( 1319): uniform sampler2D sampler;
05-14 16:26:46.192 E/SurfaceFlinger( 1319): varying vec2 outTexCoords;
05-14 16:26:46.192 E/SurfaceFlinger( 1319): uniform float alphaPlane;
05-14 16:26:46.192 E/SurfaceFlinger( 1319): void main(void) {
05-14 16:26:46.192 E/SurfaceFlinger( 1319):     gl_FragColor = texture2D(sampler, outTexCoords);
05-14 16:26:46.192 E/SurfaceFlinger( 1319):     gl_FragColor.a = 1.0;
05-14 16:26:46.192 E/SurfaceFlinger( 1319):     gl_FragColor *= alphaPlane;
05-14 16:26:46.192 E/SurfaceFlinger( 1319): }
05-14 16:26:46.192 E/SurfaceFlinger( 1319): 
05-14 16:26:46.192 E/SurfaceFlinger( 1319): öÿÿÿÿÿÿÿŸQhu
05-14 16:26:46.192 E/SurfaceFlinger( 1319): Error while linking shaders:
05-14 16:26:46.192 D/SurfaceFlinger( 1319): shader cache generated - 24 shaders in 25.332027 ms
05-14 16:26:46.219 D/SurfaceFlinger( 1319): Set power mode=2, type=0 flinger=0x750d05e47000
05-14 16:26:46.469 I/mediacodec( 1330): @@@ mediacodecservice starting
05-14 16:26:46.743 W/        ( 1330): No seccomp filter defined for this architecture.
05-14 16:26:47.476 I/cameraserver( 1325): ServiceManager: 0xf5dbc020
05-14 16:26:47.522 I/CameraService( 1325): CameraService started (pid=1325)
05-14 16:26:47.522 I/CameraService( 1325): CameraService process starting
05-14 16:26:47.524 W/BatteryNotifier( 1325): batterystats service unavailable!
05-14 16:26:47.542 W/BatteryNotifier( 1325): batterystats service unavailable!
05-14 16:26:47.707 D/EmulatedCamera_QemuClient( 1325): Emulated camera list: 
05-14 16:26:47.747 D/EmulatedCamera_FakeCamera( 1325): Initialize: Fake camera is facing back
05-14 16:26:47.749 V/EmulatedCamera_Device( 1325): initializeWhiteBalanceModes with auto, 1.000000, 1.000000
05-14 16:26:47.758 V/MediaUtils( 1332): physMem: 1043894272
05-14 16:26:47.758 V/MediaUtils( 1332): requested limit: 208778840
05-14 16:26:47.758 V/MediaUtils( 1332): actual limit: 208778840
05-14 16:26:47.759 V/MediaUtils( 1332): original limits: 4294967295/4294967295
05-14 16:26:47.759 V/MediaUtils( 1332): new limits: 208778840/4294967295
05-14 16:26:47.750 V/EmulatedCamera_Device( 1325): initializeWhiteBalanceModes with incandescent, 1.380000, 0.600000
05-14 16:26:47.819 V/EmulatedCamera_Device( 1325): initializeWhiteBalanceModes with daylight, 1.090000, 0.920000
05-14 16:26:47.819 V/EmulatedCamera_Device( 1325): initializeWhiteBalanceModes with twilight, 0.920000, 1.220000
05-14 16:26:47.819 V/EmulatedCamera_Device( 1325): setWhiteBalanceMode with white balance auto
05-14 16:26:47.823 E/EmulatedCamera_Factory( 1325): 1 cameras are being emulated. 0 of them are fake cameras.
05-14 16:26:47.823 E/EmulatedCamera_HotplugThread( 1325): createFileIfNotExists: Could not create file '/data/misc/media/emulator.camera.hotplug.0', error: 'Permission denied' (13)
05-14 16:26:47.828 I/CameraService( 1325): Loaded "Emulated Camera Module" camera module
