05-14 16:29:37.075 E/ActivityManager( 2948):   1.1% 1333/mediaserver: 0.4% user + 0.6% kernel / faults: 76 minor
05-14 16:29:37.075 E/ActivityManager( 2948):   0.9% 3234/com.android.inputmethod.latin: 0.2% user + 0.6% kernel / faults: 297 minor
05-14 16:29:37.075 E/ActivityManager( 2948):   0.5% 1332/media.extractor: 0.2% user + 0.3% kernel / faults: 66 minor
05-14 16:29:37.075 E/ActivityManager( 2948):   0.1% 1274/debuggerd64: 0% user + 0.1% kernel / faults: 103 minor
05-14 16:29:37.075 E/ActivityManager( 2948):   0.3% 1322/zygote64: 0.1% user + 0.2% kernel / faults: 315 minor
05-14 16:29:37.075 E/ActivityManager( 2948):   0.5% 1253/kworker/0:1H: 0% user + 0.5% kernel
05-14 16:29:37.075 E/ActivityManager( 2948):   0.4% 1318/servicemanager: 0.2% user + 0.2% kernel
05-14 16:29:37.075 E/ActivityManager( 2948):   0.3% 1265/logd: 0% user + 0.3% kernel / faults: 20 minor
05-14 16:29:37.075 E/ActivityManager( 2948):   0.3% 1324/audioserver: 0% user + 0.3% kernel / faults: 41 minor
05-14 16:29:37.075 E/ActivityManager( 2948):   0.2% 1510/logcat: 0.1% user + 0% kernel
05-14 16:29:37.075 E/ActivityManager( 2948):   0% 1273/debuggerd: 0% user + 0% kernel / faults: 188 minor
05-14 16:29:37.075 E/ActivityManager( 2948):   0.2% 1334/netd: 0% user + 0.2% kernel / faults: 79 minor
05-14 16:29:37.075 E/ActivityManager( 2948):   0.2% 6/kworker/u4:0: 0% user + 0.2% kernel
05-14 16:29:37.075 E/ActivityManager( 2948):   0% 1325/cameraserver: 0% user + 0% kernel / faults: 64 minor
05-14 16:29:37.075 E/ActivityManager( 2948):   0.1% 1263/jbd2/vdc-8: 0% user + 0.1% kernel
05-14 16:29:37.075 E/ActivityManager( 2948):   0% 1//init: 0% user + 0% kernel / faults: 1 minor
05-14 16:29:37.075 E/ActivityManager( 2948):   0.1% 3/ksoftirqd/0: 0% user + 0.1% kernel
05-14 16:29:37.075 E/ActivityManager( 2948):   0.1% 12/ksoftirqd/1: 0% user + 0.1% kernel
05-14 16:29:37.075 E/ActivityManager( 2948):   0% 673/kworker/1:1: 0% user + 0% kernel
05-14 16:29:37.075 E/ActivityManager( 2948):   0% 809/kworker/0:2: 0% user + 0% kernel
05-14 16:29:37.075 E/ActivityManager( 2948):   0% 1335/rild: 0% user + 0% kernel / faults: 5 minor
05-14 16:29:37.075 E/ActivityManager( 2948):   0% 1317/lmkd: 0% user + 0% kernel
05-14 16:29:37.075 E/ActivityManager( 2948):   0% 1329/keystore: 0% user + 0% kernel
05-14 16:29:37.075 E/ActivityManager( 2948):   0% 1337/fingerprintd: 0% user + 0% kernel
05-14 16:29:37.075 E/ActivityManager( 2948):  +0% 3445/com.android.phone: 0% user + 0% kernel
05-14 16:29:37.075 E/ActivityManager( 2948):  +0% 3461/com.android.settings: 0% user + 0% kernel
05-14 16:29:37.075 E/ActivityManager( 2948):  +0% 3566/getprop: 0% user + 0% kernel
05-14 16:29:37.075 E/ActivityManager( 2948):  +0% 3569/getprop: 0% user + 0% kernel
05-14 16:29:37.075 E/ActivityManager( 2948): 100% TOTAL: 38% user + 61% kernel + 0.3% softirq
05-14 16:29:37.075 E/ActivityManager( 2948): CPU usage from 182159ms to 182159ms ago (1970-01-01 00:00:00.000 to 1970-01-01 00:00:00.000) with 0% awake:
05-14 16:29:37.075 E/ActivityManager( 2948): 0% TOTAL: 0% user + 0% kernel
05-14 16:29:37.078 I/ActivityManager( 2948): Killing 3247:com.android.systemui/u0a21 (adj -800): bg anr
05-14 16:29:37.126 D/PhoneSwitcherNetworkRequstListener( 3445): Registering NetworkFactory
05-14 16:29:37.132 D/ConnectivityService( 2948): Got NetworkFactory Messenger for PhoneSwitcherNetworkRequstListener
05-14 16:29:37.280 D/ConnectivityService( 2948): Got NetworkFactory Messenger for TelephonyNetworkFactory[0]
05-14 16:29:37.410 I/Choreographer( 3461): Skipped 58 frames!  The application may be doing too much work on its main thread.
05-14 16:29:37.619 I/WindowManager( 2948): WIN DEATH: Window{bf6b52d u0 DockedStackDivider}
05-14 16:29:37.632 W/AudioService( 2948): Current remote volume controller died, unregistering
05-14 16:29:37.758 I/ActivityManager( 2948): Process com.android.systemui (pid 3247) has died
05-14 16:29:37.856 D/ActivityManager( 2948): cleanUpApplicationRecord -- 3247
05-14 16:29:37.872 W/ActivityManager( 2948): Scheduling restart of crashed service com.android.systemui/.keyguard.KeyguardService in 0ms
05-14 16:29:37.873 W/ActivityManager( 2948): Scheduling restart of crashed service com.android.systemui/.ImageWallpaper in 0ms
05-14 16:29:37.873 W/ActivityManager( 2948): Scheduling restart of crashed service com.android.systemui/.SystemUIService in 0ms
05-14 16:29:37.930 W/ActivityManager( 2948): Re-adding persistent process ProcessRecord{7b002fa 3247:com.android.systemui/u0a21}
05-14 16:29:37.933 W/WindowManager( 2948): Timeout waiting for drawn: undrawn=[Window{23623d2 u0 KeyguardScrim}]
05-14 16:29:38.002 W/VolumeController( 2948): Error calling dismiss
05-14 16:29:38.002 W/VolumeController( 2948): android.os.DeadObjectException
05-14 16:29:38.002 W/VolumeController( 2948): 	at android.os.BinderProxy.transactNative(Native Method)
05-14 16:29:38.002 W/VolumeController( 2948): 	at android.os.BinderProxy.transact(Binder.java:615)
05-14 16:29:38.002 W/VolumeController( 2948): 	at android.media.IVolumeController$Stub$Proxy.dismiss(IVolumeController.java:162)
05-14 16:29:38.002 W/VolumeController( 2948): 	at com.android.server.audio.AudioService$VolumeController.postDismiss(AudioService.java:6138)
05-14 16:29:38.002 W/VolumeController( 2948): 	at com.android.server.audio.AudioService.setVolumeController(AudioService.java:5986)
05-14 16:29:38.002 W/VolumeController( 2948): 	at com.android.server.audio.AudioService$4.binderDied(AudioService.java:5995)
05-14 16:29:38.002 W/VolumeController( 2948): 	at android.os.BinderProxy.sendDeathNotice(Binder.java:688)
05-14 16:29:38.166 W/art     ( 2948): Suspending all threads took: 39.783ms
05-14 16:29:38.237 W/art     ( 3612): Unexpected CPU variant for X86 using defaults: x86_64
05-14 16:29:38.381 W/ActivityManager( 2948): Slow operation: 450ms so far, now at startProcess: returned from zygote!
05-14 16:29:38.381 W/ActivityManager( 2948): Slow operation: 450ms so far, now at startProcess: done updating battery stats
05-14 16:29:38.382 W/ActivityManager( 2948): Slow operation: 451ms so far, now at startProcess: building log message
05-14 16:29:38.382 I/ActivityManager( 2948): Start proc 3612:com.android.systemui/u0a21 for restart com.android.systemui
05-14 16:29:38.382 W/ActivityManager( 2948): Slow operation: 451ms so far, now at startProcess: starting to update pids map
05-14 16:29:38.382 W/ActivityManager( 2948): Slow operation: 451ms so far, now at startProcess: done updating pids map
05-14 16:29:38.418 W/art     ( 2948): Long monitor contention with owner Binder:2948_6 (3475) at void com.android.server.am.ActivityManagerService$AppDeathRecipient.binderDied()(ActivityManagerService.java:1475) waiters=1 in android.content.Intent com.android.server.am.ActivityManagerService.registerReceiver(android.app.IApplicationThread, java.lang.String, android.content.IIntentReceiver, android.content.IntentFilter, java.lang.String, int) for 604ms
05-14 16:29:38.420 W/art     ( 2948): Long monitor contention with owner Binder:2948_6 (3475) at void com.android.server.am.ActivityManagerService$AppDeathRecipient.binderDied()(ActivityManagerService.java:1475) waiters=2 in android.app.IActivityManager$ContentProviderHolder com.android.server.am.ActivityManagerService.getContentProviderImpl(android.app.IApplicationThread, java.lang.String, android.os.IBinder, boolean, int) for 571ms
05-14 16:29:38.421 W/art     ( 2948): Long monitor contention with owner Binder:2948_6 (3475) at void com.android.server.am.ActivityManagerService$AppDeathRecipient.binderDied()(ActivityManagerService.java:1475) waiters=3 in void com.android.server.am.BroadcastQueue.processNextBroadcast(boolean) for 539ms
05-14 16:29:38.743 I/Choreographer( 2948): Skipped 109 frames!  The application may be doing too much work on its main thread.
05-14 16:29:38.821 D/CarrierConfigLoader( 3445): CarrierConfigLoader has started
05-14 16:29:38.841 W/WindowManager( 2948): Window freeze timeout expired.
05-14 16:29:38.841 W/WindowManager( 2948): Force clearing orientation change: Window{23623d2 u0 KeyguardScrim}
05-14 16:29:38.844 I/art     ( 2948): Background sticky concurrent mark sweep GC freed 19797(1494KB) AllocSpace objects, 10(1864KB) LOS objects, 28% free, 9MB/13MB, paused 42.273ms total 1.309s
05-14 16:29:38.844 E/BluetoothAdapter( 3445): Bluetooth binder is null
05-14 16:29:39.781 I/Telephony( 3445): TtyManager: updateUiTtyMode -1 -> 0
05-14 16:29:39.821 W/System  ( 3612): ClassLoader referenced unknown path: /system/priv-app/SystemUI/lib/x86_64
05-14 16:29:40.672 D/AlarmManagerService( 2948): Kernel timezone updated to 0 minutes west of GMT
05-14 16:29:40.827 V/SystemUIService( 3612): Starting SystemUI services for user 0.
05-14 16:29:41.535 V/MediaRouter( 3612): Adding route: RouteInfo{ name=Phone, description=null, status=null, category=RouteCategory{ name=null types=ROUTE_TYPE_LIVE_AUDIO ROUTE_TYPE_LIVE_VIDEO  groupable=false }, supportedTypes=ROUTE_TYPE_LIVE_AUDIO ROUTE_TYPE_LIVE_VIDEO , presentationDisplay=null }
05-14 16:29:41.637 V/MediaRouter( 3612): Updating audio routes: AudioRoutesInfo{ type=SPEAKER }
05-14 16:29:41.678 V/MediaRouter( 3612): Selecting route: RouteInfo{ name=Phone, description=null, status=null, category=RouteCategory{ name=null types=ROUTE_TYPE_LIVE_AUDIO ROUTE_TYPE_LIVE_VIDEO  groupable=false }, supportedTypes=ROUTE_TYPE_LIVE_AUDIO ROUTE_TYPE_LIVE_VIDEO , presentationDisplay=null }
05-14 16:29:42.697 E/WVMExtractor( 3612): Failed to open libwvm.so: dlopen failed: library "libwvm.so" not found
05-14 16:29:43.104 I/MediaPlayerService( 1333): MediaPlayerService::getOMX
05-14 16:29:43.118 I/OMXClient( 3612): MuxOMX ctor
05-14 16:29:43.234 I/OMXMaster( 1330): makeComponentInstance(OMX.google.vorbis.decoder) in mediacodec process
05-14 16:29:44.571 W/art     ( 2948): Long monitor contention with owner Binder:2948_2 (2983) at android.content.pm.UserInfo com.android.server.am.UserController.getCurrentUser()(UserController.java:1438) waiters=0 in java.lang.String com.android.server.am.ActivityManagerService.getTagForIntentSender(android.content.IIntentSender, java.lang.String) for 2.001s
05-14 16:29:45.102 W/libprocessgroup( 2948): failed to open /acct/uid_10021/pid_3247/cgroup.procs: No such file or directory
05-14 16:29:45.975 I/vol.Events( 3612): writeEvent collection_started
05-14 16:29:46.104 I/MediaPlayerService( 1333): MediaPlayerService::getOMX
05-14 16:29:46.113 I/OMXClient( 3612): MuxOMX ctor
05-14 16:29:46.118 I/OMXMaster( 1330): makeComponentInstance(OMX.google.vorbis.decoder) in mediacodec process
05-14 16:29:46.444 I/vol.Events( 3612): writeEvent external_ringer_mode_changed normal
05-14 16:29:46.452 I/vol.Events( 3612): writeEvent internal_ringer_mode_changed normal
05-14 16:29:49.136 I/MediaPlayerService( 1333): MediaPlayerService::getOMX
05-14 16:29:49.152 I/OMXClient( 3612): MuxOMX ctor
05-14 16:29:49.209 I/OMXMaster( 1330): makeComponentInstance(OMX.google.vorbis.decoder) in mediacodec process
05-14 16:29:49.506 W/art     ( 2948): Long monitor contention with owner ConditionProviders.ECP (3211) at java.lang.String com.android.server.am.ActivityManagerService.getTagForIntentSender(android.content.IIntentSender, java.lang.String)(ActivityManagerService.java:7403) waiters=0 in void com.android.server.AlarmManagerService$DeliveryTracker.onSendFinished(android.app.PendingIntent, android.content.Intent, int, java.lang.String, android.os.Bundle) for 13.795s
05-14 16:29:49.571 W/art     ( 2948): Long monitor contention with owner ConditionProviders.ECP (3211) at java.lang.String com.android.server.am.ActivityManagerService.getTagForIntentSender(android.content.IIntentSender, java.lang.String)(ActivityManagerService.java:7403) waiters=1 in void com.android.server.AlarmManagerService$UidObserver.onUidIdle(int) for 10.404s
05-14 16:29:49.591 W/art     ( 2948): Long monitor contention with owner ConditionProviders.ECP (3211) at java.lang.String com.android.server.am.ActivityManagerService.getTagForIntentSender(android.content.IIntentSender, java.lang.String)(ActivityManagerService.java:7403) waiters=2 in boolean com.android.server.AlarmManagerService$2.setTime(long) for 8.831s
05-14 16:29:49.591 D/AlarmManagerService( 2948): Setting time of day to sec=1621009781
05-14 16:29:41.439 W/AlarmManagerService( 2948): Unable to set rtc to 1621009781: No such device
05-14 16:29:41.440 W/art     ( 2948): Long monitor contention with owner ConditionProviders.ECP (3211) at java.lang.String com.android.server.am.ActivityManagerService.getTagForIntentSender(android.content.IIntentSender, java.lang.String)(ActivityManagerService.java:7403) waiters=3 in void com.android.server.AlarmManagerService$AlarmThread.run() for 2.454s
05-14 16:29:41.572 W/WallpaperManagerService( 2948): Wallpaper service gone: ComponentInfo{com.android.systemui/com.android.systemui.ImageWallpaper}
05-14 16:29:41.585 I/Choreographer( 2948): Skipped 637 frames!  The application may be doing too much work on its main thread.
05-14 16:29:41.615 D/TrustManagerService( 2948): Removing dead TrustListener.
05-14 16:29:41.852 E/ActivityThread( 3445): Failed to find provider info for com.android.contacts
05-14 16:29:41.852 W/CallerInfoCache( 3445): cursor is null
05-14 16:29:42.290 D/ConditionProviders.SCP( 2948): onReceive android.intent.action.TIME_SET
05-14 16:29:42.292 D/ConditionProviders.SCP( 2948): notifyCondition condition://android/schedule?days=6.7&start=23.30&end=10.0&exitAtAlarm=false STATE_FALSE reason=!meetsSchedule
05-14 16:29:42.295 D/ConditionProviders.SCP( 2948): notifyCondition condition://android/schedule?days=1.2.3.4.5&start=22.0&end=7.0&exitAtAlarm=false STATE_FALSE reason=!meetsSchedule
05-14 16:29:42.522 D/ConditionProviders.SCP( 2948): Scheduling evaluate for Fri May 14 22:00:00 UTC 2021 (1621029600000), in +5h30m17s709ms, now=Fri May 14 16:29:42 UTC 2021 (1621009782291)
05-14 16:29:42.772 W/art     ( 2948): Long monitor contention with owner Binder:2948_1 (2982) at void com.android.server.power.PowerManagerService.acquireWakeLockInternal(android.os.IBinder, int, java.lang.String, java.lang.String, android.os.WorkSource, java.lang.String, int, int)(PowerManagerService.java:862) waiters=0 in void com.android.server.power.PowerManagerService.handleSandman() for 121ms
05-14 16:29:45.539 D/PhoneSwitcherNetworkRequstListener( 3445): got request NetworkRequest [ REQUEST id=1, [ Capabilities: INTERNET&NOT_RESTRICTED&TRUSTED&NOT_VPN] ] with score 0
05-14 16:29:45.583 D/TelephonyDebugService( 3445): TelephonyDebugService()
05-14 16:29:45.716 D/CarrierConfigLoader( 3445): mHandler: 12 phoneId: 0
05-14 16:29:46.582 W/WallpaperManagerService( 2948): Wallpaper reconnect timed out, reverting to built-in wallpaper!
05-14 16:29:47.555 W/System  ( 3586): ClassLoader referenced unknown path: /system/priv-app/CellBroadcastReceiver/lib/x86_64
05-14 16:29:47.891 I/vol.Events( 3612): writeEvent level_changed STREAM_ALARM 6
05-14 16:29:47.912 I/vol.Events( 3612): writeEvent level_changed STREAM_BLUETOOTH_SCO 7
05-14 16:29:47.945 I/vol.Events( 3612): writeEvent level_changed STREAM_MUSIC 11
05-14 16:29:48.131 I/vol.Events( 3612): writeEvent level_changed STREAM_RING 5
05-14 16:29:48.163 I/vol.Events( 3612): writeEvent level_changed STREAM_SYSTEM 5
05-14 16:29:48.315 I/vol.Events( 3612): writeEvent level_changed STREAM_VOICE_CALL 4
05-14 16:29:49.345 W/art     ( 2948): Long monitor contention with owner ConditionProviders.ECP (3211) at boolean android.os.MessageQueue.enqueueMessage(android.os.Message, long)(MessageQueue.java:541) waiters=0 in android.os.Message android.os.MessageQueue.next() for 4.196s
05-14 16:29:49.348 W/art     ( 2948): Long monitor contention with owner ConditionProviders.ECP (3211) at boolean android.os.MessageQueue.enqueueMessage(android.os.Message, long)(MessageQueue.java:541) waiters=1 in void android.os.MessageQueue.removeMessages(android.os.Handler, java.lang.Runnable, java.lang.Object) for 3.565s
05-14 16:29:49.436 D/StorageNotification( 3612): Notifying about private volume: VolumeInfo{private}:
05-14 16:29:49.436 D/StorageNotification( 3612):     type=PRIVATE diskId=null partGuid=null mountFlags=0 mountUserId=-1 
05-14 16:29:49.436 D/StorageNotification( 3612):     state=MOUNTED 
05-14 16:29:49.436 D/StorageNotification( 3612):     fsType=null fsUuid=null fsLabel=null 
05-14 16:29:49.436 D/StorageNotification( 3612):     path=/data internalPath=null 
05-14 16:29:49.441 D/StorageNotification( 3612): Notifying about public volume: VolumeInfo{public:253,48}:
05-14 16:29:49.441 D/StorageNotification( 3612):     type=PUBLIC diskId=disk:253,48 partGuid=null mountFlags=VISIBLE 
05-14 16:29:49.441 D/StorageNotification( 3612):     mountUserId=0 state=MOUNTED 
05-14 16:29:49.441 D/StorageNotification( 3612):     fsType=vfat fsUuid=1EFF-1C1B fsLabel=SDCARD 
05-14 16:29:49.441 D/StorageNotification( 3612):     path=/storage/1EFF-1C1B internalPath=/mnt/media_rw/1EFF-1C1B 
05-14 16:29:49.837 E/ActivityThread( 2948): Failed to find provider info for com.android.calendar
05-14 16:29:49.839 E/ActivityThread( 2948): Failed to find provider info for com.android.calendar
05-14 16:29:50.212 W/art     ( 2948): Long monitor contention with owner ConditionProviders.ECP (3211) at boolean android.os.MessageQueue.enqueueMessage(android.os.Message, long)(MessageQueue.java:541) waiters=0 in android.os.Message android.os.MessageQueue.next() for 347ms
05-14 16:29:50.349 V/KeyguardServiceDelegate( 2948): *** Keyguard connected (yay!)
05-14 16:29:51.117 D/LockSettings( 2948): Removing dead StrongAuthTracker.
05-14 16:29:51.542 I/Choreographer( 3612): Skipped 159 frames!  The application may be doing too much work on its main thread.
05-14 16:29:52.161 W/art     ( 2948): Long monitor contention with owner Binder:2948_4 (3268) at int com.android.server.wm.WindowManagerService.relayoutWindow(com.android.server.wm.Session, android.view.IWindow, int, android.view.WindowManager$LayoutParams, int, int, int, int, android.graphics.Rect, android.graphics.Rect, android.graphics.Rect, android.graphics.Rect, android.graphics.Rect, android.graphics.Rect, android.graphics.Rect, android.content.res.Configuration, android.view.Surface)(WindowManagerService.java:2857) waiters=0 in void com.android.server.wm.WindowManagerService$H.handleMessage(android.os.Message) for 261ms
05-14 16:29:52.880 I/StatusBarManagerService( 2948): registerStatusBar bar=com.android.internal.statusbar.IStatusBar$Stub$Proxy@e37804b
05-14 16:29:56.169 W/WindowManager( 2948): ***** BOOT TIMEOUT: forcing display enabled
05-14 16:29:56.173 I/SurfaceFlinger( 1319): Boot is finished (199402 ms)
05-14 16:29:56.231 I/SystemServiceManager( 2948): Starting phase 1000
05-14 16:29:56.940 W/ActivityManager( 2948): Slow operation: 672ms so far, now at startProcess: returned from zygote!
05-14 16:29:56.940 W/ActivityManager( 2948): Slow operation: 673ms so far, now at startProcess: done updating battery stats
05-14 16:29:56.941 W/ActivityManager( 2948): Slow operation: 674ms so far, now at startProcess: building log message
05-14 16:29:56.941 I/ActivityManager( 2948): Start proc 3690:com.android.deskclock/u0a31 for broadcast com.android.deskclock/.AlarmInitReceiver
05-14 16:29:56.941 W/ActivityManager( 2948): Slow operation: 674ms so far, now at startProcess: starting to update pids map
05-14 16:29:56.941 W/ActivityManager( 2948): Slow operation: 674ms so far, now at startProcess: done updating pids map
05-14 16:29:56.941 W/ActivityManager( 2948): Slow operation: 696ms so far, now at startProcess: done starting proc!
05-14 16:29:56.942 W/art     ( 2948): Long monitor contention with owner Binder:2948_7 (3491) at void com.android.server.am.BroadcastQueue.processNextBroadcast(boolean)(BroadcastQueue.java:760) waiters=0 in void com.android.server.am.ActivityManagerService.dispatchUidsChanged() for 675ms
05-14 16:29:56.945 W/art     ( 2948): Long monitor contention with owner Binder:2948_7 (3491) at void com.android.server.am.BroadcastQueue.processNextBroadcast(boolean)(BroadcastQueue.java:760) waiters=2 in android.content.pm.UserInfo com.android.server.am.UserController.getCurrentUser() for 282ms
05-14 16:29:56.955 W/art     ( 2948): Long monitor contention with owner Binder:2948_7 (3491) at void com.android.server.am.BroadcastQueue.processNextBroadcast(boolean)(BroadcastQueue.java:760) waiters=1 in void com.android.server.am.ActivityManagerService.finishBooting() for 679ms
05-14 16:29:57.186 W/ActivityManager( 2948): Slow operation: 230ms so far, now at startProcess: returned from zygote!
05-14 16:29:57.187 W/ActivityManager( 2948): Slow operation: 231ms so far, now at startProcess: done updating battery stats
05-14 16:29:57.187 W/ActivityManager( 2948): Slow operation: 231ms so far, now at startProcess: building log message
05-14 16:29:57.187 I/ActivityManager( 2948): Start proc 3695:android.ext.services/u0a12 for on-hold
05-14 16:29:57.187 W/ActivityManager( 2948): Slow operation: 231ms so far, now at startProcess: starting to update pids map
05-14 16:29:57.187 W/ActivityManager( 2948): Slow operation: 231ms so far, now at startProcess: done updating pids map
05-14 16:29:57.196 D/ActivityManager( 2948): Finishing user boot 0
05-14 16:29:57.228 W/art     ( 3690): Unexpected CPU variant for X86 using defaults: x86_64
05-14 16:29:57.230 D/CryptdConnector( 2948): SND -> {3 cryptfs prepare_user_storage ! 0 0 2}
05-14 16:29:57.237 D/vold    ( 1275): e4crypt_prepare_user_storage for volume null, user 0, serial 0, flags 2
05-14 16:29:57.238 D/vold    ( 1275): Preparing: /data/system_ce/0
05-14 16:29:57.258 W/art     ( 3695): Unexpected CPU variant for X86 using defaults: x86_64
05-14 16:29:57.270 D/vold    ( 1275): Preparing: /data/misc_ce/0
05-14 16:29:57.270 D/vold    ( 1275): Preparing: /data/media/0
05-14 16:29:57.270 D/vold    ( 1275): Preparing: /data/data
05-14 16:29:57.330 D/CryptdConnector( 2948): RCV <- {200 3 Command succeeded}
05-14 16:29:57.334 V/UserManagerService( 2948): Found /data/user/0 with serial number 0
05-14 16:29:57.334 V/UserManagerService( 2948): Found /data/system_ce/0 with serial number 0
05-14 16:29:57.336 V/PackageManager( 2948): reconcileAppsData for null u0 0x2
05-14 16:29:59.255 E/NetdConnector( 2948): NDC Command {18 firewall disable_chain standby} took too long (2975ms)
05-14 16:29:59.258 W/art     ( 2948): Long monitor contention with owner android.bg (2992) at void java.lang.Object.wait!(long, int)(Object.java:-2) waiters=0 in void com.android.server.net.NetworkPolicyManagerService$1.onUidStateChanged(int, int) for 2.313s
05-14 16:30:00.460 V/PackageManager( 2948): reconcileAppsData finished 82 packages
05-14 16:30:00.466 W/art     ( 2948): Long monitor contention with owner android.display (3008) at void com.android.server.am.ActivityManagerService.finishBooting()(ActivityManagerService.java:6823) waiters=0 in android.content.Intent com.android.server.am.ActivityManagerService.registerReceiver(android.app.IApplicationThread, java.lang.String, android.content.IIntentReceiver, android.content.IntentFilter, java.lang.String, int) for 3.403s
05-14 16:30:00.473 W/art     ( 2948): Long monitor contention with owner android.display (3008) at void com.android.server.am.ActivityManagerService.finishBooting()(ActivityManagerService.java:6823) waiters=1 in android.content.pm.UserInfo com.android.server.am.UserController.getCurrentUser() for 3.316s
05-14 16:30:00.491 W/art     ( 2948): Long monitor contention with owner android.display (3008) at void com.android.server.am.ActivityManagerService.finishBooting()(ActivityManagerService.java:6823) waiters=2 in void com.android.server.am.BroadcastQueue.processNextBroadcast(boolean) for 3.293s
05-14 16:30:00.500 W/art     ( 2948): Long monitor contention with owner android.display (3008) at void com.android.server.am.ActivityManagerService.finishBooting()(ActivityManagerService.java:6823) waiters=5 in void com.android.server.am.ActivityManagerService.dispatchUidsChanged() for 1.187s
05-14 16:30:00.501 D/MountService( 2948): onUnlockUser 0
05-14 16:30:00.501 D/VoldConnector( 2948): SND -> {7 volume user_started 0}
05-14 16:30:00.519 W/art     ( 2948): Long monitor contention with owner android.display (3008) at void com.android.server.am.ActivityManagerService.finishBooting()(ActivityManagerService.java:6823) waiters=3 in void com.android.server.am.ActivityManagerService.attachApplication(android.app.IApplicationThread) for 2.973s
05-14 16:30:00.520 W/art     ( 2948): Long monitor contention with owner android.display (3008) at void com.android.server.am.ActivityManagerService.finishBooting()(ActivityManagerService.java:6823) waiters=4 in void com.android.server.am.ActivityManagerService.attachApplication(android.app.IApplicationThread) for 2.850s
05-14 16:30:00.533 W/art     ( 2948): Long monitor contention with owner android.display (3008) at void com.android.server.am.ActivityManagerService.finishBooting()(ActivityManagerService.java:6823) waiters=6 in int com.android.server.am.PendingIntentRecord.sendInner(int, android.content.Intent, java.lang.String, android.content.IIntentReceiver, java.lang.String, android.os.IBinder, java.lang.String, int, int, int, android.os.Bundle, android.app.IActivityContainer) for 526ms
05-14 16:30:00.557 I/UsageStatsService( 2948): Time changed in UsageStats by -8 seconds
05-14 16:30:00.558 I/UsageStatsService( 2948): User[0] Flushing usage stats to disk
05-14 16:30:00.741 D/vold    ( 1275): Linking /storage/emulated/0 to /mnt/user/0/primary
05-14 16:30:00.742 D/VoldConnector( 2948): RCV <- {200 7 Command succeeded}
05-14 16:30:00.759 D/MountService( 2948): Volume public:253,48 broadcasting mounted to UserHandle{0}
05-14 16:30:01.102 W/art     ( 2948): Long monitor contention with owner android.display (3008) at void com.android.server.am.ActivityManagerService.updateConfiguration(android.content.res.Configuration)(ActivityManagerService.java:18937) waiters=0 in int com.android.server.am.ActivityManagerService.broadcastIntent(android.app.IApplicationThread, android.content.Intent, java.lang.String, android.content.IIntentReceiver, int, java.lang.String, android.os.Bundle, java.lang.String[], int, android.os.Bundle, boolean, boolean, int) for 325ms
05-14 16:30:01.238 W/art     ( 2948): Long monitor contention with owner android.display (3008) at void com.android.server.am.ActivityManagerService.updateConfiguration(android.content.res.Configuration)(ActivityManagerService.java:18937) waiters=1 in android.content.Intent com.android.server.am.ActivityManagerService.registerReceiver(android.app.IApplicationThread, java.lang.String, android.content.IIntentReceiver, android.content.IntentFilter, java.lang.String, int) for 478ms
05-14 16:30:01.250 W/art     ( 2948): Long monitor contention with owner android.display (3008) at void com.android.server.am.ActivityManagerService.updateConfiguration(android.content.res.Configuration)(ActivityManagerService.java:18937) waiters=2 in boolean com.android.server.am.ActivityManagerService.isUserRunning(int, int) for 486ms
05-14 16:30:01.290 D/MountService( 2948): Volume emulated broadcasting mounted to UserHandle{0}
05-14 16:30:01.361 W/System  ( 3695): ClassLoader referenced unknown path: /system/priv-app/ExtServices/lib/x86_64
05-14 16:30:01.523 I/Choreographer( 2948): Skipped 53 frames!  The application may be doing too much work on its main thread.
05-14 16:30:02.357 V/BackupManagerService( 2948): No ancestral data
05-14 16:30:02.713 V/BackupManagerService( 2948): Starting with transport android/com.android.internal.backup.LocalTransport
05-14 16:30:02.714 V/BackupManagerService( 2948): Found transports: 1
05-14 16:30:02.715 W/BackupManagerService( 2948): Proposed transport ComponentInfo{android/com.android.internal.backup.LocalTransportService} not whitelisted; ignoring
05-14 16:30:02.729 I/BackupManagerService( 2948): Backup enabled => false
05-14 16:30:03.035 W/art     ( 2948): Long monitor contention with owner backup (3728) at boolean java.io.UnixFileSystem.checkAccess0(java.io.File, int)(UnixFileSystem.java:-2) waiters=0 in void com.android.server.backup.BackupManagerService.setBackupEnabled(boolean) for 277ms
05-14 16:30:03.712 W/VoiceInteractionManagerService( 2948): no available voice interaction services found for user 0
05-14 16:30:03.713 W/VoiceInteractionManagerService( 2948): no available voice recognition services found for user 0
05-14 16:30:03.717 I/ActivityManager( 2948): Loading recents for user 0 into memory.
05-14 16:30:03.768 D/ActivityManager( 2948): Sending BOOT_COMPLETE user #0
05-14 16:30:04.162 W/System  ( 3690): ClassLoader referenced unknown path: /system/app/DeskClock/lib/x86_64
05-14 16:30:04.761 W/art     ( 3612): Suspending all threads took: 64.277ms
05-14 16:30:04.850 I/art     ( 3612): Background sticky concurrent mark sweep GC freed 16843(2MB) AllocSpace objects, 2(40KB) LOS objects, 28% free, 7MB/10MB, paused 73.021ms total 438.225ms
05-14 16:30:05.061 W/ifconfig( 3741): type=1400 audit(0.0:10): avc: denied { ioctl } for path="socket:[14995]" dev="sockfs" ino=14995 ioctlcmd=8927 scontext=u:r:shell:s0 tcontext=u:r:shell:s0 tclass=udp_socket permissive=0
05-14 16:30:05.081 W/ifconfig( 3741): type=1400 audit(0.0:11): avc: denied { ioctl } for path="socket:[14995]" dev="sockfs" ino=14995 ioctlcmd=891d scontext=u:r:shell:s0 tcontext=u:r:shell:s0 tclass=udp_socket permissive=0
05-14 16:30:05.111 W/ifconfig( 3741): type=1400 audit(0.0:12): avc: denied { ioctl } for path="socket:[14995]" dev="sockfs" ino=14995 ioctlcmd=8970 scontext=u:r:shell:s0 tcontext=u:r:shell:s0 tclass=udp_socket permissive=0
05-14 16:30:05.198 D/FallbackHome( 3461): User unlocked and real home found; let's go!
05-14 16:30:05.356 W/art     ( 2948): Long monitor contention with owner Binder:2948_5 (3474) at android.content.Intent com.android.server.am.ActivityManagerService.registerReceiver(android.app.IApplicationThread, java.lang.String, android.content.IIntentReceiver, android.content.IntentFilter, java.lang.String, int)(ActivityManagerService.java:17625) waiters=0 in int com.android.server.am.ActivityManagerService.broadcastIntent(android.app.IApplicationThread, android.content.Intent, java.lang.String, android.content.IIntentReceiver, int, java.lang.String, android.os.Bundle, java.lang.String[], int, android.os.Bundle, boolean, boolean, int) for 463ms
05-14 16:30:05.380 D/CarrierSvcBindHelper( 3445): Received android.intent.action.USER_UNLOCKED
05-14 16:30:05.381 W/art     ( 2948): Long monitor contention with owner Binder:2948_5 (3474) at android.content.Intent com.android.server.am.ActivityManagerService.registerReceiver(android.app.IApplicationThread, java.lang.String, android.content.IIntentReceiver, android.content.IntentFilter, java.lang.String, int)(ActivityManagerService.java:17625) waiters=2 in java.lang.String com.android.server.am.ActivityManagerService.checkContentProviderAccess(java.lang.String, int) for 405ms
05-14 16:30:05.400 E/PhoneInterfaceManager( 3445): [PhoneIntfMgr] getCarrierPackageNamesForIntent: No UICC
05-14 16:30:05.400 D/CarrierSvcBindHelper( 3445): No carrier app for: 0
05-14 16:30:05.502 W/art     ( 2948): Long monitor contention with owner Binder:2948_8 (3616) at int com.android.server.am.ActivityManagerService.broadcastIntent(android.app.IApplicationThread, android.content.Intent, java.lang.String, android.content.IIntentReceiver, int, java.lang.String, android.os.Bundle, java.lang.String[], int, android.os.Bundle, boolean, boolean, int)(ActivityManagerService.java:18551) waiters=3 in void com.android.server.am.BroadcastQueue.processNextBroadcast(boolean) for 143ms
05-14 16:30:05.504 V/KeyValueBackupJob( 2948): Scheduling k/v pass in 240 minutes
05-14 16:30:05.509 W/art     ( 2948): Long monitor contention with owner Binder:2948_5 (3474) at android.content.Intent com.android.server.am.ActivityManagerService.registerReceiver(android.app.IApplicationThread, java.lang.String, android.content.IIntentReceiver, android.content.IntentFilter, java.lang.String, int)(ActivityManagerService.java:17625) waiters=3 in boolean com.android.server.am.ActivityManagerService.finishActivity(android.os.IBinder, int, android.content.Intent, int) for 292ms
05-14 16:30:05.695 I/Choreographer( 3461): Skipped 96 frames!  The application may be doing too much work on its main thread.
05-14 16:30:06.061 W/art     ( 2948): Long monitor contention with owner Thread-6 (3729) at android.content.pm.ParceledListSlice com.android.server.pm.PackageManagerService.getInstalledPackages(int, int)(PackageManagerService.java:6173) waiters=0 in java.util.List com.android.server.pm.PackageManagerService.queryIntentServicesInternal(android.content.Intent, java.lang.String, int, int) for 386ms
05-14 16:30:06.186 I/ActivityManager( 2948): START u0 {act=android.intent.action.MAIN cat=[android.intent.category.HOME] flg=0x10000100 cmp=com.android.launcher3/.Launcher} from uid 0 on display 0
05-14 16:30:06.510 I/AccountManagerService( 2948): User 0 is unlocked - opening CE database
05-14 16:30:06.588 I/ActivityManager( 2948): Start proc 3757:com.android.launcher3/u0a42 for activity com.android.launcher3/.Launcher
05-14 16:30:06.591 W/art     ( 2948): Long monitor contention with owner Binder:2948_1 (2982) at void com.android.server.am.ActivityManagerService.activityPaused(android.os.IBinder)(ActivityManagerService.java:6916) waiters=0 in int com.android.server.am.PendingIntentRecord.sendInner(int, android.content.Intent, java.lang.String, android.content.IIntentReceiver, java.lang.String, android.os.IBinder, java.lang.String, int, int, int, android.os.Bundle, android.app.IActivityContainer) for 698ms
05-14 16:30:06.592 I/Choreographer( 3461): Skipped 52 frames!  The application may be doing too much work on its main thread.
05-14 16:30:06.692 W/art     ( 2948): Long monitor contention with owner Binder:2948_1 (2982) at void com.android.server.am.ActivityManagerService.activityPaused(android.os.IBinder)(ActivityManagerService.java:6916) waiters=1 in void com.android.server.am.ActivityManagerService$LocalService.notifyDockedStackMinimizedChanged(boolean) for 670ms
05-14 16:30:06.709 W/art     ( 2948): Long monitor contention with owner Binder:2948_1 (2982) at void com.android.server.am.ActivityManagerService.activityPaused(android.os.IBinder)(ActivityManagerService.java:6916) waiters=2 in void com.android.server.am.ActivityManagerService.publishContentProviders(android.app.IApplicationThread, java.util.List) for 516ms
05-14 16:30:06.710 W/art     ( 2948): Long monitor contention with owner Binder:2948_1 (2982) at void com.android.server.am.ActivityManagerService.activityPaused(android.os.IBinder)(ActivityManagerService.java:6916) waiters=3 in android.content.pm.UserInfo com.android.server.am.UserController.getCurrentUser() for 515ms
05-14 16:30:06.713 W/art     ( 2948): Long monitor contention with owner Binder:2948_1 (2982) at void com.android.server.am.ActivityManagerService.activityPaused(android.os.IBinder)(ActivityManagerService.java:6916) waiters=4 in android.content.Intent com.android.server.am.ActivityManagerService.registerReceiver(android.app.IApplicationThread, java.lang.String, android.content.IIntentReceiver, android.content.IntentFilter, java.lang.String, int) for 495ms
05-14 16:30:06.715 W/art     ( 2948): Long monitor contention with owner Binder:2948_1 (2982) at void com.android.server.am.ActivityManagerService.activityPaused(android.os.IBinder)(ActivityManagerService.java:6916) waiters=5 in void com.android.server.am.ActivityManagerService$MainHandler.handleMessage(android.os.Message) for 466ms
05-14 16:30:07.101 W/art     ( 3757): Unexpected CPU variant for X86 using defaults: x86_64
05-14 16:30:07.384 W/RichInputConnection( 3234): Slow InputConnection: GET_TEXT_BEFORE_CURSOR took 2225 ms.
05-14 16:30:07.599 W/art     ( 2948): Suspending all threads took: 211.730ms
05-14 16:30:07.678 W/art     ( 2948): Long monitor contention with owner main (2948) at void com.android.server.pm.UserManagerService$MainHandler.handleMessage(android.os.Message)(UserManagerService.java:3290) waiters=0 in android.content.pm.ParceledListSlice com.android.server.pm.PackageManagerService.queryContentProviders(java.lang.String, int, int) for 320ms
05-14 16:30:07.711 W/art     ( 2948): Long monitor contention with owner main (2948) at void com.android.server.pm.UserManagerService$MainHandler.handleMessage(android.os.Message)(UserManagerService.java:3290) waiters=1 in int com.android.server.pm.PackageManagerService.performDexOptInternal(java.lang.String, boolean, java.lang.String, boolean) for 352ms
05-14 16:30:07.714 W/art     ( 2948): Long monitor contention with owner main (2948) at void com.android.server.pm.UserManagerService$MainHandler.handleMessage(android.os.Message)(UserManagerService.java:3290) waiters=2 in android.content.pm.ApplicationInfo com.android.server.pm.PackageManagerService.getApplicationInfo(java.lang.String, int, int) for 330ms
05-14 16:30:07.719 W/System  ( 3612): ClassLoader referenced unknown path: 
05-14 16:30:07.720 W/System  ( 3612): ClassLoader referenced unknown path: /system/priv-app/Dialer/lib/x86_64
05-14 16:30:07.759 I/art     ( 2948): Background partial concurrent mark sweep GC freed 54453(3MB) AllocSpace objects, 14(372KB) LOS objects, 28% free, 9MB/13MB, paused 214.618ms total 1.476s
05-14 16:30:07.760 D/ApplicationLoaders( 3612): ignored Vulkan layer search path /system/priv-app/Dialer/lib/x86_64:/system/lib64:/vendor/lib64 for namespace 0x7c8cc06aa0f0
05-14 16:30:07.811 W/art     ( 2948): Long monitor contention with owner Binder:2948_1 (2982) at void com.android.server.am.ActivityManagerService.activityPaused(android.os.IBinder)(ActivityManagerService.java:6916) waiters=6 in int com.android.server.am.ActivityManagerService.bindService(android.app.IApplicationThread, android.os.IBinder, android.content.Intent, java.lang.String, android.app.IServiceConnection, int, java.lang.String, int) for 1.551s
05-14 16:30:07.949 W/art     ( 2948): Long monitor contention with owner android.display (3008) at void com.android.server.wm.WindowAnimator$1.doFrame(long)(WindowAnimator.java:144) waiters=0 in void com.android.server.wm.WindowManagerService.startAppFreezingScreen(android.os.IBinder, int) for 209ms
05-14 16:30:07.963 I/InputAttributes( 3234): InputType.TYPE_NULL is specified
05-14 16:30:08.420 W/art     ( 2948): Long monitor contention with owner AlarmManager (3173) at void com.android.server.AlarmManagerService$AlarmThread.run()(AlarmManagerService.java:2498) waiters=0 in void com.android.server.AlarmManagerService.setImpl(int, long, long, long, android.app.PendingIntent, android.app.IAlarmListener, java.lang.String, int, android.os.WorkSource, android.app.AlarmManager$AlarmClockInfo, int, java.lang.String) for 1.928s
05-14 16:30:08.604 I/UsageStatsDatabase( 2948): Time changed by -8s161ms. files deleted: 0 files moved: 6
05-14 16:30:08.674 I/UsageStatsService( 2948): User[0] Rollover scheduled @ 2021-05-15 16:28:32(1621096112879)
05-14 16:30:08.751 W/art     ( 2948): Long monitor contention with owner android.display (3008) at void com.android.server.wm.WindowAnimator$1.doFrame(long)(WindowAnimator.java:144) waiters=0 in void com.android.server.wm.WindowManagerService.startAppFreezingScreen(android.os.IBinder, int) for 257ms
05-14 16:30:08.982 W/art     ( 2948): Long monitor contention with owner android.display (3008) at void com.android.server.wm.WindowAnimator$1.doFrame(long)(WindowAnimator.java:144) waiters=0 in void com.android.server.wm.WindowManagerService.startAppFreezingScreen(android.os.IBinder, int) for 230ms
05-14 16:30:09.224 W/art     ( 2948): Long monitor contention with owner android.display (3008) at void com.android.server.wm.WindowAnimator$1.doFrame(long)(WindowAnimator.java:144) waiters=0 in void com.android.server.wm.WindowManagerService.startAppFreezingScreen(android.os.IBinder, int) for 219ms
05-14 16:30:09.471 W/art     ( 2948): Long monitor contention with owner android.display (3008) at void com.android.server.wm.WindowAnimator$1.doFrame(long)(WindowAnimator.java:144) waiters=0 in void com.android.server.wm.WindowManagerService.startAppFreezingScreen(android.os.IBinder, int) for 247ms
05-14 16:30:09.712 W/art     ( 2948): Long monitor contention with owner android.display (3008) at void com.android.server.wm.WindowAnimator$1.doFrame(long)(WindowAnimator.java:144) waiters=0 in void com.android.server.wm.WindowManagerService.startAppFreezingScreen(android.os.IBinder, int) for 241ms
05-14 16:30:09.971 W/art     ( 2948): Long monitor contention with owner android.display (3008) at void com.android.server.wm.WindowAnimator$1.doFrame(long)(WindowAnimator.java:144) waiters=0 in void com.android.server.wm.WindowManagerService.startAppFreezingScreen(android.os.IBinder, int) for 258ms
05-14 16:30:10.019 I/LatinIME( 3234): Timeout waiting for dictionary load
05-14 16:30:10.426 W/art     ( 2948): Long monitor contention with owner android.display (3008) at void com.android.server.wm.WindowAnimator$1.doFrame(long)(WindowAnimator.java:144) waiters=0 in void com.android.server.wm.WindowManagerService.startAppFreezingScreen(android.os.IBinder, int) for 234ms
05-14 16:30:10.664 W/art     ( 2948): Long monitor contention with owner android.display (3008) at void com.android.server.wm.WindowAnimator$1.doFrame(long)(WindowAnimator.java:144) waiters=0 in void com.android.server.wm.WindowManagerService.startAppFreezingScreen(android.os.IBinder, int) for 236ms
05-14 16:30:11.481 W/ifconfig( 3809): type=1400 audit(0.0:13): avc: denied { ioctl } for path="socket:[15517]" dev="sockfs" ino=15517 ioctlcmd=8927 scontext=u:r:shell:s0 tcontext=u:r:shell:s0 tclass=udp_socket permissive=0
05-14 16:30:11.521 W/ifconfig( 3809): type=1400 audit(0.0:14): avc: denied { ioctl } for path="socket:[15517]" dev="sockfs" ino=15517 ioctlcmd=891d scontext=u:r:shell:s0 tcontext=u:r:shell:s0 tclass=udp_socket permissive=0
05-14 16:30:11.521 W/ifconfig( 3809): type=1400 audit(0.0:15): avc: denied { ioctl } for path="socket:[15517]" dev="sockfs" ino=15517 ioctlcmd=8970 scontext=u:r:shell:s0 tcontext=u:r:shell:s0 tclass=udp_socket permissive=0
05-14 16:30:11.656 W/art     ( 2948): Long monitor contention with owner Binder:2948_1 (2982) at void com.android.server.am.ActivityManagerService.attachApplication(android.app.IApplicationThread)(ActivityManagerService.java:6669) waiters=1 in android.content.Intent com.android.server.am.ActivityManagerService.registerReceiver(android.app.IApplicationThread, java.lang.String, android.content.IIntentReceiver, android.content.IntentFilter, java.lang.String, int) for 3.834s
05-14 16:30:11.658 W/art     ( 2948): Long monitor contention with owner Binder:2948_1 (2982) at void com.android.server.am.ActivityManagerService.attachApplication(android.app.IApplicationThread)(ActivityManagerService.java:6669) waiters=2 in android.content.Intent com.android.server.am.ActivityManagerService.registerReceiver(android.app.IApplicationThread, java.lang.String, android.content.IIntentReceiver, android.content.IntentFilter, java.lang.String, int) for 3.712s
05-14 16:30:11.670 W/art     ( 2948): Long monitor contention with owner Binder:2948_1 (2982) at void com.android.server.am.ActivityManagerService.attachApplication(android.app.IApplicationThread)(ActivityManagerService.java:6669) waiters=3 in android.content.Intent com.android.server.am.ActivityManagerService.registerReceiver(android.app.IApplicationThread, java.lang.String, android.content.IIntentReceiver, android.content.IntentFilter, java.lang.String, int) for 3.357s
05-14 16:30:11.722 W/art     ( 2948): Long monitor contention with owner Binder:2948_1 (2982) at void com.android.server.am.ActivityManagerService.attachApplication(android.app.IApplicationThread)(ActivityManagerService.java:6669) waiters=2 in int com.android.server.am.ActivityManagerService.bindService(android.app.IApplicationThread, android.os.IBinder, android.content.Intent, java.lang.String, android.app.IServiceConnection, int, java.lang.String, int) for 3.522s
05-14 16:30:11.849 W/art     ( 2948): Long monitor contention with owner Binder:2948_1 (2982) at void com.android.server.am.ActivityManagerService.attachApplication(android.app.IApplicationThread)(ActivityManagerService.java:6669) waiters=4 in int com.android.server.am.ActivityManagerService.getAppStartMode(int, java.lang.String) for 3.359s
05-14 16:30:11.855 W/ActivityManager( 2948): Slow operation: 90ms so far, now at startProcess: returned from zygote!
05-14 16:30:11.855 W/ActivityManager( 2948): Slow operation: 91ms so far, now at startProcess: done updating battery stats
05-14 16:30:11.855 W/ActivityManager( 2948): Slow operation: 91ms so far, now at startProcess: building log message
05-14 16:30:11.855 I/ActivityManager( 2948): Start proc 3813:com.android.keychain/1000 for service com.android.keychain/.KeyChainService
05-14 16:30:11.856 W/ActivityManager( 2948): Slow operation: 91ms so far, now at startProcess: starting to update pids map
05-14 16:30:11.856 W/ActivityManager( 2948): Slow operation: 92ms so far, now at startProcess: done updating pids map
05-14 16:30:11.856 W/ActivityManager( 2948): Slow operation: 92ms so far, now at startProcess: done starting proc!
05-14 16:30:11.857 W/art     ( 2948): Long monitor contention with owner Binder:2948_1 (2982) at void com.android.server.am.ActivityManagerService.attachApplication(android.app.IApplicationThread)(ActivityManagerService.java:6669) waiters=6 in void com.android.server.am.ActivityManagerService$MainHandler.handleMessage(android.os.Message) for 2.287s
05-14 16:30:11.935 W/art     ( 3813): Unexpected CPU variant for X86 using defaults: x86_64
05-14 16:30:11.984 W/System  ( 3757): ClassLoader referenced unknown path: /system/app/Launcher3/lib/x86_64
05-14 16:30:12.055 W/art     ( 2948): Long monitor contention with owner Binder:2948_1 (2982) at void com.android.server.am.ActivityManagerService.attachApplication(android.app.IApplicationThread)(ActivityManagerService.java:6669) waiters=5 in void com.android.server.am.ActivityManagerService$3.handleMessage(android.os.Message) for 3.253s
05-14 16:30:12.579 D/LauncherProvider( 3757): Launcher process started
05-14 16:30:12.584 W/System  ( 3813): ClassLoader referenced unknown path: /system/app/KeyChain/lib/x86_64
05-14 16:30:12.711 E/BluetoothAdapter( 3612): Bluetooth binder is null
05-14 16:30:12.801 I/Choreographer( 2948): Skipped 48 frames!  The application may be doing too much work on its main thread.
05-14 16:30:12.817 W/art     ( 2948): Long monitor contention with owner android.display (3008) at void com.android.server.wm.WindowManagerService$H.handleMessage(android.os.Message)(WindowManagerService.java:8549) waiters=0 in int com.android.server.wm.WindowManagerService.relayoutWindow(com.android.server.wm.Session, android.view.IWindow, int, android.view.WindowManager$LayoutParams, int, int, int, int, android.graphics.Rect, android.graphics.Rect, android.graphics.Rect, android.graphics.Rect, android.graphics.Rect, android.graphics.Rect, android.graphics.Rect, android.content.res.Configuration, android.view.Surface) for 235ms
05-14 16:30:13.025 W/art     ( 2948): Long monitor contention with owner Binder:2948_7 (3491) at com.android.server.am.ProcessRecord com.android.server.am.ActivityManagerService.findAppProcess(android.os.IBinder, java.lang.String)(ActivityManagerService.java:13717) waiters=3 in android.content.pm.UserInfo com.android.server.am.UserController.getCurrentUser() for 183ms
05-14 16:30:13.161 I/CameraManagerGlobal( 3612): Connecting to camera service
05-14 16:30:13.464 W/art     ( 2948): Long monitor contention with owner android.display (3008) at void com.android.server.wm.WindowAnimator$1.doFrame(long)(WindowAnimator.java:144) waiters=0 in int com.android.server.wm.WindowManagerService.relayoutWindow(com.android.server.wm.Session, android.view.IWindow, int, android.view.WindowManager$LayoutParams, int, int, int, int, android.graphics.Rect, android.graphics.Rect, android.graphics.Rect, android.graphics.Rect, android.graphics.Rect, android.graphics.Rect, android.graphics.Rect, android.content.res.Configuration, android.view.Surface) for 641ms
05-14 16:30:13.542 V/EmulatedCamera_Camera( 1325): getCameraInfo
05-14 16:30:13.544 V/EmulatedCamera_BaseCamera( 1325): getCameraInfo
05-14 16:30:13.544 I/CameraService( 1325): getCameraCharacteristics: Switching to HAL1 shim implementation...
05-14 16:30:13.544 V/EmulatedCamera_Camera( 1325): getCameraInfo
05-14 16:30:13.544 V/EmulatedCamera_BaseCamera( 1325): getCameraInfo
05-14 16:30:13.546 I/CameraService( 1325): CameraService::connect call (PID -1 "cameraserver", camera ID 0) for HAL version default and Camera API version 1
05-14 16:30:13.562 W/art     ( 2948): Long monitor contention with owner android.display (3008) at void com.android.server.wm.WindowAnimator$1.doFrame(long)(WindowAnimator.java:144) waiters=1 in float com.android.server.wm.WindowManagerService.getCurrentAnimatorScale() for 538ms
05-14 16:30:13.614 E/CameraService( 1325): getCameraPriorityFromProcState: Received invalid process state -1 from ActivityManagerService!
05-14 16:30:13.615 V/EmulatedCamera_Camera( 1325): getCameraInfo
05-14 16:30:13.615 V/EmulatedCamera_BaseCamera( 1325): getCameraInfo
05-14 16:30:13.756 W/art     ( 2948): Long monitor contention with owner AsyncTask #3 (3740) at int com.android.server.am.ActivityManagerService.bindService(android.app.IApplicationThread, android.os.IBinder, android.content.Intent, java.lang.String, android.app.IServiceConnection, int, java.lang.String, int)(ActivityManagerService.java:17301) waiters=3 in int com.android.server.am.ActivityManagerService.getAppStartMode(int, java.lang.String) for 1.905s
