05-14 16:27:52.468 E/Hyphenator( 1323): error loading hyphenation /system/usr/hyphen-data/hyph-hr.hyb
05-14 16:27:52.468 E/Hyphenator( 1323): java.io.FileNotFoundException: /system/usr/hyphen-data/hyph-hr.hyb: open failed: ENOENT (No such file or directory)
05-14 16:27:52.468 E/Hyphenator( 1323): 	at libcore.io.IoBridge.open(IoBridge.java:455)
05-14 16:27:52.468 E/Hyphenator( 1323): 	at java.io.RandomAccessFile.<init>(RandomAccessFile.java:247)
05-14 16:27:52.468 E/Hyphenator( 1323): 	at android.text.Hyphenator.loadHyphenator(Hyphenator.java:118)
05-14 16:27:52.468 E/Hyphenator( 1323): 	at android.text.Hyphenator.init(Hyphenator.java:224)
05-14 16:27:52.468 E/Hyphenator( 1323): 	at com.android.internal.os.ZygoteInit.preloadTextResources(ZygoteInit.java:252)
05-14 16:27:52.468 E/Hyphenator( 1323): 	at com.android.internal.os.ZygoteInit.preload(ZygoteInit.java:206)
05-14 16:27:52.468 E/Hyphenator( 1323): 	at com.android.internal.os.ZygoteInit.main(ZygoteInit.java:743)
05-14 16:27:52.468 E/Hyphenator( 1323): Caused by: android.system.ErrnoException: open failed: ENOENT (No such file or directory)
05-14 16:27:52.468 E/Hyphenator( 1323): 	at libcore.io.Posix.open(Native Method)
05-14 16:27:52.468 E/Hyphenator( 1323): 	at libcore.io.BlockGuardOs.open(BlockGuardOs.java:187)
05-14 16:27:52.468 E/Hyphenator( 1323): 	at libcore.io.IoBridge.open(IoBridge.java:441)
05-14 16:27:52.468 E/Hyphenator( 1323): 	... 6 more
05-14 16:27:52.469 E/Hyphenator( 1323): error loading hyphenation /system/usr/hyphen-data/hyph-hu.hyb
05-14 16:27:52.469 E/Hyphenator( 1323): java.io.FileNotFoundException: /system/usr/hyphen-data/hyph-hu.hyb: open failed: ENOENT (No such file or directory)
05-14 16:27:52.469 E/Hyphenator( 1323): 	at libcore.io.IoBridge.open(IoBridge.java:455)
05-14 16:27:52.469 E/Hyphenator( 1323): 	at java.io.RandomAccessFile.<init>(RandomAccessFile.java:247)
05-14 16:27:52.469 E/Hyphenator( 1323): 	at android.text.Hyphenator.loadHyphenator(Hyphenator.java:118)
05-14 16:27:52.469 E/Hyphenator( 1323): 	at android.text.Hyphenator.init(Hyphenator.java:224)
05-14 16:27:52.469 E/Hyphenator( 1323): 	at com.android.internal.os.ZygoteInit.preloadTextResources(ZygoteInit.java:252)
05-14 16:27:52.469 E/Hyphenator( 1323): 	at com.android.internal.os.ZygoteInit.preload(ZygoteInit.java:206)
05-14 16:27:52.469 E/Hyphenator( 1323): 	at com.android.internal.os.ZygoteInit.main(ZygoteInit.java:743)
05-14 16:27:52.469 E/Hyphenator( 1323): Caused by: android.system.ErrnoException: open failed: ENOENT (No such file or directory)
05-14 16:27:52.469 E/Hyphenator( 1323): 	at libcore.io.Posix.open(Native Method)
05-14 16:27:52.469 E/Hyphenator( 1323): 	at libcore.io.BlockGuardOs.open(BlockGuardOs.java:187)
05-14 16:27:52.469 E/Hyphenator( 1323): 	at libcore.io.IoBridge.open(IoBridge.java:441)
05-14 16:27:52.469 E/Hyphenator( 1323): 	... 6 more
05-14 16:27:52.494 E/Hyphenator( 1323): error loading hyphenation /system/usr/hyphen-data/hyph-hy.hyb
05-14 16:27:52.494 E/Hyphenator( 1323): java.io.FileNotFoundException: /system/usr/hyphen-data/hyph-hy.hyb: open failed: ENOENT (No such file or directory)
05-14 16:27:52.494 E/Hyphenator( 1323): 	at libcore.io.IoBridge.open(IoBridge.java:455)
05-14 16:27:52.494 E/Hyphenator( 1323): 	at java.io.RandomAccessFile.<init>(RandomAccessFile.java:247)
05-14 16:27:52.494 E/Hyphenator( 1323): 	at android.text.Hyphenator.loadHyphenator(Hyphenator.java:118)
05-14 16:27:52.494 E/Hyphenator( 1323): 	at android.text.Hyphenator.init(Hyphenator.java:224)
05-14 16:27:52.494 E/Hyphenator( 1323): 	at com.android.internal.os.ZygoteInit.preloadTextResources(ZygoteInit.java:252)
05-14 16:27:52.494 E/Hyphenator( 1323): 	at com.android.internal.os.ZygoteInit.preload(ZygoteInit.java:206)
05-14 16:27:52.494 E/Hyphenator( 1323): 	at com.android.internal.os.ZygoteInit.main(ZygoteInit.java:743)
05-14 16:27:52.494 E/Hyphenator( 1323): Caused by: android.system.ErrnoException: open failed: ENOENT (No such file or directory)
05-14 16:27:52.494 E/Hyphenator( 1323): 	at libcore.io.Posix.open(Native Method)
05-14 16:27:52.494 E/Hyphenator( 1323): 	at libcore.io.BlockGuardOs.open(BlockGuardOs.java:187)
05-14 16:27:52.494 E/Hyphenator( 1323): 	at libcore.io.IoBridge.open(IoBridge.java:441)
05-14 16:27:52.494 E/Hyphenator( 1323): 	... 6 more
05-14 16:27:52.495 E/Hyphenator( 1323): error loading hyphenation /system/usr/hyphen-data/hyph-kn.hyb
05-14 16:27:52.495 E/Hyphenator( 1323): java.io.FileNotFoundException: /system/usr/hyphen-data/hyph-kn.hyb: open failed: ENOENT (No such file or directory)
05-14 16:27:52.495 E/Hyphenator( 1323): 	at libcore.io.IoBridge.open(IoBridge.java:455)
05-14 16:27:52.495 E/Hyphenator( 1323): 	at java.io.RandomAccessFile.<init>(RandomAccessFile.java:247)
05-14 16:27:52.495 E/Hyphenator( 1323): 	at android.text.Hyphenator.loadHyphenator(Hyphenator.java:118)
05-14 16:27:52.495 E/Hyphenator( 1323): 	at android.text.Hyphenator.init(Hyphenator.java:224)
05-14 16:27:52.495 E/Hyphenator( 1323): 	at com.android.internal.os.ZygoteInit.preloadTextResources(ZygoteInit.java:252)
05-14 16:27:52.495 E/Hyphenator( 1323): 	at com.android.internal.os.ZygoteInit.preload(ZygoteInit.java:206)
05-14 16:27:52.495 E/Hyphenator( 1323): 	at com.android.internal.os.ZygoteInit.main(ZygoteInit.java:743)
05-14 16:27:52.495 E/Hyphenator( 1323): Caused by: android.system.ErrnoException: open failed: ENOENT (No such file or directory)
05-14 16:27:52.495 E/Hyphenator( 1323): 	at libcore.io.Posix.open(Native Method)
05-14 16:27:52.495 E/Hyphenator( 1323): 	at libcore.io.BlockGuardOs.open(BlockGuardOs.java:187)
05-14 16:27:52.495 E/Hyphenator( 1323): 	at libcore.io.IoBridge.open(IoBridge.java:441)
05-14 16:27:52.495 E/Hyphenator( 1323): 	... 6 more
05-14 16:27:52.497 E/Hyphenator( 1323): error loading hyphenation /system/usr/hyphen-data/hyph-ml.hyb
05-14 16:27:52.497 E/Hyphenator( 1323): java.io.FileNotFoundException: /system/usr/hyphen-data/hyph-ml.hyb: open failed: ENOENT (No such file or directory)
05-14 16:27:52.497 E/Hyphenator( 1323): 	at libcore.io.IoBridge.open(IoBridge.java:455)
05-14 16:27:52.497 E/Hyphenator( 1323): 	at java.io.RandomAccessFile.<init>(RandomAccessFile.java:247)
05-14 16:27:52.497 E/Hyphenator( 1323): 	at android.text.Hyphenator.loadHyphenator(Hyphenator.java:118)
05-14 16:27:52.497 E/Hyphenator( 1323): 	at android.text.Hyphenator.init(Hyphenator.java:224)
05-14 16:27:52.497 E/Hyphenator( 1323): 	at com.android.internal.os.ZygoteInit.preloadTextResources(ZygoteInit.java:252)
05-14 16:27:52.497 E/Hyphenator( 1323): 	at com.android.internal.os.ZygoteInit.preload(ZygoteInit.java:206)
05-14 16:27:52.497 E/Hyphenator( 1323): 	at com.android.internal.os.ZygoteInit.main(ZygoteInit.java:743)
05-14 16:27:52.497 E/Hyphenator( 1323): Caused by: android.system.ErrnoException: open failed: ENOENT (No such file or directory)
05-14 16:27:52.497 E/Hyphenator( 1323): 	at libcore.io.Posix.open(Native Method)
05-14 16:27:52.497 E/Hyphenator( 1323): 	at libcore.io.BlockGuardOs.open(BlockGuardOs.java:187)
05-14 16:27:52.497 E/Hyphenator( 1323): 	at libcore.io.IoBridge.open(IoBridge.java:441)
05-14 16:27:52.497 E/Hyphenator( 1323): 	... 6 more
05-14 16:27:52.499 E/Hyphenator( 1323): error loading hyphenation /system/usr/hyphen-data/hyph-mn-cyrl.hyb
05-14 16:27:52.499 E/Hyphenator( 1323): java.io.FileNotFoundException: /system/usr/hyphen-data/hyph-mn-cyrl.hyb: open failed: ENOENT (No such file or directory)
05-14 16:27:52.499 E/Hyphenator( 1323): 	at libcore.io.IoBridge.open(IoBridge.java:455)
05-14 16:27:52.499 E/Hyphenator( 1323): 	at java.io.RandomAccessFile.<init>(RandomAccessFile.java:247)
05-14 16:27:52.499 E/Hyphenator( 1323): 	at android.text.Hyphenator.loadHyphenator(Hyphenator.java:118)
05-14 16:27:52.499 E/Hyphenator( 1323): 	at android.text.Hyphenator.init(Hyphenator.java:224)
05-14 16:27:52.499 E/Hyphenator( 1323): 	at com.android.internal.os.ZygoteInit.preloadTextResources(ZygoteInit.java:252)
05-14 16:27:52.499 E/Hyphenator( 1323): 	at com.android.internal.os.ZygoteInit.preload(ZygoteInit.java:206)
05-14 16:27:52.499 E/Hyphenator( 1323): 	at com.android.internal.os.ZygoteInit.main(ZygoteInit.java:743)
05-14 16:27:52.499 E/Hyphenator( 1323): Caused by: android.system.ErrnoException: open failed: ENOENT (No such file or directory)
05-14 16:27:52.499 E/Hyphenator( 1323): 	at libcore.io.Posix.open(Native Method)
05-14 16:27:52.499 E/Hyphenator( 1323): 	at libcore.io.BlockGuardOs.open(BlockGuardOs.java:187)
05-14 16:27:52.499 E/Hyphenator( 1323): 	at libcore.io.IoBridge.open(IoBridge.java:441)
05-14 16:27:52.499 E/Hyphenator( 1323): 	... 6 more
05-14 16:27:52.581 E/Hyphenator( 1323): error loading hyphenation /system/usr/hyphen-data/hyph-mr.hyb
05-14 16:27:52.581 E/Hyphenator( 1323): java.io.FileNotFoundException: /system/usr/hyphen-data/hyph-mr.hyb: open failed: ENOENT (No such file or directory)
05-14 16:27:52.581 E/Hyphenator( 1323): 	at libcore.io.IoBridge.open(IoBridge.java:455)
05-14 16:27:52.581 E/Hyphenator( 1323): 	at java.io.RandomAccessFile.<init>(RandomAccessFile.java:247)
05-14 16:27:52.581 E/Hyphenator( 1323): 	at android.text.Hyphenator.loadHyphenator(Hyphenator.java:118)
05-14 16:27:52.581 E/Hyphenator( 1323): 	at android.text.Hyphenator.init(Hyphenator.java:224)
05-14 16:27:52.581 E/Hyphenator( 1323): 	at com.android.internal.os.ZygoteInit.preloadTextResources(ZygoteInit.java:252)
05-14 16:27:52.581 E/Hyphenator( 1323): 	at com.android.internal.os.ZygoteInit.preload(ZygoteInit.java:206)
05-14 16:27:52.581 E/Hyphenator( 1323): 	at com.android.internal.os.ZygoteInit.main(ZygoteInit.java:743)
05-14 16:27:52.581 E/Hyphenator( 1323): Caused by: android.system.ErrnoException: open failed: ENOENT (No such file or directory)
05-14 16:27:52.581 E/Hyphenator( 1323): 	at libcore.io.Posix.open(Native Method)
05-14 16:27:52.581 E/Hyphenator( 1323): 	at libcore.io.BlockGuardOs.open(BlockGuardOs.java:187)
05-14 16:27:52.581 E/Hyphenator( 1323): 	at libcore.io.IoBridge.open(IoBridge.java:441)
05-14 16:27:52.581 E/Hyphenator( 1323): 	... 6 more
05-14 16:27:52.582 E/Hyphenator( 1323): error loading hyphenation /system/usr/hyphen-data/hyph-nb.hyb
05-14 16:27:52.582 E/Hyphenator( 1323): java.io.FileNotFoundException: /system/usr/hyphen-data/hyph-nb.hyb: open failed: ENOENT (No such file or directory)
05-14 16:27:52.582 E/Hyphenator( 1323): 	at libcore.io.IoBridge.open(IoBridge.java:455)
05-14 16:27:52.582 E/Hyphenator( 1323): 	at java.io.RandomAccessFile.<init>(RandomAccessFile.java:247)
05-14 16:27:52.582 E/Hyphenator( 1323): 	at android.text.Hyphenator.loadHyphenator(Hyphenator.java:118)
05-14 16:27:52.582 E/Hyphenator( 1323): 	at android.text.Hyphenator.init(Hyphenator.java:224)
05-14 16:27:52.582 E/Hyphenator( 1323): 	at com.android.internal.os.ZygoteInit.preloadTextResources(ZygoteInit.java:252)
05-14 16:27:52.582 E/Hyphenator( 1323): 	at com.android.internal.os.ZygoteInit.preload(ZygoteInit.java:206)
05-14 16:27:52.582 E/Hyphenator( 1323): 	at com.android.internal.os.ZygoteInit.main(ZygoteInit.java:743)
05-14 16:27:52.582 E/Hyphenator( 1323): Caused by: android.system.ErrnoException: open failed: ENOENT (No such file or directory)
05-14 16:27:52.582 E/Hyphenator( 1323): 	at libcore.io.Posix.open(Native Method)
05-14 16:27:52.582 E/Hyphenator( 1323): 	at libcore.io.BlockGuardOs.open(BlockGuardOs.java:187)
05-14 16:27:52.582 E/Hyphenator( 1323): 	at libcore.io.IoBridge.open(IoBridge.java:441)
05-14 16:27:52.582 E/Hyphenator( 1323): 	... 6 more
05-14 16:27:52.584 E/Hyphenator( 1323): error loading hyphenation /system/usr/hyphen-data/hyph-nn.hyb
05-14 16:27:52.584 E/Hyphenator( 1323): java.io.FileNotFoundException: /system/usr/hyphen-data/hyph-nn.hyb: open failed: ENOENT (No such file or directory)
05-14 16:27:52.584 E/Hyphenator( 1323): 	at libcore.io.IoBridge.open(IoBridge.java:455)
05-14 16:27:52.584 E/Hyphenator( 1323): 	at java.io.RandomAccessFile.<init>(RandomAccessFile.java:247)
05-14 16:27:52.584 E/Hyphenator( 1323): 	at android.text.Hyphenator.loadHyphenator(Hyphenator.java:118)
05-14 16:27:52.584 E/Hyphenator( 1323): 	at android.text.Hyphenator.init(Hyphenator.java:224)
05-14 16:27:52.584 E/Hyphenator( 1323): 	at com.android.internal.os.ZygoteInit.preloadTextResources(ZygoteInit.java:252)
05-14 16:27:52.584 E/Hyphenator( 1323): 	at com.android.internal.os.ZygoteInit.preload(ZygoteInit.java:206)
05-14 16:27:52.584 E/Hyphenator( 1323): 	at com.android.internal.os.ZygoteInit.main(ZygoteInit.java:743)
05-14 16:27:52.584 E/Hyphenator( 1323): Caused by: android.system.ErrnoException: open failed: ENOENT (No such file or directory)
05-14 16:27:52.584 E/Hyphenator( 1323): 	at libcore.io.Posix.open(Native Method)
05-14 16:27:52.584 E/Hyphenator( 1323): 	at libcore.io.BlockGuardOs.open(BlockGuardOs.java:187)
05-14 16:27:52.584 E/Hyphenator( 1323): 	at libcore.io.IoBridge.open(IoBridge.java:441)
05-14 16:27:52.584 E/Hyphenator( 1323): 	... 6 more
05-14 16:27:52.585 E/Hyphenator( 1323): error loading hyphenation /system/usr/hyphen-data/hyph-or.hyb
05-14 16:27:52.585 E/Hyphenator( 1323): java.io.FileNotFoundException: /system/usr/hyphen-data/hyph-or.hyb: open failed: ENOENT (No such file or directory)
05-14 16:27:52.585 E/Hyphenator( 1323): 	at libcore.io.IoBridge.open(IoBridge.java:455)
05-14 16:27:52.585 E/Hyphenator( 1323): 	at java.io.RandomAccessFile.<init>(RandomAccessFile.java:247)
05-14 16:27:52.585 E/Hyphenator( 1323): 	at android.text.Hyphenator.loadHyphenator(Hyphenator.java:118)
05-14 16:27:52.585 E/Hyphenator( 1323): 	at android.text.Hyphenator.init(Hyphenator.java:224)
05-14 16:27:52.585 E/Hyphenator( 1323): 	at com.android.internal.os.ZygoteInit.preloadTextResources(ZygoteInit.java:252)
05-14 16:27:52.585 E/Hyphenator( 1323): 	at com.android.internal.os.ZygoteInit.preload(ZygoteInit.java:206)
05-14 16:27:52.585 E/Hyphenator( 1323): 	at com.android.internal.os.ZygoteInit.main(ZygoteInit.java:743)
05-14 16:27:52.585 E/Hyphenator( 1323): Caused by: android.system.ErrnoException: open failed: ENOENT (No such file or directory)
05-14 16:27:52.585 E/Hyphenator( 1323): 	at libcore.io.Posix.open(Native Method)
05-14 16:27:52.585 E/Hyphenator( 1323): 	at libcore.io.BlockGuardOs.open(BlockGuardOs.java:187)
05-14 16:27:52.585 E/Hyphenator( 1323): 	at libcore.io.IoBridge.open(IoBridge.java:441)
05-14 16:27:52.585 E/Hyphenator( 1323): 	... 6 more
05-14 16:27:52.587 E/Hyphenator( 1323): error loading hyphenation /system/usr/hyphen-data/hyph-pa.hyb
05-14 16:27:52.587 E/Hyphenator( 1323): java.io.FileNotFoundException: /system/usr/hyphen-data/hyph-pa.hyb: open failed: ENOENT (No such file or directory)
05-14 16:27:52.587 E/Hyphenator( 1323): 	at libcore.io.IoBridge.open(IoBridge.java:455)
05-14 16:27:52.587 E/Hyphenator( 1323): 	at java.io.RandomAccessFile.<init>(RandomAccessFile.java:247)
05-14 16:27:52.587 E/Hyphenator( 1323): 	at android.text.Hyphenator.loadHyphenator(Hyphenator.java:118)
05-14 16:27:52.587 E/Hyphenator( 1323): 	at android.text.Hyphenator.init(Hyphenator.java:224)
05-14 16:27:52.587 E/Hyphenator( 1323): 	at com.android.internal.os.ZygoteInit.preloadTextResources(ZygoteInit.java:252)
05-14 16:27:52.587 E/Hyphenator( 1323): 	at com.android.internal.os.ZygoteInit.preload(ZygoteInit.java:206)
05-14 16:27:52.587 E/Hyphenator( 1323): 	at com.android.internal.os.ZygoteInit.main(ZygoteInit.java:743)
05-14 16:27:52.587 E/Hyphenator( 1323): Caused by: android.system.ErrnoException: open failed: ENOENT (No such file or directory)
05-14 16:27:52.587 E/Hyphenator( 1323): 	at libcore.io.Posix.open(Native Method)
05-14 16:27:52.587 E/Hyphenator( 1323): 	at libcore.io.BlockGuardOs.open(BlockGuardOs.java:187)
05-14 16:27:52.587 E/Hyphenator( 1323): 	at libcore.io.IoBridge.open(IoBridge.java:441)
05-14 16:27:52.587 E/Hyphenator( 1323): 	... 6 more
05-14 16:27:52.589 E/Hyphenator( 1323): error loading hyphenation /system/usr/hyphen-data/hyph-pt.hyb
05-14 16:27:52.589 E/Hyphenator( 1323): java.io.FileNotFoundException: /system/usr/hyphen-data/hyph-pt.hyb: open failed: ENOENT (No such file or directory)
05-14 16:27:52.589 E/Hyphenator( 1323): 	at libcore.io.IoBridge.open(IoBridge.java:455)
05-14 16:27:52.589 E/Hyphenator( 1323): 	at java.io.RandomAccessFile.<init>(RandomAccessFile.java:247)
05-14 16:27:52.589 E/Hyphenator( 1323): 	at android.text.Hyphenator.loadHyphenator(Hyphenator.java:118)
05-14 16:27:52.589 E/Hyphenator( 1323): 	at android.text.Hyphenator.init(Hyphenator.java:224)
05-14 16:27:52.589 E/Hyphenator( 1323): 	at com.android.internal.os.ZygoteInit.preloadTextResources(ZygoteInit.java:252)
05-14 16:27:52.589 E/Hyphenator( 1323): 	at com.android.internal.os.ZygoteInit.preload(ZygoteInit.java:206)
05-14 16:27:52.589 E/Hyphenator( 1323): 	at com.android.internal.os.ZygoteInit.main(ZygoteInit.java:743)
05-14 16:27:52.589 E/Hyphenator( 1323): Caused by: android.system.ErrnoException: open failed: ENOENT (No such file or directory)
05-14 16:27:52.589 E/Hyphenator( 1323): 	at libcore.io.Posix.open(Native Method)
05-14 16:27:52.589 E/Hyphenator( 1323): 	at libcore.io.BlockGuardOs.open(BlockGuardOs.java:187)
05-14 16:27:52.589 E/Hyphenator( 1323): 	at libcore.io.IoBridge.open(IoBridge.java:441)
05-14 16:27:52.589 E/Hyphenator( 1323): 	... 6 more
05-14 16:27:52.688 E/Hyphenator( 1323): error loading hyphenation /system/usr/hyphen-data/hyph-sl.hyb
05-14 16:27:52.688 E/Hyphenator( 1323): java.io.FileNotFoundException: /system/usr/hyphen-data/hyph-sl.hyb: open failed: ENOENT (No such file or directory)
05-14 16:27:52.688 E/Hyphenator( 1323): 	at libcore.io.IoBridge.open(IoBridge.java:455)
05-14 16:27:52.688 E/Hyphenator( 1323): 	at java.io.RandomAccessFile.<init>(RandomAccessFile.java:247)
05-14 16:27:52.688 E/Hyphenator( 1323): 	at android.text.Hyphenator.loadHyphenator(Hyphenator.java:118)
05-14 16:27:52.688 E/Hyphenator( 1323): 	at android.text.Hyphenator.init(Hyphenator.java:224)
05-14 16:27:52.688 E/Hyphenator( 1323): 	at com.android.internal.os.ZygoteInit.preloadTextResources(ZygoteInit.java:252)
05-14 16:27:52.688 E/Hyphenator( 1323): 	at com.android.internal.os.ZygoteInit.preload(ZygoteInit.java:206)
05-14 16:27:52.688 E/Hyphenator( 1323): 	at com.android.internal.os.ZygoteInit.main(ZygoteInit.java:743)
05-14 16:27:52.688 E/Hyphenator( 1323): Caused by: android.system.ErrnoException: open failed: ENOENT (No such file or directory)
05-14 16:27:52.688 E/Hyphenator( 1323): 	at libcore.io.Posix.open(Native Method)
05-14 16:27:52.688 E/Hyphenator( 1323): 	at libcore.io.BlockGuardOs.open(BlockGuardOs.java:187)
05-14 16:27:52.688 E/Hyphenator( 1323): 	at libcore.io.IoBridge.open(IoBridge.java:441)
05-14 16:27:52.688 E/Hyphenator( 1323): 	... 6 more
05-14 16:27:52.741 E/Hyphenator( 1323): error loading hyphenation /system/usr/hyphen-data/hyph-ta.hyb
05-14 16:27:52.741 E/Hyphenator( 1323): java.io.FileNotFoundException: /system/usr/hyphen-data/hyph-ta.hyb: open failed: ENOENT (No such file or directory)
05-14 16:27:52.741 E/Hyphenator( 1323): 	at libcore.io.IoBridge.open(IoBridge.java:455)
05-14 16:27:52.741 E/Hyphenator( 1323): 	at java.io.RandomAccessFile.<init>(RandomAccessFile.java:247)
05-14 16:27:52.741 E/Hyphenator( 1323): 	at android.text.Hyphenator.loadHyphenator(Hyphenator.java:118)
05-14 16:27:52.741 E/Hyphenator( 1323): 	at android.text.Hyphenator.init(Hyphenator.java:224)
05-14 16:27:52.741 E/Hyphenator( 1323): 	at com.android.internal.os.ZygoteInit.preloadTextResources(ZygoteInit.java:252)
05-14 16:27:52.741 E/Hyphenator( 1323): 	at com.android.internal.os.ZygoteInit.preload(ZygoteInit.java:206)
05-14 16:27:52.741 E/Hyphenator( 1323): 	at com.android.internal.os.ZygoteInit.main(ZygoteInit.java:743)
05-14 16:27:52.741 E/Hyphenator( 1323): Caused by: android.system.ErrnoException: open failed: ENOENT (No such file or directory)
05-14 16:27:52.741 E/Hyphenator( 1323): 	at libcore.io.Posix.open(Native Method)
05-14 16:27:52.741 E/Hyphenator( 1323): 	at libcore.io.BlockGuardOs.open(BlockGuardOs.java:187)
05-14 16:27:52.741 E/Hyphenator( 1323): 	at libcore.io.IoBridge.open(IoBridge.java:441)
05-14 16:27:52.741 E/Hyphenator( 1323): 	... 6 more
05-14 16:27:52.743 E/Hyphenator( 1323): error loading hyphenation /system/usr/hyphen-data/hyph-te.hyb
05-14 16:27:52.743 E/Hyphenator( 1323): java.io.FileNotFoundException: /system/usr/hyphen-data/hyph-te.hyb: open failed: ENOENT (No such file or directory)
05-14 16:27:52.743 E/Hyphenator( 1323): 	at libcore.io.IoBridge.open(IoBridge.java:455)
05-14 16:27:52.743 E/Hyphenator( 1323): 	at java.io.RandomAccessFile.<init>(RandomAccessFile.java:247)
05-14 16:27:52.743 E/Hyphenator( 1323): 	at android.text.Hyphenator.loadHyphenator(Hyphenator.java:118)
05-14 16:27:52.743 E/Hyphenator( 1323): 	at android.text.Hyphenator.init(Hyphenator.java:224)
05-14 16:27:52.743 E/Hyphenator( 1323): 	at com.android.internal.os.ZygoteInit.preloadTextResources(ZygoteInit.java:252)
05-14 16:27:52.743 E/Hyphenator( 1323): 	at com.android.internal.os.ZygoteInit.preload(ZygoteInit.java:206)
05-14 16:27:52.743 E/Hyphenator( 1323): 	at com.android.internal.os.ZygoteInit.main(ZygoteInit.java:743)
05-14 16:27:52.743 E/Hyphenator( 1323): Caused by: android.system.ErrnoException: open failed: ENOENT (No such file or directory)
05-14 16:27:52.743 E/Hyphenator( 1323): 	at libcore.io.Posix.open(Native Method)
05-14 16:27:52.743 E/Hyphenator( 1323): 	at libcore.io.BlockGuardOs.open(BlockGuardOs.java:187)
05-14 16:27:52.743 E/Hyphenator( 1323): 	at libcore.io.IoBridge.open(IoBridge.java:441)
05-14 16:27:52.743 E/Hyphenator( 1323): 	... 6 more
05-14 16:27:52.745 E/Hyphenator( 1323): error loading hyphenation /system/usr/hyphen-data/hyph-tk.hyb
05-14 16:27:52.745 E/Hyphenator( 1323): java.io.FileNotFoundException: /system/usr/hyphen-data/hyph-tk.hyb: open failed: ENOENT (No such file or directory)
05-14 16:27:52.745 E/Hyphenator( 1323): 	at libcore.io.IoBridge.open(IoBridge.java:455)
05-14 16:27:52.745 E/Hyphenator( 1323): 	at java.io.RandomAccessFile.<init>(RandomAccessFile.java:247)
05-14 16:27:52.745 E/Hyphenator( 1323): 	at android.text.Hyphenator.loadHyphenator(Hyphenator.java:118)
05-14 16:27:52.745 E/Hyphenator( 1323): 	at android.text.Hyphenator.init(Hyphenator.java:224)
05-14 16:27:52.745 E/Hyphenator( 1323): 	at com.android.internal.os.ZygoteInit.preloadTextResources(ZygoteInit.java:252)
05-14 16:27:52.745 E/Hyphenator( 1323): 	at com.android.internal.os.ZygoteInit.preload(ZygoteInit.java:206)
05-14 16:27:52.745 E/Hyphenator( 1323): 	at com.android.internal.os.ZygoteInit.main(ZygoteInit.java:743)
05-14 16:27:52.745 E/Hyphenator( 1323): Caused by: android.system.ErrnoException: open failed: ENOENT (No such file or directory)
05-14 16:27:52.745 E/Hyphenator( 1323): 	at libcore.io.Posix.open(Native Method)
05-14 16:27:52.745 E/Hyphenator( 1323): 	at libcore.io.BlockGuardOs.open(BlockGuardOs.java:187)
05-14 16:27:52.745 E/Hyphenator( 1323): 	at libcore.io.IoBridge.open(IoBridge.java:441)
05-14 16:27:52.745 E/Hyphenator( 1323): 	... 6 more
05-14 16:27:52.746 E/Hyphenator( 1323): error loading hyphenation /system/usr/hyphen-data/hyph-und-ethi.hyb
05-14 16:27:52.746 E/Hyphenator( 1323): java.io.FileNotFoundException: /system/usr/hyphen-data/hyph-und-ethi.hyb: open failed: ENOENT (No such file or directory)
05-14 16:27:52.746 E/Hyphenator( 1323): 	at libcore.io.IoBridge.open(IoBridge.java:455)
05-14 16:27:52.746 E/Hyphenator( 1323): 	at java.io.RandomAccessFile.<init>(RandomAccessFile.java:247)
05-14 16:27:52.746 E/Hyphenator( 1323): 	at android.text.Hyphenator.loadHyphenator(Hyphenator.java:118)
05-14 16:27:52.746 E/Hyphenator( 1323): 	at android.text.Hyphenator.init(Hyphenator.java:224)
05-14 16:27:52.746 E/Hyphenator( 1323): 	at com.android.internal.os.ZygoteInit.preloadTextResources(ZygoteInit.java:252)
05-14 16:27:52.746 E/Hyphenator( 1323): 	at com.android.internal.os.ZygoteInit.preload(ZygoteInit.java:206)
05-14 16:27:52.746 E/Hyphenator( 1323): 	at com.android.internal.os.ZygoteInit.main(ZygoteInit.java:743)
05-14 16:27:52.746 E/Hyphenator( 1323): Caused by: android.system.ErrnoException: open failed: ENOENT (No such file or directory)
05-14 16:27:52.746 E/Hyphenator( 1323): 	at libcore.io.Posix.open(Native Method)
05-14 16:27:52.746 E/Hyphenator( 1323): 	at libcore.io.BlockGuardOs.open(BlockGuardOs.java:187)
05-14 16:27:52.746 E/Hyphenator( 1323): 	at libcore.io.IoBridge.open(IoBridge.java:441)
05-14 16:27:52.746 E/Hyphenator( 1323): 	... 6 more
05-14 16:27:53.165 I/Zygote  ( 1323): Uninstalled ICU cache reference pinning...
05-14 16:27:53.210 I/Zygote  ( 1323): Installed AndroidKeyStoreProvider in 45ms.
05-14 16:27:53.687 I/Zygote  ( 1323): Warmed up JCA providers in 475ms.
05-14 16:27:53.687 D/Zygote  ( 1323): end preload
05-14 16:27:53.689 I/art     ( 1323): Starting a blocking GC Explicit
05-14 16:27:53.971 I/art     ( 1323): Explicit concurrent mark sweep GC freed 16004(1200KB) AllocSpace objects, 2(48KB) LOS objects, 39% free, 6MB/10MB, paused 1.902ms total 245.346ms
05-14 16:27:53.977 I/art     ( 1323): Starting a blocking GC Explicit
05-14 16:27:54.204 I/art     ( 1323): Explicit concurrent mark sweep GC freed 1187(45KB) AllocSpace objects, 2(116KB) LOS objects, 39% free, 6MB/10MB, paused 339us total 225.605ms
05-14 16:27:54.208 I/Zygote  ( 1323): Accepting command socket connections
05-14 16:27:54.392 I/Zygote  ( 2948): Process: zygote socket opened, supported ABIS: x86
05-14 16:27:54.482 I/InstallerConnection( 2948): connecting...
05-14 16:27:54.492 I/        ( 1328): new connection
05-14 16:27:54.651 I/InstallerConnection( 2948): disconnecting...
05-14 16:27:54.670 E/        ( 1328): eof
05-14 16:27:54.670 E/        ( 1328): failed to read size
05-14 16:27:54.670 I/        ( 1328): closing connection
05-14 16:27:55.183 I/SystemServer( 2948): Entered the Android system server!
05-14 16:27:56.641 I/SystemServiceManager( 2948): Starting com.android.server.pm.Installer
05-14 16:27:56.700 I/Installer( 2948): Waiting for installd to be ready.
05-14 16:27:56.700 I/InstallerConnection( 2948): connecting...
05-14 16:27:56.702 I/        ( 1328): new connection
05-14 16:27:56.703 I/SystemServiceManager( 2948): Starting com.android.server.am.ActivityManagerService$Lifecycle
05-14 16:27:57.201 I/ActivityManager( 2948): Memory class: 256
05-14 16:27:57.240 I/ServiceThread( 2948): Enabled StrictMode logging for ActivityManager looper.
05-14 16:27:57.281 I/ServiceThread( 2948): Enabled StrictMode logging for android.ui looper.
05-14 16:27:57.619 D/BatteryStatsImpl( 2948): Reading daily items from /data/system/batterystats-daily.xml
05-14 16:27:58.711 W/ProcessCpuTracker( 2948): Skipping unknown process pid 2998
05-14 16:27:58.921 I/IntentFirewall( 2948): Read new rules (A:0 B:0 S:0)
05-14 16:27:59.171 I/ServiceThread( 2948): Enabled StrictMode logging for android.display looper.
05-14 16:27:59.319 D/AppOps  ( 2948): AppOpsService published
05-14 16:27:59.321 I/SystemServiceManager( 2948): Starting com.android.server.power.PowerManagerService
05-14 16:27:59.343 I/ServiceThread( 2948): Enabled StrictMode logging for PowerManagerService looper.
05-14 16:27:59.364 E/PowerManagerService-JNI( 2948): Couldn't load power module (No such file or directory)
05-14 16:27:59.365 W/libsuspend( 2948): Error writing 'on' to /sys/power/state: Invalid argument
05-14 16:27:59.365 I/libsuspend( 2948): Selected wakeup count
05-14 16:27:59.396 I/SystemServiceManager( 2948): Starting com.android.server.lights.LightsService
05-14 16:27:59.441 I/SystemServiceManager( 2948): Starting com.android.server.display.DisplayManagerService
05-14 16:27:59.518 I/SystemServiceManager( 2948): Starting phase 100
05-14 16:27:59.634 E/SurfaceFlinger( 1319): ro.sf.lcd_density must be defined as a build property
05-14 16:27:59.683 I/DisplayManagerService( 2948): Display device added: DisplayDeviceInfo{"Built-in Screen": uniqueId="local:0", 1080 x 1920, modeId 1, defaultModeId 1, supportedModes [{id=1, width=1080, height=1920, fps=60.000004}], colorMode 0, supportedColorModes [0], HdrCapabilities android.view.Display$HdrCapabilities@a69d6308, density 480, 480.0 x 480.0 dpi, appVsyncOff 1000000, presDeadline 16666666, touch INTERNAL, rotation 0, type BUILT_IN, state UNKNOWN, FLAG_DEFAULT_DISPLAY, FLAG_ROTATES_WITH_CONTENT, FLAG_SECURE, FLAG_SUPPORTS_PROTECTED_BUFFERS}
05-14 16:27:59.690 D/SurfaceFlinger( 1319): Set power mode=2, type=0 flinger=0x750d05e47000
05-14 16:27:59.690 D/SurfaceFlinger( 1319): Screen type=0 is already mode=2
05-14 16:27:59.708 I/SystemServer( 2948): StartPackageManagerService
05-14 16:27:59.729 I/DisplayManagerService( 2948): Display device changed state: "Built-in Screen", ON
05-14 16:28:00.042 W/SystemConfig( 2948): No directory /system/etc/sysconfig, skipping
05-14 16:28:00.992 D/SELinuxMMAC( 2948): Using policy file /system/etc/security/mac_permissions.xml
05-14 16:28:02.772 E/art     ( 2948): DexFile_getDexOptNeeded file '/system/framework/org.apache.http.legacy.jar' does not exist
05-14 16:28:02.775 W/PackageManager( 2948): Library not found: /system/framework/org.apache.http.legacy.jar
05-14 16:28:02.954 E/art     ( 2948): DexFile_getDexOptNeeded file '/system/framework/org.apache.http.legacy.jar' does not exist
05-14 16:28:02.955 W/PackageManager( 2948): Library not found: /system/framework/org.apache.http.legacy.jar
05-14 16:28:03.001 D/PackageManager( 2948): No files in app dir /vendor/overlay
05-14 16:28:04.331 W/PackageManager( 2948): Failed to parse /system/framework/oat: Missing base APK in /system/framework/oat
05-14 16:28:04.335 W/PackageManager( 2948): Failed to parse /system/framework/x86: Missing base APK in /system/framework/x86
05-14 16:28:04.336 W/PackageManager( 2948): Failed to parse /system/framework/x86_64: Missing base APK in /system/framework/x86_64
05-14 16:28:05.116 W/PackageParser( 2948): No actions in intent filter at /system/priv-app/Contacts/Contacts.apk Binary XML file line #409
05-14 16:28:05.898 W/PackageParser( 2948): No actions in intent filter at /system/priv-app/Dialer/Dialer.apk Binary XML file line #186
05-14 16:28:06.278 W/PackageManager( 2948): Permission android.permission.DOWNLOAD_WITHOUT_NOTIFICATION from package com.android.providers.downloads in an unknown group android.permission-group.NETWORK
05-14 16:28:08.404 W/PackageParser( 2948): Ignoring duplicate uses-permissions/uses-permissions-sdk-m: android.permission.USE_CREDENTIALS in package: com.android.settings at: Binary XML file line #53
05-14 16:28:08.404 W/PackageParser( 2948): Ignoring duplicate uses-permissions/uses-permissions-sdk-m: android.permission.READ_SYNC_SETTINGS in package: com.android.settings at: Binary XML file line #58
05-14 16:28:08.405 W/PackageParser( 2948): Ignoring duplicate uses-permissions/uses-permissions-sdk-m: android.permission.WRITE_SYNC_SETTINGS in package: com.android.settings at: Binary XML file line #59
05-14 16:28:09.546 W/PackageParser( 2948): Ignoring duplicate uses-permissions/uses-permissions-sdk-m: android.permission.INSTALL_GRANT_RUNTIME_PERMISSIONS in package: com.android.shell at: Binary XML file line #102
05-14 16:28:10.196 W/PackageParser( 2948): Ignoring duplicate uses-permissions/uses-permissions-sdk-m: android.permission.CONFIGURE_WIFI_DISPLAY in package: com.android.systemui at: Binary XML file line #123
05-14 16:28:11.045 W/art     ( 2948): Suspending all threads took: 25.134ms
05-14 16:28:11.403 I/art     ( 2948): Background sticky concurrent mark sweep GC freed 33667(2MB) AllocSpace objects, 20(416KB) LOS objects, 31% free, 6MB/10MB, paused 27.292ms total 647.214ms
05-14 16:28:11.745 W/PackageManager( 2948): Non-privileged app; cap priority to 0; package: com.android.calendar activity: com.android.calendar.GoogleCalendarUriIntentFilter origPrio: 50
05-14 16:28:11.938 W/PackageManager( 2948): Non-privileged app; cap priority to 0; package: com.android.cts.ctsshim activity: com.android.cts.ctsshim.InstallPriority origPrio: 100
05-14 16:28:11.939 W/PackageManager( 2948): Non-privileged app; cap priority to 0; package: com.android.cts.ctsshim activity: com.android.cts.ctsshim.InstallPriority origPrio: 100
05-14 16:28:11.939 W/PackageManager( 2948): Non-privileged app; cap priority to 0; package: com.android.cts.ctsshim activity: com.android.cts.ctsshim.InstallPriority origPrio: 100
05-14 16:28:11.939 W/PackageManager( 2948): Non-privileged app; cap priority to 0; package: com.android.cts.ctsshim activity: com.android.cts.ctsshim.InstallPriority origPrio: 100
05-14 16:28:11.939 W/PackageManager( 2948): Non-privileged app; cap priority to 0; package: com.android.cts.ctsshim activity: com.android.cts.ctsshim.InstallPriority origPrio: 100
05-14 16:28:13.024 W/PackageParser( 2948): Ignoring duplicate uses-permissions/uses-permissions-sdk-m: android.permission.WRITE_CONTACTS in package: com.android.email at: Binary XML file line #40
05-14 16:28:13.754 W/PackageParser( 2948): Unknown element under <application>: permission at /system/app/Gallery2/Gallery2.apk Binary XML file line #238
05-14 16:28:13.755 W/PackageParser( 2948): Unknown element under <application>: permission at /system/app/Gallery2/Gallery2.apk Binary XML file line #241
05-14 16:28:14.551 W/PackageManager( 2948): Permission com.android.launcher3.permission.READ_SETTINGS from package com.android.launcher3 in an unknown group android.permission-group.SYSTEM_TOOLS
05-14 16:28:14.551 W/PackageManager( 2948): Permission com.android.launcher3.permission.WRITE_SETTINGS from package com.android.launcher3 in an unknown group android.permission-group.SYSTEM_TOOLS
05-14 16:28:14.551 W/PackageManager( 2948): Permission com.android.launcher.permission.INSTALL_SHORTCUT from package com.android.launcher3 in an unknown group android.permission-group.SYSTEM_TOOLS
05-14 16:28:16.552 D/PackageManager( 2948): No files in app dir /system/vendor/app
05-14 16:28:16.553 D/PackageManager( 2948): No files in app dir /oem/app
05-14 16:28:18.356 W/PackageParser( 2948): No actions in intent filter at /data/app/ApiDemos/ApiDemos.apk Binary XML file line #3145
05-14 16:28:18.357 W/PackageParser( 2948): No actions in intent filter at /data/app/ApiDemos/ApiDemos.apk Binary XML file line #3151
05-14 16:28:18.464 W/PackageManager( 2948): Package com.example.android.apis desires unavailable shared library com.example.will.never.exist; ignoring!
05-14 16:28:18.547 I/SELinux ( 2948): SELinux: Loaded file_contexts contexts from /file_contexts.bin.
05-14 16:28:23.472 V/NatController( 1334): runCmd(/system/bin/iptables -w -F natctrl_FORWARD) res=0
05-14 16:28:23.820 V/NatController( 1334): runCmd(/system/bin/ip6tables -w -F natctrl_FORWARD) res=0
05-14 16:28:24.211 V/NatController( 1334): runCmd(/system/bin/iptables -w -A natctrl_FORWARD -j DROP) res=0
05-14 16:28:24.620 V/NatController( 1334): runCmd(/system/bin/iptables -w -t nat -F natctrl_nat_POSTROUTING) res=0
05-14 16:28:25.001 V/NatController( 1334): runCmd(/system/bin/ip6tables -w -t raw -F natctrl_raw_PREROUTING) res=0
05-14 16:28:25.321 V/NatController( 1334): runCmd(/system/bin/iptables -w -F natctrl_tether_counters) res=1
05-14 16:28:25.651 V/NatController( 1334): runCmd(/system/bin/ip6tables -w -F natctrl_tether_counters) res=1
05-14 16:28:26.174 V/NatController( 1334): runCmd(/system/bin/iptables -w -X natctrl_tether_counters) res=1
05-14 16:28:26.671 V/NatController( 1334): runCmd(/system/bin/ip6tables -w -X natctrl_tether_counters) res=1
05-14 16:28:27.131 V/NatController( 1334): runCmd(/system/bin/iptables -w -N natctrl_tether_counters) res=0
05-14 16:28:27.651 V/NatController( 1334): runCmd(/system/bin/ip6tables -w -N natctrl_tether_counters) res=0
05-14 16:28:28.101 V/NatController( 1334): runCmd(/system/bin/iptables -w -t mangle -A natctrl_mangle_FORWARD -p tcp --tcp-flags SYN SYN -j TCPMSS --clamp-mss-to-pmtu) res=0
05-14 16:28:30.483 D/PackageManager( 2948): No files in app dir /data/app-private
05-14 16:28:30.491 D/PackageManager( 2948): No files in app dir /data/app-ephemeral
05-14 16:28:30.550 E/PackageManager( 2948): There should probably be exactly one setup wizard; found 0: matches=[]
05-14 16:28:30.551 W/PackageManager( 2948): Protected action; cap priority to 0; package: com.android.cts.priv.ctsshim activity: com.android.cts.priv.ctsshim.InstallPriority origPrio: 100
05-14 16:28:30.551 W/PackageManager( 2948): Protected action; cap priority to 0; package: com.android.cts.priv.ctsshim activity: com.android.cts.priv.ctsshim.InstallPriority origPrio: 100
05-14 16:28:30.551 W/PackageManager( 2948): Protected action; cap priority to 0; package: com.android.cts.priv.ctsshim activity: com.android.cts.priv.ctsshim.InstallPriority origPrio: 100
05-14 16:28:30.551 W/PackageManager( 2948): Protected action; cap priority to 0; package: com.android.cts.priv.ctsshim activity: com.android.cts.priv.ctsshim.InstallPriority origPrio: 100
05-14 16:28:30.551 W/PackageManager( 2948): Protected action; cap priority to 0; package: com.android.packageinstaller activity: com.android.packageinstaller.PackageInstallerActivity origPrio: 1
05-14 16:28:30.552 W/PackageManager( 2948): Package com.android.camera desires unavailable shared library com.google.android.media.effects; ignoring!
05-14 16:28:30.552 W/PackageManager( 2948): Package com.android.gallery3d desires unavailable shared library com.google.android.media.effects; ignoring!
05-14 16:28:30.552 W/PackageManager( 2948): Package com.android.gallery3d desires unavailable shared library com.google.android.media.effects; ignoring!
05-14 16:28:30.552 W/PackageManager( 2948): Package com.example.android.apis desires unavailable shared library com.example.will.never.exist; ignoring!
05-14 16:28:30.553 I/PackageManager( 2948): Adjusting ABI for com.android.providers.downloads.ui to x86_64 (requirer=com.android.mtp, scannedPackage=null)
05-14 16:28:30.572 I/PackageManager( 2948): Adjusting ABI for com.android.providers.downloads to x86_64 (requirer=com.android.mtp, scannedPackage=null)
05-14 16:28:30.600 I/PackageManager( 2948): Adjusting ABI for com.android.providers.media to x86_64 (requirer=com.android.mtp, scannedPackage=null)
05-14 16:28:30.603 I/PackageManager( 2948): Adjusting ABI for com.android.location.fused to x86_64 (requirer=android, scannedPackage=null)
05-14 16:28:30.604 I/PackageManager( 2948): Adjusting ABI for com.android.server.telecom to x86_64 (requirer=android, scannedPackage=null)
05-14 16:28:30.606 I/PackageManager( 2948): Adjusting ABI for com.android.inputdevices to x86_64 (requirer=android, scannedPackage=null)
05-14 16:28:30.608 I/PackageManager( 2948): Adjusting ABI for com.android.keychain to x86_64 (requirer=android, scannedPackage=null)
05-14 16:28:30.621 I/PackageManager( 2948): Adjusting ABI for com.android.wallpaperbackup to x86_64 (requirer=android, scannedPackage=null)
05-14 16:28:30.623 I/PackageManager( 2948): Adjusting ABI for com.android.settings to x86_64 (requirer=android, scannedPackage=null)
05-14 16:28:30.625 I/PackageManager( 2948): Adjusting ABI for com.android.providers.settings to x86_64 (requirer=android, scannedPackage=null)
05-14 16:28:30.684 I/PackageManager( 2948): Time to scan packages: 28.047 seconds
05-14 16:28:30.687 W/PackageManager( 2948): Unknown permission com.google.android.googleapps.permission.GOOGLE_AUTH in package com.android.providers.calendar
05-14 16:28:30.687 W/PackageManager( 2948): Unknown permission com.google.android.googleapps.permission.GOOGLE_AUTH.cl in package com.android.providers.calendar
05-14 16:28:30.688 W/PackageManager( 2948): Not granting permission android.permission.GLOBAL_SEARCH to package com.android.quicksearchbox (protectionLevel=18 flags=0x3808be45)
05-14 16:28:30.690 W/PackageManager( 2948): Not granting permission android.permission.WRITE_EXTERNAL_STORAGE to package gov.nasa.arc.astrobee.android.gs.manager because it was previously installed without
05-14 16:28:30.720 W/PackageManager( 2948): Not granting permission android.permission.READ_EXTERNAL_STORAGE to package gov.nasa.arc.astrobee.android.gs.manager because it was previously installed without
05-14 16:28:30.721 W/PackageManager( 2948): Unknown permission com.android.launcher.permission.READ_SETTINGS in package com.android.launcher3
05-14 16:28:30.721 W/PackageManager( 2948): Unknown permission com.android.launcher.permission.WRITE_SETTINGS in package com.android.launcher3
05-14 16:28:30.721 W/PackageManager( 2948): Not granting permission android.permission.BIND_APPWIDGET to package com.android.launcher3 (protectionLevel=18 flags=0x3c4bbe45)
05-14 16:28:30.721 W/PackageManager( 2948): Unknown permission com.google.android.googleapps.permission.GOOGLE_AUTH.mail in package com.android.calendar
05-14 16:28:30.722 W/PackageManager( 2948): Unknown permission com.google.android.providers.settings.permission.WRITE_GSETTINGS in package com.android.sdksetup
05-14 16:28:30.723 W/PackageManager( 2948): Unknown permission com.google.android.permission.INSTALL_WEARABLE_PACKAGES in package com.android.packageinstaller
05-14 16:28:30.723 W/PackageManager( 2948): Not granting permission android.permission.DELETE_PACKAGES to package com.svox.pico (protectionLevel=18 flags=0x3808be45)
05-14 16:28:30.723 W/PackageManager( 2948): Not granting permission android.permission.READ_CONTACTS to package com.example.android.apis because it was previously installed without
05-14 16:28:30.723 W/PackageManager( 2948): Not granting permission android.permission.WRITE_CONTACTS to package com.example.android.apis because it was previously installed without
05-14 16:28:30.723 W/PackageManager( 2948): Not granting permission android.permission.ACCESS_COARSE_LOCATION to package com.example.android.apis because it was previously installed without
05-14 16:28:30.723 W/PackageManager( 2948): Not granting permission android.permission.WRITE_EXTERNAL_STORAGE to package com.example.android.apis because it was previously installed without
05-14 16:28:30.724 W/PackageManager( 2948): Not granting permission android.permission.SEND_SMS to package com.example.android.apis because it was previously installed without
05-14 16:28:30.724 W/PackageManager( 2948): Not granting permission android.permission.RECEIVE_SMS to package com.example.android.apis because it was previously installed without
05-14 16:28:30.724 W/PackageManager( 2948): Not granting permission android.permission.RECEIVE_MMS to package com.example.android.apis because it was previously installed without
05-14 16:28:30.724 W/PackageManager( 2948): Not granting permission android.permission.READ_SMS to package com.example.android.apis because it was previously installed without
05-14 16:28:30.724 W/PackageManager( 2948): Not granting permission android.permission.READ_PHONE_STATE to package com.example.android.apis because it was previously installed without
05-14 16:28:30.724 W/PackageManager( 2948): Not granting permission android.permission.RECORD_AUDIO to package com.example.android.apis because it was previously installed without
05-14 16:28:30.724 W/PackageManager( 2948): Not granting permission android.permission.CAMERA to package com.example.android.apis because it was previously installed without
05-14 16:28:30.724 W/PackageManager( 2948): Not granting permission android.permission.READ_EXTERNAL_STORAGE to package com.example.android.apis because it was previously installed without
05-14 16:28:30.724 W/PackageManager( 2948): Unknown permission android.permission.RUN_INSTRUMENTATION in package org.chromium.webview_shell
05-14 16:28:30.724 W/PackageManager( 2948): Not granting permission android.permission.CAMERA to package jp.jaxa.iss.kibo.rpc.sampleapk because it was previously installed without
05-14 16:28:30.724 W/PackageManager( 2948): Not granting permission android.permission.WRITE_EXTERNAL_STORAGE to package jp.jaxa.iss.kibo.rpc.sampleapk because it was previously installed without
05-14 16:28:30.724 W/PackageManager( 2948): Not granting permission android.permission.READ_EXTERNAL_STORAGE to package jp.jaxa.iss.kibo.rpc.sampleapk because it was previously installed without
05-14 16:28:30.725 W/PackageManager( 2948): Unknown permission com.google.android.googleapps.permission.GOOGLE_AUTH in package com.android.settings
05-14 16:28:30.725 W/PackageManager( 2948): Unknown permission com.android.launcher.permission.READ_SETTINGS in package com.android.settings
05-14 16:28:30.725 W/PackageManager( 2948): Unknown permission com.android.launcher.permission.WRITE_SETTINGS in package com.android.settings
05-14 16:28:30.726 W/PackageManager( 2948): Unknown permission com.android.smspush.WAPPUSH_MANAGER_BIND in package com.android.phone
05-14 16:28:30.727 W/PackageManager( 2948): Unknown permission com.google.android.googleapps.permission.ACCESS_GOOGLE_PASSWORD in package com.android.development
05-14 16:28:30.728 W/PackageManager( 2948): Unknown permission com.google.android.googleapps.permission.GOOGLE_AUTH in package com.android.development
05-14 16:28:30.728 W/PackageManager( 2948): Unknown permission com.google.android.googleapps.permission.GOOGLE_AUTH.ALL_SERVICES in package com.android.development
05-14 16:28:30.728 W/PackageManager( 2948): Unknown permission com.google.android.googleapps.permission.GOOGLE_AUTH.YouTubeUser in package com.android.development
05-14 16:28:30.728 W/PackageManager( 2948): Not granting permission android.permission.BIND_APPWIDGET to package com.android.widgetpreview (protectionLevel=18 flags=0x3808be44)
05-14 16:28:30.729 V/PackageManager( 2948): reconcileAppsData for null u0 0x3
05-14 16:28:30.841 I/SELinux ( 1328): SELinux: Loaded file_contexts contexts from /file_contexts.bin.
05-14 16:28:34.496 E/Netd    ( 1334): cannot find interface dummy0
05-14 16:28:34.898 D/MDnsDS  ( 1334): MDnsSdListener::Hander starting up
05-14 16:28:35.044 D/MDnsDS  ( 1334): MDnsSdListener starting to monitor
05-14 16:28:35.044 D/MDnsDS  ( 1334): Going to poll with pollCount 1
05-14 16:28:35.993 V/PackageManager( 2948): reconcileAppsData finished 82 packages
05-14 16:28:36.624 E/PackageManager( 2948): There should probably be a verifier, but, none were found
05-14 16:28:36.721 D/PackageManager( 2948): Ephemeral resolver NOT found; no matching intent filters
05-14 16:28:36.723 I/PackageManager( 2948): Ephemeral deactivated; missing resolver and installer
05-14 16:28:36.727 I/art     ( 2948): Starting a blocking GC Explicit
05-14 16:28:36.742 W/art     ( 2948): Long monitor contention with owner main (2948) at int android.net.LocalSocketImpl.readba_native(byte[], int, int, java.io.FileDescriptor)(LocalSocketImpl.java:-2) waiters=0 in void com.android.server.pm.Settings$RuntimePermissionPersistence.writePermissionsSync(int) for 5.100s
05-14 16:28:36.881 I/art     ( 2948): Explicit concurrent mark sweep GC freed 38104(2MB) AllocSpace objects, 4(80KB) LOS objects, 33% free, 7MB/10MB, paused 1.813ms total 144.645ms
05-14 16:28:36.913 I/SystemServer( 2948): StartOtaDexOptService
05-14 16:28:36.959 I/SystemServer( 2948): StartUserManagerService
05-14 16:28:36.971 I/SystemServiceManager( 2948): Starting com.android.server.pm.UserManagerService$LifeCycle
05-14 16:28:37.108 I/lowmemorykiller( 1317): ActivityManager connected
05-14 16:28:37.142 D/SensorService( 2948): nuSensorService starting...
05-14 16:28:37.212 D/SensorService( 2948): nuSensorService thread starting...
05-14 16:28:37.216 I/SystemServiceManager( 2948): Starting com.android.server.BatteryService
05-14 16:28:37.227 D/SensorService( 2948): new thread SensorEventAckReceiver
05-14 16:28:37.341 I/SystemServiceManager( 2948): Starting com.android.server.usage.UsageStatsService
05-14 16:28:37.481 I/SystemServiceManager( 2948): Starting com.android.server.webkit.WebViewUpdateService
05-14 16:28:37.545 I/SystemServer( 2948): Reading configuration...
05-14 16:28:37.546 I/SystemServer( 2948): StartSchedulingPolicyService
05-14 16:28:37.549 I/SystemServiceManager( 2948): Starting com.android.server.telecom.TelecomLoaderService
05-14 16:28:37.551 I/SystemServer( 2948): StartTelephonyRegistry
05-14 16:28:37.645 I/SystemServer( 2948): StartEntropyMixer
05-14 16:28:37.700 I/EntropyMixer( 2948): Writing entropy...
05-14 16:28:38.302 I/SystemServer( 2948): Camera Service
05-14 16:28:38.306 I/SystemServiceManager( 2948): Starting com.android.server.camera.CameraService
05-14 16:28:38.337 I/ServiceThread( 2948): Enabled StrictMode logging for CameraService_proxy looper.
05-14 16:28:38.352 I/SystemServer( 2948): StartAccountManagerService
05-14 16:28:38.365 I/SystemServiceManager( 2948): Starting com.android.server.accounts.AccountManagerService$Lifecycle
05-14 16:28:38.439 I/SystemServer( 2948): StartContentService
05-14 16:28:38.440 I/SystemServiceManager( 2948): Starting com.android.server.content.ContentService$Lifecycle
05-14 16:28:38.454 I/SystemServer( 2948): InstallSystemProviders
05-14 16:28:38.549 W/System  ( 2948): ClassLoader referenced unknown path: /system/priv-app/SettingsProvider/lib/x86_64
05-14 16:28:38.797 I/SystemServer( 2948): StartVibratorService
05-14 16:28:38.799 E/VibratorService( 2948): Couldn't load vibrator module (No such file or directory)
05-14 16:28:38.799 W/VibratorService( 2948): Tried to stop vibrating but there is no vibrator device.
05-14 16:28:38.815 I/SystemServer( 2948): StartConsumerIrService
05-14 16:28:38.816 E/ConsumerIrService( 2948): Can't open consumer IR HW Module, error: -2
05-14 16:28:38.822 I/SystemServer( 2948): StartAlarmManagerService
05-14 16:28:38.822 I/SystemServiceManager( 2948): Starting com.android.server.AlarmManagerService
05-14 16:28:38.841 W/AlarmManagerService( 2948): no wall clock RTC found
05-14 16:28:38.843 D/AlarmManagerService( 2948): Kernel timezone updated to 0 minutes west of GMT
05-14 16:28:38.902 I/SystemServer( 2948): InitWatchdog
05-14 16:28:38.904 I/SystemServer( 2948): StartInputManagerService
05-14 16:28:38.912 I/InputManager( 2948): Initializing input manager, mUseDevInputEventForAudioJack=true
05-14 16:28:38.918 I/SystemServer( 2948): StartWindowManagerService
05-14 16:28:39.165 I/WindowManager( 2948): No existing display settings /data/system/display_settings.xml; starting empty
05-14 16:28:39.849 I/SystemServer( 2948): StartVrManagerService
