05-22 09:44:27.150 I/fsck_msdos( 1275): ** Phase 2 - Check Cluster Chains
05-22 09:44:27.151 I/fsck_msdos( 1275): ** Phase 3 - Checking Directories
05-22 09:44:27.190 I/fsck_msdos( 1275): ** Phase 4 - Checking for Lost Files
05-22 09:44:27.201 I/fsck_msdos( 1275): 2 files, 534464 free (267232 clusters)
05-22 09:44:27.214 W/ProcessCpuTracker( 2161): Skipping unknown process pid 2418
05-22 09:44:27.303 I/Vold    ( 1275): Filesystem check completed OK
05-22 09:44:27.304 D/VoldConnector( 2161): RCV <- {656 public:253,48 /mnt/media_rw/1EFF-1C1B}
05-22 09:44:27.307 D/VoldConnector( 2161): RCV <- {655 public:253,48 /storage/1EFF-1C1B}
05-22 09:44:27.499 I/MediaPlayerService( 1345): MediaPlayerService::getOMX
05-22 09:44:27.582 I/OMXClient( 1345): MuxOMX ctor
05-22 09:44:27.582 I/OMXMaster( 1332): makeComponentInstance(OMX.google.opus.decoder) in mediacodec process
05-22 09:44:27.723 V/vold    ( 1275): Waiting for FUSE to spin up...
05-22 09:44:27.790 V/vold    ( 1275): Waiting for FUSE to spin up...
05-22 09:44:27.842 V/vold    ( 1275): Waiting for FUSE to spin up...
05-22 09:44:27.900 V/vold    ( 1275): Waiting for FUSE to spin up...
05-22 09:44:27.930 E/WVMExtractor( 2380): Failed to open libwvm.so: dlopen failed: library "libwvm.so" not found
05-22 09:44:27.960 V/vold    ( 1275): Waiting for FUSE to spin up...
05-22 09:44:28.014 V/vold    ( 1275): Waiting for FUSE to spin up...
05-22 09:44:28.064 V/vold    ( 1275): Waiting for FUSE to spin up...
05-22 09:44:28.118 V/vold    ( 1275): Waiting for FUSE to spin up...
05-22 09:44:28.170 V/vold    ( 1275): Waiting for FUSE to spin up...
05-22 09:44:28.179 W/sdcard  ( 2489): Device explicitly disabled sdcardfs
05-22 09:44:28.232 V/vold    ( 1275): Waiting for FUSE to spin up...
05-22 09:44:28.291 V/vold    ( 1275): Waiting for FUSE to spin up...
05-22 09:44:28.350 V/vold    ( 1275): Waiting for FUSE to spin up...
05-22 09:44:28.413 V/vold    ( 1275): Waiting for FUSE to spin up...
05-22 09:44:28.473 D/VoldConnector( 2161): RCV <- {651 public:253,48 2}
05-22 09:44:28.474 D/VoldConnector( 2161): RCV <- {200 7 Command succeeded}
05-22 09:44:28.480 E/VoldConnector( 2161): NDC Command {7 volume mount public:253,48 2 0} took too long (4122ms)
05-22 09:44:28.599 I/MediaPlayerService( 1345): MediaPlayerService::getOMX
05-22 09:44:28.604 I/OMXClient( 1345): MuxOMX ctor
05-22 09:44:28.605 I/OMXMaster( 1332): makeComponentInstance(OMX.google.raw.decoder) in mediacodec process
05-22 09:44:28.744 W/InputAttributes( 2372): No editor info for this field. Bug?
05-22 09:44:28.763 I/MediaPlayerService( 1345): MediaPlayerService::getOMX
05-22 09:44:28.764 I/OMXClient( 1345): MuxOMX ctor
05-22 09:44:28.765 I/OMXMaster( 1332): makeComponentInstance(OMX.google.aac.encoder) in mediacodec process
05-22 09:44:29.120 I/MediaPlayerService( 1345): MediaPlayerService::getOMX
05-22 09:44:29.122 I/OMXClient( 1345): MuxOMX ctor
05-22 09:44:29.123 I/OMXMaster( 1332): makeComponentInstance(OMX.google.amrnb.encoder) in mediacodec process
05-22 09:44:29.261 I/MediaPlayerService( 1345): MediaPlayerService::getOMX
05-22 09:44:29.262 I/OMXClient( 1345): MuxOMX ctor
05-22 09:44:29.263 I/OMXMaster( 1332): makeComponentInstance(OMX.google.amrwb.encoder) in mediacodec process
05-22 09:44:29.384 E/NetdConnector( 2161): NDC Command {4 strict enable} took too long (2922ms)
05-22 09:44:29.385 W/NetworkManagement( 2161): setDataSaverMode(): already false
05-22 09:44:29.476 I/LatinIME:LogUtils( 2372): Dictionary info: dictionary = userunigram.en_US ; version = 1621676669 ; date = ?
05-22 09:44:29.521 E/ActivityThread( 2372): Failed to find provider info for user_dictionary
05-22 09:44:29.524 I/LatinIME:LogUtils( 2372): Dictionary info: dictionary = UserHistoryDictionary.en_US ; version = 1621676669 ; date = ?
05-22 09:44:29.550 I/MediaPlayerService( 1345): MediaPlayerService::getOMX
05-22 09:44:29.578 I/OMXClient( 1345): MuxOMX ctor
05-22 09:44:29.578 I/OMXMaster( 1332): makeComponentInstance(OMX.google.flac.encoder) in mediacodec process
05-22 09:44:30.503 I/MediaPlayerService( 1345): MediaPlayerService::getOMX
05-22 09:44:30.538 I/OMXClient( 1345): MuxOMX ctor
05-22 09:44:30.538 I/OMXMaster( 1332): makeComponentInstance(OMX.google.gsm.decoder) in mediacodec process
05-22 09:44:30.754 I/vol.Events( 2380): writeEvent collection_started
05-22 09:44:30.894 I/vol.Events( 2380): writeEvent external_ringer_mode_changed normal
05-22 09:44:30.896 I/vol.Events( 2380): writeEvent internal_ringer_mode_changed normal
05-22 09:44:31.010 I/MediaPlayerService( 1345): MediaPlayerService::getOMX
05-22 09:44:31.013 I/OMXClient( 1345): MuxOMX ctor
05-22 09:44:31.014 I/OMXMaster( 1332): makeComponentInstance(OMX.google.mpeg4.decoder) in mediacodec process
05-22 09:44:31.440 E/NetdConnector( 2161): NDC Command {7 bandwidth setglobalalert 2097152} took too long (1549ms)
05-22 09:44:31.651 D/NetworkPolicy( 2161): setRestrictBackgroundUL(): false
05-22 09:44:31.655 W/NetworkManagement( 2161): setDataSaverMode(): already false
05-22 09:44:31.706 E/OMXNodeInstance( 1332): getExtensionIndex(534000f:google.mpeg4.decoder, OMX.google.android.index.configureVideoTunnelMode) ERROR: UnsupportedIndex(0x8000101a)
05-22 09:44:31.707 W/OMXNodeInstance( 1332): [534000f:google.mpeg4.decoder] component does not support metadata mode; using fallback
05-22 09:44:31.733 I/MediaPlayerService( 1345): MediaPlayerService::getOMX
05-22 09:44:31.735 I/OMXClient( 1345): MuxOMX ctor
05-22 09:44:31.735 I/OMXMaster( 1332): makeComponentInstance(OMX.google.h263.decoder) in mediacodec process
05-22 09:44:32.853 E/OMXNodeInstance( 1332): getExtensionIndex(5340010:google.h263.decoder, OMX.google.android.index.configureVideoTunnelMode) ERROR: UnsupportedIndex(0x8000101a)
05-22 09:44:32.855 W/OMXNodeInstance( 1332): [5340010:google.h263.decoder] component does not support metadata mode; using fallback
05-22 09:44:32.963 I/MediaPlayerService( 1345): MediaPlayerService::getOMX
05-22 09:44:32.967 I/OMXClient( 1345): MuxOMX ctor
05-22 09:44:32.981 I/OMXMaster( 1332): makeComponentInstance(OMX.google.h264.decoder) in mediacodec process
05-22 09:44:33.343 W/art     ( 2161): Long monitor contention with owner NetworkPolicy (2331) at boolean android.os.BinderProxy.transactNative(int, android.os.Parcel, android.os.Parcel, int)(Binder.java:-2) waiters=0 in void com.android.server.NetworkManagementService.setFirewallChainEnabled(int, boolean) for 1.188s
05-22 09:44:33.902 W/ACodec  ( 1345): [OMX.google.h264.decoder] stopping checking profiles after 32: 2/8000
05-22 09:44:33.905 E/OMXNodeInstance( 1332): getExtensionIndex(5340011:google.h264.decoder, OMX.google.android.index.configureVideoTunnelMode) ERROR: UnsupportedIndex(0x8000101a)
05-22 09:44:33.906 W/OMXNodeInstance( 1332): [5340011:google.h264.decoder] component does not support metadata mode; using fallback
05-22 09:44:33.954 I/MediaPlayerService( 1345): MediaPlayerService::getOMX
05-22 09:44:33.956 I/OMXClient( 1345): MuxOMX ctor
05-22 09:44:33.956 I/OMXMaster( 1332): makeComponentInstance(OMX.google.hevc.decoder) in mediacodec process
05-22 09:44:34.785 E/OMXNodeInstance( 1332): getExtensionIndex(5340012:google.hevc.decoder, OMX.google.android.index.configureVideoTunnelMode) ERROR: UnsupportedIndex(0x8000101a)
05-22 09:44:34.785 W/OMXNodeInstance( 1332): [5340012:google.hevc.decoder] component does not support metadata mode; using fallback
05-22 09:44:34.829 I/MediaPlayerService( 1345): MediaPlayerService::getOMX
05-22 09:44:34.831 I/OMXClient( 1345): MuxOMX ctor
05-22 09:44:34.832 I/OMXMaster( 1332): makeComponentInstance(OMX.google.vp8.decoder) in mediacodec process
05-22 09:44:35.160 W/art     ( 2161): Long monitor contention with owner AlarmManager (2305) at void com.android.server.power.PowerManagerService.acquireWakeLockInternal(android.os.IBinder, int, java.lang.String, java.lang.String, android.os.WorkSource, java.lang.String, int, int)(PowerManagerService.java:862) waiters=0 in void com.android.server.power.PowerManagerService.handleSandman() for 220ms
05-22 09:44:35.162 W/art     ( 2161): Long monitor contention with owner AlarmManager (2305) at void com.android.server.power.PowerManagerService.acquireWakeLockInternal(android.os.IBinder, int, java.lang.String, java.lang.String, android.os.WorkSource, java.lang.String, int, int)(PowerManagerService.java:862) waiters=1 in void com.android.server.power.PowerManagerService.acquireWakeLockInternal(android.os.IBinder, int, java.lang.String, java.lang.String, android.os.WorkSource, java.lang.String, int, int) for 187ms
05-22 09:44:35.288 W/ProcessCpuTracker( 2161): Skipping unknown process pid 2550
05-22 09:44:35.523 I/art     ( 2161): Background sticky concurrent mark sweep GC freed 41924(2MB) AllocSpace objects, 17(372KB) LOS objects, 20% free, 13MB/16MB, paused 3.583ms total 658.557ms
05-22 09:44:35.621 E/NetdConnector( 2161): NDC Command {8 firewall enable_chain standby} took too long (2275ms)
05-22 09:44:35.673 E/NetdConnector( 2161): NDC Command {9 bandwidth gettetherstats} took too long (507ms)
05-22 09:44:35.786 E/OMXNodeInstance( 1332): getExtensionIndex(5340013:google.vp8.decoder, OMX.google.android.index.configureVideoTunnelMode) ERROR: UnsupportedIndex(0x8000101a)
05-22 09:44:35.787 W/OMXNodeInstance( 1332): [5340013:google.vp8.decoder] component does not support metadata mode; using fallback
05-22 09:44:35.832 I/MediaPlayerService( 1345): MediaPlayerService::getOMX
05-22 09:44:35.833 I/OMXClient( 1345): MuxOMX ctor
05-22 09:44:35.834 I/OMXMaster( 1332): makeComponentInstance(OMX.google.vp9.decoder) in mediacodec process
05-22 09:44:35.927 I/SystemServiceManager( 2161): Starting phase 600
05-22 09:44:36.159 D/SensorNotificationService( 2161): Cannot obtain dynamic meta sensor, not supported.
05-22 09:44:36.381 W/AudioService( 2161): onLoadSoundEffects(), Error 1 while loading samples
05-22 09:44:36.448 E/OMXNodeInstance( 1332): getExtensionIndex(5340014:google.vp9.decoder, OMX.google.android.index.configureVideoTunnelMode) ERROR: UnsupportedIndex(0x8000101a)
05-22 09:44:36.449 W/OMXNodeInstance( 1332): [5340014:google.vp9.decoder] component does not support metadata mode; using fallback
05-22 09:44:36.496 I/MediaPlayerService( 1345): MediaPlayerService::getOMX
05-22 09:44:36.498 I/OMXClient( 1345): MuxOMX ctor
05-22 09:44:36.499 I/OMXMaster( 1332): makeComponentInstance(OMX.google.h263.encoder) in mediacodec process
05-22 09:44:36.565 I/GnssLocationProvider( 2161): WakeLock acquired by sendMessage(13, 0, null)
05-22 09:44:36.591 I/vol.Events( 2380): writeEvent level_changed STREAM_ALARM 6
05-22 09:44:36.616 I/vol.Events( 2380): writeEvent level_changed STREAM_BLUETOOTH_SCO 7
05-22 09:44:36.665 W/LocationManagerService( 2161): no network location provider found
05-22 09:44:36.695 I/vol.Events( 2380): writeEvent level_changed STREAM_MUSIC 11
05-22 09:44:36.775 E/LocationManagerService( 2161): no geocoder provider found
05-22 09:44:36.777 E/FlpHardwareProvider( 2161): Error hw_get_module 'flp': -2
05-22 09:44:36.777 D/LocationManagerService( 2161): FLP HAL not supported
05-22 09:44:36.812 I/vol.Events( 2380): writeEvent level_changed STREAM_RING 5
05-22 09:44:36.817 I/vol.Events( 2380): writeEvent level_changed STREAM_SYSTEM 5
05-22 09:44:36.859 D/LocationManagerService( 2161): Unable to bind FLP Geofence proxy.
05-22 09:44:36.896 I/vol.Events( 2380): writeEvent level_changed STREAM_VOICE_CALL 4
05-22 09:44:36.961 E/ActivityRecognitionHardware( 2161): Error hw_get_module: -2
05-22 09:44:36.961 D/LocationManagerService( 2161): Hardware Activity-Recognition not supported.
05-22 09:44:36.963 E/ActivityRecognitionProxy( 2161): ServiceWatcher could not start.
05-22 09:44:36.963 D/LocationManagerService( 2161): Unable to bind ActivityRecognitionProxy.
05-22 09:44:36.965 I/GnssLocationProvider( 2161): WakeLock acquired by sendMessage(2, 1, null)
05-22 09:44:37.071 I/CommonTimeManagementService( 2161): No common time service detected on this platform.  Common time services will be unavailable.
05-22 09:44:37.086 I/MmsServiceBroker( 2161): Delay connecting to MmsService until an API is called
05-22 09:44:37.091 I/InputReader( 2161): Reconfiguring input devices.  changes=0x00000020
05-22 09:44:37.154 W/VoiceInteractionManagerService( 2161): no available voice interaction services found for user 0
05-22 09:44:37.154 W/VoiceInteractionManagerService( 2161): no available voice recognition services found for user 0
05-22 09:44:37.181 I/InputReader( 2161): Reconfiguring input devices.  changes=0x00000010
05-22 09:44:37.231 W/ActivityManager( 2161): Slow operation: 73ms so far, now at startProcess: building args
05-22 09:44:37.232 W/ActivityManager( 2161): Slow operation: 74ms so far, now at startProcess: asking zygote to start proc
05-22 09:44:37.434 W/ActivityManager( 2161): Slow operation: 275ms so far, now at startProcess: returned from zygote!
05-22 09:44:37.434 W/ActivityManager( 2161): Slow operation: 276ms so far, now at startProcess: done updating battery stats
05-22 09:44:37.435 W/ActivityManager( 2161): Slow operation: 277ms so far, now at startProcess: building log message
05-22 09:44:37.435 I/ActivityManager( 2161): Start proc 2568:com.android.phone/1001 for added application com.android.phone
05-22 09:44:37.435 W/ActivityManager( 2161): Slow operation: 277ms so far, now at startProcess: starting to update pids map
05-22 09:44:37.435 W/ActivityManager( 2161): Slow operation: 277ms so far, now at startProcess: done updating pids map
05-22 09:44:37.451 I/ActivityManager( 2161): START u0 {act=android.intent.action.MAIN cat=[android.intent.category.HOME] flg=0x10000100 cmp=com.android.settings/.FallbackHome} from uid 0 on display 0
05-22 09:44:37.459 W/System  ( 2161): ClassLoader referenced unknown path: 
05-22 09:44:37.548 W/System  ( 2161): ClassLoader referenced unknown path: /system/priv-app/Settings/lib/x86_64
05-22 09:44:37.644 D/ApplicationLoaders( 2161): ignored Vulkan layer search path /system/priv-app/Settings/lib/x86_64:/system/priv-app/Settings/Settings.apk!/lib/x86_64:/system/lib64:/vendor/lib64 for namespace 0x7ade7d90b160
05-22 09:44:37.663 W/art     ( 2568): Unexpected CPU variant for X86 using defaults: x86_64
05-22 09:44:37.698 I/ActivityManager( 2161): Loaded persisted task ids for user 0
05-22 09:44:37.755 I/SoftMPEG4Encoder( 1332): Construct SoftMPEG4Encoder
05-22 09:44:37.793 W/ACodec  ( 1345): do not know color format 0x7f000789 = 2130708361
05-22 09:44:37.795 E/OMXNodeInstance( 1332): getConfig(5340015:google.h263.encoder, ConfigAndroidIntraRefresh(0x6f60000a)) ERROR: Undefined(0x80001001)
05-22 09:44:37.926 I/MediaPlayerService( 1345): MediaPlayerService::getOMX
05-22 09:44:37.927 I/OMXClient( 1345): MuxOMX ctor
05-22 09:44:37.928 I/OMXMaster( 1332): makeComponentInstance(OMX.google.h264.encoder) in mediacodec process
05-22 09:44:38.009 W/art     ( 2584): Unexpected CPU variant for X86 using defaults: x86_64
05-22 09:44:38.063 W/ActivityManager( 2161): Slow operation: 179ms so far, now at startProcess: returned from zygote!
05-22 09:44:38.064 W/ActivityManager( 2161): Slow operation: 180ms so far, now at startProcess: done updating battery stats
05-22 09:44:38.064 W/ActivityManager( 2161): Slow operation: 180ms so far, now at startProcess: building log message
05-22 09:44:38.064 I/ActivityManager( 2161): Start proc 2584:com.android.settings/1000 for activity com.android.settings/.FallbackHome
05-22 09:44:38.064 W/ActivityManager( 2161): Slow operation: 180ms so far, now at startProcess: starting to update pids map
05-22 09:44:38.064 W/ActivityManager( 2161): Slow operation: 180ms so far, now at startProcess: done updating pids map
05-22 09:44:38.064 W/ActivityManager( 2161): Slow operation: 180ms so far, now at startProcess: done starting proc!
05-22 09:44:38.125 W/art     ( 2161): Long monitor contention with owner main (2161) at void com.android.server.am.ActivityManagerService.systemReady(java.lang.Runnable)(ActivityManagerService.java:13368) waiters=0 in void com.android.server.am.ActivityManagerService.dispatchUidsChanged() for 965ms
05-22 09:44:38.128 W/art     ( 2161): Long monitor contention with owner main (2161) at void com.android.server.am.ActivityManagerService.systemReady(java.lang.Runnable)(ActivityManagerService.java:13368) waiters=1 in void com.android.server.am.ActivityManagerService$LocalService.notifyDockedStackMinimizedChanged(boolean) for 586ms
05-22 09:44:38.130 W/art     ( 2161): Long monitor contention with owner main (2161) at void com.android.server.am.ActivityManagerService.systemReady(java.lang.Runnable)(ActivityManagerService.java:13368) waiters=2 in java.lang.String com.android.server.am.ActivityManagerService.checkContentProviderAccess(java.lang.String, int) for 497ms
05-22 09:44:38.171 I/SystemServer( 2161): Enabled StrictMode for system server main thread.
05-22 09:44:38.336 W/art     ( 2161): Long monitor contention with owner ActivityManager (2201) at void com.android.server.am.ActivityManagerService$MainHandler.handleMessage(android.os.Message)(ActivityManagerService.java:2322) waiters=1 in java.lang.String com.android.server.am.ActivityManagerService.checkContentProviderAccess(java.lang.String, int) for 184ms
05-22 09:44:38.490 D/PermissionCache( 1321): checking android.permission.READ_FRAME_BUFFER for uid=1000 => granted (2915 us)
05-22 09:44:38.547 D/gralloc ( 1321): Registering a buffer in the process that created it. This may cause memory ordering problems.
05-22 09:44:38.548 E/libEGL  ( 1321): called unimplemented OpenGL ES API
05-22 09:44:38.548 E/SurfaceFlinger( 1321): glCheckFramebufferStatusOES error 1092505794
05-22 09:44:38.548 E/SurfaceFlinger( 1321): got GL_FRAMEBUFFER_COMPLETE_OES error while taking screenshot
05-22 09:44:38.639 W/art     ( 2161): Long monitor contention with owner Binder:2161_4 (2405) at void com.android.server.am.ActivityManagerService.attachApplication(android.app.IApplicationThread)(ActivityManagerService.java:6669) waiters=0 in android.content.Intent com.android.server.am.ActivityManagerService.registerReceiver(android.app.IApplicationThread, java.lang.String, android.content.IIntentReceiver, android.content.IntentFilter, java.lang.String, int) for 283ms
05-22 09:44:38.641 W/art     ( 2161): Long monitor contention with owner Binder:2161_4 (2405) at void com.android.server.am.ActivityManagerService.attachApplication(android.app.IApplicationThread)(ActivityManagerService.java:6669) waiters=1 in void com.android.server.am.ActivityManagerService.dispatchProcessesChanged() for 265ms
05-22 09:44:38.670 W/art     ( 2161): Long monitor contention with owner Binder:2161_4 (2405) at void com.android.server.am.ActivityManagerService.attachApplication(android.app.IApplicationThread)(ActivityManagerService.java:6669) waiters=3 in void com.android.server.am.ActivityStackSupervisor.handleDisplayChanged(int) for 246ms
05-22 09:44:38.691 W/System  ( 2568): ClassLoader referenced unknown path: /system/priv-app/TeleService/lib/x86_64
05-22 09:44:38.713 D/ConditionProviders.SCP( 2161): onConnected
05-22 09:44:38.715 D/ZenLog  ( 2161): set_zen_mode: off,readXml
05-22 09:44:38.768 D/ConditionProviders( 2161): Subscribing to condition://android/schedule?days=1.2.3.4.5&start=22.0&end=7.0&exitAtAlarm=false with ComponentInfo{android/com.android.server.notification.ScheduleConditionProvider}
05-22 09:44:38.801 W/System  ( 2584): ClassLoader referenced unknown path: /system/priv-app/Settings/lib/x86_64
05-22 09:44:38.811 D/ZenLog  ( 2161): subscribe: condition://android/schedule?days=1.2.3.4.5&start=22.0&end=7.0&exitAtAlarm=false,ok
05-22 09:44:38.812 D/ConditionProviders( 2161): Subscribing to condition://android/schedule?days=6.7&start=23.30&end=10.0&exitAtAlarm=false with ComponentInfo{android/com.android.server.notification.ScheduleConditionProvider}
05-22 09:44:38.813 D/ZenLog  ( 2161): subscribe: condition://android/schedule?days=6.7&start=23.30&end=10.0&exitAtAlarm=false,ok
05-22 09:44:38.813 D/ConditionProviders( 2161): Subscribing to condition://android/event?userId=-10000&calendar=&reply=1 with ComponentInfo{android/com.android.server.notification.EventConditionProvider}
05-22 09:44:38.813 D/ZenLog  ( 2161): subscribe: condition://android/event?userId=-10000&calendar=&reply=1,ok
05-22 09:44:38.879 W/ACodec  ( 1345): do not know color format 0x7f000789 = 2130708361
05-22 09:44:38.965 I/MediaPlayerService( 1345): MediaPlayerService::getOMX
05-22 09:44:38.966 I/OMXClient( 1345): MuxOMX ctor
05-22 09:44:38.967 I/OMXMaster( 1332): makeComponentInstance(OMX.google.mpeg4.encoder) in mediacodec process
05-22 09:44:39.073 I/WifiScanningService( 2161): wifi driver unloaded
05-22 09:44:39.075 D/RttService( 2161): SCAN_AVAILABLE : 1
05-22 09:44:39.079 D/RttService( 2161): DefaultState got{ when=-1ms what=160513 target=com.android.internal.util.StateMachine$SmHandler }
05-22 09:44:39.089 D/StorageNotification( 2380): Notifying about private volume: VolumeInfo{private}:
05-22 09:44:39.089 D/StorageNotification( 2380):     type=PRIVATE diskId=null partGuid=null mountFlags=0 mountUserId=-1 
05-22 09:44:39.089 D/StorageNotification( 2380):     state=MOUNTED 
05-22 09:44:39.089 D/StorageNotification( 2380):     fsType=null fsUuid=null fsLabel=null 
05-22 09:44:39.089 D/StorageNotification( 2380):     path=/data internalPath=null 
05-22 09:44:39.104 D/ZenLog  ( 2161): set_zen_mode: off,cleanUpZenRules
05-22 09:44:39.158 D/StorageNotification( 2380): Notifying about public volume: VolumeInfo{public:253,48}:
05-22 09:44:39.158 D/StorageNotification( 2380):     type=PUBLIC diskId=disk:253,48 partGuid=null mountFlags=VISIBLE 
05-22 09:44:39.158 D/StorageNotification( 2380):     mountUserId=0 state=MOUNTED 
05-22 09:44:39.158 D/StorageNotification( 2380):     fsType=vfat fsUuid=1EFF-1C1B fsLabel=SDCARD 
05-22 09:44:39.158 D/StorageNotification( 2380):     path=/storage/1EFF-1C1B internalPath=/mnt/media_rw/1EFF-1C1B 
05-22 09:44:39.558 W/System  ( 2568): ClassLoader referenced unknown path: /system/priv-app/TelephonyProvider/lib/x86_64
05-22 09:44:39.612 D/ApplicationLoaders( 2568): ignored Vulkan layer search path /system/priv-app/TelephonyProvider/lib/x86_64:/system/lib64:/vendor/lib64 for namespace 0x7ade7d8fb0f0
05-22 09:44:39.628 I/SoftMPEG4Encoder( 1332): Construct SoftMPEG4Encoder
05-22 09:44:39.639 W/ACodec  ( 1345): do not know color format 0x7f000789 = 2130708361
05-22 09:44:39.652 E/OMXNodeInstance( 1332): getConfig(5340017:google.mpeg4.encoder, ConfigAndroidIntraRefresh(0x6f60000a)) ERROR: Undefined(0x80001001)
05-22 09:44:39.703 I/MediaPlayerService( 1345): MediaPlayerService::getOMX
05-22 09:44:39.704 I/OMXClient( 1345): MuxOMX ctor
05-22 09:44:39.705 I/OMXMaster( 1332): makeComponentInstance(OMX.google.vp8.encoder) in mediacodec process
05-22 09:44:40.272 D/TelephonyProvider( 2568): dbh.onOpen: ok, queried table=siminfo
05-22 09:44:40.274 D/TelephonyProvider( 2568): dbh.onOpen: ok, queried table=carriers
05-22 09:44:40.380 W/ACodec  ( 1345): do not know color format 0x7f000789 = 2130708361
05-22 09:44:40.382 E/OMXNodeInstance( 1332): getConfig(5340018:google.vp8.encoder, ConfigAndroidIntraRefresh(0x6f60000a)) ERROR: Undefined(0x80001001)
05-22 09:44:40.407 I/MediaPlayerService( 1345): MediaPlayerService::getOMX
05-22 09:44:40.409 I/OMXClient( 1345): MuxOMX ctor
05-22 09:44:40.498 I/MediaPlayerService( 1345): MediaPlayerService::getOMX
05-22 09:44:40.525 I/OMXClient( 1345): MuxOMX ctor
05-22 09:44:40.526 W/MediaCodecList( 1345): unable to open media codecs configuration xml file: /data/misc/media/media_codecs_profiling_results.xml
05-22 09:44:40.570 I/MediaPlayerService( 1345): MediaPlayerService::getOMX
05-22 09:44:40.573 I/OMXClient( 2380): MuxOMX ctor
05-22 09:44:40.601 I/OMXMaster( 1332): makeComponentInstance(OMX.google.vorbis.decoder) in mediacodec process
05-22 09:44:41.051 W/WindowManager( 2161): App freeze timeout expired.
05-22 09:44:41.051 W/WindowManager( 2161): Force clearing freeze: AppWindowToken{ab7ae token=Token{79791b0 ActivityRecord{630b0f3 u0 com.android.settings/.FallbackHome t1}}}
05-22 09:44:41.227 W/System  ( 2161): ClassLoader referenced unknown path: /system/priv-app/Telecom/lib/x86_64
05-22 09:44:41.253 I/MediaPlayerService( 1345): MediaPlayerService::getOMX
05-22 09:44:41.256 I/OMXClient( 2161): MuxOMX ctor
05-22 09:44:41.268 I/OMXMaster( 1332): makeComponentInstance(OMX.google.vorbis.decoder) in mediacodec process
05-22 09:44:41.331 D/ApplicationLoaders( 2161): ignored Vulkan layer search path /system/priv-app/Telecom/lib/x86_64:/system/priv-app/Telecom/Telecom.apk!/lib/x86_64:/system/lib64:/vendor/lib64 for namespace 0x7ade7d90b1d0
05-22 09:44:42.736 I/MediaPlayerService( 1345): MediaPlayerService::getOMX
05-22 09:44:42.746 I/OMXClient( 2380): MuxOMX ctor
05-22 09:44:42.798 I/OMXMaster( 1332): makeComponentInstance(OMX.google.vorbis.decoder) in mediacodec process
05-22 09:44:42.906 D/gralloc_ranchu( 2584): Emulator without host-side GPU emulation detected. Loading gralloc.default.so from /vendor/lib64/hw/gralloc.goldfish.default.so...
05-22 09:44:42.909 D/gralloc_ranchu( 2584): gralloc.default.so not found in /vendor. Trying /system/lib64/hw/gralloc.goldfish.default.so...
05-22 09:44:42.935 E/BluetoothAdapter( 2161): Bluetooth binder is null
05-22 09:44:43.001 I/WindowManager( 2161): Screen frozen for +4s618ms due to Window{89cf766 u0 KeyguardScrim}
05-22 09:44:43.219 I/Telecom ( 2161): SystemStateProvider: Registering car mode receiver: android.content.IntentFilter@296c26e: TS.init@AAA
05-22 09:44:43.311 I/Choreographer( 2380): Skipped 356 frames!  The application may be doing too much work on its main thread.
05-22 09:44:43.332 W/art     ( 2161): Long monitor contention with owner android.display (2216) at void com.android.server.wm.WindowManagerService$H.handleMessage(android.os.Message)(WindowManagerService.java:8368) waiters=0 in void com.android.server.wm.WindowManagerService.enableScreenAfterBoot() for 308ms
05-22 09:44:43.363 I/ActivityManager( 2161): Displayed com.android.settings/.FallbackHome: +5s479ms
05-22 09:44:43.474 V/KeyguardServiceDelegate( 2161): *** Keyguard started
05-22 09:44:43.568 I/Telecom ( 2161): Telecom: Non-call EVENT: AUDIO_ROUTE, Entering state QuiescentEarpieceRoute
05-22 09:44:43.637 W/KeyguardServiceDelegate( 2161): onScreenTurningOn(): no keyguard service!
05-22 09:44:43.724 I/Telecom ( 2161): CallAudioModeStateMachine: Message received: null.: TS.init->CAMSM.pM_1@AAA_0
05-22 09:44:43.920 E/ActivityThread( 2161): Failed to find provider info for call_log
05-22 09:44:43.951 E/BluetoothAdapter( 2161): Bluetooth binder is null
05-22 09:44:44.038 I/Telecom ( 2161): Class: TelecomSystem.INSTANCE being set
05-22 09:44:44.038 E/BluetoothAdapter( 2161): Bluetooth binder is null
05-22 09:44:44.079 W/ContextImpl( 2161): Calling a method in the system process without a qualified user: android.app.ContextImpl.startService:1357 com.android.server.content.SyncManager$13.run:658 android.os.Handler.handleCallback:751 android.os.Handler.dispatchMessage:95 android.os.Looper.loop:154 
05-22 09:44:44.419 I/StatusBarManagerService( 2161): registerStatusBar bar=com.android.internal.statusbar.IStatusBar$Stub$Proxy@4056a92
05-22 09:44:44.510 W/WindowManager( 2161): Keyguard drawn timeout. Setting mKeyguardDrawComplete
05-22 09:44:45.258 I/Choreographer( 2584): Skipped 55 frames!  The application may be doing too much work on its main thread.
05-22 09:44:45.328 I/art     ( 2161): Starting a blocking GC Explicit
05-22 09:44:46.196 W/System  ( 2161): ClassLoader referenced unknown path: /system/priv-app/FusedLocation/lib/x86_64
05-22 09:44:46.396 D/ApplicationLoaders( 2161): ignored Vulkan layer search path /system/priv-app/FusedLocation/lib/x86_64:/system/priv-app/FusedLocation/FusedLocation.apk!/lib/x86_64:/system/lib64:/vendor/lib64 for namespace 0x7ade7d90b240
05-22 09:44:46.601 I/art     ( 2161): Explicit concurrent mark sweep GC freed 22216(1738KB) AllocSpace objects, 9(4MB) LOS objects, 30% free, 9MB/13MB, paused 20.063ms total 1.170s
05-22 09:44:46.698 I/MediaPlayerService( 1345): MediaPlayerService::getOMX
05-22 09:44:46.752 I/OMXClient( 2380): MuxOMX ctor
05-22 09:44:46.769 I/OMXMaster( 1332): makeComponentInstance(OMX.google.vorbis.decoder) in mediacodec process
05-22 09:44:47.376 D/GpsNetInitiatedHandler( 2161): location enabled :true
05-22 09:44:47.377 V/WiredAccessoryManager( 2161): notifyWiredAccessoryChanged: when=0 bits= mask=54
05-22 09:44:47.378 V/WiredAccessoryManager( 2161): newName=h2w newState=0 headsetState=0 prev headsetState=0
05-22 09:44:47.378 E/WiredAccessoryManager( 2161): No state change.
05-22 09:44:47.378 V/WiredAccessoryManager( 2161): init()
05-22 09:44:48.759 D/AccessibilityManagerService( 2161): Ignoring non-encryption-aware service ComponentInfo{com.example.android.apis/com.example.android.apis.accessibility.ClockBackService}
05-22 09:44:48.759 D/AccessibilityManagerService( 2161): Ignoring non-encryption-aware service ComponentInfo{com.example.android.apis/com.example.android.apis.accessibility.MagnificationService}
05-22 09:44:48.759 D/AccessibilityManagerService( 2161): Ignoring non-encryption-aware service ComponentInfo{com.example.android.apis/com.example.android.apis.accessibility.TaskBackService}
05-22 09:44:48.874 W/GnssLocationProvider( 2161): Could not open GPS configuration file /etc/gps.conf
05-22 09:44:48.875 E/GnssLocationProvider( 2161): no AGPS interface in set_agps_server
05-22 09:44:48.916 I/GnssLocationProvider( 2161): WakeLock released by handleMessage(13, 0, null)
05-22 09:44:48.918 E/GnssLocationProvider( 2161): no AGPS interface in set_agps_server
05-22 09:44:48.941 I/GnssLocationProvider( 2161): WakeLock released by handleMessage(2, 1, null)
05-22 09:44:49.436 W/VibratorService( 2161): Tried to stop vibrating but there is no vibrator device.
05-22 09:44:49.812 W/ActivityManager( 2161): Slow operation: 114ms so far, now at startProcess: done creating new process record
05-22 09:44:49.812 W/ActivityManager( 2161): Slow operation: 114ms so far, now at startProcess: stepping in to startProcess
05-22 09:44:50.018 W/art     ( 2673): Unexpected CPU variant for X86 using defaults: x86_64
05-22 09:44:50.122 W/ActivityManager( 2161): Slow operation: 253ms so far, now at startProcess: returned from zygote!
05-22 09:44:50.123 W/ActivityManager( 2161): Slow operation: 310ms so far, now at startProcess: done updating battery stats
05-22 09:44:50.766 I/LatinIME:LogUtils( 2372): Dictionary info: dictionary = main:en ; version = 54 ; date = 1414726273
05-22 09:44:50.781 W/ActivityManager( 2161): Slow operation: 968ms so far, now at startProcess: building log message
05-22 09:44:50.781 I/ActivityManager( 2161): Start proc 2673:com.android.cellbroadcastreceiver/u0a4 for broadcast com.android.cellbroadcastreceiver/.CellBroadcastReceiver
05-22 09:44:50.781 W/ActivityManager( 2161): Slow operation: 968ms so far, now at startProcess: starting to update pids map
05-22 09:44:50.782 W/ActivityManager( 2161): Slow operation: 969ms so far, now at startProcess: done updating pids map
05-22 09:44:50.782 W/ActivityManager( 2161): Slow operation: 1084ms so far, now at startProcess: done starting proc!
05-22 09:44:50.786 W/art     ( 2161): Long monitor contention with owner main (2161) at void com.android.server.am.BroadcastQueue.processNextBroadcast(boolean)(BroadcastQueue.java:760) waiters=1 in void com.android.server.am.ActivityManagerService.dispatchUidsChanged() for 973ms
05-22 09:44:50.812 W/art     ( 2161): Long monitor contention with owner main (2161) at void com.android.server.am.BroadcastQueue.processNextBroadcast(boolean)(BroadcastQueue.java:760) waiters=0 in android.content.Intent com.android.server.am.ActivityManagerService.registerReceiver(android.app.IApplicationThread, java.lang.String, android.content.IIntentReceiver, android.content.IntentFilter, java.lang.String, int) for 1.012s
05-22 09:44:50.819 W/art     ( 2161): Long monitor contention with owner main (2161) at void com.android.server.am.BroadcastQueue.processNextBroadcast(boolean)(BroadcastQueue.java:760) waiters=2 in void com.android.server.am.ActivityManagerService.attachApplication(android.app.IApplicationThread) for 261ms
05-22 09:44:50.971 D/ConditionProviders.SCP( 2161): onSubscribe condition://android/schedule?days=1.2.3.4.5&start=22.0&end=7.0&exitAtAlarm=false
05-22 09:44:50.974 D/ConditionProviders.SCP( 2161): setRegistered true
05-22 09:44:51.022 W/art     ( 2161): Long monitor contention with owner Binder:2161_6 (2619) at void com.android.server.am.ActivityManagerService.attachApplication(android.app.IApplicationThread)(ActivityManagerService.java:6669) waiters=0 in android.content.Intent com.android.server.am.ActivityManagerService.registerReceiver(android.app.IApplicationThread, java.lang.String, android.content.IIntentReceiver, android.content.IntentFilter, java.lang.String, int) for 173ms
05-22 09:44:51.043 D/ConditionProviders.SCP( 2161): notifyCondition condition://android/schedule?days=1.2.3.4.5&start=22.0&end=7.0&exitAtAlarm=false STATE_FALSE reason=!meetsSchedule
05-22 09:44:51.138 D/ConditionProviders.SCP( 2161): Scheduling evaluate for Sat May 22 22:00:00 UTC 2021 (1621720800000), in +12h15m8s959ms, now=Sat May 22 09:44:51 UTC 2021 (1621676691041)
05-22 09:44:51.223 D/ConditionProviders.SCP( 2161): onSubscribe condition://android/schedule?days=6.7&start=23.30&end=10.0&exitAtAlarm=false
05-22 09:44:51.225 D/ConditionProviders.SCP( 2161): notifyCondition condition://android/schedule?days=6.7&start=23.30&end=10.0&exitAtAlarm=false STATE_TRUE reason=meetsSchedule
05-22 09:44:51.226 D/ConditionProviders.SCP( 2161): notifyCondition condition://android/schedule?days=1.2.3.4.5&start=22.0&end=7.0&exitAtAlarm=false STATE_FALSE reason=!meetsSchedule
05-22 09:44:51.228 D/ConditionProviders.SCP( 2161): Scheduling evaluate for Sat May 22 10:00:00 UTC 2021 (1621677600000), in +15m8s776ms, now=Sat May 22 09:44:51 UTC 2021 (1621676691224)
05-22 09:44:51.244 W/SystemConfig( 2568): No directory /system/etc/sysconfig, skipping
05-22 09:44:51.289 I/Telecom ( 2161): WiredHeadsetManager: ACTION_HEADSET_PLUG event, plugged in: false, : WHC.oADA@AAE
05-22 09:44:51.488 I/ActivityManager( 2161): user 0 is still locked. Cannot load recents
05-22 09:44:52.013 D/PhoneSwitcherNetworkRequstListener( 2568): Registering NetworkFactory
05-22 09:44:52.020 D/ConnectivityService( 2161): Got NetworkFactory Messenger for PhoneSwitcherNetworkRequstListener
05-22 09:44:52.642 W/art     ( 2161): Long monitor contention with owner main (2161) at void com.android.server.pm.UserManagerService$MainHandler.handleMessage(android.os.Message)(UserManagerService.java:3290) waiters=0 in int com.android.server.pm.PackageManagerService.checkUidPermission(java.lang.String, int) for 550ms
05-22 09:44:52.644 D/ConnectivityService( 2161): Got NetworkFactory Messenger for TelephonyNetworkFactory[0]
05-22 09:44:52.769 D/ZenLog  ( 2161): config: conditionChanged,ZenModeConfig[user=0,allowCalls=true,allowRepeatCallers=false,allowMessages=false,allowCallsFrom=contacts,allowMessagesFrom=contacts,allowReminders=true,allowEvents=true,allowWhenScreenOff=true,allowWhenScreenOn=true,automaticRules={370bd6672ef541ba946db9ac4aef0faf=ZenRule[enabled=false,snoozing=false,name=Weeknight,zenMode=ZEN_MODE_ALARMS,conditionId=condition://android/schedule?days=1.2.3.4.5&start=22.0&end=7.0&exitAtAlarm=false,condition=Condition[id=condition://android/schedule?days=1.2.3.4.5&start=22.0&end=7.0&exitAtAlarm=false,summary=...,line1=...,line2=...,icon=0,state=STATE_FALSE,flags=2],component=ComponentInfo{android/com.android.server.notification.ScheduleConditionProvider},id=370bd6672ef541ba946db9ac4aef0faf,creationTime=1590622727817,enabler=null], a53ffdf89c814123a52adbdd46bc948d=ZenRule[enabled=false,snoozing=false,name=Weekend,zenMode=ZEN_MODE_ALARMS,conditionId=condition://android/schedule?days=6.7&start=23.30&end=10.0&exitAtAlarm=false,condition=Condition[id=condition://android/schedule?days=6.7&start=23.30&end=10.0&exitAtAlarm=false,summary=...,line1=...,line2=...,icon=0,state=STATE_TRUE,flags=2],component=ComponentInfo{android/com.android.server.notification.ScheduleConditionProvider},id=a53ffdf89c814123a52adbdd46bc948d,creationTime=1590622727818,enabler=null], fc8bb1aacabb4877a1d1d167106f6e77=ZenRule[enabled=false,snoozing=false,name=Event,zenMode=ZEN_MODE_ALARMS,conditionId=condition://android/event?userId=-10000&calendar=&reply=1,condition=Condition[id=condition://android/event?userId=-10000&calendar=&reply=1,summary=...,line1=...,line2=...,icon=0,state=STATE_FALSE,flags=2],component=ComponentInfo{android/com.android.server.notification.EventConditionProvider},id=fc8bb1aacabb4877a1d1d167106f6e77,creationTime=1590622727822,enabler=null]},manualRule=null],Diff[automaticRule[a53ffdf89c814123a52adbdd46bc948d].condition:Condition[id=condition://android/schedule?days=6.7&start=23.30&end=10.0&exitAtAlarm=false,summary=...,line1=...,line2=...,icon=0,state=STATE_FALSE,flags=2]->Condition[id=condition://android/schedule?days=6.7&start=23.30&end=10.0&exitAtAlarm=false,summary=...,line1=...,line2=...,icon=0,state=STATE_TRUE,flags=2]]
05-22 09:44:52.904 W/art     ( 2161): Long monitor contention with owner main (2161) at void com.android.server.pm.UserManagerService$MainHandler.handleMessage(android.os.Message)(UserManagerService.java:3290) waiters=1 in android.content.pm.ProviderInfo com.android.server.pm.PackageManagerService.resolveContentProvider(java.lang.String, int, int) for 701ms
05-22 09:44:52.924 E/ActivityThread( 2161): Failed to find provider info for com.android.calendar
05-22 09:44:52.925 E/ActivityThread( 2161): Failed to find provider info for com.android.calendar
05-22 09:44:53.206 D/ZenLog  ( 2161): set_zen_mode: off,conditionChanged
05-22 09:44:53.265 E/ActivityThread( 2568): Failed to find provider info for com.android.contacts
05-22 09:44:53.266 W/CallerInfoCache( 2568): cursor is null
05-22 09:44:53.400 D/CarrierConfigLoader( 2568): CarrierConfigLoader has started
05-22 09:44:53.438 E/BluetoothAdapter( 2568): Bluetooth binder is null
05-22 09:44:54.031 I/Telephony( 2568): TtyManager: updateUiTtyMode -1 -> 0
05-22 09:44:54.506 D/AlarmManagerService( 2161): Kernel timezone updated to 0 minutes west of GMT
05-22 09:44:54.688 D/AlarmManagerService( 2161): Setting time of day to sec=1621676695
05-22 09:44:55.015 W/AlarmManagerService( 2161): Unable to set rtc to 1621676695: No such device
05-22 09:44:55.336 D/ConditionProviders.SCP( 2161): onReceive android.intent.action.TIME_SET
05-22 09:44:55.336 D/ConditionProviders.SCP( 2161): notifyCondition condition://android/schedule?days=6.7&start=23.30&end=10.0&exitAtAlarm=false STATE_TRUE reason=meetsSchedule
05-22 09:44:55.337 D/ConditionProviders.SCP( 2161): notifyCondition condition://android/schedule?days=1.2.3.4.5&start=22.0&end=7.0&exitAtAlarm=false STATE_FALSE reason=!meetsSchedule
05-22 09:44:55.339 D/ConditionProviders.SCP( 2161): Scheduling evaluate for Sat May 22 10:00:00 UTC 2021 (1621677600000), in +15m4s664ms, now=Sat May 22 09:44:55 UTC 2021 (1621676695336)
05-22 09:44:56.828 E/ActivityThread( 2161): Failed to find provider info for com.android.calendar
05-22 09:44:57.407 D/PhoneSwitcherNetworkRequstListener( 2568): got request NetworkRequest [ REQUEST id=1, [ Capabilities: INTERNET&NOT_RESTRICTED&TRUSTED&NOT_VPN] ] with score 0
05-22 09:44:57.455 D/TelephonyDebugService( 2568): TelephonyDebugService()
05-22 09:44:57.507 W/art     ( 2380): Suspending all threads took: 30.684ms
05-22 09:44:57.627 D/CarrierConfigLoader( 2568): mHandler: 12 phoneId: 0
05-22 09:44:57.718 I/art     ( 2380): Background sticky concurrent mark sweep GC freed 18261(2MB) AllocSpace objects, 2(40KB) LOS objects, 30% free, 7MB/10MB, paused 32.620ms total 542.404ms
05-22 09:44:58.111 E/ActivityThread( 2161): Failed to find provider info for com.android.calendar
05-22 09:44:58.763 W/art     ( 2161): Long monitor contention with owner android.bg (2200) at void com.android.server.am.ActivityManagerService$3.handleMessage(android.os.Message)(ActivityManagerService.java:2421) waiters=0 in java.lang.String com.android.server.am.ActivityManagerService.getTagForIntentSender(android.content.IIntentSender, java.lang.String) for 529ms
05-22 09:44:58.803 W/System  ( 2673): ClassLoader referenced unknown path: /system/priv-app/CellBroadcastReceiver/lib/x86_64
05-22 09:45:00.098 W/System  ( 2380): ClassLoader referenced unknown path: 
05-22 09:45:00.099 W/System  ( 2380): ClassLoader referenced unknown path: /system/priv-app/Dialer/lib/x86_64
05-22 09:45:00.103 D/ApplicationLoaders( 2380): ignored Vulkan layer search path /system/priv-app/Dialer/lib/x86_64:/system/lib64:/vendor/lib64 for namespace 0x7ade7d8fb0f0
05-22 09:45:00.847 E/BluetoothAdapter( 2380): Bluetooth binder is null
05-22 09:45:01.130 W/ActivityManager( 2161): Slow operation: 237ms so far, now at startProcess: returned from zygote!
05-22 09:45:01.130 W/ActivityManager( 2161): Slow operation: 238ms so far, now at startProcess: done updating battery stats
05-22 09:45:01.131 W/ActivityManager( 2161): Slow operation: 238ms so far, now at startProcess: building log message
05-22 09:45:01.131 I/ActivityManager( 2161): Start proc 2720:com.android.deskclock/u0a31 for broadcast com.android.deskclock/.AlarmInitReceiver
05-22 09:45:01.131 W/ActivityManager( 2161): Slow operation: 238ms so far, now at startProcess: starting to update pids map
05-22 09:45:01.131 W/ActivityManager( 2161): Slow operation: 238ms so far, now at startProcess: done updating pids map
05-22 09:45:01.131 W/ActivityManager( 2161): Slow operation: 239ms so far, now at startProcess: done starting proc!
05-22 09:45:01.442 W/art     ( 2720): Unexpected CPU variant for X86 using defaults: x86_64
05-22 09:45:01.489 I/CameraManagerGlobal( 2380): Connecting to camera service
05-22 09:45:01.618 V/EmulatedCamera_Camera( 1327): getCameraInfo
05-22 09:45:01.619 V/EmulatedCamera_BaseCamera( 1327): getCameraInfo
05-22 09:45:01.619 I/CameraService( 1327): getCameraCharacteristics: Switching to HAL1 shim implementation...
05-22 09:45:01.619 V/EmulatedCamera_Camera( 1327): getCameraInfo
05-22 09:45:01.619 V/EmulatedCamera_BaseCamera( 1327): getCameraInfo
05-22 09:45:01.696 I/CameraService( 1327): CameraService::connect call (PID -1 "cameraserver", camera ID 0) for HAL version default and Camera API version 1
05-22 09:45:01.719 E/CameraService( 1327): getCameraPriorityFromProcState: Received invalid process state -1 from ActivityManagerService!
05-22 09:45:01.720 V/EmulatedCamera_Camera( 1327): getCameraInfo
05-22 09:45:01.720 V/EmulatedCamera_BaseCamera( 1327): getCameraInfo
05-22 09:45:02.019 E/WVMExtractor( 1345): Failed to open libwvm.so: dlopen failed: library "libwvm.so" not found
05-22 09:45:02.336 D/NuPlayerDriver( 1345): notifyListener_l(0xebca8cc0), (1, 0, 0), loop setting(0, 0)
05-22 09:45:02.573 D/NuPlayerDriver( 1345): notifyListener_l(0xebca8ea0), (1, 0, 0), loop setting(0, 0)
05-22 09:45:02.626 I/SyncManager( 2161): Got SyncJobService instance.
05-22 09:45:02.628 I/FusedLocation( 2161): engine started (com.android.location.fused)
05-22 09:45:02.815 D/NuPlayerDriver( 1345): notifyListener_l(0xea4922a0), (1, 0, 0), loop setting(0, 0)
05-22 09:45:03.086 I/CameraFlashlight( 1327): Opening camera 0
05-22 09:45:03.087 V/EmulatedCamera_Camera( 1327): getCameraInfo
05-22 09:45:03.087 V/EmulatedCamera_BaseCamera( 1327): getCameraInfo
05-22 09:45:03.087 V/EmulatedCamera_Camera( 1327): connectCamera
05-22 09:45:03.087 V/EmulatedCamera_FakeDevice( 1327): connectDevice
05-22 09:45:03.087 V/EmulatedCamera_CallbackNotifier( 1327): setCallbacks: 0xe6f4ee80, 0xe6f4eed0, 0xe6f4eff0, 0xe6f4f110 (0xe674f1e0)
05-22 09:45:03.088 V/EmulatedCamera_CallbackNotifier( 1327): enableMessage: msg_type = 0xc0d
05-22 09:45:03.088 V/EmulatedCamera_CallbackNotifier( 1327):     CAMERA_MSG_ERROR
05-22 09:45:03.088 V/EmulatedCamera_CallbackNotifier( 1327):     CAMERA_MSG_FOCUS
05-22 09:45:03.088 V/EmulatedCamera_CallbackNotifier( 1327):     CAMERA_MSG_ZOOM
05-22 09:45:03.088 V/EmulatedCamera_CallbackNotifier( 1327):     CAMERA_MSG_PREVIEW_METADATA
05-22 09:45:03.088 V/EmulatedCamera_CallbackNotifier( 1327): **** Currently enabled messages:
05-22 09:45:03.088 V/EmulatedCamera_CallbackNotifier( 1327):     CAMERA_MSG_ERROR
05-22 09:45:03.088 V/EmulatedCamera_CallbackNotifier( 1327):     CAMERA_MSG_FOCUS
05-22 09:45:03.088 V/EmulatedCamera_CallbackNotifier( 1327):     CAMERA_MSG_ZOOM
05-22 09:45:03.088 V/EmulatedCamera_CallbackNotifier( 1327):     CAMERA_MSG_PREVIEW_METADATA
05-22 09:45:03.146 V/EmulatedCamera_CallbackNotifier( 1327): disableMessage: msg_type = 0xffff
05-22 09:45:03.147 V/EmulatedCamera_CallbackNotifier( 1327):     CAMERA_MSG_ERROR
05-22 09:45:03.147 V/EmulatedCamera_CallbackNotifier( 1327):     CAMERA_MSG_SHUTTER
05-22 09:45:03.147 V/EmulatedCamera_CallbackNotifier( 1327):     CAMERA_MSG_FOCUS
05-22 09:45:03.147 V/EmulatedCamera_CallbackNotifier( 1327):     CAMERA_MSG_ZOOM
05-22 09:45:03.147 V/EmulatedCamera_CallbackNotifier( 1327):     CAMERA_MSG_PREVIEW_FRAME
05-22 09:45:03.147 V/EmulatedCamera_CallbackNotifier( 1327):     CAMERA_MSG_VIDEO_FRAME
05-22 09:45:03.147 V/EmulatedCamera_CallbackNotifier( 1327):     CAMERA_MSG_POSTVIEW_FRAME
05-22 09:45:03.147 V/EmulatedCamera_CallbackNotifier( 1327):     CAMERA_MSG_RAW_IMAGE
05-22 09:45:03.147 V/EmulatedCamera_CallbackNotifier( 1327):     CAMERA_MSG_COMPRESSED_IMAGE
05-22 09:45:03.147 V/EmulatedCamera_CallbackNotifier( 1327):     CAMERA_MSG_RAW_IMAGE_NOTIFY
05-22 09:45:03.147 V/EmulatedCamera_CallbackNotifier( 1327):     CAMERA_MSG_PREVIEW_METADATA
05-22 09:45:03.147 V/EmulatedCamera_CallbackNotifier( 1327): **** Currently enabled messages:
05-22 09:45:03.147 V/EmulatedCamera_Preview( 1327): setPreviewWindow: current: 0x0 -> new: 0x0
05-22 09:45:03.147 V/EmulatedCamera_Camera( 1327): doStopPreview
05-22 09:45:03.167 V/EmulatedCamera_Camera( 1327): cancelPicture
05-22 09:45:03.167 V/EmulatedCamera_Camera( 1327): releaseCamera
05-22 09:45:03.167 V/EmulatedCamera_Camera( 1327): doStopPreview
05-22 09:45:03.167 V/EmulatedCamera_FakeDevice( 1327): disconnectDevice
05-22 09:45:03.168 W/EmulatedCamera_Device( 1327): Initialize: Emulated camera device is already initialized: mState = 1
05-22 09:45:03.168 D/EmulatedCamera_FakeCamera( 1327): Initialize: Fake camera is facing back
05-22 09:45:03.169 V/EmulatedCamera_Device( 1327): initializeWhiteBalanceModes with auto, 1.000000, 1.000000
05-22 09:45:03.170 V/EmulatedCamera_Device( 1327): initializeWhiteBalanceModes with incandescent, 1.380000, 0.600000
05-22 09:45:03.170 V/EmulatedCamera_Device( 1327): initializeWhiteBalanceModes with daylight, 1.090000, 0.920000
05-22 09:45:03.170 V/EmulatedCamera_Device( 1327): initializeWhiteBalanceModes with twilight, 0.920000, 1.220000
05-22 09:45:03.170 V/EmulatedCamera_Device( 1327): setWhiteBalanceMode with white balance auto
05-22 09:45:03.171 I/CameraFlashlight( 1327): Destroying camera 0
05-22 09:45:03.171 V/EmulatedCamera_Camera( 1327): closeCamera
05-22 09:45:03.171 V/EmulatedCamera_Camera( 1327): doStopPreview
05-22 09:45:03.171 W/EmulatedCamera_Device( 1327): Initialize: Emulated camera device is already initialized: mState = 1
05-22 09:45:03.171 D/EmulatedCamera_FakeCamera( 1327): Initialize: Fake camera is facing back
05-22 09:45:03.171 V/EmulatedCamera_Device( 1327): initializeWhiteBalanceModes with auto, 1.000000, 1.000000
05-22 09:45:03.171 V/EmulatedCamera_Device( 1327): initializeWhiteBalanceModes with incandescent, 1.380000, 0.600000
05-22 09:45:03.171 V/EmulatedCamera_Device( 1327): initializeWhiteBalanceModes with daylight, 1.090000, 0.920000
05-22 09:45:03.171 V/EmulatedCamera_Device( 1327): initializeWhiteBalanceModes with twilight, 0.920000, 1.220000
05-22 09:45:03.171 V/EmulatedCamera_Device( 1327): setWhiteBalanceMode with white balance auto
05-22 09:45:03.272 I/CameraService( 1327): disconnect: Disconnected client for camera 0 for PID 1327
05-22 09:45:03.273 D/NuPlayerDriver( 1345): reset(0xebca8cc0) at state 4
05-22 09:45:03.273 D/NuPlayerDriver( 1345): notifyListener_l(0xebca8cc0), (8, 0, 0), loop setting(0, 0)
05-22 09:45:03.292 D/NuPlayerDriver( 1345): notifyResetComplete(0xebca8cc0)
05-22 09:45:03.411 D/NuPlayerDriver( 1345): reset(0xebca8ea0) at state 4
05-22 09:45:03.411 D/NuPlayerDriver( 1345): notifyListener_l(0xebca8ea0), (8, 0, 0), loop setting(0, 0)
05-22 09:45:03.411 D/NuPlayerDriver( 1345): notifyResetComplete(0xebca8ea0)
05-22 09:45:03.540 D/NuPlayerDriver( 1345): reset(0xea4922a0) at state 4
05-22 09:45:03.540 D/NuPlayerDriver( 1345): notifyListener_l(0xea4922a0), (8, 0, 0), loop setting(0, 0)
05-22 09:45:03.565 D/NuPlayerDriver( 1345): notifyResetComplete(0xea4922a0)
05-22 09:45:03.621 V/EmulatedCamera_Camera( 1327): getCameraInfo
05-22 09:45:03.621 V/EmulatedCamera_BaseCamera( 1327): getCameraInfo
05-22 09:45:03.624 V/EmulatedCamera_Camera( 1327): getCameraInfo
05-22 09:45:03.624 V/EmulatedCamera_BaseCamera( 1327): getCameraInfo
05-22 09:45:03.805 W/ActivityManager( 2161): Timeout executing service: ServiceRecord{73ee65d u0 com.android.systemui/.keyguard.KeyguardService}
05-22 09:45:04.021 I/Process ( 2161): Sending signal. PID: 2380 SIG: 3
05-22 09:45:04.023 I/art     ( 2380): Thread[3,tid=2387,WaitingInMainSignalCatcherLoop,Thread*=0x7ade79096400,peer=0x12c005e0,"Signal Catcher"]: reacting to signal 3
05-22 09:45:04.023 I/art     ( 2380): 
05-22 09:45:04.155 W/art     ( 2380): Suspending all threads took: 46.258ms
05-22 09:45:04.332 I/StatusBar( 2380): isKeyguardShowing() called before startKeyguard(), returning true
05-22 09:45:04.358 W/System  ( 2720): ClassLoader referenced unknown path: /system/app/DeskClock/lib/x86_64
05-22 09:45:04.376 W/StatusBar( 2380): isKeyguardSecure() called before startKeyguard(), returning false
05-22 09:45:04.376 W/StatusBar( 2380): java.lang.Throwable
05-22 09:45:04.376 W/StatusBar( 2380): 	at com.android.systemui.statusbar.BaseStatusBar.isKeyguardSecure(BaseStatusBar.java:2647)
