05-22 09:45:42.705 W/art     ( 2161): Long monitor contention with owner android.display (2216) at void com.android.server.wm.WindowAnimator$1.doFrame(long)(WindowAnimator.java:144) waiters=0 in int com.android.server.wm.WindowManagerService.relayoutWindow(com.android.server.wm.Session, android.view.IWindow, int, android.view.WindowManager$LayoutParams, int, int, int, int, android.graphics.Rect, android.graphics.Rect, android.graphics.Rect, android.graphics.Rect, android.graphics.Rect, android.graphics.Rect, android.graphics.Rect, android.content.res.Configuration, android.view.Surface) for 2.381s
05-22 09:45:46.255 W/art     ( 2161): Long monitor contention with owner android.display (2216) at void com.android.server.wm.WindowAnimator$1.doFrame(long)(WindowAnimator.java:144) waiters=1 in void com.android.server.wm.WindowManagerService.notifyAppRelaunchesCleared(android.os.IBinder) for 4.548s
05-22 09:45:46.257 W/art     ( 2161): Long monitor contention with owner Binder:2161_6 (2619) at int com.android.server.wm.WindowManagerService.relayoutWindow(com.android.server.wm.Session, android.view.IWindow, int, android.view.WindowManager$LayoutParams, int, int, int, int, android.graphics.Rect, android.graphics.Rect, android.graphics.Rect, android.graphics.Rect, android.graphics.Rect, android.graphics.Rect, android.graphics.Rect, android.content.res.Configuration, android.view.Surface)(WindowManagerService.java:2857) waiters=1 in void com.android.server.wm.WindowManagerService$H.handleMessage(android.os.Message) for 3.520s
05-22 09:45:46.267 I/Choreographer( 2161): Skipped 373 frames!  The application may be doing too much work on its main thread.
05-22 09:45:46.286 W/art     ( 2161): Long monitor contention with owner ActivityManager (2201) at void com.android.server.am.ActivityStackSupervisor$ActivityStackSupervisorHandler.activityIdleInternal(com.android.server.am.ActivityRecord)(ActivityStackSupervisor.java:3867) waiters=0 in android.content.Intent com.android.server.am.ActivityManagerService.registerReceiver(android.app.IApplicationThread, java.lang.String, android.content.IIntentReceiver, android.content.IntentFilter, java.lang.String, int) for 4.484s
05-22 09:45:46.287 W/art     ( 2161): Long monitor contention with owner ActivityManager (2201) at void com.android.server.am.ActivityStackSupervisor$ActivityStackSupervisorHandler.activityIdleInternal(com.android.server.am.ActivityRecord)(ActivityStackSupervisor.java:3867) waiters=2 in void com.android.server.am.ActivityManagerService.addPackageDependency(java.lang.String) for 4.356s
05-22 09:45:46.401 I/Choreographer( 2869): Skipped 627 frames!  The application may be doing too much work on its main thread.
05-22 09:45:46.499 W/art     ( 2161): Long monitor contention with owner ActivityManager (2201) at void com.android.server.am.ActivityStackSupervisor$ActivityStackSupervisorHandler.activityIdleInternal(com.android.server.am.ActivityRecord)(ActivityStackSupervisor.java:3867) waiters=1 in void com.android.server.am.ActivityManagerService$3.handleMessage(android.os.Message) for 4.669s
05-22 09:45:46.529 D/gralloc_ranchu( 2869): Emulator without host-side GPU emulation detected. Loading gralloc.default.so from /vendor/lib64/hw/gralloc.goldfish.default.so...
05-22 09:45:46.538 D/gralloc_ranchu( 2869): gralloc.default.so not found in /vendor. Trying /system/lib64/hw/gralloc.goldfish.default.so...
05-22 09:45:46.825 W/System  ( 2939): ClassLoader referenced unknown path: /system/priv-app/MediaProvider/lib/x86_64
05-22 09:45:46.831 D/ApplicationLoaders( 2939): ignored Vulkan layer search path /system/priv-app/MediaProvider/lib/x86_64:/system/priv-app/MediaProvider/MediaProvider.apk!/lib/x86_64:/system/lib64:/vendor/lib64 for namespace 0x7ade7d7980f0
05-22 09:45:46.959 V/EmulatedCamera_Camera( 1327): getCameraInfo
05-22 09:45:46.959 V/EmulatedCamera_BaseCamera( 1327): getCameraInfo
05-22 09:45:46.963 V/EmulatedCamera_Camera( 1327): getCameraInfo
05-22 09:45:46.963 V/EmulatedCamera_BaseCamera( 1327): getCameraInfo
05-22 09:45:47.235 I/art     ( 2758): Background sticky concurrent mark sweep GC freed 8282(1920KB) AllocSpace objects, 0(0B) LOS objects, 14% free, 12MB/14MB, paused 1.819ms total 150.775ms
05-22 09:45:47.433 I/StatusBar( 2758): isKeyguardShowing() called before startKeyguard(), returning true
05-22 09:45:47.446 W/StatusBar( 2758): isKeyguardSecure() called before startKeyguard(), returning false
05-22 09:45:47.446 W/StatusBar( 2758): java.lang.Throwable
05-22 09:45:47.446 W/StatusBar( 2758): 	at com.android.systemui.statusbar.BaseStatusBar.isKeyguardSecure(BaseStatusBar.java:2647)
05-22 09:45:47.446 W/StatusBar( 2758): 	at com.android.systemui.statusbar.BaseStatusBar.isCameraAllowedByAdmin(BaseStatusBar.java:2670)
05-22 09:45:47.446 W/StatusBar( 2758): 	at com.android.systemui.statusbar.phone.KeyguardBottomAreaView.updateCameraVisibility(KeyguardBottomAreaView.java:309)
05-22 09:45:47.446 W/StatusBar( 2758): 	at com.android.systemui.statusbar.phone.KeyguardBottomAreaView.setUserSetupComplete(KeyguardBottomAreaView.java:281)
05-22 09:45:47.446 W/StatusBar( 2758): 	at com.android.systemui.statusbar.phone.PhoneStatusBar$1.onChange(PhoneStatusBar.java:441)
05-22 09:45:47.446 W/StatusBar( 2758): 	at com.android.systemui.statusbar.phone.PhoneStatusBar.resetUserSetupObserver(PhoneStatusBar.java:3676)
05-22 09:45:47.446 W/StatusBar( 2758): 	at com.android.systemui.statusbar.phone.PhoneStatusBar.makeStatusBarView(PhoneStatusBar.java:1008)
05-22 09:45:47.446 W/StatusBar( 2758): 	at com.android.systemui.statusbar.phone.PhoneStatusBar.addStatusBarWindow(PhoneStatusBar.java:3432)
05-22 09:45:47.446 W/StatusBar( 2758): 	at com.android.systemui.statusbar.phone.PhoneStatusBar.createAndAddWindows(PhoneStatusBar.java:3428)
05-22 09:45:47.446 W/StatusBar( 2758): 	at com.android.systemui.statusbar.BaseStatusBar.start(BaseStatusBar.java:765)
05-22 09:45:47.446 W/StatusBar( 2758): 	at com.android.systemui.statusbar.phone.PhoneStatusBar.start(PhoneStatusBar.java:686)
05-22 09:45:47.446 W/StatusBar( 2758): 	at com.android.systemui.statusbar.SystemBars.createStatusBarFromConfig(SystemBars.java:106)
05-22 09:45:47.446 W/StatusBar( 2758): 	at com.android.systemui.statusbar.SystemBars.onNoService(SystemBars.java:58)
05-22 09:45:47.446 W/StatusBar( 2758): 	at com.android.systemui.statusbar.ServiceMonitor.startService(ServiceMonitor.java:230)
05-22 09:45:47.446 W/StatusBar( 2758): 	at com.android.systemui.statusbar.ServiceMonitor.-wrap5(ServiceMonitor.java)
05-22 09:45:47.446 W/StatusBar( 2758): 	at com.android.systemui.statusbar.ServiceMonitor$1.handleMessage(ServiceMonitor.java:73)
05-22 09:45:47.446 W/StatusBar( 2758): 	at android.os.Handler.dispatchMessage(Handler.java:102)
05-22 09:45:47.446 W/StatusBar( 2758): 	at android.os.Looper.loop(Looper.java:154)
05-22 09:45:47.446 W/StatusBar( 2758): 	at android.app.ActivityThread.main(ActivityThread.java:6119)
05-22 09:45:47.446 W/StatusBar( 2758): 	at java.lang.reflect.Method.invoke(Native Method)
05-22 09:45:47.446 W/StatusBar( 2758): 	at com.android.internal.os.ZygoteInit$MethodAndArgsCaller.run(ZygoteInit.java:886)
05-22 09:45:47.446 W/StatusBar( 2758): 	at com.android.internal.os.ZygoteInit.main(ZygoteInit.java:776)
05-22 09:45:47.464 E/SurfaceFlinger( 1321): ro.sf.lcd_density must be defined as a build property
05-22 09:45:47.480 D/OpenGLRenderer( 2758): profile bars disabled
05-22 09:45:47.482 D/OpenGLRenderer( 2758): ambientRatio = 1.50
05-22 09:45:48.270 W/ActivityManager( 2161): Slow operation: 94ms so far, now at startProcess: returned from zygote!
05-22 09:45:48.271 W/ActivityManager( 2161): Slow operation: 94ms so far, now at startProcess: done updating battery stats
05-22 09:45:48.271 W/ActivityManager( 2161): Slow operation: 95ms so far, now at startProcess: building log message
05-22 09:45:48.272 I/ActivityManager( 2161): Start proc 2965:android.process.acore/u0a1 for content provider com.android.providers.contacts/.ContactsProvider2
05-22 09:45:48.272 W/ActivityManager( 2161): Slow operation: 95ms so far, now at startProcess: starting to update pids map
05-22 09:45:48.272 W/ActivityManager( 2161): Slow operation: 96ms so far, now at startProcess: done updating pids map
05-22 09:45:48.272 W/ActivityManager( 2161): Slow operation: 107ms so far, now at startProcess: done starting proc!
05-22 09:45:48.272 W/ActivityManager( 2161): Slow operation: 125ms so far, now at getContentProviderImpl: after start process
05-22 09:45:48.273 W/ActivityManager( 2161): Slow operation: 125ms so far, now at getContentProviderImpl: updating data structures
05-22 09:45:48.273 W/ActivityManager( 2161): Slow operation: 126ms so far, now at getContentProviderImpl: done!
05-22 09:45:48.322 W/art     ( 2965): Unexpected CPU variant for X86 using defaults: x86_64
05-22 09:45:48.491 W/System  ( 2965): ClassLoader referenced unknown path: /system/priv-app/ContactsProvider/lib/x86_64
05-22 09:45:49.275 I/ContactsPerf( 2965): VoicemailContentProvider.onCreate start
05-22 09:45:49.427 I/ContactsPerf( 2965): VoicemailContentProvider.onCreate finish
05-22 09:45:49.449 W/System  ( 2965): ClassLoader referenced unknown path: /system/priv-app/BlockedNumberProvider/lib/x86_64
05-22 09:45:49.453 D/ApplicationLoaders( 2965): ignored Vulkan layer search path /system/priv-app/BlockedNumberProvider/lib/x86_64:/system/lib64:/vendor/lib64 for namespace 0x7ade7d7980f0
05-22 09:45:49.477 W/art     ( 2161): Long monitor contention with owner android.display (2216) at void com.android.server.wm.WindowAnimator$1.doFrame(long)(WindowAnimator.java:144) waiters=0 in void com.android.server.wm.WindowManagerService.finishDrawingWindow(com.android.server.wm.Session, android.view.IWindow) for 2.732s
05-22 09:45:49.478 W/art     ( 2161): Long monitor contention with owner android.display (2216) at void com.android.server.wm.WindowAnimator$1.doFrame(long)(WindowAnimator.java:144) waiters=1 in int com.android.server.wm.WindowManagerService.addWindow(com.android.server.wm.Session, android.view.IWindow, int, android.view.WindowManager$LayoutParams, int, int, android.graphics.Rect, android.graphics.Rect, android.graphics.Rect, android.view.InputChannel) for 1.975s
05-22 09:45:49.500 W/art     ( 2161): Long monitor contention with owner android.display (2216) at void com.android.server.wm.WindowAnimator$1.doFrame(long)(WindowAnimator.java:144) waiters=2 in void com.android.server.wm.WindowManagerService.removeWindow(com.android.server.wm.Session, android.view.IWindow) for 1.943s
05-22 09:45:49.518 I/Choreographer( 2869): Skipped 184 frames!  The application may be doing too much work on its main thread.
05-22 09:45:49.530 D/PhoneStatusBar( 2758): disable: < EXPAND* icons alerts system_info BACK* HOME* RECENT* clock SEARCH* quick_settings >
05-22 09:45:49.691 W/art     ( 2161): Long monitor contention with owner android.display (2216) at void com.android.server.wm.WindowAnimator$1.doFrame(long)(WindowAnimator.java:144) waiters=3 in void com.android.server.wm.WindowManagerService.getInitialDisplaySize(int, android.graphics.Point) for 1.570s
05-22 09:45:49.715 W/System  ( 2965): ClassLoader referenced unknown path: /system/app/UserDictionaryProvider/lib/x86_64
05-22 09:45:49.718 D/ApplicationLoaders( 2965): ignored Vulkan layer search path /system/app/UserDictionaryProvider/lib/x86_64:/system/lib64:/vendor/lib64 for namespace 0x7ade7d798160
05-22 09:45:49.781 I/ActivityManager( 2161): Displayed com.android.launcher3/.Launcher: +21s360ms
05-22 09:45:50.138 I/Choreographer( 2869): Skipped 36 frames!  The application may be doing too much work on its main thread.
05-22 09:45:50.184 D/PhoneStatusBar( 2758): heads up is enabled
05-22 09:45:50.245 D/MediaScannerReceiver( 2939): action: android.intent.action.MEDIA_MOUNTED path: /storage/1EFF-1C1B
05-22 09:45:50.631 V/KeyguardServiceDelegate( 2161): **** SHOWN CALLED ****
05-22 09:45:50.932 W/KeyguardUpdateMonitor( 2758): invalid subId in handleSimStateChange()
05-22 09:45:51.086 W/ActivityManager( 2161): Slow operation: 131ms so far, now at startProcess: asking zygote to start proc
05-22 09:45:51.183 W/art     ( 2988): Unexpected CPU variant for X86 using defaults: x86_64
05-22 09:45:51.209 W/ActivityManager( 2161): Slow operation: 255ms so far, now at startProcess: returned from zygote!
05-22 09:45:51.210 W/ActivityManager( 2161): Slow operation: 255ms so far, now at startProcess: done updating battery stats
05-22 09:45:51.210 W/ActivityManager( 2161): Slow operation: 255ms so far, now at startProcess: building log message
05-22 09:45:51.210 I/ActivityManager( 2161): Start proc 2988:com.android.printspooler/u0a51 for service com.android.printspooler/.model.PrintSpoolerService
05-22 09:45:51.210 W/ActivityManager( 2161): Slow operation: 256ms so far, now at startProcess: starting to update pids map
05-22 09:45:51.210 W/ActivityManager( 2161): Slow operation: 256ms so far, now at startProcess: done updating pids map
05-22 09:45:51.210 W/ActivityManager( 2161): Slow operation: 257ms so far, now at startProcess: done starting proc!
05-22 09:45:51.211 W/art     ( 2161): Long monitor contention with owner android.bg (2200) at int com.android.server.am.ActivityManagerService.bindService(android.app.IApplicationThread, android.os.IBinder, android.content.Intent, java.lang.String, android.app.IServiceConnection, int, java.lang.String, int)(ActivityManagerService.java:17301) waiters=0 in void com.android.server.am.ActivityManagerService.dispatchUidsChanged() for 256ms
05-22 09:45:51.215 W/art     ( 2161): Long monitor contention with owner android.bg (2200) at int com.android.server.am.ActivityManagerService.bindService(android.app.IApplicationThread, android.os.IBinder, android.content.Intent, java.lang.String, android.app.IServiceConnection, int, java.lang.String, int)(ActivityManagerService.java:17301) waiters=2 in android.content.pm.UserInfo com.android.server.am.UserController.getCurrentUser() for 222ms
05-22 09:45:51.535 D/gralloc_ranchu( 2758): Emulator without host-side GPU emulation detected. Loading gralloc.default.so from /vendor/lib64/hw/gralloc.goldfish.default.so...
05-22 09:45:51.538 D/gralloc_ranchu( 2758): gralloc.default.so not found in /vendor. Trying /system/lib64/hw/gralloc.goldfish.default.so...
05-22 09:45:51.747 I/Choreographer( 2758): Skipped 634 frames!  The application may be doing too much work on its main thread.
05-22 09:45:51.915 D/ViewRootImpl[StatusBar]( 2758): changeCanvasOpacity: opaque=true
05-22 09:45:52.770 I/art     ( 2869): Background sticky concurrent mark sweep GC freed 20093(1939KB) AllocSpace objects, 10(232KB) LOS objects, 20% free, 7MB/10MB, paused 494us total 191.922ms
05-22 09:45:52.987 D/MediaScannerReceiver( 2939): action: android.intent.action.MEDIA_MOUNTED path: /storage/emulated/0
05-22 09:45:53.720 D/WifiService( 2161): New client listening to asynchronous messages
05-22 09:45:54.043 D/PhoneStatusBar( 2758): disable: < expand* icons alerts system_info back* home* recent* clock search* quick_settings >
05-22 09:45:54.301 W/KeyguardUpdateMonitor( 2758): invalid subId in handleSimStateChange()
05-22 09:45:54.301 I/Choreographer( 2758): Skipped 151 frames!  The application may be doing too much work on its main thread.
05-22 09:45:54.303 I/art     ( 2758): Background sticky concurrent mark sweep GC freed 11899(578KB) AllocSpace objects, 0(0B) LOS objects, 0% free, 18MB/18MB, paused 5.966ms total 101.965ms
05-22 09:45:54.504 I/art     ( 2758): Background partial concurrent mark sweep GC freed 4980(404KB) AllocSpace objects, 5(4MB) LOS objects, 23% free, 12MB/16MB, paused 1.666ms total 157.384ms
05-22 09:45:55.629 I/Choreographer( 2758): Skipped 75 frames!  The application may be doing too much work on its main thread.
05-22 09:45:55.685 V/MediaScanner( 2939): pruneDeadThumbnailFiles... android.content.ContentProviderClient$CursorWrapperInner@8768896
05-22 09:45:55.719 V/MediaScanner( 2939): /pruneDeadThumbnailFiles... android.content.ContentProviderClient$CursorWrapperInner@8768896
05-22 09:45:55.992 I/art     ( 2161): Background partial concurrent mark sweep GC freed 24311(1970KB) AllocSpace objects, 17(632KB) LOS objects, 29% free, 9MB/13MB, paused 1.273ms total 413.936ms
05-22 09:45:56.205 I/RecoverySystem( 2161): No recovery log file
05-22 09:45:56.231 W/art     ( 3014): Unexpected CPU variant for X86 using defaults: x86_64
05-22 09:45:56.308 I/BootReceiver( 2161): Copying audit failures to DropBox
05-22 09:45:56.309 I/BootReceiver( 2161): Checking for fsck errors
05-22 09:45:56.325 W/ActivityManager( 2161): Slow operation: 188ms so far, now at startProcess: returned from zygote!
05-22 09:45:56.326 W/ActivityManager( 2161): Slow operation: 188ms so far, now at startProcess: done updating battery stats
05-22 09:45:56.326 W/ActivityManager( 2161): Slow operation: 188ms so far, now at startProcess: building log message
05-22 09:45:56.326 I/ActivityManager( 2161): Start proc 3014:com.android.dialer/u0a8 for broadcast com.android.dialer/.calllog.CallLogReceiver
05-22 09:45:56.326 W/ActivityManager( 2161): Slow operation: 189ms so far, now at startProcess: starting to update pids map
05-22 09:45:56.326 W/ActivityManager( 2161): Slow operation: 189ms so far, now at startProcess: done updating pids map
05-22 09:45:56.326 W/ActivityManager( 2161): Slow operation: 190ms so far, now at startProcess: done starting proc!
05-22 09:45:56.380 I/Choreographer( 2758): Skipped 44 frames!  The application may be doing too much work on its main thread.
05-22 09:45:56.602 W/System  ( 3014): ClassLoader referenced unknown path: /system/priv-app/Dialer/lib/x86_64
05-22 09:45:56.847 I/ContactLocale( 2965): AddressBook Labels [[en_US]]: [â€¦, A, B, C, D, E, F, G, H, I, J, K, L, M, N, O, P, Q, R, S, T, U, V, W, X, Y, Z, Î‘, Î’, Î“, Î”, Î•, Î–, Î—, Î˜, Î™, Îš, Î›, Îœ, Î, Îž, ÎŸ, Î , Î¡, Î£, Î¤, Î¥, Î¦, Î§, Î¨, Î©, â€¦, Ð, Ð‘, Ð’, Ð“, Ð”, Ð‚, Ð•, Ð„, Ð–, Ð—, Ð˜, Ð†, Ð™, Ðˆ, Ðš, Ð›, Ð‰, Ðœ, Ð, ÐŠ, Ðž, ÐŸ, Ð , Ð¡, Ð¢, Ð‹, Ð£, Ð¤, Ð¥, Ð¦, Ð§, Ð, Ð¨, Ð©, Ð®, Ð¯, â€¦, ×, ×‘, ×’, ×“, ×”, ×•, ×–, ×—, ×˜, ×™, ×›, ×œ, ×ž, × , ×¡, ×¢, ×¤, ×¦, ×§, ×¨, ×©, ×ª, â€¦, Ø§, Ø¨, Øª, Ø«, Ø¬, Ø­, Ø®, Ø¯, Ø°, Ø±, Ø², Ø³, Ø´, Øµ, Ø¶, Ø·, Ø¸, Ø¹, Øº, Ù, Ù‚, Ùƒ, Ù„, Ù…, Ù†, Ù‡, Ùˆ, ÙŠ, â€¦, à¸, à¸‚, à¸ƒ, à¸„, à¸…, à¸†, à¸‡, à¸ˆ, à¸‰, à¸Š, à¸‹, à¸Œ, à¸, à¸Ž, à¸, à¸, à¸‘, à¸’, à¸“, à¸”, à¸•, à¸–, à¸—, à¸˜, à¸™, à¸š, à¸›, à¸œ, à¸, à¸ž, à¸Ÿ, à¸ , à¸¡, à¸¢, à¸£, à¸¤, à¸¥, à¸¦, à¸§, à¸¨, à¸©, à¸ª, à¸«, à¸¬, à¸­, à¸®, â€¦, ã„±, ã„´, ã„·, ã„¹, ã…, ã…‚, ã……, ã…‡, ã…ˆ, ã…Š, ã…‹, ã…Œ, ã…, ã…Ž, â€¦, ã‚, ã‹, ã•, ãŸ, ãª, ã¯, ã¾, ã‚„, ã‚‰, ã‚, #, â€¦]
05-22 09:45:57.432 V/MediaScanner( 2939): pruneDeadThumbnailFiles... android.content.ContentProviderClient$CursorWrapperInner@93bca34
05-22 09:45:57.434 V/MediaScanner( 2939): /pruneDeadThumbnailFiles... android.content.ContentProviderClient$CursorWrapperInner@93bca34
05-22 09:45:57.787 D/ExtensionsFactory( 3014): No custom extensions.
05-22 09:45:57.807 D/BlockedNumbersAuto( 3014): Not attempting auto-migrate: already checked once.
05-22 09:45:57.919 D/CarrierConfigLoader( 2568): mHandler: 13 phoneId: 0
05-22 09:45:57.925 D/CarrierConfigLoader( 2568): mHandler: 7 phoneId: 0
05-22 09:45:57.927 E/CarrierConfigLoader( 2568): Cannot restore config with null packageName or iccid.
05-22 09:45:57.928 D/CarrierConfigLoader( 2568): Binding to com.android.carrierconfig for phone 0
05-22 09:45:57.979 W/CountryDetector( 3014): No location permissions, not registering for location updates.
05-22 09:45:57.986 W/ActivityManager( 2161): Slow operation: 64ms so far, now at startProcess: returned from zygote!
05-22 09:45:57.986 W/ActivityManager( 2161): Slow operation: 64ms so far, now at startProcess: done updating battery stats
05-22 09:45:57.986 W/ActivityManager( 2161): Slow operation: 65ms so far, now at startProcess: building log message
05-22 09:45:57.986 I/ActivityManager( 2161): Start proc 3033:com.android.calendar/u0a26 for broadcast com.android.calendar/.alerts.AlertReceiver
05-22 09:45:57.986 W/ActivityManager( 2161): Slow operation: 65ms so far, now at startProcess: starting to update pids map
05-22 09:45:57.987 W/ActivityManager( 2161): Slow operation: 65ms so far, now at startProcess: done updating pids map
05-22 09:45:57.987 W/ActivityManager( 2161): Slow operation: 66ms so far, now at startProcess: done starting proc!
05-22 09:45:58.011 W/art     ( 3033): Unexpected CPU variant for X86 using defaults: x86_64
05-22 09:45:58.069 W/ActivityManager( 2161): Slow operation: 71ms so far, now at startProcess: returned from zygote!
05-22 09:45:58.069 W/ActivityManager( 2161): Slow operation: 72ms so far, now at startProcess: done updating battery stats
05-22 09:45:58.070 W/ActivityManager( 2161): Slow operation: 72ms so far, now at startProcess: building log message
05-22 09:45:58.070 I/ActivityManager( 2161): Start proc 3045:com.android.carrierconfig/u0a3 for service com.android.carrierconfig/.DefaultCarrierConfigService
05-22 09:45:58.070 W/ActivityManager( 2161): Slow operation: 72ms so far, now at startProcess: starting to update pids map
05-22 09:45:58.070 W/ActivityManager( 2161): Slow operation: 72ms so far, now at startProcess: done updating pids map
05-22 09:45:58.070 W/ActivityManager( 2161): Slow operation: 72ms so far, now at startProcess: done starting proc!
05-22 09:45:58.118 W/art     ( 3045): Unexpected CPU variant for X86 using defaults: x86_64
05-22 09:45:58.247 W/System  ( 3033): ClassLoader referenced unknown path: /system/app/Calendar/lib/x86_64
05-22 09:45:58.262 W/System  ( 3045): ClassLoader referenced unknown path: /system/priv-app/CarrierConfig/lib/x86_64
05-22 09:45:58.361 D/DefaultCarrierConfigService( 3045): Service created
05-22 09:45:58.370 D/CarrierConfigLoader( 2568): Connected to config app: com.android.carrierconfig/com.android.carrierconfig.DefaultCarrierConfigService
05-22 09:45:58.370 D/CarrierConfigLoader( 2568): mHandler: 3 phoneId: 0
05-22 09:45:58.377 D/DefaultCarrierConfigService( 3045): Config being fetched
05-22 09:45:58.381 D/DefaultCarrierConfigService( 3045): java.io.FileNotFoundException: carrier_config_.xml
05-22 09:45:58.389 E/CarrierConfigLoader( 2568): Cannot save config with null packageName or iccid.
05-22 09:45:58.399 D/CarrierConfigLoader( 2568): mHandler: 5 phoneId: 0
05-22 09:45:58.401 E/PhoneInterfaceManager( 2568): [PhoneIntfMgr] getCarrierPackageNamesForIntent: No UICC
05-22 09:45:58.450 I/Telecom ( 2161): PhoneAccountRegistrar: SimCallManager queried, returning: null: TSI.gSCMFU@AAc
05-22 09:45:58.659 D/ExtensionsFactory( 3033): No custom extensions.
05-22 09:45:58.673 D/AlertReceiver( 3033): onReceive: a=android.intent.action.BOOT_COMPLETED Intent { act=android.intent.action.BOOT_COMPLETED flg=0x9000010 cmp=com.android.calendar/.alerts.AlertReceiver (has extras) }
05-22 09:45:58.710 I/AlarmClock( 2720): AlarmInitReceiver android.intent.action.BOOT_COMPLETED
05-22 09:45:58.716 D/AlertUtils( 3033): Flushing old alerts from shared prefs table
05-22 09:45:58.779 D/AlertService( 3033): 0 Action = android.intent.action.BOOT_COMPLETED
05-22 09:45:58.794 D/AlertService( 3033): Scheduling next alarm with AlarmScheduler. sEventReminderReceived: null
05-22 09:45:58.880 I/ActivityManager( 2161): Start proc 3070:com.android.providers.calendar/u0a2 for content provider com.android.providers.calendar/.CalendarProvider2
05-22 09:45:58.899 W/art     ( 3070): Unexpected CPU variant for X86 using defaults: x86_64
05-22 09:45:58.945 V/AlarmClock( 2720): AlarmInitReceiver finished
05-22 09:45:58.973 I/ActivityManager( 2161): Start proc 3084:com.android.email/u0a34 for broadcast com.android.email/.service.EmailBroadcastReceiver
05-22 09:45:58.982 W/art     ( 3084): Unexpected CPU variant for X86 using defaults: x86_64
05-22 09:45:59.115 W/System  ( 3070): ClassLoader referenced unknown path: /system/priv-app/CalendarProvider/lib/x86_64
05-22 09:45:59.132 W/System  ( 3084): ClassLoader referenced unknown path: /system/app/Email/lib/x86_64
05-22 09:45:59.584 I/CalendarProvider2( 3070): Created com.android.providers.calendar.CalendarAlarmManager@6cdae72(com.android.providers.calendar.CalendarProvider2@ee632c3)
05-22 09:45:59.719 D/AlarmScheduler( 3033): No events found starting within 1 week.
05-22 09:46:00.669 W/ActivityManager( 2161): Unable to start service Intent { act=com.android.email.EXCHANGE_INTENT pkg=com.android.exchange } U=0: not found
05-22 09:46:00.699 D/ActivityThread( 3084): Loading provider com.android.email.provider;com.android.email.notifier: com.android.email.provider.EmailProvider
05-22 09:46:00.738 I/CalendarProvider2( 3070): Sending notification intent: Intent { act=android.intent.action.PROVIDER_CHANGED dat=content://com.android.calendar flg=0x20000000 }
05-22 09:46:00.740 W/ContentResolver( 3070): Failed to get type for: content://com.android.calendar (Unknown URL content://com.android.calendar)
05-22 09:46:00.770 W/ActivityManager( 2161): Unable to start service Intent { act=com.android.email.EXCHANGE_INTENT pkg=com.android.exchange } U=0: not found
05-22 09:46:00.795 D/ActivityThread( 3084): Loading provider com.android.email.provider;com.android.email.notifier: com.android.email.provider.EmailProvider
05-22 09:46:00.798 W/ActivityManager( 2161): Unable to start service Intent { act=com.android.email.EXCHANGE_INTENT pkg=com.android.exchange } U=0: not found
05-22 09:46:00.947 W/ActivityManager( 2161): Unable to start service Intent { cmp=com.android.email/.service.AttachmentService } U=0: not found
05-22 09:46:01.017 W/ActivityManager( 2161): Unable to start service Intent { act=com.android.email.EXCHANGE_INTENT pkg=com.android.exchange } U=0: not found
05-22 09:46:01.029 W/ActivityManager( 2161): Unable to start service Intent { cmp=com.android.email/.service.AttachmentService } U=0: not found
05-22 09:46:01.037 I/Email   ( 3084): Observing account changes for notifications
05-22 09:46:01.077 W/ActivityManager( 2161): Unable to start service Intent { cmp=com.android.email/.service.AttachmentService } U=0: not found
05-22 09:46:01.092 W/ActivityManager( 2161): Unable to start service Intent { act=com.android.email.EXCHANGE_INTENT pkg=com.android.exchange } U=0: not found
05-22 09:46:01.133 W/ActivityManager( 2161): Unable to start service Intent { act=com.android.email.EXCHANGE_INTENT pkg=com.android.exchange } U=0: not found
05-22 09:46:01.200 I/SystemBroadcastReceiver( 2372): Boot has been completed
05-22 09:46:01.200 I/SystemBroadcastReceiver( 2372): toggleAppIcon() : FLAG_SYSTEM = true
05-22 09:46:01.216 W/ActivityManager( 2161): Unable to start service Intent { act=com.android.email.EXCHANGE_INTENT pkg=com.android.exchange } U=0: not found
05-22 09:46:01.223 W/ActivityManager( 2161): Unable to start service Intent { act=com.android.email.EXCHANGE_INTENT pkg=com.android.exchange } U=0: not found
05-22 09:46:01.247 E/ActivityThread( 3084): Service com.android.email.service.EmailBroadcastProcessorService has leaked ServiceConnection com.android.emailcommon.service.ServiceProxy$ProxyConnection@cbf61a5 that was originally bound here
05-22 09:46:01.247 E/ActivityThread( 3084): android.app.ServiceConnectionLeaked: Service com.android.email.service.EmailBroadcastProcessorService has leaked ServiceConnection com.android.emailcommon.service.ServiceProxy$ProxyConnection@cbf61a5 that was originally bound here
05-22 09:46:01.247 E/ActivityThread( 3084): 	at android.app.LoadedApk$ServiceDispatcher.<init>(LoadedApk.java:1336)
05-22 09:46:01.247 E/ActivityThread( 3084): 	at android.app.LoadedApk.getServiceDispatcher(LoadedApk.java:1231)
05-22 09:46:01.247 E/ActivityThread( 3084): 	at android.app.ContextImpl.bindServiceCommon(ContextImpl.java:1450)
05-22 09:46:01.247 E/ActivityThread( 3084): 	at android.app.ContextImpl.bindService(ContextImpl.java:1422)
05-22 09:46:01.247 E/ActivityThread( 3084): 	at android.content.ContextWrapper.bindService(ContextWrapper.java:636)
05-22 09:46:01.247 E/ActivityThread( 3084): 	at com.android.emailcommon.service.ServiceProxy.setTask(ServiceProxy.java:181)
05-22 09:46:01.247 E/ActivityThread( 3084): 	at com.android.emailcommon.service.ServiceProxy.test(ServiceProxy.java:224)
05-22 09:46:01.247 E/ActivityThread( 3084): 	at com.android.email.service.EmailServiceUtils.isServiceAvailable(EmailServiceUtils.java:160)
05-22 09:46:01.247 E/ActivityThread( 3084): 	at com.android.email.provider.AccountReconciler.reconcileAccountsInternal(AccountReconciler.java:171)
05-22 09:46:01.247 E/ActivityThread( 3084): 	at com.android.email.provider.AccountReconciler.reconcileAccounts(AccountReconciler.java:115)
05-22 09:46:01.247 E/ActivityThread( 3084): 	at com.android.email.service.EmailBroadcastProcessorService.reconcileAndStartServices(EmailBroadcastProcessorService.java:305)
05-22 09:46:01.247 E/ActivityThread( 3084): 	at com.android.email.service.EmailBroadcastProcessorService.onBootCompleted(EmailBroadcastProcessorService.java:295)
05-22 09:46:01.247 E/ActivityThread( 3084): 	at com.android.email.service.EmailBroadcastProcessorService.onHandleIntent(EmailBroadcastProcessorService.java:130)
05-22 09:46:01.247 E/ActivityThread( 3084): 	at android.app.IntentService$ServiceHandler.handleMessage(IntentService.java:68)
05-22 09:46:01.247 E/ActivityThread( 3084): 	at android.os.Handler.dispatchMessage(Handler.java:102)
05-22 09:46:01.247 E/ActivityThread( 3084): 	at android.os.Looper.loop(Looper.java:154)
05-22 09:46:01.247 E/ActivityThread( 3084): 	at android.os.HandlerThread.run(HandlerThread.java:61)
05-22 09:46:01.253 W/ActivityManager( 2161): Unbind failed: could not find connection for android.os.BinderProxy@257ab4a
05-22 09:46:01.292 I/ActivityManager( 2161): Start proc 3109:com.android.managedprovisioning/u0a14 for broadcast com.android.managedprovisioning/.BootReminder
05-22 09:46:01.311 W/art     ( 3109): Unexpected CPU variant for X86 using defaults: x86_64
05-22 09:46:01.400 W/System  ( 3109): ClassLoader referenced unknown path: /system/priv-app/ManagedProvisioning/lib/x86_64
05-22 09:46:01.485 I/ActivityManager( 2161): Start proc 3123:com.android.messaging/u0a54 for broadcast com.android.messaging/.receiver.BootAndPackageReplacedReceiver
05-22 09:46:01.509 W/art     ( 3123): Unexpected CPU variant for X86 using defaults: x86_64
05-22 09:46:01.613 W/System  ( 3123): ClassLoader referenced unknown path: /system/app/messaging/lib/x86_64
05-22 09:46:02.958 V/VvmBootCompletedRcvr( 2568): processing subId list
05-22 09:46:02.976 I/MessagingApp( 3123): Carrier config changed. Reloading MMS config.
05-22 09:46:03.018 E/VvmBootCompletedRcvr( 2568): phone account ComponentInfo{com.android.phone/com.android.services.telephony.TelephonyConnectionService}, [e2f7d48dd2b5ca523e7313cf4ba0f6ea830b6281], UserHandle{0} has invalid subId -1
05-22 09:46:03.066 I/MessagingAppDataModel( 3123): Fixup: Send failed - 0 Download failed - 0
05-22 09:46:03.373 I/MessagingAppDataModel( 3123): SyncMessagesAction: Starting batch for messages from 1616676894217 to 1621676762873 (message update limit = 80, message scan limit = 4000)
05-22 09:46:03.499 I/VvmSimChangeReceiver( 2568): Received SIM change for invalid subscription id.
05-22 09:46:03.648 D/AlertReceiver( 3033): onReceive: a=android.intent.action.PROVIDER_CHANGED Intent { act=android.intent.action.PROVIDER_CHANGED dat=content://com.android.calendar flg=0x20000010 cmp=com.android.calendar/.alerts.AlertReceiver }
05-22 09:46:03.677 D/AlertService( 3033): 0 Action = android.intent.action.PROVIDER_CHANGED
05-22 09:46:04.312 I/MessagingAppDataModel( 3123): SyncMessagesAction: All messages now in sync
05-22 09:46:05.268 W/MediaScanner( 2939): Error opening directory '/oem/media/', skipping: No such file or directory.
05-22 09:46:05.454 V/MediaScanner( 2939): pruneDeadThumbnailFiles... android.content.ContentProviderClient$CursorWrapperInner@dda2bcc
05-22 09:46:05.456 V/MediaScanner( 2939): /pruneDeadThumbnailFiles... android.content.ContentProviderClient$CursorWrapperInner@dda2bcc
05-22 09:46:08.720 I/GlobalDismissManager( 3033): no sender configured
05-22 09:46:08.721 D/AlertService( 3033): Beginning updateAlertNotification
05-22 09:46:08.759 D/AlertService( 3033): No fired or scheduled alerts
05-22 09:46:08.787 D/AlertService( 3033): Scheduling next alarm with AlarmScheduler. sEventReminderReceived: null
05-22 09:46:08.818 D/AlarmScheduler( 3033): No events found starting within 1 week.
05-22 09:46:13.798 I/ActivityManager( 2161): Waited long enough for: ServiceRecord{d9516fd u0 com.android.calendar/.alerts.InitAlarmsService}
05-22 09:46:27.492 W//sbin/adbd( 1323): type=1400 audit(0.0:16): avc: denied { search } for comm=7365727669636520363233 name="security" dev="vdc" ino=35203 scontext=u:r:adbd:s0 tcontext=u:object_r:security_file:s0 tclass=dir permissive=0
05-22 09:46:28.856 D/InitAlarmsService( 3033): Clearing and rescheduling alarms.
05-22 09:46:29.002 I/art     ( 2161): Background partial concurrent mark sweep GC freed 12418(956KB) AllocSpace objects, 11(444KB) LOS objects, 29% free, 9MB/13MB, paused 2.737ms total 109.459ms
05-22 09:47:15.530 D/AndroidRuntime( 3157): >>>>>> START com.android.internal.os.RuntimeInit uid 2000 <<<<<<
05-22 09:47:15.551 D/AndroidRuntime( 3157): CheckJNI is ON
05-22 09:47:15.850 W/art     ( 3157): Unexpected CPU variant for X86 using defaults: x86_64
05-22 09:47:15.883 D/ICU     ( 3157): No timezone override file found: /data/misc/zoneinfo/current/icu/icu_tzdata.dat
05-22 09:47:16.028 E/memtrack( 3157): Couldn't load memtrack module (No such file or directory)
05-22 09:47:16.029 E/android.os.Debug( 3157): failed to load memtrack module: -2
05-22 09:47:16.034 I/Radio-JNI( 3157): register_android_hardware_Radio DONE
05-22 09:47:16.289 D/AndroidRuntime( 3157): Calling main entry com.android.commands.pm.Pm
05-22 09:47:16.504 I/        ( 1330): free_cache(131999116) avail 809861120
05-22 09:47:32.700 W/ActivityManager( 2161): Slow operation: 93ms so far, now at startProcess: returned from zygote!
05-22 09:47:32.701 W/ActivityManager( 2161): Slow operation: 95ms so far, now at startProcess: done updating battery stats
05-22 09:47:32.702 W/ActivityManager( 2161): Slow operation: 96ms so far, now at startProcess: building log message
05-22 09:47:32.702 I/ActivityManager( 2161): Start proc 3168:com.android.defcontainer/u0a7 for service com.android.defcontainer/.DefaultContainerService
05-22 09:47:32.702 W/ActivityManager( 2161): Slow operation: 96ms so far, now at startProcess: starting to update pids map
05-22 09:47:32.702 W/ActivityManager( 2161): Slow operation: 97ms so far, now at startProcess: done updating pids map
05-22 09:47:32.702 W/ActivityManager( 2161): Slow operation: 99ms so far, now at startProcess: done starting proc!
05-22 09:47:32.758 W/art     ( 3168): Unexpected CPU variant for X86 using defaults: x86_64
05-22 09:47:33.483 I/PackageManager.DexOptimizer( 2161): Running dexopt (dex2oat) on: /data/app/vmdl1577591667.tmp/base.apk pkg=jp.jaxa.iss.kibo.rpc.sampleapk isa=x86_64 vmSafeMode=false debuggable=true target-filter=interpret-only oatDir = /data/app/vmdl1577591667.tmp/oat sharedLibraries=null
05-22 09:47:33.659 W/dex2oat ( 3183): Unexpected CPU variant for X86 using defaults: x86_64
05-22 09:47:33.677 I/dex2oat ( 3183): /system/bin/dex2oat --compiler-filter=interpret-only --debuggable
05-22 09:47:35.413 W/dex2oat ( 3183): Before Android 4.1, method int android.support.v7.widget.ListViewCompat.lookForSelectablePosition(int, boolean) would have incorrectly overridden the package-private method in android.widget.ListView
05-22 09:47:35.442 W/dex2oat ( 3183): Before Android 4.1, method android.graphics.PorterDuffColorFilter android.support.graphics.drawable.VectorDrawableCompat.updateTintFilter(android.graphics.PorterDuffColorFilter, android.content.res.ColorStateList, android.graphics.PorterDuff$Mode) would have incorrectly overridden the package-private method in android.graphics.drawable.Drawable
05-22 09:47:44.610 W/dex2oat ( 3183): Compilation of java.lang.String org.opencv.android.StaticHelper.getLibraryList() took 146.969ms
05-22 09:47:44.615 W/dex2oat ( 3183): Compilation of void org.opencv.android.Utils.nBitmapToMat2(android.graphics.Bitmap, long, boolean) took 150.384ms
05-22 09:47:45.035 W/dex2oat ( 3183): Compilation of void org.opencv.aruco.Aruco.refineDetectedMarkers_3(long, long, long, long, long, long, long, float, float) took 350.553ms
05-22 09:47:46.937 I/dex2oat ( 3183): dex2oat took 13.286s (threads: 2) arena alloc=678KB (694752B) java alloc=7MB (7504096B) native alloc=15MB (16160912B) free=4MB (4286320B)
05-22 09:47:47.182 D/installd( 1330): Detected label change from u:object_r:system_data_file:s0 to u:object_r:app_data_file:s0:c512,c768 at /data/data/jp.jaxa.iss.kibo.rpc.sampleapk; running recursive restorecon
05-22 09:47:47.195 D/installd( 1330): Detected label change from u:object_r:system_data_file:s0 to u:object_r:app_data_file:s0:c512,c768 at /data/user_de/0/jp.jaxa.iss.kibo.rpc.sampleapk; running recursive restorecon
05-22 09:47:47.205 V/BackupManagerService( 2161): restoreAtInstall pkg=jp.jaxa.iss.kibo.rpc.sampleapk token=1 restoreSet=0
05-22 09:47:47.208 W/BackupManagerService( 2161): Requested unavailable transport: android/com.android.internal.backup.LocalTransport
05-22 09:47:47.208 W/BackupManagerService( 2161): No transport
05-22 09:47:47.208 V/BackupManagerService( 2161): Finishing install immediately
05-22 09:47:47.236 I/GnssLocationProvider( 2161): WakeLock acquired by sendMessage(3, 0, com.android.server.location.GnssLocationProvider$GpsRequest@d392595)
05-22 09:47:47.251 D/VoldConnector( 2161): SND -> {9 volume remount_uid 10064 default}
05-22 09:47:47.257 I/GnssLocationProvider( 2161): WakeLock acquired by sendMessage(3, 0, com.android.server.location.GnssLocationProvider$GpsRequest@10696aa)
05-22 09:47:47.258 I/GnssLocationProvider( 2161): WakeLock released by handleMessage(3, 0, com.android.server.location.GnssLocationProvider$GpsRequest@d392595)
05-22 09:47:47.286 D/vold    ( 1275): Remounting 10064 as mode default
05-22 09:47:47.311 D/VoldConnector( 2161): RCV <- {200 9 Command succeeded}
05-22 09:47:47.327 D/VoldConnector( 2161): SND -> {10 volume remount_uid 10064 write}
05-22 09:47:47.329 D/vold    ( 1275): Remounting 10064 as mode write
05-22 09:47:47.331 I/GnssLocationProvider( 2161): WakeLock acquired by sendMessage(3, 0, com.android.server.location.GnssLocationProvider$GpsRequest@332229b)
05-22 09:47:47.343 D/VoldConnector( 2161): RCV <- {200 10 Command succeeded}
05-22 09:47:47.361 I/GnssLocationProvider( 2161): WakeLock released by handleMessage(3, 0, com.android.server.location.GnssLocationProvider$GpsRequest@10696aa)
05-22 09:47:47.362 I/GnssLocationProvider( 2161): WakeLock released by handleMessage(3, 0, com.android.server.location.GnssLocationProvider$GpsRequest@332229b)
05-22 09:47:47.385 I/art     ( 2161): Starting a blocking GC Explicit
05-22 09:47:47.480 I/art     ( 2161): Explicit concurrent mark sweep GC freed 21162(1312KB) AllocSpace objects, 12(288KB) LOS objects, 29% free, 9MB/13MB, paused 2.346ms total 91.060ms
05-22 09:47:47.483 E/        ( 1330): Couldn't opendir /data/app/vmdl1577591667.tmp: No such file or directory
05-22 09:47:47.646 W/ActivityManager( 2161): Slow operation: 58ms so far, now at startProcess: returned from zygote!
05-22 09:47:47.646 W/ActivityManager( 2161): Slow operation: 59ms so far, now at startProcess: done updating battery stats
05-22 09:47:47.647 W/ActivityManager( 2161): Slow operation: 59ms so far, now at startProcess: building log message
05-22 09:47:47.647 I/ActivityManager( 2161): Start proc 3187:com.android.gallery3d/u0a39 for broadcast com.android.gallery3d/.app.PackagesMonitor
05-22 09:47:47.647 W/ActivityManager( 2161): Slow operation: 59ms so far, now at startProcess: starting to update pids map
05-22 09:47:47.647 W/ActivityManager( 2161): Slow operation: 59ms so far, now at startProcess: done updating pids map
05-22 09:47:47.647 W/ActivityManager( 2161): Slow operation: 60ms so far, now at startProcess: done starting proc!
05-22 09:47:47.659 I/InputReader( 2161): Reconfiguring input devices.  changes=0x00000010
05-22 09:47:47.662 W/art     ( 3187): Unexpected CPU variant for X86 using defaults: x86_64
05-22 09:47:47.685 I/art     ( 3157): System.exit called, status: 0
05-22 09:47:47.686 I/AndroidRuntime( 3157): VM exiting with result code 0.
05-22 09:47:48.088 E/PhoneInterfaceManager( 2568): [PhoneIntfMgr] getCarrierPackageNamesForIntent: No UICC
05-22 09:47:48.088 D/CarrierSvcBindHelper( 2568): No carrier app for: 0
05-22 09:47:48.091 D/CarrierConfigLoader( 2568): mHandler: 9 phoneId: 0
05-22 09:47:48.479 W/VoiceInteractionManagerService( 2161): no available voice recognition services found for user 0
05-22 09:47:49.014 W/art     ( 3207): Unexpected CPU variant for X86 using defaults: x86_64
05-22 09:47:49.061 W/ActivityManager( 2161): Slow operation: 98ms so far, now at startProcess: returned from zygote!
05-22 09:47:49.062 W/ActivityManager( 2161): Slow operation: 98ms so far, now at startProcess: done updating battery stats
05-22 09:47:49.062 W/ActivityManager( 2161): Slow operation: 98ms so far, now at startProcess: building log message
05-22 09:47:49.062 I/ActivityManager( 2161): Start proc 3207:com.svox.pico/u0a49 for broadcast com.svox.pico/.VoiceDataInstallerReceiver
05-22 09:47:49.062 W/ActivityManager( 2161): Slow operation: 99ms so far, now at startProcess: starting to update pids map
05-22 09:47:49.062 W/ActivityManager( 2161): Slow operation: 99ms so far, now at startProcess: done updating pids map
05-22 09:47:49.062 W/ActivityManager( 2161): Slow operation: 99ms so far, now at startProcess: done starting proc!
05-22 09:47:49.193 I/ActivityManager( 2161): Killing 2909:com.android.keychain/1000 (adj 906): empty #17
05-22 09:47:49.215 D/ActivityManager( 2161): cleanUpApplicationRecord -- 2909
05-22 09:50:08.129 D/AndroidRuntime( 3221): >>>>>> START com.android.internal.os.RuntimeInit uid 2000 <<<<<<
05-22 09:50:08.163 D/AndroidRuntime( 3221): CheckJNI is ON
05-22 09:50:08.675 W/art     ( 3221): Unexpected CPU variant for X86 using defaults: x86_64
05-22 09:50:08.719 D/ICU     ( 3221): No timezone override file found: /data/misc/zoneinfo/current/icu/icu_tzdata.dat
05-22 09:50:08.938 E/memtrack( 3221): Couldn't load memtrack module (No such file or directory)
05-22 09:50:08.938 E/android.os.Debug( 3221): failed to load memtrack module: -2
05-22 09:50:08.947 I/Radio-JNI( 3221): register_android_hardware_Radio DONE
05-22 09:50:09.066 D/AndroidRuntime( 3221): Calling main entry com.android.commands.am.Am
05-22 09:50:09.173 I/ActivityManager( 2161): Start proc 3231:gov.nasa.arc.astrobee.android.gs.manager/u0a63 for service gov.nasa.arc.astrobee.android.gs.manager/.ManagerService
05-22 09:50:09.173 W/ActivityManager( 2161): Slow operation: 51ms so far, now at startProcess: done starting proc!
05-22 09:50:09.182 I/art     ( 3231): Not late-enabling -Xcheck:jni (already on)
05-22 09:50:09.185 D/AndroidRuntime( 3221): Shutting down VM
05-22 09:50:09.200 W/art     ( 3231): Unexpected CPU variant for X86 using defaults: x86_64
05-22 09:50:09.345 W/System  ( 3231): ClassLoader referenced unknown path: /data/app/gov.nasa.arc.astrobee.android.gs.manager-1/lib/x86_64
05-22 09:50:09.961 E/Notification( 3231): setLatestEventInfo() is deprecated and you should feel deprecated.
05-22 09:50:09.961 E/Notification( 3231): java.lang.Throwable
05-22 09:50:09.961 E/Notification( 3231): 	at android.app.Notification.setLatestEventInfo(Notification.java:2076)
05-22 09:50:09.961 E/Notification( 3231): 	at org.ros.android.NodeMainExecutorService.onStartCommand(NodeMainExecutorService.java:220)
05-22 09:50:09.961 E/Notification( 3231): 	at android.app.ActivityThread.handleServiceArgs(ActivityThread.java:3326)
05-22 09:50:09.961 E/Notification( 3231): 	at android.app.ActivityThread.-wrap21(ActivityThread.java)
05-22 09:50:09.961 E/Notification( 3231): 	at android.app.ActivityThread$H.handleMessage(ActivityThread.java:1582)
05-22 09:50:09.961 E/Notification( 3231): 	at android.os.Handler.dispatchMessage(Handler.java:102)
05-22 09:50:09.961 E/Notification( 3231): 	at android.os.Looper.loop(Looper.java:154)
05-22 09:50:09.961 E/Notification( 3231): 	at android.app.ActivityThread.main(ActivityThread.java:6119)
05-22 09:50:09.961 E/Notification( 3231): 	at java.lang.reflect.Method.invoke(Native Method)
05-22 09:50:09.961 E/Notification( 3231): 	at com.android.internal.os.ZygoteInit$MethodAndArgsCaller.run(ZygoteInit.java:886)
05-22 09:50:09.961 E/Notification( 3231): 	at com.android.internal.os.ZygoteInit.main(ZygoteInit.java:776)
05-22 09:50:11.081 D/NotificationSQLiteLog( 2161): Pruned event entries: 15
05-22 09:50:11.331 I/Registrar( 3231): MasterXmlRpcEndpoint URI: http://llp:11311
05-22 09:50:11.541 I/Registrar( 3231): Registering publisher: Publisher<PublisherDefinition<PublisherIdentifier<NodeIdentifier</guest_science_manager, http://hlp:35645/>, TopicIdentifier</rosout>>, Topic<TopicIdentifier</rosout>, TopicDescription<rosgraph_msgs/Log, acffd30cd6b6de30f120938c17c593fb>>>>
05-22 09:50:12.164 I/Choreographer( 2758): Skipped 38 frames!  The application may be doing too much work on its main thread.
05-22 09:50:13.731 I/Registrar( 3231): Response<Success, Registered [/guest_science_manager] as publisher of [/rosout], [http://10.42.0.34:42053/]>
05-22 09:50:13.751 I/DefaultPublisher( 3231): Publisher registered: Publisher<PublisherDefinition<PublisherIdentifier<NodeIdentifier</guest_science_manager, http://hlp:35645/>, TopicIdentifier</rosout>>, Topic<TopicIdentifier</rosout>, TopicDescription<rosgraph_msgs/Log, acffd30cd6b6de30f120938c17c593fb>>>>
05-22 09:50:14.008 I/Registrar( 3231): Registering subscriber: Subscriber<Topic<TopicIdentifier</clock>, TopicDescription<rosgraph_msgs/Clock, a9c97c1d230cfc112e270351a944ee47>>>
05-22 09:50:14.162 I/Registrar( 3231): Response<Success, Subscribed to [/clock], [http://10.42.0.34:37675/]>
05-22 09:50:14.193 I/DefaultSubscriber( 3231): Subscriber registered: Subscriber<Topic<TopicIdentifier</clock>, TopicDescription<rosgraph_msgs/Clock, a9c97c1d230cfc112e270351a944ee47>>>
05-22 09:50:14.370 I/Registrar( 3231): Registering publisher: Publisher<PublisherDefinition<PublisherIdentifier<NodeIdentifier</guest_science_manager, http://hlp:35645/>, TopicIdentifier</gs/gs_manager/ack>>, Topic<TopicIdentifier</gs/gs_manager/ack>, TopicDescription<ff_msgs/AckStamped, cebddec69fd770df54633be444a9187d>>>>
05-22 09:50:14.544 I/Registrar( 3231): Registering publisher: Publisher<PublisherDefinition<PublisherIdentifier<NodeIdentifier</guest_science_manager, http://hlp:35645/>, TopicIdentifier</gs/gs_manager/config>>, Topic<TopicIdentifier</gs/gs_manager/config>, TopicDescription<ff_msgs/GuestScienceConfig, c6f632ed2411de4159494a3e7754794e>>>>
05-22 09:50:14.680 I/Registrar( 3231): Response<Success, Registered [/guest_science_manager] as publisher of [/gs/gs_manager/ack], [http://10.42.0.34:41340/]>
05-22 09:50:14.686 I/DefaultPublisher( 3231): Publisher registered: Publisher<PublisherDefinition<PublisherIdentifier<NodeIdentifier</guest_science_manager, http://hlp:35645/>, TopicIdentifier</gs/gs_manager/ack>>, Topic<TopicIdentifier</gs/gs_manager/ack>, TopicDescription<ff_msgs/AckStamped, cebddec69fd770df54633be444a9187d>>>>
05-22 09:50:14.762 I/Registrar( 3231): Registering publisher: Publisher<PublisherDefinition<PublisherIdentifier<NodeIdentifier</guest_science_manager, http://hlp:35645/>, TopicIdentifier</gs/data>>, Topic<TopicIdentifier</gs/data>, TopicDescription<ff_msgs/GuestScienceData, edd2c791ea93ffa7cb0ec80c5bb00972>>>>
05-22 09:50:14.922 W/art     ( 3231): Suspending all threads took: 5.183ms
05-22 09:50:14.987 I/Registrar( 3231): Registering publisher: Publisher<PublisherDefinition<PublisherIdentifier<NodeIdentifier</guest_science_manager, http://hlp:35645/>, TopicIdentifier</gs/gs_manager/state>>, Topic<TopicIdentifier</gs/gs_manager/state>, TopicDescription<ff_msgs/GuestScienceState, 24e5a1ba8527257cc710720a32de6e51>>>>
05-22 09:50:15.078 I/Registrar( 3231): Response<Success, Registered [/guest_science_manager] as publisher of [/gs/gs_manager/config], [http://10.42.0.34:41340/, http://10.42.0.34:37634/]>
05-22 09:50:15.155 I/DefaultPublisher( 3231): Publisher registered: Publisher<PublisherDefinition<PublisherIdentifier<NodeIdentifier</guest_science_manager, http://hlp:35645/>, TopicIdentifier</gs/gs_manager/config>>, Topic<TopicIdentifier</gs/gs_manager/config>, TopicDescription<ff_msgs/GuestScienceConfig, c6f632ed2411de4159494a3e7754794e>>>>
05-22 09:50:15.346 I/Registrar( 3231): Response<Success, Registered [/guest_science_manager] as publisher of [/gs/data], [http://10.42.0.34:32908/, http://10.42.0.34:37634/, http://10.42.0.34:37885/]>
05-22 09:50:15.381 I/DefaultPublisher( 3231): Publisher registered: Publisher<PublisherDefinition<PublisherIdentifier<NodeIdentifier</guest_science_manager, http://hlp:35645/>, TopicIdentifier</gs/data>>, Topic<TopicIdentifier</gs/data>, TopicDescription<ff_msgs/GuestScienceData, edd2c791ea93ffa7cb0ec80c5bb00972>>>>
05-22 09:50:15.743 I/Registrar( 3231): Registering subscriber: Subscriber<Topic<TopicIdentifier</mgt/executive/command>, TopicDescription<ff_msgs/CommandStamped, ac01350894b1be9e3a7b4f390a14812d>>>
05-22 09:50:15.747 I/Registrar( 3231): Response<Success, Registered [/guest_science_manager] as publisher of [/gs/gs_manager/state], [http://10.42.0.34:41340/, http://10.42.0.34:37634/]>
05-22 09:50:15.789 W/art     ( 3231): Long monitor contention with owner XML-RPC Weblistener (3253) at org.apache.xmlrpc.util.ThreadPool$Poolable org.apache.xmlrpc.util.ThreadPool.getPoolable(org.apache.xmlrpc.util.ThreadPool$Task, boolean)(ThreadPool.java:179) waiters=1 in void org.apache.xmlrpc.util.ThreadPool.repool(org.apache.xmlrpc.util.ThreadPool$Poolable) for 113ms
