05-22 09:42:20.849 I/AudioFlinger( 1326): openOutput(), module 10 Device 2, SamplingRate 48000, Format 0x000001, Channels 3, flags 2
05-22 09:42:20.908 I/AudioFlinger( 1326): HAL output buffer size 720 frames, normal sink buffer size 1152 frames
05-22 09:42:21.118 I/mediaserver( 1345): ServiceManager: 0xebcbc0a0
05-22 09:42:21.281 W/BatteryNotifier( 1345): batterystats service unavailable!
05-22 09:42:21.307 I/BufferProvider( 1326): found effect "Multichannel Downmix To Stereo" from The Android Open Source Project
05-22 09:42:21.379 I/cameraserver( 1327): ServiceManager: 0xe6bbc020
05-22 09:42:21.382 I/AudioFlinger( 1326): Using module 10 has the primary audio interface
05-22 09:42:21.385 I/AudioFlinger( 1326): AudioFlinger's thread 0xf4e83f00 ready to run
05-22 09:42:21.391 W/BatteryNotifier( 1326): batterystats service unavailable!
05-22 09:42:21.443 W/BatteryNotifier( 1326): batterystats service unavailable!
05-22 09:42:21.451 W/BatteryNotifier( 1326): batterystats service unavailable!
05-22 09:42:21.462 W/AudioFlinger( 1326): no wake lock to update, system not ready yet
05-22 09:42:21.464 I/CameraService( 1327): CameraService started (pid=1327)
05-22 09:42:21.465 I/CameraService( 1327): CameraService process starting
05-22 09:42:21.466 W/BatteryNotifier( 1327): batterystats service unavailable!
05-22 09:42:21.468 W/BatteryNotifier( 1327): batterystats service unavailable!
05-22 09:42:21.511 I/AudioFlinger( 1326): AudioFlinger's thread 0xf4983bc0 ready to run
05-22 09:42:21.554 I/r_submix( 1326): adev_open(name=audio_hw_if)
05-22 09:42:21.554 I/r_submix( 1326): adev_init_check()
05-22 09:42:21.555 I/AudioFlinger( 1326): loadHwModule() Loaded r_submix audio interface from Wifi Display audio HAL (audio) handle 18
05-22 09:42:21.555 D/r_submix( 1326): adev_open_input_stream(addr=0)
05-22 09:42:21.555 D/r_submix( 1326): submix_audio_device_create_pipe_l(addr=0, idx=9)
05-22 09:42:21.555 D/r_submix( 1326):   now using address 0 for route 9
05-22 09:42:21.593 I/AudioFlinger( 1326): AudioFlinger's thread 0xf4a83300 ready to run
05-22 09:42:21.600 D/r_submix( 1326): adev_close_input_stream()
05-22 09:42:21.601 D/r_submix( 1326): submix_audio_device_release_pipe_l(idx=9) addr=0
05-22 09:42:21.620 D/r_submix( 1326): submix_audio_device_destroy_pipe_l(): pipe destroyed
05-22 09:42:21.625 I/RadioService( 1326): RadioService
05-22 09:42:21.625 I/RadioService( 1326): onFirstRef
05-22 09:42:21.625 E/RadioService( 1326): couldn't load radio module radio.primary (No such file or directory)
05-22 09:42:21.654 E/SoundTriggerHwService( 1326): couldn't load sound trigger module sound_trigger.primary (No such file or directory)
05-22 09:42:21.665 D/EmulatedCamera_QemuClient( 1327): Emulated camera list: 
05-22 09:42:21.666 D/EmulatedCamera_FakeCamera( 1327): Initialize: Fake camera is facing back
05-22 09:42:21.668 V/EmulatedCamera_Device( 1327): initializeWhiteBalanceModes with auto, 1.000000, 1.000000
05-22 09:42:21.669 V/EmulatedCamera_Device( 1327): initializeWhiteBalanceModes with incandescent, 1.380000, 0.600000
05-22 09:42:21.669 V/EmulatedCamera_Device( 1327): initializeWhiteBalanceModes with daylight, 1.090000, 0.920000
05-22 09:42:21.669 V/EmulatedCamera_Device( 1327): initializeWhiteBalanceModes with twilight, 0.920000, 1.220000
05-22 09:42:21.669 V/EmulatedCamera_Device( 1327): setWhiteBalanceMode with white balance auto
05-22 09:42:21.669 E/EmulatedCamera_Factory( 1327): 1 cameras are being emulated. 0 of them are fake cameras.
05-22 09:42:21.701 E/EmulatedCamera_HotplugThread( 1327): createFileIfNotExists: Could not create file '/data/misc/media/emulator.camera.hotplug.0', error: 'Permission denied' (13)
05-22 09:42:21.704 I/CameraService( 1327): Loaded "Emulated Camera Module" camera module
05-22 09:42:21.705 E/CameraService( 1327): setUpVendorTags: Vendor tag operations not fully defined. Ignoring definitions.
05-22 09:42:21.705 V/EmulatedCamera_Camera( 1327): getCameraInfo
05-22 09:42:21.706 V/EmulatedCamera_BaseCamera( 1327): getCameraInfo
05-22 09:42:21.706 I/CameraFlashlight( 1327): Opening camera 0
05-22 09:42:21.706 V/EmulatedCamera_Camera( 1327): getCameraInfo
05-22 09:42:21.706 V/EmulatedCamera_BaseCamera( 1327): getCameraInfo
05-22 09:42:21.706 V/EmulatedCamera_Camera( 1327): connectCamera
05-22 09:42:21.707 V/EmulatedCamera_FakeDevice( 1327): connectDevice
05-22 09:42:21.732 V/EmulatedCamera_CallbackNotifier( 1327): setCallbacks: 0xe6f4ee80, 0xe6f4eed0, 0xe6f4eff0, 0xe6f4f110 (0xe6bc3140)
05-22 09:42:21.830 V/EmulatedCamera_Preview( 1327): setPreviewWindow: current: 0x0 -> new: 0xe6bc3150
05-22 09:42:21.831 V/EmulatedCamera_Preview( 1327): setPreviewWindow: current: 0xe6bc3150 -> new: 0x0
05-22 09:42:21.831 V/EmulatedCamera_Camera( 1327): doStopPreview
05-22 09:42:21.832 V/EmulatedCamera_Preview( 1327): setPreviewWindow: current: 0x0 -> new: 0x0
05-22 09:42:21.832 V/EmulatedCamera_Camera( 1327): releaseCamera
05-22 09:42:21.832 V/EmulatedCamera_Camera( 1327): doStopPreview
05-22 09:42:21.832 V/EmulatedCamera_FakeDevice( 1327): disconnectDevice
05-22 09:42:21.832 W/EmulatedCamera_Device( 1327): Initialize: Emulated camera device is already initialized: mState = 1
05-22 09:42:21.832 D/EmulatedCamera_FakeCamera( 1327): Initialize: Fake camera is facing back
05-22 09:42:21.833 V/EmulatedCamera_Device( 1327): initializeWhiteBalanceModes with auto, 1.000000, 1.000000
05-22 09:42:21.833 V/EmulatedCamera_Device( 1327): initializeWhiteBalanceModes with incandescent, 1.380000, 0.600000
05-22 09:42:21.833 V/EmulatedCamera_Device( 1327): initializeWhiteBalanceModes with daylight, 1.090000, 0.920000
05-22 09:42:21.833 V/EmulatedCamera_Device( 1327): initializeWhiteBalanceModes with twilight, 0.920000, 1.220000
05-22 09:42:21.833 V/EmulatedCamera_Device( 1327): setWhiteBalanceMode with white balance auto
05-22 09:42:21.833 I/CameraFlashlight( 1327): Destroying camera 0
05-22 09:42:21.833 V/EmulatedCamera_Camera( 1327): closeCamera
05-22 09:42:21.833 V/EmulatedCamera_Camera( 1327): doStopPreview
05-22 09:42:21.834 W/EmulatedCamera_Device( 1327): Initialize: Emulated camera device is already initialized: mState = 1
05-22 09:42:21.834 D/EmulatedCamera_FakeCamera( 1327): Initialize: Fake camera is facing back
05-22 09:42:21.834 V/EmulatedCamera_Device( 1327): initializeWhiteBalanceModes with auto, 1.000000, 1.000000
05-22 09:42:21.834 V/EmulatedCamera_Device( 1327): initializeWhiteBalanceModes with incandescent, 1.380000, 0.600000
05-22 09:42:21.834 V/EmulatedCamera_Device( 1327): initializeWhiteBalanceModes with daylight, 1.090000, 0.920000
05-22 09:42:21.834 V/EmulatedCamera_Device( 1327): initializeWhiteBalanceModes with twilight, 0.920000, 1.220000
05-22 09:42:21.834 V/EmulatedCamera_Device( 1327): setWhiteBalanceMode with white balance auto
05-22 09:42:21.836 V/EmulatedCamera_Camera( 1327): getCameraInfo
05-22 09:42:21.837 V/EmulatedCamera_BaseCamera( 1327): getCameraInfo
05-22 09:42:21.850 I/ServiceManager( 1327): Waiting for service media.camera.proxy...
05-22 09:42:21.859 V/MediaUtils( 1344): physMem: 1043894272
05-22 09:42:21.888 V/MediaUtils( 1344): requested limit: 208778840
05-22 09:42:21.888 V/MediaUtils( 1344): actual limit: 208778840
05-22 09:42:21.888 V/MediaUtils( 1344): original limits: 4294967295/4294967295
05-22 09:42:21.888 V/MediaUtils( 1344): new limits: 208778840/4294967295
05-22 09:42:21.904 I/mediaserver( 1333): ServiceManager: 0xea73c0a0
05-22 09:42:21.940 W//system/bin/mediaextractor( 1344): libminijail: allowing syscall: socketcall
05-22 09:42:21.941 W//system/bin/mediaextractor( 1344): libminijail: allowing syscall: writev
05-22 09:42:21.941 W//system/bin/mediaextractor( 1344): libminijail: allowing syscall: fcntl64
05-22 09:42:21.941 W//system/bin/mediaextractor( 1344): libminijail: allowing syscall: clock_gettime
05-22 09:42:21.946 W//system/bin/mediaextractor( 1344): libminijail: logging seccomp filter failures
05-22 09:42:22.864 I/ServiceManager( 1327): Waiting for service media.camera.proxy...
05-22 09:42:23.890 I/ServiceManager( 1327): Waiting for service media.camera.proxy...
05-22 09:42:24.510 W/BatteryNotifier( 1326): batterystats service unavailable!
05-22 09:42:24.937 I/ServiceManager( 1327): Waiting for service media.camera.proxy...
05-22 09:42:25.940 I/ServiceManager( 1327): Waiting for service media.camera.proxy...
05-22 09:42:32.294 D/AndroidRuntime( 1324): >>>>>> START com.android.internal.os.ZygoteInit uid 0 <<<<<<
05-22 09:42:32.416 E/SurfaceFlinger( 1321): ro.sf.lcd_density must be defined as a build property
05-22 09:42:32.478 D/libEGL  ( 1771): Emulator without GPU support detected. Fallback to legacy software renderer, qemu.gles is set to 0.
05-22 09:42:32.505 D/libEGL  ( 1771): loaded /system/lib64/egl/libGLES_android.so
05-22 09:42:33.016 D/gralloc_ranchu( 1771): Emulator without host-side GPU emulation detected. Loading gralloc.default.so from /vendor/lib64/hw/gralloc.goldfish.default.so...
05-22 09:42:33.051 D/gralloc_ranchu( 1771): gralloc.default.so not found in /vendor. Trying /system/lib64/hw/gralloc.goldfish.default.so...
05-22 09:42:33.151 D/AndroidRuntime( 1324): CheckJNI is ON
05-22 09:42:33.675 E/hostapd ( 1890): Configuration file: /system/etc/simulated_hostapd.conf
05-22 09:42:33.684 D/AndroidRuntime( 1325): >>>>>> START com.android.internal.os.ZygoteInit uid 0 <<<<<<
05-22 09:42:33.781 I/art     ( 1324): option[0]=-Xzygote
05-22 09:42:33.782 I/art     ( 1324): option[1]=-Xcheck:jni
05-22 09:42:33.782 I/art     ( 1324): option[2]=-Xstacktracefile:/data/anr/traces.txt
05-22 09:42:33.782 I/art     ( 1324): option[3]=exit
05-22 09:42:33.782 I/art     ( 1324): option[4]=vfprintf
05-22 09:42:33.782 I/art     ( 1324): option[5]=sensitiveThread
05-22 09:42:33.782 I/art     ( 1324): option[6]=-verbose:gc
05-22 09:42:33.782 I/art     ( 1324): option[7]=-Xms4m
05-22 09:42:33.782 I/art     ( 1324): option[8]=-Xmx256m
05-22 09:42:33.782 I/art     ( 1324): option[9]=-Xusejit:true
05-22 09:42:33.783 I/art     ( 1324): option[10]=-Xjitsaveprofilinginfo
05-22 09:42:33.783 I/art     ( 1324): option[11]=-agentlib:jdwp=transport=dt_android_adb,suspend=n,server=y
05-22 09:42:33.783 I/art     ( 1324): option[12]=-Xlockprofthreshold:500
05-22 09:42:33.783 I/art     ( 1324): option[13]=-Ximage-compiler-option
05-22 09:42:33.783 I/art     ( 1324): option[14]=--runtime-arg
05-22 09:42:33.783 I/art     ( 1324): option[15]=-Ximage-compiler-option
05-22 09:42:33.783 I/art     ( 1324): option[16]=-Xms64m
05-22 09:42:33.783 I/art     ( 1324): option[17]=-Ximage-compiler-option
05-22 09:42:33.783 I/art     ( 1324): option[18]=--runtime-arg
05-22 09:42:33.783 I/art     ( 1324): option[19]=-Ximage-compiler-option
05-22 09:42:33.783 I/art     ( 1324): option[20]=-Xmx64m
05-22 09:42:33.783 I/art     ( 1324): option[21]=-Ximage-compiler-option
05-22 09:42:33.783 I/art     ( 1324): option[22]=--image-classes=/system/etc/preloaded-classes
05-22 09:42:33.783 I/art     ( 1324): option[23]=-Ximage-compiler-option
05-22 09:42:33.783 I/art     ( 1324): option[24]=--compiled-classes=/system/etc/compiled-classes
05-22 09:42:33.783 I/art     ( 1324): option[25]=-Xcompiler-option
05-22 09:42:33.783 I/art     ( 1324): option[26]=--runtime-arg
05-22 09:42:33.783 I/art     ( 1324): option[27]=-Xcompiler-option
05-22 09:42:33.783 I/art     ( 1324): option[28]=-Xms64m
05-22 09:42:33.783 I/art     ( 1324): option[29]=-Xcompiler-option
05-22 09:42:33.784 I/art     ( 1324): option[30]=--runtime-arg
05-22 09:42:33.784 I/art     ( 1324): option[31]=-Xcompiler-option
05-22 09:42:33.784 I/art     ( 1324): option[32]=-Xmx512m
05-22 09:42:33.784 I/art     ( 1324): option[33]=-Ximage-compiler-option
05-22 09:42:33.784 I/art     ( 1324): option[34]=--instruction-set-variant=x86_64
05-22 09:42:33.784 I/art     ( 1324): option[35]=-Xcompiler-option
05-22 09:42:33.784 I/art     ( 1324): option[36]=--instruction-set-variant=x86_64
05-22 09:42:33.784 I/art     ( 1324): option[37]=-Ximage-compiler-option
05-22 09:42:33.784 I/art     ( 1324): option[38]=--instruction-set-features=default
05-22 09:42:33.784 I/art     ( 1324): option[39]=-Xcompiler-option
05-22 09:42:33.784 I/art     ( 1324): option[40]=--instruction-set-features=default
05-22 09:42:33.784 I/art     ( 1324): option[41]=-Duser.locale=en-US
05-22 09:42:33.784 I/art     ( 1324): option[42]=--cpu-abilist=x86_64
05-22 09:42:33.784 I/art     ( 1324): option[43]=-Xfingerprint:Android/sdk_phone_x86_64/generic_x86_64:7.1.1/NYC/4931657:userdebug/test-keys
05-22 09:42:34.007 E/ipv6proxy( 1879): Failed to forward Router Advertisement from eth0 to wlan1: Network is unreachable
05-22 09:42:34.045 I/hostapd ( 1890): rfkill: Cannot get wiphy information
05-22 09:42:34.047 I/hostapd ( 1890): nl80211: Could not re-add multicast membership for vendor events: -2 (No such file or directory)
05-22 09:42:34.048 I/hostapd ( 1890): wlan1: interface state UNINITIALIZED->COUNTRY_UPDATE
05-22 09:42:34.051 E/ipv6proxy( 1879): Failed to forward Router Advertisement from eth0 to radio0-peer: Cannot assign requested address
05-22 09:42:34.311 D/AndroidRuntime( 1325): CheckJNI is ON
05-22 09:42:34.533 I/art     ( 1325): option[0]=-Xzygote
05-22 09:42:34.533 I/art     ( 1325): option[1]=-Xcheck:jni
05-22 09:42:34.533 I/art     ( 1325): option[2]=-Xstacktracefile:/data/anr/traces.txt
05-22 09:42:34.534 I/art     ( 1325): option[3]=exit
05-22 09:42:34.534 I/art     ( 1325): option[4]=vfprintf
05-22 09:42:34.534 I/art     ( 1325): option[5]=sensitiveThread
05-22 09:42:34.534 I/art     ( 1325): option[6]=-verbose:gc
05-22 09:42:34.534 I/art     ( 1325): option[7]=-Xms4m
05-22 09:42:34.534 I/art     ( 1325): option[8]=-Xmx256m
05-22 09:42:34.534 I/art     ( 1325): option[9]=-Xusejit:true
05-22 09:42:34.534 I/art     ( 1325): option[10]=-Xjitsaveprofilinginfo
05-22 09:42:34.534 I/art     ( 1325): option[11]=-agentlib:jdwp=transport=dt_android_adb,suspend=n,server=y
05-22 09:42:34.534 I/art     ( 1325): option[12]=-Xlockprofthreshold:500
05-22 09:42:34.534 I/art     ( 1325): option[13]=-Ximage-compiler-option
05-22 09:42:34.534 I/art     ( 1325): option[14]=--runtime-arg
05-22 09:42:34.534 I/art     ( 1325): option[15]=-Ximage-compiler-option
05-22 09:42:34.535 I/art     ( 1325): option[16]=-Xms64m
05-22 09:42:34.535 I/art     ( 1325): option[17]=-Ximage-compiler-option
05-22 09:42:34.535 I/art     ( 1325): option[18]=--runtime-arg
05-22 09:42:34.535 I/art     ( 1325): option[19]=-Ximage-compiler-option
05-22 09:42:34.535 I/art     ( 1325): option[20]=-Xmx64m
05-22 09:42:34.535 I/art     ( 1325): option[21]=-Ximage-compiler-option
05-22 09:42:34.535 I/art     ( 1325): option[22]=--image-classes=/system/etc/preloaded-classes
05-22 09:42:34.535 I/art     ( 1325): option[23]=-Ximage-compiler-option
05-22 09:42:34.535 I/art     ( 1325): option[24]=--compiled-classes=/system/etc/compiled-classes
05-22 09:42:34.535 I/art     ( 1325): option[25]=-Xcompiler-option
05-22 09:42:34.535 I/art     ( 1325): option[26]=--runtime-arg
05-22 09:42:34.535 I/art     ( 1325): option[27]=-Xcompiler-option
05-22 09:42:34.535 I/art     ( 1325): option[28]=-Xms64m
05-22 09:42:34.535 I/art     ( 1325): option[29]=-Xcompiler-option
05-22 09:42:34.535 I/art     ( 1325): option[30]=--runtime-arg
05-22 09:42:34.535 I/art     ( 1325): option[31]=-Xcompiler-option
05-22 09:42:34.535 I/art     ( 1325): option[32]=-Xmx512m
05-22 09:42:34.535 I/art     ( 1325): option[33]=-Ximage-compiler-option
05-22 09:42:34.536 I/art     ( 1325): option[34]=--instruction-set-variant=x86
05-22 09:42:34.536 I/art     ( 1325): option[35]=-Xcompiler-option
05-22 09:42:34.536 I/art     ( 1325): option[36]=--instruction-set-variant=x86
05-22 09:42:34.536 I/art     ( 1325): option[37]=-Ximage-compiler-option
05-22 09:42:34.536 I/art     ( 1325): option[38]=--instruction-set-features=default
05-22 09:42:34.536 I/art     ( 1325): option[39]=-Xcompiler-option
05-22 09:42:34.536 I/art     ( 1325): option[40]=--instruction-set-features=default
05-22 09:42:34.536 I/art     ( 1325): option[41]=-Duser.locale=en-US
05-22 09:42:34.536 I/art     ( 1325): option[42]=--cpu-abilist=x86
05-22 09:42:34.536 I/art     ( 1325): option[43]=-Xfingerprint:Android/sdk_phone_x86_64/generic_x86_64:7.1.1/NYC/4931657:userdebug/test-keys
05-22 09:42:37.986 E/ipv6proxy( 1879): Failed to forward Router Advertisement from eth0 to wlan1: Network is unreachable
05-22 09:42:39.054 I/hostapd ( 1890): wlan1: interface state COUNTRY_UPDATE->HT_SCAN
05-22 09:42:40.529 E/hostapd ( 1890): Using interface wlan1 with hwaddr 02:00:00:00:01:00 and ssid "AndroidWifi"
05-22 09:42:40.594 I/hostapd ( 1890): wlan1: interface state HT_SCAN->ENABLED
05-22 09:42:40.595 I/hostapd ( 1890): wlan1: AP-ENABLED 
05-22 09:42:41.703 D/ICU     ( 1324): No timezone override file found: /data/misc/zoneinfo/current/icu/icu_tzdata.dat
05-22 09:42:41.935 D/ICU     ( 1325): No timezone override file found: /data/misc/zoneinfo/current/icu/icu_tzdata.dat
05-22 09:42:46.323 E/memtrack( 1324): Couldn't load memtrack module (No such file or directory)
05-22 09:42:46.324 E/android.os.Debug( 1324): failed to load memtrack module: -2
05-22 09:42:46.572 I/Radio-JNI( 1324): register_android_hardware_Radio DONE
05-22 09:42:46.963 E/memtrack( 1325): Couldn't load memtrack module (No such file or directory)
05-22 09:42:46.964 E/android.os.Debug( 1325): failed to load memtrack module: -2
05-22 09:42:47.100 I/SamplingProfilerIntegration( 1324): Profiling disabled.
05-22 09:42:47.143 D/Zygote  ( 1324): begin preload
05-22 09:42:47.144 I/Zygote  ( 1324): Installing ICU cache reference pinning...
05-22 09:42:47.150 I/Zygote  ( 1324): Preloading ICU data...
05-22 09:42:47.152 I/Radio-JNI( 1325): register_android_hardware_Radio DONE
05-22 09:42:47.861 I/SamplingProfilerIntegration( 1325): Profiling disabled.
05-22 09:42:48.005 D/Zygote  ( 1325): begin preload
05-22 09:42:48.005 I/Zygote  ( 1325): Installing ICU cache reference pinning...
05-22 09:42:48.050 I/Zygote  ( 1325): Preloading ICU data...
05-22 09:42:49.719 I/Zygote  ( 1324): Preloading classes...
05-22 09:42:50.025 I/Zygote  ( 1325): Preloading classes...
05-22 09:42:50.172 W/Zygote  ( 1324): Class not found for preloading: [Landroid.view.Display$ColorTransform;
05-22 09:42:50.359 W/Zygote  ( 1325): Class not found for preloading: [Landroid.view.Display$ColorTransform;
05-22 09:42:57.761 E/Typeface( 1324): Error mapping font file /system/fonts/DroidSansFallback.ttf
05-22 09:42:57.796 E/Typeface( 1325): Error mapping font file /system/fonts/DroidSansFallback.ttf
05-22 09:43:02.482 W/art     ( 1324): Suspending all threads took: 17.613ms
05-22 09:43:02.689 I/art     ( 1324): Background concurrent mark sweep GC freed 21948(2MB) AllocSpace objects, 91(1656KB) LOS objects, 33% free, 2MB/4MB, paused 71.254ms total 584.398ms
05-22 09:43:03.290 I/art     ( 1324): Thread[1,tid=1324,Native,Thread*=0x7ade79095a00,peer=0x12c060d0,"main"] recursive attempt to load library "/system/lib64/libmedia_jni.so"
05-22 09:43:03.331 D/MtpDeviceJNI( 1324): register_android_mtp_MtpDevice
05-22 09:43:03.342 I/art     ( 1324): Thread[1,tid=1324,Native,Thread*=0x7ade79095a00,peer=0x12c060d0,"main"] recursive attempt to load library "/system/lib64/libmedia_jni.so"
05-22 09:43:03.343 I/art     ( 1324): Thread[1,tid=1324,Native,Thread*=0x7ade79095a00,peer=0x12c060d0,"main"] recursive attempt to load library "/system/lib64/libmedia_jni.so"
05-22 09:43:03.554 I/art     ( 1325): Background concurrent mark sweep GC freed 21959(2MB) AllocSpace objects, 121(2MB) LOS objects, 33% free, 3MB/4MB, paused 4.545ms total 879.564ms
05-22 09:43:04.329 I/art     ( 1325): Thread[1,tid=1325,Native,Thread*=0xefb0b400,peer=0x12c060d0,"main"] recursive attempt to load library "/system/lib/libmedia_jni.so"
05-22 09:43:04.335 D/MtpDeviceJNI( 1325): register_android_mtp_MtpDevice
05-22 09:43:04.337 I/art     ( 1325): Thread[1,tid=1325,Native,Thread*=0xefb0b400,peer=0x12c060d0,"main"] recursive attempt to load library "/system/lib/libmedia_jni.so"
05-22 09:43:04.338 I/art     ( 1325): Thread[1,tid=1325,Native,Thread*=0xefb0b400,peer=0x12c060d0,"main"] recursive attempt to load library "/system/lib/libmedia_jni.so"
05-22 09:43:07.871 W/Zygote  ( 1324): Class not found for preloading: android.view.Display$ColorTransform
05-22 09:43:07.872 W/Zygote  ( 1324): Class not found for preloading: android.view.Display$ColorTransform$1
05-22 09:43:07.897 W/Zygote  ( 1325): Class not found for preloading: android.view.Display$ColorTransform
05-22 09:43:07.898 W/Zygote  ( 1325): Class not found for preloading: android.view.Display$ColorTransform$1
05-22 09:43:10.766 I/art     ( 1325): Background sticky concurrent mark sweep GC freed 16856(2MB) AllocSpace objects, 10(160KB) LOS objects, 66% free, 1602KB/4MB, paused 2.467ms total 352.723ms
05-22 09:43:12.499 I/System  ( 1325): Loaded time zone names for "" in 1641ms (1595ms in ICU)
05-22 09:43:12.689 I/System  ( 1324): Loaded time zone names for "" in 1901ms (1867ms in ICU)
05-22 09:43:13.318 I/System  ( 1325): Loaded time zone names for "en_US" in 818ms (703ms in ICU)
05-22 09:43:13.332 I/System  ( 1324): Loaded time zone names for "en_US" in 594ms (569ms in ICU)
05-22 09:43:14.565 I/Zygote  ( 1324): ...preloaded 4158 classes in 24846ms.
05-22 09:43:14.567 I/art     ( 1324): VMRuntime.preloadDexCaches starting
05-22 09:43:14.773 I/Zygote  ( 1325): ...preloaded 4158 classes in 24748ms.
05-22 09:43:14.774 I/art     ( 1325): VMRuntime.preloadDexCaches starting
05-22 09:43:16.582 I/art     ( 1324): VMRuntime.preloadDexCaches strings total=283712 before=39625 after=39625
05-22 09:43:16.582 I/art     ( 1324): VMRuntime.preloadDexCaches types total=23581 before=7877 after=7904
05-22 09:43:16.582 I/art     ( 1324): VMRuntime.preloadDexCaches fields total=112007 before=40903 after=41117
05-22 09:43:16.582 I/art     ( 1324): VMRuntime.preloadDexCaches methods total=197534 before=82457 after=83017
05-22 09:43:16.582 I/art     ( 1324): VMRuntime.preloadDexCaches finished
05-22 09:43:16.585 I/Zygote  ( 1324): Preloading resources...
05-22 09:43:16.931 I/art     ( 1325): VMRuntime.preloadDexCaches strings total=283712 before=39625 after=39625
05-22 09:43:16.931 I/art     ( 1325): VMRuntime.preloadDexCaches types total=23581 before=7877 after=7904
05-22 09:43:16.931 I/art     ( 1325): VMRuntime.preloadDexCaches fields total=112007 before=40903 after=41117
05-22 09:43:16.932 I/art     ( 1325): VMRuntime.preloadDexCaches methods total=197534 before=82457 after=83017
05-22 09:43:16.932 I/art     ( 1325): VMRuntime.preloadDexCaches finished
05-22 09:43:16.962 I/Zygote  ( 1325): Preloading resources...
05-22 09:43:19.397 I/art     ( 1324): Background sticky concurrent mark sweep GC freed 25558(1918KB) AllocSpace objects, 0(0B) LOS objects, 44% free, 2MB/4MB, paused 22.843ms total 359.469ms
05-22 09:43:19.401 W/Resources( 1324): Preloaded drawable resource #0x108025c (android:drawable/dialog_background_material) that varies with configuration!!
05-22 09:43:19.438 W/Resources( 1325): Preloaded drawable resource #0x108025c (android:drawable/dialog_background_material) that varies with configuration!!
05-22 09:43:19.484 W/Resources( 1324): Preloaded drawable resource #0x1080298 (android:drawable/editbox_dropdown_background_dark) that varies with configuration!!
05-22 09:43:19.553 W/Resources( 1325): Preloaded drawable resource #0x1080298 (android:drawable/editbox_dropdown_background_dark) that varies with configuration!!
05-22 09:43:19.703 W/Resources( 1325): Preloaded color resource #0x10600e2 (android:color/material_grey_800) that varies with configuration!!
05-22 09:43:19.704 W/Resources( 1325): Preloaded drawable resource #0x10802c9 (android:drawable/floating_popup_background_dark) that varies with configuration!!
05-22 09:43:19.772 W/Resources( 1324): Preloaded color resource #0x10600e2 (android:color/material_grey_800) that varies with configuration!!
05-22 09:43:19.773 W/Resources( 1324): Preloaded drawable resource #0x10802c9 (android:drawable/floating_popup_background_dark) that varies with configuration!!
05-22 09:43:20.345 W/Resources( 1324): Preloaded drawable resource #0x108030b (android:drawable/ic_clear_disabled) that varies with configuration!!
05-22 09:43:20.347 W/Resources( 1324): Preloaded drawable resource #0x1080310 (android:drawable/ic_clear_normal) that varies with configuration!!
05-22 09:43:20.355 W/Resources( 1325): Preloaded drawable resource #0x108030b (android:drawable/ic_clear_disabled) that varies with configuration!!
05-22 09:43:20.399 W/Resources( 1325): Preloaded drawable resource #0x1080310 (android:drawable/ic_clear_normal) that varies with configuration!!
05-22 09:43:20.515 W/Resources( 1324): Preloaded drawable resource #0x1080359 (android:drawable/ic_go) that varies with configuration!!
05-22 09:43:20.525 W/Resources( 1325): Preloaded drawable resource #0x1080359 (android:drawable/ic_go) that varies with configuration!!
05-22 09:43:20.703 I/art     ( 1324): Background concurrent mark sweep GC freed 3082(193KB) AllocSpace objects, 5(120KB) LOS objects, 50% free, 3MB/7MB, paused 316us total 198.188ms
05-22 09:43:20.824 W/Resources( 1324): Preloaded drawable resource #0x1080038 (android:drawable/ic_menu_close_clear_cancel) that varies with configuration!!
05-22 09:43:20.881 W/art     ( 1325): Suspending all threads took: 61.345ms
05-22 09:43:20.889 W/Resources( 1325): Preloaded drawable resource #0x1080038 (android:drawable/ic_menu_close_clear_cancel) that varies with configuration!!
05-22 09:43:20.944 W/Resources( 1324): Preloaded drawable resource #0x1080045 (android:drawable/ic_menu_more) that varies with configuration!!
05-22 09:43:21.002 I/art     ( 1325): Background sticky concurrent mark sweep GC freed 9435(582KB) AllocSpace objects, 1(40KB) LOS objects, 11% free, 4MB/4MB, paused 103.367ms total 252.320ms
05-22 09:43:21.072 W/Resources( 1325): Preloaded drawable resource #0x1080045 (android:drawable/ic_menu_more) that varies with configuration!!
05-22 09:43:21.427 W/Resources( 1324): Preloaded drawable resource #0x10804e8 (android:drawable/menu_background_fill_parent_width) that varies with configuration!!
05-22 09:43:21.449 W/Resources( 1325): Preloaded drawable resource #0x10804e8 (android:drawable/menu_background_fill_parent_width) that varies with configuration!!
05-22 09:43:21.824 I/art     ( 1325): Background concurrent mark sweep GC freed 3422(157KB) AllocSpace objects, 5(144KB) LOS objects, 47% free, 4MB/8MB, paused 485us total 154.078ms
05-22 09:43:23.095 W/Resources( 1324): Preloaded drawable resource #0x108077e (android:drawable/text_edit_paste_window) that varies with configuration!!
05-22 09:43:23.233 W/Resources( 1324): Preloaded drawable resource #0x1080096 (android:drawable/toast_frame) that varies with configuration!!
05-22 09:43:23.233 I/Zygote  ( 1324): ...preloaded 114 resources in 6648ms.
05-22 09:43:23.383 W/Resources( 1324): Preloaded color resource #0x106010b (android:color/background_cache_hint_selector_material_dark) that varies with configuration!!
05-22 09:43:23.386 W/Resources( 1324): Preloaded color resource #0x1060110 (android:color/btn_default_material_dark) that varies with configuration!!
05-22 09:43:23.454 I/Zygote  ( 1324): ...preloaded 41 resources in 221ms.
05-22 09:43:23.456 D/libEGL  ( 1324): Emulator without GPU support detected. Fallback to legacy software renderer, qemu.gles is set to 0.
05-22 09:43:23.542 W/Resources( 1325): Preloaded drawable resource #0x108077e (android:drawable/text_edit_paste_window) that varies with configuration!!
05-22 09:43:23.594 D/libEGL  ( 1324): loaded /system/lib64/egl/libGLES_android.so
05-22 09:43:23.728 W/Resources( 1325): Preloaded drawable resource #0x1080096 (android:drawable/toast_frame) that varies with configuration!!
05-22 09:43:23.729 I/Zygote  ( 1325): ...preloaded 114 resources in 6767ms.
05-22 09:43:24.123 W/Resources( 1325): Preloaded color resource #0x106010b (android:color/background_cache_hint_selector_material_dark) that varies with configuration!!
05-22 09:43:24.126 W/Resources( 1325): Preloaded color resource #0x1060110 (android:color/btn_default_material_dark) that varies with configuration!!
05-22 09:43:24.216 I/Zygote  ( 1325): ...preloaded 41 resources in 487ms.
05-22 09:43:24.218 D/libEGL  ( 1325): Emulator without GPU support detected. Fallback to legacy software renderer, qemu.gles is set to 0.
05-22 09:43:24.546 D/libEGL  ( 1325): loaded /system/lib/egl/libGLES_android.so
05-22 09:43:24.670 I/Zygote  ( 1324): Preloading shared libraries...
05-22 09:43:24.831 E/Hyphenator( 1324): error loading hyphenation /system/usr/hyphen-data/hyph-as.hyb
05-22 09:43:24.831 E/Hyphenator( 1324): java.io.FileNotFoundException: /system/usr/hyphen-data/hyph-as.hyb: open failed: ENOENT (No such file or directory)
05-22 09:43:24.831 E/Hyphenator( 1324): 	at libcore.io.IoBridge.open(IoBridge.java:455)
05-22 09:43:24.831 E/Hyphenator( 1324): 	at java.io.RandomAccessFile.<init>(RandomAccessFile.java:247)
05-22 09:43:24.831 E/Hyphenator( 1324): 	at android.text.Hyphenator.loadHyphenator(Hyphenator.java:118)
05-22 09:43:24.831 E/Hyphenator( 1324): 	at android.text.Hyphenator.init(Hyphenator.java:224)
05-22 09:43:24.831 E/Hyphenator( 1324): 	at com.android.internal.os.ZygoteInit.preloadTextResources(ZygoteInit.java:252)
05-22 09:43:24.831 E/Hyphenator( 1324): 	at com.android.internal.os.ZygoteInit.preload(ZygoteInit.java:206)
05-22 09:43:24.831 E/Hyphenator( 1324): 	at com.android.internal.os.ZygoteInit.main(ZygoteInit.java:743)
05-22 09:43:24.831 E/Hyphenator( 1324): Caused by: android.system.ErrnoException: open failed: ENOENT (No such file or directory)
05-22 09:43:24.831 E/Hyphenator( 1324): 	at libcore.io.Posix.open(Native Method)
05-22 09:43:24.831 E/Hyphenator( 1324): 	at libcore.io.BlockGuardOs.open(BlockGuardOs.java:187)
05-22 09:43:24.831 E/Hyphenator( 1324): 	at libcore.io.IoBridge.open(IoBridge.java:441)
05-22 09:43:24.831 E/Hyphenator( 1324): 	... 6 more
05-22 09:43:24.833 E/Hyphenator( 1324): error loading hyphenation /system/usr/hyphen-data/hyph-bn.hyb
05-22 09:43:24.833 E/Hyphenator( 1324): java.io.FileNotFoundException: /system/usr/hyphen-data/hyph-bn.hyb: open failed: ENOENT (No such file or directory)
05-22 09:43:24.833 E/Hyphenator( 1324): 	at libcore.io.IoBridge.open(IoBridge.java:455)
05-22 09:43:24.833 E/Hyphenator( 1324): 	at java.io.RandomAccessFile.<init>(RandomAccessFile.java:247)
05-22 09:43:24.833 E/Hyphenator( 1324): 	at android.text.Hyphenator.loadHyphenator(Hyphenator.java:118)
05-22 09:43:24.833 E/Hyphenator( 1324): 	at android.text.Hyphenator.init(Hyphenator.java:224)
05-22 09:43:24.833 E/Hyphenator( 1324): 	at com.android.internal.os.ZygoteInit.preloadTextResources(ZygoteInit.java:252)
05-22 09:43:24.833 E/Hyphenator( 1324): 	at com.android.internal.os.ZygoteInit.preload(ZygoteInit.java:206)
05-22 09:43:24.833 E/Hyphenator( 1324): 	at com.android.internal.os.ZygoteInit.main(ZygoteInit.java:743)
05-22 09:43:24.833 E/Hyphenator( 1324): Caused by: android.system.ErrnoException: open failed: ENOENT (No such file or directory)
05-22 09:43:24.833 E/Hyphenator( 1324): 	at libcore.io.Posix.open(Native Method)
05-22 09:43:24.833 E/Hyphenator( 1324): 	at libcore.io.BlockGuardOs.open(BlockGuardOs.java:187)
05-22 09:43:24.833 E/Hyphenator( 1324): 	at libcore.io.IoBridge.open(IoBridge.java:441)
05-22 09:43:24.833 E/Hyphenator( 1324): 	... 6 more
05-22 09:43:24.835 E/Hyphenator( 1324): error loading hyphenation /system/usr/hyphen-data/hyph-cy.hyb
05-22 09:43:24.835 E/Hyphenator( 1324): java.io.FileNotFoundException: /system/usr/hyphen-data/hyph-cy.hyb: open failed: ENOENT (No such file or directory)
05-22 09:43:24.835 E/Hyphenator( 1324): 	at libcore.io.IoBridge.open(IoBridge.java:455)
05-22 09:43:24.835 E/Hyphenator( 1324): 	at java.io.RandomAccessFile.<init>(RandomAccessFile.java:247)
05-22 09:43:24.835 E/Hyphenator( 1324): 	at android.text.Hyphenator.loadHyphenator(Hyphenator.java:118)
05-22 09:43:24.835 E/Hyphenator( 1324): 	at android.text.Hyphenator.init(Hyphenator.java:224)
05-22 09:43:24.835 E/Hyphenator( 1324): 	at com.android.internal.os.ZygoteInit.preloadTextResources(ZygoteInit.java:252)
05-22 09:43:24.835 E/Hyphenator( 1324): 	at com.android.internal.os.ZygoteInit.preload(ZygoteInit.java:206)
05-22 09:43:24.835 E/Hyphenator( 1324): 	at com.android.internal.os.ZygoteInit.main(ZygoteInit.java:743)
05-22 09:43:24.835 E/Hyphenator( 1324): Caused by: android.system.ErrnoException: open failed: ENOENT (No such file or directory)
05-22 09:43:24.835 E/Hyphenator( 1324): 	at libcore.io.Posix.open(Native Method)
05-22 09:43:24.835 E/Hyphenator( 1324): 	at libcore.io.BlockGuardOs.open(BlockGuardOs.java:187)
05-22 09:43:24.835 E/Hyphenator( 1324): 	at libcore.io.IoBridge.open(IoBridge.java:441)
05-22 09:43:24.835 E/Hyphenator( 1324): 	... 6 more
05-22 09:43:24.836 E/Hyphenator( 1324): error loading hyphenation /system/usr/hyphen-data/hyph-da.hyb
05-22 09:43:24.836 E/Hyphenator( 1324): java.io.FileNotFoundException: /system/usr/hyphen-data/hyph-da.hyb: open failed: ENOENT (No such file or directory)
05-22 09:43:24.836 E/Hyphenator( 1324): 	at libcore.io.IoBridge.open(IoBridge.java:455)
05-22 09:43:24.836 E/Hyphenator( 1324): 	at java.io.RandomAccessFile.<init>(RandomAccessFile.java:247)
05-22 09:43:24.836 E/Hyphenator( 1324): 	at android.text.Hyphenator.loadHyphenator(Hyphenator.java:118)
05-22 09:43:24.836 E/Hyphenator( 1324): 	at android.text.Hyphenator.init(Hyphenator.java:224)
05-22 09:43:24.836 E/Hyphenator( 1324): 	at com.android.internal.os.ZygoteInit.preloadTextResources(ZygoteInit.java:252)
05-22 09:43:24.836 E/Hyphenator( 1324): 	at com.android.internal.os.ZygoteInit.preload(ZygoteInit.java:206)
05-22 09:43:24.836 E/Hyphenator( 1324): 	at com.android.internal.os.ZygoteInit.main(ZygoteInit.java:743)
05-22 09:43:24.836 E/Hyphenator( 1324): Caused by: android.system.ErrnoException: open failed: ENOENT (No such file or directory)
05-22 09:43:24.836 E/Hyphenator( 1324): 	at libcore.io.Posix.open(Native Method)
05-22 09:43:24.836 E/Hyphenator( 1324): 	at libcore.io.BlockGuardOs.open(BlockGuardOs.java:187)
05-22 09:43:24.836 E/Hyphenator( 1324): 	at libcore.io.IoBridge.open(IoBridge.java:441)
05-22 09:43:24.836 E/Hyphenator( 1324): 	... 6 more
05-22 09:43:24.837 E/Hyphenator( 1324): error loading hyphenation /system/usr/hyphen-data/hyph-de-1901.hyb
05-22 09:43:24.837 E/Hyphenator( 1324): java.io.FileNotFoundException: /system/usr/hyphen-data/hyph-de-1901.hyb: open failed: ENOENT (No such file or directory)
05-22 09:43:24.837 E/Hyphenator( 1324): 	at libcore.io.IoBridge.open(IoBridge.java:455)
05-22 09:43:24.837 E/Hyphenator( 1324): 	at java.io.RandomAccessFile.<init>(RandomAccessFile.java:247)
05-22 09:43:24.837 E/Hyphenator( 1324): 	at android.text.Hyphenator.loadHyphenator(Hyphenator.java:118)
05-22 09:43:24.837 E/Hyphenator( 1324): 	at android.text.Hyphenator.init(Hyphenator.java:224)
05-22 09:43:24.837 E/Hyphenator( 1324): 	at com.android.internal.os.ZygoteInit.preloadTextResources(ZygoteInit.java:252)
05-22 09:43:24.837 E/Hyphenator( 1324): 	at com.android.internal.os.ZygoteInit.preload(ZygoteInit.java:206)
05-22 09:43:24.837 E/Hyphenator( 1324): 	at com.android.internal.os.ZygoteInit.main(ZygoteInit.java:743)
05-22 09:43:24.837 E/Hyphenator( 1324): Caused by: android.system.ErrnoException: open failed: ENOENT (No such file or directory)
05-22 09:43:24.837 E/Hyphenator( 1324): 	at libcore.io.Posix.open(Native Method)
05-22 09:43:24.837 E/Hyphenator( 1324): 	at libcore.io.BlockGuardOs.open(BlockGuardOs.java:187)
05-22 09:43:24.837 E/Hyphenator( 1324): 	at libcore.io.IoBridge.open(IoBridge.java:441)
05-22 09:43:24.837 E/Hyphenator( 1324): 	... 6 more
05-22 09:43:24.839 E/Hyphenator( 1324): error loading hyphenation /system/usr/hyphen-data/hyph-de-1996.hyb
05-22 09:43:24.839 E/Hyphenator( 1324): java.io.FileNotFoundException: /system/usr/hyphen-data/hyph-de-1996.hyb: open failed: ENOENT (No such file or directory)
05-22 09:43:24.839 E/Hyphenator( 1324): 	at libcore.io.IoBridge.open(IoBridge.java:455)
05-22 09:43:24.839 E/Hyphenator( 1324): 	at java.io.RandomAccessFile.<init>(RandomAccessFile.java:247)
05-22 09:43:24.839 E/Hyphenator( 1324): 	at android.text.Hyphenator.loadHyphenator(Hyphenator.java:118)
05-22 09:43:24.839 E/Hyphenator( 1324): 	at android.text.Hyphenator.init(Hyphenator.java:224)
05-22 09:43:24.839 E/Hyphenator( 1324): 	at com.android.internal.os.ZygoteInit.preloadTextResources(ZygoteInit.java:252)
05-22 09:43:24.839 E/Hyphenator( 1324): 	at com.android.internal.os.ZygoteInit.preload(ZygoteInit.java:206)
05-22 09:43:24.839 E/Hyphenator( 1324): 	at com.android.internal.os.ZygoteInit.main(ZygoteInit.java:743)
05-22 09:43:24.839 E/Hyphenator( 1324): Caused by: android.system.ErrnoException: open failed: ENOENT (No such file or directory)
05-22 09:43:24.839 E/Hyphenator( 1324): 	at libcore.io.Posix.open(Native Method)
05-22 09:43:24.839 E/Hyphenator( 1324): 	at libcore.io.BlockGuardOs.open(BlockGuardOs.java:187)
05-22 09:43:24.839 E/Hyphenator( 1324): 	at libcore.io.IoBridge.open(IoBridge.java:441)
05-22 09:43:24.839 E/Hyphenator( 1324): 	... 6 more
05-22 09:43:24.911 E/Hyphenator( 1324): error loading hyphenation /system/usr/hyphen-data/hyph-de-ch-1901.hyb
05-22 09:43:24.911 E/Hyphenator( 1324): java.io.FileNotFoundException: /system/usr/hyphen-data/hyph-de-ch-1901.hyb: open failed: ENOENT (No such file or directory)
05-22 09:43:24.911 E/Hyphenator( 1324): 	at libcore.io.IoBridge.open(IoBridge.java:455)
05-22 09:43:24.911 E/Hyphenator( 1324): 	at java.io.RandomAccessFile.<init>(RandomAccessFile.java:247)
05-22 09:43:24.911 E/Hyphenator( 1324): 	at android.text.Hyphenator.loadHyphenator(Hyphenator.java:118)
05-22 09:43:24.911 E/Hyphenator( 1324): 	at android.text.Hyphenator.init(Hyphenator.java:224)
05-22 09:43:24.911 E/Hyphenator( 1324): 	at com.android.internal.os.ZygoteInit.preloadTextResources(ZygoteInit.java:252)
05-22 09:43:24.911 E/Hyphenator( 1324): 	at com.android.internal.os.ZygoteInit.preload(ZygoteInit.java:206)
05-22 09:43:24.911 E/Hyphenator( 1324): 	at com.android.internal.os.ZygoteInit.main(ZygoteInit.java:743)
05-22 09:43:24.911 E/Hyphenator( 1324): Caused by: android.system.ErrnoException: open failed: ENOENT (No such file or directory)
05-22 09:43:24.911 E/Hyphenator( 1324): 	at libcore.io.Posix.open(Native Method)
05-22 09:43:24.911 E/Hyphenator( 1324): 	at libcore.io.BlockGuardOs.open(BlockGuardOs.java:187)
05-22 09:43:24.911 E/Hyphenator( 1324): 	at libcore.io.IoBridge.open(IoBridge.java:441)
05-22 09:43:24.911 E/Hyphenator( 1324): 	... 6 more
05-22 09:43:24.913 E/Hyphenator( 1324): error loading hyphenation /system/usr/hyphen-data/hyph-en-gb.hyb
05-22 09:43:24.913 E/Hyphenator( 1324): java.io.FileNotFoundException: /system/usr/hyphen-data/hyph-en-gb.hyb: open failed: ENOENT (No such file or directory)
05-22 09:43:24.913 E/Hyphenator( 1324): 	at libcore.io.IoBridge.open(IoBridge.java:455)
05-22 09:43:24.913 E/Hyphenator( 1324): 	at java.io.RandomAccessFile.<init>(RandomAccessFile.java:247)
05-22 09:43:24.913 E/Hyphenator( 1324): 	at android.text.Hyphenator.loadHyphenator(Hyphenator.java:118)
05-22 09:43:24.913 E/Hyphenator( 1324): 	at android.text.Hyphenator.init(Hyphenator.java:224)
05-22 09:43:24.913 E/Hyphenator( 1324): 	at com.android.internal.os.ZygoteInit.preloadTextResources(ZygoteInit.java:252)
05-22 09:43:24.913 E/Hyphenator( 1324): 	at com.android.internal.os.ZygoteInit.preload(ZygoteInit.java:206)
05-22 09:43:24.913 E/Hyphenator( 1324): 	at com.android.internal.os.ZygoteInit.main(ZygoteInit.java:743)
05-22 09:43:24.913 E/Hyphenator( 1324): Caused by: android.system.ErrnoException: open failed: ENOENT (No such file or directory)
05-22 09:43:24.913 E/Hyphenator( 1324): 	at libcore.io.Posix.open(Native Method)
05-22 09:43:24.913 E/Hyphenator( 1324): 	at libcore.io.BlockGuardOs.open(BlockGuardOs.java:187)
05-22 09:43:24.913 E/Hyphenator( 1324): 	at libcore.io.IoBridge.open(IoBridge.java:441)
05-22 09:43:24.913 E/Hyphenator( 1324): 	... 6 more
05-22 09:43:24.914 E/Hyphenator( 1324): error loading hyphenation /system/usr/hyphen-data/hyph-en-us.hyb
05-22 09:43:24.914 E/Hyphenator( 1324): java.io.FileNotFoundException: /system/usr/hyphen-data/hyph-en-us.hyb: open failed: ENOENT (No such file or directory)
05-22 09:43:24.914 E/Hyphenator( 1324): 	at libcore.io.IoBridge.open(IoBridge.java:455)
05-22 09:43:24.914 E/Hyphenator( 1324): 	at java.io.RandomAccessFile.<init>(RandomAccessFile.java:247)
05-22 09:43:24.914 E/Hyphenator( 1324): 	at android.text.Hyphenator.loadHyphenator(Hyphenator.java:118)
05-22 09:43:24.914 E/Hyphenator( 1324): 	at android.text.Hyphenator.init(Hyphenator.java:224)
05-22 09:43:24.914 E/Hyphenator( 1324): 	at com.android.internal.os.ZygoteInit.preloadTextResources(ZygoteInit.java:252)
05-22 09:43:24.914 E/Hyphenator( 1324): 	at com.android.internal.os.ZygoteInit.preload(ZygoteInit.java:206)
05-22 09:43:24.914 E/Hyphenator( 1324): 	at com.android.internal.os.ZygoteInit.main(ZygoteInit.java:743)
05-22 09:43:24.914 E/Hyphenator( 1324): Caused by: android.system.ErrnoException: open failed: ENOENT (No such file or directory)
05-22 09:43:24.914 E/Hyphenator( 1324): 	at libcore.io.Posix.open(Native Method)
05-22 09:43:24.914 E/Hyphenator( 1324): 	at libcore.io.BlockGuardOs.open(BlockGuardOs.java:187)
05-22 09:43:24.914 E/Hyphenator( 1324): 	at libcore.io.IoBridge.open(IoBridge.java:441)
05-22 09:43:24.914 E/Hyphenator( 1324): 	... 6 more
05-22 09:43:24.916 E/Hyphenator( 1324): error loading hyphenation /system/usr/hyphen-data/hyph-es.hyb
05-22 09:43:24.916 E/Hyphenator( 1324): java.io.FileNotFoundException: /system/usr/hyphen-data/hyph-es.hyb: open failed: ENOENT (No such file or directory)
05-22 09:43:24.916 E/Hyphenator( 1324): 	at libcore.io.IoBridge.open(IoBridge.java:455)
05-22 09:43:24.916 E/Hyphenator( 1324): 	at java.io.RandomAccessFile.<init>(RandomAccessFile.java:247)
05-22 09:43:24.916 E/Hyphenator( 1324): 	at android.text.Hyphenator.loadHyphenator(Hyphenator.java:118)
05-22 09:43:24.916 E/Hyphenator( 1324): 	at android.text.Hyphenator.init(Hyphenator.java:224)
05-22 09:43:24.916 E/Hyphenator( 1324): 	at com.android.internal.os.ZygoteInit.preloadTextResources(ZygoteInit.java:252)
05-22 09:43:24.916 E/Hyphenator( 1324): 	at com.android.internal.os.ZygoteInit.preload(ZygoteInit.java:206)
05-22 09:43:24.916 E/Hyphenator( 1324): 	at com.android.internal.os.ZygoteInit.main(ZygoteInit.java:743)
05-22 09:43:24.916 E/Hyphenator( 1324): Caused by: android.system.ErrnoException: open failed: ENOENT (No such file or directory)
05-22 09:43:24.916 E/Hyphenator( 1324): 	at libcore.io.Posix.open(Native Method)
05-22 09:43:24.916 E/Hyphenator( 1324): 	at libcore.io.BlockGuardOs.open(BlockGuardOs.java:187)
05-22 09:43:24.916 E/Hyphenator( 1324): 	at libcore.io.IoBridge.open(IoBridge.java:441)
05-22 09:43:24.916 E/Hyphenator( 1324): 	... 6 more
05-22 09:43:24.917 E/Hyphenator( 1324): error loading hyphenation /system/usr/hyphen-data/hyph-et.hyb
05-22 09:43:24.917 E/Hyphenator( 1324): java.io.FileNotFoundException: /system/usr/hyphen-data/hyph-et.hyb: open failed: ENOENT (No such file or directory)
05-22 09:43:24.917 E/Hyphenator( 1324): 	at libcore.io.IoBridge.open(IoBridge.java:455)
05-22 09:43:24.917 E/Hyphenator( 1324): 	at java.io.RandomAccessFile.<init>(RandomAccessFile.java:247)
05-22 09:43:24.917 E/Hyphenator( 1324): 	at android.text.Hyphenator.loadHyphenator(Hyphenator.java:118)
05-22 09:43:24.917 E/Hyphenator( 1324): 	at android.text.Hyphenator.init(Hyphenator.java:224)
05-22 09:43:24.917 E/Hyphenator( 1324): 	at com.android.internal.os.ZygoteInit.preloadTextResources(ZygoteInit.java:252)
05-22 09:43:24.917 E/Hyphenator( 1324): 	at com.android.internal.os.ZygoteInit.preload(ZygoteInit.java:206)
05-22 09:43:24.917 E/Hyphenator( 1324): 	at com.android.internal.os.ZygoteInit.main(ZygoteInit.java:743)
05-22 09:43:24.917 E/Hyphenator( 1324): Caused by: android.system.ErrnoException: open failed: ENOENT (No such file or directory)
05-22 09:43:24.917 E/Hyphenator( 1324): 	at libcore.io.Posix.open(Native Method)
05-22 09:43:24.917 E/Hyphenator( 1324): 	at libcore.io.BlockGuardOs.open(BlockGuardOs.java:187)
05-22 09:43:24.917 E/Hyphenator( 1324): 	at libcore.io.IoBridge.open(IoBridge.java:441)
05-22 09:43:24.917 E/Hyphenator( 1324): 	... 6 more
05-22 09:43:24.918 E/Hyphenator( 1324): error loading hyphenation /system/usr/hyphen-data/hyph-eu.hyb
05-22 09:43:24.918 E/Hyphenator( 1324): java.io.FileNotFoundException: /system/usr/hyphen-data/hyph-eu.hyb: open failed: ENOENT (No such file or directory)
05-22 09:43:24.918 E/Hyphenator( 1324): 	at libcore.io.IoBridge.open(IoBridge.java:455)
05-22 09:43:24.918 E/Hyphenator( 1324): 	at java.io.RandomAccessFile.<init>(RandomAccessFile.java:247)
05-22 09:43:24.918 E/Hyphenator( 1324): 	at android.text.Hyphenator.loadHyphenator(Hyphenator.java:118)
05-22 09:43:24.918 E/Hyphenator( 1324): 	at android.text.Hyphenator.init(Hyphenator.java:224)
05-22 09:43:24.918 E/Hyphenator( 1324): 	at com.android.internal.os.ZygoteInit.preloadTextResources(ZygoteInit.java:252)
05-22 09:43:24.918 E/Hyphenator( 1324): 	at com.android.internal.os.ZygoteInit.preload(ZygoteInit.java:206)
05-22 09:43:24.918 E/Hyphenator( 1324): 	at com.android.internal.os.ZygoteInit.main(ZygoteInit.java:743)
05-22 09:43:24.918 E/Hyphenator( 1324): Caused by: android.system.ErrnoException: open failed: ENOENT (No such file or directory)
05-22 09:43:24.918 E/Hyphenator( 1324): 	at libcore.io.Posix.open(Native Method)
05-22 09:43:24.918 E/Hyphenator( 1324): 	at libcore.io.BlockGuardOs.open(BlockGuardOs.java:187)
05-22 09:43:24.918 E/Hyphenator( 1324): 	at libcore.io.IoBridge.open(IoBridge.java:441)
05-22 09:43:24.918 E/Hyphenator( 1324): 	... 6 more
05-22 09:43:25.050 E/Hyphenator( 1324): error loading hyphenation /system/usr/hyphen-data/hyph-fr.hyb
05-22 09:43:25.050 E/Hyphenator( 1324): java.io.FileNotFoundException: /system/usr/hyphen-data/hyph-fr.hyb: open failed: ENOENT (No such file or directory)
05-22 09:43:25.050 E/Hyphenator( 1324): 	at libcore.io.IoBridge.open(IoBridge.java:455)
05-22 09:43:25.050 E/Hyphenator( 1324): 	at java.io.RandomAccessFile.<init>(RandomAccessFile.java:247)
05-22 09:43:25.050 E/Hyphenator( 1324): 	at android.text.Hyphenator.loadHyphenator(Hyphenator.java:118)
05-22 09:43:25.050 E/Hyphenator( 1324): 	at android.text.Hyphenator.init(Hyphenator.java:224)
05-22 09:43:25.050 E/Hyphenator( 1324): 	at com.android.internal.os.ZygoteInit.preloadTextResources(ZygoteInit.java:252)
05-22 09:43:25.050 E/Hyphenator( 1324): 	at com.android.internal.os.ZygoteInit.preload(ZygoteInit.java:206)
05-22 09:43:25.050 E/Hyphenator( 1324): 	at com.android.internal.os.ZygoteInit.main(ZygoteInit.java:743)
05-22 09:43:25.050 E/Hyphenator( 1324): Caused by: android.system.ErrnoException: open failed: ENOENT (No such file or directory)
05-22 09:43:25.050 E/Hyphenator( 1324): 	at libcore.io.Posix.open(Native Method)
05-22 09:43:25.050 E/Hyphenator( 1324): 	at libcore.io.BlockGuardOs.open(BlockGuardOs.java:187)
05-22 09:43:25.050 E/Hyphenator( 1324): 	at libcore.io.IoBridge.open(IoBridge.java:441)
05-22 09:43:25.050 E/Hyphenator( 1324): 	... 6 more
05-22 09:43:25.052 E/Hyphenator( 1324): error loading hyphenation /system/usr/hyphen-data/hyph-ga.hyb
05-22 09:43:25.052 E/Hyphenator( 1324): java.io.FileNotFoundException: /system/usr/hyphen-data/hyph-ga.hyb: open failed: ENOENT (No such file or directory)
05-22 09:43:25.052 E/Hyphenator( 1324): 	at libcore.io.IoBridge.open(IoBridge.java:455)
05-22 09:43:25.052 E/Hyphenator( 1324): 	at java.io.RandomAccessFile.<init>(RandomAccessFile.java:247)
05-22 09:43:25.052 E/Hyphenator( 1324): 	at android.text.Hyphenator.loadHyphenator(Hyphenator.java:118)
05-22 09:43:25.052 E/Hyphenator( 1324): 	at android.text.Hyphenator.init(Hyphenator.java:224)
05-22 09:43:25.052 E/Hyphenator( 1324): 	at com.android.internal.os.ZygoteInit.preloadTextResources(ZygoteInit.java:252)
05-22 09:43:25.052 E/Hyphenator( 1324): 	at com.android.internal.os.ZygoteInit.preload(ZygoteInit.java:206)
05-22 09:43:25.052 E/Hyphenator( 1324): 	at com.android.internal.os.ZygoteInit.main(ZygoteInit.java:743)
05-22 09:43:25.052 E/Hyphenator( 1324): Caused by: android.system.ErrnoException: open failed: ENOENT (No such file or directory)
05-22 09:43:25.052 E/Hyphenator( 1324): 	at libcore.io.Posix.open(Native Method)
05-22 09:43:25.052 E/Hyphenator( 1324): 	at libcore.io.BlockGuardOs.open(BlockGuardOs.java:187)
05-22 09:43:25.052 E/Hyphenator( 1324): 	at libcore.io.IoBridge.open(IoBridge.java:441)
05-22 09:43:25.052 E/Hyphenator( 1324): 	... 6 more
05-22 09:43:25.053 E/Hyphenator( 1324): error loading hyphenation /system/usr/hyphen-data/hyph-gu.hyb
05-22 09:43:25.053 E/Hyphenator( 1324): java.io.FileNotFoundException: /system/usr/hyphen-data/hyph-gu.hyb: open failed: ENOENT (No such file or directory)
05-22 09:43:25.053 E/Hyphenator( 1324): 	at libcore.io.IoBridge.open(IoBridge.java:455)
05-22 09:43:25.053 E/Hyphenator( 1324): 	at java.io.RandomAccessFile.<init>(RandomAccessFile.java:247)
05-22 09:43:25.053 E/Hyphenator( 1324): 	at android.text.Hyphenator.loadHyphenator(Hyphenator.java:118)
05-22 09:43:25.053 E/Hyphenator( 1324): 	at android.text.Hyphenator.init(Hyphenator.java:224)
05-22 09:43:25.053 E/Hyphenator( 1324): 	at com.android.internal.os.ZygoteInit.preloadTextResources(ZygoteInit.java:252)
05-22 09:43:25.053 E/Hyphenator( 1324): 	at com.android.internal.os.ZygoteInit.preload(ZygoteInit.java:206)
05-22 09:43:25.053 E/Hyphenator( 1324): 	at com.android.internal.os.ZygoteInit.main(ZygoteInit.java:743)
05-22 09:43:25.053 E/Hyphenator( 1324): Caused by: android.system.ErrnoException: open failed: ENOENT (No such file or directory)
05-22 09:43:25.053 E/Hyphenator( 1324): 	at libcore.io.Posix.open(Native Method)
05-22 09:43:25.053 E/Hyphenator( 1324): 	at libcore.io.BlockGuardOs.open(BlockGuardOs.java:187)
05-22 09:43:25.053 E/Hyphenator( 1324): 	at libcore.io.IoBridge.open(IoBridge.java:441)
05-22 09:43:25.053 E/Hyphenator( 1324): 	... 6 more
05-22 09:43:25.055 E/Hyphenator( 1324): error loading hyphenation /system/usr/hyphen-data/hyph-hi.hyb
