05-20 06:03:52.360 W/ActivityManager( 2117): Slow operation: 61ms so far, now at startProcess: done updating pids map
05-20 06:03:52.360 W/ActivityManager( 2117): Slow operation: 61ms so far, now at startProcess: done starting proc!
05-20 06:03:52.375 W/art     ( 3063): Unexpected CPU variant for X86 using defaults: x86_64
05-20 06:03:52.424 I/ActivityManager( 2117): Start proc 3071:com.android.carrierconfig/u0a3 for service com.android.carrierconfig/.DefaultCarrierConfigService
05-20 06:03:52.443 W/art     ( 3071): Unexpected CPU variant for X86 using defaults: x86_64
05-20 06:03:52.458 W/dex2oat ( 3041): Compilation of void org.jboss.netty.channel.socket.nio.AbstractNioChannel.<init>(java.lang.Integer, org.jboss.netty.channel.Channel, org.jboss.netty.channel.ChannelFactory, org.jboss.netty.channel.ChannelPipeline, org.jboss.netty.channel.ChannelSink, org.jboss.netty.channel.socket.nio.AbstractNioWorker, java.nio.channels.SelectableChannel) took 220.487ms
05-20 06:03:52.498 W/dex2oat ( 3041): Compilation of java.lang.Object org.jboss.netty.handler.codec.serialization.CompatibleObjectEncoder.encode(org.jboss.netty.channel.ChannelHandlerContext, org.jboss.netty.channel.Channel, java.lang.Object) took 108.971ms
05-20 06:03:52.578 W/dex2oat ( 3041): Compilation of void org.jboss.netty.handler.codec.spdy.SpdyHeaders.<init>() took 110.954ms
05-20 06:03:52.656 W/System  ( 3071): ClassLoader referenced unknown path: /system/priv-app/CarrierConfig/lib/x86_64
05-20 06:03:52.752 I/art     ( 2117): Background partial concurrent mark sweep GC freed 20216(1829KB) AllocSpace objects, 17(768KB) LOS objects, 29% free, 9MB/13MB, paused 13.739ms total 151.412ms
05-20 06:03:52.757 W/CountryDetector( 3045): No location permissions, not registering for location updates.
05-20 06:03:52.773 D/DefaultCarrierConfigService( 3071): Service created
05-20 06:03:52.808 D/CarrierConfigLoader( 2556): Connected to config app: com.android.carrierconfig/com.android.carrierconfig.DefaultCarrierConfigService
05-20 06:03:52.809 D/CarrierConfigLoader( 2556): mHandler: 3 phoneId: 0
05-20 06:03:52.819 D/DefaultCarrierConfigService( 3071): Config being fetched
05-20 06:03:52.831 D/DefaultCarrierConfigService( 3071): java.io.FileNotFoundException: carrier_config_.xml
05-20 06:03:52.840 E/CarrierConfigLoader( 2556): Cannot save config with null packageName or iccid.
05-20 06:03:52.846 D/CarrierConfigLoader( 2556): mHandler: 5 phoneId: 0
05-20 06:03:52.859 E/PhoneInterfaceManager( 2556): [PhoneIntfMgr] getCarrierPackageNamesForIntent: No UICC
05-20 06:03:52.894 W/System  ( 3063): ClassLoader referenced unknown path: /system/app/Calendar/lib/x86_64
05-20 06:03:52.902 W/dex2oat ( 3041): Compilation of void org.jboss.netty.util.internal.ConcurrentIdentityWeakKeyHashMap$HashIterator.advance() took 313.940ms
05-20 06:03:52.988 W/dex2oat ( 3041): Compilation of void org.jboss.netty.util.HashedWheelTimer$HashedWheelTimeout.cancel() took 430.595ms
05-20 06:03:53.020 I/Telecom ( 2117): PhoneAccountRegistrar: SimCallManager queried, returning: null: TSI.gSCMFU@AAg
05-20 06:03:53.027 W/dex2oat ( 3041): Compilation of java.lang.Object org.jboss.netty.util.internal.ConcurrentWeakKeyHashMap$SimpleEntry.setValue(java.lang.Object) took 120.305ms
05-20 06:03:53.228 D/ExtensionsFactory( 3063): No custom extensions.
05-20 06:03:53.258 D/AlertReceiver( 3063): onReceive: a=android.intent.action.BOOT_COMPLETED Intent { act=android.intent.action.BOOT_COMPLETED flg=0x9000010 cmp=com.android.calendar/.alerts.AlertReceiver (has extras) }
05-20 06:03:53.314 I/AlarmClock( 2842): AlarmInitReceiver android.intent.action.BOOT_COMPLETED
05-20 06:03:53.348 D/AlertService( 3063): 0 Action = android.intent.action.BOOT_COMPLETED
05-20 06:03:53.394 D/AlertService( 3063): Scheduling next alarm with AlarmScheduler. sEventReminderReceived: null
05-20 06:03:53.435 W/art     ( 3100): Unexpected CPU variant for X86 using defaults: x86_64
05-20 06:03:53.439 I/ActivityManager( 2117): Start proc 3100:com.android.providers.calendar/u0a2 for content provider com.android.providers.calendar/.CalendarProvider2
05-20 06:03:53.484 W/dex2oat ( 3041): Compilation of byte[] org.xbill.DNS.NSEC3Record.hashName(org.xbill.DNS.Name, int, int, byte[]) took 104.703ms
05-20 06:03:53.518 W/dex2oat ( 3041): Compilation of void org.xbill.DNS.NSEC3PARAMRecord.rrToWire(org.xbill.DNS.DNSOutput, org.xbill.DNS.Compression, boolean) took 140.493ms
05-20 06:03:53.639 V/AlarmClock( 2842): AlarmInitReceiver finished
05-20 06:03:53.696 W/art     ( 3114): Unexpected CPU variant for X86 using defaults: x86_64
05-20 06:03:53.712 W/ActivityManager( 2117): Slow operation: 87ms so far, now at startProcess: returned from zygote!
05-20 06:03:53.712 W/ActivityManager( 2117): Slow operation: 87ms so far, now at startProcess: done updating battery stats
05-20 06:03:53.713 W/ActivityManager( 2117): Slow operation: 87ms so far, now at startProcess: building log message
05-20 06:03:53.713 I/ActivityManager( 2117): Start proc 3114:com.android.email/u0a34 for broadcast com.android.email/.service.EmailBroadcastReceiver
05-20 06:03:53.713 W/ActivityManager( 2117): Slow operation: 88ms so far, now at startProcess: starting to update pids map
05-20 06:03:53.713 W/ActivityManager( 2117): Slow operation: 88ms so far, now at startProcess: done updating pids map
05-20 06:03:53.713 W/ActivityManager( 2117): Slow operation: 88ms so far, now at startProcess: done starting proc!
05-20 06:03:53.770 W/System  ( 3100): ClassLoader referenced unknown path: /system/priv-app/CalendarProvider/lib/x86_64
05-20 06:03:53.818 W/dex2oat ( 3041): Compilation of int org.apache.commons.lang.BitField.getValue(int) took 175.223ms
05-20 06:03:53.929 W/System  ( 3114): ClassLoader referenced unknown path: /system/app/Email/lib/x86_64
05-20 06:03:54.077 W/dex2oat ( 3041): Compilation of void android.support.v7.app.AppCompatDelegateImplV9.openPanel(android.support.v7.app.AppCompatDelegateImplV9$PanelFeatureState, android.view.KeyEvent) took 189.518ms
05-20 06:03:54.175 I/CalendarProvider2( 3100): Created com.android.providers.calendar.CalendarAlarmManager@94d9025(com.android.providers.calendar.CalendarProvider2@98fd5fa)
05-20 06:03:54.948 W/ActivityManager( 2117): Unable to start service Intent { act=com.android.email.EXCHANGE_INTENT pkg=com.android.exchange } U=0: not found
05-20 06:03:54.995 D/AlarmScheduler( 3063): No events found starting within 1 week.
05-20 06:03:55.169 D/ActivityThread( 3114): Loading provider com.android.email.provider;com.android.email.notifier: com.android.email.provider.EmailProvider
05-20 06:03:55.176 W/ActivityManager( 2117): Unable to start service Intent { act=com.android.email.EXCHANGE_INTENT pkg=com.android.exchange } U=0: not found
05-20 06:03:55.395 I/SystemBroadcastReceiver( 2351): Boot has been completed
05-20 06:03:55.395 I/SystemBroadcastReceiver( 2351): toggleAppIcon() : FLAG_SYSTEM = true
05-20 06:03:55.615 W/art     ( 3138): Unexpected CPU variant for X86 using defaults: x86_64
05-20 06:03:55.624 I/CalendarProvider2( 3100): Sending notification intent: Intent { act=android.intent.action.PROVIDER_CHANGED dat=content://com.android.calendar flg=0x20000000 }
05-20 06:03:55.633 W/ActivityManager( 2117): Slow operation: 83ms so far, now at startProcess: returned from zygote!
05-20 06:03:55.633 W/ActivityManager( 2117): Slow operation: 84ms so far, now at startProcess: done updating battery stats
05-20 06:03:55.633 W/ActivityManager( 2117): Slow operation: 84ms so far, now at startProcess: building log message
05-20 06:03:55.633 I/ActivityManager( 2117): Start proc 3138:com.android.managedprovisioning/u0a14 for broadcast com.android.managedprovisioning/.BootReminder
05-20 06:03:55.633 W/ActivityManager( 2117): Slow operation: 84ms so far, now at startProcess: starting to update pids map
05-20 06:03:55.634 W/ActivityManager( 2117): Slow operation: 84ms so far, now at startProcess: done updating pids map
05-20 06:03:55.634 W/ActivityManager( 2117): Slow operation: 85ms so far, now at startProcess: done starting proc!
05-20 06:03:55.640 W/ActivityManager( 2117): Unable to start service Intent { act=com.android.email.EXCHANGE_INTENT pkg=com.android.exchange } U=0: not found
05-20 06:03:55.641 W/ActivityManager( 2117): Unable to start service Intent { cmp=com.android.email/.service.AttachmentService } U=0: not found
05-20 06:03:55.669 W/ContentResolver( 3100): Failed to get type for: content://com.android.calendar (Unknown URL content://com.android.calendar)
05-20 06:03:55.728 W/art     ( 3114): Long monitor contention with owner AsyncTask #2 (3133) at android.database.sqlite.SQLiteDatabase com.android.email.provider.EmailProvider.getDatabase(android.content.Context)(EmailProvider.java:478) waiters=0 in void com.android.email.provider.AccountReconciler.reconcileAccounts(android.content.Context) for 313ms
05-20 06:03:55.762 W/ActivityManager( 2117): Unable to start service Intent { act=com.android.email.EXCHANGE_INTENT pkg=com.android.exchange } U=0: not found
05-20 06:03:55.793 W/ActivityManager( 2117): Unable to start service Intent { act=com.android.email.EXCHANGE_INTENT pkg=com.android.exchange } U=0: not found
05-20 06:03:55.840 E/ActivityThread( 3114): Service com.android.email.service.EmailBroadcastProcessorService has leaked ServiceConnection com.android.emailcommon.service.ServiceProxy$ProxyConnection@aca3938 that was originally bound here
05-20 06:03:55.840 E/ActivityThread( 3114): android.app.ServiceConnectionLeaked: Service com.android.email.service.EmailBroadcastProcessorService has leaked ServiceConnection com.android.emailcommon.service.ServiceProxy$ProxyConnection@aca3938 that was originally bound here
05-20 06:03:55.840 E/ActivityThread( 3114): 	at android.app.LoadedApk$ServiceDispatcher.<init>(LoadedApk.java:1336)
05-20 06:03:55.840 E/ActivityThread( 3114): 	at android.app.LoadedApk.getServiceDispatcher(LoadedApk.java:1231)
05-20 06:03:55.840 E/ActivityThread( 3114): 	at android.app.ContextImpl.bindServiceCommon(ContextImpl.java:1450)
05-20 06:03:55.840 E/ActivityThread( 3114): 	at android.app.ContextImpl.bindService(ContextImpl.java:1422)
05-20 06:03:55.840 E/ActivityThread( 3114): 	at android.content.ContextWrapper.bindService(ContextWrapper.java:636)
05-20 06:03:55.840 E/ActivityThread( 3114): 	at com.android.emailcommon.service.ServiceProxy.setTask(ServiceProxy.java:181)
05-20 06:03:55.840 E/ActivityThread( 3114): 	at com.android.emailcommon.service.ServiceProxy.test(ServiceProxy.java:224)
05-20 06:03:55.840 E/ActivityThread( 3114): 	at com.android.email.service.EmailServiceUtils.isServiceAvailable(EmailServiceUtils.java:160)
05-20 06:03:55.840 E/ActivityThread( 3114): 	at com.android.email.provider.AccountReconciler.reconcileAccountsInternal(AccountReconciler.java:171)
05-20 06:03:55.840 E/ActivityThread( 3114): 	at com.android.email.provider.AccountReconciler.reconcileAccounts(AccountReconciler.java:115)
05-20 06:03:55.840 E/ActivityThread( 3114): 	at com.android.email.service.EmailBroadcastProcessorService.reconcileAndStartServices(EmailBroadcastProcessorService.java:305)
05-20 06:03:55.840 E/ActivityThread( 3114): 	at com.android.email.service.EmailBroadcastProcessorService.onBootCompleted(EmailBroadcastProcessorService.java:295)
05-20 06:03:55.840 E/ActivityThread( 3114): 	at com.android.email.service.EmailBroadcastProcessorService.onHandleIntent(EmailBroadcastProcessorService.java:130)
05-20 06:03:55.840 E/ActivityThread( 3114): 	at android.app.IntentService$ServiceHandler.handleMessage(IntentService.java:68)
05-20 06:03:55.840 E/ActivityThread( 3114): 	at android.os.Handler.dispatchMessage(Handler.java:102)
05-20 06:03:55.840 E/ActivityThread( 3114): 	at android.os.Looper.loop(Looper.java:154)
05-20 06:03:55.840 E/ActivityThread( 3114): 	at android.os.HandlerThread.run(HandlerThread.java:61)
05-20 06:03:55.841 W/ActivityManager( 2117): Unbind failed: could not find connection for android.os.BinderProxy@719089e
05-20 06:03:55.863 W/ActivityManager( 2117): Unable to start service Intent { cmp=com.android.email/.service.AttachmentService } U=0: not found
05-20 06:03:55.897 I/Email   ( 3114): Observing account changes for notifications
05-20 06:03:55.937 W/ActivityManager( 2117): Unable to start service Intent { act=com.android.email.EXCHANGE_INTENT pkg=com.android.exchange } U=0: not found
05-20 06:03:55.946 W/System  ( 3138): ClassLoader referenced unknown path: /system/priv-app/ManagedProvisioning/lib/x86_64
05-20 06:03:56.144 W/art     ( 3153): Unexpected CPU variant for X86 using defaults: x86_64
05-20 06:03:56.158 I/ActivityManager( 2117): Start proc 3153:com.android.messaging/u0a54 for broadcast com.android.messaging/.receiver.BootAndPackageReplacedReceiver
05-20 06:03:56.158 W/ActivityManager( 2117): Slow operation: 51ms so far, now at startProcess: done starting proc!
05-20 06:03:56.339 W/System  ( 3153): ClassLoader referenced unknown path: /system/app/messaging/lib/x86_64
05-20 06:03:56.418 I/dex2oat ( 3041): dex2oat took 17.218s (threads: 2) arena alloc=425KB (435768B) java alloc=7MB (7519368B) native alloc=15MB (16200016B) free=4MB (4247216B)
05-20 06:03:56.529 I/ActivityManager( 2117): Force stopping jp.jaxa.iss.kibo.rpc.sampleapk appid=10064 user=-1: installPackageLI
05-20 06:03:57.073 I/PackageManager( 2117): Package jp.jaxa.iss.kibo.rpc.sampleapk codePath changed from /data/app/jp.jaxa.iss.kibo.rpc.sampleapk-1 to /data/app/jp.jaxa.iss.kibo.rpc.sampleapk-2; Retaining data and using new
05-20 06:03:57.117 W/PackageManager( 2117): Code path for jp.jaxa.iss.kibo.rpc.sampleapk changing from /data/app/jp.jaxa.iss.kibo.rpc.sampleapk-1 to /data/app/jp.jaxa.iss.kibo.rpc.sampleapk-2
05-20 06:03:57.118 W/PackageManager( 2117): Resource path for jp.jaxa.iss.kibo.rpc.sampleapk changing from /data/app/jp.jaxa.iss.kibo.rpc.sampleapk-1 to /data/app/jp.jaxa.iss.kibo.rpc.sampleapk-2
05-20 06:03:57.571 I/MessagingApp( 3153): Carrier config changed. Reloading MMS config.
05-20 06:03:57.610 I/art     ( 2117): Starting a blocking GC Explicit
05-20 06:03:57.660 V/VvmBootCompletedRcvr( 2556): processing subId list
05-20 06:03:57.759 E/VvmBootCompletedRcvr( 2556): phone account ComponentInfo{com.android.phone/com.android.services.telephony.TelephonyConnectionService}, [e2f7d48dd2b5ca523e7313cf4ba0f6ea830b6281], UserHandle{0} has invalid subId -1
05-20 06:03:57.926 W/art     ( 2117): Suspending all threads took: 24.676ms
05-20 06:03:57.966 I/art     ( 2117): Explicit concurrent mark sweep GC freed 31593(1917KB) AllocSpace objects, 15(324KB) LOS objects, 29% free, 9MB/13MB, paused 38.191ms total 332.723ms
05-20 06:03:57.967 I/art     ( 2117): WaitForGcToComplete blocked for 151.189ms for cause HeapTrim
05-20 06:03:58.015 I/MessagingAppDataModel( 3153): Fixup: Send failed - 0 Download failed - 0
05-20 06:03:58.270 E/        ( 1329): Couldn't opendir /data/app/vmdl2061487163.tmp: No such file or directory
05-20 06:03:58.342 I/ActivityManager( 2117): Force stopping jp.jaxa.iss.kibo.rpc.sampleapk appid=10064 user=0: pkg removed
05-20 06:03:58.430 I/art     ( 3016): System.exit called, status: 0
05-20 06:03:58.431 I/AndroidRuntime( 3016): VM exiting with result code 0.
05-20 06:03:58.568 I/InputReader( 2117): Reconfiguring input devices.  changes=0x00000010
05-20 06:03:58.778 W/art     ( 2117): Long monitor contention with owner ActivityManager (2155) at void com.android.server.am.BroadcastQueue.processNextBroadcast(boolean)(BroadcastQueue.java:760) waiters=0 in int com.android.server.am.ActivityManagerService.broadcastIntent(android.app.IApplicationThread, android.content.Intent, java.lang.String, android.content.IIntentReceiver, int, java.lang.String, android.os.Bundle, java.lang.String[], int, android.os.Bundle, boolean, boolean, int) for 246ms
05-20 06:03:58.848 I/InputReader( 2117): Reconfiguring input devices.  changes=0x00000010
05-20 06:03:58.987 I/InputReader( 2117): Reconfiguring input devices.  changes=0x00000010
05-20 06:03:59.419 E/PhoneInterfaceManager( 2556): [PhoneIntfMgr] getCarrierPackageNamesForIntent: No UICC
05-20 06:03:59.419 D/CarrierSvcBindHelper( 2556): No carrier app for: 0
05-20 06:03:59.428 E/PhoneInterfaceManager( 2556): [PhoneIntfMgr] getCarrierPackageNamesForIntent: No UICC
05-20 06:03:59.429 D/CarrierSvcBindHelper( 2556): No carrier app for: 0
05-20 06:03:59.433 I/VvmSimChangeReceiver( 2556): Received SIM change for invalid subscription id.
05-20 06:03:59.443 D/CarrierConfigLoader( 2556): mHandler: 9 phoneId: 0
05-20 06:03:59.509 W/MessagingAppDataModel( 3153): Used 1267ms for SyncMessagesAction#executeAction
05-20 06:03:59.564 D/AlertReceiver( 3063): onReceive: a=android.intent.action.PROVIDER_CHANGED Intent { act=android.intent.action.PROVIDER_CHANGED dat=content://com.android.calendar flg=0x20000010 cmp=com.android.calendar/.alerts.AlertReceiver }
05-20 06:03:59.656 I/MessagingAppDataModel( 3153): SyncMessagesAction: Starting batch for messages from 1621489903677 to 1621490637328 (message update limit = 80, message scan limit = 4000)
05-20 06:03:59.698 D/AlertService( 3063): 0 Action = android.intent.action.PROVIDER_CHANGED
05-20 06:03:59.904 W/art     ( 3183): Unexpected CPU variant for X86 using defaults: x86_64
05-20 06:03:59.997 W/ActivityManager( 2117): Slow operation: 171ms so far, now at startProcess: returned from zygote!
05-20 06:03:59.998 W/ActivityManager( 2117): Slow operation: 173ms so far, now at startProcess: done updating battery stats
05-20 06:03:59.999 W/ActivityManager( 2117): Slow operation: 173ms so far, now at startProcess: building log message
05-20 06:04:00.002 I/ActivityManager( 2117): Start proc 3183:com.android.gallery3d/u0a39 for broadcast com.android.gallery3d/.app.PackagesMonitor
05-20 06:04:00.002 W/ActivityManager( 2117): Slow operation: 177ms so far, now at startProcess: starting to update pids map
05-20 06:04:00.002 W/ActivityManager( 2117): Slow operation: 177ms so far, now at startProcess: done updating pids map
05-20 06:04:00.003 W/ActivityManager( 2117): Slow operation: 179ms so far, now at startProcess: done starting proc!
05-20 06:04:00.003 W/art     ( 2117): Long monitor contention with owner Binder:2117_B (2887) at void com.android.server.am.BroadcastQueue.processNextBroadcast(boolean)(BroadcastQueue.java:760) waiters=0 in void com.android.server.am.ActivityManagerService.dispatchUidsChanged() for 179ms
05-20 06:04:01.394 I/art     ( 3153): Waiting for a blocking GC DisableMovingGc
05-20 06:04:01.406 I/art     ( 3153): WaitForGcToComplete blocked for 12.562ms for cause DisableMovingGc
05-20 06:04:01.407 I/art     ( 3153): Starting a blocking GC DisableMovingGc
05-20 06:04:01.705 I/MessagingAppDataModel( 3153): SyncMessagesAction: All messages now in sync
05-20 06:04:01.898 W/ContextImpl( 2864): Calling a method in the system process without a qualified user: android.app.ContextImpl.startService:1357 android.content.ContextWrapper.startService:613 android.content.ContextWrapper.startService:613 com.android.keychain.KeyChainBroadcastReceiver.onReceive:12 android.app.ActivityThread.handleReceiver:3040 
05-20 06:04:02.105 W/ActivityManager( 2117): Slow operation: 79ms so far, now at startProcess: returned from zygote!
05-20 06:04:02.105 W/ActivityManager( 2117): Slow operation: 80ms so far, now at startProcess: done updating battery stats
05-20 06:04:02.106 W/ActivityManager( 2117): Slow operation: 80ms so far, now at startProcess: building log message
05-20 06:04:02.106 I/ActivityManager( 2117): Start proc 3203:com.svox.pico/u0a49 for broadcast com.svox.pico/.VoiceDataInstallerReceiver
05-20 06:04:02.106 W/ActivityManager( 2117): Slow operation: 80ms so far, now at startProcess: starting to update pids map
05-20 06:04:02.106 W/ActivityManager( 2117): Slow operation: 81ms so far, now at startProcess: done updating pids map
05-20 06:04:02.106 W/ActivityManager( 2117): Slow operation: 82ms so far, now at startProcess: done starting proc!
05-20 06:04:02.114 W/art     ( 3203): Unexpected CPU variant for X86 using defaults: x86_64
05-20 06:04:02.765 W/VoiceInteractionManagerService( 2117): no available voice recognition services found for user 0
05-20 06:04:03.698 W/MediaScanner( 2959): Error opening directory '/oem/media/', skipping: No such file or directory.
05-20 06:04:03.900 V/MediaScanner( 2959): pruneDeadThumbnailFiles... android.content.ContentProviderClient$CursorWrapperInner@afeb167
05-20 06:04:03.902 V/MediaScanner( 2959): /pruneDeadThumbnailFiles... android.content.ContentProviderClient$CursorWrapperInner@afeb167
05-20 06:04:04.823 I/GlobalDismissManager( 3063): no sender configured
05-20 06:04:04.825 D/AlertService( 3063): Beginning updateAlertNotification
05-20 06:04:04.860 D/AlertService( 3063): No fired or scheduled alerts
05-20 06:04:04.894 D/AlertService( 3063): Scheduling next alarm with AlarmScheduler. sEventReminderReceived: null
05-20 06:04:04.924 D/AlarmScheduler( 3063): No events found starting within 1 week.
05-20 06:04:08.383 I/ActivityManager( 2117): Waited long enough for: ServiceRecord{d0d74a1 u0 com.android.calendar/.alerts.InitAlarmsService}
05-20 06:04:23.394 D/InitAlarmsService( 3063): Clearing and rescheduling alarms.
05-20 06:05:00.023 I/ActivityManager( 2117): Killing 3045:com.android.dialer/u0a8 (adj 906): empty #17
05-20 06:05:00.156 D/ActivityManager( 2117): cleanUpApplicationRecord -- 3045
05-20 06:06:16.605 D/AndroidRuntime( 3222): >>>>>> START com.android.internal.os.RuntimeInit uid 2000 <<<<<<
05-20 06:06:16.643 D/AndroidRuntime( 3222): CheckJNI is ON
05-20 06:06:17.167 W/art     ( 3222): Unexpected CPU variant for X86 using defaults: x86_64
05-20 06:06:17.231 D/ICU     ( 3222): No timezone override file found: /data/misc/zoneinfo/current/icu/icu_tzdata.dat
05-20 06:06:17.508 E/memtrack( 3222): Couldn't load memtrack module (No such file or directory)
05-20 06:06:17.509 E/android.os.Debug( 3222): failed to load memtrack module: -2
05-20 06:06:17.521 I/Radio-JNI( 3222): register_android_hardware_Radio DONE
05-20 06:06:17.686 D/AndroidRuntime( 3222): Calling main entry com.android.commands.am.Am
05-20 06:06:17.784 I/art     ( 3232): Not late-enabling -Xcheck:jni (already on)
05-20 06:06:17.786 W/art     ( 3232): Unexpected CPU variant for X86 using defaults: x86_64
05-20 06:06:17.794 W/ActivityManager( 2117): Slow operation: 68ms so far, now at startProcess: returned from zygote!
05-20 06:06:17.794 W/ActivityManager( 2117): Slow operation: 69ms so far, now at startProcess: done updating battery stats
05-20 06:06:17.795 W/ActivityManager( 2117): Slow operation: 69ms so far, now at startProcess: building log message
05-20 06:06:17.795 I/ActivityManager( 2117): Start proc 3232:gov.nasa.arc.astrobee.android.gs.manager/u0a63 for service gov.nasa.arc.astrobee.android.gs.manager/.ManagerService
05-20 06:06:17.795 W/ActivityManager( 2117): Slow operation: 70ms so far, now at startProcess: starting to update pids map
05-20 06:06:17.795 W/ActivityManager( 2117): Slow operation: 70ms so far, now at startProcess: done updating pids map
05-20 06:06:17.796 W/ActivityManager( 2117): Slow operation: 71ms so far, now at startProcess: done starting proc!
05-20 06:06:17.809 D/AndroidRuntime( 3222): Shutting down VM
05-20 06:06:18.098 W/System  ( 3232): ClassLoader referenced unknown path: /data/app/gov.nasa.arc.astrobee.android.gs.manager-1/lib/x86_64
05-20 06:06:18.447 E/Notification( 3232): setLatestEventInfo() is deprecated and you should feel deprecated.
05-20 06:06:18.447 E/Notification( 3232): java.lang.Throwable
05-20 06:06:18.447 E/Notification( 3232): 	at android.app.Notification.setLatestEventInfo(Notification.java:2076)
05-20 06:06:18.447 E/Notification( 3232): 	at org.ros.android.NodeMainExecutorService.onStartCommand(NodeMainExecutorService.java:220)
05-20 06:06:18.447 E/Notification( 3232): 	at android.app.ActivityThread.handleServiceArgs(ActivityThread.java:3326)
05-20 06:06:18.447 E/Notification( 3232): 	at android.app.ActivityThread.-wrap21(ActivityThread.java)
05-20 06:06:18.447 E/Notification( 3232): 	at android.app.ActivityThread$H.handleMessage(ActivityThread.java:1582)
05-20 06:06:18.447 E/Notification( 3232): 	at android.os.Handler.dispatchMessage(Handler.java:102)
05-20 06:06:18.447 E/Notification( 3232): 	at android.os.Looper.loop(Looper.java:154)
05-20 06:06:18.447 E/Notification( 3232): 	at android.app.ActivityThread.main(ActivityThread.java:6119)
05-20 06:06:18.447 E/Notification( 3232): 	at java.lang.reflect.Method.invoke(Native Method)
05-20 06:06:18.447 E/Notification( 3232): 	at com.android.internal.os.ZygoteInit$MethodAndArgsCaller.run(ZygoteInit.java:886)
05-20 06:06:18.447 E/Notification( 3232): 	at com.android.internal.os.ZygoteInit.main(ZygoteInit.java:776)
05-20 06:06:18.860 D/NotificationSQLiteLog( 2117): Pruned event entries: 0
05-20 06:06:19.523 I/Registrar( 3232): MasterXmlRpcEndpoint URI: http://llp:11311
05-20 06:06:19.843 I/Registrar( 3232): Registering publisher: Publisher<PublisherDefinition<PublisherIdentifier<NodeIdentifier</guest_science_manager, http://hlp:58721/>, TopicIdentifier</rosout>>, Topic<TopicIdentifier</rosout>, TopicDescription<rosgraph_msgs/Log, acffd30cd6b6de30f120938c17c593fb>>>>
05-20 06:06:21.322 I/Registrar( 3232): Response<Success, Registered [/guest_science_manager] as publisher of [/rosout], [http://10.42.0.34:38997/]>
05-20 06:06:21.331 I/DefaultPublisher( 3232): Publisher registered: Publisher<PublisherDefinition<PublisherIdentifier<NodeIdentifier</guest_science_manager, http://hlp:58721/>, TopicIdentifier</rosout>>, Topic<TopicIdentifier</rosout>, TopicDescription<rosgraph_msgs/Log, acffd30cd6b6de30f120938c17c593fb>>>>
05-20 06:06:21.553 I/Registrar( 3232): Registering subscriber: Subscriber<Topic<TopicIdentifier</clock>, TopicDescription<rosgraph_msgs/Clock, a9c97c1d230cfc112e270351a944ee47>>>
05-20 06:06:21.866 I/Registrar( 3232): Response<Success, Subscribed to [/clock], [http://10.42.0.34:41100/]>
05-20 06:06:21.922 I/DefaultSubscriber( 3232): Subscriber registered: Subscriber<Topic<TopicIdentifier</clock>, TopicDescription<rosgraph_msgs/Clock, a9c97c1d230cfc112e270351a944ee47>>>
05-20 06:06:22.110 I/Registrar( 3232): Registering publisher: Publisher<PublisherDefinition<PublisherIdentifier<NodeIdentifier</guest_science_manager, http://hlp:58721/>, TopicIdentifier</gs/gs_manager/ack>>, Topic<TopicIdentifier</gs/gs_manager/ack>, TopicDescription<ff_msgs/AckStamped, cebddec69fd770df54633be444a9187d>>>>
05-20 06:06:22.381 I/Registrar( 3232): Registering publisher: Publisher<PublisherDefinition<PublisherIdentifier<NodeIdentifier</guest_science_manager, http://hlp:58721/>, TopicIdentifier</gs/gs_manager/config>>, Topic<TopicIdentifier</gs/gs_manager/config>, TopicDescription<ff_msgs/GuestScienceConfig, c6f632ed2411de4159494a3e7754794e>>>>
05-20 06:06:22.558 I/Registrar( 3232): Response<Success, Registered [/guest_science_manager] as publisher of [/gs/gs_manager/ack], [http://10.42.0.34:36871/, http://10.42.0.34:42285/]>
05-20 06:06:22.564 I/DefaultPublisher( 3232): Publisher registered: Publisher<PublisherDefinition<PublisherIdentifier<NodeIdentifier</guest_science_manager, http://hlp:58721/>, TopicIdentifier</gs/gs_manager/ack>>, Topic<TopicIdentifier</gs/gs_manager/ack>, TopicDescription<ff_msgs/AckStamped, cebddec69fd770df54633be444a9187d>>>>
05-20 06:06:22.577 I/Registrar( 3232): Registering publisher: Publisher<PublisherDefinition<PublisherIdentifier<NodeIdentifier</guest_science_manager, http://hlp:58721/>, TopicIdentifier</gs/data>>, Topic<TopicIdentifier</gs/data>, TopicDescription<ff_msgs/GuestScienceData, edd2c791ea93ffa7cb0ec80c5bb00972>>>>
05-20 06:06:22.880 I/Registrar( 3232): Registering publisher: Publisher<PublisherDefinition<PublisherIdentifier<NodeIdentifier</guest_science_manager, http://hlp:58721/>, TopicIdentifier</gs/gs_manager/state>>, Topic<TopicIdentifier</gs/gs_manager/state>, TopicDescription<ff_msgs/GuestScienceState, 24e5a1ba8527257cc710720a32de6e51>>>>
05-20 06:06:23.107 I/art     ( 3232): Background sticky concurrent mark sweep GC freed 26509(2MB) AllocSpace objects, 19(384KB) LOS objects, 25% free, 7MB/10MB, paused 7.722ms total 830.624ms
05-20 06:06:23.150 I/Registrar( 3232): Response<Success, Registered [/guest_science_manager] as publisher of [/gs/gs_manager/config], [http://10.42.0.34:36871/, http://10.42.0.34:42416/]>
05-20 06:06:23.153 I/Registrar( 3232): Response<Success, Registered [/guest_science_manager] as publisher of [/gs/data], [http://10.42.0.34:35777/, http://10.42.0.34:35540/, http://10.42.0.34:42416/]>
05-20 06:06:23.155 I/DefaultPublisher( 3232): Publisher registered: Publisher<PublisherDefinition<PublisherIdentifier<NodeIdentifier</guest_science_manager, http://hlp:58721/>, TopicIdentifier</gs/data>>, Topic<TopicIdentifier</gs/data>, TopicDescription<ff_msgs/GuestScienceData, edd2c791ea93ffa7cb0ec80c5bb00972>>>>
05-20 06:06:23.257 I/DefaultPublisher( 3232): Publisher registered: Publisher<PublisherDefinition<PublisherIdentifier<NodeIdentifier</guest_science_manager, http://hlp:58721/>, TopicIdentifier</gs/gs_manager/config>>, Topic<TopicIdentifier</gs/gs_manager/config>, TopicDescription<ff_msgs/GuestScienceConfig, c6f632ed2411de4159494a3e7754794e>>>>
05-20 06:06:23.432 I/Registrar( 3232): Registering subscriber: Subscriber<Topic<TopicIdentifier</mgt/executive/command>, TopicDescription<ff_msgs/CommandStamped, ac01350894b1be9e3a7b4f390a14812d>>>
05-20 06:06:23.926 I/Registrar( 3232): Response<Success, Registered [/guest_science_manager] as publisher of [/gs/gs_manager/state], [http://10.42.0.34:36871/, http://10.42.0.34:42416/]>
05-20 06:06:23.979 I/DefaultPublisher( 3232): Publisher registered: Publisher<PublisherDefinition<PublisherIdentifier<NodeIdentifier</guest_science_manager, http://hlp:58721/>, TopicIdentifier</gs/gs_manager/state>>, Topic<TopicIdentifier</gs/gs_manager/state>, TopicDescription<ff_msgs/GuestScienceState, 24e5a1ba8527257cc710720a32de6e51>>>>
05-20 06:06:24.300 W/ActivityManager( 2117): Slow operation: 99ms so far, now at startProcess: returned from zygote!
05-20 06:06:24.300 W/ActivityManager( 2117): Slow operation: 99ms so far, now at startProcess: done updating battery stats
05-20 06:06:24.301 W/ActivityManager( 2117): Slow operation: 99ms so far, now at startProcess: building log message
05-20 06:06:24.301 I/ActivityManager( 2117): Start proc 3309:jp.jaxa.iss.kibo.rpc.sampleapk/u0a64 for broadcast jp.jaxa.iss.kibo.rpc.sampleapk/gov.nasa.arc.astrobee.android.gs.InfoInqueryBroadcastReceiver
05-20 06:06:24.301 W/ActivityManager( 2117): Slow operation: 100ms so far, now at startProcess: starting to update pids map
05-20 06:06:24.301 W/ActivityManager( 2117): Slow operation: 100ms so far, now at startProcess: done updating pids map
05-20 06:06:24.301 W/ActivityManager( 2117): Slow operation: 101ms so far, now at startProcess: done starting proc!
05-20 06:06:24.335 I/art     ( 3309): Not late-enabling -Xcheck:jni (already on)
05-20 06:06:24.336 W/art     ( 3309): Unexpected CPU variant for X86 using defaults: x86_64
05-20 06:06:24.445 I/Registrar( 3232): Response<Success, Subscribed to [/mgt/executive/command], [http://10.42.0.34:36871/]>
05-20 06:06:24.477 I/DefaultSubscriber( 3232): Subscriber registered: Subscriber<Topic<TopicIdentifier</mgt/executive/command>, TopicDescription<ff_msgs/CommandStamped, ac01350894b1be9e3a7b4f390a14812d>>>
05-20 06:06:24.719 W/art     ( 3232): Suspending all threads took: 23.887ms
05-20 06:06:24.898 I/art     ( 3232): Background partial concurrent mark sweep GC freed 21886(1815KB) AllocSpace objects, 32(640KB) LOS objects, 35% free, 7MB/11MB, paused 26.106ms total 805.916ms
05-20 06:06:26.056 I/ActivityManager( 2117): Killing 3071:com.android.carrierconfig/u0a3 (adj 906): empty #17
05-20 06:06:26.173 D/ActivityManager( 2117): cleanUpApplicationRecord -- 3071
05-20 06:06:28.834 I/art     ( 3232): Do partial code cache collection, code=26KB, data=29KB
05-20 06:06:28.884 I/art     ( 3232): After code cache collection, code=26KB, data=29KB
05-20 06:06:28.884 I/art     ( 3232): Increasing code cache capacity to 128KB
05-20 06:06:31.982 D/ManagerTimeoutTimer( 3232): Still waiting for the apk to start or stop. 4996.0 milliseconds left.
05-20 06:06:32.474 D/OpenCV/StaticHelper( 3309): Trying to get library list
05-20 06:06:32.681 E/OpenCV/StaticHelper( 3309): OpenCV error: Cannot load info library for OpenCV
05-20 06:06:32.682 D/OpenCV/StaticHelper( 3309): Library list: ""
05-20 06:06:32.682 D/OpenCV/StaticHelper( 3309): First attempt to load libs
05-20 06:06:32.682 D/OpenCV/StaticHelper( 3309): Trying to init OpenCV libs
05-20 06:06:32.683 D/OpenCV/StaticHelper( 3309): Trying to load library opencv_java3
05-20 06:06:33.102 D/OpenCV/StaticHelper( 3309): Library opencv_java3 loaded
05-20 06:06:33.102 D/OpenCV/StaticHelper( 3309): First attempt to load libs is OK
05-20 06:06:33.146 I/OpenCV/StaticHelper( 3309): 
05-20 06:06:33.146 I/OpenCV/StaticHelper( 3309): General configuration for OpenCV 3.4.4 =====================================
05-20 06:06:33.146 I/OpenCV/StaticHelper( 3309):   Version control:               3.4.4
05-20 06:06:33.146 I/OpenCV/StaticHelper( 3309): 
05-20 06:06:33.146 I/OpenCV/StaticHelper( 3309):   Extra modules:
05-20 06:06:33.146 I/OpenCV/StaticHelper( 3309):     Location (extra):            /build/3_4-contrib_pack-contrib-android/opencv_contrib/modules
05-20 06:06:33.146 I/OpenCV/StaticHelper( 3309):     Version control (extra):     3.4.4
05-20 06:06:33.146 I/OpenCV/StaticHelper( 3309): 
05-20 06:06:33.146 I/OpenCV/StaticHelper( 3309):   Platform:
05-20 06:06:33.146 I/OpenCV/StaticHelper( 3309):     Timestamp:                   2018-11-17T00:27:32Z
05-20 06:06:33.146 I/OpenCV/StaticHelper( 3309):     Host:                        Linux 4.15.0-38-generic x86_64
05-20 06:06:33.146 I/OpenCV/StaticHelper( 3309):     Target:                      Linux 1 x86_64
05-20 06:06:33.146 I/OpenCV/StaticHelper( 3309):     CMake:                       2.8.12.2
05-20 06:06:33.146 I/OpenCV/StaticHelper( 3309):     CMake generator:             Ninja
05-20 06:06:33.146 I/OpenCV/StaticHelper( 3309):     CMake build tool:            /usr/bin/ninja
05-20 06:06:33.146 I/OpenCV/StaticHelper( 3309):     Configuration:               Release
05-20 06:06:33.146 I/OpenCV/StaticHelper( 3309): 
05-20 06:06:33.146 I/OpenCV/StaticHelper( 3309):   CPU/HW features:
05-20 06:06:33.146 I/OpenCV/StaticHelper( 3309):     Baseline:                    SSE SSE2 SSE3
05-20 06:06:33.147 I/OpenCV/StaticHelper( 3309):       requested:                 SSE3
05-20 06:06:33.147 I/OpenCV/StaticHelper( 3309):     Dispatched code generation:  SSE4_1 SSE4_2 FP16 AVX AVX2
05-20 06:06:33.147 I/OpenCV/StaticHelper( 3309):       requested:                 SSE4_1 SSE4_2 AVX FP16 AVX2 AVX512_SKX
05-20 06:06:33.147 I/OpenCV/StaticHelper( 3309):       SSE4_1 (4 files):          + SSSE3 SSE4_1
05-20 06:06:33.147 I/OpenCV/StaticHelper( 3309):       SSE4_2 (1 files):          + SSSE3 SSE4_1 POPCNT SSE4_2
05-20 06:06:33.159 I/OpenCV/StaticHelper( 3309):       FP16 (0 files):            + SSSE3 SSE4_1 POPCNT SSE4_2 FP16 AVX
05-20 06:06:33.159 I/OpenCV/StaticHelper( 3309):       AVX (5 files):             + SSSE3 SSE4_1 POPCNT SSE4_2 AVX
05-20 06:06:33.159 I/OpenCV/StaticHelper( 3309):       AVX2 (10 files):           + SSSE3 SSE4_1 POPCNT SSE4_2 FP16 FMA3 AVX AVX2
05-20 06:06:33.159 I/OpenCV/StaticHelper( 3309): 
05-20 06:06:33.160 I/OpenCV/StaticHelper( 3309):   C/C++:
05-20 06:06:33.160 I/OpenCV/StaticHelper( 3309):     Built as dynamic libs?:      NO
05-20 06:06:33.160 I/OpenCV/StaticHelper( 3309):     C++ Compiler:                /usr/bin/ccache /opt/android/android-ndk-r10e/toolchains/x86_64-4.9/prebuilt/linux-x86_64/bin/x86_64-linux-android-g++ (ver 4.9)
05-20 06:06:33.160 I/OpenCV/StaticHelper( 3309):     C++ flags (Release):         -fexceptions -frtti --sysroot=/opt/android/android-ndk-r10e/platforms/android-21/arch-x86_64 -funwind-tables -funswitch-loops -finline-limit=300 -fsigned-char -no-canonical-prefixes -fdata-sections -ffunction-sections -Wa,--noexecstack  -DANDROID -D__ANDROID_API__=21   -fsigned-char -W -Wall -Werror=return-type -Werror=non-virtual-dtor -Werror=address -Werror=sequence-point -Wformat -Werror=format-security -Wmissing-declarations -Wundef -Winit-self -Wpointer-arith -Wshadow -Wsign-promo -Wuninitialized -Winit-self -Wno-narrowing -Wno-delete-non-virtual-dtor -Wno-comment -Wno-missing-field-initializers -fdiagnostics-show-option -Wno-long-long -fomit-frame-pointer  -msse -msse2 -msse3 -fvisibility=hidden -fvisibility-inlines-hidden -fomit-frame-pointer -fstrict-aliasing -O3 -DNDEBUG  -DNDEBUG
05-20 06:06:33.160 I/OpenCV/StaticHelper( 3309):     C++ flags (Debug):           -fexceptions -frtti --sysroot=/opt/android/android-ndk-r10e/platforms/android-21/arch-x86_64 -funwind-tables -funswitch-loops -finline-limit=300 -fsigned-char -no-canonical-prefixes -fdata-sections -ffunction-sections -Wa,--noexecstack  -DANDROID -D__ANDROID_API__=21   -fsigned-char -W -Wall -Werror=return-type -Werror=non-virtual-dtor -Werror=address -Werror=sequence-point -Wformat -Werror=format-security -Wmissing-declarations -Wundef -Winit-self -Wpointer-arith -Wshadow -Wsign-promo -Wuninitialized -Winit-self -Wno-narrowing -Wno-delete-non-virtual-dtor -Wno-comment -Wno-missing-field-initializers -fdiagnostics-show-option -Wno-long-long -fomit-frame-pointer  -msse -msse2 -msse3 -fvisibility=hidden -fvisibility-inlines-hidden -fno-omit-frame-pointer -fno-strict-aliasing -O0 -g -DDEBUG -D_DEBUG  -DDEBUG -D_DEBUG
05-20 06:06:33.160 I/OpenCV/StaticHelper( 3309):     C Compiler:                  /usr/bin/ccache /opt/android/android-ndk-r10e/toolchains/x86_64-4.9/prebuilt/linux-x86_64/bin/x86_64-linux-android-gcc
05-20 06:06:33.160 I/OpenCV/StaticHelper( 3309):     C flags (Release):           -fexceptions --sysroot=/opt/android/android-ndk-r10e/platforms/android-21/arch-x86_64 -funwind-tables -funswitch-loops -finline-limit=300 -fsigned-char -no-canonical-prefixes -fdata-sections -ffunction-sections -Wa,--noexecstack  -DANDROID -D__ANDROID_API__=21   -fsigned-char -W -Wall -Werror=return-type -Werror=non-virtual-dtor -Werror=address -Werror=sequence-point -Wformat -Werror=format-security -Wmissing-declarations -Wmissing-prototypes -Wstrict-prototypes -Wundef -Winit-self -Wpointer-arith -Wshadow -Wuninitialized -Winit-self -Wno-narrowing -Wno-comment -Wno-missing-field-initializers -fdiagnostics-show-option -Wno-long-long -fomit-frame-pointer  -msse -msse2 -msse3 -fvisibility=hidden -fomit-frame-pointer -fstrict-aliasing -O3 -DNDEBUG  -DNDEBUG
05-20 06:06:33.160 I/OpenCV/StaticHelper( 3309):     C flags (Debug):             -fexceptions --sysroot=/opt/android/android-ndk-r10e/platforms/android-21/arch-x86_64 -funwind-tables -funswitch-loops -finline-limit=300 -fsigned-char -no-canonical-prefixes -fdata-sections -ffunction-sections -Wa,--noexecstack  -DANDROID -D__ANDROID_API__=21   -fsigned-char -W -Wall -Werror=return-type -Werror=non-virtual-dtor -Werror=address -Werror=sequence-point -Wformat -Werror=format-security -Wmissing-declarations -Wmissing-prototypes -Wstrict-prototypes -Wundef -Winit-self -Wpointer-arith -Wshadow -Wuninitialized -Winit-self -Wno-narrowing -Wno-comment -Wno-missing-field-initializers -fdiagnostics-show-option -Wno-long-long -fomit-frame-pointer  -msse -msse2 -msse3 -fvisibility=hidden -fno-omit-frame-pointer -fno-strict-aliasing -O0 -g -DDEBUG -D_DEBUG  -DDEBUG -D_DEBUG
05-20 06:06:33.160 I/OpenCV/StaticHelper( 3309):     Linker flags (Release):      -Wl,--exclude-libs,libippicv.a -Wl,--exclude-libs,libippiw.a  -Wl,--no-undefined -Wl,--gc-sections -Wl,-z,noexecstack -Wl,-z,relro -Wl,-z,now    
05-20 06:06:33.160 I/OpenCV/StaticHelper( 3309):     Linker flags (Debug):        -Wl,--exclude-libs,libippicv.a -Wl,--exclude-libs,libippiw.a  -Wl,--no-undefined -Wl,--gc-sections -Wl,-z,noexecstack -Wl,-z,relro -Wl,-z,now    
05-20 06:06:33.160 I/OpenCV/StaticHelper( 3309):     ccache:                      YES
05-20 06:06:33.160 I/OpenCV/StaticHelper( 3309):     Precompiled headers:         NO
05-20 06:06:33.160 I/OpenCV/StaticHelper( 3309):     Extra dependencies:          z dl m log
05-20 06:06:33.160 I/OpenCV/StaticHelper( 3309):     3rdparty dependencies:       tbb libcpufeatures ittnotify libjpeg-turbo libwebp libpng libtiff libjasper IlmImf libprotobuf quirc ippiw ippicv
05-20 06:06:33.160 I/OpenCV/StaticHelper( 3309): 
05-20 06:06:33.160 I/OpenCV/StaticHelper( 3309):   OpenCV modules:
05-20 06:06:33.160 I/OpenCV/StaticHelper( 3309):     To be built:                 aruco bgsegm bioinspired calib3d ccalib core datasets dnn dnn_objdetect dpm face features2d flann fuzzy hfs highgui img_hash imgcodecs imgproc java java_bindings_generator line_descriptor ml objdetect optflow phase_unwrapping photo plot reg rgbd saliency shape stereo stitching structured_light superres surface_matching text tracking video videoio videostab xfeatures2d ximgproc xobjdetect xphoto
05-20 06:06:33.160 I/OpenCV/StaticHelper( 3309):     Disabled:                    world
05-20 06:06:33.160 I/OpenCV/StaticHelper( 3309):     Disabled by dependency:      -
05-20 06:06:33.160 I/OpenCV/StaticHelper( 3309):     Unavailable:                 cnn_3dobj cudaarithm cudabgsegm cudacodec cudafeatures2d cudafilters cudaimgproc cudalegacy cudaobjdetect cudaoptflow cudastereo cudawarping cudev cvv freetype hdf js matlab ovis python2 python3 sfm ts viz
05-20 06:06:33.160 I/OpenCV/StaticHelper( 3309):     Applications:                android_examples
05-20 06:06:33.160 I/OpenCV/StaticHelper( 3309):     Documentation:               NO
05-20 06:06:33.160 I/OpenCV/StaticHelper( 3309):     Non-free algorithms:         NO
05-20 06:06:33.160 I/OpenCV/StaticHelper( 3309): 
05-20 06:06:33.160 I/OpenCV/StaticHelper( 3309):   Android NDK:                   location: /opt/android/android-ndk-r10e
05-20 06:06:33.161 I/OpenCV/StaticHelper( 3309):     Android ABI:                 x86_64
05-20 06:06:33.161 I/OpenCV/StaticHelper( 3309):     NDK toolchain:               x86_64-4.9
05-20 06:06:33.161 I/OpenCV/StaticHelper( 3309):     STL type:                    gnustl_static
05-20 06:06:33.161 I/OpenCV/StaticHelper( 3309):     Native API level:            21
05-20 06:06:33.161 I/OpenCV/StaticHelper( 3309):   Android SDK:                   /opt/android/android-sdk-java7 (tools: 25.2.2 build tools: 23.0.3)
05-20 06:06:33.161 I/OpenCV/StaticHelper( 3309):     android tool:                /opt/android/android-sdk-java7/tools/android
05-20 06:06:33.161 I/OpenCV/StaticHelper( 3309):     SDK target:                  android-21
05-20 06:06:33.161 I/OpenCV/StaticHelper( 3309):     Projects build scripts:      Ant/Eclipse compatible
05-20 06:06:33.161 I/OpenCV/StaticHelper( 3309): 
05-20 06:06:33.161 I/OpenCV/StaticHelper( 3309):   GUI: 
05-20 06:06:33.161 I/OpenCV/StaticHelper( 3309): 
05-20 06:06:33.161 I/OpenCV/StaticHelper( 3309):   Media I/O: 
05-20 06:06:33.161 I/OpenCV/StaticHelper( 3309):     ZLib:                        z (ver 1.2.3)
05-20 06:06:33.161 I/OpenCV/StaticHelper( 3309):     JPEG:                        build-libjpeg-turbo (ver 1.5.3-62)
05-20 06:06:33.161 I/OpenCV/StaticHelper( 3309):     WEBP:                        build (ver encoder: 0x020e)
05-20 06:06:33.161 I/OpenCV/StaticHelper( 3309):     PNG:                         build (ver 1.6.35)
05-20 06:06:33.161 I/OpenCV/StaticHelper( 3309):     TIFF:                        build (ver 42 - 4.0.9)
05-20 06:06:33.161 I/OpenCV/StaticHelper( 3309):     JPEG 2000:                   build (ver 1.900.1)
05-20 06:06:33.162 I/OpenCV/StaticHelper( 3309):     OpenEXR:                     build (ver 1.7.1)
05-20 06:06:33.162 I/OpenCV/StaticHelper( 3309):     HDR:                         YES
05-20 06:06:33.162 I/OpenCV/StaticHelper( 3309):     SUNRASTER:                   YES
05-20 06:06:33.162 I/OpenCV/StaticHelper( 3309):     PXM:                         YES
05-20 06:06:33.162 I/OpenCV/StaticHelper( 3309): 
05-20 06:06:33.162 I/OpenCV/StaticHelper( 3309):   Video I/O:
05-20 06:06:33.162 I/OpenCV/StaticHelper( 3309): 
05-20 06:06:33.162 I/OpenCV/StaticHelper( 3309):   Parallel framework:            TBB (ver 2018.0 interface 10001)
05-20 06:06:33.162 I/OpenCV/StaticHelper( 3309): 
05-20 06:06:33.162 I/OpenCV/StaticHelper( 3309):   Trace:                         YES (with Intel ITT)
05-20 06:06:33.162 I/OpenCV/StaticHelper( 3309): 
05-20 06:06:33.162 I/OpenCV/StaticHelper( 3309):   Other third-party libraries:
05-20 06:06:33.162 I/OpenCV/StaticHelper( 3309):     Intel IPP:                   2019.0.0 Gold [2019.0.0]
05-20 06:06:33.162 I/OpenCV/StaticHelper( 3309):            at:                   /build/3_4-contrib_pack-contrib-android/build/o4a/3rdparty/ippicv/ippicv_lnx/icv
05-20 06:06:33.162 I/OpenCV/StaticHelper( 3309):     Intel IPP IW:                sources (2019.0.0)
05-20 06:06:33.162 I/OpenCV/StaticHelper( 3309):               at:                /build/3_4-contrib_pack-contrib-android/build/o4a/3rdparty/ippicv/ippicv_lnx/iw
05-20 06:06:33.167 I/OpenCV/StaticHelper( 3309):     Custom HAL:                  NO
05-20 06:06:33.167 I/OpenCV/StaticHelper( 3309):     Protobuf:                    build (3.5.1)
05-20 06:06:33.167 I/OpenCV/StaticHelper( 3309): 
05-20 06:06:33.167 I/OpenCV/StaticHelper( 3309):   Python (for build):            /usr/bin/python2.7
05-20 06:06:33.172 I/OpenCV/StaticHelper( 3309): 
05-20 06:06:33.172 I/OpenCV/StaticHelper( 3309):   Java:                          export all functions
05-20 06:06:33.172 I/OpenCV/StaticHelper( 3309):     ant:                         /usr/bin/ant (ver 1.9.3)
05-20 06:06:33.172 I/OpenCV/StaticHelper( 3309):     Java wrappers:               YES
05-20 06:06:33.172 I/OpenCV/StaticHelper( 3309):     Java tests:                  NO
05-20 06:06:33.172 I/OpenCV/StaticHelper( 3309): 
05-20 06:06:33.172 I/OpenCV/StaticHelper( 3309):   Install to:                    /build/3_4-contrib_pack-contrib-android/build/o4a/install
05-20 06:06:33.173 I/OpenCV/StaticHelper( 3309): -----------------------------------------------------------------
05-20 06:06:33.173 D/OpenCv  ( 3309): OpenCV loaded
05-20 06:06:34.122 I/Registrar( 3309): MasterXmlRpcEndpoint URI: http://llp:11311
05-20 06:06:34.560 I/Registrar( 3309): Registering publisher: Publisher<PublisherDefinition<PublisherIdentifier<NodeIdentifier</kibo_rpc_api, http://hlp:53053/>, TopicIdentifier</rosout>>, Topic<TopicIdentifier</rosout>, TopicDescription<rosgraph_msgs/Log, acffd30cd6b6de30f120938c17c593fb>>>>
05-20 06:06:36.582 I/Registrar( 3309): Response<Success, Registered [/kibo_rpc_api] as publisher of [/rosout], [http://10.42.0.34:38997/, http://10.42.0.34:42285/]>
05-20 06:06:36.596 I/DefaultPublisher( 3309): Publisher registered: Publisher<PublisherDefinition<PublisherIdentifier<NodeIdentifier</kibo_rpc_api, http://hlp:53053/>, TopicIdentifier</rosout>>, Topic<TopicIdentifier</rosout>, TopicDescription<rosgraph_msgs/Log, acffd30cd6b6de30f120938c17c593fb>>>>
05-20 06:06:37.280 I/Registrar( 3309): Registering subscriber: Subscriber<Topic<TopicIdentifier</clock>, TopicDescription<rosgraph_msgs/Clock, a9c97c1d230cfc112e270351a944ee47>>>
05-20 06:06:37.517 I/Registrar( 3309): Response<Success, Subscribed to [/clock], [http://10.42.0.34:41100/]>
05-20 06:06:37.557 I/DefaultSubscriber( 3309): Subscriber registered: Subscriber<Topic<TopicIdentifier</clock>, TopicDescription<rosgraph_msgs/Clock, a9c97c1d230cfc112e270351a944ee47>>>
05-20 06:06:38.356 I/Registrar( 3309): Registering publisher: Publisher<PublisherDefinition<PublisherIdentifier<NodeIdentifier</kibo_rpc_api, http://hlp:53053/>, TopicIdentifier</command>>, Topic<TopicIdentifier</command>, TopicDescription<ff_msgs/CommandStamped, ac01350894b1be9e3a7b4f390a14812d>>>>
05-20 06:06:39.045 I/Registrar( 3309): Response<Success, Registered [/kibo_rpc_api] as publisher of [/command], [http://10.42.0.34:41100/, http://10.42.0.34:36871/, http://10.42.0.34:42285/, http://10.42.0.34:35540/]>
05-20 06:06:39.047 I/DefaultPublisher( 3309): Publisher registered: Publisher<PublisherDefinition<PublisherIdentifier<NodeIdentifier</kibo_rpc_api, http://hlp:53053/>, TopicIdentifier</command>>, Topic<TopicIdentifier</command>, TopicDescription<ff_msgs/CommandStamped, ac01350894b1be9e3a7b4f390a14812d>>>>
05-20 06:06:39.731 I/Registrar( 3309): Registering subscriber: Subscriber<Topic<TopicIdentifier</mgt/ack>, TopicDescription<ff_msgs/AckStamped, cebddec69fd770df54633be444a9187d>>>
05-20 06:06:39.821 W/art     ( 3309): Suspending all threads took: 7.261ms
05-20 06:06:39.935 I/Registrar( 3309): MasterXmlRpcEndpoint URI: http://llp:11311
05-20 06:06:40.530 I/Registrar( 3309): Response<Success, Subscribed to [/mgt/ack], [http://10.42.0.34:36871/]>
05-20 06:06:40.581 I/DefaultSubscriber( 3309): Subscriber registered: Subscriber<Topic<TopicIdentifier</mgt/ack>, TopicDescription<ff_msgs/AckStamped, cebddec69fd770df54633be444a9187d>>>
05-20 06:06:40.750 I/Registrar( 3309): Registering publisher: Publisher<PublisherDefinition<PublisherIdentifier<NodeIdentifier</GetterNode, http://hlp:35640/>, TopicIdentifier</rosout>>, Topic<TopicIdentifier</rosout>, TopicDescription<rosgraph_msgs/Log, acffd30cd6b6de30f120938c17c593fb>>>>
05-20 06:06:41.677 I/Registrar( 3309): Response<Success, Registered [/GetterNode] as publisher of [/rosout], [http://10.42.0.34:38997/, http://10.42.0.34:42285/]>
05-20 06:06:41.842 I/DefaultPublisher( 3309): Publisher registered: Publisher<PublisherDefinition<PublisherIdentifier<NodeIdentifier</GetterNode, http://hlp:35640/>, TopicIdentifier</rosout>>, Topic<TopicIdentifier</rosout>, TopicDescription<rosgraph_msgs/Log, acffd30cd6b6de30f120938c17c593fb>>>>
05-20 06:06:42.095 I/art     ( 3232): Background sticky concurrent mark sweep GC freed 100193(2MB) AllocSpace objects, 12(232KB) LOS objects, 35% free, 7MB/11MB, paused 2.120ms total 185.798ms
05-20 06:06:42.314 I/Registrar( 3309): Registering subscriber: Subscriber<Topic<TopicIdentifier</clock>, TopicDescription<rosgraph_msgs/Clock, a9c97c1d230cfc112e270351a944ee47>>>
