05-20 06:00:32.809 D/VoldConnector( 2117): RCV <- {654 public:253,48 SDCARD}
05-20 06:00:33.163 I/MediaPlayerService( 1334): MediaPlayerService::getOMX
05-20 06:00:33.181 I/OMXClient( 1334): MuxOMX ctor
05-20 06:00:33.182 I/OMXMaster( 1331): makeComponentInstance(OMX.google.vorbis.decoder) in mediacodec process
05-20 06:00:33.483 I/art     ( 2400): System.exit called, status: 0
05-20 06:00:33.483 I/AndroidRuntime( 2400): VM exiting with result code 0, cleanup skipped.
05-20 06:00:33.532 I/fsck_msdos( 1277): ** /dev/block/vold/public:253,48
05-20 06:00:33.747 I/fsck_msdos( 1277): ** Phase 1 - Read and Compare FATs
05-20 06:00:33.749 I/fsck_msdos( 1277): Attempting to allocate 1046 KB for FAT
05-20 06:00:34.416 W/InputAttributes( 2351): No editor info for this field. Bug?
05-20 06:00:34.444 I/MediaPlayerService( 1334): MediaPlayerService::getOMX
05-20 06:00:34.448 I/OMXClient( 1334): MuxOMX ctor
05-20 06:00:34.483 I/OMXMaster( 1331): makeComponentInstance(OMX.google.opus.decoder) in mediacodec process
05-20 06:00:34.554 I/fsck_msdos( 1277): Attempting to allocate 1046 KB for FAT
05-20 06:00:35.092 E/NetdConnector( 2117): NDC Command {3 bandwidth enable} took too long (5188ms)
05-20 06:00:35.161 I/fsck_msdos( 1277): ** Phase 2 - Check Cluster Chains
05-20 06:00:35.183 I/fsck_msdos( 1277): ** Phase 3 - Checking Directories
05-20 06:00:35.188 I/fsck_msdos( 1277): ** Phase 4 - Checking for Lost Files
05-20 06:00:35.221 I/fsck_msdos( 1277): 2 files, 534464 free (267232 clusters)
05-20 06:00:35.309 I/LatinIME:LogUtils( 2351): Dictionary info: dictionary = userunigram.en_US ; version = 1621490435 ; date = ?
05-20 06:00:35.407 I/Vold    ( 1277): Filesystem check completed OK
05-20 06:00:35.408 D/VoldConnector( 2117): RCV <- {656 public:253,48 /mnt/media_rw/1EFF-1C1B}
05-20 06:00:35.425 E/ActivityThread( 2351): Failed to find provider info for user_dictionary
05-20 06:00:35.428 I/LatinIME:LogUtils( 2351): Dictionary info: dictionary = UserHistoryDictionary.en_US ; version = 1621490435 ; date = ?
05-20 06:00:35.502 D/VoldConnector( 2117): RCV <- {655 public:253,48 /storage/1EFF-1C1B}
05-20 06:00:35.615 V/vold    ( 1277): Waiting for FUSE to spin up...
05-20 06:00:35.645 W/ProcessCpuTracker( 2117): Skipping unknown process pid 2458
05-20 06:00:35.670 V/vold    ( 1277): Waiting for FUSE to spin up...
05-20 06:00:35.723 I/MediaPlayerService( 1334): MediaPlayerService::getOMX
05-20 06:00:35.724 I/OMXClient( 1334): MuxOMX ctor
05-20 06:00:35.725 I/OMXMaster( 1331): makeComponentInstance(OMX.google.raw.decoder) in mediacodec process
05-20 06:00:35.728 V/vold    ( 1277): Waiting for FUSE to spin up...
05-20 06:00:35.780 V/vold    ( 1277): Waiting for FUSE to spin up...
05-20 06:00:35.828 I/MediaPlayerService( 1334): MediaPlayerService::getOMX
05-20 06:00:35.829 I/OMXClient( 1334): MuxOMX ctor
05-20 06:00:35.832 I/OMXMaster( 1331): makeComponentInstance(OMX.google.aac.encoder) in mediacodec process
05-20 06:00:35.834 V/vold    ( 1277): Waiting for FUSE to spin up...
05-20 06:00:35.886 V/vold    ( 1277): Waiting for FUSE to spin up...
05-20 06:00:35.939 V/vold    ( 1277): Waiting for FUSE to spin up...
05-20 06:00:35.964 I/vol.Events( 2365): writeEvent collection_started
05-20 06:00:35.990 V/vold    ( 1277): Waiting for FUSE to spin up...
05-20 06:00:36.050 V/vold    ( 1277): Waiting for FUSE to spin up...
05-20 06:00:36.069 I/vol.Events( 2365): writeEvent external_ringer_mode_changed normal
05-20 06:00:36.088 W/sdcard  ( 2480): Device explicitly disabled sdcardfs
05-20 06:00:36.110 V/vold    ( 1277): Waiting for FUSE to spin up...
05-20 06:00:36.122 I/vol.Events( 2365): writeEvent internal_ringer_mode_changed normal
05-20 06:00:36.161 I/MediaPlayerService( 1334): MediaPlayerService::getOMX
05-20 06:00:36.163 I/OMXClient( 1334): MuxOMX ctor
05-20 06:00:36.164 I/OMXMaster( 1331): makeComponentInstance(OMX.google.amrnb.encoder) in mediacodec process
05-20 06:00:36.166 V/vold    ( 1277): Waiting for FUSE to spin up...
05-20 06:00:36.220 V/vold    ( 1277): Waiting for FUSE to spin up...
05-20 06:00:36.244 I/MediaPlayerService( 1334): MediaPlayerService::getOMX
05-20 06:00:36.246 I/OMXClient( 1334): MuxOMX ctor
05-20 06:00:36.246 I/OMXMaster( 1331): makeComponentInstance(OMX.google.amrwb.encoder) in mediacodec process
05-20 06:00:36.280 V/vold    ( 1277): Waiting for FUSE to spin up...
05-20 06:00:36.313 I/MediaPlayerService( 1334): MediaPlayerService::getOMX
05-20 06:00:36.315 I/OMXClient( 1334): MuxOMX ctor
05-20 06:00:36.317 I/OMXMaster( 1331): makeComponentInstance(OMX.google.flac.encoder) in mediacodec process
05-20 06:00:36.423 D/VoldConnector( 2117): RCV <- {651 public:253,48 2}
05-20 06:00:36.424 D/VoldConnector( 2117): RCV <- {200 6 Command succeeded}
05-20 06:00:36.426 E/VoldConnector( 2117): NDC Command {6 volume mount public:253,48 2 0} took too long (5289ms)
05-20 06:00:37.318 E/NetdConnector( 2117): NDC Command {4 strict enable} took too long (2175ms)
05-20 06:00:37.319 W/NetworkManagement( 2117): setDataSaverMode(): already false
05-20 06:00:37.839 I/MediaPlayerService( 1334): MediaPlayerService::getOMX
05-20 06:00:37.866 I/OMXClient( 1334): MuxOMX ctor
05-20 06:00:37.866 I/OMXMaster( 1331): makeComponentInstance(OMX.google.gsm.decoder) in mediacodec process
05-20 06:00:38.512 I/MediaPlayerService( 1334): MediaPlayerService::getOMX
05-20 06:00:38.514 I/OMXClient( 1334): MuxOMX ctor
05-20 06:00:38.514 I/OMXMaster( 1331): makeComponentInstance(OMX.google.mpeg4.decoder) in mediacodec process
05-20 06:00:39.269 E/OMXNodeInstance( 1331): getExtensionIndex(533000f:google.mpeg4.decoder, OMX.google.android.index.configureVideoTunnelMode) ERROR: UnsupportedIndex(0x8000101a)
05-20 06:00:39.281 W/OMXNodeInstance( 1331): [533000f:google.mpeg4.decoder] component does not support metadata mode; using fallback
05-20 06:00:39.302 I/MediaPlayerService( 1334): MediaPlayerService::getOMX
05-20 06:00:39.304 I/OMXClient( 1334): MuxOMX ctor
05-20 06:00:39.305 I/OMXMaster( 1331): makeComponentInstance(OMX.google.h263.decoder) in mediacodec process
05-20 06:00:39.521 I/vol.Events( 2365): writeEvent level_changed STREAM_ALARM 6
05-20 06:00:39.601 I/vol.Events( 2365): writeEvent level_changed STREAM_BLUETOOTH_SCO 7
05-20 06:00:39.631 I/vol.Events( 2365): writeEvent level_changed STREAM_MUSIC 11
05-20 06:00:39.720 I/vol.Events( 2365): writeEvent level_changed STREAM_RING 5
05-20 06:00:39.741 I/vol.Events( 2365): writeEvent level_changed STREAM_SYSTEM 5
05-20 06:00:39.760 E/NetdConnector( 2117): NDC Command {7 bandwidth setglobalalert 2097152} took too long (2025ms)
05-20 06:00:39.833 D/NetworkPolicy( 2117): setRestrictBackgroundUL(): false
05-20 06:00:39.836 W/NetworkManagement( 2117): setDataSaverMode(): already false
05-20 06:00:40.028 I/vol.Events( 2365): writeEvent level_changed STREAM_VOICE_CALL 4
05-20 06:00:40.476 D/StorageNotification( 2365): Notifying about private volume: VolumeInfo{private}:
05-20 06:00:40.476 D/StorageNotification( 2365):     type=PRIVATE diskId=null partGuid=null mountFlags=0 mountUserId=-1 
05-20 06:00:40.476 D/StorageNotification( 2365):     state=MOUNTED 
05-20 06:00:40.476 D/StorageNotification( 2365):     fsType=null fsUuid=null fsLabel=null 
05-20 06:00:40.476 D/StorageNotification( 2365):     path=/data internalPath=null 
05-20 06:00:40.561 D/StorageNotification( 2365): Notifying about public volume: VolumeInfo{public:253,48}:
05-20 06:00:40.561 D/StorageNotification( 2365):     type=PUBLIC diskId=disk:253,48 partGuid=null mountFlags=VISIBLE 
05-20 06:00:40.561 D/StorageNotification( 2365):     mountUserId=0 state=MOUNTED 
05-20 06:00:40.561 D/StorageNotification( 2365):     fsType=vfat fsUuid=1EFF-1C1B fsLabel=SDCARD 
05-20 06:00:40.561 D/StorageNotification( 2365):     path=/storage/1EFF-1C1B internalPath=/mnt/media_rw/1EFF-1C1B 
05-20 06:00:40.733 E/OMXNodeInstance( 1331): getExtensionIndex(5330010:google.h263.decoder, OMX.google.android.index.configureVideoTunnelMode) ERROR: UnsupportedIndex(0x8000101a)
05-20 06:00:40.734 W/OMXNodeInstance( 1331): [5330010:google.h263.decoder] component does not support metadata mode; using fallback
05-20 06:00:40.803 I/MediaPlayerService( 1334): MediaPlayerService::getOMX
05-20 06:00:40.804 I/OMXClient( 1334): MuxOMX ctor
05-20 06:00:40.809 I/OMXMaster( 1331): makeComponentInstance(OMX.google.h264.decoder) in mediacodec process
05-20 06:00:41.091 W/art     ( 2117): Long monitor contention with owner NetworkPolicy (2309) at boolean android.os.BinderProxy.transactNative(int, android.os.Parcel, android.os.Parcel, int)(Binder.java:-2) waiters=0 in void com.android.server.NetworkManagementService.setFirewallChainEnabled(int, boolean) for 923ms
05-20 06:00:41.578 W/ACodec  ( 1334): [OMX.google.h264.decoder] stopping checking profiles after 32: 2/8000
05-20 06:00:41.631 I/art     ( 2117): Background sticky concurrent mark sweep GC freed 40043(2MB) AllocSpace objects, 18(428KB) LOS objects, 20% free, 13MB/16MB, paused 2.740ms total 561.912ms
05-20 06:00:41.651 E/OMXNodeInstance( 1331): getExtensionIndex(5330011:google.h264.decoder, OMX.google.android.index.configureVideoTunnelMode) ERROR: UnsupportedIndex(0x8000101a)
05-20 06:00:41.652 W/OMXNodeInstance( 1331): [5330011:google.h264.decoder] component does not support metadata mode; using fallback
05-20 06:00:41.732 I/MediaPlayerService( 1334): MediaPlayerService::getOMX
05-20 06:00:41.734 I/OMXClient( 1334): MuxOMX ctor
05-20 06:00:41.735 I/OMXMaster( 1331): makeComponentInstance(OMX.google.hevc.decoder) in mediacodec process
05-20 06:00:41.753 I/Choreographer( 2365): Skipped 91 frames!  The application may be doing too much work on its main thread.
05-20 06:00:42.196 W/art     ( 2351): Long monitor contention with owner AsyncTask #1 (2472) at void android.os.MessageQueue.nativeWake(long)(MessageQueue.java:-2) waiters=0 in android.os.Message android.os.MessageQueue.next() for 1.115s
05-20 06:00:42.348 I/StatusBarManagerService( 2117): registerStatusBar bar=com.android.internal.statusbar.IStatusBar$Stub$Proxy@b908f34
05-20 06:00:42.644 E/OMXNodeInstance( 1331): getExtensionIndex(5330012:google.hevc.decoder, OMX.google.android.index.configureVideoTunnelMode) ERROR: UnsupportedIndex(0x8000101a)
05-20 06:00:42.645 W/OMXNodeInstance( 1331): [5330012:google.hevc.decoder] component does not support metadata mode; using fallback
05-20 06:00:42.672 I/MediaPlayerService( 1334): MediaPlayerService::getOMX
05-20 06:00:42.673 I/OMXClient( 1334): MuxOMX ctor
05-20 06:00:42.674 I/OMXMaster( 1331): makeComponentInstance(OMX.google.vp8.decoder) in mediacodec process
05-20 06:00:43.437 W/AudioService( 2117): onLoadSoundEffects(), Error 1 while loading samples
05-20 06:00:43.523 E/OMXNodeInstance( 1331): getExtensionIndex(5330013:google.vp8.decoder, OMX.google.android.index.configureVideoTunnelMode) ERROR: UnsupportedIndex(0x8000101a)
05-20 06:00:43.523 W/OMXNodeInstance( 1331): [5330013:google.vp8.decoder] component does not support metadata mode; using fallback
05-20 06:00:43.573 I/MediaPlayerService( 1334): MediaPlayerService::getOMX
05-20 06:00:43.574 I/OMXClient( 1334): MuxOMX ctor
05-20 06:00:43.575 I/OMXMaster( 1331): makeComponentInstance(OMX.google.vp9.decoder) in mediacodec process
05-20 06:00:43.849 E/NetdConnector( 2117): NDC Command {9 bandwidth gettetherstats} took too long (1038ms)
05-20 06:00:43.850 E/NetdConnector( 2117): NDC Command {8 firewall enable_chain standby} took too long (2758ms)
05-20 06:00:44.259 E/OMXNodeInstance( 1331): getExtensionIndex(5330014:google.vp9.decoder, OMX.google.android.index.configureVideoTunnelMode) ERROR: UnsupportedIndex(0x8000101a)
05-20 06:00:44.263 I/SystemServiceManager( 2117): Starting phase 600
05-20 06:00:44.271 W/OMXNodeInstance( 1331): [5330014:google.vp9.decoder] component does not support metadata mode; using fallback
05-20 06:00:44.336 I/MediaPlayerService( 1334): MediaPlayerService::getOMX
05-20 06:00:44.338 I/OMXClient( 1334): MuxOMX ctor
05-20 06:00:44.338 I/OMXMaster( 1331): makeComponentInstance(OMX.google.h263.encoder) in mediacodec process
05-20 06:00:44.496 D/SensorNotificationService( 2117): Cannot obtain dynamic meta sensor, not supported.
05-20 06:00:45.052 I/GnssLocationProvider( 2117): WakeLock acquired by sendMessage(13, 0, null)
05-20 06:00:45.099 I/SoftMPEG4Encoder( 1331): Construct SoftMPEG4Encoder
05-20 06:00:45.252 W/LocationManagerService( 2117): no network location provider found
05-20 06:00:45.296 W/ACodec  ( 1334): do not know color format 0x7f000789 = 2130708361
05-20 06:00:45.299 E/OMXNodeInstance( 1331): getConfig(5330015:google.h263.encoder, ConfigAndroidIntraRefresh(0x6f60000a)) ERROR: Undefined(0x80001001)
05-20 06:00:45.423 E/LocationManagerService( 2117): no geocoder provider found
05-20 06:00:45.428 E/FlpHardwareProvider( 2117): Error hw_get_module 'flp': -2
05-20 06:00:45.429 D/LocationManagerService( 2117): FLP HAL not supported
05-20 06:00:45.444 I/MediaPlayerService( 1334): MediaPlayerService::getOMX
05-20 06:00:45.447 I/OMXClient( 1334): MuxOMX ctor
05-20 06:00:45.464 D/LocationManagerService( 2117): Unable to bind FLP Geofence proxy.
05-20 06:00:45.466 E/ActivityRecognitionHardware( 2117): Error hw_get_module: -2
05-20 06:00:45.466 D/LocationManagerService( 2117): Hardware Activity-Recognition not supported.
05-20 06:00:45.468 E/ActivityRecognitionProxy( 2117): ServiceWatcher could not start.
05-20 06:00:45.468 D/LocationManagerService( 2117): Unable to bind ActivityRecognitionProxy.
05-20 06:00:45.487 I/OMXMaster( 1331): makeComponentInstance(OMX.google.h264.encoder) in mediacodec process
05-20 06:00:45.501 I/GnssLocationProvider( 2117): WakeLock acquired by sendMessage(2, 1, null)
05-20 06:00:45.536 W/GnssLocationProvider( 2117): Could not open GPS configuration file /etc/gps.conf
05-20 06:00:45.537 E/GnssLocationProvider( 2117): no AGPS interface in set_agps_server
05-20 06:00:45.619 I/CommonTimeManagementService( 2117): No common time service detected on this platform.  Common time services will be unavailable.
05-20 06:00:45.714 I/InputReader( 2117): Reconfiguring input devices.  changes=0x00000020
05-20 06:00:45.721 W/ActivityManager( 2117): Timeout executing service: ServiceRecord{738b1d7 u0 com.android.server.telecom/.components.TelecomService}
05-20 06:00:45.765 I/MmsServiceBroker( 2117): Delay connecting to MmsService until an API is called
05-20 06:00:45.834 W/VoiceInteractionManagerService( 2117): no available voice interaction services found for user 0
05-20 06:00:45.835 W/VoiceInteractionManagerService( 2117): no available voice recognition services found for user 0
05-20 06:00:45.913 I/InputReader( 2117): Reconfiguring input devices.  changes=0x00000010
05-20 06:00:46.142 W/ActivityManager( 2117): Slow operation: 290ms so far, now at startProcess: returned from zygote!
05-20 06:00:46.143 W/ActivityManager( 2117): Slow operation: 291ms so far, now at startProcess: done updating battery stats
05-20 06:00:46.144 W/ActivityManager( 2117): Slow operation: 292ms so far, now at startProcess: building log message
05-20 06:00:46.144 I/ActivityManager( 2117): Start proc 2556:com.android.phone/1001 for added application com.android.phone
05-20 06:00:46.144 W/ActivityManager( 2117): Slow operation: 292ms so far, now at startProcess: starting to update pids map
05-20 06:00:46.144 W/ActivityManager( 2117): Slow operation: 292ms so far, now at startProcess: done updating pids map
05-20 06:00:46.149 I/ActivityManager( 2117): START u0 {act=android.intent.action.MAIN cat=[android.intent.category.HOME] flg=0x10000100 cmp=com.android.settings/.FallbackHome} from uid 0 on display 0
05-20 06:00:46.198 W/System  ( 2117): ClassLoader referenced unknown path: 
05-20 06:00:46.271 W/System  ( 2117): ClassLoader referenced unknown path: /system/priv-app/Settings/lib/x86_64
05-20 06:00:46.340 D/ApplicationLoaders( 2117): ignored Vulkan layer search path /system/priv-app/Settings/lib/x86_64:/system/priv-app/Settings/Settings.apk!/lib/x86_64:/system/lib64:/vendor/lib64 for namespace 0x7aecbfe92160
05-20 06:00:46.383 I/ActivityManager( 2117): Loaded persisted task ids for user 0
05-20 06:00:46.402 W/art     ( 2556): Unexpected CPU variant for X86 using defaults: x86_64
05-20 06:00:46.741 W/ActivityManager( 2117): Slow operation: 136ms so far, now at startProcess: returned from zygote!
05-20 06:00:46.741 W/ActivityManager( 2117): Slow operation: 136ms so far, now at startProcess: done updating battery stats
05-20 06:00:46.742 W/ActivityManager( 2117): Slow operation: 137ms so far, now at startProcess: building log message
05-20 06:00:46.742 I/ActivityManager( 2117): Start proc 2570:com.android.settings/1000 for activity com.android.settings/.FallbackHome
05-20 06:00:46.742 W/ActivityManager( 2117): Slow operation: 137ms so far, now at startProcess: starting to update pids map
05-20 06:00:46.742 W/ActivityManager( 2117): Slow operation: 137ms so far, now at startProcess: done updating pids map
05-20 06:00:46.742 W/ActivityManager( 2117): Slow operation: 138ms so far, now at startProcess: done starting proc!
05-20 06:00:46.862 W/art     ( 2117): Long monitor contention with owner main (2117) at void com.android.server.am.ActivityManagerService.systemReady(java.lang.Runnable)(ActivityManagerService.java:13368) waiters=0 in void com.android.server.am.AppErrors.appNotResponding(com.android.server.am.ProcessRecord, com.android.server.am.ActivityRecord, com.android.server.am.ActivityRecord, boolean, java.lang.String) for 1.022s
05-20 06:00:46.871 W/art     ( 2117): Long monitor contention with owner main (2117) at void com.android.server.am.ActivityManagerService.systemReady(java.lang.Runnable)(ActivityManagerService.java:13368) waiters=1 in void com.android.server.am.ActivityManagerService.dispatchUidsChanged() for 1.019s
05-20 06:00:46.876 I/SystemServer( 2117): Enabled StrictMode for system server main thread.
05-20 06:00:47.005 I/Process ( 2117): Sending signal. PID: 2117 SIG: 3
05-20 06:00:47.007 I/art     ( 2117): Thread[2,tid=2120,WaitingInMainSignalCatcherLoop,Thread*=0x7aecb4a30000,peer=0x12c010d0,"Signal Catcher"]: reacting to signal 3
05-20 06:00:47.007 I/art     ( 2117): 
05-20 06:00:47.047 W/ACodec  ( 1334): do not know color format 0x7f000789 = 2130708361
05-20 06:00:47.057 W/art     ( 2570): Unexpected CPU variant for X86 using defaults: x86_64
05-20 06:00:47.136 D/ConditionProviders.SCP( 2117): onConnected
05-20 06:00:47.139 D/ZenLog  ( 2117): set_zen_mode: off,readXml
05-20 06:00:47.178 I/MediaPlayerService( 1334): MediaPlayerService::getOMX
05-20 06:00:47.179 I/OMXClient( 1334): MuxOMX ctor
05-20 06:00:47.199 I/OMXMaster( 1331): makeComponentInstance(OMX.google.mpeg4.encoder) in mediacodec process
05-20 06:00:47.276 D/ConditionProviders( 2117): Subscribing to condition://android/schedule?days=1.2.3.4.5&start=22.0&end=7.0&exitAtAlarm=false with ComponentInfo{android/com.android.server.notification.ScheduleConditionProvider}
05-20 06:00:47.309 D/ZenLog  ( 2117): subscribe: condition://android/schedule?days=1.2.3.4.5&start=22.0&end=7.0&exitAtAlarm=false,ok
05-20 06:00:47.319 D/ConditionProviders( 2117): Subscribing to condition://android/schedule?days=6.7&start=23.30&end=10.0&exitAtAlarm=false with ComponentInfo{android/com.android.server.notification.ScheduleConditionProvider}
05-20 06:00:47.319 D/ZenLog  ( 2117): subscribe: condition://android/schedule?days=6.7&start=23.30&end=10.0&exitAtAlarm=false,ok
05-20 06:00:47.378 D/ConditionProviders( 2117): Subscribing to condition://android/event?userId=-10000&calendar=&reply=1 with ComponentInfo{android/com.android.server.notification.EventConditionProvider}
05-20 06:00:47.378 D/ZenLog  ( 2117): subscribe: condition://android/event?userId=-10000&calendar=&reply=1,ok
05-20 06:00:47.514 D/PermissionCache( 1321): checking android.permission.READ_FRAME_BUFFER for uid=1000 => granted (12088 us)
05-20 06:00:47.585 D/gralloc ( 1321): Registering a buffer in the process that created it. This may cause memory ordering problems.
05-20 06:00:47.586 E/libEGL  ( 1321): called unimplemented OpenGL ES API
05-20 06:00:47.586 E/SurfaceFlinger( 1321): glCheckFramebufferStatusOES error 1510428230
05-20 06:00:47.586 E/SurfaceFlinger( 1321): got GL_FRAMEBUFFER_COMPLETE_OES error while taking screenshot
05-20 06:00:47.719 W/art     ( 2117): Long monitor contention with owner Binder:2117_4 (2374) at void com.android.server.am.ActivityManagerService.attachApplication(android.app.IApplicationThread)(ActivityManagerService.java:6669) waiters=0 in void com.android.server.am.ActivityManagerService$LocalService.notifyAppTransitionCancelled() for 356ms
05-20 06:00:47.730 W/art     ( 2117): Long monitor contention with owner Binder:2117_4 (2374) at void com.android.server.am.ActivityManagerService.attachApplication(android.app.IApplicationThread)(ActivityManagerService.java:6669) waiters=1 in int com.android.server.am.ActivityManagerService.getMemoryTrimLevel() for 108ms
05-20 06:00:47.737 I/WifiScanningService( 2117): wifi driver unloaded
05-20 06:00:47.738 D/RttService( 2117): SCAN_AVAILABLE : 1
05-20 06:00:47.762 D/ZenLog  ( 2117): set_zen_mode: off,cleanUpZenRules
05-20 06:00:47.765 D/RttService( 2117): DefaultState got{ when=-26ms what=160513 target=com.android.internal.util.StateMachine$SmHandler }
05-20 06:00:47.791 W/System  ( 2556): ClassLoader referenced unknown path: /system/priv-app/TeleService/lib/x86_64
05-20 06:00:48.149 I/SoftMPEG4Encoder( 1331): Construct SoftMPEG4Encoder
05-20 06:00:48.195 W/ACodec  ( 1334): do not know color format 0x7f000789 = 2130708361
05-20 06:00:48.197 E/OMXNodeInstance( 1331): getConfig(5330017:google.mpeg4.encoder, ConfigAndroidIntraRefresh(0x6f60000a)) ERROR: Undefined(0x80001001)
05-20 06:00:48.236 I/MediaPlayerService( 1334): MediaPlayerService::getOMX
05-20 06:00:48.237 I/OMXClient( 1334): MuxOMX ctor
05-20 06:00:48.238 I/OMXMaster( 1331): makeComponentInstance(OMX.google.vp8.encoder) in mediacodec process
05-20 06:00:48.286 I/LatinIME:LogUtils( 2351): Dictionary info: dictionary = main:en ; version = 54 ; date = 1414726273
05-20 06:00:48.913 W/ACodec  ( 1334): do not know color format 0x7f000789 = 2130708361
05-20 06:00:48.914 E/OMXNodeInstance( 1331): getConfig(5330018:google.vp8.encoder, ConfigAndroidIntraRefresh(0x6f60000a)) ERROR: Undefined(0x80001001)
05-20 06:00:48.934 I/MediaPlayerService( 1334): MediaPlayerService::getOMX
05-20 06:00:48.935 I/OMXClient( 1334): MuxOMX ctor
05-20 06:00:48.960 I/MediaPlayerService( 1334): MediaPlayerService::getOMX
05-20 06:00:48.962 I/OMXClient( 1334): MuxOMX ctor
05-20 06:00:48.962 W/MediaCodecList( 1334): unable to open media codecs configuration xml file: /data/misc/media/media_codecs_profiling_results.xml
05-20 06:00:48.973 I/MediaPlayerService( 1334): MediaPlayerService::getOMX
05-20 06:00:48.976 I/OMXClient( 2117): MuxOMX ctor
05-20 06:00:49.001 I/OMXMaster( 1331): makeComponentInstance(OMX.google.vorbis.decoder) in mediacodec process
05-20 06:00:49.101 I/MediaPlayerService( 1334): MediaPlayerService::getOMX
05-20 06:00:49.192 I/OMXClient( 2365): MuxOMX ctor
05-20 06:00:49.396 I/OMXMaster( 1331): makeComponentInstance(OMX.google.vorbis.decoder) in mediacodec process
05-20 06:00:49.782 I/art     ( 2365): Background sticky concurrent mark sweep GC freed 18331(2MB) AllocSpace objects, 2(40KB) LOS objects, 31% free, 6MB/10MB, paused 1.349ms total 677.627ms
05-20 06:00:50.079 I/GnssLocationProvider( 2117): WakeLock released by handleMessage(13, 0, null)
05-20 06:00:50.502 E/GnssLocationProvider( 2117): no AGPS interface in set_agps_server
05-20 06:00:50.513 I/GnssLocationProvider( 2117): WakeLock released by handleMessage(2, 1, null)
05-20 06:00:50.635 I/MediaPlayerService( 1334): MediaPlayerService::getOMX
05-20 06:00:50.637 I/OMXClient( 2365): MuxOMX ctor
05-20 06:00:50.652 I/OMXMaster( 1331): makeComponentInstance(OMX.google.vorbis.decoder) in mediacodec process
05-20 06:00:50.929 W/WindowManager( 2117): App freeze timeout expired.
05-20 06:00:50.937 I/Process ( 2117): Sending signal. PID: 2365 SIG: 3
05-20 06:00:50.939 W/WindowManager( 2117): Force clearing freeze: AppWindowToken{37a2cd8 token=Token{5fb544a ActivityRecord{479d5b5 u0 com.android.settings/.FallbackHome t1}}}
05-20 06:00:50.943 I/art     ( 2365): Thread[3,tid=2373,WaitingInMainSignalCatcherLoop,Thread*=0x7aecbb696400,peer=0x12c005e0,"Signal Catcher"]: reacting to signal 3
05-20 06:00:51.007 I/art     ( 2365): 
05-20 06:00:51.022 W/System  ( 2570): ClassLoader referenced unknown path: /system/priv-app/Settings/lib/x86_64
05-20 06:00:51.201 W/System  ( 2117): ClassLoader referenced unknown path: /system/priv-app/Telecom/lib/x86_64
05-20 06:00:51.347 D/ApplicationLoaders( 2117): ignored Vulkan layer search path /system/priv-app/Telecom/lib/x86_64:/system/priv-app/Telecom/Telecom.apk!/lib/x86_64:/system/lib64:/vendor/lib64 for namespace 0x7aecbfe921d0
05-20 06:00:51.939 I/WindowManager( 2117): Screen frozen for +4s578ms due to Window{d287bf6 u0 KeyguardScrim}
05-20 06:00:52.179 D/gralloc_ranchu( 2570): Emulator without host-side GPU emulation detected. Loading gralloc.default.so from /vendor/lib64/hw/gralloc.goldfish.default.so...
05-20 06:00:52.193 D/gralloc_ranchu( 2570): gralloc.default.so not found in /vendor. Trying /system/lib64/hw/gralloc.goldfish.default.so...
05-20 06:00:52.244 W/        ( 1276): debuggerd: handling request: pid=1321 uid=1000 gid=1003 tid=1321
05-20 06:00:52.522 E/BluetoothAdapter( 2117): Bluetooth binder is null
05-20 06:00:52.720 I/Telecom ( 2117): SystemStateProvider: Registering car mode receiver: android.content.IntentFilter@7e2d0b9: TS.init@AAA
05-20 06:00:52.824 I/Telecom ( 2117): Telecom: Non-call EVENT: AUDIO_ROUTE, Entering state QuiescentEarpieceRoute
05-20 06:00:52.870 I/Telecom ( 2117): CallAudioModeStateMachine: Message received: null.: TS.init->CAMSM.pM_1@AAA_0
05-20 06:00:52.904 I/MediaPlayerService( 1334): MediaPlayerService::getOMX
05-20 06:00:52.906 I/OMXClient( 2365): MuxOMX ctor
05-20 06:00:52.918 E/BluetoothAdapter( 2117): Bluetooth binder is null
05-20 06:00:52.921 I/OMXMaster( 1331): makeComponentInstance(OMX.google.vorbis.decoder) in mediacodec process
05-20 06:00:52.940 E/ActivityThread( 2117): Failed to find provider info for call_log
05-20 06:00:52.995 I/Telecom ( 2117): Class: TelecomSystem.INSTANCE being set
05-20 06:00:53.000 W/art     ( 2117): Long monitor contention with owner android.display (2172) at void com.android.server.wm.WindowAnimator$1.doFrame(long)(WindowAnimator.java:144) waiters=0 in void com.android.server.wm.WindowManagerService.finishDrawingWindow(com.android.server.wm.Session, android.view.IWindow) for 674ms
05-20 06:00:53.005 I/Choreographer( 2117): Skipped 40 frames!  The application may be doing too much work on its main thread.
05-20 06:00:53.015 W/        ( 1276): debuggerd: resuming target 1321
05-20 06:00:53.020 W/        ( 1276): debuggerd: handling request: pid=1326 uid=1041 gid=1005 tid=1326
05-20 06:00:53.068 I/art     ( 2365): Wrote stack traces to '/data/anr/traces.txt'
05-20 06:00:53.121 E/BluetoothAdapter( 2117): Bluetooth binder is null
05-20 06:00:53.127 W/ContextImpl( 2117): Calling a method in the system process without a qualified user: android.app.ContextImpl.startService:1357 com.android.server.content.SyncManager$13.run:658 android.os.Handler.handleCallback:751 android.os.Handler.dispatchMessage:95 android.os.Looper.loop:154 
05-20 06:00:53.164 I/ActivityManager( 2117): Displayed com.android.settings/.FallbackHome: +6s559ms
05-20 06:00:53.304 W/        ( 1275): debuggerd: handling request: pid=1326 uid=1041 gid=1005 tid=1326
05-20 06:00:54.146 I/art     ( 2117): Starting a blocking GC Explicit
05-20 06:00:54.167 W/art     ( 2117): Long monitor contention with owner main (2117) at java.lang.StringBuffer java.lang.StringBuffer.append(char[], int, int)(StringBuffer.java:-1) waiters=0 in com.android.server.wallpaper.WallpaperManagerService$WallpaperData com.android.server.wallpaper.WallpaperManagerService$WallpaperObserver.dataForEvent(boolean, boolean) for 616ms
05-20 06:00:54.604 W/System  ( 2117): ClassLoader referenced unknown path: /system/priv-app/FusedLocation/lib/x86_64
05-20 06:00:54.608 D/ApplicationLoaders( 2117): ignored Vulkan layer search path /system/priv-app/FusedLocation/lib/x86_64:/system/priv-app/FusedLocation/FusedLocation.apk!/lib/x86_64:/system/lib64:/vendor/lib64 for namespace 0x7aecbfe92240
05-20 06:00:54.833 D/GpsNetInitiatedHandler( 2117): location enabled :true
05-20 06:00:54.834 V/WiredAccessoryManager( 2117): notifyWiredAccessoryChanged: when=0 bits= mask=54
05-20 06:00:54.835 V/WiredAccessoryManager( 2117): newName=h2w newState=0 headsetState=0 prev headsetState=0
05-20 06:00:54.835 E/WiredAccessoryManager( 2117): No state change.
05-20 06:00:54.835 V/WiredAccessoryManager( 2117): init()
05-20 06:00:54.884 D/ConditionProviders.SCP( 2117): onSubscribe condition://android/schedule?days=1.2.3.4.5&start=22.0&end=7.0&exitAtAlarm=false
05-20 06:00:54.886 D/ConditionProviders.SCP( 2117): setRegistered true
05-20 06:00:54.889 D/ConditionProviders.SCP( 2117): notifyCondition condition://android/schedule?days=1.2.3.4.5&start=22.0&end=7.0&exitAtAlarm=false STATE_TRUE reason=meetsSchedule
05-20 06:00:55.086 D/ConditionProviders.SCP( 2117): Scheduling evaluate for Thu May 20 07:00:00 UTC 2021 (1621494000000), in +59m5s112ms, now=Thu May 20 06:00:54 UTC 2021 (1621490454888)
05-20 06:00:55.087 D/ConditionProviders.SCP( 2117): onSubscribe condition://android/schedule?days=6.7&start=23.30&end=10.0&exitAtAlarm=false
05-20 06:00:55.089 D/ConditionProviders.SCP( 2117): notifyCondition condition://android/schedule?days=6.7&start=23.30&end=10.0&exitAtAlarm=false STATE_FALSE reason=!meetsSchedule
05-20 06:00:55.293 D/ConditionProviders.SCP( 2117): notifyCondition condition://android/schedule?days=1.2.3.4.5&start=22.0&end=7.0&exitAtAlarm=false STATE_TRUE reason=meetsSchedule
05-20 06:00:55.295 D/ConditionProviders.SCP( 2117): Scheduling evaluate for Thu May 20 07:00:00 UTC 2021 (1621494000000), in +59m4s912ms, now=Thu May 20 06:00:55 UTC 2021 (1621490455088)
05-20 06:00:55.487 I/Telecom ( 2117): WiredHeadsetManager: ACTION_HEADSET_PLUG event, plugged in: false, : WHC.oADA@AAE
05-20 06:00:55.637 I/ActivityManager( 2117): user 0 is still locked. Cannot load recents
05-20 06:00:55.909 W/        ( 1275): debuggerd: resuming target 1326
05-20 06:00:55.943 W/        ( 1276): debuggerd: handling request: pid=1327 uid=1047 gid=1005 tid=1327
05-20 06:00:55.945 W/        ( 1275): debuggerd: handling request: pid=1327 uid=1047 gid=1005 tid=1327
05-20 06:00:56.569 W/        ( 1275): debuggerd: resuming target 1327
05-20 06:00:56.614 W/        ( 1276): debuggerd: handling request: pid=1328 uid=1019 gid=1019 tid=1328
05-20 06:00:56.615 W/        ( 1275): debuggerd: handling request: pid=1328 uid=1019 gid=1019 tid=1328
05-20 06:00:57.013 W/System  ( 2556): ClassLoader referenced unknown path: /system/priv-app/TelephonyProvider/lib/x86_64
05-20 06:00:57.018 D/ApplicationLoaders( 2556): ignored Vulkan layer search path /system/priv-app/TelephonyProvider/lib/x86_64:/system/lib64:/vendor/lib64 for namespace 0x7aecbfe820f0
05-20 06:00:57.211 W/        ( 1275): debuggerd: resuming target 1328
05-20 06:00:57.226 W/        ( 1276): debuggerd: handling request: pid=1331 uid=1046 gid=1006 tid=1331
05-20 06:00:57.237 W/        ( 1275): debuggerd: handling request: pid=1331 uid=1046 gid=1006 tid=1331
05-20 06:00:58.393 W/        ( 1275): debuggerd: resuming target 1331
05-20 06:00:58.417 W/        ( 1276): debuggerd: handling request: pid=1332 uid=1013 gid=1031 tid=1332
05-20 06:00:58.419 W/        ( 1275): debuggerd: handling request: pid=1332 uid=1013 gid=1031 tid=1332
05-20 06:00:58.492 I/art     ( 2117): Wrote stack traces to '/data/anr/traces.txt'
05-20 06:00:58.900 D/TelephonyProvider( 2556): dbh.onOpen: ok, queried table=siminfo
05-20 06:00:58.952 D/TelephonyProvider( 2556): dbh.onOpen: ok, queried table=carriers
05-20 06:00:59.066 E/ActivityThread( 2117): Failed to find provider info for com.android.calendar
05-20 06:00:59.067 E/ActivityThread( 2117): Failed to find provider info for com.android.calendar
05-20 06:00:59.378 W/        ( 1275): debuggerd: resuming target 1332
05-20 06:00:59.406 W/        ( 1276): debuggerd: handling request: pid=1333 uid=1040 gid=1026 tid=1333
05-20 06:00:59.407 W/        ( 1275): debuggerd: handling request: pid=1333 uid=1040 gid=1026 tid=1333
05-20 06:00:59.706 W/art     ( 2117): Suspending all threads took: 97.240ms
05-20 06:00:59.807 I/art     ( 2117): Explicit concurrent mark sweep GC freed 24486(1875KB) AllocSpace objects, 9(4MB) LOS objects, 30% free, 9MB/13MB, paused 112.661ms total 5.654s
05-20 06:01:00.016 W/        ( 1275): debuggerd: resuming target 1333
05-20 06:01:00.028 W/        ( 1276): debuggerd: handling request: pid=1334 uid=1013 gid=1005 tid=1334
05-20 06:01:00.034 W/        ( 1275): debuggerd: handling request: pid=1334 uid=1013 gid=1005 tid=1334
05-20 06:01:00.631 W/        ( 1275): debuggerd: resuming target 1334
05-20 06:01:00.634 W/        ( 1276): debuggerd: handling request: pid=2406 uid=1023 gid=1023 tid=2406
05-20 06:01:02.434 W/System  ( 2365): ClassLoader referenced unknown path: 
05-20 06:01:02.437 W/System  ( 2365): ClassLoader referenced unknown path: /system/priv-app/Dialer/lib/x86_64
05-20 06:01:02.539 D/ApplicationLoaders( 2365): ignored Vulkan layer search path /system/priv-app/Dialer/lib/x86_64:/system/lib64:/vendor/lib64 for namespace 0x7aecbfe820f0
05-20 06:01:02.756 W/art     ( 2117): Long monitor contention with owner android.bg (2154) at boolean android.os.MessageQueue.enqueueMessage(android.os.Message, long)(MessageQueue.java:541) waiters=0 in android.os.Message android.os.MessageQueue.next() for 3.001s
05-20 06:01:02.981 W/art     ( 2117): Long monitor contention with owner android.bg (2154) at void com.android.server.power.PowerManagerService.acquireWakeLockInternal(android.os.IBinder, int, java.lang.String, java.lang.String, android.os.WorkSource, java.lang.String, int, int)(PowerManagerService.java:862) waiters=0 in void com.android.server.power.PowerManagerService.acquireWakeLockInternal(android.os.IBinder, int, java.lang.String, java.lang.String, android.os.WorkSource, java.lang.String, int, int) for 2.977s
05-20 06:01:03.000 W/art     ( 2117): Long monitor contention with owner android.bg (2154) at void com.android.server.power.PowerManagerService.acquireWakeLockInternal(android.os.IBinder, int, java.lang.String, java.lang.String, android.os.WorkSource, java.lang.String, int, int)(PowerManagerService.java:862) waiters=1 in void com.android.server.power.PowerManagerService.acquireWakeLockInternal(android.os.IBinder, int, java.lang.String, java.lang.String, android.os.WorkSource, java.lang.String, int, int) for 2.849s
05-20 06:01:03.041 I/SyncManager( 2117): Got SyncJobService instance.
05-20 06:01:03.134 W/art     ( 2556): Long monitor contention with owner RILReceiver0 (2658) at boolean android.os.BinderProxy.transactNative(int, android.os.Parcel, android.os.Parcel, int)(Binder.java:-2) waiters=0 in void com.android.internal.telephony.RIL.acquireWakeLock(com.android.internal.telephony.RILRequest, int) for 2.749s
05-20 06:01:03.295 W/art     ( 2556): Long monitor contention with owner RILReceiver0 (2658) at void com.android.internal.telephony.RIL.acquireWakeLock(com.android.internal.telephony.RILRequest, int)(RIL.java:2478) waiters=0 in void com.android.internal.telephony.RIL.acquireWakeLock(com.android.internal.telephony.RILRequest, int) for 160ms
05-20 06:01:03.299 I/FusedLocation( 2117): engine started (com.android.location.fused)
05-20 06:01:03.394 W/        ( 1276): debuggerd: resuming target 2406
05-20 06:01:03.413 W/        ( 1276): debuggerd: handling request: pid=2480 uid=1023 gid=1023 tid=2480
05-20 06:01:03.554 W/        ( 1276): debuggerd: resuming target 2480
05-20 06:01:04.555 E/BluetoothAdapter( 2365): Bluetooth binder is null
05-20 06:01:05.101 I/CameraManagerGlobal( 2365): Connecting to camera service
05-20 06:01:05.311 V/EmulatedCamera_Camera( 1327): getCameraInfo
05-20 06:01:05.313 V/EmulatedCamera_BaseCamera( 1327): getCameraInfo
05-20 06:01:05.313 I/CameraService( 1327): getCameraCharacteristics: Switching to HAL1 shim implementation...
05-20 06:01:05.313 V/EmulatedCamera_Camera( 1327): getCameraInfo
05-20 06:01:05.313 V/EmulatedCamera_BaseCamera( 1327): getCameraInfo
05-20 06:01:05.316 I/CameraService( 1327): CameraService::connect call (PID -1 "cameraserver", camera ID 0) for HAL version default and Camera API version 1
05-20 06:01:05.443 E/CameraService( 1327): getCameraPriorityFromProcState: Received invalid process state -1 from ActivityManagerService!
05-20 06:01:05.444 V/EmulatedCamera_Camera( 1327): getCameraInfo
05-20 06:01:05.444 V/EmulatedCamera_BaseCamera( 1327): getCameraInfo
05-20 06:01:05.918 E/WVMExtractor( 1334): Failed to open libwvm.so: dlopen failed: library "libwvm.so" not found
05-20 06:01:07.006 W/ProcessCpuTracker( 2117): Skipping unknown process pid 2666
05-20 06:01:07.029 D/NuPlayerDriver( 1334): notifyListener_l(0xe820c060), (1, 0, 0), loop setting(0, 0)
05-20 06:01:07.258 D/NuPlayerDriver( 1334): notifyListener_l(0xe9a28ea0), (1, 0, 0), loop setting(0, 0)
05-20 06:01:07.579 D/NuPlayerDriver( 1334): notifyListener_l(0xe9a28d20), (1, 0, 0), loop setting(0, 0)
05-20 06:01:07.835 I/CameraFlashlight( 1327): Opening camera 0
05-20 06:01:07.835 V/EmulatedCamera_Camera( 1327): getCameraInfo
05-20 06:01:07.835 V/EmulatedCamera_BaseCamera( 1327): getCameraInfo
05-20 06:01:07.835 V/EmulatedCamera_Camera( 1327): connectCamera
05-20 06:01:07.835 V/EmulatedCamera_FakeDevice( 1327): connectDevice
05-20 06:01:07.836 V/EmulatedCamera_CallbackNotifier( 1327): setCallbacks: 0xf0ea9e80, 0xf0ea9ed0, 0xf0ea9ff0, 0xf0eaa110 (0xefe901e0)
05-20 06:01:07.836 V/EmulatedCamera_CallbackNotifier( 1327): enableMessage: msg_type = 0xc0d
05-20 06:01:07.836 V/EmulatedCamera_CallbackNotifier( 1327):     CAMERA_MSG_ERROR
05-20 06:01:07.836 V/EmulatedCamera_CallbackNotifier( 1327):     CAMERA_MSG_FOCUS
05-20 06:01:07.836 V/EmulatedCamera_CallbackNotifier( 1327):     CAMERA_MSG_ZOOM
05-20 06:01:07.836 V/EmulatedCamera_CallbackNotifier( 1327):     CAMERA_MSG_PREVIEW_METADATA
05-20 06:01:07.836 V/EmulatedCamera_CallbackNotifier( 1327): **** Currently enabled messages:
05-20 06:01:07.836 V/EmulatedCamera_CallbackNotifier( 1327):     CAMERA_MSG_ERROR
05-20 06:01:07.836 V/EmulatedCamera_CallbackNotifier( 1327):     CAMERA_MSG_FOCUS
05-20 06:01:07.836 V/EmulatedCamera_CallbackNotifier( 1327):     CAMERA_MSG_ZOOM
05-20 06:01:07.836 V/EmulatedCamera_CallbackNotifier( 1327):     CAMERA_MSG_PREVIEW_METADATA
05-20 06:01:07.928 V/EmulatedCamera_CallbackNotifier( 1327): disableMessage: msg_type = 0xffff
05-20 06:01:07.930 V/EmulatedCamera_CallbackNotifier( 1327):     CAMERA_MSG_ERROR
05-20 06:01:07.930 V/EmulatedCamera_CallbackNotifier( 1327):     CAMERA_MSG_SHUTTER
05-20 06:01:07.930 V/EmulatedCamera_CallbackNotifier( 1327):     CAMERA_MSG_FOCUS
05-20 06:01:07.930 V/EmulatedCamera_CallbackNotifier( 1327):     CAMERA_MSG_ZOOM
05-20 06:01:07.930 V/EmulatedCamera_CallbackNotifier( 1327):     CAMERA_MSG_PREVIEW_FRAME
05-20 06:01:07.930 V/EmulatedCamera_CallbackNotifier( 1327):     CAMERA_MSG_VIDEO_FRAME
05-20 06:01:07.930 V/EmulatedCamera_CallbackNotifier( 1327):     CAMERA_MSG_POSTVIEW_FRAME
05-20 06:01:07.930 V/EmulatedCamera_CallbackNotifier( 1327):     CAMERA_MSG_RAW_IMAGE
05-20 06:01:07.930 V/EmulatedCamera_CallbackNotifier( 1327):     CAMERA_MSG_COMPRESSED_IMAGE
05-20 06:01:07.930 V/EmulatedCamera_CallbackNotifier( 1327):     CAMERA_MSG_RAW_IMAGE_NOTIFY
05-20 06:01:07.930 V/EmulatedCamera_CallbackNotifier( 1327):     CAMERA_MSG_PREVIEW_METADATA
05-20 06:01:07.930 V/EmulatedCamera_CallbackNotifier( 1327): **** Currently enabled messages:
05-20 06:01:07.930 V/EmulatedCamera_Preview( 1327): setPreviewWindow: current: 0x0 -> new: 0x0
05-20 06:01:07.930 V/EmulatedCamera_Camera( 1327): doStopPreview
05-20 06:01:07.932 V/EmulatedCamera_Camera( 1327): cancelPicture
05-20 06:01:07.932 V/EmulatedCamera_Camera( 1327): releaseCamera
05-20 06:01:07.932 V/EmulatedCamera_Camera( 1327): doStopPreview
05-20 06:01:07.933 V/EmulatedCamera_FakeDevice( 1327): disconnectDevice
05-20 06:01:07.933 W/EmulatedCamera_Device( 1327): Initialize: Emulated camera device is already initialized: mState = 1
05-20 06:01:07.933 D/EmulatedCamera_FakeCamera( 1327): Initialize: Fake camera is facing back
05-20 06:01:07.934 V/EmulatedCamera_Device( 1327): initializeWhiteBalanceModes with auto, 1.000000, 1.000000
05-20 06:01:07.935 V/EmulatedCamera_Device( 1327): initializeWhiteBalanceModes with incandescent, 1.380000, 0.600000
05-20 06:01:07.935 V/EmulatedCamera_Device( 1327): initializeWhiteBalanceModes with daylight, 1.090000, 0.920000
05-20 06:01:07.935 V/EmulatedCamera_Device( 1327): initializeWhiteBalanceModes with twilight, 0.920000, 1.220000
05-20 06:01:07.935 V/EmulatedCamera_Device( 1327): setWhiteBalanceMode with white balance auto
05-20 06:01:07.936 I/CameraFlashlight( 1327): Destroying camera 0
05-20 06:01:07.936 V/EmulatedCamera_Camera( 1327): closeCamera
05-20 06:01:07.936 V/EmulatedCamera_Camera( 1327): doStopPreview
05-20 06:01:07.936 W/EmulatedCamera_Device( 1327): Initialize: Emulated camera device is already initialized: mState = 1
05-20 06:01:07.936 D/EmulatedCamera_FakeCamera( 1327): Initialize: Fake camera is facing back
05-20 06:01:07.936 V/EmulatedCamera_Device( 1327): initializeWhiteBalanceModes with auto, 1.000000, 1.000000
05-20 06:01:07.936 V/EmulatedCamera_Device( 1327): initializeWhiteBalanceModes with incandescent, 1.380000, 0.600000
05-20 06:01:07.936 V/EmulatedCamera_Device( 1327): initializeWhiteBalanceModes with daylight, 1.090000, 0.920000
05-20 06:01:07.936 V/EmulatedCamera_Device( 1327): initializeWhiteBalanceModes with twilight, 0.920000, 1.220000
05-20 06:01:07.936 V/EmulatedCamera_Device( 1327): setWhiteBalanceMode with white balance auto
05-20 06:01:07.966 I/CameraService( 1327): disconnect: Disconnected client for camera 0 for PID 1327
05-20 06:01:07.967 D/NuPlayerDriver( 1334): reset(0xe820c060) at state 4
05-20 06:01:07.967 D/NuPlayerDriver( 1334): notifyListener_l(0xe820c060), (8, 0, 0), loop setting(0, 0)
05-20 06:01:07.969 D/NuPlayerDriver( 1334): notifyResetComplete(0xe820c060)
05-20 06:01:08.025 W/SystemConfig( 2556): No directory /system/etc/sysconfig, skipping
05-20 06:01:08.133 D/NuPlayerDriver( 1334): reset(0xe9a28ea0) at state 4
05-20 06:01:08.133 D/NuPlayerDriver( 1334): notifyListener_l(0xe9a28ea0), (8, 0, 0), loop setting(0, 0)
05-20 06:01:08.142 D/NuPlayerDriver( 1334): notifyResetComplete(0xe9a28ea0)
05-20 06:01:08.286 D/NuPlayerDriver( 1334): reset(0xe9a28d20) at state 4
05-20 06:01:08.286 D/NuPlayerDriver( 1334): notifyListener_l(0xe9a28d20), (8, 0, 0), loop setting(0, 0)
05-20 06:01:08.292 D/NuPlayerDriver( 1334): notifyResetComplete(0xe9a28d20)
05-20 06:01:08.477 V/EmulatedCamera_Camera( 1327): getCameraInfo
05-20 06:01:08.477 V/EmulatedCamera_BaseCamera( 1327): getCameraInfo
05-20 06:01:08.492 V/EmulatedCamera_Camera( 1327): getCameraInfo
05-20 06:01:08.492 V/EmulatedCamera_BaseCamera( 1327): getCameraInfo
05-20 06:01:09.256 W/ProcessCpuTracker( 2117): Skipping unknown process pid 2662
05-20 06:01:09.311 I/StatusBar( 2365): isKeyguardShowing() called before startKeyguard(), returning true
05-20 06:01:09.313 W/StatusBar( 2365): isKeyguardSecure() called before startKeyguard(), returning false
05-20 06:01:09.313 W/StatusBar( 2365): java.lang.Throwable
05-20 06:01:09.313 W/StatusBar( 2365): 	at com.android.systemui.statusbar.BaseStatusBar.isKeyguardSecure(BaseStatusBar.java:2647)
05-20 06:01:09.313 W/StatusBar( 2365): 	at com.android.systemui.statusbar.BaseStatusBar.isCameraAllowedByAdmin(BaseStatusBar.java:2670)
05-20 06:01:09.313 W/StatusBar( 2365): 	at com.android.systemui.statusbar.phone.KeyguardBottomAreaView.updateCameraVisibility(KeyguardBottomAreaView.java:309)
05-20 06:01:09.313 W/StatusBar( 2365): 	at com.android.systemui.statusbar.phone.KeyguardBottomAreaView.setPhoneStatusBar(KeyguardBottomAreaView.java:272)
05-20 06:01:09.313 W/StatusBar( 2365): 	at com.android.systemui.statusbar.phone.PhoneStatusBar.makeStatusBarView(PhoneStatusBar.java:904)
05-20 06:01:09.313 W/StatusBar( 2365): 	at com.android.systemui.statusbar.phone.PhoneStatusBar.addStatusBarWindow(PhoneStatusBar.java:3432)
05-20 06:01:09.313 W/StatusBar( 2365): 	at com.android.systemui.statusbar.phone.PhoneStatusBar.createAndAddWindows(PhoneStatusBar.java:3428)
05-20 06:01:09.313 W/StatusBar( 2365): 	at com.android.systemui.statusbar.BaseStatusBar.start(BaseStatusBar.java:765)
05-20 06:01:09.313 W/StatusBar( 2365): 	at com.android.systemui.statusbar.phone.PhoneStatusBar.start(PhoneStatusBar.java:686)
05-20 06:01:09.313 W/StatusBar( 2365): 	at com.android.systemui.statusbar.SystemBars.createStatusBarFromConfig(SystemBars.java:106)
05-20 06:01:09.313 W/StatusBar( 2365): 	at com.android.systemui.statusbar.SystemBars.onNoService(SystemBars.java:58)
05-20 06:01:09.313 W/StatusBar( 2365): 	at com.android.systemui.statusbar.ServiceMonitor.startService(ServiceMonitor.java:230)
05-20 06:01:09.313 W/StatusBar( 2365): 	at com.android.systemui.statusbar.ServiceMonitor.-wrap5(ServiceMonitor.java)
05-20 06:01:09.313 W/StatusBar( 2365): 	at com.android.systemui.statusbar.ServiceMonitor$1.handleMessage(ServiceMonitor.java:73)
05-20 06:01:09.313 W/StatusBar( 2365): 	at android.os.Handler.dispatchMessage(Handler.java:102)
05-20 06:01:09.313 W/StatusBar( 2365): 	at android.os.Looper.loop(Looper.java:154)
05-20 06:01:09.313 W/StatusBar( 2365): 	at android.app.ActivityThread.main(ActivityThread.java:6119)
05-20 06:01:09.313 W/StatusBar( 2365): 	at java.lang.reflect.Method.invoke(Native Method)
05-20 06:01:09.313 W/StatusBar( 2365): 	at com.android.internal.os.ZygoteInit$MethodAndArgsCaller.run(ZygoteInit.java:886)
05-20 06:01:09.313 W/StatusBar( 2365): 	at com.android.internal.os.ZygoteInit.main(ZygoteInit.java:776)
05-20 06:01:09.371 I/StatusBar( 2365): isKeyguardShowing() called before startKeyguard(), returning true
05-20 06:01:09.372 W/StatusBar( 2365): isKeyguardSecure() called before startKeyguard(), returning false
05-20 06:01:09.372 W/StatusBar( 2365): java.lang.Throwable
05-20 06:01:09.372 W/StatusBar( 2365): 	at com.android.systemui.statusbar.BaseStatusBar.isKeyguardSecure(BaseStatusBar.java:2647)
05-20 06:01:09.372 W/StatusBar( 2365): 	at com.android.systemui.statusbar.BaseStatusBar.isCameraAllowedByAdmin(BaseStatusBar.java:2670)
05-20 06:01:09.372 W/StatusBar( 2365): 	at com.android.systemui.statusbar.phone.KeyguardBottomAreaView.updateCameraVisibility(KeyguardBottomAreaView.java:309)
05-20 06:01:09.372 W/StatusBar( 2365): 	at com.android.systemui.statusbar.phone.KeyguardBottomAreaView.setUserSetupComplete(KeyguardBottomAreaView.java:281)
05-20 06:01:09.372 W/StatusBar( 2365): 	at com.android.systemui.statusbar.phone.PhoneStatusBar.makeStatusBarView(PhoneStatusBar.java:905)
05-20 06:01:09.372 W/StatusBar( 2365): 	at com.android.systemui.statusbar.phone.PhoneStatusBar.addStatusBarWindow(PhoneStatusBar.java:3432)
05-20 06:01:09.372 W/StatusBar( 2365): 	at com.android.systemui.statusbar.phone.PhoneStatusBar.createAndAddWindows(PhoneStatusBar.java:3428)
05-20 06:01:09.372 W/StatusBar( 2365): 	at com.android.systemui.statusbar.BaseStatusBar.start(BaseStatusBar.java:765)
05-20 06:01:09.372 W/StatusBar( 2365): 	at com.android.systemui.statusbar.phone.PhoneStatusBar.start(PhoneStatusBar.java:686)
05-20 06:01:09.372 W/StatusBar( 2365): 	at com.android.systemui.statusbar.SystemBars.createStatusBarFromConfig(SystemBars.java:106)
05-20 06:01:09.372 W/StatusBar( 2365): 	at com.android.systemui.statusbar.SystemBars.onNoService(SystemBars.java:58)
05-20 06:01:09.372 W/StatusBar( 2365): 	at com.android.systemui.statusbar.ServiceMonitor.startService(ServiceMonitor.java:230)
05-20 06:01:09.372 W/StatusBar( 2365): 	at com.android.systemui.statusbar.ServiceMonitor.-wrap5(ServiceMonitor.java)
05-20 06:01:09.372 W/StatusBar( 2365): 	at com.android.systemui.statusbar.ServiceMonitor$1.handleMessage(ServiceMonitor.java:73)
05-20 06:01:09.372 W/StatusBar( 2365): 	at android.os.Handler.dispatchMessage(Handler.java:102)
05-20 06:01:09.372 W/StatusBar( 2365): 	at android.os.Looper.loop(Looper.java:154)
05-20 06:01:09.372 W/StatusBar( 2365): 	at android.app.ActivityThread.main(ActivityThread.java:6119)
05-20 06:01:09.372 W/StatusBar( 2365): 	at java.lang.reflect.Method.invoke(Native Method)
05-20 06:01:09.372 W/StatusBar( 2365): 	at com.android.internal.os.ZygoteInit$MethodAndArgsCaller.run(ZygoteInit.java:886)
05-20 06:01:09.372 W/StatusBar( 2365): 	at com.android.internal.os.ZygoteInit.main(ZygoteInit.java:776)
05-20 06:01:09.546 D/PhoneSwitcherNetworkRequstListener( 2556): Registering NetworkFactory
05-20 06:01:09.549 D/ConnectivityService( 2117): Got NetworkFactory Messenger for PhoneSwitcherNetworkRequstListener
05-20 06:01:09.871 D/ConnectivityService( 2117): Got NetworkFactory Messenger for TelephonyNetworkFactory[0]
05-20 06:01:10.251 W/ProcessCpuTracker( 2117): Skipping unknown process pid 2688
05-20 06:01:10.252 W/ProcessCpuTracker( 2117): Skipping unknown process pid 2690
05-20 06:01:10.349 D/CarrierConfigLoader( 2556): CarrierConfigLoader has started
05-20 06:01:10.356 E/BluetoothAdapter( 2556): Bluetooth binder is null
05-20 06:01:10.472 V/EmulatedCamera_Camera( 1327): getCameraInfo
05-20 06:01:10.473 V/EmulatedCamera_BaseCamera( 1327): getCameraInfo
05-20 06:01:10.476 V/EmulatedCamera_Camera( 1327): getCameraInfo
05-20 06:01:10.476 V/EmulatedCamera_BaseCamera( 1327): getCameraInfo
05-20 06:01:10.624 W/ProcessCpuTracker( 2117): Skipping unknown process pid 2687
05-20 06:01:10.626 W/ProcessCpuTracker( 2117): Skipping unknown process pid 2689
05-20 06:01:10.931 I/Telephony( 2556): TtyManager: updateUiTtyMode -1 -> 0
05-20 06:01:11.556 D/AlarmManagerService( 2117): Kernel timezone updated to 0 minutes west of GMT
05-20 06:01:11.609 D/AlarmManagerService( 2117): Setting time of day to sec=1621490471
