04-30 20:11:07.292 W/VrManagerService( 1678): init_native: Could not open VR hardware module, error No such file or directory (-2).
04-30 20:11:07.311 I/InputManager( 1678): Starting input manager
04-30 20:11:07.332 I/SystemServer( 1678): No Bluetooth Service (emulator)
04-30 20:11:07.361 D/EventHub( 1678): No input device configuration file found for device 'Power Button'.
04-30 20:11:07.362 I/SystemServer( 1678): ConnectivityMetricsLoggerService
04-30 20:11:07.398 W/EventHub( 1678): Unable to disable kernel key repeat for /dev/input/event0: Function not implemented
04-30 20:11:07.398 I/EventHub( 1678): New device: id=1, fd=91, path='/dev/input/event0', name='Power Button', classes=0x1, configuration='', keyLayout='/system/usr/keylayout/Generic.kl', keyCharacterMap='/system/usr/keychars/Generic.kcm', builtinKeyboard=false, wakeMechanism=EPOLLWAKEUP, usingClockIoctl=true
04-30 20:11:07.401 I/SystemServiceManager( 1678): Starting com.android.server.connectivity.MetricsLoggerService
04-30 20:11:07.442 W/EventHub( 1678): Unable to disable kernel key repeat for /dev/input/event1: Function not implemented
04-30 20:11:07.442 I/EventHub( 1678): New device: id=2, fd=92, path='/dev/input/event1', name='qwerty2', classes=0x95, configuration='/system/usr/idc/qwerty2.idc', keyLayout='/system/usr/keylayout/qwerty.kl', keyCharacterMap='/system/usr/keychars/qwerty2.kcm', builtinKeyboard=true, wakeMechanism=EPOLLWAKEUP, usingClockIoctl=true
04-30 20:11:07.443 E/EventHub( 1678): could not get driver version for /dev/input/mice, Not a typewriter
04-30 20:11:07.448 I/SystemServer( 1678): IpConnectivityMetrics
04-30 20:11:07.448 I/SystemServiceManager( 1678): Starting com.android.server.connectivity.IpConnectivityMetrics
04-30 20:11:07.460 I/SystemServer( 1678): PinnerService
04-30 20:11:07.461 I/SystemServiceManager( 1678): Starting com.android.server.PinnerService
04-30 20:11:07.464 I/SystemServiceManager( 1678): Starting com.android.server.InputMethodManagerService$Lifecycle
04-30 20:11:07.511 I/InputReader( 1678): Device added: id=-1, name='Virtual', sources=0x00000301
04-30 20:11:07.516 I/InputReader( 1678):   Touch device 'qwerty2' could not query the properties of its associated display.  The device will be inoperable until the display size becomes available.
04-30 20:11:07.517 I/InputReader( 1678): Device added: id=0, name='qwerty2', sources=0x80001103
04-30 20:11:07.517 I/InputReader( 1678): Device added: id=1, name='Power Button', sources=0x00000101
04-30 20:11:08.291 I/SystemServer( 1678): StartAccessibilityManagerService
04-30 20:11:08.367 I/ActivityManager( 1678): Config changes=1df8 {1.0 ?mcc?mnc [en_US] ldltr sw360dp w360dp h640dp 480dpi nrml long port ?uimode ?night -touch -keyb/v/h -nav/h s.2}
04-30 20:11:08.535 I/ActivityManager( 1678): Config changes=508 {1.0 ?mcc?mnc [en_US] ldltr sw360dp w360dp h568dp 480dpi nrml port ?uimode ?night finger -keyb/v/h -nav/h s.3}
04-30 20:11:08.642 I/SystemServiceManager( 1678): Starting com.android.server.MountService$Lifecycle
04-30 20:11:08.716 I/InputReader( 1678): Reconfiguring input devices.  changes=0x00000004
04-30 20:11:08.716 I/InputReader( 1678): Device reconfigured: id=0, name='qwerty2', size 1080x1920, orientation 0, mode 1, display id 0
04-30 20:11:08.719 I/InputReader( 1678): Reconfiguring input devices.  changes=0x00000004
04-30 20:11:08.804 I/SystemServiceManager( 1678): Starting com.android.server.UiModeManagerService
04-30 20:11:08.811 I/ActivityManager( 1678): Config changes=200 {1.0 ?mcc?mnc [en_US] ldltr sw360dp w360dp h568dp 480dpi nrml port finger -keyb/v/h -nav/h s.4}
04-30 20:11:08.872 D/MountService( 1678): Thinking about init, mSystemReady=false, mDaemonConnected=true
04-30 20:11:08.873 D/MountService( 1678): Thinking about reset, mSystemReady=false, mDaemonConnected=true
04-30 20:11:08.885 I/SystemServer( 1678): StartLockSettingsService
04-30 20:11:08.891 I/SystemServiceManager( 1678): Starting com.android.server.LockSettingsService$Lifecycle
04-30 20:11:08.954 I/SystemServiceManager( 1678): Starting com.android.server.DeviceIdleController
04-30 20:11:08.977 D/MountService( 1678): Thinking about init, mSystemReady=false, mDaemonConnected=true
04-30 20:11:08.977 D/MountService( 1678): Thinking about reset, mSystemReady=false, mDaemonConnected=true
04-30 20:11:08.982 D/CryptdConnector( 1678): SND -> {1 cryptfs getfield SystemLocale}
04-30 20:11:09.003 I/SystemServiceManager( 1678): Starting com.android.server.devicepolicy.DevicePolicyManagerService$Lifecycle
04-30 20:11:09.051 D/CryptdConnector( 1678): RCV <- {200 1 -1}
04-30 20:11:09.065 I/SystemServer( 1678): StartStatusBarManagerService
04-30 20:11:09.104 W/MountService( 1678): No primary storage mounted!
04-30 20:11:09.105 D/VoldConnector( 1678): SND -> {1 asec list}
04-30 20:11:09.108 I/SystemServer( 1678): StartClipboardService
04-30 20:11:09.121 D/VoldConnector( 1678): RCV <- {200 1 asec operation succeeded}
04-30 20:11:09.123 I/PackageManager( 1678): No secure containers found
04-30 20:11:09.124 W/PackageManager( 1678): Unknown permission com.google.android.googleapps.permission.GOOGLE_AUTH in package com.android.providers.calendar
04-30 20:11:09.124 W/PackageManager( 1678): Unknown permission com.google.android.googleapps.permission.GOOGLE_AUTH.cl in package com.android.providers.calendar
04-30 20:11:09.124 W/PackageManager( 1678): Not granting permission android.permission.GLOBAL_SEARCH to package com.android.quicksearchbox (protectionLevel=18 flags=0x3808be45)
04-30 20:11:09.125 W/PackageManager( 1678): Not granting permission android.permission.WRITE_EXTERNAL_STORAGE to package gov.nasa.arc.astrobee.android.gs.manager because it was previously installed without
04-30 20:11:09.125 W/PackageManager( 1678): Not granting permission android.permission.READ_EXTERNAL_STORAGE to package gov.nasa.arc.astrobee.android.gs.manager because it was previously installed without
04-30 20:11:09.125 W/PackageManager( 1678): Unknown permission com.android.launcher.permission.READ_SETTINGS in package com.android.launcher3
04-30 20:11:09.126 W/PackageManager( 1678): Unknown permission com.android.launcher.permission.WRITE_SETTINGS in package com.android.launcher3
04-30 20:11:09.126 W/PackageManager( 1678): Not granting permission android.permission.BIND_APPWIDGET to package com.android.launcher3 (protectionLevel=18 flags=0x3c4bbe45)
04-30 20:11:09.126 W/PackageManager( 1678): Unknown permission com.google.android.googleapps.permission.GOOGLE_AUTH.mail in package com.android.calendar
04-30 20:11:09.126 W/PackageManager( 1678): Unknown permission com.google.android.providers.settings.permission.WRITE_GSETTINGS in package com.android.sdksetup
04-30 20:11:09.127 W/PackageManager( 1678): Unknown permission com.google.android.permission.INSTALL_WEARABLE_PACKAGES in package com.android.packageinstaller
04-30 20:11:09.127 W/PackageManager( 1678): Not granting permission android.permission.DELETE_PACKAGES to package com.svox.pico (protectionLevel=18 flags=0x3808be45)
04-30 20:11:09.127 W/PackageManager( 1678): Not granting permission android.permission.READ_CONTACTS to package com.example.android.apis because it was previously installed without
04-30 20:11:09.127 W/PackageManager( 1678): Not granting permission android.permission.WRITE_CONTACTS to package com.example.android.apis because it was previously installed without
04-30 20:11:09.127 W/PackageManager( 1678): Not granting permission android.permission.ACCESS_COARSE_LOCATION to package com.example.android.apis because it was previously installed without
04-30 20:11:09.127 W/PackageManager( 1678): Not granting permission android.permission.WRITE_EXTERNAL_STORAGE to package com.example.android.apis because it was previously installed without
04-30 20:11:09.127 W/PackageManager( 1678): Not granting permission android.permission.SEND_SMS to package com.example.android.apis because it was previously installed without
04-30 20:11:09.127 W/PackageManager( 1678): Not granting permission android.permission.RECEIVE_SMS to package com.example.android.apis because it was previously installed without
04-30 20:11:09.128 W/PackageManager( 1678): Not granting permission android.permission.RECEIVE_MMS to package com.example.android.apis because it was previously installed without
04-30 20:11:09.128 W/PackageManager( 1678): Not granting permission android.permission.READ_SMS to package com.example.android.apis because it was previously installed without
04-30 20:11:09.128 W/PackageManager( 1678): Not granting permission android.permission.READ_PHONE_STATE to package com.example.android.apis because it was previously installed without
04-30 20:11:09.128 W/PackageManager( 1678): Not granting permission android.permission.RECORD_AUDIO to package com.example.android.apis because it was previously installed without
04-30 20:11:09.128 W/PackageManager( 1678): Not granting permission android.permission.CAMERA to package com.example.android.apis because it was previously installed without
04-30 20:11:09.128 W/PackageManager( 1678): Not granting permission android.permission.READ_EXTERNAL_STORAGE to package com.example.android.apis because it was previously installed without
04-30 20:11:09.128 W/PackageManager( 1678): Unknown permission android.permission.RUN_INSTRUMENTATION in package org.chromium.webview_shell
04-30 20:11:09.128 W/PackageManager( 1678): Not granting permission android.permission.CAMERA to package jp.jaxa.iss.kibo.rpc.sampleapk because it was previously installed without
04-30 20:11:09.128 W/PackageManager( 1678): Not granting permission android.permission.WRITE_EXTERNAL_STORAGE to package jp.jaxa.iss.kibo.rpc.sampleapk because it was previously installed without
04-30 20:11:09.128 W/PackageManager( 1678): Not granting permission android.permission.READ_EXTERNAL_STORAGE to package jp.jaxa.iss.kibo.rpc.sampleapk because it was previously installed without
04-30 20:11:09.129 W/PackageManager( 1678): Unknown permission com.google.android.googleapps.permission.GOOGLE_AUTH in package com.android.settings
04-30 20:11:09.129 W/PackageManager( 1678): Unknown permission com.android.launcher.permission.READ_SETTINGS in package com.android.settings
04-30 20:11:09.129 W/PackageManager( 1678): Unknown permission com.android.launcher.permission.WRITE_SETTINGS in package com.android.settings
04-30 20:11:09.186 I/SystemServer( 1678): StartNetworkManagementService
04-30 20:11:09.192 W/PackageManager( 1678): Unknown permission com.android.smspush.WAPPUSH_MANAGER_BIND in package com.android.phone
04-30 20:11:09.193 W/PackageManager( 1678): Unknown permission com.google.android.googleapps.permission.ACCESS_GOOGLE_PASSWORD in package com.android.development
04-30 20:11:09.193 W/PackageManager( 1678): Unknown permission com.google.android.googleapps.permission.GOOGLE_AUTH in package com.android.development
04-30 20:11:09.193 W/PackageManager( 1678): Unknown permission com.google.android.googleapps.permission.GOOGLE_AUTH.ALL_SERVICES in package com.android.development
04-30 20:11:09.193 W/PackageManager( 1678): Unknown permission com.google.android.googleapps.permission.GOOGLE_AUTH.YouTubeUser in package com.android.development
04-30 20:11:09.193 W/PackageManager( 1678): Not granting permission android.permission.BIND_APPWIDGET to package com.android.widgetpreview (protectionLevel=18 flags=0x3808be44)
04-30 20:11:09.205 W/UsageStatsService( 1678): User[0] Some stats have no latest available
04-30 20:11:09.257 I/NetworkManagement( 1678): onDaemonConnected()
04-30 20:11:09.331 I/SystemServiceManager( 1678): Starting com.android.server.TextServicesManagerService$Lifecycle
04-30 20:11:09.626 I/SystemServer( 1678): StartNetworkScoreService
04-30 20:11:09.645 I/SystemServer( 1678): StartNetworkStatsService
04-30 20:11:09.721 W/MountService( 1678): No primary storage defined yet; hacking together a stub
04-30 20:11:09.724 W/MountService( 1678): No primary storage defined yet; hacking together a stub
04-30 20:11:09.729 W/MountService( 1678): No primary storage mounted!
04-30 20:11:09.729 D/VoldConnector( 1678): SND -> {2 asec list}
04-30 20:11:09.771 D/VoldConnector( 1678): RCV <- {200 2 asec operation succeeded}
04-30 20:11:09.833 I/SystemServer( 1678): StartNetworkPolicyManagerService
04-30 20:11:09.888 I/SystemServer( 1678): No Wi-Fi NAN Service (NAN support Not Present)
04-30 20:11:09.987 I/SystemServiceManager( 1678): Starting com.android.server.wifi.p2p.WifiP2pService
04-30 20:11:10.405 I/WifiP2pService( 1678): Registering wifip2p
04-30 20:11:10.423 I/SystemServiceManager( 1678): Starting com.android.server.wifi.WifiService
04-30 20:11:11.418 D/HS20    ( 1678): Passpoint is disabled
04-30 20:11:11.548 I/UsageStatsService( 1678): User[0] Rollover scheduled @ 2021-05-01 20:11:08(1619899868596)
04-30 20:11:11.669 I/art     ( 1678): Background sticky concurrent mark sweep GC freed 34416(2MB) AllocSpace objects, 18(360KB) LOS objects, 25% free, 8MB/10MB, paused 1.711ms total 1.249s
04-30 20:11:11.815 D/CommandListener( 1336): Clearing all IP addresses on wlan0
04-30 20:11:11.973 D/WifiApConfigStore( 1678): 2G band allowed channels are:1,6,11
04-30 20:11:11.975 E/WifiLogger( 1678): no ring buffers found
04-30 20:11:11.975 E/WifiLogger( 1678): Failed to start packet fate monitoring
04-30 20:11:12.002 D/WifiController( 1678): isAirplaneModeOn = true, isWifiEnabled = false, isScanningAvailable = false
04-30 20:11:12.008 I/WifiService( 1678): Registering wifi
04-30 20:11:12.034 I/SystemServiceManager( 1678): Starting com.android.server.wifi.scanner.WifiScanningService
04-30 20:11:12.035 I/WifiScanningService( 1678): Creating wifiscanner
04-30 20:11:12.091 I/WifiScanningService( 1678): Publishing wifiscanner
04-30 20:11:12.130 I/SystemServiceManager( 1678): Starting com.android.server.wifi.RttService
04-30 20:11:12.210 I/RttService( 1678): Creating rttmanager
04-30 20:11:12.239 I/RttService( 1678): Starting rttmanager
04-30 20:11:12.272 I/SystemServer( 1678): StartConnectivityService
04-30 20:11:12.334 D/ConnectivityService( 1678): ConnectivityService starting up
04-30 20:11:12.421 D/ConnectivityService( 1678): wifiOnly=false
04-30 20:11:12.562 I/SystemServer( 1678): StartNsdService
04-30 20:11:12.675 I/SystemServer( 1678): StartUpdateLockService
04-30 20:11:12.692 I/SystemServiceManager( 1678): Starting com.android.server.RecoverySystemService
04-30 20:11:12.701 I/SystemServiceManager( 1678): Starting com.android.server.notification.NotificationManagerService
04-30 20:11:12.823 D/ConditionProviders.SCP( 1678): new ScheduleConditionProvider()
04-30 20:11:12.854 D/ZenLog  ( 1678): config: readXml,ZenModeConfig[user=0,allowCalls=true,allowRepeatCallers=false,allowMessages=false,allowCallsFrom=contacts,allowMessagesFrom=contacts,allowReminders=true,allowEvents=true,allowWhenScreenOff=true,allowWhenScreenOn=true,automaticRules={370bd6672ef541ba946db9ac4aef0faf=ZenRule[enabled=false,snoozing=false,name=Weeknight,zenMode=ZEN_MODE_ALARMS,conditionId=condition://android/schedule?days=1.2.3.4.5&start=22.0&end=7.0&exitAtAlarm=false,condition=Condition[id=condition://android/schedule?days=1.2.3.4.5&start=22.0&end=7.0&exitAtAlarm=false,summary=...,line1=...,line2=...,icon=0,state=STATE_FALSE,flags=2],component=ComponentInfo{android/com.android.server.notification.ScheduleConditionProvider},id=370bd6672ef541ba946db9ac4aef0faf,creationTime=1590622727817,enabler=null], a53ffdf89c814123a52adbdd46bc948d=ZenRule[enabled=false,snoozing=false,name=Weekend,zenMode=ZEN_MODE_ALARMS,conditionId=condition://android/schedule?days=6.7&start=23.30&end=10.0&exitAtAlarm=false,condition=Condition[id=condition://android/schedule?days=6.7&start=23.30&end=10.0&exitAtAlarm=false,summary=...,line1=...,line2=...,icon=0,state=STATE_FALSE,flags=2],component=ComponentInfo{android/com.android.server.notification.ScheduleConditionProvider},id=a53ffdf89c814123a52adbdd46bc948d,creationTime=1590622727818,enabler=null], fc8bb1aacabb4877a1d1d167106f6e77=ZenRule[enabled=false,snoozing=false,name=Event,zenMode=ZEN_MODE_ALARMS,conditionId=condition://android/event?userId=-10000&calendar=&reply=1,condition=Condition[id=condition://android/event?userId=-10000&calendar=&reply=1,summary=...,line1=...,line2=...,icon=0,state=STATE_FALSE,flags=2],component=ComponentInfo{android/com.android.server.notification.EventConditionProvider},id=fc8bb1aacabb4877a1d1d167106f6e77,creationTime=1590622727822,enabler=null]},manualRule=null],Diff[automaticRule[370bd6672ef541ba946db9ac4aef0faf]:insert,automaticRule[ed8c007bc24d4a3db1b28b72fafcb9f4]:delete,automaticRule[a53ffdf89c814123a52adbdd46bc948d]:insert,automaticRule[c59718e35c2642c782583edfb1404fed]:delete,automaticRule[57995a3ca21040129bf601101f7aeff9]:delete,automaticRule[fc8bb1aacabb4877a1d1d167106f6e77]:insert]
04-30 20:11:12.946 D/ZenLog  ( 1678): set_zen_mode: off,init
04-30 20:11:12.982 I/SystemServiceManager( 1678): Starting com.android.server.storage.DeviceStorageMonitorService
04-30 20:11:13.007 I/SystemServer( 1678): StartLocationManagerService
04-30 20:11:13.033 I/SystemServer( 1678): StartCountryDetectorService
04-30 20:11:13.041 I/SystemServer( 1678): StartSearchManagerService
04-30 20:11:13.041 I/SystemServiceManager( 1678): Starting com.android.server.search.SearchManagerService$Lifecycle
04-30 20:11:13.048 I/SystemServiceManager( 1678): Starting com.android.server.DropBoxManagerService
04-30 20:11:13.065 I/SystemServer( 1678): StartWallpaperManagerService
04-30 20:11:13.066 I/SystemServiceManager( 1678): Starting com.android.server.wallpaper.WallpaperManagerService$Lifecycle
04-30 20:11:13.087 E/BitmapFactory( 1678): Unable to decode stream: java.io.FileNotFoundException: /data/system/users/0/wallpaper_orig (No such file or directory)
04-30 20:11:13.087 E/WallpaperManagerService( 1678): Invalid wallpaper data
04-30 20:11:13.087 E/WallpaperManagerService( 1678): Unable to apply new wallpaper
04-30 20:11:13.105 I/SystemServer( 1678): StartAudioService
04-30 20:11:13.105 I/SystemServiceManager( 1678): Starting com.android.server.audio.AudioService$Lifecycle
04-30 20:11:13.241 W/TelecomManager( 1678): Telecom Service not found.
04-30 20:11:13.269 D/PermissionCache( 1326): checking android.permission.MODIFY_AUDIO_SETTINGS for uid=1000 => granted (48618 us)
04-30 20:11:13.355 W/AudioFlinger( 1326): no wake lock to update, system not ready yet
04-30 20:11:13.595 I/SystemServiceManager( 1678): Starting com.android.server.DockObserver
04-30 20:11:13.597 W/DockObserver( 1678): This kernel does not have dock station support
04-30 20:11:13.621 I/SystemServer( 1678): StartWiredAccessoryManager
04-30 20:11:13.625 W/WiredAccessoryManager( 1678): This kernel does not have usb audio support
04-30 20:11:13.626 W/WiredAccessoryManager( 1678): This kernel does not have HDMI audio support
04-30 20:11:13.627 I/SystemServiceManager( 1678): Starting com.android.server.midi.MidiService$Lifecycle
04-30 20:11:13.692 I/SystemServiceManager( 1678): Starting com.android.server.usb.UsbService$Lifecycle
04-30 20:11:14.256 I/SystemServer( 1678): StartSerialService
04-30 20:11:14.312 E/HardwarePropertiesManagerService-JNI( 1678): Couldn't load thermal module (No such file or directory)
04-30 20:11:14.315 I/SystemServiceManager( 1678): Starting com.android.server.twilight.TwilightService
04-30 20:11:14.318 I/SystemServiceManager( 1678): Starting com.android.server.job.JobSchedulerService
04-30 20:11:14.429 I/SystemServiceManager( 1678): Starting com.android.server.soundtrigger.SoundTriggerService
04-30 20:11:14.561 I/SystemServiceManager( 1678): Starting com.android.server.backup.BackupManagerService$Lifecycle
04-30 20:11:14.601 I/SystemServiceManager( 1678): Starting com.android.server.appwidget.AppWidgetService
04-30 20:11:14.782 I/SystemServiceManager( 1678): Starting com.android.server.voiceinteraction.VoiceInteractionManagerService
04-30 20:11:14.801 I/SystemServer( 1678): Gesture Launcher Service
04-30 20:11:14.801 I/SystemServiceManager( 1678): Starting com.android.server.GestureLauncherService
04-30 20:11:14.802 I/SystemServiceManager( 1678): Starting com.android.server.SensorNotificationService
04-30 20:11:14.803 I/SystemServiceManager( 1678): Starting com.android.server.ContextHubSystemService
04-30 20:11:14.822 E/ContextHubService( 1678): ** Could not load context_hub module : err No such file or directory
04-30 20:11:14.822 W/ContextHubService( 1678): No Context Hub Module present
04-30 20:11:14.823 I/SystemServer( 1678): StartDiskStatsService
04-30 20:11:14.825 I/SystemServer( 1678): StartSamplingProfilerService
04-30 20:11:15.121 I/SystemServer( 1678): StartNetworkTimeUpdateService
04-30 20:11:15.127 I/SystemServer( 1678): StartCommonTimeManagementService
04-30 20:11:15.174 I/SystemServer( 1678): CertBlacklister
04-30 20:11:15.178 I/SystemServiceManager( 1678): Starting com.android.server.emergency.EmergencyAffordanceService
04-30 20:11:15.201 I/SystemServiceManager( 1678): Starting com.android.server.dreams.DreamManagerService
04-30 20:11:15.263 I/SystemServer( 1678): StartAssetAtlasService
04-30 20:11:15.339 I/SystemServiceManager( 1678): Starting com.android.server.print.PrintManagerService
04-30 20:11:15.386 D/AssetAtlas( 1678): Loaded configuration: SliceMinArea (1280x896) flags=0x2 count=91
04-30 20:11:15.437 D/gralloc_ranchu( 1678): Emulator without host-side GPU emulation detected. Loading gralloc.default.so from /vendor/lib64/hw/gralloc.goldfish.default.so...
04-30 20:11:15.442 I/SystemServiceManager( 1678): Starting com.android.server.restrictions.RestrictionsManagerService
04-30 20:11:15.453 D/gralloc_ranchu( 1678): gralloc.default.so not found in /vendor. Trying /system/lib64/hw/gralloc.goldfish.default.so...
04-30 20:11:15.475 I/SystemServiceManager( 1678): Starting com.android.server.media.MediaSessionService
04-30 20:11:15.603 I/SystemServer( 1678): StartMediaRouterService
04-30 20:11:15.608 I/SystemServiceManager( 1678): Starting com.android.server.trust.TrustManagerService
04-30 20:11:15.633 I/SystemServiceManager( 1678): Starting com.android.server.fingerprint.FingerprintService
04-30 20:11:15.726 D/PermissionCache( 1339): checking android.permission.MANAGE_FINGERPRINT for uid=1000 => granted (9683 us)
04-30 20:11:15.729 V/fingerprintd( 1339): nativeOpenHal()
04-30 20:11:15.777 D/FingerprintHal( 1339): ----------------> fingerprint_open ----------------->
04-30 20:11:15.820 D/FingerprintHal( 1339): ----------------> listenerFunction ----------------->
04-30 20:11:15.840 E/fingerprintd( 1339): Wrong fp version. Expected 512, got 513
04-30 20:11:15.840 D/FingerprintHal( 1339): ----------------> set_notify_callback ----------------->
04-30 20:11:15.840 D/FingerprintHal( 1339): fingerprint callback notification set
04-30 20:11:15.840 V/fingerprintd( 1339): fingerprint HAL successfully initialized
04-30 20:11:15.873 V/fingerprintd( 1339): setActiveGroup(0, /data/system/users/0/fpdata, 27)
04-30 20:11:15.873 D/FingerprintHal( 1339): ----------------> fingerprint_set_active_group -----------------> path /data/system/users/0/fpdata
04-30 20:11:15.873 D/FingerprintHal( 1339): ----------------> loadFingerprints ----------------->
04-30 20:11:15.874 E/FingerprintHal( 1339): Could not load fingerprints from storage at /data/system/users/0/fpdata/emufp.bin; it has not yet been created.
04-30 20:11:15.874 D/FingerprintHal( 1339): ----------------> loadAuthenticatorId ----------------->
04-30 20:11:15.880 D/FingerprintHal( 1339): Read authenticator id (0x6b8b4567327b23c6)
04-30 20:11:15.890 D/FingerprintHal( 1339): ----------------> fingerprint_get_auth_id ----------------->
04-30 20:11:15.890 D/FingerprintHal( 1339): ----------------> fingerprint_get_auth_id auth id 6b8b4567327b23c6----------------->
04-30 20:11:15.891 V/FingerprintService( 1678): Fingerprint HAL id: 138473422241792
04-30 20:11:15.893 I/SystemServer( 1678): StartBackgroundDexOptService
04-30 20:11:15.912 I/SystemServiceManager( 1678): Starting com.android.server.pm.ShortcutService$Lifecycle
04-30 20:11:15.941 W/AssetAtlasService( 1678): Could not find EGL configuration
04-30 20:11:15.976 I/SystemServiceManager( 1678): Starting com.android.server.pm.LauncherAppsService
04-30 20:11:15.991 I/SystemServiceManager( 1678): Starting com.android.server.media.projection.MediaProjectionManagerService
04-30 20:11:16.057 W/art     ( 1678): Suspending all threads took: 27.098ms
04-30 20:11:16.076 D/AssetAtlas( 1678): Rendered atlas in 401.98ms (318.65+83.33ms)
04-30 20:11:16.121 V/MediaRouter( 1678): Adding route: RouteInfo{ name=Phone, description=null, status=null, category=RouteCategory{ name=null types=ROUTE_TYPE_LIVE_AUDIO ROUTE_TYPE_LIVE_VIDEO  groupable=false }, supportedTypes=ROUTE_TYPE_LIVE_AUDIO ROUTE_TYPE_LIVE_VIDEO , presentationDisplay=null }
04-30 20:11:16.177 V/MediaRouter( 1678): Updating audio routes: AudioRoutesInfo{ type=SPEAKER }
04-30 20:11:16.196 I/art     ( 1678): Background partial concurrent mark sweep GC freed 17673(1342KB) AllocSpace objects, 7(140KB) LOS objects, 24% free, 12MB/16MB, paused 44.064ms total 664.566ms
04-30 20:11:16.220 V/MediaRouter( 1678): Selecting route: RouteInfo{ name=Phone, description=null, status=null, category=RouteCategory{ name=null types=ROUTE_TYPE_LIVE_AUDIO ROUTE_TYPE_LIVE_VIDEO  groupable=false }, supportedTypes=ROUTE_TYPE_LIVE_AUDIO ROUTE_TYPE_LIVE_VIDEO , presentationDisplay=null }
04-30 20:11:16.263 I/WindowManager( 1678): SAFE MODE not enabled
04-30 20:11:16.264 I/SystemServiceManager( 1678): Starting com.android.server.MmsServiceBroker
04-30 20:11:16.302 W/VibratorService( 1678): Tried to stop vibrating but there is no vibrator device.
04-30 20:11:16.969 E/LockSettingsStorage( 1678): Cannot read file java.io.FileNotFoundException: /data/system/gatekeeper.password.key: open failed: ENOENT (No such file or directory)
04-30 20:11:16.989 E/LockSettingsStorage( 1678): Cannot read file java.io.FileNotFoundException: /data/system/password.key: open failed: ENOENT (No such file or directory)
04-30 20:11:17.002 E/LockSettingsStorage( 1678): Cannot read file java.io.FileNotFoundException: /data/system/gatekeeper.pattern.key: open failed: ENOENT (No such file or directory)
04-30 20:11:17.003 E/LockSettingsStorage( 1678): Cannot read file java.io.FileNotFoundException: /data/system/gatekeeper.gesture.key: open failed: ENOENT (No such file or directory)
04-30 20:11:17.004 E/LockSettingsStorage( 1678): Cannot read file java.io.FileNotFoundException: /data/system/gesture.key: open failed: ENOENT (No such file or directory)
04-30 20:11:17.005 I/SystemServiceManager( 1678): Starting phase 480
04-30 20:11:17.052 I/DevicePolicyManagerService( 1678): Set ro.device_owner property to false
04-30 20:11:17.082 I/SystemServiceManager( 1678): Starting phase 500
04-30 20:11:17.106 D/ConnectivityMetricsLoggerService( 1678): onBootPhase: PHASE_SYSTEM_SERVICES_READY
04-30 20:11:17.201 I/WifiService( 1678): WifiService starting up with Wi-Fi disabled
04-30 20:11:17.220 I/WifiScanningService( 1678): Starting wifiscanner
04-30 20:11:17.245 I/RttService( 1678): Registering rttmanager
04-30 20:11:17.332 D/ZenLog  ( 1678): config: cleanUpZenRules,ZenModeConfig[user=0,allowCalls=true,allowRepeatCallers=false,allowMessages=false,allowCallsFrom=contacts,allowMessagesFrom=contacts,allowReminders=true,allowEvents=true,allowWhenScreenOff=true,allowWhenScreenOn=true,automaticRules={370bd6672ef541ba946db9ac4aef0faf=ZenRule[enabled=false,snoozing=false,name=Weeknight,zenMode=ZEN_MODE_ALARMS,conditionId=condition://android/schedule?days=1.2.3.4.5&start=22.0&end=7.0&exitAtAlarm=false,condition=Condition[id=condition://android/schedule?days=1.2.3.4.5&start=22.0&end=7.0&exitAtAlarm=false,summary=...,line1=...,line2=...,icon=0,state=STATE_FALSE,flags=2],component=ComponentInfo{android/com.android.server.notification.ScheduleConditionProvider},id=370bd6672ef541ba946db9ac4aef0faf,creationTime=1590622727817,enabler=null], a53ffdf89c814123a52adbdd46bc948d=ZenRule[enabled=false,snoozing=false,name=Weekend,zenMode=ZEN_MODE_ALARMS,conditionId=condition://android/schedule?days=6.7&start=23.30&end=10.0&exitAtAlarm=false,condition=Condition[id=condition://android/schedule?days=6.7&start=23.30&end=10.0&exitAtAlarm=false,summary=...,line1=...,line2=...,icon=0,state=STATE_FALSE,flags=2],component=ComponentInfo{android/com.android.server.notification.ScheduleConditionProvider},id=a53ffdf89c814123a52adbdd46bc948d,creationTime=1590622727818,enabler=null], fc8bb1aacabb4877a1d1d167106f6e77=ZenRule[enabled=false,snoozing=false,name=Event,zenMode=ZEN_MODE_ALARMS,conditionId=condition://android/event?userId=-10000&calendar=&reply=1,condition=Condition[id=condition://android/event?userId=-10000&calendar=&reply=1,summary=...,line1=...,line2=...,icon=0,state=STATE_FALSE,flags=2],component=ComponentInfo{android/com.android.server.notification.EventConditionProvider},id=fc8bb1aacabb4877a1d1d167106f6e77,creationTime=1590622727822,enabler=null]},manualRule=null],Diff[]
04-30 20:11:17.333 D/ZenLog  ( 1678): set_zen_mode: off,onSystemReady
04-30 20:11:17.431 D/PermissionCache( 1326): checking android.permission.CAPTURE_AUDIO_HOTWORD for uid=1000 => granted (1320 us)
04-30 20:11:17.434 W/SoundTriggerHelper( 1678): listModules status=0, # of modules=0
04-30 20:11:17.434 D/ContextHubSystemService( 1678): onBootPhase: PHASE_SYSTEM_SERVICES_READY
04-30 20:11:17.696 W/KeyguardServiceDelegate( 1678): onScreenTurningOn(): no keyguard service!
04-30 20:11:17.783 V/UserManagerService( 1678): Found /data/user_de/0 with serial number 0
04-30 20:11:17.784 V/UserManagerService( 1678): Found /data/user/0 with serial number 0
04-30 20:11:17.784 V/UserManagerService( 1678): Found /data/system_de/0 with serial number 0
04-30 20:11:17.785 V/UserManagerService( 1678): Found /data/system_ce/0 with serial number 0
04-30 20:11:18.176 I/ActivityManager( 1678): System now ready
04-30 20:11:18.256 I/SystemServer( 1678): Making services ready
04-30 20:11:18.256 I/SystemServiceManager( 1678): Starting phase 550
04-30 20:11:18.696 W/WindowManager( 1678): Keyguard drawn timeout. Setting mKeyguardDrawComplete
04-30 20:11:18.972 E/InputMethodManagerService( 1678): Ignoring updateSystemUiLocked due to an invalid token. uid:1000 token:null
04-30 20:11:19.385 I/Zygote  ( 1678): Process: zygote socket opened, supported ABIS: x86_64
04-30 20:11:19.505 W/ActivityManager( 1678): Slow operation: 166ms so far, now at startProcess: returned from zygote!
04-30 20:11:19.506 W/ActivityManager( 1678): Slow operation: 167ms so far, now at startProcess: done updating battery stats
04-30 20:11:19.507 W/ActivityManager( 1678): Slow operation: 168ms so far, now at startProcess: building log message
04-30 20:11:19.508 I/ActivityManager( 1678): Start proc 1963:com.android.inputmethod.latin/u0a41 for service com.android.inputmethod.latin/.LatinIME
04-30 20:11:19.508 W/ActivityManager( 1678): Slow operation: 169ms so far, now at startProcess: starting to update pids map
04-30 20:11:19.508 W/ActivityManager( 1678): Slow operation: 169ms so far, now at startProcess: done updating pids map
04-30 20:11:19.508 W/ActivityManager( 1678): Slow operation: 180ms so far, now at startProcess: done starting proc!
04-30 20:11:19.511 W/art     ( 1678): Long monitor contention with owner main (1678) at int com.android.server.am.ActivityManagerService.bindService(android.app.IApplicationThread, android.os.IBinder, android.content.Intent, java.lang.String, android.app.IServiceConnection, int, java.lang.String, int)(ActivityManagerService.java:17301) waiters=0 in void com.android.server.am.ActivityManagerService.dispatchUidsChanged() for 170ms
04-30 20:11:19.513 V/InputMethodManagerService( 1678): Adding window token: android.os.Binder@d4317e0
04-30 20:11:19.532 D/MountService( 1678): Thinking about init, mSystemReady=true, mDaemonConnected=true
04-30 20:11:19.532 D/MountService( 1678): Setting up emulation state, initlocked=false
04-30 20:11:19.533 D/CryptdConnector( 1678): SND -> {2 cryptfs unlock_user_key 0 0 ! !}
04-30 20:11:19.562 D/vold    ( 1277): e4crypt_unlock_user_key 0 serial=0 token_present=0
04-30 20:11:19.565 D/CryptdConnector( 1678): RCV <- {200 2 Command succeeded}
04-30 20:11:19.568 D/MountService( 1678): Thinking about reset, mSystemReady=true, mDaemonConnected=true
04-30 20:11:19.603 I/ActivityManager( 1678): Force stopping com.android.providers.media appid=10010 user=-1: vold reset
04-30 20:11:19.606 D/VoldConnector( 1678): SND -> {3 volume reset}
04-30 20:11:19.620 D/VoldConnector( 1678): RCV <- {651 emulated 7}
04-30 20:11:19.622 D/VoldConnector( 1678): RCV <- {659 emulated}
04-30 20:11:19.623 D/VoldConnector( 1678): RCV <- {650 emulated 2 "" ""}
04-30 20:11:19.623 D/VoldConnector( 1678): RCV <- {651 emulated 0}
04-30 20:11:19.631 E/BitmapFactory( 1678): Unable to decode stream: java.io.FileNotFoundException: /data/system/users/0/wallpaper_orig (No such file or directory)
04-30 20:11:19.631 E/WallpaperManagerService( 1678): Invalid wallpaper data
04-30 20:11:19.632 E/WallpaperManagerService( 1678): Unable to apply new wallpaper
04-30 20:11:19.638 D/vold    ( 1277): Recognized experimental block major ID 253 as virtio-blk (emulator's virtual SD card device)
04-30 20:11:19.639 V/vold    ( 1277): /system/bin/sgdisk
04-30 20:11:19.639 V/vold    ( 1277):     --android-dump
04-30 20:11:19.639 V/vold    ( 1277):     /dev/block/vold/disk:253,48
04-30 20:11:19.640 D/VoldConnector( 1678): RCV <- {651 public:253,48 7}
04-30 20:11:19.641 D/VoldConnector( 1678): RCV <- {659 public:253,48}
04-30 20:11:19.642 D/VoldConnector( 1678): RCV <- {649 disk:253,48}
04-30 20:11:19.642 D/VoldConnector( 1678): RCV <- {640 disk:253,48 5}
04-30 20:11:19.643 D/VoldConnector( 1678): RCV <- {641 disk:253,48 549453824}
04-30 20:11:19.644 D/VoldConnector( 1678): RCV <- {642 disk:253,48 Virtual}
04-30 20:11:19.645 D/VoldConnector( 1678): RCV <- {644 disk:253,48 /sys//devices/pci0000:00/0000:00:06.0/virtio3/block/vdd}
04-30 20:11:19.682 W/art     ( 1963): Unexpected CPU variant for X86 using defaults: x86_64
04-30 20:11:19.687 V/MountService( 1678): Found primary storage at VolumeInfo{emulated}:
04-30 20:11:19.687 V/MountService( 1678):     type=EMULATED diskId=null partGuid=null mountFlags=0 mountUserId=-1 
04-30 20:11:19.687 V/MountService( 1678):     state=UNMOUNTED 
04-30 20:11:19.687 V/MountService( 1678):     fsType=null fsUuid=null fsLabel=null 
04-30 20:11:19.687 V/MountService( 1678):     path=null internalPath=null 
04-30 20:11:19.738 W/art     ( 1970): Unexpected CPU variant for X86 using defaults: x86_64
04-30 20:11:19.852 W/ActivityManager( 1678): Slow operation: 157ms so far, now at startProcess: returned from zygote!
04-30 20:11:19.853 W/ActivityManager( 1678): Slow operation: 158ms so far, now at startProcess: done updating battery stats
04-30 20:11:19.853 W/ActivityManager( 1678): Slow operation: 158ms so far, now at startProcess: building log message
04-30 20:11:19.853 I/ActivityManager( 1678): Start proc 1970:com.android.systemui/u0a21 for service com.android.systemui/.ImageWallpaper
04-30 20:11:19.853 W/ActivityManager( 1678): Slow operation: 158ms so far, now at startProcess: starting to update pids map
04-30 20:11:19.853 W/ActivityManager( 1678): Slow operation: 158ms so far, now at startProcess: done updating pids map
04-30 20:11:19.854 W/ActivityManager( 1678): Slow operation: 159ms so far, now at startProcess: done starting proc!
04-30 20:11:19.882 E/BluetoothAdapter( 1678): Bluetooth binder is null
04-30 20:11:19.886 D/UsbAlsaManager( 1678): Adding ALSA device AlsaDevice: [card: 0, device: 0, type: 1]
04-30 20:11:19.886 D/UsbAlsaManager( 1678): Adding ALSA device AlsaDevice: [card: 0, device: 0, type: 2]
04-30 20:11:19.888 I/SystemServer( 1678): WebViewFactory preparation
04-30 20:11:19.965 E/BluetoothAdapter( 1678): Bluetooth binder is null
04-30 20:11:20.044 I/AudioFlinger( 1326): systemReady
04-30 20:11:20.262 V/vold    ( 1277): DISK mbr
04-30 20:11:20.263 V/vold    ( 1277): 
04-30 20:11:20.322 W/vold    ( 1277): disk:253,48 has unknown partition table; trying entire device
04-30 20:11:20.323 V/vold    ( 1277): /system/bin/blkid
04-30 20:11:20.323 V/vold    ( 1277):     -c
04-30 20:11:20.323 V/vold    ( 1277):     /dev/null
04-30 20:11:20.323 V/vold    ( 1277):     -s
04-30 20:11:20.323 V/vold    ( 1277):     TYPE
04-30 20:11:20.323 V/vold    ( 1277):     -s
04-30 20:11:20.323 V/vold    ( 1277):     UUID
04-30 20:11:20.323 V/vold    ( 1277):     -s
04-30 20:11:20.323 V/vold    ( 1277):     LABEL
04-30 20:11:20.324 V/vold    ( 1277):     /dev/block/vold/disk:253,48
04-30 20:11:20.364 D/WebViewFactory( 1678): Setting new address space to 114394000
04-30 20:11:20.650 W/art     ( 1678): Long monitor contention with owner Binder:1678_1 (1716) at void com.android.server.am.ActivityManagerService.attachApplication(android.app.IApplicationThread)(ActivityManagerService.java:6669) waiters=1 in void com.android.server.am.ActivityManagerService.dispatchProcessesChanged() for 281ms
04-30 20:11:20.660 W/art     ( 1678): Long monitor contention with owner Binder:1678_2 (1717) at void com.android.server.am.ActivityManagerService.attachApplication(android.app.IApplicationThread)(ActivityManagerService.java:6669) waiters=1 in int com.android.server.am.ActivityManagerService.startIsolatedProcess(java.lang.String, java.lang.String[], java.lang.String, java.lang.String, int, java.lang.Runnable) for 162ms
04-30 20:11:20.773 E/WVMExtractor( 1678): Failed to open libwvm.so: dlopen failed: library "libwvm.so" not found
04-30 20:11:20.911 I/Zygote  ( 1678): Process: zygote socket opened, supported ABIS: x86
04-30 20:11:20.927 W/System  ( 1970): ClassLoader referenced unknown path: /system/priv-app/SystemUI/lib/x86_64
04-30 20:11:21.191 I/art     ( 1325): Starting a blocking GC Background
04-30 20:11:21.495 I/art     ( 1325): Background concurrent mark sweep GC freed 114(16KB) AllocSpace objects, 0(0B) LOS objects, 39% free, 6MB/10MB, paused 1.786ms total 258.925ms
04-30 20:11:21.609 I/MediaPlayerService( 1335): MediaPlayerService::getOMX
04-30 20:11:21.715 V/vold    ( 1277): /dev/block/vold/disk:253,48: LABEL="SDCARD" UUID="1EFF-1C1B" TYPE="vfat" 
04-30 20:11:21.715 V/vold    ( 1277): 
04-30 20:11:21.773 D/VoldConnector( 1678): RCV <- {650 public:253,48 0 "disk:253,48" ""}
04-30 20:11:21.775 D/VoldConnector( 1678): RCV <- {651 public:253,48 0}
04-30 20:11:21.776 D/VoldConnector( 1678): RCV <- {643 disk:253,48}
04-30 20:11:21.778 D/VoldConnector( 1678): RCV <- {200 3 Command succeeded}
04-30 20:11:21.791 E/VoldConnector( 1678): NDC Command {3 volume reset} took too long (2173ms)
04-30 20:11:21.793 D/VoldConnector( 1678): SND -> {4 volume user_added 0 0}
04-30 20:11:21.794 D/VoldConnector( 1678): RCV <- {200 4 Command succeeded}
04-30 20:11:21.813 I/OMXClient( 1335): MuxOMX ctor
04-30 20:11:21.904 I/MediaPlayerService( 1335): MediaPlayerService::getOMX
04-30 20:11:21.907 I/OMXClient( 1335): MuxOMX ctor
04-30 20:11:21.924 I/OMXMaster( 1332): makeComponentInstance(OMX.google.mp3.decoder) in mediacodec process
04-30 20:11:22.244 W/art     ( 2005): Unexpected CPU variant for X86 using defaults: x86
04-30 20:11:22.254 W/ActivityManager( 1678): Slow operation: 1592ms so far, now at startProcess: returned from zygote!
04-30 20:11:22.254 W/ActivityManager( 1678): Slow operation: 1592ms so far, now at startProcess: done updating battery stats
04-30 20:11:22.254 W/ActivityManager( 1678): Slow operation: 1592ms so far, now at startProcess: building log message
04-30 20:11:22.255 I/ActivityManager( 1678): Start proc 2005:WebViewLoader-x86/1037 [android.webkit.WebViewFactory$RelroFileCreator] for 
04-30 20:11:22.255 W/ActivityManager( 1678): Slow operation: 1593ms so far, now at startProcess: starting to update pids map
04-30 20:11:22.255 W/ActivityManager( 1678): Slow operation: 1593ms so far, now at startProcess: done updating pids map
04-30 20:11:22.255 W/ActivityManager( 1678): Slow operation: 1594ms so far, now at startProcess: done starting proc!
04-30 20:11:22.261 W/art     ( 1678): Long monitor contention with owner main (1678) at int com.android.server.am.ActivityManagerService.startIsolatedProcess(java.lang.String, java.lang.String[], java.lang.String, java.lang.String, int, java.lang.Runnable)(ActivityManagerService.java:3509) waiters=0 in void com.android.server.am.ActivityManagerService.dispatchUidsChanged() for 1.572s
04-30 20:11:22.370 W/ActivityManager( 1678): Slow operation: 114ms so far, now at startProcess: returned from zygote!
04-30 20:11:22.370 W/ActivityManager( 1678): Slow operation: 114ms so far, now at startProcess: done updating battery stats
04-30 20:11:22.371 W/ActivityManager( 1678): Slow operation: 115ms so far, now at startProcess: building log message
04-30 20:11:22.371 I/ActivityManager( 1678): Start proc 2013:WebViewLoader-x86_64/1037 [android.webkit.WebViewFactory$RelroFileCreator] for 
04-30 20:11:22.371 W/ActivityManager( 1678): Slow operation: 115ms so far, now at startProcess: starting to update pids map
04-30 20:11:22.371 W/ActivityManager( 1678): Slow operation: 115ms so far, now at startProcess: done updating pids map
04-30 20:11:22.371 W/ActivityManager( 1678): Slow operation: 116ms so far, now at startProcess: done starting proc!
04-30 20:11:22.372 W/art     ( 1678): Long monitor contention with owner main (1678) at int com.android.server.am.ActivityManagerService.startIsolatedProcess(java.lang.String, java.lang.String[], java.lang.String, java.lang.String, int, java.lang.Runnable)(ActivityManagerService.java:3509) waiters=1 in void com.android.server.am.ActivityManagerService.publishContentProviders(android.app.IApplicationThread, java.util.List) for 820ms
04-30 20:11:22.373 W/art     ( 1678): Long monitor contention with owner main (1678) at int com.android.server.am.ActivityManagerService.startIsolatedProcess(java.lang.String, java.lang.String[], java.lang.String, java.lang.String, int, java.lang.Runnable)(ActivityManagerService.java:3509) waiters=2 in android.content.Intent com.android.server.am.ActivityManagerService.registerReceiver(android.app.IApplicationThread, java.lang.String, android.content.IIntentReceiver, android.content.IntentFilter, java.lang.String, int) for 789ms
04-30 20:11:22.374 W/art     ( 1678): Long monitor contention with owner main (1678) at int com.android.server.am.ActivityManagerService.startIsolatedProcess(java.lang.String, java.lang.String[], java.lang.String, java.lang.String, int, java.lang.Runnable)(ActivityManagerService.java:3509) waiters=3 in int com.android.server.am.ActivityManagerService.getAppStartMode(int, java.lang.String) for 576ms
04-30 20:11:22.375 D/VoldConnector( 1678): SND -> {5 volume mount emulated 3 -1}
04-30 20:11:22.390 D/VoldConnector( 1678): RCV <- {651 emulated 1}
04-30 20:11:22.391 D/VoldConnector( 1678): RCV <- {656 emulated /data/media}
04-30 20:11:22.392 D/VoldConnector( 1678): RCV <- {655 emulated /storage/emulated}
04-30 20:11:22.415 V/vold    ( 1277): Waiting for FUSE to spin up...
04-30 20:11:22.452 D/NetworkManagement( 1678): enabling bandwidth control
04-30 20:11:22.466 V/vold    ( 1277): Waiting for FUSE to spin up...
04-30 20:11:22.517 V/vold    ( 1277): Waiting for FUSE to spin up...
04-30 20:11:22.551 W/art     ( 2013): Unexpected CPU variant for X86 using defaults: x86_64
04-30 20:11:22.570 V/vold    ( 1277): Waiting for FUSE to spin up...
04-30 20:11:22.631 V/vold    ( 1277): Waiting for FUSE to spin up...
04-30 20:11:22.686 V/vold    ( 1277): Waiting for FUSE to spin up...
04-30 20:11:22.693 V/SystemUIService( 1970): Starting SystemUI services for user 0.
04-30 20:11:22.737 V/vold    ( 1277): Waiting for FUSE to spin up...
04-30 20:11:22.778 V/WebViewFactory( 2005): RelroFileCreator (64bit = false),  32-bit lib: /system/app/webview/webview.apk!/lib/x86/libwebviewchromium.so, 64-bit lib: /system/app/webview/webview.apk!/lib/x86_64/libwebviewchromium.so
04-30 20:11:22.788 V/vold    ( 1277): Waiting for FUSE to spin up...
04-30 20:11:22.840 V/vold    ( 1277): Waiting for FUSE to spin up...
04-30 20:11:22.859 V/WebViewFactory( 2013): RelroFileCreator (64bit = true),  32-bit lib: /system/app/webview/webview.apk!/lib/x86/libwebviewchromium.so, 64-bit lib: /system/app/webview/webview.apk!/lib/x86_64/libwebviewchromium.so
04-30 20:11:22.900 V/vold    ( 1277): Waiting for FUSE to spin up...
04-30 20:11:22.960 V/vold    ( 1277): Waiting for FUSE to spin up...
04-30 20:11:23.015 V/vold    ( 1277): Waiting for FUSE to spin up...
04-30 20:11:23.123 V/vold    ( 1277): Waiting for FUSE to spin up...
04-30 20:11:23.180 V/vold    ( 1277): Waiting for FUSE to spin up...
04-30 20:11:23.182 V/MediaRouter( 1970): Adding route: RouteInfo{ name=Phone, description=null, status=null, category=RouteCategory{ name=null types=ROUTE_TYPE_LIVE_AUDIO ROUTE_TYPE_LIVE_VIDEO  groupable=false }, supportedTypes=ROUTE_TYPE_LIVE_AUDIO ROUTE_TYPE_LIVE_VIDEO , presentationDisplay=null }
04-30 20:11:23.234 V/MediaRouter( 1970): Updating audio routes: AudioRoutesInfo{ type=SPEAKER }
04-30 20:11:23.240 V/vold    ( 1277): Waiting for FUSE to spin up...
04-30 20:11:23.244 V/MediaRouter( 1970): Selecting route: RouteInfo{ name=Phone, description=null, status=null, category=RouteCategory{ name=null types=ROUTE_TYPE_LIVE_AUDIO ROUTE_TYPE_LIVE_VIDEO  groupable=false }, supportedTypes=ROUTE_TYPE_LIVE_AUDIO ROUTE_TYPE_LIVE_VIDEO , presentationDisplay=null }
04-30 20:11:23.291 V/vold    ( 1277): Waiting for FUSE to spin up...
04-30 20:11:23.342 V/vold    ( 1277): Waiting for FUSE to spin up...
04-30 20:11:23.378 W/sdcard  ( 2026): Device explicitly disabled sdcardfs
04-30 20:11:23.393 V/vold    ( 1277): Waiting for FUSE to spin up...
04-30 20:11:23.412 I/LatinIME( 1963): Hardware accelerated drawing: true
04-30 20:11:23.443 V/vold    ( 1277): Waiting for FUSE to spin up...
04-30 20:11:23.499 V/vold    ( 1277): Waiting for FUSE to spin up...
04-30 20:11:23.564 V/vold    ( 1277): Waiting for FUSE to spin up...
04-30 20:11:23.572 I/MediaPlayerService( 1335): MediaPlayerService::getOMX
04-30 20:11:23.573 I/OMXClient( 1335): MuxOMX ctor
04-30 20:11:23.597 I/OMXMaster( 1332): makeComponentInstance(OMX.google.amrnb.decoder) in mediacodec process
04-30 20:11:23.665 V/vold    ( 1277): Waiting for FUSE to spin up...
04-30 20:11:23.715 V/vold    ( 1277): Waiting for FUSE to spin up...
04-30 20:11:23.752 I/MediaPlayerService( 1335): MediaPlayerService::getOMX
04-30 20:11:23.753 I/OMXClient( 1335): MuxOMX ctor
04-30 20:11:23.754 I/OMXMaster( 1332): makeComponentInstance(OMX.google.amrwb.decoder) in mediacodec process
04-30 20:11:23.815 I/MediaPlayerService( 1335): MediaPlayerService::getOMX
04-30 20:11:23.816 I/OMXClient( 1335): MuxOMX ctor
04-30 20:11:23.817 I/OMXMaster( 1332): makeComponentInstance(OMX.google.aac.decoder) in mediacodec process
04-30 20:11:23.883 D/VoldConnector( 1678): RCV <- {651 emulated 2}
04-30 20:11:23.884 D/VoldConnector( 1678): RCV <- {200 5 Command succeeded}
04-30 20:11:23.885 E/VoldConnector( 1678): NDC Command {5 volume mount emulated 3 -1} took too long (1510ms)
04-30 20:11:23.887 D/VoldConnector( 1678): SND -> {6 volume mount public:253,48 2 0}
04-30 20:11:23.889 V/vold    ( 1277): /system/bin/blkid
04-30 20:11:23.889 V/vold    ( 1277):     -c
04-30 20:11:23.889 V/vold    ( 1277):     /dev/null
04-30 20:11:23.889 V/vold    ( 1277):     -s
04-30 20:11:23.889 V/vold    ( 1277):     TYPE
04-30 20:11:23.889 V/vold    ( 1277):     -s
04-30 20:11:23.889 V/vold    ( 1277):     UUID
04-30 20:11:23.889 V/vold    ( 1277):     -s
04-30 20:11:23.889 V/vold    ( 1277):     LABEL
04-30 20:11:23.889 V/vold    ( 1277):     /dev/block/vold/public:253,48
04-30 20:11:23.900 D/VoldConnector( 1678): RCV <- {651 public:253,48 1}
04-30 20:11:24.049 I/MediaPlayerService( 1335): MediaPlayerService::getOMX
04-30 20:11:24.121 I/OMXClient( 1335): MuxOMX ctor
04-30 20:11:24.122 I/OMXMaster( 1332): makeComponentInstance(OMX.google.g711.alaw.decoder) in mediacodec process
04-30 20:11:25.277 E/WVMExtractor( 1970): Failed to open libwvm.so: dlopen failed: library "libwvm.so" not found
04-30 20:11:25.646 I/art     ( 2005): System.exit called, status: 0
04-30 20:11:25.647 I/AndroidRuntime( 2005): VM exiting with result code 0, cleanup skipped.
04-30 20:11:25.713 V/vold    ( 1277): /dev/block/vold/public:253,48: LABEL="SDCARD" UUID="1EFF-1C1B" TYPE="vfat" 
04-30 20:11:25.713 V/vold    ( 1277): 
04-30 20:11:25.719 D/VoldConnector( 1678): RCV <- {652 public:253,48 vfat}
04-30 20:11:25.752 V/vold    ( 1277): /system/bin/fsck_msdos
04-30 20:11:25.752 V/vold    ( 1277):     -p
04-30 20:11:25.752 V/vold    ( 1277):     -f
04-30 20:11:25.752 V/vold    ( 1277):     /dev/block/vold/public:253,48
04-30 20:11:25.817 D/VoldConnector( 1678): RCV <- {653 public:253,48 1EFF-1C1B}
04-30 20:11:25.818 D/VoldConnector( 1678): RCV <- {654 public:253,48 SDCARD}
04-30 20:11:26.094 I/MediaPlayerService( 1335): MediaPlayerService::getOMX
04-30 20:11:26.130 I/OMXClient( 1335): MuxOMX ctor
04-30 20:11:26.135 I/OMXMaster( 1332): makeComponentInstance(OMX.google.g711.mlaw.decoder) in mediacodec process
04-30 20:11:26.224 I/art     ( 1963): Waiting for a blocking GC DisableMovingGc
04-30 20:11:26.265 I/art     ( 1963): WaitForGcToComplete blocked for 41.546ms for cause DisableMovingGc
04-30 20:11:26.265 I/art     ( 1963): Starting a blocking GC DisableMovingGc
04-30 20:11:26.394 I/fsck_msdos( 1277): ** /dev/block/vold/public:253,48
04-30 20:11:26.421 I/fsck_msdos( 1277): ** Phase 1 - Read and Compare FATs
04-30 20:11:26.423 I/fsck_msdos( 1277): Attempting to allocate 1046 KB for FAT
04-30 20:11:26.882 I/fsck_msdos( 1277): Attempting to allocate 1046 KB for FAT
04-30 20:11:27.141 I/art     ( 2013): System.exit called, status: 0
04-30 20:11:27.141 I/AndroidRuntime( 2013): VM exiting with result code 0, cleanup skipped.
04-30 20:11:27.301 W/InputAttributes( 1963): No editor info for this field. Bug?
04-30 20:11:27.371 E/NetdConnector( 1678): NDC Command {3 bandwidth enable} took too long (4918ms)
04-30 20:11:27.453 I/MediaPlayerService( 1335): MediaPlayerService::getOMX
04-30 20:11:27.454 I/OMXClient( 1335): MuxOMX ctor
