05-01 19:20:32.066 I/SystemServiceManager( 1979): Starting com.android.server.connectivity.MetricsLoggerService
05-01 19:20:32.077 I/SystemServer( 1979): IpConnectivityMetrics
05-01 19:20:32.078 I/SystemServiceManager( 1979): Starting com.android.server.connectivity.IpConnectivityMetrics
05-01 19:20:32.079 I/SystemServer( 1979): PinnerService
05-01 19:20:32.080 D/EventHub( 1979): No input device configuration file found for device 'Power Button'.
05-01 19:20:32.083 I/SystemServiceManager( 1979): Starting com.android.server.PinnerService
05-01 19:20:32.086 I/SystemServiceManager( 1979): Starting com.android.server.InputMethodManagerService$Lifecycle
05-01 19:20:32.127 W/EventHub( 1979): Unable to disable kernel key repeat for /dev/input/event0: Function not implemented
05-01 19:20:32.127 I/EventHub( 1979): New device: id=1, fd=91, path='/dev/input/event0', name='Power Button', classes=0x1, configuration='', keyLayout='/system/usr/keylayout/Generic.kl', keyCharacterMap='/system/usr/keychars/Generic.kcm', builtinKeyboard=false, wakeMechanism=EPOLLWAKEUP, usingClockIoctl=true
05-01 19:20:32.164 W/EventHub( 1979): Unable to disable kernel key repeat for /dev/input/event1: Function not implemented
05-01 19:20:32.164 I/EventHub( 1979): New device: id=2, fd=92, path='/dev/input/event1', name='qwerty2', classes=0x95, configuration='/system/usr/idc/qwerty2.idc', keyLayout='/system/usr/keylayout/qwerty.kl', keyCharacterMap='/system/usr/keychars/qwerty2.kcm', builtinKeyboard=true, wakeMechanism=EPOLLWAKEUP, usingClockIoctl=true
05-01 19:20:32.164 E/EventHub( 1979): could not get driver version for /dev/input/mice, Not a typewriter
05-01 19:20:32.334 I/InputReader( 1979): Device added: id=-1, name='Virtual', sources=0x00000301
05-01 19:20:32.338 I/InputReader( 1979):   Touch device 'qwerty2' could not query the properties of its associated display.  The device will be inoperable until the display size becomes available.
05-01 19:20:32.339 I/InputReader( 1979): Device added: id=0, name='qwerty2', sources=0x80001103
05-01 19:20:32.339 I/InputReader( 1979): Device added: id=1, name='Power Button', sources=0x00000101
05-01 19:20:32.863 I/SystemServer( 1979): StartAccessibilityManagerService
05-01 19:20:33.017 I/ActivityManager( 1979): Config changes=1df8 {1.0 ?mcc?mnc [en_US] ldltr sw360dp w360dp h640dp 480dpi nrml long port ?uimode ?night -touch -keyb/v/h -nav/h s.2}
05-01 19:20:33.128 I/ActivityManager( 1979): Config changes=500 {1.0 ?mcc?mnc [en_US] ldltr sw360dp w360dp h568dp 480dpi nrml port ?uimode ?night -touch -keyb/v/h -nav/h s.3}
05-01 19:20:33.274 I/ActivityManager( 1979): Config changes=8 {1.0 ?mcc?mnc [en_US] ldltr sw360dp w360dp h568dp 480dpi nrml port ?uimode ?night finger -keyb/v/h -nav/h s.4}
05-01 19:20:33.410 I/InputReader( 1979): Reconfiguring input devices.  changes=0x00000004
05-01 19:20:33.411 I/InputReader( 1979): Device reconfigured: id=0, name='qwerty2', size 1080x1920, orientation 0, mode 1, display id 0
05-01 19:20:33.471 I/SystemServiceManager( 1979): Starting com.android.server.MountService$Lifecycle
05-01 19:20:33.609 I/SystemServiceManager( 1979): Starting com.android.server.UiModeManagerService
05-01 19:20:33.624 D/MountService( 1979): Thinking about init, mSystemReady=false, mDaemonConnected=true
05-01 19:20:33.625 D/MountService( 1979): Thinking about reset, mSystemReady=false, mDaemonConnected=true
05-01 19:20:33.627 D/MountService( 1979): Thinking about init, mSystemReady=false, mDaemonConnected=true
05-01 19:20:33.628 D/MountService( 1979): Thinking about reset, mSystemReady=false, mDaemonConnected=true
05-01 19:20:33.631 D/CryptdConnector( 1979): SND -> {1 cryptfs getfield SystemLocale}
05-01 19:20:33.648 D/CryptdConnector( 1979): RCV <- {200 1 -1}
05-01 19:20:33.665 I/ActivityManager( 1979): Config changes=200 {1.0 ?mcc?mnc [en_US] ldltr sw360dp w360dp h568dp 480dpi nrml port finger -keyb/v/h -nav/h s.5}
05-01 19:20:33.744 W/MountService( 1979): No primary storage mounted!
05-01 19:20:33.744 D/VoldConnector( 1979): SND -> {1 asec list}
05-01 19:20:33.761 D/VoldConnector( 1979): RCV <- {200 1 asec operation succeeded}
05-01 19:20:33.787 I/PackageManager( 1979): No secure containers found
05-01 19:20:33.788 W/PackageManager( 1979): Unknown permission com.google.android.googleapps.permission.GOOGLE_AUTH in package com.android.providers.calendar
05-01 19:20:33.788 W/PackageManager( 1979): Unknown permission com.google.android.googleapps.permission.GOOGLE_AUTH.cl in package com.android.providers.calendar
05-01 19:20:33.789 W/PackageManager( 1979): Not granting permission android.permission.GLOBAL_SEARCH to package com.android.quicksearchbox (protectionLevel=18 flags=0x3808be45)
05-01 19:20:33.789 W/PackageManager( 1979): Not granting permission android.permission.WRITE_EXTERNAL_STORAGE to package gov.nasa.arc.astrobee.android.gs.manager because it was previously installed without
05-01 19:20:33.789 W/PackageManager( 1979): Not granting permission android.permission.READ_EXTERNAL_STORAGE to package gov.nasa.arc.astrobee.android.gs.manager because it was previously installed without
05-01 19:20:33.832 W/PackageManager( 1979): Unknown permission com.android.launcher.permission.READ_SETTINGS in package com.android.launcher3
05-01 19:20:33.832 W/PackageManager( 1979): Unknown permission com.android.launcher.permission.WRITE_SETTINGS in package com.android.launcher3
05-01 19:20:33.833 W/PackageManager( 1979): Not granting permission android.permission.BIND_APPWIDGET to package com.android.launcher3 (protectionLevel=18 flags=0x3c4bbe45)
05-01 19:20:33.833 W/PackageManager( 1979): Unknown permission com.google.android.googleapps.permission.GOOGLE_AUTH.mail in package com.android.calendar
05-01 19:20:33.833 W/PackageManager( 1979): Unknown permission com.google.android.providers.settings.permission.WRITE_GSETTINGS in package com.android.sdksetup
05-01 19:20:33.834 W/PackageManager( 1979): Unknown permission com.google.android.permission.INSTALL_WEARABLE_PACKAGES in package com.android.packageinstaller
05-01 19:20:33.834 W/PackageManager( 1979): Not granting permission android.permission.DELETE_PACKAGES to package com.svox.pico (protectionLevel=18 flags=0x3808be45)
05-01 19:20:33.834 W/PackageManager( 1979): Not granting permission android.permission.READ_CONTACTS to package com.example.android.apis because it was previously installed without
05-01 19:20:33.834 W/PackageManager( 1979): Not granting permission android.permission.WRITE_CONTACTS to package com.example.android.apis because it was previously installed without
05-01 19:20:33.834 W/PackageManager( 1979): Not granting permission android.permission.ACCESS_COARSE_LOCATION to package com.example.android.apis because it was previously installed without
05-01 19:20:33.834 W/PackageManager( 1979): Not granting permission android.permission.WRITE_EXTERNAL_STORAGE to package com.example.android.apis because it was previously installed without
05-01 19:20:33.834 W/PackageManager( 1979): Not granting permission android.permission.SEND_SMS to package com.example.android.apis because it was previously installed without
05-01 19:20:33.834 W/PackageManager( 1979): Not granting permission android.permission.RECEIVE_SMS to package com.example.android.apis because it was previously installed without
05-01 19:20:33.834 W/PackageManager( 1979): Not granting permission android.permission.RECEIVE_MMS to package com.example.android.apis because it was previously installed without
05-01 19:20:33.835 W/PackageManager( 1979): Not granting permission android.permission.READ_SMS to package com.example.android.apis because it was previously installed without
05-01 19:20:33.835 W/PackageManager( 1979): Not granting permission android.permission.READ_PHONE_STATE to package com.example.android.apis because it was previously installed without
05-01 19:20:33.835 W/PackageManager( 1979): Not granting permission android.permission.RECORD_AUDIO to package com.example.android.apis because it was previously installed without
05-01 19:20:33.835 W/PackageManager( 1979): Not granting permission android.permission.CAMERA to package com.example.android.apis because it was previously installed without
05-01 19:20:33.835 W/PackageManager( 1979): Not granting permission android.permission.READ_EXTERNAL_STORAGE to package com.example.android.apis because it was previously installed without
05-01 19:20:33.835 W/PackageManager( 1979): Unknown permission android.permission.RUN_INSTRUMENTATION in package org.chromium.webview_shell
05-01 19:20:33.835 W/PackageManager( 1979): Not granting permission android.permission.CAMERA to package jp.jaxa.iss.kibo.rpc.sampleapk because it was previously installed without
05-01 19:20:33.835 W/PackageManager( 1979): Not granting permission android.permission.WRITE_EXTERNAL_STORAGE to package jp.jaxa.iss.kibo.rpc.sampleapk because it was previously installed without
05-01 19:20:33.835 W/PackageManager( 1979): Not granting permission android.permission.READ_EXTERNAL_STORAGE to package jp.jaxa.iss.kibo.rpc.sampleapk because it was previously installed without
05-01 19:20:33.836 W/PackageManager( 1979): Unknown permission com.google.android.googleapps.permission.GOOGLE_AUTH in package com.android.settings
05-01 19:20:33.836 W/PackageManager( 1979): Unknown permission com.android.launcher.permission.READ_SETTINGS in package com.android.settings
05-01 19:20:33.836 W/PackageManager( 1979): Unknown permission com.android.launcher.permission.WRITE_SETTINGS in package com.android.settings
05-01 19:20:33.837 W/PackageManager( 1979): Unknown permission com.android.smspush.WAPPUSH_MANAGER_BIND in package com.android.phone
05-01 19:20:33.838 W/PackageManager( 1979): Unknown permission com.google.android.googleapps.permission.ACCESS_GOOGLE_PASSWORD in package com.android.development
05-01 19:20:33.838 W/PackageManager( 1979): Unknown permission com.google.android.googleapps.permission.GOOGLE_AUTH in package com.android.development
05-01 19:20:33.838 W/PackageManager( 1979): Unknown permission com.google.android.googleapps.permission.GOOGLE_AUTH.ALL_SERVICES in package com.android.development
05-01 19:20:33.838 W/PackageManager( 1979): Unknown permission com.google.android.googleapps.permission.GOOGLE_AUTH.YouTubeUser in package com.android.development
05-01 19:20:33.838 W/PackageManager( 1979): Not granting permission android.permission.BIND_APPWIDGET to package com.android.widgetpreview (protectionLevel=18 flags=0x3808be44)
05-01 19:20:33.862 I/SystemServer( 1979): StartLockSettingsService
05-01 19:20:33.867 I/SystemServiceManager( 1979): Starting com.android.server.LockSettingsService$Lifecycle
05-01 19:20:34.022 I/SystemServiceManager( 1979): Starting com.android.server.DeviceIdleController
05-01 19:20:34.361 W/MountService( 1979): No primary storage defined yet; hacking together a stub
05-01 19:20:34.366 W/MountService( 1979): No primary storage defined yet; hacking together a stub
05-01 19:20:34.371 W/MountService( 1979): No primary storage mounted!
05-01 19:20:34.381 I/SystemServiceManager( 1979): Starting com.android.server.devicepolicy.DevicePolicyManagerService$Lifecycle
05-01 19:20:34.407 D/VoldConnector( 1979): SND -> {2 asec list}
05-01 19:20:34.416 D/VoldConnector( 1979): RCV <- {200 2 asec operation succeeded}
05-01 19:20:34.455 I/SystemServer( 1979): StartStatusBarManagerService
05-01 19:20:34.483 I/SystemServer( 1979): StartClipboardService
05-01 19:20:34.494 I/SystemServer( 1979): StartNetworkManagementService
05-01 19:20:34.543 I/NetworkManagement( 1979): onDaemonConnected()
05-01 19:20:34.572 I/SystemServiceManager( 1979): Starting com.android.server.TextServicesManagerService$Lifecycle
05-01 19:20:34.644 I/SystemServer( 1979): StartNetworkScoreService
05-01 19:20:34.665 I/SystemServer( 1979): StartNetworkStatsService
05-01 19:20:34.742 I/SystemServer( 1979): StartNetworkPolicyManagerService
05-01 19:20:34.818 I/SystemServer( 1979): No Wi-Fi NAN Service (NAN support Not Present)
05-01 19:20:34.944 W/UsageStatsService( 1979): User[0] Some stats have no latest available
05-01 19:20:34.967 W/art     ( 1979): Verification of void com.android.server.wifi.p2p.WifiP2pService.<init>(android.content.Context) took 105.884ms
05-01 19:20:34.980 I/SystemServiceManager( 1979): Starting com.android.server.wifi.p2p.WifiP2pService
05-01 19:20:35.264 I/WifiP2pService( 1979): Registering wifip2p
05-01 19:20:35.269 I/SystemServiceManager( 1979): Starting com.android.server.wifi.WifiService
05-01 19:20:36.146 D/HS20    ( 1979): Passpoint is disabled
05-01 19:20:36.373 D/CommandListener( 1390): Clearing all IP addresses on wlan0
05-01 19:20:36.399 I/art     ( 1979): Background sticky concurrent mark sweep GC freed 34622(2MB) AllocSpace objects, 18(360KB) LOS objects, 24% free, 8MB/11MB, paused 3.656ms total 1.039s
05-01 19:20:36.421 I/UsageStatsService( 1979): User[0] Rollover scheduled @ 2021-05-02 19:20:33(1619983233070)
05-01 19:20:36.564 D/WifiApConfigStore( 1979): 2G band allowed channels are:1,6,11
05-01 19:20:36.580 W/art     ( 1979): Long monitor contention with owner WifiStateMachine (2209) at boolean com.android.server.wifi.WifiNative.unloadDriverNative()(WifiNative.java:-2) waiters=0 in java.lang.String com.android.server.wifi.WifiNative.doStringCommand(java.lang.String) for 199ms
05-01 19:20:36.582 E/WifiLogger( 1979): no ring buffers found
05-01 19:20:36.582 E/WifiLogger( 1979): Failed to start packet fate monitoring
05-01 19:20:36.611 D/WifiController( 1979): isAirplaneModeOn = true, isWifiEnabled = false, isScanningAvailable = false
05-01 19:20:36.617 I/WifiService( 1979): Registering wifi
05-01 19:20:36.672 I/SystemServiceManager( 1979): Starting com.android.server.wifi.scanner.WifiScanningService
05-01 19:20:36.672 I/WifiScanningService( 1979): Creating wifiscanner
05-01 19:20:36.679 I/WifiScanningService( 1979): Publishing wifiscanner
05-01 19:20:36.694 I/SystemServiceManager( 1979): Starting com.android.server.wifi.RttService
05-01 19:20:36.701 I/RttService( 1979): Creating rttmanager
05-01 19:20:36.704 I/RttService( 1979): Starting rttmanager
05-01 19:20:36.706 I/SystemServer( 1979): StartConnectivityService
05-01 19:20:36.755 D/ConnectivityService( 1979): ConnectivityService starting up
05-01 19:20:36.773 D/ConnectivityService( 1979): wifiOnly=false
05-01 19:20:36.875 I/SystemServer( 1979): StartNsdService
05-01 19:20:36.899 I/SystemServer( 1979): StartUpdateLockService
05-01 19:20:36.915 I/SystemServiceManager( 1979): Starting com.android.server.RecoverySystemService
05-01 19:20:36.951 I/SystemServiceManager( 1979): Starting com.android.server.notification.NotificationManagerService
05-01 19:20:37.213 D/ConditionProviders.SCP( 1979): new ScheduleConditionProvider()
05-01 19:20:37.323 D/ZenLog  ( 1979): config: readXml,ZenModeConfig[user=0,allowCalls=true,allowRepeatCallers=false,allowMessages=false,allowCallsFrom=contacts,allowMessagesFrom=contacts,allowReminders=true,allowEvents=true,allowWhenScreenOff=true,allowWhenScreenOn=true,automaticRules={370bd6672ef541ba946db9ac4aef0faf=ZenRule[enabled=false,snoozing=false,name=Weeknight,zenMode=ZEN_MODE_ALARMS,conditionId=condition://android/schedule?days=1.2.3.4.5&start=22.0&end=7.0&exitAtAlarm=false,condition=Condition[id=condition://android/schedule?days=1.2.3.4.5&start=22.0&end=7.0&exitAtAlarm=false,summary=...,line1=...,line2=...,icon=0,state=STATE_FALSE,flags=2],component=ComponentInfo{android/com.android.server.notification.ScheduleConditionProvider},id=370bd6672ef541ba946db9ac4aef0faf,creationTime=1590622727817,enabler=null], a53ffdf89c814123a52adbdd46bc948d=ZenRule[enabled=false,snoozing=false,name=Weekend,zenMode=ZEN_MODE_ALARMS,conditionId=condition://android/schedule?days=6.7&start=23.30&end=10.0&exitAtAlarm=false,condition=Condition[id=condition://android/schedule?days=6.7&start=23.30&end=10.0&exitAtAlarm=false,summary=...,line1=...,line2=...,icon=0,state=STATE_FALSE,flags=2],component=ComponentInfo{android/com.android.server.notification.ScheduleConditionProvider},id=a53ffdf89c814123a52adbdd46bc948d,creationTime=1590622727818,enabler=null], fc8bb1aacabb4877a1d1d167106f6e77=ZenRule[enabled=false,snoozing=false,name=Event,zenMode=ZEN_MODE_ALARMS,conditionId=condition://android/event?userId=-10000&calendar=&reply=1,condition=Condition[id=condition://android/event?userId=-10000&calendar=&reply=1,summary=...,line1=...,line2=...,icon=0,state=STATE_FALSE,flags=2],component=ComponentInfo{android/com.android.server.notification.EventConditionProvider},id=fc8bb1aacabb4877a1d1d167106f6e77,creationTime=1590622727822,enabler=null]},manualRule=null],Diff[automaticRule[370bd6672ef541ba946db9ac4aef0faf]:insert,automaticRule[430f07c8f6664db298a0fe17e2bf6045]:delete,automaticRule[a53ffdf89c814123a52adbdd46bc948d]:insert,automaticRule[0a4dd7c660034c90bc4b6b85ee5d89a7]:delete,automaticRule[5507381f18134faaa22e9c8aa2ba71b3]:delete,automaticRule[fc8bb1aacabb4877a1d1d167106f6e77]:insert]
05-01 19:20:37.490 W/ActivityManager( 1979): Slow operation: 82ms so far, now at startProcess: creating new process record
05-01 19:20:37.492 W/ActivityManager( 1979): Slow operation: 84ms so far, now at startProcess: done creating new process record
05-01 19:20:37.492 W/ActivityManager( 1979): Slow operation: 84ms so far, now at startProcess: returning with proc on hold
05-01 19:20:37.495 D/ZenLog  ( 1979): set_zen_mode: off,init
05-01 19:20:37.539 I/SystemServiceManager( 1979): Starting com.android.server.storage.DeviceStorageMonitorService
05-01 19:20:37.591 I/SystemServer( 1979): StartLocationManagerService
05-01 19:20:37.623 I/SystemServer( 1979): StartCountryDetectorService
05-01 19:20:37.633 I/SystemServer( 1979): StartSearchManagerService
05-01 19:20:37.633 I/SystemServiceManager( 1979): Starting com.android.server.search.SearchManagerService$Lifecycle
05-01 19:20:37.691 I/SystemServiceManager( 1979): Starting com.android.server.DropBoxManagerService
05-01 19:20:37.698 I/SystemServer( 1979): StartWallpaperManagerService
05-01 19:20:37.698 I/SystemServiceManager( 1979): Starting com.android.server.wallpaper.WallpaperManagerService$Lifecycle
05-01 19:20:37.735 E/BitmapFactory( 1979): Unable to decode stream: java.io.FileNotFoundException: /data/system/users/0/wallpaper_orig (No such file or directory)
05-01 19:20:37.735 E/WallpaperManagerService( 1979): Invalid wallpaper data
05-01 19:20:37.736 E/WallpaperManagerService( 1979): Unable to apply new wallpaper
05-01 19:20:37.754 I/SystemServer( 1979): StartAudioService
05-01 19:20:37.755 I/SystemServiceManager( 1979): Starting com.android.server.audio.AudioService$Lifecycle
05-01 19:20:37.871 W/TelecomManager( 1979): Telecom Service not found.
05-01 19:20:37.966 D/PermissionCache( 1371): checking android.permission.MODIFY_AUDIO_SETTINGS for uid=1000 => granted (1096 us)
05-01 19:20:37.980 D/PermissionCache( 1371): checking android.permission.MODIFY_AUDIO_SETTINGS for uid=1000 => granted (82635 us)
05-01 19:20:38.116 W/AudioFlinger( 1371): no wake lock to update, system not ready yet
05-01 19:20:38.272 I/SystemServiceManager( 1979): Starting com.android.server.DockObserver
05-01 19:20:38.274 W/DockObserver( 1979): This kernel does not have dock station support
05-01 19:20:38.296 I/SystemServer( 1979): StartWiredAccessoryManager
05-01 19:20:38.307 W/WiredAccessoryManager( 1979): This kernel does not have usb audio support
05-01 19:20:38.308 W/WiredAccessoryManager( 1979): This kernel does not have HDMI audio support
05-01 19:20:38.308 I/SystemServiceManager( 1979): Starting com.android.server.midi.MidiService$Lifecycle
05-01 19:20:38.324 I/SystemServiceManager( 1979): Starting com.android.server.usb.UsbService$Lifecycle
05-01 19:20:38.392 I/SystemServer( 1979): StartSerialService
05-01 19:20:38.396 E/HardwarePropertiesManagerService-JNI( 1979): Couldn't load thermal module (No such file or directory)
05-01 19:20:38.398 I/SystemServiceManager( 1979): Starting com.android.server.twilight.TwilightService
05-01 19:20:38.410 I/SystemServiceManager( 1979): Starting com.android.server.job.JobSchedulerService
05-01 19:20:38.454 I/SystemServiceManager( 1979): Starting com.android.server.soundtrigger.SoundTriggerService
05-01 19:20:38.462 I/SystemServiceManager( 1979): Starting com.android.server.backup.BackupManagerService$Lifecycle
05-01 19:20:38.483 I/SystemServiceManager( 1979): Starting com.android.server.appwidget.AppWidgetService
05-01 19:20:38.509 I/SystemServiceManager( 1979): Starting com.android.server.voiceinteraction.VoiceInteractionManagerService
05-01 19:20:38.538 I/SystemServer( 1979): Gesture Launcher Service
05-01 19:20:38.538 I/SystemServiceManager( 1979): Starting com.android.server.GestureLauncherService
05-01 19:20:38.539 I/SystemServiceManager( 1979): Starting com.android.server.SensorNotificationService
05-01 19:20:38.551 I/SystemServiceManager( 1979): Starting com.android.server.ContextHubSystemService
05-01 19:20:38.561 E/ContextHubService( 1979): ** Could not load context_hub module : err No such file or directory
05-01 19:20:38.561 W/ContextHubService( 1979): No Context Hub Module present
05-01 19:20:38.562 I/SystemServer( 1979): StartDiskStatsService
05-01 19:20:38.568 I/SystemServer( 1979): StartSamplingProfilerService
05-01 19:20:38.612 I/SystemServer( 1979): StartNetworkTimeUpdateService
05-01 19:20:38.616 I/SystemServer( 1979): StartCommonTimeManagementService
05-01 19:20:38.633 I/SystemServer( 1979): CertBlacklister
05-01 19:20:38.636 I/SystemServiceManager( 1979): Starting com.android.server.emergency.EmergencyAffordanceService
05-01 19:20:38.639 I/SystemServiceManager( 1979): Starting com.android.server.dreams.DreamManagerService
05-01 19:20:38.725 I/SystemServer( 1979): StartAssetAtlasService
05-01 19:20:38.783 I/SystemServiceManager( 1979): Starting com.android.server.print.PrintManagerService
05-01 19:20:38.871 I/SystemServiceManager( 1979): Starting com.android.server.restrictions.RestrictionsManagerService
05-01 19:20:38.876 I/SystemServiceManager( 1979): Starting com.android.server.media.MediaSessionService
05-01 19:20:38.881 D/AssetAtlas( 1979): Loaded configuration: SliceMinArea (1280x896) flags=0x2 count=91
05-01 19:20:38.919 I/SystemServer( 1979): StartMediaRouterService
05-01 19:20:38.934 I/SystemServiceManager( 1979): Starting com.android.server.trust.TrustManagerService
05-01 19:20:38.964 I/SystemServiceManager( 1979): Starting com.android.server.fingerprint.FingerprintService
05-01 19:20:39.024 D/gralloc_ranchu( 1979): Emulator without host-side GPU emulation detected. Loading gralloc.default.so from /vendor/lib64/hw/gralloc.goldfish.default.so...
05-01 19:20:39.028 D/gralloc_ranchu( 1979): gralloc.default.so not found in /vendor. Trying /system/lib64/hw/gralloc.goldfish.default.so...
05-01 19:20:39.234 D/PermissionCache( 1393): checking android.permission.MANAGE_FINGERPRINT for uid=1000 => granted (21471 us)
05-01 19:20:39.238 V/fingerprintd( 1393): nativeOpenHal()
05-01 19:20:39.267 D/FingerprintHal( 1393): ----------------> fingerprint_open ----------------->
05-01 19:20:39.269 E/fingerprintd( 1393): Wrong fp version. Expected 512, got 513
05-01 19:20:39.269 D/FingerprintHal( 1393): ----------------> set_notify_callback ----------------->
05-01 19:20:39.269 D/FingerprintHal( 1393): fingerprint callback notification set
05-01 19:20:39.269 V/fingerprintd( 1393): fingerprint HAL successfully initialized
05-01 19:20:39.274 D/FingerprintHal( 1393): ----------------> listenerFunction ----------------->
05-01 19:20:39.310 V/fingerprintd( 1393): setActiveGroup(0, /data/system/users/0/fpdata, 27)
05-01 19:20:39.310 D/FingerprintHal( 1393): ----------------> fingerprint_set_active_group -----------------> path /data/system/users/0/fpdata
05-01 19:20:39.311 D/FingerprintHal( 1393): ----------------> loadFingerprints ----------------->
05-01 19:20:39.311 E/FingerprintHal( 1393): Could not load fingerprints from storage at /data/system/users/0/fpdata/emufp.bin; it has not yet been created.
05-01 19:20:39.311 D/FingerprintHal( 1393): ----------------> loadAuthenticatorId ----------------->
05-01 19:20:39.320 D/FingerprintHal( 1393): Read authenticator id (0x6b8b4567327b23c6)
05-01 19:20:39.321 D/FingerprintHal( 1393): ----------------> fingerprint_get_auth_id ----------------->
05-01 19:20:39.321 D/FingerprintHal( 1393): ----------------> fingerprint_get_auth_id auth id 6b8b4567327b23c6----------------->
05-01 19:20:39.322 V/FingerprintService( 1979): Fingerprint HAL id: 138361476268032
05-01 19:20:39.324 I/SystemServer( 1979): StartBackgroundDexOptService
05-01 19:20:39.386 I/SystemServiceManager( 1979): Starting com.android.server.pm.ShortcutService$Lifecycle
05-01 19:20:39.429 I/SystemServiceManager( 1979): Starting com.android.server.pm.LauncherAppsService
05-01 19:20:39.454 I/SystemServiceManager( 1979): Starting com.android.server.media.projection.MediaProjectionManagerService
05-01 19:20:39.513 V/MediaRouter( 1979): Adding route: RouteInfo{ name=Phone, description=null, status=null, category=RouteCategory{ name=null types=ROUTE_TYPE_LIVE_AUDIO ROUTE_TYPE_LIVE_VIDEO  groupable=false }, supportedTypes=ROUTE_TYPE_LIVE_AUDIO ROUTE_TYPE_LIVE_VIDEO , presentationDisplay=null }
05-01 19:20:39.519 V/MediaRouter( 1979): Updating audio routes: AudioRoutesInfo{ type=SPEAKER }
05-01 19:20:39.534 W/AssetAtlasService( 1979): Could not find EGL configuration
05-01 19:20:39.537 D/AssetAtlas( 1979): Rendered atlas in 431.58ms (428.85+2.73ms)
05-01 19:20:39.553 V/MediaRouter( 1979): Selecting route: RouteInfo{ name=Phone, description=null, status=null, category=RouteCategory{ name=null types=ROUTE_TYPE_LIVE_AUDIO ROUTE_TYPE_LIVE_VIDEO  groupable=false }, supportedTypes=ROUTE_TYPE_LIVE_AUDIO ROUTE_TYPE_LIVE_VIDEO , presentationDisplay=null }
05-01 19:20:39.570 I/WindowManager( 1979): SAFE MODE not enabled
05-01 19:20:39.571 I/SystemServiceManager( 1979): Starting com.android.server.MmsServiceBroker
05-01 19:20:39.591 W/VibratorService( 1979): Tried to stop vibrating but there is no vibrator device.
05-01 19:20:39.845 I/art     ( 1979): Background partial concurrent mark sweep GC freed 18028(1385KB) AllocSpace objects, 7(140KB) LOS objects, 24% free, 12MB/16MB, paused 1.226ms total 754.478ms
05-01 19:20:40.164 E/LockSettingsStorage( 1979): Cannot read file java.io.FileNotFoundException: /data/system/gatekeeper.password.key: open failed: ENOENT (No such file or directory)
05-01 19:20:40.166 E/LockSettingsStorage( 1979): Cannot read file java.io.FileNotFoundException: /data/system/password.key: open failed: ENOENT (No such file or directory)
05-01 19:20:40.172 E/LockSettingsStorage( 1979): Cannot read file java.io.FileNotFoundException: /data/system/gatekeeper.pattern.key: open failed: ENOENT (No such file or directory)
05-01 19:20:40.191 E/LockSettingsStorage( 1979): Cannot read file java.io.FileNotFoundException: /data/system/gatekeeper.gesture.key: open failed: ENOENT (No such file or directory)
05-01 19:20:40.193 E/LockSettingsStorage( 1979): Cannot read file java.io.FileNotFoundException: /data/system/gesture.key: open failed: ENOENT (No such file or directory)
05-01 19:20:40.193 I/SystemServiceManager( 1979): Starting phase 480
05-01 19:20:40.245 I/DevicePolicyManagerService( 1979): Set ro.device_owner property to false
05-01 19:20:40.261 I/SystemServiceManager( 1979): Starting phase 500
05-01 19:20:40.295 D/ConnectivityMetricsLoggerService( 1979): onBootPhase: PHASE_SYSTEM_SERVICES_READY
05-01 19:20:40.391 I/WifiService( 1979): WifiService starting up with Wi-Fi disabled
05-01 19:20:40.401 I/WifiScanningService( 1979): Starting wifiscanner
05-01 19:20:40.454 I/RttService( 1979): Registering rttmanager
05-01 19:20:40.521 D/ZenLog  ( 1979): config: cleanUpZenRules,ZenModeConfig[user=0,allowCalls=true,allowRepeatCallers=false,allowMessages=false,allowCallsFrom=contacts,allowMessagesFrom=contacts,allowReminders=true,allowEvents=true,allowWhenScreenOff=true,allowWhenScreenOn=true,automaticRules={370bd6672ef541ba946db9ac4aef0faf=ZenRule[enabled=false,snoozing=false,name=Weeknight,zenMode=ZEN_MODE_ALARMS,conditionId=condition://android/schedule?days=1.2.3.4.5&start=22.0&end=7.0&exitAtAlarm=false,condition=Condition[id=condition://android/schedule?days=1.2.3.4.5&start=22.0&end=7.0&exitAtAlarm=false,summary=...,line1=...,line2=...,icon=0,state=STATE_FALSE,flags=2],component=ComponentInfo{android/com.android.server.notification.ScheduleConditionProvider},id=370bd6672ef541ba946db9ac4aef0faf,creationTime=1590622727817,enabler=null], a53ffdf89c814123a52adbdd46bc948d=ZenRule[enabled=false,snoozing=false,name=Weekend,zenMode=ZEN_MODE_ALARMS,conditionId=condition://android/schedule?days=6.7&start=23.30&end=10.0&exitAtAlarm=false,condition=Condition[id=condition://android/schedule?days=6.7&start=23.30&end=10.0&exitAtAlarm=false,summary=...,line1=...,line2=...,icon=0,state=STATE_FALSE,flags=2],component=ComponentInfo{android/com.android.server.notification.ScheduleConditionProvider},id=a53ffdf89c814123a52adbdd46bc948d,creationTime=1590622727818,enabler=null], fc8bb1aacabb4877a1d1d167106f6e77=ZenRule[enabled=false,snoozing=false,name=Event,zenMode=ZEN_MODE_ALARMS,conditionId=condition://android/event?userId=-10000&calendar=&reply=1,condition=Condition[id=condition://android/event?userId=-10000&calendar=&reply=1,summary=...,line1=...,line2=...,icon=0,state=STATE_FALSE,flags=2],component=ComponentInfo{android/com.android.server.notification.EventConditionProvider},id=fc8bb1aacabb4877a1d1d167106f6e77,creationTime=1590622727822,enabler=null]},manualRule=null],Diff[]
05-01 19:20:40.521 D/ZenLog  ( 1979): set_zen_mode: off,onSystemReady
05-01 19:20:40.539 D/PermissionCache( 1371): checking android.permission.CAPTURE_AUDIO_HOTWORD for uid=1000 => granted (798 us)
05-01 19:20:40.542 W/SoundTriggerHelper( 1979): listModules status=0, # of modules=0
05-01 19:20:40.542 D/ContextHubSystemService( 1979): onBootPhase: PHASE_SYSTEM_SERVICES_READY
05-01 19:20:40.937 W/KeyguardServiceDelegate( 1979): onScreenTurningOn(): no keyguard service!
05-01 19:20:40.995 V/UserManagerService( 1979): Found /data/user_de/0 with serial number 0
05-01 19:20:40.996 V/UserManagerService( 1979): Found /data/user/0 with serial number 0
05-01 19:20:40.997 V/UserManagerService( 1979): Found /data/system_de/0 with serial number 0
05-01 19:20:40.997 V/UserManagerService( 1979): Found /data/system_ce/0 with serial number 0
05-01 19:20:41.897 I/ActivityManager( 1979): System now ready
05-01 19:20:41.946 W/WindowManager( 1979): Keyguard drawn timeout. Setting mKeyguardDrawComplete
05-01 19:20:42.179 I/SystemServer( 1979): Making services ready
05-01 19:20:42.179 I/SystemServiceManager( 1979): Starting phase 550
05-01 19:20:42.753 E/InputMethodManagerService( 1979): Ignoring updateSystemUiLocked due to an invalid token. uid:1000 token:null
05-01 19:20:43.170 I/Zygote  ( 1979): Process: zygote socket opened, supported ABIS: x86_64
05-01 19:20:43.284 W/ActivityManager( 1979): Slow operation: 169ms so far, now at startProcess: returned from zygote!
05-01 19:20:43.285 W/ActivityManager( 1979): Slow operation: 170ms so far, now at startProcess: done updating battery stats
05-01 19:20:43.286 W/ActivityManager( 1979): Slow operation: 171ms so far, now at startProcess: building log message
05-01 19:20:43.287 I/ActivityManager( 1979): Start proc 2244:com.android.inputmethod.latin/u0a41 for service com.android.inputmethod.latin/.LatinIME
05-01 19:20:43.287 W/ActivityManager( 1979): Slow operation: 172ms so far, now at startProcess: starting to update pids map
05-01 19:20:43.287 W/ActivityManager( 1979): Slow operation: 172ms so far, now at startProcess: done updating pids map
05-01 19:20:43.288 W/ActivityManager( 1979): Slow operation: 174ms so far, now at startProcess: done starting proc!
05-01 19:20:43.289 V/InputMethodManagerService( 1979): Adding window token: android.os.Binder@4379226
05-01 19:20:43.318 E/BitmapFactory( 1979): Unable to decode stream: java.io.FileNotFoundException: /data/system/users/0/wallpaper_orig (No such file or directory)
05-01 19:20:43.318 E/WallpaperManagerService( 1979): Invalid wallpaper data
05-01 19:20:43.318 E/WallpaperManagerService( 1979): Unable to apply new wallpaper
05-01 19:20:43.360 D/MountService( 1979): Thinking about init, mSystemReady=true, mDaemonConnected=true
05-01 19:20:43.361 D/MountService( 1979): Setting up emulation state, initlocked=false
05-01 19:20:43.362 D/CryptdConnector( 1979): SND -> {2 cryptfs unlock_user_key 0 0 ! !}
05-01 19:20:43.412 D/vold    ( 1277): e4crypt_unlock_user_key 0 serial=0 token_present=0
05-01 19:20:43.460 D/CryptdConnector( 1979): RCV <- {200 2 Command succeeded}
05-01 19:20:43.463 D/MountService( 1979): Thinking about reset, mSystemReady=true, mDaemonConnected=true
05-01 19:20:43.466 D/VoldConnector( 1979): SND -> {3 volume reset}
05-01 19:20:43.489 D/VoldConnector( 1979): RCV <- {651 emulated 7}
05-01 19:20:43.507 D/VoldConnector( 1979): RCV <- {659 emulated}
05-01 19:20:43.521 D/VoldConnector( 1979): RCV <- {650 emulated 2 "" ""}
05-01 19:20:43.531 D/VoldConnector( 1979): RCV <- {651 emulated 0}
05-01 19:20:43.532 D/VoldConnector( 1979): RCV <- {651 public:253,48 7}
05-01 19:20:43.533 D/VoldConnector( 1979): RCV <- {659 public:253,48}
05-01 19:20:43.533 D/VoldConnector( 1979): RCV <- {649 disk:253,48}
05-01 19:20:43.534 D/VoldConnector( 1979): RCV <- {640 disk:253,48 5}
05-01 19:20:43.563 V/MountService( 1979): Found primary storage at VolumeInfo{emulated}:
05-01 19:20:43.563 V/MountService( 1979):     type=EMULATED diskId=null partGuid=null mountFlags=0 mountUserId=-1 
05-01 19:20:43.563 V/MountService( 1979):     state=UNMOUNTED 
05-01 19:20:43.563 V/MountService( 1979):     fsType=null fsUuid=null fsLabel=null 
05-01 19:20:43.563 V/MountService( 1979):     path=null internalPath=null 
05-01 19:20:43.590 D/vold    ( 1277): Recognized experimental block major ID 253 as virtio-blk (emulator's virtual SD card device)
05-01 19:20:43.591 D/VoldConnector( 1979): RCV <- {641 disk:253,48 549453824}
05-01 19:20:43.593 V/vold    ( 1277): /system/bin/sgdisk
05-01 19:20:43.593 V/vold    ( 1277):     --android-dump
05-01 19:20:43.593 V/vold    ( 1277):     /dev/block/vold/disk:253,48
05-01 19:20:43.595 D/VoldConnector( 1979): RCV <- {642 disk:253,48 Virtual}
05-01 19:20:43.596 D/VoldConnector( 1979): RCV <- {644 disk:253,48 /sys//devices/pci0000:00/0000:00:06.0/virtio3/block/vdd}
05-01 19:20:43.604 W/ActivityManager( 1979): Slow operation: 184ms so far, now at startProcess: returned from zygote!
05-01 19:20:43.610 W/ActivityManager( 1979): Slow operation: 190ms so far, now at startProcess: done updating battery stats
05-01 19:20:43.611 W/ActivityManager( 1979): Slow operation: 191ms so far, now at startProcess: building log message
05-01 19:20:43.611 I/ActivityManager( 1979): Start proc 2250:com.android.systemui/u0a21 for service com.android.systemui/.ImageWallpaper
05-01 19:20:43.611 W/ActivityManager( 1979): Slow operation: 191ms so far, now at startProcess: starting to update pids map
05-01 19:20:43.611 W/ActivityManager( 1979): Slow operation: 191ms so far, now at startProcess: done updating pids map
05-01 19:20:43.611 W/ActivityManager( 1979): Slow operation: 215ms so far, now at startProcess: done starting proc!
05-01 19:20:43.647 W/art     ( 2250): Unexpected CPU variant for X86 using defaults: x86_64
05-01 19:20:43.685 D/UsbAlsaManager( 1979): Adding ALSA device AlsaDevice: [card: 0, device: 0, type: 1]
05-01 19:20:43.685 D/UsbAlsaManager( 1979): Adding ALSA device AlsaDevice: [card: 0, device: 0, type: 2]
05-01 19:20:43.689 W/art     ( 2244): Unexpected CPU variant for X86 using defaults: x86_64
05-01 19:20:43.704 W/art     ( 1979): Long monitor contention with owner main (1979) at int com.android.server.am.ActivityManagerService.bindService(android.app.IApplicationThread, android.os.IBinder, android.content.Intent, java.lang.String, android.app.IServiceConnection, int, java.lang.String, int)(ActivityManagerService.java:17301) waiters=0 in void com.android.server.am.ActivityManagerService.dispatchUidsChanged() for 191ms
05-01 19:20:43.708 W/art     ( 1979): Long monitor contention with owner main (1979) at int com.android.server.am.ActivityManagerService.bindService(android.app.IApplicationThread, android.os.IBinder, android.content.Intent, java.lang.String, android.app.IServiceConnection, int, java.lang.String, int)(ActivityManagerService.java:17301) waiters=1 in void com.android.server.am.ActivityManagerService$MainHandler.handleMessage(android.os.Message) for 149ms
05-01 19:20:43.709 I/ActivityManager( 1979): Force stopping com.android.providers.media appid=10010 user=-1: vold reset
05-01 19:20:43.742 I/SystemServer( 1979): WebViewFactory preparation
05-01 19:20:43.819 E/BluetoothAdapter( 1979): Bluetooth binder is null
05-01 19:20:43.839 D/WebViewFactory( 1979): Setting new address space to 114394000
05-01 19:20:44.190 I/Zygote  ( 1979): Process: zygote socket opened, supported ABIS: x86
05-01 19:20:44.394 I/art     ( 1370): Starting a blocking GC Background
05-01 19:20:44.632 V/vold    ( 1277): DISK mbr
05-01 19:20:44.632 V/vold    ( 1277): 
05-01 19:20:44.664 I/art     ( 1370): Background concurrent mark sweep GC freed 125(16KB) AllocSpace objects, 0(0B) LOS objects, 39% free, 6MB/10MB, paused 1.729ms total 265.330ms
05-01 19:20:44.771 W/vold    ( 1277): disk:253,48 has unknown partition table; trying entire device
05-01 19:20:44.771 V/vold    ( 1277): /system/bin/blkid
05-01 19:20:44.771 V/vold    ( 1277):     -c
05-01 19:20:44.771 V/vold    ( 1277):     /dev/null
05-01 19:20:44.771 V/vold    ( 1277):     -s
05-01 19:20:44.771 V/vold    ( 1277):     TYPE
05-01 19:20:44.771 V/vold    ( 1277):     -s
05-01 19:20:44.771 V/vold    ( 1277):     UUID
05-01 19:20:44.771 V/vold    ( 1277):     -s
05-01 19:20:44.771 V/vold    ( 1277):     LABEL
05-01 19:20:44.771 V/vold    ( 1277):     /dev/block/vold/disk:253,48
05-01 19:20:44.965 W/ActivityManager( 1979): Slow operation: 1040ms so far, now at startProcess: returned from zygote!
05-01 19:20:44.966 W/ActivityManager( 1979): Slow operation: 1041ms so far, now at startProcess: done updating battery stats
05-01 19:20:44.966 W/ActivityManager( 1979): Slow operation: 1041ms so far, now at startProcess: building log message
05-01 19:20:44.966 I/ActivityManager( 1979): Start proc 2280:WebViewLoader-x86/1037 [android.webkit.WebViewFactory$RelroFileCreator] for 
05-01 19:20:44.966 W/ActivityManager( 1979): Slow operation: 1041ms so far, now at startProcess: starting to update pids map
05-01 19:20:44.966 W/ActivityManager( 1979): Slow operation: 1041ms so far, now at startProcess: done updating pids map
05-01 19:20:44.966 W/ActivityManager( 1979): Slow operation: 1042ms so far, now at startProcess: done starting proc!
05-01 19:20:44.967 W/art     ( 1979): Long monitor contention with owner main (1979) at int com.android.server.am.ActivityManagerService.startIsolatedProcess(java.lang.String, java.lang.String[], java.lang.String, java.lang.String, int, java.lang.Runnable)(ActivityManagerService.java:3509) waiters=0 in void com.android.server.am.ActivityManagerService.dispatchUidsChanged() for 1.042s
05-01 19:20:44.980 W/art     ( 1979): Long monitor contention with owner main (1979) at int com.android.server.am.ActivityManagerService.startIsolatedProcess(java.lang.String, java.lang.String[], java.lang.String, java.lang.String, int, java.lang.Runnable)(ActivityManagerService.java:3509) waiters=1 in int com.android.server.am.ActivityManagerService.broadcastIntent(android.app.IApplicationThread, android.content.Intent, java.lang.String, android.content.IIntentReceiver, int, java.lang.String, android.os.Bundle, java.lang.String[], int, android.os.Bundle, boolean, boolean, int) for 1.028s
05-01 19:20:44.981 W/art     ( 1979): Long monitor contention with owner main (1979) at int com.android.server.am.ActivityManagerService.startIsolatedProcess(java.lang.String, java.lang.String[], java.lang.String, java.lang.String, int, java.lang.Runnable)(ActivityManagerService.java:3509) waiters=2 in void com.android.server.am.ActivityManagerService.attachApplication(android.app.IApplicationThread) for 838ms
05-01 19:20:45.042 W/art     ( 2280): Unexpected CPU variant for X86 using defaults: x86
05-01 19:20:45.087 W/art     ( 2286): Unexpected CPU variant for X86 using defaults: x86_64
05-01 19:20:45.109 W/ActivityManager( 1979): Slow operation: 139ms so far, now at startProcess: returned from zygote!
05-01 19:20:45.109 W/ActivityManager( 1979): Slow operation: 140ms so far, now at startProcess: done updating battery stats
05-01 19:20:45.109 W/ActivityManager( 1979): Slow operation: 140ms so far, now at startProcess: building log message
05-01 19:20:45.109 I/ActivityManager( 1979): Start proc 2286:WebViewLoader-x86_64/1037 [android.webkit.WebViewFactory$RelroFileCreator] for 
05-01 19:20:45.109 W/ActivityManager( 1979): Slow operation: 140ms so far, now at startProcess: starting to update pids map
05-01 19:20:45.109 W/ActivityManager( 1979): Slow operation: 140ms so far, now at startProcess: done updating pids map
05-01 19:20:45.109 W/ActivityManager( 1979): Slow operation: 141ms so far, now at startProcess: done starting proc!
05-01 19:20:45.120 W/art     ( 1979): Long monitor contention with owner main (1979) at int com.android.server.am.ActivityManagerService.startIsolatedProcess(java.lang.String, java.lang.String[], java.lang.String, java.lang.String, int, java.lang.Runnable)(ActivityManagerService.java:3509) waiters=3 in void com.android.server.am.ActivityManagerService.attachApplication(android.app.IApplicationThread) for 948ms
05-01 19:20:45.194 W/art     ( 1979): Long monitor contention with owner main (1979) at int com.android.server.am.ActivityManagerService.startIsolatedProcess(java.lang.String, java.lang.String[], java.lang.String, java.lang.String, int, java.lang.Runnable)(ActivityManagerService.java:3509) waiters=2 in int com.android.server.am.ActivityManagerService.broadcastIntent(android.app.IApplicationThread, android.content.Intent, java.lang.String, android.content.IIntentReceiver, int, java.lang.String, android.os.Bundle, java.lang.String[], int, android.os.Bundle, boolean, boolean, int) for 213ms
05-01 19:20:45.199 W/art     ( 1979): Long monitor contention with owner main (1979) at int com.android.server.am.ActivityManagerService.startIsolatedProcess(java.lang.String, java.lang.String[], java.lang.String, java.lang.String, int, java.lang.Runnable)(ActivityManagerService.java:3509) waiters=2 in void com.android.server.am.ActivityManagerService.attachApplication(android.app.IApplicationThread) for 218ms
05-01 19:20:45.220 E/BluetoothAdapter( 1979): Bluetooth binder is null
05-01 19:20:45.259 V/WebViewFactory( 2286): RelroFileCreator (64bit = true),  32-bit lib: /system/app/webview/webview.apk!/lib/x86/libwebviewchromium.so, 64-bit lib: /system/app/webview/webview.apk!/lib/x86_64/libwebviewchromium.so
05-01 19:20:45.389 I/AudioFlinger( 1371): systemReady
05-01 19:20:45.442 D/NetworkManagement( 1979): enabling bandwidth control
05-01 19:20:45.676 V/WebViewFactory( 2280): RelroFileCreator (64bit = false),  32-bit lib: /system/app/webview/webview.apk!/lib/x86/libwebviewchromium.so, 64-bit lib: /system/app/webview/webview.apk!/lib/x86_64/libwebviewchromium.so
05-01 19:20:45.884 W/System  ( 2250): ClassLoader referenced unknown path: /system/priv-app/SystemUI/lib/x86_64
05-01 19:20:45.965 V/vold    ( 1277): /dev/block/vold/disk:253,48: LABEL="SDCARD" UUID="1EFF-1C1B" TYPE="vfat" 
05-01 19:20:45.965 V/vold    ( 1277): 
05-01 19:20:46.043 D/VoldConnector( 1979): RCV <- {650 public:253,48 0 "disk:253,48" ""}
05-01 19:20:46.071 D/VoldConnector( 1979): RCV <- {651 public:253,48 0}
05-01 19:20:46.074 D/VoldConnector( 1979): RCV <- {643 disk:253,48}
05-01 19:20:46.077 D/VoldConnector( 1979): RCV <- {200 3 Command succeeded}
05-01 19:20:46.079 E/VoldConnector( 1979): NDC Command {3 volume reset} took too long (2614ms)
05-01 19:20:46.082 D/VoldConnector( 1979): SND -> {4 volume user_added 0 0}
05-01 19:20:46.085 D/VoldConnector( 1979): RCV <- {200 4 Command succeeded}
05-01 19:20:46.101 D/VoldConnector( 1979): SND -> {5 volume mount emulated 3 -1}
05-01 19:20:46.107 V/vold    ( 1277): Waiting for FUSE to spin up...
05-01 19:20:46.108 D/VoldConnector( 1979): RCV <- {651 emulated 1}
05-01 19:20:46.109 D/VoldConnector( 1979): RCV <- {656 emulated /data/media}
05-01 19:20:46.145 D/VoldConnector( 1979): RCV <- {655 emulated /storage/emulated}
05-01 19:20:46.160 V/vold    ( 1277): Waiting for FUSE to spin up...
05-01 19:20:46.212 V/vold    ( 1277): Waiting for FUSE to spin up...
05-01 19:20:46.264 V/vold    ( 1277): Waiting for FUSE to spin up...
05-01 19:20:46.316 V/vold    ( 1277): Waiting for FUSE to spin up...
05-01 19:20:46.367 V/vold    ( 1277): Waiting for FUSE to spin up...
05-01 19:20:46.420 V/vold    ( 1277): Waiting for FUSE to spin up...
05-01 19:20:46.446 E/WVMExtractor( 1979): Failed to open libwvm.so: dlopen failed: library "libwvm.so" not found
05-01 19:20:46.471 V/vold    ( 1277): Waiting for FUSE to spin up...
05-01 19:20:46.523 V/vold    ( 1277): Waiting for FUSE to spin up...
05-01 19:20:46.605 V/vold    ( 1277): Waiting for FUSE to spin up...
05-01 19:20:46.638 W/sdcard  ( 2313): Device explicitly disabled sdcardfs
05-01 19:20:46.656 V/vold    ( 1277): Waiting for FUSE to spin up...
05-01 19:20:46.706 V/vold    ( 1277): Waiting for FUSE to spin up...
05-01 19:20:46.757 V/vold    ( 1277): Waiting for FUSE to spin up...
05-01 19:20:46.809 V/vold    ( 1277): Waiting for FUSE to spin up...
05-01 19:20:46.861 V/vold    ( 1277): Waiting for FUSE to spin up...
05-01 19:20:46.967 D/VoldConnector( 1979): RCV <- {651 emulated 2}
05-01 19:20:46.968 D/VoldConnector( 1979): RCV <- {200 5 Command succeeded}
05-01 19:20:46.977 E/VoldConnector( 1979): NDC Command {5 volume mount emulated 3 -1} took too long (876ms)
05-01 19:20:46.978 D/VoldConnector( 1979): SND -> {6 volume mount public:253,48 2 0}
05-01 19:20:47.012 D/VoldConnector( 1979): RCV <- {651 public:253,48 1}
05-01 19:20:47.014 V/vold    ( 1277): /system/bin/blkid
05-01 19:20:47.014 V/vold    ( 1277):     -c
05-01 19:20:47.014 V/vold    ( 1277):     /dev/null
05-01 19:20:47.014 V/vold    ( 1277):     -s
05-01 19:20:47.014 V/vold    ( 1277):     TYPE
05-01 19:20:47.014 V/vold    ( 1277):     -s
05-01 19:20:47.014 V/vold    ( 1277):     UUID
05-01 19:20:47.016 V/vold    ( 1277):     -s
05-01 19:20:47.017 V/vold    ( 1277):     LABEL
05-01 19:20:47.017 V/vold    ( 1277):     /dev/block/vold/public:253,48
05-01 19:20:47.162 V/SystemUIService( 2250): Starting SystemUI services for user 0.
05-01 19:20:47.667 V/MediaRouter( 2250): Adding route: RouteInfo{ name=Phone, description=null, status=null, category=RouteCategory{ name=null types=ROUTE_TYPE_LIVE_AUDIO ROUTE_TYPE_LIVE_VIDEO  groupable=false }, supportedTypes=ROUTE_TYPE_LIVE_AUDIO ROUTE_TYPE_LIVE_VIDEO , presentationDisplay=null }
05-01 19:20:47.684 V/MediaRouter( 2250): Updating audio routes: AudioRoutesInfo{ type=SPEAKER }
05-01 19:20:47.725 I/LatinIME( 2244): Hardware accelerated drawing: true
05-01 19:20:47.752 I/MediaPlayerService( 1389): MediaPlayerService::getOMX
05-01 19:20:47.805 V/MediaRouter( 2250): Selecting route: RouteInfo{ name=Phone, description=null, status=null, category=RouteCategory{ name=null types=ROUTE_TYPE_LIVE_AUDIO ROUTE_TYPE_LIVE_VIDEO  groupable=false }, supportedTypes=ROUTE_TYPE_LIVE_AUDIO ROUTE_TYPE_LIVE_VIDEO , presentationDisplay=null }
05-01 19:20:47.811 I/art     ( 2280): System.exit called, status: 0
05-01 19:20:47.811 I/AndroidRuntime( 2280): VM exiting with result code 0, cleanup skipped.
05-01 19:20:47.839 I/art     ( 2286): System.exit called, status: 0
05-01 19:20:47.839 I/AndroidRuntime( 2286): VM exiting with result code 0, cleanup skipped.
05-01 19:20:47.906 I/OMXClient( 1389): MuxOMX ctor
05-01 19:20:47.960 I/MediaPlayerService( 1389): MediaPlayerService::getOMX
05-01 19:20:47.963 I/OMXClient( 1389): MuxOMX ctor
05-01 19:20:47.969 I/OMXMaster( 1382): makeComponentInstance(OMX.google.mp3.decoder) in mediacodec process
05-01 19:20:48.324 W/ProcessCpuTracker( 1979): Skipping unknown process pid 2286
05-01 19:20:48.326 W/ProcessCpuTracker( 1979): Skipping unknown process pid 2311
05-01 19:20:48.371 W/ProcessCpuTracker( 1979): Skipping unknown process pid 2325
05-01 19:20:48.863 V/vold    ( 1277): /dev/block/vold/public:253,48: LABEL="SDCARD" UUID="1EFF-1C1B" TYPE="vfat" 
05-01 19:20:48.863 V/vold    ( 1277): 
05-01 19:20:48.885 V/vold    ( 1277): /system/bin/fsck_msdos
05-01 19:20:48.886 V/vold    ( 1277):     -p
05-01 19:20:48.886 V/vold    ( 1277):     -f
05-01 19:20:48.886 V/vold    ( 1277):     /dev/block/vold/public:253,48
05-01 19:20:48.890 D/VoldConnector( 1979): RCV <- {652 public:253,48 vfat}
05-01 19:20:48.892 D/VoldConnector( 1979): RCV <- {653 public:253,48 1EFF-1C1B}
05-01 19:20:48.892 D/VoldConnector( 1979): RCV <- {654 public:253,48 SDCARD}
05-01 19:20:48.946 E/WVMExtractor( 2250): Failed to open libwvm.so: dlopen failed: library "libwvm.so" not found
05-01 19:20:49.273 I/MediaPlayerService( 1389): MediaPlayerService::getOMX
05-01 19:20:49.275 I/OMXClient( 1389): MuxOMX ctor
05-01 19:20:49.276 I/OMXMaster( 1382): makeComponentInstance(OMX.google.amrnb.decoder) in mediacodec process
05-01 19:20:49.355 I/MediaPlayerService( 1389): MediaPlayerService::getOMX
05-01 19:20:49.361 I/OMXClient( 1389): MuxOMX ctor
05-01 19:20:49.361 I/OMXMaster( 1382): makeComponentInstance(OMX.google.amrwb.decoder) in mediacodec process
05-01 19:20:49.410 I/MediaPlayerService( 1389): MediaPlayerService::getOMX
05-01 19:20:49.412 I/OMXClient( 1389): MuxOMX ctor
05-01 19:20:49.413 I/OMXMaster( 1382): makeComponentInstance(OMX.google.aac.decoder) in mediacodec process
05-01 19:20:49.603 I/fsck_msdos( 1277): ** /dev/block/vold/public:253,48
05-01 19:20:49.606 I/fsck_msdos( 1277): ** Phase 1 - Read and Compare FATs
05-01 19:20:49.705 I/fsck_msdos( 1277): Attempting to allocate 1046 KB for FAT
05-01 19:20:49.757 I/MediaPlayerService( 1389): MediaPlayerService::getOMX
05-01 19:20:49.820 I/OMXClient( 1389): MuxOMX ctor
