05-01 19:21:29.728 E/ActivityManager( 1979):   11% 2454/com.android.settings: 0% user + 11% kernel / faults: 20 minor
05-01 19:21:29.728 E/ActivityManager( 1979):     10% 2454/ndroid.settings: 0% user + 10% kernel
05-01 19:21:29.728 E/ActivityManager( 1979):     2% 2460/Jit thread pool: 0.5% user + 1.5% kernel
05-01 19:21:29.728 E/ActivityManager( 1979):     0.5% 2469/Binder:2454_1: 0% user + 0.5% kernel
05-01 19:21:29.728 E/ActivityManager( 1979):   8.9% 2439/com.android.phone: 2.9% user + 5.9% kernel / fau
05-01 19:21:29.880 E/WVMExtractor( 1389): Failed to open libwvm.so: dlopen failed: library "libwvm.so" not found
05-01 19:21:30.173 D/NuPlayerDriver( 1389): notifyListener_l(0xea28c060), (1, 0, 0), loop setting(0, 0)
05-01 19:21:30.365 I/Choreographer( 2454): Skipped 48 frames!  The application may be doing too much work on its main thread.
05-01 19:21:30.500 D/NuPlayerDriver( 1389): notifyListener_l(0xebaa8c00), (1, 0, 0), loop setting(0, 0)
05-01 19:21:30.749 I/art     ( 2454): Wrote stack traces to '/data/anr/traces.txt'
05-01 19:21:31.155 D/NuPlayerDriver( 1389): notifyListener_l(0xebaa8de0), (1, 0, 0), loop setting(0, 0)
05-01 19:21:31.171 D/ConditionProviders.SCP( 1979): onSubscribe condition://android/schedule?days=1.2.3.4.5&start=22.0&end=7.0&exitAtAlarm=false
05-01 19:21:31.190 D/ConditionProviders.SCP( 1979): setRegistered true
05-01 19:21:31.201 D/ConditionProviders.SCP( 1979): notifyCondition condition://android/schedule?days=1.2.3.4.5&start=22.0&end=7.0&exitAtAlarm=false STATE_FALSE reason=!meetsSchedule
05-01 19:21:31.210 D/ConditionProviders.SCP( 1979): Scheduling evaluate for Sat May 01 22:00:00 UTC 2021 (1619906400000), in +2h38m28s809ms, now=Sat May 01 19:21:31 UTC 2021 (1619896891191)
05-01 19:21:31.211 D/ConditionProviders.SCP( 1979): onSubscribe condition://android/schedule?days=6.7&start=23.30&end=10.0&exitAtAlarm=false
05-01 19:21:31.251 I/CameraFlashlight( 1378): Opening camera 0
05-01 19:21:31.251 V/EmulatedCamera_Camera( 1378): getCameraInfo
05-01 19:21:31.251 V/EmulatedCamera_BaseCamera( 1378): getCameraInfo
05-01 19:21:31.251 V/EmulatedCamera_Camera( 1378): connectCamera
05-01 19:21:31.251 V/EmulatedCamera_FakeDevice( 1378): connectDevice
05-01 19:21:31.257 D/ConditionProviders.SCP( 1979): notifyCondition condition://android/schedule?days=6.7&start=23.30&end=10.0&exitAtAlarm=false STATE_FALSE reason=!meetsSchedule
05-01 19:21:31.258 D/ConditionProviders.SCP( 1979): notifyCondition condition://android/schedule?days=1.2.3.4.5&start=22.0&end=7.0&exitAtAlarm=false STATE_FALSE reason=!meetsSchedule
05-01 19:21:31.260 D/ConditionProviders.SCP( 1979): Scheduling evaluate for Sat May 01 22:00:00 UTC 2021 (1619906400000), in +2h38m28s744ms, now=Sat May 01 19:21:31 UTC 2021 (1619896891256)
05-01 19:21:31.262 V/EmulatedCamera_CallbackNotifier( 1378): setCallbacks: 0xe94cee80, 0xe94ceed0, 0xe94ceff0, 0xe94cf110 (0xe9343320)
05-01 19:21:31.329 I/Telecom ( 1979): WiredHeadsetManager: ACTION_HEADSET_PLUG event, plugged in: false, : WHC.oADA@AAE
05-01 19:21:31.262 V/EmulatedCamera_CallbackNotifier( 1378): enableMessage: msg_type = 0xc0d
05-01 19:21:31.344 V/EmulatedCamera_CallbackNotifier( 1378):     CAMERA_MSG_ERROR
05-01 19:21:31.344 V/EmulatedCamera_CallbackNotifier( 1378):     CAMERA_MSG_FOCUS
05-01 19:21:31.344 V/EmulatedCamera_CallbackNotifier( 1378):     CAMERA_MSG_ZOOM
05-01 19:21:31.344 V/EmulatedCamera_CallbackNotifier( 1378):     CAMERA_MSG_PREVIEW_METADATA
05-01 19:21:31.344 V/EmulatedCamera_CallbackNotifier( 1378): **** Currently enabled messages:
05-01 19:21:31.344 V/EmulatedCamera_CallbackNotifier( 1378):     CAMERA_MSG_ERROR
05-01 19:21:31.344 V/EmulatedCamera_CallbackNotifier( 1378):     CAMERA_MSG_FOCUS
05-01 19:21:31.344 V/EmulatedCamera_CallbackNotifier( 1378):     CAMERA_MSG_ZOOM
05-01 19:21:31.344 V/EmulatedCamera_CallbackNotifier( 1378):     CAMERA_MSG_PREVIEW_METADATA
05-01 19:21:31.348 V/EmulatedCamera_CallbackNotifier( 1378): disableMessage: msg_type = 0xffff
05-01 19:21:31.348 V/EmulatedCamera_CallbackNotifier( 1378):     CAMERA_MSG_ERROR
05-01 19:21:31.348 V/EmulatedCamera_CallbackNotifier( 1378):     CAMERA_MSG_SHUTTER
05-01 19:21:31.349 V/EmulatedCamera_CallbackNotifier( 1378):     CAMERA_MSG_FOCUS
05-01 19:21:31.349 V/EmulatedCamera_CallbackNotifier( 1378):     CAMERA_MSG_ZOOM
05-01 19:21:31.349 V/EmulatedCamera_CallbackNotifier( 1378):     CAMERA_MSG_PREVIEW_FRAME
05-01 19:21:31.349 V/EmulatedCamera_CallbackNotifier( 1378):     CAMERA_MSG_VIDEO_FRAME
05-01 19:21:31.349 V/EmulatedCamera_CallbackNotifier( 1378):     CAMERA_MSG_POSTVIEW_FRAME
05-01 19:21:31.349 V/EmulatedCamera_CallbackNotifier( 1378):     CAMERA_MSG_RAW_IMAGE
05-01 19:21:31.349 V/EmulatedCamera_CallbackNotifier( 1378):     CAMERA_MSG_COMPRESSED_IMAGE
05-01 19:21:31.349 V/EmulatedCamera_CallbackNotifier( 1378):     CAMERA_MSG_RAW_IMAGE_NOTIFY
05-01 19:21:31.349 V/EmulatedCamera_CallbackNotifier( 1378):     CAMERA_MSG_PREVIEW_METADATA
05-01 19:21:31.349 V/EmulatedCamera_CallbackNotifier( 1378): **** Currently enabled messages:
05-01 19:21:31.349 V/EmulatedCamera_Preview( 1378): setPreviewWindow: current: 0x0 -> new: 0x0
05-01 19:21:31.349 V/EmulatedCamera_Camera( 1378): doStopPreview
05-01 19:21:31.358 D/PhoneSwitcherNetworkRequstListener( 2439): got request NetworkRequest [ REQUEST id=1, [ Capabilities: INTERNET&NOT_RESTRICTED&TRUSTED&NOT_VPN] ] with score 0
05-01 19:21:31.384 D/TelephonyDebugService( 2439): TelephonyDebugService()
05-01 19:21:31.413 V/EmulatedCamera_Camera( 1378): cancelPicture
05-01 19:21:31.414 V/EmulatedCamera_Camera( 1378): releaseCamera
05-01 19:21:31.414 V/EmulatedCamera_Camera( 1378): doStopPreview
05-01 19:21:31.414 V/EmulatedCamera_FakeDevice( 1378): disconnectDevice
05-01 19:21:31.414 W/EmulatedCamera_Device( 1378): Initialize: Emulated camera device is already initialized: mState = 1
05-01 19:21:31.414 D/EmulatedCamera_FakeCamera( 1378): Initialize: Fake camera is facing back
05-01 19:21:31.416 V/EmulatedCamera_Device( 1378): initializeWhiteBalanceModes with auto, 1.000000, 1.000000
05-01 19:21:31.416 V/EmulatedCamera_Device( 1378): initializeWhiteBalanceModes with incandescent, 1.380000, 0.600000
05-01 19:21:31.416 V/EmulatedCamera_Device( 1378): initializeWhiteBalanceModes with daylight, 1.090000, 0.920000
05-01 19:21:31.416 V/EmulatedCamera_Device( 1378): initializeWhiteBalanceModes with twilight, 0.920000, 1.220000
05-01 19:21:31.417 V/EmulatedCamera_Device( 1378): setWhiteBalanceMode with white balance auto
05-01 19:21:31.417 I/CameraFlashlight( 1378): Destroying camera 0
05-01 19:21:31.417 V/EmulatedCamera_Camera( 1378): closeCamera
05-01 19:21:31.417 V/EmulatedCamera_Camera( 1378): doStopPreview
05-01 19:21:31.417 W/EmulatedCamera_Device( 1378): Initialize: Emulated camera device is already initialized: mState = 1
05-01 19:21:31.417 D/EmulatedCamera_FakeCamera( 1378): Initialize: Fake camera is facing back
05-01 19:21:31.418 V/EmulatedCamera_Device( 1378): initializeWhiteBalanceModes with auto, 1.000000, 1.000000
05-01 19:21:31.418 V/EmulatedCamera_Device( 1378): initializeWhiteBalanceModes with incandescent, 1.380000, 0.600000
05-01 19:21:31.418 V/EmulatedCamera_Device( 1378): initializeWhiteBalanceModes with daylight, 1.090000, 0.920000
05-01 19:21:31.418 V/EmulatedCamera_Device( 1378): initializeWhiteBalanceModes with twilight, 0.920000, 1.220000
05-01 19:21:31.418 V/EmulatedCamera_Device( 1378): setWhiteBalanceMode with white balance auto
05-01 19:21:31.426 D/CarrierConfigLoader( 2439): mHandler: 12 phoneId: 0
05-01 19:21:31.508 I/ActivityManager( 1979): user 0 is still locked. Cannot load recents
05-01 19:21:31.824 I/CameraService( 1378): disconnect: Disconnected client for camera 0 for PID 1378
05-01 19:21:31.825 D/NuPlayerDriver( 1389): reset(0xea28c060) at state 4
05-01 19:21:31.825 D/NuPlayerDriver( 1389): notifyListener_l(0xea28c060), (8, 0, 0), loop setting(0, 0)
05-01 19:21:31.849 D/NuPlayerDriver( 1389): notifyResetComplete(0xea28c060)
05-01 19:21:31.896 D/NuPlayerDriver( 1389): reset(0xebaa8c00) at state 4
05-01 19:21:31.896 D/NuPlayerDriver( 1389): notifyListener_l(0xebaa8c00), (8, 0, 0), loop setting(0, 0)
05-01 19:21:31.897 D/NuPlayerDriver( 1389): notifyResetComplete(0xebaa8c00)
05-01 19:21:31.926 D/NuPlayerDriver( 1389): reset(0xebaa8de0) at state 4
05-01 19:21:31.926 D/NuPlayerDriver( 1389): notifyListener_l(0xebaa8de0), (8, 0, 0), loop setting(0, 0)
05-01 19:21:31.926 D/NuPlayerDriver( 1389): notifyResetComplete(0xebaa8de0)
05-01 19:21:31.966 V/EmulatedCamera_Camera( 1378): getCameraInfo
05-01 19:21:31.966 V/EmulatedCamera_BaseCamera( 1378): getCameraInfo
05-01 19:21:31.974 V/EmulatedCamera_Camera( 1378): getCameraInfo
05-01 19:21:31.974 V/EmulatedCamera_BaseCamera( 1378): getCameraInfo
05-01 19:21:32.083 W/art     ( 1979): Long monitor contention with owner android.ui (2019) at void com.android.server.am.AppErrors.handleShowAnrUi(android.os.Message)(AppErrors.java:925) waiters=0 in void com.android.server.am.ActivityManagerService$MainHandler.handleMessage(android.os.Message) for 445ms
05-01 19:21:32.085 W/BroadcastQueue( 1979): Timeout of broadcast BroadcastRecord{64afcf8 u-1 android.intent.action.TIME_TICK} - receiver=android.os.BinderProxy@494155e, started 15090ms ago
05-01 19:21:32.086 W/BroadcastQueue( 1979): Receiver during timeout: BroadcastFilter{aef660c u0 ReceiverList{643ed3f 2250 com.android.systemui/10021/u0 remote:494155e}}
05-01 19:21:32.318 W/art     ( 1979): Long monitor contention with owner main (1979) at void com.android.server.pm.UserManagerService$MainHandler.handleMessage(android.os.Message)(UserManagerService.java:3290) waiters=0 in int com.android.server.pm.PackageManagerService.checkUidPermission(java.lang.String, int) for 245ms
05-01 19:21:32.343 W/art     ( 1979): Long monitor contention with owner main (1979) at void com.android.server.pm.UserManagerService$MainHandler.handleMessage(android.os.Message)(UserManagerService.java:3290) waiters=1 in int com.android.server.pm.PackageManagerService.checkUidPermission(java.lang.String, int) for 269ms
05-01 19:21:32.633 W/art     ( 1979): Suspending all threads took: 100.746ms
05-01 19:21:33.177 I/Process ( 1979): Sending signal. PID: 2250 SIG: 3
05-01 19:21:33.177 I/art     ( 2250): Thread[3,tid=2268,WaitingInMainSignalCatcherLoop,Thread*=0x7940cb896400,peer=0x12c005e0,"Signal Catcher"]: reacting to signal 3
05-01 19:21:33.177 I/art     ( 2250): 
05-01 19:21:33.222 W/art     ( 2250): Suspending all threads took: 44.147ms
05-01 19:21:33.476 I/art     ( 1979): Background sticky concurrent mark sweep GC freed 39326(2MB) AllocSpace objects, 6(840KB) LOS objects, 5% free, 12MB/13MB, paused 237.510ms total 1.715s
05-01 19:21:33.686 I/StatusBar( 2250): isKeyguardShowing() called before startKeyguard(), returning true
05-01 19:21:33.688 W/StatusBar( 2250): isKeyguardSecure() called before startKeyguard(), returning false
05-01 19:21:33.688 W/StatusBar( 2250): java.lang.Throwable
05-01 19:21:33.688 W/StatusBar( 2250): 	at com.android.systemui.statusbar.BaseStatusBar.isKeyguardSecure(BaseStatusBar.java:2647)
05-01 19:21:33.688 W/StatusBar( 2250): 	at com.android.systemui.statusbar.BaseStatusBar.isCameraAllowedByAdmin(BaseStatusBar.java:2670)
05-01 19:21:33.688 W/StatusBar( 2250): 	at com.android.systemui.statusbar.phone.KeyguardBottomAreaView.updateCameraVisibility(KeyguardBottomAreaView.java:309)
05-01 19:21:33.688 W/StatusBar( 2250): 	at com.android.systemui.statusbar.phone.KeyguardBottomAreaView.setPhoneStatusBar(KeyguardBottomAreaView.java:272)
05-01 19:21:33.688 W/StatusBar( 2250): 	at com.android.systemui.statusbar.phone.PhoneStatusBar.makeStatusBarView(PhoneStatusBar.java:904)
05-01 19:21:33.688 W/StatusBar( 2250): 	at com.android.systemui.statusbar.phone.PhoneStatusBar.addStatusBarWindow(PhoneStatusBar.java:3432)
05-01 19:21:33.688 W/StatusBar( 2250): 	at com.android.systemui.statusbar.phone.PhoneStatusBar.createAndAddWindows(PhoneStatusBar.java:3428)
05-01 19:21:33.688 W/StatusBar( 2250): 	at com.android.systemui.statusbar.BaseStatusBar.start(BaseStatusBar.java:765)
05-01 19:21:33.688 W/StatusBar( 2250): 	at com.android.systemui.statusbar.phone.PhoneStatusBar.start(PhoneStatusBar.java:686)
05-01 19:21:33.688 W/StatusBar( 2250): 	at com.android.systemui.statusbar.SystemBars.createStatusBarFromConfig(SystemBars.java:106)
05-01 19:21:33.688 W/StatusBar( 2250): 	at com.android.systemui.statusbar.SystemBars.onNoService(SystemBars.java:58)
05-01 19:21:33.688 W/StatusBar( 2250): 	at com.android.systemui.statusbar.ServiceMonitor.startService(ServiceMonitor.java:230)
05-01 19:21:33.688 W/StatusBar( 2250): 	at com.android.systemui.statusbar.ServiceMonitor.-wrap5(ServiceMonitor.java)
05-01 19:21:33.688 W/StatusBar( 2250): 	at com.android.systemui.statusbar.ServiceMonitor$1.handleMessage(ServiceMonitor.java:73)
05-01 19:21:33.688 W/StatusBar( 2250): 	at android.os.Handler.dispatchMessage(Handler.java:102)
05-01 19:21:33.688 W/StatusBar( 2250): 	at android.os.Looper.loop(Looper.java:154)
05-01 19:21:33.688 W/StatusBar( 2250): 	at android.app.ActivityThread.main(ActivityThread.java:6119)
05-01 19:21:33.688 W/StatusBar( 2250): 	at java.lang.reflect.Method.invoke(Native Method)
05-01 19:21:33.688 W/StatusBar( 2250): 	at com.android.internal.os.ZygoteInit$MethodAndArgsCaller.run(ZygoteInit.java:886)
05-01 19:21:33.688 W/StatusBar( 2250): 	at com.android.internal.os.ZygoteInit.main(ZygoteInit.java:776)
05-01 19:21:33.732 I/StatusBar( 2250): isKeyguardShowing() called before startKeyguard(), returning true
05-01 19:21:33.734 W/StatusBar( 2250): isKeyguardSecure() called before startKeyguard(), returning false
05-01 19:21:33.734 W/StatusBar( 2250): java.lang.Throwable
05-01 19:21:33.734 W/StatusBar( 2250): 	at com.android.systemui.statusbar.BaseStatusBar.isKeyguardSecure(BaseStatusBar.java:2647)
05-01 19:21:33.734 W/StatusBar( 2250): 	at com.android.systemui.statusbar.BaseStatusBar.isCameraAllowedByAdmin(BaseStatusBar.java:2670)
05-01 19:21:33.734 W/StatusBar( 2250): 	at com.android.systemui.statusbar.phone.KeyguardBottomAreaView.updateCameraVisibility(KeyguardBottomAreaView.java:309)
05-01 19:21:33.734 W/StatusBar( 2250): 	at com.android.systemui.statusbar.phone.KeyguardBottomAreaView.setUserSetupComplete(KeyguardBottomAreaView.java:281)
05-01 19:21:33.734 W/StatusBar( 2250): 	at com.android.systemui.statusbar.phone.PhoneStatusBar.makeStatusBarView(PhoneStatusBar.java:905)
05-01 19:21:33.734 W/StatusBar( 2250): 	at com.android.systemui.statusbar.phone.PhoneStatusBar.addStatusBarWindow(PhoneStatusBar.java:3432)
05-01 19:21:33.734 W/StatusBar( 2250): 	at com.android.systemui.statusbar.phone.PhoneStatusBar.createAndAddWindows(PhoneStatusBar.java:3428)
05-01 19:21:33.734 W/StatusBar( 2250): 	at com.android.systemui.statusbar.BaseStatusBar.start(BaseStatusBar.java:765)
05-01 19:21:33.734 W/StatusBar( 2250): 	at com.android.systemui.statusbar.phone.PhoneStatusBar.start(PhoneStatusBar.java:686)
05-01 19:21:33.734 W/StatusBar( 2250): 	at com.android.systemui.statusbar.SystemBars.createStatusBarFromConfig(SystemBars.java:106)
05-01 19:21:33.734 W/StatusBar( 2250): 	at com.android.systemui.statusbar.SystemBars.onNoService(SystemBars.java:58)
05-01 19:21:33.734 W/StatusBar( 2250): 	at com.android.systemui.statusbar.ServiceMonitor.startService(ServiceMonitor.java:230)
05-01 19:21:33.734 W/StatusBar( 2250): 	at com.android.systemui.statusbar.ServiceMonitor.-wrap5(ServiceMonitor.java)
05-01 19:21:33.734 W/StatusBar( 2250): 	at com.android.systemui.statusbar.ServiceMonitor$1.handleMessage(ServiceMonitor.java:73)
05-01 19:21:33.734 W/StatusBar( 2250): 	at android.os.Handler.dispatchMessage(Handler.java:102)
05-01 19:21:33.734 W/StatusBar( 2250): 	at android.os.Looper.loop(Looper.java:154)
05-01 19:21:33.734 W/StatusBar( 2250): 	at android.app.ActivityThread.main(ActivityThread.java:6119)
05-01 19:21:33.734 W/StatusBar( 2250): 	at java.lang.reflect.Method.invoke(Native Method)
05-01 19:21:33.734 W/StatusBar( 2250): 	at com.android.internal.os.ZygoteInit$MethodAndArgsCaller.run(ZygoteInit.java:886)
05-01 19:21:33.734 W/StatusBar( 2250): 	at com.android.internal.os.ZygoteInit.main(ZygoteInit.java:776)
05-01 19:21:33.771 I/SyncManager( 1979): Got SyncJobService instance.
05-01 19:21:34.188 E/ActivityManager( 1979): ANR in com.android.systemui
05-01 19:21:34.188 E/ActivityManager( 1979): PID: 2250
05-01 19:21:34.188 E/ActivityManager( 1979): Reason: Broadcast of Intent { act=android.intent.action.TIME_TICK flg=0x50000014 (has extras) }
05-01 19:21:34.188 E/ActivityManager( 1979): Load: 0.0 / 0.0 / 0.0
05-01 19:21:34.188 E/ActivityManager( 1979): CPU usage from 33134ms to 3348ms ago (2021-05-01 19:20:59.217 to 2021-05-01 19:21:29.506):
05-01 19:21:34.188 E/ActivityManager( 1979):   68% 1321/surfaceflinger: 30% user + 38% kernel / faults: 69 minor
05-01 19:21:34.188 E/ActivityManager( 1979):   36% 1618/bootanimation: 14% user + 21% kernel
05-01 19:21:34.188 E/ActivityManager( 1979):   23% 1979/system_server: 7% user + 16% kernel / faults: 3975 minor 28 major
05-01 19:21:34.188 E/ActivityManager( 1979):   11% 2250/com.android.systemui: 3.6% user + 7.5% kernel / faults: 4572 minor 31 major
05-01 19:21:34.188 E/ActivityManager( 1979):   9.4% 1382/media.codec: 3.3% user + 6% kernel / faults: 6304 minor 15 major
05-01 19:21:34.188 E/ActivityManager( 1979):   4% 8/rcu_preempt: 0% user + 4% kernel
05-01 19:21:34.188 E/ActivityManager( 1979):   3% 1323/adbd: 0.2% user + 2.7% kernel / faults: 1699 minor
05-01 19:21:34.188 E/ActivityManager( 1979):   0.9% 2244/com.android.inputmethod.latin: 0.4% user + 0.5% kernel / faults: 561 minor
05-01 19:21:34.188 E/ActivityManager( 1979):   0.9% 1389/mediaserver: 0.3% user + 0.6% kernel / faults: 89 minor
05-01 19:21:34.188 E/ActivityManager( 1979):   0.6% 1320/servicemanager: 0.1% user + 0.5% kernel
05-01 19:21:34.188 E/ActivityManager( 1979):   0.5% 1388/media.extractor: 0.2% user + 0.3% kernel / faults: 87 minor
05-01 19:21:34.188 E/ActivityManager( 1979):   0.3% 1326/zygote64: 0% user + 0.3% kernel / faults: 462 minor
05-01 19:21:34.188 E/ActivityManager( 1979):   0.1% 1276/debuggerd64: 0% user + 0.1% kernel / faults: 104 minor
05-01 19:21:34.188 E/ActivityManager( 1979):   0.3% 1265/jbd2/vdc-8: 0% user + 0.3% kernel
05-01 19:21:34.188 E/ActivityManager( 1979):   0.4% 1371/audioserver: 0.1% user + 0.2% kernel / faults: 38 minor
05-01 19:21:34.188 E/ActivityManager( 1979):   0.1% 1378/cameraserver: 0% user + 0% kernel / faults: 125 minor
05-01 19:21:34.188 E/ActivityManager( 1979):   0.3% 1255/kworker/0:1H: 0% user + 0.3% kernel
05-01 19:21:34.188 E/ActivityManager( 1979):   0.3% 1267/logd: 0% user + 0.3% kernel / faults: 29 minor
05-01 19:21:34.188 E/ActivityManager( 1979):   0.3% 1437/logcat: 0.1% user + 0.2% kernel
05-01 19:21:34.188 E/ActivityManager( 1979):   0.2% 3/ksoftirqd/0: 0% user + 0.2% kernel
05-01 19:21:34.188 E/ActivityManager( 1979):   0.2% 6/kworker/u4:0: 0% user + 0.2% kernel
05-01 19:21:34.188 E/ActivityManager( 1979):   0.2% 1390/netd: 0% user + 0.2% kernel / faults: 52 minor
05-01 19:21:34.188 E/ActivityManager( 1979):   0% 1275/debuggerd: 0% user + 0% kernel / faults: 181 minor
05-01 19:21:34.188 E/ActivityManager( 1979):   0% 1//init: 0% user + 0% kernel / faults: 1 minor
05-01 19:21:34.188 E/ActivityManager( 1979):   0% 12/ksoftirqd/1: 0% user + 0% kernel
05-01 19:21:34.188 E/ActivityManager( 1979):   0% 673/kworker/0:1: 0% user + 0% kernel
05-01 19:21:34.188 E/ActivityManager( 1979):   0% 1391/rild: 0% user + 0% kernel / faults: 6 minor
05-01 19:21:34.188 E/ActivityManager( 1979):   0% 13/kworker/1:0: 0% user + 0% kernel
05-01 19:21:34.188 E/ActivityManager( 1979):   0% 1381/keystore: 0% user + 0% kernel
05-01 19:21:34.188 E/ActivityManager( 1979):   0% 1393/fingerprintd: 0% user + 0% kernel
05-01 19:21:34.188 E/ActivityManager( 1979):  +0% 2439/com.android.phone: 0% user + 0% kernel
05-01 19:21:34.188 E/ActivityManager( 1979):  +0% 2454/com.android.settings: 0% user + 0% kernel
05-01 19:21:34.188 E/ActivityManager( 1979):  +0% 2591/sh: 0% user + 0% kernel
05-01 19:21:34.188 E/ActivityManager( 1979):  +0% 2593/com.android.cellbroadcastreceiver: 0% user + 0% kernel
05-01 19:21:34.188 E/ActivityManager( 1979): 99% TOTAL: 34% user + 64% kernel + 0.8% softirq
05-01 19:21:34.188 E/ActivityManager( 1979): CPU usage from 180351ms to 180351ms ago (1970-01-01 00:00:00.000 to 1970-01-01 00:00:00.000) with 0% awake:
05-01 19:21:34.188 E/ActivityManager( 1979): 0% TOTAL: 0% user + 0% kernel
05-01 19:21:34.191 I/ActivityManager( 1979): Killing 2250:com.android.systemui/u0a21 (adj -800): bg anr
05-01 19:21:34.398 W/art     ( 1979): Long monitor contention with owner main (1979) at void com.android.server.pm.UserManagerService$MainHandler.handleMessage(android.os.Message)(UserManagerService.java:3290) waiters=2 in android.content.pm.ProviderInfo com.android.server.pm.PackageManagerService.resolveContentProvider(java.lang.String, int, int) for 2.111s
05-01 19:21:34.531 W/System  ( 2593): ClassLoader referenced unknown path: /system/priv-app/CellBroadcastReceiver/lib/x86_64
05-01 19:21:35.333 W/art     ( 1979): Long monitor contention with owner callActivityManagerForStrictModeDropbox (2622) at void java.lang.ThreadGroup.threadTerminated(java.lang.Thread)(ThreadGroup.java:952) waiters=5 in void java.lang.ThreadGroup.threadTerminated(java.lang.Thread) for 557ms
05-01 19:21:35.370 W/art     ( 1979): Long monitor contention with owner callActivityManagerForStrictModeDropbox (2622) at void java.lang.ThreadGroup.threadTerminated(java.lang.Thread)(ThreadGroup.java:952) waiters=6 in void java.lang.ThreadGroup.threadTerminated(java.lang.Thread) for 594ms
05-01 19:21:35.371 W/art     ( 1979): Long monitor contention with owner callActivityManagerForStrictModeDropbox (2622) at void java.lang.ThreadGroup.threadTerminated(java.lang.Thread)(ThreadGroup.java:952) waiters=8 in void java.lang.ThreadGroup.threadTerminated(java.lang.Thread) for 595ms
05-01 19:21:35.481 W/AudioService( 1979): Current remote volume controller died, unregistering
05-01 19:21:35.491 W/WallpaperManagerService( 1979): Wallpaper service gone: ComponentInfo{com.android.systemui/com.android.systemui.ImageWallpaper}
05-01 19:21:35.516 W/art     ( 1979): Long monitor contention with owner android.bg (2016) at void com.android.server.power.PowerManagerService.releaseWakeLockInternal(android.os.IBinder, int)(PowerManagerService.java:937) waiters=0 in void com.android.server.power.PowerManagerService.handleSandman() for 1.724s
05-01 19:21:35.619 W/art     ( 1979): Long monitor contention with owner callActivityManagerForStrictModeDropbox (2622) at void java.lang.ThreadGroup.threadTerminated(java.lang.Thread)(ThreadGroup.java:952) waiters=7 in void java.lang.ThreadGroup.threadTerminated(java.lang.Thread) for 605ms
05-01 19:21:35.619 W/art     ( 1979): Long monitor contention with owner callActivityManagerForStrictModeDropbox (2622) at void java.lang.ThreadGroup.threadTerminated(java.lang.Thread)(ThreadGroup.java:952) waiters=3 in void java.lang.ThreadGroup.threadTerminated(java.lang.Thread) for 606ms
05-01 19:21:35.621 I/FusedLocation( 1979): engine started (com.android.location.fused)
05-01 19:21:35.660 W/art     ( 1979): Long monitor contention with owner callActivityManagerForStrictModeDropbox (2622) at void java.lang.ThreadGroup.threadTerminated(java.lang.Thread)(ThreadGroup.java:952) waiters=4 in void java.lang.ThreadGroup.threadTerminated(java.lang.Thread) for 605ms
05-01 19:21:35.670 W/art     ( 1979): Suspending all threads took: 13.889ms
05-01 19:21:35.679 W/art     ( 1979): Long monitor contention with owner callActivityManagerForStrictModeDropbox (2622) at void java.lang.ThreadGroup.threadTerminated(java.lang.Thread)(ThreadGroup.java:952) waiters=2 in void java.lang.ThreadGroup.threadTerminated(java.lang.Thread) for 606ms
05-01 19:21:35.679 W/art     ( 1979): Long monitor contention with owner callActivityManagerForStrictModeDropbox (2622) at void java.lang.ThreadGroup.threadTerminated(java.lang.Thread)(ThreadGroup.java:952) waiters=1 in void java.lang.ThreadGroup.threadTerminated(java.lang.Thread) for 606ms
05-01 19:21:35.680 W/art     ( 1979): Long monitor contention with owner callActivityManagerForStrictModeDropbox (2622) at void java.lang.ThreadGroup.threadTerminated(java.lang.Thread)(ThreadGroup.java:952) waiters=9 in void java.lang.ThreadGroup.threadTerminated(java.lang.Thread) for 604ms
05-01 19:21:35.687 W/InputDispatcher( 1979): channel 'e66f973 DockedStackDivider (server)' ~ Consumer closed input channel or an error occurred.  events=0x9
05-01 19:21:35.687 E/InputDispatcher( 1979): channel 'e66f973 DockedStackDivider (server)' ~ Channel is unrecoverably broken and will be disposed!
05-01 19:21:35.730 W/art     ( 1979): Long monitor contention with owner ConditionProviders.ECP (2223) at android.content.pm.ProviderInfo com.android.server.pm.PackageManagerService.resolveContentProvider(java.lang.String, int, int)(PackageManagerService.java:6460) waiters=0 in android.content.pm.ServiceInfo com.android.server.pm.PackageManagerService.getServiceInfo(android.content.ComponentName, int, int) for 551ms
05-01 19:21:35.748 W/VolumeController( 1979): Error calling dismiss
05-01 19:21:35.748 W/VolumeController( 1979): android.os.DeadObjectException
05-01 19:21:35.748 W/VolumeController( 1979): 	at android.os.BinderProxy.transactNative(Native Method)
05-01 19:21:35.748 W/VolumeController( 1979): 	at android.os.BinderProxy.transact(Binder.java:615)
05-01 19:21:35.748 W/VolumeController( 1979): 	at android.media.IVolumeController$Stub$Proxy.dismiss(IVolumeController.java:162)
05-01 19:21:35.748 W/VolumeController( 1979): 	at com.android.server.audio.AudioService$VolumeController.postDismiss(AudioService.java:6138)
05-01 19:21:35.748 W/VolumeController( 1979): 	at com.android.server.audio.AudioService.setVolumeController(AudioService.java:5986)
05-01 19:21:35.748 W/VolumeController( 1979): 	at com.android.server.audio.AudioService$4.binderDied(AudioService.java:5995)
05-01 19:21:35.748 W/VolumeController( 1979): 	at android.os.BinderProxy.sendDeathNotice(Binder.java:688)
05-01 19:21:35.769 W/ActivityManager( 1979): Application dead when creating service ServiceRecord{9a09fb3 u0 com.android.systemui/.keyguard.KeyguardService}
05-01 19:21:35.770 I/ActivityManager( 1979): Process com.android.systemui (pid 2250) has died
05-01 19:21:35.771 D/ActivityManager( 1979): cleanUpApplicationRecord -- 2250
05-01 19:21:35.795 I/art     ( 1979): Background partial concurrent mark sweep GC freed 7682(793KB) AllocSpace objects, 12(2MB) LOS objects, 29% free, 9MB/13MB, paused 33.048ms total 1.715s
05-01 19:21:35.795 W/ActivityManager( 1979): Scheduling restart of crashed service com.android.systemui/.ImageWallpaper in 0ms
05-01 19:21:35.796 W/ActivityManager( 1979): Scheduling restart of crashed service com.android.systemui/.SystemUIService in 0ms
05-01 19:21:35.796 W/ActivityManager( 1979): Scheduling restart of crashed service com.android.systemui/.keyguard.KeyguardService in 0ms
05-01 19:21:35.799 W/ActivityManager( 1979): Re-adding persistent process ProcessRecord{17eb970 2250:com.android.systemui/u0a21}
05-01 19:21:35.889 W/art     ( 2643): Unexpected CPU variant for X86 using defaults: x86_64
05-01 19:21:35.965 W/ActivityManager( 1979): Slow operation: 166ms so far, now at startProcess: returned from zygote!
05-01 19:21:35.965 W/ActivityManager( 1979): Slow operation: 166ms so far, now at startProcess: done updating battery stats
05-01 19:21:35.966 W/ActivityManager( 1979): Slow operation: 166ms so far, now at startProcess: building log message
05-01 19:21:35.966 I/ActivityManager( 1979): Start proc 2643:com.android.systemui/u0a21 for restart com.android.systemui
05-01 19:21:35.966 W/ActivityManager( 1979): Slow operation: 167ms so far, now at startProcess: starting to update pids map
05-01 19:21:35.966 W/ActivityManager( 1979): Slow operation: 167ms so far, now at startProcess: done updating pids map
05-01 19:21:35.968 W/ActivityManager( 1979): Scheduling restart of crashed service com.android.systemui/.keyguard.KeyguardService in 0ms
05-01 19:21:35.977 D/ConnectivityService( 1979): ConnectivityService NetworkRequestInfo binderDied(NetworkRequest [ LISTEN id=5, [] ], android.os.BinderProxy@c1544e9)
05-01 19:21:35.994 W/ActivityManager( 1979): Exception when starting service com.android.systemui/.keyguard.KeyguardService
05-01 19:21:35.994 W/ActivityManager( 1979): android.os.DeadObjectException
05-01 19:21:35.994 W/ActivityManager( 1979): 	at android.os.BinderProxy.transactNative(Native Method)
05-01 19:21:35.994 W/ActivityManager( 1979): 	at android.os.BinderProxy.transact(Binder.java:615)
05-01 19:21:35.994 W/ActivityManager( 1979): 	at android.app.ApplicationThreadProxy.scheduleCreateService(ApplicationThreadNative.java:988)
05-01 19:21:35.994 W/ActivityManager( 1979): 	at com.android.server.am.ActiveServices.realStartServiceLocked(ActiveServices.java:1817)
05-01 19:21:35.994 W/ActivityManager( 1979): 	at com.android.server.am.ActiveServices.bringUpServiceLocked(ActiveServices.java:1720)
05-01 19:21:35.994 W/ActivityManager( 1979): 	at com.android.server.am.ActiveServices.bindServiceLocked(ActiveServices.java:1046)
05-01 19:21:35.994 W/ActivityManager( 1979): 	at com.android.server.am.ActivityManagerService.bindService(ActivityManagerService.java:17302)
05-01 19:21:35.994 W/ActivityManager( 1979): 	at android.app.ContextImpl.bindServiceCommon(ContextImpl.java:1463)
05-01 19:21:35.994 W/ActivityManager( 1979): 	at android.app.ContextImpl.bindServiceAsUser(ContextImpl.java:1440)
05-01 19:21:35.994 W/ActivityManager( 1979): 	at com.android.server.policy.keyguard.KeyguardServiceDelegate.bindService(KeyguardServiceDelegate.java:138)
05-01 19:21:35.994 W/ActivityManager( 1979): 	at com.android.server.policy.PhoneWindowManager.systemBooted(PhoneWindowManager.java:6968)
05-01 19:21:35.994 W/ActivityManager( 1979): 	at com.android.server.wm.WindowManagerService.enableScreenAfterBoot(WindowManagerService.java:5937)
05-01 19:21:35.994 W/ActivityManager( 1979): 	at com.android.server.am.ActivityManagerService.enableScreenAfterBoot(ActivityManagerService.java:6707)
05-01 19:21:35.994 W/ActivityManager( 1979): 	at com.android.server.am.ActivityManagerService$MainHandler.handleMessage(ActivityManagerService.java:2066)
05-01 19:21:35.994 W/ActivityManager( 1979): 	at android.os.Handler.dispatchMessage(Handler.java:102)
05-01 19:21:35.994 W/ActivityManager( 1979): 	at android.os.Looper.loop(Looper.java:154)
05-01 19:21:35.994 W/ActivityManager( 1979): 	at android.os.HandlerThread.run(HandlerThread.java:61)
05-01 19:21:35.994 W/ActivityManager( 1979): 	at com.android.server.ServiceThread.run(ServiceThread.java:46)
05-01 19:21:35.994 V/KeyguardServiceDelegate( 1979): *** Keyguard started
05-01 19:21:36.013 W/art     ( 1979): Long monitor contention with owner ActivityManager (2018) at int com.android.server.am.ActivityManagerService.bindService(android.app.IApplicationThread, android.os.IBinder, android.content.Intent, java.lang.String, android.app.IServiceConnection, int, java.lang.String, int)(ActivityManagerService.java:17301) waiters=0 in void com.android.server.am.ActivityManagerService$AppDeathRecipient.binderDied() for 523ms
05-01 19:21:36.014 W/ActivityManager( 1979): Spurious death for ProcessRecord{17eb970 2643:com.android.systemui/u0a21}, curProc for 2250: null
05-01 19:21:36.020 W/KeyguardServiceDelegate( 1979): onScreenTurningOn(): no keyguard service!
05-01 19:21:36.021 E/ConnectivityService( 1979): RemoteException caught trying to send a callback msg for NetworkRequest [ LISTEN id=5, [] ]
05-01 19:21:36.066 W/art     ( 1979): Long monitor contention with owner ActivityManager (2018) at int com.android.server.am.ActivityManagerService.bindService(android.app.IApplicationThread, android.os.IBinder, android.content.Intent, java.lang.String, android.app.IServiceConnection, int, java.lang.String, int)(ActivityManagerService.java:17301) waiters=1 in java.lang.String com.android.server.am.ActivityManagerService.checkContentProviderAccess(java.lang.String, int) for 336ms
05-01 19:21:36.130 W/art     ( 1979): Long monitor contention with owner android.ui (2019) at int com.android.server.wm.WindowManagerService.relayoutWindow(com.android.server.wm.Session, android.view.IWindow, int, android.view.WindowManager$LayoutParams, int, int, int, int, android.graphics.Rect, android.graphics.Rect, android.graphics.Rect, android.graphics.Rect, android.graphics.Rect, android.graphics.Rect, android.graphics.Rect, android.content.res.Configuration, android.view.Surface)(WindowManagerService.java:2857) waiters=0 in void com.android.server.wm.Session.binderDied() for 673ms
05-01 19:21:36.131 W/art     ( 1979): Long monitor contention with owner android.ui (2019) at int com.android.server.wm.WindowManagerService.relayoutWindow(com.android.server.wm.Session, android.view.IWindow, int, android.view.WindowManager$LayoutParams, int, int, int, int, android.graphics.Rect, android.graphics.Rect, android.graphics.Rect, android.graphics.Rect, android.graphics.Rect, android.graphics.Rect, android.graphics.Rect, android.content.res.Configuration, android.view.Surface)(WindowManagerService.java:2857) waiters=1 in void com.android.server.wm.WindowState$DeathRecipient.binderDied() for 669ms
05-01 19:21:36.132 I/WindowManager( 1979): WIN DEATH: Window{e66f973 u0 DockedStackDivider}
05-01 19:21:36.151 W/InputDispatcher( 1979): Attempted to unregister already unregistered input channel 'e66f973 DockedStackDivider (server)'
05-01 19:21:36.230 I/Choreographer( 1979): Skipped 125 frames!  The application may be doing too much work on its main thread.
05-01 19:21:36.291 W/art     ( 1979): Long monitor contention with owner android.ui (2019) at int com.android.server.wm.WindowManagerService.relayoutWindow(com.android.server.wm.Session, android.view.IWindow, int, android.view.WindowManager$LayoutParams, int, int, int, int, android.graphics.Rect, android.graphics.Rect, android.graphics.Rect, android.graphics.Rect, android.graphics.Rect, android.graphics.Rect, android.graphics.Rect, android.content.res.Configuration, android.view.Surface)(WindowManagerService.java:2857) waiters=2 in void com.android.server.wm.WindowManagerService$H.handleMessage(android.os.Message) for 567ms
05-01 19:21:36.321 W/art     ( 1979): Long monitor contention with owner android.ui (2019) at int com.android.server.wm.WindowManagerService.relayoutWindow(com.android.server.wm.Session, android.view.IWindow, int, android.view.WindowManager$LayoutParams, int, int, int, int, android.graphics.Rect, android.graphics.Rect, android.graphics.Rect, android.graphics.Rect, android.graphics.Rect, android.graphics.Rect, android.graphics.Rect, android.content.res.Configuration, android.view.Surface)(WindowManagerService.java:2857) waiters=3 in void com.android.server.wm.WindowManagerService.performEnableScreen() for 300ms
05-01 19:21:36.739 W/System  ( 2643): ClassLoader referenced unknown path: /system/priv-app/SystemUI/lib/x86_64
05-01 19:21:37.023 W/WindowManager( 1979): Keyguard drawn timeout. Setting mKeyguardDrawComplete
05-01 19:21:37.061 W/art     ( 1979): Long monitor contention with owner Binder:1979_4 (2278) at void com.android.server.am.ActivityManagerService.attachApplication(android.app.IApplicationThread)(ActivityManagerService.java:6669) waiters=1 in java.lang.String com.android.server.am.ActivityManagerService.checkContentProviderAccess(java.lang.String, int) for 914ms
05-01 19:21:37.284 V/SystemUIService( 2643): Starting SystemUI services for user 0.
05-01 19:21:37.519 V/MediaRouter( 2643): Adding route: RouteInfo{ name=Phone, description=null, status=null, category=RouteCategory{ name=null types=ROUTE_TYPE_LIVE_AUDIO ROUTE_TYPE_LIVE_VIDEO  groupable=false }, supportedTypes=ROUTE_TYPE_LIVE_AUDIO ROUTE_TYPE_LIVE_VIDEO , presentationDisplay=null }
05-01 19:21:37.571 V/MediaRouter( 2643): Updating audio routes: AudioRoutesInfo{ type=SPEAKER }
05-01 19:21:37.681 V/MediaRouter( 2643): Selecting route: RouteInfo{ name=Phone, description=null, status=null, category=RouteCategory{ name=null types=ROUTE_TYPE_LIVE_AUDIO ROUTE_TYPE_LIVE_VIDEO  groupable=false }, supportedTypes=ROUTE_TYPE_LIVE_AUDIO ROUTE_TYPE_LIVE_VIDEO , presentationDisplay=null }
05-01 19:21:37.999 D/TrustManagerService( 1979): Removing dead TrustListener.
05-01 19:21:38.506 E/WVMExtractor( 2643): Failed to open libwvm.so: dlopen failed: library "libwvm.so" not found
05-01 19:21:38.761 I/MediaPlayerService( 1389): MediaPlayerService::getOMX
05-01 19:21:38.783 I/OMXClient( 2643): MuxOMX ctor
05-01 19:21:38.844 I/OMXMaster( 1382): makeComponentInstance(OMX.google.vorbis.decoder) in mediacodec process
05-01 19:21:40.506 W/WallpaperManagerService( 1979): Wallpaper reconnect timed out, reverting to built-in wallpaper!
05-01 19:21:42.630 I/MediaPlayerService( 1389): MediaPlayerService::getOMX
05-01 19:21:42.666 I/OMXClient( 2643): MuxOMX ctor
05-01 19:21:42.757 I/OMXMaster( 1382): makeComponentInstance(OMX.google.vorbis.decoder) in mediacodec process
05-01 19:21:45.486 I/vol.Events( 2643): writeEvent collection_started
05-01 19:21:45.734 I/MediaPlayerService( 1389): MediaPlayerService::getOMX
05-01 19:21:45.757 I/OMXClient( 2643): MuxOMX ctor
05-01 19:21:45.780 I/vol.Events( 2643): writeEvent external_ringer_mode_changed normal
05-01 19:21:45.781 I/vol.Events( 2643): writeEvent internal_ringer_mode_changed normal
05-01 19:21:45.896 I/OMXMaster( 1382): makeComponentInstance(OMX.google.vorbis.decoder) in mediacodec process
05-01 19:21:50.118 E/ActivityThread( 1979): Failed to find provider info for com.android.calendar
05-01 19:21:50.268 E/ActivityThread( 1979): Failed to find provider info for com.android.calendar
05-01 19:21:50.804 I/vol.Events( 2643): writeEvent level_changed STREAM_ALARM 6
05-01 19:21:50.824 I/vol.Events( 2643): writeEvent level_changed STREAM_BLUETOOTH_SCO 7
05-01 19:21:50.901 I/vol.Events( 2643): writeEvent level_changed STREAM_MUSIC 11
05-01 19:21:51.138 I/vol.Events( 2643): writeEvent level_changed STREAM_RING 5
05-01 19:21:51.213 I/vol.Events( 2643): writeEvent level_changed STREAM_SYSTEM 5
05-01 19:21:51.238 I/vol.Events( 2643): writeEvent level_changed STREAM_VOICE_CALL 4
05-01 19:21:51.950 W/ActivityManager( 1979): Slow operation: 88ms so far, now at startProcess: done creating new process record
05-01 19:21:51.950 W/ActivityManager( 1979): Slow operation: 89ms so far, now at startProcess: stepping in to startProcess
05-01 19:21:52.067 W/ActivityManager( 1979): Slow operation: 116ms so far, now at startProcess: building args
05-01 19:21:52.067 W/ActivityManager( 1979): Slow operation: 117ms so far, now at startProcess: asking zygote to start proc
05-01 19:21:52.427 W/ActivityManager( 1979): Slow operation: 476ms so far, now at startProcess: returned from zygote!
05-01 19:21:52.427 W/ActivityManager( 1979): Slow operation: 477ms so far, now at startProcess: done updating battery stats
05-01 19:21:52.428 W/ActivityManager( 1979): Slow operation: 477ms so far, now at startProcess: building log message
05-01 19:21:52.428 I/ActivityManager( 1979): Start proc 2693:com.android.deskclock/u0a31 for broadcast com.android.deskclock/.AlarmInitReceiver
05-01 19:21:52.428 W/ActivityManager( 1979): Slow operation: 478ms so far, now at startProcess: starting to update pids map
05-01 19:21:52.428 W/ActivityManager( 1979): Slow operation: 478ms so far, now at startProcess: done updating pids map
05-01 19:21:52.428 W/ActivityManager( 1979): Slow operation: 567ms so far, now at startProcess: done starting proc!
05-01 19:21:52.446 W/art     ( 1979): Long monitor contention with owner Binder:1979_4 (2278) at void com.android.server.am.BroadcastQueue.processNextBroadcast(boolean)(BroadcastQueue.java:760) waiters=0 in android.content.Intent com.android.server.am.ActivityManagerService.registerReceiver(android.app.IApplicationThread, java.lang.String, android.content.IIntentReceiver, android.content.IntentFilter, java.lang.String, int) for 494ms
05-01 19:21:52.447 W/art     ( 1979): Long monitor contention with owner Binder:1979_4 (2278) at void com.android.server.am.BroadcastQueue.processNextBroadcast(boolean)(BroadcastQueue.java:760) waiters=1 in void com.android.server.am.ActivityManagerService.dispatchUidsChanged() for 497ms
05-01 19:21:52.996 W/art     ( 2693): Unexpected CPU variant for X86 using defaults: x86_64
05-01 19:21:53.231 D/StorageNotification( 2643): Notifying about private volume: VolumeInfo{private}:
05-01 19:21:53.231 D/StorageNotification( 2643):     type=PRIVATE diskId=null partGuid=null mountFlags=0 mountUserId=-1 
05-01 19:21:53.231 D/StorageNotification( 2643):     state=MOUNTED 
05-01 19:21:53.231 D/StorageNotification( 2643):     fsType=null fsUuid=null fsLabel=null 
05-01 19:21:53.231 D/StorageNotification( 2643):     path=/data internalPath=null 
05-01 19:21:53.269 D/StorageNotification( 2643): Notifying about public volume: VolumeInfo{public:253,48}:
05-01 19:21:53.269 D/StorageNotification( 2643):     type=PUBLIC diskId=disk:253,48 partGuid=null mountFlags=VISIBLE 
05-01 19:21:53.269 D/StorageNotification( 2643):     mountUserId=0 state=MOUNTED 
05-01 19:21:53.269 D/StorageNotification( 2643):     fsType=vfat fsUuid=1EFF-1C1B fsLabel=SDCARD 
05-01 19:21:53.269 D/StorageNotification( 2643):     path=/storage/1EFF-1C1B internalPath=/mnt/media_rw/1EFF-1C1B 
05-01 19:21:54.654 V/KeyguardServiceDelegate( 1979): *** Keyguard connected (yay!)
05-01 19:21:55.356 I/Choreographer( 2643): Skipped 179 frames!  The application may be doing too much work on its main thread.
05-01 19:21:55.428 D/LockSettings( 1979): Removing dead StrongAuthTracker.
05-01 19:21:55.861 I/StatusBarManagerService( 1979): registerStatusBar bar=com.android.internal.statusbar.IStatusBar$Stub$Proxy@2536db6
05-01 19:21:56.940 W/System  ( 2693): ClassLoader referenced unknown path: /system/app/DeskClock/lib/x86_64
05-01 19:21:59.733 W/art     ( 2693): Suspending all threads took: 313.128ms
05-01 19:22:02.083 I/art     ( 2643): Background sticky concurrent mark sweep GC freed 16883(2MB) AllocSpace objects, 2(40KB) LOS objects, 28% free, 7MB/10MB, paused 1.853ms total 674.975ms
05-01 19:22:03.105 I/AlarmClock( 2693): AlarmInitReceiver android.intent.action.TIME_SET
05-01 19:22:03.905 W/System  ( 2643): ClassLoader referenced unknown path: 
05-01 19:22:03.906 W/System  ( 2643): ClassLoader referenced unknown path: /system/priv-app/Dialer/lib/x86_64
05-01 19:22:03.910 D/ApplicationLoaders( 2643): ignored Vulkan layer search path /system/priv-app/Dialer/lib/x86_64:/system/lib64:/vendor/lib64 for namespace 0x7940d00820f0
05-01 19:22:04.678 E/BluetoothAdapter( 2643): Bluetooth binder is null
05-01 19:22:04.895 I/CameraManagerGlobal( 2643): Connecting to camera service
05-01 19:22:04.988 V/EmulatedCamera_Camera( 1378): getCameraInfo
05-01 19:22:04.990 V/EmulatedCamera_BaseCamera( 1378): getCameraInfo
05-01 19:22:04.990 I/CameraService( 1378): getCameraCharacteristics: Switching to HAL1 shim implementation...
05-01 19:22:04.991 V/EmulatedCamera_Camera( 1378): getCameraInfo
05-01 19:22:04.991 V/EmulatedCamera_BaseCamera( 1378): getCameraInfo
05-01 19:22:05.030 V/EmulatedCamera_Camera( 1378): getCameraInfo
05-01 19:22:05.030 V/EmulatedCamera_BaseCamera( 1378): getCameraInfo
05-01 19:22:05.107 V/EmulatedCamera_Camera( 1378): getCameraInfo
05-01 19:22:05.107 V/EmulatedCamera_BaseCamera( 1378): getCameraInfo
05-01 19:22:05.183 W/WindowManager( 1979): ***** BOOT TIMEOUT: forcing display enabled
05-01 19:22:05.225 I/SurfaceFlinger( 1321): Boot is finished (201409 ms)
05-01 19:22:05.379 I/StatusBar( 2643): isKeyguardShowing() called before startKeyguard(), returning true
05-01 19:22:05.381 W/StatusBar( 2643): isKeyguardSecure() called before startKeyguard(), returning false
05-01 19:22:05.381 W/StatusBar( 2643): java.lang.Throwable
05-01 19:22:05.381 W/StatusBar( 2643): 	at com.android.systemui.statusbar.BaseStatusBar.isKeyguardSecure(BaseStatusBar.java:2647)
05-01 19:22:05.381 W/StatusBar( 2643): 	at com.android.systemui.statusbar.BaseStatusBar.isCameraAllowedByAdmin(BaseStatusBar.java:2670)
05-01 19:22:05.381 W/StatusBar( 2643): 	at com.android.systemui.statusbar.phone.KeyguardBottomAreaView.updateCameraVisibility(KeyguardBottomAreaView.java:309)
05-01 19:22:05.381 W/StatusBar( 2643): 	at com.android.systemui.statusbar.phone.KeyguardBottomAreaView.setPhoneStatusBar(KeyguardBottomAreaView.java:272)
05-01 19:22:05.381 W/StatusBar( 2643): 	at com.android.systemui.statusbar.phone.PhoneStatusBar.makeStatusBarView(PhoneStatusBar.java:904)
05-01 19:22:05.381 W/StatusBar( 2643): 	at com.android.systemui.statusbar.phone.PhoneStatusBar.addStatusBarWindow(PhoneStatusBar.java:3432)
05-01 19:22:05.381 W/StatusBar( 2643): 	at com.android.systemui.statusbar.phone.PhoneStatusBar.createAndAddWindows(PhoneStatusBar.java:3428)
05-01 19:22:05.381 W/StatusBar( 2643): 	at com.android.systemui.statusbar.BaseStatusBar.start(BaseStatusBar.java:765)
05-01 19:22:05.381 W/StatusBar( 2643): 	at com.android.systemui.statusbar.phone.PhoneStatusBar.start(PhoneStatusBar.java:686)
05-01 19:22:05.381 W/StatusBar( 2643): 	at com.android.systemui.statusbar.SystemBars.createStatusBarFromConfig(SystemBars.java:106)
05-01 19:22:05.381 W/StatusBar( 2643): 	at com.android.systemui.statusbar.SystemBars.onNoService(SystemBars.java:58)
05-01 19:22:05.381 W/StatusBar( 2643): 	at com.android.systemui.statusbar.ServiceMonitor.startService(ServiceMonitor.java:230)
05-01 19:22:05.381 W/StatusBar( 2643): 	at com.android.systemui.statusbar.ServiceMonitor.-wrap5(ServiceMonitor.java)
05-01 19:22:05.381 W/StatusBar( 2643): 	at com.android.systemui.statusbar.ServiceMonitor$1.handleMessage(ServiceMonitor.java:73)
05-01 19:22:05.381 W/StatusBar( 2643): 	at android.os.Handler.dispatchMessage(Handler.java:102)
05-01 19:22:05.381 W/StatusBar( 2643): 	at android.os.Looper.loop(Looper.java:154)
05-01 19:22:05.381 W/StatusBar( 2643): 	at android.app.ActivityThread.main(ActivityThread.java:6119)
05-01 19:22:05.381 W/StatusBar( 2643): 	at java.lang.reflect.Method.invoke(Native Method)
05-01 19:22:05.381 W/StatusBar( 2643): 	at com.android.internal.os.ZygoteInit$MethodAndArgsCaller.run(ZygoteInit.java:886)
05-01 19:22:05.381 W/StatusBar( 2643): 	at com.android.internal.os.ZygoteInit.main(ZygoteInit.java:776)
05-01 19:22:05.391 I/SystemServiceManager( 1979): Starting phase 1000
05-01 19:22:05.396 I/StatusBar( 2643): isKeyguardShowing() called before startKeyguard(), returning true
05-01 19:22:05.398 W/StatusBar( 2643): isKeyguardSecure() called before startKeyguard(), returning false
05-01 19:22:05.398 W/StatusBar( 2643): java.lang.Throwable
05-01 19:22:05.398 W/StatusBar( 2643): 	at com.android.systemui.statusbar.BaseStatusBar.isKeyguardSecure(BaseStatusBar.java:2647)
05-01 19:22:05.398 W/StatusBar( 2643): 	at com.android.systemui.statusbar.BaseStatusBar.isCameraAllowedByAdmin(BaseStatusBar.java:2670)
05-01 19:22:05.398 W/StatusBar( 2643): 	at com.android.systemui.statusbar.phone.KeyguardBottomAreaView.updateCameraVisibility(KeyguardBottomAreaView.java:309)
05-01 19:22:05.398 W/StatusBar( 2643): 	at com.android.systemui.statusbar.phone.KeyguardBottomAreaView.setUserSetupComplete(KeyguardBottomAreaView.java:281)
05-01 19:22:05.398 W/StatusBar( 2643): 	at com.android.systemui.statusbar.phone.PhoneStatusBar.makeStatusBarView(PhoneStatusBar.java:905)
05-01 19:22:05.398 W/StatusBar( 2643): 	at com.android.systemui.statusbar.phone.PhoneStatusBar.addStatusBarWindow(PhoneStatusBar.java:3432)
05-01 19:22:05.398 W/StatusBar( 2643): 	at com.android.systemui.statusbar.phone.PhoneStatusBar.createAndAddWindows(PhoneStatusBar.java:3428)
05-01 19:22:05.398 W/StatusBar( 2643): 	at com.android.systemui.statusbar.BaseStatusBar.start(BaseStatusBar.java:765)
05-01 19:22:05.398 W/StatusBar( 2643): 	at com.android.systemui.statusbar.phone.PhoneStatusBar.start(PhoneStatusBar.java:686)
05-01 19:22:05.398 W/StatusBar( 2643): 	at com.android.systemui.statusbar.SystemBars.createStatusBarFromConfig(SystemBars.java:106)
05-01 19:22:05.398 W/StatusBar( 2643): 	at com.android.systemui.statusbar.SystemBars.onNoService(SystemBars.java:58)
05-01 19:22:05.398 W/StatusBar( 2643): 	at com.android.systemui.statusbar.ServiceMonitor.startService(ServiceMonitor.java:230)
05-01 19:22:05.398 W/StatusBar( 2643): 	at com.android.systemui.statusbar.ServiceMonitor.-wrap5(ServiceMonitor.java)
05-01 19:22:05.398 W/StatusBar( 2643): 	at com.android.systemui.statusbar.ServiceMonitor$1.handleMessage(ServiceMonitor.java:73)
05-01 19:22:05.398 W/StatusBar( 2643): 	at android.os.Handler.dispatchMessage(Handler.java:102)
05-01 19:22:05.398 W/StatusBar( 2643): 	at android.os.Looper.loop(Looper.java:154)
05-01 19:22:05.398 W/StatusBar( 2643): 	at android.app.ActivityThread.main(ActivityThread.java:6119)
05-01 19:22:05.398 W/StatusBar( 2643): 	at java.lang.reflect.Method.invoke(Native Method)
05-01 19:22:05.398 W/StatusBar( 2643): 	at com.android.internal.os.ZygoteInit$MethodAndArgsCaller.run(ZygoteInit.java:886)
05-01 19:22:05.398 W/StatusBar( 2643): 	at com.android.internal.os.ZygoteInit.main(ZygoteInit.java:776)
05-01 19:22:06.404 W/ActivityManager( 1979): Slow operation: 962ms so far, now at startProcess: returned from zygote!
05-01 19:22:06.407 W/ActivityManager( 1979): Slow operation: 978ms so far, now at startProcess: done updating battery stats
05-01 19:22:06.408 W/ActivityManager( 1979): Slow operation: 980ms so far, now at startProcess: building log message
05-01 19:22:06.409 I/ActivityManager( 1979): Start proc 2738:android.ext.services/u0a12 for on-hold
05-01 19:22:06.409 W/ActivityManager( 1979): Slow operation: 980ms so far, now at startProcess: starting to update pids map
05-01 19:22:06.410 W/ActivityManager( 1979): Slow operation: 981ms so far, now at startProcess: done updating pids map
05-01 19:22:06.548 I/Choreographer( 2454): Skipped 54 frames!  The application may be doing too much work on its main thread.
