05-23 14:09:48.061 V/BackupManagerService( 3231): restoreAtInstall pkg=jp.jaxa.iss.kibo.rpc.sampleapk token=1 restoreSet=0
05-23 14:09:48.071 W/ActivityManager( 3231): Slow operation: 86ms so far, now at startProcess: returned from zygote!
05-23 14:09:48.071 W/ActivityManager( 3231): Slow operation: 86ms so far, now at startProcess: done updating battery stats
05-23 14:09:48.072 W/ActivityManager( 3231): Slow operation: 86ms so far, now at startProcess: building log message
05-23 14:09:48.072 I/ActivityManager( 3231): Start proc 4128:com.android.dialer/u0a8 for broadcast com.android.dialer/.calllog.CallLogReceiver
05-23 14:09:48.072 W/ActivityManager( 3231): Slow operation: 87ms so far, now at startProcess: starting to update pids map
05-23 14:09:48.072 W/ActivityManager( 3231): Slow operation: 87ms so far, now at startProcess: done updating pids map
05-23 14:09:48.072 W/ActivityManager( 3231): Slow operation: 88ms so far, now at startProcess: done starting proc!
05-23 14:09:48.092 W/BackupManagerService( 3231): Requested unavailable transport: android/com.android.internal.backup.LocalTransport
05-23 14:09:48.092 W/BackupManagerService( 3231): No transport
05-23 14:09:48.092 V/BackupManagerService( 3231): Finishing install immediately
05-23 14:09:48.183 I/BootReceiver( 3231): Copying audit failures to DropBox
05-23 14:09:48.184 I/BootReceiver( 3231): Checking for fsck errors
05-23 14:09:48.190 W/System  ( 4128): ClassLoader referenced unknown path: /system/priv-app/Dialer/lib/x86_64
05-23 14:09:48.275 D/VoldConnector( 3231): SND -> {9 volume remount_uid 10064 default}
05-23 14:09:48.285 I/GnssLocationProvider( 3231): WakeLock acquired by sendMessage(3, 0, com.android.server.location.GnssLocationProvider$GpsRequest@67d4ff3)
05-23 14:09:48.286 I/GnssLocationProvider( 3231): WakeLock acquired by sendMessage(3, 0, com.android.server.location.GnssLocationProvider$GpsRequest@aa944b0)
05-23 14:09:48.310 D/vold    ( 1275): Remounting 10064 as mode default
05-23 14:09:48.351 D/VoldConnector( 3231): RCV <- {200 9 Command succeeded}
05-23 14:09:48.363 D/VoldConnector( 3231): SND -> {10 volume remount_uid 10064 write}
05-23 14:09:48.364 D/vold    ( 1275): Remounting 10064 as mode write
05-23 14:09:48.372 I/GnssLocationProvider( 3231): WakeLock acquired by sendMessage(3, 0, com.android.server.location.GnssLocationProvider$GpsRequest@dfb22ae)
05-23 14:09:48.383 D/VoldConnector( 3231): RCV <- {200 10 Command succeeded}
05-23 14:09:48.416 I/art     ( 3231): Starting a blocking GC Explicit
05-23 14:09:48.541 I/GnssLocationProvider( 3231): WakeLock released by handleMessage(3, 0, com.android.server.location.GnssLocationProvider$GpsRequest@67d4ff3)
05-23 14:09:48.542 I/GnssLocationProvider( 3231): WakeLock released by handleMessage(3, 0, com.android.server.location.GnssLocationProvider$GpsRequest@aa944b0)
05-23 14:09:48.562 I/GnssLocationProvider( 3231): WakeLock released by handleMessage(3, 0, com.android.server.location.GnssLocationProvider$GpsRequest@dfb22ae)
05-23 14:09:48.755 I/art     ( 3231): Explicit concurrent mark sweep GC freed 28531(1881KB) AllocSpace objects, 19(556KB) LOS objects, 29% free, 9MB/13MB, paused 2.495ms total 336.520ms
05-23 14:09:48.758 E/        ( 1330): Couldn't opendir /data/app/vmdl507891424.tmp: No such file or directory
05-23 14:09:48.888 I/art     ( 4099): System.exit called, status: 0
05-23 14:09:48.888 I/AndroidRuntime( 4099): VM exiting with result code 0.
05-23 14:09:48.940 I/InputReader( 3231): Reconfiguring input devices.  changes=0x00000010
05-23 14:09:49.132 E/PhoneInterfaceManager( 3668): [PhoneIntfMgr] getCarrierPackageNamesForIntent: No UICC
05-23 14:09:49.132 D/CarrierSvcBindHelper( 3668): No carrier app for: 0
05-23 14:09:49.134 D/CarrierConfigLoader( 3668): mHandler: 9 phoneId: 0
05-23 14:09:49.611 W/VoiceInteractionManagerService( 3231): no available voice recognition services found for user 0
05-23 14:09:49.726 D/ExtensionsFactory( 4128): No custom extensions.
05-23 14:09:49.771 D/BlockedNumbersAuto( 4128): Not attempting auto-migrate: already checked once.
05-23 14:09:49.884 D/CarrierConfigLoader( 3668): mHandler: 13 phoneId: 0
05-23 14:09:49.885 D/CarrierConfigLoader( 3668): mHandler: 7 phoneId: 0
05-23 14:09:49.902 E/CarrierConfigLoader( 3668): Cannot restore config with null packageName or iccid.
05-23 14:09:49.902 D/CarrierConfigLoader( 3668): Binding to com.android.carrierconfig for phone 0
05-23 14:09:49.929 W/art     ( 4154): Unexpected CPU variant for X86 using defaults: x86_64
05-23 14:09:49.963 W/ActivityManager( 3231): Slow operation: 73ms so far, now at startProcess: returned from zygote!
05-23 14:09:49.963 W/ActivityManager( 3231): Slow operation: 74ms so far, now at startProcess: done updating battery stats
05-23 14:09:49.963 W/ActivityManager( 3231): Slow operation: 74ms so far, now at startProcess: building log message
05-23 14:09:49.963 I/ActivityManager( 3231): Start proc 4154:com.android.calendar/u0a26 for broadcast com.android.calendar/.alerts.AlertReceiver
05-23 14:09:49.963 W/ActivityManager( 3231): Slow operation: 74ms so far, now at startProcess: starting to update pids map
05-23 14:09:49.964 W/ActivityManager( 3231): Slow operation: 74ms so far, now at startProcess: done updating pids map
05-23 14:09:49.964 W/ActivityManager( 3231): Slow operation: 75ms so far, now at startProcess: done starting proc!
05-23 14:09:50.019 W/art     ( 4168): Unexpected CPU variant for X86 using defaults: x86_64
05-23 14:09:50.080 W/ActivityManager( 3231): Slow operation: 111ms so far, now at startProcess: returned from zygote!
05-23 14:09:50.080 W/ActivityManager( 3231): Slow operation: 112ms so far, now at startProcess: done updating battery stats
05-23 14:09:50.080 W/ActivityManager( 3231): Slow operation: 112ms so far, now at startProcess: building log message
05-23 14:09:50.080 I/ActivityManager( 3231): Start proc 4168:com.android.carrierconfig/u0a3 for service com.android.carrierconfig/.DefaultCarrierConfigService
05-23 14:09:50.080 W/ActivityManager( 3231): Slow operation: 112ms so far, now at startProcess: starting to update pids map
05-23 14:09:50.081 W/ActivityManager( 3231): Slow operation: 112ms so far, now at startProcess: done updating pids map
05-23 14:09:50.081 W/ActivityManager( 3231): Slow operation: 112ms so far, now at startProcess: done starting proc!
05-23 14:09:50.094 W/CountryDetector( 4128): No location permissions, not registering for location updates.
05-23 14:09:50.157 W/art     ( 3231): Long monitor contention with owner Binder:3231_2 (3249) at int com.android.server.am.ActivityManagerService.bindService(android.app.IApplicationThread, android.os.IBinder, android.content.Intent, java.lang.String, android.app.IServiceConnection, int, java.lang.String, int)(ActivityManagerService.java:17301) waiters=1 in void com.android.server.am.ActivityManagerService.dispatchUidsChanged() for 183ms
05-23 14:09:50.264 W/System  ( 4168): ClassLoader referenced unknown path: /system/priv-app/CarrierConfig/lib/x86_64
05-23 14:09:50.378 W/System  ( 4154): ClassLoader referenced unknown path: /system/app/Calendar/lib/x86_64
05-23 14:09:50.415 D/DefaultCarrierConfigService( 4168): Service created
05-23 14:09:50.440 D/CarrierConfigLoader( 3668): Connected to config app: com.android.carrierconfig/com.android.carrierconfig.DefaultCarrierConfigService
05-23 14:09:50.441 D/CarrierConfigLoader( 3668): mHandler: 3 phoneId: 0
05-23 14:09:50.493 D/DefaultCarrierConfigService( 4168): Config being fetched
05-23 14:09:50.497 D/DefaultCarrierConfigService( 4168): java.io.FileNotFoundException: carrier_config_.xml
05-23 14:09:50.503 E/CarrierConfigLoader( 3668): Cannot save config with null packageName or iccid.
05-23 14:09:50.511 D/CarrierConfigLoader( 3668): mHandler: 5 phoneId: 0
05-23 14:09:50.523 E/PhoneInterfaceManager( 3668): [PhoneIntfMgr] getCarrierPackageNamesForIntent: No UICC
05-23 14:09:50.563 I/Telecom ( 3231): PhoneAccountRegistrar: SimCallManager queried, returning: null: TSI.gSCMFU@AAk
05-23 14:09:50.712 D/ExtensionsFactory( 4154): No custom extensions.
05-23 14:09:50.725 D/AlertReceiver( 4154): onReceive: a=android.intent.action.BOOT_COMPLETED Intent { act=android.intent.action.BOOT_COMPLETED flg=0x9000010 cmp=com.android.calendar/.alerts.AlertReceiver (has extras) }
05-23 14:09:50.748 I/AlarmClock( 3824): AlarmInitReceiver android.intent.action.BOOT_COMPLETED
05-23 14:09:50.803 D/AlertUtils( 4154): Flushing old alerts from shared prefs table
05-23 14:09:50.817 D/AlertService( 4154): 0 Action = android.intent.action.BOOT_COMPLETED
05-23 14:09:50.842 D/AlertService( 4154): Scheduling next alarm with AlarmScheduler. sEventReminderReceived: null
05-23 14:09:50.899 I/ActivityManager( 3231): Start proc 4190:com.android.providers.calendar/u0a2 for content provider com.android.providers.calendar/.CalendarProvider2
05-23 14:09:50.921 W/art     ( 4190): Unexpected CPU variant for X86 using defaults: x86_64
05-23 14:09:50.972 V/AlarmClock( 3824): AlarmInitReceiver finished
05-23 14:09:51.010 W/art     ( 4204): Unexpected CPU variant for X86 using defaults: x86_64
05-23 14:09:51.012 I/ActivityManager( 3231): Start proc 4204:com.android.email/u0a34 for broadcast com.android.email/.service.EmailBroadcastReceiver
05-23 14:09:51.125 W/System  ( 4190): ClassLoader referenced unknown path: /system/priv-app/CalendarProvider/lib/x86_64
05-23 14:09:51.192 W/System  ( 4204): ClassLoader referenced unknown path: /system/app/Email/lib/x86_64
05-23 14:09:51.599 I/CalendarProvider2( 4190): Created com.android.providers.calendar.CalendarAlarmManager@87434dc(com.android.providers.calendar.CalendarProvider2@fbdb9e5)
05-23 14:09:51.750 D/AlarmScheduler( 4154): No events found starting within 1 week.
05-23 14:09:52.414 W/ActivityManager( 3231): Unable to start service Intent { act=com.android.email.EXCHANGE_INTENT pkg=com.android.exchange } U=0: not found
05-23 14:09:52.440 D/ActivityThread( 4204): Loading provider com.android.email.provider;com.android.email.notifier: com.android.email.provider.EmailProvider
05-23 14:09:52.487 W/ActivityManager( 3231): Unable to start service Intent { act=com.android.email.EXCHANGE_INTENT pkg=com.android.exchange } U=0: not found
05-23 14:09:52.495 D/ActivityThread( 4204): Loading provider com.android.email.provider;com.android.email.notifier: com.android.email.provider.EmailProvider
05-23 14:09:52.498 W/ActivityManager( 3231): Unable to start service Intent { act=com.android.email.EXCHANGE_INTENT pkg=com.android.exchange } U=0: not found
05-23 14:09:52.696 W/ActivityManager( 3231): Unable to start service Intent { cmp=com.android.email/.service.AttachmentService } U=0: not found
05-23 14:09:52.708 W/ActivityManager( 3231): Unable to start service Intent { act=com.android.email.EXCHANGE_INTENT pkg=com.android.exchange } U=0: not found
05-23 14:09:52.743 I/CalendarProvider2( 4190): Sending notification intent: Intent { act=android.intent.action.PROVIDER_CHANGED dat=content://com.android.calendar flg=0x20000000 }
05-23 14:09:52.744 W/ContentResolver( 4190): Failed to get type for: content://com.android.calendar (Unknown URL content://com.android.calendar)
05-23 14:09:52.793 I/SystemBroadcastReceiver( 3429): Boot has been completed
05-23 14:09:52.794 I/SystemBroadcastReceiver( 3429): toggleAppIcon() : FLAG_SYSTEM = true
05-23 14:09:52.824 I/Email   ( 4204): Observing account changes for notifications
05-23 14:09:52.891 I/ActivityManager( 3231): Start proc 4228:com.android.managedprovisioning/u0a14 for broadcast com.android.managedprovisioning/.BootReminder
05-23 14:09:52.897 W/ActivityManager( 3231): Unable to start service Intent { cmp=com.android.email/.service.AttachmentService } U=0: not found
05-23 14:09:52.902 W/ActivityManager( 3231): Unable to start service Intent { act=com.android.email.EXCHANGE_INTENT pkg=com.android.exchange } U=0: not found
05-23 14:09:52.927 W/art     ( 4228): Unexpected CPU variant for X86 using defaults: x86_64
05-23 14:09:52.938 W/ActivityManager( 3231): Unable to start service Intent { cmp=com.android.email/.service.AttachmentService } U=0: not found
05-23 14:09:53.021 W/ActivityManager( 3231): Unable to start service Intent { act=com.android.email.EXCHANGE_INTENT pkg=com.android.exchange } U=0: not found
05-23 14:09:53.035 W/ActivityManager( 3231): Unable to start service Intent { act=com.android.email.EXCHANGE_INTENT pkg=com.android.exchange } U=0: not found
05-23 14:09:53.063 E/ActivityThread( 4204): Service com.android.email.service.EmailBroadcastProcessorService has leaked ServiceConnection com.android.emailcommon.service.ServiceProxy$ProxyConnection@9236136 that was originally bound here
05-23 14:09:53.063 E/ActivityThread( 4204): android.app.ServiceConnectionLeaked: Service com.android.email.service.EmailBroadcastProcessorService has leaked ServiceConnection com.android.emailcommon.service.ServiceProxy$ProxyConnection@9236136 that was originally bound here
05-23 14:09:53.063 E/ActivityThread( 4204): 	at android.app.LoadedApk$ServiceDispatcher.<init>(LoadedApk.java:1336)
05-23 14:09:53.063 E/ActivityThread( 4204): 	at android.app.LoadedApk.getServiceDispatcher(LoadedApk.java:1231)
05-23 14:09:53.063 E/ActivityThread( 4204): 	at android.app.ContextImpl.bindServiceCommon(ContextImpl.java:1450)
05-23 14:09:53.063 E/ActivityThread( 4204): 	at android.app.ContextImpl.bindService(ContextImpl.java:1422)
05-23 14:09:53.063 E/ActivityThread( 4204): 	at android.content.ContextWrapper.bindService(ContextWrapper.java:636)
05-23 14:09:53.063 E/ActivityThread( 4204): 	at com.android.emailcommon.service.ServiceProxy.setTask(ServiceProxy.java:181)
05-23 14:09:53.063 E/ActivityThread( 4204): 	at com.android.emailcommon.service.ServiceProxy.test(ServiceProxy.java:224)
05-23 14:09:53.063 E/ActivityThread( 4204): 	at com.android.email.service.EmailServiceUtils.isServiceAvailable(EmailServiceUtils.java:160)
05-23 14:09:53.063 E/ActivityThread( 4204): 	at com.android.email.provider.AccountReconciler.reconcileAccountsInternal(AccountReconciler.java:171)
05-23 14:09:53.063 E/ActivityThread( 4204): 	at com.android.email.provider.AccountReconciler.reconcileAccounts(AccountReconciler.java:115)
05-23 14:09:53.063 E/ActivityThread( 4204): 	at com.android.email.service.EmailBroadcastProcessorService.reconcileAndStartServices(EmailBroadcastProcessorService.java:305)
05-23 14:09:53.063 E/ActivityThread( 4204): 	at com.android.email.service.EmailBroadcastProcessorService.onBootCompleted(EmailBroadcastProcessorService.java:295)
05-23 14:09:53.063 E/ActivityThread( 4204): 	at com.android.email.service.EmailBroadcastProcessorService.onHandleIntent(EmailBroadcastProcessorService.java:130)
05-23 14:09:53.063 E/ActivityThread( 4204): 	at android.app.IntentService$ServiceHandler.handleMessage(IntentService.java:68)
05-23 14:09:53.063 E/ActivityThread( 4204): 	at android.os.Handler.dispatchMessage(Handler.java:102)
05-23 14:09:53.063 E/ActivityThread( 4204): 	at android.os.Looper.loop(Looper.java:154)
05-23 14:09:53.063 E/ActivityThread( 4204): 	at android.os.HandlerThread.run(HandlerThread.java:61)
05-23 14:09:53.077 W/ActivityManager( 3231): Unbind failed: could not find connection for android.os.BinderProxy@552ca2f
05-23 14:09:53.097 W/System  ( 4228): ClassLoader referenced unknown path: /system/priv-app/ManagedProvisioning/lib/x86_64
05-23 14:09:53.123 W/ActivityManager( 3231): Unable to start service Intent { act=com.android.email.EXCHANGE_INTENT pkg=com.android.exchange } U=0: not found
05-23 14:09:53.278 I/ActivityManager( 3231): Start proc 4242:com.android.messaging/u0a54 for broadcast com.android.messaging/.receiver.BootAndPackageReplacedReceiver
05-23 14:09:53.298 W/art     ( 4242): Unexpected CPU variant for X86 using defaults: x86_64
05-23 14:09:53.382 W/System  ( 4242): ClassLoader referenced unknown path: /system/app/messaging/lib/x86_64
05-23 14:09:54.435 I/MessagingApp( 4242): Carrier config changed. Reloading MMS config.
05-23 14:09:54.469 V/VvmBootCompletedRcvr( 3668): processing subId list
05-23 14:09:54.495 E/VvmBootCompletedRcvr( 3668): phone account ComponentInfo{com.android.phone/com.android.services.telephony.TelephonyConnectionService}, [e2f7d48dd2b5ca523e7313cf4ba0f6ea830b6281], UserHandle{0} has invalid subId -1
05-23 14:09:54.583 I/MessagingAppDataModel( 4242): Fixup: Send failed - 0 Download failed - 0
05-23 14:09:54.848 I/MessagingAppDataModel( 4242): SyncMessagesAction: Starting batch for messages from 1616676894217 to 1621778994345 (message update limit = 80, message scan limit = 4000)
05-23 14:09:54.985 W/ActivityManager( 3231): Slow operation: 56ms so far, now at startProcess: returned from zygote!
05-23 14:09:54.986 W/ActivityManager( 3231): Slow operation: 56ms so far, now at startProcess: done updating battery stats
05-23 14:09:54.986 W/ActivityManager( 3231): Slow operation: 57ms so far, now at startProcess: building log message
05-23 14:09:54.986 I/ActivityManager( 3231): Start proc 4264:com.android.gallery3d/u0a39 for broadcast com.android.gallery3d/.app.PackagesMonitor
05-23 14:09:54.986 W/ActivityManager( 3231): Slow operation: 57ms so far, now at startProcess: starting to update pids map
05-23 14:09:54.986 W/ActivityManager( 3231): Slow operation: 57ms so far, now at startProcess: done updating pids map
05-23 14:09:54.986 W/ActivityManager( 3231): Slow operation: 57ms so far, now at startProcess: done starting proc!
05-23 14:09:55.016 W/art     ( 4264): Unexpected CPU variant for X86 using defaults: x86_64
05-23 14:09:55.619 I/MessagingAppDataModel( 4242): SyncMessagesAction: All messages now in sync
05-23 14:09:56.481 W/ActivityManager( 3231): Slow operation: 82ms so far, now at startProcess: returned from zygote!
05-23 14:09:56.482 W/ActivityManager( 3231): Slow operation: 82ms so far, now at startProcess: done updating battery stats
05-23 14:09:56.482 W/ActivityManager( 3231): Slow operation: 83ms so far, now at startProcess: building log message
05-23 14:09:56.482 I/ActivityManager( 3231): Start proc 4281:com.svox.pico/u0a49 for broadcast com.svox.pico/.VoiceDataInstallerReceiver
05-23 14:09:56.482 W/ActivityManager( 3231): Slow operation: 83ms so far, now at startProcess: starting to update pids map
05-23 14:09:56.482 W/ActivityManager( 3231): Slow operation: 83ms so far, now at startProcess: done updating pids map
05-23 14:09:56.482 W/ActivityManager( 3231): Slow operation: 84ms so far, now at startProcess: done starting proc!
05-23 14:09:56.500 W/art     ( 4281): Unexpected CPU variant for X86 using defaults: x86_64
05-23 14:09:56.820 I/VvmSimChangeReceiver( 3668): Received SIM change for invalid subscription id.
05-23 14:09:56.984 D/AlertReceiver( 4154): onReceive: a=android.intent.action.PROVIDER_CHANGED Intent { act=android.intent.action.PROVIDER_CHANGED dat=content://com.android.calendar flg=0x20000010 cmp=com.android.calendar/.alerts.AlertReceiver }
05-23 14:09:57.027 D/AlertService( 4154): 0 Action = android.intent.action.PROVIDER_CHANGED
05-23 14:09:57.311 W/MediaScanner( 4026): Error opening directory '/oem/media/', skipping: No such file or directory.
05-23 14:09:57.525 V/MediaScanner( 4026): pruneDeadThumbnailFiles... android.content.ContentProviderClient$CursorWrapperInner@4e483e6
05-23 14:09:57.527 V/MediaScanner( 4026): /pruneDeadThumbnailFiles... android.content.ContentProviderClient$CursorWrapperInner@4e483e6
05-23 14:10:02.071 I/GlobalDismissManager( 4154): no sender configured
05-23 14:10:02.073 D/AlertService( 4154): Beginning updateAlertNotification
05-23 14:10:02.105 D/AlertService( 4154): No fired or scheduled alerts
05-23 14:10:02.137 D/AlertService( 4154): Scheduling next alarm with AlarmScheduler. sEventReminderReceived: null
05-23 14:10:02.166 D/AlarmScheduler( 4154): No events found starting within 1 week.
05-23 14:10:05.846 I/ActivityManager( 3231): Waited long enough for: ServiceRecord{764bdd1 u0 com.android.calendar/.alerts.InitAlarmsService}
05-23 14:10:20.903 D/InitAlarmsService( 4154): Clearing and rescheduling alarms.
05-23 14:11:00.020 I/ActivityManager( 3231): Killing 3938:com.android.keychain/1000 (adj 906): empty #17
05-23 14:11:00.194 D/ActivityManager( 3231): cleanUpApplicationRecord -- 3938
05-23 14:12:09.011 D/AndroidRuntime( 4303): >>>>>> START com.android.internal.os.RuntimeInit uid 2000 <<<<<<
05-23 14:12:09.120 D/AndroidRuntime( 4303): CheckJNI is ON
05-23 14:12:09.668 W/art     ( 4303): Unexpected CPU variant for X86 using defaults: x86_64
05-23 14:12:09.750 D/ICU     ( 4303): No timezone override file found: /data/misc/zoneinfo/current/icu/icu_tzdata.dat
05-23 14:12:10.018 E/memtrack( 4303): Couldn't load memtrack module (No such file or directory)
05-23 14:12:10.018 E/android.os.Debug( 4303): failed to load memtrack module: -2
05-23 14:12:10.026 I/Radio-JNI( 4303): register_android_hardware_Radio DONE
05-23 14:12:10.187 D/AndroidRuntime( 4303): Calling main entry com.android.commands.am.Am
05-23 14:12:10.484 W/ActivityManager( 3231): Slow operation: 150ms so far, now at startProcess: returned from zygote!
05-23 14:12:10.485 W/ActivityManager( 3231): Slow operation: 152ms so far, now at startProcess: done updating battery stats
05-23 14:12:10.487 W/ActivityManager( 3231): Slow operation: 154ms so far, now at startProcess: building log message
05-23 14:12:10.488 I/ActivityManager( 3231): Start proc 4313:gov.nasa.arc.astrobee.android.gs.manager/u0a63 for service gov.nasa.arc.astrobee.android.gs.manager/.ManagerService
05-23 14:12:10.488 W/ActivityManager( 3231): Slow operation: 155ms so far, now at startProcess: starting to update pids map
05-23 14:12:10.489 W/ActivityManager( 3231): Slow operation: 156ms so far, now at startProcess: done updating pids map
05-23 14:12:10.489 W/ActivityManager( 3231): Slow operation: 159ms so far, now at startProcess: done starting proc!
05-23 14:12:10.527 I/art     ( 4313): Not late-enabling -Xcheck:jni (already on)
05-23 14:12:10.535 D/AndroidRuntime( 4303): Shutting down VM
05-23 14:12:10.542 W/art     ( 4313): Unexpected CPU variant for X86 using defaults: x86_64
05-23 14:12:11.112 W/System  ( 4313): ClassLoader referenced unknown path: /data/app/gov.nasa.arc.astrobee.android.gs.manager-1/lib/x86_64
05-23 14:12:11.255 I/art     ( 3231): Background partial concurrent mark sweep GC freed 34542(2006KB) AllocSpace objects, 11(388KB) LOS objects, 29% free, 9MB/13MB, paused 6.850ms total 416.597ms
05-23 14:12:11.845 E/Notification( 4313): setLatestEventInfo() is deprecated and you should feel deprecated.
05-23 14:12:11.845 E/Notification( 4313): java.lang.Throwable
05-23 14:12:11.845 E/Notification( 4313): 	at android.app.Notification.setLatestEventInfo(Notification.java:2076)
05-23 14:12:11.845 E/Notification( 4313): 	at org.ros.android.NodeMainExecutorService.onStartCommand(NodeMainExecutorService.java:220)
05-23 14:12:11.845 E/Notification( 4313): 	at android.app.ActivityThread.handleServiceArgs(ActivityThread.java:3326)
05-23 14:12:11.845 E/Notification( 4313): 	at android.app.ActivityThread.-wrap21(ActivityThread.java)
05-23 14:12:11.845 E/Notification( 4313): 	at android.app.ActivityThread$H.handleMessage(ActivityThread.java:1582)
05-23 14:12:11.845 E/Notification( 4313): 	at android.os.Handler.dispatchMessage(Handler.java:102)
05-23 14:12:11.845 E/Notification( 4313): 	at android.os.Looper.loop(Looper.java:154)
05-23 14:12:11.845 E/Notification( 4313): 	at android.app.ActivityThread.main(ActivityThread.java:6119)
05-23 14:12:11.845 E/Notification( 4313): 	at java.lang.reflect.Method.invoke(Native Method)
05-23 14:12:11.845 E/Notification( 4313): 	at com.android.internal.os.ZygoteInit$MethodAndArgsCaller.run(ZygoteInit.java:886)
05-23 14:12:11.845 E/Notification( 4313): 	at com.android.internal.os.ZygoteInit.main(ZygoteInit.java:776)
05-23 14:12:13.769 I/Registrar( 4313): MasterXmlRpcEndpoint URI: http://llp:11311
05-23 14:12:14.277 I/Registrar( 4313): Registering publisher: Publisher<PublisherDefinition<PublisherIdentifier<NodeIdentifier</guest_science_manager, http://hlp:45173/>, TopicIdentifier</rosout>>, Topic<TopicIdentifier</rosout>, TopicDescription<rosgraph_msgs/Log, acffd30cd6b6de30f120938c17c593fb>>>>
05-23 14:12:14.503 D/NotificationSQLiteLog( 3231): Pruned event entries: 15
05-23 14:12:15.302 I/Registrar( 4313): Response<Success, Registered [/guest_science_manager] as publisher of [/rosout], [http://10.42.0.34:33166/]>
05-23 14:12:15.307 I/DefaultPublisher( 4313): Publisher registered: Publisher<PublisherDefinition<PublisherIdentifier<NodeIdentifier</guest_science_manager, http://hlp:45173/>, TopicIdentifier</rosout>>, Topic<TopicIdentifier</rosout>, TopicDescription<rosgraph_msgs/Log, acffd30cd6b6de30f120938c17c593fb>>>>
05-23 14:12:15.461 I/Registrar( 4313): Registering subscriber: Subscriber<Topic<TopicIdentifier</clock>, TopicDescription<rosgraph_msgs/Clock, a9c97c1d230cfc112e270351a944ee47>>>
05-23 14:12:15.638 I/Registrar( 4313): Response<Success, Subscribed to [/clock], [http://10.42.0.34:43288/]>
05-23 14:12:15.672 I/DefaultSubscriber( 4313): Subscriber registered: Subscriber<Topic<TopicIdentifier</clock>, TopicDescription<rosgraph_msgs/Clock, a9c97c1d230cfc112e270351a944ee47>>>
05-23 14:12:15.853 I/Registrar( 4313): Registering publisher: Publisher<PublisherDefinition<PublisherIdentifier<NodeIdentifier</guest_science_manager, http://hlp:45173/>, TopicIdentifier</gs/gs_manager/ack>>, Topic<TopicIdentifier</gs/gs_manager/ack>, TopicDescription<ff_msgs/AckStamped, cebddec69fd770df54633be444a9187d>>>>
05-23 14:12:16.049 I/Registrar( 4313): Registering publisher: Publisher<PublisherDefinition<PublisherIdentifier<NodeIdentifier</guest_science_manager, http://hlp:45173/>, TopicIdentifier</gs/gs_manager/config>>, Topic<TopicIdentifier</gs/gs_manager/config>, TopicDescription<ff_msgs/GuestScienceConfig, c6f632ed2411de4159494a3e7754794e>>>>
05-23 14:12:16.079 I/Registrar( 4313): Response<Success, Registered [/guest_science_manager] as publisher of [/gs/gs_manager/ack], [http://10.42.0.34:33002/]>
05-23 14:12:16.122 I/DefaultPublisher( 4313): Publisher registered: Publisher<PublisherDefinition<PublisherIdentifier<NodeIdentifier</guest_science_manager, http://hlp:45173/>, TopicIdentifier</gs/gs_manager/ack>>, Topic<TopicIdentifier</gs/gs_manager/ack>, TopicDescription<ff_msgs/AckStamped, cebddec69fd770df54633be444a9187d>>>>
05-23 14:12:16.233 I/Registrar( 4313): Registering publisher: Publisher<PublisherDefinition<PublisherIdentifier<NodeIdentifier</guest_science_manager, http://hlp:45173/>, TopicIdentifier</gs/data>>, Topic<TopicIdentifier</gs/data>, TopicDescription<ff_msgs/GuestScienceData, edd2c791ea93ffa7cb0ec80c5bb00972>>>>
05-23 14:12:16.343 W/art     ( 4313): Suspending all threads took: 6.613ms
05-23 14:12:16.478 I/Registrar( 4313): Registering publisher: Publisher<PublisherDefinition<PublisherIdentifier<NodeIdentifier</guest_science_manager, http://hlp:45173/>, TopicIdentifier</gs/gs_manager/state>>, Topic<TopicIdentifier</gs/gs_manager/state>, TopicDescription<ff_msgs/GuestScienceState, 24e5a1ba8527257cc710720a32de6e51>>>>
05-23 14:12:16.501 I/Registrar( 4313): Response<Success, Registered [/guest_science_manager] as publisher of [/gs/gs_manager/config], [http://10.42.0.34:33002/, http://10.42.0.34:43921/]>
05-23 14:12:16.605 I/DefaultPublisher( 4313): Publisher registered: Publisher<PublisherDefinition<PublisherIdentifier<NodeIdentifier</guest_science_manager, http://hlp:45173/>, TopicIdentifier</gs/gs_manager/config>>, Topic<TopicIdentifier</gs/gs_manager/config>, TopicDescription<ff_msgs/GuestScienceConfig, c6f632ed2411de4159494a3e7754794e>>>>
05-23 14:12:16.635 I/Registrar( 4313): Response<Success, Registered [/guest_science_manager] as publisher of [/gs/data], [http://10.42.0.34:43264/, http://10.42.0.34:43921/, http://10.42.0.34:41559/]>
05-23 14:12:16.761 I/DefaultPublisher( 4313): Publisher registered: Publisher<PublisherDefinition<PublisherIdentifier<NodeIdentifier</guest_science_manager, http://hlp:45173/>, TopicIdentifier</gs/data>>, Topic<TopicIdentifier</gs/data>, TopicDescription<ff_msgs/GuestScienceData, edd2c791ea93ffa7cb0ec80c5bb00972>>>>
05-23 14:12:17.325 I/art     ( 4313): Background sticky concurrent mark sweep GC freed 27823(2MB) AllocSpace objects, 24(484KB) LOS objects, 15% free, 8MB/10MB, paused 19.448ms total 1.310s
05-23 14:12:17.568 I/Registrar( 4313): Registering subscriber: Subscriber<Topic<TopicIdentifier</mgt/executive/command>, TopicDescription<ff_msgs/CommandStamped, ac01350894b1be9e3a7b4f390a14812d>>>
05-23 14:12:17.656 I/Registrar( 4313): Response<Success, Registered [/guest_science_manager] as publisher of [/gs/gs_manager/state], [http://10.42.0.34:33002/, http://10.42.0.34:43921/]>
05-23 14:12:17.659 I/DefaultPublisher( 4313): Publisher registered: Publisher<PublisherDefinition<PublisherIdentifier<NodeIdentifier</guest_science_manager, http://hlp:45173/>, TopicIdentifier</gs/gs_manager/state>>, Topic<TopicIdentifier</gs/gs_manager/state>, TopicDescription<ff_msgs/GuestScienceState, 24e5a1ba8527257cc710720a32de6e51>>>>
05-23 14:12:18.124 I/Registrar( 4313): Response<Success, Subscribed to [/mgt/executive/command], [http://10.42.0.34:33002/]>
05-23 14:12:18.150 I/DefaultSubscriber( 4313): Subscriber registered: Subscriber<Topic<TopicIdentifier</mgt/executive/command>, TopicDescription<ff_msgs/CommandStamped, ac01350894b1be9e3a7b4f390a14812d>>>
05-23 14:12:18.295 W/ActivityManager( 3231): Slow operation: 166ms so far, now at startProcess: returned from zygote!
05-23 14:12:18.295 W/ActivityManager( 3231): Slow operation: 167ms so far, now at startProcess: done updating battery stats
05-23 14:12:18.295 W/ActivityManager( 3231): Slow operation: 167ms so far, now at startProcess: building log message
05-23 14:12:18.295 I/ActivityManager( 3231): Start proc 4392:jp.jaxa.iss.kibo.rpc.sampleapk/u0a64 for broadcast jp.jaxa.iss.kibo.rpc.sampleapk/gov.nasa.arc.astrobee.android.gs.InfoInqueryBroadcastReceiver
05-23 14:12:18.296 W/ActivityManager( 3231): Slow operation: 167ms so far, now at startProcess: starting to update pids map
05-23 14:12:18.296 W/ActivityManager( 3231): Slow operation: 168ms so far, now at startProcess: done updating pids map
05-23 14:12:18.296 W/ActivityManager( 3231): Slow operation: 169ms so far, now at startProcess: done starting proc!
05-23 14:12:18.326 I/art     ( 4392): Not late-enabling -Xcheck:jni (already on)
05-23 14:12:18.328 W/art     ( 4392): Unexpected CPU variant for X86 using defaults: x86_64
05-23 14:12:18.374 W/art     ( 3231): Long monitor contention with owner ActivityManager (3272) at void com.android.server.am.BroadcastQueue.processNextBroadcast(boolean)(BroadcastQueue.java:760) waiters=1 in void com.android.server.am.ActivityManagerService.dispatchUidsChanged() for 241ms
05-23 14:12:19.171 I/art     ( 4313): Background partial concurrent mark sweep GC freed 24746(1883KB) AllocSpace objects, 28(560KB) LOS objects, 34% free, 7MB/11MB, paused 2.449ms total 948.386ms
05-23 14:12:19.857 I/ActivityManager( 3231): Killing 4043:com.android.printspooler/u0a51 (adj 906): empty #17
05-23 14:12:20.315 D/ActivityManager( 3231): cleanUpApplicationRecord -- 4043
05-23 14:12:22.636 I/art     ( 4313): Do partial code cache collection, code=26KB, data=29KB
05-23 14:12:22.679 I/art     ( 4313): After code cache collection, code=26KB, data=29KB
05-23 14:12:22.680 I/art     ( 4313): Increasing code cache capacity to 128KB
05-23 14:12:25.287 D/ManagerTimeoutTimer( 4313): Still waiting for the apk to start or stop. 4998.0 milliseconds left.
05-23 14:12:25.597 D/OpenCV/StaticHelper( 4392): Trying to get library list
05-23 14:12:25.830 E/OpenCV/StaticHelper( 4392): OpenCV error: Cannot load info library for OpenCV
05-23 14:12:25.830 D/OpenCV/StaticHelper( 4392): Library list: ""
05-23 14:12:25.830 D/OpenCV/StaticHelper( 4392): First attempt to load libs
05-23 14:12:25.831 D/OpenCV/StaticHelper( 4392): Trying to init OpenCV libs
05-23 14:12:25.831 D/OpenCV/StaticHelper( 4392): Trying to load library opencv_java3
05-23 14:12:26.016 D/OpenCV/StaticHelper( 4392): Library opencv_java3 loaded
05-23 14:12:26.016 D/OpenCV/StaticHelper( 4392): First attempt to load libs is OK
05-23 14:12:26.069 I/OpenCV/StaticHelper( 4392): 
05-23 14:12:26.070 I/OpenCV/StaticHelper( 4392): General configuration for OpenCV 3.4.4 =====================================
05-23 14:12:26.070 I/OpenCV/StaticHelper( 4392):   Version control:               3.4.4
05-23 14:12:26.070 I/OpenCV/StaticHelper( 4392): 
05-23 14:12:26.070 I/OpenCV/StaticHelper( 4392):   Extra modules:
05-23 14:12:26.070 I/OpenCV/StaticHelper( 4392):     Location (extra):            /build/3_4-contrib_pack-contrib-android/opencv_contrib/modules
05-23 14:12:26.070 I/OpenCV/StaticHelper( 4392):     Version control (extra):     3.4.4
05-23 14:12:26.070 I/OpenCV/StaticHelper( 4392): 
05-23 14:12:26.071 I/OpenCV/StaticHelper( 4392):   Platform:
05-23 14:12:26.071 I/OpenCV/StaticHelper( 4392):     Timestamp:                   2018-11-17T00:27:32Z
05-23 14:12:26.071 I/OpenCV/StaticHelper( 4392):     Host:                        Linux 4.15.0-38-generic x86_64
05-23 14:12:26.098 I/OpenCV/StaticHelper( 4392):     Target:                      Linux 1 x86_64
05-23 14:12:26.098 I/OpenCV/StaticHelper( 4392):     CMake:                       2.8.12.2
05-23 14:12:26.099 I/OpenCV/StaticHelper( 4392):     CMake generator:             Ninja
05-23 14:12:26.099 I/OpenCV/StaticHelper( 4392):     CMake build tool:            /usr/bin/ninja
05-23 14:12:26.099 I/OpenCV/StaticHelper( 4392):     Configuration:               Release
05-23 14:12:26.099 I/OpenCV/StaticHelper( 4392): 
05-23 14:12:26.099 I/OpenCV/StaticHelper( 4392):   CPU/HW features:
05-23 14:12:26.099 I/OpenCV/StaticHelper( 4392):     Baseline:                    SSE SSE2 SSE3
05-23 14:12:26.099 I/OpenCV/StaticHelper( 4392):       requested:                 SSE3
05-23 14:12:26.099 I/OpenCV/StaticHelper( 4392):     Dispatched code generation:  SSE4_1 SSE4_2 FP16 AVX AVX2
05-23 14:12:26.099 I/OpenCV/StaticHelper( 4392):       requested:                 SSE4_1 SSE4_2 AVX FP16 AVX2 AVX512_SKX
05-23 14:12:26.100 I/OpenCV/StaticHelper( 4392):       SSE4_1 (4 files):          + SSSE3 SSE4_1
05-23 14:12:26.100 I/OpenCV/StaticHelper( 4392):       SSE4_2 (1 files):          + SSSE3 SSE4_1 POPCNT SSE4_2
05-23 14:12:26.100 I/OpenCV/StaticHelper( 4392):       FP16 (0 files):            + SSSE3 SSE4_1 POPCNT SSE4_2 FP16 AVX
05-23 14:12:26.100 I/OpenCV/StaticHelper( 4392):       AVX (5 files):             + SSSE3 SSE4_1 POPCNT SSE4_2 AVX
05-23 14:12:26.100 I/OpenCV/StaticHelper( 4392):       AVX2 (10 files):           + SSSE3 SSE4_1 POPCNT SSE4_2 FP16 FMA3 AVX AVX2
05-23 14:12:26.100 I/OpenCV/StaticHelper( 4392): 
05-23 14:12:26.100 I/OpenCV/StaticHelper( 4392):   C/C++:
05-23 14:12:26.100 I/OpenCV/StaticHelper( 4392):     Built as dynamic libs?:      NO
05-23 14:12:26.100 I/OpenCV/StaticHelper( 4392):     C++ Compiler:                /usr/bin/ccache /opt/android/android-ndk-r10e/toolchains/x86_64-4.9/prebuilt/linux-x86_64/bin/x86_64-linux-android-g++ (ver 4.9)
05-23 14:12:26.100 I/OpenCV/StaticHelper( 4392):     C++ flags (Release):         -fexceptions -frtti --sysroot=/opt/android/android-ndk-r10e/platforms/android-21/arch-x86_64 -funwind-tables -funswitch-loops -finline-limit=300 -fsigned-char -no-canonical-prefixes -fdata-sections -ffunction-sections -Wa,--noexecstack  -DANDROID -D__ANDROID_API__=21   -fsigned-char -W -Wall -Werror=return-type -Werror=non-virtual-dtor -Werror=address -Werror=sequence-point -Wformat -Werror=format-security -Wmissing-declarations -Wundef -Winit-self -Wpointer-arith -Wshadow -Wsign-promo -Wuninitialized -Winit-self -Wno-narrowing -Wno-delete-non-virtual-dtor -Wno-comment -Wno-missing-field-initializers -fdiagnostics-show-option -Wno-long-long -fomit-frame-pointer  -msse -msse2 -msse3 -fvisibility=hidden -fvisibility-inlines-hidden -fomit-frame-pointer -fstrict-aliasing -O3 -DNDEBUG  -DNDEBUG
05-23 14:12:26.100 I/OpenCV/StaticHelper( 4392):     C++ flags (Debug):           -fexceptions -frtti --sysroot=/opt/android/android-ndk-r10e/platforms/android-21/arch-x86_64 -funwind-tables -funswitch-loops -finline-limit=300 -fsigned-char -no-canonical-prefixes -fdata-sections -ffunction-sections -Wa,--noexecstack  -DANDROID -D__ANDROID_API__=21   -fsigned-char -W -Wall -Werror=return-type -Werror=non-virtual-dtor -Werror=address -Werror=sequence-point -Wformat -Werror=format-security -Wmissing-declarations -Wundef -Winit-self -Wpointer-arith -Wshadow -Wsign-promo -Wuninitialized -Winit-self -Wno-narrowing -Wno-delete-non-virtual-dtor -Wno-comment -Wno-missing-field-initializers -fdiagnostics-show-option -Wno-long-long -fomit-frame-pointer  -msse -msse2 -msse3 -fvisibility=hidden -fvisibility-inlines-hidden -fno-omit-frame-pointer -fno-strict-aliasing -O0 -g -DDEBUG -D_DEBUG  -DDEBUG -D_DEBUG
05-23 14:12:26.100 I/OpenCV/StaticHelper( 4392):     C Compiler:                  /usr/bin/ccache /opt/android/android-ndk-r10e/toolchains/x86_64-4.9/prebuilt/linux-x86_64/bin/x86_64-linux-android-gcc
05-23 14:12:26.100 I/OpenCV/StaticHelper( 4392):     C flags (Release):           -fexceptions --sysroot=/opt/android/android-ndk-r10e/platforms/android-21/arch-x86_64 -funwind-tables -funswitch-loops -finline-limit=300 -fsigned-char -no-canonical-prefixes -fdata-sections -ffunction-sections -Wa,--noexecstack  -DANDROID -D__ANDROID_API__=21   -fsigned-char -W -Wall -Werror=return-type -Werror=non-virtual-dtor -Werror=address -Werror=sequence-point -Wformat -Werror=format-security -Wmissing-declarations -Wmissing-prototypes -Wstrict-prototypes -Wundef -Winit-self -Wpointer-arith -Wshadow -Wuninitialized -Winit-self -Wno-narrowing -Wno-comment -Wno-missing-field-initializers -fdiagnostics-show-option -Wno-long-long -fomit-frame-pointer  -msse -msse2 -msse3 -fvisibility=hidden -fomit-frame-pointer -fstrict-aliasing -O3 -DNDEBUG  -DNDEBUG
05-23 14:12:26.100 I/OpenCV/StaticHelper( 4392):     C flags (Debug):             -fexceptions --sysroot=/opt/android/android-ndk-r10e/platforms/android-21/arch-x86_64 -funwind-tables -funswitch-loops -finline-limit=300 -fsigned-char -no-canonical-prefixes -fdata-sections -ffunction-sections -Wa,--noexecstack  -DANDROID -D__ANDROID_API__=21   -fsigned-char -W -Wall -Werror=return-type -Werror=non-virtual-dtor -Werror=address -Werror=sequence-point -Wformat -Werror=format-security -Wmissing-declarations -Wmissing-prototypes -Wstrict-prototypes -Wundef -Winit-self -Wpointer-arith -Wshadow -Wuninitialized -Winit-self -Wno-narrowing -Wno-comment -Wno-missing-field-initializers -fdiagnostics-show-option -Wno-long-long -fomit-frame-pointer  -msse -msse2 -msse3 -fvisibility=hidden -fno-omit-frame-pointer -fno-strict-aliasing -O0 -g -DDEBUG -D_DEBUG  -DDEBUG -D_DEBUG
05-23 14:12:26.101 I/OpenCV/StaticHelper( 4392):     Linker flags (Release):      -Wl,--exclude-libs,libippicv.a -Wl,--exclude-libs,libippiw.a  -Wl,--no-undefined -Wl,--gc-sections -Wl,-z,noexecstack -Wl,-z,relro -Wl,-z,now    
05-23 14:12:26.101 I/OpenCV/StaticHelper( 4392):     Linker flags (Debug):        -Wl,--exclude-libs,libippicv.a -Wl,--exclude-libs,libippiw.a  -Wl,--no-undefined -Wl,--gc-sections -Wl,-z,noexecstack -Wl,-z,relro -Wl,-z,now    
05-23 14:12:26.193 I/OpenCV/StaticHelper( 4392):     ccache:                      YES
05-23 14:12:26.193 I/OpenCV/StaticHelper( 4392):     Precompiled headers:         NO
05-23 14:12:26.194 I/OpenCV/StaticHelper( 4392):     Extra dependencies:          z dl m log
05-23 14:12:26.194 I/OpenCV/StaticHelper( 4392):     3rdparty dependencies:       tbb libcpufeatures ittnotify libjpeg-turbo libwebp libpng libtiff libjasper IlmImf libprotobuf quirc ippiw ippicv
05-23 14:12:26.194 I/OpenCV/StaticHelper( 4392): 
05-23 14:12:26.194 I/OpenCV/StaticHelper( 4392):   OpenCV modules:
05-23 14:12:26.194 I/OpenCV/StaticHelper( 4392):     To be built:                 aruco bgsegm bioinspired calib3d ccalib core datasets dnn dnn_objdetect dpm face features2d flann fuzzy hfs highgui img_hash imgcodecs imgproc java java_bindings_generator line_descriptor ml objdetect optflow phase_unwrapping photo plot reg rgbd saliency shape stereo stitching structured_light superres surface_matching text tracking video videoio videostab xfeatures2d ximgproc xobjdetect xphoto
05-23 14:12:26.194 I/OpenCV/StaticHelper( 4392):     Disabled:                    world
05-23 14:12:26.194 I/OpenCV/StaticHelper( 4392):     Disabled by dependency:      -
05-23 14:12:26.194 I/OpenCV/StaticHelper( 4392):     Unavailable:                 cnn_3dobj cudaarithm cudabgsegm cudacodec cudafeatures2d cudafilters cudaimgproc cudalegacy cudaobjdetect cudaoptflow cudastereo cudawarping cudev cvv freetype hdf js matlab ovis python2 python3 sfm ts viz
05-23 14:12:26.194 I/OpenCV/StaticHelper( 4392):     Applications:                android_examples
05-23 14:12:26.194 I/OpenCV/StaticHelper( 4392):     Documentation:               NO
05-23 14:12:26.194 I/OpenCV/StaticHelper( 4392):     Non-free algorithms:         NO
05-23 14:12:26.194 I/OpenCV/StaticHelper( 4392): 
05-23 14:12:26.194 I/OpenCV/StaticHelper( 4392):   Android NDK:                   location: /opt/android/android-ndk-r10e
05-23 14:12:26.194 I/OpenCV/StaticHelper( 4392):     Android ABI:                 x86_64
05-23 14:12:26.194 I/OpenCV/StaticHelper( 4392):     NDK toolchain:               x86_64-4.9
05-23 14:12:26.195 I/OpenCV/StaticHelper( 4392):     STL type:                    gnustl_static
05-23 14:12:26.195 I/OpenCV/StaticHelper( 4392):     Native API level:            21
05-23 14:12:26.195 I/OpenCV/StaticHelper( 4392):   Android SDK:                   /opt/android/android-sdk-java7 (tools: 25.2.2 build tools: 23.0.3)
05-23 14:12:26.195 I/OpenCV/StaticHelper( 4392):     android tool:                /opt/android/android-sdk-java7/tools/android
05-23 14:12:26.195 I/OpenCV/StaticHelper( 4392):     SDK target:                  android-21
05-23 14:12:26.195 I/OpenCV/StaticHelper( 4392):     Projects build scripts:      Ant/Eclipse compatible
05-23 14:12:26.195 I/OpenCV/StaticHelper( 4392): 
05-23 14:12:26.195 I/OpenCV/StaticHelper( 4392):   GUI: 
05-23 14:12:26.195 I/OpenCV/StaticHelper( 4392): 
05-23 14:12:26.195 I/OpenCV/StaticHelper( 4392):   Media I/O: 
05-23 14:12:26.195 I/OpenCV/StaticHelper( 4392):     ZLib:                        z (ver 1.2.3)
05-23 14:12:26.195 I/OpenCV/StaticHelper( 4392):     JPEG:                        build-libjpeg-turbo (ver 1.5.3-62)
05-23 14:12:26.195 I/OpenCV/StaticHelper( 4392):     WEBP:                        build (ver encoder: 0x020e)
05-23 14:12:26.195 I/OpenCV/StaticHelper( 4392):     PNG:                         build (ver 1.6.35)
05-23 14:12:26.195 I/OpenCV/StaticHelper( 4392):     TIFF:                        build (ver 42 - 4.0.9)
05-23 14:12:26.195 I/OpenCV/StaticHelper( 4392):     JPEG 2000:                   build (ver 1.900.1)
05-23 14:12:26.196 I/OpenCV/StaticHelper( 4392):     OpenEXR:                     build (ver 1.7.1)
05-23 14:12:26.196 I/OpenCV/StaticHelper( 4392):     HDR:                         YES
05-23 14:12:26.196 I/OpenCV/StaticHelper( 4392):     SUNRASTER:                   YES
05-23 14:12:26.196 I/OpenCV/StaticHelper( 4392):     PXM:                         YES
05-23 14:12:26.196 I/OpenCV/StaticHelper( 4392): 
05-23 14:12:26.196 I/OpenCV/StaticHelper( 4392):   Video I/O:
05-23 14:12:26.196 I/OpenCV/StaticHelper( 4392): 
05-23 14:12:26.196 I/OpenCV/StaticHelper( 4392):   Parallel framework:            TBB (ver 2018.0 interface 10001)
05-23 14:12:26.196 I/OpenCV/StaticHelper( 4392): 
05-23 14:12:26.196 I/OpenCV/StaticHelper( 4392):   Trace:                         YES (with Intel ITT)
05-23 14:12:26.196 I/OpenCV/StaticHelper( 4392): 
05-23 14:12:26.196 I/OpenCV/StaticHelper( 4392):   Other third-party libraries:
05-23 14:12:26.196 I/OpenCV/StaticHelper( 4392):     Intel IPP:                   2019.0.0 Gold [2019.0.0]
05-23 14:12:26.196 I/OpenCV/StaticHelper( 4392):            at:                   /build/3_4-contrib_pack-contrib-android/build/o4a/3rdparty/ippicv/ippicv_lnx/icv
05-23 14:12:26.196 I/OpenCV/StaticHelper( 4392):     Intel IPP IW:                sources (2019.0.0)
05-23 14:12:26.196 I/OpenCV/StaticHelper( 4392):               at:                /build/3_4-contrib_pack-contrib-android/build/o4a/3rdparty/ippicv/ippicv_lnx/iw
05-23 14:12:26.197 I/OpenCV/StaticHelper( 4392):     Custom HAL:                  NO
05-23 14:12:26.197 I/OpenCV/StaticHelper( 4392):     Protobuf:                    build (3.5.1)
05-23 14:12:26.197 I/OpenCV/StaticHelper( 4392): 
05-23 14:12:26.197 I/OpenCV/StaticHelper( 4392):   Python (for build):            /usr/bin/python2.7
05-23 14:12:26.197 I/OpenCV/StaticHelper( 4392): 
05-23 14:12:26.197 I/OpenCV/StaticHelper( 4392):   Java:                          export all functions
05-23 14:12:26.197 I/OpenCV/StaticHelper( 4392):     ant:                         /usr/bin/ant (ver 1.9.3)
05-23 14:12:26.197 I/OpenCV/StaticHelper( 4392):     Java wrappers:               YES
05-23 14:12:26.197 I/OpenCV/StaticHelper( 4392):     Java tests:                  NO
05-23 14:12:26.197 I/OpenCV/StaticHelper( 4392): 
05-23 14:12:26.197 I/OpenCV/StaticHelper( 4392):   Install to:                    /build/3_4-contrib_pack-contrib-android/build/o4a/install
05-23 14:12:26.197 I/OpenCV/StaticHelper( 4392): -----------------------------------------------------------------
05-23 14:12:26.198 D/OpenCv  ( 4392): OpenCV loaded
05-23 14:12:27.360 I/Registrar( 4392): MasterXmlRpcEndpoint URI: http://llp:11311
05-23 14:12:27.568 I/Registrar( 4392): Registering publisher: Publisher<PublisherDefinition<PublisherIdentifier<NodeIdentifier</kibo_rpc_api, http://hlp:33010/>, TopicIdentifier</rosout>>, Topic<TopicIdentifier</rosout>, TopicDescription<rosgraph_msgs/Log, acffd30cd6b6de30f120938c17c593fb>>>>
05-23 14:12:29.574 I/Registrar( 4392): Response<Success, Registered [/kibo_rpc_api] as publisher of [/rosout], [http://10.42.0.34:33166/, http://10.42.0.34:36135/]>
05-23 14:12:29.677 I/DefaultPublisher( 4392): Publisher registered: Publisher<PublisherDefinition<PublisherIdentifier<NodeIdentifier</kibo_rpc_api, http://hlp:33010/>, TopicIdentifier</rosout>>, Topic<TopicIdentifier</rosout>, TopicDescription<rosgraph_msgs/Log, acffd30cd6b6de30f120938c17c593fb>>>>
05-23 14:12:29.869 I/Registrar( 4392): Registering subscriber: Subscriber<Topic<TopicIdentifier</clock>, TopicDescription<rosgraph_msgs/Clock, a9c97c1d230cfc112e270351a944ee47>>>
05-23 14:12:30.254 I/Registrar( 4392): Response<Success, Subscribed to [/clock], [http://10.42.0.34:43288/]>
05-23 14:12:30.269 I/DefaultSubscriber( 4392): Subscriber registered: Subscriber<Topic<TopicIdentifier</clock>, TopicDescription<rosgraph_msgs/Clock, a9c97c1d230cfc112e270351a944ee47>>>
05-23 14:12:30.968 I/Registrar( 4392): Registering publisher: Publisher<PublisherDefinition<PublisherIdentifier<NodeIdentifier</kibo_rpc_api, http://hlp:33010/>, TopicIdentifier</command>>, Topic<TopicIdentifier</command>, TopicDescription<ff_msgs/CommandStamped, ac01350894b1be9e3a7b4f390a14812d>>>>
05-23 14:12:31.247 I/Registrar( 4392): MasterXmlRpcEndpoint URI: http://llp:11311
05-23 14:12:31.744 I/Registrar( 4392): Registering publisher: Publisher<PublisherDefinition<PublisherIdentifier<NodeIdentifier</GetterNode, http://hlp:48528/>, TopicIdentifier</rosout>>, Topic<TopicIdentifier</rosout>, TopicDescription<rosgraph_msgs/Log, acffd30cd6b6de30f120938c17c593fb>>>>
05-23 14:12:32.308 I/Registrar( 4392): Registering subscriber: Subscriber<Topic<TopicIdentifier</mgt/ack>, TopicDescription<ff_msgs/AckStamped, cebddec69fd770df54633be444a9187d>>>
05-23 14:12:32.670 W/art     ( 4392): Suspending all threads took: 26.711ms
05-23 14:12:32.804 I/Registrar( 4392): Response<Success, Registered [/GetterNode] as publisher of [/rosout], [http://10.42.0.34:33166/, http://10.42.0.34:36135/]>
05-23 14:12:32.936 I/Registrar( 4392): Response<Success, Registered [/kibo_rpc_api] as publisher of [/command], [http://10.42.0.34:43288/, http://10.42.0.34:33002/, http://10.42.0.34:41559/, http://10.42.0.34:36135/]>
05-23 14:12:32.921 I/DefaultPublisher( 4392): Publisher registered: Publisher<PublisherDefinition<PublisherIdentifier<NodeIdentifier</GetterNode, http://hlp:48528/>, TopicIdentifier</rosout>>, Topic<TopicIdentifier</rosout>, TopicDescription<rosgraph_msgs/Log, acffd30cd6b6de30f120938c17c593fb>>>>
05-23 14:12:32.976 I/DefaultPublisher( 4392): Publisher registered: Publisher<PublisherDefinition<PublisherIdentifier<NodeIdentifier</kibo_rpc_api, http://hlp:33010/>, TopicIdentifier</command>>, Topic<TopicIdentifier</command>, TopicDescription<ff_msgs/CommandStamped, ac01350894b1be9e3a7b4f390a14812d>>>>
05-23 14:12:33.603 I/Registrar( 4392): Response<Success, Subscribed to [/mgt/ack], [http://10.42.0.34:33002/]>
05-23 14:12:33.607 I/DefaultSubscriber( 4392): Subscriber registered: Subscriber<Topic<TopicIdentifier</mgt/ack>, TopicDescription<ff_msgs/AckStamped, cebddec69fd770df54633be444a9187d>>>
05-23 14:12:33.902 I/Registrar( 4392): Registering subscriber: Subscriber<Topic<TopicIdentifier</clock>, TopicDescription<rosgraph_msgs/Clock, a9c97c1d230cfc112e270351a944ee47>>>
05-23 14:12:34.532 W/art     ( 4392): Long monitor contention with owner New I/O  worker #9 (4450) at boolean org.ros.concurrent.CircularBlockingDeque.addLast(java.lang.Object)(CircularBlockingDeque.java:72) waiters=1 in void java.lang.Object.wait!() for 139ms
05-23 14:12:34.590 I/Registrar( 4392): Response<Success, Subscribed to [/clock], [http://10.42.0.34:43288/]>
05-23 14:12:34.598 I/DefaultSubscriber( 4392): Subscriber registered: Subscriber<Topic<TopicIdentifier</clock>, TopicDescription<rosgraph_msgs/Clock, a9c97c1d230cfc112e270351a944ee47>>>
05-23 14:12:34.613 D/KiboRpcApi( 4392): GetterNode initialization started.
05-23 14:12:35.088 I/Registrar( 4392): Registering subscriber: Subscriber<Topic<TopicIdentifier</gnc/ekf>, TopicDescription<ff_msgs/EkfState, 543b97822b033d7199b506ad4005f134>>>
