05-23 14:07:12.253 V/EmulatedCamera_Camera( 1328): getCameraInfo
05-23 14:07:12.254 V/EmulatedCamera_BaseCamera( 1328): getCameraInfo
05-23 14:07:12.709 W/WindowManager( 3231): Keyguard drawn timeout. Setting mKeyguardDrawComplete
05-23 14:07:12.850 I/Choreographer( 3231): Skipped 30 frames!  The application may be doing too much work on its main thread.
05-23 14:07:13.448 W/ActivityManager( 3231): Slow operation: 807ms so far, now at startProcess: returned from zygote!
05-23 14:07:13.449 W/ActivityManager( 3231): Slow operation: 808ms so far, now at startProcess: done updating battery stats
05-23 14:07:13.450 W/ActivityManager( 3231): Slow operation: 809ms so far, now at startProcess: building log message
05-23 14:07:13.450 I/ActivityManager( 3231): Start proc 3792:com.android.cellbroadcastreceiver/u0a4 for broadcast com.android.cellbroadcastreceiver/.CellBroadcastReceiver
05-23 14:07:13.450 W/ActivityManager( 3231): Slow operation: 810ms so far, now at startProcess: starting to update pids map
05-23 14:07:13.450 W/ActivityManager( 3231): Slow operation: 810ms so far, now at startProcess: done updating pids map
05-23 14:07:13.450 W/ActivityManager( 3231): Slow operation: 815ms so far, now at startProcess: done starting proc!
05-23 14:07:13.460 W/art     ( 3231): Long monitor contention with owner main (3231) at void com.android.server.am.BroadcastQueue.processNextBroadcast(boolean)(BroadcastQueue.java:760) waiters=0 in int com.android.server.am.ActivityManagerService.broadcastIntent(android.app.IApplicationThread, android.content.Intent, java.lang.String, android.content.IIntentReceiver, int, java.lang.String, android.os.Bundle, java.lang.String[], int, android.os.Bundle, boolean, boolean, int) for 563ms
05-23 14:07:13.791 W/art     ( 3792): Unexpected CPU variant for X86 using defaults: x86_64
05-23 14:07:13.977 I/StatusBar( 3434): isKeyguardShowing() called before startKeyguard(), returning true
05-23 14:07:14.000 W/StatusBar( 3434): isKeyguardSecure() called before startKeyguard(), returning false
05-23 14:07:14.000 W/StatusBar( 3434): java.lang.Throwable
05-23 14:07:14.000 W/StatusBar( 3434): 	at com.android.systemui.statusbar.BaseStatusBar.isKeyguardSecure(BaseStatusBar.java:2647)
05-23 14:07:14.000 W/StatusBar( 3434): 	at com.android.systemui.statusbar.BaseStatusBar.isCameraAllowedByAdmin(BaseStatusBar.java:2670)
05-23 14:07:14.000 W/StatusBar( 3434): 	at com.android.systemui.statusbar.phone.KeyguardBottomAreaView.updateCameraVisibility(KeyguardBottomAreaView.java:309)
05-23 14:07:14.000 W/StatusBar( 3434): 	at com.android.systemui.statusbar.phone.KeyguardBottomAreaView.setPhoneStatusBar(KeyguardBottomAreaView.java:272)
05-23 14:07:14.000 W/StatusBar( 3434): 	at com.android.systemui.statusbar.phone.PhoneStatusBar.makeStatusBarView(PhoneStatusBar.java:904)
05-23 14:07:14.000 W/StatusBar( 3434): 	at com.android.systemui.statusbar.phone.PhoneStatusBar.addStatusBarWindow(PhoneStatusBar.java:3432)
05-23 14:07:14.000 W/StatusBar( 3434): 	at com.android.systemui.statusbar.phone.PhoneStatusBar.createAndAddWindows(PhoneStatusBar.java:3428)
05-23 14:07:14.000 W/StatusBar( 3434): 	at com.android.systemui.statusbar.BaseStatusBar.start(BaseStatusBar.java:765)
05-23 14:07:14.000 W/StatusBar( 3434): 	at com.android.systemui.statusbar.phone.PhoneStatusBar.start(PhoneStatusBar.java:686)
05-23 14:07:14.000 W/StatusBar( 3434): 	at com.android.systemui.statusbar.SystemBars.createStatusBarFromConfig(SystemBars.java:106)
05-23 14:07:14.000 W/StatusBar( 3434): 	at com.android.systemui.statusbar.SystemBars.onNoService(SystemBars.java:58)
05-23 14:07:14.000 W/StatusBar( 3434): 	at com.android.systemui.statusbar.ServiceMonitor.startService(ServiceMonitor.java:230)
05-23 14:07:14.000 W/StatusBar( 3434): 	at com.android.systemui.statusbar.ServiceMonitor.-wrap5(ServiceMonitor.java)
05-23 14:07:14.000 W/StatusBar( 3434): 	at com.android.systemui.statusbar.ServiceMonitor$1.handleMessage(ServiceMonitor.java:73)
05-23 14:07:14.000 W/StatusBar( 3434): 	at android.os.Handler.dispatchMessage(Handler.java:102)
05-23 14:07:14.000 W/StatusBar( 3434): 	at android.os.Looper.loop(Looper.java:154)
05-23 14:07:14.000 W/StatusBar( 3434): 	at android.app.ActivityThread.main(ActivityThread.java:6119)
05-23 14:07:14.000 W/StatusBar( 3434): 	at java.lang.reflect.Method.invoke(Native Method)
05-23 14:07:14.000 W/StatusBar( 3434): 	at com.android.internal.os.ZygoteInit$MethodAndArgsCaller.run(ZygoteInit.java:886)
05-23 14:07:14.000 W/StatusBar( 3434): 	at com.android.internal.os.ZygoteInit.main(ZygoteInit.java:776)
05-23 14:07:14.046 I/StatusBar( 3434): isKeyguardShowing() called before startKeyguard(), returning true
05-23 14:07:14.048 W/StatusBar( 3434): isKeyguardSecure() called before startKeyguard(), returning false
05-23 14:07:14.048 W/StatusBar( 3434): java.lang.Throwable
05-23 14:07:14.048 W/StatusBar( 3434): 	at com.android.systemui.statusbar.BaseStatusBar.isKeyguardSecure(BaseStatusBar.java:2647)
05-23 14:07:14.048 W/StatusBar( 3434): 	at com.android.systemui.statusbar.BaseStatusBar.isCameraAllowedByAdmin(BaseStatusBar.java:2670)
05-23 14:07:14.048 W/StatusBar( 3434): 	at com.android.systemui.statusbar.phone.KeyguardBottomAreaView.updateCameraVisibility(KeyguardBottomAreaView.java:309)
05-23 14:07:14.048 W/StatusBar( 3434): 	at com.android.systemui.statusbar.phone.KeyguardBottomAreaView.setUserSetupComplete(KeyguardBottomAreaView.java:281)
05-23 14:07:14.048 W/StatusBar( 3434): 	at com.android.systemui.statusbar.phone.PhoneStatusBar.makeStatusBarView(PhoneStatusBar.java:905)
05-23 14:07:14.048 W/StatusBar( 3434): 	at com.android.systemui.statusbar.phone.PhoneStatusBar.addStatusBarWindow(PhoneStatusBar.java:3432)
05-23 14:07:14.048 W/StatusBar( 3434): 	at com.android.systemui.statusbar.phone.PhoneStatusBar.createAndAddWindows(PhoneStatusBar.java:3428)
05-23 14:07:14.048 W/StatusBar( 3434): 	at com.android.systemui.statusbar.BaseStatusBar.start(BaseStatusBar.java:765)
05-23 14:07:14.048 W/StatusBar( 3434): 	at com.android.systemui.statusbar.phone.PhoneStatusBar.start(PhoneStatusBar.java:686)
05-23 14:07:14.048 W/StatusBar( 3434): 	at com.android.systemui.statusbar.SystemBars.createStatusBarFromConfig(SystemBars.java:106)
05-23 14:07:14.048 W/StatusBar( 3434): 	at com.android.systemui.statusbar.SystemBars.onNoService(SystemBars.java:58)
05-23 14:07:14.048 W/StatusBar( 3434): 	at com.android.systemui.statusbar.ServiceMonitor.startService(ServiceMonitor.java:230)
05-23 14:07:14.048 W/StatusBar( 3434): 	at com.android.systemui.statusbar.ServiceMonitor.-wrap5(ServiceMonitor.java)
05-23 14:07:14.048 W/StatusBar( 3434): 	at com.android.systemui.statusbar.ServiceMonitor$1.handleMessage(ServiceMonitor.java:73)
05-23 14:07:14.048 W/StatusBar( 3434): 	at android.os.Handler.dispatchMessage(Handler.java:102)
05-23 14:07:14.048 W/StatusBar( 3434): 	at android.os.Looper.loop(Looper.java:154)
05-23 14:07:14.048 W/StatusBar( 3434): 	at android.app.ActivityThread.main(ActivityThread.java:6119)
05-23 14:07:14.048 W/StatusBar( 3434): 	at java.lang.reflect.Method.invoke(Native Method)
05-23 14:07:14.048 W/StatusBar( 3434): 	at com.android.internal.os.ZygoteInit$MethodAndArgsCaller.run(ZygoteInit.java:886)
05-23 14:07:14.048 W/StatusBar( 3434): 	at com.android.internal.os.ZygoteInit.main(ZygoteInit.java:776)
05-23 14:07:14.781 E/ActivityThread( 3231): Failed to find provider info for com.android.calendar
05-23 14:07:14.812 W/art     ( 3231): Long monitor contention with owner main (3231) at boolean android.os.BinderProxy.transactNative(int, android.os.Parcel, android.os.Parcel, int)(Binder.java:-2) waiters=0 in void com.android.server.TelephonyRegistry.notifyDataConnectionForSubscriber(int, int, boolean, java.lang.String, java.lang.String, java.lang.String, android.net.LinkProperties, android.net.NetworkCapabilities, int, boolean) for 1.058s
05-23 14:07:15.014 W/art     ( 3231): Long monitor contention with owner main (3231) at void com.android.server.pm.UserManagerService$MainHandler.handleMessage(android.os.Message)(UserManagerService.java:3290) waiters=2 in int com.android.server.pm.PackageManagerService.checkUidPermission(java.lang.String, int) for 194ms
05-23 14:07:15.103 W/art     ( 3231): Long monitor contention with owner Binder:3231_5 (3598) at android.content.pm.UserInfo com.android.server.am.UserController.getCurrentUser()(UserController.java:1438) waiters=3 in android.app.IActivityManager$ContentProviderHolder com.android.server.am.ActivityManagerService.getContentProviderImpl(android.app.IApplicationThread, java.lang.String, android.os.IBinder, boolean, int) for 258ms
05-23 14:07:15.173 E/ActivityThread( 3668): Failed to find provider info for com.android.contacts
05-23 14:07:15.174 W/CallerInfoCache( 3668): cursor is null
05-23 14:07:15.175 W/art     ( 3231): Long monitor contention with owner Binder:3231_5 (3598) at android.content.pm.UserInfo com.android.server.am.UserController.getCurrentUser()(UserController.java:1438) waiters=2 in void com.android.server.am.ActivityManagerService$3.handleMessage(android.os.Message) for 355ms
05-23 14:07:15.468 W/art     ( 3231): Long monitor contention with owner Binder:3231_5 (3598) at android.content.pm.UserInfo com.android.server.am.UserController.getCurrentUser()(UserController.java:1438) waiters=1 in java.lang.String com.android.server.am.ActivityManagerService.getTagForIntentSender(android.content.IIntentSender, java.lang.String) for 650ms
05-23 14:07:15.703 V/EmulatedCamera_Camera( 1328): getCameraInfo
05-23 14:07:15.705 V/EmulatedCamera_BaseCamera( 1328): getCameraInfo
05-23 14:07:15.769 W/art     ( 3231): Long monitor contention with owner Binder:3231_5 (3598) at int com.android.server.am.ActivityManagerService.broadcastIntent(android.app.IApplicationThread, android.content.Intent, java.lang.String, android.content.IIntentReceiver, int, java.lang.String, android.os.Bundle, java.lang.String[], int, android.os.Bundle, boolean, boolean, int)(ActivityManagerService.java:18551) waiters=1 in void com.android.server.am.ActivityManagerService$3.handleMessage(android.os.Message) for 555ms
05-23 14:07:15.842 D/PhoneSwitcherNetworkRequstListener( 3668): got request NetworkRequest [ REQUEST id=1, [ Capabilities: INTERNET&NOT_RESTRICTED&TRUSTED&NOT_VPN] ] with score 0
05-23 14:07:15.930 V/EmulatedCamera_Camera( 1328): getCameraInfo
05-23 14:07:15.943 V/EmulatedCamera_BaseCamera( 1328): getCameraInfo
05-23 14:07:15.956 D/TelephonyDebugService( 3668): TelephonyDebugService()
05-23 14:07:16.002 D/CarrierConfigLoader( 3668): mHandler: 12 phoneId: 0
05-23 14:07:17.012 W/System  ( 3792): ClassLoader referenced unknown path: /system/priv-app/CellBroadcastReceiver/lib/x86_64
05-23 14:07:17.907 W/art     ( 3824): Unexpected CPU variant for X86 using defaults: x86_64
05-23 14:07:18.033 W/ActivityManager( 3231): Slow operation: 269ms so far, now at startProcess: returned from zygote!
05-23 14:07:18.033 W/ActivityManager( 3231): Slow operation: 270ms so far, now at startProcess: done updating battery stats
05-23 14:07:18.033 W/ActivityManager( 3231): Slow operation: 270ms so far, now at startProcess: building log message
05-23 14:07:18.033 I/ActivityManager( 3231): Start proc 3824:com.android.deskclock/u0a31 for broadcast com.android.deskclock/.AlarmInitReceiver
05-23 14:07:18.033 W/ActivityManager( 3231): Slow operation: 270ms so far, now at startProcess: starting to update pids map
05-23 14:07:18.034 W/ActivityManager( 3231): Slow operation: 270ms so far, now at startProcess: done updating pids map
05-23 14:07:18.034 W/ActivityManager( 3231): Slow operation: 270ms so far, now at startProcess: done starting proc!
05-23 14:07:18.035 W/art     ( 3231): Long monitor contention with owner Binder:3231_4 (3466) at void com.android.server.am.BroadcastQueue.processNextBroadcast(boolean)(BroadcastQueue.java:760) waiters=1 in int com.android.server.am.ActivityManagerService.getLockTaskModeState() for 259ms
05-23 14:07:18.166 I/StatusBar( 3434): isKeyguardShowing() called before startKeyguard(), returning true
05-23 14:07:18.167 W/StatusBar( 3434): isKeyguardSecure() called before startKeyguard(), returning false
05-23 14:07:18.167 W/StatusBar( 3434): java.lang.Throwable
05-23 14:07:18.167 W/StatusBar( 3434): 	at com.android.systemui.statusbar.BaseStatusBar.isKeyguardSecure(BaseStatusBar.java:2647)
05-23 14:07:18.167 W/StatusBar( 3434): 	at com.android.systemui.statusbar.BaseStatusBar.isCameraAllowedByAdmin(BaseStatusBar.java:2670)
05-23 14:07:18.167 W/StatusBar( 3434): 	at com.android.systemui.statusbar.phone.KeyguardBottomAreaView.updateCameraVisibility(KeyguardBottomAreaView.java:309)
05-23 14:07:18.167 W/StatusBar( 3434): 	at com.android.systemui.statusbar.phone.KeyguardBottomAreaView.setUserSetupComplete(KeyguardBottomAreaView.java:281)
05-23 14:07:18.167 W/StatusBar( 3434): 	at com.android.systemui.statusbar.phone.PhoneStatusBar$1.onChange(PhoneStatusBar.java:441)
05-23 14:07:18.167 W/StatusBar( 3434): 	at com.android.systemui.statusbar.phone.PhoneStatusBar.resetUserSetupObserver(PhoneStatusBar.java:3676)
05-23 14:07:18.167 W/StatusBar( 3434): 	at com.android.systemui.statusbar.phone.PhoneStatusBar.makeStatusBarView(PhoneStatusBar.java:1008)
05-23 14:07:18.167 W/StatusBar( 3434): 	at com.android.systemui.statusbar.phone.PhoneStatusBar.addStatusBarWindow(PhoneStatusBar.java:3432)
05-23 14:07:18.167 W/StatusBar( 3434): 	at com.android.systemui.statusbar.phone.PhoneStatusBar.createAndAddWindows(PhoneStatusBar.java:3428)
05-23 14:07:18.167 W/StatusBar( 3434): 	at com.android.systemui.statusbar.BaseStatusBar.start(BaseStatusBar.java:765)
05-23 14:07:18.167 W/StatusBar( 3434): 	at com.android.systemui.statusbar.phone.PhoneStatusBar.start(PhoneStatusBar.java:686)
05-23 14:07:18.167 W/StatusBar( 3434): 	at com.android.systemui.statusbar.SystemBars.createStatusBarFromConfig(SystemBars.java:106)
05-23 14:07:18.167 W/StatusBar( 3434): 	at com.android.systemui.statusbar.SystemBars.onNoService(SystemBars.java:58)
05-23 14:07:18.167 W/StatusBar( 3434): 	at com.android.systemui.statusbar.ServiceMonitor.startService(ServiceMonitor.java:230)
05-23 14:07:18.167 W/StatusBar( 3434): 	at com.android.systemui.statusbar.ServiceMonitor.-wrap5(ServiceMonitor.java)
05-23 14:07:18.167 W/StatusBar( 3434): 	at com.android.systemui.statusbar.ServiceMonitor$1.handleMessage(ServiceMonitor.java:73)
05-23 14:07:18.167 W/StatusBar( 3434): 	at android.os.Handler.dispatchMessage(Handler.java:102)
05-23 14:07:18.167 W/StatusBar( 3434): 	at android.os.Looper.loop(Looper.java:154)
05-23 14:07:18.167 W/StatusBar( 3434): 	at android.app.ActivityThread.main(ActivityThread.java:6119)
05-23 14:07:18.167 W/StatusBar( 3434): 	at java.lang.reflect.Method.invoke(Native Method)
05-23 14:07:18.167 W/StatusBar( 3434): 	at com.android.internal.os.ZygoteInit$MethodAndArgsCaller.run(ZygoteInit.java:886)
05-23 14:07:18.167 W/StatusBar( 3434): 	at com.android.internal.os.ZygoteInit.main(ZygoteInit.java:776)
05-23 14:07:18.580 E/SurfaceFlinger( 1321): ro.sf.lcd_density must be defined as a build property
05-23 14:07:18.590 D/OpenGLRenderer( 3434): profile bars disabled
05-23 14:07:18.603 D/OpenGLRenderer( 3434): ambientRatio = 1.50
05-23 14:07:18.833 D/PhoneStatusBar( 3434): disable: < EXPAND* icons alerts system_info BACK* HOME* RECENT* clock SEARCH* quick_settings >
05-23 14:07:19.263 E/ActivityThread( 3434): Failed to find provider info for com.android.contacts
05-23 14:07:20.029 D/PhoneStatusBar( 3434): heads up is enabled
05-23 14:07:20.724 I/Choreographer( 3434): Skipped 867 frames!  The application may be doing too much work on its main thread.
05-23 14:07:20.988 D/ViewRootImpl[StatusBar]( 3434): changeCanvasOpacity: opaque=true
05-23 14:07:21.362 I/SurfaceFlinger( 1321): Boot is finished (178738 ms)
05-23 14:07:22.043 W/System  ( 3824): ClassLoader referenced unknown path: /system/app/DeskClock/lib/x86_64
05-23 14:07:22.148 I/SystemServiceManager( 3231): Starting phase 1000
05-23 14:07:22.311 W/ActivityManager( 3231): Slow operation: 123ms so far, now at startProcess: returned from zygote!
05-23 14:07:22.312 W/ActivityManager( 3231): Slow operation: 123ms so far, now at startProcess: done updating battery stats
05-23 14:07:22.312 W/ActivityManager( 3231): Slow operation: 124ms so far, now at startProcess: building log message
05-23 14:07:22.312 I/ActivityManager( 3231): Start proc 3847:android.ext.services/u0a12 for on-hold
05-23 14:07:22.312 W/ActivityManager( 3231): Slow operation: 124ms so far, now at startProcess: starting to update pids map
05-23 14:07:22.312 W/ActivityManager( 3231): Slow operation: 124ms so far, now at startProcess: done updating pids map
05-23 14:07:22.339 D/ActivityManager( 3231): Finishing user boot 0
05-23 14:07:22.423 W/art     ( 3847): Unexpected CPU variant for X86 using defaults: x86_64
05-23 14:07:22.525 D/CryptdConnector( 3231): SND -> {3 cryptfs prepare_user_storage ! 0 0 2}
05-23 14:07:22.721 D/vold    ( 1275): e4crypt_prepare_user_storage for volume null, user 0, serial 0, flags 2
05-23 14:07:22.723 D/vold    ( 1275): Preparing: /data/system_ce/0
05-23 14:07:22.723 D/vold    ( 1275): Preparing: /data/misc_ce/0
05-23 14:07:22.724 D/vold    ( 1275): Preparing: /data/media/0
05-23 14:07:22.724 D/vold    ( 1275): Preparing: /data/data
05-23 14:07:22.812 D/CryptdConnector( 3231): RCV <- {200 3 Command succeeded}
05-23 14:07:22.931 W/art     ( 3231): Suspending all threads took: 106.686ms
05-23 14:07:22.977 V/UserManagerService( 3231): Found /data/user/0 with serial number 0
05-23 14:07:22.978 V/UserManagerService( 3231): Found /data/system_ce/0 with serial number 0
05-23 14:07:22.979 V/PackageManager( 3231): reconcileAppsData for null u0 0x2
05-23 14:07:23.120 I/art     ( 3434): Background partial concurrent mark sweep GC freed 16537(1720KB) AllocSpace objects, 3(60KB) LOS objects, 32% free, 8MB/12MB, paused 1.990ms total 551.287ms
05-23 14:07:23.160 I/art     ( 3231): Background sticky concurrent mark sweep GC freed 16257(1434KB) AllocSpace objects, 10(1668KB) LOS objects, 28% free, 9MB/13MB, paused 109.360ms total 491.864ms
05-23 14:07:24.480 I/art     ( 3434): Background partial concurrent mark sweep GC freed 2050(99KB) AllocSpace objects, 0(0B) LOS objects, 23% free, 12MB/16MB, paused 15.790ms total 75.601ms
05-23 14:07:25.707 V/PackageManager( 3231): reconcileAppsData finished 81 packages
05-23 14:07:25.711 W/art     ( 3231): Long monitor contention with owner android.display (3285) at void com.android.server.am.ActivityManagerService.finishBooting()(ActivityManagerService.java:6823) waiters=0 in void com.android.server.am.ActivityManagerService.monitor() for 3.499s
05-23 14:07:25.713 W/art     ( 3231): Long monitor contention with owner android.display (3285) at void com.android.server.am.ActivityManagerService.finishBooting()(ActivityManagerService.java:6823) waiters=1 in void com.android.server.am.BroadcastQueue$BroadcastHandler.handleMessage(android.os.Message) for 3.427s
05-23 14:07:25.714 W/BroadcastQueue( 3231): Timeout of broadcast BroadcastRecord{55e9071 u-1 android.intent.action.TIME_TICK} - receiver=android.os.BinderProxy@2b076ae, started 13442ms ago
05-23 14:07:25.715 W/BroadcastQueue( 3231): Receiver during timeout: BroadcastFilter{bbd6fdc u0 ReceiverList{1dfbc4f 3434 com.android.systemui/10021/u0 remote:2b076ae}}
05-23 14:07:25.717 W/art     ( 3231): Long monitor contention with owner android.display (3285) at void com.android.server.am.ActivityManagerService.finishBooting()(ActivityManagerService.java:6823) waiters=3 in java.lang.String com.android.server.am.ActivityManagerService.checkContentProviderAccess(java.lang.String, int) for 2.741s
05-23 14:07:25.717 W/art     ( 3231): Long monitor contention with owner android.display (3285) at void com.android.server.am.ActivityManagerService.finishBooting()(ActivityManagerService.java:6823) waiters=2 in void com.android.server.am.ActivityManagerService.attachApplication(android.app.IApplicationThread) for 2.985s
05-23 14:07:25.745 D/MountService( 3231): onUnlockUser 0
05-23 14:07:25.745 D/VoldConnector( 3231): SND -> {8 volume user_started 0}
05-23 14:07:25.755 W/art     ( 3231): Long monitor contention with owner android.display (3285) at void com.android.server.am.ActivityManagerService.finishBooting()(ActivityManagerService.java:6823) waiters=5 in android.content.pm.UserInfo com.android.server.am.UserController.getCurrentUser() for 1.431s
05-23 14:07:25.756 W/art     ( 3231): Long monitor contention with owner android.display (3285) at void com.android.server.am.ActivityManagerService.finishBooting()(ActivityManagerService.java:6823) waiters=6 in int com.android.server.am.ActivityManagerService.getAppStartMode(int, java.lang.String) for 1.094s
05-23 14:07:25.778 W/art     ( 3231): Long monitor contention with owner android.display (3285) at void com.android.server.am.ActivityManagerService.finishBooting()(ActivityManagerService.java:6823) waiters=4 in void com.android.server.am.ActivityManagerService$3.handleMessage(android.os.Message) for 1.518s
05-23 14:07:25.780 D/vold    ( 1275): Linking /storage/emulated/0 to /mnt/user/0/primary
05-23 14:07:25.782 W/art     ( 3231): Long monitor contention with owner android.display (3285) at void com.android.server.am.ActivityManagerService.finishBooting()(ActivityManagerService.java:6823) waiters=7 in void com.android.server.am.ActivityManagerService.publishContentProviders(android.app.IApplicationThread, java.util.List) for 1.117s
05-23 14:07:25.793 D/VoldConnector( 3231): RCV <- {200 8 Command succeeded}
05-23 14:07:25.799 D/MountService( 3231): Volume public:253,48 broadcasting mounted to UserHandle{0}
05-23 14:07:25.844 D/MountService( 3231): Volume emulated broadcasting mounted to UserHandle{0}
05-23 14:07:26.165 W/System  ( 3847): ClassLoader referenced unknown path: /system/priv-app/ExtServices/lib/x86_64
05-23 14:07:26.379 V/BackupManagerService( 3231): No ancestral data
05-23 14:07:26.414 I/BackupManagerService( 3231): Package jp.jaxa.iss.kibo.rpc.sampleapk not installed; dropping from full backup
05-23 14:07:26.439 V/BackupManagerService( 3231): Starting with transport android/com.android.internal.backup.LocalTransport
05-23 14:07:26.439 V/BackupManagerService( 3231): Found transports: 1
05-23 14:07:26.440 W/BackupManagerService( 3231): Proposed transport ComponentInfo{android/com.android.internal.backup.LocalTransportService} not whitelisted; ignoring
05-23 14:07:26.552 I/BackupManagerService( 3231): Backup enabled => false
05-23 14:07:26.790 W/GnssLocationProvider( 3231): Could not open GPS configuration file /etc/gps.conf
05-23 14:07:26.790 E/GnssLocationProvider( 3231): no AGPS interface in set_agps_server
05-23 14:07:26.839 I/AlarmClock( 3824): AlarmInitReceiver android.intent.action.TIME_SET
05-23 14:07:26.942 V/KeyValueBackupJob( 3231): Scheduling k/v pass in 241 minutes
05-23 14:07:27.268 W/VoiceInteractionManagerService( 3231): no available voice interaction services found for user 0
05-23 14:07:27.268 W/VoiceInteractionManagerService( 3231): no available voice recognition services found for user 0
05-23 14:07:27.303 I/ActivityManager( 3231): Loading recents for user 0 into memory.
05-23 14:07:27.564 D/ActivityManager( 3231): Sending BOOT_COMPLETE user #0
05-23 14:07:27.873 D/CarrierSvcBindHelper( 3668): Received android.intent.action.USER_UNLOCKED
05-23 14:07:27.875 E/PhoneInterfaceManager( 3668): [PhoneIntfMgr] getCarrierPackageNamesForIntent: No UICC
05-23 14:07:27.875 D/CarrierSvcBindHelper( 3668): No carrier app for: 0
05-23 14:07:27.651 W/art     ( 3231): Long monitor contention with owner ActivityManager (3272) at void com.android.server.am.UserController.finishUserUnlocked(com.android.server.am.UserState)(UserController.java:318) waiters=0 in java.lang.String com.android.server.am.ActivityManagerService.checkContentProviderAccess(java.lang.String, int) for 160ms
05-23 14:07:28.009 I/Process ( 3231): Sending signal. PID: 3434 SIG: 3
05-23 14:07:28.011 I/art     ( 3434): Thread[3,tid=3451,WaitingInMainSignalCatcherLoop,Thread*=0x7bdf97896400,peer=0x12c005e0,"Signal Catcher"]: reacting to signal 3
05-23 14:07:28.021 I/art     ( 3434): 
05-23 14:07:28.032 D/FallbackHome( 3682): User unlocked and real home found; let's go!
05-23 14:07:28.082 I/ActivityManager( 3231): START u0 {act=android.intent.action.MAIN cat=[android.intent.category.HOME] flg=0x10000100 cmp=com.android.launcher3/.Launcher} from uid 0 on display 0
05-23 14:07:28.286 W/ActivityManager( 3231): Slow operation: 132ms so far, now at startProcess: returned from zygote!
05-23 14:07:28.287 W/ActivityManager( 3231): Slow operation: 133ms so far, now at startProcess: done updating battery stats
05-23 14:07:28.287 W/ActivityManager( 3231): Slow operation: 133ms so far, now at startProcess: building log message
05-23 14:07:28.301 I/ActivityManager( 3231): Start proc 3888:com.android.launcher3/u0a42 for activity com.android.launcher3/.Launcher
05-23 14:07:28.301 W/ActivityManager( 3231): Slow operation: 147ms so far, now at startProcess: starting to update pids map
05-23 14:07:28.301 W/ActivityManager( 3231): Slow operation: 147ms so far, now at startProcess: done updating pids map
05-23 14:07:28.302 W/ActivityManager( 3231): Slow operation: 148ms so far, now at startProcess: done starting proc!
05-23 14:07:28.307 W/art     ( 3888): Unexpected CPU variant for X86 using defaults: x86_64
05-23 14:07:28.377 W/art     ( 3231): Long monitor contention with owner ActivityManager (3272) at void com.android.server.am.BroadcastQueue.processNextBroadcast(boolean)(BroadcastQueue.java:760) waiters=2 in int com.android.server.am.ActivityManagerService.getAppStartMode(int, java.lang.String) for 540ms
05-23 14:07:28.437 W/art     ( 3434): Suspending all threads took: 413.856ms
05-23 14:07:28.503 W/art     ( 3434): Suspending all threads took: 12.276ms
05-23 14:07:28.564 I/AccountManagerService( 3231): User 0 is unlocked - opening CE database
05-23 14:07:28.706 W/art     ( 3231): Long monitor contention with owner Binder:3231_7 (3808) at void com.android.server.am.ActivityManagerService.activityPaused(android.os.IBinder)(ActivityManagerService.java:6916) waiters=1 in void com.android.server.am.ActivityManagerService.dispatchUidsChanged() for 552ms
05-23 14:07:28.707 W/art     ( 3231): Long monitor contention with owner Binder:3231_7 (3808) at void com.android.server.am.ActivityManagerService.activityPaused(android.os.IBinder)(ActivityManagerService.java:6916) waiters=2 in com.android.server.am.ProcessRecord com.android.server.am.ActivityManagerService.findAppProcess(android.os.IBinder, java.lang.String) for 494ms
05-23 14:07:28.709 I/Choreographer( 3682): Skipped 38 frames!  The application may be doing too much work on its main thread.
05-23 14:07:28.718 W/art     ( 3231): Long monitor contention with owner Binder:3231_7 (3808) at void com.android.server.am.ActivityManagerService.activityPaused(android.os.IBinder)(ActivityManagerService.java:6916) waiters=3 in android.content.Intent com.android.server.am.ActivityManagerService.registerReceiver(android.app.IApplicationThread, java.lang.String, android.content.IIntentReceiver, android.content.IntentFilter, java.lang.String, int) for 452ms
05-23 14:07:28.720 W/art     ( 3231): Long monitor contention with owner Binder:3231_7 (3808) at void com.android.server.am.ActivityManagerService.activityPaused(android.os.IBinder)(ActivityManagerService.java:6916) waiters=4 in java.lang.String com.android.server.am.ActivityManagerService.checkContentProviderAccess(java.lang.String, int) for 426ms
05-23 14:07:29.050 E/ActivityManager( 3231): ANR in com.android.systemui
05-23 14:07:29.050 E/ActivityManager( 3231): PID: 3434
05-23 14:07:29.050 E/ActivityManager( 3231): Reason: Broadcast of Intent { act=android.intent.action.TIME_TICK flg=0x50000014 (has extras) }
05-23 14:07:29.050 E/ActivityManager( 3231): Load: 0.0 / 0.0 / 0.0
05-23 14:07:29.050 E/ActivityManager( 3231): CPU usage from 19160ms to 0ms ago (2021-05-23 14:07:08.666 to 2021-05-23 14:07:27.827) with 99% awake:
05-23 14:07:29.050 E/ActivityManager( 3231):   101% 1321/surfaceflinger: 28% user + 73% kernel / faults: 1898 minor
05-23 14:07:29.050 E/ActivityManager( 3231):   26% 3231/system_server: 3.4% user + 23% kernel / faults: 7303 minor 18 major
05-23 14:07:29.050 E/ActivityManager( 3231):   11% 3682/com.android.settings: 2.3% user + 9.4% kernel / faults: 85 minor 1 major
05-23 14:07:29.050 E/ActivityManager( 3231):   10% 3434/com.android.systemui: 1.2% user + 9.4% kernel / faults: 3355 minor 3 major
05-23 14:07:29.050 E/ActivityManager( 3231):   0.9% 1330/installd: 0% user + 0.9% kernel
05-23 14:07:29.050 E/ActivityManager( 3231):   1.9% 3668/com.android.phone: 0.4% user + 1.4% kernel / faults: 240 minor 3 major
05-23 14:07:29.050 E/ActivityManager( 3231):   1.8% 2629/adbd: 0.1% user + 1.6% kernel / faults: 923 minor
05-23 14:07:29.050 E/ActivityManager( 3231):   1% 1336/mediaserver: 0% user + 1% kernel / faults: 136 minor 1 major
05-23 14:07:29.050 E/ActivityManager( 3231):   0.7% 1328/cameraserver: 0% user + 0.7% kernel / faults: 69 minor
05-23 14:07:29.050 E/ActivityManager( 3231):   0.7% 1335/media.extractor: 0.3% user + 0.4% kernel / faults: 23 minor
05-23 14:07:29.050 E/ActivityManager( 3231):   0.7% 1320/servicemanager: 0% user + 0.7% kernel
05-23 14:07:29.050 E/ActivityManager( 3231):   0.7% 1325/zygote64: 0% user + 0.6% kernel / faults: 455 minor
05-23 14:07:29.050 E/ActivityManager( 3231):   0.6% 8/rcu_preempt: 0% user + 0.6% kernel
05-23 14:07:29.050 E/ActivityManager( 3231):   0.5% 1267/logd: 0% user + 0.5% kernel / faults: 22 minor
05-23 14:07:29.050 E/ActivityManager( 3231):   0.4% 1488/logcat: 0% user + 0.4% kernel / faults: 3 minor
05-23 14:07:29.050 E/ActivityManager( 3231):   0.4% 1327/audioserver: 0% user + 0.3% kernel
05-23 14:07:29.050 E/ActivityManager( 3231):   0.2% 3/ksoftirqd/0: 0% user + 0.2% kernel
05-23 14:07:29.050 E/ActivityManager( 3231):   0.2% 1265/jbd2/vdc-8: 0% user + 0.2% kernel
05-23 14:07:29.050 E/ActivityManager( 3231):   0.1% 1255/kworker/0:1H: 0% user + 0.1% kernel
05-23 14:07:29.050 E/ActivityManager( 3231):   0% 1275/vold: 0% user + 0% kernel / faults: 13 minor
05-23 14:07:29.050 E/ActivityManager( 3231):   0.1% 3429/com.android.inputmethod.latin: 0% user + 0.1% kernel / faults: 21 minor
05-23 14:07:29.050 E/ActivityManager( 3231):   0.1% 12/ksoftirqd/1: 0% user + 0.1% kernel
05-23 14:07:29.050 E/ActivityManager( 3231):   0% 1316/healthd: 0% user + 0% kernel
05-23 14:07:29.050 E/ActivityManager( 3231):   0% 1319/lmkd: 0% user + 0% kernel
05-23 14:07:29.050 E/ActivityManager( 3231):   0% 1//init: 0% user + 0% kernel / faults: 1 minor
05-23 14:07:29.050 E/ActivityManager( 3231):   0% 6/kworker/u4:0: 0% user + 0% kernel
05-23 14:07:29.050 E/ActivityManager( 3231):   0% 7/migration/0: 0% user + 0% kernel
05-23 14:07:29.050 E/ActivityManager( 3231):   0% 1331/keystore: 0% user + 0% kernel
05-23 14:07:29.050 E/ActivityManager( 3231):   0% 3501/sdcard: 0% user + 0% kernel / faults: 19 minor
05-23 14:07:29.050 E/ActivityManager( 3231):  +0% 3792/com.android.cellbroadcastreceiver: 0% user + 0% kernel
05-23 14:07:29.050 E/ActivityManager( 3231):  +0% 3824/com.android.deskclock: 0% user + 0% kernel
05-23 14:07:29.050 E/ActivityManager( 3231):  +0% 3847/android.ext.services: 0% user + 0% kernel
05-23 14:07:29.050 E/ActivityManager( 3231): 99% TOTAL: 21% user + 77% kernel + 1.2% softirq
05-23 14:07:29.050 E/ActivityManager( 3231): CPU usage from 200795ms to 200795ms ago (1970-01-01 00:00:00.000 to 1970-01-01 00:00:00.000) with 0% awake:
05-23 14:07:29.050 E/ActivityManager( 3231): 0% TOTAL: 0% user + 0% kernel
05-23 14:07:29.980 W/ifconfig( 3912): type=1400 audit(0.0:10): avc: denied { ioctl } for path="socket:[15523]" dev="sockfs" ino=15523 ioctlcmd=8927 scontext=u:r:shell:s0 tcontext=u:r:shell:s0 tclass=udp_socket permissive=0
05-23 14:07:30.110 W/ifconfig( 3912): type=1400 audit(0.0:11): avc: denied { ioctl } for path="socket:[15523]" dev="sockfs" ino=15523 ioctlcmd=891d scontext=u:r:shell:s0 tcontext=u:r:shell:s0 tclass=udp_socket permissive=0
05-23 14:07:30.140 W/ifconfig( 3912): type=1400 audit(0.0:12): avc: denied { ioctl } for path="socket:[15523]" dev="sockfs" ino=15523 ioctlcmd=8970 scontext=u:r:shell:s0 tcontext=u:r:shell:s0 tclass=udp_socket permissive=0
05-23 14:07:29.099 W/art     ( 3231): Long monitor contention with owner android.display (3285) at void com.android.server.wm.WindowAnimator$1.doFrame(long)(WindowAnimator.java:144) waiters=1 in int com.android.server.wm.WindowManagerService.relayoutWindow(com.android.server.wm.Session, android.view.IWindow, int, android.view.WindowManager$LayoutParams, int, int, int, int, android.graphics.Rect, android.graphics.Rect, android.graphics.Rect, android.graphics.Rect, android.graphics.Rect, android.graphics.Rect, android.graphics.Rect, android.content.res.Configuration, android.view.Surface) for 119ms
05-23 14:07:29.182 W/art     ( 3231): Long monitor contention with owner Binder:3231_7 (3808) at void com.android.server.am.ActivityManagerService.activityPaused(android.os.IBinder)(ActivityManagerService.java:6916) waiters=6 in java.lang.String com.android.server.am.ActivityManagerService.checkContentProviderAccess(java.lang.String, int) for 746ms
05-23 14:07:29.231 W/art     ( 3231): Long monitor contention with owner Binder:3231_7 (3808) at void com.android.server.am.ActivityManagerService.activityPaused(android.os.IBinder)(ActivityManagerService.java:6916) waiters=6 in int com.android.server.am.ActivityManagerService.getAppStartMode(int, java.lang.String) for 784ms
05-23 14:07:29.247 W/art     ( 3231): Long monitor contention with owner Binder:3231_7 (3808) at void com.android.server.am.ActivityManagerService.activityPaused(android.os.IBinder)(ActivityManagerService.java:6916) waiters=7 in android.content.Intent com.android.server.am.ActivityManagerService.registerReceiver(android.app.IApplicationThread, java.lang.String, android.content.IIntentReceiver, android.content.IntentFilter, java.lang.String, int) for 730ms
05-23 14:07:29.329 D/WifiService( 3231): New client listening to asynchronous messages
05-23 14:07:29.363 W/System  ( 3888): ClassLoader referenced unknown path: /system/app/Launcher3/lib/x86_64
05-23 14:07:29.408 W/art     ( 3231): Long monitor contention with owner BackgroundDexOptService_PostBootUpdate (3869) at android.content.Intent com.android.server.am.ActivityManagerService.registerReceiver(android.app.IApplicationThread, java.lang.String, android.content.IIntentReceiver, android.content.IntentFilter, java.lang.String, int)(ActivityManagerService.java:17547) waiters=5 in void com.android.server.am.ActivityManagerService.appendDropBoxProcessHeaders(com.android.server.am.ProcessRecord, java.lang.String, java.lang.StringBuilder) for 689ms
05-23 14:07:29.409 W/art     ( 3231): Long monitor contention with owner Binder:3231_4 (3466) at void com.android.server.am.ActivityManagerService.attachApplication(android.app.IApplicationThread)(ActivityManagerService.java:6669) waiters=4 in android.content.Intent com.android.server.am.ActivityManagerService.registerReceiver(android.app.IApplicationThread, java.lang.String, android.content.IIntentReceiver, android.content.IntentFilter, java.lang.String, int) for 395ms
05-23 14:07:29.410 W/art     ( 3231): Long monitor contention with owner Binder:3231_4 (3466) at void com.android.server.am.ActivityManagerService.attachApplication(android.app.IApplicationThread)(ActivityManagerService.java:6669) waiters=5 in java.lang.String com.android.server.am.ActivityManagerService.checkContentProviderAccess(java.lang.String, int) for 373ms
05-23 14:07:29.415 W/art     ( 3231): Long monitor contention with owner Binder:3231_4 (3466) at void com.android.server.am.ActivityManagerService.attachApplication(android.app.IApplicationThread)(ActivityManagerService.java:6669) waiters=6 in void com.android.server.am.ActivityManagerService.appendDropBoxProcessHeaders(com.android.server.am.ProcessRecord, java.lang.String, java.lang.StringBuilder) for 348ms
05-23 14:07:29.439 I/ActivityManager( 3231): Killing 3434:com.android.systemui/u0a21 (adj -800): bg anr
05-23 14:07:29.772 D/LauncherProvider( 3888): Launcher process started
05-23 14:07:29.834 V/AlarmClock( 3824): AlarmInitReceiver finished
05-23 14:07:30.204 V/Launcher( 3888): LauncherAppState inited
05-23 14:07:30.340 I/GnssLocationProvider( 3231): WakeLock released by handleMessage(13, 0, null)
05-23 14:07:30.740 W/InputConnectionWrapper.ICC( 3429): Timed out waiting on IInputContextCallback
05-23 14:07:30.741 I/InputAttributes( 3429): InputType.TYPE_NULL is specified
05-23 14:07:31.181 W/art     ( 3231): Long monitor contention with owner backup (3867) at void com.android.server.AlarmManagerService.setImpl(int, long, long, long, android.app.PendingIntent, android.app.IAlarmListener, java.lang.String, int, android.os.WorkSource, android.app.AlarmManager$AlarmClockInfo, int, java.lang.String)(AlarmManagerService.java:1072) waiters=0 in void com.android.server.AlarmManagerService$DeliveryTracker.onSendFinished(android.app.PendingIntent, android.content.Intent, int, java.lang.String, android.os.Bundle) for 2.172s
05-23 14:07:31.208 W/art     ( 3231): Long monitor contention with owner backup (3867) at int com.android.server.job.JobSchedulerService.scheduleAsPackage(android.app.job.JobInfo, int, java.lang.String, int, java.lang.String)(JobSchedulerService.java:576) waiters=0 in void com.android.server.job.JobSchedulerService.updateUidState(int, int) for 2.471s
05-23 14:07:31.444 W/art     ( 3231): Long monitor contention with owner main (3231) at void com.android.server.pm.UserManagerService$MainHandler.handleMessage(android.os.Message)(UserManagerService.java:3290) waiters=2 in android.content.pm.PackageInfo com.android.server.pm.PackageManagerService.getPackageInfo(java.lang.String, int, int) for 195ms
05-23 14:07:31.517 V/KeyguardServiceDelegate( 3231): *** Keyguard connected (yay!)
05-23 14:07:31.654 D/WIFI    ( 3231): Registering NetworkFactory
05-23 14:07:31.655 D/ConnectivityService( 3231): Got NetworkFactory Messenger for WIFI
05-23 14:07:31.656 D/WIFI_UT ( 3231): Registering NetworkFactory
05-23 14:07:31.656 D/ConnectivityService( 3231): Got NetworkFactory Messenger for WIFI_UT
05-23 14:07:31.658 D/WIFI    ( 3231): got request NetworkRequest [ REQUEST id=1, [ Capabilities: INTERNET&NOT_RESTRICTED&TRUSTED&NOT_VPN] ] with score 0
05-23 14:07:31.659 D/WIFI_UT ( 3231): got request NetworkRequest [ REQUEST id=1, [ Capabilities: INTERNET&NOT_RESTRICTED&TRUSTED&NOT_VPN] ] with score 0
05-23 14:07:31.683 E/JavaBinder( 3231): !!! FAILED BINDER TRANSACTION !!!  (parcel size = 124)
05-23 14:07:31.685 W/KeyguardServiceWrapper( 3231): Remote Exception
05-23 14:07:31.685 W/KeyguardServiceWrapper( 3231): android.os.DeadObjectException: Transaction failed on small parcel; remote process probably died
05-23 14:07:31.685 W/KeyguardServiceWrapper( 3231): 	at android.os.BinderProxy.transactNative(Native Method)
05-23 14:07:31.685 W/KeyguardServiceWrapper( 3231): 	at android.os.BinderProxy.transact(Binder.java:615)
05-23 14:07:31.685 W/KeyguardServiceWrapper( 3231): 	at com.android.internal.policy.IKeyguardService$Stub$Proxy.onScreenTurningOn(IKeyguardService.java:374)
05-23 14:07:31.685 W/KeyguardServiceWrapper( 3231): 	at com.android.server.policy.keyguard.KeyguardServiceWrapper.onScreenTurningOn(KeyguardServiceWrapper.java:143)
05-23 14:07:31.685 W/KeyguardServiceWrapper( 3231): 	at com.android.server.policy.keyguard.KeyguardServiceDelegate$1.onServiceConnected(KeyguardServiceDelegate.java:175)
05-23 14:07:31.685 W/KeyguardServiceWrapper( 3231): 	at android.app.LoadedApk$ServiceDispatcher.doConnected(LoadedApk.java:1453)
05-23 14:07:31.685 W/KeyguardServiceWrapper( 3231): 	at android.app.LoadedApk$ServiceDispatcher$RunConnection.run(LoadedApk.java:1481)
05-23 14:07:31.685 W/KeyguardServiceWrapper( 3231): 	at android.os.Handler.handleCallback(Handler.java:751)
05-23 14:07:31.685 W/KeyguardServiceWrapper( 3231): 	at android.os.Handler.dispatchMessage(Handler.java:95)
05-23 14:07:31.685 W/KeyguardServiceWrapper( 3231): 	at android.os.Looper.loop(Looper.java:154)
05-23 14:07:31.685 W/KeyguardServiceWrapper( 3231): 	at android.os.HandlerThread.run(HandlerThread.java:61)
05-23 14:07:31.685 W/KeyguardServiceWrapper( 3231): 	at com.android.server.ServiceThread.run(ServiceThread.java:46)
05-23 14:07:31.686 E/JavaBinder( 3231): !!! FAILED BINDER TRANSACTION !!!  (parcel size = 100)
05-23 14:07:31.687 W/KeyguardServiceWrapper( 3231): Remote Exception
05-23 14:07:31.687 W/KeyguardServiceWrapper( 3231): android.os.DeadObjectException: Transaction failed on small parcel; remote process probably died
05-23 14:07:31.687 W/KeyguardServiceWrapper( 3231): 	at android.os.BinderProxy.transactNative(Native Method)
05-23 14:07:31.687 W/KeyguardServiceWrapper( 3231): 	at android.os.BinderProxy.transact(Binder.java:615)
05-23 14:07:31.687 W/KeyguardServiceWrapper( 3231): 	at com.android.internal.policy.IKeyguardService$Stub$Proxy.onBootCompleted(IKeyguardService.java:466)
05-23 14:07:31.687 W/KeyguardServiceWrapper( 3231): 	at com.android.server.policy.keyguard.KeyguardServiceWrapper.onBootCompleted(KeyguardServiceWrapper.java:207)
05-23 14:07:31.687 W/KeyguardServiceWrapper( 3231): 	at com.android.server.policy.keyguard.KeyguardServiceDelegate$1.onServiceConnected(KeyguardServiceDelegate.java:184)
05-23 14:07:31.687 W/KeyguardServiceWrapper( 3231): 	at android.app.LoadedApk$ServiceDispatcher.doConnected(LoadedApk.java:1453)
05-23 14:07:31.687 W/KeyguardServiceWrapper( 3231): 	at android.app.LoadedApk$ServiceDispatcher$RunConnection.run(LoadedApk.java:1481)
05-23 14:07:31.687 W/KeyguardServiceWrapper( 3231): 	at android.os.Handler.handleCallback(Handler.java:751)
05-23 14:07:31.687 W/KeyguardServiceWrapper( 3231): 	at android.os.Handler.dispatchMessage(Handler.java:95)
05-23 14:07:31.687 W/KeyguardServiceWrapper( 3231): 	at android.os.Looper.loop(Looper.java:154)
05-23 14:07:31.687 W/KeyguardServiceWrapper( 3231): 	at android.os.HandlerThread.run(HandlerThread.java:61)
05-23 14:07:31.687 W/KeyguardServiceWrapper( 3231): 	at com.android.server.ServiceThread.run(ServiceThread.java:46)
05-23 14:07:32.292 I/Choreographer( 3682): Skipped 36 frames!  The application may be doing too much work on its main thread.
05-23 14:07:33.253 E/JavaBinder( 3231): !!! FAILED BINDER TRANSACTION !!!  (parcel size = 96)
05-23 14:07:33.395 I/LatinIME( 3429): Timeout waiting for dictionary load
05-23 14:07:33.466 W/art     ( 3231): Suspending all threads took: 121.358ms
05-23 14:07:33.686 E/GnssLocationProvider( 3231): no AGPS interface in set_agps_server
05-23 14:07:33.694 D/ConnectivityService( 3231): ConnectivityService NetworkRequestInfo binderDied(NetworkRequest [ LISTEN id=4, [] ], android.os.BinderProxy@ca25bf1)
05-23 14:07:33.849 I/GnssLocationProvider( 3231): WakeLock released by handleMessage(2, 1, null)
05-23 14:07:33.969 E/ConnectivityService( 3231): RemoteException caught trying to send a callback msg for NetworkRequest [ LISTEN id=4, [] ]
05-23 14:07:33.970 I/Choreographer( 3231): Skipped 48 frames!  The application may be doing too much work on its main thread.
05-23 14:07:34.036 W/art     ( 3231): Long monitor contention with owner android.display (3285) at void com.android.server.wm.WindowManagerService$H.handleMessage(android.os.Message)(WindowManagerService.java:8549) waiters=1 in void com.android.server.wm.WindowState$DeathRecipient.binderDied() for 365ms
05-23 14:07:34.082 D/WifiService( 3231): Client connection lost with reason: 4
05-23 14:07:34.083 W/art     ( 3231): Long monitor contention with owner android.display (3285) at void com.android.server.wm.WindowManagerService$H.handleMessage(android.os.Message)(WindowManagerService.java:8549) waiters=2 in void com.android.server.wm.WindowManagerService$9.binderDied() for 413ms
05-23 14:07:34.084 W/art     ( 3231): Long monitor contention with owner android.display (3285) at void com.android.server.wm.WindowManagerService$H.handleMessage(android.os.Message)(WindowManagerService.java:8549) waiters=3 in void com.android.server.wm.WindowState$DeathRecipient.binderDied() for 398ms
05-23 14:07:34.085 I/WindowManager( 3231): WIN DEATH: Window{a2bdf5d u0 AssistPreviewPanel}
05-23 14:07:34.104 I/art     ( 3231): Background partial concurrent mark sweep GC freed 46264(3MB) AllocSpace objects, 13(524KB) LOS objects, 28% free, 9MB/13MB, paused 141.124ms total 3.679s
05-23 14:07:34.112 V/KeyguardServiceDelegate( 3231): *** Keyguard disconnected (boo!)
05-23 14:07:34.135 W/WallpaperManagerService( 3231): Wallpaper service gone: ComponentInfo{com.android.systemui/com.android.systemui.ImageWallpaper}
05-23 14:07:34.146 W/AudioService( 3231): Current remote volume controller died, unregistering
05-23 14:07:34.150 W/VolumeController( 3231): Error calling dismiss
05-23 14:07:34.150 W/VolumeController( 3231): android.os.DeadObjectException
05-23 14:07:34.150 W/VolumeController( 3231): 	at android.os.BinderProxy.transactNative(Native Method)
05-23 14:07:34.150 W/VolumeController( 3231): 	at android.os.BinderProxy.transact(Binder.java:615)
05-23 14:07:34.150 W/VolumeController( 3231): 	at android.media.IVolumeController$Stub$Proxy.dismiss(IVolumeController.java:162)
05-23 14:07:34.150 W/VolumeController( 3231): 	at com.android.server.audio.AudioService$VolumeController.postDismiss(AudioService.java:6138)
05-23 14:07:34.150 W/VolumeController( 3231): 	at com.android.server.audio.AudioService.setVolumeController(AudioService.java:5986)
05-23 14:07:34.150 W/VolumeController( 3231): 	at com.android.server.audio.AudioService$4.binderDied(AudioService.java:5995)
05-23 14:07:34.150 W/VolumeController( 3231): 	at android.os.BinderProxy.sendDeathNotice(Binder.java:688)
05-23 14:07:34.152 W/art     ( 3231): Long monitor contention with owner android.display (3285) at void com.android.server.wm.WindowManagerService$H.handleMessage(android.os.Message)(WindowManagerService.java:8549) waiters=4 in void com.android.server.wm.WindowState$DeathRecipient.binderDied() for 457ms
05-23 14:07:34.153 I/WindowManager( 3231): WIN DEATH: Window{712a5a3 u0 NavigationBar}
05-23 14:07:34.173 I/Choreographer( 3682): Skipped 48 frames!  The application may be doing too much work on its main thread.
05-23 14:07:34.176 W/InputDispatcher( 3231): channel '51172a5 DockedStackDivider (server)' ~ Consumer closed input channel or an error occurred.  events=0x9
05-23 14:07:34.178 W/ActivityManager( 3231): Slow operation: 347ms so far, now at startProcess: returned from zygote!
05-23 14:07:34.179 W/ActivityManager( 3231): Slow operation: 348ms so far, now at startProcess: done updating battery stats
05-23 14:07:34.180 W/ActivityManager( 3231): Slow operation: 348ms so far, now at startProcess: building log message
05-23 14:07:34.180 I/ActivityManager( 3231): Start proc 3938:com.android.keychain/1000 for service com.android.keychain/.KeyChainService
05-23 14:07:34.180 W/ActivityManager( 3231): Slow operation: 349ms so far, now at startProcess: starting to update pids map
05-23 14:07:34.180 W/ActivityManager( 3231): Slow operation: 349ms so far, now at startProcess: done updating pids map
05-23 14:07:34.180 W/ActivityManager( 3231): Slow operation: 360ms so far, now at startProcess: done starting proc!
05-23 14:07:34.187 E/InputDispatcher( 3231): channel '51172a5 DockedStackDivider (server)' ~ Channel is unrecoverably broken and will be disposed!
05-23 14:07:34.188 I/ActivityManager( 3231): Process com.android.systemui (pid 3434) has died
05-23 14:07:34.232 D/ActivityManager( 3231): cleanUpApplicationRecord -- 3434
05-23 14:07:34.252 W/ActivityManager( 3231): Scheduling restart of crashed service com.android.systemui/.ImageWallpaper in 0ms
05-23 14:07:34.253 W/ActivityManager( 3231): Scheduling restart of crashed service com.android.systemui/.SystemUIService in 0ms
05-23 14:07:34.253 W/ActivityManager( 3231): Scheduling restart of crashed service com.android.systemui/.keyguard.KeyguardService in 0ms
05-23 14:07:34.268 W/ActivityManager( 3231): Re-adding persistent process ProcessRecord{f008de5 3434:com.android.systemui/u0a21}
05-23 14:07:34.330 W/art     ( 3938): Unexpected CPU variant for X86 using defaults: x86_64
05-23 14:07:34.337 W/WindowManager( 3231): Failed to report 'resized' to the client of Window{12fa3b8 u0 com.android.systemui.ImageWallpaper}, removing this window.
05-23 14:07:34.398 W/art     ( 3231): Long monitor contention with owner android.display (3285) at void com.android.server.wm.WindowManagerService$H.handleMessage(android.os.Message)(WindowManagerService.java:8549) waiters=5 in void com.android.server.wm.WindowState$DeathRecipient.binderDied() for 501ms
05-23 14:07:34.433 W/WindowManager( 3231): Failed looking up window
05-23 14:07:34.433 W/WindowManager( 3231): java.lang.IllegalArgumentException: Requested window android.os.BinderProxy@f85261b does not exist
05-23 14:07:34.433 W/WindowManager( 3231): 	at com.android.server.wm.WindowManagerService.windowForClientLocked(WindowManagerService.java:9422)
05-23 14:07:34.433 W/WindowManager( 3231): 	at com.android.server.wm.WindowManagerService.windowForClientLocked(WindowManagerService.java:9413)
05-23 14:07:34.433 W/WindowManager( 3231): 	at com.android.server.wm.WindowState$DeathRecipient.binderDied(WindowState.java:1807)
05-23 14:07:34.433 W/WindowManager( 3231): 	at android.os.BinderProxy.sendDeathNotice(Binder.java:688)
05-23 14:07:34.433 I/WindowManager( 3231): WIN DEATH: null
