05-23 14:05:32.994 E/Hyphenator( 1326): 	at libcore.io.IoBridge.open(IoBridge.java:455)
05-23 14:05:32.994 E/Hyphenator( 1326): 	at java.io.RandomAccessFile.<init>(RandomAccessFile.java:247)
05-23 14:05:32.994 E/Hyphenator( 1326): 	at android.text.Hyphenator.loadHyphenator(Hyphenator.java:118)
05-23 14:05:32.994 E/Hyphenator( 1326): 	at android.text.Hyphenator.init(Hyphenator.java:224)
05-23 14:05:32.994 E/Hyphenator( 1326): 	at com.android.internal.os.ZygoteInit.preloadTextResources(ZygoteInit.java:252)
05-23 14:05:32.994 E/Hyphenator( 1326): 	at com.android.internal.os.ZygoteInit.preload(ZygoteInit.java:206)
05-23 14:05:32.994 E/Hyphenator( 1326): 	at com.android.internal.os.ZygoteInit.main(ZygoteInit.java:743)
05-23 14:05:32.994 E/Hyphenator( 1326): Caused by: android.system.ErrnoException: open failed: ENOENT (No such file or directory)
05-23 14:05:32.994 E/Hyphenator( 1326): 	at libcore.io.Posix.open(Native Method)
05-23 14:05:32.994 E/Hyphenator( 1326): 	at libcore.io.BlockGuardOs.open(BlockGuardOs.java:187)
05-23 14:05:32.994 E/Hyphenator( 1326): 	at libcore.io.IoBridge.open(IoBridge.java:441)
05-23 14:05:32.994 E/Hyphenator( 1326): 	... 6 more
05-23 14:05:32.996 E/Hyphenator( 1326): error loading hyphenation /system/usr/hyphen-data/hyph-hu.hyb
05-23 14:05:32.996 E/Hyphenator( 1326): java.io.FileNotFoundException: /system/usr/hyphen-data/hyph-hu.hyb: open failed: ENOENT (No such file or directory)
05-23 14:05:32.996 E/Hyphenator( 1326): 	at libcore.io.IoBridge.open(IoBridge.java:455)
05-23 14:05:32.996 E/Hyphenator( 1326): 	at java.io.RandomAccessFile.<init>(RandomAccessFile.java:247)
05-23 14:05:32.996 E/Hyphenator( 1326): 	at android.text.Hyphenator.loadHyphenator(Hyphenator.java:118)
05-23 14:05:32.996 E/Hyphenator( 1326): 	at android.text.Hyphenator.init(Hyphenator.java:224)
05-23 14:05:32.996 E/Hyphenator( 1326): 	at com.android.internal.os.ZygoteInit.preloadTextResources(ZygoteInit.java:252)
05-23 14:05:32.996 E/Hyphenator( 1326): 	at com.android.internal.os.ZygoteInit.preload(ZygoteInit.java:206)
05-23 14:05:32.996 E/Hyphenator( 1326): 	at com.android.internal.os.ZygoteInit.main(ZygoteInit.java:743)
05-23 14:05:32.996 E/Hyphenator( 1326): Caused by: android.system.ErrnoException: open failed: ENOENT (No such file or directory)
05-23 14:05:32.996 E/Hyphenator( 1326): 	at libcore.io.Posix.open(Native Method)
05-23 14:05:32.996 E/Hyphenator( 1326): 	at libcore.io.BlockGuardOs.open(BlockGuardOs.java:187)
05-23 14:05:32.996 E/Hyphenator( 1326): 	at libcore.io.IoBridge.open(IoBridge.java:441)
05-23 14:05:32.996 E/Hyphenator( 1326): 	... 6 more
05-23 14:05:32.998 E/Hyphenator( 1326): error loading hyphenation /system/usr/hyphen-data/hyph-hy.hyb
05-23 14:05:32.998 E/Hyphenator( 1326): java.io.FileNotFoundException: /system/usr/hyphen-data/hyph-hy.hyb: open failed: ENOENT (No such file or directory)
05-23 14:05:32.998 E/Hyphenator( 1326): 	at libcore.io.IoBridge.open(IoBridge.java:455)
05-23 14:05:32.998 E/Hyphenator( 1326): 	at java.io.RandomAccessFile.<init>(RandomAccessFile.java:247)
05-23 14:05:32.998 E/Hyphenator( 1326): 	at android.text.Hyphenator.loadHyphenator(Hyphenator.java:118)
05-23 14:05:32.998 E/Hyphenator( 1326): 	at android.text.Hyphenator.init(Hyphenator.java:224)
05-23 14:05:32.998 E/Hyphenator( 1326): 	at com.android.internal.os.ZygoteInit.preloadTextResources(ZygoteInit.java:252)
05-23 14:05:32.998 E/Hyphenator( 1326): 	at com.android.internal.os.ZygoteInit.preload(ZygoteInit.java:206)
05-23 14:05:32.998 E/Hyphenator( 1326): 	at com.android.internal.os.ZygoteInit.main(ZygoteInit.java:743)
05-23 14:05:32.998 E/Hyphenator( 1326): Caused by: android.system.ErrnoException: open failed: ENOENT (No such file or directory)
05-23 14:05:32.998 E/Hyphenator( 1326): 	at libcore.io.Posix.open(Native Method)
05-23 14:05:32.998 E/Hyphenator( 1326): 	at libcore.io.BlockGuardOs.open(BlockGuardOs.java:187)
05-23 14:05:32.998 E/Hyphenator( 1326): 	at libcore.io.IoBridge.open(IoBridge.java:441)
05-23 14:05:32.998 E/Hyphenator( 1326): 	... 6 more
05-23 14:05:32.999 E/Hyphenator( 1326): error loading hyphenation /system/usr/hyphen-data/hyph-kn.hyb
05-23 14:05:32.999 E/Hyphenator( 1326): java.io.FileNotFoundException: /system/usr/hyphen-data/hyph-kn.hyb: open failed: ENOENT (No such file or directory)
05-23 14:05:32.999 E/Hyphenator( 1326): 	at libcore.io.IoBridge.open(IoBridge.java:455)
05-23 14:05:32.999 E/Hyphenator( 1326): 	at java.io.RandomAccessFile.<init>(RandomAccessFile.java:247)
05-23 14:05:32.999 E/Hyphenator( 1326): 	at android.text.Hyphenator.loadHyphenator(Hyphenator.java:118)
05-23 14:05:32.999 E/Hyphenator( 1326): 	at android.text.Hyphenator.init(Hyphenator.java:224)
05-23 14:05:32.999 E/Hyphenator( 1326): 	at com.android.internal.os.ZygoteInit.preloadTextResources(ZygoteInit.java:252)
05-23 14:05:32.999 E/Hyphenator( 1326): 	at com.android.internal.os.ZygoteInit.preload(ZygoteInit.java:206)
05-23 14:05:32.999 E/Hyphenator( 1326): 	at com.android.internal.os.ZygoteInit.main(ZygoteInit.java:743)
05-23 14:05:32.999 E/Hyphenator( 1326): Caused by: android.system.ErrnoException: open failed: ENOENT (No such file or directory)
05-23 14:05:32.999 E/Hyphenator( 1326): 	at libcore.io.Posix.open(Native Method)
05-23 14:05:32.999 E/Hyphenator( 1326): 	at libcore.io.BlockGuardOs.open(BlockGuardOs.java:187)
05-23 14:05:32.999 E/Hyphenator( 1326): 	at libcore.io.IoBridge.open(IoBridge.java:441)
05-23 14:05:32.999 E/Hyphenator( 1326): 	... 6 more
05-23 14:05:33.052 E/Hyphenator( 1326): error loading hyphenation /system/usr/hyphen-data/hyph-ml.hyb
05-23 14:05:33.052 E/Hyphenator( 1326): java.io.FileNotFoundException: /system/usr/hyphen-data/hyph-ml.hyb: open failed: ENOENT (No such file or directory)
05-23 14:05:33.052 E/Hyphenator( 1326): 	at libcore.io.IoBridge.open(IoBridge.java:455)
05-23 14:05:33.052 E/Hyphenator( 1326): 	at java.io.RandomAccessFile.<init>(RandomAccessFile.java:247)
05-23 14:05:33.052 E/Hyphenator( 1326): 	at android.text.Hyphenator.loadHyphenator(Hyphenator.java:118)
05-23 14:05:33.052 E/Hyphenator( 1326): 	at android.text.Hyphenator.init(Hyphenator.java:224)
05-23 14:05:33.052 E/Hyphenator( 1326): 	at com.android.internal.os.ZygoteInit.preloadTextResources(ZygoteInit.java:252)
05-23 14:05:33.052 E/Hyphenator( 1326): 	at com.android.internal.os.ZygoteInit.preload(ZygoteInit.java:206)
05-23 14:05:33.052 E/Hyphenator( 1326): 	at com.android.internal.os.ZygoteInit.main(ZygoteInit.java:743)
05-23 14:05:33.052 E/Hyphenator( 1326): Caused by: android.system.ErrnoException: open failed: ENOENT (No such file or directory)
05-23 14:05:33.052 E/Hyphenator( 1326): 	at libcore.io.Posix.open(Native Method)
05-23 14:05:33.052 E/Hyphenator( 1326): 	at libcore.io.BlockGuardOs.open(BlockGuardOs.java:187)
05-23 14:05:33.052 E/Hyphenator( 1326): 	at libcore.io.IoBridge.open(IoBridge.java:441)
05-23 14:05:33.052 E/Hyphenator( 1326): 	... 6 more
05-23 14:05:33.053 E/Hyphenator( 1326): error loading hyphenation /system/usr/hyphen-data/hyph-mn-cyrl.hyb
05-23 14:05:33.053 E/Hyphenator( 1326): java.io.FileNotFoundException: /system/usr/hyphen-data/hyph-mn-cyrl.hyb: open failed: ENOENT (No such file or directory)
05-23 14:05:33.053 E/Hyphenator( 1326): 	at libcore.io.IoBridge.open(IoBridge.java:455)
05-23 14:05:33.053 E/Hyphenator( 1326): 	at java.io.RandomAccessFile.<init>(RandomAccessFile.java:247)
05-23 14:05:33.053 E/Hyphenator( 1326): 	at android.text.Hyphenator.loadHyphenator(Hyphenator.java:118)
05-23 14:05:33.053 E/Hyphenator( 1326): 	at android.text.Hyphenator.init(Hyphenator.java:224)
05-23 14:05:33.053 E/Hyphenator( 1326): 	at com.android.internal.os.ZygoteInit.preloadTextResources(ZygoteInit.java:252)
05-23 14:05:33.053 E/Hyphenator( 1326): 	at com.android.internal.os.ZygoteInit.preload(ZygoteInit.java:206)
05-23 14:05:33.053 E/Hyphenator( 1326): 	at com.android.internal.os.ZygoteInit.main(ZygoteInit.java:743)
05-23 14:05:33.053 E/Hyphenator( 1326): Caused by: android.system.ErrnoException: open failed: ENOENT (No such file or directory)
05-23 14:05:33.053 E/Hyphenator( 1326): 	at libcore.io.Posix.open(Native Method)
05-23 14:05:33.053 E/Hyphenator( 1326): 	at libcore.io.BlockGuardOs.open(BlockGuardOs.java:187)
05-23 14:05:33.053 E/Hyphenator( 1326): 	at libcore.io.IoBridge.open(IoBridge.java:441)
05-23 14:05:33.053 E/Hyphenator( 1326): 	... 6 more
05-23 14:05:33.055 E/Hyphenator( 1326): error loading hyphenation /system/usr/hyphen-data/hyph-mr.hyb
05-23 14:05:33.055 E/Hyphenator( 1326): java.io.FileNotFoundException: /system/usr/hyphen-data/hyph-mr.hyb: open failed: ENOENT (No such file or directory)
05-23 14:05:33.055 E/Hyphenator( 1326): 	at libcore.io.IoBridge.open(IoBridge.java:455)
05-23 14:05:33.055 E/Hyphenator( 1326): 	at java.io.RandomAccessFile.<init>(RandomAccessFile.java:247)
05-23 14:05:33.055 E/Hyphenator( 1326): 	at android.text.Hyphenator.loadHyphenator(Hyphenator.java:118)
05-23 14:05:33.055 E/Hyphenator( 1326): 	at android.text.Hyphenator.init(Hyphenator.java:224)
05-23 14:05:33.055 E/Hyphenator( 1326): 	at com.android.internal.os.ZygoteInit.preloadTextResources(ZygoteInit.java:252)
05-23 14:05:33.055 E/Hyphenator( 1326): 	at com.android.internal.os.ZygoteInit.preload(ZygoteInit.java:206)
05-23 14:05:33.055 E/Hyphenator( 1326): 	at com.android.internal.os.ZygoteInit.main(ZygoteInit.java:743)
05-23 14:05:33.055 E/Hyphenator( 1326): Caused by: android.system.ErrnoException: open failed: ENOENT (No such file or directory)
05-23 14:05:33.055 E/Hyphenator( 1326): 	at libcore.io.Posix.open(Native Method)
05-23 14:05:33.055 E/Hyphenator( 1326): 	at libcore.io.BlockGuardOs.open(BlockGuardOs.java:187)
05-23 14:05:33.055 E/Hyphenator( 1326): 	at libcore.io.IoBridge.open(IoBridge.java:441)
05-23 14:05:33.055 E/Hyphenator( 1326): 	... 6 more
05-23 14:05:33.057 E/Hyphenator( 1326): error loading hyphenation /system/usr/hyphen-data/hyph-nb.hyb
05-23 14:05:33.057 E/Hyphenator( 1326): java.io.FileNotFoundException: /system/usr/hyphen-data/hyph-nb.hyb: open failed: ENOENT (No such file or directory)
05-23 14:05:33.057 E/Hyphenator( 1326): 	at libcore.io.IoBridge.open(IoBridge.java:455)
05-23 14:05:33.057 E/Hyphenator( 1326): 	at java.io.RandomAccessFile.<init>(RandomAccessFile.java:247)
05-23 14:05:33.057 E/Hyphenator( 1326): 	at android.text.Hyphenator.loadHyphenator(Hyphenator.java:118)
05-23 14:05:33.057 E/Hyphenator( 1326): 	at android.text.Hyphenator.init(Hyphenator.java:224)
05-23 14:05:33.057 E/Hyphenator( 1326): 	at com.android.internal.os.ZygoteInit.preloadTextResources(ZygoteInit.java:252)
05-23 14:05:33.057 E/Hyphenator( 1326): 	at com.android.internal.os.ZygoteInit.preload(ZygoteInit.java:206)
05-23 14:05:33.057 E/Hyphenator( 1326): 	at com.android.internal.os.ZygoteInit.main(ZygoteInit.java:743)
05-23 14:05:33.057 E/Hyphenator( 1326): Caused by: android.system.ErrnoException: open failed: ENOENT (No such file or directory)
05-23 14:05:33.057 E/Hyphenator( 1326): 	at libcore.io.Posix.open(Native Method)
05-23 14:05:33.057 E/Hyphenator( 1326): 	at libcore.io.BlockGuardOs.open(BlockGuardOs.java:187)
05-23 14:05:33.057 E/Hyphenator( 1326): 	at libcore.io.IoBridge.open(IoBridge.java:441)
05-23 14:05:33.057 E/Hyphenator( 1326): 	... 6 more
05-23 14:05:33.058 E/Hyphenator( 1326): error loading hyphenation /system/usr/hyphen-data/hyph-nn.hyb
05-23 14:05:33.058 E/Hyphenator( 1326): java.io.FileNotFoundException: /system/usr/hyphen-data/hyph-nn.hyb: open failed: ENOENT (No such file or directory)
05-23 14:05:33.058 E/Hyphenator( 1326): 	at libcore.io.IoBridge.open(IoBridge.java:455)
05-23 14:05:33.058 E/Hyphenator( 1326): 	at java.io.RandomAccessFile.<init>(RandomAccessFile.java:247)
05-23 14:05:33.058 E/Hyphenator( 1326): 	at android.text.Hyphenator.loadHyphenator(Hyphenator.java:118)
05-23 14:05:33.058 E/Hyphenator( 1326): 	at android.text.Hyphenator.init(Hyphenator.java:224)
05-23 14:05:33.058 E/Hyphenator( 1326): 	at com.android.internal.os.ZygoteInit.preloadTextResources(ZygoteInit.java:252)
05-23 14:05:33.058 E/Hyphenator( 1326): 	at com.android.internal.os.ZygoteInit.preload(ZygoteInit.java:206)
05-23 14:05:33.058 E/Hyphenator( 1326): 	at com.android.internal.os.ZygoteInit.main(ZygoteInit.java:743)
05-23 14:05:33.058 E/Hyphenator( 1326): Caused by: android.system.ErrnoException: open failed: ENOENT (No such file or directory)
05-23 14:05:33.058 E/Hyphenator( 1326): 	at libcore.io.Posix.open(Native Method)
05-23 14:05:33.058 E/Hyphenator( 1326): 	at libcore.io.BlockGuardOs.open(BlockGuardOs.java:187)
05-23 14:05:33.058 E/Hyphenator( 1326): 	at libcore.io.IoBridge.open(IoBridge.java:441)
05-23 14:05:33.058 E/Hyphenator( 1326): 	... 6 more
05-23 14:05:33.059 E/Hyphenator( 1326): error loading hyphenation /system/usr/hyphen-data/hyph-or.hyb
05-23 14:05:33.059 E/Hyphenator( 1326): java.io.FileNotFoundException: /system/usr/hyphen-data/hyph-or.hyb: open failed: ENOENT (No such file or directory)
05-23 14:05:33.059 E/Hyphenator( 1326): 	at libcore.io.IoBridge.open(IoBridge.java:455)
05-23 14:05:33.059 E/Hyphenator( 1326): 	at java.io.RandomAccessFile.<init>(RandomAccessFile.java:247)
05-23 14:05:33.059 E/Hyphenator( 1326): 	at android.text.Hyphenator.loadHyphenator(Hyphenator.java:118)
05-23 14:05:33.059 E/Hyphenator( 1326): 	at android.text.Hyphenator.init(Hyphenator.java:224)
05-23 14:05:33.059 E/Hyphenator( 1326): 	at com.android.internal.os.ZygoteInit.preloadTextResources(ZygoteInit.java:252)
05-23 14:05:33.059 E/Hyphenator( 1326): 	at com.android.internal.os.ZygoteInit.preload(ZygoteInit.java:206)
05-23 14:05:33.059 E/Hyphenator( 1326): 	at com.android.internal.os.ZygoteInit.main(ZygoteInit.java:743)
05-23 14:05:33.059 E/Hyphenator( 1326): Caused by: android.system.ErrnoException: open failed: ENOENT (No such file or directory)
05-23 14:05:33.059 E/Hyphenator( 1326): 	at libcore.io.Posix.open(Native Method)
05-23 14:05:33.059 E/Hyphenator( 1326): 	at libcore.io.BlockGuardOs.open(BlockGuardOs.java:187)
05-23 14:05:33.059 E/Hyphenator( 1326): 	at libcore.io.IoBridge.open(IoBridge.java:441)
05-23 14:05:33.059 E/Hyphenator( 1326): 	... 6 more
05-23 14:05:33.087 I/Zygote  ( 1325): Uninstalled ICU cache reference pinning...
05-23 14:05:33.119 E/Hyphenator( 1326): error loading hyphenation /system/usr/hyphen-data/hyph-pa.hyb
05-23 14:05:33.119 E/Hyphenator( 1326): java.io.FileNotFoundException: /system/usr/hyphen-data/hyph-pa.hyb: open failed: ENOENT (No such file or directory)
05-23 14:05:33.119 E/Hyphenator( 1326): 	at libcore.io.IoBridge.open(IoBridge.java:455)
05-23 14:05:33.119 E/Hyphenator( 1326): 	at java.io.RandomAccessFile.<init>(RandomAccessFile.java:247)
05-23 14:05:33.119 E/Hyphenator( 1326): 	at android.text.Hyphenator.loadHyphenator(Hyphenator.java:118)
05-23 14:05:33.119 E/Hyphenator( 1326): 	at android.text.Hyphenator.init(Hyphenator.java:224)
05-23 14:05:33.119 E/Hyphenator( 1326): 	at com.android.internal.os.ZygoteInit.preloadTextResources(ZygoteInit.java:252)
05-23 14:05:33.119 E/Hyphenator( 1326): 	at com.android.internal.os.ZygoteInit.preload(ZygoteInit.java:206)
05-23 14:05:33.119 E/Hyphenator( 1326): 	at com.android.internal.os.ZygoteInit.main(ZygoteInit.java:743)
05-23 14:05:33.119 E/Hyphenator( 1326): Caused by: android.system.ErrnoException: open failed: ENOENT (No such file or directory)
05-23 14:05:33.119 E/Hyphenator( 1326): 	at libcore.io.Posix.open(Native Method)
05-23 14:05:33.119 E/Hyphenator( 1326): 	at libcore.io.BlockGuardOs.open(BlockGuardOs.java:187)
05-23 14:05:33.119 E/Hyphenator( 1326): 	at libcore.io.IoBridge.open(IoBridge.java:441)
05-23 14:05:33.119 E/Hyphenator( 1326): 	... 6 more
05-23 14:05:33.158 E/Hyphenator( 1326): error loading hyphenation /system/usr/hyphen-data/hyph-pt.hyb
05-23 14:05:33.158 E/Hyphenator( 1326): java.io.FileNotFoundException: /system/usr/hyphen-data/hyph-pt.hyb: open failed: ENOENT (No such file or directory)
05-23 14:05:33.158 E/Hyphenator( 1326): 	at libcore.io.IoBridge.open(IoBridge.java:455)
05-23 14:05:33.158 E/Hyphenator( 1326): 	at java.io.RandomAccessFile.<init>(RandomAccessFile.java:247)
05-23 14:05:33.158 E/Hyphenator( 1326): 	at android.text.Hyphenator.loadHyphenator(Hyphenator.java:118)
05-23 14:05:33.158 E/Hyphenator( 1326): 	at android.text.Hyphenator.init(Hyphenator.java:224)
05-23 14:05:33.158 E/Hyphenator( 1326): 	at com.android.internal.os.ZygoteInit.preloadTextResources(ZygoteInit.java:252)
05-23 14:05:33.158 E/Hyphenator( 1326): 	at com.android.internal.os.ZygoteInit.preload(ZygoteInit.java:206)
05-23 14:05:33.158 E/Hyphenator( 1326): 	at com.android.internal.os.ZygoteInit.main(ZygoteInit.java:743)
05-23 14:05:33.158 E/Hyphenator( 1326): Caused by: android.system.ErrnoException: open failed: ENOENT (No such file or directory)
05-23 14:05:33.158 E/Hyphenator( 1326): 	at libcore.io.Posix.open(Native Method)
05-23 14:05:33.158 E/Hyphenator( 1326): 	at libcore.io.BlockGuardOs.open(BlockGuardOs.java:187)
05-23 14:05:33.158 E/Hyphenator( 1326): 	at libcore.io.IoBridge.open(IoBridge.java:441)
05-23 14:05:33.158 E/Hyphenator( 1326): 	... 6 more
05-23 14:05:33.159 E/Hyphenator( 1326): error loading hyphenation /system/usr/hyphen-data/hyph-sl.hyb
05-23 14:05:33.159 E/Hyphenator( 1326): java.io.FileNotFoundException: /system/usr/hyphen-data/hyph-sl.hyb: open failed: ENOENT (No such file or directory)
05-23 14:05:33.159 E/Hyphenator( 1326): 	at libcore.io.IoBridge.open(IoBridge.java:455)
05-23 14:05:33.159 E/Hyphenator( 1326): 	at java.io.RandomAccessFile.<init>(RandomAccessFile.java:247)
05-23 14:05:33.159 E/Hyphenator( 1326): 	at android.text.Hyphenator.loadHyphenator(Hyphenator.java:118)
05-23 14:05:33.159 E/Hyphenator( 1326): 	at android.text.Hyphenator.init(Hyphenator.java:224)
05-23 14:05:33.159 E/Hyphenator( 1326): 	at com.android.internal.os.ZygoteInit.preloadTextResources(ZygoteInit.java:252)
05-23 14:05:33.159 E/Hyphenator( 1326): 	at com.android.internal.os.ZygoteInit.preload(ZygoteInit.java:206)
05-23 14:05:33.159 E/Hyphenator( 1326): 	at com.android.internal.os.ZygoteInit.main(ZygoteInit.java:743)
05-23 14:05:33.159 E/Hyphenator( 1326): Caused by: android.system.ErrnoException: open failed: ENOENT (No such file or directory)
05-23 14:05:33.159 E/Hyphenator( 1326): 	at libcore.io.Posix.open(Native Method)
05-23 14:05:33.159 E/Hyphenator( 1326): 	at libcore.io.BlockGuardOs.open(BlockGuardOs.java:187)
05-23 14:05:33.159 E/Hyphenator( 1326): 	at libcore.io.IoBridge.open(IoBridge.java:441)
05-23 14:05:33.159 E/Hyphenator( 1326): 	... 6 more
05-23 14:05:33.211 I/Zygote  ( 1325): Installed AndroidKeyStoreProvider in 124ms.
05-23 14:05:33.232 E/Hyphenator( 1326): error loading hyphenation /system/usr/hyphen-data/hyph-ta.hyb
05-23 14:05:33.232 E/Hyphenator( 1326): java.io.FileNotFoundException: /system/usr/hyphen-data/hyph-ta.hyb: open failed: ENOENT (No such file or directory)
05-23 14:05:33.232 E/Hyphenator( 1326): 	at libcore.io.IoBridge.open(IoBridge.java:455)
05-23 14:05:33.232 E/Hyphenator( 1326): 	at java.io.RandomAccessFile.<init>(RandomAccessFile.java:247)
05-23 14:05:33.232 E/Hyphenator( 1326): 	at android.text.Hyphenator.loadHyphenator(Hyphenator.java:118)
05-23 14:05:33.232 E/Hyphenator( 1326): 	at android.text.Hyphenator.init(Hyphenator.java:224)
05-23 14:05:33.232 E/Hyphenator( 1326): 	at com.android.internal.os.ZygoteInit.preloadTextResources(ZygoteInit.java:252)
05-23 14:05:33.232 E/Hyphenator( 1326): 	at com.android.internal.os.ZygoteInit.preload(ZygoteInit.java:206)
05-23 14:05:33.232 E/Hyphenator( 1326): 	at com.android.internal.os.ZygoteInit.main(ZygoteInit.java:743)
05-23 14:05:33.232 E/Hyphenator( 1326): Caused by: android.system.ErrnoException: open failed: ENOENT (No such file or directory)
05-23 14:05:33.232 E/Hyphenator( 1326): 	at libcore.io.Posix.open(Native Method)
05-23 14:05:33.232 E/Hyphenator( 1326): 	at libcore.io.BlockGuardOs.open(BlockGuardOs.java:187)
05-23 14:05:33.232 E/Hyphenator( 1326): 	at libcore.io.IoBridge.open(IoBridge.java:441)
05-23 14:05:33.232 E/Hyphenator( 1326): 	... 6 more
05-23 14:05:33.234 E/Hyphenator( 1326): error loading hyphenation /system/usr/hyphen-data/hyph-te.hyb
05-23 14:05:33.234 E/Hyphenator( 1326): java.io.FileNotFoundException: /system/usr/hyphen-data/hyph-te.hyb: open failed: ENOENT (No such file or directory)
05-23 14:05:33.234 E/Hyphenator( 1326): 	at libcore.io.IoBridge.open(IoBridge.java:455)
05-23 14:05:33.234 E/Hyphenator( 1326): 	at java.io.RandomAccessFile.<init>(RandomAccessFile.java:247)
05-23 14:05:33.234 E/Hyphenator( 1326): 	at android.text.Hyphenator.loadHyphenator(Hyphenator.java:118)
05-23 14:05:33.234 E/Hyphenator( 1326): 	at android.text.Hyphenator.init(Hyphenator.java:224)
05-23 14:05:33.234 E/Hyphenator( 1326): 	at com.android.internal.os.ZygoteInit.preloadTextResources(ZygoteInit.java:252)
05-23 14:05:33.234 E/Hyphenator( 1326): 	at com.android.internal.os.ZygoteInit.preload(ZygoteInit.java:206)
05-23 14:05:33.234 E/Hyphenator( 1326): 	at com.android.internal.os.ZygoteInit.main(ZygoteInit.java:743)
05-23 14:05:33.234 E/Hyphenator( 1326): Caused by: android.system.ErrnoException: open failed: ENOENT (No such file or directory)
05-23 14:05:33.234 E/Hyphenator( 1326): 	at libcore.io.Posix.open(Native Method)
05-23 14:05:33.234 E/Hyphenator( 1326): 	at libcore.io.BlockGuardOs.open(BlockGuardOs.java:187)
05-23 14:05:33.234 E/Hyphenator( 1326): 	at libcore.io.IoBridge.open(IoBridge.java:441)
05-23 14:05:33.234 E/Hyphenator( 1326): 	... 6 more
05-23 14:05:33.235 E/Hyphenator( 1326): error loading hyphenation /system/usr/hyphen-data/hyph-tk.hyb
05-23 14:05:33.235 E/Hyphenator( 1326): java.io.FileNotFoundException: /system/usr/hyphen-data/hyph-tk.hyb: open failed: ENOENT (No such file or directory)
05-23 14:05:33.235 E/Hyphenator( 1326): 	at libcore.io.IoBridge.open(IoBridge.java:455)
05-23 14:05:33.235 E/Hyphenator( 1326): 	at java.io.RandomAccessFile.<init>(RandomAccessFile.java:247)
05-23 14:05:33.235 E/Hyphenator( 1326): 	at android.text.Hyphenator.loadHyphenator(Hyphenator.java:118)
05-23 14:05:33.235 E/Hyphenator( 1326): 	at android.text.Hyphenator.init(Hyphenator.java:224)
05-23 14:05:33.235 E/Hyphenator( 1326): 	at com.android.internal.os.ZygoteInit.preloadTextResources(ZygoteInit.java:252)
05-23 14:05:33.235 E/Hyphenator( 1326): 	at com.android.internal.os.ZygoteInit.preload(ZygoteInit.java:206)
05-23 14:05:33.235 E/Hyphenator( 1326): 	at com.android.internal.os.ZygoteInit.main(ZygoteInit.java:743)
05-23 14:05:33.235 E/Hyphenator( 1326): Caused by: android.system.ErrnoException: open failed: ENOENT (No such file or directory)
05-23 14:05:33.235 E/Hyphenator( 1326): 	at libcore.io.Posix.open(Native Method)
05-23 14:05:33.235 E/Hyphenator( 1326): 	at libcore.io.BlockGuardOs.open(BlockGuardOs.java:187)
05-23 14:05:33.235 E/Hyphenator( 1326): 	at libcore.io.IoBridge.open(IoBridge.java:441)
05-23 14:05:33.235 E/Hyphenator( 1326): 	... 6 more
05-23 14:05:33.237 E/Hyphenator( 1326): error loading hyphenation /system/usr/hyphen-data/hyph-und-ethi.hyb
05-23 14:05:33.237 E/Hyphenator( 1326): java.io.FileNotFoundException: /system/usr/hyphen-data/hyph-und-ethi.hyb: open failed: ENOENT (No such file or directory)
05-23 14:05:33.237 E/Hyphenator( 1326): 	at libcore.io.IoBridge.open(IoBridge.java:455)
05-23 14:05:33.237 E/Hyphenator( 1326): 	at java.io.RandomAccessFile.<init>(RandomAccessFile.java:247)
05-23 14:05:33.237 E/Hyphenator( 1326): 	at android.text.Hyphenator.loadHyphenator(Hyphenator.java:118)
05-23 14:05:33.237 E/Hyphenator( 1326): 	at android.text.Hyphenator.init(Hyphenator.java:224)
05-23 14:05:33.237 E/Hyphenator( 1326): 	at com.android.internal.os.ZygoteInit.preloadTextResources(ZygoteInit.java:252)
05-23 14:05:33.237 E/Hyphenator( 1326): 	at com.android.internal.os.ZygoteInit.preload(ZygoteInit.java:206)
05-23 14:05:33.237 E/Hyphenator( 1326): 	at com.android.internal.os.ZygoteInit.main(ZygoteInit.java:743)
05-23 14:05:33.237 E/Hyphenator( 1326): Caused by: android.system.ErrnoException: open failed: ENOENT (No such file or directory)
05-23 14:05:33.237 E/Hyphenator( 1326): 	at libcore.io.Posix.open(Native Method)
05-23 14:05:33.237 E/Hyphenator( 1326): 	at libcore.io.BlockGuardOs.open(BlockGuardOs.java:187)
05-23 14:05:33.237 E/Hyphenator( 1326): 	at libcore.io.IoBridge.open(IoBridge.java:441)
05-23 14:05:33.237 E/Hyphenator( 1326): 	... 6 more
05-23 14:05:33.430 W/art     ( 1325): Suspending all threads took: 48.780ms
05-23 14:05:33.437 I/art     ( 1325): Background sticky concurrent mark sweep GC freed 13556(1071KB) AllocSpace objects, 3(120KB) LOS objects, 15% free, 6MB/7MB, paused 49.786ms total 270.822ms
05-23 14:05:33.573 I/Zygote  ( 1325): Warmed up JCA providers in 362ms.
05-23 14:05:33.573 D/Zygote  ( 1325): end preload
05-23 14:05:33.574 I/art     ( 1325): Starting a blocking GC Explicit
05-23 14:05:33.677 I/art     ( 1325): Explicit concurrent mark sweep GC freed 4327(215KB) AllocSpace objects, 4(164KB) LOS objects, 39% free, 6MB/10MB, paused 253us total 102.343ms
05-23 14:05:33.710 I/art     ( 1325): Starting a blocking GC Explicit
05-23 14:05:33.795 I/Zygote  ( 1326): Uninstalled ICU cache reference pinning...
05-23 14:05:33.910 I/Zygote  ( 1326): Installed AndroidKeyStoreProvider in 115ms.
05-23 14:05:33.955 I/art     ( 1325): Explicit concurrent mark sweep GC freed 88(3KB) AllocSpace objects, 0(0B) LOS objects, 39% free, 6MB/10MB, paused 228us total 243.975ms
05-23 14:05:33.965 I/art     ( 1325): Starting a blocking GC HeapTrim
05-23 14:05:34.089 I/art     ( 1325): Starting a blocking GC Background
05-23 14:05:34.198 I/art     ( 1325): Background concurrent mark sweep GC freed 75(3KB) AllocSpace objects, 0(0B) LOS objects, 39% free, 6MB/10MB, paused 186us total 108.476ms
05-23 14:05:34.240 W/art     ( 1326): Suspending all threads took: 68.610ms
05-23 14:05:34.307 I/art     ( 1326): Background sticky concurrent mark sweep GC freed 12767(1020KB) AllocSpace objects, 3(120KB) LOS objects, 16% free, 6MB/7MB, paused 69.694ms total 231.830ms
05-23 14:05:34.843 I/Zygote  ( 1325): System server process 3231 has been created
05-23 14:05:34.848 I/Zygote  ( 1325): Accepting command socket connections
05-23 14:05:34.936 I/Zygote  ( 1326): Warmed up JCA providers in 1025ms.
05-23 14:05:34.937 D/Zygote  ( 1326): end preload
05-23 14:05:34.937 I/art     ( 1326): Starting a blocking GC Explicit
05-23 14:05:35.137 I/art     ( 1326): Explicit concurrent mark sweep GC freed 4998(253KB) AllocSpace objects, 4(164KB) LOS objects, 39% free, 6MB/10MB, paused 329us total 198.643ms
05-23 14:05:35.150 I/art     ( 1326): Starting a blocking GC Explicit
05-23 14:05:35.290 I/art     ( 1326): Explicit concurrent mark sweep GC freed 60(2352B) AllocSpace objects, 0(0B) LOS objects, 39% free, 6MB/10MB, paused 318us total 135.747ms
05-23 14:05:35.297 I/Zygote  ( 1326): Accepting command socket connections
05-23 14:05:35.473 I/Zygote  ( 3231): Process: zygote socket opened, supported ABIS: x86
05-23 14:05:35.727 I/InstallerConnection( 3231): connecting...
05-23 14:05:35.784 I/        ( 1330): new connection
05-23 14:05:36.281 I/InstallerConnection( 3231): disconnecting...
05-23 14:05:36.283 E/        ( 1330): eof
05-23 14:05:36.283 E/        ( 1330): failed to read size
05-23 14:05:36.283 I/        ( 1330): closing connection
05-23 14:05:37.601 I/SystemServer( 3231): Entered the Android system server!
05-23 14:05:38.237 E/Netd    ( 1337): cannot find interface dummy0
05-23 14:05:38.378 D/MDnsDS  ( 1337): MDnsSdListener::Hander starting up
05-23 14:05:38.426 D/MDnsDS  ( 1337): MDnsSdListener starting to monitor
05-23 14:05:38.427 D/MDnsDS  ( 1337): Going to poll with pollCount 1
05-23 14:05:39.836 I/SystemServiceManager( 3231): Starting com.android.server.pm.Installer
05-23 14:05:39.941 I/Installer( 3231): Waiting for installd to be ready.
05-23 14:05:39.941 I/InstallerConnection( 3231): connecting...
05-23 14:05:39.942 I/        ( 1330): new connection
05-23 14:05:39.944 I/SystemServiceManager( 3231): Starting com.android.server.am.ActivityManagerService$Lifecycle
05-23 14:05:40.333 I/ActivityManager( 3231): Memory class: 256
05-23 14:05:40.350 I/ServiceThread( 3231): Enabled StrictMode logging for ActivityManager looper.
05-23 14:05:40.427 I/ServiceThread( 3231): Enabled StrictMode logging for android.ui looper.
05-23 14:05:40.899 D/BatteryStatsImpl( 3231): Reading daily items from /data/system/batterystats-daily.xml
05-23 14:05:42.179 I/IntentFirewall( 3231): Read new rules (A:0 B:0 S:0)
05-23 14:05:42.511 I/ServiceThread( 3231): Enabled StrictMode logging for android.display looper.
05-23 14:05:42.798 D/AppOps  ( 3231): AppOpsService published
05-23 14:05:42.821 I/SystemServiceManager( 3231): Starting com.android.server.power.PowerManagerService
05-23 14:05:42.875 I/ServiceThread( 3231): Enabled StrictMode logging for PowerManagerService looper.
05-23 14:05:42.934 E/PowerManagerService-JNI( 3231): Couldn't load power module (No such file or directory)
05-23 14:05:42.935 W/libsuspend( 3231): Error writing 'on' to /sys/power/state: Invalid argument
05-23 14:05:42.936 I/libsuspend( 3231): Selected wakeup count
05-23 14:05:42.987 I/SystemServiceManager( 3231): Starting com.android.server.lights.LightsService
05-23 14:05:43.040 I/SystemServiceManager( 3231): Starting com.android.server.display.DisplayManagerService
05-23 14:05:43.110 I/SystemServiceManager( 3231): Starting phase 100
05-23 14:05:43.166 E/SurfaceFlinger( 1321): ro.sf.lcd_density must be defined as a build property
05-23 14:05:43.219 I/DisplayManagerService( 3231): Display device added: DisplayDeviceInfo{"Built-in Screen": uniqueId="local:0", 1080 x 1920, modeId 1, defaultModeId 1, supportedModes [{id=1, width=1080, height=1920, fps=60.000004}], colorMode 0, supportedColorModes [0], HdrCapabilities android.view.Display$HdrCapabilities@a69d6308, density 480, 480.0 x 480.0 dpi, appVsyncOff 1000000, presDeadline 16666666, touch INTERNAL, rotation 0, type BUILT_IN, state UNKNOWN, FLAG_DEFAULT_DISPLAY, FLAG_ROTATES_WITH_CONTENT, FLAG_SECURE, FLAG_SUPPORTS_PROTECTED_BUFFERS}
05-23 14:05:43.283 D/SurfaceFlinger( 1321): Set power mode=2, type=0 flinger=0x792fdf647000
05-23 14:05:43.283 D/SurfaceFlinger( 1321): Screen type=0 is already mode=2
05-23 14:05:43.286 I/SystemServer( 3231): StartPackageManagerService
05-23 14:05:43.288 I/DisplayManagerService( 3231): Display device changed state: "Built-in Screen", ON
05-23 14:05:43.802 W/SystemConfig( 3231): No directory /system/etc/sysconfig, skipping
05-23 14:05:44.141 D/SELinuxMMAC( 3231): Using policy file /system/etc/security/mac_permissions.xml
05-23 14:05:45.892 E/art     ( 3231): DexFile_getDexOptNeeded file '/system/framework/org.apache.http.legacy.jar' does not exist
05-23 14:05:45.894 W/PackageManager( 3231): Library not found: /system/framework/org.apache.http.legacy.jar
05-23 14:05:46.124 E/art     ( 3231): DexFile_getDexOptNeeded file '/system/framework/org.apache.http.legacy.jar' does not exist
05-23 14:05:46.124 W/PackageManager( 3231): Library not found: /system/framework/org.apache.http.legacy.jar
05-23 14:05:46.148 D/PackageManager( 3231): No files in app dir /vendor/overlay
05-23 14:05:47.026 W/PackageManager( 3231): Failed to parse /system/framework/oat: Missing base APK in /system/framework/oat
05-23 14:05:47.029 W/PackageManager( 3231): Failed to parse /system/framework/x86: Missing base APK in /system/framework/x86
05-23 14:05:47.042 W/PackageManager( 3231): Failed to parse /system/framework/x86_64: Missing base APK in /system/framework/x86_64
05-23 14:05:48.175 W/PackageParser( 3231): No actions in intent filter at /system/priv-app/Contacts/Contacts.apk Binary XML file line #409
05-23 14:05:48.948 W/PackageParser( 3231): No actions in intent filter at /system/priv-app/Dialer/Dialer.apk Binary XML file line #186
05-23 14:05:49.643 W/PackageManager( 3231): Permission android.permission.DOWNLOAD_WITHOUT_NOTIFICATION from package com.android.providers.downloads in an unknown group android.permission-group.NETWORK
05-23 14:05:52.328 W/PackageParser( 3231): Ignoring duplicate uses-permissions/uses-permissions-sdk-m: android.permission.USE_CREDENTIALS in package: com.android.settings at: Binary XML file line #53
05-23 14:05:52.329 W/PackageParser( 3231): Ignoring duplicate uses-permissions/uses-permissions-sdk-m: android.permission.READ_SYNC_SETTINGS in package: com.android.settings at: Binary XML file line #58
05-23 14:05:52.329 W/PackageParser( 3231): Ignoring duplicate uses-permissions/uses-permissions-sdk-m: android.permission.WRITE_SYNC_SETTINGS in package: com.android.settings at: Binary XML file line #59
05-23 14:05:53.887 W/PackageParser( 3231): Ignoring duplicate uses-permissions/uses-permissions-sdk-m: android.permission.INSTALL_GRANT_RUNTIME_PERMISSIONS in package: com.android.shell at: Binary XML file line #102
05-23 14:05:55.043 W/PackageParser( 3231): Ignoring duplicate uses-permissions/uses-permissions-sdk-m: android.permission.CONFIGURE_WIFI_DISPLAY in package: com.android.systemui at: Binary XML file line #123
05-23 14:05:56.149 W/art     ( 3231): Suspending all threads took: 18.697ms
05-23 14:05:56.311 I/art     ( 3231): Background sticky concurrent mark sweep GC freed 33447(2MB) AllocSpace objects, 20(416KB) LOS objects, 31% free, 6MB/10MB, paused 41.923ms total 492.082ms
05-23 14:05:57.663 W/PackageManager( 3231): Non-privileged app; cap priority to 0; package: com.android.calendar activity: com.android.calendar.GoogleCalendarUriIntentFilter origPrio: 50
05-23 14:05:57.963 W/PackageManager( 3231): Non-privileged app; cap priority to 0; package: com.android.cts.ctsshim activity: com.android.cts.ctsshim.InstallPriority origPrio: 100
05-23 14:05:57.963 W/PackageManager( 3231): Non-privileged app; cap priority to 0; package: com.android.cts.ctsshim activity: com.android.cts.ctsshim.InstallPriority origPrio: 100
05-23 14:05:57.963 W/PackageManager( 3231): Non-privileged app; cap priority to 0; package: com.android.cts.ctsshim activity: com.android.cts.ctsshim.InstallPriority origPrio: 100
05-23 14:05:57.963 W/PackageManager( 3231): Non-privileged app; cap priority to 0; package: com.android.cts.ctsshim activity: com.android.cts.ctsshim.InstallPriority origPrio: 100
05-23 14:05:57.963 W/PackageManager( 3231): Non-privileged app; cap priority to 0; package: com.android.cts.ctsshim activity: com.android.cts.ctsshim.InstallPriority origPrio: 100
05-23 14:05:59.563 W/PackageParser( 3231): Ignoring duplicate uses-permissions/uses-permissions-sdk-m: android.permission.WRITE_CONTACTS in package: com.android.email at: Binary XML file line #40
05-23 14:06:00.609 W/PackageParser( 3231): Unknown element under <application>: permission at /system/app/Gallery2/Gallery2.apk Binary XML file line #238
05-23 14:06:00.609 W/PackageParser( 3231): Unknown element under <application>: permission at /system/app/Gallery2/Gallery2.apk Binary XML file line #241
05-23 14:06:01.899 W/PackageManager( 3231): Permission com.android.launcher3.permission.READ_SETTINGS from package com.android.launcher3 in an unknown group android.permission-group.SYSTEM_TOOLS
05-23 14:06:01.899 W/PackageManager( 3231): Permission com.android.launcher3.permission.WRITE_SETTINGS from package com.android.launcher3 in an unknown group android.permission-group.SYSTEM_TOOLS
05-23 14:06:01.899 W/PackageManager( 3231): Permission com.android.launcher.permission.INSTALL_SHORTCUT from package com.android.launcher3 in an unknown group android.permission-group.SYSTEM_TOOLS
05-23 14:06:04.754 D/PackageManager( 3231): No files in app dir /system/vendor/app
05-23 14:06:04.755 D/PackageManager( 3231): No files in app dir /oem/app
05-23 14:06:05.583 W/PackageParser( 3231): No actions in intent filter at /data/app/ApiDemos/ApiDemos.apk Binary XML file line #3145
05-23 14:06:05.584 W/PackageParser( 3231): No actions in intent filter at /data/app/ApiDemos/ApiDemos.apk Binary XML file line #3151
05-23 14:06:05.611 W/PackageManager( 3231): Package com.example.android.apis desires unavailable shared library com.example.will.never.exist; ignoring!
05-23 14:06:05.648 I/SELinux ( 3231): SELinux: Loaded file_contexts contexts from /file_contexts.bin.
05-23 14:06:06.149 D/PackageManager( 3231): No files in app dir /data/app-private
05-23 14:06:06.156 D/PackageManager( 3231): No files in app dir /data/app-ephemeral
05-23 14:06:06.216 E/PackageManager( 3231): There should probably be exactly one setup wizard; found 0: matches=[]
05-23 14:06:06.216 W/PackageManager( 3231): Protected action; cap priority to 0; package: com.android.cts.priv.ctsshim activity: com.android.cts.priv.ctsshim.InstallPriority origPrio: 100
05-23 14:06:06.216 W/PackageManager( 3231): Protected action; cap priority to 0; package: com.android.cts.priv.ctsshim activity: com.android.cts.priv.ctsshim.InstallPriority origPrio: 100
05-23 14:06:06.216 W/PackageManager( 3231): Protected action; cap priority to 0; package: com.android.cts.priv.ctsshim activity: com.android.cts.priv.ctsshim.InstallPriority origPrio: 100
05-23 14:06:06.216 W/PackageManager( 3231): Protected action; cap priority to 0; package: com.android.cts.priv.ctsshim activity: com.android.cts.priv.ctsshim.InstallPriority origPrio: 100
05-23 14:06:06.217 W/PackageManager( 3231): Protected action; cap priority to 0; package: com.android.packageinstaller activity: com.android.packageinstaller.PackageInstallerActivity origPrio: 1
05-23 14:06:06.217 W/PackageManager( 3231): Package com.android.camera desires unavailable shared library com.google.android.media.effects; ignoring!
05-23 14:06:06.217 W/PackageManager( 3231): Package com.android.gallery3d desires unavailable shared library com.google.android.media.effects; ignoring!
05-23 14:06:06.217 W/PackageManager( 3231): Package com.android.gallery3d desires unavailable shared library com.google.android.media.effects; ignoring!
05-23 14:06:06.217 W/PackageManager( 3231): Package com.example.android.apis desires unavailable shared library com.example.will.never.exist; ignoring!
05-23 14:06:06.222 I/PackageManager( 3231): Adjusting ABI for com.android.providers.media to x86_64 (requirer=com.android.mtp, scannedPackage=null)
05-23 14:06:06.240 I/PackageManager( 3231): Adjusting ABI for com.android.providers.downloads to x86_64 (requirer=com.android.mtp, scannedPackage=null)
05-23 14:06:06.242 I/PackageManager( 3231): Adjusting ABI for com.android.providers.downloads.ui to x86_64 (requirer=com.android.mtp, scannedPackage=null)
05-23 14:06:06.244 I/PackageManager( 3231): Adjusting ABI for com.android.keychain to x86_64 (requirer=android, scannedPackage=null)
05-23 14:06:06.246 I/PackageManager( 3231): Adjusting ABI for com.android.settings to x86_64 (requirer=android, scannedPackage=null)
05-23 14:06:06.248 I/PackageManager( 3231): Adjusting ABI for com.android.wallpaperbackup to x86_64 (requirer=android, scannedPackage=null)
05-23 14:06:06.268 I/PackageManager( 3231): Adjusting ABI for com.android.location.fused to x86_64 (requirer=android, scannedPackage=null)
05-23 14:06:06.272 I/PackageManager( 3231): Adjusting ABI for com.android.inputdevices to x86_64 (requirer=android, scannedPackage=null)
05-23 14:06:06.274 I/PackageManager( 3231): Adjusting ABI for com.android.server.telecom to x86_64 (requirer=android, scannedPackage=null)
05-23 14:06:06.276 I/PackageManager( 3231): Adjusting ABI for com.android.providers.settings to x86_64 (requirer=android, scannedPackage=null)
05-23 14:06:06.302 I/PackageManager( 3231): Time to scan packages: 20.662 seconds
05-23 14:06:06.305 W/PackageManager( 3231): Unknown permission com.google.android.googleapps.permission.GOOGLE_AUTH in package com.android.providers.calendar
05-23 14:06:06.305 W/PackageManager( 3231): Unknown permission com.google.android.googleapps.permission.GOOGLE_AUTH.cl in package com.android.providers.calendar
05-23 14:06:06.307 W/PackageManager( 3231): Not granting permission android.permission.GLOBAL_SEARCH to package com.android.quicksearchbox (protectionLevel=18 flags=0x3808be45)
05-23 14:06:06.308 W/PackageManager( 3231): Not granting permission android.permission.WRITE_EXTERNAL_STORAGE to package gov.nasa.arc.astrobee.android.gs.manager because it was previously installed without
05-23 14:06:06.308 W/PackageManager( 3231): Not granting permission android.permission.READ_EXTERNAL_STORAGE to package gov.nasa.arc.astrobee.android.gs.manager because it was previously installed without
05-23 14:06:06.309 W/PackageManager( 3231): Unknown permission com.android.launcher.permission.READ_SETTINGS in package com.android.launcher3
05-23 14:06:06.309 W/PackageManager( 3231): Unknown permission com.android.launcher.permission.WRITE_SETTINGS in package com.android.launcher3
05-23 14:06:06.309 W/PackageManager( 3231): Not granting permission android.permission.BIND_APPWIDGET to package com.android.launcher3 (protectionLevel=18 flags=0x3c4bbe45)
05-23 14:06:06.309 W/PackageManager( 3231): Unknown permission com.google.android.googleapps.permission.GOOGLE_AUTH.mail in package com.android.calendar
05-23 14:06:06.309 W/PackageManager( 3231): Unknown permission com.google.android.providers.settings.permission.WRITE_GSETTINGS in package com.android.sdksetup
05-23 14:06:06.322 W/PackageManager( 3231): Unknown permission com.google.android.permission.INSTALL_WEARABLE_PACKAGES in package com.android.packageinstaller
05-23 14:06:06.323 W/PackageManager( 3231): Not granting permission android.permission.DELETE_PACKAGES to package com.svox.pico (protectionLevel=18 flags=0x3808be45)
05-23 14:06:06.323 W/PackageManager( 3231): Not granting permission android.permission.READ_CONTACTS to package com.example.android.apis because it was previously installed without
05-23 14:06:06.323 W/PackageManager( 3231): Not granting permission android.permission.WRITE_CONTACTS to package com.example.android.apis because it was previously installed without
05-23 14:06:06.323 W/PackageManager( 3231): Not granting permission android.permission.ACCESS_COARSE_LOCATION to package com.example.android.apis because it was previously installed without
05-23 14:06:06.323 W/PackageManager( 3231): Not granting permission android.permission.WRITE_EXTERNAL_STORAGE to package com.example.android.apis because it was previously installed without
05-23 14:06:06.323 W/PackageManager( 3231): Not granting permission android.permission.SEND_SMS to package com.example.android.apis because it was previously installed without
05-23 14:06:06.323 W/PackageManager( 3231): Not granting permission android.permission.RECEIVE_SMS to package com.example.android.apis because it was previously installed without
05-23 14:06:06.323 W/PackageManager( 3231): Not granting permission android.permission.RECEIVE_MMS to package com.example.android.apis because it was previously installed without
05-23 14:06:06.323 W/PackageManager( 3231): Not granting permission android.permission.READ_SMS to package com.example.android.apis because it was previously installed without
05-23 14:06:06.323 W/PackageManager( 3231): Not granting permission android.permission.READ_PHONE_STATE to package com.example.android.apis because it was previously installed without
05-23 14:06:06.323 W/PackageManager( 3231): Not granting permission android.permission.RECORD_AUDIO to package com.example.android.apis because it was previously installed without
05-23 14:06:06.324 W/PackageManager( 3231): Not granting permission android.permission.CAMERA to package com.example.android.apis because it was previously installed without
05-23 14:06:06.324 W/PackageManager( 3231): Not granting permission android.permission.READ_EXTERNAL_STORAGE to package com.example.android.apis because it was previously installed without
05-23 14:06:06.324 W/PackageManager( 3231): Unknown permission android.permission.RUN_INSTRUMENTATION in package org.chromium.webview_shell
05-23 14:06:06.324 W/PackageManager( 3231): Unknown permission com.google.android.googleapps.permission.GOOGLE_AUTH in package com.android.settings
05-23 14:06:06.324 W/PackageManager( 3231): Unknown permission com.android.launcher.permission.READ_SETTINGS in package com.android.settings
05-23 14:06:06.324 W/PackageManager( 3231): Unknown permission com.android.launcher.permission.WRITE_SETTINGS in package com.android.settings
05-23 14:06:06.325 W/PackageManager( 3231): Unknown permission com.android.smspush.WAPPUSH_MANAGER_BIND in package com.android.phone
05-23 14:06:06.326 W/PackageManager( 3231): Unknown permission com.google.android.googleapps.permission.ACCESS_GOOGLE_PASSWORD in package com.android.development
05-23 14:06:06.326 W/PackageManager( 3231): Unknown permission com.google.android.googleapps.permission.GOOGLE_AUTH in package com.android.development
05-23 14:06:06.327 W/PackageManager( 3231): Unknown permission com.google.android.googleapps.permission.GOOGLE_AUTH.ALL_SERVICES in package com.android.development
05-23 14:06:06.327 W/PackageManager( 3231): Unknown permission com.google.android.googleapps.permission.GOOGLE_AUTH.YouTubeUser in package com.android.development
05-23 14:06:06.327 W/PackageManager( 3231): Not granting permission android.permission.BIND_APPWIDGET to package com.android.widgetpreview (protectionLevel=18 flags=0x3808be44)
05-23 14:06:06.328 V/PackageManager( 3231): reconcileAppsData for null u0 0x3
05-23 14:06:06.374 I/SELinux ( 1330): SELinux: Loaded file_contexts contexts from /file_contexts.bin.
05-23 14:06:10.753 V/PackageManager( 3231): reconcileAppsData finished 81 packages
05-23 14:06:11.101 E/PackageManager( 3231): There should probably be a verifier, but, none were found
05-23 14:06:11.302 W/PackageInstaller( 3231): Abandoning old session first created at 1616675837967
05-23 14:06:11.305 W/PackageInstaller( 3231): Deleting orphan stage /data/app/vmdl1539828231.tmp
05-23 14:06:11.343 D/PackageManager( 3231): Ephemeral resolver NOT found; no matching intent filters
05-23 14:06:11.344 I/PackageManager( 3231): Ephemeral deactivated; missing resolver and installer
05-23 14:06:11.347 I/art     ( 3231): Starting a blocking GC Explicit
05-23 14:06:11.352 W/art     ( 3231): Long monitor contention with owner main (3231) at int android.net.LocalSocketImpl.readba_native(byte[], int, int, java.io.FileDescriptor)(LocalSocketImpl.java:-2) waiters=0 in void com.android.server.pm.Settings$RuntimePermissionPersistence.writePermissionsSync(int) for 4.669s
05-23 14:06:11.565 I/art     ( 3231): Explicit concurrent mark sweep GC freed 37952(2MB) AllocSpace objects, 4(80KB) LOS objects, 33% free, 7MB/11MB, paused 2.175ms total 170.277ms
05-23 14:06:11.615 I/SystemServer( 3231): StartOtaDexOptService
05-23 14:06:11.654 I/SystemServer( 3231): StartUserManagerService
05-23 14:06:11.655 I/SystemServiceManager( 3231): Starting com.android.server.pm.UserManagerService$LifeCycle
05-23 14:06:11.792 I/lowmemorykiller( 1319): ActivityManager connected
05-23 14:06:11.814 D/SensorService( 3231): nuSensorService starting...
05-23 14:06:11.887 D/SensorService( 3231): nuSensorService thread starting...
05-23 14:06:11.902 I/SystemServiceManager( 3231): Starting com.android.server.BatteryService
05-23 14:06:11.971 D/SensorService( 3231): new thread SensorEventAckReceiver
05-23 14:06:12.121 I/SystemServiceManager( 3231): Starting com.android.server.usage.UsageStatsService
05-23 14:06:12.485 I/SystemServiceManager( 3231): Starting com.android.server.webkit.WebViewUpdateService
05-23 14:06:12.531 I/SystemServer( 3231): Reading configuration...
05-23 14:06:12.531 I/SystemServer( 3231): StartSchedulingPolicyService
05-23 14:06:12.535 I/SystemServiceManager( 3231): Starting com.android.server.telecom.TelecomLoaderService
05-23 14:06:12.536 I/SystemServer( 3231): StartTelephonyRegistry
05-23 14:06:12.575 I/SystemServer( 3231): StartEntropyMixer
05-23 14:06:12.657 I/EntropyMixer( 3231): Writing entropy...
05-23 14:06:12.792 I/SystemServer( 3231): Camera Service
05-23 14:06:12.801 I/SystemServiceManager( 3231): Starting com.android.server.camera.CameraService
05-23 14:06:12.814 I/ServiceThread( 3231): Enabled StrictMode logging for CameraService_proxy looper.
05-23 14:06:12.818 I/SystemServer( 3231): StartAccountManagerService
05-23 14:06:12.820 I/SystemServiceManager( 3231): Starting com.android.server.accounts.AccountManagerService$Lifecycle
05-23 14:06:12.909 I/SystemServer( 3231): StartContentService
05-23 14:06:12.941 I/SystemServiceManager( 3231): Starting com.android.server.content.ContentService$Lifecycle
05-23 14:06:12.964 I/SystemServer( 3231): InstallSystemProviders
05-23 14:06:13.088 W/System  ( 3231): ClassLoader referenced unknown path: /system/priv-app/SettingsProvider/lib/x86_64
05-23 14:06:13.488 I/SystemServer( 3231): StartVibratorService
05-23 14:06:13.510 E/VibratorService( 3231): Couldn't load vibrator module (No such file or directory)
05-23 14:06:13.510 W/VibratorService( 3231): Tried to stop vibrating but there is no vibrator device.
05-23 14:06:13.516 I/SystemServer( 3231): StartConsumerIrService
05-23 14:06:13.517 E/ConsumerIrService( 3231): Can't open consumer IR HW Module, error: -2
05-23 14:06:13.534 I/SystemServer( 3231): StartAlarmManagerService
05-23 14:06:13.534 I/SystemServiceManager( 3231): Starting com.android.server.AlarmManagerService
05-23 14:06:13.582 W/AlarmManagerService( 3231): no wall clock RTC found
05-23 14:06:13.584 D/AlarmManagerService( 3231): Kernel timezone updated to 0 minutes west of GMT
05-23 14:06:13.655 I/SystemServer( 3231): InitWatchdog
05-23 14:06:13.656 I/SystemServer( 3231): StartInputManagerService
05-23 14:06:13.671 I/InputManager( 3231): Initializing input manager, mUseDevInputEventForAudioJack=true
05-23 14:06:13.677 I/SystemServer( 3231): StartWindowManagerService
05-23 14:06:14.045 I/WindowManager( 3231): No existing display settings /data/system/display_settings.xml; starting empty
05-23 14:06:14.493 I/SystemServer( 3231): StartVrManagerService
05-23 14:06:14.493 I/SystemServiceManager( 3231): Starting com.android.server.vr.VrManagerService
05-23 14:06:14.499 W/VrManagerService( 3231): init_native: Could not open VR hardware module, error No such file or directory (-2).
05-23 14:06:14.541 I/InputManager( 3231): Starting input manager
