05-23 14:04:24.686 W//system/bin/mediaextractor( 1335): libminijail: allowing syscall: writev
05-23 14:04:24.686 W//system/bin/mediaextractor( 1335): libminijail: allowing syscall: fcntl64
05-23 14:04:24.687 W//system/bin/mediaextractor( 1335): libminijail: allowing syscall: clock_gettime
05-23 14:04:24.693 I/CameraService( 1328): Loaded "Emulated Camera Module" camera module
05-23 14:04:24.693 E/CameraService( 1328): setUpVendorTags: Vendor tag operations not fully defined. Ignoring definitions.
05-23 14:04:24.693 V/EmulatedCamera_Camera( 1328): getCameraInfo
05-23 14:04:24.694 V/EmulatedCamera_BaseCamera( 1328): getCameraInfo
05-23 14:04:24.694 I/CameraFlashlight( 1328): Opening camera 0
05-23 14:04:24.694 V/EmulatedCamera_Camera( 1328): getCameraInfo
05-23 14:04:24.695 V/EmulatedCamera_BaseCamera( 1328): getCameraInfo
05-23 14:04:24.695 V/EmulatedCamera_Camera( 1328): connectCamera
05-23 14:04:24.695 V/EmulatedCamera_FakeDevice( 1328): connectDevice
05-23 14:04:24.712 V/EmulatedCamera_CallbackNotifier( 1328): setCallbacks: 0xf5645e80, 0xf5645ed0, 0xf5645ff0, 0xf5646110 (0xf53c3140)
05-23 14:04:24.718 W//system/bin/mediaextractor( 1335): libminijail: logging seccomp filter failures
05-23 14:04:24.767 V/EmulatedCamera_Preview( 1328): setPreviewWindow: current: 0x0 -> new: 0xf53c3150
05-23 14:04:24.768 V/EmulatedCamera_Preview( 1328): setPreviewWindow: current: 0xf53c3150 -> new: 0x0
05-23 14:04:24.768 V/EmulatedCamera_Camera( 1328): doStopPreview
05-23 14:04:24.783 V/EmulatedCamera_Preview( 1328): setPreviewWindow: current: 0x0 -> new: 0x0
05-23 14:04:24.783 V/EmulatedCamera_Camera( 1328): releaseCamera
05-23 14:04:24.783 V/EmulatedCamera_Camera( 1328): doStopPreview
05-23 14:04:24.783 V/EmulatedCamera_FakeDevice( 1328): disconnectDevice
05-23 14:04:24.784 W/EmulatedCamera_Device( 1328): Initialize: Emulated camera device is already initialized: mState = 1
05-23 14:04:24.784 D/EmulatedCamera_FakeCamera( 1328): Initialize: Fake camera is facing back
05-23 14:04:24.784 V/EmulatedCamera_Device( 1328): initializeWhiteBalanceModes with auto, 1.000000, 1.000000
05-23 14:04:24.784 V/EmulatedCamera_Device( 1328): initializeWhiteBalanceModes with incandescent, 1.380000, 0.600000
05-23 14:04:24.784 V/EmulatedCamera_Device( 1328): initializeWhiteBalanceModes with daylight, 1.090000, 0.920000
05-23 14:04:24.784 V/EmulatedCamera_Device( 1328): initializeWhiteBalanceModes with twilight, 0.920000, 1.220000
05-23 14:04:24.784 V/EmulatedCamera_Device( 1328): setWhiteBalanceMode with white balance auto
05-23 14:04:24.785 I/CameraFlashlight( 1328): Destroying camera 0
05-23 14:04:24.785 V/EmulatedCamera_Camera( 1328): closeCamera
05-23 14:04:24.785 V/EmulatedCamera_Camera( 1328): doStopPreview
05-23 14:04:24.785 W/EmulatedCamera_Device( 1328): Initialize: Emulated camera device is already initialized: mState = 1
05-23 14:04:24.785 D/EmulatedCamera_FakeCamera( 1328): Initialize: Fake camera is facing back
05-23 14:04:24.785 V/EmulatedCamera_Device( 1328): initializeWhiteBalanceModes with auto, 1.000000, 1.000000
05-23 14:04:24.785 V/EmulatedCamera_Device( 1328): initializeWhiteBalanceModes with incandescent, 1.380000, 0.600000
05-23 14:04:24.785 V/EmulatedCamera_Device( 1328): initializeWhiteBalanceModes with daylight, 1.090000, 0.920000
05-23 14:04:24.785 V/EmulatedCamera_Device( 1328): initializeWhiteBalanceModes with twilight, 0.920000, 1.220000
05-23 14:04:24.786 V/EmulatedCamera_Device( 1328): setWhiteBalanceMode with white balance auto
05-23 14:04:24.788 V/EmulatedCamera_Camera( 1328): getCameraInfo
05-23 14:04:24.788 V/EmulatedCamera_BaseCamera( 1328): getCameraInfo
05-23 14:04:24.813 I/ServiceManager( 1328): Waiting for service media.camera.proxy...
05-23 14:04:25.820 I/ServiceManager( 1328): Waiting for service media.camera.proxy...
05-23 14:04:26.833 I/ServiceManager( 1328): Waiting for service media.camera.proxy...
05-23 14:04:26.968 I/mediaserver( 1334): ServiceManager: 0xe78bc0a0
05-23 14:04:27.046 I/        ( 1327): sMaxFastTracks = 8
05-23 14:04:27.155 I/audioserver( 1327): ServiceManager: 0xe903c020
05-23 14:04:27.157 W/BatteryNotifier( 1327): batterystats service unavailable!
05-23 14:04:27.158 I/AudioFlinger( 1327): Using default 3000 mSec as standby time.
05-23 14:04:27.203 I/AudioPolicyService( 1327): AudioPolicyService CSTOR in new mode
05-23 14:04:27.183 I/mediaserver( 1336): ServiceManager: 0xebc3c0a0
05-23 14:04:27.241 W/BatteryNotifier( 1336): batterystats service unavailable!
05-23 14:04:27.378 I/APM::ConfigParsingUtils( 1327): loadAudioPolicyConfig() loaded /system/etc/audio_policy.conf
05-23 14:04:27.475 D/audio_hw_generic( 1327): Emulator host-side ALSA audio emulation detected.
05-23 14:04:27.476 D/audio_hw_generic( 1327): mixer 0 name Master Playback Volume
05-23 14:04:27.476 D/audio_hw_generic( 1327): set ctl 0 to 100
05-23 14:04:27.478 D/audio_hw_generic( 1327): set ctl 1 to 100
05-23 14:04:27.478 D/audio_hw_generic( 1327): mixer 1 name Master Playback Switch
05-23 14:04:27.478 D/audio_hw_generic( 1327): set ctl 0 to 1
05-23 14:04:27.478 D/audio_hw_generic( 1327): set ctl 1 to 1
05-23 14:04:27.478 D/audio_hw_generic( 1327): mixer 2 name Capture Volume
05-23 14:04:27.478 D/audio_hw_generic( 1327): set ctl 0 to 100
05-23 14:04:27.479 D/audio_hw_generic( 1327): set ctl 1 to 100
05-23 14:04:27.479 D/audio_hw_generic( 1327): mixer 3 name Capture Switch
05-23 14:04:27.479 D/audio_hw_generic( 1327): set ctl 0 to 1
05-23 14:04:27.479 D/audio_hw_generic( 1327): set ctl 1 to 1
05-23 14:04:27.479 D/audio_hw_generic( 1327): mixer 4 name Line Phantom Jack
05-23 14:04:27.479 D/audio_hw_generic( 1327): mixer 5 name Line Out Phantom Jack
05-23 14:04:27.479 D/audio_hw_generic( 1327): mixer 6 name Playback Channel Map
05-23 14:04:27.479 D/audio_hw_generic( 1327): mixer 7 name Capture Channel Map
05-23 14:04:27.479 I/AudioFlinger( 1327): loadHwModule() Loaded primary audio interface from Generic audio HW HAL (audio) handle 10
05-23 14:04:27.501 I/AudioFlinger( 1327): openOutput(), module 10 Device 2, SamplingRate 48000, Format 0x000001, Channels 3, flags 2
05-23 14:04:27.512 I/AudioFlinger( 1327): HAL output buffer size 720 frames, normal sink buffer size 1152 frames
05-23 14:04:27.713 I/BufferProvider( 1327): found effect "Multichannel Downmix To Stereo" from The Android Open Source Project
05-23 14:04:27.716 I/AudioFlinger( 1327): Using module 10 has the primary audio interface
05-23 14:04:27.750 I/AudioFlinger( 1327): AudioFlinger's thread 0xe8a83c40 ready to run
05-23 14:04:27.752 W/BatteryNotifier( 1327): batterystats service unavailable!
05-23 14:04:27.754 W/BatteryNotifier( 1327): batterystats service unavailable!
05-23 14:04:27.847 I/ServiceManager( 1328): Waiting for service media.camera.proxy...
05-23 14:04:27.920 W/BatteryNotifier( 1327): batterystats service unavailable!
05-23 14:04:27.923 W/AudioFlinger( 1327): no wake lock to update, system not ready yet
05-23 14:04:28.047 I/AudioFlinger( 1327): AudioFlinger's thread 0xe8583580 ready to run
05-23 14:04:28.161 I/r_submix( 1327): adev_open(name=audio_hw_if)
05-23 14:04:28.162 I/r_submix( 1327): adev_init_check()
05-23 14:04:28.162 I/AudioFlinger( 1327): loadHwModule() Loaded r_submix audio interface from Wifi Display audio HAL (audio) handle 18
05-23 14:04:28.162 D/r_submix( 1327): adev_open_input_stream(addr=0)
05-23 14:04:28.163 D/r_submix( 1327): submix_audio_device_create_pipe_l(addr=0, idx=9)
05-23 14:04:28.163 D/r_submix( 1327):   now using address 0 for route 9
05-23 14:04:28.173 I/AudioFlinger( 1327): AudioFlinger's thread 0xe8683200 ready to run
05-23 14:04:28.180 D/r_submix( 1327): adev_close_input_stream()
05-23 14:04:28.180 D/r_submix( 1327): submix_audio_device_release_pipe_l(idx=9) addr=0
05-23 14:04:28.180 D/r_submix( 1327): submix_audio_device_destroy_pipe_l(): pipe destroyed
05-23 14:04:28.283 I/RadioService( 1327): RadioService
05-23 14:04:28.283 I/RadioService( 1327): onFirstRef
05-23 14:04:28.284 E/RadioService( 1327): couldn't load radio module radio.primary (No such file or directory)
05-23 14:04:28.308 E/SoundTriggerHwService( 1327): couldn't load sound trigger module sound_trigger.primary (No such file or directory)
05-23 14:04:28.879 I/ServiceManager( 1328): Waiting for service media.camera.proxy...
05-23 14:04:30.950 W/BatteryNotifier( 1327): batterystats service unavailable!
05-23 14:04:37.152 E/SurfaceFlinger( 1321): ro.sf.lcd_density must be defined as a build property
05-23 14:04:37.226 D/libEGL  ( 1660): Emulator without GPU support detected. Fallback to legacy software renderer, qemu.gles is set to 0.
05-23 14:04:37.248 D/libEGL  ( 1660): loaded /system/lib64/egl/libGLES_android.so
05-23 14:04:37.873 D/gralloc_ranchu( 1660): Emulator without host-side GPU emulation detected. Loading gralloc.default.so from /vendor/lib64/hw/gralloc.goldfish.default.so...
05-23 14:04:37.876 D/gralloc_ranchu( 1660): gralloc.default.so not found in /vendor. Trying /system/lib64/hw/gralloc.goldfish.default.so...
05-23 14:04:40.076 E/hostapd ( 2935): Configuration file: /system/etc/simulated_hostapd.conf
05-23 14:04:40.505 I/hostapd ( 2935): rfkill: Cannot get wiphy information
05-23 14:04:40.507 I/hostapd ( 2935): nl80211: Could not re-add multicast membership for vendor events: -2 (No such file or directory)
05-23 14:04:40.508 I/hostapd ( 2935): wlan1: interface state UNINITIALIZED->COUNTRY_UPDATE
05-23 14:04:40.912 E/ipv6proxy( 2820): Failed to forward Router Advertisement from eth0 to wlan1: Network is unreachable
05-23 14:04:41.823 D/AndroidRuntime( 1325): >>>>>> START com.android.internal.os.ZygoteInit uid 0 <<<<<<
05-23 14:04:42.583 D/AndroidRuntime( 1325): CheckJNI is ON
05-23 14:04:42.840 I/art     ( 1325): option[0]=-Xzygote
05-23 14:04:42.841 I/art     ( 1325): option[1]=-Xcheck:jni
05-23 14:04:42.841 I/art     ( 1325): option[2]=-Xstacktracefile:/data/anr/traces.txt
05-23 14:04:42.841 I/art     ( 1325): option[3]=exit
05-23 14:04:42.841 I/art     ( 1325): option[4]=vfprintf
05-23 14:04:42.842 I/art     ( 1325): option[5]=sensitiveThread
05-23 14:04:42.842 I/art     ( 1325): option[6]=-verbose:gc
05-23 14:04:42.842 I/art     ( 1325): option[7]=-Xms4m
05-23 14:04:42.842 I/art     ( 1325): option[8]=-Xmx256m
05-23 14:04:42.842 I/art     ( 1325): option[9]=-Xusejit:true
05-23 14:04:42.842 I/art     ( 1325): option[10]=-Xjitsaveprofilinginfo
05-23 14:04:42.842 I/art     ( 1325): option[11]=-agentlib:jdwp=transport=dt_android_adb,suspend=n,server=y
05-23 14:04:42.842 I/art     ( 1325): option[12]=-Xlockprofthreshold:500
05-23 14:04:42.842 I/art     ( 1325): option[13]=-Ximage-compiler-option
05-23 14:04:42.842 I/art     ( 1325): option[14]=--runtime-arg
05-23 14:04:42.842 I/art     ( 1325): option[15]=-Ximage-compiler-option
05-23 14:04:42.842 I/art     ( 1325): option[16]=-Xms64m
05-23 14:04:42.842 I/art     ( 1325): option[17]=-Ximage-compiler-option
05-23 14:04:42.842 I/art     ( 1325): option[18]=--runtime-arg
05-23 14:04:42.842 I/art     ( 1325): option[19]=-Ximage-compiler-option
05-23 14:04:42.842 I/art     ( 1325): option[20]=-Xmx64m
05-23 14:04:42.842 I/art     ( 1325): option[21]=-Ximage-compiler-option
05-23 14:04:42.842 I/art     ( 1325): option[22]=--image-classes=/system/etc/preloaded-classes
05-23 14:04:42.843 I/art     ( 1325): option[23]=-Ximage-compiler-option
05-23 14:04:42.843 I/art     ( 1325): option[24]=--compiled-classes=/system/etc/compiled-classes
05-23 14:04:42.843 I/art     ( 1325): option[25]=-Xcompiler-option
05-23 14:04:42.843 I/art     ( 1325): option[26]=--runtime-arg
05-23 14:04:42.843 I/art     ( 1325): option[27]=-Xcompiler-option
05-23 14:04:42.843 I/art     ( 1325): option[28]=-Xms64m
05-23 14:04:42.843 I/art     ( 1325): option[29]=-Xcompiler-option
05-23 14:04:42.843 I/art     ( 1325): option[30]=--runtime-arg
05-23 14:04:42.843 I/art     ( 1325): option[31]=-Xcompiler-option
05-23 14:04:42.843 I/art     ( 1325): option[32]=-Xmx512m
05-23 14:04:42.843 I/art     ( 1325): option[33]=-Ximage-compiler-option
05-23 14:04:42.843 I/art     ( 1325): option[34]=--instruction-set-variant=x86_64
05-23 14:04:42.843 I/art     ( 1325): option[35]=-Xcompiler-option
05-23 14:04:42.843 I/art     ( 1325): option[36]=--instruction-set-variant=x86_64
05-23 14:04:42.843 I/art     ( 1325): option[37]=-Ximage-compiler-option
05-23 14:04:42.843 I/art     ( 1325): option[38]=--instruction-set-features=default
05-23 14:04:42.843 I/art     ( 1325): option[39]=-Xcompiler-option
05-23 14:04:42.843 I/art     ( 1325): option[40]=--instruction-set-features=default
05-23 14:04:42.843 I/art     ( 1325): option[41]=-Duser.locale=en-US
05-23 14:04:42.843 I/art     ( 1325): option[42]=--cpu-abilist=x86_64
05-23 14:04:42.844 I/art     ( 1325): option[43]=-Xfingerprint:Android/sdk_phone_x86_64/generic_x86_64:7.1.1/NYC/4931657:userdebug/test-keys
05-23 14:04:44.078 D/AndroidRuntime( 1326): >>>>>> START com.android.internal.os.ZygoteInit uid 0 <<<<<<
05-23 14:04:44.624 D/AndroidRuntime( 1326): CheckJNI is ON
05-23 14:04:44.900 I/art     ( 1326): option[0]=-Xzygote
05-23 14:04:44.901 I/art     ( 1326): option[1]=-Xcheck:jni
05-23 14:04:44.901 I/art     ( 1326): option[2]=-Xstacktracefile:/data/anr/traces.txt
05-23 14:04:44.901 I/art     ( 1326): option[3]=exit
05-23 14:04:44.901 I/art     ( 1326): option[4]=vfprintf
05-23 14:04:44.901 I/art     ( 1326): option[5]=sensitiveThread
05-23 14:04:44.901 I/art     ( 1326): option[6]=-verbose:gc
05-23 14:04:44.901 I/art     ( 1326): option[7]=-Xms4m
05-23 14:04:44.901 I/art     ( 1326): option[8]=-Xmx256m
05-23 14:04:44.901 I/art     ( 1326): option[9]=-Xusejit:true
05-23 14:04:44.901 I/art     ( 1326): option[10]=-Xjitsaveprofilinginfo
05-23 14:04:44.902 I/art     ( 1326): option[11]=-agentlib:jdwp=transport=dt_android_adb,suspend=n,server=y
05-23 14:04:44.902 I/art     ( 1326): option[12]=-Xlockprofthreshold:500
05-23 14:04:44.902 I/art     ( 1326): option[13]=-Ximage-compiler-option
05-23 14:04:44.902 I/art     ( 1326): option[14]=--runtime-arg
05-23 14:04:44.902 I/art     ( 1326): option[15]=-Ximage-compiler-option
05-23 14:04:44.902 I/art     ( 1326): option[16]=-Xms64m
05-23 14:04:44.902 I/art     ( 1326): option[17]=-Ximage-compiler-option
05-23 14:04:44.902 I/art     ( 1326): option[18]=--runtime-arg
05-23 14:04:44.902 I/art     ( 1326): option[19]=-Ximage-compiler-option
05-23 14:04:44.902 I/art     ( 1326): option[20]=-Xmx64m
05-23 14:04:44.902 I/art     ( 1326): option[21]=-Ximage-compiler-option
05-23 14:04:44.902 I/art     ( 1326): option[22]=--image-classes=/system/etc/preloaded-classes
05-23 14:04:44.902 I/art     ( 1326): option[23]=-Ximage-compiler-option
05-23 14:04:44.902 I/art     ( 1326): option[24]=--compiled-classes=/system/etc/compiled-classes
05-23 14:04:44.902 I/art     ( 1326): option[25]=-Xcompiler-option
05-23 14:04:44.902 I/art     ( 1326): option[26]=--runtime-arg
05-23 14:04:44.902 I/art     ( 1326): option[27]=-Xcompiler-option
05-23 14:04:44.902 I/art     ( 1326): option[28]=-Xms64m
05-23 14:04:44.902 I/art     ( 1326): option[29]=-Xcompiler-option
05-23 14:04:44.902 I/art     ( 1326): option[30]=--runtime-arg
05-23 14:04:44.902 I/art     ( 1326): option[31]=-Xcompiler-option
05-23 14:04:44.903 I/art     ( 1326): option[32]=-Xmx512m
05-23 14:04:44.903 I/art     ( 1326): option[33]=-Ximage-compiler-option
05-23 14:04:44.903 I/art     ( 1326): option[34]=--instruction-set-variant=x86
05-23 14:04:44.903 I/art     ( 1326): option[35]=-Xcompiler-option
05-23 14:04:44.903 I/art     ( 1326): option[36]=--instruction-set-variant=x86
05-23 14:04:44.903 I/art     ( 1326): option[37]=-Ximage-compiler-option
05-23 14:04:44.903 I/art     ( 1326): option[38]=--instruction-set-features=default
05-23 14:04:44.903 I/art     ( 1326): option[39]=-Xcompiler-option
05-23 14:04:44.903 I/art     ( 1326): option[40]=--instruction-set-features=default
05-23 14:04:44.903 I/art     ( 1326): option[41]=-Duser.locale=en-US
05-23 14:04:44.903 I/art     ( 1326): option[42]=--cpu-abilist=x86
05-23 14:04:44.903 I/art     ( 1326): option[43]=-Xfingerprint:Android/sdk_phone_x86_64/generic_x86_64:7.1.1/NYC/4931657:userdebug/test-keys
05-23 14:04:45.615 I/hostapd ( 2935): wlan1: interface state COUNTRY_UPDATE->HT_SCAN
05-23 14:04:47.096 E/hostapd ( 2935): Using interface wlan1 with hwaddr 02:00:00:00:01:00 and ssid "AndroidWifi"
05-23 14:04:47.115 I/hostapd ( 2935): wlan1: interface state HT_SCAN->ENABLED
05-23 14:04:47.115 I/hostapd ( 2935): wlan1: AP-ENABLED 
05-23 14:04:51.343 D/ICU     ( 1325): No timezone override file found: /data/misc/zoneinfo/current/icu/icu_tzdata.dat
05-23 14:04:53.285 D/ICU     ( 1326): No timezone override file found: /data/misc/zoneinfo/current/icu/icu_tzdata.dat
05-23 14:04:56.712 E/memtrack( 1325): Couldn't load memtrack module (No such file or directory)
05-23 14:04:56.713 E/android.os.Debug( 1325): failed to load memtrack module: -2
05-23 14:04:56.931 I/Radio-JNI( 1325): register_android_hardware_Radio DONE
05-23 14:04:57.351 I/SamplingProfilerIntegration( 1325): Profiling disabled.
05-23 14:04:57.432 D/Zygote  ( 1325): begin preload
05-23 14:04:57.432 I/Zygote  ( 1325): Installing ICU cache reference pinning...
05-23 14:04:57.451 I/Zygote  ( 1325): Preloading ICU data...
05-23 14:04:58.423 E/memtrack( 1326): Couldn't load memtrack module (No such file or directory)
05-23 14:04:58.423 E/android.os.Debug( 1326): failed to load memtrack module: -2
05-23 14:04:58.471 I/Radio-JNI( 1326): register_android_hardware_Radio DONE
05-23 14:04:58.783 I/SamplingProfilerIntegration( 1326): Profiling disabled.
05-23 14:04:58.893 D/Zygote  ( 1326): begin preload
05-23 14:04:58.893 I/Zygote  ( 1326): Installing ICU cache reference pinning...
05-23 14:04:58.930 I/Zygote  ( 1326): Preloading ICU data...
05-23 14:04:59.538 I/Zygote  ( 1325): Preloading classes...
05-23 14:04:59.812 W/Zygote  ( 1325): Class not found for preloading: [Landroid.view.Display$ColorTransform;
05-23 14:05:00.460 I/Zygote  ( 1326): Preloading classes...
05-23 14:05:00.782 W/Zygote  ( 1326): Class not found for preloading: [Landroid.view.Display$ColorTransform;
05-23 14:05:06.673 E/Typeface( 1325): Error mapping font file /system/fonts/DroidSansFallback.ttf
05-23 14:05:06.685 E/Typeface( 1326): Error mapping font file /system/fonts/DroidSansFallback.ttf
05-23 14:05:11.154 W/art     ( 1325): Suspending all threads took: 10.247ms
05-23 14:05:11.309 I/art     ( 1325): Background concurrent mark sweep GC freed 21948(2MB) AllocSpace objects, 106(1956KB) LOS objects, 33% free, 2MB/4MB, paused 29.508ms total 270.933ms
05-23 14:05:11.870 I/art     ( 1325): Thread[1,tid=1325,Native,Thread*=0x7bdf97895a00,peer=0x12c060d0,"main"] recursive attempt to load library "/system/lib64/libmedia_jni.so"
05-23 14:05:11.912 W/art     ( 1326): Suspending all threads took: 57.471ms
05-23 14:05:11.923 D/MtpDeviceJNI( 1325): register_android_mtp_MtpDevice
05-23 14:05:11.932 I/art     ( 1325): Thread[1,tid=1325,Native,Thread*=0x7bdf97895a00,peer=0x12c060d0,"main"] recursive attempt to load library "/system/lib64/libmedia_jni.so"
05-23 14:05:11.933 I/art     ( 1325): Thread[1,tid=1325,Native,Thread*=0x7bdf97895a00,peer=0x12c060d0,"main"] recursive attempt to load library "/system/lib64/libmedia_jni.so"
05-23 14:05:12.290 I/art     ( 1326): Background concurrent mark sweep GC freed 21945(2MB) AllocSpace objects, 117(2MB) LOS objects, 33% free, 2MB/4MB, paused 61.026ms total 605.315ms
05-23 14:05:12.892 I/art     ( 1326): Thread[1,tid=1326,Native,Thread*=0xf0a0b400,peer=0x12c060d0,"main"] recursive attempt to load library "/system/lib/libmedia_jni.so"
05-23 14:05:12.926 D/MtpDeviceJNI( 1326): register_android_mtp_MtpDevice
05-23 14:05:12.928 I/art     ( 1326): Thread[1,tid=1326,Native,Thread*=0xf0a0b400,peer=0x12c060d0,"main"] recursive attempt to load library "/system/lib/libmedia_jni.so"
05-23 14:05:12.929 I/art     ( 1326): Thread[1,tid=1326,Native,Thread*=0xf0a0b400,peer=0x12c060d0,"main"] recursive attempt to load library "/system/lib/libmedia_jni.so"
05-23 14:05:16.406 W/Zygote  ( 1326): Class not found for preloading: android.view.Display$ColorTransform
05-23 14:05:16.407 W/Zygote  ( 1326): Class not found for preloading: android.view.Display$ColorTransform$1
05-23 14:05:16.682 W/Zygote  ( 1325): Class not found for preloading: android.view.Display$ColorTransform
05-23 14:05:16.683 W/Zygote  ( 1325): Class not found for preloading: android.view.Display$ColorTransform$1
05-23 14:05:16.933 W/art     ( 1325): Suspending all threads took: 31.714ms
05-23 14:05:17.055 I/art     ( 1325): Background sticky concurrent mark sweep GC freed 7609(2MB) AllocSpace objects, 23(420KB) LOS objects, 64% free, 1607KB/4MB, paused 34.574ms total 346.127ms
05-23 14:05:18.184 I/art     ( 1326): Background sticky concurrent mark sweep GC freed 11103(2MB) AllocSpace objects, 13(220KB) LOS objects, 64% free, 1602KB/4MB, paused 2.121ms total 315.248ms
05-23 14:05:20.671 I/System  ( 1325): Loaded time zone names for "" in 1085ms (1080ms in ICU)
05-23 14:05:21.108 I/System  ( 1326): Loaded time zone names for "" in 1888ms (1847ms in ICU)
05-23 14:05:21.409 I/System  ( 1326): Loaded time zone names for "en_US" in 300ms (284ms in ICU)
05-23 14:05:21.457 I/System  ( 1325): Loaded time zone names for "en_US" in 785ms (781ms in ICU)
05-23 14:05:22.107 I/Zygote  ( 1326): ...preloaded 4158 classes in 21646ms.
05-23 14:05:22.108 I/art     ( 1326): VMRuntime.preloadDexCaches starting
05-23 14:05:22.604 I/Zygote  ( 1325): ...preloaded 4158 classes in 23065ms.
05-23 14:05:22.605 I/art     ( 1325): VMRuntime.preloadDexCaches starting
05-23 14:05:23.820 I/art     ( 1326): VMRuntime.preloadDexCaches strings total=283712 before=39625 after=39625
05-23 14:05:23.821 I/art     ( 1326): VMRuntime.preloadDexCaches types total=23581 before=7877 after=7904
05-23 14:05:23.821 I/art     ( 1326): VMRuntime.preloadDexCaches fields total=112007 before=40903 after=41117
05-23 14:05:23.821 I/art     ( 1326): VMRuntime.preloadDexCaches methods total=197534 before=82457 after=83017
05-23 14:05:23.821 I/art     ( 1326): VMRuntime.preloadDexCaches finished
05-23 14:05:23.827 I/Zygote  ( 1326): Preloading resources...
05-23 14:05:25.139 I/art     ( 1325): VMRuntime.preloadDexCaches strings total=283712 before=39625 after=39625
05-23 14:05:25.190 I/art     ( 1325): VMRuntime.preloadDexCaches types total=23581 before=7877 after=7904
05-23 14:05:25.190 I/art     ( 1325): VMRuntime.preloadDexCaches fields total=112007 before=40903 after=41117
05-23 14:05:25.190 I/art     ( 1325): VMRuntime.preloadDexCaches methods total=197534 before=82457 after=83017
05-23 14:05:25.190 I/art     ( 1325): VMRuntime.preloadDexCaches finished
05-23 14:05:25.281 I/Zygote  ( 1325): Preloading resources...
05-23 14:05:26.321 W/Resources( 1326): Preloaded drawable resource #0x108025c (android:drawable/dialog_background_material) that varies with configuration!!
05-23 14:05:26.375 W/Resources( 1326): Preloaded drawable resource #0x1080298 (android:drawable/editbox_dropdown_background_dark) that varies with configuration!!
05-23 14:05:26.673 W/Resources( 1326): Preloaded color resource #0x10600e2 (android:color/material_grey_800) that varies with configuration!!
05-23 14:05:26.674 W/Resources( 1326): Preloaded drawable resource #0x10802c9 (android:drawable/floating_popup_background_dark) that varies with configuration!!
05-23 14:05:27.179 W/Resources( 1325): Preloaded drawable resource #0x108025c (android:drawable/dialog_background_material) that varies with configuration!!
05-23 14:05:27.309 W/Resources( 1325): Preloaded drawable resource #0x1080298 (android:drawable/editbox_dropdown_background_dark) that varies with configuration!!
05-23 14:05:27.597 W/Resources( 1325): Preloaded color resource #0x10600e2 (android:color/material_grey_800) that varies with configuration!!
05-23 14:05:27.598 W/Resources( 1325): Preloaded drawable resource #0x10802c9 (android:drawable/floating_popup_background_dark) that varies with configuration!!
05-23 14:05:27.617 I/art     ( 1326): Background concurrent mark sweep GC freed 17225(1062KB) AllocSpace objects, 3(60KB) LOS objects, 53% free, 3MB/7MB, paused 1.906ms total 356.312ms
05-23 14:05:27.632 W/Resources( 1326): Preloaded drawable resource #0x108030b (android:drawable/ic_clear_disabled) that varies with configuration!!
05-23 14:05:27.635 W/Resources( 1326): Preloaded drawable resource #0x1080310 (android:drawable/ic_clear_normal) that varies with configuration!!
05-23 14:05:27.776 W/Resources( 1326): Preloaded drawable resource #0x1080359 (android:drawable/ic_go) that varies with configuration!!
05-23 14:05:28.112 W/Resources( 1326): Preloaded drawable resource #0x1080038 (android:drawable/ic_menu_close_clear_cancel) that varies with configuration!!
05-23 14:05:28.131 W/Resources( 1326): Preloaded drawable resource #0x1080045 (android:drawable/ic_menu_more) that varies with configuration!!
05-23 14:05:28.393 W/Resources( 1326): Preloaded drawable resource #0x10804e8 (android:drawable/menu_background_fill_parent_width) that varies with configuration!!
05-23 14:05:28.428 I/art     ( 1325): Background concurrent mark sweep GC freed 20703(1304KB) AllocSpace objects, 4(80KB) LOS objects, 53% free, 3MB/7MB, paused 1.726ms total 467.127ms
05-23 14:05:28.514 W/Resources( 1325): Preloaded drawable resource #0x108030b (android:drawable/ic_clear_disabled) that varies with configuration!!
05-23 14:05:28.516 W/Resources( 1325): Preloaded drawable resource #0x1080310 (android:drawable/ic_clear_normal) that varies with configuration!!
05-23 14:05:28.676 W/Resources( 1325): Preloaded drawable resource #0x1080359 (android:drawable/ic_go) that varies with configuration!!
05-23 14:05:28.972 V/NatController( 1337): runCmd(/system/bin/iptables -w -F natctrl_FORWARD) res=0
05-23 14:05:29.029 W/Resources( 1325): Preloaded drawable resource #0x1080038 (android:drawable/ic_menu_close_clear_cancel) that varies with configuration!!
05-23 14:05:29.120 W/Resources( 1325): Preloaded drawable resource #0x1080045 (android:drawable/ic_menu_more) that varies with configuration!!
05-23 14:05:29.361 V/NatController( 1337): runCmd(/system/bin/ip6tables -w -F natctrl_FORWARD) res=0
05-23 14:05:29.483 W/Resources( 1325): Preloaded drawable resource #0x10804e8 (android:drawable/menu_background_fill_parent_width) that varies with configuration!!
05-23 14:05:29.641 V/NatController( 1337): runCmd(/system/bin/iptables -w -A natctrl_FORWARD -j DROP) res=0
05-23 14:05:29.947 V/NatController( 1337): runCmd(/system/bin/iptables -w -t nat -F natctrl_nat_POSTROUTING) res=0
05-23 14:05:30.251 V/NatController( 1337): runCmd(/system/bin/ip6tables -w -t raw -F natctrl_raw_PREROUTING) res=0
05-23 14:05:30.589 W/Resources( 1326): Preloaded drawable resource #0x108077e (android:drawable/text_edit_paste_window) that varies with configuration!!
05-23 14:05:30.655 V/NatController( 1337): runCmd(/system/bin/iptables -w -F natctrl_tether_counters) res=1
05-23 14:05:30.778 W/Resources( 1325): Preloaded drawable resource #0x108077e (android:drawable/text_edit_paste_window) that varies with configuration!!
05-23 14:05:30.843 W/Resources( 1326): Preloaded drawable resource #0x1080096 (android:drawable/toast_frame) that varies with configuration!!
05-23 14:05:30.844 I/Zygote  ( 1326): ...preloaded 114 resources in 7017ms.
05-23 14:05:30.986 W/Resources( 1325): Preloaded drawable resource #0x1080096 (android:drawable/toast_frame) that varies with configuration!!
05-23 14:05:30.986 I/Zygote  ( 1325): ...preloaded 114 resources in 5705ms.
05-23 14:05:31.041 V/NatController( 1337): runCmd(/system/bin/ip6tables -w -F natctrl_tether_counters) res=1
05-23 14:05:31.214 W/Resources( 1326): Preloaded color resource #0x106010b (android:color/background_cache_hint_selector_material_dark) that varies with configuration!!
05-23 14:05:31.217 W/Resources( 1326): Preloaded color resource #0x1060110 (android:color/btn_default_material_dark) that varies with configuration!!
05-23 14:05:31.249 W/Resources( 1325): Preloaded color resource #0x106010b (android:color/background_cache_hint_selector_material_dark) that varies with configuration!!
05-23 14:05:31.277 W/Resources( 1325): Preloaded color resource #0x1060110 (android:color/btn_default_material_dark) that varies with configuration!!
05-23 14:05:31.286 I/Zygote  ( 1326): ...preloaded 41 resources in 442ms.
05-23 14:05:31.288 D/libEGL  ( 1326): Emulator without GPU support detected. Fallback to legacy software renderer, qemu.gles is set to 0.
05-23 14:05:31.379 I/Zygote  ( 1325): ...preloaded 41 resources in 391ms.
05-23 14:05:31.401 V/NatController( 1337): runCmd(/system/bin/iptables -w -X natctrl_tether_counters) res=1
05-23 14:05:31.412 D/libEGL  ( 1325): Emulator without GPU support detected. Fallback to legacy software renderer, qemu.gles is set to 0.
05-23 14:05:31.489 D/libEGL  ( 1325): loaded /system/lib64/egl/libGLES_android.so
05-23 14:05:31.536 D/libEGL  ( 1326): loaded /system/lib/egl/libGLES_android.so
05-23 14:05:31.651 V/NatController( 1337): runCmd(/system/bin/ip6tables -w -X natctrl_tether_counters) res=1
05-23 14:05:32.091 V/NatController( 1337): runCmd(/system/bin/iptables -w -N natctrl_tether_counters) res=0
05-23 14:05:32.125 I/Zygote  ( 1325): Preloading shared libraries...
05-23 14:05:32.372 E/Hyphenator( 1325): error loading hyphenation /system/usr/hyphen-data/hyph-as.hyb
05-23 14:05:32.372 E/Hyphenator( 1325): java.io.FileNotFoundException: /system/usr/hyphen-data/hyph-as.hyb: open failed: ENOENT (No such file or directory)
05-23 14:05:32.372 E/Hyphenator( 1325): 	at libcore.io.IoBridge.open(IoBridge.java:455)
05-23 14:05:32.372 E/Hyphenator( 1325): 	at java.io.RandomAccessFile.<init>(RandomAccessFile.java:247)
05-23 14:05:32.372 E/Hyphenator( 1325): 	at android.text.Hyphenator.loadHyphenator(Hyphenator.java:118)
05-23 14:05:32.372 E/Hyphenator( 1325): 	at android.text.Hyphenator.init(Hyphenator.java:224)
05-23 14:05:32.372 E/Hyphenator( 1325): 	at com.android.internal.os.ZygoteInit.preloadTextResources(ZygoteInit.java:252)
05-23 14:05:32.372 E/Hyphenator( 1325): 	at com.android.internal.os.ZygoteInit.preload(ZygoteInit.java:206)
05-23 14:05:32.372 E/Hyphenator( 1325): 	at com.android.internal.os.ZygoteInit.main(ZygoteInit.java:743)
05-23 14:05:32.372 E/Hyphenator( 1325): Caused by: android.system.ErrnoException: open failed: ENOENT (No such file or directory)
05-23 14:05:32.372 E/Hyphenator( 1325): 	at libcore.io.Posix.open(Native Method)
05-23 14:05:32.372 E/Hyphenator( 1325): 	at libcore.io.BlockGuardOs.open(BlockGuardOs.java:187)
05-23 14:05:32.372 E/Hyphenator( 1325): 	at libcore.io.IoBridge.open(IoBridge.java:441)
05-23 14:05:32.372 E/Hyphenator( 1325): 	... 6 more
05-23 14:05:32.373 E/Hyphenator( 1325): error loading hyphenation /system/usr/hyphen-data/hyph-bn.hyb
05-23 14:05:32.373 E/Hyphenator( 1325): java.io.FileNotFoundException: /system/usr/hyphen-data/hyph-bn.hyb: open failed: ENOENT (No such file or directory)
05-23 14:05:32.373 E/Hyphenator( 1325): 	at libcore.io.IoBridge.open(IoBridge.java:455)
05-23 14:05:32.373 E/Hyphenator( 1325): 	at java.io.RandomAccessFile.<init>(RandomAccessFile.java:247)
05-23 14:05:32.373 E/Hyphenator( 1325): 	at android.text.Hyphenator.loadHyphenator(Hyphenator.java:118)
05-23 14:05:32.373 E/Hyphenator( 1325): 	at android.text.Hyphenator.init(Hyphenator.java:224)
05-23 14:05:32.373 E/Hyphenator( 1325): 	at com.android.internal.os.ZygoteInit.preloadTextResources(ZygoteInit.java:252)
05-23 14:05:32.373 E/Hyphenator( 1325): 	at com.android.internal.os.ZygoteInit.preload(ZygoteInit.java:206)
05-23 14:05:32.373 E/Hyphenator( 1325): 	at com.android.internal.os.ZygoteInit.main(ZygoteInit.java:743)
05-23 14:05:32.373 E/Hyphenator( 1325): Caused by: android.system.ErrnoException: open failed: ENOENT (No such file or directory)
05-23 14:05:32.373 E/Hyphenator( 1325): 	at libcore.io.Posix.open(Native Method)
05-23 14:05:32.373 E/Hyphenator( 1325): 	at libcore.io.BlockGuardOs.open(BlockGuardOs.java:187)
05-23 14:05:32.373 E/Hyphenator( 1325): 	at libcore.io.IoBridge.open(IoBridge.java:441)
05-23 14:05:32.373 E/Hyphenator( 1325): 	... 6 more
05-23 14:05:32.375 E/Hyphenator( 1325): error loading hyphenation /system/usr/hyphen-data/hyph-cy.hyb
05-23 14:05:32.375 E/Hyphenator( 1325): java.io.FileNotFoundException: /system/usr/hyphen-data/hyph-cy.hyb: open failed: ENOENT (No such file or directory)
05-23 14:05:32.375 E/Hyphenator( 1325): 	at libcore.io.IoBridge.open(IoBridge.java:455)
05-23 14:05:32.375 E/Hyphenator( 1325): 	at java.io.RandomAccessFile.<init>(RandomAccessFile.java:247)
05-23 14:05:32.375 E/Hyphenator( 1325): 	at android.text.Hyphenator.loadHyphenator(Hyphenator.java:118)
05-23 14:05:32.375 E/Hyphenator( 1325): 	at android.text.Hyphenator.init(Hyphenator.java:224)
05-23 14:05:32.375 E/Hyphenator( 1325): 	at com.android.internal.os.ZygoteInit.preloadTextResources(ZygoteInit.java:252)
05-23 14:05:32.375 E/Hyphenator( 1325): 	at com.android.internal.os.ZygoteInit.preload(ZygoteInit.java:206)
05-23 14:05:32.375 E/Hyphenator( 1325): 	at com.android.internal.os.ZygoteInit.main(ZygoteInit.java:743)
05-23 14:05:32.375 E/Hyphenator( 1325): Caused by: android.system.ErrnoException: open failed: ENOENT (No such file or directory)
05-23 14:05:32.375 E/Hyphenator( 1325): 	at libcore.io.Posix.open(Native Method)
05-23 14:05:32.375 E/Hyphenator( 1325): 	at libcore.io.BlockGuardOs.open(BlockGuardOs.java:187)
05-23 14:05:32.375 E/Hyphenator( 1325): 	at libcore.io.IoBridge.open(IoBridge.java:441)
05-23 14:05:32.375 E/Hyphenator( 1325): 	... 6 more
05-23 14:05:32.376 E/Hyphenator( 1325): error loading hyphenation /system/usr/hyphen-data/hyph-da.hyb
05-23 14:05:32.376 E/Hyphenator( 1325): java.io.FileNotFoundException: /system/usr/hyphen-data/hyph-da.hyb: open failed: ENOENT (No such file or directory)
05-23 14:05:32.376 E/Hyphenator( 1325): 	at libcore.io.IoBridge.open(IoBridge.java:455)
05-23 14:05:32.376 E/Hyphenator( 1325): 	at java.io.RandomAccessFile.<init>(RandomAccessFile.java:247)
05-23 14:05:32.376 E/Hyphenator( 1325): 	at android.text.Hyphenator.loadHyphenator(Hyphenator.java:118)
05-23 14:05:32.376 E/Hyphenator( 1325): 	at android.text.Hyphenator.init(Hyphenator.java:224)
05-23 14:05:32.376 E/Hyphenator( 1325): 	at com.android.internal.os.ZygoteInit.preloadTextResources(ZygoteInit.java:252)
05-23 14:05:32.376 E/Hyphenator( 1325): 	at com.android.internal.os.ZygoteInit.preload(ZygoteInit.java:206)
05-23 14:05:32.376 E/Hyphenator( 1325): 	at com.android.internal.os.ZygoteInit.main(ZygoteInit.java:743)
05-23 14:05:32.376 E/Hyphenator( 1325): Caused by: android.system.ErrnoException: open failed: ENOENT (No such file or directory)
05-23 14:05:32.376 E/Hyphenator( 1325): 	at libcore.io.Posix.open(Native Method)
05-23 14:05:32.376 E/Hyphenator( 1325): 	at libcore.io.BlockGuardOs.open(BlockGuardOs.java:187)
05-23 14:05:32.376 E/Hyphenator( 1325): 	at libcore.io.IoBridge.open(IoBridge.java:441)
05-23 14:05:32.376 E/Hyphenator( 1325): 	... 6 more
05-23 14:05:32.377 E/Hyphenator( 1325): error loading hyphenation /system/usr/hyphen-data/hyph-de-1901.hyb
05-23 14:05:32.377 E/Hyphenator( 1325): java.io.FileNotFoundException: /system/usr/hyphen-data/hyph-de-1901.hyb: open failed: ENOENT (No such file or directory)
05-23 14:05:32.377 E/Hyphenator( 1325): 	at libcore.io.IoBridge.open(IoBridge.java:455)
05-23 14:05:32.377 E/Hyphenator( 1325): 	at java.io.RandomAccessFile.<init>(RandomAccessFile.java:247)
05-23 14:05:32.377 E/Hyphenator( 1325): 	at android.text.Hyphenator.loadHyphenator(Hyphenator.java:118)
05-23 14:05:32.377 E/Hyphenator( 1325): 	at android.text.Hyphenator.init(Hyphenator.java:224)
05-23 14:05:32.377 E/Hyphenator( 1325): 	at com.android.internal.os.ZygoteInit.preloadTextResources(ZygoteInit.java:252)
05-23 14:05:32.377 E/Hyphenator( 1325): 	at com.android.internal.os.ZygoteInit.preload(ZygoteInit.java:206)
05-23 14:05:32.377 E/Hyphenator( 1325): 	at com.android.internal.os.ZygoteInit.main(ZygoteInit.java:743)
05-23 14:05:32.377 E/Hyphenator( 1325): Caused by: android.system.ErrnoException: open failed: ENOENT (No such file or directory)
05-23 14:05:32.377 E/Hyphenator( 1325): 	at libcore.io.Posix.open(Native Method)
05-23 14:05:32.377 E/Hyphenator( 1325): 	at libcore.io.BlockGuardOs.open(BlockGuardOs.java:187)
05-23 14:05:32.377 E/Hyphenator( 1325): 	at libcore.io.IoBridge.open(IoBridge.java:441)
05-23 14:05:32.377 E/Hyphenator( 1325): 	... 6 more
05-23 14:05:32.378 E/Hyphenator( 1325): error loading hyphenation /system/usr/hyphen-data/hyph-de-1996.hyb
05-23 14:05:32.378 E/Hyphenator( 1325): java.io.FileNotFoundException: /system/usr/hyphen-data/hyph-de-1996.hyb: open failed: ENOENT (No such file or directory)
05-23 14:05:32.378 E/Hyphenator( 1325): 	at libcore.io.IoBridge.open(IoBridge.java:455)
05-23 14:05:32.378 E/Hyphenator( 1325): 	at java.io.RandomAccessFile.<init>(RandomAccessFile.java:247)
05-23 14:05:32.378 E/Hyphenator( 1325): 	at android.text.Hyphenator.loadHyphenator(Hyphenator.java:118)
05-23 14:05:32.378 E/Hyphenator( 1325): 	at android.text.Hyphenator.init(Hyphenator.java:224)
05-23 14:05:32.378 E/Hyphenator( 1325): 	at com.android.internal.os.ZygoteInit.preloadTextResources(ZygoteInit.java:252)
05-23 14:05:32.378 E/Hyphenator( 1325): 	at com.android.internal.os.ZygoteInit.preload(ZygoteInit.java:206)
05-23 14:05:32.378 E/Hyphenator( 1325): 	at com.android.internal.os.ZygoteInit.main(ZygoteInit.java:743)
05-23 14:05:32.378 E/Hyphenator( 1325): Caused by: android.system.ErrnoException: open failed: ENOENT (No such file or directory)
05-23 14:05:32.378 E/Hyphenator( 1325): 	at libcore.io.Posix.open(Native Method)
05-23 14:05:32.378 E/Hyphenator( 1325): 	at libcore.io.BlockGuardOs.open(BlockGuardOs.java:187)
05-23 14:05:32.378 E/Hyphenator( 1325): 	at libcore.io.IoBridge.open(IoBridge.java:441)
05-23 14:05:32.378 E/Hyphenator( 1325): 	... 6 more
05-23 14:05:32.401 E/Hyphenator( 1325): error loading hyphenation /system/usr/hyphen-data/hyph-de-ch-1901.hyb
05-23 14:05:32.401 E/Hyphenator( 1325): java.io.FileNotFoundException: /system/usr/hyphen-data/hyph-de-ch-1901.hyb: open failed: ENOENT (No such file or directory)
05-23 14:05:32.401 E/Hyphenator( 1325): 	at libcore.io.IoBridge.open(IoBridge.java:455)
05-23 14:05:32.401 E/Hyphenator( 1325): 	at java.io.RandomAccessFile.<init>(RandomAccessFile.java:247)
05-23 14:05:32.401 E/Hyphenator( 1325): 	at android.text.Hyphenator.loadHyphenator(Hyphenator.java:118)
05-23 14:05:32.401 E/Hyphenator( 1325): 	at android.text.Hyphenator.init(Hyphenator.java:224)
05-23 14:05:32.401 E/Hyphenator( 1325): 	at com.android.internal.os.ZygoteInit.preloadTextResources(ZygoteInit.java:252)
05-23 14:05:32.401 E/Hyphenator( 1325): 	at com.android.internal.os.ZygoteInit.preload(ZygoteInit.java:206)
05-23 14:05:32.401 E/Hyphenator( 1325): 	at com.android.internal.os.ZygoteInit.main(ZygoteInit.java:743)
05-23 14:05:32.401 E/Hyphenator( 1325): Caused by: android.system.ErrnoException: open failed: ENOENT (No such file or directory)
05-23 14:05:32.401 E/Hyphenator( 1325): 	at libcore.io.Posix.open(Native Method)
05-23 14:05:32.401 E/Hyphenator( 1325): 	at libcore.io.BlockGuardOs.open(BlockGuardOs.java:187)
05-23 14:05:32.401 E/Hyphenator( 1325): 	at libcore.io.IoBridge.open(IoBridge.java:441)
05-23 14:05:32.401 E/Hyphenator( 1325): 	... 6 more
05-23 14:05:32.402 E/Hyphenator( 1325): error loading hyphenation /system/usr/hyphen-data/hyph-en-gb.hyb
05-23 14:05:32.402 E/Hyphenator( 1325): java.io.FileNotFoundException: /system/usr/hyphen-data/hyph-en-gb.hyb: open failed: ENOENT (No such file or directory)
05-23 14:05:32.402 E/Hyphenator( 1325): 	at libcore.io.IoBridge.open(IoBridge.java:455)
05-23 14:05:32.402 E/Hyphenator( 1325): 	at java.io.RandomAccessFile.<init>(RandomAccessFile.java:247)
05-23 14:05:32.402 E/Hyphenator( 1325): 	at android.text.Hyphenator.loadHyphenator(Hyphenator.java:118)
05-23 14:05:32.402 E/Hyphenator( 1325): 	at android.text.Hyphenator.init(Hyphenator.java:224)
05-23 14:05:32.402 E/Hyphenator( 1325): 	at com.android.internal.os.ZygoteInit.preloadTextResources(ZygoteInit.java:252)
05-23 14:05:32.402 E/Hyphenator( 1325): 	at com.android.internal.os.ZygoteInit.preload(ZygoteInit.java:206)
05-23 14:05:32.402 E/Hyphenator( 1325): 	at com.android.internal.os.ZygoteInit.main(ZygoteInit.java:743)
05-23 14:05:32.402 E/Hyphenator( 1325): Caused by: android.system.ErrnoException: open failed: ENOENT (No such file or directory)
05-23 14:05:32.402 E/Hyphenator( 1325): 	at libcore.io.Posix.open(Native Method)
05-23 14:05:32.402 E/Hyphenator( 1325): 	at libcore.io.BlockGuardOs.open(BlockGuardOs.java:187)
05-23 14:05:32.402 E/Hyphenator( 1325): 	at libcore.io.IoBridge.open(IoBridge.java:441)
05-23 14:05:32.402 E/Hyphenator( 1325): 	... 6 more
05-23 14:05:32.403 E/Hyphenator( 1325): error loading hyphenation /system/usr/hyphen-data/hyph-en-us.hyb
05-23 14:05:32.403 E/Hyphenator( 1325): java.io.FileNotFoundException: /system/usr/hyphen-data/hyph-en-us.hyb: open failed: ENOENT (No such file or directory)
05-23 14:05:32.403 E/Hyphenator( 1325): 	at libcore.io.IoBridge.open(IoBridge.java:455)
05-23 14:05:32.403 E/Hyphenator( 1325): 	at java.io.RandomAccessFile.<init>(RandomAccessFile.java:247)
05-23 14:05:32.403 E/Hyphenator( 1325): 	at android.text.Hyphenator.loadHyphenator(Hyphenator.java:118)
05-23 14:05:32.403 E/Hyphenator( 1325): 	at android.text.Hyphenator.init(Hyphenator.java:224)
05-23 14:05:32.403 E/Hyphenator( 1325): 	at com.android.internal.os.ZygoteInit.preloadTextResources(ZygoteInit.java:252)
05-23 14:05:32.403 E/Hyphenator( 1325): 	at com.android.internal.os.ZygoteInit.preload(ZygoteInit.java:206)
05-23 14:05:32.403 E/Hyphenator( 1325): 	at com.android.internal.os.ZygoteInit.main(ZygoteInit.java:743)
05-23 14:05:32.403 E/Hyphenator( 1325): Caused by: android.system.ErrnoException: open failed: ENOENT (No such file or directory)
05-23 14:05:32.403 E/Hyphenator( 1325): 	at libcore.io.Posix.open(Native Method)
05-23 14:05:32.403 E/Hyphenator( 1325): 	at libcore.io.BlockGuardOs.open(BlockGuardOs.java:187)
05-23 14:05:32.403 E/Hyphenator( 1325): 	at libcore.io.IoBridge.open(IoBridge.java:441)
05-23 14:05:32.403 E/Hyphenator( 1325): 	... 6 more
05-23 14:05:32.405 E/Hyphenator( 1325): error loading hyphenation /system/usr/hyphen-data/hyph-es.hyb
05-23 14:05:32.405 E/Hyphenator( 1325): java.io.FileNotFoundException: /system/usr/hyphen-data/hyph-es.hyb: open failed: ENOENT (No such file or directory)
05-23 14:05:32.405 E/Hyphenator( 1325): 	at libcore.io.IoBridge.open(IoBridge.java:455)
05-23 14:05:32.405 E/Hyphenator( 1325): 	at java.io.RandomAccessFile.<init>(RandomAccessFile.java:247)
05-23 14:05:32.405 E/Hyphenator( 1325): 	at android.text.Hyphenator.loadHyphenator(Hyphenator.java:118)
05-23 14:05:32.405 E/Hyphenator( 1325): 	at android.text.Hyphenator.init(Hyphenator.java:224)
05-23 14:05:32.405 E/Hyphenator( 1325): 	at com.android.internal.os.ZygoteInit.preloadTextResources(ZygoteInit.java:252)
05-23 14:05:32.405 E/Hyphenator( 1325): 	at com.android.internal.os.ZygoteInit.preload(ZygoteInit.java:206)
05-23 14:05:32.405 E/Hyphenator( 1325): 	at com.android.internal.os.ZygoteInit.main(ZygoteInit.java:743)
05-23 14:05:32.405 E/Hyphenator( 1325): Caused by: android.system.ErrnoException: open failed: ENOENT (No such file or directory)
05-23 14:05:32.405 E/Hyphenator( 1325): 	at libcore.io.Posix.open(Native Method)
05-23 14:05:32.405 E/Hyphenator( 1325): 	at libcore.io.BlockGuardOs.open(BlockGuardOs.java:187)
05-23 14:05:32.405 E/Hyphenator( 1325): 	at libcore.io.IoBridge.open(IoBridge.java:441)
05-23 14:05:32.405 E/Hyphenator( 1325): 	... 6 more
05-23 14:05:32.406 E/Hyphenator( 1325): error loading hyphenation /system/usr/hyphen-data/hyph-et.hyb
05-23 14:05:32.406 E/Hyphenator( 1325): java.io.FileNotFoundException: /system/usr/hyphen-data/hyph-et.hyb: open failed: ENOENT (No such file or directory)
05-23 14:05:32.406 E/Hyphenator( 1325): 	at libcore.io.IoBridge.open(IoBridge.java:455)
05-23 14:05:32.406 E/Hyphenator( 1325): 	at java.io.RandomAccessFile.<init>(RandomAccessFile.java:247)
05-23 14:05:32.406 E/Hyphenator( 1325): 	at android.text.Hyphenator.loadHyphenator(Hyphenator.java:118)
05-23 14:05:32.406 E/Hyphenator( 1325): 	at android.text.Hyphenator.init(Hyphenator.java:224)
05-23 14:05:32.406 E/Hyphenator( 1325): 	at com.android.internal.os.ZygoteInit.preloadTextResources(ZygoteInit.java:252)
05-23 14:05:32.406 E/Hyphenator( 1325): 	at com.android.internal.os.ZygoteInit.preload(ZygoteInit.java:206)
05-23 14:05:32.406 E/Hyphenator( 1325): 	at com.android.internal.os.ZygoteInit.main(ZygoteInit.java:743)
05-23 14:05:32.406 E/Hyphenator( 1325): Caused by: android.system.ErrnoException: open failed: ENOENT (No such file or directory)
05-23 14:05:32.406 E/Hyphenator( 1325): 	at libcore.io.Posix.open(Native Method)
05-23 14:05:32.406 E/Hyphenator( 1325): 	at libcore.io.BlockGuardOs.open(BlockGuardOs.java:187)
05-23 14:05:32.406 E/Hyphenator( 1325): 	at libcore.io.IoBridge.open(IoBridge.java:441)
05-23 14:05:32.406 E/Hyphenator( 1325): 	... 6 more
05-23 14:05:32.407 E/Hyphenator( 1325): error loading hyphenation /system/usr/hyphen-data/hyph-eu.hyb
05-23 14:05:32.407 E/Hyphenator( 1325): java.io.FileNotFoundException: /system/usr/hyphen-data/hyph-eu.hyb: open failed: ENOENT (No such file or directory)
05-23 14:05:32.407 E/Hyphenator( 1325): 	at libcore.io.IoBridge.open(IoBridge.java:455)
05-23 14:05:32.407 E/Hyphenator( 1325): 	at java.io.RandomAccessFile.<init>(RandomAccessFile.java:247)
05-23 14:05:32.407 E/Hyphenator( 1325): 	at android.text.Hyphenator.loadHyphenator(Hyphenator.java:118)
05-23 14:05:32.407 E/Hyphenator( 1325): 	at android.text.Hyphenator.init(Hyphenator.java:224)
05-23 14:05:32.407 E/Hyphenator( 1325): 	at com.android.internal.os.ZygoteInit.preloadTextResources(ZygoteInit.java:252)
05-23 14:05:32.407 E/Hyphenator( 1325): 	at com.android.internal.os.ZygoteInit.preload(ZygoteInit.java:206)
05-23 14:05:32.407 E/Hyphenator( 1325): 	at com.android.internal.os.ZygoteInit.main(ZygoteInit.java:743)
05-23 14:05:32.407 E/Hyphenator( 1325): Caused by: android.system.ErrnoException: open failed: ENOENT (No such file or directory)
05-23 14:05:32.407 E/Hyphenator( 1325): 	at libcore.io.Posix.open(Native Method)
05-23 14:05:32.407 E/Hyphenator( 1325): 	at libcore.io.BlockGuardOs.open(BlockGuardOs.java:187)
05-23 14:05:32.407 E/Hyphenator( 1325): 	at libcore.io.IoBridge.open(IoBridge.java:441)
05-23 14:05:32.407 E/Hyphenator( 1325): 	... 6 more
05-23 14:05:32.408 E/Hyphenator( 1325): error loading hyphenation /system/usr/hyphen-data/hyph-fr.hyb
05-23 14:05:32.408 E/Hyphenator( 1325): java.io.FileNotFoundException: /system/usr/hyphen-data/hyph-fr.hyb: open failed: ENOENT (No such file or directory)
05-23 14:05:32.408 E/Hyphenator( 1325): 	at libcore.io.IoBridge.open(IoBridge.java:455)
05-23 14:05:32.408 E/Hyphenator( 1325): 	at java.io.RandomAccessFile.<init>(RandomAccessFile.java:247)
05-23 14:05:32.408 E/Hyphenator( 1325): 	at android.text.Hyphenator.loadHyphenator(Hyphenator.java:118)
05-23 14:05:32.408 E/Hyphenator( 1325): 	at android.text.Hyphenator.init(Hyphenator.java:224)
05-23 14:05:32.408 E/Hyphenator( 1325): 	at com.android.internal.os.ZygoteInit.preloadTextResources(ZygoteInit.java:252)
05-23 14:05:32.408 E/Hyphenator( 1325): 	at com.android.internal.os.ZygoteInit.preload(ZygoteInit.java:206)
05-23 14:05:32.408 E/Hyphenator( 1325): 	at com.android.internal.os.ZygoteInit.main(ZygoteInit.java:743)
05-23 14:05:32.408 E/Hyphenator( 1325): Caused by: android.system.ErrnoException: open failed: ENOENT (No such file or directory)
05-23 14:05:32.408 E/Hyphenator( 1325): 	at libcore.io.Posix.open(Native Method)
05-23 14:05:32.408 E/Hyphenator( 1325): 	at libcore.io.BlockGuardOs.open(BlockGuardOs.java:187)
05-23 14:05:32.408 E/Hyphenator( 1325): 	at libcore.io.IoBridge.open(IoBridge.java:441)
05-23 14:05:32.408 E/Hyphenator( 1325): 	... 6 more
05-23 14:05:32.449 E/Hyphenator( 1325): error loading hyphenation /system/usr/hyphen-data/hyph-ga.hyb
05-23 14:05:32.449 E/Hyphenator( 1325): java.io.FileNotFoundException: /system/usr/hyphen-data/hyph-ga.hyb: open failed: ENOENT (No such file or directory)
05-23 14:05:32.449 E/Hyphenator( 1325): 	at libcore.io.IoBridge.open(IoBridge.java:455)
05-23 14:05:32.449 E/Hyphenator( 1325): 	at java.io.RandomAccessFile.<init>(RandomAccessFile.java:247)
05-23 14:05:32.449 E/Hyphenator( 1325): 	at android.text.Hyphenator.loadHyphenator(Hyphenator.java:118)
05-23 14:05:32.449 E/Hyphenator( 1325): 	at android.text.Hyphenator.init(Hyphenator.java:224)
05-23 14:05:32.449 E/Hyphenator( 1325): 	at com.android.internal.os.ZygoteInit.preloadTextResources(ZygoteInit.java:252)
05-23 14:05:32.449 E/Hyphenator( 1325): 	at com.android.internal.os.ZygoteInit.preload(ZygoteInit.java:206)
05-23 14:05:32.449 E/Hyphenator( 1325): 	at com.android.internal.os.ZygoteInit.main(ZygoteInit.java:743)
05-23 14:05:32.449 E/Hyphenator( 1325): Caused by: android.system.ErrnoException: open failed: ENOENT (No such file or directory)
05-23 14:05:32.449 E/Hyphenator( 1325): 	at libcore.io.Posix.open(Native Method)
05-23 14:05:32.449 E/Hyphenator( 1325): 	at libcore.io.BlockGuardOs.open(BlockGuardOs.java:187)
05-23 14:05:32.449 E/Hyphenator( 1325): 	at libcore.io.IoBridge.open(IoBridge.java:441)
05-23 14:05:32.449 E/Hyphenator( 1325): 	... 6 more
05-23 14:05:32.450 V/NatController( 1337): runCmd(/system/bin/ip6tables -w -N natctrl_tether_counters) res=0
05-23 14:05:32.486 I/Zygote  ( 1326): Preloading shared libraries...
05-23 14:05:32.493 E/Hyphenator( 1325): error loading hyphenation /system/usr/hyphen-data/hyph-gu.hyb
05-23 14:05:32.493 E/Hyphenator( 1325): java.io.FileNotFoundException: /system/usr/hyphen-data/hyph-gu.hyb: open failed: ENOENT (No such file or directory)
05-23 14:05:32.493 E/Hyphenator( 1325): 	at libcore.io.IoBridge.open(IoBridge.java:455)
05-23 14:05:32.493 E/Hyphenator( 1325): 	at java.io.RandomAccessFile.<init>(RandomAccessFile.java:247)
05-23 14:05:32.493 E/Hyphenator( 1325): 	at android.text.Hyphenator.loadHyphenator(Hyphenator.java:118)
