06-01 14:39:59.759 W/ActivityManager( 2657): Timeout executing service: ServiceRecord{1911ab2 u0 com.android.systemui/.keyguard.KeyguardService}
06-01 14:40:00.594 I/Process ( 2657): Sending signal. PID: 2889 SIG: 3
06-01 14:40:00.738 I/art     ( 2889): Thread[3,tid=2903,WaitingInMainSignalCatcherLoop,Thread*=0x773bd1696400,peer=0x12c005e0,"Signal Catcher"]: reacting to signal 3
06-01 14:40:00.738 I/art     ( 2889): 
06-01 14:40:01.440 W/art     ( 2889): Suspending all threads took: 683.061ms
06-01 14:40:01.522 W/art     ( 2889): Suspending all threads took: 16.836ms
06-01 14:40:02.087 E/ActivityManager( 2657): ANR in com.android.systemui
06-01 14:40:02.087 E/ActivityManager( 2657): PID: 2889
06-01 14:40:02.087 E/ActivityManager( 2657): Reason: executing service com.android.systemui/.keyguard.KeyguardService
06-01 14:40:02.087 E/ActivityManager( 2657): Load: 0.0 / 0.0 / 0.0
06-01 14:40:02.087 E/ActivityManager( 2657): CPU usage from 24825ms to 0ms ago (2021-06-01 14:39:34.611 to 2021-06-01 14:39:59.763):
06-01 14:40:02.087 E/ActivityManager( 2657):   101% 1321/surfaceflinger: 20% user + 81% kernel / faults: 13 minor
06-01 14:40:02.087 E/ActivityManager( 2657):   24% 2657/system_server: 5% user + 19% kernel / faults: 4347 minor 40 major
06-01 14:40:02.087 E/ActivityManager( 2657):   22% 2056/bootanimation: 0% user + 22% kernel
06-01 14:40:02.087 E/ActivityManager( 2657):   12% 3147/com.android.settings: 2.6% user + 9.9% kernel / faults: 146 minor 4 major
06-01 14:40:02.087 E/ActivityManager( 2657):   6.5% 2889/com.android.systemui: 0.2% user + 6.2% kernel / faults: 2480 minor 8 major
06-01 14:40:02.087 E/ActivityManager( 2657):   4.4% 3139/com.android.phone: 0.7% user + 3.7% kernel / faults: 1523 minor 20 major
06-01 14:40:02.087 E/ActivityManager( 2657):   1.8% 1990/adbd: 0% user + 1.8% kernel / faults: 1603 minor
06-01 14:40:02.087 E/ActivityManager( 2657):   0.8% 1356/mediaserver: 0.1% user + 0.7% kernel / faults: 135 minor 1 major
06-01 14:40:02.087 E/ActivityManager( 2657):   0.7% 8/rcu_preempt: 0% user + 0.7% kernel
06-01 14:40:02.087 E/ActivityManager( 2657):   0.5% 1320/servicemanager: 0% user + 0.5% kernel
06-01 14:40:02.087 E/ActivityManager( 2657):   0.5% 1355/media.extractor: 0% user + 0.5% kernel / faults: 21 minor
06-01 14:40:02.087 E/ActivityManager( 2657):   0.5% 1327/cameraserver: 0% user + 0.5% kernel / faults: 93 minor
06-01 14:40:02.087 E/ActivityManager( 2657):   0.3% 1326/audioserver: 0% user + 0.3% kernel / faults: 2 minor
06-01 14:40:02.087 E/ActivityManager( 2657):   0.3% 1//init: 0% user + 0.2% kernel / faults: 201 minor
06-01 14:40:02.087 E/ActivityManager( 2657):   0.1% 1324/zygote64: 0% user + 0.1% kernel / faults: 159 minor
06-01 14:40:02.087 E/ActivityManager( 2657):   0.1% 1255/kworker/0:1H: 0% user + 0.1% kernel
06-01 14:40:02.087 E/ActivityManager( 2657):   0.1% 1267/logd: 0% user + 0.1% kernel / faults: 16 minor
06-01 14:40:02.087 E/ActivityManager( 2657):   0.1% 3/ksoftirqd/0: 0% user + 0.1% kernel
06-01 14:40:02.087 E/ActivityManager( 2657):   0.1% 2883/com.android.inputmethod.latin: 0% user + 0.1% kernel / faults: 7 minor
06-01 14:40:02.087 E/ActivityManager( 2657):   0% 6/kworker/u4:0: 0% user + 0% kernel
06-01 14:40:02.087 E/ActivityManager( 2657):   0% 12/ksoftirqd/1: 0% user + 0% kernel
06-01 14:40:02.087 E/ActivityManager( 2657):   0% 1337/keystore: 0% user + 0% kernel
06-01 14:40:02.087 E/ActivityManager( 2657):   0% 1362/rild: 0% user + 0% kernel / faults: 1 minor
06-01 14:40:02.087 E/ActivityManager( 2657):   0% 1613/logcat: 0% user + 0% kernel / faults: 2 minor
06-01 14:40:02.087 E/ActivityManager( 2657):   0% 455/kworker/0:1: 0% user + 0% kernel
06-01 14:40:02.087 E/ActivityManager( 2657):   0% 1265/jbd2/vdc-8: 0% user + 0% kernel
06-01 14:40:02.087 E/ActivityManager( 2657):  +0% 3255/com.android.cellbroadcastreceiver: 0% user + 0% kernel
06-01 14:40:02.087 E/ActivityManager( 2657):  +0% 3324/sh: 0% user + 0% kernel
06-01 14:40:02.087 E/ActivityManager( 2657):  +0% 3326/sh: 0% user + 0% kernel
06-01 14:40:02.087 E/ActivityManager( 2657): 100% TOTAL: 18% user + 80% kernel + 0.7% softirq
06-01 14:40:02.087 E/ActivityManager( 2657): CPU usage from 223436ms to 223436ms ago (1970-01-01 00:00:00.000 to 1970-01-01 00:00:00.000) with 0% awake:
06-01 14:40:02.087 E/ActivityManager( 2657): 0% TOTAL: 0% user + 0% kernel
06-01 14:40:02.100 I/ActivityManager( 2657): Killing 2889:com.android.systemui/u0a21 (adj -800): bg anr
06-01 14:40:03.824 E/hostapd ( 3329): Configuration file: /system/etc/simulated_hostapd.conf
06-01 14:40:03.885 E/hostapd ( 3329): Could not read interface wlan1 flags: No such device
06-01 14:40:03.885 I/hostapd ( 3329): nl80211: Driver does not support authentication/association or connect commands
06-01 14:40:03.886 I/hostapd ( 3329): nl80211: deinit ifname=wlan1 disabled_11b_rates=0
06-01 14:40:03.988 E/hostapd ( 3329): Could not read interface wlan1 flags: No such device
06-01 14:40:03.989 E/hostapd ( 3329): nl80211 driver initialization failed.
06-01 14:40:03.989 I/hostapd ( 3329): wlan1: interface state UNINITIALIZED->DISABLED
06-01 14:40:03.989 I/hostapd ( 3329): wlan1: AP-DISABLED 
06-01 14:40:03.989 E/hostapd ( 3329): hostapd_free_hapd_data: Interface wlan1 wasn't started
06-01 14:40:04.201 E/ipv6proxy( 3328): Failed to get interface flags for wlan1: No such device
06-01 14:40:04.574 W/art     ( 2657): Long monitor contention with owner android.bg (2687) at boolean android.os.MessageQueue.enqueueMessage(android.os.Message, long)(MessageQueue.java:541) waiters=0 in android.os.Message android.os.MessageQueue.next() for 9.208s
06-01 14:40:04.583 W/art     ( 2657): Long monitor contention with owner android.bg (2687) at boolean android.os.MessageQueue.enqueueMessage(android.os.Message, long)(MessageQueue.java:541) waiters=1 in void android.os.MessageQueue.removeMessages(android.os.Handler, java.lang.Runnable, java.lang.Object) for 9.184s
06-01 14:40:04.592 W/art     ( 2657): Long monitor contention with owner android.bg (2687) at boolean android.os.MessageQueue.enqueueMessage(android.os.Message, long)(MessageQueue.java:541) waiters=2 in boolean android.os.MessageQueue.enqueueMessage(android.os.Message, long) for 7.986s
06-01 14:40:04.600 I/FusedLocation( 2657): engine started (com.android.location.fused)
06-01 14:40:04.884 W/art     ( 2657): Long monitor contention with owner android.bg (2687) at boolean android.os.MessageQueue.enqueueMessage(android.os.Message, long)(MessageQueue.java:541) waiters=4 in boolean android.os.MessageQueue.enqueueMessage(android.os.Message, long) for 2.452s
06-01 14:40:04.958 W/art     ( 2657): Long monitor contention with owner android.bg (2687) at boolean android.os.MessageQueue.enqueueMessage(android.os.Message, long)(MessageQueue.java:541) waiters=5 in boolean android.os.MessageQueue.enqueueMessage(android.os.Message, long) for 2.382s
06-01 14:40:04.964 W/art     ( 2657): Long monitor contention with owner android.bg (2687) at boolean android.os.MessageQueue.enqueueMessage(android.os.Message, long)(MessageQueue.java:541) waiters=3 in void android.os.MessageQueue.removeMessages(android.os.Handler, java.lang.Runnable, java.lang.Object) for 4.835s
06-01 14:40:04.997 W/art     ( 2657): Long monitor contention with owner ActivityManager (2688) at void com.android.server.am.BroadcastQueue.processNextBroadcast(boolean)(BroadcastQueue.java:760) waiters=1 in android.content.Intent com.android.server.am.ActivityManagerService.registerReceiver(android.app.IApplicationThread, java.lang.String, android.content.IIntentReceiver, android.content.IntentFilter, java.lang.String, int) for 396ms
06-01 14:40:05.044 W/art     ( 2657): Long monitor contention with owner AlarmManager (2809) at void com.android.server.AlarmManagerService$AlarmThread.run()(AlarmManagerService.java:2498) waiters=0 in android.app.AlarmManager$AlarmClockInfo com.android.server.AlarmManagerService.getNextAlarmClockImpl(int) for 4.577s
06-01 14:40:05.142 W/art     ( 2657): Long monitor contention with owner ActivityManager (2688) at void com.android.server.am.BroadcastQueue.processNextBroadcast(boolean)(BroadcastQueue.java:760) waiters=0 in android.app.IActivityManager$ContentProviderHolder com.android.server.am.ActivityManagerService.getContentProviderImpl(android.app.IApplicationThread, java.lang.String, android.os.IBinder, boolean, int) for 969ms
06-01 14:40:05.248 E/ActivityThread( 2657): Failed to find provider info for com.android.calendar
06-01 14:40:05.784 W/art     ( 2657): Long monitor contention with owner ActivityManager (2688) at void com.android.server.am.BroadcastQueue.processNextBroadcast(boolean)(BroadcastQueue.java:760) waiters=2 in void com.android.server.am.ActivityManagerService$3.handleMessage(android.os.Message) for 389ms
06-01 14:40:07.374 E/ipv6proxy( 3344): Failed to get interface flags for wlan1: No such device
06-01 14:40:08.158 E/hostapd ( 3345): Configuration file: /system/etc/simulated_hostapd.conf
06-01 14:40:08.234 E/hostapd ( 3345): Could not read interface wlan1 flags: No such device
06-01 14:40:08.234 I/hostapd ( 3345): nl80211: Driver does not support authentication/association or connect commands
06-01 14:40:08.235 I/hostapd ( 3345): nl80211: deinit ifname=wlan1 disabled_11b_rates=0
06-01 14:40:08.235 E/hostapd ( 3345): Could not read interface wlan1 flags: No such device
06-01 14:40:08.236 E/hostapd ( 3345): nl80211 driver initialization failed.
06-01 14:40:08.236 I/hostapd ( 3345): wlan1: interface state UNINITIALIZED->DISABLED
06-01 14:40:08.274 I/hostapd ( 3345): wlan1: AP-DISABLED 
06-01 14:40:08.274 E/hostapd ( 3345): hostapd_free_hapd_data: Interface wlan1 wasn't started
06-01 14:40:08.605 E/ActivityThread( 2657): Failed to find provider info for com.android.calendar
06-01 14:40:09.707 W/WindowManager( 2657): ***** BOOT TIMEOUT: forcing display enabled
06-01 14:40:09.720 I/SurfaceFlinger( 1321): Boot is finished (214650 ms)
06-01 14:40:09.935 I/SystemServiceManager( 2657): Starting phase 1000
06-01 14:40:10.242 W/ActivityManager( 2657): Slow operation: 223ms so far, now at startProcess: returned from zygote!
06-01 14:40:10.243 W/ActivityManager( 2657): Slow operation: 224ms so far, now at startProcess: done updating battery stats
06-01 14:40:10.244 W/ActivityManager( 2657): Slow operation: 224ms so far, now at startProcess: building log message
06-01 14:40:10.244 I/ActivityManager( 2657): Start proc 3350:android.ext.services/u0a12 for on-hold
06-01 14:40:10.244 W/ActivityManager( 2657): Slow operation: 225ms so far, now at startProcess: starting to update pids map
06-01 14:40:10.244 W/ActivityManager( 2657): Slow operation: 225ms so far, now at startProcess: done updating pids map
06-01 14:40:10.282 D/ActivityManager( 2657): Finishing user boot 0
06-01 14:40:10.313 D/CryptdConnector( 2657): SND -> {3 cryptfs prepare_user_storage ! 0 0 2}
06-01 14:40:10.381 D/vold    ( 1270): e4crypt_prepare_user_storage for volume null, user 0, serial 0, flags 2
06-01 14:40:10.382 D/vold    ( 1270): Preparing: /data/system_ce/0
06-01 14:40:10.383 D/vold    ( 1270): Preparing: /data/misc_ce/0
06-01 14:40:10.383 D/vold    ( 1270): Preparing: /data/media/0
06-01 14:40:10.383 D/vold    ( 1270): Preparing: /data/data
06-01 14:40:10.385 D/CryptdConnector( 2657): RCV <- {200 3 Command succeeded}
06-01 14:40:10.396 W/art     ( 3350): Unexpected CPU variant for X86 using defaults: x86_64
06-01 14:40:10.513 V/UserManagerService( 2657): Found /data/user/0 with serial number 0
06-01 14:40:10.513 V/UserManagerService( 2657): Found /data/system_ce/0 with serial number 0
06-01 14:40:10.515 V/PackageManager( 2657): reconcileAppsData for null u0 0x2
06-01 14:40:11.047 I/WindowManager( 2657): WIN DEATH: Window{7832df4 u0 StatusBar}
06-01 14:40:11.107 D/ConnectivityService( 2657): ConnectivityService NetworkRequestInfo binderDied(NetworkRequest [ LISTEN id=5, [] ], android.os.BinderProxy@6d166f2)
06-01 14:40:11.152 W/InputDispatcher( 2657): channel '3a9d100 DockedStackDivider (server)' ~ Consumer closed input channel or an error occurred.  events=0x9
06-01 14:40:11.152 E/InputDispatcher( 2657): channel '3a9d100 DockedStackDivider (server)' ~ Channel is unrecoverably broken and will be disposed!
06-01 14:40:11.152 W/InputDispatcher( 2657): channel '39da6ea AssistPreviewPanel (server)' ~ Consumer closed input channel or an error occurred.  events=0x9
06-01 14:40:11.152 E/InputDispatcher( 2657): channel '39da6ea AssistPreviewPanel (server)' ~ Channel is unrecoverably broken and will be disposed!
06-01 14:40:11.153 W/InputDispatcher( 2657): channel 'a025078 NavigationBar (server)' ~ Consumer closed input channel or an error occurred.  events=0x9
06-01 14:40:11.153 E/InputDispatcher( 2657): channel 'a025078 NavigationBar (server)' ~ Channel is unrecoverably broken and will be disposed!
06-01 14:40:11.164 E/ConnectivityService( 2657): RemoteException caught trying to send a callback msg for NetworkRequest [ LISTEN id=5, [] ]
06-01 14:40:11.271 W/AudioService( 2657): Current remote volume controller died, unregistering
06-01 14:40:11.273 W/VolumeController( 2657): Error calling dismiss
06-01 14:40:11.273 W/VolumeController( 2657): android.os.DeadObjectException
06-01 14:40:11.273 W/VolumeController( 2657): 	at android.os.BinderProxy.transactNative(Native Method)
06-01 14:40:11.273 W/VolumeController( 2657): 	at android.os.BinderProxy.transact(Binder.java:615)
06-01 14:40:11.273 W/VolumeController( 2657): 	at android.media.IVolumeController$Stub$Proxy.dismiss(IVolumeController.java:162)
06-01 14:40:11.273 W/VolumeController( 2657): 	at com.android.server.audio.AudioService$VolumeController.postDismiss(AudioService.java:6138)
06-01 14:40:11.273 W/VolumeController( 2657): 	at com.android.server.audio.AudioService.setVolumeController(AudioService.java:5986)
06-01 14:40:11.273 W/VolumeController( 2657): 	at com.android.server.audio.AudioService$4.binderDied(AudioService.java:5995)
06-01 14:40:11.273 W/VolumeController( 2657): 	at android.os.BinderProxy.sendDeathNotice(Binder.java:688)
06-01 14:40:11.287 W/WallpaperManagerService( 2657): Wallpaper service gone: ComponentInfo{com.android.systemui/com.android.systemui.ImageWallpaper}
06-01 14:40:11.380 W/art     ( 2657): Long monitor contention with owner Binder:2657_5 (3126) at void com.android.server.wm.WindowState$DeathRecipient.binderDied()(WindowState.java:1806) waiters=0 in void com.android.server.wm.WindowManagerService$9.binderDied() for 329ms
06-01 14:40:11.392 W/art     ( 2657): Long monitor contention with owner Binder:2657_5 (3126) at void com.android.server.wm.WindowState$DeathRecipient.binderDied()(WindowState.java:1806) waiters=1 in void com.android.server.wm.WindowState$DeathRecipient.binderDied() for 335ms
06-01 14:40:11.393 I/WindowManager( 2657): WIN DEATH: Window{39da6ea u0 AssistPreviewPanel}
06-01 14:40:11.393 W/InputDispatcher( 2657): Attempted to unregister already unregistered input channel '39da6ea AssistPreviewPanel (server)'
06-01 14:40:11.529 W/art     ( 2657): Long monitor contention with owner Binder:2657_5 (3126) at void com.android.server.wm.WindowState$DeathRecipient.binderDied()(WindowState.java:1806) waiters=2 in void com.android.server.wm.WindowState$DeathRecipient.binderDied() for 362ms
06-01 14:40:11.581 I/WindowManager( 2657): WIN DEATH: Window{a025078 u0 NavigationBar}
06-01 14:40:11.581 W/InputDispatcher( 2657): Attempted to unregister already unregistered input channel 'a025078 NavigationBar (server)'
06-01 14:40:11.659 W/art     ( 2657): Long monitor contention with owner Binder:2657_5 (3126) at void com.android.server.wm.WindowState$DeathRecipient.binderDied()(WindowState.java:1806) waiters=3 in void com.android.server.wm.WindowState$DeathRecipient.binderDied() for 496ms
06-01 14:40:11.660 I/WindowManager( 2657): WIN DEATH: Window{3a9d100 u0 DockedStackDivider}
06-01 14:40:11.660 W/InputDispatcher( 2657): Attempted to unregister already unregistered input channel '3a9d100 DockedStackDivider (server)'
06-01 14:40:11.667 W/art     ( 2657): Long monitor contention with owner Binder:2657_5 (3126) at void com.android.server.wm.WindowState$DeathRecipient.binderDied()(WindowState.java:1806) waiters=4 in void com.android.server.wm.Session.binderDied() for 374ms
06-01 14:40:12.501 E/ipv6proxy( 3371): Failed to get interface flags for wlan1: No such device
06-01 14:40:12.614 E/hostapd ( 3372): Configuration file: /system/etc/simulated_hostapd.conf
06-01 14:40:12.730 E/hostapd ( 3372): Could not read interface wlan1 flags: No such device
06-01 14:40:12.730 I/hostapd ( 3372): nl80211: Driver does not support authentication/association or connect commands
06-01 14:40:12.730 I/hostapd ( 3372): nl80211: deinit ifname=wlan1 disabled_11b_rates=0
06-01 14:40:12.731 E/hostapd ( 3372): Could not read interface wlan1 flags: No such device
06-01 14:40:12.731 E/hostapd ( 3372): nl80211 driver initialization failed.
06-01 14:40:12.731 I/hostapd ( 3372): wlan1: interface state UNINITIALIZED->DISABLED
06-01 14:40:12.732 I/hostapd ( 3372): wlan1: AP-DISABLED 
06-01 14:40:12.732 E/hostapd ( 3372): hostapd_free_hapd_data: Interface wlan1 wasn't started
06-01 14:40:14.191 E/NetdConnector( 2657): NDC Command {18 firewall disable_chain standby} took too long (1622ms)
06-01 14:40:14.421 V/PackageManager( 2657): reconcileAppsData finished 81 packages
06-01 14:40:14.425 W/art     ( 2657): Long monitor contention with owner android.display (2699) at void com.android.server.am.ActivityManagerService.finishBooting()(ActivityManagerService.java:6823) waiters=0 in android.content.Intent com.android.server.am.ActivityManagerService.registerReceiver(android.app.IApplicationThread, java.lang.String, android.content.IIntentReceiver, android.content.IntentFilter, java.lang.String, int) for 4.317s
06-01 14:40:14.449 W/art     ( 2657): Long monitor contention with owner android.display (2699) at void com.android.server.am.ActivityManagerService.finishBooting()(ActivityManagerService.java:6823) waiters=1 in void com.android.server.am.BroadcastQueue.processNextBroadcast(boolean) for 4.141s
06-01 14:40:14.451 D/MountService( 2657): onUnlockUser 0
06-01 14:40:14.451 D/VoldConnector( 2657): SND -> {8 volume user_started 0}
06-01 14:40:14.487 W/art     ( 2657): Long monitor contention with owner android.display (2699) at void com.android.server.am.ActivityManagerService.finishBooting()(ActivityManagerService.java:6823) waiters=2 in void com.android.server.am.ActivityManagerService.publishContentProviders(android.app.IApplicationThread, java.util.List) for 3.546s
06-01 14:40:14.488 W/art     ( 2657): Long monitor contention with owner android.display (2699) at void com.android.server.am.ActivityManagerService.finishBooting()(ActivityManagerService.java:6823) waiters=3 in void com.android.server.am.ActivityManagerService$AppDeathRecipient.binderDied() for 3.300s
06-01 14:40:14.513 W/art     ( 2657): Long monitor contention with owner android.display (2699) at void com.android.server.am.ActivityManagerService.finishBooting()(ActivityManagerService.java:6823) waiters=4 in void com.android.server.am.ActivityManagerService.attachApplication(android.app.IApplicationThread) for 3.062s
06-01 14:40:14.564 I/ActivityManager( 2657): Process com.android.systemui (pid 2889) has died
06-01 14:40:14.565 D/ActivityManager( 2657): cleanUpApplicationRecord -- 2889
06-01 14:40:14.579 W/ActivityManager( 2657): Scheduling restart of crashed service com.android.systemui/.ImageWallpaper in 0ms
06-01 14:40:14.580 W/ActivityManager( 2657): Scheduling restart of crashed service com.android.systemui/.keyguard.KeyguardService in 0ms
06-01 14:40:14.580 W/ActivityManager( 2657): Scheduling restart of crashed service com.android.systemui/.SystemUIService in 0ms
06-01 14:40:14.600 W/ActivityManager( 2657): Re-adding persistent process ProcessRecord{c510351 2889:com.android.systemui/u0a21}
06-01 14:40:14.698 D/vold    ( 1270): Linking /storage/emulated/0 to /mnt/user/0/primary
06-01 14:40:14.700 D/VoldConnector( 2657): RCV <- {200 8 Command succeeded}
06-01 14:40:14.717 D/MountService( 2657): Volume public:253,48 broadcasting mounted to UserHandle{0}
06-01 14:40:14.731 W/ActivityManager( 2657): Slow operation: 130ms so far, now at startProcess: returned from zygote!
06-01 14:40:14.731 W/ActivityManager( 2657): Slow operation: 131ms so far, now at startProcess: done updating battery stats
06-01 14:40:14.731 W/ActivityManager( 2657): Slow operation: 131ms so far, now at startProcess: building log message
06-01 14:40:14.732 I/ActivityManager( 2657): Start proc 3379:com.android.systemui/u0a21 for restart com.android.systemui
06-01 14:40:14.732 W/ActivityManager( 2657): Slow operation: 131ms so far, now at startProcess: starting to update pids map
06-01 14:40:14.732 W/ActivityManager( 2657): Slow operation: 131ms so far, now at startProcess: done updating pids map
06-01 14:40:14.798 W/art     ( 2657): Long monitor contention with owner android.bg (2687) at void com.android.server.am.ActivityManagerService$3.handleMessage(android.os.Message)(ActivityManagerService.java:2374) waiters=1 in void com.android.server.am.ActivityManagerService.attachApplication(android.app.IApplicationThread) for 284ms
06-01 14:40:14.859 W/art     ( 2657): Long monitor contention with owner android.bg (2687) at void com.android.server.am.ActivityManagerService$3.handleMessage(android.os.Message)(ActivityManagerService.java:2374) waiters=2 in void com.android.server.am.ActivityManagerService.updateConfiguration(android.content.res.Configuration) for 333ms
06-01 14:40:14.883 W/art     ( 2657): Long monitor contention with owner Binder:2657_4 (2921) at void com.android.server.am.ActivityManagerService$AppDeathRecipient.binderDied()(ActivityManagerService.java:1475) waiters=2 in void com.android.server.am.ActivityManagerService.dispatchUidsChanged() for 287ms
06-01 14:40:14.892 W/art     ( 3379): Unexpected CPU variant for X86 using defaults: x86_64
06-01 14:40:14.897 W/art     ( 2657): Long monitor contention with owner Binder:2657_4 (2921) at void com.android.server.am.ActivityManagerService$AppDeathRecipient.binderDied()(ActivityManagerService.java:1475) waiters=3 in android.content.Intent com.android.server.am.ActivityManagerService.registerReceiver(android.app.IApplicationThread, java.lang.String, android.content.IIntentReceiver, android.content.IntentFilter, java.lang.String, int) for 252ms
06-01 14:40:14.901 W/art     ( 2657): Long monitor contention with owner Binder:2657_4 (2921) at void com.android.server.am.ActivityManagerService$AppDeathRecipient.binderDied()(ActivityManagerService.java:1475) waiters=5 in boolean com.android.server.am.ActivityManagerService.isUserRunning(int, int) for 161ms
06-01 14:40:14.917 D/MountService( 2657): Volume emulated broadcasting mounted to UserHandle{0}
06-01 14:40:15.130 W/art     ( 2657): Long monitor contention with owner BackgroundDexOptService_PostBootUpdate (3304) at boolean android.os.MessageQueue.enqueueMessage(android.os.Message, long)(MessageQueue.java:541) waiters=0 in android.os.Message android.os.MessageQueue.next() for 125ms
06-01 14:40:15.193 W/System  ( 3350): ClassLoader referenced unknown path: /system/priv-app/ExtServices/lib/x86_64
06-01 14:40:15.211 W/System  ( 3379): ClassLoader referenced unknown path: /system/priv-app/SystemUI/lib/x86_64
06-01 14:40:15.289 W/libprocessgroup( 2657): failed to open /acct/uid_10021/pid_2889/cgroup.procs: No such file or directory
06-01 14:40:15.582 V/BackupManagerService( 2657): No ancestral data
06-01 14:40:15.732 I/BackupManagerService( 2657): Package jp.jaxa.iss.kibo.rpc.sampleapk not installed; dropping from full backup
06-01 14:40:15.773 V/BackupManagerService( 2657): Starting with transport android/com.android.internal.backup.LocalTransport
06-01 14:40:15.773 V/BackupManagerService( 2657): Found transports: 1
06-01 14:40:15.774 W/BackupManagerService( 2657): Proposed transport ComponentInfo{android/com.android.internal.backup.LocalTransportService} not whitelisted; ignoring
06-01 14:40:15.863 I/BackupManagerService( 2657): Backup enabled => false
06-01 14:40:16.075 I/InputAttributes( 2883): InputType.TYPE_NULL is specified
06-01 14:40:16.296 W/WallpaperManagerService( 2657): Wallpaper reconnect timed out, reverting to built-in wallpaper!
06-01 14:40:16.415 W/art     ( 2657): Long monitor contention with owner BackgroundDexOptService_PostBootUpdate (3304) at boolean android.os.MessageQueue.enqueueMessage(android.os.Message, long)(MessageQueue.java:541) waiters=0 in android.os.Message android.os.MessageQueue.next() for 161ms
06-01 14:40:16.450 W/VoiceInteractionManagerService( 2657): no available voice interaction services found for user 0
06-01 14:40:16.450 W/VoiceInteractionManagerService( 2657): no available voice recognition services found for user 0
06-01 14:40:16.454 I/ActivityManager( 2657): Loading recents for user 0 into memory.
06-01 14:40:16.480 V/KeyValueBackupJob( 2657): Scheduling k/v pass in 242 minutes
06-01 14:40:16.593 W/art     ( 2657): Long monitor contention with owner ActivityManager (2688) at void com.android.server.am.ActivityManagerService$MainHandler.handleMessage(android.os.Message)(ActivityManagerService.java:2027) waiters=1 in int com.android.server.am.ActivityManagerService.getAppStartMode(int, java.lang.String) for 111ms
06-01 14:40:16.759 W/ActivityManager( 2657): Slow operation: 161ms so far, now at startProcess: returned from zygote!
06-01 14:40:16.760 W/ActivityManager( 2657): Slow operation: 161ms so far, now at startProcess: done updating battery stats
06-01 14:40:16.760 W/ActivityManager( 2657): Slow operation: 161ms so far, now at startProcess: building log message
06-01 14:40:16.760 I/ActivityManager( 2657): Start proc 3401:com.android.deskclock/u0a31 for broadcast com.android.deskclock/.AlarmInitReceiver
06-01 14:40:16.760 W/ActivityManager( 2657): Slow operation: 162ms so far, now at startProcess: starting to update pids map
06-01 14:40:16.760 W/ActivityManager( 2657): Slow operation: 162ms so far, now at startProcess: done updating pids map
06-01 14:40:16.760 W/ActivityManager( 2657): Slow operation: 163ms so far, now at startProcess: done starting proc!
06-01 14:40:16.767 W/art     ( 2657): Long monitor contention with owner Binder:2657_6 (3295) at void com.android.server.am.BroadcastQueue.processNextBroadcast(boolean)(BroadcastQueue.java:760) waiters=2 in android.content.Intent com.android.server.am.ActivityManagerService.registerReceiver(android.app.IApplicationThread, java.lang.String, android.content.IIntentReceiver, android.content.IntentFilter, java.lang.String, int) for 138ms
06-01 14:40:16.771 D/ActivityManager( 2657): Sending BOOT_COMPLETE user #0
06-01 14:40:16.820 W/art     ( 3401): Unexpected CPU variant for X86 using defaults: x86_64
06-01 14:40:16.936 W/art     ( 2657): Long monitor contention with owner Binder:2657_6 (3295) at void com.android.server.am.ActivityManagerService.finishReceiver(android.os.IBinder, int, java.lang.String, android.os.Bundle, boolean, int)(ActivityManagerService.java:18651) waiters=0 in int com.android.server.am.ActivityManagerService.getAppStartMode(int, java.lang.String) for 342ms
06-01 14:40:17.631 E/hostapd ( 3424): Configuration file: /system/etc/simulated_hostapd.conf
06-01 14:40:17.733 E/hostapd ( 3424): Could not read interface wlan1 flags: No such device
06-01 14:40:17.733 I/hostapd ( 3424): nl80211: Driver does not support authentication/association or connect commands
06-01 14:40:17.734 I/hostapd ( 3424): nl80211: deinit ifname=wlan1 disabled_11b_rates=0
06-01 14:40:17.734 E/hostapd ( 3424): Could not read interface wlan1 flags: No such device
06-01 14:40:17.735 E/hostapd ( 3424): nl80211 driver initialization failed.
06-01 14:40:17.735 I/hostapd ( 3424): wlan1: interface state UNINITIALIZED->DISABLED
06-01 14:40:17.735 I/hostapd ( 3424): wlan1: AP-DISABLED 
06-01 14:40:17.735 E/hostapd ( 3424): hostapd_free_hapd_data: Interface wlan1 wasn't started
06-01 14:40:17.819 W/System  ( 3401): ClassLoader referenced unknown path: /system/app/DeskClock/lib/x86_64
06-01 14:40:18.132 E/ipv6proxy( 3423): Failed to get interface flags for wlan1: No such device
06-01 14:40:18.520 I/art     ( 3379): Background sticky concurrent mark sweep GC freed 2535(218KB) AllocSpace objects, 0(0B) LOS objects, 0% free, 9MB/10MB, paused 1.790ms total 345.963ms
06-01 14:40:18.568 I/LatinIME( 2883): Timeout waiting for dictionary load
06-01 14:40:17.236 W/ifconfig( 3396): type=1400 audit(0.0:10): avc: denied { ioctl } for path="socket:[16600]" dev="sockfs" ino=16600 ioctlcmd=8927 scontext=u:r:shell:s0 tcontext=u:r:shell:s0 tclass=udp_socket permissive=0
06-01 14:40:17.246 W/ifconfig( 3396): type=1400 audit(0.0:11): avc: denied { ioctl } for path="socket:[16600]" dev="sockfs" ino=16600 ioctlcmd=891d scontext=u:r:shell:s0 tcontext=u:r:shell:s0 tclass=udp_socket permissive=0
06-01 14:40:18.708 W/art     ( 2657): Long monitor contention with owner Binder:2657_3 (2676) at boolean android.os.MessageQueue.enqueueMessage(android.os.Message, long)(MessageQueue.java:541) waiters=0 in android.os.Message android.os.MessageQueue.next() for 1.428s
06-01 14:40:18.709 W/art     ( 2657): Long monitor contention with owner android.ui (2689) at boolean android.os.MessageQueue.enqueueMessage(android.os.Message, long)(MessageQueue.java:541) waiters=0 in android.os.Message android.os.MessageQueue.next() for 1.262s
06-01 14:40:17.246 W/ifconfig( 3396): type=1400 audit(0.0:12): avc: denied { ioctl } for path="socket:[16600]" dev="sockfs" ino=16600 ioctlcmd=8970 scontext=u:r:shell:s0 tcontext=u:r:shell:s0 tclass=udp_socket permissive=0
06-01 14:40:19.598 I/Choreographer( 2657): Skipped 50 frames!  The application may be doing too much work on its main thread.
06-01 14:40:19.671 W/Binder  ( 3379): Binder call failed.
06-01 14:40:19.671 W/Binder  ( 3379): android.os.DeadObjectException
06-01 14:40:19.671 W/Binder  ( 3379): 	at android.os.BinderProxy.transactNative(Native Method)
06-01 14:40:19.671 W/Binder  ( 3379): 	at android.os.BinderProxy.transact(Binder.java:615)
06-01 14:40:19.671 W/Binder  ( 3379): 	at android.content.IIntentReceiver$Stub$Proxy.performReceive(IIntentReceiver.java:124)
06-01 14:40:19.671 W/Binder  ( 3379): 	at android.app.ActivityThread$ApplicationThread.scheduleRegisteredReceiver(ActivityThread.java:946)
06-01 14:40:19.671 W/Binder  ( 3379): 	at android.app.ApplicationThreadNative.onTransact(ApplicationThreadNative.java:404)
06-01 14:40:19.671 W/Binder  ( 3379): 	at android.os.Binder.execTransact(Binder.java:565)
06-01 14:40:19.729 I/art     ( 3379): Background partial concurrent mark sweep GC freed 164(14KB) AllocSpace objects, 0(0B) LOS objects, 28% free, 10MB/14MB, paused 526us total 189.411ms
06-01 14:40:20.634 W/art     ( 2657): Long monitor contention with owner main (2657) at void com.android.server.pm.UserManagerService$MainHandler.handleMessage(android.os.Message)(UserManagerService.java:3290) waiters=0 in int com.android.server.pm.PackageManagerService.checkUidPermission(java.lang.String, int) for 1.825s
06-01 14:40:20.646 W/art     ( 2657): Long monitor contention with owner main (2657) at void com.android.server.pm.UserManagerService$MainHandler.handleMessage(android.os.Message)(UserManagerService.java:3290) waiters=1 in void com.android.server.pm.PackageManagerService.setPackageStoppedState(java.lang.String, boolean, int) for 1.042s
06-01 14:40:20.654 W/art     ( 2657): Long monitor contention with owner ActivityManager (2688) at void com.android.server.am.ActiveServices$ServiceRestarter.run()(ActiveServices.java:1259) waiters=0 in android.content.Intent com.android.server.am.ActivityManagerService.registerReceiver(android.app.IApplicationThread, java.lang.String, android.content.IIntentReceiver, android.content.IntentFilter, java.lang.String, int) for 1.049s
06-01 14:40:20.655 W/art     ( 2657): Long monitor contention with owner ActivityManager (2688) at void com.android.server.am.ActiveServices$ServiceRestarter.run()(ActiveServices.java:1259) waiters=1 in boolean com.android.server.am.ActivityManagerService.isUserRunning(int, int) for 1.003s
06-01 14:40:20.656 W/art     ( 2657): Long monitor contention with owner main (2657) at void com.android.server.pm.UserManagerService$MainHandler.handleMessage(android.os.Message)(UserManagerService.java:3290) waiters=2 in java.util.List com.android.server.pm.PackageManagerService.queryIntentServicesInternal(android.content.Intent, java.lang.String, int, int) for 1.015s
06-01 14:40:20.658 W/art     ( 2657): Long monitor contention with owner ActivityManager (2688) at void com.android.server.am.ActiveServices$ServiceRestarter.run()(ActiveServices.java:1259) waiters=2 in int com.android.server.am.ActivityManagerService.broadcastIntent(android.app.IApplicationThread, android.content.Intent, java.lang.String, android.content.IIntentReceiver, int, java.lang.String, android.os.Bundle, java.lang.String[], int, android.os.Bundle, boolean, boolean, int) for 999ms
06-01 14:40:20.672 W/art     ( 2657): Long monitor contention with owner main (2657) at void com.android.server.pm.UserManagerService$MainHandler.handleMessage(android.os.Message)(UserManagerService.java:3290) waiters=3 in java.util.List com.android.server.pm.PackageManagerService.queryIntentServicesInternal(android.content.Intent, java.lang.String, int, int) for 1.028s
06-01 14:40:20.681 D/FallbackHome( 3147): User unlocked and real home found; let's go!
06-01 14:40:20.724 D/CarrierSvcBindHelper( 3139): Received android.intent.action.USER_UNLOCKED
06-01 14:40:20.743 E/PhoneInterfaceManager( 3139): [PhoneIntfMgr] getCarrierPackageNamesForIntent: No UICC
06-01 14:40:20.743 D/CarrierSvcBindHelper( 3139): No carrier app for: 0
06-01 14:40:20.837 I/Choreographer( 3147): Skipped 75 frames!  The application may be doing too much work on its main thread.
06-01 14:40:20.908 I/ActivityManager( 2657): START u0 {act=android.intent.action.MAIN cat=[android.intent.category.HOME] flg=0x10000100 cmp=com.android.launcher3/.Launcher} from uid 0 on display 0
06-01 14:40:20.937 W/art     ( 2657): Long monitor contention with owner ActivityManager (2688) at void com.android.server.am.ActivityManagerService$MainHandler.handleMessage(android.os.Message)(ActivityManagerService.java:1998) waiters=1 in android.content.Intent com.android.server.am.ActivityManagerService.registerReceiver(android.app.IApplicationThread, java.lang.String, android.content.IIntentReceiver, android.content.IntentFilter, java.lang.String, int) for 127ms
06-01 14:40:20.971 W/art     ( 2657): Long monitor contention with owner main (2657) at void com.android.server.pm.UserManagerService$MainHandler.handleMessage(android.os.Message)(UserManagerService.java:3290) waiters=5 in android.content.pm.ProviderInfo com.android.server.pm.PackageManagerService.resolveContentProvider(java.lang.String, int, int) for 419ms
06-01 14:40:21.161 W/art     ( 2657): Long monitor contention with owner ActivityManager (2688) at void com.android.server.am.ActiveServices$ServiceRestarter.run()(ActiveServices.java:1259) waiters=3 in int com.android.server.am.ActivityManagerService.getAppStartMode(int, java.lang.String) for 1.094s
06-01 14:40:21.210 W/art     ( 2657): Suspending all threads took: 7.074ms
06-01 14:40:21.258 I/AccountManagerService( 2657): User 0 is unlocked - opening CE database
06-01 14:40:21.278 I/art     ( 2657): Background sticky concurrent mark sweep GC freed 42360(2MB) AllocSpace objects, 5(272KB) LOS objects, 26% free, 10MB/14MB, paused 16.243ms total 336.577ms
06-01 14:40:21.326 W/ActivityManager( 2657): Slow operation: 145ms so far, now at startProcess: done creating new process record
06-01 14:40:21.327 W/ActivityManager( 2657): Slow operation: 145ms so far, now at startProcess: stepping in to startProcess
06-01 14:40:21.463 W/ActivityManager( 2657): Slow operation: 135ms so far, now at startProcess: returned from zygote!
06-01 14:40:21.463 W/ActivityManager( 2657): Slow operation: 136ms so far, now at startProcess: done updating battery stats
06-01 14:40:21.464 W/ActivityManager( 2657): Slow operation: 137ms so far, now at startProcess: building log message
06-01 14:40:21.464 I/ActivityManager( 2657): Start proc 3448:com.android.launcher3/u0a42 for activity com.android.launcher3/.Launcher
06-01 14:40:21.464 W/ActivityManager( 2657): Slow operation: 137ms so far, now at startProcess: starting to update pids map
06-01 14:40:21.465 W/ActivityManager( 2657): Slow operation: 137ms so far, now at startProcess: done updating pids map
06-01 14:40:21.465 W/ActivityManager( 2657): Slow operation: 284ms so far, now at startProcess: done starting proc!
06-01 14:40:21.515 W/art     ( 3448): Unexpected CPU variant for X86 using defaults: x86_64
06-01 14:40:21.602 D/gralloc_ranchu( 3379): Emulator without host-side GPU emulation detected. Loading gralloc.default.so from /vendor/lib64/hw/gralloc.goldfish.default.so...
06-01 14:40:21.606 D/gralloc_ranchu( 3379): gralloc.default.so not found in /vendor. Trying /system/lib64/hw/gralloc.goldfish.default.so...
06-01 14:40:21.620 W/art     ( 2657): Long monitor contention with owner android.display (2699) at void com.android.server.wm.WindowAnimator$1.doFrame(long)(WindowAnimator.java:144) waiters=0 in void com.android.server.wm.WindowManagerService.setAppVisibility(android.os.IBinder, boolean) for 141ms
06-01 14:40:22.123 V/SystemUIService( 3379): Starting SystemUI services for user 0.
06-01 14:40:22.175 E/ipv6proxy( 3453): Failed to get interface flags for wlan1: No such device
06-01 14:40:22.281 E/hostapd ( 3454): Configuration file: /system/etc/simulated_hostapd.conf
06-01 14:40:22.298 E/NetdConnector( 2657): NDC event {600 Iface linkstate eth1 up} took too long: 793ms
06-01 14:40:22.315 E/hostapd ( 3454): Could not read interface wlan1 flags: No such device
06-01 14:40:22.316 I/hostapd ( 3454): nl80211: Driver does not support authentication/association or connect commands
06-01 14:40:22.409 I/hostapd ( 3454): nl80211: deinit ifname=wlan1 disabled_11b_rates=0
06-01 14:40:22.410 E/hostapd ( 3454): Could not read interface wlan1 flags: No such device
06-01 14:40:22.411 E/hostapd ( 3454): nl80211 driver initialization failed.
06-01 14:40:22.411 I/hostapd ( 3454): wlan1: interface state UNINITIALIZED->DISABLED
06-01 14:40:22.411 I/hostapd ( 3454): wlan1: AP-DISABLED 
06-01 14:40:22.411 E/hostapd ( 3454): hostapd_free_hapd_data: Interface wlan1 wasn't started
06-01 14:40:22.429 W/art     ( 2657): Long monitor contention with owner android.display (2699) at void com.android.server.wm.WindowAnimator$1.doFrame(long)(WindowAnimator.java:144) waiters=0 in void com.android.server.wm.WindowManagerService.setAppVisibility(android.os.IBinder, boolean) for 135ms
06-01 14:40:22.549 W/art     ( 2657): Long monitor contention with owner android.display (2699) at void com.android.server.wm.WindowAnimator$1.doFrame(long)(WindowAnimator.java:144) waiters=0 in void com.android.server.wm.WindowManagerService.setAppVisibility(android.os.IBinder, boolean) for 118ms
06-01 14:40:23.473 I/Choreographer( 3147): Skipped 157 frames!  The application may be doing too much work on its main thread.
06-01 14:40:23.477 W/art     ( 2657): Long monitor contention with owner Binder:2657_4 (2921) at void com.android.server.am.ActivityManagerService.activityPaused(android.os.IBinder)(ActivityManagerService.java:6916) waiters=1 in android.content.Intent com.android.server.am.ActivityManagerService.registerReceiver(android.app.IApplicationThread, java.lang.String, android.content.IIntentReceiver, android.content.IntentFilter, java.lang.String, int) for 2.539s
06-01 14:40:23.484 W/art     ( 2657): Long monitor contention with owner Binder:2657_4 (2921) at void com.android.server.am.ActivityManagerService.activityPaused(android.os.IBinder)(ActivityManagerService.java:6916) waiters=1 in int com.android.server.am.ActivityManagerService.getAppStartMode(int, java.lang.String) for 2.321s
06-01 14:40:23.499 W/art     ( 2657): Long monitor contention with owner Binder:2657_4 (2921) at void com.android.server.am.ActivityManagerService.activityPaused(android.os.IBinder)(ActivityManagerService.java:6916) waiters=2 in void com.android.server.am.ActivityManagerService$MainHandler.handleMessage(android.os.Message) for 2.332s
06-01 14:40:23.502 W/art     ( 2657): Long monitor contention with owner Binder:2657_4 (2921) at void com.android.server.am.ActivityManagerService.activityPaused(android.os.IBinder)(ActivityManagerService.java:6916) waiters=6 in void com.android.server.am.ActivityManagerService.attachApplication(android.app.IApplicationThread) for 1.213s
06-01 14:40:23.503 W/art     ( 2657): Long monitor contention with owner Binder:2657_4 (2921) at void com.android.server.am.ActivityManagerService.activityPaused(android.os.IBinder)(ActivityManagerService.java:6916) waiters=3 in void com.android.server.am.ActivityManagerService.dispatchUidsChanged() for 2.306s
06-01 14:40:23.504 W/art     ( 2657): Long monitor contention with owner Binder:2657_4 (2921) at void com.android.server.am.ActivityManagerService.activityPaused(android.os.IBinder)(ActivityManagerService.java:6916) waiters=4 in android.app.IActivityManager$ContentProviderHolder com.android.server.am.ActivityManagerService.getContentProviderImpl(android.app.IApplicationThread, java.lang.String, android.os.IBinder, boolean, int) for 1.299s
06-01 14:40:23.548 W/art     ( 2657): Long monitor contention with owner Binder:2657_4 (2921) at void com.android.server.am.ActivityManagerService.activityPaused(android.os.IBinder)(ActivityManagerService.java:6916) waiters=5 in boolean com.android.server.am.ActivityManagerService.isUserRunning(int, int) for 1.342s
06-01 14:40:23.738 W/art     ( 2657): Long monitor contention with owner android.display (2699) at void com.android.server.wm.WindowAnimator$1.doFrame(long)(WindowAnimator.java:144) waiters=0 in void com.android.server.wm.WindowManagerService.startAppFreezingScreen(android.os.IBinder, int) for 104ms
06-01 14:40:23.998 I/BackupManagerService( 2657): Found stale backup journal, scheduling
06-01 14:40:25.656 W/ifconfig( 3494): type=1400 audit(0.0:13): avc: denied { ioctl } for path="socket:[17879]" dev="sockfs" ino=17879 ioctlcmd=8927 scontext=u:r:shell:s0 tcontext=u:r:shell:s0 tclass=udp_socket permissive=0
06-01 14:40:25.686 W/ifconfig( 3494): type=1400 audit(0.0:14): avc: denied { ioctl } for path="socket:[17879]" dev="sockfs" ino=17879 ioctlcmd=891d scontext=u:r:shell:s0 tcontext=u:r:shell:s0 tclass=udp_socket permissive=0
06-01 14:40:25.686 W/ifconfig( 3494): type=1400 audit(0.0:15): avc: denied { ioctl } for path="socket:[17879]" dev="sockfs" ino=17879 ioctlcmd=8970 scontext=u:r:shell:s0 tcontext=u:r:shell:s0 tclass=udp_socket permissive=0
06-01 14:40:26.800 E/ipv6proxy( 3499): Failed to get interface flags for wlan1: No such device
06-01 14:40:26.928 E/hostapd ( 3500): Configuration file: /system/etc/simulated_hostapd.conf
06-01 14:40:26.957 E/hostapd ( 3500): Could not read interface wlan1 flags: No such device
06-01 14:40:26.958 I/hostapd ( 3500): nl80211: Driver does not support authentication/association or connect commands
06-01 14:40:26.958 I/hostapd ( 3500): nl80211: deinit ifname=wlan1 disabled_11b_rates=0
06-01 14:40:26.959 E/hostapd ( 3500): Could not read interface wlan1 flags: No such device
06-01 14:40:26.959 E/hostapd ( 3500): nl80211 driver initialization failed.
06-01 14:40:26.959 I/hostapd ( 3500): wlan1: interface state UNINITIALIZED->DISABLED
06-01 14:40:26.960 I/hostapd ( 3500): wlan1: AP-DISABLED 
06-01 14:40:26.960 E/hostapd ( 3500): hostapd_free_hapd_data: Interface wlan1 wasn't started
06-01 14:40:27.246 W/art     ( 2657): Long monitor contention with owner Binder:2657_4 (2921) at void com.android.server.am.ActivityManagerService.activityPaused(android.os.IBinder)(ActivityManagerService.java:6916) waiters=7 in void com.android.server.am.ActivityManagerService.publishContentProviders(android.app.IApplicationThread, java.util.List) for 4.897s
06-01 14:40:27.250 W/art     ( 2657): Long monitor contention with owner Binder:2657_4 (2921) at void com.android.server.am.ActivityManagerService.activityPaused(android.os.IBinder)(ActivityManagerService.java:6916) waiters=8 in boolean com.android.server.am.ActivityManagerService.isUserRunning(int, int) for 4.662s
06-01 14:40:27.252 W/art     ( 2657): Long monitor contention with owner Binder:2657_4 (2921) at void com.android.server.am.ActivityManagerService.activityPaused(android.os.IBinder)(ActivityManagerService.java:6916) waiters=9 in void com.android.server.am.ActivityManagerService.monitor() for 4.634s
06-01 14:40:27.253 W/art     ( 2657): Long monitor contention with owner Binder:2657_A (3370) at void com.android.server.am.ActivityManagerService.attachApplication(android.app.IApplicationThread)(ActivityManagerService.java:6669) waiters=5 in void com.android.server.am.ActivityManagerService.dispatchUidsChanged() for 3.749s
06-01 14:40:27.254 W/art     ( 2657): Long monitor contention with owner Binder:2657_A (3370) at void com.android.server.am.ActivityManagerService.attachApplication(android.app.IApplicationThread)(ActivityManagerService.java:6669) waiters=5 in android.app.IActivityManager$ContentProviderHolder com.android.server.am.ActivityManagerService.getContentProviderImpl(android.app.IApplicationThread, java.lang.String, android.os.IBinder, boolean, int) for 3.750s
06-01 14:40:27.268 W/art     ( 2657): Long monitor contention with owner Binder:2657_A (3370) at void com.android.server.am.ActivityManagerService.attachApplication(android.app.IApplicationThread)(ActivityManagerService.java:6669) waiters=6 in android.content.Intent com.android.server.am.ActivityManagerService.registerReceiver(android.app.IApplicationThread, java.lang.String, android.content.IIntentReceiver, android.content.IntentFilter, java.lang.String, int) for 3.729s
06-01 14:40:27.375 W/System  ( 3448): ClassLoader referenced unknown path: /system/app/Launcher3/lib/x86_64
06-01 14:40:27.410 W/art     ( 2657): Long monitor contention with owner Binder:2657_A (3370) at void com.android.server.am.ActivityManagerService.attachApplication(android.app.IApplicationThread)(ActivityManagerService.java:6669) waiters=7 in int com.android.server.am.PendingIntentRecord.sendInner(int, android.content.Intent, java.lang.String, android.content.IIntentReceiver, java.lang.String, android.os.IBinder, java.lang.String, int, int, int, android.os.Bundle, android.app.IActivityContainer) for 3.855s
06-01 14:40:27.412 W/art     ( 2657): Long monitor contention with owner Binder:2657_A (3370) at void com.android.server.am.ActivityManagerService.attachApplication(android.app.IApplicationThread)(ActivityManagerService.java:6669) waiters=8 in int com.android.server.am.ActivityManagerService.getMemoryTrimLevel() for 3.834s
06-01 14:40:27.414 W/art     ( 2657): Long monitor contention with owner Binder:2657_A (3370) at void com.android.server.am.ActivityManagerService.attachApplication(android.app.IApplicationThread)(ActivityManagerService.java:6669) waiters=9 in void com.android.server.am.ActivityManagerService$MainHandler.handleMessage(android.os.Message) for 3.232s
06-01 14:40:27.478 W/art     ( 2657): Long monitor contention with owner Binder:2657_A (3370) at void com.android.server.am.ActivityManagerService.attachApplication(android.app.IApplicationThread)(ActivityManagerService.java:6669) waiters=6 in boolean com.android.server.am.ActivityManagerService.isUserRunning(int, int) for 3.929s
06-01 14:40:27.644 I/ActivityManager( 2657): Start proc 3501:com.android.keychain/1000 for service com.android.keychain/.KeyChainService
06-01 14:40:27.712 W/art     ( 2657): Long monitor contention with owner android.display (2699) at void com.android.server.wm.WindowAnimator$1.doFrame(long)(WindowAnimator.java:144) waiters=0 in void com.android.server.wm.WindowManagerService.monitor() for 135ms
06-01 14:40:27.791 E/NetdConnector( 2657): NDC event {614 Address updated fe80::5054:ff:fe12:3457/64 eth1 128 253} processed too late: 5130ms
06-01 14:40:27.800 E/NetdConnector( 2657): NDC event {614 Address updated 10.42.0.36/24 eth1 128 0} processed too late: 4934ms
06-01 14:40:27.915 V/MediaRouter( 3379): Adding route: RouteInfo{ name=Phone, description=null, status=null, category=RouteCategory{ name=null types=ROUTE_TYPE_LIVE_AUDIO ROUTE_TYPE_LIVE_VIDEO  groupable=false }, supportedTypes=ROUTE_TYPE_LIVE_AUDIO ROUTE_TYPE_LIVE_VIDEO , presentationDisplay=null }
06-01 14:40:27.997 D/LauncherProvider( 3448): Launcher process started
06-01 14:40:28.013 V/MediaRouter( 3379): Updating audio routes: AudioRoutesInfo{ type=SPEAKER }
06-01 14:40:28.062 V/MediaRouter( 3379): Selecting route: RouteInfo{ name=Phone, description=null, status=null, category=RouteCategory{ name=null types=ROUTE_TYPE_LIVE_AUDIO ROUTE_TYPE_LIVE_VIDEO  groupable=false }, supportedTypes=ROUTE_TYPE_LIVE_AUDIO ROUTE_TYPE_LIVE_VIDEO , presentationDisplay=null }
06-01 14:40:28.070 W/art     ( 3501): Unexpected CPU variant for X86 using defaults: x86_64
06-01 14:40:28.442 W/System  ( 3501): ClassLoader referenced unknown path: /system/app/KeyChain/lib/x86_64
06-01 14:40:28.451 D/TrustManagerService( 2657): Removing dead TrustListener.
06-01 14:40:28.491 W/art     ( 2657): Long monitor contention with owner android.display (2699) at void com.android.server.wm.WindowAnimator$1.doFrame(long)(WindowAnimator.java:144) waiters=0 in float com.android.server.wm.WindowManagerService.getCurrentAnimatorScale() for 142ms
06-01 14:40:28.569 W/ActivityManager( 2657): Slow operation: 103ms so far, now at startProcess: getting gids from package manager
06-01 14:40:28.569 W/ActivityManager( 2657): Slow operation: 104ms so far, now at startProcess: building args
06-01 14:40:28.570 W/ActivityManager( 2657): Slow operation: 104ms so far, now at startProcess: asking zygote to start proc
06-01 14:40:28.670 W/ActivityManager( 2657): Slow operation: 204ms so far, now at startProcess: returned from zygote!
