06-01 14:40:28.670 W/ActivityManager( 2657): Slow operation: 205ms so far, now at startProcess: done updating battery stats
06-01 14:40:28.670 W/ActivityManager( 2657): Slow operation: 205ms so far, now at startProcess: building log message
06-01 14:40:28.670 I/ActivityManager( 2657): Start proc 3516:com.android.printspooler/u0a51 for service com.android.printspooler/.model.PrintSpoolerService
06-01 14:40:28.671 W/ActivityManager( 2657): Slow operation: 205ms so far, now at startProcess: starting to update pids map
06-01 14:40:28.671 W/ActivityManager( 2657): Slow operation: 205ms so far, now at startProcess: done updating pids map
06-01 14:40:28.671 W/ActivityManager( 2657): Slow operation: 209ms so far, now at startProcess: done starting proc!
06-01 14:40:28.708 W/art     ( 3516): Unexpected CPU variant for X86 using defaults: x86_64
06-01 14:40:28.749 W/art     ( 2657): Long monitor contention with owner android.display (2699) at void com.android.server.wm.WindowAnimator$1.doFrame(long)(WindowAnimator.java:144) waiters=0 in float com.android.server.wm.WindowManagerService.getCurrentAnimatorScale() for 162ms
06-01 14:40:29.007 V/Launcher( 3448): LauncherAppState inited
06-01 14:40:29.079 E/WVMExtractor( 3379): Failed to open libwvm.so: dlopen failed: library "libwvm.so" not found
06-01 14:40:29.508 W/BroadcastQueue( 2657): Timeout of broadcast BroadcastRecord{20b003e u-1 android.intent.action.TIME_TICK} - receiver=android.os.BinderProxy@cb0960f, started 10003ms ago
06-01 14:40:29.509 W/BroadcastQueue( 2657): Receiver during timeout: BroadcastFilter{60ca8a5 u0 ReceiverList{382a69c 2889 com.android.systemui/10021/u0 remote:cb0960f}}
06-01 14:40:29.822 I/Choreographer( 3147): Skipped 55 frames!  The application may be doing too much work on its main thread.
06-01 14:40:30.279 I/MediaPlayerService( 1356): MediaPlayerService::getOMX
06-01 14:40:30.292 I/OMXClient( 3379): MuxOMX ctor
06-01 14:40:30.305 I/OMXMaster( 1338): makeComponentInstance(OMX.google.vorbis.decoder) in mediacodec process
06-01 14:40:30.807 W/ActivityManager( 2657): Launch timeout has expired, giving up wake lock!
06-01 14:40:31.965 I/MediaPlayerService( 1356): MediaPlayerService::getOMX
06-01 14:40:31.993 I/OMXClient( 3379): MuxOMX ctor
06-01 14:40:32.070 I/OMXMaster( 1338): makeComponentInstance(OMX.google.vorbis.decoder) in mediacodec process
06-01 14:40:32.191 I/vol.Events( 3379): writeEvent collection_started
06-01 14:40:32.250 I/vol.Events( 3379): writeEvent external_ringer_mode_changed normal
06-01 14:40:32.251 I/vol.Events( 3379): writeEvent internal_ringer_mode_changed normal
06-01 14:40:32.617 I/Choreographer( 3448): Skipped 31 frames!  The application may be doing too much work on its main thread.
06-01 14:40:32.739 D/gralloc_ranchu( 3448): Emulator without host-side GPU emulation detected. Loading gralloc.default.so from /vendor/lib64/hw/gralloc.goldfish.default.so...
06-01 14:40:32.743 D/gralloc_ranchu( 3448): gralloc.default.so not found in /vendor. Trying /system/lib64/hw/gralloc.goldfish.default.so...
06-01 14:40:32.990 I/ActivityManager( 2657): Displayed com.android.launcher3/.Launcher: +11s808ms
06-01 14:40:33.569 V/GridSizeMigrationTask( 3448): Workspace migration completed in 677
06-01 14:40:33.591 E/ipv6proxy( 3548): Failed to get interface flags for wlan1: No such device
06-01 14:40:33.592 D/Launcher.Model( 3448): loadWorkspace: loading default favorites
06-01 14:40:33.828 E/hostapd ( 3549): Configuration file: /system/etc/simulated_hostapd.conf
06-01 14:40:33.894 E/hostapd ( 3549): Could not read interface wlan1 flags: No such device
06-01 14:40:33.937 I/hostapd ( 3549): nl80211: Driver does not support authentication/association or connect commands
06-01 14:40:33.938 I/hostapd ( 3549): nl80211: deinit ifname=wlan1 disabled_11b_rates=0
06-01 14:40:33.938 E/hostapd ( 3549): Could not read interface wlan1 flags: No such device
06-01 14:40:33.939 E/hostapd ( 3549): nl80211 driver initialization failed.
06-01 14:40:33.939 I/hostapd ( 3549): wlan1: interface state UNINITIALIZED->DISABLED
06-01 14:40:33.939 I/hostapd ( 3549): wlan1: AP-DISABLED 
06-01 14:40:33.939 E/hostapd ( 3549): hostapd_free_hapd_data: Interface wlan1 wasn't started
06-01 14:40:34.182 I/AlarmClock( 3401): AlarmInitReceiver android.intent.action.TIME_SET
06-01 14:40:34.267 I/MediaPlayerService( 1356): MediaPlayerService::getOMX
06-01 14:40:34.288 I/OMXClient( 3379): MuxOMX ctor
06-01 14:40:34.292 I/OMXMaster( 1338): makeComponentInstance(OMX.google.vorbis.decoder) in mediacodec process
06-01 14:40:34.878 I/vol.Events( 3379): writeEvent level_changed STREAM_ALARM 6
06-01 14:40:34.910 I/vol.Events( 3379): writeEvent level_changed STREAM_BLUETOOTH_SCO 7
06-01 14:40:34.923 I/vol.Events( 3379): writeEvent level_changed STREAM_MUSIC 11
06-01 14:40:35.019 I/vol.Events( 3379): writeEvent level_changed STREAM_RING 5
06-01 14:40:35.024 I/vol.Events( 3379): writeEvent level_changed STREAM_SYSTEM 5
06-01 14:40:35.082 I/vol.Events( 3379): writeEvent level_changed STREAM_VOICE_CALL 4
06-01 14:40:35.298 W/art     ( 2657): Long monitor contention with owner android.bg (2687) at void android.util.SparseArray.put(int, java.lang.Object)(SparseArray.java:224) waiters=0 in void com.android.server.print.UserState.handleDispatchPrintServicesChanged() for 3.321s
06-01 14:40:35.443 D/WIFI    ( 2657): Registering NetworkFactory
06-01 14:40:35.444 D/WIFI_UT ( 2657): Registering NetworkFactory
06-01 14:40:35.446 D/ConnectivityService( 2657): Got NetworkFactory Messenger for WIFI
06-01 14:40:35.457 D/ConnectivityService( 2657): Got NetworkFactory Messenger for WIFI_UT
06-01 14:40:35.485 D/WIFI    ( 2657): got request NetworkRequest [ REQUEST id=1, [ Capabilities: INTERNET&NOT_RESTRICTED&TRUSTED&NOT_VPN] ] with score 0
06-01 14:40:35.514 D/WIFI_UT ( 2657): got request NetworkRequest [ REQUEST id=1, [ Capabilities: INTERNET&NOT_RESTRICTED&TRUSTED&NOT_VPN] ] with score 0
06-01 14:40:35.552 I/AlarmClock( 3401): AlarmInitReceiver android.intent.action.LOCKED_BOOT_COMPLETED
06-01 14:40:35.590 D/StorageNotification( 3379): Notifying about private volume: VolumeInfo{private}:
06-01 14:40:35.590 D/StorageNotification( 3379):     type=PRIVATE diskId=null partGuid=null mountFlags=0 mountUserId=-1 
06-01 14:40:35.590 D/StorageNotification( 3379):     state=MOUNTED 
06-01 14:40:35.590 D/StorageNotification( 3379):     fsType=null fsUuid=null fsLabel=null 
06-01 14:40:35.590 D/StorageNotification( 3379):     path=/data internalPath=null 
06-01 14:40:35.594 D/StorageNotification( 3379): Notifying about public volume: VolumeInfo{public:253,48}:
06-01 14:40:35.594 D/StorageNotification( 3379):     type=PUBLIC diskId=disk:253,48 partGuid=null mountFlags=VISIBLE 
06-01 14:40:35.594 D/StorageNotification( 3379):     mountUserId=0 state=MOUNTED 
06-01 14:40:35.594 D/StorageNotification( 3379):     fsType=vfat fsUuid=1EFF-1C1B fsLabel=SDCARD 
06-01 14:40:35.594 D/StorageNotification( 3379):     path=/storage/1EFF-1C1B internalPath=/mnt/media_rw/1EFF-1C1B 
06-01 14:40:35.791 V/AlarmClock( 3401): AlarmInitReceiver finished
06-01 14:40:35.908 V/KeyguardServiceDelegate( 2657): *** Keyguard connected (yay!)
06-01 14:40:36.187 W/art     ( 2657): Long monitor contention with owner Binder:2657_7 (3364) at int com.android.server.wm.WindowManagerService.relayoutWindow(com.android.server.wm.Session, android.view.IWindow, int, android.view.WindowManager$LayoutParams, int, int, int, int, android.graphics.Rect, android.graphics.Rect, android.graphics.Rect, android.graphics.Rect, android.graphics.Rect, android.graphics.Rect, android.graphics.Rect, android.content.res.Configuration, android.view.Surface)(WindowManagerService.java:2857) waiters=1 in void com.android.server.policy.PhoneWindowManager.onKeyguardShowingStateChanged(boolean) for 204ms
06-01 14:40:36.416 I/Choreographer( 3379): Skipped 73 frames!  The application may be doing too much work on its main thread.
06-01 14:40:36.480 D/AlarmClock/Events( 3401): [Stopwatch] [Reset] [Reboot]
06-01 14:40:37.363 E/hostapd ( 3565): Configuration file: /system/etc/simulated_hostapd.conf
06-01 14:40:37.409 E/hostapd ( 3565): Could not read interface wlan1 flags: No such device
06-01 14:40:37.410 I/hostapd ( 3565): nl80211: Driver does not support authentication/association or connect commands
06-01 14:40:37.410 I/hostapd ( 3565): nl80211: deinit ifname=wlan1 disabled_11b_rates=0
06-01 14:40:37.411 E/hostapd ( 3565): Could not read interface wlan1 flags: No such device
06-01 14:40:37.411 E/hostapd ( 3565): nl80211 driver initialization failed.
06-01 14:40:37.411 I/hostapd ( 3565): wlan1: interface state UNINITIALIZED->DISABLED
06-01 14:40:37.412 I/hostapd ( 3565): wlan1: AP-DISABLED 
06-01 14:40:37.412 E/hostapd ( 3565): hostapd_free_hapd_data: Interface wlan1 wasn't started
06-01 14:40:37.577 I/StatusBarManagerService( 2657): registerStatusBar bar=com.android.internal.statusbar.IStatusBar$Stub$Proxy@e305848
06-01 14:40:37.582 W/art     ( 2657): Long monitor contention with owner Binder:2657_5 (3126) at int com.android.server.wm.WindowManagerService.relayoutWindow(com.android.server.wm.Session, android.view.IWindow, int, android.view.WindowManager$LayoutParams, int, int, int, int, android.graphics.Rect, android.graphics.Rect, android.graphics.Rect, android.graphics.Rect, android.graphics.Rect, android.graphics.Rect, android.graphics.Rect, android.content.res.Configuration, android.view.Surface)(WindowManagerService.java:2857) waiters=0 in void com.android.server.wm.WindowManagerService$H.handleMessage(android.os.Message) for 415ms
06-01 14:40:37.610 D/LockSettings( 2657): Removing dead StrongAuthTracker.
06-01 14:40:37.648 I/Choreographer( 2657): Skipped 51 frames!  The application may be doing too much work on its main thread.
06-01 14:40:37.669 W/art     ( 2657): Long monitor contention with owner android.bg (2687) at void com.android.server.pm.ShortcutService.saveDirtyInfo()(ShortcutService.java:1040) waiters=0 in void com.android.server.pm.ShortcutService.handleOnUidStateChanged(int, int) for 1.194s
06-01 14:40:38.017 I/art     ( 3379): Background sticky concurrent mark sweep GC freed 9855(1087KB) AllocSpace objects, 2(40KB) LOS objects, 0% free, 15MB/15MB, paused 1.581ms total 1.327s
06-01 14:40:38.070 E/ipv6proxy( 3564): Failed to get interface flags for wlan1: No such device
06-01 14:40:38.265 I/art     ( 3448): Background sticky concurrent mark sweep GC freed 19858(1932KB) AllocSpace objects, 10(232KB) LOS objects, 23% free, 7MB/10MB, paused 511us total 133.182ms
06-01 14:40:38.371 W/ActivityManager( 2657): Slow operation: 141ms so far, now at startProcess: returned from zygote!
06-01 14:40:38.372 W/ActivityManager( 2657): Slow operation: 142ms so far, now at startProcess: done updating battery stats
06-01 14:40:38.372 W/ActivityManager( 2657): Slow operation: 142ms so far, now at startProcess: building log message
06-01 14:40:38.373 I/ActivityManager( 2657): Start proc 3571:android.process.media/u0a10 for broadcast com.android.providers.downloads/.DownloadReceiver
06-01 14:40:38.373 W/ActivityManager( 2657): Slow operation: 142ms so far, now at startProcess: starting to update pids map
06-01 14:40:38.373 W/ActivityManager( 2657): Slow operation: 143ms so far, now at startProcess: done updating pids map
06-01 14:40:38.373 W/ActivityManager( 2657): Slow operation: 144ms so far, now at startProcess: done starting proc!
06-01 14:40:38.455 W/art     ( 3571): Unexpected CPU variant for X86 using defaults: x86_64
06-01 14:40:38.504 V/AlarmClock( 3401): AlarmInitReceiver finished
06-01 14:40:39.011 W/System  ( 3571): ClassLoader referenced unknown path: /system/priv-app/DownloadProvider/lib/x86_64
06-01 14:40:39.103 W/System  ( 3571): ClassLoader referenced unknown path: /system/priv-app/MediaProvider/lib/x86_64
06-01 14:40:39.112 D/ApplicationLoaders( 3571): ignored Vulkan layer search path /system/priv-app/MediaProvider/lib/x86_64:/system/priv-app/MediaProvider/MediaProvider.apk!/lib/x86_64:/system/lib64:/vendor/lib64 for namespace 0x773bd5dbf0f0
06-01 14:40:40.013 W/System  ( 3379): ClassLoader referenced unknown path: 
06-01 14:40:40.015 W/System  ( 3379): ClassLoader referenced unknown path: /system/priv-app/Dialer/lib/x86_64
06-01 14:40:40.023 D/ApplicationLoaders( 3379): ignored Vulkan layer search path /system/priv-app/Dialer/lib/x86_64:/system/lib64:/vendor/lib64 for namespace 0x773bd5f5d0f0
06-01 14:40:40.289 E/BluetoothAdapter( 3379): Bluetooth binder is null
06-01 14:40:40.402 I/CameraManagerGlobal( 3379): Connecting to camera service
06-01 14:40:40.434 V/EmulatedCamera_Camera( 1327): getCameraInfo
06-01 14:40:40.435 V/EmulatedCamera_BaseCamera( 1327): getCameraInfo
06-01 14:40:40.435 I/CameraService( 1327): getCameraCharacteristics: Switching to HAL1 shim implementation...
06-01 14:40:40.435 V/EmulatedCamera_Camera( 1327): getCameraInfo
06-01 14:40:40.435 V/EmulatedCamera_BaseCamera( 1327): getCameraInfo
06-01 14:40:40.459 V/EmulatedCamera_Camera( 1327): getCameraInfo
06-01 14:40:40.459 V/EmulatedCamera_BaseCamera( 1327): getCameraInfo
06-01 14:40:40.463 V/EmulatedCamera_Camera( 1327): getCameraInfo
06-01 14:40:40.463 V/EmulatedCamera_BaseCamera( 1327): getCameraInfo
06-01 14:40:40.561 I/StatusBar( 3379): isKeyguardShowing() called before startKeyguard(), returning true
06-01 14:40:40.563 W/StatusBar( 3379): isKeyguardSecure() called before startKeyguard(), returning false
06-01 14:40:40.563 W/StatusBar( 3379): java.lang.Throwable
06-01 14:40:40.563 W/StatusBar( 3379): 	at com.android.systemui.statusbar.BaseStatusBar.isKeyguardSecure(BaseStatusBar.java:2647)
06-01 14:40:40.563 W/StatusBar( 3379): 	at com.android.systemui.statusbar.BaseStatusBar.isCameraAllowedByAdmin(BaseStatusBar.java:2670)
06-01 14:40:40.563 W/StatusBar( 3379): 	at com.android.systemui.statusbar.phone.KeyguardBottomAreaView.updateCameraVisibility(KeyguardBottomAreaView.java:309)
06-01 14:40:40.563 W/StatusBar( 3379): 	at com.android.systemui.statusbar.phone.KeyguardBottomAreaView.setPhoneStatusBar(KeyguardBottomAreaView.java:272)
06-01 14:40:40.563 W/StatusBar( 3379): 	at com.android.systemui.statusbar.phone.PhoneStatusBar.makeStatusBarView(PhoneStatusBar.java:904)
06-01 14:40:40.563 W/StatusBar( 3379): 	at com.android.systemui.statusbar.phone.PhoneStatusBar.addStatusBarWindow(PhoneStatusBar.java:3432)
06-01 14:40:40.563 W/StatusBar( 3379): 	at com.android.systemui.statusbar.phone.PhoneStatusBar.createAndAddWindows(PhoneStatusBar.java:3428)
06-01 14:40:40.563 W/StatusBar( 3379): 	at com.android.systemui.statusbar.BaseStatusBar.start(BaseStatusBar.java:765)
06-01 14:40:40.563 W/StatusBar( 3379): 	at com.android.systemui.statusbar.phone.PhoneStatusBar.start(PhoneStatusBar.java:686)
06-01 14:40:40.563 W/StatusBar( 3379): 	at com.android.systemui.statusbar.SystemBars.createStatusBarFromConfig(SystemBars.java:106)
06-01 14:40:40.563 W/StatusBar( 3379): 	at com.android.systemui.statusbar.SystemBars.onNoService(SystemBars.java:58)
06-01 14:40:40.563 W/StatusBar( 3379): 	at com.android.systemui.statusbar.ServiceMonitor.startService(ServiceMonitor.java:230)
06-01 14:40:40.563 W/StatusBar( 3379): 	at com.android.systemui.statusbar.ServiceMonitor.-wrap5(ServiceMonitor.java)
06-01 14:40:40.563 W/StatusBar( 3379): 	at com.android.systemui.statusbar.ServiceMonitor$1.handleMessage(ServiceMonitor.java:73)
06-01 14:40:40.563 W/StatusBar( 3379): 	at android.os.Handler.dispatchMessage(Handler.java:102)
06-01 14:40:40.563 W/StatusBar( 3379): 	at android.os.Looper.loop(Looper.java:154)
06-01 14:40:40.563 W/StatusBar( 3379): 	at android.app.ActivityThread.main(ActivityThread.java:6119)
06-01 14:40:40.563 W/StatusBar( 3379): 	at java.lang.reflect.Method.invoke(Native Method)
06-01 14:40:40.563 W/StatusBar( 3379): 	at com.android.internal.os.ZygoteInit$MethodAndArgsCaller.run(ZygoteInit.java:886)
06-01 14:40:40.563 W/StatusBar( 3379): 	at com.android.internal.os.ZygoteInit.main(ZygoteInit.java:776)
06-01 14:40:40.570 I/StatusBar( 3379): isKeyguardShowing() called before startKeyguard(), returning true
06-01 14:40:40.572 W/StatusBar( 3379): isKeyguardSecure() called before startKeyguard(), returning false
06-01 14:40:40.572 W/StatusBar( 3379): java.lang.Throwable
06-01 14:40:40.572 W/StatusBar( 3379): 	at com.android.systemui.statusbar.BaseStatusBar.isKeyguardSecure(BaseStatusBar.java:2647)
06-01 14:40:40.572 W/StatusBar( 3379): 	at com.android.systemui.statusbar.BaseStatusBar.isCameraAllowedByAdmin(BaseStatusBar.java:2670)
06-01 14:40:40.572 W/StatusBar( 3379): 	at com.android.systemui.statusbar.phone.KeyguardBottomAreaView.updateCameraVisibility(KeyguardBottomAreaView.java:309)
06-01 14:40:40.572 W/StatusBar( 3379): 	at com.android.systemui.statusbar.phone.KeyguardBottomAreaView.setUserSetupComplete(KeyguardBottomAreaView.java:281)
06-01 14:40:40.572 W/StatusBar( 3379): 	at com.android.systemui.statusbar.phone.PhoneStatusBar.makeStatusBarView(PhoneStatusBar.java:905)
06-01 14:40:40.572 W/StatusBar( 3379): 	at com.android.systemui.statusbar.phone.PhoneStatusBar.addStatusBarWindow(PhoneStatusBar.java:3432)
06-01 14:40:40.572 W/StatusBar( 3379): 	at com.android.systemui.statusbar.phone.PhoneStatusBar.createAndAddWindows(PhoneStatusBar.java:3428)
06-01 14:40:40.572 W/StatusBar( 3379): 	at com.android.systemui.statusbar.BaseStatusBar.start(BaseStatusBar.java:765)
06-01 14:40:40.572 W/StatusBar( 3379): 	at com.android.systemui.statusbar.phone.PhoneStatusBar.start(PhoneStatusBar.java:686)
06-01 14:40:40.572 W/StatusBar( 3379): 	at com.android.systemui.statusbar.SystemBars.createStatusBarFromConfig(SystemBars.java:106)
06-01 14:40:40.572 W/StatusBar( 3379): 	at com.android.systemui.statusbar.SystemBars.onNoService(SystemBars.java:58)
06-01 14:40:40.572 W/StatusBar( 3379): 	at com.android.systemui.statusbar.ServiceMonitor.startService(ServiceMonitor.java:230)
06-01 14:40:40.572 W/StatusBar( 3379): 	at com.android.systemui.statusbar.ServiceMonitor.-wrap5(ServiceMonitor.java)
06-01 14:40:40.572 W/StatusBar( 3379): 	at com.android.systemui.statusbar.ServiceMonitor$1.handleMessage(ServiceMonitor.java:73)
06-01 14:40:40.572 W/StatusBar( 3379): 	at android.os.Handler.dispatchMessage(Handler.java:102)
06-01 14:40:40.572 W/StatusBar( 3379): 	at android.os.Looper.loop(Looper.java:154)
06-01 14:40:40.572 W/StatusBar( 3379): 	at android.app.ActivityThread.main(ActivityThread.java:6119)
06-01 14:40:40.572 W/StatusBar( 3379): 	at java.lang.reflect.Method.invoke(Native Method)
06-01 14:40:40.572 W/StatusBar( 3379): 	at com.android.internal.os.ZygoteInit$MethodAndArgsCaller.run(ZygoteInit.java:886)
06-01 14:40:40.572 W/StatusBar( 3379): 	at com.android.internal.os.ZygoteInit.main(ZygoteInit.java:776)
06-01 14:40:40.777 V/EmulatedCamera_Camera( 1327): getCameraInfo
06-01 14:40:40.777 V/EmulatedCamera_BaseCamera( 1327): getCameraInfo
06-01 14:40:40.779 V/EmulatedCamera_Camera( 1327): getCameraInfo
06-01 14:40:40.779 V/EmulatedCamera_BaseCamera( 1327): getCameraInfo
06-01 14:40:40.811 I/art     ( 2657): Background partial concurrent mark sweep GC freed 21019(1645KB) AllocSpace objects, 17(1284KB) LOS objects, 29% free, 9MB/13MB, paused 1.433ms total 172.864ms
06-01 14:40:40.834 D/MediaScannerReceiver( 3571): action: android.intent.action.MEDIA_MOUNTED path: /storage/1EFF-1C1B
06-01 14:40:41.151 I/StatusBar( 3379): isKeyguardShowing() called before startKeyguard(), returning true
06-01 14:40:41.152 W/StatusBar( 3379): isKeyguardSecure() called before startKeyguard(), returning false
06-01 14:40:41.152 W/StatusBar( 3379): java.lang.Throwable
06-01 14:40:41.152 W/StatusBar( 3379): 	at com.android.systemui.statusbar.BaseStatusBar.isKeyguardSecure(BaseStatusBar.java:2647)
06-01 14:40:41.152 W/StatusBar( 3379): 	at com.android.systemui.statusbar.BaseStatusBar.isCameraAllowedByAdmin(BaseStatusBar.java:2670)
06-01 14:40:41.152 W/StatusBar( 3379): 	at com.android.systemui.statusbar.phone.KeyguardBottomAreaView.updateCameraVisibility(KeyguardBottomAreaView.java:309)
06-01 14:40:41.152 W/StatusBar( 3379): 	at com.android.systemui.statusbar.phone.KeyguardBottomAreaView.setUserSetupComplete(KeyguardBottomAreaView.java:281)
06-01 14:40:41.152 W/StatusBar( 3379): 	at com.android.systemui.statusbar.phone.PhoneStatusBar$1.onChange(PhoneStatusBar.java:441)
06-01 14:40:41.152 W/StatusBar( 3379): 	at com.android.systemui.statusbar.phone.PhoneStatusBar.resetUserSetupObserver(PhoneStatusBar.java:3676)
06-01 14:40:41.152 W/StatusBar( 3379): 	at com.android.systemui.statusbar.phone.PhoneStatusBar.makeStatusBarView(PhoneStatusBar.java:1008)
06-01 14:40:41.152 W/StatusBar( 3379): 	at com.android.systemui.statusbar.phone.PhoneStatusBar.addStatusBarWindow(PhoneStatusBar.java:3432)
06-01 14:40:41.152 W/StatusBar( 3379): 	at com.android.systemui.statusbar.phone.PhoneStatusBar.createAndAddWindows(PhoneStatusBar.java:3428)
06-01 14:40:41.152 W/StatusBar( 3379): 	at com.android.systemui.statusbar.BaseStatusBar.start(BaseStatusBar.java:765)
06-01 14:40:41.152 W/StatusBar( 3379): 	at com.android.systemui.statusbar.phone.PhoneStatusBar.start(PhoneStatusBar.java:686)
06-01 14:40:41.152 W/StatusBar( 3379): 	at com.android.systemui.statusbar.SystemBars.createStatusBarFromConfig(SystemBars.java:106)
06-01 14:40:41.152 W/StatusBar( 3379): 	at com.android.systemui.statusbar.SystemBars.onNoService(SystemBars.java:58)
06-01 14:40:41.152 W/StatusBar( 3379): 	at com.android.systemui.statusbar.ServiceMonitor.startService(ServiceMonitor.java:230)
06-01 14:40:41.152 W/StatusBar( 3379): 	at com.android.systemui.statusbar.ServiceMonitor.-wrap5(ServiceMonitor.java)
06-01 14:40:41.152 W/StatusBar( 3379): 	at com.android.systemui.statusbar.ServiceMonitor$1.handleMessage(ServiceMonitor.java:73)
06-01 14:40:41.152 W/StatusBar( 3379): 	at android.os.Handler.dispatchMessage(Handler.java:102)
06-01 14:40:41.152 W/StatusBar( 3379): 	at android.os.Looper.loop(Looper.java:154)
06-01 14:40:41.152 W/StatusBar( 3379): 	at android.app.ActivityThread.main(ActivityThread.java:6119)
06-01 14:40:41.152 W/StatusBar( 3379): 	at java.lang.reflect.Method.invoke(Native Method)
06-01 14:40:41.152 W/StatusBar( 3379): 	at com.android.internal.os.ZygoteInit$MethodAndArgsCaller.run(ZygoteInit.java:886)
06-01 14:40:41.152 W/StatusBar( 3379): 	at com.android.internal.os.ZygoteInit.main(ZygoteInit.java:776)
06-01 14:40:41.191 E/SurfaceFlinger( 1321): ro.sf.lcd_density must be defined as a build property
06-01 14:40:41.196 D/OpenGLRenderer( 3379): profile bars disabled
06-01 14:40:41.217 D/OpenGLRenderer( 3379): ambientRatio = 1.50
06-01 14:40:41.252 W/art     ( 3596): Unexpected CPU variant for X86 using defaults: x86_64
06-01 14:40:41.257 W/ActivityManager( 2657): Slow operation: 73ms so far, now at startProcess: returned from zygote!
06-01 14:40:41.257 W/ActivityManager( 2657): Slow operation: 73ms so far, now at startProcess: done updating battery stats
06-01 14:40:41.258 W/ActivityManager( 2657): Slow operation: 73ms so far, now at startProcess: building log message
06-01 14:40:41.258 I/ActivityManager( 2657): Start proc 3596:android.process.acore/u0a1 for content provider com.android.providers.contacts/.ContactsProvider2
06-01 14:40:41.258 W/ActivityManager( 2657): Slow operation: 74ms so far, now at startProcess: starting to update pids map
06-01 14:40:41.258 W/ActivityManager( 2657): Slow operation: 74ms so far, now at startProcess: done updating pids map
06-01 14:40:41.258 W/ActivityManager( 2657): Slow operation: 74ms so far, now at startProcess: done starting proc!
06-01 14:40:41.258 W/ActivityManager( 2657): Slow operation: 77ms so far, now at getContentProviderImpl: after start process
06-01 14:40:41.258 W/ActivityManager( 2657): Slow operation: 77ms so far, now at getContentProviderImpl: updating data structures
06-01 14:40:41.259 W/ActivityManager( 2657): Slow operation: 78ms so far, now at getContentProviderImpl: done!
06-01 14:40:41.295 D/PhoneStatusBar( 3379): disable: < EXPAND* icons alerts system_info BACK* HOME* RECENT* clock SEARCH* quick_settings >
06-01 14:40:41.453 I/art     ( 3379): Background sticky concurrent mark sweep GC freed 9569(1901KB) AllocSpace objects, 0(0B) LOS objects, 14% free, 12MB/14MB, paused 7.297ms total 94.514ms
06-01 14:40:41.687 W/System  ( 3596): ClassLoader referenced unknown path: /system/priv-app/ContactsProvider/lib/x86_64
06-01 14:40:41.949 D/PhoneStatusBar( 3379): heads up is enabled
06-01 14:40:41.994 D/MediaScannerReceiver( 3571): action: android.intent.action.MEDIA_MOUNTED path: /storage/emulated/0
06-01 14:40:42.330 W/KeyguardUpdateMonitor( 3379): invalid subId in handleSimStateChange()
06-01 14:40:42.669 V/KeyguardServiceDelegate( 2657): **** SHOWN CALLED ****
06-01 14:40:42.930 W/art     ( 2657): Long monitor contention with owner android.display (2699) at void com.android.server.wm.WindowAnimator$1.doFrame(long)(WindowAnimator.java:144) waiters=0 in int com.android.server.wm.WindowManagerService.relayoutWindow(com.android.server.wm.Session, android.view.IWindow, int, android.view.WindowManager$LayoutParams, int, int, int, int, android.graphics.Rect, android.graphics.Rect, android.graphics.Rect, android.graphics.Rect, android.graphics.Rect, android.graphics.Rect, android.graphics.Rect, android.content.res.Configuration, android.view.Surface) for 300ms
06-01 14:40:43.129 W/art     ( 2657): Long monitor contention with owner android.display (2699) at void com.android.server.wm.WindowAnimator$1.doFrame(long)(WindowAnimator.java:144) waiters=0 in int com.android.server.wm.WindowManagerService.relayoutWindow(com.android.server.wm.Session, android.view.IWindow, int, android.view.WindowManager$LayoutParams, int, int, int, int, android.graphics.Rect, android.graphics.Rect, android.graphics.Rect, android.graphics.Rect, android.graphics.Rect, android.graphics.Rect, android.graphics.Rect, android.content.res.Configuration, android.view.Surface) for 198ms
06-01 14:40:43.359 W/art     ( 2657): Long monitor contention with owner android.display (2699) at void com.android.server.wm.WindowAnimator$1.doFrame(long)(WindowAnimator.java:144) waiters=0 in int com.android.server.wm.WindowManagerService.relayoutWindow(com.android.server.wm.Session, android.view.IWindow, int, android.view.WindowManager$LayoutParams, int, int, int, int, android.graphics.Rect, android.graphics.Rect, android.graphics.Rect, android.graphics.Rect, android.graphics.Rect, android.graphics.Rect, android.graphics.Rect, android.content.res.Configuration, android.view.Surface) for 230ms
06-01 14:40:43.430 E/ipv6proxy( 3616): Failed to get interface flags for wlan1: No such device
06-01 14:40:43.454 E/hostapd ( 3617): Configuration file: /system/etc/simulated_hostapd.conf
06-01 14:40:43.498 I/Choreographer( 3379): Skipped 205 frames!  The application may be doing too much work on its main thread.
06-01 14:40:43.515 E/hostapd ( 3617): Could not read interface wlan1 flags: No such device
06-01 14:40:43.515 I/hostapd ( 3617): nl80211: Driver does not support authentication/association or connect commands
06-01 14:40:43.515 I/hostapd ( 3617): nl80211: deinit ifname=wlan1 disabled_11b_rates=0
06-01 14:40:43.517 E/hostapd ( 3617): Could not read interface wlan1 flags: No such device
06-01 14:40:43.517 E/hostapd ( 3617): nl80211 driver initialization failed.
06-01 14:40:43.517 I/hostapd ( 3617): wlan1: interface state UNINITIALIZED->DISABLED
06-01 14:40:43.518 I/hostapd ( 3617): wlan1: AP-DISABLED 
06-01 14:40:43.518 E/hostapd ( 3617): hostapd_free_hapd_data: Interface wlan1 wasn't started
06-01 14:40:43.576 D/ViewRootImpl[StatusBar]( 3379): changeCanvasOpacity: opaque=true
06-01 14:40:43.607 I/ContactsPerf( 3596): VoicemailContentProvider.onCreate start
06-01 14:40:43.652 I/ContactsPerf( 3596): VoicemailContentProvider.onCreate finish
06-01 14:40:43.732 W/System  ( 3596): ClassLoader referenced unknown path: /system/priv-app/BlockedNumberProvider/lib/x86_64
06-01 14:40:43.746 D/ApplicationLoaders( 3596): ignored Vulkan layer search path /system/priv-app/BlockedNumberProvider/lib/x86_64:/system/lib64:/vendor/lib64 for namespace 0x773bd5dfa0f0
06-01 14:40:44.141 W/art     ( 2657): Long monitor contention with owner android.ui (2689) at int com.android.server.wm.WindowManagerService.relayoutWindow(com.android.server.wm.Session, android.view.IWindow, int, android.view.WindowManager$LayoutParams, int, int, int, int, android.graphics.Rect, android.graphics.Rect, android.graphics.Rect, android.graphics.Rect, android.graphics.Rect, android.graphics.Rect, android.graphics.Rect, android.content.res.Configuration, android.view.Surface)(WindowManagerService.java:2857) waiters=0 in void com.android.server.wm.WindowAnimator$1.doFrame(long) for 479ms
06-01 14:40:44.209 W/System  ( 3596): ClassLoader referenced unknown path: /system/app/UserDictionaryProvider/lib/x86_64
06-01 14:40:44.213 D/ApplicationLoaders( 3596): ignored Vulkan layer search path /system/app/UserDictionaryProvider/lib/x86_64:/system/lib64:/vendor/lib64 for namespace 0x773bd5dfa160
06-01 14:40:44.572 W/art     ( 3571): Suspending all threads took: 355.092ms
06-01 14:40:46.095 W/art     ( 2657): Long monitor contention with owner Binder:2657_A (3370) at int com.android.server.wm.WindowManagerService.relayoutWindow(com.android.server.wm.Session, android.view.IWindow, int, android.view.WindowManager$LayoutParams, int, int, int, int, android.graphics.Rect, android.graphics.Rect, android.graphics.Rect, android.graphics.Rect, android.graphics.Rect, android.graphics.Rect, android.graphics.Rect, android.content.res.Configuration, android.view.Surface)(WindowManagerService.java:2857) waiters=0 in void com.android.server.wm.WindowManagerService$H.handleMessage(android.os.Message) for 509ms
06-01 14:40:46.604 W/art     ( 2657): Long monitor contention with owner Binder:2657_9 (3368) at int com.android.server.wm.WindowManagerService.relayoutWindow(com.android.server.wm.Session, android.view.IWindow, int, android.view.WindowManager$LayoutParams, int, int, int, int, android.graphics.Rect, android.graphics.Rect, android.graphics.Rect, android.graphics.Rect, android.graphics.Rect, android.graphics.Rect, android.graphics.Rect, android.content.res.Configuration, android.view.Surface)(WindowManagerService.java:2857) waiters=0 in void com.android.server.wm.WindowManagerService$H.handleMessage(android.os.Message) for 121ms
06-01 14:40:47.221 D/WifiService( 2657): New client listening to asynchronous messages
06-01 14:40:47.749 I/Choreographer( 3379): Skipped 253 frames!  The application may be doing too much work on its main thread.
06-01 14:40:47.928 E/hostapd ( 3624): Configuration file: /system/etc/simulated_hostapd.conf
06-01 14:40:47.971 E/hostapd ( 3624): Could not read interface wlan1 flags: No such device
06-01 14:40:47.972 I/hostapd ( 3624): nl80211: Driver does not support authentication/association or connect commands
06-01 14:40:47.972 I/hostapd ( 3624): nl80211: deinit ifname=wlan1 disabled_11b_rates=0
06-01 14:40:47.973 E/hostapd ( 3624): Could not read interface wlan1 flags: No such device
06-01 14:40:47.973 E/hostapd ( 3624): nl80211 driver initialization failed.
06-01 14:40:47.973 I/hostapd ( 3624): wlan1: interface state UNINITIALIZED->DISABLED
06-01 14:40:47.974 I/hostapd ( 3624): wlan1: AP-DISABLED 
06-01 14:40:47.974 E/hostapd ( 3624): hostapd_free_hapd_data: Interface wlan1 wasn't started
06-01 14:40:48.144 W/ActivityManager( 2657): Slow operation: 498ms so far, now at startProcess: returned from zygote!
06-01 14:40:48.145 W/ActivityManager( 2657): Slow operation: 499ms so far, now at startProcess: done updating battery stats
06-01 14:40:48.146 W/ActivityManager( 2657): Slow operation: 500ms so far, now at startProcess: building log message
06-01 14:40:48.146 I/ActivityManager( 2657): Start proc 3626:com.android.dialer/u0a8 for broadcast com.android.dialer/.calllog.CallLogReceiver
06-01 14:40:48.165 W/ActivityManager( 2657): Slow operation: 520ms so far, now at startProcess: starting to update pids map
06-01 14:40:48.165 W/ActivityManager( 2657): Slow operation: 520ms so far, now at startProcess: done updating pids map
06-01 14:40:48.166 W/ActivityManager( 2657): Slow operation: 526ms so far, now at startProcess: done starting proc!
06-01 14:40:48.166 W/art     ( 2657): Long monitor contention with owner main (2657) at void com.android.server.am.BroadcastQueue.processNextBroadcast(boolean)(BroadcastQueue.java:760) waiters=0 in void com.android.server.am.ActivityManagerService.dispatchUidsChanged() for 521ms
06-01 14:40:48.214 I/RecoverySystem( 2657): No recovery log file
06-01 14:40:48.242 W/art     ( 3626): Unexpected CPU variant for X86 using defaults: x86_64
06-01 14:40:48.441 I/BootReceiver( 2657): Copying audit failures to DropBox
06-01 14:40:48.442 I/BootReceiver( 2657): Checking for fsck errors
06-01 14:40:48.576 E/ipv6proxy( 3623): Failed to get interface flags for wlan1: No such device
06-01 14:40:48.673 D/PhoneStatusBar( 3379): disable: < expand* icons alerts system_info back* home* recent* clock search* quick_settings >
06-01 14:40:48.772 W/ActivityManager( 2657): Slow operation: 57ms so far, now at getContentProviderImpl: after updateOomAdj
06-01 14:40:48.773 W/ActivityManager( 2657): Slow operation: 57ms so far, now at getContentProviderImpl: done!
06-01 14:40:49.104 W/System  ( 3626): ClassLoader referenced unknown path: /system/priv-app/Dialer/lib/x86_64
06-01 14:40:49.142 W/art     ( 2657): Long monitor contention with owner android.display (2699) at void com.android.server.wm.WindowAnimator$1.doFrame(long)(WindowAnimator.java:144) waiters=1 in void com.android.server.wm.WindowManagerService.statusBarVisibilityChanged(int) for 239ms
06-01 14:40:49.146 W/art     ( 2657): Long monitor contention with owner Binder:2657_8 (3366) at int com.android.server.wm.WindowManagerService.relayoutWindow(com.android.server.wm.Session, android.view.IWindow, int, android.view.WindowManager$LayoutParams, int, int, int, int, android.graphics.Rect, android.graphics.Rect, android.graphics.Rect, android.graphics.Rect, android.graphics.Rect, android.graphics.Rect, android.graphics.Rect, android.content.res.Configuration, android.view.Surface)(WindowManagerService.java:2857) waiters=1 in void com.android.server.wm.WindowAnimator$1.doFrame(long) for 219ms
06-01 14:40:49.214 I/ContactLocale( 3596): AddressBook Labels [[en_US]]: [â€¦, A, B, C, D, E, F, G, H, I, J, K, L, M, N, O, P, Q, R, S, T, U, V, W, X, Y, Z, Î‘, Î’, Î“, Î”, Î•, Î–, Î—, Î˜, Î™, Îš, Î›, Îœ, Î, Îž, ÎŸ, Î , Î¡, Î£, Î¤, Î¥, Î¦, Î§, Î¨, Î©, â€¦, Ð, Ð‘, Ð’, Ð“, Ð”, Ð‚, Ð•, Ð„, Ð–, Ð—, Ð˜, Ð†, Ð™, Ðˆ, Ðš, Ð›, Ð‰, Ðœ, Ð, ÐŠ, Ðž, ÐŸ, Ð , Ð¡, Ð¢, Ð‹, Ð£, Ð¤, Ð¥, Ð¦, Ð§, Ð, Ð¨, Ð©, Ð®, Ð¯, â€¦, ×, ×‘, ×’, ×“, ×”, ×•, ×–, ×—, ×˜, ×™, ×›, ×œ, ×ž, × , ×¡, ×¢, ×¤, ×¦, ×§, ×¨, ×©, ×ª, â€¦, Ø§, Ø¨, Øª, Ø«, Ø¬, Ø­, Ø®, Ø¯, Ø°, Ø±, Ø², Ø³, Ø´, Øµ, Ø¶, Ø·, Ø¸, Ø¹, Øº, Ù, Ù‚, Ùƒ, Ù„, Ù…, Ù†, Ù‡, Ùˆ, ÙŠ, â€¦, à¸, à¸‚, à¸ƒ, à¸„, à¸…, à¸†, à¸‡, à¸ˆ, à¸‰, à¸Š, à¸‹, à¸Œ, à¸, à¸Ž, à¸, à¸, à¸‘, à¸’, à¸“, à¸”, à¸•, à¸–, à¸—, à¸˜, à¸™, à¸š, à¸›, à¸œ, à¸, à¸ž, à¸Ÿ, à¸ , à¸¡, à¸¢, à¸£, à¸¤, à¸¥, à¸¦, à¸§, à¸¨, à¸©, à¸ª, à¸«, à¸¬, à¸­, à¸®, â€¦, ã„±, ã„´, ã„·, ã„¹, ã…, ã…‚, ã……, ã…‡, ã…ˆ, ã…Š, ã…‹, ã…Œ, ã…, ã…Ž, â€¦, ã‚, ã‹, ã•, ãŸ, ãª, ã¯, ã¾, ã‚„, ã‚‰, ã‚, #, â€¦]
06-01 14:40:49.259 V/MediaScanner( 3571): pruneDeadThumbnailFiles... android.content.ContentProviderClient$CursorWrapperInner@93278a3
06-01 14:40:49.268 I/Choreographer( 3379): Skipped 90 frames!  The application may be doing too much work on its main thread.
06-01 14:40:49.297 V/MediaScanner( 3571): /pruneDeadThumbnailFiles... android.content.ContentProviderClient$CursorWrapperInner@93278a3
06-01 14:40:50.617 V/MediaScanner( 3571): pruneDeadThumbnailFiles... android.content.ContentProviderClient$CursorWrapperInner@48210c9
06-01 14:40:50.619 V/MediaScanner( 3571): /pruneDeadThumbnailFiles... android.content.ContentProviderClient$CursorWrapperInner@48210c9
06-01 14:40:51.143 D/ExtensionsFactory( 3626): No custom extensions.
06-01 14:40:51.189 D/BlockedNumbersAuto( 3626): Not attempting auto-migrate: already checked once.
06-01 14:40:51.316 D/CarrierConfigLoader( 3139): mHandler: 13 phoneId: 0
06-01 14:40:51.323 D/CarrierConfigLoader( 3139): mHandler: 7 phoneId: 0
06-01 14:40:51.330 E/CarrierConfigLoader( 3139): Cannot restore config with null packageName or iccid.
06-01 14:40:51.330 D/CarrierConfigLoader( 3139): Binding to com.android.carrierconfig for phone 0
06-01 14:40:51.355 W/CountryDetector( 3626): No location permissions, not registering for location updates.
06-01 14:40:51.372 W/ActivityManager( 2657): Slow operation: 54ms so far, now at startProcess: returned from zygote!
06-01 14:40:51.373 W/ActivityManager( 2657): Slow operation: 54ms so far, now at startProcess: done updating battery stats
06-01 14:40:51.373 W/ActivityManager( 2657): Slow operation: 55ms so far, now at startProcess: building log message
06-01 14:40:51.373 I/ActivityManager( 2657): Start proc 3644:com.android.calendar/u0a26 for broadcast com.android.calendar/.alerts.AlertReceiver
06-01 14:40:51.373 W/ActivityManager( 2657): Slow operation: 55ms so far, now at startProcess: starting to update pids map
06-01 14:40:51.373 W/ActivityManager( 2657): Slow operation: 55ms so far, now at startProcess: done updating pids map
06-01 14:40:51.373 W/ActivityManager( 2657): Slow operation: 56ms so far, now at startProcess: done starting proc!
06-01 14:40:51.395 W/art     ( 3644): Unexpected CPU variant for X86 using defaults: x86_64
06-01 14:40:51.454 W/ActivityManager( 2657): Slow operation: 74ms so far, now at startProcess: returned from zygote!
06-01 14:40:51.454 W/ActivityManager( 2657): Slow operation: 75ms so far, now at startProcess: done updating battery stats
06-01 14:40:51.454 W/ActivityManager( 2657): Slow operation: 75ms so far, now at startProcess: building log message
06-01 14:40:51.454 I/ActivityManager( 2657): Start proc 3652:com.android.carrierconfig/u0a3 for service com.android.carrierconfig/.DefaultCarrierConfigService
06-01 14:40:51.454 W/ActivityManager( 2657): Slow operation: 75ms so far, now at startProcess: starting to update pids map
06-01 14:40:51.455 W/ActivityManager( 2657): Slow operation: 75ms so far, now at startProcess: done updating pids map
06-01 14:40:51.455 W/ActivityManager( 2657): Slow operation: 76ms so far, now at startProcess: done starting proc!
06-01 14:40:51.471 W/art     ( 3652): Unexpected CPU variant for X86 using defaults: x86_64
06-01 14:40:51.643 W/System  ( 3644): ClassLoader referenced unknown path: /system/app/Calendar/lib/x86_64
06-01 14:40:51.750 W/System  ( 3652): ClassLoader referenced unknown path: /system/priv-app/CarrierConfig/lib/x86_64
06-01 14:40:51.825 D/DefaultCarrierConfigService( 3652): Service created
06-01 14:40:51.835 D/CarrierConfigLoader( 3139): Connected to config app: com.android.carrierconfig/com.android.carrierconfig.DefaultCarrierConfigService
06-01 14:40:51.835 D/CarrierConfigLoader( 3139): mHandler: 3 phoneId: 0
06-01 14:40:51.842 D/DefaultCarrierConfigService( 3652): Config being fetched
06-01 14:40:51.876 D/DefaultCarrierConfigService( 3652): java.io.FileNotFoundException: carrier_config_.xml
06-01 14:40:51.881 E/CarrierConfigLoader( 3139): Cannot save config with null packageName or iccid.
06-01 14:40:51.896 D/CarrierConfigLoader( 3139): mHandler: 5 phoneId: 0
06-01 14:40:51.909 E/PhoneInterfaceManager( 3139): [PhoneIntfMgr] getCarrierPackageNamesForIntent: No UICC
06-01 14:40:52.054 I/Telecom ( 2657): PhoneAccountRegistrar: SimCallManager queried, returning: null: TSI.gSCMFU@AAc
06-01 14:40:52.067 E/hostapd ( 3675): Configuration file: /system/etc/simulated_hostapd.conf
06-01 14:40:52.089 E/hostapd ( 3675): Could not read interface wlan1 flags: No such device
06-01 14:40:52.090 I/hostapd ( 3675): nl80211: Driver does not support authentication/association or connect commands
06-01 14:40:52.090 I/hostapd ( 3675): nl80211: deinit ifname=wlan1 disabled_11b_rates=0
06-01 14:40:52.096 E/hostapd ( 3675): Could not read interface wlan1 flags: No such device
06-01 14:40:52.097 E/hostapd ( 3675): nl80211 driver initialization failed.
06-01 14:40:52.097 I/hostapd ( 3675): wlan1: interface state UNINITIALIZED->DISABLED
06-01 14:40:52.097 I/hostapd ( 3675): wlan1: AP-DISABLED 
06-01 14:40:52.097 E/hostapd ( 3675): hostapd_free_hapd_data: Interface wlan1 wasn't started
06-01 14:40:52.200 E/ipv6proxy( 3674): Failed to get interface flags for wlan1: No such device
06-01 14:40:52.309 D/ExtensionsFactory( 3644): No custom extensions.
06-01 14:40:52.323 D/AlertReceiver( 3644): onReceive: a=android.intent.action.BOOT_COMPLETED Intent { act=android.intent.action.BOOT_COMPLETED flg=0x9000010 cmp=com.android.calendar/.alerts.AlertReceiver (has extras) }
06-01 14:40:52.349 I/AlarmClock( 3401): AlarmInitReceiver android.intent.action.BOOT_COMPLETED
06-01 14:40:52.391 D/AlertUtils( 3644): Flushing old alerts from shared prefs table
06-01 14:40:52.417 D/AlertService( 3644): 0 Action = android.intent.action.BOOT_COMPLETED
06-01 14:40:52.439 D/AlertService( 3644): Scheduling next alarm with AlarmScheduler. sEventReminderReceived: null
06-01 14:40:52.502 I/ActivityManager( 2657): Start proc 3684:com.android.providers.calendar/u0a2 for content provider com.android.providers.calendar/.CalendarProvider2
06-01 14:40:52.514 W/art     ( 3684): Unexpected CPU variant for X86 using defaults: x86_64
06-01 14:40:52.587 V/AlarmClock( 3401): AlarmInitReceiver finished
06-01 14:40:52.604 W/art     ( 3698): Unexpected CPU variant for X86 using defaults: x86_64
06-01 14:40:52.612 I/ActivityManager( 2657): Start proc 3698:com.android.email/u0a34 for broadcast com.android.email/.service.EmailBroadcastReceiver
06-01 14:40:52.714 W/System  ( 3684): ClassLoader referenced unknown path: /system/priv-app/CalendarProvider/lib/x86_64
06-01 14:40:52.779 W/System  ( 3698): ClassLoader referenced unknown path: /system/app/Email/lib/x86_64
06-01 14:40:53.276 I/CalendarProvider2( 3684): Created com.android.providers.calendar.CalendarAlarmManager@a74b10f(com.android.providers.calendar.CalendarProvider2@23c259c)
06-01 14:40:53.481 D/AlarmScheduler( 3644): No events found starting within 1 week.
06-01 14:40:54.383 I/CalendarProvider2( 3684): Sending notification intent: Intent { act=android.intent.action.PROVIDER_CHANGED dat=content://com.android.calendar flg=0x20000000 }
06-01 14:40:54.385 W/ContentResolver( 3684): Failed to get type for: content://com.android.calendar (Unknown URL content://com.android.calendar)
06-01 14:40:54.640 W/ActivityManager( 2657): Unable to start service Intent { act=com.android.email.EXCHANGE_INTENT pkg=com.android.exchange } U=0: not found
06-01 14:40:54.688 D/ActivityThread( 3698): Loading provider com.android.email.provider;com.android.email.notifier: com.android.email.provider.EmailProvider
06-01 14:40:54.773 W/ActivityManager( 2657): Unable to start service Intent { act=com.android.email.EXCHANGE_INTENT pkg=com.android.exchange } U=0: not found
06-01 14:40:54.789 D/ActivityThread( 3698): Loading provider com.android.email.provider;com.android.email.notifier: com.android.email.provider.EmailProvider
06-01 14:40:54.792 W/ActivityManager( 2657): Unable to start service Intent { act=com.android.email.EXCHANGE_INTENT pkg=com.android.exchange } U=0: not found
06-01 14:40:54.944 W/ActivityManager( 2657): Unable to start service Intent { act=com.android.email.EXCHANGE_INTENT pkg=com.android.exchange } U=0: not found
06-01 14:40:54.949 W/ActivityManager( 2657): Unable to start service Intent { cmp=com.android.email/.service.AttachmentService } U=0: not found
06-01 14:40:55.011 I/Email   ( 3698): Observing account changes for notifications
06-01 14:40:55.017 W/ActivityManager( 2657): Unable to start service Intent { cmp=com.android.email/.service.AttachmentService } U=0: not found
06-01 14:40:55.049 I/SystemBroadcastReceiver( 2883): Boot has been completed
06-01 14:40:55.049 I/SystemBroadcastReceiver( 2883): toggleAppIcon() : FLAG_SYSTEM = true
06-01 14:40:55.109 W/ActivityManager( 2657): Unable to start service Intent { act=com.android.email.EXCHANGE_INTENT pkg=com.android.exchange } U=0: not found
06-01 14:40:55.163 I/ActivityManager( 2657): Start proc 3722:com.android.managedprovisioning/u0a14 for broadcast com.android.managedprovisioning/.BootReminder
06-01 14:40:55.164 W/ActivityManager( 2657): Unable to start service Intent { cmp=com.android.email/.service.AttachmentService } U=0: not found
06-01 14:40:55.201 W/art     ( 3722): Unexpected CPU variant for X86 using defaults: x86_64
06-01 14:40:55.212 W/ActivityManager( 2657): Unable to start service Intent { act=com.android.email.EXCHANGE_INTENT pkg=com.android.exchange } U=0: not found
06-01 14:40:55.232 W/ActivityManager( 2657): Unable to start service Intent { act=com.android.email.EXCHANGE_INTENT pkg=com.android.exchange } U=0: not found
06-01 14:40:55.288 E/ActivityThread( 3698): Service com.android.email.service.EmailBroadcastProcessorService has leaked ServiceConnection com.android.emailcommon.service.ServiceProxy$ProxyConnection@3fce091 that was originally bound here
06-01 14:40:55.288 E/ActivityThread( 3698): android.app.ServiceConnectionLeaked: Service com.android.email.service.EmailBroadcastProcessorService has leaked ServiceConnection com.android.emailcommon.service.ServiceProxy$ProxyConnection@3fce091 that was originally bound here
06-01 14:40:55.288 E/ActivityThread( 3698): 	at android.app.LoadedApk$ServiceDispatcher.<init>(LoadedApk.java:1336)
06-01 14:40:55.288 E/ActivityThread( 3698): 	at android.app.LoadedApk.getServiceDispatcher(LoadedApk.java:1231)
06-01 14:40:55.288 E/ActivityThread( 3698): 	at android.app.ContextImpl.bindServiceCommon(ContextImpl.java:1450)
06-01 14:40:55.288 E/ActivityThread( 3698): 	at android.app.ContextImpl.bindService(ContextImpl.java:1422)
06-01 14:40:55.288 E/ActivityThread( 3698): 	at android.content.ContextWrapper.bindService(ContextWrapper.java:636)
06-01 14:40:55.288 E/ActivityThread( 3698): 	at com.android.emailcommon.service.ServiceProxy.setTask(ServiceProxy.java:181)
06-01 14:40:55.288 E/ActivityThread( 3698): 	at com.android.emailcommon.service.ServiceProxy.test(ServiceProxy.java:224)
06-01 14:40:55.288 E/ActivityThread( 3698): 	at com.android.email.service.EmailServiceUtils.isServiceAvailable(EmailServiceUtils.java:160)
06-01 14:40:55.288 E/ActivityThread( 3698): 	at com.android.email.provider.AccountReconciler.reconcileAccountsInternal(AccountReconciler.java:171)
06-01 14:40:55.288 E/ActivityThread( 3698): 	at com.android.email.provider.AccountReconciler.reconcileAccounts(AccountReconciler.java:115)
06-01 14:40:55.288 E/ActivityThread( 3698): 	at com.android.email.service.EmailBroadcastProcessorService.reconcileAndStartServices(EmailBroadcastProcessorService.java:305)
06-01 14:40:55.288 E/ActivityThread( 3698): 	at com.android.email.service.EmailBroadcastProcessorService.onBootCompleted(EmailBroadcastProcessorService.java:295)
06-01 14:40:55.288 E/ActivityThread( 3698): 	at com.android.email.service.EmailBroadcastProcessorService.onHandleIntent(EmailBroadcastProcessorService.java:130)
06-01 14:40:55.288 E/ActivityThread( 3698): 	at android.app.IntentService$ServiceHandler.handleMessage(IntentService.java:68)
06-01 14:40:55.288 E/ActivityThread( 3698): 	at android.os.Handler.dispatchMessage(Handler.java:102)
06-01 14:40:55.288 E/ActivityThread( 3698): 	at android.os.Looper.loop(Looper.java:154)
06-01 14:40:55.288 E/ActivityThread( 3698): 	at android.os.HandlerThread.run(HandlerThread.java:61)
06-01 14:40:55.289 W/ActivityManager( 2657): Unbind failed: could not find connection for android.os.BinderProxy@5bdd337
06-01 14:40:55.340 W/ActivityManager( 2657): Unable to start service Intent { act=com.android.email.EXCHANGE_INTENT pkg=com.android.exchange } U=0: not found
06-01 14:40:55.420 W/System  ( 3722): ClassLoader referenced unknown path: /system/priv-app/ManagedProvisioning/lib/x86_64
06-01 14:40:55.539 I/art     ( 2657): Background partial concurrent mark sweep GC freed 13015(1158KB) AllocSpace objects, 11(540KB) LOS objects, 29% free, 9MB/13MB, paused 11.900ms total 142.799ms
06-01 14:40:55.580 I/ActivityManager( 2657): Start proc 3737:com.android.messaging/u0a54 for broadcast com.android.messaging/.receiver.BootAndPackageReplacedReceiver
06-01 14:40:55.597 W/art     ( 3737): Unexpected CPU variant for X86 using defaults: x86_64
06-01 14:40:55.688 W/System  ( 3737): ClassLoader referenced unknown path: /system/app/messaging/lib/x86_64
06-01 14:40:57.525 E/hostapd ( 3755): Configuration file: /system/etc/simulated_hostapd.conf
06-01 14:40:57.550 E/ipv6proxy( 3754): Failed to get interface flags for wlan1: No such device
06-01 14:40:57.557 E/hostapd ( 3755): Could not read interface wlan1 flags: No such device
06-01 14:40:57.557 I/hostapd ( 3755): nl80211: Driver does not support authentication/association or connect commands
06-01 14:40:57.558 I/hostapd ( 3755): nl80211: deinit ifname=wlan1 disabled_11b_rates=0
06-01 14:40:57.558 E/hostapd ( 3755): Could not read interface wlan1 flags: No such device
06-01 14:40:57.571 V/VvmBootCompletedRcvr( 3139): processing subId list
06-01 14:40:57.577 E/hostapd ( 3755): nl80211 driver initialization failed.
06-01 14:40:57.577 I/hostapd ( 3755): wlan1: interface state UNINITIALIZED->DISABLED
06-01 14:40:57.577 I/hostapd ( 3755): wlan1: AP-DISABLED 
06-01 14:40:57.577 E/hostapd ( 3755): hostapd_free_hapd_data: Interface wlan1 wasn't started
06-01 14:40:57.612 I/MessagingApp( 3737): Carrier config changed. Reloading MMS config.
06-01 14:40:57.640 E/VvmBootCompletedRcvr( 3139): phone account ComponentInfo{com.android.phone/com.android.services.telephony.TelephonyConnectionService}, [e2f7d48dd2b5ca523e7313cf4ba0f6ea830b6281], UserHandle{0} has invalid subId -1
06-01 14:40:57.688 I/MessagingAppDataModel( 3737): Fixup: Send failed - 0 Download failed - 0
06-01 14:40:57.702 I/art     ( 3684): Waiting for a blocking GC DisableMovingGc
06-01 14:40:57.704 I/art     ( 3684): Starting a blocking GC DisableMovingGc
