04-30 15:29:23.168 I/SystemServiceManager( 2191): Starting com.android.server.connectivity.IpConnectivityMetrics
04-30 15:29:23.232 I/SystemServer( 2191): PinnerService
04-30 15:29:23.232 I/SystemServiceManager( 2191): Starting com.android.server.PinnerService
04-30 15:29:23.236 D/EventHub( 2191): No input device configuration file found for device 'Power Button'.
04-30 15:29:23.242 I/SystemServiceManager( 2191): Starting com.android.server.InputMethodManagerService$Lifecycle
04-30 15:29:23.267 W/EventHub( 2191): Unable to disable kernel key repeat for /dev/input/event0: Function not implemented
04-30 15:29:23.267 I/EventHub( 2191): New device: id=1, fd=91, path='/dev/input/event0', name='Power Button', classes=0x1, configuration='', keyLayout='/system/usr/keylayout/Generic.kl', keyCharacterMap='/system/usr/keychars/Generic.kcm', builtinKeyboard=false, wakeMechanism=EPOLLWAKEUP, usingClockIoctl=true
04-30 15:29:23.304 W/EventHub( 2191): Unable to disable kernel key repeat for /dev/input/event1: Function not implemented
04-30 15:29:23.304 I/EventHub( 2191): New device: id=2, fd=92, path='/dev/input/event1', name='qwerty2', classes=0x95, configuration='/system/usr/idc/qwerty2.idc', keyLayout='/system/usr/keylayout/qwerty.kl', keyCharacterMap='/system/usr/keychars/qwerty2.kcm', builtinKeyboard=true, wakeMechanism=EPOLLWAKEUP, usingClockIoctl=true
04-30 15:29:23.304 E/EventHub( 2191): could not get driver version for /dev/input/mice, Not a typewriter
04-30 15:29:23.448 I/InputReader( 2191): Device added: id=-1, name='Virtual', sources=0x00000301
04-30 15:29:23.483 I/InputReader( 2191):   Touch device 'qwerty2' could not query the properties of its associated display.  The device will be inoperable until the display size becomes available.
04-30 15:29:23.484 I/InputReader( 2191): Device added: id=0, name='qwerty2', sources=0x80001103
04-30 15:29:23.484 I/InputReader( 2191): Device added: id=1, name='Power Button', sources=0x00000101
04-30 15:29:24.462 I/SystemServer( 2191): StartAccessibilityManagerService
04-30 15:29:24.657 I/ActivityManager( 2191): Config changes=1df8 {1.0 ?mcc?mnc [en_US] ldltr sw360dp w360dp h640dp 480dpi nrml long port ?uimode ?night -touch -keyb/v/h -nav/h s.2}
04-30 15:29:24.774 I/ActivityManager( 2191): Config changes=508 {1.0 ?mcc?mnc [en_US] ldltr sw360dp w360dp h568dp 480dpi nrml port ?uimode ?night finger -keyb/v/h -nav/h s.3}
04-30 15:29:24.854 I/SystemServiceManager( 2191): Starting com.android.server.MountService$Lifecycle
04-30 15:29:24.869 I/InputReader( 2191): Reconfiguring input devices.  changes=0x00000004
04-30 15:29:24.869 I/InputReader( 2191): Device reconfigured: id=0, name='qwerty2', size 1080x1920, orientation 0, mode 1, display id 0
04-30 15:29:24.905 I/InputReader( 2191): Reconfiguring input devices.  changes=0x00000004
04-30 15:29:24.974 I/SystemServiceManager( 2191): Starting com.android.server.UiModeManagerService
04-30 15:29:24.979 I/ActivityManager( 2191): Config changes=200 {1.0 ?mcc?mnc [en_US] ldltr sw360dp w360dp h568dp 480dpi nrml port finger -keyb/v/h -nav/h s.4}
04-30 15:29:25.009 D/MountService( 2191): Thinking about init, mSystemReady=false, mDaemonConnected=true
04-30 15:29:25.027 W/PackageManager( 2191): No disk maintenance in 3151231027; running immediately
04-30 15:29:25.028 I/SystemServer( 2191): StartLockSettingsService
04-30 15:29:25.029 D/MountService( 2191): Thinking about reset, mSystemReady=false, mDaemonConnected=true
04-30 15:29:25.029 D/MountService( 2191): Thinking about init, mSystemReady=false, mDaemonConnected=true
04-30 15:29:25.029 D/MountService( 2191): Thinking about reset, mSystemReady=false, mDaemonConnected=true
04-30 15:29:25.036 D/CryptdConnector( 2191): SND -> {1 cryptfs getfield SystemLocale}
04-30 15:29:25.039 I/SystemServiceManager( 2191): Starting com.android.server.LockSettingsService$Lifecycle
04-30 15:29:25.141 I/SystemServiceManager( 2191): Starting com.android.server.DeviceIdleController
04-30 15:29:25.180 I/SystemServiceManager( 2191): Starting com.android.server.devicepolicy.DevicePolicyManagerService$Lifecycle
04-30 15:29:25.186 D/CryptdConnector( 2191): RCV <- {200 1 -1}
04-30 15:29:25.235 W/MountService( 2191): No primary storage mounted!
04-30 15:29:25.235 D/VoldConnector( 2191): SND -> {1 asec list}
04-30 15:29:25.261 D/VoldConnector( 2191): RCV <- {200 1 asec operation succeeded}
04-30 15:29:25.263 I/PackageManager( 2191): No secure containers found
04-30 15:29:25.265 W/PackageManager( 2191): Unknown permission com.google.android.googleapps.permission.GOOGLE_AUTH in package com.android.providers.calendar
04-30 15:29:25.265 W/PackageManager( 2191): Unknown permission com.google.android.googleapps.permission.GOOGLE_AUTH.cl in package com.android.providers.calendar
04-30 15:29:25.266 W/PackageManager( 2191): Not granting permission android.permission.GLOBAL_SEARCH to package com.android.quicksearchbox (protectionLevel=18 flags=0x3808be45)
04-30 15:29:25.267 W/PackageManager( 2191): Not granting permission android.permission.WRITE_EXTERNAL_STORAGE to package gov.nasa.arc.astrobee.android.gs.manager because it was previously installed without
04-30 15:29:25.267 W/PackageManager( 2191): Not granting permission android.permission.READ_EXTERNAL_STORAGE to package gov.nasa.arc.astrobee.android.gs.manager because it was previously installed without
04-30 15:29:25.268 W/PackageManager( 2191): Unknown permission com.android.launcher.permission.READ_SETTINGS in package com.android.launcher3
04-30 15:29:25.268 W/PackageManager( 2191): Unknown permission com.android.launcher.permission.WRITE_SETTINGS in package com.android.launcher3
04-30 15:29:25.268 W/PackageManager( 2191): Not granting permission android.permission.BIND_APPWIDGET to package com.android.launcher3 (protectionLevel=18 flags=0x3c4bbe45)
04-30 15:29:25.268 W/PackageManager( 2191): Unknown permission com.google.android.googleapps.permission.GOOGLE_AUTH.mail in package com.android.calendar
04-30 15:29:25.268 W/PackageManager( 2191): Unknown permission com.google.android.providers.settings.permission.WRITE_GSETTINGS in package com.android.sdksetup
04-30 15:29:25.269 W/PackageManager( 2191): Unknown permission com.google.android.permission.INSTALL_WEARABLE_PACKAGES in package com.android.packageinstaller
04-30 15:29:25.269 W/PackageManager( 2191): Not granting permission android.permission.DELETE_PACKAGES to package com.svox.pico (protectionLevel=18 flags=0x3808be45)
04-30 15:29:25.269 W/PackageManager( 2191): Not granting permission android.permission.READ_CONTACTS to package com.example.android.apis because it was previously installed without
04-30 15:29:25.269 W/PackageManager( 2191): Not granting permission android.permission.WRITE_CONTACTS to package com.example.android.apis because it was previously installed without
04-30 15:29:25.270 W/PackageManager( 2191): Not granting permission android.permission.ACCESS_COARSE_LOCATION to package com.example.android.apis because it was previously installed without
04-30 15:29:25.282 W/PackageManager( 2191): Not granting permission android.permission.WRITE_EXTERNAL_STORAGE to package com.example.android.apis because it was previously installed without
04-30 15:29:25.283 W/PackageManager( 2191): Not granting permission android.permission.SEND_SMS to package com.example.android.apis because it was previously installed without
04-30 15:29:25.283 W/PackageManager( 2191): Not granting permission android.permission.RECEIVE_SMS to package com.example.android.apis because it was previously installed without
04-30 15:29:25.283 W/PackageManager( 2191): Not granting permission android.permission.RECEIVE_MMS to package com.example.android.apis because it was previously installed without
04-30 15:29:25.283 W/PackageManager( 2191): Not granting permission android.permission.READ_SMS to package com.example.android.apis because it was previously installed without
04-30 15:29:25.283 W/PackageManager( 2191): Not granting permission android.permission.READ_PHONE_STATE to package com.example.android.apis because it was previously installed without
04-30 15:29:25.283 W/PackageManager( 2191): Not granting permission android.permission.RECORD_AUDIO to package com.example.android.apis because it was previously installed without
04-30 15:29:25.283 W/PackageManager( 2191): Not granting permission android.permission.CAMERA to package com.example.android.apis because it was previously installed without
04-30 15:29:25.283 W/PackageManager( 2191): Not granting permission android.permission.READ_EXTERNAL_STORAGE to package com.example.android.apis because it was previously installed without
04-30 15:29:25.283 W/PackageManager( 2191): Unknown permission android.permission.RUN_INSTRUMENTATION in package org.chromium.webview_shell
04-30 15:29:25.284 W/PackageManager( 2191): Unknown permission com.google.android.googleapps.permission.GOOGLE_AUTH in package com.android.settings
04-30 15:29:25.284 W/PackageManager( 2191): Unknown permission com.android.launcher.permission.READ_SETTINGS in package com.android.settings
04-30 15:29:25.284 W/PackageManager( 2191): Unknown permission com.android.launcher.permission.WRITE_SETTINGS in package com.android.settings
04-30 15:29:25.285 W/PackageManager( 2191): Unknown permission com.android.smspush.WAPPUSH_MANAGER_BIND in package com.android.phone
04-30 15:29:25.286 W/PackageManager( 2191): Unknown permission com.google.android.googleapps.permission.ACCESS_GOOGLE_PASSWORD in package com.android.development
04-30 15:29:25.286 W/PackageManager( 2191): Unknown permission com.google.android.googleapps.permission.GOOGLE_AUTH in package com.android.development
04-30 15:29:25.286 W/PackageManager( 2191): Unknown permission com.google.android.googleapps.permission.GOOGLE_AUTH.ALL_SERVICES in package com.android.development
04-30 15:29:25.286 W/PackageManager( 2191): Unknown permission com.google.android.googleapps.permission.GOOGLE_AUTH.YouTubeUser in package com.android.development
04-30 15:29:25.286 W/PackageManager( 2191): Not granting permission android.permission.BIND_APPWIDGET to package com.android.widgetpreview (protectionLevel=18 flags=0x3808be44)
04-30 15:29:25.386 W/UsageStatsService( 2191): User[0] Some stats have no latest available
04-30 15:29:25.428 I/UsageStatsService( 2191): User[0] Rollover scheduled @ 2021-05-01 15:29:24(1619882964670)
04-30 15:29:25.918 W/art     ( 2191): Long monitor contention with owner MountService (2340) at void com.android.server.pm.PackageManagerService.loadMediaPackages(android.util.ArrayMap, int[], boolean)(PackageManagerService.java:19317) waiters=0 in boolean com.android.server.pm.PackageManagerService.hasSystemFeature(java.lang.String, int) for 633ms
04-30 15:29:25.954 I/SystemServer( 2191): StartStatusBarManagerService
04-30 15:29:25.971 W/MountService( 2191): No primary storage defined yet; hacking together a stub
04-30 15:29:25.982 W/MountService( 2191): No primary storage defined yet; hacking together a stub
04-30 15:29:26.000 I/SystemServer( 2191): StartClipboardService
04-30 15:29:26.055 I/SystemServer( 2191): StartNetworkManagementService
04-30 15:29:26.101 W/MountService( 2191): No primary storage mounted!
04-30 15:29:26.102 D/VoldConnector( 2191): SND -> {2 asec list}
04-30 15:29:26.104 D/VoldConnector( 2191): RCV <- {200 2 asec operation succeeded}
04-30 15:29:26.106 I/MountService( 2191): Running fstrim idle maintenance
04-30 15:29:26.107 D/VoldConnector( 2191): SND -> {3 fstrim dotrim}
04-30 15:29:26.148 D/VoldConnector( 2191): RCV <- {200 3 Command succeeded}
04-30 15:29:26.150 I/NetworkManagement( 2191): onDaemonConnected()
04-30 15:29:26.158 D/vold    ( 1270): Starting trim of /cache
04-30 15:29:26.159 W/vold    ( 1270): Trim failed on /cache: Operation not supported on transport endpoint
04-30 15:29:26.189 I/SystemServiceManager( 2191): Starting com.android.server.TextServicesManagerService$Lifecycle
04-30 15:29:26.199 D/vold    ( 1270): Starting trim of /data
04-30 15:29:26.199 W/vold    ( 1270): Trim failed on /data: Operation not supported on transport endpoint
04-30 15:29:26.202 D/VoldConnector( 2191): RCV <- {662 /cache -1 -1}
04-30 15:29:26.205 D/VoldConnector( 2191): RCV <- {662 /data -1 -1}
04-30 15:29:26.215 I/SystemServer( 2191): StartNetworkScoreService
04-30 15:29:26.244 I/SystemServer( 2191): StartNetworkStatsService
04-30 15:29:26.243 E/VoldConnector( 2191): Error handling '662 /cache -1 -1': java.lang.NullPointerException: Attempt to invoke virtual method 'void android.os.DropBoxManager.addText(java.lang.String, java.lang.String)' on a null object reference
04-30 15:29:26.273 E/VoldConnector( 2191): Error handling '662 /data -1 -1': java.lang.NullPointerException: Attempt to invoke virtual method 'void android.os.DropBoxManager.addText(java.lang.String, java.lang.String)' on a null object reference
04-30 15:29:26.373 I/SystemServer( 2191): StartNetworkPolicyManagerService
04-30 15:29:26.425 I/SystemServer( 2191): No Wi-Fi NAN Service (NAN support Not Present)
04-30 15:29:26.459 I/art     ( 2191): Background sticky concurrent mark sweep GC freed 34374(2MB) AllocSpace objects, 20(400KB) LOS objects, 26% free, 8MB/10MB, paused 3.146ms total 226.169ms
04-30 15:29:26.903 W/art     ( 2191): Verification of void com.android.server.wifi.p2p.WifiP2pService.<init>(android.content.Context) took 232.450ms
04-30 15:29:26.906 I/SystemServiceManager( 2191): Starting com.android.server.wifi.p2p.WifiP2pService
04-30 15:29:27.225 I/WifiP2pService( 2191): Registering wifip2p
04-30 15:29:27.246 I/SystemServiceManager( 2191): Starting com.android.server.wifi.WifiService
04-30 15:29:28.008 D/HS20    ( 2191): Passpoint is disabled
04-30 15:29:28.141 D/CommandListener( 1335): Clearing all IP addresses on wlan0
04-30 15:29:28.384 D/WifiApConfigStore( 2191): 2G band allowed channels are:1,6,11
04-30 15:29:28.392 E/WifiLogger( 2191): no ring buffers found
04-30 15:29:28.392 E/WifiLogger( 2191): Failed to start packet fate monitoring
04-30 15:29:28.466 D/WifiController( 2191): isAirplaneModeOn = true, isWifiEnabled = false, isScanningAvailable = false
04-30 15:29:28.522 I/WifiService( 2191): Registering wifi
04-30 15:29:28.542 I/SystemServiceManager( 2191): Starting com.android.server.wifi.scanner.WifiScanningService
04-30 15:29:28.542 I/WifiScanningService( 2191): Creating wifiscanner
04-30 15:29:28.561 I/WifiScanningService( 2191): Publishing wifiscanner
04-30 15:29:28.565 I/SystemServiceManager( 2191): Starting com.android.server.wifi.RttService
04-30 15:29:28.580 I/RttService( 2191): Creating rttmanager
04-30 15:29:28.583 I/RttService( 2191): Starting rttmanager
04-30 15:29:28.585 I/SystemServer( 2191): StartConnectivityService
04-30 15:29:28.630 D/ConnectivityService( 2191): ConnectivityService starting up
04-30 15:29:28.663 D/ConnectivityService( 2191): wifiOnly=false
04-30 15:29:28.727 I/SystemServer( 2191): StartNsdService
04-30 15:29:28.768 I/SystemServer( 2191): StartUpdateLockService
04-30 15:29:28.792 I/SystemServiceManager( 2191): Starting com.android.server.RecoverySystemService
04-30 15:29:28.801 I/SystemServiceManager( 2191): Starting com.android.server.notification.NotificationManagerService
04-30 15:29:28.942 D/ConditionProviders.SCP( 2191): new ScheduleConditionProvider()
04-30 15:29:28.977 D/ZenLog  ( 2191): config: readXml,ZenModeConfig[user=0,allowCalls=true,allowRepeatCallers=false,allowMessages=false,allowCallsFrom=contacts,allowMessagesFrom=contacts,allowReminders=true,allowEvents=true,allowWhenScreenOff=true,allowWhenScreenOn=true,automaticRules={370bd6672ef541ba946db9ac4aef0faf=ZenRule[enabled=false,snoozing=false,name=Weeknight,zenMode=ZEN_MODE_ALARMS,conditionId=condition://android/schedule?days=1.2.3.4.5&start=22.0&end=7.0&exitAtAlarm=false,condition=Condition[id=condition://android/schedule?days=1.2.3.4.5&start=22.0&end=7.0&exitAtAlarm=false,summary=...,line1=...,line2=...,icon=0,state=STATE_FALSE,flags=2],component=ComponentInfo{android/com.android.server.notification.ScheduleConditionProvider},id=370bd6672ef541ba946db9ac4aef0faf,creationTime=1590622727817,enabler=null], a53ffdf89c814123a52adbdd46bc948d=ZenRule[enabled=false,snoozing=false,name=Weekend,zenMode=ZEN_MODE_ALARMS,conditionId=condition://android/schedule?days=6.7&start=23.30&end=10.0&exitAtAlarm=false,condition=Condition[id=condition://android/schedule?days=6.7&start=23.30&end=10.0&exitAtAlarm=false,summary=...,line1=...,line2=...,icon=0,state=STATE_FALSE,flags=2],component=ComponentInfo{android/com.android.server.notification.ScheduleConditionProvider},id=a53ffdf89c814123a52adbdd46bc948d,creationTime=1590622727818,enabler=null], fc8bb1aacabb4877a1d1d167106f6e77=ZenRule[enabled=false,snoozing=false,name=Event,zenMode=ZEN_MODE_ALARMS,conditionId=condition://android/event?userId=-10000&calendar=&reply=1,condition=Condition[id=condition://android/event?userId=-10000&calendar=&reply=1,summary=...,line1=...,line2=...,icon=0,state=STATE_FALSE,flags=2],component=ComponentInfo{android/com.android.server.notification.EventConditionProvider},id=fc8bb1aacabb4877a1d1d167106f6e77,creationTime=1590622727822,enabler=null]},manualRule=null],Diff[automaticRule[370bd6672ef541ba946db9ac4aef0faf]:insert,automaticRule[9433376a600c4b6dab04ec10f78f6f2e]:delete,automaticRule[a53ffdf89c814123a52adbdd46bc948d]:insert,automaticRule[795203f959d94f92b706365c2553a42b]:delete,automaticRule[fc8bb1aacabb4877a1d1d167106f6e77]:insert,automaticRule[32a2c789864d48c5848bfaee0b72ffd4]:delete]
04-30 15:29:29.074 D/ZenLog  ( 2191): set_zen_mode: off,init
04-30 15:29:29.092 I/SystemServiceManager( 2191): Starting com.android.server.storage.DeviceStorageMonitorService
04-30 15:29:29.116 I/SystemServer( 2191): StartLocationManagerService
04-30 15:29:29.196 I/SystemServer( 2191): StartCountryDetectorService
04-30 15:29:29.203 I/SystemServer( 2191): StartSearchManagerService
04-30 15:29:29.203 I/SystemServiceManager( 2191): Starting com.android.server.search.SearchManagerService$Lifecycle
04-30 15:29:29.220 I/SystemServiceManager( 2191): Starting com.android.server.DropBoxManagerService
04-30 15:29:29.225 I/SystemServer( 2191): StartWallpaperManagerService
04-30 15:29:29.226 I/SystemServiceManager( 2191): Starting com.android.server.wallpaper.WallpaperManagerService$Lifecycle
04-30 15:29:29.244 E/BitmapFactory( 2191): Unable to decode stream: java.io.FileNotFoundException: /data/system/users/0/wallpaper_orig (No such file or directory)
04-30 15:29:29.244 E/WallpaperManagerService( 2191): Invalid wallpaper data
04-30 15:29:29.245 E/WallpaperManagerService( 2191): Unable to apply new wallpaper
04-30 15:29:29.271 I/SystemServer( 2191): StartAudioService
04-30 15:29:29.272 I/SystemServiceManager( 2191): Starting com.android.server.audio.AudioService$Lifecycle
04-30 15:29:29.391 W/TelecomManager( 2191): Telecom Service not found.
04-30 15:29:29.427 D/PermissionCache( 1326): checking android.permission.MODIFY_AUDIO_SETTINGS for uid=1000 => granted (3793 us)
04-30 15:29:29.566 W/AudioFlinger( 1326): no wake lock to update, system not ready yet
04-30 15:29:29.743 I/SystemServiceManager( 2191): Starting com.android.server.DockObserver
04-30 15:29:29.745 W/DockObserver( 2191): This kernel does not have dock station support
04-30 15:29:29.756 I/SystemServer( 2191): StartWiredAccessoryManager
04-30 15:29:29.772 W/WiredAccessoryManager( 2191): This kernel does not have usb audio support
04-30 15:29:29.773 W/WiredAccessoryManager( 2191): This kernel does not have HDMI audio support
04-30 15:29:29.774 I/SystemServiceManager( 2191): Starting com.android.server.midi.MidiService$Lifecycle
04-30 15:29:29.801 I/SystemServiceManager( 2191): Starting com.android.server.usb.UsbService$Lifecycle
04-30 15:29:29.869 I/SystemServer( 2191): StartSerialService
04-30 15:29:29.883 E/HardwarePropertiesManagerService-JNI( 2191): Couldn't load thermal module (No such file or directory)
04-30 15:29:29.885 I/SystemServiceManager( 2191): Starting com.android.server.twilight.TwilightService
04-30 15:29:29.887 I/SystemServiceManager( 2191): Starting com.android.server.job.JobSchedulerService
04-30 15:29:29.993 I/SystemServiceManager( 2191): Starting com.android.server.soundtrigger.SoundTriggerService
04-30 15:29:30.002 I/SystemServiceManager( 2191): Starting com.android.server.backup.BackupManagerService$Lifecycle
04-30 15:29:30.042 I/SystemServiceManager( 2191): Starting com.android.server.appwidget.AppWidgetService
04-30 15:29:30.138 I/SystemServiceManager( 2191): Starting com.android.server.voiceinteraction.VoiceInteractionManagerService
04-30 15:29:30.182 I/SystemServer( 2191): Gesture Launcher Service
04-30 15:29:30.182 I/SystemServiceManager( 2191): Starting com.android.server.GestureLauncherService
04-30 15:29:30.184 I/SystemServiceManager( 2191): Starting com.android.server.SensorNotificationService
04-30 15:29:30.184 I/SystemServiceManager( 2191): Starting com.android.server.ContextHubSystemService
04-30 15:29:30.191 E/ContextHubService( 2191): ** Could not load context_hub module : err No such file or directory
04-30 15:29:30.192 W/ContextHubService( 2191): No Context Hub Module present
04-30 15:29:30.192 I/SystemServer( 2191): StartDiskStatsService
04-30 15:29:30.195 I/SystemServer( 2191): StartSamplingProfilerService
04-30 15:29:30.246 I/SystemServer( 2191): StartNetworkTimeUpdateService
04-30 15:29:30.257 I/SystemServer( 2191): StartCommonTimeManagementService
04-30 15:29:30.281 I/SystemServer( 2191): CertBlacklister
04-30 15:29:30.292 I/SystemServiceManager( 2191): Starting com.android.server.emergency.EmergencyAffordanceService
04-30 15:29:30.295 I/SystemServiceManager( 2191): Starting com.android.server.dreams.DreamManagerService
04-30 15:29:30.319 I/SystemServer( 2191): StartAssetAtlasService
04-30 15:29:30.394 D/AssetAtlas( 2191): Loaded configuration: SliceMinArea (1280x896) flags=0x2 count=91
04-30 15:29:30.397 I/SystemServiceManager( 2191): Starting com.android.server.print.PrintManagerService
04-30 15:29:30.407 I/SystemServiceManager( 2191): Starting com.android.server.restrictions.RestrictionsManagerService
04-30 15:29:30.453 I/SystemServiceManager( 2191): Starting com.android.server.media.MediaSessionService
04-30 15:29:30.476 I/SystemServer( 2191): StartMediaRouterService
04-30 15:29:30.501 I/SystemServiceManager( 2191): Starting com.android.server.trust.TrustManagerService
04-30 15:29:30.527 I/SystemServiceManager( 2191): Starting com.android.server.fingerprint.FingerprintService
04-30 15:29:30.538 D/gralloc_ranchu( 2191): Emulator without host-side GPU emulation detected. Loading gralloc.default.so from /vendor/lib64/hw/gralloc.goldfish.default.so...
04-30 15:29:30.585 D/PermissionCache( 1338): checking android.permission.MANAGE_FINGERPRINT for uid=1000 => granted (27838 us)
04-30 15:29:30.588 V/fingerprintd( 1338): nativeOpenHal()
04-30 15:29:30.601 D/gralloc_ranchu( 2191): gralloc.default.so not found in /vendor. Trying /system/lib64/hw/gralloc.goldfish.default.so...
04-30 15:29:30.665 D/FingerprintHal( 1338): ----------------> fingerprint_open ----------------->
04-30 15:29:30.667 E/fingerprintd( 1338): Wrong fp version. Expected 512, got 513
04-30 15:29:30.667 D/FingerprintHal( 1338): ----------------> set_notify_callback ----------------->
04-30 15:29:30.667 D/FingerprintHal( 1338): fingerprint callback notification set
04-30 15:29:30.667 V/fingerprintd( 1338): fingerprint HAL successfully initialized
04-30 15:29:30.669 D/FingerprintHal( 1338): ----------------> listenerFunction ----------------->
04-30 15:29:30.686 V/fingerprintd( 1338): setActiveGroup(0, /data/system/users/0/fpdata, 27)
04-30 15:29:30.686 D/FingerprintHal( 1338): ----------------> fingerprint_set_active_group -----------------> path /data/system/users/0/fpdata
04-30 15:29:30.686 D/FingerprintHal( 1338): ----------------> loadFingerprints ----------------->
04-30 15:29:30.686 E/FingerprintHal( 1338): Could not load fingerprints from storage at /data/system/users/0/fpdata/emufp.bin; it has not yet been created.
04-30 15:29:30.687 D/FingerprintHal( 1338): ----------------> loadAuthenticatorId ----------------->
04-30 15:29:30.690 D/FingerprintHal( 1338): Read authenticator id (0x6b8b4567327b23c6)
04-30 15:29:30.691 D/FingerprintHal( 1338): ----------------> fingerprint_get_auth_id ----------------->
04-30 15:29:30.691 D/FingerprintHal( 1338): ----------------> fingerprint_get_auth_id auth id 6b8b4567327b23c6----------------->
04-30 15:29:30.692 V/FingerprintService( 2191): Fingerprint HAL id: 124824234278912
04-30 15:29:30.695 I/SystemServer( 2191): StartBackgroundDexOptService
04-30 15:29:30.702 I/SystemServiceManager( 2191): Starting com.android.server.pm.ShortcutService$Lifecycle
04-30 15:29:30.764 I/SystemServiceManager( 2191): Starting com.android.server.pm.LauncherAppsService
04-30 15:29:30.788 I/SystemServiceManager( 2191): Starting com.android.server.media.projection.MediaProjectionManagerService
04-30 15:29:30.807 V/MediaRouter( 2191): Adding route: RouteInfo{ name=Phone, description=null, status=null, category=RouteCategory{ name=null types=ROUTE_TYPE_LIVE_AUDIO ROUTE_TYPE_LIVE_VIDEO  groupable=false }, supportedTypes=ROUTE_TYPE_LIVE_AUDIO ROUTE_TYPE_LIVE_VIDEO , presentationDisplay=null }
04-30 15:29:30.859 V/MediaRouter( 2191): Updating audio routes: AudioRoutesInfo{ type=SPEAKER }
04-30 15:29:30.867 V/MediaRouter( 2191): Selecting route: RouteInfo{ name=Phone, description=null, status=null, category=RouteCategory{ name=null types=ROUTE_TYPE_LIVE_AUDIO ROUTE_TYPE_LIVE_VIDEO  groupable=false }, supportedTypes=ROUTE_TYPE_LIVE_AUDIO ROUTE_TYPE_LIVE_VIDEO , presentationDisplay=null }
04-30 15:29:30.922 I/WindowManager( 2191): SAFE MODE not enabled
04-30 15:29:30.923 I/SystemServiceManager( 2191): Starting com.android.server.MmsServiceBroker
04-30 15:29:30.928 W/AssetAtlasService( 2191): Could not find EGL configuration
04-30 15:29:30.945 W/VibratorService( 2191): Tried to stop vibrating but there is no vibrator device.
04-30 15:29:30.951 D/AssetAtlas( 2191): Rendered atlas in 274.97ms (234.79+40.18ms)
04-30 15:29:31.089 I/art     ( 2191): Background partial concurrent mark sweep GC freed 19502(1502KB) AllocSpace objects, 6(120KB) LOS objects, 24% free, 12MB/16MB, paused 42.066ms total 452.537ms
04-30 15:29:31.458 E/LockSettingsStorage( 2191): Cannot read file java.io.FileNotFoundException: /data/system/gatekeeper.password.key: open failed: ENOENT (No such file or directory)
04-30 15:29:31.459 E/LockSettingsStorage( 2191): Cannot read file java.io.FileNotFoundException: /data/system/password.key: open failed: ENOENT (No such file or directory)
04-30 15:29:31.468 E/LockSettingsStorage( 2191): Cannot read file java.io.FileNotFoundException: /data/system/gatekeeper.pattern.key: open failed: ENOENT (No such file or directory)
04-30 15:29:31.469 E/LockSettingsStorage( 2191): Cannot read file java.io.FileNotFoundException: /data/system/gatekeeper.gesture.key: open failed: ENOENT (No such file or directory)
04-30 15:29:31.473 E/LockSettingsStorage( 2191): Cannot read file java.io.FileNotFoundException: /data/system/gesture.key: open failed: ENOENT (No such file or directory)
04-30 15:29:31.473 I/SystemServiceManager( 2191): Starting phase 480
04-30 15:29:31.569 I/DevicePolicyManagerService( 2191): Set ro.device_owner property to false
04-30 15:29:31.682 I/SystemServiceManager( 2191): Starting phase 500
04-30 15:29:31.697 D/ConnectivityMetricsLoggerService( 2191): onBootPhase: PHASE_SYSTEM_SERVICES_READY
04-30 15:29:31.861 I/WifiService( 2191): WifiService starting up with Wi-Fi disabled
04-30 15:29:31.907 I/WifiScanningService( 2191): Starting wifiscanner
04-30 15:29:31.964 I/RttService( 2191): Registering rttmanager
04-30 15:29:32.029 D/ZenLog  ( 2191): config: cleanUpZenRules,ZenModeConfig[user=0,allowCalls=true,allowRepeatCallers=false,allowMessages=false,allowCallsFrom=contacts,allowMessagesFrom=contacts,allowReminders=true,allowEvents=true,allowWhenScreenOff=true,allowWhenScreenOn=true,automaticRules={370bd6672ef541ba946db9ac4aef0faf=ZenRule[enabled=false,snoozing=false,name=Weeknight,zenMode=ZEN_MODE_ALARMS,conditionId=condition://android/schedule?days=1.2.3.4.5&start=22.0&end=7.0&exitAtAlarm=false,condition=Condition[id=condition://android/schedule?days=1.2.3.4.5&start=22.0&end=7.0&exitAtAlarm=false,summary=...,line1=...,line2=...,icon=0,state=STATE_FALSE,flags=2],component=ComponentInfo{android/com.android.server.notification.ScheduleConditionProvider},id=370bd6672ef541ba946db9ac4aef0faf,creationTime=1590622727817,enabler=null], a53ffdf89c814123a52adbdd46bc948d=ZenRule[enabled=false,snoozing=false,name=Weekend,zenMode=ZEN_MODE_ALARMS,conditionId=condition://android/schedule?days=6.7&start=23.30&end=10.0&exitAtAlarm=false,condition=Condition[id=condition://android/schedule?days=6.7&start=23.30&end=10.0&exitAtAlarm=false,summary=...,line1=...,line2=...,icon=0,state=STATE_FALSE,flags=2],component=ComponentInfo{android/com.android.server.notification.ScheduleConditionProvider},id=a53ffdf89c814123a52adbdd46bc948d,creationTime=1590622727818,enabler=null], fc8bb1aacabb4877a1d1d167106f6e77=ZenRule[enabled=false,snoozing=false,name=Event,zenMode=ZEN_MODE_ALARMS,conditionId=condition://android/event?userId=-10000&calendar=&reply=1,condition=Condition[id=condition://android/event?userId=-10000&calendar=&reply=1,summary=...,line1=...,line2=...,icon=0,state=STATE_FALSE,flags=2],component=ComponentInfo{android/com.android.server.notification.EventConditionProvider},id=fc8bb1aacabb4877a1d1d167106f6e77,creationTime=1590622727822,enabler=null]},manualRule=null],Diff[]
04-30 15:29:32.040 D/ZenLog  ( 2191): set_zen_mode: off,onSystemReady
04-30 15:29:32.048 D/PermissionCache( 1326): checking android.permission.CAPTURE_AUDIO_HOTWORD for uid=1000 => granted (815 us)
04-30 15:29:32.061 W/SoundTriggerHelper( 2191): listModules status=0, # of modules=0
04-30 15:29:32.061 D/ContextHubSystemService( 2191): onBootPhase: PHASE_SYSTEM_SERVICES_READY
04-30 15:29:32.171 W/ProcessCpuTracker( 2191): Skipping unknown process pid 2382
04-30 15:29:32.353 W/KeyguardServiceDelegate( 2191): onScreenTurningOn(): no keyguard service!
04-30 15:29:32.467 V/UserManagerService( 2191): Found /data/user_de/0 with serial number 0
04-30 15:29:32.468 V/UserManagerService( 2191): Found /data/user/0 with serial number 0
04-30 15:29:32.530 V/UserManagerService( 2191): Found /data/system_de/0 with serial number 0
04-30 15:29:32.531 V/UserManagerService( 2191): Found /data/system_ce/0 with serial number 0
04-30 15:29:32.766 I/ActivityManager( 2191): System now ready
04-30 15:29:32.815 I/SystemServer( 2191): Making services ready
04-30 15:29:32.816 I/SystemServiceManager( 2191): Starting phase 550
04-30 15:29:33.125 E/InputMethodManagerService( 2191): Ignoring updateSystemUiLocked due to an invalid token. uid:1000 token:null
04-30 15:29:33.401 W/WindowManager( 2191): Keyguard drawn timeout. Setting mKeyguardDrawComplete
04-30 15:29:33.844 I/Zygote  ( 2191): Process: zygote socket opened, supported ABIS: x86_64
04-30 15:29:33.943 W/ActivityManager( 2191): Slow operation: 212ms so far, now at startProcess: returned from zygote!
04-30 15:29:33.944 W/ActivityManager( 2191): Slow operation: 213ms so far, now at startProcess: done updating battery stats
04-30 15:29:33.945 W/ActivityManager( 2191): Slow operation: 214ms so far, now at startProcess: building log message
04-30 15:29:33.945 I/ActivityManager( 2191): Start proc 2393:com.android.inputmethod.latin/u0a41 for service com.android.inputmethod.latin/.LatinIME
04-30 15:29:33.945 W/ActivityManager( 2191): Slow operation: 214ms so far, now at startProcess: starting to update pids map
04-30 15:29:33.946 W/ActivityManager( 2191): Slow operation: 215ms so far, now at startProcess: done updating pids map
04-30 15:29:33.946 W/ActivityManager( 2191): Slow operation: 216ms so far, now at startProcess: done starting proc!
04-30 15:29:33.946 V/InputMethodManagerService( 2191): Adding window token: android.os.Binder@6f546b8
04-30 15:29:33.948 D/MountService( 2191): Thinking about init, mSystemReady=true, mDaemonConnected=true
04-30 15:29:33.949 D/MountService( 2191): Setting up emulation state, initlocked=false
04-30 15:29:33.949 D/CryptdConnector( 2191): SND -> {2 cryptfs unlock_user_key 0 0 ! !}
04-30 15:29:33.955 E/BitmapFactory( 2191): Unable to decode stream: java.io.FileNotFoundException: /data/system/users/0/wallpaper_orig (No such file or directory)
04-30 15:29:33.955 E/WallpaperManagerService( 2191): Invalid wallpaper data
04-30 15:29:33.955 E/WallpaperManagerService( 2191): Unable to apply new wallpaper
04-30 15:29:33.960 W/art     ( 2191): Long monitor contention with owner main (2191) at int com.android.server.am.ActivityManagerService.bindService(android.app.IApplicationThread, android.os.IBinder, android.content.Intent, java.lang.String, android.app.IServiceConnection, int, java.lang.String, int)(ActivityManagerService.java:17301) waiters=0 in void com.android.server.am.ActivityManagerService.dispatchUidsChanged() for 201ms
04-30 15:29:33.968 D/vold    ( 1270): e4crypt_unlock_user_key 0 serial=0 token_present=0
04-30 15:29:33.969 D/CryptdConnector( 2191): RCV <- {200 2 Command succeeded}
04-30 15:29:34.067 D/MountService( 2191): Thinking about reset, mSystemReady=true, mDaemonConnected=true
04-30 15:29:34.069 D/VoldConnector( 2191): SND -> {4 volume reset}
04-30 15:29:34.071 I/ActivityManager( 2191): Force stopping com.android.providers.media appid=10010 user=-1: vold reset
04-30 15:29:34.103 D/vold    ( 1270): Recognized experimental block major ID 253 as virtio-blk (emulator's virtual SD card device)
04-30 15:29:34.104 V/vold    ( 1270): /system/bin/sgdisk
04-30 15:29:34.104 V/vold    ( 1270):     --android-dump
04-30 15:29:34.104 V/vold    ( 1270):     /dev/block/vold/disk:253,48
04-30 15:29:34.106 D/VoldConnector( 2191): RCV <- {651 emulated 7}
04-30 15:29:34.107 D/VoldConnector( 2191): RCV <- {659 emulated}
04-30 15:29:34.108 D/VoldConnector( 2191): RCV <- {650 emulated 2 "" ""}
04-30 15:29:34.109 D/VoldConnector( 2191): RCV <- {651 emulated 0}
04-30 15:29:34.126 V/MountService( 2191): Found primary storage at VolumeInfo{emulated}:
04-30 15:29:34.126 V/MountService( 2191):     type=EMULATED diskId=null partGuid=null mountFlags=0 mountUserId=-1 
04-30 15:29:34.126 V/MountService( 2191):     state=UNMOUNTED 
04-30 15:29:34.126 V/MountService( 2191):     fsType=null fsUuid=null fsLabel=null 
04-30 15:29:34.126 V/MountService( 2191):     path=null internalPath=null 
04-30 15:29:34.140 W/ActivityManager( 2191): Slow operation: 57ms so far, now at startProcess: returned from zygote!
04-30 15:29:34.141 W/ActivityManager( 2191): Slow operation: 58ms so far, now at startProcess: done updating battery stats
04-30 15:29:34.141 W/ActivityManager( 2191): Slow operation: 58ms so far, now at startProcess: building log message
04-30 15:29:34.141 I/ActivityManager( 2191): Start proc 2399:com.android.systemui/u0a21 for service com.android.systemui/.ImageWallpaper
04-30 15:29:34.141 W/ActivityManager( 2191): Slow operation: 58ms so far, now at startProcess: starting to update pids map
04-30 15:29:34.141 W/ActivityManager( 2191): Slow operation: 58ms so far, now at startProcess: done updating pids map
04-30 15:29:34.141 W/ActivityManager( 2191): Slow operation: 59ms so far, now at startProcess: done starting proc!
04-30 15:29:34.173 D/VoldConnector( 2191): RCV <- {651 public:253,48 7}
04-30 15:29:34.175 D/VoldConnector( 2191): RCV <- {659 public:253,48}
04-30 15:29:34.176 D/VoldConnector( 2191): RCV <- {649 disk:253,48}
04-30 15:29:34.177 D/VoldConnector( 2191): RCV <- {640 disk:253,48 5}
04-30 15:29:34.183 E/BluetoothAdapter( 2191): Bluetooth binder is null
04-30 15:29:34.187 D/VoldConnector( 2191): RCV <- {641 disk:253,48 549453824}
04-30 15:29:34.188 D/VoldConnector( 2191): RCV <- {642 disk:253,48 Virtual}
04-30 15:29:34.189 D/VoldConnector( 2191): RCV <- {644 disk:253,48 /sys//devices/pci0000:00/0000:00:06.0/virtio3/block/vdd}
04-30 15:29:34.202 E/BluetoothAdapter( 2191): Bluetooth binder is null
04-30 15:29:34.235 W/art     ( 2393): Unexpected CPU variant for X86 using defaults: x86_64
04-30 15:29:34.237 D/UsbAlsaManager( 2191): Adding ALSA device AlsaDevice: [card: 0, device: 0, type: 1]
04-30 15:29:34.237 D/UsbAlsaManager( 2191): Adding ALSA device AlsaDevice: [card: 0, device: 0, type: 2]
04-30 15:29:34.239 I/SystemServer( 2191): WebViewFactory preparation
04-30 15:29:34.271 W/art     ( 2399): Unexpected CPU variant for X86 using defaults: x86_64
04-30 15:29:34.291 I/AudioFlinger( 1326): systemReady
04-30 15:29:34.534 D/WebViewFactory( 2191): Setting new address space to 114394000
04-30 15:29:34.669 E/WVMExtractor( 2191): Failed to open libwvm.so: dlopen failed: library "libwvm.so" not found
04-30 15:29:34.728 I/Zygote  ( 2191): Process: zygote socket opened, supported ABIS: x86
04-30 15:29:34.877 I/art     ( 1325): Starting a blocking GC Background
04-30 15:29:34.962 I/art     ( 1325): Background concurrent mark sweep GC freed 152(17KB) AllocSpace objects, 0(0B) LOS objects, 39% free, 6MB/10MB, paused 12.057ms total 69.711ms
04-30 15:29:35.082 V/vold    ( 1270): DISK mbr
04-30 15:29:35.082 V/vold    ( 1270): 
04-30 15:29:35.152 W/vold    ( 1270): disk:253,48 has unknown partition table; trying entire device
04-30 15:29:35.153 V/vold    ( 1270): /system/bin/blkid
04-30 15:29:35.153 V/vold    ( 1270):     -c
04-30 15:29:35.153 V/vold    ( 1270):     /dev/null
04-30 15:29:35.153 V/vold    ( 1270):     -s
04-30 15:29:35.153 V/vold    ( 1270):     TYPE
04-30 15:29:35.153 V/vold    ( 1270):     -s
04-30 15:29:35.153 V/vold    ( 1270):     UUID
04-30 15:29:35.153 V/vold    ( 1270):     -s
04-30 15:29:35.153 V/vold    ( 1270):     LABEL
04-30 15:29:35.153 V/vold    ( 1270):     /dev/block/vold/disk:253,48
04-30 15:29:35.158 I/MediaPlayerService( 1334): MediaPlayerService::getOMX
04-30 15:29:35.221 I/OMXClient( 1334): MuxOMX ctor
04-30 15:29:35.605 W/ActivityManager( 2191): Slow operation: 1020ms so far, now at startProcess: returned from zygote!
04-30 15:29:35.607 W/ActivityManager( 2191): Slow operation: 1025ms so far, now at startProcess: done updating battery stats
04-30 15:29:35.609 W/ActivityManager( 2191): Slow operation: 1027ms so far, now at startProcess: building log message
04-30 15:29:35.632 I/ActivityManager( 2191): Start proc 2430:WebViewLoader-x86/1037 [android.webkit.WebViewFactory$RelroFileCreator] for 
04-30 15:29:35.645 W/ActivityManager( 2191): Slow operation: 1063ms so far, now at startProcess: starting to update pids map
04-30 15:29:35.646 W/ActivityManager( 2191): Slow operation: 1063ms so far, now at startProcess: done updating pids map
04-30 15:29:35.646 W/ActivityManager( 2191): Slow operation: 1065ms so far, now at startProcess: done starting proc!
04-30 15:29:35.673 W/art     ( 2191): Long monitor contention with owner main (2191) at int com.android.server.am.ActivityManagerService.startIsolatedProcess(java.lang.String, java.lang.String[], java.lang.String, java.lang.String, int, java.lang.Runnable)(ActivityManagerService.java:3509) waiters=0 in void com.android.server.am.ActivityManagerService.dispatchUidsChanged() for 1.056s
04-30 15:29:35.769 I/MediaPlayerService( 1334): MediaPlayerService::getOMX
04-30 15:29:35.799 I/OMXClient( 1334): MuxOMX ctor
04-30 15:29:35.807 I/OMXMaster( 1331): makeComponentInstance(OMX.google.mp3.decoder) in mediacodec process
04-30 15:29:35.843 W/ActivityManager( 2191): Slow operation: 179ms so far, now at startProcess: returned from zygote!
04-30 15:29:35.844 W/ActivityManager( 2191): Slow operation: 180ms so far, now at startProcess: done updating battery stats
04-30 15:29:35.844 W/ActivityManager( 2191): Slow operation: 180ms so far, now at startProcess: building log message
04-30 15:29:35.844 I/ActivityManager( 2191): Start proc 2436:WebViewLoader-x86_64/1037 [android.webkit.WebViewFactory$RelroFileCreator] for 
04-30 15:29:35.844 W/ActivityManager( 2191): Slow operation: 180ms so far, now at startProcess: starting to update pids map
04-30 15:29:35.844 W/ActivityManager( 2191): Slow operation: 180ms so far, now at startProcess: done updating pids map
04-30 15:29:35.844 W/ActivityManager( 2191): Slow operation: 182ms so far, now at startProcess: done starting proc!
04-30 15:29:35.850 W/art     ( 2191): Long monitor contention with owner main (2191) at int com.android.server.am.ActivityManagerService.startIsolatedProcess(java.lang.String, java.lang.String[], java.lang.String, java.lang.String, int, java.lang.Runnable)(ActivityManagerService.java:3509) waiters=1 in void com.android.server.am.ActivityManagerService.attachApplication(android.app.IApplicationThread) for 1.152s
04-30 15:29:35.882 W/art     ( 2191): Long monitor contention with owner main (2191) at int com.android.server.am.ActivityManagerService.startIsolatedProcess(java.lang.String, java.lang.String[], java.lang.String, java.lang.String, int, java.lang.Runnable)(ActivityManagerService.java:3509) waiters=2 in void com.android.server.am.ActivityManagerService.attachApplication(android.app.IApplicationThread) for 1.085s
04-30 15:29:35.907 D/NetworkManagement( 2191): enabling bandwidth control
04-30 15:29:36.082 W/art     ( 2191): Long monitor contention with owner main (2191) at int com.android.server.am.ActivityManagerService.startIsolatedProcess(java.lang.String, java.lang.String[], java.lang.String, java.lang.String, int, java.lang.Runnable)(ActivityManagerService.java:3509) waiters=2 in void com.android.server.am.ActivityManagerService.dispatchUidsChanged() for 408ms
04-30 15:29:36.163 W/art     ( 2436): Unexpected CPU variant for X86 using defaults: x86_64
04-30 15:29:36.244 W/art     ( 2430): Unexpected CPU variant for X86 using defaults: x86
04-30 15:29:36.421 V/WebViewFactory( 2436): RelroFileCreator (64bit = true),  32-bit lib: /system/app/webview/webview.apk!/lib/x86/libwebviewchromium.so, 64-bit lib: /system/app/webview/webview.apk!/lib/x86_64/libwebviewchromium.so
04-30 15:29:36.937 V/vold    ( 1270): /dev/block/vold/disk:253,48: LABEL="SDCARD" UUID="1EFF-1C1B" TYPE="vfat" 
04-30 15:29:36.937 V/vold    ( 1270): 
04-30 15:29:36.957 W/System  ( 2399): ClassLoader referenced unknown path: /system/priv-app/SystemUI/lib/x86_64
04-30 15:29:37.016 D/VoldConnector( 2191): RCV <- {650 public:253,48 0 "disk:253,48" ""}
04-30 15:29:37.022 D/VoldConnector( 2191): RCV <- {651 public:253,48 0}
04-30 15:29:37.041 D/VoldConnector( 2191): RCV <- {643 disk:253,48}
04-30 15:29:37.043 D/VoldConnector( 2191): RCV <- {200 4 Command succeeded}
04-30 15:29:37.048 E/VoldConnector( 2191): NDC Command {4 volume reset} took too long (2979ms)
04-30 15:29:37.121 D/VoldConnector( 2191): SND -> {5 volume user_added 0 0}
04-30 15:29:37.176 D/VoldConnector( 2191): RCV <- {200 5 Command succeeded}
04-30 15:29:37.231 D/VoldConnector( 2191): SND -> {6 volume mount emulated 3 -1}
04-30 15:29:37.236 V/vold    ( 1270): Waiting for FUSE to spin up...
04-30 15:29:37.243 D/VoldConnector( 2191): RCV <- {651 emulated 1}
04-30 15:29:37.244 D/VoldConnector( 2191): RCV <- {656 emulated /data/media}
04-30 15:29:37.244 D/VoldConnector( 2191): RCV <- {655 emulated /storage/emulated}
04-30 15:29:37.293 V/vold    ( 1270): Waiting for FUSE to spin up...
04-30 15:29:37.353 V/vold    ( 1270): Waiting for FUSE to spin up...
04-30 15:29:37.410 V/vold    ( 1270): Waiting for FUSE to spin up...
04-30 15:29:37.415 I/MediaPlayerService( 1334): MediaPlayerService::getOMX
04-30 15:29:37.419 V/WebViewFactory( 2430): RelroFileCreator (64bit = false),  32-bit lib: /system/app/webview/webview.apk!/lib/x86/libwebviewchromium.so, 64-bit lib: /system/app/webview/webview.apk!/lib/x86_64/libwebviewchromium.so
04-30 15:29:37.423 I/OMXClient( 1334): MuxOMX ctor
04-30 15:29:37.424 I/OMXMaster( 1331): makeComponentInstance(OMX.google.amrnb.decoder) in mediacodec process
04-30 15:29:37.461 V/vold    ( 1270): Waiting for FUSE to spin up...
04-30 15:29:37.520 V/vold    ( 1270): Waiting for FUSE to spin up...
04-30 15:29:37.580 V/vold    ( 1270): Waiting for FUSE to spin up...
04-30 15:29:37.632 I/MediaPlayerService( 1334): MediaPlayerService::getOMX
04-30 15:29:37.633 I/OMXClient( 1334): MuxOMX ctor
04-30 15:29:37.634 I/OMXMaster( 1331): makeComponentInstance(OMX.google.amrwb.decoder) in mediacodec process
04-30 15:29:37.641 V/vold    ( 1270): Waiting for FUSE to spin up...
04-30 15:29:37.720 V/vold    ( 1270): Waiting for FUSE to spin up...
04-30 15:29:37.725 I/MediaPlayerService( 1334): MediaPlayerService::getOMX
04-30 15:29:37.727 I/OMXClient( 1334): MuxOMX ctor
04-30 15:29:37.728 I/OMXMaster( 1331): makeComponentInstance(OMX.google.aac.decoder) in mediacodec process
04-30 15:29:37.780 V/vold    ( 1270): Waiting for FUSE to spin up...
04-30 15:29:37.798 W/sdcard  ( 2464): Device explicitly disabled sdcardfs
04-30 15:29:37.833 V/vold    ( 1270): Waiting for FUSE to spin up...
04-30 15:29:37.903 D/VoldConnector( 2191): RCV <- {651 emulated 2}
04-30 15:29:37.904 D/VoldConnector( 2191): RCV <- {200 6 Command succeeded}
04-30 15:29:37.906 E/VoldConnector( 2191): NDC Command {6 volume mount emulated 3 -1} took too long (675ms)
04-30 15:29:37.907 D/VoldConnector( 2191): SND -> {7 volume mount public:253,48 2 0}
04-30 15:29:37.909 V/vold    ( 1270): /system/bin/blkid
04-30 15:29:37.909 V/vold    ( 1270):     -c
04-30 15:29:37.914 W/art     ( 2191): Long monitor contention with owner android.bg (2220) at void java.io.FileDescriptor.sync()(FileDescriptor.java:-2) waiters=0 in void com.android.server.pm.ShortcutService.handleOnUidStateChanged(int, int) for 1.772s
04-30 15:29:37.916 D/VoldConnector( 2191): RCV <- {651 public:253,48 1}
04-30 15:29:37.918 V/vold    ( 1270):     /dev/null
04-30 15:29:37.918 V/vold    ( 1270):     -s
04-30 15:29:37.918 V/vold    ( 1270):     TYPE
04-30 15:29:37.918 V/vold    ( 1270):     -s
04-30 15:29:37.918 V/vold    ( 1270):     UUID
04-30 15:29:37.918 V/vold    ( 1270):     -s
04-30 15:29:37.918 V/vold    ( 1270):     LABEL
04-30 15:29:37.918 V/vold    ( 1270):     /dev/block/vold/public:253,48
04-30 15:29:38.027 I/MediaPlayerService( 1334): MediaPlayerService::getOMX
04-30 15:29:38.028 I/OMXClient( 1334): MuxOMX ctor
04-30 15:29:38.029 I/OMXMaster( 1331): makeComponentInstance(OMX.google.g711.alaw.decoder) in mediacodec process
04-30 15:29:38.659 I/MediaPlayerService( 1334): MediaPlayerService::getOMX
04-30 15:29:38.662 I/OMXClient( 1334): MuxOMX ctor
04-30 15:29:38.663 I/OMXMaster( 1331): makeComponentInstance(OMX.google.g711.mlaw.decoder) in mediacodec process
04-30 15:29:38.734 V/vold    ( 1270): /dev/block/vold/public:253,48: LABEL="SDCARD" UUID="1EFF-1C1B" TYPE="vfat" 
04-30 15:29:38.734 V/vold    ( 1270): 
04-30 15:29:38.773 V/vold    ( 1270): /system/bin/fsck_msdos
04-30 15:29:38.773 V/vold    ( 1270):     -p
04-30 15:29:38.773 V/vold    ( 1270):     -f
04-30 15:29:38.774 V/vold    ( 1270):     /dev/block/vold/public:253,48
04-30 15:29:38.775 D/VoldConnector( 2191): RCV <- {652 public:253,48 vfat}
04-30 15:29:38.776 D/VoldConnector( 2191): RCV <- {653 public:253,48 1EFF-1C1B}
04-30 15:29:38.777 D/VoldConnector( 2191): RCV <- {654 public:253,48 SDCARD}
04-30 15:29:39.212 I/MediaPlayerService( 1334): MediaPlayerService::getOMX
04-30 15:29:39.214 I/OMXClient( 1334): MuxOMX ctor
04-30 15:29:39.223 I/OMXMaster( 1331): makeComponentInstance(OMX.google.vorbis.decoder) in mediacodec process
04-30 15:29:39.446 I/fsck_msdos( 1270): ** /dev/block/vold/public:253,48
04-30 15:29:39.454 E/NetdConnector( 2191): NDC Command {3 bandwidth enable} took too long (3547ms)
04-30 15:29:39.457 I/fsck_msdos( 1270): ** Phase 1 - Read and Compare FATs
04-30 15:29:39.458 I/fsck_msdos( 1270): Attempting to allocate 1046 KB for FAT
04-30 15:29:39.493 I/LatinIME( 2393): Hardware accelerated drawing: true
04-30 15:29:39.571 V/SystemUIService( 2399): Starting SystemUI services for user 0.
04-30 15:29:39.641 I/art     ( 2436): System.exit called, status: 0
04-30 15:29:39.641 I/AndroidRuntime( 2436): VM exiting with result code 0, cleanup skipped.
04-30 15:29:39.780 W/ActivityManager( 2191): Slow operation: 51ms so far, now at getContentProviderImpl: after checkContentProviderPermission
04-30 15:29:39.781 W/ActivityManager( 2191): Slow operation: 52ms so far, now at getContentProviderImpl: incProviderCountLocked
04-30 15:29:39.782 W/ActivityManager( 2191): Slow operation: 53ms so far, now at getContentProviderImpl: before updateLruProcess
04-30 15:29:39.782 W/ActivityManager( 2191): Slow operation: 53ms so far, now at getContentProviderImpl: after updateLruProcess
04-30 15:29:39.782 W/ActivityManager( 2191): Slow operation: 53ms so far, now at getContentProviderImpl: before updateOomAdj
04-30 15:29:39.785 W/ActivityManager( 2191): Slow operation: 56ms so far, now at getContentProviderImpl: after updateOomAdj
04-30 15:29:39.785 W/ActivityManager( 2191): Slow operation: 56ms so far, now at getContentProviderImpl: done!
04-30 15:29:39.821 I/fsck_msdos( 1270): Attempting to allocate 1046 KB for FAT
04-30 15:29:39.800 I/art     ( 2430): System.exit called, status: 0
04-30 15:29:39.840 I/AndroidRuntime( 2430): VM exiting with result code 0, cleanup skipped.
04-30 15:29:40.237 V/MediaRouter( 2399): Adding route: RouteInfo{ name=Phone, description=null, status=null, category=RouteCategory{ name=null types=ROUTE_TYPE_LIVE_AUDIO ROUTE_TYPE_LIVE_VIDEO  groupable=false }, supportedTypes=ROUTE_TYPE_LIVE_AUDIO ROUTE_TYPE_LIVE_VIDEO , presentationDisplay=null }
04-30 15:29:40.298 I/MediaPlayerService( 1334): MediaPlayerService::getOMX
04-30 15:29:40.391 V/MediaRouter( 2399): Updating audio routes: AudioRoutesInfo{ type=SPEAKER }
04-30 15:29:40.399 V/MediaRouter( 2399): Selecting route: RouteInfo{ name=Phone, description=null, status=null, category=RouteCategory{ name=null types=ROUTE_TYPE_LIVE_AUDIO ROUTE_TYPE_LIVE_VIDEO  groupable=false }, supportedTypes=ROUTE_TYPE_LIVE_AUDIO ROUTE_TYPE_LIVE_VIDEO , presentationDisplay=null }
04-30 15:29:40.401 I/OMXClient( 1334): MuxOMX ctor
04-30 15:29:40.402 I/OMXMaster( 1331): makeComponentInstance(OMX.google.opus.decoder) in mediacodec process
04-30 15:29:40.433 I/fsck_msdos( 1270): ** Phase 2 - Check Cluster Chains
