04-30 15:31:30.437 E/ActivityThread( 3156): 	at com.android.email.provider.AccountReconciler.reconcileAccounts(AccountReconciler.java:115)
04-30 15:31:30.437 E/ActivityThread( 3156): 	at com.android.email.service.EmailBroadcastProcessorService.reconcileAndStartServices(EmailBroadcastProcessorService.java:305)
04-30 15:31:30.437 E/ActivityThread( 3156): 	at com.android.email.service.EmailBroadcastProcessorService.onBootCompleted(EmailBroadcastProcessorService.java:295)
04-30 15:31:30.437 E/ActivityThread( 3156): 	at com.android.email.service.EmailBroadcastProcessorService.onHandleIntent(EmailBroadcastProcessorService.java:130)
04-30 15:31:30.437 E/ActivityThread( 3156): 	at android.app.IntentService$ServiceHandler.handleMessage(IntentService.java:68)
04-30 15:31:30.437 E/ActivityThread( 3156): 	at android.os.Handler.dispatchMessage(Handler.java:102)
04-30 15:31:30.437 E/ActivityThread( 3156): 	at android.os.Looper.loop(Looper.java:154)
04-30 15:31:30.437 E/ActivityThread( 3156): 	at android.os.HandlerThread.run(HandlerThread.java:61)
04-30 15:31:30.438 W/ActivityManager( 2191): Unbind failed: could not find connection for android.os.BinderProxy@a2800d0
04-30 15:31:30.515 W/System  ( 3181): ClassLoader referenced unknown path: /system/priv-app/ManagedProvisioning/lib/x86_64
04-30 15:31:30.610 W/art     ( 3195): Unexpected CPU variant for X86 using defaults: x86_64
04-30 15:31:30.617 I/ActivityManager( 2191): Start proc 3195:com.android.messaging/u0a54 for broadcast com.android.messaging/.receiver.BootAndPackageReplacedReceiver
04-30 15:31:30.709 W/System  ( 3195): ClassLoader referenced unknown path: /system/app/messaging/lib/x86_64
04-30 15:31:32.651 I/MessagingApp( 3195): Carrier config changed. Reloading MMS config.
04-30 15:31:32.682 V/VvmBootCompletedRcvr( 2585): processing subId list
04-30 15:31:32.732 E/VvmBootCompletedRcvr( 2585): phone account ComponentInfo{com.android.phone/com.android.services.telephony.TelephonyConnectionService}, [e2f7d48dd2b5ca523e7313cf4ba0f6ea830b6281], UserHandle{0} has invalid subId -1
04-30 15:31:32.768 I/MessagingAppDataModel( 3195): Fixup: Send failed - 0 Download failed - 0
04-30 15:31:33.068 I/MessagingAppDataModel( 3195): SyncMessagesAction: Starting batch for messages from 1616676894217 to 1619796692578 (message update limit = 80, message scan limit = 4000)
04-30 15:31:33.225 I/VvmSimChangeReceiver( 2585): Received SIM change for invalid subscription id.
04-30 15:31:33.254 D/AlertReceiver( 3105): onReceive: a=android.intent.action.PROVIDER_CHANGED Intent { act=android.intent.action.PROVIDER_CHANGED dat=content://com.android.calendar flg=0x20000010 cmp=com.android.calendar/.alerts.AlertReceiver }
04-30 15:31:33.306 D/AlertService( 3105): 0 Action = android.intent.action.PROVIDER_CHANGED
04-30 15:31:33.937 I/MessagingAppDataModel( 3195): SyncMessagesAction: All messages now in sync
04-30 15:31:34.818 W/MediaScanner( 3009): Error opening directory '/oem/media/', skipping: No such file or directory.
04-30 15:31:35.036 V/MediaScanner( 3009): pruneDeadThumbnailFiles... android.content.ContentProviderClient$CursorWrapperInner@c3037a8
04-30 15:31:35.038 V/MediaScanner( 3009): /pruneDeadThumbnailFiles... android.content.ContentProviderClient$CursorWrapperInner@c3037a8
04-30 15:31:37.966 I/art     ( 2191): Background partial concurrent mark sweep GC freed 12538(995KB) AllocSpace objects, 11(444KB) LOS objects, 29% free, 9MB/13MB, paused 1.729ms total 142.553ms
04-30 15:31:38.321 I/GlobalDismissManager( 3105): no sender configured
04-30 15:31:38.322 D/AlertService( 3105): Beginning updateAlertNotification
04-30 15:31:38.358 D/AlertService( 3105): No fired or scheduled alerts
04-30 15:31:38.390 D/AlertService( 3105): Scheduling next alarm with AlarmScheduler. sEventReminderReceived: null
04-30 15:31:38.420 D/AlarmScheduler( 3105): No events found starting within 1 week.
04-30 15:31:42.528 I/ActivityManager( 2191): Waited long enough for: ServiceRecord{53c0f2a u0 com.android.calendar/.alerts.InitAlarmsService}
04-30 15:31:57.578 D/InitAlarmsService( 3105): Clearing and rescheduling alarms.
04-30 15:32:00.036 W//sbin/adbd( 1323): type=1400 audit(0.0:16): avc: denied { search } for comm=7365727669636520363233 name="security" dev="vdc" ino=35203 scontext=u:r:adbd:s0 tcontext=u:object_r:security_file:s0 tclass=dir permissive=0
04-30 15:32:56.469 D/AndroidRuntime( 3229): >>>>>> START com.android.internal.os.RuntimeInit uid 2000 <<<<<<
04-30 15:32:56.489 D/AndroidRuntime( 3229): CheckJNI is ON
04-30 15:32:56.784 W/art     ( 3229): Unexpected CPU variant for X86 using defaults: x86_64
04-30 15:32:56.815 D/ICU     ( 3229): No timezone override file found: /data/misc/zoneinfo/current/icu/icu_tzdata.dat
04-30 15:32:56.965 E/memtrack( 3229): Couldn't load memtrack module (No such file or directory)
04-30 15:32:56.966 E/android.os.Debug( 3229): failed to load memtrack module: -2
04-30 15:32:56.971 I/Radio-JNI( 3229): register_android_hardware_Radio DONE
04-30 15:32:57.072 D/AndroidRuntime( 3229): Calling main entry com.android.commands.pm.Pm
04-30 15:32:57.152 I/        ( 1329): free_cache(132084129) avail 809742336
04-30 15:33:13.430 W/art     ( 2191): Long monitor contention with owner PackageInstaller (2316) at void android.content.res.ConfigurationBoundResourceCache.<init>()(ConfigurationBoundResourceCache.java:27) waiters=0 in android.content.pm.PackageInstaller$SessionInfo com.android.server.pm.PackageInstallerSession.generateInfo() for 8.300s
04-30 15:33:13.480 I/ActivityManager( 2191): Start proc 3240:com.android.defcontainer/u0a7 for service com.android.defcontainer/.DefaultContainerService
04-30 15:33:13.496 W/art     ( 3240): Unexpected CPU variant for X86 using defaults: x86_64
04-30 15:33:14.039 I/PackageManager.DexOptimizer( 2191): Running dexopt (dex2oat) on: /data/app/vmdl998223261.tmp/base.apk pkg=jp.jaxa.iss.kibo.rpc.sampleapk isa=x86_64 vmSafeMode=false debuggable=true target-filter=interpret-only oatDir = /data/app/vmdl998223261.tmp/oat sharedLibraries=null
04-30 15:33:14.544 W/dex2oat ( 3255): Unexpected CPU variant for X86 using defaults: x86_64
04-30 15:33:14.572 I/dex2oat ( 3255): /system/bin/dex2oat --compiler-filter=interpret-only --debuggable
04-30 15:33:16.804 W/dex2oat ( 3255): Before Android 4.1, method int android.support.v7.widget.ListViewCompat.lookForSelectablePosition(int, boolean) would have incorrectly overridden the package-private method in android.widget.ListView
04-30 15:33:17.307 W/dex2oat ( 3255): Before Android 4.1, method android.graphics.PorterDuffColorFilter android.support.graphics.drawable.VectorDrawableCompat.updateTintFilter(android.graphics.PorterDuffColorFilter, android.content.res.ColorStateList, android.graphics.PorterDuff$Mode) would have incorrectly overridden the package-private method in android.graphics.drawable.Drawable
04-30 15:33:25.188 W/dex2oat ( 3255): Compilation of java.lang.String org.opencv.android.StaticHelper.getLibraryList() took 253.210ms
04-30 15:33:25.193 W/dex2oat ( 3255): Compilation of void org.opencv.android.Utils.nBitmapToMat2(android.graphics.Bitmap, long, boolean) took 256.238ms
04-30 15:33:27.576 I/dex2oat ( 3255): dex2oat took 13.046s (threads: 2) arena alloc=547KB (560872B) java alloc=7MB (7430648B) native alloc=15MB (15927832B) free=4MB (4519400B)
04-30 15:33:27.869 D/installd( 1329): Detected label change from u:object_r:system_data_file:s0 to u:object_r:app_data_file:s0:c512,c768 at /data/data/jp.jaxa.iss.kibo.rpc.sampleapk; running recursive restorecon
04-30 15:33:27.883 D/installd( 1329): Detected label change from u:object_r:system_data_file:s0 to u:object_r:app_data_file:s0:c512,c768 at /data/user_de/0/jp.jaxa.iss.kibo.rpc.sampleapk; running recursive restorecon
04-30 15:33:27.902 V/BackupManagerService( 2191): restoreAtInstall pkg=jp.jaxa.iss.kibo.rpc.sampleapk token=1 restoreSet=0
04-30 15:33:27.905 W/BackupManagerService( 2191): Requested unavailable transport: android/com.android.internal.backup.LocalTransport
04-30 15:33:27.905 W/BackupManagerService( 2191): No transport
04-30 15:33:27.905 V/BackupManagerService( 2191): Finishing install immediately
04-30 15:33:27.939 D/VoldConnector( 2191): SND -> {9 volume remount_uid 10064 default}
04-30 15:33:27.949 I/GnssLocationProvider( 2191): WakeLock acquired by sendMessage(3, 0, com.android.server.location.GnssLocationProvider$GpsRequest@485c0e2)
04-30 15:33:27.974 I/GnssLocationProvider( 2191): WakeLock acquired by sendMessage(3, 0, com.android.server.location.GnssLocationProvider$GpsRequest@e842c73)
04-30 15:33:27.976 I/GnssLocationProvider( 2191): WakeLock released by handleMessage(3, 0, com.android.server.location.GnssLocationProvider$GpsRequest@485c0e2)
04-30 15:33:27.978 I/GnssLocationProvider( 2191): WakeLock released by handleMessage(3, 0, com.android.server.location.GnssLocationProvider$GpsRequest@e842c73)
04-30 15:33:28.005 D/vold    ( 1270): Remounting 10064 as mode default
04-30 15:33:28.031 D/VoldConnector( 2191): RCV <- {200 9 Command succeeded}
04-30 15:33:28.048 I/GnssLocationProvider( 2191): WakeLock acquired by sendMessage(3, 0, com.android.server.location.GnssLocationProvider$GpsRequest@7c42730)
04-30 15:33:28.052 D/VoldConnector( 2191): SND -> {10 volume remount_uid 10064 write}
04-30 15:33:28.065 D/vold    ( 1270): Remounting 10064 as mode write
04-30 15:33:28.085 D/VoldConnector( 2191): RCV <- {200 10 Command succeeded}
04-30 15:33:28.094 I/GnssLocationProvider( 2191): WakeLock released by handleMessage(3, 0, com.android.server.location.GnssLocationProvider$GpsRequest@7c42730)
04-30 15:33:28.110 I/art     ( 2191): Starting a blocking GC Explicit
04-30 15:33:28.206 I/art     ( 2191): Explicit concurrent mark sweep GC freed 22482(1383KB) AllocSpace objects, 12(288KB) LOS objects, 29% free, 9MB/13MB, paused 2.398ms total 90.814ms
04-30 15:33:28.209 E/        ( 1329): Couldn't opendir /data/app/vmdl998223261.tmp: No such file or directory
04-30 15:33:28.401 I/InputReader( 2191): Reconfiguring input devices.  changes=0x00000010
04-30 15:33:28.500 W/ActivityManager( 2191): Slow operation: 229ms so far, now at startProcess: returned from zygote!
04-30 15:33:28.505 W/ActivityManager( 2191): Slow operation: 234ms so far, now at startProcess: done updating battery stats
04-30 15:33:28.506 W/ActivityManager( 2191): Slow operation: 235ms so far, now at startProcess: building log message
04-30 15:33:28.506 I/ActivityManager( 2191): Start proc 3259:com.android.gallery3d/u0a39 for broadcast com.android.gallery3d/.app.PackagesMonitor
04-30 15:33:28.506 W/ActivityManager( 2191): Slow operation: 235ms so far, now at startProcess: starting to update pids map
04-30 15:33:28.507 W/ActivityManager( 2191): Slow operation: 236ms so far, now at startProcess: done updating pids map
04-30 15:33:28.507 W/ActivityManager( 2191): Slow operation: 237ms so far, now at startProcess: done starting proc!
04-30 15:33:28.508 W/art     ( 2191): Long monitor contention with owner ActivityManager (2221) at void com.android.server.am.BroadcastQueue.processNextBroadcast(boolean)(BroadcastQueue.java:760) waiters=0 in void com.android.server.am.ActivityManagerService.dispatchUidsChanged() for 192ms
04-30 15:33:28.535 I/art     ( 3229): System.exit called, status: 0
04-30 15:33:28.536 I/AndroidRuntime( 3229): VM exiting with result code 0.
04-30 15:33:28.608 W/art     ( 3259): Unexpected CPU variant for X86 using defaults: x86_64
04-30 15:33:28.767 E/PhoneInterfaceManager( 2585): [PhoneIntfMgr] getCarrierPackageNamesForIntent: No UICC
04-30 15:33:28.768 D/CarrierSvcBindHelper( 2585): No carrier app for: 0
04-30 15:33:28.770 D/CarrierConfigLoader( 2585): mHandler: 9 phoneId: 0
04-30 15:33:29.441 W/VoiceInteractionManagerService( 2191): no available voice recognition services found for user 0
04-30 15:33:30.392 W/art     ( 3279): Unexpected CPU variant for X86 using defaults: x86_64
04-30 15:33:30.404 W/ActivityManager( 2191): Slow operation: 56ms so far, now at startProcess: returned from zygote!
04-30 15:33:30.404 W/ActivityManager( 2191): Slow operation: 56ms so far, now at startProcess: done updating battery stats
04-30 15:33:30.405 W/ActivityManager( 2191): Slow operation: 57ms so far, now at startProcess: building log message
04-30 15:33:30.405 I/ActivityManager( 2191): Start proc 3279:com.svox.pico/u0a49 for broadcast com.svox.pico/.VoiceDataInstallerReceiver
04-30 15:33:30.405 W/ActivityManager( 2191): Slow operation: 57ms so far, now at startProcess: starting to update pids map
04-30 15:33:30.405 W/ActivityManager( 2191): Slow operation: 57ms so far, now at startProcess: done updating pids map
04-30 15:33:30.405 W/ActivityManager( 2191): Slow operation: 57ms so far, now at startProcess: done starting proc!
04-30 15:33:30.553 I/ActivityManager( 2191): Killing 2989:com.android.keychain/1000 (adj 906): empty #17
04-30 15:33:30.630 D/ActivityManager( 2191): cleanUpApplicationRecord -- 2989
04-30 15:35:50.097 D/AndroidRuntime( 3293): >>>>>> START com.android.internal.os.RuntimeInit uid 2000 <<<<<<
04-30 15:35:50.139 D/AndroidRuntime( 3293): CheckJNI is ON
04-30 15:35:50.573 W/art     ( 3293): Unexpected CPU variant for X86 using defaults: x86_64
04-30 15:35:50.611 D/ICU     ( 3293): No timezone override file found: /data/misc/zoneinfo/current/icu/icu_tzdata.dat
04-30 15:35:50.862 E/memtrack( 3293): Couldn't load memtrack module (No such file or directory)
04-30 15:35:50.862 E/android.os.Debug( 3293): failed to load memtrack module: -2
04-30 15:35:50.872 I/Radio-JNI( 3293): register_android_hardware_Radio DONE
04-30 15:35:51.068 D/AndroidRuntime( 3293): Calling main entry com.android.commands.am.Am
04-30 15:35:51.175 I/ActivityManager( 2191): Start proc 3303:gov.nasa.arc.astrobee.android.gs.manager/u0a63 for service gov.nasa.arc.astrobee.android.gs.manager/.ManagerService
04-30 15:35:51.179 D/AndroidRuntime( 3293): Shutting down VM
04-30 15:35:51.183 I/art     ( 3303): Not late-enabling -Xcheck:jni (already on)
04-30 15:35:51.184 W/art     ( 3303): Unexpected CPU variant for X86 using defaults: x86_64
04-30 15:35:51.385 W/System  ( 3303): ClassLoader referenced unknown path: /data/app/gov.nasa.arc.astrobee.android.gs.manager-1/lib/x86_64
04-30 15:35:52.238 E/Notification( 3303): setLatestEventInfo() is deprecated and you should feel deprecated.
04-30 15:35:52.238 E/Notification( 3303): java.lang.Throwable
04-30 15:35:52.238 E/Notification( 3303): 	at android.app.Notification.setLatestEventInfo(Notification.java:2076)
04-30 15:35:52.238 E/Notification( 3303): 	at org.ros.android.NodeMainExecutorService.onStartCommand(NodeMainExecutorService.java:220)
04-30 15:35:52.238 E/Notification( 3303): 	at android.app.ActivityThread.handleServiceArgs(ActivityThread.java:3326)
04-30 15:35:52.238 E/Notification( 3303): 	at android.app.ActivityThread.-wrap21(ActivityThread.java)
04-30 15:35:52.238 E/Notification( 3303): 	at android.app.ActivityThread$H.handleMessage(ActivityThread.java:1582)
04-30 15:35:52.238 E/Notification( 3303): 	at android.os.Handler.dispatchMessage(Handler.java:102)
04-30 15:35:52.238 E/Notification( 3303): 	at android.os.Looper.loop(Looper.java:154)
04-30 15:35:52.238 E/Notification( 3303): 	at android.app.ActivityThread.main(ActivityThread.java:6119)
04-30 15:35:52.238 E/Notification( 3303): 	at java.lang.reflect.Method.invoke(Native Method)
04-30 15:35:52.238 E/Notification( 3303): 	at com.android.internal.os.ZygoteInit$MethodAndArgsCaller.run(ZygoteInit.java:886)
04-30 15:35:52.238 E/Notification( 3303): 	at com.android.internal.os.ZygoteInit.main(ZygoteInit.java:776)
04-30 15:35:53.556 D/NotificationSQLiteLog( 2191): Pruned event entries: 15
04-30 15:35:53.617 I/Registrar( 3303): MasterXmlRpcEndpoint URI: http://llp:11311
04-30 15:35:53.875 I/Registrar( 3303): Registering publisher: Publisher<PublisherDefinition<PublisherIdentifier<NodeIdentifier</guest_science_manager, http://hlp:33291/>, TopicIdentifier</rosout>>, Topic<TopicIdentifier</rosout>, TopicDescription<rosgraph_msgs/Log, acffd30cd6b6de30f120938c17c593fb>>>>
04-30 15:35:55.630 I/Registrar( 3303): Response<Success, Registered [/guest_science_manager] as publisher of [/rosout], [http://10.42.0.34:38874/]>
04-30 15:35:55.672 I/DefaultPublisher( 3303): Publisher registered: Publisher<PublisherDefinition<PublisherIdentifier<NodeIdentifier</guest_science_manager, http://hlp:33291/>, TopicIdentifier</rosout>>, Topic<TopicIdentifier</rosout>, TopicDescription<rosgraph_msgs/Log, acffd30cd6b6de30f120938c17c593fb>>>>
04-30 15:35:56.298 I/Registrar( 3303): Registering subscriber: Subscriber<Topic<TopicIdentifier</clock>, TopicDescription<rosgraph_msgs/Clock, a9c97c1d230cfc112e270351a944ee47>>>
04-30 15:35:56.580 I/Registrar( 3303): Response<Success, Subscribed to [/clock], [http://10.42.0.34:38579/]>
04-30 15:35:56.597 I/DefaultSubscriber( 3303): Subscriber registered: Subscriber<Topic<TopicIdentifier</clock>, TopicDescription<rosgraph_msgs/Clock, a9c97c1d230cfc112e270351a944ee47>>>
04-30 15:35:56.715 I/Registrar( 3303): Registering publisher: Publisher<PublisherDefinition<PublisherIdentifier<NodeIdentifier</guest_science_manager, http://hlp:33291/>, TopicIdentifier</gs/gs_manager/ack>>, Topic<TopicIdentifier</gs/gs_manager/ack>, TopicDescription<ff_msgs/AckStamped, cebddec69fd770df54633be444a9187d>>>>
04-30 15:35:56.872 I/Registrar( 3303): Registering publisher: Publisher<PublisherDefinition<PublisherIdentifier<NodeIdentifier</guest_science_manager, http://hlp:33291/>, TopicIdentifier</gs/gs_manager/config>>, Topic<TopicIdentifier</gs/gs_manager/config>, TopicDescription<ff_msgs/GuestScienceConfig, c6f632ed2411de4159494a3e7754794e>>>>
04-30 15:35:57.007 I/Registrar( 3303): Response<Success, Registered [/guest_science_manager] as publisher of [/gs/gs_manager/ack], [http://10.42.0.34:41864/]>
04-30 15:35:57.058 I/DefaultPublisher( 3303): Publisher registered: Publisher<PublisherDefinition<PublisherIdentifier<NodeIdentifier</guest_science_manager, http://hlp:33291/>, TopicIdentifier</gs/gs_manager/ack>>, Topic<TopicIdentifier</gs/gs_manager/ack>, TopicDescription<ff_msgs/AckStamped, cebddec69fd770df54633be444a9187d>>>>
04-30 15:35:57.146 I/Registrar( 3303): Registering publisher: Publisher<PublisherDefinition<PublisherIdentifier<NodeIdentifier</guest_science_manager, http://hlp:33291/>, TopicIdentifier</gs/data>>, Topic<TopicIdentifier</gs/data>, TopicDescription<ff_msgs/GuestScienceData, edd2c791ea93ffa7cb0ec80c5bb00972>>>>
04-30 15:35:57.291 I/Registrar( 3303): Response<Success, Registered [/guest_science_manager] as publisher of [/gs/gs_manager/config], [http://10.42.0.34:41864/, http://10.42.0.34:40039/]>
04-30 15:35:57.405 I/DefaultPublisher( 3303): Publisher registered: Publisher<PublisherDefinition<PublisherIdentifier<NodeIdentifier</guest_science_manager, http://hlp:33291/>, TopicIdentifier</gs/gs_manager/config>>, Topic<TopicIdentifier</gs/gs_manager/config>, TopicDescription<ff_msgs/GuestScienceConfig, c6f632ed2411de4159494a3e7754794e>>>>
04-30 15:35:57.424 I/Registrar( 3303): Registering publisher: Publisher<PublisherDefinition<PublisherIdentifier<NodeIdentifier</guest_science_manager, http://hlp:33291/>, TopicIdentifier</gs/gs_manager/state>>, Topic<TopicIdentifier</gs/gs_manager/state>, TopicDescription<ff_msgs/GuestScienceState, 24e5a1ba8527257cc710720a32de6e51>>>>
04-30 15:35:57.477 W/art     ( 3303): Suspending all threads took: 12.051ms
04-30 15:35:57.694 I/Registrar( 3303): Response<Success, Registered [/guest_science_manager] as publisher of [/gs/data], [http://10.42.0.34:44825/, http://10.42.0.34:40039/, http://10.42.0.34:36244/]>
04-30 15:35:57.775 I/DefaultPublisher( 3303): Publisher registered: Publisher<PublisherDefinition<PublisherIdentifier<NodeIdentifier</guest_science_manager, http://hlp:33291/>, TopicIdentifier</gs/data>>, Topic<TopicIdentifier</gs/data>, TopicDescription<ff_msgs/GuestScienceData, edd2c791ea93ffa7cb0ec80c5bb00972>>>>
04-30 15:35:58.092 I/Registrar( 3303): Response<Success, Registered [/guest_science_manager] as publisher of [/gs/gs_manager/state], [http://10.42.0.34:41864/, http://10.42.0.34:40039/]>
04-30 15:35:58.101 I/DefaultPublisher( 3303): Publisher registered: Publisher<PublisherDefinition<PublisherIdentifier<NodeIdentifier</guest_science_manager, http://hlp:33291/>, TopicIdentifier</gs/gs_manager/state>>, Topic<TopicIdentifier</gs/gs_manager/state>, TopicDescription<ff_msgs/GuestScienceState, 24e5a1ba8527257cc710720a32de6e51>>>>
04-30 15:35:58.334 I/Registrar( 3303): Registering subscriber: Subscriber<Topic<TopicIdentifier</mgt/executive/command>, TopicDescription<ff_msgs/CommandStamped, ac01350894b1be9e3a7b4f390a14812d>>>
04-30 15:35:58.827 I/art     ( 3303): Background sticky concurrent mark sweep GC freed 29454(2MB) AllocSpace objects, 25(504KB) LOS objects, 10% free, 8MB/10MB, paused 17.064ms total 1.917s
04-30 15:35:59.232 I/Registrar( 3303): Response<Success, Subscribed to [/mgt/executive/command], [http://10.42.0.34:41864/]>
04-30 15:35:59.238 I/DefaultSubscriber( 3303): Subscriber registered: Subscriber<Topic<TopicIdentifier</mgt/executive/command>, TopicDescription<ff_msgs/CommandStamped, ac01350894b1be9e3a7b4f390a14812d>>>
04-30 15:35:59.348 W/ActivityManager( 2191): Slow operation: 229ms so far, now at startProcess: returned from zygote!
04-30 15:35:59.348 W/ActivityManager( 2191): Slow operation: 229ms so far, now at startProcess: done updating battery stats
04-30 15:35:59.350 W/ActivityManager( 2191): Slow operation: 231ms so far, now at startProcess: building log message
04-30 15:35:59.350 I/ActivityManager( 2191): Start proc 3381:jp.jaxa.iss.kibo.rpc.sampleapk/u0a64 for broadcast jp.jaxa.iss.kibo.rpc.sampleapk/gov.nasa.arc.astrobee.android.gs.InfoInqueryBroadcastReceiver
04-30 15:35:59.350 W/ActivityManager( 2191): Slow operation: 231ms so far, now at startProcess: starting to update pids map
04-30 15:35:59.351 W/ActivityManager( 2191): Slow operation: 232ms so far, now at startProcess: done updating pids map
04-30 15:35:59.351 W/ActivityManager( 2191): Slow operation: 243ms so far, now at startProcess: done starting proc!
04-30 15:35:59.355 W/art     ( 2191): Long monitor contention with owner ActivityManager (2221) at void com.android.server.am.BroadcastQueue.processNextBroadcast(boolean)(BroadcastQueue.java:760) waiters=0 in android.content.ComponentName com.android.server.am.ActivityManagerService.startService(android.app.IApplicationThread, android.content.Intent, java.lang.String, java.lang.String, int) for 252ms
04-30 15:35:59.677 I/art     ( 3381): Not late-enabling -Xcheck:jni (already on)
04-30 15:35:59.729 W/art     ( 3381): Unexpected CPU variant for X86 using defaults: x86_64
04-30 15:36:00.175 W/art     ( 3303): Suspending all threads took: 10.009ms
04-30 15:36:00.372 I/art     ( 3303): Background partial concurrent mark sweep GC freed 23886(1845KB) AllocSpace objects, 29(572KB) LOS objects, 35% free, 7MB/11MB, paused 24.192ms total 653.724ms
04-30 15:36:03.078 I/ActivityManager( 2191): Killing 3031:com.android.printspooler/u0a51 (adj 906): empty #17
04-30 15:36:03.261 D/ActivityManager( 2191): cleanUpApplicationRecord -- 3031
04-30 15:36:04.446 I/art     ( 3303): Do partial code cache collection, code=27KB, data=29KB
04-30 15:36:04.471 I/art     ( 3303): After code cache collection, code=27KB, data=29KB
04-30 15:36:04.472 I/art     ( 3303): Increasing code cache capacity to 128KB
04-30 15:36:08.276 D/ManagerTimeoutTimer( 3303): Still waiting for the apk to start or stop. 4998.0 milliseconds left.
04-30 15:36:08.562 D/OpenCV/StaticHelper( 3381): Trying to get library list
04-30 15:36:08.844 E/OpenCV/StaticHelper( 3381): OpenCV error: Cannot load info library for OpenCV
04-30 15:36:08.845 D/OpenCV/StaticHelper( 3381): Library list: ""
04-30 15:36:08.845 D/OpenCV/StaticHelper( 3381): First attempt to load libs
04-30 15:36:08.845 D/OpenCV/StaticHelper( 3381): Trying to init OpenCV libs
04-30 15:36:08.845 D/OpenCV/StaticHelper( 3381): Trying to load library opencv_java3
04-30 15:36:09.292 D/OpenCV/StaticHelper( 3381): Library opencv_java3 loaded
04-30 15:36:09.292 D/OpenCV/StaticHelper( 3381): First attempt to load libs is OK
04-30 15:36:09.308 I/OpenCV/StaticHelper( 3381): 
04-30 15:36:09.309 I/OpenCV/StaticHelper( 3381): General configuration for OpenCV 3.4.4 =====================================
04-30 15:36:09.309 I/OpenCV/StaticHelper( 3381):   Version control:               3.4.4
04-30 15:36:09.309 I/OpenCV/StaticHelper( 3381): 
04-30 15:36:09.309 I/OpenCV/StaticHelper( 3381):   Extra modules:
04-30 15:36:09.309 I/OpenCV/StaticHelper( 3381):     Location (extra):            /build/3_4-contrib_pack-contrib-android/opencv_contrib/modules
04-30 15:36:09.309 I/OpenCV/StaticHelper( 3381):     Version control (extra):     3.4.4
04-30 15:36:09.309 I/OpenCV/StaticHelper( 3381): 
04-30 15:36:09.309 I/OpenCV/StaticHelper( 3381):   Platform:
04-30 15:36:09.309 I/OpenCV/StaticHelper( 3381):     Timestamp:                   2018-11-17T00:27:32Z
04-30 15:36:09.309 I/OpenCV/StaticHelper( 3381):     Host:                        Linux 4.15.0-38-generic x86_64
04-30 15:36:09.309 I/OpenCV/StaticHelper( 3381):     Target:                      Linux 1 x86_64
04-30 15:36:09.310 I/OpenCV/StaticHelper( 3381):     CMake:                       2.8.12.2
04-30 15:36:09.310 I/OpenCV/StaticHelper( 3381):     CMake generator:             Ninja
04-30 15:36:09.310 I/OpenCV/StaticHelper( 3381):     CMake build tool:            /usr/bin/ninja
04-30 15:36:09.310 I/OpenCV/StaticHelper( 3381):     Configuration:               Release
04-30 15:36:09.310 I/OpenCV/StaticHelper( 3381): 
04-30 15:36:09.310 I/OpenCV/StaticHelper( 3381):   CPU/HW features:
04-30 15:36:09.310 I/OpenCV/StaticHelper( 3381):     Baseline:                    SSE SSE2 SSE3
04-30 15:36:09.310 I/OpenCV/StaticHelper( 3381):       requested:                 SSE3
04-30 15:36:09.310 I/OpenCV/StaticHelper( 3381):     Dispatched code generation:  SSE4_1 SSE4_2 FP16 AVX AVX2
04-30 15:36:09.310 I/OpenCV/StaticHelper( 3381):       requested:                 SSE4_1 SSE4_2 AVX FP16 AVX2 AVX512_SKX
04-30 15:36:09.361 I/OpenCV/StaticHelper( 3381):       SSE4_1 (4 files):          + SSSE3 SSE4_1
04-30 15:36:09.361 I/OpenCV/StaticHelper( 3381):       SSE4_2 (1 files):          + SSSE3 SSE4_1 POPCNT SSE4_2
04-30 15:36:09.361 I/OpenCV/StaticHelper( 3381):       FP16 (0 files):            + SSSE3 SSE4_1 POPCNT SSE4_2 FP16 AVX
04-30 15:36:09.362 I/OpenCV/StaticHelper( 3381):       AVX (5 files):             + SSSE3 SSE4_1 POPCNT SSE4_2 AVX
04-30 15:36:09.362 I/OpenCV/StaticHelper( 3381):       AVX2 (10 files):           + SSSE3 SSE4_1 POPCNT SSE4_2 FP16 FMA3 AVX AVX2
04-30 15:36:09.362 I/OpenCV/StaticHelper( 3381): 
04-30 15:36:09.362 I/OpenCV/StaticHelper( 3381):   C/C++:
04-30 15:36:09.362 I/OpenCV/StaticHelper( 3381):     Built as dynamic libs?:      NO
04-30 15:36:09.362 I/OpenCV/StaticHelper( 3381):     C++ Compiler:                /usr/bin/ccache /opt/android/android-ndk-r10e/toolchains/x86_64-4.9/prebuilt/linux-x86_64/bin/x86_64-linux-android-g++ (ver 4.9)
04-30 15:36:09.362 I/OpenCV/StaticHelper( 3381):     C++ flags (Release):         -fexceptions -frtti --sysroot=/opt/android/android-ndk-r10e/platforms/android-21/arch-x86_64 -funwind-tables -funswitch-loops -finline-limit=300 -fsigned-char -no-canonical-prefixes -fdata-sections -ffunction-sections -Wa,--noexecstack  -DANDROID -D__ANDROID_API__=21   -fsigned-char -W -Wall -Werror=return-type -Werror=non-virtual-dtor -Werror=address -Werror=sequence-point -Wformat -Werror=format-security -Wmissing-declarations -Wundef -Winit-self -Wpointer-arith -Wshadow -Wsign-promo -Wuninitialized -Winit-self -Wno-narrowing -Wno-delete-non-virtual-dtor -Wno-comment -Wno-missing-field-initializers -fdiagnostics-show-option -Wno-long-long -fomit-frame-pointer  -msse -msse2 -msse3 -fvisibility=hidden -fvisibility-inlines-hidden -fomit-frame-pointer -fstrict-aliasing -O3 -DNDEBUG  -DNDEBUG
04-30 15:36:09.362 I/OpenCV/StaticHelper( 3381):     C++ flags (Debug):           -fexceptions -frtti --sysroot=/opt/android/android-ndk-r10e/platforms/android-21/arch-x86_64 -funwind-tables -funswitch-loops -finline-limit=300 -fsigned-char -no-canonical-prefixes -fdata-sections -ffunction-sections -Wa,--noexecstack  -DANDROID -D__ANDROID_API__=21   -fsigned-char -W -Wall -Werror=return-type -Werror=non-virtual-dtor -Werror=address -Werror=sequence-point -Wformat -Werror=format-security -Wmissing-declarations -Wundef -Winit-self -Wpointer-arith -Wshadow -Wsign-promo -Wuninitialized -Winit-self -Wno-narrowing -Wno-delete-non-virtual-dtor -Wno-comment -Wno-missing-field-initializers -fdiagnostics-show-option -Wno-long-long -fomit-frame-pointer  -msse -msse2 -msse3 -fvisibility=hidden -fvisibility-inlines-hidden -fno-omit-frame-pointer -fno-strict-aliasing -O0 -g -DDEBUG -D_DEBUG  -DDEBUG -D_DEBUG
04-30 15:36:09.362 I/OpenCV/StaticHelper( 3381):     C Compiler:                  /usr/bin/ccache /opt/android/android-ndk-r10e/toolchains/x86_64-4.9/prebuilt/linux-x86_64/bin/x86_64-linux-android-gcc
04-30 15:36:09.362 I/OpenCV/StaticHelper( 3381):     C flags (Release):           -fexceptions --sysroot=/opt/android/android-ndk-r10e/platforms/android-21/arch-x86_64 -funwind-tables -funswitch-loops -finline-limit=300 -fsigned-char -no-canonical-prefixes -fdata-sections -ffunction-sections -Wa,--noexecstack  -DANDROID -D__ANDROID_API__=21   -fsigned-char -W -Wall -Werror=return-type -Werror=non-virtual-dtor -Werror=address -Werror=sequence-point -Wformat -Werror=format-security -Wmissing-declarations -Wmissing-prototypes -Wstrict-prototypes -Wundef -Winit-self -Wpointer-arith -Wshadow -Wuninitialized -Winit-self -Wno-narrowing -Wno-comment -Wno-missing-field-initializers -fdiagnostics-show-option -Wno-long-long -fomit-frame-pointer  -msse -msse2 -msse3 -fvisibility=hidden -fomit-frame-pointer -fstrict-aliasing -O3 -DNDEBUG  -DNDEBUG
04-30 15:36:09.362 I/OpenCV/StaticHelper( 3381):     C flags (Debug):             -fexceptions --sysroot=/opt/android/android-ndk-r10e/platforms/android-21/arch-x86_64 -funwind-tables -funswitch-loops -finline-limit=300 -fsigned-char -no-canonical-prefixes -fdata-sections -ffunction-sections -Wa,--noexecstack  -DANDROID -D__ANDROID_API__=21   -fsigned-char -W -Wall -Werror=return-type -Werror=non-virtual-dtor -Werror=address -Werror=sequence-point -Wformat -Werror=format-security -Wmissing-declarations -Wmissing-prototypes -Wstrict-prototypes -Wundef -Winit-self -Wpointer-arith -Wshadow -Wuninitialized -Winit-self -Wno-narrowing -Wno-comment -Wno-missing-field-initializers -fdiagnostics-show-option -Wno-long-long -fomit-frame-pointer  -msse -msse2 -msse3 -fvisibility=hidden -fno-omit-frame-pointer -fno-strict-aliasing -O0 -g -DDEBUG -D_DEBUG  -DDEBUG -D_DEBUG
04-30 15:36:09.362 I/OpenCV/StaticHelper( 3381):     Linker flags (Release):      -Wl,--exclude-libs,libippicv.a -Wl,--exclude-libs,libippiw.a  -Wl,--no-undefined -Wl,--gc-sections -Wl,-z,noexecstack -Wl,-z,relro -Wl,-z,now    
04-30 15:36:09.362 I/OpenCV/StaticHelper( 3381):     Linker flags (Debug):        -Wl,--exclude-libs,libippicv.a -Wl,--exclude-libs,libippiw.a  -Wl,--no-undefined -Wl,--gc-sections -Wl,-z,noexecstack -Wl,-z,relro -Wl,-z,now    
04-30 15:36:09.374 I/OpenCV/StaticHelper( 3381):     ccache:                      YES
04-30 15:36:09.374 I/OpenCV/StaticHelper( 3381):     Precompiled headers:         NO
04-30 15:36:09.375 I/OpenCV/StaticHelper( 3381):     Extra dependencies:          z dl m log
04-30 15:36:09.375 I/OpenCV/StaticHelper( 3381):     3rdparty dependencies:       tbb libcpufeatures ittnotify libjpeg-turbo libwebp libpng libtiff libjasper IlmImf libprotobuf quirc ippiw ippicv
04-30 15:36:09.375 I/OpenCV/StaticHelper( 3381): 
04-30 15:36:09.375 I/OpenCV/StaticHelper( 3381):   OpenCV modules:
04-30 15:36:09.375 I/OpenCV/StaticHelper( 3381):     To be built:                 aruco bgsegm bioinspired calib3d ccalib core datasets dnn dnn_objdetect dpm face features2d flann fuzzy hfs highgui img_hash imgcodecs imgproc java java_bindings_generator line_descriptor ml objdetect optflow phase_unwrapping photo plot reg rgbd saliency shape stereo stitching structured_light superres surface_matching text tracking video videoio videostab xfeatures2d ximgproc xobjdetect xphoto
04-30 15:36:09.375 I/OpenCV/StaticHelper( 3381):     Disabled:                    world
04-30 15:36:09.375 I/OpenCV/StaticHelper( 3381):     Disabled by dependency:      -
04-30 15:36:09.375 I/OpenCV/StaticHelper( 3381):     Unavailable:                 cnn_3dobj cudaarithm cudabgsegm cudacodec cudafeatures2d cudafilters cudaimgproc cudalegacy cudaobjdetect cudaoptflow cudastereo cudawarping cudev cvv freetype hdf js matlab ovis python2 python3 sfm ts viz
04-30 15:36:09.375 I/OpenCV/StaticHelper( 3381):     Applications:                android_examples
04-30 15:36:09.375 I/OpenCV/StaticHelper( 3381):     Documentation:               NO
04-30 15:36:09.375 I/OpenCV/StaticHelper( 3381):     Non-free algorithms:         NO
04-30 15:36:09.375 I/OpenCV/StaticHelper( 3381): 
04-30 15:36:09.375 I/OpenCV/StaticHelper( 3381):   Android NDK:                   location: /opt/android/android-ndk-r10e
04-30 15:36:09.376 I/OpenCV/StaticHelper( 3381):     Android ABI:                 x86_64
04-30 15:36:09.376 I/OpenCV/StaticHelper( 3381):     NDK toolchain:               x86_64-4.9
04-30 15:36:09.376 I/OpenCV/StaticHelper( 3381):     STL type:                    gnustl_static
04-30 15:36:09.376 I/OpenCV/StaticHelper( 3381):     Native API level:            21
04-30 15:36:09.376 I/OpenCV/StaticHelper( 3381):   Android SDK:                   /opt/android/android-sdk-java7 (tools: 25.2.2 build tools: 23.0.3)
04-30 15:36:09.376 I/OpenCV/StaticHelper( 3381):     android tool:                /opt/android/android-sdk-java7/tools/android
04-30 15:36:09.376 I/OpenCV/StaticHelper( 3381):     SDK target:                  android-21
04-30 15:36:09.376 I/OpenCV/StaticHelper( 3381):     Projects build scripts:      Ant/Eclipse compatible
04-30 15:36:09.376 I/OpenCV/StaticHelper( 3381): 
04-30 15:36:09.376 I/OpenCV/StaticHelper( 3381):   GUI: 
04-30 15:36:09.376 I/OpenCV/StaticHelper( 3381): 
04-30 15:36:09.376 I/OpenCV/StaticHelper( 3381):   Media I/O: 
04-30 15:36:09.376 I/OpenCV/StaticHelper( 3381):     ZLib:                        z (ver 1.2.3)
04-30 15:36:09.376 I/OpenCV/StaticHelper( 3381):     JPEG:                        build-libjpeg-turbo (ver 1.5.3-62)
04-30 15:36:09.377 I/OpenCV/StaticHelper( 3381):     WEBP:                        build (ver encoder: 0x020e)
04-30 15:36:09.377 I/OpenCV/StaticHelper( 3381):     PNG:                         build (ver 1.6.35)
04-30 15:36:09.377 I/OpenCV/StaticHelper( 3381):     TIFF:                        build (ver 42 - 4.0.9)
04-30 15:36:09.377 I/OpenCV/StaticHelper( 3381):     JPEG 2000:                   build (ver 1.900.1)
04-30 15:36:09.377 I/OpenCV/StaticHelper( 3381):     OpenEXR:                     build (ver 1.7.1)
04-30 15:36:09.377 I/OpenCV/StaticHelper( 3381):     HDR:                         YES
04-30 15:36:09.377 I/OpenCV/StaticHelper( 3381):     SUNRASTER:                   YES
04-30 15:36:09.377 I/OpenCV/StaticHelper( 3381):     PXM:                         YES
04-30 15:36:09.377 I/OpenCV/StaticHelper( 3381): 
04-30 15:36:09.377 I/OpenCV/StaticHelper( 3381):   Video I/O:
04-30 15:36:09.377 I/OpenCV/StaticHelper( 3381): 
04-30 15:36:09.377 I/OpenCV/StaticHelper( 3381):   Parallel framework:            TBB (ver 2018.0 interface 10001)
04-30 15:36:09.377 I/OpenCV/StaticHelper( 3381): 
04-30 15:36:09.377 I/OpenCV/StaticHelper( 3381):   Trace:                         YES (with Intel ITT)
04-30 15:36:09.378 I/OpenCV/StaticHelper( 3381): 
04-30 15:36:09.378 I/OpenCV/StaticHelper( 3381):   Other third-party libraries:
04-30 15:36:09.378 I/OpenCV/StaticHelper( 3381):     Intel IPP:                   2019.0.0 Gold [2019.0.0]
04-30 15:36:09.378 I/OpenCV/StaticHelper( 3381):            at:                   /build/3_4-contrib_pack-contrib-android/build/o4a/3rdparty/ippicv/ippicv_lnx/icv
04-30 15:36:09.378 I/OpenCV/StaticHelper( 3381):     Intel IPP IW:                sources (2019.0.0)
04-30 15:36:09.378 I/OpenCV/StaticHelper( 3381):               at:                /build/3_4-contrib_pack-contrib-android/build/o4a/3rdparty/ippicv/ippicv_lnx/iw
04-30 15:36:09.378 I/OpenCV/StaticHelper( 3381):     Custom HAL:                  NO
04-30 15:36:09.378 I/OpenCV/StaticHelper( 3381):     Protobuf:                    build (3.5.1)
04-30 15:36:09.378 I/OpenCV/StaticHelper( 3381): 
04-30 15:36:09.378 I/OpenCV/StaticHelper( 3381):   Python (for build):            /usr/bin/python2.7
04-30 15:36:09.378 I/OpenCV/StaticHelper( 3381): 
04-30 15:36:09.378 I/OpenCV/StaticHelper( 3381):   Java:                          export all functions
04-30 15:36:09.378 I/OpenCV/StaticHelper( 3381):     ant:                         /usr/bin/ant (ver 1.9.3)
04-30 15:36:09.378 I/OpenCV/StaticHelper( 3381):     Java wrappers:               YES
04-30 15:36:09.378 I/OpenCV/StaticHelper( 3381):     Java tests:                  NO
04-30 15:36:09.378 I/OpenCV/StaticHelper( 3381): 
04-30 15:36:09.379 I/OpenCV/StaticHelper( 3381):   Install to:                    /build/3_4-contrib_pack-contrib-android/build/o4a/install
04-30 15:36:09.379 I/OpenCV/StaticHelper( 3381): -----------------------------------------------------------------
04-30 15:36:09.379 D/OpenCv  ( 3381): OpenCV loaded
04-30 15:36:10.643 I/Registrar( 3381): MasterXmlRpcEndpoint URI: http://llp:11311
04-30 15:36:10.880 I/Registrar( 3381): Registering publisher: Publisher<PublisherDefinition<PublisherIdentifier<NodeIdentifier</kibo_rpc_api, http://hlp:49094/>, TopicIdentifier</rosout>>, Topic<TopicIdentifier</rosout>, TopicDescription<rosgraph_msgs/Log, acffd30cd6b6de30f120938c17c593fb>>>>
04-30 15:36:12.387 I/Registrar( 3381): Response<Success, Registered [/kibo_rpc_api] as publisher of [/rosout], [http://10.42.0.34:38874/, http://10.42.0.34:36735/]>
04-30 15:36:12.397 I/DefaultPublisher( 3381): Publisher registered: Publisher<PublisherDefinition<PublisherIdentifier<NodeIdentifier</kibo_rpc_api, http://hlp:49094/>, TopicIdentifier</rosout>>, Topic<TopicIdentifier</rosout>, TopicDescription<rosgraph_msgs/Log, acffd30cd6b6de30f120938c17c593fb>>>>
04-30 15:36:12.421 W/art     ( 3381): Suspending all threads took: 5.899ms
04-30 15:36:12.779 I/Registrar( 3381): Registering subscriber: Subscriber<Topic<TopicIdentifier</clock>, TopicDescription<rosgraph_msgs/Clock, a9c97c1d230cfc112e270351a944ee47>>>
04-30 15:36:12.922 I/Registrar( 3381): Response<Success, Subscribed to [/clock], [http://10.42.0.34:38579/]>
04-30 15:36:12.954 I/DefaultSubscriber( 3381): Subscriber registered: Subscriber<Topic<TopicIdentifier</clock>, TopicDescription<rosgraph_msgs/Clock, a9c97c1d230cfc112e270351a944ee47>>>
04-30 15:36:13.782 I/Registrar( 3381): Registering publisher: Publisher<PublisherDefinition<PublisherIdentifier<NodeIdentifier</kibo_rpc_api, http://hlp:49094/>, TopicIdentifier</command>>, Topic<TopicIdentifier</command>, TopicDescription<ff_msgs/CommandStamped, ac01350894b1be9e3a7b4f390a14812d>>>>
04-30 15:36:14.061 I/Registrar( 3381): MasterXmlRpcEndpoint URI: http://llp:11311
04-30 15:36:14.628 I/Registrar( 3381): Response<Success, Registered [/kibo_rpc_api] as publisher of [/command], [http://10.42.0.34:38579/, http://10.42.0.34:41864/, http://10.42.0.34:36244/, http://10.42.0.34:36735/]>
04-30 15:36:14.631 I/DefaultPublisher( 3381): Publisher registered: Publisher<PublisherDefinition<PublisherIdentifier<NodeIdentifier</kibo_rpc_api, http://hlp:49094/>, TopicIdentifier</command>>, Topic<TopicIdentifier</command>, TopicDescription<ff_msgs/CommandStamped, ac01350894b1be9e3a7b4f390a14812d>>>>
04-30 15:36:14.715 W/art     ( 3381): Suspending all threads took: 6.845ms
04-30 15:36:15.527 I/Registrar( 3381): Registering subscriber: Subscriber<Topic<TopicIdentifier</mgt/ack>, TopicDescription<ff_msgs/AckStamped, cebddec69fd770df54633be444a9187d>>>
04-30 15:36:15.846 W/art     ( 3381): Suspending all threads took: 7.360ms
04-30 15:36:16.081 I/Registrar( 3381): Registering publisher: Publisher<PublisherDefinition<PublisherIdentifier<NodeIdentifier</GetterNode, http://hlp:35255/>, TopicIdentifier</rosout>>, Topic<TopicIdentifier</rosout>, TopicDescription<rosgraph_msgs/Log, acffd30cd6b6de30f120938c17c593fb>>>>
04-30 15:36:16.392 I/Registrar( 3381): Response<Success, Subscribed to [/mgt/ack], [http://10.42.0.34:41864/]>
04-30 15:36:16.639 I/DefaultSubscriber( 3381): Subscriber registered: Subscriber<Topic<TopicIdentifier</mgt/ack>, TopicDescription<ff_msgs/AckStamped, cebddec69fd770df54633be444a9187d>>>
04-30 15:36:16.851 I/Registrar( 3381): Response<Success, Registered [/GetterNode] as publisher of [/rosout], [http://10.42.0.34:38874/, http://10.42.0.34:36735/]>
04-30 15:36:16.859 I/DefaultPublisher( 3381): Publisher registered: Publisher<PublisherDefinition<PublisherIdentifier<NodeIdentifier</GetterNode, http://hlp:35255/>, TopicIdentifier</rosout>>, Topic<TopicIdentifier</rosout>, TopicDescription<rosgraph_msgs/Log, acffd30cd6b6de30f120938c17c593fb>>>>
04-30 15:36:17.889 I/Registrar( 3381): Registering subscriber: Subscriber<Topic<TopicIdentifier</gnc/ekf>, TopicDescription<ff_msgs/EkfState, 543b97822b033d7199b506ad4005f134>>>
04-30 15:36:18.030 W/art     ( 3381): Long monitor contention with owner pool-1-thread-3 (3399) at void gov.nasa.arc.astrobee.ros.internal.RobotNodeMain.onStart(org.ros.node.ConnectedNode)(RobotNodeMain.java:61) waiters=0 in org.ros.message.MessageFactory gov.nasa.arc.astrobee.ros.internal.RobotNodeMain.getTopicMessageFactory() for 4.447s
04-30 15:36:18.034 W/art     ( 3381): Long monitor contention with owner pool-1-thread-3 (3399) at void gov.nasa.arc.astrobee.ros.internal.RobotNodeMain.onStart(org.ros.node.ConnectedNode)(RobotNodeMain.java:61) waiters=1 in void gov.nasa.arc.astrobee.ros.internal.RobotNodeMain$1.onNewSubscriber(org.ros.node.topic.Publisher, org.ros.internal.node.topic.SubscriberIdentifier) for 2.551s
04-30 15:36:18.150 I/Registrar( 3381): Registering subscriber: Subscriber<Topic<TopicIdentifier</clock>, TopicDescription<rosgraph_msgs/Clock, a9c97c1d230cfc112e270351a944ee47>>>
04-30 15:36:18.694 I/Registrar( 3381): Response<Success, Subscribed to [/gnc/ekf], [http://10.42.0.34:37222/]>
04-30 15:36:18.700 I/Registrar( 3381): Response<Success, Subscribed to [/clock], [http://10.42.0.34:38579/]>
04-30 15:36:18.775 D/KiboRpcApi( 3381): GetterNode initialization started.
04-30 15:36:18.781 I/DefaultSubscriber( 3381): Subscriber registered: Subscriber<Topic<TopicIdentifier</gnc/ekf>, TopicDescription<ff_msgs/EkfState, 543b97822b033d7199b506ad4005f134>>>
04-30 15:36:18.847 I/DefaultSubscriber( 3381): Subscriber registered: Subscriber<Topic<TopicIdentifier</clock>, TopicDescription<rosgraph_msgs/Clock, a9c97c1d230cfc112e270351a944ee47>>>
04-30 15:36:20.060 W/art     ( 3381): Suspending all threads took: 7.961ms
04-30 15:36:21.895 W/art     ( 3303): Suspending all threads took: 14.013ms
04-30 15:36:22.065 I/art     ( 3303): Background sticky concurrent mark sweep GC freed 116148(3MB) AllocSpace objects, 10(200KB) LOS objects, 36% free, 7MB/11MB, paused 16.483ms total 262.169ms
04-30 15:36:22.328 I/Registrar( 3381): Registering subscriber: Subscriber<Topic<TopicIdentifier</gnc/ekf_noise>, TopicDescription<ff_msgs/EkfState, 543b97822b033d7199b506ad4005f134>>>
04-30 15:36:22.793 I/Registrar( 3381): Response<Success, Subscribed to [/gnc/ekf_noise], [http://10.42.0.34:37222/]>
04-30 15:36:22.860 I/DefaultSubscriber( 3381): Subscriber registered: Subscriber<Topic<TopicIdentifier</gnc/ekf_noise>, TopicDescription<ff_msgs/EkfState, 543b97822b033d7199b506ad4005f134>>>
04-30 15:36:22.887 I/Registrar( 3381): Registering subscriber: Subscriber<Topic<TopicIdentifier</hw/imu>, TopicDescription<sensor_msgs/Imu, 6a62c6daae103f4ff57a132d6f95cec2>>>
04-30 15:36:23.081 I/Registrar( 3381): Registering subscriber: Subscriber<Topic<TopicIdentifier</hw/cam_nav>, TopicDescription<sensor_msgs/Image, 060021388200f6f0f447d0fcd9c64743>>>
04-30 15:36:23.209 I/Registrar( 3381): Response<Success, Subscribed to [/hw/imu], [http://10.42.0.34:38579/]>
04-30 15:36:23.266 I/DefaultSubscriber( 3381): Subscriber registered: Subscriber<Topic<TopicIdentifier</hw/imu>, TopicDescription<sensor_msgs/Imu, 6a62c6daae103f4ff57a132d6f95cec2>>>
04-30 15:36:23.707 I/Registrar( 3381): Registering subscriber: Subscriber<Topic<TopicIdentifier</hw/cam_dock>, TopicDescription<sensor_msgs/Image, 060021388200f6f0f447d0fcd9c64743>>>
04-30 15:36:24.147 I/Registrar( 3381): Response<Success, Subscribed to [/hw/cam_nav], [http://10.42.0.34:38579/]>
04-30 15:36:24.240 I/DefaultSubscriber( 3381): Subscriber registered: Subscriber<Topic<TopicIdentifier</hw/cam_nav>, TopicDescription<sensor_msgs/Image, 060021388200f6f0f447d0fcd9c64743>>>
04-30 15:36:25.514 I/Registrar( 3381): Registering subscriber: Subscriber<Topic<TopicIdentifier</hw/depth_haz/points>, TopicDescription<sensor_msgs/PointCloud2, 1158d486dd51d683ce2f1be655c3c181>>>
04-30 15:36:26.254 I/Registrar( 3381): Response<Success, Subscribed to [/hw/cam_dock], [http://10.42.0.34:38579/]>
04-30 15:36:26.366 I/DefaultSubscriber( 3381): Subscriber registered: Subscriber<Topic<TopicIdentifier</hw/cam_dock>, TopicDescription<sensor_msgs/Image, 060021388200f6f0f447d0fcd9c64743>>>
04-30 15:36:27.236 I/Registrar( 3381): Response<Success, Subscribed to [/hw/depth_haz/points], [http://10.42.0.34:38579/]>
04-30 15:36:27.414 I/DefaultSubscriber( 3381): Subscriber registered: Subscriber<Topic<TopicIdentifier</hw/depth_haz/points>, TopicDescription<sensor_msgs/PointCloud2, 1158d486dd51d683ce2f1be655c3c181>>>
04-30 15:36:27.637 W/art     ( 3381): Suspending all threads took: 12.073ms
04-30 15:36:27.842 I/art     ( 3381): Do partial code cache collection, code=17KB, data=29KB
04-30 15:36:28.280 I/Registrar( 3381): Registering subscriber: Subscriber<Topic<TopicIdentifier</hw/depth_perch/points>, TopicDescription<sensor_msgs/PointCloud2, 1158d486dd51d683ce2f1be655c3c181>>>
04-30 15:36:28.337 I/art     ( 3381): After code cache collection, code=17KB, data=29KB
04-30 15:36:28.337 I/art     ( 3381): Increasing code cache capacity to 128KB
04-30 15:36:29.929 I/Registrar( 3381): Response<Success, Subscribed to [/hw/depth_perch/points], [http://10.42.0.34:38579/]>
04-30 15:36:30.316 I/DefaultSubscriber( 3381): Subscriber registered: Subscriber<Topic<TopicIdentifier</hw/depth_perch/points>, TopicDescription<sensor_msgs/PointCloud2, 1158d486dd51d683ce2f1be655c3c181>>>
04-30 15:36:32.386 I/Registrar( 3381): Registering subscriber: Subscriber<Topic<TopicIdentifier</beh/dock/state>, TopicDescription<ff_msgs/DockState, 09d842ed9109dbc2bf96976f8fb2eaa5>>>
04-30 15:36:33.869 D/KiboRpcApi( 3381): GetterNode initialization succeeded.
04-30 15:36:34.428 W/art     ( 3381): Long monitor contention with owner New I/O  worker #17 (3476) at boolean org.ros.concurrent.CircularBlockingDeque.addLast(java.lang.Object)(CircularBlockingDeque.java:72) waiters=1 in void java.lang.Object.wait!() for 235ms
04-30 15:36:34.572 W/art     ( 3381): Suspending all threads took: 19.210ms
04-30 15:36:35.670 I/Registrar( 3381): Response<Success, Subscribed to [/beh/dock/state], [http://10.42.0.34:35542/]>
04-30 15:36:35.709 I/DefaultSubscriber( 3381): Subscriber registered: Subscriber<Topic<TopicIdentifier</beh/dock/state>, TopicDescription<ff_msgs/DockState, 09d842ed9109dbc2bf96976f8fb2eaa5>>>
04-30 15:36:35.890 W/art     ( 3381): Long monitor contention with owner New I/O  worker #5 (3428) at boolean org.ros.concurrent.CircularBlockingDeque.addLast(java.lang.Object)(CircularBlockingDeque.java:72) waiters=1 in void java.lang.Object.wait!() for 191ms
04-30 15:36:36.207 W/art     ( 3381): Long monitor contention with owner New I/O  worker #25 (3489) at boolean org.ros.concurrent.CircularBlockingDeque.addLast(java.lang.Object)(CircularBlockingDeque.java:72) waiters=1 in void java.lang.Object.wait!() for 483ms
04-30 15:36:36.622 W/art     ( 3381): Long monitor contention with owner New I/O  worker #17 (3476) at boolean org.ros.concurrent.CircularBlockingDeque.addLast(java.lang.Object)(CircularBlockingDeque.java:72) waiters=1 in void java.lang.Object.wait!() for 379ms
04-30 15:36:36.880 W/art     ( 3381): Suspending all threads took: 7.845ms
04-30 15:36:37.108 W/art     ( 3381): Long monitor contention with owner pool-1-thread-13 (3416) at java.lang.Object org.ros.concurrent.CircularBlockingDeque.takeFirst()(CircularBlockingDeque.java:117) waiters=0 in boolean org.ros.concurrent.CircularBlockingDeque.addLast(java.lang.Object) for 368ms
04-30 15:36:40.671 W/art     ( 3381): Suspending all threads took: 11.552ms
04-30 15:36:41.837 W/art     ( 3381): Long monitor contention with owner New I/O  worker #17 (3476) at boolean org.ros.concurrent.CircularBlockingDeque.addLast(java.lang.Object)(CircularBlockingDeque.java:72) waiters=1 in void java.lang.Object.wait!() for 149ms
04-30 15:36:42.652 W/art     ( 3381): Long monitor contention with owner New I/O  worker #25 (3489) at boolean org.ros.concurrent.CircularBlockingDeque.addLast(java.lang.Object)(CircularBlockingDeque.java:72) waiters=1 in void java.lang.Object.wait!() for 113ms
04-30 15:36:42.704 W/art     ( 3381): Long monitor contention with owner pool-1-thread-34 (3463) at java.lang.Class java.lang.reflect.Proxy.getProxyClass0(java.lang.ClassLoader, java.lang.Class[])(Proxy.java:457) waiters=2 in java.lang.Class java.lang.reflect.Proxy.getProxyClass0(java.lang.ClassLoader, java.lang.Class[]) for 213ms
04-30 15:36:42.753 W/art     ( 3381): Long monitor contention with owner pool-1-thread-34 (3463) at java.lang.Class java.lang.reflect.Proxy.getProxyClass0(java.lang.ClassLoader, java.lang.Class[])(Proxy.java:457) waiters=4 in java.lang.Class java.lang.reflect.Proxy.getProxyClass0(java.lang.ClassLoader, java.lang.Class[]) for 253ms
