04-30 15:31:04.417 W/art     ( 2191): Long monitor contention with owner Binder:2191_3 (2405) at void com.android.server.am.ActivityManagerService.appendDropBoxProcessHeaders(com.android.server.am.ProcessRecord, java.lang.String, java.lang.StringBuilder)(ActivityManagerService.java:13756) waiters=0 in void com.android.server.am.ActivityManagerService$20.run() for 9.112s
04-30 15:31:04.425 W/art     ( 2191): Long monitor contention with owner ActivityManager (2221) at void com.android.server.am.ActivityStackSupervisor$ActivityStackSupervisorHandler.handleMessage(android.os.Message)(ActivityStackSupervisor.java:3910) waiters=7 in java.lang.String com.android.server.am.ActivityManagerService.checkContentProviderAccess(java.lang.String, int) for 11.044s
04-30 15:31:04.462 W/art     ( 2191): Long monitor contention with owner ActivityManager (2221) at void com.android.server.am.ActivityStackSupervisor$ActivityStackSupervisorHandler.handleMessage(android.os.Message)(ActivityStackSupervisor.java:3910) waiters=8 in android.content.IIntentSender com.android.server.am.ActivityManagerService.getIntentSender(int, java.lang.String, android.os.IBinder, java.lang.String, int, android.content.Intent[], java.lang.String[], int, android.os.Bundle, int) for 11.047s
04-30 15:31:04.680 W/System  ( 2920): ClassLoader referenced unknown path: /system/app/Launcher3/lib/x86_64
04-30 15:31:04.884 W/art     ( 2191): Long monitor contention with owner ActivityManager (2221) at void com.android.server.am.ActivityStackSupervisor$ActivityStackSupervisorHandler.handleMessage(android.os.Message)(ActivityStackSupervisor.java:3910) waiters=7 in boolean com.android.server.am.ActivityManagerService.isUserRunning(int, int) for 11.478s
04-30 15:31:04.890 W/art     ( 2191): Long monitor contention with owner backup (2902) at int com.android.server.am.ActivityManagerService.getAppStartMode(int, java.lang.String)(ActivityManagerService.java:7896) waiters=8 in android.content.Intent com.android.server.am.ActivityManagerService.registerReceiver(android.app.IApplicationThread, java.lang.String, android.content.IIntentReceiver, android.content.IntentFilter, java.lang.String, int) for 10.951s
04-30 15:31:04.891 W/art     ( 2191): Long monitor contention with owner Binder:2191_5 (2618) at void com.android.server.am.ActivityManagerService.attachApplication(android.app.IApplicationThread)(ActivityManagerService.java:6669) waiters=7 in void com.android.server.am.ActivityManagerService.dispatchUidsChanged() for 10.947s
04-30 15:31:05.000 W/art     ( 2191): Long monitor contention with owner ActivityManager (2221) at void com.android.server.am.ActivityStackSupervisor$ActivityStackSupervisorHandler.handleMessage(android.os.Message)(ActivityStackSupervisor.java:3910) waiters=9 in void com.android.server.am.ActivityManagerService$3.handleMessage(android.os.Message) for 11.586s
04-30 15:31:05.020 W/art     ( 2191): Long monitor contention with owner Binder:2191_5 (2618) at void com.android.server.am.ActivityManagerService.attachApplication(android.app.IApplicationThread)(ActivityManagerService.java:6669) waiters=9 in void com.android.server.am.ActivityStack$ActivityStackHandler.handleMessage(android.os.Message) for 9.311s
04-30 15:31:05.021 W/art     ( 2191): Long monitor contention with owner Binder:2191_5 (2618) at void com.android.server.am.ActivityManagerService.attachApplication(android.app.IApplicationThread)(ActivityManagerService.java:6669) waiters=10 in void com.android.server.am.ActivityManagerService$LocalService.notifyAppTransitionStarting(int) for 4.857s
04-30 15:31:05.039 I/Choreographer( 2191): Skipped 304 frames!  The application may be doing too much work on its main thread.
04-30 15:31:05.068 W/ActivityManager( 2191): Launch timeout has expired, giving up wake lock!
04-30 15:31:05.170 D/WIFI    ( 2191): Registering NetworkFactory
04-30 15:31:05.246 D/ConnectivityService( 2191): Got NetworkFactory Messenger for WIFI
04-30 15:31:05.248 D/WIFI_UT ( 2191): Registering NetworkFactory
04-30 15:31:05.248 D/ConnectivityService( 2191): Got NetworkFactory Messenger for WIFI_UT
04-30 15:31:05.283 W/art     ( 2191): Long monitor contention with owner Binder:2191_5 (2618) at void com.android.server.am.ActivityManagerService.attachApplication(android.app.IApplicationThread)(ActivityManagerService.java:6669) waiters=8 in int com.android.server.am.ActivityManagerService.getAppStartMode(int, java.lang.String) for 11.322s
04-30 15:31:05.287 D/WIFI    ( 2191): got request NetworkRequest [ REQUEST id=1, [ Capabilities: INTERNET&NOT_RESTRICTED&TRUSTED&NOT_VPN] ] with score 0
04-30 15:31:05.288 D/WIFI_UT ( 2191): got request NetworkRequest [ REQUEST id=1, [ Capabilities: INTERNET&NOT_RESTRICTED&TRUSTED&NOT_VPN] ] with score 0
04-30 15:31:05.325 D/LauncherProvider( 2920): Launcher process started
04-30 15:31:05.584 V/AlarmClock( 2783): AlarmInitReceiver finished
04-30 15:31:06.105 W/ActivityManager( 2191): Slow operation: 147ms so far, now at startProcess: returned from zygote!
04-30 15:31:06.105 W/ActivityManager( 2191): Slow operation: 147ms so far, now at startProcess: done updating battery stats
04-30 15:31:06.106 W/ActivityManager( 2191): Slow operation: 148ms so far, now at startProcess: building log message
04-30 15:31:06.106 I/ActivityManager( 2191): Start proc 2989:com.android.keychain/1000 for service com.android.keychain/.KeyChainService
04-30 15:31:06.106 W/ActivityManager( 2191): Slow operation: 148ms so far, now at startProcess: starting to update pids map
04-30 15:31:06.106 W/ActivityManager( 2191): Slow operation: 148ms so far, now at startProcess: done updating pids map
04-30 15:31:06.106 W/ActivityManager( 2191): Slow operation: 149ms so far, now at startProcess: done starting proc!
04-30 15:31:06.107 W/art     ( 2191): Long monitor contention with owner AsyncTask #4 (2916) at int com.android.server.am.ActivityManagerService.bindService(android.app.IApplicationThread, android.os.IBinder, android.content.Intent, java.lang.String, android.app.IServiceConnection, int, java.lang.String, int)(ActivityManagerService.java:17301) waiters=0 in android.content.Intent com.android.server.am.ActivityManagerService.registerReceiver(android.app.IApplicationThread, java.lang.String, android.content.IIntentReceiver, android.content.IntentFilter, java.lang.String, int) for 164ms
04-30 15:31:06.239 W/art     ( 2989): Unexpected CPU variant for X86 using defaults: x86_64
04-30 15:31:06.826 W/System  ( 2989): ClassLoader referenced unknown path: /system/app/KeyChain/lib/x86_64
04-30 15:31:06.542 I/AlarmClock( 2783): AlarmInitReceiver android.intent.action.LOCKED_BOOT_COMPLETED
04-30 15:31:07.837 W/art     ( 2191): Long monitor contention with owner backup (2902) at void com.android.server.AlarmManagerService.setImpl(int, long, long, long, android.app.PendingIntent, android.app.IAlarmListener, java.lang.String, int, android.os.WorkSource, android.app.AlarmManager$AlarmClockInfo, int, java.lang.String)(AlarmManagerService.java:1072) waiters=0 in void com.android.server.AlarmManagerService$AlarmThread.run() for 7.815s
04-30 15:31:07.916 W/art     ( 2191): Long monitor contention with owner backup (2902) at int com.android.server.am.ActivityManagerService.getAppStartMode(int, java.lang.String)(ActivityManagerService.java:7896) waiters=0 in void com.android.server.job.JobSchedulerService.updateUidState(int, int) for 3.020s
04-30 15:31:08.190 I/art     ( 2817): Background sticky concurrent mark sweep GC freed 16895(2MB) AllocSpace objects, 2(40KB) LOS objects, 28% free, 7MB/10MB, paused 2.363ms total 443.512ms
04-30 15:31:08.277 W/art     ( 2191): Long monitor contention with owner android.display (2234) at void com.android.server.wm.WindowAnimator$1.doFrame(long)(WindowAnimator.java:144) waiters=0 in float com.android.server.wm.WindowManagerService.getCurrentAnimatorScale() for 2.744s
04-30 15:31:09.107 W/System  ( 2817): ClassLoader referenced unknown path: 
04-30 15:31:09.108 W/System  ( 2817): ClassLoader referenced unknown path: /system/priv-app/Dialer/lib/x86_64
04-30 15:31:09.112 D/ApplicationLoaders( 2817): ignored Vulkan layer search path /system/priv-app/Dialer/lib/x86_64:/system/lib64:/vendor/lib64 for namespace 0x7595d84ed0f0
04-30 15:31:09.356 D/AlarmClock/Events( 2783): [Stopwatch] [Reset] [Reboot]
04-30 15:31:09.551 E/BluetoothAdapter( 2817): Bluetooth binder is null
04-30 15:31:09.701 I/CameraManagerGlobal( 2817): Connecting to camera service
04-30 15:31:10.004 W/art     ( 2783): Suspending all threads took: 10.339ms
04-30 15:31:10.103 V/AlarmClock( 2783): AlarmInitReceiver finished
04-30 15:31:10.109 W/ActivityManager( 2191): Slow operation: 51ms so far, now at startProcess: returned from zygote!
04-30 15:31:10.109 W/ActivityManager( 2191): Slow operation: 51ms so far, now at startProcess: done updating battery stats
04-30 15:31:10.109 W/ActivityManager( 2191): Slow operation: 51ms so far, now at startProcess: building log message
04-30 15:31:10.110 I/ActivityManager( 2191): Start proc 3009:android.process.media/u0a10 for broadcast com.android.providers.downloads/.DownloadReceiver
04-30 15:31:10.110 W/ActivityManager( 2191): Slow operation: 52ms so far, now at startProcess: starting to update pids map
04-30 15:31:10.110 W/ActivityManager( 2191): Slow operation: 52ms so far, now at startProcess: done updating pids map
04-30 15:31:10.110 W/ActivityManager( 2191): Slow operation: 52ms so far, now at startProcess: done starting proc!
04-30 15:31:10.245 W/art     ( 3009): Unexpected CPU variant for X86 using defaults: x86_64
04-30 15:31:10.907 E/NetdConnector( 2191): NDC Command {19 bandwidth addniceapps 10010} took too long (796ms)
04-30 15:31:10.991 W/System  ( 3009): ClassLoader referenced unknown path: /system/priv-app/DownloadProvider/lib/x86_64
04-30 15:31:11.081 V/EmulatedCamera_Camera( 1327): getCameraInfo
04-30 15:31:11.082 V/EmulatedCamera_BaseCamera( 1327): getCameraInfo
04-30 15:31:11.104 I/CameraService( 1327): getCameraCharacteristics: Switching to HAL1 shim implementation...
04-30 15:31:11.104 V/EmulatedCamera_Camera( 1327): getCameraInfo
04-30 15:31:11.104 V/EmulatedCamera_BaseCamera( 1327): getCameraInfo
04-30 15:31:11.110 V/EmulatedCamera_Camera( 1327): getCameraInfo
04-30 15:31:11.110 V/EmulatedCamera_BaseCamera( 1327): getCameraInfo
04-30 15:31:11.119 V/EmulatedCamera_Camera( 1327): getCameraInfo
04-30 15:31:11.119 V/EmulatedCamera_BaseCamera( 1327): getCameraInfo
04-30 15:31:11.362 W/System  ( 3009): ClassLoader referenced unknown path: /system/priv-app/MediaProvider/lib/x86_64
04-30 15:31:11.368 I/StatusBar( 2817): isKeyguardShowing() called before startKeyguard(), returning true
04-30 15:31:11.370 W/StatusBar( 2817): isKeyguardSecure() called before startKeyguard(), returning false
04-30 15:31:11.370 W/StatusBar( 2817): java.lang.Throwable
04-30 15:31:11.370 W/StatusBar( 2817): 	at com.android.systemui.statusbar.BaseStatusBar.isKeyguardSecure(BaseStatusBar.java:2647)
04-30 15:31:11.370 W/StatusBar( 2817): 	at com.android.systemui.statusbar.BaseStatusBar.isCameraAllowedByAdmin(BaseStatusBar.java:2670)
04-30 15:31:11.370 W/StatusBar( 2817): 	at com.android.systemui.statusbar.phone.KeyguardBottomAreaView.updateCameraVisibility(KeyguardBottomAreaView.java:309)
04-30 15:31:11.370 W/StatusBar( 2817): 	at com.android.systemui.statusbar.phone.KeyguardBottomAreaView.setPhoneStatusBar(KeyguardBottomAreaView.java:272)
04-30 15:31:11.370 W/StatusBar( 2817): 	at com.android.systemui.statusbar.phone.PhoneStatusBar.makeStatusBarView(PhoneStatusBar.java:904)
04-30 15:31:11.370 W/StatusBar( 2817): 	at com.android.systemui.statusbar.phone.PhoneStatusBar.addStatusBarWindow(PhoneStatusBar.java:3432)
04-30 15:31:11.370 W/StatusBar( 2817): 	at com.android.systemui.statusbar.phone.PhoneStatusBar.createAndAddWindows(PhoneStatusBar.java:3428)
04-30 15:31:11.370 W/StatusBar( 2817): 	at com.android.systemui.statusbar.BaseStatusBar.start(BaseStatusBar.java:765)
04-30 15:31:11.370 W/StatusBar( 2817): 	at com.android.systemui.statusbar.phone.PhoneStatusBar.start(PhoneStatusBar.java:686)
04-30 15:31:11.370 W/StatusBar( 2817): 	at com.android.systemui.statusbar.SystemBars.createStatusBarFromConfig(SystemBars.java:106)
04-30 15:31:11.370 W/StatusBar( 2817): 	at com.android.systemui.statusbar.SystemBars.onNoService(SystemBars.java:58)
04-30 15:31:11.370 W/StatusBar( 2817): 	at com.android.systemui.statusbar.ServiceMonitor.startService(ServiceMonitor.java:230)
04-30 15:31:11.370 W/StatusBar( 2817): 	at com.android.systemui.statusbar.ServiceMonitor.-wrap5(ServiceMonitor.java)
04-30 15:31:11.370 W/StatusBar( 2817): 	at com.android.systemui.statusbar.ServiceMonitor$1.handleMessage(ServiceMonitor.java:73)
04-30 15:31:11.370 W/StatusBar( 2817): 	at android.os.Handler.dispatchMessage(Handler.java:102)
04-30 15:31:11.370 W/StatusBar( 2817): 	at android.os.Looper.loop(Looper.java:154)
04-30 15:31:11.370 W/StatusBar( 2817): 	at android.app.ActivityThread.main(ActivityThread.java:6119)
04-30 15:31:11.370 W/StatusBar( 2817): 	at java.lang.reflect.Method.invoke(Native Method)
04-30 15:31:11.370 W/StatusBar( 2817): 	at com.android.internal.os.ZygoteInit$MethodAndArgsCaller.run(ZygoteInit.java:886)
04-30 15:31:11.370 W/StatusBar( 2817): 	at com.android.internal.os.ZygoteInit.main(ZygoteInit.java:776)
04-30 15:31:11.404 I/BackupManagerService( 2191): Found stale backup journal, scheduling
04-30 15:31:11.417 D/ApplicationLoaders( 3009): ignored Vulkan layer search path /system/priv-app/MediaProvider/lib/x86_64:/system/priv-app/MediaProvider/MediaProvider.apk!/lib/x86_64:/system/lib64:/vendor/lib64 for namespace 0x7595d838a0f0
04-30 15:31:11.426 W/art     ( 2191): Long monitor contention with owner android.display (2234) at void com.android.server.wm.WindowManagerService$H.handleMessage(android.os.Message)(WindowManagerService.java:8368) waiters=0 in float com.android.server.wm.WindowManagerService.getCurrentAnimatorScale() for 3.149s
04-30 15:31:11.569 I/StatusBar( 2817): isKeyguardShowing() called before startKeyguard(), returning true
04-30 15:31:11.571 W/StatusBar( 2817): isKeyguardSecure() called before startKeyguard(), returning false
04-30 15:31:11.571 W/StatusBar( 2817): java.lang.Throwable
04-30 15:31:11.571 W/StatusBar( 2817): 	at com.android.systemui.statusbar.BaseStatusBar.isKeyguardSecure(BaseStatusBar.java:2647)
04-30 15:31:11.571 W/StatusBar( 2817): 	at com.android.systemui.statusbar.BaseStatusBar.isCameraAllowedByAdmin(BaseStatusBar.java:2670)
04-30 15:31:11.571 W/StatusBar( 2817): 	at com.android.systemui.statusbar.phone.KeyguardBottomAreaView.updateCameraVisibility(KeyguardBottomAreaView.java:309)
04-30 15:31:11.571 W/StatusBar( 2817): 	at com.android.systemui.statusbar.phone.KeyguardBottomAreaView.setUserSetupComplete(KeyguardBottomAreaView.java:281)
04-30 15:31:11.571 W/StatusBar( 2817): 	at com.android.systemui.statusbar.phone.PhoneStatusBar.makeStatusBarView(PhoneStatusBar.java:905)
04-30 15:31:11.571 W/StatusBar( 2817): 	at com.android.systemui.statusbar.phone.PhoneStatusBar.addStatusBarWindow(PhoneStatusBar.java:3432)
04-30 15:31:11.571 W/StatusBar( 2817): 	at com.android.systemui.statusbar.phone.PhoneStatusBar.createAndAddWindows(PhoneStatusBar.java:3428)
04-30 15:31:11.571 W/StatusBar( 2817): 	at com.android.systemui.statusbar.BaseStatusBar.start(BaseStatusBar.java:765)
04-30 15:31:11.571 W/StatusBar( 2817): 	at com.android.systemui.statusbar.phone.PhoneStatusBar.start(PhoneStatusBar.java:686)
04-30 15:31:11.571 W/StatusBar( 2817): 	at com.android.systemui.statusbar.SystemBars.createStatusBarFromConfig(SystemBars.java:106)
04-30 15:31:11.571 W/StatusBar( 2817): 	at com.android.systemui.statusbar.SystemBars.onNoService(SystemBars.java:58)
04-30 15:31:11.571 W/StatusBar( 2817): 	at com.android.systemui.statusbar.ServiceMonitor.startService(ServiceMonitor.java:230)
04-30 15:31:11.571 W/StatusBar( 2817): 	at com.android.systemui.statusbar.ServiceMonitor.-wrap5(ServiceMonitor.java)
04-30 15:31:11.571 W/StatusBar( 2817): 	at com.android.systemui.statusbar.ServiceMonitor$1.handleMessage(ServiceMonitor.java:73)
04-30 15:31:11.571 W/StatusBar( 2817): 	at android.os.Handler.dispatchMessage(Handler.java:102)
04-30 15:31:11.571 W/StatusBar( 2817): 	at android.os.Looper.loop(Looper.java:154)
04-30 15:31:11.571 W/StatusBar( 2817): 	at android.app.ActivityThread.main(ActivityThread.java:6119)
04-30 15:31:11.571 W/StatusBar( 2817): 	at java.lang.reflect.Method.invoke(Native Method)
04-30 15:31:11.571 W/StatusBar( 2817): 	at com.android.internal.os.ZygoteInit$MethodAndArgsCaller.run(ZygoteInit.java:886)
04-30 15:31:11.571 W/StatusBar( 2817): 	at com.android.internal.os.ZygoteInit.main(ZygoteInit.java:776)
04-30 15:31:11.580 V/Launcher( 2920): LauncherAppState inited
04-30 15:31:11.983 V/EmulatedCamera_Camera( 1327): getCameraInfo
04-30 15:31:11.983 V/EmulatedCamera_BaseCamera( 1327): getCameraInfo
04-30 15:31:11.986 V/EmulatedCamera_Camera( 1327): getCameraInfo
04-30 15:31:11.986 V/EmulatedCamera_BaseCamera( 1327): getCameraInfo
04-30 15:31:12.335 I/ActivityManager( 2191): Start proc 3031:com.android.printspooler/u0a51 for service com.android.printspooler/.model.PrintSpoolerService
04-30 15:31:12.335 W/ActivityManager( 2191): Slow operation: 51ms so far, now at startProcess: done starting proc!
04-30 15:31:12.349 W/art     ( 3031): Unexpected CPU variant for X86 using defaults: x86_64
04-30 15:31:12.547 I/StatusBar( 2817): isKeyguardShowing() called before startKeyguard(), returning true
04-30 15:31:12.549 W/StatusBar( 2817): isKeyguardSecure() called before startKeyguard(), returning false
04-30 15:31:12.549 W/StatusBar( 2817): java.lang.Throwable
04-30 15:31:12.549 W/StatusBar( 2817): 	at com.android.systemui.statusbar.BaseStatusBar.isKeyguardSecure(BaseStatusBar.java:2647)
04-30 15:31:12.549 W/StatusBar( 2817): 	at com.android.systemui.statusbar.BaseStatusBar.isCameraAllowedByAdmin(BaseStatusBar.java:2670)
04-30 15:31:12.549 W/StatusBar( 2817): 	at com.android.systemui.statusbar.phone.KeyguardBottomAreaView.updateCameraVisibility(KeyguardBottomAreaView.java:309)
04-30 15:31:12.549 W/StatusBar( 2817): 	at com.android.systemui.statusbar.phone.KeyguardBottomAreaView.setUserSetupComplete(KeyguardBottomAreaView.java:281)
04-30 15:31:12.549 W/StatusBar( 2817): 	at com.android.systemui.statusbar.phone.PhoneStatusBar$1.onChange(PhoneStatusBar.java:441)
04-30 15:31:12.549 W/StatusBar( 2817): 	at com.android.systemui.statusbar.phone.PhoneStatusBar.resetUserSetupObserver(PhoneStatusBar.java:3676)
04-30 15:31:12.549 W/StatusBar( 2817): 	at com.android.systemui.statusbar.phone.PhoneStatusBar.makeStatusBarView(PhoneStatusBar.java:1008)
04-30 15:31:12.549 W/StatusBar( 2817): 	at com.android.systemui.statusbar.phone.PhoneStatusBar.addStatusBarWindow(PhoneStatusBar.java:3432)
04-30 15:31:12.549 W/StatusBar( 2817): 	at com.android.systemui.statusbar.phone.PhoneStatusBar.createAndAddWindows(PhoneStatusBar.java:3428)
04-30 15:31:12.549 W/StatusBar( 2817): 	at com.android.systemui.statusbar.BaseStatusBar.start(BaseStatusBar.java:765)
04-30 15:31:12.549 W/StatusBar( 2817): 	at com.android.systemui.statusbar.phone.PhoneStatusBar.start(PhoneStatusBar.java:686)
04-30 15:31:12.549 W/StatusBar( 2817): 	at com.android.systemui.statusbar.SystemBars.createStatusBarFromConfig(SystemBars.java:106)
04-30 15:31:12.549 W/StatusBar( 2817): 	at com.android.systemui.statusbar.SystemBars.onNoService(SystemBars.java:58)
04-30 15:31:12.549 W/StatusBar( 2817): 	at com.android.systemui.statusbar.ServiceMonitor.startService(ServiceMonitor.java:230)
04-30 15:31:12.549 W/StatusBar( 2817): 	at com.android.systemui.statusbar.ServiceMonitor.-wrap5(ServiceMonitor.java)
04-30 15:31:12.549 W/StatusBar( 2817): 	at com.android.systemui.statusbar.ServiceMonitor$1.handleMessage(ServiceMonitor.java:73)
04-30 15:31:12.549 W/StatusBar( 2817): 	at android.os.Handler.dispatchMessage(Handler.java:102)
04-30 15:31:12.549 W/StatusBar( 2817): 	at android.os.Looper.loop(Looper.java:154)
04-30 15:31:12.549 W/StatusBar( 2817): 	at android.app.ActivityThread.main(ActivityThread.java:6119)
04-30 15:31:12.549 W/StatusBar( 2817): 	at java.lang.reflect.Method.invoke(Native Method)
04-30 15:31:12.549 W/StatusBar( 2817): 	at com.android.internal.os.ZygoteInit$MethodAndArgsCaller.run(ZygoteInit.java:886)
04-30 15:31:12.549 W/StatusBar( 2817): 	at com.android.internal.os.ZygoteInit.main(ZygoteInit.java:776)
04-30 15:31:12.579 E/SurfaceFlinger( 1321): ro.sf.lcd_density must be defined as a build property
04-30 15:31:12.594 D/OpenGLRenderer( 2817): profile bars disabled
04-30 15:31:12.596 D/OpenGLRenderer( 2817): ambientRatio = 1.50
04-30 15:31:12.673 D/PhoneStatusBar( 2817): disable: < EXPAND* icons alerts system_info BACK* HOME* RECENT* clock SEARCH* quick_settings >
04-30 15:31:13.747 D/PhoneStatusBar( 2817): heads up is enabled
04-30 15:31:13.846 W/art     ( 2191): Long monitor contention with owner android.bg (2220) at void android.util.SparseArray.put(int, java.lang.Object)(SparseArray.java:224) waiters=0 in void com.android.server.print.UserState.handleDispatchPrintServicesChanged() for 167ms
04-30 15:31:14.057 W/ActivityManager( 2191): Slow operation: 116ms so far, now at startProcess: returned from zygote!
04-30 15:31:14.058 W/ActivityManager( 2191): Slow operation: 117ms so far, now at startProcess: done updating battery stats
04-30 15:31:14.059 W/ActivityManager( 2191): Slow operation: 118ms so far, now at startProcess: building log message
04-30 15:31:14.059 I/ActivityManager( 2191): Start proc 3050:android.process.acore/u0a1 for content provider com.android.providers.contacts/.ContactsProvider2
04-30 15:31:14.059 W/ActivityManager( 2191): Slow operation: 118ms so far, now at startProcess: starting to update pids map
04-30 15:31:14.059 W/ActivityManager( 2191): Slow operation: 118ms so far, now at startProcess: done updating pids map
04-30 15:31:14.059 W/ActivityManager( 2191): Slow operation: 120ms so far, now at startProcess: done starting proc!
04-30 15:31:14.059 W/ActivityManager( 2191): Slow operation: 124ms so far, now at getContentProviderImpl: after start process
04-30 15:31:14.060 W/ActivityManager( 2191): Slow operation: 124ms so far, now at getContentProviderImpl: updating data structures
04-30 15:31:14.060 W/ActivityManager( 2191): Slow operation: 124ms so far, now at getContentProviderImpl: done!
04-30 15:31:14.073 W/art     ( 2191): Long monitor contention with owner Binder:2191_6 (2649) at android.app.IActivityManager$ContentProviderHolder com.android.server.am.ActivityManagerService.getContentProviderImpl(android.app.IApplicationThread, java.lang.String, android.os.IBinder, boolean, int)(ActivityManagerService.java:10666) waiters=0 in void com.android.server.am.ActivityManagerService.dispatchUidsChanged() for 130ms
04-30 15:31:14.087 W/art     ( 3050): Unexpected CPU variant for X86 using defaults: x86_64
04-30 15:31:14.324 V/GridSizeMigrationTask( 2920): Workspace migration completed in 230
04-30 15:31:14.329 D/Launcher.Model( 2920): loadWorkspace: loading default favorites
04-30 15:31:14.886 W/art     ( 2191): Long monitor contention with owner Binder:2191_4 (2427) at int com.android.server.wm.WindowManagerService.relayoutWindow(com.android.server.wm.Session, android.view.IWindow, int, android.view.WindowManager$LayoutParams, int, int, int, int, android.graphics.Rect, android.graphics.Rect, android.graphics.Rect, android.graphics.Rect, android.graphics.Rect, android.graphics.Rect, android.graphics.Rect, android.content.res.Configuration, android.view.Surface)(WindowManagerService.java:2857) waiters=0 in int com.android.server.wm.WindowManagerService.relayoutWindow(com.android.server.wm.Session, android.view.IWindow, int, android.view.WindowManager$LayoutParams, int, int, int, int, android.graphics.Rect, android.graphics.Rect, android.graphics.Rect, android.graphics.Rect, android.graphics.Rect, android.graphics.Rect, android.graphics.Rect, android.content.res.Configuration, android.view.Surface) for 464ms
04-30 15:31:15.041 I/art     ( 2817): Background partial concurrent mark sweep GC freed 9431(1324KB) AllocSpace objects, 4(84KB) LOS objects, 23% free, 12MB/16MB, paused 1.915ms total 196.884ms
04-30 15:31:15.179 W/art     ( 2191): Long monitor contention with owner Binder:2191_4 (2427) at int com.android.server.wm.WindowManagerService.relayoutWindow(com.android.server.wm.Session, android.view.IWindow, int, android.view.WindowManager$LayoutParams, int, int, int, int, android.graphics.Rect, android.graphics.Rect, android.graphics.Rect, android.graphics.Rect, android.graphics.Rect, android.graphics.Rect, android.graphics.Rect, android.content.res.Configuration, android.view.Surface)(WindowManagerService.java:2857) waiters=1 in void com.android.server.wm.WindowManagerService.notifyAppRelaunchesCleared(android.os.IBinder) for 723ms
04-30 15:31:15.203 W/art     ( 2191): Long monitor contention with owner Binder:2191_4 (2427) at int com.android.server.wm.WindowManagerService.relayoutWindow(com.android.server.wm.Session, android.view.IWindow, int, android.view.WindowManager$LayoutParams, int, int, int, int, android.graphics.Rect, android.graphics.Rect, android.graphics.Rect, android.graphics.Rect, android.graphics.Rect, android.graphics.Rect, android.graphics.Rect, android.content.res.Configuration, android.view.Surface)(WindowManagerService.java:2857) waiters=2 in void com.android.server.wm.WindowManagerService$H.handleMessage(android.os.Message) for 710ms
04-30 15:31:15.207 W/art     ( 2191): Long monitor contention with owner Binder:2191_7 (2815) at int com.android.server.wm.WindowManagerService.relayoutWindow(com.android.server.wm.Session, android.view.IWindow, int, android.view.WindowManager$LayoutParams, int, int, int, int, android.graphics.Rect, android.graphics.Rect, android.graphics.Rect, android.graphics.Rect, android.graphics.Rect, android.graphics.Rect, android.graphics.Rect, android.content.res.Configuration, android.view.Surface)(WindowManagerService.java:2857) waiters=2 in void com.android.server.wm.WindowManagerService.finishDrawingWindow(com.android.server.wm.Session, android.view.IWindow) for 280ms
04-30 15:31:15.296 W/art     ( 2191): Long monitor contention with owner ActivityManager (2221) at void com.android.server.am.ActivityStackSupervisor$ActivityStackSupervisorHandler.activityIdleInternal(com.android.server.am.ActivityRecord)(ActivityStackSupervisor.java:3867) waiters=0 in java.lang.String com.android.server.am.ActivityManagerService.checkContentProviderAccess(java.lang.String, int) for 638ms
04-30 15:31:15.303 W/art     ( 2191): Long monitor contention with owner ActivityManager (2221) at void com.android.server.am.ActivityStackSupervisor$ActivityStackSupervisorHandler.activityIdleInternal(com.android.server.am.ActivityRecord)(ActivityStackSupervisor.java:3867) waiters=1 in void com.android.server.am.ActivityManagerService.attachApplication(android.app.IApplicationThread) for 625ms
04-30 15:31:15.388 I/Choreographer( 2920): Skipped 66 frames!  The application may be doing too much work on its main thread.
04-30 15:31:15.489 W/art     ( 2191): Long monitor contention with owner ActivityManager (2221) at void com.android.server.am.ActivityStackSupervisor$ActivityStackSupervisorHandler.activityIdleInternal(com.android.server.am.ActivityRecord)(ActivityStackSupervisor.java:3867) waiters=2 in android.content.Intent com.android.server.am.ActivityManagerService.registerReceiver(android.app.IApplicationThread, java.lang.String, android.content.IIntentReceiver, android.content.IntentFilter, java.lang.String, int) for 722ms
04-30 15:31:15.490 W/art     ( 2191): Long monitor contention with owner ActivityManager (2221) at void com.android.server.am.ActivityStackSupervisor$ActivityStackSupervisorHandler.activityIdleInternal(com.android.server.am.ActivityRecord)(ActivityStackSupervisor.java:3867) waiters=4 in android.content.pm.UserInfo com.android.server.am.UserController.getCurrentUser() for 559ms
04-30 15:31:15.561 D/gralloc_ranchu( 2920): Emulator without host-side GPU emulation detected. Loading gralloc.default.so from /vendor/lib64/hw/gralloc.goldfish.default.so...
04-30 15:31:15.577 W/art     ( 2191): Long monitor contention with owner android.display (2234) at void com.android.server.wm.WindowAnimator$1.doFrame(long)(WindowAnimator.java:144) waiters=1 in void com.android.server.wm.WindowManagerService.finishDrawingWindow(com.android.server.wm.Session, android.view.IWindow) for 337ms
04-30 15:31:15.637 W/KeyguardUpdateMonitor( 2817): invalid subId in handleSimStateChange()
04-30 15:31:15.688 D/gralloc_ranchu( 2920): gralloc.default.so not found in /vendor. Trying /system/lib64/hw/gralloc.goldfish.default.so...
04-30 15:31:15.951 V/KeyguardServiceDelegate( 2191): **** SHOWN CALLED ****
04-30 15:31:16.312 W/System  ( 3050): ClassLoader referenced unknown path: /system/priv-app/ContactsProvider/lib/x86_64
04-30 15:31:16.358 W/art     ( 2191): Long monitor contention with owner ActivityManager (2221) at void com.android.server.am.ActivityStackSupervisor$ActivityStackSupervisorHandler.activityIdleInternal(com.android.server.am.ActivityRecord)(ActivityStackSupervisor.java:3867) waiters=3 in int[] com.android.server.am.ActivityManagerService.getRunningUserIds() for 1.571s
04-30 15:31:16.429 W/art     ( 2191): Long monitor contention with owner Binder:2191_2 (2209) at void com.android.server.wm.WindowManagerService.removeWindow(com.android.server.wm.Session, android.view.IWindow)(WindowManagerService.java:2392) waiters=2 in int com.android.server.wm.WindowManagerService.relayoutWindow(com.android.server.wm.Session, android.view.IWindow, int, android.view.WindowManager$LayoutParams, int, int, int, int, android.graphics.Rect, android.graphics.Rect, android.graphics.Rect, android.graphics.Rect, android.graphics.Rect, android.graphics.Rect, android.graphics.Rect, android.content.res.Configuration, android.view.Surface) for 281ms
04-30 15:31:16.447 I/Choreographer( 2920): Skipped 63 frames!  The application may be doing too much work on its main thread.
04-30 15:31:16.860 I/art     ( 3009): Waiting for a blocking GC DisableMovingGc
04-30 15:31:16.870 I/art     ( 3009): WaitForGcToComplete blocked for 10.269ms for cause DisableMovingGc
04-30 15:31:16.870 I/art     ( 3009): Starting a blocking GC DisableMovingGc
04-30 15:31:16.949 W/art     ( 2191): Long monitor contention with owner android.display (2234) at void com.android.server.wm.WindowAnimator$1.doFrame(long)(WindowAnimator.java:144) waiters=3 in void com.android.server.wm.WindowManagerService.notifyAppRelaunchesCleared(android.os.IBinder) for 515ms
04-30 15:31:16.964 W/art     ( 2191): Long monitor contention with owner android.ui (2222) at int com.android.server.wm.WindowManagerService.relayoutWindow(com.android.server.wm.Session, android.view.IWindow, int, android.view.WindowManager$LayoutParams, int, int, int, int, android.graphics.Rect, android.graphics.Rect, android.graphics.Rect, android.graphics.Rect, android.graphics.Rect, android.graphics.Rect, android.graphics.Rect, android.content.res.Configuration, android.view.Surface)(WindowManagerService.java:2857) waiters=1 in void com.android.server.wm.WindowAnimator$1.doFrame(long) for 351ms
04-30 15:31:16.979 W/art     ( 2191): Long monitor contention with owner Binder:2191_4 (2427) at void com.android.server.am.ActivityManagerService.activityDestroyed(android.os.IBinder)(ActivityManagerService.java:6952) waiters=0 in android.content.pm.ParceledListSlice com.android.server.am.ActivityManagerService.getRecentTasks(int, int, int) for 542ms
04-30 15:31:17.010 I/ActivityManager( 2191): Displayed com.android.launcher3/.Launcher: +24s312ms
04-30 15:31:17.124 I/Choreographer( 2817): Skipped 477 frames!  The application may be doing too much work on its main thread.
04-30 15:31:17.687 D/ViewRootImpl[StatusBar]( 2817): changeCanvasOpacity: opaque=true
04-30 15:31:17.701 I/ContactsPerf( 3050): VoicemailContentProvider.onCreate start
04-30 15:31:17.803 I/ContactsPerf( 3050): VoicemailContentProvider.onCreate finish
04-30 15:31:17.815 W/System  ( 3050): ClassLoader referenced unknown path: /system/priv-app/BlockedNumberProvider/lib/x86_64
04-30 15:31:17.819 D/ApplicationLoaders( 3050): ignored Vulkan layer search path /system/priv-app/BlockedNumberProvider/lib/x86_64:/system/lib64:/vendor/lib64 for namespace 0x7595d838a0f0
04-30 15:31:18.018 W/System  ( 3050): ClassLoader referenced unknown path: /system/app/UserDictionaryProvider/lib/x86_64
04-30 15:31:18.034 D/ApplicationLoaders( 3050): ignored Vulkan layer search path /system/app/UserDictionaryProvider/lib/x86_64:/system/lib64:/vendor/lib64 for namespace 0x7595d838a160
04-30 15:31:19.349 W/art     ( 2191): Long monitor contention with owner android.bg (2220) at void com.android.server.pm.ShortcutService.saveDirtyInfo()(ShortcutService.java:1040) waiters=0 in void com.android.server.pm.ShortcutService.handleOnUidStateChanged(int, int) for 2.277s
04-30 15:31:19.892 W/art     ( 2920): Suspending all threads took: 6.099ms
04-30 15:31:20.051 I/art     ( 2920): Background sticky concurrent mark sweep GC freed 20012(1934KB) AllocSpace objects, 8(188KB) LOS objects, 24% free, 7MB/10MB, paused 87.343ms total 350.857ms
04-30 15:31:20.945 D/WifiService( 2191): New client listening to asynchronous messages
04-30 15:31:21.416 W/KeyguardUpdateMonitor( 2817): invalid subId in handleSimStateChange()
04-30 15:31:21.459 D/PhoneStatusBar( 2817): disable: < expand* icons alerts system_info back* home* recent* clock search* quick_settings >
04-30 15:31:21.475 I/Choreographer( 2817): Skipped 260 frames!  The application may be doing too much work on its main thread.
04-30 15:31:21.604 D/gralloc_ranchu( 2817): Emulator without host-side GPU emulation detected. Loading gralloc.default.so from /vendor/lib64/hw/gralloc.goldfish.default.so...
04-30 15:31:21.607 D/gralloc_ranchu( 2817): gralloc.default.so not found in /vendor. Trying /system/lib64/hw/gralloc.goldfish.default.so...
04-30 15:31:22.011 D/MediaScannerReceiver( 3009): action: android.intent.action.MEDIA_MOUNTED path: /storage/1EFF-1C1B
04-30 15:31:22.347 W/art     ( 2191): Long monitor contention with owner android.display (2234) at void com.android.server.wm.WindowAnimator$1.doFrame(long)(WindowAnimator.java:144) waiters=1 in void com.android.server.wm.WindowManagerService.getInitialDisplaySize(int, android.graphics.Point) for 306ms
04-30 15:31:22.348 W/art     ( 2191): Long monitor contention with owner android.display (2234) at void com.android.server.wm.WindowManagerService$H.handleMessage(android.os.Message)(WindowManagerService.java:8368) waiters=1 in void com.android.server.wm.WindowManagerService.finishDrawingWindow(com.android.server.wm.Session, android.view.IWindow) for 234ms
04-30 15:31:22.614 D/MediaScannerReceiver( 3009): action: android.intent.action.MEDIA_MOUNTED path: /storage/emulated/0
04-30 15:31:22.730 W/art     ( 2191): Long monitor contention with owner android.display (2234) at void com.android.server.wm.WindowManagerService$H.handleMessage(android.os.Message)(WindowManagerService.java:8368) waiters=1 in void com.android.server.wm.WindowManagerService.getInitialDisplaySize(int, android.graphics.Point) for 180ms
04-30 15:31:22.914 W/art     ( 2191): Long monitor contention with owner android.display (2234) at void com.android.server.wm.WindowAnimator$1.doFrame(long)(WindowAnimator.java:144) waiters=1 in void com.android.server.wm.WindowManagerService.getInitialDisplaySize(int, android.graphics.Point) for 183ms
04-30 15:31:23.065 I/Choreographer( 2817): Skipped 93 frames!  The application may be doing too much work on its main thread.
04-30 15:31:23.376 W/art     ( 2191): Long monitor contention with owner android.display (2234) at void com.android.server.wm.WindowManagerService$H.handleMessage(android.os.Message)(WindowManagerService.java:8368) waiters=0 in void com.android.server.wm.WindowManagerService.finishDrawingWindow(com.android.server.wm.Session, android.view.IWindow) for 214ms
04-30 15:31:23.466 I/art     ( 2191): Background partial concurrent mark sweep GC freed 29542(2MB) AllocSpace objects, 21(2MB) LOS objects, 29% free, 9MB/13MB, paused 1.235ms total 343.346ms
04-30 15:31:24.101 W/art     ( 2191): Long monitor contention with owner Binder:2191_6 (2649) at int com.android.server.wm.WindowManagerService.relayoutWindow(com.android.server.wm.Session, android.view.IWindow, int, android.view.WindowManager$LayoutParams, int, int, int, int, android.graphics.Rect, android.graphics.Rect, android.graphics.Rect, android.graphics.Rect, android.graphics.Rect, android.graphics.Rect, android.graphics.Rect, android.content.res.Configuration, android.view.Surface)(WindowManagerService.java:2857) waiters=0 in void com.android.server.wm.WindowManagerService$H.handleMessage(android.os.Message) for 424ms
04-30 15:31:24.119 I/Choreographer( 2817): Skipped 62 frames!  The application may be doing too much work on its main thread.
04-30 15:31:24.441 W/art     ( 3087): Unexpected CPU variant for X86 using defaults: x86_64
04-30 15:31:24.476 W/ActivityManager( 2191): Slow operation: 108ms so far, now at startProcess: returned from zygote!
04-30 15:31:24.476 W/ActivityManager( 2191): Slow operation: 108ms so far, now at startProcess: done updating battery stats
04-30 15:31:24.476 W/ActivityManager( 2191): Slow operation: 109ms so far, now at startProcess: building log message
04-30 15:31:24.477 I/ActivityManager( 2191): Start proc 3087:com.android.dialer/u0a8 for broadcast com.android.dialer/.calllog.CallLogReceiver
04-30 15:31:24.477 W/ActivityManager( 2191): Slow operation: 109ms so far, now at startProcess: starting to update pids map
04-30 15:31:24.477 W/ActivityManager( 2191): Slow operation: 109ms so far, now at startProcess: done updating pids map
04-30 15:31:24.477 W/ActivityManager( 2191): Slow operation: 110ms so far, now at startProcess: done starting proc!
04-30 15:31:24.498 I/art     ( 2817): Background sticky concurrent mark sweep GC freed 11233(438KB) AllocSpace objects, 3(60KB) LOS objects, 0% free, 18MB/18MB, paused 927us total 332.310ms
04-30 15:31:24.753 W/System  ( 3087): ClassLoader referenced unknown path: /system/priv-app/Dialer/lib/x86_64
04-30 15:31:24.854 I/RecoverySystem( 2191): No recovery log file
04-30 15:31:24.883 I/art     ( 2817): Background partial concurrent mark sweep GC freed 3620(183KB) AllocSpace objects, 2(4MB) LOS objects, 23% free, 12MB/16MB, paused 670us total 322.226ms
04-30 15:31:24.889 I/ContactLocale( 3050): AddressBook Labels [[en_US]]: [â€¦, A, B, C, D, E, F, G, H, I, J, K, L, M, N, O, P, Q, R, S, T, U, V, W, X, Y, Z, Î‘, Î’, Î“, Î”, Î•, Î–, Î—, Î˜, Î™, Îš, Î›, Îœ, Î, Îž, ÎŸ, Î , Î¡, Î£, Î¤, Î¥, Î¦, Î§, Î¨, Î©, â€¦, Ð, Ð‘, Ð’, Ð“, Ð”, Ð‚, Ð•, Ð„, Ð–, Ð—, Ð˜, Ð†, Ð™, Ðˆ, Ðš, Ð›, Ð‰, Ðœ, Ð, ÐŠ, Ðž, ÐŸ, Ð , Ð¡, Ð¢, Ð‹, Ð£, Ð¤, Ð¥, Ð¦, Ð§, Ð, Ð¨, Ð©, Ð®, Ð¯, â€¦, ×, ×‘, ×’, ×“, ×”, ×•, ×–, ×—, ×˜, ×™, ×›, ×œ, ×ž, × , ×¡, ×¢, ×¤, ×¦, ×§, ×¨, ×©, ×ª, â€¦, Ø§, Ø¨, Øª, Ø«, Ø¬, Ø­, Ø®, Ø¯, Ø°, Ø±, Ø², Ø³, Ø´, Øµ, Ø¶, Ø·, Ø¸, Ø¹, Øº, Ù, Ù‚, Ùƒ, Ù„, Ù…, Ù†, Ù‡, Ùˆ, ÙŠ, â€¦, à¸, à¸‚, à¸ƒ, à¸„, à¸…, à¸†, à¸‡, à¸ˆ, à¸‰, à¸Š, à¸‹, à¸Œ, à¸, à¸Ž, à¸, à¸, à¸‘, à¸’, à¸“, à¸”, à¸•, à¸–, à¸—, à¸˜, à¸™, à¸š, à¸›, à¸œ, à¸, à¸ž, à¸Ÿ, à¸ , à¸¡, à¸¢, à¸£, à¸¤, à¸¥, à¸¦, à¸§, à¸¨, à¸©, à¸ª, à¸«, à¸¬, à¸­, à¸®, â€¦, ã„±, ã„´, ã„·, ã„¹, ã…, ã…‚, ã……, ã…‡, ã…ˆ, ã…Š, ã…‹, ã…Œ, ã…, ã…Ž, â€¦, ã‚, ã‹, ã•, ãŸ, ãª, ã¯, ã¾, ã‚„, ã‚‰, ã‚, #, â€¦]
04-30 15:31:24.927 I/BootReceiver( 2191): Copying audit failures to DropBox
04-30 15:31:24.927 I/BootReceiver( 2191): Checking for fsck errors
04-30 15:31:25.621 V/MediaScanner( 3009): pruneDeadThumbnailFiles... android.content.ContentProviderClient$CursorWrapperInner@a7ca792
04-30 15:31:25.633 V/MediaScanner( 3009): /pruneDeadThumbnailFiles... android.content.ContentProviderClient$CursorWrapperInner@a7ca792
04-30 15:31:26.424 V/MediaScanner( 3009): pruneDeadThumbnailFiles... android.content.ContentProviderClient$CursorWrapperInner@c662690
04-30 15:31:26.426 V/MediaScanner( 3009): /pruneDeadThumbnailFiles... android.content.ContentProviderClient$CursorWrapperInner@c662690
04-30 15:31:26.498 D/ExtensionsFactory( 3087): No custom extensions.
04-30 15:31:26.526 D/BlockedNumbersAuto( 3087): Not attempting auto-migrate: already checked once.
04-30 15:31:26.634 D/CarrierConfigLoader( 2585): mHandler: 13 phoneId: 0
04-30 15:31:26.634 D/CarrierConfigLoader( 2585): mHandler: 7 phoneId: 0
04-30 15:31:26.637 E/CarrierConfigLoader( 2585): Cannot restore config with null packageName or iccid.
04-30 15:31:26.638 D/CarrierConfigLoader( 2585): Binding to com.android.carrierconfig for phone 0
04-30 15:31:26.670 W/art     ( 3105): Unexpected CPU variant for X86 using defaults: x86_64
04-30 15:31:26.689 W/ActivityManager( 2191): Slow operation: 64ms so far, now at startProcess: returned from zygote!
04-30 15:31:26.689 W/ActivityManager( 2191): Slow operation: 64ms so far, now at startProcess: done updating battery stats
04-30 15:31:26.690 W/ActivityManager( 2191): Slow operation: 65ms so far, now at startProcess: building log message
04-30 15:31:26.690 I/ActivityManager( 2191): Start proc 3105:com.android.calendar/u0a26 for broadcast com.android.calendar/.alerts.AlertReceiver
04-30 15:31:26.690 W/ActivityManager( 2191): Slow operation: 65ms so far, now at startProcess: starting to update pids map
04-30 15:31:26.690 W/ActivityManager( 2191): Slow operation: 65ms so far, now at startProcess: done updating pids map
04-30 15:31:26.690 W/ActivityManager( 2191): Slow operation: 65ms so far, now at startProcess: done starting proc!
04-30 15:31:26.739 W/CountryDetector( 3087): No location permissions, not registering for location updates.
04-30 15:31:26.769 W/ActivityManager( 2191): Slow operation: 55ms so far, now at startProcess: returned from zygote!
04-30 15:31:26.769 W/ActivityManager( 2191): Slow operation: 55ms so far, now at startProcess: done updating battery stats
04-30 15:31:26.770 W/ActivityManager( 2191): Slow operation: 56ms so far, now at startProcess: building log message
04-30 15:31:26.770 I/ActivityManager( 2191): Start proc 3119:com.android.carrierconfig/u0a3 for service com.android.carrierconfig/.DefaultCarrierConfigService
04-30 15:31:26.770 W/ActivityManager( 2191): Slow operation: 56ms so far, now at startProcess: starting to update pids map
04-30 15:31:26.770 W/ActivityManager( 2191): Slow operation: 56ms so far, now at startProcess: done updating pids map
04-30 15:31:26.770 W/ActivityManager( 2191): Slow operation: 57ms so far, now at startProcess: done starting proc!
04-30 15:31:26.790 W/art     ( 3119): Unexpected CPU variant for X86 using defaults: x86_64
04-30 15:31:26.924 W/System  ( 3105): ClassLoader referenced unknown path: /system/app/Calendar/lib/x86_64
04-30 15:31:26.990 W/System  ( 3119): ClassLoader referenced unknown path: /system/priv-app/CarrierConfig/lib/x86_64
04-30 15:31:27.065 D/DefaultCarrierConfigService( 3119): Service created
04-30 15:31:27.072 D/CarrierConfigLoader( 2585): Connected to config app: com.android.carrierconfig/com.android.carrierconfig.DefaultCarrierConfigService
04-30 15:31:27.075 D/CarrierConfigLoader( 2585): mHandler: 3 phoneId: 0
04-30 15:31:27.080 D/DefaultCarrierConfigService( 3119): Config being fetched
04-30 15:31:27.085 D/DefaultCarrierConfigService( 3119): java.io.FileNotFoundException: carrier_config_.xml
04-30 15:31:27.089 E/CarrierConfigLoader( 2585): Cannot save config with null packageName or iccid.
04-30 15:31:27.096 D/CarrierConfigLoader( 2585): mHandler: 5 phoneId: 0
04-30 15:31:27.098 E/PhoneInterfaceManager( 2585): [PhoneIntfMgr] getCarrierPackageNamesForIntent: No UICC
04-30 15:31:27.176 I/Telecom ( 2191): PhoneAccountRegistrar: SimCallManager queried, returning: null: TSI.gSCMFU@AAk
04-30 15:31:27.413 D/ExtensionsFactory( 3105): No custom extensions.
04-30 15:31:27.427 D/AlertReceiver( 3105): onReceive: a=android.intent.action.BOOT_COMPLETED Intent { act=android.intent.action.BOOT_COMPLETED flg=0x9000010 cmp=com.android.calendar/.alerts.AlertReceiver (has extras) }
04-30 15:31:27.457 I/AlarmClock( 2783): AlarmInitReceiver android.intent.action.BOOT_COMPLETED
04-30 15:31:27.485 D/AlertUtils( 3105): Flushing old alerts from shared prefs table
04-30 15:31:27.509 D/AlertService( 3105): 0 Action = android.intent.action.BOOT_COMPLETED
04-30 15:31:27.524 D/AlertService( 3105): Scheduling next alarm with AlarmScheduler. sEventReminderReceived: null
04-30 15:31:27.573 I/ActivityManager( 2191): Start proc 3142:com.android.providers.calendar/u0a2 for content provider com.android.providers.calendar/.CalendarProvider2
04-30 15:31:27.591 W/art     ( 3142): Unexpected CPU variant for X86 using defaults: x86_64
04-30 15:31:27.677 V/AlarmClock( 2783): AlarmInitReceiver finished
04-30 15:31:27.693 I/ActivityManager( 2191): Start proc 3156:com.android.email/u0a34 for broadcast com.android.email/.service.EmailBroadcastReceiver
04-30 15:31:27.747 W/art     ( 3156): Unexpected CPU variant for X86 using defaults: x86_64
04-30 15:31:27.759 W/System  ( 3142): ClassLoader referenced unknown path: /system/priv-app/CalendarProvider/lib/x86_64
04-30 15:31:27.861 W/System  ( 3156): ClassLoader referenced unknown path: /system/app/Email/lib/x86_64
04-30 15:31:28.212 I/CalendarProvider2( 3142): Created com.android.providers.calendar.CalendarAlarmManager@46c5a2e(com.android.providers.calendar.CalendarProvider2@33099cf)
04-30 15:31:28.369 D/AlarmScheduler( 3105): No events found starting within 1 week.
04-30 15:31:29.308 I/CalendarProvider2( 3142): Sending notification intent: Intent { act=android.intent.action.PROVIDER_CHANGED dat=content://com.android.calendar flg=0x20000000 }
04-30 15:31:29.311 W/ContentResolver( 3142): Failed to get type for: content://com.android.calendar (Unknown URL content://com.android.calendar)
04-30 15:31:29.834 W/ActivityManager( 2191): Unable to start service Intent { act=com.android.email.EXCHANGE_INTENT pkg=com.android.exchange } U=0: not found
04-30 15:31:29.855 D/ActivityThread( 3156): Loading provider com.android.email.provider;com.android.email.notifier: com.android.email.provider.EmailProvider
04-30 15:31:29.893 W/ActivityManager( 2191): Unable to start service Intent { act=com.android.email.EXCHANGE_INTENT pkg=com.android.exchange } U=0: not found
04-30 15:31:29.908 D/ActivityThread( 3156): Loading provider com.android.email.provider;com.android.email.notifier: com.android.email.provider.EmailProvider
04-30 15:31:29.911 W/ActivityManager( 2191): Unable to start service Intent { act=com.android.email.EXCHANGE_INTENT pkg=com.android.exchange } U=0: not found
04-30 15:31:30.067 W/ActivityManager( 2191): Unable to start service Intent { cmp=com.android.email/.service.AttachmentService } U=0: not found
04-30 15:31:30.087 W/ActivityManager( 2191): Unable to start service Intent { act=com.android.email.EXCHANGE_INTENT pkg=com.android.exchange } U=0: not found
04-30 15:31:30.110 W/ActivityManager( 2191): Unable to start service Intent { cmp=com.android.email/.service.AttachmentService } U=0: not found
04-30 15:31:30.130 I/Email   ( 3156): Observing account changes for notifications
04-30 15:31:30.189 W/ActivityManager( 2191): Unable to start service Intent { cmp=com.android.email/.service.AttachmentService } U=0: not found
04-30 15:31:30.228 W/ActivityManager( 2191): Unable to start service Intent { act=com.android.email.EXCHANGE_INTENT pkg=com.android.exchange } U=0: not found
04-30 15:31:30.266 W/ActivityManager( 2191): Unable to start service Intent { act=com.android.email.EXCHANGE_INTENT pkg=com.android.exchange } U=0: not found
04-30 15:31:30.302 I/SystemBroadcastReceiver( 2393): Boot has been completed
04-30 15:31:30.302 I/SystemBroadcastReceiver( 2393): toggleAppIcon() : FLAG_SYSTEM = true
04-30 15:31:30.359 W/ActivityManager( 2191): Unable to start service Intent { act=com.android.email.EXCHANGE_INTENT pkg=com.android.exchange } U=0: not found
04-30 15:31:30.393 I/ActivityManager( 2191): Start proc 3181:com.android.managedprovisioning/u0a14 for broadcast com.android.managedprovisioning/.BootReminder
04-30 15:31:30.397 W/ActivityManager( 2191): Unable to start service Intent { act=com.android.email.EXCHANGE_INTENT pkg=com.android.exchange } U=0: not found
04-30 15:31:30.411 W/art     ( 3181): Unexpected CPU variant for X86 using defaults: x86_64
04-30 15:31:30.437 E/ActivityThread( 3156): Service com.android.email.service.EmailBroadcastProcessorService has leaked ServiceConnection com.android.emailcommon.service.ServiceProxy$ProxyConnection@929b351 that was originally bound here
04-30 15:31:30.437 E/ActivityThread( 3156): android.app.ServiceConnectionLeaked: Service com.android.email.service.EmailBroadcastProcessorService has leaked ServiceConnection com.android.emailcommon.service.ServiceProxy$ProxyConnection@929b351 that was originally bound here
04-30 15:31:30.437 E/ActivityThread( 3156): 	at android.app.LoadedApk$ServiceDispatcher.<init>(LoadedApk.java:1336)
04-30 15:31:30.437 E/ActivityThread( 3156): 	at android.app.LoadedApk.getServiceDispatcher(LoadedApk.java:1231)
04-30 15:31:30.437 E/ActivityThread( 3156): 	at android.app.ContextImpl.bindServiceCommon(ContextImpl.java:1450)
04-30 15:31:30.437 E/ActivityThread( 3156): 	at android.app.ContextImpl.bindService(ContextImpl.java:1422)
04-30 15:31:30.437 E/ActivityThread( 3156): 	at android.content.ContextWrapper.bindService(ContextWrapper.java:636)
04-30 15:31:30.437 E/ActivityThread( 3156): 	at com.android.emailcommon.service.ServiceProxy.setTask(ServiceProxy.java:181)
04-30 15:31:30.437 E/ActivityThread( 3156): 	at com.android.emailcommon.service.ServiceProxy.test(ServiceProxy.java:224)
04-30 15:31:30.437 E/ActivityThread( 3156): 	at com.android.email.service.EmailServiceUtils.isServiceAvailable(EmailServiceUtils.java:160)
04-30 15:31:30.437 E/ActivityThread( 3156): 	at com.android.email.provider.AccountReconciler.reconcileAccountsInternal(AccountReconciler.java:171)
