04-30 15:30:12.719 W/StatusBar( 2399): 	at com.android.systemui.statusbar.phone.KeyguardBottomAreaView.updateCameraVisibility(KeyguardBottomAreaView.java:309)
04-30 15:30:12.719 W/StatusBar( 2399): 	at com.android.systemui.statusbar.phone.KeyguardBottomAreaView.setUserSetupComplete(KeyguardBottomAreaView.java:281)
04-30 15:30:12.719 W/StatusBar( 2399): 	at com.android.systemui.statusbar.phone.PhoneStatusBar$1.onChange(PhoneStatusBar.java:441)
04-30 15:30:12.719 W/StatusBar( 2399): 	at com.android.systemui.statusbar.phone.PhoneStatusBar.resetUserSetupObserver(PhoneStatusBar.java:3676)
04-30 15:30:12.719 W/StatusBar( 2399): 	at com.android.systemui.statusbar.phone.PhoneStatusBar.makeStatusBarView(PhoneStatusBar.java:1008)
04-30 15:30:12.719 W/StatusBar( 2399): 	at com.android.systemui.statusbar.phone.PhoneStatusBar.addStatusBarWindow(PhoneStatusBar.java:3432)
04-30 15:30:12.719 W/StatusBar( 2399): 	at com.android.systemui.statusbar.phone.PhoneStatusBar.createAndAddWindows(PhoneStatusBar.java:3428)
04-30 15:30:12.719 W/StatusBar( 2399): 	at com.android.systemui.statusbar.BaseStatusBar.start(BaseStatusBar.java:765)
04-30 15:30:12.719 W/StatusBar( 2399): 	at com.android.systemui.statusbar.phone.PhoneStatusBar.start(PhoneStatusBar.java:686)
04-30 15:30:12.719 W/StatusBar( 2399): 	at com.android.systemui.statusbar.SystemBars.createStatusBarFromConfig(SystemBars.java:106)
04-30 15:30:12.719 W/StatusBar( 2399): 	at com.android.systemui.statusbar.SystemBars.onNoService(SystemBars.java:58)
04-30 15:30:12.719 W/StatusBar( 2399): 	at com.android.systemui.statusbar.ServiceMonitor.startService(ServiceMonitor.java:230)
04-30 15:30:12.719 W/StatusBar( 2399): 	at com.android.systemui.statusbar.ServiceMonitor.-wrap5(ServiceMonitor.java)
04-30 15:30:12.719 W/StatusBar( 2399): 	at com.android.systemui.statusbar.ServiceMonitor$1.handleMessage(ServiceMonitor.java:73)
04-30 15:30:12.719 W/StatusBar( 2399): 	at android.os.Handler.dispatchMessage(Handler.java:102)
04-30 15:30:12.719 W/StatusBar( 2399): 	at android.os.Looper.loop(Looper.java:154)
04-30 15:30:12.719 W/StatusBar( 2399): 	at android.app.ActivityThread.main(ActivityThread.java:6119)
04-30 15:30:12.719 W/StatusBar( 2399): 	at java.lang.reflect.Method.invoke(Native Method)
04-30 15:30:12.719 W/StatusBar( 2399): 	at com.android.internal.os.ZygoteInit$MethodAndArgsCaller.run(ZygoteInit.java:886)
04-30 15:30:12.719 W/StatusBar( 2399): 	at com.android.internal.os.ZygoteInit.main(ZygoteInit.java:776)
04-30 15:30:12.792 D/PhoneSwitcherNetworkRequstListener( 2585): Registering NetworkFactory
04-30 15:30:12.801 D/ConnectivityService( 2191): Got NetworkFactory Messenger for PhoneSwitcherNetworkRequstListener
04-30 15:30:12.973 D/ConnectivityService( 2191): Got NetworkFactory Messenger for TelephonyNetworkFactory[0]
04-30 15:30:13.017 E/ActivityManager( 2191): ANR in system
04-30 15:30:13.017 E/ActivityManager( 2191): PID: 2191
04-30 15:30:13.017 E/ActivityManager( 2191): Reason: executing service com.android.server.telecom/.components.TelecomService
04-30 15:30:13.017 E/ActivityManager( 2191): Load: 10.22 / 3.9 / 1.47
04-30 15:30:13.017 E/ActivityManager( 2191): CPU usage from 4852ms to -19356ms ago (2021-04-30 15:29:48.071 to 2021-04-30 15:30:12.243):
04-30 15:30:13.017 E/ActivityManager( 2191):   47% 1321/surfaceflinger: 23% user + 24% kernel / faults: 40 minor
04-30 15:30:13.017 E/ActivityManager( 2191):   40% 1785/bootanimation: 22% user + 18% kernel
04-30 15:30:13.017 E/ActivityManager( 2191):   28% 2191/system_server: 9.1% user + 19% kernel / faults: 4385 minor 36 major
04-30 15:30:13.017 E/ActivityManager( 2191):   18% 2399/com.android.systemui: 9.2% user + 9.7% kernel / faults: 5799 minor 32 major
04-30 15:30:13.017 E/ActivityManager( 2191):   8.9% 1331/media.codec: 3.6% user + 5.2% kernel / faults: 5301 minor 10 major
04-30 15:30:13.017 E/ActivityManager( 2191):   3.2% 1323/adbd: 0.7% user + 2.4% kernel / faults: 1433 minor
04-30 15:30:13.017 E/ActivityManager( 2191):   2.4% 8/rcu_preempt: 0% user + 2.4% kernel
04-30 15:30:13.017 E/ActivityManager( 2191):   1.8% 1334/mediaserver: 0.6% user + 1.1% kernel / faults: 208 minor 1 major
04-30 15:30:13.017 E/ActivityManager( 2191):   1.1% 1333/media.extractor: 0.7% user + 0.4% kernel / faults: 125 minor
04-30 15:30:13.017 E/ActivityManager( 2191):   0.8% 1326/audioserver: 0.4% user + 0.4% kernel / faults: 39 minor
04-30 15:30:13.017 E/ActivityManager( 2191):   0.9% 1320/servicemanager: 0.1% user + 0.7% kernel
04-30 15:30:13.017 E/ActivityManager( 2191):   0.2% 1327/cameraserver: 0.1% user + 0% kernel / faults: 158 minor
04-30 15:30:13.017 E/ActivityManager( 2191):   0.1% 1269/debuggerd64: 0% user + 0.1% kernel / faults: 104 minor
04-30 15:30:13.017 E/ActivityManager( 2191):   0.4% 1265/jbd2/vdc-8: 0% user + 0.4% kernel
04-30 15:30:13.017 E/ActivityManager( 2191):   0.4% 2393/com.android.inputmethod.latin: 0.2% user + 0.2% kernel / faults: 197 minor
04-30 15:30:13.017 E/ActivityManager( 2191):   0.4% 1255/kworker/0:1H: 0% user + 0.4% kernel
04-30 15:30:13.017 E/ActivityManager( 2191):   0.4% 1267/logd: 0% user + 0.3% kernel / faults: 25 minor
04-30 15:30:13.017 E/ActivityManager( 2191):   0.3% 1324/zygote64: 0.1% user + 0.1% kernel / faults: 302 minor
04-30 15:30:13.017 E/ActivityManager( 2191):   0.3% 1744/logcat: 0% user + 0.2% kernel
04-30 15:30:13.017 E/ActivityManager( 2191):   0.2% 1335/netd: 0% user + 0.1% kernel / faults: 57 minor
04-30 15:30:13.017 E/ActivityManager( 2191):   0.2% 3/ksoftirqd/0: 0% user + 0.2% kernel
04-30 15:30:13.017 E/ActivityManager( 2191):   0% 1268/debuggerd: 0% user + 0% kernel / faults: 188 minor
04-30 15:30:13.017 E/ActivityManager( 2191):   0.1% 6/kworker/u4:0: 0% user + 0.1% kernel
04-30 15:30:13.017 E/ActivityManager( 2191):   0% 1//init: 0% user + 0% kernel / faults: 1 minor
04-30 15:30:13.017 E/ActivityManager( 2191):   0% 12/ksoftirqd/1: 0% user + 0% kernel
04-30 15:30:13.017 E/ActivityManager( 2191):   0% 1330/keystore: 0% user + 0% kernel
04-30 15:30:13.017 E/ActivityManager( 2191):   0% 1336/rild: 0% user + 0% kernel / faults: 5 minor
04-30 15:30:13.017 E/ActivityManager( 2191):   0% 2464/sdcard: 0% user + 0% kernel / faults: 7 minor
04-30 15:30:13.017 E/ActivityManager( 2191):   0% 11/migration/1: 0% user + 0% kernel
04-30 15:30:13.017 E/ActivityManager( 2191):   0% 13/kworker/1:0: 0% user + 0% kernel
04-30 15:30:13.017 E/ActivityManager( 2191):   0% 673/kworker/0:1: 0% user + 0% kernel
04-30 15:30:13.017 E/ActivityManager( 2191):   0% 1319/lmkd: 0% user + 0% kernel
04-30 15:30:13.017 E/ActivityManager( 2191):   0% 2505/sdcard: 0% user + 0% kernel / faults: 7 minor
04-30 15:30:13.017 E/ActivityManager( 2191):  +0% 2585/com.android.phone: 0% user + 0% kernel
04-30 15:30:13.017 E/ActivityManager( 2191):  +0% 2593/com.android.settings: 0% user + 0% kernel
04-30 15:30:13.017 E/ActivityManager( 2191): 100% TOTAL: 43% user + 56% kernel + 0.3% softirq
04-30 15:30:13.017 E/ActivityManager( 2191): CPU usage from 15011ms to 16924ms later (2021-04-30 15:30:07.897 to 2021-04-30 15:30:09.810):
04-30 15:30:13.017 E/ActivityManager( 2191):   97% 1321/surfaceflinger: 30% user + 66% kernel / faults: 1 minor
04-30 15:30:13.017 E/ActivityManager( 2191):     49% 1321/surfaceflinger: 14% user + 34% kernel
04-30 15:30:13.017 E/ActivityManager( 2191):     24% 1776/EventThread: 8.4% user + 16% kernel
04-30 15:30:13.017 E/ActivityManager( 2191):     19% 1758/DispSync: 3.1% user + 16% kernel
04-30 15:30:13.017 E/ActivityManager( 2191):     1% 1756/Binder:1321_1: 0% user + 1% kernel
04-30 15:30:13.017 E/ActivityManager( 2191):     1% 1757/Binder:1321_2: 0% user + 1% kernel
04-30 15:30:13.017 E/ActivityManager( 2191):     1% 1773/POSIX timer 0: 1% user + 0% kernel
04-30 15:30:13.017 E/ActivityManager( 2191):     0.5% 1774/EventThread: 0% user + 0.5% kernel
04-30 15:30:13.017 E/ActivityManager( 2191):     0.5% 1775/POSIX timer 1: 0% user + 0.5% kernel
04-30 15:30:13.017 E/ActivityManager( 2191):     0.5% 1924/Binder:1321_3: 0% user + 0.5% kernel
04-30 15:30:13.017 E/ActivityManager( 2191):   37% 1785/bootanimation: 7.1% user + 30% kernel
04-30 15:30:13.017 E/ActivityManager( 2191):     37% 1920/BootAnimation: 8.2% user + 29% kernel
04-30 15:30:13.017 E/ActivityManager( 2191):     0.5% 1921/Binder:1785_2: 0% user + 0.5% kernel
04-30 15:30:13.017 E/ActivityManager( 2191):   20% 2191/system_server: 0% user + 20% kernel / faults: 21 minor
04-30 15:30:13.017 E/ActivityManager( 2191):     10% 2221/ActivityManager: 0% user + 10% kernel
04-30 15:30:13.017 E/ActivityManager( 2191):     2.7% 2208/Binder:2191_1: 1.1% user + 1.6% kernel
04-30 15:30:13.017 E/ActivityManager( 2191):     2.7% 2427/Binder:2191_4: 0% user + 2.7% kernel
04-30 15:30:13.017 E/ActivityManager( 2191):     1.6% 2405/Binder:2191_3: 1.1% user + 0.5% kernel
04-30 15:30:13.017 E/ActivityManager( 2191):     1.6% 2649/Binder:2191_6: 0% user + 1.6% kernel
04-30 15:30:13.017 E/ActivityManager( 2191):     1.1% 2209/Binder:2191_2: 0% user + 1.1% kernel
04-30 15:30:13.017 E/ActivityManager( 2191):     1.1% 2618/Binder:2191_5: 0% user + 1.1% kernel
04-30 15:30:13.017 E/ActivityManager( 2191):     0.5% 2372/onProviders.ECP: 0% user + 0.5% kernel
04-30 15:30:13.017 E/ActivityManager( 2191):   12% 2593/com.android.settings: 1.6% user + 11% kernel / faults: 26 minor 1 major
04-30 15:30:13.017 E/ActivityManager( 2191):     11% 2593/ndroid.settings: 1.1% user + 10% kernel
04-30 15:30:13.017 E/ActivityManager( 2191):     0.5% 2602/Jit thread pool: 0.5% user + 0% kernel
04-30 15:30:13.017 E/ActivityManager( 2191):     0.5% 2612/Binder:2593_2: 0% user + 0.5% kernel
04-30 15:30:13.017 E/ActivityManager( 2191):     0.5% 2613/Binder:2593_3: 0% user + 0.5% kernel
04-30 15:30:13.017 E/ActivityManager( 2191):   10% 2585/com.android.phone: 0% user + 10% kernel / faults: 433 minor 3 major
04-30 15:30:13.017 E/ActivityManager( 2191):     10% 2585/m.android.phone: 0% user + 10% kernel
04-30 15:30:13.017 E/ActivityManager( 2191):     1.1% 2657/RILReceiver0: 0% user + 1.1% kernel
04-30 15:30:13.017 E/ActivityManager( 2191):     0.5% 2656/RILSender0: 0% user + 0.5% kernel
04-30 15:30:13.017 E/ActivityManager( 2191):    +0% 2739/Binder:2585_3: 0% user + 0% k
04-30 15:30:14.342 W/art     ( 2191): Long monitor contention with owner Binder:2191_1 (2208) at android.content.ComponentName com.android.server.am.ActivityManagerService.startService(android.app.IApplicationThread, android.content.Intent, java.lang.String, java.lang.String, int)(ActivityManagerService.java:17161) waiters=0 in void com.android.server.am.ActivityManagerService$3.handleMessage(android.os.Message) for 1.332s
04-30 15:30:14.431 W/art     ( 2191): Long monitor contention with owner Binder:2191_1 (2208) at android.content.ComponentName com.android.server.am.ActivityManagerService.startService(android.app.IApplicationThread, android.content.Intent, java.lang.String, java.lang.String, int)(ActivityManagerService.java:17161) waiters=1 in void com.android.server.am.ActivityManagerService.appendDropBoxProcessHeaders(com.android.server.am.ProcessRecord, java.lang.String, java.lang.StringBuilder) for 1.411s
04-30 15:30:14.734 V/KeyguardServiceDelegate( 2191): *** Keyguard started
04-30 15:30:14.920 W/KeyguardServiceDelegate( 2191): onScreenTurningOn(): no keyguard service!
04-30 15:30:15.131 W/ActivityManager( 2191): Slow operation: 60ms so far, now at startProcess: asking zygote to start proc
04-30 15:30:15.473 W/ActivityManager( 2191): Slow operation: 402ms so far, now at startProcess: returned from zygote!
04-30 15:30:15.511 W/ActivityManager( 2191): Slow operation: 440ms so far, now at startProcess: done updating battery stats
04-30 15:30:15.512 W/ActivityManager( 2191): Slow operation: 441ms so far, now at startProcess: building log message
04-30 15:30:15.512 I/ActivityManager( 2191): Start proc 2758:com.android.cellbroadcastreceiver/u0a4 for broadcast com.android.cellbroadcastreceiver/.CellBroadcastReceiver
04-30 15:30:15.512 W/ActivityManager( 2191): Slow operation: 441ms so far, now at startProcess: starting to update pids map
04-30 15:30:15.513 W/ActivityManager( 2191): Slow operation: 442ms so far, now at startProcess: done updating pids map
04-30 15:30:15.513 W/ActivityManager( 2191): Slow operation: 485ms so far, now at startProcess: done starting proc!
04-30 15:30:15.513 W/art     ( 2191): Long monitor contention with owner ActivityManager (2221) at void com.android.server.am.BroadcastQueue.processNextBroadcast(boolean)(BroadcastQueue.java:760) waiters=0 in android.content.Intent com.android.server.am.ActivityManagerService.registerReceiver(android.app.IApplicationThread, java.lang.String, android.content.IIntentReceiver, android.content.IntentFilter, java.lang.String, int) for 404ms
04-30 15:30:15.588 D/CarrierConfigLoader( 2585): CarrierConfigLoader has started
04-30 15:30:15.607 E/BluetoothAdapter( 2585): Bluetooth binder is null
04-30 15:30:15.893 W/art     ( 2758): Unexpected CPU variant for X86 using defaults: x86_64
04-30 15:30:16.862 I/Telephony( 2585): TtyManager: updateUiTtyMode -1 -> 0
04-30 15:30:17.547 D/AlarmManagerService( 2191): Kernel timezone updated to 0 minutes west of GMT
04-30 15:30:17.645 W/WindowManager( 2191): Keyguard drawn timeout. Setting mKeyguardDrawComplete
04-30 15:30:17.683 D/AlarmManagerService( 2191): Setting time of day to sec=1619796618
04-30 15:30:18.647 W/AlarmManagerService( 2191): Unable to set rtc to 1619796618: No such device
04-30 15:30:18.768 D/ConditionProviders.SCP( 2191): onReceive android.intent.action.TIME_SET
04-30 15:30:18.771 D/ConditionProviders.SCP( 2191): notifyCondition condition://android/schedule?days=6.7&start=23.30&end=10.0&exitAtAlarm=false STATE_FALSE reason=!meetsSchedule
04-30 15:30:18.785 D/ConditionProviders.SCP( 2191): notifyCondition condition://android/schedule?days=1.2.3.4.5&start=22.0&end=7.0&exitAtAlarm=false STATE_FALSE reason=!meetsSchedule
04-30 15:30:18.788 D/ConditionProviders.SCP( 2191): Scheduling evaluate for Fri Apr 30 22:00:00 UTC 2021 (1619820000000), in +6h29m41s231ms, now=Fri Apr 30 15:30:18 UTC 2021 (1619796618769)
04-30 15:30:19.643 W/WindowManager( 2191): Timeout waiting for drawn: undrawn=[Window{92f5762 u0 KeyguardScrim}]
04-30 15:30:20.116 I/Choreographer( 2191): Skipped 74 frames!  The application may be doing too much work on its main thread.
04-30 15:30:20.682 W/WindowManager( 2191): Window freeze timeout expired.
04-30 15:30:20.709 W/WindowManager( 2191): Force clearing orientation change: Window{92f5762 u0 KeyguardScrim}
04-30 15:30:21.766 D/PhoneSwitcherNetworkRequstListener( 2585): got request NetworkRequest [ REQUEST id=1, [ Capabilities: INTERNET&NOT_RESTRICTED&TRUSTED&NOT_VPN] ] with score 0
04-30 15:30:21.773 D/TelephonyDebugService( 2585): TelephonyDebugService()
04-30 15:30:21.797 D/CarrierConfigLoader( 2585): mHandler: 12 phoneId: 0
04-30 15:30:23.068 W/System  ( 2758): ClassLoader referenced unknown path: /system/priv-app/CellBroadcastReceiver/lib/x86_64
04-30 15:30:24.723 W/art     ( 2191): Suspending all threads took: 51.626ms
04-30 15:30:24.837 W/ActivityManager( 2191): Slow operation: 213ms so far, now at startProcess: returned from zygote!
04-30 15:30:24.838 W/ActivityManager( 2191): Slow operation: 214ms so far, now at startProcess: done updating battery stats
04-30 15:30:24.843 W/ActivityManager( 2191): Slow operation: 219ms so far, now at startProcess: building log message
04-30 15:30:24.843 I/ActivityManager( 2191): Start proc 2783:com.android.deskclock/u0a31 for broadcast com.android.deskclock/.AlarmInitReceiver
04-30 15:30:24.843 W/ActivityManager( 2191): Slow operation: 219ms so far, now at startProcess: starting to update pids map
04-30 15:30:24.843 W/ActivityManager( 2191): Slow operation: 220ms so far, now at startProcess: done updating pids map
04-30 15:30:24.844 W/ActivityManager( 2191): Slow operation: 221ms so far, now at startProcess: done starting proc!
04-30 15:30:24.966 I/art     ( 2191): Background partial concurrent mark sweep GC freed 39452(2MB) AllocSpace objects, 11(6MB) LOS objects, 26% free, 11MB/15MB, paused 55.768ms total 9.389s
04-30 15:30:25.026 W/art     ( 2191): Long monitor contention with owner AsyncTask #3 (2775) at boolean android.os.MessageQueue.enqueueMessage(android.os.Message, long)(MessageQueue.java:541) waiters=0 in android.os.Message android.os.MessageQueue.next() for 516ms
04-30 15:30:25.312 E/ActivityThread( 2585): Failed to find provider info for com.android.contacts
04-30 15:30:25.313 W/CallerInfoCache( 2585): cursor is null
04-30 15:30:25.607 E/ActivityThread( 2399): Failed to find provider info for com.android.contacts
04-30 15:30:25.899 E/SurfaceFlinger( 1321): ro.sf.lcd_density must be defined as a build property
04-30 15:30:25.915 D/OpenGLRenderer( 2399): profile bars disabled
04-30 15:30:25.916 D/OpenGLRenderer( 2399): ambientRatio = 1.50
04-30 15:30:26.095 D/PhoneStatusBar( 2399): disable: < EXPAND* icons alerts system_info BACK* HOME* RECENT* clock SEARCH* quick_settings >
04-30 15:30:26.504 W/BroadcastQueue( 2191): Timeout of broadcast BroadcastRecord{b56e7dd u-1 android.intent.action.TIME_TICK} - receiver=android.os.BinderProxy@c091e3a, started 10005ms ago
04-30 15:30:26.504 W/BroadcastQueue( 2191): Receiver during timeout: BroadcastFilter{47c6048 u0 ReceiverList{1f3baeb 2399 com.android.systemui/10021/u0 remote:c091e3a}}
04-30 15:30:26.989 W/art     ( 2783): Unexpected CPU variant for X86 using defaults: x86_64
04-30 15:30:27.116 W/art     ( 2191): Long monitor contention with owner android.ui (2222) at int com.android.server.NetworkManagementSocketTagger.native_setCounterSet(int, int)(NetworkManagementSocketTagger.java:-2) waiters=0 in boolean com.android.server.net.NetworkPolicyManagerService.getRestrictBackground() for 187ms
04-30 15:30:27.264 D/PhoneStatusBar( 2399): heads up is enabled
04-30 15:30:27.767 I/Process ( 2191): Sending signal. PID: 2399 SIG: 3
04-30 15:30:27.768 I/art     ( 2399): Thread[3,tid=2409,WaitingInMainSignalCatcherLoop,Thread*=0x7595d3c96400,peer=0x12c005e0,"Signal Catcher"]: reacting to signal 3
04-30 15:30:27.768 I/art     ( 2399): 
04-30 15:30:28.209 E/ActivityThread( 2191): Failed to find provider info for com.android.calendar
04-30 15:30:28.215 E/ActivityThread( 2191): Failed to find provider info for com.android.calendar
04-30 15:30:28.869 E/ActivityManager( 2191): ANR in com.android.systemui
04-30 15:30:28.869 E/ActivityManager( 2191): PID: 2399
04-30 15:30:28.869 E/ActivityManager( 2191): Reason: Broadcast of Intent { act=android.intent.action.TIME_TICK flg=0x50000014 (has extras) }
04-30 15:30:28.869 E/ActivityManager( 2191): Load: 0.0 / 0.0 / 0.0
04-30 15:30:28.869 E/ActivityManager( 2191): CPU usage from 13337ms to 0ms ago (2021-04-30 15:30:12.243 to 2021-04-30 15:30:26.542):
04-30 15:30:28.869 E/ActivityManager( 2191):   96% 1321/surfaceflinger: 37% user + 59% kernel / faults: 13 minor
04-30 15:30:28.869 E/ActivityManager( 2191):   30% 1785/bootanimation: 5% user + 25% kernel
04-30 15:30:28.869 E/ActivityManager( 2191):   26% 2191/system_server: 5.3% user + 21% kernel / faults: 3820 minor 12 major
04-30 15:30:28.869 E/ActivityManager( 2191):   17% 2593/com.android.settings: 5.6% user + 11% kernel / faults: 110 minor 1 major
04-30 15:30:28.869 E/ActivityManager( 2191):   5.1% 2585/com.android.phone: 1.1% user + 3.9% kernel / faults: 789 minor 16 major
04-30 15:30:28.869 E/ActivityManager( 2191):   4.8% 2399/com.android.systemui: 0.7% user + 4% kernel / faults: 276 minor
04-30 15:30:28.869 E/ActivityManager( 2191):   1.9% 1323/adbd: 0% user + 1.9% kernel / faults: 608 minor
04-30 15:30:28.869 E/ActivityManager( 2191):   0.8% 1324/zygote64: 0% user + 0.8% kernel / faults: 302 minor
04-30 15:30:28.869 E/ActivityManager( 2191):   0.7% 1320/servicemanager: 0% user + 0.7% kernel
04-30 15:30:28.869 E/ActivityManager( 2191):   0.6% 8/rcu_preempt: 0% user + 0.6% kernel
04-30 15:30:28.869 E/ActivityManager( 2191):   0.1% 3/ksoftirqd/0: 0% user + 0.1% kernel
04-30 15:30:28.869 E/ActivityManager( 2191):   0.1% 6/kworker/u4:0: 0% user + 0.1% kernel
04-30 15:30:28.869 E/ActivityManager( 2191):   0.1% 1267/logd: 0% user + 0.1% kernel / faults: 8 minor
04-30 15:30:28.869 E/ActivityManager( 2191):   0.1% 1336/rild: 0% user + 0% kernel / faults: 1 minor
04-30 15:30:28.869 E/ActivityManager( 2191):   0% 12/ksoftirqd/1: 0% user + 0% kernel
04-30 15:30:28.869 E/ActivityManager( 2191):   0% 673/kworker/0:1: 0% user + 0% kernel
04-30 15:30:28.869 E/ActivityManager( 2191):   0% 1255/kworker/0:1H: 0% user + 0% kernel
04-30 15:30:28.869 E/ActivityManager( 2191):   0% 1265/jbd2/vdc-8: 0% user + 0% kernel
04-30 15:30:28.869 E/ActivityManager( 2191):   0% 2393/com.android.inputmethod.latin: 0% user + 0% kernel / faults: 1 minor
04-30 15:30:28.869 E/ActivityManager( 2191):  +0% 2758/com.android.cellbroadcastreceiver: 0% user + 0% kernel
04-30 15:30:28.869 E/ActivityManager( 2191):  +0% 2781/sh: 0% user + 0% kernel
04-30 15:30:28.869 E/ActivityManager( 2191):  +0% 2783/<pre-initialized>: 0% user + 0% kernel
04-30 15:30:28.869 E/ActivityManager( 2191): 100% TOTAL: 31% user + 67% kernel + 0.6% softirq
04-30 15:30:28.869 E/ActivityManager( 2191): CPU usage from 192579ms to 192579ms ago (1970-01-01 00:00:00.000 to 1970-01-01 00:00:00.000) with 0% awake:
04-30 15:30:28.869 E/ActivityManager( 2191): 0% TOTAL: 0% user + 0% kernel
04-30 15:30:28.872 I/ActivityManager( 2191): Killing 2399:com.android.systemui/u0a21 (adj -800): bg anr
04-30 15:30:29.996 W/System  ( 2783): ClassLoader referenced unknown path: /system/app/DeskClock/lib/x86_64
04-30 15:30:30.669 I/WindowManager( 2191): WIN DEATH: Window{38e128f u0 StatusBar}
04-30 15:30:30.736 W/AudioService( 2191): Current remote volume controller died, unregistering
04-30 15:30:30.738 W/VolumeController( 2191): Error calling dismiss
04-30 15:30:30.738 W/VolumeController( 2191): android.os.DeadObjectException
04-30 15:30:30.738 W/VolumeController( 2191): 	at android.os.BinderProxy.transactNative(Native Method)
04-30 15:30:30.738 W/VolumeController( 2191): 	at android.os.BinderProxy.transact(Binder.java:615)
04-30 15:30:30.738 W/VolumeController( 2191): 	at android.media.IVolumeController$Stub$Proxy.dismiss(IVolumeController.java:162)
04-30 15:30:30.738 W/VolumeController( 2191): 	at com.android.server.audio.AudioService$VolumeController.postDismiss(AudioService.java:6138)
04-30 15:30:30.738 W/VolumeController( 2191): 	at com.android.server.audio.AudioService.setVolumeController(AudioService.java:5986)
04-30 15:30:30.738 W/VolumeController( 2191): 	at com.android.server.audio.AudioService$4.binderDied(AudioService.java:5995)
04-30 15:30:30.738 W/VolumeController( 2191): 	at android.os.BinderProxy.sendDeathNotice(Binder.java:688)
04-30 15:30:30.741 D/ConnectivityService( 2191): ConnectivityService NetworkRequestInfo binderDied(NetworkRequest [ LISTEN id=5, [] ], android.os.BinderProxy@2e8046f)
04-30 15:30:30.779 W/art     ( 2191): Long monitor contention with owner Binder:2191_3 (2405) at void com.android.server.wm.WindowState$DeathRecipient.binderDied()(WindowState.java:1806) waiters=0 in void com.android.server.wm.WindowManagerService$9.binderDied() for 107ms
04-30 15:30:30.781 W/WallpaperManagerService( 2191): Wallpaper service gone: ComponentInfo{com.android.systemui/com.android.systemui.ImageWallpaper}
04-30 15:30:30.789 I/WindowManager( 2191): WIN DEATH: Window{943f52 u0 AssistPreviewPanel}
04-30 15:30:30.846 I/WindowManager( 2191): WIN DEATH: Window{4a56320 u0 NavigationBar}
04-30 15:30:30.881 I/WindowManager( 2191): WIN DEATH: Window{952b3a3 u0 DockedStackDivider}
04-30 15:30:30.917 I/ActivityManager( 2191): Process com.android.systemui (pid 2399) has died
04-30 15:30:30.918 D/ActivityManager( 2191): cleanUpApplicationRecord -- 2399
04-30 15:30:30.920 W/ActivityManager( 2191): Scheduling restart of crashed service com.android.systemui/.keyguard.KeyguardService in 0ms
04-30 15:30:30.920 W/ActivityManager( 2191): Scheduling restart of crashed service com.android.systemui/.ImageWallpaper in 0ms
04-30 15:30:30.920 W/ActivityManager( 2191): Scheduling restart of crashed service com.android.systemui/.SystemUIService in 0ms
04-30 15:30:30.942 W/ActivityManager( 2191): Re-adding persistent process ProcessRecord{afde57c 2399:com.android.systemui/u0a21}
04-30 15:30:31.054 E/ConnectivityService( 2191): RemoteException caught trying to send a callback msg for NetworkRequest [ LISTEN id=5, [] ]
04-30 15:30:31.184 W/ActivityManager( 2191): Slow operation: 239ms so far, now at startProcess: returned from zygote!
04-30 15:30:31.185 W/ActivityManager( 2191): Slow operation: 240ms so far, now at startProcess: done updating battery stats
04-30 15:30:31.185 W/ActivityManager( 2191): Slow operation: 240ms so far, now at startProcess: building log message
04-30 15:30:31.185 I/ActivityManager( 2191): Start proc 2817:com.android.systemui/u0a21 for restart com.android.systemui
04-30 15:30:31.185 W/ActivityManager( 2191): Slow operation: 240ms so far, now at startProcess: starting to update pids map
04-30 15:30:31.185 W/ActivityManager( 2191): Slow operation: 241ms so far, now at startProcess: done updating pids map
04-30 15:30:31.188 W/art     ( 2191): Long monitor contention with owner Binder:2191_7 (2815) at void com.android.server.am.ActivityManagerService$AppDeathRecipient.binderDied()(ActivityManagerService.java:1475) waiters=1 in void com.android.server.am.ActivityManagerService.dispatchUidsChanged() for 203ms
04-30 15:30:31.191 W/art     ( 2191): Long monitor contention with owner Binder:2191_7 (2815) at void com.android.server.am.ActivityManagerService$AppDeathRecipient.binderDied()(ActivityManagerService.java:1475) waiters=2 in void com.android.server.am.ActivityRecord$Token.windowsGone() for 203ms
04-30 15:30:31.236 W/art     ( 2817): Unexpected CPU variant for X86 using defaults: x86_64
04-30 15:30:31.624 W/System  ( 2817): ClassLoader referenced unknown path: /system/priv-app/SystemUI/lib/x86_64
04-30 15:30:32.302 V/SystemUIService( 2817): Starting SystemUI services for user 0.
04-30 15:30:32.612 W/art     ( 2783): Suspending all threads took: 6.343ms
04-30 15:30:32.685 V/MediaRouter( 2817): Adding route: RouteInfo{ name=Phone, description=null, status=null, category=RouteCategory{ name=null types=ROUTE_TYPE_LIVE_AUDIO ROUTE_TYPE_LIVE_VIDEO  groupable=false }, supportedTypes=ROUTE_TYPE_LIVE_AUDIO ROUTE_TYPE_LIVE_VIDEO , presentationDisplay=null }
04-30 15:30:32.900 V/MediaRouter( 2817): Updating audio routes: AudioRoutesInfo{ type=SPEAKER }
04-30 15:30:33.008 V/MediaRouter( 2817): Selecting route: RouteInfo{ name=Phone, description=null, status=null, category=RouteCategory{ name=null types=ROUTE_TYPE_LIVE_AUDIO ROUTE_TYPE_LIVE_VIDEO  groupable=false }, supportedTypes=ROUTE_TYPE_LIVE_AUDIO ROUTE_TYPE_LIVE_VIDEO , presentationDisplay=null }
04-30 15:30:33.131 D/TrustManagerService( 2191): Removing dead TrustListener.
04-30 15:30:33.257 W/libprocessgroup( 2191): failed to open /acct/uid_10021/pid_2399/cgroup.procs: No such file or directory
04-30 15:30:33.627 E/WVMExtractor( 2817): Failed to open libwvm.so: dlopen failed: library "libwvm.so" not found
04-30 15:30:34.430 I/MediaPlayerService( 1334): MediaPlayerService::getOMX
04-30 15:30:34.447 I/OMXClient( 2817): MuxOMX ctor
04-30 15:30:34.537 I/OMXMaster( 1331): makeComponentInstance(OMX.google.vorbis.decoder) in mediacodec process
04-30 15:30:35.818 W/WallpaperManagerService( 2191): Wallpaper reconnect timed out, reverting to built-in wallpaper!
04-30 15:30:37.633 I/vol.Events( 2817): writeEvent collection_started
04-30 15:30:38.099 I/vol.Events( 2817): writeEvent external_ringer_mode_changed normal
04-30 15:30:38.155 I/vol.Events( 2817): writeEvent internal_ringer_mode_changed normal
04-30 15:30:38.507 I/MediaPlayerService( 1334): MediaPlayerService::getOMX
04-30 15:30:38.512 I/OMXClient( 2817): MuxOMX ctor
04-30 15:30:38.556 I/OMXMaster( 1331): makeComponentInstance(OMX.google.vorbis.decoder) in mediacodec process
04-30 15:30:40.681 I/MediaPlayerService( 1334): MediaPlayerService::getOMX
04-30 15:30:40.707 I/OMXClient( 2817): MuxOMX ctor
04-30 15:30:40.799 I/OMXMaster( 1331): makeComponentInstance(OMX.google.vorbis.decoder) in mediacodec process
04-30 15:30:43.678 I/AlarmClock( 2783): AlarmInitReceiver android.intent.action.TIME_SET
04-30 15:30:43.762 I/vol.Events( 2817): writeEvent level_changed STREAM_ALARM 6
04-30 15:30:43.822 I/vol.Events( 2817): writeEvent level_changed STREAM_BLUETOOTH_SCO 7
04-30 15:30:43.949 I/vol.Events( 2817): writeEvent level_changed STREAM_MUSIC 11
04-30 15:30:43.980 I/vol.Events( 2817): writeEvent level_changed STREAM_RING 5
04-30 15:30:43.992 I/vol.Events( 2817): writeEvent level_changed STREAM_SYSTEM 5
04-30 15:30:44.149 I/vol.Events( 2817): writeEvent level_changed STREAM_VOICE_CALL 4
04-30 15:30:44.664 D/StorageNotification( 2817): Notifying about private volume: VolumeInfo{private}:
04-30 15:30:44.664 D/StorageNotification( 2817):     type=PRIVATE diskId=null partGuid=null mountFlags=0 mountUserId=-1 
04-30 15:30:44.664 D/StorageNotification( 2817):     state=MOUNTED 
04-30 15:30:44.664 D/StorageNotification( 2817):     fsType=null fsUuid=null fsLabel=null 
04-30 15:30:44.664 D/StorageNotification( 2817):     path=/data internalPath=null 
04-30 15:30:44.669 D/StorageNotification( 2817): Notifying about public volume: VolumeInfo{public:253,48}:
04-30 15:30:44.669 D/StorageNotification( 2817):     type=PUBLIC diskId=disk:253,48 partGuid=null mountFlags=VISIBLE 
04-30 15:30:44.669 D/StorageNotification( 2817):     mountUserId=0 state=MOUNTED 
04-30 15:30:44.669 D/StorageNotification( 2817):     fsType=vfat fsUuid=1EFF-1C1B fsLabel=SDCARD 
04-30 15:30:44.669 D/StorageNotification( 2817):     path=/storage/1EFF-1C1B internalPath=/mnt/media_rw/1EFF-1C1B 
04-30 15:30:44.918 V/KeyguardServiceDelegate( 2191): *** Keyguard connected (yay!)
04-30 15:30:45.628 D/LockSettings( 2191): Removing dead StrongAuthTracker.
04-30 15:30:45.684 W/WindowManager( 2191): ***** BOOT TIMEOUT: forcing display enabled
04-30 15:30:45.727 I/Choreographer( 2817): Skipped 74 frames!  The application may be doing too much work on its main thread.
04-30 15:30:45.795 I/SurfaceFlinger( 1321): Boot is finished (192958 ms)
04-30 15:30:46.080 I/SystemServiceManager( 2191): Starting phase 1000
04-30 15:30:46.224 W/ActivityManager( 2191): Slow operation: 136ms so far, now at startProcess: returned from zygote!
04-30 15:30:46.224 W/ActivityManager( 2191): Slow operation: 137ms so far, now at startProcess: done updating battery stats
04-30 15:30:46.225 W/ActivityManager( 2191): Slow operation: 138ms so far, now at startProcess: building log message
04-30 15:30:46.225 I/ActivityManager( 2191): Start proc 2876:android.ext.services/u0a12 for on-hold
04-30 15:30:46.225 W/ActivityManager( 2191): Slow operation: 138ms so far, now at startProcess: starting to update pids map
04-30 15:30:46.225 W/ActivityManager( 2191): Slow operation: 138ms so far, now at startProcess: done updating pids map
04-30 15:30:46.304 D/ActivityManager( 2191): Finishing user boot 0
04-30 15:30:46.312 D/CryptdConnector( 2191): SND -> {3 cryptfs prepare_user_storage ! 0 0 2}
04-30 15:30:46.331 D/vold    ( 1270): e4crypt_prepare_user_storage for volume null, user 0, serial 0, flags 2
04-30 15:30:46.332 D/vold    ( 1270): Preparing: /data/system_ce/0
04-30 15:30:46.424 D/vold    ( 1270): Preparing: /data/misc_ce/0
04-30 15:30:46.424 D/vold    ( 1270): Preparing: /data/media/0
04-30 15:30:46.424 D/vold    ( 1270): Preparing: /data/data
04-30 15:30:46.426 D/CryptdConnector( 2191): RCV <- {200 3 Command succeeded}
04-30 15:30:46.465 V/UserManagerService( 2191): Found /data/user/0 with serial number 0
04-30 15:30:46.465 V/UserManagerService( 2191): Found /data/system_ce/0 with serial number 0
04-30 15:30:46.467 V/PackageManager( 2191): reconcileAppsData for null u0 0x2
04-30 15:30:46.631 W/art     ( 2876): Unexpected CPU variant for X86 using defaults: x86_64
04-30 15:30:48.197 E/NetdConnector( 2191): NDC Command {18 firewall disable_chain standby} took too long (1441ms)
04-30 15:30:49.934 V/PackageManager( 2191): reconcileAppsData finished 81 packages
04-30 15:30:49.937 W/art     ( 2191): Long monitor contention with owner android.display (2234) at void com.android.server.am.ActivityManagerService.finishBooting()(ActivityManagerService.java:6823) waiters=0 in void com.android.server.am.BroadcastQueue.processNextBroadcast(boolean) for 3.629s
04-30 15:30:49.939 W/art     ( 2191): Long monitor contention with owner android.display (2234) at void com.android.server.am.ActivityManagerService.finishBooting()(ActivityManagerService.java:6823) waiters=1 in java.lang.String com.android.server.am.ActivityManagerService.checkContentProviderAccess(java.lang.String, int) for 3.329s
04-30 15:30:49.940 W/art     ( 2191): Long monitor contention with owner android.display (2234) at void com.android.server.am.ActivityManagerService.finishBooting()(ActivityManagerService.java:6823) waiters=2 in void com.android.server.am.ActivityManagerService.attachApplication(android.app.IApplicationThread) for 3.168s
04-30 15:30:49.963 D/MountService( 2191): onUnlockUser 0
04-30 15:30:49.964 D/VoldConnector( 2191): SND -> {8 volume user_started 0}
04-30 15:30:50.029 D/vold    ( 1270): Linking /storage/emulated/0 to /mnt/user/0/primary
04-30 15:30:50.030 D/VoldConnector( 2191): RCV <- {200 8 Command succeeded}
04-30 15:30:50.063 D/MountService( 2191): Volume public:253,48 broadcasting mounted to UserHandle{0}
04-30 15:30:50.114 W/art     ( 2191): Long monitor contention with owner android.display (2234) at void com.android.server.am.ActivityManagerService.finishBooting()(ActivityManagerService.java:6823) waiters=3 in com.android.server.am.ProcessRecord com.android.server.am.ActivityManagerService.findAppProcess(android.os.IBinder, java.lang.String) for 2.518s
04-30 15:30:50.115 W/art     ( 2191): Long monitor contention with owner android.display (2234) at void com.android.server.am.ActivityManagerService.finishBooting()(ActivityManagerService.java:6823) waiters=4 in java.lang.String com.android.server.am.ActivityManagerService.checkContentProviderAccess(java.lang.String, int) for 1.574s
04-30 15:30:50.175 D/MountService( 2191): Volume emulated broadcasting mounted to UserHandle{0}
04-30 15:30:50.250 I/StatusBarManagerService( 2191): registerStatusBar bar=com.android.internal.statusbar.IStatusBar$Stub$Proxy@a4c787a
04-30 15:30:50.729 V/BackupManagerService( 2191): No ancestral data
04-30 15:30:50.788 I/BackupManagerService( 2191): Package jp.jaxa.iss.kibo.rpc.sampleapk not installed; dropping from full backup
04-30 15:30:50.799 V/BackupManagerService( 2191): Starting with transport android/com.android.internal.backup.LocalTransport
04-30 15:30:50.800 V/BackupManagerService( 2191): Found transports: 1
04-30 15:30:50.800 W/BackupManagerService( 2191): Proposed transport ComponentInfo{android/com.android.internal.backup.LocalTransportService} not whitelisted; ignoring
04-30 15:30:50.829 W/System  ( 2876): ClassLoader referenced unknown path: /system/priv-app/ExtServices/lib/x86_64
04-30 15:30:50.954 I/BackupManagerService( 2191): Backup enabled => false
04-30 15:30:51.489 W/VoiceInteractionManagerService( 2191): no available voice interaction services found for user 0
04-30 15:30:51.489 W/VoiceInteractionManagerService( 2191): no available voice recognition services found for user 0
04-30 15:30:51.492 I/ActivityManager( 2191): Loading recents for user 0 into memory.
04-30 15:30:51.577 D/ActivityManager( 2191): Sending BOOT_COMPLETE user #0
04-30 15:30:52.037 D/CarrierSvcBindHelper( 2585): Received android.intent.action.USER_UNLOCKED
04-30 15:30:52.039 E/PhoneInterfaceManager( 2585): [PhoneIntfMgr] getCarrierPackageNamesForIntent: No UICC
04-30 15:30:52.040 D/CarrierSvcBindHelper( 2585): No carrier app for: 0
04-30 15:30:52.132 W/RichInputConnection( 2393): Slow InputConnection: GET_TEXT_BEFORE_CURSOR took 455 ms.
04-30 15:30:52.248 D/FallbackHome( 2593): User unlocked and real home found; let's go!
04-30 15:30:52.414 I/AccountManagerService( 2191): User 0 is unlocked - opening CE database
04-30 15:30:52.501 I/ActivityManager( 2191): START u0 {act=android.intent.action.MAIN cat=[android.intent.category.HOME] flg=0x10000100 cmp=com.android.launcher3/.Launcher} from uid 0 on display 0
04-30 15:30:52.763 W/ActivityManager( 2191): Slow operation: 64ms so far, now at startProcess: asking zygote to start proc
04-30 15:30:52.946 W/ActivityManager( 2191): Slow operation: 246ms so far, now at startProcess: returned from zygote!
04-30 15:30:52.946 W/ActivityManager( 2191): Slow operation: 247ms so far, now at startProcess: done updating battery stats
04-30 15:30:52.946 W/ActivityManager( 2191): Slow operation: 247ms so far, now at startProcess: building log message
04-30 15:30:52.946 I/ActivityManager( 2191): Start proc 2920:com.android.launcher3/u0a42 for activity com.android.launcher3/.Launcher
04-30 15:30:52.946 W/ActivityManager( 2191): Slow operation: 247ms so far, now at startProcess: starting to update pids map
04-30 15:30:52.947 W/ActivityManager( 2191): Slow operation: 248ms so far, now at startProcess: done updating pids map
04-30 15:30:52.947 W/ActivityManager( 2191): Slow operation: 249ms so far, now at startProcess: done starting proc!
04-30 15:30:52.961 W/art     ( 2920): Unexpected CPU variant for X86 using defaults: x86_64
04-30 15:30:52.982 I/InputAttributes( 2393): InputType.TYPE_NULL is specified
04-30 15:30:53.009 W/art     ( 2191): Suspending all threads took: 33.276ms
04-30 15:30:53.065 I/art     ( 2191): Background sticky concurrent mark sweep GC freed 41439(3MB) AllocSpace objects, 15(636KB) LOS objects, 24% free, 11MB/15MB, paused 40.011ms total 1.330s
04-30 15:30:53.093 V/KeyValueBackupJob( 2191): Scheduling k/v pass in 241 minutes
04-30 15:30:53.346 W/art     ( 2191): Long monitor contention with owner Binder:2191_4 (2427) at void com.android.server.am.ActivityManagerService.activityPaused(android.os.IBinder)(ActivityManagerService.java:6916) waiters=0 in void com.android.server.am.ActivityManagerService$3.handleMessage(android.os.Message) for 754ms
04-30 15:30:53.351 W/art     ( 2191): Long monitor contention with owner Binder:2191_4 (2427) at void com.android.server.am.ActivityManagerService.activityPaused(android.os.IBinder)(ActivityManagerService.java:6916) waiters=1 in com.android.server.am.ProcessRecord com.android.server.am.ActivityManagerService.findAppProcess(android.os.IBinder, java.lang.String) for 748ms
04-30 15:30:53.352 W/art     ( 2191): Long monitor contention with owner Binder:2191_4 (2427) at void com.android.server.am.ActivityManagerService.activityPaused(android.os.IBinder)(ActivityManagerService.java:6916) waiters=2 in java.lang.String com.android.server.am.ActivityManagerService.checkContentProviderAccess(java.lang.String, int) for 748ms
04-30 15:30:53.354 I/Choreographer( 2593): Skipped 61 frames!  The application may be doing too much work on its main thread.
04-30 15:30:53.352 W/art     ( 2191): Long monitor contention with owner Binder:2191_4 (2427) at void com.android.server.am.ActivityManagerService.activityPaused(android.os.IBinder)(ActivityManagerService.java:6916) waiters=3 in android.content.pm.UserInfo com.android.server.am.UserController.getCurrentUser() for 748ms
04-30 15:30:53.366 W/art     ( 2191): Long monitor contention with owner Binder:2191_4 (2427) at void com.android.server.am.ActivityManagerService.activityPaused(android.os.IBinder)(ActivityManagerService.java:6916) waiters=4 in java.lang.String com.android.server.am.ActivityManagerService.checkContentProviderAccess(java.lang.String, int) for 760ms
04-30 15:30:53.377 W/art     ( 2191): Long monitor contention with owner Binder:2191_4 (2427) at void com.android.server.am.ActivityManagerService.activityPaused(android.os.IBinder)(ActivityManagerService.java:6916) waiters=5 in void com.android.server.am.ActivityManagerService$MainHandler.handleMessage(android.os.Message) for 733ms
04-30 15:30:53.406 W/art     ( 2191): Long monitor contention with owner Binder:2191_4 (2427) at void com.android.server.am.ActivityManagerService.activityPaused(android.os.IBinder)(ActivityManagerService.java:6916) waiters=6 in boolean com.android.server.am.ActivityManagerService.isUserRunning(int, int) for 719ms
04-30 15:30:53.553 W/art     ( 2191): Long monitor contention with owner android.display (2234) at void com.android.server.wm.WindowAnimator$1.doFrame(long)(WindowAnimator.java:144) waiters=0 in void com.android.server.wm.WindowManagerService.prepareAppTransition(int, boolean) for 175ms
04-30 15:30:53.686 W/art     ( 2191): Long monitor contention with owner android.display (2234) at void com.android.server.wm.WindowAnimator$1.doFrame(long)(WindowAnimator.java:144) waiters=0 in void com.android.server.wm.WindowManagerService.prepareAppTransition(int, boolean) for 132ms
04-30 15:30:53.934 W/art     ( 2191): Long monitor contention with owner android.display (2234) at void com.android.server.wm.WindowAnimator$1.doFrame(long)(WindowAnimator.java:144) waiters=0 in void com.android.server.wm.WindowManagerService.prepareAppTransition(int, boolean) for 248ms
04-30 15:30:53.937 W/art     ( 2191): Long monitor contention with owner Binder:2191_4 (2427) at void com.android.server.am.ActivityManagerService.activityPaused(android.os.IBinder)(ActivityManagerService.java:6916) waiters=9 in int com.android.server.am.ActivityManagerService.getAppStartMode(int, java.lang.String) for 843ms
04-30 15:30:53.938 W/art     ( 2191): Long monitor contention with owner Binder:2191_4 (2427) at void com.android.server.am.ActivityManagerService.activityPaused(android.os.IBinder)(ActivityManagerService.java:6916) waiters=8 in android.content.Intent com.android.server.am.ActivityManagerService.registerReceiver(android.app.IApplicationThread, java.lang.String, android.content.IIntentReceiver, android.content.IntentFilter, java.lang.String, int) for 1.202s
04-30 15:30:53.941 W/art     ( 2191): Long monitor contention with owner Binder:2191_4 (2427) at void com.android.server.am.ActivityManagerService.activityPaused(android.os.IBinder)(ActivityManagerService.java:6916) waiters=10 in void com.android.server.am.ActivityManagerService.attachApplication(android.app.IApplicationThread) for 766ms
04-30 15:30:53.943 W/art     ( 2191): Long monitor contention with owner Binder:2191_4 (2427) at void com.android.server.am.ActivityManagerService.activityPaused(android.os.IBinder)(ActivityManagerService.java:6916) waiters=7 in void com.android.server.am.ActivityManagerService.dispatchUidsChanged() for 1.239s
04-30 15:30:53.996 W/ifconfig( 2946): type=1400 audit(0.0:10): avc: denied { ioctl } for path="socket:[15432]" dev="sockfs" ino=15432 ioctlcmd=8927 scontext=u:r:shell:s0 tcontext=u:r:shell:s0 tclass=udp_socket permissive=0
04-30 15:30:54.066 W/ifconfig( 2946): type=1400 audit(0.0:11): avc: denied { ioctl } for path="socket:[15432]" dev="sockfs" ino=15432 ioctlcmd=891d scontext=u:r:shell:s0 tcontext=u:r:shell:s0 tclass=udp_socket permissive=0
04-30 15:30:54.176 W/ifconfig( 2946): type=1400 audit(0.0:12): avc: denied { ioctl } for path="socket:[15432]" dev="sockfs" ino=15432 ioctlcmd=8970 scontext=u:r:shell:s0 tcontext=u:r:shell:s0 tclass=udp_socket permissive=0
04-30 15:30:54.756 W/art     ( 2191): Long monitor contention with owner android.display (2234) at void com.android.server.wm.WindowAnimator$1.doFrame(long)(WindowAnimator.java:144) waiters=0 in void com.android.server.wm.WindowManagerService.startAppFreezingScreen(android.os.IBinder, int) for 203ms
04-30 15:30:55.089 W/art     ( 2191): Long monitor contention with owner android.display (2234) at void com.android.server.wm.WindowAnimator$1.doFrame(long)(WindowAnimator.java:144) waiters=0 in void com.android.server.wm.WindowManagerService.startAppFreezingScreen(android.os.IBinder, int) for 328ms
04-30 15:30:55.208 I/LatinIME( 2393): Timeout waiting for dictionary load
04-30 15:30:55.623 W/art     ( 2191): Long monitor contention with owner android.display (2234) at void com.android.server.wm.WindowAnimator$1.doFrame(long)(WindowAnimator.java:144) waiters=0 in android.content.res.Configuration com.android.server.wm.WindowManagerService.updateOrientationFromAppTokens(android.content.res.Configuration, android.os.IBinder) for 248ms
04-30 15:30:56.124 W/art     ( 2191): Long monitor contention with owner android.display (2234) at void com.android.server.wm.WindowAnimator$1.doFrame(long)(WindowAnimator.java:144) waiters=0 in android.content.res.Configuration com.android.server.wm.WindowManagerService.updateOrientationFromAppTokens(android.content.res.Configuration, android.os.IBinder) for 255ms
04-30 15:30:57.366 W/art     ( 2191): Long monitor contention with owner android.display (2234) at void com.android.server.wm.WindowAnimator$1.doFrame(long)(WindowAnimator.java:144) waiters=0 in android.content.res.Configuration com.android.server.wm.WindowManagerService.updateOrientationFromAppTokens(android.content.res.Configuration, android.os.IBinder) for 274ms
04-30 15:30:57.595 W/art     ( 2191): Long monitor contention with owner android.display (2234) at void com.android.server.wm.WindowAnimator$1.doFrame(long)(WindowAnimator.java:144) waiters=0 in android.content.res.Configuration com.android.server.wm.WindowManagerService.updateOrientationFromAppTokens(android.content.res.Configuration, android.os.IBinder) for 220ms
04-30 15:30:58.256 W/art     ( 2191): Long monitor contention with owner android.display (2234) at void com.android.server.wm.WindowAnimator$1.doFrame(long)(WindowAnimator.java:144) waiters=0 in android.content.res.Configuration com.android.server.wm.WindowManagerService.updateOrientationFromAppTokens(android.content.res.Configuration, android.os.IBinder) for 221ms
04-30 15:30:58.495 W/art     ( 2191): Long monitor contention with owner android.display (2234) at void com.android.server.wm.WindowAnimator$1.doFrame(long)(WindowAnimator.java:144) waiters=0 in android.content.res.Configuration com.android.server.wm.WindowManagerService.updateOrientationFromAppTokens(android.content.res.Configuration, android.os.IBinder) for 238ms
04-30 15:30:58.978 W/art     ( 2191): Long monitor contention with owner android.display (2234) at void com.android.server.wm.WindowAnimator$1.doFrame(long)(WindowAnimator.java:144) waiters=0 in android.content.res.Configuration com.android.server.wm.WindowManagerService.updateOrientationFromAppTokens(android.content.res.Configuration, android.os.IBinder) for 265ms
04-30 15:30:59.262 W/art     ( 2191): Long monitor contention with owner android.display (2234) at void com.android.server.wm.WindowAnimator$1.doFrame(long)(WindowAnimator.java:144) waiters=0 in android.content.res.Configuration com.android.server.wm.WindowManagerService.updateOrientationFromAppTokens(android.content.res.Configuration, android.os.IBinder) for 282ms
04-30 15:30:59.636 W/ifconfig( 2983): type=1400 audit(0.0:13): avc: denied { ioctl } for path="socket:[15129]" dev="sockfs" ino=15129 ioctlcmd=8927 scontext=u:r:shell:s0 tcontext=u:r:shell:s0 tclass=udp_socket permissive=0
04-30 15:30:59.666 W/ifconfig( 2983): type=1400 audit(0.0:14): avc: denied { ioctl } for path="socket:[15129]" dev="sockfs" ino=15129 ioctlcmd=891d scontext=u:r:shell:s0 tcontext=u:r:shell:s0 tclass=udp_socket permissive=0
04-30 15:30:59.666 W/ifconfig( 2983): type=1400 audit(0.0:15): avc: denied { ioctl } for path="socket:[15129]" dev="sockfs" ino=15129 ioctlcmd=8970 scontext=u:r:shell:s0 tcontext=u:r:shell:s0 tclass=udp_socket permissive=0
04-30 15:30:59.746 I/Choreographer( 2191): Skipped 45 frames!  The application may be doing too much work on its main thread.
04-30 15:30:59.756 W/art     ( 2191): Long monitor contention with owner android.display (2234) at void com.android.server.wm.WindowManagerService$H.handleMessage(android.os.Message)(WindowManagerService.java:8549) waiters=0 in android.content.res.Configuration com.android.server.wm.WindowManagerService.updateOrientationFromAppTokens(android.content.res.Configuration, android.os.IBinder) for 494ms
04-30 15:31:00.165 W/art     ( 2191): Long monitor contention with owner android.display (2234) at void com.android.server.wm.WindowManagerService$H.handleMessage(android.os.Message)(WindowManagerService.java:8549) waiters=1 in int com.android.server.wm.WindowManagerService.relayoutWindow(com.android.server.wm.Session, android.view.IWindow, int, android.view.WindowManager$LayoutParams, int, int, int, int, android.graphics.Rect, android.graphics.Rect, android.graphics.Rect, android.graphics.Rect, android.graphics.Rect, android.graphics.Rect, android.graphics.Rect, android.content.res.Configuration, android.view.Surface) for 434ms
04-30 15:31:02.248 W/art     ( 2191): Long monitor contention with owner android.display (2234) at void com.android.server.wm.WindowAnimator$1.doFrame(long)(WindowAnimator.java:144) waiters=1 in android.content.res.Configuration com.android.server.wm.WindowManagerService.updateOrientationFromAppTokens(android.content.res.Configuration, android.os.IBinder) for 2.491s
04-30 15:31:02.309 I/Choreographer( 2593): Skipped 153 frames!  The application may be doing too much work on its main thread.
04-30 15:31:04.410 W/art     ( 2191): Long monitor contention with owner Binder:2191_6 (2649) at android.content.pm.UserInfo com.android.server.am.UserController.getCurrentUser()(UserController.java:1438) waiters=7 in void com.android.server.am.ActivityManagerService.appendDropBoxProcessHeaders(com.android.server.am.ProcessRecord, java.lang.String, java.lang.StringBuilder) for 11.045s
04-30 15:31:04.414 W/art     ( 2191): Long monitor contention with owner ActivityManager (2221) at void com.android.server.am.ActivityStackSupervisor$ActivityStackSupervisorHandler.handleMessage(android.os.Message)(ActivityStackSupervisor.java:3910) waiters=7 in android.content.pm.UserInfo com.android.server.am.UserController.getCurrentUser() for 11.031s
