05-08 16:44:00.992 I/CameraService( 1328): Loaded "Emulated Camera Module" camera module
05-08 16:44:00.993 E/CameraService( 1328): setUpVendorTags: Vendor tag operations not fully defined. Ignoring definitions.
05-08 16:44:00.993 V/EmulatedCamera_Camera( 1328): getCameraInfo
05-08 16:44:00.993 V/EmulatedCamera_BaseCamera( 1328): getCameraInfo
05-08 16:44:00.994 I/CameraFlashlight( 1328): Opening camera 0
05-08 16:44:00.994 V/EmulatedCamera_Camera( 1328): getCameraInfo
05-08 16:44:00.994 V/EmulatedCamera_BaseCamera( 1328): getCameraInfo
05-08 16:44:00.994 V/EmulatedCamera_Camera( 1328): connectCamera
05-08 16:44:00.994 V/EmulatedCamera_FakeDevice( 1328): connectDevice
05-08 16:44:00.995 V/EmulatedCamera_CallbackNotifier( 1328): setCallbacks: 0xe748ee80, 0xe748eed0, 0xe748eff0, 0xe748f110 (0xe6f43140)
05-08 16:44:01.008 I/mediaserver( 1338): ServiceManager: 0xf3abc0a0
05-08 16:44:01.152 D/audio_hw_generic( 1327): Emulator host-side ALSA audio emulation detected.
05-08 16:44:01.154 D/audio_hw_generic( 1327): mixer 0 name Master Playback Volume
05-08 16:44:01.154 D/audio_hw_generic( 1327): set ctl 0 to 100
05-08 16:44:01.156 D/audio_hw_generic( 1327): set ctl 1 to 100
05-08 16:44:01.156 D/audio_hw_generic( 1327): mixer 1 name Master Playback Switch
05-08 16:44:01.156 D/audio_hw_generic( 1327): set ctl 0 to 1
05-08 16:44:01.156 D/audio_hw_generic( 1327): set ctl 1 to 1
05-08 16:44:01.157 D/audio_hw_generic( 1327): mixer 2 name Capture Volume
05-08 16:44:01.157 D/audio_hw_generic( 1327): set ctl 0 to 100
05-08 16:44:01.157 D/audio_hw_generic( 1327): set ctl 1 to 100
05-08 16:44:01.157 D/audio_hw_generic( 1327): mixer 3 name Capture Switch
05-08 16:44:01.157 D/audio_hw_generic( 1327): set ctl 0 to 1
05-08 16:44:01.157 D/audio_hw_generic( 1327): set ctl 1 to 1
05-08 16:44:01.157 D/audio_hw_generic( 1327): mixer 4 name Line Phantom Jack
05-08 16:44:01.157 D/audio_hw_generic( 1327): mixer 5 name Line Out Phantom Jack
05-08 16:44:01.157 D/audio_hw_generic( 1327): mixer 6 name Playback Channel Map
05-08 16:44:01.157 D/audio_hw_generic( 1327): mixer 7 name Capture Channel Map
05-08 16:44:01.157 I/AudioFlinger( 1327): loadHwModule() Loaded primary audio interface from Generic audio HW HAL (audio) handle 10
05-08 16:44:01.174 V/EmulatedCamera_Preview( 1328): setPreviewWindow: current: 0x0 -> new: 0xe6f43150
05-08 16:44:01.175 V/EmulatedCamera_Preview( 1328): setPreviewWindow: current: 0xe6f43150 -> new: 0x0
05-08 16:44:01.175 V/EmulatedCamera_Camera( 1328): doStopPreview
05-08 16:44:01.176 V/EmulatedCamera_Preview( 1328): setPreviewWindow: current: 0x0 -> new: 0x0
05-08 16:44:01.176 V/EmulatedCamera_Camera( 1328): releaseCamera
05-08 16:44:01.176 V/EmulatedCamera_Camera( 1328): doStopPreview
05-08 16:44:01.176 V/EmulatedCamera_FakeDevice( 1328): disconnectDevice
05-08 16:44:01.176 W/EmulatedCamera_Device( 1328): Initialize: Emulated camera device is already initialized: mState = 1
05-08 16:44:01.177 D/EmulatedCamera_FakeCamera( 1328): Initialize: Fake camera is facing back
05-08 16:44:01.177 V/EmulatedCamera_Device( 1328): initializeWhiteBalanceModes with auto, 1.000000, 1.000000
05-08 16:44:01.177 V/EmulatedCamera_Device( 1328): initializeWhiteBalanceModes with incandescent, 1.380000, 0.600000
05-08 16:44:01.177 V/EmulatedCamera_Device( 1328): initializeWhiteBalanceModes with daylight, 1.090000, 0.920000
05-08 16:44:01.177 V/EmulatedCamera_Device( 1328): initializeWhiteBalanceModes with twilight, 0.920000, 1.220000
05-08 16:44:01.177 V/EmulatedCamera_Device( 1328): setWhiteBalanceMode with white balance auto
05-08 16:44:01.178 I/CameraFlashlight( 1328): Destroying camera 0
05-08 16:44:01.178 V/EmulatedCamera_Camera( 1328): closeCamera
05-08 16:44:01.178 V/EmulatedCamera_Camera( 1328): doStopPreview
05-08 16:44:01.178 W/EmulatedCamera_Device( 1328): Initialize: Emulated camera device is already initialized: mState = 1
05-08 16:44:01.178 D/EmulatedCamera_FakeCamera( 1328): Initialize: Fake camera is facing back
05-08 16:44:01.178 V/EmulatedCamera_Device( 1328): initializeWhiteBalanceModes with auto, 1.000000, 1.000000
05-08 16:44:01.178 V/EmulatedCamera_Device( 1328): initializeWhiteBalanceModes with incandescent, 1.380000, 0.600000
05-08 16:44:01.178 V/EmulatedCamera_Device( 1328): initializeWhiteBalanceModes with daylight, 1.090000, 0.920000
05-08 16:44:01.178 V/EmulatedCamera_Device( 1328): initializeWhiteBalanceModes with twilight, 0.920000, 1.220000
05-08 16:44:01.178 V/EmulatedCamera_Device( 1328): setWhiteBalanceMode with white balance auto
05-08 16:44:01.191 I/AudioFlinger( 1327): openOutput(), module 10 Device 2, SamplingRate 48000, Format 0x000001, Channels 3, flags 2
05-08 16:44:01.233 I/AudioFlinger( 1327): HAL output buffer size 720 frames, normal sink buffer size 1152 frames
05-08 16:44:01.253 V/EmulatedCamera_Camera( 1328): getCameraInfo
05-08 16:44:01.253 V/EmulatedCamera_BaseCamera( 1328): getCameraInfo
05-08 16:44:01.255 I/ServiceManager( 1328): Waiting for service media.camera.proxy...
05-08 16:44:01.288 V/MediaUtils( 1335): physMem: 1043894272
05-08 16:44:01.289 V/MediaUtils( 1335): requested limit: 208778840
05-08 16:44:01.289 V/MediaUtils( 1335): actual limit: 208778840
05-08 16:44:01.289 V/MediaUtils( 1335): original limits: 4294967295/4294967295
05-08 16:44:01.289 V/MediaUtils( 1335): new limits: 208778840/4294967295
05-08 16:44:01.342 W//system/bin/mediaextractor( 1335): libminijail: allowing syscall: socketcall
05-08 16:44:01.342 W//system/bin/mediaextractor( 1335): libminijail: allowing syscall: writev
05-08 16:44:01.342 W//system/bin/mediaextractor( 1335): libminijail: allowing syscall: fcntl64
05-08 16:44:01.343 W//system/bin/mediaextractor( 1335): libminijail: allowing syscall: clock_gettime
05-08 16:44:01.392 W//system/bin/mediaextractor( 1335): libminijail: logging seccomp filter failures
05-08 16:44:01.432 W/BatteryNotifier( 1338): batterystats service unavailable!
05-08 16:44:01.542 I/mediaserver( 1334): ServiceManager: 0xecf3c0a0
05-08 16:44:01.743 I/BufferProvider( 1327): found effect "Multichannel Downmix To Stereo" from The Android Open Source Project
05-08 16:44:01.747 I/AudioFlinger( 1327): Using module 10 has the primary audio interface
05-08 16:44:01.781 I/AudioFlinger( 1327): AudioFlinger's thread 0xe9c03d80 ready to run
05-08 16:44:01.783 W/BatteryNotifier( 1327): batterystats service unavailable!
05-08 16:44:01.785 W/BatteryNotifier( 1327): batterystats service unavailable!
05-08 16:44:01.803 W/BatteryNotifier( 1327): batterystats service unavailable!
05-08 16:44:01.806 W/AudioFlinger( 1327): no wake lock to update, system not ready yet
05-08 16:44:02.126 I/AudioFlinger( 1327): AudioFlinger's thread 0xe9703c00 ready to run
05-08 16:44:02.242 I/r_submix( 1327): adev_open(name=audio_hw_if)
05-08 16:44:02.242 I/r_submix( 1327): adev_init_check()
05-08 16:44:02.242 I/AudioFlinger( 1327): loadHwModule() Loaded r_submix audio interface from Wifi Display audio HAL (audio) handle 18
05-08 16:44:02.243 D/r_submix( 1327): adev_open_input_stream(addr=0)
05-08 16:44:02.243 D/r_submix( 1327): submix_audio_device_create_pipe_l(addr=0, idx=9)
05-08 16:44:02.243 D/r_submix( 1327):   now using address 0 for route 9
05-08 16:44:02.252 I/AudioFlinger( 1327): AudioFlinger's thread 0xe9803fc0 ready to run
05-08 16:44:02.258 I/ServiceManager( 1328): Waiting for service media.camera.proxy...
05-08 16:44:02.280 D/r_submix( 1327): adev_close_input_stream()
05-08 16:44:02.281 D/r_submix( 1327): submix_audio_device_release_pipe_l(idx=9) addr=0
05-08 16:44:02.281 D/r_submix( 1327): submix_audio_device_destroy_pipe_l(): pipe destroyed
05-08 16:44:02.295 I/RadioService( 1327): RadioService
05-08 16:44:02.295 I/RadioService( 1327): onFirstRef
05-08 16:44:02.296 E/RadioService( 1327): couldn't load radio module radio.primary (No such file or directory)
05-08 16:44:02.342 E/SoundTriggerHwService( 1327): couldn't load sound trigger module sound_trigger.primary (No such file or directory)
05-08 16:44:03.260 I/ServiceManager( 1328): Waiting for service media.camera.proxy...
05-08 16:44:04.294 I/ServiceManager( 1328): Waiting for service media.camera.proxy...
05-08 16:44:04.811 W/BatteryNotifier( 1327): batterystats service unavailable!
05-08 16:44:05.300 I/ServiceManager( 1328): Waiting for service media.camera.proxy...
05-08 16:44:09.513 D/AndroidRuntime( 1325): >>>>>> START com.android.internal.os.ZygoteInit uid 0 <<<<<<
05-08 16:44:09.704 E/SurfaceFlinger( 1322): ro.sf.lcd_density must be defined as a build property
05-08 16:44:09.767 D/libEGL  ( 1589): Emulator without GPU support detected. Fallback to legacy software renderer, qemu.gles is set to 0.
05-08 16:44:09.789 D/libEGL  ( 1589): loaded /system/lib64/egl/libGLES_android.so
05-08 16:44:10.082 D/AndroidRuntime( 1325): CheckJNI is ON
05-08 16:44:10.280 I/art     ( 1325): option[0]=-Xzygote
05-08 16:44:10.280 I/art     ( 1325): option[1]=-Xcheck:jni
05-08 16:44:10.281 I/art     ( 1325): option[2]=-Xstacktracefile:/data/anr/traces.txt
05-08 16:44:10.281 I/art     ( 1325): option[3]=exit
05-08 16:44:10.281 I/art     ( 1325): option[4]=vfprintf
05-08 16:44:10.281 I/art     ( 1325): option[5]=sensitiveThread
05-08 16:44:10.281 I/art     ( 1325): option[6]=-verbose:gc
05-08 16:44:10.281 I/art     ( 1325): option[7]=-Xms4m
05-08 16:44:10.281 I/art     ( 1325): option[8]=-Xmx256m
05-08 16:44:10.281 I/art     ( 1325): option[9]=-Xusejit:true
05-08 16:44:10.281 I/art     ( 1325): option[10]=-Xjitsaveprofilinginfo
05-08 16:44:10.281 I/art     ( 1325): option[11]=-agentlib:jdwp=transport=dt_android_adb,suspend=n,server=y
05-08 16:44:10.281 I/art     ( 1325): option[12]=-Xlockprofthreshold:500
05-08 16:44:10.281 I/art     ( 1325): option[13]=-Ximage-compiler-option
05-08 16:44:10.281 I/art     ( 1325): option[14]=--runtime-arg
05-08 16:44:10.281 I/art     ( 1325): option[15]=-Ximage-compiler-option
05-08 16:44:10.281 I/art     ( 1325): option[16]=-Xms64m
05-08 16:44:10.282 I/art     ( 1325): option[17]=-Ximage-compiler-option
05-08 16:44:10.282 I/art     ( 1325): option[18]=--runtime-arg
05-08 16:44:10.282 I/art     ( 1325): option[19]=-Ximage-compiler-option
05-08 16:44:10.282 I/art     ( 1325): option[20]=-Xmx64m
05-08 16:44:10.282 I/art     ( 1325): option[21]=-Ximage-compiler-option
05-08 16:44:10.282 I/art     ( 1325): option[22]=--image-classes=/system/etc/preloaded-classes
05-08 16:44:10.282 I/art     ( 1325): option[23]=-Ximage-compiler-option
05-08 16:44:10.282 I/art     ( 1325): option[24]=--compiled-classes=/system/etc/compiled-classes
05-08 16:44:10.282 I/art     ( 1325): option[25]=-Xcompiler-option
05-08 16:44:10.282 I/art     ( 1325): option[26]=--runtime-arg
05-08 16:44:10.282 I/art     ( 1325): option[27]=-Xcompiler-option
05-08 16:44:10.282 I/art     ( 1325): option[28]=-Xms64m
05-08 16:44:10.282 I/art     ( 1325): option[29]=-Xcompiler-option
05-08 16:44:10.282 I/art     ( 1325): option[30]=--runtime-arg
05-08 16:44:10.282 I/art     ( 1325): option[31]=-Xcompiler-option
05-08 16:44:10.282 I/art     ( 1325): option[32]=-Xmx512m
05-08 16:44:10.282 I/art     ( 1325): option[33]=-Ximage-compiler-option
05-08 16:44:10.282 I/art     ( 1325): option[34]=--instruction-set-variant=x86_64
05-08 16:44:10.282 I/art     ( 1325): option[35]=-Xcompiler-option
05-08 16:44:10.282 I/art     ( 1325): option[36]=--instruction-set-variant=x86_64
05-08 16:44:10.282 I/art     ( 1325): option[37]=-Ximage-compiler-option
05-08 16:44:10.282 I/art     ( 1325): option[38]=--instruction-set-features=default
05-08 16:44:10.282 I/art     ( 1325): option[39]=-Xcompiler-option
05-08 16:44:10.282 I/art     ( 1325): option[40]=--instruction-set-features=default
05-08 16:44:10.282 I/art     ( 1325): option[41]=-Duser.locale=en-US
05-08 16:44:10.283 I/art     ( 1325): option[42]=--cpu-abilist=x86_64
05-08 16:44:10.283 I/art     ( 1325): option[43]=-Xfingerprint:Android/sdk_phone_x86_64/generic_x86_64:7.1.1/NYC/4931657:userdebug/test-keys
05-08 16:44:10.386 D/gralloc_ranchu( 1589): Emulator without host-side GPU emulation detected. Loading gralloc.default.so from /vendor/lib64/hw/gralloc.goldfish.default.so...
05-08 16:44:10.389 D/gralloc_ranchu( 1589): gralloc.default.so not found in /vendor. Trying /system/lib64/hw/gralloc.goldfish.default.so...
05-08 16:44:13.436 D/AndroidRuntime( 1326): >>>>>> START com.android.internal.os.ZygoteInit uid 0 <<<<<<
05-08 16:44:14.025 D/AndroidRuntime( 1326): CheckJNI is ON
05-08 16:44:14.174 I/art     ( 1326): option[0]=-Xzygote
05-08 16:44:14.174 I/art     ( 1326): option[1]=-Xcheck:jni
05-08 16:44:14.201 I/art     ( 1326): option[2]=-Xstacktracefile:/data/anr/traces.txt
05-08 16:44:14.201 I/art     ( 1326): option[3]=exit
05-08 16:44:14.201 I/art     ( 1326): option[4]=vfprintf
05-08 16:44:14.201 I/art     ( 1326): option[5]=sensitiveThread
05-08 16:44:14.201 I/art     ( 1326): option[6]=-verbose:gc
05-08 16:44:14.201 I/art     ( 1326): option[7]=-Xms4m
05-08 16:44:14.201 I/art     ( 1326): option[8]=-Xmx256m
05-08 16:44:14.201 I/art     ( 1326): option[9]=-Xusejit:true
05-08 16:44:14.202 I/art     ( 1326): option[10]=-Xjitsaveprofilinginfo
05-08 16:44:14.202 I/art     ( 1326): option[11]=-agentlib:jdwp=transport=dt_android_adb,suspend=n,server=y
05-08 16:44:14.202 I/art     ( 1326): option[12]=-Xlockprofthreshold:500
05-08 16:44:14.202 I/art     ( 1326): option[13]=-Ximage-compiler-option
05-08 16:44:14.202 I/art     ( 1326): option[14]=--runtime-arg
05-08 16:44:14.202 I/art     ( 1326): option[15]=-Ximage-compiler-option
05-08 16:44:14.202 I/art     ( 1326): option[16]=-Xms64m
05-08 16:44:14.202 I/art     ( 1326): option[17]=-Ximage-compiler-option
05-08 16:44:14.291 I/art     ( 1326): option[18]=--runtime-arg
05-08 16:44:14.291 I/art     ( 1326): option[19]=-Ximage-compiler-option
05-08 16:44:14.291 I/art     ( 1326): option[20]=-Xmx64m
05-08 16:44:14.291 I/art     ( 1326): option[21]=-Ximage-compiler-option
05-08 16:44:14.291 I/art     ( 1326): option[22]=--image-classes=/system/etc/preloaded-classes
05-08 16:44:14.291 I/art     ( 1326): option[23]=-Ximage-compiler-option
05-08 16:44:14.291 I/art     ( 1326): option[24]=--compiled-classes=/system/etc/compiled-classes
05-08 16:44:14.291 I/art     ( 1326): option[25]=-Xcompiler-option
05-08 16:44:14.291 I/art     ( 1326): option[26]=--runtime-arg
05-08 16:44:14.291 I/art     ( 1326): option[27]=-Xcompiler-option
05-08 16:44:14.291 I/art     ( 1326): option[28]=-Xms64m
05-08 16:44:14.291 I/art     ( 1326): option[29]=-Xcompiler-option
05-08 16:44:14.291 I/art     ( 1326): option[30]=--runtime-arg
05-08 16:44:14.292 I/art     ( 1326): option[31]=-Xcompiler-option
05-08 16:44:14.292 I/art     ( 1326): option[32]=-Xmx512m
05-08 16:44:14.292 I/art     ( 1326): option[33]=-Ximage-compiler-option
05-08 16:44:14.292 I/art     ( 1326): option[34]=--instruction-set-variant=x86
05-08 16:44:14.292 I/art     ( 1326): option[35]=-Xcompiler-option
05-08 16:44:14.292 I/art     ( 1326): option[36]=--instruction-set-variant=x86
05-08 16:44:14.292 I/art     ( 1326): option[37]=-Ximage-compiler-option
05-08 16:44:14.292 I/art     ( 1326): option[38]=--instruction-set-features=default
05-08 16:44:14.292 I/art     ( 1326): option[39]=-Xcompiler-option
05-08 16:44:14.292 I/art     ( 1326): option[40]=--instruction-set-features=default
05-08 16:44:14.292 I/art     ( 1326): option[41]=-Duser.locale=en-US
05-08 16:44:14.292 I/art     ( 1326): option[42]=--cpu-abilist=x86
05-08 16:44:14.292 I/art     ( 1326): option[43]=-Xfingerprint:Android/sdk_phone_x86_64/generic_x86_64:7.1.1/NYC/4931657:userdebug/test-keys
05-08 16:44:17.136 D/ICU     ( 1325): No timezone override file found: /data/misc/zoneinfo/current/icu/icu_tzdata.dat
05-08 16:44:18.936 E/hostapd ( 1831): Configuration file: /system/etc/simulated_hostapd.conf
05-08 16:44:19.496 I/hostapd ( 1831): rfkill: Cannot get wiphy information
05-08 16:44:19.498 I/hostapd ( 1831): nl80211: Could not re-add multicast membership for vendor events: -2 (No such file or directory)
05-08 16:44:19.562 I/hostapd ( 1831): wlan1: interface state UNINITIALIZED->COUNTRY_UPDATE
05-08 16:44:19.915 E/ipv6proxy( 1824): Failed to forward Router Advertisement from eth0 to wlan1: Network is unreachable
05-08 16:44:20.657 E/memtrack( 1325): Couldn't load memtrack module (No such file or directory)
05-08 16:44:20.657 E/android.os.Debug( 1325): failed to load memtrack module: -2
05-08 16:44:20.724 I/Radio-JNI( 1325): register_android_hardware_Radio DONE
05-08 16:44:20.987 I/SamplingProfilerIntegration( 1325): Profiling disabled.
05-08 16:44:21.008 D/Zygote  ( 1325): begin preload
05-08 16:44:21.008 I/Zygote  ( 1325): Installing ICU cache reference pinning...
05-08 16:44:21.044 I/Zygote  ( 1325): Preloading ICU data...
05-08 16:44:21.304 D/ICU     ( 1326): No timezone override file found: /data/misc/zoneinfo/current/icu/icu_tzdata.dat
05-08 16:44:22.567 I/Zygote  ( 1325): Preloading classes...
05-08 16:44:22.860 W/Zygote  ( 1325): Class not found for preloading: [Landroid.view.Display$ColorTransform;
05-08 16:44:24.343 E/memtrack( 1326): Couldn't load memtrack module (No such file or directory)
05-08 16:44:24.344 E/android.os.Debug( 1326): failed to load memtrack module: -2
05-08 16:44:24.402 I/Radio-JNI( 1326): register_android_hardware_Radio DONE
05-08 16:44:24.607 I/hostapd ( 1831): wlan1: interface state COUNTRY_UPDATE->HT_SCAN
05-08 16:44:24.791 I/SamplingProfilerIntegration( 1326): Profiling disabled.
05-08 16:44:24.813 D/Zygote  ( 1326): begin preload
05-08 16:44:24.814 I/Zygote  ( 1326): Installing ICU cache reference pinning...
05-08 16:44:24.820 I/Zygote  ( 1326): Preloading ICU data...
05-08 16:44:26.067 E/hostapd ( 1831): Using interface wlan1 with hwaddr 02:00:00:00:01:00 and ssid "AndroidWifi"
05-08 16:44:26.088 I/hostapd ( 1831): wlan1: interface state HT_SCAN->ENABLED
05-08 16:44:26.088 I/hostapd ( 1831): wlan1: AP-ENABLED 
05-08 16:44:26.854 I/Zygote  ( 1326): Preloading classes...
05-08 16:44:26.999 W/Zygote  ( 1326): Class not found for preloading: [Landroid.view.Display$ColorTransform;
05-08 16:44:29.609 E/Typeface( 1325): Error mapping font file /system/fonts/DroidSansFallback.ttf
05-08 16:44:31.463 E/Typeface( 1326): Error mapping font file /system/fonts/DroidSansFallback.ttf
05-08 16:44:34.272 W/art     ( 1325): Suspending all threads took: 28.710ms
05-08 16:44:34.562 I/art     ( 1325): Background concurrent mark sweep GC freed 21948(2MB) AllocSpace objects, 42(772KB) LOS objects, 33% free, 2MB/4MB, paused 50.090ms total 397.057ms
05-08 16:44:34.870 W/art     ( 1325): Suspending all threads took: 22.840ms
05-08 16:44:35.101 I/art     ( 1325): Background sticky concurrent mark sweep GC freed 447(1658KB) AllocSpace objects, 87(1620KB) LOS objects, 63% free, 1585KB/4MB, paused 53.229ms total 428.431ms
05-08 16:44:35.432 I/art     ( 1325): Thread[1,tid=1325,Native,Thread*=0x7c417de95a00,peer=0x12c060d0,"main"] recursive attempt to load library "/system/lib64/libmedia_jni.so"
05-08 16:44:35.441 D/MtpDeviceJNI( 1325): register_android_mtp_MtpDevice
05-08 16:44:35.452 I/art     ( 1325): Thread[1,tid=1325,Native,Thread*=0x7c417de95a00,peer=0x12c060d0,"main"] recursive attempt to load library "/system/lib64/libmedia_jni.so"
05-08 16:44:35.453 I/art     ( 1325): Thread[1,tid=1325,Native,Thread*=0x7c417de95a00,peer=0x12c060d0,"main"] recursive attempt to load library "/system/lib64/libmedia_jni.so"
05-08 16:44:36.724 I/art     ( 1326): Background concurrent mark sweep GC freed 21947(2MB) AllocSpace objects, 77(1384KB) LOS objects, 33% free, 3MB/5MB, paused 8.764ms total 618.120ms
05-08 16:44:37.261 I/art     ( 1326): Thread[1,tid=1326,Native,Thread*=0xe978b400,peer=0x12c060d0,"main"] recursive attempt to load library "/system/lib/libmedia_jni.so"
05-08 16:44:37.272 D/MtpDeviceJNI( 1326): register_android_mtp_MtpDevice
05-08 16:44:37.274 I/art     ( 1326): Thread[1,tid=1326,Native,Thread*=0xe978b400,peer=0x12c060d0,"main"] recursive attempt to load library "/system/lib/libmedia_jni.so"
05-08 16:44:37.275 I/art     ( 1326): Thread[1,tid=1326,Native,Thread*=0xe978b400,peer=0x12c060d0,"main"] recursive attempt to load library "/system/lib/libmedia_jni.so"
05-08 16:44:38.539 W/Zygote  ( 1325): Class not found for preloading: android.view.Display$ColorTransform
05-08 16:44:38.539 W/Zygote  ( 1325): Class not found for preloading: android.view.Display$ColorTransform$1
05-08 16:44:39.729 W/Zygote  ( 1326): Class not found for preloading: android.view.Display$ColorTransform
05-08 16:44:39.729 W/Zygote  ( 1326): Class not found for preloading: android.view.Display$ColorTransform$1
05-08 16:44:41.960 W/art     ( 1326): Suspending all threads took: 49.780ms
05-08 16:44:42.152 I/art     ( 1326): Background sticky concurrent mark sweep GC freed 16403(2MB) AllocSpace objects, 52(1000KB) LOS objects, 71% free, 1628KB/5MB, paused 50.851ms total 435.783ms
05-08 16:44:42.847 I/System  ( 1325): Loaded time zone names for "" in 1687ms (1568ms in ICU)
05-08 16:44:43.454 I/System  ( 1325): Loaded time zone names for "en_US" in 563ms (558ms in ICU)
05-08 16:44:44.125 I/System  ( 1326): Loaded time zone names for "" in 1458ms (1440ms in ICU)
05-08 16:44:44.902 I/System  ( 1326): Loaded time zone names for "en_US" in 775ms (771ms in ICU)
05-08 16:44:44.983 I/Zygote  ( 1325): ...preloaded 4158 classes in 22414ms.
05-08 16:44:45.071 I/art     ( 1325): VMRuntime.preloadDexCaches starting
05-08 16:44:45.934 I/Zygote  ( 1326): ...preloaded 4158 classes in 19079ms.
05-08 16:44:45.936 I/art     ( 1326): VMRuntime.preloadDexCaches starting
05-08 16:44:47.311 I/art     ( 1325): VMRuntime.preloadDexCaches strings total=283712 before=39625 after=39625
05-08 16:44:47.311 I/art     ( 1325): VMRuntime.preloadDexCaches types total=23581 before=7877 after=7904
05-08 16:44:47.311 I/art     ( 1325): VMRuntime.preloadDexCaches fields total=112007 before=40903 after=41117
05-08 16:44:47.312 I/art     ( 1325): VMRuntime.preloadDexCaches methods total=197534 before=82457 after=83017
05-08 16:44:47.312 I/art     ( 1325): VMRuntime.preloadDexCaches finished
05-08 16:44:47.316 I/Zygote  ( 1325): Preloading resources...
05-08 16:44:47.692 I/art     ( 1326): VMRuntime.preloadDexCaches strings total=283712 before=39625 after=39625
05-08 16:44:47.692 I/art     ( 1326): VMRuntime.preloadDexCaches types total=23581 before=7877 after=7904
05-08 16:44:47.692 I/art     ( 1326): VMRuntime.preloadDexCaches fields total=112007 before=40903 after=41117
05-08 16:44:47.692 I/art     ( 1326): VMRuntime.preloadDexCaches methods total=197534 before=82457 after=83017
05-08 16:44:47.692 I/art     ( 1326): VMRuntime.preloadDexCaches finished
05-08 16:44:47.706 I/Zygote  ( 1326): Preloading resources...
05-08 16:44:48.871 W/Resources( 1325): Preloaded drawable resource #0x108025c (android:drawable/dialog_background_material) that varies with configuration!!
05-08 16:44:48.894 W/Resources( 1325): Preloaded drawable resource #0x1080298 (android:drawable/editbox_dropdown_background_dark) that varies with configuration!!
05-08 16:44:49.136 W/Resources( 1325): Preloaded color resource #0x10600e2 (android:color/material_grey_800) that varies with configuration!!
05-08 16:44:49.136 W/Resources( 1325): Preloaded drawable resource #0x10802c9 (android:drawable/floating_popup_background_dark) that varies with configuration!!
05-08 16:44:49.528 I/art     ( 1325): Background concurrent mark sweep GC freed 27813(1772KB) AllocSpace objects, 4(64KB) LOS objects, 57% free, 2MB/6MB, paused 1.660ms total 235.080ms
05-08 16:44:49.655 W/Resources( 1326): Preloaded drawable resource #0x108025c (android:drawable/dialog_background_material) that varies with configuration!!
05-08 16:44:49.761 W/Resources( 1326): Preloaded drawable resource #0x1080298 (android:drawable/editbox_dropdown_background_dark) that varies with configuration!!
05-08 16:44:49.945 W/Resources( 1326): Preloaded color resource #0x10600e2 (android:color/material_grey_800) that varies with configuration!!
05-08 16:44:49.946 W/Resources( 1326): Preloaded drawable resource #0x10802c9 (android:drawable/floating_popup_background_dark) that varies with configuration!!
05-08 16:44:49.968 W/Resources( 1325): Preloaded drawable resource #0x108030b (android:drawable/ic_clear_disabled) that varies with configuration!!
05-08 16:44:50.021 W/Resources( 1325): Preloaded drawable resource #0x1080310 (android:drawable/ic_clear_normal) that varies with configuration!!
05-08 16:44:50.114 W/Resources( 1325): Preloaded drawable resource #0x1080359 (android:drawable/ic_go) that varies with configuration!!
05-08 16:44:50.345 W/Resources( 1325): Preloaded drawable resource #0x1080038 (android:drawable/ic_menu_close_clear_cancel) that varies with configuration!!
05-08 16:44:50.396 W/Resources( 1325): Preloaded drawable resource #0x1080045 (android:drawable/ic_menu_more) that varies with configuration!!
05-08 16:44:50.894 W/Resources( 1325): Preloaded drawable resource #0x10804e8 (android:drawable/menu_background_fill_parent_width) that varies with configuration!!
05-08 16:44:51.121 W/Resources( 1326): Preloaded drawable resource #0x108030b (android:drawable/ic_clear_disabled) that varies with configuration!!
05-08 16:44:51.124 W/Resources( 1326): Preloaded drawable resource #0x1080310 (android:drawable/ic_clear_normal) that varies with configuration!!
05-08 16:44:51.394 W/Resources( 1326): Preloaded drawable resource #0x1080359 (android:drawable/ic_go) that varies with configuration!!
05-08 16:44:51.716 W/Resources( 1326): Preloaded drawable resource #0x1080038 (android:drawable/ic_menu_close_clear_cancel) that varies with configuration!!
05-08 16:44:51.879 W/Resources( 1326): Preloaded drawable resource #0x1080045 (android:drawable/ic_menu_more) that varies with configuration!!
05-08 16:44:52.447 W/Resources( 1326): Preloaded drawable resource #0x10804e8 (android:drawable/menu_background_fill_parent_width) that varies with configuration!!
05-08 16:44:52.811 W/art     ( 1326): Suspending all threads took: 18.197ms
05-08 16:44:52.951 I/art     ( 1326): Background concurrent mark sweep GC freed 12538(731KB) AllocSpace objects, 7(192KB) LOS objects, 46% free, 4MB/8MB, paused 21.811ms total 317.451ms
05-08 16:44:53.077 W/Resources( 1325): Preloaded drawable resource #0x108077e (android:drawable/text_edit_paste_window) that varies with configuration!!
05-08 16:44:53.298 W/Resources( 1325): Preloaded drawable resource #0x1080096 (android:drawable/toast_frame) that varies with configuration!!
05-08 16:44:53.299 I/Zygote  ( 1325): ...preloaded 114 resources in 5983ms.
05-08 16:44:53.503 W/Resources( 1325): Preloaded color resource #0x106010b (android:color/background_cache_hint_selector_material_dark) that varies with configuration!!
05-08 16:44:53.532 W/Resources( 1325): Preloaded color resource #0x1060110 (android:color/btn_default_material_dark) that varies with configuration!!
05-08 16:44:53.596 I/Zygote  ( 1325): ...preloaded 41 resources in 296ms.
05-08 16:44:53.597 D/libEGL  ( 1325): Emulator without GPU support detected. Fallback to legacy software renderer, qemu.gles is set to 0.
05-08 16:44:53.759 D/libEGL  ( 1325): loaded /system/lib64/egl/libGLES_android.so
05-08 16:44:55.081 W/Resources( 1326): Preloaded drawable resource #0x108077e (android:drawable/text_edit_paste_window) that varies with configuration!!
05-08 16:44:55.211 I/Zygote  ( 1325): Preloading shared libraries...
05-08 16:44:55.245 W/Resources( 1326): Preloaded drawable resource #0x1080096 (android:drawable/toast_frame) that varies with configuration!!
05-08 16:44:55.245 I/Zygote  ( 1326): ...preloaded 114 resources in 7538ms.
05-08 16:44:55.454 W/Resources( 1326): Preloaded color resource #0x106010b (android:color/background_cache_hint_selector_material_dark) that varies with configuration!!
05-08 16:44:55.457 W/Resources( 1326): Preloaded color resource #0x1060110 (android:color/btn_default_material_dark) that varies with configuration!!
05-08 16:44:55.564 E/Hyphenator( 1325): error loading hyphenation /system/usr/hyphen-data/hyph-as.hyb
05-08 16:44:55.564 E/Hyphenator( 1325): java.io.FileNotFoundException: /system/usr/hyphen-data/hyph-as.hyb: open failed: ENOENT (No such file or directory)
05-08 16:44:55.564 E/Hyphenator( 1325): 	at libcore.io.IoBridge.open(IoBridge.java:455)
05-08 16:44:55.564 E/Hyphenator( 1325): 	at java.io.RandomAccessFile.<init>(RandomAccessFile.java:247)
05-08 16:44:55.564 E/Hyphenator( 1325): 	at android.text.Hyphenator.loadHyphenator(Hyphenator.java:118)
05-08 16:44:55.564 E/Hyphenator( 1325): 	at android.text.Hyphenator.init(Hyphenator.java:224)
05-08 16:44:55.564 E/Hyphenator( 1325): 	at com.android.internal.os.ZygoteInit.preloadTextResources(ZygoteInit.java:252)
05-08 16:44:55.564 E/Hyphenator( 1325): 	at com.android.internal.os.ZygoteInit.preload(ZygoteInit.java:206)
05-08 16:44:55.564 E/Hyphenator( 1325): 	at com.android.internal.os.ZygoteInit.main(ZygoteInit.java:743)
05-08 16:44:55.564 E/Hyphenator( 1325): Caused by: android.system.ErrnoException: open failed: ENOENT (No such file or directory)
05-08 16:44:55.564 E/Hyphenator( 1325): 	at libcore.io.Posix.open(Native Method)
05-08 16:44:55.564 E/Hyphenator( 1325): 	at libcore.io.BlockGuardOs.open(BlockGuardOs.java:187)
05-08 16:44:55.564 E/Hyphenator( 1325): 	at libcore.io.IoBridge.open(IoBridge.java:441)
05-08 16:44:55.564 E/Hyphenator( 1325): 	... 6 more
05-08 16:44:55.697 E/Hyphenator( 1325): error loading hyphenation /system/usr/hyphen-data/hyph-bn.hyb
05-08 16:44:55.697 E/Hyphenator( 1325): java.io.FileNotFoundException: /system/usr/hyphen-data/hyph-bn.hyb: open failed: ENOENT (No such file or directory)
05-08 16:44:55.697 E/Hyphenator( 1325): 	at libcore.io.IoBridge.open(IoBridge.java:455)
05-08 16:44:55.697 E/Hyphenator( 1325): 	at java.io.RandomAccessFile.<init>(RandomAccessFile.java:247)
05-08 16:44:55.697 E/Hyphenator( 1325): 	at android.text.Hyphenator.loadHyphenator(Hyphenator.java:118)
05-08 16:44:55.697 E/Hyphenator( 1325): 	at android.text.Hyphenator.init(Hyphenator.java:224)
05-08 16:44:55.697 E/Hyphenator( 1325): 	at com.android.internal.os.ZygoteInit.preloadTextResources(ZygoteInit.java:252)
05-08 16:44:55.697 E/Hyphenator( 1325): 	at com.android.internal.os.ZygoteInit.preload(ZygoteInit.java:206)
05-08 16:44:55.697 E/Hyphenator( 1325): 	at com.android.internal.os.ZygoteInit.main(ZygoteInit.java:743)
05-08 16:44:55.697 E/Hyphenator( 1325): Caused by: android.system.ErrnoException: open failed: ENOENT (No such file or directory)
05-08 16:44:55.697 E/Hyphenator( 1325): 	at libcore.io.Posix.open(Native Method)
05-08 16:44:55.697 E/Hyphenator( 1325): 	at libcore.io.BlockGuardOs.open(BlockGuardOs.java:187)
05-08 16:44:55.697 E/Hyphenator( 1325): 	at libcore.io.IoBridge.open(IoBridge.java:441)
05-08 16:44:55.697 E/Hyphenator( 1325): 	... 6 more
05-08 16:44:55.699 E/Hyphenator( 1325): error loading hyphenation /system/usr/hyphen-data/hyph-cy.hyb
05-08 16:44:55.699 E/Hyphenator( 1325): java.io.FileNotFoundException: /system/usr/hyphen-data/hyph-cy.hyb: open failed: ENOENT (No such file or directory)
05-08 16:44:55.699 E/Hyphenator( 1325): 	at libcore.io.IoBridge.open(IoBridge.java:455)
05-08 16:44:55.699 E/Hyphenator( 1325): 	at java.io.RandomAccessFile.<init>(RandomAccessFile.java:247)
05-08 16:44:55.699 E/Hyphenator( 1325): 	at android.text.Hyphenator.loadHyphenator(Hyphenator.java:118)
05-08 16:44:55.699 E/Hyphenator( 1325): 	at android.text.Hyphenator.init(Hyphenator.java:224)
05-08 16:44:55.699 E/Hyphenator( 1325): 	at com.android.internal.os.ZygoteInit.preloadTextResources(ZygoteInit.java:252)
05-08 16:44:55.699 E/Hyphenator( 1325): 	at com.android.internal.os.ZygoteInit.preload(ZygoteInit.java:206)
05-08 16:44:55.699 E/Hyphenator( 1325): 	at com.android.internal.os.ZygoteInit.main(ZygoteInit.java:743)
05-08 16:44:55.699 E/Hyphenator( 1325): Caused by: android.system.ErrnoException: open failed: ENOENT (No such file or directory)
05-08 16:44:55.699 E/Hyphenator( 1325): 	at libcore.io.Posix.open(Native Method)
05-08 16:44:55.699 E/Hyphenator( 1325): 	at libcore.io.BlockGuardOs.open(BlockGuardOs.java:187)
05-08 16:44:55.699 E/Hyphenator( 1325): 	at libcore.io.IoBridge.open(IoBridge.java:441)
05-08 16:44:55.699 E/Hyphenator( 1325): 	... 6 more
05-08 16:44:55.762 E/Hyphenator( 1325): error loading hyphenation /system/usr/hyphen-data/hyph-da.hyb
05-08 16:44:55.762 E/Hyphenator( 1325): java.io.FileNotFoundException: /system/usr/hyphen-data/hyph-da.hyb: open failed: ENOENT (No such file or directory)
05-08 16:44:55.762 E/Hyphenator( 1325): 	at libcore.io.IoBridge.open(IoBridge.java:455)
05-08 16:44:55.762 E/Hyphenator( 1325): 	at java.io.RandomAccessFile.<init>(RandomAccessFile.java:247)
05-08 16:44:55.762 E/Hyphenator( 1325): 	at android.text.Hyphenator.loadHyphenator(Hyphenator.java:118)
05-08 16:44:55.762 E/Hyphenator( 1325): 	at android.text.Hyphenator.init(Hyphenator.java:224)
05-08 16:44:55.762 E/Hyphenator( 1325): 	at com.android.internal.os.ZygoteInit.preloadTextResources(ZygoteInit.java:252)
05-08 16:44:55.762 E/Hyphenator( 1325): 	at com.android.internal.os.ZygoteInit.preload(ZygoteInit.java:206)
05-08 16:44:55.762 E/Hyphenator( 1325): 	at com.android.internal.os.ZygoteInit.main(ZygoteInit.java:743)
05-08 16:44:55.762 E/Hyphenator( 1325): Caused by: android.system.ErrnoException: open failed: ENOENT (No such file or directory)
05-08 16:44:55.762 E/Hyphenator( 1325): 	at libcore.io.Posix.open(Native Method)
05-08 16:44:55.762 E/Hyphenator( 1325): 	at libcore.io.BlockGuardOs.open(BlockGuardOs.java:187)
05-08 16:44:55.762 E/Hyphenator( 1325): 	at libcore.io.IoBridge.open(IoBridge.java:441)
05-08 16:44:55.762 E/Hyphenator( 1325): 	... 6 more
05-08 16:44:55.765 E/Hyphenator( 1325): error loading hyphenation /system/usr/hyphen-data/hyph-de-1901.hyb
05-08 16:44:55.765 E/Hyphenator( 1325): java.io.FileNotFoundException: /system/usr/hyphen-data/hyph-de-1901.hyb: open failed: ENOENT (No such file or directory)
05-08 16:44:55.765 E/Hyphenator( 1325): 	at libcore.io.IoBridge.open(IoBridge.java:455)
05-08 16:44:55.765 E/Hyphenator( 1325): 	at java.io.RandomAccessFile.<init>(RandomAccessFile.java:247)
05-08 16:44:55.765 E/Hyphenator( 1325): 	at android.text.Hyphenator.loadHyphenator(Hyphenator.java:118)
05-08 16:44:55.765 E/Hyphenator( 1325): 	at android.text.Hyphenator.init(Hyphenator.java:224)
05-08 16:44:55.765 E/Hyphenator( 1325): 	at com.android.internal.os.ZygoteInit.preloadTextResources(ZygoteInit.java:252)
05-08 16:44:55.765 E/Hyphenator( 1325): 	at com.android.internal.os.ZygoteInit.preload(ZygoteInit.java:206)
05-08 16:44:55.765 E/Hyphenator( 1325): 	at com.android.internal.os.ZygoteInit.main(ZygoteInit.java:743)
05-08 16:44:55.765 E/Hyphenator( 1325): Caused by: android.system.ErrnoException: open failed: ENOENT (No such file or directory)
05-08 16:44:55.765 E/Hyphenator( 1325): 	at libcore.io.Posix.open(Native Method)
05-08 16:44:55.765 E/Hyphenator( 1325): 	at libcore.io.BlockGuardOs.open(BlockGuardOs.java:187)
05-08 16:44:55.765 E/Hyphenator( 1325): 	at libcore.io.IoBridge.open(IoBridge.java:441)
05-08 16:44:55.765 E/Hyphenator( 1325): 	... 6 more
05-08 16:44:55.766 E/Hyphenator( 1325): error loading hyphenation /system/usr/hyphen-data/hyph-de-1996.hyb
05-08 16:44:55.766 E/Hyphenator( 1325): java.io.FileNotFoundException: /system/usr/hyphen-data/hyph-de-1996.hyb: open failed: ENOENT (No such file or directory)
05-08 16:44:55.766 E/Hyphenator( 1325): 	at libcore.io.IoBridge.open(IoBridge.java:455)
05-08 16:44:55.766 E/Hyphenator( 1325): 	at java.io.RandomAccessFile.<init>(RandomAccessFile.java:247)
05-08 16:44:55.766 E/Hyphenator( 1325): 	at android.text.Hyphenator.loadHyphenator(Hyphenator.java:118)
05-08 16:44:55.766 E/Hyphenator( 1325): 	at android.text.Hyphenator.init(Hyphenator.java:224)
05-08 16:44:55.766 E/Hyphenator( 1325): 	at com.android.internal.os.ZygoteInit.preloadTextResources(ZygoteInit.java:252)
05-08 16:44:55.766 E/Hyphenator( 1325): 	at com.android.internal.os.ZygoteInit.preload(ZygoteInit.java:206)
05-08 16:44:55.766 E/Hyphenator( 1325): 	at com.android.internal.os.ZygoteInit.main(ZygoteInit.java:743)
05-08 16:44:55.766 E/Hyphenator( 1325): Caused by: android.system.ErrnoException: open failed: ENOENT (No such file or directory)
05-08 16:44:55.766 E/Hyphenator( 1325): 	at libcore.io.Posix.open(Native Method)
05-08 16:44:55.766 E/Hyphenator( 1325): 	at libcore.io.BlockGuardOs.open(BlockGuardOs.java:187)
05-08 16:44:55.766 E/Hyphenator( 1325): 	at libcore.io.IoBridge.open(IoBridge.java:441)
05-08 16:44:55.766 E/Hyphenator( 1325): 	... 6 more
05-08 16:44:55.768 E/Hyphenator( 1325): error loading hyphenation /system/usr/hyphen-data/hyph-de-ch-1901.hyb
05-08 16:44:55.768 E/Hyphenator( 1325): java.io.FileNotFoundException: /system/usr/hyphen-data/hyph-de-ch-1901.hyb: open failed: ENOENT (No such file or directory)
05-08 16:44:55.768 E/Hyphenator( 1325): 	at libcore.io.IoBridge.open(IoBridge.java:455)
05-08 16:44:55.768 E/Hyphenator( 1325): 	at java.io.RandomAccessFile.<init>(RandomAccessFile.java:247)
05-08 16:44:55.768 E/Hyphenator( 1325): 	at android.text.Hyphenator.loadHyphenator(Hyphenator.java:118)
05-08 16:44:55.768 E/Hyphenator( 1325): 	at android.text.Hyphenator.init(Hyphenator.java:224)
05-08 16:44:55.768 E/Hyphenator( 1325): 	at com.android.internal.os.ZygoteInit.preloadTextResources(ZygoteInit.java:252)
05-08 16:44:55.768 E/Hyphenator( 1325): 	at com.android.internal.os.ZygoteInit.preload(ZygoteInit.java:206)
05-08 16:44:55.768 E/Hyphenator( 1325): 	at com.android.internal.os.ZygoteInit.main(ZygoteInit.java:743)
05-08 16:44:55.768 E/Hyphenator( 1325): Caused by: android.system.ErrnoException: open failed: ENOENT (No such file or directory)
05-08 16:44:55.768 E/Hyphenator( 1325): 	at libcore.io.Posix.open(Native Method)
05-08 16:44:55.768 E/Hyphenator( 1325): 	at libcore.io.BlockGuardOs.open(BlockGuardOs.java:187)
05-08 16:44:55.768 E/Hyphenator( 1325): 	at libcore.io.IoBridge.open(IoBridge.java:441)
05-08 16:44:55.768 E/Hyphenator( 1325): 	... 6 more
05-08 16:44:55.834 I/Zygote  ( 1326): ...preloaded 41 resources in 586ms.
05-08 16:44:55.839 D/libEGL  ( 1326): Emulator without GPU support detected. Fallback to legacy software renderer, qemu.gles is set to 0.
05-08 16:44:55.922 E/Hyphenator( 1325): error loading hyphenation /system/usr/hyphen-data/hyph-en-gb.hyb
05-08 16:44:55.922 E/Hyphenator( 1325): java.io.FileNotFoundException: /system/usr/hyphen-data/hyph-en-gb.hyb: open failed: ENOENT (No such file or directory)
05-08 16:44:55.922 E/Hyphenator( 1325): 	at libcore.io.IoBridge.open(IoBridge.java:455)
05-08 16:44:55.922 E/Hyphenator( 1325): 	at java.io.RandomAccessFile.<init>(RandomAccessFile.java:247)
05-08 16:44:55.922 E/Hyphenator( 1325): 	at android.text.Hyphenator.loadHyphenator(Hyphenator.java:118)
05-08 16:44:55.922 E/Hyphenator( 1325): 	at android.text.Hyphenator.init(Hyphenator.java:224)
05-08 16:44:55.922 E/Hyphenator( 1325): 	at com.android.internal.os.ZygoteInit.preloadTextResources(ZygoteInit.java:252)
05-08 16:44:55.922 E/Hyphenator( 1325): 	at com.android.internal.os.ZygoteInit.preload(ZygoteInit.java:206)
05-08 16:44:55.922 E/Hyphenator( 1325): 	at com.android.internal.os.ZygoteInit.main(ZygoteInit.java:743)
05-08 16:44:55.922 E/Hyphenator( 1325): Caused by: android.system.ErrnoException: open failed: ENOENT (No such file or directory)
05-08 16:44:55.922 E/Hyphenator( 1325): 	at libcore.io.Posix.open(Native Method)
05-08 16:44:55.922 E/Hyphenator( 1325): 	at libcore.io.BlockGuardOs.open(BlockGuardOs.java:187)
05-08 16:44:55.922 E/Hyphenator( 1325): 	at libcore.io.IoBridge.open(IoBridge.java:441)
05-08 16:44:55.922 E/Hyphenator( 1325): 	... 6 more
05-08 16:44:55.924 E/Hyphenator( 1325): error loading hyphenation /system/usr/hyphen-data/hyph-en-us.hyb
05-08 16:44:55.924 E/Hyphenator( 1325): java.io.FileNotFoundException: /system/usr/hyphen-data/hyph-en-us.hyb: open failed: ENOENT (No such file or directory)
05-08 16:44:55.924 E/Hyphenator( 1325): 	at libcore.io.IoBridge.open(IoBridge.java:455)
05-08 16:44:55.924 E/Hyphenator( 1325): 	at java.io.RandomAccessFile.<init>(RandomAccessFile.java:247)
05-08 16:44:55.924 E/Hyphenator( 1325): 	at android.text.Hyphenator.loadHyphenator(Hyphenator.java:118)
05-08 16:44:55.924 E/Hyphenator( 1325): 	at android.text.Hyphenator.init(Hyphenator.java:224)
05-08 16:44:55.924 E/Hyphenator( 1325): 	at com.android.internal.os.ZygoteInit.preloadTextResources(ZygoteInit.java:252)
05-08 16:44:55.924 E/Hyphenator( 1325): 	at com.android.internal.os.ZygoteInit.preload(ZygoteInit.java:206)
05-08 16:44:55.924 E/Hyphenator( 1325): 	at com.android.internal.os.ZygoteInit.main(ZygoteInit.java:743)
05-08 16:44:55.924 E/Hyphenator( 1325): Caused by: android.system.ErrnoException: open failed: ENOENT (No such file or directory)
05-08 16:44:55.924 E/Hyphenator( 1325): 	at libcore.io.Posix.open(Native Method)
05-08 16:44:55.924 E/Hyphenator( 1325): 	at libcore.io.BlockGuardOs.open(BlockGuardOs.java:187)
05-08 16:44:55.924 E/Hyphenator( 1325): 	at libcore.io.IoBridge.open(IoBridge.java:441)
05-08 16:44:55.924 E/Hyphenator( 1325): 	... 6 more
05-08 16:44:55.926 E/Hyphenator( 1325): error loading hyphenation /system/usr/hyphen-data/hyph-es.hyb
05-08 16:44:55.926 E/Hyphenator( 1325): java.io.FileNotFoundException: /system/usr/hyphen-data/hyph-es.hyb: open failed: ENOENT (No such file or directory)
05-08 16:44:55.926 E/Hyphenator( 1325): 	at libcore.io.IoBridge.open(IoBridge.java:455)
05-08 16:44:55.926 E/Hyphenator( 1325): 	at java.io.RandomAccessFile.<init>(RandomAccessFile.java:247)
05-08 16:44:55.926 E/Hyphenator( 1325): 	at android.text.Hyphenator.loadHyphenator(Hyphenator.java:118)
05-08 16:44:55.926 E/Hyphenator( 1325): 	at android.text.Hyphenator.init(Hyphenator.java:224)
05-08 16:44:55.926 E/Hyphenator( 1325): 	at com.android.internal.os.ZygoteInit.preloadTextResources(ZygoteInit.java:252)
05-08 16:44:55.926 E/Hyphenator( 1325): 	at com.android.internal.os.ZygoteInit.preload(ZygoteInit.java:206)
05-08 16:44:55.926 E/Hyphenator( 1325): 	at com.android.internal.os.ZygoteInit.main(ZygoteInit.java:743)
05-08 16:44:55.926 E/Hyphenator( 1325): Caused by: android.system.ErrnoException: open failed: ENOENT (No such file or directory)
05-08 16:44:55.926 E/Hyphenator( 1325): 	at libcore.io.Posix.open(Native Method)
05-08 16:44:55.926 E/Hyphenator( 1325): 	at libcore.io.BlockGuardOs.open(BlockGuardOs.java:187)
05-08 16:44:55.926 E/Hyphenator( 1325): 	at libcore.io.IoBridge.open(IoBridge.java:441)
05-08 16:44:55.926 E/Hyphenator( 1325): 	... 6 more
05-08 16:44:55.927 E/Hyphenator( 1325): error loading hyphenation /system/usr/hyphen-data/hyph-et.hyb
05-08 16:44:55.927 E/Hyphenator( 1325): java.io.FileNotFoundException: /system/usr/hyphen-data/hyph-et.hyb: open failed: ENOENT (No such file or directory)
05-08 16:44:55.927 E/Hyphenator( 1325): 	at libcore.io.IoBridge.open(IoBridge.java:455)
05-08 16:44:55.927 E/Hyphenator( 1325): 	at java.io.RandomAccessFile.<init>(RandomAccessFile.java:247)
05-08 16:44:55.927 E/Hyphenator( 1325): 	at android.text.Hyphenator.loadHyphenator(Hyphenator.java:118)
05-08 16:44:55.927 E/Hyphenator( 1325): 	at android.text.Hyphenator.init(Hyphenator.java:224)
05-08 16:44:55.927 E/Hyphenator( 1325): 	at com.android.internal.os.ZygoteInit.preloadTextResources(ZygoteInit.java:252)
05-08 16:44:55.927 E/Hyphenator( 1325): 	at com.android.internal.os.ZygoteInit.preload(ZygoteInit.java:206)
05-08 16:44:55.927 E/Hyphenator( 1325): 	at com.android.internal.os.ZygoteInit.main(ZygoteInit.java:743)
05-08 16:44:55.927 E/Hyphenator( 1325): Caused by: android.system.ErrnoException: open failed: ENOENT (No such file or directory)
05-08 16:44:55.927 E/Hyphenator( 1325): 	at libcore.io.Posix.open(Native Method)
05-08 16:44:55.927 E/Hyphenator( 1325): 	at libcore.io.BlockGuardOs.open(BlockGuardOs.java:187)
05-08 16:44:55.927 E/Hyphenator( 1325): 	at libcore.io.IoBridge.open(IoBridge.java:441)
05-08 16:44:55.927 E/Hyphenator( 1325): 	... 6 more
05-08 16:44:55.991 E/Hyphenator( 1325): error loading hyphenation /system/usr/hyphen-data/hyph-eu.hyb
05-08 16:44:55.991 E/Hyphenator( 1325): java.io.FileNotFoundException: /system/usr/hyphen-data/hyph-eu.hyb: open failed: ENOENT (No such file or directory)
05-08 16:44:55.991 E/Hyphenator( 1325): 	at libcore.io.IoBridge.open(IoBridge.java:455)
05-08 16:44:55.991 E/Hyphenator( 1325): 	at java.io.RandomAccessFile.<init>(RandomAccessFile.java:247)
05-08 16:44:55.991 E/Hyphenator( 1325): 	at android.text.Hyphenator.loadHyphenator(Hyphenator.java:118)
05-08 16:44:55.991 E/Hyphenator( 1325): 	at android.text.Hyphenator.init(Hyphenator.java:224)
05-08 16:44:55.991 E/Hyphenator( 1325): 	at com.android.internal.os.ZygoteInit.preloadTextResources(ZygoteInit.java:252)
05-08 16:44:55.991 E/Hyphenator( 1325): 	at com.android.internal.os.ZygoteInit.preload(ZygoteInit.java:206)
05-08 16:44:55.991 E/Hyphenator( 1325): 	at com.android.internal.os.ZygoteInit.main(ZygoteInit.java:743)
05-08 16:44:55.991 E/Hyphenator( 1325): Caused by: android.system.ErrnoException: open failed: ENOENT (No such file or directory)
05-08 16:44:55.991 E/Hyphenator( 1325): 	at libcore.io.Posix.open(Native Method)
05-08 16:44:55.991 E/Hyphenator( 1325): 	at libcore.io.BlockGuardOs.open(BlockGuardOs.java:187)
05-08 16:44:55.991 E/Hyphenator( 1325): 	at libcore.io.IoBridge.open(IoBridge.java:441)
05-08 16:44:55.991 E/Hyphenator( 1325): 	... 6 more
05-08 16:44:55.993 E/Hyphenator( 1325): error loading hyphenation /system/usr/hyphen-data/hyph-fr.hyb
05-08 16:44:55.993 E/Hyphenator( 1325): java.io.FileNotFoundException: /system/usr/hyphen-data/hyph-fr.hyb: open failed: ENOENT (No such file or directory)
05-08 16:44:55.993 E/Hyphenator( 1325): 	at libcore.io.IoBridge.open(IoBridge.java:455)
05-08 16:44:55.993 E/Hyphenator( 1325): 	at java.io.RandomAccessFile.<init>(RandomAccessFile.java:247)
05-08 16:44:55.993 E/Hyphenator( 1325): 	at android.text.Hyphenator.loadHyphenator(Hyphenator.java:118)
05-08 16:44:55.993 E/Hyphenator( 1325): 	at android.text.Hyphenator.init(Hyphenator.java:224)
05-08 16:44:55.993 E/Hyphenator( 1325): 	at com.android.internal.os.ZygoteInit.preloadTextResources(ZygoteInit.java:252)
05-08 16:44:55.993 E/Hyphenator( 1325): 	at com.android.internal.os.ZygoteInit.preload(ZygoteInit.java:206)
05-08 16:44:55.993 E/Hyphenator( 1325): 	at com.android.internal.os.ZygoteInit.main(ZygoteInit.java:743)
05-08 16:44:55.993 E/Hyphenator( 1325): Caused by: android.system.ErrnoException: open failed: ENOENT (No such file or directory)
05-08 16:44:55.993 E/Hyphenator( 1325): 	at libcore.io.Posix.open(Native Method)
05-08 16:44:55.993 E/Hyphenator( 1325): 	at libcore.io.BlockGuardOs.open(BlockGuardOs.java:187)
05-08 16:44:55.993 E/Hyphenator( 1325): 	at libcore.io.IoBridge.open(IoBridge.java:441)
05-08 16:44:55.993 E/Hyphenator( 1325): 	... 6 more
05-08 16:44:55.994 E/Hyphenator( 1325): error loading hyphenation /system/usr/hyphen-data/hyph-ga.hyb
05-08 16:44:55.994 E/Hyphenator( 1325): java.io.FileNotFoundException: /system/usr/hyphen-data/hyph-ga.hyb: open failed: ENOENT (No such file or directory)
05-08 16:44:55.994 E/Hyphenator( 1325): 	at libcore.io.IoBridge.open(IoBridge.java:455)
05-08 16:44:55.994 E/Hyphenator( 1325): 	at java.io.RandomAccessFile.<init>(RandomAccessFile.java:247)
05-08 16:44:55.994 E/Hyphenator( 1325): 	at android.text.Hyphenator.loadHyphenator(Hyphenator.java:118)
05-08 16:44:55.994 E/Hyphenator( 1325): 	at android.text.Hyphenator.init(Hyphenator.java:224)
05-08 16:44:55.994 E/Hyphenator( 1325): 	at com.android.internal.os.ZygoteInit.preloadTextResources(ZygoteInit.java:252)
05-08 16:44:55.994 E/Hyphenator( 1325): 	at com.android.internal.os.ZygoteInit.preload(ZygoteInit.java:206)
05-08 16:44:55.994 E/Hyphenator( 1325): 	at com.android.internal.os.ZygoteInit.main(ZygoteInit.java:743)
05-08 16:44:55.994 E/Hyphenator( 1325): Caused by: android.system.ErrnoException: open failed: ENOENT (No such file or directory)
05-08 16:44:55.994 E/Hyphenator( 1325): 	at libcore.io.Posix.open(Native Method)
05-08 16:44:55.994 E/Hyphenator( 1325): 	at libcore.io.BlockGuardOs.open(BlockGuardOs.java:187)
05-08 16:44:55.994 E/Hyphenator( 1325): 	at libcore.io.IoBridge.open(IoBridge.java:441)
05-08 16:44:55.994 E/Hyphenator( 1325): 	... 6 more
05-08 16:44:56.011 E/Hyphenator( 1325): error loading hyphenation /system/usr/hyphen-data/hyph-gu.hyb
05-08 16:44:56.011 E/Hyphenator( 1325): java.io.FileNotFoundException: /system/usr/hyphen-data/hyph-gu.hyb: open failed: ENOENT (No such file or directory)
05-08 16:44:56.011 E/Hyphenator( 1325): 	at libcore.io.IoBridge.open(IoBridge.java:455)
05-08 16:44:56.011 E/Hyphenator( 1325): 	at java.io.RandomAccessFile.<init>(RandomAccessFile.java:247)
05-08 16:44:56.011 E/Hyphenator( 1325): 	at android.text.Hyphenator.loadHyphenator(Hyphenator.java:118)
05-08 16:44:56.011 E/Hyphenator( 1325): 	at android.text.Hyphenator.init(Hyphenator.java:224)
05-08 16:44:56.011 E/Hyphenator( 1325): 	at com.android.internal.os.ZygoteInit.preloadTextResources(ZygoteInit.java:252)
05-08 16:44:56.011 E/Hyphenator( 1325): 	at com.android.internal.os.ZygoteInit.preload(ZygoteInit.java:206)
05-08 16:44:56.011 E/Hyphenator( 1325): 	at com.android.internal.os.ZygoteInit.main(ZygoteInit.java:743)
05-08 16:44:56.011 E/Hyphenator( 1325): Caused by: android.system.ErrnoException: open failed: ENOENT (No such file or directory)
05-08 16:44:56.011 E/Hyphenator( 1325): 	at libcore.io.Posix.open(Native Method)
05-08 16:44:56.011 E/Hyphenator( 1325): 	at libcore.io.BlockGuardOs.open(BlockGuardOs.java:187)
05-08 16:44:56.011 E/Hyphenator( 1325): 	at libcore.io.IoBridge.open(IoBridge.java:441)
05-08 16:44:56.011 E/Hyphenator( 1325): 	... 6 more
05-08 16:44:56.013 E/Hyphenator( 1325): error loading hyphenation /system/usr/hyphen-data/hyph-hi.hyb
05-08 16:44:56.013 E/Hyphenator( 1325): java.io.FileNotFoundException: /system/usr/hyphen-data/hyph-hi.hyb: open failed: ENOENT (No such file or directory)
05-08 16:44:56.013 E/Hyphenator( 1325): 	at libcore.io.IoBridge.open(IoBridge.java:455)
05-08 16:44:56.013 E/Hyphenator( 1325): 	at java.io.RandomAccessFile.<init>(RandomAccessFile.java:247)
