05-08 16:46:10.202 W/BroadcastQueue( 1990): Receiver during timeout: BroadcastFilter{88ebcf7 u0 ReceiverList{4bdf0f6 1990 system/1000/u0 local:d5f8991}}
05-08 16:46:10.336 I/fsck_msdos( 1277): ** Phase 2 - Check Cluster Chains
05-08 16:46:10.390 I/fsck_msdos( 1277): ** Phase 3 - Checking Directories
05-08 16:46:10.392 I/fsck_msdos( 1277): ** Phase 4 - Checking for Lost Files
05-08 16:46:10.395 I/fsck_msdos( 1277): 2 files, 534464 free (267232 clusters)
05-08 16:46:10.553 I/Vold    ( 1277): Filesystem check completed OK
05-08 16:46:10.554 D/VoldConnector( 1990): RCV <- {656 public:253,48 /mnt/media_rw/1EFF-1C1B}
05-08 16:46:10.556 D/VoldConnector( 1990): RCV <- {655 public:253,48 /storage/1EFF-1C1B}
05-08 16:46:10.604 W/InputAttributes( 2281): No editor info for this field. Bug?
05-08 16:46:10.943 V/vold    ( 1277): Waiting for FUSE to spin up...
05-08 16:46:11.000 V/vold    ( 1277): Waiting for FUSE to spin up...
05-08 16:46:11.070 V/vold    ( 1277): Waiting for FUSE to spin up...
05-08 16:46:11.122 V/vold    ( 1277): Waiting for FUSE to spin up...
05-08 16:46:11.180 V/vold    ( 1277): Waiting for FUSE to spin up...
05-08 16:46:11.239 V/vold    ( 1277): Waiting for FUSE to spin up...
05-08 16:46:11.290 V/vold    ( 1277): Waiting for FUSE to spin up...
05-08 16:46:11.348 I/LatinIME:LogUtils( 2281): Dictionary info: dictionary = userunigram.en_US ; version = 1620492371 ; date = ?
05-08 16:46:11.350 V/vold    ( 1277): Waiting for FUSE to spin up...
05-08 16:46:11.411 E/ActivityThread( 2281): Failed to find provider info for user_dictionary
05-08 16:46:11.413 I/LatinIME:LogUtils( 2281): Dictionary info: dictionary = UserHistoryDictionary.en_US ; version = 1620492371 ; date = ?
05-08 16:46:11.421 V/vold    ( 1277): Waiting for FUSE to spin up...
05-08 16:46:11.443 I/MediaPlayerService( 1338): MediaPlayerService::getOMX
05-08 16:46:11.444 I/OMXClient( 1338): MuxOMX ctor
05-08 16:46:11.445 I/OMXMaster( 1333): makeComponentInstance(OMX.google.raw.decoder) in mediacodec process
05-08 16:46:11.474 V/vold    ( 1277): Waiting for FUSE to spin up...
05-08 16:46:11.499 I/MediaPlayerService( 1338): MediaPlayerService::getOMX
05-08 16:46:11.501 I/OMXClient( 1338): MuxOMX ctor
05-08 16:46:11.502 I/OMXMaster( 1333): makeComponentInstance(OMX.google.aac.encoder) in mediacodec process
05-08 16:46:11.525 V/vold    ( 1277): Waiting for FUSE to spin up...
05-08 16:46:11.556 W/sdcard  ( 2408): Device explicitly disabled sdcardfs
05-08 16:46:11.575 V/vold    ( 1277): Waiting for FUSE to spin up...
05-08 16:46:11.630 V/vold    ( 1277): Waiting for FUSE to spin up...
05-08 16:46:11.691 V/vold    ( 1277): Waiting for FUSE to spin up...
05-08 16:46:11.734 I/MediaPlayerService( 1338): MediaPlayerService::getOMX
05-08 16:46:11.735 I/OMXClient( 1338): MuxOMX ctor
05-08 16:46:11.736 I/OMXMaster( 1333): makeComponentInstance(OMX.google.amrnb.encoder) in mediacodec process
05-08 16:46:11.923 I/MediaPlayerService( 1338): MediaPlayerService::getOMX
05-08 16:46:11.983 I/OMXClient( 1338): MuxOMX ctor
05-08 16:46:11.983 I/OMXMaster( 1333): makeComponentInstance(OMX.google.amrwb.encoder) in mediacodec process
05-08 16:46:12.037 D/VoldConnector( 1990): RCV <- {651 public:253,48 2}
05-08 16:46:12.038 D/VoldConnector( 1990): RCV <- {200 6 Command succeeded}
05-08 16:46:12.047 E/VoldConnector( 1990): NDC Command {6 volume mount public:253,48 2 0} took too long (6460ms)
05-08 16:46:12.161 I/MediaPlayerService( 1338): MediaPlayerService::getOMX
05-08 16:46:12.163 I/OMXClient( 1338): MuxOMX ctor
05-08 16:46:12.163 I/OMXMaster( 1333): makeComponentInstance(OMX.google.flac.encoder) in mediacodec process
05-08 16:46:12.425 I/vol.Events( 2288): writeEvent collection_started
05-08 16:46:12.652 I/vol.Events( 2288): writeEvent external_ringer_mode_changed normal
05-08 16:46:12.653 I/vol.Events( 2288): writeEvent internal_ringer_mode_changed normal
05-08 16:46:12.800 E/NetdConnector( 1990): NDC Command {4 strict enable} took too long (3168ms)
05-08 16:46:12.802 W/NetworkManagement( 1990): setDataSaverMode(): already false
05-08 16:46:12.807 I/MediaPlayerService( 1338): MediaPlayerService::getOMX
05-08 16:46:12.809 I/OMXClient( 1338): MuxOMX ctor
05-08 16:46:12.821 I/OMXMaster( 1333): makeComponentInstance(OMX.google.gsm.decoder) in mediacodec process
05-08 16:46:13.732 I/MediaPlayerService( 1338): MediaPlayerService::getOMX
05-08 16:46:13.733 I/OMXClient( 1338): MuxOMX ctor
05-08 16:46:13.734 I/OMXMaster( 1333): makeComponentInstance(OMX.google.mpeg4.decoder) in mediacodec process
05-08 16:46:14.411 W/ProcessCpuTracker( 1990): Skipping unknown process pid 2372
05-08 16:46:14.413 W/ProcessCpuTracker( 1990): Skipping unknown process pid 2375
05-08 16:46:14.842 E/OMXNodeInstance( 1333): getExtensionIndex(535000f:google.mpeg4.decoder, OMX.google.android.index.configureVideoTunnelMode) ERROR: UnsupportedIndex(0x8000101a)
05-08 16:46:14.851 W/OMXNodeInstance( 1333): [535000f:google.mpeg4.decoder] component does not support metadata mode; using fallback
05-08 16:46:14.894 I/MediaPlayerService( 1338): MediaPlayerService::getOMX
05-08 16:46:14.896 I/OMXClient( 1338): MuxOMX ctor
05-08 16:46:14.896 I/OMXMaster( 1333): makeComponentInstance(OMX.google.h263.decoder) in mediacodec process
05-08 16:46:14.935 W/art     ( 2281): Long monitor contention with owner AsyncTask #1 (2409) at void android.os.MessageQueue.nativeWake(long)(MessageQueue.java:-2) waiters=0 in android.os.Message android.os.MessageQueue.next() for 2.102s
05-08 16:46:15.224 E/NetdConnector( 1990): NDC Command {7 bandwidth setglobalalert 2097152} took too long (2164ms)
05-08 16:46:15.292 D/NetworkPolicy( 1990): setRestrictBackgroundUL(): false
05-08 16:46:15.296 W/NetworkManagement( 1990): setDataSaverMode(): already false
05-08 16:46:15.609 E/OMXNodeInstance( 1333): getExtensionIndex(5350010:google.h263.decoder, OMX.google.android.index.configureVideoTunnelMode) ERROR: UnsupportedIndex(0x8000101a)
05-08 16:46:15.609 W/OMXNodeInstance( 1333): [5350010:google.h263.decoder] component does not support metadata mode; using fallback
05-08 16:46:15.726 I/MediaPlayerService( 1338): MediaPlayerService::getOMX
05-08 16:46:15.727 I/OMXClient( 1338): MuxOMX ctor
05-08 16:46:15.728 I/OMXMaster( 1333): makeComponentInstance(OMX.google.h264.decoder) in mediacodec process
05-08 16:46:16.507 W/ACodec  ( 1338): [OMX.google.h264.decoder] stopping checking profiles after 32: 2/8000
05-08 16:46:16.520 E/OMXNodeInstance( 1333): getExtensionIndex(5350011:google.h264.decoder, OMX.google.android.index.configureVideoTunnelMode) ERROR: UnsupportedIndex(0x8000101a)
05-08 16:46:16.521 W/OMXNodeInstance( 1333): [5350011:google.h264.decoder] component does not support metadata mode; using fallback
05-08 16:46:16.632 I/MediaPlayerService( 1338): MediaPlayerService::getOMX
05-08 16:46:16.634 I/OMXClient( 1338): MuxOMX ctor
05-08 16:46:16.635 I/OMXMaster( 1333): makeComponentInstance(OMX.google.hevc.decoder) in mediacodec process
05-08 16:46:16.753 W/art     ( 1990): Long monitor contention with owner NetworkPolicy (2235) at boolean android.os.BinderProxy.transactNative(int, android.os.Parcel, android.os.Parcel, int)(Binder.java:-2) waiters=0 in void com.android.server.NetworkManagementService.setFirewallChainEnabled(int, boolean) for 1.229s
05-08 16:46:17.169 I/vol.Events( 2288): writeEvent level_changed STREAM_ALARM 6
05-08 16:46:17.205 I/vol.Events( 2288): writeEvent level_changed STREAM_BLUETOOTH_SCO 7
05-08 16:46:17.306 I/vol.Events( 2288): writeEvent level_changed STREAM_MUSIC 11
05-08 16:46:17.311 I/art     ( 1990): Background sticky concurrent mark sweep GC freed 38878(2MB) AllocSpace objects, 14(312KB) LOS objects, 28% free, 8MB/12MB, paused 90.926ms total 701.184ms
05-08 16:46:17.528 W/AudioService( 1990): onLoadSoundEffects(), Error 1 while loading samples
05-08 16:46:17.543 I/vol.Events( 2288): writeEvent level_changed STREAM_RING 5
05-08 16:46:17.551 I/vol.Events( 2288): writeEvent level_changed STREAM_SYSTEM 5
05-08 16:46:17.595 I/vol.Events( 2288): writeEvent level_changed STREAM_VOICE_CALL 4
05-08 16:46:17.642 E/OMXNodeInstance( 1333): getExtensionIndex(5350012:google.hevc.decoder, OMX.google.android.index.configureVideoTunnelMode) ERROR: UnsupportedIndex(0x8000101a)
05-08 16:46:17.643 W/OMXNodeInstance( 1333): [5350012:google.hevc.decoder] component does not support metadata mode; using fallback
05-08 16:46:17.720 I/MediaPlayerService( 1338): MediaPlayerService::getOMX
05-08 16:46:17.870 I/OMXClient( 1338): MuxOMX ctor
05-08 16:46:17.871 I/OMXMaster( 1333): makeComponentInstance(OMX.google.vp8.decoder) in mediacodec process
05-08 16:46:18.534 D/StorageNotification( 2288): Notifying about private volume: VolumeInfo{private}:
05-08 16:46:18.534 D/StorageNotification( 2288):     type=PRIVATE diskId=null partGuid=null mountFlags=0 mountUserId=-1 
05-08 16:46:18.534 D/StorageNotification( 2288):     state=MOUNTED 
05-08 16:46:18.534 D/StorageNotification( 2288):     fsType=null fsUuid=null fsLabel=null 
05-08 16:46:18.534 D/StorageNotification( 2288):     path=/data internalPath=null 
05-08 16:46:18.552 D/StorageNotification( 2288): Notifying about public volume: VolumeInfo{public:253,48}:
05-08 16:46:18.552 D/StorageNotification( 2288):     type=PUBLIC diskId=disk:253,48 partGuid=null mountFlags=VISIBLE 
05-08 16:46:18.552 D/StorageNotification( 2288):     mountUserId=0 state=MOUNTED 
05-08 16:46:18.552 D/StorageNotification( 2288):     fsType=vfat fsUuid=1EFF-1C1B fsLabel=SDCARD 
05-08 16:46:18.552 D/StorageNotification( 2288):     path=/storage/1EFF-1C1B internalPath=/mnt/media_rw/1EFF-1C1B 
05-08 16:46:18.861 E/OMXNodeInstance( 1333): getExtensionIndex(5350013:google.vp8.decoder, OMX.google.android.index.configureVideoTunnelMode) ERROR: UnsupportedIndex(0x8000101a)
05-08 16:46:18.862 W/OMXNodeInstance( 1333): [5350013:google.vp8.decoder] component does not support metadata mode; using fallback
05-08 16:46:18.914 I/MediaPlayerService( 1338): MediaPlayerService::getOMX
05-08 16:46:18.916 I/OMXClient( 1338): MuxOMX ctor
05-08 16:46:18.917 I/OMXMaster( 1333): makeComponentInstance(OMX.google.vp9.decoder) in mediacodec process
05-08 16:46:19.773 E/NetdConnector( 1990): NDC Command {8 firewall enable_chain standby} took too long (3017ms)
05-08 16:46:19.845 E/NetdConnector( 1990): NDC Command {9 bandwidth gettetherstats} took too long (1738ms)
05-08 16:46:20.239 I/SystemServiceManager( 1990): Starting phase 600
05-08 16:46:20.394 E/OMXNodeInstance( 1333): getExtensionIndex(5350014:google.vp9.decoder, OMX.google.android.index.configureVideoTunnelMode) ERROR: UnsupportedIndex(0x8000101a)
05-08 16:46:20.396 W/OMXNodeInstance( 1333): [5350014:google.vp9.decoder] component does not support metadata mode; using fallback
05-08 16:46:20.534 W/ActivityManager( 1990): Timeout executing service: ServiceRecord{7b96c76 u0 com.android.server.telecom/.components.TelecomService}
05-08 16:46:20.712 I/MediaPlayerService( 1338): MediaPlayerService::getOMX
05-08 16:46:20.716 I/OMXClient( 1338): MuxOMX ctor
05-08 16:46:20.719 I/OMXMaster( 1333): makeComponentInstance(OMX.google.h263.encoder) in mediacodec process
05-08 16:46:20.809 D/SensorNotificationService( 1990): Cannot obtain dynamic meta sensor, not supported.
05-08 16:46:20.821 I/Process ( 1990): Sending signal. PID: 1990 SIG: 3
05-08 16:46:20.832 I/art     ( 1990): Thread[2,tid=1996,WaitingInMainSignalCatcherLoop,Thread*=0x7c417720e000,peer=0x12c010d0,"Signal Catcher"]: reacting to signal 3
05-08 16:46:20.833 I/art     ( 1990): 
05-08 16:46:21.050 W/art     ( 1990): Suspending all threads took: 53.440ms
05-08 16:46:21.093 I/Choreographer( 2288): Skipped 187 frames!  The application may be doing too much work on its main thread.
05-08 16:46:21.258 I/GnssLocationProvider( 1990): WakeLock acquired by sendMessage(13, 0, null)
05-08 16:46:21.428 W/LocationManagerService( 1990): no network location provider found
05-08 16:46:21.662 E/LocationManagerService( 1990): no geocoder provider found
05-08 16:46:21.664 E/FlpHardwareProvider( 1990): Error hw_get_module 'flp': -2
05-08 16:46:21.664 D/LocationManagerService( 1990): FLP HAL not supported
05-08 16:46:21.691 D/LocationManagerService( 1990): Unable to bind FLP Geofence proxy.
05-08 16:46:21.692 E/ActivityRecognitionHardware( 1990): Error hw_get_module: -2
05-08 16:46:21.692 D/LocationManagerService( 1990): Hardware Activity-Recognition not supported.
05-08 16:46:21.694 E/ActivityRecognitionProxy( 1990): ServiceWatcher could not start.
05-08 16:46:21.695 D/LocationManagerService( 1990): Unable to bind ActivityRecognitionProxy.
05-08 16:46:21.697 I/GnssLocationProvider( 1990): WakeLock acquired by sendMessage(2, 1, null)
05-08 16:46:21.807 I/SoftMPEG4Encoder( 1333): Construct SoftMPEG4Encoder
05-08 16:46:21.857 W/ACodec  ( 1338): do not know color format 0x7f000789 = 2130708361
05-08 16:46:21.859 E/OMXNodeInstance( 1333): getConfig(5350015:google.h263.encoder, ConfigAndroidIntraRefresh(0x6f60000a)) ERROR: Undefined(0x80001001)
05-08 16:46:21.971 I/MediaPlayerService( 1338): MediaPlayerService::getOMX
05-08 16:46:21.972 I/OMXClient( 1338): MuxOMX ctor
05-08 16:46:21.973 I/OMXMaster( 1333): makeComponentInstance(OMX.google.h264.encoder) in mediacodec process
05-08 16:46:22.056 I/CommonTimeManagementService( 1990): No common time service detected on this platform.  Common time services will be unavailable.
05-08 16:46:22.154 I/MmsServiceBroker( 1990): Delay connecting to MmsService until an API is called
05-08 16:46:22.234 W/VoiceInteractionManagerService( 1990): no available voice interaction services found for user 0
05-08 16:46:22.235 W/VoiceInteractionManagerService( 1990): no available voice recognition services found for user 0
05-08 16:46:22.377 W/ActivityManager( 1990): Slow operation: 138ms so far, now at startProcess: returned from zygote!
05-08 16:46:22.378 W/ActivityManager( 1990): Slow operation: 139ms so far, now at startProcess: done updating battery stats
05-08 16:46:22.379 W/ActivityManager( 1990): Slow operation: 140ms so far, now at startProcess: building log message
05-08 16:46:22.379 I/ActivityManager( 1990): Start proc 2487:com.android.phone/1001 for added application com.android.phone
05-08 16:46:22.379 W/ActivityManager( 1990): Slow operation: 140ms so far, now at startProcess: starting to update pids map
05-08 16:46:22.379 W/ActivityManager( 1990): Slow operation: 140ms so far, now at startProcess: done updating pids map
05-08 16:46:22.425 I/ActivityManager( 1990): START u0 {act=android.intent.action.MAIN cat=[android.intent.category.HOME] flg=0x10000100 cmp=com.android.settings/.FallbackHome} from uid 0 on display 0
05-08 16:46:22.492 W/System  ( 1990): ClassLoader referenced unknown path: 
05-08 16:46:22.494 W/System  ( 1990): ClassLoader referenced unknown path: /system/priv-app/Settings/lib/x86_64
05-08 16:46:22.518 W/art     ( 2487): Unexpected CPU variant for X86 using defaults: x86_64
05-08 16:46:22.538 D/ApplicationLoaders( 1990): ignored Vulkan layer search path /system/priv-app/Settings/lib/x86_64:/system/priv-app/Settings/Settings.apk!/lib/x86_64:/system/lib64:/vendor/lib64 for namespace 0x7c418272f160
05-08 16:46:22.690 I/ActivityManager( 1990): Loaded persisted task ids for user 0
05-08 16:46:22.909 W/ACodec  ( 1338): do not know color format 0x7f000789 = 2130708361
05-08 16:46:22.919 W/art     ( 2503): Unexpected CPU variant for X86 using defaults: x86_64
05-08 16:46:22.944 I/MediaPlayerService( 1338): MediaPlayerService::getOMX
05-08 16:46:22.945 I/OMXClient( 1338): MuxOMX ctor
05-08 16:46:22.946 I/OMXMaster( 1333): makeComponentInstance(OMX.google.mpeg4.encoder) in mediacodec process
05-08 16:46:22.991 W/ActivityManager( 1990): Slow operation: 225ms so far, now at startProcess: returned from zygote!
05-08 16:46:22.991 W/ActivityManager( 1990): Slow operation: 225ms so far, now at startProcess: done updating battery stats
05-08 16:46:22.992 W/ActivityManager( 1990): Slow operation: 226ms so far, now at startProcess: building log message
05-08 16:46:22.992 I/ActivityManager( 1990): Start proc 2503:com.android.settings/1000 for activity com.android.settings/.FallbackHome
05-08 16:46:22.992 W/ActivityManager( 1990): Slow operation: 226ms so far, now at startProcess: starting to update pids map
05-08 16:46:22.992 W/ActivityManager( 1990): Slow operation: 226ms so far, now at startProcess: done updating pids map
05-08 16:46:22.992 W/ActivityManager( 1990): Slow operation: 227ms so far, now at startProcess: done starting proc!
05-08 16:46:23.023 I/SystemServer( 1990): Enabled StrictMode for system server main thread.
05-08 16:46:23.044 D/ConditionProviders.SCP( 1990): onConnected
05-08 16:46:23.046 D/ZenLog  ( 1990): set_zen_mode: off,readXml
05-08 16:46:23.141 D/ConditionProviders( 1990): Subscribing to condition://android/schedule?days=1.2.3.4.5&start=22.0&end=7.0&exitAtAlarm=false with ComponentInfo{android/com.android.server.notification.ScheduleConditionProvider}
05-08 16:46:23.142 D/ZenLog  ( 1990): subscribe: condition://android/schedule?days=1.2.3.4.5&start=22.0&end=7.0&exitAtAlarm=false,ok
05-08 16:46:23.143 D/ConditionProviders( 1990): Subscribing to condition://android/schedule?days=6.7&start=23.30&end=10.0&exitAtAlarm=false with ComponentInfo{android/com.android.server.notification.ScheduleConditionProvider}
05-08 16:46:23.143 D/ZenLog  ( 1990): subscribe: condition://android/schedule?days=6.7&start=23.30&end=10.0&exitAtAlarm=false,ok
05-08 16:46:23.144 D/ConditionProviders( 1990): Subscribing to condition://android/event?userId=-10000&calendar=&reply=1 with ComponentInfo{android/com.android.server.notification.EventConditionProvider}
05-08 16:46:23.144 D/ZenLog  ( 1990): subscribe: condition://android/event?userId=-10000&calendar=&reply=1,ok
05-08 16:46:23.574 D/RttService( 1990): SCAN_AVAILABLE : 1
05-08 16:46:23.575 D/ZenLog  ( 1990): set_zen_mode: off,cleanUpZenRules
05-08 16:46:23.747 W/System  ( 2503): ClassLoader referenced unknown path: /system/priv-app/Settings/lib/x86_64
05-08 16:46:23.914 W/System  ( 1990): ClassLoader referenced unknown path: /system/priv-app/Telecom/lib/x86_64
05-08 16:46:23.918 D/ApplicationLoaders( 1990): ignored Vulkan layer search path /system/priv-app/Telecom/lib/x86_64:/system/priv-app/Telecom/Telecom.apk!/lib/x86_64:/system/lib64:/vendor/lib64 for namespace 0x7c418272f1d0
05-08 16:46:24.825 D/gralloc_ranchu( 2503): Emulator without host-side GPU emulation detected. Loading gralloc.default.so from /vendor/lib64/hw/gralloc.goldfish.default.so...
05-08 16:46:24.828 D/gralloc_ranchu( 2503): gralloc.default.so not found in /vendor. Trying /system/lib64/hw/gralloc.goldfish.default.so...
05-08 16:46:24.856 I/SoftMPEG4Encoder( 1333): Construct SoftMPEG4Encoder
05-08 16:46:24.926 W/ACodec  ( 1338): do not know color format 0x7f000789 = 2130708361
05-08 16:46:24.927 E/OMXNodeInstance( 1333): getConfig(5350017:google.mpeg4.encoder, ConfigAndroidIntraRefresh(0x6f60000a)) ERROR: Undefined(0x80001001)
05-08 16:46:25.072 E/BluetoothAdapter( 1990): Bluetooth binder is null
05-08 16:46:25.167 I/MediaPlayerService( 1338): MediaPlayerService::getOMX
05-08 16:46:25.169 I/OMXClient( 1338): MuxOMX ctor
05-08 16:46:25.169 I/OMXMaster( 1333): makeComponentInstance(OMX.google.vp8.encoder) in mediacodec process
05-08 16:46:25.205 I/Telecom ( 1990): SystemStateProvider: Registering car mode receiver: android.content.IntentFilter@80deb70: TS.init@AAA
05-08 16:46:25.354 I/Telecom ( 1990): Telecom: Non-call EVENT: AUDIO_ROUTE, Entering state QuiescentEarpieceRoute
05-08 16:46:25.413 I/Process ( 1990): Sending signal. PID: 2288 SIG: 3
05-08 16:46:25.421 I/art     ( 2288): Thread[3,tid=2303,WaitingInMainSignalCatcherLoop,Thread*=0x7c417de96400,peer=0x12c005e0,"Signal Catcher"]: reacting to signal 3
05-08 16:46:25.421 I/art     ( 2288): 
05-08 16:46:25.451 I/Telecom ( 1990): CallAudioModeStateMachine: Message received: null.: TS.init->CAMSM.pM_1@AAA_0
05-08 16:46:25.540 E/ActivityThread( 1990): Failed to find provider info for call_log
05-08 16:46:25.541 E/BluetoothAdapter( 1990): Bluetooth binder is null
05-08 16:46:25.578 I/StatusBarManagerService( 1990): registerStatusBar bar=com.android.internal.statusbar.IStatusBar$Stub$Proxy@d49f3c4
05-08 16:46:25.624 I/Telecom ( 1990): Class: TelecomSystem.INSTANCE being set
05-08 16:46:25.625 E/BluetoothAdapter( 1990): Bluetooth binder is null
05-08 16:46:25.652 W/ContextImpl( 1990): Calling a method in the system process without a qualified user: android.app.ContextImpl.startService:1357 com.android.server.content.SyncManager$13.run:658 android.os.Handler.handleCallback:751 android.os.Handler.dispatchMessage:95 android.os.Looper.loop:154 
05-08 16:46:26.124 W/System  ( 1990): ClassLoader referenced unknown path: /system/priv-app/FusedLocation/lib/x86_64
05-08 16:46:26.128 D/ApplicationLoaders( 1990): ignored Vulkan layer search path /system/priv-app/FusedLocation/lib/x86_64:/system/priv-app/FusedLocation/FusedLocation.apk!/lib/x86_64:/system/lib64:/vendor/lib64 for namespace 0x7c418272f240
05-08 16:46:26.212 W/ACodec  ( 1338): do not know color format 0x7f000789 = 2130708361
05-08 16:46:26.214 E/OMXNodeInstance( 1333): getConfig(5350018:google.vp8.encoder, ConfigAndroidIntraRefresh(0x6f60000a)) ERROR: Undefined(0x80001001)
05-08 16:46:26.288 I/MediaPlayerService( 1338): MediaPlayerService::getOMX
05-08 16:46:26.289 I/OMXClient( 1338): MuxOMX ctor
05-08 16:46:26.303 V/WiredAccessoryManager( 1990): notifyWiredAccessoryChanged: when=0 bits= mask=54
05-08 16:46:26.304 V/WiredAccessoryManager( 1990): newName=h2w newState=0 headsetState=0 prev headsetState=0
05-08 16:46:26.304 E/WiredAccessoryManager( 1990): No state change.
05-08 16:46:26.304 V/WiredAccessoryManager( 1990): init()
05-08 16:46:26.322 D/ConditionProviders.SCP( 1990): onSubscribe condition://android/schedule?days=1.2.3.4.5&start=22.0&end=7.0&exitAtAlarm=false
05-08 16:46:26.339 D/ConditionProviders.SCP( 1990): setRegistered true
05-08 16:46:26.373 D/ConditionProviders.SCP( 1990): notifyCondition condition://android/schedule?days=1.2.3.4.5&start=22.0&end=7.0&exitAtAlarm=false STATE_FALSE reason=!meetsSchedule
05-08 16:46:26.379 D/ConditionProviders.SCP( 1990): Scheduling evaluate for Sat May 08 22:00:00 UTC 2021 (1620511200000), in +5h13m33s629ms, now=Sat May 08 16:46:26 UTC 2021 (1620492386371)
05-08 16:46:26.382 D/ConditionProviders.SCP( 1990): onSubscribe condition://android/schedule?days=6.7&start=23.30&end=10.0&exitAtAlarm=false
05-08 16:46:26.384 D/ConditionProviders.SCP( 1990): notifyCondition condition://android/schedule?days=6.7&start=23.30&end=10.0&exitAtAlarm=false STATE_FALSE reason=!meetsSchedule
05-08 16:46:26.385 D/ConditionProviders.SCP( 1990): notifyCondition condition://android/schedule?days=1.2.3.4.5&start=22.0&end=7.0&exitAtAlarm=false STATE_FALSE reason=!meetsSchedule
05-08 16:46:26.582 D/ConditionProviders.SCP( 1990): Scheduling evaluate for Sat May 08 22:00:00 UTC 2021 (1620511200000), in +5h13m33s616ms, now=Sat May 08 16:46:26 UTC 2021 (1620492386384)
05-08 16:46:26.586 I/Telecom ( 1990): WiredHeadsetManager: ACTION_HEADSET_PLUG event, plugged in: false, : WHC.oADA@AAE
05-08 16:46:26.659 W/        ( 1276): debuggerd: handling request: pid=1322 uid=1000 gid=1003 tid=1322
05-08 16:46:26.861 I/art     ( 2288): Wrote stack traces to '/data/anr/traces.txt'
05-08 16:46:26.957 I/ActivityManager( 1990): user 0 is still locked. Cannot load recents
05-08 16:46:27.137 I/MediaPlayerService( 1338): MediaPlayerService::getOMX
05-08 16:46:27.138 I/OMXClient( 1338): MuxOMX ctor
05-08 16:46:27.140 W/MediaCodecList( 1338): unable to open media codecs configuration xml file: /data/misc/media/media_codecs_profiling_results.xml
05-08 16:46:27.172 I/MediaPlayerService( 1338): MediaPlayerService::getOMX
05-08 16:46:27.175 I/OMXClient( 2288): MuxOMX ctor
05-08 16:46:27.201 I/OMXMaster( 1333): makeComponentInstance(OMX.google.vorbis.decoder) in mediacodec process
05-08 16:46:27.531 I/Choreographer( 2503): Skipped 56 frames!  The application may be doing too much work on its main thread.
05-08 16:46:27.643 W/        ( 1276): debuggerd: resuming target 1322
05-08 16:46:27.661 W/        ( 1276): debuggerd: handling request: pid=1327 uid=1041 gid=1005 tid=1327
05-08 16:46:27.678 W/        ( 1275): debuggerd: handling request: pid=1327 uid=1041 gid=1005 tid=1327
05-08 16:46:27.741 W/GnssLocationProvider( 1990): Could not open GPS configuration file /etc/gps.conf
05-08 16:46:27.742 E/GnssLocationProvider( 1990): no AGPS interface in set_agps_server
05-08 16:46:29.535 I/MediaPlayerService( 1338): MediaPlayerService::getOMX
05-08 16:46:29.537 I/OMXClient( 2288): MuxOMX ctor
05-08 16:46:29.553 I/OMXMaster( 1333): makeComponentInstance(OMX.google.vorbis.decoder) in mediacodec process
05-08 16:46:29.876 W/        ( 1275): debuggerd: resuming target 1327
05-08 16:46:29.879 W/        ( 1276): debuggerd: handling request: pid=1328 uid=1047 gid=1005 tid=1328
05-08 16:46:29.893 W/        ( 1275): debuggerd: handling request: pid=1328 uid=1047 gid=1005 tid=1328
05-08 16:46:30.318 W/        ( 1275): debuggerd: resuming target 1328
05-08 16:46:30.324 W/        ( 1276): debuggerd: handling request: pid=1329 uid=1019 gid=1019 tid=1329
05-08 16:46:30.326 W/        ( 1275): debuggerd: handling request: pid=1329 uid=1019 gid=1019 tid=1329
05-08 16:46:30.818 W/        ( 1275): debuggerd: resuming target 1329
05-08 16:46:30.874 W/        ( 1276): debuggerd: handling request: pid=1333 uid=1046 gid=1006 tid=1333
05-08 16:46:30.876 W/        ( 1275): debuggerd: handling request: pid=1333 uid=1046 gid=1006 tid=1333
05-08 16:46:30.952 I/MediaPlayerService( 1338): MediaPlayerService::getOMX
05-08 16:46:30.961 I/Choreographer( 2503): Skipped 48 frames!  The application may be doing too much work on its main thread.
05-08 16:46:31.705 I/InputReader( 1990): Reconfiguring input devices.  changes=0x00000020
05-08 16:46:31.772 I/InputReader( 1990): Reconfiguring input devices.  changes=0x00000010
05-08 16:46:31.797 W/WindowManager( 1990): Window freeze timeout expired.
05-08 16:46:31.805 I/ActivityManager( 1990): Displayed com.android.settings/.FallbackHome: +9s39ms
05-08 16:46:32.139 I/OMXClient( 1990): MuxOMX ctor
05-08 16:46:32.163 W/        ( 1275): debuggerd: resuming target 1333
05-08 16:46:32.167 W/        ( 1276): debuggerd: handling request: pid=1334 uid=1013 gid=1031 tid=1334
05-08 16:46:32.248 I/OMXMaster( 1333): makeComponentInstance(OMX.google.vorbis.decoder) in mediacodec process
05-08 16:46:32.554 W/        ( 1275): debuggerd: handling request: pid=1334 uid=1013 gid=1031 tid=1334
05-08 16:46:32.699 I/MediaPlayerService( 1338): MediaPlayerService::getOMX
05-08 16:46:32.792 I/OMXClient( 2288): MuxOMX ctor
05-08 16:46:32.797 I/OMXMaster( 1333): makeComponentInstance(OMX.google.vorbis.decoder) in mediacodec process
05-08 16:46:33.094 I/WifiScanningService( 1990): wifi driver unloaded
05-08 16:46:33.096 D/RttService( 1990): DefaultState got{ when=-9s520ms what=160513 target=com.android.internal.util.StateMachine$SmHandler }
05-08 16:46:33.706 W/        ( 1275): debuggerd: resuming target 1334
05-08 16:46:33.709 W/        ( 1276): debuggerd: handling request: pid=1335 uid=1040 gid=1026 tid=1335
05-08 16:46:33.769 W/        ( 1275): debuggerd: handling request: pid=1335 uid=1040 gid=1026 tid=1335
05-08 16:46:34.839 W/        ( 1275): debuggerd: resuming target 1335
05-08 16:46:35.054 W/        ( 1276): debuggerd: handling request: pid=1338 uid=1013 gid=1005 tid=1338
05-08 16:46:35.283 W/        ( 1275): debuggerd: handling request: pid=1338 uid=1013 gid=1005 tid=1338
05-08 16:46:36.063 W/        ( 1275): debuggerd: resuming target 1338
05-08 16:46:36.067 W/        ( 1276): debuggerd: handling request: pid=2333 uid=1023 gid=1023 tid=2333
05-08 16:46:36.602 W/art     ( 2288): Suspending all threads took: 11.600ms
05-08 16:46:36.728 I/art     ( 2288): Background sticky concurrent mark sweep GC freed 18161(2MB) AllocSpace objects, 2(40KB) LOS objects, 30% free, 6MB/10MB, paused 14.725ms total 300.820ms
05-08 16:46:36.875 W/        ( 1276): debuggerd: resuming target 2333
05-08 16:46:36.878 W/        ( 1276): debuggerd: handling request: pid=2408 uid=1023 gid=1023 tid=2408
05-08 16:46:37.179 W/        ( 1276): debuggerd: resuming target 2408
05-08 16:46:38.331 W/art     ( 1990): Long monitor contention with owner ConditionProviders.ECP (2254) at android.content.pm.ProviderInfo com.android.server.pm.PackageManagerService.resolveContentProvider(java.lang.String, int, int)(PackageManagerService.java:6460) waiters=0 in android.content.pm.ParceledListSlice com.android.server.pm.PackageManagerService.queryContentProviders(java.lang.String, int, int) for 513ms
05-08 16:46:39.161 I/art     ( 1990): Wrote stack traces to '/data/anr/traces.txt'
05-08 16:46:39.671 W/System  ( 2487): ClassLoader referenced unknown path: /system/priv-app/TeleService/lib/x86_64
05-08 16:46:40.489 W/System  ( 2487): ClassLoader referenced unknown path: /system/priv-app/TelephonyProvider/lib/x86_64
05-08 16:46:40.543 D/ApplicationLoaders( 2487): ignored Vulkan layer search path /system/priv-app/TelephonyProvider/lib/x86_64:/system/lib64:/vendor/lib64 for namespace 0x7c418271f0f0
05-08 16:46:41.096 D/TelephonyProvider( 2487): dbh.onOpen: ok, queried table=siminfo
05-08 16:46:41.098 D/TelephonyProvider( 2487): dbh.onOpen: ok, queried table=carriers
05-08 16:46:41.147 I/GnssLocationProvider( 1990): WakeLock released by handleMessage(13, 0, null)
05-08 16:46:41.149 E/GnssLocationProvider( 1990): no AGPS interface in set_agps_server
05-08 16:46:43.377 W/ProcessCpuTracker( 1990): Skipping unknown process pid 2595
05-08 16:46:44.201 W/ProcessCpuTracker( 1990): Skipping unknown process pid 2602
05-08 16:46:44.206 W/art     ( 1990): Long monitor contention with owner ConditionProviders.ECP (2254) at void com.android.server.content.ContentService.registerContentObserver(android.net.Uri, boolean, android.database.IContentObserver, int)(ContentService.java:309) waiters=0 in void com.android.server.content.ContentService.registerContentObserver(android.net.Uri, boolean, android.database.IContentObserver, int) for 4.630s
05-08 16:46:44.259 W/art     ( 1990): Long monitor contention with owner android.bg (2029) at boolean android.os.MessageQueue.enqueueMessage(android.os.Message, long)(MessageQueue.java:541) waiters=0 in android.os.Message android.os.MessageQueue.next() for 1.716s
05-08 16:46:44.308 I/GnssLocationProvider( 1990): WakeLock released by handleMessage(2, 1, null)
05-08 16:46:44.317 W/art     ( 1990): Long monitor contention with owner android.bg (2029) at void com.android.server.power.PowerManagerService.releaseWakeLockInternal(android.os.IBinder, int)(PowerManagerService.java:937) waiters=0 in void com.android.server.power.PowerManagerService.acquireWakeLockInternal(android.os.IBinder, int, java.lang.String, java.lang.String, android.os.WorkSource, java.lang.String, int, int) for 1.440s
05-08 16:46:44.362 W/art     ( 2487): Long monitor contention with owner RILReceiver0 (2605) at boolean android.os.BinderProxy.transactNative(int, android.os.Parcel, android.os.Parcel, int)(Binder.java:-2) waiters=0 in void com.android.internal.telephony.RIL.acquireWakeLock(com.android.internal.telephony.RILRequest, int) for 1.479s
05-08 16:46:45.345 I/Process ( 1990): Sending signal. PID: 2281 SIG: 3
05-08 16:46:45.433 I/art     ( 2281): Thread[3,tid=2294,WaitingInMainSignalCatcherLoop,Thread*=0x7c417de96400,peer=0x22c0e0d0,"Signal Catcher"]: reacting to signal 3
05-08 16:46:45.434 I/art     ( 2281): 
05-08 16:46:46.134 W/art     ( 1990): Suspending all threads took: 19.583ms
05-08 16:46:46.464 I/art     ( 1990): Background partial concurrent mark sweep GC freed 46087(2MB) AllocSpace objects, 12(340KB) LOS objects, 29% free, 9MB/13MB, paused 87.768ms total 5.791s
05-08 16:46:46.618 I/art     ( 2281): Wrote stack traces to '/data/anr/traces.txt'
05-08 16:46:46.681 I/LatinIME:LogUtils( 2281): Dictionary info: dictionary = main:en ; version = 54 ; date = 1414726273
05-08 16:46:46.829 E/ActivityManager( 1990): ANR in system
05-08 16:46:46.829 E/ActivityManager( 1990): PID: 1990
05-08 16:46:46.829 E/ActivityManager( 1990): Reason: executing service com.android.server.telecom/.components.TelecomService
05-08 16:46:46.829 E/ActivityManager( 1990): Load: 10.35 / 4.32 / 1.66
05-08 16:46:46.829 E/ActivityManager( 1990): CPU usage from 2564ms to -25751ms ago (2021-05-08 16:46:18.036 to 2021-05-08 16:46:46.351):
05-08 16:46:46.829 E/ActivityManager( 1990):   79% 1322/surfaceflinger: 26% user + 52% kernel / faults: 47 minor
05-08 16:46:46.829 E/ActivityManager( 1990):   30% 1589/bootanimation: 10% user + 20% kernel
05-08 16:46:46.829 E/ActivityManager( 1990):   21% 1990/system_server: 5.3% user + 16% kernel / faults: 3653 minor 41 major
05-08 16:46:46.829 E/ActivityManager( 1990):   11% 2288/com.android.systemui: 3.7% user + 7.6% kernel / faults: 4275 minor 27 major
05-08 16:46:46.829 E/ActivityManager( 1990):   8.4% 1333/media.codec: 3.2% user + 5.1% kernel / faults: 4468 minor 8 major
05-08 16:46:46.829 E/ActivityManager( 1990):   2.6% 1324/adbd: 0.1% user + 2.4% kernel / faults: 1584 minor
05-08 16:46:46.829 E/ActivityManager( 1990):   2.1% 8/rcu_preempt: 0% user + 2.1% kernel
05-08 16:46:46.829 E/ActivityManager( 1990):   1.2% 2281/com.android.inputmethod.latin: 0.2% user + 0.9% kernel / faults: 952 minor
05-08 16:46:46.829 E/ActivityManager( 1990):   0.7% 1338/mediaserver: 0.2% user + 0.5% kernel / faults: 71 minor
05-08 16:46:46.829 E/ActivityManager( 1990):   0.7% 1335/media.extractor: 0.1% user + 0.6% kernel / faults: 66 minor
05-08 16:46:46.829 E/ActivityManager( 1990):   0.1% 1276/debuggerd64: 0% user + 0.1% kernel / faults: 103 minor
05-08 16:46:46.829 E/ActivityManager( 1990):   0.5% 1321/servicemanager: 0.1% user + 0.4% kernel
05-08 16:46:46.829 E/ActivityManager( 1990):   0.3% 1325/zygote64: 0% user + 0.3% kernel / faults: 297 minor
05-08 16:46:46.829 E/ActivityManager( 1990):   0.4% 1255/kworker/0:1H: 0% user + 0.4% kernel
05-08 16:46:46.829 E/ActivityManager( 1990):   0.3% 1339/netd: 0% user + 0.3% kernel / faults: 52 minor
05-08 16:46:46.829 E/ActivityManager( 1990):   0% 1275/debuggerd: 0% user + 0% kernel / faults: 188 minor
05-08 16:46:46.829 E/ActivityManager( 1990):   0.2% 17/kworker/u4:1: 0% user + 0.2% kernel
05-08 16:46:46.829 E/ActivityManager( 1990):   0.1% 1265/jbd2/vdc-8: 0% user + 0.1% kernel
05-08 16:46:46.829 E/ActivityManager( 1990):   0.1% 1327/audioserver: 0% user + 0.1% kernel / faults: 41 minor
05-08 16:46:46.829 E/ActivityManager( 1990):   0.1% 3/ksoftirqd/0: 0% user + 0.1% kernel
05-08 16:46:46.829 E/ActivityManager( 1990):   0.1% 1267/logd: 0% user + 0.1% kernel / faults: 8 minor
05-08 16:46:46.829 E/ActivityManager( 1990):   0.1% 12/ksoftirqd/1: 0% user + 0.1% kernel
05-08 16:46:46.829 E/ActivityManager( 1990):   0% 1328/cameraserver: 0% user + 0% kernel / faults: 73 minor
05-08 16:46:46.829 E/ActivityManager( 1990):   0% 809/kworker/0:2: 0% user + 0% kernel
05-08 16:46:46.829 E/ActivityManager( 1990):   0% 673/kworker/1:1: 0% user + 0% kernel
05-08 16:46:46.829 E/ActivityManager( 1990):   0% 1329/drmserver: 0% user + 0% kernel / faults: 19 minor
05-08 16:46:46.829 E/ActivityManager( 1990):   0% 1332/keystore: 0% user + 0% kernel
05-08 16:46:46.829 E/ActivityManager( 1990):   0% 1340/rild: 0% user + 0% kernel / faults: 5 minor
05-08 16:46:46.829 E/ActivityManager( 1990):   0% 2333/sdcard: 0% user + 0% kernel / faults: 7 minor
05-08 16:46:46.829 E/ActivityManager( 1990):   0% 2408/sdcard: 0% user + 0% kernel / faults: 7 minor
05-08 16:46:46.829 E/ActivityManager( 1990):  +0% 2487/com.android.phone: 0% user + 0% kernel
05-08 16:46:46.829 E/ActivityManager( 1990):  +0% 2503/com.android.settings: 0% user + 0% kernel
05-08 16:46:46.829 E/ActivityManager( 1990):  +0% 2607/getprop: 0% user + 0% kernel
05-08 16:46:46.829 E/ActivityManager( 1990):  +0% 2610/getprop: 0% user + 0% kernel
05-08 16:46:46.829 E/ActivityManager( 1990): 100% TOTAL: 30% user + 68% kernel + 0.8% softirq
05-08 16:46:46.829 E/ActivityManager( 1990): CPU usage from 23288ms to 24130ms later (2021-05-08 16:46:43.888 to 2021-05-08 16:46:44.731) with 99% awake:
05-08 16:46:46.829 E/ActivityManager( 1990):   102% 1322/surfaceflinger: 33% user + 68% kernel
05-08 16:46:46.829 E/ActivityManager( 1990):     52% 1322/surfaceflinger: 16% user + 35% kernel
05-08 16:46:46.829 E/ActivityManager( 1990):     26% 1554/EventThread: 10% user + 15% kernel
05-08 16:46:46.829 E/ActivityManager( 1990):     19% 1510/DispSync: 0% user + 19% kernel
05-08 16:46:46.829 E/ActivityManager( 1990):     2.1% 2555/Binder:1322_4: 0% user + 2.1% kernel
05-08 16:46:46.829 E/ActivityManager( 1990):     1% 1552/EventThread: 0% user + 1% kernel
05-08 16:46:46.829 E/ActivityManager( 1990):     1% 1795/Binder:1322_3: 1% user + 0% kernel
05-08 16:46:46.829 E/ActivityManager( 1990):   24% 1589/bootanimation: 0% user + 24% kernel
05-08 16:46:46.829 E/ActivityManager( 1990):     24% 1794/BootAnimation: 0% user + 24% kernel
05-08 16:46:46.829 E/ActivityManager( 1990):   22% 1990/system_server: 0% user + 22% kernel / faults: 18 minor 1 major
05-08 16:46:46.829 E/ActivityManager( 1990):     9.5% 2030/ActivityManager: 1.1% user + 8.3% kernel
05-08 16:46:46.829 E/ActivityManager( 1990):     2.3% 2380/Binder:1990_5: 0% user + 2.3% kernel
05-08 16:46:46.829 E/ActivityManager( 1990):     2.3% 2516/Binder:1990_7: 2.3% user + 0% kernel
05-08 16:46:46.829 E/ActivityManager( 1990):     1.1% 2012/Binder:1990_2: 0% user + 1.1% kernel
05-08 16:46:46.829 E/ActivityManager( 1990):     1.1% 2211/SettingsProvide: 0% user + 1.1% kernel
05-08 16:46:46.829 E/ActivityManager( 1990):     1.1% 2301/Binder:1990_3: 1.1% user + 0% kernel
05-08 16:46:46.829 E/ActivityManager( 1990):     1.1% 2508/Binder:1990_6: 0% user + 1.1% kernel
05-08 16:46:46.829 E/ActivityManager( 1990):     1.1% 2527/Binder:1990_8: 0% user + 1.1% kernel
05-08 16:46:46.829 E/ActivityManager( 1990):   16% 2503/com.android.settings: 3.5% user + 12% kernel
05-08 16:46:46.829 E/ActivityManager( 1990):     14% 2503/ndroid.settings: 3.5% user + 10% kernel
05-08 16:46:46.829 E/ActivityManager( 1990):   10% 2487/com.android.phone: 2.1% user + 8% kernel / faults: 537 minor 4 major
05-08 16:46:46.829 E/ActivityManager( 1990):     6.5% 2487/m.android.phone: 0% user + 6.5% kernel
05-08 16:46:46.829 E/ActivityManager( 1990):     2.9% 2605/RILReceiver0: 2.1% user + 0.7% kernel
05-08 16:46:46.829 E/ActivityManager( 1990):     1.4% 2604/RILSender0: 0% user + 1.4% kernel
05-08 16:46:46.829 E/ActivityManager( 1990):   6.1% 2288/com.android.systemui: 1.3% user + 4.8% kernel / faults: 95 minor
05-08 16:46:46.829 E/ActivityManager( 1990):     6.1% 2288/ndroid.systemui: 1.3% user + 4.8% kernel
05-08 16:46:46.829 E/ActivityManager( 1990):   1.4% 2281/com.android.inputmethod.latin: 0% user + 1.4% kernel / faults: 34 minor
05-08 16:46:46.829 E/ActivityManager( 1990):     0.7% 2411/ExecutorUtils: 0% user + 0.7% kernel
05-08 16:46:46.829 E/ActivityManager( 1990):    +0% 2606/ExecutorUtils: 0% user + 0% kernel
05-08 16:46:46.829 E/ActivityManager( 1990):   1.1% 8/rcu_preempt: 0% user + 1.1% kernel
05-08 16:46:46.829 E/ActivityManager( 1990):   1% 1321/servicemanager: 0% user + 1% kernel
05-08 16:46:46.829 E/ActivityManager( 1990):  +0% 2607/getprop: 0% user + 0% kernel
05-08 16:46:46.829 E/ActivityManager( 1990): 100% TOTAL: 18% user + 
05-08 16:46:46.897 W/art     ( 1990): Long monitor contention with owner ConditionProviders.ECP (2254) at java.lang.String com.android.server.am.ActivityManagerService.checkContentProviderAccess(java.lang.String, int)(ActivityManagerService.java:10435) waiters=0 in android.content.Intent com.android.server.am.ActivityManagerService.registerReceiver(android.app.IApplicationThread, java.lang.String, android.content.IIntentReceiver, android.content.IntentFilter, java.lang.String, int) for 520ms
05-08 16:46:47.270 W/System  ( 2288): ClassLoader referenced unknown path: 
05-08 16:46:47.271 W/System  ( 2288): ClassLoader referenced unknown path: /system/priv-app/Dialer/lib/x86_64
05-08 16:46:47.284 D/ApplicationLoaders( 2288): ignored Vulkan layer search path /system/priv-app/Dialer/lib/x86_64:/system/lib64:/vendor/lib64 for namespace 0x7c418271f0f0
05-08 16:46:47.321 W/art     ( 1990): Long monitor contention with owner ConditionProviders.ECP (2254) at android.content.Intent com.android.server.am.ActivityManagerService.registerReceiver(android.app.IApplicationThread, java.lang.String, android.content.IIntentReceiver, android.content.IntentFilter, java.lang.String, int)(ActivityManagerService.java:17547) waiters=0 in void com.android.server.am.AppErrors.appNotResponding(com.android.server.am.ProcessRecord, com.android.server.am.ActivityRecord, com.android.server.am.ActivityRecord, boolean, java.lang.String) for 288ms
05-08 16:46:47.406 W/art     ( 1990): Long monitor contention with owner ConditionProviders.ECP (2254) at android.content.Intent com.android.server.am.ActivityManagerService.registerReceiver(android.app.IApplicationThread, java.lang.String, android.content.IIntentReceiver, android.content.IntentFilter, java.lang.String, int)(ActivityManagerService.java:17547) waiters=1 in android.content.Intent com.android.server.am.ActivityManagerService.registerReceiver(android.app.IApplicationThread, java.lang.String, android.content.IIntentReceiver, android.content.IntentFilter, java.lang.String, int) for 273ms
05-08 16:46:47.623 D/GpsNetInitiatedHandler( 1990): location enabled :true
05-08 16:46:47.696 W/art     ( 1990): Long monitor contention with owner ConditionProviders.ECP (2254) at android.content.Intent com.android.server.am.ActivityManagerService.registerReceiver(android.app.IApplicationThread, java.lang.String, android.content.IIntentReceiver, android.content.IntentFilter, java.lang.String, int)(ActivityManagerService.java:17547) waiters=2 in void com.android.server.am.ActivityManagerService$3.handleMessage(android.os.Message) for 428ms
05-08 16:46:48.182 W/ActivityManager( 1990): Slow operation: 459ms so far, now at startProcess: returned from zygote!
05-08 16:46:48.182 W/ActivityManager( 1990): Slow operation: 460ms so far, now at startProcess: done updating battery stats
05-08 16:46:48.261 W/ActivityManager( 1990): Slow operation: 539ms so far, now at startProcess: building log message
05-08 16:46:48.262 I/ActivityManager( 1990): Start proc 2624:com.android.cellbroadcastreceiver/u0a4 for broadcast com.android.cellbroadcastreceiver/.CellBroadcastReceiver
05-08 16:46:48.262 W/ActivityManager( 1990): Slow operation: 540ms so far, now at startProcess: starting to update pids map
05-08 16:46:48.262 W/ActivityManager( 1990): Slow operation: 540ms so far, now at startProcess: done updating pids map
05-08 16:46:48.262 W/ActivityManager( 1990): Slow operation: 583ms so far, now at startProcess: done starting proc!
05-08 16:46:48.424 W/art     ( 2624): Unexpected CPU variant for X86 using defaults: x86_64
05-08 16:46:48.751 W/art     ( 1990): Long monitor contention with owner main (1990) at void com.android.server.am.BroadcastQueue.processNextBroadcast(boolean)(BroadcastQueue.java:760) waiters=2 in android.content.Intent com.android.server.am.ActivityManagerService.registerReceiver(android.app.IApplicationThread, java.lang.String, android.content.IIntentReceiver, android.content.IntentFilter, java.lang.String, int) for 1.037s
05-08 16:46:48.764 W/art     ( 1990): Long monitor contention with owner main (1990) at void com.android.server.am.BroadcastQueue.processNextBroadcast(boolean)(BroadcastQueue.java:760) waiters=3 in void com.android.server.am.ActivityManagerService$MainHandler.handleMessage(android.os.Message) for 915ms
05-08 16:46:48.783 W/art     ( 1990): Long monitor contention with owner main (1990) at void com.android.server.am.BroadcastQueue.processNextBroadcast(boolean)(BroadcastQueue.java:760) waiters=4 in java.lang.String com.android.server.am.ActivityManagerService.checkContentProviderAccess(java.lang.String, int) for 832ms
05-08 16:46:49.128 V/KeyguardServiceDelegate( 1990): *** Keyguard started
05-08 16:46:49.428 W/KeyguardServiceDelegate( 1990): onScreenTurningOn(): no keyguard service!
05-08 16:46:49.441 W/art     ( 1990): Long monitor contention with owner Binder:1990_6 (2508) at void com.android.server.power.PowerManagerService.releaseWakeLockInternal(android.os.IBinder, int)(PowerManagerService.java:937) waiters=0 in boolean com.android.server.power.PowerManagerService.isLowPowerModeInternal() for 113ms
05-08 16:46:50.063 D/AccessibilityManagerService( 1990): Ignoring non-encryption-aware service ComponentInfo{com.example.android.apis/com.example.android.apis.accessibility.ClockBackService}
05-08 16:46:50.063 D/AccessibilityManagerService( 1990): Ignoring non-encryption-aware service ComponentInfo{com.example.android.apis/com.example.android.apis.accessibility.MagnificationService}
05-08 16:46:50.063 D/AccessibilityManagerService( 1990): Ignoring non-encryption-aware service ComponentInfo{com.example.android.apis/com.example.android.apis.accessibility.TaskBackService}
05-08 16:46:50.259 E/BluetoothAdapter( 2288): Bluetooth binder is null
05-08 16:46:51.026 I/CameraManagerGlobal( 2288): Connecting to camera service
05-08 16:46:51.108 V/EmulatedCamera_Camera( 1328): getCameraInfo
05-08 16:46:51.109 V/EmulatedCamera_BaseCamera( 1328): getCameraInfo
05-08 16:46:51.109 I/CameraService( 1328): getCameraCharacteristics: Switching to HAL1 shim implementation...
05-08 16:46:51.110 V/EmulatedCamera_Camera( 1328): getCameraInfo
05-08 16:46:51.121 V/EmulatedCamera_BaseCamera( 1328): getCameraInfo
05-08 16:46:51.123 I/CameraService( 1328): CameraService::connect call (PID -1 "cameraserver", camera ID 0) for HAL version default and Camera API version 1
05-08 16:46:51.128 E/CameraService( 1328): getCameraPriorityFromProcState: Received invalid process state -1 from ActivityManagerService!
05-08 16:46:51.129 V/EmulatedCamera_Camera( 1328): getCameraInfo
05-08 16:46:51.129 V/EmulatedCamera_BaseCamera( 1328): getCameraInfo
05-08 16:46:51.232 W/VibratorService( 1990): Tried to stop vibrating but there is no vibrator device.
05-08 16:46:51.346 I/Choreographer( 1990): Skipped 131 frames!  The application may be doing too much work on its main thread.
05-08 16:46:51.809 E/WVMExtractor( 1338): Failed to open libwvm.so: dlopen failed: library "libwvm.so" not found
05-08 16:46:52.083 W/art     ( 1990): Long monitor contention with owner main (1990) at void com.android.server.pm.UserManagerService$MainHandler.handleMessage(android.os.Message)(UserManagerService.java:3290) waiters=0 in int com.android.server.pm.PackageManagerService.checkUidPermission(java.lang.String, int) for 292ms
05-08 16:46:52.175 W/WindowManager( 1990): Keyguard drawn timeout. Setting mKeyguardDrawComplete
05-08 16:46:52.345 D/NuPlayerDriver( 1338): notifyListener_l(0xf228c300), (1, 0, 0), loop setting(0, 0)
05-08 16:46:52.473 D/NuPlayerDriver( 1338): notifyListener_l(0xf228c3c0), (1, 0, 0), loop setting(0, 0)
05-08 16:46:52.707 D/NuPlayerDriver( 1338): notifyListener_l(0xf3aa8c00), (1, 0, 0), loop setting(0, 0)
05-08 16:46:52.755 W/SystemConfig( 2487): No directory /system/etc/sysconfig, skipping
05-08 16:46:53.181 W/WindowManager( 1990): Timeout waiting for drawn: undrawn=[Window{62749a8 u0 KeyguardScrim}]
05-08 16:46:53.498 I/CameraFlashlight( 1328): Opening camera 0
05-08 16:46:53.498 V/EmulatedCamera_Camera( 1328): getCameraInfo
05-08 16:46:53.498 V/EmulatedCamera_BaseCamera( 1328): getCameraInfo
05-08 16:46:53.498 V/EmulatedCamera_Camera( 1328): connectCamera
05-08 16:46:53.498 V/EmulatedCamera_FakeDevice( 1328): connectDevice
05-08 16:46:53.499 V/EmulatedCamera_CallbackNotifier( 1328): setCallbacks: 0xe748ee80, 0xe748eed0, 0xe748eff0, 0xe748f110 (0xe6f43320)
05-08 16:46:53.499 V/EmulatedCamera_CallbackNotifier( 1328): enableMessage: msg_type = 0xc0d
05-08 16:46:53.499 V/EmulatedCamera_CallbackNotifier( 1328):     CAMERA_MSG_ERROR
05-08 16:46:53.499 V/EmulatedCamera_CallbackNotifier( 1328):     CAMERA_MSG_FOCUS
05-08 16:46:53.499 V/EmulatedCamera_CallbackNotifier( 1328):     CAMERA_MSG_ZOOM
05-08 16:46:53.571 V/EmulatedCamera_CallbackNotifier( 1328):     CAMERA_MSG_PREVIEW_METADATA
05-08 16:46:53.571 V/EmulatedCamera_CallbackNotifier( 1328): **** Currently enabled messages:
05-08 16:46:53.571 V/EmulatedCamera_CallbackNotifier( 1328):     CAMERA_MSG_ERROR
05-08 16:46:53.571 V/EmulatedCamera_CallbackNotifier( 1328):     CAMERA_MSG_FOCUS
05-08 16:46:53.571 V/EmulatedCamera_CallbackNotifier( 1328):     CAMERA_MSG_ZOOM
05-08 16:46:53.571 V/EmulatedCamera_CallbackNotifier( 1328):     CAMERA_MSG_PREVIEW_METADATA
05-08 16:46:53.575 V/EmulatedCamera_CallbackNotifier( 1328): disableMessage: msg_type = 0xffff
05-08 16:46:53.575 V/EmulatedCamera_CallbackNotifier( 1328):     CAMERA_MSG_ERROR
05-08 16:46:53.575 V/EmulatedCamera_CallbackNotifier( 1328):     CAMERA_MSG_SHUTTER
05-08 16:46:53.575 V/EmulatedCamera_CallbackNotifier( 1328):     CAMERA_MSG_FOCUS
05-08 16:46:53.575 V/EmulatedCamera_CallbackNotifier( 1328):     CAMERA_MSG_ZOOM
05-08 16:46:53.575 V/EmulatedCamera_CallbackNotifier( 1328):     CAMERA_MSG_PREVIEW_FRAME
05-08 16:46:53.575 V/EmulatedCamera_CallbackNotifier( 1328):     CAMERA_MSG_VIDEO_FRAME
05-08 16:46:53.575 V/EmulatedCamera_CallbackNotifier( 1328):     CAMERA_MSG_POSTVIEW_FRAME
05-08 16:46:53.575 V/EmulatedCamera_CallbackNotifier( 1328):     CAMERA_MSG_RAW_IMAGE
05-08 16:46:53.575 V/EmulatedCamera_CallbackNotifier( 1328):     CAMERA_MSG_COMPRESSED_IMAGE
05-08 16:46:53.575 V/EmulatedCamera_CallbackNotifier( 1328):     CAMERA_MSG_RAW_IMAGE_NOTIFY
05-08 16:46:53.575 V/EmulatedCamera_CallbackNotifier( 1328):     CAMERA_MSG_PREVIEW_METADATA
05-08 16:46:53.575 V/EmulatedCamera_CallbackNotifier( 1328): **** Currently enabled messages:
05-08 16:46:53.576 V/EmulatedCamera_Preview( 1328): setPreviewWindow: current: 0x0 -> new: 0x0
05-08 16:46:53.576 V/EmulatedCamera_Camera( 1328): doStopPreview
05-08 16:46:53.594 I/Choreographer( 1990): Skipped 99 frames!  The application may be doing too much work on its main thread.
