05-08 16:45:48.634 I/SystemServiceManager( 1990): Starting com.android.server.vr.VrManagerService
05-08 16:45:48.642 W/VrManagerService( 1990): init_native: Could not open VR hardware module, error No such file or directory (-2).
05-08 16:45:48.722 I/InputManager( 1990): Starting input manager
05-08 16:45:48.777 I/SystemServer( 1990): No Bluetooth Service (emulator)
05-08 16:45:48.777 I/SystemServer( 1990): ConnectivityMetricsLoggerService
05-08 16:45:48.778 I/SystemServiceManager( 1990): Starting com.android.server.connectivity.MetricsLoggerService
05-08 16:45:48.811 D/EventHub( 1990): No input device configuration file found for device 'Power Button'.
05-08 16:45:48.894 I/SystemServer( 1990): IpConnectivityMetrics
05-08 16:45:48.895 I/SystemServiceManager( 1990): Starting com.android.server.connectivity.IpConnectivityMetrics
05-08 16:45:48.897 I/SystemServer( 1990): PinnerService
05-08 16:45:48.897 I/SystemServiceManager( 1990): Starting com.android.server.PinnerService
05-08 16:45:48.902 I/SystemServiceManager( 1990): Starting com.android.server.InputMethodManagerService$Lifecycle
05-08 16:45:48.986 W/EventHub( 1990): Unable to disable kernel key repeat for /dev/input/event0: Function not implemented
05-08 16:45:48.987 I/EventHub( 1990): New device: id=1, fd=91, path='/dev/input/event0', name='Power Button', classes=0x1, configuration='', keyLayout='/system/usr/keylayout/Generic.kl', keyCharacterMap='/system/usr/keychars/Generic.kcm', builtinKeyboard=false, wakeMechanism=EPOLLWAKEUP, usingClockIoctl=true
05-08 16:45:49.019 W/EventHub( 1990): Unable to disable kernel key repeat for /dev/input/event1: Function not implemented
05-08 16:45:49.030 I/EventHub( 1990): New device: id=2, fd=92, path='/dev/input/event1', name='qwerty2', classes=0x95, configuration='/system/usr/idc/qwerty2.idc', keyLayout='/system/usr/keylayout/qwerty.kl', keyCharacterMap='/system/usr/keychars/qwerty2.kcm', builtinKeyboard=true, wakeMechanism=EPOLLWAKEUP, usingClockIoctl=true
05-08 16:45:49.030 E/EventHub( 1990): could not get driver version for /dev/input/mice, Not a typewriter
05-08 16:45:49.103 I/InputReader( 1990): Device added: id=-1, name='Virtual', sources=0x00000301
05-08 16:45:49.108 I/InputReader( 1990):   Touch device 'qwerty2' could not query the properties of its associated display.  The device will be inoperable until the display size becomes available.
05-08 16:45:49.108 I/InputReader( 1990): Device added: id=0, name='qwerty2', sources=0x80001103
05-08 16:45:49.109 I/InputReader( 1990): Device added: id=1, name='Power Button', sources=0x00000101
05-08 16:45:49.932 I/SystemServer( 1990): StartAccessibilityManagerService
05-08 16:45:50.026 I/ActivityManager( 1990): Config changes=1df8 {1.0 ?mcc?mnc [en_US] ldltr sw360dp w360dp h640dp 480dpi nrml long port ?uimode ?night -touch -keyb/v/h -nav/h s.2}
05-08 16:45:50.101 I/ActivityManager( 1990): Config changes=508 {1.0 ?mcc?mnc [en_US] ldltr sw360dp w360dp h568dp 480dpi nrml port ?uimode ?night finger -keyb/v/h -nav/h s.3}
05-08 16:45:50.234 I/SystemServiceManager( 1990): Starting com.android.server.MountService$Lifecycle
05-08 16:45:50.280 W/art     ( 1990): Long monitor contention with owner main (1990) at void com.android.server.am.ActivityManagerService.updateConfiguration(android.content.res.Configuration)(ActivityManagerService.java:18937) waiters=1 in void com.android.server.am.ActivityManagerService.updateConfiguration(android.content.res.Configuration) for 198ms
05-08 16:45:50.320 I/InputReader( 1990): Reconfiguring input devices.  changes=0x00000004
05-08 16:45:50.321 I/InputReader( 1990): Device reconfigured: id=0, name='qwerty2', size 1080x1920, orientation 0, mode 1, display id 0
05-08 16:45:50.339 I/InputReader( 1990): Reconfiguring input devices.  changes=0x00000004
05-08 16:45:50.382 I/SystemServiceManager( 1990): Starting com.android.server.UiModeManagerService
05-08 16:45:50.403 D/MountService( 1990): Thinking about init, mSystemReady=false, mDaemonConnected=true
05-08 16:45:50.403 D/MountService( 1990): Thinking about reset, mSystemReady=false, mDaemonConnected=true
05-08 16:45:50.404 D/MountService( 1990): Thinking about init, mSystemReady=false, mDaemonConnected=true
05-08 16:45:50.404 D/MountService( 1990): Thinking about reset, mSystemReady=false, mDaemonConnected=true
05-08 16:45:50.406 D/CryptdConnector( 1990): SND -> {1 cryptfs getfield SystemLocale}
05-08 16:45:50.464 D/CryptdConnector( 1990): RCV <- {200 1 -1}
05-08 16:45:50.487 I/ActivityManager( 1990): Config changes=200 {1.0 ?mcc?mnc [en_US] ldltr sw360dp w360dp h568dp 480dpi nrml port finger -keyb/v/h -nav/h s.4}
05-08 16:45:50.521 W/MountService( 1990): No primary storage mounted!
05-08 16:45:50.521 D/VoldConnector( 1990): SND -> {1 asec list}
05-08 16:45:50.543 D/VoldConnector( 1990): RCV <- {200 1 asec operation succeeded}
05-08 16:45:50.546 I/PackageManager( 1990): No secure containers found
05-08 16:45:50.547 W/PackageManager( 1990): Unknown permission com.google.android.googleapps.permission.GOOGLE_AUTH in package com.android.providers.calendar
05-08 16:45:50.547 W/PackageManager( 1990): Unknown permission com.google.android.googleapps.permission.GOOGLE_AUTH.cl in package com.android.providers.calendar
05-08 16:45:50.547 W/PackageManager( 1990): Not granting permission android.permission.GLOBAL_SEARCH to package com.android.quicksearchbox (protectionLevel=18 flags=0x3808be45)
05-08 16:45:50.548 W/PackageManager( 1990): Not granting permission android.permission.WRITE_EXTERNAL_STORAGE to package gov.nasa.arc.astrobee.android.gs.manager because it was previously installed without
05-08 16:45:50.548 W/PackageManager( 1990): Not granting permission android.permission.READ_EXTERNAL_STORAGE to package gov.nasa.arc.astrobee.android.gs.manager because it was previously installed without
05-08 16:45:50.548 W/PackageManager( 1990): Unknown permission com.android.launcher.permission.READ_SETTINGS in package com.android.launcher3
05-08 16:45:50.548 W/PackageManager( 1990): Unknown permission com.android.launcher.permission.WRITE_SETTINGS in package com.android.launcher3
05-08 16:45:50.548 W/PackageManager( 1990): Not granting permission android.permission.BIND_APPWIDGET to package com.android.launcher3 (protectionLevel=18 flags=0x3c4bbe45)
05-08 16:45:50.549 W/PackageManager( 1990): Unknown permission com.google.android.googleapps.permission.GOOGLE_AUTH.mail in package com.android.calendar
05-08 16:45:50.549 W/PackageManager( 1990): Unknown permission com.google.android.providers.settings.permission.WRITE_GSETTINGS in package com.android.sdksetup
05-08 16:45:50.550 W/PackageManager( 1990): Unknown permission com.google.android.permission.INSTALL_WEARABLE_PACKAGES in package com.android.packageinstaller
05-08 16:45:50.590 W/PackageManager( 1990): Not granting permission android.permission.DELETE_PACKAGES to package com.svox.pico (protectionLevel=18 flags=0x3808be45)
05-08 16:45:50.590 W/PackageManager( 1990): Not granting permission android.permission.READ_CONTACTS to package com.example.android.apis because it was previously installed without
05-08 16:45:50.590 W/PackageManager( 1990): Not granting permission android.permission.WRITE_CONTACTS to package com.example.android.apis because it was previously installed without
05-08 16:45:50.591 W/PackageManager( 1990): Not granting permission android.permission.ACCESS_COARSE_LOCATION to package com.example.android.apis because it was previously installed without
05-08 16:45:50.591 W/PackageManager( 1990): Not granting permission android.permission.WRITE_EXTERNAL_STORAGE to package com.example.android.apis because it was previously installed without
05-08 16:45:50.591 W/PackageManager( 1990): Not granting permission android.permission.SEND_SMS to package com.example.android.apis because it was previously installed without
05-08 16:45:50.591 W/PackageManager( 1990): Not granting permission android.permission.RECEIVE_SMS to package com.example.android.apis because it was previously installed without
05-08 16:45:50.591 W/PackageManager( 1990): Not granting permission android.permission.RECEIVE_MMS to package com.example.android.apis because it was previously installed without
05-08 16:45:50.591 W/PackageManager( 1990): Not granting permission android.permission.READ_SMS to package com.example.android.apis because it was previously installed without
05-08 16:45:50.591 W/PackageManager( 1990): Not granting permission android.permission.READ_PHONE_STATE to package com.example.android.apis because it was previously installed without
05-08 16:45:50.591 W/PackageManager( 1990): Not granting permission android.permission.RECORD_AUDIO to package com.example.android.apis because it was previously installed without
05-08 16:45:50.591 W/PackageManager( 1990): Not granting permission android.permission.CAMERA to package com.example.android.apis because it was previously installed without
05-08 16:45:50.591 W/PackageManager( 1990): Not granting permission android.permission.READ_EXTERNAL_STORAGE to package com.example.android.apis because it was previously installed without
05-08 16:45:50.592 W/PackageManager( 1990): Unknown permission android.permission.RUN_INSTRUMENTATION in package org.chromium.webview_shell
05-08 16:45:50.592 W/PackageManager( 1990): Not granting permission android.permission.CAMERA to package jp.jaxa.iss.kibo.rpc.sampleapk because it was previously installed without
05-08 16:45:50.592 W/PackageManager( 1990): Not granting permission android.permission.WRITE_EXTERNAL_STORAGE to package jp.jaxa.iss.kibo.rpc.sampleapk because it was previously installed without
05-08 16:45:50.592 W/PackageManager( 1990): Not granting permission android.permission.READ_EXTERNAL_STORAGE to package jp.jaxa.iss.kibo.rpc.sampleapk because it was previously installed without
05-08 16:45:50.592 W/PackageManager( 1990): Unknown permission com.google.android.googleapps.permission.GOOGLE_AUTH in package com.android.settings
05-08 16:45:50.592 W/PackageManager( 1990): Unknown permission com.android.launcher.permission.READ_SETTINGS in package com.android.settings
05-08 16:45:50.592 W/PackageManager( 1990): Unknown permission com.android.launcher.permission.WRITE_SETTINGS in package com.android.settings
05-08 16:45:50.593 W/PackageManager( 1990): Unknown permission com.android.smspush.WAPPUSH_MANAGER_BIND in package com.android.phone
05-08 16:45:50.594 W/PackageManager( 1990): Unknown permission com.google.android.googleapps.permission.ACCESS_GOOGLE_PASSWORD in package com.android.development
05-08 16:45:50.594 W/PackageManager( 1990): Unknown permission com.google.android.googleapps.permission.GOOGLE_AUTH in package com.android.development
05-08 16:45:50.594 W/PackageManager( 1990): Unknown permission com.google.android.googleapps.permission.GOOGLE_AUTH.ALL_SERVICES in package com.android.development
05-08 16:45:50.594 W/PackageManager( 1990): Unknown permission com.google.android.googleapps.permission.GOOGLE_AUTH.YouTubeUser in package com.android.development
05-08 16:45:50.595 W/PackageManager( 1990): Not granting permission android.permission.BIND_APPWIDGET to package com.android.widgetpreview (protectionLevel=18 flags=0x3808be44)
05-08 16:45:50.842 W/art     ( 1990): Long monitor contention with owner MountService (2227) at void com.android.server.pm.PackageManagerService.loadMediaPackages(android.util.ArrayMap, int[], boolean)(PackageManagerService.java:19317) waiters=0 in boolean com.android.server.pm.PackageManagerService.isProtectedBroadcast(java.lang.String) for 272ms
05-08 16:45:50.855 W/MountService( 1990): No primary storage defined yet; hacking together a stub
05-08 16:45:50.864 W/MountService( 1990): No primary storage defined yet; hacking together a stub
05-08 16:45:50.878 I/SystemServer( 1990): StartLockSettingsService
05-08 16:45:50.902 I/SystemServiceManager( 1990): Starting com.android.server.LockSettingsService$Lifecycle
05-08 16:45:50.942 W/MountService( 1990): No primary storage mounted!
05-08 16:45:50.943 D/VoldConnector( 1990): SND -> {2 asec list}
05-08 16:45:50.945 D/VoldConnector( 1990): RCV <- {200 2 asec operation succeeded}
05-08 16:45:50.986 I/SystemServiceManager( 1990): Starting com.android.server.DeviceIdleController
05-08 16:45:51.055 I/SystemServiceManager( 1990): Starting com.android.server.devicepolicy.DevicePolicyManagerService$Lifecycle
05-08 16:45:51.155 I/SystemServer( 1990): StartStatusBarManagerService
05-08 16:45:51.184 I/SystemServer( 1990): StartClipboardService
05-08 16:45:51.225 I/SystemServer( 1990): StartNetworkManagementService
05-08 16:45:51.252 I/NetworkManagement( 1990): onDaemonConnected()
05-08 16:45:51.281 I/SystemServiceManager( 1990): Starting com.android.server.TextServicesManagerService$Lifecycle
05-08 16:45:51.356 I/SystemServer( 1990): StartNetworkScoreService
05-08 16:45:51.366 I/SystemServer( 1990): StartNetworkStatsService
05-08 16:45:51.464 I/SystemServer( 1990): StartNetworkPolicyManagerService
05-08 16:45:51.563 I/SystemServer( 1990): No Wi-Fi NAN Service (NAN support Not Present)
05-08 16:45:51.714 W/art     ( 1990): Verification of void com.android.server.wifi.p2p.WifiP2pService.<init>(android.content.Context) took 112.049ms
05-08 16:45:51.717 I/SystemServiceManager( 1990): Starting com.android.server.wifi.p2p.WifiP2pService
05-08 16:45:52.055 I/WifiP2pService( 1990): Registering wifip2p
05-08 16:45:52.073 I/SystemServiceManager( 1990): Starting com.android.server.wifi.WifiService
05-08 16:45:52.795 D/HS20    ( 1990): Passpoint is disabled
05-08 16:45:53.091 D/CommandListener( 1339): Clearing all IP addresses on wlan0
05-08 16:45:53.254 D/WifiApConfigStore( 1990): 2G band allowed channels are:1,6,11
05-08 16:45:53.272 E/WifiLogger( 1990): no ring buffers found
05-08 16:45:53.272 E/WifiLogger( 1990): Failed to start packet fate monitoring
05-08 16:45:53.337 D/WifiController( 1990): isAirplaneModeOn = true, isWifiEnabled = false, isScanningAvailable = false
05-08 16:45:53.376 I/WifiService( 1990): Registering wifi
05-08 16:45:53.402 I/SystemServiceManager( 1990): Starting com.android.server.wifi.scanner.WifiScanningService
05-08 16:45:53.403 I/WifiScanningService( 1990): Creating wifiscanner
05-08 16:45:53.431 I/WifiScanningService( 1990): Publishing wifiscanner
05-08 16:45:53.436 I/SystemServiceManager( 1990): Starting com.android.server.wifi.RttService
05-08 16:45:53.441 I/RttService( 1990): Creating rttmanager
05-08 16:45:53.473 I/RttService( 1990): Starting rttmanager
05-08 16:45:53.475 I/SystemServer( 1990): StartConnectivityService
05-08 16:45:53.573 D/ConnectivityService( 1990): ConnectivityService starting up
05-08 16:45:53.598 D/ConnectivityService( 1990): wifiOnly=false
05-08 16:45:53.802 I/SystemServer( 1990): StartNsdService
05-08 16:45:53.859 I/SystemServer( 1990): StartUpdateLockService
05-08 16:45:53.876 I/SystemServiceManager( 1990): Starting com.android.server.RecoverySystemService
05-08 16:45:53.927 I/SystemServiceManager( 1990): Starting com.android.server.notification.NotificationManagerService
05-08 16:45:54.174 D/ConditionProviders.SCP( 1990): new ScheduleConditionProvider()
05-08 16:45:54.220 W/art     ( 1990): Suspending all threads took: 6.340ms
05-08 16:45:54.295 D/ZenLog  ( 1990): config: readXml,ZenModeConfig[user=0,allowCalls=true,allowRepeatCallers=false,allowMessages=false,allowCallsFrom=contacts,allowMessagesFrom=contacts,allowReminders=true,allowEvents=true,allowWhenScreenOff=true,allowWhenScreenOn=true,automaticRules={370bd6672ef541ba946db9ac4aef0faf=ZenRule[enabled=false,snoozing=false,name=Weeknight,zenMode=ZEN_MODE_ALARMS,conditionId=condition://android/schedule?days=1.2.3.4.5&start=22.0&end=7.0&exitAtAlarm=false,condition=Condition[id=condition://android/schedule?days=1.2.3.4.5&start=22.0&end=7.0&exitAtAlarm=false,summary=...,line1=...,line2=...,icon=0,state=STATE_FALSE,flags=2],component=ComponentInfo{android/com.android.server.notification.ScheduleConditionProvider},id=370bd6672ef541ba946db9ac4aef0faf,creationTime=1590622727817,enabler=null], a53ffdf89c814123a52adbdd46bc948d=ZenRule[enabled=false,snoozing=false,name=Weekend,zenMode=ZEN_MODE_ALARMS,conditionId=condition://android/schedule?days=6.7&start=23.30&end=10.0&exitAtAlarm=false,condition=Condition[id=condition://android/schedule?days=6.7&start=23.30&end=10.0&exitAtAlarm=false,summary=...,line1=...,line2=...,icon=0,state=STATE_FALSE,flags=2],component=ComponentInfo{android/com.android.server.notification.ScheduleConditionProvider},id=a53ffdf89c814123a52adbdd46bc948d,creationTime=1590622727818,enabler=null], fc8bb1aacabb4877a1d1d167106f6e77=ZenRule[enabled=false,snoozing=false,name=Event,zenMode=ZEN_MODE_ALARMS,conditionId=condition://android/event?userId=-10000&calendar=&reply=1,condition=Condition[id=condition://android/event?userId=-10000&calendar=&reply=1,summary=...,line1=...,line2=...,icon=0,state=STATE_FALSE,flags=2],component=ComponentInfo{android/com.android.server.notification.EventConditionProvider},id=fc8bb1aacabb4877a1d1d167106f6e77,creationTime=1590622727822,enabler=null]},manualRule=null],Diff[automaticRule[370bd6672ef541ba946db9ac4aef0faf]:insert,automaticRule[679beb29cfc9429cb673a075084d10f1]:delete,automaticRule[a53ffdf89c814123a52adbdd46bc948d]:insert,automaticRule[01d3b21253904176a088d464c25ec545]:delete,automaticRule[fc8bb1aacabb4877a1d1d167106f6e77]:insert,automaticRule[d18f3ce1ae62441f8e49dec56b2f3cca]:delete]
05-08 16:45:54.303 I/art     ( 1990): Background sticky concurrent mark sweep GC freed 36542(2MB) AllocSpace objects, 13(260KB) LOS objects, 19% free, 8MB/10MB, paused 12.645ms total 1.387s
05-08 16:45:54.421 D/ZenLog  ( 1990): set_zen_mode: off,init
05-08 16:45:54.439 I/SystemServiceManager( 1990): Starting com.android.server.storage.DeviceStorageMonitorService
05-08 16:45:54.473 I/SystemServer( 1990): StartLocationManagerService
05-08 16:45:54.505 W/UsageStatsService( 1990): User[0] Some stats have no latest available
05-08 16:45:54.523 I/SystemServer( 1990): StartCountryDetectorService
05-08 16:45:54.550 I/SystemServer( 1990): StartSearchManagerService
05-08 16:45:54.551 I/SystemServiceManager( 1990): Starting com.android.server.search.SearchManagerService$Lifecycle
05-08 16:45:54.559 I/SystemServiceManager( 1990): Starting com.android.server.DropBoxManagerService
05-08 16:45:54.578 I/SystemServer( 1990): StartWallpaperManagerService
05-08 16:45:54.579 I/SystemServiceManager( 1990): Starting com.android.server.wallpaper.WallpaperManagerService$Lifecycle
05-08 16:45:54.632 E/BitmapFactory( 1990): Unable to decode stream: java.io.FileNotFoundException: /data/system/users/0/wallpaper_orig (No such file or directory)
05-08 16:45:54.632 E/WallpaperManagerService( 1990): Invalid wallpaper data
05-08 16:45:54.632 E/WallpaperManagerService( 1990): Unable to apply new wallpaper
05-08 16:45:54.654 I/SystemServer( 1990): StartAudioService
05-08 16:45:54.655 I/SystemServiceManager( 1990): Starting com.android.server.audio.AudioService$Lifecycle
05-08 16:45:54.811 W/TelecomManager( 1990): Telecom Service not found.
05-08 16:45:54.834 D/PermissionCache( 1327): checking android.permission.MODIFY_AUDIO_SETTINGS for uid=1000 => granted (33868 us)
05-08 16:45:54.938 W/AudioFlinger( 1327): no wake lock to update, system not ready yet
05-08 16:45:55.129 I/UsageStatsService( 1990): User[0] Rollover scheduled @ 2021-05-09 16:45:50(1620578750579)
05-08 16:45:55.221 I/SystemServiceManager( 1990): Starting com.android.server.DockObserver
05-08 16:45:55.224 W/DockObserver( 1990): This kernel does not have dock station support
05-08 16:45:55.251 I/SystemServer( 1990): StartWiredAccessoryManager
05-08 16:45:55.256 W/WiredAccessoryManager( 1990): This kernel does not have usb audio support
05-08 16:45:55.256 W/WiredAccessoryManager( 1990): This kernel does not have HDMI audio support
05-08 16:45:55.257 I/SystemServiceManager( 1990): Starting com.android.server.midi.MidiService$Lifecycle
05-08 16:45:55.309 I/SystemServiceManager( 1990): Starting com.android.server.usb.UsbService$Lifecycle
05-08 16:45:55.755 I/SystemServer( 1990): StartSerialService
05-08 16:45:55.759 E/HardwarePropertiesManagerService-JNI( 1990): Couldn't load thermal module (No such file or directory)
05-08 16:45:55.767 I/SystemServiceManager( 1990): Starting com.android.server.twilight.TwilightService
05-08 16:45:55.769 I/SystemServiceManager( 1990): Starting com.android.server.job.JobSchedulerService
05-08 16:45:55.841 I/SystemServiceManager( 1990): Starting com.android.server.soundtrigger.SoundTriggerService
05-08 16:45:55.854 I/SystemServiceManager( 1990): Starting com.android.server.backup.BackupManagerService$Lifecycle
05-08 16:45:55.864 I/SystemServiceManager( 1990): Starting com.android.server.appwidget.AppWidgetService
05-08 16:45:56.169 I/SystemServiceManager( 1990): Starting com.android.server.voiceinteraction.VoiceInteractionManagerService
05-08 16:45:56.227 I/SystemServer( 1990): Gesture Launcher Service
05-08 16:45:56.228 I/SystemServiceManager( 1990): Starting com.android.server.GestureLauncherService
05-08 16:45:56.229 I/SystemServiceManager( 1990): Starting com.android.server.SensorNotificationService
05-08 16:45:56.240 I/SystemServiceManager( 1990): Starting com.android.server.ContextHubSystemService
05-08 16:45:56.258 E/ContextHubService( 1990): ** Could not load context_hub module : err No such file or directory
05-08 16:45:56.258 W/ContextHubService( 1990): No Context Hub Module present
05-08 16:45:56.259 I/SystemServer( 1990): StartDiskStatsService
05-08 16:45:56.277 I/SystemServer( 1990): StartSamplingProfilerService
05-08 16:45:56.424 I/SystemServer( 1990): StartNetworkTimeUpdateService
05-08 16:45:56.442 I/SystemServer( 1990): StartCommonTimeManagementService
05-08 16:45:56.460 I/SystemServer( 1990): CertBlacklister
05-08 16:45:56.465 I/SystemServiceManager( 1990): Starting com.android.server.emergency.EmergencyAffordanceService
05-08 16:45:56.485 I/SystemServiceManager( 1990): Starting com.android.server.dreams.DreamManagerService
05-08 16:45:56.503 I/SystemServer( 1990): StartAssetAtlasService
05-08 16:45:56.544 I/SystemServiceManager( 1990): Starting com.android.server.print.PrintManagerService
05-08 16:45:56.601 I/SystemServiceManager( 1990): Starting com.android.server.restrictions.RestrictionsManagerService
05-08 16:45:56.620 I/SystemServiceManager( 1990): Starting com.android.server.media.MediaSessionService
05-08 16:45:56.657 I/SystemServer( 1990): StartMediaRouterService
05-08 16:45:56.696 I/SystemServiceManager( 1990): Starting com.android.server.trust.TrustManagerService
05-08 16:45:56.721 I/SystemServiceManager( 1990): Starting com.android.server.fingerprint.FingerprintService
05-08 16:45:56.747 D/AssetAtlas( 1990): Loaded configuration: SliceMinArea (1280x896) flags=0x2 count=91
05-08 16:45:56.842 D/PermissionCache( 1342): checking android.permission.MANAGE_FINGERPRINT for uid=1000 => granted (51581 us)
05-08 16:45:56.862 V/fingerprintd( 1342): nativeOpenHal()
05-08 16:45:56.905 D/FingerprintHal( 1342): ----------------> fingerprint_open ----------------->
05-08 16:45:56.908 E/fingerprintd( 1342): Wrong fp version. Expected 512, got 513
05-08 16:45:56.908 D/FingerprintHal( 1342): ----------------> set_notify_callback ----------------->
05-08 16:45:56.908 D/FingerprintHal( 1342): fingerprint callback notification set
05-08 16:45:56.908 V/fingerprintd( 1342): fingerprint HAL successfully initialized
05-08 16:45:56.980 D/FingerprintHal( 1342): ----------------> listenerFunction ----------------->
05-08 16:45:56.982 V/fingerprintd( 1342): setActiveGroup(0, /data/system/users/0/fpdata, 27)
05-08 16:45:56.982 D/FingerprintHal( 1342): ----------------> fingerprint_set_active_group -----------------> path /data/system/users/0/fpdata
05-08 16:45:56.982 D/FingerprintHal( 1342): ----------------> loadFingerprints ----------------->
05-08 16:45:56.983 E/FingerprintHal( 1342): Could not load fingerprints from storage at /data/system/users/0/fpdata/emufp.bin; it has not yet been created.
05-08 16:45:56.983 D/FingerprintHal( 1342): ----------------> loadAuthenticatorId ----------------->
05-08 16:45:56.990 D/FingerprintHal( 1342): Read authenticator id (0x6b8b4567327b23c6)
05-08 16:45:56.992 D/FingerprintHal( 1342): ----------------> fingerprint_get_auth_id ----------------->
05-08 16:45:56.992 D/FingerprintHal( 1342): ----------------> fingerprint_get_auth_id auth id 6b8b4567327b23c6----------------->
05-08 16:45:56.992 V/FingerprintService( 1990): Fingerprint HAL id: 140310728720384
05-08 16:45:56.995 I/SystemServer( 1990): StartBackgroundDexOptService
05-08 16:45:57.034 I/SystemServiceManager( 1990): Starting com.android.server.pm.ShortcutService$Lifecycle
05-08 16:45:57.079 D/gralloc_ranchu( 1990): Emulator without host-side GPU emulation detected. Loading gralloc.default.so from /vendor/lib64/hw/gralloc.goldfish.default.so...
05-08 16:45:57.156 I/SystemServiceManager( 1990): Starting com.android.server.pm.LauncherAppsService
05-08 16:45:57.173 D/gralloc_ranchu( 1990): gralloc.default.so not found in /vendor. Trying /system/lib64/hw/gralloc.goldfish.default.so...
05-08 16:45:57.208 I/SystemServiceManager( 1990): Starting com.android.server.media.projection.MediaProjectionManagerService
05-08 16:45:57.247 V/MediaRouter( 1990): Adding route: RouteInfo{ name=Phone, description=null, status=null, category=RouteCategory{ name=null types=ROUTE_TYPE_LIVE_AUDIO ROUTE_TYPE_LIVE_VIDEO  groupable=false }, supportedTypes=ROUTE_TYPE_LIVE_AUDIO ROUTE_TYPE_LIVE_VIDEO , presentationDisplay=null }
05-08 16:45:57.277 V/MediaRouter( 1990): Updating audio routes: AudioRoutesInfo{ type=SPEAKER }
05-08 16:45:57.295 V/MediaRouter( 1990): Selecting route: RouteInfo{ name=Phone, description=null, status=null, category=RouteCategory{ name=null types=ROUTE_TYPE_LIVE_AUDIO ROUTE_TYPE_LIVE_VIDEO  groupable=false }, supportedTypes=ROUTE_TYPE_LIVE_AUDIO ROUTE_TYPE_LIVE_VIDEO , presentationDisplay=null }
05-08 16:45:57.318 I/WindowManager( 1990): SAFE MODE not enabled
05-08 16:45:57.319 I/SystemServiceManager( 1990): Starting com.android.server.MmsServiceBroker
05-08 16:45:57.385 W/VibratorService( 1990): Tried to stop vibrating but there is no vibrator device.
05-08 16:45:57.557 W/AssetAtlasService( 1990): Could not find EGL configuration
05-08 16:45:57.664 D/AssetAtlas( 1990): Rendered atlas in 321.26ms (318.25+3.01ms)
05-08 16:45:58.199 E/LockSettingsStorage( 1990): Cannot read file java.io.FileNotFoundException: /data/system/gatekeeper.password.key: open failed: ENOENT (No such file or directory)
05-08 16:45:58.230 E/LockSettingsStorage( 1990): Cannot read file java.io.FileNotFoundException: /data/system/password.key: open failed: ENOENT (No such file or directory)
05-08 16:45:58.232 E/LockSettingsStorage( 1990): Cannot read file java.io.FileNotFoundException: /data/system/gatekeeper.pattern.key: open failed: ENOENT (No such file or directory)
05-08 16:45:58.233 E/LockSettingsStorage( 1990): Cannot read file java.io.FileNotFoundException: /data/system/gatekeeper.gesture.key: open failed: ENOENT (No such file or directory)
05-08 16:45:58.234 E/LockSettingsStorage( 1990): Cannot read file java.io.FileNotFoundException: /data/system/gesture.key: open failed: ENOENT (No such file or directory)
05-08 16:45:58.234 I/SystemServiceManager( 1990): Starting phase 480
05-08 16:45:58.355 I/DevicePolicyManagerService( 1990): Set ro.device_owner property to false
05-08 16:45:58.382 I/SystemServiceManager( 1990): Starting phase 500
05-08 16:45:58.409 D/ConnectivityMetricsLoggerService( 1990): onBootPhase: PHASE_SYSTEM_SERVICES_READY
05-08 16:45:58.702 I/art     ( 1990): Background partial concurrent mark sweep GC freed 16805(1401KB) AllocSpace objects, 14(4MB) LOS objects, 32% free, 8MB/12MB, paused 17.707ms total 1.425s
05-08 16:45:58.824 I/WifiService( 1990): WifiService starting up with Wi-Fi disabled
05-08 16:45:58.871 I/WifiScanningService( 1990): Starting wifiscanner
05-08 16:45:58.950 I/RttService( 1990): Registering rttmanager
05-08 16:45:59.040 D/ZenLog  ( 1990): config: cleanUpZenRules,ZenModeConfig[user=0,allowCalls=true,allowRepeatCallers=false,allowMessages=false,allowCallsFrom=contacts,allowMessagesFrom=contacts,allowReminders=true,allowEvents=true,allowWhenScreenOff=true,allowWhenScreenOn=true,automaticRules={370bd6672ef541ba946db9ac4aef0faf=ZenRule[enabled=false,snoozing=false,name=Weeknight,zenMode=ZEN_MODE_ALARMS,conditionId=condition://android/schedule?days=1.2.3.4.5&start=22.0&end=7.0&exitAtAlarm=false,condition=Condition[id=condition://android/schedule?days=1.2.3.4.5&start=22.0&end=7.0&exitAtAlarm=false,summary=...,line1=...,line2=...,icon=0,state=STATE_FALSE,flags=2],component=ComponentInfo{android/com.android.server.notification.ScheduleConditionProvider},id=370bd6672ef541ba946db9ac4aef0faf,creationTime=1590622727817,enabler=null], a53ffdf89c814123a52adbdd46bc948d=ZenRule[enabled=false,snoozing=false,name=Weekend,zenMode=ZEN_MODE_ALARMS,conditionId=condition://android/schedule?days=6.7&start=23.30&end=10.0&exitAtAlarm=false,condition=Condition[id=condition://android/schedule?days=6.7&start=23.30&end=10.0&exitAtAlarm=false,summary=...,line1=...,line2=...,icon=0,state=STATE_FALSE,flags=2],component=ComponentInfo{android/com.android.server.notification.ScheduleConditionProvider},id=a53ffdf89c814123a52adbdd46bc948d,creationTime=1590622727818,enabler=null], fc8bb1aacabb4877a1d1d167106f6e77=ZenRule[enabled=false,snoozing=false,name=Event,zenMode=ZEN_MODE_ALARMS,conditionId=condition://android/event?userId=-10000&calendar=&reply=1,condition=Condition[id=condition://android/event?userId=-10000&calendar=&reply=1,summary=...,line1=...,line2=...,icon=0,state=STATE_FALSE,flags=2],component=ComponentInfo{android/com.android.server.notification.EventConditionProvider},id=fc8bb1aacabb4877a1d1d167106f6e77,creationTime=1590622727822,enabler=null]},manualRule=null],Diff[]
05-08 16:45:59.041 D/ZenLog  ( 1990): set_zen_mode: off,onSystemReady
05-08 16:45:59.057 D/PermissionCache( 1327): checking android.permission.CAPTURE_AUDIO_HOTWORD for uid=1000 => granted (1277 us)
05-08 16:45:59.065 W/SoundTriggerHelper( 1990): listModules status=0, # of modules=0
05-08 16:45:59.065 D/ContextHubSystemService( 1990): onBootPhase: PHASE_SYSTEM_SERVICES_READY
05-08 16:45:59.772 W/KeyguardServiceDelegate( 1990): onScreenTurningOn(): no keyguard service!
05-08 16:45:59.774 V/UserManagerService( 1990): Found /data/user_de/0 with serial number 0
05-08 16:45:59.775 V/UserManagerService( 1990): Found /data/user/0 with serial number 0
05-08 16:45:59.776 V/UserManagerService( 1990): Found /data/system_de/0 with serial number 0
05-08 16:45:59.776 V/UserManagerService( 1990): Found /data/system_ce/0 with serial number 0
05-08 16:46:00.363 I/ActivityManager( 1990): System now ready
05-08 16:46:00.458 I/SystemServer( 1990): Making services ready
05-08 16:46:00.459 I/SystemServiceManager( 1990): Starting phase 550
05-08 16:46:00.771 W/WindowManager( 1990): Keyguard drawn timeout. Setting mKeyguardDrawComplete
05-08 16:46:00.953 E/InputMethodManagerService( 1990): Ignoring updateSystemUiLocked due to an invalid token. uid:1000 token:null
05-08 16:46:01.452 I/Zygote  ( 1990): Process: zygote socket opened, supported ABIS: x86_64
05-08 16:46:01.547 W/ActivityManager( 1990): Slow operation: 171ms so far, now at startProcess: returned from zygote!
05-08 16:46:01.548 W/ActivityManager( 1990): Slow operation: 172ms so far, now at startProcess: done updating battery stats
05-08 16:46:01.549 W/ActivityManager( 1990): Slow operation: 173ms so far, now at startProcess: building log message
05-08 16:46:01.571 I/ActivityManager( 1990): Start proc 2281:com.android.inputmethod.latin/u0a41 for service com.android.inputmethod.latin/.LatinIME
05-08 16:46:01.571 W/ActivityManager( 1990): Slow operation: 195ms so far, now at startProcess: starting to update pids map
05-08 16:46:01.572 W/ActivityManager( 1990): Slow operation: 196ms so far, now at startProcess: done updating pids map
05-08 16:46:01.572 W/ActivityManager( 1990): Slow operation: 198ms so far, now at startProcess: done starting proc!
05-08 16:46:01.573 V/InputMethodManagerService( 1990): Adding window token: android.os.Binder@182fb4f
05-08 16:46:01.574 D/MountService( 1990): Thinking about init, mSystemReady=true, mDaemonConnected=true
05-08 16:46:01.575 D/MountService( 1990): Setting up emulation state, initlocked=false
05-08 16:46:01.576 D/CryptdConnector( 1990): SND -> {2 cryptfs unlock_user_key 0 0 ! !}
05-08 16:46:01.595 D/vold    ( 1277): e4crypt_unlock_user_key 0 serial=0 token_present=0
05-08 16:46:01.598 D/CryptdConnector( 1990): RCV <- {200 2 Command succeeded}
05-08 16:46:01.621 D/MountService( 1990): Thinking about reset, mSystemReady=true, mDaemonConnected=true
05-08 16:46:01.643 I/ActivityManager( 1990): Force stopping com.android.providers.media appid=10010 user=-1: vold reset
05-08 16:46:01.647 D/VoldConnector( 1990): SND -> {3 volume reset}
05-08 16:46:01.660 D/VoldConnector( 1990): RCV <- {651 emulated 7}
05-08 16:46:01.662 D/VoldConnector( 1990): RCV <- {659 emulated}
05-08 16:46:01.663 D/VoldConnector( 1990): RCV <- {650 emulated 2 "" ""}
05-08 16:46:01.664 D/VoldConnector( 1990): RCV <- {651 emulated 0}
05-08 16:46:01.665 D/VoldConnector( 1990): RCV <- {651 public:253,48 7}
05-08 16:46:01.665 D/VoldConnector( 1990): RCV <- {659 public:253,48}
05-08 16:46:01.666 D/VoldConnector( 1990): RCV <- {649 disk:253,48}
05-08 16:46:01.667 D/VoldConnector( 1990): RCV <- {640 disk:253,48 5}
05-08 16:46:01.678 V/MountService( 1990): Found primary storage at VolumeInfo{emulated}:
05-08 16:46:01.678 V/MountService( 1990):     type=EMULATED diskId=null partGuid=null mountFlags=0 mountUserId=-1 
05-08 16:46:01.678 V/MountService( 1990):     state=UNMOUNTED 
05-08 16:46:01.678 V/MountService( 1990):     fsType=null fsUuid=null fsLabel=null 
05-08 16:46:01.678 V/MountService( 1990):     path=null internalPath=null 
05-08 16:46:01.682 D/vold    ( 1277): Recognized experimental block major ID 253 as virtio-blk (emulator's virtual SD card device)
05-08 16:46:01.682 D/VoldConnector( 1990): RCV <- {641 disk:253,48 549453824}
05-08 16:46:01.684 E/BitmapFactory( 1990): Unable to decode stream: java.io.FileNotFoundException: /data/system/users/0/wallpaper_orig (No such file or directory)
05-08 16:46:01.684 E/WallpaperManagerService( 1990): Invalid wallpaper data
05-08 16:46:01.684 E/WallpaperManagerService( 1990): Unable to apply new wallpaper
05-08 16:46:01.691 D/VoldConnector( 1990): RCV <- {642 disk:253,48 Virtual}
05-08 16:46:01.692 D/VoldConnector( 1990): RCV <- {644 disk:253,48 /sys//devices/pci0000:00/0000:00:06.0/virtio3/block/vdd}
05-08 16:46:01.694 V/vold    ( 1277): /system/bin/sgdisk
05-08 16:46:01.695 V/vold    ( 1277):     --android-dump
05-08 16:46:01.695 V/vold    ( 1277):     /dev/block/vold/disk:253,48
05-08 16:46:01.923 W/art     ( 2281): Unexpected CPU variant for X86 using defaults: x86_64
05-08 16:46:01.961 W/ActivityManager( 1990): Slow operation: 208ms so far, now at startProcess: returned from zygote!
05-08 16:46:01.961 W/ActivityManager( 1990): Slow operation: 209ms so far, now at startProcess: done updating battery stats
05-08 16:46:01.961 W/ActivityManager( 1990): Slow operation: 209ms so far, now at startProcess: building log message
05-08 16:46:01.962 I/ActivityManager( 1990): Start proc 2288:com.android.systemui/u0a21 for service com.android.systemui/.ImageWallpaper
05-08 16:46:01.962 W/ActivityManager( 1990): Slow operation: 210ms so far, now at startProcess: starting to update pids map
05-08 16:46:01.962 W/ActivityManager( 1990): Slow operation: 210ms so far, now at startProcess: done updating pids map
05-08 16:46:01.962 W/ActivityManager( 1990): Slow operation: 211ms so far, now at startProcess: done starting proc!
05-08 16:46:01.964 W/art     ( 1990): Long monitor contention with owner main (1990) at int com.android.server.am.ActivityManagerService.bindService(android.app.IApplicationThread, android.os.IBinder, android.content.Intent, java.lang.String, android.app.IServiceConnection, int, java.lang.String, int)(ActivityManagerService.java:17301) waiters=0 in void com.android.server.am.ActivityManagerService.dispatchUidsChanged() for 210ms
05-08 16:46:01.984 D/UsbAlsaManager( 1990): Adding ALSA device AlsaDevice: [card: 0, device: 0, type: 1]
05-08 16:46:01.984 D/UsbAlsaManager( 1990): Adding ALSA device AlsaDevice: [card: 0, device: 0, type: 2]
05-08 16:46:02.080 E/BluetoothAdapter( 1990): Bluetooth binder is null
05-08 16:46:02.085 I/SystemServer( 1990): WebViewFactory preparation
05-08 16:46:02.091 E/BluetoothAdapter( 1990): Bluetooth binder is null
05-08 16:46:02.156 D/WebViewFactory( 1990): Setting new address space to 114394000
05-08 16:46:02.158 W/art     ( 2288): Unexpected CPU variant for X86 using defaults: x86_64
05-08 16:46:02.197 I/AudioFlinger( 1327): systemReady
05-08 16:46:02.446 E/WVMExtractor( 1990): Failed to open libwvm.so: dlopen failed: library "libwvm.so" not found
05-08 16:46:02.510 I/Zygote  ( 1990): Process: zygote socket opened, supported ABIS: x86
05-08 16:46:02.786 I/art     ( 1326): Starting a blocking GC Background
05-08 16:46:02.816 V/vold    ( 1277): DISK mbr
05-08 16:46:02.816 V/vold    ( 1277): 
05-08 16:46:02.934 W/vold    ( 1277): disk:253,48 has unknown partition table; trying entire device
05-08 16:46:02.934 V/vold    ( 1277): /system/bin/blkid
05-08 16:46:02.934 V/vold    ( 1277):     -c
05-08 16:46:02.934 V/vold    ( 1277):     /dev/null
05-08 16:46:02.934 V/vold    ( 1277):     -s
05-08 16:46:02.935 V/vold    ( 1277):     TYPE
05-08 16:46:02.935 V/vold    ( 1277):     -s
05-08 16:46:02.935 V/vold    ( 1277):     UUID
05-08 16:46:02.935 V/vold    ( 1277):     -s
05-08 16:46:02.935 V/vold    ( 1277):     LABEL
05-08 16:46:02.935 V/vold    ( 1277):     /dev/block/vold/disk:253,48
05-08 16:46:03.011 I/MediaPlayerService( 1338): MediaPlayerService::getOMX
05-08 16:46:03.091 I/OMXClient( 1338): MuxOMX ctor
05-08 16:46:03.156 I/art     ( 1326): Background concurrent mark sweep GC freed 120(16KB) AllocSpace objects, 0(0B) LOS objects, 39% free, 6MB/10MB, paused 1.700ms total 365.442ms
05-08 16:46:03.233 I/MediaPlayerService( 1338): MediaPlayerService::getOMX
05-08 16:46:03.236 I/OMXClient( 1338): MuxOMX ctor
05-08 16:46:03.293 I/OMXMaster( 1333): makeComponentInstance(OMX.google.mp3.decoder) in mediacodec process
05-08 16:46:03.749 W/ActivityManager( 1990): Slow operation: 1454ms so far, now at startProcess: returned from zygote!
05-08 16:46:03.749 W/ActivityManager( 1990): Slow operation: 1455ms so far, now at startProcess: done updating battery stats
05-08 16:46:03.749 W/ActivityManager( 1990): Slow operation: 1455ms so far, now at startProcess: building log message
05-08 16:46:03.752 I/ActivityManager( 1990): Start proc 2321:WebViewLoader-x86/1037 [android.webkit.WebViewFactory$RelroFileCreator] for 
05-08 16:46:03.752 W/ActivityManager( 1990): Slow operation: 1458ms so far, now at startProcess: starting to update pids map
05-08 16:46:03.753 W/ActivityManager( 1990): Slow operation: 1459ms so far, now at startProcess: done updating pids map
05-08 16:46:03.753 W/ActivityManager( 1990): Slow operation: 1461ms so far, now at startProcess: done starting proc!
05-08 16:46:03.753 W/art     ( 1990): Long monitor contention with owner main (1990) at int com.android.server.am.ActivityManagerService.startIsolatedProcess(java.lang.String, java.lang.String[], java.lang.String, java.lang.String, int, java.lang.Runnable)(ActivityManagerService.java:3509) waiters=0 in void com.android.server.am.ActivityManagerService.dispatchUidsChanged() for 1.459s
05-08 16:46:03.754 W/art     ( 1990): Long monitor contention with owner main (1990) at int com.android.server.am.ActivityManagerService.startIsolatedProcess(java.lang.String, java.lang.String[], java.lang.String, java.lang.String, int, java.lang.Runnable)(ActivityManagerService.java:3509) waiters=2 in void com.android.server.am.ActivityManagerService.attachApplication(android.app.IApplicationThread) for 1.181s
05-08 16:46:03.760 W/art     ( 1990): Long monitor contention with owner main (1990) at int com.android.server.am.ActivityManagerService.startIsolatedProcess(java.lang.String, java.lang.String[], java.lang.String, java.lang.String, int, java.lang.Runnable)(ActivityManagerService.java:3509) waiters=1 in void com.android.server.am.ActivityManagerService.attachApplication(android.app.IApplicationThread) for 1.238s
05-08 16:46:03.939 W/art     ( 2321): Unexpected CPU variant for X86 using defaults: x86
05-08 16:46:03.997 V/vold    ( 1277): /dev/block/vold/disk:253,48: LABEL="SDCARD" UUID="1EFF-1C1B" TYPE="vfat" 
05-08 16:46:03.997 V/vold    ( 1277): 
05-08 16:46:04.006 D/VoldConnector( 1990): RCV <- {650 public:253,48 0 "disk:253,48" ""}
05-08 16:46:04.008 D/VoldConnector( 1990): RCV <- {651 public:253,48 0}
05-08 16:46:04.021 D/VoldConnector( 1990): RCV <- {643 disk:253,48}
05-08 16:46:04.024 D/VoldConnector( 1990): RCV <- {200 3 Command succeeded}
05-08 16:46:04.026 E/VoldConnector( 1990): NDC Command {3 volume reset} took too long (2380ms)
05-08 16:46:04.027 D/VoldConnector( 1990): SND -> {4 volume user_added 0 0}
05-08 16:46:04.034 D/VoldConnector( 1990): RCV <- {200 4 Command succeeded}
05-08 16:46:04.078 W/art     ( 2328): Unexpected CPU variant for X86 using defaults: x86_64
05-08 16:46:04.100 W/ActivityManager( 1990): Slow operation: 226ms so far, now at startProcess: returned from zygote!
05-08 16:46:04.101 W/ActivityManager( 1990): Slow operation: 227ms so far, now at startProcess: done updating battery stats
05-08 16:46:04.101 W/ActivityManager( 1990): Slow operation: 227ms so far, now at startProcess: building log message
05-08 16:46:04.101 I/ActivityManager( 1990): Start proc 2328:WebViewLoader-x86_64/1037 [android.webkit.WebViewFactory$RelroFileCreator] for 
05-08 16:46:04.101 W/ActivityManager( 1990): Slow operation: 227ms so far, now at startProcess: starting to update pids map
05-08 16:46:04.101 W/ActivityManager( 1990): Slow operation: 227ms so far, now at startProcess: done updating pids map
05-08 16:46:04.101 W/ActivityManager( 1990): Slow operation: 227ms so far, now at startProcess: done starting proc!
05-08 16:46:04.122 D/VoldConnector( 1990): SND -> {5 volume mount emulated 3 -1}
05-08 16:46:04.128 V/vold    ( 1277): Waiting for FUSE to spin up...
05-08 16:46:04.128 D/VoldConnector( 1990): RCV <- {651 emulated 1}
05-08 16:46:04.129 D/VoldConnector( 1990): RCV <- {656 emulated /data/media}
05-08 16:46:04.158 D/NetworkManagement( 1990): enabling bandwidth control
05-08 16:46:04.180 V/vold    ( 1277): Waiting for FUSE to spin up...
05-08 16:46:04.202 D/VoldConnector( 1990): RCV <- {655 emulated /storage/emulated}
05-08 16:46:04.232 V/vold    ( 1277): Waiting for FUSE to spin up...
05-08 16:46:04.279 V/WebViewFactory( 2328): RelroFileCreator (64bit = true),  32-bit lib: /system/app/webview/webview.apk!/lib/x86/libwebviewchromium.so, 64-bit lib: /system/app/webview/webview.apk!/lib/x86_64/libwebviewchromium.so
05-08 16:46:04.283 V/vold    ( 1277): Waiting for FUSE to spin up...
05-08 16:46:04.334 V/vold    ( 1277): Waiting for FUSE to spin up...
05-08 16:46:04.387 V/vold    ( 1277): Waiting for FUSE to spin up...
05-08 16:46:04.440 V/vold    ( 1277): Waiting for FUSE to spin up...
05-08 16:46:04.500 V/vold    ( 1277): Waiting for FUSE to spin up...
05-08 16:46:04.571 V/vold    ( 1277): Waiting for FUSE to spin up...
05-08 16:46:04.625 V/vold    ( 1277): Waiting for FUSE to spin up...
05-08 16:46:04.675 V/vold    ( 1277): Waiting for FUSE to spin up...
05-08 16:46:04.711 V/WebViewFactory( 2321): RelroFileCreator (64bit = false),  32-bit lib: /system/app/webview/webview.apk!/lib/x86/libwebviewchromium.so, 64-bit lib: /system/app/webview/webview.apk!/lib/x86_64/libwebviewchromium.so
05-08 16:46:04.726 V/vold    ( 1277): Waiting for FUSE to spin up...
05-08 16:46:04.773 W/System  ( 2288): ClassLoader referenced unknown path: /system/priv-app/SystemUI/lib/x86_64
05-08 16:46:04.780 V/vold    ( 1277): Waiting for FUSE to spin up...
05-08 16:46:04.832 V/vold    ( 1277): Waiting for FUSE to spin up...
05-08 16:46:04.884 V/vold    ( 1277): Waiting for FUSE to spin up...
05-08 16:46:04.919 I/MediaPlayerService( 1338): MediaPlayerService::getOMX
05-08 16:46:04.930 I/OMXClient( 1338): MuxOMX ctor
05-08 16:46:04.932 I/OMXMaster( 1333): makeComponentInstance(OMX.google.amrnb.decoder) in mediacodec process
05-08 16:46:04.935 V/vold    ( 1277): Waiting for FUSE to spin up...
05-08 16:46:04.985 V/vold    ( 1277): Waiting for FUSE to spin up...
05-08 16:46:05.036 V/vold    ( 1277): Waiting for FUSE to spin up...
05-08 16:46:05.090 V/vold    ( 1277): Waiting for FUSE to spin up...
05-08 16:46:05.091 I/MediaPlayerService( 1338): MediaPlayerService::getOMX
05-08 16:46:05.092 I/OMXClient( 1338): MuxOMX ctor
05-08 16:46:05.093 I/OMXMaster( 1333): makeComponentInstance(OMX.google.amrwb.decoder) in mediacodec process
05-08 16:46:05.142 V/vold    ( 1277): Waiting for FUSE to spin up...
05-08 16:46:05.185 W/sdcard  ( 2333): Device explicitly disabled sdcardfs
05-08 16:46:05.192 V/vold    ( 1277): Waiting for FUSE to spin up...
05-08 16:46:05.201 I/MediaPlayerService( 1338): MediaPlayerService::getOMX
05-08 16:46:05.211 I/OMXClient( 1338): MuxOMX ctor
05-08 16:46:05.244 V/vold    ( 1277): Waiting for FUSE to spin up...
05-08 16:46:05.245 I/OMXMaster( 1333): makeComponentInstance(OMX.google.aac.decoder) in mediacodec process
05-08 16:46:05.300 V/vold    ( 1277): Waiting for FUSE to spin up...
05-08 16:46:05.360 V/vold    ( 1277): Waiting for FUSE to spin up...
05-08 16:46:05.492 D/VoldConnector( 1990): RCV <- {651 emulated 2}
05-08 16:46:05.522 D/VoldConnector( 1990): RCV <- {200 5 Command succeeded}
05-08 16:46:05.585 E/VoldConnector( 1990): NDC Command {5 volume mount emulated 3 -1} took too long (1463ms)
05-08 16:46:05.587 D/VoldConnector( 1990): SND -> {6 volume mount public:253,48 2 0}
05-08 16:46:05.588 V/vold    ( 1277): /system/bin/blkid
05-08 16:46:05.588 V/vold    ( 1277):     -c
05-08 16:46:05.589 V/vold    ( 1277):     /dev/null
05-08 16:46:05.589 V/vold    ( 1277):     -s
05-08 16:46:05.589 V/vold    ( 1277):     TYPE
05-08 16:46:05.589 V/vold    ( 1277):     -s
05-08 16:46:05.589 V/vold    ( 1277):     UUID
05-08 16:46:05.589 V/vold    ( 1277):     -s
05-08 16:46:05.589 V/vold    ( 1277):     LABEL
05-08 16:46:05.589 V/vold    ( 1277):     /dev/block/vold/public:253,48
05-08 16:46:05.602 D/VoldConnector( 1990): RCV <- {651 public:253,48 1}
05-08 16:46:05.800 I/MediaPlayerService( 1338): MediaPlayerService::getOMX
05-08 16:46:05.822 I/OMXClient( 1338): MuxOMX ctor
05-08 16:46:05.823 I/OMXMaster( 1333): makeComponentInstance(OMX.google.g711.alaw.decoder) in mediacodec process
05-08 16:46:05.864 V/SystemUIService( 2288): Starting SystemUI services for user 0.
05-08 16:46:06.385 V/MediaRouter( 2288): Adding route: RouteInfo{ name=Phone, description=null, status=null, category=RouteCategory{ name=null types=ROUTE_TYPE_LIVE_AUDIO ROUTE_TYPE_LIVE_VIDEO  groupable=false }, supportedTypes=ROUTE_TYPE_LIVE_AUDIO ROUTE_TYPE_LIVE_VIDEO , presentationDisplay=null }
05-08 16:46:06.447 V/MediaRouter( 2288): Updating audio routes: AudioRoutesInfo{ type=SPEAKER }
05-08 16:46:06.476 V/MediaRouter( 2288): Selecting route: RouteInfo{ name=Phone, description=null, status=null, category=RouteCategory{ name=null types=ROUTE_TYPE_LIVE_AUDIO ROUTE_TYPE_LIVE_VIDEO  groupable=false }, supportedTypes=ROUTE_TYPE_LIVE_AUDIO ROUTE_TYPE_LIVE_VIDEO , presentationDisplay=null }
05-08 16:46:06.533 I/LatinIME( 2281): Hardware accelerated drawing: true
05-08 16:46:06.582 I/art     ( 2321): System.exit called, status: 0
05-08 16:46:06.582 I/AndroidRuntime( 2321): VM exiting with result code 0, cleanup skipped.
05-08 16:46:07.672 I/art     ( 2328): System.exit called, status: 0
05-08 16:46:07.673 I/AndroidRuntime( 2328): VM exiting with result code 0, cleanup skipped.
05-08 16:46:07.906 I/MediaPlayerService( 1338): MediaPlayerService::getOMX
05-08 16:46:07.937 I/OMXClient( 1338): MuxOMX ctor
05-08 16:46:07.982 I/OMXMaster( 1333): makeComponentInstance(OMX.google.g711.mlaw.decoder) in mediacodec process
05-08 16:46:08.173 V/vold    ( 1277): /dev/block/vold/public:253,48: LABEL="SDCARD" UUID="1EFF-1C1B" TYPE="vfat" 
05-08 16:46:08.173 V/vold    ( 1277): 
05-08 16:46:08.270 D/VoldConnector( 1990): RCV <- {652 public:253,48 vfat}
05-08 16:46:08.278 V/vold    ( 1277): /system/bin/fsck_msdos
05-08 16:46:08.278 V/vold    ( 1277):     -p
05-08 16:46:08.278 V/vold    ( 1277):     -f
05-08 16:46:08.278 V/vold    ( 1277):     /dev/block/vold/public:253,48
05-08 16:46:08.324 D/VoldConnector( 1990): RCV <- {653 public:253,48 1EFF-1C1B}
05-08 16:46:08.325 D/VoldConnector( 1990): RCV <- {654 public:253,48 SDCARD}
05-08 16:46:08.688 E/WVMExtractor( 2288): Failed to open libwvm.so: dlopen failed: library "libwvm.so" not found
05-08 16:46:09.077 I/fsck_msdos( 1277): ** /dev/block/vold/public:253,48
05-08 16:46:09.151 I/fsck_msdos( 1277): ** Phase 1 - Read and Compare FATs
05-08 16:46:09.152 I/fsck_msdos( 1277): Attempting to allocate 1046 KB for FAT
05-08 16:46:09.197 I/MediaPlayerService( 1338): MediaPlayerService::getOMX
05-08 16:46:09.198 I/OMXClient( 1338): MuxOMX ctor
05-08 16:46:09.199 I/OMXMaster( 1333): makeComponentInstance(OMX.google.vorbis.decoder) in mediacodec process
05-08 16:46:09.549 E/NetdConnector( 1990): NDC Command {3 bandwidth enable} took too long (5391ms)
05-08 16:46:09.640 I/fsck_msdos( 1277): Attempting to allocate 1046 KB for FAT
05-08 16:46:10.088 I/MediaPlayerService( 1338): MediaPlayerService::getOMX
05-08 16:46:10.120 I/OMXClient( 1338): MuxOMX ctor
05-08 16:46:10.161 I/OMXMaster( 1333): makeComponentInstance(OMX.google.opus.decoder) in mediacodec process
05-08 16:46:10.201 W/BroadcastQueue( 1990): Timeout of broadcast BroadcastRecord{3a35c6e u-1 android.intent.action.TIME_TICK} - receiver=android.app.LoadedApk$ReceiverDispatcher$InnerReceiver@d5f8991, started 10003ms ago
