05-20 08:15:04.804 E/Hyphenator( 1323): error loading hyphenation /system/usr/hyphen-data/hyph-hr.hyb
05-20 08:15:04.804 E/Hyphenator( 1323): java.io.FileNotFoundException: /system/usr/hyphen-data/hyph-hr.hyb: open failed: ENOENT (No such file or directory)
05-20 08:15:04.804 E/Hyphenator( 1323): 	at libcore.io.IoBridge.open(IoBridge.java:455)
05-20 08:15:04.804 E/Hyphenator( 1323): 	at java.io.RandomAccessFile.<init>(RandomAccessFile.java:247)
05-20 08:15:04.804 E/Hyphenator( 1323): 	at android.text.Hyphenator.loadHyphenator(Hyphenator.java:118)
05-20 08:15:04.804 E/Hyphenator( 1323): 	at android.text.Hyphenator.init(Hyphenator.java:224)
05-20 08:15:04.804 E/Hyphenator( 1323): 	at com.android.internal.os.ZygoteInit.preloadTextResources(ZygoteInit.java:252)
05-20 08:15:04.804 E/Hyphenator( 1323): 	at com.android.internal.os.ZygoteInit.preload(ZygoteInit.java:206)
05-20 08:15:04.804 E/Hyphenator( 1323): 	at com.android.internal.os.ZygoteInit.main(ZygoteInit.java:743)
05-20 08:15:04.804 E/Hyphenator( 1323): Caused by: android.system.ErrnoException: open failed: ENOENT (No such file or directory)
05-20 08:15:04.804 E/Hyphenator( 1323): 	at libcore.io.Posix.open(Native Method)
05-20 08:15:04.804 E/Hyphenator( 1323): 	at libcore.io.BlockGuardOs.open(BlockGuardOs.java:187)
05-20 08:15:04.804 E/Hyphenator( 1323): 	at libcore.io.IoBridge.open(IoBridge.java:441)
05-20 08:15:04.804 E/Hyphenator( 1323): 	... 6 more
05-20 08:15:04.805 E/Hyphenator( 1323): error loading hyphenation /system/usr/hyphen-data/hyph-hu.hyb
05-20 08:15:04.805 E/Hyphenator( 1323): java.io.FileNotFoundException: /system/usr/hyphen-data/hyph-hu.hyb: open failed: ENOENT (No such file or directory)
05-20 08:15:04.805 E/Hyphenator( 1323): 	at libcore.io.IoBridge.open(IoBridge.java:455)
05-20 08:15:04.805 E/Hyphenator( 1323): 	at java.io.RandomAccessFile.<init>(RandomAccessFile.java:247)
05-20 08:15:04.805 E/Hyphenator( 1323): 	at android.text.Hyphenator.loadHyphenator(Hyphenator.java:118)
05-20 08:15:04.805 E/Hyphenator( 1323): 	at android.text.Hyphenator.init(Hyphenator.java:224)
05-20 08:15:04.805 E/Hyphenator( 1323): 	at com.android.internal.os.ZygoteInit.preloadTextResources(ZygoteInit.java:252)
05-20 08:15:04.805 E/Hyphenator( 1323): 	at com.android.internal.os.ZygoteInit.preload(ZygoteInit.java:206)
05-20 08:15:04.805 E/Hyphenator( 1323): 	at com.android.internal.os.ZygoteInit.main(ZygoteInit.java:743)
05-20 08:15:04.805 E/Hyphenator( 1323): Caused by: android.system.ErrnoException: open failed: ENOENT (No such file or directory)
05-20 08:15:04.805 E/Hyphenator( 1323): 	at libcore.io.Posix.open(Native Method)
05-20 08:15:04.805 E/Hyphenator( 1323): 	at libcore.io.BlockGuardOs.open(BlockGuardOs.java:187)
05-20 08:15:04.805 E/Hyphenator( 1323): 	at libcore.io.IoBridge.open(IoBridge.java:441)
05-20 08:15:04.805 E/Hyphenator( 1323): 	... 6 more
05-20 08:15:04.807 E/Hyphenator( 1323): error loading hyphenation /system/usr/hyphen-data/hyph-hy.hyb
05-20 08:15:04.807 E/Hyphenator( 1323): java.io.FileNotFoundException: /system/usr/hyphen-data/hyph-hy.hyb: open failed: ENOENT (No such file or directory)
05-20 08:15:04.807 E/Hyphenator( 1323): 	at libcore.io.IoBridge.open(IoBridge.java:455)
05-20 08:15:04.807 E/Hyphenator( 1323): 	at java.io.RandomAccessFile.<init>(RandomAccessFile.java:247)
05-20 08:15:04.807 E/Hyphenator( 1323): 	at android.text.Hyphenator.loadHyphenator(Hyphenator.java:118)
05-20 08:15:04.807 E/Hyphenator( 1323): 	at android.text.Hyphenator.init(Hyphenator.java:224)
05-20 08:15:04.807 E/Hyphenator( 1323): 	at com.android.internal.os.ZygoteInit.preloadTextResources(ZygoteInit.java:252)
05-20 08:15:04.807 E/Hyphenator( 1323): 	at com.android.internal.os.ZygoteInit.preload(ZygoteInit.java:206)
05-20 08:15:04.807 E/Hyphenator( 1323): 	at com.android.internal.os.ZygoteInit.main(ZygoteInit.java:743)
05-20 08:15:04.807 E/Hyphenator( 1323): Caused by: android.system.ErrnoException: open failed: ENOENT (No such file or directory)
05-20 08:15:04.807 E/Hyphenator( 1323): 	at libcore.io.Posix.open(Native Method)
05-20 08:15:04.807 E/Hyphenator( 1323): 	at libcore.io.BlockGuardOs.open(BlockGuardOs.java:187)
05-20 08:15:04.807 E/Hyphenator( 1323): 	at libcore.io.IoBridge.open(IoBridge.java:441)
05-20 08:15:04.807 E/Hyphenator( 1323): 	... 6 more
05-20 08:15:04.808 E/Hyphenator( 1323): error loading hyphenation /system/usr/hyphen-data/hyph-kn.hyb
05-20 08:15:04.808 E/Hyphenator( 1323): java.io.FileNotFoundException: /system/usr/hyphen-data/hyph-kn.hyb: open failed: ENOENT (No such file or directory)
05-20 08:15:04.808 E/Hyphenator( 1323): 	at libcore.io.IoBridge.open(IoBridge.java:455)
05-20 08:15:04.808 E/Hyphenator( 1323): 	at java.io.RandomAccessFile.<init>(RandomAccessFile.java:247)
05-20 08:15:04.808 E/Hyphenator( 1323): 	at android.text.Hyphenator.loadHyphenator(Hyphenator.java:118)
05-20 08:15:04.808 E/Hyphenator( 1323): 	at android.text.Hyphenator.init(Hyphenator.java:224)
05-20 08:15:04.808 E/Hyphenator( 1323): 	at com.android.internal.os.ZygoteInit.preloadTextResources(ZygoteInit.java:252)
05-20 08:15:04.808 E/Hyphenator( 1323): 	at com.android.internal.os.ZygoteInit.preload(ZygoteInit.java:206)
05-20 08:15:04.808 E/Hyphenator( 1323): 	at com.android.internal.os.ZygoteInit.main(ZygoteInit.java:743)
05-20 08:15:04.808 E/Hyphenator( 1323): Caused by: android.system.ErrnoException: open failed: ENOENT (No such file or directory)
05-20 08:15:04.808 E/Hyphenator( 1323): 	at libcore.io.Posix.open(Native Method)
05-20 08:15:04.808 E/Hyphenator( 1323): 	at libcore.io.BlockGuardOs.open(BlockGuardOs.java:187)
05-20 08:15:04.808 E/Hyphenator( 1323): 	at libcore.io.IoBridge.open(IoBridge.java:441)
05-20 08:15:04.808 E/Hyphenator( 1323): 	... 6 more
05-20 08:15:04.844 E/Hyphenator( 1323): error loading hyphenation /system/usr/hyphen-data/hyph-ml.hyb
05-20 08:15:04.844 E/Hyphenator( 1323): java.io.FileNotFoundException: /system/usr/hyphen-data/hyph-ml.hyb: open failed: ENOENT (No such file or directory)
05-20 08:15:04.844 E/Hyphenator( 1323): 	at libcore.io.IoBridge.open(IoBridge.java:455)
05-20 08:15:04.844 E/Hyphenator( 1323): 	at java.io.RandomAccessFile.<init>(RandomAccessFile.java:247)
05-20 08:15:04.844 E/Hyphenator( 1323): 	at android.text.Hyphenator.loadHyphenator(Hyphenator.java:118)
05-20 08:15:04.844 E/Hyphenator( 1323): 	at android.text.Hyphenator.init(Hyphenator.java:224)
05-20 08:15:04.844 E/Hyphenator( 1323): 	at com.android.internal.os.ZygoteInit.preloadTextResources(ZygoteInit.java:252)
05-20 08:15:04.844 E/Hyphenator( 1323): 	at com.android.internal.os.ZygoteInit.preload(ZygoteInit.java:206)
05-20 08:15:04.844 E/Hyphenator( 1323): 	at com.android.internal.os.ZygoteInit.main(ZygoteInit.java:743)
05-20 08:15:04.844 E/Hyphenator( 1323): Caused by: android.system.ErrnoException: open failed: ENOENT (No such file or directory)
05-20 08:15:04.844 E/Hyphenator( 1323): 	at libcore.io.Posix.open(Native Method)
05-20 08:15:04.844 E/Hyphenator( 1323): 	at libcore.io.BlockGuardOs.open(BlockGuardOs.java:187)
05-20 08:15:04.844 E/Hyphenator( 1323): 	at libcore.io.IoBridge.open(IoBridge.java:441)
05-20 08:15:04.844 E/Hyphenator( 1323): 	... 6 more
05-20 08:15:04.846 E/Hyphenator( 1323): error loading hyphenation /system/usr/hyphen-data/hyph-mn-cyrl.hyb
05-20 08:15:04.846 E/Hyphenator( 1323): java.io.FileNotFoundException: /system/usr/hyphen-data/hyph-mn-cyrl.hyb: open failed: ENOENT (No such file or directory)
05-20 08:15:04.846 E/Hyphenator( 1323): 	at libcore.io.IoBridge.open(IoBridge.java:455)
05-20 08:15:04.846 E/Hyphenator( 1323): 	at java.io.RandomAccessFile.<init>(RandomAccessFile.java:247)
05-20 08:15:04.846 E/Hyphenator( 1323): 	at android.text.Hyphenator.loadHyphenator(Hyphenator.java:118)
05-20 08:15:04.846 E/Hyphenator( 1323): 	at android.text.Hyphenator.init(Hyphenator.java:224)
05-20 08:15:04.846 E/Hyphenator( 1323): 	at com.android.internal.os.ZygoteInit.preloadTextResources(ZygoteInit.java:252)
05-20 08:15:04.846 E/Hyphenator( 1323): 	at com.android.internal.os.ZygoteInit.preload(ZygoteInit.java:206)
05-20 08:15:04.846 E/Hyphenator( 1323): 	at com.android.internal.os.ZygoteInit.main(ZygoteInit.java:743)
05-20 08:15:04.846 E/Hyphenator( 1323): Caused by: android.system.ErrnoException: open failed: ENOENT (No such file or directory)
05-20 08:15:04.846 E/Hyphenator( 1323): 	at libcore.io.Posix.open(Native Method)
05-20 08:15:04.846 E/Hyphenator( 1323): 	at libcore.io.BlockGuardOs.open(BlockGuardOs.java:187)
05-20 08:15:04.846 E/Hyphenator( 1323): 	at libcore.io.IoBridge.open(IoBridge.java:441)
05-20 08:15:04.846 E/Hyphenator( 1323): 	... 6 more
05-20 08:15:04.848 E/Hyphenator( 1323): error loading hyphenation /system/usr/hyphen-data/hyph-mr.hyb
05-20 08:15:04.848 E/Hyphenator( 1323): java.io.FileNotFoundException: /system/usr/hyphen-data/hyph-mr.hyb: open failed: ENOENT (No such file or directory)
05-20 08:15:04.848 E/Hyphenator( 1323): 	at libcore.io.IoBridge.open(IoBridge.java:455)
05-20 08:15:04.848 E/Hyphenator( 1323): 	at java.io.RandomAccessFile.<init>(RandomAccessFile.java:247)
05-20 08:15:04.848 E/Hyphenator( 1323): 	at android.text.Hyphenator.loadHyphenator(Hyphenator.java:118)
05-20 08:15:04.848 E/Hyphenator( 1323): 	at android.text.Hyphenator.init(Hyphenator.java:224)
05-20 08:15:04.848 E/Hyphenator( 1323): 	at com.android.internal.os.ZygoteInit.preloadTextResources(ZygoteInit.java:252)
05-20 08:15:04.848 E/Hyphenator( 1323): 	at com.android.internal.os.ZygoteInit.preload(ZygoteInit.java:206)
05-20 08:15:04.848 E/Hyphenator( 1323): 	at com.android.internal.os.ZygoteInit.main(ZygoteInit.java:743)
05-20 08:15:04.848 E/Hyphenator( 1323): Caused by: android.system.ErrnoException: open failed: ENOENT (No such file or directory)
05-20 08:15:04.848 E/Hyphenator( 1323): 	at libcore.io.Posix.open(Native Method)
05-20 08:15:04.848 E/Hyphenator( 1323): 	at libcore.io.BlockGuardOs.open(BlockGuardOs.java:187)
05-20 08:15:04.848 E/Hyphenator( 1323): 	at libcore.io.IoBridge.open(IoBridge.java:441)
05-20 08:15:04.848 E/Hyphenator( 1323): 	... 6 more
05-20 08:15:04.849 E/Hyphenator( 1323): error loading hyphenation /system/usr/hyphen-data/hyph-nb.hyb
05-20 08:15:04.849 E/Hyphenator( 1323): java.io.FileNotFoundException: /system/usr/hyphen-data/hyph-nb.hyb: open failed: ENOENT (No such file or directory)
05-20 08:15:04.849 E/Hyphenator( 1323): 	at libcore.io.IoBridge.open(IoBridge.java:455)
05-20 08:15:04.849 E/Hyphenator( 1323): 	at java.io.RandomAccessFile.<init>(RandomAccessFile.java:247)
05-20 08:15:04.849 E/Hyphenator( 1323): 	at android.text.Hyphenator.loadHyphenator(Hyphenator.java:118)
05-20 08:15:04.849 E/Hyphenator( 1323): 	at android.text.Hyphenator.init(Hyphenator.java:224)
05-20 08:15:04.849 E/Hyphenator( 1323): 	at com.android.internal.os.ZygoteInit.preloadTextResources(ZygoteInit.java:252)
05-20 08:15:04.849 E/Hyphenator( 1323): 	at com.android.internal.os.ZygoteInit.preload(ZygoteInit.java:206)
05-20 08:15:04.849 E/Hyphenator( 1323): 	at com.android.internal.os.ZygoteInit.main(ZygoteInit.java:743)
05-20 08:15:04.849 E/Hyphenator( 1323): Caused by: android.system.ErrnoException: open failed: ENOENT (No such file or directory)
05-20 08:15:04.849 E/Hyphenator( 1323): 	at libcore.io.Posix.open(Native Method)
05-20 08:15:04.849 E/Hyphenator( 1323): 	at libcore.io.BlockGuardOs.open(BlockGuardOs.java:187)
05-20 08:15:04.849 E/Hyphenator( 1323): 	at libcore.io.IoBridge.open(IoBridge.java:441)
05-20 08:15:04.849 E/Hyphenator( 1323): 	... 6 more
05-20 08:15:04.913 E/Hyphenator( 1323): error loading hyphenation /system/usr/hyphen-data/hyph-nn.hyb
05-20 08:15:04.913 E/Hyphenator( 1323): java.io.FileNotFoundException: /system/usr/hyphen-data/hyph-nn.hyb: open failed: ENOENT (No such file or directory)
05-20 08:15:04.913 E/Hyphenator( 1323): 	at libcore.io.IoBridge.open(IoBridge.java:455)
05-20 08:15:04.913 E/Hyphenator( 1323): 	at java.io.RandomAccessFile.<init>(RandomAccessFile.java:247)
05-20 08:15:04.913 E/Hyphenator( 1323): 	at android.text.Hyphenator.loadHyphenator(Hyphenator.java:118)
05-20 08:15:04.913 E/Hyphenator( 1323): 	at android.text.Hyphenator.init(Hyphenator.java:224)
05-20 08:15:04.913 E/Hyphenator( 1323): 	at com.android.internal.os.ZygoteInit.preloadTextResources(ZygoteInit.java:252)
05-20 08:15:04.913 E/Hyphenator( 1323): 	at com.android.internal.os.ZygoteInit.preload(ZygoteInit.java:206)
05-20 08:15:04.913 E/Hyphenator( 1323): 	at com.android.internal.os.ZygoteInit.main(ZygoteInit.java:743)
05-20 08:15:04.913 E/Hyphenator( 1323): Caused by: android.system.ErrnoException: open failed: ENOENT (No such file or directory)
05-20 08:15:04.913 E/Hyphenator( 1323): 	at libcore.io.Posix.open(Native Method)
05-20 08:15:04.913 E/Hyphenator( 1323): 	at libcore.io.BlockGuardOs.open(BlockGuardOs.java:187)
05-20 08:15:04.913 E/Hyphenator( 1323): 	at libcore.io.IoBridge.open(IoBridge.java:441)
05-20 08:15:04.913 E/Hyphenator( 1323): 	... 6 more
05-20 08:15:04.914 E/Hyphenator( 1323): error loading hyphenation /system/usr/hyphen-data/hyph-or.hyb
05-20 08:15:04.914 E/Hyphenator( 1323): java.io.FileNotFoundException: /system/usr/hyphen-data/hyph-or.hyb: open failed: ENOENT (No such file or directory)
05-20 08:15:04.914 E/Hyphenator( 1323): 	at libcore.io.IoBridge.open(IoBridge.java:455)
05-20 08:15:04.914 E/Hyphenator( 1323): 	at java.io.RandomAccessFile.<init>(RandomAccessFile.java:247)
05-20 08:15:04.914 E/Hyphenator( 1323): 	at android.text.Hyphenator.loadHyphenator(Hyphenator.java:118)
05-20 08:15:04.914 E/Hyphenator( 1323): 	at android.text.Hyphenator.init(Hyphenator.java:224)
05-20 08:15:04.914 E/Hyphenator( 1323): 	at com.android.internal.os.ZygoteInit.preloadTextResources(ZygoteInit.java:252)
05-20 08:15:04.914 E/Hyphenator( 1323): 	at com.android.internal.os.ZygoteInit.preload(ZygoteInit.java:206)
05-20 08:15:04.914 E/Hyphenator( 1323): 	at com.android.internal.os.ZygoteInit.main(ZygoteInit.java:743)
05-20 08:15:04.914 E/Hyphenator( 1323): Caused by: android.system.ErrnoException: open failed: ENOENT (No such file or directory)
05-20 08:15:04.914 E/Hyphenator( 1323): 	at libcore.io.Posix.open(Native Method)
05-20 08:15:04.914 E/Hyphenator( 1323): 	at libcore.io.BlockGuardOs.open(BlockGuardOs.java:187)
05-20 08:15:04.914 E/Hyphenator( 1323): 	at libcore.io.IoBridge.open(IoBridge.java:441)
05-20 08:15:04.914 E/Hyphenator( 1323): 	... 6 more
05-20 08:15:04.916 E/Hyphenator( 1323): error loading hyphenation /system/usr/hyphen-data/hyph-pa.hyb
05-20 08:15:04.916 E/Hyphenator( 1323): java.io.FileNotFoundException: /system/usr/hyphen-data/hyph-pa.hyb: open failed: ENOENT (No such file or directory)
05-20 08:15:04.916 E/Hyphenator( 1323): 	at libcore.io.IoBridge.open(IoBridge.java:455)
05-20 08:15:04.916 E/Hyphenator( 1323): 	at java.io.RandomAccessFile.<init>(RandomAccessFile.java:247)
05-20 08:15:04.916 E/Hyphenator( 1323): 	at android.text.Hyphenator.loadHyphenator(Hyphenator.java:118)
05-20 08:15:04.916 E/Hyphenator( 1323): 	at android.text.Hyphenator.init(Hyphenator.java:224)
05-20 08:15:04.916 E/Hyphenator( 1323): 	at com.android.internal.os.ZygoteInit.preloadTextResources(ZygoteInit.java:252)
05-20 08:15:04.916 E/Hyphenator( 1323): 	at com.android.internal.os.ZygoteInit.preload(ZygoteInit.java:206)
05-20 08:15:04.916 E/Hyphenator( 1323): 	at com.android.internal.os.ZygoteInit.main(ZygoteInit.java:743)
05-20 08:15:04.916 E/Hyphenator( 1323): Caused by: android.system.ErrnoException: open failed: ENOENT (No such file or directory)
05-20 08:15:04.916 E/Hyphenator( 1323): 	at libcore.io.Posix.open(Native Method)
05-20 08:15:04.916 E/Hyphenator( 1323): 	at libcore.io.BlockGuardOs.open(BlockGuardOs.java:187)
05-20 08:15:04.916 E/Hyphenator( 1323): 	at libcore.io.IoBridge.open(IoBridge.java:441)
05-20 08:15:04.916 E/Hyphenator( 1323): 	... 6 more
05-20 08:15:04.917 E/Hyphenator( 1323): error loading hyphenation /system/usr/hyphen-data/hyph-pt.hyb
05-20 08:15:04.917 E/Hyphenator( 1323): java.io.FileNotFoundException: /system/usr/hyphen-data/hyph-pt.hyb: open failed: ENOENT (No such file or directory)
05-20 08:15:04.917 E/Hyphenator( 1323): 	at libcore.io.IoBridge.open(IoBridge.java:455)
05-20 08:15:04.917 E/Hyphenator( 1323): 	at java.io.RandomAccessFile.<init>(RandomAccessFile.java:247)
05-20 08:15:04.917 E/Hyphenator( 1323): 	at android.text.Hyphenator.loadHyphenator(Hyphenator.java:118)
05-20 08:15:04.917 E/Hyphenator( 1323): 	at android.text.Hyphenator.init(Hyphenator.java:224)
05-20 08:15:04.917 E/Hyphenator( 1323): 	at com.android.internal.os.ZygoteInit.preloadTextResources(ZygoteInit.java:252)
05-20 08:15:04.917 E/Hyphenator( 1323): 	at com.android.internal.os.ZygoteInit.preload(ZygoteInit.java:206)
05-20 08:15:04.917 E/Hyphenator( 1323): 	at com.android.internal.os.ZygoteInit.main(ZygoteInit.java:743)
05-20 08:15:04.917 E/Hyphenator( 1323): Caused by: android.system.ErrnoException: open failed: ENOENT (No such file or directory)
05-20 08:15:04.917 E/Hyphenator( 1323): 	at libcore.io.Posix.open(Native Method)
05-20 08:15:04.917 E/Hyphenator( 1323): 	at libcore.io.BlockGuardOs.open(BlockGuardOs.java:187)
05-20 08:15:04.917 E/Hyphenator( 1323): 	at libcore.io.IoBridge.open(IoBridge.java:441)
05-20 08:15:04.917 E/Hyphenator( 1323): 	... 6 more
05-20 08:15:04.919 E/Hyphenator( 1323): error loading hyphenation /system/usr/hyphen-data/hyph-sl.hyb
05-20 08:15:04.919 E/Hyphenator( 1323): java.io.FileNotFoundException: /system/usr/hyphen-data/hyph-sl.hyb: open failed: ENOENT (No such file or directory)
05-20 08:15:04.919 E/Hyphenator( 1323): 	at libcore.io.IoBridge.open(IoBridge.java:455)
05-20 08:15:04.919 E/Hyphenator( 1323): 	at java.io.RandomAccessFile.<init>(RandomAccessFile.java:247)
05-20 08:15:04.919 E/Hyphenator( 1323): 	at android.text.Hyphenator.loadHyphenator(Hyphenator.java:118)
05-20 08:15:04.919 E/Hyphenator( 1323): 	at android.text.Hyphenator.init(Hyphenator.java:224)
05-20 08:15:04.919 E/Hyphenator( 1323): 	at com.android.internal.os.ZygoteInit.preloadTextResources(ZygoteInit.java:252)
05-20 08:15:04.919 E/Hyphenator( 1323): 	at com.android.internal.os.ZygoteInit.preload(ZygoteInit.java:206)
05-20 08:15:04.919 E/Hyphenator( 1323): 	at com.android.internal.os.ZygoteInit.main(ZygoteInit.java:743)
05-20 08:15:04.919 E/Hyphenator( 1323): Caused by: android.system.ErrnoException: open failed: ENOENT (No such file or directory)
05-20 08:15:04.919 E/Hyphenator( 1323): 	at libcore.io.Posix.open(Native Method)
05-20 08:15:04.919 E/Hyphenator( 1323): 	at libcore.io.BlockGuardOs.open(BlockGuardOs.java:187)
05-20 08:15:04.919 E/Hyphenator( 1323): 	at libcore.io.IoBridge.open(IoBridge.java:441)
05-20 08:15:04.919 E/Hyphenator( 1323): 	... 6 more
05-20 08:15:04.972 E/Hyphenator( 1323): error loading hyphenation /system/usr/hyphen-data/hyph-ta.hyb
05-20 08:15:04.972 E/Hyphenator( 1323): java.io.FileNotFoundException: /system/usr/hyphen-data/hyph-ta.hyb: open failed: ENOENT (No such file or directory)
05-20 08:15:04.972 E/Hyphenator( 1323): 	at libcore.io.IoBridge.open(IoBridge.java:455)
05-20 08:15:04.972 E/Hyphenator( 1323): 	at java.io.RandomAccessFile.<init>(RandomAccessFile.java:247)
05-20 08:15:04.972 E/Hyphenator( 1323): 	at android.text.Hyphenator.loadHyphenator(Hyphenator.java:118)
05-20 08:15:04.972 E/Hyphenator( 1323): 	at android.text.Hyphenator.init(Hyphenator.java:224)
05-20 08:15:04.972 E/Hyphenator( 1323): 	at com.android.internal.os.ZygoteInit.preloadTextResources(ZygoteInit.java:252)
05-20 08:15:04.972 E/Hyphenator( 1323): 	at com.android.internal.os.ZygoteInit.preload(ZygoteInit.java:206)
05-20 08:15:04.972 E/Hyphenator( 1323): 	at com.android.internal.os.ZygoteInit.main(ZygoteInit.java:743)
05-20 08:15:04.972 E/Hyphenator( 1323): Caused by: android.system.ErrnoException: open failed: ENOENT (No such file or directory)
05-20 08:15:04.972 E/Hyphenator( 1323): 	at libcore.io.Posix.open(Native Method)
05-20 08:15:04.972 E/Hyphenator( 1323): 	at libcore.io.BlockGuardOs.open(BlockGuardOs.java:187)
05-20 08:15:04.972 E/Hyphenator( 1323): 	at libcore.io.IoBridge.open(IoBridge.java:441)
05-20 08:15:04.972 E/Hyphenator( 1323): 	... 6 more
05-20 08:15:04.974 E/Hyphenator( 1323): error loading hyphenation /system/usr/hyphen-data/hyph-te.hyb
05-20 08:15:04.974 E/Hyphenator( 1323): java.io.FileNotFoundException: /system/usr/hyphen-data/hyph-te.hyb: open failed: ENOENT (No such file or directory)
05-20 08:15:04.974 E/Hyphenator( 1323): 	at libcore.io.IoBridge.open(IoBridge.java:455)
05-20 08:15:04.974 E/Hyphenator( 1323): 	at java.io.RandomAccessFile.<init>(RandomAccessFile.java:247)
05-20 08:15:04.974 E/Hyphenator( 1323): 	at android.text.Hyphenator.loadHyphenator(Hyphenator.java:118)
05-20 08:15:04.974 E/Hyphenator( 1323): 	at android.text.Hyphenator.init(Hyphenator.java:224)
05-20 08:15:04.974 E/Hyphenator( 1323): 	at com.android.internal.os.ZygoteInit.preloadTextResources(ZygoteInit.java:252)
05-20 08:15:04.974 E/Hyphenator( 1323): 	at com.android.internal.os.ZygoteInit.preload(ZygoteInit.java:206)
05-20 08:15:04.974 E/Hyphenator( 1323): 	at com.android.internal.os.ZygoteInit.main(ZygoteInit.java:743)
05-20 08:15:04.974 E/Hyphenator( 1323): Caused by: android.system.ErrnoException: open failed: ENOENT (No such file or directory)
05-20 08:15:04.974 E/Hyphenator( 1323): 	at libcore.io.Posix.open(Native Method)
05-20 08:15:04.974 E/Hyphenator( 1323): 	at libcore.io.BlockGuardOs.open(BlockGuardOs.java:187)
05-20 08:15:04.974 E/Hyphenator( 1323): 	at libcore.io.IoBridge.open(IoBridge.java:441)
05-20 08:15:04.974 E/Hyphenator( 1323): 	... 6 more
05-20 08:15:04.975 E/Hyphenator( 1323): error loading hyphenation /system/usr/hyphen-data/hyph-tk.hyb
05-20 08:15:04.975 E/Hyphenator( 1323): java.io.FileNotFoundException: /system/usr/hyphen-data/hyph-tk.hyb: open failed: ENOENT (No such file or directory)
05-20 08:15:04.975 E/Hyphenator( 1323): 	at libcore.io.IoBridge.open(IoBridge.java:455)
05-20 08:15:04.975 E/Hyphenator( 1323): 	at java.io.RandomAccessFile.<init>(RandomAccessFile.java:247)
05-20 08:15:04.975 E/Hyphenator( 1323): 	at android.text.Hyphenator.loadHyphenator(Hyphenator.java:118)
05-20 08:15:04.975 E/Hyphenator( 1323): 	at android.text.Hyphenator.init(Hyphenator.java:224)
05-20 08:15:04.975 E/Hyphenator( 1323): 	at com.android.internal.os.ZygoteInit.preloadTextResources(ZygoteInit.java:252)
05-20 08:15:04.975 E/Hyphenator( 1323): 	at com.android.internal.os.ZygoteInit.preload(ZygoteInit.java:206)
05-20 08:15:04.975 E/Hyphenator( 1323): 	at com.android.internal.os.ZygoteInit.main(ZygoteInit.java:743)
05-20 08:15:04.975 E/Hyphenator( 1323): Caused by: android.system.ErrnoException: open failed: ENOENT (No such file or directory)
05-20 08:15:04.975 E/Hyphenator( 1323): 	at libcore.io.Posix.open(Native Method)
05-20 08:15:04.975 E/Hyphenator( 1323): 	at libcore.io.BlockGuardOs.open(BlockGuardOs.java:187)
05-20 08:15:04.975 E/Hyphenator( 1323): 	at libcore.io.IoBridge.open(IoBridge.java:441)
05-20 08:15:04.975 E/Hyphenator( 1323): 	... 6 more
05-20 08:15:04.977 E/Hyphenator( 1323): error loading hyphenation /system/usr/hyphen-data/hyph-und-ethi.hyb
05-20 08:15:04.977 E/Hyphenator( 1323): java.io.FileNotFoundException: /system/usr/hyphen-data/hyph-und-ethi.hyb: open failed: ENOENT (No such file or directory)
05-20 08:15:04.977 E/Hyphenator( 1323): 	at libcore.io.IoBridge.open(IoBridge.java:455)
05-20 08:15:04.977 E/Hyphenator( 1323): 	at java.io.RandomAccessFile.<init>(RandomAccessFile.java:247)
05-20 08:15:04.977 E/Hyphenator( 1323): 	at android.text.Hyphenator.loadHyphenator(Hyphenator.java:118)
05-20 08:15:04.977 E/Hyphenator( 1323): 	at android.text.Hyphenator.init(Hyphenator.java:224)
05-20 08:15:04.977 E/Hyphenator( 1323): 	at com.android.internal.os.ZygoteInit.preloadTextResources(ZygoteInit.java:252)
05-20 08:15:04.977 E/Hyphenator( 1323): 	at com.android.internal.os.ZygoteInit.preload(ZygoteInit.java:206)
05-20 08:15:04.977 E/Hyphenator( 1323): 	at com.android.internal.os.ZygoteInit.main(ZygoteInit.java:743)
05-20 08:15:04.977 E/Hyphenator( 1323): Caused by: android.system.ErrnoException: open failed: ENOENT (No such file or directory)
05-20 08:15:04.977 E/Hyphenator( 1323): 	at libcore.io.Posix.open(Native Method)
05-20 08:15:04.977 E/Hyphenator( 1323): 	at libcore.io.BlockGuardOs.open(BlockGuardOs.java:187)
05-20 08:15:04.977 E/Hyphenator( 1323): 	at libcore.io.IoBridge.open(IoBridge.java:441)
05-20 08:15:04.977 E/Hyphenator( 1323): 	... 6 more
05-20 08:15:05.245 I/Zygote  ( 1323): Uninstalled ICU cache reference pinning...
05-20 08:15:05.297 I/Zygote  ( 1323): Installed AndroidKeyStoreProvider in 52ms.
05-20 08:15:05.524 I/art     ( 1323): Background sticky concurrent mark sweep GC freed 11966(978KB) AllocSpace objects, 3(120KB) LOS objects, 14% free, 6MB/7MB, paused 2.584ms total 233.850ms
05-20 08:15:05.907 I/Zygote  ( 1323): Warmed up JCA providers in 609ms.
05-20 08:15:05.907 D/Zygote  ( 1323): end preload
05-20 08:15:05.908 I/art     ( 1323): Starting a blocking GC Explicit
05-20 08:15:06.223 I/art     ( 1323): Explicit concurrent mark sweep GC freed 5735(294KB) AllocSpace objects, 4(164KB) LOS objects, 39% free, 6MB/10MB, paused 86.735ms total 312.902ms
05-20 08:15:06.228 I/art     ( 1323): Starting a blocking GC Explicit
05-20 08:15:06.448 I/art     ( 1323): Explicit concurrent mark sweep GC freed 56(1928B) AllocSpace objects, 0(0B) LOS objects, 39% free, 6MB/10MB, paused 338us total 218.472ms
05-20 08:15:06.463 I/Zygote  ( 1323): Accepting command socket connections
05-20 08:15:06.506 I/Zygote  ( 1776): Process: zygote socket opened, supported ABIS: x86
05-20 08:15:06.534 I/InstallerConnection( 1776): connecting...
05-20 08:15:06.542 I/        ( 1327): new connection
05-20 08:15:06.731 I/InstallerConnection( 1776): disconnecting...
05-20 08:15:06.760 E/        ( 1327): eof
05-20 08:15:06.760 E/        ( 1327): failed to read size
05-20 08:15:06.760 I/        ( 1327): closing connection
05-20 08:15:07.320 I/SystemServer( 1776): Entered the Android system server!
05-20 08:15:08.791 I/SystemServiceManager( 1776): Starting com.android.server.pm.Installer
05-20 08:15:08.820 I/Installer( 1776): Waiting for installd to be ready.
05-20 08:15:08.820 I/InstallerConnection( 1776): connecting...
05-20 08:15:08.822 I/        ( 1327): new connection
05-20 08:15:08.823 I/SystemServiceManager( 1776): Starting com.android.server.am.ActivityManagerService$Lifecycle
05-20 08:15:09.118 I/ActivityManager( 1776): Memory class: 256
05-20 08:15:09.209 I/ServiceThread( 1776): Enabled StrictMode logging for ActivityManager looper.
05-20 08:15:09.281 I/ServiceThread( 1776): Enabled StrictMode logging for android.ui looper.
05-20 08:15:09.644 D/BatteryStatsImpl( 1776): Reading daily items from /data/system/batterystats-daily.xml
05-20 08:15:11.535 W/ProcessCpuTracker( 1776): Skipping unknown process pid 1826
05-20 08:15:11.539 W/ProcessCpuTracker( 1776): Skipping unknown process pid 1828
05-20 08:15:11.732 I/IntentFirewall( 1776): Read new rules (A:0 B:0 S:0)
05-20 08:15:11.994 I/ServiceThread( 1776): Enabled StrictMode logging for android.display looper.
05-20 08:15:12.252 D/AppOps  ( 1776): AppOpsService published
05-20 08:15:12.255 I/SystemServiceManager( 1776): Starting com.android.server.power.PowerManagerService
05-20 08:15:12.280 I/ServiceThread( 1776): Enabled StrictMode logging for PowerManagerService looper.
05-20 08:15:12.285 E/PowerManagerService-JNI( 1776): Couldn't load power module (No such file or directory)
05-20 08:15:12.285 W/libsuspend( 1776): Error writing 'on' to /sys/power/state: Invalid argument
05-20 08:15:12.286 I/libsuspend( 1776): Selected wakeup count
05-20 08:15:12.384 I/SystemServiceManager( 1776): Starting com.android.server.lights.LightsService
05-20 08:15:12.412 I/SystemServiceManager( 1776): Starting com.android.server.display.DisplayManagerService
05-20 08:15:12.534 I/SystemServiceManager( 1776): Starting phase 100
05-20 08:15:12.565 E/SurfaceFlinger( 1319): ro.sf.lcd_density must be defined as a build property
05-20 08:15:12.628 I/DisplayManagerService( 1776): Display device added: DisplayDeviceInfo{"Built-in Screen": uniqueId="local:0", 1080 x 1920, modeId 1, defaultModeId 1, supportedModes [{id=1, width=1080, height=1920, fps=60.000004}], colorMode 0, supportedColorModes [0], HdrCapabilities android.view.Display$HdrCapabilities@a69d6308, density 480, 480.0 x 480.0 dpi, appVsyncOff 1000000, presDeadline 16666666, touch INTERNAL, rotation 0, type BUILT_IN, state UNKNOWN, FLAG_DEFAULT_DISPLAY, FLAG_ROTATES_WITH_CONTENT, FLAG_SECURE, FLAG_SUPPORTS_PROTECTED_BUFFERS}
05-20 08:15:12.639 D/SurfaceFlinger( 1319): Set power mode=2, type=0 flinger=0x7b327bc47000
05-20 08:15:12.639 D/SurfaceFlinger( 1319): Screen type=0 is already mode=2
05-20 08:15:12.652 I/DisplayManagerService( 1776): Display device changed state: "Built-in Screen", ON
05-20 08:15:12.660 I/SystemServer( 1776): StartPackageManagerService
05-20 08:15:13.127 W/SystemConfig( 1776): No directory /system/etc/sysconfig, skipping
05-20 08:15:13.411 D/SELinuxMMAC( 1776): Using policy file /system/etc/security/mac_permissions.xml
05-20 08:15:15.380 E/art     ( 1776): DexFile_getDexOptNeeded file '/system/framework/org.apache.http.legacy.jar' does not exist
05-20 08:15:15.382 W/PackageManager( 1776): Library not found: /system/framework/org.apache.http.legacy.jar
05-20 08:15:15.560 E/art     ( 1776): DexFile_getDexOptNeeded file '/system/framework/org.apache.http.legacy.jar' does not exist
05-20 08:15:15.561 W/PackageManager( 1776): Library not found: /system/framework/org.apache.http.legacy.jar
05-20 08:15:15.607 D/PackageManager( 1776): No files in app dir /vendor/overlay
05-20 08:15:16.677 W/PackageManager( 1776): Failed to parse /system/framework/oat: Missing base APK in /system/framework/oat
05-20 08:15:16.710 W/PackageManager( 1776): Failed to parse /system/framework/x86: Missing base APK in /system/framework/x86
05-20 08:15:16.712 W/PackageManager( 1776): Failed to parse /system/framework/x86_64: Missing base APK in /system/framework/x86_64
05-20 08:15:17.605 W/PackageParser( 1776): No actions in intent filter at /system/priv-app/Contacts/Contacts.apk Binary XML file line #409
05-20 08:15:18.288 W/PackageParser( 1776): No actions in intent filter at /system/priv-app/Dialer/Dialer.apk Binary XML file line #186
05-20 08:15:18.683 W/PackageManager( 1776): Permission android.permission.DOWNLOAD_WITHOUT_NOTIFICATION from package com.android.providers.downloads in an unknown group android.permission-group.NETWORK
05-20 08:15:20.783 W/PackageParser( 1776): Ignoring duplicate uses-permissions/uses-permissions-sdk-m: android.permission.USE_CREDENTIALS in package: com.android.settings at: Binary XML file line #53
05-20 08:15:20.784 W/PackageParser( 1776): Ignoring duplicate uses-permissions/uses-permissions-sdk-m: android.permission.READ_SYNC_SETTINGS in package: com.android.settings at: Binary XML file line #58
05-20 08:15:20.784 W/PackageParser( 1776): Ignoring duplicate uses-permissions/uses-permissions-sdk-m: android.permission.WRITE_SYNC_SETTINGS in package: com.android.settings at: Binary XML file line #59
05-20 08:15:22.939 W/PackageParser( 1776): Ignoring duplicate uses-permissions/uses-permissions-sdk-m: android.permission.INSTALL_GRANT_RUNTIME_PERMISSIONS in package: com.android.shell at: Binary XML file line #102
05-20 08:15:23.768 W/PackageParser( 1776): Ignoring duplicate uses-permissions/uses-permissions-sdk-m: android.permission.CONFIGURE_WIFI_DISPLAY in package: com.android.systemui at: Binary XML file line #123
05-20 08:15:25.083 I/art     ( 1776): Background sticky concurrent mark sweep GC freed 33808(2MB) AllocSpace objects, 20(416KB) LOS objects, 31% free, 6MB/10MB, paused 1.812ms total 453.682ms
05-20 08:15:25.605 W/PackageManager( 1776): Non-privileged app; cap priority to 0; package: com.android.calendar activity: com.android.calendar.GoogleCalendarUriIntentFilter origPrio: 50
05-20 08:15:25.904 W/PackageManager( 1776): Non-privileged app; cap priority to 0; package: com.android.cts.ctsshim activity: com.android.cts.ctsshim.InstallPriority origPrio: 100
05-20 08:15:25.904 W/PackageManager( 1776): Non-privileged app; cap priority to 0; package: com.android.cts.ctsshim activity: com.android.cts.ctsshim.InstallPriority origPrio: 100
05-20 08:15:25.905 W/PackageManager( 1776): Non-privileged app; cap priority to 0; package: com.android.cts.ctsshim activity: com.android.cts.ctsshim.InstallPriority origPrio: 100
05-20 08:15:25.905 W/PackageManager( 1776): Non-privileged app; cap priority to 0; package: com.android.cts.ctsshim activity: com.android.cts.ctsshim.InstallPriority origPrio: 100
05-20 08:15:25.905 W/PackageManager( 1776): Non-privileged app; cap priority to 0; package: com.android.cts.ctsshim activity: com.android.cts.ctsshim.InstallPriority origPrio: 100
05-20 08:15:26.893 W/PackageParser( 1776): Ignoring duplicate uses-permissions/uses-permissions-sdk-m: android.permission.WRITE_CONTACTS in package: com.android.email at: Binary XML file line #40
05-20 08:15:27.729 W/PackageParser( 1776): Unknown element under <application>: permission at /system/app/Gallery2/Gallery2.apk Binary XML file line #238
05-20 08:15:27.729 W/PackageParser( 1776): Unknown element under <application>: permission at /system/app/Gallery2/Gallery2.apk Binary XML file line #241
05-20 08:15:27.752 V/NatController( 1336): runCmd(/system/bin/iptables -w -F natctrl_FORWARD) res=0
05-20 08:15:27.861 V/NatController( 1336): runCmd(/system/bin/ip6tables -w -F natctrl_FORWARD) res=0
05-20 08:15:27.991 V/NatController( 1336): runCmd(/system/bin/iptables -w -A natctrl_FORWARD -j DROP) res=0
05-20 08:15:28.091 V/NatController( 1336): runCmd(/system/bin/iptables -w -t nat -F natctrl_nat_POSTROUTING) res=0
05-20 08:15:28.713 W/PackageManager( 1776): Permission com.android.launcher3.permission.READ_SETTINGS from package com.android.launcher3 in an unknown group android.permission-group.SYSTEM_TOOLS
05-20 08:15:28.714 W/PackageManager( 1776): Permission com.android.launcher3.permission.WRITE_SETTINGS from package com.android.launcher3 in an unknown group android.permission-group.SYSTEM_TOOLS
05-20 08:15:28.714 W/PackageManager( 1776): Permission com.android.launcher.permission.INSTALL_SHORTCUT from package com.android.launcher3 in an unknown group android.permission-group.SYSTEM_TOOLS
05-20 08:15:28.723 V/NatController( 1336): runCmd(/system/bin/ip6tables -w -t raw -F natctrl_raw_PREROUTING) res=0
05-20 08:15:29.291 V/NatController( 1336): runCmd(/system/bin/iptables -w -F natctrl_tether_counters) res=1
05-20 08:15:29.759 V/NatController( 1336): runCmd(/system/bin/ip6tables -w -F natctrl_tether_counters) res=1
05-20 08:15:30.350 V/NatController( 1336): runCmd(/system/bin/iptables -w -X natctrl_tether_counters) res=1
05-20 08:15:30.508 V/NatController( 1336): runCmd(/system/bin/ip6tables -w -X natctrl_tether_counters) res=1
05-20 08:15:30.591 V/NatController( 1336): runCmd(/system/bin/iptables -w -N natctrl_tether_counters) res=0
05-20 08:15:30.711 V/NatController( 1336): runCmd(/system/bin/ip6tables -w -N natctrl_tether_counters) res=0
05-20 08:15:30.961 V/NatController( 1336): runCmd(/system/bin/iptables -w -t mangle -A natctrl_mangle_FORWARD -p tcp --tcp-flags SYN SYN -j TCPMSS --clamp-mss-to-pmtu) res=0
05-20 08:15:31.063 D/PackageManager( 1776): No files in app dir /system/vendor/app
05-20 08:15:31.064 D/PackageManager( 1776): No files in app dir /oem/app
05-20 08:15:32.422 W/PackageParser( 1776): No actions in intent filter at /data/app/ApiDemos/ApiDemos.apk Binary XML file line #3145
05-20 08:15:32.423 W/PackageParser( 1776): No actions in intent filter at /data/app/ApiDemos/ApiDemos.apk Binary XML file line #3151
05-20 08:15:32.464 W/PackageManager( 1776): Package com.example.android.apis desires unavailable shared library com.example.will.never.exist; ignoring!
05-20 08:15:32.565 I/SELinux ( 1776): SELinux: Loaded file_contexts contexts from /file_contexts.bin.
05-20 08:15:34.486 E/Netd    ( 1336): cannot find interface dummy0
05-20 08:15:34.585 D/MDnsDS  ( 1336): MDnsSdListener::Hander starting up
05-20 08:15:34.622 D/MDnsDS  ( 1336): MDnsSdListener starting to monitor
05-20 08:15:34.622 D/MDnsDS  ( 1336): Going to poll with pollCount 1
05-20 08:15:42.803 D/PackageManager( 1776): No files in app dir /data/app-private
05-20 08:15:42.813 D/PackageManager( 1776): No files in app dir /data/app-ephemeral
05-20 08:15:42.856 E/PackageManager( 1776): There should probably be exactly one setup wizard; found 0: matches=[]
05-20 08:15:42.857 W/PackageManager( 1776): Protected action; cap priority to 0; package: com.android.cts.priv.ctsshim activity: com.android.cts.priv.ctsshim.InstallPriority origPrio: 100
05-20 08:15:42.857 W/PackageManager( 1776): Protected action; cap priority to 0; package: com.android.cts.priv.ctsshim activity: com.android.cts.priv.ctsshim.InstallPriority origPrio: 100
05-20 08:15:42.857 W/PackageManager( 1776): Protected action; cap priority to 0; package: com.android.cts.priv.ctsshim activity: com.android.cts.priv.ctsshim.InstallPriority origPrio: 100
05-20 08:15:42.857 W/PackageManager( 1776): Protected action; cap priority to 0; package: com.android.cts.priv.ctsshim activity: com.android.cts.priv.ctsshim.InstallPriority origPrio: 100
05-20 08:15:42.857 W/PackageManager( 1776): Protected action; cap priority to 0; package: com.android.packageinstaller activity: com.android.packageinstaller.PackageInstallerActivity origPrio: 1
05-20 08:15:42.858 W/PackageManager( 1776): Package com.android.camera desires unavailable shared library com.google.android.media.effects; ignoring!
05-20 08:15:42.858 W/PackageManager( 1776): Package com.android.gallery3d desires unavailable shared library com.google.android.media.effects; ignoring!
05-20 08:15:42.858 W/PackageManager( 1776): Package com.android.gallery3d desires unavailable shared library com.google.android.media.effects; ignoring!
05-20 08:15:42.858 W/PackageManager( 1776): Package com.example.android.apis desires unavailable shared library com.example.will.never.exist; ignoring!
05-20 08:15:42.870 I/PackageManager( 1776): Adjusting ABI for com.android.providers.downloads to x86_64 (requirer=com.android.mtp, scannedPackage=null)
05-20 08:15:42.892 I/PackageManager( 1776): Adjusting ABI for com.android.providers.media to x86_64 (requirer=com.android.mtp, scannedPackage=null)
05-20 08:15:42.894 I/PackageManager( 1776): Adjusting ABI for com.android.providers.downloads.ui to x86_64 (requirer=com.android.mtp, scannedPackage=null)
05-20 08:15:42.896 I/PackageManager( 1776): Adjusting ABI for com.android.wallpaperbackup to x86_64 (requirer=android, scannedPackage=null)
05-20 08:15:42.898 I/PackageManager( 1776): Adjusting ABI for com.android.server.telecom to x86_64 (requirer=android, scannedPackage=null)
05-20 08:15:42.910 I/PackageManager( 1776): Adjusting ABI for com.android.keychain to x86_64 (requirer=android, scannedPackage=null)
05-20 08:15:42.912 I/PackageManager( 1776): Adjusting ABI for com.android.settings to x86_64 (requirer=android, scannedPackage=null)
05-20 08:15:42.914 I/PackageManager( 1776): Adjusting ABI for com.android.location.fused to x86_64 (requirer=android, scannedPackage=null)
05-20 08:15:42.916 I/PackageManager( 1776): Adjusting ABI for com.android.inputdevices to x86_64 (requirer=android, scannedPackage=null)
05-20 08:15:42.918 I/PackageManager( 1776): Adjusting ABI for com.android.providers.settings to x86_64 (requirer=android, scannedPackage=null)
05-20 08:15:42.949 I/PackageManager( 1776): Time to scan packages: 27.805 seconds
05-20 08:15:42.965 W/PackageManager( 1776): Unknown permission com.google.android.googleapps.permission.GOOGLE_AUTH in package com.android.providers.calendar
05-20 08:15:42.965 W/PackageManager( 1776): Unknown permission com.google.android.googleapps.permission.GOOGLE_AUTH.cl in package com.android.providers.calendar
05-20 08:15:42.967 W/PackageManager( 1776): Not granting permission android.permission.GLOBAL_SEARCH to package com.android.quicksearchbox (protectionLevel=18 flags=0x3808be45)
05-20 08:15:42.968 W/PackageManager( 1776): Not granting permission android.permission.WRITE_EXTERNAL_STORAGE to package gov.nasa.arc.astrobee.android.gs.manager because it was previously installed without
05-20 08:15:42.968 W/PackageManager( 1776): Not granting permission android.permission.READ_EXTERNAL_STORAGE to package gov.nasa.arc.astrobee.android.gs.manager because it was previously installed without
05-20 08:15:42.969 W/PackageManager( 1776): Unknown permission com.android.launcher.permission.READ_SETTINGS in package com.android.launcher3
05-20 08:15:42.969 W/PackageManager( 1776): Unknown permission com.android.launcher.permission.WRITE_SETTINGS in package com.android.launcher3
05-20 08:15:42.969 W/PackageManager( 1776): Not granting permission android.permission.BIND_APPWIDGET to package com.android.launcher3 (protectionLevel=18 flags=0x3c4bbe45)
05-20 08:15:42.969 W/PackageManager( 1776): Unknown permission com.google.android.googleapps.permission.GOOGLE_AUTH.mail in package com.android.calendar
05-20 08:15:42.969 W/PackageManager( 1776): Unknown permission com.google.android.providers.settings.permission.WRITE_GSETTINGS in package com.android.sdksetup
05-20 08:15:42.981 W/PackageManager( 1776): Unknown permission com.google.android.permission.INSTALL_WEARABLE_PACKAGES in package com.android.packageinstaller
05-20 08:15:42.981 W/PackageManager( 1776): Not granting permission android.permission.DELETE_PACKAGES to package com.svox.pico (protectionLevel=18 flags=0x3808be45)
05-20 08:15:42.981 W/PackageManager( 1776): Not granting permission android.permission.READ_CONTACTS to package com.example.android.apis because it was previously installed without
05-20 08:15:42.981 W/PackageManager( 1776): Not granting permission android.permission.WRITE_CONTACTS to package com.example.android.apis because it was previously installed without
05-20 08:15:42.981 W/PackageManager( 1776): Not granting permission android.permission.ACCESS_COARSE_LOCATION to package com.example.android.apis because it was previously installed without
05-20 08:15:42.982 W/PackageManager( 1776): Not granting permission android.permission.WRITE_EXTERNAL_STORAGE to package com.example.android.apis because it was previously installed without
05-20 08:15:42.982 W/PackageManager( 1776): Not granting permission android.permission.SEND_SMS to package com.example.android.apis because it was previously installed without
05-20 08:15:42.982 W/PackageManager( 1776): Not granting permission android.permission.RECEIVE_SMS to package com.example.android.apis because it was previously installed without
05-20 08:15:42.982 W/PackageManager( 1776): Not granting permission android.permission.RECEIVE_MMS to package com.example.android.apis because it was previously installed without
05-20 08:15:42.982 W/PackageManager( 1776): Not granting permission android.permission.READ_SMS to package com.example.android.apis because it was previously installed without
05-20 08:15:42.982 W/PackageManager( 1776): Not granting permission android.permission.READ_PHONE_STATE to package com.example.android.apis because it was previously installed without
05-20 08:15:42.982 W/PackageManager( 1776): Not granting permission android.permission.RECORD_AUDIO to package com.example.android.apis because it was previously installed without
05-20 08:15:42.982 W/PackageManager( 1776): Not granting permission android.permission.CAMERA to package com.example.android.apis because it was previously installed without
05-20 08:15:42.982 W/PackageManager( 1776): Not granting permission android.permission.READ_EXTERNAL_STORAGE to package com.example.android.apis because it was previously installed without
05-20 08:15:42.982 W/PackageManager( 1776): Unknown permission android.permission.RUN_INSTRUMENTATION in package org.chromium.webview_shell
05-20 08:15:42.990 W/PackageManager( 1776): Not granting permission android.permission.CAMERA to package jp.jaxa.iss.kibo.rpc.sampleapk because it was previously installed without
05-20 08:15:42.990 W/PackageManager( 1776): Not granting permission android.permission.WRITE_EXTERNAL_STORAGE to package jp.jaxa.iss.kibo.rpc.sampleapk because it was previously installed without
05-20 08:15:42.990 W/PackageManager( 1776): Not granting permission android.permission.READ_EXTERNAL_STORAGE to package jp.jaxa.iss.kibo.rpc.sampleapk because it was previously installed without
05-20 08:15:42.991 W/PackageManager( 1776): Unknown permission com.google.android.googleapps.permission.GOOGLE_AUTH in package com.android.settings
05-20 08:15:42.991 W/PackageManager( 1776): Unknown permission com.android.launcher.permission.READ_SETTINGS in package com.android.settings
05-20 08:15:42.991 W/PackageManager( 1776): Unknown permission com.android.launcher.permission.WRITE_SETTINGS in package com.android.settings
05-20 08:15:42.992 W/PackageManager( 1776): Unknown permission com.android.smspush.WAPPUSH_MANAGER_BIND in package com.android.phone
05-20 08:15:42.993 W/PackageManager( 1776): Unknown permission com.google.android.googleapps.permission.ACCESS_GOOGLE_PASSWORD in package com.android.development
05-20 08:15:42.993 W/PackageManager( 1776): Unknown permission com.google.android.googleapps.permission.GOOGLE_AUTH in package com.android.development
05-20 08:15:42.994 W/PackageManager( 1776): Unknown permission com.google.android.googleapps.permission.GOOGLE_AUTH.ALL_SERVICES in package com.android.development
05-20 08:15:42.994 W/PackageManager( 1776): Unknown permission com.google.android.googleapps.permission.GOOGLE_AUTH.YouTubeUser in package com.android.development
05-20 08:15:42.994 W/PackageManager( 1776): Not granting permission android.permission.BIND_APPWIDGET to package com.android.widgetpreview (protectionLevel=18 flags=0x3808be44)
05-20 08:15:42.995 V/PackageManager( 1776): reconcileAppsData for null u0 0x3
05-20 08:15:43.036 I/SELinux ( 1327): SELinux: Loaded file_contexts contexts from /file_contexts.bin.
05-20 08:15:47.686 V/PackageManager( 1776): reconcileAppsData finished 82 packages
05-20 08:15:48.291 E/PackageManager( 1776): There should probably be a verifier, but, none were found
05-20 08:15:48.422 D/PackageManager( 1776): Ephemeral resolver NOT found; no matching intent filters
05-20 08:15:48.423 I/PackageManager( 1776): Ephemeral deactivated; missing resolver and installer
05-20 08:15:48.427 I/art     ( 1776): Starting a blocking GC Explicit
05-20 08:15:48.432 W/art     ( 1776): Long monitor contention with owner main (1776) at int android.net.LocalSocketImpl.readba_native(byte[], int, int, java.io.FileDescriptor)(LocalSocketImpl.java:-2) waiters=0 in void com.android.server.pm.Settings$RuntimePermissionPersistence.writePermissionsSync(int) for 3.948s
05-20 08:15:48.695 I/art     ( 1776): Explicit concurrent mark sweep GC freed 38002(2MB) AllocSpace objects, 4(80KB) LOS objects, 33% free, 7MB/10MB, paused 1.880ms total 264.522ms
05-20 08:15:48.737 I/SystemServer( 1776): StartOtaDexOptService
05-20 08:15:48.818 I/SystemServer( 1776): StartUserManagerService
05-20 08:15:48.819 I/SystemServiceManager( 1776): Starting com.android.server.pm.UserManagerService$LifeCycle
05-20 08:15:48.924 I/lowmemorykiller( 1317): ActivityManager connected
05-20 08:15:48.943 D/SensorService( 1776): nuSensorService starting...
05-20 08:15:49.033 D/SensorService( 1776): nuSensorService thread starting...
05-20 08:15:49.037 D/SensorService( 1776): new thread SensorEventAckReceiver
05-20 08:15:49.050 I/SystemServiceManager( 1776): Starting com.android.server.BatteryService
05-20 08:15:49.151 I/SystemServiceManager( 1776): Starting com.android.server.usage.UsageStatsService
05-20 08:15:49.290 I/SystemServiceManager( 1776): Starting com.android.server.webkit.WebViewUpdateService
05-20 08:15:49.355 I/SystemServer( 1776): Reading configuration...
05-20 08:15:49.355 I/SystemServer( 1776): StartSchedulingPolicyService
05-20 08:15:49.359 I/SystemServiceManager( 1776): Starting com.android.server.telecom.TelecomLoaderService
05-20 08:15:49.362 I/SystemServer( 1776): StartTelephonyRegistry
05-20 08:15:49.414 I/SystemServer( 1776): StartEntropyMixer
05-20 08:15:49.436 I/EntropyMixer( 1776): Writing entropy...
05-20 08:15:49.503 I/SystemServer( 1776): Camera Service
05-20 08:15:49.510 I/SystemServiceManager( 1776): Starting com.android.server.camera.CameraService
05-20 08:15:49.542 I/ServiceThread( 1776): Enabled StrictMode logging for CameraService_proxy looper.
05-20 08:15:49.547 I/SystemServer( 1776): StartAccountManagerService
05-20 08:15:49.550 I/SystemServiceManager( 1776): Starting com.android.server.accounts.AccountManagerService$Lifecycle
05-20 08:15:49.627 I/SystemServer( 1776): StartContentService
05-20 08:15:49.640 I/SystemServiceManager( 1776): Starting com.android.server.content.ContentService$Lifecycle
05-20 08:15:49.730 I/SystemServer( 1776): InstallSystemProviders
05-20 08:15:49.797 W/System  ( 1776): ClassLoader referenced unknown path: /system/priv-app/SettingsProvider/lib/x86_64
05-20 08:15:50.340 I/SystemServer( 1776): StartVibratorService
05-20 08:15:50.343 E/VibratorService( 1776): Couldn't load vibrator module (No such file or directory)
05-20 08:15:50.343 W/VibratorService( 1776): Tried to stop vibrating but there is no vibrator device.
05-20 08:15:50.349 I/SystemServer( 1776): StartConsumerIrService
05-20 08:15:50.361 E/ConsumerIrService( 1776): Can't open consumer IR HW Module, error: -2
05-20 08:15:50.413 I/SystemServer( 1776): StartAlarmManagerService
05-20 08:15:50.413 I/SystemServiceManager( 1776): Starting com.android.server.AlarmManagerService
05-20 08:15:50.512 W/AlarmManagerService( 1776): no wall clock RTC found
05-20 08:15:50.514 D/AlarmManagerService( 1776): Kernel timezone updated to 0 minutes west of GMT
05-20 08:15:50.579 I/SystemServer( 1776): InitWatchdog
05-20 08:15:50.622 I/SystemServer( 1776): StartInputManagerService
05-20 08:15:50.684 I/InputManager( 1776): Initializing input manager, mUseDevInputEventForAudioJack=true
05-20 08:15:50.702 I/SystemServer( 1776): StartWindowManagerService
