05-20 08:17:23.404 W/art     ( 1776): Long monitor contention with owner Binder:1776_5 (2177) at void com.android.server.am.ActivityManagerService.attachApplication(android.app.IApplicationThread)(ActivityManagerService.java:6669) waiters=1 in android.content.Intent com.android.server.am.ActivityManagerService.registerReceiver(android.app.IApplicationThread, java.lang.String, android.content.IIntentReceiver, android.content.IntentFilter, java.lang.String, int) for 10.984s
05-20 08:17:23.414 W/art     ( 1776): Long monitor contention with owner Binder:1776_5 (2177) at void com.android.server.am.ActivityManagerService.attachApplication(android.app.IApplicationThread)(ActivityManagerService.java:6669) waiters=2 in java.lang.String com.android.server.am.ActivityManagerService.checkContentProviderAccess(java.lang.String, int) for 10.785s
05-20 08:17:23.415 W/art     ( 1776): Long monitor contention with owner Binder:1776_5 (2177) at void com.android.server.am.ActivityManagerService.attachApplication(android.app.IApplicationThread)(ActivityManagerService.java:6669) waiters=3 in android.app.IActivityManager$ContentProviderHolder com.android.server.am.ActivityManagerService.getContentProviderImpl(android.app.IApplicationThread, java.lang.String, android.os.IBinder, boolean, int) for 10.224s
05-20 08:17:23.417 W/art     ( 1776): Long monitor contention with owner Binder:1776_5 (2177) at void com.android.server.am.ActivityManagerService.attachApplication(android.app.IApplicationThread)(ActivityManagerService.java:6669) waiters=4 in java.lang.String com.android.server.am.ActivityManagerService.checkContentProviderAccess(java.lang.String, int) for 10.193s
05-20 08:17:23.418 W/art     ( 1776): Long monitor contention with owner Binder:1776_5 (2177) at void com.android.server.am.ActivityManagerService.attachApplication(android.app.IApplicationThread)(ActivityManagerService.java:6669) waiters=5 in void com.android.server.am.ActivityManagerService.appendDropBoxProcessHeaders(com.android.server.am.ProcessRecord, java.lang.String, java.lang.StringBuilder) for 10.175s
05-20 08:17:23.421 I/ActivityManager( 1776): Killing 2068:com.android.systemui/u0a21 (adj -800): bg anr
05-20 08:17:23.432 W/art     ( 1776): Long monitor contention with owner Binder:1776_5 (2177) at void com.android.server.am.ActivityManagerService.attachApplication(android.app.IApplicationThread)(ActivityManagerService.java:6669) waiters=6 in int com.android.server.am.ActivityManagerService.getMemoryTrimLevel() for 10.121s
05-20 08:17:23.690 W/System  ( 2535): ClassLoader referenced unknown path: /system/app/Launcher3/lib/x86_64
05-20 08:17:23.952 W/art     ( 1776): Long monitor contention with owner Binder:1776_5 (2177) at void com.android.server.am.ActivityManagerService.attachApplication(android.app.IApplicationThread)(ActivityManagerService.java:6669) waiters=8 in void com.android.server.am.ActivityManagerService.publishContentProviders(android.app.IApplicationThread, java.util.List) for 8.622s
05-20 08:17:23.997 W/art     ( 1776): Long monitor contention with owner Binder:1776_5 (2177) at void com.android.server.am.ActivityManagerService.attachApplication(android.app.IApplicationThread)(ActivityManagerService.java:6669) waiters=9 in void com.android.server.am.ActivityManagerService$LocalService.notifyAppTransitionStarting(int) for 5.628s
05-20 08:17:24.003 W/art     ( 1776): Long monitor contention with owner Binder:1776_5 (2177) at void com.android.server.am.ActivityManagerService.attachApplication(android.app.IApplicationThread)(ActivityManagerService.java:6669) waiters=10 in android.content.pm.UserInfo com.android.server.am.UserController.getCurrentUser() for 2.800s
05-20 08:17:24.012 D/LauncherProvider( 2535): Launcher process started
05-20 08:17:24.018 W/art     ( 1776): Long monitor contention with owner Binder:1776_5 (2177) at void com.android.server.am.ActivityManagerService.attachApplication(android.app.IApplicationThread)(ActivityManagerService.java:6669) waiters=11 in void com.android.server.am.ActivityManagerService.dispatchProcessesChanged() for 653ms
05-20 08:17:24.032 W/art     ( 1776): Long monitor contention with owner ActivityManager (1817) at void com.android.server.am.AppErrors.appNotResponding(com.android.server.am.ProcessRecord, com.android.server.am.ActivityRecord, com.android.server.am.ActivityRecord, boolean, java.lang.String)(AppErrors.java:884) waiters=6 in int com.android.server.am.ActivityManagerService.getMemoryTrimLevel() for 600ms
05-20 08:17:24.042 W/art     ( 1776): Long monitor contention with owner BackgroundDexOptService_PostBootUpdate (2461) at android.content.Intent com.android.server.am.ActivityManagerService.registerReceiver(android.app.IApplicationThread, java.lang.String, android.content.IIntentReceiver, android.content.IntentFilter, java.lang.String, int)(ActivityManagerService.java:17547) waiters=7 in void com.android.server.am.BroadcastQueue.processNextBroadcast(boolean) for 109ms
05-20 08:17:24.167 W/art     ( 1776): Long monitor contention with owner ActivityManager (1817) at void com.android.server.am.ActivityManagerService$MainHandler.handleMessage(android.os.Message)(ActivityManagerService.java:2311) waiters=2 in void com.android.server.am.ActivityManagerService$LocalService.notifyAppTransitionFinished() for 105ms
05-20 08:17:24.169 I/Choreographer( 1776): Skipped 350 frames!  The application may be doing too much work on its main thread.
05-20 08:17:24.253 W/art     ( 1776): Long monitor contention with owner Binder:1776_5 (2177) at void com.android.server.am.ActivityManagerService.attachApplication(android.app.IApplicationThread)(ActivityManagerService.java:6669) waiters=7 in void com.android.server.am.ActivityManagerService$3.handleMessage(android.os.Message) for 10.448s
05-20 08:17:24.333 W/art     ( 1776): Long monitor contention with owner ActivityManager (1817) at void com.android.server.am.ActivityManagerService$MainHandler.handleMessage(android.os.Message)(ActivityManagerService.java:2311) waiters=4 in android.content.Intent com.android.server.am.ActivityManagerService.registerReceiver(android.app.IApplicationThread, java.lang.String, android.content.IIntentReceiver, android.content.IntentFilter, java.lang.String, int) for 170ms
05-20 08:17:24.386 W/ActivityManager( 1776): Unable to launch app com.android.providers.contacts/10001 for provider com.android.contacts: launching app became null
05-20 08:17:24.389 I/ActivityManager( 1776): Killing 2489:android.process.acore/u0a1 (adj 0): timeout publishing content providers
05-20 08:17:24.390 D/ActivityManager( 1776): cleanUpApplicationRecord -- 2489
05-20 08:17:24.415 W/BroadcastQueue( 1776): Timeout of broadcast BroadcastRecord{ec10ff8 u-1 android.intent.action.TIME_TICK} - receiver=android.os.BinderProxy@3ba261e, started 13317ms ago
05-20 08:17:24.416 W/BroadcastQueue( 1776): Receiver during timeout: BroadcastFilter{11fc4cc u0 ReceiverList{7138eff 2068 com.android.systemui/10021/u0 remote:3ba261e}}
05-20 08:17:24.417 W/ActivityManager( 1776): Launch timeout has expired, giving up wake lock!
05-20 08:17:24.476 W/art     ( 1776): Long monitor contention with owner main (1776) at void com.android.server.pm.UserManagerService$MainHandler.handleMessage(android.os.Message)(UserManagerService.java:3290) waiters=0 in boolean com.android.server.pm.PackageManagerService.hasSystemFeature(java.lang.String, int) for 153ms
05-20 08:17:24.505 V/Launcher( 2535): LauncherAppState inited
05-20 08:17:24.616 I/ActivityManager( 1776): Skipping duplicate ANR: ProcessRecord{3f9ac70 2068:com.android.systemui/u0a21} Broadcast of Intent { act=android.intent.action.TIME_TICK flg=0x50000014 (has extras) }
05-20 08:17:24.953 W/art     ( 1776): Long monitor contention with owner Error dump: system_app_anr (2604) at boolean android.os.MessageQueue.enqueueMessage(android.os.Message, long)(MessageQueue.java:541) waiters=0 in android.os.Message android.os.MessageQueue.next() for 191ms
05-20 08:17:25.993 W/art     ( 2506): Long monitor contention with owner SharedPreferencesImpl-load (2612) at void android.app.SharedPreferencesImpl.loadFromDisk()(SharedPreferencesImpl.java:141) waiters=1 in void java.lang.Object.wait!() for 144ms
05-20 08:17:26.346 W/art     ( 1776): Long monitor contention with owner Binder:1776_5 (2177) at void com.android.server.am.ActivityManagerService.attachApplication(android.app.IApplicationThread)(ActivityManagerService.java:6669) waiters=7 in boolean com.android.server.am.ActivityManagerService.isUserRunning(int, int) for 12.644s
05-20 08:17:26.704 I/AlarmClock( 2506): AlarmInitReceiver android.intent.action.TIME_SET
05-20 08:17:27.156 E/JavaBinder( 1776): !!! FAILED BINDER TRANSACTION !!!  (parcel size = 92)
05-20 08:17:27.161 E/JavaBinder( 1776): !!! FAILED BINDER TRANSACTION !!!  (parcel size = 96)
05-20 08:17:28.781 V/GridSizeMigrationTask( 2535): Workspace migration completed in 330
05-20 08:17:28.794 D/Launcher.Model( 2535): loadWorkspace: loading default favorites
05-20 08:17:29.104 V/KeyguardServiceDelegate( 1776): *** Keyguard disconnected (boo!)
05-20 08:17:29.124 W/AudioService( 1776): Current remote volume controller died, unregistering
05-20 08:17:29.127 W/VolumeController( 1776): Error calling dismiss
05-20 08:17:29.127 W/VolumeController( 1776): android.os.DeadObjectException
05-20 08:17:29.127 W/VolumeController( 1776): 	at android.os.BinderProxy.transactNative(Native Method)
05-20 08:17:29.127 W/VolumeController( 1776): 	at android.os.BinderProxy.transact(Binder.java:615)
05-20 08:17:29.127 W/VolumeController( 1776): 	at android.media.IVolumeController$Stub$Proxy.dismiss(IVolumeController.java:162)
05-20 08:17:29.127 W/VolumeController( 1776): 	at com.android.server.audio.AudioService$VolumeController.postDismiss(AudioService.java:6138)
05-20 08:17:29.127 W/VolumeController( 1776): 	at com.android.server.audio.AudioService.setVolumeController(AudioService.java:5986)
05-20 08:17:29.127 W/VolumeController( 1776): 	at com.android.server.audio.AudioService$4.binderDied(AudioService.java:5995)
05-20 08:17:29.127 W/VolumeController( 1776): 	at android.os.BinderProxy.sendDeathNotice(Binder.java:688)
05-20 08:17:29.130 D/ConnectivityService( 1776): ConnectivityService NetworkRequestInfo binderDied(NetworkRequest [ LISTEN id=5, [] ], android.os.BinderProxy@7eb810b)
05-20 08:17:29.150 W/WallpaperManagerService( 1776): Wallpaper service gone: ComponentInfo{com.android.systemui/com.android.systemui.ImageWallpaper}
05-20 08:17:29.185 E/ConnectivityService( 1776): RemoteException caught trying to send a callback msg for NetworkRequest [ LISTEN id=5, [] ]
05-20 08:17:29.189 W/InputDispatcher( 1776): channel '61932c1 DockedStackDivider (server)' ~ Consumer closed input channel or an error occurred.  events=0x9
05-20 08:17:29.189 E/InputDispatcher( 1776): channel '61932c1 DockedStackDivider (server)' ~ Channel is unrecoverably broken and will be disposed!
05-20 08:17:29.203 W/InputDispatcher( 1776): channel '6e5cc54 StatusBar (server)' ~ Consumer closed input channel or an error occurred.  events=0x9
05-20 08:17:29.203 E/InputDispatcher( 1776): channel '6e5cc54 StatusBar (server)' ~ Channel is unrecoverably broken and will be disposed!
05-20 08:17:29.203 W/InputDispatcher( 1776): channel '2fa7c31 AssistPreviewPanel (server)' ~ Consumer closed input channel or an error occurred.  events=0x9
05-20 08:17:29.203 E/InputDispatcher( 1776): channel '2fa7c31 AssistPreviewPanel (server)' ~ Channel is unrecoverably broken and will be disposed!
05-20 08:17:29.204 W/InputDispatcher( 1776): channel '93ef284 NavigationBar (server)' ~ Consumer closed input channel or an error occurred.  events=0x9
05-20 08:17:29.204 E/InputDispatcher( 1776): channel '93ef284 NavigationBar (server)' ~ Channel is unrecoverably broken and will be disposed!
05-20 08:17:29.204 W/InputDispatcher( 1776): channel '306b7fa com.android.systemui.ImageWallpaper (server)' ~ Consumer closed input channel or an error occurred.  events=0x9
05-20 08:17:29.204 E/InputDispatcher( 1776): channel '306b7fa com.android.systemui.ImageWallpaper (server)' ~ Channel is unrecoverably broken and will be disposed!
05-20 08:17:29.973 W/art     ( 1776): Long monitor contention with owner android.display (1837) at void com.android.server.wm.WindowManagerService$H.handleMessage(android.os.Message)(WindowManagerService.java:8368) waiters=0 in void com.android.server.wm.WindowManagerService.setAppOrientation(android.view.IApplicationToken, int) for 1.705s
05-20 08:17:29.974 W/art     ( 1776): Long monitor contention with owner android.display (1837) at void com.android.server.wm.WindowManagerService$H.handleMessage(android.os.Message)(WindowManagerService.java:8368) waiters=1 in void com.android.server.wm.WindowState$DeathRecipient.binderDied() for 901ms
05-20 08:17:29.975 I/WindowManager( 1776): WIN DEATH: Window{6e5cc54 u0 StatusBar}
05-20 08:17:29.975 W/InputDispatcher( 1776): Attempted to unregister already unregistered input channel '6e5cc54 StatusBar (server)'
05-20 08:17:29.979 W/art     ( 1776): Long monitor contention with owner android.display (1837) at void com.android.server.wm.WindowManagerService$H.handleMessage(android.os.Message)(WindowManagerService.java:8368) waiters=2 in void com.android.server.wm.WindowManagerService$9.binderDied() for 905ms
05-20 08:17:29.980 W/art     ( 1776): Long monitor contention with owner Binder:1776_6 (2299) at void com.android.server.am.ActivityManagerService.setRequestedOrientation(android.os.IBinder, int)(ActivityManagerService.java:4785) waiters=0 in android.content.Intent com.android.server.am.ActivityManagerService.registerReceiver(android.app.IApplicationThread, java.lang.String, android.content.IIntentReceiver, android.content.IntentFilter, java.lang.String, int) for 1.706s
05-20 08:17:29.981 W/art     ( 1776): Long monitor contention with owner Binder:1776_6 (2299) at void com.android.server.am.ActivityManagerService.setRequestedOrientation(android.os.IBinder, int)(ActivityManagerService.java:4785) waiters=1 in com.android.server.am.ProcessRecord com.android.server.am.ActivityManagerService.findAppProcess(android.os.IBinder, java.lang.String) for 1.706s
05-20 08:17:30.009 W/art     ( 1776): Long monitor contention with owner Binder:1776_6 (2299) at void com.android.server.am.ActivityManagerService.setRequestedOrientation(android.os.IBinder, int)(ActivityManagerService.java:4785) waiters=2 in void com.android.server.am.ActivityStack$ActivityStackHandler.handleMessage(android.os.Message) for 1.514s
05-20 08:17:30.013 W/art     ( 1776): Long monitor contention with owner Binder:1776_6 (2299) at void com.android.server.am.ActivityManagerService.setRequestedOrientation(android.os.IBinder, int)(ActivityManagerService.java:4785) waiters=4 in java.lang.String com.android.server.am.ActivityManagerService.checkContentProviderAccess(java.lang.String, int) for 1.059s
05-20 08:17:30.013 W/art     ( 1776): Long monitor contention with owner Binder:1776_6 (2299) at void com.android.server.am.ActivityManagerService.setRequestedOrientation(android.os.IBinder, int)(ActivityManagerService.java:4785) waiters=5 in java.lang.String com.android.server.am.ActivityManagerService.checkContentProviderAccess(java.lang.String, int) for 1.056s
05-20 08:17:30.041 W/art     ( 1776): Long monitor contention with owner Binder:1776_6 (2299) at void com.android.server.am.ActivityManagerService.setRequestedOrientation(android.os.IBinder, int)(ActivityManagerService.java:4785) waiters=7 in void com.android.server.am.ActivityManagerService$AppDeathRecipient.binderDied() for 898ms
05-20 08:17:30.087 I/ActivityManager( 1776): Process com.android.systemui (pid 2068) has died
05-20 08:17:30.087 D/ActivityManager( 1776): cleanUpApplicationRecord -- 2068
05-20 08:17:30.089 W/ActivityManager( 1776): Scheduling restart of crashed service com.android.systemui/.SystemUIService in 0ms
05-20 08:17:30.090 W/ActivityManager( 1776): Scheduling restart of crashed service com.android.systemui/.keyguard.KeyguardService in 0ms
05-20 08:17:30.090 W/ActivityManager( 1776): Scheduling restart of crashed service com.android.systemui/.ImageWallpaper in 0ms
05-20 08:17:30.097 W/ActivityManager( 1776): Re-adding persistent process ProcessRecord{3f9ac70 2068:com.android.systemui/u0a21}
05-20 08:17:30.103 W/libprocessgroup( 1776): failed to open /acct/uid_10021/pid_2068/cgroup.procs: No such file or directory
05-20 08:17:30.118 W/art     ( 1776): Long monitor contention with owner Binder:1776_6 (2299) at void com.android.server.am.ActivityManagerService.setRequestedOrientation(android.os.IBinder, int)(ActivityManagerService.java:4785) waiters=3 in int com.android.server.am.ActivityManagerService.bindService(android.app.IApplicationThread, android.os.IBinder, android.content.Intent, java.lang.String, android.app.IServiceConnection, int, java.lang.String, int) for 1.199s
05-20 08:17:30.123 W/art     ( 1776): Long monitor contention with owner Binder:1776_6 (2299) at void com.android.server.am.ActivityManagerService.setRequestedOrientation(android.os.IBinder, int)(ActivityManagerService.java:4785) waiters=6 in void com.android.server.am.ActivityManagerService$3.handleMessage(android.os.Message) for 1.110s
05-20 08:17:30.173 W/WindowManager( 1776): Failed to report 'resized' to the client of Window{306b7fa u0 com.android.systemui.ImageWallpaper}, removing this window.
05-20 08:17:30.175 W/InputDispatcher( 1776): Attempted to unregister already unregistered input channel '306b7fa com.android.systemui.ImageWallpaper (server)'
05-20 08:17:30.237 W/art     ( 2626): Unexpected CPU variant for X86 using defaults: x86_64
05-20 08:17:30.268 W/ActivityManager( 1776): Slow operation: 170ms so far, now at startProcess: returned from zygote!
05-20 08:17:30.268 W/ActivityManager( 1776): Slow operation: 170ms so far, now at startProcess: done updating battery stats
05-20 08:17:30.269 W/ActivityManager( 1776): Slow operation: 171ms so far, now at startProcess: building log message
05-20 08:17:30.269 I/ActivityManager( 1776): Start proc 2626:com.android.systemui/u0a21 for restart com.android.systemui
05-20 08:17:30.269 W/ActivityManager( 1776): Slow operation: 171ms so far, now at startProcess: starting to update pids map
05-20 08:17:30.270 W/ActivityManager( 1776): Slow operation: 172ms so far, now at startProcess: done updating pids map
05-20 08:17:30.292 W/art     ( 1776): Long monitor contention with owner Binder:1776_E (2623) at void com.android.server.am.ActivityManagerService$AppDeathRecipient.binderDied()(ActivityManagerService.java:1475) waiters=4 in com.android.server.am.ProcessRecord com.android.server.am.ActivityManagerService.findAppProcess(android.os.IBinder, java.lang.String) for 234ms
05-20 08:17:30.299 W/art     ( 1776): Long monitor contention with owner Binder:1776_E (2623) at void com.android.server.am.ActivityManagerService$AppDeathRecipient.binderDied()(ActivityManagerService.java:1475) waiters=5 in java.lang.String com.android.server.am.ActivityManagerService.checkContentProviderAccess(java.lang.String, int) for 213ms
05-20 08:17:30.356 W/art     ( 1776): Long monitor contention with owner Binder:1776_E (2623) at void com.android.server.am.ActivityManagerService$AppDeathRecipient.binderDied()(ActivityManagerService.java:1475) waiters=3 in android.content.Intent com.android.server.am.ActivityManagerService.registerReceiver(android.app.IApplicationThread, java.lang.String, android.content.IIntentReceiver, android.content.IntentFilter, java.lang.String, int) for 215ms
05-20 08:17:30.377 W/art     ( 1776): Long monitor contention with owner Binder:1776_E (2623) at void com.android.server.am.ActivityManagerService$AppDeathRecipient.binderDied()(ActivityManagerService.java:1475) waiters=8 in void com.android.server.am.ActivityManagerService$3.handleMessage(android.os.Message) for 253ms
05-20 08:17:30.394 W/art     ( 1776): Long monitor contention with owner android.display (1837) at void com.android.server.wm.WindowManagerService$H.handleMessage(android.os.Message)(WindowManagerService.java:8368) waiters=3 in void com.android.server.wm.WindowState$DeathRecipient.binderDied() for 1.320s
05-20 08:17:30.394 I/WindowManager( 1776): WIN DEATH: Window{2fa7c31 u0 AssistPreviewPanel}
05-20 08:17:30.395 W/InputDispatcher( 1776): Attempted to unregister already unregistered input channel '2fa7c31 AssistPreviewPanel (server)'
05-20 08:17:30.674 D/WIFI    ( 1776): Registering NetworkFactory
05-20 08:17:30.674 D/WIFI_UT ( 1776): Registering NetworkFactory
05-20 08:17:30.679 D/ConnectivityService( 1776): Got NetworkFactory Messenger for WIFI
05-20 08:17:30.679 D/ConnectivityService( 1776): Got NetworkFactory Messenger for WIFI_UT
05-20 08:17:30.693 D/WIFI    ( 1776): got request NetworkRequest [ REQUEST id=1, [ Capabilities: INTERNET&NOT_RESTRICTED&TRUSTED&NOT_VPN] ] with score 0
05-20 08:17:30.694 D/WIFI_UT ( 1776): got request NetworkRequest [ REQUEST id=1, [ Capabilities: INTERNET&NOT_RESTRICTED&TRUSTED&NOT_VPN] ] with score 0
05-20 08:17:30.745 W/art     ( 1776): Long monitor contention with owner android.display (1837) at void com.android.server.wm.WindowManagerService$H.handleMessage(android.os.Message)(WindowManagerService.java:8368) waiters=4 in void com.android.server.wm.WindowState$DeathRecipient.binderDied() for 1.670s
05-20 08:17:30.745 I/WindowManager( 1776): WIN DEATH: Window{93ef284 u0 NavigationBar}
05-20 08:17:30.746 W/InputDispatcher( 1776): Attempted to unregister already unregistered input channel '93ef284 NavigationBar (server)'
05-20 08:17:30.764 W/art     ( 1776): Long monitor contention with owner Binder:1776_E (2623) at void com.android.server.am.ActivityManagerService$AppDeathRecipient.binderDied()(ActivityManagerService.java:1475) waiters=8 in int com.android.server.am.ActivityManagerService.bindService(android.app.IApplicationThread, android.os.IBinder, android.content.Intent, java.lang.String, android.app.IServiceConnection, int, java.lang.String, int) for 646ms
05-20 08:17:30.816 W/art     ( 1776): Long monitor contention with owner android.display (1837) at void com.android.server.wm.WindowManagerService$H.handleMessage(android.os.Message)(WindowManagerService.java:8368) waiters=5 in void com.android.server.wm.WindowState$DeathRecipient.binderDied() for 1.740s
05-20 08:17:30.906 W/System  ( 2626): ClassLoader referenced unknown path: /system/priv-app/SystemUI/lib/x86_64
05-20 08:17:30.952 V/AlarmClock( 2506): AlarmInitReceiver finished
05-20 08:17:30.984 W/WindowManager( 1776): Failed looking up window
05-20 08:17:30.984 W/WindowManager( 1776): java.lang.IllegalArgumentException: Requested window android.os.BinderProxy@8aaba25 does not exist
05-20 08:17:30.984 W/WindowManager( 1776): 	at com.android.server.wm.WindowManagerService.windowForClientLocked(WindowManagerService.java:9422)
05-20 08:17:30.984 W/WindowManager( 1776): 	at com.android.server.wm.WindowManagerService.windowForClientLocked(WindowManagerService.java:9413)
05-20 08:17:30.984 W/WindowManager( 1776): 	at com.android.server.wm.WindowState$DeathRecipient.binderDied(WindowState.java:1807)
05-20 08:17:30.984 W/WindowManager( 1776): 	at android.os.BinderProxy.sendDeathNotice(Binder.java:688)
05-20 08:17:30.984 I/WindowManager( 1776): WIN DEATH: null
05-20 08:17:31.002 W/art     ( 1776): Long monitor contention with owner android.display (1837) at void com.android.server.wm.WindowManagerService$H.handleMessage(android.os.Message)(WindowManagerService.java:8368) waiters=6 in void com.android.server.wm.Session.binderDied() for 1.922s
05-20 08:17:31.013 W/art     ( 1776): Long monitor contention with owner android.display (1837) at void com.android.server.wm.WindowManagerService$H.handleMessage(android.os.Message)(WindowManagerService.java:8368) waiters=7 in void com.android.server.wm.WindowState$DeathRecipient.binderDied() for 1.903s
05-20 08:17:31.013 I/WindowManager( 1776): WIN DEATH: Window{61932c1 u0 DockedStackDivider}
05-20 08:17:31.013 W/InputDispatcher( 1776): Attempted to unregister already unregistered input channel '61932c1 DockedStackDivider (server)'
05-20 08:17:31.077 W/art     ( 1776): Long monitor contention with owner Binder:1776_7 (2309) at void com.android.server.wm.WindowState$DeathRecipient.binderDied()(WindowState.java:1806) waiters=5 in void com.android.server.wm.WindowManagerService$9.binderDied() for 1.096s
05-20 08:17:31.078 W/art     ( 1776): Long monitor contention with owner Binder:1776_7 (2309) at void com.android.server.wm.WindowState$DeathRecipient.binderDied()(WindowState.java:1806) waiters=6 in void com.android.server.wm.WindowManagerService$H.handleMessage(android.os.Message) for 1.084s
05-20 08:17:31.079 W/art     ( 1776): Long monitor contention with owner Binder:1776_7 (2309) at void com.android.server.wm.WindowState$DeathRecipient.binderDied()(WindowState.java:1806) waiters=7 in float com.android.server.wm.WindowManagerService.getCurrentAnimatorScale() for 727ms
05-20 08:17:31.116 W/ActivityManager( 1776): Slow operation: 297ms so far, now at startProcess: returned from zygote!
05-20 08:17:31.117 W/ActivityManager( 1776): Slow operation: 298ms so far, now at startProcess: done updating battery stats
05-20 08:17:31.117 W/ActivityManager( 1776): Slow operation: 298ms so far, now at startProcess: building log message
05-20 08:17:31.117 I/ActivityManager( 1776): Start proc 2640:com.android.keychain/1000 for service com.android.keychain/.KeyChainService
05-20 08:17:31.117 W/ActivityManager( 1776): Slow operation: 298ms so far, now at startProcess: starting to update pids map
05-20 08:17:31.117 W/ActivityManager( 1776): Slow operation: 298ms so far, now at startProcess: done updating pids map
05-20 08:17:31.117 W/ActivityManager( 1776): Slow operation: 298ms so far, now at startProcess: done starting proc!
05-20 08:17:31.118 W/art     ( 1776): Long monitor contention with owner AsyncTask #3 (2522) at int com.android.server.am.ActivityManagerService.bindService(android.app.IApplicationThread, android.os.IBinder, android.content.Intent, java.lang.String, android.app.IServiceConnection, int, java.lang.String, int)(ActivityManagerService.java:17301) waiters=0 in android.content.Intent com.android.server.am.ActivityManagerService.registerReceiver(android.app.IApplicationThread, java.lang.String, android.content.IIntentReceiver, android.content.IntentFilter, java.lang.String, int) for 136ms
05-20 08:17:31.119 W/art     ( 1776): Long monitor contention with owner AsyncTask #3 (2522) at int com.android.server.am.ActivityManagerService.bindService(android.app.IApplicationThread, android.os.IBinder, android.content.Intent, java.lang.String, android.app.IServiceConnection, int, java.lang.String, int)(ActivityManagerService.java:17301) waiters=1 in com.android.server.am.ProcessRecord com.android.server.am.ActivityManagerService.findAppProcess(android.os.IBinder, java.lang.String) for 134ms
05-20 08:17:31.178 V/SystemUIService( 2626): Starting SystemUI services for user 0.
05-20 08:17:31.230 W/art     ( 2640): Unexpected CPU variant for X86 using defaults: x86_64
05-20 08:17:31.277 I/Choreographer( 1776): Skipped 83 frames!  The application may be doing too much work on its main thread.
05-20 08:17:31.291 I/Choreographer( 2535): Skipped 191 frames!  The application may be doing too much work on its main thread.
05-20 08:17:31.583 W/art     ( 1776): Long monitor contention with owner AsyncTask #3 (2522) at int com.android.server.am.ActivityManagerService.bindService(android.app.IApplicationThread, android.os.IBinder, android.content.Intent, java.lang.String, android.app.IServiceConnection, int, java.lang.String, int)(ActivityManagerService.java:17301) waiters=2 in void com.android.server.am.ActivityManagerService$3.handleMessage(android.os.Message) for 580ms
05-20 08:17:31.757 W/art     ( 1776): Long monitor contention with owner android.ui (1818) at int com.android.server.wm.WindowManagerService.relayoutWindow(com.android.server.wm.Session, android.view.IWindow, int, android.view.WindowManager$LayoutParams, int, int, int, int, android.graphics.Rect, android.graphics.Rect, android.graphics.Rect, android.graphics.Rect, android.graphics.Rect, android.graphics.Rect, android.graphics.Rect, android.content.res.Configuration, android.view.Surface)(WindowManagerService.java:2857) waiters=1 in void com.android.server.wm.Session.setWallpaperPosition(android.os.IBinder, float, float, float, float) for 405ms
05-20 08:17:31.759 W/art     ( 1776): Long monitor contention with owner android.ui (1818) at int com.android.server.wm.WindowManagerService.relayoutWindow(com.android.server.wm.Session, android.view.IWindow, int, android.view.WindowManager$LayoutParams, int, int, int, int, android.graphics.Rect, android.graphics.Rect, android.graphics.Rect, android.graphics.Rect, android.graphics.Rect, android.graphics.Rect, android.graphics.Rect, android.content.res.Configuration, android.view.Surface)(WindowManagerService.java:2857) waiters=2 in float com.android.server.wm.WindowManagerService.getCurrentAnimatorScale() for 274ms
05-20 08:17:31.991 W/System  ( 2640): ClassLoader referenced unknown path: /system/app/KeyChain/lib/x86_64
05-20 08:17:32.078 V/MediaRouter( 2626): Adding route: RouteInfo{ name=Phone, description=null, status=null, category=RouteCategory{ name=null types=ROUTE_TYPE_LIVE_AUDIO ROUTE_TYPE_LIVE_VIDEO  groupable=false }, supportedTypes=ROUTE_TYPE_LIVE_AUDIO ROUTE_TYPE_LIVE_VIDEO , presentationDisplay=null }
05-20 08:17:32.221 V/MediaRouter( 2626): Updating audio routes: AudioRoutesInfo{ type=SPEAKER }
05-20 08:17:32.295 V/MediaRouter( 2626): Selecting route: RouteInfo{ name=Phone, description=null, status=null, category=RouteCategory{ name=null types=ROUTE_TYPE_LIVE_AUDIO ROUTE_TYPE_LIVE_VIDEO  groupable=false }, supportedTypes=ROUTE_TYPE_LIVE_AUDIO ROUTE_TYPE_LIVE_VIDEO , presentationDisplay=null }
05-20 08:17:32.479 I/Choreographer( 2535): Skipped 69 frames!  The application may be doing too much work on its main thread.
05-20 08:17:32.605 D/gralloc_ranchu( 2535): Emulator without host-side GPU emulation detected. Loading gralloc.default.so from /vendor/lib64/hw/gralloc.goldfish.default.so...
05-20 08:17:32.608 D/gralloc_ranchu( 2535): gralloc.default.so not found in /vendor. Trying /system/lib64/hw/gralloc.goldfish.default.so...
05-20 08:17:32.688 D/TrustManagerService( 1776): Removing dead TrustListener.
05-20 08:17:32.841 E/WVMExtractor( 2626): Failed to open libwvm.so: dlopen failed: library "libwvm.so" not found
05-20 08:17:33.166 I/AlarmClock( 2506): AlarmInitReceiver android.intent.action.LOCKED_BOOT_COMPLETED
05-20 08:17:33.169 W/art     ( 1776): Long monitor contention with owner Binder:1776_9 (2575) at com.android.server.am.ProcessRecord com.android.server.am.ActivityManagerService.findAppProcess(android.os.IBinder, java.lang.String)(ActivityManagerService.java:13717) waiters=1 in void com.android.server.am.ActivityManagerService$3.handleMessage(android.os.Message) for 1.393s
05-20 08:17:33.426 I/MediaPlayerService( 1333): MediaPlayerService::getOMX
05-20 08:17:33.439 I/OMXClient( 2626): MuxOMX ctor
05-20 08:17:33.458 D/AlarmClock/Events( 2506): [Stopwatch] [Reset] [Reboot]
05-20 08:17:33.463 I/OMXMaster( 1330): makeComponentInstance(OMX.google.vorbis.decoder) in mediacodec process
05-20 08:17:33.544 W/art     ( 1776): Long monitor contention with owner Binder:1776_F (2624) at void com.android.server.am.ActivityManagerService.registerTaskStackListener(android.app.ITaskStackListener)(ActivityManagerService.java:3126) waiters=0 in void com.android.server.am.ActivityRecord$Token.windowsDrawn() for 209ms
05-20 08:17:33.546 I/ActivityManager( 1776): Displayed com.android.launcher3/.Launcher: +21s636ms
05-20 08:17:33.547 I/Choreographer( 1776): Skipped 37 frames!  The application may be doing too much work on its main thread.
05-20 08:17:33.554 W/art     ( 1776): Long monitor contention with owner Binder:1776_F (2624) at void com.android.server.am.ActivityManagerService.registerTaskStackListener(android.app.ITaskStackListener)(ActivityManagerService.java:3126) waiters=2 in void com.android.server.am.ActivityManagerService.dispatchProcessesChanged() for 144ms
05-20 08:17:34.154 W/WallpaperManagerService( 1776): Wallpaper reconnect timed out, reverting to built-in wallpaper!
05-20 08:17:35.952 I/SyncManager( 1776): Got SyncJobService instance.
05-20 08:17:35.957 I/FusedLocation( 1776): engine started (com.android.location.fused)
05-20 08:17:36.189 I/vol.Events( 2626): writeEvent collection_started
05-20 08:17:36.303 V/AlarmClock( 2506): AlarmInitReceiver finished
05-20 08:17:36.330 W/ActivityManager( 1776): Slow operation: 198ms so far, now at startProcess: returned from zygote!
05-20 08:17:36.331 W/ActivityManager( 1776): Slow operation: 199ms so far, now at startProcess: done updating battery stats
05-20 08:17:36.331 W/ActivityManager( 1776): Slow operation: 199ms so far, now at startProcess: building log message
05-20 08:17:36.331 I/ActivityManager( 1776): Start proc 2668:android.process.media/u0a10 for broadcast com.android.providers.downloads/.DownloadReceiver
05-20 08:17:36.363 W/ActivityManager( 1776): Slow operation: 200ms so far, now at startProcess: starting to update pids map
05-20 08:17:36.363 W/ActivityManager( 1776): Slow operation: 231ms so far, now at startProcess: done updating pids map
05-20 08:17:36.363 W/ActivityManager( 1776): Slow operation: 247ms so far, now at startProcess: done starting proc!
05-20 08:17:36.367 W/art     ( 1776): Long monitor contention with owner Binder:1776_6 (2299) at void com.android.server.am.BroadcastQueue.processNextBroadcast(boolean)(BroadcastQueue.java:760) waiters=0 in void com.android.server.am.ActivityManagerService.dispatchUidsChanged() for 245ms
05-20 08:17:36.424 W/art     ( 1776): Long monitor contention with owner Binder:1776_2 (1807) at void com.android.server.wm.WindowManagerService.removeWindow(com.android.server.wm.Session, android.view.IWindow)(WindowManagerService.java:2392) waiters=0 in void com.android.server.wm.WindowManagerService$H.handleMessage(android.os.Message) for 302ms
05-20 08:17:36.623 W/art     ( 2668): Unexpected CPU variant for X86 using defaults: x86_64
05-20 08:17:36.964 I/MediaPlayerService( 1333): MediaPlayerService::getOMX
05-20 08:17:37.067 I/OMXClient( 2626): MuxOMX ctor
05-20 08:17:37.136 I/OMXMaster( 1330): makeComponentInstance(OMX.google.vorbis.decoder) in mediacodec process
05-20 08:17:37.143 I/vol.Events( 2626): writeEvent external_ringer_mode_changed normal
05-20 08:17:37.144 I/vol.Events( 2626): writeEvent internal_ringer_mode_changed normal
05-20 08:17:37.273 I/art     ( 2535): Background sticky concurrent mark sweep GC freed 20130(1949KB) AllocSpace objects, 9(212KB) LOS objects, 21% free, 7MB/10MB, paused 1.923ms total 230.754ms
05-20 08:17:37.328 E/NetdConnector( 1776): NDC Command {18 bandwidth addniceapps 10010} took too long (940ms)
05-20 08:17:37.959 W/System  ( 2668): ClassLoader referenced unknown path: /system/priv-app/DownloadProvider/lib/x86_64
05-20 08:17:38.161 W/System  ( 2668): ClassLoader referenced unknown path: /system/priv-app/MediaProvider/lib/x86_64
05-20 08:17:38.171 D/ApplicationLoaders( 2668): ignored Vulkan layer search path /system/priv-app/MediaProvider/lib/x86_64:/system/priv-app/MediaProvider/MediaProvider.apk!/lib/x86_64:/system/lib64:/vendor/lib64 for namespace 0x7833aa0960f0
05-20 08:17:38.296 I/MediaPlayerService( 1333): MediaPlayerService::getOMX
05-20 08:17:38.298 I/OMXClient( 2626): MuxOMX ctor
05-20 08:17:38.314 I/OMXMaster( 1330): makeComponentInstance(OMX.google.vorbis.decoder) in mediacodec process
05-20 08:17:38.569 E/NetdConnector( 1776): NDC Command {19 firewall disable_chain standby} took too long (579ms)
05-20 08:17:38.825 I/vol.Events( 2626): writeEvent level_changed STREAM_ALARM 6
05-20 08:17:38.844 I/vol.Events( 2626): writeEvent level_changed STREAM_BLUETOOTH_SCO 7
05-20 08:17:38.887 I/vol.Events( 2626): writeEvent level_changed STREAM_MUSIC 11
05-20 08:17:38.905 I/vol.Events( 2626): writeEvent level_changed STREAM_RING 5
05-20 08:17:38.910 I/vol.Events( 2626): writeEvent level_changed STREAM_SYSTEM 5
05-20 08:17:38.936 I/vol.Events( 2626): writeEvent level_changed STREAM_VOICE_CALL 4
05-20 08:17:39.233 W/ActivityManager( 1776): Slow operation: 97ms so far, now at startProcess: returned from zygote!
05-20 08:17:39.234 W/ActivityManager( 1776): Slow operation: 98ms so far, now at startProcess: done updating battery stats
05-20 08:17:39.234 W/ActivityManager( 1776): Slow operation: 98ms so far, now at startProcess: building log message
05-20 08:17:39.234 I/ActivityManager( 1776): Start proc 2696:com.android.printspooler/u0a51 for service com.android.printspooler/.model.PrintSpoolerService
05-20 08:17:39.234 W/ActivityManager( 1776): Slow operation: 98ms so far, now at startProcess: starting to update pids map
05-20 08:17:39.234 W/ActivityManager( 1776): Slow operation: 98ms so far, now at startProcess: done updating pids map
05-20 08:17:39.234 W/ActivityManager( 1776): Slow operation: 99ms so far, now at startProcess: done starting proc!
05-20 08:17:39.237 W/art     ( 2696): Unexpected CPU variant for X86 using defaults: x86_64
05-20 08:17:39.318 D/StorageNotification( 2626): Notifying about private volume: VolumeInfo{private}:
05-20 08:17:39.318 D/StorageNotification( 2626):     type=PRIVATE diskId=null partGuid=null mountFlags=0 mountUserId=-1 
05-20 08:17:39.318 D/StorageNotification( 2626):     state=MOUNTED 
05-20 08:17:39.318 D/StorageNotification( 2626):     fsType=null fsUuid=null fsLabel=null 
05-20 08:17:39.318 D/StorageNotification( 2626):     path=/data internalPath=null 
05-20 08:17:39.321 D/StorageNotification( 2626): Notifying about public volume: VolumeInfo{public:253,48}:
05-20 08:17:39.321 D/StorageNotification( 2626):     type=PUBLIC diskId=disk:253,48 partGuid=null mountFlags=VISIBLE 
05-20 08:17:39.321 D/StorageNotification( 2626):     mountUserId=0 state=MOUNTED 
05-20 08:17:39.321 D/StorageNotification( 2626):     fsType=vfat fsUuid=1EFF-1C1B fsLabel=SDCARD 
05-20 08:17:39.321 D/StorageNotification( 2626):     path=/storage/1EFF-1C1B internalPath=/mnt/media_rw/1EFF-1C1B 
05-20 08:17:39.581 V/KeyguardServiceDelegate( 1776): *** Keyguard connected (yay!)
05-20 08:17:39.903 I/Choreographer( 2626): Skipped 45 frames!  The application may be doing too much work on its main thread.
05-20 08:17:40.370 W/art     ( 1776): Long monitor contention with owner Binder:1776_F (2624) at void com.android.server.wm.WindowManagerService.setInsetsWindow(com.android.server.wm.Session, android.view.IWindow, int, android.graphics.Rect, android.graphics.Rect, android.graphics.Region)(WindowManagerService.java:2719) waiters=0 in void com.android.server.wm.WindowManagerService$H.handleMessage(android.os.Message) for 359ms
05-20 08:17:40.522 I/StatusBarManagerService( 1776): registerStatusBar bar=com.android.internal.statusbar.IStatusBar$Stub$Proxy@7c6cfdd
05-20 08:17:40.724 D/MediaScannerReceiver( 2668): action: android.intent.action.MEDIA_MOUNTED path: /storage/1EFF-1C1B
05-20 08:17:41.095 D/MediaScannerReceiver( 2668): action: android.intent.action.MEDIA_MOUNTED path: /storage/emulated/0
05-20 08:17:41.245 W/Binder  ( 2626): Binder call failed.
05-20 08:17:41.245 W/Binder  ( 2626): android.os.DeadObjectException
05-20 08:17:41.245 W/Binder  ( 2626): 	at android.os.BinderProxy.transactNative(Native Method)
05-20 08:17:41.245 W/Binder  ( 2626): 	at android.os.BinderProxy.transact(Binder.java:615)
05-20 08:17:41.245 W/Binder  ( 2626): 	at android.content.IIntentReceiver$Stub$Proxy.performReceive(IIntentReceiver.java:124)
05-20 08:17:41.245 W/Binder  ( 2626): 	at android.app.ActivityThread$ApplicationThread.scheduleRegisteredReceiver(ActivityThread.java:946)
05-20 08:17:41.245 W/Binder  ( 2626): 	at android.app.ApplicationThreadNative.onTransact(ApplicationThreadNative.java:404)
05-20 08:17:41.245 W/Binder  ( 2626): 	at android.os.Binder.execTransact(Binder.java:565)
05-20 08:17:42.057 I/art     ( 2626): Background sticky concurrent mark sweep GC freed 16549(2MB) AllocSpace objects, 2(40KB) LOS objects, 28% free, 7MB/10MB, paused 791us total 162.818ms
05-20 08:17:42.124 V/MediaScanner( 2668): pruneDeadThumbnailFiles... android.content.ContentProviderClient$CursorWrapperInner@c6f4a6
05-20 08:17:42.128 V/MediaScanner( 2668): /pruneDeadThumbnailFiles... android.content.ContentProviderClient$CursorWrapperInner@c6f4a6
05-20 08:17:42.222 W/art     ( 2668): Suspending all threads took: 10.102ms
05-20 08:17:42.448 W/System  ( 2626): ClassLoader referenced unknown path: 
05-20 08:17:42.449 W/System  ( 2626): ClassLoader referenced unknown path: /system/priv-app/Dialer/lib/x86_64
05-20 08:17:42.453 D/ApplicationLoaders( 2626): ignored Vulkan layer search path /system/priv-app/Dialer/lib/x86_64:/system/lib64:/vendor/lib64 for namespace 0x7833aa1f90f0
05-20 08:17:42.636 E/BluetoothAdapter( 2626): Bluetooth binder is null
05-20 08:17:42.740 I/CameraManagerGlobal( 2626): Connecting to camera service
05-20 08:17:42.776 V/EmulatedCamera_Camera( 1325): getCameraInfo
05-20 08:17:42.776 V/EmulatedCamera_BaseCamera( 1325): getCameraInfo
05-20 08:17:42.777 I/CameraService( 1325): getCameraCharacteristics: Switching to HAL1 shim implementation...
05-20 08:17:42.777 V/EmulatedCamera_Camera( 1325): getCameraInfo
05-20 08:17:42.777 V/EmulatedCamera_BaseCamera( 1325): getCameraInfo
05-20 08:17:42.802 V/EmulatedCamera_Camera( 1325): getCameraInfo
05-20 08:17:42.802 V/EmulatedCamera_BaseCamera( 1325): getCameraInfo
05-20 08:17:42.806 V/EmulatedCamera_Camera( 1325): getCameraInfo
05-20 08:17:42.806 V/EmulatedCamera_BaseCamera( 1325): getCameraInfo
05-20 08:17:42.896 I/StatusBar( 2626): isKeyguardShowing() called before startKeyguard(), returning true
05-20 08:17:42.898 W/StatusBar( 2626): isKeyguardSecure() called before startKeyguard(), returning false
05-20 08:17:42.898 W/StatusBar( 2626): java.lang.Throwable
05-20 08:17:42.898 W/StatusBar( 2626): 	at com.android.systemui.statusbar.BaseStatusBar.isKeyguardSecure(BaseStatusBar.java:2647)
05-20 08:17:42.898 W/StatusBar( 2626): 	at com.android.systemui.statusbar.BaseStatusBar.isCameraAllowedByAdmin(BaseStatusBar.java:2670)
05-20 08:17:42.898 W/StatusBar( 2626): 	at com.android.systemui.statusbar.phone.KeyguardBottomAreaView.updateCameraVisibility(KeyguardBottomAreaView.java:309)
05-20 08:17:42.898 W/StatusBar( 2626): 	at com.android.systemui.statusbar.phone.KeyguardBottomAreaView.setPhoneStatusBar(KeyguardBottomAreaView.java:272)
05-20 08:17:42.898 W/StatusBar( 2626): 	at com.android.systemui.statusbar.phone.PhoneStatusBar.makeStatusBarView(PhoneStatusBar.java:904)
05-20 08:17:42.898 W/StatusBar( 2626): 	at com.android.systemui.statusbar.phone.PhoneStatusBar.addStatusBarWindow(PhoneStatusBar.java:3432)
05-20 08:17:42.898 W/StatusBar( 2626): 	at com.android.systemui.statusbar.phone.PhoneStatusBar.createAndAddWindows(PhoneStatusBar.java:3428)
05-20 08:17:42.898 W/StatusBar( 2626): 	at com.android.systemui.statusbar.BaseStatusBar.start(BaseStatusBar.java:765)
05-20 08:17:42.898 W/StatusBar( 2626): 	at com.android.systemui.statusbar.phone.PhoneStatusBar.start(PhoneStatusBar.java:686)
05-20 08:17:42.898 W/StatusBar( 2626): 	at com.android.systemui.statusbar.SystemBars.createStatusBarFromConfig(SystemBars.java:106)
05-20 08:17:42.898 W/StatusBar( 2626): 	at com.android.systemui.statusbar.SystemBars.onNoService(SystemBars.java:58)
05-20 08:17:42.898 W/StatusBar( 2626): 	at com.android.systemui.statusbar.ServiceMonitor.startService(ServiceMonitor.java:230)
05-20 08:17:42.898 W/StatusBar( 2626): 	at com.android.systemui.statusbar.ServiceMonitor.-wrap5(ServiceMonitor.java)
05-20 08:17:42.898 W/StatusBar( 2626): 	at com.android.systemui.statusbar.ServiceMonitor$1.handleMessage(ServiceMonitor.java:73)
05-20 08:17:42.898 W/StatusBar( 2626): 	at android.os.Handler.dispatchMessage(Handler.java:102)
05-20 08:17:42.898 W/StatusBar( 2626): 	at android.os.Looper.loop(Looper.java:154)
05-20 08:17:42.898 W/StatusBar( 2626): 	at android.app.ActivityThread.main(ActivityThread.java:6119)
05-20 08:17:42.898 W/StatusBar( 2626): 	at java.lang.reflect.Method.invoke(Native Method)
05-20 08:17:42.898 W/StatusBar( 2626): 	at com.android.internal.os.ZygoteInit$MethodAndArgsCaller.run(ZygoteInit.java:886)
05-20 08:17:42.898 W/StatusBar( 2626): 	at com.android.internal.os.ZygoteInit.main(ZygoteInit.java:776)
05-20 08:17:42.904 I/StatusBar( 2626): isKeyguardShowing() called before startKeyguard(), returning true
05-20 08:17:42.906 W/StatusBar( 2626): isKeyguardSecure() called before startKeyguard(), returning false
05-20 08:17:42.906 W/StatusBar( 2626): java.lang.Throwable
05-20 08:17:42.906 W/StatusBar( 2626): 	at com.android.systemui.statusbar.BaseStatusBar.isKeyguardSecure(BaseStatusBar.java:2647)
05-20 08:17:42.906 W/StatusBar( 2626): 	at com.android.systemui.statusbar.BaseStatusBar.isCameraAllowedByAdmin(BaseStatusBar.java:2670)
05-20 08:17:42.906 W/StatusBar( 2626): 	at com.android.systemui.statusbar.phone.KeyguardBottomAreaView.updateCameraVisibility(KeyguardBottomAreaView.java:309)
05-20 08:17:42.906 W/StatusBar( 2626): 	at com.android.systemui.statusbar.phone.KeyguardBottomAreaView.setUserSetupComplete(KeyguardBottomAreaView.java:281)
05-20 08:17:42.906 W/StatusBar( 2626): 	at com.android.systemui.statusbar.phone.PhoneStatusBar.makeStatusBarView(PhoneStatusBar.java:905)
05-20 08:17:42.906 W/StatusBar( 2626): 	at com.android.systemui.statusbar.phone.PhoneStatusBar.addStatusBarWindow(PhoneStatusBar.java:3432)
05-20 08:17:42.906 W/StatusBar( 2626): 	at com.android.systemui.statusbar.phone.PhoneStatusBar.createAndAddWindows(PhoneStatusBar.java:3428)
05-20 08:17:42.906 W/StatusBar( 2626): 	at com.android.systemui.statusbar.BaseStatusBar.start(BaseStatusBar.java:765)
05-20 08:17:42.906 W/StatusBar( 2626): 	at com.android.systemui.statusbar.phone.PhoneStatusBar.start(PhoneStatusBar.java:686)
05-20 08:17:42.906 W/StatusBar( 2626): 	at com.android.systemui.statusbar.SystemBars.createStatusBarFromConfig(SystemBars.java:106)
05-20 08:17:42.906 W/StatusBar( 2626): 	at com.android.systemui.statusbar.SystemBars.onNoService(SystemBars.java:58)
05-20 08:17:42.906 W/StatusBar( 2626): 	at com.android.systemui.statusbar.ServiceMonitor.startService(ServiceMonitor.java:230)
05-20 08:17:42.906 W/StatusBar( 2626): 	at com.android.systemui.statusbar.ServiceMonitor.-wrap5(ServiceMonitor.java)
05-20 08:17:42.906 W/StatusBar( 2626): 	at com.android.systemui.statusbar.ServiceMonitor$1.handleMessage(ServiceMonitor.java:73)
05-20 08:17:42.906 W/StatusBar( 2626): 	at android.os.Handler.dispatchMessage(Handler.java:102)
05-20 08:17:42.906 W/StatusBar( 2626): 	at android.os.Looper.loop(Looper.java:154)
05-20 08:17:42.906 W/StatusBar( 2626): 	at android.app.ActivityThread.main(ActivityThread.java:6119)
05-20 08:17:42.906 W/StatusBar( 2626): 	at java.lang.reflect.Method.invoke(Native Method)
05-20 08:17:42.906 W/StatusBar( 2626): 	at com.android.internal.os.ZygoteInit$MethodAndArgsCaller.run(ZygoteInit.java:886)
05-20 08:17:42.906 W/StatusBar( 2626): 	at com.android.internal.os.ZygoteInit.main(ZygoteInit.java:776)
05-20 08:17:42.929 V/MediaScanner( 2668): pruneDeadThumbnailFiles... android.content.ContentProviderClient$CursorWrapperInner@b4380c4
05-20 08:17:42.930 V/MediaScanner( 2668): /pruneDeadThumbnailFiles... android.content.ContentProviderClient$CursorWrapperInner@b4380c4
05-20 08:17:43.136 V/EmulatedCamera_Camera( 1325): getCameraInfo
05-20 08:17:43.136 V/EmulatedCamera_BaseCamera( 1325): getCameraInfo
05-20 08:17:43.143 V/EmulatedCamera_Camera( 1325): getCameraInfo
05-20 08:17:43.144 V/EmulatedCamera_BaseCamera( 1325): getCameraInfo
05-20 08:17:43.393 I/StatusBar( 2626): isKeyguardShowing() called before startKeyguard(), returning true
05-20 08:17:43.395 W/StatusBar( 2626): isKeyguardSecure() called before startKeyguard(), returning false
05-20 08:17:43.395 W/StatusBar( 2626): java.lang.Throwable
05-20 08:17:43.395 W/StatusBar( 2626): 	at com.android.systemui.statusbar.BaseStatusBar.isKeyguardSecure(BaseStatusBar.java:2647)
05-20 08:17:43.395 W/StatusBar( 2626): 	at com.android.systemui.statusbar.BaseStatusBar.isCameraAllowedByAdmin(BaseStatusBar.java:2670)
05-20 08:17:43.395 W/StatusBar( 2626): 	at com.android.systemui.statusbar.phone.KeyguardBottomAreaView.updateCameraVisibility(KeyguardBottomAreaView.java:309)
05-20 08:17:43.395 W/StatusBar( 2626): 	at com.android.systemui.statusbar.phone.KeyguardBottomAreaView.setUserSetupComplete(KeyguardBottomAreaView.java:281)
05-20 08:17:43.395 W/StatusBar( 2626): 	at com.android.systemui.statusbar.phone.PhoneStatusBar$1.onChange(PhoneStatusBar.java:441)
05-20 08:17:43.395 W/StatusBar( 2626): 	at com.android.systemui.statusbar.phone.PhoneStatusBar.resetUserSetupObserver(PhoneStatusBar.java:3676)
05-20 08:17:43.395 W/StatusBar( 2626): 	at com.android.systemui.statusbar.phone.PhoneStatusBar.makeStatusBarView(PhoneStatusBar.java:1008)
05-20 08:17:43.395 W/StatusBar( 2626): 	at com.android.systemui.statusbar.phone.PhoneStatusBar.addStatusBarWindow(PhoneStatusBar.java:3432)
05-20 08:17:43.395 W/StatusBar( 2626): 	at com.android.systemui.statusbar.phone.PhoneStatusBar.createAndAddWindows(PhoneStatusBar.java:3428)
05-20 08:17:43.395 W/StatusBar( 2626): 	at com.android.systemui.statusbar.BaseStatusBar.start(BaseStatusBar.java:765)
05-20 08:17:43.395 W/StatusBar( 2626): 	at com.android.systemui.statusbar.phone.PhoneStatusBar.start(PhoneStatusBar.java:686)
05-20 08:17:43.395 W/StatusBar( 2626): 	at com.android.systemui.statusbar.SystemBars.createStatusBarFromConfig(SystemBars.java:106)
05-20 08:17:43.395 W/StatusBar( 2626): 	at com.android.systemui.statusbar.SystemBars.onNoService(SystemBars.java:58)
05-20 08:17:43.395 W/StatusBar( 2626): 	at com.android.systemui.statusbar.ServiceMonitor.startService(ServiceMonitor.java:230)
05-20 08:17:43.395 W/StatusBar( 2626): 	at com.android.systemui.statusbar.ServiceMonitor.-wrap5(ServiceMonitor.java)
