05-23 13:34:23.174 I/OMXMaster( 1332): makeComponentInstance(OMX.google.vorbis.decoder) in mediacodec process
05-23 13:34:23.190 D/VoldConnector( 2186): RCV <- {654 public:253,48 SDCARD}
05-23 13:34:23.404 E/NetdConnector( 2186): NDC Command {3 bandwidth enable} took too long (4756ms)
05-23 13:34:23.438 I/fsck_msdos( 1270): ** /dev/block/vold/public:253,48
05-23 13:34:23.441 I/fsck_msdos( 1270): ** Phase 1 - Read and Compare FATs
05-23 13:34:23.442 I/fsck_msdos( 1270): Attempting to allocate 1046 KB for FAT
05-23 13:34:23.635 E/WVMExtractor( 2386): Failed to open libwvm.so: dlopen failed: library "libwvm.so" not found
05-23 13:34:24.030 I/MediaPlayerService( 1339): MediaPlayerService::getOMX
05-23 13:34:24.032 I/OMXClient( 1339): MuxOMX ctor
05-23 13:34:24.032 I/OMXMaster( 1332): makeComponentInstance(OMX.google.opus.decoder) in mediacodec process
05-23 13:34:24.141 I/fsck_msdos( 1270): Attempting to allocate 1046 KB for FAT
05-23 13:34:24.599 I/fsck_msdos( 1270): ** Phase 2 - Check Cluster Chains
05-23 13:34:24.632 I/fsck_msdos( 1270): ** Phase 3 - Checking Directories
05-23 13:34:24.640 I/fsck_msdos( 1270): ** Phase 4 - Checking for Lost Files
05-23 13:34:24.643 I/fsck_msdos( 1270): 2 files, 534464 free (267232 clusters)
05-23 13:34:24.692 I/Vold    ( 1270): Filesystem check completed OK
05-23 13:34:24.693 D/VoldConnector( 2186): RCV <- {656 public:253,48 /mnt/media_rw/1EFF-1C1B}
05-23 13:34:24.700 D/VoldConnector( 2186): RCV <- {655 public:253,48 /storage/1EFF-1C1B}
05-23 13:34:24.756 W/InputAttributes( 2380): No editor info for this field. Bug?
05-23 13:34:24.785 V/vold    ( 1270): Waiting for FUSE to spin up...
05-23 13:34:24.876 V/vold    ( 1270): Waiting for FUSE to spin up...
05-23 13:34:24.929 V/vold    ( 1270): Waiting for FUSE to spin up...
05-23 13:34:24.981 V/vold    ( 1270): Waiting for FUSE to spin up...
05-23 13:34:24.990 I/MediaPlayerService( 1339): MediaPlayerService::getOMX
05-23 13:34:25.011 I/OMXClient( 1339): MuxOMX ctor
05-23 13:34:25.012 I/OMXMaster( 1332): makeComponentInstance(OMX.google.raw.decoder) in mediacodec process
05-23 13:34:25.040 V/vold    ( 1270): Waiting for FUSE to spin up...
05-23 13:34:25.079 I/MediaPlayerService( 1339): MediaPlayerService::getOMX
05-23 13:34:25.100 V/vold    ( 1270): Waiting for FUSE to spin up...
05-23 13:34:25.115 I/OMXClient( 1339): MuxOMX ctor
05-23 13:34:25.116 I/OMXMaster( 1332): makeComponentInstance(OMX.google.aac.encoder) in mediacodec process
05-23 13:34:25.160 V/vold    ( 1270): Waiting for FUSE to spin up...
05-23 13:34:25.176 I/LatinIME:LogUtils( 2380): Dictionary info: dictionary = userunigram.en_US ; version = 1621776865 ; date = ?
05-23 13:34:25.200 E/ActivityThread( 2380): Failed to find provider info for user_dictionary
05-23 13:34:25.203 I/LatinIME:LogUtils( 2380): Dictionary info: dictionary = UserHistoryDictionary.en_US ; version = 1621776865 ; date = ?
05-23 13:34:25.216 V/vold    ( 1270): Waiting for FUSE to spin up...
05-23 13:34:25.304 V/vold    ( 1270): Waiting for FUSE to spin up...
05-23 13:34:25.312 I/MediaPlayerService( 1339): MediaPlayerService::getOMX
05-23 13:34:25.314 I/OMXClient( 1339): MuxOMX ctor
05-23 13:34:25.315 I/OMXMaster( 1332): makeComponentInstance(OMX.google.amrnb.encoder) in mediacodec process
05-23 13:34:25.360 V/vold    ( 1270): Waiting for FUSE to spin up...
05-23 13:34:25.420 V/vold    ( 1270): Waiting for FUSE to spin up...
05-23 13:34:25.480 V/vold    ( 1270): Waiting for FUSE to spin up...
05-23 13:34:25.540 V/vold    ( 1270): Waiting for FUSE to spin up...
05-23 13:34:25.565 W/sdcard  ( 2502): Device explicitly disabled sdcardfs
05-23 13:34:25.599 V/vold    ( 1270): Waiting for FUSE to spin up...
05-23 13:34:25.686 V/vold    ( 1270): Waiting for FUSE to spin up...
05-23 13:34:25.740 V/vold    ( 1270): Waiting for FUSE to spin up...
05-23 13:34:25.776 I/MediaPlayerService( 1339): MediaPlayerService::getOMX
05-23 13:34:25.777 I/OMXClient( 1339): MuxOMX ctor
05-23 13:34:25.780 I/OMXMaster( 1332): makeComponentInstance(OMX.google.amrwb.encoder) in mediacodec process
05-23 13:34:25.812 D/VoldConnector( 2186): RCV <- {651 public:253,48 2}
05-23 13:34:25.813 D/VoldConnector( 2186): RCV <- {200 7 Command succeeded}
05-23 13:34:25.820 E/VoldConnector( 2186): NDC Command {7 volume mount public:253,48 2 0} took too long (4262ms)
05-23 13:34:25.853 E/NetdConnector( 2186): NDC Command {4 strict enable} took too long (2421ms)
05-23 13:34:25.854 W/NetworkManagement( 2186): setDataSaverMode(): already false
05-23 13:34:26.075 I/MediaPlayerService( 1339): MediaPlayerService::getOMX
05-23 13:34:26.076 I/OMXClient( 1339): MuxOMX ctor
05-23 13:34:26.077 I/OMXMaster( 1332): makeComponentInstance(OMX.google.flac.encoder) in mediacodec process
05-23 13:34:26.734 I/vol.Events( 2386): writeEvent collection_started
05-23 13:34:26.872 I/vol.Events( 2386): writeEvent external_ringer_mode_changed normal
05-23 13:34:26.874 I/vol.Events( 2386): writeEvent internal_ringer_mode_changed normal
05-23 13:34:26.921 I/MediaPlayerService( 1339): MediaPlayerService::getOMX
05-23 13:34:26.938 I/OMXClient( 1339): MuxOMX ctor
05-23 13:34:26.939 I/OMXMaster( 1332): makeComponentInstance(OMX.google.gsm.decoder) in mediacodec process
05-23 13:34:27.697 I/MediaPlayerService( 1339): MediaPlayerService::getOMX
05-23 13:34:27.698 I/OMXClient( 1339): MuxOMX ctor
05-23 13:34:27.699 I/OMXMaster( 1332): makeComponentInstance(OMX.google.mpeg4.decoder) in mediacodec process
05-23 13:34:28.505 E/NetdConnector( 2186): NDC Command {7 bandwidth setglobalalert 2097152} took too long (2268ms)
05-23 13:34:28.553 D/NetworkPolicy( 2186): setRestrictBackgroundUL(): false
05-23 13:34:28.557 W/NetworkManagement( 2186): setDataSaverMode(): already false
05-23 13:34:28.587 E/OMXNodeInstance( 1332): getExtensionIndex(534000f:google.mpeg4.decoder, OMX.google.android.index.configureVideoTunnelMode) ERROR: UnsupportedIndex(0x8000101a)
05-23 13:34:28.588 W/OMXNodeInstance( 1332): [534000f:google.mpeg4.decoder] component does not support metadata mode; using fallback
05-23 13:34:28.750 I/MediaPlayerService( 1339): MediaPlayerService::getOMX
05-23 13:34:28.769 I/OMXClient( 1339): MuxOMX ctor
05-23 13:34:28.780 W/art     ( 2186): Suspending all threads took: 23.585ms
05-23 13:34:28.837 I/OMXMaster( 1332): makeComponentInstance(OMX.google.h263.decoder) in mediacodec process
05-23 13:34:28.941 W/art     ( 2380): Long monitor contention with owner AsyncTask #1 (2508) at void android.os.MessageQueue.nativeWake(long)(MessageQueue.java:-2) waiters=0 in android.os.Message android.os.MessageQueue.next() for 1.534s
05-23 13:34:28.951 I/art     ( 2186): Background sticky concurrent mark sweep GC freed 41297(2MB) AllocSpace objects, 15(296KB) LOS objects, 20% free, 13MB/16MB, paused 26.024ms total 297.335ms
05-23 13:34:29.829 E/OMXNodeInstance( 1332): getExtensionIndex(5340010:google.h263.decoder, OMX.google.android.index.configureVideoTunnelMode) ERROR: UnsupportedIndex(0x8000101a)
05-23 13:34:29.837 W/OMXNodeInstance( 1332): [5340010:google.h263.decoder] component does not support metadata mode; using fallback
05-23 13:34:29.921 I/MediaPlayerService( 1339): MediaPlayerService::getOMX
05-23 13:34:29.925 I/OMXClient( 1339): MuxOMX ctor
05-23 13:34:29.928 I/OMXMaster( 1332): makeComponentInstance(OMX.google.h264.decoder) in mediacodec process
05-23 13:34:30.434 W/art     ( 2186): Long monitor contention with owner NetworkPolicy (2340) at boolean android.os.BinderProxy.transactNative(int, android.os.Parcel, android.os.Parcel, int)(Binder.java:-2) waiters=0 in void com.android.server.NetworkManagementService.setFirewallChainEnabled(int, boolean) for 1.560s
05-23 13:34:30.639 W/ACodec  ( 1339): [OMX.google.h264.decoder] stopping checking profiles after 32: 2/8000
05-23 13:34:30.680 E/OMXNodeInstance( 1332): getExtensionIndex(5340011:google.h264.decoder, OMX.google.android.index.configureVideoTunnelMode) ERROR: UnsupportedIndex(0x8000101a)
05-23 13:34:30.720 W/OMXNodeInstance( 1332): [5340011:google.h264.decoder] component does not support metadata mode; using fallback
05-23 13:34:30.893 I/MediaPlayerService( 1339): MediaPlayerService::getOMX
05-23 13:34:30.894 I/OMXClient( 1339): MuxOMX ctor
05-23 13:34:30.895 I/OMXMaster( 1332): makeComponentInstance(OMX.google.hevc.decoder) in mediacodec process
05-23 13:34:31.121 I/vol.Events( 2386): writeEvent level_changed STREAM_ALARM 6
05-23 13:34:31.154 I/vol.Events( 2386): writeEvent level_changed STREAM_BLUETOOTH_SCO 7
05-23 13:34:31.176 I/vol.Events( 2386): writeEvent level_changed STREAM_MUSIC 11
05-23 13:34:31.254 I/vol.Events( 2386): writeEvent level_changed STREAM_RING 5
05-23 13:34:31.259 I/vol.Events( 2386): writeEvent level_changed STREAM_SYSTEM 5
05-23 13:34:31.383 I/vol.Events( 2386): writeEvent level_changed STREAM_VOICE_CALL 4
05-23 13:34:31.739 E/OMXNodeInstance( 1332): getExtensionIndex(5340012:google.hevc.decoder, OMX.google.android.index.configureVideoTunnelMode) ERROR: UnsupportedIndex(0x8000101a)
05-23 13:34:31.801 W/OMXNodeInstance( 1332): [5340012:google.hevc.decoder] component does not support metadata mode; using fallback
05-23 13:34:31.840 I/MediaPlayerService( 1339): MediaPlayerService::getOMX
05-23 13:34:31.851 I/OMXClient( 1339): MuxOMX ctor
05-23 13:34:31.852 I/OMXMaster( 1332): makeComponentInstance(OMX.google.vp8.decoder) in mediacodec process
05-23 13:34:32.173 D/StorageNotification( 2386): Notifying about private volume: VolumeInfo{private}:
05-23 13:34:32.173 D/StorageNotification( 2386):     type=PRIVATE diskId=null partGuid=null mountFlags=0 mountUserId=-1 
05-23 13:34:32.173 D/StorageNotification( 2386):     state=MOUNTED 
05-23 13:34:32.173 D/StorageNotification( 2386):     fsType=null fsUuid=null fsLabel=null 
05-23 13:34:32.173 D/StorageNotification( 2386):     path=/data internalPath=null 
05-23 13:34:32.177 D/StorageNotification( 2386): Notifying about public volume: VolumeInfo{public:253,48}:
05-23 13:34:32.177 D/StorageNotification( 2386):     type=PUBLIC diskId=disk:253,48 partGuid=null mountFlags=VISIBLE 
05-23 13:34:32.177 D/StorageNotification( 2386):     mountUserId=0 state=MOUNTED 
05-23 13:34:32.177 D/StorageNotification( 2386):     fsType=vfat fsUuid=1EFF-1C1B fsLabel=SDCARD 
05-23 13:34:32.177 D/StorageNotification( 2386):     path=/storage/1EFF-1C1B internalPath=/mnt/media_rw/1EFF-1C1B 
05-23 13:34:32.262 W/AudioService( 2186): onLoadSoundEffects(), Error 1 while loading samples
05-23 13:34:32.563 E/OMXNodeInstance( 1332): getExtensionIndex(5340013:google.vp8.decoder, OMX.google.android.index.configureVideoTunnelMode) ERROR: UnsupportedIndex(0x8000101a)
05-23 13:34:32.564 W/OMXNodeInstance( 1332): [5340013:google.vp8.decoder] component does not support metadata mode; using fallback
05-23 13:34:32.708 I/MediaPlayerService( 1339): MediaPlayerService::getOMX
05-23 13:34:32.709 I/OMXClient( 1339): MuxOMX ctor
05-23 13:34:32.734 I/OMXMaster( 1332): makeComponentInstance(OMX.google.vp9.decoder) in mediacodec process
05-23 13:34:32.755 E/NetdConnector( 2186): NDC Command {8 firewall enable_chain standby} took too long (2318ms)
05-23 13:34:32.760 E/NetdConnector( 2186): NDC Command {9 bandwidth gettetherstats} took too long (1245ms)
05-23 13:34:33.033 I/SystemServiceManager( 2186): Starting phase 600
05-23 13:34:33.153 I/Choreographer( 2386): Skipped 80 frames!  The application may be doing too much work on its main thread.
05-23 13:34:33.224 D/SensorNotificationService( 2186): Cannot obtain dynamic meta sensor, not supported.
05-23 13:34:33.540 I/GnssLocationProvider( 2186): WakeLock acquired by sendMessage(13, 0, null)
05-23 13:34:33.578 W/LocationManagerService( 2186): no network location provider found
05-23 13:34:33.641 E/LocationManagerService( 2186): no geocoder provider found
05-23 13:34:33.643 E/FlpHardwareProvider( 2186): Error hw_get_module 'flp': -2
05-23 13:34:33.643 D/LocationManagerService( 2186): FLP HAL not supported
05-23 13:34:33.648 D/LocationManagerService( 2186): Unable to bind FLP Geofence proxy.
05-23 13:34:33.649 E/ActivityRecognitionHardware( 2186): Error hw_get_module: -2
05-23 13:34:33.649 D/LocationManagerService( 2186): Hardware Activity-Recognition not supported.
05-23 13:34:33.676 W/GnssLocationProvider( 2186): Could not open GPS configuration file /etc/gps.conf
05-23 13:34:33.676 E/GnssLocationProvider( 2186): no AGPS interface in set_agps_server
05-23 13:34:33.678 E/ActivityRecognitionProxy( 2186): ServiceWatcher could not start.
05-23 13:34:33.679 D/LocationManagerService( 2186): Unable to bind ActivityRecognitionProxy.
05-23 13:34:33.711 E/OMXNodeInstance( 1332): getExtensionIndex(5340014:google.vp9.decoder, OMX.google.android.index.configureVideoTunnelMode) ERROR: UnsupportedIndex(0x8000101a)
05-23 13:34:33.712 W/OMXNodeInstance( 1332): [5340014:google.vp9.decoder] component does not support metadata mode; using fallback
05-23 13:34:33.718 W/art     ( 2186): Long monitor contention with owner main (2186) at int com.android.server.am.ActivityManagerService.bindService(android.app.IApplicationThread, android.os.IBinder, android.content.Intent, java.lang.String, android.app.IServiceConnection, int, java.lang.String, int)(ActivityManagerService.java:17301) waiters=0 in android.content.IIntentSender com.android.server.am.ActivityManagerService.getIntentSender(int, java.lang.String, android.os.IBinder, java.lang.String, int, android.content.Intent[], java.lang.String[], int, android.os.Bundle, int) for 604ms
05-23 13:34:33.773 I/MediaPlayerService( 1339): MediaPlayerService::getOMX
05-23 13:34:33.774 I/OMXClient( 1339): MuxOMX ctor
05-23 13:34:33.775 I/OMXMaster( 1332): makeComponentInstance(OMX.google.h263.encoder) in mediacodec process
05-23 13:34:34.041 I/GnssLocationProvider( 2186): WakeLock acquired by sendMessage(2, 1, null)
05-23 13:34:34.050 W/art     ( 2186): Long monitor contention with owner SettingsProvider (2313) at void java.lang.System.arraycopyIntUnchecked!(int[], int, int[], int, int)(System.java:-2) waiters=1 in com.android.providers.settings.SettingsState$Setting com.android.providers.settings.SettingsProvider.getSecureSetting(java.lang.String, int) for 320ms
05-23 13:34:34.075 I/CommonTimeManagementService( 2186): No common time service detected on this platform.  Common time services will be unavailable.
05-23 13:34:34.083 I/InputReader( 2186): Reconfiguring input devices.  changes=0x00000020
05-23 13:34:34.104 I/MmsServiceBroker( 2186): Delay connecting to MmsService until an API is called
05-23 13:34:34.118 I/InputReader( 2186): Reconfiguring input devices.  changes=0x00000010
05-23 13:34:34.124 I/GnssLocationProvider( 2186): WakeLock released by handleMessage(13, 0, null)
05-23 13:34:34.257 I/SoftMPEG4Encoder( 1332): Construct SoftMPEG4Encoder
05-23 13:34:34.283 W/ACodec  ( 1339): do not know color format 0x7f000789 = 2130708361
05-23 13:34:34.284 E/OMXNodeInstance( 1332): getConfig(5340015:google.h263.encoder, ConfigAndroidIntraRefresh(0x6f60000a)) ERROR: Undefined(0x80001001)
05-23 13:34:34.305 I/MediaPlayerService( 1339): MediaPlayerService::getOMX
05-23 13:34:34.307 I/OMXClient( 1339): MuxOMX ctor
05-23 13:34:34.307 I/OMXMaster( 1332): makeComponentInstance(OMX.google.h264.encoder) in mediacodec process
05-23 13:34:34.608 W/VoiceInteractionManagerService( 2186): no available voice interaction services found for user 0
05-23 13:34:34.609 W/VoiceInteractionManagerService( 2186): no available voice recognition services found for user 0
05-23 13:34:34.627 E/GnssLocationProvider( 2186): no AGPS interface in set_agps_server
05-23 13:34:34.747 W/ACodec  ( 1339): do not know color format 0x7f000789 = 2130708361
05-23 13:34:34.793 W/ActivityManager( 2186): Slow operation: 149ms so far, now at startProcess: returned from zygote!
05-23 13:34:34.793 W/ActivityManager( 2186): Slow operation: 149ms so far, now at startProcess: done updating battery stats
05-23 13:34:34.794 W/ActivityManager( 2186): Slow operation: 150ms so far, now at startProcess: building log message
05-23 13:34:34.794 I/ActivityManager( 2186): Start proc 2584:com.android.phone/1001 for added application com.android.phone
05-23 13:34:34.795 W/ActivityManager( 2186): Slow operation: 150ms so far, now at startProcess: starting to update pids map
05-23 13:34:34.795 W/ActivityManager( 2186): Slow operation: 151ms so far, now at startProcess: done updating pids map
05-23 13:34:34.799 I/ActivityManager( 2186): START u0 {act=android.intent.action.MAIN cat=[android.intent.category.HOME] flg=0x10000100 cmp=com.android.settings/.FallbackHome} from uid 0 on display 0
05-23 13:34:34.818 W/System  ( 2186): ClassLoader referenced unknown path: 
05-23 13:34:34.819 W/System  ( 2186): ClassLoader referenced unknown path: /system/priv-app/Settings/lib/x86_64
05-23 13:34:34.833 I/MediaPlayerService( 1339): MediaPlayerService::getOMX
05-23 13:34:34.841 I/OMXClient( 1339): MuxOMX ctor
05-23 13:34:34.845 I/OMXMaster( 1332): makeComponentInstance(OMX.google.mpeg4.encoder) in mediacodec process
05-23 13:34:34.942 D/ApplicationLoaders( 2186): ignored Vulkan layer search path /system/priv-app/Settings/lib/x86_64:/system/priv-app/Settings/Settings.apk!/lib/x86_64:/system/lib64:/vendor/lib64 for namespace 0x7a36df5e5160
05-23 13:34:34.973 W/art     ( 2584): Unexpected CPU variant for X86 using defaults: x86_64
05-23 13:34:34.984 I/ActivityManager( 2186): Loaded persisted task ids for user 0
05-23 13:34:35.166 W/art     ( 2597): Unexpected CPU variant for X86 using defaults: x86_64
05-23 13:34:35.208 W/ActivityManager( 2186): Slow operation: 86ms so far, now at startProcess: returned from zygote!
05-23 13:34:35.209 W/ActivityManager( 2186): Slow operation: 146ms so far, now at startProcess: done updating battery stats
05-23 13:34:35.209 W/ActivityManager( 2186): Slow operation: 146ms so far, now at startProcess: building log message
05-23 13:34:35.209 I/ActivityManager( 2186): Start proc 2597:com.android.settings/1000 for activity com.android.settings/.FallbackHome
05-23 13:34:35.209 W/ActivityManager( 2186): Slow operation: 146ms so far, now at startProcess: starting to update pids map
05-23 13:34:35.238 W/art     ( 2186): Long monitor contention with owner android.bg (2211) at boolean android.os.MessageQueue.enqueueMessage(android.os.Message, long)(MessageQueue.java:541) waiters=0 in android.os.Message android.os.MessageQueue.next() for 608ms
05-23 13:34:35.238 I/GnssLocationProvider( 2186): WakeLock released by handleMessage(2, 1, null)
05-23 13:34:35.359 I/SoftMPEG4Encoder( 1332): Construct SoftMPEG4Encoder
05-23 13:34:35.395 W/ACodec  ( 1339): do not know color format 0x7f000789 = 2130708361
05-23 13:34:35.397 E/OMXNodeInstance( 1332): getConfig(5340017:google.mpeg4.encoder, ConfigAndroidIntraRefresh(0x6f60000a)) ERROR: Undefined(0x80001001)
05-23 13:34:35.435 I/MediaPlayerService( 1339): MediaPlayerService::getOMX
05-23 13:34:35.437 I/OMXClient( 1339): MuxOMX ctor
05-23 13:34:35.440 I/OMXMaster( 1332): makeComponentInstance(OMX.google.vp8.encoder) in mediacodec process
05-23 13:34:36.212 W/ACodec  ( 1339): do not know color format 0x7f000789 = 2130708361
05-23 13:34:36.213 E/OMXNodeInstance( 1332): getConfig(5340018:google.vp8.encoder, ConfigAndroidIntraRefresh(0x6f60000a)) ERROR: Undefined(0x80001001)
05-23 13:34:36.284 I/MediaPlayerService( 1339): MediaPlayerService::getOMX
05-23 13:34:36.286 I/OMXClient( 1339): MuxOMX ctor
05-23 13:34:36.322 I/MediaPlayerService( 1339): MediaPlayerService::getOMX
05-23 13:34:36.324 I/OMXClient( 1339): MuxOMX ctor
05-23 13:34:36.324 W/MediaCodecList( 1339): unable to open media codecs configuration xml file: /data/misc/media/media_codecs_profiling_results.xml
05-23 13:34:36.336 I/MediaPlayerService( 1339): MediaPlayerService::getOMX
05-23 13:34:36.342 I/OMXClient( 2386): MuxOMX ctor
05-23 13:34:36.367 I/OMXMaster( 1332): makeComponentInstance(OMX.google.vorbis.decoder) in mediacodec process
05-23 13:34:37.110 W/ActivityManager( 2186): Slow operation: 146ms so far, now at startProcess: done updating pids map
05-23 13:34:37.110 W/ActivityManager( 2186): Slow operation: 2047ms so far, now at startProcess: done starting proc!
05-23 13:34:37.114 I/MediaPlayerService( 1339): MediaPlayerService::getOMX
05-23 13:34:37.117 I/OMXClient( 2186): MuxOMX ctor
05-23 13:34:37.261 W/art     ( 2186): Long monitor contention with owner main (2186) at void com.android.server.am.ActivityManagerService.systemReady(java.lang.Runnable)(ActivityManagerService.java:13368) waiters=0 in java.lang.String com.android.server.am.ActivityManagerService.checkContentProviderAccess(java.lang.String, int) for 2.619s
05-23 13:34:37.262 W/art     ( 2186): Long monitor contention with owner main (2186) at void com.android.server.am.ActivityManagerService.systemReady(java.lang.Runnable)(ActivityManagerService.java:13368) waiters=1 in void com.android.server.am.ActivityManagerService.dispatchUidsChanged() for 2.619s
05-23 13:34:37.264 W/art     ( 2186): Long monitor contention with owner main (2186) at void com.android.server.am.ActivityManagerService.systemReady(java.lang.Runnable)(ActivityManagerService.java:13368) waiters=2 in void com.android.server.am.ActivityManagerService$MainHandler.handleMessage(android.os.Message) for 2.224s
05-23 13:34:37.265 W/ActivityManager( 2186): Timeout executing service: ServiceRecord{4e89216 u0 com.android.server.telecom/.components.TelecomService}
05-23 13:34:37.287 W/art     ( 2186): Long monitor contention with owner main (2186) at void com.android.server.am.ActivityManagerService.systemReady(java.lang.Runnable)(ActivityManagerService.java:13368) waiters=3 in void com.android.server.am.ActivityManagerService.attachApplication(android.app.IApplicationThread) for 1.994s
05-23 13:34:37.288 W/art     ( 2186): Long monitor contention with owner main (2186) at void com.android.server.am.ActivityManagerService.systemReady(java.lang.Runnable)(ActivityManagerService.java:13368) waiters=4 in void com.android.server.am.ActivityManagerService.attachApplication(android.app.IApplicationThread) for 1.856s
05-23 13:34:37.299 I/OMXMaster( 1332): makeComponentInstance(OMX.google.vorbis.decoder) in mediacodec process
05-23 13:34:37.381 I/SystemServer( 2186): Enabled StrictMode for system server main thread.
05-23 13:34:37.695 I/MediaPlayerService( 1339): MediaPlayerService::getOMX
05-23 13:34:37.697 I/OMXClient( 2386): MuxOMX ctor
05-23 13:34:37.712 I/OMXMaster( 1332): makeComponentInstance(OMX.google.vorbis.decoder) in mediacodec process
05-23 13:34:37.902 W/System  ( 2584): ClassLoader referenced unknown path: /system/priv-app/TeleService/lib/x86_64
05-23 13:34:38.441 W/art     ( 2186): Long monitor contention with owner ActivityManager (2212) at void com.android.server.am.ActiveServices.serviceTimeout(com.android.server.am.ProcessRecord)(ActiveServices.java:2825) waiters=1 in void com.android.server.am.ActivityManagerService.attachApplication(android.app.IApplicationThread) for 196ms
05-23 13:34:38.542 I/MediaPlayerService( 1339): MediaPlayerService::getOMX
05-23 13:34:38.562 I/OMXClient( 2386): MuxOMX ctor
05-23 13:34:38.606 I/OMXMaster( 1332): makeComponentInstance(OMX.google.vorbis.decoder) in mediacodec process
05-23 13:34:38.637 D/PermissionCache( 1321): checking android.permission.READ_FRAME_BUFFER for uid=1000 => granted (33533 us)
05-23 13:34:38.649 D/gralloc ( 1321): Registering a buffer in the process that created it. This may cause memory ordering problems.
05-23 13:34:38.660 E/libEGL  ( 1321): called unimplemented OpenGL ES API
05-23 13:34:38.660 E/SurfaceFlinger( 1321): glCheckFramebufferStatusOES error -1858316113
05-23 13:34:38.660 E/SurfaceFlinger( 1321): got GL_FRAMEBUFFER_COMPLETE_OES error while taking screenshot
05-23 13:34:38.810 W/art     ( 2186): Long monitor contention with owner ActivityManager (2212) at void com.android.server.am.ActiveServices.serviceTimeout(com.android.server.am.ProcessRecord)(ActiveServices.java:2825) waiters=2 in java.lang.String com.android.server.am.ActivityManagerService.checkContentProviderAccess(java.lang.String, int) for 1.515s
05-23 13:34:38.816 W/art     ( 2186): Long monitor contention with owner Binder:2186_3 (2364) at void com.android.server.am.ActivityManagerService.attachApplication(android.app.IApplicationThread)(ActivityManagerService.java:6669) waiters=4 in void com.android.server.am.ActivityManagerService.dispatchProcessesChanged() for 1.334s
05-23 13:34:38.820 W/art     ( 2186): Long monitor contention with owner Binder:2186_3 (2364) at void com.android.server.am.ActivityManagerService.attachApplication(android.app.IApplicationThread)(ActivityManagerService.java:6669) waiters=2 in int com.android.server.am.ActivityManagerService.broadcastIntent(android.app.IApplicationThread, android.content.Intent, java.lang.String, android.content.IIntentReceiver, int, java.lang.String, android.os.Bundle, java.lang.String[], int, android.os.Bundle, boolean, boolean, int) for 1.439s
05-23 13:34:38.821 W/art     ( 2186): Long monitor contention with owner Binder:2186_3 (2364) at void com.android.server.am.ActivityManagerService.attachApplication(android.app.IApplicationThread)(ActivityManagerService.java:6669) waiters=3 in void com.android.server.am.ActivityManagerService$LocalService.notifyAppTransitionFinished() for 1.414s
05-23 13:34:38.833 W/art     ( 2186): Long monitor contention with owner Binder:2186_5 (2494) at void com.android.server.am.ActivityManagerService.attachApplication(android.app.IApplicationThread)(ActivityManagerService.java:6669) waiters=4 in void com.android.server.am.AppErrors.appNotResponding(com.android.server.am.ProcessRecord, com.android.server.am.ActivityRecord, com.android.server.am.ActivityRecord, boolean, java.lang.String) for 374ms
05-23 13:34:38.963 W/System  ( 2597): ClassLoader referenced unknown path: /system/priv-app/Settings/lib/x86_64
05-23 13:34:39.011 W/art     ( 2186): Long monitor contention with owner main (2186) at int com.android.server.am.ActivityManagerService.broadcastIntent(android.app.IApplicationThread, android.content.Intent, java.lang.String, android.content.IIntentReceiver, int, java.lang.String, android.os.Bundle, java.lang.String[], int, android.os.Bundle, boolean, boolean, int)(ActivityManagerService.java:18551) waiters=1 in void com.android.server.am.ActivityManagerService$LocalService.notifyAppTransitionFinished() for 189ms
05-23 13:34:39.038 W/art     ( 2186): Long monitor contention with owner main (2186) at int com.android.server.am.ActivityManagerService.broadcastIntent(android.app.IApplicationThread, android.content.Intent, java.lang.String, android.content.IIntentReceiver, int, java.lang.String, android.os.Bundle, java.lang.String[], int, android.os.Bundle, boolean, boolean, int)(ActivityManagerService.java:18551) waiters=1 in void com.android.server.am.AppErrors.appNotResponding(com.android.server.am.ProcessRecord, com.android.server.am.ActivityRecord, com.android.server.am.ActivityRecord, boolean, java.lang.String) for 205ms
05-23 13:34:39.171 I/StatusBarManagerService( 2186): registerStatusBar bar=com.android.internal.statusbar.IStatusBar$Stub$Proxy@1f4d144
05-23 13:34:39.224 I/Process ( 2186): Sending signal. PID: 2186 SIG: 3
05-23 13:34:39.225 D/ConditionProviders.SCP( 2186): onConnected
05-23 13:34:39.227 D/ZenLog  ( 2186): set_zen_mode: off,readXml
05-23 13:34:39.279 D/ConditionProviders( 2186): Subscribing to condition://android/schedule?days=1.2.3.4.5&start=22.0&end=7.0&exitAtAlarm=false with ComponentInfo{android/com.android.server.notification.ScheduleConditionProvider}
05-23 13:34:39.297 D/ZenLog  ( 2186): subscribe: condition://android/schedule?days=1.2.3.4.5&start=22.0&end=7.0&exitAtAlarm=false,ok
05-23 13:34:39.298 D/ConditionProviders( 2186): Subscribing to condition://android/schedule?days=6.7&start=23.30&end=10.0&exitAtAlarm=false with ComponentInfo{android/com.android.server.notification.ScheduleConditionProvider}
05-23 13:34:39.298 D/ZenLog  ( 2186): subscribe: condition://android/schedule?days=6.7&start=23.30&end=10.0&exitAtAlarm=false,ok
05-23 13:34:39.299 D/ConditionProviders( 2186): Subscribing to condition://android/event?userId=-10000&calendar=&reply=1 with ComponentInfo{android/com.android.server.notification.EventConditionProvider}
05-23 13:34:39.299 D/ZenLog  ( 2186): subscribe: condition://android/event?userId=-10000&calendar=&reply=1,ok
05-23 13:34:39.393 I/art     ( 2186): Thread[2,tid=2191,WaitingInMainSignalCatcherLoop,Thread*=0x7a36d440e000,peer=0x12c010d0,"Signal Catcher"]: reacting to signal 3
05-23 13:34:39.393 I/art     ( 2186): 
05-23 13:34:39.745 W/art     ( 2186): Suspending all threads took: 349.382ms
05-23 13:34:39.892 W/System  ( 2584): ClassLoader referenced unknown path: /system/priv-app/TelephonyProvider/lib/x86_64
05-23 13:34:39.962 D/ApplicationLoaders( 2584): ignored Vulkan layer search path /system/priv-app/TelephonyProvider/lib/x86_64:/system/lib64:/vendor/lib64 for namespace 0x7a36df5d50f0
05-23 13:34:40.226 I/Process ( 2186): Sending signal. PID: 2584 SIG: 3
05-23 13:34:40.230 I/art     ( 2584): Thread[3,tid=2591,WaitingInMainSignalCatcherLoop,Thread*=0x7a36dac96400,peer=0x12c00af0,"Signal Catcher"]: reacting to signal 3
05-23 13:34:40.230 I/art     ( 2584): 
05-23 13:34:40.320 I/WifiScanningService( 2186): wifi driver unloaded
05-23 13:34:40.323 D/RttService( 2186): SCAN_AVAILABLE : 1
05-23 13:34:40.324 D/RttService( 2186): DefaultState got{ when=0 what=160513 target=com.android.internal.util.StateMachine$SmHandler }
05-23 13:34:40.324 D/ZenLog  ( 2186): set_zen_mode: off,cleanUpZenRules
05-23 13:34:40.648 W/System  ( 2186): ClassLoader referenced unknown path: /system/priv-app/Telecom/lib/x86_64
05-23 13:34:40.745 W/WindowManager( 2186): App freeze timeout expired.
05-23 13:34:40.746 W/WindowManager( 2186): Force clearing freeze: AppWindowToken{3e61398 token=Token{7bfad0a ActivityRecord{7291975 u0 com.android.settings/.FallbackHome t1}}}
05-23 13:34:40.806 D/gralloc_ranchu( 2597): Emulator without host-side GPU emulation detected. Loading gralloc.default.so from /vendor/lib64/hw/gralloc.goldfish.default.so...
05-23 13:34:40.809 D/gralloc_ranchu( 2597): gralloc.default.so not found in /vendor. Trying /system/lib64/hw/gralloc.goldfish.default.so...
05-23 13:34:40.811 D/ApplicationLoaders( 2186): ignored Vulkan layer search path /system/priv-app/Telecom/lib/x86_64:/system/priv-app/Telecom/Telecom.apk!/lib/x86_64:/system/lib64:/vendor/lib64 for namespace 0x7a36df5e51d0
05-23 13:34:41.009 I/WindowManager( 2186): Screen frozen for +2s520ms due to Window{b6471b7 u0 KeyguardScrim}
05-23 13:34:41.269 I/ActivityManager( 2186): Displayed com.android.settings/.FallbackHome: +6s206ms
05-23 13:34:41.300 I/Process ( 2186): Sending signal. PID: 2386 SIG: 3
05-23 13:34:41.306 I/art     ( 2386): Thread[3,tid=2396,WaitingInMainSignalCatcherLoop,Thread*=0x7a36dac96400,peer=0x12c005e0,"Signal Catcher"]: reacting to signal 3
05-23 13:34:41.306 I/art     ( 2386): 
05-23 13:34:41.634 I/art     ( 2584): Wrote stack traces to '/data/anr/traces.txt'
05-23 13:34:41.787 W/        ( 1269): debuggerd: handling request: pid=1321 uid=1000 gid=1003 tid=1321
05-23 13:34:41.797 D/TelephonyProvider( 2584): dbh.onOpen: ok, queried table=siminfo
05-23 13:34:41.799 D/TelephonyProvider( 2584): dbh.onOpen: ok, queried table=carriers
05-23 13:34:42.055 E/BluetoothAdapter( 2186): Bluetooth binder is null
05-23 13:34:42.150 I/Telecom ( 2186): SystemStateProvider: Registering car mode receiver: android.content.IntentFilter@a816241: TS.init@AAA
05-23 13:34:42.217 I/Telecom ( 2186): Telecom: Non-call EVENT: AUDIO_ROUTE, Entering state QuiescentEarpieceRoute
05-23 13:34:42.241 I/Telecom ( 2186): CallAudioModeStateMachine: Message received: null.: TS.init->CAMSM.pM_1@AAA_0
05-23 13:34:42.614 W/        ( 1269): debuggerd: resuming target 1321
05-23 13:34:42.780 E/ActivityThread( 2186): Failed to find provider info for call_log
05-23 13:34:42.797 E/BluetoothAdapter( 2186): Bluetooth binder is null
05-23 13:34:43.023 I/Telecom ( 2186): Class: TelecomSystem.INSTANCE being set
05-23 13:34:43.034 E/BluetoothAdapter( 2186): Bluetooth binder is null
05-23 13:34:43.072 I/art     ( 2386): Wrote stack traces to '/data/anr/traces.txt'
05-23 13:34:43.095 W/ContextImpl( 2186): Calling a method in the system process without a qualified user: android.app.ContextImpl.startService:1357 com.android.server.content.SyncManager$13.run:658 android.os.Handler.handleCallback:751 android.os.Handler.dispatchMessage:95 android.os.Looper.loop:154 
05-23 13:34:44.098 I/LatinIME:LogUtils( 2380): Dictionary info: dictionary = main:en ; version = 54 ; date = 1414726273
05-23 13:34:44.682 W/System  ( 2186): ClassLoader referenced unknown path: /system/priv-app/FusedLocation/lib/x86_64
05-23 13:34:44.783 D/ApplicationLoaders( 2186): ignored Vulkan layer search path /system/priv-app/FusedLocation/lib/x86_64:/system/priv-app/FusedLocation/FusedLocation.apk!/lib/x86_64:/system/lib64:/vendor/lib64 for namespace 0x7a36df5e5240
05-23 13:34:44.922 D/GpsNetInitiatedHandler( 2186): location enabled :true
05-23 13:34:44.923 V/WiredAccessoryManager( 2186): notifyWiredAccessoryChanged: when=0 bits= mask=54
05-23 13:34:44.924 V/WiredAccessoryManager( 2186): newName=h2w newState=0 headsetState=0 prev headsetState=0
05-23 13:34:44.924 E/WiredAccessoryManager( 2186): No state change.
05-23 13:34:44.924 V/WiredAccessoryManager( 2186): init()
05-23 13:34:45.498 W/        ( 1269): debuggerd: handling request: pid=1326 uid=1041 gid=1005 tid=1326
05-23 13:34:45.514 I/art     ( 2186): Starting a blocking GC Explicit
05-23 13:34:45.519 W/art     ( 2186): Long monitor contention with owner android.display (2223) at void com.android.server.wm.WindowAnimator$1.doFrame(long)(WindowAnimator.java:144) waiters=0 in void com.android.server.wm.WindowManagerService.setScreenCaptureDisabled(int, boolean) for 589ms
05-23 13:34:45.554 D/ConditionProviders.SCP( 2186): onSubscribe condition://android/schedule?days=1.2.3.4.5&start=22.0&end=7.0&exitAtAlarm=false
05-23 13:34:45.559 D/ConditionProviders.SCP( 2186): setRegistered true
05-23 13:34:45.563 D/ConditionProviders.SCP( 2186): notifyCondition condition://android/schedule?days=1.2.3.4.5&start=22.0&end=7.0&exitAtAlarm=false STATE_FALSE reason=!meetsSchedule
05-23 13:34:45.578 D/ConditionProviders.SCP( 2186): Scheduling evaluate for Sun May 23 22:00:00 UTC 2021 (1621807200000), in +8h25m14s440ms, now=Sun May 23 13:34:45 UTC 2021 (1621776885560)
05-23 13:34:45.579 D/ConditionProviders.SCP( 2186): onSubscribe condition://android/schedule?days=6.7&start=23.30&end=10.0&exitAtAlarm=false
05-23 13:34:45.598 D/ConditionProviders.SCP( 2186): notifyCondition condition://android/schedule?days=6.7&start=23.30&end=10.0&exitAtAlarm=false STATE_FALSE reason=!meetsSchedule
05-23 13:34:45.599 D/ConditionProviders.SCP( 2186): notifyCondition condition://android/schedule?days=1.2.3.4.5&start=22.0&end=7.0&exitAtAlarm=false STATE_FALSE reason=!meetsSchedule
05-23 13:34:45.613 D/ConditionProviders.SCP( 2186): Scheduling evaluate for Sun May 23 22:00:00 UTC 2021 (1621807200000), in +8h25m14s403ms, now=Sun May 23 13:34:45 UTC 2021 (1621776885597)
05-23 13:34:45.625 W/        ( 1268): debuggerd: handling request: pid=1326 uid=1041 gid=1005 tid=1326
05-23 13:34:45.635 I/Telecom ( 2186): WiredHeadsetManager: ACTION_HEADSET_PLUG event, plugged in: false, : WHC.oADA@AAE
05-23 13:34:45.675 I/ActivityManager( 2186): user 0 is still locked. Cannot load recents
05-23 13:34:46.246 W/        ( 1268): debuggerd: resuming target 1326
05-23 13:34:46.250 W/art     ( 2186): Suspending all threads took: 50.916ms
05-23 13:34:46.325 I/art     ( 2186): Explicit concurrent mark sweep GC freed 24669(1957KB) AllocSpace objects, 13(4MB) LOS objects, 30% free, 9MB/13MB, paused 57.348ms total 795.364ms
05-23 13:34:46.328 W/        ( 1269): debuggerd: handling request: pid=1327 uid=1047 gid=1005 tid=1327
05-23 13:34:46.342 W/        ( 1268): debuggerd: handling request: pid=1327 uid=1047 gid=1005 tid=1327
05-23 13:34:46.528 W/        ( 1268): debuggerd: resuming target 1327
05-23 13:34:46.542 W/        ( 1269): debuggerd: handling request: pid=1328 uid=1019 gid=1019 tid=1328
05-23 13:34:46.544 W/        ( 1268): debuggerd: handling request: pid=1328 uid=1019 gid=1019 tid=1328
05-23 13:34:46.819 W/        ( 1268): debuggerd: resuming target 1328
05-23 13:34:46.824 W/        ( 1269): debuggerd: handling request: pid=1332 uid=1046 gid=1006 tid=1332
05-23 13:34:46.826 W/        ( 1268): debuggerd: handling request: pid=1332 uid=1046 gid=1006 tid=1332
05-23 13:34:47.143 W/        ( 1268): debuggerd: resuming target 1332
05-23 13:34:47.147 W/        ( 1269): debuggerd: handling request: pid=1333 uid=1013 gid=1031 tid=1333
05-23 13:34:47.149 W/        ( 1268): debuggerd: handling request: pid=1333 uid=1013 gid=1031 tid=1333
05-23 13:34:47.283 W/        ( 1268): debuggerd: resuming target 1333
05-23 13:34:47.286 W/        ( 1269): debuggerd: handling request: pid=1334 uid=1040 gid=1026 tid=1334
05-23 13:34:47.287 W/        ( 1268): debuggerd: handling request: pid=1334 uid=1040 gid=1026 tid=1334
05-23 13:34:47.661 W/        ( 1268): debuggerd: resuming target 1334
05-23 13:34:47.664 W/        ( 1269): debuggerd: handling request: pid=1339 uid=1013 gid=1005 tid=1339
05-23 13:34:47.665 W/        ( 1268): debuggerd: handling request: pid=1339 uid=1013 gid=1005 tid=1339
05-23 13:34:48.018 I/Choreographer( 2597): Skipped 317 frames!  The application may be doing too much work on its main thread.
05-23 13:34:48.822 W/        ( 1268): debuggerd: resuming target 1339
05-23 13:34:48.826 W/        ( 1269): debuggerd: handling request: pid=2454 uid=1023 gid=1023 tid=2454
05-23 13:34:49.342 W/        ( 1269): debuggerd: resuming target 2454
05-23 13:34:52.511 W/SystemConfig( 2584): No directory /system/etc/sysconfig, skipping
05-23 13:34:52.821 W/art     ( 2386): Suspending all threads took: 7.814ms
05-23 13:34:52.970 I/art     ( 2386): Background sticky concurrent mark sweep GC freed 18128(2MB) AllocSpace objects, 2(40KB) LOS objects, 30% free, 6MB/10MB, paused 9.493ms total 561.646ms
05-23 13:34:53.481 W/art     ( 2186): Long monitor contention with owner AsyncTask #2 (2510) at void android.os.MessageQueue.nativeWake(long)(MessageQueue.java:-2) waiters=0 in android.os.Message android.os.MessageQueue.next() for 2.444s
05-23 13:34:53.521 D/PhoneSwitcherNetworkRequstListener( 2584): Registering NetworkFactory
05-23 13:34:53.525 D/ConnectivityService( 2186): Got NetworkFactory Messenger for PhoneSwitcherNetworkRequstListener
05-23 13:34:53.716 D/ConnectivityService( 2186): Got NetworkFactory Messenger for TelephonyNetworkFactory[0]
05-23 13:34:54.562 D/CarrierConfigLoader( 2584): CarrierConfigLoader has started
05-23 13:34:54.611 E/BluetoothAdapter( 2584): Bluetooth binder is null
05-23 13:34:55.006 W/        ( 1269): debuggerd: handling request: pid=2502 uid=1023 gid=1023 tid=2502
05-23 13:34:55.144 I/art     ( 2186): Wrote stack traces to '/data/anr/traces.txt'
05-23 13:34:55.286 W/System  ( 2386): ClassLoader referenced unknown path: 
05-23 13:34:55.287 W/System  ( 2386): ClassLoader referenced unknown path: /system/priv-app/Dialer/lib/x86_64
05-23 13:34:55.393 I/Telephony( 2584): TtyManager: updateUiTtyMode -1 -> 0
05-23 13:34:55.416 W/        ( 1269): debuggerd: resuming target 2502
05-23 13:34:55.423 D/ApplicationLoaders( 2386): ignored Vulkan layer search path /system/priv-app/Dialer/lib/x86_64:/system/lib64:/vendor/lib64 for namespace 0x7a36df5d50f0
05-23 13:34:56.374 D/AlarmManagerService( 2186): Kernel timezone updated to 0 minutes west of GMT
05-23 13:34:56.446 D/AlarmManagerService( 2186): Setting time of day to sec=1621776896
05-23 13:34:56.688 W/AlarmManagerService( 2186): Unable to set rtc to 1621776896: No such device
05-23 13:34:57.058 W/art     ( 2186): Long monitor contention with owner AsyncTask #1 (2363) at boolean android.os.MessageQueue.enqueueMessage(android.os.Message, long)(MessageQueue.java:541) waiters=0 in android.os.Message android.os.MessageQueue.next() for 1.399s
05-23 13:34:57.710 E/BluetoothAdapter( 2386): Bluetooth binder is null
05-23 13:34:58.064 I/CameraManagerGlobal( 2386): Connecting to camera service
05-23 13:34:58.144 V/EmulatedCamera_Camera( 1327): getCameraInfo
05-23 13:34:58.145 V/EmulatedCamera_BaseCamera( 1327): getCameraInfo
05-23 13:34:58.153 E/ActivityThread( 2186): Failed to find provider info for com.android.calendar
05-23 13:34:58.183 I/CameraService( 1327): getCameraCharacteristics: Switching to HAL1 shim implementation...
05-23 13:34:58.183 V/EmulatedCamera_Camera( 1327): getCameraInfo
05-23 13:34:58.184 V/EmulatedCamera_BaseCamera( 1327): getCameraInfo
05-23 13:34:58.186 I/CameraService( 1327): CameraService::connect call (PID -1 "cameraserver", camera ID 0) for HAL version default and Camera API version 1
05-23 13:34:58.260 E/CameraService( 1327): getCameraPriorityFromProcState: Received invalid process state -1 from ActivityManagerService!
05-23 13:34:58.261 V/EmulatedCamera_Camera( 1327): getCameraInfo
05-23 13:34:58.261 V/EmulatedCamera_BaseCamera( 1327): getCameraInfo
05-23 13:34:58.325 W/art     ( 2186): Long monitor contention with owner ConditionProviders.ECP (2357) at android.app.IActivityManager$ContentProviderHolder com.android.server.am.ActivityManagerService.getContentProviderImpl(android.app.IApplicationThread, java.lang.String, android.os.IBinder, boolean, int)(ActivityManagerService.java:10666) waiters=0 in int com.android.server.am.ActivityManagerService.broadcastIntent(android.app.IApplicationThread, android.content.Intent, java.lang.String, android.content.IIntentReceiver, int, java.lang.String, android.os.Bundle, java.lang.String[], int, android.os.Bundle, boolean, boolean, int) for 169ms
05-23 13:34:58.660 E/ActivityThread( 2186): Failed to find provider info for com.android.calendar
05-23 13:34:58.851 E/WVMExtractor( 1339): Failed to open libwvm.so: dlopen failed: library "libwvm.so" not found
05-23 13:34:59.118 D/NuPlayerDriver( 1339): notifyListener_l(0xf198c300), (1, 0, 0), loop setting(0, 0)
05-23 13:34:59.632 D/NuPlayerDriver( 1339): notifyListener_l(0xf31a8ea0), (1, 0, 0), loop setting(0, 0)
05-23 13:34:59.924 D/NuPlayerDriver( 1339): notifyListener_l(0xf31a8ba0), (1, 0, 0), loop setting(0, 0)
05-23 13:35:00.056 I/CameraFlashlight( 1327): Opening camera 0
05-23 13:35:00.056 V/EmulatedCamera_Camera( 1327): getCameraInfo
05-23 13:35:00.056 V/EmulatedCamera_BaseCamera( 1327): getCameraInfo
05-23 13:35:00.056 V/EmulatedCamera_Camera( 1327): connectCamera
05-23 13:35:00.056 V/EmulatedCamera_FakeDevice( 1327): connectDevice
05-23 13:35:00.057 V/EmulatedCamera_CallbackNotifier( 1327): setCallbacks: 0xee616e80, 0xee616ed0, 0xee616ff0, 0xee617110 (0xed9901e0)
05-23 13:35:00.068 V/EmulatedCamera_CallbackNotifier( 1327): enableMessage: msg_type = 0xc0d
05-23 13:35:00.068 V/EmulatedCamera_CallbackNotifier( 1327):     CAMERA_MSG_ERROR
05-23 13:35:00.068 V/EmulatedCamera_CallbackNotifier( 1327):     CAMERA_MSG_FOCUS
05-23 13:35:00.068 V/EmulatedCamera_CallbackNotifier( 1327):     CAMERA_MSG_ZOOM
05-23 13:35:00.068 V/EmulatedCamera_CallbackNotifier( 1327):     CAMERA_MSG_PREVIEW_METADATA
05-23 13:35:00.068 V/EmulatedCamera_CallbackNotifier( 1327): **** Currently enabled messages:
05-23 13:35:00.069 V/EmulatedCamera_CallbackNotifier( 1327):     CAMERA_MSG_ERROR
05-23 13:35:00.069 V/EmulatedCamera_CallbackNotifier( 1327):     CAMERA_MSG_FOCUS
05-23 13:35:00.069 V/EmulatedCamera_CallbackNotifier( 1327):     CAMERA_MSG_ZOOM
05-23 13:35:00.069 V/EmulatedCamera_CallbackNotifier( 1327):     CAMERA_MSG_PREVIEW_METADATA
05-23 13:35:00.081 V/EmulatedCamera_CallbackNotifier( 1327): disableMessage: msg_type = 0xffff
05-23 13:35:00.081 V/EmulatedCamera_CallbackNotifier( 1327):     CAMERA_MSG_ERROR
05-23 13:35:00.081 V/EmulatedCamera_CallbackNotifier( 1327):     CAMERA_MSG_SHUTTER
05-23 13:35:00.081 V/EmulatedCamera_CallbackNotifier( 1327):     CAMERA_MSG_FOCUS
05-23 13:35:00.081 V/EmulatedCamera_CallbackNotifier( 1327):     CAMERA_MSG_ZOOM
05-23 13:35:00.081 V/EmulatedCamera_CallbackNotifier( 1327):     CAMERA_MSG_PREVIEW_FRAME
05-23 13:35:00.081 V/EmulatedCamera_CallbackNotifier( 1327):     CAMERA_MSG_VIDEO_FRAME
05-23 13:35:00.081 V/EmulatedCamera_CallbackNotifier( 1327):     CAMERA_MSG_POSTVIEW_FRAME
05-23 13:35:00.081 V/EmulatedCamera_CallbackNotifier( 1327):     CAMERA_MSG_RAW_IMAGE
05-23 13:35:00.081 V/EmulatedCamera_CallbackNotifier( 1327):     CAMERA_MSG_COMPRESSED_IMAGE
05-23 13:35:00.081 V/EmulatedCamera_CallbackNotifier( 1327):     CAMERA_MSG_RAW_IMAGE_NOTIFY
05-23 13:35:00.081 V/EmulatedCamera_CallbackNotifier( 1327):     CAMERA_MSG_PREVIEW_METADATA
05-23 13:35:00.082 V/EmulatedCamera_CallbackNotifier( 1327): **** Currently enabled messages:
05-23 13:35:00.082 V/EmulatedCamera_Preview( 1327): setPreviewWindow: current: 0x0 -> new: 0x0
05-23 13:35:00.082 V/EmulatedCamera_Camera( 1327): doStopPreview
05-23 13:35:00.142 D/PhoneSwitcherNetworkRequstListener( 2584): got request NetworkRequest [ REQUEST id=1, [ Capabilities: INTERNET&NOT_RESTRICTED&TRUSTED&NOT_VPN] ] with score 0
05-23 13:35:00.145 V/EmulatedCamera_Camera( 1327): cancelPicture
05-23 13:35:00.145 V/EmulatedCamera_Camera( 1327): releaseCamera
05-23 13:35:00.145 V/EmulatedCamera_Camera( 1327): doStopPreview
05-23 13:35:00.145 V/EmulatedCamera_FakeDevice( 1327): disconnectDevice
05-23 13:35:00.145 W/EmulatedCamera_Device( 1327): Initialize: Emulated camera device is already initialized: mState = 1
05-23 13:35:00.145 D/EmulatedCamera_FakeCamera( 1327): Initialize: Fake camera is facing back
05-23 13:35:00.158 V/EmulatedCamera_Device( 1327): initializeWhiteBalanceModes with auto, 1.000000, 1.000000
05-23 13:35:00.158 V/EmulatedCamera_Device( 1327): initializeWhiteBalanceModes with incandescent, 1.380000, 0.600000
05-23 13:35:00.158 V/EmulatedCamera_Device( 1327): initializeWhiteBalanceModes with daylight, 1.090000, 0.920000
05-23 13:35:00.158 V/EmulatedCamera_Device( 1327): initializeWhiteBalanceModes with twilight, 0.920000, 1.220000
05-23 13:35:00.159 V/EmulatedCamera_Device( 1327): setWhiteBalanceMode with white balance auto
05-23 13:35:00.159 I/CameraFlashlight( 1327): Destroying camera 0
05-23 13:35:00.159 V/EmulatedCamera_Camera( 1327): closeCamera
05-23 13:35:00.159 V/EmulatedCamera_Camera( 1327): doStopPreview
05-23 13:35:00.159 W/EmulatedCamera_Device( 1327): Initialize: Emulated camera device is already initialized: mState = 1
05-23 13:35:00.159 D/EmulatedCamera_FakeCamera( 1327): Initialize: Fake camera is facing back
05-23 13:35:00.160 V/EmulatedCamera_Device( 1327): initializeWhiteBalanceModes with auto, 1.000000, 1.000000
05-23 13:35:00.160 V/EmulatedCamera_Device( 1327): initializeWhiteBalanceModes with incandescent, 1.380000, 0.600000
05-23 13:35:00.160 V/EmulatedCamera_Device( 1327): initializeWhiteBalanceModes with daylight, 1.090000, 0.920000
05-23 13:35:00.160 V/EmulatedCamera_Device( 1327): initializeWhiteBalanceModes with twilight, 0.920000, 1.220000
05-23 13:35:00.160 V/EmulatedCamera_Device( 1327): setWhiteBalanceMode with white balance auto
05-23 13:35:00.210 D/TelephonyDebugService( 2584): TelephonyDebugService()
05-23 13:35:00.232 D/CarrierConfigLoader( 2584): mHandler: 12 phoneId: 0
05-23 13:35:00.273 I/CameraService( 1327): disconnect: Disconnected client for camera 0 for PID 1327
05-23 13:35:00.274 D/NuPlayerDriver( 1339): reset(0xf198c300) at state 4
05-23 13:35:00.275 D/NuPlayerDriver( 1339): notifyListener_l(0xf198c300), (8, 0, 0), loop setting(0, 0)
05-23 13:35:00.276 D/NuPlayerDriver( 1339): notifyResetComplete(0xf198c300)
05-23 13:35:00.438 D/NuPlayerDriver( 1339): reset(0xf31a8ea0) at state 4
05-23 13:35:00.438 D/NuPlayerDriver( 1339): notifyListener_l(0xf31a8ea0), (8, 0, 0), loop setting(0, 0)
05-23 13:35:00.439 D/NuPlayerDriver( 1339): notifyResetComplete(0xf31a8ea0)
05-23 13:35:00.451 D/NuPlayerDriver( 1339): reset(0xf31a8ba0) at state 4
05-23 13:35:00.451 D/NuPlayerDriver( 1339): notifyListener_l(0xf31a8ba0), (8, 0, 0), loop setting(0, 0)
05-23 13:35:00.452 D/NuPlayerDriver( 1339): notifyResetComplete(0xf31a8ba0)
05-23 13:35:00.466 V/EmulatedCamera_Camera( 1327): getCameraInfo
05-23 13:35:00.466 V/EmulatedCamera_BaseCamera( 1327): getCameraInfo
05-23 13:35:00.476 V/EmulatedCamera_Camera( 1327): getCameraInfo
05-23 13:35:00.476 V/EmulatedCamera_BaseCamera( 1327): getCameraInfo
05-23 13:35:00.874 I/StatusBar( 2386): isKeyguardShowing() called before startKeyguard(), returning true
05-23 13:35:00.876 W/StatusBar( 2386): isKeyguardSecure() called before startKeyguard(), returning false
05-23 13:35:00.876 W/StatusBar( 2386): java.lang.Throwable
05-23 13:35:00.876 W/StatusBar( 2386): 	at com.android.systemui.statusbar.BaseStatusBar.isKeyguardSecure(BaseStatusBar.java:2647)
05-23 13:35:00.876 W/StatusBar( 2386): 	at com.android.systemui.statusbar.BaseStatusBar.isCameraAllowedByAdmin(BaseStatusBar.java:2670)
05-23 13:35:00.876 W/StatusBar( 2386): 	at com.android.systemui.statusbar.phone.KeyguardBottomAreaView.updateCameraVisibility(KeyguardBottomAreaView.java:309)
05-23 13:35:00.876 W/StatusBar( 2386): 	at com.android.systemui.statusbar.phone.KeyguardBottomAreaView.setPhoneStatusBar(KeyguardBottomAreaView.java:272)
05-23 13:35:00.876 W/StatusBar( 2386): 	at com.android.systemui.statusbar.phone.PhoneStatusBar.makeStatusBarView(PhoneStatusBar.java:904)
05-23 13:35:00.876 W/StatusBar( 2386): 	at com.android.systemui.statusbar.phone.PhoneStatusBar.addStatusBarWindow(PhoneStatusBar.java:3432)
05-23 13:35:00.876 W/StatusBar( 2386): 	at com.android.systemui.statusbar.phone.PhoneStatusBar.createAndAddWindows(PhoneStatusBar.java:3428)
05-23 13:35:00.876 W/StatusBar( 2386): 	at com.android.systemui.statusbar.BaseStatusBar.start(BaseStatusBar.java:765)
05-23 13:35:00.876 W/StatusBar( 2386): 	at com.android.systemui.statusbar.phone.PhoneStatusBar.start(PhoneStatusBar.java:686)
05-23 13:35:00.876 W/StatusBar( 2386): 	at com.android.systemui.statusbar.SystemBars.createStatusBarFromConfig(SystemBars.java:106)
05-23 13:35:00.876 W/StatusBar( 2386): 	at com.android.systemui.statusbar.SystemBars.onNoService(SystemBars.java:58)
