05-23 13:33:21.792 E/Hyphenator( 1325): 	at com.android.internal.os.ZygoteInit.preloadTextResources(ZygoteInit.java:252)
05-23 13:33:21.792 E/Hyphenator( 1325): 	at com.android.internal.os.ZygoteInit.preload(ZygoteInit.java:206)
05-23 13:33:21.792 E/Hyphenator( 1325): 	at com.android.internal.os.ZygoteInit.main(ZygoteInit.java:743)
05-23 13:33:21.792 E/Hyphenator( 1325): Caused by: android.system.ErrnoException: open failed: ENOENT (No such file or directory)
05-23 13:33:21.792 E/Hyphenator( 1325): 	at libcore.io.Posix.open(Native Method)
05-23 13:33:21.792 E/Hyphenator( 1325): 	at libcore.io.BlockGuardOs.open(BlockGuardOs.java:187)
05-23 13:33:21.792 E/Hyphenator( 1325): 	at libcore.io.IoBridge.open(IoBridge.java:441)
05-23 13:33:21.792 E/Hyphenator( 1325): 	... 6 more
05-23 13:33:21.794 E/Hyphenator( 1325): error loading hyphenation /system/usr/hyphen-data/hyph-hr.hyb
05-23 13:33:21.794 E/Hyphenator( 1325): java.io.FileNotFoundException: /system/usr/hyphen-data/hyph-hr.hyb: open failed: ENOENT (No such file or directory)
05-23 13:33:21.794 E/Hyphenator( 1325): 	at libcore.io.IoBridge.open(IoBridge.java:455)
05-23 13:33:21.794 E/Hyphenator( 1325): 	at java.io.RandomAccessFile.<init>(RandomAccessFile.java:247)
05-23 13:33:21.794 E/Hyphenator( 1325): 	at android.text.Hyphenator.loadHyphenator(Hyphenator.java:118)
05-23 13:33:21.794 E/Hyphenator( 1325): 	at android.text.Hyphenator.init(Hyphenator.java:224)
05-23 13:33:21.794 E/Hyphenator( 1325): 	at com.android.internal.os.ZygoteInit.preloadTextResources(ZygoteInit.java:252)
05-23 13:33:21.794 E/Hyphenator( 1325): 	at com.android.internal.os.ZygoteInit.preload(ZygoteInit.java:206)
05-23 13:33:21.794 E/Hyphenator( 1325): 	at com.android.internal.os.ZygoteInit.main(ZygoteInit.java:743)
05-23 13:33:21.794 E/Hyphenator( 1325): Caused by: android.system.ErrnoException: open failed: ENOENT (No such file or directory)
05-23 13:33:21.794 E/Hyphenator( 1325): 	at libcore.io.Posix.open(Native Method)
05-23 13:33:21.794 E/Hyphenator( 1325): 	at libcore.io.BlockGuardOs.open(BlockGuardOs.java:187)
05-23 13:33:21.794 E/Hyphenator( 1325): 	at libcore.io.IoBridge.open(IoBridge.java:441)
05-23 13:33:21.794 E/Hyphenator( 1325): 	... 6 more
05-23 13:33:21.796 E/Hyphenator( 1325): error loading hyphenation /system/usr/hyphen-data/hyph-hu.hyb
05-23 13:33:21.796 E/Hyphenator( 1325): java.io.FileNotFoundException: /system/usr/hyphen-data/hyph-hu.hyb: open failed: ENOENT (No such file or directory)
05-23 13:33:21.796 E/Hyphenator( 1325): 	at libcore.io.IoBridge.open(IoBridge.java:455)
05-23 13:33:21.796 E/Hyphenator( 1325): 	at java.io.RandomAccessFile.<init>(RandomAccessFile.java:247)
05-23 13:33:21.796 E/Hyphenator( 1325): 	at android.text.Hyphenator.loadHyphenator(Hyphenator.java:118)
05-23 13:33:21.796 E/Hyphenator( 1325): 	at android.text.Hyphenator.init(Hyphenator.java:224)
05-23 13:33:21.796 E/Hyphenator( 1325): 	at com.android.internal.os.ZygoteInit.preloadTextResources(ZygoteInit.java:252)
05-23 13:33:21.796 E/Hyphenator( 1325): 	at com.android.internal.os.ZygoteInit.preload(ZygoteInit.java:206)
05-23 13:33:21.796 E/Hyphenator( 1325): 	at com.android.internal.os.ZygoteInit.main(ZygoteInit.java:743)
05-23 13:33:21.796 E/Hyphenator( 1325): Caused by: android.system.ErrnoException: open failed: ENOENT (No such file or directory)
05-23 13:33:21.796 E/Hyphenator( 1325): 	at libcore.io.Posix.open(Native Method)
05-23 13:33:21.796 E/Hyphenator( 1325): 	at libcore.io.BlockGuardOs.open(BlockGuardOs.java:187)
05-23 13:33:21.796 E/Hyphenator( 1325): 	at libcore.io.IoBridge.open(IoBridge.java:441)
05-23 13:33:21.796 E/Hyphenator( 1325): 	... 6 more
05-23 13:33:21.797 E/Hyphenator( 1325): error loading hyphenation /system/usr/hyphen-data/hyph-hy.hyb
05-23 13:33:21.797 E/Hyphenator( 1325): java.io.FileNotFoundException: /system/usr/hyphen-data/hyph-hy.hyb: open failed: ENOENT (No such file or directory)
05-23 13:33:21.797 E/Hyphenator( 1325): 	at libcore.io.IoBridge.open(IoBridge.java:455)
05-23 13:33:21.797 E/Hyphenator( 1325): 	at java.io.RandomAccessFile.<init>(RandomAccessFile.java:247)
05-23 13:33:21.797 E/Hyphenator( 1325): 	at android.text.Hyphenator.loadHyphenator(Hyphenator.java:118)
05-23 13:33:21.797 E/Hyphenator( 1325): 	at android.text.Hyphenator.init(Hyphenator.java:224)
05-23 13:33:21.797 E/Hyphenator( 1325): 	at com.android.internal.os.ZygoteInit.preloadTextResources(ZygoteInit.java:252)
05-23 13:33:21.797 E/Hyphenator( 1325): 	at com.android.internal.os.ZygoteInit.preload(ZygoteInit.java:206)
05-23 13:33:21.797 E/Hyphenator( 1325): 	at com.android.internal.os.ZygoteInit.main(ZygoteInit.java:743)
05-23 13:33:21.797 E/Hyphenator( 1325): Caused by: android.system.ErrnoException: open failed: ENOENT (No such file or directory)
05-23 13:33:21.797 E/Hyphenator( 1325): 	at libcore.io.Posix.open(Native Method)
05-23 13:33:21.797 E/Hyphenator( 1325): 	at libcore.io.BlockGuardOs.open(BlockGuardOs.java:187)
05-23 13:33:21.797 E/Hyphenator( 1325): 	at libcore.io.IoBridge.open(IoBridge.java:441)
05-23 13:33:21.797 E/Hyphenator( 1325): 	... 6 more
05-23 13:33:21.798 E/Hyphenator( 1325): error loading hyphenation /system/usr/hyphen-data/hyph-kn.hyb
05-23 13:33:21.798 E/Hyphenator( 1325): java.io.FileNotFoundException: /system/usr/hyphen-data/hyph-kn.hyb: open failed: ENOENT (No such file or directory)
05-23 13:33:21.798 E/Hyphenator( 1325): 	at libcore.io.IoBridge.open(IoBridge.java:455)
05-23 13:33:21.798 E/Hyphenator( 1325): 	at java.io.RandomAccessFile.<init>(RandomAccessFile.java:247)
05-23 13:33:21.798 E/Hyphenator( 1325): 	at android.text.Hyphenator.loadHyphenator(Hyphenator.java:118)
05-23 13:33:21.798 E/Hyphenator( 1325): 	at android.text.Hyphenator.init(Hyphenator.java:224)
05-23 13:33:21.798 E/Hyphenator( 1325): 	at com.android.internal.os.ZygoteInit.preloadTextResources(ZygoteInit.java:252)
05-23 13:33:21.798 E/Hyphenator( 1325): 	at com.android.internal.os.ZygoteInit.preload(ZygoteInit.java:206)
05-23 13:33:21.798 E/Hyphenator( 1325): 	at com.android.internal.os.ZygoteInit.main(ZygoteInit.java:743)
05-23 13:33:21.798 E/Hyphenator( 1325): Caused by: android.system.ErrnoException: open failed: ENOENT (No such file or directory)
05-23 13:33:21.798 E/Hyphenator( 1325): 	at libcore.io.Posix.open(Native Method)
05-23 13:33:21.798 E/Hyphenator( 1325): 	at libcore.io.BlockGuardOs.open(BlockGuardOs.java:187)
05-23 13:33:21.798 E/Hyphenator( 1325): 	at libcore.io.IoBridge.open(IoBridge.java:441)
05-23 13:33:21.798 E/Hyphenator( 1325): 	... 6 more
05-23 13:33:21.841 E/Hyphenator( 1325): error loading hyphenation /system/usr/hyphen-data/hyph-ml.hyb
05-23 13:33:21.841 E/Hyphenator( 1325): java.io.FileNotFoundException: /system/usr/hyphen-data/hyph-ml.hyb: open failed: ENOENT (No such file or directory)
05-23 13:33:21.841 E/Hyphenator( 1325): 	at libcore.io.IoBridge.open(IoBridge.java:455)
05-23 13:33:21.841 E/Hyphenator( 1325): 	at java.io.RandomAccessFile.<init>(RandomAccessFile.java:247)
05-23 13:33:21.841 E/Hyphenator( 1325): 	at android.text.Hyphenator.loadHyphenator(Hyphenator.java:118)
05-23 13:33:21.841 E/Hyphenator( 1325): 	at android.text.Hyphenator.init(Hyphenator.java:224)
05-23 13:33:21.841 E/Hyphenator( 1325): 	at com.android.internal.os.ZygoteInit.preloadTextResources(ZygoteInit.java:252)
05-23 13:33:21.841 E/Hyphenator( 1325): 	at com.android.internal.os.ZygoteInit.preload(ZygoteInit.java:206)
05-23 13:33:21.841 E/Hyphenator( 1325): 	at com.android.internal.os.ZygoteInit.main(ZygoteInit.java:743)
05-23 13:33:21.841 E/Hyphenator( 1325): Caused by: android.system.ErrnoException: open failed: ENOENT (No such file or directory)
05-23 13:33:21.841 E/Hyphenator( 1325): 	at libcore.io.Posix.open(Native Method)
05-23 13:33:21.841 E/Hyphenator( 1325): 	at libcore.io.BlockGuardOs.open(BlockGuardOs.java:187)
05-23 13:33:21.841 E/Hyphenator( 1325): 	at libcore.io.IoBridge.open(IoBridge.java:441)
05-23 13:33:21.841 E/Hyphenator( 1325): 	... 6 more
05-23 13:33:21.842 E/Hyphenator( 1325): error loading hyphenation /system/usr/hyphen-data/hyph-mn-cyrl.hyb
05-23 13:33:21.842 E/Hyphenator( 1325): java.io.FileNotFoundException: /system/usr/hyphen-data/hyph-mn-cyrl.hyb: open failed: ENOENT (No such file or directory)
05-23 13:33:21.842 E/Hyphenator( 1325): 	at libcore.io.IoBridge.open(IoBridge.java:455)
05-23 13:33:21.842 E/Hyphenator( 1325): 	at java.io.RandomAccessFile.<init>(RandomAccessFile.java:247)
05-23 13:33:21.842 E/Hyphenator( 1325): 	at android.text.Hyphenator.loadHyphenator(Hyphenator.java:118)
05-23 13:33:21.842 E/Hyphenator( 1325): 	at android.text.Hyphenator.init(Hyphenator.java:224)
05-23 13:33:21.842 E/Hyphenator( 1325): 	at com.android.internal.os.ZygoteInit.preloadTextResources(ZygoteInit.java:252)
05-23 13:33:21.842 E/Hyphenator( 1325): 	at com.android.internal.os.ZygoteInit.preload(ZygoteInit.java:206)
05-23 13:33:21.842 E/Hyphenator( 1325): 	at com.android.internal.os.ZygoteInit.main(ZygoteInit.java:743)
05-23 13:33:21.842 E/Hyphenator( 1325): Caused by: android.system.ErrnoException: open failed: ENOENT (No such file or directory)
05-23 13:33:21.842 E/Hyphenator( 1325): 	at libcore.io.Posix.open(Native Method)
05-23 13:33:21.842 E/Hyphenator( 1325): 	at libcore.io.BlockGuardOs.open(BlockGuardOs.java:187)
05-23 13:33:21.842 E/Hyphenator( 1325): 	at libcore.io.IoBridge.open(IoBridge.java:441)
05-23 13:33:21.842 E/Hyphenator( 1325): 	... 6 more
05-23 13:33:21.844 E/Hyphenator( 1325): error loading hyphenation /system/usr/hyphen-data/hyph-mr.hyb
05-23 13:33:21.844 E/Hyphenator( 1325): java.io.FileNotFoundException: /system/usr/hyphen-data/hyph-mr.hyb: open failed: ENOENT (No such file or directory)
05-23 13:33:21.844 E/Hyphenator( 1325): 	at libcore.io.IoBridge.open(IoBridge.java:455)
05-23 13:33:21.844 E/Hyphenator( 1325): 	at java.io.RandomAccessFile.<init>(RandomAccessFile.java:247)
05-23 13:33:21.844 E/Hyphenator( 1325): 	at android.text.Hyphenator.loadHyphenator(Hyphenator.java:118)
05-23 13:33:21.844 E/Hyphenator( 1325): 	at android.text.Hyphenator.init(Hyphenator.java:224)
05-23 13:33:21.844 E/Hyphenator( 1325): 	at com.android.internal.os.ZygoteInit.preloadTextResources(ZygoteInit.java:252)
05-23 13:33:21.844 E/Hyphenator( 1325): 	at com.android.internal.os.ZygoteInit.preload(ZygoteInit.java:206)
05-23 13:33:21.844 E/Hyphenator( 1325): 	at com.android.internal.os.ZygoteInit.main(ZygoteInit.java:743)
05-23 13:33:21.844 E/Hyphenator( 1325): Caused by: android.system.ErrnoException: open failed: ENOENT (No such file or directory)
05-23 13:33:21.844 E/Hyphenator( 1325): 	at libcore.io.Posix.open(Native Method)
05-23 13:33:21.844 E/Hyphenator( 1325): 	at libcore.io.BlockGuardOs.open(BlockGuardOs.java:187)
05-23 13:33:21.844 E/Hyphenator( 1325): 	at libcore.io.IoBridge.open(IoBridge.java:441)
05-23 13:33:21.844 E/Hyphenator( 1325): 	... 6 more
05-23 13:33:21.845 E/Hyphenator( 1325): error loading hyphenation /system/usr/hyphen-data/hyph-nb.hyb
05-23 13:33:21.845 E/Hyphenator( 1325): java.io.FileNotFoundException: /system/usr/hyphen-data/hyph-nb.hyb: open failed: ENOENT (No such file or directory)
05-23 13:33:21.845 E/Hyphenator( 1325): 	at libcore.io.IoBridge.open(IoBridge.java:455)
05-23 13:33:21.845 E/Hyphenator( 1325): 	at java.io.RandomAccessFile.<init>(RandomAccessFile.java:247)
05-23 13:33:21.845 E/Hyphenator( 1325): 	at android.text.Hyphenator.loadHyphenator(Hyphenator.java:118)
05-23 13:33:21.845 E/Hyphenator( 1325): 	at android.text.Hyphenator.init(Hyphenator.java:224)
05-23 13:33:21.845 E/Hyphenator( 1325): 	at com.android.internal.os.ZygoteInit.preloadTextResources(ZygoteInit.java:252)
05-23 13:33:21.845 E/Hyphenator( 1325): 	at com.android.internal.os.ZygoteInit.preload(ZygoteInit.java:206)
05-23 13:33:21.845 E/Hyphenator( 1325): 	at com.android.internal.os.ZygoteInit.main(ZygoteInit.java:743)
05-23 13:33:21.845 E/Hyphenator( 1325): Caused by: android.system.ErrnoException: open failed: ENOENT (No such file or directory)
05-23 13:33:21.845 E/Hyphenator( 1325): 	at libcore.io.Posix.open(Native Method)
05-23 13:33:21.845 E/Hyphenator( 1325): 	at libcore.io.BlockGuardOs.open(BlockGuardOs.java:187)
05-23 13:33:21.845 E/Hyphenator( 1325): 	at libcore.io.IoBridge.open(IoBridge.java:441)
05-23 13:33:21.845 E/Hyphenator( 1325): 	... 6 more
05-23 13:33:21.847 E/Hyphenator( 1325): error loading hyphenation /system/usr/hyphen-data/hyph-nn.hyb
05-23 13:33:21.847 E/Hyphenator( 1325): java.io.FileNotFoundException: /system/usr/hyphen-data/hyph-nn.hyb: open failed: ENOENT (No such file or directory)
05-23 13:33:21.847 E/Hyphenator( 1325): 	at libcore.io.IoBridge.open(IoBridge.java:455)
05-23 13:33:21.847 E/Hyphenator( 1325): 	at java.io.RandomAccessFile.<init>(RandomAccessFile.java:247)
05-23 13:33:21.847 E/Hyphenator( 1325): 	at android.text.Hyphenator.loadHyphenator(Hyphenator.java:118)
05-23 13:33:21.847 E/Hyphenator( 1325): 	at android.text.Hyphenator.init(Hyphenator.java:224)
05-23 13:33:21.847 E/Hyphenator( 1325): 	at com.android.internal.os.ZygoteInit.preloadTextResources(ZygoteInit.java:252)
05-23 13:33:21.847 E/Hyphenator( 1325): 	at com.android.internal.os.ZygoteInit.preload(ZygoteInit.java:206)
05-23 13:33:21.847 E/Hyphenator( 1325): 	at com.android.internal.os.ZygoteInit.main(ZygoteInit.java:743)
05-23 13:33:21.847 E/Hyphenator( 1325): Caused by: android.system.ErrnoException: open failed: ENOENT (No such file or directory)
05-23 13:33:21.847 E/Hyphenator( 1325): 	at libcore.io.Posix.open(Native Method)
05-23 13:33:21.847 E/Hyphenator( 1325): 	at libcore.io.BlockGuardOs.open(BlockGuardOs.java:187)
05-23 13:33:21.847 E/Hyphenator( 1325): 	at libcore.io.IoBridge.open(IoBridge.java:441)
05-23 13:33:21.847 E/Hyphenator( 1325): 	... 6 more
05-23 13:33:21.848 E/Hyphenator( 1325): error loading hyphenation /system/usr/hyphen-data/hyph-or.hyb
05-23 13:33:21.848 E/Hyphenator( 1325): java.io.FileNotFoundException: /system/usr/hyphen-data/hyph-or.hyb: open failed: ENOENT (No such file or directory)
05-23 13:33:21.848 E/Hyphenator( 1325): 	at libcore.io.IoBridge.open(IoBridge.java:455)
05-23 13:33:21.848 E/Hyphenator( 1325): 	at java.io.RandomAccessFile.<init>(RandomAccessFile.java:247)
05-23 13:33:21.848 E/Hyphenator( 1325): 	at android.text.Hyphenator.loadHyphenator(Hyphenator.java:118)
05-23 13:33:21.848 E/Hyphenator( 1325): 	at android.text.Hyphenator.init(Hyphenator.java:224)
05-23 13:33:21.848 E/Hyphenator( 1325): 	at com.android.internal.os.ZygoteInit.preloadTextResources(ZygoteInit.java:252)
05-23 13:33:21.848 E/Hyphenator( 1325): 	at com.android.internal.os.ZygoteInit.preload(ZygoteInit.java:206)
05-23 13:33:21.848 E/Hyphenator( 1325): 	at com.android.internal.os.ZygoteInit.main(ZygoteInit.java:743)
05-23 13:33:21.848 E/Hyphenator( 1325): Caused by: android.system.ErrnoException: open failed: ENOENT (No such file or directory)
05-23 13:33:21.848 E/Hyphenator( 1325): 	at libcore.io.Posix.open(Native Method)
05-23 13:33:21.848 E/Hyphenator( 1325): 	at libcore.io.BlockGuardOs.open(BlockGuardOs.java:187)
05-23 13:33:21.848 E/Hyphenator( 1325): 	at libcore.io.IoBridge.open(IoBridge.java:441)
05-23 13:33:21.848 E/Hyphenator( 1325): 	... 6 more
05-23 13:33:21.855 I/Zygote  ( 1324): Warmed up JCA providers in 495ms.
05-23 13:33:21.855 D/Zygote  ( 1324): end preload
05-23 13:33:21.856 I/art     ( 1324): Starting a blocking GC Explicit
05-23 13:33:21.871 E/Hyphenator( 1325): error loading hyphenation /system/usr/hyphen-data/hyph-pa.hyb
05-23 13:33:21.871 E/Hyphenator( 1325): java.io.FileNotFoundException: /system/usr/hyphen-data/hyph-pa.hyb: open failed: ENOENT (No such file or directory)
05-23 13:33:21.871 E/Hyphenator( 1325): 	at libcore.io.IoBridge.open(IoBridge.java:455)
05-23 13:33:21.871 E/Hyphenator( 1325): 	at java.io.RandomAccessFile.<init>(RandomAccessFile.java:247)
05-23 13:33:21.871 E/Hyphenator( 1325): 	at android.text.Hyphenator.loadHyphenator(Hyphenator.java:118)
05-23 13:33:21.871 E/Hyphenator( 1325): 	at android.text.Hyphenator.init(Hyphenator.java:224)
05-23 13:33:21.871 E/Hyphenator( 1325): 	at com.android.internal.os.ZygoteInit.preloadTextResources(ZygoteInit.java:252)
05-23 13:33:21.871 E/Hyphenator( 1325): 	at com.android.internal.os.ZygoteInit.preload(ZygoteInit.java:206)
05-23 13:33:21.871 E/Hyphenator( 1325): 	at com.android.internal.os.ZygoteInit.main(ZygoteInit.java:743)
05-23 13:33:21.871 E/Hyphenator( 1325): Caused by: android.system.ErrnoException: open failed: ENOENT (No such file or directory)
05-23 13:33:21.871 E/Hyphenator( 1325): 	at libcore.io.Posix.open(Native Method)
05-23 13:33:21.871 E/Hyphenator( 1325): 	at libcore.io.BlockGuardOs.open(BlockGuardOs.java:187)
05-23 13:33:21.871 E/Hyphenator( 1325): 	at libcore.io.IoBridge.open(IoBridge.java:441)
05-23 13:33:21.871 E/Hyphenator( 1325): 	... 6 more
05-23 13:33:21.873 E/Hyphenator( 1325): error loading hyphenation /system/usr/hyphen-data/hyph-pt.hyb
05-23 13:33:21.873 E/Hyphenator( 1325): java.io.FileNotFoundException: /system/usr/hyphen-data/hyph-pt.hyb: open failed: ENOENT (No such file or directory)
05-23 13:33:21.873 E/Hyphenator( 1325): 	at libcore.io.IoBridge.open(IoBridge.java:455)
05-23 13:33:21.873 E/Hyphenator( 1325): 	at java.io.RandomAccessFile.<init>(RandomAccessFile.java:247)
05-23 13:33:21.873 E/Hyphenator( 1325): 	at android.text.Hyphenator.loadHyphenator(Hyphenator.java:118)
05-23 13:33:21.873 E/Hyphenator( 1325): 	at android.text.Hyphenator.init(Hyphenator.java:224)
05-23 13:33:21.873 E/Hyphenator( 1325): 	at com.android.internal.os.ZygoteInit.preloadTextResources(ZygoteInit.java:252)
05-23 13:33:21.873 E/Hyphenator( 1325): 	at com.android.internal.os.ZygoteInit.preload(ZygoteInit.java:206)
05-23 13:33:21.873 E/Hyphenator( 1325): 	at com.android.internal.os.ZygoteInit.main(ZygoteInit.java:743)
05-23 13:33:21.873 E/Hyphenator( 1325): Caused by: android.system.ErrnoException: open failed: ENOENT (No such file or directory)
05-23 13:33:21.873 E/Hyphenator( 1325): 	at libcore.io.Posix.open(Native Method)
05-23 13:33:21.873 E/Hyphenator( 1325): 	at libcore.io.BlockGuardOs.open(BlockGuardOs.java:187)
05-23 13:33:21.873 E/Hyphenator( 1325): 	at libcore.io.IoBridge.open(IoBridge.java:441)
05-23 13:33:21.873 E/Hyphenator( 1325): 	... 6 more
05-23 13:33:21.874 E/Hyphenator( 1325): error loading hyphenation /system/usr/hyphen-data/hyph-sl.hyb
05-23 13:33:21.874 E/Hyphenator( 1325): java.io.FileNotFoundException: /system/usr/hyphen-data/hyph-sl.hyb: open failed: ENOENT (No such file or directory)
05-23 13:33:21.874 E/Hyphenator( 1325): 	at libcore.io.IoBridge.open(IoBridge.java:455)
05-23 13:33:21.874 E/Hyphenator( 1325): 	at java.io.RandomAccessFile.<init>(RandomAccessFile.java:247)
05-23 13:33:21.874 E/Hyphenator( 1325): 	at android.text.Hyphenator.loadHyphenator(Hyphenator.java:118)
05-23 13:33:21.874 E/Hyphenator( 1325): 	at android.text.Hyphenator.init(Hyphenator.java:224)
05-23 13:33:21.874 E/Hyphenator( 1325): 	at com.android.internal.os.ZygoteInit.preloadTextResources(ZygoteInit.java:252)
05-23 13:33:21.874 E/Hyphenator( 1325): 	at com.android.internal.os.ZygoteInit.preload(ZygoteInit.java:206)
05-23 13:33:21.874 E/Hyphenator( 1325): 	at com.android.internal.os.ZygoteInit.main(ZygoteInit.java:743)
05-23 13:33:21.874 E/Hyphenator( 1325): Caused by: android.system.ErrnoException: open failed: ENOENT (No such file or directory)
05-23 13:33:21.874 E/Hyphenator( 1325): 	at libcore.io.Posix.open(Native Method)
05-23 13:33:21.874 E/Hyphenator( 1325): 	at libcore.io.BlockGuardOs.open(BlockGuardOs.java:187)
05-23 13:33:21.874 E/Hyphenator( 1325): 	at libcore.io.IoBridge.open(IoBridge.java:441)
05-23 13:33:21.874 E/Hyphenator( 1325): 	... 6 more
05-23 13:33:21.876 E/Hyphenator( 1325): error loading hyphenation /system/usr/hyphen-data/hyph-ta.hyb
05-23 13:33:21.876 E/Hyphenator( 1325): java.io.FileNotFoundException: /system/usr/hyphen-data/hyph-ta.hyb: open failed: ENOENT (No such file or directory)
05-23 13:33:21.876 E/Hyphenator( 1325): 	at libcore.io.IoBridge.open(IoBridge.java:455)
05-23 13:33:21.876 E/Hyphenator( 1325): 	at java.io.RandomAccessFile.<init>(RandomAccessFile.java:247)
05-23 13:33:21.876 E/Hyphenator( 1325): 	at android.text.Hyphenator.loadHyphenator(Hyphenator.java:118)
05-23 13:33:21.876 E/Hyphenator( 1325): 	at android.text.Hyphenator.init(Hyphenator.java:224)
05-23 13:33:21.876 E/Hyphenator( 1325): 	at com.android.internal.os.ZygoteInit.preloadTextResources(ZygoteInit.java:252)
05-23 13:33:21.876 E/Hyphenator( 1325): 	at com.android.internal.os.ZygoteInit.preload(ZygoteInit.java:206)
05-23 13:33:21.876 E/Hyphenator( 1325): 	at com.android.internal.os.ZygoteInit.main(ZygoteInit.java:743)
05-23 13:33:21.876 E/Hyphenator( 1325): Caused by: android.system.ErrnoException: open failed: ENOENT (No such file or directory)
05-23 13:33:21.876 E/Hyphenator( 1325): 	at libcore.io.Posix.open(Native Method)
05-23 13:33:21.876 E/Hyphenator( 1325): 	at libcore.io.BlockGuardOs.open(BlockGuardOs.java:187)
05-23 13:33:21.876 E/Hyphenator( 1325): 	at libcore.io.IoBridge.open(IoBridge.java:441)
05-23 13:33:21.876 E/Hyphenator( 1325): 	... 6 more
05-23 13:33:21.877 E/Hyphenator( 1325): error loading hyphenation /system/usr/hyphen-data/hyph-te.hyb
05-23 13:33:21.877 E/Hyphenator( 1325): java.io.FileNotFoundException: /system/usr/hyphen-data/hyph-te.hyb: open failed: ENOENT (No such file or directory)
05-23 13:33:21.877 E/Hyphenator( 1325): 	at libcore.io.IoBridge.open(IoBridge.java:455)
05-23 13:33:21.877 E/Hyphenator( 1325): 	at java.io.RandomAccessFile.<init>(RandomAccessFile.java:247)
05-23 13:33:21.877 E/Hyphenator( 1325): 	at android.text.Hyphenator.loadHyphenator(Hyphenator.java:118)
05-23 13:33:21.877 E/Hyphenator( 1325): 	at android.text.Hyphenator.init(Hyphenator.java:224)
05-23 13:33:21.877 E/Hyphenator( 1325): 	at com.android.internal.os.ZygoteInit.preloadTextResources(ZygoteInit.java:252)
05-23 13:33:21.877 E/Hyphenator( 1325): 	at com.android.internal.os.ZygoteInit.preload(ZygoteInit.java:206)
05-23 13:33:21.877 E/Hyphenator( 1325): 	at com.android.internal.os.ZygoteInit.main(ZygoteInit.java:743)
05-23 13:33:21.877 E/Hyphenator( 1325): Caused by: android.system.ErrnoException: open failed: ENOENT (No such file or directory)
05-23 13:33:21.877 E/Hyphenator( 1325): 	at libcore.io.Posix.open(Native Method)
05-23 13:33:21.877 E/Hyphenator( 1325): 	at libcore.io.BlockGuardOs.open(BlockGuardOs.java:187)
05-23 13:33:21.877 E/Hyphenator( 1325): 	at libcore.io.IoBridge.open(IoBridge.java:441)
05-23 13:33:21.877 E/Hyphenator( 1325): 	... 6 more
05-23 13:33:21.879 E/Hyphenator( 1325): error loading hyphenation /system/usr/hyphen-data/hyph-tk.hyb
05-23 13:33:21.879 E/Hyphenator( 1325): java.io.FileNotFoundException: /system/usr/hyphen-data/hyph-tk.hyb: open failed: ENOENT (No such file or directory)
05-23 13:33:21.879 E/Hyphenator( 1325): 	at libcore.io.IoBridge.open(IoBridge.java:455)
05-23 13:33:21.879 E/Hyphenator( 1325): 	at java.io.RandomAccessFile.<init>(RandomAccessFile.java:247)
05-23 13:33:21.879 E/Hyphenator( 1325): 	at android.text.Hyphenator.loadHyphenator(Hyphenator.java:118)
05-23 13:33:21.879 E/Hyphenator( 1325): 	at android.text.Hyphenator.init(Hyphenator.java:224)
05-23 13:33:21.879 E/Hyphenator( 1325): 	at com.android.internal.os.ZygoteInit.preloadTextResources(ZygoteInit.java:252)
05-23 13:33:21.879 E/Hyphenator( 1325): 	at com.android.internal.os.ZygoteInit.preload(ZygoteInit.java:206)
05-23 13:33:21.879 E/Hyphenator( 1325): 	at com.android.internal.os.ZygoteInit.main(ZygoteInit.java:743)
05-23 13:33:21.879 E/Hyphenator( 1325): Caused by: android.system.ErrnoException: open failed: ENOENT (No such file or directory)
05-23 13:33:21.879 E/Hyphenator( 1325): 	at libcore.io.Posix.open(Native Method)
05-23 13:33:21.879 E/Hyphenator( 1325): 	at libcore.io.BlockGuardOs.open(BlockGuardOs.java:187)
05-23 13:33:21.879 E/Hyphenator( 1325): 	at libcore.io.IoBridge.open(IoBridge.java:441)
05-23 13:33:21.879 E/Hyphenator( 1325): 	... 6 more
05-23 13:33:21.922 E/Hyphenator( 1325): error loading hyphenation /system/usr/hyphen-data/hyph-und-ethi.hyb
05-23 13:33:21.922 E/Hyphenator( 1325): java.io.FileNotFoundException: /system/usr/hyphen-data/hyph-und-ethi.hyb: open failed: ENOENT (No such file or directory)
05-23 13:33:21.922 E/Hyphenator( 1325): 	at libcore.io.IoBridge.open(IoBridge.java:455)
05-23 13:33:21.922 E/Hyphenator( 1325): 	at java.io.RandomAccessFile.<init>(RandomAccessFile.java:247)
05-23 13:33:21.922 E/Hyphenator( 1325): 	at android.text.Hyphenator.loadHyphenator(Hyphenator.java:118)
05-23 13:33:21.922 E/Hyphenator( 1325): 	at android.text.Hyphenator.init(Hyphenator.java:224)
05-23 13:33:21.922 E/Hyphenator( 1325): 	at com.android.internal.os.ZygoteInit.preloadTextResources(ZygoteInit.java:252)
05-23 13:33:21.922 E/Hyphenator( 1325): 	at com.android.internal.os.ZygoteInit.preload(ZygoteInit.java:206)
05-23 13:33:21.922 E/Hyphenator( 1325): 	at com.android.internal.os.ZygoteInit.main(ZygoteInit.java:743)
05-23 13:33:21.922 E/Hyphenator( 1325): Caused by: android.system.ErrnoException: open failed: ENOENT (No such file or directory)
05-23 13:33:21.922 E/Hyphenator( 1325): 	at libcore.io.Posix.open(Native Method)
05-23 13:33:21.922 E/Hyphenator( 1325): 	at libcore.io.BlockGuardOs.open(BlockGuardOs.java:187)
05-23 13:33:21.922 E/Hyphenator( 1325): 	at libcore.io.IoBridge.open(IoBridge.java:441)
05-23 13:33:21.922 E/Hyphenator( 1325): 	... 6 more
05-23 13:33:21.968 I/art     ( 1324): Explicit concurrent mark sweep GC freed 15526(1182KB) AllocSpace objects, 1(40KB) LOS objects, 39% free, 6MB/10MB, paused 230us total 92.999ms
05-23 13:33:21.982 I/art     ( 1324): Starting a blocking GC Explicit
05-23 13:33:22.014 I/art     ( 1324): Explicit concurrent mark sweep GC freed 1578(65KB) AllocSpace objects, 3(132KB) LOS objects, 39% free, 6MB/10MB, paused 3.194ms total 30.138ms
05-23 13:33:22.031 I/art     ( 1324): Starting a blocking GC HeapTrim
05-23 13:33:22.103 I/art     ( 1324): Starting a blocking GC Background
05-23 13:33:22.344 I/Zygote  ( 1324): System server process 2186 has been created
05-23 13:33:22.374 I/Zygote  ( 1325): Uninstalled ICU cache reference pinning...
05-23 13:33:22.417 I/Zygote  ( 1324): Accepting command socket connections
05-23 13:33:22.476 I/Zygote  ( 1325): Installed AndroidKeyStoreProvider in 102ms.
05-23 13:33:22.927 I/Zygote  ( 1325): Warmed up JCA providers in 451ms.
05-23 13:33:22.927 D/Zygote  ( 1325): end preload
05-23 13:33:22.928 I/art     ( 1325): Waiting for a blocking GC Explicit
05-23 13:33:22.948 I/art     ( 1325): Background sticky concurrent mark sweep GC freed 14699(1133KB) AllocSpace objects, 3(120KB) LOS objects, 17% free, 6MB/7MB, paused 3.734ms total 228.981ms
05-23 13:33:22.981 I/art     ( 1325): Waiting for a blocking GC Explicit
05-23 13:33:23.001 I/art     ( 1325): WaitForGcToComplete blocked for 73.718ms for cause Explicit
05-23 13:33:23.002 I/art     ( 1325): Starting a blocking GC Explicit
05-23 13:33:23.131 I/art     ( 1325): Explicit concurrent mark sweep GC freed 2990(135KB) AllocSpace objects, 4(164KB) LOS objects, 39% free, 6MB/10MB, paused 349us total 95.263ms
05-23 13:33:23.140 I/art     ( 1325): Starting a blocking GC Explicit
05-23 13:33:23.315 I/art     ( 1325): Explicit concurrent mark sweep GC freed 81(4KB) AllocSpace objects, 0(0B) LOS objects, 39% free, 6MB/10MB, paused 319us total 160.947ms
05-23 13:33:23.318 I/Zygote  ( 1325): Accepting command socket connections
05-23 13:33:23.452 I/Zygote  ( 2186): Process: zygote socket opened, supported ABIS: x86
05-23 13:33:23.785 I/InstallerConnection( 2186): connecting...
05-23 13:33:23.812 I/        ( 1330): new connection
05-23 13:33:24.304 I/InstallerConnection( 2186): disconnecting...
05-23 13:33:24.304 E/        ( 1330): eof
05-23 13:33:24.304 E/        ( 1330): failed to read size
05-23 13:33:24.304 I/        ( 1330): closing connection
05-23 13:33:25.577 I/SystemServer( 2186): Entered the Android system server!
05-23 13:33:27.600 I/SystemServiceManager( 2186): Starting com.android.server.pm.Installer
05-23 13:33:27.742 I/Installer( 2186): Waiting for installd to be ready.
05-23 13:33:27.742 I/InstallerConnection( 2186): connecting...
05-23 13:33:27.744 I/        ( 1330): new connection
05-23 13:33:27.745 I/SystemServiceManager( 2186): Starting com.android.server.am.ActivityManagerService$Lifecycle
05-23 13:33:28.116 I/ActivityManager( 2186): Memory class: 256
05-23 13:33:28.140 I/ServiceThread( 2186): Enabled StrictMode logging for ActivityManager looper.
05-23 13:33:28.153 I/ServiceThread( 2186): Enabled StrictMode logging for android.ui looper.
05-23 13:33:28.374 D/BatteryStatsImpl( 2186): Reading daily items from /data/system/batterystats-daily.xml
05-23 13:33:29.526 W/ProcessCpuTracker( 2186): Skipping unknown process pid 2218
05-23 13:33:29.651 I/IntentFirewall( 2186): Read new rules (A:0 B:0 S:0)
05-23 13:33:29.700 I/ServiceThread( 2186): Enabled StrictMode logging for android.display looper.
05-23 13:33:29.776 D/AppOps  ( 2186): AppOpsService published
05-23 13:33:29.777 I/SystemServiceManager( 2186): Starting com.android.server.power.PowerManagerService
05-23 13:33:29.924 I/ServiceThread( 2186): Enabled StrictMode logging for PowerManagerService looper.
05-23 13:33:29.928 E/PowerManagerService-JNI( 2186): Couldn't load power module (No such file or directory)
05-23 13:33:29.929 W/libsuspend( 2186): Error writing 'on' to /sys/power/state: Invalid argument
05-23 13:33:29.933 I/libsuspend( 2186): Selected wakeup count
05-23 13:33:30.003 I/SystemServiceManager( 2186): Starting com.android.server.lights.LightsService
05-23 13:33:30.090 I/SystemServiceManager( 2186): Starting com.android.server.display.DisplayManagerService
05-23 13:33:30.214 E/SurfaceFlinger( 1321): ro.sf.lcd_density must be defined as a build property
05-23 13:33:30.281 I/DisplayManagerService( 2186): Display device added: DisplayDeviceInfo{"Built-in Screen": uniqueId="local:0", 1080 x 1920, modeId 1, defaultModeId 1, supportedModes [{id=1, width=1080, height=1920, fps=60.000004}], colorMode 0, supportedColorModes [0], HdrCapabilities android.view.Display$HdrCapabilities@a69d6308, density 480, 480.0 x 480.0 dpi, appVsyncOff 1000000, presDeadline 16666666, touch INTERNAL, rotation 0, type BUILT_IN, state UNKNOWN, FLAG_DEFAULT_DISPLAY, FLAG_ROTATES_WITH_CONTENT, FLAG_SECURE, FLAG_SUPPORTS_PROTECTED_BUFFERS}
05-23 13:33:30.293 I/SystemServiceManager( 2186): Starting phase 100
05-23 13:33:30.381 D/SurfaceFlinger( 1321): Set power mode=2, type=0 flinger=0x7567e5e47000
05-23 13:33:30.381 D/SurfaceFlinger( 1321): Screen type=0 is already mode=2
05-23 13:33:30.403 I/DisplayManagerService( 2186): Display device changed state: "Built-in Screen", ON
05-23 13:33:30.410 I/SystemServer( 2186): StartPackageManagerService
05-23 13:33:30.977 W/SystemConfig( 2186): No directory /system/etc/sysconfig, skipping
05-23 13:33:31.231 D/SELinuxMMAC( 2186): Using policy file /system/etc/security/mac_permissions.xml
05-23 13:33:32.708 E/art     ( 2186): DexFile_getDexOptNeeded file '/system/framework/org.apache.http.legacy.jar' does not exist
05-23 13:33:32.721 W/PackageManager( 2186): Library not found: /system/framework/org.apache.http.legacy.jar
05-23 13:33:33.064 E/art     ( 2186): DexFile_getDexOptNeeded file '/system/framework/org.apache.http.legacy.jar' does not exist
05-23 13:33:33.065 W/PackageManager( 2186): Library not found: /system/framework/org.apache.http.legacy.jar
05-23 13:33:33.131 D/PackageManager( 2186): No files in app dir /vendor/overlay
05-23 13:33:34.087 W/PackageManager( 2186): Failed to parse /system/framework/oat: Missing base APK in /system/framework/oat
05-23 13:33:34.104 W/PackageManager( 2186): Failed to parse /system/framework/x86: Missing base APK in /system/framework/x86
05-23 13:33:34.106 W/PackageManager( 2186): Failed to parse /system/framework/x86_64: Missing base APK in /system/framework/x86_64
05-23 13:33:35.535 W/PackageParser( 2186): No actions in intent filter at /system/priv-app/Contacts/Contacts.apk Binary XML file line #409
05-23 13:33:36.528 W/PackageParser( 2186): No actions in intent filter at /system/priv-app/Dialer/Dialer.apk Binary XML file line #186
05-23 13:33:37.032 W/PackageManager( 2186): Permission android.permission.DOWNLOAD_WITHOUT_NOTIFICATION from package com.android.providers.downloads in an unknown group android.permission-group.NETWORK
05-23 13:33:39.976 W/PackageParser( 2186): Ignoring duplicate uses-permissions/uses-permissions-sdk-m: android.permission.USE_CREDENTIALS in package: com.android.settings at: Binary XML file line #53
05-23 13:33:39.976 W/PackageParser( 2186): Ignoring duplicate uses-permissions/uses-permissions-sdk-m: android.permission.READ_SYNC_SETTINGS in package: com.android.settings at: Binary XML file line #58
05-23 13:33:39.977 W/PackageParser( 2186): Ignoring duplicate uses-permissions/uses-permissions-sdk-m: android.permission.WRITE_SYNC_SETTINGS in package: com.android.settings at: Binary XML file line #59
05-23 13:33:41.097 W/PackageParser( 2186): Ignoring duplicate uses-permissions/uses-permissions-sdk-m: android.permission.INSTALL_GRANT_RUNTIME_PERMISSIONS in package: com.android.shell at: Binary XML file line #102
05-23 13:33:42.481 W/PackageParser( 2186): Ignoring duplicate uses-permissions/uses-permissions-sdk-m: android.permission.CONFIGURE_WIFI_DISPLAY in package: com.android.systemui at: Binary XML file line #123
05-23 13:33:43.351 I/art     ( 2186): Background sticky concurrent mark sweep GC freed 33331(2MB) AllocSpace objects, 20(416KB) LOS objects, 32% free, 6MB/10MB, paused 21.570ms total 118.216ms
05-23 13:33:44.397 W/PackageManager( 2186): Non-privileged app; cap priority to 0; package: com.android.calendar activity: com.android.calendar.GoogleCalendarUriIntentFilter origPrio: 50
05-23 13:33:44.706 W/PackageManager( 2186): Non-privileged app; cap priority to 0; package: com.android.cts.ctsshim activity: com.android.cts.ctsshim.InstallPriority origPrio: 100
05-23 13:33:44.706 W/PackageManager( 2186): Non-privileged app; cap priority to 0; package: com.android.cts.ctsshim activity: com.android.cts.ctsshim.InstallPriority origPrio: 100
05-23 13:33:44.706 W/PackageManager( 2186): Non-privileged app; cap priority to 0; package: com.android.cts.ctsshim activity: com.android.cts.ctsshim.InstallPriority origPrio: 100
05-23 13:33:44.706 W/PackageManager( 2186): Non-privileged app; cap priority to 0; package: com.android.cts.ctsshim activity: com.android.cts.ctsshim.InstallPriority origPrio: 100
05-23 13:33:44.706 W/PackageManager( 2186): Non-privileged app; cap priority to 0; package: com.android.cts.ctsshim activity: com.android.cts.ctsshim.InstallPriority origPrio: 100
05-23 13:33:46.504 W/PackageParser( 2186): Ignoring duplicate uses-permissions/uses-permissions-sdk-m: android.permission.WRITE_CONTACTS in package: com.android.email at: Binary XML file line #40
05-23 13:33:47.527 W/PackageParser( 2186): Unknown element under <application>: permission at /system/app/Gallery2/Gallery2.apk Binary XML file line #238
05-23 13:33:47.527 W/PackageParser( 2186): Unknown element under <application>: permission at /system/app/Gallery2/Gallery2.apk Binary XML file line #241
05-23 13:33:48.969 W/PackageManager( 2186): Permission com.android.launcher3.permission.READ_SETTINGS from package com.android.launcher3 in an unknown group android.permission-group.SYSTEM_TOOLS
05-23 13:33:48.970 W/PackageManager( 2186): Permission com.android.launcher3.permission.WRITE_SETTINGS from package com.android.launcher3 in an unknown group android.permission-group.SYSTEM_TOOLS
05-23 13:33:48.990 W/PackageManager( 2186): Permission com.android.launcher.permission.INSTALL_SHORTCUT from package com.android.launcher3 in an unknown group android.permission-group.SYSTEM_TOOLS
05-23 13:33:52.415 D/PackageManager( 2186): No files in app dir /system/vendor/app
05-23 13:33:52.416 D/PackageManager( 2186): No files in app dir /oem/app
05-23 13:33:53.725 W/PackageParser( 2186): No actions in intent filter at /data/app/ApiDemos/ApiDemos.apk Binary XML file line #3145
05-23 13:33:53.726 W/PackageParser( 2186): No actions in intent filter at /data/app/ApiDemos/ApiDemos.apk Binary XML file line #3151
05-23 13:33:53.757 W/PackageManager( 2186): Package com.example.android.apis desires unavailable shared library com.example.will.never.exist; ignoring!
05-23 13:33:53.778 I/SELinux ( 2186): SELinux: Loaded file_contexts contexts from /file_contexts.bin.
05-23 13:33:54.239 D/PackageManager( 2186): No files in app dir /data/app-private
05-23 13:33:54.251 D/PackageManager( 2186): No files in app dir /data/app-ephemeral
05-23 13:33:54.259 E/PackageManager( 2186): There should probably be exactly one setup wizard; found 0: matches=[]
05-23 13:33:54.271 W/PackageManager( 2186): Protected action; cap priority to 0; package: com.android.cts.priv.ctsshim activity: com.android.cts.priv.ctsshim.InstallPriority origPrio: 100
05-23 13:33:54.271 W/PackageManager( 2186): Protected action; cap priority to 0; package: com.android.cts.priv.ctsshim activity: com.android.cts.priv.ctsshim.InstallPriority origPrio: 100
05-23 13:33:54.271 W/PackageManager( 2186): Protected action; cap priority to 0; package: com.android.cts.priv.ctsshim activity: com.android.cts.priv.ctsshim.InstallPriority origPrio: 100
05-23 13:33:54.272 W/PackageManager( 2186): Protected action; cap priority to 0; package: com.android.cts.priv.ctsshim activity: com.android.cts.priv.ctsshim.InstallPriority origPrio: 100
05-23 13:33:54.272 W/PackageManager( 2186): Protected action; cap priority to 0; package: com.android.packageinstaller activity: com.android.packageinstaller.PackageInstallerActivity origPrio: 1
05-23 13:33:54.272 W/PackageManager( 2186): Package com.android.camera desires unavailable shared library com.google.android.media.effects; ignoring!
05-23 13:33:54.272 W/PackageManager( 2186): Package com.android.gallery3d desires unavailable shared library com.google.android.media.effects; ignoring!
05-23 13:33:54.272 W/PackageManager( 2186): Package com.android.gallery3d desires unavailable shared library com.google.android.media.effects; ignoring!
05-23 13:33:54.272 W/PackageManager( 2186): Package com.example.android.apis desires unavailable shared library com.example.will.never.exist; ignoring!
05-23 13:33:54.273 I/PackageManager( 2186): Adjusting ABI for com.android.providers.downloads to x86_64 (requirer=com.android.mtp, scannedPackage=null)
05-23 13:33:54.289 I/PackageManager( 2186): Adjusting ABI for com.android.providers.downloads.ui to x86_64 (requirer=com.android.mtp, scannedPackage=null)
05-23 13:33:54.302 I/PackageManager( 2186): Adjusting ABI for com.android.providers.media to x86_64 (requirer=com.android.mtp, scannedPackage=null)
05-23 13:33:54.304 I/PackageManager( 2186): Adjusting ABI for com.android.keychain to x86_64 (requirer=android, scannedPackage=null)
05-23 13:33:54.305 I/PackageManager( 2186): Adjusting ABI for com.android.location.fused to x86_64 (requirer=android, scannedPackage=null)
05-23 13:33:54.307 I/PackageManager( 2186): Adjusting ABI for com.android.providers.settings to x86_64 (requirer=android, scannedPackage=null)
05-23 13:33:54.309 I/PackageManager( 2186): Adjusting ABI for com.android.server.telecom to x86_64 (requirer=android, scannedPackage=null)
05-23 13:33:54.322 I/PackageManager( 2186): Adjusting ABI for com.android.settings to x86_64 (requirer=android, scannedPackage=null)
05-23 13:33:54.324 I/PackageManager( 2186): Adjusting ABI for com.android.wallpaperbackup to x86_64 (requirer=android, scannedPackage=null)
05-23 13:33:54.326 I/PackageManager( 2186): Adjusting ABI for com.android.inputdevices to x86_64 (requirer=android, scannedPackage=null)
05-23 13:33:54.353 I/PackageManager( 2186): Time to scan packages: 21.863 seconds
05-23 13:33:54.356 W/PackageManager( 2186): Unknown permission com.google.android.googleapps.permission.GOOGLE_AUTH in package com.android.providers.calendar
05-23 13:33:54.356 W/PackageManager( 2186): Unknown permission com.google.android.googleapps.permission.GOOGLE_AUTH.cl in package com.android.providers.calendar
05-23 13:33:54.357 W/PackageManager( 2186): Not granting permission android.permission.GLOBAL_SEARCH to package com.android.quicksearchbox (protectionLevel=18 flags=0x3808be45)
05-23 13:33:54.358 W/PackageManager( 2186): Not granting permission android.permission.WRITE_EXTERNAL_STORAGE to package gov.nasa.arc.astrobee.android.gs.manager because it was previously installed without
05-23 13:33:54.359 W/PackageManager( 2186): Not granting permission android.permission.READ_EXTERNAL_STORAGE to package gov.nasa.arc.astrobee.android.gs.manager because it was previously installed without
05-23 13:33:54.359 W/PackageManager( 2186): Unknown permission com.android.launcher.permission.READ_SETTINGS in package com.android.launcher3
05-23 13:33:54.359 W/PackageManager( 2186): Unknown permission com.android.launcher.permission.WRITE_SETTINGS in package com.android.launcher3
05-23 13:33:54.359 W/PackageManager( 2186): Not granting permission android.permission.BIND_APPWIDGET to package com.android.launcher3 (protectionLevel=18 flags=0x3c4bbe45)
05-23 13:33:54.359 W/PackageManager( 2186): Unknown permission com.google.android.googleapps.permission.GOOGLE_AUTH.mail in package com.android.calendar
05-23 13:33:54.368 W/PackageManager( 2186): Unknown permission com.google.android.providers.settings.permission.WRITE_GSETTINGS in package com.android.sdksetup
05-23 13:33:54.369 W/PackageManager( 2186): Unknown permission com.google.android.permission.INSTALL_WEARABLE_PACKAGES in package com.android.packageinstaller
05-23 13:33:54.369 W/PackageManager( 2186): Not granting permission android.permission.DELETE_PACKAGES to package com.svox.pico (protectionLevel=18 flags=0x3808be45)
05-23 13:33:54.369 W/PackageManager( 2186): Not granting permission android.permission.READ_CONTACTS to package com.example.android.apis because it was previously installed without
05-23 13:33:54.369 W/PackageManager( 2186): Not granting permission android.permission.WRITE_CONTACTS to package com.example.android.apis because it was previously installed without
05-23 13:33:54.441 W/PackageManager( 2186): Not granting permission android.permission.ACCESS_COARSE_LOCATION to package com.example.android.apis because it was previously installed without
05-23 13:33:54.441 W/PackageManager( 2186): Not granting permission android.permission.WRITE_EXTERNAL_STORAGE to package com.example.android.apis because it was previously installed without
05-23 13:33:54.441 W/PackageManager( 2186): Not granting permission android.permission.SEND_SMS to package com.example.android.apis because it was previously installed without
05-23 13:33:54.441 W/PackageManager( 2186): Not granting permission android.permission.RECEIVE_SMS to package com.example.android.apis because it was previously installed without
05-23 13:33:54.441 W/PackageManager( 2186): Not granting permission android.permission.RECEIVE_MMS to package com.example.android.apis because it was previously installed without
05-23 13:33:54.442 W/PackageManager( 2186): Not granting permission android.permission.READ_SMS to package com.example.android.apis because it was previously installed without
05-23 13:33:54.442 W/PackageManager( 2186): Not granting permission android.permission.READ_PHONE_STATE to package com.example.android.apis because it was previously installed without
05-23 13:33:54.442 W/PackageManager( 2186): Not granting permission android.permission.RECORD_AUDIO to package com.example.android.apis because it was previously installed without
05-23 13:33:54.442 W/PackageManager( 2186): Not granting permission android.permission.CAMERA to package com.example.android.apis because it was previously installed without
05-23 13:33:54.442 W/PackageManager( 2186): Not granting permission android.permission.READ_EXTERNAL_STORAGE to package com.example.android.apis because it was previously installed without
05-23 13:33:54.442 W/PackageManager( 2186): Unknown permission android.permission.RUN_INSTRUMENTATION in package org.chromium.webview_shell
05-23 13:33:54.443 W/PackageManager( 2186): Unknown permission com.google.android.googleapps.permission.GOOGLE_AUTH in package com.android.settings
05-23 13:33:54.443 W/PackageManager( 2186): Unknown permission com.android.launcher.permission.READ_SETTINGS in package com.android.settings
05-23 13:33:54.443 W/PackageManager( 2186): Unknown permission com.android.launcher.permission.WRITE_SETTINGS in package com.android.settings
05-23 13:33:54.444 W/PackageManager( 2186): Unknown permission com.android.smspush.WAPPUSH_MANAGER_BIND in package com.android.phone
05-23 13:33:54.445 W/PackageManager( 2186): Unknown permission com.google.android.googleapps.permission.ACCESS_GOOGLE_PASSWORD in package com.android.development
05-23 13:33:54.445 W/PackageManager( 2186): Unknown permission com.google.android.googleapps.permission.GOOGLE_AUTH in package com.android.development
05-23 13:33:54.445 W/PackageManager( 2186): Unknown permission com.google.android.googleapps.permission.GOOGLE_AUTH.ALL_SERVICES in package com.android.development
05-23 13:33:54.445 W/PackageManager( 2186): Unknown permission com.google.android.googleapps.permission.GOOGLE_AUTH.YouTubeUser in package com.android.development
05-23 13:33:54.446 W/PackageManager( 2186): Not granting permission android.permission.BIND_APPWIDGET to package com.android.widgetpreview (protectionLevel=18 flags=0x3808be44)
05-23 13:33:54.447 V/PackageManager( 2186): reconcileAppsData for null u0 0x3
05-23 13:33:54.490 I/SELinux ( 1330): SELinux: Loaded file_contexts contexts from /file_contexts.bin.
05-23 13:33:59.823 V/PackageManager( 2186): reconcileAppsData finished 81 packages
05-23 13:34:00.543 E/PackageManager( 2186): There should probably be a verifier, but, none were found
05-23 13:34:00.744 W/PackageInstaller( 2186): Abandoning old session first created at 1616675837967
05-23 13:34:00.747 W/PackageInstaller( 2186): Deleting orphan stage /data/app/vmdl1539828231.tmp
05-23 13:34:00.773 D/PackageManager( 2186): Ephemeral resolver NOT found; no matching intent filters
05-23 13:34:00.774 I/PackageManager( 2186): Ephemeral deactivated; missing resolver and installer
05-23 13:34:00.777 I/art     ( 2186): Starting a blocking GC Explicit
05-23 13:34:00.782 W/art     ( 2186): Long monitor contention with owner main (2186) at int android.net.LocalSocketImpl.readba_native(byte[], int, int, java.io.FileDescriptor)(LocalSocketImpl.java:-2) waiters=0 in void com.android.server.pm.Settings$RuntimePermissionPersistence.writePermissionsSync(int) for 5.189s
05-23 13:34:00.921 I/art     ( 2186): Explicit concurrent mark sweep GC freed 38044(2MB) AllocSpace objects, 4(80KB) LOS objects, 33% free, 7MB/10MB, paused 1.889ms total 129.681ms
05-23 13:34:00.945 I/SystemServer( 2186): StartOtaDexOptService
05-23 13:34:01.048 I/SystemServer( 2186): StartUserManagerService
05-23 13:34:01.049 I/SystemServiceManager( 2186): Starting com.android.server.pm.UserManagerService$LifeCycle
05-23 13:34:01.171 I/lowmemorykiller( 1319): ActivityManager connected
05-23 13:34:01.186 D/SensorService( 2186): nuSensorService starting...
05-23 13:34:01.314 D/SensorService( 2186): nuSensorService thread starting...
05-23 13:34:01.323 I/SystemServiceManager( 2186): Starting com.android.server.BatteryService
05-23 13:34:01.363 D/SensorService( 2186): new thread SensorEventAckReceiver
05-23 13:34:01.461 I/SystemServiceManager( 2186): Starting com.android.server.usage.UsageStatsService
05-23 13:34:01.792 I/SystemServiceManager( 2186): Starting com.android.server.webkit.WebViewUpdateService
05-23 13:34:01.901 I/SystemServer( 2186): Reading configuration...
05-23 13:34:01.901 I/SystemServer( 2186): StartSchedulingPolicyService
05-23 13:34:01.905 I/SystemServiceManager( 2186): Starting com.android.server.telecom.TelecomLoaderService
05-23 13:34:01.907 I/SystemServer( 2186): StartTelephonyRegistry
05-23 13:34:02.111 I/SystemServer( 2186): StartEntropyMixer
05-23 13:34:02.136 I/EntropyMixer( 2186): Writing entropy...
05-23 13:34:02.243 I/SystemServer( 2186): Camera Service
05-23 13:34:02.261 I/SystemServiceManager( 2186): Starting com.android.server.camera.CameraService
05-23 13:34:02.350 I/ServiceThread( 2186): Enabled StrictMode logging for CameraService_proxy looper.
05-23 13:34:02.355 I/SystemServer( 2186): StartAccountManagerService
05-23 13:34:02.360 I/SystemServiceManager( 2186): Starting com.android.server.accounts.AccountManagerService$Lifecycle
05-23 13:34:02.427 I/SystemServer( 2186): StartContentService
05-23 13:34:02.471 I/SystemServiceManager( 2186): Starting com.android.server.content.ContentService$Lifecycle
05-23 13:34:02.485 I/SystemServer( 2186): InstallSystemProviders
05-23 13:34:02.557 W/System  ( 2186): ClassLoader referenced unknown path: /system/priv-app/SettingsProvider/lib/x86_64
05-23 13:34:02.971 I/SystemServer( 2186): StartVibratorService
05-23 13:34:02.974 E/VibratorService( 2186): Couldn't load vibrator module (No such file or directory)
05-23 13:34:02.974 W/VibratorService( 2186): Tried to stop vibrating but there is no vibrator device.
05-23 13:34:02.991 I/SystemServer( 2186): StartConsumerIrService
05-23 13:34:03.001 E/ConsumerIrService( 2186): Can't open consumer IR HW Module, error: -2
05-23 13:34:03.013 I/SystemServer( 2186): StartAlarmManagerService
05-23 13:34:03.014 I/SystemServiceManager( 2186): Starting com.android.server.AlarmManagerService
05-23 13:34:03.058 W/AlarmManagerService( 2186): no wall clock RTC found
05-23 13:34:03.093 D/AlarmManagerService( 2186): Kernel timezone updated to 0 minutes west of GMT
05-23 13:34:03.171 I/SystemServer( 2186): InitWatchdog
05-23 13:34:03.172 I/SystemServer( 2186): StartInputManagerService
05-23 13:34:03.182 I/InputManager( 2186): Initializing input manager, mUseDevInputEventForAudioJack=true
05-23 13:34:03.189 I/SystemServer( 2186): StartWindowManagerService
05-23 13:34:03.645 I/WindowManager( 2186): No existing display settings /data/system/display_settings.xml; starting empty
05-23 13:34:04.109 I/SystemServer( 2186): StartVrManagerService
