05-23 13:32:17.757 E/SurfaceFlinger( 1321): attribute vec4 texCoords;
05-23 13:32:17.757 E/SurfaceFlinger( 1321): varying vec2 outTexCoords;
05-23 13:32:17.757 E/SurfaceFlinger( 1321): attribute vec4 position;
05-23 13:32:17.757 E/SurfaceFlinger( 1321): uniform mat4 projection;
05-23 13:32:17.757 E/SurfaceFlinger( 1321): uniform mat4 texture;
05-23 13:32:17.757 E/SurfaceFlinger( 1321): void main(void) {
05-23 13:32:17.757 E/SurfaceFlinger( 1321):     gl_Position = projection * position;
05-23 13:32:17.757 E/SurfaceFlinger( 1321):     outTexCoords = (texture * texCoords).st;
05-23 13:32:17.757 E/SurfaceFlinger( 1321): }
05-23 13:32:17.757 E/SurfaceFlinger( 1321): 
05-23 13:32:17.757 E/SurfaceFlinger( 1321): öÿÿÿÿÿÿÿŸñPægu
05-23 13:32:17.757 E/SurfaceFlinger( 1321): Error while compiling shader: 
05-23 13:32:17.757 E/SurfaceFlinger( 1321): precision mediump float;
05-23 13:32:17.757 E/SurfaceFlinger( 1321): uniform sampler2D sampler;
05-23 13:32:17.757 E/SurfaceFlinger( 1321): varying vec2 outTexCoords;
05-23 13:32:17.757 E/SurfaceFlinger( 1321): uniform float alphaPlane;
05-23 13:32:17.757 E/SurfaceFlinger( 1321): void main(void) {
05-23 13:32:17.757 E/SurfaceFlinger( 1321):     gl_FragColor = texture2D(sampler, outTexCoords);
05-23 13:32:17.757 E/SurfaceFlinger( 1321):     gl_FragColor.a = 1.0;
05-23 13:32:17.757 E/SurfaceFlinger( 1321):     gl_FragColor.a *= alphaPlane;
05-23 13:32:17.757 E/SurfaceFlinger( 1321): }
05-23 13:32:17.757 E/SurfaceFlinger( 1321): 
05-23 13:32:17.757 E/SurfaceFlinger( 1321): öÿÿÿÿÿÿÿŸñPægu
05-23 13:32:17.757 E/SurfaceFlinger( 1321): Error while linking shaders:
05-23 13:32:17.757 E/SurfaceFlinger( 1321): Error while compiling shader: 
05-23 13:32:17.757 E/SurfaceFlinger( 1321): attribute vec4 texCoords;
05-23 13:32:17.757 E/SurfaceFlinger( 1321): varying vec2 outTexCoords;
05-23 13:32:17.757 E/SurfaceFlinger( 1321): attribute vec4 position;
05-23 13:32:17.757 E/SurfaceFlinger( 1321): uniform mat4 projection;
05-23 13:32:17.757 E/SurfaceFlinger( 1321): uniform mat4 texture;
05-23 13:32:17.757 E/SurfaceFlinger( 1321): void main(void) {
05-23 13:32:17.757 E/SurfaceFlinger( 1321):     gl_Position = projection * position;
05-23 13:32:17.757 E/SurfaceFlinger( 1321):     outTexCoords = (texture * texCoords).st;
05-23 13:32:17.757 E/SurfaceFlinger( 1321): }
05-23 13:32:17.757 E/SurfaceFlinger( 1321): 
05-23 13:32:17.757 E/SurfaceFlinger( 1321): öÿÿÿÿÿÿÿŸñPægu
05-23 13:32:17.757 E/SurfaceFlinger( 1321): Error while compiling shader: 
05-23 13:32:17.757 E/SurfaceFlinger( 1321): precision mediump float;
05-23 13:32:17.757 E/SurfaceFlinger( 1321): uniform sampler2D sampler;
05-23 13:32:17.757 E/SurfaceFlinger( 1321): varying vec2 outTexCoords;
05-23 13:32:17.757 E/SurfaceFlinger( 1321): uniform float alphaPlane;
05-23 13:32:17.757 E/SurfaceFlinger( 1321): void main(void) {
05-23 13:32:17.757 E/SurfaceFlinger( 1321):     gl_FragColor = texture2D(sampler, outTexCoords);
05-23 13:32:17.757 E/SurfaceFlinger( 1321):     gl_FragColor.a = 1.0;
05-23 13:32:17.757 E/SurfaceFlinger( 1321):     gl_FragColor *= alphaPlane;
05-23 13:32:17.757 E/SurfaceFlinger( 1321): }
05-23 13:32:17.757 E/SurfaceFlinger( 1321): 
05-23 13:32:17.757 E/SurfaceFlinger( 1321): öÿÿÿÿÿÿÿŸñPægu
05-23 13:32:17.757 E/SurfaceFlinger( 1321): Error while linking shaders:
05-23 13:32:17.761 D/SurfaceFlinger( 1321): shader cache generated - 24 shaders in 19.500896 ms
05-23 13:32:17.799 D/SurfaceFlinger( 1321): Set power mode=2, type=0 flinger=0x7567e5e47000
05-23 13:32:17.861 I/BufferProvider( 1326): found effect "Multichannel Downmix To Stereo" from The Android Open Source Project
05-23 13:32:17.866 I/AudioFlinger( 1326): Using module 10 has the primary audio interface
05-23 13:32:17.903 I/AudioFlinger( 1326): AudioFlinger's thread 0xf2c83100 ready to run
05-23 13:32:17.932 W/BatteryNotifier( 1326): batterystats service unavailable!
05-23 13:32:17.951 W/BatteryNotifier( 1326): batterystats service unavailable!
05-23 13:32:17.962 W/BatteryNotifier( 1326): batterystats service unavailable!
05-23 13:32:17.964 W/AudioFlinger( 1326): no wake lock to update, system not ready yet
05-23 13:32:18.061 I/AudioFlinger( 1326): AudioFlinger's thread 0xf2783980 ready to run
05-23 13:32:18.091 I/r_submix( 1326): adev_open(name=audio_hw_if)
05-23 13:32:18.092 I/r_submix( 1326): adev_init_check()
05-23 13:32:18.092 I/AudioFlinger( 1326): loadHwModule() Loaded r_submix audio interface from Wifi Display audio HAL (audio) handle 18
05-23 13:32:18.092 D/r_submix( 1326): adev_open_input_stream(addr=0)
05-23 13:32:18.093 D/r_submix( 1326): submix_audio_device_create_pipe_l(addr=0, idx=9)
05-23 13:32:18.093 D/r_submix( 1326):   now using address 0 for route 9
05-23 13:32:18.132 I/AudioFlinger( 1326): AudioFlinger's thread 0xf2883280 ready to run
05-23 13:32:18.190 D/r_submix( 1326): adev_close_input_stream()
05-23 13:32:18.190 D/r_submix( 1326): submix_audio_device_release_pipe_l(idx=9) addr=0
05-23 13:32:18.193 D/r_submix( 1326): submix_audio_device_destroy_pipe_l(): pipe destroyed
05-23 13:32:18.332 I/RadioService( 1326): RadioService
05-23 13:32:18.333 I/RadioService( 1326): onFirstRef
05-23 13:32:18.333 E/RadioService( 1326): couldn't load radio module radio.primary (No such file or directory)
05-23 13:32:18.335 E/SoundTriggerHwService( 1326): couldn't load sound trigger module sound_trigger.primary (No such file or directory)
05-23 13:32:18.384 I/mediaserver( 1333): ServiceManager: 0xf4fbc0a0
05-23 13:32:18.798 V/EmulatedCamera_Preview( 1327): setPreviewWindow: current: 0x0 -> new: 0xede43150
05-23 13:32:18.798 V/EmulatedCamera_Preview( 1327): setPreviewWindow: current: 0xede43150 -> new: 0x0
05-23 13:32:18.798 V/EmulatedCamera_Camera( 1327): doStopPreview
05-23 13:32:18.799 V/EmulatedCamera_Preview( 1327): setPreviewWindow: current: 0x0 -> new: 0x0
05-23 13:32:18.799 V/EmulatedCamera_Camera( 1327): releaseCamera
05-23 13:32:18.799 V/EmulatedCamera_Camera( 1327): doStopPreview
05-23 13:32:18.881 V/EmulatedCamera_FakeDevice( 1327): disconnectDevice
05-23 13:32:18.881 W/EmulatedCamera_Device( 1327): Initialize: Emulated camera device is already initialized: mState = 1
05-23 13:32:18.881 D/EmulatedCamera_FakeCamera( 1327): Initialize: Fake camera is facing back
05-23 13:32:18.882 V/EmulatedCamera_Device( 1327): initializeWhiteBalanceModes with auto, 1.000000, 1.000000
05-23 13:32:18.882 V/EmulatedCamera_Device( 1327): initializeWhiteBalanceModes with incandescent, 1.380000, 0.600000
05-23 13:32:18.882 V/EmulatedCamera_Device( 1327): initializeWhiteBalanceModes with daylight, 1.090000, 0.920000
05-23 13:32:18.882 V/EmulatedCamera_Device( 1327): initializeWhiteBalanceModes with twilight, 0.920000, 1.220000
05-23 13:32:18.882 V/EmulatedCamera_Device( 1327): setWhiteBalanceMode with white balance auto
05-23 13:32:18.882 I/CameraFlashlight( 1327): Destroying camera 0
05-23 13:32:18.883 V/EmulatedCamera_Camera( 1327): closeCamera
05-23 13:32:18.883 V/EmulatedCamera_Camera( 1327): doStopPreview
05-23 13:32:18.883 W/EmulatedCamera_Device( 1327): Initialize: Emulated camera device is already initialized: mState = 1
05-23 13:32:18.883 D/EmulatedCamera_FakeCamera( 1327): Initialize: Fake camera is facing back
05-23 13:32:18.883 V/EmulatedCamera_Device( 1327): initializeWhiteBalanceModes with auto, 1.000000, 1.000000
05-23 13:32:18.883 V/EmulatedCamera_Device( 1327): initializeWhiteBalanceModes with incandescent, 1.380000, 0.600000
05-23 13:32:18.883 V/EmulatedCamera_Device( 1327): initializeWhiteBalanceModes with daylight, 1.090000, 0.920000
05-23 13:32:18.883 V/EmulatedCamera_Device( 1327): initializeWhiteBalanceModes with twilight, 0.920000, 1.220000
05-23 13:32:18.883 V/EmulatedCamera_Device( 1327): setWhiteBalanceMode with white balance auto
05-23 13:32:18.886 V/EmulatedCamera_Camera( 1327): getCameraInfo
05-23 13:32:18.886 V/EmulatedCamera_BaseCamera( 1327): getCameraInfo
05-23 13:32:18.891 I/ServiceManager( 1327): Waiting for service media.camera.proxy...
05-23 13:32:19.910 I/ServiceManager( 1327): Waiting for service media.camera.proxy...
05-23 13:32:20.916 I/ServiceManager( 1327): Waiting for service media.camera.proxy...
05-23 13:32:20.977 W/BatteryNotifier( 1326): batterystats service unavailable!
05-23 13:32:21.920 I/ServiceManager( 1327): Waiting for service media.camera.proxy...
05-23 13:32:22.930 I/ServiceManager( 1327): Waiting for service media.camera.proxy...
05-23 13:32:29.257 E/hostapd ( 1890): Configuration file: /system/etc/simulated_hostapd.conf
05-23 13:32:29.635 I/hostapd ( 1890): rfkill: Cannot get wiphy information
05-23 13:32:29.637 I/hostapd ( 1890): nl80211: Could not re-add multicast membership for vendor events: -2 (No such file or directory)
05-23 13:32:29.638 I/hostapd ( 1890): wlan1: interface state UNINITIALIZED->COUNTRY_UPDATE
05-23 13:32:29.939 E/ipv6proxy( 1882): Failed to forward Router Advertisement from eth0 to wlan1: Network is unreachable
05-23 13:32:29.968 E/ipv6proxy( 1882): Failed to forward Router Advertisement from eth0 to radio0-peer: Cannot assign requested address
05-23 13:32:30.377 E/SurfaceFlinger( 1321): ro.sf.lcd_density must be defined as a build property
05-23 13:32:30.454 D/libEGL  ( 1787): Emulator without GPU support detected. Fallback to legacy software renderer, qemu.gles is set to 0.
05-23 13:32:30.549 D/libEGL  ( 1787): loaded /system/lib64/egl/libGLES_android.so
05-23 13:32:30.693 D/AndroidRuntime( 1324): >>>>>> START com.android.internal.os.ZygoteInit uid 0 <<<<<<
05-23 13:32:30.874 D/AndroidRuntime( 1325): >>>>>> START com.android.internal.os.ZygoteInit uid 0 <<<<<<
05-23 13:32:31.048 D/gralloc_ranchu( 1787): Emulator without host-side GPU emulation detected. Loading gralloc.default.so from /vendor/lib64/hw/gralloc.goldfish.default.so...
05-23 13:32:31.053 D/gralloc_ranchu( 1787): gralloc.default.so not found in /vendor. Trying /system/lib64/hw/gralloc.goldfish.default.so...
05-23 13:32:31.421 D/AndroidRuntime( 1324): CheckJNI is ON
05-23 13:32:31.553 D/AndroidRuntime( 1325): CheckJNI is ON
05-23 13:32:31.721 I/art     ( 1325): option[0]=-Xzygote
05-23 13:32:31.750 I/art     ( 1324): option[0]=-Xzygote
05-23 13:32:31.751 I/art     ( 1324): option[1]=-Xcheck:jni
05-23 13:32:31.751 I/art     ( 1324): option[2]=-Xstacktracefile:/data/anr/traces.txt
05-23 13:32:31.751 I/art     ( 1324): option[3]=exit
05-23 13:32:31.751 I/art     ( 1324): option[4]=vfprintf
05-23 13:32:31.751 I/art     ( 1324): option[5]=sensitiveThread
05-23 13:32:31.751 I/art     ( 1324): option[6]=-verbose:gc
05-23 13:32:31.751 I/art     ( 1324): option[7]=-Xms4m
05-23 13:32:31.751 I/art     ( 1324): option[8]=-Xmx256m
05-23 13:32:31.751 I/art     ( 1324): option[9]=-Xusejit:true
05-23 13:32:31.751 I/art     ( 1324): option[10]=-Xjitsaveprofilinginfo
05-23 13:32:31.751 I/art     ( 1324): option[11]=-agentlib:jdwp=transport=dt_android_adb,suspend=n,server=y
05-23 13:32:31.751 I/art     ( 1324): option[12]=-Xlockprofthreshold:500
05-23 13:32:31.751 I/art     ( 1324): option[13]=-Ximage-compiler-option
05-23 13:32:31.751 I/art     ( 1324): option[14]=--runtime-arg
05-23 13:32:31.751 I/art     ( 1324): option[15]=-Ximage-compiler-option
05-23 13:32:31.751 I/art     ( 1324): option[16]=-Xms64m
05-23 13:32:31.752 I/art     ( 1324): option[17]=-Ximage-compiler-option
05-23 13:32:31.752 I/art     ( 1324): option[18]=--runtime-arg
05-23 13:32:31.752 I/art     ( 1324): option[19]=-Ximage-compiler-option
05-23 13:32:31.752 I/art     ( 1324): option[20]=-Xmx64m
05-23 13:32:31.752 I/art     ( 1324): option[21]=-Ximage-compiler-option
05-23 13:32:31.752 I/art     ( 1324): option[22]=--image-classes=/system/etc/preloaded-classes
05-23 13:32:31.752 I/art     ( 1324): option[23]=-Ximage-compiler-option
05-23 13:32:31.752 I/art     ( 1324): option[24]=--compiled-classes=/system/etc/compiled-classes
05-23 13:32:31.752 I/art     ( 1324): option[25]=-Xcompiler-option
05-23 13:32:31.752 I/art     ( 1324): option[26]=--runtime-arg
05-23 13:32:31.752 I/art     ( 1324): option[27]=-Xcompiler-option
05-23 13:32:31.752 I/art     ( 1324): option[28]=-Xms64m
05-23 13:32:31.752 I/art     ( 1324): option[29]=-Xcompiler-option
05-23 13:32:31.752 I/art     ( 1324): option[30]=--runtime-arg
05-23 13:32:31.752 I/art     ( 1324): option[31]=-Xcompiler-option
05-23 13:32:31.752 I/art     ( 1324): option[32]=-Xmx512m
05-23 13:32:31.752 I/art     ( 1324): option[33]=-Ximage-compiler-option
05-23 13:32:31.752 I/art     ( 1324): option[34]=--instruction-set-variant=x86_64
05-23 13:32:31.752 I/art     ( 1324): option[35]=-Xcompiler-option
05-23 13:32:31.752 I/art     ( 1324): option[36]=--instruction-set-variant=x86_64
05-23 13:32:31.752 I/art     ( 1324): option[37]=-Ximage-compiler-option
05-23 13:32:31.752 I/art     ( 1324): option[38]=--instruction-set-features=default
05-23 13:32:31.752 I/art     ( 1324): option[39]=-Xcompiler-option
05-23 13:32:31.752 I/art     ( 1324): option[40]=--instruction-set-features=default
05-23 13:32:31.753 I/art     ( 1324): option[41]=-Duser.locale=en-US
05-23 13:32:31.753 I/art     ( 1324): option[42]=--cpu-abilist=x86_64
05-23 13:32:31.753 I/art     ( 1324): option[43]=-Xfingerprint:Android/sdk_phone_x86_64/generic_x86_64:7.1.1/NYC/4931657:userdebug/test-keys
05-23 13:32:31.781 I/art     ( 1325): option[1]=-Xcheck:jni
05-23 13:32:31.781 I/art     ( 1325): option[2]=-Xstacktracefile:/data/anr/traces.txt
05-23 13:32:31.781 I/art     ( 1325): option[3]=exit
05-23 13:32:31.781 I/art     ( 1325): option[4]=vfprintf
05-23 13:32:31.781 I/art     ( 1325): option[5]=sensitiveThread
05-23 13:32:31.781 I/art     ( 1325): option[6]=-verbose:gc
05-23 13:32:31.781 I/art     ( 1325): option[7]=-Xms4m
05-23 13:32:31.781 I/art     ( 1325): option[8]=-Xmx256m
05-23 13:32:31.781 I/art     ( 1325): option[9]=-Xusejit:true
05-23 13:32:31.782 I/art     ( 1325): option[10]=-Xjitsaveprofilinginfo
05-23 13:32:31.782 I/art     ( 1325): option[11]=-agentlib:jdwp=transport=dt_android_adb,suspend=n,server=y
05-23 13:32:31.782 I/art     ( 1325): option[12]=-Xlockprofthreshold:500
05-23 13:32:31.782 I/art     ( 1325): option[13]=-Ximage-compiler-option
05-23 13:32:31.782 I/art     ( 1325): option[14]=--runtime-arg
05-23 13:32:31.782 I/art     ( 1325): option[15]=-Ximage-compiler-option
05-23 13:32:31.782 I/art     ( 1325): option[16]=-Xms64m
05-23 13:32:31.782 I/art     ( 1325): option[17]=-Ximage-compiler-option
05-23 13:32:31.782 I/art     ( 1325): option[18]=--runtime-arg
05-23 13:32:31.782 I/art     ( 1325): option[19]=-Ximage-compiler-option
05-23 13:32:31.782 I/art     ( 1325): option[20]=-Xmx64m
05-23 13:32:31.782 I/art     ( 1325): option[21]=-Ximage-compiler-option
05-23 13:32:31.782 I/art     ( 1325): option[22]=--image-classes=/system/etc/preloaded-classes
05-23 13:32:31.783 I/art     ( 1325): option[23]=-Ximage-compiler-option
05-23 13:32:31.783 I/art     ( 1325): option[24]=--compiled-classes=/system/etc/compiled-classes
05-23 13:32:31.783 I/art     ( 1325): option[25]=-Xcompiler-option
05-23 13:32:31.783 I/art     ( 1325): option[26]=--runtime-arg
05-23 13:32:31.783 I/art     ( 1325): option[27]=-Xcompiler-option
05-23 13:32:31.783 I/art     ( 1325): option[28]=-Xms64m
05-23 13:32:31.783 I/art     ( 1325): option[29]=-Xcompiler-option
05-23 13:32:31.783 I/art     ( 1325): option[30]=--runtime-arg
05-23 13:32:31.783 I/art     ( 1325): option[31]=-Xcompiler-option
05-23 13:32:31.783 I/art     ( 1325): option[32]=-Xmx512m
05-23 13:32:31.783 I/art     ( 1325): option[33]=-Ximage-compiler-option
05-23 13:32:31.783 I/art     ( 1325): option[34]=--instruction-set-variant=x86
05-23 13:32:31.783 I/art     ( 1325): option[35]=-Xcompiler-option
05-23 13:32:31.783 I/art     ( 1325): option[36]=--instruction-set-variant=x86
05-23 13:32:31.783 I/art     ( 1325): option[37]=-Ximage-compiler-option
05-23 13:32:31.783 I/art     ( 1325): option[38]=--instruction-set-features=default
05-23 13:32:31.784 I/art     ( 1325): option[39]=-Xcompiler-option
05-23 13:32:31.784 I/art     ( 1325): option[40]=--instruction-set-features=default
05-23 13:32:31.784 I/art     ( 1325): option[41]=-Duser.locale=en-US
05-23 13:32:31.784 I/art     ( 1325): option[42]=--cpu-abilist=x86
05-23 13:32:31.784 I/art     ( 1325): option[43]=-Xfingerprint:Android/sdk_phone_x86_64/generic_x86_64:7.1.1/NYC/4931657:userdebug/test-keys
05-23 13:32:33.991 E/ipv6proxy( 1882): Failed to forward Router Advertisement from eth0 to wlan1: Network is unreachable
05-23 13:32:34.747 I/hostapd ( 1890): wlan1: interface state COUNTRY_UPDATE->HT_SCAN
05-23 13:32:36.326 E/hostapd ( 1890): Using interface wlan1 with hwaddr 02:00:00:00:01:00 and ssid "AndroidWifi"
05-23 13:32:36.349 I/hostapd ( 1890): wlan1: interface state HT_SCAN->ENABLED
05-23 13:32:36.390 I/hostapd ( 1890): wlan1: AP-ENABLED 
05-23 13:32:40.652 D/ICU     ( 1325): No timezone override file found: /data/misc/zoneinfo/current/icu/icu_tzdata.dat
05-23 13:32:41.811 D/ICU     ( 1324): No timezone override file found: /data/misc/zoneinfo/current/icu/icu_tzdata.dat
05-23 13:32:46.011 E/memtrack( 1325): Couldn't load memtrack module (No such file or directory)
05-23 13:32:46.030 E/android.os.Debug( 1325): failed to load memtrack module: -2
05-23 13:32:46.084 I/Radio-JNI( 1325): register_android_hardware_Radio DONE
05-23 13:32:46.712 E/memtrack( 1324): Couldn't load memtrack module (No such file or directory)
05-23 13:32:46.713 E/android.os.Debug( 1324): failed to load memtrack module: -2
05-23 13:32:46.791 I/Radio-JNI( 1324): register_android_hardware_Radio DONE
05-23 13:32:46.840 I/SamplingProfilerIntegration( 1325): Profiling disabled.
05-23 13:32:47.005 D/Zygote  ( 1325): begin preload
05-23 13:32:47.006 I/Zygote  ( 1325): Installing ICU cache reference pinning...
05-23 13:32:47.080 I/Zygote  ( 1325): Preloading ICU data...
05-23 13:32:47.217 I/SamplingProfilerIntegration( 1324): Profiling disabled.
05-23 13:32:47.311 D/Zygote  ( 1324): begin preload
05-23 13:32:47.312 I/Zygote  ( 1324): Installing ICU cache reference pinning...
05-23 13:32:47.320 I/Zygote  ( 1324): Preloading ICU data...
05-23 13:32:49.418 I/Zygote  ( 1324): Preloading classes...
05-23 13:32:49.715 I/Zygote  ( 1325): Preloading classes...
05-23 13:32:49.908 W/Zygote  ( 1324): Class not found for preloading: [Landroid.view.Display$ColorTransform;
05-23 13:32:50.346 W/Zygote  ( 1325): Class not found for preloading: [Landroid.view.Display$ColorTransform;
05-23 13:32:56.208 E/Typeface( 1324): Error mapping font file /system/fonts/DroidSansFallback.ttf
05-23 13:32:56.586 E/Typeface( 1325): Error mapping font file /system/fonts/DroidSansFallback.ttf
05-23 13:33:01.422 W/art     ( 1324): Suspending all threads took: 38.749ms
05-23 13:33:01.702 I/art     ( 1324): Background concurrent mark sweep GC freed 21951(2MB) AllocSpace objects, 121(2MB) LOS objects, 33% free, 2MB/4MB, paused 42.772ms total 624.494ms
05-23 13:33:01.774 I/art     ( 1325): Background concurrent mark sweep GC freed 21944(2MB) AllocSpace objects, 98(1796KB) LOS objects, 33% free, 3MB/4MB, paused 73.214ms total 520.575ms
05-23 13:33:02.401 I/art     ( 1324): Thread[1,tid=1324,Native,Thread*=0x7a36dac95a00,peer=0x12c060d0,"main"] recursive attempt to load library "/system/lib64/libmedia_jni.so"
05-23 13:33:02.522 D/MtpDeviceJNI( 1324): register_android_mtp_MtpDevice
05-23 13:33:02.532 I/art     ( 1324): Thread[1,tid=1324,Native,Thread*=0x7a36dac95a00,peer=0x12c060d0,"main"] recursive attempt to load library "/system/lib64/libmedia_jni.so"
05-23 13:33:02.533 I/art     ( 1324): Thread[1,tid=1324,Native,Thread*=0x7a36dac95a00,peer=0x12c060d0,"main"] recursive attempt to load library "/system/lib64/libmedia_jni.so"
05-23 13:33:02.704 I/art     ( 1325): Thread[1,tid=1325,Native,Thread*=0xf130b400,peer=0x12c060d0,"main"] recursive attempt to load library "/system/lib/libmedia_jni.so"
05-23 13:33:02.742 D/MtpDeviceJNI( 1325): register_android_mtp_MtpDevice
05-23 13:33:02.744 I/art     ( 1325): Thread[1,tid=1325,Native,Thread*=0xf130b400,peer=0x12c060d0,"main"] recursive attempt to load library "/system/lib/libmedia_jni.so"
05-23 13:33:02.745 I/art     ( 1325): Thread[1,tid=1325,Native,Thread*=0xf130b400,peer=0x12c060d0,"main"] recursive attempt to load library "/system/lib/libmedia_jni.so"
05-23 13:33:06.369 W/Zygote  ( 1324): Class not found for preloading: android.view.Display$ColorTransform
05-23 13:33:06.369 W/Zygote  ( 1324): Class not found for preloading: android.view.Display$ColorTransform$1
05-23 13:33:06.445 W/Zygote  ( 1325): Class not found for preloading: android.view.Display$ColorTransform
05-23 13:33:06.446 W/Zygote  ( 1325): Class not found for preloading: android.view.Display$ColorTransform$1
05-23 13:33:06.671 W/art     ( 1324): Suspending all threads took: 6.920ms
05-23 13:33:06.691 I/art     ( 1324): Background sticky concurrent mark sweep GC freed 7786(2MB) AllocSpace objects, 10(160KB) LOS objects, 64% free, 1541KB/4MB, paused 7.668ms total 137.873ms
05-23 13:33:06.980 W/art     ( 1325): Suspending all threads took: 36.537ms
05-23 13:33:07.104 I/art     ( 1325): Background sticky concurrent mark sweep GC freed 8943(2MB) AllocSpace objects, 33(620KB) LOS objects, 67% free, 1550KB/4MB, paused 37.600ms total 222.314ms
05-23 13:33:07.480 V/NatController( 1340): runCmd(/system/bin/iptables -w -F natctrl_FORWARD) res=0
05-23 13:33:07.586 V/NatController( 1340): runCmd(/system/bin/ip6tables -w -F natctrl_FORWARD) res=0
05-23 13:33:07.946 V/NatController( 1340): runCmd(/system/bin/iptables -w -A natctrl_FORWARD -j DROP) res=0
05-23 13:33:08.411 V/NatController( 1340): runCmd(/system/bin/iptables -w -t nat -F natctrl_nat_POSTROUTING) res=0
05-23 13:33:08.791 V/NatController( 1340): runCmd(/system/bin/ip6tables -w -t raw -F natctrl_raw_PREROUTING) res=0
05-23 13:33:09.252 V/NatController( 1340): runCmd(/system/bin/iptables -w -F natctrl_tether_counters) res=1
05-23 13:33:10.262 V/NatController( 1340): runCmd(/system/bin/ip6tables -w -F natctrl_tether_counters) res=1
05-23 13:33:10.306 I/System  ( 1324): Loaded time zone names for "" in 1387ms (1309ms in ICU)
05-23 13:33:10.892 I/System  ( 1325): Loaded time zone names for "" in 2028ms (1930ms in ICU)
05-23 13:33:10.898 V/NatController( 1340): runCmd(/system/bin/iptables -w -X natctrl_tether_counters) res=1
05-23 13:33:10.923 I/System  ( 1324): Loaded time zone names for "en_US" in 614ms (535ms in ICU)
05-23 13:33:11.464 I/System  ( 1325): Loaded time zone names for "en_US" in 568ms (527ms in ICU)
05-23 13:33:11.481 V/NatController( 1340): runCmd(/system/bin/ip6tables -w -X natctrl_tether_counters) res=1
05-23 13:33:11.783 V/NatController( 1340): runCmd(/system/bin/iptables -w -N natctrl_tether_counters) res=0
05-23 13:33:11.823 I/Zygote  ( 1324): ...preloaded 4158 classes in 22403ms.
05-23 13:33:11.825 I/art     ( 1324): VMRuntime.preloadDexCaches starting
05-23 13:33:12.380 V/NatController( 1340): runCmd(/system/bin/ip6tables -w -N natctrl_tether_counters) res=0
05-23 13:33:12.550 I/Zygote  ( 1325): ...preloaded 4158 classes in 22803ms.
05-23 13:33:12.553 I/art     ( 1325): VMRuntime.preloadDexCaches starting
05-23 13:33:12.721 V/NatController( 1340): runCmd(/system/bin/iptables -w -t mangle -A natctrl_mangle_FORWARD -p tcp --tcp-flags SYN SYN -j TCPMSS --clamp-mss-to-pmtu) res=0
05-23 13:33:13.529 I/art     ( 1324): VMRuntime.preloadDexCaches strings total=283712 before=39625 after=39625
05-23 13:33:13.529 I/art     ( 1324): VMRuntime.preloadDexCaches types total=23581 before=7877 after=7904
05-23 13:33:13.529 I/art     ( 1324): VMRuntime.preloadDexCaches fields total=112007 before=40903 after=41117
05-23 13:33:13.529 I/art     ( 1324): VMRuntime.preloadDexCaches methods total=197534 before=82457 after=83017
05-23 13:33:13.529 I/art     ( 1324): VMRuntime.preloadDexCaches finished
05-23 13:33:13.585 I/Zygote  ( 1324): Preloading resources...
05-23 13:33:14.427 I/art     ( 1325): VMRuntime.preloadDexCaches strings total=283712 before=39625 after=39625
05-23 13:33:14.427 I/art     ( 1325): VMRuntime.preloadDexCaches types total=23581 before=7877 after=7904
05-23 13:33:14.427 I/art     ( 1325): VMRuntime.preloadDexCaches fields total=112007 before=40903 after=41117
05-23 13:33:14.427 I/art     ( 1325): VMRuntime.preloadDexCaches methods total=197534 before=82457 after=83017
05-23 13:33:14.427 I/art     ( 1325): VMRuntime.preloadDexCaches finished
05-23 13:33:14.652 I/Zygote  ( 1325): Preloading resources...
05-23 13:33:15.721 W/Resources( 1324): Preloaded drawable resource #0x108025c (android:drawable/dialog_background_material) that varies with configuration!!
05-23 13:33:15.843 W/Resources( 1324): Preloaded drawable resource #0x1080298 (android:drawable/editbox_dropdown_background_dark) that varies with configuration!!
05-23 13:33:16.082 W/Resources( 1324): Preloaded color resource #0x10600e2 (android:color/material_grey_800) that varies with configuration!!
05-23 13:33:16.083 W/Resources( 1324): Preloaded drawable resource #0x10802c9 (android:drawable/floating_popup_background_dark) that varies with configuration!!
05-23 13:33:16.273 W/Resources( 1325): Preloaded drawable resource #0x108025c (android:drawable/dialog_background_material) that varies with configuration!!
05-23 13:33:16.277 W/Resources( 1325): Preloaded drawable resource #0x1080298 (android:drawable/editbox_dropdown_background_dark) that varies with configuration!!
05-23 13:33:16.546 I/art     ( 1324): Background sticky concurrent mark sweep GC freed 18252(1164KB) AllocSpace objects, 0(0B) LOS objects, 15% free, 3MB/4MB, paused 1.321ms total 290.088ms
05-23 13:33:16.552 W/Resources( 1325): Preloaded color resource #0x10600e2 (android:color/material_grey_800) that varies with configuration!!
05-23 13:33:16.553 W/Resources( 1325): Preloaded drawable resource #0x10802c9 (android:drawable/floating_popup_background_dark) that varies with configuration!!
05-23 13:33:16.774 W/Resources( 1324): Preloaded drawable resource #0x108030b (android:drawable/ic_clear_disabled) that varies with configuration!!
05-23 13:33:16.777 W/Resources( 1324): Preloaded drawable resource #0x1080310 (android:drawable/ic_clear_normal) that varies with configuration!!
05-23 13:33:16.844 W/Resources( 1324): Preloaded drawable resource #0x1080359 (android:drawable/ic_go) that varies with configuration!!
05-23 13:33:17.200 W/Resources( 1324): Preloaded drawable resource #0x1080038 (android:drawable/ic_menu_close_clear_cancel) that varies with configuration!!
05-23 13:33:17.525 W/Resources( 1325): Preloaded drawable resource #0x108030b (android:drawable/ic_clear_disabled) that varies with configuration!!
05-23 13:33:17.528 W/Resources( 1325): Preloaded drawable resource #0x1080310 (android:drawable/ic_clear_normal) that varies with configuration!!
05-23 13:33:17.548 W/Resources( 1324): Preloaded drawable resource #0x1080045 (android:drawable/ic_menu_more) that varies with configuration!!
05-23 13:33:17.552 I/art     ( 1324): Background concurrent mark sweep GC freed 3128(169KB) AllocSpace objects, 5(152KB) LOS objects, 50% free, 3MB/7MB, paused 271us total 480.074ms
05-23 13:33:17.572 W/art     ( 1325): Suspending all threads took: 27.362ms
05-23 13:33:17.733 W/Resources( 1325): Preloaded drawable resource #0x1080359 (android:drawable/ic_go) that varies with configuration!!
05-23 13:33:17.776 E/Netd    ( 1340): cannot find interface dummy0
05-23 13:33:17.801 I/art     ( 1325): Background concurrent mark sweep GC freed 19440(1215KB) AllocSpace objects, 2(40KB) LOS objects, 51% free, 3MB/7MB, paused 48.849ms total 593.588ms
05-23 13:33:17.968 W/Resources( 1325): Preloaded drawable resource #0x1080038 (android:drawable/ic_menu_close_clear_cancel) that varies with configuration!!
05-23 13:33:18.061 D/MDnsDS  ( 1340): MDnsSdListener::Hander starting up
05-23 13:33:18.069 W/Resources( 1325): Preloaded drawable resource #0x1080045 (android:drawable/ic_menu_more) that varies with configuration!!
05-23 13:33:18.081 D/MDnsDS  ( 1340): MDnsSdListener starting to monitor
05-23 13:33:18.081 D/MDnsDS  ( 1340): Going to poll with pollCount 1
05-23 13:33:18.093 W/Resources( 1324): Preloaded drawable resource #0x10804e8 (android:drawable/menu_background_fill_parent_width) that varies with configuration!!
05-23 13:33:18.400 W/Resources( 1325): Preloaded drawable resource #0x10804e8 (android:drawable/menu_background_fill_parent_width) that varies with configuration!!
05-23 13:33:19.245 W/Resources( 1324): Preloaded drawable resource #0x108077e (android:drawable/text_edit_paste_window) that varies with configuration!!
05-23 13:33:19.423 W/Resources( 1324): Preloaded drawable resource #0x1080096 (android:drawable/toast_frame) that varies with configuration!!
05-23 13:33:19.423 I/Zygote  ( 1324): ...preloaded 114 resources in 5838ms.
05-23 13:33:19.619 W/Resources( 1324): Preloaded color resource #0x106010b (android:color/background_cache_hint_selector_material_dark) that varies with configuration!!
05-23 13:33:19.666 W/Resources( 1324): Preloaded color resource #0x1060110 (android:color/btn_default_material_dark) that varies with configuration!!
05-23 13:33:19.685 I/Zygote  ( 1324): ...preloaded 41 resources in 262ms.
05-23 13:33:19.686 D/libEGL  ( 1324): Emulator without GPU support detected. Fallback to legacy software renderer, qemu.gles is set to 0.
05-23 13:33:19.719 D/libEGL  ( 1324): loaded /system/lib64/egl/libGLES_android.so
05-23 13:33:19.953 W/Resources( 1325): Preloaded drawable resource #0x108077e (android:drawable/text_edit_paste_window) that varies with configuration!!
05-23 13:33:20.028 W/Resources( 1325): Preloaded drawable resource #0x1080096 (android:drawable/toast_frame) that varies with configuration!!
05-23 13:33:20.028 I/Zygote  ( 1325): ...preloaded 114 resources in 5376ms.
05-23 13:33:20.192 W/Resources( 1325): Preloaded color resource #0x106010b (android:color/background_cache_hint_selector_material_dark) that varies with configuration!!
05-23 13:33:20.194 W/Resources( 1325): Preloaded color resource #0x1060110 (android:color/btn_default_material_dark) that varies with configuration!!
05-23 13:33:20.224 I/Zygote  ( 1325): ...preloaded 41 resources in 196ms.
05-23 13:33:20.226 D/libEGL  ( 1325): Emulator without GPU support detected. Fallback to legacy software renderer, qemu.gles is set to 0.
05-23 13:33:20.320 I/Zygote  ( 1324): Preloading shared libraries...
05-23 13:33:20.392 E/Hyphenator( 1324): error loading hyphenation /system/usr/hyphen-data/hyph-as.hyb
05-23 13:33:20.392 E/Hyphenator( 1324): java.io.FileNotFoundException: /system/usr/hyphen-data/hyph-as.hyb: open failed: ENOENT (No such file or directory)
05-23 13:33:20.392 E/Hyphenator( 1324): 	at libcore.io.IoBridge.open(IoBridge.java:455)
05-23 13:33:20.392 E/Hyphenator( 1324): 	at java.io.RandomAccessFile.<init>(RandomAccessFile.java:247)
05-23 13:33:20.392 E/Hyphenator( 1324): 	at android.text.Hyphenator.loadHyphenator(Hyphenator.java:118)
05-23 13:33:20.392 E/Hyphenator( 1324): 	at android.text.Hyphenator.init(Hyphenator.java:224)
05-23 13:33:20.392 E/Hyphenator( 1324): 	at com.android.internal.os.ZygoteInit.preloadTextResources(ZygoteInit.java:252)
05-23 13:33:20.392 E/Hyphenator( 1324): 	at com.android.internal.os.ZygoteInit.preload(ZygoteInit.java:206)
05-23 13:33:20.392 E/Hyphenator( 1324): 	at com.android.internal.os.ZygoteInit.main(ZygoteInit.java:743)
05-23 13:33:20.392 E/Hyphenator( 1324): Caused by: android.system.ErrnoException: open failed: ENOENT (No such file or directory)
05-23 13:33:20.392 E/Hyphenator( 1324): 	at libcore.io.Posix.open(Native Method)
05-23 13:33:20.392 E/Hyphenator( 1324): 	at libcore.io.BlockGuardOs.open(BlockGuardOs.java:187)
05-23 13:33:20.392 E/Hyphenator( 1324): 	at libcore.io.IoBridge.open(IoBridge.java:441)
05-23 13:33:20.392 E/Hyphenator( 1324): 	... 6 more
05-23 13:33:20.393 E/Hyphenator( 1324): error loading hyphenation /system/usr/hyphen-data/hyph-bn.hyb
05-23 13:33:20.393 E/Hyphenator( 1324): java.io.FileNotFoundException: /system/usr/hyphen-data/hyph-bn.hyb: open failed: ENOENT (No such file or directory)
05-23 13:33:20.393 E/Hyphenator( 1324): 	at libcore.io.IoBridge.open(IoBridge.java:455)
05-23 13:33:20.393 E/Hyphenator( 1324): 	at java.io.RandomAccessFile.<init>(RandomAccessFile.java:247)
05-23 13:33:20.393 E/Hyphenator( 1324): 	at android.text.Hyphenator.loadHyphenator(Hyphenator.java:118)
05-23 13:33:20.393 E/Hyphenator( 1324): 	at android.text.Hyphenator.init(Hyphenator.java:224)
05-23 13:33:20.393 E/Hyphenator( 1324): 	at com.android.internal.os.ZygoteInit.preloadTextResources(ZygoteInit.java:252)
05-23 13:33:20.393 E/Hyphenator( 1324): 	at com.android.internal.os.ZygoteInit.preload(ZygoteInit.java:206)
05-23 13:33:20.393 E/Hyphenator( 1324): 	at com.android.internal.os.ZygoteInit.main(ZygoteInit.java:743)
05-23 13:33:20.393 E/Hyphenator( 1324): Caused by: android.system.ErrnoException: open failed: ENOENT (No such file or directory)
05-23 13:33:20.393 E/Hyphenator( 1324): 	at libcore.io.Posix.open(Native Method)
05-23 13:33:20.393 E/Hyphenator( 1324): 	at libcore.io.BlockGuardOs.open(BlockGuardOs.java:187)
05-23 13:33:20.393 E/Hyphenator( 1324): 	at libcore.io.IoBridge.open(IoBridge.java:441)
05-23 13:33:20.393 E/Hyphenator( 1324): 	... 6 more
05-23 13:33:20.395 E/Hyphenator( 1324): error loading hyphenation /system/usr/hyphen-data/hyph-cy.hyb
05-23 13:33:20.395 E/Hyphenator( 1324): java.io.FileNotFoundException: /system/usr/hyphen-data/hyph-cy.hyb: open failed: ENOENT (No such file or directory)
05-23 13:33:20.395 E/Hyphenator( 1324): 	at libcore.io.IoBridge.open(IoBridge.java:455)
05-23 13:33:20.395 E/Hyphenator( 1324): 	at java.io.RandomAccessFile.<init>(RandomAccessFile.java:247)
05-23 13:33:20.395 E/Hyphenator( 1324): 	at android.text.Hyphenator.loadHyphenator(Hyphenator.java:118)
05-23 13:33:20.395 E/Hyphenator( 1324): 	at android.text.Hyphenator.init(Hyphenator.java:224)
05-23 13:33:20.395 E/Hyphenator( 1324): 	at com.android.internal.os.ZygoteInit.preloadTextResources(ZygoteInit.java:252)
05-23 13:33:20.395 E/Hyphenator( 1324): 	at com.android.internal.os.ZygoteInit.preload(ZygoteInit.java:206)
05-23 13:33:20.395 E/Hyphenator( 1324): 	at com.android.internal.os.ZygoteInit.main(ZygoteInit.java:743)
05-23 13:33:20.395 E/Hyphenator( 1324): Caused by: android.system.ErrnoException: open failed: ENOENT (No such file or directory)
05-23 13:33:20.395 E/Hyphenator( 1324): 	at libcore.io.Posix.open(Native Method)
05-23 13:33:20.395 E/Hyphenator( 1324): 	at libcore.io.BlockGuardOs.open(BlockGuardOs.java:187)
05-23 13:33:20.395 E/Hyphenator( 1324): 	at libcore.io.IoBridge.open(IoBridge.java:441)
05-23 13:33:20.395 E/Hyphenator( 1324): 	... 6 more
05-23 13:33:20.396 E/Hyphenator( 1324): error loading hyphenation /system/usr/hyphen-data/hyph-da.hyb
05-23 13:33:20.396 E/Hyphenator( 1324): java.io.FileNotFoundException: /system/usr/hyphen-data/hyph-da.hyb: open failed: ENOENT (No such file or directory)
05-23 13:33:20.396 E/Hyphenator( 1324): 	at libcore.io.IoBridge.open(IoBridge.java:455)
05-23 13:33:20.396 E/Hyphenator( 1324): 	at java.io.RandomAccessFile.<init>(RandomAccessFile.java:247)
05-23 13:33:20.396 E/Hyphenator( 1324): 	at android.text.Hyphenator.loadHyphenator(Hyphenator.java:118)
05-23 13:33:20.396 E/Hyphenator( 1324): 	at android.text.Hyphenator.init(Hyphenator.java:224)
05-23 13:33:20.396 E/Hyphenator( 1324): 	at com.android.internal.os.ZygoteInit.preloadTextResources(ZygoteInit.java:252)
05-23 13:33:20.396 E/Hyphenator( 1324): 	at com.android.internal.os.ZygoteInit.preload(ZygoteInit.java:206)
05-23 13:33:20.396 E/Hyphenator( 1324): 	at com.android.internal.os.ZygoteInit.main(ZygoteInit.java:743)
05-23 13:33:20.396 E/Hyphenator( 1324): Caused by: android.system.ErrnoException: open failed: ENOENT (No such file or directory)
05-23 13:33:20.396 E/Hyphenator( 1324): 	at libcore.io.Posix.open(Native Method)
05-23 13:33:20.396 E/Hyphenator( 1324): 	at libcore.io.BlockGuardOs.open(BlockGuardOs.java:187)
05-23 13:33:20.396 E/Hyphenator( 1324): 	at libcore.io.IoBridge.open(IoBridge.java:441)
05-23 13:33:20.396 E/Hyphenator( 1324): 	... 6 more
05-23 13:33:20.397 E/Hyphenator( 1324): error loading hyphenation /system/usr/hyphen-data/hyph-de-1901.hyb
05-23 13:33:20.397 E/Hyphenator( 1324): java.io.FileNotFoundException: /system/usr/hyphen-data/hyph-de-1901.hyb: open failed: ENOENT (No such file or directory)
05-23 13:33:20.397 E/Hyphenator( 1324): 	at libcore.io.IoBridge.open(IoBridge.java:455)
05-23 13:33:20.397 E/Hyphenator( 1324): 	at java.io.RandomAccessFile.<init>(RandomAccessFile.java:247)
05-23 13:33:20.397 E/Hyphenator( 1324): 	at android.text.Hyphenator.loadHyphenator(Hyphenator.java:118)
05-23 13:33:20.397 E/Hyphenator( 1324): 	at android.text.Hyphenator.init(Hyphenator.java:224)
05-23 13:33:20.397 E/Hyphenator( 1324): 	at com.android.internal.os.ZygoteInit.preloadTextResources(ZygoteInit.java:252)
05-23 13:33:20.397 E/Hyphenator( 1324): 	at com.android.internal.os.ZygoteInit.preload(ZygoteInit.java:206)
05-23 13:33:20.397 E/Hyphenator( 1324): 	at com.android.internal.os.ZygoteInit.main(ZygoteInit.java:743)
05-23 13:33:20.397 E/Hyphenator( 1324): Caused by: android.system.ErrnoException: open failed: ENOENT (No such file or directory)
05-23 13:33:20.397 E/Hyphenator( 1324): 	at libcore.io.Posix.open(Native Method)
05-23 13:33:20.397 E/Hyphenator( 1324): 	at libcore.io.BlockGuardOs.open(BlockGuardOs.java:187)
05-23 13:33:20.397 E/Hyphenator( 1324): 	at libcore.io.IoBridge.open(IoBridge.java:441)
05-23 13:33:20.397 E/Hyphenator( 1324): 	... 6 more
05-23 13:33:20.399 E/Hyphenator( 1324): error loading hyphenation /system/usr/hyphen-data/hyph-de-1996.hyb
05-23 13:33:20.399 E/Hyphenator( 1324): java.io.FileNotFoundException: /system/usr/hyphen-data/hyph-de-1996.hyb: open failed: ENOENT (No such file or directory)
05-23 13:33:20.399 E/Hyphenator( 1324): 	at libcore.io.IoBridge.open(IoBridge.java:455)
05-23 13:33:20.399 E/Hyphenator( 1324): 	at java.io.RandomAccessFile.<init>(RandomAccessFile.java:247)
05-23 13:33:20.399 E/Hyphenator( 1324): 	at android.text.Hyphenator.loadHyphenator(Hyphenator.java:118)
05-23 13:33:20.399 E/Hyphenator( 1324): 	at android.text.Hyphenator.init(Hyphenator.java:224)
05-23 13:33:20.399 E/Hyphenator( 1324): 	at com.android.internal.os.ZygoteInit.preloadTextResources(ZygoteInit.java:252)
05-23 13:33:20.399 E/Hyphenator( 1324): 	at com.android.internal.os.ZygoteInit.preload(ZygoteInit.java:206)
05-23 13:33:20.399 E/Hyphenator( 1324): 	at com.android.internal.os.ZygoteInit.main(ZygoteInit.java:743)
05-23 13:33:20.399 E/Hyphenator( 1324): Caused by: android.system.ErrnoException: open failed: ENOENT (No such file or directory)
05-23 13:33:20.399 E/Hyphenator( 1324): 	at libcore.io.Posix.open(Native Method)
05-23 13:33:20.399 E/Hyphenator( 1324): 	at libcore.io.BlockGuardOs.open(BlockGuardOs.java:187)
05-23 13:33:20.399 E/Hyphenator( 1324): 	at libcore.io.IoBridge.open(IoBridge.java:441)
05-23 13:33:20.399 E/Hyphenator( 1324): 	... 6 more
05-23 13:33:20.420 D/libEGL  ( 1325): loaded /system/lib/egl/libGLES_android.so
05-23 13:33:20.441 E/Hyphenator( 1324): error loading hyphenation /system/usr/hyphen-data/hyph-de-ch-1901.hyb
05-23 13:33:20.441 E/Hyphenator( 1324): java.io.FileNotFoundException: /system/usr/hyphen-data/hyph-de-ch-1901.hyb: open failed: ENOENT (No such file or directory)
05-23 13:33:20.441 E/Hyphenator( 1324): 	at libcore.io.IoBridge.open(IoBridge.java:455)
05-23 13:33:20.441 E/Hyphenator( 1324): 	at java.io.RandomAccessFile.<init>(RandomAccessFile.java:247)
05-23 13:33:20.441 E/Hyphenator( 1324): 	at android.text.Hyphenator.loadHyphenator(Hyphenator.java:118)
05-23 13:33:20.441 E/Hyphenator( 1324): 	at android.text.Hyphenator.init(Hyphenator.java:224)
05-23 13:33:20.441 E/Hyphenator( 1324): 	at com.android.internal.os.ZygoteInit.preloadTextResources(ZygoteInit.java:252)
05-23 13:33:20.441 E/Hyphenator( 1324): 	at com.android.internal.os.ZygoteInit.preload(ZygoteInit.java:206)
05-23 13:33:20.441 E/Hyphenator( 1324): 	at com.android.internal.os.ZygoteInit.main(ZygoteInit.java:743)
05-23 13:33:20.441 E/Hyphenator( 1324): Caused by: android.system.ErrnoException: open failed: ENOENT (No such file or directory)
05-23 13:33:20.441 E/Hyphenator( 1324): 	at libcore.io.Posix.open(Native Method)
05-23 13:33:20.441 E/Hyphenator( 1324): 	at libcore.io.BlockGuardOs.open(BlockGuardOs.java:187)
05-23 13:33:20.441 E/Hyphenator( 1324): 	at libcore.io.IoBridge.open(IoBridge.java:441)
05-23 13:33:20.441 E/Hyphenator( 1324): 	... 6 more
05-23 13:33:20.442 E/Hyphenator( 1324): error loading hyphenation /system/usr/hyphen-data/hyph-en-gb.hyb
05-23 13:33:20.442 E/Hyphenator( 1324): java.io.FileNotFoundException: /system/usr/hyphen-data/hyph-en-gb.hyb: open failed: ENOENT (No such file or directory)
05-23 13:33:20.442 E/Hyphenator( 1324): 	at libcore.io.IoBridge.open(IoBridge.java:455)
05-23 13:33:20.442 E/Hyphenator( 1324): 	at java.io.RandomAccessFile.<init>(RandomAccessFile.java:247)
05-23 13:33:20.442 E/Hyphenator( 1324): 	at android.text.Hyphenator.loadHyphenator(Hyphenator.java:118)
05-23 13:33:20.442 E/Hyphenator( 1324): 	at android.text.Hyphenator.init(Hyphenator.java:224)
05-23 13:33:20.442 E/Hyphenator( 1324): 	at com.android.internal.os.ZygoteInit.preloadTextResources(ZygoteInit.java:252)
05-23 13:33:20.442 E/Hyphenator( 1324): 	at com.android.internal.os.ZygoteInit.preload(ZygoteInit.java:206)
05-23 13:33:20.442 E/Hyphenator( 1324): 	at com.android.internal.os.ZygoteInit.main(ZygoteInit.java:743)
05-23 13:33:20.442 E/Hyphenator( 1324): Caused by: android.system.ErrnoException: open failed: ENOENT (No such file or directory)
05-23 13:33:20.442 E/Hyphenator( 1324): 	at libcore.io.Posix.open(Native Method)
05-23 13:33:20.442 E/Hyphenator( 1324): 	at libcore.io.BlockGuardOs.open(BlockGuardOs.java:187)
05-23 13:33:20.442 E/Hyphenator( 1324): 	at libcore.io.IoBridge.open(IoBridge.java:441)
05-23 13:33:20.442 E/Hyphenator( 1324): 	... 6 more
05-23 13:33:20.444 E/Hyphenator( 1324): error loading hyphenation /system/usr/hyphen-data/hyph-en-us.hyb
05-23 13:33:20.444 E/Hyphenator( 1324): java.io.FileNotFoundException: /system/usr/hyphen-data/hyph-en-us.hyb: open failed: ENOENT (No such file or directory)
05-23 13:33:20.444 E/Hyphenator( 1324): 	at libcore.io.IoBridge.open(IoBridge.java:455)
05-23 13:33:20.444 E/Hyphenator( 1324): 	at java.io.RandomAccessFile.<init>(RandomAccessFile.java:247)
05-23 13:33:20.444 E/Hyphenator( 1324): 	at android.text.Hyphenator.loadHyphenator(Hyphenator.java:118)
05-23 13:33:20.444 E/Hyphenator( 1324): 	at android.text.Hyphenator.init(Hyphenator.java:224)
05-23 13:33:20.444 E/Hyphenator( 1324): 	at com.android.internal.os.ZygoteInit.preloadTextResources(ZygoteInit.java:252)
05-23 13:33:20.444 E/Hyphenator( 1324): 	at com.android.internal.os.ZygoteInit.preload(ZygoteInit.java:206)
05-23 13:33:20.444 E/Hyphenator( 1324): 	at com.android.internal.os.ZygoteInit.main(ZygoteInit.java:743)
05-23 13:33:20.444 E/Hyphenator( 1324): Caused by: android.system.ErrnoException: open failed: ENOENT (No such file or directory)
05-23 13:33:20.444 E/Hyphenator( 1324): 	at libcore.io.Posix.open(Native Method)
05-23 13:33:20.444 E/Hyphenator( 1324): 	at libcore.io.BlockGuardOs.open(BlockGuardOs.java:187)
05-23 13:33:20.444 E/Hyphenator( 1324): 	at libcore.io.IoBridge.open(IoBridge.java:441)
05-23 13:33:20.444 E/Hyphenator( 1324): 	... 6 more
05-23 13:33:20.445 E/Hyphenator( 1324): error loading hyphenation /system/usr/hyphen-data/hyph-es.hyb
05-23 13:33:20.445 E/Hyphenator( 1324): java.io.FileNotFoundException: /system/usr/hyphen-data/hyph-es.hyb: open failed: ENOENT (No such file or directory)
05-23 13:33:20.445 E/Hyphenator( 1324): 	at libcore.io.IoBridge.open(IoBridge.java:455)
05-23 13:33:20.445 E/Hyphenator( 1324): 	at java.io.RandomAccessFile.<init>(RandomAccessFile.java:247)
05-23 13:33:20.445 E/Hyphenator( 1324): 	at android.text.Hyphenator.loadHyphenator(Hyphenator.java:118)
05-23 13:33:20.445 E/Hyphenator( 1324): 	at android.text.Hyphenator.init(Hyphenator.java:224)
05-23 13:33:20.445 E/Hyphenator( 1324): 	at com.android.internal.os.ZygoteInit.preloadTextResources(ZygoteInit.java:252)
05-23 13:33:20.445 E/Hyphenator( 1324): 	at com.android.internal.os.ZygoteInit.preload(ZygoteInit.java:206)
05-23 13:33:20.445 E/Hyphenator( 1324): 	at com.android.internal.os.ZygoteInit.main(ZygoteInit.java:743)
05-23 13:33:20.445 E/Hyphenator( 1324): Caused by: android.system.ErrnoException: open failed: ENOENT (No such file or directory)
05-23 13:33:20.445 E/Hyphenator( 1324): 	at libcore.io.Posix.open(Native Method)
05-23 13:33:20.445 E/Hyphenator( 1324): 	at libcore.io.BlockGuardOs.open(BlockGuardOs.java:187)
05-23 13:33:20.445 E/Hyphenator( 1324): 	at libcore.io.IoBridge.open(IoBridge.java:441)
05-23 13:33:20.445 E/Hyphenator( 1324): 	... 6 more
05-23 13:33:20.446 E/Hyphenator( 1324): error loading hyphenation /system/usr/hyphen-data/hyph-et.hyb
05-23 13:33:20.446 E/Hyphenator( 1324): java.io.FileNotFoundException: /system/usr/hyphen-data/hyph-et.hyb: open failed: ENOENT (No such file or directory)
05-23 13:33:20.446 E/Hyphenator( 1324): 	at libcore.io.IoBridge.open(IoBridge.java:455)
05-23 13:33:20.446 E/Hyphenator( 1324): 	at java.io.RandomAccessFile.<init>(RandomAccessFile.java:247)
05-23 13:33:20.446 E/Hyphenator( 1324): 	at android.text.Hyphenator.loadHyphenator(Hyphenator.java:118)
05-23 13:33:20.446 E/Hyphenator( 1324): 	at android.text.Hyphenator.init(Hyphenator.java:224)
05-23 13:33:20.446 E/Hyphenator( 1324): 	at com.android.internal.os.ZygoteInit.preloadTextResources(ZygoteInit.java:252)
05-23 13:33:20.446 E/Hyphenator( 1324): 	at com.android.internal.os.ZygoteInit.preload(ZygoteInit.java:206)
05-23 13:33:20.446 E/Hyphenator( 1324): 	at com.android.internal.os.ZygoteInit.main(ZygoteInit.java:743)
05-23 13:33:20.446 E/Hyphenator( 1324): Caused by: android.system.ErrnoException: open failed: ENOENT (No such file or directory)
05-23 13:33:20.446 E/Hyphenator( 1324): 	at libcore.io.Posix.open(Native Method)
05-23 13:33:20.446 E/Hyphenator( 1324): 	at libcore.io.BlockGuardOs.open(BlockGuardOs.java:187)
05-23 13:33:20.446 E/Hyphenator( 1324): 	at libcore.io.IoBridge.open(IoBridge.java:441)
05-23 13:33:20.446 E/Hyphenator( 1324): 	... 6 more
05-23 13:33:20.448 E/Hyphenator( 1324): error loading hyphenation /system/usr/hyphen-data/hyph-eu.hyb
05-23 13:33:20.448 E/Hyphenator( 1324): java.io.FileNotFoundException: /system/usr/hyphen-data/hyph-eu.hyb: open failed: ENOENT (No such file or directory)
05-23 13:33:20.448 E/Hyphenator( 1324): 	at libcore.io.IoBridge.open(IoBridge.java:455)
05-23 13:33:20.448 E/Hyphenator( 1324): 	at java.io.RandomAccessFile.<init>(RandomAccessFile.java:247)
05-23 13:33:20.448 E/Hyphenator( 1324): 	at android.text.Hyphenator.loadHyphenator(Hyphenator.java:118)
05-23 13:33:20.448 E/Hyphenator( 1324): 	at android.text.Hyphenator.init(Hyphenator.java:224)
05-23 13:33:20.448 E/Hyphenator( 1324): 	at com.android.internal.os.ZygoteInit.preloadTextResources(ZygoteInit.java:252)
05-23 13:33:20.448 E/Hyphenator( 1324): 	at com.android.internal.os.ZygoteInit.preload(ZygoteInit.java:206)
05-23 13:33:20.448 E/Hyphenator( 1324): 	at com.android.internal.os.ZygoteInit.main(ZygoteInit.java:743)
05-23 13:33:20.448 E/Hyphenator( 1324): Caused by: android.system.ErrnoException: open failed: ENOENT (No such file or directory)
05-23 13:33:20.448 E/Hyphenator( 1324): 	at libcore.io.Posix.open(Native Method)
05-23 13:33:20.448 E/Hyphenator( 1324): 	at libcore.io.BlockGuardOs.open(BlockGuardOs.java:187)
05-23 13:33:20.448 E/Hyphenator( 1324): 	at libcore.io.IoBridge.open(IoBridge.java:441)
05-23 13:33:20.448 E/Hyphenator( 1324): 	... 6 more
05-23 13:33:20.449 E/Hyphenator( 1324): error loading hyphenation /system/usr/hyphen-data/hyph-fr.hyb
05-23 13:33:20.449 E/Hyphenator( 1324): java.io.FileNotFoundException: /system/usr/hyphen-data/hyph-fr.hyb: open failed: ENOENT (No such file or directory)
05-23 13:33:20.449 E/Hyphenator( 1324): 	at libcore.io.IoBridge.open(IoBridge.java:455)
05-23 13:33:20.449 E/Hyphenator( 1324): 	at java.io.RandomAccessFile.<init>(RandomAccessFile.java:247)
05-23 13:33:20.449 E/Hyphenator( 1324): 	at android.text.Hyphenator.loadHyphenator(Hyphenator.java:118)
05-23 13:33:20.449 E/Hyphenator( 1324): 	at android.text.Hyphenator.init(Hyphenator.java:224)
05-23 13:33:20.449 E/Hyphenator( 1324): 	at com.android.internal.os.ZygoteInit.preloadTextResources(ZygoteInit.java:252)
05-23 13:33:20.449 E/Hyphenator( 1324): 	at com.android.internal.os.ZygoteInit.preload(ZygoteInit.java:206)
05-23 13:33:20.449 E/Hyphenator( 1324): 	at com.android.internal.os.ZygoteInit.main(ZygoteInit.java:743)
05-23 13:33:20.449 E/Hyphenator( 1324): Caused by: android.system.ErrnoException: open failed: ENOENT (No such file or directory)
05-23 13:33:20.449 E/Hyphenator( 1324): 	at libcore.io.Posix.open(Native Method)
05-23 13:33:20.449 E/Hyphenator( 1324): 	at libcore.io.BlockGuardOs.open(BlockGuardOs.java:187)
05-23 13:33:20.449 E/Hyphenator( 1324): 	at libcore.io.IoBridge.open(IoBridge.java:441)
05-23 13:33:20.449 E/Hyphenator( 1324): 	... 6 more
05-23 13:33:20.501 E/Hyphenator( 1324): error loading hyphenation /system/usr/hyphen-data/hyph-ga.hyb
05-23 13:33:20.501 E/Hyphenator( 1324): java.io.FileNotFoundException: /system/usr/hyphen-data/hyph-ga.hyb: open failed: ENOENT (No such file or directory)
05-23 13:33:20.501 E/Hyphenator( 1324): 	at libcore.io.IoBridge.open(IoBridge.java:455)
05-23 13:33:20.501 E/Hyphenator( 1324): 	at java.io.RandomAccessFile.<init>(RandomAccessFile.java:247)
05-23 13:33:20.501 E/Hyphenator( 1324): 	at android.text.Hyphenator.loadHyphenator(Hyphenator.java:118)
05-23 13:33:20.501 E/Hyphenator( 1324): 	at android.text.Hyphenator.init(Hyphenator.java:224)
05-23 13:33:20.501 E/Hyphenator( 1324): 	at com.android.internal.os.ZygoteInit.preloadTextResources(ZygoteInit.java:252)
05-23 13:33:20.501 E/Hyphenator( 1324): 	at com.android.internal.os.ZygoteInit.preload(ZygoteInit.java:206)
05-23 13:33:20.501 E/Hyphenator( 1324): 	at com.android.internal.os.ZygoteInit.main(ZygoteInit.java:743)
