05-23 13:35:44.818 W/InputMethodManagerService( 2186): Window already focused, ignoring focus gain of: android.view.inputmethod.InputMethodManager$1@ab11648 attribute=null, token = android.view.ViewRootImpl$W@64f08e
05-23 13:35:44.930 D/TrustManagerService( 2186): Removing dead TrustListener.
05-23 13:35:45.262 I/Choreographer( 2907): Skipped 53 frames!  The application may be doing too much work on its main thread.
05-23 13:35:45.376 D/gralloc_ranchu( 2907): Emulator without host-side GPU emulation detected. Loading gralloc.default.so from /vendor/lib64/hw/gralloc.goldfish.default.so...
05-23 13:35:45.389 D/gralloc_ranchu( 2907): gralloc.default.so not found in /vendor. Trying /system/lib64/hw/gralloc.goldfish.default.so...
05-23 13:35:45.986 E/WVMExtractor( 2982): Failed to open libwvm.so: dlopen failed: library "libwvm.so" not found
05-23 13:35:46.043 I/ActivityManager( 2186): Displayed com.android.launcher3/.Launcher: +11s120ms
05-23 13:35:46.062 V/AlarmClock( 2923): AlarmInitReceiver finished
05-23 13:35:46.098 D/WIFI    ( 2186): Registering NetworkFactory
05-23 13:35:46.099 D/WIFI_UT ( 2186): Registering NetworkFactory
05-23 13:35:46.101 D/ConnectivityService( 2186): Got NetworkFactory Messenger for WIFI
05-23 13:35:46.102 D/ConnectivityService( 2186): Got NetworkFactory Messenger for WIFI_UT
05-23 13:35:46.104 D/WIFI    ( 2186): got request NetworkRequest [ REQUEST id=1, [ Capabilities: INTERNET&NOT_RESTRICTED&TRUSTED&NOT_VPN] ] with score 0
05-23 13:35:46.105 D/WIFI_UT ( 2186): got request NetworkRequest [ REQUEST id=1, [ Capabilities: INTERNET&NOT_RESTRICTED&TRUSTED&NOT_VPN] ] with score 0
05-23 13:35:46.270 I/AlarmClock( 2923): AlarmInitReceiver android.intent.action.LOCKED_BOOT_COMPLETED
05-23 13:35:46.299 I/Choreographer( 2907): Skipped 36 frames!  The application may be doing too much work on its main thread.
05-23 13:35:46.326 W/art     ( 2186): Long monitor contention with owner Binder:2186_C (2979) at java.util.List com.android.server.pm.UserManagerService.getProfiles(int, boolean)(UserManagerService.java:565) waiters=3 in android.content.pm.UserInfo com.android.server.pm.UserManagerService.getProfileParent(int) for 982ms
05-23 13:35:46.644 I/MediaPlayerService( 1339): MediaPlayerService::getOMX
05-23 13:35:46.654 W/WallpaperManagerService( 2186): Wallpaper reconnect timed out, reverting to built-in wallpaper!
05-23 13:35:46.674 I/OMXClient( 2982): MuxOMX ctor
05-23 13:35:46.828 I/OMXMaster( 1332): makeComponentInstance(OMX.google.vorbis.decoder) in mediacodec process
05-23 13:35:47.410 W/art     ( 2186): Long monitor contention with owner android.bg (2211) at int[] com.android.server.pm.UserManagerService.getProfileIds(int, boolean)(UserManagerService.java:580) waiters=0 in android.content.pm.UserInfo com.android.server.pm.UserManagerService.getUserInfoNoChecks(int) for 769ms
05-23 13:35:47.411 W/art     ( 2186): Long monitor contention with owner android.bg (2211) at int[] com.android.server.pm.UserManagerService.getProfileIds(int, boolean)(UserManagerService.java:580) waiters=1 in android.content.pm.UserInfo com.android.server.pm.UserManagerService.getUserInfoNoChecks(int) for 756ms
05-23 13:35:48.153 D/AlarmClock/Events( 2923): [Stopwatch] [Reset] [Reboot]
05-23 13:35:48.196 I/MediaPlayerService( 1339): MediaPlayerService::getOMX
05-23 13:35:48.200 I/OMXClient( 2982): MuxOMX ctor
05-23 13:35:48.205 I/OMXMaster( 1332): makeComponentInstance(OMX.google.vorbis.decoder) in mediacodec process
05-23 13:35:48.502 I/vol.Events( 2982): writeEvent collection_started
05-23 13:35:48.564 I/vol.Events( 2982): writeEvent external_ringer_mode_changed normal
05-23 13:35:48.564 I/vol.Events( 2982): writeEvent internal_ringer_mode_changed normal
05-23 13:35:49.141 I/art     ( 2907): Background sticky concurrent mark sweep GC freed 20113(1941KB) AllocSpace objects, 10(228KB) LOS objects, 21% free, 7MB/10MB, paused 1.052ms total 191.544ms
05-23 13:35:49.194 W/art     ( 2958): Long monitor contention with owner AsyncTask #1 (3017) at void android.os.MessageQueue.nativeWake(long)(MessageQueue.java:-2) waiters=0 in android.os.Message android.os.MessageQueue.next() for 378ms
05-23 13:35:49.271 V/AlarmClock( 2923): AlarmInitReceiver finished
05-23 13:35:49.293 I/MediaPlayerService( 1339): MediaPlayerService::getOMX
05-23 13:35:49.294 I/OMXClient( 2982): MuxOMX ctor
05-23 13:35:49.299 I/OMXMaster( 1332): makeComponentInstance(OMX.google.vorbis.decoder) in mediacodec process
05-23 13:35:49.385 W/art     ( 3019): Unexpected CPU variant for X86 using defaults: x86_64
05-23 13:35:49.470 W/ActivityManager( 2186): Slow operation: 202ms so far, now at startProcess: returned from zygote!
05-23 13:35:49.470 W/ActivityManager( 2186): Slow operation: 202ms so far, now at startProcess: done updating battery stats
05-23 13:35:49.470 W/ActivityManager( 2186): Slow operation: 202ms so far, now at startProcess: building log message
05-23 13:35:49.471 I/ActivityManager( 2186): Start proc 3019:android.process.media/u0a10 for broadcast com.android.providers.downloads/.DownloadReceiver
05-23 13:35:49.471 W/ActivityManager( 2186): Slow operation: 202ms so far, now at startProcess: starting to update pids map
05-23 13:35:49.471 W/ActivityManager( 2186): Slow operation: 203ms so far, now at startProcess: done updating pids map
05-23 13:35:49.471 W/ActivityManager( 2186): Slow operation: 242ms so far, now at startProcess: done starting proc!
05-23 13:35:49.472 W/art     ( 2186): Long monitor contention with owner Binder:2186_7 (2816) at void com.android.server.am.BroadcastQueue.processNextBroadcast(boolean)(BroadcastQueue.java:760) waiters=0 in void com.android.server.am.ActivityManagerService$3.handleMessage(android.os.Message) for 242ms
05-23 13:35:50.060 W/System  ( 3019): ClassLoader referenced unknown path: /system/priv-app/DownloadProvider/lib/x86_64
05-23 13:35:50.205 W/System  ( 3019): ClassLoader referenced unknown path: /system/priv-app/MediaProvider/lib/x86_64
05-23 13:35:50.228 D/ApplicationLoaders( 3019): ignored Vulkan layer search path /system/priv-app/MediaProvider/lib/x86_64:/system/priv-app/MediaProvider/MediaProvider.apk!/lib/x86_64:/system/lib64:/vendor/lib64 for namespace 0x7a36df4720f0
05-23 13:35:50.393 I/vol.Events( 2982): writeEvent level_changed STREAM_ALARM 6
05-23 13:35:50.405 I/vol.Events( 2982): writeEvent level_changed STREAM_BLUETOOTH_SCO 7
05-23 13:35:50.468 I/vol.Events( 2982): writeEvent level_changed STREAM_MUSIC 11
05-23 13:35:50.519 I/vol.Events( 2982): writeEvent level_changed STREAM_RING 5
05-23 13:35:50.524 I/vol.Events( 2982): writeEvent level_changed STREAM_SYSTEM 5
05-23 13:35:50.546 I/vol.Events( 2982): writeEvent level_changed STREAM_VOICE_CALL 4
05-23 13:35:50.636 D/StorageNotification( 2982): Notifying about private volume: VolumeInfo{private}:
05-23 13:35:50.636 D/StorageNotification( 2982):     type=PRIVATE diskId=null partGuid=null mountFlags=0 mountUserId=-1 
05-23 13:35:50.636 D/StorageNotification( 2982):     state=MOUNTED 
05-23 13:35:50.636 D/StorageNotification( 2982):     fsType=null fsUuid=null fsLabel=null 
05-23 13:35:50.636 D/StorageNotification( 2982):     path=/data internalPath=null 
05-23 13:35:50.649 D/StorageNotification( 2982): Notifying about public volume: VolumeInfo{public:253,48}:
05-23 13:35:50.649 D/StorageNotification( 2982):     type=PUBLIC diskId=disk:253,48 partGuid=null mountFlags=VISIBLE 
05-23 13:35:50.649 D/StorageNotification( 2982):     mountUserId=0 state=MOUNTED 
05-23 13:35:50.649 D/StorageNotification( 2982):     fsType=vfat fsUuid=1EFF-1C1B fsLabel=SDCARD 
05-23 13:35:50.649 D/StorageNotification( 2982):     path=/storage/1EFF-1C1B internalPath=/mnt/media_rw/1EFF-1C1B 
05-23 13:35:50.867 V/KeyguardServiceDelegate( 2186): *** Keyguard connected (yay!)
05-23 13:35:51.408 W/art     ( 2186): Long monitor contention with owner Binder:2186_1 (2201) at void com.android.server.wm.WindowManagerService.setInsetsWindow(com.android.server.wm.Session, android.view.IWindow, int, android.graphics.Rect, android.graphics.Rect, android.graphics.Region)(WindowManagerService.java:2719) waiters=1 in void com.android.server.wm.WindowManagerService.setDockedStackDividerTouchRegion(android.graphics.Rect) for 391ms
05-23 13:35:51.532 D/MediaScannerReceiver( 3019): action: android.intent.action.MEDIA_MOUNTED path: /storage/1EFF-1C1B
05-23 13:35:51.700 I/StatusBarManagerService( 2186): registerStatusBar bar=com.android.internal.statusbar.IStatusBar$Stub$Proxy@ce3a73
05-23 13:35:51.702 I/art     ( 2186): Background sticky concurrent mark sweep GC freed 20118(1626KB) AllocSpace objects, 13(628KB) LOS objects, 25% free, 9MB/13MB, paused 1.465ms total 109.515ms
05-23 13:35:51.863 D/MediaScannerReceiver( 3019): action: android.intent.action.MEDIA_MOUNTED path: /storage/emulated/0
05-23 13:35:52.004 W/Binder  ( 2982): Binder call failed.
05-23 13:35:52.004 W/Binder  ( 2982): android.os.DeadObjectException
05-23 13:35:52.004 W/Binder  ( 2982): 	at android.os.BinderProxy.transactNative(Native Method)
05-23 13:35:52.004 W/Binder  ( 2982): 	at android.os.BinderProxy.transact(Binder.java:615)
05-23 13:35:52.004 W/Binder  ( 2982): 	at android.content.IIntentReceiver$Stub$Proxy.performReceive(IIntentReceiver.java:124)
05-23 13:35:52.004 W/Binder  ( 2982): 	at android.app.ActivityThread$ApplicationThread.scheduleRegisteredReceiver(ActivityThread.java:946)
05-23 13:35:52.004 W/Binder  ( 2982): 	at android.app.ApplicationThreadNative.onTransact(ApplicationThreadNative.java:404)
05-23 13:35:52.004 W/Binder  ( 2982): 	at android.os.Binder.execTransact(Binder.java:565)
05-23 13:35:52.831 I/art     ( 2982): Background sticky concurrent mark sweep GC freed 16603(2MB) AllocSpace objects, 2(40KB) LOS objects, 30% free, 6MB/10MB, paused 24.166ms total 108.846ms
05-23 13:35:53.272 V/MediaScanner( 3019): pruneDeadThumbnailFiles... android.content.ContentProviderClient$CursorWrapperInner@b0e3cd1
05-23 13:35:53.278 V/MediaScanner( 3019): /pruneDeadThumbnailFiles... android.content.ContentProviderClient$CursorWrapperInner@b0e3cd1
05-23 13:35:53.349 W/System  ( 2982): ClassLoader referenced unknown path: 
05-23 13:35:53.350 W/System  ( 2982): ClassLoader referenced unknown path: /system/priv-app/Dialer/lib/x86_64
05-23 13:35:53.354 D/ApplicationLoaders( 2982): ignored Vulkan layer search path /system/priv-app/Dialer/lib/x86_64:/system/lib64:/vendor/lib64 for namespace 0x7a36df5d50f0
05-23 13:35:53.599 E/BluetoothAdapter( 2982): Bluetooth binder is null
05-23 13:35:53.686 I/CameraManagerGlobal( 2982): Connecting to camera service
05-23 13:35:53.721 V/EmulatedCamera_Camera( 1327): getCameraInfo
05-23 13:35:53.722 V/EmulatedCamera_BaseCamera( 1327): getCameraInfo
05-23 13:35:53.723 I/CameraService( 1327): getCameraCharacteristics: Switching to HAL1 shim implementation...
05-23 13:35:53.723 V/EmulatedCamera_Camera( 1327): getCameraInfo
05-23 13:35:53.723 V/EmulatedCamera_BaseCamera( 1327): getCameraInfo
05-23 13:35:53.734 V/EmulatedCamera_Camera( 1327): getCameraInfo
05-23 13:35:53.734 V/EmulatedCamera_BaseCamera( 1327): getCameraInfo
05-23 13:35:53.744 V/EmulatedCamera_Camera( 1327): getCameraInfo
05-23 13:35:53.745 V/EmulatedCamera_BaseCamera( 1327): getCameraInfo
05-23 13:35:53.830 I/StatusBar( 2982): isKeyguardShowing() called before startKeyguard(), returning true
05-23 13:35:53.832 W/StatusBar( 2982): isKeyguardSecure() called before startKeyguard(), returning false
05-23 13:35:53.832 W/StatusBar( 2982): java.lang.Throwable
05-23 13:35:53.832 W/StatusBar( 2982): 	at com.android.systemui.statusbar.BaseStatusBar.isKeyguardSecure(BaseStatusBar.java:2647)
05-23 13:35:53.832 W/StatusBar( 2982): 	at com.android.systemui.statusbar.BaseStatusBar.isCameraAllowedByAdmin(BaseStatusBar.java:2670)
05-23 13:35:53.832 W/StatusBar( 2982): 	at com.android.systemui.statusbar.phone.KeyguardBottomAreaView.updateCameraVisibility(KeyguardBottomAreaView.java:309)
05-23 13:35:53.832 W/StatusBar( 2982): 	at com.android.systemui.statusbar.phone.KeyguardBottomAreaView.setPhoneStatusBar(KeyguardBottomAreaView.java:272)
05-23 13:35:53.832 W/StatusBar( 2982): 	at com.android.systemui.statusbar.phone.PhoneStatusBar.makeStatusBarView(PhoneStatusBar.java:904)
05-23 13:35:53.832 W/StatusBar( 2982): 	at com.android.systemui.statusbar.phone.PhoneStatusBar.addStatusBarWindow(PhoneStatusBar.java:3432)
05-23 13:35:53.832 W/StatusBar( 2982): 	at com.android.systemui.statusbar.phone.PhoneStatusBar.createAndAddWindows(PhoneStatusBar.java:3428)
05-23 13:35:53.832 W/StatusBar( 2982): 	at com.android.systemui.statusbar.BaseStatusBar.start(BaseStatusBar.java:765)
05-23 13:35:53.832 W/StatusBar( 2982): 	at com.android.systemui.statusbar.phone.PhoneStatusBar.start(PhoneStatusBar.java:686)
05-23 13:35:53.832 W/StatusBar( 2982): 	at com.android.systemui.statusbar.SystemBars.createStatusBarFromConfig(SystemBars.java:106)
05-23 13:35:53.832 W/StatusBar( 2982): 	at com.android.systemui.statusbar.SystemBars.onNoService(SystemBars.java:58)
05-23 13:35:53.832 W/StatusBar( 2982): 	at com.android.systemui.statusbar.ServiceMonitor.startService(ServiceMonitor.java:230)
05-23 13:35:53.832 W/StatusBar( 2982): 	at com.android.systemui.statusbar.ServiceMonitor.-wrap5(ServiceMonitor.java)
05-23 13:35:53.832 W/StatusBar( 2982): 	at com.android.systemui.statusbar.ServiceMonitor$1.handleMessage(ServiceMonitor.java:73)
05-23 13:35:53.832 W/StatusBar( 2982): 	at android.os.Handler.dispatchMessage(Handler.java:102)
05-23 13:35:53.832 W/StatusBar( 2982): 	at android.os.Looper.loop(Looper.java:154)
05-23 13:35:53.832 W/StatusBar( 2982): 	at android.app.ActivityThread.main(ActivityThread.java:6119)
05-23 13:35:53.832 W/StatusBar( 2982): 	at java.lang.reflect.Method.invoke(Native Method)
05-23 13:35:53.832 W/StatusBar( 2982): 	at com.android.internal.os.ZygoteInit$MethodAndArgsCaller.run(ZygoteInit.java:886)
05-23 13:35:53.832 W/StatusBar( 2982): 	at com.android.internal.os.ZygoteInit.main(ZygoteInit.java:776)
05-23 13:35:53.848 I/StatusBar( 2982): isKeyguardShowing() called before startKeyguard(), returning true
05-23 13:35:53.853 W/StatusBar( 2982): isKeyguardSecure() called before startKeyguard(), returning false
05-23 13:35:53.853 W/StatusBar( 2982): java.lang.Throwable
05-23 13:35:53.853 W/StatusBar( 2982): 	at com.android.systemui.statusbar.BaseStatusBar.isKeyguardSecure(BaseStatusBar.java:2647)
05-23 13:35:53.853 W/StatusBar( 2982): 	at com.android.systemui.statusbar.BaseStatusBar.isCameraAllowedByAdmin(BaseStatusBar.java:2670)
05-23 13:35:53.853 W/StatusBar( 2982): 	at com.android.systemui.statusbar.phone.KeyguardBottomAreaView.updateCameraVisibility(KeyguardBottomAreaView.java:309)
05-23 13:35:53.853 W/StatusBar( 2982): 	at com.android.systemui.statusbar.phone.KeyguardBottomAreaView.setUserSetupComplete(KeyguardBottomAreaView.java:281)
05-23 13:35:53.853 W/StatusBar( 2982): 	at com.android.systemui.statusbar.phone.PhoneStatusBar.makeStatusBarView(PhoneStatusBar.java:905)
05-23 13:35:53.853 W/StatusBar( 2982): 	at com.android.systemui.statusbar.phone.PhoneStatusBar.addStatusBarWindow(PhoneStatusBar.java:3432)
05-23 13:35:53.853 W/StatusBar( 2982): 	at com.android.systemui.statusbar.phone.PhoneStatusBar.createAndAddWindows(PhoneStatusBar.java:3428)
05-23 13:35:53.853 W/StatusBar( 2982): 	at com.android.systemui.statusbar.BaseStatusBar.start(BaseStatusBar.java:765)
05-23 13:35:53.853 W/StatusBar( 2982): 	at com.android.systemui.statusbar.phone.PhoneStatusBar.start(PhoneStatusBar.java:686)
05-23 13:35:53.853 W/StatusBar( 2982): 	at com.android.systemui.statusbar.SystemBars.createStatusBarFromConfig(SystemBars.java:106)
05-23 13:35:53.853 W/StatusBar( 2982): 	at com.android.systemui.statusbar.SystemBars.onNoService(SystemBars.java:58)
05-23 13:35:53.853 W/StatusBar( 2982): 	at com.android.systemui.statusbar.ServiceMonitor.startService(ServiceMonitor.java:230)
05-23 13:35:53.853 W/StatusBar( 2982): 	at com.android.systemui.statusbar.ServiceMonitor.-wrap5(ServiceMonitor.java)
05-23 13:35:53.853 W/StatusBar( 2982): 	at com.android.systemui.statusbar.ServiceMonitor$1.handleMessage(ServiceMonitor.java:73)
05-23 13:35:53.853 W/StatusBar( 2982): 	at android.os.Handler.dispatchMessage(Handler.java:102)
05-23 13:35:53.853 W/StatusBar( 2982): 	at android.os.Looper.loop(Looper.java:154)
05-23 13:35:53.853 W/StatusBar( 2982): 	at android.app.ActivityThread.main(ActivityThread.java:6119)
05-23 13:35:53.853 W/StatusBar( 2982): 	at java.lang.reflect.Method.invoke(Native Method)
05-23 13:35:53.853 W/StatusBar( 2982): 	at com.android.internal.os.ZygoteInit$MethodAndArgsCaller.run(ZygoteInit.java:886)
05-23 13:35:53.853 W/StatusBar( 2982): 	at com.android.internal.os.ZygoteInit.main(ZygoteInit.java:776)
05-23 13:35:53.899 V/MediaScanner( 3019): pruneDeadThumbnailFiles... android.content.ContentProviderClient$CursorWrapperInner@3daa727
05-23 13:35:53.901 V/MediaScanner( 3019): /pruneDeadThumbnailFiles... android.content.ContentProviderClient$CursorWrapperInner@3daa727
05-23 13:35:54.011 V/EmulatedCamera_Camera( 1327): getCameraInfo
05-23 13:35:54.011 V/EmulatedCamera_BaseCamera( 1327): getCameraInfo
05-23 13:35:54.013 V/EmulatedCamera_Camera( 1327): getCameraInfo
05-23 13:35:54.013 V/EmulatedCamera_BaseCamera( 1327): getCameraInfo
05-23 13:35:54.201 I/StatusBar( 2982): isKeyguardShowing() called before startKeyguard(), returning true
05-23 13:35:54.203 W/StatusBar( 2982): isKeyguardSecure() called before startKeyguard(), returning false
05-23 13:35:54.203 W/StatusBar( 2982): java.lang.Throwable
05-23 13:35:54.203 W/StatusBar( 2982): 	at com.android.systemui.statusbar.BaseStatusBar.isKeyguardSecure(BaseStatusBar.java:2647)
05-23 13:35:54.203 W/StatusBar( 2982): 	at com.android.systemui.statusbar.BaseStatusBar.isCameraAllowedByAdmin(BaseStatusBar.java:2670)
05-23 13:35:54.203 W/StatusBar( 2982): 	at com.android.systemui.statusbar.phone.KeyguardBottomAreaView.updateCameraVisibility(KeyguardBottomAreaView.java:309)
05-23 13:35:54.203 W/StatusBar( 2982): 	at com.android.systemui.statusbar.phone.KeyguardBottomAreaView.setUserSetupComplete(KeyguardBottomAreaView.java:281)
05-23 13:35:54.203 W/StatusBar( 2982): 	at com.android.systemui.statusbar.phone.PhoneStatusBar$1.onChange(PhoneStatusBar.java:441)
05-23 13:35:54.203 W/StatusBar( 2982): 	at com.android.systemui.statusbar.phone.PhoneStatusBar.resetUserSetupObserver(PhoneStatusBar.java:3676)
05-23 13:35:54.203 W/StatusBar( 2982): 	at com.android.systemui.statusbar.phone.PhoneStatusBar.makeStatusBarView(PhoneStatusBar.java:1008)
05-23 13:35:54.203 W/StatusBar( 2982): 	at com.android.systemui.statusbar.phone.PhoneStatusBar.addStatusBarWindow(PhoneStatusBar.java:3432)
05-23 13:35:54.203 W/StatusBar( 2982): 	at com.android.systemui.statusbar.phone.PhoneStatusBar.createAndAddWindows(PhoneStatusBar.java:3428)
05-23 13:35:54.203 W/StatusBar( 2982): 	at com.android.systemui.statusbar.BaseStatusBar.start(BaseStatusBar.java:765)
05-23 13:35:54.203 W/StatusBar( 2982): 	at com.android.systemui.statusbar.phone.PhoneStatusBar.start(PhoneStatusBar.java:686)
05-23 13:35:54.203 W/StatusBar( 2982): 	at com.android.systemui.statusbar.SystemBars.createStatusBarFromConfig(SystemBars.java:106)
05-23 13:35:54.203 W/StatusBar( 2982): 	at com.android.systemui.statusbar.SystemBars.onNoService(SystemBars.java:58)
05-23 13:35:54.203 W/StatusBar( 2982): 	at com.android.systemui.statusbar.ServiceMonitor.startService(ServiceMonitor.java:230)
05-23 13:35:54.203 W/StatusBar( 2982): 	at com.android.systemui.statusbar.ServiceMonitor.-wrap5(ServiceMonitor.java)
05-23 13:35:54.203 W/StatusBar( 2982): 	at com.android.systemui.statusbar.ServiceMonitor$1.handleMessage(ServiceMonitor.java:73)
05-23 13:35:54.203 W/StatusBar( 2982): 	at android.os.Handler.dispatchMessage(Handler.java:102)
05-23 13:35:54.203 W/StatusBar( 2982): 	at android.os.Looper.loop(Looper.java:154)
05-23 13:35:54.203 W/StatusBar( 2982): 	at android.app.ActivityThread.main(ActivityThread.java:6119)
05-23 13:35:54.203 W/StatusBar( 2982): 	at java.lang.reflect.Method.invoke(Native Method)
05-23 13:35:54.203 W/StatusBar( 2982): 	at com.android.internal.os.ZygoteInit$MethodAndArgsCaller.run(ZygoteInit.java:886)
05-23 13:35:54.203 W/StatusBar( 2982): 	at com.android.internal.os.ZygoteInit.main(ZygoteInit.java:776)
05-23 13:35:54.274 W/art     ( 3059): Unexpected CPU variant for X86 using defaults: x86_64
05-23 13:35:54.280 I/ActivityManager( 2186): Start proc 3059:android.process.acore/u0a1 for content provider com.android.providers.contacts/.ContactsProvider2
05-23 13:35:54.281 W/ActivityManager( 2186): Slow operation: 51ms so far, now at getContentProviderImpl: after start process
05-23 13:35:54.281 W/ActivityManager( 2186): Slow operation: 52ms so far, now at getContentProviderImpl: updating data structures
05-23 13:35:54.281 W/ActivityManager( 2186): Slow operation: 52ms so far, now at getContentProviderImpl: done!
05-23 13:35:54.302 E/SurfaceFlinger( 1321): ro.sf.lcd_density must be defined as a build property
05-23 13:35:54.306 D/OpenGLRenderer( 2982): profile bars disabled
05-23 13:35:54.311 D/OpenGLRenderer( 2982): ambientRatio = 1.50
05-23 13:35:54.354 D/PhoneStatusBar( 2982): disable: < EXPAND* icons alerts system_info BACK* HOME* RECENT* clock SEARCH* quick_settings >
05-23 13:35:54.913 W/System  ( 3059): ClassLoader referenced unknown path: /system/priv-app/ContactsProvider/lib/x86_64
05-23 13:35:55.115 D/PhoneStatusBar( 2982): heads up is enabled
05-23 13:35:55.736 I/art     ( 2982): Background partial concurrent mark sweep GC freed 10074(1391KB) AllocSpace objects, 3(60KB) LOS objects, 23% free, 12MB/16MB, paused 1.637ms total 504.383ms
05-23 13:35:55.823 W/art     ( 2186): Long monitor contention with owner Binder:2186_E (2981) at int com.android.server.wm.WindowManagerService.relayoutWindow(com.android.server.wm.Session, android.view.IWindow, int, android.view.WindowManager$LayoutParams, int, int, int, int, android.graphics.Rect, android.graphics.Rect, android.graphics.Rect, android.graphics.Rect, android.graphics.Rect, android.graphics.Rect, android.graphics.Rect, android.content.res.Configuration, android.view.Surface)(WindowManagerService.java:2857) waiters=0 in void com.android.server.wm.WindowManagerService$H.handleMessage(android.os.Message) for 507ms
05-23 13:35:56.218 I/ContactsPerf( 3059): VoicemailContentProvider.onCreate start
05-23 13:35:56.358 I/ContactsPerf( 3059): VoicemailContentProvider.onCreate finish
05-23 13:35:56.475 W/System  ( 3059): ClassLoader referenced unknown path: /system/priv-app/BlockedNumberProvider/lib/x86_64
05-23 13:35:56.528 D/ApplicationLoaders( 3059): ignored Vulkan layer search path /system/priv-app/BlockedNumberProvider/lib/x86_64:/system/lib64:/vendor/lib64 for namespace 0x7a36df4720f0
05-23 13:35:56.672 W/System  ( 3059): ClassLoader referenced unknown path: /system/app/UserDictionaryProvider/lib/x86_64
05-23 13:35:56.675 D/ApplicationLoaders( 3059): ignored Vulkan layer search path /system/app/UserDictionaryProvider/lib/x86_64:/system/lib64:/vendor/lib64 for namespace 0x7a36df472160
05-23 13:35:56.885 W/art     ( 2186): Long monitor contention with owner android.display (2223) at void com.android.server.wm.WindowAnimator$1.doFrame(long)(WindowAnimator.java:144) waiters=1 in void com.android.server.wm.WindowManagerService.finishDrawingWindow(com.android.server.wm.Session, android.view.IWindow) for 689ms
05-23 13:35:56.888 W/art     ( 2186): Long monitor contention with owner android.ui (2213) at int com.android.server.wm.WindowManagerService.relayoutWindow(com.android.server.wm.Session, android.view.IWindow, int, android.view.WindowManager$LayoutParams, int, int, int, int, android.graphics.Rect, android.graphics.Rect, android.graphics.Rect, android.graphics.Rect, android.graphics.Rect, android.graphics.Rect, android.graphics.Rect, android.content.res.Configuration, android.view.Surface)(WindowManagerService.java:2857) waiters=1 in void com.android.server.wm.WindowManagerService$H.handleMessage(android.os.Message) for 669ms
05-23 13:35:56.894 I/Choreographer( 2186): Skipped 40 frames!  The application may be doing too much work on its main thread.
05-23 13:35:56.902 W/KeyguardUpdateMonitor( 2982): invalid subId in handleSimStateChange()
05-23 13:35:57.227 V/KeyguardServiceDelegate( 2186): **** SHOWN CALLED ****
05-23 13:35:57.248 I/Choreographer( 2982): Skipped 227 frames!  The application may be doing too much work on its main thread.
05-23 13:35:57.367 D/ViewRootImpl[StatusBar]( 2982): changeCanvasOpacity: opaque=true
05-23 13:35:57.664 I/Choreographer( 2186): Skipped 38 frames!  The application may be doing too much work on its main thread.
05-23 13:35:58.816 W/art     ( 2186): Long monitor contention with owner Binder:2186_1 (2201) at int com.android.server.wm.WindowManagerService.relayoutWindow(com.android.server.wm.Session, android.view.IWindow, int, android.view.WindowManager$LayoutParams, int, int, int, int, android.graphics.Rect, android.graphics.Rect, android.graphics.Rect, android.graphics.Rect, android.graphics.Rect, android.graphics.Rect, android.graphics.Rect, android.content.res.Configuration, android.view.Surface)(WindowManagerService.java:2857) waiters=0 in void com.android.server.wm.WindowManagerService.getInitialDisplaySize(int, android.graphics.Point) for 355ms
05-23 13:35:58.837 W/art     ( 2186): Long monitor contention with owner Binder:2186_1 (2201) at int com.android.server.wm.WindowManagerService.relayoutWindow(com.android.server.wm.Session, android.view.IWindow, int, android.view.WindowManager$LayoutParams, int, int, int, int, android.graphics.Rect, android.graphics.Rect, android.graphics.Rect, android.graphics.Rect, android.graphics.Rect, android.graphics.Rect, android.graphics.Rect, android.content.res.Configuration, android.view.Surface)(WindowManagerService.java:2857) waiters=1 in void com.android.server.wm.WindowManagerService$H.handleMessage(android.os.Message) for 243ms
05-23 13:35:59.153 I/ContactLocale( 3059): AddressBook Labels [[en_US]]: [â€¦, A, B, C, D, E, F, G, H, I, J, K, L, M, N, O, P, Q, R, S, T, U, V, W, X, Y, Z, Î‘, Î’, Î“, Î”, Î•, Î–, Î—, Î˜, Î™, Îš, Î›, Îœ, Î, Îž, ÎŸ, Î , Î¡, Î£, Î¤, Î¥, Î¦, Î§, Î¨, Î©, â€¦, Ð, Ð‘, Ð’, Ð“, Ð”, Ð‚, Ð•, Ð„, Ð–, Ð—, Ð˜, Ð†, Ð™, Ðˆ, Ðš, Ð›, Ð‰, Ðœ, Ð, ÐŠ, Ðž, ÐŸ, Ð , Ð¡, Ð¢, Ð‹, Ð£, Ð¤, Ð¥, Ð¦, Ð§, Ð, Ð¨, Ð©, Ð®, Ð¯, â€¦, ×, ×‘, ×’, ×“, ×”, ×•, ×–, ×—, ×˜, ×™, ×›, ×œ, ×ž, × , ×¡, ×¢, ×¤, ×¦, ×§, ×¨, ×©, ×ª, â€¦, Ø§, Ø¨, Øª, Ø«, Ø¬, Ø­, Ø®, Ø¯, Ø°, Ø±, Ø², Ø³, Ø´, Øµ, Ø¶, Ø·, Ø¸, Ø¹, Øº, Ù, Ù‚, Ùƒ, Ù„, Ù…, Ù†, Ù‡, Ùˆ, ÙŠ, â€¦, à¸, à¸‚, à¸ƒ, à¸„, à¸…, à¸†, à¸‡, à¸ˆ, à¸‰, à¸Š, à¸‹, à¸Œ, à¸, à¸Ž, à¸, à¸, à¸‘, à¸’, à¸“, à¸”, à¸•, à¸–, à¸—, à¸˜, à¸™, à¸š, à¸›, à¸œ, à¸, à¸ž, à¸Ÿ, à¸ , à¸¡, à¸¢, à¸£, à¸¤, à¸¥, à¸¦, à¸§, à¸¨, à¸©, à¸ª, à¸«, à¸¬, à¸­, à¸®, â€¦, ã„±, ã„´, ã„·, ã„¹, ã…, ã…‚, ã……, ã…‡, ã…ˆ, ã…Š, ã…‹, ã…Œ, ã…, ã…Ž, â€¦, ã‚, ã‹, ã•, ãŸ, ãª, ã¯, ã¾, ã‚„, ã‚‰, ã‚, #, â€¦]
05-23 13:35:59.582 W/art     ( 2186): Long monitor contention with owner Binder:2186_6 (2515) at int com.android.server.wm.WindowManagerService.relayoutWindow(com.android.server.wm.Session, android.view.IWindow, int, android.view.WindowManager$LayoutParams, int, int, int, int, android.graphics.Rect, android.graphics.Rect, android.graphics.Rect, android.graphics.Rect, android.graphics.Rect, android.graphics.Rect, android.graphics.Rect, android.content.res.Configuration, android.view.Surface)(WindowManagerService.java:2857) waiters=0 in void com.android.server.wm.WindowManagerService$H.handleMessage(android.os.Message) for 145ms
05-23 13:35:59.618 D/WifiService( 2186): New client listening to asynchronous messages
05-23 13:36:00.131 I/Choreographer( 2982): Skipped 172 frames!  The application may be doing too much work on its main thread.
05-23 13:36:00.223 D/gralloc_ranchu( 2982): Emulator without host-side GPU emulation detected. Loading gralloc.default.so from /vendor/lib64/hw/gralloc.goldfish.default.so...
05-23 13:36:00.226 D/gralloc_ranchu( 2982): gralloc.default.so not found in /vendor. Trying /system/lib64/hw/gralloc.goldfish.default.so...
05-23 13:36:00.446 D/PhoneStatusBar( 2982): disable: < expand* icons alerts system_info back* home* recent* clock search* quick_settings >
05-23 13:36:01.059 I/Choreographer( 2982): Skipped 54 frames!  The application may be doing too much work on its main thread.
05-23 13:36:01.158 W/art     ( 2186): Long monitor contention with owner android.display (2223) at void com.android.server.wm.WindowManagerService$H.handleMessage(android.os.Message)(WindowManagerService.java:8368) waiters=1 in void com.android.server.wm.WindowManagerService.statusBarVisibilityChanged(int) for 534ms
05-23 13:36:01.160 W/art     ( 2186): Long monitor contention with owner Binder:2186_3 (2364) at int com.android.server.wm.WindowManagerService.relayoutWindow(com.android.server.wm.Session, android.view.IWindow, int, android.view.WindowManager$LayoutParams, int, int, int, int, android.graphics.Rect, android.graphics.Rect, android.graphics.Rect, android.graphics.Rect, android.graphics.Rect, android.graphics.Rect, android.graphics.Rect, android.content.res.Configuration, android.view.Surface)(WindowManagerService.java:2857) waiters=1 in void com.android.server.wm.WindowAnimator$1.doFrame(long) for 402ms
05-23 13:36:01.696 W/art     ( 2186): Long monitor contention with owner android.display (2223) at void com.android.server.wm.WindowManagerService$H.handleMessage(android.os.Message)(WindowManagerService.java:8368) waiters=0 in void com.android.server.wm.WindowManagerService.finishDrawingWindow(com.android.server.wm.Session, android.view.IWindow) for 469ms
05-23 13:36:02.041 I/Choreographer( 2982): Skipped 52 frames!  The application may be doing too much work on its main thread.
05-23 13:36:32.733 W//sbin/adbd( 1323): type=1400 audit(0.0:16): avc: denied { search } for comm=7365727669636520363137 name="security" dev="vdc" ino=35203 scontext=u:r:adbd:s0 tcontext=u:object_r:security_file:s0 tclass=dir permissive=0
05-23 13:36:52.001 W/BroadcastQueue( 2186): Timeout of broadcast BroadcastRecord{de11a44 u0 android.intent.action.BOOT_COMPLETED} - receiver=android.os.BinderProxy@2f640f1, started 60001ms ago
05-23 13:36:52.002 W/BroadcastQueue( 2186): Receiver during timeout: BroadcastFilter{86fb357 u0 ReceiverList{60944d6 2386 com.android.systemui/10021/u0 remote:2f640f1}}
05-23 13:36:52.011 W/Binder  ( 2982): Binder call failed.
05-23 13:36:52.011 W/Binder  ( 2982): android.os.DeadObjectException
05-23 13:36:52.011 W/Binder  ( 2982): 	at android.os.BinderProxy.transactNative(Native Method)
05-23 13:36:52.011 W/Binder  ( 2982): 	at android.os.BinderProxy.transact(Binder.java:615)
05-23 13:36:52.011 W/Binder  ( 2982): 	at android.content.IIntentReceiver$Stub$Proxy.performReceive(IIntentReceiver.java:124)
05-23 13:36:52.011 W/Binder  ( 2982): 	at android.app.ActivityThread$ApplicationThread.scheduleRegisteredReceiver(ActivityThread.java:946)
05-23 13:36:52.011 W/Binder  ( 2982): 	at android.app.ApplicationThreadNative.onTransact(ApplicationThreadNative.java:404)
05-23 13:36:52.011 W/Binder  ( 2982): 	at android.os.Binder.execTransact(Binder.java:565)
05-23 13:37:21.836 D/AndroidRuntime( 3083): >>>>>> START com.android.internal.os.RuntimeInit uid 2000 <<<<<<
05-23 13:37:21.856 D/AndroidRuntime( 3083): CheckJNI is ON
05-23 13:37:22.160 W/art     ( 3083): Unexpected CPU variant for X86 using defaults: x86_64
05-23 13:37:22.192 D/ICU     ( 3083): No timezone override file found: /data/misc/zoneinfo/current/icu/icu_tzdata.dat
05-23 13:37:22.338 E/memtrack( 3083): Couldn't load memtrack module (No such file or directory)
05-23 13:37:22.338 E/android.os.Debug( 3083): failed to load memtrack module: -2
05-23 13:37:22.344 I/Radio-JNI( 3083): register_android_hardware_Radio DONE
05-23 13:37:22.444 D/AndroidRuntime( 3083): Calling main entry com.android.commands.pm.Pm
05-23 13:37:22.540 I/        ( 1330): free_cache(132245358) avail 809603072
05-23 13:37:38.633 W/ActivityManager( 2186): Slow operation: 69ms so far, now at startProcess: returned from zygote!
05-23 13:37:38.633 W/ActivityManager( 2186): Slow operation: 70ms so far, now at startProcess: done updating battery stats
05-23 13:37:38.634 W/ActivityManager( 2186): Slow operation: 70ms so far, now at startProcess: building log message
05-23 13:37:38.634 I/ActivityManager( 2186): Start proc 3093:com.android.defcontainer/u0a7 for service com.android.defcontainer/.DefaultContainerService
05-23 13:37:38.634 W/ActivityManager( 2186): Slow operation: 71ms so far, now at startProcess: starting to update pids map
05-23 13:37:38.634 W/ActivityManager( 2186): Slow operation: 71ms so far, now at startProcess: done updating pids map
05-23 13:37:38.634 W/ActivityManager( 2186): Slow operation: 72ms so far, now at startProcess: done starting proc!
05-23 13:37:38.647 W/art     ( 3093): Unexpected CPU variant for X86 using defaults: x86_64
05-23 13:37:39.243 I/PackageManager.DexOptimizer( 2186): Running dexopt (dex2oat) on: /data/app/vmdl1529232847.tmp/base.apk pkg=jp.jaxa.iss.kibo.rpc.sampleapk isa=x86_64 vmSafeMode=false debuggable=true target-filter=interpret-only oatDir = /data/app/vmdl1529232847.tmp/oat sharedLibraries=null
05-23 13:37:39.435 W/dex2oat ( 3108): Unexpected CPU variant for X86 using defaults: x86_64
05-23 13:37:39.450 I/dex2oat ( 3108): /system/bin/dex2oat --compiler-filter=interpret-only --debuggable
05-23 13:37:42.065 W/dex2oat ( 3108): Before Android 4.1, method int android.support.v7.widget.ListViewCompat.lookForSelectablePosition(int, boolean) would have incorrectly overridden the package-private method in android.widget.ListView
05-23 13:37:42.798 W/dex2oat ( 3108): Before Android 4.1, method android.graphics.PorterDuffColorFilter android.support.graphics.drawable.VectorDrawableCompat.updateTintFilter(android.graphics.PorterDuffColorFilter, android.content.res.ColorStateList, android.graphics.PorterDuff$Mode) would have incorrectly overridden the package-private method in android.graphics.drawable.Drawable
05-23 13:37:50.918 W/dex2oat ( 3108): Compilation of void org.opencv.android.Utils.nBitmapToMat2(android.graphics.Bitmap, long, boolean) took 169.052ms
05-23 13:37:50.927 W/dex2oat ( 3108): Compilation of java.lang.String org.opencv.android.StaticHelper.getLibraryList() took 179.975ms
05-23 13:37:52.016 W/BroadcastQueue( 2186): Timeout of broadcast BroadcastRecord{de11a44 u0 android.intent.action.BOOT_COMPLETED} - receiver=android.os.BinderProxy@f233fe0, started 60013ms ago
05-23 13:37:52.016 W/BroadcastQueue( 2186): Receiver during timeout: BroadcastFilter{3ac7a0c u0 ReceiverList{6b8a299 2386 com.android.systemui/10021/u0 remote:f233fe0}}
05-23 13:37:52.101 W/ActivityManager( 2186): Slow operation: 60ms so far, now at startProcess: returned from zygote!
05-23 13:37:52.101 W/ActivityManager( 2186): Slow operation: 61ms so far, now at startProcess: done updating battery stats
05-23 13:37:52.101 W/ActivityManager( 2186): Slow operation: 61ms so far, now at startProcess: building log message
05-23 13:37:52.101 I/ActivityManager( 2186): Start proc 3112:com.android.dialer/u0a8 for broadcast com.android.dialer/.calllog.CallLogReceiver
05-23 13:37:52.102 W/ActivityManager( 2186): Slow operation: 61ms so far, now at startProcess: starting to update pids map
05-23 13:37:52.102 W/ActivityManager( 2186): Slow operation: 62ms so far, now at startProcess: done updating pids map
05-23 13:37:52.102 W/ActivityManager( 2186): Slow operation: 62ms so far, now at startProcess: done starting proc!
05-23 13:37:52.115 W/art     ( 3112): Unexpected CPU variant for X86 using defaults: x86_64
05-23 13:37:52.159 I/RecoverySystem( 2186): No recovery log file
05-23 13:37:52.232 I/BootReceiver( 2186): Copying audit failures to DropBox
05-23 13:37:52.233 I/BootReceiver( 2186): Checking for fsck errors
05-23 13:37:52.559 W/System  ( 3112): ClassLoader referenced unknown path: /system/priv-app/Dialer/lib/x86_64
05-23 13:37:53.628 D/ExtensionsFactory( 3112): No custom extensions.
05-23 13:37:53.653 D/BlockedNumbersAuto( 3112): Not attempting auto-migrate: already checked once.
05-23 13:37:53.793 D/CarrierConfigLoader( 2584): mHandler: 13 phoneId: 0
05-23 13:37:53.794 D/CarrierConfigLoader( 2584): mHandler: 7 phoneId: 0
05-23 13:37:53.798 E/CarrierConfigLoader( 2584): Cannot restore config with null packageName or iccid.
05-23 13:37:53.799 D/CarrierConfigLoader( 2584): Binding to com.android.carrierconfig for phone 0
05-23 13:37:53.868 I/ActivityManager( 2186): Start proc 3130:com.android.calendar/u0a26 for broadcast com.android.calendar/.alerts.AlertReceiver
05-23 13:37:53.876 W/art     ( 3130): Unexpected CPU variant for X86 using defaults: x86_64
05-23 13:37:53.908 W/CountryDetector( 3112): No location permissions, not registering for location updates.
05-23 13:37:53.929 W/ActivityManager( 2186): Slow operation: 59ms so far, now at startProcess: returned from zygote!
05-23 13:37:53.930 W/ActivityManager( 2186): Slow operation: 60ms so far, now at startProcess: done updating battery stats
05-23 13:37:53.930 W/ActivityManager( 2186): Slow operation: 60ms so far, now at startProcess: building log message
05-23 13:37:53.930 I/ActivityManager( 2186): Start proc 3138:com.android.carrierconfig/u0a3 for service com.android.carrierconfig/.DefaultCarrierConfigService
05-23 13:37:53.930 W/ActivityManager( 2186): Slow operation: 60ms so far, now at startProcess: starting to update pids map
05-23 13:37:53.930 W/ActivityManager( 2186): Slow operation: 60ms so far, now at startProcess: done updating pids map
05-23 13:37:53.930 W/ActivityManager( 2186): Slow operation: 60ms so far, now at startProcess: done starting proc!
05-23 13:37:53.960 W/art     ( 3138): Unexpected CPU variant for X86 using defaults: x86_64
05-23 13:37:54.121 W/System  ( 3138): ClassLoader referenced unknown path: /system/priv-app/CarrierConfig/lib/x86_64
05-23 13:37:54.173 W/System  ( 3130): ClassLoader referenced unknown path: /system/app/Calendar/lib/x86_64
05-23 13:37:54.298 D/DefaultCarrierConfigService( 3138): Service created
05-23 13:37:54.328 D/CarrierConfigLoader( 2584): Connected to config app: com.android.carrierconfig/com.android.carrierconfig.DefaultCarrierConfigService
05-23 13:37:54.328 D/CarrierConfigLoader( 2584): mHandler: 3 phoneId: 0
05-23 13:37:54.338 D/DefaultCarrierConfigService( 3138): Config being fetched
05-23 13:37:54.342 D/DefaultCarrierConfigService( 3138): java.io.FileNotFoundException: carrier_config_.xml
05-23 13:37:54.350 E/CarrierConfigLoader( 2584): Cannot save config with null packageName or iccid.
05-23 13:37:54.364 D/CarrierConfigLoader( 2584): mHandler: 5 phoneId: 0
05-23 13:37:54.388 E/PhoneInterfaceManager( 2584): [PhoneIntfMgr] getCarrierPackageNamesForIntent: No UICC
05-23 13:37:54.476 I/Telecom ( 2186): PhoneAccountRegistrar: SimCallManager queried, returning: null: TSI.gSCMFU@AAk
05-23 13:37:54.651 I/dex2oat ( 3108): dex2oat took 15.225s (threads: 2) arena alloc=548KB (561480B) java alloc=7MB (7508656B) native alloc=15MB (16225888B) free=3MB (3172768B)
05-23 13:37:54.930 D/ExtensionsFactory( 3130): No custom extensions.
05-23 13:37:54.958 D/AlertReceiver( 3130): onReceive: a=android.intent.action.BOOT_COMPLETED Intent { act=android.intent.action.BOOT_COMPLETED flg=0x9000010 cmp=com.android.calendar/.alerts.AlertReceiver (has extras) }
05-23 13:37:55.178 I/AlarmClock( 2923): AlarmInitReceiver android.intent.action.BOOT_COMPLETED
05-23 13:37:55.185 D/installd( 1330): Detected label change from u:object_r:system_data_file:s0 to u:object_r:app_data_file:s0:c512,c768 at /data/data/jp.jaxa.iss.kibo.rpc.sampleapk; running recursive restorecon
05-23 13:37:55.219 D/installd( 1330): Detected label change from u:object_r:system_data_file:s0 to u:object_r:app_data_file:s0:c512,c768 at /data/user_de/0/jp.jaxa.iss.kibo.rpc.sampleapk; running recursive restorecon
05-23 13:37:55.245 D/AlertUtils( 3130): Flushing old alerts from shared prefs table
05-23 13:37:55.271 V/BackupManagerService( 2186): restoreAtInstall pkg=jp.jaxa.iss.kibo.rpc.sampleapk token=1 restoreSet=0
05-23 13:37:55.277 W/BackupManagerService( 2186): Requested unavailable transport: android/com.android.internal.backup.LocalTransport
05-23 13:37:55.278 W/BackupManagerService( 2186): No transport
05-23 13:37:55.278 V/BackupManagerService( 2186): Finishing install immediately
05-23 13:37:55.291 D/AlertService( 3130): 0 Action = android.intent.action.BOOT_COMPLETED
05-23 13:37:55.312 D/VoldConnector( 2186): SND -> {9 volume remount_uid 10064 default}
05-23 13:37:55.316 I/GnssLocationProvider( 2186): WakeLock acquired by sendMessage(3, 0, com.android.server.location.GnssLocationProvider$GpsRequest@a39c96a)
05-23 13:37:55.320 I/GnssLocationProvider( 2186): WakeLock acquired by sendMessage(3, 0, com.android.server.location.GnssLocationProvider$GpsRequest@7f53e5b)
05-23 13:37:55.328 I/GnssLocationProvider( 2186): WakeLock released by handleMessage(3, 0, com.android.server.location.GnssLocationProvider$GpsRequest@a39c96a)
05-23 13:37:55.329 I/GnssLocationProvider( 2186): WakeLock released by handleMessage(3, 0, com.android.server.location.GnssLocationProvider$GpsRequest@7f53e5b)
05-23 13:37:55.336 D/vold    ( 1270): Remounting 10064 as mode default
05-23 13:37:55.362 D/AlertService( 3130): Scheduling next alarm with AlarmScheduler. sEventReminderReceived: null
05-23 13:37:55.375 D/VoldConnector( 2186): RCV <- {200 9 Command succeeded}
05-23 13:37:55.384 I/GnssLocationProvider( 2186): WakeLock acquired by sendMessage(3, 0, com.android.server.location.GnssLocationProvider$GpsRequest@a8b67d1)
05-23 13:37:55.386 D/VoldConnector( 2186): SND -> {10 volume remount_uid 10064 write}
05-23 13:37:55.389 I/GnssLocationProvider( 2186): WakeLock released by handleMessage(3, 0, com.android.server.location.GnssLocationProvider$GpsRequest@a8b67d1)
05-23 13:37:55.390 D/vold    ( 1270): Remounting 10064 as mode write
05-23 13:37:55.410 D/VoldConnector( 2186): RCV <- {200 10 Command succeeded}
05-23 13:37:55.436 I/art     ( 2186): Starting a blocking GC Explicit
05-23 13:37:55.524 V/AlarmClock( 2923): AlarmInitReceiver finished
05-23 13:37:55.558 I/ActivityManager( 2186): Start proc 3167:com.android.email/u0a34 for broadcast com.android.email/.service.EmailBroadcastReceiver
05-23 13:37:55.571 W/art     ( 3167): Unexpected CPU variant for X86 using defaults: x86_64
05-23 13:37:55.646 D/AlarmScheduler( 3130): No events found starting within 1 week.
05-23 13:37:55.753 I/art     ( 2186): Explicit concurrent mark sweep GC freed 9594(717KB) AllocSpace objects, 7(208KB) LOS objects, 28% free, 9MB/13MB, paused 5.745ms total 316.821ms
05-23 13:37:55.755 E/        ( 1330): Couldn't opendir /data/app/vmdl1529232847.tmp: No such file or directory
05-23 13:37:55.869 I/InputReader( 2186): Reconfiguring input devices.  changes=0x00000010
05-23 13:37:55.914 W/System  ( 3167): ClassLoader referenced unknown path: /system/app/Email/lib/x86_64
05-23 13:37:55.941 I/art     ( 3083): System.exit called, status: 0
05-23 13:37:55.941 I/AndroidRuntime( 3083): VM exiting with result code 0.
05-23 13:37:56.135 E/PhoneInterfaceManager( 2584): [PhoneIntfMgr] getCarrierPackageNamesForIntent: No UICC
05-23 13:37:56.135 D/CarrierSvcBindHelper( 2584): No carrier app for: 0
05-23 13:37:56.141 D/CarrierConfigLoader( 2584): mHandler: 9 phoneId: 0
05-23 13:37:56.950 W/VoiceInteractionManagerService( 2186): no available voice recognition services found for user 0
05-23 13:37:57.718 W/ActivityManager( 2186): Unable to start service Intent { act=com.android.email.EXCHANGE_INTENT pkg=com.android.exchange } U=0: not found
05-23 13:37:57.763 D/ActivityThread( 3167): Loading provider com.android.email.provider;com.android.email.notifier: com.android.email.provider.EmailProvider
05-23 13:37:57.803 W/ActivityManager( 2186): Unable to start service Intent { act=com.android.email.EXCHANGE_INTENT pkg=com.android.exchange } U=0: not found
05-23 13:37:57.833 D/ActivityThread( 3167): Loading provider com.android.email.provider;com.android.email.notifier: com.android.email.provider.EmailProvider
05-23 13:37:57.838 W/ActivityManager( 2186): Unable to start service Intent { act=com.android.email.EXCHANGE_INTENT pkg=com.android.exchange } U=0: not found
05-23 13:37:58.113 I/SystemBroadcastReceiver( 2380): Boot has been completed
05-23 13:37:58.114 I/SystemBroadcastReceiver( 2380): toggleAppIcon() : FLAG_SYSTEM = true
05-23 13:37:58.170 W/ActivityManager( 2186): Unable to start service Intent { act=com.android.email.EXCHANGE_INTENT pkg=com.android.exchange } U=0: not found
05-23 13:37:58.275 W/ActivityManager( 2186): Slow operation: 51ms so far, now at startProcess: done updating battery stats
05-23 13:37:58.276 W/ActivityManager( 2186): Slow operation: 52ms so far, now at startProcess: building log message
05-23 13:37:58.276 I/ActivityManager( 2186): Start proc 3192:com.android.managedprovisioning/u0a14 for broadcast com.android.managedprovisioning/.BootReminder
05-23 13:37:58.277 W/ActivityManager( 2186): Slow operation: 52ms so far, now at startProcess: starting to update pids map
05-23 13:37:58.282 W/ActivityManager( 2186): Slow operation: 58ms so far, now at startProcess: done updating pids map
05-23 13:37:58.283 W/ActivityManager( 2186): Slow operation: 59ms so far, now at startProcess: done starting proc!
05-23 13:37:58.288 W/ActivityManager( 2186): Unable to start service Intent { act=com.android.email.EXCHANGE_INTENT pkg=com.android.exchange } U=0: not found
05-23 13:37:58.288 W/ActivityManager( 2186): Unable to start service Intent { cmp=com.android.email/.service.AttachmentService } U=0: not found
05-23 13:37:58.289 W/ActivityManager( 2186): Unable to start service Intent { cmp=com.android.email/.service.AttachmentService } U=0: not found
05-23 13:37:58.337 I/Email   ( 3167): Observing account changes for notifications
05-23 13:37:58.365 W/art     ( 3192): Unexpected CPU variant for X86 using defaults: x86_64
05-23 13:37:58.386 W/ActivityManager( 2186): Unable to start service Intent { cmp=com.android.email/.service.AttachmentService } U=0: not found
05-23 13:37:58.403 W/ActivityManager( 2186): Unable to start service Intent { act=com.android.email.EXCHANGE_INTENT pkg=com.android.exchange } U=0: not found
05-23 13:37:58.474 E/ActivityThread( 3167): Service com.android.email.service.EmailBroadcastProcessorService has leaked ServiceConnection com.android.emailcommon.service.ServiceProxy$ProxyConnection@7be030e that was originally bound here
05-23 13:37:58.474 E/ActivityThread( 3167): android.app.ServiceConnectionLeaked: Service com.android.email.service.EmailBroadcastProcessorService has leaked ServiceConnection com.android.emailcommon.service.ServiceProxy$ProxyConnection@7be030e that was originally bound here
05-23 13:37:58.474 E/ActivityThread( 3167): 	at android.app.LoadedApk$ServiceDispatcher.<init>(LoadedApk.java:1336)
05-23 13:37:58.474 E/ActivityThread( 3167): 	at android.app.LoadedApk.getServiceDispatcher(LoadedApk.java:1231)
05-23 13:37:58.474 E/ActivityThread( 3167): 	at android.app.ContextImpl.bindServiceCommon(ContextImpl.java:1450)
05-23 13:37:58.474 E/ActivityThread( 3167): 	at android.app.ContextImpl.bindService(ContextImpl.java:1422)
05-23 13:37:58.474 E/ActivityThread( 3167): 	at android.content.ContextWrapper.bindService(ContextWrapper.java:636)
05-23 13:37:58.474 E/ActivityThread( 3167): 	at com.android.emailcommon.service.ServiceProxy.setTask(ServiceProxy.java:181)
05-23 13:37:58.474 E/ActivityThread( 3167): 	at com.android.emailcommon.service.ServiceProxy.test(ServiceProxy.java:224)
05-23 13:37:58.474 E/ActivityThread( 3167): 	at com.android.email.service.EmailServiceUtils.isServiceAvailable(EmailServiceUtils.java:160)
05-23 13:37:58.474 E/ActivityThread( 3167): 	at com.android.email.provider.AccountReconciler.reconcileAccountsInternal(AccountReconciler.java:171)
05-23 13:37:58.474 E/ActivityThread( 3167): 	at com.android.email.provider.AccountReconciler.reconcileAccounts(AccountReconciler.java:115)
05-23 13:37:58.474 E/ActivityThread( 3167): 	at com.android.email.service.EmailBroadcastProcessorService.reconcileAndStartServices(EmailBroadcastProcessorService.java:305)
05-23 13:37:58.474 E/ActivityThread( 3167): 	at com.android.email.service.EmailBroadcastProcessorService.onBootCompleted(EmailBroadcastProcessorService.java:295)
05-23 13:37:58.474 E/ActivityThread( 3167): 	at com.android.email.service.EmailBroadcastProcessorService.onHandleIntent(EmailBroadcastProcessorService.java:130)
05-23 13:37:58.474 E/ActivityThread( 3167): 	at android.app.IntentService$ServiceHandler.handleMessage(IntentService.java:68)
05-23 13:37:58.474 E/ActivityThread( 3167): 	at android.os.Handler.dispatchMessage(Handler.java:102)
05-23 13:37:58.474 E/ActivityThread( 3167): 	at android.os.Looper.loop(Looper.java:154)
05-23 13:37:58.474 E/ActivityThread( 3167): 	at android.os.HandlerThread.run(HandlerThread.java:61)
05-23 13:37:58.475 W/ActivityManager( 2186): Unbind failed: could not find connection for android.os.BinderProxy@3fe0a27
05-23 13:37:58.491 W/ActivityManager( 2186): Unable to start service Intent { act=com.android.email.EXCHANGE_INTENT pkg=com.android.exchange } U=0: not found
05-23 13:37:58.590 W/ActivityManager( 2186): Unable to start service Intent { act=com.android.email.EXCHANGE_INTENT pkg=com.android.exchange } U=0: not found
05-23 13:37:58.625 W/System  ( 3192): ClassLoader referenced unknown path: /system/priv-app/ManagedProvisioning/lib/x86_64
05-23 13:37:58.724 I/ActivityManager( 2186): Start proc 3207:com.android.messaging/u0a54 for broadcast com.android.messaging/.receiver.BootAndPackageReplacedReceiver
05-23 13:37:58.736 W/art     ( 3207): Unexpected CPU variant for X86 using defaults: x86_64
05-23 13:37:58.834 W/System  ( 3207): ClassLoader referenced unknown path: /system/app/messaging/lib/x86_64
05-23 13:38:00.255 V/VvmBootCompletedRcvr( 2584): processing subId list
05-23 13:38:00.281 I/MessagingApp( 3207): Carrier config changed. Reloading MMS config.
