05-02 06:07:59.893 W/art     ( 2968): Long monitor contention with owner ConditionProviders.ECP (3143) at java.lang.String com.android.server.am.ActivityManagerService.checkContentProviderAccess(java.lang.String, int)(ActivityManagerService.java:10435) waiters=1 in int com.android.server.am.ActivityManagerService.broadcastIntent(android.app.IApplicationThread, android.content.Intent, java.lang.String, android.content.IIntentReceiver, int, java.lang.String, android.os.Bundle, java.lang.String[], int, android.os.Bundle, boolean, boolean, int) for 124ms
05-02 06:07:59.894 D/GpsNetInitiatedHandler( 2968): location enabled :true
05-02 06:08:00.238 D/AccessibilityManagerService( 2968): Ignoring non-encryption-aware service ComponentInfo{com.example.android.apis/com.example.android.apis.accessibility.ClockBackService}
05-02 06:08:00.238 D/AccessibilityManagerService( 2968): Ignoring non-encryption-aware service ComponentInfo{com.example.android.apis/com.example.android.apis.accessibility.MagnificationService}
05-02 06:08:00.239 D/AccessibilityManagerService( 2968): Ignoring non-encryption-aware service ComponentInfo{com.example.android.apis/com.example.android.apis.accessibility.TaskBackService}
05-02 06:08:00.557 I/StatusBar( 3182): isKeyguardShowing() called before startKeyguard(), returning true
05-02 06:08:00.583 W/StatusBar( 3182): isKeyguardSecure() called before startKeyguard(), returning false
05-02 06:08:00.583 W/StatusBar( 3182): java.lang.Throwable
05-02 06:08:00.583 W/StatusBar( 3182): 	at com.android.systemui.statusbar.BaseStatusBar.isKeyguardSecure(BaseStatusBar.java:2647)
05-02 06:08:00.583 W/StatusBar( 3182): 	at com.android.systemui.statusbar.BaseStatusBar.isCameraAllowedByAdmin(BaseStatusBar.java:2670)
05-02 06:08:00.583 W/StatusBar( 3182): 	at com.android.systemui.statusbar.phone.KeyguardBottomAreaView.updateCameraVisibility(KeyguardBottomAreaView.java:309)
05-02 06:08:00.583 W/StatusBar( 3182): 	at com.android.systemui.statusbar.phone.KeyguardBottomAreaView.setPhoneStatusBar(KeyguardBottomAreaView.java:272)
05-02 06:08:00.583 W/StatusBar( 3182): 	at com.android.systemui.statusbar.phone.PhoneStatusBar.makeStatusBarView(PhoneStatusBar.java:904)
05-02 06:08:00.583 W/StatusBar( 3182): 	at com.android.systemui.statusbar.phone.PhoneStatusBar.addStatusBarWindow(PhoneStatusBar.java:3432)
05-02 06:08:00.583 W/StatusBar( 3182): 	at com.android.systemui.statusbar.phone.PhoneStatusBar.createAndAddWindows(PhoneStatusBar.java:3428)
05-02 06:08:00.583 W/StatusBar( 3182): 	at com.android.systemui.statusbar.BaseStatusBar.start(BaseStatusBar.java:765)
05-02 06:08:00.583 W/StatusBar( 3182): 	at com.android.systemui.statusbar.phone.PhoneStatusBar.start(PhoneStatusBar.java:686)
05-02 06:08:00.583 W/StatusBar( 3182): 	at com.android.systemui.statusbar.SystemBars.createStatusBarFromConfig(SystemBars.java:106)
05-02 06:08:00.583 W/StatusBar( 3182): 	at com.android.systemui.statusbar.SystemBars.onNoService(SystemBars.java:58)
05-02 06:08:00.583 W/StatusBar( 3182): 	at com.android.systemui.statusbar.ServiceMonitor.startService(ServiceMonitor.java:230)
05-02 06:08:00.583 W/StatusBar( 3182): 	at com.android.systemui.statusbar.ServiceMonitor.-wrap5(ServiceMonitor.java)
05-02 06:08:00.583 W/StatusBar( 3182): 	at com.android.systemui.statusbar.ServiceMonitor$1.handleMessage(ServiceMonitor.java:73)
05-02 06:08:00.583 W/StatusBar( 3182): 	at android.os.Handler.dispatchMessage(Handler.java:102)
05-02 06:08:00.583 W/StatusBar( 3182): 	at android.os.Looper.loop(Looper.java:154)
05-02 06:08:00.583 W/StatusBar( 3182): 	at android.app.ActivityThread.main(ActivityThread.java:6119)
05-02 06:08:00.583 W/StatusBar( 3182): 	at java.lang.reflect.Method.invoke(Native Method)
05-02 06:08:00.583 W/StatusBar( 3182): 	at com.android.internal.os.ZygoteInit$MethodAndArgsCaller.run(ZygoteInit.java:886)
05-02 06:08:00.583 W/StatusBar( 3182): 	at com.android.internal.os.ZygoteInit.main(ZygoteInit.java:776)
05-02 06:08:00.586 I/StatusBar( 3182): isKeyguardShowing() called before startKeyguard(), returning true
05-02 06:08:00.588 W/StatusBar( 3182): isKeyguardSecure() called before startKeyguard(), returning false
05-02 06:08:00.588 W/StatusBar( 3182): java.lang.Throwable
05-02 06:08:00.588 W/StatusBar( 3182): 	at com.android.systemui.statusbar.BaseStatusBar.isKeyguardSecure(BaseStatusBar.java:2647)
05-02 06:08:00.588 W/StatusBar( 3182): 	at com.android.systemui.statusbar.BaseStatusBar.isCameraAllowedByAdmin(BaseStatusBar.java:2670)
05-02 06:08:00.588 W/StatusBar( 3182): 	at com.android.systemui.statusbar.phone.KeyguardBottomAreaView.updateCameraVisibility(KeyguardBottomAreaView.java:309)
05-02 06:08:00.588 W/StatusBar( 3182): 	at com.android.systemui.statusbar.phone.KeyguardBottomAreaView.setUserSetupComplete(KeyguardBottomAreaView.java:281)
05-02 06:08:00.588 W/StatusBar( 3182): 	at com.android.systemui.statusbar.phone.PhoneStatusBar.makeStatusBarView(PhoneStatusBar.java:905)
05-02 06:08:00.588 W/StatusBar( 3182): 	at com.android.systemui.statusbar.phone.PhoneStatusBar.addStatusBarWindow(PhoneStatusBar.java:3432)
05-02 06:08:00.588 W/StatusBar( 3182): 	at com.android.systemui.statusbar.phone.PhoneStatusBar.createAndAddWindows(PhoneStatusBar.java:3428)
05-02 06:08:00.588 W/StatusBar( 3182): 	at com.android.systemui.statusbar.BaseStatusBar.start(BaseStatusBar.java:765)
05-02 06:08:00.588 W/StatusBar( 3182): 	at com.android.systemui.statusbar.phone.PhoneStatusBar.start(PhoneStatusBar.java:686)
05-02 06:08:00.588 W/StatusBar( 3182): 	at com.android.systemui.statusbar.SystemBars.createStatusBarFromConfig(SystemBars.java:106)
05-02 06:08:00.588 W/StatusBar( 3182): 	at com.android.systemui.statusbar.SystemBars.onNoService(SystemBars.java:58)
05-02 06:08:00.588 W/StatusBar( 3182): 	at com.android.systemui.statusbar.ServiceMonitor.startService(ServiceMonitor.java:230)
05-02 06:08:00.588 W/StatusBar( 3182): 	at com.android.systemui.statusbar.ServiceMonitor.-wrap5(ServiceMonitor.java)
05-02 06:08:00.588 W/StatusBar( 3182): 	at com.android.systemui.statusbar.ServiceMonitor$1.handleMessage(ServiceMonitor.java:73)
05-02 06:08:00.588 W/StatusBar( 3182): 	at android.os.Handler.dispatchMessage(Handler.java:102)
05-02 06:08:00.588 W/StatusBar( 3182): 	at android.os.Looper.loop(Looper.java:154)
05-02 06:08:00.588 W/StatusBar( 3182): 	at android.app.ActivityThread.main(ActivityThread.java:6119)
05-02 06:08:00.588 W/StatusBar( 3182): 	at java.lang.reflect.Method.invoke(Native Method)
05-02 06:08:00.588 W/StatusBar( 3182): 	at com.android.internal.os.ZygoteInit$MethodAndArgsCaller.run(ZygoteInit.java:886)
05-02 06:08:00.588 W/StatusBar( 3182): 	at com.android.internal.os.ZygoteInit.main(ZygoteInit.java:776)
05-02 06:08:00.851 D/PhoneSwitcherNetworkRequstListener( 3414): Registering NetworkFactory
05-02 06:08:00.854 D/ConnectivityService( 2968): Got NetworkFactory Messenger for PhoneSwitcherNetworkRequstListener
05-02 06:08:01.738 D/ConnectivityService( 2968): Got NetworkFactory Messenger for TelephonyNetworkFactory[0]
05-02 06:08:01.743 W/art     ( 2968): Long monitor contention with owner Binder:2968_2 (2984) at java.lang.String com.android.server.am.ActivityManagerService.checkContentProviderAccess(java.lang.String, int)(ActivityManagerService.java:10435) waiters=0 in android.content.ComponentName com.android.server.am.ActivityManagerService.startService(android.app.IApplicationThread, android.content.Intent, java.lang.String, java.lang.String, int) for 616ms
05-02 06:08:02.002 W/VibratorService( 2968): Tried to stop vibrating but there is no vibrator device.
05-02 06:08:02.317 D/ZenLog  ( 2968): set_zen_mode: off,conditionChanged
05-02 06:08:02.675 D/CarrierConfigLoader( 3414): CarrierConfigLoader has started
05-02 06:08:02.720 E/BluetoothAdapter( 3414): Bluetooth binder is null
05-02 06:08:03.094 W/ActivityManager( 2968): Slow operation: 381ms so far, now at startProcess: returned from zygote!
05-02 06:08:03.094 W/ActivityManager( 2968): Slow operation: 382ms so far, now at startProcess: done updating battery stats
05-02 06:08:03.095 W/ActivityManager( 2968): Slow operation: 383ms so far, now at startProcess: building log message
05-02 06:08:03.095 I/ActivityManager( 2968): Start proc 3535:com.android.cellbroadcastreceiver/u0a4 for broadcast com.android.cellbroadcastreceiver/.CellBroadcastReceiver
05-02 06:08:03.095 W/ActivityManager( 2968): Slow operation: 383ms so far, now at startProcess: starting to update pids map
05-02 06:08:03.095 W/ActivityManager( 2968): Slow operation: 383ms so far, now at startProcess: done updating pids map
05-02 06:08:03.095 W/ActivityManager( 2968): Slow operation: 385ms so far, now at startProcess: done starting proc!
05-02 06:08:03.101 W/art     ( 2968): Long monitor contention with owner main (2968) at void com.android.server.am.BroadcastQueue.processNextBroadcast(boolean)(BroadcastQueue.java:760) waiters=2 in android.content.Intent com.android.server.am.ActivityManagerService.registerReceiver(android.app.IApplicationThread, java.lang.String, android.content.IIntentReceiver, android.content.IntentFilter, java.lang.String, int) for 186ms
05-02 06:08:03.107 W/WindowManager( 2968): Keyguard drawn timeout. Setting mKeyguardDrawComplete
05-02 06:08:03.134 V/EmulatedCamera_Camera( 1327): getCameraInfo
05-02 06:08:03.134 V/EmulatedCamera_BaseCamera( 1327): getCameraInfo
05-02 06:08:03.136 V/EmulatedCamera_Camera( 1327): getCameraInfo
05-02 06:08:03.136 V/EmulatedCamera_BaseCamera( 1327): getCameraInfo
05-02 06:08:03.388 I/Telephony( 3414): TtyManager: updateUiTtyMode -1 -> 0
05-02 06:08:03.914 W/art     ( 3535): Unexpected CPU variant for X86 using defaults: x86_64
05-02 06:08:04.130 W/WindowManager( 2968): Timeout waiting for drawn: undrawn=[Window{7a33476 u0 KeyguardScrim}]
05-02 06:08:04.333 D/AlarmManagerService( 2968): Kernel timezone updated to 0 minutes west of GMT
05-02 06:08:04.404 D/AlarmManagerService( 2968): Setting time of day to sec=1619935684
05-02 06:08:04.478 W/AlarmManagerService( 2968): Unable to set rtc to 1619935684: No such device
05-02 06:08:04.506 D/ConditionProviders.SCP( 2968): onReceive android.intent.action.TIME_SET
05-02 06:08:04.575 D/ConditionProviders.SCP( 2968): notifyCondition condition://android/schedule?days=6.7&start=23.30&end=10.0&exitAtAlarm=false STATE_TRUE reason=meetsSchedule
05-02 06:08:04.575 D/ConditionProviders.SCP( 2968): notifyCondition condition://android/schedule?days=1.2.3.4.5&start=22.0&end=7.0&exitAtAlarm=false STATE_FALSE reason=!meetsSchedule
05-02 06:08:04.639 D/ConditionProviders.SCP( 2968): Scheduling evaluate for Sun May 02 07:00:00 UTC 2021 (1619938800000), in +51m55s494ms, now=Sun May 02 06:08:04 UTC 2021 (1619935684506)
05-02 06:08:04.690 I/Choreographer( 2968): Skipped 77 frames!  The application may be doing too much work on its main thread.
05-02 06:08:05.148 W/WindowManager( 2968): Window freeze timeout expired.
05-02 06:08:06.783 D/PhoneSwitcherNetworkRequstListener( 3414): got request NetworkRequest [ REQUEST id=1, [ Capabilities: INTERNET&NOT_RESTRICTED&TRUSTED&NOT_VPN] ] with score 0
05-02 06:08:06.824 I/StatusBar( 3182): isKeyguardShowing() called before startKeyguard(), returning true
05-02 06:08:06.826 W/StatusBar( 3182): isKeyguardSecure() called before startKeyguard(), returning false
05-02 06:08:06.826 W/StatusBar( 3182): java.lang.Throwable
05-02 06:08:06.826 W/StatusBar( 3182): 	at com.android.systemui.statusbar.BaseStatusBar.isKeyguardSecure(BaseStatusBar.java:2647)
05-02 06:08:06.826 W/StatusBar( 3182): 	at com.android.systemui.statusbar.BaseStatusBar.isCameraAllowedByAdmin(BaseStatusBar.java:2670)
05-02 06:08:06.826 W/StatusBar( 3182): 	at com.android.systemui.statusbar.phone.KeyguardBottomAreaView.updateCameraVisibility(KeyguardBottomAreaView.java:309)
05-02 06:08:06.826 W/StatusBar( 3182): 	at com.android.systemui.statusbar.phone.KeyguardBottomAreaView.setUserSetupComplete(KeyguardBottomAreaView.java:281)
05-02 06:08:06.826 W/StatusBar( 3182): 	at com.android.systemui.statusbar.phone.PhoneStatusBar$1.onChange(PhoneStatusBar.java:441)
05-02 06:08:06.826 W/StatusBar( 3182): 	at com.android.systemui.statusbar.phone.PhoneStatusBar.resetUserSetupObserver(PhoneStatusBar.java:3676)
05-02 06:08:06.826 W/StatusBar( 3182): 	at com.android.systemui.statusbar.phone.PhoneStatusBar.makeStatusBarView(PhoneStatusBar.java:1008)
05-02 06:08:06.826 W/StatusBar( 3182): 	at com.android.systemui.statusbar.phone.PhoneStatusBar.addStatusBarWindow(PhoneStatusBar.java:3432)
05-02 06:08:06.826 W/StatusBar( 3182): 	at com.android.systemui.statusbar.phone.PhoneStatusBar.createAndAddWindows(PhoneStatusBar.java:3428)
05-02 06:08:06.826 W/StatusBar( 3182): 	at com.android.systemui.statusbar.BaseStatusBar.start(BaseStatusBar.java:765)
05-02 06:08:06.826 W/StatusBar( 3182): 	at com.android.systemui.statusbar.phone.PhoneStatusBar.start(PhoneStatusBar.java:686)
05-02 06:08:06.826 W/StatusBar( 3182): 	at com.android.systemui.statusbar.SystemBars.createStatusBarFromConfig(SystemBars.java:106)
05-02 06:08:06.826 W/StatusBar( 3182): 	at com.android.systemui.statusbar.SystemBars.onNoService(SystemBars.java:58)
05-02 06:08:06.826 W/StatusBar( 3182): 	at com.android.systemui.statusbar.ServiceMonitor.startService(ServiceMonitor.java:230)
05-02 06:08:06.826 W/StatusBar( 3182): 	at com.android.systemui.statusbar.ServiceMonitor.-wrap5(ServiceMonitor.java)
05-02 06:08:06.826 W/StatusBar( 3182): 	at com.android.systemui.statusbar.ServiceMonitor$1.handleMessage(ServiceMonitor.java:73)
05-02 06:08:06.826 W/StatusBar( 3182): 	at android.os.Handler.dispatchMessage(Handler.java:102)
05-02 06:08:06.826 W/StatusBar( 3182): 	at android.os.Looper.loop(Looper.java:154)
05-02 06:08:06.826 W/StatusBar( 3182): 	at android.app.ActivityThread.main(ActivityThread.java:6119)
05-02 06:08:06.826 W/StatusBar( 3182): 	at java.lang.reflect.Method.invoke(Native Method)
05-02 06:08:06.826 W/StatusBar( 3182): 	at com.android.internal.os.ZygoteInit$MethodAndArgsCaller.run(ZygoteInit.java:886)
05-02 06:08:06.826 W/StatusBar( 3182): 	at com.android.internal.os.ZygoteInit.main(ZygoteInit.java:776)
05-02 06:08:06.842 D/TelephonyDebugService( 3414): TelephonyDebugService()
05-02 06:08:06.855 D/CarrierConfigLoader( 3414): mHandler: 12 phoneId: 0
05-02 06:08:07.110 E/SurfaceFlinger( 1321): ro.sf.lcd_density must be defined as a build property
05-02 06:08:07.116 D/OpenGLRenderer( 3182): profile bars disabled
05-02 06:08:07.263 D/OpenGLRenderer( 3182): ambientRatio = 1.50
05-02 06:08:07.385 D/PhoneStatusBar( 3182): disable: < EXPAND* icons alerts system_info BACK* HOME* RECENT* clock SEARCH* quick_settings >
05-02 06:08:08.744 D/PhoneStatusBar( 3182): heads up is enabled
05-02 06:08:09.117 E/ActivityThread( 2968): Failed to find provider info for com.android.calendar
05-02 06:08:09.332 I/Choreographer( 3182): Skipped 931 frames!  The application may be doing too much work on its main thread.
05-02 06:08:09.426 D/ViewRootImpl[StatusBar]( 3182): changeCanvasOpacity: opaque=true
05-02 06:08:10.498 E/ActivityThread( 2968): Failed to find provider info for com.android.calendar
05-02 06:08:12.285 W/art     ( 2968): Long monitor contention with owner Binder:2968_3 (3149) at int com.android.server.wm.WindowManagerService.relayoutWindow(com.android.server.wm.Session, android.view.IWindow, int, android.view.WindowManager$LayoutParams, int, int, int, int, android.graphics.Rect, android.graphics.Rect, android.graphics.Rect, android.graphics.Rect, android.graphics.Rect, android.graphics.Rect, android.graphics.Rect, android.content.res.Configuration, android.view.Surface)(WindowManagerService.java:2857) waiters=0 in void com.android.server.wm.WindowManagerService$H.handleMessage(android.os.Message) for 375ms
05-02 06:08:12.518 W/BroadcastQueue( 2968): Timeout of broadcast BroadcastRecord{d1a3d08 u-1 android.intent.action.TIME_TICK} - receiver=android.os.BinderProxy@4c819f6, started 10020ms ago
05-02 06:08:12.519 W/BroadcastQueue( 2968): Receiver during timeout: BroadcastFilter{338b864 u0 ReceiverList{b6031f7 3182 com.android.systemui/10021/u0 remote:4c819f6}}
05-02 06:08:14.471 I/art     ( 3182): Background partial concurrent mark sweep GC freed 17407(1745KB) AllocSpace objects, 3(60KB) LOS objects, 32% free, 8MB/12MB, paused 2.462ms total 3.999s
05-02 06:08:14.492 W/art     ( 2968): Suspending all threads took: 906.807ms
05-02 06:08:14.593 W/WindowManager( 2968): Window freeze timeout expired.
05-02 06:08:14.593 W/WindowManager( 2968): Force clearing orientation change: Window{2a850a7 u0 NavigationBar}
05-02 06:08:14.593 W/WindowManager( 2968): Force clearing orientation change: Window{797ef24 u0 StatusBar}
05-02 06:08:14.651 I/Process ( 2968): Sending signal. PID: 3182 SIG: 3
05-02 06:08:14.652 I/art     ( 3182): Thread[3,tid=3191,WaitingInMainSignalCatcherLoop,Thread*=0x7fe239896400,peer=0x12c005e0,"Signal Catcher"]: reacting to signal 3
05-02 06:08:14.653 I/art     ( 3182): 
05-02 06:08:15.011 I/art     ( 2968): Background sticky concurrent mark sweep GC freed 20375(1893KB) AllocSpace objects, 11(1768KB) LOS objects, 24% free, 10MB/13MB, paused 909.210ms total 8.460s
05-02 06:08:15.222 W/GnssLocationProvider( 2968): Could not open GPS configuration file /etc/gps.conf
05-02 06:08:15.222 E/GnssLocationProvider( 2968): no AGPS interface in set_agps_server
05-02 06:08:15.291 I/GnssLocationProvider( 2968): WakeLock released by handleMessage(13, 0, null)
05-02 06:08:15.293 E/GnssLocationProvider( 2968): no AGPS interface in set_agps_server
05-02 06:08:15.458 I/GnssLocationProvider( 2968): WakeLock released by handleMessage(2, 1, null)
05-02 06:08:15.598 E/ActivityThread( 3414): Failed to find provider info for com.android.contacts
05-02 06:08:15.599 W/CallerInfoCache( 3414): cursor is null
05-02 06:08:15.893 I/SyncManager( 2968): Got SyncJobService instance.
05-02 06:08:16.096 W/art     ( 3414): Long monitor contention with owner AsyncTask #2 (3557) at void android.os.MessageQueue.nativeWake(long)(MessageQueue.java:-2) waiters=0 in android.os.Message android.os.MessageQueue.next() for 490ms
05-02 06:08:16.196 I/FusedLocation( 2968): engine started (com.android.location.fused)
05-02 06:08:16.486 E/ActivityManager( 2968): ANR in com.android.systemui
05-02 06:08:16.486 E/ActivityManager( 2968): PID: 3182
05-02 06:08:16.486 E/ActivityManager( 2968): Reason: Broadcast of Intent { act=android.intent.action.TIME_TICK flg=0x50000014 (has extras) }
05-02 06:08:16.486 E/ActivityManager( 2968): Load: 0.0 / 0.0 / 0.0
05-02 06:08:16.486 E/ActivityManager( 2968): CPU usage from 14567ms to 0ms ago (2021-05-02 06:07:58.125 to 2021-05-02 06:08:12.678):
05-02 06:08:16.486 E/ActivityManager( 2968):   100% 1321/surfaceflinger: 28% user + 72% kernel / faults: 12 minor
05-02 06:08:16.486 E/ActivityManager( 2968):   25% 2069/bootanimation: 3.5% user + 21% kernel
05-02 06:08:16.486 E/ActivityManager( 2968):   23% 2968/system_server: 1.5% user + 22% kernel / faults: 5671 minor 12 major
05-02 06:08:16.486 E/ActivityManager( 2968):   13% 3427/com.android.settings: 2.5% user + 11% kernel / faults: 142 minor 2 major
05-02 06:08:16.486 E/ActivityManager( 2968):   10% 3182/com.android.systemui: 0% user + 10% kernel / faults: 1675 minor 2 major
05-02 06:08:16.486 E/ActivityManager( 2968):   4.4% 3414/com.android.phone: 0.6% user + 3.7% kernel / faults: 1003 minor 15 major
05-02 06:08:16.486 E/ActivityManager( 2968):   1.9% 2502/adbd: 0.2% user + 1.6% kernel / faults: 796 minor
05-02 06:08:16.486 E/ActivityManager( 2968):   0.8% 1320/servicemanager: 0% user + 0.8% kernel
05-02 06:08:16.486 E/ActivityManager( 2968):   0.6% 1326/audioserver: 0% user + 0.6% kernel
05-02 06:08:16.486 E/ActivityManager( 2968):   0.5% 1334/mediaserver: 0.2% user + 0.2% kernel / faults: 30 minor
05-02 06:08:16.486 E/ActivityManager( 2968):   0.4% 8/rcu_preempt: 0% user + 0.4% kernel
05-02 06:08:16.486 E/ActivityManager( 2968):   0.4% 1267/logd: 0% user + 0.4% kernel / faults: 16 minor
05-02 06:08:16.486 E/ActivityManager( 2968):   0.3% 3/ksoftirqd/0: 0% user + 0.3% kernel
05-02 06:08:16.486 E/ActivityManager( 2968):   0.3% 1324/zygote64: 0% user + 0.3% kernel / faults: 160 minor
05-02 06:08:16.486 E/ActivityManager( 2968):   0.2% 1255/kworker/0:1H: 0% user + 0.2% kernel
05-02 06:08:16.486 E/ActivityManager( 2968):   0.2% 1327/cameraserver: 0% user + 0.2% kernel / faults: 29 minor
05-02 06:08:16.486 E/ActivityManager( 2968):   0.2% 1333/media.extractor: 0% user + 0.2% kernel / faults: 9 minor
05-02 06:08:16.486 E/ActivityManager( 2968):   0.2% 1672/logcat: 0% user + 0.2% kernel / faults: 3 minor
05-02 06:08:16.486 E/ActivityManager( 2968):   0.1% 3169/com.android.inputmethod.latin: 0% user + 0.1% kernel / faults: 7 minor
05-02 06:08:16.486 E/ActivityManager( 2968):   0% 4/kworker/0:0: 0% user + 0% kernel
05-02 06:08:16.486 E/ActivityManager( 2968):   0% 1316/healthd: 0% user + 0% kernel
05-02 06:08:16.486 E/ActivityManager( 2968):   0% 1335/netd: 0% user + 0% kernel / faults: 4 minor
05-02 06:08:16.486 E/ActivityManager( 2968):   0% 1336/rild: 0% user + 0% kernel / faults: 1 minor
05-02 06:08:16.486 E/ActivityManager( 2968):   0% 2644/hostapd: 0% user + 0% kernel
05-02 06:08:16.486 E/ActivityManager( 2968):  +0% 3535/com.android.cellbroadcastreceiver: 0% user + 0% kernel
05-02 06:08:16.486 E/ActivityManager( 2968): 100% TOTAL: 22% user + 77% kernel + 0.6% softirq
05-02 06:08:16.486 E/ActivityManager( 2968): CPU usage from 208691ms to 208691ms ago (1970-01-01 00:00:00.000 to 1970-01-01 00:00:00.000) with 0% awake:
05-02 06:08:16.486 E/ActivityManager( 2968): 0% TOTAL: 0% user + 0% kernel
05-02 06:08:16.510 I/ActivityManager( 2968): Killing 3182:com.android.systemui/u0a21 (adj -800): bg anr
05-02 06:08:16.581 W/System  ( 3535): ClassLoader referenced unknown path: /system/priv-app/CellBroadcastReceiver/lib/x86_64
05-02 06:08:19.657 W/ActivityManager( 2968): Timeout executing service: ServiceRecord{29f2e96 u0 com.android.systemui/.keyguard.KeyguardService}
05-02 06:08:19.800 I/ActivityManager( 2968): Skipping duplicate ANR: ProcessRecord{b5f7c4d 3182:com.android.systemui/u0a21} executing service com.android.systemui/.keyguard.KeyguardService
05-02 06:08:20.668 W/art     ( 2968): Long monitor contention with owner Binder:2968_5 (3270) at void com.android.server.am.BroadcastQueue.processNextBroadcast(boolean)(BroadcastQueue.java:760) waiters=0 in void com.android.server.am.ActivityManagerService.dispatchProcessesChanged() for 134ms
05-02 06:08:20.718 I/WindowManager( 2968): WIN DEATH: Window{797ef24 u0 StatusBar}
05-02 06:08:20.825 W/AudioService( 2968): Current remote volume controller died, unregistering
05-02 06:08:20.838 W/VolumeController( 2968): Error calling dismiss
05-02 06:08:20.838 W/VolumeController( 2968): android.os.DeadObjectException
05-02 06:08:20.838 W/VolumeController( 2968): 	at android.os.BinderProxy.transactNative(Native Method)
05-02 06:08:20.838 W/VolumeController( 2968): 	at android.os.BinderProxy.transact(Binder.java:615)
05-02 06:08:20.838 W/VolumeController( 2968): 	at android.media.IVolumeController$Stub$Proxy.dismiss(IVolumeController.java:162)
05-02 06:08:20.838 W/VolumeController( 2968): 	at com.android.server.audio.AudioService$VolumeController.postDismiss(AudioService.java:6138)
05-02 06:08:20.838 W/VolumeController( 2968): 	at com.android.server.audio.AudioService.setVolumeController(AudioService.java:5986)
05-02 06:08:20.838 W/VolumeController( 2968): 	at com.android.server.audio.AudioService$4.binderDied(AudioService.java:5995)
05-02 06:08:20.838 W/VolumeController( 2968): 	at android.os.BinderProxy.sendDeathNotice(Binder.java:688)
05-02 06:08:20.845 I/ActivityManager( 2968): Process com.android.systemui (pid 3182) has died
05-02 06:08:20.846 D/ActivityManager( 2968): cleanUpApplicationRecord -- 3182
05-02 06:08:20.860 W/WallpaperManagerService( 2968): Wallpaper service gone: ComponentInfo{com.android.systemui/com.android.systemui.ImageWallpaper}
05-02 06:08:20.862 D/ConnectivityService( 2968): ConnectivityService NetworkRequestInfo binderDied(NetworkRequest [ LISTEN id=4, [] ], android.os.BinderProxy@9cddd4e)
05-02 06:08:20.863 W/ActivityManager( 2968): Scheduling restart of crashed service com.android.systemui/.ImageWallpaper in 0ms
05-02 06:08:20.863 W/ActivityManager( 2968): Scheduling restart of crashed service com.android.systemui/.keyguard.KeyguardService in 0ms
05-02 06:08:20.864 W/ActivityManager( 2968): Scheduling restart of crashed service com.android.systemui/.SystemUIService in 0ms
05-02 06:08:20.918 W/art     ( 2968): Long monitor contention with owner BackgroundDexOptService_PostBootUpdate (3586) at void com.android.server.power.PowerManagerService.acquireWakeLockInternal(android.os.IBinder, int, java.lang.String, java.lang.String, android.os.WorkSource, java.lang.String, int, int)(PowerManagerService.java:862) waiters=0 in void com.android.server.power.PowerManagerService.setScreenBrightnessOverrideFromWindowManagerInternal(int) for 104ms
05-02 06:08:20.925 I/WindowManager( 2968): WIN DEATH: Window{e4329c1 u0 AssistPreviewPanel}
05-02 06:08:20.943 I/WindowManager( 2968): WIN DEATH: Window{2a850a7 u0 NavigationBar}
05-02 06:08:20.994 W/art     ( 2968): Long monitor contention with owner Binder:2968_2 (2984) at void com.android.server.wm.WindowState$DeathRecipient.binderDied()(WindowState.java:1806) waiters=3 in void com.android.server.wm.WindowState$DeathRecipient.binderDied() for 210ms
05-02 06:08:20.995 I/WindowManager( 2968): WIN DEATH: Window{fefef95 u0 com.android.systemui.ImageWallpaper}
05-02 06:08:21.062 W/art     ( 2968): Long monitor contention with owner Binder:2968_2 (2984) at void com.android.server.wm.WindowState$DeathRecipient.binderDied()(WindowState.java:1806) waiters=4 in void com.android.server.wm.Session.binderDied() for 274ms
05-02 06:08:21.063 W/art     ( 2968): Long monitor contention with owner Binder:2968_2 (2984) at void com.android.server.wm.WindowState$DeathRecipient.binderDied()(WindowState.java:1806) waiters=5 in void com.android.server.wm.WindowState$DeathRecipient.binderDied() for 273ms
05-02 06:08:21.064 I/WindowManager( 2968): WIN DEATH: Window{670ec8d u0 DockedStackDivider}
05-02 06:08:21.152 W/art     ( 2968): Long monitor contention with owner Binder:2968_2 (2984) at void com.android.server.wm.WindowState$DeathRecipient.binderDied()(WindowState.java:1806) waiters=6 in void com.android.server.wm.WindowManagerService$H.handleMessage(android.os.Message) for 332ms
05-02 06:08:21.154 E/ConnectivityService( 2968): RemoteException caught trying to send a callback msg for NetworkRequest [ LISTEN id=4, [] ]
05-02 06:08:21.181 W/ActivityManager( 2968): Re-adding persistent process ProcessRecord{b5f7c4d 3182:com.android.systemui/u0a21}
05-02 06:08:21.345 W/ActivityManager( 2968): Slow operation: 164ms so far, now at startProcess: returned from zygote!
05-02 06:08:21.346 W/ActivityManager( 2968): Slow operation: 165ms so far, now at startProcess: done updating battery stats
05-02 06:08:21.384 W/ActivityManager( 2968): Slow operation: 166ms so far, now at startProcess: building log message
05-02 06:08:21.384 I/ActivityManager( 2968): Start proc 3608:com.android.systemui/u0a21 for restart com.android.systemui
05-02 06:08:21.384 W/ActivityManager( 2968): Slow operation: 204ms so far, now at startProcess: starting to update pids map
05-02 06:08:21.385 W/ActivityManager( 2968): Slow operation: 204ms so far, now at startProcess: done updating pids map
05-02 06:08:21.427 W/art     ( 2968): Long monitor contention with owner Binder:2968_9 (3604) at void com.android.server.am.ActivityManagerService$AppDeathRecipient.binderDied()(ActivityManagerService.java:1475) waiters=0 in void com.android.server.am.ActiveServices$ServiceRestarter.run() for 564ms
05-02 06:08:21.447 W/art     ( 2968): Long monitor contention with owner Binder:2968_9 (3604) at void com.android.server.am.ActivityManagerService$AppDeathRecipient.binderDied()(ActivityManagerService.java:1475) waiters=3 in android.content.Intent com.android.server.am.ActivityManagerService.registerReceiver(android.app.IApplicationThread, java.lang.String, android.content.IIntentReceiver, android.content.IntentFilter, java.lang.String, int) for 278ms
05-02 06:08:21.450 W/art     ( 2968): Long monitor contention with owner Binder:2968_9 (3604) at void com.android.server.am.ActivityManagerService$AppDeathRecipient.binderDied()(ActivityManagerService.java:1475) waiters=1 in void com.android.server.am.ActivityManagerService.finishReceiver(android.os.IBinder, int, java.lang.String, android.os.Bundle, boolean, int) for 487ms
05-02 06:08:21.501 W/art     ( 3608): Unexpected CPU variant for X86 using defaults: x86_64
05-02 06:08:21.714 W/ActivityManager( 2968): Slow operation: 255ms so far, now at startProcess: returned from zygote!
05-02 06:08:21.714 W/ActivityManager( 2968): Slow operation: 256ms so far, now at startProcess: done updating battery stats
05-02 06:08:21.715 W/ActivityManager( 2968): Slow operation: 256ms so far, now at startProcess: building log message
05-02 06:08:21.715 I/ActivityManager( 2968): Start proc 3621:com.android.deskclock/u0a31 for broadcast com.android.deskclock/.AlarmInitReceiver
05-02 06:08:21.715 W/ActivityManager( 2968): Slow operation: 256ms so far, now at startProcess: starting to update pids map
05-02 06:08:21.715 W/ActivityManager( 2968): Slow operation: 256ms so far, now at startProcess: done updating pids map
05-02 06:08:21.715 W/ActivityManager( 2968): Slow operation: 257ms so far, now at startProcess: done starting proc!
05-02 06:08:21.738 W/art     ( 2968): Long monitor contention with owner Binder:2968_7 (3602) at void com.android.server.am.BroadcastQueue.processNextBroadcast(boolean)(BroadcastQueue.java:760) waiters=0 in void com.android.server.am.ActiveServices$ServiceRestarter.run() for 282ms
05-02 06:08:21.786 W/art     ( 3621): Unexpected CPU variant for X86 using defaults: x86_64
05-02 06:08:21.812 W/libprocessgroup( 2968): failed to open /acct/uid_10021/pid_3182/cgroup.procs: No such file or directory
05-02 06:08:22.774 W/System  ( 3608): ClassLoader referenced unknown path: /system/priv-app/SystemUI/lib/x86_64
05-02 06:08:23.432 V/SystemUIService( 3608): Starting SystemUI services for user 0.
05-02 06:08:23.889 V/MediaRouter( 3608): Adding route: RouteInfo{ name=Phone, description=null, status=null, category=RouteCategory{ name=null types=ROUTE_TYPE_LIVE_AUDIO ROUTE_TYPE_LIVE_VIDEO  groupable=false }, supportedTypes=ROUTE_TYPE_LIVE_AUDIO ROUTE_TYPE_LIVE_VIDEO , presentationDisplay=null }
05-02 06:08:24.060 V/MediaRouter( 3608): Updating audio routes: AudioRoutesInfo{ type=SPEAKER }
05-02 06:08:24.071 V/MediaRouter( 3608): Selecting route: RouteInfo{ name=Phone, description=null, status=null, category=RouteCategory{ name=null types=ROUTE_TYPE_LIVE_AUDIO ROUTE_TYPE_LIVE_VIDEO  groupable=false }, supportedTypes=ROUTE_TYPE_LIVE_AUDIO ROUTE_TYPE_LIVE_VIDEO , presentationDisplay=null }
05-02 06:08:24.555 D/TrustManagerService( 2968): Removing dead TrustListener.
05-02 06:08:25.368 E/WVMExtractor( 3608): Failed to open libwvm.so: dlopen failed: library "libwvm.so" not found
05-02 06:08:25.700 W/System  ( 3621): ClassLoader referenced unknown path: /system/app/DeskClock/lib/x86_64
05-02 06:08:26.069 I/MediaPlayerService( 1334): MediaPlayerService::getOMX
05-02 06:08:26.076 I/OMXClient( 3608): MuxOMX ctor
05-02 06:08:26.144 I/OMXMaster( 1331): makeComponentInstance(OMX.google.vorbis.decoder) in mediacodec process
05-02 06:08:28.493 I/MediaPlayerService( 1334): MediaPlayerService::getOMX
05-02 06:08:28.495 I/OMXClient( 3608): MuxOMX ctor
05-02 06:08:28.548 I/OMXMaster( 1331): makeComponentInstance(OMX.google.vorbis.decoder) in mediacodec process
05-02 06:08:28.989 I/vol.Events( 3608): writeEvent collection_started
05-02 06:08:29.140 I/vol.Events( 3608): writeEvent external_ringer_mode_changed normal
05-02 06:08:29.141 I/vol.Events( 3608): writeEvent internal_ringer_mode_changed normal
05-02 06:08:29.578 W/art     ( 3621): Suspending all threads took: 1.832s
05-02 06:08:29.615 W/WindowManager( 2968): ***** BOOT TIMEOUT: forcing display enabled
05-02 06:08:29.652 I/SurfaceFlinger( 1321): Boot is finished (205587 ms)
05-02 06:08:29.756 I/SystemServiceManager( 2968): Starting phase 1000
05-02 06:08:30.115 W/art     ( 3660): Unexpected CPU variant for X86 using defaults: x86_64
05-02 06:08:30.218 W/ActivityManager( 2968): Slow operation: 436ms so far, now at startProcess: returned from zygote!
05-02 06:08:30.229 W/ActivityManager( 2968): Slow operation: 436ms so far, now at startProcess: done updating battery stats
05-02 06:08:30.229 W/ActivityManager( 2968): Slow operation: 447ms so far, now at startProcess: building log message
05-02 06:08:30.229 I/ActivityManager( 2968): Start proc 3660:android.ext.services/u0a12 for on-hold
05-02 06:08:30.229 W/ActivityManager( 2968): Slow operation: 448ms so far, now at startProcess: starting to update pids map
05-02 06:08:30.238 W/ActivityManager( 2968): Slow operation: 456ms so far, now at startProcess: done updating pids map
05-02 06:08:30.255 D/ActivityManager( 2968): Finishing user boot 0
05-02 06:08:30.312 D/CryptdConnector( 2968): SND -> {3 cryptfs prepare_user_storage ! 0 0 2}
05-02 06:08:30.329 D/vold    ( 1270): e4crypt_prepare_user_storage for volume null, user 0, serial 0, flags 2
05-02 06:08:30.449 D/vold    ( 1270): Preparing: /data/system_ce/0
05-02 06:08:30.449 D/vold    ( 1270): Preparing: /data/misc_ce/0
05-02 06:08:30.449 D/vold    ( 1270): Preparing: /data/media/0
05-02 06:08:30.450 D/vold    ( 1270): Preparing: /data/data
05-02 06:08:30.451 D/CryptdConnector( 2968): RCV <- {200 3 Command succeeded}
05-02 06:08:30.455 V/UserManagerService( 2968): Found /data/user/0 with serial number 0
05-02 06:08:30.456 V/UserManagerService( 2968): Found /data/system_ce/0 with serial number 0
05-02 06:08:30.468 V/PackageManager( 2968): reconcileAppsData for null u0 0x2
05-02 06:08:30.601 I/MediaPlayerService( 1334): MediaPlayerService::getOMX
05-02 06:08:30.650 I/OMXClient( 3608): MuxOMX ctor
05-02 06:08:30.703 I/OMXMaster( 1331): makeComponentInstance(OMX.google.vorbis.decoder) in mediacodec process
05-02 06:08:33.316 E/NetdConnector( 2968): NDC Command {18 firewall disable_chain standby} took too long (2327ms)
05-02 06:08:34.779 V/PackageManager( 2968): reconcileAppsData finished 81 packages
05-02 06:08:34.791 W/art     ( 2968): Long monitor contention with owner android.display (3009) at void com.android.server.am.ActivityManagerService.finishBooting()(ActivityManagerService.java:6823) waiters=0 in void com.android.server.am.BroadcastQueue.processNextBroadcast(boolean) for 4.506s
05-02 06:08:34.793 W/art     ( 2968): Long monitor contention with owner android.display (3009) at void com.android.server.am.ActivityManagerService.finishBooting()(ActivityManagerService.java:6823) waiters=1 in void com.android.server.am.ActivityManagerService.attachApplication(android.app.IApplicationThread) for 3.995s
05-02 06:08:34.809 D/MountService( 2968): onUnlockUser 0
05-02 06:08:34.953 D/VoldConnector( 2968): SND -> {8 volume user_started 0}
05-02 06:08:34.999 D/vold    ( 1270): Linking /storage/emulated/0 to /mnt/user/0/primary
05-02 06:08:35.013 D/VoldConnector( 2968): RCV <- {200 8 Command succeeded}
05-02 06:08:35.025 D/MountService( 2968): Volume public:253,48 broadcasting mounted to UserHandle{0}
05-02 06:08:35.079 D/MountService( 2968): Volume emulated broadcasting mounted to UserHandle{0}
05-02 06:08:35.450 V/BackupManagerService( 2968): No ancestral data
05-02 06:08:35.524 I/BackupManagerService( 2968): Package jp.jaxa.iss.kibo.rpc.sampleapk not installed; dropping from full backup
05-02 06:08:35.564 W/System  ( 3660): ClassLoader referenced unknown path: /system/priv-app/ExtServices/lib/x86_64
05-02 06:08:35.573 V/BackupManagerService( 2968): Starting with transport android/com.android.internal.backup.LocalTransport
05-02 06:08:35.573 V/BackupManagerService( 2968): Found transports: 1
05-02 06:08:35.574 W/BackupManagerService( 2968): Proposed transport ComponentInfo{android/com.android.internal.backup.LocalTransportService} not whitelisted; ignoring
05-02 06:08:35.698 I/BackupManagerService( 2968): Backup enabled => false
05-02 06:08:36.399 W/VoiceInteractionManagerService( 2968): no available voice interaction services found for user 0
05-02 06:08:36.399 W/VoiceInteractionManagerService( 2968): no available voice recognition services found for user 0
05-02 06:08:36.423 I/ActivityManager( 2968): Loading recents for user 0 into memory.
05-02 06:08:36.480 I/vol.Events( 3608): writeEvent level_changed STREAM_ALARM 6
05-02 06:08:36.492 I/vol.Events( 3608): writeEvent level_changed STREAM_BLUETOOTH_SCO 7
05-02 06:08:36.515 I/vol.Events( 3608): writeEvent level_changed STREAM_MUSIC 11
05-02 06:08:36.527 D/ActivityManager( 2968): Sending BOOT_COMPLETE user #0
05-02 06:08:36.588 I/vol.Events( 3608): writeEvent level_changed STREAM_RING 5
05-02 06:08:36.593 I/vol.Events( 3608): writeEvent level_changed STREAM_SYSTEM 5
05-02 06:08:36.630 I/vol.Events( 3608): writeEvent level_changed STREAM_VOICE_CALL 4
05-02 06:08:36.759 D/CarrierSvcBindHelper( 3414): Received android.intent.action.USER_UNLOCKED
05-02 06:08:36.762 E/PhoneInterfaceManager( 3414): [PhoneIntfMgr] getCarrierPackageNamesForIntent: No UICC
05-02 06:08:36.762 D/CarrierSvcBindHelper( 3414): No carrier app for: 0
05-02 06:08:36.859 D/FallbackHome( 3427): User unlocked and real home found; let's go!
05-02 06:08:37.016 I/ActivityManager( 2968): START u0 {act=android.intent.action.MAIN cat=[android.intent.category.HOME] flg=0x10000100 cmp=com.android.launcher3/.Launcher} from uid 0 on display 0
05-02 06:08:37.141 I/art     ( 2968): Background partial concurrent mark sweep GC freed 43271(2MB) AllocSpace objects, 9(444KB) LOS objects, 28% free, 9MB/13MB, paused 4.062ms total 1.340s
05-02 06:08:37.289 W/ActivityManager( 2968): Slow operation: 107ms so far, now at startProcess: returned from zygote!
05-02 06:08:37.289 W/ActivityManager( 2968): Slow operation: 107ms so far, now at startProcess: done updating battery stats
05-02 06:08:37.290 W/ActivityManager( 2968): Slow operation: 108ms so far, now at startProcess: building log message
05-02 06:08:37.290 I/ActivityManager( 2968): Start proc 3706:com.android.launcher3/u0a42 for activity com.android.launcher3/.Launcher
05-02 06:08:37.290 W/ActivityManager( 2968): Slow operation: 108ms so far, now at startProcess: starting to update pids map
05-02 06:08:37.290 W/ActivityManager( 2968): Slow operation: 109ms so far, now at startProcess: done updating pids map
05-02 06:08:37.290 W/ActivityManager( 2968): Slow operation: 110ms so far, now at startProcess: done starting proc!
05-02 06:08:37.476 W/art     ( 3706): Unexpected CPU variant for X86 using defaults: x86_64
05-02 06:08:37.643 I/AccountManagerService( 2968): User 0 is unlocked - opening CE database
05-02 06:08:37.731 W/ifconfig( 3704): type=1400 audit(0.0:10): avc: denied { ioctl } for path="socket:[16506]" dev="sockfs" ino=16506 ioctlcmd=8927 scontext=u:r:shell:s0 tcontext=u:r:shell:s0 tclass=udp_socket permissive=0
05-02 06:08:37.801 W/ifconfig( 3704): type=1400 audit(0.0:11): avc: denied { ioctl } for path="socket:[16506]" dev="sockfs" ino=16506 ioctlcmd=891d scontext=u:r:shell:s0 tcontext=u:r:shell:s0 tclass=udp_socket permissive=0
05-02 06:08:37.801 W/ifconfig( 3704): type=1400 audit(0.0:12): avc: denied { ioctl } for path="socket:[16506]" dev="sockfs" ino=16506 ioctlcmd=8970 scontext=u:r:shell:s0 tcontext=u:r:shell:s0 tclass=udp_socket permissive=0
05-02 06:08:37.803 W/RichInputConnection( 3169): Slow InputConnection: GET_TEXT_BEFORE_CURSOR took 1314 ms.
05-02 06:08:37.887 W/art     ( 2968): Long monitor contention with owner android.display (3009) at void com.android.server.wm.WindowAnimator$1.doFrame(long)(WindowAnimator.java:144) waiters=1 in void com.android.server.wm.WindowManagerService.setAppVisibility(android.os.IBinder, boolean) for 158ms
05-02 06:08:37.890 W/art     ( 2968): Long monitor contention with owner Binder:2968_A (3605) at void com.android.server.am.ActivityManagerService.activityPaused(android.os.IBinder)(ActivityManagerService.java:6916) waiters=0 in void com.android.server.am.ActivityManagerService$MainHandler.handleMessage(android.os.Message) for 723ms
05-02 06:08:37.922 W/art     ( 2968): Long monitor contention with owner Binder:2968_A (3605) at void com.android.server.am.ActivityManagerService.activityPaused(android.os.IBinder)(ActivityManagerService.java:6916) waiters=4 in void com.android.server.am.ActivityManagerService.attachApplication(android.app.IApplicationThread) for 144ms
05-02 06:08:37.923 W/art     ( 2968): Long monitor contention with owner Binder:2968_A (3605) at void com.android.server.am.ActivityManagerService.activityPaused(android.os.IBinder)(ActivityManagerService.java:6916) waiters=2 in java.lang.String com.android.server.am.ActivityManagerService.checkContentProviderAccess(java.lang.String, int) for 511ms
05-02 06:08:37.923 W/art     ( 2968): Long monitor contention with owner Binder:2968_A (3605) at void com.android.server.am.ActivityManagerService.activityPaused(android.os.IBinder)(ActivityManagerService.java:6916) waiters=1 in void com.android.server.am.ActivityManagerService.dispatchUidsChanged() for 724ms
05-02 06:08:37.925 I/Choreographer( 3427): Skipped 55 frames!  The application may be doing too much work on its main thread.
05-02 06:08:38.409 W/art     ( 2968): Long monitor contention with owner android.display (3009) at void com.android.server.wm.WindowAnimator$1.doFrame(long)(WindowAnimator.java:144) waiters=1 in int com.android.server.wm.WindowManagerService.addWindow(com.android.server.wm.Session, android.view.IWindow, int, android.view.WindowManager$LayoutParams, int, int, android.graphics.Rect, android.graphics.Rect, android.graphics.Rect, android.view.InputChannel) for 129ms
05-02 06:08:38.535 I/InputAttributes( 3169): InputType.TYPE_NULL is specified
05-02 06:08:38.541 V/KeyValueBackupJob( 2968): Scheduling k/v pass in 243 minutes
05-02 06:08:38.569 W/art     ( 2968): Long monitor contention with owner android.display (3009) at void com.android.server.wm.WindowAnimator$1.doFrame(long)(WindowAnimator.java:144) waiters=1 in int com.android.server.wm.WindowManagerService.addWindow(com.android.server.wm.Session, android.view.IWindow, int, android.view.WindowManager$LayoutParams, int, int, android.graphics.Rect, android.graphics.Rect, android.graphics.Rect, android.view.InputChannel) for 159ms
05-02 06:08:38.730 W/art     ( 2968): Long monitor contention with owner android.display (3009) at void com.android.server.wm.WindowAnimator$1.doFrame(long)(WindowAnimator.java:144) waiters=1 in int com.android.server.wm.WindowManagerService.addWindow(com.android.server.wm.Session, android.view.IWindow, int, android.view.WindowManager$LayoutParams, int, int, android.graphics.Rect, android.graphics.Rect, android.graphics.Rect, android.view.InputChannel) for 159ms
05-02 06:08:38.809 W/art     ( 2968): Long monitor contention with owner android.display (3009) at void com.android.server.wm.WindowAnimator$1.doFrame(long)(WindowAnimator.java:144) waiters=1 in void com.android.server.wm.WindowManagerService.continueSurfaceLayout() for 149ms
05-02 06:08:38.906 W/art     ( 2968): Long monitor contention with owner android.display (3009) at void com.android.server.wm.WindowAnimator$1.doFrame(long)(WindowAnimator.java:144) waiters=1 in int com.android.server.wm.WindowManagerService.addWindow(com.android.server.wm.Session, android.view.IWindow, int, android.view.WindowManager$LayoutParams, int, int, android.graphics.Rect, android.graphics.Rect, android.graphics.Rect, android.view.InputChannel) for 176ms
05-02 06:08:39.313 W/art     ( 2968): Long monitor contention with owner android.display (3009) at void com.android.server.wm.WindowAnimator$1.doFrame(long)(WindowAnimator.java:144) waiters=1 in int com.android.server.wm.WindowManagerService.addWindow(com.android.server.wm.Session, android.view.IWindow, int, android.view.WindowManager$LayoutParams, int, int, android.graphics.Rect, android.graphics.Rect, android.graphics.Rect, android.view.InputChannel) for 136ms
05-02 06:08:39.397 W/art     ( 2968): Long monitor contention with owner android.display (3009) at void com.android.server.wm.WindowAnimator$1.doFrame(long)(WindowAnimator.java:144) waiters=1 in void com.android.server.wm.WindowManagerService.executeAppTransition() for 165ms
05-02 06:08:39.430 W/art     ( 2968): Long monitor contention with owner android.display (3009) at void com.android.server.wm.WindowAnimator$1.doFrame(long)(WindowAnimator.java:144) waiters=1 in int com.android.server.wm.WindowManagerService.addWindow(com.android.server.wm.Session, android.view.IWindow, int, android.view.WindowManager$LayoutParams, int, int, android.graphics.Rect, android.graphics.Rect, android.graphics.Rect, android.view.InputChannel) for 116ms
05-02 06:08:39.529 W/art     ( 2968): Long monitor contention with owner android.display (3009) at void com.android.server.wm.WindowAnimator$1.doFrame(long)(WindowAnimator.java:144) waiters=1 in void com.android.server.wm.WindowManagerService.executeAppTransition() for 131ms
05-02 06:08:39.780 W/art     ( 2968): Long monitor contention with owner android.display (3009) at void com.android.server.wm.WindowAnimator$1.doFrame(long)(WindowAnimator.java:144) waiters=1 in void com.android.server.wm.WindowManagerService.executeAppTransition() for 131ms
05-02 06:08:39.840 W/art     ( 2968): Long monitor contention with owner android.display (3009) at void com.android.server.wm.WindowAnimator$1.doFrame(long)(WindowAnimator.java:144) waiters=1 in int com.android.server.wm.WindowManagerService.addWindow(com.android.server.wm.Session, android.view.IWindow, int, android.view.WindowManager$LayoutParams, int, int, android.graphics.Rect, android.graphics.Rect, android.graphics.Rect, android.view.InputChannel) for 110ms
05-02 06:08:40.027 W/art     ( 2968): Long monitor contention with owner android.display (3009) at void com.android.server.wm.WindowAnimator$1.doFrame(long)(WindowAnimator.java:144) waiters=1 in void com.android.server.wm.WindowManagerService.executeAppTransition() for 148ms
05-02 06:08:40.111 W/art     ( 2968): Long monitor contention with owner android.display (3009) at void com.android.server.wm.WindowAnimator$1.doFrame(long)(WindowAnimator.java:144) waiters=1 in int com.android.server.wm.WindowManagerService.addWindow(com.android.server.wm.Session, android.view.IWindow, int, android.view.WindowManager$LayoutParams, int, int, android.graphics.Rect, android.graphics.Rect, android.graphics.Rect, android.view.InputChannel) for 149ms
05-02 06:08:40.240 W/art     ( 2968): Long monitor contention with owner android.display (3009) at void com.android.server.wm.WindowAnimator$1.doFrame(long)(WindowAnimator.java:144) waiters=1 in int com.android.server.wm.WindowManagerService.addWindow(com.android.server.wm.Session, android.view.IWindow, int, android.view.WindowManager$LayoutParams, int, int, android.graphics.Rect, android.graphics.Rect, android.graphics.Rect, android.view.InputChannel) for 127ms
05-02 06:08:40.331 W/art     ( 2968): Long monitor contention with owner android.display (3009) at void com.android.server.wm.WindowAnimator$1.doFrame(long)(WindowAnimator.java:144) waiters=1 in void com.android.server.wm.WindowManagerService.executeAppTransition() for 172ms
05-02 06:08:40.547 W/art     ( 2968): Long monitor contention with owner android.display (3009) at void com.android.server.wm.WindowAnimator$1.doFrame(long)(WindowAnimator.java:144) waiters=1 in int com.android.server.wm.WindowManagerService.addWindow(com.android.server.wm.Session, android.view.IWindow, int, android.view.WindowManager$LayoutParams, int, int, android.graphics.Rect, android.graphics.Rect, android.graphics.Rect, android.view.InputChannel) for 150ms
05-02 06:08:40.661 I/LatinIME( 3169): Timeout waiting for dictionary load
05-02 06:08:40.770 W/art     ( 2968): Long monitor contention with owner android.display (3009) at void com.android.server.wm.WindowAnimator$1.doFrame(long)(WindowAnimator.java:144) waiters=1 in void com.android.server.wm.WindowManagerService.executeAppTransition() for 160ms
05-02 06:08:40.859 W/art     ( 2968): Long monitor contention with owner android.display (3009) at void com.android.server.wm.WindowAnimator$1.doFrame(long)(WindowAnimator.java:144) waiters=1 in int com.android.server.wm.WindowManagerService.addWindow(com.android.server.wm.Session, android.view.IWindow, int, android.view.WindowManager$LayoutParams, int, int, android.graphics.Rect, android.graphics.Rect, android.graphics.Rect, android.view.InputChannel) for 170ms
05-02 06:08:42.349 W/art     ( 2968): Long monitor contention with owner android.display (3009) at void com.android.server.wm.WindowAnimator$1.doFrame(long)(WindowAnimator.java:144) waiters=1 in int com.android.server.wm.WindowManagerService.addWindow(com.android.server.wm.Session, android.view.IWindow, int, android.view.WindowManager$LayoutParams, int, int, android.graphics.Rect, android.graphics.Rect, android.graphics.Rect, android.view.InputChannel) for 139ms
05-02 06:08:42.652 W/art     ( 2968): Long monitor contention with owner android.display (3009) at void com.android.server.wm.WindowAnimator$1.doFrame(long)(WindowAnimator.java:144) waiters=1 in int com.android.server.wm.WindowManagerService.addWindow(com.android.server.wm.Session, android.view.IWindow, int, android.view.WindowManager$LayoutParams, int, int, android.graphics.Rect, android.graphics.Rect, android.graphics.Rect, android.view.InputChannel) for 142ms
05-02 06:08:42.857 W/art     ( 2968): Long monitor contention with owner Binder:2968_A (3605) at void com.android.server.am.ActivityManagerService.activityPaused(android.os.IBinder)(ActivityManagerService.java:6916) waiters=5 in void com.android.server.am.ActivityManagerService$3.handleMessage(android.os.Message) for 5.054s
05-02 06:08:42.925 W/System  ( 3706): ClassLoader referenced unknown path: /system/app/Launcher3/lib/x86_64
