05-02 06:07:27.259 I/OMXClient( 1334): MuxOMX ctor
05-02 06:07:27.271 I/OMXMaster( 1331): makeComponentInstance(OMX.google.opus.decoder) in mediacodec process
05-02 06:07:27.638 I/LatinIME:LogUtils( 3169): Dictionary info: dictionary = userunigram.en_US ; version = 1619935647 ; date = ?
05-02 06:07:27.680 E/ActivityThread( 3169): Failed to find provider info for user_dictionary
05-02 06:07:27.683 I/LatinIME:LogUtils( 3169): Dictionary info: dictionary = UserHistoryDictionary.en_US ; version = 1619935647 ; date = ?
05-02 06:07:27.720 I/fsck_msdos( 1270): ** /dev/block/vold/public:253,48
05-02 06:07:27.762 I/fsck_msdos( 1270): ** Phase 1 - Read and Compare FATs
05-02 06:07:27.762 I/fsck_msdos( 1270): Attempting to allocate 1046 KB for FAT
05-02 06:07:28.371 W/ProcessCpuTracker( 2968): Skipping unknown process pid 3290
05-02 06:07:28.605 I/fsck_msdos( 1270): Attempting to allocate 1046 KB for FAT
05-02 06:07:28.787 I/MediaPlayerService( 1334): MediaPlayerService::getOMX
05-02 06:07:28.792 I/OMXClient( 1334): MuxOMX ctor
05-02 06:07:28.797 I/OMXMaster( 1331): makeComponentInstance(OMX.google.raw.decoder) in mediacodec process
05-02 06:07:28.869 I/MediaPlayerService( 1334): MediaPlayerService::getOMX
05-02 06:07:28.892 I/OMXClient( 1334): MuxOMX ctor
05-02 06:07:28.893 I/OMXMaster( 1331): makeComponentInstance(OMX.google.aac.encoder) in mediacodec process
05-02 06:07:29.175 I/MediaPlayerService( 1334): MediaPlayerService::getOMX
05-02 06:07:29.181 I/OMXClient( 1334): MuxOMX ctor
05-02 06:07:29.182 I/OMXMaster( 1331): makeComponentInstance(OMX.google.amrnb.encoder) in mediacodec process
05-02 06:07:29.285 I/MediaPlayerService( 1334): MediaPlayerService::getOMX
05-02 06:07:29.287 I/OMXClient( 1334): MuxOMX ctor
05-02 06:07:29.287 I/OMXMaster( 1331): makeComponentInstance(OMX.google.amrwb.encoder) in mediacodec process
05-02 06:07:29.340 I/fsck_msdos( 1270): ** Phase 2 - Check Cluster Chains
05-02 06:07:29.421 I/fsck_msdos( 1270): ** Phase 3 - Checking Directories
05-02 06:07:29.480 I/MediaPlayerService( 1334): MediaPlayerService::getOMX
05-02 06:07:29.481 I/OMXClient( 1334): MuxOMX ctor
05-02 06:07:29.482 I/OMXMaster( 1331): makeComponentInstance(OMX.google.flac.encoder) in mediacodec process
05-02 06:07:29.515 I/fsck_msdos( 1270): ** Phase 4 - Checking for Lost Files
05-02 06:07:29.515 I/fsck_msdos( 1270): 2 files, 534464 free (267232 clusters)
05-02 06:07:29.581 I/Vold    ( 1270): Filesystem check completed OK
05-02 06:07:29.584 D/VoldConnector( 2968): RCV <- {656 public:253,48 /mnt/media_rw/1EFF-1C1B}
05-02 06:07:29.631 D/VoldConnector( 2968): RCV <- {655 public:253,48 /storage/1EFF-1C1B}
05-02 06:07:29.704 V/vold    ( 1270): Waiting for FUSE to spin up...
05-02 06:07:29.871 E/NetdConnector( 2968): NDC Command {4 strict enable} took too long (3409ms)
05-02 06:07:29.872 W/NetworkManagement( 2968): setDataSaverMode(): already false
05-02 06:07:29.874 V/vold    ( 1270): Waiting for FUSE to spin up...
05-02 06:07:29.904 I/vol.Events( 3182): writeEvent collection_started
05-02 06:07:29.930 V/vold    ( 1270): Waiting for FUSE to spin up...
05-02 06:07:30.031 V/vold    ( 1270): Waiting for FUSE to spin up...
05-02 06:07:30.053 I/vol.Events( 3182): writeEvent external_ringer_mode_changed normal
05-02 06:07:30.054 I/vol.Events( 3182): writeEvent internal_ringer_mode_changed normal
05-02 06:07:30.090 V/vold    ( 1270): Waiting for FUSE to spin up...
05-02 06:07:30.150 V/vold    ( 1270): Waiting for FUSE to spin up...
05-02 06:07:30.182 I/MediaPlayerService( 1334): MediaPlayerService::getOMX
05-02 06:07:30.191 I/OMXClient( 1334): MuxOMX ctor
05-02 06:07:30.191 I/OMXMaster( 1331): makeComponentInstance(OMX.google.gsm.decoder) in mediacodec process
05-02 06:07:30.210 V/vold    ( 1270): Waiting for FUSE to spin up...
05-02 06:07:30.270 V/vold    ( 1270): Waiting for FUSE to spin up...
05-02 06:07:30.287 W/sdcard  ( 3313): Device explicitly disabled sdcardfs
05-02 06:07:30.330 V/vold    ( 1270): Waiting for FUSE to spin up...
05-02 06:07:30.390 V/vold    ( 1270): Waiting for FUSE to spin up...
05-02 06:07:30.500 V/vold    ( 1270): Waiting for FUSE to spin up...
05-02 06:07:30.560 V/vold    ( 1270): Waiting for FUSE to spin up...
05-02 06:07:30.620 V/vold    ( 1270): Waiting for FUSE to spin up...
05-02 06:07:30.721 D/VoldConnector( 2968): RCV <- {651 public:253,48 2}
05-02 06:07:30.728 D/VoldConnector( 2968): RCV <- {200 7 Command succeeded}
05-02 06:07:30.730 E/VoldConnector( 2968): NDC Command {7 volume mount public:253,48 2 0} took too long (5502ms)
05-02 06:07:30.917 I/MediaPlayerService( 1334): MediaPlayerService::getOMX
05-02 06:07:30.918 I/OMXClient( 1334): MuxOMX ctor
05-02 06:07:30.919 I/OMXMaster( 1331): makeComponentInstance(OMX.google.mpeg4.decoder) in mediacodec process
05-02 06:07:31.328 E/OMXNodeInstance( 1331): getExtensionIndex(533000f:google.mpeg4.decoder, OMX.google.android.index.configureVideoTunnelMode) ERROR: UnsupportedIndex(0x8000101a)
05-02 06:07:31.329 W/OMXNodeInstance( 1331): [533000f:google.mpeg4.decoder] component does not support metadata mode; using fallback
05-02 06:07:31.378 I/MediaPlayerService( 1334): MediaPlayerService::getOMX
05-02 06:07:31.384 I/OMXClient( 1334): MuxOMX ctor
05-02 06:07:31.386 I/OMXMaster( 1331): makeComponentInstance(OMX.google.h263.decoder) in mediacodec process
05-02 06:07:32.147 E/OMXNodeInstance( 1331): getExtensionIndex(5330010:google.h263.decoder, OMX.google.android.index.configureVideoTunnelMode) ERROR: UnsupportedIndex(0x8000101a)
05-02 06:07:32.147 W/OMXNodeInstance( 1331): [5330010:google.h263.decoder] component does not support metadata mode; using fallback
05-02 06:07:32.183 I/MediaPlayerService( 1334): MediaPlayerService::getOMX
05-02 06:07:32.199 I/OMXClient( 1334): MuxOMX ctor
05-02 06:07:32.199 I/OMXMaster( 1331): makeComponentInstance(OMX.google.h264.decoder) in mediacodec process
05-02 06:07:33.031 I/vol.Events( 3182): writeEvent level_changed STREAM_ALARM 6
05-02 06:07:33.127 E/VoldConnector( 2968): NDC event {651 public:253,48 2} took too long: 2403ms
05-02 06:07:33.184 W/art     ( 2968): Long monitor contention with owner android.bg (2997) at java.lang.String java.lang.Long.toString(long)(Long.java:265) waiters=0 in void com.android.server.pm.ShortcutService.handleOnUidStateChanged(int, int) for 9.785s
05-02 06:07:33.240 I/vol.Events( 3182): writeEvent level_changed STREAM_BLUETOOTH_SCO 7
05-02 06:07:33.280 I/vol.Events( 3182): writeEvent level_changed STREAM_MUSIC 11
05-02 06:07:33.316 W/ACodec  ( 1334): [OMX.google.h264.decoder] stopping checking profiles after 32: 2/8000
05-02 06:07:33.333 E/OMXNodeInstance( 1331): getExtensionIndex(5330011:google.h264.decoder, OMX.google.android.index.configureVideoTunnelMode) ERROR: UnsupportedIndex(0x8000101a)
05-02 06:07:33.333 W/OMXNodeInstance( 1331): [5330011:google.h264.decoder] component does not support metadata mode; using fallback
05-02 06:07:33.346 I/vol.Events( 3182): writeEvent level_changed STREAM_RING 5
05-02 06:07:33.351 I/vol.Events( 3182): writeEvent level_changed STREAM_SYSTEM 5
05-02 06:07:33.392 I/MediaPlayerService( 1334): MediaPlayerService::getOMX
05-02 06:07:33.393 I/OMXClient( 1334): MuxOMX ctor
05-02 06:07:33.394 I/OMXMaster( 1331): makeComponentInstance(OMX.google.hevc.decoder) in mediacodec process
05-02 06:07:33.459 I/vol.Events( 3182): writeEvent level_changed STREAM_VOICE_CALL 4
05-02 06:07:33.973 E/OMXNodeInstance( 1331): getExtensionIndex(5330012:google.hevc.decoder, OMX.google.android.index.configureVideoTunnelMode) ERROR: UnsupportedIndex(0x8000101a)
05-02 06:07:33.974 W/OMXNodeInstance( 1331): [5330012:google.hevc.decoder] component does not support metadata mode; using fallback
05-02 06:07:33.979 D/StorageNotification( 3182): Notifying about private volume: VolumeInfo{private}:
05-02 06:07:33.979 D/StorageNotification( 3182):     type=PRIVATE diskId=null partGuid=null mountFlags=0 mountUserId=-1 
05-02 06:07:33.979 D/StorageNotification( 3182):     state=MOUNTED 
05-02 06:07:33.979 D/StorageNotification( 3182):     fsType=null fsUuid=null fsLabel=null 
05-02 06:07:33.979 D/StorageNotification( 3182):     path=/data internalPath=null 
05-02 06:07:33.993 D/StorageNotification( 3182): Notifying about public volume: VolumeInfo{public:253,48}:
05-02 06:07:33.993 D/StorageNotification( 3182):     type=PUBLIC diskId=disk:253,48 partGuid=null mountFlags=VISIBLE 
05-02 06:07:33.993 D/StorageNotification( 3182):     mountUserId=0 state=MOUNTED 
05-02 06:07:33.993 D/StorageNotification( 3182):     fsType=vfat fsUuid=1EFF-1C1B fsLabel=SDCARD 
05-02 06:07:33.993 D/StorageNotification( 3182):     path=/storage/1EFF-1C1B internalPath=/mnt/media_rw/1EFF-1C1B 
05-02 06:07:34.134 I/MediaPlayerService( 1334): MediaPlayerService::getOMX
05-02 06:07:34.135 I/OMXClient( 1334): MuxOMX ctor
05-02 06:07:34.136 I/OMXMaster( 1331): makeComponentInstance(OMX.google.vp8.decoder) in mediacodec process
05-02 06:07:34.697 E/OMXNodeInstance( 1331): getExtensionIndex(5330013:google.vp8.decoder, OMX.google.android.index.configureVideoTunnelMode) ERROR: UnsupportedIndex(0x8000101a)
05-02 06:07:34.698 W/OMXNodeInstance( 1331): [5330013:google.vp8.decoder] component does not support metadata mode; using fallback
05-02 06:07:34.802 I/MediaPlayerService( 1334): MediaPlayerService::getOMX
05-02 06:07:34.804 I/OMXClient( 1334): MuxOMX ctor
05-02 06:07:34.805 I/OMXMaster( 1331): makeComponentInstance(OMX.google.vp9.decoder) in mediacodec process
05-02 06:07:35.335 E/OMXNodeInstance( 1331): getExtensionIndex(5330014:google.vp9.decoder, OMX.google.android.index.configureVideoTunnelMode) ERROR: UnsupportedIndex(0x8000101a)
05-02 06:07:35.335 W/OMXNodeInstance( 1331): [5330014:google.vp9.decoder] component does not support metadata mode; using fallback
05-02 06:07:35.435 I/MediaPlayerService( 1334): MediaPlayerService::getOMX
05-02 06:07:35.437 I/OMXClient( 1334): MuxOMX ctor
05-02 06:07:35.438 I/OMXMaster( 1331): makeComponentInstance(OMX.google.h263.encoder) in mediacodec process
05-02 06:07:35.488 W/art     ( 2968): Long monitor contention with owner AsyncTask #2 (3299) at java.util.ArrayList com.android.server.AppOpsService.collectOps(com.android.server.AppOpsService$Ops, int[])(AppOpsService.java:380) waiters=0 in int com.android.server.AppOpsService.checkPackage(int, java.lang.String) for 2.168s
05-02 06:07:35.702 I/Choreographer( 3182): Skipped 126 frames!  The application may be doing too much work on its main thread.
05-02 06:07:35.991 I/art     ( 2968): Background sticky concurrent mark sweep GC freed 41149(2MB) AllocSpace objects, 17(404KB) LOS objects, 20% free, 13MB/16MB, paused 76.359ms total 1.635s
05-02 06:07:36.201 I/SoftMPEG4Encoder( 1331): Construct SoftMPEG4Encoder
05-02 06:07:36.211 W/ACodec  ( 1334): do not know color format 0x7f000789 = 2130708361
05-02 06:07:36.213 E/OMXNodeInstance( 1331): getConfig(5330015:google.h263.encoder, ConfigAndroidIntraRefresh(0x6f60000a)) ERROR: Undefined(0x80001001)
05-02 06:07:36.264 I/MediaPlayerService( 1334): MediaPlayerService::getOMX
05-02 06:07:36.265 I/OMXClient( 1334): MuxOMX ctor
05-02 06:07:36.266 I/OMXMaster( 1331): makeComponentInstance(OMX.google.h264.encoder) in mediacodec process
05-02 06:07:36.361 I/StatusBarManagerService( 2968): registerStatusBar bar=com.android.internal.statusbar.IStatusBar$Stub$Proxy@26b60c0
05-02 06:07:36.410 W/AudioService( 2968): onLoadSoundEffects(), Error 1 while loading samples
05-02 06:07:37.499 W/ACodec  ( 1334): do not know color format 0x7f000789 = 2130708361
05-02 06:07:37.642 I/MediaPlayerService( 1334): MediaPlayerService::getOMX
05-02 06:07:37.644 I/OMXClient( 1334): MuxOMX ctor
05-02 06:07:37.645 I/OMXMaster( 1331): makeComponentInstance(OMX.google.mpeg4.encoder) in mediacodec process
05-02 06:07:37.981 W/ActivityManager( 2968): Timeout executing service: ServiceRecord{2834d61 u0 com.android.server.telecom/.components.TelecomService}
05-02 06:07:38.052 E/NetdConnector( 2968): NDC Command {7 bandwidth setglobalalert 2097152} took too long (2555ms)
05-02 06:07:38.102 D/NetworkPolicy( 2968): setRestrictBackgroundUL(): false
05-02 06:07:38.105 W/NetworkManagement( 2968): setDataSaverMode(): already false
05-02 06:07:38.216 W/ProcessCpuTracker( 2968): Skipping unknown process pid 3367
05-02 06:07:38.326 I/Process ( 2968): Sending signal. PID: 2968 SIG: 3
05-02 06:07:38.331 I/art     ( 2968): Thread[2,tid=2973,WaitingInMainSignalCatcherLoop,Thread*=0x7fe232c30000,peer=0x12c010d0,"Signal Catcher"]: reacting to signal 3
05-02 06:07:38.331 I/art     ( 2968): 
05-02 06:07:38.366 W/art     ( 2968): Suspending all threads took: 32.795ms
05-02 06:07:38.398 I/SoftMPEG4Encoder( 1331): Construct SoftMPEG4Encoder
05-02 06:07:38.456 W/ACodec  ( 1334): do not know color format 0x7f000789 = 2130708361
05-02 06:07:38.457 E/OMXNodeInstance( 1331): getConfig(5330017:google.mpeg4.encoder, ConfigAndroidIntraRefresh(0x6f60000a)) ERROR: Undefined(0x80001001)
05-02 06:07:38.497 I/MediaPlayerService( 1334): MediaPlayerService::getOMX
05-02 06:07:38.500 I/OMXClient( 1334): MuxOMX ctor
05-02 06:07:38.500 I/OMXMaster( 1331): makeComponentInstance(OMX.google.vp8.encoder) in mediacodec process
05-02 06:07:38.573 W/art     ( 2968): Suspending all threads took: 40.208ms
05-02 06:07:39.650 W/ACodec  ( 1334): do not know color format 0x7f000789 = 2130708361
05-02 06:07:39.651 E/OMXNodeInstance( 1331): getConfig(5330018:google.vp8.encoder, ConfigAndroidIntraRefresh(0x6f60000a)) ERROR: Undefined(0x80001001)
05-02 06:07:39.677 I/MediaPlayerService( 1334): MediaPlayerService::getOMX
05-02 06:07:39.678 I/OMXClient( 1334): MuxOMX ctor
05-02 06:07:39.689 I/MediaPlayerService( 1334): MediaPlayerService::getOMX
05-02 06:07:39.711 I/OMXClient( 1334): MuxOMX ctor
05-02 06:07:39.711 W/MediaCodecList( 1334): unable to open media codecs configuration xml file: /data/misc/media/media_codecs_profiling_results.xml
05-02 06:07:39.722 I/MediaPlayerService( 1334): MediaPlayerService::getOMX
05-02 06:07:39.724 I/OMXClient( 2968): MuxOMX ctor
05-02 06:07:39.732 I/OMXMaster( 1331): makeComponentInstance(OMX.google.vorbis.decoder) in mediacodec process
05-02 06:07:39.921 I/MediaPlayerService( 1334): MediaPlayerService::getOMX
05-02 06:07:39.962 I/OMXClient( 3182): MuxOMX ctor
05-02 06:07:40.087 I/OMXMaster( 1331): makeComponentInstance(OMX.google.vorbis.decoder) in mediacodec process
05-02 06:07:41.356 I/MediaPlayerService( 1334): MediaPlayerService::getOMX
05-02 06:07:41.362 I/OMXClient( 3182): MuxOMX ctor
05-02 06:07:41.366 I/OMXMaster( 1331): makeComponentInstance(OMX.google.vorbis.decoder) in mediacodec process
05-02 06:07:43.016 I/MediaPlayerService( 1334): MediaPlayerService::getOMX
05-02 06:07:43.031 I/OMXClient( 3182): MuxOMX ctor
05-02 06:07:43.110 I/OMXMaster( 1331): makeComponentInstance(OMX.google.vorbis.decoder) in mediacodec process
05-02 06:07:43.631 I/Process ( 2968): Sending signal. PID: 3182 SIG: 3
05-02 06:07:43.632 I/art     ( 3182): Thread[3,tid=3191,WaitingInMainSignalCatcherLoop,Thread*=0x7fe239896400,peer=0x12c005e0,"Signal Catcher"]: reacting to signal 3
05-02 06:07:43.633 I/art     ( 3182): 
05-02 06:07:44.511 I/art     ( 3182): Wrote stack traces to '/data/anr/traces.txt'
05-02 06:07:44.513 W/art     ( 2968): Long monitor contention with owner NetworkPolicy (3123) at boolean android.os.BinderProxy.transactNative(int, android.os.Parcel, android.os.Parcel, int)(Binder.java:-2) waiters=0 in void com.android.server.NetworkManagementService.setFirewallChainEnabled(int, boolean) for 6.030s
05-02 06:07:44.761 W/        ( 1269): debuggerd: handling request: pid=1321 uid=1000 gid=1003 tid=1321
05-02 06:07:45.110 I/art     ( 2968): Wrote stack traces to '/data/anr/traces.txt'
05-02 06:07:45.214 W/        ( 1269): debuggerd: resuming target 1321
05-02 06:07:45.218 W/        ( 1269): debuggerd: handling request: pid=1326 uid=1041 gid=1005 tid=1326
05-02 06:07:45.315 W/        ( 1268): debuggerd: handling request: pid=1326 uid=1041 gid=1005 tid=1326
05-02 06:07:46.101 E/NetdConnector( 2968): NDC Command {8 firewall enable_chain standby} took too long (1587ms)
05-02 06:07:46.223 W/        ( 1268): debuggerd: resuming target 1326
05-02 06:07:46.472 I/SystemServiceManager( 2968): Starting phase 600
05-02 06:07:46.712 D/SensorNotificationService( 2968): Cannot obtain dynamic meta sensor, not supported.
05-02 06:07:46.965 I/GnssLocationProvider( 2968): WakeLock acquired by sendMessage(13, 0, null)
05-02 06:07:47.075 W/LocationManagerService( 2968): no network location provider found
05-02 06:07:47.145 E/LocationManagerService( 2968): no geocoder provider found
05-02 06:07:47.146 E/FlpHardwareProvider( 2968): Error hw_get_module 'flp': -2
05-02 06:07:47.147 D/LocationManagerService( 2968): FLP HAL not supported
05-02 06:07:47.162 D/LocationManagerService( 2968): Unable to bind FLP Geofence proxy.
05-02 06:07:47.163 E/ActivityRecognitionHardware( 2968): Error hw_get_module: -2
05-02 06:07:47.164 D/LocationManagerService( 2968): Hardware Activity-Recognition not supported.
05-02 06:07:47.165 E/ActivityRecognitionProxy( 2968): ServiceWatcher could not start.
05-02 06:07:47.165 D/LocationManagerService( 2968): Unable to bind ActivityRecognitionProxy.
05-02 06:07:47.167 I/GnssLocationProvider( 2968): WakeLock acquired by sendMessage(2, 1, null)
05-02 06:07:47.257 I/CommonTimeManagementService( 2968): No common time service detected on this platform.  Common time services will be unavailable.
05-02 06:07:47.295 I/MmsServiceBroker( 2968): Delay connecting to MmsService until an API is called
05-02 06:07:47.303 I/InputReader( 2968): Reconfiguring input devices.  changes=0x00000020
05-02 06:07:47.335 W/VoiceInteractionManagerService( 2968): no available voice interaction services found for user 0
05-02 06:07:47.335 W/VoiceInteractionManagerService( 2968): no available voice recognition services found for user 0
05-02 06:07:47.451 I/InputReader( 2968): Reconfiguring input devices.  changes=0x00000010
05-02 06:07:47.561 W/ActivityManager( 2968): Slow operation: 199ms so far, now at startProcess: returned from zygote!
05-02 06:07:47.561 W/ActivityManager( 2968): Slow operation: 200ms so far, now at startProcess: done updating battery stats
05-02 06:07:47.562 W/ActivityManager( 2968): Slow operation: 201ms so far, now at startProcess: building log message
05-02 06:07:47.562 I/ActivityManager( 2968): Start proc 3414:com.android.phone/1001 for added application com.android.phone
05-02 06:07:47.562 W/ActivityManager( 2968): Slow operation: 201ms so far, now at startProcess: starting to update pids map
05-02 06:07:47.562 W/ActivityManager( 2968): Slow operation: 201ms so far, now at startProcess: done updating pids map
05-02 06:07:47.567 I/ActivityManager( 2968): START u0 {act=android.intent.action.MAIN cat=[android.intent.category.HOME] flg=0x10000100 cmp=com.android.settings/.FallbackHome} from uid 0 on display 0
05-02 06:07:47.645 W/System  ( 2968): ClassLoader referenced unknown path: 
05-02 06:07:47.646 W/System  ( 2968): ClassLoader referenced unknown path: /system/priv-app/Settings/lib/x86_64
05-02 06:07:47.699 D/ApplicationLoaders( 2968): ignored Vulkan layer search path /system/priv-app/Settings/lib/x86_64:/system/priv-app/Settings/Settings.apk!/lib/x86_64:/system/lib64:/vendor/lib64 for namespace 0x7fe23e0ba160
05-02 06:07:47.800 I/ActivityManager( 2968): Loaded persisted task ids for user 0
05-02 06:07:47.821 W/art     ( 3414): Unexpected CPU variant for X86 using defaults: x86_64
05-02 06:07:47.900 W/art     ( 3182): Suspending all threads took: 16.604ms
05-02 06:07:48.072 I/art     ( 3182): Background sticky concurrent mark sweep GC freed 18311(2MB) AllocSpace objects, 2(40KB) LOS objects, 29% free, 7MB/10MB, paused 58.292ms total 508.376ms
05-02 06:07:48.113 W/ActivityManager( 2968): Slow operation: 185ms so far, now at startProcess: returned from zygote!
05-02 06:07:48.114 W/ActivityManager( 2968): Slow operation: 186ms so far, now at startProcess: done updating battery stats
05-02 06:07:48.114 W/ActivityManager( 2968): Slow operation: 186ms so far, now at startProcess: building log message
05-02 06:07:48.114 I/ActivityManager( 2968): Start proc 3427:com.android.settings/1000 for activity com.android.settings/.FallbackHome
05-02 06:07:48.114 W/ActivityManager( 2968): Slow operation: 186ms so far, now at startProcess: starting to update pids map
05-02 06:07:48.114 W/ActivityManager( 2968): Slow operation: 186ms so far, now at startProcess: done updating pids map
05-02 06:07:48.114 W/ActivityManager( 2968): Slow operation: 186ms so far, now at startProcess: done starting proc!
05-02 06:07:48.147 W/art     ( 3427): Unexpected CPU variant for X86 using defaults: x86_64
05-02 06:07:48.282 I/SystemServer( 2968): Enabled StrictMode for system server main thread.
05-02 06:07:48.288 W/art     ( 2968): Long monitor contention with owner main (2968) at void com.android.server.am.ActivityManagerService.systemReady(java.lang.Runnable)(ActivityManagerService.java:13368) waiters=1 in void com.android.server.am.ActivityManagerService.dispatchUidsChanged() for 927ms
05-02 06:07:48.317 D/ConditionProviders.SCP( 2968): onConnected
05-02 06:07:48.391 D/ZenLog  ( 2968): set_zen_mode: off,readXml
05-02 06:07:48.399 D/ConditionProviders( 2968): Subscribing to condition://android/schedule?days=1.2.3.4.5&start=22.0&end=7.0&exitAtAlarm=false with ComponentInfo{android/com.android.server.notification.ScheduleConditionProvider}
05-02 06:07:48.399 D/ZenLog  ( 2968): subscribe: condition://android/schedule?days=1.2.3.4.5&start=22.0&end=7.0&exitAtAlarm=false,ok
05-02 06:07:48.433 D/ConditionProviders( 2968): Subscribing to condition://android/schedule?days=6.7&start=23.30&end=10.0&exitAtAlarm=false with ComponentInfo{android/com.android.server.notification.ScheduleConditionProvider}
05-02 06:07:48.433 D/ZenLog  ( 2968): subscribe: condition://android/schedule?days=6.7&start=23.30&end=10.0&exitAtAlarm=false,ok
05-02 06:07:48.434 D/ConditionProviders( 2968): Subscribing to condition://android/event?userId=-10000&calendar=&reply=1 with ComponentInfo{android/com.android.server.notification.EventConditionProvider}
05-02 06:07:48.434 D/ZenLog  ( 2968): subscribe: condition://android/event?userId=-10000&calendar=&reply=1,ok
05-02 06:07:48.666 W/System  ( 3427): ClassLoader referenced unknown path: /system/priv-app/Settings/lib/x86_64
05-02 06:07:48.781 W/art     ( 2968): Long monitor contention with owner main (2968) at void com.android.server.am.ActivityManagerService.systemReady(java.lang.Runnable)(ActivityManagerService.java:13368) waiters=0 in void com.android.server.am.ActivityManagerService$3.handleMessage(android.os.Message) for 1.438s
05-02 06:07:48.793 W/        ( 1269): debuggerd: handling request: pid=1327 uid=1047 gid=1005 tid=1327
05-02 06:07:48.795 W/        ( 1268): debuggerd: handling request: pid=1327 uid=1047 gid=1005 tid=1327
05-02 06:07:48.933 W/art     ( 2968): Long monitor contention with owner Binder:2968_2 (2984) at void com.android.server.am.ActivityManagerService.attachApplication(android.app.IApplicationThread)(ActivityManagerService.java:6669) waiters=2 in void com.android.server.am.ActivityManagerService$LocalService.notifyAppTransitionFinished() for 526ms
05-02 06:07:48.938 W/art     ( 2968): Long monitor contention with owner Binder:2968_2 (2984) at void com.android.server.am.ActivityManagerService.attachApplication(android.app.IApplicationThread)(ActivityManagerService.java:6669) waiters=3 in void com.android.server.am.ActivityManagerService.dispatchProcessesChanged() for 482ms
05-02 06:07:48.952 W/art     ( 2968): Long monitor contention with owner Binder:2968_4 (3199) at void com.android.server.am.ActivityManagerService.attachApplication(android.app.IApplicationThread)(ActivityManagerService.java:6669) waiters=3 in void com.android.server.am.ActivityManagerService$3.handleMessage(android.os.Message) for 169ms
05-02 06:07:49.165 W/        ( 1268): debuggerd: resuming target 1327
05-02 06:07:49.168 W/        ( 1269): debuggerd: handling request: pid=1328 uid=1019 gid=1019 tid=1328
05-02 06:07:49.181 W/        ( 1268): debuggerd: handling request: pid=1328 uid=1019 gid=1019 tid=1328
05-02 06:07:49.213 D/RttService( 2968): SCAN_AVAILABLE : 1
05-02 06:07:49.214 D/ZenLog  ( 2968): set_zen_mode: off,cleanUpZenRules
05-02 06:07:49.231 I/WifiScanningService( 2968): wifi driver unloaded
05-02 06:07:49.233 D/RttService( 2968): DefaultState got{ when=-16ms what=160513 target=com.android.internal.util.StateMachine$SmHandler }
05-02 06:07:49.414 W/System  ( 2968): ClassLoader referenced unknown path: /system/priv-app/Telecom/lib/x86_64
05-02 06:07:49.418 D/ApplicationLoaders( 2968): ignored Vulkan layer search path /system/priv-app/Telecom/lib/x86_64:/system/priv-app/Telecom/Telecom.apk!/lib/x86_64:/system/lib64:/vendor/lib64 for namespace 0x7fe23e0ba1d0
05-02 06:07:49.652 W/System  ( 3414): ClassLoader referenced unknown path: /system/priv-app/TeleService/lib/x86_64
05-02 06:07:49.664 W/        ( 1268): debuggerd: resuming target 1328
05-02 06:07:49.667 W/        ( 1269): debuggerd: handling request: pid=1331 uid=1046 gid=1006 tid=1331
05-02 06:07:49.668 W/        ( 1268): debuggerd: handling request: pid=1331 uid=1046 gid=1006 tid=1331
05-02 06:07:49.997 W/        ( 1268): debuggerd: resuming target 1331
05-02 06:07:50.008 W/        ( 1269): debuggerd: handling request: pid=1332 uid=1013 gid=1031 tid=1332
05-02 06:07:50.012 W/        ( 1268): debuggerd: handling request: pid=1332 uid=1013 gid=1031 tid=1332
05-02 06:07:50.332 W/        ( 1268): debuggerd: resuming target 1332
05-02 06:07:50.343 W/        ( 1269): debuggerd: handling request: pid=1333 uid=1040 gid=1026 tid=1333
05-02 06:07:50.345 W/        ( 1268): debuggerd: handling request: pid=1333 uid=1040 gid=1026 tid=1333
05-02 06:07:50.532 W/        ( 1268): debuggerd: resuming target 1333
05-02 06:07:50.542 W/        ( 1269): debuggerd: handling request: pid=1334 uid=1013 gid=1005 tid=1334
05-02 06:07:50.544 W/        ( 1268): debuggerd: handling request: pid=1334 uid=1013 gid=1005 tid=1334
05-02 06:07:50.810 W/        ( 1268): debuggerd: resuming target 1334
05-02 06:07:50.813 W/        ( 1269): debuggerd: handling request: pid=3245 uid=1023 gid=1023 tid=3245
05-02 06:07:50.850 W/System  ( 3414): ClassLoader referenced unknown path: /system/priv-app/TelephonyProvider/lib/x86_64
05-02 06:07:50.854 D/ApplicationLoaders( 3414): ignored Vulkan layer search path /system/priv-app/TelephonyProvider/lib/x86_64:/system/lib64:/vendor/lib64 for namespace 0x7fe23e0aa0f0
05-02 06:07:50.939 W/        ( 1269): debuggerd: resuming target 3245
05-02 06:07:50.996 W/        ( 1269): debuggerd: handling request: pid=3313 uid=1023 gid=1023 tid=3313
05-02 06:07:51.192 W/        ( 1269): debuggerd: resuming target 3313
05-02 06:07:51.327 D/TelephonyProvider( 3414): dbh.onOpen: ok, queried table=siminfo
05-02 06:07:51.329 D/TelephonyProvider( 3414): dbh.onOpen: ok, queried table=carriers
05-02 06:07:52.112 I/LatinIME:LogUtils( 3169): Dictionary info: dictionary = main:en ; version = 54 ; date = 1414726273
05-02 06:07:52.815 W/System  ( 3182): ClassLoader referenced unknown path: 
05-02 06:07:52.815 W/System  ( 3182): ClassLoader referenced unknown path: /system/priv-app/Dialer/lib/x86_64
05-02 06:07:52.904 D/gralloc_ranchu( 3427): Emulator without host-side GPU emulation detected. Loading gralloc.default.so from /vendor/lib64/hw/gralloc.goldfish.default.so...
05-02 06:07:52.907 D/gralloc_ranchu( 3427): gralloc.default.so not found in /vendor. Trying /system/lib64/hw/gralloc.goldfish.default.so...
05-02 06:07:52.953 D/ApplicationLoaders( 3182): ignored Vulkan layer search path /system/priv-app/Dialer/lib/x86_64:/system/lib64:/vendor/lib64 for namespace 0x7fe23e0aa0f0
05-02 06:07:53.115 I/ActivityManager( 2968): Displayed com.android.settings/.FallbackHome: +5s187ms
05-02 06:07:53.332 E/BluetoothAdapter( 2968): Bluetooth binder is null
05-02 06:07:53.721 I/Telecom ( 2968): SystemStateProvider: Registering car mode receiver: android.content.IntentFilter@978c106: TS.init@AAA
05-02 06:07:54.290 I/Telecom ( 2968): Telecom: Non-call EVENT: AUDIO_ROUTE, Entering state QuiescentEarpieceRoute
05-02 06:07:54.404 I/Telecom ( 2968): CallAudioModeStateMachine: Message received: null.: TS.init->CAMSM.pM_1@AAA_0
05-02 06:07:54.642 E/BluetoothAdapter( 2968): Bluetooth binder is null
05-02 06:07:54.717 E/ActivityThread( 2968): Failed to find provider info for call_log
05-02 06:07:54.920 I/Telecom ( 2968): Class: TelecomSystem.INSTANCE being set
05-02 06:07:54.921 E/BluetoothAdapter( 2968): Bluetooth binder is null
05-02 06:07:54.928 W/ContextImpl( 2968): Calling a method in the system process without a qualified user: android.app.ContextImpl.startService:1357 com.android.server.content.SyncManager$13.run:658 android.os.Handler.handleCallback:751 android.os.Handler.dispatchMessage:95 android.os.Looper.loop:154 
05-02 06:07:55.230 W/ProcessCpuTracker( 2968): Skipping unknown process pid 3463
05-02 06:07:55.332 I/Choreographer( 3427): Skipped 33 frames!  The application may be doing too much work on its main thread.
05-02 06:07:55.771 E/BluetoothAdapter( 3182): Bluetooth binder is null
05-02 06:07:56.541 I/CameraManagerGlobal( 3182): Connecting to camera service
05-02 06:07:56.598 V/EmulatedCamera_Camera( 1327): getCameraInfo
05-02 06:07:56.601 V/EmulatedCamera_BaseCamera( 1327): getCameraInfo
05-02 06:07:56.602 I/CameraService( 1327): getCameraCharacteristics: Switching to HAL1 shim implementation...
05-02 06:07:56.602 V/EmulatedCamera_Camera( 1327): getCameraInfo
05-02 06:07:56.602 V/EmulatedCamera_BaseCamera( 1327): getCameraInfo
05-02 06:07:56.604 I/CameraService( 1327): CameraService::connect call (PID -1 "cameraserver", camera ID 0) for HAL version default and Camera API version 1
05-02 06:07:56.617 E/CameraService( 1327): getCameraPriorityFromProcState: Received invalid process state -1 from ActivityManagerService!
05-02 06:07:56.618 V/EmulatedCamera_Camera( 1327): getCameraInfo
05-02 06:07:56.618 V/EmulatedCamera_BaseCamera( 1327): getCameraInfo
05-02 06:07:56.924 I/art     ( 2968): Background partial concurrent mark sweep GC freed 38983(2MB) AllocSpace objects, 12(4MB) LOS objects, 29% free, 9MB/13MB, paused 2.907ms total 2.386s
05-02 06:07:57.004 W/System  ( 2968): ClassLoader referenced unknown path: /system/priv-app/FusedLocation/lib/x86_64
05-02 06:07:57.156 D/ApplicationLoaders( 2968): ignored Vulkan layer search path /system/priv-app/FusedLocation/lib/x86_64:/system/priv-app/FusedLocation/FusedLocation.apk!/lib/x86_64:/system/lib64:/vendor/lib64 for namespace 0x7fe23e0ba240
05-02 06:07:57.186 E/WVMExtractor( 1334): Failed to open libwvm.so: dlopen failed: library "libwvm.so" not found
05-02 06:07:57.706 V/WiredAccessoryManager( 2968): notifyWiredAccessoryChanged: when=0 bits= mask=54
05-02 06:07:57.707 V/WiredAccessoryManager( 2968): newName=h2w newState=0 headsetState=0 prev headsetState=0
05-02 06:07:57.707 E/WiredAccessoryManager( 2968): No state change.
05-02 06:07:57.707 V/WiredAccessoryManager( 2968): init()
05-02 06:07:57.863 W/ProcessCpuTracker( 2968): Skipping unknown process pid 3497
05-02 06:07:57.864 W/ProcessCpuTracker( 2968): Skipping unknown process pid 3498
05-02 06:07:57.901 D/ConditionProviders.SCP( 2968): onSubscribe condition://android/schedule?days=1.2.3.4.5&start=22.0&end=7.0&exitAtAlarm=false
05-02 06:07:57.904 D/ConditionProviders.SCP( 2968): setRegistered true
05-02 06:07:57.908 D/ConditionProviders.SCP( 2968): notifyCondition condition://android/schedule?days=1.2.3.4.5&start=22.0&end=7.0&exitAtAlarm=false STATE_FALSE reason=!meetsSchedule
05-02 06:07:57.936 D/ConditionProviders.SCP( 2968): Scheduling evaluate for Sun May 02 07:00:00 UTC 2021 (1619938800000), in +52m2s95ms, now=Sun May 02 06:07:57 UTC 2021 (1619935677905)
05-02 06:07:57.953 D/ConditionProviders.SCP( 2968): onSubscribe condition://android/schedule?days=6.7&start=23.30&end=10.0&exitAtAlarm=false
05-02 06:07:57.956 D/ConditionProviders.SCP( 2968): notifyCondition condition://android/schedule?days=6.7&start=23.30&end=10.0&exitAtAlarm=false STATE_TRUE reason=meetsSchedule
05-02 06:07:57.956 D/ConditionProviders.SCP( 2968): notifyCondition condition://android/schedule?days=1.2.3.4.5&start=22.0&end=7.0&exitAtAlarm=false STATE_FALSE reason=!meetsSchedule
05-02 06:07:57.959 D/ConditionProviders.SCP( 2968): Scheduling evaluate for Sun May 02 07:00:00 UTC 2021 (1619938800000), in +52m2s45ms, now=Sun May 02 06:07:57 UTC 2021 (1619935677955)
05-02 06:07:58.047 D/NuPlayerDriver( 1334): notifyListener_l(0xe72a8ba0), (1, 0, 0), loop setting(0, 0)
05-02 06:07:58.503 I/Telecom ( 2968): WiredHeadsetManager: ACTION_HEADSET_PLUG event, plugged in: false, : WHC.oADA@AAE
05-02 06:07:58.526 D/NuPlayerDriver( 1334): notifyListener_l(0xe72a8de0), (1, 0, 0), loop setting(0, 0)
05-02 06:07:58.606 E/ActivityManager( 2968): ANR in system
05-02 06:07:58.606 E/ActivityManager( 2968): PID: 2968
05-02 06:07:58.606 E/ActivityManager( 2968): Reason: executing service com.android.server.telecom/.components.TelecomService
05-02 06:07:58.606 E/ActivityManager( 2968): Load: 9.03 / 3.96 / 1.54
05-02 06:07:58.606 E/ActivityManager( 2968): CPU usage from 0ms to 20137ms later (2021-05-02 06:07:37.987 to 2021-05-02 06:07:58.125) with 99% awake:
05-02 06:07:58.606 E/ActivityManager( 2968):   45% 1321/surfaceflinger: 22% user + 22% kernel / faults: 39 minor
05-02 06:07:58.606 E/ActivityManager( 2968):   41% 2069/bootanimation: 23% user + 17% kernel
05-02 06:07:58.606 E/ActivityManager( 2968):   30% 2968/system_server: 12% user + 17% kernel / faults: 3500 minor 37 major
05-02 06:07:58.606 E/ActivityManager( 2968):   13% 3182/com.android.systemui: 6.5% user + 7.4% kernel / faults: 3496 minor 15 major
05-02 06:07:58.606 E/ActivityManager( 2968):   7.5% 1331/media.codec: 3.7% user + 3.7% kernel / faults: 2522 minor 3 major
05-02 06:07:58.606 E/ActivityManager( 2968):   4.3% 8/rcu_preempt: 0% user + 4.3% kernel
05-02 06:07:58.606 E/ActivityManager( 2968):   2.7% 2502/adbd: 0.7% user + 1.9% kernel / faults: 1312 minor
05-02 06:07:58.606 E/ActivityManager( 2968):   1% 1333/media.extractor: 0.4% user + 0.5% kernel / faults: 113 minor
05-02 06:07:58.606 E/ActivityManager( 2968):   1.1% 1320/servicemanager: 0.3% user + 0.8% kernel
05-02 06:07:58.606 E/ActivityManager( 2968):   1.1% 1334/mediaserver: 0.5% user + 0.5% kernel / faults: 168 minor 1 major
05-02 06:07:58.606 E/ActivityManager( 2968):   1% 3169/com.android.inputmethod.latin: 0.4% user + 0.6% kernel / faults: 276 minor
05-02 06:07:58.606 E/ActivityManager( 2968):   0.8% 1255/kworker/0:1H: 0% user + 0.8% kernel
05-02 06:07:58.606 E/ActivityManager( 2968):   0.8% 1335/netd: 0.1% user + 0.6% kernel / faults: 177 minor
05-02 06:07:58.606 E/ActivityManager( 2968):   0.1% 1269/debuggerd64: 0% user + 0.1% kernel / faults: 105 minor
05-02 06:07:58.606 E/ActivityManager( 2968):   0.7% 1326/audioserver: 0.1% user + 0.5% kernel / faults: 43 minor
05-02 06:07:58.606 E/ActivityManager( 2968):   0.3% 1324/zygote64: 0% user + 0.2% kernel / faults: 311 minor
05-02 06:07:58.606 E/ActivityManager( 2968):   0.1% 1327/cameraserver: 0% user + 0% kernel / faults: 127 minor
05-02 06:07:58.606 E/ActivityManager( 2968):   0.3% 1265/jbd2/vdc-8: 0% user + 0.3% kernel
05-02 06:07:58.606 E/ActivityManager( 2968):   0.2% 1672/logcat: 0% user + 0.1% kernel
05-02 06:07:58.606 E/ActivityManager( 2968):   0.2% 6/kworker/u4:0: 0% user + 0.2% kernel
05-02 06:07:58.606 E/ActivityManager( 2968):   0.2% 1267/logd: 0% user + 0.2% kernel / faults: 13 minor
05-02 06:07:58.606 E/ActivityManager( 2968):   0% 1268/debuggerd: 0% user + 0% kernel / faults: 188 minor
05-02 06:07:58.606 E/ActivityManager( 2968):   0.1% 1//init: 0% user + 0.1% kernel / faults: 1 minor
05-02 06:07:58.606 E/ActivityManager( 2968):   0.1% 3/ksoftirqd/0: 0% user + 0.1% kernel
05-02 06:07:58.606 E/ActivityManager( 2968):   0% 549/kworker/1:1: 0% user + 0% kernel
05-02 06:07:58.606 E/ActivityManager( 2968):   0% 1336/rild: 0% user + 0% kernel / faults: 5 minor
05-02 06:07:58.606 E/ActivityManager( 2968):   0% 12/ksoftirqd/1: 0% user + 0% kernel
05-02 06:07:58.606 E/ActivityManager( 2968):   0% 4/kworker/0:0: 0% user + 0% kernel
05-02 06:07:58.606 E/ActivityManager( 2968):   0% 1319/lmkd: 0% user + 0% kernel
05-02 06:07:58.606 E/ActivityManager( 2968):   0% 1330/keystore: 0% user + 0% kernel
05-02 06:07:58.606 E/ActivityManager( 2968):   0% 1332/mediadrmserver: 0% user + 0% kernel / faults: 18 minor
05-02 06:07:58.606 E/ActivityManager( 2968):  +0% 3414/com.android.phone: 0% user + 0% kernel
05-02 06:07:58.606 E/ActivityManager( 2968):  +0% 3427/com.android.settings: 0% user + 0% kernel
05-02 06:07:58.606 E/ActivityManager( 2968):  +0% 3493/getprop: 0% user + 0% kernel
05-02 06:07:58.606 E/ActivityManager( 2968):  +0% 3500/getprop: 0% user + 0% kernel
05-02 06:07:58.606 E/ActivityManager( 2968): 100% TOTAL: 46% user + 53% kernel + 0.7% softirq
05-02 06:07:58.606 E/ActivityManager( 2968): CPU usage from 17246ms to 18753ms later (2021-05-02 06:07:55.233 to 2021-05-02 06:07:56.740):
05-02 06:07:58.606 E/ActivityManager( 2968):   69% 1321/surfaceflinger: 36% user + 32% kernel
05-02 06:07:58.606 E/ActivityManager( 2968):     34% 1321/surfaceflinger: 20% user + 14% kernel
05-02 06:07:58.606 E/ActivityManager( 2968):     23% 1967/DispSync: 23% user + 0% kernel
05-02 06:07:58.606 E/ActivityManager( 2968):     16% 2038/EventThread: 0% user + 16% kernel
05-02 06:07:58.606 E/ActivityManager( 2968):     2.3% 2035/POSIX timer 0: 0% user + 2.3% kernel
05-02 06:07:58.606 E/ActivityManager( 2968):     0.7% 2036/EventThread: 0% user + 0.7% kernel
05-02 06:07:58.606 E/ActivityManager( 2968):   28% 2968/system_server: 5.3% user + 23% kernel / faults: 169 minor 1 major
05-02 06:07:58.606 E/ActivityManager( 2968):     8.7% 2998/ActivityManager: 0% user + 8.7% kernel
05-02 06:07:58.606 E/ActivityManager( 2968):     7.3% 2968/system_server: 2.6% user + 4.6% kernel
05-02 06:07:58.606 E/ActivityManager( 2968):     4% 2978/HeapTaskDaemon: 0.6% user + 3.3% kernel
05-02 06:07:58.606 E/ActivityManager( 2968):     3.3% 2983/Binder:2968_1: 2% user + 1.3% kernel
05-02 06:07:58.606 E/ActivityManager( 2968):     2.6% 3199/Binder:2968_4: 2% user + 0.6% kernel
05-02 06:07:58.606 E/ActivityManager( 2968):     1.3% 2976/FinalizerDaemon: 0.6% user + 0.6% kernel
05-02 06:07:58.606 E/ActivityManager( 2968):     1.3% 2984/Binder:2968_2: 0.6% user + 0.6% kernel
05-02 06:07:58.606 E/ActivityManager( 2968):     1.3% 3149/Binder:2968_3: 0% user + 1.3% kernel
05-02 06:07:58.606 E/ActivityManager( 2968):     0.6% 2975/ReferenceQueueD: 0.6% user + 0% kernel
05-02 06:07:58.606 E/ActivityManager( 2968):     0.6% 2997/android.bg: 0% user + 0.6% kernel
05-02 06:07:58.606 E/ActivityManager( 2968):    +0% 3495/callActivityMan: 0% user + 0% kernel
05-02 06:07:58.606 E/ActivityManager( 2968):    +0% 3496/callActivityMan: 0% user + 0% kernel
05-02 06:07:58.606 E/ActivityManager( 2968):    +0% 3499/callActivityMan: 0% user + 0% kernel
05-02 06:07:58.606 E/ActivityManager( 2968):   15% 3427/com.android.settings: 4.5% user + 10% kernel / faults: 199 minor 10 major
05-02 06:07:58.606 E/ActivityManager( 2968):     12% 3427/ndroid.settings: 3.9% user + 8.5% kernel
05-02 06:07:58.606 E/ActivityManager( 2968):     2.2% 3434/Jit thread pool: 0.5% user + 1.7% kernel
05-02 06:07:58.606 E/ActivityManager( 2968):   14% 2069/bootanimation: 4.2% user + 10% kernel
05-02 06:07:58.606 E/ActivityManager( 2968):     14% 2670/BootAnimation: 3.5% user + 11% kernel
05-02 06:07:58.606 E/ActivityManager( 2968):   8.6% 3414/com.android.phone: 1.7% user + 6.8% kernel / faults: 427 minor 3 major
05-02 06:07:58.606 E/ActivityManager( 2968):     7.4% 3414/m.android.phone: 2.2% user + 5.1% kernel
05-02 06:07:58.606 E/ActivityManager( 2968):     0.5% 3475/RILReceiver0: 0% user + 0.5% kernel
05-02 06:07:58.606 E/ActivityManager( 2968):    +0% 3505/DcHandlerThread: 0% user + 0% kernel
05-02 06:07:58.606 E/ActivityManager( 2968):   4.2% 2502/adbd: 0.7% user + 3.5% kernel / faults: 122 minor
05-02 06:07:58.606 E/ActivityManager( 2968):     2.1% 2502/adbd: 0.7% user + 1.4% kernel
05-02 06:07:58.606 E/ActivityManager( 2968):     0.7% 2508/<-host-12: 
05-02 06:07:58.773 D/NuPlayerDriver( 1334): notifyListener_l(0xe72a8e40), (1, 0, 0), loop setting(0, 0)
05-02 06:07:58.843 I/CameraFlashlight( 1327): Opening camera 0
05-02 06:07:58.843 V/EmulatedCamera_Camera( 1327): getCameraInfo
05-02 06:07:58.843 V/EmulatedCamera_BaseCamera( 1327): getCameraInfo
05-02 06:07:58.844 V/EmulatedCamera_Camera( 1327): connectCamera
05-02 06:07:58.844 V/EmulatedCamera_FakeDevice( 1327): connectDevice
05-02 06:07:58.844 V/EmulatedCamera_CallbackNotifier( 1327): setCallbacks: 0xf1d71e80, 0xf1d71ed0, 0xf1d71ff0, 0xf1d72110 (0xf0d101e0)
05-02 06:07:58.844 V/EmulatedCamera_CallbackNotifier( 1327): enableMessage: msg_type = 0xc0d
05-02 06:07:58.844 V/EmulatedCamera_CallbackNotifier( 1327):     CAMERA_MSG_ERROR
05-02 06:07:58.844 V/EmulatedCamera_CallbackNotifier( 1327):     CAMERA_MSG_FOCUS
05-02 06:07:58.844 V/EmulatedCamera_CallbackNotifier( 1327):     CAMERA_MSG_ZOOM
05-02 06:07:58.844 V/EmulatedCamera_CallbackNotifier( 1327):     CAMERA_MSG_PREVIEW_METADATA
05-02 06:07:58.844 V/EmulatedCamera_CallbackNotifier( 1327): **** Currently enabled messages:
05-02 06:07:58.845 V/EmulatedCamera_CallbackNotifier( 1327):     CAMERA_MSG_ERROR
05-02 06:07:58.845 V/EmulatedCamera_CallbackNotifier( 1327):     CAMERA_MSG_FOCUS
05-02 06:07:58.845 V/EmulatedCamera_CallbackNotifier( 1327):     CAMERA_MSG_ZOOM
05-02 06:07:58.845 V/EmulatedCamera_CallbackNotifier( 1327):     CAMERA_MSG_PREVIEW_METADATA
05-02 06:07:58.921 V/EmulatedCamera_CallbackNotifier( 1327): disableMessage: msg_type = 0xffff
05-02 06:07:58.921 V/EmulatedCamera_CallbackNotifier( 1327):     CAMERA_MSG_ERROR
05-02 06:07:58.921 V/EmulatedCamera_CallbackNotifier( 1327):     CAMERA_MSG_SHUTTER
05-02 06:07:58.921 V/EmulatedCamera_CallbackNotifier( 1327):     CAMERA_MSG_FOCUS
05-02 06:07:58.922 V/EmulatedCamera_CallbackNotifier( 1327):     CAMERA_MSG_ZOOM
05-02 06:07:58.922 V/EmulatedCamera_CallbackNotifier( 1327):     CAMERA_MSG_PREVIEW_FRAME
05-02 06:07:58.922 V/EmulatedCamera_CallbackNotifier( 1327):     CAMERA_MSG_VIDEO_FRAME
05-02 06:07:58.922 V/EmulatedCamera_CallbackNotifier( 1327):     CAMERA_MSG_POSTVIEW_FRAME
05-02 06:07:58.922 V/EmulatedCamera_CallbackNotifier( 1327):     CAMERA_MSG_RAW_IMAGE
05-02 06:07:58.922 V/EmulatedCamera_CallbackNotifier( 1327):     CAMERA_MSG_COMPRESSED_IMAGE
05-02 06:07:58.922 V/EmulatedCamera_CallbackNotifier( 1327):     CAMERA_MSG_RAW_IMAGE_NOTIFY
05-02 06:07:58.922 V/EmulatedCamera_CallbackNotifier( 1327):     CAMERA_MSG_PREVIEW_METADATA
05-02 06:07:58.922 V/EmulatedCamera_CallbackNotifier( 1327): **** Currently enabled messages:
05-02 06:07:58.922 V/EmulatedCamera_Preview( 1327): setPreviewWindow: current: 0x0 -> new: 0x0
05-02 06:07:58.922 V/EmulatedCamera_Camera( 1327): doStopPreview
05-02 06:07:58.941 V/EmulatedCamera_Camera( 1327): cancelPicture
05-02 06:07:58.941 V/EmulatedCamera_Camera( 1327): releaseCamera
05-02 06:07:58.941 V/EmulatedCamera_Camera( 1327): doStopPreview
05-02 06:07:58.941 V/EmulatedCamera_FakeDevice( 1327): disconnectDevice
05-02 06:07:58.942 W/EmulatedCamera_Device( 1327): Initialize: Emulated camera device is already initialized: mState = 1
05-02 06:07:58.942 D/EmulatedCamera_FakeCamera( 1327): Initialize: Fake camera is facing back
05-02 06:07:58.943 V/EmulatedCamera_Device( 1327): initializeWhiteBalanceModes with auto, 1.000000, 1.000000
05-02 06:07:58.944 V/EmulatedCamera_Device( 1327): initializeWhiteBalanceModes with incandescent, 1.380000, 0.600000
05-02 06:07:58.944 V/EmulatedCamera_Device( 1327): initializeWhiteBalanceModes with daylight, 1.090000, 0.920000
05-02 06:07:58.944 V/EmulatedCamera_Device( 1327): initializeWhiteBalanceModes with twilight, 0.920000, 1.220000
05-02 06:07:58.944 V/EmulatedCamera_Device( 1327): setWhiteBalanceMode with white balance auto
05-02 06:07:58.945 I/CameraFlashlight( 1327): Destroying camera 0
05-02 06:07:58.945 V/EmulatedCamera_Camera( 1327): closeCamera
05-02 06:07:58.945 V/EmulatedCamera_Camera( 1327): doStopPreview
05-02 06:07:58.945 W/EmulatedCamera_Device( 1327): Initialize: Emulated camera device is already initialized: mState = 1
05-02 06:07:58.945 D/EmulatedCamera_FakeCamera( 1327): Initialize: Fake camera is facing back
05-02 06:07:58.945 V/EmulatedCamera_Device( 1327): initializeWhiteBalanceModes with auto, 1.000000, 1.000000
05-02 06:07:58.945 V/EmulatedCamera_Device( 1327): initializeWhiteBalanceModes with incandescent, 1.380000, 0.600000
05-02 06:07:58.945 V/EmulatedCamera_Device( 1327): initializeWhiteBalanceModes with daylight, 1.090000, 0.920000
05-02 06:07:58.945 V/EmulatedCamera_Device( 1327): initializeWhiteBalanceModes with twilight, 0.920000, 1.220000
05-02 06:07:58.945 V/EmulatedCamera_Device( 1327): setWhiteBalanceMode with white balance auto
05-02 06:07:59.157 I/CameraService( 1327): disconnect: Disconnected client for camera 0 for PID 1327
05-02 06:07:59.158 D/NuPlayerDriver( 1334): reset(0xe72a8ba0) at state 4
05-02 06:07:59.158 D/NuPlayerDriver( 1334): notifyListener_l(0xe72a8ba0), (8, 0, 0), loop setting(0, 0)
05-02 06:07:59.171 D/NuPlayerDriver( 1334): notifyResetComplete(0xe72a8ba0)
05-02 06:07:59.277 D/NuPlayerDriver( 1334): reset(0xe72a8de0) at state 4
05-02 06:07:59.277 D/NuPlayerDriver( 1334): notifyListener_l(0xe72a8de0), (8, 0, 0), loop setting(0, 0)
05-02 06:07:59.288 W/art     ( 2968): Long monitor contention with owner android.ui (2999) at void com.android.server.am.AppErrors.handleShowAnrUi(android.os.Message)(AppErrors.java:925) waiters=0 in android.content.pm.ParceledListSlice com.android.server.am.ActivityManagerService.getRecentTasks(int, int, int) for 531ms
05-02 06:07:59.291 D/NuPlayerDriver( 1334): notifyResetComplete(0xe72a8de0)
05-02 06:07:59.300 I/ActivityManager( 2968): user 0 is still locked. Cannot load recents
05-02 06:07:59.301 W/art     ( 2968): Long monitor contention with owner android.ui (2999) at void com.android.server.am.AppErrors.handleShowAnrUi(android.os.Message)(AppErrors.java:925) waiters=1 in void com.android.server.am.BroadcastQueue.processNextBroadcast(boolean) for 475ms
05-02 06:07:59.438 W/art     ( 2968): Long monitor contention with owner android.ui (2999) at void com.android.server.am.AppErrors.handleShowAnrUi(android.os.Message)(AppErrors.java:925) waiters=2 in android.content.Intent com.android.server.am.ActivityManagerService.registerReceiver(android.app.IApplicationThread, java.lang.String, android.content.IIntentReceiver, android.content.IntentFilter, java.lang.String, int) for 558ms
05-02 06:07:59.440 D/NuPlayerDriver( 1334): reset(0xe72a8e40) at state 4
05-02 06:07:59.440 D/NuPlayerDriver( 1334): notifyListener_l(0xe72a8e40), (8, 0, 0), loop setting(0, 0)
05-02 06:07:59.441 D/NuPlayerDriver( 1334): notifyResetComplete(0xe72a8e40)
05-02 06:07:59.477 V/EmulatedCamera_Camera( 1327): getCameraInfo
05-02 06:07:59.478 V/EmulatedCamera_BaseCamera( 1327): getCameraInfo
05-02 06:07:59.565 V/EmulatedCamera_Camera( 1327): getCameraInfo
05-02 06:07:59.565 V/EmulatedCamera_BaseCamera( 1327): getCameraInfo
05-02 06:07:59.588 D/ZenLog  ( 2968): config: conditionChanged,ZenModeConfig[user=0,allowCalls=true,allowRepeatCallers=false,allowMessages=false,allowCallsFrom=contacts,allowMessagesFrom=contacts,allowReminders=true,allowEvents=true,allowWhenScreenOff=true,allowWhenScreenOn=true,automaticRules={370bd6672ef541ba946db9ac4aef0faf=ZenRule[enabled=false,snoozing=false,name=Weeknight,zenMode=ZEN_MODE_ALARMS,conditionId=condition://android/schedule?days=1.2.3.4.5&start=22.0&end=7.0&exitAtAlarm=false,condition=Condition[id=condition://android/schedule?days=1.2.3.4.5&start=22.0&end=7.0&exitAtAlarm=false,summary=...,line1=...,line2=...,icon=0,state=STATE_FALSE,flags=2],component=ComponentInfo{android/com.android.server.notification.ScheduleConditionProvider},id=370bd6672ef541ba946db9ac4aef0faf,creationTime=1590622727817,enabler=null], a53ffdf89c814123a52adbdd46bc948d=ZenRule[enabled=false,snoozing=false,name=Weekend,zenMode=ZEN_MODE_ALARMS,conditionId=condition://android/schedule?days=6.7&start=23.30&end=10.0&exitAtAlarm=false,condition=Condition[id=condition://android/schedule?days=6.7&start=23.30&end=10.0&exitAtAlarm=false,summary=...,line1=...,line2=...,icon=0,state=STATE_TRUE,flags=2],component=ComponentInfo{android/com.android.server.notification.ScheduleConditionProvider},id=a53ffdf89c814123a52adbdd46bc948d,creationTime=1590622727818,enabler=null], fc8bb1aacabb4877a1d1d167106f6e77=ZenRule[enabled=false,snoozing=false,name=Event,zenMode=ZEN_MODE_ALARMS,conditionId=condition://android/event?userId=-10000&calendar=&reply=1,condition=Condition[id=condition://android/event?userId=-10000&calendar=&reply=1,summary=...,line1=...,line2=...,icon=0,state=STATE_FALSE,flags=2],component=ComponentInfo{android/com.android.server.notification.EventConditionProvider},id=fc8bb1aacabb4877a1d1d167106f6e77,creationTime=1590622727822,enabler=null]},manualRule=null],Diff[automaticRule[a53ffdf89c814123a52adbdd46bc948d].condition:Condition[id=condition://android/schedule?days=6.7&start=23.30&end=10.0&exitAtAlarm=false,summary=...,line1=...,line2=...,icon=0,state=STATE_FALSE,flags=2]->Condition[id=condition://android/schedule?days=6.7&start=23.30&end=10.0&exitAtAlarm=false,summary=...,line1=...,line2=...,icon=0,state=STATE_TRUE,flags=2]]
05-02 06:07:59.604 W/SystemConfig( 3414): No directory /system/etc/sysconfig, skipping
05-02 06:07:59.662 V/KeyguardServiceDelegate( 2968): *** Keyguard started
05-02 06:07:59.766 W/KeyguardServiceDelegate( 2968): onScreenTurningOn(): no keyguard service!
