05-24 04:33:49.827 V/EmulatedCamera_CallbackNotifier( 1328):     CAMERA_MSG_COMPRESSED_IMAGE
05-24 04:33:49.827 V/EmulatedCamera_CallbackNotifier( 1328):     CAMERA_MSG_RAW_IMAGE_NOTIFY
05-24 04:33:49.827 V/EmulatedCamera_CallbackNotifier( 1328):     CAMERA_MSG_PREVIEW_METADATA
05-24 04:33:49.827 V/EmulatedCamera_CallbackNotifier( 1328): **** Currently enabled messages:
05-24 04:33:49.827 V/EmulatedCamera_Preview( 1328): setPreviewWindow: current: 0x0 -> new: 0x0
05-24 04:33:49.827 V/EmulatedCamera_Camera( 1328): doStopPreview
05-24 04:33:49.831 V/EmulatedCamera_Camera( 1328): cancelPicture
05-24 04:33:49.831 V/EmulatedCamera_Camera( 1328): releaseCamera
05-24 04:33:49.831 V/EmulatedCamera_Camera( 1328): doStopPreview
05-24 04:33:49.831 V/EmulatedCamera_FakeDevice( 1328): disconnectDevice
05-24 04:33:49.831 W/EmulatedCamera_Device( 1328): Initialize: Emulated camera device is already initialized: mState = 1
05-24 04:33:49.832 D/EmulatedCamera_FakeCamera( 1328): Initialize: Fake camera is facing back
05-24 04:33:49.876 V/EmulatedCamera_Device( 1328): initializeWhiteBalanceModes with auto, 1.000000, 1.000000
05-24 04:33:49.877 V/EmulatedCamera_Device( 1328): initializeWhiteBalanceModes with incandescent, 1.380000, 0.600000
05-24 04:33:49.877 V/EmulatedCamera_Device( 1328): initializeWhiteBalanceModes with daylight, 1.090000, 0.920000
05-24 04:33:49.877 V/EmulatedCamera_Device( 1328): initializeWhiteBalanceModes with twilight, 0.920000, 1.220000
05-24 04:33:49.877 V/EmulatedCamera_Device( 1328): setWhiteBalanceMode with white balance auto
05-24 04:33:49.877 I/CameraFlashlight( 1328): Destroying camera 0
05-24 04:33:49.877 V/EmulatedCamera_Camera( 1328): closeCamera
05-24 04:33:49.877 V/EmulatedCamera_Camera( 1328): doStopPreview
05-24 04:33:49.878 W/EmulatedCamera_Device( 1328): Initialize: Emulated camera device is already initialized: mState = 1
05-24 04:33:49.878 D/EmulatedCamera_FakeCamera( 1328): Initialize: Fake camera is facing back
05-24 04:33:49.878 V/EmulatedCamera_Device( 1328): initializeWhiteBalanceModes with auto, 1.000000, 1.000000
05-24 04:33:50.122 V/EmulatedCamera_Device( 1328): initializeWhiteBalanceModes with incandescent, 1.380000, 0.600000
05-24 04:33:50.123 V/EmulatedCamera_Device( 1328): initializeWhiteBalanceModes with daylight, 1.090000, 0.920000
05-24 04:33:50.123 V/EmulatedCamera_Device( 1328): initializeWhiteBalanceModes with twilight, 0.920000, 1.220000
05-24 04:33:50.123 V/EmulatedCamera_Device( 1328): setWhiteBalanceMode with white balance auto
05-24 04:33:50.469 I/CameraService( 1328): disconnect: Disconnected client for camera 0 for PID 1328
05-24 04:33:50.471 D/NuPlayerDriver( 1335): reset(0xea613240) at state 4
05-24 04:33:50.471 D/NuPlayerDriver( 1335): notifyListener_l(0xea613240), (8, 0, 0), loop setting(0, 0)
05-24 04:33:50.485 D/NuPlayerDriver( 1335): notifyResetComplete(0xea613240)
05-24 04:33:50.539 D/NuPlayerDriver( 1335): reset(0xea6130c0) at state 4
05-24 04:33:50.539 D/NuPlayerDriver( 1335): notifyListener_l(0xea6130c0), (8, 0, 0), loop setting(0, 0)
05-24 04:33:50.549 D/NuPlayerDriver( 1335): notifyResetComplete(0xea6130c0)
05-24 04:33:50.589 D/NuPlayerDriver( 1335): reset(0xebe28f60) at state 4
05-24 04:33:50.589 D/NuPlayerDriver( 1335): notifyListener_l(0xebe28f60), (8, 0, 0), loop setting(0, 0)
05-24 04:33:50.590 D/NuPlayerDriver( 1335): notifyResetComplete(0xebe28f60)
05-24 04:33:50.612 V/EmulatedCamera_Camera( 1328): getCameraInfo
05-24 04:33:50.612 V/EmulatedCamera_BaseCamera( 1328): getCameraInfo
05-24 04:33:50.663 W/art     ( 1770): Long monitor contention with owner ConditionProviders.ECP (1975) at void android.util.ArrayMap.<init>()(ArrayMap.java:-1) waiters=0 in void com.android.server.notification.EventConditionProvider.onSubscribe(android.net.Uri) for 7.008s
05-24 04:33:50.670 I/Telecom ( 1770): WiredHeadsetManager: ACTION_HEADSET_PLUG event, plugged in: false, : WHC.oADA@AAE
05-24 04:33:50.702 V/EmulatedCamera_Camera( 1328): getCameraInfo
05-24 04:33:50.702 V/EmulatedCamera_BaseCamera( 1328): getCameraInfo
05-24 04:33:51.357 I/StatusBar( 2013): isKeyguardShowing() called before startKeyguard(), returning true
05-24 04:33:51.456 W/StatusBar( 2013): isKeyguardSecure() called before startKeyguard(), returning false
05-24 04:33:51.456 W/StatusBar( 2013): java.lang.Throwable
05-24 04:33:51.456 W/StatusBar( 2013): 	at com.android.systemui.statusbar.BaseStatusBar.isKeyguardSecure(BaseStatusBar.java:2647)
05-24 04:33:51.456 W/StatusBar( 2013): 	at com.android.systemui.statusbar.BaseStatusBar.isCameraAllowedByAdmin(BaseStatusBar.java:2670)
05-24 04:33:51.456 W/StatusBar( 2013): 	at com.android.systemui.statusbar.phone.KeyguardBottomAreaView.updateCameraVisibility(KeyguardBottomAreaView.java:309)
05-24 04:33:51.456 W/StatusBar( 2013): 	at com.android.systemui.statusbar.phone.KeyguardBottomAreaView.setPhoneStatusBar(KeyguardBottomAreaView.java:272)
05-24 04:33:51.456 W/StatusBar( 2013): 	at com.android.systemui.statusbar.phone.PhoneStatusBar.makeStatusBarView(PhoneStatusBar.java:904)
05-24 04:33:51.456 W/StatusBar( 2013): 	at com.android.systemui.statusbar.phone.PhoneStatusBar.addStatusBarWindow(PhoneStatusBar.java:3432)
05-24 04:33:51.456 W/StatusBar( 2013): 	at com.android.systemui.statusbar.phone.PhoneStatusBar.createAndAddWindows(PhoneStatusBar.java:3428)
05-24 04:33:51.456 W/StatusBar( 2013): 	at com.android.systemui.statusbar.BaseStatusBar.start(BaseStatusBar.java:765)
05-24 04:33:51.456 W/StatusBar( 2013): 	at com.android.systemui.statusbar.phone.PhoneStatusBar.start(PhoneStatusBar.java:686)
05-24 04:33:51.456 W/StatusBar( 2013): 	at com.android.systemui.statusbar.SystemBars.createStatusBarFromConfig(SystemBars.java:106)
05-24 04:33:51.456 W/StatusBar( 2013): 	at com.android.systemui.statusbar.SystemBars.onNoService(SystemBars.java:58)
05-24 04:33:51.456 W/StatusBar( 2013): 	at com.android.systemui.statusbar.ServiceMonitor.startService(ServiceMonitor.java:230)
05-24 04:33:51.456 W/StatusBar( 2013): 	at com.android.systemui.statusbar.ServiceMonitor.-wrap5(ServiceMonitor.java)
05-24 04:33:51.456 W/StatusBar( 2013): 	at com.android.systemui.statusbar.ServiceMonitor$1.handleMessage(ServiceMonitor.java:73)
05-24 04:33:51.456 W/StatusBar( 2013): 	at android.os.Handler.dispatchMessage(Handler.java:102)
05-24 04:33:51.456 W/StatusBar( 2013): 	at android.os.Looper.loop(Looper.java:154)
05-24 04:33:51.456 W/StatusBar( 2013): 	at android.app.ActivityThread.main(ActivityThread.java:6119)
05-24 04:33:51.456 W/StatusBar( 2013): 	at java.lang.reflect.Method.invoke(Native Method)
05-24 04:33:51.456 W/StatusBar( 2013): 	at com.android.internal.os.ZygoteInit$MethodAndArgsCaller.run(ZygoteInit.java:886)
05-24 04:33:51.456 W/StatusBar( 2013): 	at com.android.internal.os.ZygoteInit.main(ZygoteInit.java:776)
05-24 04:33:51.474 I/StatusBar( 2013): isKeyguardShowing() called before startKeyguard(), returning true
05-24 04:33:51.476 W/StatusBar( 2013): isKeyguardSecure() called before startKeyguard(), returning false
05-24 04:33:51.476 W/StatusBar( 2013): java.lang.Throwable
05-24 04:33:51.476 W/StatusBar( 2013): 	at com.android.systemui.statusbar.BaseStatusBar.isKeyguardSecure(BaseStatusBar.java:2647)
05-24 04:33:51.476 W/StatusBar( 2013): 	at com.android.systemui.statusbar.BaseStatusBar.isCameraAllowedByAdmin(BaseStatusBar.java:2670)
05-24 04:33:51.476 W/StatusBar( 2013): 	at com.android.systemui.statusbar.phone.KeyguardBottomAreaView.updateCameraVisibility(KeyguardBottomAreaView.java:309)
05-24 04:33:51.476 W/StatusBar( 2013): 	at com.android.systemui.statusbar.phone.KeyguardBottomAreaView.setUserSetupComplete(KeyguardBottomAreaView.java:281)
05-24 04:33:51.476 W/StatusBar( 2013): 	at com.android.systemui.statusbar.phone.PhoneStatusBar.makeStatusBarView(PhoneStatusBar.java:905)
05-24 04:33:51.476 W/StatusBar( 2013): 	at com.android.systemui.statusbar.phone.PhoneStatusBar.addStatusBarWindow(PhoneStatusBar.java:3432)
05-24 04:33:51.476 W/StatusBar( 2013): 	at com.android.systemui.statusbar.phone.PhoneStatusBar.createAndAddWindows(PhoneStatusBar.java:3428)
05-24 04:33:51.476 W/StatusBar( 2013): 	at com.android.systemui.statusbar.BaseStatusBar.start(BaseStatusBar.java:765)
05-24 04:33:51.476 W/StatusBar( 2013): 	at com.android.systemui.statusbar.phone.PhoneStatusBar.start(PhoneStatusBar.java:686)
05-24 04:33:51.476 W/StatusBar( 2013): 	at com.android.systemui.statusbar.SystemBars.createStatusBarFromConfig(SystemBars.java:106)
05-24 04:33:51.476 W/StatusBar( 2013): 	at com.android.systemui.statusbar.SystemBars.onNoService(SystemBars.java:58)
05-24 04:33:51.476 W/StatusBar( 2013): 	at com.android.systemui.statusbar.ServiceMonitor.startService(ServiceMonitor.java:230)
05-24 04:33:51.476 W/StatusBar( 2013): 	at com.android.systemui.statusbar.ServiceMonitor.-wrap5(ServiceMonitor.java)
05-24 04:33:51.476 W/StatusBar( 2013): 	at com.android.systemui.statusbar.ServiceMonitor$1.handleMessage(ServiceMonitor.java:73)
05-24 04:33:51.476 W/StatusBar( 2013): 	at android.os.Handler.dispatchMessage(Handler.java:102)
05-24 04:33:51.476 W/StatusBar( 2013): 	at android.os.Looper.loop(Looper.java:154)
05-24 04:33:51.476 W/StatusBar( 2013): 	at android.app.ActivityThread.main(ActivityThread.java:6119)
05-24 04:33:51.476 W/StatusBar( 2013): 	at java.lang.reflect.Method.invoke(Native Method)
05-24 04:33:51.476 W/StatusBar( 2013): 	at com.android.internal.os.ZygoteInit$MethodAndArgsCaller.run(ZygoteInit.java:886)
05-24 04:33:51.476 W/StatusBar( 2013): 	at com.android.internal.os.ZygoteInit.main(ZygoteInit.java:776)
05-24 04:33:53.080 I/LatinIME:LogUtils( 1998): Dictionary info: dictionary = main:en ; version = 54 ; date = 1414726273
05-24 04:33:53.780 W/art     ( 1770): Long monitor contention with owner ConditionProviders.ECP (1975) at void java.lang.Object.notifyAll!()(Object.java:-2) waiters=0 in void java.lang.ref.FinalizerReference.add(java.lang.Object) for 266ms
05-24 04:33:53.799 W/art     ( 1770): Long monitor contention with owner ConditionProviders.ECP (1975) at void java.lang.Object.notifyAll!()(Object.java:-2) waiters=4 in void java.lang.ref.FinalizerReference.add(java.lang.Object) for 284ms
05-24 04:33:53.912 E/ActivityThread( 2227): Failed to find provider info for com.android.contacts
05-24 04:33:53.912 W/CallerInfoCache( 2227): cursor is null
05-24 04:33:54.128 I/ActivityManager( 1770): user 0 is still locked. Cannot load recents
05-24 04:33:54.397 D/ZenLog  ( 1770): config: conditionChanged,ZenModeConfig[user=0,allowCalls=true,allowRepeatCallers=false,allowMessages=false,allowCallsFrom=contacts,allowMessagesFrom=contacts,allowReminders=true,allowEvents=true,allowWhenScreenOff=true,allowWhenScreenOn=true,automaticRules={370bd6672ef541ba946db9ac4aef0faf=ZenRule[enabled=false,snoozing=false,name=Weeknight,zenMode=ZEN_MODE_ALARMS,conditionId=condition://android/schedule?days=1.2.3.4.5&start=22.0&end=7.0&exitAtAlarm=false,condition=Condition[id=condition://android/schedule?days=1.2.3.4.5&start=22.0&end=7.0&exitAtAlarm=false,summary=...,line1=...,line2=...,icon=0,state=STATE_TRUE,flags=2],component=ComponentInfo{android/com.android.server.notification.ScheduleConditionProvider},id=370bd6672ef541ba946db9ac4aef0faf,creationTime=1590622727817,enabler=null], a53ffdf89c814123a52adbdd46bc948d=ZenRule[enabled=false,snoozing=false,name=Weekend,zenMode=ZEN_MODE_ALARMS,conditionId=condition://android/schedule?days=6.7&start=23.30&end=10.0&exitAtAlarm=false,condition=Condition[id=condition://android/schedule?days=6.7&start=23.30&end=10.0&exitAtAlarm=false,summary=...,line1=...,line2=...,icon=0,state=STATE_FALSE,flags=2],component=ComponentInfo{android/com.android.server.notification.ScheduleConditionProvider},id=a53ffdf89c814123a52adbdd46bc948d,creationTime=1590622727818,enabler=null], fc8bb1aacabb4877a1d1d167106f6e77=ZenRule[enabled=false,snoozing=false,name=Event,zenMode=ZEN_MODE_ALARMS,conditionId=condition://android/event?userId=-10000&calendar=&reply=1,condition=Condition[id=condition://android/event?userId=-10000&calendar=&reply=1,summary=...,line1=...,line2=...,icon=0,state=STATE_FALSE,flags=2],component=ComponentInfo{android/com.android.server.notification.EventConditionProvider},id=fc8bb1aacabb4877a1d1d167106f6e77,creationTime=1590622727822,enabler=null]},manualRule=null],Diff[automaticRule[370bd6672ef541ba946db9ac4aef0faf].condition:Condition[id=condition://android/schedule?days=1.2.3.4.5&start=22.0&end=7.0&exitAtAlarm=false,summary=...,line1=...,line2=...,icon=0,state=STATE_FALSE,flags=2]->Condition[id=condition://android/schedule?days=1.2.3.4.5&start=22.0&end=7.0&exitAtAlarm=false,summary=...,line1=...,line2=...,icon=0,state=STATE_TRUE,flags=2]]
05-24 04:33:54.553 D/GpsNetInitiatedHandler( 1770): location enabled :true
05-24 04:33:54.657 D/PhoneSwitcherNetworkRequstListener( 2227): got request NetworkRequest [ REQUEST id=1, [ Capabilities: INTERNET&NOT_RESTRICTED&TRUSTED&NOT_VPN] ] with score 0
05-24 04:33:54.664 D/TelephonyDebugService( 2227): TelephonyDebugService()
05-24 04:33:54.713 W/ActivityManager( 1770): Slow operation: 86ms so far, now at startProcess: getting gids from package manager
05-24 04:33:54.715 W/ActivityManager( 1770): Slow operation: 87ms so far, now at startProcess: building args
05-24 04:33:54.744 W/ActivityManager( 1770): Slow operation: 117ms so far, now at startProcess: asking zygote to start proc
05-24 04:33:54.846 W/ActivityManager( 1770): Slow operation: 218ms so far, now at startProcess: returned from zygote!
05-24 04:33:54.847 W/ActivityManager( 1770): Slow operation: 219ms so far, now at startProcess: done updating battery stats
05-24 04:33:54.847 W/ActivityManager( 1770): Slow operation: 220ms so far, now at startProcess: building log message
05-24 04:33:54.848 I/ActivityManager( 1770): Start proc 2377:com.android.cellbroadcastreceiver/u0a4 for broadcast com.android.cellbroadcastreceiver/.CellBroadcastReceiver
05-24 04:33:54.848 W/ActivityManager( 1770): Slow operation: 220ms so far, now at startProcess: starting to update pids map
05-24 04:33:54.848 W/ActivityManager( 1770): Slow operation: 221ms so far, now at startProcess: done updating pids map
05-24 04:33:54.848 W/ActivityManager( 1770): Slow operation: 223ms so far, now at startProcess: done starting proc!
05-24 04:33:54.849 W/art     ( 1770): Long monitor contention with owner main (1770) at void com.android.server.am.BroadcastQueue.processNextBroadcast(boolean)(BroadcastQueue.java:760) waiters=1 in void com.android.server.am.ActivityManagerService.dispatchUidsChanged() for 195ms
05-24 04:33:54.946 D/CarrierConfigLoader( 2227): mHandler: 12 phoneId: 0
05-24 04:33:55.295 W/art     ( 2377): Unexpected CPU variant for X86 using defaults: x86_64
05-24 04:33:55.386 V/EmulatedCamera_Camera( 1328): getCameraInfo
05-24 04:33:55.386 V/EmulatedCamera_BaseCamera( 1328): getCameraInfo
05-24 04:33:55.388 V/EmulatedCamera_Camera( 1328): getCameraInfo
05-24 04:33:55.388 V/EmulatedCamera_BaseCamera( 1328): getCameraInfo
05-24 04:33:55.901 D/AccessibilityManagerService( 1770): Ignoring non-encryption-aware service ComponentInfo{com.example.android.apis/com.example.android.apis.accessibility.ClockBackService}
05-24 04:33:55.901 D/AccessibilityManagerService( 1770): Ignoring non-encryption-aware service ComponentInfo{com.example.android.apis/com.example.android.apis.accessibility.MagnificationService}
05-24 04:33:55.901 D/AccessibilityManagerService( 1770): Ignoring non-encryption-aware service ComponentInfo{com.example.android.apis/com.example.android.apis.accessibility.TaskBackService}
05-24 04:33:56.572 W/VibratorService( 1770): Tried to stop vibrating but there is no vibrator device.
05-24 04:33:56.715 D/ConditionProviders.SCP( 1770): onReceive android.intent.action.TIME_SET
05-24 04:33:56.717 D/ConditionProviders.SCP( 1770): notifyCondition condition://android/schedule?days=6.7&start=23.30&end=10.0&exitAtAlarm=false STATE_FALSE reason=!meetsSchedule
05-24 04:33:56.719 D/ConditionProviders.SCP( 1770): notifyCondition condition://android/schedule?days=1.2.3.4.5&start=22.0&end=7.0&exitAtAlarm=false STATE_TRUE reason=meetsSchedule
05-24 04:33:56.721 D/ConditionProviders.SCP( 1770): Scheduling evaluate for Mon May 24 07:00:00 UTC 2021 (1621839600000), in +2h26m3s284ms, now=Mon May 24 04:33:56 UTC 2021 (1621830836716)
05-24 04:33:57.197 D/ZenLog  ( 1770): set_zen_mode: off,conditionChanged
05-24 04:33:57.616 I/StatusBar( 2013): isKeyguardShowing() called before startKeyguard(), returning true
05-24 04:33:57.618 W/StatusBar( 2013): isKeyguardSecure() called before startKeyguard(), returning false
05-24 04:33:57.618 W/StatusBar( 2013): java.lang.Throwable
05-24 04:33:57.618 W/StatusBar( 2013): 	at com.android.systemui.statusbar.BaseStatusBar.isKeyguardSecure(BaseStatusBar.java:2647)
05-24 04:33:57.618 W/StatusBar( 2013): 	at com.android.systemui.statusbar.BaseStatusBar.isCameraAllowedByAdmin(BaseStatusBar.java:2670)
05-24 04:33:57.618 W/StatusBar( 2013): 	at com.android.systemui.statusbar.phone.KeyguardBottomAreaView.updateCameraVisibility(KeyguardBottomAreaView.java:309)
05-24 04:33:57.618 W/StatusBar( 2013): 	at com.android.systemui.statusbar.phone.KeyguardBottomAreaView.setUserSetupComplete(KeyguardBottomAreaView.java:281)
05-24 04:33:57.618 W/StatusBar( 2013): 	at com.android.systemui.statusbar.phone.PhoneStatusBar$1.onChange(PhoneStatusBar.java:441)
05-24 04:33:57.618 W/StatusBar( 2013): 	at com.android.systemui.statusbar.phone.PhoneStatusBar.resetUserSetupObserver(PhoneStatusBar.java:3676)
05-24 04:33:57.618 W/StatusBar( 2013): 	at com.android.systemui.statusbar.phone.PhoneStatusBar.makeStatusBarView(PhoneStatusBar.java:1008)
05-24 04:33:57.618 W/StatusBar( 2013): 	at com.android.systemui.statusbar.phone.PhoneStatusBar.addStatusBarWindow(PhoneStatusBar.java:3432)
05-24 04:33:57.618 W/StatusBar( 2013): 	at com.android.systemui.statusbar.phone.PhoneStatusBar.createAndAddWindows(PhoneStatusBar.java:3428)
05-24 04:33:57.618 W/StatusBar( 2013): 	at com.android.systemui.statusbar.BaseStatusBar.start(BaseStatusBar.java:765)
05-24 04:33:57.618 W/StatusBar( 2013): 	at com.android.systemui.statusbar.phone.PhoneStatusBar.start(PhoneStatusBar.java:686)
05-24 04:33:57.618 W/StatusBar( 2013): 	at com.android.systemui.statusbar.SystemBars.createStatusBarFromConfig(SystemBars.java:106)
05-24 04:33:57.618 W/StatusBar( 2013): 	at com.android.systemui.statusbar.SystemBars.onNoService(SystemBars.java:58)
05-24 04:33:57.618 W/StatusBar( 2013): 	at com.android.systemui.statusbar.ServiceMonitor.startService(ServiceMonitor.java:230)
05-24 04:33:57.618 W/StatusBar( 2013): 	at com.android.systemui.statusbar.ServiceMonitor.-wrap5(ServiceMonitor.java)
05-24 04:33:57.618 W/StatusBar( 2013): 	at com.android.systemui.statusbar.ServiceMonitor$1.handleMessage(ServiceMonitor.java:73)
05-24 04:33:57.618 W/StatusBar( 2013): 	at android.os.Handler.dispatchMessage(Handler.java:102)
05-24 04:33:57.618 W/StatusBar( 2013): 	at android.os.Looper.loop(Looper.java:154)
05-24 04:33:57.618 W/StatusBar( 2013): 	at android.app.ActivityThread.main(ActivityThread.java:6119)
05-24 04:33:57.618 W/StatusBar( 2013): 	at java.lang.reflect.Method.invoke(Native Method)
05-24 04:33:57.618 W/StatusBar( 2013): 	at com.android.internal.os.ZygoteInit$MethodAndArgsCaller.run(ZygoteInit.java:886)
05-24 04:33:57.618 W/StatusBar( 2013): 	at com.android.internal.os.ZygoteInit.main(ZygoteInit.java:776)
05-24 04:33:58.038 E/SurfaceFlinger( 1321): ro.sf.lcd_density must be defined as a build property
05-24 04:33:58.056 D/OpenGLRenderer( 2013): profile bars disabled
05-24 04:33:58.058 D/OpenGLRenderer( 2013): ambientRatio = 1.50
05-24 04:33:58.211 W/System  ( 2377): ClassLoader referenced unknown path: /system/priv-app/CellBroadcastReceiver/lib/x86_64
05-24 04:33:58.359 D/PhoneStatusBar( 2013): disable: < EXPAND* icons alerts system_info BACK* HOME* RECENT* clock SEARCH* quick_settings >
05-24 04:33:58.571 W/art     ( 1770): Long monitor contention with owner ActivityManager (1814) at void com.android.server.am.BroadcastQueue.processNextBroadcast(boolean)(BroadcastQueue.java:760) waiters=0 in android.content.Intent com.android.server.am.ActivityManagerService.registerReceiver(android.app.IApplicationThread, java.lang.String, android.content.IIntentReceiver, android.content.IntentFilter, java.lang.String, int) for 4.390s
05-24 04:33:58.776 E/ActivityThread( 1770): Failed to find provider info for com.android.calendar
05-24 04:33:59.087 E/ActivityThread( 1770): Failed to find provider info for com.android.calendar
05-24 04:34:01.071 I/Choreographer( 2250): Skipped 69 frames!  The application may be doing too much work on its main thread.
05-24 04:34:01.744 W/ActivityManager( 1770): Timeout executing service: ServiceRecord{ba9f27a u0 com.android.systemui/.keyguard.KeyguardService}
05-24 04:34:02.872 I/Process ( 1770): Sending signal. PID: 2013 SIG: 3
05-24 04:34:03.024 I/art     ( 2013): Thread[3,tid=2023,WaitingInMainSignalCatcherLoop,Thread*=0x7a9850496400,peer=0x12c005e0,"Signal Catcher"]: reacting to signal 3
05-24 04:34:03.024 I/art     ( 2013): 
05-24 04:34:03.117 D/PhoneStatusBar( 2013): heads up is enabled
05-24 04:34:03.589 W/art     ( 1770): Long monitor contention with owner BackgroundDexOptService_PostBootUpdate (2413) at void com.android.server.power.PowerManagerService.acquireWakeLockInternal(android.os.IBinder, int, java.lang.String, java.lang.String, android.os.WorkSource, java.lang.String, int, int)(PowerManagerService.java:862) waiters=0 in void com.android.server.power.PowerManagerService.handleSandman() for 194ms
05-24 04:34:04.188 E/ActivityManager( 1770): ANR in com.android.systemui
05-24 04:34:04.188 E/ActivityManager( 1770): PID: 2013
05-24 04:34:04.188 E/ActivityManager( 1770): Reason: executing service com.android.systemui/.keyguard.KeyguardService
05-24 04:34:04.188 E/ActivityManager( 1770): Load: 0.0 / 0.0 / 0.0
05-24 04:34:04.188 E/ActivityManager( 1770): CPU usage from 24942ms to 0ms ago (2021-05-24 04:33:36.781 to 2021-05-24 04:34:01.755):
05-24 04:34:04.188 E/ActivityManager( 1770):   98% 1321/surfaceflinger: 26% user + 71% kernel / faults: 1 minor
05-24 04:34:04.188 E/ActivityManager( 1770):   27% 1770/system_server: 4.7% user + 22% kernel / faults: 4589 minor 44 major
05-24 04:34:04.188 E/ActivityManager( 1770):   26% 1379/bootanimation: 4.2% user + 22% kernel
05-24 04:34:04.188 E/ActivityManager( 1770):   13% 2250/com.android.settings: 2.7% user + 10% kernel / faults: 68 minor
05-24 04:34:04.188 E/ActivityManager( 1770):   6.8% 2013/com.android.systemui: 1% user + 5.7% kernel / faults: 1640 minor 3 major
05-24 04:34:04.188 E/ActivityManager( 1770):   3.9% 2227/com.android.phone: 0.5% user + 3.4% kernel / faults: 1066 minor 15 major
05-24 04:34:04.188 E/ActivityManager( 1770):   1.3% 1324/adbd: 0% user + 1.3% kernel / faults: 863 minor
05-24 04:34:04.188 E/ActivityManager( 1770):   1.2% 8/rcu_preempt: 0% user + 1.2% kernel
05-24 04:34:04.188 E/ActivityManager( 1770):   0.9% 1335/mediaserver: 0% user + 0.9% kernel / faults: 136 minor 1 major
05-24 04:34:04.188 E/ActivityManager( 1770):   0.7% 1320/servicemanager: 0.2% user + 0.5% kernel
05-24 04:34:04.188 E/ActivityManager( 1770):   0.7% 1328/cameraserver: 0.1% user + 0.6% kernel / faults: 79 minor
05-24 04:34:04.188 E/ActivityManager( 1770):   0.6% 1334/media.extractor: 0% user + 0.6% kernel / faults: 49 minor
05-24 04:34:04.188 E/ActivityManager( 1770):   0.6% 1267/logd: 0% user + 0.5% kernel / faults: 37 minor
05-24 04:34:04.188 E/ActivityManager( 1770):   0.4% 1327/audioserver: 0% user + 0.4% kernel
05-24 04:34:04.188 E/ActivityManager( 1770):   0.2% 1998/com.android.inputmethod.latin: 0% user + 0.2% kernel / faults: 59 minor
05-24 04:34:04.188 E/ActivityManager( 1770):   0.2% 1354/logcat: 0% user + 0.2% kernel
05-24 04:34:04.188 E/ActivityManager( 1770):   0.2% 12/ksoftirqd/1: 0% user + 0.2% kernel
05-24 04:34:04.188 E/ActivityManager( 1770):   0.2% 1325/zygote64: 0% user + 0.1% kernel / faults: 157 minor
05-24 04:34:04.188 E/ActivityManager( 1770):   0.1% 3/ksoftirqd/0: 0% user + 0.1% kernel
05-24 04:34:04.188 E/ActivityManager( 1770):   0.1% 6/kworker/u4:0: 0% user + 0.1% kernel
05-24 04:34:04.188 E/ActivityManager( 1770):   0.1% 1255/kworker/0:1H: 0% user + 0.1% kernel
05-24 04:34:04.188 E/ActivityManager( 1770):   0.1% 1265/jbd2/vdc-8: 0% user + 0.1% kernel
05-24 04:34:04.188 E/ActivityManager( 1770):   0% 1331/keystore: 0% user + 0% kernel
05-24 04:34:04.188 E/ActivityManager( 1770):   0% 1//init: 0% user + 0% kernel
05-24 04:34:04.188 E/ActivityManager( 1770):   0% 1316/healthd: 0% user + 0% kernel
05-24 04:34:04.188 E/ActivityManager( 1770):   0% 1338/rild: 0% user + 0% kernel / faults: 1 minor
05-24 04:34:04.188 E/ActivityManager( 1770):   0% 673/kworker/1:1: 0% user + 0% kernel
05-24 04:34:04.188 E/ActivityManager( 1770):   0% 809/kworker/0:2: 0% user + 0% kernel
05-24 04:34:04.188 E/ActivityManager( 1770):   0% 1319/lmkd: 0% user + 0% kernel
05-24 04:34:04.188 E/ActivityManager( 1770):   0% 1340/fingerprintd: 0% user + 0% kernel
05-24 04:34:04.188 E/ActivityManager( 1770):  +0% 2377/com.android.cellbroadcastreceiver: 0% user + 0% kernel
05-24 04:34:04.188 E/ActivityManager( 1770): 100% TOTAL: 25% user + 74% kernel + 0.6% softirq
05-24 04:34:04.188 E/ActivityManager( 1770): CPU usage from 215723ms to 215723ms ago (1970-01-01 00:00:00.000 to 1970-01-01 00:00:00.000) with 0% awake:
05-24 04:34:04.188 E/ActivityManager( 1770): 0% TOTAL: 0% user + 0% kernel
05-24 04:34:04.226 I/ActivityManager( 1770): Killing 2013:com.android.systemui/u0a21 (adj -800): bg anr
05-24 04:34:05.746 W/GnssLocationProvider( 1770): Could not open GPS configuration file /etc/gps.conf
05-24 04:34:05.753 E/GnssLocationProvider( 1770): no AGPS interface in set_agps_server
05-24 04:34:05.904 I/GnssLocationProvider( 1770): WakeLock released by handleMessage(13, 0, null)
05-24 04:34:05.906 E/GnssLocationProvider( 1770): no AGPS interface in set_agps_server
05-24 04:34:06.649 W/art     ( 1770): Long monitor contention with owner ConditionProviders.ECP (1975) at boolean android.os.MessageQueue.enqueueMessage(android.os.Message, long)(MessageQueue.java:541) waiters=0 in android.os.Message android.os.MessageQueue.next() for 1.693s
05-24 04:34:06.707 W/art     ( 1770): Long monitor contention with owner ConditionProviders.ECP (1975) at boolean android.os.MessageQueue.enqueueMessage(android.os.Message, long)(MessageQueue.java:541) waiters=2 in void android.os.MessageQueue.removeMessages(android.os.Handler, java.lang.Runnable, java.lang.Object) for 800ms
05-24 04:34:06.713 W/art     ( 1770): Long monitor contention with owner ConditionProviders.ECP (1975) at boolean android.os.MessageQueue.enqueueMessage(android.os.Message, long)(MessageQueue.java:541) waiters=1 in void android.os.MessageQueue.removeMessages(android.os.Handler, java.lang.Runnable, java.lang.Object) for 1.734s
05-24 04:34:07.478 W/art     ( 1770): Long monitor contention with owner android.bg (1812) at boolean android.os.MessageQueue.enqueueMessage(android.os.Message, long)(MessageQueue.java:541) waiters=0 in android.os.Message android.os.MessageQueue.next() for 769ms
05-24 04:34:07.480 W/art     ( 1770): Long monitor contention with owner android.bg (1812) at void com.android.server.power.PowerManagerService.releaseWakeLockInternal(android.os.IBinder, int)(PowerManagerService.java:937) waiters=0 in void com.android.server.power.PowerManagerService.releaseWakeLockInternal(android.os.IBinder, int) for 766ms
05-24 04:34:07.573 I/GnssLocationProvider( 1770): WakeLock released by handleMessage(2, 1, null)
05-24 04:34:08.350 I/SyncManager( 1770): Got SyncJobService instance.
05-24 04:34:08.903 I/FusedLocation( 1770): engine started (com.android.location.fused)
05-24 04:34:10.056 W/BroadcastQueue( 1770): Timeout of broadcast BroadcastRecord{8a16e80 u-1 android.intent.action.TIME_TICK} - receiver=android.os.BinderProxy@85a5e56, started 10022ms ago
05-24 04:34:10.056 W/BroadcastQueue( 1770): Receiver during timeout: BroadcastFilter{c1883c4 u0 ReceiverList{3bc8ed7 2013 com.android.systemui/10021/u0 remote:85a5e56}}
05-24 04:34:10.248 I/ActivityManager( 1770): Skipping duplicate ANR: ProcessRecord{4fad602 2013:com.android.systemui/u0a21} Broadcast of Intent { act=android.intent.action.TIME_TICK flg=0x50000014 (has extras) }
05-24 04:34:11.584 W/WindowManager( 1770): ***** BOOT TIMEOUT: forcing display enabled
05-24 04:34:11.595 I/SurfaceFlinger( 1321): Boot is finished (208796 ms)
05-24 04:34:11.813 I/SystemServiceManager( 1770): Starting phase 1000
05-24 04:34:12.045 W/ActivityManager( 1770): Slow operation: 94ms so far, now at startProcess: done creating new process record
05-24 04:34:12.045 W/ActivityManager( 1770): Slow operation: 94ms so far, now at startProcess: stepping in to startProcess
05-24 04:34:12.693 W/ActivityManager( 1770): Slow operation: 648ms so far, now at startProcess: returned from zygote!
05-24 04:34:12.694 W/ActivityManager( 1770): Slow operation: 648ms so far, now at startProcess: done updating battery stats
05-24 04:34:12.695 W/ActivityManager( 1770): Slow operation: 649ms so far, now at startProcess: building log message
05-24 04:34:12.695 I/ActivityManager( 1770): Start proc 2452:com.android.deskclock/u0a31 for broadcast com.android.deskclock/.AlarmInitReceiver
05-24 04:34:12.695 W/ActivityManager( 1770): Slow operation: 650ms so far, now at startProcess: starting to update pids map
05-24 04:34:12.695 W/ActivityManager( 1770): Slow operation: 650ms so far, now at startProcess: done updating pids map
05-24 04:34:12.695 W/ActivityManager( 1770): Slow operation: 745ms so far, now at startProcess: done starting proc!
05-24 04:34:12.696 W/art     ( 1770): Long monitor contention with owner Binder:1770_1 (1792) at void com.android.server.am.BroadcastQueue.processNextBroadcast(boolean)(BroadcastQueue.java:760) waiters=0 in void com.android.server.am.ActivityManagerService.finishBooting() for 750ms
05-24 04:34:13.032 W/ActivityManager( 1770): Slow operation: 335ms so far, now at startProcess: returned from zygote!
05-24 04:34:13.073 W/ActivityManager( 1770): Slow operation: 376ms so far, now at startProcess: done updating battery stats
05-24 04:34:13.073 W/ActivityManager( 1770): Slow operation: 377ms so far, now at startProcess: building log message
05-24 04:34:13.074 I/ActivityManager( 1770): Start proc 2457:android.ext.services/u0a12 for on-hold
05-24 04:34:13.074 W/ActivityManager( 1770): Slow operation: 377ms so far, now at startProcess: starting to update pids map
05-24 04:34:13.074 W/ActivityManager( 1770): Slow operation: 377ms so far, now at startProcess: done updating pids map
05-24 04:34:13.117 D/ActivityManager( 1770): Finishing user boot 0
05-24 04:34:13.128 D/CryptdConnector( 1770): SND -> {3 cryptfs prepare_user_storage ! 0 0 2}
05-24 04:34:13.176 W/art     ( 2457): Unexpected CPU variant for X86 using defaults: x86_64
05-24 04:34:13.205 W/art     ( 2452): Unexpected CPU variant for X86 using defaults: x86_64
05-24 04:34:13.209 D/vold    ( 1270): e4crypt_prepare_user_storage for volume null, user 0, serial 0, flags 2
05-24 04:34:13.210 D/vold    ( 1270): Preparing: /data/system_ce/0
05-24 04:34:13.211 D/vold    ( 1270): Preparing: /data/misc_ce/0
05-24 04:34:13.211 D/vold    ( 1270): Preparing: /data/media/0
05-24 04:34:13.211 D/vold    ( 1270): Preparing: /data/data
05-24 04:34:13.216 D/CryptdConnector( 1770): RCV <- {200 3 Command succeeded}
05-24 04:34:13.231 V/UserManagerService( 1770): Found /data/user/0 with serial number 0
05-24 04:34:13.231 V/UserManagerService( 1770): Found /data/system_ce/0 with serial number 0
05-24 04:34:13.251 V/PackageManager( 1770): reconcileAppsData for null u0 0x2
05-24 04:34:14.331 E/NetdConnector( 1770): NDC Command {18 firewall disable_chain standby} took too long (2319ms)
05-24 04:34:14.387 I/WindowManager( 1770): WIN DEATH: Window{431f9ab u0 StatusBar}
05-24 04:34:14.576 W/AudioService( 1770): Current remote volume controller died, unregistering
05-24 04:34:14.578 W/InputDispatcher( 1770): channel '7f41468 DockedStackDivider (server)' ~ Consumer closed input channel or an error occurred.  events=0x9
05-24 04:34:14.578 E/InputDispatcher( 1770): channel '7f41468 DockedStackDivider (server)' ~ Channel is unrecoverably broken and will be disposed!
05-24 04:34:14.580 W/InputDispatcher( 1770): channel 'd08a39b AssistPreviewPanel (server)' ~ Consumer closed input channel or an error occurred.  events=0x9
05-24 04:34:14.580 E/InputDispatcher( 1770): channel 'd08a39b AssistPreviewPanel (server)' ~ Channel is unrecoverably broken and will be disposed!
05-24 04:34:14.580 W/InputDispatcher( 1770): channel 'ce86f11 NavigationBar (server)' ~ Consumer closed input channel or an error occurred.  events=0x9
05-24 04:34:14.580 E/InputDispatcher( 1770): channel 'ce86f11 NavigationBar (server)' ~ Channel is unrecoverably broken and will be disposed!
05-24 04:34:14.614 W/art     ( 1770): Long monitor contention with owner Binder:1770_5 (2037) at void com.android.server.wm.WindowState$DeathRecipient.binderDied()(WindowState.java:1806) waiters=0 in void com.android.server.wm.WindowManagerService$9.binderDied() for 184ms
05-24 04:34:14.633 I/WindowManager( 1770): WIN DEATH: Window{d08a39b u0 AssistPreviewPanel}
05-24 04:34:14.633 W/InputDispatcher( 1770): Attempted to unregister already unregistered input channel 'd08a39b AssistPreviewPanel (server)'
05-24 04:34:14.668 W/VolumeController( 1770): Error calling dismiss
05-24 04:34:14.668 W/VolumeController( 1770): android.os.DeadObjectException
05-24 04:34:14.668 W/VolumeController( 1770): 	at android.os.BinderProxy.transactNative(Native Method)
05-24 04:34:14.668 W/VolumeController( 1770): 	at android.os.BinderProxy.transact(Binder.java:615)
05-24 04:34:14.668 W/VolumeController( 1770): 	at android.media.IVolumeController$Stub$Proxy.dismiss(IVolumeController.java:162)
05-24 04:34:14.668 W/VolumeController( 1770): 	at com.android.server.audio.AudioService$VolumeController.postDismiss(AudioService.java:6138)
05-24 04:34:14.668 W/VolumeController( 1770): 	at com.android.server.audio.AudioService.setVolumeController(AudioService.java:5986)
05-24 04:34:14.668 W/VolumeController( 1770): 	at com.android.server.audio.AudioService$4.binderDied(AudioService.java:5995)
05-24 04:34:14.668 W/VolumeController( 1770): 	at android.os.BinderProxy.sendDeathNotice(Binder.java:688)
05-24 04:34:14.685 I/WindowManager( 1770): WIN DEATH: Window{ce86f11 u0 NavigationBar}
05-24 04:34:14.686 W/InputDispatcher( 1770): Attempted to unregister already unregistered input channel 'ce86f11 NavigationBar (server)'
05-24 04:34:14.733 W/WallpaperManagerService( 1770): Wallpaper service gone: ComponentInfo{com.android.systemui/com.android.systemui.ImageWallpaper}
05-24 04:34:14.743 D/ConnectivityService( 1770): ConnectivityService NetworkRequestInfo binderDied(NetworkRequest [ LISTEN id=4, [] ], android.os.BinderProxy@8caeb44)
05-24 04:34:14.770 E/ConnectivityService( 1770): RemoteException caught trying to send a callback msg for NetworkRequest [ LISTEN id=4, [] ]
05-24 04:34:14.824 W/art     ( 1770): Long monitor contention with owner Binder:1770_5 (2037) at void com.android.server.wm.WindowState$DeathRecipient.binderDied()(WindowState.java:1806) waiters=3 in void com.android.server.wm.Session.binderDied() for 265ms
05-24 04:34:14.826 W/art     ( 1770): Long monitor contention with owner Binder:1770_5 (2037) at void com.android.server.wm.WindowState$DeathRecipient.binderDied()(WindowState.java:1806) waiters=4 in void com.android.server.wm.WindowState$DeathRecipient.binderDied() for 265ms
05-24 04:34:14.826 I/WindowManager( 1770): WIN DEATH: Window{7f41468 u0 DockedStackDivider}
05-24 04:34:14.826 W/InputDispatcher( 1770): Attempted to unregister already unregistered input channel '7f41468 DockedStackDivider (server)'
05-24 04:34:16.657 V/PackageManager( 1770): reconcileAppsData finished 81 packages
05-24 04:34:16.662 W/art     ( 1770): Long monitor contention with owner Binder:1770_1 (1792) at void com.android.server.am.BroadcastQueue.processNextBroadcast(boolean)(BroadcastQueue.java:760) waiters=1 in void com.android.server.am.ActivityManagerService.dispatchUidsChanged() for 4.617s
05-24 04:34:16.673 W/art     ( 1770): Long monitor contention with owner Binder:1770_1 (1792) at void com.android.server.am.BroadcastQueue.processNextBroadcast(boolean)(BroadcastQueue.java:760) waiters=2 in android.content.Intent com.android.server.am.ActivityManagerService.registerReceiver(android.app.IApplicationThread, java.lang.String, android.content.IIntentReceiver, android.content.IntentFilter, java.lang.String, int) for 4.607s
05-24 04:34:16.674 W/art     ( 1770): Long monitor contention with owner android.display (1831) at void com.android.server.am.ActivityManagerService.finishBooting()(ActivityManagerService.java:6823) waiters=2 in void com.android.server.am.ActivityManagerService.trimApplications() for 3.907s
05-24 04:34:16.675 W/art     ( 1770): Long monitor contention with owner android.display (1831) at void com.android.server.am.ActivityManagerService.finishBooting()(ActivityManagerService.java:6823) waiters=3 in void com.android.server.am.BroadcastQueue.processNextBroadcast(boolean) for 3.553s
05-24 04:34:16.677 D/MountService( 1770): onUnlockUser 0
05-24 04:34:16.678 D/VoldConnector( 1770): SND -> {8 volume user_started 0}
05-24 04:34:16.681 W/art     ( 1770): Long monitor contention with owner android.display (1831) at void com.android.server.am.ActivityManagerService.finishBooting()(ActivityManagerService.java:6823) waiters=4 in void com.android.server.am.ActivityManagerService.attachApplication(android.app.IApplicationThread) for 3.047s
05-24 04:34:16.682 W/art     ( 1770): Long monitor contention with owner android.display (1831) at void com.android.server.am.ActivityManagerService.finishBooting()(ActivityManagerService.java:6823) waiters=5 in void com.android.server.am.ActivityManagerService.attachApplication(android.app.IApplicationThread) for 3.002s
05-24 04:34:16.770 D/vold    ( 1270): Linking /storage/emulated/0 to /mnt/user/0/primary
05-24 04:34:16.772 D/VoldConnector( 1770): RCV <- {200 8 Command succeeded}
05-24 04:34:16.839 D/MountService( 1770): Volume public:253,48 broadcasting mounted to UserHandle{0}
05-24 04:34:16.854 W/art     ( 1770): Long monitor contention with owner android.display (1831) at void com.android.server.am.ActivityManagerService.finishBooting()(ActivityManagerService.java:6823) waiters=6 in void com.android.server.am.ActivityManagerService$AppDeathRecipient.binderDied() for 2.163s
05-24 04:34:16.855 I/ActivityManager( 1770): Process com.android.systemui (pid 2013) has died
05-24 04:34:16.856 D/ActivityManager( 1770): cleanUpApplicationRecord -- 2013
05-24 04:34:16.857 W/ActivityManager( 1770): Scheduling restart of crashed service com.android.systemui/.ImageWallpaper in 0ms
05-24 04:34:16.905 W/ActivityManager( 1770): Scheduling restart of crashed service com.android.systemui/.keyguard.KeyguardService in 0ms
05-24 04:34:16.906 W/ActivityManager( 1770): Scheduling restart of crashed service com.android.systemui/.SystemUIService in 0ms
05-24 04:34:16.953 W/ActivityManager( 1770): Re-adding persistent process ProcessRecord{4fad602 2013:com.android.systemui/u0a21}
05-24 04:34:17.060 W/art     ( 2492): Unexpected CPU variant for X86 using defaults: x86_64
05-24 04:34:17.106 W/ActivityManager( 1770): Slow operation: 153ms so far, now at startProcess: returned from zygote!
05-24 04:34:17.107 W/ActivityManager( 1770): Slow operation: 153ms so far, now at startProcess: done updating battery stats
05-24 04:34:17.108 W/ActivityManager( 1770): Slow operation: 154ms so far, now at startProcess: building log message
05-24 04:34:17.108 I/ActivityManager( 1770): Start proc 2492:com.android.systemui/u0a21 for restart com.android.systemui
05-24 04:34:17.108 W/ActivityManager( 1770): Slow operation: 154ms so far, now at startProcess: starting to update pids map
05-24 04:34:17.108 W/ActivityManager( 1770): Slow operation: 154ms so far, now at startProcess: done updating pids map
05-24 04:34:17.121 W/art     ( 1770): Long monitor contention with owner Binder:1770_2 (1794) at void com.android.server.am.ActivityManagerService.attachApplication(android.app.IApplicationThread)(ActivityManagerService.java:6669) waiters=2 in void com.android.server.am.ActivityManagerService.attachApplication(android.app.IApplicationThread) for 415ms
05-24 04:34:17.204 W/art     ( 1770): Long monitor contention with owner Binder:1770_5 (2037) at void com.android.server.am.ActivityManagerService$AppDeathRecipient.binderDied()(ActivityManagerService.java:1475) waiters=2 in void com.android.server.am.ActivityManagerService.dispatchUidsChanged() for 349ms
05-24 04:34:17.300 W/art     ( 1770): Long monitor contention with owner Binder:1770_5 (2037) at void com.android.server.am.ActivityManagerService$AppDeathRecipient.binderDied()(ActivityManagerService.java:1475) waiters=3 in int com.android.server.am.ActivityManagerService.broadcastIntent(android.app.IApplicationThread, android.content.Intent, java.lang.String, android.content.IIntentReceiver, int, java.lang.String, android.os.Bundle, java.lang.String[], int, android.os.Bundle, boolean, boolean, int) for 439ms
05-24 04:34:17.303 W/art     ( 1770): Long monitor contention with owner Binder:1770_5 (2037) at void com.android.server.am.ActivityManagerService$AppDeathRecipient.binderDied()(ActivityManagerService.java:1475) waiters=5 in boolean com.android.server.am.ActivityManagerService.isUserRunning(int, int) for 379ms
05-24 04:34:17.358 D/MountService( 1770): Volume emulated broadcasting mounted to UserHandle{0}
05-24 04:34:17.594 W/art     ( 1770): Suspending all threads took: 16.557ms
05-24 04:34:17.842 W/System  ( 2457): ClassLoader referenced unknown path: /system/priv-app/ExtServices/lib/x86_64
05-24 04:34:17.893 W/art     ( 1770): Long monitor contention with owner android.bg (1812) at boolean com.android.server.am.ActivityManagerService.isUserRunning(int, int)(ActivityManagerService.java:21741) waiters=0 in android.content.Intent com.android.server.am.ActivityManagerService.registerReceiver(android.app.IApplicationThread, java.lang.String, android.content.IIntentReceiver, android.content.IntentFilter, java.lang.String, int) for 230ms
05-24 04:34:17.894 W/art     ( 1770): Long monitor contention with owner android.bg (1812) at boolean com.android.server.am.ActivityManagerService.isUserRunning(int, int)(ActivityManagerService.java:21741) waiters=1 in void com.android.server.am.ActivityManagerService.attachApplication(android.app.IApplicationThread) for 130ms
05-24 04:34:17.933 I/art     ( 1770): Background sticky concurrent mark sweep GC freed 35195(2MB) AllocSpace objects, 11(500KB) LOS objects, 28% free, 9MB/13MB, paused 21.268ms total 1.066s
05-24 04:34:18.132 W/libprocessgroup( 1770): failed to open /acct/uid_10021/pid_2013/cgroup.procs: No such file or directory
05-24 04:34:18.340 V/BackupManagerService( 1770): No ancestral data
05-24 04:34:18.419 W/System  ( 2492): ClassLoader referenced unknown path: /system/priv-app/SystemUI/lib/x86_64
05-24 04:34:18.604 W/System  ( 2452): ClassLoader referenced unknown path: /system/app/DeskClock/lib/x86_64
05-24 04:34:18.804 I/BackupManagerService( 1770): Package jp.jaxa.iss.kibo.rpc.sampleapk not installed; dropping from full backup
05-24 04:34:18.871 V/BackupManagerService( 1770): Starting with transport android/com.android.internal.backup.LocalTransport
05-24 04:34:18.872 V/BackupManagerService( 1770): Found transports: 1
05-24 04:34:18.896 W/BackupManagerService( 1770): Proposed transport ComponentInfo{android/com.android.internal.backup.LocalTransportService} not whitelisted; ignoring
05-24 04:34:18.981 I/BackupManagerService( 1770): Backup enabled => false
05-24 04:34:19.021 I/InputAttributes( 1998): InputType.TYPE_NULL is specified
05-24 04:34:19.372 V/KeyValueBackupJob( 1770): Scheduling k/v pass in 242 minutes
05-24 04:34:19.678 W/art     ( 1770): Long monitor contention with owner android.bg (1812) at int android.util.ArrayMap.indexOfKey(java.lang.Object)(ArrayMap.java:342) waiters=0 in android.content.res.Resources android.app.ResourcesManager.getOrCreateResources(android.os.IBinder, android.content.res.ResourcesKey, java.lang.ClassLoader) for 105ms
05-24 04:34:19.753 W/WallpaperManagerService( 1770): Wallpaper reconnect timed out, reverting to built-in wallpaper!
05-24 04:34:19.962 W/VoiceInteractionManagerService( 1770): no available voice interaction services found for user 0
05-24 04:34:19.973 W/VoiceInteractionManagerService( 1770): no available voice recognition services found for user 0
05-24 04:34:19.976 I/ActivityManager( 1770): Loading recents for user 0 into memory.
05-24 04:34:19.997 D/ActivityManager( 1770): Sending BOOT_COMPLETE user #0
05-24 04:34:20.188 W/ifconfig( 2510): type=1400 audit(0.0:10): avc: denied { ioctl } for path="socket:[14272]" dev="sockfs" ino=14272 ioctlcmd=8927 scontext=u:r:shell:s0 tcontext=u:r:shell:s0 tclass=udp_socket permissive=0
05-24 04:34:20.228 W/ifconfig( 2510): type=1400 audit(0.0:11): avc: denied { ioctl } for path="socket:[14272]" dev="sockfs" ino=14272 ioctlcmd=891d scontext=u:r:shell:s0 tcontext=u:r:shell:s0 tclass=udp_socket permissive=0
05-24 04:34:20.228 W/ifconfig( 2510): type=1400 audit(0.0:12): avc: denied { ioctl } for path="socket:[14272]" dev="sockfs" ino=14272 ioctlcmd=8970 scontext=u:r:shell:s0 tcontext=u:r:shell:s0 tclass=udp_socket permissive=0
05-24 04:34:20.314 W/art     ( 1770): Long monitor contention with owner android.bg (1812) at android.content.pm.ProviderInfo com.android.server.pm.PackageManagerService.resolveContentProvider(java.lang.String, int, int)(PackageManagerService.java:6460) waiters=0 in void com.android.server.pm.PackageManagerService.setPackageStoppedState(java.lang.String, boolean, int) for 119ms
05-24 04:34:20.414 D/FallbackHome( 2250): User unlocked and real home found; let's go!
05-24 04:34:20.474 D/CarrierSvcBindHelper( 2227): Received android.intent.action.USER_UNLOCKED
05-24 04:34:20.488 E/PhoneInterfaceManager( 2227): [PhoneIntfMgr] getCarrierPackageNamesForIntent: No UICC
05-24 04:34:20.488 D/CarrierSvcBindHelper( 2227): No carrier app for: 0
05-24 04:34:20.690 W/art     ( 1770): Long monitor contention with owner Binder:1770_5 (2037) at boolean com.android.server.am.ActivityManagerService.finishActivity(android.os.IBinder, int, android.content.Intent, int)(ActivityManagerService.java:4839) waiters=1 in boolean com.android.server.am.ActivityManagerService.isUserRunning(int, int) for 218ms
05-24 04:34:20.844 I/AccountManagerService( 1770): User 0 is unlocked - opening CE database
05-24 04:34:20.939 W/art     ( 1770): Long monitor contention with owner Binder:1770_1 (1792) at int com.android.server.wm.WindowManagerService.relayoutWindow(com.android.server.wm.Session, android.view.IWindow, int, android.view.WindowManager$LayoutParams, int, int, int, int, android.graphics.Rect, android.graphics.Rect, android.graphics.Rect, android.graphics.Rect, android.graphics.Rect, android.graphics.Rect, android.graphics.Rect, android.content.res.Configuration, android.view.Surface)(WindowManagerService.java:2857) waiters=0 in void com.android.server.wm.WindowManagerService.resumeKeyDispatching(android.os.IBinder) for 360ms
05-24 04:34:21.549 W/art     ( 1770): Long monitor contention with owner android.display (1831) at void com.android.server.wm.WindowManagerService$H.handleMessage(android.os.Message)(WindowManagerService.java:8368) waiters=1 in int com.android.server.wm.WindowManagerService.relayoutWindow(com.android.server.wm.Session, android.view.IWindow, int, android.view.WindowManager$LayoutParams, int, int, int, int, android.graphics.Rect, android.graphics.Rect, android.graphics.Rect, android.graphics.Rect, android.graphics.Rect, android.graphics.Rect, android.graphics.Rect, android.content.res.Configuration, android.view.Surface) for 584ms
05-24 04:34:21.626 I/Choreographer( 1770): Skipped 39 frames!  The application may be doing too much work on its main thread.
05-24 04:34:21.641 I/ActivityManager( 1770): START u0 {act=android.intent.action.MAIN cat=[android.intent.category.HOME] flg=0x10000100 cmp=com.android.launcher3/.Launcher} from uid 0 on display 0
05-24 04:34:22.090 V/SystemUIService( 2492): Starting SystemUI services for user 0.
05-24 04:34:22.093 W/art     ( 1770): Long monitor contention with owner android.display (1831) at void com.android.server.wm.WindowAnimator$1.doFrame(long)(WindowAnimator.java:144) waiters=0 in void com.android.server.wm.WindowManagerService.prepareAppTransition(int, boolean) for 115ms
05-24 04:34:22.214 I/LatinIME( 1998): Timeout waiting for dictionary load
05-24 04:34:22.430 W/art     ( 2452): Suspending all threads took: 505.324ms
05-24 04:34:22.853 W/ActivityManager( 1770): Slow operation: 553ms so far, now at startProcess: returned from zygote!
05-24 04:34:22.853 W/ActivityManager( 1770): Slow operation: 554ms so far, now at startProcess: done updating battery stats
05-24 04:34:22.854 W/ActivityManager( 1770): Slow operation: 554ms so far, now at startProcess: building log message
05-24 04:34:22.854 I/ActivityManager( 1770): Start proc 2545:com.android.launcher3/u0a42 for activity com.android.launcher3/.Launcher
05-24 04:34:22.854 W/ActivityManager( 1770): Slow operation: 555ms so far, now at startProcess: starting to update pids map
05-24 04:34:22.855 W/ActivityManager( 1770): Slow operation: 555ms so far, now at startProcess: done updating pids map
05-24 04:34:22.855 W/ActivityManager( 1770): Slow operation: 573ms so far, now at startProcess: done starting proc!
05-24 04:34:22.857 W/art     ( 1770): Long monitor contention with owner Binder:1770_8 (2486) at void com.android.server.am.ActivityManagerService.activityPaused(android.os.IBinder)(ActivityManagerService.java:6916) waiters=1 in java.lang.String com.android.server.am.ActivityManagerService.checkContentProviderAccess(java.lang.String, int) for 2.035s
