--------- beginning of main
05-24 04:30:26.970 W/auditd  ( 1267): type=2000 audit(0.0:1): initialized
05-24 04:30:29.850 I/auditd  ( 1267): type=1403 audit(0.0:2): policy loaded auid=4294967295 ses=4294967295
05-24 04:30:29.860 W/auditd  ( 1267): type=1404 audit(0.0:3): enforcing=1 old_enforcing=0 auid=4294967295 ses=4294967295
05-24 04:30:34.510 W/init    (    1): type=1400 audit(0.0:4): avc: denied { write } for name="tracing_on" dev="debugfs" ino=28 scontext=u:r:init:s0 tcontext=u:object_r:debugfs:s0 tclass=file permissive=0
05-24 04:30:36.089 I/        ( 1269): debuggerd: starting
--------- beginning of system
05-24 04:30:36.684 I/vold    ( 1270): Vold 3.0 (the awakening) firing up
05-24 04:30:36.686 V/vold    ( 1270): Detected support for: ext4 vfat
05-24 04:30:36.715 I/        ( 1268): debuggerd: starting
05-24 04:30:37.007 D/vold    ( 1270): Recognized experimental block major ID 253 as virtio-blk (emulator's virtual SD card device)
05-24 04:30:37.008 V/vold    ( 1270): /system/bin/sgdisk
05-24 04:30:37.008 V/vold    ( 1270):     --android-dump
05-24 04:30:37.008 V/vold    ( 1270):     /dev/block/vold/disk:253,48
05-24 04:30:37.091 D/vold    ( 1270): e4crypt_init_user0
05-24 04:30:37.091 D/vold    ( 1270): e4crypt_prepare_user_storage for volume null, user 0, serial 0, flags 1
05-24 04:30:37.092 D/vold    ( 1270): Preparing: /data/system/users/0
05-24 04:30:37.101 D/vold    ( 1270): Preparing: /data/misc/profiles/cur/0
05-24 04:30:37.110 D/vold    ( 1270): Preparing: /data/misc/profiles/cur/0/foreign-dex
05-24 04:30:37.113 D/vold    ( 1270): Preparing: /data/system_de/0
05-24 04:30:37.116 D/vold    ( 1270): Preparing: /data/misc_de/0
05-24 04:30:37.120 D/vold    ( 1270): Preparing: /data/user_de/0
05-24 04:30:37.131 D/vold    ( 1270): e4crypt_unlock_user_key 0 serial=0 token_present=0
05-24 04:30:37.158 I/vdc     (    1): 200 1276 Command succeeded
05-24 04:30:37.454 I//system/bin/tzdatacheck( 1313): tzdata file /data/misc/zoneinfo/current/tzdata does not exist. No action required.
05-24 04:30:37.479 V/vold    ( 1270): DISK mbr
05-24 04:30:37.479 V/vold    ( 1270): 
05-24 04:30:37.492 W/vold    ( 1270): disk:253,48 has unknown partition table; trying entire device
05-24 04:30:37.493 V/vold    ( 1270): /system/bin/blkid
05-24 04:30:37.493 V/vold    ( 1270):     -c
05-24 04:30:37.493 V/vold    ( 1270):     /dev/null
05-24 04:30:37.493 V/vold    ( 1270):     -s
05-24 04:30:37.493 V/vold    ( 1270):     TYPE
05-24 04:30:37.493 V/vold    ( 1270):     -s
05-24 04:30:37.493 V/vold    ( 1270):     UUID
05-24 04:30:37.493 V/vold    ( 1270):     -s
05-24 04:30:37.493 V/vold    ( 1270):     LABEL
05-24 04:30:37.493 V/vold    ( 1270):     /dev/block/vold/disk:253,48
05-24 04:30:38.072 V/vold    ( 1270): /dev/block/vold/disk:253,48: LABEL="SDCARD" UUID="1EFF-1C1B" TYPE="vfat" 
05-24 04:30:38.072 V/vold    ( 1270): 
05-24 04:30:38.190 W/audioserver( 1327): type=1400 audit(0.0:5): avc: denied { getattr } for path="/vendor" dev="rootfs" ino=2986 scontext=u:r:audioserver:s0 tcontext=u:object_r:rootfs:s0 tclass=lnk_file permissive=0
05-24 04:30:38.330 W/cameraserver( 1328): type=1400 audit(0.0:6): avc: denied { getattr } for path="/vendor" dev="rootfs" ino=2986 scontext=u:r:cameraserver:s0 tcontext=u:object_r:rootfs:s0 tclass=lnk_file permissive=0
05-24 04:30:38.540 W/mediadrmserver( 1333): type=1400 audit(0.0:7): avc: denied { getattr } for path="/vendor" dev="rootfs" ino=2986 scontext=u:r:mediadrmserver:s0 tcontext=u:object_r:rootfs:s0 tclass=lnk_file permissive=0
05-24 04:30:38.548 I/lowmemorykiller( 1319): Using in-kernel low memory killer interface
05-24 04:30:38.690 W/mediacodec( 1332): type=1400 audit(0.0:8): avc: denied { getattr } for path="/vendor" dev="rootfs" ino=2986 scontext=u:r:mediacodec:s0 tcontext=u:object_r:rootfs:s0 tclass=lnk_file permissive=0
05-24 04:30:38.851 I/qemu-props( 1318): connected to 'boot-properties' qemud service.
05-24 04:30:38.852 I/qemu-props( 1318): receiving..
05-24 04:30:38.853 I/qemu-props( 1318): received: qemu.cmdline=androidboot.logcat=v:* androidboot.consolepipe=qemu_pipe,pipe:logcat
05-24 04:30:38.948 I/qemu-props( 1318): receiving..
05-24 04:30:38.948 I/qemu-props( 1318): received: qemu.logcat=start
05-24 04:30:39.199 I/qemu-props( 1318): receiving..
05-24 04:30:39.199 I/qemu-props( 1318): received: ro.opengles.version=131072
05-24 04:30:39.497 I/qemu-props( 1318): receiving..
05-24 04:30:39.497 I/qemu-props( 1318): received: qemu.sf.fake_camera=back
05-24 04:30:39.620 I/qemu-props( 1318): receiving..
05-24 04:30:39.620 I/qemu-props( 1318): received: dalvik.vm.heapsize=256m
05-24 04:30:39.644 I/        ( 1330): installd firing up
05-24 04:30:39.796 I/qemu-props( 1318): receiving..
05-24 04:30:39.796 I/qemu-props( 1318): received: qemu.hw.mainkeys=0
05-24 04:30:39.877 I/fingerprintd( 1340): Starting fingerprintd
05-24 04:30:39.890 I/qemu-props( 1318): receiving..
05-24 04:30:39.890 I/qemu-props( 1318): received: qemu.sf.lcd_density=480
05-24 04:30:40.020 I/qemu-props( 1318): receiving..
05-24 04:30:40.020 I/qemu-props( 1318): received: qemu.timezone=Etc/UTC
05-24 04:30:40.034 I/qemu-props( 1318): receiving..
05-24 04:30:40.035 I/qemu-props( 1318): exiting (8 properties set).
05-24 04:30:40.573 I/perfprofd( 1349): starting Android Wide Profiling daemon
05-24 04:30:40.581 E/perfprofd( 1349): unable to open configuration file /data/data/com.google.android.gms/files/perfprofd.conf
05-24 04:30:40.584 I/perfprofd( 1349): random seed set to 11510432
05-24 04:30:40.955 I/keystore( 1331): Found keymaster0 module Keymaster OpenSSL HAL, version 2
05-24 04:30:40.956 I/SoftKeymaster( 1331): system/keymaster/soft_keymaster_device.cpp, Line 131: Creating device
05-24 04:30:40.956 D/SoftKeymaster( 1331): system/keymaster/soft_keymaster_device.cpp, Line 132: Device address: 0x7966cc63d000
05-24 04:30:40.957 I/keystore( 1331): Keymaster0 module is software-only.  Using SoftKeymasterDevice instead.
05-24 04:30:40.957 I/SoftKeymaster( 1331): system/keymaster/soft_keymaster_device.cpp, Line 131: Creating device
05-24 04:30:40.957 D/SoftKeymaster( 1331): system/keymaster/soft_keymaster_device.cpp, Line 132: Device address: 0x7966cc63d400
05-24 04:30:42.642 I/gatekeeperd( 1341): Starting gatekeeperd...
05-24 04:30:42.722 W/gatekeeperd( 1341): falling back to software GateKeeper
05-24 04:30:42.732 I/Netd    ( 1336): Netd 1.0 starting
05-24 04:30:42.770 I/SurfaceFlinger( 1321): SurfaceFlinger is starting
05-24 04:30:42.826 I/SurfaceFlinger( 1321): SurfaceFlinger's main thread ready to run. Initializing graphics H/W...
05-24 04:30:42.827 D/libEGL  ( 1321): Emulator without GPU support detected. Fallback to legacy software renderer, qemu.gles is set to 0.
05-24 04:30:42.851 D/TetherController( 1336): Setting IP forward enable = 0
05-24 04:30:43.004 D/libEGL  ( 1321): loaded /system/lib64/egl/libGLES_android.so
05-24 04:30:43.677 I/mediacodec( 1332): @@@ mediacodecservice starting
05-24 04:30:43.781 W/        ( 1332): No seccomp filter defined for this architecture.
05-24 04:30:43.844 D/gralloc_ranchu( 1321): Emulator without host-side GPU emulation detected. Loading gralloc.default.so from /vendor/lib64/hw/gralloc.goldfish.default.so...
05-24 04:30:43.848 D/gralloc_ranchu( 1321): gralloc.default.so not found in /vendor. Trying /system/lib64/hw/gralloc.goldfish.default.so...
05-24 04:30:43.884 I/gralloc ( 1321): using (fd=11)
05-24 04:30:43.884 I/gralloc ( 1321): id           = 
05-24 04:30:43.884 I/gralloc ( 1321): xres         = 1080 px
05-24 04:30:43.884 I/gralloc ( 1321): yres         = 1920 px
05-24 04:30:43.884 I/gralloc ( 1321): xres_virtual = 1080 px
05-24 04:30:43.884 I/gralloc ( 1321): yres_virtual = 3840 px
05-24 04:30:43.884 I/gralloc ( 1321): bpp          = 16
05-24 04:30:43.884 I/gralloc ( 1321): r            = 11:5
05-24 04:30:43.884 I/gralloc ( 1321): g            =  5:6
05-24 04:30:43.884 I/gralloc ( 1321): b            =  0:5
05-24 04:30:43.885 I/gralloc ( 1321): width        = 166 mm (165.253006 dpi)
05-24 04:30:43.885 I/gralloc ( 1321): height       = 296 mm (164.756760 dpi)
05-24 04:30:43.885 I/gralloc ( 1321): refresh rate = 60.00 Hz
05-24 04:30:43.896 E/SurfaceFlinger( 1321): hwcomposer module not found
05-24 04:30:43.916 W/SurfaceFlinger( 1321): no suitable EGLConfig found, trying a simpler query
05-24 04:30:43.916 W/SurfaceFlinger( 1321): EGL_SLOW_CONFIG selected!
05-24 04:30:43.916 I/SurfaceFlinger( 1321): EGL information:
05-24 04:30:43.916 I/SurfaceFlinger( 1321): vendor    : Android
05-24 04:30:43.916 I/SurfaceFlinger( 1321): version   : 1.4 Android META-EGL
05-24 04:30:43.917 I/SurfaceFlinger( 1321): extensions: EGL_KHR_get_all_proc_addresses EGL_ANDROID_presentation_time EGL_KHR_swap_buffers_with_damage EGL_ANDROID_create_native_client_buffer EGL_ANDROID_front_buffer_auto_refresh EGL_KHR_image_base EGL_KHR_fence_sync EGL_ANDROID_image_native_buffer 
05-24 04:30:43.917 I/SurfaceFlinger( 1321): Client API: OpenGL_ES
05-24 04:30:43.917 I/SurfaceFlinger( 1321): EGLSurface: 5-6-5-0, config=0x0
05-24 04:30:43.919 W/SurfaceFlinger( 1321): no suitable EGLConfig found, trying a simpler query
05-24 04:30:43.919 W/SurfaceFlinger( 1321): EGL_SLOW_CONFIG selected!
05-24 04:30:43.919 I/SurfaceFlinger( 1321): EGL information:
05-24 04:30:43.919 I/SurfaceFlinger( 1321): vendor    : Android
05-24 04:30:43.919 I/SurfaceFlinger( 1321): version   : 1.4 Android META-EGL
05-24 04:30:43.919 I/SurfaceFlinger( 1321): extensions: EGL_KHR_get_all_proc_addresses EGL_ANDROID_presentation_time EGL_KHR_swap_buffers_with_damage EGL_ANDROID_create_native_client_buffer EGL_ANDROID_front_buffer_auto_refresh EGL_KHR_image_base EGL_KHR_fence_sync EGL_ANDROID_image_native_buffer 
05-24 04:30:43.919 I/SurfaceFlinger( 1321): Client API: OpenGL_ES
05-24 04:30:43.919 I/SurfaceFlinger( 1321): EGLSurface: 5-6-5-0, config=0x0
05-24 04:30:43.968 I/SurfaceFlinger( 1321): OpenGL ES informations:
05-24 04:30:43.968 I/SurfaceFlinger( 1321): vendor    : Android
05-24 04:30:43.968 I/SurfaceFlinger( 1321): renderer  : Android PixelFlinger 1.4
05-24 04:30:43.968 I/SurfaceFlinger( 1321): version   : OpenGL ES-CM 1.0
05-24 04:30:43.968 I/SurfaceFlinger( 1321): extensions: GL_EXT_debug_marker GL_OES_byte_coordinates GL_OES_fixed_point GL_OES_single_precision GL_OES_read_format GL_OES_compressed_paletted_texture GL_OES_draw_texture GL_OES_matrix_get GL_OES_query_matrix GL_OES_EGL_image GL_OES_EGL_sync GL_OES_compressed_ETC1_RGB8_texture GL_ARB_texture_compression GL_ARB_texture_non_power_of_two GL_ANDROID_user_clip_plane GL_ANDROID_vertex_buffer_object GL_ANDROID_generate_mipmap 
05-24 04:30:43.968 I/SurfaceFlinger( 1321): GL_MAX_TEXTURE_SIZE = 4096
05-24 04:30:43.968 I/SurfaceFlinger( 1321): GL_MAX_VIEWPORT_DIMS = 4096
05-24 04:30:43.982 W/SurfaceFlinger( 1321): no suitable EGLConfig found, trying a simpler query
05-24 04:30:43.982 W/SurfaceFlinger( 1321): EGL_SLOW_CONFIG selected!
05-24 04:30:43.982 I/SurfaceFlinger( 1321): EGL information:
05-24 04:30:43.982 I/SurfaceFlinger( 1321): vendor    : Android
05-24 04:30:43.982 I/SurfaceFlinger( 1321): version   : 1.4 Android META-EGL
05-24 04:30:43.982 I/SurfaceFlinger( 1321): extensions: EGL_KHR_get_all_proc_addresses EGL_ANDROID_presentation_time EGL_KHR_swap_buffers_with_damage EGL_ANDROID_create_native_client_buffer EGL_ANDROID_front_buffer_auto_refresh EGL_KHR_image_base EGL_KHR_fence_sync EGL_ANDROID_image_native_buffer 
05-24 04:30:43.982 I/SurfaceFlinger( 1321): Client API: OpenGL_ES
05-24 04:30:43.982 I/SurfaceFlinger( 1321): EGLSurface: 5-6-5-0, config=0x0
05-24 04:30:43.997 E/libEGL  ( 1321): called unimplemented OpenGL ES API
05-24 04:30:43.998 E/SurfaceFlinger( 1321): Error while compiling shader: 
05-24 04:30:43.998 E/SurfaceFlinger( 1321): attribute vec4 position;
05-24 04:30:43.998 E/SurfaceFlinger( 1321): uniform mat4 projection;
05-24 04:30:43.998 E/SurfaceFlinger( 1321): uniform mat4 texture;
05-24 04:30:43.998 E/SurfaceFlinger( 1321): void main(void) {
05-24 04:30:43.998 E/SurfaceFlinger( 1321):     gl_Position = projection * position;
05-24 04:30:43.998 E/SurfaceFlinger( 1321): }
05-24 04:30:43.998 E/SurfaceFlinger( 1321): 
05-24 04:30:43.998 E/SurfaceFlinger( 1321): öÿÿÿÿÿÿÿŸñ5ú~
05-24 04:30:43.998 E/SurfaceFlinger( 1321): Error while compiling shader: 
05-24 04:30:43.998 E/SurfaceFlinger( 1321): precision mediump float;
05-24 04:30:43.998 E/SurfaceFlinger( 1321): uniform vec4 color;
05-24 04:30:43.998 E/SurfaceFlinger( 1321): void main(void) {
05-24 04:30:43.998 E/SurfaceFlinger( 1321):     gl_FragColor = color;
05-24 04:30:43.998 E/SurfaceFlinger( 1321): }
05-24 04:30:43.998 E/SurfaceFlinger( 1321): 
05-24 04:30:43.998 E/SurfaceFlinger( 1321): öÿÿÿÿÿÿÿŸñ5ú~
05-24 04:30:43.998 E/SurfaceFlinger( 1321): Error while linking shaders:
05-24 04:30:43.998 E/SurfaceFlinger( 1321): Error while compiling shader: 
05-24 04:30:43.998 E/SurfaceFlinger( 1321): attribute vec4 position;
05-24 04:30:43.998 E/SurfaceFlinger( 1321): uniform mat4 projection;
05-24 04:30:43.998 E/SurfaceFlinger( 1321): uniform mat4 texture;
05-24 04:30:43.998 E/SurfaceFlinger( 1321): void main(void) {
05-24 04:30:43.998 E/SurfaceFlinger( 1321):     gl_Position = projection * position;
05-24 04:30:43.998 E/SurfaceFlinger( 1321): }
05-24 04:30:43.998 E/SurfaceFlinger( 1321): 
05-24 04:30:43.998 E/SurfaceFlinger( 1321): öÿÿÿÿÿÿÿŸñ5ú~
05-24 04:30:43.998 E/SurfaceFlinger( 1321): Error while compiling shader: 
05-24 04:30:43.998 E/SurfaceFlinger( 1321): precision mediump float;
05-24 04:30:43.998 E/SurfaceFlinger( 1321): uniform vec4 color;
05-24 04:30:43.998 E/SurfaceFlinger( 1321): void main(void) {
05-24 04:30:43.998 E/SurfaceFlinger( 1321):     gl_FragColor = color;
05-24 04:30:43.998 E/SurfaceFlinger( 1321): }
05-24 04:30:43.998 E/SurfaceFlinger( 1321): 
05-24 04:30:43.998 E/SurfaceFlinger( 1321): öÿÿÿÿÿÿÿŸñ5ú~
05-24 04:30:43.998 E/SurfaceFlinger( 1321): Error while linking shaders:
05-24 04:30:43.998 E/SurfaceFlinger( 1321): Error while compiling shader: 
05-24 04:30:43.998 E/SurfaceFlinger( 1321): attribute vec4 position;
05-24 04:30:43.998 E/SurfaceFlinger( 1321): uniform mat4 projection;
05-24 04:30:43.998 E/SurfaceFlinger( 1321): uniform mat4 texture;
05-24 04:30:43.998 E/SurfaceFlinger( 1321): void main(void) {
05-24 04:30:43.998 E/SurfaceFlinger( 1321):     gl_Position = projection * position;
05-24 04:30:43.998 E/SurfaceFlinger( 1321): }
05-24 04:30:43.998 E/SurfaceFlinger( 1321): 
05-24 04:30:43.998 E/SurfaceFlinger( 1321): öÿÿÿÿÿÿÿŸñ5ú~
05-24 04:30:43.998 E/SurfaceFlinger( 1321): Error while compiling shader: 
05-24 04:30:43.998 E/SurfaceFlinger( 1321): precision mediump float;
05-24 04:30:43.998 E/SurfaceFlinger( 1321): uniform vec4 color;
05-24 04:30:43.998 E/SurfaceFlinger( 1321): void main(void) {
05-24 04:30:43.998 E/SurfaceFlinger( 1321):     gl_FragColor = color;
05-24 04:30:43.998 E/SurfaceFlinger( 1321):     gl_FragColor.a = 1.0;
05-24 04:30:43.998 E/SurfaceFlinger( 1321): }
05-24 04:30:43.998 E/SurfaceFlinger( 1321): 
05-24 04:30:43.998 E/SurfaceFlinger( 1321): öÿÿÿÿÿÿÿŸñ5ú~
05-24 04:30:43.998 E/SurfaceFlinger( 1321): Error while linking shaders:
05-24 04:30:43.998 E/SurfaceFlinger( 1321): Error while compiling shader: 
05-24 04:30:43.998 E/SurfaceFlinger( 1321): attribute vec4 position;
05-24 04:30:43.998 E/SurfaceFlinger( 1321): uniform mat4 projection;
05-24 04:30:43.998 E/SurfaceFlinger( 1321): uniform mat4 texture;
05-24 04:30:43.998 E/SurfaceFlinger( 1321): void main(void) {
05-24 04:30:43.998 E/SurfaceFlinger( 1321):     gl_Position = projection * position;
05-24 04:30:43.998 E/SurfaceFlinger( 1321): }
05-24 04:30:43.998 E/SurfaceFlinger( 1321): 
05-24 04:30:43.998 E/SurfaceFlinger( 1321): öÿÿÿÿÿÿÿŸñ5ú~
05-24 04:30:43.999 E/SurfaceFlinger( 1321): Error while compiling shader: 
05-24 04:30:43.999 E/SurfaceFlinger( 1321): precision mediump float;
05-24 04:30:43.999 E/SurfaceFlinger( 1321): uniform vec4 color;
05-24 04:30:43.999 E/SurfaceFlinger( 1321): void main(void) {
05-24 04:30:43.999 E/SurfaceFlinger( 1321):     gl_FragColor = color;
05-24 04:30:43.999 E/SurfaceFlinger( 1321):     gl_FragColor.a = 1.0;
05-24 04:30:43.999 E/SurfaceFlinger( 1321): }
05-24 04:30:43.999 E/SurfaceFlinger( 1321): 
05-24 04:30:43.999 E/SurfaceFlinger( 1321): öÿÿÿÿÿÿÿŸñ5ú~
05-24 04:30:43.999 E/SurfaceFlinger( 1321): Error while linking shaders:
05-24 04:30:43.999 E/SurfaceFlinger( 1321): Error while compiling shader: 
05-24 04:30:43.999 E/SurfaceFlinger( 1321): attribute vec4 position;
05-24 04:30:43.999 E/SurfaceFlinger( 1321): uniform mat4 projection;
05-24 04:30:43.999 E/SurfaceFlinger( 1321): uniform mat4 texture;
05-24 04:30:43.999 E/SurfaceFlinger( 1321): void main(void) {
05-24 04:30:43.999 E/SurfaceFlinger( 1321):     gl_Position = projection * position;
05-24 04:30:43.999 E/SurfaceFlinger( 1321): }
05-24 04:30:43.999 E/SurfaceFlinger( 1321): 
05-24 04:30:43.999 E/SurfaceFlinger( 1321): öÿÿÿÿÿÿÿŸñ5ú~
05-24 04:30:43.999 E/SurfaceFlinger( 1321): Error while compiling shader: 
05-24 04:30:43.999 E/SurfaceFlinger( 1321): precision mediump float;
05-24 04:30:43.999 E/SurfaceFlinger( 1321): uniform vec4 color;
05-24 04:30:43.999 E/SurfaceFlinger( 1321): uniform float alphaPlane;
05-24 04:30:43.999 E/SurfaceFlinger( 1321): void main(void) {
05-24 04:30:43.999 E/SurfaceFlinger( 1321):     gl_FragColor = color;
05-24 04:30:43.999 E/SurfaceFlinger( 1321):     gl_FragColor.a *= alphaPlane;
05-24 04:30:43.999 E/SurfaceFlinger( 1321): }
05-24 04:30:43.999 E/SurfaceFlinger( 1321): 
05-24 04:30:43.999 E/SurfaceFlinger( 1321): öÿÿÿÿÿÿÿŸñ5ú~
05-24 04:30:43.999 E/SurfaceFlinger( 1321): Error while linking shaders:
05-24 04:30:43.999 E/SurfaceFlinger( 1321): Error while compiling shader: 
05-24 04:30:43.999 E/SurfaceFlinger( 1321): attribute vec4 position;
05-24 04:30:43.999 E/SurfaceFlinger( 1321): uniform mat4 projection;
05-24 04:30:43.999 E/SurfaceFlinger( 1321): uniform mat4 texture;
05-24 04:30:43.999 E/SurfaceFlinger( 1321): void main(void) {
05-24 04:30:43.999 E/SurfaceFlinger( 1321):     gl_Position = projection * position;
05-24 04:30:43.999 E/SurfaceFlinger( 1321): }
05-24 04:30:43.999 E/SurfaceFlinger( 1321): 
05-24 04:30:43.999 E/SurfaceFlinger( 1321): öÿÿÿÿÿÿÿŸñ5ú~
05-24 04:30:43.999 E/SurfaceFlinger( 1321): Error while compiling shader: 
05-24 04:30:43.999 E/SurfaceFlinger( 1321): precision mediump float;
05-24 04:30:43.999 E/SurfaceFlinger( 1321): uniform vec4 color;
05-24 04:30:43.999 E/SurfaceFlinger( 1321): uniform float alphaPlane;
05-24 04:30:43.999 E/SurfaceFlinger( 1321): void main(void) {
05-24 04:30:43.999 E/SurfaceFlinger( 1321):     gl_FragColor = color;
05-24 04:30:43.999 E/SurfaceFlinger( 1321):     gl_FragColor *= alphaPlane;
05-24 04:30:43.999 E/SurfaceFlinger( 1321): }
05-24 04:30:43.999 E/SurfaceFlinger( 1321): 
05-24 04:30:43.999 E/SurfaceFlinger( 1321): öÿÿÿÿÿÿÿŸñ5ú~
05-24 04:30:43.999 E/SurfaceFlinger( 1321): Error while linking shaders:
05-24 04:30:43.999 E/SurfaceFlinger( 1321): Error while compiling shader: 
05-24 04:30:43.999 E/SurfaceFlinger( 1321): attribute vec4 position;
05-24 04:30:43.999 E/SurfaceFlinger( 1321): uniform mat4 projection;
05-24 04:30:43.999 E/SurfaceFlinger( 1321): uniform mat4 texture;
05-24 04:30:43.999 E/SurfaceFlinger( 1321): void main(void) {
05-24 04:30:43.999 E/SurfaceFlinger( 1321):     gl_Position = projection * position;
05-24 04:30:43.999 E/SurfaceFlinger( 1321): }
05-24 04:30:43.999 E/SurfaceFlinger( 1321): 
05-24 04:30:43.999 E/SurfaceFlinger( 1321): öÿÿÿÿÿÿÿŸñ5ú~
05-24 04:30:43.999 E/SurfaceFlinger( 1321): Error while compiling shader: 
05-24 04:30:43.999 E/SurfaceFlinger( 1321): precision mediump float;
05-24 04:30:43.999 E/SurfaceFlinger( 1321): uniform vec4 color;
05-24 04:30:43.999 E/SurfaceFlinger( 1321): uniform float alphaPlane;
05-24 04:30:43.999 E/SurfaceFlinger( 1321): void main(void) {
05-24 04:30:43.999 E/SurfaceFlinger( 1321):     gl_FragColor = color;
05-24 04:30:43.999 E/SurfaceFlinger( 1321):     gl_FragColor.a = 1.0;
05-24 04:30:43.999 E/SurfaceFlinger( 1321):     gl_FragColor.a *= alphaPlane;
05-24 04:30:43.999 E/SurfaceFlinger( 1321): }
05-24 04:30:43.999 E/SurfaceFlinger( 1321): 
05-24 04:30:43.999 E/SurfaceFlinger( 1321): öÿÿÿÿÿÿÿŸñ5ú~
05-24 04:30:43.999 E/SurfaceFlinger( 1321): Error while linking shaders:
05-24 04:30:43.999 E/SurfaceFlinger( 1321): Error while compiling shader: 
05-24 04:30:43.999 E/SurfaceFlinger( 1321): attribute vec4 position;
05-24 04:30:43.999 E/SurfaceFlinger( 1321): uniform mat4 projection;
05-24 04:30:43.999 E/SurfaceFlinger( 1321): uniform mat4 texture;
05-24 04:30:43.999 E/SurfaceFlinger( 1321): void main(void) {
05-24 04:30:43.999 E/SurfaceFlinger( 1321):     gl_Position = projection * position;
05-24 04:30:43.999 E/SurfaceFlinger( 1321): }
05-24 04:30:43.999 E/SurfaceFlinger( 1321): 
05-24 04:30:43.999 E/SurfaceFlinger( 1321): öÿÿÿÿÿÿÿŸñ5ú~
05-24 04:30:43.999 E/SurfaceFlinger( 1321): Error while compiling shader: 
05-24 04:30:43.999 E/SurfaceFlinger( 1321): precision mediump float;
05-24 04:30:43.999 E/SurfaceFlinger( 1321): uniform vec4 color;
05-24 04:30:43.999 E/SurfaceFlinger( 1321): uniform float alphaPlane;
05-24 04:30:43.999 E/SurfaceFlinger( 1321): void main(void) {
05-24 04:30:43.999 E/SurfaceFlinger( 1321):     gl_FragColor = color;
05-24 04:30:43.999 E/SurfaceFlinger( 1321):     gl_FragColor.a = 1.0;
05-24 04:30:43.999 E/SurfaceFlinger( 1321):     gl_FragColor *= alphaPlane;
05-24 04:30:43.999 E/SurfaceFlinger( 1321): }
05-24 04:30:43.999 E/SurfaceFlinger( 1321): 
05-24 04:30:43.999 E/SurfaceFlinger( 1321): öÿÿÿÿÿÿÿŸñ5ú~
05-24 04:30:43.999 E/SurfaceFlinger( 1321): Error while linking shaders:
05-24 04:30:43.999 E/SurfaceFlinger( 1321): Error while compiling shader: 
05-24 04:30:43.999 E/SurfaceFlinger( 1321): attribute vec4 texCoords;
05-24 04:30:43.999 E/SurfaceFlinger( 1321): varying vec2 outTexCoords;
05-24 04:30:43.999 E/SurfaceFlinger( 1321): attribute vec4 position;
05-24 04:30:43.999 E/SurfaceFlinger( 1321): uniform mat4 projection;
05-24 04:30:43.999 E/SurfaceFlinger( 1321): uniform mat4 texture;
05-24 04:30:43.999 E/SurfaceFlinger( 1321): void main(void) {
05-24 04:30:43.999 E/SurfaceFlinger( 1321):     gl_Position = projection * position;
05-24 04:30:43.999 E/SurfaceFlinger( 1321):     outTexCoords = (texture * texCoords).st;
05-24 04:30:43.999 E/SurfaceFlinger( 1321): }
05-24 04:30:43.999 E/SurfaceFlinger( 1321): 
05-24 04:30:43.999 E/SurfaceFlinger( 1321): öÿÿÿÿÿÿÿŸñ5ú~
05-24 04:30:43.999 E/SurfaceFlinger( 1321): Error while compiling shader: 
05-24 04:30:43.999 E/SurfaceFlinger( 1321): #extension GL_OES_EGL_image_external : require
05-24 04:30:43.999 E/SurfaceFlinger( 1321): precision mediump float;
05-24 04:30:43.999 E/SurfaceFlinger( 1321): uniform samplerExternalOES sampler;
05-24 04:30:43.999 E/SurfaceFlinger( 1321): varying vec2 outTexCoords;
05-24 04:30:43.999 E/SurfaceFlinger( 1321): void main(void) {
05-24 04:30:43.999 E/SurfaceFlinger( 1321):     gl_FragColor = texture2D(sampler, outTexCoords);
05-24 04:30:43.999 E/SurfaceFlinger( 1321): }
05-24 04:30:43.999 E/SurfaceFlinger( 1321): 
05-24 04:30:43.999 E/SurfaceFlinger( 1321): öÿÿÿÿÿÿÿŸñ5ú~
05-24 04:30:44.002 E/SurfaceFlinger( 1321): Error while linking shaders:
05-24 04:30:44.002 E/SurfaceFlinger( 1321): Error while compiling shader: 
05-24 04:30:44.002 E/SurfaceFlinger( 1321): attribute vec4 texCoords;
05-24 04:30:44.002 E/SurfaceFlinger( 1321): varying vec2 outTexCoords;
05-24 04:30:44.002 E/SurfaceFlinger( 1321): attribute vec4 position;
05-24 04:30:44.002 E/SurfaceFlinger( 1321): uniform mat4 projection;
05-24 04:30:44.002 E/SurfaceFlinger( 1321): uniform mat4 texture;
05-24 04:30:44.002 E/SurfaceFlinger( 1321): void main(void) {
05-24 04:30:44.002 E/SurfaceFlinger( 1321):     gl_Position = projection * position;
05-24 04:30:44.002 E/SurfaceFlinger( 1321):     outTexCoords = (texture * texCoords).st;
05-24 04:30:44.002 E/SurfaceFlinger( 1321): }
05-24 04:30:44.002 E/SurfaceFlinger( 1321): 
05-24 04:30:44.002 E/SurfaceFlinger( 1321): öÿÿÿÿÿÿÿŸñ5ú~
05-24 04:30:44.002 E/SurfaceFlinger( 1321): Error while compiling shader: 
05-24 04:30:44.002 E/SurfaceFlinger( 1321): #extension GL_OES_EGL_image_external : require
05-24 04:30:44.002 E/SurfaceFlinger( 1321): precision mediump float;
05-24 04:30:44.002 E/SurfaceFlinger( 1321): uniform samplerExternalOES sampler;
05-24 04:30:44.002 E/SurfaceFlinger( 1321): varying vec2 outTexCoords;
05-24 04:30:44.002 E/SurfaceFlinger( 1321): void main(void) {
05-24 04:30:44.002 E/SurfaceFlinger( 1321):     gl_FragColor = texture2D(sampler, outTexCoords);
05-24 04:30:44.002 E/SurfaceFlinger( 1321): }
05-24 04:30:44.002 E/SurfaceFlinger( 1321): 
05-24 04:30:44.002 E/SurfaceFlinger( 1321): öÿÿÿÿÿÿÿŸñ5ú~
05-24 04:30:44.002 E/SurfaceFlinger( 1321): Error while linking shaders:
05-24 04:30:44.002 E/SurfaceFlinger( 1321): Error while compiling shader: 
05-24 04:30:44.002 E/SurfaceFlinger( 1321): attribute vec4 texCoords;
05-24 04:30:44.002 E/SurfaceFlinger( 1321): varying vec2 outTexCoords;
05-24 04:30:44.002 E/SurfaceFlinger( 1321): attribute vec4 position;
05-24 04:30:44.002 E/SurfaceFlinger( 1321): uniform mat4 projection;
05-24 04:30:44.002 E/SurfaceFlinger( 1321): uniform mat4 texture;
05-24 04:30:44.002 E/SurfaceFlinger( 1321): void main(void) {
05-24 04:30:44.002 E/SurfaceFlinger( 1321):     gl_Position = projection * position;
05-24 04:30:44.002 E/SurfaceFlinger( 1321):     outTexCoords = (texture * texCoords).st;
05-24 04:30:44.002 E/SurfaceFlinger( 1321): }
05-24 04:30:44.002 E/SurfaceFlinger( 1321): 
05-24 04:30:44.002 E/SurfaceFlinger( 1321): öÿÿÿÿÿÿÿŸñ5ú~
05-24 04:30:44.002 E/SurfaceFlinger( 1321): Error while compiling shader: 
05-24 04:30:44.002 E/SurfaceFlinger( 1321): #extension GL_OES_EGL_image_external : require
05-24 04:30:44.002 E/SurfaceFlinger( 1321): precision mediump float;
05-24 04:30:44.002 E/SurfaceFlinger( 1321): uniform samplerExternalOES sampler;
05-24 04:30:44.002 E/SurfaceFlinger( 1321): varying vec2 outTexCoords;
05-24 04:30:44.002 E/SurfaceFlinger( 1321): void main(void) {
05-24 04:30:44.002 E/SurfaceFlinger( 1321):     gl_FragColor = texture2D(sampler, outTexCoords);
05-24 04:30:44.002 E/SurfaceFlinger( 1321):     gl_FragColor.a = 1.0;
05-24 04:30:44.002 E/SurfaceFlinger( 1321): }
05-24 04:30:44.002 E/SurfaceFlinger( 1321): 
05-24 04:30:44.002 E/SurfaceFlinger( 1321): öÿÿÿÿÿÿÿŸñ5ú~
05-24 04:30:44.002 E/SurfaceFlinger( 1321): Error while linking shaders:
05-24 04:30:44.002 E/SurfaceFlinger( 1321): Error while compiling shader: 
05-24 04:30:44.002 E/SurfaceFlinger( 1321): attribute vec4 texCoords;
05-24 04:30:44.002 E/SurfaceFlinger( 1321): varying vec2 outTexCoords;
05-24 04:30:44.002 E/SurfaceFlinger( 1321): attribute vec4 position;
05-24 04:30:44.002 E/SurfaceFlinger( 1321): uniform mat4 projection;
05-24 04:30:44.002 E/SurfaceFlinger( 1321): uniform mat4 texture;
05-24 04:30:44.002 E/SurfaceFlinger( 1321): void main(void) {
05-24 04:30:44.002 E/SurfaceFlinger( 1321):     gl_Position = projection * position;
05-24 04:30:44.002 E/SurfaceFlinger( 1321):     outTexCoords = (texture * texCoords).st;
05-24 04:30:44.002 E/SurfaceFlinger( 1321): }
05-24 04:30:44.002 E/SurfaceFlinger( 1321): 
05-24 04:30:44.002 E/SurfaceFlinger( 1321): öÿÿÿÿÿÿÿŸñ5ú~
05-24 04:30:44.002 E/SurfaceFlinger( 1321): Error while compiling shader: 
05-24 04:30:44.002 E/SurfaceFlinger( 1321): #extension GL_OES_EGL_image_external : require
05-24 04:30:44.002 E/SurfaceFlinger( 1321): precision mediump float;
05-24 04:30:44.002 E/SurfaceFlinger( 1321): uniform samplerExternalOES sampler;
05-24 04:30:44.002 E/SurfaceFlinger( 1321): varying vec2 outTexCoords;
05-24 04:30:44.002 E/SurfaceFlinger( 1321): void main(void) {
05-24 04:30:44.002 E/SurfaceFlinger( 1321):     gl_FragColor = texture2D(sampler, outTexCoords);
05-24 04:30:44.002 E/SurfaceFlinger( 1321):     gl_FragColor.a = 1.0;
05-24 04:30:44.002 E/SurfaceFlinger( 1321): }
05-24 04:30:44.002 E/SurfaceFlinger( 1321): 
05-24 04:30:44.002 E/SurfaceFlinger( 1321): öÿÿÿÿÿÿÿŸñ5ú~
05-24 04:30:44.002 E/SurfaceFlinger( 1321): Error while linking shaders:
05-24 04:30:44.003 E/SurfaceFlinger( 1321): Error while compiling shader: 
05-24 04:30:44.003 E/SurfaceFlinger( 1321): attribute vec4 texCoords;
05-24 04:30:44.003 E/SurfaceFlinger( 1321): varying vec2 outTexCoords;
05-24 04:30:44.003 E/SurfaceFlinger( 1321): attribute vec4 position;
05-24 04:30:44.003 E/SurfaceFlinger( 1321): uniform mat4 projection;
05-24 04:30:44.003 E/SurfaceFlinger( 1321): uniform mat4 texture;
05-24 04:30:44.003 E/SurfaceFlinger( 1321): void main(void) {
05-24 04:30:44.003 E/SurfaceFlinger( 1321):     gl_Position = projection * position;
05-24 04:30:44.003 E/SurfaceFlinger( 1321):     outTexCoords = (texture * texCoords).st;
05-24 04:30:44.003 E/SurfaceFlinger( 1321): }
05-24 04:30:44.003 E/SurfaceFlinger( 1321): 
05-24 04:30:44.003 E/SurfaceFlinger( 1321): öÿÿÿÿÿÿÿŸñ5ú~
05-24 04:30:44.003 E/SurfaceFlinger( 1321): Error while compiling shader: 
05-24 04:30:44.003 E/SurfaceFlinger( 1321): #extension GL_OES_EGL_image_external : require
05-24 04:30:44.003 E/SurfaceFlinger( 1321): precision mediump float;
05-24 04:30:44.003 E/SurfaceFlinger( 1321): uniform samplerExternalOES sampler;
05-24 04:30:44.003 E/SurfaceFlinger( 1321): varying vec2 outTexCoords;
05-24 04:30:44.003 E/SurfaceFlinger( 1321): uniform float alphaPlane;
05-24 04:30:44.003 E/SurfaceFlinger( 1321): void main(void) {
05-24 04:30:44.003 E/SurfaceFlinger( 1321):     gl_FragColor = texture2D(sampler, outTexCoords);
05-24 04:30:44.003 E/SurfaceFlinger( 1321):     gl_FragColor.a *= alphaPlane;
05-24 04:30:44.003 E/SurfaceFlinger( 1321): }
05-24 04:30:44.003 E/SurfaceFlinger( 1321): 
05-24 04:30:44.003 E/SurfaceFlinger( 1321): öÿÿÿÿÿÿÿŸñ5ú~
05-24 04:30:44.003 E/SurfaceFlinger( 1321): Error while linking shaders:
05-24 04:30:44.003 E/SurfaceFlinger( 1321): Error while compiling shader: 
05-24 04:30:44.003 E/SurfaceFlinger( 1321): attribute vec4 texCoords;
05-24 04:30:44.003 E/SurfaceFlinger( 1321): varying vec2 outTexCoords;
05-24 04:30:44.003 E/SurfaceFlinger( 1321): attribute vec4 position;
05-24 04:30:44.003 E/SurfaceFlinger( 1321): uniform mat4 projection;
05-24 04:30:44.003 E/SurfaceFlinger( 1321): uniform mat4 texture;
05-24 04:30:44.003 E/SurfaceFlinger( 1321): void main(void) {
05-24 04:30:44.003 E/SurfaceFlinger( 1321):     gl_Position = projection * position;
05-24 04:30:44.003 E/SurfaceFlinger( 1321):     outTexCoords = (texture * texCoords).st;
05-24 04:30:44.003 E/SurfaceFlinger( 1321): }
05-24 04:30:44.003 E/SurfaceFlinger( 1321): 
05-24 04:30:44.003 E/SurfaceFlinger( 1321): öÿÿÿÿÿÿÿŸñ5ú~
05-24 04:30:44.003 E/SurfaceFlinger( 1321): Error while compiling shader: 
05-24 04:30:44.003 E/SurfaceFlinger( 1321): #extension GL_OES_EGL_image_external : require
05-24 04:30:44.003 E/SurfaceFlinger( 1321): precision mediump float;
05-24 04:30:44.003 E/SurfaceFlinger( 1321): uniform samplerExternalOES sampler;
05-24 04:30:44.003 E/SurfaceFlinger( 1321): varying vec2 outTexCoords;
05-24 04:30:44.003 E/SurfaceFlinger( 1321): uniform float alphaPlane;
05-24 04:30:44.003 E/SurfaceFlinger( 1321): void main(void) {
05-24 04:30:44.003 E/SurfaceFlinger( 1321):     gl_FragColor = texture2D(sampler, outTexCoords);
05-24 04:30:44.003 E/SurfaceFlinger( 1321):     gl_FragColor *= alphaPlane;
05-24 04:30:44.003 E/SurfaceFlinger( 1321): }
05-24 04:30:44.003 E/SurfaceFlinger( 1321): 
05-24 04:30:44.003 E/SurfaceFlinger( 1321): öÿÿÿÿÿÿÿŸñ5ú~
05-24 04:30:44.003 E/SurfaceFlinger( 1321): Error while linking shaders:
05-24 04:30:44.003 E/SurfaceFlinger( 1321): Error while compiling shader: 
05-24 04:30:44.003 E/SurfaceFlinger( 1321): attribute vec4 texCoords;
05-24 04:30:44.003 E/SurfaceFlinger( 1321): varying vec2 outTexCoords;
05-24 04:30:44.003 E/SurfaceFlinger( 1321): attribute vec4 position;
05-24 04:30:44.003 E/SurfaceFlinger( 1321): uniform mat4 projection;
05-24 04:30:44.003 E/SurfaceFlinger( 1321): uniform mat4 texture;
05-24 04:30:44.003 E/SurfaceFlinger( 1321): void main(void) {
05-24 04:30:44.003 E/SurfaceFlinger( 1321):     gl_Position = projection * position;
05-24 04:30:44.003 E/SurfaceFlinger( 1321):     outTexCoords = (texture * texCoords).st;
05-24 04:30:44.003 E/SurfaceFlinger( 1321): }
05-24 04:30:44.003 E/SurfaceFlinger( 1321): 
05-24 04:30:44.003 E/SurfaceFlinger( 1321): öÿÿÿÿÿÿÿŸñ5ú~
05-24 04:30:44.003 E/SurfaceFlinger( 1321): Error while compiling shader: 
05-24 04:30:44.003 E/SurfaceFlinger( 1321): #extension GL_OES_EGL_image_external : require
05-24 04:30:44.003 E/SurfaceFlinger( 1321): precision mediump float;
05-24 04:30:44.003 E/SurfaceFlinger( 1321): uniform samplerExternalOES sampler;
05-24 04:30:44.003 E/SurfaceFlinger( 1321): varying vec2 outTexCoords;
05-24 04:30:44.003 E/SurfaceFlinger( 1321): uniform float alphaPlane;
05-24 04:30:44.003 E/SurfaceFlinger( 1321): void main(void) {
05-24 04:30:44.003 E/SurfaceFlinger( 1321):     gl_FragColor = texture2D(sampler, outTexCoords);
05-24 04:30:44.003 E/SurfaceFlinger( 1321):     gl_FragColor.a = 1.0;
05-24 04:30:44.003 E/SurfaceFlinger( 1321):     gl_FragColor.a *= alphaPlane;
05-24 04:30:44.003 E/SurfaceFlinger( 1321): }
05-24 04:30:44.003 E/SurfaceFlinger( 1321): 
05-24 04:30:44.003 E/SurfaceFlinger( 1321): öÿÿÿÿÿÿÿŸñ5ú~
05-24 04:30:44.003 E/SurfaceFlinger( 1321): Error while linking shaders:
05-24 04:30:44.003 E/SurfaceFlinger( 1321): Error while compiling shader: 
05-24 04:30:44.003 E/SurfaceFlinger( 1321): attribute vec4 texCoords;
05-24 04:30:44.003 E/SurfaceFlinger( 1321): varying vec2 outTexCoords;
05-24 04:30:44.003 E/SurfaceFlinger( 1321): attribute vec4 position;
05-24 04:30:44.003 E/SurfaceFlinger( 1321): uniform mat4 projection;
05-24 04:30:44.003 E/SurfaceFlinger( 1321): uniform mat4 texture;
05-24 04:30:44.003 E/SurfaceFlinger( 1321): void main(void) {
05-24 04:30:44.003 E/SurfaceFlinger( 1321):     gl_Position = projection * position;
05-24 04:30:44.003 E/SurfaceFlinger( 1321):     outTexCoords = (texture * texCoords).st;
05-24 04:30:44.003 E/SurfaceFlinger( 1321): }
05-24 04:30:44.003 E/SurfaceFlinger( 1321): 
05-24 04:30:44.003 E/SurfaceFlinger( 1321): öÿÿÿÿÿÿÿŸñ5ú~
05-24 04:30:44.003 E/SurfaceFlinger( 1321): Error while compiling shader: 
05-24 04:30:44.003 E/SurfaceFlinger( 1321): #extension GL_OES_EGL_image_external : require
05-24 04:30:44.003 E/SurfaceFlinger( 1321): precision mediump float;
05-24 04:30:44.003 E/SurfaceFlinger( 1321): uniform samplerExternalOES sampler;
05-24 04:30:44.003 E/SurfaceFlinger( 1321): varying vec2 outTexCoords;
05-24 04:30:44.003 E/SurfaceFlinger( 1321): uniform float alphaPlane;
05-24 04:30:44.003 E/SurfaceFlinger( 1321): void main(void) {
05-24 04:30:44.003 E/SurfaceFlinger( 1321):     gl_FragColor = texture2D(sampler, outTexCoords);
05-24 04:30:44.003 E/SurfaceFlinger( 1321):     gl_FragColor.a = 1.0;
05-24 04:30:44.003 E/SurfaceFlinger( 1321):     gl_FragColor *= alphaPlane;
05-24 04:30:44.003 E/SurfaceFlinger( 1321): }
05-24 04:30:44.003 E/SurfaceFlinger( 1321): 
05-24 04:30:44.003 E/SurfaceFlinger( 1321): öÿÿÿÿÿÿÿŸñ5ú~
05-24 04:30:44.003 E/SurfaceFlinger( 1321): Error while linking shaders:
05-24 04:30:44.003 E/SurfaceFlinger( 1321): Error while compiling shader: 
05-24 04:30:44.003 E/SurfaceFlinger( 1321): attribute vec4 texCoords;
05-24 04:30:44.003 E/SurfaceFlinger( 1321): varying vec2 outTexCoords;
05-24 04:30:44.003 E/SurfaceFlinger( 1321): attribute vec4 position;
05-24 04:30:44.003 E/SurfaceFlinger( 1321): uniform mat4 projection;
05-24 04:30:44.003 E/SurfaceFlinger( 1321): uniform mat4 texture;
05-24 04:30:44.003 E/SurfaceFlinger( 1321): void main(void) {
05-24 04:30:44.003 E/SurfaceFlinger( 1321):     gl_Position = projection * position;
05-24 04:30:44.003 E/SurfaceFlinger( 1321):     outTexCoords = (texture * texCoords).st;
05-24 04:30:44.003 E/SurfaceFlinger( 1321): }
05-24 04:30:44.003 E/SurfaceFlinger( 1321): 
05-24 04:30:44.003 E/SurfaceFlinger( 1321): öÿÿÿÿÿÿÿŸñ5ú~
05-24 04:30:44.003 E/SurfaceFlinger( 1321): Error while compiling shader: 
05-24 04:30:44.003 E/SurfaceFlinger( 1321): precision mediump float;
05-24 04:30:44.003 E/SurfaceFlinger( 1321): uniform sampler2D sampler;
05-24 04:30:44.003 E/SurfaceFlinger( 1321): varying vec2 outTexCoords;
05-24 04:30:44.003 E/SurfaceFlinger( 1321): void main(void) {
05-24 04:30:44.003 E/SurfaceFlinger( 1321):     gl_FragColor = texture2D(sampler, outTexCoords);
05-24 04:30:44.003 E/SurfaceFlinger( 1321): }
05-24 04:30:44.003 E/SurfaceFlinger( 1321): 
05-24 04:30:44.003 E/SurfaceFlinger( 1321): öÿÿÿÿÿÿÿŸñ5ú~
05-24 04:30:44.003 E/SurfaceFlinger( 1321): Error while linking shaders:
05-24 04:30:44.003 E/SurfaceFlinger( 1321): Error while compiling shader: 
05-24 04:30:44.003 E/SurfaceFlinger( 1321): attribute vec4 texCoords;
05-24 04:30:44.003 E/SurfaceFlinger( 1321): varying vec2 outTexCoords;
05-24 04:30:44.003 E/SurfaceFlinger( 1321): attribute vec4 position;
05-24 04:30:44.003 E/SurfaceFlinger( 1321): uniform mat4 projection;
05-24 04:30:44.003 E/SurfaceFlinger( 1321): uniform mat4 texture;
05-24 04:30:44.003 E/SurfaceFlinger( 1321): void main(void) {
05-24 04:30:44.003 E/SurfaceFlinger( 1321):     gl_Position = projection * position;
05-24 04:30:44.003 E/SurfaceFlinger( 1321):     outTexCoords = (texture * texCoords).st;
05-24 04:30:44.003 E/SurfaceFlinger( 1321): }
05-24 04:30:44.003 E/SurfaceFlinger( 1321): 
05-24 04:30:44.003 E/SurfaceFlinger( 1321): öÿÿÿÿÿÿÿŸñ5ú~
05-24 04:30:44.003 E/SurfaceFlinger( 1321): Error while compiling shader: 
05-24 04:30:44.003 E/SurfaceFlinger( 1321): precision mediump float;
05-24 04:30:44.003 E/SurfaceFlinger( 1321): uniform sampler2D sampler;
05-24 04:30:44.003 E/SurfaceFlinger( 1321): varying vec2 outTexCoords;
05-24 04:30:44.003 E/SurfaceFlinger( 1321): void main(void) {
05-24 04:30:44.003 E/SurfaceFlinger( 1321):     gl_FragColor = texture2D(sampler, outTexCoords);
05-24 04:30:44.003 E/SurfaceFlinger( 1321): }
05-24 04:30:44.003 E/SurfaceFlinger( 1321): 
05-24 04:30:44.003 E/SurfaceFlinger( 1321): öÿÿÿÿÿÿÿŸñ5ú~
05-24 04:30:44.003 E/SurfaceFlinger( 1321): Error while linking shaders:
05-24 04:30:44.003 E/SurfaceFlinger( 1321): Error while compiling shader: 
05-24 04:30:44.003 E/SurfaceFlinger( 1321): attribute vec4 texCoords;
05-24 04:30:44.003 E/SurfaceFlinger( 1321): varying vec2 outTexCoords;
05-24 04:30:44.003 E/SurfaceFlinger( 1321): attribute vec4 position;
05-24 04:30:44.003 E/SurfaceFlinger( 1321): uniform mat4 projection;
05-24 04:30:44.003 E/SurfaceFlinger( 1321): uniform mat4 texture;
05-24 04:30:44.003 E/SurfaceFlinger( 1321): void main(void) {
05-24 04:30:44.003 E/SurfaceFlinger( 1321):     gl_Position = projection * position;
05-24 04:30:44.003 E/SurfaceFlinger( 1321):     outTexCoords = (texture * texCoords).st;
05-24 04:30:44.003 E/SurfaceFlinger( 1321): }
05-24 04:30:44.003 E/SurfaceFlinger( 1321): 
05-24 04:30:44.003 E/SurfaceFlinger( 1321): öÿÿÿÿÿÿÿŸñ5ú~
05-24 04:30:44.004 E/SurfaceFlinger( 1321): Error while compiling shader: 
05-24 04:30:44.004 E/SurfaceFlinger( 1321): precision mediump float;
05-24 04:30:44.004 E/SurfaceFlinger( 1321): uniform sampler2D sampler;
05-24 04:30:44.004 E/SurfaceFlinger( 1321): varying vec2 outTexCoords;
05-24 04:30:44.004 E/SurfaceFlinger( 1321): void main(void) {
05-24 04:30:44.004 E/SurfaceFlinger( 1321):     gl_FragColor = texture2D(sampler, outTexCoords);
05-24 04:30:44.004 E/SurfaceFlinger( 1321):     gl_FragColor.a = 1.0;
05-24 04:30:44.004 E/SurfaceFlinger( 1321): }
05-24 04:30:44.004 E/SurfaceFlinger( 1321): 
05-24 04:30:44.004 E/SurfaceFlinger( 1321): öÿÿÿÿÿÿÿŸñ5ú~
05-24 04:30:44.004 E/SurfaceFlinger( 1321): Error while linking shaders:
05-24 04:30:44.004 E/SurfaceFlinger( 1321): Error while compiling shader: 
05-24 04:30:44.004 E/SurfaceFlinger( 1321): attribute vec4 texCoords;
05-24 04:30:44.004 E/SurfaceFlinger( 1321): varying vec2 outTexCoords;
05-24 04:30:44.004 E/SurfaceFlinger( 1321): attribute vec4 position;
05-24 04:30:44.004 E/SurfaceFlinger( 1321): uniform mat4 projection;
05-24 04:30:44.004 E/SurfaceFlinger( 1321): uniform mat4 texture;
05-24 04:30:44.004 E/SurfaceFlinger( 1321): void main(void) {
05-24 04:30:44.004 E/SurfaceFlinger( 1321):     gl_Position = projection * position;
05-24 04:30:44.004 E/SurfaceFlinger( 1321):     outTexCoords = (texture * texCoords).st;
05-24 04:30:44.004 E/SurfaceFlinger( 1321): }
05-24 04:30:44.004 E/SurfaceFlinger( 1321): 
05-24 04:30:44.004 E/SurfaceFlinger( 1321): öÿÿÿÿÿÿÿŸñ5ú~
05-24 04:30:44.004 E/SurfaceFlinger( 1321): Error while compiling shader: 
05-24 04:30:44.004 E/SurfaceFlinger( 1321): precision mediump float;
05-24 04:30:44.004 E/SurfaceFlinger( 1321): uniform sampler2D sampler;
05-24 04:30:44.004 E/SurfaceFlinger( 1321): varying vec2 outTexCoords;
05-24 04:30:44.004 E/SurfaceFlinger( 1321): void main(void) {
05-24 04:30:44.004 E/SurfaceFlinger( 1321):     gl_FragColor = texture2D(sampler, outTexCoords);
05-24 04:30:44.004 E/SurfaceFlinger( 1321):     gl_FragColor.a = 1.0;
05-24 04:30:44.004 E/SurfaceFlinger( 1321): }
05-24 04:30:44.004 E/SurfaceFlinger( 1321): 
05-24 04:30:44.004 E/SurfaceFlinger( 1321): öÿÿÿÿÿÿÿŸñ5ú~
05-24 04:30:44.004 E/SurfaceFlinger( 1321): Error while linking shaders:
05-24 04:30:44.004 E/SurfaceFlinger( 1321): Error while compiling shader: 
05-24 04:30:44.004 E/SurfaceFlinger( 1321): attribute vec4 texCoords;
05-24 04:30:44.004 E/SurfaceFlinger( 1321): varying vec2 outTexCoords;
05-24 04:30:44.004 E/SurfaceFlinger( 1321): attribute vec4 position;
05-24 04:30:44.004 E/SurfaceFlinger( 1321): uniform mat4 projection;
05-24 04:30:44.004 E/SurfaceFlinger( 1321): uniform mat4 texture;
05-24 04:30:44.004 E/SurfaceFlinger( 1321): void main(void) {
05-24 04:30:44.004 E/SurfaceFlinger( 1321):     gl_Position = projection * position;
05-24 04:30:44.004 E/SurfaceFlinger( 1321):     outTexCoords = (texture * texCoords).st;
05-24 04:30:44.004 E/SurfaceFlinger( 1321): }
05-24 04:30:44.004 E/SurfaceFlinger( 1321): 
05-24 04:30:44.004 E/SurfaceFlinger( 1321): öÿÿÿÿÿÿÿŸñ5ú~
05-24 04:30:44.004 E/SurfaceFlinger( 1321): Error while compiling shader: 
05-24 04:30:44.004 E/SurfaceFlinger( 1321): precision mediump float;
05-24 04:30:44.004 E/SurfaceFlinger( 1321): uniform sampler2D sampler;
05-24 04:30:44.004 E/SurfaceFlinger( 1321): varying vec2 outTexCoords;
05-24 04:30:44.004 E/SurfaceFlinger( 1321): uniform float alphaPlane;
05-24 04:30:44.004 E/SurfaceFlinger( 1321): void main(void) {
05-24 04:30:44.004 E/SurfaceFlinger( 1321):     gl_FragColor = texture2D(sampler, outTexCoords);
05-24 04:30:44.004 E/SurfaceFlinger( 1321):     gl_FragColor.a *= alphaPlane;
05-24 04:30:44.004 E/SurfaceFlinger( 1321): }
05-24 04:30:44.004 E/SurfaceFlinger( 1321): 
05-24 04:30:44.004 E/SurfaceFlinger( 1321): öÿÿÿÿÿÿÿŸñ5ú~
05-24 04:30:44.004 E/SurfaceFlinger( 1321): Error while linking shaders:
05-24 04:30:44.004 E/SurfaceFlinger( 1321): Error while compiling shader: 
05-24 04:30:44.004 E/SurfaceFlinger( 1321): attribute vec4 texCoords;
05-24 04:30:44.004 E/SurfaceFlinger( 1321): varying vec2 outTexCoords;
05-24 04:30:44.004 E/SurfaceFlinger( 1321): attribute vec4 position;
05-24 04:30:44.004 E/SurfaceFlinger( 1321): uniform mat4 projection;
05-24 04:30:44.004 E/SurfaceFlinger( 1321): uniform mat4 texture;
05-24 04:30:44.004 E/SurfaceFlinger( 1321): void main(void) {
05-24 04:30:44.004 E/SurfaceFlinger( 1321):     gl_Position = projection * position;
05-24 04:30:44.004 E/SurfaceFlinger( 1321):     outTexCoords = (texture * texCoords).st;
05-24 04:30:44.004 E/SurfaceFlinger( 1321): }
05-24 04:30:44.004 E/SurfaceFlinger( 1321): 
05-24 04:30:44.004 E/SurfaceFlinger( 1321): öÿÿÿÿÿÿÿŸñ5ú~
05-24 04:30:44.004 E/SurfaceFlinger( 1321): Error while compiling shader: 
05-24 04:30:44.004 E/SurfaceFlinger( 1321): precision mediump float;
05-24 04:30:44.004 E/SurfaceFlinger( 1321): uniform sampler2D sampler;
05-24 04:30:44.004 E/SurfaceFlinger( 1321): varying vec2 outTexCoords;
05-24 04:30:44.004 E/SurfaceFlinger( 1321): uniform float alphaPlane;
05-24 04:30:44.004 E/SurfaceFlinger( 1321): void main(void) {
05-24 04:30:44.004 E/SurfaceFlinger( 1321):     gl_FragColor = texture2D(sampler, outTexCoords);
05-24 04:30:44.004 E/SurfaceFlinger( 1321):     gl_FragColor *= alphaPlane;
05-24 04:30:44.004 E/SurfaceFlinger( 1321): }
05-24 04:30:44.004 E/SurfaceFlinger( 1321): 
05-24 04:30:44.004 E/SurfaceFlinger( 1321): öÿÿÿÿÿÿÿŸñ5ú~
05-24 04:30:44.004 E/SurfaceFlinger( 1321): Error while linking shaders:
05-24 04:30:44.004 E/SurfaceFlinger( 1321): Error while compiling shader: 
05-24 04:30:44.004 E/SurfaceFlinger( 1321): attribute vec4 texCoords;
05-24 04:30:44.004 E/SurfaceFlinger( 1321): varying vec2 outTexCoords;
05-24 04:30:44.004 E/SurfaceFlinger( 1321): attribute vec4 position;
05-24 04:30:44.004 E/SurfaceFlinger( 1321): uniform mat4 projection;
05-24 04:30:44.004 E/SurfaceFlinger( 1321): uniform mat4 texture;
05-24 04:30:44.004 E/SurfaceFlinger( 1321): void main(void) {
05-24 04:30:44.004 E/SurfaceFlinger( 1321):     gl_Position = projection * position;
05-24 04:30:44.004 E/SurfaceFlinger( 1321):     outTexCoords = (texture * texCoords).st;
05-24 04:30:44.004 E/SurfaceFlinger( 1321): }
05-24 04:30:44.004 E/SurfaceFlinger( 1321): 
05-24 04:30:44.004 E/SurfaceFlinger( 1321): öÿÿÿÿÿÿÿŸñ5ú~
05-24 04:30:44.004 E/SurfaceFlinger( 1321): Error while compiling shader: 
05-24 04:30:44.004 E/SurfaceFlinger( 1321): precision mediump float;
05-24 04:30:44.004 E/SurfaceFlinger( 1321): uniform sampler2D sampler;
05-24 04:30:44.004 E/SurfaceFlinger( 1321): varying vec2 outTexCoords;
05-24 04:30:44.004 E/SurfaceFlinger( 1321): uniform float alphaPlane;
05-24 04:30:44.004 E/SurfaceFlinger( 1321): void main(void) {
05-24 04:30:44.004 E/SurfaceFlinger( 1321):     gl_FragColor = texture2D(sampler, outTexCoords);
05-24 04:30:44.004 E/SurfaceFlinger( 1321):     gl_FragColor.a = 1.0;
05-24 04:30:44.004 E/SurfaceFlinger( 1321):     gl_FragColor.a *= alphaPlane;
05-24 04:30:44.004 E/SurfaceFlinger( 1321): }
05-24 04:30:44.004 E/SurfaceFlinger( 1321): 
05-24 04:30:44.004 E/SurfaceFlinger( 1321): öÿÿÿÿÿÿÿŸñ5ú~
05-24 04:30:44.004 E/SurfaceFlinger( 1321): Error while linking shaders:
05-24 04:30:44.004 E/SurfaceFlinger( 1321): Error while compiling shader: 
05-24 04:30:44.004 E/SurfaceFlinger( 1321): attribute vec4 texCoords;
05-24 04:30:44.004 E/SurfaceFlinger( 1321): varying vec2 outTexCoords;
05-24 04:30:44.004 E/SurfaceFlinger( 1321): attribute vec4 position;
05-24 04:30:44.004 E/SurfaceFlinger( 1321): uniform mat4 projection;
05-24 04:30:44.004 E/SurfaceFlinger( 1321): uniform mat4 texture;
05-24 04:30:44.004 E/SurfaceFlinger( 1321): void main(void) {
05-24 04:30:44.004 E/SurfaceFlinger( 1321):     gl_Position = projection * position;
05-24 04:30:44.004 E/SurfaceFlinger( 1321):     outTexCoords = (texture * texCoords).st;
05-24 04:30:44.004 E/SurfaceFlinger( 1321): }
05-24 04:30:44.004 E/SurfaceFlinger( 1321): 
05-24 04:30:44.004 E/SurfaceFlinger( 1321): öÿÿÿÿÿÿÿŸñ5ú~
05-24 04:30:44.004 E/SurfaceFlinger( 1321): Error while compiling shader: 
05-24 04:30:44.004 E/SurfaceFlinger( 1321): precision mediump float;
05-24 04:30:44.004 E/SurfaceFlinger( 1321): uniform sampler2D sampler;
05-24 04:30:44.004 E/SurfaceFlinger( 1321): varying vec2 outTexCoords;
05-24 04:30:44.004 E/SurfaceFlinger( 1321): uniform float alphaPlane;
05-24 04:30:44.004 E/SurfaceFlinger( 1321): void main(void) {
05-24 04:30:44.004 E/SurfaceFlinger( 1321):     gl_FragColor = texture2D(sampler, outTexCoords);
05-24 04:30:44.004 E/SurfaceFlinger( 1321):     gl_FragColor.a = 1.0;
05-24 04:30:44.004 E/SurfaceFlinger( 1321):     gl_FragColor *= alphaPlane;
05-24 04:30:44.004 E/SurfaceFlinger( 1321): }
05-24 04:30:44.004 E/SurfaceFlinger( 1321): 
05-24 04:30:44.004 E/SurfaceFlinger( 1321): öÿÿÿÿÿÿÿŸñ5ú~
05-24 04:30:44.004 E/SurfaceFlinger( 1321): Error while linking shaders:
05-24 04:30:44.004 D/SurfaceFlinger( 1321): shader cache generated - 24 shaders in 7.541899 ms
05-24 04:30:44.071 D/SurfaceFlinger( 1321): Set power mode=2, type=0 flinger=0x7efa06c47000
05-24 04:30:44.587 I/        ( 1327): sMaxFastTracks = 8
05-24 04:30:44.715 I/audioserver( 1327): ServiceManager: 0xf043c020
05-24 04:30:44.717 W/BatteryNotifier( 1327): batterystats service unavailable!
05-24 04:30:44.717 I/AudioFlinger( 1327): Using default 3000 mSec as standby time.
05-24 04:30:44.785 I/AudioPolicyService( 1327): AudioPolicyService CSTOR in new mode
05-24 04:30:44.857 I/APM::ConfigParsingUtils( 1327): loadAudioPolicyConfig() loaded /system/etc/audio_policy.conf
05-24 04:30:45.185 D/audio_hw_generic( 1327): Emulator host-side ALSA audio emulation detected.
05-24 04:30:45.186 D/audio_hw_generic( 1327): mixer 0 name Master Playback Volume
05-24 04:30:45.187 D/audio_hw_generic( 1327): set ctl 0 to 100
05-24 04:30:45.188 D/audio_hw_generic( 1327): set ctl 1 to 100
05-24 04:30:45.188 D/audio_hw_generic( 1327): mixer 1 name Master Playback Switch
05-24 04:30:45.188 D/audio_hw_generic( 1327): set ctl 0 to 1
05-24 04:30:45.188 D/audio_hw_generic( 1327): set ctl 1 to 1
05-24 04:30:45.188 D/audio_hw_generic( 1327): mixer 2 name Capture Volume
05-24 04:30:45.188 D/audio_hw_generic( 1327): set ctl 0 to 100
05-24 04:30:45.188 D/audio_hw_generic( 1327): set ctl 1 to 100
05-24 04:30:45.189 D/audio_hw_generic( 1327): mixer 3 name Capture Switch
05-24 04:30:45.189 D/audio_hw_generic( 1327): set ctl 0 to 1
05-24 04:30:45.189 D/audio_hw_generic( 1327): set ctl 1 to 1
05-24 04:30:45.189 D/audio_hw_generic( 1327): mixer 4 name Line Phantom Jack
05-24 04:30:45.189 D/audio_hw_generic( 1327): mixer 5 name Line Out Phantom Jack
05-24 04:30:45.189 D/audio_hw_generic( 1327): mixer 6 name Playback Channel Map
05-24 04:30:45.189 D/audio_hw_generic( 1327): mixer 7 name Capture Channel Map
05-24 04:30:45.189 I/AudioFlinger( 1327): loadHwModule() Loaded primary audio interface from Generic audio HW HAL (audio) handle 10
05-24 04:30:45.263 I/AudioFlinger( 1327): openOutput(), module 10 Device 2, SamplingRate 48000, Format 0x000001, Channels 3, flags 2
05-24 04:30:45.283 I/AudioFlinger( 1327): HAL output buffer size 720 frames, normal sink buffer size 1152 frames
