05-24 04:32:42.871 D/EventHub( 1770): No input device configuration file found for device 'Power Button'.
05-24 04:32:42.948 W/EventHub( 1770): Unable to disable kernel key repeat for /dev/input/event0: Function not implemented
05-24 04:32:42.949 I/EventHub( 1770): New device: id=1, fd=91, path='/dev/input/event0', name='Power Button', classes=0x1, configuration='', keyLayout='/system/usr/keylayout/Generic.kl', keyCharacterMap='/system/usr/keychars/Generic.kcm', builtinKeyboard=false, wakeMechanism=EPOLLWAKEUP, usingClockIoctl=true
05-24 04:32:42.971 I/SystemServer( 1770): No Bluetooth Service (emulator)
05-24 04:32:42.971 I/SystemServer( 1770): ConnectivityMetricsLoggerService
05-24 04:32:42.972 I/SystemServiceManager( 1770): Starting com.android.server.connectivity.MetricsLoggerService
05-24 04:32:43.046 W/EventHub( 1770): Unable to disable kernel key repeat for /dev/input/event1: Function not implemented
05-24 04:32:43.047 I/EventHub( 1770): New device: id=2, fd=92, path='/dev/input/event1', name='qwerty2', classes=0x95, configuration='/system/usr/idc/qwerty2.idc', keyLayout='/system/usr/keylayout/qwerty.kl', keyCharacterMap='/system/usr/keychars/qwerty2.kcm', builtinKeyboard=true, wakeMechanism=EPOLLWAKEUP, usingClockIoctl=true
05-24 04:32:43.047 E/EventHub( 1770): could not get driver version for /dev/input/mice, Not a typewriter
05-24 04:32:43.071 I/SystemServer( 1770): IpConnectivityMetrics
05-24 04:32:43.072 I/SystemServiceManager( 1770): Starting com.android.server.connectivity.IpConnectivityMetrics
05-24 04:32:43.074 I/SystemServer( 1770): PinnerService
05-24 04:32:43.075 I/SystemServiceManager( 1770): Starting com.android.server.PinnerService
05-24 04:32:43.079 I/SystemServiceManager( 1770): Starting com.android.server.InputMethodManagerService$Lifecycle
05-24 04:32:43.156 I/InputReader( 1770): Device added: id=-1, name='Virtual', sources=0x00000301
05-24 04:32:43.164 I/InputReader( 1770):   Touch device 'qwerty2' could not query the properties of its associated display.  The device will be inoperable until the display size becomes available.
05-24 04:32:43.164 I/InputReader( 1770): Device added: id=0, name='qwerty2', sources=0x80001103
05-24 04:32:43.165 I/InputReader( 1770): Device added: id=1, name='Power Button', sources=0x00000101
05-24 04:32:44.010 I/SystemServer( 1770): StartAccessibilityManagerService
05-24 04:32:44.139 I/ActivityManager( 1770): Config changes=1df8 {1.0 ?mcc?mnc [en_US] ldltr sw360dp w360dp h640dp 480dpi nrml long port ?uimode ?night -touch -keyb/v/h -nav/h s.2}
05-24 04:32:44.184 I/ActivityManager( 1770): Config changes=500 {1.0 ?mcc?mnc [en_US] ldltr sw360dp w360dp h568dp 480dpi nrml port ?uimode ?night -touch -keyb/v/h -nav/h s.3}
05-24 04:32:44.209 I/ActivityManager( 1770): Config changes=8 {1.0 ?mcc?mnc [en_US] ldltr sw360dp w360dp h568dp 480dpi nrml port ?uimode ?night finger -keyb/v/h -nav/h s.4}
05-24 04:32:44.357 I/SystemServiceManager( 1770): Starting com.android.server.MountService$Lifecycle
05-24 04:32:44.365 I/InputReader( 1770): Reconfiguring input devices.  changes=0x00000004
05-24 04:32:44.365 I/InputReader( 1770): Device reconfigured: id=0, name='qwerty2', size 1080x1920, orientation 0, mode 1, display id 0
05-24 04:32:44.403 I/InputReader( 1770): Reconfiguring input devices.  changes=0x00000004
05-24 04:32:44.557 I/SystemServiceManager( 1770): Starting com.android.server.UiModeManagerService
05-24 04:32:44.564 I/ActivityManager( 1770): Config changes=200 {1.0 ?mcc?mnc [en_US] ldltr sw360dp w360dp h568dp 480dpi nrml port finger -keyb/v/h -nav/h s.5}
05-24 04:32:44.638 W/PackageManager( 1770): No disk maintenance in 5185430638; running immediately
05-24 04:32:44.713 D/MountService( 1770): Thinking about init, mSystemReady=false, mDaemonConnected=true
05-24 04:32:44.714 D/MountService( 1770): Thinking about reset, mSystemReady=false, mDaemonConnected=true
05-24 04:32:44.715 D/MountService( 1770): Thinking about init, mSystemReady=false, mDaemonConnected=true
05-24 04:32:44.715 D/MountService( 1770): Thinking about reset, mSystemReady=false, mDaemonConnected=true
05-24 04:32:44.718 D/CryptdConnector( 1770): SND -> {1 cryptfs getfield SystemLocale}
05-24 04:32:44.720 I/SystemServer( 1770): StartLockSettingsService
05-24 04:32:44.732 I/SystemServiceManager( 1770): Starting com.android.server.LockSettingsService$Lifecycle
05-24 04:32:44.735 D/CryptdConnector( 1770): RCV <- {200 1 -1}
05-24 04:32:44.795 W/MountService( 1770): No primary storage mounted!
05-24 04:32:44.795 D/VoldConnector( 1770): SND -> {1 asec list}
05-24 04:32:44.811 D/VoldConnector( 1770): RCV <- {200 1 asec operation succeeded}
05-24 04:32:44.892 I/PackageManager( 1770): No secure containers found
05-24 04:32:44.895 W/PackageManager( 1770): Unknown permission com.google.android.googleapps.permission.GOOGLE_AUTH in package com.android.providers.calendar
05-24 04:32:44.895 W/PackageManager( 1770): Unknown permission com.google.android.googleapps.permission.GOOGLE_AUTH.cl in package com.android.providers.calendar
05-24 04:32:44.896 W/PackageManager( 1770): Not granting permission android.permission.GLOBAL_SEARCH to package com.android.quicksearchbox (protectionLevel=18 flags=0x3808be45)
05-24 04:32:44.897 W/PackageManager( 1770): Not granting permission android.permission.WRITE_EXTERNAL_STORAGE to package gov.nasa.arc.astrobee.android.gs.manager because it was previously installed without
05-24 04:32:44.897 W/PackageManager( 1770): Not granting permission android.permission.READ_EXTERNAL_STORAGE to package gov.nasa.arc.astrobee.android.gs.manager because it was previously installed without
05-24 04:32:44.897 W/PackageManager( 1770): Unknown permission com.android.launcher.permission.READ_SETTINGS in package com.android.launcher3
05-24 04:32:44.898 W/PackageManager( 1770): Unknown permission com.android.launcher.permission.WRITE_SETTINGS in package com.android.launcher3
05-24 04:32:44.898 W/PackageManager( 1770): Not granting permission android.permission.BIND_APPWIDGET to package com.android.launcher3 (protectionLevel=18 flags=0x3c4bbe45)
05-24 04:32:44.898 W/PackageManager( 1770): Unknown permission com.google.android.googleapps.permission.GOOGLE_AUTH.mail in package com.android.calendar
05-24 04:32:44.898 W/PackageManager( 1770): Unknown permission com.google.android.providers.settings.permission.WRITE_GSETTINGS in package com.android.sdksetup
05-24 04:32:44.899 W/PackageManager( 1770): Unknown permission com.google.android.permission.INSTALL_WEARABLE_PACKAGES in package com.android.packageinstaller
05-24 04:32:44.899 W/PackageManager( 1770): Not granting permission android.permission.DELETE_PACKAGES to package com.svox.pico (protectionLevel=18 flags=0x3808be45)
05-24 04:32:44.899 W/PackageManager( 1770): Not granting permission android.permission.READ_CONTACTS to package com.example.android.apis because it was previously installed without
05-24 04:32:44.899 W/PackageManager( 1770): Not granting permission android.permission.WRITE_CONTACTS to package com.example.android.apis because it was previously installed without
05-24 04:32:44.899 W/PackageManager( 1770): Not granting permission android.permission.ACCESS_COARSE_LOCATION to package com.example.android.apis because it was previously installed without
05-24 04:32:44.899 W/PackageManager( 1770): Not granting permission android.permission.WRITE_EXTERNAL_STORAGE to package com.example.android.apis because it was previously installed without
05-24 04:32:44.899 W/PackageManager( 1770): Not granting permission android.permission.SEND_SMS to package com.example.android.apis because it was previously installed without
05-24 04:32:44.925 I/SystemServiceManager( 1770): Starting com.android.server.DeviceIdleController
05-24 04:32:44.900 W/PackageManager( 1770): Not granting permission android.permission.RECEIVE_SMS to package com.example.android.apis because it was previously installed without
05-24 04:32:44.928 W/PackageManager( 1770): Not granting permission android.permission.RECEIVE_MMS to package com.example.android.apis because it was previously installed without
05-24 04:32:44.929 W/PackageManager( 1770): Not granting permission android.permission.READ_SMS to package com.example.android.apis because it was previously installed without
05-24 04:32:44.929 W/PackageManager( 1770): Not granting permission android.permission.READ_PHONE_STATE to package com.example.android.apis because it was previously installed without
05-24 04:32:44.929 W/PackageManager( 1770): Not granting permission android.permission.RECORD_AUDIO to package com.example.android.apis because it was previously installed without
05-24 04:32:44.929 W/PackageManager( 1770): Not granting permission android.permission.CAMERA to package com.example.android.apis because it was previously installed without
05-24 04:32:44.929 W/PackageManager( 1770): Not granting permission android.permission.READ_EXTERNAL_STORAGE to package com.example.android.apis because it was previously installed without
05-24 04:32:44.929 W/PackageManager( 1770): Unknown permission android.permission.RUN_INSTRUMENTATION in package org.chromium.webview_shell
05-24 04:32:44.933 W/PackageManager( 1770): Unknown permission com.google.android.googleapps.permission.GOOGLE_AUTH in package com.android.settings
05-24 04:32:44.933 W/PackageManager( 1770): Unknown permission com.android.launcher.permission.READ_SETTINGS in package com.android.settings
05-24 04:32:44.933 W/PackageManager( 1770): Unknown permission com.android.launcher.permission.WRITE_SETTINGS in package com.android.settings
05-24 04:32:44.934 W/PackageManager( 1770): Unknown permission com.android.smspush.WAPPUSH_MANAGER_BIND in package com.android.phone
05-24 04:32:44.935 W/PackageManager( 1770): Unknown permission com.google.android.googleapps.permission.ACCESS_GOOGLE_PASSWORD in package com.android.development
05-24 04:32:44.935 W/PackageManager( 1770): Unknown permission com.google.android.googleapps.permission.GOOGLE_AUTH in package com.android.development
05-24 04:32:44.935 W/PackageManager( 1770): Unknown permission com.google.android.googleapps.permission.GOOGLE_AUTH.ALL_SERVICES in package com.android.development
05-24 04:32:44.935 W/PackageManager( 1770): Unknown permission com.google.android.googleapps.permission.GOOGLE_AUTH.YouTubeUser in package com.android.development
05-24 04:32:44.935 W/PackageManager( 1770): Not granting permission android.permission.BIND_APPWIDGET to package com.android.widgetpreview (protectionLevel=18 flags=0x3808be44)
05-24 04:32:45.446 W/art     ( 1770): Long monitor contention with owner MountService (1943) at void com.android.server.pm.PackageManagerService.loadMediaPackages(android.util.ArrayMap, int[], boolean)(PackageManagerService.java:19317) waiters=0 in android.content.pm.ApplicationInfo com.android.server.pm.PackageManagerService.getApplicationInfo(java.lang.String, int, int) for 515ms
05-24 04:32:45.531 I/SystemServiceManager( 1770): Starting com.android.server.devicepolicy.DevicePolicyManagerService$Lifecycle
05-24 04:32:45.581 W/MountService( 1770): No primary storage defined yet; hacking together a stub
05-24 04:32:45.583 W/MountService( 1770): No primary storage defined yet; hacking together a stub
05-24 04:32:45.587 W/MountService( 1770): No primary storage mounted!
05-24 04:32:45.587 D/VoldConnector( 1770): SND -> {2 asec list}
05-24 04:32:45.589 D/VoldConnector( 1770): RCV <- {200 2 asec operation succeeded}
05-24 04:32:45.743 I/MountService( 1770): Running fstrim idle maintenance
05-24 04:32:45.745 D/VoldConnector( 1770): SND -> {3 fstrim dotrim}
05-24 04:32:45.752 I/SystemServer( 1770): StartStatusBarManagerService
05-24 04:32:45.756 D/VoldConnector( 1770): RCV <- {200 3 Command succeeded}
05-24 04:32:45.764 D/vold    ( 1270): Starting trim of /cache
05-24 04:32:45.766 W/vold    ( 1270): Trim failed on /cache: Operation not supported on transport endpoint
05-24 04:32:45.767 D/VoldConnector( 1770): RCV <- {662 /cache -1 -1}
05-24 04:32:45.800 I/SystemServer( 1770): StartClipboardService
05-24 04:32:45.810 I/SystemServer( 1770): StartNetworkManagementService
05-24 04:32:45.820 D/vold    ( 1270): Starting trim of /data
05-24 04:32:45.821 W/vold    ( 1270): Trim failed on /data: Operation not supported on transport endpoint
05-24 04:32:45.821 D/VoldConnector( 1770): RCV <- {662 /data -1 -1}
05-24 04:32:45.826 E/VoldConnector( 1770): Error handling '662 /cache -1 -1': java.lang.NullPointerException: Attempt to invoke virtual method 'void android.os.DropBoxManager.addText(java.lang.String, java.lang.String)' on a null object reference
05-24 04:32:45.829 E/VoldConnector( 1770): Error handling '662 /data -1 -1': java.lang.NullPointerException: Attempt to invoke virtual method 'void android.os.DropBoxManager.addText(java.lang.String, java.lang.String)' on a null object reference
05-24 04:32:46.007 I/NetworkManagement( 1770): onDaemonConnected()
05-24 04:32:46.053 I/SystemServiceManager( 1770): Starting com.android.server.TextServicesManagerService$Lifecycle
05-24 04:32:46.112 I/SystemServer( 1770): StartNetworkScoreService
05-24 04:32:46.251 I/SystemServer( 1770): StartNetworkStatsService
05-24 04:32:46.360 I/SystemServer( 1770): StartNetworkPolicyManagerService
05-24 04:32:46.426 I/SystemServer( 1770): No Wi-Fi NAN Service (NAN support Not Present)
05-24 04:32:46.436 W/UsageStatsService( 1770): User[0] Some stats have no latest available
05-24 04:32:46.833 W/art     ( 1770): Verification of void com.android.server.wifi.p2p.WifiP2pService.<init>(android.content.Context) took 151.648ms
05-24 04:32:46.836 I/SystemServiceManager( 1770): Starting com.android.server.wifi.p2p.WifiP2pService
05-24 04:32:47.031 I/art     ( 1770): Background sticky concurrent mark sweep GC freed 34044(2MB) AllocSpace objects, 18(360KB) LOS objects, 26% free, 8MB/10MB, paused 2.727ms total 528.592ms
05-24 04:32:47.184 I/UsageStatsService( 1770): User[0] Rollover scheduled @ 2021-05-25 04:32:44(1621917164223)
05-24 04:32:47.285 I/WifiP2pService( 1770): Registering wifip2p
05-24 04:32:47.301 I/SystemServiceManager( 1770): Starting com.android.server.wifi.WifiService
05-24 04:32:47.943 W/art     ( 1770): Verification of com.android.server.wifi.WifiConfigManager com.android.server.wifi.WifiStateMachine.-get74(com.android.server.wifi.WifiStateMachine) took 522.134ms
05-24 04:32:48.638 D/HS20    ( 1770): Passpoint is disabled
05-24 04:32:48.921 D/CommandListener( 1336): Clearing all IP addresses on wlan0
05-24 04:32:49.161 W/art     ( 1770): Long monitor contention with owner WifiStateMachine (1959) at boolean com.android.server.wifi.WifiNative.unloadDriverNative()(WifiNative.java:-2) waiters=0 in java.lang.String com.android.server.wifi.WifiNative.doStringCommand(java.lang.String) for 252ms
05-24 04:32:49.162 E/WifiLogger( 1770): no ring buffers found
05-24 04:32:49.162 E/WifiLogger( 1770): Failed to start packet fate monitoring
05-24 04:32:49.172 D/WifiApConfigStore( 1770): 2G band allowed channels are:1,6,11
05-24 04:32:49.209 D/WifiController( 1770): isAirplaneModeOn = true, isWifiEnabled = false, isScanningAvailable = false
05-24 04:32:49.228 I/WifiService( 1770): Registering wifi
05-24 04:32:49.253 I/SystemServiceManager( 1770): Starting com.android.server.wifi.scanner.WifiScanningService
05-24 04:32:49.253 I/WifiScanningService( 1770): Creating wifiscanner
05-24 04:32:49.384 I/WifiScanningService( 1770): Publishing wifiscanner
05-24 04:32:49.388 I/SystemServiceManager( 1770): Starting com.android.server.wifi.RttService
05-24 04:32:49.391 I/RttService( 1770): Creating rttmanager
05-24 04:32:49.404 I/RttService( 1770): Starting rttmanager
05-24 04:32:49.407 I/SystemServer( 1770): StartConnectivityService
05-24 04:32:49.502 D/ConnectivityService( 1770): ConnectivityService starting up
05-24 04:32:49.624 D/ConnectivityService( 1770): wifiOnly=false
05-24 04:32:49.796 I/SystemServer( 1770): StartNsdService
05-24 04:32:49.833 I/SystemServer( 1770): StartUpdateLockService
05-24 04:32:49.838 I/SystemServiceManager( 1770): Starting com.android.server.RecoverySystemService
05-24 04:32:49.931 I/SystemServiceManager( 1770): Starting com.android.server.notification.NotificationManagerService
05-24 04:32:50.139 D/ConditionProviders.SCP( 1770): new ScheduleConditionProvider()
05-24 04:32:50.225 D/ZenLog  ( 1770): config: readXml,ZenModeConfig[user=0,allowCalls=true,allowRepeatCallers=false,allowMessages=false,allowCallsFrom=contacts,allowMessagesFrom=contacts,allowReminders=true,allowEvents=true,allowWhenScreenOff=true,allowWhenScreenOn=true,automaticRules={370bd6672ef541ba946db9ac4aef0faf=ZenRule[enabled=false,snoozing=false,name=Weeknight,zenMode=ZEN_MODE_ALARMS,conditionId=condition://android/schedule?days=1.2.3.4.5&start=22.0&end=7.0&exitAtAlarm=false,condition=Condition[id=condition://android/schedule?days=1.2.3.4.5&start=22.0&end=7.0&exitAtAlarm=false,summary=...,line1=...,line2=...,icon=0,state=STATE_FALSE,flags=2],component=ComponentInfo{android/com.android.server.notification.ScheduleConditionProvider},id=370bd6672ef541ba946db9ac4aef0faf,creationTime=1590622727817,enabler=null], a53ffdf89c814123a52adbdd46bc948d=ZenRule[enabled=false,snoozing=false,name=Weekend,zenMode=ZEN_MODE_ALARMS,conditionId=condition://android/schedule?days=6.7&start=23.30&end=10.0&exitAtAlarm=false,condition=Condition[id=condition://android/schedule?days=6.7&start=23.30&end=10.0&exitAtAlarm=false,summary=...,line1=...,line2=...,icon=0,state=STATE_FALSE,flags=2],component=ComponentInfo{android/com.android.server.notification.ScheduleConditionProvider},id=a53ffdf89c814123a52adbdd46bc948d,creationTime=1590622727818,enabler=null], fc8bb1aacabb4877a1d1d167106f6e77=ZenRule[enabled=false,snoozing=false,name=Event,zenMode=ZEN_MODE_ALARMS,conditionId=condition://android/event?userId=-10000&calendar=&reply=1,condition=Condition[id=condition://android/event?userId=-10000&calendar=&reply=1,summary=...,line1=...,line2=...,icon=0,state=STATE_FALSE,flags=2],component=ComponentInfo{android/com.android.server.notification.EventConditionProvider},id=fc8bb1aacabb4877a1d1d167106f6e77,creationTime=1590622727822,enabler=null]},manualRule=null],Diff[automaticRule[370bd6672ef541ba946db9ac4aef0faf]:insert,automaticRule[5bf265d0d63e46368b3afe1ef390f8d2]:delete,automaticRule[a53ffdf89c814123a52adbdd46bc948d]:insert,automaticRule[eebe521258ae4b71ae566bb318282238]:delete,automaticRule[fc8bb1aacabb4877a1d1d167106f6e77]:insert,automaticRule[c94ee525cd204e14a21427c5ea83e37e]:delete]
05-24 04:32:50.297 D/ZenLog  ( 1770): set_zen_mode: off,init
05-24 04:32:50.333 I/SystemServiceManager( 1770): Starting com.android.server.storage.DeviceStorageMonitorService
05-24 04:32:50.419 I/SystemServer( 1770): StartLocationManagerService
05-24 04:32:50.449 I/SystemServer( 1770): StartCountryDetectorService
05-24 04:32:50.484 I/SystemServer( 1770): StartSearchManagerService
05-24 04:32:50.485 I/SystemServiceManager( 1770): Starting com.android.server.search.SearchManagerService$Lifecycle
05-24 04:32:50.497 I/SystemServiceManager( 1770): Starting com.android.server.DropBoxManagerService
05-24 04:32:50.514 I/SystemServer( 1770): StartWallpaperManagerService
05-24 04:32:50.515 I/SystemServiceManager( 1770): Starting com.android.server.wallpaper.WallpaperManagerService$Lifecycle
05-24 04:32:50.605 E/BitmapFactory( 1770): Unable to decode stream: java.io.FileNotFoundException: /data/system/users/0/wallpaper_orig (No such file or directory)
05-24 04:32:50.606 E/WallpaperManagerService( 1770): Invalid wallpaper data
05-24 04:32:50.606 E/WallpaperManagerService( 1770): Unable to apply new wallpaper
05-24 04:32:50.614 I/SystemServer( 1770): StartAudioService
05-24 04:32:50.615 I/SystemServiceManager( 1770): Starting com.android.server.audio.AudioService$Lifecycle
05-24 04:32:50.717 W/TelecomManager( 1770): Telecom Service not found.
05-24 04:32:50.816 D/PermissionCache( 1327): checking android.permission.MODIFY_AUDIO_SETTINGS for uid=1000 => granted (71827 us)
05-24 04:32:50.830 D/PermissionCache( 1327): checking android.permission.MODIFY_AUDIO_SETTINGS for uid=1000 => granted (67495 us)
05-24 04:32:50.887 W/AudioFlinger( 1327): no wake lock to update, system not ready yet
05-24 04:32:51.117 I/SystemServiceManager( 1770): Starting com.android.server.DockObserver
05-24 04:32:51.119 W/DockObserver( 1770): This kernel does not have dock station support
05-24 04:32:51.134 I/SystemServer( 1770): StartWiredAccessoryManager
05-24 04:32:51.138 W/WiredAccessoryManager( 1770): This kernel does not have usb audio support
05-24 04:32:51.139 W/WiredAccessoryManager( 1770): This kernel does not have HDMI audio support
05-24 04:32:51.139 I/SystemServiceManager( 1770): Starting com.android.server.midi.MidiService$Lifecycle
05-24 04:32:51.173 I/SystemServiceManager( 1770): Starting com.android.server.usb.UsbService$Lifecycle
05-24 04:32:51.312 I/SystemServer( 1770): StartSerialService
05-24 04:32:51.316 E/HardwarePropertiesManagerService-JNI( 1770): Couldn't load thermal module (No such file or directory)
05-24 04:32:51.319 I/SystemServiceManager( 1770): Starting com.android.server.twilight.TwilightService
05-24 04:32:51.362 I/SystemServiceManager( 1770): Starting com.android.server.job.JobSchedulerService
05-24 04:32:51.496 I/SystemServiceManager( 1770): Starting com.android.server.soundtrigger.SoundTriggerService
05-24 04:32:51.524 I/SystemServiceManager( 1770): Starting com.android.server.backup.BackupManagerService$Lifecycle
05-24 04:32:51.575 I/SystemServiceManager( 1770): Starting com.android.server.appwidget.AppWidgetService
05-24 04:32:51.637 I/SystemServiceManager( 1770): Starting com.android.server.voiceinteraction.VoiceInteractionManagerService
05-24 04:32:51.646 I/SystemServer( 1770): Gesture Launcher Service
05-24 04:32:51.647 I/SystemServiceManager( 1770): Starting com.android.server.GestureLauncherService
05-24 04:32:51.648 I/SystemServiceManager( 1770): Starting com.android.server.SensorNotificationService
05-24 04:32:51.648 I/SystemServiceManager( 1770): Starting com.android.server.ContextHubSystemService
05-24 04:32:51.691 E/ContextHubService( 1770): ** Could not load context_hub module : err No such file or directory
05-24 04:32:51.691 W/ContextHubService( 1770): No Context Hub Module present
05-24 04:32:51.692 I/SystemServer( 1770): StartDiskStatsService
05-24 04:32:51.695 I/SystemServer( 1770): StartSamplingProfilerService
05-24 04:32:51.788 I/SystemServer( 1770): StartNetworkTimeUpdateService
05-24 04:32:51.804 I/SystemServer( 1770): StartCommonTimeManagementService
05-24 04:32:51.809 I/SystemServer( 1770): CertBlacklister
05-24 04:32:51.824 I/SystemServiceManager( 1770): Starting com.android.server.emergency.EmergencyAffordanceService
05-24 04:32:51.827 I/SystemServiceManager( 1770): Starting com.android.server.dreams.DreamManagerService
05-24 04:32:51.836 I/SystemServer( 1770): StartAssetAtlasService
05-24 04:32:51.929 I/SystemServiceManager( 1770): Starting com.android.server.print.PrintManagerService
05-24 04:32:51.953 D/AssetAtlas( 1770): Loaded configuration: SliceMinArea (1280x896) flags=0x2 count=91
05-24 04:32:52.064 I/SystemServiceManager( 1770): Starting com.android.server.restrictions.RestrictionsManagerService
05-24 04:32:52.083 D/gralloc_ranchu( 1770): Emulator without host-side GPU emulation detected. Loading gralloc.default.so from /vendor/lib64/hw/gralloc.goldfish.default.so...
05-24 04:32:52.087 D/gralloc_ranchu( 1770): gralloc.default.so not found in /vendor. Trying /system/lib64/hw/gralloc.goldfish.default.so...
05-24 04:32:52.102 I/SystemServiceManager( 1770): Starting com.android.server.media.MediaSessionService
05-24 04:32:52.119 I/SystemServer( 1770): StartMediaRouterService
05-24 04:32:52.136 I/SystemServiceManager( 1770): Starting com.android.server.trust.TrustManagerService
05-24 04:32:52.171 I/SystemServiceManager( 1770): Starting com.android.server.fingerprint.FingerprintService
05-24 04:32:52.319 D/PermissionCache( 1340): checking android.permission.MANAGE_FINGERPRINT for uid=1000 => granted (4670 us)
05-24 04:32:52.390 V/fingerprintd( 1340): nativeOpenHal()
05-24 04:32:52.495 W/AssetAtlasService( 1770): Could not find EGL configuration
05-24 04:32:52.499 D/AssetAtlas( 1770): Rendered atlas in 231.32ms (228.49+2.82ms)
05-24 04:32:52.525 I/art     ( 1770): Background partial concurrent mark sweep GC freed 19242(1462KB) AllocSpace objects, 7(140KB) LOS objects, 24% free, 12MB/16MB, paused 1.273ms total 334.614ms
05-24 04:32:52.552 D/FingerprintHal( 1340): ----------------> fingerprint_open ----------------->
05-24 04:32:52.554 E/fingerprintd( 1340): Wrong fp version. Expected 512, got 513
05-24 04:32:52.554 D/FingerprintHal( 1340): ----------------> set_notify_callback ----------------->
05-24 04:32:52.554 D/FingerprintHal( 1340): fingerprint callback notification set
05-24 04:32:52.554 V/fingerprintd( 1340): fingerprint HAL successfully initialized
05-24 04:32:52.556 D/FingerprintHal( 1340): ----------------> listenerFunction ----------------->
05-24 04:32:52.573 V/fingerprintd( 1340): setActiveGroup(0, /data/system/users/0/fpdata, 27)
05-24 04:32:52.574 D/FingerprintHal( 1340): ----------------> fingerprint_set_active_group -----------------> path /data/system/users/0/fpdata
05-24 04:32:52.574 D/FingerprintHal( 1340): ----------------> loadFingerprints ----------------->
05-24 04:32:52.574 E/FingerprintHal( 1340): Could not load fingerprints from storage at /data/system/users/0/fpdata/emufp.bin; it has not yet been created.
05-24 04:32:52.574 D/FingerprintHal( 1340): ----------------> loadAuthenticatorId ----------------->
05-24 04:32:52.580 D/FingerprintHal( 1340): Read authenticator id (0x6b8b4567327b23c6)
05-24 04:32:52.582 D/FingerprintHal( 1340): ----------------> fingerprint_get_auth_id ----------------->
05-24 04:32:52.582 D/FingerprintHal( 1340): ----------------> fingerprint_get_auth_id auth id 6b8b4567327b23c6----------------->
05-24 04:32:52.582 V/FingerprintService( 1770): Fingerprint HAL id: 135106790735872
05-24 04:32:52.584 I/SystemServer( 1770): StartBackgroundDexOptService
05-24 04:32:52.645 I/SystemServiceManager( 1770): Starting com.android.server.pm.ShortcutService$Lifecycle
05-24 04:32:52.753 I/SystemServiceManager( 1770): Starting com.android.server.pm.LauncherAppsService
05-24 04:32:52.759 I/SystemServiceManager( 1770): Starting com.android.server.media.projection.MediaProjectionManagerService
05-24 04:32:52.777 V/MediaRouter( 1770): Adding route: RouteInfo{ name=Phone, description=null, status=null, category=RouteCategory{ name=null types=ROUTE_TYPE_LIVE_AUDIO ROUTE_TYPE_LIVE_VIDEO  groupable=false }, supportedTypes=ROUTE_TYPE_LIVE_AUDIO ROUTE_TYPE_LIVE_VIDEO , presentationDisplay=null }
05-24 04:32:52.794 V/MediaRouter( 1770): Updating audio routes: AudioRoutesInfo{ type=SPEAKER }
05-24 04:32:52.799 V/MediaRouter( 1770): Selecting route: RouteInfo{ name=Phone, description=null, status=null, category=RouteCategory{ name=null types=ROUTE_TYPE_LIVE_AUDIO ROUTE_TYPE_LIVE_VIDEO  groupable=false }, supportedTypes=ROUTE_TYPE_LIVE_AUDIO ROUTE_TYPE_LIVE_VIDEO , presentationDisplay=null }
05-24 04:32:52.857 I/WindowManager( 1770): SAFE MODE not enabled
05-24 04:32:52.858 I/SystemServiceManager( 1770): Starting com.android.server.MmsServiceBroker
05-24 04:32:52.893 W/VibratorService( 1770): Tried to stop vibrating but there is no vibrator device.
05-24 04:32:53.607 E/LockSettingsStorage( 1770): Cannot read file java.io.FileNotFoundException: /data/system/gatekeeper.password.key: open failed: ENOENT (No such file or directory)
05-24 04:32:53.608 E/LockSettingsStorage( 1770): Cannot read file java.io.FileNotFoundException: /data/system/password.key: open failed: ENOENT (No such file or directory)
05-24 04:32:53.609 E/LockSettingsStorage( 1770): Cannot read file java.io.FileNotFoundException: /data/system/gatekeeper.pattern.key: open failed: ENOENT (No such file or directory)
05-24 04:32:53.622 E/LockSettingsStorage( 1770): Cannot read file java.io.FileNotFoundException: /data/system/gatekeeper.gesture.key: open failed: ENOENT (No such file or directory)
05-24 04:32:53.624 E/LockSettingsStorage( 1770): Cannot read file java.io.FileNotFoundException: /data/system/gesture.key: open failed: ENOENT (No such file or directory)
05-24 04:32:53.624 I/SystemServiceManager( 1770): Starting phase 480
05-24 04:32:53.678 I/DevicePolicyManagerService( 1770): Set ro.device_owner property to false
05-24 04:32:53.811 I/SystemServiceManager( 1770): Starting phase 500
05-24 04:32:53.934 D/ConnectivityMetricsLoggerService( 1770): onBootPhase: PHASE_SYSTEM_SERVICES_READY
05-24 04:32:54.051 I/WifiService( 1770): WifiService starting up with Wi-Fi disabled
05-24 04:32:54.073 I/WifiScanningService( 1770): Starting wifiscanner
05-24 04:32:54.160 I/RttService( 1770): Registering rttmanager
05-24 04:32:54.189 D/ZenLog  ( 1770): config: cleanUpZenRules,ZenModeConfig[user=0,allowCalls=true,allowRepeatCallers=false,allowMessages=false,allowCallsFrom=contacts,allowMessagesFrom=contacts,allowReminders=true,allowEvents=true,allowWhenScreenOff=true,allowWhenScreenOn=true,automaticRules={370bd6672ef541ba946db9ac4aef0faf=ZenRule[enabled=false,snoozing=false,name=Weeknight,zenMode=ZEN_MODE_ALARMS,conditionId=condition://android/schedule?days=1.2.3.4.5&start=22.0&end=7.0&exitAtAlarm=false,condition=Condition[id=condition://android/schedule?days=1.2.3.4.5&start=22.0&end=7.0&exitAtAlarm=false,summary=...,line1=...,line2=...,icon=0,state=STATE_FALSE,flags=2],component=ComponentInfo{android/com.android.server.notification.ScheduleConditionProvider},id=370bd6672ef541ba946db9ac4aef0faf,creationTime=1590622727817,enabler=null], a53ffdf89c814123a52adbdd46bc948d=ZenRule[enabled=false,snoozing=false,name=Weekend,zenMode=ZEN_MODE_ALARMS,conditionId=condition://android/schedule?days=6.7&start=23.30&end=10.0&exitAtAlarm=false,condition=Condition[id=condition://android/schedule?days=6.7&start=23.30&end=10.0&exitAtAlarm=false,summary=...,line1=...,line2=...,icon=0,state=STATE_FALSE,flags=2],component=ComponentInfo{android/com.android.server.notification.ScheduleConditionProvider},id=a53ffdf89c814123a52adbdd46bc948d,creationTime=1590622727818,enabler=null], fc8bb1aacabb4877a1d1d167106f6e77=ZenRule[enabled=false,snoozing=false,name=Event,zenMode=ZEN_MODE_ALARMS,conditionId=condition://android/event?userId=-10000&calendar=&reply=1,condition=Condition[id=condition://android/event?userId=-10000&calendar=&reply=1,summary=...,line1=...,line2=...,icon=0,state=STATE_FALSE,flags=2],component=ComponentInfo{android/com.android.server.notification.EventConditionProvider},id=fc8bb1aacabb4877a1d1d167106f6e77,creationTime=1590622727822,enabler=null]},manualRule=null],Diff[]
05-24 04:32:54.189 D/ZenLog  ( 1770): set_zen_mode: off,onSystemReady
05-24 04:32:54.220 D/PermissionCache( 1327): checking android.permission.CAPTURE_AUDIO_HOTWORD for uid=1000 => granted (11263 us)
05-24 04:32:54.223 W/SoundTriggerHelper( 1770): listModules status=0, # of modules=0
05-24 04:32:54.224 D/ContextHubSystemService( 1770): onBootPhase: PHASE_SYSTEM_SERVICES_READY
05-24 04:32:54.831 W/KeyguardServiceDelegate( 1770): onScreenTurningOn(): no keyguard service!
05-24 04:32:54.903 V/UserManagerService( 1770): Found /data/user_de/0 with serial number 0
05-24 04:32:54.904 V/UserManagerService( 1770): Found /data/user/0 with serial number 0
05-24 04:32:54.904 V/UserManagerService( 1770): Found /data/system_de/0 with serial number 0
05-24 04:32:54.905 V/UserManagerService( 1770): Found /data/system_ce/0 with serial number 0
05-24 04:32:55.400 I/ActivityManager( 1770): System now ready
05-24 04:32:55.494 I/SystemServer( 1770): Making services ready
05-24 04:32:55.494 I/SystemServiceManager( 1770): Starting phase 550
05-24 04:32:55.801 E/InputMethodManagerService( 1770): Ignoring updateSystemUiLocked due to an invalid token. uid:1000 token:null
05-24 04:32:55.821 W/WindowManager( 1770): Keyguard drawn timeout. Setting mKeyguardDrawComplete
05-24 04:32:56.161 I/Zygote  ( 1770): Process: zygote socket opened, supported ABIS: x86_64
05-24 04:32:56.302 W/ActivityManager( 1770): Slow operation: 203ms so far, now at startProcess: returned from zygote!
05-24 04:32:56.303 W/ActivityManager( 1770): Slow operation: 203ms so far, now at startProcess: done updating battery stats
05-24 04:32:56.304 W/ActivityManager( 1770): Slow operation: 205ms so far, now at startProcess: building log message
05-24 04:32:56.304 I/ActivityManager( 1770): Start proc 1998:com.android.inputmethod.latin/u0a41 for service com.android.inputmethod.latin/.LatinIME
05-24 04:32:56.304 W/ActivityManager( 1770): Slow operation: 205ms so far, now at startProcess: starting to update pids map
05-24 04:32:56.305 W/ActivityManager( 1770): Slow operation: 206ms so far, now at startProcess: done updating pids map
05-24 04:32:56.305 W/ActivityManager( 1770): Slow operation: 207ms so far, now at startProcess: done starting proc!
05-24 04:32:56.333 V/InputMethodManagerService( 1770): Adding window token: android.os.Binder@974381e
05-24 04:32:56.339 E/BitmapFactory( 1770): Unable to decode stream: java.io.FileNotFoundException: /data/system/users/0/wallpaper_orig (No such file or directory)
05-24 04:32:56.339 E/WallpaperManagerService( 1770): Invalid wallpaper data
05-24 04:32:56.340 D/MountService( 1770): Thinking about init, mSystemReady=true, mDaemonConnected=true
05-24 04:32:56.341 D/MountService( 1770): Setting up emulation state, initlocked=false
05-24 04:32:56.342 D/CryptdConnector( 1770): SND -> {2 cryptfs unlock_user_key 0 0 ! !}
05-24 04:32:56.344 D/vold    ( 1270): e4crypt_unlock_user_key 0 serial=0 token_present=0
05-24 04:32:56.352 W/art     ( 1998): Unexpected CPU variant for X86 using defaults: x86_64
05-24 04:32:56.360 D/CryptdConnector( 1770): RCV <- {200 2 Command succeeded}
05-24 04:32:56.371 E/WallpaperManagerService( 1770): Unable to apply new wallpaper
05-24 04:32:56.373 D/MountService( 1770): Thinking about reset, mSystemReady=true, mDaemonConnected=true
05-24 04:32:56.375 D/VoldConnector( 1770): SND -> {4 volume reset}
05-24 04:32:56.379 D/vold    ( 1270): Recognized experimental block major ID 253 as virtio-blk (emulator's virtual SD card device)
05-24 04:32:56.381 I/ActivityManager( 1770): Force stopping com.android.providers.media appid=10010 user=-1: vold reset
05-24 04:32:56.390 D/VoldConnector( 1770): RCV <- {651 emulated 7}
05-24 04:32:56.391 D/VoldConnector( 1770): RCV <- {659 emulated}
05-24 04:32:56.392 D/VoldConnector( 1770): RCV <- {650 emulated 2 "" ""}
05-24 04:32:56.393 D/VoldConnector( 1770): RCV <- {651 emulated 0}
05-24 04:32:56.394 D/VoldConnector( 1770): RCV <- {651 public:253,48 7}
05-24 04:32:56.394 D/VoldConnector( 1770): RCV <- {659 public:253,48}
05-24 04:32:56.406 V/MountService( 1770): Found primary storage at VolumeInfo{emulated}:
05-24 04:32:56.406 V/MountService( 1770):     type=EMULATED diskId=null partGuid=null mountFlags=0 mountUserId=-1 
05-24 04:32:56.406 V/MountService( 1770):     state=UNMOUNTED 
05-24 04:32:56.406 V/MountService( 1770):     fsType=null fsUuid=null fsLabel=null 
05-24 04:32:56.406 V/MountService( 1770):     path=null internalPath=null 
05-24 04:32:56.416 D/VoldConnector( 1770): RCV <- {649 disk:253,48}
05-24 04:32:56.417 D/VoldConnector( 1770): RCV <- {640 disk:253,48 5}
05-24 04:32:56.418 D/VoldConnector( 1770): RCV <- {641 disk:253,48 549453824}
05-24 04:32:56.419 D/VoldConnector( 1770): RCV <- {642 disk:253,48 Virtual}
05-24 04:32:56.419 D/VoldConnector( 1770): RCV <- {644 disk:253,48 /sys//devices/pci0000:00/0000:00:06.0/virtio3/block/vdd}
05-24 04:32:56.460 V/vold    ( 1270): /system/bin/sgdisk
05-24 04:32:56.461 V/vold    ( 1270):     --android-dump
05-24 04:32:56.461 V/vold    ( 1270):     /dev/block/vold/disk:253,48
05-24 04:32:56.618 W/art     ( 2013): Unexpected CPU variant for X86 using defaults: x86_64
05-24 04:32:56.652 W/ActivityManager( 1770): Slow operation: 199ms so far, now at startProcess: returned from zygote!
05-24 04:32:56.653 W/ActivityManager( 1770): Slow operation: 200ms so far, now at startProcess: done updating battery stats
05-24 04:32:56.653 W/ActivityManager( 1770): Slow operation: 200ms so far, now at startProcess: building log message
05-24 04:32:56.653 I/ActivityManager( 1770): Start proc 2013:com.android.systemui/u0a21 for service com.android.systemui/.ImageWallpaper
05-24 04:32:56.653 W/ActivityManager( 1770): Slow operation: 200ms so far, now at startProcess: starting to update pids map
05-24 04:32:56.654 W/ActivityManager( 1770): Slow operation: 201ms so far, now at startProcess: done updating pids map
05-24 04:32:56.654 W/ActivityManager( 1770): Slow operation: 202ms so far, now at startProcess: done starting proc!
05-24 04:32:56.661 W/art     ( 1770): Long monitor contention with owner main (1770) at int com.android.server.am.ActivityManagerService.bindService(android.app.IApplicationThread, android.os.IBinder, android.content.Intent, java.lang.String, android.app.IServiceConnection, int, java.lang.String, int)(ActivityManagerService.java:17301) waiters=0 in void com.android.server.am.ActivityManagerService.dispatchUidsChanged() for 205ms
05-24 04:32:56.664 D/UsbAlsaManager( 1770): Adding ALSA device AlsaDevice: [card: 0, device: 0, type: 1]
05-24 04:32:56.664 D/UsbAlsaManager( 1770): Adding ALSA device AlsaDevice: [card: 0, device: 0, type: 2]
05-24 04:32:56.683 E/BluetoothAdapter( 1770): Bluetooth binder is null
05-24 04:32:56.687 E/BluetoothAdapter( 1770): Bluetooth binder is null
05-24 04:32:56.688 I/SystemServer( 1770): WebViewFactory preparation
05-24 04:32:56.736 I/AudioFlinger( 1327): systemReady
05-24 04:32:57.376 W/art     ( 1770): Long monitor contention with owner Binder:1770_1 (1792) at void com.android.server.am.ActivityManagerService.attachApplication(android.app.IApplicationThread)(ActivityManagerService.java:6669) waiters=0 in void com.android.server.am.ActivityManagerService.attachApplication(android.app.IApplicationThread) for 407ms
05-24 04:32:57.347 D/WebViewFactory( 1770): Setting new address space to 114394000
05-24 04:32:57.541 W/art     ( 1770): Long monitor contention with owner Binder:1770_1 (1792) at void com.android.server.am.ActivityManagerService.attachApplication(android.app.IApplicationThread)(ActivityManagerService.java:6669) waiters=1 in void com.android.server.am.ActivityManagerService.dispatchProcessesChanged() for 326ms
05-24 04:32:57.845 E/WVMExtractor( 1770): Failed to open libwvm.so: dlopen failed: library "libwvm.so" not found
05-24 04:32:57.943 I/Zygote  ( 1770): Process: zygote socket opened, supported ABIS: x86
05-24 04:32:58.182 W/System  ( 2013): ClassLoader referenced unknown path: /system/priv-app/SystemUI/lib/x86_64
05-24 04:32:58.207 I/art     ( 1326): Starting a blocking GC Background
05-24 04:32:58.476 V/vold    ( 1270): DISK mbr
05-24 04:32:58.477 V/vold    ( 1270): 
05-24 04:32:58.512 W/vold    ( 1270): disk:253,48 has unknown partition table; trying entire device
05-24 04:32:58.513 V/vold    ( 1270): /system/bin/blkid
05-24 04:32:58.513 V/vold    ( 1270):     -c
05-24 04:32:58.513 V/vold    ( 1270):     /dev/null
05-24 04:32:58.513 V/vold    ( 1270):     -s
05-24 04:32:58.513 V/vold    ( 1270):     TYPE
05-24 04:32:58.513 V/vold    ( 1270):     -s
05-24 04:32:58.513 V/vold    ( 1270):     UUID
05-24 04:32:58.514 V/vold    ( 1270):     -s
05-24 04:32:58.514 V/vold    ( 1270):     LABEL
05-24 04:32:58.514 V/vold    ( 1270):     /dev/block/vold/disk:253,48
05-24 04:32:58.737 I/MediaPlayerService( 1335): MediaPlayerService::getOMX
05-24 04:32:58.789 I/art     ( 1326): Background concurrent mark sweep GC freed 123(16KB) AllocSpace objects, 0(0B) LOS objects, 39% free, 6MB/10MB, paused 1.707ms total 577.859ms
05-24 04:32:59.037 I/OMXClient( 1335): MuxOMX ctor
05-24 04:32:59.351 I/MediaPlayerService( 1335): MediaPlayerService::getOMX
05-24 04:32:59.354 I/OMXClient( 1335): MuxOMX ctor
05-24 04:32:59.403 I/OMXMaster( 1332): makeComponentInstance(OMX.google.mp3.decoder) in mediacodec process
05-24 04:32:59.674 V/vold    ( 1270): /dev/block/vold/disk:253,48: LABEL="SDCARD" UUID="1EFF-1C1B" TYPE="vfat" 
05-24 04:32:59.674 V/vold    ( 1270): 
05-24 04:32:59.772 D/VoldConnector( 1770): RCV <- {650 public:253,48 0 "disk:253,48" ""}
05-24 04:32:59.853 D/VoldConnector( 1770): RCV <- {651 public:253,48 0}
05-24 04:32:59.856 D/VoldConnector( 1770): RCV <- {643 disk:253,48}
05-24 04:32:59.859 D/VoldConnector( 1770): RCV <- {200 4 Command succeeded}
05-24 04:32:59.962 E/VoldConnector( 1770): NDC Command {4 volume reset} took too long (3587ms)
05-24 04:32:59.964 D/VoldConnector( 1770): SND -> {5 volume user_added 0 0}
05-24 04:32:59.990 D/VoldConnector( 1770): RCV <- {200 5 Command succeeded}
05-24 04:33:00.031 W/ActivityManager( 1770): Slow operation: 2288ms so far, now at startProcess: returned from zygote!
05-24 04:33:00.031 W/ActivityManager( 1770): Slow operation: 2289ms so far, now at startProcess: done updating battery stats
05-24 04:33:00.032 W/ActivityManager( 1770): Slow operation: 2290ms so far, now at startProcess: building log message
05-24 04:33:00.032 I/ActivityManager( 1770): Start proc 2043:WebViewLoader-x86/1037 [android.webkit.WebViewFactory$RelroFileCreator] for 
05-24 04:33:00.032 W/ActivityManager( 1770): Slow operation: 2290ms so far, now at startProcess: starting to update pids map
05-24 04:33:00.032 W/ActivityManager( 1770): Slow operation: 2290ms so far, now at startProcess: done updating pids map
05-24 04:33:00.033 W/ActivityManager( 1770): Slow operation: 2303ms so far, now at startProcess: done starting proc!
05-24 04:33:00.033 W/art     ( 1770): Long monitor contention with owner main (1770) at int com.android.server.am.ActivityManagerService.startIsolatedProcess(java.lang.String, java.lang.String[], java.lang.String, java.lang.String, int, java.lang.Runnable)(ActivityManagerService.java:3509) waiters=0 in void com.android.server.am.ActivityManagerService.publishContentProviders(android.app.IApplicationThread, java.util.List) for 997ms
05-24 04:33:00.040 W/art     ( 1770): Long monitor contention with owner main (1770) at int com.android.server.am.ActivityManagerService.startIsolatedProcess(java.lang.String, java.lang.String[], java.lang.String, java.lang.String, int, java.lang.Runnable)(ActivityManagerService.java:3509) waiters=1 in void com.android.server.am.ActivityManagerService$MainHandler.handleMessage(android.os.Message) for 921ms
05-24 04:33:00.043 D/VoldConnector( 1770): SND -> {6 volume mount emulated 3 -1}
05-24 04:33:00.049 V/vold    ( 1270): Waiting for FUSE to spin up...
05-24 04:33:00.049 D/VoldConnector( 1770): RCV <- {651 emulated 1}
05-24 04:33:00.098 D/VoldConnector( 1770): RCV <- {656 emulated /data/media}
05-24 04:33:00.100 V/vold    ( 1270): Waiting for FUSE to spin up...
05-24 04:33:00.101 D/VoldConnector( 1770): RCV <- {655 emulated /storage/emulated}
05-24 04:33:00.130 W/art     ( 1770): Long monitor contention with owner main (1770) at int com.android.server.am.ActivityManagerService.startIsolatedProcess(java.lang.String, java.lang.String[], java.lang.String, java.lang.String, int, java.lang.Runnable)(ActivityManagerService.java:3509) waiters=2 in android.content.Intent com.android.server.am.ActivityManagerService.registerReceiver(android.app.IApplicationThread, java.lang.String, android.content.IIntentReceiver, android.content.IntentFilter, java.lang.String, int) for 444ms
05-24 04:33:00.153 V/vold    ( 1270): Waiting for FUSE to spin up...
05-24 04:33:00.193 W/art     ( 2043): Unexpected CPU variant for X86 using defaults: x86
05-24 04:33:00.210 V/vold    ( 1270): Waiting for FUSE to spin up...
05-24 04:33:00.270 V/vold    ( 1270): Waiting for FUSE to spin up...
05-24 04:33:00.323 V/vold    ( 1270): Waiting for FUSE to spin up...
05-24 04:33:00.374 V/vold    ( 1270): Waiting for FUSE to spin up...
05-24 04:33:00.430 V/vold    ( 1270): Waiting for FUSE to spin up...
05-24 04:33:00.438 W/ActivityManager( 1770): Slow operation: 367ms so far, now at startProcess: returned from zygote!
05-24 04:33:00.439 W/ActivityManager( 1770): Slow operation: 368ms so far, now at startProcess: done updating battery stats
05-24 04:33:00.439 W/ActivityManager( 1770): Slow operation: 368ms so far, now at startProcess: building log message
05-24 04:33:00.439 I/ActivityManager( 1770): Start proc 2054:WebViewLoader-x86_64/1037 [android.webkit.WebViewFactory$RelroFileCreator] for 
05-24 04:33:00.439 W/ActivityManager( 1770): Slow operation: 368ms so far, now at startProcess: starting to update pids map
05-24 04:33:00.440 W/ActivityManager( 1770): Slow operation: 368ms so far, now at startProcess: done updating pids map
05-24 04:33:00.456 W/ActivityManager( 1770): Slow operation: 386ms so far, now at startProcess: done starting proc!
05-24 04:33:00.457 W/art     ( 1770): Long monitor contention with owner main (1770) at int com.android.server.am.ActivityManagerService.startIsolatedProcess(java.lang.String, java.lang.String[], java.lang.String, java.lang.String, int, java.lang.Runnable)(ActivityManagerService.java:3509) waiters=1 in com.android.server.am.ProcessRecord com.android.server.am.ActivityManagerService.findAppProcess(android.os.IBinder, java.lang.String) for 342ms
05-24 04:33:00.490 V/vold    ( 1270): Waiting for FUSE to spin up...
05-24 04:33:00.551 V/vold    ( 1270): Waiting for FUSE to spin up...
05-24 04:33:00.592 D/NetworkManagement( 1770): enabling bandwidth control
05-24 04:33:00.611 V/vold    ( 1270): Waiting for FUSE to spin up...
05-24 04:33:00.634 W/art     ( 2054): Unexpected CPU variant for X86 using defaults: x86_64
05-24 04:33:00.679 V/vold    ( 1270): Waiting for FUSE to spin up...
05-24 04:33:00.739 V/vold    ( 1270): Waiting for FUSE to spin up...
05-24 04:33:00.793 V/vold    ( 1270): Waiting for FUSE to spin up...
05-24 04:33:00.850 V/vold    ( 1270): Waiting for FUSE to spin up...
05-24 04:33:00.892 V/WebViewFactory( 2043): RelroFileCreator (64bit = false),  32-bit lib: /system/app/webview/webview.apk!/lib/x86/libwebviewchromium.so, 64-bit lib: /system/app/webview/webview.apk!/lib/x86_64/libwebviewchromium.so
05-24 04:33:00.910 V/vold    ( 1270): Waiting for FUSE to spin up...
05-24 04:33:00.911 V/SystemUIService( 2013): Starting SystemUI services for user 0.
05-24 04:33:00.960 V/vold    ( 1270): Waiting for FUSE to spin up...
05-24 04:33:00.963 V/WebViewFactory( 2054): RelroFileCreator (64bit = true),  32-bit lib: /system/app/webview/webview.apk!/lib/x86/libwebviewchromium.so, 64-bit lib: /system/app/webview/webview.apk!/lib/x86_64/libwebviewchromium.so
05-24 04:33:01.020 V/vold    ( 1270): Waiting for FUSE to spin up...
05-24 04:33:01.090 V/vold    ( 1270): Waiting for FUSE to spin up...
05-24 04:33:01.142 W/sdcard  ( 2050): Device explicitly disabled sdcardfs
05-24 04:33:01.150 V/vold    ( 1270): Waiting for FUSE to spin up...
05-24 04:33:01.197 I/MediaPlayerService( 1335): MediaPlayerService::getOMX
05-24 04:33:01.199 I/OMXClient( 1335): MuxOMX ctor
05-24 04:33:01.203 V/vold    ( 1270): Waiting for FUSE to spin up...
05-24 04:33:01.243 I/OMXMaster( 1332): makeComponentInstance(OMX.google.amrnb.decoder) in mediacodec process
05-24 04:33:01.260 V/vold    ( 1270): Waiting for FUSE to spin up...
05-24 04:33:01.382 D/VoldConnector( 1770): RCV <- {651 emulated 2}
05-24 04:33:01.384 D/VoldConnector( 1770): RCV <- {200 6 Command succeeded}
05-24 04:33:01.388 E/VoldConnector( 1770): NDC Command {6 volume mount emulated 3 -1} took too long (1346ms)
05-24 04:33:01.405 D/VoldConnector( 1770): SND -> {7 volume mount public:253,48 2 0}
05-24 04:33:01.408 V/vold    ( 1270): /system/bin/blkid
05-24 04:33:01.408 V/vold    ( 1270):     -c
05-24 04:33:01.408 V/vold    ( 1270):     /dev/null
05-24 04:33:01.408 V/vold    ( 1270):     -s
05-24 04:33:01.408 V/vold    ( 1270):     TYPE
05-24 04:33:01.408 V/vold    ( 1270):     -s
05-24 04:33:01.408 V/vold    ( 1270):     UUID
05-24 04:33:01.408 V/vold    ( 1270):     -s
05-24 04:33:01.408 V/vold    ( 1270):     LABEL
05-24 04:33:01.408 V/vold    ( 1270):     /dev/block/vold/public:253,48
05-24 04:33:01.409 D/VoldConnector( 1770): RCV <- {651 public:253,48 1}
05-24 04:33:01.433 I/MediaPlayerService( 1335): MediaPlayerService::getOMX
05-24 04:33:01.434 I/OMXClient( 1335): MuxOMX ctor
05-24 04:33:01.435 I/OMXMaster( 1332): makeComponentInstance(OMX.google.amrwb.decoder) in mediacodec process
05-24 04:33:01.617 I/MediaPlayerService( 1335): MediaPlayerService::getOMX
05-24 04:33:01.619 I/OMXClient( 1335): MuxOMX ctor
05-24 04:33:01.670 I/OMXMaster( 1332): makeComponentInstance(OMX.google.aac.decoder) in mediacodec process
05-24 04:33:01.749 I/LatinIME( 1998): Hardware accelerated drawing: true
05-24 04:33:01.862 V/MediaRouter( 2013): Adding route: RouteInfo{ name=Phone, description=null, status=null, category=RouteCategory{ name=null types=ROUTE_TYPE_LIVE_AUDIO ROUTE_TYPE_LIVE_VIDEO  groupable=false }, supportedTypes=ROUTE_TYPE_LIVE_AUDIO ROUTE_TYPE_LIVE_VIDEO , presentationDisplay=null }
05-24 04:33:01.918 V/MediaRouter( 2013): Updating audio routes: AudioRoutesInfo{ type=SPEAKER }
05-24 04:33:02.002 V/MediaRouter( 2013): Selecting route: RouteInfo{ name=Phone, description=null, status=null, category=RouteCategory{ name=null types=ROUTE_TYPE_LIVE_AUDIO ROUTE_TYPE_LIVE_VIDEO  groupable=false }, supportedTypes=ROUTE_TYPE_LIVE_AUDIO ROUTE_TYPE_LIVE_VIDEO , presentationDisplay=null }
05-24 04:33:02.203 I/MediaPlayerService( 1335): MediaPlayerService::getOMX
05-24 04:33:02.204 I/OMXClient( 1335): MuxOMX ctor
05-24 04:33:02.205 I/OMXMaster( 1332): makeComponentInstance(OMX.google.g711.alaw.decoder) in mediacodec process
05-24 04:33:02.980 V/vold    ( 1270): /dev/block/vold/public:253,48: LABEL="SDCARD" UUID="1EFF-1C1B" TYPE="vfat" 
05-24 04:33:02.980 V/vold    ( 1270): 
05-24 04:33:02.982 V/vold    ( 1270): /system/bin/fsck_msdos
05-24 04:33:02.982 V/vold    ( 1270):     -p
05-24 04:33:02.982 V/vold    ( 1270):     -f
05-24 04:33:02.982 V/vold    ( 1270):     /dev/block/vold/public:253,48
05-24 04:33:02.983 D/VoldConnector( 1770): RCV <- {652 public:253,48 vfat}
