05-15 15:53:59.465 V/EmulatedCamera_BaseCamera( 1328): getCameraInfo
05-15 15:53:59.490 I/CameraFlashlight( 1328): Opening camera 0
05-15 15:53:59.490 V/EmulatedCamera_Camera( 1328): getCameraInfo
05-15 15:53:59.490 V/EmulatedCamera_BaseCamera( 1328): getCameraInfo
05-15 15:53:59.491 V/EmulatedCamera_Camera( 1328): connectCamera
05-15 15:53:59.492 W//system/bin/mediaextractor( 1335): libminijail: allowing syscall: socketcall
05-15 15:53:59.493 W//system/bin/mediaextractor( 1335): libminijail: allowing syscall: writev
05-15 15:53:59.493 W//system/bin/mediaextractor( 1335): libminijail: allowing syscall: fcntl64
05-15 15:53:59.493 W//system/bin/mediaextractor( 1335): libminijail: allowing syscall: clock_gettime
05-15 15:53:59.494 V/EmulatedCamera_FakeDevice( 1328): connectDevice
05-15 15:53:59.494 V/EmulatedCamera_CallbackNotifier( 1328): setCallbacks: 0xea498e80, 0xea498ed0, 0xea498ff0, 0xea499110 (0xe9dc3140)
05-15 15:53:59.503 W//system/bin/mediaextractor( 1335): libminijail: logging seccomp filter failures
05-15 15:53:59.538 V/EmulatedCamera_Preview( 1328): setPreviewWindow: current: 0x0 -> new: 0xe9dc3150
05-15 15:53:59.539 V/EmulatedCamera_Preview( 1328): setPreviewWindow: current: 0xe9dc3150 -> new: 0x0
05-15 15:53:59.539 V/EmulatedCamera_Camera( 1328): doStopPreview
05-15 15:53:59.542 V/EmulatedCamera_Preview( 1328): setPreviewWindow: current: 0x0 -> new: 0x0
05-15 15:53:59.542 V/EmulatedCamera_Camera( 1328): releaseCamera
05-15 15:53:59.542 V/EmulatedCamera_Camera( 1328): doStopPreview
05-15 15:53:59.542 V/EmulatedCamera_FakeDevice( 1328): disconnectDevice
05-15 15:53:59.542 W/EmulatedCamera_Device( 1328): Initialize: Emulated camera device is already initialized: mState = 1
05-15 15:53:59.542 D/EmulatedCamera_FakeCamera( 1328): Initialize: Fake camera is facing back
05-15 15:53:59.543 V/EmulatedCamera_Device( 1328): initializeWhiteBalanceModes with auto, 1.000000, 1.000000
05-15 15:53:59.543 V/EmulatedCamera_Device( 1328): initializeWhiteBalanceModes with incandescent, 1.380000, 0.600000
05-15 15:53:59.543 V/EmulatedCamera_Device( 1328): initializeWhiteBalanceModes with daylight, 1.090000, 0.920000
05-15 15:53:59.543 V/EmulatedCamera_Device( 1328): initializeWhiteBalanceModes with twilight, 0.920000, 1.220000
05-15 15:53:59.543 V/EmulatedCamera_Device( 1328): setWhiteBalanceMode with white balance auto
05-15 15:53:59.544 I/CameraFlashlight( 1328): Destroying camera 0
05-15 15:53:59.544 V/EmulatedCamera_Camera( 1328): closeCamera
05-15 15:53:59.544 V/EmulatedCamera_Camera( 1328): doStopPreview
05-15 15:53:59.544 W/EmulatedCamera_Device( 1328): Initialize: Emulated camera device is already initialized: mState = 1
05-15 15:53:59.544 D/EmulatedCamera_FakeCamera( 1328): Initialize: Fake camera is facing back
05-15 15:53:59.544 V/EmulatedCamera_Device( 1328): initializeWhiteBalanceModes with auto, 1.000000, 1.000000
05-15 15:53:59.544 V/EmulatedCamera_Device( 1328): initializeWhiteBalanceModes with incandescent, 1.380000, 0.600000
05-15 15:53:59.544 V/EmulatedCamera_Device( 1328): initializeWhiteBalanceModes with daylight, 1.090000, 0.920000
05-15 15:53:59.544 V/EmulatedCamera_Device( 1328): initializeWhiteBalanceModes with twilight, 0.920000, 1.220000
05-15 15:53:59.544 V/EmulatedCamera_Device( 1328): setWhiteBalanceMode with white balance auto
05-15 15:53:59.547 V/EmulatedCamera_Camera( 1328): getCameraInfo
05-15 15:53:59.547 V/EmulatedCamera_BaseCamera( 1328): getCameraInfo
05-15 15:53:59.562 I/ServiceManager( 1328): Waiting for service media.camera.proxy...
05-15 15:53:59.230 W/bootanimation( 1903): type=1400 audit(0.0:9): avc: denied { getattr } for path="/vendor" dev="rootfs" ino=3999 scontext=u:r:bootanim:s0 tcontext=u:object_r:rootfs:s0 tclass=lnk_file permissive=0
05-15 15:53:59.708 I/        ( 1327): sMaxFastTracks = 8
05-15 15:53:59.745 I/audioserver( 1327): ServiceManager: 0xe7b3c020
05-15 15:53:59.760 W/BatteryNotifier( 1327): batterystats service unavailable!
05-15 15:53:59.761 I/AudioFlinger( 1327): Using default 3000 mSec as standby time.
05-15 15:53:59.811 I/AudioPolicyService( 1327): AudioPolicyService CSTOR in new mode
05-15 15:53:59.937 I/APM::ConfigParsingUtils( 1327): loadAudioPolicyConfig() loaded /system/etc/audio_policy.conf
05-15 15:54:00.013 D/audio_hw_generic( 1327): Emulator host-side ALSA audio emulation detected.
05-15 15:54:00.015 D/audio_hw_generic( 1327): mixer 0 name Master Playback Volume
05-15 15:54:00.015 D/audio_hw_generic( 1327): set ctl 0 to 100
05-15 15:54:00.016 D/audio_hw_generic( 1327): set ctl 1 to 100
05-15 15:54:00.016 D/audio_hw_generic( 1327): mixer 1 name Master Playback Switch
05-15 15:54:00.017 D/audio_hw_generic( 1327): set ctl 0 to 1
05-15 15:54:00.017 D/audio_hw_generic( 1327): set ctl 1 to 1
05-15 15:54:00.017 D/audio_hw_generic( 1327): mixer 2 name Capture Volume
05-15 15:54:00.017 D/audio_hw_generic( 1327): set ctl 0 to 100
05-15 15:54:00.017 D/audio_hw_generic( 1327): set ctl 1 to 100
05-15 15:54:00.017 D/audio_hw_generic( 1327): mixer 3 name Capture Switch
05-15 15:54:00.017 D/audio_hw_generic( 1327): set ctl 0 to 1
05-15 15:54:00.017 D/audio_hw_generic( 1327): set ctl 1 to 1
05-15 15:54:00.017 D/audio_hw_generic( 1327): mixer 4 name Line Phantom Jack
05-15 15:54:00.018 D/audio_hw_generic( 1327): mixer 5 name Line Out Phantom Jack
05-15 15:54:00.018 D/audio_hw_generic( 1327): mixer 6 name Playback Channel Map
05-15 15:54:00.018 D/audio_hw_generic( 1327): mixer 7 name Capture Channel Map
05-15 15:54:00.018 I/AudioFlinger( 1327): loadHwModule() Loaded primary audio interface from Generic audio HW HAL (audio) handle 10
05-15 15:54:00.019 I/AudioFlinger( 1327): openOutput(), module 10 Device 2, SamplingRate 48000, Format 0x000001, Channels 3, flags 2
05-15 15:54:00.100 I/AudioFlinger( 1327): HAL output buffer size 720 frames, normal sink buffer size 1152 frames
05-15 15:54:00.473 I/BufferProvider( 1327): found effect "Multichannel Downmix To Stereo" from The Android Open Source Project
05-15 15:54:00.476 I/AudioFlinger( 1327): Using module 10 has the primary audio interface
05-15 15:54:00.500 I/AudioFlinger( 1327): AudioFlinger's thread 0xe7583480 ready to run
05-15 15:54:00.502 W/BatteryNotifier( 1327): batterystats service unavailable!
05-15 15:54:00.504 W/BatteryNotifier( 1327): batterystats service unavailable!
05-15 15:54:00.541 W/BatteryNotifier( 1327): batterystats service unavailable!
05-15 15:54:00.543 W/AudioFlinger( 1327): no wake lock to update, system not ready yet
05-15 15:54:00.571 I/ServiceManager( 1328): Waiting for service media.camera.proxy...
05-15 15:54:00.607 I/AudioFlinger( 1327): AudioFlinger's thread 0xe70830c0 ready to run
05-15 15:54:00.644 I/mediaserver( 1336): ServiceManager: 0xf0dbc0a0
05-15 15:54:00.651 I/r_submix( 1327): adev_open(name=audio_hw_if)
05-15 15:54:00.652 I/r_submix( 1327): adev_init_check()
05-15 15:54:00.652 I/AudioFlinger( 1327): loadHwModule() Loaded r_submix audio interface from Wifi Display audio HAL (audio) handle 18
05-15 15:54:00.652 D/r_submix( 1327): adev_open_input_stream(addr=0)
05-15 15:54:00.653 D/r_submix( 1327): submix_audio_device_create_pipe_l(addr=0, idx=9)
05-15 15:54:00.653 D/r_submix( 1327):   now using address 0 for route 9
05-15 15:54:00.670 I/AudioFlinger( 1327): AudioFlinger's thread 0xe7183840 ready to run
05-15 15:54:00.673 D/r_submix( 1327): adev_close_input_stream()
05-15 15:54:00.673 D/r_submix( 1327): submix_audio_device_release_pipe_l(idx=9) addr=0
05-15 15:54:00.673 D/r_submix( 1327): submix_audio_device_destroy_pipe_l(): pipe destroyed
05-15 15:54:00.676 W/BatteryNotifier( 1336): batterystats service unavailable!
05-15 15:54:00.724 I/RadioService( 1327): RadioService
05-15 15:54:00.724 I/RadioService( 1327): onFirstRef
05-15 15:54:00.725 E/RadioService( 1327): couldn't load radio module radio.primary (No such file or directory)
05-15 15:54:00.727 E/SoundTriggerHwService( 1327): couldn't load sound trigger module sound_trigger.primary (No such file or directory)
05-15 15:54:01.595 I/ServiceManager( 1328): Waiting for service media.camera.proxy...
05-15 15:54:02.600 I/ServiceManager( 1328): Waiting for service media.camera.proxy...
05-15 15:54:03.561 W/BatteryNotifier( 1327): batterystats service unavailable!
05-15 15:54:03.609 I/ServiceManager( 1328): Waiting for service media.camera.proxy...
05-15 15:54:11.004 E/hostapd ( 2003): Configuration file: /system/etc/simulated_hostapd.conf
05-15 15:54:11.297 E/ipv6proxy( 1993): Failed to forward Router Advertisement from eth0 to wlan1: Network is unreachable
05-15 15:54:11.299 E/ipv6proxy( 1993): Failed to forward Router Advertisement from eth0 to radio0-peer: Cannot assign requested address
05-15 15:54:11.637 I/hostapd ( 2003): rfkill: Cannot get wiphy information
05-15 15:54:11.644 I/hostapd ( 2003): nl80211: Could not re-add multicast membership for vendor events: -2 (No such file or directory)
05-15 15:54:11.645 I/hostapd ( 2003): wlan1: interface state UNINITIALIZED->COUNTRY_UPDATE
05-15 15:54:12.214 D/AndroidRuntime( 1326): >>>>>> START com.android.internal.os.ZygoteInit uid 0 <<<<<<
05-15 15:54:12.623 E/SurfaceFlinger( 1322): ro.sf.lcd_density must be defined as a build property
05-15 15:54:12.677 D/libEGL  ( 1903): Emulator without GPU support detected. Fallback to legacy software renderer, qemu.gles is set to 0.
05-15 15:54:12.837 D/libEGL  ( 1903): loaded /system/lib64/egl/libGLES_android.so
05-15 15:54:12.843 D/AndroidRuntime( 1325): >>>>>> START com.android.internal.os.ZygoteInit uid 0 <<<<<<
05-15 15:54:13.001 D/AndroidRuntime( 1326): CheckJNI is ON
05-15 15:54:13.212 D/gralloc_ranchu( 1903): Emulator without host-side GPU emulation detected. Loading gralloc.default.so from /vendor/lib64/hw/gralloc.goldfish.default.so...
05-15 15:54:13.214 D/gralloc_ranchu( 1903): gralloc.default.so not found in /vendor. Trying /system/lib64/hw/gralloc.goldfish.default.so...
05-15 15:54:13.290 I/art     ( 1326): option[0]=-Xzygote
05-15 15:54:13.291 I/art     ( 1326): option[1]=-Xcheck:jni
05-15 15:54:13.291 I/art     ( 1326): option[2]=-Xstacktracefile:/data/anr/traces.txt
05-15 15:54:13.291 I/art     ( 1326): option[3]=exit
05-15 15:54:13.291 I/art     ( 1326): option[4]=vfprintf
05-15 15:54:13.291 I/art     ( 1326): option[5]=sensitiveThread
05-15 15:54:13.291 I/art     ( 1326): option[6]=-verbose:gc
05-15 15:54:13.291 I/art     ( 1326): option[7]=-Xms4m
05-15 15:54:13.291 I/art     ( 1326): option[8]=-Xmx256m
05-15 15:54:13.291 I/art     ( 1326): option[9]=-Xusejit:true
05-15 15:54:13.291 I/art     ( 1326): option[10]=-Xjitsaveprofilinginfo
05-15 15:54:13.291 I/art     ( 1326): option[11]=-agentlib:jdwp=transport=dt_android_adb,suspend=n,server=y
05-15 15:54:13.291 I/art     ( 1326): option[12]=-Xlockprofthreshold:500
05-15 15:54:13.292 I/art     ( 1326): option[13]=-Ximage-compiler-option
05-15 15:54:13.292 I/art     ( 1326): option[14]=--runtime-arg
05-15 15:54:13.292 I/art     ( 1326): option[15]=-Ximage-compiler-option
05-15 15:54:13.292 I/art     ( 1326): option[16]=-Xms64m
05-15 15:54:13.292 I/art     ( 1326): option[17]=-Ximage-compiler-option
05-15 15:54:13.292 I/art     ( 1326): option[18]=--runtime-arg
05-15 15:54:13.292 I/art     ( 1326): option[19]=-Ximage-compiler-option
05-15 15:54:13.292 I/art     ( 1326): option[20]=-Xmx64m
05-15 15:54:13.292 I/art     ( 1326): option[21]=-Ximage-compiler-option
05-15 15:54:13.292 I/art     ( 1326): option[22]=--image-classes=/system/etc/preloaded-classes
05-15 15:54:13.292 I/art     ( 1326): option[23]=-Ximage-compiler-option
05-15 15:54:13.292 I/art     ( 1326): option[24]=--compiled-classes=/system/etc/compiled-classes
05-15 15:54:13.292 I/art     ( 1326): option[25]=-Xcompiler-option
05-15 15:54:13.292 I/art     ( 1326): option[26]=--runtime-arg
05-15 15:54:13.292 I/art     ( 1326): option[27]=-Xcompiler-option
05-15 15:54:13.292 I/art     ( 1326): option[28]=-Xms64m
05-15 15:54:13.292 I/art     ( 1326): option[29]=-Xcompiler-option
05-15 15:54:13.292 I/art     ( 1326): option[30]=--runtime-arg
05-15 15:54:13.292 I/art     ( 1326): option[31]=-Xcompiler-option
05-15 15:54:13.292 I/art     ( 1326): option[32]=-Xmx512m
05-15 15:54:13.292 I/art     ( 1326): option[33]=-Ximage-compiler-option
05-15 15:54:13.293 I/art     ( 1326): option[34]=--instruction-set-variant=x86
05-15 15:54:13.293 I/art     ( 1326): option[35]=-Xcompiler-option
05-15 15:54:13.293 I/art     ( 1326): option[36]=--instruction-set-variant=x86
05-15 15:54:13.293 I/art     ( 1326): option[37]=-Ximage-compiler-option
05-15 15:54:13.293 I/art     ( 1326): option[38]=--instruction-set-features=default
05-15 15:54:13.293 I/art     ( 1326): option[39]=-Xcompiler-option
05-15 15:54:13.293 I/art     ( 1326): option[40]=--instruction-set-features=default
05-15 15:54:13.293 I/art     ( 1326): option[41]=-Duser.locale=en-US
05-15 15:54:13.293 I/art     ( 1326): option[42]=--cpu-abilist=x86
05-15 15:54:13.293 I/art     ( 1326): option[43]=-Xfingerprint:Android/sdk_phone_x86_64/generic_x86_64:7.1.1/NYC/4931657:userdebug/test-keys
05-15 15:54:14.051 D/AndroidRuntime( 1325): CheckJNI is ON
05-15 15:54:14.562 I/art     ( 1325): option[0]=-Xzygote
05-15 15:54:14.562 I/art     ( 1325): option[1]=-Xcheck:jni
05-15 15:54:14.563 I/art     ( 1325): option[2]=-Xstacktracefile:/data/anr/traces.txt
05-15 15:54:14.563 I/art     ( 1325): option[3]=exit
05-15 15:54:14.563 I/art     ( 1325): option[4]=vfprintf
05-15 15:54:14.563 I/art     ( 1325): option[5]=sensitiveThread
05-15 15:54:14.563 I/art     ( 1325): option[6]=-verbose:gc
05-15 15:54:14.563 I/art     ( 1325): option[7]=-Xms4m
05-15 15:54:14.563 I/art     ( 1325): option[8]=-Xmx256m
05-15 15:54:14.563 I/art     ( 1325): option[9]=-Xusejit:true
05-15 15:54:14.563 I/art     ( 1325): option[10]=-Xjitsaveprofilinginfo
05-15 15:54:14.563 I/art     ( 1325): option[11]=-agentlib:jdwp=transport=dt_android_adb,suspend=n,server=y
05-15 15:54:14.563 I/art     ( 1325): option[12]=-Xlockprofthreshold:500
05-15 15:54:14.563 I/art     ( 1325): option[13]=-Ximage-compiler-option
05-15 15:54:14.563 I/art     ( 1325): option[14]=--runtime-arg
05-15 15:54:14.563 I/art     ( 1325): option[15]=-Ximage-compiler-option
05-15 15:54:14.564 I/art     ( 1325): option[16]=-Xms64m
05-15 15:54:14.564 I/art     ( 1325): option[17]=-Ximage-compiler-option
05-15 15:54:14.564 I/art     ( 1325): option[18]=--runtime-arg
05-15 15:54:14.564 I/art     ( 1325): option[19]=-Ximage-compiler-option
05-15 15:54:14.564 I/art     ( 1325): option[20]=-Xmx64m
05-15 15:54:14.564 I/art     ( 1325): option[21]=-Ximage-compiler-option
05-15 15:54:14.564 I/art     ( 1325): option[22]=--image-classes=/system/etc/preloaded-classes
05-15 15:54:14.564 I/art     ( 1325): option[23]=-Ximage-compiler-option
05-15 15:54:14.564 I/art     ( 1325): option[24]=--compiled-classes=/system/etc/compiled-classes
05-15 15:54:14.564 I/art     ( 1325): option[25]=-Xcompiler-option
05-15 15:54:14.564 I/art     ( 1325): option[26]=--runtime-arg
05-15 15:54:14.564 I/art     ( 1325): option[27]=-Xcompiler-option
05-15 15:54:14.564 I/art     ( 1325): option[28]=-Xms64m
05-15 15:54:14.564 I/art     ( 1325): option[29]=-Xcompiler-option
05-15 15:54:14.564 I/art     ( 1325): option[30]=--runtime-arg
05-15 15:54:14.564 I/art     ( 1325): option[31]=-Xcompiler-option
05-15 15:54:14.564 I/art     ( 1325): option[32]=-Xmx512m
05-15 15:54:14.564 I/art     ( 1325): option[33]=-Ximage-compiler-option
05-15 15:54:14.564 I/art     ( 1325): option[34]=--instruction-set-variant=x86_64
05-15 15:54:14.564 I/art     ( 1325): option[35]=-Xcompiler-option
05-15 15:54:14.564 I/art     ( 1325): option[36]=--instruction-set-variant=x86_64
05-15 15:54:14.564 I/art     ( 1325): option[37]=-Ximage-compiler-option
05-15 15:54:14.564 I/art     ( 1325): option[38]=--instruction-set-features=default
05-15 15:54:14.564 I/art     ( 1325): option[39]=-Xcompiler-option
05-15 15:54:14.565 I/art     ( 1325): option[40]=--instruction-set-features=default
05-15 15:54:14.565 I/art     ( 1325): option[41]=-Duser.locale=en-US
05-15 15:54:14.565 I/art     ( 1325): option[42]=--cpu-abilist=x86_64
05-15 15:54:14.565 I/art     ( 1325): option[43]=-Xfingerprint:Android/sdk_phone_x86_64/generic_x86_64:7.1.1/NYC/4931657:userdebug/test-keys
05-15 15:54:15.221 E/ipv6proxy( 1993): Failed to forward Router Advertisement from eth0 to wlan1: Network is unreachable
05-15 15:54:16.694 I/hostapd ( 2003): wlan1: interface state COUNTRY_UPDATE->HT_SCAN
05-15 15:54:18.257 E/hostapd ( 2003): Using interface wlan1 with hwaddr 02:00:00:00:01:00 and ssid "AndroidWifi"
05-15 15:54:18.442 I/hostapd ( 2003): wlan1: interface state HT_SCAN->ENABLED
05-15 15:54:18.442 I/hostapd ( 2003): wlan1: AP-ENABLED 
05-15 15:54:23.888 D/ICU     ( 1326): No timezone override file found: /data/misc/zoneinfo/current/icu/icu_tzdata.dat
05-15 15:54:24.551 D/ICU     ( 1325): No timezone override file found: /data/misc/zoneinfo/current/icu/icu_tzdata.dat
05-15 15:54:30.235 E/memtrack( 1326): Couldn't load memtrack module (No such file or directory)
05-15 15:54:30.236 E/android.os.Debug( 1326): failed to load memtrack module: -2
05-15 15:54:30.301 I/Radio-JNI( 1326): register_android_hardware_Radio DONE
05-15 15:54:30.723 E/memtrack( 1325): Couldn't load memtrack module (No such file or directory)
05-15 15:54:30.724 E/android.os.Debug( 1325): failed to load memtrack module: -2
05-15 15:54:30.870 I/SamplingProfilerIntegration( 1326): Profiling disabled.
05-15 15:54:30.873 I/Radio-JNI( 1325): register_android_hardware_Radio DONE
05-15 15:54:31.004 D/Zygote  ( 1326): begin preload
05-15 15:54:31.004 I/Zygote  ( 1326): Installing ICU cache reference pinning...
05-15 15:54:31.079 I/Zygote  ( 1326): Preloading ICU data...
05-15 15:54:31.470 I/SamplingProfilerIntegration( 1325): Profiling disabled.
05-15 15:54:31.541 D/Zygote  ( 1325): begin preload
05-15 15:54:31.542 I/Zygote  ( 1325): Installing ICU cache reference pinning...
05-15 15:54:31.550 I/Zygote  ( 1325): Preloading ICU data...
05-15 15:54:33.517 I/Zygote  ( 1326): Preloading classes...
05-15 15:54:33.523 I/Zygote  ( 1325): Preloading classes...
05-15 15:54:33.882 W/Zygote  ( 1325): Class not found for preloading: [Landroid.view.Display$ColorTransform;
05-15 15:54:33.903 W/Zygote  ( 1326): Class not found for preloading: [Landroid.view.Display$ColorTransform;
05-15 15:54:41.664 V/NatController( 1337): runCmd(/system/bin/iptables -w -F natctrl_FORWARD) res=0
05-15 15:54:41.759 E/Typeface( 1326): Error mapping font file /system/fonts/DroidSansFallback.ttf
05-15 15:54:41.936 E/Typeface( 1325): Error mapping font file /system/fonts/DroidSansFallback.ttf
05-15 15:54:42.025 V/NatController( 1337): runCmd(/system/bin/ip6tables -w -F natctrl_FORWARD) res=0
05-15 15:54:42.431 V/NatController( 1337): runCmd(/system/bin/iptables -w -A natctrl_FORWARD -j DROP) res=0
05-15 15:54:42.802 V/NatController( 1337): runCmd(/system/bin/iptables -w -t nat -F natctrl_nat_POSTROUTING) res=0
05-15 15:54:42.961 V/NatController( 1337): runCmd(/system/bin/ip6tables -w -t raw -F natctrl_raw_PREROUTING) res=0
05-15 15:54:43.141 V/NatController( 1337): runCmd(/system/bin/iptables -w -F natctrl_tether_counters) res=1
05-15 15:54:43.214 V/NatController( 1337): runCmd(/system/bin/ip6tables -w -F natctrl_tether_counters) res=1
05-15 15:54:43.356 V/NatController( 1337): runCmd(/system/bin/iptables -w -X natctrl_tether_counters) res=1
05-15 15:54:43.663 V/NatController( 1337): runCmd(/system/bin/ip6tables -w -X natctrl_tether_counters) res=1
05-15 15:54:43.815 V/NatController( 1337): runCmd(/system/bin/iptables -w -N natctrl_tether_counters) res=0
05-15 15:54:44.050 V/NatController( 1337): runCmd(/system/bin/ip6tables -w -N natctrl_tether_counters) res=0
05-15 15:54:44.431 V/NatController( 1337): runCmd(/system/bin/iptables -w -t mangle -A natctrl_mangle_FORWARD -p tcp --tcp-flags SYN SYN -j TCPMSS --clamp-mss-to-pmtu) res=0
05-15 15:54:47.575 I/art     ( 1326): Background concurrent mark sweep GC freed 21947(2MB) AllocSpace objects, 95(1736KB) LOS objects, 33% free, 3MB/4MB, paused 2.348ms total 619.033ms
05-15 15:54:47.654 W/art     ( 1325): Suspending all threads took: 61.442ms
05-15 15:54:47.841 I/art     ( 1325): Background concurrent mark sweep GC freed 22128(3MB) AllocSpace objects, 122(2MB) LOS objects, 33% free, 2MB/3MB, paused 64.251ms total 907.854ms
05-15 15:54:48.664 I/art     ( 1325): Thread[1,tid=1325,Native,Thread*=0x7b1e31c95a00,peer=0x12c060d0,"main"] recursive attempt to load library "/system/lib64/libmedia_jni.so"
05-15 15:54:48.749 D/MtpDeviceJNI( 1325): register_android_mtp_MtpDevice
05-15 15:54:48.802 I/art     ( 1325): Thread[1,tid=1325,Native,Thread*=0x7b1e31c95a00,peer=0x12c060d0,"main"] recursive attempt to load library "/system/lib64/libmedia_jni.so"
05-15 15:54:48.803 I/art     ( 1325): Thread[1,tid=1325,Native,Thread*=0x7b1e31c95a00,peer=0x12c060d0,"main"] recursive attempt to load library "/system/lib64/libmedia_jni.so"
05-15 15:54:49.034 I/art     ( 1326): Thread[1,tid=1326,Native,Thread*=0xeb18b400,peer=0x12c060d0,"main"] recursive attempt to load library "/system/lib/libmedia_jni.so"
05-15 15:54:49.083 D/MtpDeviceJNI( 1326): register_android_mtp_MtpDevice
05-15 15:54:49.085 I/art     ( 1326): Thread[1,tid=1326,Native,Thread*=0xeb18b400,peer=0x12c060d0,"main"] recursive attempt to load library "/system/lib/libmedia_jni.so"
05-15 15:54:49.086 I/art     ( 1326): Thread[1,tid=1326,Native,Thread*=0xeb18b400,peer=0x12c060d0,"main"] recursive attempt to load library "/system/lib/libmedia_jni.so"
05-15 15:54:50.196 E/Netd    ( 1337): cannot find interface dummy0
05-15 15:54:50.388 D/MDnsDS  ( 1337): MDnsSdListener::Hander starting up
05-15 15:54:50.433 D/MDnsDS  ( 1337): MDnsSdListener starting to monitor
05-15 15:54:50.433 D/MDnsDS  ( 1337): Going to poll with pollCount 1
05-15 15:54:52.314 W/Zygote  ( 1325): Class not found for preloading: android.view.Display$ColorTransform
05-15 15:54:52.315 W/Zygote  ( 1325): Class not found for preloading: android.view.Display$ColorTransform$1
05-15 15:54:52.439 W/Zygote  ( 1326): Class not found for preloading: android.view.Display$ColorTransform
05-15 15:54:52.442 W/Zygote  ( 1326): Class not found for preloading: android.view.Display$ColorTransform$1
05-15 15:54:52.640 W/art     ( 1325): Suspending all threads took: 28.476ms
05-15 15:54:52.716 I/art     ( 1325): Background sticky concurrent mark sweep GC freed 7589(1085KB) AllocSpace objects, 10(160KB) LOS objects, 49% free, 1605KB/3MB, paused 39.622ms total 270.641ms
05-15 15:54:53.194 I/art     ( 1326): Background sticky concurrent mark sweep GC freed 8941(2MB) AllocSpace objects, 36(680KB) LOS objects, 68% free, 1535KB/4MB, paused 2.251ms total 480.029ms
05-15 15:54:55.678 I/System  ( 1326): Loaded time zone names for "" in 858ms (852ms in ICU)
05-15 15:54:55.870 I/System  ( 1325): Loaded time zone names for "" in 1399ms (1245ms in ICU)
05-15 15:54:56.202 I/System  ( 1326): Loaded time zone names for "en_US" in 522ms (457ms in ICU)
05-15 15:54:56.234 I/System  ( 1325): Loaded time zone names for "en_US" in 363ms (359ms in ICU)
05-15 15:54:57.078 I/Zygote  ( 1326): ...preloaded 4158 classes in 23561ms.
05-15 15:54:57.079 I/art     ( 1326): VMRuntime.preloadDexCaches starting
05-15 15:54:57.259 I/Zygote  ( 1325): ...preloaded 4158 classes in 23736ms.
05-15 15:54:57.282 I/art     ( 1325): VMRuntime.preloadDexCaches starting
05-15 15:54:58.646 I/art     ( 1326): VMRuntime.preloadDexCaches strings total=283712 before=39625 after=39625
05-15 15:54:58.647 I/art     ( 1326): VMRuntime.preloadDexCaches types total=23581 before=7877 after=7904
05-15 15:54:58.647 I/art     ( 1326): VMRuntime.preloadDexCaches fields total=112007 before=40903 after=41117
05-15 15:54:58.647 I/art     ( 1326): VMRuntime.preloadDexCaches methods total=197534 before=82457 after=83017
05-15 15:54:58.647 I/art     ( 1326): VMRuntime.preloadDexCaches finished
05-15 15:54:58.654 I/Zygote  ( 1326): Preloading resources...
05-15 15:54:58.723 I/art     ( 1325): VMRuntime.preloadDexCaches strings total=283712 before=39625 after=39625
05-15 15:54:58.723 I/art     ( 1325): VMRuntime.preloadDexCaches types total=23581 before=7877 after=7904
05-15 15:54:58.724 I/art     ( 1325): VMRuntime.preloadDexCaches fields total=112007 before=40903 after=41117
05-15 15:54:58.724 I/art     ( 1325): VMRuntime.preloadDexCaches methods total=197534 before=82457 after=83017
05-15 15:54:58.724 I/art     ( 1325): VMRuntime.preloadDexCaches finished
05-15 15:54:58.726 I/Zygote  ( 1325): Preloading resources...
05-15 15:55:00.252 W/Resources( 1326): Preloaded drawable resource #0x108025c (android:drawable/dialog_background_material) that varies with configuration!!
05-15 15:55:00.344 W/Resources( 1326): Preloaded drawable resource #0x1080298 (android:drawable/editbox_dropdown_background_dark) that varies with configuration!!
05-15 15:55:00.444 I/art     ( 1325): Background concurrent mark sweep GC freed 20265(1281KB) AllocSpace objects, 1(20KB) LOS objects, 66% free, 1794KB/5MB, paused 314us total 142.137ms
05-15 15:55:00.592 W/Resources( 1326): Preloaded color resource #0x10600e2 (android:color/material_grey_800) that varies with configuration!!
05-15 15:55:00.593 W/Resources( 1326): Preloaded drawable resource #0x10802c9 (android:drawable/floating_popup_background_dark) that varies with configuration!!
05-15 15:55:00.657 W/Resources( 1325): Preloaded drawable resource #0x108025c (android:drawable/dialog_background_material) that varies with configuration!!
05-15 15:55:00.723 W/Resources( 1325): Preloaded drawable resource #0x1080298 (android:drawable/editbox_dropdown_background_dark) that varies with configuration!!
05-15 15:55:00.902 W/Resources( 1325): Preloaded color resource #0x10600e2 (android:color/material_grey_800) that varies with configuration!!
05-15 15:55:00.903 W/Resources( 1325): Preloaded drawable resource #0x10802c9 (android:drawable/floating_popup_background_dark) that varies with configuration!!
05-15 15:55:01.150 W/art     ( 1326): Suspending all threads took: 19.218ms
05-15 15:55:01.349 I/art     ( 1326): Background concurrent mark sweep GC freed 19392(1188KB) AllocSpace objects, 2(40KB) LOS objects, 53% free, 3MB/7MB, paused 109.691ms total 413.615ms
05-15 15:55:01.393 W/Resources( 1325): Preloaded drawable resource #0x108030b (android:drawable/ic_clear_disabled) that varies with configuration!!
05-15 15:55:01.396 W/Resources( 1325): Preloaded drawable resource #0x1080310 (android:drawable/ic_clear_normal) that varies with configuration!!
05-15 15:55:01.412 W/Resources( 1326): Preloaded drawable resource #0x108030b (android:drawable/ic_clear_disabled) that varies with configuration!!
05-15 15:55:01.414 W/Resources( 1326): Preloaded drawable resource #0x1080310 (android:drawable/ic_clear_normal) that varies with configuration!!
05-15 15:55:01.525 W/Resources( 1325): Preloaded drawable resource #0x1080359 (android:drawable/ic_go) that varies with configuration!!
05-15 15:55:01.602 W/Resources( 1326): Preloaded drawable resource #0x1080359 (android:drawable/ic_go) that varies with configuration!!
05-15 15:55:01.724 W/Resources( 1325): Preloaded drawable resource #0x1080038 (android:drawable/ic_menu_close_clear_cancel) that varies with configuration!!
05-15 15:55:01.809 W/Resources( 1326): Preloaded drawable resource #0x1080038 (android:drawable/ic_menu_close_clear_cancel) that varies with configuration!!
05-15 15:55:01.849 W/Resources( 1325): Preloaded drawable resource #0x1080045 (android:drawable/ic_menu_more) that varies with configuration!!
05-15 15:55:01.852 W/Resources( 1326): Preloaded drawable resource #0x1080045 (android:drawable/ic_menu_more) that varies with configuration!!
05-15 15:55:02.123 W/Resources( 1326): Preloaded drawable resource #0x10804e8 (android:drawable/menu_background_fill_parent_width) that varies with configuration!!
05-15 15:55:02.148 W/Resources( 1325): Preloaded drawable resource #0x10804e8 (android:drawable/menu_background_fill_parent_width) that varies with configuration!!
05-15 15:55:02.892 I/art     ( 1325): Background sticky concurrent mark sweep GC freed 1044(51KB) AllocSpace objects, 3(120KB) LOS objects, 2% free, 5MB/5MB, paused 254us total 128.339ms
05-15 15:55:03.053 I/art     ( 1325): Background concurrent mark sweep GC freed 1524(74KB) AllocSpace objects, 2(48KB) LOS objects, 44% free, 5MB/9MB, paused 451us total 155.724ms
05-15 15:55:03.982 W/Resources( 1325): Preloaded drawable resource #0x108077e (android:drawable/text_edit_paste_window) that varies with configuration!!
05-15 15:55:04.006 W/Resources( 1326): Preloaded drawable resource #0x108077e (android:drawable/text_edit_paste_window) that varies with configuration!!
05-15 15:55:04.083 W/Resources( 1325): Preloaded drawable resource #0x1080096 (android:drawable/toast_frame) that varies with configuration!!
05-15 15:55:04.083 I/Zygote  ( 1325): ...preloaded 114 resources in 5357ms.
05-15 15:55:04.145 W/Resources( 1326): Preloaded drawable resource #0x1080096 (android:drawable/toast_frame) that varies with configuration!!
05-15 15:55:04.145 I/Zygote  ( 1326): ...preloaded 114 resources in 5490ms.
05-15 15:55:04.257 W/Resources( 1326): Preloaded color resource #0x106010b (android:color/background_cache_hint_selector_material_dark) that varies with configuration!!
05-15 15:55:04.315 W/Resources( 1325): Preloaded color resource #0x106010b (android:color/background_cache_hint_selector_material_dark) that varies with configuration!!
05-15 15:55:04.317 W/Resources( 1325): Preloaded color resource #0x1060110 (android:color/btn_default_material_dark) that varies with configuration!!
05-15 15:55:04.331 W/Resources( 1326): Preloaded color resource #0x1060110 (android:color/btn_default_material_dark) that varies with configuration!!
05-15 15:55:04.361 I/Zygote  ( 1325): ...preloaded 41 resources in 277ms.
05-15 15:55:04.362 D/libEGL  ( 1325): Emulator without GPU support detected. Fallback to legacy software renderer, qemu.gles is set to 0.
05-15 15:55:04.365 I/Zygote  ( 1326): ...preloaded 41 resources in 220ms.
05-15 15:55:04.366 D/libEGL  ( 1326): Emulator without GPU support detected. Fallback to legacy software renderer, qemu.gles is set to 0.
05-15 15:55:04.389 D/libEGL  ( 1325): loaded /system/lib64/egl/libGLES_android.so
05-15 15:55:04.535 D/libEGL  ( 1326): loaded /system/lib/egl/libGLES_android.so
05-15 15:55:04.876 I/Zygote  ( 1325): Preloading shared libraries...
05-15 15:55:05.052 E/Hyphenator( 1325): error loading hyphenation /system/usr/hyphen-data/hyph-as.hyb
05-15 15:55:05.052 E/Hyphenator( 1325): java.io.FileNotFoundException: /system/usr/hyphen-data/hyph-as.hyb: open failed: ENOENT (No such file or directory)
05-15 15:55:05.052 E/Hyphenator( 1325): 	at libcore.io.IoBridge.open(IoBridge.java:455)
05-15 15:55:05.052 E/Hyphenator( 1325): 	at java.io.RandomAccessFile.<init>(RandomAccessFile.java:247)
05-15 15:55:05.052 E/Hyphenator( 1325): 	at android.text.Hyphenator.loadHyphenator(Hyphenator.java:118)
05-15 15:55:05.052 E/Hyphenator( 1325): 	at android.text.Hyphenator.init(Hyphenator.java:224)
05-15 15:55:05.052 E/Hyphenator( 1325): 	at com.android.internal.os.ZygoteInit.preloadTextResources(ZygoteInit.java:252)
05-15 15:55:05.052 E/Hyphenator( 1325): 	at com.android.internal.os.ZygoteInit.preload(ZygoteInit.java:206)
05-15 15:55:05.052 E/Hyphenator( 1325): 	at com.android.internal.os.ZygoteInit.main(ZygoteInit.java:743)
05-15 15:55:05.052 E/Hyphenator( 1325): Caused by: android.system.ErrnoException: open failed: ENOENT (No such file or directory)
05-15 15:55:05.052 E/Hyphenator( 1325): 	at libcore.io.Posix.open(Native Method)
05-15 15:55:05.052 E/Hyphenator( 1325): 	at libcore.io.BlockGuardOs.open(BlockGuardOs.java:187)
05-15 15:55:05.052 E/Hyphenator( 1325): 	at libcore.io.IoBridge.open(IoBridge.java:441)
05-15 15:55:05.052 E/Hyphenator( 1325): 	... 6 more
05-15 15:55:05.053 E/Hyphenator( 1325): error loading hyphenation /system/usr/hyphen-data/hyph-bn.hyb
05-15 15:55:05.053 E/Hyphenator( 1325): java.io.FileNotFoundException: /system/usr/hyphen-data/hyph-bn.hyb: open failed: ENOENT (No such file or directory)
05-15 15:55:05.053 E/Hyphenator( 1325): 	at libcore.io.IoBridge.open(IoBridge.java:455)
05-15 15:55:05.053 E/Hyphenator( 1325): 	at java.io.RandomAccessFile.<init>(RandomAccessFile.java:247)
05-15 15:55:05.053 E/Hyphenator( 1325): 	at android.text.Hyphenator.loadHyphenator(Hyphenator.java:118)
05-15 15:55:05.053 E/Hyphenator( 1325): 	at android.text.Hyphenator.init(Hyphenator.java:224)
05-15 15:55:05.053 E/Hyphenator( 1325): 	at com.android.internal.os.ZygoteInit.preloadTextResources(ZygoteInit.java:252)
05-15 15:55:05.053 E/Hyphenator( 1325): 	at com.android.internal.os.ZygoteInit.preload(ZygoteInit.java:206)
05-15 15:55:05.053 E/Hyphenator( 1325): 	at com.android.internal.os.ZygoteInit.main(ZygoteInit.java:743)
05-15 15:55:05.053 E/Hyphenator( 1325): Caused by: android.system.ErrnoException: open failed: ENOENT (No such file or directory)
05-15 15:55:05.053 E/Hyphenator( 1325): 	at libcore.io.Posix.open(Native Method)
05-15 15:55:05.053 E/Hyphenator( 1325): 	at libcore.io.BlockGuardOs.open(BlockGuardOs.java:187)
05-15 15:55:05.053 E/Hyphenator( 1325): 	at libcore.io.IoBridge.open(IoBridge.java:441)
05-15 15:55:05.053 E/Hyphenator( 1325): 	... 6 more
05-15 15:55:05.055 E/Hyphenator( 1325): error loading hyphenation /system/usr/hyphen-data/hyph-cy.hyb
05-15 15:55:05.055 E/Hyphenator( 1325): java.io.FileNotFoundException: /system/usr/hyphen-data/hyph-cy.hyb: open failed: ENOENT (No such file or directory)
05-15 15:55:05.055 E/Hyphenator( 1325): 	at libcore.io.IoBridge.open(IoBridge.java:455)
05-15 15:55:05.055 E/Hyphenator( 1325): 	at java.io.RandomAccessFile.<init>(RandomAccessFile.java:247)
05-15 15:55:05.055 E/Hyphenator( 1325): 	at android.text.Hyphenator.loadHyphenator(Hyphenator.java:118)
05-15 15:55:05.055 E/Hyphenator( 1325): 	at android.text.Hyphenator.init(Hyphenator.java:224)
05-15 15:55:05.055 E/Hyphenator( 1325): 	at com.android.internal.os.ZygoteInit.preloadTextResources(ZygoteInit.java:252)
05-15 15:55:05.055 E/Hyphenator( 1325): 	at com.android.internal.os.ZygoteInit.preload(ZygoteInit.java:206)
05-15 15:55:05.055 E/Hyphenator( 1325): 	at com.android.internal.os.ZygoteInit.main(ZygoteInit.java:743)
05-15 15:55:05.055 E/Hyphenator( 1325): Caused by: android.system.ErrnoException: open failed: ENOENT (No such file or directory)
05-15 15:55:05.055 E/Hyphenator( 1325): 	at libcore.io.Posix.open(Native Method)
05-15 15:55:05.055 E/Hyphenator( 1325): 	at libcore.io.BlockGuardOs.open(BlockGuardOs.java:187)
05-15 15:55:05.055 E/Hyphenator( 1325): 	at libcore.io.IoBridge.open(IoBridge.java:441)
05-15 15:55:05.055 E/Hyphenator( 1325): 	... 6 more
05-15 15:55:05.090 E/Hyphenator( 1325): error loading hyphenation /system/usr/hyphen-data/hyph-da.hyb
05-15 15:55:05.090 E/Hyphenator( 1325): java.io.FileNotFoundException: /system/usr/hyphen-data/hyph-da.hyb: open failed: ENOENT (No such file or directory)
05-15 15:55:05.090 E/Hyphenator( 1325): 	at libcore.io.IoBridge.open(IoBridge.java:455)
05-15 15:55:05.090 E/Hyphenator( 1325): 	at java.io.RandomAccessFile.<init>(RandomAccessFile.java:247)
05-15 15:55:05.090 E/Hyphenator( 1325): 	at android.text.Hyphenator.loadHyphenator(Hyphenator.java:118)
05-15 15:55:05.090 E/Hyphenator( 1325): 	at android.text.Hyphenator.init(Hyphenator.java:224)
05-15 15:55:05.090 E/Hyphenator( 1325): 	at com.android.internal.os.ZygoteInit.preloadTextResources(ZygoteInit.java:252)
05-15 15:55:05.090 E/Hyphenator( 1325): 	at com.android.internal.os.ZygoteInit.preload(ZygoteInit.java:206)
05-15 15:55:05.090 E/Hyphenator( 1325): 	at com.android.internal.os.ZygoteInit.main(ZygoteInit.java:743)
05-15 15:55:05.090 E/Hyphenator( 1325): Caused by: android.system.ErrnoException: open failed: ENOENT (No such file or directory)
05-15 15:55:05.090 E/Hyphenator( 1325): 	at libcore.io.Posix.open(Native Method)
05-15 15:55:05.090 E/Hyphenator( 1325): 	at libcore.io.BlockGuardOs.open(BlockGuardOs.java:187)
05-15 15:55:05.090 E/Hyphenator( 1325): 	at libcore.io.IoBridge.open(IoBridge.java:441)
05-15 15:55:05.090 E/Hyphenator( 1325): 	... 6 more
05-15 15:55:05.092 E/Hyphenator( 1325): error loading hyphenation /system/usr/hyphen-data/hyph-de-1901.hyb
05-15 15:55:05.092 E/Hyphenator( 1325): java.io.FileNotFoundException: /system/usr/hyphen-data/hyph-de-1901.hyb: open failed: ENOENT (No such file or directory)
05-15 15:55:05.092 E/Hyphenator( 1325): 	at libcore.io.IoBridge.open(IoBridge.java:455)
05-15 15:55:05.092 E/Hyphenator( 1325): 	at java.io.RandomAccessFile.<init>(RandomAccessFile.java:247)
05-15 15:55:05.092 E/Hyphenator( 1325): 	at android.text.Hyphenator.loadHyphenator(Hyphenator.java:118)
05-15 15:55:05.092 E/Hyphenator( 1325): 	at android.text.Hyphenator.init(Hyphenator.java:224)
05-15 15:55:05.092 E/Hyphenator( 1325): 	at com.android.internal.os.ZygoteInit.preloadTextResources(ZygoteInit.java:252)
05-15 15:55:05.092 E/Hyphenator( 1325): 	at com.android.internal.os.ZygoteInit.preload(ZygoteInit.java:206)
05-15 15:55:05.092 E/Hyphenator( 1325): 	at com.android.internal.os.ZygoteInit.main(ZygoteInit.java:743)
05-15 15:55:05.092 E/Hyphenator( 1325): Caused by: android.system.ErrnoException: open failed: ENOENT (No such file or directory)
05-15 15:55:05.092 E/Hyphenator( 1325): 	at libcore.io.Posix.open(Native Method)
05-15 15:55:05.092 E/Hyphenator( 1325): 	at libcore.io.BlockGuardOs.open(BlockGuardOs.java:187)
05-15 15:55:05.092 E/Hyphenator( 1325): 	at libcore.io.IoBridge.open(IoBridge.java:441)
05-15 15:55:05.092 E/Hyphenator( 1325): 	... 6 more
05-15 15:55:05.093 E/Hyphenator( 1325): error loading hyphenation /system/usr/hyphen-data/hyph-de-1996.hyb
05-15 15:55:05.093 E/Hyphenator( 1325): java.io.FileNotFoundException: /system/usr/hyphen-data/hyph-de-1996.hyb: open failed: ENOENT (No such file or directory)
05-15 15:55:05.093 E/Hyphenator( 1325): 	at libcore.io.IoBridge.open(IoBridge.java:455)
05-15 15:55:05.093 E/Hyphenator( 1325): 	at java.io.RandomAccessFile.<init>(RandomAccessFile.java:247)
05-15 15:55:05.093 E/Hyphenator( 1325): 	at android.text.Hyphenator.loadHyphenator(Hyphenator.java:118)
05-15 15:55:05.093 E/Hyphenator( 1325): 	at android.text.Hyphenator.init(Hyphenator.java:224)
05-15 15:55:05.093 E/Hyphenator( 1325): 	at com.android.internal.os.ZygoteInit.preloadTextResources(ZygoteInit.java:252)
05-15 15:55:05.093 E/Hyphenator( 1325): 	at com.android.internal.os.ZygoteInit.preload(ZygoteInit.java:206)
05-15 15:55:05.093 E/Hyphenator( 1325): 	at com.android.internal.os.ZygoteInit.main(ZygoteInit.java:743)
05-15 15:55:05.093 E/Hyphenator( 1325): Caused by: android.system.ErrnoException: open failed: ENOENT (No such file or directory)
05-15 15:55:05.093 E/Hyphenator( 1325): 	at libcore.io.Posix.open(Native Method)
05-15 15:55:05.093 E/Hyphenator( 1325): 	at libcore.io.BlockGuardOs.open(BlockGuardOs.java:187)
05-15 15:55:05.093 E/Hyphenator( 1325): 	at libcore.io.IoBridge.open(IoBridge.java:441)
05-15 15:55:05.093 E/Hyphenator( 1325): 	... 6 more
05-15 15:55:05.094 E/Hyphenator( 1325): error loading hyphenation /system/usr/hyphen-data/hyph-de-ch-1901.hyb
05-15 15:55:05.094 E/Hyphenator( 1325): java.io.FileNotFoundException: /system/usr/hyphen-data/hyph-de-ch-1901.hyb: open failed: ENOENT (No such file or directory)
05-15 15:55:05.094 E/Hyphenator( 1325): 	at libcore.io.IoBridge.open(IoBridge.java:455)
05-15 15:55:05.094 E/Hyphenator( 1325): 	at java.io.RandomAccessFile.<init>(RandomAccessFile.java:247)
05-15 15:55:05.094 E/Hyphenator( 1325): 	at android.text.Hyphenator.loadHyphenator(Hyphenator.java:118)
05-15 15:55:05.094 E/Hyphenator( 1325): 	at android.text.Hyphenator.init(Hyphenator.java:224)
05-15 15:55:05.094 E/Hyphenator( 1325): 	at com.android.internal.os.ZygoteInit.preloadTextResources(ZygoteInit.java:252)
05-15 15:55:05.094 E/Hyphenator( 1325): 	at com.android.internal.os.ZygoteInit.preload(ZygoteInit.java:206)
05-15 15:55:05.094 E/Hyphenator( 1325): 	at com.android.internal.os.ZygoteInit.main(ZygoteInit.java:743)
05-15 15:55:05.094 E/Hyphenator( 1325): Caused by: android.system.ErrnoException: open failed: ENOENT (No such file or directory)
05-15 15:55:05.094 E/Hyphenator( 1325): 	at libcore.io.Posix.open(Native Method)
05-15 15:55:05.094 E/Hyphenator( 1325): 	at libcore.io.BlockGuardOs.open(BlockGuardOs.java:187)
05-15 15:55:05.094 E/Hyphenator( 1325): 	at libcore.io.IoBridge.open(IoBridge.java:441)
05-15 15:55:05.094 E/Hyphenator( 1325): 	... 6 more
05-15 15:55:05.096 E/Hyphenator( 1325): error loading hyphenation /system/usr/hyphen-data/hyph-en-gb.hyb
05-15 15:55:05.096 E/Hyphenator( 1325): java.io.FileNotFoundException: /system/usr/hyphen-data/hyph-en-gb.hyb: open failed: ENOENT (No such file or directory)
05-15 15:55:05.096 E/Hyphenator( 1325): 	at libcore.io.IoBridge.open(IoBridge.java:455)
05-15 15:55:05.096 E/Hyphenator( 1325): 	at java.io.RandomAccessFile.<init>(RandomAccessFile.java:247)
05-15 15:55:05.096 E/Hyphenator( 1325): 	at android.text.Hyphenator.loadHyphenator(Hyphenator.java:118)
05-15 15:55:05.096 E/Hyphenator( 1325): 	at android.text.Hyphenator.init(Hyphenator.java:224)
05-15 15:55:05.096 E/Hyphenator( 1325): 	at com.android.internal.os.ZygoteInit.preloadTextResources(ZygoteInit.java:252)
05-15 15:55:05.096 E/Hyphenator( 1325): 	at com.android.internal.os.ZygoteInit.preload(ZygoteInit.java:206)
05-15 15:55:05.096 E/Hyphenator( 1325): 	at com.android.internal.os.ZygoteInit.main(ZygoteInit.java:743)
05-15 15:55:05.096 E/Hyphenator( 1325): Caused by: android.system.ErrnoException: open failed: ENOENT (No such file or directory)
05-15 15:55:05.096 E/Hyphenator( 1325): 	at libcore.io.Posix.open(Native Method)
05-15 15:55:05.096 E/Hyphenator( 1325): 	at libcore.io.BlockGuardOs.open(BlockGuardOs.java:187)
05-15 15:55:05.096 E/Hyphenator( 1325): 	at libcore.io.IoBridge.open(IoBridge.java:441)
05-15 15:55:05.096 E/Hyphenator( 1325): 	... 6 more
05-15 15:55:05.097 E/Hyphenator( 1325): error loading hyphenation /system/usr/hyphen-data/hyph-en-us.hyb
05-15 15:55:05.097 E/Hyphenator( 1325): java.io.FileNotFoundException: /system/usr/hyphen-data/hyph-en-us.hyb: open failed: ENOENT (No such file or directory)
05-15 15:55:05.097 E/Hyphenator( 1325): 	at libcore.io.IoBridge.open(IoBridge.java:455)
05-15 15:55:05.097 E/Hyphenator( 1325): 	at java.io.RandomAccessFile.<init>(RandomAccessFile.java:247)
05-15 15:55:05.097 E/Hyphenator( 1325): 	at android.text.Hyphenator.loadHyphenator(Hyphenator.java:118)
05-15 15:55:05.097 E/Hyphenator( 1325): 	at android.text.Hyphenator.init(Hyphenator.java:224)
05-15 15:55:05.097 E/Hyphenator( 1325): 	at com.android.internal.os.ZygoteInit.preloadTextResources(ZygoteInit.java:252)
05-15 15:55:05.097 E/Hyphenator( 1325): 	at com.android.internal.os.ZygoteInit.preload(ZygoteInit.java:206)
05-15 15:55:05.097 E/Hyphenator( 1325): 	at com.android.internal.os.ZygoteInit.main(ZygoteInit.java:743)
05-15 15:55:05.097 E/Hyphenator( 1325): Caused by: android.system.ErrnoException: open failed: ENOENT (No such file or directory)
05-15 15:55:05.097 E/Hyphenator( 1325): 	at libcore.io.Posix.open(Native Method)
05-15 15:55:05.097 E/Hyphenator( 1325): 	at libcore.io.BlockGuardOs.open(BlockGuardOs.java:187)
05-15 15:55:05.097 E/Hyphenator( 1325): 	at libcore.io.IoBridge.open(IoBridge.java:441)
05-15 15:55:05.097 E/Hyphenator( 1325): 	... 6 more
05-15 15:55:05.098 E/Hyphenator( 1325): error loading hyphenation /system/usr/hyphen-data/hyph-es.hyb
05-15 15:55:05.098 E/Hyphenator( 1325): java.io.FileNotFoundException: /system/usr/hyphen-data/hyph-es.hyb: open failed: ENOENT (No such file or directory)
05-15 15:55:05.098 E/Hyphenator( 1325): 	at libcore.io.IoBridge.open(IoBridge.java:455)
05-15 15:55:05.098 E/Hyphenator( 1325): 	at java.io.RandomAccessFile.<init>(RandomAccessFile.java:247)
05-15 15:55:05.098 E/Hyphenator( 1325): 	at android.text.Hyphenator.loadHyphenator(Hyphenator.java:118)
05-15 15:55:05.098 E/Hyphenator( 1325): 	at android.text.Hyphenator.init(Hyphenator.java:224)
05-15 15:55:05.098 E/Hyphenator( 1325): 	at com.android.internal.os.ZygoteInit.preloadTextResources(ZygoteInit.java:252)
05-15 15:55:05.098 E/Hyphenator( 1325): 	at com.android.internal.os.ZygoteInit.preload(ZygoteInit.java:206)
05-15 15:55:05.098 E/Hyphenator( 1325): 	at com.android.internal.os.ZygoteInit.main(ZygoteInit.java:743)
05-15 15:55:05.098 E/Hyphenator( 1325): Caused by: android.system.ErrnoException: open failed: ENOENT (No such file or directory)
05-15 15:55:05.098 E/Hyphenator( 1325): 	at libcore.io.Posix.open(Native Method)
05-15 15:55:05.098 E/Hyphenator( 1325): 	at libcore.io.BlockGuardOs.open(BlockGuardOs.java:187)
05-15 15:55:05.098 E/Hyphenator( 1325): 	at libcore.io.IoBridge.open(IoBridge.java:441)
05-15 15:55:05.098 E/Hyphenator( 1325): 	... 6 more
05-15 15:55:05.099 E/Hyphenator( 1325): error loading hyphenation /system/usr/hyphen-data/hyph-et.hyb
05-15 15:55:05.099 E/Hyphenator( 1325): java.io.FileNotFoundException: /system/usr/hyphen-data/hyph-et.hyb: open failed: ENOENT (No such file or directory)
05-15 15:55:05.099 E/Hyphenator( 1325): 	at libcore.io.IoBridge.open(IoBridge.java:455)
05-15 15:55:05.099 E/Hyphenator( 1325): 	at java.io.RandomAccessFile.<init>(RandomAccessFile.java:247)
05-15 15:55:05.099 E/Hyphenator( 1325): 	at android.text.Hyphenator.loadHyphenator(Hyphenator.java:118)
05-15 15:55:05.099 E/Hyphenator( 1325): 	at android.text.Hyphenator.init(Hyphenator.java:224)
05-15 15:55:05.099 E/Hyphenator( 1325): 	at com.android.internal.os.ZygoteInit.preloadTextResources(ZygoteInit.java:252)
05-15 15:55:05.099 E/Hyphenator( 1325): 	at com.android.internal.os.ZygoteInit.preload(ZygoteInit.java:206)
05-15 15:55:05.099 E/Hyphenator( 1325): 	at com.android.internal.os.ZygoteInit.main(ZygoteInit.java:743)
05-15 15:55:05.099 E/Hyphenator( 1325): Caused by: android.system.ErrnoException: open failed: ENOENT (No such file or directory)
05-15 15:55:05.099 E/Hyphenator( 1325): 	at libcore.io.Posix.open(Native Method)
05-15 15:55:05.099 E/Hyphenator( 1325): 	at libcore.io.BlockGuardOs.open(BlockGuardOs.java:187)
05-15 15:55:05.099 E/Hyphenator( 1325): 	at libcore.io.IoBridge.open(IoBridge.java:441)
05-15 15:55:05.099 E/Hyphenator( 1325): 	... 6 more
05-15 15:55:05.171 E/Hyphenator( 1325): error loading hyphenation /system/usr/hyphen-data/hyph-eu.hyb
05-15 15:55:05.171 E/Hyphenator( 1325): java.io.FileNotFoundException: /system/usr/hyphen-data/hyph-eu.hyb: open failed: ENOENT (No such file or directory)
05-15 15:55:05.171 E/Hyphenator( 1325): 	at libcore.io.IoBridge.open(IoBridge.java:455)
05-15 15:55:05.171 E/Hyphenator( 1325): 	at java.io.RandomAccessFile.<init>(RandomAccessFile.java:247)
05-15 15:55:05.171 E/Hyphenator( 1325): 	at android.text.Hyphenator.loadHyphenator(Hyphenator.java:118)
05-15 15:55:05.171 E/Hyphenator( 1325): 	at android.text.Hyphenator.init(Hyphenator.java:224)
05-15 15:55:05.171 E/Hyphenator( 1325): 	at com.android.internal.os.ZygoteInit.preloadTextResources(ZygoteInit.java:252)
05-15 15:55:05.171 E/Hyphenator( 1325): 	at com.android.internal.os.ZygoteInit.preload(ZygoteInit.java:206)
05-15 15:55:05.171 E/Hyphenator( 1325): 	at com.android.internal.os.ZygoteInit.main(ZygoteInit.java:743)
05-15 15:55:05.171 E/Hyphenator( 1325): Caused by: android.system.ErrnoException: open failed: ENOENT (No such file or directory)
05-15 15:55:05.171 E/Hyphenator( 1325): 	at libcore.io.Posix.open(Native Method)
05-15 15:55:05.171 E/Hyphenator( 1325): 	at libcore.io.BlockGuardOs.open(BlockGuardOs.java:187)
05-15 15:55:05.171 E/Hyphenator( 1325): 	at libcore.io.IoBridge.open(IoBridge.java:441)
05-15 15:55:05.171 E/Hyphenator( 1325): 	... 6 more
05-15 15:55:05.173 E/Hyphenator( 1325): error loading hyphenation /system/usr/hyphen-data/hyph-fr.hyb
05-15 15:55:05.173 E/Hyphenator( 1325): java.io.FileNotFoundException: /system/usr/hyphen-data/hyph-fr.hyb: open failed: ENOENT (No such file or directory)
05-15 15:55:05.173 E/Hyphenator( 1325): 	at libcore.io.IoBridge.open(IoBridge.java:455)
05-15 15:55:05.173 E/Hyphenator( 1325): 	at java.io.RandomAccessFile.<init>(RandomAccessFile.java:247)
05-15 15:55:05.173 E/Hyphenator( 1325): 	at android.text.Hyphenator.loadHyphenator(Hyphenator.java:118)
05-15 15:55:05.173 E/Hyphenator( 1325): 	at android.text.Hyphenator.init(Hyphenator.java:224)
05-15 15:55:05.173 E/Hyphenator( 1325): 	at com.android.internal.os.ZygoteInit.preloadTextResources(ZygoteInit.java:252)
05-15 15:55:05.173 E/Hyphenator( 1325): 	at com.android.internal.os.ZygoteInit.preload(ZygoteInit.java:206)
05-15 15:55:05.173 E/Hyphenator( 1325): 	at com.android.internal.os.ZygoteInit.main(ZygoteInit.java:743)
05-15 15:55:05.173 E/Hyphenator( 1325): Caused by: android.system.ErrnoException: open failed: ENOENT (No such file or directory)
05-15 15:55:05.173 E/Hyphenator( 1325): 	at libcore.io.Posix.open(Native Method)
05-15 15:55:05.173 E/Hyphenator( 1325): 	at libcore.io.BlockGuardOs.open(BlockGuardOs.java:187)
05-15 15:55:05.173 E/Hyphenator( 1325): 	at libcore.io.IoBridge.open(IoBridge.java:441)
05-15 15:55:05.173 E/Hyphenator( 1325): 	... 6 more
05-15 15:55:05.174 E/Hyphenator( 1325): error loading hyphenation /system/usr/hyphen-data/hyph-ga.hyb
05-15 15:55:05.174 E/Hyphenator( 1325): java.io.FileNotFoundException: /system/usr/hyphen-data/hyph-ga.hyb: open failed: ENOENT (No such file or directory)
05-15 15:55:05.174 E/Hyphenator( 1325): 	at libcore.io.IoBridge.open(IoBridge.java:455)
05-15 15:55:05.174 E/Hyphenator( 1325): 	at java.io.RandomAccessFile.<init>(RandomAccessFile.java:247)
05-15 15:55:05.174 E/Hyphenator( 1325): 	at android.text.Hyphenator.loadHyphenator(Hyphenator.java:118)
05-15 15:55:05.174 E/Hyphenator( 1325): 	at android.text.Hyphenator.init(Hyphenator.java:224)
05-15 15:55:05.174 E/Hyphenator( 1325): 	at com.android.internal.os.ZygoteInit.preloadTextResources(ZygoteInit.java:252)
05-15 15:55:05.174 E/Hyphenator( 1325): 	at com.android.internal.os.ZygoteInit.preload(ZygoteInit.java:206)
05-15 15:55:05.174 E/Hyphenator( 1325): 	at com.android.internal.os.ZygoteInit.main(ZygoteInit.java:743)
