05-20 18:32:40.873 W/StatusBar( 1961): 	at com.android.internal.os.ZygoteInit$MethodAndArgsCaller.run(ZygoteInit.java:886)
05-20 18:32:40.873 W/StatusBar( 1961): 	at com.android.internal.os.ZygoteInit.main(ZygoteInit.java:776)
05-20 18:32:40.892 I/StatusBar( 1961): isKeyguardShowing() called before startKeyguard(), returning true
05-20 18:32:40.894 W/StatusBar( 1961): isKeyguardSecure() called before startKeyguard(), returning false
05-20 18:32:40.894 W/StatusBar( 1961): java.lang.Throwable
05-20 18:32:40.894 W/StatusBar( 1961): 	at com.android.systemui.statusbar.BaseStatusBar.isKeyguardSecure(BaseStatusBar.java:2647)
05-20 18:32:40.894 W/StatusBar( 1961): 	at com.android.systemui.statusbar.BaseStatusBar.isCameraAllowedByAdmin(BaseStatusBar.java:2670)
05-20 18:32:40.894 W/StatusBar( 1961): 	at com.android.systemui.statusbar.phone.KeyguardBottomAreaView.updateCameraVisibility(KeyguardBottomAreaView.java:309)
05-20 18:32:40.894 W/StatusBar( 1961): 	at com.android.systemui.statusbar.phone.KeyguardBottomAreaView.setUserSetupComplete(KeyguardBottomAreaView.java:281)
05-20 18:32:40.894 W/StatusBar( 1961): 	at com.android.systemui.statusbar.phone.PhoneStatusBar.makeStatusBarView(PhoneStatusBar.java:905)
05-20 18:32:40.894 W/StatusBar( 1961): 	at com.android.systemui.statusbar.phone.PhoneStatusBar.addStatusBarWindow(PhoneStatusBar.java:3432)
05-20 18:32:40.894 W/StatusBar( 1961): 	at com.android.systemui.statusbar.phone.PhoneStatusBar.createAndAddWindows(PhoneStatusBar.java:3428)
05-20 18:32:40.894 W/StatusBar( 1961): 	at com.android.systemui.statusbar.BaseStatusBar.start(BaseStatusBar.java:765)
05-20 18:32:40.894 W/StatusBar( 1961): 	at com.android.systemui.statusbar.phone.PhoneStatusBar.start(PhoneStatusBar.java:686)
05-20 18:32:40.894 W/StatusBar( 1961): 	at com.android.systemui.statusbar.SystemBars.createStatusBarFromConfig(SystemBars.java:106)
05-20 18:32:40.894 W/StatusBar( 1961): 	at com.android.systemui.statusbar.SystemBars.onNoService(SystemBars.java:58)
05-20 18:32:40.894 W/StatusBar( 1961): 	at com.android.systemui.statusbar.ServiceMonitor.startService(ServiceMonitor.java:230)
05-20 18:32:40.894 W/StatusBar( 1961): 	at com.android.systemui.statusbar.ServiceMonitor.-wrap5(ServiceMonitor.java)
05-20 18:32:40.894 W/StatusBar( 1961): 	at com.android.systemui.statusbar.ServiceMonitor$1.handleMessage(ServiceMonitor.java:73)
05-20 18:32:40.894 W/StatusBar( 1961): 	at android.os.Handler.dispatchMessage(Handler.java:102)
05-20 18:32:40.894 W/StatusBar( 1961): 	at android.os.Looper.loop(Looper.java:154)
05-20 18:32:40.894 W/StatusBar( 1961): 	at android.app.ActivityThread.main(ActivityThread.java:6119)
05-20 18:32:40.894 W/StatusBar( 1961): 	at java.lang.reflect.Method.invoke(Native Method)
05-20 18:32:40.894 W/StatusBar( 1961): 	at com.android.internal.os.ZygoteInit$MethodAndArgsCaller.run(ZygoteInit.java:886)
05-20 18:32:40.894 W/StatusBar( 1961): 	at com.android.internal.os.ZygoteInit.main(ZygoteInit.java:776)
05-20 18:32:41.411 V/EmulatedCamera_Camera( 1327): getCameraInfo
05-20 18:32:41.411 V/EmulatedCamera_BaseCamera( 1327): getCameraInfo
05-20 18:32:41.413 V/EmulatedCamera_Camera( 1327): getCameraInfo
05-20 18:32:41.413 V/EmulatedCamera_BaseCamera( 1327): getCameraInfo
05-20 18:32:42.052 I/StatusBar( 1961): isKeyguardShowing() called before startKeyguard(), returning true
05-20 18:32:42.055 W/StatusBar( 1961): isKeyguardSecure() called before startKeyguard(), returning false
05-20 18:32:42.055 W/StatusBar( 1961): java.lang.Throwable
05-20 18:32:42.055 W/StatusBar( 1961): 	at com.android.systemui.statusbar.BaseStatusBar.isKeyguardSecure(BaseStatusBar.java:2647)
05-20 18:32:42.055 W/StatusBar( 1961): 	at com.android.systemui.statusbar.BaseStatusBar.isCameraAllowedByAdmin(BaseStatusBar.java:2670)
05-20 18:32:42.055 W/StatusBar( 1961): 	at com.android.systemui.statusbar.phone.KeyguardBottomAreaView.updateCameraVisibility(KeyguardBottomAreaView.java:309)
05-20 18:32:42.055 W/StatusBar( 1961): 	at com.android.systemui.statusbar.phone.KeyguardBottomAreaView.setUserSetupComplete(KeyguardBottomAreaView.java:281)
05-20 18:32:42.055 W/StatusBar( 1961): 	at com.android.systemui.statusbar.phone.PhoneStatusBar$1.onChange(PhoneStatusBar.java:441)
05-20 18:32:42.055 W/StatusBar( 1961): 	at com.android.systemui.statusbar.phone.PhoneStatusBar.resetUserSetupObserver(PhoneStatusBar.java:3676)
05-20 18:32:42.055 W/StatusBar( 1961): 	at com.android.systemui.statusbar.phone.PhoneStatusBar.makeStatusBarView(PhoneStatusBar.java:1008)
05-20 18:32:42.055 W/StatusBar( 1961): 	at com.android.systemui.statusbar.phone.PhoneStatusBar.addStatusBarWindow(PhoneStatusBar.java:3432)
05-20 18:32:42.055 W/StatusBar( 1961): 	at com.android.systemui.statusbar.phone.PhoneStatusBar.createAndAddWindows(PhoneStatusBar.java:3428)
05-20 18:32:42.055 W/StatusBar( 1961): 	at com.android.systemui.statusbar.BaseStatusBar.start(BaseStatusBar.java:765)
05-20 18:32:42.055 W/StatusBar( 1961): 	at com.android.systemui.statusbar.phone.PhoneStatusBar.start(PhoneStatusBar.java:686)
05-20 18:32:42.055 W/StatusBar( 1961): 	at com.android.systemui.statusbar.SystemBars.createStatusBarFromConfig(SystemBars.java:106)
05-20 18:32:42.055 W/StatusBar( 1961): 	at com.android.systemui.statusbar.SystemBars.onNoService(SystemBars.java:58)
05-20 18:32:42.055 W/StatusBar( 1961): 	at com.android.systemui.statusbar.ServiceMonitor.startService(ServiceMonitor.java:230)
05-20 18:32:42.055 W/StatusBar( 1961): 	at com.android.systemui.statusbar.ServiceMonitor.-wrap5(ServiceMonitor.java)
05-20 18:32:42.055 W/StatusBar( 1961): 	at com.android.systemui.statusbar.ServiceMonitor$1.handleMessage(ServiceMonitor.java:73)
05-20 18:32:42.055 W/StatusBar( 1961): 	at android.os.Handler.dispatchMessage(Handler.java:102)
05-20 18:32:42.055 W/StatusBar( 1961): 	at android.os.Looper.loop(Looper.java:154)
05-20 18:32:42.055 W/StatusBar( 1961): 	at android.app.ActivityThread.main(ActivityThread.java:6119)
05-20 18:32:42.055 W/StatusBar( 1961): 	at java.lang.reflect.Method.invoke(Native Method)
05-20 18:32:42.055 W/StatusBar( 1961): 	at com.android.internal.os.ZygoteInit$MethodAndArgsCaller.run(ZygoteInit.java:886)
05-20 18:32:42.055 W/StatusBar( 1961): 	at com.android.internal.os.ZygoteInit.main(ZygoteInit.java:776)
05-20 18:32:42.102 E/SurfaceFlinger( 1321): ro.sf.lcd_density must be defined as a build property
05-20 18:32:42.120 D/OpenGLRenderer( 1961): profile bars disabled
05-20 18:32:42.122 D/OpenGLRenderer( 1961): ambientRatio = 1.50
05-20 18:32:42.223 D/PhoneStatusBar( 1961): disable: < EXPAND* icons alerts system_info BACK* HOME* RECENT* clock SEARCH* quick_settings >
05-20 18:32:42.952 E/ActivityManager( 1673): ANR in system
05-20 18:32:42.952 E/ActivityManager( 1673): PID: 1673
05-20 18:32:42.952 E/ActivityManager( 1673): Reason: executing service com.android.server.telecom/.components.TelecomService
05-20 18:32:42.952 E/ActivityManager( 1673): Load: 11.09 / 4.4 / 1.65
05-20 18:32:42.952 E/ActivityManager( 1673): CPU usage from 2912ms to -25352ms ago (2021-05-20 18:32:14.470 to 2021-05-20 18:32:42.718):
05-20 18:32:42.952 E/ActivityManager( 1673):   64% 1321/surfaceflinger: 29% user + 34% kernel / faults: 84 minor
05-20 18:32:42.952 E/ActivityManager( 1673):   40% 1374/bootanimation: 17% user + 23% kernel
05-20 18:32:42.952 E/ActivityManager( 1673):   22% 1673/system_server: 7.1% user + 15% kernel / faults: 4080 minor 38 major
05-20 18:32:42.952 E/ActivityManager( 1673):   11% 1961/com.android.systemui: 3.9% user + 7.5% kernel / faults: 4644 minor 21 major
05-20 18:32:42.952 E/ActivityManager( 1673):   10% 1331/media.codec: 4.5% user + 6% kernel / faults: 6078 minor 13 major
05-20 18:32:42.952 E/ActivityManager( 1673):   2.4% 8/rcu_preempt: 0% user + 2.4% kernel
05-20 18:32:42.952 E/ActivityManager( 1673):   2.3% 1323/adbd: 0.4% user + 1.8% kernel / faults: 1262 minor
05-20 18:32:42.952 E/ActivityManager( 1673):   1.3% 1337/mediaserver: 0.2% user + 1.1% kernel / faults: 206 minor 1 major
05-20 18:32:42.952 E/ActivityManager( 1673):   1% 1320/servicemanager: 0.2% user + 0.8% kernel
05-20 18:32:42.952 E/ActivityManager( 1673):   0.8% 1336/media.extractor: 0% user + 0.7% kernel / faults: 112 minor
05-20 18:32:42.952 E/ActivityManager( 1673):   0.7% 1950/com.android.inputmethod.latin: 0.1% user + 0.5% kernel / faults: 369 minor
05-20 18:32:42.952 E/ActivityManager( 1673):   0.1% 1276/debuggerd64: 0% user + 0.1% kernel / faults: 100 minor
05-20 18:32:42.952 E/ActivityManager( 1673):   0.1% 1327/cameraserver: 0% user + 0.1% kernel / faults: 166 minor
05-20 18:32:42.952 E/ActivityManager( 1673):   0.4% 1267/logd: 0% user + 0.4% kernel / faults: 33 minor
05-20 18:32:42.952 E/ActivityManager( 1673):   0.1% 1275/debuggerd: 0% user + 0% kernel / faults: 181 minor
05-20 18:32:42.952 E/ActivityManager( 1673):   0.3% 1324/zygote64: 0% user + 0.2% kernel / faults: 291 minor
05-20 18:32:42.952 E/ActivityManager( 1673):   0.3% 1326/audioserver: 0% user + 0.3% kernel / faults: 37 minor
05-20 18:32:42.952 E/ActivityManager( 1673):   0.3% 1255/kworker/0:1H: 0% user + 0.3% kernel
05-20 18:32:42.952 E/ActivityManager( 1673):   0.2% 17/kworker/u4:1: 0% user + 0.2% kernel
05-20 18:32:42.952 E/ActivityManager( 1673):   0.2% 1265/jbd2/vdc-8: 0% user + 0.2% kernel
05-20 18:32:42.952 E/ActivityManager( 1673):   0% 1339/rild: 0% user + 0% kernel / faults: 6 minor
05-20 18:32:42.952 E/ActivityManager( 1673):   0.1% 1338/netd: 0% user + 0.1% kernel / faults: 53 minor
05-20 18:32:42.952 E/ActivityManager( 1673):   0.1% 1353/logcat: 0% user + 0.1% kernel
05-20 18:32:42.952 E/ActivityManager( 1673):   0% 1//init: 0% user + 0% kernel / faults: 1 minor
05-20 18:32:42.952 E/ActivityManager( 1673):   0.1% 3/ksoftirqd/0: 0% user + 0.1% kernel
05-20 18:32:42.952 E/ActivityManager( 1673):   0.1% 12/ksoftirqd/1: 0% user + 0.1% kernel
05-20 18:32:42.952 E/ActivityManager( 1673):   0.1% 13/kworker/1:0: 0% user + 0.1% kernel
05-20 18:32:42.952 E/ActivityManager( 1673):   0% 673/kworker/0:1: 0% user + 0% kernel
05-20 18:32:42.952 E/ActivityManager( 1673):   0% 632/fsnotify_mark: 0% user + 0% kernel
05-20 18:32:42.952 E/ActivityManager( 1673):   0% 1319/lmkd: 0% user + 0% kernel
05-20 18:32:42.952 E/ActivityManager( 1673):   0% 1341/fingerprintd: 0% user + 0% kernel
05-20 18:32:42.952 E/ActivityManager( 1673):   0% 2018/sdcard: 0% user + 0% kernel / faults: 7 minor
05-20 18:32:42.952 E/ActivityManager( 1673):  +0% 2153/com.android.phone: 0% user + 0% kernel
05-20 18:32:42.952 E/ActivityManager( 1673):  +0% 2167/com.android.settings: 0% user + 0% kernel
05-20 18:32:42.952 E/ActivityManager( 1673):  +0% 2302/sh: 0% user + 0% kernel
05-20 18:32:42.952 E/ActivityManager( 1673):  +0% 2307/sh: 0% user + 0% kernel
05-20 18:32:42.952 E/ActivityManager( 1673): 100% TOTAL: 36% user + 63% kernel + 0.6% softirq
05-20 18:32:42.952 E/ActivityManager( 1673): CPU usage from 21842ms to 22934ms later (2021-05-20 18:32:39.209 to 2021-05-20 18:32:40.300):
05-20 18:32:42.952 E/ActivityManager( 1673):   101% 1321/surfaceflinger: 25% user + 75% kernel
05-20 18:32:42.952 E/ActivityManager( 1673):     46% 1321/surfaceflinger: 13% user + 33% kernel
05-20 18:32:42.952 E/ActivityManager( 1673):     27% 1370/EventThread: 3.9% user + 23% kernel
05-20 18:32:42.952 E/ActivityManager( 1673):     21% 1365/DispSync: 15% user + 6.2% kernel
05-20 18:32:42.952 E/ActivityManager( 1673):     2.6% 1367/POSIX timer 0: 0% user + 2.6% kernel
05-20 18:32:42.952 E/ActivityManager( 1673):     0.6% 1368/EventThread: 0% user + 0.6% kernel
05-20 18:32:42.952 E/ActivityManager( 1673):     0.6% 1490/Binder:1321_3: 0% user + 0.6% kernel
05-20 18:32:42.952 E/ActivityManager( 1673):     0.6% 1942/Binder:1321_4: 0% user + 0.6% kernel
05-20 18:32:42.952 E/ActivityManager( 1673):     0.3% 1363/Binder:1321_1: 0% user + 0.3% kernel
05-20 18:32:42.952 E/ActivityManager( 1673):     0.3% 1364/Binder:1321_2: 0% user + 0.3% kernel
05-20 18:32:42.952 E/ActivityManager( 1673):     0.3% 2257/Binder:1321_5: 0% user + 0.3% kernel
05-20 18:32:42.952 E/ActivityManager( 1673):   45% 1374/bootanimation: 11% user + 34% kernel
05-20 18:32:42.952 E/ActivityManager( 1673):     44% 1481/BootAnimation: 11% user + 33% kernel
05-20 18:32:42.952 E/ActivityManager( 1673):     0.7% 1478/Binder:1374_1: 0% user + 0.7% kernel
05-20 18:32:42.952 E/ActivityManager( 1673):     0.3% 1480/Binder:1374_3: 0% user + 0.3% kernel
05-20 18:32:42.952 E/ActivityManager( 1673):   11% 1961/com.android.systemui: 0% user + 11% kernel / faults: 547 minor
05-20 18:32:42.952 E/ActivityManager( 1673):     10% 1961/ndroid.systemui: 0% user + 10% kernel
05-20 18:32:42.952 E/ActivityManager( 1673):    +0% 2303/AsyncTask #1: 0% user + 0% kernel
05-20 18:32:42.952 E/ActivityManager( 1673):    +0% 2304/QSTileHost: 0% user + 0% kernel
05-20 18:32:42.952 E/ActivityManager( 1673):    +0% 2305/RenderThread: 0% user + 0% kernel
05-20 18:32:42.952 E/ActivityManager( 1673):   12% 2167/com.android.settings: 0% user + 12% kernel / faults: 82 minor
05-20 18:32:42.952 E/ActivityManager( 1673):     11% 2167/ndroid.settings: 0.3% user + 10% kernel
05-20 18:32:42.952 E/ActivityManager( 1673):     1% 2174/Jit thread pool: 0% user + 1% kernel
05-20 18:32:42.952 E/ActivityManager( 1673):     0.3% 2183/Binder:2167_2: 0% user + 0.3% kernel
05-20 18:32:42.952 E/ActivityManager( 1673):   11% 1673/system_server: 0.7% user + 10% kernel / faults: 224 minor
05-20 18:32:42.952 E/ActivityManager( 1673):     2.4% 1705/ActivityManager: 0.7% user + 1.7% kernel
05-20 18:32:42.952 E/ActivityManager( 1673):     1.7% 2222/Binder:1673_7: 0% user + 1.7% kernel
05-20 18:32:42.952 E/ActivityManager( 1673):     1.4% 1691/Binder:1673_1: 0% user + 1.4% kernel
05-20 18:32:42.952 E/ActivityManager( 1673):     1% 1692/Binder:1673_2: 0% user + 1% kernel
05-20 18:32:42.952 E/ActivityManager( 1673):     1% 1982/Binder:1673_3: 0.3% user + 0.7% kernel
05-20 18:32:42.952 E/ActivityManager( 1673):     1% 1985/Binder:1673_4: 0% user + 1% kernel
05-20 18:32:42.952 E/ActivityManager( 1673):     1% 2034/Binder:1673_5: 0.3% user + 0.7% kernel
05-20 18:32:42.952 E/ActivityManager( 1673):     1% 2120/Binde
05-20 18:32:43.606 W/art     ( 1673): Long monitor contention with owner ActivityManager (1705) at void com.android.server.am.BroadcastQueue.processNextBroadcast(boolean)(BroadcastQueue.java:760) waiters=1 in android.content.pm.UserInfo com.android.server.am.UserController.getCurrentUser() for 385ms
05-20 18:32:43.607 W/art     ( 1673): Long monitor contention with owner ActivityManager (1705) at void com.android.server.am.BroadcastQueue.processNextBroadcast(boolean)(BroadcastQueue.java:760) waiters=1 in android.content.Intent com.android.server.am.ActivityManagerService.registerReceiver(android.app.IApplicationThread, java.lang.String, android.content.IIntentReceiver, android.content.IntentFilter, java.lang.String, int) for 382ms
05-20 18:32:43.617 W/art     ( 1673): Long monitor contention with owner ActivityManager (1705) at void com.android.server.am.BroadcastQueue.processNextBroadcast(boolean)(BroadcastQueue.java:760) waiters=2 in void com.android.server.am.ActivityManagerService.updateLockTaskPackages(int, java.lang.String[]) for 219ms
05-20 18:32:44.086 V/KeyguardServiceDelegate( 1673): *** Keyguard started
05-20 18:32:44.138 D/AccessibilityManagerService( 1673): Ignoring non-encryption-aware service ComponentInfo{com.example.android.apis/com.example.android.apis.accessibility.ClockBackService}
05-20 18:32:44.138 D/AccessibilityManagerService( 1673): Ignoring non-encryption-aware service ComponentInfo{com.example.android.apis/com.example.android.apis.accessibility.MagnificationService}
05-20 18:32:44.138 D/AccessibilityManagerService( 1673): Ignoring non-encryption-aware service ComponentInfo{com.example.android.apis/com.example.android.apis.accessibility.TaskBackService}
05-20 18:32:44.194 W/KeyguardServiceDelegate( 1673): onScreenTurningOn(): no keyguard service!
05-20 18:32:44.392 D/PhoneStatusBar( 1961): heads up is enabled
05-20 18:32:44.421 W/VibratorService( 1673): Tried to stop vibrating but there is no vibrator device.
05-20 18:32:44.453 W/art     ( 1673): Long monitor contention with owner ActivityManager (1705) at int com.android.server.am.ActivityManagerService.bindService(android.app.IApplicationThread, android.os.IBinder, android.content.Intent, java.lang.String, android.app.IServiceConnection, int, java.lang.String, int)(ActivityManagerService.java:17301) waiters=0 in boolean com.android.server.am.ActivityManagerService.isUserRunning(int, int) for 512ms
05-20 18:32:44.687 W/art     ( 1673): Long monitor contention with owner android.display (1721) at void com.android.server.wm.WindowAnimator$1.doFrame(long)(WindowAnimator.java:144) waiters=0 in void com.android.server.wm.WindowManagerService.performEnableScreen() for 211ms
05-20 18:32:44.692 D/ConditionProviders.SCP( 1673): onReceive android.intent.action.TIME_SET
05-20 18:32:44.694 D/ConditionProviders.SCP( 1673): notifyCondition condition://android/schedule?days=6.7&start=23.30&end=10.0&exitAtAlarm=false STATE_FALSE reason=!meetsSchedule
05-20 18:32:44.758 I/Choreographer( 1673): Skipped 32 frames!  The application may be doing too much work on its main thread.
05-20 18:32:44.764 D/ConditionProviders.SCP( 1673): notifyCondition condition://android/schedule?days=1.2.3.4.5&start=22.0&end=7.0&exitAtAlarm=false STATE_FALSE reason=!meetsSchedule
05-20 18:32:45.124 W/art     ( 1673): Long monitor contention with owner AsyncTask #2 (2075) at boolean com.android.server.am.ActivityManagerService.isUserRunning(int, int)(ActivityManagerService.java:21741) waiters=0 in java.lang.String com.android.server.am.ActivityManagerService.checkContentProviderAccess(java.lang.String, int) for 387ms
05-20 18:32:45.256 D/ConditionProviders.SCP( 1673): Scheduling evaluate for Thu May 20 22:00:00 UTC 2021 (1621548000000), in +3h27m15s308ms, now=Thu May 20 18:32:44 UTC 2021 (1621535564692)
05-20 18:32:45.836 W/WindowManager( 1673): Window freeze timeout expired.
05-20 18:32:45.837 W/WindowManager( 1673): Force clearing orientation change: Window{910066b u0 KeyguardScrim}
05-20 18:32:45.837 W/WindowManager( 1673): Force clearing orientation change: Window{69f9f87 u0 Application Not Responding: system}
05-20 18:32:45.942 W/ActivityManager( 1673): Slow operation: 384ms so far, now at startProcess: returned from zygote!
05-20 18:32:45.942 W/ActivityManager( 1673): Slow operation: 385ms so far, now at startProcess: done updating battery stats
05-20 18:32:45.943 W/ActivityManager( 1673): Slow operation: 385ms so far, now at startProcess: building log message
05-20 18:32:45.943 I/ActivityManager( 1673): Start proc 2328:com.android.cellbroadcastreceiver/u0a4 for broadcast com.android.cellbroadcastreceiver/.CellBroadcastReceiver
05-20 18:32:45.943 W/ActivityManager( 1673): Slow operation: 386ms so far, now at startProcess: starting to update pids map
05-20 18:32:45.944 W/ActivityManager( 1673): Slow operation: 386ms so far, now at startProcess: done updating pids map
05-20 18:32:45.944 W/ActivityManager( 1673): Slow operation: 388ms so far, now at startProcess: done starting proc!
05-20 18:32:45.951 W/art     ( 1673): Long monitor contention with owner main (1673) at void com.android.server.am.BroadcastQueue.processNextBroadcast(boolean)(BroadcastQueue.java:760) waiters=0 in com.android.server.am.ProcessRecord com.android.server.am.ActivityManagerService.findAppProcess(android.os.IBinder, java.lang.String) for 364ms
05-20 18:32:46.058 I/art     ( 1673): Background sticky concurrent mark sweep GC freed 24219(1558KB) AllocSpace objects, 5(820KB) LOS objects, 6% free, 12MB/13MB, paused 171.730ms total 2.580s
05-20 18:32:46.106 W/art     ( 2328): Unexpected CPU variant for X86 using defaults: x86_64
05-20 18:32:46.425 W/art     ( 1673): Long monitor contention with owner main (1673) at void com.android.server.pm.UserManagerService$MainHandler.handleMessage(android.os.Message)(UserManagerService.java:3290) waiters=0 in android.content.pm.PackageInfo com.android.server.pm.PackageManagerService.getPackageInfo(java.lang.String, int, int) for 109ms
05-20 18:32:46.501 I/Choreographer( 1673): Skipped 104 frames!  The application may be doing too much work on its main thread.
05-20 18:32:47.073 W/WindowManager( 1673): Keyguard drawn timeout. Setting mKeyguardDrawComplete
05-20 18:32:47.337 I/art     ( 1961): Background partial concurrent mark sweep GC freed 9405(1428KB) AllocSpace objects, 3(60KB) LOS objects, 23% free, 12MB/16MB, paused 1.604ms total 229.019ms
05-20 18:32:47.492 I/art     ( 1673): Background partial concurrent mark sweep GC freed 6994(623KB) AllocSpace objects, 11(2MB) LOS objects, 30% free, 9MB/13MB, paused 48.212ms total 1.059s
05-20 18:32:47.806 I/Choreographer( 1961): Skipped 717 frames!  The application may be doing too much work on its main thread.
05-20 18:32:47.825 I/SurfaceFlinger( 1321): Boot is finished (160185 ms)
05-20 18:32:48.156 D/ViewRootImpl[StatusBar]( 1961): changeCanvasOpacity: opaque=true
05-20 18:32:48.336 I/SystemServiceManager( 1673): Starting phase 1000
05-20 18:32:48.513 W/ActivityManager( 1673): Slow operation: 138ms so far, now at startProcess: returned from zygote!
05-20 18:32:48.514 W/ActivityManager( 1673): Slow operation: 138ms so far, now at startProcess: done updating battery stats
05-20 18:32:48.514 W/ActivityManager( 1673): Slow operation: 139ms so far, now at startProcess: building log message
05-20 18:32:48.514 I/ActivityManager( 1673): Start proc 2354:android.ext.services/u0a12 for on-hold
05-20 18:32:48.525 W/ActivityManager( 1673): Slow operation: 149ms so far, now at startProcess: starting to update pids map
05-20 18:32:48.525 W/ActivityManager( 1673): Slow operation: 149ms so far, now at startProcess: done updating pids map
05-20 18:32:48.535 D/ActivityManager( 1673): Finishing user boot 0
05-20 18:32:48.543 D/CryptdConnector( 1673): SND -> {3 cryptfs prepare_user_storage ! 0 0 2}
05-20 18:32:48.594 W/art     ( 2354): Unexpected CPU variant for X86 using defaults: x86_64
05-20 18:32:48.600 D/vold    ( 1277): e4crypt_prepare_user_storage for volume null, user 0, serial 0, flags 2
05-20 18:32:48.601 D/vold    ( 1277): Preparing: /data/system_ce/0
05-20 18:32:48.602 D/vold    ( 1277): Preparing: /data/misc_ce/0
05-20 18:32:48.602 D/vold    ( 1277): Preparing: /data/media/0
05-20 18:32:48.602 D/vold    ( 1277): Preparing: /data/data
05-20 18:32:48.705 D/CryptdConnector( 1673): RCV <- {200 3 Command succeeded}
05-20 18:32:48.758 V/UserManagerService( 1673): Found /data/user/0 with serial number 0
05-20 18:32:48.759 V/UserManagerService( 1673): Found /data/system_ce/0 with serial number 0
05-20 18:32:48.760 V/PackageManager( 1673): reconcileAppsData for null u0 0x2
05-20 18:32:49.429 W/System  ( 2328): ClassLoader referenced unknown path: /system/priv-app/CellBroadcastReceiver/lib/x86_64
05-20 18:32:52.009 V/PackageManager( 1673): reconcileAppsData finished 82 packages
05-20 18:32:52.023 W/art     ( 1673): Long monitor contention with owner android.display (1721) at void com.android.server.am.ActivityManagerService.finishBooting()(ActivityManagerService.java:6823) waiters=0 in android.content.pm.UserInfo com.android.server.am.UserController.getCurrentUser() for 3.641s
05-20 18:32:52.048 W/art     ( 1673): Long monitor contention with owner android.display (1721) at void com.android.server.am.ActivityManagerService.finishBooting()(ActivityManagerService.java:6823) waiters=1 in void com.android.server.am.BroadcastQueue.processNextBroadcast(boolean) for 3.509s
05-20 18:32:52.055 W/art     ( 1673): Long monitor contention with owner android.display (1721) at void com.android.server.am.ActivityManagerService.finishBooting()(ActivityManagerService.java:6823) waiters=2 in void com.android.server.am.ActivityManagerService.attachApplication(android.app.IApplicationThread) for 3.224s
05-20 18:32:52.059 D/MountService( 1673): onUnlockUser 0
05-20 18:32:52.060 D/VoldConnector( 1673): SND -> {7 volume user_started 0}
05-20 18:32:52.160 D/vold    ( 1277): Linking /storage/emulated/0 to /mnt/user/0/primary
05-20 18:32:52.163 D/VoldConnector( 1673): RCV <- {200 7 Command succeeded}
05-20 18:32:52.173 D/MountService( 1673): Volume public:253,48 broadcasting mounted to UserHandle{0}
05-20 18:32:52.198 W/art     ( 1673): Long monitor contention with owner android.display (1721) at void com.android.server.am.ActivityManagerService.finishBooting()(ActivityManagerService.java:6823) waiters=3 in void com.android.server.am.ActivityManagerService$3.handleMessage(android.os.Message) for 3.297s
05-20 18:32:52.268 W/art     ( 1673): Long monitor contention with owner android.display (1721) at void com.android.server.am.ActivityManagerService.finishBooting()(ActivityManagerService.java:6823) waiters=5 in android.content.pm.UserInfo com.android.server.am.UserController.getCurrentUser() for 3.176s
05-20 18:32:52.269 W/art     ( 1673): Long monitor contention with owner android.display (1721) at void com.android.server.am.ActivityManagerService.finishBooting()(ActivityManagerService.java:6823) waiters=6 in int com.android.server.am.ActivityManagerService.broadcastIntent(android.app.IApplicationThread, android.content.Intent, java.lang.String, android.content.IIntentReceiver, int, java.lang.String, android.os.Bundle, java.lang.String[], int, android.os.Bundle, boolean, boolean, int) for 1.425s
05-20 18:32:52.273 W/art     ( 1673): Long monitor contention with owner android.display (1721) at void com.android.server.am.ActivityManagerService.finishBooting()(ActivityManagerService.java:6823) waiters=7 in void com.android.server.am.ActivityManagerService.publishContentProviders(android.app.IApplicationThread, java.util.List) for 457ms
05-20 18:32:52.325 W/art     ( 1673): Long monitor contention with owner android.display (1721) at void com.android.server.am.ActivityManagerService.finishBooting()(ActivityManagerService.java:6823) waiters=4 in android.content.pm.UserInfo com.android.server.am.UserController.getCurrentUser() for 3.187s
05-20 18:32:52.453 W/art     ( 1673): Long monitor contention with owner Binder:1673_1 (1691) at void com.android.server.am.ActivityManagerService.attachApplication(android.app.IApplicationThread)(ActivityManagerService.java:6669) waiters=7 in int com.android.server.am.ActivityManagerService.broadcastIntent(android.app.IApplicationThread, android.content.Intent, java.lang.String, android.content.IIntentReceiver, int, java.lang.String, android.os.Bundle, java.lang.String[], int, android.os.Bundle, boolean, boolean, int) for 259ms
05-20 18:32:52.454 W/art     ( 1673): Long monitor contention with owner Binder:1673_3 (1982) at void com.android.server.am.ActivityManagerService.publishContentProviders(android.app.IApplicationThread, java.util.List)(ActivityManagerService.java:11160) waiters=5 in boolean com.android.server.am.ActivityManagerService.isUserRunning(int, int) for 161ms
05-20 18:32:52.509 D/MountService( 1673): Volume emulated broadcasting mounted to UserHandle{0}
05-20 18:32:52.580 W/art     ( 1673): Long monitor contention with owner Binder:1673_1 (1691) at void com.android.server.am.ActivityManagerService.attachApplication(android.app.IApplicationThread)(ActivityManagerService.java:6669) waiters=7 in void com.android.server.am.ActivityManagerService$3.handleMessage(android.os.Message) for 382ms
05-20 18:32:52.859 W/System  ( 2354): ClassLoader referenced unknown path: /system/priv-app/ExtServices/lib/x86_64
05-20 18:32:53.043 V/BackupManagerService( 1673): No ancestral data
05-20 18:32:53.398 V/BackupManagerService( 1673): Starting with transport android/com.android.internal.backup.LocalTransport
05-20 18:32:53.398 V/BackupManagerService( 1673): Found transports: 1
05-20 18:32:53.399 W/BackupManagerService( 1673): Proposed transport ComponentInfo{android/com.android.internal.backup.LocalTransportService} not whitelisted; ignoring
05-20 18:32:53.404 I/BackupManagerService( 1673): Backup enabled => false
05-20 18:32:53.932 I/InputAttributes( 1950): InputType.TYPE_NULL is specified
05-20 18:32:54.063 V/KeyValueBackupJob( 1673): Scheduling k/v pass in 247 minutes
05-20 18:32:54.603 W/ActivityManager( 1673): Slow operation: 162ms so far, now at startProcess: returned from zygote!
05-20 18:32:54.603 W/ActivityManager( 1673): Slow operation: 162ms so far, now at startProcess: done updating battery stats
05-20 18:32:54.604 W/ActivityManager( 1673): Slow operation: 163ms so far, now at startProcess: building log message
05-20 18:32:54.604 I/ActivityManager( 1673): Start proc 2379:android.process.acore/u0a1 for content provider com.android.providers.contacts/.ContactsProvider2
05-20 18:32:54.604 W/ActivityManager( 1673): Slow operation: 163ms so far, now at startProcess: starting to update pids map
05-20 18:32:54.605 W/ActivityManager( 1673): Slow operation: 165ms so far, now at startProcess: done updating pids map
05-20 18:32:54.605 W/ActivityManager( 1673): Slow operation: 178ms so far, now at startProcess: done starting proc!
05-20 18:32:54.605 W/ActivityManager( 1673): Slow operation: 223ms so far, now at getContentProviderImpl: after start process
05-20 18:32:54.606 W/ActivityManager( 1673): Slow operation: 223ms so far, now at getContentProviderImpl: updating data structures
05-20 18:32:54.606 W/ActivityManager( 1673): Slow operation: 224ms so far, now at getContentProviderImpl: done!
05-20 18:32:54.609 W/VoiceInteractionManagerService( 1673): no available voice interaction services found for user 0
05-20 18:32:54.609 W/VoiceInteractionManagerService( 1673): no available voice recognition services found for user 0
05-20 18:32:54.612 W/art     ( 1673): Long monitor contention with owner Binder:1673_4 (1985) at android.app.IActivityManager$ContentProviderHolder com.android.server.am.ActivityManagerService.getContentProviderImpl(android.app.IApplicationThread, java.lang.String, android.os.IBinder, boolean, int)(ActivityManagerService.java:10666) waiters=2 in void com.android.server.am.ActivityManagerService.dispatchUidsChanged() for 167ms
05-20 18:32:54.612 W/art     ( 1673): Long monitor contention with owner Binder:1673_4 (1985) at android.app.IActivityManager$ContentProviderHolder com.android.server.am.ActivityManagerService.getContentProviderImpl(android.app.IApplicationThread, java.lang.String, android.os.IBinder, boolean, int)(ActivityManagerService.java:10666) waiters=3 in android.content.Intent com.android.server.am.ActivityManagerService.registerReceiver(android.app.IApplicationThread, java.lang.String, android.content.IIntentReceiver, android.content.IntentFilter, java.lang.String, int) for 160ms
05-20 18:32:54.645 I/ActivityManager( 1673): Loading recents for user 0 into memory.
05-20 18:32:54.745 D/ActivityManager( 1673): Sending BOOT_COMPLETE user #0
05-20 18:32:55.572 W/ifconfig( 2375): type=1400 audit(0.0:10): avc: denied { ioctl } for path="socket:[13110]" dev="sockfs" ino=13110 ioctlcmd=8927 scontext=u:r:shell:s0 tcontext=u:r:shell:s0 tclass=udp_socket permissive=0
05-20 18:32:55.622 W/ifconfig( 2375): type=1400 audit(0.0:11): avc: denied { ioctl } for path="socket:[13110]" dev="sockfs" ino=13110 ioctlcmd=891d scontext=u:r:shell:s0 tcontext=u:r:shell:s0 tclass=udp_socket permissive=0
05-20 18:32:55.622 W/ifconfig( 2375): type=1400 audit(0.0:12): avc: denied { ioctl } for path="socket:[13110]" dev="sockfs" ino=13110 ioctlcmd=8970 scontext=u:r:shell:s0 tcontext=u:r:shell:s0 tclass=udp_socket permissive=0
05-20 18:32:55.042 D/FallbackHome( 2167): User unlocked and real home found; let's go!
05-20 18:32:55.081 W/art     ( 2379): Unexpected CPU variant for X86 using defaults: x86_64
05-20 18:32:55.197 D/CarrierSvcBindHelper( 2153): Received android.intent.action.USER_UNLOCKED
05-20 18:32:55.199 E/PhoneInterfaceManager( 2153): [PhoneIntfMgr] getCarrierPackageNamesForIntent: No UICC
05-20 18:32:55.199 D/CarrierSvcBindHelper( 2153): No carrier app for: 0
05-20 18:32:55.241 I/ActivityManager( 1673): START u0 {act=android.intent.action.MAIN cat=[android.intent.category.HOME] flg=0x10000100 cmp=com.android.launcher3/.Launcher} from uid 0 on display 0
05-20 18:32:55.815 W/art     ( 2407): Unexpected CPU variant for X86 using defaults: x86_64
05-20 18:32:55.847 W/ActivityManager( 1673): Slow operation: 283ms so far, now at startProcess: returned from zygote!
05-20 18:32:55.847 W/ActivityManager( 1673): Slow operation: 283ms so far, now at startProcess: done updating battery stats
05-20 18:32:55.847 W/ActivityManager( 1673): Slow operation: 284ms so far, now at startProcess: building log message
05-20 18:32:55.847 I/ActivityManager( 1673): Start proc 2407:com.android.launcher3/u0a42 for activity com.android.launcher3/.Launcher
05-20 18:32:55.847 W/ActivityManager( 1673): Slow operation: 284ms so far, now at startProcess: starting to update pids map
05-20 18:32:55.848 W/ActivityManager( 1673): Slow operation: 284ms so far, now at startProcess: done updating pids map
05-20 18:32:55.848 W/ActivityManager( 1673): Slow operation: 284ms so far, now at startProcess: done starting proc!
05-20 18:32:55.860 W/art     ( 1673): Long monitor contention with owner Binder:1673_7 (2222) at void com.android.server.am.ActivityManagerService.activityPaused(android.os.IBinder)(ActivityManagerService.java:6916) waiters=0 in android.content.Intent com.android.server.am.ActivityManagerService.registerReceiver(android.app.IApplicationThread, java.lang.String, android.content.IIntentReceiver, android.content.IntentFilter, java.lang.String, int) for 445ms
05-20 18:32:55.862 I/Choreographer( 2167): Skipped 37 frames!  The application may be doing too much work on its main thread.
05-20 18:32:55.969 W/art     ( 1673): Long monitor contention with owner Binder:1673_7 (2222) at void com.android.server.am.ActivityManagerService.activityPaused(android.os.IBinder)(ActivityManagerService.java:6916) waiters=2 in java.lang.String com.android.server.am.ActivityManagerService.checkContentProviderAccess(java.lang.String, int) for 450ms
05-20 18:32:55.970 W/art     ( 1673): Long monitor contention with owner Binder:1673_7 (2222) at void com.android.server.am.ActivityManagerService.activityPaused(android.os.IBinder)(ActivityManagerService.java:6916) waiters=3 in void com.android.server.am.ActivityManagerService$MainHandler.handleMessage(android.os.Message) for 446ms
05-20 18:32:55.972 W/art     ( 1673): Long monitor contention with owner Binder:1673_7 (2222) at void com.android.server.am.ActivityManagerService.activityPaused(android.os.IBinder)(ActivityManagerService.java:6916) waiters=4 in void com.android.server.am.ActivityManagerService.dispatchUidsChanged() for 407ms
05-20 18:32:56.075 I/AccountManagerService( 1673): User 0 is unlocked - opening CE database
05-20 18:32:56.208 W/art     ( 1673): Long monitor contention with owner Binder:1673_7 (2222) at void com.android.server.am.ActivityManagerService.activityPaused(android.os.IBinder)(ActivityManagerService.java:6916) waiters=5 in android.content.pm.UserInfo com.android.server.am.UserController.getCurrentUser() for 614ms
05-20 18:32:56.209 W/art     ( 1673): Long monitor contention with owner Binder:1673_7 (2222) at void com.android.server.am.ActivityManagerService.activityPaused(android.os.IBinder)(ActivityManagerService.java:6916) waiters=6 in com.android.server.am.ProcessRecord com.android.server.am.ActivityManagerService.findAppProcess(android.os.IBinder, java.lang.String) for 563ms
05-20 18:32:56.211 W/art     ( 1673): Long monitor contention with owner ActivityManager (1705) at void com.android.server.am.ActivityStackSupervisor$ActivityStackSupervisorHandler.handleMessage(android.os.Message)(ActivityStackSupervisor.java:3910) waiters=4 in void com.android.server.am.ActivityManagerService.dispatchUidsChanged() for 239ms
05-20 18:32:56.214 W/art     ( 1673): Long monitor contention with owner ActivityManager (1705) at void com.android.server.am.ActivityStackSupervisor$ActivityStackSupervisorHandler.handleMessage(android.os.Message)(ActivityStackSupervisor.java:3910) waiters=5 in android.content.Intent com.android.server.am.ActivityManagerService.registerReceiver(android.app.IApplicationThread, java.lang.String, android.content.IIntentReceiver, android.content.IntentFilter, java.lang.String, int) for 226ms
05-20 18:32:56.345 W/art     ( 1673): Long monitor contention with owner Binder:1673_7 (2222) at void com.android.server.am.ActivityManagerService.activityPaused(android.os.IBinder)(ActivityManagerService.java:6916) waiters=1 in boolean com.android.server.am.ActivityManagerService.isUserRunning(int, int) for 881ms
05-20 18:32:56.397 W/art     ( 1673): Long monitor contention with owner Binder:1673_7 (2222) at void com.android.server.am.ActivityManagerService.activityPaused(android.os.IBinder)(ActivityManagerService.java:6916) waiters=7 in int com.android.server.am.ActivityManagerService.getAppStartMode(int, java.lang.String) for 683ms
05-20 18:32:56.837 W/art     ( 1673): Long monitor contention with owner android.display (1721) at void com.android.server.wm.WindowAnimator$1.doFrame(long)(WindowAnimator.java:144) waiters=0 in void com.android.server.wm.WindowManagerService.startAppFreezingScreen(android.os.IBinder, int) for 109ms
05-20 18:32:57.153 W/art     ( 1673): Long monitor contention with owner android.display (1721) at void com.android.server.wm.WindowAnimator$1.doFrame(long)(WindowAnimator.java:144) waiters=1 in int com.android.server.wm.WindowManagerService.relayoutWindow(com.android.server.wm.Session, android.view.IWindow, int, android.view.WindowManager$LayoutParams, int, int, int, int, android.graphics.Rect, android.graphics.Rect, android.graphics.Rect, android.graphics.Rect, android.graphics.Rect, android.graphics.Rect, android.graphics.Rect, android.content.res.Configuration, android.view.Surface) for 126ms
05-20 18:32:57.525 W/art     ( 1673): Long monitor contention with owner Binder:1673_1 (1691) at int com.android.server.wm.WindowManagerService.relayoutWindow(com.android.server.wm.Session, android.view.IWindow, int, android.view.WindowManager$LayoutParams, int, int, int, int, android.graphics.Rect, android.graphics.Rect, android.graphics.Rect, android.graphics.Rect, android.graphics.Rect, android.graphics.Rect, android.graphics.Rect, android.content.res.Configuration, android.view.Surface)(WindowManagerService.java:2857) waiters=0 in void com.android.server.wm.WindowAnimator$1.doFrame(long) for 299ms
05-20 18:32:57.559 W/art     ( 1673): Long monitor contention with owner Binder:1673_1 (1691) at android.content.pm.UserInfo com.android.server.am.UserController.getCurrentUser()(UserController.java:1438) waiters=6 in com.android.server.am.ProcessRecord com.android.server.am.ActivityManagerService.findAppProcess(android.os.IBinder, java.lang.String) for 1.349s
05-20 18:32:57.560 W/art     ( 1673): Long monitor contention with owner Binder:1673_7 (2222) at android.content.Intent com.android.server.am.ActivityManagerService.registerReceiver(android.app.IApplicationThread, java.lang.String, android.content.IIntentReceiver, android.content.IntentFilter, java.lang.String, int)(ActivityManagerService.java:17547) waiters=4 in void com.android.server.am.ActivityManagerService.attachApplication(android.app.IApplicationThread) for 1.346s
05-20 18:32:57.666 W/System  ( 2407): ClassLoader referenced unknown path: /system/app/Launcher3/lib/x86_64
05-20 18:32:57.756 W/art     ( 1673): Long monitor contention with owner Binder:1673_8 (2269) at void com.android.server.am.ActivityManagerService.attachApplication(android.app.IApplicationThread)(ActivityManagerService.java:6669) waiters=4 in android.content.Intent com.android.server.am.ActivityManagerService.registerReceiver(android.app.IApplicationThread, java.lang.String, android.content.IIntentReceiver, android.content.IntentFilter, java.lang.String, int) for 1.470s
05-20 18:32:57.848 W/art     ( 1673): Long monitor contention with owner Binder:1673_8 (2269) at void com.android.server.am.ActivityManagerService.attachApplication(android.app.IApplicationThread)(ActivityManagerService.java:6669) waiters=4 in boolean com.android.server.am.ActivityManagerService.isUserRunning(int, int) for 1.503s
05-20 18:32:57.925 W/art     ( 1673): Long monitor contention with owner Binder:1673_8 (2269) at void com.android.server.am.ActivityManagerService.attachApplication(android.app.IApplicationThread)(ActivityManagerService.java:6669) waiters=4 in int com.android.server.am.ActivityManagerService.getAppStartMode(int, java.lang.String) for 1.528s
05-20 18:32:57.963 W/System  ( 2379): ClassLoader referenced unknown path: /system/priv-app/ContactsProvider/lib/x86_64
05-20 18:32:58.108 D/LauncherProvider( 2407): Launcher process started
05-20 18:32:58.177 W/art     ( 1673): Long monitor contention with owner android.display (1721) at void com.android.server.wm.WindowAnimator$1.doFrame(long)(WindowAnimator.java:144) waiters=0 in int com.android.server.wm.WindowManagerService.relayoutWindow(com.android.server.wm.Session, android.view.IWindow, int, android.view.WindowManager$LayoutParams, int, int, int, int, android.graphics.Rect, android.graphics.Rect, android.graphics.Rect, android.graphics.Rect, android.graphics.Rect, android.graphics.Rect, android.graphics.Rect, android.content.res.Configuration, android.view.Surface) for 138ms
05-20 18:32:58.262 W/art     ( 1673): Long monitor contention with owner Binder:1673_8 (2269) at void com.android.server.am.ActivityManagerService.attachApplication(android.app.IApplicationThread)(ActivityManagerService.java:6669) waiters=5 in void com.android.server.am.ActivityManagerService.idleUids() for 1.460s
05-20 18:32:58.264 W/art     ( 1673): Long monitor contention with owner Binder:1673_8 (2269) at void com.android.server.am.ActivityManagerService.attachApplication(android.app.IApplicationThread)(ActivityManagerService.java:6669) waiters=6 in void com.android.server.am.ActivityManagerService.dispatchProcessesChanged() for 1.074s
05-20 18:32:58.265 W/art     ( 1673): Long monitor contention with owner Binder:1673_5 (2034) at void com.android.server.am.ActivityManagerService.attachApplication(android.app.IApplicationThread)(ActivityManagerService.java:6669) waiters=6 in android.content.pm.UserInfo com.android.server.am.UserController.getCurrentUser() for 563ms
05-20 18:32:58.266 W/art     ( 1673): Long monitor contention with owner AsyncTask #1 (1931) at boolean com.android.server.am.ActivityManagerService.isUserRunning(int, int)(ActivityManagerService.java:21741) waiters=5 in void com.android.server.am.ActivityManagerService$3.handleMessage(android.os.Message) for 285ms
05-20 18:32:58.268 W/art     ( 1673): Long monitor contention with owner Binder:1673_5 (2034) at void com.android.server.am.ActivityManagerService.attachApplication(android.app.IApplicationThread)(ActivityManagerService.java:6669) waiters=5 in com.android.server.am.ProcessRecord com.android.server.am.ActivityManagerService.findAppProcess(android.os.IBinder, java.lang.String) for 579ms
05-20 18:32:58.547 W/art     ( 1673): Long monitor contention with owner android.bg (1703) at void com.android.server.am.ActivityManagerService$3.handleMessage(android.os.Message)(ActivityManagerService.java:2443) waiters=4 in com.android.server.am.ProcessRecord com.android.server.am.ActivityManagerService.findAppProcess(android.os.IBinder, java.lang.String) for 280ms
05-20 18:32:58.548 W/art     ( 1673): Long monitor contention with owner android.bg (1703) at void com.android.server.am.ActivityManagerService$3.handleMessage(android.os.Message)(ActivityManagerService.java:2443) waiters=4 in void com.android.server.am.ActivityManagerService.dispatchProcessesChanged() for 279ms
05-20 18:32:58.751 W/art     ( 1673): Long monitor contention with owner android.display (1721) at void com.android.server.wm.WindowAnimator$1.doFrame(long)(WindowAnimator.java:144) waiters=0 in float com.android.server.wm.WindowManagerService.getCurrentAnimatorScale() for 175ms
05-20 18:32:58.899 I/LatinIME( 1950): Timeout waiting for dictionary load
05-20 18:32:59.025 W/art     ( 1673): Long monitor contention with owner backup (2372) at void com.android.server.job.controllers.ConnectivityController.maybeStartTrackingJobLocked(com.android.server.job.controllers.JobStatus, com.android.server.job.controllers.JobStatus)(ConnectivityController.java:84) waiters=0 in void com.android.server.job.JobSchedulerService.updateUidState(int, int) for 331ms
05-20 18:32:59.028 W/art     ( 1673): Long monitor contention with owner android.display (1721) at void com.android.server.wm.WindowAnimator$1.doFrame(long)(WindowAnimator.java:144) waiters=2 in void com.android.server.wm.WindowManagerService.getInitialDisplaySize(int, android.graphics.Point) for 108ms
05-20 18:32:59.234 V/Launcher( 2407): LauncherAppState inited
05-20 18:32:59.235 W/art     ( 1673): Long monitor contention with owner Binder:1673_8 (2269) at int com.android.server.wm.WindowManagerService.relayoutWindow(com.android.server.wm.Session, android.view.IWindow, int, android.view.WindowManager$LayoutParams, int, int, int, int, android.graphics.Rect, android.graphics.Rect, android.graphics.Rect, android.graphics.Rect, android.graphics.Rect, android.graphics.Rect, android.graphics.Rect, android.content.res.Configuration, android.view.Surface)(WindowManagerService.java:2857) waiters=0 in void com.android.server.wm.WindowAnimator$1.doFrame(long) for 190ms
05-20 18:32:59.247 D/WifiService( 1673): New client listening to asynchronous messages
05-20 18:32:59.483 I/Choreographer( 2167): Skipped 34 frames!  The application may be doing too much work on its main thread.
05-20 18:32:59.969 V/KeyguardServiceDelegate( 1673): *** Keyguard connected (yay!)
05-20 18:33:00.395 W/art     ( 1673): Long monitor contention with owner android.display (1721) at void com.android.server.wm.WindowAnimator$1.doFrame(long)(WindowAnimator.java:144) waiters=0 in void com.android.server.wm.WindowManagerService.statusBarVisibilityChanged(int) for 125ms
05-20 18:33:00.766 W/art     ( 1673): Long monitor contention with owner Binder:1673_7 (2222) at int com.android.server.wm.WindowManagerService.relayoutWindow(com.android.server.wm.Session, android.view.IWindow, int, android.view.WindowManager$LayoutParams, int, int, int, int, android.graphics.Rect, android.graphics.Rect, android.graphics.Rect, android.graphics.Rect, android.graphics.Rect, android.graphics.Rect, android.graphics.Rect, android.content.res.Configuration, android.view.Surface)(WindowManagerService.java:2857) waiters=0 in void com.android.server.wm.WindowManagerService$H.handleMessage(android.os.Message) for 243ms
05-20 18:33:01.037 I/ContactsPerf( 2379): VoicemailContentProvider.onCreate start
05-20 18:33:01.141 I/ContactsPerf( 2379): VoicemailContentProvider.onCreate finish
05-20 18:33:01.311 W/ActivityManager( 1673): Slow operation: 323ms so far, now at startProcess: returned from zygote!
05-20 18:33:01.311 W/ActivityManager( 1673): Slow operation: 324ms so far, now at startProcess: done updating battery stats
05-20 18:33:01.311 W/ActivityManager( 1673): Slow operation: 324ms so far, now at startProcess: building log message
05-20 18:33:01.312 I/ActivityManager( 1673): Start proc 2455:com.android.deskclock/u0a31 for broadcast com.android.deskclock/.AlarmInitReceiver
05-20 18:33:01.312 W/ActivityManager( 1673): Slow operation: 324ms so far, now at startProcess: starting to update pids map
05-20 18:33:01.312 W/ActivityManager( 1673): Slow operation: 324ms so far, now at startProcess: done updating pids map
05-20 18:33:01.312 W/ActivityManager( 1673): Slow operation: 325ms so far, now at startProcess: done starting proc!
05-20 18:33:01.338 I/Choreographer( 1673): Skipped 31 frames!  The application may be doing too much work on its main thread.
05-20 18:33:01.451 W/System  ( 2379): ClassLoader referenced unknown path: /system/priv-app/BlockedNumberProvider/lib/x86_64
05-20 18:33:01.626 D/ApplicationLoaders( 2379): ignored Vulkan layer search path /system/priv-app/BlockedNumberProvider/lib/x86_64:/system/lib64:/vendor/lib64 for namespace 0x73a0c25730f0
05-20 18:33:01.680 W/art     ( 2455): Unexpected CPU variant for X86 using defaults: x86_64
05-20 18:33:02.287 W/System  ( 2379): ClassLoader referenced unknown path: /system/app/UserDictionaryProvider/lib/x86_64
05-20 18:33:02.290 D/ApplicationLoaders( 2379): ignored Vulkan layer search path /system/app/UserDictionaryProvider/lib/x86_64:/system/lib64:/vendor/lib64 for namespace 0x73a0c2573160
05-20 18:33:02.377 I/Choreographer( 1673): Skipped 61 frames!  The application may be doing too much work on its main thread.
05-20 18:33:02.379 W/art     ( 1673): Long monitor contention with owner android.display (1721) at void com.android.server.wm.WindowManagerService$H.handleMessage(android.os.Message)(WindowManagerService.java:8549) waiters=0 in int com.android.server.wm.WindowManagerService.relayoutWindow(com.android.server.wm.Session, android.view.IWindow, int, android.view.WindowManager$LayoutParams, int, int, int, int, android.graphics.Rect, android.graphics.Rect, android.graphics.Rect, android.graphics.Rect, android.graphics.Rect, android.graphics.Rect, android.graphics.Rect, android.content.res.Configuration, android.view.Surface) for 1.020s
05-20 18:33:03.375 I/art     ( 1673): Background sticky concurrent mark sweep GC freed 40839(2MB) AllocSpace objects, 6(160KB) LOS objects, 27% free, 9MB/13MB, paused 2.399ms total 289.990ms
05-20 18:33:03.980 V/GridSizeMigrationTask( 2407): Workspace migration completed in 927
05-20 18:33:03.983 D/Launcher.Model( 2407): loadWorkspace: loading default favorites
05-20 18:33:04.706 I/BackupManagerService( 1673): Found stale backup journal, scheduling
