05-20 18:32:03.454 E/WVMExtractor( 1961): Failed to open libwvm.so: dlopen failed: library "libwvm.so" not found
05-20 18:32:04.209 V/vold    ( 1277): /dev/block/vold/public:253,48: LABEL="SDCARD" UUID="1EFF-1C1B" TYPE="vfat" 
05-20 18:32:04.209 V/vold    ( 1277): 
05-20 18:32:04.244 D/VoldConnector( 1673): RCV <- {652 public:253,48 vfat}
05-20 18:32:04.246 D/VoldConnector( 1673): RCV <- {653 public:253,48 1EFF-1C1B}
05-20 18:32:04.260 D/VoldConnector( 1673): RCV <- {654 public:253,48 SDCARD}
05-20 18:32:04.262 V/vold    ( 1277): /system/bin/fsck_msdos
05-20 18:32:04.262 V/vold    ( 1277):     -p
05-20 18:32:04.263 V/vold    ( 1277):     -f
05-20 18:32:04.263 V/vold    ( 1277):     /dev/block/vold/public:253,48
05-20 18:32:04.341 I/art     ( 1994): System.exit called, status: 0
05-20 18:32:04.341 I/AndroidRuntime( 1994): VM exiting with result code 0, cleanup skipped.
05-20 18:32:04.650 I/fsck_msdos( 1277): ** /dev/block/vold/public:253,48
05-20 18:32:04.661 I/fsck_msdos( 1277): ** Phase 1 - Read and Compare FATs
05-20 18:32:04.662 I/fsck_msdos( 1277): Attempting to allocate 1046 KB for FAT
05-20 18:32:04.714 I/art     ( 2006): System.exit called, status: 0
05-20 18:32:04.714 I/AndroidRuntime( 2006): VM exiting with result code 0, cleanup skipped.
05-20 18:32:04.784 I/MediaPlayerService( 1337): MediaPlayerService::getOMX
05-20 18:32:04.788 I/OMXClient( 1337): MuxOMX ctor
05-20 18:32:04.789 I/OMXMaster( 1331): makeComponentInstance(OMX.google.vorbis.decoder) in mediacodec process
05-20 18:32:04.831 I/art     ( 1950): Waiting for a blocking GC DisableMovingGc
05-20 18:32:04.833 I/art     ( 1950): Starting a blocking GC DisableMovingGc
05-20 18:32:04.910 I/fsck_msdos( 1277): Attempting to allocate 1046 KB for FAT
05-20 18:32:05.509 I/fsck_msdos( 1277): ** Phase 2 - Check Cluster Chains
05-20 18:32:05.545 I/fsck_msdos( 1277): ** Phase 3 - Checking Directories
05-20 18:32:05.547 I/fsck_msdos( 1277): ** Phase 4 - Checking for Lost Files
05-20 18:32:05.563 W/InputAttributes( 1950): No editor info for this field. Bug?
05-20 18:32:05.602 I/fsck_msdos( 1277): 2 files, 534464 free (267232 clusters)
05-20 18:32:05.778 E/NetdConnector( 1673): NDC Command {3 bandwidth enable} took too long (4272ms)
05-20 18:32:06.198 I/Vold    ( 1277): Filesystem check completed OK
05-20 18:32:06.344 D/VoldConnector( 1673): RCV <- {656 public:253,48 /mnt/media_rw/1EFF-1C1B}
05-20 18:32:06.424 D/VoldConnector( 1673): RCV <- {655 public:253,48 /storage/1EFF-1C1B}
05-20 18:32:06.834 I/MediaPlayerService( 1337): MediaPlayerService::getOMX
05-20 18:32:06.868 I/LatinIME:LogUtils( 1950): Dictionary info: dictionary = userunigram.en_US ; version = 1621535526 ; date = ?
05-20 18:32:06.921 I/OMXClient( 1337): MuxOMX ctor
05-20 18:32:06.926 I/OMXMaster( 1331): makeComponentInstance(OMX.google.opus.decoder) in mediacodec process
05-20 18:32:06.991 E/ActivityThread( 1950): Failed to find provider info for user_dictionary
05-20 18:32:06.994 I/LatinIME:LogUtils( 1950): Dictionary info: dictionary = UserHistoryDictionary.en_US ; version = 1621535526 ; date = ?
05-20 18:32:07.054 V/vold    ( 1277): Waiting for FUSE to spin up...
05-20 18:32:07.143 V/vold    ( 1277): Waiting for FUSE to spin up...
05-20 18:32:07.167 W/ProcessCpuTracker( 1673): Skipping unknown process pid 2072
05-20 18:32:07.194 V/vold    ( 1277): Waiting for FUSE to spin up...
05-20 18:32:07.199 I/vol.Events( 1961): writeEvent collection_started
05-20 18:32:07.250 V/vold    ( 1277): Waiting for FUSE to spin up...
05-20 18:32:07.307 V/vold    ( 1277): Waiting for FUSE to spin up...
05-20 18:32:07.360 V/vold    ( 1277): Waiting for FUSE to spin up...
05-20 18:32:07.441 V/vold    ( 1277): Waiting for FUSE to spin up...
05-20 18:32:07.500 V/vold    ( 1277): Waiting for FUSE to spin up...
05-20 18:32:07.513 I/vol.Events( 1961): writeEvent external_ringer_mode_changed normal
05-20 18:32:07.514 I/vol.Events( 1961): writeEvent internal_ringer_mode_changed normal
05-20 18:32:07.560 V/vold    ( 1277): Waiting for FUSE to spin up...
05-20 18:32:07.616 V/vold    ( 1277): Waiting for FUSE to spin up...
05-20 18:32:07.670 V/vold    ( 1277): Waiting for FUSE to spin up...
05-20 18:32:07.716 W/sdcard  ( 2081): Device explicitly disabled sdcardfs
05-20 18:32:07.730 V/vold    ( 1277): Waiting for FUSE to spin up...
05-20 18:32:07.790 V/vold    ( 1277): Waiting for FUSE to spin up...
05-20 18:32:07.889 V/vold    ( 1277): Waiting for FUSE to spin up...
05-20 18:32:07.940 V/vold    ( 1277): Waiting for FUSE to spin up...
05-20 18:32:08.033 D/VoldConnector( 1673): RCV <- {651 public:253,48 2}
05-20 18:32:08.034 D/VoldConnector( 1673): RCV <- {200 6 Command succeeded}
05-20 18:32:08.037 E/VoldConnector( 1673): NDC Command {6 volume mount public:253,48 2 0} took too long (5238ms)
05-20 18:32:08.532 I/MediaPlayerService( 1337): MediaPlayerService::getOMX
05-20 18:32:08.533 I/OMXClient( 1337): MuxOMX ctor
05-20 18:32:08.534 I/OMXMaster( 1331): makeComponentInstance(OMX.google.raw.decoder) in mediacodec process
05-20 18:32:08.700 I/MediaPlayerService( 1337): MediaPlayerService::getOMX
05-20 18:32:08.702 I/OMXClient( 1337): MuxOMX ctor
05-20 18:32:08.703 I/OMXMaster( 1331): makeComponentInstance(OMX.google.aac.encoder) in mediacodec process
05-20 18:32:08.973 I/MediaPlayerService( 1337): MediaPlayerService::getOMX
05-20 18:32:08.975 I/OMXClient( 1337): MuxOMX ctor
05-20 18:32:08.975 I/OMXMaster( 1331): makeComponentInstance(OMX.google.amrnb.encoder) in mediacodec process
05-20 18:32:09.063 E/VoldConnector( 1673): NDC event {651 public:253,48 2} took too long: 933ms
05-20 18:32:09.152 I/MediaPlayerService( 1337): MediaPlayerService::getOMX
05-20 18:32:09.160 I/OMXClient( 1337): MuxOMX ctor
05-20 18:32:09.161 I/OMXMaster( 1331): makeComponentInstance(OMX.google.amrwb.encoder) in mediacodec process
05-20 18:32:09.213 E/NetdConnector( 1673): NDC Command {4 strict enable} took too long (3411ms)
05-20 18:32:09.214 W/NetworkManagement( 1673): setDataSaverMode(): already false
05-20 18:32:09.323 I/MediaPlayerService( 1337): MediaPlayerService::getOMX
05-20 18:32:09.325 I/OMXClient( 1337): MuxOMX ctor
05-20 18:32:09.325 I/OMXMaster( 1331): makeComponentInstance(OMX.google.flac.encoder) in mediacodec process
05-20 18:32:10.190 I/MediaPlayerService( 1337): MediaPlayerService::getOMX
05-20 18:32:10.211 I/OMXClient( 1337): MuxOMX ctor
05-20 18:32:10.211 I/OMXMaster( 1331): makeComponentInstance(OMX.google.gsm.decoder) in mediacodec process
05-20 18:32:10.940 I/MediaPlayerService( 1337): MediaPlayerService::getOMX
05-20 18:32:10.941 I/OMXClient( 1337): MuxOMX ctor
05-20 18:32:10.942 I/OMXMaster( 1331): makeComponentInstance(OMX.google.mpeg4.decoder) in mediacodec process
05-20 18:32:11.151 I/vol.Events( 1961): writeEvent level_changed STREAM_ALARM 6
05-20 18:32:11.233 I/vol.Events( 1961): writeEvent level_changed STREAM_BLUETOOTH_SCO 7
05-20 18:32:11.256 I/vol.Events( 1961): writeEvent level_changed STREAM_MUSIC 11
05-20 18:32:11.340 I/vol.Events( 1961): writeEvent level_changed STREAM_RING 5
05-20 18:32:11.427 I/vol.Events( 1961): writeEvent level_changed STREAM_SYSTEM 5
05-20 18:32:11.501 W/BroadcastQueue( 1673): Timeout of broadcast BroadcastRecord{10194d8 u-1 android.intent.action.TIME_TICK} - receiver=android.app.LoadedApk$ReceiverDispatcher$InnerReceiver@c3b279a, started 10006ms ago
05-20 18:32:11.502 W/BroadcastQueue( 1673): Receiver during timeout: BroadcastFilter{165f8a8 u0 ReceiverList{65cf8cb 1673 system/1000/u0 local:c3b279a}}
05-20 18:32:11.505 I/vol.Events( 1961): writeEvent level_changed STREAM_VOICE_CALL 4
05-20 18:32:11.830 E/NetdConnector( 1673): NDC Command {7 bandwidth setglobalalert 2097152} took too long (2371ms)
05-20 18:32:11.877 E/OMXNodeInstance( 1331): getExtensionIndex(533000f:google.mpeg4.decoder, OMX.google.android.index.configureVideoTunnelMode) ERROR: UnsupportedIndex(0x8000101a)
05-20 18:32:11.879 W/OMXNodeInstance( 1331): [533000f:google.mpeg4.decoder] component does not support metadata mode; using fallback
05-20 18:32:11.882 D/NetworkPolicy( 1673): setRestrictBackgroundUL(): false
05-20 18:32:11.886 W/NetworkManagement( 1673): setDataSaverMode(): already false
05-20 18:32:11.984 I/MediaPlayerService( 1337): MediaPlayerService::getOMX
05-20 18:32:11.986 I/OMXClient( 1337): MuxOMX ctor
05-20 18:32:11.986 I/OMXMaster( 1331): makeComponentInstance(OMX.google.h263.decoder) in mediacodec process
05-20 18:32:12.119 D/StorageNotification( 1961): Notifying about private volume: VolumeInfo{private}:
05-20 18:32:12.119 D/StorageNotification( 1961):     type=PRIVATE diskId=null partGuid=null mountFlags=0 mountUserId=-1 
05-20 18:32:12.119 D/StorageNotification( 1961):     state=MOUNTED 
05-20 18:32:12.119 D/StorageNotification( 1961):     fsType=null fsUuid=null fsLabel=null 
05-20 18:32:12.119 D/StorageNotification( 1961):     path=/data internalPath=null 
05-20 18:32:12.178 D/StorageNotification( 1961): Notifying about public volume: VolumeInfo{public:253,48}:
05-20 18:32:12.178 D/StorageNotification( 1961):     type=PUBLIC diskId=disk:253,48 partGuid=null mountFlags=VISIBLE 
05-20 18:32:12.178 D/StorageNotification( 1961):     mountUserId=0 state=MOUNTED 
05-20 18:32:12.178 D/StorageNotification( 1961):     fsType=vfat fsUuid=1EFF-1C1B fsLabel=SDCARD 
05-20 18:32:12.178 D/StorageNotification( 1961):     path=/storage/1EFF-1C1B internalPath=/mnt/media_rw/1EFF-1C1B 
05-20 18:32:12.367 I/art     ( 1673): Background sticky concurrent mark sweep GC freed 39731(2MB) AllocSpace objects, 14(312KB) LOS objects, 20% free, 13MB/16MB, paused 2.514ms total 303.897ms
05-20 18:32:12.764 E/OMXNodeInstance( 1331): getExtensionIndex(5330010:google.h263.decoder, OMX.google.android.index.configureVideoTunnelMode) ERROR: UnsupportedIndex(0x8000101a)
05-20 18:32:12.765 W/OMXNodeInstance( 1331): [5330010:google.h263.decoder] component does not support metadata mode; using fallback
05-20 18:32:12.814 I/MediaPlayerService( 1337): MediaPlayerService::getOMX
05-20 18:32:12.815 I/OMXClient( 1337): MuxOMX ctor
05-20 18:32:12.816 I/OMXMaster( 1331): makeComponentInstance(OMX.google.h264.decoder) in mediacodec process
05-20 18:32:13.107 I/Choreographer( 1961): Skipped 84 frames!  The application may be doing too much work on its main thread.
05-20 18:32:13.501 W/art     ( 1673): Long monitor contention with owner NetworkPolicy (1908) at boolean android.os.BinderProxy.transactNative(int, android.os.Parcel, android.os.Parcel, int)(Binder.java:-2) waiters=0 in void com.android.server.NetworkManagementService.setFirewallChainEnabled(int, boolean) for 1.349s
05-20 18:32:13.801 I/StatusBarManagerService( 1673): registerStatusBar bar=com.android.internal.statusbar.IStatusBar$Stub$Proxy@cc025f1
05-20 18:32:14.445 W/ACodec  ( 1337): [OMX.google.h264.decoder] stopping checking profiles after 32: 2/8000
05-20 18:32:14.449 E/OMXNodeInstance( 1331): getExtensionIndex(5330011:google.h264.decoder, OMX.google.android.index.configureVideoTunnelMode) ERROR: UnsupportedIndex(0x8000101a)
05-20 18:32:14.480 W/OMXNodeInstance( 1331): [5330011:google.h264.decoder] component does not support metadata mode; using fallback
05-20 18:32:14.517 I/MediaPlayerService( 1337): MediaPlayerService::getOMX
05-20 18:32:14.518 I/OMXClient( 1337): MuxOMX ctor
05-20 18:32:14.519 I/OMXMaster( 1331): makeComponentInstance(OMX.google.hevc.decoder) in mediacodec process
05-20 18:32:14.680 W/AudioService( 1673): onLoadSoundEffects(), Error 1 while loading samples
05-20 18:32:15.106 E/OMXNodeInstance( 1331): getExtensionIndex(5330012:google.hevc.decoder, OMX.google.android.index.configureVideoTunnelMode) ERROR: UnsupportedIndex(0x8000101a)
05-20 18:32:15.106 W/OMXNodeInstance( 1331): [5330012:google.hevc.decoder] component does not support metadata mode; using fallback
05-20 18:32:15.142 I/MediaPlayerService( 1337): MediaPlayerService::getOMX
05-20 18:32:15.143 I/OMXClient( 1337): MuxOMX ctor
05-20 18:32:15.144 I/OMXMaster( 1331): makeComponentInstance(OMX.google.vp8.decoder) in mediacodec process
05-20 18:32:15.334 E/NetdConnector( 1673): NDC Command {9 bandwidth gettetherstats} took too long (845ms)
05-20 18:32:15.340 E/NetdConnector( 1673): NDC Command {8 firewall enable_chain standby} took too long (1837ms)
05-20 18:32:15.488 I/SystemServiceManager( 1673): Starting phase 600
05-20 18:32:15.749 D/SensorNotificationService( 1673): Cannot obtain dynamic meta sensor, not supported.
05-20 18:32:15.947 E/OMXNodeInstance( 1331): getExtensionIndex(5330013:google.vp8.decoder, OMX.google.android.index.configureVideoTunnelMode) ERROR: UnsupportedIndex(0x8000101a)
05-20 18:32:15.948 W/OMXNodeInstance( 1331): [5330013:google.vp8.decoder] component does not support metadata mode; using fallback
05-20 18:32:15.982 I/MediaPlayerService( 1337): MediaPlayerService::getOMX
05-20 18:32:16.040 I/OMXClient( 1337): MuxOMX ctor
05-20 18:32:16.041 I/OMXMaster( 1331): makeComponentInstance(OMX.google.vp9.decoder) in mediacodec process
05-20 18:32:16.065 I/GnssLocationProvider( 1673): WakeLock acquired by sendMessage(13, 0, null)
05-20 18:32:16.098 W/LocationManagerService( 1673): no network location provider found
05-20 18:32:16.209 E/LocationManagerService( 1673): no geocoder provider found
05-20 18:32:16.234 E/FlpHardwareProvider( 1673): Error hw_get_module 'flp': -2
05-20 18:32:16.235 D/LocationManagerService( 1673): FLP HAL not supported
05-20 18:32:16.262 D/LocationManagerService( 1673): Unable to bind FLP Geofence proxy.
05-20 18:32:16.263 E/ActivityRecognitionHardware( 1673): Error hw_get_module: -2
05-20 18:32:16.263 D/LocationManagerService( 1673): Hardware Activity-Recognition not supported.
05-20 18:32:16.265 E/ActivityRecognitionProxy( 1673): ServiceWatcher could not start.
05-20 18:32:16.265 D/LocationManagerService( 1673): Unable to bind ActivityRecognitionProxy.
05-20 18:32:16.266 I/GnssLocationProvider( 1673): WakeLock acquired by sendMessage(2, 1, null)
05-20 18:32:16.313 I/CommonTimeManagementService( 1673): No common time service detected on this platform.  Common time services will be unavailable.
05-20 18:32:16.325 I/MmsServiceBroker( 1673): Delay connecting to MmsService until an API is called
05-20 18:32:16.331 I/InputReader( 1673): Reconfiguring input devices.  changes=0x00000020
05-20 18:32:16.380 W/VoiceInteractionManagerService( 1673): no available voice interaction services found for user 0
05-20 18:32:16.381 W/VoiceInteractionManagerService( 1673): no available voice recognition services found for user 0
05-20 18:32:16.399 I/InputReader( 1673): Reconfiguring input devices.  changes=0x00000010
05-20 18:32:16.611 W/ActivityManager( 1673): Slow operation: 126ms so far, now at startProcess: returned from zygote!
05-20 18:32:16.611 W/ActivityManager( 1673): Slow operation: 126ms so far, now at startProcess: done updating battery stats
05-20 18:32:16.612 W/ActivityManager( 1673): Slow operation: 127ms so far, now at startProcess: building log message
05-20 18:32:16.612 I/ActivityManager( 1673): Start proc 2153:com.android.phone/1001 for added application com.android.phone
05-20 18:32:16.612 W/ActivityManager( 1673): Slow operation: 127ms so far, now at startProcess: starting to update pids map
05-20 18:32:16.612 W/ActivityManager( 1673): Slow operation: 127ms so far, now at startProcess: done updating pids map
05-20 18:32:16.617 I/ActivityManager( 1673): START u0 {act=android.intent.action.MAIN cat=[android.intent.category.HOME] flg=0x10000100 cmp=com.android.settings/.FallbackHome} from uid 0 on display 0
05-20 18:32:16.644 W/System  ( 1673): ClassLoader referenced unknown path: 
05-20 18:32:16.645 W/System  ( 1673): ClassLoader referenced unknown path: /system/priv-app/Settings/lib/x86_64
05-20 18:32:16.664 D/ApplicationLoaders( 1673): ignored Vulkan layer search path /system/priv-app/Settings/lib/x86_64:/system/priv-app/Settings/Settings.apk!/lib/x86_64:/system/lib64:/vendor/lib64 for namespace 0x73a0c26e6160
05-20 18:32:16.789 I/ActivityManager( 1673): Loaded persisted task ids for user 0
05-20 18:32:16.864 W/GnssLocationProvider( 1673): Could not open GPS configuration file /etc/gps.conf
05-20 18:32:16.864 E/GnssLocationProvider( 1673): no AGPS interface in set_agps_server
05-20 18:32:16.868 W/art     ( 2153): Unexpected CPU variant for X86 using defaults: x86_64
05-20 18:32:17.022 E/OMXNodeInstance( 1331): getExtensionIndex(5330014:google.vp9.decoder, OMX.google.android.index.configureVideoTunnelMode) ERROR: UnsupportedIndex(0x8000101a)
05-20 18:32:17.023 W/OMXNodeInstance( 1331): [5330014:google.vp9.decoder] component does not support metadata mode; using fallback
05-20 18:32:17.052 I/MediaPlayerService( 1337): MediaPlayerService::getOMX
05-20 18:32:17.054 I/OMXClient( 1337): MuxOMX ctor
05-20 18:32:17.054 I/OMXMaster( 1331): makeComponentInstance(OMX.google.h263.encoder) in mediacodec process
05-20 18:32:17.158 W/ActivityManager( 1673): Slow operation: 261ms so far, now at startProcess: returned from zygote!
05-20 18:32:17.158 W/ActivityManager( 1673): Slow operation: 261ms so far, now at startProcess: done updating battery stats
05-20 18:32:17.159 W/ActivityManager( 1673): Slow operation: 262ms so far, now at startProcess: building log message
05-20 18:32:17.159 I/ActivityManager( 1673): Start proc 2167:com.android.settings/1000 for activity com.android.settings/.FallbackHome
05-20 18:32:17.159 W/ActivityManager( 1673): Slow operation: 262ms so far, now at startProcess: starting to update pids map
05-20 18:32:17.159 W/ActivityManager( 1673): Slow operation: 262ms so far, now at startProcess: done updating pids map
05-20 18:32:17.159 W/ActivityManager( 1673): Slow operation: 262ms so far, now at startProcess: done starting proc!
05-20 18:32:17.191 W/art     ( 2167): Unexpected CPU variant for X86 using defaults: x86_64
05-20 18:32:17.266 W/ActivityManager( 1673): Slow operation: 53ms so far, now at startProcess: done, added package to proc
05-20 18:32:17.269 W/art     ( 1673): Long monitor contention with owner main (1673) at void com.android.server.am.ActivityManagerService.systemReady(java.lang.Runnable)(ActivityManagerService.java:13368) waiters=0 in void com.android.server.am.ActivityManagerService.dispatchUidsChanged() for 784ms
05-20 18:32:17.274 W/art     ( 1673): Long monitor contention with owner main (1673) at void com.android.server.am.ActivityManagerService.systemReady(java.lang.Runnable)(ActivityManagerService.java:13368) waiters=1 in void com.android.server.am.ActiveServices.serviceTimeout(com.android.server.am.ProcessRecord) for 464ms
05-20 18:32:17.275 W/ActivityManager( 1673): Timeout executing service: ServiceRecord{5f9164b u0 com.android.server.telecom/.components.TelecomService}
05-20 18:32:17.294 W/art     ( 1673): Long monitor contention with owner main (1673) at void com.android.server.am.ActivityManagerService.systemReady(java.lang.Runnable)(ActivityManagerService.java:13368) waiters=2 in android.content.pm.UserInfo com.android.server.am.UserController.getCurrentUser() for 444ms
05-20 18:32:17.409 I/SystemServer( 1673): Enabled StrictMode for system server main thread.
05-20 18:32:17.736 W/art     ( 1673): Long monitor contention with owner Binder:1673_3 (1982) at void com.android.server.am.ActivityManagerService.attachApplication(android.app.IApplicationThread)(ActivityManagerService.java:6669) waiters=5 in void com.android.server.am.ActivityManagerService.attachApplication(android.app.IApplicationThread) for 145ms
05-20 18:32:18.039 I/Process ( 1673): Sending signal. PID: 1673 SIG: 3
05-20 18:32:18.103 D/PermissionCache( 1321): checking android.permission.READ_FRAME_BUFFER for uid=1000 => granted (2874 us)
05-20 18:32:18.118 D/gralloc ( 1321): Registering a buffer in the process that created it. This may cause memory ordering problems.
05-20 18:32:18.119 E/libEGL  ( 1321): called unimplemented OpenGL ES API
05-20 18:32:18.119 E/SurfaceFlinger( 1321): glCheckFramebufferStatusOES error -579221772
05-20 18:32:18.119 E/SurfaceFlinger( 1321): got GL_FRAMEBUFFER_COMPLETE_OES error while taking screenshot
05-20 18:32:18.221 I/art     ( 1673): Thread[2,tid=1679,WaitingInMainSignalCatcherLoop,Thread*=0x73a0b7230000,peer=0x12c010d0,"Signal Catcher"]: reacting to signal 3
05-20 18:32:18.223 I/art     ( 1673): 
05-20 18:32:18.279 W/System  ( 2153): ClassLoader referenced unknown path: /system/priv-app/TeleService/lib/x86_64
05-20 18:32:18.341 W/art     ( 1673): Suspending all threads took: 114.503ms
05-20 18:32:18.485 W/art     ( 1673): Long monitor contention with owner main (1673) at int com.android.server.am.ActivityManagerService.broadcastIntent(android.app.IApplicationThread, android.content.Intent, java.lang.String, android.content.IIntentReceiver, int, java.lang.String, android.os.Bundle, java.lang.String[], int, android.os.Bundle, boolean, boolean, int)(ActivityManagerService.java:18551) waiters=2 in android.content.pm.UserInfo com.android.server.am.UserController.getCurrentUser() for 834ms
05-20 18:32:18.488 W/art     ( 1673): Long monitor contention with owner main (1673) at int com.android.server.am.ActivityManagerService.broadcastIntent(android.app.IApplicationThread, android.content.Intent, java.lang.String, android.content.IIntentReceiver, int, java.lang.String, android.os.Bundle, java.lang.String[], int, android.os.Bundle, boolean, boolean, int)(ActivityManagerService.java:18551) waiters=2 in void com.android.server.am.ActivityManagerService$LocalService.notifyAppTransitionFinished() for 837ms
05-20 18:32:18.490 W/art     ( 1673): Long monitor contention with owner main (1673) at int com.android.server.am.ActivityManagerService.broadcastIntent(android.app.IApplicationThread, android.content.Intent, java.lang.String, android.content.IIntentReceiver, int, java.lang.String, android.os.Bundle, java.lang.String[], int, android.os.Bundle, boolean, boolean, int)(ActivityManagerService.java:18551) waiters=3 in void com.android.server.am.ActivityManagerService.dispatchUidsChanged() for 810ms
05-20 18:32:18.500 W/art     ( 1673): Long monitor contention with owner Binder:1673_1 (1691) at void com.android.server.am.ActivityManagerService.attachApplication(android.app.IApplicationThread)(ActivityManagerService.java:6669) waiters=3 in android.content.Intent com.android.server.am.ActivityManagerService.registerReceiver(android.app.IApplicationThread, java.lang.String, android.content.IIntentReceiver, android.content.IntentFilter, java.lang.String, int) for 734ms
05-20 18:32:18.502 D/ConditionProviders.SCP( 1673): onConnected
05-20 18:32:18.505 D/ZenLog  ( 1673): set_zen_mode: off,readXml
05-20 18:32:18.512 I/SoftMPEG4Encoder( 1331): Construct SoftMPEG4Encoder
05-20 18:32:18.589 W/ACodec  ( 1337): do not know color format 0x7f000789 = 2130708361
05-20 18:32:18.602 E/OMXNodeInstance( 1331): getConfig(5330015:google.h263.encoder, ConfigAndroidIntraRefresh(0x6f60000a)) ERROR: Undefined(0x80001001)
05-20 18:32:18.789 W/System  ( 2167): ClassLoader referenced unknown path: /system/priv-app/Settings/lib/x86_64
05-20 18:32:18.811 I/MediaPlayerService( 1337): MediaPlayerService::getOMX
05-20 18:32:18.814 I/OMXClient( 1337): MuxOMX ctor
05-20 18:32:18.817 I/OMXMaster( 1331): makeComponentInstance(OMX.google.h264.encoder) in mediacodec process
05-20 18:32:18.825 D/ConditionProviders( 1673): Subscribing to condition://android/schedule?days=1.2.3.4.5&start=22.0&end=7.0&exitAtAlarm=false with ComponentInfo{android/com.android.server.notification.ScheduleConditionProvider}
05-20 18:32:18.825 D/ZenLog  ( 1673): subscribe: condition://android/schedule?days=1.2.3.4.5&start=22.0&end=7.0&exitAtAlarm=false,ok
05-20 18:32:18.826 D/ConditionProviders( 1673): Subscribing to condition://android/schedule?days=6.7&start=23.30&end=10.0&exitAtAlarm=false with ComponentInfo{android/com.android.server.notification.ScheduleConditionProvider}
05-20 18:32:18.826 D/ZenLog  ( 1673): subscribe: condition://android/schedule?days=6.7&start=23.30&end=10.0&exitAtAlarm=false,ok
05-20 18:32:18.827 D/ConditionProviders( 1673): Subscribing to condition://android/event?userId=-10000&calendar=&reply=1 with ComponentInfo{android/com.android.server.notification.EventConditionProvider}
05-20 18:32:18.827 D/ZenLog  ( 1673): subscribe: condition://android/event?userId=-10000&calendar=&reply=1,ok
05-20 18:32:19.046 D/RttService( 1673): SCAN_AVAILABLE : 1
05-20 18:32:19.047 D/RttService( 1673): DefaultState got{ when=0 what=160513 target=com.android.internal.util.StateMachine$SmHandler }
05-20 18:32:19.048 D/ZenLog  ( 1673): set_zen_mode: off,cleanUpZenRules
05-20 18:32:19.054 I/WifiScanningService( 1673): wifi driver unloaded
05-20 18:32:19.214 I/Process ( 1673): Sending signal. PID: 2153 SIG: 3
05-20 18:32:19.218 I/art     ( 2153): Thread[3,tid=2159,WaitingInMainSignalCatcherLoop,Thread*=0x73a0bde96400,peer=0x12c00af0,"Signal Catcher"]: reacting to signal 3
05-20 18:32:19.218 I/art     ( 2153): 
05-20 18:32:19.240 W/art     ( 2153): Suspending all threads took: 20.920ms
05-20 18:32:19.304 W/System  ( 1673): ClassLoader referenced unknown path: /system/priv-app/Telecom/lib/x86_64
05-20 18:32:19.308 D/ApplicationLoaders( 1673): ignored Vulkan layer search path /system/priv-app/Telecom/lib/x86_64:/system/priv-app/Telecom/Telecom.apk!/lib/x86_64:/system/lib64:/vendor/lib64 for namespace 0x73a0c26e61d0
05-20 18:32:19.491 W/System  ( 2153): ClassLoader referenced unknown path: /system/priv-app/TelephonyProvider/lib/x86_64
05-20 18:32:19.613 D/ApplicationLoaders( 2153): ignored Vulkan layer search path /system/priv-app/TelephonyProvider/lib/x86_64:/system/lib64:/vendor/lib64 for namespace 0x73a0c26d60f0
05-20 18:32:19.883 E/BluetoothAdapter( 1673): Bluetooth binder is null
05-20 18:32:20.070 I/Telecom ( 1673): SystemStateProvider: Registering car mode receiver: android.content.IntentFilter@90f0248: TS.init@AAA
05-20 18:32:20.179 W/ACodec  ( 1337): do not know color format 0x7f000789 = 2130708361
05-20 18:32:20.281 I/Telecom ( 1673): Telecom: Non-call EVENT: AUDIO_ROUTE, Entering state QuiescentEarpieceRoute
05-20 18:32:20.329 I/Telecom ( 1673): CallAudioModeStateMachine: Message received: null.: TS.init->CAMSM.pM_1@AAA_0
05-20 18:32:20.363 I/MediaPlayerService( 1337): MediaPlayerService::getOMX
05-20 18:32:20.365 I/OMXClient( 1337): MuxOMX ctor
05-20 18:32:20.366 I/OMXMaster( 1331): makeComponentInstance(OMX.google.mpeg4.encoder) in mediacodec process
05-20 18:32:20.398 E/BluetoothAdapter( 1673): Bluetooth binder is null
05-20 18:32:20.449 I/Telecom ( 1673): Class: TelecomSystem.INSTANCE being set
05-20 18:32:20.531 E/ActivityThread( 1673): Failed to find provider info for call_log
05-20 18:32:20.532 E/BluetoothAdapter( 1673): Bluetooth binder is null
05-20 18:32:20.537 W/ContextImpl( 1673): Calling a method in the system process without a qualified user: android.app.ContextImpl.startService:1357 com.android.server.content.SyncManager$13.run:658 android.os.Handler.handleCallback:751 android.os.Handler.dispatchMessage:95 android.os.Looper.loop:154 
05-20 18:32:20.630 I/art     ( 2153): Wrote stack traces to '/data/anr/traces.txt'
05-20 18:32:20.983 I/SoftMPEG4Encoder( 1331): Construct SoftMPEG4Encoder
05-20 18:32:20.994 W/ACodec  ( 1337): do not know color format 0x7f000789 = 2130708361
05-20 18:32:20.995 E/OMXNodeInstance( 1331): getConfig(5330017:google.mpeg4.encoder, ConfigAndroidIntraRefresh(0x6f60000a)) ERROR: Undefined(0x80001001)
05-20 18:32:21.073 I/MediaPlayerService( 1337): MediaPlayerService::getOMX
05-20 18:32:21.074 I/OMXClient( 1337): MuxOMX ctor
05-20 18:32:21.075 I/OMXMaster( 1331): makeComponentInstance(OMX.google.vp8.encoder) in mediacodec process
05-20 18:32:22.036 I/art     ( 1961): Background sticky concurrent mark sweep GC freed 18376(2MB) AllocSpace objects, 2(40KB) LOS objects, 30% free, 6MB/10MB, paused 2.079ms total 374.157ms
05-20 18:32:22.067 W/ACodec  ( 1337): do not know color format 0x7f000789 = 2130708361
05-20 18:32:22.069 E/OMXNodeInstance( 1331): getConfig(5330018:google.vp8.encoder, ConfigAndroidIntraRefresh(0x6f60000a)) ERROR: Undefined(0x80001001)
05-20 18:32:22.156 I/MediaPlayerService( 1337): MediaPlayerService::getOMX
05-20 18:32:22.157 I/OMXClient( 1337): MuxOMX ctor
05-20 18:32:22.168 I/MediaPlayerService( 1337): MediaPlayerService::getOMX
05-20 18:32:22.169 I/OMXClient( 1337): MuxOMX ctor
05-20 18:32:22.173 W/MediaCodecList( 1337): unable to open media codecs configuration xml file: /data/misc/media/media_codecs_profiling_results.xml
05-20 18:32:22.211 I/MediaPlayerService( 1337): MediaPlayerService::getOMX
05-20 18:32:22.214 I/OMXClient( 1961): MuxOMX ctor
05-20 18:32:22.219 I/MediaPlayerService( 1337): MediaPlayerService::getOMX
05-20 18:32:22.233 I/OMXMaster( 1331): makeComponentInstance(OMX.google.vorbis.decoder) in mediacodec process
05-20 18:32:22.323 I/OMXClient( 1673): MuxOMX ctor
05-20 18:32:22.652 I/OMXMaster( 1331): makeComponentInstance(OMX.google.vorbis.decoder) in mediacodec process
05-20 18:32:23.665 I/MediaPlayerService( 1337): MediaPlayerService::getOMX
05-20 18:32:23.667 I/OMXClient( 1961): MuxOMX ctor
05-20 18:32:23.683 I/OMXMaster( 1331): makeComponentInstance(OMX.google.vorbis.decoder) in mediacodec process
05-20 18:32:24.893 D/TelephonyProvider( 2153): dbh.onOpen: ok, queried table=siminfo
05-20 18:32:24.895 D/TelephonyProvider( 2153): dbh.onOpen: ok, queried table=carriers
05-20 18:32:24.999 I/MediaPlayerService( 1337): MediaPlayerService::getOMX
05-20 18:32:25.011 I/OMXClient( 1961): MuxOMX ctor
05-20 18:32:25.015 I/OMXMaster( 1331): makeComponentInstance(OMX.google.vorbis.decoder) in mediacodec process
05-20 18:32:25.804 W/System  ( 1673): ClassLoader referenced unknown path: /system/priv-app/FusedLocation/lib/x86_64
05-20 18:32:25.813 D/ApplicationLoaders( 1673): ignored Vulkan layer search path /system/priv-app/FusedLocation/lib/x86_64:/system/priv-app/FusedLocation/FusedLocation.apk!/lib/x86_64:/system/lib64:/vendor/lib64 for namespace 0x73a0c26e6240
05-20 18:32:25.984 D/GpsNetInitiatedHandler( 1673): location enabled :true
05-20 18:32:25.985 V/WiredAccessoryManager( 1673): notifyWiredAccessoryChanged: when=0 bits= mask=54
05-20 18:32:25.985 V/WiredAccessoryManager( 1673): newName=h2w newState=0 headsetState=0 prev headsetState=0
05-20 18:32:25.985 E/WiredAccessoryManager( 1673): No state change.
05-20 18:32:25.985 V/WiredAccessoryManager( 1673): init()
05-20 18:32:26.031 D/ConditionProviders.SCP( 1673): onSubscribe condition://android/schedule?days=1.2.3.4.5&start=22.0&end=7.0&exitAtAlarm=false
05-20 18:32:26.035 D/ConditionProviders.SCP( 1673): setRegistered true
05-20 18:32:26.038 D/ConditionProviders.SCP( 1673): notifyCondition condition://android/schedule?days=1.2.3.4.5&start=22.0&end=7.0&exitAtAlarm=false STATE_FALSE reason=!meetsSchedule
05-20 18:32:26.186 D/ConditionProviders.SCP( 1673): Scheduling evaluate for Thu May 20 22:00:00 UTC 2021 (1621548000000), in +3h27m33s964ms, now=Thu May 20 18:32:26 UTC 2021 (1621535546036)
05-20 18:32:26.187 D/ConditionProviders.SCP( 1673): onSubscribe condition://android/schedule?days=6.7&start=23.30&end=10.0&exitAtAlarm=false
05-20 18:32:26.189 D/ConditionProviders.SCP( 1673): notifyCondition condition://android/schedule?days=6.7&start=23.30&end=10.0&exitAtAlarm=false STATE_FALSE reason=!meetsSchedule
05-20 18:32:26.189 D/ConditionProviders.SCP( 1673): notifyCondition condition://android/schedule?days=1.2.3.4.5&start=22.0&end=7.0&exitAtAlarm=false STATE_FALSE reason=!meetsSchedule
05-20 18:32:26.194 D/ConditionProviders.SCP( 1673): Scheduling evaluate for Thu May 20 22:00:00 UTC 2021 (1621548000000), in +3h27m33s812ms, now=Thu May 20 18:32:26 UTC 2021 (1621535546188)
05-20 18:32:26.285 I/Telecom ( 1673): WiredHeadsetManager: ACTION_HEADSET_PLUG event, plugged in: false, : WHC.oADA@AAE
05-20 18:32:26.427 I/ActivityManager( 1673): user 0 is still locked. Cannot load recents
05-20 18:32:26.632 I/Process ( 1673): Sending signal. PID: 1961 SIG: 3
05-20 18:32:26.640 I/art     ( 1961): Thread[3,tid=1973,WaitingInMainSignalCatcherLoop,Thread*=0x73a0bde96400,peer=0x12c005e0,"Signal Catcher"]: reacting to signal 3
05-20 18:32:26.640 I/art     ( 1961): 
05-20 18:32:26.900 W/WindowManager( 1673): App freeze timeout expired.
05-20 18:32:26.901 W/WindowManager( 1673): Force clearing freeze: AppWindowToken{8a088ef token=Token{4ccc6c9 ActivityRecord{fd96d0 u0 com.android.settings/.FallbackHome t1}}}
05-20 18:32:26.923 I/WindowManager( 1673): Screen frozen for +8s986ms due to Window{910066b u0 KeyguardScrim}
05-20 18:32:27.063 W/        ( 1276): debuggerd: handling request: pid=1321 uid=1000 gid=1003 tid=1321
05-20 18:32:27.767 I/art     ( 1961): Wrote stack traces to '/data/anr/traces.txt'
05-20 18:32:27.883 W/        ( 1276): debuggerd: resuming target 1321
05-20 18:32:27.984 W/        ( 1276): debuggerd: handling request: pid=1326 uid=1041 gid=1005 tid=1326
05-20 18:32:28.235 W/        ( 1275): debuggerd: handling request: pid=1326 uid=1041 gid=1005 tid=1326
05-20 18:32:28.283 W/SystemConfig( 2153): No directory /system/etc/sysconfig, skipping
05-20 18:32:28.618 D/PhoneSwitcherNetworkRequstListener( 2153): Registering NetworkFactory
05-20 18:32:28.831 W/art     ( 1673): Long monitor contention with owner android.bg (1703) at boolean android.os.MessageQueue.enqueueMessage(android.os.Message, long)(MessageQueue.java:541) waiters=0 in android.os.Message android.os.MessageQueue.next() for 1.124s
05-20 18:32:28.835 W/art     ( 1673): Long monitor contention with owner android.bg (1703) at boolean android.os.MessageQueue.enqueueMessage(android.os.Message, long)(MessageQueue.java:541) waiters=1 in boolean android.os.MessageQueue.enqueueMessage(android.os.Message, long) for 210ms
05-20 18:32:28.841 D/ConnectivityService( 1673): Got NetworkFactory Messenger for PhoneSwitcherNetworkRequstListener
05-20 18:32:28.986 D/ConnectivityService( 1673): Got NetworkFactory Messenger for TelephonyNetworkFactory[0]
05-20 18:32:29.201 D/CarrierConfigLoader( 2153): CarrierConfigLoader has started
05-20 18:32:29.204 E/BluetoothAdapter( 2153): Bluetooth binder is null
05-20 18:32:29.337 I/Telephony( 2153): TtyManager: updateUiTtyMode -1 -> 0
05-20 18:32:29.506 W/        ( 1275): debuggerd: resuming target 1326
05-20 18:32:29.508 W/        ( 1276): debuggerd: handling request: pid=1327 uid=1047 gid=1005 tid=1327
05-20 18:32:29.515 W/        ( 1275): debuggerd: handling request: pid=1327 uid=1047 gid=1005 tid=1327
05-20 18:32:29.799 D/AlarmManagerService( 1673): Kernel timezone updated to 0 minutes west of GMT
05-20 18:32:29.837 D/AlarmManagerService( 1673): Setting time of day to sec=1621535549
05-20 18:32:29.825 W/AlarmManagerService( 1673): Unable to set rtc to 1621535549: No such device
05-20 18:32:29.835 I/art     ( 1673): Starting a blocking GC Explicit
05-20 18:32:30.012 W/        ( 1275): debuggerd: resuming target 1327
05-20 18:32:30.068 W/        ( 1276): debuggerd: handling request: pid=1328 uid=1019 gid=1019 tid=1328
05-20 18:32:30.070 W/        ( 1275): debuggerd: handling request: pid=1328 uid=1019 gid=1019 tid=1328
05-20 18:32:30.889 D/gralloc_ranchu( 2167): Emulator without host-side GPU emulation detected. Loading gralloc.default.so from /vendor/lib64/hw/gralloc.goldfish.default.so...
05-20 18:32:30.893 D/gralloc_ranchu( 2167): gralloc.default.so not found in /vendor. Trying /system/lib64/hw/gralloc.goldfish.default.so...
05-20 18:32:31.331 D/PhoneSwitcherNetworkRequstListener( 2153): got request NetworkRequest [ REQUEST id=1, [ Capabilities: INTERNET&NOT_RESTRICTED&TRUSTED&NOT_VPN] ] with score 0
05-20 18:32:31.335 W/art     ( 1673): Long monitor contention with owner AsyncTask #1 (1931) at void android.os.MessageQueue.nativeWake(long)(MessageQueue.java:-2) waiters=0 in android.os.Message android.os.MessageQueue.next() for 821ms
05-20 18:32:31.336 W/art     ( 1673): Long monitor contention with owner AsyncTask #1 (1931) at void android.os.MessageQueue.nativeWake(long)(MessageQueue.java:-2) waiters=1 in boolean android.os.MessageQueue.enqueueMessage(android.os.Message, long) for 730ms
05-20 18:32:31.337 W/art     ( 1673): Long monitor contention with owner AsyncTask #1 (1931) at void android.os.MessageQueue.nativeWake(long)(MessageQueue.java:-2) waiters=2 in boolean android.os.MessageQueue.enqueueMessage(android.os.Message, long) for 658ms
05-20 18:32:31.355 D/TelephonyDebugService( 2153): TelephonyDebugService()
05-20 18:32:31.364 D/CarrierConfigLoader( 2153): mHandler: 12 phoneId: 0
05-20 18:32:31.405 W/art     ( 1673): Suspending all threads took: 41.701ms
05-20 18:32:31.473 I/art     ( 1673): Explicit concurrent mark sweep GC freed 26691(2MB) AllocSpace objects, 13(4MB) LOS objects, 30% free, 9MB/13MB, paused 45.296ms total 1.627s
05-20 18:32:31.491 I/art     ( 1673): Wrote stack traces to '/data/anr/traces.txt'
05-20 18:32:31.539 I/ActivityManager( 1673): Displayed com.android.settings/.FallbackHome: +14s657ms
05-20 18:32:31.812 I/GnssLocationProvider( 1673): WakeLock released by handleMessage(13, 0, null)
05-20 18:32:31.819 W/        ( 1275): debuggerd: resuming target 1328
05-20 18:32:31.834 W/        ( 1276): debuggerd: handling request: pid=1331 uid=1046 gid=1006 tid=1331
05-20 18:32:31.846 W/        ( 1275): debuggerd: handling request: pid=1331 uid=1046 gid=1006 tid=1331
05-20 18:32:32.993 W/        ( 1275): debuggerd: resuming target 1331
05-20 18:32:33.241 W/        ( 1276): debuggerd: handling request: pid=1335 uid=1013 gid=1031 tid=1335
05-20 18:32:33.279 W/        ( 1275): debuggerd: handling request: pid=1335 uid=1013 gid=1031 tid=1335
05-20 18:32:34.155 W/        ( 1275): debuggerd: resuming target 1335
05-20 18:32:34.158 W/        ( 1276): debuggerd: handling request: pid=1336 uid=1040 gid=1026 tid=1336
05-20 18:32:34.160 W/        ( 1275): debuggerd: handling request: pid=1336 uid=1040 gid=1026 tid=1336
05-20 18:32:34.809 W/        ( 1275): debuggerd: resuming target 1336
05-20 18:32:34.812 W/        ( 1276): debuggerd: handling request: pid=1337 uid=1013 gid=1005 tid=1337
05-20 18:32:34.896 W/        ( 1275): debuggerd: handling request: pid=1337 uid=1013 gid=1005 tid=1337
05-20 18:32:35.201 W/        ( 1275): debuggerd: resuming target 1337
05-20 18:32:35.204 W/        ( 1276): debuggerd: handling request: pid=2018 uid=1023 gid=1023 tid=2018
05-20 18:32:35.568 W/System  ( 1961): ClassLoader referenced unknown path: 
05-20 18:32:35.570 W/System  ( 1961): ClassLoader referenced unknown path: /system/priv-app/Dialer/lib/x86_64
05-20 18:32:35.658 D/ApplicationLoaders( 1961): ignored Vulkan layer search path /system/priv-app/Dialer/lib/x86_64:/system/lib64:/vendor/lib64 for namespace 0x73a0c26d60f0
05-20 18:32:35.733 W/        ( 1276): debuggerd: resuming target 2018
05-20 18:32:35.756 E/GnssLocationProvider( 1673): no AGPS interface in set_agps_server
05-20 18:32:35.793 W/        ( 1276): debuggerd: handling request: pid=2081 uid=1023 gid=1023 tid=2081
05-20 18:32:36.056 W/        ( 1276): debuggerd: resuming target 2081
05-20 18:32:37.018 E/ActivityThread( 1673): Failed to find provider info for com.android.calendar
05-20 18:32:37.019 E/ActivityThread( 1673): Failed to find provider info for com.android.calendar
05-20 18:32:37.197 I/GnssLocationProvider( 1673): WakeLock released by handleMessage(2, 1, null)
05-20 18:32:37.200 W/art     ( 1673): Long monitor contention with owner android.bg (1703) at boolean android.os.MessageQueue.enqueueMessage(android.os.Message, long)(MessageQueue.java:541) waiters=0 in android.os.Message android.os.MessageQueue.next() for 1.438s
05-20 18:32:37.275 W/art     ( 1673): Long monitor contention with owner android.bg (1703) at void com.android.server.power.PowerManagerService.releaseWakeLockInternal(android.os.IBinder, int)(PowerManagerService.java:937) waiters=0 in boolean com.android.server.power.PowerManagerService.isLowPowerModeInternal() for 590ms
05-20 18:32:37.606 E/BluetoothAdapter( 1961): Bluetooth binder is null
05-20 18:32:37.977 I/CameraManagerGlobal( 1961): Connecting to camera service
05-20 18:32:38.103 V/EmulatedCamera_Camera( 1327): getCameraInfo
05-20 18:32:38.104 V/EmulatedCamera_BaseCamera( 1327): getCameraInfo
05-20 18:32:38.165 I/CameraService( 1327): getCameraCharacteristics: Switching to HAL1 shim implementation...
05-20 18:32:38.165 V/EmulatedCamera_Camera( 1327): getCameraInfo
05-20 18:32:38.165 V/EmulatedCamera_BaseCamera( 1327): getCameraInfo
05-20 18:32:38.167 I/CameraService( 1327): CameraService::connect call (PID -1 "cameraserver", camera ID 0) for HAL version default and Camera API version 1
05-20 18:32:38.302 E/CameraService( 1327): getCameraPriorityFromProcState: Received invalid process state -1 from ActivityManagerService!
05-20 18:32:38.303 V/EmulatedCamera_Camera( 1327): getCameraInfo
05-20 18:32:38.303 V/EmulatedCamera_BaseCamera( 1327): getCameraInfo
05-20 18:32:38.689 E/WVMExtractor( 1337): Failed to open libwvm.so: dlopen failed: library "libwvm.so" not found
05-20 18:32:38.730 W/art     ( 2153): Long monitor contention with owner AsyncTask #1 (2263) at void android.os.MessageQueue.nativeWake(long)(MessageQueue.java:-2) waiters=0 in android.os.Message android.os.MessageQueue.next() for 7.076s
05-20 18:32:38.894 I/LatinIME:LogUtils( 1950): Dictionary info: dictionary = main:en ; version = 54 ; date = 1414726273
05-20 18:32:39.005 D/NuPlayerDriver( 1337): notifyListener_l(0xeb68c300), (1, 0, 0), loop setting(0, 0)
05-20 18:32:39.114 W/ProcessCpuTracker( 1673): Skipping unknown process pid 2278
05-20 18:32:39.207 W/ProcessCpuTracker( 1673): Skipping unknown process pid 2281
05-20 18:32:39.392 D/NuPlayerDriver( 1337): notifyListener_l(0xeb68c3c0), (1, 0, 0), loop setting(0, 0)
05-20 18:32:39.421 E/ActivityThread( 2153): Failed to find provider info for com.android.contacts
05-20 18:32:39.421 W/CallerInfoCache( 2153): cursor is null
05-20 18:32:39.705 D/NuPlayerDriver( 1337): notifyListener_l(0xeb68c420), (1, 0, 0), loop setting(0, 0)
05-20 18:32:39.794 I/CameraFlashlight( 1327): Opening camera 0
05-20 18:32:39.801 V/EmulatedCamera_Camera( 1327): getCameraInfo
05-20 18:32:39.801 V/EmulatedCamera_BaseCamera( 1327): getCameraInfo
05-20 18:32:39.801 V/EmulatedCamera_Camera( 1327): connectCamera
05-20 18:32:39.801 V/EmulatedCamera_FakeDevice( 1327): connectDevice
05-20 18:32:39.802 V/EmulatedCamera_CallbackNotifier( 1327): setCallbacks: 0xeb59ae80, 0xeb59aed0, 0xeb59aff0, 0xeb59b110 (0xea5901e0)
05-20 18:32:39.802 V/EmulatedCamera_CallbackNotifier( 1327): enableMessage: msg_type = 0xc0d
05-20 18:32:39.802 V/EmulatedCamera_CallbackNotifier( 1327):     CAMERA_MSG_ERROR
05-20 18:32:39.802 V/EmulatedCamera_CallbackNotifier( 1327):     CAMERA_MSG_FOCUS
05-20 18:32:39.802 V/EmulatedCamera_CallbackNotifier( 1327):     CAMERA_MSG_ZOOM
05-20 18:32:39.802 V/EmulatedCamera_CallbackNotifier( 1327):     CAMERA_MSG_PREVIEW_METADATA
05-20 18:32:39.802 V/EmulatedCamera_CallbackNotifier( 1327): **** Currently enabled messages:
05-20 18:32:39.802 V/EmulatedCamera_CallbackNotifier( 1327):     CAMERA_MSG_ERROR
05-20 18:32:39.802 V/EmulatedCamera_CallbackNotifier( 1327):     CAMERA_MSG_FOCUS
05-20 18:32:39.802 V/EmulatedCamera_CallbackNotifier( 1327):     CAMERA_MSG_ZOOM
05-20 18:32:39.802 V/EmulatedCamera_CallbackNotifier( 1327):     CAMERA_MSG_PREVIEW_METADATA
05-20 18:32:39.891 V/EmulatedCamera_CallbackNotifier( 1327): disableMessage: msg_type = 0xffff
05-20 18:32:39.892 V/EmulatedCamera_CallbackNotifier( 1327):     CAMERA_MSG_ERROR
05-20 18:32:39.892 V/EmulatedCamera_CallbackNotifier( 1327):     CAMERA_MSG_SHUTTER
05-20 18:32:39.892 V/EmulatedCamera_CallbackNotifier( 1327):     CAMERA_MSG_FOCUS
05-20 18:32:39.892 V/EmulatedCamera_CallbackNotifier( 1327):     CAMERA_MSG_ZOOM
05-20 18:32:39.892 V/EmulatedCamera_CallbackNotifier( 1327):     CAMERA_MSG_PREVIEW_FRAME
05-20 18:32:39.892 V/EmulatedCamera_CallbackNotifier( 1327):     CAMERA_MSG_VIDEO_FRAME
05-20 18:32:39.892 V/EmulatedCamera_CallbackNotifier( 1327):     CAMERA_MSG_POSTVIEW_FRAME
05-20 18:32:39.892 V/EmulatedCamera_CallbackNotifier( 1327):     CAMERA_MSG_RAW_IMAGE
05-20 18:32:39.892 V/EmulatedCamera_CallbackNotifier( 1327):     CAMERA_MSG_COMPRESSED_IMAGE
05-20 18:32:39.892 V/EmulatedCamera_CallbackNotifier( 1327):     CAMERA_MSG_RAW_IMAGE_NOTIFY
05-20 18:32:39.892 V/EmulatedCamera_CallbackNotifier( 1327):     CAMERA_MSG_PREVIEW_METADATA
05-20 18:32:39.892 V/EmulatedCamera_CallbackNotifier( 1327): **** Currently enabled messages:
05-20 18:32:39.892 V/EmulatedCamera_Preview( 1327): setPreviewWindow: current: 0x0 -> new: 0x0
05-20 18:32:39.892 V/EmulatedCamera_Camera( 1327): doStopPreview
05-20 18:32:39.898 V/EmulatedCamera_Camera( 1327): cancelPicture
05-20 18:32:39.898 V/EmulatedCamera_Camera( 1327): releaseCamera
05-20 18:32:39.898 V/EmulatedCamera_Camera( 1327): doStopPreview
05-20 18:32:39.898 V/EmulatedCamera_FakeDevice( 1327): disconnectDevice
05-20 18:32:39.898 W/EmulatedCamera_Device( 1327): Initialize: Emulated camera device is already initialized: mState = 1
05-20 18:32:39.898 D/EmulatedCamera_FakeCamera( 1327): Initialize: Fake camera is facing back
05-20 18:32:39.900 V/EmulatedCamera_Device( 1327): initializeWhiteBalanceModes with auto, 1.000000, 1.000000
05-20 18:32:39.900 V/EmulatedCamera_Device( 1327): initializeWhiteBalanceModes with incandescent, 1.380000, 0.600000
05-20 18:32:39.900 V/EmulatedCamera_Device( 1327): initializeWhiteBalanceModes with daylight, 1.090000, 0.920000
05-20 18:32:39.900 V/EmulatedCamera_Device( 1327): initializeWhiteBalanceModes with twilight, 0.920000, 1.220000
05-20 18:32:39.900 V/EmulatedCamera_Device( 1327): setWhiteBalanceMode with white balance auto
05-20 18:32:39.901 I/CameraFlashlight( 1327): Destroying camera 0
05-20 18:32:39.901 V/EmulatedCamera_Camera( 1327): closeCamera
05-20 18:32:39.901 V/EmulatedCamera_Camera( 1327): doStopPreview
05-20 18:32:39.901 W/EmulatedCamera_Device( 1327): Initialize: Emulated camera device is already initialized: mState = 1
05-20 18:32:39.901 D/EmulatedCamera_FakeCamera( 1327): Initialize: Fake camera is facing back
05-20 18:32:39.901 V/EmulatedCamera_Device( 1327): initializeWhiteBalanceModes with auto, 1.000000, 1.000000
05-20 18:32:39.902 V/EmulatedCamera_Device( 1327): initializeWhiteBalanceModes with incandescent, 1.380000, 0.600000
05-20 18:32:39.902 V/EmulatedCamera_Device( 1327): initializeWhiteBalanceModes with daylight, 1.090000, 0.920000
05-20 18:32:39.902 V/EmulatedCamera_Device( 1327): initializeWhiteBalanceModes with twilight, 0.920000, 1.220000
05-20 18:32:39.902 V/EmulatedCamera_Device( 1327): setWhiteBalanceMode with white balance auto
05-20 18:32:39.966 I/CameraService( 1327): disconnect: Disconnected client for camera 0 for PID 1327
05-20 18:32:39.967 D/NuPlayerDriver( 1337): reset(0xeb68c300) at state 4
05-20 18:32:39.967 D/NuPlayerDriver( 1337): notifyListener_l(0xeb68c300), (8, 0, 0), loop setting(0, 0)
05-20 18:32:39.969 D/NuPlayerDriver( 1337): notifyResetComplete(0xeb68c300)
05-20 18:32:40.146 D/NuPlayerDriver( 1337): reset(0xeb68c3c0) at state 4
05-20 18:32:40.147 D/NuPlayerDriver( 1337): notifyListener_l(0xeb68c3c0), (8, 0, 0), loop setting(0, 0)
05-20 18:32:40.147 D/NuPlayerDriver( 1337): notifyResetComplete(0xeb68c3c0)
05-20 18:32:40.213 D/NuPlayerDriver( 1337): reset(0xeb68c420) at state 4
05-20 18:32:40.213 D/NuPlayerDriver( 1337): notifyListener_l(0xeb68c420), (8, 0, 0), loop setting(0, 0)
05-20 18:32:40.251 D/NuPlayerDriver( 1337): notifyResetComplete(0xeb68c420)
05-20 18:32:40.341 V/EmulatedCamera_Camera( 1327): getCameraInfo
05-20 18:32:40.342 V/EmulatedCamera_BaseCamera( 1327): getCameraInfo
05-20 18:32:40.357 V/EmulatedCamera_Camera( 1327): getCameraInfo
05-20 18:32:40.357 V/EmulatedCamera_BaseCamera( 1327): getCameraInfo
05-20 18:32:40.871 I/StatusBar( 1961): isKeyguardShowing() called before startKeyguard(), returning true
05-20 18:32:40.873 W/StatusBar( 1961): isKeyguardSecure() called before startKeyguard(), returning false
05-20 18:32:40.873 W/StatusBar( 1961): java.lang.Throwable
05-20 18:32:40.873 W/StatusBar( 1961): 	at com.android.systemui.statusbar.BaseStatusBar.isKeyguardSecure(BaseStatusBar.java:2647)
05-20 18:32:40.873 W/StatusBar( 1961): 	at com.android.systemui.statusbar.BaseStatusBar.isCameraAllowedByAdmin(BaseStatusBar.java:2670)
05-20 18:32:40.873 W/StatusBar( 1961): 	at com.android.systemui.statusbar.phone.KeyguardBottomAreaView.updateCameraVisibility(KeyguardBottomAreaView.java:309)
05-20 18:32:40.873 W/StatusBar( 1961): 	at com.android.systemui.statusbar.phone.KeyguardBottomAreaView.setPhoneStatusBar(KeyguardBottomAreaView.java:272)
05-20 18:32:40.873 W/StatusBar( 1961): 	at com.android.systemui.statusbar.phone.PhoneStatusBar.makeStatusBarView(PhoneStatusBar.java:904)
05-20 18:32:40.873 W/StatusBar( 1961): 	at com.android.systemui.statusbar.phone.PhoneStatusBar.addStatusBarWindow(PhoneStatusBar.java:3432)
05-20 18:32:40.873 W/StatusBar( 1961): 	at com.android.systemui.statusbar.phone.PhoneStatusBar.createAndAddWindows(PhoneStatusBar.java:3428)
05-20 18:32:40.873 W/StatusBar( 1961): 	at com.android.systemui.statusbar.BaseStatusBar.start(BaseStatusBar.java:765)
05-20 18:32:40.873 W/StatusBar( 1961): 	at com.android.systemui.statusbar.phone.PhoneStatusBar.start(PhoneStatusBar.java:686)
05-20 18:32:40.873 W/StatusBar( 1961): 	at com.android.systemui.statusbar.SystemBars.createStatusBarFromConfig(SystemBars.java:106)
05-20 18:32:40.873 W/StatusBar( 1961): 	at com.android.systemui.statusbar.SystemBars.onNoService(SystemBars.java:58)
05-20 18:32:40.873 W/StatusBar( 1961): 	at com.android.systemui.statusbar.ServiceMonitor.startService(ServiceMonitor.java:230)
05-20 18:32:40.873 W/StatusBar( 1961): 	at com.android.systemui.statusbar.ServiceMonitor.-wrap5(ServiceMonitor.java)
05-20 18:32:40.873 W/StatusBar( 1961): 	at com.android.systemui.statusbar.ServiceMonitor$1.handleMessage(ServiceMonitor.java:73)
05-20 18:32:40.873 W/StatusBar( 1961): 	at android.os.Handler.dispatchMessage(Handler.java:102)
05-20 18:32:40.873 W/StatusBar( 1961): 	at android.os.Looper.loop(Looper.java:154)
05-20 18:32:40.873 W/StatusBar( 1961): 	at android.app.ActivityThread.main(ActivityThread.java:6119)
05-20 18:32:40.873 W/StatusBar( 1961): 	at java.lang.reflect.Method.invoke(Native Method)
