05-20 18:30:08.243 D/SurfaceFlinger( 1321): shader cache generated - 24 shaders in 14.739422 ms
05-20 18:30:08.407 D/SurfaceFlinger( 1321): Set power mode=2, type=0 flinger=0x74253f047000
05-20 18:30:08.694 V/EmulatedCamera_Preview( 1327): setPreviewWindow: current: 0x0 -> new: 0xeaa43150
05-20 18:30:08.695 V/EmulatedCamera_Preview( 1327): setPreviewWindow: current: 0xeaa43150 -> new: 0x0
05-20 18:30:08.695 V/EmulatedCamera_Camera( 1327): doStopPreview
05-20 18:30:08.696 V/EmulatedCamera_Preview( 1327): setPreviewWindow: current: 0x0 -> new: 0x0
05-20 18:30:08.696 V/EmulatedCamera_Camera( 1327): releaseCamera
05-20 18:30:08.696 V/EmulatedCamera_Camera( 1327): doStopPreview
05-20 18:30:08.696 V/EmulatedCamera_FakeDevice( 1327): disconnectDevice
05-20 18:30:08.696 W/EmulatedCamera_Device( 1327): Initialize: Emulated camera device is already initialized: mState = 1
05-20 18:30:08.697 D/EmulatedCamera_FakeCamera( 1327): Initialize: Fake camera is facing back
05-20 18:30:08.699 V/EmulatedCamera_Device( 1327): initializeWhiteBalanceModes with auto, 1.000000, 1.000000
05-20 18:30:08.699 V/EmulatedCamera_Device( 1327): initializeWhiteBalanceModes with incandescent, 1.380000, 0.600000
05-20 18:30:08.699 V/EmulatedCamera_Device( 1327): initializeWhiteBalanceModes with daylight, 1.090000, 0.920000
05-20 18:30:08.699 V/EmulatedCamera_Device( 1327): initializeWhiteBalanceModes with twilight, 0.920000, 1.220000
05-20 18:30:08.699 V/EmulatedCamera_Device( 1327): setWhiteBalanceMode with white balance auto
05-20 18:30:08.812 I/CameraFlashlight( 1327): Destroying camera 0
05-20 18:30:08.812 V/EmulatedCamera_Camera( 1327): closeCamera
05-20 18:30:08.812 V/EmulatedCamera_Camera( 1327): doStopPreview
05-20 18:30:08.812 W/EmulatedCamera_Device( 1327): Initialize: Emulated camera device is already initialized: mState = 1
05-20 18:30:08.812 D/EmulatedCamera_FakeCamera( 1327): Initialize: Fake camera is facing back
05-20 18:30:08.812 V/EmulatedCamera_Device( 1327): initializeWhiteBalanceModes with auto, 1.000000, 1.000000
05-20 18:30:08.813 V/EmulatedCamera_Device( 1327): initializeWhiteBalanceModes with incandescent, 1.380000, 0.600000
05-20 18:30:08.813 V/EmulatedCamera_Device( 1327): initializeWhiteBalanceModes with daylight, 1.090000, 0.920000
05-20 18:30:08.813 V/EmulatedCamera_Device( 1327): initializeWhiteBalanceModes with twilight, 0.920000, 1.220000
05-20 18:30:08.813 V/EmulatedCamera_Device( 1327): setWhiteBalanceMode with white balance auto
05-20 18:30:08.816 V/EmulatedCamera_Camera( 1327): getCameraInfo
05-20 18:30:08.816 V/EmulatedCamera_BaseCamera( 1327): getCameraInfo
05-20 18:30:08.842 I/ServiceManager( 1327): Waiting for service media.camera.proxy...
05-20 18:30:08.986 V/MediaUtils( 1336): physMem: 1043894272
05-20 18:30:08.987 V/MediaUtils( 1336): requested limit: 208778840
05-20 18:30:08.987 V/MediaUtils( 1336): actual limit: 208778840
05-20 18:30:08.987 V/MediaUtils( 1336): original limits: 4294967295/4294967295
05-20 18:30:08.987 V/MediaUtils( 1336): new limits: 208778840/4294967295
05-20 18:30:08.989 W//system/bin/mediaextractor( 1336): libminijail: allowing syscall: socketcall
05-20 18:30:08.989 W//system/bin/mediaextractor( 1336): libminijail: allowing syscall: writev
05-20 18:30:09.051 W//system/bin/mediaextractor( 1336): libminijail: allowing syscall: fcntl64
05-20 18:30:09.051 W//system/bin/mediaextractor( 1336): libminijail: allowing syscall: clock_gettime
05-20 18:30:09.071 W//system/bin/mediaextractor( 1336): libminijail: logging seccomp filter failures
05-20 18:30:09.860 I/ServiceManager( 1327): Waiting for service media.camera.proxy...
05-20 18:30:10.258 I/mediaserver( 1337): ServiceManager: 0xecebc0a0
05-20 18:30:10.393 W/BatteryNotifier( 1337): batterystats service unavailable!
05-20 18:30:10.643 I/        ( 1326): sMaxFastTracks = 8
05-20 18:30:10.673 I/audioserver( 1326): ServiceManager: 0xf573c020
05-20 18:30:10.675 W/BatteryNotifier( 1326): batterystats service unavailable!
05-20 18:30:10.676 I/AudioFlinger( 1326): Using default 3000 mSec as standby time.
05-20 18:30:10.693 I/AudioPolicyService( 1326): AudioPolicyService CSTOR in new mode
05-20 18:30:10.794 I/mediaserver( 1335): ServiceManager: 0xf33bc0a0
05-20 18:30:10.811 I/APM::ConfigParsingUtils( 1326): loadAudioPolicyConfig() loaded /system/etc/audio_policy.conf
05-20 18:30:10.882 I/ServiceManager( 1327): Waiting for service media.camera.proxy...
05-20 18:30:10.923 D/audio_hw_generic( 1326): Emulator host-side ALSA audio emulation detected.
05-20 18:30:10.925 D/audio_hw_generic( 1326): mixer 0 name Master Playback Volume
05-20 18:30:08.780 W/bootanimation( 1374): type=1400 audit(0.0:9): avc: denied { getattr } for path="/vendor" dev="rootfs" ino=4000 scontext=u:r:bootanim:s0 tcontext=u:object_r:rootfs:s0 tclass=lnk_file permissive=0
05-20 18:30:10.925 D/audio_hw_generic( 1326): set ctl 0 to 100
05-20 18:30:10.926 D/audio_hw_generic( 1326): set ctl 1 to 100
05-20 18:30:10.926 D/audio_hw_generic( 1326): mixer 1 name Master Playback Switch
05-20 18:30:10.926 D/audio_hw_generic( 1326): set ctl 0 to 1
05-20 18:30:10.927 D/audio_hw_generic( 1326): set ctl 1 to 1
05-20 18:30:10.927 D/audio_hw_generic( 1326): mixer 2 name Capture Volume
05-20 18:30:10.927 D/audio_hw_generic( 1326): set ctl 0 to 100
05-20 18:30:10.927 D/audio_hw_generic( 1326): set ctl 1 to 100
05-20 18:30:10.927 D/audio_hw_generic( 1326): mixer 3 name Capture Switch
05-20 18:30:10.927 D/audio_hw_generic( 1326): set ctl 0 to 1
05-20 18:30:10.927 D/audio_hw_generic( 1326): set ctl 1 to 1
05-20 18:30:10.927 D/audio_hw_generic( 1326): mixer 4 name Line Phantom Jack
05-20 18:30:10.927 D/audio_hw_generic( 1326): mixer 5 name Line Out Phantom Jack
05-20 18:30:10.927 D/audio_hw_generic( 1326): mixer 6 name Playback Channel Map
05-20 18:30:10.927 D/audio_hw_generic( 1326): mixer 7 name Capture Channel Map
05-20 18:30:10.928 I/AudioFlinger( 1326): loadHwModule() Loaded primary audio interface from Generic audio HW HAL (audio) handle 10
05-20 18:30:10.929 I/AudioFlinger( 1326): openOutput(), module 10 Device 2, SamplingRate 48000, Format 0x000001, Channels 3, flags 2
05-20 18:30:10.955 I/AudioFlinger( 1326): HAL output buffer size 720 frames, normal sink buffer size 1152 frames
05-20 18:30:11.052 I/BufferProvider( 1326): found effect "Multichannel Downmix To Stereo" from The Android Open Source Project
05-20 18:30:11.057 I/AudioFlinger( 1326): Using module 10 has the primary audio interface
05-20 18:30:11.100 I/AudioFlinger( 1326): AudioFlinger's thread 0xf5183b80 ready to run
05-20 18:30:11.151 W/BatteryNotifier( 1326): batterystats service unavailable!
05-20 18:30:11.154 W/BatteryNotifier( 1326): batterystats service unavailable!
05-20 18:30:11.180 W/BatteryNotifier( 1326): batterystats service unavailable!
05-20 18:30:11.181 W/AudioFlinger( 1326): no wake lock to update, system not ready yet
05-20 18:30:11.190 I/AudioFlinger( 1326): AudioFlinger's thread 0xf4c83c80 ready to run
05-20 18:30:11.241 I/r_submix( 1326): adev_open(name=audio_hw_if)
05-20 18:30:11.242 I/r_submix( 1326): adev_init_check()
05-20 18:30:11.242 I/AudioFlinger( 1326): loadHwModule() Loaded r_submix audio interface from Wifi Display audio HAL (audio) handle 18
05-20 18:30:11.242 D/r_submix( 1326): adev_open_input_stream(addr=0)
05-20 18:30:11.243 D/r_submix( 1326): submix_audio_device_create_pipe_l(addr=0, idx=9)
05-20 18:30:11.243 D/r_submix( 1326):   now using address 0 for route 9
05-20 18:30:11.250 I/AudioFlinger( 1326): AudioFlinger's thread 0xf4d83240 ready to run
05-20 18:30:11.255 D/r_submix( 1326): adev_close_input_stream()
05-20 18:30:11.255 D/r_submix( 1326): submix_audio_device_release_pipe_l(idx=9) addr=0
05-20 18:30:11.255 D/r_submix( 1326): submix_audio_device_destroy_pipe_l(): pipe destroyed
05-20 18:30:11.272 I/RadioService( 1326): RadioService
05-20 18:30:11.272 I/RadioService( 1326): onFirstRef
05-20 18:30:11.273 E/RadioService( 1326): couldn't load radio module radio.primary (No such file or directory)
05-20 18:30:11.275 E/SoundTriggerHwService( 1326): couldn't load sound trigger module sound_trigger.primary (No such file or directory)
05-20 18:30:11.900 I/ServiceManager( 1327): Waiting for service media.camera.proxy...
05-20 18:30:12.903 I/ServiceManager( 1327): Waiting for service media.camera.proxy...
05-20 18:30:14.183 W/BatteryNotifier( 1326): batterystats service unavailable!
05-20 18:30:18.534 D/AndroidRuntime( 1325): >>>>>> START com.android.internal.os.ZygoteInit uid 0 <<<<<<
05-20 18:30:18.816 D/AndroidRuntime( 1325): CheckJNI is ON
05-20 18:30:18.870 I/art     ( 1325): option[0]=-Xzygote
05-20 18:30:18.871 I/art     ( 1325): option[1]=-Xcheck:jni
05-20 18:30:18.871 I/art     ( 1325): option[2]=-Xstacktracefile:/data/anr/traces.txt
05-20 18:30:18.871 I/art     ( 1325): option[3]=exit
05-20 18:30:18.871 I/art     ( 1325): option[4]=vfprintf
05-20 18:30:18.871 I/art     ( 1325): option[5]=sensitiveThread
05-20 18:30:18.871 I/art     ( 1325): option[6]=-verbose:gc
05-20 18:30:18.871 I/art     ( 1325): option[7]=-Xms4m
05-20 18:30:18.871 I/art     ( 1325): option[8]=-Xmx256m
05-20 18:30:18.871 I/art     ( 1325): option[9]=-Xusejit:true
05-20 18:30:18.871 I/art     ( 1325): option[10]=-Xjitsaveprofilinginfo
05-20 18:30:18.871 I/art     ( 1325): option[11]=-agentlib:jdwp=transport=dt_android_adb,suspend=n,server=y
05-20 18:30:18.871 I/art     ( 1325): option[12]=-Xlockprofthreshold:500
05-20 18:30:18.871 I/art     ( 1325): option[13]=-Ximage-compiler-option
05-20 18:30:18.872 I/art     ( 1325): option[14]=--runtime-arg
05-20 18:30:18.872 I/art     ( 1325): option[15]=-Ximage-compiler-option
05-20 18:30:18.872 I/art     ( 1325): option[16]=-Xms64m
05-20 18:30:18.872 I/art     ( 1325): option[17]=-Ximage-compiler-option
05-20 18:30:18.872 I/art     ( 1325): option[18]=--runtime-arg
05-20 18:30:18.872 I/art     ( 1325): option[19]=-Ximage-compiler-option
05-20 18:30:18.872 I/art     ( 1325): option[20]=-Xmx64m
05-20 18:30:18.872 I/art     ( 1325): option[21]=-Ximage-compiler-option
05-20 18:30:18.872 I/art     ( 1325): option[22]=--image-classes=/system/etc/preloaded-classes
05-20 18:30:18.872 I/art     ( 1325): option[23]=-Ximage-compiler-option
05-20 18:30:18.872 I/art     ( 1325): option[24]=--compiled-classes=/system/etc/compiled-classes
05-20 18:30:18.872 I/art     ( 1325): option[25]=-Xcompiler-option
05-20 18:30:18.872 I/art     ( 1325): option[26]=--runtime-arg
05-20 18:30:18.872 I/art     ( 1325): option[27]=-Xcompiler-option
05-20 18:30:18.872 I/art     ( 1325): option[28]=-Xms64m
05-20 18:30:18.872 I/art     ( 1325): option[29]=-Xcompiler-option
05-20 18:30:18.872 I/art     ( 1325): option[30]=--runtime-arg
05-20 18:30:18.872 I/art     ( 1325): option[31]=-Xcompiler-option
05-20 18:30:18.872 I/art     ( 1325): option[32]=-Xmx512m
05-20 18:30:18.872 I/art     ( 1325): option[33]=-Ximage-compiler-option
05-20 18:30:18.872 I/art     ( 1325): option[34]=--instruction-set-variant=x86
05-20 18:30:18.873 I/art     ( 1325): option[35]=-Xcompiler-option
05-20 18:30:18.873 I/art     ( 1325): option[36]=--instruction-set-variant=x86
05-20 18:30:18.873 I/art     ( 1325): option[37]=-Ximage-compiler-option
05-20 18:30:18.873 I/art     ( 1325): option[38]=--instruction-set-features=default
05-20 18:30:18.873 I/art     ( 1325): option[39]=-Xcompiler-option
05-20 18:30:18.873 I/art     ( 1325): option[40]=--instruction-set-features=default
05-20 18:30:18.873 I/art     ( 1325): option[41]=-Duser.locale=en-US
05-20 18:30:18.873 I/art     ( 1325): option[42]=--cpu-abilist=x86
05-20 18:30:18.873 I/art     ( 1325): option[43]=-Xfingerprint:Android/sdk_phone_x86_64/generic_x86_64:7.1.1/NYC/4931657:userdebug/test-keys
05-20 18:30:19.651 D/AndroidRuntime( 1324): >>>>>> START com.android.internal.os.ZygoteInit uid 0 <<<<<<
05-20 18:30:19.815 E/SurfaceFlinger( 1321): ro.sf.lcd_density must be defined as a build property
05-20 18:30:19.874 D/libEGL  ( 1374): Emulator without GPU support detected. Fallback to legacy software renderer, qemu.gles is set to 0.
05-20 18:30:19.889 D/libEGL  ( 1374): loaded /system/lib64/egl/libGLES_android.so
05-20 18:30:19.981 D/AndroidRuntime( 1324): CheckJNI is ON
05-20 18:30:20.040 I/art     ( 1324): option[0]=-Xzygote
05-20 18:30:20.040 I/art     ( 1324): option[1]=-Xcheck:jni
05-20 18:30:20.041 I/art     ( 1324): option[2]=-Xstacktracefile:/data/anr/traces.txt
05-20 18:30:20.041 I/art     ( 1324): option[3]=exit
05-20 18:30:20.041 I/art     ( 1324): option[4]=vfprintf
05-20 18:30:20.041 I/art     ( 1324): option[5]=sensitiveThread
05-20 18:30:20.041 I/art     ( 1324): option[6]=-verbose:gc
05-20 18:30:20.041 I/art     ( 1324): option[7]=-Xms4m
05-20 18:30:20.041 I/art     ( 1324): option[8]=-Xmx256m
05-20 18:30:20.041 I/art     ( 1324): option[9]=-Xusejit:true
05-20 18:30:20.041 I/art     ( 1324): option[10]=-Xjitsaveprofilinginfo
05-20 18:30:20.041 I/art     ( 1324): option[11]=-agentlib:jdwp=transport=dt_android_adb,suspend=n,server=y
05-20 18:30:20.041 I/art     ( 1324): option[12]=-Xlockprofthreshold:500
05-20 18:30:20.041 I/art     ( 1324): option[13]=-Ximage-compiler-option
05-20 18:30:20.041 I/art     ( 1324): option[14]=--runtime-arg
05-20 18:30:20.041 I/art     ( 1324): option[15]=-Ximage-compiler-option
05-20 18:30:20.041 I/art     ( 1324): option[16]=-Xms64m
05-20 18:30:20.041 I/art     ( 1324): option[17]=-Ximage-compiler-option
05-20 18:30:20.041 I/art     ( 1324): option[18]=--runtime-arg
05-20 18:30:20.041 I/art     ( 1324): option[19]=-Ximage-compiler-option
05-20 18:30:20.041 I/art     ( 1324): option[20]=-Xmx64m
05-20 18:30:20.041 I/art     ( 1324): option[21]=-Ximage-compiler-option
05-20 18:30:20.041 I/art     ( 1324): option[22]=--image-classes=/system/etc/preloaded-classes
05-20 18:30:20.042 I/art     ( 1324): option[23]=-Ximage-compiler-option
05-20 18:30:20.042 I/art     ( 1324): option[24]=--compiled-classes=/system/etc/compiled-classes
05-20 18:30:20.042 I/art     ( 1324): option[25]=-Xcompiler-option
05-20 18:30:20.042 I/art     ( 1324): option[26]=--runtime-arg
05-20 18:30:20.042 I/art     ( 1324): option[27]=-Xcompiler-option
05-20 18:30:20.042 I/art     ( 1324): option[28]=-Xms64m
05-20 18:30:20.042 I/art     ( 1324): option[29]=-Xcompiler-option
05-20 18:30:20.042 I/art     ( 1324): option[30]=--runtime-arg
05-20 18:30:20.042 I/art     ( 1324): option[31]=-Xcompiler-option
05-20 18:30:20.042 I/art     ( 1324): option[32]=-Xmx512m
05-20 18:30:20.042 I/art     ( 1324): option[33]=-Ximage-compiler-option
05-20 18:30:20.042 I/art     ( 1324): option[34]=--instruction-set-variant=x86_64
05-20 18:30:20.042 I/art     ( 1324): option[35]=-Xcompiler-option
05-20 18:30:20.042 I/art     ( 1324): option[36]=--instruction-set-variant=x86_64
05-20 18:30:20.042 I/art     ( 1324): option[37]=-Ximage-compiler-option
05-20 18:30:20.042 I/art     ( 1324): option[38]=--instruction-set-features=default
05-20 18:30:20.042 I/art     ( 1324): option[39]=-Xcompiler-option
05-20 18:30:20.042 I/art     ( 1324): option[40]=--instruction-set-features=default
05-20 18:30:20.042 I/art     ( 1324): option[41]=-Duser.locale=en-US
05-20 18:30:20.042 I/art     ( 1324): option[42]=--cpu-abilist=x86_64
05-20 18:30:20.042 I/art     ( 1324): option[43]=-Xfingerprint:Android/sdk_phone_x86_64/generic_x86_64:7.1.1/NYC/4931657:userdebug/test-keys
05-20 18:30:20.704 D/gralloc_ranchu( 1374): Emulator without host-side GPU emulation detected. Loading gralloc.default.so from /vendor/lib64/hw/gralloc.goldfish.default.so...
05-20 18:30:20.707 D/gralloc_ranchu( 1374): gralloc.default.so not found in /vendor. Trying /system/lib64/hw/gralloc.goldfish.default.so...
05-20 18:30:23.727 D/ICU     ( 1325): No timezone override file found: /data/misc/zoneinfo/current/icu/icu_tzdata.dat
05-20 18:30:25.054 E/hostapd ( 1511): Configuration file: /system/etc/simulated_hostapd.conf
05-20 18:30:25.351 D/ICU     ( 1324): No timezone override file found: /data/misc/zoneinfo/current/icu/icu_tzdata.dat
05-20 18:30:25.604 I/hostapd ( 1511): rfkill: Cannot get wiphy information
05-20 18:30:25.607 I/hostapd ( 1511): nl80211: Could not re-add multicast membership for vendor events: -2 (No such file or directory)
05-20 18:30:25.608 I/hostapd ( 1511): wlan1: interface state UNINITIALIZED->COUNTRY_UPDATE
05-20 18:30:25.954 E/ipv6proxy( 1502): Failed to forward Router Advertisement from eth0 to wlan1: Network is unreachable
05-20 18:30:25.955 E/ipv6proxy( 1502): Failed to forward Router Advertisement from eth0 to radio0-peer: Cannot assign requested address
05-20 18:30:26.981 E/memtrack( 1325): Couldn't load memtrack module (No such file or directory)
05-20 18:30:26.981 E/android.os.Debug( 1325): failed to load memtrack module: -2
05-20 18:30:27.149 I/Radio-JNI( 1325): register_android_hardware_Radio DONE
05-20 18:30:27.623 I/SamplingProfilerIntegration( 1325): Profiling disabled.
05-20 18:30:27.749 D/Zygote  ( 1325): begin preload
05-20 18:30:27.749 I/Zygote  ( 1325): Installing ICU cache reference pinning...
05-20 18:30:27.761 I/Zygote  ( 1325): Preloading ICU data...
05-20 18:30:28.285 E/memtrack( 1324): Couldn't load memtrack module (No such file or directory)
05-20 18:30:28.285 E/android.os.Debug( 1324): failed to load memtrack module: -2
05-20 18:30:28.391 I/Radio-JNI( 1324): register_android_hardware_Radio DONE
05-20 18:30:28.766 I/SamplingProfilerIntegration( 1324): Profiling disabled.
05-20 18:30:28.772 D/Zygote  ( 1324): begin preload
05-20 18:30:28.772 I/Zygote  ( 1324): Installing ICU cache reference pinning...
05-20 18:30:28.780 I/Zygote  ( 1324): Preloading ICU data...
05-20 18:30:29.577 I/Zygote  ( 1325): Preloading classes...
05-20 18:30:29.763 W/Zygote  ( 1325): Class not found for preloading: [Landroid.view.Display$ColorTransform;
05-20 18:30:29.960 E/ipv6proxy( 1502): Failed to forward Router Advertisement from eth0 to wlan1: Network is unreachable
05-20 18:30:30.475 I/Zygote  ( 1324): Preloading classes...
05-20 18:30:30.633 I/hostapd ( 1511): wlan1: interface state COUNTRY_UPDATE->HT_SCAN
05-20 18:30:30.672 W/Zygote  ( 1324): Class not found for preloading: [Landroid.view.Display$ColorTransform;
05-20 18:30:32.052 E/hostapd ( 1511): Using interface wlan1 with hwaddr 02:00:00:00:01:00 and ssid "AndroidWifi"
05-20 18:30:32.098 I/hostapd ( 1511): wlan1: interface state HT_SCAN->ENABLED
05-20 18:30:32.098 I/hostapd ( 1511): wlan1: AP-ENABLED 
05-20 18:30:35.182 E/Typeface( 1324): Error mapping font file /system/fonts/DroidSansFallback.ttf
05-20 18:30:35.436 E/Typeface( 1325): Error mapping font file /system/fonts/DroidSansFallback.ttf
05-20 18:30:40.139 I/art     ( 1324): Background concurrent mark sweep GC freed 21948(2MB) AllocSpace objects, 70(1236KB) LOS objects, 33% free, 4MB/6MB, paused 2.237ms total 492.371ms
05-20 18:30:40.722 W/art     ( 1325): Suspending all threads took: 45.614ms
05-20 18:30:40.751 I/art     ( 1324): Thread[1,tid=1324,Native,Thread*=0x73a0bde95a00,peer=0x12c060d0,"main"] recursive attempt to load library "/system/lib64/libmedia_jni.so"
05-20 18:30:40.761 D/MtpDeviceJNI( 1324): register_android_mtp_MtpDevice
05-20 18:30:40.782 I/art     ( 1324): Thread[1,tid=1324,Native,Thread*=0x73a0bde95a00,peer=0x12c060d0,"main"] recursive attempt to load library "/system/lib64/libmedia_jni.so"
05-20 18:30:40.783 I/art     ( 1324): Thread[1,tid=1324,Native,Thread*=0x73a0bde95a00,peer=0x12c060d0,"main"] recursive attempt to load library "/system/lib64/libmedia_jni.so"
05-20 18:30:41.157 I/art     ( 1325): Background concurrent mark sweep GC freed 22047(2MB) AllocSpace objects, 123(2MB) LOS objects, 33% free, 2MB/4MB, paused 49.321ms total 793.312ms
05-20 18:30:41.692 I/art     ( 1325): Thread[1,tid=1325,Native,Thread*=0xe390b400,peer=0x12c060d0,"main"] recursive attempt to load library "/system/lib/libmedia_jni.so"
05-20 18:30:41.701 D/MtpDeviceJNI( 1325): register_android_mtp_MtpDevice
05-20 18:30:41.703 I/art     ( 1325): Thread[1,tid=1325,Native,Thread*=0xe390b400,peer=0x12c060d0,"main"] recursive attempt to load library "/system/lib/libmedia_jni.so"
05-20 18:30:41.704 I/art     ( 1325): Thread[1,tid=1325,Native,Thread*=0xe390b400,peer=0x12c060d0,"main"] recursive attempt to load library "/system/lib/libmedia_jni.so"
05-20 18:30:43.716 W/Zygote  ( 1324): Class not found for preloading: android.view.Display$ColorTransform
05-20 18:30:43.716 W/Zygote  ( 1324): Class not found for preloading: android.view.Display$ColorTransform$1
05-20 18:30:44.185 W/Zygote  ( 1325): Class not found for preloading: android.view.Display$ColorTransform
05-20 18:30:44.186 W/Zygote  ( 1325): Class not found for preloading: android.view.Display$ColorTransform$1
05-20 18:30:47.213 W/art     ( 1325): Suspending all threads took: 19.677ms
05-20 18:30:47.502 I/art     ( 1325): Background sticky concurrent mark sweep GC freed 16521(2MB) AllocSpace objects, 10(160KB) LOS objects, 63% free, 1657KB/4MB, paused 24.819ms total 450.904ms
05-20 18:30:48.348 I/System  ( 1324): Loaded time zone names for "" in 1491ms (1485ms in ICU)
05-20 18:30:48.985 I/System  ( 1324): Loaded time zone names for "en_US" in 636ms (534ms in ICU)
05-20 18:30:49.255 I/System  ( 1325): Loaded time zone names for "" in 1571ms (1565ms in ICU)
05-20 18:30:49.472 I/art     ( 1324): Background sticky concurrent mark sweep GC freed 19665(2MB) AllocSpace objects, 61(1180KB) LOS objects, 69% free, 1766KB/5MB, paused 1.409ms total 725.699ms
05-20 18:30:49.688 I/System  ( 1325): Loaded time zone names for "en_US" in 431ms (427ms in ICU)
05-20 18:30:50.251 I/Zygote  ( 1324): ...preloaded 4158 classes in 19776ms.
05-20 18:30:50.253 I/art     ( 1324): VMRuntime.preloadDexCaches starting
05-20 18:30:50.398 I/Zygote  ( 1325): ...preloaded 4158 classes in 20820ms.
05-20 18:30:50.399 I/art     ( 1325): VMRuntime.preloadDexCaches starting
05-20 18:30:51.913 I/art     ( 1325): VMRuntime.preloadDexCaches strings total=283712 before=39625 after=39625
05-20 18:30:51.913 I/art     ( 1325): VMRuntime.preloadDexCaches types total=23581 before=7877 after=7904
05-20 18:30:51.913 I/art     ( 1325): VMRuntime.preloadDexCaches fields total=112007 before=40903 after=41117
05-20 18:30:51.913 I/art     ( 1325): VMRuntime.preloadDexCaches methods total=197534 before=82457 after=83017
05-20 18:30:51.913 I/art     ( 1325): VMRuntime.preloadDexCaches finished
05-20 18:30:51.918 I/Zygote  ( 1325): Preloading resources...
05-20 18:30:52.073 I/art     ( 1324): VMRuntime.preloadDexCaches strings total=283712 before=39625 after=39625
05-20 18:30:52.073 I/art     ( 1324): VMRuntime.preloadDexCaches types total=23581 before=7877 after=7904
05-20 18:30:52.073 I/art     ( 1324): VMRuntime.preloadDexCaches fields total=112007 before=40903 after=41117
05-20 18:30:52.073 I/art     ( 1324): VMRuntime.preloadDexCaches methods total=197534 before=82457 after=83017
05-20 18:30:52.074 I/art     ( 1324): VMRuntime.preloadDexCaches finished
05-20 18:30:52.078 I/Zygote  ( 1324): Preloading resources...
05-20 18:30:53.471 W/Resources( 1324): Preloaded drawable resource #0x108025c (android:drawable/dialog_background_material) that varies with configuration!!
05-20 18:30:53.512 W/Resources( 1324): Preloaded drawable resource #0x1080298 (android:drawable/editbox_dropdown_background_dark) that varies with configuration!!
05-20 18:30:53.784 W/Resources( 1324): Preloaded color resource #0x10600e2 (android:color/material_grey_800) that varies with configuration!!
05-20 18:30:53.784 W/Resources( 1324): Preloaded drawable resource #0x10802c9 (android:drawable/floating_popup_background_dark) that varies with configuration!!
05-20 18:30:54.192 W/Resources( 1325): Preloaded drawable resource #0x108025c (android:drawable/dialog_background_material) that varies with configuration!!
05-20 18:30:54.196 W/Resources( 1325): Preloaded drawable resource #0x1080298 (android:drawable/editbox_dropdown_background_dark) that varies with configuration!!
05-20 18:30:54.478 W/Resources( 1325): Preloaded color resource #0x10600e2 (android:color/material_grey_800) that varies with configuration!!
05-20 18:30:54.479 W/Resources( 1325): Preloaded drawable resource #0x10802c9 (android:drawable/floating_popup_background_dark) that varies with configuration!!
05-20 18:30:54.515 W/Resources( 1324): Preloaded drawable resource #0x108030b (android:drawable/ic_clear_disabled) that varies with configuration!!
05-20 18:30:54.517 W/Resources( 1324): Preloaded drawable resource #0x1080310 (android:drawable/ic_clear_normal) that varies with configuration!!
05-20 18:30:54.633 W/Resources( 1324): Preloaded drawable resource #0x1080359 (android:drawable/ic_go) that varies with configuration!!
05-20 18:30:54.812 W/Resources( 1324): Preloaded drawable resource #0x1080038 (android:drawable/ic_menu_close_clear_cancel) that varies with configuration!!
05-20 18:30:54.914 W/Resources( 1324): Preloaded drawable resource #0x1080045 (android:drawable/ic_menu_more) that varies with configuration!!
05-20 18:30:55.213 W/Resources( 1324): Preloaded drawable resource #0x10804e8 (android:drawable/menu_background_fill_parent_width) that varies with configuration!!
05-20 18:30:55.238 W/Resources( 1325): Preloaded drawable resource #0x108030b (android:drawable/ic_clear_disabled) that varies with configuration!!
05-20 18:30:55.301 W/Resources( 1325): Preloaded drawable resource #0x1080310 (android:drawable/ic_clear_normal) that varies with configuration!!
05-20 18:30:55.358 W/Resources( 1325): Preloaded drawable resource #0x1080359 (android:drawable/ic_go) that varies with configuration!!
05-20 18:30:55.620 W/art     ( 1325): Suspending all threads took: 49.061ms
05-20 18:30:55.642 I/art     ( 1325): Background concurrent mark sweep GC freed 11854(745KB) AllocSpace objects, 1(40KB) LOS objects, 51% free, 3MB/7MB, paused 50.093ms total 290.751ms
05-20 18:30:55.873 W/Resources( 1325): Preloaded drawable resource #0x1080038 (android:drawable/ic_menu_close_clear_cancel) that varies with configuration!!
05-20 18:30:56.005 W/Resources( 1325): Preloaded drawable resource #0x1080045 (android:drawable/ic_menu_more) that varies with configuration!!
05-20 18:30:56.230 W/art     ( 1324): Suspending all threads took: 32.855ms
05-20 18:30:56.366 I/art     ( 1324): Background concurrent mark sweep GC freed 9446(563KB) AllocSpace objects, 5(160KB) LOS objects, 43% free, 5MB/9MB, paused 33.800ms total 168.509ms
05-20 18:30:56.586 W/Resources( 1325): Preloaded drawable resource #0x10804e8 (android:drawable/menu_background_fill_parent_width) that varies with configuration!!
05-20 18:30:57.167 W/Resources( 1324): Preloaded drawable resource #0x108077e (android:drawable/text_edit_paste_window) that varies with configuration!!
05-20 18:30:57.363 W/Resources( 1324): Preloaded drawable resource #0x1080096 (android:drawable/toast_frame) that varies with configuration!!
05-20 18:30:57.363 I/Zygote  ( 1324): ...preloaded 114 resources in 5285ms.
05-20 18:30:57.598 W/Resources( 1324): Preloaded color resource #0x106010b (android:color/background_cache_hint_selector_material_dark) that varies with configuration!!
05-20 18:30:57.643 W/Resources( 1324): Preloaded color resource #0x1060110 (android:color/btn_default_material_dark) that varies with configuration!!
05-20 18:30:57.733 I/Zygote  ( 1324): ...preloaded 41 resources in 370ms.
05-20 18:30:57.735 D/libEGL  ( 1324): Emulator without GPU support detected. Fallback to legacy software renderer, qemu.gles is set to 0.
05-20 18:30:57.824 D/libEGL  ( 1324): loaded /system/lib64/egl/libGLES_android.so
05-20 18:30:58.554 W/Resources( 1325): Preloaded drawable resource #0x108077e (android:drawable/text_edit_paste_window) that varies with configuration!!
05-20 18:30:58.614 W/Resources( 1325): Preloaded drawable resource #0x1080096 (android:drawable/toast_frame) that varies with configuration!!
05-20 18:30:58.614 I/Zygote  ( 1325): ...preloaded 114 resources in 6696ms.
05-20 18:30:58.798 I/Zygote  ( 1324): Preloading shared libraries...
05-20 18:30:58.881 W/Resources( 1325): Preloaded color resource #0x106010b (android:color/background_cache_hint_selector_material_dark) that varies with configuration!!
05-20 18:30:58.884 W/Resources( 1325): Preloaded color resource #0x1060110 (android:color/btn_default_material_dark) that varies with configuration!!
05-20 18:30:58.924 I/Zygote  ( 1325): ...preloaded 41 resources in 310ms.
05-20 18:30:58.926 D/libEGL  ( 1325): Emulator without GPU support detected. Fallback to legacy software renderer, qemu.gles is set to 0.
05-20 18:30:59.016 D/libEGL  ( 1325): loaded /system/lib/egl/libGLES_android.so
05-20 18:30:59.172 E/Hyphenator( 1324): error loading hyphenation /system/usr/hyphen-data/hyph-as.hyb
05-20 18:30:59.172 E/Hyphenator( 1324): java.io.FileNotFoundException: /system/usr/hyphen-data/hyph-as.hyb: open failed: ENOENT (No such file or directory)
05-20 18:30:59.172 E/Hyphenator( 1324): 	at libcore.io.IoBridge.open(IoBridge.java:455)
05-20 18:30:59.172 E/Hyphenator( 1324): 	at java.io.RandomAccessFile.<init>(RandomAccessFile.java:247)
05-20 18:30:59.172 E/Hyphenator( 1324): 	at android.text.Hyphenator.loadHyphenator(Hyphenator.java:118)
05-20 18:30:59.172 E/Hyphenator( 1324): 	at android.text.Hyphenator.init(Hyphenator.java:224)
05-20 18:30:59.172 E/Hyphenator( 1324): 	at com.android.internal.os.ZygoteInit.preloadTextResources(ZygoteInit.java:252)
05-20 18:30:59.172 E/Hyphenator( 1324): 	at com.android.internal.os.ZygoteInit.preload(ZygoteInit.java:206)
05-20 18:30:59.172 E/Hyphenator( 1324): 	at com.android.internal.os.ZygoteInit.main(ZygoteInit.java:743)
05-20 18:30:59.172 E/Hyphenator( 1324): Caused by: android.system.ErrnoException: open failed: ENOENT (No such file or directory)
05-20 18:30:59.172 E/Hyphenator( 1324): 	at libcore.io.Posix.open(Native Method)
05-20 18:30:59.172 E/Hyphenator( 1324): 	at libcore.io.BlockGuardOs.open(BlockGuardOs.java:187)
05-20 18:30:59.172 E/Hyphenator( 1324): 	at libcore.io.IoBridge.open(IoBridge.java:441)
05-20 18:30:59.172 E/Hyphenator( 1324): 	... 6 more
05-20 18:30:59.173 E/Hyphenator( 1324): error loading hyphenation /system/usr/hyphen-data/hyph-bn.hyb
05-20 18:30:59.173 E/Hyphenator( 1324): java.io.FileNotFoundException: /system/usr/hyphen-data/hyph-bn.hyb: open failed: ENOENT (No such file or directory)
05-20 18:30:59.173 E/Hyphenator( 1324): 	at libcore.io.IoBridge.open(IoBridge.java:455)
05-20 18:30:59.173 E/Hyphenator( 1324): 	at java.io.RandomAccessFile.<init>(RandomAccessFile.java:247)
05-20 18:30:59.173 E/Hyphenator( 1324): 	at android.text.Hyphenator.loadHyphenator(Hyphenator.java:118)
05-20 18:30:59.173 E/Hyphenator( 1324): 	at android.text.Hyphenator.init(Hyphenator.java:224)
05-20 18:30:59.173 E/Hyphenator( 1324): 	at com.android.internal.os.ZygoteInit.preloadTextResources(ZygoteInit.java:252)
05-20 18:30:59.173 E/Hyphenator( 1324): 	at com.android.internal.os.ZygoteInit.preload(ZygoteInit.java:206)
05-20 18:30:59.173 E/Hyphenator( 1324): 	at com.android.internal.os.ZygoteInit.main(ZygoteInit.java:743)
05-20 18:30:59.173 E/Hyphenator( 1324): Caused by: android.system.ErrnoException: open failed: ENOENT (No such file or directory)
05-20 18:30:59.173 E/Hyphenator( 1324): 	at libcore.io.Posix.open(Native Method)
05-20 18:30:59.173 E/Hyphenator( 1324): 	at libcore.io.BlockGuardOs.open(BlockGuardOs.java:187)
05-20 18:30:59.173 E/Hyphenator( 1324): 	at libcore.io.IoBridge.open(IoBridge.java:441)
05-20 18:30:59.173 E/Hyphenator( 1324): 	... 6 more
05-20 18:30:59.175 E/Hyphenator( 1324): error loading hyphenation /system/usr/hyphen-data/hyph-cy.hyb
05-20 18:30:59.175 E/Hyphenator( 1324): java.io.FileNotFoundException: /system/usr/hyphen-data/hyph-cy.hyb: open failed: ENOENT (No such file or directory)
05-20 18:30:59.175 E/Hyphenator( 1324): 	at libcore.io.IoBridge.open(IoBridge.java:455)
05-20 18:30:59.175 E/Hyphenator( 1324): 	at java.io.RandomAccessFile.<init>(RandomAccessFile.java:247)
05-20 18:30:59.175 E/Hyphenator( 1324): 	at android.text.Hyphenator.loadHyphenator(Hyphenator.java:118)
05-20 18:30:59.175 E/Hyphenator( 1324): 	at android.text.Hyphenator.init(Hyphenator.java:224)
05-20 18:30:59.175 E/Hyphenator( 1324): 	at com.android.internal.os.ZygoteInit.preloadTextResources(ZygoteInit.java:252)
05-20 18:30:59.175 E/Hyphenator( 1324): 	at com.android.internal.os.ZygoteInit.preload(ZygoteInit.java:206)
05-20 18:30:59.175 E/Hyphenator( 1324): 	at com.android.internal.os.ZygoteInit.main(ZygoteInit.java:743)
05-20 18:30:59.175 E/Hyphenator( 1324): Caused by: android.system.ErrnoException: open failed: ENOENT (No such file or directory)
05-20 18:30:59.175 E/Hyphenator( 1324): 	at libcore.io.Posix.open(Native Method)
05-20 18:30:59.175 E/Hyphenator( 1324): 	at libcore.io.BlockGuardOs.open(BlockGuardOs.java:187)
05-20 18:30:59.175 E/Hyphenator( 1324): 	at libcore.io.IoBridge.open(IoBridge.java:441)
05-20 18:30:59.175 E/Hyphenator( 1324): 	... 6 more
05-20 18:30:59.176 E/Hyphenator( 1324): error loading hyphenation /system/usr/hyphen-data/hyph-da.hyb
05-20 18:30:59.176 E/Hyphenator( 1324): java.io.FileNotFoundException: /system/usr/hyphen-data/hyph-da.hyb: open failed: ENOENT (No such file or directory)
05-20 18:30:59.176 E/Hyphenator( 1324): 	at libcore.io.IoBridge.open(IoBridge.java:455)
05-20 18:30:59.176 E/Hyphenator( 1324): 	at java.io.RandomAccessFile.<init>(RandomAccessFile.java:247)
05-20 18:30:59.176 E/Hyphenator( 1324): 	at android.text.Hyphenator.loadHyphenator(Hyphenator.java:118)
05-20 18:30:59.176 E/Hyphenator( 1324): 	at android.text.Hyphenator.init(Hyphenator.java:224)
05-20 18:30:59.176 E/Hyphenator( 1324): 	at com.android.internal.os.ZygoteInit.preloadTextResources(ZygoteInit.java:252)
05-20 18:30:59.176 E/Hyphenator( 1324): 	at com.android.internal.os.ZygoteInit.preload(ZygoteInit.java:206)
05-20 18:30:59.176 E/Hyphenator( 1324): 	at com.android.internal.os.ZygoteInit.main(ZygoteInit.java:743)
05-20 18:30:59.176 E/Hyphenator( 1324): Caused by: android.system.ErrnoException: open failed: ENOENT (No such file or directory)
05-20 18:30:59.176 E/Hyphenator( 1324): 	at libcore.io.Posix.open(Native Method)
05-20 18:30:59.176 E/Hyphenator( 1324): 	at libcore.io.BlockGuardOs.open(BlockGuardOs.java:187)
05-20 18:30:59.176 E/Hyphenator( 1324): 	at libcore.io.IoBridge.open(IoBridge.java:441)
05-20 18:30:59.176 E/Hyphenator( 1324): 	... 6 more
05-20 18:30:59.177 E/Hyphenator( 1324): error loading hyphenation /system/usr/hyphen-data/hyph-de-1901.hyb
05-20 18:30:59.177 E/Hyphenator( 1324): java.io.FileNotFoundException: /system/usr/hyphen-data/hyph-de-1901.hyb: open failed: ENOENT (No such file or directory)
05-20 18:30:59.177 E/Hyphenator( 1324): 	at libcore.io.IoBridge.open(IoBridge.java:455)
05-20 18:30:59.177 E/Hyphenator( 1324): 	at java.io.RandomAccessFile.<init>(RandomAccessFile.java:247)
05-20 18:30:59.177 E/Hyphenator( 1324): 	at android.text.Hyphenator.loadHyphenator(Hyphenator.java:118)
05-20 18:30:59.177 E/Hyphenator( 1324): 	at android.text.Hyphenator.init(Hyphenator.java:224)
05-20 18:30:59.177 E/Hyphenator( 1324): 	at com.android.internal.os.ZygoteInit.preloadTextResources(ZygoteInit.java:252)
05-20 18:30:59.177 E/Hyphenator( 1324): 	at com.android.internal.os.ZygoteInit.preload(ZygoteInit.java:206)
05-20 18:30:59.177 E/Hyphenator( 1324): 	at com.android.internal.os.ZygoteInit.main(ZygoteInit.java:743)
05-20 18:30:59.177 E/Hyphenator( 1324): Caused by: android.system.ErrnoException: open failed: ENOENT (No such file or directory)
05-20 18:30:59.177 E/Hyphenator( 1324): 	at libcore.io.Posix.open(Native Method)
05-20 18:30:59.177 E/Hyphenator( 1324): 	at libcore.io.BlockGuardOs.open(BlockGuardOs.java:187)
05-20 18:30:59.177 E/Hyphenator( 1324): 	at libcore.io.IoBridge.open(IoBridge.java:441)
05-20 18:30:59.177 E/Hyphenator( 1324): 	... 6 more
05-20 18:30:59.178 E/Hyphenator( 1324): error loading hyphenation /system/usr/hyphen-data/hyph-de-1996.hyb
05-20 18:30:59.178 E/Hyphenator( 1324): java.io.FileNotFoundException: /system/usr/hyphen-data/hyph-de-1996.hyb: open failed: ENOENT (No such file or directory)
05-20 18:30:59.178 E/Hyphenator( 1324): 	at libcore.io.IoBridge.open(IoBridge.java:455)
05-20 18:30:59.178 E/Hyphenator( 1324): 	at java.io.RandomAccessFile.<init>(RandomAccessFile.java:247)
05-20 18:30:59.178 E/Hyphenator( 1324): 	at android.text.Hyphenator.loadHyphenator(Hyphenator.java:118)
05-20 18:30:59.178 E/Hyphenator( 1324): 	at android.text.Hyphenator.init(Hyphenator.java:224)
05-20 18:30:59.178 E/Hyphenator( 1324): 	at com.android.internal.os.ZygoteInit.preloadTextResources(ZygoteInit.java:252)
05-20 18:30:59.178 E/Hyphenator( 1324): 	at com.android.internal.os.ZygoteInit.preload(ZygoteInit.java:206)
05-20 18:30:59.178 E/Hyphenator( 1324): 	at com.android.internal.os.ZygoteInit.main(ZygoteInit.java:743)
05-20 18:30:59.178 E/Hyphenator( 1324): Caused by: android.system.ErrnoException: open failed: ENOENT (No such file or directory)
05-20 18:30:59.178 E/Hyphenator( 1324): 	at libcore.io.Posix.open(Native Method)
05-20 18:30:59.178 E/Hyphenator( 1324): 	at libcore.io.BlockGuardOs.open(BlockGuardOs.java:187)
05-20 18:30:59.178 E/Hyphenator( 1324): 	at libcore.io.IoBridge.open(IoBridge.java:441)
05-20 18:30:59.178 E/Hyphenator( 1324): 	... 6 more
05-20 18:30:59.179 E/Hyphenator( 1324): error loading hyphenation /system/usr/hyphen-data/hyph-de-ch-1901.hyb
05-20 18:30:59.179 E/Hyphenator( 1324): java.io.FileNotFoundException: /system/usr/hyphen-data/hyph-de-ch-1901.hyb: open failed: ENOENT (No such file or directory)
05-20 18:30:59.179 E/Hyphenator( 1324): 	at libcore.io.IoBridge.open(IoBridge.java:455)
05-20 18:30:59.179 E/Hyphenator( 1324): 	at java.io.RandomAccessFile.<init>(RandomAccessFile.java:247)
05-20 18:30:59.179 E/Hyphenator( 1324): 	at android.text.Hyphenator.loadHyphenator(Hyphenator.java:118)
05-20 18:30:59.179 E/Hyphenator( 1324): 	at android.text.Hyphenator.init(Hyphenator.java:224)
05-20 18:30:59.179 E/Hyphenator( 1324): 	at com.android.internal.os.ZygoteInit.preloadTextResources(ZygoteInit.java:252)
05-20 18:30:59.179 E/Hyphenator( 1324): 	at com.android.internal.os.ZygoteInit.preload(ZygoteInit.java:206)
05-20 18:30:59.179 E/Hyphenator( 1324): 	at com.android.internal.os.ZygoteInit.main(ZygoteInit.java:743)
05-20 18:30:59.179 E/Hyphenator( 1324): Caused by: android.system.ErrnoException: open failed: ENOENT (No such file or directory)
05-20 18:30:59.179 E/Hyphenator( 1324): 	at libcore.io.Posix.open(Native Method)
05-20 18:30:59.179 E/Hyphenator( 1324): 	at libcore.io.BlockGuardOs.open(BlockGuardOs.java:187)
05-20 18:30:59.179 E/Hyphenator( 1324): 	at libcore.io.IoBridge.open(IoBridge.java:441)
05-20 18:30:59.179 E/Hyphenator( 1324): 	... 6 more
05-20 18:30:59.252 E/Hyphenator( 1324): error loading hyphenation /system/usr/hyphen-data/hyph-en-gb.hyb
05-20 18:30:59.252 E/Hyphenator( 1324): java.io.FileNotFoundException: /system/usr/hyphen-data/hyph-en-gb.hyb: open failed: ENOENT (No such file or directory)
05-20 18:30:59.252 E/Hyphenator( 1324): 	at libcore.io.IoBridge.open(IoBridge.java:455)
05-20 18:30:59.252 E/Hyphenator( 1324): 	at java.io.RandomAccessFile.<init>(RandomAccessFile.java:247)
05-20 18:30:59.252 E/Hyphenator( 1324): 	at android.text.Hyphenator.loadHyphenator(Hyphenator.java:118)
05-20 18:30:59.252 E/Hyphenator( 1324): 	at android.text.Hyphenator.init(Hyphenator.java:224)
05-20 18:30:59.252 E/Hyphenator( 1324): 	at com.android.internal.os.ZygoteInit.preloadTextResources(ZygoteInit.java:252)
05-20 18:30:59.252 E/Hyphenator( 1324): 	at com.android.internal.os.ZygoteInit.preload(ZygoteInit.java:206)
05-20 18:30:59.252 E/Hyphenator( 1324): 	at com.android.internal.os.ZygoteInit.main(ZygoteInit.java:743)
05-20 18:30:59.252 E/Hyphenator( 1324): Caused by: android.system.ErrnoException: open failed: ENOENT (No such file or directory)
05-20 18:30:59.252 E/Hyphenator( 1324): 	at libcore.io.Posix.open(Native Method)
05-20 18:30:59.252 E/Hyphenator( 1324): 	at libcore.io.BlockGuardOs.open(BlockGuardOs.java:187)
05-20 18:30:59.252 E/Hyphenator( 1324): 	at libcore.io.IoBridge.open(IoBridge.java:441)
05-20 18:30:59.252 E/Hyphenator( 1324): 	... 6 more
05-20 18:30:59.253 E/Hyphenator( 1324): error loading hyphenation /system/usr/hyphen-data/hyph-en-us.hyb
05-20 18:30:59.253 E/Hyphenator( 1324): java.io.FileNotFoundException: /system/usr/hyphen-data/hyph-en-us.hyb: open failed: ENOENT (No such file or directory)
05-20 18:30:59.253 E/Hyphenator( 1324): 	at libcore.io.IoBridge.open(IoBridge.java:455)
05-20 18:30:59.253 E/Hyphenator( 1324): 	at java.io.RandomAccessFile.<init>(RandomAccessFile.java:247)
05-20 18:30:59.253 E/Hyphenator( 1324): 	at android.text.Hyphenator.loadHyphenator(Hyphenator.java:118)
05-20 18:30:59.253 E/Hyphenator( 1324): 	at android.text.Hyphenator.init(Hyphenator.java:224)
05-20 18:30:59.253 E/Hyphenator( 1324): 	at com.android.internal.os.ZygoteInit.preloadTextResources(ZygoteInit.java:252)
05-20 18:30:59.253 E/Hyphenator( 1324): 	at com.android.internal.os.ZygoteInit.preload(ZygoteInit.java:206)
05-20 18:30:59.253 E/Hyphenator( 1324): 	at com.android.internal.os.ZygoteInit.main(ZygoteInit.java:743)
05-20 18:30:59.253 E/Hyphenator( 1324): Caused by: android.system.ErrnoException: open failed: ENOENT (No such file or directory)
05-20 18:30:59.253 E/Hyphenator( 1324): 	at libcore.io.Posix.open(Native Method)
05-20 18:30:59.253 E/Hyphenator( 1324): 	at libcore.io.BlockGuardOs.open(BlockGuardOs.java:187)
05-20 18:30:59.253 E/Hyphenator( 1324): 	at libcore.io.IoBridge.open(IoBridge.java:441)
05-20 18:30:59.253 E/Hyphenator( 1324): 	... 6 more
05-20 18:30:59.254 E/Hyphenator( 1324): error loading hyphenation /system/usr/hyphen-data/hyph-es.hyb
05-20 18:30:59.254 E/Hyphenator( 1324): java.io.FileNotFoundException: /system/usr/hyphen-data/hyph-es.hyb: open failed: ENOENT (No such file or directory)
05-20 18:30:59.254 E/Hyphenator( 1324): 	at libcore.io.IoBridge.open(IoBridge.java:455)
05-20 18:30:59.254 E/Hyphenator( 1324): 	at java.io.RandomAccessFile.<init>(RandomAccessFile.java:247)
05-20 18:30:59.254 E/Hyphenator( 1324): 	at android.text.Hyphenator.loadHyphenator(Hyphenator.java:118)
05-20 18:30:59.254 E/Hyphenator( 1324): 	at android.text.Hyphenator.init(Hyphenator.java:224)
05-20 18:30:59.254 E/Hyphenator( 1324): 	at com.android.internal.os.ZygoteInit.preloadTextResources(ZygoteInit.java:252)
05-20 18:30:59.254 E/Hyphenator( 1324): 	at com.android.internal.os.ZygoteInit.preload(ZygoteInit.java:206)
05-20 18:30:59.254 E/Hyphenator( 1324): 	at com.android.internal.os.ZygoteInit.main(ZygoteInit.java:743)
05-20 18:30:59.254 E/Hyphenator( 1324): Caused by: android.system.ErrnoException: open failed: ENOENT (No such file or directory)
05-20 18:30:59.254 E/Hyphenator( 1324): 	at libcore.io.Posix.open(Native Method)
05-20 18:30:59.254 E/Hyphenator( 1324): 	at libcore.io.BlockGuardOs.open(BlockGuardOs.java:187)
05-20 18:30:59.254 E/Hyphenator( 1324): 	at libcore.io.IoBridge.open(IoBridge.java:441)
05-20 18:30:59.254 E/Hyphenator( 1324): 	... 6 more
05-20 18:30:59.256 E/Hyphenator( 1324): error loading hyphenation /system/usr/hyphen-data/hyph-et.hyb
05-20 18:30:59.256 E/Hyphenator( 1324): java.io.FileNotFoundException: /system/usr/hyphen-data/hyph-et.hyb: open failed: ENOENT (No such file or directory)
05-20 18:30:59.256 E/Hyphenator( 1324): 	at libcore.io.IoBridge.open(IoBridge.java:455)
05-20 18:30:59.256 E/Hyphenator( 1324): 	at java.io.RandomAccessFile.<init>(RandomAccessFile.java:247)
05-20 18:30:59.256 E/Hyphenator( 1324): 	at android.text.Hyphenator.loadHyphenator(Hyphenator.java:118)
05-20 18:30:59.256 E/Hyphenator( 1324): 	at android.text.Hyphenator.init(Hyphenator.java:224)
05-20 18:30:59.256 E/Hyphenator( 1324): 	at com.android.internal.os.ZygoteInit.preloadTextResources(ZygoteInit.java:252)
05-20 18:30:59.256 E/Hyphenator( 1324): 	at com.android.internal.os.ZygoteInit.preload(ZygoteInit.java:206)
05-20 18:30:59.256 E/Hyphenator( 1324): 	at com.android.internal.os.ZygoteInit.main(ZygoteInit.java:743)
05-20 18:30:59.256 E/Hyphenator( 1324): Caused by: android.system.ErrnoException: open failed: ENOENT (No such file or directory)
05-20 18:30:59.256 E/Hyphenator( 1324): 	at libcore.io.Posix.open(Native Method)
05-20 18:30:59.256 E/Hyphenator( 1324): 	at libcore.io.BlockGuardOs.open(BlockGuardOs.java:187)
05-20 18:30:59.256 E/Hyphenator( 1324): 	at libcore.io.IoBridge.open(IoBridge.java:441)
05-20 18:30:59.256 E/Hyphenator( 1324): 	... 6 more
05-20 18:30:59.257 E/Hyphenator( 1324): error loading hyphenation /system/usr/hyphen-data/hyph-eu.hyb
05-20 18:30:59.257 E/Hyphenator( 1324): java.io.FileNotFoundException: /system/usr/hyphen-data/hyph-eu.hyb: open failed: ENOENT (No such file or directory)
05-20 18:30:59.257 E/Hyphenator( 1324): 	at libcore.io.IoBridge.open(IoBridge.java:455)
05-20 18:30:59.257 E/Hyphenator( 1324): 	at java.io.RandomAccessFile.<init>(RandomAccessFile.java:247)
05-20 18:30:59.257 E/Hyphenator( 1324): 	at android.text.Hyphenator.loadHyphenator(Hyphenator.java:118)
05-20 18:30:59.257 E/Hyphenator( 1324): 	at android.text.Hyphenator.init(Hyphenator.java:224)
05-20 18:30:59.257 E/Hyphenator( 1324): 	at com.android.internal.os.ZygoteInit.preloadTextResources(ZygoteInit.java:252)
05-20 18:30:59.257 E/Hyphenator( 1324): 	at com.android.internal.os.ZygoteInit.preload(ZygoteInit.java:206)
05-20 18:30:59.257 E/Hyphenator( 1324): 	at com.android.internal.os.ZygoteInit.main(ZygoteInit.java:743)
05-20 18:30:59.257 E/Hyphenator( 1324): Caused by: android.system.ErrnoException: open failed: ENOENT (No such file or directory)
05-20 18:30:59.257 E/Hyphenator( 1324): 	at libcore.io.Posix.open(Native Method)
05-20 18:30:59.257 E/Hyphenator( 1324): 	at libcore.io.BlockGuardOs.open(BlockGuardOs.java:187)
05-20 18:30:59.257 E/Hyphenator( 1324): 	at libcore.io.IoBridge.open(IoBridge.java:441)
05-20 18:30:59.257 E/Hyphenator( 1324): 	... 6 more
05-20 18:30:59.258 E/Hyphenator( 1324): error loading hyphenation /system/usr/hyphen-data/hyph-fr.hyb
05-20 18:30:59.258 E/Hyphenator( 1324): java.io.FileNotFoundException: /system/usr/hyphen-data/hyph-fr.hyb: open failed: ENOENT (No such file or directory)
05-20 18:30:59.258 E/Hyphenator( 1324): 	at libcore.io.IoBridge.open(IoBridge.java:455)
05-20 18:30:59.258 E/Hyphenator( 1324): 	at java.io.RandomAccessFile.<init>(RandomAccessFile.java:247)
05-20 18:30:59.258 E/Hyphenator( 1324): 	at android.text.Hyphenator.loadHyphenator(Hyphenator.java:118)
05-20 18:30:59.258 E/Hyphenator( 1324): 	at android.text.Hyphenator.init(Hyphenator.java:224)
05-20 18:30:59.258 E/Hyphenator( 1324): 	at com.android.internal.os.ZygoteInit.preloadTextResources(ZygoteInit.java:252)
05-20 18:30:59.258 E/Hyphenator( 1324): 	at com.android.internal.os.ZygoteInit.preload(ZygoteInit.java:206)
05-20 18:30:59.258 E/Hyphenator( 1324): 	at com.android.internal.os.ZygoteInit.main(ZygoteInit.java:743)
05-20 18:30:59.258 E/Hyphenator( 1324): Caused by: android.system.ErrnoException: open failed: ENOENT (No such file or directory)
05-20 18:30:59.258 E/Hyphenator( 1324): 	at libcore.io.Posix.open(Native Method)
05-20 18:30:59.258 E/Hyphenator( 1324): 	at libcore.io.BlockGuardOs.open(BlockGuardOs.java:187)
05-20 18:30:59.258 E/Hyphenator( 1324): 	at libcore.io.IoBridge.open(IoBridge.java:441)
05-20 18:30:59.258 E/Hyphenator( 1324): 	... 6 more
05-20 18:30:59.260 E/Hyphenator( 1324): error loading hyphenation /system/usr/hyphen-data/hyph-ga.hyb
05-20 18:30:59.260 E/Hyphenator( 1324): java.io.FileNotFoundException: /system/usr/hyphen-data/hyph-ga.hyb: open failed: ENOENT (No such file or directory)
05-20 18:30:59.260 E/Hyphenator( 1324): 	at libcore.io.IoBridge.open(IoBridge.java:455)
05-20 18:30:59.260 E/Hyphenator( 1324): 	at java.io.RandomAccessFile.<init>(RandomAccessFile.java:247)
05-20 18:30:59.260 E/Hyphenator( 1324): 	at android.text.Hyphenator.loadHyphenator(Hyphenator.java:118)
05-20 18:30:59.260 E/Hyphenator( 1324): 	at android.text.Hyphenator.init(Hyphenator.java:224)
05-20 18:30:59.260 E/Hyphenator( 1324): 	at com.android.internal.os.ZygoteInit.preloadTextResources(ZygoteInit.java:252)
05-20 18:30:59.260 E/Hyphenator( 1324): 	at com.android.internal.os.ZygoteInit.preload(ZygoteInit.java:206)
05-20 18:30:59.260 E/Hyphenator( 1324): 	at com.android.internal.os.ZygoteInit.main(ZygoteInit.java:743)
05-20 18:30:59.260 E/Hyphenator( 1324): Caused by: android.system.ErrnoException: open failed: ENOENT (No such file or directory)
05-20 18:30:59.260 E/Hyphenator( 1324): 	at libcore.io.Posix.open(Native Method)
05-20 18:30:59.260 E/Hyphenator( 1324): 	at libcore.io.BlockGuardOs.open(BlockGuardOs.java:187)
05-20 18:30:59.260 E/Hyphenator( 1324): 	at libcore.io.IoBridge.open(IoBridge.java:441)
05-20 18:30:59.260 E/Hyphenator( 1324): 	... 6 more
05-20 18:30:59.626 E/Hyphenator( 1324): error loading hyphenation /system/usr/hyphen-data/hyph-gu.hyb
05-20 18:30:59.626 E/Hyphenator( 1324): java.io.FileNotFoundException: /system/usr/hyphen-data/hyph-gu.hyb: open failed: ENOENT (No such file or directory)
05-20 18:30:59.626 E/Hyphenator( 1324): 	at libcore.io.IoBridge.open(IoBridge.java:455)
05-20 18:30:59.626 E/Hyphenator( 1324): 	at java.io.RandomAccessFile.<init>(RandomAccessFile.java:247)
05-20 18:30:59.626 E/Hyphenator( 1324): 	at android.text.Hyphenator.loadHyphenator(Hyphenator.java:118)
05-20 18:30:59.626 E/Hyphenator( 1324): 	at android.text.Hyphenator.init(Hyphenator.java:224)
05-20 18:30:59.626 E/Hyphenator( 1324): 	at com.android.internal.os.ZygoteInit.preloadTextResources(ZygoteInit.java:252)
05-20 18:30:59.626 E/Hyphenator( 1324): 	at com.android.internal.os.ZygoteInit.preload(ZygoteInit.java:206)
05-20 18:30:59.626 E/Hyphenator( 1324): 	at com.android.internal.os.ZygoteInit.main(ZygoteInit.java:743)
05-20 18:30:59.626 E/Hyphenator( 1324): Caused by: android.system.ErrnoException: open failed: ENOENT (No such file or directory)
05-20 18:30:59.626 E/Hyphenator( 1324): 	at libcore.io.Posix.open(Native Method)
05-20 18:30:59.626 E/Hyphenator( 1324): 	at libcore.io.BlockGuardOs.open(BlockGuardOs.java:187)
05-20 18:30:59.626 E/Hyphenator( 1324): 	at libcore.io.IoBridge.open(IoBridge.java:441)
05-20 18:30:59.626 E/Hyphenator( 1324): 	... 6 more
