05-20 18:33:26.685 W/Binder  ( 2523): 	at android.app.ActivityThread$ApplicationThread.scheduleRegisteredReceiver(ActivityThread.java:946)
05-20 18:33:26.685 W/Binder  ( 2523): 	at android.app.ApplicationThreadNative.onTransact(ApplicationThreadNative.java:404)
05-20 18:33:26.685 W/Binder  ( 2523): 	at android.os.Binder.execTransact(Binder.java:565)
05-20 18:33:26.825 I/art     ( 1673): Background sticky concurrent mark sweep GC freed 24215(2MB) AllocSpace objects, 15(732KB) LOS objects, 23% free, 10MB/13MB, paused 2.601ms total 172.083ms
05-20 18:33:26.959 E/BluetoothAdapter( 2523): Bluetooth binder is null
05-20 18:33:27.087 I/CameraManagerGlobal( 2523): Connecting to camera service
05-20 18:33:27.127 V/EmulatedCamera_Camera( 1327): getCameraInfo
05-20 18:33:27.129 V/EmulatedCamera_BaseCamera( 1327): getCameraInfo
05-20 18:33:27.129 I/CameraService( 1327): getCameraCharacteristics: Switching to HAL1 shim implementation...
05-20 18:33:27.129 V/EmulatedCamera_Camera( 1327): getCameraInfo
05-20 18:33:27.129 V/EmulatedCamera_BaseCamera( 1327): getCameraInfo
05-20 18:33:27.136 V/EmulatedCamera_Camera( 1327): getCameraInfo
05-20 18:33:27.136 V/EmulatedCamera_BaseCamera( 1327): getCameraInfo
05-20 18:33:27.139 V/EmulatedCamera_Camera( 1327): getCameraInfo
05-20 18:33:27.139 V/EmulatedCamera_BaseCamera( 1327): getCameraInfo
05-20 18:33:27.195 I/StatusBar( 2523): isKeyguardShowing() called before startKeyguard(), returning true
05-20 18:33:27.198 W/StatusBar( 2523): isKeyguardSecure() called before startKeyguard(), returning false
05-20 18:33:27.198 W/StatusBar( 2523): java.lang.Throwable
05-20 18:33:27.198 W/StatusBar( 2523): 	at com.android.systemui.statusbar.BaseStatusBar.isKeyguardSecure(BaseStatusBar.java:2647)
05-20 18:33:27.198 W/StatusBar( 2523): 	at com.android.systemui.statusbar.BaseStatusBar.isCameraAllowedByAdmin(BaseStatusBar.java:2670)
05-20 18:33:27.198 W/StatusBar( 2523): 	at com.android.systemui.statusbar.phone.KeyguardBottomAreaView.updateCameraVisibility(KeyguardBottomAreaView.java:309)
05-20 18:33:27.198 W/StatusBar( 2523): 	at com.android.systemui.statusbar.phone.KeyguardBottomAreaView.setPhoneStatusBar(KeyguardBottomAreaView.java:272)
05-20 18:33:27.198 W/StatusBar( 2523): 	at com.android.systemui.statusbar.phone.PhoneStatusBar.makeStatusBarView(PhoneStatusBar.java:904)
05-20 18:33:27.198 W/StatusBar( 2523): 	at com.android.systemui.statusbar.phone.PhoneStatusBar.addStatusBarWindow(PhoneStatusBar.java:3432)
05-20 18:33:27.198 W/StatusBar( 2523): 	at com.android.systemui.statusbar.phone.PhoneStatusBar.createAndAddWindows(PhoneStatusBar.java:3428)
05-20 18:33:27.198 W/StatusBar( 2523): 	at com.android.systemui.statusbar.BaseStatusBar.start(BaseStatusBar.java:765)
05-20 18:33:27.198 W/StatusBar( 2523): 	at com.android.systemui.statusbar.phone.PhoneStatusBar.start(PhoneStatusBar.java:686)
05-20 18:33:27.198 W/StatusBar( 2523): 	at com.android.systemui.statusbar.SystemBars.createStatusBarFromConfig(SystemBars.java:106)
05-20 18:33:27.198 W/StatusBar( 2523): 	at com.android.systemui.statusbar.SystemBars.onNoService(SystemBars.java:58)
05-20 18:33:27.198 W/StatusBar( 2523): 	at com.android.systemui.statusbar.ServiceMonitor.startService(ServiceMonitor.java:230)
05-20 18:33:27.198 W/StatusBar( 2523): 	at com.android.systemui.statusbar.ServiceMonitor.-wrap5(ServiceMonitor.java)
05-20 18:33:27.198 W/StatusBar( 2523): 	at com.android.systemui.statusbar.ServiceMonitor$1.handleMessage(ServiceMonitor.java:73)
05-20 18:33:27.198 W/StatusBar( 2523): 	at android.os.Handler.dispatchMessage(Handler.java:102)
05-20 18:33:27.198 W/StatusBar( 2523): 	at android.os.Looper.loop(Looper.java:154)
05-20 18:33:27.198 W/StatusBar( 2523): 	at android.app.ActivityThread.main(ActivityThread.java:6119)
05-20 18:33:27.198 W/StatusBar( 2523): 	at java.lang.reflect.Method.invoke(Native Method)
05-20 18:33:27.198 W/StatusBar( 2523): 	at com.android.internal.os.ZygoteInit$MethodAndArgsCaller.run(ZygoteInit.java:886)
05-20 18:33:27.198 W/StatusBar( 2523): 	at com.android.internal.os.ZygoteInit.main(ZygoteInit.java:776)
05-20 18:33:27.215 I/StatusBar( 2523): isKeyguardShowing() called before startKeyguard(), returning true
05-20 18:33:27.217 W/StatusBar( 2523): isKeyguardSecure() called before startKeyguard(), returning false
05-20 18:33:27.217 W/StatusBar( 2523): java.lang.Throwable
05-20 18:33:27.217 W/StatusBar( 2523): 	at com.android.systemui.statusbar.BaseStatusBar.isKeyguardSecure(BaseStatusBar.java:2647)
05-20 18:33:27.217 W/StatusBar( 2523): 	at com.android.systemui.statusbar.BaseStatusBar.isCameraAllowedByAdmin(BaseStatusBar.java:2670)
05-20 18:33:27.217 W/StatusBar( 2523): 	at com.android.systemui.statusbar.phone.KeyguardBottomAreaView.updateCameraVisibility(KeyguardBottomAreaView.java:309)
05-20 18:33:27.217 W/StatusBar( 2523): 	at com.android.systemui.statusbar.phone.KeyguardBottomAreaView.setUserSetupComplete(KeyguardBottomAreaView.java:281)
05-20 18:33:27.217 W/StatusBar( 2523): 	at com.android.systemui.statusbar.phone.PhoneStatusBar.makeStatusBarView(PhoneStatusBar.java:905)
05-20 18:33:27.217 W/StatusBar( 2523): 	at com.android.systemui.statusbar.phone.PhoneStatusBar.addStatusBarWindow(PhoneStatusBar.java:3432)
05-20 18:33:27.217 W/StatusBar( 2523): 	at com.android.systemui.statusbar.phone.PhoneStatusBar.createAndAddWindows(PhoneStatusBar.java:3428)
05-20 18:33:27.217 W/StatusBar( 2523): 	at com.android.systemui.statusbar.BaseStatusBar.start(BaseStatusBar.java:765)
05-20 18:33:27.217 W/StatusBar( 2523): 	at com.android.systemui.statusbar.phone.PhoneStatusBar.start(PhoneStatusBar.java:686)
05-20 18:33:27.217 W/StatusBar( 2523): 	at com.android.systemui.statusbar.SystemBars.createStatusBarFromConfig(SystemBars.java:106)
05-20 18:33:27.217 W/StatusBar( 2523): 	at com.android.systemui.statusbar.SystemBars.onNoService(SystemBars.java:58)
05-20 18:33:27.217 W/StatusBar( 2523): 	at com.android.systemui.statusbar.ServiceMonitor.startService(ServiceMonitor.java:230)
05-20 18:33:27.217 W/StatusBar( 2523): 	at com.android.systemui.statusbar.ServiceMonitor.-wrap5(ServiceMonitor.java)
05-20 18:33:27.217 W/StatusBar( 2523): 	at com.android.systemui.statusbar.ServiceMonitor$1.handleMessage(ServiceMonitor.java:73)
05-20 18:33:27.217 W/StatusBar( 2523): 	at android.os.Handler.dispatchMessage(Handler.java:102)
05-20 18:33:27.217 W/StatusBar( 2523): 	at android.os.Looper.loop(Looper.java:154)
05-20 18:33:27.217 W/StatusBar( 2523): 	at android.app.ActivityThread.main(ActivityThread.java:6119)
05-20 18:33:27.217 W/StatusBar( 2523): 	at java.lang.reflect.Method.invoke(Native Method)
05-20 18:33:27.217 W/StatusBar( 2523): 	at com.android.internal.os.ZygoteInit$MethodAndArgsCaller.run(ZygoteInit.java:886)
05-20 18:33:27.217 W/StatusBar( 2523): 	at com.android.internal.os.ZygoteInit.main(ZygoteInit.java:776)
05-20 18:33:27.368 V/EmulatedCamera_Camera( 1327): getCameraInfo
05-20 18:33:27.369 V/EmulatedCamera_BaseCamera( 1327): getCameraInfo
05-20 18:33:27.370 V/EmulatedCamera_Camera( 1327): getCameraInfo
05-20 18:33:27.371 V/EmulatedCamera_BaseCamera( 1327): getCameraInfo
05-20 18:33:27.393 V/MediaScanner( 2552): pruneDeadThumbnailFiles... android.content.ContentProviderClient$CursorWrapperInner@249edad
05-20 18:33:27.400 V/MediaScanner( 2552): /pruneDeadThumbnailFiles... android.content.ContentProviderClient$CursorWrapperInner@249edad
05-20 18:33:27.673 I/StatusBar( 2523): isKeyguardShowing() called before startKeyguard(), returning true
05-20 18:33:27.685 W/StatusBar( 2523): isKeyguardSecure() called before startKeyguard(), returning false
05-20 18:33:27.685 W/StatusBar( 2523): java.lang.Throwable
05-20 18:33:27.685 W/StatusBar( 2523): 	at com.android.systemui.statusbar.BaseStatusBar.isKeyguardSecure(BaseStatusBar.java:2647)
05-20 18:33:27.685 W/StatusBar( 2523): 	at com.android.systemui.statusbar.BaseStatusBar.isCameraAllowedByAdmin(BaseStatusBar.java:2670)
05-20 18:33:27.685 W/StatusBar( 2523): 	at com.android.systemui.statusbar.phone.KeyguardBottomAreaView.updateCameraVisibility(KeyguardBottomAreaView.java:309)
05-20 18:33:27.685 W/StatusBar( 2523): 	at com.android.systemui.statusbar.phone.KeyguardBottomAreaView.setUserSetupComplete(KeyguardBottomAreaView.java:281)
05-20 18:33:27.685 W/StatusBar( 2523): 	at com.android.systemui.statusbar.phone.PhoneStatusBar$1.onChange(PhoneStatusBar.java:441)
05-20 18:33:27.685 W/StatusBar( 2523): 	at com.android.systemui.statusbar.phone.PhoneStatusBar.resetUserSetupObserver(PhoneStatusBar.java:3676)
05-20 18:33:27.685 W/StatusBar( 2523): 	at com.android.systemui.statusbar.phone.PhoneStatusBar.makeStatusBarView(PhoneStatusBar.java:1008)
05-20 18:33:27.685 W/StatusBar( 2523): 	at com.android.systemui.statusbar.phone.PhoneStatusBar.addStatusBarWindow(PhoneStatusBar.java:3432)
05-20 18:33:27.685 W/StatusBar( 2523): 	at com.android.systemui.statusbar.phone.PhoneStatusBar.createAndAddWindows(PhoneStatusBar.java:3428)
05-20 18:33:27.685 W/StatusBar( 2523): 	at com.android.systemui.statusbar.BaseStatusBar.start(BaseStatusBar.java:765)
05-20 18:33:27.685 W/StatusBar( 2523): 	at com.android.systemui.statusbar.phone.PhoneStatusBar.start(PhoneStatusBar.java:686)
05-20 18:33:27.685 W/StatusBar( 2523): 	at com.android.systemui.statusbar.SystemBars.createStatusBarFromConfig(SystemBars.java:106)
05-20 18:33:27.685 W/StatusBar( 2523): 	at com.android.systemui.statusbar.SystemBars.onNoService(SystemBars.java:58)
05-20 18:33:27.685 W/StatusBar( 2523): 	at com.android.systemui.statusbar.ServiceMonitor.startService(ServiceMonitor.java:230)
05-20 18:33:27.685 W/StatusBar( 2523): 	at com.android.systemui.statusbar.ServiceMonitor.-wrap5(ServiceMonitor.java)
05-20 18:33:27.685 W/StatusBar( 2523): 	at com.android.systemui.statusbar.ServiceMonitor$1.handleMessage(ServiceMonitor.java:73)
05-20 18:33:27.685 W/StatusBar( 2523): 	at android.os.Handler.dispatchMessage(Handler.java:102)
05-20 18:33:27.685 W/StatusBar( 2523): 	at android.os.Looper.loop(Looper.java:154)
05-20 18:33:27.685 W/StatusBar( 2523): 	at android.app.ActivityThread.main(ActivityThread.java:6119)
05-20 18:33:27.685 W/StatusBar( 2523): 	at java.lang.reflect.Method.invoke(Native Method)
05-20 18:33:27.685 W/StatusBar( 2523): 	at com.android.internal.os.ZygoteInit$MethodAndArgsCaller.run(ZygoteInit.java:886)
05-20 18:33:27.685 W/StatusBar( 2523): 	at com.android.internal.os.ZygoteInit.main(ZygoteInit.java:776)
05-20 18:33:27.712 E/SurfaceFlinger( 1321): ro.sf.lcd_density must be defined as a build property
05-20 18:33:27.736 D/OpenGLRenderer( 2523): profile bars disabled
05-20 18:33:27.738 D/OpenGLRenderer( 2523): ambientRatio = 1.50
05-20 18:33:27.808 D/PhoneStatusBar( 2523): disable: < EXPAND* icons alerts system_info BACK* HOME* RECENT* clock SEARCH* quick_settings >
05-20 18:33:28.119 D/PhoneStatusBar( 2523): heads up is enabled
05-20 18:33:28.210 W/KeyguardUpdateMonitor( 2523): invalid subId in handleSimStateChange()
05-20 18:33:28.581 V/MediaScanner( 2552): pruneDeadThumbnailFiles... android.content.ContentProviderClient$CursorWrapperInner@4fd9063
05-20 18:33:28.583 V/MediaScanner( 2552): /pruneDeadThumbnailFiles... android.content.ContentProviderClient$CursorWrapperInner@4fd9063
05-20 18:33:28.755 I/art     ( 2523): Background partial concurrent mark sweep GC freed 10152(1375KB) AllocSpace objects, 4(84KB) LOS objects, 24% free, 12MB/16MB, paused 763us total 286.051ms
05-20 18:33:28.770 W/art     ( 1673): Long monitor contention with owner Binder:1673_8 (2269) at int com.android.server.wm.WindowManagerService.relayoutWindow(com.android.server.wm.Session, android.view.IWindow, int, android.view.WindowManager$LayoutParams, int, int, int, int, android.graphics.Rect, android.graphics.Rect, android.graphics.Rect, android.graphics.Rect, android.graphics.Rect, android.graphics.Rect, android.graphics.Rect, android.content.res.Configuration, android.view.Surface)(WindowManagerService.java:2857) waiters=0 in void com.android.server.wm.WindowManagerService$H.handleMessage(android.os.Message) for 474ms
05-20 18:33:29.110 W/art     ( 1673): Long monitor contention with owner Binder:1673_7 (2222) at int com.android.server.wm.WindowManagerService.relayoutWindow(com.android.server.wm.Session, android.view.IWindow, int, android.view.WindowManager$LayoutParams, int, int, int, int, android.graphics.Rect, android.graphics.Rect, android.graphics.Rect, android.graphics.Rect, android.graphics.Rect, android.graphics.Rect, android.graphics.Rect, android.content.res.Configuration, android.view.Surface)(WindowManagerService.java:2857) waiters=1 in void com.android.server.wm.WindowManagerService.finishDrawingWindow(com.android.server.wm.Session, android.view.IWindow) for 283ms
05-20 18:33:29.260 V/KeyguardServiceDelegate( 1673): **** SHOWN CALLED ****
05-20 18:33:29.280 I/Choreographer( 2523): Skipped 155 frames!  The application may be doing too much work on its main thread.
05-20 18:33:29.391 D/ViewRootImpl[StatusBar]( 2523): changeCanvasOpacity: opaque=true
05-20 18:33:29.543 W/art     ( 1673): Long monitor contention with owner android.display (1721) at void com.android.server.wm.WindowManagerService$H.handleMessage(android.os.Message)(WindowManagerService.java:8368) waiters=0 in int com.android.server.wm.WindowManagerService.relayoutWindow(com.android.server.wm.Session, android.view.IWindow, int, android.view.WindowManager$LayoutParams, int, int, int, int, android.graphics.Rect, android.graphics.Rect, android.graphics.Rect, android.graphics.Rect, android.graphics.Rect, android.graphics.Rect, android.graphics.Rect, android.content.res.Configuration, android.view.Surface) for 258ms
05-20 18:33:30.055 W/art     ( 1673): Long monitor contention with owner android.ui (1706) at int com.android.server.wm.WindowManagerService.relayoutWindow(com.android.server.wm.Session, android.view.IWindow, int, android.view.WindowManager$LayoutParams, int, int, int, int, android.graphics.Rect, android.graphics.Rect, android.graphics.Rect, android.graphics.Rect, android.graphics.Rect, android.graphics.Rect, android.graphics.Rect, android.content.res.Configuration, android.view.Surface)(WindowManagerService.java:2857) waiters=0 in void com.android.server.wm.WindowManagerService$H.handleMessage(android.os.Message) for 496ms
05-20 18:33:30.057 I/Choreographer( 1673): Skipped 30 frames!  The application may be doing too much work on its main thread.
05-20 18:33:30.388 W/art     ( 1673): Long monitor contention with owner android.display (1721) at void com.android.server.wm.WindowManagerService$H.handleMessage(android.os.Message)(WindowManagerService.java:8368) waiters=1 in int com.android.server.wm.WindowManagerService.relayoutWindow(com.android.server.wm.Session, android.view.IWindow, int, android.view.WindowManager$LayoutParams, int, int, int, int, android.graphics.Rect, android.graphics.Rect, android.graphics.Rect, android.graphics.Rect, android.graphics.Rect, android.graphics.Rect, android.graphics.Rect, android.content.res.Configuration, android.view.Surface) for 124ms
05-20 18:33:30.851 W/art     ( 1673): Long monitor contention with owner Binder:1673_7 (2222) at int com.android.server.wm.WindowManagerService.relayoutWindow(com.android.server.wm.Session, android.view.IWindow, int, android.view.WindowManager$LayoutParams, int, int, int, int, android.graphics.Rect, android.graphics.Rect, android.graphics.Rect, android.graphics.Rect, android.graphics.Rect, android.graphics.Rect, android.graphics.Rect, android.content.res.Configuration, android.view.Surface)(WindowManagerService.java:2857) waiters=1 in void com.android.server.wm.WindowManagerService.getInitialDisplaySize(int, android.graphics.Point) for 277ms
05-20 18:33:30.902 I/Choreographer( 1673): Skipped 30 frames!  The application may be doing too much work on its main thread.
05-20 18:33:31.486 D/WifiService( 1673): New client listening to asynchronous messages
05-20 18:33:31.764 I/Choreographer( 2523): Skipped 147 frames!  The application may be doing too much work on its main thread.
05-20 18:33:31.928 D/gralloc_ranchu( 2523): Emulator without host-side GPU emulation detected. Loading gralloc.default.so from /vendor/lib64/hw/gralloc.goldfish.default.so...
05-20 18:33:31.932 D/gralloc_ranchu( 2523): gralloc.default.so not found in /vendor. Trying /system/lib64/hw/gralloc.goldfish.default.so...
05-20 18:33:32.188 D/PhoneStatusBar( 2523): disable: < expand* icons alerts system_info back* home* recent* clock search* quick_settings >
05-20 18:33:32.619 W/art     ( 1673): Long monitor contention with owner Binder:1673_9 (2497) at int com.android.server.wm.WindowManagerService.relayoutWindow(com.android.server.wm.Session, android.view.IWindow, int, android.view.WindowManager$LayoutParams, int, int, int, int, android.graphics.Rect, android.graphics.Rect, android.graphics.Rect, android.graphics.Rect, android.graphics.Rect, android.graphics.Rect, android.graphics.Rect, android.content.res.Configuration, android.view.Surface)(WindowManagerService.java:2857) waiters=0 in void com.android.server.wm.WindowManagerService$H.handleMessage(android.os.Message) for 232ms
05-20 18:33:32.796 I/Choreographer( 2523): Skipped 59 frames!  The application may be doing too much work on its main thread.
05-20 18:33:33.350 W/art     ( 1673): Long monitor contention with owner Binder:1673_5 (2034) at int com.android.server.wm.WindowManagerService.relayoutWindow(com.android.server.wm.Session, android.view.IWindow, int, android.view.WindowManager$LayoutParams, int, int, int, int, android.graphics.Rect, android.graphics.Rect, android.graphics.Rect, android.graphics.Rect, android.graphics.Rect, android.graphics.Rect, android.graphics.Rect, android.content.res.Configuration, android.view.Surface)(WindowManagerService.java:2857) waiters=0 in void com.android.server.wm.WindowManagerService$H.handleMessage(android.os.Message) for 228ms
05-20 18:33:33.480 I/Choreographer( 2523): Skipped 40 frames!  The application may be doing too much work on its main thread.
05-20 18:34:02.352 W//sbin/adbd( 1323): type=1400 audit(0.0:16): avc: denied { search } for comm=73657276696365203238 name="security" dev="vdc" ino=35203 scontext=u:r:adbd:s0 tcontext=u:object_r:security_file:s0 tclass=dir permissive=0
05-20 18:34:26.658 W/BroadcastQueue( 1673): Timeout of broadcast BroadcastRecord{7dc1939 u0 android.intent.action.BOOT_COMPLETED} - receiver=android.os.BinderProxy@86aa1da, started 60000ms ago
05-20 18:34:26.659 W/BroadcastQueue( 1673): Receiver during timeout: BroadcastFilter{ce99ce8 u0 ReceiverList{b53860b 1961 com.android.systemui/10021/u0 remote:86aa1da}}
05-20 18:34:26.663 W/Binder  ( 2523): Binder call failed.
05-20 18:34:26.663 W/Binder  ( 2523): android.os.DeadObjectException
05-20 18:34:26.663 W/Binder  ( 2523): 	at android.os.BinderProxy.transactNative(Native Method)
05-20 18:34:26.663 W/Binder  ( 2523): 	at android.os.BinderProxy.transact(Binder.java:615)
05-20 18:34:26.663 W/Binder  ( 2523): 	at android.content.IIntentReceiver$Stub$Proxy.performReceive(IIntentReceiver.java:124)
05-20 18:34:26.663 W/Binder  ( 2523): 	at android.app.ActivityThread$ApplicationThread.scheduleRegisteredReceiver(ActivityThread.java:946)
05-20 18:34:26.663 W/Binder  ( 2523): 	at android.app.ApplicationThreadNative.onTransact(ApplicationThreadNative.java:404)
05-20 18:34:26.663 W/Binder  ( 2523): 	at android.os.Binder.execTransact(Binder.java:565)
05-20 18:34:29.211 D/AndroidRuntime( 2620): >>>>>> START com.android.internal.os.RuntimeInit uid 2000 <<<<<<
05-20 18:34:29.233 D/AndroidRuntime( 2620): CheckJNI is ON
05-20 18:34:29.564 W/art     ( 2620): Unexpected CPU variant for X86 using defaults: x86_64
05-20 18:34:29.601 D/ICU     ( 2620): No timezone override file found: /data/misc/zoneinfo/current/icu/icu_tzdata.dat
05-20 18:34:29.743 E/memtrack( 2620): Couldn't load memtrack module (No such file or directory)
05-20 18:34:29.743 E/android.os.Debug( 2620): failed to load memtrack module: -2
05-20 18:34:29.750 I/Radio-JNI( 2620): register_android_hardware_Radio DONE
05-20 18:34:29.851 D/AndroidRuntime( 2620): Calling main entry com.android.commands.pm.Pm
05-20 18:34:29.931 I/        ( 1329): free_cache(132243688) avail 578682880
05-20 18:34:45.559 W/art     ( 1673): Long monitor contention with owner PackageInstaller (1878) at boolean com.android.server.pm.PackageInstallerSession$3.handleMessage(android.os.Message)(PackageInstallerSession.java:210) waiters=0 in android.content.pm.PackageInstaller$SessionInfo com.android.server.pm.PackageInstallerSession.generateInfo() for 8.514s
05-20 18:34:45.612 I/ActivityManager( 1673): Start proc 2630:com.android.defcontainer/u0a7 for service com.android.defcontainer/.DefaultContainerService
05-20 18:34:45.646 W/art     ( 2630): Unexpected CPU variant for X86 using defaults: x86_64
05-20 18:34:46.295 I/PackageManager.DexOptimizer( 1673): Running dexopt (dex2oat) on: /data/app/vmdl1004276765.tmp/base.apk pkg=jp.jaxa.iss.kibo.rpc.sampleapk isa=x86_64 vmSafeMode=false debuggable=true target-filter=interpret-only oatDir = /data/app/vmdl1004276765.tmp/oat sharedLibraries=null
05-20 18:34:46.448 W/dex2oat ( 2645): Unexpected CPU variant for X86 using defaults: x86_64
05-20 18:34:46.460 I/dex2oat ( 2645): /system/bin/dex2oat --compiler-filter=interpret-only --debuggable
05-20 18:34:48.888 W/dex2oat ( 2645): Before Android 4.1, method int android.support.v7.widget.ListViewCompat.lookForSelectablePosition(int, boolean) would have incorrectly overridden the package-private method in android.widget.ListView
05-20 18:34:49.399 W/dex2oat ( 2645): Before Android 4.1, method android.graphics.PorterDuffColorFilter android.support.graphics.drawable.VectorDrawableCompat.updateTintFilter(android.graphics.PorterDuffColorFilter, android.content.res.ColorStateList, android.graphics.PorterDuff$Mode) would have incorrectly overridden the package-private method in android.graphics.drawable.Drawable
05-20 18:34:59.893 I/dex2oat ( 2645): dex2oat took 13.454s (threads: 2) arena alloc=495KB (507576B) java alloc=7MB (7511720B) native alloc=15MB (16230496B) free=4MB (4216736B)
05-20 18:34:59.940 I/ActivityManager( 1673): Force stopping jp.jaxa.iss.kibo.rpc.sampleapk appid=10064 user=-1: installPackageLI
05-20 18:35:00.366 I/PackageManager( 1673): Package jp.jaxa.iss.kibo.rpc.sampleapk codePath changed from /data/app/jp.jaxa.iss.kibo.rpc.sampleapk-1 to /data/app/jp.jaxa.iss.kibo.rpc.sampleapk-2; Retaining data and using new
05-20 18:35:00.372 W/PackageManager( 1673): Code path for jp.jaxa.iss.kibo.rpc.sampleapk changing from /data/app/jp.jaxa.iss.kibo.rpc.sampleapk-1 to /data/app/jp.jaxa.iss.kibo.rpc.sampleapk-2
05-20 18:35:00.373 W/PackageManager( 1673): Resource path for jp.jaxa.iss.kibo.rpc.sampleapk changing from /data/app/jp.jaxa.iss.kibo.rpc.sampleapk-1 to /data/app/jp.jaxa.iss.kibo.rpc.sampleapk-2
05-20 18:35:01.082 I/art     ( 1673): Starting a blocking GC Explicit
05-20 18:35:01.309 I/art     ( 1673): Explicit concurrent mark sweep GC freed 38679(2MB) AllocSpace objects, 18(460KB) LOS objects, 29% free, 9MB/13MB, paused 2.579ms total 202.312ms
05-20 18:35:01.370 E/        ( 1329): Couldn't opendir /data/app/vmdl1004276765.tmp: No such file or directory
05-20 18:35:01.388 I/ActivityManager( 1673): Force stopping jp.jaxa.iss.kibo.rpc.sampleapk appid=10064 user=0: pkg removed
05-20 18:35:01.558 I/InputReader( 1673): Reconfiguring input devices.  changes=0x00000010
05-20 18:35:01.614 I/InputReader( 1673): Reconfiguring input devices.  changes=0x00000010
05-20 18:35:01.647 I/art     ( 2620): System.exit called, status: 0
05-20 18:35:01.647 I/AndroidRuntime( 2620): VM exiting with result code 0.
05-20 18:35:01.755 I/InputReader( 1673): Reconfiguring input devices.  changes=0x00000010
05-20 18:35:02.052 W/art     ( 1673): Long monitor contention with owner backup (2372) at int libcore.io.Posix.writeBytes(java.io.FileDescriptor, java.lang.Object, int, int)(Posix.java:-2) waiters=0 in void com.android.server.backup.BackupManagerService.dataChangedImpl(java.lang.String, java.util.HashSet) for 295ms
05-20 18:35:02.178 E/PhoneInterfaceManager( 2153): [PhoneIntfMgr] getCarrierPackageNamesForIntent: No UICC
05-20 18:35:02.178 D/CarrierSvcBindHelper( 2153): No carrier app for: 0
05-20 18:35:02.179 E/PhoneInterfaceManager( 2153): [PhoneIntfMgr] getCarrierPackageNamesForIntent: No UICC
05-20 18:35:02.180 D/CarrierSvcBindHelper( 2153): No carrier app for: 0
05-20 18:35:02.182 D/CarrierConfigLoader( 2153): mHandler: 9 phoneId: 0
05-20 18:35:02.581 W/VoiceInteractionManagerService( 1673): no available voice recognition services found for user 0
05-20 18:35:26.665 W/BroadcastQueue( 1673): Timeout of broadcast BroadcastRecord{7dc1939 u0 android.intent.action.BOOT_COMPLETED} - receiver=android.os.BinderProxy@f321018, started 60005ms ago
05-20 18:35:26.666 W/BroadcastQueue( 1673): Receiver during timeout: BroadcastFilter{4f328d7 u0 ReceiverList{3c85a71 1961 com.android.systemui/10021/u0 remote:f321018}}
05-20 18:35:26.791 I/RecoverySystem( 1673): No recovery log file
05-20 18:35:26.805 W/ActivityManager( 1673): Slow operation: 101ms so far, now at startProcess: returned from zygote!
05-20 18:35:26.806 W/ActivityManager( 1673): Slow operation: 103ms so far, now at startProcess: done updating battery stats
05-20 18:35:26.806 W/ActivityManager( 1673): Slow operation: 104ms so far, now at startProcess: building log message
05-20 18:35:26.806 I/ActivityManager( 1673): Start proc 2655:com.android.dialer/u0a8 for broadcast com.android.dialer/.calllog.CallLogReceiver
05-20 18:35:26.807 W/ActivityManager( 1673): Slow operation: 104ms so far, now at startProcess: starting to update pids map
05-20 18:35:26.807 W/ActivityManager( 1673): Slow operation: 104ms so far, now at startProcess: done updating pids map
05-20 18:35:26.807 W/ActivityManager( 1673): Slow operation: 107ms so far, now at startProcess: done starting proc!
05-20 18:35:26.832 W/art     ( 2655): Unexpected CPU variant for X86 using defaults: x86_64
05-20 18:35:26.888 I/BootReceiver( 1673): Copying audit failures to DropBox
05-20 18:35:26.889 I/BootReceiver( 1673): Checking for fsck errors
05-20 18:35:27.116 W/System  ( 2655): ClassLoader referenced unknown path: /system/priv-app/Dialer/lib/x86_64
05-20 18:35:27.255 D/ExtensionsFactory( 2655): No custom extensions.
05-20 18:35:27.280 D/BlockedNumbersAuto( 2655): Not attempting auto-migrate: already checked once.
05-20 18:35:27.373 D/CarrierConfigLoader( 2153): mHandler: 13 phoneId: 0
05-20 18:35:27.374 D/CarrierConfigLoader( 2153): mHandler: 7 phoneId: 0
05-20 18:35:27.390 E/CarrierConfigLoader( 2153): Cannot restore config with null packageName or iccid.
05-20 18:35:27.390 D/CarrierConfigLoader( 2153): Binding to com.android.carrierconfig for phone 0
05-20 18:35:27.413 I/ActivityManager( 1673): Start proc 2674:com.android.calendar/u0a26 for broadcast com.android.calendar/.alerts.AlertReceiver
05-20 18:35:27.423 W/art     ( 2674): Unexpected CPU variant for X86 using defaults: x86_64
05-20 18:35:27.453 W/CountryDetector( 2655): No location permissions, not registering for location updates.
05-20 18:35:27.486 W/ActivityManager( 1673): Slow operation: 53ms so far, now at startProcess: returned from zygote!
05-20 18:35:27.487 W/ActivityManager( 1673): Slow operation: 53ms so far, now at startProcess: done updating battery stats
05-20 18:35:27.487 W/ActivityManager( 1673): Slow operation: 53ms so far, now at startProcess: building log message
05-20 18:35:27.487 I/ActivityManager( 1673): Start proc 2681:com.android.carrierconfig/u0a3 for service com.android.carrierconfig/.DefaultCarrierConfigService
05-20 18:35:27.487 W/ActivityManager( 1673): Slow operation: 54ms so far, now at startProcess: starting to update pids map
05-20 18:35:27.487 W/ActivityManager( 1673): Slow operation: 54ms so far, now at startProcess: done updating pids map
05-20 18:35:27.487 W/ActivityManager( 1673): Slow operation: 55ms so far, now at startProcess: done starting proc!
05-20 18:35:27.499 W/art     ( 2681): Unexpected CPU variant for X86 using defaults: x86_64
05-20 18:35:27.659 W/System  ( 2674): ClassLoader referenced unknown path: /system/app/Calendar/lib/x86_64
05-20 18:35:27.683 W/System  ( 2681): ClassLoader referenced unknown path: /system/priv-app/CarrierConfig/lib/x86_64
05-20 18:35:27.788 D/DefaultCarrierConfigService( 2681): Service created
05-20 18:35:27.795 D/CarrierConfigLoader( 2153): Connected to config app: com.android.carrierconfig/com.android.carrierconfig.DefaultCarrierConfigService
05-20 18:35:27.796 D/CarrierConfigLoader( 2153): mHandler: 3 phoneId: 0
05-20 18:35:27.833 D/DefaultCarrierConfigService( 2681): Config being fetched
05-20 18:35:27.838 D/DefaultCarrierConfigService( 2681): java.io.FileNotFoundException: carrier_config_.xml
05-20 18:35:27.859 E/CarrierConfigLoader( 2153): Cannot save config with null packageName or iccid.
05-20 18:35:27.872 D/CarrierConfigLoader( 2153): mHandler: 5 phoneId: 0
05-20 18:35:27.874 E/PhoneInterfaceManager( 2153): [PhoneIntfMgr] getCarrierPackageNamesForIntent: No UICC
05-20 18:35:27.953 I/Telecom ( 1673): PhoneAccountRegistrar: SimCallManager queried, returning: null: TSI.gSCMFU@AAk
05-20 18:35:28.025 D/ExtensionsFactory( 2674): No custom extensions.
05-20 18:35:28.041 D/AlertReceiver( 2674): onReceive: a=android.intent.action.BOOT_COMPLETED Intent { act=android.intent.action.BOOT_COMPLETED flg=0x9000010 cmp=com.android.calendar/.alerts.AlertReceiver (has extras) }
05-20 18:35:28.078 I/AlarmClock( 2455): AlarmInitReceiver android.intent.action.BOOT_COMPLETED
05-20 18:35:28.112 D/AlertService( 2674): 0 Action = android.intent.action.BOOT_COMPLETED
05-20 18:35:28.140 D/AlertService( 2674): Scheduling next alarm with AlarmScheduler. sEventReminderReceived: null
05-20 18:35:28.202 V/AlarmClock( 2455): AlarmInitReceiver finished
05-20 18:35:28.240 W/art     ( 2712): Unexpected CPU variant for X86 using defaults: x86_64
05-20 18:35:28.241 I/ActivityManager( 1673): Start proc 2712:com.android.email/u0a34 for broadcast com.android.email/.service.EmailBroadcastReceiver
05-20 18:35:28.305 W/ActivityManager( 1673): Slow operation: 52ms so far, now at startProcess: returned from zygote!
05-20 18:35:28.305 W/ActivityManager( 1673): Slow operation: 52ms so far, now at startProcess: done updating battery stats
05-20 18:35:28.305 W/ActivityManager( 1673): Slow operation: 53ms so far, now at startProcess: building log message
05-20 18:35:28.305 I/ActivityManager( 1673): Start proc 2726:com.android.providers.calendar/u0a2 for content provider com.android.providers.calendar/.CalendarProvider2
05-20 18:35:28.305 W/ActivityManager( 1673): Slow operation: 53ms so far, now at startProcess: starting to update pids map
05-20 18:35:28.306 W/ActivityManager( 1673): Slow operation: 53ms so far, now at startProcess: done updating pids map
05-20 18:35:28.306 W/ActivityManager( 1673): Slow operation: 54ms so far, now at startProcess: done starting proc!
05-20 18:35:28.306 W/ActivityManager( 1673): Slow operation: 55ms so far, now at getContentProviderImpl: after start process
05-20 18:35:28.306 W/ActivityManager( 1673): Slow operation: 55ms so far, now at getContentProviderImpl: updating data structures
05-20 18:35:28.306 W/ActivityManager( 1673): Slow operation: 56ms so far, now at getContentProviderImpl: done!
05-20 18:35:28.322 W/art     ( 2726): Unexpected CPU variant for X86 using defaults: x86_64
05-20 18:35:28.397 W/System  ( 2712): ClassLoader referenced unknown path: /system/app/Email/lib/x86_64
05-20 18:35:28.511 W/System  ( 2726): ClassLoader referenced unknown path: /system/priv-app/CalendarProvider/lib/x86_64
05-20 18:35:28.667 I/CalendarProvider2( 2726): Created com.android.providers.calendar.CalendarAlarmManager@f70ce39(com.android.providers.calendar.CalendarProvider2@af35c7e)
05-20 18:35:28.838 D/AlarmScheduler( 2674): No events found starting within 1 week.
05-20 18:35:28.962 W/ActivityManager( 1673): Unable to start service Intent { act=com.android.email.EXCHANGE_INTENT pkg=com.android.exchange } U=0: not found
05-20 18:35:28.992 D/ActivityThread( 2712): Loading provider com.android.email.provider;com.android.email.notifier: com.android.email.provider.EmailProvider
05-20 18:35:29.013 W/ActivityManager( 1673): Unable to start service Intent { act=com.android.email.EXCHANGE_INTENT pkg=com.android.exchange } U=0: not found
05-20 18:35:29.032 D/ActivityThread( 2712): Loading provider com.android.email.provider;com.android.email.notifier: com.android.email.provider.EmailProvider
05-20 18:35:29.040 W/ActivityManager( 1673): Unable to start service Intent { act=com.android.email.EXCHANGE_INTENT pkg=com.android.exchange } U=0: not found
05-20 18:35:29.283 W/ActivityManager( 1673): Unable to start service Intent { act=com.android.email.EXCHANGE_INTENT pkg=com.android.exchange } U=0: not found
05-20 18:35:29.288 W/ActivityManager( 1673): Unable to start service Intent { cmp=com.android.email/.service.AttachmentService } U=0: not found
05-20 18:35:29.344 I/SystemBroadcastReceiver( 1950): Boot has been completed
05-20 18:35:29.345 I/SystemBroadcastReceiver( 1950): toggleAppIcon() : FLAG_SYSTEM = true
05-20 18:35:29.415 I/Email   ( 2712): Observing account changes for notifications
05-20 18:35:29.469 W/ActivityManager( 1673): Slow operation: 59ms so far, now at startProcess: returned from zygote!
05-20 18:35:29.469 W/ActivityManager( 1673): Slow operation: 59ms so far, now at startProcess: done updating battery stats
05-20 18:35:29.469 W/ActivityManager( 1673): Slow operation: 60ms so far, now at startProcess: building log message
05-20 18:35:29.469 I/ActivityManager( 1673): Start proc 2751:com.android.managedprovisioning/u0a14 for broadcast com.android.managedprovisioning/.BootReminder
05-20 18:35:29.470 W/ActivityManager( 1673): Slow operation: 60ms so far, now at startProcess: starting to update pids map
05-20 18:35:29.470 W/ActivityManager( 1673): Slow operation: 60ms so far, now at startProcess: done updating pids map
05-20 18:35:29.470 W/ActivityManager( 1673): Slow operation: 60ms so far, now at startProcess: done starting proc!
05-20 18:35:29.478 W/art     ( 2751): Unexpected CPU variant for X86 using defaults: x86_64
05-20 18:35:29.514 W/ActivityManager( 1673): Unable to start service Intent { act=com.android.email.EXCHANGE_INTENT pkg=com.android.exchange } U=0: not found
05-20 18:35:29.524 W/ActivityManager( 1673): Unable to start service Intent { cmp=com.android.email/.service.AttachmentService } U=0: not found
05-20 18:35:29.531 W/ActivityManager( 1673): Unable to start service Intent { act=com.android.email.EXCHANGE_INTENT pkg=com.android.exchange } U=0: not found
05-20 18:35:29.606 W/ActivityManager( 1673): Unable to start service Intent { cmp=com.android.email/.service.AttachmentService } U=0: not found
05-20 18:35:29.657 E/ActivityThread( 2712): Service com.android.email.service.EmailBroadcastProcessorService has leaked ServiceConnection com.android.emailcommon.service.ServiceProxy$ProxyConnection@ffae23a that was originally bound here
05-20 18:35:29.657 E/ActivityThread( 2712): android.app.ServiceConnectionLeaked: Service com.android.email.service.EmailBroadcastProcessorService has leaked ServiceConnection com.android.emailcommon.service.ServiceProxy$ProxyConnection@ffae23a that was originally bound here
05-20 18:35:29.657 E/ActivityThread( 2712): 	at android.app.LoadedApk$ServiceDispatcher.<init>(LoadedApk.java:1336)
05-20 18:35:29.657 E/ActivityThread( 2712): 	at android.app.LoadedApk.getServiceDispatcher(LoadedApk.java:1231)
05-20 18:35:29.657 E/ActivityThread( 2712): 	at android.app.ContextImpl.bindServiceCommon(ContextImpl.java:1450)
05-20 18:35:29.657 E/ActivityThread( 2712): 	at android.app.ContextImpl.bindService(ContextImpl.java:1422)
05-20 18:35:29.657 E/ActivityThread( 2712): 	at android.content.ContextWrapper.bindService(ContextWrapper.java:636)
05-20 18:35:29.657 E/ActivityThread( 2712): 	at com.android.emailcommon.service.ServiceProxy.setTask(ServiceProxy.java:181)
05-20 18:35:29.657 E/ActivityThread( 2712): 	at com.android.emailcommon.service.ServiceProxy.test(ServiceProxy.java:224)
05-20 18:35:29.657 E/ActivityThread( 2712): 	at com.android.email.service.EmailServiceUtils.isServiceAvailable(EmailServiceUtils.java:160)
05-20 18:35:29.657 E/ActivityThread( 2712): 	at com.android.email.provider.AccountReconciler.reconcileAccountsInternal(AccountReconciler.java:171)
05-20 18:35:29.657 E/ActivityThread( 2712): 	at com.android.email.provider.AccountReconciler.reconcileAccounts(AccountReconciler.java:115)
05-20 18:35:29.657 E/ActivityThread( 2712): 	at com.android.email.service.EmailBroadcastProcessorService.reconcileAndStartServices(EmailBroadcastProcessorService.java:305)
05-20 18:35:29.657 E/ActivityThread( 2712): 	at com.android.email.service.EmailBroadcastProcessorService.onBootCompleted(EmailBroadcastProcessorService.java:295)
05-20 18:35:29.657 E/ActivityThread( 2712): 	at com.android.email.service.EmailBroadcastProcessorService.onHandleIntent(EmailBroadcastProcessorService.java:130)
05-20 18:35:29.657 E/ActivityThread( 2712): 	at android.app.IntentService$ServiceHandler.handleMessage(IntentService.java:68)
05-20 18:35:29.657 E/ActivityThread( 2712): 	at android.os.Handler.dispatchMessage(Handler.java:102)
05-20 18:35:29.657 E/ActivityThread( 2712): 	at android.os.Looper.loop(Looper.java:154)
05-20 18:35:29.657 E/ActivityThread( 2712): 	at android.os.HandlerThread.run(HandlerThread.java:61)
05-20 18:35:29.659 W/ActivityManager( 1673): Unbind failed: could not find connection for android.os.BinderProxy@555f066
05-20 18:35:29.663 W/ActivityManager( 1673): Unable to start service Intent { act=com.android.email.EXCHANGE_INTENT pkg=com.android.exchange } U=0: not found
05-20 18:35:29.701 W/System  ( 2751): ClassLoader referenced unknown path: /system/priv-app/ManagedProvisioning/lib/x86_64
05-20 18:35:29.764 W/ActivityManager( 1673): Unable to start service Intent { act=com.android.email.EXCHANGE_INTENT pkg=com.android.exchange } U=0: not found
05-20 18:35:29.806 I/CalendarProvider2( 2726): Sending notification intent: Intent { act=android.intent.action.PROVIDER_CHANGED dat=content://com.android.calendar flg=0x20000000 }
05-20 18:35:29.808 W/ContentResolver( 2726): Failed to get type for: content://com.android.calendar (Unknown URL content://com.android.calendar)
05-20 18:35:29.883 I/ActivityManager( 1673): Start proc 2765:com.android.messaging/u0a54 for broadcast com.android.messaging/.receiver.BootAndPackageReplacedReceiver
05-20 18:35:29.893 W/art     ( 2765): Unexpected CPU variant for X86 using defaults: x86_64
05-20 18:35:30.016 W/System  ( 2765): ClassLoader referenced unknown path: /system/app/messaging/lib/x86_64
05-20 18:35:30.443 I/MessagingApp( 2765): Carrier config changed. Reloading MMS config.
05-20 18:35:30.460 V/VvmBootCompletedRcvr( 2153): processing subId list
05-20 18:35:30.535 E/VvmBootCompletedRcvr( 2153): phone account ComponentInfo{com.android.phone/com.android.services.telephony.TelephonyConnectionService}, [e2f7d48dd2b5ca523e7313cf4ba0f6ea830b6281], UserHandle{0} has invalid subId -1
05-20 18:35:30.609 I/MessagingAppDataModel( 2765): Fixup: Send failed - 0 Download failed - 0
05-20 18:35:31.119 I/MessagingAppDataModel( 2765): SyncMessagesAction: Starting batch for messages from 1621534907635 to 1621535730343 (message update limit = 80, message scan limit = 4000)
05-20 18:35:31.169 W/ActivityManager( 1673): Slow operation: 80ms so far, now at startProcess: returned from zygote!
05-20 18:35:31.169 W/ActivityManager( 1673): Slow operation: 80ms so far, now at startProcess: done updating battery stats
05-20 18:35:31.169 W/ActivityManager( 1673): Slow operation: 81ms so far, now at startProcess: building log message
05-20 18:35:31.169 I/ActivityManager( 1673): Start proc 2788:com.android.gallery3d/u0a39 for broadcast com.android.gallery3d/.app.PackagesMonitor
05-20 18:35:31.169 W/ActivityManager( 1673): Slow operation: 81ms so far, now at startProcess: starting to update pids map
05-20 18:35:31.170 W/ActivityManager( 1673): Slow operation: 81ms so far, now at startProcess: done updating pids map
05-20 18:35:31.170 W/ActivityManager( 1673): Slow operation: 83ms so far, now at startProcess: done starting proc!
05-20 18:35:31.205 W/art     ( 2788): Unexpected CPU variant for X86 using defaults: x86_64
05-20 18:35:31.915 W/ContextImpl( 2501): Calling a method in the system process without a qualified user: android.app.ContextImpl.startService:1357 android.content.ContextWrapper.startService:613 android.content.ContextWrapper.startService:613 com.android.keychain.KeyChainBroadcastReceiver.onReceive:12 android.app.ActivityThread.handleReceiver:3040 
05-20 18:35:32.240 W/ActivityManager( 1673): Slow operation: 78ms so far, now at startProcess: returned from zygote!
05-20 18:35:32.240 W/ActivityManager( 1673): Slow operation: 79ms so far, now at startProcess: done updating battery stats
05-20 18:35:32.241 W/ActivityManager( 1673): Slow operation: 79ms so far, now at startProcess: building log message
05-20 18:35:32.241 I/ActivityManager( 1673): Start proc 2806:com.svox.pico/u0a49 for broadcast com.svox.pico/.VoiceDataInstallerReceiver
05-20 18:35:32.241 W/ActivityManager( 1673): Slow operation: 80ms so far, now at startProcess: starting to update pids map
05-20 18:35:32.241 W/ActivityManager( 1673): Slow operation: 80ms so far, now at startProcess: done updating pids map
05-20 18:35:32.242 W/ActivityManager( 1673): Slow operation: 82ms so far, now at startProcess: done starting proc!
05-20 18:35:32.276 W/art     ( 2806): Unexpected CPU variant for X86 using defaults: x86_64
05-20 18:35:32.899 I/VvmSimChangeReceiver( 2153): Received SIM change for invalid subscription id.
05-20 18:35:33.153 D/AlertReceiver( 2674): onReceive: a=android.intent.action.PROVIDER_CHANGED Intent { act=android.intent.action.PROVIDER_CHANGED dat=content://com.android.calendar flg=0x20000010 cmp=com.android.calendar/.alerts.AlertReceiver }
05-20 18:35:33.205 D/AlertService( 2674): 0 Action = android.intent.action.PROVIDER_CHANGED
05-20 18:35:33.231 I/MessagingAppDataModel( 2765): SyncMessagesAction: All messages now in sync
05-20 18:35:33.233 W/MessagingAppDataModel( 2765): Used 1328ms for SyncMessagesAction#processBackgroundResponse
05-20 18:35:33.496 W/art     ( 2726): Suspending all threads took: 10.618ms
05-20 18:35:33.551 I/art     ( 2726): Waiting for a blocking GC DisableMovingGc
05-20 18:35:33.574 I/art     ( 2726): WaitForGcToComplete blocked for 12.758ms for cause DisableMovingGc
05-20 18:35:33.575 I/art     ( 2726): Starting a blocking GC DisableMovingGc
05-20 18:35:35.297 W/MediaScanner( 2552): Error opening directory '/oem/media/', skipping: No such file or directory.
05-20 18:35:35.696 V/MediaScanner( 2552): pruneDeadThumbnailFiles... android.content.ContentProviderClient$CursorWrapperInner@50aa8db
05-20 18:35:35.698 V/MediaScanner( 2552): /pruneDeadThumbnailFiles... android.content.ContentProviderClient$CursorWrapperInner@50aa8db
05-20 18:35:38.309 I/GlobalDismissManager( 2674): no sender configured
05-20 18:35:38.312 D/AlertService( 2674): Beginning updateAlertNotification
05-20 18:35:38.435 D/AlertService( 2674): No fired or scheduled alerts
05-20 18:35:38.650 D/AlertService( 2674): Scheduling next alarm with AlarmScheduler. sEventReminderReceived: null
05-20 18:35:38.658 I/art     ( 1673): Background partial concurrent mark sweep GC freed 29833(1841KB) AllocSpace objects, 11(444KB) LOS objects, 29% free, 9MB/13MB, paused 13.843ms total 290.766ms
05-20 18:35:38.810 D/AlarmScheduler( 2674): No events found starting within 1 week.
05-20 18:35:43.141 I/ActivityManager( 1673): Waited long enough for: ServiceRecord{ab8c989 u0 com.android.calendar/.alerts.InitAlarmsService}
05-20 18:35:58.258 D/InitAlarmsService( 2674): Clearing and rescheduling alarms.
05-20 18:37:00.017 I/ActivityManager( 1673): Killing 2630:com.android.defcontainer/u0a7 (adj 906): empty #17
05-20 18:37:00.132 D/ActivityManager( 1673): cleanUpApplicationRecord -- 2630
05-20 18:37:18.955 D/AndroidRuntime( 2828): >>>>>> START com.android.internal.os.RuntimeInit uid 2000 <<<<<<
05-20 18:37:18.992 D/AndroidRuntime( 2828): CheckJNI is ON
05-20 18:37:19.413 W/art     ( 2828): Unexpected CPU variant for X86 using defaults: x86_64
05-20 18:37:19.488 D/ICU     ( 2828): No timezone override file found: /data/misc/zoneinfo/current/icu/icu_tzdata.dat
05-20 18:37:19.708 E/memtrack( 2828): Couldn't load memtrack module (No such file or directory)
05-20 18:37:19.708 E/android.os.Debug( 2828): failed to load memtrack module: -2
05-20 18:37:19.718 I/Radio-JNI( 2828): register_android_hardware_Radio DONE
05-20 18:37:19.847 D/AndroidRuntime( 2828): Calling main entry com.android.commands.am.Am
05-20 18:37:19.929 I/ActivityManager( 1673): Start proc 2838:gov.nasa.arc.astrobee.android.gs.manager/u0a63 for service gov.nasa.arc.astrobee.android.gs.manager/.ManagerService
05-20 18:37:19.935 D/AndroidRuntime( 2828): Shutting down VM
05-20 18:37:19.959 I/art     ( 2838): Not late-enabling -Xcheck:jni (already on)
05-20 18:37:19.960 W/art     ( 2838): Unexpected CPU variant for X86 using defaults: x86_64
05-20 18:37:20.083 W/System  ( 2838): ClassLoader referenced unknown path: /data/app/gov.nasa.arc.astrobee.android.gs.manager-1/lib/x86_64
05-20 18:37:20.406 E/Notification( 2838): setLatestEventInfo() is deprecated and you should feel deprecated.
05-20 18:37:20.406 E/Notification( 2838): java.lang.Throwable
05-20 18:37:20.406 E/Notification( 2838): 	at android.app.Notification.setLatestEventInfo(Notification.java:2076)
05-20 18:37:20.406 E/Notification( 2838): 	at org.ros.android.NodeMainExecutorService.onStartCommand(NodeMainExecutorService.java:220)
05-20 18:37:20.406 E/Notification( 2838): 	at android.app.ActivityThread.handleServiceArgs(ActivityThread.java:3326)
05-20 18:37:20.406 E/Notification( 2838): 	at android.app.ActivityThread.-wrap21(ActivityThread.java)
05-20 18:37:20.406 E/Notification( 2838): 	at android.app.ActivityThread$H.handleMessage(ActivityThread.java:1582)
05-20 18:37:20.406 E/Notification( 2838): 	at android.os.Handler.dispatchMessage(Handler.java:102)
05-20 18:37:20.406 E/Notification( 2838): 	at android.os.Looper.loop(Looper.java:154)
05-20 18:37:20.406 E/Notification( 2838): 	at android.app.ActivityThread.main(ActivityThread.java:6119)
05-20 18:37:20.406 E/Notification( 2838): 	at java.lang.reflect.Method.invoke(Native Method)
05-20 18:37:20.406 E/Notification( 2838): 	at com.android.internal.os.ZygoteInit$MethodAndArgsCaller.run(ZygoteInit.java:886)
05-20 18:37:20.406 E/Notification( 2838): 	at com.android.internal.os.ZygoteInit.main(ZygoteInit.java:776)
05-20 18:37:21.053 D/NotificationSQLiteLog( 1673): Pruned event entries: 0
05-20 18:37:21.536 I/Registrar( 2838): MasterXmlRpcEndpoint URI: http://llp:11311
05-20 18:37:21.859 I/Registrar( 2838): Registering publisher: Publisher<PublisherDefinition<PublisherIdentifier<NodeIdentifier</guest_science_manager, http://hlp:53446/>, TopicIdentifier</rosout>>, Topic<TopicIdentifier</rosout>, TopicDescription<rosgraph_msgs/Log, acffd30cd6b6de30f120938c17c593fb>>>>
05-20 18:37:22.995 I/Registrar( 2838): Response<Success, Registered [/guest_science_manager] as publisher of [/rosout], [http://10.42.0.34:45470/]>
05-20 18:37:23.001 I/DefaultPublisher( 2838): Publisher registered: Publisher<PublisherDefinition<PublisherIdentifier<NodeIdentifier</guest_science_manager, http://hlp:53446/>, TopicIdentifier</rosout>>, Topic<TopicIdentifier</rosout>, TopicDescription<rosgraph_msgs/Log, acffd30cd6b6de30f120938c17c593fb>>>>
05-20 18:37:23.220 I/Registrar( 2838): Registering subscriber: Subscriber<Topic<TopicIdentifier</clock>, TopicDescription<rosgraph_msgs/Clock, a9c97c1d230cfc112e270351a944ee47>>>
05-20 18:37:23.382 I/Registrar( 2838): Response<Success, Subscribed to [/clock], [http://10.42.0.34:45083/]>
05-20 18:37:23.408 I/DefaultSubscriber( 2838): Subscriber registered: Subscriber<Topic<TopicIdentifier</clock>, TopicDescription<rosgraph_msgs/Clock, a9c97c1d230cfc112e270351a944ee47>>>
05-20 18:37:23.719 I/Registrar( 2838): Registering publisher: Publisher<PublisherDefinition<PublisherIdentifier<NodeIdentifier</guest_science_manager, http://hlp:53446/>, TopicIdentifier</gs/gs_manager/ack>>, Topic<TopicIdentifier</gs/gs_manager/ack>, TopicDescription<ff_msgs/AckStamped, cebddec69fd770df54633be444a9187d>>>>
05-20 18:37:23.867 I/Registrar( 2838): Registering publisher: Publisher<PublisherDefinition<PublisherIdentifier<NodeIdentifier</guest_science_manager, http://hlp:53446/>, TopicIdentifier</gs/gs_manager/config>>, Topic<TopicIdentifier</gs/gs_manager/config>, TopicDescription<ff_msgs/GuestScienceConfig, c6f632ed2411de4159494a3e7754794e>>>>
05-20 18:37:23.913 W/art     ( 2838): Suspending all threads took: 12.221ms
05-20 18:37:24.063 I/Registrar( 2838): Response<Success, Registered [/guest_science_manager] as publisher of [/gs/gs_manager/ack], [http://10.42.0.34:41232/, http://10.42.0.34:33057/]>
05-20 18:37:24.082 I/DefaultPublisher( 2838): Publisher registered: Publisher<PublisherDefinition<PublisherIdentifier<NodeIdentifier</guest_science_manager, http://hlp:53446/>, TopicIdentifier</gs/gs_manager/ack>>, Topic<TopicIdentifier</gs/gs_manager/ack>, TopicDescription<ff_msgs/AckStamped, cebddec69fd770df54633be444a9187d>>>>
05-20 18:37:24.096 I/Registrar( 2838): Registering publisher: Publisher<PublisherDefinition<PublisherIdentifier<NodeIdentifier</guest_science_manager, http://hlp:53446/>, TopicIdentifier</gs/data>>, Topic<TopicIdentifier</gs/data>, TopicDescription<ff_msgs/GuestScienceData, edd2c791ea93ffa7cb0ec80c5bb00972>>>>
05-20 18:37:24.761 I/Registrar( 2838): Response<Success, Registered [/guest_science_manager] as publisher of [/gs/gs_manager/config], [http://10.42.0.34:41232/, http://10.42.0.34:40634/]>
