05-23 12:50:59.931 I/SystemServer( 2644): StartInputManagerService
05-23 12:50:59.943 I/InputManager( 2644): Initializing input manager, mUseDevInputEventForAudioJack=true
05-23 12:50:59.957 I/SystemServer( 2644): StartWindowManagerService
05-23 12:51:00.265 I/WindowManager( 2644): No existing display settings /data/system/display_settings.xml; starting empty
05-23 12:51:00.563 I/SystemServer( 2644): StartVrManagerService
05-23 12:51:00.563 I/SystemServiceManager( 2644): Starting com.android.server.vr.VrManagerService
05-23 12:51:00.633 W/VrManagerService( 2644): init_native: Could not open VR hardware module, error No such file or directory (-2).
05-23 12:51:00.679 I/InputManager( 2644): Starting input manager
05-23 12:51:00.744 I/SystemServer( 2644): No Bluetooth Service (emulator)
05-23 12:51:00.745 I/SystemServer( 2644): ConnectivityMetricsLoggerService
05-23 12:51:00.781 D/EventHub( 2644): No input device configuration file found for device 'Power Button'.
05-23 12:51:00.786 I/SystemServiceManager( 2644): Starting com.android.server.connectivity.MetricsLoggerService
05-23 12:51:00.857 W/EventHub( 2644): Unable to disable kernel key repeat for /dev/input/event0: Function not implemented
05-23 12:51:00.858 I/EventHub( 2644): New device: id=1, fd=91, path='/dev/input/event0', name='Power Button', classes=0x1, configuration='', keyLayout='/system/usr/keylayout/Generic.kl', keyCharacterMap='/system/usr/keychars/Generic.kcm', builtinKeyboard=false, wakeMechanism=EPOLLWAKEUP, usingClockIoctl=true
05-23 12:51:00.869 I/SystemServer( 2644): IpConnectivityMetrics
05-23 12:51:00.874 W/EventHub( 2644): Unable to disable kernel key repeat for /dev/input/event1: Function not implemented
05-23 12:51:00.875 I/EventHub( 2644): New device: id=2, fd=92, path='/dev/input/event1', name='qwerty2', classes=0x95, configuration='/system/usr/idc/qwerty2.idc', keyLayout='/system/usr/keylayout/qwerty.kl', keyCharacterMap='/system/usr/keychars/qwerty2.kcm', builtinKeyboard=true, wakeMechanism=EPOLLWAKEUP, usingClockIoctl=true
05-23 12:51:00.875 E/EventHub( 2644): could not get driver version for /dev/input/mice, Not a typewriter
05-23 12:51:00.876 I/SystemServiceManager( 2644): Starting com.android.server.connectivity.IpConnectivityMetrics
05-23 12:51:00.878 I/SystemServer( 2644): PinnerService
05-23 12:51:00.878 I/SystemServiceManager( 2644): Starting com.android.server.PinnerService
05-23 12:51:00.918 I/SystemServiceManager( 2644): Starting com.android.server.InputMethodManagerService$Lifecycle
05-23 12:51:01.037 I/InputReader( 2644): Device added: id=-1, name='Virtual', sources=0x00000301
05-23 12:51:01.063 I/InputReader( 2644):   Touch device 'qwerty2' could not query the properties of its associated display.  The device will be inoperable until the display size becomes available.
05-23 12:51:01.064 I/InputReader( 2644): Device added: id=0, name='qwerty2', sources=0x80001103
05-23 12:51:01.064 I/InputReader( 2644): Device added: id=1, name='Power Button', sources=0x00000101
05-23 12:51:02.216 I/SystemServer( 2644): StartAccessibilityManagerService
05-23 12:51:02.364 I/ActivityManager( 2644): Config changes=1df8 {1.0 ?mcc?mnc [en_US] ldltr sw360dp w360dp h640dp 480dpi nrml long port ?uimode ?night -touch -keyb/v/h -nav/h s.2}
05-23 12:51:02.427 I/ActivityManager( 2644): Config changes=508 {1.0 ?mcc?mnc [en_US] ldltr sw360dp w360dp h568dp 480dpi nrml port ?uimode ?night finger -keyb/v/h -nav/h s.3}
05-23 12:51:02.569 I/SystemServiceManager( 2644): Starting com.android.server.MountService$Lifecycle
05-23 12:51:02.612 I/InputReader( 2644): Reconfiguring input devices.  changes=0x00000004
05-23 12:51:02.612 I/InputReader( 2644): Device reconfigured: id=0, name='qwerty2', size 1080x1920, orientation 0, mode 1, display id 0
05-23 12:51:02.615 I/InputReader( 2644): Reconfiguring input devices.  changes=0x00000004
05-23 12:51:02.768 I/SystemServiceManager( 2644): Starting com.android.server.UiModeManagerService
05-23 12:51:02.819 I/ActivityManager( 2644): Config changes=200 {1.0 ?mcc?mnc [en_US] ldltr sw360dp w360dp h568dp 480dpi nrml port finger -keyb/v/h -nav/h s.4}
05-23 12:51:02.919 W/PackageManager( 2644): No disk maintenance in 5128928919; running immediately
05-23 12:51:02.934 I/SystemServer( 2644): StartLockSettingsService
05-23 12:51:02.941 I/SystemServiceManager( 2644): Starting com.android.server.LockSettingsService$Lifecycle
05-23 12:51:02.950 D/MountService( 2644): Thinking about init, mSystemReady=false, mDaemonConnected=true
05-23 12:51:02.951 D/MountService( 2644): Thinking about reset, mSystemReady=false, mDaemonConnected=true
05-23 12:51:02.951 D/MountService( 2644): Thinking about init, mSystemReady=false, mDaemonConnected=true
05-23 12:51:02.951 D/MountService( 2644): Thinking about reset, mSystemReady=false, mDaemonConnected=true
05-23 12:51:02.953 D/CryptdConnector( 2644): SND -> {1 cryptfs getfield SystemLocale}
05-23 12:51:03.091 D/CryptdConnector( 2644): RCV <- {200 1 -1}
05-23 12:51:03.101 I/SystemServiceManager( 2644): Starting com.android.server.DeviceIdleController
05-23 12:51:03.231 W/MountService( 2644): No primary storage mounted!
05-23 12:51:03.231 D/VoldConnector( 2644): SND -> {1 asec list}
05-23 12:51:03.241 D/VoldConnector( 2644): RCV <- {200 1 asec operation succeeded}
05-23 12:51:03.244 I/PackageManager( 2644): No secure containers found
05-23 12:51:03.246 W/PackageManager( 2644): Unknown permission com.google.android.googleapps.permission.GOOGLE_AUTH in package com.android.providers.calendar
05-23 12:51:03.246 W/PackageManager( 2644): Unknown permission com.google.android.googleapps.permission.GOOGLE_AUTH.cl in package com.android.providers.calendar
05-23 12:51:03.247 W/PackageManager( 2644): Not granting permission android.permission.GLOBAL_SEARCH to package com.android.quicksearchbox (protectionLevel=18 flags=0x3808be45)
05-23 12:51:03.248 W/PackageManager( 2644): Not granting permission android.permission.WRITE_EXTERNAL_STORAGE to package gov.nasa.arc.astrobee.android.gs.manager because it was previously installed without
05-23 12:51:03.248 W/PackageManager( 2644): Not granting permission android.permission.READ_EXTERNAL_STORAGE to package gov.nasa.arc.astrobee.android.gs.manager because it was previously installed without
05-23 12:51:03.249 W/PackageManager( 2644): Unknown permission com.android.launcher.permission.READ_SETTINGS in package com.android.launcher3
05-23 12:51:03.249 W/PackageManager( 2644): Unknown permission com.android.launcher.permission.WRITE_SETTINGS in package com.android.launcher3
05-23 12:51:03.249 W/PackageManager( 2644): Not granting permission android.permission.BIND_APPWIDGET to package com.android.launcher3 (protectionLevel=18 flags=0x3c4bbe45)
05-23 12:51:03.249 W/PackageManager( 2644): Unknown permission com.google.android.googleapps.permission.GOOGLE_AUTH.mail in package com.android.calendar
05-23 12:51:03.249 W/PackageManager( 2644): Unknown permission com.google.android.providers.settings.permission.WRITE_GSETTINGS in package com.android.sdksetup
05-23 12:51:03.265 I/SystemServiceManager( 2644): Starting com.android.server.devicepolicy.DevicePolicyManagerService$Lifecycle
05-23 12:51:03.351 W/PackageManager( 2644): Unknown permission com.google.android.permission.INSTALL_WEARABLE_PACKAGES in package com.android.packageinstaller
05-23 12:51:03.352 W/PackageManager( 2644): Not granting permission android.permission.DELETE_PACKAGES to package com.svox.pico (protectionLevel=18 flags=0x3808be45)
05-23 12:51:03.352 W/PackageManager( 2644): Not granting permission android.permission.READ_CONTACTS to package com.example.android.apis because it was previously installed without
05-23 12:51:03.352 W/PackageManager( 2644): Not granting permission android.permission.WRITE_CONTACTS to package com.example.android.apis because it was previously installed without
05-23 12:51:03.352 W/PackageManager( 2644): Not granting permission android.permission.ACCESS_COARSE_LOCATION to package com.example.android.apis because it was previously installed without
05-23 12:51:03.352 W/PackageManager( 2644): Not granting permission android.permission.WRITE_EXTERNAL_STORAGE to package com.example.android.apis because it was previously installed without
05-23 12:51:03.352 W/PackageManager( 2644): Not granting permission android.permission.SEND_SMS to package com.example.android.apis because it was previously installed without
05-23 12:51:03.352 W/PackageManager( 2644): Not granting permission android.permission.RECEIVE_SMS to package com.example.android.apis because it was previously installed without
05-23 12:51:03.352 W/PackageManager( 2644): Not granting permission android.permission.RECEIVE_MMS to package com.example.android.apis because it was previously installed without
05-23 12:51:03.353 W/PackageManager( 2644): Not granting permission android.permission.READ_SMS to package com.example.android.apis because it was previously installed without
05-23 12:51:03.353 W/PackageManager( 2644): Not granting permission android.permission.READ_PHONE_STATE to package com.example.android.apis because it was previously installed without
05-23 12:51:03.353 W/PackageManager( 2644): Not granting permission android.permission.RECORD_AUDIO to package com.example.android.apis because it was previously installed without
05-23 12:51:03.353 W/PackageManager( 2644): Not granting permission android.permission.CAMERA to package com.example.android.apis because it was previously installed without
05-23 12:51:03.353 W/PackageManager( 2644): Not granting permission android.permission.READ_EXTERNAL_STORAGE to package com.example.android.apis because it was previously installed without
05-23 12:51:03.353 W/PackageManager( 2644): Unknown permission android.permission.RUN_INSTRUMENTATION in package org.chromium.webview_shell
05-23 12:51:03.354 W/PackageManager( 2644): Unknown permission com.google.android.googleapps.permission.GOOGLE_AUTH in package com.android.settings
05-23 12:51:03.354 W/PackageManager( 2644): Unknown permission com.android.launcher.permission.READ_SETTINGS in package com.android.settings
05-23 12:51:03.354 W/PackageManager( 2644): Unknown permission com.android.launcher.permission.WRITE_SETTINGS in package com.android.settings
05-23 12:51:03.354 W/PackageManager( 2644): Unknown permission com.android.smspush.WAPPUSH_MANAGER_BIND in package com.android.phone
05-23 12:51:03.356 W/PackageManager( 2644): Unknown permission com.google.android.googleapps.permission.ACCESS_GOOGLE_PASSWORD in package com.android.development
05-23 12:51:03.356 W/PackageManager( 2644): Unknown permission com.google.android.googleapps.permission.GOOGLE_AUTH in package com.android.development
05-23 12:51:03.356 W/PackageManager( 2644): Unknown permission com.google.android.googleapps.permission.GOOGLE_AUTH.ALL_SERVICES in package com.android.development
05-23 12:51:03.356 W/PackageManager( 2644): Unknown permission com.google.android.googleapps.permission.GOOGLE_AUTH.YouTubeUser in package com.android.development
05-23 12:51:03.356 W/PackageManager( 2644): Not granting permission android.permission.BIND_APPWIDGET to package com.android.widgetpreview (protectionLevel=18 flags=0x3808be44)
05-23 12:51:03.757 I/SystemServer( 2644): StartStatusBarManagerService
05-23 12:51:03.821 W/MountService( 2644): No primary storage defined yet; hacking together a stub
05-23 12:51:03.823 W/MountService( 2644): No primary storage defined yet; hacking together a stub
05-23 12:51:03.829 W/MountService( 2644): No primary storage mounted!
05-23 12:51:03.829 D/VoldConnector( 2644): SND -> {2 asec list}
05-23 12:51:03.840 I/SystemServer( 2644): StartClipboardService
05-23 12:51:03.860 I/SystemServer( 2644): StartNetworkManagementService
05-23 12:51:03.897 D/VoldConnector( 2644): RCV <- {200 2 asec operation succeeded}
05-23 12:51:03.942 I/MountService( 2644): Running fstrim idle maintenance
05-23 12:51:03.944 D/VoldConnector( 2644): SND -> {3 fstrim dotrim}
05-23 12:51:03.951 I/NetworkManagement( 2644): onDaemonConnected()
05-23 12:51:04.007 D/vold    ( 1270): Starting trim of /cache
05-23 12:51:04.008 W/vold    ( 1270): Trim failed on /cache: Operation not supported on transport endpoint
05-23 12:51:04.009 D/vold    ( 1270): Starting trim of /data
05-23 12:51:04.009 W/vold    ( 1270): Trim failed on /data: Operation not supported on transport endpoint
05-23 12:51:04.015 D/VoldConnector( 2644): RCV <- {662 /cache -1 -1}
05-23 12:51:04.030 D/VoldConnector( 2644): RCV <- {662 /data -1 -1}
05-23 12:51:04.052 D/VoldConnector( 2644): RCV <- {200 3 Command succeeded}
05-23 12:51:04.059 E/VoldConnector( 2644): Error handling '662 /cache -1 -1': java.lang.NullPointerException: Attempt to invoke virtual method 'void android.os.DropBoxManager.addText(java.lang.String, java.lang.String)' on a null object reference
05-23 12:51:04.079 E/VoldConnector( 2644): Error handling '662 /data -1 -1': java.lang.NullPointerException: Attempt to invoke virtual method 'void android.os.DropBoxManager.addText(java.lang.String, java.lang.String)' on a null object reference
05-23 12:51:04.086 I/SystemServiceManager( 2644): Starting com.android.server.TextServicesManagerService$Lifecycle
05-23 12:51:04.135 I/SystemServer( 2644): StartNetworkScoreService
05-23 12:51:04.146 I/SystemServer( 2644): StartNetworkStatsService
05-23 12:51:04.210 I/SystemServer( 2644): StartNetworkPolicyManagerService
05-23 12:51:04.307 I/SystemServer( 2644): No Wi-Fi NAN Service (NAN support Not Present)
05-23 12:51:04.489 W/UsageStatsService( 2644): User[0] Some stats have no latest available
05-23 12:51:04.641 I/UsageStatsService( 2644): User[0] Rollover scheduled @ 2021-05-24 12:51:02(1621860662380)
05-23 12:51:04.936 W/art     ( 2644): Verification of void com.android.server.wifi.p2p.WifiP2pService.<init>(android.content.Context) took 275.040ms
05-23 12:51:04.939 I/SystemServiceManager( 2644): Starting com.android.server.wifi.p2p.WifiP2pService
05-23 12:51:05.019 I/art     ( 2644): Background sticky concurrent mark sweep GC freed 34463(2MB) AllocSpace objects, 20(400KB) LOS objects, 26% free, 8MB/10MB, paused 3.789ms total 377.988ms
05-23 12:51:05.311 I/WifiP2pService( 2644): Registering wifip2p
05-23 12:51:05.316 I/SystemServiceManager( 2644): Starting com.android.server.wifi.WifiService
05-23 12:51:06.377 D/HS20    ( 2644): Passpoint is disabled
05-23 12:51:06.595 D/CommandListener( 1338): Clearing all IP addresses on wlan0
05-23 12:51:06.775 D/WifiApConfigStore( 2644): 2G band allowed channels are:1,6,11
05-23 12:51:06.780 W/art     ( 2644): Long monitor contention with owner WifiStateMachine (2818) at boolean com.android.server.wifi.WifiNative.unloadDriverNative()(WifiNative.java:-2) waiters=0 in java.lang.String com.android.server.wifi.WifiNative.doStringCommand(java.lang.String) for 205ms
05-23 12:51:06.782 E/WifiLogger( 2644): no ring buffers found
05-23 12:51:06.782 E/WifiLogger( 2644): Failed to start packet fate monitoring
05-23 12:51:06.825 D/WifiController( 2644): isAirplaneModeOn = true, isWifiEnabled = false, isScanningAvailable = false
05-23 12:51:06.843 I/WifiService( 2644): Registering wifi
05-23 12:51:06.862 I/SystemServiceManager( 2644): Starting com.android.server.wifi.scanner.WifiScanningService
05-23 12:51:06.862 I/WifiScanningService( 2644): Creating wifiscanner
05-23 12:51:06.871 I/WifiScanningService( 2644): Publishing wifiscanner
05-23 12:51:06.875 I/SystemServiceManager( 2644): Starting com.android.server.wifi.RttService
05-23 12:51:06.880 I/RttService( 2644): Creating rttmanager
05-23 12:51:06.884 I/RttService( 2644): Starting rttmanager
05-23 12:51:06.886 I/SystemServer( 2644): StartConnectivityService
05-23 12:51:06.918 D/ConnectivityService( 2644): ConnectivityService starting up
05-23 12:51:06.982 D/ConnectivityService( 2644): wifiOnly=false
05-23 12:51:07.086 I/SystemServer( 2644): StartNsdService
05-23 12:51:07.118 I/SystemServer( 2644): StartUpdateLockService
05-23 12:51:07.134 I/SystemServiceManager( 2644): Starting com.android.server.RecoverySystemService
05-23 12:51:07.161 I/SystemServiceManager( 2644): Starting com.android.server.notification.NotificationManagerService
05-23 12:51:07.283 D/ConditionProviders.SCP( 2644): new ScheduleConditionProvider()
05-23 12:51:07.426 D/ZenLog  ( 2644): config: readXml,ZenModeConfig[user=0,allowCalls=true,allowRepeatCallers=false,allowMessages=false,allowCallsFrom=contacts,allowMessagesFrom=contacts,allowReminders=true,allowEvents=true,allowWhenScreenOff=true,allowWhenScreenOn=true,automaticRules={370bd6672ef541ba946db9ac4aef0faf=ZenRule[enabled=false,snoozing=false,name=Weeknight,zenMode=ZEN_MODE_ALARMS,conditionId=condition://android/schedule?days=1.2.3.4.5&start=22.0&end=7.0&exitAtAlarm=false,condition=Condition[id=condition://android/schedule?days=1.2.3.4.5&start=22.0&end=7.0&exitAtAlarm=false,summary=...,line1=...,line2=...,icon=0,state=STATE_FALSE,flags=2],component=ComponentInfo{android/com.android.server.notification.ScheduleConditionProvider},id=370bd6672ef541ba946db9ac4aef0faf,creationTime=1590622727817,enabler=null], a53ffdf89c814123a52adbdd46bc948d=ZenRule[enabled=false,snoozing=false,name=Weekend,zenMode=ZEN_MODE_ALARMS,conditionId=condition://android/schedule?days=6.7&start=23.30&end=10.0&exitAtAlarm=false,condition=Condition[id=condition://android/schedule?days=6.7&start=23.30&end=10.0&exitAtAlarm=false,summary=...,line1=...,line2=...,icon=0,state=STATE_FALSE,flags=2],component=ComponentInfo{android/com.android.server.notification.ScheduleConditionProvider},id=a53ffdf89c814123a52adbdd46bc948d,creationTime=1590622727818,enabler=null], fc8bb1aacabb4877a1d1d167106f6e77=ZenRule[enabled=false,snoozing=false,name=Event,zenMode=ZEN_MODE_ALARMS,conditionId=condition://android/event?userId=-10000&calendar=&reply=1,condition=Condition[id=condition://android/event?userId=-10000&calendar=&reply=1,summary=...,line1=...,line2=...,icon=0,state=STATE_FALSE,flags=2],component=ComponentInfo{android/com.android.server.notification.EventConditionProvider},id=fc8bb1aacabb4877a1d1d167106f6e77,creationTime=1590622727822,enabler=null]},manualRule=null],Diff[automaticRule[edb5a5780520417c9ec914d409cb07df]:delete,automaticRule[370bd6672ef541ba946db9ac4aef0faf]:insert,automaticRule[a53ffdf89c814123a52adbdd46bc948d]:insert,automaticRule[1b4df06fb818411682e81d7350a5e8b0]:delete,automaticRule[45e23a78692443cfa1b15dc0b78ad7ad]:delete,automaticRule[fc8bb1aacabb4877a1d1d167106f6e77]:insert]
05-23 12:51:07.607 D/ZenLog  ( 2644): set_zen_mode: off,init
05-23 12:51:07.652 I/SystemServiceManager( 2644): Starting com.android.server.storage.DeviceStorageMonitorService
05-23 12:51:07.675 I/SystemServer( 2644): StartLocationManagerService
05-23 12:51:07.693 I/SystemServer( 2644): StartCountryDetectorService
05-23 12:51:07.703 I/SystemServer( 2644): StartSearchManagerService
05-23 12:51:07.703 I/SystemServiceManager( 2644): Starting com.android.server.search.SearchManagerService$Lifecycle
05-23 12:51:07.731 I/SystemServiceManager( 2644): Starting com.android.server.DropBoxManagerService
05-23 12:51:07.737 I/SystemServer( 2644): StartWallpaperManagerService
05-23 12:51:07.738 I/SystemServiceManager( 2644): Starting com.android.server.wallpaper.WallpaperManagerService$Lifecycle
05-23 12:51:07.785 E/BitmapFactory( 2644): Unable to decode stream: java.io.FileNotFoundException: /data/system/users/0/wallpaper_orig (No such file or directory)
05-23 12:51:07.785 E/WallpaperManagerService( 2644): Invalid wallpaper data
05-23 12:51:07.785 E/WallpaperManagerService( 2644): Unable to apply new wallpaper
05-23 12:51:07.870 I/SystemServer( 2644): StartAudioService
05-23 12:51:07.871 I/SystemServiceManager( 2644): Starting com.android.server.audio.AudioService$Lifecycle
05-23 12:51:07.975 W/TelecomManager( 2644): Telecom Service not found.
05-23 12:51:08.102 D/PermissionCache( 1326): checking android.permission.MODIFY_AUDIO_SETTINGS for uid=1000 => granted (84332 us)
05-23 12:51:08.156 W/AudioFlinger( 1326): no wake lock to update, system not ready yet
05-23 12:51:08.476 I/SystemServiceManager( 2644): Starting com.android.server.DockObserver
05-23 12:51:08.478 W/DockObserver( 2644): This kernel does not have dock station support
05-23 12:51:08.496 I/SystemServer( 2644): StartWiredAccessoryManager
05-23 12:51:08.522 W/WiredAccessoryManager( 2644): This kernel does not have usb audio support
05-23 12:51:08.523 W/WiredAccessoryManager( 2644): This kernel does not have HDMI audio support
05-23 12:51:08.524 I/SystemServiceManager( 2644): Starting com.android.server.midi.MidiService$Lifecycle
05-23 12:51:08.595 I/SystemServiceManager( 2644): Starting com.android.server.usb.UsbService$Lifecycle
05-23 12:51:08.658 I/SystemServer( 2644): StartSerialService
05-23 12:51:08.673 E/HardwarePropertiesManagerService-JNI( 2644): Couldn't load thermal module (No such file or directory)
05-23 12:51:08.676 I/SystemServiceManager( 2644): Starting com.android.server.twilight.TwilightService
05-23 12:51:08.678 I/SystemServiceManager( 2644): Starting com.android.server.job.JobSchedulerService
05-23 12:51:08.779 I/SystemServiceManager( 2644): Starting com.android.server.soundtrigger.SoundTriggerService
05-23 12:51:08.803 I/SystemServiceManager( 2644): Starting com.android.server.backup.BackupManagerService$Lifecycle
05-23 12:51:08.814 I/SystemServiceManager( 2644): Starting com.android.server.appwidget.AppWidgetService
05-23 12:51:08.935 I/SystemServiceManager( 2644): Starting com.android.server.voiceinteraction.VoiceInteractionManagerService
05-23 12:51:08.960 I/SystemServer( 2644): Gesture Launcher Service
05-23 12:51:08.960 I/SystemServiceManager( 2644): Starting com.android.server.GestureLauncherService
05-23 12:51:08.962 I/SystemServiceManager( 2644): Starting com.android.server.SensorNotificationService
05-23 12:51:08.962 I/SystemServiceManager( 2644): Starting com.android.server.ContextHubSystemService
05-23 12:51:08.983 E/ContextHubService( 2644): ** Could not load context_hub module : err No such file or directory
05-23 12:51:08.983 W/ContextHubService( 2644): No Context Hub Module present
05-23 12:51:08.984 I/SystemServer( 2644): StartDiskStatsService
05-23 12:51:08.986 I/SystemServer( 2644): StartSamplingProfilerService
05-23 12:51:09.098 I/SystemServer( 2644): StartNetworkTimeUpdateService
05-23 12:51:09.115 I/SystemServer( 2644): StartCommonTimeManagementService
05-23 12:51:09.123 I/SystemServer( 2644): CertBlacklister
05-23 12:51:09.128 I/SystemServiceManager( 2644): Starting com.android.server.emergency.EmergencyAffordanceService
05-23 12:51:09.141 I/SystemServiceManager( 2644): Starting com.android.server.dreams.DreamManagerService
05-23 12:51:09.148 I/SystemServer( 2644): StartAssetAtlasService
05-23 12:51:09.248 I/SystemServiceManager( 2644): Starting com.android.server.print.PrintManagerService
05-23 12:51:09.288 D/AssetAtlas( 2644): Loaded configuration: SliceMinArea (1280x896) flags=0x2 count=91
05-23 12:51:09.301 I/SystemServiceManager( 2644): Starting com.android.server.restrictions.RestrictionsManagerService
05-23 12:51:09.308 I/SystemServiceManager( 2644): Starting com.android.server.media.MediaSessionService
05-23 12:51:09.464 I/SystemServer( 2644): StartMediaRouterService
05-23 12:51:09.502 I/SystemServiceManager( 2644): Starting com.android.server.trust.TrustManagerService
05-23 12:51:09.604 D/gralloc_ranchu( 2644): Emulator without host-side GPU emulation detected. Loading gralloc.default.so from /vendor/lib64/hw/gralloc.goldfish.default.so...
05-23 12:51:09.607 D/gralloc_ranchu( 2644): gralloc.default.so not found in /vendor. Trying /system/lib64/hw/gralloc.goldfish.default.so...
05-23 12:51:09.673 I/SystemServiceManager( 2644): Starting com.android.server.fingerprint.FingerprintService
05-23 12:51:09.781 D/PermissionCache( 1341): checking android.permission.MANAGE_FINGERPRINT for uid=1000 => granted (20535 us)
05-23 12:51:09.784 V/fingerprintd( 1341): nativeOpenHal()
05-23 12:51:09.951 D/FingerprintHal( 1341): ----------------> fingerprint_open ----------------->
05-23 12:51:09.953 E/fingerprintd( 1341): Wrong fp version. Expected 512, got 513
05-23 12:51:09.953 D/FingerprintHal( 1341): ----------------> set_notify_callback ----------------->
05-23 12:51:09.953 D/FingerprintHal( 1341): fingerprint callback notification set
05-23 12:51:09.953 V/fingerprintd( 1341): fingerprint HAL successfully initialized
05-23 12:51:09.957 V/fingerprintd( 1341): setActiveGroup(0, /data/system/users/0/fpdata, 27)
05-23 12:51:09.957 D/FingerprintHal( 1341): ----------------> fingerprint_set_active_group -----------------> path /data/system/users/0/fpdata
05-23 12:51:09.958 D/FingerprintHal( 1341): ----------------> loadFingerprints ----------------->
05-23 12:51:09.958 E/FingerprintHal( 1341): Could not load fingerprints from storage at /data/system/users/0/fpdata/emufp.bin; it has not yet been created.
05-23 12:51:09.958 D/FingerprintHal( 1341): ----------------> loadAuthenticatorId ----------------->
05-23 12:51:09.960 D/FingerprintHal( 1341): ----------------> listenerFunction ----------------->
05-23 12:51:09.962 D/FingerprintHal( 1341): Read authenticator id (0x6b8b4567327b23c6)
05-23 12:51:09.973 D/FingerprintHal( 1341): ----------------> fingerprint_get_auth_id ----------------->
05-23 12:51:09.974 D/FingerprintHal( 1341): ----------------> fingerprint_get_auth_id auth id 6b8b4567327b23c6----------------->
05-23 12:51:09.974 V/FingerprintService( 2644): Fingerprint HAL id: 131759012626432
05-23 12:51:09.977 I/SystemServer( 2644): StartBackgroundDexOptService
05-23 12:51:10.014 I/SystemServiceManager( 2644): Starting com.android.server.pm.ShortcutService$Lifecycle
05-23 12:51:10.081 W/art     ( 2644): Suspending all threads took: 26.819ms
05-23 12:51:10.125 I/SystemServiceManager( 2644): Starting com.android.server.pm.LauncherAppsService
05-23 12:51:10.161 I/SystemServiceManager( 2644): Starting com.android.server.media.projection.MediaProjectionManagerService
05-23 12:51:10.177 V/MediaRouter( 2644): Adding route: RouteInfo{ name=Phone, description=null, status=null, category=RouteCategory{ name=null types=ROUTE_TYPE_LIVE_AUDIO ROUTE_TYPE_LIVE_VIDEO  groupable=false }, supportedTypes=ROUTE_TYPE_LIVE_AUDIO ROUTE_TYPE_LIVE_VIDEO , presentationDisplay=null }
05-23 12:51:10.199 I/art     ( 2644): Background partial concurrent mark sweep GC freed 18598(1422KB) AllocSpace objects, 5(100KB) LOS objects, 24% free, 12MB/16MB, paused 31.032ms total 469.283ms
05-23 12:51:10.244 W/AssetAtlasService( 2644): Could not find EGL configuration
05-23 12:51:10.247 D/AssetAtlas( 2644): Rendered atlas in 451.14ms (448.31+2.83ms)
05-23 12:51:10.264 V/MediaRouter( 2644): Updating audio routes: AudioRoutesInfo{ type=SPEAKER }
05-23 12:51:10.269 V/MediaRouter( 2644): Selecting route: RouteInfo{ name=Phone, description=null, status=null, category=RouteCategory{ name=null types=ROUTE_TYPE_LIVE_AUDIO ROUTE_TYPE_LIVE_VIDEO  groupable=false }, supportedTypes=ROUTE_TYPE_LIVE_AUDIO ROUTE_TYPE_LIVE_VIDEO , presentationDisplay=null }
05-23 12:51:10.323 I/WindowManager( 2644): SAFE MODE not enabled
05-23 12:51:10.324 I/SystemServiceManager( 2644): Starting com.android.server.MmsServiceBroker
05-23 12:51:10.345 W/VibratorService( 2644): Tried to stop vibrating but there is no vibrator device.
05-23 12:51:10.816 E/LockSettingsStorage( 2644): Cannot read file java.io.FileNotFoundException: /data/system/gatekeeper.password.key: open failed: ENOENT (No such file or directory)
05-23 12:51:10.817 E/LockSettingsStorage( 2644): Cannot read file java.io.FileNotFoundException: /data/system/password.key: open failed: ENOENT (No such file or directory)
05-23 12:51:10.819 E/LockSettingsStorage( 2644): Cannot read file java.io.FileNotFoundException: /data/system/gatekeeper.pattern.key: open failed: ENOENT (No such file or directory)
05-23 12:51:10.840 E/LockSettingsStorage( 2644): Cannot read file java.io.FileNotFoundException: /data/system/gatekeeper.gesture.key: open failed: ENOENT (No such file or directory)
05-23 12:51:10.842 E/LockSettingsStorage( 2644): Cannot read file java.io.FileNotFoundException: /data/system/gesture.key: open failed: ENOENT (No such file or directory)
05-23 12:51:10.842 I/SystemServiceManager( 2644): Starting phase 480
05-23 12:51:10.903 I/DevicePolicyManagerService( 2644): Set ro.device_owner property to false
05-23 12:51:10.991 I/SystemServiceManager( 2644): Starting phase 500
05-23 12:51:11.019 D/ConnectivityMetricsLoggerService( 2644): onBootPhase: PHASE_SYSTEM_SERVICES_READY
05-23 12:51:11.148 I/WifiService( 2644): WifiService starting up with Wi-Fi disabled
05-23 12:51:11.180 I/WifiScanningService( 2644): Starting wifiscanner
05-23 12:51:11.213 I/RttService( 2644): Registering rttmanager
05-23 12:51:11.309 D/ZenLog  ( 2644): config: cleanUpZenRules,ZenModeConfig[user=0,allowCalls=true,allowRepeatCallers=false,allowMessages=false,allowCallsFrom=contacts,allowMessagesFrom=contacts,allowReminders=true,allowEvents=true,allowWhenScreenOff=true,allowWhenScreenOn=true,automaticRules={370bd6672ef541ba946db9ac4aef0faf=ZenRule[enabled=false,snoozing=false,name=Weeknight,zenMode=ZEN_MODE_ALARMS,conditionId=condition://android/schedule?days=1.2.3.4.5&start=22.0&end=7.0&exitAtAlarm=false,condition=Condition[id=condition://android/schedule?days=1.2.3.4.5&start=22.0&end=7.0&exitAtAlarm=false,summary=...,line1=...,line2=...,icon=0,state=STATE_FALSE,flags=2],component=ComponentInfo{android/com.android.server.notification.ScheduleConditionProvider},id=370bd6672ef541ba946db9ac4aef0faf,creationTime=1590622727817,enabler=null], a53ffdf89c814123a52adbdd46bc948d=ZenRule[enabled=false,snoozing=false,name=Weekend,zenMode=ZEN_MODE_ALARMS,conditionId=condition://android/schedule?days=6.7&start=23.30&end=10.0&exitAtAlarm=false,condition=Condition[id=condition://android/schedule?days=6.7&start=23.30&end=10.0&exitAtAlarm=false,summary=...,line1=...,line2=...,icon=0,state=STATE_FALSE,flags=2],component=ComponentInfo{android/com.android.server.notification.ScheduleConditionProvider},id=a53ffdf89c814123a52adbdd46bc948d,creationTime=1590622727818,enabler=null], fc8bb1aacabb4877a1d1d167106f6e77=ZenRule[enabled=false,snoozing=false,name=Event,zenMode=ZEN_MODE_ALARMS,conditionId=condition://android/event?userId=-10000&calendar=&reply=1,condition=Condition[id=condition://android/event?userId=-10000&calendar=&reply=1,summary=...,line1=...,line2=...,icon=0,state=STATE_FALSE,flags=2],component=ComponentInfo{android/com.android.server.notification.EventConditionProvider},id=fc8bb1aacabb4877a1d1d167106f6e77,creationTime=1590622727822,enabler=null]},manualRule=null],Diff[]
05-23 12:51:11.322 D/ZenLog  ( 2644): set_zen_mode: off,onSystemReady
05-23 12:51:11.352 D/PermissionCache( 1326): checking android.permission.CAPTURE_AUDIO_HOTWORD for uid=1000 => granted (953 us)
05-23 12:51:11.353 W/SoundTriggerHelper( 2644): listModules status=0, # of modules=0
05-23 12:51:11.354 D/ContextHubSystemService( 2644): onBootPhase: PHASE_SYSTEM_SERVICES_READY
05-23 12:51:11.803 W/KeyguardServiceDelegate( 2644): onScreenTurningOn(): no keyguard service!
05-23 12:51:11.867 V/UserManagerService( 2644): Found /data/user_de/0 with serial number 0
05-23 12:51:11.867 V/UserManagerService( 2644): Found /data/user/0 with serial number 0
05-23 12:51:11.868 V/UserManagerService( 2644): Found /data/system_de/0 with serial number 0
05-23 12:51:11.868 V/UserManagerService( 2644): Found /data/system_ce/0 with serial number 0
05-23 12:51:12.811 W/WindowManager( 2644): Keyguard drawn timeout. Setting mKeyguardDrawComplete
05-23 12:51:13.145 W/art     ( 2644): Long monitor contention with owner PackageManager (2694) at void com.android.server.pm.DefaultPermissionGrantPolicy$1.handleMessage(android.os.Message)(DefaultPermissionGrantPolicy.java:171) waiters=0 in void com.android.server.pm.PackageManagerService.assertPackageKnown(java.lang.String, java.lang.String) for 883ms
05-23 12:51:13.475 I/ActivityManager( 2644): System now ready
05-23 12:51:13.684 I/SystemServer( 2644): Making services ready
05-23 12:51:13.684 I/SystemServiceManager( 2644): Starting phase 550
05-23 12:51:14.378 E/InputMethodManagerService( 2644): Ignoring updateSystemUiLocked due to an invalid token. uid:1000 token:null
05-23 12:51:15.081 I/Zygote  ( 2644): Process: zygote socket opened, supported ABIS: x86_64
05-23 12:51:15.189 W/ActivityManager( 2644): Slow operation: 253ms so far, now at startProcess: returned from zygote!
05-23 12:51:15.280 W/ActivityManager( 2644): Slow operation: 344ms so far, now at startProcess: done updating battery stats
05-23 12:51:15.282 W/ActivityManager( 2644): Slow operation: 346ms so far, now at startProcess: building log message
05-23 12:51:15.282 I/ActivityManager( 2644): Start proc 2855:com.android.inputmethod.latin/u0a41 for service com.android.inputmethod.latin/.LatinIME
05-23 12:51:15.283 W/ActivityManager( 2644): Slow operation: 346ms so far, now at startProcess: starting to update pids map
05-23 12:51:15.283 W/ActivityManager( 2644): Slow operation: 347ms so far, now at startProcess: done updating pids map
05-23 12:51:15.283 W/ActivityManager( 2644): Slow operation: 348ms so far, now at startProcess: done starting proc!
05-23 12:51:15.293 W/art     ( 2855): Unexpected CPU variant for X86 using defaults: x86_64
05-23 12:51:15.301 V/InputMethodManagerService( 2644): Adding window token: android.os.Binder@ff3941c
05-23 12:51:15.303 D/MountService( 2644): Thinking about init, mSystemReady=true, mDaemonConnected=true
05-23 12:51:15.303 D/MountService( 2644): Setting up emulation state, initlocked=false
05-23 12:51:15.321 W/BroadcastQueue( 2644): Timeout of broadcast BroadcastRecord{794adfa u-1 android.intent.action.TIME_TICK} - receiver=android.app.LoadedApk$ReceiverDispatcher$InnerReceiver@bdc30a4, started 10349ms ago
05-23 12:51:15.322 W/BroadcastQueue( 2644): Receiver during timeout: BroadcastFilter{636b1c2 u0 ReceiverList{66ade0d 2644 system/1000/u0 local:bdc30a4}}
05-23 12:51:15.331 D/CryptdConnector( 2644): SND -> {2 cryptfs unlock_user_key 0 0 ! !}
05-23 12:51:15.344 D/vold    ( 1270): e4crypt_unlock_user_key 0 serial=0 token_present=0
05-23 12:51:15.349 E/BitmapFactory( 2644): Unable to decode stream: java.io.FileNotFoundException: /data/system/users/0/wallpaper_orig (No such file or directory)
05-23 12:51:15.350 E/WallpaperManagerService( 2644): Invalid wallpaper data
05-23 12:51:15.351 D/CryptdConnector( 2644): RCV <- {200 2 Command succeeded}
05-23 12:51:15.361 D/MountService( 2644): Thinking about reset, mSystemReady=true, mDaemonConnected=true
05-23 12:51:15.363 D/VoldConnector( 2644): SND -> {4 volume reset}
05-23 12:51:15.368 D/vold    ( 1270): Recognized experimental block major ID 253 as virtio-blk (emulator's virtual SD card device)
05-23 12:51:15.369 V/vold    ( 1270): /system/bin/sgdisk
05-23 12:51:15.369 V/vold    ( 1270):     --android-dump
05-23 12:51:15.369 V/vold    ( 1270):     /dev/block/vold/disk:253,48
05-23 12:51:15.371 I/ActivityManager( 2644): Force stopping com.android.providers.media appid=10010 user=-1: vold reset
05-23 12:51:15.431 D/VoldConnector( 2644): RCV <- {651 emulated 7}
05-23 12:51:15.432 D/VoldConnector( 2644): RCV <- {659 emulated}
05-23 12:51:15.433 D/VoldConnector( 2644): RCV <- {650 emulated 2 "" ""}
05-23 12:51:15.434 D/VoldConnector( 2644): RCV <- {651 emulated 0}
05-23 12:51:15.435 D/VoldConnector( 2644): RCV <- {651 public:253,48 7}
05-23 12:51:15.435 D/VoldConnector( 2644): RCV <- {659 public:253,48}
05-23 12:51:15.436 D/VoldConnector( 2644): RCV <- {649 disk:253,48}
05-23 12:51:15.441 W/art     ( 2644): Long monitor contention with owner main (2644) at int com.android.server.am.ActivityManagerService.bindService(android.app.IApplicationThread, android.os.IBinder, android.content.Intent, java.lang.String, android.app.IServiceConnection, int, java.lang.String, int)(ActivityManagerService.java:17301) waiters=0 in void com.android.server.am.ActivityManagerService.dispatchUidsChanged() for 350ms
05-23 12:51:15.459 V/MountService( 2644): Found primary storage at VolumeInfo{emulated}:
05-23 12:51:15.459 V/MountService( 2644):     type=EMULATED diskId=null partGuid=null mountFlags=0 mountUserId=-1 
05-23 12:51:15.459 V/MountService( 2644):     state=UNMOUNTED 
05-23 12:51:15.459 V/MountService( 2644):     fsType=null fsUuid=null fsLabel=null 
05-23 12:51:15.459 V/MountService( 2644):     path=null internalPath=null 
05-23 12:51:15.476 E/WallpaperManagerService( 2644): Unable to apply new wallpaper
05-23 12:51:15.492 D/VoldConnector( 2644): RCV <- {640 disk:253,48 5}
05-23 12:51:15.493 D/VoldConnector( 2644): RCV <- {641 disk:253,48 549453824}
05-23 12:51:15.494 D/VoldConnector( 2644): RCV <- {642 disk:253,48 Virtual}
05-23 12:51:15.494 D/VoldConnector( 2644): RCV <- {644 disk:253,48 /sys//devices/pci0000:00/0000:00:06.0/virtio3/block/vdd}
05-23 12:51:15.569 W/art     ( 2862): Unexpected CPU variant for X86 using defaults: x86_64
05-23 12:51:15.586 W/ActivityManager( 2644): Slow operation: 78ms so far, now at startProcess: returned from zygote!
05-23 12:51:15.587 W/ActivityManager( 2644): Slow operation: 78ms so far, now at startProcess: done updating battery stats
05-23 12:51:15.587 W/ActivityManager( 2644): Slow operation: 79ms so far, now at startProcess: building log message
05-23 12:51:15.587 I/ActivityManager( 2644): Start proc 2862:com.android.systemui/u0a21 for service com.android.systemui/.ImageWallpaper
05-23 12:51:15.587 W/ActivityManager( 2644): Slow operation: 79ms so far, now at startProcess: starting to update pids map
05-23 12:51:15.587 W/ActivityManager( 2644): Slow operation: 79ms so far, now at startProcess: done updating pids map
05-23 12:51:15.587 W/ActivityManager( 2644): Slow operation: 81ms so far, now at startProcess: done starting proc!
05-23 12:51:15.608 D/UsbAlsaManager( 2644): Adding ALSA device AlsaDevice: [card: 0, device: 0, type: 1]
05-23 12:51:15.608 D/UsbAlsaManager( 2644): Adding ALSA device AlsaDevice: [card: 0, device: 0, type: 2]
05-23 12:51:15.682 I/SystemServer( 2644): WebViewFactory preparation
05-23 12:51:15.688 E/BluetoothAdapter( 2644): Bluetooth binder is null
05-23 12:51:15.731 E/BluetoothAdapter( 2644): Bluetooth binder is null
05-23 12:51:15.855 D/WebViewFactory( 2644): Setting new address space to 114394000
05-23 12:51:15.868 I/AudioFlinger( 1326): systemReady
05-23 12:51:16.191 I/Zygote  ( 2644): Process: zygote socket opened, supported ABIS: x86
05-23 12:51:16.523 E/WVMExtractor( 2644): Failed to open libwvm.so: dlopen failed: library "libwvm.so" not found
05-23 12:51:16.577 W/System  ( 2862): ClassLoader referenced unknown path: /system/priv-app/SystemUI/lib/x86_64
05-23 12:51:16.590 I/art     ( 1325): Starting a blocking GC Background
05-23 12:51:16.823 V/vold    ( 1270): DISK mbr
05-23 12:51:16.823 V/vold    ( 1270): 
05-23 12:51:16.841 W/vold    ( 1270): disk:253,48 has unknown partition table; trying entire device
05-23 12:51:16.841 V/vold    ( 1270): /system/bin/blkid
05-23 12:51:16.841 V/vold    ( 1270):     -c
05-23 12:51:16.841 V/vold    ( 1270):     /dev/null
05-23 12:51:16.841 V/vold    ( 1270):     -s
05-23 12:51:16.841 V/vold    ( 1270):     TYPE
05-23 12:51:16.841 V/vold    ( 1270):     -s
05-23 12:51:16.841 V/vold    ( 1270):     UUID
05-23 12:51:16.841 V/vold    ( 1270):     -s
05-23 12:51:16.841 V/vold    ( 1270):     LABEL
05-23 12:51:16.842 V/vold    ( 1270):     /dev/block/vold/disk:253,48
05-23 12:51:16.861 W/art     ( 1325): Suspending all threads took: 90.605ms
05-23 12:51:16.974 I/art     ( 1325): Background concurrent mark sweep GC freed 120(16KB) AllocSpace objects, 0(0B) LOS objects, 39% free, 6MB/10MB, paused 93.005ms total 380.419ms
05-23 12:51:17.218 I/MediaPlayerService( 1335): MediaPlayerService::getOMX
05-23 12:51:17.386 I/OMXClient( 1335): MuxOMX ctor
05-23 12:51:17.571 I/MediaPlayerService( 1335): MediaPlayerService::getOMX
05-23 12:51:17.630 I/OMXClient( 1335): MuxOMX ctor
05-23 12:51:17.734 I/OMXMaster( 1331): makeComponentInstance(OMX.google.mp3.decoder) in mediacodec process
05-23 12:51:17.782 W/ActivityManager( 2644): Slow operation: 1815ms so far, now at startProcess: returned from zygote!
05-23 12:51:17.782 W/ActivityManager( 2644): Slow operation: 1816ms so far, now at startProcess: done updating battery stats
05-23 12:51:17.782 W/ActivityManager( 2644): Slow operation: 1816ms so far, now at startProcess: building log message
05-23 12:51:17.783 I/ActivityManager( 2644): Start proc 2897:WebViewLoader-x86/1037 [android.webkit.WebViewFactory$RelroFileCreator] for 
05-23 12:51:17.783 W/ActivityManager( 2644): Slow operation: 1817ms so far, now at startProcess: starting to update pids map
05-23 12:51:17.783 W/ActivityManager( 2644): Slow operation: 1817ms so far, now at startProcess: done updating pids map
05-23 12:51:17.783 W/ActivityManager( 2644): Slow operation: 1817ms so far, now at startProcess: done starting proc!
05-23 12:51:17.787 W/art     ( 2644): Long monitor contention with owner Binder:2644_3 (2778) at void com.android.server.am.ActivityManagerService.attachApplication(android.app.IApplicationThread)(ActivityManagerService.java:6669) waiters=1 in void com.android.server.am.ActivityManagerService.attachApplication(android.app.IApplicationThread) for 1.852s
05-23 12:51:17.907 W/art     ( 2902): Unexpected CPU variant for X86 using defaults: x86_64
05-23 12:51:17.919 V/vold    ( 1270): /dev/block/vold/disk:253,48: LABEL="SDCARD" UUID="1EFF-1C1B" TYPE="vfat" 
05-23 12:51:17.919 V/vold    ( 1270): 
05-23 12:51:17.937 D/VoldConnector( 2644): RCV <- {650 public:253,48 0 "disk:253,48" ""}
05-23 12:51:17.976 W/ActivityManager( 2644): Slow operation: 192ms so far, now at startProcess: returned from zygote!
05-23 12:51:17.976 W/ActivityManager( 2644): Slow operation: 192ms so far, now at startProcess: done updating battery stats
05-23 12:51:17.977 W/ActivityManager( 2644): Slow operation: 193ms so far, now at startProcess: building log message
05-23 12:51:17.977 I/ActivityManager( 2644): Start proc 2902:WebViewLoader-x86_64/1037 [android.webkit.WebViewFactory$RelroFileCreator] for 
05-23 12:51:17.977 W/ActivityManager( 2644): Slow operation: 193ms so far, now at startProcess: starting to update pids map
05-23 12:51:17.977 W/ActivityManager( 2644): Slow operation: 193ms so far, now at startProcess: done updating pids map
05-23 12:51:17.977 W/ActivityManager( 2644): Slow operation: 194ms so far, now at startProcess: done starting proc!
05-23 12:51:17.988 W/art     ( 2644): Long monitor contention with owner Binder:2644_3 (2778) at void com.android.server.am.ActivityManagerService.attachApplication(android.app.IApplicationThread)(ActivityManagerService.java:6669) waiters=2 in void com.android.server.am.ActivityManagerService.dispatchProcessesChanged() for 2.024s
05-23 12:51:18.040 D/VoldConnector( 2644): RCV <- {651 public:253,48 0}
05-23 12:51:18.051 D/VoldConnector( 2644): RCV <- {643 disk:253,48}
05-23 12:51:18.055 D/VoldConnector( 2644): RCV <- {200 4 Command succeeded}
05-23 12:51:18.057 E/VoldConnector( 2644): NDC Command {4 volume reset} took too long (2694ms)
05-23 12:51:18.058 D/VoldConnector( 2644): SND -> {5 volume user_added 0 0}
05-23 12:51:18.066 V/WebViewFactory( 2902): RelroFileCreator (64bit = true),  32-bit lib: /system/app/webview/webview.apk!/lib/x86/libwebviewchromium.so, 64-bit lib: /system/app/webview/webview.apk!/lib/x86_64/libwebviewchromium.so
05-23 12:51:18.069 W/art     ( 2644): Long monitor contention with owner main (2644) at int com.android.server.am.ActivityManagerService.startIsolatedProcess(java.lang.String, java.lang.String[], java.lang.String, java.lang.String, int, java.lang.Runnable)(ActivityManagerService.java:3509) waiters=1 in void com.android.server.am.ActivityManagerService.attachApplication(android.app.IApplicationThread) for 280ms
05-23 12:51:18.071 D/VoldConnector( 2644): RCV <- {200 5 Command succeeded}
05-23 12:51:18.083 D/NetworkManagement( 2644): enabling bandwidth control
05-23 12:51:18.166 W/art     ( 2644): Long monitor contention with owner main (2644) at android.content.ComponentName com.android.server.am.ActivityManagerService.startService(android.app.IApplicationThread, android.content.Intent, java.lang.String, java.lang.String, int)(ActivityManagerService.java:17161) waiters=2 in void com.android.server.am.ActivityManagerService.dispatchProcessesChanged() for 178ms
05-23 12:51:18.178 W/ProcessCpuTracker( 2644): Skipping unknown process pid 2894
05-23 12:51:18.182 D/VoldConnector( 2644): SND -> {6 volume mount emulated 3 -1}
05-23 12:51:18.223 W/art     ( 2897): Unexpected CPU variant for X86 using defaults: x86
05-23 12:51:18.233 D/VoldConnector( 2644): RCV <- {651 emulated 1}
05-23 12:51:18.235 D/VoldConnector( 2644): RCV <- {656 emulated /data/media}
05-23 12:51:18.237 D/VoldConnector( 2644): RCV <- {655 emulated /storage/emulated}
05-23 12:51:18.284 V/vold    ( 1270): Waiting for FUSE to spin up...
05-23 12:51:18.371 V/vold    ( 1270): Waiting for FUSE to spin up...
05-23 12:51:18.422 V/vold    ( 1270): Waiting for FUSE to spin up...
05-23 12:51:18.492 V/vold    ( 1270): Waiting for FUSE to spin up...
05-23 12:51:18.550 V/vold    ( 1270): Waiting for FUSE to spin up...
05-23 12:51:18.610 V/vold    ( 1270): Waiting for FUSE to spin up...
05-23 12:51:18.663 V/vold    ( 1270): Waiting for FUSE to spin up...
05-23 12:51:18.714 V/vold    ( 1270): Waiting for FUSE to spin up...
05-23 12:51:18.770 V/vold    ( 1270): Waiting for FUSE to spin up...
05-23 12:51:18.830 V/vold    ( 1270): Waiting for FUSE to spin up...
05-23 12:51:18.883 V/vold    ( 1270): Waiting for FUSE to spin up...
05-23 12:51:18.949 V/vold    ( 1270): Waiting for FUSE to spin up...
05-23 12:51:18.999 V/vold    ( 1270): Waiting for FUSE to spin up...
05-23 12:51:19.067 V/vold    ( 1270): Waiting for FUSE to spin up...
05-23 12:51:19.120 V/vold    ( 1270): Waiting for FUSE to spin up...
05-23 12:51:19.180 V/vold    ( 1270): Waiting for FUSE to spin up...
05-23 12:51:19.190 W/sdcard  ( 2917): Device explicitly disabled sdcardfs
05-23 12:51:19.272 V/vold    ( 1270): Waiting for FUSE to spin up...
05-23 12:51:19.336 V/vold    ( 1270): Waiting for FUSE to spin up...
05-23 12:51:19.371 I/MediaPlayerService( 1335): MediaPlayerService::getOMX
05-23 12:51:19.375 I/OMXClient( 1335): MuxOMX ctor
05-23 12:51:19.376 I/OMXMaster( 1331): makeComponentInstance(OMX.google.amrnb.decoder) in mediacodec process
05-23 12:51:19.390 V/vold    ( 1270): Waiting for FUSE to spin up...
05-23 12:51:19.446 D/VoldConnector( 2644): RCV <- {651 emulated 2}
05-23 12:51:19.448 D/VoldConnector( 2644): RCV <- {200 6 Command succeeded}
05-23 12:51:19.449 E/VoldConnector( 2644): NDC Command {6 volume mount emulated 3 -1} took too long (1268ms)
05-23 12:51:19.486 D/VoldConnector( 2644): SND -> {7 volume mount public:253,48 2 0}
05-23 12:51:19.487 V/vold    ( 1270): /system/bin/blkid
05-23 12:51:19.488 V/vold    ( 1270):     -c
05-23 12:51:19.488 V/vold    ( 1270):     /dev/null
05-23 12:51:19.488 V/vold    ( 1270):     -s
05-23 12:51:19.488 V/vold    ( 1270):     TYPE
05-23 12:51:19.488 V/vold    ( 1270):     -s
05-23 12:51:19.488 V/vold    ( 1270):     UUID
05-23 12:51:19.488 V/vold    ( 1270):     -s
05-23 12:51:19.488 V/vold    ( 1270):     LABEL
05-23 12:51:19.488 V/vold    ( 1270):     /dev/block/vold/public:253,48
05-23 12:51:19.489 D/VoldConnector( 2644): RCV <- {651 public:253,48 1}
05-23 12:51:19.526 V/SystemUIService( 2862): Starting SystemUI services for user 0.
05-23 12:51:19.613 I/MediaPlayerService( 1335): MediaPlayerService::getOMX
05-23 12:51:19.623 I/OMXClient( 1335): MuxOMX ctor
05-23 12:51:19.651 I/OMXMaster( 1331): makeComponentInstance(OMX.google.amrwb.decoder) in mediacodec process
05-23 12:51:19.726 V/WebViewFactory( 2897): RelroFileCreator (64bit = false),  32-bit lib: /system/app/webview/webview.apk!/lib/x86/libwebviewchromium.so, 64-bit lib: /system/app/webview/webview.apk!/lib/x86_64/libwebviewchromium.so
05-23 12:51:19.751 I/MediaPlayerService( 1335): MediaPlayerService::getOMX
05-23 12:51:19.805 I/OMXClient( 1335): MuxOMX ctor
05-23 12:51:19.805 I/OMXMaster( 1331): makeComponentInstance(OMX.google.aac.decoder) in mediacodec process
05-23 12:51:20.134 I/MediaPlayerService( 1335): MediaPlayerService::getOMX
05-23 12:51:20.136 I/OMXClient( 1335): MuxOMX ctor
05-23 12:51:20.137 I/OMXMaster( 1331): makeComponentInstance(OMX.google.g711.alaw.decoder) in mediacodec process
05-23 12:51:20.360 V/MediaRouter( 2862): Adding route: RouteInfo{ name=Phone, description=null, status=null, category=RouteCategory{ name=null types=ROUTE_TYPE_LIVE_AUDIO ROUTE_TYPE_LIVE_VIDEO  groupable=false }, supportedTypes=ROUTE_TYPE_LIVE_AUDIO ROUTE_TYPE_LIVE_VIDEO , presentationDisplay=null }
05-23 12:51:20.394 V/MediaRouter( 2862): Updating audio routes: AudioRoutesInfo{ type=SPEAKER }
05-23 12:51:20.423 I/LatinIME( 2855): Hardware accelerated drawing: true
05-23 12:51:20.481 V/MediaRouter( 2862): Selecting route: RouteInfo{ name=Phone, description=null, status=null, category=RouteCategory{ name=null types=ROUTE_TYPE_LIVE_AUDIO ROUTE_TYPE_LIVE_VIDEO  groupable=false }, supportedTypes=ROUTE_TYPE_LIVE_AUDIO ROUTE_TYPE_LIVE_VIDEO , presentationDisplay=null }
05-23 12:51:21.034 V/vold    ( 1270): /dev/block/vold/public:253,48: LABEL="SDCARD" UUID="1EFF-1C1B" TYPE="vfat" 
05-23 12:51:21.034 V/vold    ( 1270): 
05-23 12:51:21.062 V/vold    ( 1270): /system/bin/fsck_msdos
05-23 12:51:21.062 V/vold    ( 1270):     -p
05-23 12:51:21.062 V/vold    ( 1270):     -f
05-23 12:51:21.062 V/vold    ( 1270):     /dev/block/vold/public:253,48
05-23 12:51:21.064 D/VoldConnector( 2644): RCV <- {652 public:253,48 vfat}
05-23 12:51:21.065 D/VoldConnector( 2644): RCV <- {653 public:253,48 1EFF-1C1B}
05-23 12:51:21.066 D/VoldConnector( 2644): RCV <- {654 public:253,48 SDCARD}
05-23 12:51:21.363 I/MediaPlayerService( 1335): MediaPlayerService::getOMX
05-23 12:51:21.365 I/OMXClient( 1335): MuxOMX ctor
05-23 12:51:21.366 I/OMXMaster( 1331): makeComponentInstance(OMX.google.g711.mlaw.decoder) in mediacodec process
05-23 12:51:21.725 I/art     ( 2902): System.exit called, status: 0
