05-23 12:48:55.577 E/SurfaceFlinger( 1321): öÿÿÿÿÿÿÿŸ1«pÔ~
05-23 12:48:55.577 E/SurfaceFlinger( 1321): Error while linking shaders:
05-23 12:48:55.577 D/SurfaceFlinger( 1321): shader cache generated - 24 shaders in 4.975440 ms
05-23 12:48:55.745 D/SurfaceFlinger( 1321): Set power mode=2, type=0 flinger=0x7ed470247000
05-23 12:48:56.026 E/adbd    ( 1323): cannot create socket pair: Too many open files
05-23 12:48:56.027 E/adbd    ( 1323): failed to start subprocess: failed to create pipe for subprocess error reporting: Too many open files
05-23 12:48:56.028 E/adbd    ( 1323): failed to create pipe to report error
05-23 12:48:56.175 I/mediacodec( 1331): @@@ mediacodecservice starting
05-23 12:48:56.220 W/        ( 1331): No seccomp filter defined for this architecture.
05-23 12:48:56.438 V/EmulatedCamera_Preview( 1327): setPreviewWindow: current: 0x0 -> new: 0xeccc3150
05-23 12:48:56.439 V/EmulatedCamera_Preview( 1327): setPreviewWindow: current: 0xeccc3150 -> new: 0x0
05-23 12:48:56.439 V/EmulatedCamera_Camera( 1327): doStopPreview
05-23 12:48:56.523 V/EmulatedCamera_Preview( 1327): setPreviewWindow: current: 0x0 -> new: 0x0
05-23 12:48:56.524 V/EmulatedCamera_Camera( 1327): releaseCamera
05-23 12:48:56.524 V/EmulatedCamera_Camera( 1327): doStopPreview
05-23 12:48:56.524 V/EmulatedCamera_FakeDevice( 1327): disconnectDevice
05-23 12:48:56.524 W/EmulatedCamera_Device( 1327): Initialize: Emulated camera device is already initialized: mState = 1
05-23 12:48:56.524 D/EmulatedCamera_FakeCamera( 1327): Initialize: Fake camera is facing back
05-23 12:48:56.524 V/EmulatedCamera_Device( 1327): initializeWhiteBalanceModes with auto, 1.000000, 1.000000
05-23 12:48:56.525 V/EmulatedCamera_Device( 1327): initializeWhiteBalanceModes with incandescent, 1.380000, 0.600000
05-23 12:48:56.525 V/EmulatedCamera_Device( 1327): initializeWhiteBalanceModes with daylight, 1.090000, 0.920000
05-23 12:48:56.525 V/EmulatedCamera_Device( 1327): initializeWhiteBalanceModes with twilight, 0.920000, 1.220000
05-23 12:48:56.525 V/EmulatedCamera_Device( 1327): setWhiteBalanceMode with white balance auto
05-23 12:48:56.525 I/CameraFlashlight( 1327): Destroying camera 0
05-23 12:48:56.525 V/EmulatedCamera_Camera( 1327): closeCamera
05-23 12:48:56.525 V/EmulatedCamera_Camera( 1327): doStopPreview
05-23 12:48:56.525 W/EmulatedCamera_Device( 1327): Initialize: Emulated camera device is already initialized: mState = 1
05-23 12:48:56.525 D/EmulatedCamera_FakeCamera( 1327): Initialize: Fake camera is facing back
05-23 12:48:56.526 V/EmulatedCamera_Device( 1327): initializeWhiteBalanceModes with auto, 1.000000, 1.000000
05-23 12:48:56.526 V/EmulatedCamera_Device( 1327): initializeWhiteBalanceModes with incandescent, 1.380000, 0.600000
05-23 12:48:56.526 V/EmulatedCamera_Device( 1327): initializeWhiteBalanceModes with daylight, 1.090000, 0.920000
05-23 12:48:56.526 V/EmulatedCamera_Device( 1327): initializeWhiteBalanceModes with twilight, 0.920000, 1.220000
05-23 12:48:56.526 V/EmulatedCamera_Device( 1327): setWhiteBalanceMode with white balance auto
05-23 12:48:56.550 V/EmulatedCamera_Camera( 1327): getCameraInfo
05-23 12:48:56.550 V/EmulatedCamera_BaseCamera( 1327): getCameraInfo
05-23 12:48:56.552 I/ServiceManager( 1327): Waiting for service media.camera.proxy...
05-23 12:48:57.098 I/        ( 1326): sMaxFastTracks = 8
05-23 12:48:57.261 I/audioserver( 1326): ServiceManager: 0xef5bc020
05-23 12:48:57.324 W/BatteryNotifier( 1326): batterystats service unavailable!
05-23 12:48:57.325 I/AudioFlinger( 1326): Using default 3000 mSec as standby time.
05-23 12:48:57.334 I/AudioPolicyService( 1326): AudioPolicyService CSTOR in new mode
05-23 12:48:57.467 I/APM::ConfigParsingUtils( 1326): loadAudioPolicyConfig() loaded /system/etc/audio_policy.conf
05-23 12:48:57.527 D/audio_hw_generic( 1326): Emulator host-side ALSA audio emulation detected.
05-23 12:48:57.529 D/audio_hw_generic( 1326): mixer 0 name Master Playback Volume
05-23 12:48:57.529 D/audio_hw_generic( 1326): set ctl 0 to 100
05-23 12:48:57.570 I/ServiceManager( 1327): Waiting for service media.camera.proxy...
05-23 12:48:57.621 D/audio_hw_generic( 1326): set ctl 1 to 100
05-23 12:48:57.622 D/audio_hw_generic( 1326): mixer 1 name Master Playback Switch
05-23 12:48:57.622 D/audio_hw_generic( 1326): set ctl 0 to 1
05-23 12:48:57.623 D/audio_hw_generic( 1326): set ctl 1 to 1
05-23 12:48:57.623 D/audio_hw_generic( 1326): mixer 2 name Capture Volume
05-23 12:48:57.623 D/audio_hw_generic( 1326): set ctl 0 to 100
05-23 12:48:57.623 D/audio_hw_generic( 1326): set ctl 1 to 100
05-23 12:48:57.623 D/audio_hw_generic( 1326): mixer 3 name Capture Switch
05-23 12:48:57.623 D/audio_hw_generic( 1326): set ctl 0 to 1
05-23 12:48:57.623 D/audio_hw_generic( 1326): set ctl 1 to 1
05-23 12:48:57.641 D/audio_hw_generic( 1326): mixer 4 name Line Phantom Jack
05-23 12:48:57.668 I/mediaserver( 1332): ServiceManager: 0xf443c0a0
05-23 12:48:57.738 D/audio_hw_generic( 1326): mixer 5 name Line Out Phantom Jack
05-23 12:48:57.738 D/audio_hw_generic( 1326): mixer 6 name Playback Channel Map
05-23 12:48:57.738 D/audio_hw_generic( 1326): mixer 7 name Capture Channel Map
05-23 12:48:57.738 I/AudioFlinger( 1326): loadHwModule() Loaded primary audio interface from Generic audio HW HAL (audio) handle 10
05-23 12:48:57.739 I/AudioFlinger( 1326): openOutput(), module 10 Device 2, SamplingRate 48000, Format 0x000001, Channels 3, flags 2
05-23 12:48:57.803 I/AudioFlinger( 1326): HAL output buffer size 720 frames, normal sink buffer size 1152 frames
05-23 12:48:57.883 I/BufferProvider( 1326): found effect "Multichannel Downmix To Stereo" from The Android Open Source Project
05-23 12:48:57.888 I/AudioFlinger( 1326): Using module 10 has the primary audio interface
05-23 12:48:57.922 I/AudioFlinger( 1326): AudioFlinger's thread 0xef003c40 ready to run
05-23 12:48:57.930 W/BatteryNotifier( 1326): batterystats service unavailable!
05-23 12:48:57.932 W/BatteryNotifier( 1326): batterystats service unavailable!
05-23 12:48:57.968 V/MediaUtils( 1334): physMem: 1043894272
05-23 12:48:57.968 V/MediaUtils( 1334): requested limit: 208778840
05-23 12:48:57.968 V/MediaUtils( 1334): actual limit: 208778840
05-23 12:48:57.968 V/MediaUtils( 1334): original limits: 4294967295/4294967295
05-23 12:48:57.969 V/MediaUtils( 1334): new limits: 208778840/4294967295
05-23 12:48:58.001 W/BatteryNotifier( 1326): batterystats service unavailable!
05-23 12:48:58.003 W/AudioFlinger( 1326): no wake lock to update, system not ready yet
05-23 12:48:58.061 I/AudioFlinger( 1326): AudioFlinger's thread 0xeeb03ec0 ready to run
05-23 12:48:58.101 I/r_submix( 1326): adev_open(name=audio_hw_if)
05-23 12:48:58.102 I/r_submix( 1326): adev_init_check()
05-23 12:48:58.102 I/AudioFlinger( 1326): loadHwModule() Loaded r_submix audio interface from Wifi Display audio HAL (audio) handle 18
05-23 12:48:58.102 D/r_submix( 1326): adev_open_input_stream(addr=0)
05-23 12:48:58.103 D/r_submix( 1326): submix_audio_device_create_pipe_l(addr=0, idx=9)
05-23 12:48:58.103 D/r_submix( 1326):   now using address 0 for route 9
05-23 12:48:58.130 I/AudioFlinger( 1326): AudioFlinger's thread 0xeec03700 ready to run
05-23 12:48:58.131 D/r_submix( 1326): adev_close_input_stream()
05-23 12:48:58.131 D/r_submix( 1326): submix_audio_device_release_pipe_l(idx=9) addr=0
05-23 12:48:58.132 D/r_submix( 1326): submix_audio_device_destroy_pipe_l(): pipe destroyed
05-23 12:48:58.159 W//system/bin/mediaextractor( 1334): libminijail: allowing syscall: socketcall
05-23 12:48:58.179 W//system/bin/mediaextractor( 1334): libminijail: allowing syscall: writev
05-23 12:48:58.179 W//system/bin/mediaextractor( 1334): libminijail: allowing syscall: fcntl64
05-23 12:48:58.179 W//system/bin/mediaextractor( 1334): libminijail: allowing syscall: clock_gettime
05-23 12:48:58.222 W//system/bin/mediaextractor( 1334): libminijail: logging seccomp filter failures
05-23 12:48:58.341 I/RadioService( 1326): RadioService
05-23 12:48:58.439 I/RadioService( 1326): onFirstRef
05-23 12:48:58.484 I/mediaserver( 1335): ServiceManager: 0xf04bc0a0
05-23 12:48:58.560 E/RadioService( 1326): couldn't load radio module radio.primary (No such file or directory)
05-23 12:48:58.563 E/SoundTriggerHwService( 1326): couldn't load sound trigger module sound_trigger.primary (No such file or directory)
05-23 12:48:58.580 I/ServiceManager( 1327): Waiting for service media.camera.proxy...
05-23 12:48:58.620 W/BatteryNotifier( 1335): batterystats service unavailable!
05-23 12:48:59.582 I/ServiceManager( 1327): Waiting for service media.camera.proxy...
05-23 12:49:00.590 I/ServiceManager( 1327): Waiting for service media.camera.proxy...
05-23 12:49:01.011 W/BatteryNotifier( 1326): batterystats service unavailable!
05-23 12:49:08.493 E/hostapd ( 2329): Configuration file: /system/etc/simulated_hostapd.conf
05-23 12:49:08.985 I/hostapd ( 2329): rfkill: Cannot get wiphy information
05-23 12:49:08.988 I/hostapd ( 2329): nl80211: Could not re-add multicast membership for vendor events: -2 (No such file or directory)
05-23 12:49:08.989 I/hostapd ( 2329): wlan1: interface state UNINITIALIZED->COUNTRY_UPDATE
05-23 12:49:09.094 E/ipv6proxy( 2322): Failed to forward Router Advertisement from eth0 to wlan1: Network is unreachable
05-23 12:49:09.095 E/ipv6proxy( 2322): Failed to forward Router Advertisement from eth0 to radio0-peer: Cannot assign requested address
05-23 12:49:10.957 D/AndroidRuntime( 1325): >>>>>> START com.android.internal.os.ZygoteInit uid 0 <<<<<<
05-23 12:49:11.495 E/SurfaceFlinger( 1321): ro.sf.lcd_density must be defined as a build property
05-23 12:49:11.554 D/libEGL  ( 1999): Emulator without GPU support detected. Fallback to legacy software renderer, qemu.gles is set to 0.
05-23 12:49:11.564 D/AndroidRuntime( 1324): >>>>>> START com.android.internal.os.ZygoteInit uid 0 <<<<<<
05-23 12:49:11.683 D/libEGL  ( 1999): loaded /system/lib64/egl/libGLES_android.so
05-23 12:49:11.715 D/AndroidRuntime( 1325): CheckJNI is ON
05-23 12:49:11.950 I/art     ( 1325): option[0]=-Xzygote
05-23 12:49:11.951 I/art     ( 1325): option[1]=-Xcheck:jni
05-23 12:49:11.951 I/art     ( 1325): option[2]=-Xstacktracefile:/data/anr/traces.txt
05-23 12:49:11.951 I/art     ( 1325): option[3]=exit
05-23 12:49:11.951 I/art     ( 1325): option[4]=vfprintf
05-23 12:49:11.951 I/art     ( 1325): option[5]=sensitiveThread
05-23 12:49:11.951 I/art     ( 1325): option[6]=-verbose:gc
05-23 12:49:11.951 I/art     ( 1325): option[7]=-Xms4m
05-23 12:49:11.952 I/art     ( 1325): option[8]=-Xmx256m
05-23 12:49:11.952 I/art     ( 1325): option[9]=-Xusejit:true
05-23 12:49:11.952 I/art     ( 1325): option[10]=-Xjitsaveprofilinginfo
05-23 12:49:11.952 I/art     ( 1325): option[11]=-agentlib:jdwp=transport=dt_android_adb,suspend=n,server=y
05-23 12:49:11.952 I/art     ( 1325): option[12]=-Xlockprofthreshold:500
05-23 12:49:11.952 I/art     ( 1325): option[13]=-Ximage-compiler-option
05-23 12:49:11.952 I/art     ( 1325): option[14]=--runtime-arg
05-23 12:49:11.952 I/art     ( 1325): option[15]=-Ximage-compiler-option
05-23 12:49:11.952 I/art     ( 1325): option[16]=-Xms64m
05-23 12:49:11.952 I/art     ( 1325): option[17]=-Ximage-compiler-option
05-23 12:49:11.952 I/art     ( 1325): option[18]=--runtime-arg
05-23 12:49:11.952 I/art     ( 1325): option[19]=-Ximage-compiler-option
05-23 12:49:11.952 I/art     ( 1325): option[20]=-Xmx64m
05-23 12:49:11.953 I/art     ( 1325): option[21]=-Ximage-compiler-option
05-23 12:49:11.953 I/art     ( 1325): option[22]=--image-classes=/system/etc/preloaded-classes
05-23 12:49:11.953 I/art     ( 1325): option[23]=-Ximage-compiler-option
05-23 12:49:11.953 I/art     ( 1325): option[24]=--compiled-classes=/system/etc/compiled-classes
05-23 12:49:11.953 I/art     ( 1325): option[25]=-Xcompiler-option
05-23 12:49:11.953 I/art     ( 1325): option[26]=--runtime-arg
05-23 12:49:11.953 I/art     ( 1325): option[27]=-Xcompiler-option
05-23 12:49:11.953 I/art     ( 1325): option[28]=-Xms64m
05-23 12:49:11.953 I/art     ( 1325): option[29]=-Xcompiler-option
05-23 12:49:11.953 I/art     ( 1325): option[30]=--runtime-arg
05-23 12:49:11.953 I/art     ( 1325): option[31]=-Xcompiler-option
05-23 12:49:11.953 I/art     ( 1325): option[32]=-Xmx512m
05-23 12:49:11.953 I/art     ( 1325): option[33]=-Ximage-compiler-option
05-23 12:49:11.953 I/art     ( 1325): option[34]=--instruction-set-variant=x86
05-23 12:49:11.953 I/art     ( 1325): option[35]=-Xcompiler-option
05-23 12:49:11.953 I/art     ( 1325): option[36]=--instruction-set-variant=x86
05-23 12:49:11.953 I/art     ( 1325): option[37]=-Ximage-compiler-option
05-23 12:49:11.954 I/art     ( 1325): option[38]=--instruction-set-features=default
05-23 12:49:11.954 I/art     ( 1325): option[39]=-Xcompiler-option
05-23 12:49:11.954 I/art     ( 1325): option[40]=--instruction-set-features=default
05-23 12:49:11.954 I/art     ( 1325): option[41]=-Duser.locale=en-US
05-23 12:49:11.954 I/art     ( 1325): option[42]=--cpu-abilist=x86
05-23 12:49:11.954 I/art     ( 1325): option[43]=-Xfingerprint:Android/sdk_phone_x86_64/generic_x86_64:7.1.1/NYC/4931657:userdebug/test-keys
05-23 12:49:12.204 D/gralloc_ranchu( 1999): Emulator without host-side GPU emulation detected. Loading gralloc.default.so from /vendor/lib64/hw/gralloc.goldfish.default.so...
05-23 12:49:12.207 D/gralloc_ranchu( 1999): gralloc.default.so not found in /vendor. Trying /system/lib64/hw/gralloc.goldfish.default.so...
05-23 12:49:12.737 D/AndroidRuntime( 1324): CheckJNI is ON
05-23 12:49:13.070 I/art     ( 1324): option[0]=-Xzygote
05-23 12:49:13.071 I/art     ( 1324): option[1]=-Xcheck:jni
05-23 12:49:13.071 I/art     ( 1324): option[2]=-Xstacktracefile:/data/anr/traces.txt
05-23 12:49:13.071 I/art     ( 1324): option[3]=exit
05-23 12:49:13.071 I/art     ( 1324): option[4]=vfprintf
05-23 12:49:13.071 I/art     ( 1324): option[5]=sensitiveThread
05-23 12:49:13.072 I/art     ( 1324): option[6]=-verbose:gc
05-23 12:49:13.072 I/art     ( 1324): option[7]=-Xms4m
05-23 12:49:13.072 I/art     ( 1324): option[8]=-Xmx256m
05-23 12:49:13.072 I/art     ( 1324): option[9]=-Xusejit:true
05-23 12:49:13.072 I/art     ( 1324): option[10]=-Xjitsaveprofilinginfo
05-23 12:49:13.072 I/art     ( 1324): option[11]=-agentlib:jdwp=transport=dt_android_adb,suspend=n,server=y
05-23 12:49:13.072 I/art     ( 1324): option[12]=-Xlockprofthreshold:500
05-23 12:49:13.072 I/art     ( 1324): option[13]=-Ximage-compiler-option
05-23 12:49:13.072 I/art     ( 1324): option[14]=--runtime-arg
05-23 12:49:13.072 I/art     ( 1324): option[15]=-Ximage-compiler-option
05-23 12:49:13.072 I/art     ( 1324): option[16]=-Xms64m
05-23 12:49:13.072 I/art     ( 1324): option[17]=-Ximage-compiler-option
05-23 12:49:13.072 I/art     ( 1324): option[18]=--runtime-arg
05-23 12:49:13.072 I/art     ( 1324): option[19]=-Ximage-compiler-option
05-23 12:49:13.072 I/art     ( 1324): option[20]=-Xmx64m
05-23 12:49:13.072 I/art     ( 1324): option[21]=-Ximage-compiler-option
05-23 12:49:13.072 I/art     ( 1324): option[22]=--image-classes=/system/etc/preloaded-classes
05-23 12:49:13.072 I/art     ( 1324): option[23]=-Ximage-compiler-option
05-23 12:49:13.072 I/art     ( 1324): option[24]=--compiled-classes=/system/etc/compiled-classes
05-23 12:49:13.073 I/art     ( 1324): option[25]=-Xcompiler-option
05-23 12:49:13.073 I/art     ( 1324): option[26]=--runtime-arg
05-23 12:49:13.073 I/art     ( 1324): option[27]=-Xcompiler-option
05-23 12:49:13.073 I/art     ( 1324): option[28]=-Xms64m
05-23 12:49:13.073 I/art     ( 1324): option[29]=-Xcompiler-option
05-23 12:49:13.073 I/art     ( 1324): option[30]=--runtime-arg
05-23 12:49:13.073 I/art     ( 1324): option[31]=-Xcompiler-option
05-23 12:49:13.073 I/art     ( 1324): option[32]=-Xmx512m
05-23 12:49:13.073 I/art     ( 1324): option[33]=-Ximage-compiler-option
05-23 12:49:13.073 I/art     ( 1324): option[34]=--instruction-set-variant=x86_64
05-23 12:49:13.073 I/art     ( 1324): option[35]=-Xcompiler-option
05-23 12:49:13.073 I/art     ( 1324): option[36]=--instruction-set-variant=x86_64
05-23 12:49:13.073 I/art     ( 1324): option[37]=-Ximage-compiler-option
05-23 12:49:13.073 I/art     ( 1324): option[38]=--instruction-set-features=default
05-23 12:49:13.073 I/art     ( 1324): option[39]=-Xcompiler-option
05-23 12:49:13.073 I/art     ( 1324): option[40]=--instruction-set-features=default
05-23 12:49:13.073 I/art     ( 1324): option[41]=-Duser.locale=en-US
05-23 12:49:13.073 I/art     ( 1324): option[42]=--cpu-abilist=x86_64
05-23 12:49:13.073 I/art     ( 1324): option[43]=-Xfingerprint:Android/sdk_phone_x86_64/generic_x86_64:7.1.1/NYC/4931657:userdebug/test-keys
05-23 12:49:13.193 E/ipv6proxy( 2322): Failed to forward Router Advertisement from eth0 to wlan1: Network is unreachable
05-23 12:49:14.057 I/hostapd ( 2329): wlan1: interface state COUNTRY_UPDATE->HT_SCAN
05-23 12:49:15.586 E/hostapd ( 2329): Using interface wlan1 with hwaddr 02:00:00:00:01:00 and ssid "AndroidWifi"
05-23 12:49:15.674 I/hostapd ( 2329): wlan1: interface state HT_SCAN->ENABLED
05-23 12:49:15.674 I/hostapd ( 2329): wlan1: AP-ENABLED 
05-23 12:49:23.551 D/ICU     ( 1324): No timezone override file found: /data/misc/zoneinfo/current/icu/icu_tzdata.dat
05-23 12:49:23.594 D/ICU     ( 1325): No timezone override file found: /data/misc/zoneinfo/current/icu/icu_tzdata.dat
05-23 12:49:29.143 E/memtrack( 1324): Couldn't load memtrack module (No such file or directory)
05-23 12:49:29.143 E/android.os.Debug( 1324): failed to load memtrack module: -2
05-23 12:49:29.235 I/Radio-JNI( 1324): register_android_hardware_Radio DONE
05-23 12:49:29.743 E/memtrack( 1325): Couldn't load memtrack module (No such file or directory)
05-23 12:49:29.744 E/android.os.Debug( 1325): failed to load memtrack module: -2
05-23 12:49:29.842 I/Radio-JNI( 1325): register_android_hardware_Radio DONE
05-23 12:49:30.055 I/SamplingProfilerIntegration( 1324): Profiling disabled.
05-23 12:49:30.182 D/Zygote  ( 1324): begin preload
05-23 12:49:30.182 I/Zygote  ( 1324): Installing ICU cache reference pinning...
05-23 12:49:30.190 I/Zygote  ( 1324): Preloading ICU data...
05-23 12:49:30.560 I/SamplingProfilerIntegration( 1325): Profiling disabled.
05-23 12:49:30.733 D/Zygote  ( 1325): begin preload
05-23 12:49:30.733 I/Zygote  ( 1325): Installing ICU cache reference pinning...
05-23 12:49:30.791 I/Zygote  ( 1325): Preloading ICU data...
05-23 12:49:33.149 I/Zygote  ( 1324): Preloading classes...
05-23 12:49:33.153 I/Zygote  ( 1325): Preloading classes...
05-23 12:49:33.413 W/Zygote  ( 1324): Class not found for preloading: [Landroid.view.Display$ColorTransform;
05-23 12:49:33.613 W/Zygote  ( 1325): Class not found for preloading: [Landroid.view.Display$ColorTransform;
05-23 12:49:40.825 E/Typeface( 1325): Error mapping font file /system/fonts/DroidSansFallback.ttf
05-23 12:49:41.351 E/Typeface( 1324): Error mapping font file /system/fonts/DroidSansFallback.ttf
05-23 12:49:47.132 I/art     ( 1324): Background concurrent mark sweep GC freed 21947(2MB) AllocSpace objects, 27(532KB) LOS objects, 20% free, 3MB/3MB, paused 1.951ms total 256.536ms
05-23 12:49:47.487 I/art     ( 1324): Background sticky concurrent mark sweep GC freed 102(270KB) AllocSpace objects, 94(1732KB) LOS objects, 38% free, 2MB/3MB, paused 326us total 155.680ms
05-23 12:49:47.816 I/art     ( 1325): Background concurrent mark sweep GC freed 21946(2MB) AllocSpace objects, 75(1344KB) LOS objects, 33% free, 3MB/5MB, paused 2.901ms total 587.737ms
05-23 12:49:48.421 I/art     ( 1324): Thread[1,tid=1324,Native,Thread*=0x7717af695a00,peer=0x12c060d0,"main"] recursive attempt to load library "/system/lib64/libmedia_jni.so"
05-23 12:49:48.522 D/MtpDeviceJNI( 1324): register_android_mtp_MtpDevice
05-23 12:49:48.532 I/art     ( 1324): Thread[1,tid=1324,Native,Thread*=0x7717af695a00,peer=0x12c060d0,"main"] recursive attempt to load library "/system/lib64/libmedia_jni.so"
05-23 12:49:48.533 I/art     ( 1324): Thread[1,tid=1324,Native,Thread*=0x7717af695a00,peer=0x12c060d0,"main"] recursive attempt to load library "/system/lib64/libmedia_jni.so"
05-23 12:49:48.797 I/art     ( 1325): Thread[1,tid=1325,Native,Thread*=0xeb70b400,peer=0x12c060d0,"main"] recursive attempt to load library "/system/lib/libmedia_jni.so"
05-23 12:49:48.804 D/MtpDeviceJNI( 1325): register_android_mtp_MtpDevice
05-23 12:49:48.806 I/art     ( 1325): Thread[1,tid=1325,Native,Thread*=0xeb70b400,peer=0x12c060d0,"main"] recursive attempt to load library "/system/lib/libmedia_jni.so"
05-23 12:49:48.807 I/art     ( 1325): Thread[1,tid=1325,Native,Thread*=0xeb70b400,peer=0x12c060d0,"main"] recursive attempt to load library "/system/lib/libmedia_jni.so"
05-23 12:49:52.346 W/Zygote  ( 1324): Class not found for preloading: android.view.Display$ColorTransform
05-23 12:49:52.347 W/Zygote  ( 1324): Class not found for preloading: android.view.Display$ColorTransform$1
05-23 12:49:52.626 W/Zygote  ( 1325): Class not found for preloading: android.view.Display$ColorTransform
05-23 12:49:52.627 W/Zygote  ( 1325): Class not found for preloading: android.view.Display$ColorTransform$1
05-23 12:49:54.056 I/art     ( 1324): Background concurrent mark sweep GC freed 13607(2MB) AllocSpace objects, 12(192KB) LOS objects, 42% free, 1400KB/2MB, paused 307us total 302.936ms
05-23 12:49:55.865 I/art     ( 1325): Background sticky concurrent mark sweep GC freed 16460(2MB) AllocSpace objects, 54(1040KB) LOS objects, 71% free, 1656KB/5MB, paused 2.500ms total 339.808ms
05-23 12:49:56.254 V/NatController( 1338): runCmd(/system/bin/iptables -w -F natctrl_FORWARD) res=0
05-23 12:49:56.771 V/NatController( 1338): runCmd(/system/bin/ip6tables -w -F natctrl_FORWARD) res=0
05-23 12:49:57.255 I/System  ( 1324): Loaded time zone names for "" in 1333ms (1296ms in ICU)
05-23 12:49:57.571 V/NatController( 1338): runCmd(/system/bin/iptables -w -A natctrl_FORWARD -j DROP) res=0
05-23 12:49:57.946 I/System  ( 1324): Loaded time zone names for "en_US" in 689ms (685ms in ICU)
05-23 12:49:58.011 I/System  ( 1325): Loaded time zone names for "" in 1682ms (1574ms in ICU)
05-23 12:49:58.040 V/NatController( 1338): runCmd(/system/bin/iptables -w -t nat -F natctrl_nat_POSTROUTING) res=0
05-23 12:49:58.701 V/NatController( 1338): runCmd(/system/bin/ip6tables -w -t raw -F natctrl_raw_PREROUTING) res=0
05-23 12:49:58.795 I/art     ( 1324): Background sticky concurrent mark sweep GC freed 13059(765KB) AllocSpace objects, 0(0B) LOS objects, 33% free, 1600KB/2MB, paused 1.483ms total 253.361ms
05-23 12:49:58.813 I/System  ( 1325): Loaded time zone names for "en_US" in 802ms (796ms in ICU)
05-23 12:49:58.952 I/Zygote  ( 1324): ...preloaded 4158 classes in 25767ms.
05-23 12:49:58.953 I/art     ( 1324): VMRuntime.preloadDexCaches starting
05-23 12:49:59.091 V/NatController( 1338): runCmd(/system/bin/iptables -w -F natctrl_tether_counters) res=1
05-23 12:49:59.671 V/NatController( 1338): runCmd(/system/bin/ip6tables -w -F natctrl_tether_counters) res=1
05-23 12:50:00.084 I/Zygote  ( 1325): ...preloaded 4158 classes in 26930ms.
05-23 12:50:00.086 I/art     ( 1325): VMRuntime.preloadDexCaches starting
05-23 12:50:00.238 V/NatController( 1338): runCmd(/system/bin/iptables -w -X natctrl_tether_counters) res=1
05-23 12:50:00.752 V/NatController( 1338): runCmd(/system/bin/ip6tables -w -X natctrl_tether_counters) res=1
05-23 12:50:01.062 I/art     ( 1324): VMRuntime.preloadDexCaches strings total=283712 before=39625 after=39625
05-23 12:50:01.062 I/art     ( 1324): VMRuntime.preloadDexCaches types total=23581 before=7877 after=7904
05-23 12:50:01.062 I/art     ( 1324): VMRuntime.preloadDexCaches fields total=112007 before=40903 after=41117
05-23 12:50:01.062 I/art     ( 1324): VMRuntime.preloadDexCaches methods total=197534 before=82457 after=83017
05-23 12:50:01.062 I/art     ( 1324): VMRuntime.preloadDexCaches finished
05-23 12:50:01.086 I/Zygote  ( 1324): Preloading resources...
05-23 12:50:01.221 V/NatController( 1338): runCmd(/system/bin/iptables -w -N natctrl_tether_counters) res=0
05-23 12:50:01.651 V/NatController( 1338): runCmd(/system/bin/ip6tables -w -N natctrl_tether_counters) res=0
05-23 12:50:02.082 I/art     ( 1325): VMRuntime.preloadDexCaches strings total=283712 before=39625 after=39625
05-23 12:50:02.082 I/art     ( 1325): VMRuntime.preloadDexCaches types total=23581 before=7877 after=7904
05-23 12:50:02.082 I/art     ( 1325): VMRuntime.preloadDexCaches fields total=112007 before=40903 after=41117
05-23 12:50:02.082 I/art     ( 1325): VMRuntime.preloadDexCaches methods total=197534 before=82457 after=83017
05-23 12:50:02.083 I/art     ( 1325): VMRuntime.preloadDexCaches finished
05-23 12:50:02.095 I/Zygote  ( 1325): Preloading resources...
05-23 12:50:02.112 V/NatController( 1338): runCmd(/system/bin/iptables -w -t mangle -A natctrl_mangle_FORWARD -p tcp --tcp-flags SYN SYN -j TCPMSS --clamp-mss-to-pmtu) res=0
05-23 12:50:03.521 W/Resources( 1324): Preloaded drawable resource #0x108025c (android:drawable/dialog_background_material) that varies with configuration!!
05-23 12:50:03.594 W/Resources( 1324): Preloaded drawable resource #0x1080298 (android:drawable/editbox_dropdown_background_dark) that varies with configuration!!
05-23 12:50:03.913 W/Resources( 1324): Preloaded color resource #0x10600e2 (android:color/material_grey_800) that varies with configuration!!
05-23 12:50:03.914 W/Resources( 1324): Preloaded drawable resource #0x10802c9 (android:drawable/floating_popup_background_dark) that varies with configuration!!
05-23 12:50:04.007 W/Resources( 1325): Preloaded drawable resource #0x108025c (android:drawable/dialog_background_material) that varies with configuration!!
05-23 12:50:04.073 W/Resources( 1325): Preloaded drawable resource #0x1080298 (android:drawable/editbox_dropdown_background_dark) that varies with configuration!!
05-23 12:50:04.083 I/art     ( 1324): Background concurrent mark sweep GC freed 1607(154KB) AllocSpace objects, 0(0B) LOS objects, 62% free, 2MB/6MB, paused 695us total 312.951ms
05-23 12:50:04.295 W/Resources( 1325): Preloaded color resource #0x10600e2 (android:color/material_grey_800) that varies with configuration!!
05-23 12:50:04.295 W/Resources( 1325): Preloaded drawable resource #0x10802c9 (android:drawable/floating_popup_background_dark) that varies with configuration!!
05-23 12:50:04.766 W/Resources( 1324): Preloaded drawable resource #0x108030b (android:drawable/ic_clear_disabled) that varies with configuration!!
05-23 12:50:04.769 W/Resources( 1324): Preloaded drawable resource #0x1080310 (android:drawable/ic_clear_normal) that varies with configuration!!
05-23 12:50:04.954 W/Resources( 1324): Preloaded drawable resource #0x1080359 (android:drawable/ic_go) that varies with configuration!!
05-23 12:50:05.248 W/Resources( 1325): Preloaded drawable resource #0x108030b (android:drawable/ic_clear_disabled) that varies with configuration!!
05-23 12:50:05.252 W/Resources( 1325): Preloaded drawable resource #0x1080310 (android:drawable/ic_clear_normal) that varies with configuration!!
05-23 12:50:05.322 W/Resources( 1324): Preloaded drawable resource #0x1080038 (android:drawable/ic_menu_close_clear_cancel) that varies with configuration!!
05-23 12:50:05.356 W/Resources( 1324): Preloaded drawable resource #0x1080045 (android:drawable/ic_menu_more) that varies with configuration!!
05-23 12:50:05.396 W/Resources( 1325): Preloaded drawable resource #0x1080359 (android:drawable/ic_go) that varies with configuration!!
05-23 12:50:05.665 W/Resources( 1325): Preloaded drawable resource #0x1080038 (android:drawable/ic_menu_close_clear_cancel) that varies with configuration!!
05-23 12:50:05.765 W/Resources( 1324): Preloaded drawable resource #0x10804e8 (android:drawable/menu_background_fill_parent_width) that varies with configuration!!
05-23 12:50:05.807 W/Resources( 1325): Preloaded drawable resource #0x1080045 (android:drawable/ic_menu_more) that varies with configuration!!
05-23 12:50:06.413 W/Resources( 1325): Preloaded drawable resource #0x10804e8 (android:drawable/menu_background_fill_parent_width) that varies with configuration!!
05-23 12:50:07.247 I/art     ( 1325): Background sticky concurrent mark sweep GC freed 10314(631KB) AllocSpace objects, 3(120KB) LOS objects, 14% free, 4MB/5MB, paused 490us total 266.518ms
05-23 12:50:07.507 W/Resources( 1324): Preloaded drawable resource #0x108077e (android:drawable/text_edit_paste_window) that varies with configuration!!
05-23 12:50:07.713 W/Resources( 1324): Preloaded drawable resource #0x1080096 (android:drawable/toast_frame) that varies with configuration!!
05-23 12:50:07.714 I/Zygote  ( 1324): ...preloaded 114 resources in 6628ms.
05-23 12:50:07.827 I/art     ( 1324): Background sticky concurrent mark sweep GC freed 1436(62KB) AllocSpace objects, 3(120KB) LOS objects, 3% free, 6MB/6MB, paused 290us total 186.409ms
05-23 12:50:07.879 W/Resources( 1324): Preloaded color resource #0x106010b (android:color/background_cache_hint_selector_material_dark) that varies with configuration!!
05-23 12:50:07.919 W/Resources( 1324): Preloaded color resource #0x1060110 (android:color/btn_default_material_dark) that varies with configuration!!
05-23 12:50:08.074 I/Zygote  ( 1324): ...preloaded 41 resources in 360ms.
05-23 12:50:08.075 D/libEGL  ( 1324): Emulator without GPU support detected. Fallback to legacy software renderer, qemu.gles is set to 0.
05-23 12:50:08.301 W/art     ( 1325): Suspending all threads took: 59.490ms
05-23 12:50:08.321 D/libEGL  ( 1324): loaded /system/lib64/egl/libGLES_android.so
05-23 12:50:08.337 I/art     ( 1325): Background concurrent mark sweep GC freed 3941(181KB) AllocSpace objects, 6(120KB) LOS objects, 42% free, 5MB/9MB, paused 100.924ms total 357.308ms
05-23 12:50:08.376 E/Netd    ( 1338): cannot find interface dummy0
05-23 12:50:08.684 D/MDnsDS  ( 1338): MDnsSdListener starting to monitor
05-23 12:50:08.685 D/MDnsDS  ( 1338): Going to poll with pollCount 1
05-23 12:50:08.754 D/MDnsDS  ( 1338): MDnsSdListener::Hander starting up
05-23 12:50:09.389 I/Zygote  ( 1324): Preloading shared libraries...
05-23 12:50:09.599 W/Resources( 1325): Preloaded drawable resource #0x108077e (android:drawable/text_edit_paste_window) that varies with configuration!!
05-23 12:50:09.735 W/Resources( 1325): Preloaded drawable resource #0x1080096 (android:drawable/toast_frame) that varies with configuration!!
05-23 12:50:09.736 I/Zygote  ( 1325): ...preloaded 114 resources in 7640ms.
05-23 12:50:09.842 E/Hyphenator( 1324): error loading hyphenation /system/usr/hyphen-data/hyph-as.hyb
05-23 12:50:09.842 E/Hyphenator( 1324): java.io.FileNotFoundException: /system/usr/hyphen-data/hyph-as.hyb: open failed: ENOENT (No such file or directory)
05-23 12:50:09.842 E/Hyphenator( 1324): 	at libcore.io.IoBridge.open(IoBridge.java:455)
05-23 12:50:09.842 E/Hyphenator( 1324): 	at java.io.RandomAccessFile.<init>(RandomAccessFile.java:247)
05-23 12:50:09.842 E/Hyphenator( 1324): 	at android.text.Hyphenator.loadHyphenator(Hyphenator.java:118)
05-23 12:50:09.842 E/Hyphenator( 1324): 	at android.text.Hyphenator.init(Hyphenator.java:224)
05-23 12:50:09.842 E/Hyphenator( 1324): 	at com.android.internal.os.ZygoteInit.preloadTextResources(ZygoteInit.java:252)
05-23 12:50:09.842 E/Hyphenator( 1324): 	at com.android.internal.os.ZygoteInit.preload(ZygoteInit.java:206)
05-23 12:50:09.842 E/Hyphenator( 1324): 	at com.android.internal.os.ZygoteInit.main(ZygoteInit.java:743)
05-23 12:50:09.842 E/Hyphenator( 1324): Caused by: android.system.ErrnoException: open failed: ENOENT (No such file or directory)
05-23 12:50:09.842 E/Hyphenator( 1324): 	at libcore.io.Posix.open(Native Method)
05-23 12:50:09.842 E/Hyphenator( 1324): 	at libcore.io.BlockGuardOs.open(BlockGuardOs.java:187)
05-23 12:50:09.842 E/Hyphenator( 1324): 	at libcore.io.IoBridge.open(IoBridge.java:441)
05-23 12:50:09.842 E/Hyphenator( 1324): 	... 6 more
05-23 12:50:09.861 E/Hyphenator( 1324): error loading hyphenation /system/usr/hyphen-data/hyph-bn.hyb
05-23 12:50:09.861 E/Hyphenator( 1324): java.io.FileNotFoundException: /system/usr/hyphen-data/hyph-bn.hyb: open failed: ENOENT (No such file or directory)
05-23 12:50:09.861 E/Hyphenator( 1324): 	at libcore.io.IoBridge.open(IoBridge.java:455)
05-23 12:50:09.861 E/Hyphenator( 1324): 	at java.io.RandomAccessFile.<init>(RandomAccessFile.java:247)
05-23 12:50:09.861 E/Hyphenator( 1324): 	at android.text.Hyphenator.loadHyphenator(Hyphenator.java:118)
05-23 12:50:09.861 E/Hyphenator( 1324): 	at android.text.Hyphenator.init(Hyphenator.java:224)
05-23 12:50:09.861 E/Hyphenator( 1324): 	at com.android.internal.os.ZygoteInit.preloadTextResources(ZygoteInit.java:252)
05-23 12:50:09.861 E/Hyphenator( 1324): 	at com.android.internal.os.ZygoteInit.preload(ZygoteInit.java:206)
05-23 12:50:09.861 E/Hyphenator( 1324): 	at com.android.internal.os.ZygoteInit.main(ZygoteInit.java:743)
05-23 12:50:09.861 E/Hyphenator( 1324): Caused by: android.system.ErrnoException: open failed: ENOENT (No such file or directory)
05-23 12:50:09.861 E/Hyphenator( 1324): 	at libcore.io.Posix.open(Native Method)
05-23 12:50:09.861 E/Hyphenator( 1324): 	at libcore.io.BlockGuardOs.open(BlockGuardOs.java:187)
05-23 12:50:09.861 E/Hyphenator( 1324): 	at libcore.io.IoBridge.open(IoBridge.java:441)
05-23 12:50:09.861 E/Hyphenator( 1324): 	... 6 more
05-23 12:50:09.863 E/Hyphenator( 1324): error loading hyphenation /system/usr/hyphen-data/hyph-cy.hyb
05-23 12:50:09.863 E/Hyphenator( 1324): java.io.FileNotFoundException: /system/usr/hyphen-data/hyph-cy.hyb: open failed: ENOENT (No such file or directory)
05-23 12:50:09.863 E/Hyphenator( 1324): 	at libcore.io.IoBridge.open(IoBridge.java:455)
05-23 12:50:09.863 E/Hyphenator( 1324): 	at java.io.RandomAccessFile.<init>(RandomAccessFile.java:247)
05-23 12:50:09.863 E/Hyphenator( 1324): 	at android.text.Hyphenator.loadHyphenator(Hyphenator.java:118)
05-23 12:50:09.863 E/Hyphenator( 1324): 	at android.text.Hyphenator.init(Hyphenator.java:224)
05-23 12:50:09.863 E/Hyphenator( 1324): 	at com.android.internal.os.ZygoteInit.preloadTextResources(ZygoteInit.java:252)
05-23 12:50:09.863 E/Hyphenator( 1324): 	at com.android.internal.os.ZygoteInit.preload(ZygoteInit.java:206)
05-23 12:50:09.863 E/Hyphenator( 1324): 	at com.android.internal.os.ZygoteInit.main(ZygoteInit.java:743)
05-23 12:50:09.863 E/Hyphenator( 1324): Caused by: android.system.ErrnoException: open failed: ENOENT (No such file or directory)
05-23 12:50:09.863 E/Hyphenator( 1324): 	at libcore.io.Posix.open(Native Method)
05-23 12:50:09.863 E/Hyphenator( 1324): 	at libcore.io.BlockGuardOs.open(BlockGuardOs.java:187)
05-23 12:50:09.863 E/Hyphenator( 1324): 	at libcore.io.IoBridge.open(IoBridge.java:441)
05-23 12:50:09.863 E/Hyphenator( 1324): 	... 6 more
05-23 12:50:09.864 E/Hyphenator( 1324): error loading hyphenation /system/usr/hyphen-data/hyph-da.hyb
05-23 12:50:09.864 E/Hyphenator( 1324): java.io.FileNotFoundException: /system/usr/hyphen-data/hyph-da.hyb: open failed: ENOENT (No such file or directory)
05-23 12:50:09.864 E/Hyphenator( 1324): 	at libcore.io.IoBridge.open(IoBridge.java:455)
05-23 12:50:09.864 E/Hyphenator( 1324): 	at java.io.RandomAccessFile.<init>(RandomAccessFile.java:247)
05-23 12:50:09.864 E/Hyphenator( 1324): 	at android.text.Hyphenator.loadHyphenator(Hyphenator.java:118)
05-23 12:50:09.864 E/Hyphenator( 1324): 	at android.text.Hyphenator.init(Hyphenator.java:224)
05-23 12:50:09.864 E/Hyphenator( 1324): 	at com.android.internal.os.ZygoteInit.preloadTextResources(ZygoteInit.java:252)
05-23 12:50:09.864 E/Hyphenator( 1324): 	at com.android.internal.os.ZygoteInit.preload(ZygoteInit.java:206)
05-23 12:50:09.864 E/Hyphenator( 1324): 	at com.android.internal.os.ZygoteInit.main(ZygoteInit.java:743)
05-23 12:50:09.864 E/Hyphenator( 1324): Caused by: android.system.ErrnoException: open failed: ENOENT (No such file or directory)
05-23 12:50:09.864 E/Hyphenator( 1324): 	at libcore.io.Posix.open(Native Method)
05-23 12:50:09.864 E/Hyphenator( 1324): 	at libcore.io.BlockGuardOs.open(BlockGuardOs.java:187)
05-23 12:50:09.864 E/Hyphenator( 1324): 	at libcore.io.IoBridge.open(IoBridge.java:441)
05-23 12:50:09.864 E/Hyphenator( 1324): 	... 6 more
05-23 12:50:09.866 E/Hyphenator( 1324): error loading hyphenation /system/usr/hyphen-data/hyph-de-1901.hyb
05-23 12:50:09.866 E/Hyphenator( 1324): java.io.FileNotFoundException: /system/usr/hyphen-data/hyph-de-1901.hyb: open failed: ENOENT (No such file or directory)
05-23 12:50:09.866 E/Hyphenator( 1324): 	at libcore.io.IoBridge.open(IoBridge.java:455)
05-23 12:50:09.866 E/Hyphenator( 1324): 	at java.io.RandomAccessFile.<init>(RandomAccessFile.java:247)
05-23 12:50:09.866 E/Hyphenator( 1324): 	at android.text.Hyphenator.loadHyphenator(Hyphenator.java:118)
05-23 12:50:09.866 E/Hyphenator( 1324): 	at android.text.Hyphenator.init(Hyphenator.java:224)
05-23 12:50:09.866 E/Hyphenator( 1324): 	at com.android.internal.os.ZygoteInit.preloadTextResources(ZygoteInit.java:252)
05-23 12:50:09.866 E/Hyphenator( 1324): 	at com.android.internal.os.ZygoteInit.preload(ZygoteInit.java:206)
05-23 12:50:09.866 E/Hyphenator( 1324): 	at com.android.internal.os.ZygoteInit.main(ZygoteInit.java:743)
05-23 12:50:09.866 E/Hyphenator( 1324): Caused by: android.system.ErrnoException: open failed: ENOENT (No such file or directory)
05-23 12:50:09.866 E/Hyphenator( 1324): 	at libcore.io.Posix.open(Native Method)
05-23 12:50:09.866 E/Hyphenator( 1324): 	at libcore.io.BlockGuardOs.open(BlockGuardOs.java:187)
05-23 12:50:09.866 E/Hyphenator( 1324): 	at libcore.io.IoBridge.open(IoBridge.java:441)
05-23 12:50:09.866 E/Hyphenator( 1324): 	... 6 more
05-23 12:50:09.867 E/Hyphenator( 1324): error loading hyphenation /system/usr/hyphen-data/hyph-de-1996.hyb
05-23 12:50:09.867 E/Hyphenator( 1324): java.io.FileNotFoundException: /system/usr/hyphen-data/hyph-de-1996.hyb: open failed: ENOENT (No such file or directory)
05-23 12:50:09.867 E/Hyphenator( 1324): 	at libcore.io.IoBridge.open(IoBridge.java:455)
05-23 12:50:09.867 E/Hyphenator( 1324): 	at java.io.RandomAccessFile.<init>(RandomAccessFile.java:247)
05-23 12:50:09.867 E/Hyphenator( 1324): 	at android.text.Hyphenator.loadHyphenator(Hyphenator.java:118)
05-23 12:50:09.867 E/Hyphenator( 1324): 	at android.text.Hyphenator.init(Hyphenator.java:224)
05-23 12:50:09.867 E/Hyphenator( 1324): 	at com.android.internal.os.ZygoteInit.preloadTextResources(ZygoteInit.java:252)
05-23 12:50:09.867 E/Hyphenator( 1324): 	at com.android.internal.os.ZygoteInit.preload(ZygoteInit.java:206)
05-23 12:50:09.867 E/Hyphenator( 1324): 	at com.android.internal.os.ZygoteInit.main(ZygoteInit.java:743)
05-23 12:50:09.867 E/Hyphenator( 1324): Caused by: android.system.ErrnoException: open failed: ENOENT (No such file or directory)
05-23 12:50:09.867 E/Hyphenator( 1324): 	at libcore.io.Posix.open(Native Method)
05-23 12:50:09.867 E/Hyphenator( 1324): 	at libcore.io.BlockGuardOs.open(BlockGuardOs.java:187)
05-23 12:50:09.867 E/Hyphenator( 1324): 	at libcore.io.IoBridge.open(IoBridge.java:441)
05-23 12:50:09.867 E/Hyphenator( 1324): 	... 6 more
05-23 12:50:09.869 E/Hyphenator( 1324): error loading hyphenation /system/usr/hyphen-data/hyph-de-ch-1901.hyb
05-23 12:50:09.869 E/Hyphenator( 1324): java.io.FileNotFoundException: /system/usr/hyphen-data/hyph-de-ch-1901.hyb: open failed: ENOENT (No such file or directory)
05-23 12:50:09.869 E/Hyphenator( 1324): 	at libcore.io.IoBridge.open(IoBridge.java:455)
05-23 12:50:09.869 E/Hyphenator( 1324): 	at java.io.RandomAccessFile.<init>(RandomAccessFile.java:247)
05-23 12:50:09.869 E/Hyphenator( 1324): 	at android.text.Hyphenator.loadHyphenator(Hyphenator.java:118)
05-23 12:50:09.869 E/Hyphenator( 1324): 	at android.text.Hyphenator.init(Hyphenator.java:224)
05-23 12:50:09.869 E/Hyphenator( 1324): 	at com.android.internal.os.ZygoteInit.preloadTextResources(ZygoteInit.java:252)
05-23 12:50:09.869 E/Hyphenator( 1324): 	at com.android.internal.os.ZygoteInit.preload(ZygoteInit.java:206)
05-23 12:50:09.869 E/Hyphenator( 1324): 	at com.android.internal.os.ZygoteInit.main(ZygoteInit.java:743)
05-23 12:50:09.869 E/Hyphenator( 1324): Caused by: android.system.ErrnoException: open failed: ENOENT (No such file or directory)
05-23 12:50:09.869 E/Hyphenator( 1324): 	at libcore.io.Posix.open(Native Method)
05-23 12:50:09.869 E/Hyphenator( 1324): 	at libcore.io.BlockGuardOs.open(BlockGuardOs.java:187)
05-23 12:50:09.869 E/Hyphenator( 1324): 	at libcore.io.IoBridge.open(IoBridge.java:441)
05-23 12:50:09.869 E/Hyphenator( 1324): 	... 6 more
05-23 12:50:09.896 E/Hyphenator( 1324): error loading hyphenation /system/usr/hyphen-data/hyph-en-gb.hyb
05-23 12:50:09.896 E/Hyphenator( 1324): java.io.FileNotFoundException: /system/usr/hyphen-data/hyph-en-gb.hyb: open failed: ENOENT (No such file or directory)
05-23 12:50:09.896 E/Hyphenator( 1324): 	at libcore.io.IoBridge.open(IoBridge.java:455)
05-23 12:50:09.896 E/Hyphenator( 1324): 	at java.io.RandomAccessFile.<init>(RandomAccessFile.java:247)
05-23 12:50:09.896 E/Hyphenator( 1324): 	at android.text.Hyphenator.loadHyphenator(Hyphenator.java:118)
05-23 12:50:09.896 E/Hyphenator( 1324): 	at android.text.Hyphenator.init(Hyphenator.java:224)
05-23 12:50:09.896 E/Hyphenator( 1324): 	at com.android.internal.os.ZygoteInit.preloadTextResources(ZygoteInit.java:252)
05-23 12:50:09.896 E/Hyphenator( 1324): 	at com.android.internal.os.ZygoteInit.preload(ZygoteInit.java:206)
05-23 12:50:09.896 E/Hyphenator( 1324): 	at com.android.internal.os.ZygoteInit.main(ZygoteInit.java:743)
05-23 12:50:09.896 E/Hyphenator( 1324): Caused by: android.system.ErrnoException: open failed: ENOENT (No such file or directory)
05-23 12:50:09.896 E/Hyphenator( 1324): 	at libcore.io.Posix.open(Native Method)
05-23 12:50:09.896 E/Hyphenator( 1324): 	at libcore.io.BlockGuardOs.open(BlockGuardOs.java:187)
05-23 12:50:09.896 E/Hyphenator( 1324): 	at libcore.io.IoBridge.open(IoBridge.java:441)
05-23 12:50:09.896 E/Hyphenator( 1324): 	... 6 more
05-23 12:50:09.898 E/Hyphenator( 1324): error loading hyphenation /system/usr/hyphen-data/hyph-en-us.hyb
05-23 12:50:09.898 E/Hyphenator( 1324): java.io.FileNotFoundException: /system/usr/hyphen-data/hyph-en-us.hyb: open failed: ENOENT (No such file or directory)
05-23 12:50:09.898 E/Hyphenator( 1324): 	at libcore.io.IoBridge.open(IoBridge.java:455)
05-23 12:50:09.898 E/Hyphenator( 1324): 	at java.io.RandomAccessFile.<init>(RandomAccessFile.java:247)
05-23 12:50:09.898 E/Hyphenator( 1324): 	at android.text.Hyphenator.loadHyphenator(Hyphenator.java:118)
05-23 12:50:09.898 E/Hyphenator( 1324): 	at android.text.Hyphenator.init(Hyphenator.java:224)
05-23 12:50:09.898 E/Hyphenator( 1324): 	at com.android.internal.os.ZygoteInit.preloadTextResources(ZygoteInit.java:252)
05-23 12:50:09.898 E/Hyphenator( 1324): 	at com.android.internal.os.ZygoteInit.preload(ZygoteInit.java:206)
05-23 12:50:09.898 E/Hyphenator( 1324): 	at com.android.internal.os.ZygoteInit.main(ZygoteInit.java:743)
05-23 12:50:09.898 E/Hyphenator( 1324): Caused by: android.system.ErrnoException: open failed: ENOENT (No such file or directory)
05-23 12:50:09.898 E/Hyphenator( 1324): 	at libcore.io.Posix.open(Native Method)
05-23 12:50:09.898 E/Hyphenator( 1324): 	at libcore.io.BlockGuardOs.open(BlockGuardOs.java:187)
05-23 12:50:09.898 E/Hyphenator( 1324): 	at libcore.io.IoBridge.open(IoBridge.java:441)
05-23 12:50:09.898 E/Hyphenator( 1324): 	... 6 more
05-23 12:50:09.931 E/Hyphenator( 1324): error loading hyphenation /system/usr/hyphen-data/hyph-es.hyb
05-23 12:50:09.931 E/Hyphenator( 1324): java.io.FileNotFoundException: /system/usr/hyphen-data/hyph-es.hyb: open failed: ENOENT (No such file or directory)
05-23 12:50:09.931 E/Hyphenator( 1324): 	at libcore.io.IoBridge.open(IoBridge.java:455)
05-23 12:50:09.931 E/Hyphenator( 1324): 	at java.io.RandomAccessFile.<init>(RandomAccessFile.java:247)
05-23 12:50:09.931 E/Hyphenator( 1324): 	at android.text.Hyphenator.loadHyphenator(Hyphenator.java:118)
05-23 12:50:09.931 E/Hyphenator( 1324): 	at android.text.Hyphenator.init(Hyphenator.java:224)
05-23 12:50:09.931 E/Hyphenator( 1324): 	at com.android.internal.os.ZygoteInit.preloadTextResources(ZygoteInit.java:252)
05-23 12:50:09.931 E/Hyphenator( 1324): 	at com.android.internal.os.ZygoteInit.preload(ZygoteInit.java:206)
05-23 12:50:09.931 E/Hyphenator( 1324): 	at com.android.internal.os.ZygoteInit.main(ZygoteInit.java:743)
05-23 12:50:09.931 E/Hyphenator( 1324): Caused by: android.system.ErrnoException: open failed: ENOENT (No such file or directory)
05-23 12:50:09.931 E/Hyphenator( 1324): 	at libcore.io.Posix.open(Native Method)
05-23 12:50:09.931 E/Hyphenator( 1324): 	at libcore.io.BlockGuardOs.open(BlockGuardOs.java:187)
05-23 12:50:09.931 E/Hyphenator( 1324): 	at libcore.io.IoBridge.open(IoBridge.java:441)
05-23 12:50:09.931 E/Hyphenator( 1324): 	... 6 more
05-23 12:50:09.934 E/Hyphenator( 1324): error loading hyphenation /system/usr/hyphen-data/hyph-et.hyb
05-23 12:50:09.934 E/Hyphenator( 1324): java.io.FileNotFoundException: /system/usr/hyphen-data/hyph-et.hyb: open failed: ENOENT (No such file or directory)
05-23 12:50:09.934 E/Hyphenator( 1324): 	at libcore.io.IoBridge.open(IoBridge.java:455)
05-23 12:50:09.934 E/Hyphenator( 1324): 	at java.io.RandomAccessFile.<init>(RandomAccessFile.java:247)
05-23 12:50:09.934 E/Hyphenator( 1324): 	at android.text.Hyphenator.loadHyphenator(Hyphenator.java:118)
05-23 12:50:09.934 E/Hyphenator( 1324): 	at android.text.Hyphenator.init(Hyphenator.java:224)
05-23 12:50:09.934 E/Hyphenator( 1324): 	at com.android.internal.os.ZygoteInit.preloadTextResources(ZygoteInit.java:252)
05-23 12:50:09.934 E/Hyphenator( 1324): 	at com.android.internal.os.ZygoteInit.preload(ZygoteInit.java:206)
05-23 12:50:09.934 E/Hyphenator( 1324): 	at com.android.internal.os.ZygoteInit.main(ZygoteInit.java:743)
05-23 12:50:09.934 E/Hyphenator( 1324): Caused by: android.system.ErrnoException: open failed: ENOENT (No such file or directory)
05-23 12:50:09.934 E/Hyphenator( 1324): 	at libcore.io.Posix.open(Native Method)
05-23 12:50:09.934 E/Hyphenator( 1324): 	at libcore.io.BlockGuardOs.open(BlockGuardOs.java:187)
05-23 12:50:09.934 E/Hyphenator( 1324): 	at libcore.io.IoBridge.open(IoBridge.java:441)
05-23 12:50:09.934 E/Hyphenator( 1324): 	... 6 more
05-23 12:50:09.935 E/Hyphenator( 1324): error loading hyphenation /system/usr/hyphen-data/hyph-eu.hyb
05-23 12:50:09.935 E/Hyphenator( 1324): java.io.FileNotFoundException: /system/usr/hyphen-data/hyph-eu.hyb: open failed: ENOENT (No such file or directory)
05-23 12:50:09.935 E/Hyphenator( 1324): 	at libcore.io.IoBridge.open(IoBridge.java:455)
05-23 12:50:09.935 E/Hyphenator( 1324): 	at java.io.RandomAccessFile.<init>(RandomAccessFile.java:247)
05-23 12:50:09.935 E/Hyphenator( 1324): 	at android.text.Hyphenator.loadHyphenator(Hyphenator.java:118)
05-23 12:50:09.935 E/Hyphenator( 1324): 	at android.text.Hyphenator.init(Hyphenator.java:224)
05-23 12:50:09.935 E/Hyphenator( 1324): 	at com.android.internal.os.ZygoteInit.preloadTextResources(ZygoteInit.java:252)
05-23 12:50:09.935 E/Hyphenator( 1324): 	at com.android.internal.os.ZygoteInit.preload(ZygoteInit.java:206)
05-23 12:50:09.935 E/Hyphenator( 1324): 	at com.android.internal.os.ZygoteInit.main(ZygoteInit.java:743)
05-23 12:50:09.935 E/Hyphenator( 1324): Caused by: android.system.ErrnoException: open failed: ENOENT (No such file or directory)
05-23 12:50:09.935 E/Hyphenator( 1324): 	at libcore.io.Posix.open(Native Method)
05-23 12:50:09.935 E/Hyphenator( 1324): 	at libcore.io.BlockGuardOs.open(BlockGuardOs.java:187)
05-23 12:50:09.935 E/Hyphenator( 1324): 	at libcore.io.IoBridge.open(IoBridge.java:441)
05-23 12:50:09.935 E/Hyphenator( 1324): 	... 6 more
05-23 12:50:09.937 E/Hyphenator( 1324): error loading hyphenation /system/usr/hyphen-data/hyph-fr.hyb
05-23 12:50:09.937 E/Hyphenator( 1324): java.io.FileNotFoundException: /system/usr/hyphen-data/hyph-fr.hyb: open failed: ENOENT (No such file or directory)
05-23 12:50:09.937 E/Hyphenator( 1324): 	at libcore.io.IoBridge.open(IoBridge.java:455)
05-23 12:50:09.937 E/Hyphenator( 1324): 	at java.io.RandomAccessFile.<init>(RandomAccessFile.java:247)
05-23 12:50:09.937 E/Hyphenator( 1324): 	at android.text.Hyphenator.loadHyphenator(Hyphenator.java:118)
05-23 12:50:09.937 E/Hyphenator( 1324): 	at android.text.Hyphenator.init(Hyphenator.java:224)
05-23 12:50:09.937 E/Hyphenator( 1324): 	at com.android.internal.os.ZygoteInit.preloadTextResources(ZygoteInit.java:252)
05-23 12:50:09.937 E/Hyphenator( 1324): 	at com.android.internal.os.ZygoteInit.preload(ZygoteInit.java:206)
05-23 12:50:09.937 E/Hyphenator( 1324): 	at com.android.internal.os.ZygoteInit.main(ZygoteInit.java:743)
05-23 12:50:09.937 E/Hyphenator( 1324): Caused by: android.system.ErrnoException: open failed: ENOENT (No such file or directory)
05-23 12:50:09.937 E/Hyphenator( 1324): 	at libcore.io.Posix.open(Native Method)
05-23 12:50:09.937 E/Hyphenator( 1324): 	at libcore.io.BlockGuardOs.open(BlockGuardOs.java:187)
05-23 12:50:09.937 E/Hyphenator( 1324): 	at libcore.io.IoBridge.open(IoBridge.java:441)
05-23 12:50:09.937 E/Hyphenator( 1324): 	... 6 more
05-23 12:50:09.938 E/Hyphenator( 1324): error loading hyphenation /system/usr/hyphen-data/hyph-ga.hyb
05-23 12:50:09.938 E/Hyphenator( 1324): java.io.FileNotFoundException: /system/usr/hyphen-data/hyph-ga.hyb: open failed: ENOENT (No such file or directory)
05-23 12:50:09.938 E/Hyphenator( 1324): 	at libcore.io.IoBridge.open(IoBridge.java:455)
05-23 12:50:09.938 E/Hyphenator( 1324): 	at java.io.RandomAccessFile.<init>(RandomAccessFile.java:247)
05-23 12:50:09.938 E/Hyphenator( 1324): 	at android.text.Hyphenator.loadHyphenator(Hyphenator.java:118)
05-23 12:50:09.938 E/Hyphenator( 1324): 	at android.text.Hyphenator.init(Hyphenator.java:224)
05-23 12:50:09.938 E/Hyphenator( 1324): 	at com.android.internal.os.ZygoteInit.preloadTextResources(ZygoteInit.java:252)
05-23 12:50:09.938 E/Hyphenator( 1324): 	at com.android.internal.os.ZygoteInit.preload(ZygoteInit.java:206)
05-23 12:50:09.938 E/Hyphenator( 1324): 	at com.android.internal.os.ZygoteInit.main(ZygoteInit.java:743)
