05-23 12:52:32.828 W/art     ( 2644): Long monitor contention with owner android.display (2685) at void com.android.server.wm.WindowAnimator$1.doFrame(long)(WindowAnimator.java:144) waiters=1 in void com.android.server.wm.WindowManagerService.finishDrawingWindow(com.android.server.wm.Session, android.view.IWindow) for 542ms
05-23 12:52:33.029 W/art     ( 2644): Long monitor contention with owner android.display (2685) at void com.android.server.wm.WindowAnimator$1.doFrame(long)(WindowAnimator.java:144) waiters=1 in void com.android.server.wm.WindowManagerService.setFocusedApp(android.os.IBinder, boolean) for 453ms
05-23 12:52:33.154 V/KeyValueBackupJob( 2644): Scheduling k/v pass in 247 minutes
05-23 12:52:33.348 W/art     ( 2644): Long monitor contention with owner android.display (2685) at void com.android.server.wm.WindowAnimator$1.doFrame(long)(WindowAnimator.java:144) waiters=1 in void com.android.server.wm.WindowManagerService.setFocusedApp(android.os.IBinder, boolean) for 318ms
05-23 12:52:33.352 W/art     ( 2644): Long monitor contention with owner android.display (2685) at void com.android.server.wm.WindowAnimator$1.doFrame(long)(WindowAnimator.java:144) waiters=1 in void com.android.server.wm.WindowManagerService.finishDrawingWindow(com.android.server.wm.Session, android.view.IWindow) for 524ms
05-23 12:52:33.716 W/art     ( 2644): Long monitor contention with owner Binder:2644_5 (2994) at void com.android.server.wm.WindowManagerService.continueSurfaceLayout()(WindowManagerService.java:5454) waiters=1 in void com.android.server.wm.WindowAnimator$1.doFrame(long) for 293ms
05-23 12:52:33.813 W/ActivityManager( 2644): Slow operation: 126ms so far, now at startProcess: returned from zygote!
05-23 12:52:33.814 W/ActivityManager( 2644): Slow operation: 127ms so far, now at startProcess: done updating battery stats
05-23 12:52:33.814 W/ActivityManager( 2644): Slow operation: 128ms so far, now at startProcess: building log message
05-23 12:52:33.814 I/ActivityManager( 2644): Start proc 3385:com.android.launcher3/u0a42 for activity com.android.launcher3/.Launcher
05-23 12:52:33.815 W/ActivityManager( 2644): Slow operation: 128ms so far, now at startProcess: starting to update pids map
05-23 12:52:33.815 W/ActivityManager( 2644): Slow operation: 129ms so far, now at startProcess: done updating pids map
05-23 12:52:33.815 W/ActivityManager( 2644): Slow operation: 136ms so far, now at startProcess: done starting proc!
05-23 12:52:33.844 I/Choreographer( 3110): Skipped 283 frames!  The application may be doing too much work on its main thread.
05-23 12:52:33.861 W/art     ( 3385): Unexpected CPU variant for X86 using defaults: x86_64
05-23 12:52:33.931 W/art     ( 2644): Long monitor contention with owner Binder:2644_5 (2994) at void com.android.server.am.ActivityManagerService.activityPaused(android.os.IBinder)(ActivityManagerService.java:6916) waiters=0 in boolean com.android.server.am.ActivityManagerService.isUserRunning(int, int) for 3.916s
05-23 12:52:33.961 W/art     ( 2644): Long monitor contention with owner Binder:2644_5 (2994) at void com.android.server.am.ActivityManagerService.activityPaused(android.os.IBinder)(ActivityManagerService.java:6916) waiters=1 in boolean com.android.server.am.ActivityManagerService.unbindService(android.app.IServiceConnection) for 3.776s
05-23 12:52:33.966 W/art     ( 2644): Long monitor contention with owner Binder:2644_5 (2994) at void com.android.server.am.ActivityManagerService.activityPaused(android.os.IBinder)(ActivityManagerService.java:6916) waiters=2 in void com.android.server.am.ActivityManagerService.appendDropBoxProcessHeaders(com.android.server.am.ProcessRecord, java.lang.String, java.lang.StringBuilder) for 3.593s
05-23 12:52:33.977 I/ActivityManager( 2644): Killing 2862:com.android.systemui/u0a21 (adj -800): bg anr
05-23 12:52:33.982 W/art     ( 2644): Long monitor contention with owner Binder:2644_5 (2994) at void com.android.server.am.ActivityManagerService.activityPaused(android.os.IBinder)(ActivityManagerService.java:6916) waiters=4 in com.android.server.am.ProcessRecord com.android.server.am.ActivityManagerService.findAppProcess(android.os.IBinder, java.lang.String) for 1.764s
05-23 12:52:33.985 W/art     ( 2644): Long monitor contention with owner Binder:2644_5 (2994) at void com.android.server.am.ActivityManagerService.activityPaused(android.os.IBinder)(ActivityManagerService.java:6916) waiters=6 in java.lang.String com.android.server.am.ActivityManagerService.checkContentProviderAccess(java.lang.String, int) for 667ms
05-23 12:52:33.987 W/art     ( 2644): Long monitor contention with owner Binder:2644_5 (2994) at void com.android.server.am.ActivityManagerService.activityPaused(android.os.IBinder)(ActivityManagerService.java:6916) waiters=7 in void com.android.server.am.ActivityManagerService.dispatchUidsChanged() for 301ms
05-23 12:52:34.192 W/art     ( 2644): Long monitor contention with owner main (2644) at void com.android.server.job.JobServiceContext$JobServiceHandler.closeAndCleanupJobH(boolean)(JobServiceContext.java:606) waiters=0 in void com.android.server.job.JobSchedulerService.updateUidState(int, int) for 203ms
05-23 12:52:34.410 W/art     ( 2644): Long monitor contention with owner Binder:2644_5 (2994) at void com.android.server.am.ActivityManagerService.activityPaused(android.os.IBinder)(ActivityManagerService.java:6916) waiters=3 in boolean com.android.server.am.ActivityManagerService.isUserRunning(int, int) for 3.180s
05-23 12:52:34.573 W/art     ( 2644): Long monitor contention with owner Binder:2644_5 (2994) at void com.android.server.am.ActivityManagerService.activityPaused(android.os.IBinder)(ActivityManagerService.java:6916) waiters=5 in int com.android.server.am.ActivityManagerService.getAppStartMode(int, java.lang.String) for 1.416s
05-23 12:52:34.596 W/art     ( 2644): Long monitor contention with owner main (2644) at void com.android.server.pm.UserManagerService$MainHandler.handleMessage(android.os.Message)(UserManagerService.java:3290) waiters=0 in int com.android.server.pm.PackageManagerService.checkUidPermission(java.lang.String, int) for 403ms
05-23 12:52:34.761 W/art     ( 2644): Suspending all threads took: 11.919ms
05-23 12:52:34.992 I/art     ( 2644): Background sticky concurrent mark sweep GC freed 43381(2MB) AllocSpace objects, 12(556KB) LOS objects, 24% free, 10MB/13MB, paused 14.560ms total 839.442ms
05-23 12:52:35.116 W/art     ( 2644): Long monitor contention with owner android.display (2685) at void com.android.server.wm.WindowAnimator$1.doFrame(long)(WindowAnimator.java:144) waiters=0 in void com.android.server.wm.WindowManagerService.prepareAppTransition(int, boolean) for 307ms
05-23 12:52:34.284 W/ifconfig( 3383): type=1400 audit(0.0:13): avc: denied { ioctl } for path="socket:[14082]" dev="sockfs" ino=14082 ioctlcmd=8927 scontext=u:r:shell:s0 tcontext=u:r:shell:s0 tclass=udp_socket permissive=0
05-23 12:52:34.364 W/ifconfig( 3383): type=1400 audit(0.0:14): avc: denied { ioctl } for path="socket:[14082]" dev="sockfs" ino=14082 ioctlcmd=891d scontext=u:r:shell:s0 tcontext=u:r:shell:s0 tclass=udp_socket permissive=0
05-23 12:52:34.464 W/ifconfig( 3383): type=1400 audit(0.0:15): avc: denied { ioctl } for path="socket:[14082]" dev="sockfs" ino=14082 ioctlcmd=8970 scontext=u:r:shell:s0 tcontext=u:r:shell:s0 tclass=udp_socket permissive=0
05-23 12:52:35.374 W/art     ( 2644): Long monitor contention with owner android.display (2685) at void com.android.server.wm.WindowAnimator$1.doFrame(long)(WindowAnimator.java:144) waiters=0 in void com.android.server.wm.WindowManagerService.prepareAppTransition(int, boolean) for 258ms
05-23 12:52:35.548 W/InputDispatcher( 2644): channel 'cf27bf6 DockedStackDivider (server)' ~ Consumer closed input channel or an error occurred.  events=0x9
05-23 12:52:35.549 E/InputDispatcher( 2644): channel 'cf27bf6 DockedStackDivider (server)' ~ Channel is unrecoverably broken and will be disposed!
05-23 12:52:35.561 W/InputDispatcher( 2644): channel 'a265e79 StatusBar (server)' ~ Consumer closed input channel or an error occurred.  events=0x9
05-23 12:52:35.562 E/InputDispatcher( 2644): channel 'a265e79 StatusBar (server)' ~ Channel is unrecoverably broken and will be disposed!
05-23 12:52:35.562 W/InputDispatcher( 2644): channel '1fda004 AssistPreviewPanel (server)' ~ Consumer closed input channel or an error occurred.  events=0x9
05-23 12:52:35.562 E/InputDispatcher( 2644): channel '1fda004 AssistPreviewPanel (server)' ~ Channel is unrecoverably broken and will be disposed!
05-23 12:52:35.562 W/InputDispatcher( 2644): channel '1ad2022 NavigationBar (server)' ~ Consumer closed input channel or an error occurred.  events=0x9
05-23 12:52:35.562 E/InputDispatcher( 2644): channel '1ad2022 NavigationBar (server)' ~ Channel is unrecoverably broken and will be disposed!
05-23 12:52:35.563 W/InputDispatcher( 2644): channel '93b4d2b com.android.systemui.ImageWallpaper (server)' ~ Consumer closed input channel or an error occurred.  events=0x9
05-23 12:52:35.563 E/InputDispatcher( 2644): channel '93b4d2b com.android.systemui.ImageWallpaper (server)' ~ Channel is unrecoverably broken and will be disposed!
05-23 12:52:35.593 W/AudioService( 2644): Current remote volume controller died, unregistering
05-23 12:52:35.622 W/VolumeController( 2644): Error calling dismiss
05-23 12:52:35.622 W/VolumeController( 2644): android.os.DeadObjectException
05-23 12:52:35.622 W/VolumeController( 2644): 	at android.os.BinderProxy.transactNative(Native Method)
05-23 12:52:35.622 W/VolumeController( 2644): 	at android.os.BinderProxy.transact(Binder.java:615)
05-23 12:52:35.622 W/VolumeController( 2644): 	at android.media.IVolumeController$Stub$Proxy.dismiss(IVolumeController.java:162)
05-23 12:52:35.622 W/VolumeController( 2644): 	at com.android.server.audio.AudioService$VolumeController.postDismiss(AudioService.java:6138)
05-23 12:52:35.622 W/VolumeController( 2644): 	at com.android.server.audio.AudioService.setVolumeController(AudioService.java:5986)
05-23 12:52:35.622 W/VolumeController( 2644): 	at com.android.server.audio.AudioService$4.binderDied(AudioService.java:5995)
05-23 12:52:35.622 W/VolumeController( 2644): 	at android.os.BinderProxy.sendDeathNotice(Binder.java:688)
05-23 12:52:35.625 D/ConnectivityService( 2644): ConnectivityService NetworkRequestInfo binderDied(NetworkRequest [ LISTEN id=4, [] ], android.os.BinderProxy@997e17f)
05-23 12:52:35.635 E/ConnectivityService( 2644): RemoteException caught trying to send a callback msg for NetworkRequest [ LISTEN id=4, [] ]
05-23 12:52:35.637 D/WifiService( 2644): Client connection lost with reason: 4
05-23 12:52:35.722 W/art     ( 2644): Long monitor contention with owner android.display (2685) at void com.android.server.wm.WindowAnimator$1.doFrame(long)(WindowAnimator.java:144) waiters=0 in void com.android.server.wm.WindowManagerService.prepareAppTransition(int, boolean) for 346ms
05-23 12:52:35.984 W/art     ( 2644): Long monitor contention with owner android.display (2685) at void com.android.server.wm.WindowAnimator$1.doFrame(long)(WindowAnimator.java:144) waiters=1 in void com.android.server.wm.WindowState$DeathRecipient.binderDied() for 479ms
05-23 12:52:36.146 W/art     ( 2644): Long monitor contention with owner android.display (2685) at void com.android.server.wm.WindowAnimator$1.doFrame(long)(WindowAnimator.java:144) waiters=2 in void com.android.server.wm.WindowManagerService$9.binderDied() for 639ms
05-23 12:52:36.306 W/art     ( 2644): Long monitor contention with owner android.display (2685) at void com.android.server.wm.WindowAnimator$1.doFrame(long)(WindowAnimator.java:144) waiters=3 in void com.android.server.wm.WindowState$DeathRecipient.binderDied() for 799ms
05-23 12:52:36.491 I/ContactLocale( 3306): AddressBook Labels [[en_US]]: [â€¦, A, B, C, D, E, F, G, H, I, J, K, L, M, N, O, P, Q, R, S, T, U, V, W, X, Y, Z, Î‘, Î’, Î“, Î”, Î•, Î–, Î—, Î˜, Î™, Îš, Î›, Îœ, Î, Îž, ÎŸ, Î , Î¡, Î£, Î¤, Î¥, Î¦, Î§, Î¨, Î©, â€¦, Ð, Ð‘, Ð’, Ð“, Ð”, Ð‚, Ð•, Ð„, Ð–, Ð—, Ð˜, Ð†, Ð™, Ðˆ, Ðš, Ð›, Ð‰, Ðœ, Ð, ÐŠ, Ðž, ÐŸ, Ð , Ð¡, Ð¢, Ð‹, Ð£, Ð¤, Ð¥, Ð¦, Ð§, Ð, Ð¨, Ð©, Ð®, Ð¯, â€¦, ×, ×‘, ×’, ×“, ×”, ×•, ×–, ×—, ×˜, ×™, ×›, ×œ, ×ž, × , ×¡, ×¢, ×¤, ×¦, ×§, ×¨, ×©, ×ª, â€¦, Ø§, Ø¨, Øª, Ø«, Ø¬, Ø­, Ø®, Ø¯, Ø°, Ø±, Ø², Ø³, Ø´, Øµ, Ø¶, Ø·, Ø¸, Ø¹, Øº, Ù, Ù‚, Ùƒ, Ù„, Ù…, Ù†, Ù‡, Ùˆ, ÙŠ, â€¦, à¸, à¸‚, à¸ƒ, à¸„, à¸…, à¸†, à¸‡, à¸ˆ, à¸‰, à¸Š, à¸‹, à¸Œ, à¸, à¸Ž, à¸, à¸, à¸‘, à¸’, à¸“, à¸”, à¸•, à¸–, à¸—, à¸˜, à¸™, à¸š, à¸›, à¸œ, à¸, à¸ž, à¸Ÿ, à¸ , à¸¡, à¸¢, à¸£, à¸¤, à¸¥, à¸¦, à¸§, à¸¨, à¸©, à¸ª, à¸«, à¸¬, à¸­, à¸®, â€¦, ã„±, ã„´, ã„·, ã„¹, ã…, ã…‚, ã……, ã…‡, ã…ˆ, ã…Š, ã…‹, ã…Œ, ã…, ã…Ž, â€¦, ã‚, ã‹, ã•, ãŸ, ãª, ã¯, ã¾, ã‚„, ã‚‰, ã‚, #, â€¦]
05-23 12:52:36.631 W/art     ( 2644): Long monitor contention with owner android.display (2685) at void com.android.server.wm.WindowAnimator$1.doFrame(long)(WindowAnimator.java:144) waiters=4 in void com.android.server.wm.WindowState$DeathRecipient.binderDied() for 1.059s
05-23 12:52:36.881 W/art     ( 2644): Long monitor contention with owner android.display (2685) at void com.android.server.wm.WindowAnimator$1.doFrame(long)(WindowAnimator.java:144) waiters=5 in void com.android.server.wm.WindowState$DeathRecipient.binderDied() for 1.306s
05-23 12:52:37.044 W/art     ( 2644): Long monitor contention with owner android.display (2685) at void com.android.server.wm.WindowAnimator$1.doFrame(long)(WindowAnimator.java:144) waiters=6 in void com.android.server.wm.Session.binderDied() for 1.461s
05-23 12:52:37.227 W/art     ( 2644): Long monitor contention with owner android.display (2685) at void com.android.server.wm.WindowAnimator$1.doFrame(long)(WindowAnimator.java:144) waiters=7 in void com.android.server.wm.WindowState$DeathRecipient.binderDied() for 1.642s
05-23 12:52:37.364 W/art     ( 2644): Long monitor contention with owner android.display (2685) at void com.android.server.wm.WindowAnimator$1.doFrame(long)(WindowAnimator.java:144) waiters=7 in void com.android.server.wm.WindowManagerService.prepareAppTransition(int, boolean) for 1.641s
05-23 12:52:37.524 W/art     ( 2644): Long monitor contention with owner android.display (2685) at void com.android.server.wm.WindowAnimator$1.doFrame(long)(WindowAnimator.java:144) waiters=7 in void com.android.server.wm.WindowState$DeathRecipient.binderDied() for 1.539s
05-23 12:52:37.684 W/art     ( 2644): Long monitor contention with owner android.display (2685) at void com.android.server.wm.WindowAnimator$1.doFrame(long)(WindowAnimator.java:144) waiters=7 in void com.android.server.wm.WindowManagerService$9.binderDied() for 1.537s
05-23 12:52:37.855 W/art     ( 2644): Long monitor contention with owner android.display (2685) at void com.android.server.wm.WindowAnimator$1.doFrame(long)(WindowAnimator.java:144) waiters=7 in void com.android.server.wm.WindowState$DeathRecipient.binderDied() for 1.548s
05-23 12:52:37.856 I/WindowManager( 2644): WIN DEATH: Window{1fda004 u0 AssistPreviewPanel}
05-23 12:52:37.857 W/InputDispatcher( 2644): Attempted to unregister already unregistered input channel '1fda004 AssistPreviewPanel (server)'
05-23 12:52:38.030 W/art     ( 2644): Long monitor contention with owner android.display (2685) at void com.android.server.wm.WindowAnimator$1.doFrame(long)(WindowAnimator.java:144) waiters=7 in void com.android.server.wm.WindowState$DeathRecipient.binderDied() for 1.398s
05-23 12:52:38.044 I/WindowManager( 2644): WIN DEATH: Window{1ad2022 u0 NavigationBar}
05-23 12:52:38.044 W/InputDispatcher( 2644): Attempted to unregister already unregistered input channel '1ad2022 NavigationBar (server)'
05-23 12:52:38.218 W/art     ( 2644): Long monitor contention with owner android.display (2685) at void com.android.server.wm.WindowAnimator$1.doFrame(long)(WindowAnimator.java:144) waiters=7 in void com.android.server.wm.WindowState$DeathRecipient.binderDied() for 1.337s
05-23 12:52:38.219 I/WindowManager( 2644): WIN DEATH: Window{93b4d2b u0 com.android.systemui.ImageWallpaper}
05-23 12:52:38.219 W/InputDispatcher( 2644): Attempted to unregister already unregistered input channel '93b4d2b com.android.systemui.ImageWallpaper (server)'
05-23 12:52:38.364 W/art     ( 2644): Long monitor contention with owner android.display (2685) at void com.android.server.wm.WindowAnimator$1.doFrame(long)(WindowAnimator.java:144) waiters=7 in void com.android.server.wm.Session.binderDied() for 1.320s
05-23 12:52:38.366 W/art     ( 2644): Long monitor contention with owner android.display (2685) at void com.android.server.wm.WindowAnimator$1.doFrame(long)(WindowAnimator.java:144) waiters=7 in void com.android.server.wm.WindowState$DeathRecipient.binderDied() for 1.138s
05-23 12:52:38.367 I/WindowManager( 2644): WIN DEATH: Window{cf27bf6 u0 DockedStackDivider}
05-23 12:52:38.367 W/InputDispatcher( 2644): Attempted to unregister already unregistered input channel 'cf27bf6 DockedStackDivider (server)'
05-23 12:52:38.524 W/WindowManager( 2644): Failed to report 'resized' to the client of Window{93b4d2b u0 com.android.systemui.ImageWallpaper EXITING}, removing this window.
05-23 12:52:38.696 W/art     ( 2644): Long monitor contention with owner android.display (2685) at void com.android.server.wm.WindowAnimator$1.doFrame(long)(WindowAnimator.java:144) waiters=7 in void com.android.server.wm.WindowManagerService.prepareAppTransition(int, boolean) for 1.331s
05-23 12:52:38.699 W/art     ( 2644): Long monitor contention with owner android.display (2685) at void com.android.server.wm.WindowAnimator$1.doFrame(long)(WindowAnimator.java:144) waiters=7 in void com.android.server.wm.WindowState$DeathRecipient.binderDied() for 1.174s
05-23 12:52:38.700 I/WindowManager( 2644): WIN DEATH: Window{a265e79 u0 StatusBar}
05-23 12:52:38.700 W/InputDispatcher( 2644): Attempted to unregister already unregistered input channel 'a265e79 StatusBar (server)'
05-23 12:52:38.714 W/art     ( 2644): Long monitor contention with owner android.display (2685) at void com.android.server.wm.WindowAnimator$1.doFrame(long)(WindowAnimator.java:144) waiters=7 in void com.android.server.wm.WindowManagerService$9.binderDied() for 1.029s
05-23 12:52:38.721 W/art     ( 2644): Long monitor contention with owner ActivityManager (2674) at void com.android.server.am.ActivityStackSupervisor$ActivityStackSupervisorHandler.handleMessage(android.os.Message)(ActivityStackSupervisor.java:3910) waiters=2 in com.android.server.am.ProcessRecord com.android.server.am.ActivityManagerService.findAppProcess(android.os.IBinder, java.lang.String) for 4.142s
05-23 12:52:38.722 W/art     ( 2644): Long monitor contention with owner ActivityManager (2674) at void com.android.server.am.ActivityStackSupervisor$ActivityStackSupervisorHandler.handleMessage(android.os.Message)(ActivityStackSupervisor.java:3910) waiters=3 in void com.android.server.am.ActivityManagerService.dispatchUidsChanged() for 4.123s
05-23 12:52:38.725 W/art     ( 2644): Long monitor contention with owner ActivityManager (2674) at void com.android.server.am.ActivityStackSupervisor$ActivityStackSupervisorHandler.handleMessage(android.os.Message)(ActivityStackSupervisor.java:3910) waiters=4 in void com.android.server.am.ActivityManagerService.serviceDoneExecuting(android.os.IBinder, int, int, int) for 4.124s
05-23 12:52:38.735 W/art     ( 2644): Long monitor contention with owner ActivityManager (2674) at void com.android.server.am.ActivityStackSupervisor$ActivityStackSupervisorHandler.handleMessage(android.os.Message)(ActivityStackSupervisor.java:3910) waiters=8 in java.lang.String com.android.server.am.ActivityManagerService.checkContentProviderAccess(java.lang.String, int) for 3.740s
05-23 12:52:38.735 W/art     ( 2644): Long monitor contention with owner ActivityManager (2674) at void com.android.server.am.ActivityStackSupervisor$ActivityStackSupervisorHandler.handleMessage(android.os.Message)(ActivityStackSupervisor.java:3910) waiters=7 in void com.android.server.am.ActivityManagerService.monitor() for 3.744s
05-23 12:52:38.736 W/art     ( 2644): Long monitor contention with owner ActivityManager (2674) at void com.android.server.am.ActivityStackSupervisor$ActivityStackSupervisorHandler.handleMessage(android.os.Message)(ActivityStackSupervisor.java:3910) waiters=5 in void com.android.server.am.ActivityManagerService.attachApplication(android.app.IApplicationThread) for 3.989s
05-23 12:52:38.736 W/art     ( 2644): Long monitor contention with owner ActivityManager (2674) at void com.android.server.am.ActivityStackSupervisor$ActivityStackSupervisorHandler.handleMessage(android.os.Message)(ActivityStackSupervisor.java:3910) waiters=9 in java.lang.String com.android.server.am.ActivityManagerService.checkContentProviderAccess(java.lang.String, int) for 3.415s
05-23 12:52:38.737 W/art     ( 2644): Long monitor contention with owner ActivityManager (2674) at void com.android.server.am.ActivityStackSupervisor$ActivityStackSupervisorHandler.handleMessage(android.os.Message)(ActivityStackSupervisor.java:3910) waiters=10 in void com.android.server.am.ActivityManagerService$AppDeathRecipient.binderDied() for 3.131s
05-23 12:52:38.741 I/ActivityManager( 2644): Process com.android.systemui (pid 2862) has died
05-23 12:52:38.741 D/ActivityManager( 2644): cleanUpApplicationRecord -- 2862
05-23 12:52:38.782 W/ActivityManager( 2644): Scheduling restart of crashed service com.android.systemui/.ImageWallpaper in 0ms
05-23 12:52:38.783 W/ActivityManager( 2644): Scheduling restart of crashed service com.android.systemui/.keyguard.KeyguardService in 0ms
05-23 12:52:38.783 W/ActivityManager( 2644): Scheduling restart of crashed service com.android.systemui/.SystemUIService in 0ms
05-23 12:52:38.801 W/ActivityManager( 2644): Re-adding persistent process ProcessRecord{a9f9a11 2862:com.android.systemui/u0a21}
05-23 12:52:38.816 W/art     ( 2644): Long monitor contention with owner ActivityManager (2674) at void com.android.server.am.ActivityStackSupervisor$ActivityStackSupervisorHandler.handleMessage(android.os.Message)(ActivityStackSupervisor.java:3910) waiters=1 in boolean com.android.server.am.ActivityManagerService.isUserRunning(int, int) for 4.332s
05-23 12:52:38.881 W/art     ( 2644): Long monitor contention with owner ActivityManager (2674) at void com.android.server.am.ActivityStackSupervisor$ActivityStackSupervisorHandler.handleMessage(android.os.Message)(ActivityStackSupervisor.java:3910) waiters=1 in int com.android.server.am.ActivityManagerService.getAppStartMode(int, java.lang.String) for 4.308s
05-23 12:52:38.901 W/ActivityManager( 2644): Slow operation: 98ms so far, now at startProcess: returned from zygote!
05-23 12:52:38.901 W/ActivityManager( 2644): Slow operation: 98ms so far, now at startProcess: done updating battery stats
05-23 12:52:38.901 W/ActivityManager( 2644): Slow operation: 99ms so far, now at startProcess: building log message
05-23 12:52:38.901 I/ActivityManager( 2644): Start proc 3416:com.android.systemui/u0a21 for restart com.android.systemui
05-23 12:52:38.902 W/ActivityManager( 2644): Slow operation: 99ms so far, now at startProcess: starting to update pids map
05-23 12:52:38.902 W/ActivityManager( 2644): Slow operation: 99ms so far, now at startProcess: done updating pids map
05-23 12:52:38.922 W/art     ( 2644): Long monitor contention with owner ActivityManager (2674) at void com.android.server.am.ActivityStackSupervisor$ActivityStackSupervisorHandler.handleMessage(android.os.Message)(ActivityStackSupervisor.java:3910) waiters=11 in android.content.Intent com.android.server.am.ActivityManagerService.registerReceiver(android.app.IApplicationThread, java.lang.String, android.content.IIntentReceiver, android.content.IntentFilter, java.lang.String, int) for 2.028s
05-23 12:52:38.923 W/art     ( 2644): Long monitor contention with owner ActivityManager (2674) at void com.android.server.am.ActivityStackSupervisor$ActivityStackSupervisorHandler.handleMessage(android.os.Message)(ActivityStackSupervisor.java:3910) waiters=12 in java.lang.String com.android.server.am.ActivityManagerService.checkContentProviderAccess(java.lang.String, int) for 2.020s
05-23 12:52:38.963 E/IPCThreadState( 1321): binder thread pool (4 threads) starved for 189 ms
05-23 12:52:38.974 W/art     ( 2644): Long monitor contention with owner Binder:2644_8 (3273) at void com.android.server.wm.WindowState$DeathRecipient.binderDied()(WindowState.java:1806) waiters=7 in void com.android.server.wm.WindowAnimator$1.doFrame(long) for 1.114s
05-23 12:52:39.008 W/art     ( 3416): Unexpected CPU variant for X86 using defaults: x86_64
05-23 12:52:39.013 W/art     ( 2644): Long monitor contention with owner ActivityManager (2674) at void com.android.server.am.ActivityStackSupervisor$ActivityStackSupervisorHandler.handleMessage(android.os.Message)(ActivityStackSupervisor.java:3910) waiters=6 in int com.android.server.am.ActivityManagerService.bindService(android.app.IApplicationThread, android.os.IBinder, android.content.Intent, java.lang.String, android.app.IServiceConnection, int, java.lang.String, int) for 4.157s
05-23 12:52:39.052 W/libprocessgroup( 2644): failed to open /acct/uid_10021/pid_2862/cgroup.procs: No such file or directory
05-23 12:52:39.222 W/art     ( 2644): Long monitor contention with owner android.display (2685) at void com.android.server.wm.WindowAnimator$1.doFrame(long)(WindowAnimator.java:144) waiters=0 in void com.android.server.wm.WindowManagerService$9.binderDied() for 223ms
05-23 12:52:39.384 W/art     ( 2644): Long monitor contention with owner android.display (2685) at void com.android.server.wm.WindowAnimator$1.doFrame(long)(WindowAnimator.java:144) waiters=1 in void com.android.server.wm.WindowManagerService.monitor() for 383ms
05-23 12:52:39.524 W/art     ( 2644): Long monitor contention with owner android.display (2685) at void com.android.server.wm.WindowAnimator$1.doFrame(long)(WindowAnimator.java:144) waiters=2 in void com.android.server.wm.WindowManagerService.startAppFreezingScreen(android.os.IBinder, int) for 510ms
05-23 12:52:39.825 W/art     ( 2644): Long monitor contention with owner android.display (2685) at void com.android.server.wm.WindowAnimator$1.doFrame(long)(WindowAnimator.java:144) waiters=2 in void com.android.server.wm.WindowManagerService$9.binderDied() for 603ms
05-23 12:52:39.832 W/art     ( 2644): Long monitor contention with owner android.display (2685) at void com.android.server.wm.WindowAnimator$1.doFrame(long)(WindowAnimator.java:144) waiters=2 in void com.android.server.wm.WindowManagerService.monitor() for 447ms
05-23 12:52:39.833 W/art     ( 2644): Long monitor contention with owner android.display (2685) at void com.android.server.wm.WindowManagerService$H.handleMessage(android.os.Message)(WindowManagerService.java:8368) waiters=2 in void com.android.server.wm.WindowManagerService.startAppFreezingScreen(android.os.IBinder, int) for 308ms
05-23 12:52:39.866 E/NetdConnector( 2644): NDC event {614 Address updated fec0::8401:37ff:fe13:8974/64 radio0 0 200} processed too late: 4109ms
05-23 12:52:39.868 E/NetdConnector( 2644): NDC event {614 Address updated fec0::497a:7112:2c3d:eed2/64 radio0 1 200} processed too late: 4055ms
05-23 12:52:40.158 W/art     ( 2644): Long monitor contention with owner android.display (2685) at void com.android.server.wm.WindowAnimator$1.doFrame(long)(WindowAnimator.java:144) waiters=0 in void com.android.server.wm.WindowManagerService.executeAppTransition() for 112ms
05-23 12:52:40.423 W/art     ( 2644): Long monitor contention with owner android.display (2685) at void com.android.server.wm.WindowAnimator$1.doFrame(long)(WindowAnimator.java:144) waiters=0 in void com.android.server.wm.WindowManagerService.executeAppTransition() for 130ms
05-23 12:52:40.730 W/art     ( 2644): Long monitor contention with owner Binder:2644_D (3412) at void com.android.server.am.ActivityManagerService$AppDeathRecipient.binderDied()(ActivityManagerService.java:1475) waiters=7 in void com.android.server.am.ActivityManagerService.dispatchUidsChanged() for 1.987s
05-23 12:52:40.745 V/KeyguardServiceDelegate( 2644): *** Keyguard disconnected (boo!)
05-23 12:52:40.793 W/art     ( 2644): Long monitor contention with owner Binder:2644_D (3412) at void com.android.server.am.ActivityManagerService$AppDeathRecipient.binderDied()(ActivityManagerService.java:1475) waiters=9 in void com.android.server.am.ActivityManagerService$MainHandler.handleMessage(android.os.Message) for 2.041s
05-23 12:52:40.804 W/art     ( 2644): Long monitor contention with owner Binder:2644_D (3412) at void com.android.server.am.ActivityManagerService$AppDeathRecipient.binderDied()(ActivityManagerService.java:1475) waiters=10 in int com.android.server.am.ActivityManagerService.broadcastIntent(android.app.IApplicationThread, android.content.Intent, java.lang.String, android.content.IIntentReceiver, int, java.lang.String, android.os.Bundle, java.lang.String[], int, android.os.Bundle, boolean, boolean, int) for 1.931s
05-23 12:52:40.807 W/WallpaperManagerService( 2644): Wallpaper service gone: ComponentInfo{com.android.systemui/com.android.systemui.ImageWallpaper}
05-23 12:52:40.811 W/art     ( 2644): Long monitor contention with owner Binder:2644_D (3412) at void com.android.server.am.ActivityManagerService$AppDeathRecipient.binderDied()(ActivityManagerService.java:1475) waiters=8 in void com.android.server.am.ActivityManagerService.appendDropBoxProcessHeaders(com.android.server.am.ProcessRecord, java.lang.String, java.lang.StringBuilder) for 2.053s
05-23 12:52:40.813 W/art     ( 2644): Long monitor contention with owner Binder:2644_1 (2663) at void com.android.server.am.ActivityManagerService.appendDropBoxProcessHeaders(com.android.server.am.ProcessRecord, java.lang.String, java.lang.StringBuilder)(ActivityManagerService.java:13756) waiters=0 in void com.android.server.am.ActivityManagerService$20.run() for 1.744s
05-23 12:52:40.831 W/art     ( 2644): Long monitor contention with owner Binder:2644_D (3412) at void com.android.server.am.ActivityManagerService$AppDeathRecipient.binderDied()(ActivityManagerService.java:1475) waiters=9 in boolean com.android.server.am.ActivityManagerService.isUserRunning(int, int) for 2.014s
05-23 12:52:40.841 W/art     ( 2644): Long monitor contention with owner Binder:2644_3 (2778) at void com.android.server.am.ActivityManagerService.attachApplication(android.app.IApplicationThread)(ActivityManagerService.java:6669) waiters=7 in android.content.Intent com.android.server.am.ActivityManagerService.registerReceiver(android.app.IApplicationThread, java.lang.String, android.content.IIntentReceiver, android.content.IntentFilter, java.lang.String, int) for 1.839s
05-23 12:52:40.851 W/art     ( 2644): Long monitor contention with owner Binder:2644_3 (2778) at void com.android.server.am.ActivityManagerService.attachApplication(android.app.IApplicationThread)(ActivityManagerService.java:6669) waiters=8 in android.content.IIntentSender com.android.server.am.ActivityManagerService.getIntentSender(int, java.lang.String, android.os.IBinder, java.lang.String, int, android.content.Intent[], java.lang.String[], int, android.os.Bundle, int) for 1.754s
05-23 12:52:40.890 W/System  ( 3385): ClassLoader referenced unknown path: /system/app/Launcher3/lib/x86_64
05-23 12:52:40.937 W/art     ( 2644): Long monitor contention with owner android.bg (2672) at boolean com.android.server.am.ActivityManagerService.isUserRunning(int, int)(ActivityManagerService.java:21741) waiters=5 in void com.android.server.am.ActivityManagerService$MainHandler.handleMessage(android.os.Message) for 105ms
05-23 12:52:40.938 W/BroadcastQueue( 2644): Timeout of broadcast BroadcastRecord{5f27ec9 u-1 android.intent.action.TIME_TICK} - receiver=null, started 12458ms ago
05-23 12:52:40.939 W/BroadcastQueue( 2644): Receiver during timeout: BroadcastFilter{df3c5c6 u0 ReceiverList{4476fa1 2862 com.android.systemui/10021/u0 remote:9787c08}}
05-23 12:52:40.939 W/BroadcastQueue( 2644): finishReceiver [foreground] called but state is IDLE
05-23 12:52:40.949 W/art     ( 2644): Long monitor contention with owner Binder:2644_3 (2778) at void com.android.server.am.ActivityManagerService.attachApplication(android.app.IApplicationThread)(ActivityManagerService.java:6669) waiters=9 in void com.android.server.am.ActivityManagerService.attachApplication(android.app.IApplicationThread) for 1.584s
05-23 12:52:40.973 W/art     ( 2644): Long monitor contention with owner android.bg (2672) at boolean com.android.server.am.ActivityManagerService.isUserRunning(int, int)(ActivityManagerService.java:21741) waiters=6 in int com.android.server.am.ActivityManagerService.broadcastIntent(android.app.IApplicationThread, android.content.Intent, java.lang.String, android.content.IIntentReceiver, int, java.lang.String, android.os.Bundle, java.lang.String[], int, android.os.Bundle, boolean, boolean, int) for 133ms
05-23 12:52:40.974 W/art     ( 2644): Long monitor contention with owner Binder:2644_D (3412) at void com.android.server.am.ActivityManagerService$AppDeathRecipient.binderDied()(ActivityManagerService.java:1475) waiters=10 in int com.android.server.am.ActivityManagerService.getAppStartMode(int, java.lang.String) for 2.092s
05-23 12:52:40.975 W/art     ( 2644): Long monitor contention with owner Binder:2644_3 (2778) at void com.android.server.am.ActivityManagerService.attachApplication(android.app.IApplicationThread)(ActivityManagerService.java:6669) waiters=7 in int com.android.server.am.ActivityManagerService.bindService(android.app.IApplicationThread, android.os.IBinder, android.content.Intent, java.lang.String, android.app.IServiceConnection, int, java.lang.String, int) for 1.961s
05-23 12:52:40.977 W/art     ( 2644): Long monitor contention with owner Binder:2644_F (3414) at android.content.Intent com.android.server.am.ActivityManagerService.registerReceiver(android.app.IApplicationThread, java.lang.String, android.content.IIntentReceiver, android.content.IntentFilter, java.lang.String, int)(ActivityManagerService.java:17625) waiters=5 in android.content.IIntentSender com.android.server.am.ActivityManagerService.getIntentSender(int, java.lang.String, android.os.IBinder, java.lang.String, int, android.content.Intent[], java.lang.String[], int, android.os.Bundle, int) for 126ms
05-23 12:52:41.110 W/ActivityManager( 2644): Launch timeout has expired, giving up wake lock!
05-23 12:52:41.238 W/art     ( 2644): Long monitor contention with owner ActivityManager (2674) at void com.android.server.am.ActiveServices$ServiceRestarter.run()(ActiveServices.java:1259) waiters=4 in int com.android.server.am.ActivityManagerService.bindService(android.app.IApplicationThread, android.os.IBinder, android.content.Intent, java.lang.String, android.app.IServiceConnection, int, java.lang.String, int) for 262ms
05-23 12:52:41.379 W/art     ( 3431): Unexpected CPU variant for X86 using defaults: x86_64
05-23 12:52:41.393 W/ActivityManager( 2644): Slow operation: 149ms so far, now at startProcess: returned from zygote!
05-23 12:52:41.393 W/ActivityManager( 2644): Slow operation: 150ms so far, now at startProcess: done updating battery stats
05-23 12:52:41.394 W/ActivityManager( 2644): Slow operation: 150ms so far, now at startProcess: building log message
05-23 12:52:41.394 I/ActivityManager( 2644): Start proc 3431:com.android.keychain/1000 for service com.android.keychain/.KeyChainService
05-23 12:52:41.394 W/ActivityManager( 2644): Slow operation: 150ms so far, now at startProcess: starting to update pids map
05-23 12:52:41.394 W/ActivityManager( 2644): Slow operation: 151ms so far, now at startProcess: done updating pids map
05-23 12:52:41.394 W/ActivityManager( 2644): Slow operation: 151ms so far, now at startProcess: done starting proc!
05-23 12:52:41.451 W/System  ( 3416): ClassLoader referenced unknown path: /system/priv-app/SystemUI/lib/x86_64
05-23 12:52:41.510 D/LauncherProvider( 3385): Launcher process started
05-23 12:52:41.558 W/System  ( 3431): ClassLoader referenced unknown path: /system/app/KeyChain/lib/x86_64
05-23 12:52:41.771 I/Choreographer( 2644): Skipped 32 frames!  The application may be doing too much work on its main thread.
05-23 12:52:41.773 W/art     ( 2644): Long monitor contention with owner android.display (2685) at void com.android.server.wm.WindowAnimator$1.doFrame(long)(WindowAnimator.java:144) waiters=0 in int com.android.server.wm.WindowManagerService.relayoutWindow(com.android.server.wm.Session, android.view.IWindow, int, android.view.WindowManager$LayoutParams, int, int, int, int, android.graphics.Rect, android.graphics.Rect, android.graphics.Rect, android.graphics.Rect, android.graphics.Rect, android.graphics.Rect, android.graphics.Rect, android.content.res.Configuration, android.view.Surface) for 562ms
05-23 12:52:41.780 D/WIFI    ( 2644): Registering NetworkFactory
05-23 12:52:41.796 D/ConnectivityService( 2644): Got NetworkFactory Messenger for WIFI
05-23 12:52:41.797 D/WIFI_UT ( 2644): Registering NetworkFactory
05-23 12:52:41.799 D/WIFI    ( 2644): got request NetworkRequest [ REQUEST id=1, [ Capabilities: INTERNET&NOT_RESTRICTED&TRUSTED&NOT_VPN] ] with score 0
05-23 12:52:41.809 D/ConnectivityService( 2644): Got NetworkFactory Messenger for WIFI_UT
05-23 12:52:41.859 V/Launcher( 3385): LauncherAppState inited
05-23 12:52:41.933 D/WIFI_UT ( 2644): got request NetworkRequest [ REQUEST id=1, [ Capabilities: INTERNET&NOT_RESTRICTED&TRUSTED&NOT_VPN] ] with score 0
05-23 12:52:41.976 V/AlarmClock( 3281): AlarmInitReceiver finished
05-23 12:52:42.515 W/art     ( 2644): Long monitor contention with owner android.ui (2675) at int com.android.server.wm.WindowManagerService.relayoutWindow(com.android.server.wm.Session, android.view.IWindow, int, android.view.WindowManager$LayoutParams, int, int, int, int, android.graphics.Rect, android.graphics.Rect, android.graphics.Rect, android.graphics.Rect, android.graphics.Rect, android.graphics.Rect, android.graphics.Rect, android.content.res.Configuration, android.view.Surface)(WindowManagerService.java:2857) waiters=0 in void com.android.server.wm.WindowAnimator$1.doFrame(long) for 729ms
05-23 12:52:42.694 V/SystemUIService( 3416): Starting SystemUI services for user 0.
05-23 12:52:43.051 W/art     ( 2644): Long monitor contention with owner ActivityManager (2674) at void com.android.server.am.ActiveServices$ServiceRestarter.run()(ActiveServices.java:1259) waiters=4 in int com.android.server.am.ActivityManagerService.getAppStartMode(int, java.lang.String) for 255ms
05-23 12:52:43.125 W/art     ( 2644): Long monitor contention with owner android.display (2685) at void com.android.server.wm.WindowAnimator$1.doFrame(long)(WindowAnimator.java:144) waiters=0 in void com.android.server.wm.WindowManagerService.finishDrawingWindow(com.android.server.wm.Session, android.view.IWindow) for 265ms
05-23 12:52:43.421 W/art     ( 2644): Long monitor contention with owner android.display (2685) at void com.android.server.wm.WindowAnimator$1.doFrame(long)(WindowAnimator.java:144) waiters=1 in float com.android.server.wm.WindowManagerService.getCurrentAnimatorScale() for 442ms
05-23 12:52:43.561 I/AlarmClock( 3281): AlarmInitReceiver android.intent.action.LOCKED_BOOT_COMPLETED
05-23 12:52:43.733 W/art     ( 2644): Long monitor contention with owner android.display (2685) at void com.android.server.wm.WindowAnimator$1.doFrame(long)(WindowAnimator.java:144) waiters=1 in void com.android.server.wm.WindowManagerService.finishDrawingWindow(com.android.server.wm.Session, android.view.IWindow) for 607ms
05-23 12:52:43.770 W/art     ( 3450): Unexpected CPU variant for X86 using defaults: x86_64
05-23 12:52:43.771 W/ActivityManager( 2644): Slow operation: 203ms so far, now at startProcess: returned from zygote!
05-23 12:52:43.771 W/ActivityManager( 2644): Slow operation: 204ms so far, now at startProcess: done updating battery stats
05-23 12:52:43.771 W/ActivityManager( 2644): Slow operation: 204ms so far, now at startProcess: building log message
05-23 12:52:43.772 I/ActivityManager( 2644): Start proc 3450:com.android.printspooler/u0a51 for service com.android.printspooler/.model.PrintSpoolerService
05-23 12:52:43.772 W/ActivityManager( 2644): Slow operation: 204ms so far, now at startProcess: starting to update pids map
05-23 12:52:43.772 W/ActivityManager( 2644): Slow operation: 204ms so far, now at startProcess: done updating pids map
05-23 12:52:43.772 W/ActivityManager( 2644): Slow operation: 204ms so far, now at startProcess: done starting proc!
05-23 12:52:43.977 W/art     ( 2644): Long monitor contention with owner android.display (2685) at void com.android.server.wm.WindowAnimator$1.doFrame(long)(WindowAnimator.java:144) waiters=1 in float com.android.server.wm.WindowManagerService.getCurrentAnimatorScale() for 555ms
05-23 12:52:44.743 I/Choreographer( 2644): Skipped 59 frames!  The application may be doing too much work on its main thread.
05-23 12:52:44.746 W/art     ( 2644): Long monitor contention with owner android.display (2685) at void com.android.server.wm.WindowAnimator$1.doFrame(long)(WindowAnimator.java:144) waiters=1 in void com.android.server.wm.WindowManagerService.finishDrawingWindow(com.android.server.wm.Session, android.view.IWindow) for 1.012s
05-23 12:52:44.782 W/art     ( 2644): Long monitor contention with owner android.display (2685) at void com.android.server.wm.WindowManagerService$H.handleMessage(android.os.Message)(WindowManagerService.java:8549) waiters=1 in float com.android.server.wm.WindowManagerService.getCurrentAnimatorScale() for 804ms
05-23 12:52:45.187 V/MediaRouter( 3416): Adding route: RouteInfo{ name=Phone, description=null, status=null, category=RouteCategory{ name=null types=ROUTE_TYPE_LIVE_AUDIO ROUTE_TYPE_LIVE_VIDEO  groupable=false }, supportedTypes=ROUTE_TYPE_LIVE_AUDIO ROUTE_TYPE_LIVE_VIDEO , presentationDisplay=null }
05-23 12:52:45.303 W/art     ( 2644): Long monitor contention with owner Binder:2644_E (3413) at int com.android.server.wm.WindowManagerService.relayoutWindow(com.android.server.wm.Session, android.view.IWindow, int, android.view.WindowManager$LayoutParams, int, int, int, int, android.graphics.Rect, android.graphics.Rect, android.graphics.Rect, android.graphics.Rect, android.graphics.Rect, android.graphics.Rect, android.graphics.Rect, android.content.res.Configuration, android.view.Surface)(WindowManagerService.java:2857) waiters=0 in boolean com.android.server.wm.WindowManagerService.inputMethodClientHasFocus(com.android.internal.view.IInputMethodClient) for 511ms
05-23 12:52:45.305 W/InputMethodManagerService( 2644): Window already focused, ignoring focus gain of: android.view.inputmethod.InputMethodManager$1@a8ee8 attribute=null, token = android.view.ViewRootImpl$W@47e43d
05-23 12:52:45.307 W/art     ( 2644): Long monitor contention with owner Binder:2644_E (3413) at int com.android.server.wm.WindowManagerService.relayoutWindow(com.android.server.wm.Session, android.view.IWindow, int, android.view.WindowManager$LayoutParams, int, int, int, int, android.graphics.Rect, android.graphics.Rect, android.graphics.Rect, android.graphics.Rect, android.graphics.Rect, android.graphics.Rect, android.graphics.Rect, android.content.res.Configuration, android.view.Surface)(WindowManagerService.java:2857) waiters=1 in void com.android.server.wm.WindowManagerService$H.handleMessage(android.os.Message) for 513ms
05-23 12:52:45.381 I/Choreographer( 3110): Skipped 49 frames!  The application may be doing too much work on its main thread.
05-23 12:52:45.632 W/art     ( 2644): Long monitor contention with owner Binder:2644_E (3413) at int com.android.server.wm.WindowManagerService.relayoutWindow(com.android.server.wm.Session, android.view.IWindow, int, android.view.WindowManager$LayoutParams, int, int, int, int, android.graphics.Rect, android.graphics.Rect, android.graphics.Rect, android.graphics.Rect, android.graphics.Rect, android.graphics.Rect, android.graphics.Rect, android.content.res.Configuration, android.view.Surface)(WindowManagerService.java:2857) waiters=2 in void com.android.server.wm.WindowManagerService.setAppOrientation(android.view.IApplicationToken, int) for 586ms
05-23 12:52:45.634 W/art     ( 2644): Long monitor contention with owner Binder:2644_5 (2994) at void com.android.server.am.ActivityManagerService.setRequestedOrientation(android.os.IBinder, int)(ActivityManagerService.java:4785) waiters=0 in com.android.server.am.ProcessRecord com.android.server.am.ActivityManagerService.findAppProcess(android.os.IBinder, java.lang.String) for 476ms
05-23 12:52:45.637 I/Choreographer( 2644): Skipped 52 frames!  The application may be doing too much work on its main thread.
05-23 12:52:45.644 W/art     ( 2644): Long monitor contention with owner Binder:2644_5 (2994) at void com.android.server.am.ActivityManagerService.setRequestedOrientation(android.os.IBinder, int)(ActivityManagerService.java:4785) waiters=1 in android.content.Intent com.android.server.am.ActivityManagerService.registerReceiver(android.app.IApplicationThread, java.lang.String, android.content.IIntentReceiver, android.content.IntentFilter, java.lang.String, int) for 448ms
05-23 12:52:45.647 W/art     ( 2644): Long monitor contention with owner Binder:2644_5 (2994) at void com.android.server.am.ActivityManagerService.setRequestedOrientation(android.os.IBinder, int)(ActivityManagerService.java:4785) waiters=2 in void com.android.server.am.ActivityStack$ActivityStackHandler.handleMessage(android.os.Message) for 365ms
05-23 12:52:45.648 W/art     ( 2644): Long monitor contention with owner Binder:2644_5 (2994) at void com.android.server.am.ActivityManagerService.setRequestedOrientation(android.os.IBinder, int)(ActivityManagerService.java:4785) waiters=3 in void com.android.server.am.ActivityManagerService.dispatchProcessesChanged() for 342ms
05-23 12:52:45.689 V/GridSizeMigrationTask( 3385): Workspace migration completed in 424
05-23 12:52:45.704 D/Launcher.Model( 3385): loadWorkspace: loading default favorites
05-23 12:52:45.882 V/MediaRouter( 3416): Updating audio routes: AudioRoutesInfo{ type=SPEAKER }
05-23 12:52:45.909 V/MediaRouter( 3416): Selecting route: RouteInfo{ name=Phone, description=null, status=null, category=RouteCategory{ name=null types=ROUTE_TYPE_LIVE_AUDIO ROUTE_TYPE_LIVE_VIDEO  groupable=false }, supportedTypes=ROUTE_TYPE_LIVE_AUDIO ROUTE_TYPE_LIVE_VIDEO , presentationDisplay=null }
05-23 12:52:45.993 I/BackupManagerService( 2644): Found stale backup journal, scheduling
05-23 12:52:46.118 D/TrustManagerService( 2644): Removing dead TrustListener.
05-23 12:52:46.313 I/Choreographer( 3385): Skipped 86 frames!  The application may be doing too much work on its main thread.
05-23 12:52:46.588 D/AlarmClock/Events( 3281): [Stopwatch] [Reset] [Reboot]
05-23 12:52:46.860 D/gralloc_ranchu( 3385): Emulator without host-side GPU emulation detected. Loading gralloc.default.so from /vendor/lib64/hw/gralloc.goldfish.default.so...
05-23 12:52:46.879 D/gralloc_ranchu( 3385): gralloc.default.so not found in /vendor. Trying /system/lib64/hw/gralloc.goldfish.default.so...
05-23 12:52:47.198 E/WVMExtractor( 3416): Failed to open libwvm.so: dlopen failed: library "libwvm.so" not found
05-23 12:52:47.518 I/MediaPlayerService( 1335): MediaPlayerService::getOMX
05-23 12:52:47.554 I/OMXClient( 3416): MuxOMX ctor
05-23 12:52:47.578 I/OMXMaster( 1331): makeComponentInstance(OMX.google.vorbis.decoder) in mediacodec process
05-23 12:52:47.672 I/ActivityManager( 2644): Displayed com.android.launcher3/.Launcher: +13s992ms
05-23 12:52:47.701 I/Choreographer( 3385): Skipped 33 frames!  The application may be doing too much work on its main thread.
05-23 12:52:48.060 W/ActivityManager( 2644): Slow operation: 66ms so far, now at startProcess: returned from zygote!
05-23 12:52:48.122 W/ActivityManager( 2644): Slow operation: 128ms so far, now at startProcess: done updating battery stats
05-23 12:52:48.122 W/ActivityManager( 2644): Slow operation: 129ms so far, now at startProcess: building log message
05-23 12:52:48.122 I/ActivityManager( 2644): Start proc 3472:android.process.media/u0a10 for broadcast com.android.providers.downloads/.DownloadReceiver
05-23 12:52:48.122 W/ActivityManager( 2644): Slow operation: 129ms so far, now at startProcess: starting to update pids map
05-23 12:52:48.123 W/ActivityManager( 2644): Slow operation: 129ms so far, now at startProcess: done updating pids map
05-23 12:52:48.123 W/ActivityManager( 2644): Slow operation: 129ms so far, now at startProcess: done starting proc!
05-23 12:52:48.123 W/art     ( 2644): Long monitor contention with owner Binder:2644_2 (2664) at void com.android.server.am.BroadcastQueue.processNextBroadcast(boolean)(BroadcastQueue.java:760) waiters=0 in void com.android.server.am.ActivityManagerService.dispatchUidsChanged() for 130ms
05-23 12:52:48.355 W/art     ( 3472): Unexpected CPU variant for X86 using defaults: x86_64
05-23 12:52:49.415 V/AlarmClock( 3281): AlarmInitReceiver finished
05-23 12:52:49.557 I/MediaPlayerService( 1335): MediaPlayerService::getOMX
05-23 12:52:49.559 I/OMXClient( 3416): MuxOMX ctor
05-23 12:52:49.713 I/OMXMaster( 1331): makeComponentInstance(OMX.google.vorbis.decoder) in mediacodec process
05-23 12:52:50.025 E/NetdConnector( 2644): NDC Command {19 bandwidth addniceapps 10010} took too long (1900ms)
05-23 12:52:50.269 I/vol.Events( 3416): writeEvent collection_started
05-23 12:52:50.364 I/vol.Events( 3416): writeEvent external_ringer_mode_changed normal
05-23 12:52:50.365 I/vol.Events( 3416): writeEvent internal_ringer_mode_changed normal
05-23 12:52:50.531 W/art     ( 2644): Long monitor contention with owner android.bg (2672) at void android.util.SparseArray.put(int, java.lang.Object)(SparseArray.java:224) waiters=0 in void com.android.server.print.UserState.handleDispatchPrintServicesChanged() for 2.830s
05-23 12:52:50.805 W/System  ( 3472): ClassLoader referenced unknown path: /system/priv-app/DownloadProvider/lib/x86_64
