05-23 12:52:03.336 V/EmulatedCamera_CallbackNotifier( 1327):     CAMERA_MSG_COMPRESSED_IMAGE
05-23 12:52:03.336 V/EmulatedCamera_CallbackNotifier( 1327):     CAMERA_MSG_RAW_IMAGE_NOTIFY
05-23 12:52:03.336 V/EmulatedCamera_CallbackNotifier( 1327):     CAMERA_MSG_PREVIEW_METADATA
05-23 12:52:03.336 V/EmulatedCamera_CallbackNotifier( 1327): **** Currently enabled messages:
05-23 12:52:03.336 V/EmulatedCamera_Preview( 1327): setPreviewWindow: current: 0x0 -> new: 0x0
05-23 12:52:03.336 V/EmulatedCamera_Camera( 1327): doStopPreview
05-23 12:52:03.343 V/EmulatedCamera_Camera( 1327): cancelPicture
05-23 12:52:03.343 V/EmulatedCamera_Camera( 1327): releaseCamera
05-23 12:52:03.343 V/EmulatedCamera_Camera( 1327): doStopPreview
05-23 12:52:03.343 V/EmulatedCamera_FakeDevice( 1327): disconnectDevice
05-23 12:52:03.344 W/EmulatedCamera_Device( 1327): Initialize: Emulated camera device is already initialized: mState = 1
05-23 12:52:03.344 D/EmulatedCamera_FakeCamera( 1327): Initialize: Fake camera is facing back
05-23 12:52:03.345 V/EmulatedCamera_Device( 1327): initializeWhiteBalanceModes with auto, 1.000000, 1.000000
05-23 12:52:03.346 V/EmulatedCamera_Device( 1327): initializeWhiteBalanceModes with incandescent, 1.380000, 0.600000
05-23 12:52:03.346 V/EmulatedCamera_Device( 1327): initializeWhiteBalanceModes with daylight, 1.090000, 0.920000
05-23 12:52:03.346 V/EmulatedCamera_Device( 1327): initializeWhiteBalanceModes with twilight, 0.920000, 1.220000
05-23 12:52:03.346 V/EmulatedCamera_Device( 1327): setWhiteBalanceMode with white balance auto
05-23 12:52:03.347 I/CameraFlashlight( 1327): Destroying camera 0
05-23 12:52:03.347 V/EmulatedCamera_Camera( 1327): closeCamera
05-23 12:52:03.347 V/EmulatedCamera_Camera( 1327): doStopPreview
05-23 12:52:03.347 W/EmulatedCamera_Device( 1327): Initialize: Emulated camera device is already initialized: mState = 1
05-23 12:52:03.347 D/EmulatedCamera_FakeCamera( 1327): Initialize: Fake camera is facing back
05-23 12:52:03.347 V/EmulatedCamera_Device( 1327): initializeWhiteBalanceModes with auto, 1.000000, 1.000000
05-23 12:52:03.347 V/EmulatedCamera_Device( 1327): initializeWhiteBalanceModes with incandescent, 1.380000, 0.600000
05-23 12:52:03.347 V/EmulatedCamera_Device( 1327): initializeWhiteBalanceModes with daylight, 1.090000, 0.920000
05-23 12:52:03.348 V/EmulatedCamera_Device( 1327): initializeWhiteBalanceModes with twilight, 0.920000, 1.220000
05-23 12:52:03.348 V/EmulatedCamera_Device( 1327): setWhiteBalanceMode with white balance auto
05-23 12:52:03.418 V/KeyguardServiceDelegate( 2644): *** Keyguard started
05-23 12:52:03.442 I/CameraService( 1327): disconnect: Disconnected client for camera 0 for PID 1327
05-23 12:52:03.443 D/NuPlayerDriver( 1335): reset(0xeec93120) at state 4
05-23 12:52:03.443 D/NuPlayerDriver( 1335): notifyListener_l(0xeec93120), (8, 0, 0), loop setting(0, 0)
05-23 12:52:03.457 W/art     ( 3211): Unexpected CPU variant for X86 using defaults: x86_64
05-23 12:52:03.512 D/NuPlayerDriver( 1335): notifyResetComplete(0xeec93120)
05-23 12:52:03.579 D/NuPlayerDriver( 1335): reset(0xf04a8cc0) at state 4
05-23 12:52:03.579 D/NuPlayerDriver( 1335): notifyListener_l(0xf04a8cc0), (8, 0, 0), loop setting(0, 0)
05-23 12:52:03.580 D/NuPlayerDriver( 1335): notifyResetComplete(0xf04a8cc0)
05-23 12:52:03.639 W/KeyguardServiceDelegate( 2644): onScreenTurningOn(): no keyguard service!
05-23 12:52:03.823 D/NuPlayerDriver( 1335): reset(0xf04a8d20) at state 4
05-23 12:52:03.823 D/NuPlayerDriver( 1335): notifyListener_l(0xf04a8d20), (8, 0, 0), loop setting(0, 0)
05-23 12:52:03.835 D/NuPlayerDriver( 1335): notifyResetComplete(0xf04a8d20)
05-23 12:52:03.889 V/EmulatedCamera_Camera( 1327): getCameraInfo
05-23 12:52:03.889 V/EmulatedCamera_BaseCamera( 1327): getCameraInfo
05-23 12:52:03.952 V/EmulatedCamera_Camera( 1327): getCameraInfo
05-23 12:52:03.952 V/EmulatedCamera_BaseCamera( 1327): getCameraInfo
05-23 12:52:04.108 I/Choreographer( 2644): Skipped 30 frames!  The application may be doing too much work on its main thread.
05-23 12:52:04.350 D/AccessibilityManagerService( 2644): Ignoring non-encryption-aware service ComponentInfo{com.example.android.apis/com.example.android.apis.accessibility.ClockBackService}
05-23 12:52:04.351 D/AccessibilityManagerService( 2644): Ignoring non-encryption-aware service ComponentInfo{com.example.android.apis/com.example.android.apis.accessibility.MagnificationService}
05-23 12:52:04.351 D/AccessibilityManagerService( 2644): Ignoring non-encryption-aware service ComponentInfo{com.example.android.apis/com.example.android.apis.accessibility.TaskBackService}
05-23 12:52:04.962 W/VibratorService( 2644): Tried to stop vibrating but there is no vibrator device.
05-23 12:52:05.182 I/StatusBar( 2862): isKeyguardShowing() called before startKeyguard(), returning true
05-23 12:52:05.185 W/StatusBar( 2862): isKeyguardSecure() called before startKeyguard(), returning false
05-23 12:52:05.185 W/StatusBar( 2862): java.lang.Throwable
05-23 12:52:05.185 W/StatusBar( 2862): 	at com.android.systemui.statusbar.BaseStatusBar.isKeyguardSecure(BaseStatusBar.java:2647)
05-23 12:52:05.185 W/StatusBar( 2862): 	at com.android.systemui.statusbar.BaseStatusBar.isCameraAllowedByAdmin(BaseStatusBar.java:2670)
05-23 12:52:05.185 W/StatusBar( 2862): 	at com.android.systemui.statusbar.phone.KeyguardBottomAreaView.updateCameraVisibility(KeyguardBottomAreaView.java:309)
05-23 12:52:05.185 W/StatusBar( 2862): 	at com.android.systemui.statusbar.phone.KeyguardBottomAreaView.setPhoneStatusBar(KeyguardBottomAreaView.java:272)
05-23 12:52:05.185 W/StatusBar( 2862): 	at com.android.systemui.statusbar.phone.PhoneStatusBar.makeStatusBarView(PhoneStatusBar.java:904)
05-23 12:52:05.185 W/StatusBar( 2862): 	at com.android.systemui.statusbar.phone.PhoneStatusBar.addStatusBarWindow(PhoneStatusBar.java:3432)
05-23 12:52:05.185 W/StatusBar( 2862): 	at com.android.systemui.statusbar.phone.PhoneStatusBar.createAndAddWindows(PhoneStatusBar.java:3428)
05-23 12:52:05.185 W/StatusBar( 2862): 	at com.android.systemui.statusbar.BaseStatusBar.start(BaseStatusBar.java:765)
05-23 12:52:05.185 W/StatusBar( 2862): 	at com.android.systemui.statusbar.phone.PhoneStatusBar.start(PhoneStatusBar.java:686)
05-23 12:52:05.185 W/StatusBar( 2862): 	at com.android.systemui.statusbar.SystemBars.createStatusBarFromConfig(SystemBars.java:106)
05-23 12:52:05.185 W/StatusBar( 2862): 	at com.android.systemui.statusbar.SystemBars.onNoService(SystemBars.java:58)
05-23 12:52:05.185 W/StatusBar( 2862): 	at com.android.systemui.statusbar.ServiceMonitor.startService(ServiceMonitor.java:230)
05-23 12:52:05.185 W/StatusBar( 2862): 	at com.android.systemui.statusbar.ServiceMonitor.-wrap5(ServiceMonitor.java)
05-23 12:52:05.185 W/StatusBar( 2862): 	at com.android.systemui.statusbar.ServiceMonitor$1.handleMessage(ServiceMonitor.java:73)
05-23 12:52:05.185 W/StatusBar( 2862): 	at android.os.Handler.dispatchMessage(Handler.java:102)
05-23 12:52:05.185 W/StatusBar( 2862): 	at android.os.Looper.loop(Looper.java:154)
05-23 12:52:05.185 W/StatusBar( 2862): 	at android.app.ActivityThread.main(ActivityThread.java:6119)
05-23 12:52:05.185 W/StatusBar( 2862): 	at java.lang.reflect.Method.invoke(Native Method)
05-23 12:52:05.185 W/StatusBar( 2862): 	at com.android.internal.os.ZygoteInit$MethodAndArgsCaller.run(ZygoteInit.java:886)
05-23 12:52:05.185 W/StatusBar( 2862): 	at com.android.internal.os.ZygoteInit.main(ZygoteInit.java:776)
05-23 12:52:05.312 I/StatusBar( 2862): isKeyguardShowing() called before startKeyguard(), returning true
05-23 12:52:05.321 W/StatusBar( 2862): isKeyguardSecure() called before startKeyguard(), returning false
05-23 12:52:05.321 W/StatusBar( 2862): java.lang.Throwable
05-23 12:52:05.321 W/StatusBar( 2862): 	at com.android.systemui.statusbar.BaseStatusBar.isKeyguardSecure(BaseStatusBar.java:2647)
05-23 12:52:05.321 W/StatusBar( 2862): 	at com.android.systemui.statusbar.BaseStatusBar.isCameraAllowedByAdmin(BaseStatusBar.java:2670)
05-23 12:52:05.321 W/StatusBar( 2862): 	at com.android.systemui.statusbar.phone.KeyguardBottomAreaView.updateCameraVisibility(KeyguardBottomAreaView.java:309)
05-23 12:52:05.321 W/StatusBar( 2862): 	at com.android.systemui.statusbar.phone.KeyguardBottomAreaView.setUserSetupComplete(KeyguardBottomAreaView.java:281)
05-23 12:52:05.321 W/StatusBar( 2862): 	at com.android.systemui.statusbar.phone.PhoneStatusBar.makeStatusBarView(PhoneStatusBar.java:905)
05-23 12:52:05.321 W/StatusBar( 2862): 	at com.android.systemui.statusbar.phone.PhoneStatusBar.addStatusBarWindow(PhoneStatusBar.java:3432)
05-23 12:52:05.321 W/StatusBar( 2862): 	at com.android.systemui.statusbar.phone.PhoneStatusBar.createAndAddWindows(PhoneStatusBar.java:3428)
05-23 12:52:05.321 W/StatusBar( 2862): 	at com.android.systemui.statusbar.BaseStatusBar.start(BaseStatusBar.java:765)
05-23 12:52:05.321 W/StatusBar( 2862): 	at com.android.systemui.statusbar.phone.PhoneStatusBar.start(PhoneStatusBar.java:686)
05-23 12:52:05.321 W/StatusBar( 2862): 	at com.android.systemui.statusbar.SystemBars.createStatusBarFromConfig(SystemBars.java:106)
05-23 12:52:05.321 W/StatusBar( 2862): 	at com.android.systemui.statusbar.SystemBars.onNoService(SystemBars.java:58)
05-23 12:52:05.321 W/StatusBar( 2862): 	at com.android.systemui.statusbar.ServiceMonitor.startService(ServiceMonitor.java:230)
05-23 12:52:05.321 W/StatusBar( 2862): 	at com.android.systemui.statusbar.ServiceMonitor.-wrap5(ServiceMonitor.java)
05-23 12:52:05.321 W/StatusBar( 2862): 	at com.android.systemui.statusbar.ServiceMonitor$1.handleMessage(ServiceMonitor.java:73)
05-23 12:52:05.321 W/StatusBar( 2862): 	at android.os.Handler.dispatchMessage(Handler.java:102)
05-23 12:52:05.321 W/StatusBar( 2862): 	at android.os.Looper.loop(Looper.java:154)
05-23 12:52:05.321 W/StatusBar( 2862): 	at android.app.ActivityThread.main(ActivityThread.java:6119)
05-23 12:52:05.321 W/StatusBar( 2862): 	at java.lang.reflect.Method.invoke(Native Method)
05-23 12:52:05.321 W/StatusBar( 2862): 	at com.android.internal.os.ZygoteInit$MethodAndArgsCaller.run(ZygoteInit.java:886)
05-23 12:52:05.321 W/StatusBar( 2862): 	at com.android.internal.os.ZygoteInit.main(ZygoteInit.java:776)
05-23 12:52:05.762 W/art     ( 2644): Long monitor contention with owner android.bg (2672) at boolean android.os.MessageQueue.enqueueMessage(android.os.Message, long)(MessageQueue.java:541) waiters=0 in android.os.Message android.os.MessageQueue.next() for 4.620s
05-23 12:52:05.947 V/EmulatedCamera_Camera( 1327): getCameraInfo
05-23 12:52:05.947 V/EmulatedCamera_BaseCamera( 1327): getCameraInfo
05-23 12:52:05.949 V/EmulatedCamera_Camera( 1327): getCameraInfo
05-23 12:52:05.950 V/EmulatedCamera_BaseCamera( 1327): getCameraInfo
05-23 12:52:05.850 W/art     ( 2644): Long monitor contention with owner android.ui (2675) at int com.android.server.wm.WindowManagerService.relayoutWindow(com.android.server.wm.Session, android.view.IWindow, int, android.view.WindowManager$LayoutParams, int, int, int, int, android.graphics.Rect, android.graphics.Rect, android.graphics.Rect, android.graphics.Rect, android.graphics.Rect, android.graphics.Rect, android.graphics.Rect, android.content.res.Configuration, android.view.Surface)(WindowManagerService.java:2857) waiters=0 in void com.android.server.wm.WindowManagerService$H.handleMessage(android.os.Message) for 330ms
05-23 12:52:06.059 I/Choreographer( 2644): Skipped 113 frames!  The application may be doing too much work on its main thread.
05-23 12:52:06.333 W/WindowManager( 2644): Keyguard drawn timeout. Setting mKeyguardDrawComplete
05-23 12:52:07.523 I/StatusBar( 2862): isKeyguardShowing() called before startKeyguard(), returning true
05-23 12:52:07.525 W/StatusBar( 2862): isKeyguardSecure() called before startKeyguard(), returning false
05-23 12:52:07.525 W/StatusBar( 2862): java.lang.Throwable
05-23 12:52:07.525 W/StatusBar( 2862): 	at com.android.systemui.statusbar.BaseStatusBar.isKeyguardSecure(BaseStatusBar.java:2647)
05-23 12:52:07.525 W/StatusBar( 2862): 	at com.android.systemui.statusbar.BaseStatusBar.isCameraAllowedByAdmin(BaseStatusBar.java:2670)
05-23 12:52:07.525 W/StatusBar( 2862): 	at com.android.systemui.statusbar.phone.KeyguardBottomAreaView.updateCameraVisibility(KeyguardBottomAreaView.java:309)
05-23 12:52:07.525 W/StatusBar( 2862): 	at com.android.systemui.statusbar.phone.KeyguardBottomAreaView.setUserSetupComplete(KeyguardBottomAreaView.java:281)
05-23 12:52:07.525 W/StatusBar( 2862): 	at com.android.systemui.statusbar.phone.PhoneStatusBar$1.onChange(PhoneStatusBar.java:441)
05-23 12:52:07.525 W/StatusBar( 2862): 	at com.android.systemui.statusbar.phone.PhoneStatusBar.resetUserSetupObserver(PhoneStatusBar.java:3676)
05-23 12:52:07.525 W/StatusBar( 2862): 	at com.android.systemui.statusbar.phone.PhoneStatusBar.makeStatusBarView(PhoneStatusBar.java:1008)
05-23 12:52:07.525 W/StatusBar( 2862): 	at com.android.systemui.statusbar.phone.PhoneStatusBar.addStatusBarWindow(PhoneStatusBar.java:3432)
05-23 12:52:07.525 W/StatusBar( 2862): 	at com.android.systemui.statusbar.phone.PhoneStatusBar.createAndAddWindows(PhoneStatusBar.java:3428)
05-23 12:52:07.525 W/StatusBar( 2862): 	at com.android.systemui.statusbar.BaseStatusBar.start(BaseStatusBar.java:765)
05-23 12:52:07.525 W/StatusBar( 2862): 	at com.android.systemui.statusbar.phone.PhoneStatusBar.start(PhoneStatusBar.java:686)
05-23 12:52:07.525 W/StatusBar( 2862): 	at com.android.systemui.statusbar.SystemBars.createStatusBarFromConfig(SystemBars.java:106)
05-23 12:52:07.525 W/StatusBar( 2862): 	at com.android.systemui.statusbar.SystemBars.onNoService(SystemBars.java:58)
05-23 12:52:07.525 W/StatusBar( 2862): 	at com.android.systemui.statusbar.ServiceMonitor.startService(ServiceMonitor.java:230)
05-23 12:52:07.525 W/StatusBar( 2862): 	at com.android.systemui.statusbar.ServiceMonitor.-wrap5(ServiceMonitor.java)
05-23 12:52:07.525 W/StatusBar( 2862): 	at com.android.systemui.statusbar.ServiceMonitor$1.handleMessage(ServiceMonitor.java:73)
05-23 12:52:07.525 W/StatusBar( 2862): 	at android.os.Handler.dispatchMessage(Handler.java:102)
05-23 12:52:07.525 W/StatusBar( 2862): 	at android.os.Looper.loop(Looper.java:154)
05-23 12:52:07.525 W/StatusBar( 2862): 	at android.app.ActivityThread.main(ActivityThread.java:6119)
05-23 12:52:07.525 W/StatusBar( 2862): 	at java.lang.reflect.Method.invoke(Native Method)
05-23 12:52:07.525 W/StatusBar( 2862): 	at com.android.internal.os.ZygoteInit$MethodAndArgsCaller.run(ZygoteInit.java:886)
05-23 12:52:07.525 W/StatusBar( 2862): 	at com.android.internal.os.ZygoteInit.main(ZygoteInit.java:776)
05-23 12:52:07.601 E/SurfaceFlinger( 1321): ro.sf.lcd_density must be defined as a build property
05-23 12:52:07.654 D/OpenGLRenderer( 2862): profile bars disabled
05-23 12:52:07.655 D/OpenGLRenderer( 2862): ambientRatio = 1.50
05-23 12:52:07.786 D/PhoneStatusBar( 2862): disable: < EXPAND* icons alerts system_info BACK* HOME* RECENT* clock SEARCH* quick_settings >
05-23 12:52:08.724 D/PhoneStatusBar( 2862): heads up is enabled
05-23 12:52:09.302 W/art     ( 2644): Long monitor contention with owner main (2644) at void com.android.server.pm.UserManagerService$MainHandler.handleMessage(android.os.Message)(UserManagerService.java:3290) waiters=1 in java.lang.String[] com.android.server.pm.PackageManagerService.getPackagesForUid(int) for 3.516s
05-23 12:52:09.307 I/GnssLocationProvider( 2644): WakeLock released by handleMessage(13, 0, null)
05-23 12:52:09.705 I/Choreographer( 2862): Skipped 693 frames!  The application may be doing too much work on its main thread.
05-23 12:52:10.379 I/SurfaceFlinger( 1321): Boot is finished (197228 ms)
05-23 12:52:10.506 D/ViewRootImpl[StatusBar]( 2862): changeCanvasOpacity: opaque=true
05-23 12:52:11.285 I/SystemServiceManager( 2644): Starting phase 1000
05-23 12:52:11.640 W/art     ( 3256): Unexpected CPU variant for X86 using defaults: x86_64
05-23 12:52:11.875 W/ActivityManager( 2644): Slow operation: 467ms so far, now at startProcess: returned from zygote!
05-23 12:52:11.875 W/ActivityManager( 2644): Slow operation: 467ms so far, now at startProcess: done updating battery stats
05-23 12:52:11.876 W/ActivityManager( 2644): Slow operation: 467ms so far, now at startProcess: building log message
05-23 12:52:11.876 I/ActivityManager( 2644): Start proc 3256:android.ext.services/u0a12 for on-hold
05-23 12:52:11.876 W/ActivityManager( 2644): Slow operation: 468ms so far, now at startProcess: starting to update pids map
05-23 12:52:11.876 W/ActivityManager( 2644): Slow operation: 468ms so far, now at startProcess: done updating pids map
05-23 12:52:11.904 D/ActivityManager( 2644): Finishing user boot 0
05-23 12:52:11.992 D/CryptdConnector( 2644): SND -> {3 cryptfs prepare_user_storage ! 0 0 2}
05-23 12:52:11.999 D/vold    ( 1270): e4crypt_prepare_user_storage for volume null, user 0, serial 0, flags 2
05-23 12:52:12.015 D/vold    ( 1270): Preparing: /data/system_ce/0
05-23 12:52:12.016 D/vold    ( 1270): Preparing: /data/misc_ce/0
05-23 12:52:12.016 D/vold    ( 1270): Preparing: /data/media/0
05-23 12:52:12.016 D/vold    ( 1270): Preparing: /data/data
05-23 12:52:12.018 D/CryptdConnector( 2644): RCV <- {200 3 Command succeeded}
05-23 12:52:12.027 V/UserManagerService( 2644): Found /data/user/0 with serial number 0
05-23 12:52:12.028 V/UserManagerService( 2644): Found /data/system_ce/0 with serial number 0
05-23 12:52:12.072 V/PackageManager( 2644): reconcileAppsData for null u0 0x2
05-23 12:52:13.174 I/art     ( 2644): Background sticky concurrent mark sweep GC freed 16900(1507KB) AllocSpace objects, 10(1628KB) LOS objects, 29% free, 9MB/13MB, paused 3.337ms total 281.039ms
05-23 12:52:13.767 W/System  ( 3211): ClassLoader referenced unknown path: /system/priv-app/CellBroadcastReceiver/lib/x86_64
05-23 12:52:14.502 I/art     ( 2862): Background partial concurrent mark sweep GC freed 11019(1497KB) AllocSpace objects, 3(60KB) LOS objects, 23% free, 12MB/16MB, paused 1.179ms total 780.687ms
05-23 12:52:15.763 V/PackageManager( 2644): reconcileAppsData finished 81 packages
05-23 12:52:15.778 W/art     ( 2644): Long monitor contention with owner android.display (2685) at void com.android.server.am.ActivityManagerService.finishBooting()(ActivityManagerService.java:6823) waiters=0 in android.content.Intent com.android.server.am.ActivityManagerService.registerReceiver(android.app.IApplicationThread, java.lang.String, android.content.IIntentReceiver, android.content.IntentFilter, java.lang.String, int) for 4.354s
05-23 12:52:15.791 W/art     ( 2644): Long monitor contention with owner android.display (2685) at void com.android.server.am.ActivityManagerService.finishBooting()(ActivityManagerService.java:6823) waiters=1 in java.lang.String com.android.server.am.ActivityManagerService.checkContentProviderAccess(java.lang.String, int) for 3.967s
05-23 12:52:15.801 W/art     ( 2644): Long monitor contention with owner android.display (2685) at void com.android.server.am.ActivityManagerService.finishBooting()(ActivityManagerService.java:6823) waiters=2 in void com.android.server.am.BroadcastQueue.processNextBroadcast(boolean) for 3.893s
05-23 12:52:15.802 W/BroadcastQueue( 2644): Timeout of broadcast BroadcastRecord{5f27ec9 u-1 android.intent.action.TIME_TICK} - receiver=android.os.BinderProxy@2d507bd, started 10412ms ago
05-23 12:52:15.803 W/BroadcastQueue( 2644): Receiver during timeout: BroadcastFilter{37df503 u0 ReceiverList{63e11b2 2862 com.android.systemui/10021/u0 remote:2d507bd}}
05-23 12:52:15.805 W/art     ( 2644): Long monitor contention with owner android.display (2685) at void com.android.server.am.ActivityManagerService.finishBooting()(ActivityManagerService.java:6823) waiters=4 in android.content.Intent com.android.server.am.ActivityManagerService.registerReceiver(android.app.IApplicationThread, java.lang.String, android.content.IIntentReceiver, android.content.IntentFilter, java.lang.String, int) for 3.122s
05-23 12:52:15.807 W/art     ( 2644): Long monitor contention with owner android.display (2685) at void com.android.server.am.ActivityManagerService.finishBooting()(ActivityManagerService.java:6823) waiters=5 in android.content.pm.UserInfo com.android.server.am.UserController.getCurrentUser() for 2.319s
05-23 12:52:15.808 W/art     ( 2644): Long monitor contention with owner android.display (2685) at void com.android.server.am.ActivityManagerService.finishBooting()(ActivityManagerService.java:6823) waiters=3 in void com.android.server.am.ActivityManagerService.attachApplication(android.app.IApplicationThread) for 3.725s
05-23 12:52:15.832 W/art     ( 2644): Long monitor contention with owner android.display (2685) at void com.android.server.am.ActivityManagerService.finishBooting()(ActivityManagerService.java:6823) waiters=6 in int com.android.server.am.ActivityManagerService.broadcastIntent(android.app.IApplicationThread, android.content.Intent, java.lang.String, android.content.IIntentReceiver, int, java.lang.String, android.os.Bundle, java.lang.String[], int, android.os.Bundle, boolean, boolean, int) for 1.687s
05-23 12:52:15.838 W/art     ( 2644): Long monitor contention with owner android.display (2685) at void com.android.server.am.ActivityManagerService.finishBooting()(ActivityManagerService.java:6823) waiters=7 in android.content.pm.UserInfo com.android.server.am.UserController.getCurrentUser() for 1.183s
05-23 12:52:15.839 W/art     ( 2644): Long monitor contention with owner android.display (2685) at void com.android.server.am.ActivityManagerService.finishBooting()(ActivityManagerService.java:6823) waiters=8 in void com.android.server.am.ActivityManagerService.publishContentProviders(android.app.IApplicationThread, java.util.List) for 931ms
05-23 12:52:16.251 W/art     ( 2644): Long monitor contention with owner android.display (2685) at void com.android.server.am.ActivityManagerService.finishBooting()(ActivityManagerService.java:6823) waiters=9 in void com.android.server.am.ActivityManagerService$3.handleMessage(android.os.Message) for 1s
05-23 12:52:16.251 W/art     ( 2644): Long monitor contention with owner Binder:2644_6 (3128) at void com.android.server.am.ActivityManagerService.publishContentProviders(android.app.IApplicationThread, java.util.List)(ActivityManagerService.java:11160) waiters=3 in void com.android.server.am.ActivityManagerService.updateConfiguration(android.content.res.Configuration) for 259ms
05-23 12:52:16.255 W/art     ( 2644): Long monitor contention with owner Binder:2644_6 (3128) at void com.android.server.am.ActivityManagerService.publishContentProviders(android.app.IApplicationThread, java.util.List)(ActivityManagerService.java:11160) waiters=4 in android.content.Intent com.android.server.am.ActivityManagerService.registerReceiver(android.app.IApplicationThread, java.lang.String, android.content.IIntentReceiver, android.content.IntentFilter, java.lang.String, int) for 253ms
05-23 12:52:16.338 D/MountService( 2644): onUnlockUser 0
05-23 12:52:16.339 D/VoldConnector( 2644): SND -> {8 volume user_started 0}
05-23 12:52:16.396 I/Choreographer( 2644): Skipped 32 frames!  The application may be doing too much work on its main thread.
05-23 12:52:16.498 D/vold    ( 1270): Linking /storage/emulated/0 to /mnt/user/0/primary
05-23 12:52:16.508 D/VoldConnector( 2644): RCV <- {200 8 Command succeeded}
05-23 12:52:16.521 D/MountService( 2644): Volume public:253,48 broadcasting mounted to UserHandle{0}
05-23 12:52:16.718 W/System  ( 3256): ClassLoader referenced unknown path: /system/priv-app/ExtServices/lib/x86_64
05-23 12:52:16.722 D/MountService( 2644): Volume emulated broadcasting mounted to UserHandle{0}
05-23 12:52:17.180 V/BackupManagerService( 2644): No ancestral data
05-23 12:52:17.234 W/art     ( 2644): Long monitor contention with owner android.display (2685) at void com.android.server.am.ActivityManagerService.updateConfiguration(android.content.res.Configuration)(ActivityManagerService.java:18937) waiters=1 in void com.android.server.am.ActivityManagerService$3.handleMessage(android.os.Message) for 943ms
05-23 12:52:17.566 I/BackupManagerService( 2644): Package jp.jaxa.iss.kibo.rpc.sampleapk not installed; dropping from full backup
05-23 12:52:17.698 V/BackupManagerService( 2644): Starting with transport android/com.android.internal.backup.LocalTransport
05-23 12:52:17.699 V/BackupManagerService( 2644): Found transports: 1
05-23 12:52:17.699 W/BackupManagerService( 2644): Proposed transport ComponentInfo{android/com.android.internal.backup.LocalTransportService} not whitelisted; ignoring
05-23 12:52:17.891 I/BackupManagerService( 2644): Backup enabled => false
05-23 12:52:18.379 W/art     ( 2644): Long monitor contention with owner Binder:2644_6 (3128) at void com.android.server.am.BroadcastQueue.processNextBroadcast(boolean)(BroadcastQueue.java:760) waiters=0 in void com.android.server.am.ActivityManagerService.dispatchProcessesChanged() for 469ms
05-23 12:52:18.444 W/art     ( 2644): Long monitor contention with owner Binder:2644_6 (3128) at void com.android.server.am.BroadcastQueue.processNextBroadcast(boolean)(BroadcastQueue.java:760) waiters=1 in void com.android.server.am.ActivityManagerService$3.handleMessage(android.os.Message) for 439ms
05-23 12:52:18.999 V/KeyValueBackupJob( 2644): Scheduling k/v pass in 242 minutes
05-23 12:52:19.001 W/art     ( 2644): Long monitor contention with owner backup (3276) at java.io.File java.io.File.createTempFile(java.lang.String, java.lang.String, java.io.File)(File.java:1850) waiters=0 in void com.android.server.backup.BackupManagerService.setBackupEnabled(boolean) for 625ms
05-23 12:52:19.112 W/ActivityManager( 2644): Slow operation: 300ms so far, now at startProcess: returned from zygote!
05-23 12:52:19.113 W/ActivityManager( 2644): Slow operation: 300ms so far, now at startProcess: done updating battery stats
05-23 12:52:19.114 W/ActivityManager( 2644): Slow operation: 301ms so far, now at startProcess: building log message
05-23 12:52:19.114 I/ActivityManager( 2644): Start proc 3281:com.android.deskclock/u0a31 for broadcast com.android.deskclock/.AlarmInitReceiver
05-23 12:52:19.114 W/ActivityManager( 2644): Slow operation: 302ms so far, now at startProcess: starting to update pids map
05-23 12:52:19.114 W/ActivityManager( 2644): Slow operation: 302ms so far, now at startProcess: done updating pids map
05-23 12:52:19.114 W/ActivityManager( 2644): Slow operation: 326ms so far, now at startProcess: done starting proc!
05-23 12:52:19.115 W/art     ( 2644): Long monitor contention with owner Binder:2644_6 (3128) at void com.android.server.am.BroadcastQueue.processNextBroadcast(boolean)(BroadcastQueue.java:760) waiters=1 in android.content.Intent com.android.server.am.ActivityManagerService.registerReceiver(android.app.IApplicationThread, java.lang.String, android.content.IIntentReceiver, android.content.IntentFilter, java.lang.String, int) for 278ms
05-23 12:52:19.121 W/art     ( 2644): Long monitor contention with owner Binder:2644_6 (3128) at void com.android.server.am.BroadcastQueue.processNextBroadcast(boolean)(BroadcastQueue.java:760) waiters=2 in android.content.pm.UserInfo com.android.server.am.UserController.getCurrentUser() for 218ms
05-23 12:52:19.179 W/art     ( 2644): Long monitor contention with owner Binder:2644_6 (3128) at void com.android.server.am.BroadcastQueue.processNextBroadcast(boolean)(BroadcastQueue.java:760) waiters=3 in android.content.Intent com.android.server.am.ActivityManagerService.registerReceiver(android.app.IApplicationThread, java.lang.String, android.content.IIntentReceiver, android.content.IntentFilter, java.lang.String, int) for 255ms
05-23 12:52:19.339 W/RichInputConnection( 2855): Slow InputConnection: GET_TEXT_BEFORE_CURSOR took 312 ms.
05-23 12:52:19.473 I/InputAttributes( 2855): InputType.TYPE_NULL is specified
05-23 12:52:19.639 W/art     ( 3281): Unexpected CPU variant for X86 using defaults: x86_64
05-23 12:52:19.669 W/art     ( 2644): Long monitor contention with owner Binder:2644_6 (3128) at void com.android.server.am.ActivityManagerService.trimApplications()(ActivityManagerService.java:21356) waiters=3 in int com.android.server.am.ActivityManagerService.getAppStartMode(int, java.lang.String) for 520ms
05-23 12:52:20.339 W/art     ( 2644): Long monitor contention with owner backup (3276) at int com.android.server.am.ActivityManagerService.getAppStartMode(int, java.lang.String)(ActivityManagerService.java:7896) waiters=0 in android.content.Intent com.android.server.am.ActivityManagerService.registerReceiver(android.app.IApplicationThread, java.lang.String, android.content.IIntentReceiver, android.content.IntentFilter, java.lang.String, int) for 476ms
05-23 12:52:20.447 W/art     ( 2644): Long monitor contention with owner backup (3276) at int com.android.server.am.ActivityManagerService.getAppStartMode(int, java.lang.String)(ActivityManagerService.java:7896) waiters=1 in void com.android.server.am.ActivityManagerService.attachApplication(android.app.IApplicationThread) for 404ms
05-23 12:52:20.499 W/art     ( 2644): Long monitor contention with owner backup (3276) at int com.android.server.am.ActivityManagerService.getAppStartMode(int, java.lang.String)(ActivityManagerService.java:7896) waiters=2 in void com.android.server.am.ActivityManagerService$3.handleMessage(android.os.Message) for 268ms
05-23 12:52:20.695 W/art     ( 2644): Long monitor contention with owner Binder:2644_3 (2778) at int com.android.server.wm.WindowManagerService.relayoutWindow(com.android.server.wm.Session, android.view.IWindow, int, android.view.WindowManager$LayoutParams, int, int, int, int, android.graphics.Rect, android.graphics.Rect, android.graphics.Rect, android.graphics.Rect, android.graphics.Rect, android.graphics.Rect, android.graphics.Rect, android.content.res.Configuration, android.view.Surface)(WindowManagerService.java:2857) waiters=0 in void com.android.server.wm.WindowManagerService$H.handleMessage(android.os.Message) for 176ms
05-23 12:52:20.883 W/System  ( 3281): ClassLoader referenced unknown path: /system/app/DeskClock/lib/x86_64
05-23 12:52:21.011 W/art     ( 2644): Long monitor contention with owner Binder:2644_3 (2778) at int com.android.server.wm.WindowManagerService.relayoutWindow(com.android.server.wm.Session, android.view.IWindow, int, android.view.WindowManager$LayoutParams, int, int, int, int, android.graphics.Rect, android.graphics.Rect, android.graphics.Rect, android.graphics.Rect, android.graphics.Rect, android.graphics.Rect, android.graphics.Rect, android.content.res.Configuration, android.view.Surface)(WindowManagerService.java:2857) waiters=1 in int com.android.server.wm.WindowManagerService.relayoutWindow(com.android.server.wm.Session, android.view.IWindow, int, android.view.WindowManager$LayoutParams, int, int, int, int, android.graphics.Rect, android.graphics.Rect, android.graphics.Rect, android.graphics.Rect, android.graphics.Rect, android.graphics.Rect, android.graphics.Rect, android.content.res.Configuration, android.view.Surface) for 354ms
05-23 12:52:18.114 W/ifconfig( 3277): type=1400 audit(0.0:10): avc: denied { ioctl } for path="socket:[15418]" dev="sockfs" ino=15418 ioctlcmd=8927 scontext=u:r:shell:s0 tcontext=u:r:shell:s0 tclass=udp_socket permissive=0
05-23 12:52:18.204 W/ifconfig( 3277): type=1400 audit(0.0:11): avc: denied { ioctl } for path="socket:[15418]" dev="sockfs" ino=15418 ioctlcmd=891d scontext=u:r:shell:s0 tcontext=u:r:shell:s0 tclass=udp_socket permissive=0
05-23 12:52:18.254 W/ifconfig( 3277): type=1400 audit(0.0:12): avc: denied { ioctl } for path="socket:[15418]" dev="sockfs" ino=15418 ioctlcmd=8970 scontext=u:r:shell:s0 tcontext=u:r:shell:s0 tclass=udp_socket permissive=0
05-23 12:52:21.261 W/art     ( 2644): Long monitor contention with owner Binder:2644_7 (3182) at int com.android.server.wm.WindowManagerService.relayoutWindow(com.android.server.wm.Session, android.view.IWindow, int, android.view.WindowManager$LayoutParams, int, int, int, int, android.graphics.Rect, android.graphics.Rect, android.graphics.Rect, android.graphics.Rect, android.graphics.Rect, android.graphics.Rect, android.graphics.Rect, android.content.res.Configuration, android.view.Surface)(WindowManagerService.java:2857) waiters=0 in void com.android.server.wm.WindowAnimator$1.doFrame(long) for 198ms
05-23 12:52:21.274 I/Choreographer( 3110): Skipped 36 frames!  The application may be doing too much work on its main thread.
05-23 12:52:21.281 W/art     ( 2644): Long monitor contention with owner Binder:2644_7 (3182) at int com.android.server.wm.WindowManagerService.relayoutWindow(com.android.server.wm.Session, android.view.IWindow, int, android.view.WindowManager$LayoutParams, int, int, int, int, android.graphics.Rect, android.graphics.Rect, android.graphics.Rect, android.graphics.Rect, android.graphics.Rect, android.graphics.Rect, android.graphics.Rect, android.content.res.Configuration, android.view.Surface)(WindowManagerService.java:2857) waiters=1 in void com.android.server.wm.WindowManagerService.getInitialDisplaySize(int, android.graphics.Point) for 136ms
05-23 12:52:21.398 W/ActivityManager( 2644): Slow operation: 226ms so far, now at startProcess: returned from zygote!
05-23 12:52:21.399 W/ActivityManager( 2644): Slow operation: 226ms so far, now at startProcess: done updating battery stats
05-23 12:52:21.399 W/ActivityManager( 2644): Slow operation: 227ms so far, now at startProcess: building log message
05-23 12:52:21.399 I/ActivityManager( 2644): Start proc 3306:android.process.acore/u0a1 for content provider com.android.providers.contacts/.ContactsProvider2
05-23 12:52:21.399 W/ActivityManager( 2644): Slow operation: 227ms so far, now at startProcess: starting to update pids map
05-23 12:52:21.399 W/ActivityManager( 2644): Slow operation: 227ms so far, now at startProcess: done updating pids map
05-23 12:52:21.400 W/ActivityManager( 2644): Slow operation: 227ms so far, now at startProcess: done starting proc!
05-23 12:52:21.400 W/ActivityManager( 2644): Slow operation: 262ms so far, now at getContentProviderImpl: after start process
05-23 12:52:21.411 W/ActivityManager( 2644): Slow operation: 274ms so far, now at getContentProviderImpl: updating data structures
05-23 12:52:21.412 W/ActivityManager( 2644): Slow operation: 274ms so far, now at getContentProviderImpl: done!
05-23 12:52:21.487 W/art     ( 3306): Unexpected CPU variant for X86 using defaults: x86_64
05-23 12:52:21.701 E/GnssLocationProvider( 2644): no AGPS interface in set_agps_server
05-23 12:52:21.877 I/LatinIME( 2855): Timeout waiting for dictionary load
05-23 12:52:22.119 W/art     ( 2644): Long monitor contention with owner Binder:2644_6 (3128) at int com.android.server.wm.WindowManagerService.relayoutWindow(com.android.server.wm.Session, android.view.IWindow, int, android.view.WindowManager$LayoutParams, int, int, int, int, android.graphics.Rect, android.graphics.Rect, android.graphics.Rect, android.graphics.Rect, android.graphics.Rect, android.graphics.Rect, android.graphics.Rect, android.content.res.Configuration, android.view.Surface)(WindowManagerService.java:2857) waiters=0 in void com.android.server.wm.WindowManagerService$H.handleMessage(android.os.Message) for 326ms
05-23 12:52:22.158 D/WifiService( 2644): New client listening to asynchronous messages
05-23 12:52:22.342 I/GnssLocationProvider( 2644): WakeLock released by handleMessage(2, 1, null)
05-23 12:52:22.463 W/System  ( 3306): ClassLoader referenced unknown path: /system/priv-app/ContactsProvider/lib/x86_64
05-23 12:52:22.869 I/AlarmClock( 3281): AlarmInitReceiver android.intent.action.TIME_SET
05-23 12:52:23.566 I/SyncManager( 2644): Got SyncJobService instance.
05-23 12:52:23.569 I/FusedLocation( 2644): engine started (com.android.location.fused)
05-23 12:52:24.013 I/ContactsPerf( 3306): VoicemailContentProvider.onCreate start
05-23 12:52:24.289 I/ContactsPerf( 3306): VoicemailContentProvider.onCreate finish
05-23 12:52:24.432 W/System  ( 3306): ClassLoader referenced unknown path: /system/priv-app/BlockedNumberProvider/lib/x86_64
05-23 12:52:24.437 D/ApplicationLoaders( 3306): ignored Vulkan layer search path /system/priv-app/BlockedNumberProvider/lib/x86_64:/system/lib64:/vendor/lib64 for namespace 0x7717b3e370f0
05-23 12:52:24.555 W/art     ( 2644): Long monitor contention with owner backup (3276) at void com.android.server.AlarmManagerService.setImpl(int, long, long, long, android.app.PendingIntent, android.app.IAlarmListener, java.lang.String, int, android.os.WorkSource, android.app.AlarmManager$AlarmClockInfo, int, java.lang.String)(AlarmManagerService.java:1072) waiters=0 in android.app.AlarmManager$AlarmClockInfo com.android.server.AlarmManagerService.getNextAlarmClockImpl(int) for 1.656s
05-23 12:52:24.651 W/art     ( 2644): Long monitor contention with owner backup (3276) at int com.android.server.job.JobSchedulerService.scheduleAsPackage(android.app.job.JobInfo, int, java.lang.String, int, java.lang.String)(JobSchedulerService.java:576) waiters=0 in void com.android.server.job.JobSchedulerService.updateUidState(int, int) for 4.117s
05-23 12:52:24.725 V/KeyguardServiceDelegate( 2644): *** Keyguard connected (yay!)
05-23 12:52:25.003 I/Choreographer( 2862): Skipped 917 frames!  The application may be doing too much work on its main thread.
05-23 12:52:25.248 W/System  ( 3306): ClassLoader referenced unknown path: /system/app/UserDictionaryProvider/lib/x86_64
05-23 12:52:25.351 D/ApplicationLoaders( 3306): ignored Vulkan layer search path /system/app/UserDictionaryProvider/lib/x86_64:/system/lib64:/vendor/lib64 for namespace 0x7717b3e37160
05-23 12:52:25.837 D/gralloc_ranchu( 2862): Emulator without host-side GPU emulation detected. Loading gralloc.default.so from /vendor/lib64/hw/gralloc.goldfish.default.so...
05-23 12:52:25.901 D/gralloc_ranchu( 2862): gralloc.default.so not found in /vendor. Trying /system/lib64/hw/gralloc.goldfish.default.so...
05-23 12:52:26.447 W/art     ( 3281): Suspending all threads took: 879.482ms
05-23 12:52:26.859 W/art     ( 2644): Long monitor contention with owner BackgroundDexOptService_PostBootUpdate (3254) at void com.android.server.power.PowerManagerService.acquireWakeLockInternal(android.os.IBinder, int, java.lang.String, java.lang.String, android.os.WorkSource, java.lang.String, int, int)(PowerManagerService.java:862) waiters=0 in void com.android.server.power.PowerManagerService.handleSandman() for 193ms
05-23 12:52:27.135 I/Choreographer( 2644): Skipped 35 frames!  The application may be doing too much work on its main thread.
05-23 12:52:27.681 W/art     ( 2644): Long monitor contention with owner backup (3276) at long android.os.SystemClock.elapsedRealtime()(SystemClock.java:-2) waiters=0 in void com.android.server.backup.KeyValueBackupJob.cancel(android.content.Context) for 8.668s
05-23 12:52:28.147 W/VoiceInteractionManagerService( 2644): no available voice interaction services found for user 0
05-23 12:52:28.147 W/VoiceInteractionManagerService( 2644): no available voice recognition services found for user 0
05-23 12:52:28.232 I/ActivityManager( 2644): Loading recents for user 0 into memory.
05-23 12:52:28.303 D/ActivityManager( 2644): Sending BOOT_COMPLETE user #0
05-23 12:52:28.366 W/art     ( 2644): Long monitor contention with owner Binder:2644_3 (2778) at int com.android.server.wm.WindowManagerService.relayoutWindow(com.android.server.wm.Session, android.view.IWindow, int, android.view.WindowManager$LayoutParams, int, int, int, int, android.graphics.Rect, android.graphics.Rect, android.graphics.Rect, android.graphics.Rect, android.graphics.Rect, android.graphics.Rect, android.graphics.Rect, android.content.res.Configuration, android.view.Surface)(WindowManagerService.java:2857) waiters=0 in void com.android.server.wm.WindowManagerService$H.handleMessage(android.os.Message) for 611ms
05-23 12:52:28.369 W/art     ( 2644): Long monitor contention with owner Binder:2644_3 (2778) at int com.android.server.wm.WindowManagerService.relayoutWindow(com.android.server.wm.Session, android.view.IWindow, int, android.view.WindowManager$LayoutParams, int, int, int, int, android.graphics.Rect, android.graphics.Rect, android.graphics.Rect, android.graphics.Rect, android.graphics.Rect, android.graphics.Rect, android.graphics.Rect, android.content.res.Configuration, android.view.Surface)(WindowManagerService.java:2857) waiters=1 in void com.android.server.wm.WindowManagerService.getInitialDisplaySize(int, android.graphics.Point) for 283ms
05-23 12:52:28.627 W/KeyguardUpdateMonitor( 2862): invalid subId in handleSimStateChange()
05-23 12:52:28.703 D/CarrierSvcBindHelper( 3095): Received android.intent.action.USER_UNLOCKED
05-23 12:52:28.712 E/PhoneInterfaceManager( 3095): [PhoneIntfMgr] getCarrierPackageNamesForIntent: No UICC
05-23 12:52:28.712 D/CarrierSvcBindHelper( 3095): No carrier app for: 0
05-23 12:52:28.903 W/art     ( 2644): Long monitor contention with owner BackgroundDexOptService_PostBootUpdate (3254) at boolean android.os.MessageQueue.enqueueMessage(android.os.Message, long)(MessageQueue.java:541) waiters=0 in android.os.Message android.os.MessageQueue.next() for 309ms
05-23 12:52:29.033 D/FallbackHome( 3110): User unlocked and real home found; let's go!
05-23 12:52:29.261 V/KeyguardServiceDelegate( 2644): **** SHOWN CALLED ****
05-23 12:52:29.278 I/Process ( 2644): Sending signal. PID: 2862 SIG: 3
05-23 12:52:29.279 I/art     ( 2862): Thread[3,tid=2868,WaitingInMainSignalCatcherLoop,Thread*=0x7717af696400,peer=0x12c005e0,"Signal Catcher"]: reacting to signal 3
05-23 12:52:29.279 I/art     ( 2862): 
05-23 12:52:29.292 I/AccountManagerService( 2644): User 0 is unlocked - opening CE database
05-23 12:52:29.302 I/Choreographer( 2862): Skipped 257 frames!  The application may be doing too much work on its main thread.
05-23 12:52:29.449 I/ActivityManager( 2644): START u0 {act=android.intent.action.MAIN cat=[android.intent.category.HOME] flg=0x10000100 cmp=com.android.launcher3/.Launcher} from uid 0 on display 0
05-23 12:52:30.007 W/art     ( 2644): Long monitor contention with owner android.display (2685) at void com.android.server.wm.WindowAnimator$1.doFrame(long)(WindowAnimator.java:144) waiters=0 in void com.android.server.wm.WindowManagerService.setFocusedApp(android.os.IBinder, boolean) for 243ms
05-23 12:52:30.334 W/art     ( 2644): Long monitor contention with owner android.display (2685) at void com.android.server.wm.WindowAnimator$1.doFrame(long)(WindowAnimator.java:144) waiters=0 in void com.android.server.wm.WindowManagerService.setFocusedApp(android.os.IBinder, boolean) for 325ms
05-23 12:52:30.373 E/ActivityManager( 2644): ANR in com.android.systemui
05-23 12:52:30.373 E/ActivityManager( 2644): PID: 2862
05-23 12:52:30.373 E/ActivityManager( 2644): Reason: Broadcast of Intent { act=android.intent.action.TIME_TICK flg=0x50000014 (has extras) }
05-23 12:52:30.373 E/ActivityManager( 2644): Load: 0.0 / 0.0 / 0.0
05-23 12:52:30.373 E/ActivityManager( 2644): CPU usage from 27352ms to 0ms ago (2021-05-23 12:52:01.161 to 2021-05-23 12:52:28.513):
05-23 12:52:30.373 E/ActivityManager( 2644):   99% 1321/surfaceflinger: 30% user + 68% kernel / faults: 11148 minor
05-23 12:52:30.373 E/ActivityManager( 2644):   36% 2644/system_server: 7% user + 29% kernel / faults: 8951 minor 116 major
05-23 12:52:30.373 E/ActivityManager( 2644):   14% 3110/com.android.settings: 2.2% user + 11% kernel / faults: 34 minor 1 major
05-23 12:52:30.373 E/ActivityManager( 2644):   10% 2862/com.android.systemui: 1.6% user + 8.8% kernel / faults: 6136 minor 5 major
05-23 12:52:30.373 E/ActivityManager( 2644):   0.8% 1329/installd: 0% user + 0.8% kernel
05-23 12:52:30.373 E/ActivityManager( 2644):   1.5% 2045/adbd: 0.1% user + 1.3% kernel / faults: 1056 minor
05-23 12:52:30.373 E/ActivityManager( 2644):   1.2% 8/rcu_preempt: 0% user + 1.2% kernel
05-23 12:52:30.373 E/ActivityManager( 2644):   1% 3095/com.android.phone: 0.1% user + 0.9% kernel / faults: 249 minor 2 major
05-23 12:52:30.373 E/ActivityManager( 2644):   0.6% 1324/zygote64: 0% user + 0.6% kernel / faults: 588 minor
05-23 12:52:30.373 E/ActivityManager( 2644):   0.5% 1267/logd: 0% user + 0.5% kernel / faults: 22 minor
05-23 12:52:30.373 E/ActivityManager( 2644):   0.5% 1335/mediaserver: 0% user + 0.5% kernel / faults: 88 minor
05-23 12:52:30.373 E/ActivityManager( 2644):   0.3% 1373/logcat: 0% user + 0.3% kernel / faults: 3 minor
05-23 12:52:30.373 E/ActivityManager( 2644):   0.3% 1320/servicemanager: 0% user + 0.3% kernel
05-23 12:52:30.373 E/ActivityManager( 2644):   0.3% 1334/media.extractor: 0% user + 0.2% kernel / faults: 31 minor
05-23 12:52:30.373 E/ActivityManager( 2644):   0.2% 1326/audioserver: 0% user + 0.2% kernel
05-23 12:52:30.373 E/ActivityManager( 2644):   0.2% 2855/com.android.inputmethod.latin: 0% user + 0.2% kernel / faults: 40 minor
05-23 12:52:30.373 E/ActivityManager( 2644):   0.2% 3/ksoftirqd/0: 0% user + 0.2% kernel
05-23 12:52:30.373 E/ActivityManager( 2644):   0.2% 1255/kworker/0:1H: 0% user + 0.2% kernel
05-23 12:52:30.373 E/ActivityManager( 2644):   0.1% 1327/cameraserver: 0% user + 0.1% kernel / faults: 26 minor
05-23 12:52:30.373 E/ActivityManager( 2644):   0% 1270/vold: 0% user + 0% kernel / faults: 13 minor
05-23 12:52:30.373 E/ActivityManager( 2644):   0.1% 1338/netd: 0% user + 0.1% kernel / faults: 49 minor
05-23 12:52:30.373 E/ActivityManager( 2644):   0.1% 6/kworker/u4:0: 0% user + 0.1% kernel
05-23 12:52:30.373 E/ActivityManager( 2644):   0.1% 12/ksoftirqd/1: 0% user + 0.1% kernel
05-23 12:52:30.373 E/ActivityManager( 2644):   0% 1330/keystore: 0% user + 0% kernel
05-23 12:52:30.373 E/ActivityManager( 2644):   0% 1//init: 0% user + 0% kernel / faults: 1 minor
05-23 12:52:30.373 E/ActivityManager( 2644):   0% 673/kworker/1:1: 0% user + 0% kernel
05-23 12:52:30.373 E/ActivityManager( 2644):   0% 809/kworker/0:2: 0% user + 0% kernel
05-23 12:52:30.373 E/ActivityManager( 2644):   0% 1265/jbd2/vdc-8: 0% user + 0% kernel
05-23 12:52:30.373 E/ActivityManager( 2644):   0% 1319/lmkd: 0% user + 0% kernel
05-23 12:52:30.373 E/ActivityManager( 2644):   0% 2917/sdcard: 0% user + 0% kernel / faults: 12 minor
05-23 12:52:30.373 E/ActivityManager( 2644):   0% 632/fsnotify_mark: 0% user + 0% kernel
05-23 12:52:30.373 E/ActivityManager( 2644):  +0% 3211/com.android.cellbroadcastreceiver: 0% user + 0% kernel
05-23 12:52:30.373 E/ActivityManager( 2644):  +0% 3256/android.ext.services: 0% user + 0% kernel
05-23 12:52:30.373 E/ActivityManager( 2644):  +0% 3281/com.android.deskclock: 0% user + 0% kernel
05-23 12:52:30.373 E/ActivityManager( 2644):  +0% 3306/android.process.acore: 0% user + 0% kernel
05-23 12:52:30.373 E/ActivityManager( 2644):  +0% 3339/sh: 0% user + 0% kernel
05-23 12:52:30.373 E/ActivityManager( 2644):  +0% 3342/sh: 0% user + 0% kernel
05-23 12:52:30.373 E/ActivityManager( 2644):  +0% 3344/ip6tables: 0% user + 0% kernel
05-23 12:52:30.373 E/ActivityManager( 2644): 100% TOTAL: 23% user + 75% kernel + 0.7% softirq
05-23 12:52:30.373 E/ActivityManager( 2644): CPU usage from 235153ms to 235153ms ago (1970-01-01 00:00:00.000 to 1970-01-01 00:00:00.000) with 0% awake:
05-23 12:52:30.373 E/ActivityManager( 2644): 0% TOTAL: 0% user + 0% kernel
05-23 12:52:30.791 W/art     ( 2644): Long monitor contention with owner android.display (2685) at void com.android.server.wm.WindowAnimator$1.doFrame(long)(WindowAnimator.java:144) waiters=1 in void com.android.server.wm.WindowManagerService.finishDrawingWindow(com.android.server.wm.Session, android.view.IWindow) for 420ms
05-23 12:52:31.107 W/art     ( 2644): Long monitor contention with owner android.display (2685) at void com.android.server.wm.WindowAnimator$1.doFrame(long)(WindowAnimator.java:144) waiters=1 in void com.android.server.wm.WindowManagerService.setFocusedApp(android.os.IBinder, boolean) for 772ms
05-23 12:52:31.130 E/NetdConnector( 2644): NDC Command {18 firewall disable_chain standby} took too long (3487ms)
05-23 12:52:31.241 W/art     ( 2644): Long monitor contention with owner android.display (2685) at void com.android.server.wm.WindowAnimator$1.doFrame(long)(WindowAnimator.java:144) waiters=1 in void com.android.server.wm.WindowManagerService.finishDrawingWindow(com.android.server.wm.Session, android.view.IWindow) for 447ms
05-23 12:52:31.658 I/art     ( 2862): Wrote stack traces to '/data/anr/traces.txt'
05-23 12:52:31.766 W/art     ( 2644): Long monitor contention with owner android.display (2685) at void com.android.server.wm.WindowAnimator$1.doFrame(long)(WindowAnimator.java:144) waiters=1 in void com.android.server.wm.WindowManagerService.finishDrawingWindow(com.android.server.wm.Session, android.view.IWindow) for 525ms
05-23 12:52:32.015 W/art     ( 2644): Long monitor contention with owner android.display (2685) at void com.android.server.wm.WindowAnimator$1.doFrame(long)(WindowAnimator.java:144) waiters=1 in void com.android.server.wm.WindowManagerService.setFocusedApp(android.os.IBinder, boolean) for 551ms
05-23 12:52:32.191 I/art     ( 2862): Background sticky concurrent mark sweep GC freed 9892(391KB) AllocSpace objects, 3(60KB) LOS objects, 0% free, 18MB/18MB, paused 77.201ms total 394.124ms
05-23 12:52:32.285 W/art     ( 2644): Long monitor contention with owner android.display (2685) at void com.android.server.wm.WindowAnimator$1.doFrame(long)(WindowAnimator.java:144) waiters=1 in void com.android.server.wm.WindowManagerService.finishDrawingWindow(com.android.server.wm.Session, android.view.IWindow) for 519ms
05-23 12:52:32.511 I/art     ( 2862): Background partial concurrent mark sweep GC freed 3341(178KB) AllocSpace objects, 1(4MB) LOS objects, 23% free, 12MB/16MB, paused 879us total 127.725ms
05-23 12:52:32.575 W/art     ( 2644): Long monitor contention with owner android.display (2685) at void com.android.server.wm.WindowAnimator$1.doFrame(long)(WindowAnimator.java:144) waiters=1 in void com.android.server.wm.WindowManagerService.setFocusedApp(android.os.IBinder, boolean) for 559ms
