06-07 12:57:28.504 E/ConnectivityService( 1862): RemoteException caught trying to send a callback msg for NetworkRequest [ LISTEN id=5, [] ]
06-07 12:57:28.505 D/WifiService( 1862): Client connection lost with reason: 4
06-07 12:57:28.518 W/VolumeController( 1862): Error calling dismiss
06-07 12:57:28.518 W/VolumeController( 1862): android.os.DeadObjectException
06-07 12:57:28.518 W/VolumeController( 1862): 	at android.os.BinderProxy.transactNative(Native Method)
06-07 12:57:28.518 W/VolumeController( 1862): 	at android.os.BinderProxy.transact(Binder.java:615)
06-07 12:57:28.518 W/VolumeController( 1862): 	at android.media.IVolumeController$Stub$Proxy.dismiss(IVolumeController.java:162)
06-07 12:57:28.518 W/VolumeController( 1862): 	at com.android.server.audio.AudioService$VolumeController.postDismiss(AudioService.java:6138)
06-07 12:57:28.518 W/VolumeController( 1862): 	at com.android.server.audio.AudioService.setVolumeController(AudioService.java:5986)
06-07 12:57:28.518 W/VolumeController( 1862): 	at com.android.server.audio.AudioService$4.binderDied(AudioService.java:5995)
06-07 12:57:28.518 W/VolumeController( 1862): 	at android.os.BinderProxy.sendDeathNotice(Binder.java:688)
06-07 12:57:28.557 W/InputDispatcher( 1862): channel '597c0b6 DockedStackDivider (server)' ~ Consumer closed input channel or an error occurred.  events=0x9
06-07 12:57:28.558 E/InputDispatcher( 1862): channel '597c0b6 DockedStackDivider (server)' ~ Channel is unrecoverably broken and will be disposed!
06-07 12:57:28.559 W/InputDispatcher( 1862): channel 'aa0a639 StatusBar (server)' ~ Consumer closed input channel or an error occurred.  events=0x9
06-07 12:57:28.560 E/InputDispatcher( 1862): channel 'aa0a639 StatusBar (server)' ~ Channel is unrecoverably broken and will be disposed!
06-07 12:57:28.560 W/InputDispatcher( 1862): channel '31859d7 AssistPreviewPanel (server)' ~ Consumer closed input channel or an error occurred.  events=0x9
06-07 12:57:28.560 E/InputDispatcher( 1862): channel '31859d7 AssistPreviewPanel (server)' ~ Channel is unrecoverably broken and will be disposed!
06-07 12:57:28.560 W/InputDispatcher( 1862): channel '6f245ad NavigationBar (server)' ~ Consumer closed input channel or an error occurred.  events=0x9
06-07 12:57:28.566 E/InputDispatcher( 1862): channel '6f245ad NavigationBar (server)' ~ Channel is unrecoverably broken and will be disposed!
06-07 12:57:28.567 W/InputDispatcher( 1862): channel '9af5a3a com.android.systemui.ImageWallpaper (server)' ~ Consumer closed input channel or an error occurred.  events=0x9
06-07 12:57:28.567 E/InputDispatcher( 1862): channel '9af5a3a com.android.systemui.ImageWallpaper (server)' ~ Channel is unrecoverably broken and will be disposed!
06-07 12:57:29.328 I/Choreographer( 1862): Skipped 175 frames!  The application may be doing too much work on its main thread.
06-07 12:57:29.337 W/art     ( 1862): Long monitor contention with owner android.display (1902) at void com.android.server.wm.WindowAnimator$1.doFrame(long)(WindowAnimator.java:144) waiters=0 in void com.android.server.wm.WindowManagerService.setAppOrientation(android.view.IApplicationToken, int) for 2.932s
06-07 12:57:31.118 W/art     ( 1862): Long monitor contention with owner android.display (1902) at void com.android.server.wm.WindowAnimator$1.doFrame(long)(WindowAnimator.java:144) waiters=1 in void com.android.server.wm.WindowState$DeathRecipient.binderDied() for 2.796s
06-07 12:57:31.119 I/WindowManager( 1862): WIN DEATH: Window{aa0a639 u0 StatusBar}
06-07 12:57:31.120 W/InputDispatcher( 1862): Attempted to unregister already unregistered input channel 'aa0a639 StatusBar (server)'
06-07 12:57:32.979 W/WindowManager( 1862): Failed to report 'resized' to the client of Window{9af5a3a u0 com.android.systemui.ImageWallpaper}, removing this window.
06-07 12:57:33.008 W/InputDispatcher( 1862): Attempted to unregister already unregistered input channel '9af5a3a com.android.systemui.ImageWallpaper (server)'
06-07 12:57:33.090 W/art     ( 1862): Long monitor contention with owner android.display (1902) at void com.android.server.wm.WindowAnimator$1.doFrame(long)(WindowAnimator.java:144) waiters=2 in void com.android.server.wm.WindowManagerService$9.binderDied() for 4.766s
06-07 12:57:33.091 W/art     ( 1862): Long monitor contention with owner android.display (1902) at void com.android.server.wm.WindowAnimator$1.doFrame(long)(WindowAnimator.java:144) waiters=3 in void com.android.server.wm.WindowState$DeathRecipient.binderDied() for 4.696s
06-07 12:57:33.092 I/WindowManager( 1862): WIN DEATH: Window{31859d7 u0 AssistPreviewPanel}
06-07 12:57:33.092 W/InputDispatcher( 1862): Attempted to unregister already unregistered input channel '31859d7 AssistPreviewPanel (server)'
06-07 12:57:33.185 W/art     ( 1862): Long monitor contention with owner android.display (1902) at void com.android.server.wm.WindowAnimator$1.doFrame(long)(WindowAnimator.java:144) waiters=4 in void com.android.server.wm.WindowState$DeathRecipient.binderDied() for 4.778s
06-07 12:57:33.197 I/WindowManager( 1862): WIN DEATH: Window{6f245ad u0 NavigationBar}
06-07 12:57:33.197 W/InputDispatcher( 1862): Attempted to unregister already unregistered input channel '6f245ad NavigationBar (server)'
06-07 12:57:33.289 W/art     ( 1862): Long monitor contention with owner android.display (1902) at void com.android.server.wm.WindowAnimator$1.doFrame(long)(WindowAnimator.java:144) waiters=5 in void com.android.server.wm.WindowState$DeathRecipient.binderDied() for 4.877s
06-07 12:57:33.293 W/WindowManager( 1862): Failed looking up window
06-07 12:57:33.293 W/WindowManager( 1862): java.lang.IllegalArgumentException: Requested window android.os.BinderProxy@6637d65 does not exist
06-07 12:57:33.293 W/WindowManager( 1862): 	at com.android.server.wm.WindowManagerService.windowForClientLocked(WindowManagerService.java:9422)
06-07 12:57:33.293 W/WindowManager( 1862): 	at com.android.server.wm.WindowManagerService.windowForClientLocked(WindowManagerService.java:9413)
06-07 12:57:33.293 W/WindowManager( 1862): 	at com.android.server.wm.WindowState$DeathRecipient.binderDied(WindowState.java:1807)
06-07 12:57:33.293 W/WindowManager( 1862): 	at android.os.BinderProxy.sendDeathNotice(Binder.java:688)
06-07 12:57:33.293 I/WindowManager( 1862): WIN DEATH: null
06-07 12:57:33.293 W/art     ( 1862): Long monitor contention with owner android.display (1902) at void com.android.server.wm.WindowAnimator$1.doFrame(long)(WindowAnimator.java:144) waiters=6 in void com.android.server.wm.Session.binderDied() for 4.821s
06-07 12:57:33.294 W/art     ( 1862): Long monitor contention with owner android.display (1902) at void com.android.server.wm.WindowAnimator$1.doFrame(long)(WindowAnimator.java:144) waiters=7 in void com.android.server.wm.WindowState$DeathRecipient.binderDied() for 4.806s
06-07 12:57:33.295 I/WindowManager( 1862): WIN DEATH: Window{597c0b6 u0 DockedStackDivider}
06-07 12:57:33.295 W/InputDispatcher( 1862): Attempted to unregister already unregistered input channel '597c0b6 DockedStackDivider (server)'
06-07 12:57:33.399 W/art     ( 1862): Long monitor contention with owner android.display (1902) at void com.android.server.wm.WindowAnimator$1.doFrame(long)(WindowAnimator.java:144) waiters=7 in void com.android.server.wm.WindowManagerService.setAppOrientation(android.view.IApplicationToken, int) for 4.060s
06-07 12:57:33.403 W/art     ( 1862): Long monitor contention with owner Binder:1862_3 (2071) at void com.android.server.am.ActivityManagerService.setRequestedOrientation(android.os.IBinder, int)(ActivityManagerService.java:4785) waiters=0 in void com.android.server.am.ActivityStack$ActivityStackHandler.handleMessage(android.os.Message) for 7.437s
06-07 12:57:33.416 W/art     ( 1862): Long monitor contention with owner Binder:1862_3 (2071) at void com.android.server.am.ActivityManagerService.setRequestedOrientation(android.os.IBinder, int)(ActivityManagerService.java:4785) waiters=1 in java.lang.String com.android.server.am.ActivityManagerService.checkContentProviderAccess(java.lang.String, int) for 7.394s
06-07 12:57:33.456 W/art     ( 1862): Long monitor contention with owner Binder:1862_3 (2071) at void com.android.server.am.ActivityManagerService.setRequestedOrientation(android.os.IBinder, int)(ActivityManagerService.java:4785) waiters=2 in boolean com.android.server.am.ActivityManagerService.unbindService(android.app.IServiceConnection) for 7.278s
06-07 12:57:33.464 W/art     ( 1862): Long monitor contention with owner Binder:1862_3 (2071) at void com.android.server.am.ActivityManagerService.setRequestedOrientation(android.os.IBinder, int)(ActivityManagerService.java:4785) waiters=3 in com.android.server.am.ProcessRecord com.android.server.am.ActivityManagerService.findAppProcess(android.os.IBinder, java.lang.String) for 7.189s
06-07 12:57:33.465 W/art     ( 1862): Long monitor contention with owner Binder:1862_3 (2071) at void com.android.server.am.ActivityManagerService.setRequestedOrientation(android.os.IBinder, int)(ActivityManagerService.java:4785) waiters=4 in void com.android.server.am.ActivityManagerService$AppDeathRecipient.binderDied() for 5.012s
06-07 12:57:33.477 I/ActivityManager( 1862): Process com.android.systemui (pid 2054) has died
06-07 12:57:33.478 D/ActivityManager( 1862): cleanUpApplicationRecord -- 2054
06-07 12:57:33.480 W/ActivityManager( 1862): Scheduling restart of crashed service com.android.systemui/.SystemUIService in 0ms
06-07 12:57:33.480 W/ActivityManager( 1862): Scheduling restart of crashed service com.android.systemui/.ImageWallpaper in 0ms
06-07 12:57:33.480 W/ActivityManager( 1862): Scheduling restart of crashed service com.android.systemui/.keyguard.KeyguardService in 0ms
06-07 12:57:33.485 W/ActivityManager( 1862): Re-adding persistent process ProcessRecord{2e62828 2054:com.android.systemui/u0a21}
06-07 12:57:33.551 W/libprocessgroup( 1862): failed to open /acct/uid_10021/pid_2054/cgroup.procs: No such file or directory
06-07 12:57:33.579 W/ActivityManager( 1862): Slow operation: 94ms so far, now at startProcess: returned from zygote!
06-07 12:57:33.580 W/ActivityManager( 1862): Slow operation: 95ms so far, now at startProcess: done updating battery stats
06-07 12:57:33.580 W/ActivityManager( 1862): Slow operation: 96ms so far, now at startProcess: building log message
06-07 12:57:33.581 I/ActivityManager( 1862): Start proc 2630:com.android.systemui/u0a21 for restart com.android.systemui
06-07 12:57:33.581 W/ActivityManager( 1862): Slow operation: 96ms so far, now at startProcess: starting to update pids map
06-07 12:57:33.581 W/ActivityManager( 1862): Slow operation: 96ms so far, now at startProcess: done updating pids map
06-07 12:57:33.586 W/art     ( 1862): Long monitor contention with owner Binder:1862_3 (2071) at void com.android.server.am.ActivityManagerService.setRequestedOrientation(android.os.IBinder, int)(ActivityManagerService.java:4785) waiters=5 in java.lang.String com.android.server.am.ActivityManagerService.checkContentProviderAccess(java.lang.String, int) for 4.943s
06-07 12:57:33.604 W/art     ( 1862): Long monitor contention with owner Binder:1862_3 (2071) at void com.android.server.am.ActivityManagerService.setRequestedOrientation(android.os.IBinder, int)(ActivityManagerService.java:4785) waiters=6 in boolean com.android.server.am.ActivityManagerService.isUserRunning(int, int) for 4.928s
06-07 12:57:33.606 W/art     ( 1862): Long monitor contention with owner Binder:1862_3 (2071) at void com.android.server.am.ActivityManagerService.setRequestedOrientation(android.os.IBinder, int)(ActivityManagerService.java:4785) waiters=7 in void com.android.server.am.ActivityManagerService.monitor() for 3.769s
06-07 12:57:33.612 W/art     ( 1862): Long monitor contention with owner Binder:1862_3 (2071) at void com.android.server.am.ActivityManagerService.setRequestedOrientation(android.os.IBinder, int)(ActivityManagerService.java:4785) waiters=8 in int com.android.server.am.PendingIntentRecord.sendInner(int, android.content.Intent, java.lang.String, android.content.IIntentReceiver, java.lang.String, android.os.IBinder, java.lang.String, int, int, int, android.os.Bundle, android.app.IActivityContainer) for 2.942s
06-07 12:57:33.626 W/art     ( 1862): Long monitor contention with owner Binder:1862_3 (2071) at void com.android.server.am.ActivityManagerService.setRequestedOrientation(android.os.IBinder, int)(ActivityManagerService.java:4785) waiters=9 in void com.android.server.am.ActivityManagerService$LocalService.notifyAppTransitionFinished() for 2.508s
06-07 12:57:33.628 W/art     ( 1862): Long monitor contention with owner ActivityManager (1889) at void com.android.server.am.ActivityStackSupervisor$ActivityStackSupervisorHandler.activityIdleInternal(com.android.server.am.ActivityRecord)(ActivityStackSupervisor.java:3867) waiters=8 in java.lang.String com.android.server.am.ActivityManagerService.checkContentProviderAccess(java.lang.String, int) for 212ms
06-07 12:57:33.631 W/art     ( 1862): Long monitor contention with owner ActivityManager (1889) at void com.android.server.am.ActivityStackSupervisor$ActivityStackSupervisorHandler.activityIdleInternal(com.android.server.am.ActivityRecord)(ActivityStackSupervisor.java:3867) waiters=9 in android.app.ActivityOptions com.android.server.am.ActivityManagerService.getActivityOptions(android.os.IBinder) for 210ms
06-07 12:57:33.642 W/art     ( 1862): Long monitor contention with owner Binder:1862_B (2625) at void com.android.server.am.ActivityManagerService$AppDeathRecipient.binderDied()(ActivityManagerService.java:1475) waiters=8 in void com.android.server.am.ActivityManagerService.appendDropBoxProcessHeaders(com.android.server.am.ProcessRecord, java.lang.String, java.lang.StringBuilder) for 165ms
06-07 12:57:33.643 W/art     ( 1862): Long monitor contention with owner Binder:1862_B (2625) at void com.android.server.am.ActivityManagerService$AppDeathRecipient.binderDied()(ActivityManagerService.java:1475) waiters=9 in void com.android.server.am.ActiveServices$ServiceRestarter.run() for 164ms
06-07 12:57:33.759 E/NetdConnector( 1862): NDC event {614 Address updated fec0::f40c:93ff:fed1:ba64/64 radio0 0 200} processed too late: 1790ms
06-07 12:57:33.761 E/NetdConnector( 1862): NDC event {614 Address updated fec0::98b5:fc08:484:e335/64 radio0 1 200} processed too late: 1841ms
06-07 12:57:33.762 W/WallpaperManagerService( 1862): Wallpaper reconnect timed out, reverting to built-in wallpaper!
06-07 12:57:33.860 W/art     ( 2630): Unexpected CPU variant for X86 using defaults: x86_64
06-07 12:57:34.137 W/art     ( 1862): Long monitor contention with owner ActivityManager (1889) at void com.android.server.pm.PackageManagerService.setPackageStoppedState(java.lang.String, boolean, int)(PackageManagerService.java:18086) waiters=1 in android.content.pm.ProviderInfo com.android.server.pm.PackageManagerService.resolveContentProvider(java.lang.String, int, int) for 464ms
06-07 12:57:34.288 W/System  ( 2630): ClassLoader referenced unknown path: /system/priv-app/SystemUI/lib/x86_64
06-07 12:57:34.323 W/art     ( 1862): Long monitor contention with owner android.display (1902) at void com.android.server.wm.WindowAnimator$1.doFrame(long)(WindowAnimator.java:144) waiters=1 in void com.android.server.wm.WindowManagerService.removeWindowToken(android.os.IBinder) for 322ms
06-07 12:57:34.397 W/art     ( 1862): Long monitor contention with owner android.fg (1900) at void com.android.server.wallpaper.WallpaperManagerService$WallpaperConnection.-com_android_server_wallpaper_WallpaperManagerService$WallpaperConnection_lambda$1()(WallpaperManagerService.java:610) waiters=0 in android.app.WallpaperInfo com.android.server.wallpaper.WallpaperManagerService.getWallpaperInfo(int) for 389ms
06-07 12:57:34.730 D/WIFI    ( 1862): Registering NetworkFactory
06-07 12:57:34.730 D/WIFI_UT ( 1862): Registering NetworkFactory
06-07 12:57:34.732 D/ConnectivityService( 1862): Got NetworkFactory Messenger for WIFI
06-07 12:57:34.732 D/ConnectivityService( 1862): Got NetworkFactory Messenger for WIFI_UT
06-07 12:57:34.734 D/WIFI    ( 1862): got request NetworkRequest [ REQUEST id=1, [ Capabilities: INTERNET&NOT_RESTRICTED&TRUSTED&NOT_VPN] ] with score 0
06-07 12:57:34.735 D/WIFI_UT ( 1862): got request NetworkRequest [ REQUEST id=1, [ Capabilities: INTERNET&NOT_RESTRICTED&TRUSTED&NOT_VPN] ] with score 0
06-07 12:57:34.753 I/AlarmClock( 2490): AlarmInitReceiver android.intent.action.LOCKED_BOOT_COMPLETED
06-07 12:57:34.855 I/Choreographer( 2533): Skipped 592 frames!  The application may be doing too much work on its main thread.
06-07 12:57:34.903 V/AlarmClock( 2490): AlarmInitReceiver finished
06-07 12:57:35.087 V/SystemUIService( 2630): Starting SystemUI services for user 0.
06-07 12:57:35.204 W/ActivityManager( 1862): Slow operation: 158ms so far, now at startProcess: returned from zygote!
06-07 12:57:35.204 W/ActivityManager( 1862): Slow operation: 158ms so far, now at startProcess: done updating battery stats
06-07 12:57:35.205 W/ActivityManager( 1862): Slow operation: 159ms so far, now at startProcess: building log message
06-07 12:57:35.205 I/ActivityManager( 1862): Start proc 2645:com.android.printspooler/u0a51 for service com.android.printspooler/.model.PrintSpoolerService
06-07 12:57:35.205 W/ActivityManager( 1862): Slow operation: 159ms so far, now at startProcess: starting to update pids map
06-07 12:57:35.205 W/ActivityManager( 1862): Slow operation: 159ms so far, now at startProcess: done updating pids map
06-07 12:57:35.205 W/ActivityManager( 1862): Slow operation: 174ms so far, now at startProcess: done starting proc!
06-07 12:57:35.232 W/art     ( 2645): Unexpected CPU variant for X86 using defaults: x86_64
06-07 12:57:35.655 I/Choreographer( 2533): Skipped 44 frames!  The application may be doing too much work on its main thread.
06-07 12:57:35.698 W/art     ( 1862): Long monitor contention with owner Binder:1862_3 (2071) at int com.android.server.wm.WindowManagerService.relayoutWindow(com.android.server.wm.Session, android.view.IWindow, int, android.view.WindowManager$LayoutParams, int, int, int, int, android.graphics.Rect, android.graphics.Rect, android.graphics.Rect, android.graphics.Rect, android.graphics.Rect, android.graphics.Rect, android.graphics.Rect, android.content.res.Configuration, android.view.Surface)(WindowManagerService.java:2857) waiters=0 in void com.android.server.wm.WindowManagerService$H.handleMessage(android.os.Message) for 342ms
06-07 12:57:35.745 D/gralloc_ranchu( 2533): Emulator without host-side GPU emulation detected. Loading gralloc.default.so from /vendor/lib64/hw/gralloc.goldfish.default.so...
06-07 12:57:35.769 D/gralloc_ranchu( 2533): gralloc.default.so not found in /vendor. Trying /system/lib64/hw/gralloc.goldfish.default.so...
06-07 12:57:35.916 V/MediaRouter( 2630): Adding route: RouteInfo{ name=Phone, description=null, status=null, category=RouteCategory{ name=null types=ROUTE_TYPE_LIVE_AUDIO ROUTE_TYPE_LIVE_VIDEO  groupable=false }, supportedTypes=ROUTE_TYPE_LIVE_AUDIO ROUTE_TYPE_LIVE_VIDEO , presentationDisplay=null }
06-07 12:57:35.957 V/MediaRouter( 2630): Updating audio routes: AudioRoutesInfo{ type=SPEAKER }
06-07 12:57:35.992 V/MediaRouter( 2630): Selecting route: RouteInfo{ name=Phone, description=null, status=null, category=RouteCategory{ name=null types=ROUTE_TYPE_LIVE_AUDIO ROUTE_TYPE_LIVE_VIDEO  groupable=false }, supportedTypes=ROUTE_TYPE_LIVE_AUDIO ROUTE_TYPE_LIVE_VIDEO , presentationDisplay=null }
06-07 12:57:36.151 D/AlarmClock/Events( 2490): [Stopwatch] [Reset] [Reboot]
06-07 12:57:36.227 D/TrustManagerService( 1862): Removing dead TrustListener.
06-07 12:57:36.362 I/ActivityManager( 1862): Start proc 2660:android.process.media/u0a10 for broadcast com.android.providers.downloads/.DownloadReceiver
06-07 12:57:36.510 I/ActivityManager( 1862): Displayed com.android.launcher3/.Launcher: +21s127ms
06-07 12:57:36.858 W/art     ( 2660): Unexpected CPU variant for X86 using defaults: x86_64
06-07 12:57:37.194 E/WVMExtractor( 2630): Failed to open libwvm.so: dlopen failed: library "libwvm.so" not found
06-07 12:57:37.882 E/NetdConnector( 1862): NDC Command {19 bandwidth addniceapps 10010} took too long (1519ms)
06-07 12:57:37.896 W/art     ( 1862): Long monitor contention with owner android.bg (1888) at void com.android.server.power.PowerManagerService.acquireWakeLockInternal(android.os.IBinder, int, java.lang.String, java.lang.String, android.os.WorkSource, java.lang.String, int, int)(PowerManagerService.java:862) waiters=0 in void com.android.server.power.PowerManagerService.handleSandman() for 549ms
06-07 12:57:38.018 I/MediaPlayerService( 1338): MediaPlayerService::getOMX
06-07 12:57:38.030 I/OMXClient( 2630): MuxOMX ctor
06-07 12:57:38.064 I/OMXMaster( 1335): makeComponentInstance(OMX.google.vorbis.decoder) in mediacodec process
06-07 12:57:38.632 V/AlarmClock( 2490): AlarmInitReceiver finished
06-07 12:57:38.801 I/vol.Events( 2630): writeEvent collection_started
06-07 12:57:39.066 I/vol.Events( 2630): writeEvent external_ringer_mode_changed normal
06-07 12:57:39.067 I/vol.Events( 2630): writeEvent internal_ringer_mode_changed normal
06-07 12:57:39.224 W/System  ( 2660): ClassLoader referenced unknown path: /system/priv-app/DownloadProvider/lib/x86_64
06-07 12:57:39.434 I/art     ( 2533): Background sticky concurrent mark sweep GC freed 19930(1940KB) AllocSpace objects, 11(256KB) LOS objects, 20% free, 7MB/10MB, paused 1.382ms total 277.081ms
06-07 12:57:39.508 I/MediaPlayerService( 1338): MediaPlayerService::getOMX
06-07 12:57:39.524 I/OMXClient( 2630): MuxOMX ctor
06-07 12:57:39.547 I/OMXMaster( 1335): makeComponentInstance(OMX.google.vorbis.decoder) in mediacodec process
06-07 12:57:39.680 W/System  ( 2660): ClassLoader referenced unknown path: /system/priv-app/MediaProvider/lib/x86_64
06-07 12:57:39.684 D/ApplicationLoaders( 2660): ignored Vulkan layer search path /system/priv-app/MediaProvider/lib/x86_64:/system/priv-app/MediaProvider/MediaProvider.apk!/lib/x86_64:/system/lib64:/vendor/lib64 for namespace 0x7dd909c210f0
06-07 12:57:40.347 I/vol.Events( 2630): writeEvent level_changed STREAM_ALARM 6
06-07 12:57:40.391 I/vol.Events( 2630): writeEvent level_changed STREAM_BLUETOOTH_SCO 7
06-07 12:57:40.418 I/MediaPlayerService( 1338): MediaPlayerService::getOMX
06-07 12:57:40.420 I/OMXClient( 2630): MuxOMX ctor
06-07 12:57:40.425 I/OMXMaster( 1335): makeComponentInstance(OMX.google.vorbis.decoder) in mediacodec process
06-07 12:57:40.536 I/vol.Events( 2630): writeEvent level_changed STREAM_MUSIC 11
06-07 12:57:40.641 I/vol.Events( 2630): writeEvent level_changed STREAM_RING 5
06-07 12:57:40.670 I/vol.Events( 2630): writeEvent level_changed STREAM_SYSTEM 5
06-07 12:57:40.686 I/vol.Events( 2630): writeEvent level_changed STREAM_VOICE_CALL 4
06-07 12:57:40.758 D/StorageNotification( 2630): Notifying about private volume: VolumeInfo{private}:
06-07 12:57:40.758 D/StorageNotification( 2630):     type=PRIVATE diskId=null partGuid=null mountFlags=0 mountUserId=-1 
06-07 12:57:40.758 D/StorageNotification( 2630):     state=MOUNTED 
06-07 12:57:40.758 D/StorageNotification( 2630):     fsType=null fsUuid=null fsLabel=null 
06-07 12:57:40.758 D/StorageNotification( 2630):     path=/data internalPath=null 
06-07 12:57:40.789 D/StorageNotification( 2630): Notifying about public volume: VolumeInfo{public:253,48}:
06-07 12:57:40.789 D/StorageNotification( 2630):     type=PUBLIC diskId=disk:253,48 partGuid=null mountFlags=VISIBLE 
06-07 12:57:40.789 D/StorageNotification( 2630):     mountUserId=0 state=MOUNTED 
06-07 12:57:40.789 D/StorageNotification( 2630):     fsType=vfat fsUuid=1EFF-1C1B fsLabel=SDCARD 
06-07 12:57:40.789 D/StorageNotification( 2630):     path=/storage/1EFF-1C1B internalPath=/mnt/media_rw/1EFF-1C1B 
06-07 12:57:41.006 V/KeyguardServiceDelegate( 1862): *** Keyguard connected (yay!)
06-07 12:57:41.541 D/MediaScannerReceiver( 2660): action: android.intent.action.MEDIA_MOUNTED path: /storage/1EFF-1C1B
06-07 12:57:41.566 W/art     ( 1862): Long monitor contention with owner Binder:1862_8 (2622) at void com.android.server.wm.WindowManagerService.setInsetsWindow(com.android.server.wm.Session, android.view.IWindow, int, android.graphics.Rect, android.graphics.Rect, android.graphics.Region)(WindowManagerService.java:2719) waiters=0 in void com.android.server.wm.WindowManagerService.setDockedStackDividerTouchRegion(android.graphics.Rect) for 368ms
06-07 12:57:41.570 W/art     ( 1862): Long monitor contention with owner Binder:1862_8 (2622) at void com.android.server.wm.WindowManagerService.setInsetsWindow(com.android.server.wm.Session, android.view.IWindow, int, android.graphics.Rect, android.graphics.Rect, android.graphics.Region)(WindowManagerService.java:2719) waiters=1 in void com.android.server.wm.WindowManagerService$H.handleMessage(android.os.Message) for 371ms
06-07 12:57:41.679 I/StatusBarManagerService( 1862): registerStatusBar bar=com.android.internal.statusbar.IStatusBar$Stub$Proxy@3d154de
06-07 12:57:41.923 D/MediaScannerReceiver( 2660): action: android.intent.action.MEDIA_MOUNTED path: /storage/emulated/0
06-07 12:57:42.040 W/Binder  ( 2630): Binder call failed.
06-07 12:57:42.040 W/Binder  ( 2630): android.os.DeadObjectException
06-07 12:57:42.040 W/Binder  ( 2630): 	at android.os.BinderProxy.transactNative(Native Method)
06-07 12:57:42.040 W/Binder  ( 2630): 	at android.os.BinderProxy.transact(Binder.java:615)
06-07 12:57:42.040 W/Binder  ( 2630): 	at android.content.IIntentReceiver$Stub$Proxy.performReceive(IIntentReceiver.java:124)
06-07 12:57:42.040 W/Binder  ( 2630): 	at android.app.ActivityThread$ApplicationThread.scheduleRegisteredReceiver(ActivityThread.java:946)
06-07 12:57:42.040 W/Binder  ( 2630): 	at android.app.ApplicationThreadNative.onTransact(ApplicationThreadNative.java:404)
06-07 12:57:42.040 W/Binder  ( 2630): 	at android.os.Binder.execTransact(Binder.java:565)
06-07 12:57:42.587 V/MediaScanner( 2660): pruneDeadThumbnailFiles... android.content.ContentProviderClient$CursorWrapperInner@9c70996
06-07 12:57:42.596 V/MediaScanner( 2660): /pruneDeadThumbnailFiles... android.content.ContentProviderClient$CursorWrapperInner@9c70996
06-07 12:57:42.942 W/art     ( 2630): Suspending all threads took: 13.430ms
06-07 12:57:42.993 I/art     ( 2660): Waiting for a blocking GC DisableMovingGc
06-07 12:57:43.003 I/art     ( 2660): WaitForGcToComplete blocked for 9.834ms for cause DisableMovingGc
06-07 12:57:43.003 I/art     ( 2660): Starting a blocking GC DisableMovingGc
06-07 12:57:43.030 I/art     ( 2630): Background sticky concurrent mark sweep GC freed 15523(2MB) AllocSpace objects, 2(40KB) LOS objects, 28% free, 7MB/10MB, paused 15.169ms total 224.069ms
06-07 12:57:43.085 I/art     ( 1862): Background partial concurrent mark sweep GC freed 25623(1878KB) AllocSpace objects, 12(684KB) LOS objects, 29% free, 9MB/13MB, paused 1.379ms total 235.761ms
06-07 12:57:43.469 W/System  ( 2630): ClassLoader referenced unknown path: 
06-07 12:57:43.469 W/System  ( 2630): ClassLoader referenced unknown path: /system/priv-app/Dialer/lib/x86_64
06-07 12:57:43.473 D/ApplicationLoaders( 2630): ignored Vulkan layer search path /system/priv-app/Dialer/lib/x86_64:/system/lib64:/vendor/lib64 for namespace 0x7dd909d840f0
06-07 12:57:43.530 V/MediaScanner( 2660): pruneDeadThumbnailFiles... android.content.ContentProviderClient$CursorWrapperInner@e6f334
06-07 12:57:43.531 V/MediaScanner( 2660): /pruneDeadThumbnailFiles... android.content.ContentProviderClient$CursorWrapperInner@e6f334
06-07 12:57:43.655 E/BluetoothAdapter( 2630): Bluetooth binder is null
06-07 12:57:43.721 I/CameraManagerGlobal( 2630): Connecting to camera service
06-07 12:57:43.741 V/EmulatedCamera_Camera( 1328): getCameraInfo
06-07 12:57:43.743 V/EmulatedCamera_BaseCamera( 1328): getCameraInfo
06-07 12:57:43.743 I/CameraService( 1328): getCameraCharacteristics: Switching to HAL1 shim implementation...
06-07 12:57:43.743 V/EmulatedCamera_Camera( 1328): getCameraInfo
06-07 12:57:43.743 V/EmulatedCamera_BaseCamera( 1328): getCameraInfo
06-07 12:57:43.751 V/EmulatedCamera_Camera( 1328): getCameraInfo
06-07 12:57:43.752 V/EmulatedCamera_BaseCamera( 1328): getCameraInfo
06-07 12:57:43.759 V/EmulatedCamera_Camera( 1328): getCameraInfo
06-07 12:57:43.759 V/EmulatedCamera_BaseCamera( 1328): getCameraInfo
06-07 12:57:43.808 I/StatusBar( 2630): isKeyguardShowing() called before startKeyguard(), returning true
06-07 12:57:43.810 W/StatusBar( 2630): isKeyguardSecure() called before startKeyguard(), returning false
06-07 12:57:43.810 W/StatusBar( 2630): java.lang.Throwable
06-07 12:57:43.810 W/StatusBar( 2630): 	at com.android.systemui.statusbar.BaseStatusBar.isKeyguardSecure(BaseStatusBar.java:2647)
06-07 12:57:43.810 W/StatusBar( 2630): 	at com.android.systemui.statusbar.BaseStatusBar.isCameraAllowedByAdmin(BaseStatusBar.java:2670)
06-07 12:57:43.810 W/StatusBar( 2630): 	at com.android.systemui.statusbar.phone.KeyguardBottomAreaView.updateCameraVisibility(KeyguardBottomAreaView.java:309)
06-07 12:57:43.810 W/StatusBar( 2630): 	at com.android.systemui.statusbar.phone.KeyguardBottomAreaView.setPhoneStatusBar(KeyguardBottomAreaView.java:272)
06-07 12:57:43.810 W/StatusBar( 2630): 	at com.android.systemui.statusbar.phone.PhoneStatusBar.makeStatusBarView(PhoneStatusBar.java:904)
06-07 12:57:43.810 W/StatusBar( 2630): 	at com.android.systemui.statusbar.phone.PhoneStatusBar.addStatusBarWindow(PhoneStatusBar.java:3432)
06-07 12:57:43.810 W/StatusBar( 2630): 	at com.android.systemui.statusbar.phone.PhoneStatusBar.createAndAddWindows(PhoneStatusBar.java:3428)
06-07 12:57:43.810 W/StatusBar( 2630): 	at com.android.systemui.statusbar.BaseStatusBar.start(BaseStatusBar.java:765)
06-07 12:57:43.810 W/StatusBar( 2630): 	at com.android.systemui.statusbar.phone.PhoneStatusBar.start(PhoneStatusBar.java:686)
06-07 12:57:43.810 W/StatusBar( 2630): 	at com.android.systemui.statusbar.SystemBars.createStatusBarFromConfig(SystemBars.java:106)
06-07 12:57:43.810 W/StatusBar( 2630): 	at com.android.systemui.statusbar.SystemBars.onNoService(SystemBars.java:58)
06-07 12:57:43.810 W/StatusBar( 2630): 	at com.android.systemui.statusbar.ServiceMonitor.startService(ServiceMonitor.java:230)
06-07 12:57:43.810 W/StatusBar( 2630): 	at com.android.systemui.statusbar.ServiceMonitor.-wrap5(ServiceMonitor.java)
06-07 12:57:43.810 W/StatusBar( 2630): 	at com.android.systemui.statusbar.ServiceMonitor$1.handleMessage(ServiceMonitor.java:73)
06-07 12:57:43.810 W/StatusBar( 2630): 	at android.os.Handler.dispatchMessage(Handler.java:102)
06-07 12:57:43.810 W/StatusBar( 2630): 	at android.os.Looper.loop(Looper.java:154)
06-07 12:57:43.810 W/StatusBar( 2630): 	at android.app.ActivityThread.main(ActivityThread.java:6119)
06-07 12:57:43.810 W/StatusBar( 2630): 	at java.lang.reflect.Method.invoke(Native Method)
06-07 12:57:43.810 W/StatusBar( 2630): 	at com.android.internal.os.ZygoteInit$MethodAndArgsCaller.run(ZygoteInit.java:886)
06-07 12:57:43.810 W/StatusBar( 2630): 	at com.android.internal.os.ZygoteInit.main(ZygoteInit.java:776)
06-07 12:57:43.817 I/StatusBar( 2630): isKeyguardShowing() called before startKeyguard(), returning true
06-07 12:57:43.819 W/StatusBar( 2630): isKeyguardSecure() called before startKeyguard(), returning false
06-07 12:57:43.819 W/StatusBar( 2630): java.lang.Throwable
06-07 12:57:43.819 W/StatusBar( 2630): 	at com.android.systemui.statusbar.BaseStatusBar.isKeyguardSecure(BaseStatusBar.java:2647)
06-07 12:57:43.819 W/StatusBar( 2630): 	at com.android.systemui.statusbar.BaseStatusBar.isCameraAllowedByAdmin(BaseStatusBar.java:2670)
06-07 12:57:43.819 W/StatusBar( 2630): 	at com.android.systemui.statusbar.phone.KeyguardBottomAreaView.updateCameraVisibility(KeyguardBottomAreaView.java:309)
06-07 12:57:43.819 W/StatusBar( 2630): 	at com.android.systemui.statusbar.phone.KeyguardBottomAreaView.setUserSetupComplete(KeyguardBottomAreaView.java:281)
06-07 12:57:43.819 W/StatusBar( 2630): 	at com.android.systemui.statusbar.phone.PhoneStatusBar.makeStatusBarView(PhoneStatusBar.java:905)
06-07 12:57:43.819 W/StatusBar( 2630): 	at com.android.systemui.statusbar.phone.PhoneStatusBar.addStatusBarWindow(PhoneStatusBar.java:3432)
06-07 12:57:43.819 W/StatusBar( 2630): 	at com.android.systemui.statusbar.phone.PhoneStatusBar.createAndAddWindows(PhoneStatusBar.java:3428)
06-07 12:57:43.819 W/StatusBar( 2630): 	at com.android.systemui.statusbar.BaseStatusBar.start(BaseStatusBar.java:765)
06-07 12:57:43.819 W/StatusBar( 2630): 	at com.android.systemui.statusbar.phone.PhoneStatusBar.start(PhoneStatusBar.java:686)
06-07 12:57:43.819 W/StatusBar( 2630): 	at com.android.systemui.statusbar.SystemBars.createStatusBarFromConfig(SystemBars.java:106)
06-07 12:57:43.819 W/StatusBar( 2630): 	at com.android.systemui.statusbar.SystemBars.onNoService(SystemBars.java:58)
06-07 12:57:43.819 W/StatusBar( 2630): 	at com.android.systemui.statusbar.ServiceMonitor.startService(ServiceMonitor.java:230)
06-07 12:57:43.819 W/StatusBar( 2630): 	at com.android.systemui.statusbar.ServiceMonitor.-wrap5(ServiceMonitor.java)
06-07 12:57:43.819 W/StatusBar( 2630): 	at com.android.systemui.statusbar.ServiceMonitor$1.handleMessage(ServiceMonitor.java:73)
06-07 12:57:43.819 W/StatusBar( 2630): 	at android.os.Handler.dispatchMessage(Handler.java:102)
06-07 12:57:43.819 W/StatusBar( 2630): 	at android.os.Looper.loop(Looper.java:154)
06-07 12:57:43.819 W/StatusBar( 2630): 	at android.app.ActivityThread.main(ActivityThread.java:6119)
06-07 12:57:43.819 W/StatusBar( 2630): 	at java.lang.reflect.Method.invoke(Native Method)
06-07 12:57:43.819 W/StatusBar( 2630): 	at com.android.internal.os.ZygoteInit$MethodAndArgsCaller.run(ZygoteInit.java:886)
06-07 12:57:43.819 W/StatusBar( 2630): 	at com.android.internal.os.ZygoteInit.main(ZygoteInit.java:776)
06-07 12:57:43.953 V/EmulatedCamera_Camera( 1328): getCameraInfo
06-07 12:57:43.953 V/EmulatedCamera_BaseCamera( 1328): getCameraInfo
06-07 12:57:43.958 V/EmulatedCamera_Camera( 1328): getCameraInfo
06-07 12:57:43.958 V/EmulatedCamera_BaseCamera( 1328): getCameraInfo
06-07 12:57:44.133 I/StatusBar( 2630): isKeyguardShowing() called before startKeyguard(), returning true
06-07 12:57:44.135 W/StatusBar( 2630): isKeyguardSecure() called before startKeyguard(), returning false
06-07 12:57:44.135 W/StatusBar( 2630): java.lang.Throwable
06-07 12:57:44.135 W/StatusBar( 2630): 	at com.android.systemui.statusbar.BaseStatusBar.isKeyguardSecure(BaseStatusBar.java:2647)
06-07 12:57:44.135 W/StatusBar( 2630): 	at com.android.systemui.statusbar.BaseStatusBar.isCameraAllowedByAdmin(BaseStatusBar.java:2670)
06-07 12:57:44.135 W/StatusBar( 2630): 	at com.android.systemui.statusbar.phone.KeyguardBottomAreaView.updateCameraVisibility(KeyguardBottomAreaView.java:309)
06-07 12:57:44.135 W/StatusBar( 2630): 	at com.android.systemui.statusbar.phone.KeyguardBottomAreaView.setUserSetupComplete(KeyguardBottomAreaView.java:281)
06-07 12:57:44.135 W/StatusBar( 2630): 	at com.android.systemui.statusbar.phone.PhoneStatusBar$1.onChange(PhoneStatusBar.java:441)
06-07 12:57:44.135 W/StatusBar( 2630): 	at com.android.systemui.statusbar.phone.PhoneStatusBar.resetUserSetupObserver(PhoneStatusBar.java:3676)
06-07 12:57:44.135 W/StatusBar( 2630): 	at com.android.systemui.statusbar.phone.PhoneStatusBar.makeStatusBarView(PhoneStatusBar.java:1008)
06-07 12:57:44.135 W/StatusBar( 2630): 	at com.android.systemui.statusbar.phone.PhoneStatusBar.addStatusBarWindow(PhoneStatusBar.java:3432)
06-07 12:57:44.135 W/StatusBar( 2630): 	at com.android.systemui.statusbar.phone.PhoneStatusBar.createAndAddWindows(PhoneStatusBar.java:3428)
06-07 12:57:44.135 W/StatusBar( 2630): 	at com.android.systemui.statusbar.BaseStatusBar.start(BaseStatusBar.java:765)
06-07 12:57:44.135 W/StatusBar( 2630): 	at com.android.systemui.statusbar.phone.PhoneStatusBar.start(PhoneStatusBar.java:686)
06-07 12:57:44.135 W/StatusBar( 2630): 	at com.android.systemui.statusbar.SystemBars.createStatusBarFromConfig(SystemBars.java:106)
06-07 12:57:44.135 W/StatusBar( 2630): 	at com.android.systemui.statusbar.SystemBars.onNoService(SystemBars.java:58)
06-07 12:57:44.135 W/StatusBar( 2630): 	at com.android.systemui.statusbar.ServiceMonitor.startService(ServiceMonitor.java:230)
06-07 12:57:44.135 W/StatusBar( 2630): 	at com.android.systemui.statusbar.ServiceMonitor.-wrap5(ServiceMonitor.java)
06-07 12:57:44.135 W/StatusBar( 2630): 	at com.android.systemui.statusbar.ServiceMonitor$1.handleMessage(ServiceMonitor.java:73)
06-07 12:57:44.135 W/StatusBar( 2630): 	at android.os.Handler.dispatchMessage(Handler.java:102)
06-07 12:57:44.135 W/StatusBar( 2630): 	at android.os.Looper.loop(Looper.java:154)
06-07 12:57:44.135 W/StatusBar( 2630): 	at android.app.ActivityThread.main(ActivityThread.java:6119)
06-07 12:57:44.135 W/StatusBar( 2630): 	at java.lang.reflect.Method.invoke(Native Method)
06-07 12:57:44.135 W/StatusBar( 2630): 	at com.android.internal.os.ZygoteInit$MethodAndArgsCaller.run(ZygoteInit.java:886)
06-07 12:57:44.135 W/StatusBar( 2630): 	at com.android.internal.os.ZygoteInit.main(ZygoteInit.java:776)
06-07 12:57:44.182 I/ActivityManager( 1862): Start proc 2717:android.process.acore/u0a1 for content provider com.android.providers.contacts/.ContactsProvider2
06-07 12:57:44.194 W/art     ( 2717): Unexpected CPU variant for X86 using defaults: x86_64
06-07 12:57:44.202 E/SurfaceFlinger( 1321): ro.sf.lcd_density must be defined as a build property
06-07 12:57:44.211 D/OpenGLRenderer( 2630): profile bars disabled
06-07 12:57:44.212 D/OpenGLRenderer( 2630): ambientRatio = 1.50
06-07 12:57:44.287 D/PhoneStatusBar( 2630): disable: < EXPAND* icons alerts system_info BACK* HOME* RECENT* clock SEARCH* quick_settings >
06-07 12:57:44.332 W/System  ( 2717): ClassLoader referenced unknown path: /system/priv-app/ContactsProvider/lib/x86_64
06-07 12:57:44.634 D/PhoneStatusBar( 2630): heads up is enabled
06-07 12:57:44.713 W/KeyguardUpdateMonitor( 2630): invalid subId in handleSimStateChange()
06-07 12:57:44.761 V/KeyguardServiceDelegate( 1862): **** SHOWN CALLED ****
06-07 12:57:44.768 I/Choreographer( 2630): Skipped 73 frames!  The application may be doing too much work on its main thread.
06-07 12:57:44.824 D/ViewRootImpl[StatusBar]( 2630): changeCanvasOpacity: opaque=true
06-07 12:57:45.018 W/art     ( 1862): Long monitor contention with owner android.ui (1890) at int com.android.server.wm.WindowManagerService.relayoutWindow(com.android.server.wm.Session, android.view.IWindow, int, android.view.WindowManager$LayoutParams, int, int, int, int, android.graphics.Rect, android.graphics.Rect, android.graphics.Rect, android.graphics.Rect, android.graphics.Rect, android.graphics.Rect, android.graphics.Rect, android.content.res.Configuration, android.view.Surface)(WindowManagerService.java:2857) waiters=0 in void com.android.server.wm.WindowManagerService$H.handleMessage(android.os.Message) for 229ms
06-07 12:57:45.216 I/ContactsPerf( 2717): VoicemailContentProvider.onCreate start
06-07 12:57:45.251 I/ContactsPerf( 2717): VoicemailContentProvider.onCreate finish
06-07 12:57:45.347 W/System  ( 2717): ClassLoader referenced unknown path: /system/priv-app/BlockedNumberProvider/lib/x86_64
06-07 12:57:45.351 D/ApplicationLoaders( 2717): ignored Vulkan layer search path /system/priv-app/BlockedNumberProvider/lib/x86_64:/system/lib64:/vendor/lib64 for namespace 0x7dd909c210f0
06-07 12:57:45.682 W/System  ( 2717): ClassLoader referenced unknown path: /system/app/UserDictionaryProvider/lib/x86_64
06-07 12:57:45.686 D/ApplicationLoaders( 2717): ignored Vulkan layer search path /system/app/UserDictionaryProvider/lib/x86_64:/system/lib64:/vendor/lib64 for namespace 0x7dd909c21160
06-07 12:57:45.940 I/art     ( 2630): Background partial concurrent mark sweep GC freed 18843(1661KB) AllocSpace objects, 4(84KB) LOS objects, 32% free, 8MB/12MB, paused 821us total 266.477ms
06-07 12:57:46.881 W/art     ( 1862): Long monitor contention with owner Binder:1862_A (2624) at int com.android.server.wm.WindowManagerService.relayoutWindow(com.android.server.wm.Session, android.view.IWindow, int, android.view.WindowManager$LayoutParams, int, int, int, int, android.graphics.Rect, android.graphics.Rect, android.graphics.Rect, android.graphics.Rect, android.graphics.Rect, android.graphics.Rect, android.graphics.Rect, android.content.res.Configuration, android.view.Surface)(WindowManagerService.java:2857) waiters=0 in void com.android.server.wm.WindowManagerService.getInitialDisplaySize(int, android.graphics.Point) for 685ms
06-07 12:57:46.927 W/art     ( 1862): Long monitor contention with owner Binder:1862_A (2624) at int com.android.server.wm.WindowManagerService.relayoutWindow(com.android.server.wm.Session, android.view.IWindow, int, android.view.WindowManager$LayoutParams, int, int, int, int, android.graphics.Rect, android.graphics.Rect, android.graphics.Rect, android.graphics.Rect, android.graphics.Rect, android.graphics.Rect, android.graphics.Rect, android.content.res.Configuration, android.view.Surface)(WindowManagerService.java:2857) waiters=1 in void com.android.server.wm.WindowManagerService$H.handleMessage(android.os.Message) for 732ms
06-07 12:57:47.849 W/art     ( 1862): Long monitor contention with owner Binder:1862_F (2629) at int com.android.server.wm.WindowManagerService.relayoutWindow(com.android.server.wm.Session, android.view.IWindow, int, android.view.WindowManager$LayoutParams, int, int, int, int, android.graphics.Rect, android.graphics.Rect, android.graphics.Rect, android.graphics.Rect, android.graphics.Rect, android.graphics.Rect, android.graphics.Rect, android.content.res.Configuration, android.view.Surface)(WindowManagerService.java:2857) waiters=0 in void com.android.server.wm.WindowManagerService$H.handleMessage(android.os.Message) for 199ms
06-07 12:57:47.865 D/WifiService( 1862): New client listening to asynchronous messages
06-07 12:57:48.067 I/Choreographer( 2630): Skipped 196 frames!  The application may be doing too much work on its main thread.
06-07 12:57:48.229 D/gralloc_ranchu( 2630): Emulator without host-side GPU emulation detected. Loading gralloc.default.so from /vendor/lib64/hw/gralloc.goldfish.default.so...
06-07 12:57:48.232 D/gralloc_ranchu( 2630): gralloc.default.so not found in /vendor. Trying /system/lib64/hw/gralloc.goldfish.default.so...
06-07 12:57:48.322 I/ContactLocale( 2717): AddressBook Labels [[en_US]]: [â€¦, A, B, C, D, E, F, G, H, I, J, K, L, M, N, O, P, Q, R, S, T, U, V, W, X, Y, Z, Î‘, Î’, Î“, Î”, Î•, Î–, Î—, Î˜, Î™, Îš, Î›, Îœ, Î, Îž, ÎŸ, Î , Î¡, Î£, Î¤, Î¥, Î¦, Î§, Î¨, Î©, â€¦, Ð, Ð‘, Ð’, Ð“, Ð”, Ð‚, Ð•, Ð„, Ð–, Ð—, Ð˜, Ð†, Ð™, Ðˆ, Ðš, Ð›, Ð‰, Ðœ, Ð, ÐŠ, Ðž, ÐŸ, Ð , Ð¡, Ð¢, Ð‹, Ð£, Ð¤, Ð¥, Ð¦, Ð§, Ð, Ð¨, Ð©, Ð®, Ð¯, â€¦, ×, ×‘, ×’, ×“, ×”, ×•, ×–, ×—, ×˜, ×™, ×›, ×œ, ×ž, × , ×¡, ×¢, ×¤, ×¦, ×§, ×¨, ×©, ×ª, â€¦, Ø§, Ø¨, Øª, Ø«, Ø¬, Ø­, Ø®, Ø¯, Ø°, Ø±, Ø², Ø³, Ø´, Øµ, Ø¶, Ø·, Ø¸, Ø¹, Øº, Ù, Ù‚, Ùƒ, Ù„, Ù…, Ù†, Ù‡, Ùˆ, ÙŠ, â€¦, à¸, à¸‚, à¸ƒ, à¸„, à¸…, à¸†, à¸‡, à¸ˆ, à¸‰, à¸Š, à¸‹, à¸Œ, à¸, à¸Ž, à¸, à¸, à¸‘, à¸’, à¸“, à¸”, à¸•, à¸–, à¸—, à¸˜, à¸™, à¸š, à¸›, à¸œ, à¸, à¸ž, à¸Ÿ, à¸ , à¸¡, à¸¢, à¸£, à¸¤, à¸¥, à¸¦, à¸§, à¸¨, à¸©, à¸ª, à¸«, à¸¬, à¸­, à¸®, â€¦, ã„±, ã„´, ã„·, ã„¹, ã…, ã…‚, ã……, ã…‡, ã…ˆ, ã…Š, ã…‹, ã…Œ, ã…, ã…Ž, â€¦, ã‚, ã‹, ã•, ãŸ, ãª, ã¯, ã¾, ã‚„, ã‚‰, ã‚, #, â€¦]
06-07 12:57:48.596 W/art     ( 1862): Long monitor contention with owner android.display (1902) at void com.android.server.wm.WindowManagerService$H.handleMessage(android.os.Message)(WindowManagerService.java:8368) waiters=0 in void com.android.server.wm.WindowManagerService.finishDrawingWindow(com.android.server.wm.Session, android.view.IWindow) for 204ms
06-07 12:57:48.602 D/PhoneStatusBar( 2630): disable: < expand* icons alerts system_info back* home* recent* clock search* quick_settings >
06-07 12:57:48.796 I/Choreographer( 2630): Skipped 41 frames!  The application may be doing too much work on its main thread.
06-07 12:57:48.810 W/art     ( 1862): Long monitor contention with owner android.display (1902) at void com.android.server.wm.WindowManagerService$H.handleMessage(android.os.Message)(WindowManagerService.java:8368) waiters=0 in void com.android.server.wm.WindowManagerService.statusBarVisibilityChanged(int) for 183ms
06-07 12:57:49.394 I/Choreographer( 2630): Skipped 35 frames!  The application may be doing too much work on its main thread.
06-07 12:58:22.010 W//sbin/adbd( 1323): type=1400 audit(0.0:16): avc: denied { search } for comm=7365727669636520313339 name="security" dev="vdc" ino=35203 scontext=u:r:adbd:s0 tcontext=u:object_r:security_file:s0 tclass=dir permissive=0
06-07 12:58:42.031 W/BroadcastQueue( 1862): Timeout of broadcast BroadcastRecord{d84f086 u0 android.intent.action.BOOT_COMPLETED} - receiver=android.os.BinderProxy@3ea7a37, started 60001ms ago
06-07 12:58:42.031 W/BroadcastQueue( 1862): Receiver during timeout: BroadcastFilter{15b4d0d u0 ReceiverList{99cfba4 2054 com.android.systemui/10021/u0 remote:3ea7a37}}
06-07 12:58:42.047 W/Binder  ( 2630): Binder call failed.
06-07 12:58:42.047 W/Binder  ( 2630): android.os.DeadObjectException
06-07 12:58:42.047 W/Binder  ( 2630): 	at android.os.BinderProxy.transactNative(Native Method)
06-07 12:58:42.047 W/Binder  ( 2630): 	at android.os.BinderProxy.transact(Binder.java:615)
06-07 12:58:42.047 W/Binder  ( 2630): 	at android.content.IIntentReceiver$Stub$Proxy.performReceive(IIntentReceiver.java:124)
06-07 12:58:42.047 W/Binder  ( 2630): 	at android.app.ActivityThread$ApplicationThread.scheduleRegisteredReceiver(ActivityThread.java:946)
06-07 12:58:42.047 W/Binder  ( 2630): 	at android.app.ApplicationThreadNative.onTransact(ApplicationThreadNative.java:404)
06-07 12:58:42.047 W/Binder  ( 2630): 	at android.os.Binder.execTransact(Binder.java:565)
06-07 12:58:53.511 D/AndroidRuntime( 2739): >>>>>> START com.android.internal.os.RuntimeInit uid 2000 <<<<<<
06-07 12:58:53.530 D/AndroidRuntime( 2739): CheckJNI is ON
06-07 12:58:53.832 W/art     ( 2739): Unexpected CPU variant for X86 using defaults: x86_64
06-07 12:58:53.864 D/ICU     ( 2739): No timezone override file found: /data/misc/zoneinfo/current/icu/icu_tzdata.dat
06-07 12:58:54.013 E/memtrack( 2739): Couldn't load memtrack module (No such file or directory)
06-07 12:58:54.013 E/android.os.Debug( 2739): failed to load memtrack module: -2
06-07 12:58:54.020 I/Radio-JNI( 2739): register_android_hardware_Radio DONE
06-07 12:58:54.123 D/AndroidRuntime( 2739): Calling main entry com.android.commands.pm.Pm
06-07 12:58:54.213 I/        ( 1330): free_cache(132245951) avail 809603072
06-07 12:59:10.193 W/ActivityManager( 1862): Slow operation: 79ms so far, now at startProcess: returned from zygote!
06-07 12:59:10.193 W/ActivityManager( 1862): Slow operation: 79ms so far, now at startProcess: done updating battery stats
06-07 12:59:10.194 W/ActivityManager( 1862): Slow operation: 80ms so far, now at startProcess: building log message
06-07 12:59:10.194 I/ActivityManager( 1862): Start proc 2750:com.android.defcontainer/u0a7 for service com.android.defcontainer/.DefaultContainerService
06-07 12:59:10.194 W/ActivityManager( 1862): Slow operation: 80ms so far, now at startProcess: starting to update pids map
06-07 12:59:10.194 W/ActivityManager( 1862): Slow operation: 81ms so far, now at startProcess: done updating pids map
06-07 12:59:10.195 W/ActivityManager( 1862): Slow operation: 82ms so far, now at startProcess: done starting proc!
06-07 12:59:10.211 W/art     ( 2750): Unexpected CPU variant for X86 using defaults: x86_64
06-07 12:59:10.828 I/PackageManager.DexOptimizer( 1862): Running dexopt (dex2oat) on: /data/app/vmdl1972872092.tmp/base.apk pkg=jp.jaxa.iss.kibo.rpc.sampleapk isa=x86_64 vmSafeMode=false debuggable=true target-filter=interpret-only oatDir = /data/app/vmdl1972872092.tmp/oat sharedLibraries=null
06-07 12:59:11.030 W/dex2oat ( 2766): Unexpected CPU variant for X86 using defaults: x86_64
06-07 12:59:11.042 I/dex2oat ( 2766): /system/bin/dex2oat --compiler-filter=interpret-only --debuggable
06-07 12:59:13.300 W/dex2oat ( 2766): Before Android 4.1, method int android.support.v7.widget.ListViewCompat.lookForSelectablePosition(int, boolean) would have incorrectly overridden the package-private method in android.widget.ListView
06-07 12:59:13.981 W/dex2oat ( 2766): Before Android 4.1, method android.graphics.PorterDuffColorFilter android.support.graphics.drawable.VectorDrawableCompat.updateTintFilter(android.graphics.PorterDuffColorFilter, android.content.res.ColorStateList, android.graphics.PorterDuff$Mode) would have incorrectly overridden the package-private method in android.graphics.drawable.Drawable
06-07 12:59:21.988 W/dex2oat ( 2766): Compilation of java.lang.String org.opencv.android.StaticHelper.getLibraryList() took 143.213ms
06-07 12:59:21.996 W/dex2oat ( 2766): Compilation of void org.opencv.android.Utils.nBitmapToMat2(android.graphics.Bitmap, long, boolean) took 150.101ms
06-07 12:59:24.553 I/dex2oat ( 2766): dex2oat took 13.544s (threads: 2) arena alloc=498KB (510216B) java alloc=7MB (7507248B) native alloc=15MB (16232064B) free=4MB (4215168B)
06-07 12:59:24.789 D/installd( 1330): Detected label change from u:object_r:system_data_file:s0 to u:object_r:app_data_file:s0:c512,c768 at /data/data/jp.jaxa.iss.kibo.rpc.sampleapk; running recursive restorecon
06-07 12:59:24.801 D/installd( 1330): Detected label change from u:object_r:system_data_file:s0 to u:object_r:app_data_file:s0:c512,c768 at /data/user_de/0/jp.jaxa.iss.kibo.rpc.sampleapk; running recursive restorecon
06-07 12:59:24.810 V/BackupManagerService( 1862): restoreAtInstall pkg=jp.jaxa.iss.kibo.rpc.sampleapk token=1 restoreSet=0
06-07 12:59:24.810 W/BackupManagerService( 1862): Requested unavailable transport: android/com.android.internal.backup.LocalTransport
06-07 12:59:24.810 W/BackupManagerService( 1862): No transport
06-07 12:59:24.811 V/BackupManagerService( 1862): Finishing install immediately
