05-19 13:35:52.966 I/SystemServer( 1781): No Bluetooth Service (emulator)
05-19 13:35:52.966 I/SystemServer( 1781): ConnectivityMetricsLoggerService
05-19 13:35:52.967 I/SystemServiceManager( 1781): Starting com.android.server.connectivity.MetricsLoggerService
05-19 13:35:52.990 D/EventHub( 1781): No input device configuration file found for device 'Power Button'.
05-19 13:35:53.016 I/SystemServer( 1781): IpConnectivityMetrics
05-19 13:35:53.016 I/SystemServiceManager( 1781): Starting com.android.server.connectivity.IpConnectivityMetrics
05-19 13:35:53.018 I/SystemServer( 1781): PinnerService
05-19 13:35:53.018 I/SystemServiceManager( 1781): Starting com.android.server.PinnerService
05-19 13:35:53.042 I/SystemServiceManager( 1781): Starting com.android.server.InputMethodManagerService$Lifecycle
05-19 13:35:53.086 W/EventHub( 1781): Unable to disable kernel key repeat for /dev/input/event0: Function not implemented
05-19 13:35:53.087 I/EventHub( 1781): New device: id=1, fd=91, path='/dev/input/event0', name='Power Button', classes=0x1, configuration='', keyLayout='/system/usr/keylayout/Generic.kl', keyCharacterMap='/system/usr/keychars/Generic.kcm', builtinKeyboard=false, wakeMechanism=EPOLLWAKEUP, usingClockIoctl=true
05-19 13:35:53.116 W/EventHub( 1781): Unable to disable kernel key repeat for /dev/input/event1: Function not implemented
05-19 13:35:53.116 I/EventHub( 1781): New device: id=2, fd=92, path='/dev/input/event1', name='qwerty2', classes=0x95, configuration='/system/usr/idc/qwerty2.idc', keyLayout='/system/usr/keylayout/qwerty.kl', keyCharacterMap='/system/usr/keychars/qwerty2.kcm', builtinKeyboard=true, wakeMechanism=EPOLLWAKEUP, usingClockIoctl=true
05-19 13:35:53.116 E/EventHub( 1781): could not get driver version for /dev/input/mice, Not a typewriter
05-19 13:35:53.312 I/InputReader( 1781): Device added: id=-1, name='Virtual', sources=0x00000301
05-19 13:35:53.320 I/InputReader( 1781):   Touch device 'qwerty2' could not query the properties of its associated display.  The device will be inoperable until the display size becomes available.
05-19 13:35:53.321 I/InputReader( 1781): Device added: id=0, name='qwerty2', sources=0x80001103
05-19 13:35:53.321 I/InputReader( 1781): Device added: id=1, name='Power Button', sources=0x00000101
05-19 13:35:53.848 I/SystemServer( 1781): StartAccessibilityManagerService
05-19 13:35:53.898 I/ActivityManager( 1781): Config changes=1df8 {1.0 ?mcc?mnc [en_US] ldltr sw360dp w360dp h640dp 480dpi nrml long port ?uimode ?night -touch -keyb/v/h -nav/h s.2}
05-19 13:35:53.950 I/ActivityManager( 1781): Config changes=500 {1.0 ?mcc?mnc [en_US] ldltr sw360dp w360dp h568dp 480dpi nrml port ?uimode ?night -touch -keyb/v/h -nav/h s.3}
05-19 13:35:54.018 I/ActivityManager( 1781): Config changes=8 {1.0 ?mcc?mnc [en_US] ldltr sw360dp w360dp h568dp 480dpi nrml port ?uimode ?night finger -keyb/v/h -nav/h s.4}
05-19 13:35:54.050 I/InputReader( 1781): Reconfiguring input devices.  changes=0x00000004
05-19 13:35:54.051 I/InputReader( 1781): Device reconfigured: id=0, name='qwerty2', size 1080x1920, orientation 0, mode 1, display id 0
05-19 13:35:54.055 I/InputReader( 1781): Reconfiguring input devices.  changes=0x00000004
05-19 13:35:54.076 I/SystemServiceManager( 1781): Starting com.android.server.MountService$Lifecycle
05-19 13:35:54.191 I/SystemServiceManager( 1781): Starting com.android.server.UiModeManagerService
05-19 13:35:54.196 I/ActivityManager( 1781): Config changes=200 {1.0 ?mcc?mnc [en_US] ldltr sw360dp w360dp h568dp 480dpi nrml port finger -keyb/v/h -nav/h s.5}
05-19 13:35:54.241 D/MountService( 1781): Thinking about init, mSystemReady=false, mDaemonConnected=true
05-19 13:35:54.251 D/MountService( 1781): Thinking about reset, mSystemReady=false, mDaemonConnected=true
05-19 13:35:54.251 D/MountService( 1781): Thinking about init, mSystemReady=false, mDaemonConnected=true
05-19 13:35:54.251 D/MountService( 1781): Thinking about reset, mSystemReady=false, mDaemonConnected=true
05-19 13:35:54.255 D/CryptdConnector( 1781): SND -> {1 cryptfs getfield SystemLocale}
05-19 13:35:54.286 D/CryptdConnector( 1781): RCV <- {200 1 -1}
05-19 13:35:54.305 W/MountService( 1781): No primary storage mounted!
05-19 13:35:54.305 D/VoldConnector( 1781): SND -> {1 asec list}
05-19 13:35:54.330 D/VoldConnector( 1781): RCV <- {200 1 asec operation succeeded}
05-19 13:35:54.338 I/PackageManager( 1781): No secure containers found
05-19 13:35:54.339 W/PackageManager( 1781): Unknown permission com.google.android.googleapps.permission.GOOGLE_AUTH in package com.android.providers.calendar
05-19 13:35:54.339 W/PackageManager( 1781): Unknown permission com.google.android.googleapps.permission.GOOGLE_AUTH.cl in package com.android.providers.calendar
05-19 13:35:54.339 W/PackageManager( 1781): Not granting permission android.permission.GLOBAL_SEARCH to package com.android.quicksearchbox (protectionLevel=18 flags=0x3808be45)
05-19 13:35:54.375 W/PackageManager( 1781): Not granting permission android.permission.WRITE_EXTERNAL_STORAGE to package gov.nasa.arc.astrobee.android.gs.manager because it was previously installed without
05-19 13:35:54.375 W/PackageManager( 1781): Not granting permission android.permission.READ_EXTERNAL_STORAGE to package gov.nasa.arc.astrobee.android.gs.manager because it was previously installed without
05-19 13:35:54.376 W/PackageManager( 1781): Unknown permission com.android.launcher.permission.READ_SETTINGS in package com.android.launcher3
05-19 13:35:54.376 W/PackageManager( 1781): Unknown permission com.android.launcher.permission.WRITE_SETTINGS in package com.android.launcher3
05-19 13:35:54.376 W/PackageManager( 1781): Not granting permission android.permission.BIND_APPWIDGET to package com.android.launcher3 (protectionLevel=18 flags=0x3c4bbe45)
05-19 13:35:54.376 W/PackageManager( 1781): Unknown permission com.google.android.googleapps.permission.GOOGLE_AUTH.mail in package com.android.calendar
05-19 13:35:54.376 W/PackageManager( 1781): Unknown permission com.google.android.providers.settings.permission.WRITE_GSETTINGS in package com.android.sdksetup
05-19 13:35:54.377 W/PackageManager( 1781): Unknown permission com.google.android.permission.INSTALL_WEARABLE_PACKAGES in package com.android.packageinstaller
05-19 13:35:54.377 W/PackageManager( 1781): Not granting permission android.permission.DELETE_PACKAGES to package com.svox.pico (protectionLevel=18 flags=0x3808be45)
05-19 13:35:54.377 W/PackageManager( 1781): Not granting permission android.permission.READ_CONTACTS to package com.example.android.apis because it was previously installed without
05-19 13:35:54.377 W/PackageManager( 1781): Not granting permission android.permission.WRITE_CONTACTS to package com.example.android.apis because it was previously installed without
05-19 13:35:54.377 W/PackageManager( 1781): Not granting permission android.permission.ACCESS_COARSE_LOCATION to package com.example.android.apis because it was previously installed without
05-19 13:35:54.377 W/PackageManager( 1781): Not granting permission android.permission.WRITE_EXTERNAL_STORAGE to package com.example.android.apis because it was previously installed without
05-19 13:35:54.378 W/PackageManager( 1781): Not granting permission android.permission.SEND_SMS to package com.example.android.apis because it was previously installed without
05-19 13:35:54.378 W/PackageManager( 1781): Not granting permission android.permission.RECEIVE_SMS to package com.example.android.apis because it was previously installed without
05-19 13:35:54.378 W/PackageManager( 1781): Not granting permission android.permission.RECEIVE_MMS to package com.example.android.apis because it was previously installed without
05-19 13:35:54.378 W/PackageManager( 1781): Not granting permission android.permission.READ_SMS to package com.example.android.apis because it was previously installed without
05-19 13:35:54.378 W/PackageManager( 1781): Not granting permission android.permission.READ_PHONE_STATE to package com.example.android.apis because it was previously installed without
05-19 13:35:54.378 W/PackageManager( 1781): Not granting permission android.permission.RECORD_AUDIO to package com.example.android.apis because it was previously installed without
05-19 13:35:54.378 W/PackageManager( 1781): Not granting permission android.permission.CAMERA to package com.example.android.apis because it was previously installed without
05-19 13:35:54.378 W/PackageManager( 1781): Not granting permission android.permission.READ_EXTERNAL_STORAGE to package com.example.android.apis because it was previously installed without
05-19 13:35:54.378 W/PackageManager( 1781): Unknown permission android.permission.RUN_INSTRUMENTATION in package org.chromium.webview_shell
05-19 13:35:54.378 W/PackageManager( 1781): Not granting permission android.permission.CAMERA to package jp.jaxa.iss.kibo.rpc.sampleapk because it was previously installed without
05-19 13:35:54.378 W/PackageManager( 1781): Not granting permission android.permission.WRITE_EXTERNAL_STORAGE to package jp.jaxa.iss.kibo.rpc.sampleapk because it was previously installed without
05-19 13:35:54.378 W/PackageManager( 1781): Not granting permission android.permission.READ_EXTERNAL_STORAGE to package jp.jaxa.iss.kibo.rpc.sampleapk because it was previously installed without
05-19 13:35:54.379 W/PackageManager( 1781): Unknown permission com.google.android.googleapps.permission.GOOGLE_AUTH in package com.android.settings
05-19 13:35:54.379 W/PackageManager( 1781): Unknown permission com.android.launcher.permission.READ_SETTINGS in package com.android.settings
05-19 13:35:54.379 W/PackageManager( 1781): Unknown permission com.android.launcher.permission.WRITE_SETTINGS in package com.android.settings
05-19 13:35:54.391 W/PackageManager( 1781): Unknown permission com.android.smspush.WAPPUSH_MANAGER_BIND in package com.android.phone
05-19 13:35:54.392 W/PackageManager( 1781): Unknown permission com.google.android.googleapps.permission.ACCESS_GOOGLE_PASSWORD in package com.android.development
05-19 13:35:54.392 W/PackageManager( 1781): Unknown permission com.google.android.googleapps.permission.GOOGLE_AUTH in package com.android.development
05-19 13:35:54.392 W/PackageManager( 1781): Unknown permission com.google.android.googleapps.permission.GOOGLE_AUTH.ALL_SERVICES in package com.android.development
05-19 13:35:54.392 W/PackageManager( 1781): Unknown permission com.google.android.googleapps.permission.GOOGLE_AUTH.YouTubeUser in package com.android.development
05-19 13:35:54.393 W/PackageManager( 1781): Not granting permission android.permission.BIND_APPWIDGET to package com.android.widgetpreview (protectionLevel=18 flags=0x3808be44)
05-19 13:35:54.752 W/art     ( 1781): Long monitor contention with owner MountService (2004) at void com.android.server.pm.PackageManagerService.loadMediaPackages(android.util.ArrayMap, int[], boolean)(PackageManagerService.java:19317) waiters=0 in boolean com.android.server.pm.PackageManagerService.isProtectedBroadcast(java.lang.String) for 378ms
05-19 13:35:54.781 W/MountService( 1781): No primary storage defined yet; hacking together a stub
05-19 13:35:54.816 I/SystemServer( 1781): StartLockSettingsService
05-19 13:35:54.840 I/SystemServiceManager( 1781): Starting com.android.server.LockSettingsService$Lifecycle
05-19 13:35:54.853 W/MountService( 1781): No primary storage defined yet; hacking together a stub
05-19 13:35:54.864 W/MountService( 1781): No primary storage mounted!
05-19 13:35:54.864 D/VoldConnector( 1781): SND -> {2 asec list}
05-19 13:35:54.874 D/VoldConnector( 1781): RCV <- {200 2 asec operation succeeded}
05-19 13:35:54.924 I/SystemServiceManager( 1781): Starting com.android.server.DeviceIdleController
05-19 13:35:54.951 I/SystemServiceManager( 1781): Starting com.android.server.devicepolicy.DevicePolicyManagerService$Lifecycle
05-19 13:35:55.075 I/SystemServer( 1781): StartStatusBarManagerService
05-19 13:35:55.130 I/SystemServer( 1781): StartClipboardService
05-19 13:35:55.139 I/SystemServer( 1781): StartNetworkManagementService
05-19 13:35:55.245 I/NetworkManagement( 1781): onDaemonConnected()
05-19 13:35:55.337 I/SystemServiceManager( 1781): Starting com.android.server.TextServicesManagerService$Lifecycle
05-19 13:35:55.403 I/SystemServer( 1781): StartNetworkScoreService
05-19 13:35:55.441 I/SystemServer( 1781): StartNetworkStatsService
05-19 13:35:55.553 I/SystemServer( 1781): StartNetworkPolicyManagerService
05-19 13:35:55.607 I/SystemServer( 1781): No Wi-Fi NAN Service (NAN support Not Present)
05-19 13:35:55.734 I/SystemServiceManager( 1781): Starting com.android.server.wifi.p2p.WifiP2pService
05-19 13:35:55.803 W/UsageStatsService( 1781): User[0] Some stats have no latest available
05-19 13:35:55.889 I/UsageStatsService( 1781): User[0] Rollover scheduled @ 2021-05-20 13:35:53(1621517753992)
05-19 13:35:55.945 I/WifiP2pService( 1781): Registering wifip2p
05-19 13:35:55.962 I/SystemServiceManager( 1781): Starting com.android.server.wifi.WifiService
05-19 13:35:56.410 I/art     ( 1781): Background sticky concurrent mark sweep GC freed 34007(2MB) AllocSpace objects, 20(400KB) LOS objects, 25% free, 8MB/11MB, paused 1.910ms total 416.301ms
05-19 13:35:56.741 W/art     ( 1781): Verification of void com.android.server.wifi.WifiConfigManager.notifyIconReceived(com.android.server.wifi.hotspot2.IconEvent) took 120.888ms
05-19 13:35:56.805 D/HS20    ( 1781): Passpoint is disabled
05-19 13:35:57.181 D/CommandListener( 1336): Clearing all IP addresses on wlan0
05-19 13:35:57.352 D/WifiApConfigStore( 1781): 2G band allowed channels are:1,6,11
05-19 13:35:57.363 E/WifiLogger( 1781): no ring buffers found
05-19 13:35:57.363 E/WifiLogger( 1781): Failed to start packet fate monitoring
05-19 13:35:57.405 D/WifiController( 1781): isAirplaneModeOn = true, isWifiEnabled = false, isScanningAvailable = false
05-19 13:35:57.414 I/WifiService( 1781): Registering wifi
05-19 13:35:57.442 I/SystemServiceManager( 1781): Starting com.android.server.wifi.scanner.WifiScanningService
05-19 13:35:57.442 I/WifiScanningService( 1781): Creating wifiscanner
05-19 13:35:57.449 I/WifiScanningService( 1781): Publishing wifiscanner
05-19 13:35:57.463 I/SystemServiceManager( 1781): Starting com.android.server.wifi.RttService
05-19 13:35:57.470 I/RttService( 1781): Creating rttmanager
05-19 13:35:57.473 I/RttService( 1781): Starting rttmanager
05-19 13:35:57.475 I/SystemServer( 1781): StartConnectivityService
05-19 13:35:57.528 D/ConnectivityService( 1781): ConnectivityService starting up
05-19 13:35:57.575 D/ConnectivityService( 1781): wifiOnly=false
05-19 13:35:57.656 I/SystemServer( 1781): StartNsdService
05-19 13:35:57.692 I/SystemServer( 1781): StartUpdateLockService
05-19 13:35:57.697 I/SystemServiceManager( 1781): Starting com.android.server.RecoverySystemService
05-19 13:35:57.721 I/SystemServiceManager( 1781): Starting com.android.server.notification.NotificationManagerService
05-19 13:35:57.816 D/ConditionProviders.SCP( 1781): new ScheduleConditionProvider()
05-19 13:35:57.857 D/ZenLog  ( 1781): config: readXml,ZenModeConfig[user=0,allowCalls=true,allowRepeatCallers=false,allowMessages=false,allowCallsFrom=contacts,allowMessagesFrom=contacts,allowReminders=true,allowEvents=true,allowWhenScreenOff=true,allowWhenScreenOn=true,automaticRules={370bd6672ef541ba946db9ac4aef0faf=ZenRule[enabled=false,snoozing=false,name=Weeknight,zenMode=ZEN_MODE_ALARMS,conditionId=condition://android/schedule?days=1.2.3.4.5&start=22.0&end=7.0&exitAtAlarm=false,condition=Condition[id=condition://android/schedule?days=1.2.3.4.5&start=22.0&end=7.0&exitAtAlarm=false,summary=...,line1=...,line2=...,icon=0,state=STATE_FALSE,flags=2],component=ComponentInfo{android/com.android.server.notification.ScheduleConditionProvider},id=370bd6672ef541ba946db9ac4aef0faf,creationTime=1590622727817,enabler=null], a53ffdf89c814123a52adbdd46bc948d=ZenRule[enabled=false,snoozing=false,name=Weekend,zenMode=ZEN_MODE_ALARMS,conditionId=condition://android/schedule?days=6.7&start=23.30&end=10.0&exitAtAlarm=false,condition=Condition[id=condition://android/schedule?days=6.7&start=23.30&end=10.0&exitAtAlarm=false,summary=...,line1=...,line2=...,icon=0,state=STATE_FALSE,flags=2],component=ComponentInfo{android/com.android.server.notification.ScheduleConditionProvider},id=a53ffdf89c814123a52adbdd46bc948d,creationTime=1590622727818,enabler=null], fc8bb1aacabb4877a1d1d167106f6e77=ZenRule[enabled=false,snoozing=false,name=Event,zenMode=ZEN_MODE_ALARMS,conditionId=condition://android/event?userId=-10000&calendar=&reply=1,condition=Condition[id=condition://android/event?userId=-10000&calendar=&reply=1,summary=...,line1=...,line2=...,icon=0,state=STATE_FALSE,flags=2],component=ComponentInfo{android/com.android.server.notification.EventConditionProvider},id=fc8bb1aacabb4877a1d1d167106f6e77,creationTime=1590622727822,enabler=null]},manualRule=null],Diff[automaticRule[370bd6672ef541ba946db9ac4aef0faf]:insert,automaticRule[ad7e066c609240389bb834fc50cab129]:delete,automaticRule[613374fd6a55420e84b708b68f817908]:delete,automaticRule[a53ffdf89c814123a52adbdd46bc948d]:insert,automaticRule[fc8bb1aacabb4877a1d1d167106f6e77]:insert,automaticRule[0670590008bd43409743e0bf48c0a339]:delete]
05-19 13:35:57.928 D/ZenLog  ( 1781): set_zen_mode: off,init
05-19 13:35:57.967 I/SystemServiceManager( 1781): Starting com.android.server.storage.DeviceStorageMonitorService
05-19 13:35:58.002 I/SystemServer( 1781): StartLocationManagerService
05-19 13:35:58.015 I/SystemServer( 1781): StartCountryDetectorService
05-19 13:35:58.023 I/SystemServer( 1781): StartSearchManagerService
05-19 13:35:58.023 I/SystemServiceManager( 1781): Starting com.android.server.search.SearchManagerService$Lifecycle
05-19 13:35:58.042 I/SystemServiceManager( 1781): Starting com.android.server.DropBoxManagerService
05-19 13:35:58.048 I/SystemServer( 1781): StartWallpaperManagerService
05-19 13:35:58.048 I/SystemServiceManager( 1781): Starting com.android.server.wallpaper.WallpaperManagerService$Lifecycle
05-19 13:35:58.068 E/BitmapFactory( 1781): Unable to decode stream: java.io.FileNotFoundException: /data/system/users/0/wallpaper_orig (No such file or directory)
05-19 13:35:58.068 E/WallpaperManagerService( 1781): Invalid wallpaper data
05-19 13:35:58.068 E/WallpaperManagerService( 1781): Unable to apply new wallpaper
05-19 13:35:58.102 I/SystemServer( 1781): StartAudioService
05-19 13:35:58.102 I/SystemServiceManager( 1781): Starting com.android.server.audio.AudioService$Lifecycle
05-19 13:35:58.241 W/TelecomManager( 1781): Telecom Service not found.
05-19 13:35:58.298 D/PermissionCache( 1326): checking android.permission.MODIFY_AUDIO_SETTINGS for uid=1000 => granted (1008 us)
05-19 13:35:58.299 D/PermissionCache( 1326): checking android.permission.MODIFY_AUDIO_SETTINGS for uid=1000 => granted (27146 us)
05-19 13:35:58.357 W/AudioFlinger( 1326): no wake lock to update, system not ready yet
05-19 13:35:58.713 I/SystemServiceManager( 1781): Starting com.android.server.DockObserver
05-19 13:35:58.715 W/DockObserver( 1781): This kernel does not have dock station support
05-19 13:35:58.719 I/SystemServer( 1781): StartWiredAccessoryManager
05-19 13:35:58.734 W/WiredAccessoryManager( 1781): This kernel does not have usb audio support
05-19 13:35:58.734 W/WiredAccessoryManager( 1781): This kernel does not have HDMI audio support
05-19 13:35:58.735 I/SystemServiceManager( 1781): Starting com.android.server.midi.MidiService$Lifecycle
05-19 13:35:58.753 I/SystemServiceManager( 1781): Starting com.android.server.usb.UsbService$Lifecycle
05-19 13:35:58.999 I/SystemServer( 1781): StartSerialService
05-19 13:35:59.032 E/HardwarePropertiesManagerService-JNI( 1781): Couldn't load thermal module (No such file or directory)
05-19 13:35:59.035 I/SystemServiceManager( 1781): Starting com.android.server.twilight.TwilightService
05-19 13:35:59.037 I/SystemServiceManager( 1781): Starting com.android.server.job.JobSchedulerService
05-19 13:35:59.096 I/SystemServiceManager( 1781): Starting com.android.server.soundtrigger.SoundTriggerService
05-19 13:35:59.106 I/SystemServiceManager( 1781): Starting com.android.server.backup.BackupManagerService$Lifecycle
05-19 13:35:59.161 I/SystemServiceManager( 1781): Starting com.android.server.appwidget.AppWidgetService
05-19 13:35:59.558 I/SystemServiceManager( 1781): Starting com.android.server.voiceinteraction.VoiceInteractionManagerService
05-19 13:35:59.641 I/SystemServer( 1781): Gesture Launcher Service
05-19 13:35:59.641 I/SystemServiceManager( 1781): Starting com.android.server.GestureLauncherService
05-19 13:35:59.643 I/SystemServiceManager( 1781): Starting com.android.server.SensorNotificationService
05-19 13:35:59.644 I/SystemServiceManager( 1781): Starting com.android.server.ContextHubSystemService
05-19 13:35:59.702 E/ContextHubService( 1781): ** Could not load context_hub module : err No such file or directory
05-19 13:35:59.702 W/ContextHubService( 1781): No Context Hub Module present
05-19 13:35:59.704 I/SystemServer( 1781): StartDiskStatsService
05-19 13:35:59.707 I/SystemServer( 1781): StartSamplingProfilerService
05-19 13:35:59.899 I/SystemServer( 1781): StartNetworkTimeUpdateService
05-19 13:35:59.934 I/SystemServer( 1781): StartCommonTimeManagementService
05-19 13:35:59.957 I/SystemServer( 1781): CertBlacklister
05-19 13:35:59.999 I/SystemServiceManager( 1781): Starting com.android.server.emergency.EmergencyAffordanceService
05-19 13:36:00.059 I/SystemServiceManager( 1781): Starting com.android.server.dreams.DreamManagerService
05-19 13:36:00.131 I/SystemServer( 1781): StartAssetAtlasService
05-19 13:36:00.177 I/SystemServiceManager( 1781): Starting com.android.server.print.PrintManagerService
05-19 13:36:00.317 I/SystemServiceManager( 1781): Starting com.android.server.restrictions.RestrictionsManagerService
05-19 13:36:00.354 I/SystemServiceManager( 1781): Starting com.android.server.media.MediaSessionService
05-19 13:36:00.370 D/AssetAtlas( 1781): Loaded configuration: SliceMinArea (1280x896) flags=0x2 count=91
05-19 13:36:00.400 I/SystemServer( 1781): StartMediaRouterService
05-19 13:36:00.445 I/SystemServiceManager( 1781): Starting com.android.server.trust.TrustManagerService
05-19 13:36:00.531 I/SystemServiceManager( 1781): Starting com.android.server.fingerprint.FingerprintService
05-19 13:36:00.644 D/PermissionCache( 1339): checking android.permission.MANAGE_FINGERPRINT for uid=1000 => granted (64170 us)
05-19 13:36:00.646 V/fingerprintd( 1339): nativeOpenHal()
05-19 13:36:00.813 D/gralloc_ranchu( 1781): Emulator without host-side GPU emulation detected. Loading gralloc.default.so from /vendor/lib64/hw/gralloc.goldfish.default.so...
05-19 13:36:00.830 D/FingerprintHal( 1339): ----------------> fingerprint_open ----------------->
05-19 13:36:00.833 E/fingerprintd( 1339): Wrong fp version. Expected 512, got 513
05-19 13:36:00.833 D/FingerprintHal( 1339): ----------------> set_notify_callback ----------------->
05-19 13:36:00.833 D/FingerprintHal( 1339): fingerprint callback notification set
05-19 13:36:00.833 V/fingerprintd( 1339): fingerprint HAL successfully initialized
05-19 13:36:00.838 V/fingerprintd( 1339): setActiveGroup(0, /data/system/users/0/fpdata, 27)
05-19 13:36:00.838 D/FingerprintHal( 1339): ----------------> fingerprint_set_active_group -----------------> path /data/system/users/0/fpdata
05-19 13:36:00.838 D/FingerprintHal( 1339): ----------------> loadFingerprints ----------------->
05-19 13:36:00.838 E/FingerprintHal( 1339): Could not load fingerprints from storage at /data/system/users/0/fpdata/emufp.bin; it has not yet been created.
05-19 13:36:00.839 D/FingerprintHal( 1339): ----------------> loadAuthenticatorId ----------------->
05-19 13:36:00.850 D/FingerprintHal( 1339): ----------------> listenerFunction ----------------->
05-19 13:36:00.853 D/gralloc_ranchu( 1781): gralloc.default.so not found in /vendor. Trying /system/lib64/hw/gralloc.goldfish.default.so...
05-19 13:36:00.903 D/FingerprintHal( 1339): Read authenticator id (0x6b8b4567327b23c6)
05-19 13:36:00.905 D/FingerprintHal( 1339): ----------------> fingerprint_get_auth_id ----------------->
05-19 13:36:00.905 D/FingerprintHal( 1339): ----------------> fingerprint_get_auth_id auth id 6b8b4567327b23c6----------------->
05-19 13:36:00.906 V/FingerprintService( 1781): Fingerprint HAL id: 133447435993088
05-19 13:36:00.908 I/SystemServer( 1781): StartBackgroundDexOptService
05-19 13:36:00.943 I/SystemServiceManager( 1781): Starting com.android.server.pm.ShortcutService$Lifecycle
05-19 13:36:01.041 I/SystemServiceManager( 1781): Starting com.android.server.pm.LauncherAppsService
05-19 13:36:01.055 I/SystemServiceManager( 1781): Starting com.android.server.media.projection.MediaProjectionManagerService
05-19 13:36:01.174 V/MediaRouter( 1781): Adding route: RouteInfo{ name=Phone, description=null, status=null, category=RouteCategory{ name=null types=ROUTE_TYPE_LIVE_AUDIO ROUTE_TYPE_LIVE_VIDEO  groupable=false }, supportedTypes=ROUTE_TYPE_LIVE_AUDIO ROUTE_TYPE_LIVE_VIDEO , presentationDisplay=null }
05-19 13:36:01.221 V/MediaRouter( 1781): Updating audio routes: AudioRoutesInfo{ type=SPEAKER }
05-19 13:36:01.255 V/MediaRouter( 1781): Selecting route: RouteInfo{ name=Phone, description=null, status=null, category=RouteCategory{ name=null types=ROUTE_TYPE_LIVE_AUDIO ROUTE_TYPE_LIVE_VIDEO  groupable=false }, supportedTypes=ROUTE_TYPE_LIVE_AUDIO ROUTE_TYPE_LIVE_VIDEO , presentationDisplay=null }
05-19 13:36:01.293 I/WindowManager( 1781): SAFE MODE not enabled
05-19 13:36:01.294 I/SystemServiceManager( 1781): Starting com.android.server.MmsServiceBroker
05-19 13:36:01.324 W/VibratorService( 1781): Tried to stop vibrating but there is no vibrator device.
05-19 13:36:01.775 W/AssetAtlasService( 1781): Could not find EGL configuration
05-19 13:36:01.814 D/AssetAtlas( 1781): Rendered atlas in 678.59ms (675.50+3.09ms)
05-19 13:36:01.886 I/art     ( 1781): Background partial concurrent mark sweep GC freed 18588(1408KB) AllocSpace objects, 5(100KB) LOS objects, 23% free, 12MB/16MB, paused 2.557ms total 865.918ms
05-19 13:36:02.005 E/LockSettingsStorage( 1781): Cannot read file java.io.FileNotFoundException: /data/system/gatekeeper.password.key: open failed: ENOENT (No such file or directory)
05-19 13:36:02.006 E/LockSettingsStorage( 1781): Cannot read file java.io.FileNotFoundException: /data/system/password.key: open failed: ENOENT (No such file or directory)
05-19 13:36:02.008 E/LockSettingsStorage( 1781): Cannot read file java.io.FileNotFoundException: /data/system/gatekeeper.pattern.key: open failed: ENOENT (No such file or directory)
05-19 13:36:02.009 E/LockSettingsStorage( 1781): Cannot read file java.io.FileNotFoundException: /data/system/gatekeeper.gesture.key: open failed: ENOENT (No such file or directory)
05-19 13:36:02.022 E/LockSettingsStorage( 1781): Cannot read file java.io.FileNotFoundException: /data/system/gesture.key: open failed: ENOENT (No such file or directory)
05-19 13:36:02.023 I/SystemServiceManager( 1781): Starting phase 480
05-19 13:36:02.082 I/DevicePolicyManagerService( 1781): Set ro.device_owner property to false
05-19 13:36:02.142 I/SystemServiceManager( 1781): Starting phase 500
05-19 13:36:02.168 D/ConnectivityMetricsLoggerService( 1781): onBootPhase: PHASE_SYSTEM_SERVICES_READY
05-19 13:36:02.252 I/WifiService( 1781): WifiService starting up with Wi-Fi disabled
05-19 13:36:02.298 I/WifiScanningService( 1781): Starting wifiscanner
05-19 13:36:02.348 I/RttService( 1781): Registering rttmanager
05-19 13:36:02.399 D/ZenLog  ( 1781): config: cleanUpZenRules,ZenModeConfig[user=0,allowCalls=true,allowRepeatCallers=false,allowMessages=false,allowCallsFrom=contacts,allowMessagesFrom=contacts,allowReminders=true,allowEvents=true,allowWhenScreenOff=true,allowWhenScreenOn=true,automaticRules={370bd6672ef541ba946db9ac4aef0faf=ZenRule[enabled=false,snoozing=false,name=Weeknight,zenMode=ZEN_MODE_ALARMS,conditionId=condition://android/schedule?days=1.2.3.4.5&start=22.0&end=7.0&exitAtAlarm=false,condition=Condition[id=condition://android/schedule?days=1.2.3.4.5&start=22.0&end=7.0&exitAtAlarm=false,summary=...,line1=...,line2=...,icon=0,state=STATE_FALSE,flags=2],component=ComponentInfo{android/com.android.server.notification.ScheduleConditionProvider},id=370bd6672ef541ba946db9ac4aef0faf,creationTime=1590622727817,enabler=null], a53ffdf89c814123a52adbdd46bc948d=ZenRule[enabled=false,snoozing=false,name=Weekend,zenMode=ZEN_MODE_ALARMS,conditionId=condition://android/schedule?days=6.7&start=23.30&end=10.0&exitAtAlarm=false,condition=Condition[id=condition://android/schedule?days=6.7&start=23.30&end=10.0&exitAtAlarm=false,summary=...,line1=...,line2=...,icon=0,state=STATE_FALSE,flags=2],component=ComponentInfo{android/com.android.server.notification.ScheduleConditionProvider},id=a53ffdf89c814123a52adbdd46bc948d,creationTime=1590622727818,enabler=null], fc8bb1aacabb4877a1d1d167106f6e77=ZenRule[enabled=false,snoozing=false,name=Event,zenMode=ZEN_MODE_ALARMS,conditionId=condition://android/event?userId=-10000&calendar=&reply=1,condition=Condition[id=condition://android/event?userId=-10000&calendar=&reply=1,summary=...,line1=...,line2=...,icon=0,state=STATE_FALSE,flags=2],component=ComponentInfo{android/com.android.server.notification.EventConditionProvider},id=fc8bb1aacabb4877a1d1d167106f6e77,creationTime=1590622727822,enabler=null]},manualRule=null],Diff[]
05-19 13:36:02.411 D/ZenLog  ( 1781): set_zen_mode: off,onSystemReady
05-19 13:36:02.447 D/PermissionCache( 1326): checking android.permission.CAPTURE_AUDIO_HOTWORD for uid=1000 => granted (1615 us)
05-19 13:36:02.449 W/SoundTriggerHelper( 1781): listModules status=0, # of modules=0
05-19 13:36:02.465 D/ContextHubSystemService( 1781): onBootPhase: PHASE_SYSTEM_SERVICES_READY
05-19 13:36:02.904 W/KeyguardServiceDelegate( 1781): onScreenTurningOn(): no keyguard service!
05-19 13:36:03.054 V/UserManagerService( 1781): Found /data/user_de/0 with serial number 0
05-19 13:36:03.054 V/UserManagerService( 1781): Found /data/user/0 with serial number 0
05-19 13:36:03.055 V/UserManagerService( 1781): Found /data/system_de/0 with serial number 0
05-19 13:36:03.055 V/UserManagerService( 1781): Found /data/system_ce/0 with serial number 0
05-19 13:36:03.595 I/ActivityManager( 1781): System now ready
05-19 13:36:03.625 I/SystemServer( 1781): Making services ready
05-19 13:36:03.626 I/SystemServiceManager( 1781): Starting phase 550
05-19 13:36:03.909 W/WindowManager( 1781): Keyguard drawn timeout. Setting mKeyguardDrawComplete
05-19 13:36:04.114 E/InputMethodManagerService( 1781): Ignoring updateSystemUiLocked due to an invalid token. uid:1000 token:null
05-19 13:36:04.531 I/Zygote  ( 1781): Process: zygote socket opened, supported ABIS: x86_64
05-19 13:36:04.606 W/ActivityManager( 1781): Slow operation: 134ms so far, now at startProcess: returned from zygote!
05-19 13:36:04.607 W/ActivityManager( 1781): Slow operation: 135ms so far, now at startProcess: done updating battery stats
05-19 13:36:04.608 W/ActivityManager( 1781): Slow operation: 136ms so far, now at startProcess: building log message
05-19 13:36:04.609 I/ActivityManager( 1781): Start proc 2056:com.android.inputmethod.latin/u0a41 for service com.android.inputmethod.latin/.LatinIME
05-19 13:36:04.609 W/ActivityManager( 1781): Slow operation: 137ms so far, now at startProcess: starting to update pids map
05-19 13:36:04.609 W/ActivityManager( 1781): Slow operation: 137ms so far, now at startProcess: done updating pids map
05-19 13:36:04.609 W/ActivityManager( 1781): Slow operation: 151ms so far, now at startProcess: done starting proc!
05-19 13:36:04.641 V/InputMethodManagerService( 1781): Adding window token: android.os.Binder@a9e0f4f
05-19 13:36:04.642 D/MountService( 1781): Thinking about init, mSystemReady=true, mDaemonConnected=true
05-19 13:36:04.642 D/MountService( 1781): Setting up emulation state, initlocked=false
05-19 13:36:04.643 D/CryptdConnector( 1781): SND -> {2 cryptfs unlock_user_key 0 0 ! !}
05-19 13:36:04.669 E/BitmapFactory( 1781): Unable to decode stream: java.io.FileNotFoundException: /data/system/users/0/wallpaper_orig (No such file or directory)
05-19 13:36:04.669 E/WallpaperManagerService( 1781): Invalid wallpaper data
05-19 13:36:04.669 E/WallpaperManagerService( 1781): Unable to apply new wallpaper
05-19 13:36:04.701 D/vold    ( 1277): e4crypt_unlock_user_key 0 serial=0 token_present=0
05-19 13:36:04.704 D/CryptdConnector( 1781): RCV <- {200 2 Command succeeded}
05-19 13:36:04.707 D/MountService( 1781): Thinking about reset, mSystemReady=true, mDaemonConnected=true
05-19 13:36:04.709 I/ActivityManager( 1781): Force stopping com.android.providers.media appid=10010 user=-1: vold reset
05-19 13:36:04.719 D/VoldConnector( 1781): SND -> {3 volume reset}
05-19 13:36:04.772 W/art     ( 2056): Unexpected CPU variant for X86 using defaults: x86_64
05-19 13:36:04.839 D/vold    ( 1277): Recognized experimental block major ID 253 as virtio-blk (emulator's virtual SD card device)
05-19 13:36:04.846 D/VoldConnector( 1781): RCV <- {651 emulated 7}
05-19 13:36:04.847 D/VoldConnector( 1781): RCV <- {659 emulated}
05-19 13:36:04.848 D/VoldConnector( 1781): RCV <- {650 emulated 2 "" ""}
05-19 13:36:04.849 D/VoldConnector( 1781): RCV <- {651 emulated 0}
05-19 13:36:04.850 D/VoldConnector( 1781): RCV <- {651 public:253,48 7}
05-19 13:36:04.863 D/VoldConnector( 1781): RCV <- {659 public:253,48}
05-19 13:36:04.864 D/VoldConnector( 1781): RCV <- {649 disk:253,48}
05-19 13:36:04.865 D/VoldConnector( 1781): RCV <- {640 disk:253,48 5}
05-19 13:36:04.866 D/VoldConnector( 1781): RCV <- {641 disk:253,48 549453824}
05-19 13:36:04.867 D/VoldConnector( 1781): RCV <- {642 disk:253,48 Virtual}
05-19 13:36:04.867 D/VoldConnector( 1781): RCV <- {644 disk:253,48 /sys//devices/pci0000:00/0000:00:06.0/virtio3/block/vdd}
05-19 13:36:04.869 V/vold    ( 1277): /system/bin/sgdisk
05-19 13:36:04.869 V/vold    ( 1277):     --android-dump
05-19 13:36:04.869 V/vold    ( 1277):     /dev/block/vold/disk:253,48
05-19 13:36:04.898 V/MountService( 1781): Found primary storage at VolumeInfo{emulated}:
05-19 13:36:04.898 V/MountService( 1781):     type=EMULATED diskId=null partGuid=null mountFlags=0 mountUserId=-1 
05-19 13:36:04.898 V/MountService( 1781):     state=UNMOUNTED 
05-19 13:36:04.898 V/MountService( 1781):     fsType=null fsUuid=null fsLabel=null 
05-19 13:36:04.898 V/MountService( 1781):     path=null internalPath=null 
05-19 13:36:05.082 W/ActivityManager( 1781): Slow operation: 335ms so far, now at startProcess: returned from zygote!
05-19 13:36:05.082 W/ActivityManager( 1781): Slow operation: 335ms so far, now at startProcess: done updating battery stats
05-19 13:36:05.083 W/ActivityManager( 1781): Slow operation: 336ms so far, now at startProcess: building log message
05-19 13:36:05.083 I/ActivityManager( 1781): Start proc 2071:com.android.systemui/u0a21 for service com.android.systemui/.ImageWallpaper
05-19 13:36:05.083 W/ActivityManager( 1781): Slow operation: 336ms so far, now at startProcess: starting to update pids map
05-19 13:36:05.083 W/ActivityManager( 1781): Slow operation: 336ms so far, now at startProcess: done updating pids map
05-19 13:36:05.083 W/ActivityManager( 1781): Slow operation: 337ms so far, now at startProcess: done starting proc!
05-19 13:36:05.092 W/art     ( 1781): Long monitor contention with owner main (1781) at int com.android.server.am.ActivityManagerService.bindService(android.app.IApplicationThread, android.os.IBinder, android.content.Intent, java.lang.String, android.app.IServiceConnection, int, java.lang.String, int)(ActivityManagerService.java:17301) waiters=0 in void com.android.server.am.ActivityManagerService.dispatchUidsChanged() for 340ms
05-19 13:36:05.105 E/BluetoothAdapter( 1781): Bluetooth binder is null
05-19 13:36:05.133 D/UsbAlsaManager( 1781): Adding ALSA device AlsaDevice: [card: 0, device: 0, type: 1]
05-19 13:36:05.134 D/UsbAlsaManager( 1781): Adding ALSA device AlsaDevice: [card: 0, device: 0, type: 2]
05-19 13:36:05.136 I/SystemServer( 1781): WebViewFactory preparation
05-19 13:36:05.222 E/BluetoothAdapter( 1781): Bluetooth binder is null
05-19 13:36:05.266 W/art     ( 2071): Unexpected CPU variant for X86 using defaults: x86_64
05-19 13:36:05.280 D/WebViewFactory( 1781): Setting new address space to 114394000
05-19 13:36:05.349 I/AudioFlinger( 1326): systemReady
05-19 13:36:05.682 E/WVMExtractor( 1781): Failed to open libwvm.so: dlopen failed: library "libwvm.so" not found
05-19 13:36:05.801 I/Zygote  ( 1781): Process: zygote socket opened, supported ABIS: x86
05-19 13:36:06.064 I/art     ( 1325): Starting a blocking GC Background
05-19 13:36:06.374 V/vold    ( 1277): DISK mbr
05-19 13:36:06.374 V/vold    ( 1277): 
05-19 13:36:06.354 I/MediaPlayerService( 1335): MediaPlayerService::getOMX
05-19 13:36:06.422 W/vold    ( 1277): disk:253,48 has unknown partition table; trying entire device
05-19 13:36:06.422 V/vold    ( 1277): /system/bin/blkid
05-19 13:36:06.422 V/vold    ( 1277):     -c
05-19 13:36:06.422 V/vold    ( 1277):     /dev/null
05-19 13:36:06.422 V/vold    ( 1277):     -s
05-19 13:36:06.422 V/vold    ( 1277):     TYPE
05-19 13:36:06.422 V/vold    ( 1277):     -s
05-19 13:36:06.422 V/vold    ( 1277):     UUID
05-19 13:36:06.422 V/vold    ( 1277):     -s
05-19 13:36:06.422 V/vold    ( 1277):     LABEL
05-19 13:36:06.422 V/vold    ( 1277):     /dev/block/vold/disk:253,48
05-19 13:36:06.508 I/OMXClient( 1335): MuxOMX ctor
05-19 13:36:06.546 I/art     ( 1325): Background concurrent mark sweep GC freed 295(23KB) AllocSpace objects, 0(0B) LOS objects, 39% free, 6MB/10MB, paused 1.713ms total 478.114ms
05-19 13:36:06.782 I/MediaPlayerService( 1335): MediaPlayerService::getOMX
05-19 13:36:06.820 I/OMXClient( 1335): MuxOMX ctor
05-19 13:36:06.874 I/OMXMaster( 1331): makeComponentInstance(OMX.google.mp3.decoder) in mediacodec process
05-19 13:36:07.409 V/vold    ( 1277): /dev/block/vold/disk:253,48: LABEL="SDCARD" UUID="1EFF-1C1B" TYPE="vfat" 
05-19 13:36:07.409 V/vold    ( 1277): 
05-19 13:36:07.466 W/ActivityManager( 1781): Slow operation: 2095ms so far, now at startProcess: returned from zygote!
05-19 13:36:07.467 W/ActivityManager( 1781): Slow operation: 2096ms so far, now at startProcess: done updating battery stats
05-19 13:36:07.467 W/ActivityManager( 1781): Slow operation: 2096ms so far, now at startProcess: building log message
05-19 13:36:07.467 I/ActivityManager( 1781): Start proc 2098:WebViewLoader-x86/1037 [android.webkit.WebViewFactory$RelroFileCreator] for 
05-19 13:36:07.467 W/ActivityManager( 1781): Slow operation: 2096ms so far, now at startProcess: starting to update pids map
05-19 13:36:07.467 W/ActivityManager( 1781): Slow operation: 2096ms so far, now at startProcess: done updating pids map
05-19 13:36:07.467 W/ActivityManager( 1781): Slow operation: 2097ms so far, now at startProcess: done starting proc!
05-19 13:36:07.473 W/art     ( 1781): Long monitor contention with owner main (1781) at int com.android.server.am.ActivityManagerService.startIsolatedProcess(java.lang.String, java.lang.String[], java.lang.String, java.lang.String, int, java.lang.Runnable)(ActivityManagerService.java:3509) waiters=0 in void com.android.server.am.ActivityManagerService.dispatchUidsChanged() for 2.101s
05-19 13:36:07.481 D/VoldConnector( 1781): RCV <- {650 public:253,48 0 "disk:253,48" ""}
05-19 13:36:07.484 D/VoldConnector( 1781): RCV <- {651 public:253,48 0}
05-19 13:36:07.487 D/VoldConnector( 1781): RCV <- {643 disk:253,48}
05-19 13:36:07.489 D/VoldConnector( 1781): RCV <- {200 3 Command succeeded}
05-19 13:36:07.503 W/art     ( 2098): Unexpected CPU variant for X86 using defaults: x86
05-19 13:36:07.515 E/VoldConnector( 1781): NDC Command {3 volume reset} took too long (2796ms)
05-19 13:36:07.527 D/VoldConnector( 1781): SND -> {4 volume user_added 0 0}
05-19 13:36:07.535 D/VoldConnector( 1781): RCV <- {200 4 Command succeeded}
05-19 13:36:07.616 W/art     ( 2107): Unexpected CPU variant for X86 using defaults: x86_64
05-19 13:36:07.671 W/ActivityManager( 1781): Slow operation: 144ms so far, now at startProcess: returned from zygote!
05-19 13:36:07.672 W/ActivityManager( 1781): Slow operation: 204ms so far, now at startProcess: done updating battery stats
05-19 13:36:07.672 W/ActivityManager( 1781): Slow operation: 204ms so far, now at startProcess: building log message
05-19 13:36:07.672 I/ActivityManager( 1781): Start proc 2107:WebViewLoader-x86_64/1037 [android.webkit.WebViewFactory$RelroFileCreator] for 
05-19 13:36:07.672 W/ActivityManager( 1781): Slow operation: 204ms so far, now at startProcess: starting to update pids map
05-19 13:36:07.672 W/ActivityManager( 1781): Slow operation: 204ms so far, now at startProcess: done updating pids map
05-19 13:36:07.672 W/ActivityManager( 1781): Slow operation: 204ms so far, now at startProcess: done starting proc!
05-19 13:36:07.676 W/art     ( 1781): Long monitor contention with owner main (1781) at int com.android.server.am.ActivityManagerService.startIsolatedProcess(java.lang.String, java.lang.String[], java.lang.String, java.lang.String, int, java.lang.Runnable)(ActivityManagerService.java:3509) waiters=2 in void com.android.server.am.ActivityManagerService.publishContentProviders(android.app.IApplicationThread, java.util.List) for 1.260s
05-19 13:36:07.680 W/art     ( 1781): Long monitor contention with owner main (1781) at int com.android.server.am.ActivityManagerService.startIsolatedProcess(java.lang.String, java.lang.String[], java.lang.String, java.lang.String, int, java.lang.Runnable)(ActivityManagerService.java:3509) waiters=1 in void com.android.server.am.ActivityManagerService.attachApplication(android.app.IApplicationThread) for 2.024s
05-19 13:36:07.693 D/NetworkManagement( 1781): enabling bandwidth control
05-19 13:36:07.724 D/VoldConnector( 1781): SND -> {5 volume mount emulated 3 -1}
05-19 13:36:07.730 D/VoldConnector( 1781): RCV <- {651 emulated 1}
05-19 13:36:07.732 D/VoldConnector( 1781): RCV <- {656 emulated /data/media}
05-19 13:36:07.745 V/vold    ( 1277): Waiting for FUSE to spin up...
05-19 13:36:07.871 D/VoldConnector( 1781): RCV <- {655 emulated /storage/emulated}
05-19 13:36:07.913 V/WebViewFactory( 2107): RelroFileCreator (64bit = true),  32-bit lib: /system/app/webview/webview.apk!/lib/x86/libwebviewchromium.so, 64-bit lib: /system/app/webview/webview.apk!/lib/x86_64/libwebviewchromium.so
05-19 13:36:07.957 V/WebViewFactory( 2098): RelroFileCreator (64bit = false),  32-bit lib: /system/app/webview/webview.apk!/lib/x86/libwebviewchromium.so, 64-bit lib: /system/app/webview/webview.apk!/lib/x86_64/libwebviewchromium.so
05-19 13:36:07.980 V/vold    ( 1277): Waiting for FUSE to spin up...
05-19 13:36:08.040 V/vold    ( 1277): Waiting for FUSE to spin up...
05-19 13:36:08.100 V/vold    ( 1277): Waiting for FUSE to spin up...
05-19 13:36:08.117 W/System  ( 2071): ClassLoader referenced unknown path: /system/priv-app/SystemUI/lib/x86_64
05-19 13:36:08.160 V/vold    ( 1277): Waiting for FUSE to spin up...
05-19 13:36:08.220 V/vold    ( 1277): Waiting for FUSE to spin up...
05-19 13:36:08.280 V/vold    ( 1277): Waiting for FUSE to spin up...
05-19 13:36:08.284 W/sdcard  ( 2124): Device explicitly disabled sdcardfs
05-19 13:36:08.340 V/vold    ( 1277): Waiting for FUSE to spin up...
05-19 13:36:08.393 V/vold    ( 1277): Waiting for FUSE to spin up...
05-19 13:36:08.438 I/MediaPlayerService( 1335): MediaPlayerService::getOMX
05-19 13:36:08.450 V/vold    ( 1277): Waiting for FUSE to spin up...
05-19 13:36:08.476 I/OMXClient( 1335): MuxOMX ctor
05-19 13:36:08.477 I/OMXMaster( 1331): makeComponentInstance(OMX.google.amrnb.decoder) in mediacodec process
05-19 13:36:08.508 V/vold    ( 1277): Waiting for FUSE to spin up...
05-19 13:36:08.560 V/vold    ( 1277): Waiting for FUSE to spin up...
05-19 13:36:08.560 I/MediaPlayerService( 1335): MediaPlayerService::getOMX
05-19 13:36:08.562 I/OMXClient( 1335): MuxOMX ctor
05-19 13:36:08.563 I/OMXMaster( 1331): makeComponentInstance(OMX.google.amrwb.decoder) in mediacodec process
05-19 13:36:08.607 I/MediaPlayerService( 1335): MediaPlayerService::getOMX
05-19 13:36:08.609 I/OMXClient( 1335): MuxOMX ctor
05-19 13:36:08.628 D/VoldConnector( 1781): RCV <- {651 emulated 2}
05-19 13:36:08.671 D/VoldConnector( 1781): RCV <- {200 5 Command succeeded}
05-19 13:36:08.609 I/OMXMaster( 1331): makeComponentInstance(OMX.google.aac.decoder) in mediacodec process
05-19 13:36:08.820 E/VoldConnector( 1781): NDC Command {5 volume mount emulated 3 -1} took too long (1017ms)
05-19 13:36:08.863 D/VoldConnector( 1781): SND -> {6 volume mount public:253,48 2 0}
05-19 13:36:08.865 V/vold    ( 1277): /system/bin/blkid
05-19 13:36:08.865 V/vold    ( 1277):     -c
05-19 13:36:08.865 V/vold    ( 1277):     /dev/null
05-19 13:36:08.865 V/vold    ( 1277):     -s
05-19 13:36:08.866 V/vold    ( 1277):     TYPE
05-19 13:36:08.866 V/vold    ( 1277):     -s
05-19 13:36:08.866 V/vold    ( 1277):     UUID
05-19 13:36:08.866 V/vold    ( 1277):     -s
05-19 13:36:08.866 V/vold    ( 1277):     LABEL
05-19 13:36:08.866 V/vold    ( 1277):     /dev/block/vold/public:253,48
05-19 13:36:08.867 D/VoldConnector( 1781): RCV <- {651 public:253,48 1}
05-19 13:36:08.888 I/LatinIME( 2056): Hardware accelerated drawing: true
05-19 13:36:09.187 I/MediaPlayerService( 1335): MediaPlayerService::getOMX
05-19 13:36:09.188 I/OMXClient( 1335): MuxOMX ctor
05-19 13:36:09.189 I/OMXMaster( 1331): makeComponentInstance(OMX.google.g711.alaw.decoder) in mediacodec process
05-19 13:36:09.347 V/SystemUIService( 2071): Starting SystemUI services for user 0.
05-19 13:36:09.399 I/art     ( 2098): System.exit called, status: 0
05-19 13:36:09.399 I/AndroidRuntime( 2098): VM exiting with result code 0, cleanup skipped.
05-19 13:36:09.481 W/ActivityManager( 1781): Slow operation: 93ms so far, now at getContentProviderImpl: before updateLruProcess
05-19 13:36:09.481 W/ActivityManager( 1781): Slow operation: 93ms so far, now at getContentProviderImpl: after updateLruProcess
05-19 13:36:09.482 W/ActivityManager( 1781): Slow operation: 93ms so far, now at getContentProviderImpl: before updateOomAdj
05-19 13:36:09.483 W/ActivityManager( 1781): Slow operation: 95ms so far, now at getContentProviderImpl: after updateOomAdj
05-19 13:36:09.483 W/ActivityManager( 1781): Slow operation: 95ms so far, now at getContentProviderImpl: done!
05-19 13:36:09.825 V/MediaRouter( 2071): Adding route: RouteInfo{ name=Phone, description=null, status=null, category=RouteCategory{ name=null types=ROUTE_TYPE_LIVE_AUDIO ROUTE_TYPE_LIVE_VIDEO  groupable=false }, supportedTypes=ROUTE_TYPE_LIVE_AUDIO ROUTE_TYPE_LIVE_VIDEO , presentationDisplay=null }
05-19 13:36:09.957 V/MediaRouter( 2071): Updating audio routes: AudioRoutesInfo{ type=SPEAKER }
05-19 13:36:09.995 V/MediaRouter( 2071): Selecting route: RouteInfo{ name=Phone, description=null, status=null, category=RouteCategory{ name=null types=ROUTE_TYPE_LIVE_AUDIO ROUTE_TYPE_LIVE_VIDEO  groupable=false }, supportedTypes=ROUTE_TYPE_LIVE_AUDIO ROUTE_TYPE_LIVE_VIDEO , presentationDisplay=null }
05-19 13:36:10.091 W/BroadcastQueue( 1781): Timeout of broadcast BroadcastRecord{446f41f u-1 android.intent.action.TIME_TICK} - receiver=android.app.LoadedApk$ReceiverDispatcher$InnerReceiver@baafd91, started 10013ms ago
05-19 13:36:10.092 W/BroadcastQueue( 1781): Receiver during timeout: BroadcastFilter{14950f7 u0 ReceiverList{3654f6 1781 system/1000/u0 local:baafd91}}
05-19 13:36:10.300 I/MediaPlayerService( 1335): MediaPlayerService::getOMX
05-19 13:36:10.328 I/OMXClient( 1335): MuxOMX ctor
05-19 13:36:10.329 I/OMXMaster( 1331): makeComponentInstance(OMX.google.g711.mlaw.decoder) in mediacodec process
05-19 13:36:11.039 V/vold    ( 1277): /dev/block/vold/public:253,48: LABEL="SDCARD" UUID="1EFF-1C1B" TYPE="vfat" 
05-19 13:36:11.070 V/vold    ( 1277): 
05-19 13:36:11.078 D/VoldConnector( 1781): RCV <- {652 public:253,48 vfat}
05-19 13:36:11.124 V/vold    ( 1277): /system/bin/fsck_msdos
05-19 13:36:11.124 V/vold    ( 1277):     -p
05-19 13:36:11.124 V/vold    ( 1277):     -f
05-19 13:36:11.124 V/vold    ( 1277):     /dev/block/vold/public:253,48
05-19 13:36:11.128 D/VoldConnector( 1781): RCV <- {653 public:253,48 1EFF-1C1B}
05-19 13:36:11.171 D/VoldConnector( 1781): RCV <- {654 public:253,48 SDCARD}
05-19 13:36:11.635 I/art     ( 2107): System.exit called, status: 0
05-19 13:36:11.635 I/AndroidRuntime( 2107): VM exiting with result code 0, cleanup skipped.
05-19 13:36:11.888 I/fsck_msdos( 1277): ** /dev/block/vold/public:253,48
05-19 13:36:11.891 I/fsck_msdos( 1277): ** Phase 1 - Read and Compare FATs
05-19 13:36:11.892 I/fsck_msdos( 1277): Attempting to allocate 1046 KB for FAT
05-19 13:36:12.142 I/MediaPlayerService( 1335): MediaPlayerService::getOMX
05-19 13:36:12.150 I/fsck_msdos( 1277): Attempting to allocate 1046 KB for FAT
05-19 13:36:12.152 I/OMXClient( 1335): MuxOMX ctor
05-19 13:36:12.158 I/OMXMaster( 1331): makeComponentInstance(OMX.google.vorbis.decoder) in mediacodec process
05-19 13:36:12.365 E/WVMExtractor( 2071): Failed to open libwvm.so: dlopen failed: library "libwvm.so" not found
05-19 13:36:12.601 I/fsck_msdos( 1277): ** Phase 2 - Check Cluster Chains
05-19 13:36:12.650 I/fsck_msdos( 1277): ** Phase 3 - Checking Directories
05-19 13:36:12.652 I/fsck_msdos( 1277): ** Phase 4 - Checking for Lost Files
05-19 13:36:12.706 I/fsck_msdos( 1277): 2 files, 534464 free (267232 clusters)
05-19 13:36:12.881 I/Vold    ( 1277): Filesystem check completed OK
05-19 13:36:12.883 D/VoldConnector( 1781): RCV <- {656 public:253,48 /mnt/media_rw/1EFF-1C1B}
05-19 13:36:12.885 D/VoldConnector( 1781): RCV <- {655 public:253,48 /storage/1EFF-1C1B}
05-19 13:36:12.942 W/InputAttributes( 2056): No editor info for this field. Bug?
05-19 13:36:13.122 E/NetdConnector( 1781): NDC Command {3 bandwidth enable} took too long (5428ms)
05-19 13:36:13.364 I/MediaPlayerService( 1335): MediaPlayerService::getOMX
05-19 13:36:13.365 I/OMXClient( 1335): MuxOMX ctor
