05-21 13:17:09.058 V/EmulatedCamera_BaseCamera( 1326): getCameraInfo
05-21 13:17:09.058 V/EmulatedCamera_Camera( 1326): connectCamera
05-21 13:17:09.058 V/EmulatedCamera_FakeDevice( 1326): connectDevice
05-21 13:17:09.059 V/EmulatedCamera_CallbackNotifier( 1326): setCallbacks: 0xf4fe1e80, 0xf4fe1ed0, 0xf4fe1ff0, 0xf4fe2110 (0xf48c3140)
05-21 13:17:09.192 V/EmulatedCamera_Preview( 1326): setPreviewWindow: current: 0x0 -> new: 0xf48c3150
05-21 13:17:09.193 V/EmulatedCamera_Preview( 1326): setPreviewWindow: current: 0xf48c3150 -> new: 0x0
05-21 13:17:09.193 V/EmulatedCamera_Camera( 1326): doStopPreview
05-21 13:17:09.194 V/EmulatedCamera_Preview( 1326): setPreviewWindow: current: 0x0 -> new: 0x0
05-21 13:17:09.194 V/EmulatedCamera_Camera( 1326): releaseCamera
05-21 13:17:09.194 V/EmulatedCamera_Camera( 1326): doStopPreview
05-21 13:17:09.194 V/EmulatedCamera_FakeDevice( 1326): disconnectDevice
05-21 13:17:09.194 W/EmulatedCamera_Device( 1326): Initialize: Emulated camera device is already initialized: mState = 1
05-21 13:17:09.195 D/EmulatedCamera_FakeCamera( 1326): Initialize: Fake camera is facing back
05-21 13:17:09.195 V/EmulatedCamera_Device( 1326): initializeWhiteBalanceModes with auto, 1.000000, 1.000000
05-21 13:17:09.195 V/EmulatedCamera_Device( 1326): initializeWhiteBalanceModes with incandescent, 1.380000, 0.600000
05-21 13:17:09.195 V/EmulatedCamera_Device( 1326): initializeWhiteBalanceModes with daylight, 1.090000, 0.920000
05-21 13:17:09.195 V/EmulatedCamera_Device( 1326): initializeWhiteBalanceModes with twilight, 0.920000, 1.220000
05-21 13:17:09.195 V/EmulatedCamera_Device( 1326): setWhiteBalanceMode with white balance auto
05-21 13:17:09.196 I/CameraFlashlight( 1326): Destroying camera 0
05-21 13:17:09.196 V/EmulatedCamera_Camera( 1326): closeCamera
05-21 13:17:09.196 V/EmulatedCamera_Camera( 1326): doStopPreview
05-21 13:17:09.196 W/EmulatedCamera_Device( 1326): Initialize: Emulated camera device is already initialized: mState = 1
05-21 13:17:09.196 D/EmulatedCamera_FakeCamera( 1326): Initialize: Fake camera is facing back
05-21 13:17:09.196 V/EmulatedCamera_Device( 1326): initializeWhiteBalanceModes with auto, 1.000000, 1.000000
05-21 13:17:09.196 V/EmulatedCamera_Device( 1326): initializeWhiteBalanceModes with incandescent, 1.380000, 0.600000
05-21 13:17:09.196 V/EmulatedCamera_Device( 1326): initializeWhiteBalanceModes with daylight, 1.090000, 0.920000
05-21 13:17:09.196 V/EmulatedCamera_Device( 1326): initializeWhiteBalanceModes with twilight, 0.920000, 1.220000
05-21 13:17:09.196 V/EmulatedCamera_Device( 1326): setWhiteBalanceMode with white balance auto
05-21 13:17:09.199 V/EmulatedCamera_Camera( 1326): getCameraInfo
05-21 13:17:09.199 V/EmulatedCamera_BaseCamera( 1326): getCameraInfo
05-21 13:17:09.302 I/ServiceManager( 1326): Waiting for service media.camera.proxy...
05-21 13:17:10.311 I/ServiceManager( 1326): Waiting for service media.camera.proxy...
05-21 13:17:10.858 V/MediaUtils( 1342): physMem: 1043894272
05-21 13:17:10.858 V/MediaUtils( 1342): requested limit: 208778840
05-21 13:17:10.858 V/MediaUtils( 1342): actual limit: 208778840
05-21 13:17:10.858 V/MediaUtils( 1342): original limits: 4294967295/4294967295
05-21 13:17:10.859 V/MediaUtils( 1342): new limits: 208778840/4294967295
05-21 13:17:10.940 W//system/bin/mediaextractor( 1342): libminijail: allowing syscall: socketcall
05-21 13:17:10.941 W//system/bin/mediaextractor( 1342): libminijail: allowing syscall: writev
05-21 13:17:10.941 W//system/bin/mediaextractor( 1342): libminijail: allowing syscall: fcntl64
05-21 13:17:10.941 W//system/bin/mediaextractor( 1342): libminijail: allowing syscall: clock_gettime
05-21 13:17:11.051 W//system/bin/mediaextractor( 1342): libminijail: logging seccomp filter failures
05-21 13:17:11.313 I/ServiceManager( 1326): Waiting for service media.camera.proxy...
05-21 13:17:11.344 I/mediaserver( 1333): ServiceManager: 0xf5fbc0a0
05-21 13:17:11.505 I/mediaserver( 1343): ServiceManager: 0xed3bc0a0
05-21 13:17:11.542 I/        ( 1325): sMaxFastTracks = 8
05-21 13:17:11.562 I/audioserver( 1325): ServiceManager: 0xf273c020
05-21 13:17:11.581 W/BatteryNotifier( 1343): batterystats service unavailable!
05-21 13:17:11.610 W/BatteryNotifier( 1325): batterystats service unavailable!
05-21 13:17:11.611 I/AudioFlinger( 1325): Using default 3000 mSec as standby time.
05-21 13:17:11.643 I/AudioPolicyService( 1325): AudioPolicyService CSTOR in new mode
05-21 13:17:11.697 I/APM::ConfigParsingUtils( 1325): loadAudioPolicyConfig() loaded /system/etc/audio_policy.conf
05-21 13:17:11.803 D/audio_hw_generic( 1325): Emulator host-side ALSA audio emulation detected.
05-21 13:17:11.805 D/audio_hw_generic( 1325): mixer 0 name Master Playback Volume
05-21 13:17:11.805 D/audio_hw_generic( 1325): set ctl 0 to 100
05-21 13:17:11.806 D/audio_hw_generic( 1325): set ctl 1 to 100
05-21 13:17:11.807 D/audio_hw_generic( 1325): mixer 1 name Master Playback Switch
05-21 13:17:11.807 D/audio_hw_generic( 1325): set ctl 0 to 1
05-21 13:17:11.807 D/audio_hw_generic( 1325): set ctl 1 to 1
05-21 13:17:11.807 D/audio_hw_generic( 1325): mixer 2 name Capture Volume
05-21 13:17:11.807 D/audio_hw_generic( 1325): set ctl 0 to 100
05-21 13:17:11.807 D/audio_hw_generic( 1325): set ctl 1 to 100
05-21 13:17:11.807 D/audio_hw_generic( 1325): mixer 3 name Capture Switch
05-21 13:17:11.807 D/audio_hw_generic( 1325): set ctl 0 to 1
05-21 13:17:11.808 D/audio_hw_generic( 1325): set ctl 1 to 1
05-21 13:17:11.808 D/audio_hw_generic( 1325): mixer 4 name Line Phantom Jack
05-21 13:17:11.808 D/audio_hw_generic( 1325): mixer 5 name Line Out Phantom Jack
05-21 13:17:11.808 D/audio_hw_generic( 1325): mixer 6 name Playback Channel Map
05-21 13:17:11.808 D/audio_hw_generic( 1325): mixer 7 name Capture Channel Map
05-21 13:17:11.808 I/AudioFlinger( 1325): loadHwModule() Loaded primary audio interface from Generic audio HW HAL (audio) handle 10
05-21 13:17:11.809 I/AudioFlinger( 1325): openOutput(), module 10 Device 2, SamplingRate 48000, Format 0x000001, Channels 3, flags 2
05-21 13:17:11.853 I/AudioFlinger( 1325): HAL output buffer size 720 frames, normal sink buffer size 1152 frames
05-21 13:17:11.933 I/BufferProvider( 1325): found effect "Multichannel Downmix To Stereo" from The Android Open Source Project
05-21 13:17:11.937 I/AudioFlinger( 1325): Using module 10 has the primary audio interface
05-21 13:17:11.951 I/AudioFlinger( 1325): AudioFlinger's thread 0xf2183300 ready to run
05-21 13:17:11.954 W/BatteryNotifier( 1325): batterystats service unavailable!
05-21 13:17:11.955 W/BatteryNotifier( 1325): batterystats service unavailable!
05-21 13:17:11.981 W/BatteryNotifier( 1325): batterystats service unavailable!
05-21 13:17:11.992 W/AudioFlinger( 1325): no wake lock to update, system not ready yet
05-21 13:17:12.065 I/AudioFlinger( 1325): AudioFlinger's thread 0xf1c831c0 ready to run
05-21 13:17:12.144 I/r_submix( 1325): adev_open(name=audio_hw_if)
05-21 13:17:12.145 I/r_submix( 1325): adev_init_check()
05-21 13:17:12.145 I/AudioFlinger( 1325): loadHwModule() Loaded r_submix audio interface from Wifi Display audio HAL (audio) handle 18
05-21 13:17:12.145 D/r_submix( 1325): adev_open_input_stream(addr=0)
05-21 13:17:12.145 D/r_submix( 1325): submix_audio_device_create_pipe_l(addr=0, idx=9)
05-21 13:17:12.146 D/r_submix( 1325):   now using address 0 for route 9
05-21 13:17:12.151 I/AudioFlinger( 1325): AudioFlinger's thread 0xf1d83040 ready to run
05-21 13:17:12.160 D/r_submix( 1325): adev_close_input_stream()
05-21 13:17:12.160 D/r_submix( 1325): submix_audio_device_release_pipe_l(idx=9) addr=0
05-21 13:17:12.160 D/r_submix( 1325): submix_audio_device_destroy_pipe_l(): pipe destroyed
05-21 13:17:12.240 I/RadioService( 1325): RadioService
05-21 13:17:12.240 I/RadioService( 1325): onFirstRef
05-21 13:17:12.241 E/RadioService( 1325): couldn't load radio module radio.primary (No such file or directory)
05-21 13:17:12.281 E/SoundTriggerHwService( 1325): couldn't load sound trigger module sound_trigger.primary (No such file or directory)
05-21 13:17:12.314 I/ServiceManager( 1326): Waiting for service media.camera.proxy...
05-21 13:17:13.315 I/ServiceManager( 1326): Waiting for service media.camera.proxy...
05-21 13:17:14.990 W/BatteryNotifier( 1325): batterystats service unavailable!
05-21 13:17:23.008 E/hostapd ( 1749): Configuration file: /system/etc/simulated_hostapd.conf
05-21 13:17:23.024 E/ipv6proxy( 1737): Failed to forward Router Advertisement from eth0 to wlan1: Network is unreachable
05-21 13:17:23.026 E/ipv6proxy( 1737): Failed to forward Router Advertisement from eth0 to radio0-peer: Cannot assign requested address
05-21 13:17:23.033 D/AndroidRuntime( 1323): >>>>>> START com.android.internal.os.ZygoteInit uid 0 <<<<<<
05-21 13:17:23.192 E/SurfaceFlinger( 1320): ro.sf.lcd_density must be defined as a build property
05-21 13:17:23.293 D/libEGL  ( 1627): Emulator without GPU support detected. Fallback to legacy software renderer, qemu.gles is set to 0.
05-21 13:17:23.422 D/libEGL  ( 1627): loaded /system/lib64/egl/libGLES_android.so
05-21 13:17:23.697 I/hostapd ( 1749): rfkill: Cannot get wiphy information
05-21 13:17:23.699 I/hostapd ( 1749): nl80211: Could not re-add multicast membership for vendor events: -2 (No such file or directory)
05-21 13:17:23.733 D/gralloc_ranchu( 1627): Emulator without host-side GPU emulation detected. Loading gralloc.default.so from /vendor/lib64/hw/gralloc.goldfish.default.so...
05-21 13:17:23.735 D/gralloc_ranchu( 1627): gralloc.default.so not found in /vendor. Trying /system/lib64/hw/gralloc.goldfish.default.so...
05-21 13:17:23.751 I/hostapd ( 1749): wlan1: interface state UNINITIALIZED->COUNTRY_UPDATE
05-21 13:17:23.861 D/AndroidRuntime( 1323): CheckJNI is ON
05-21 13:17:24.157 I/art     ( 1323): option[0]=-Xzygote
05-21 13:17:24.157 I/art     ( 1323): option[1]=-Xcheck:jni
05-21 13:17:24.157 I/art     ( 1323): option[2]=-Xstacktracefile:/data/anr/traces.txt
05-21 13:17:24.157 I/art     ( 1323): option[3]=exit
05-21 13:17:24.157 I/art     ( 1323): option[4]=vfprintf
05-21 13:17:24.157 I/art     ( 1323): option[5]=sensitiveThread
05-21 13:17:24.157 I/art     ( 1323): option[6]=-verbose:gc
05-21 13:17:24.157 I/art     ( 1323): option[7]=-Xms4m
05-21 13:17:24.157 I/art     ( 1323): option[8]=-Xmx256m
05-21 13:17:24.158 I/art     ( 1323): option[9]=-Xusejit:true
05-21 13:17:24.158 I/art     ( 1323): option[10]=-Xjitsaveprofilinginfo
05-21 13:17:24.158 I/art     ( 1323): option[11]=-agentlib:jdwp=transport=dt_android_adb,suspend=n,server=y
05-21 13:17:24.158 I/art     ( 1323): option[12]=-Xlockprofthreshold:500
05-21 13:17:24.158 I/art     ( 1323): option[13]=-Ximage-compiler-option
05-21 13:17:24.158 I/art     ( 1323): option[14]=--runtime-arg
05-21 13:17:24.158 I/art     ( 1323): option[15]=-Ximage-compiler-option
05-21 13:17:24.158 I/art     ( 1323): option[16]=-Xms64m
05-21 13:17:24.158 I/art     ( 1323): option[17]=-Ximage-compiler-option
05-21 13:17:24.158 I/art     ( 1323): option[18]=--runtime-arg
05-21 13:17:24.158 I/art     ( 1323): option[19]=-Ximage-compiler-option
05-21 13:17:24.158 I/art     ( 1323): option[20]=-Xmx64m
05-21 13:17:24.158 I/art     ( 1323): option[21]=-Ximage-compiler-option
05-21 13:17:24.158 I/art     ( 1323): option[22]=--image-classes=/system/etc/preloaded-classes
05-21 13:17:24.158 I/art     ( 1323): option[23]=-Ximage-compiler-option
05-21 13:17:24.158 I/art     ( 1323): option[24]=--compiled-classes=/system/etc/compiled-classes
05-21 13:17:24.158 I/art     ( 1323): option[25]=-Xcompiler-option
05-21 13:17:24.158 I/art     ( 1323): option[26]=--runtime-arg
05-21 13:17:24.158 I/art     ( 1323): option[27]=-Xcompiler-option
05-21 13:17:24.158 I/art     ( 1323): option[28]=-Xms64m
05-21 13:17:24.158 I/art     ( 1323): option[29]=-Xcompiler-option
05-21 13:17:24.158 I/art     ( 1323): option[30]=--runtime-arg
05-21 13:17:24.159 I/art     ( 1323): option[31]=-Xcompiler-option
05-21 13:17:24.159 I/art     ( 1323): option[32]=-Xmx512m
05-21 13:17:24.159 I/art     ( 1323): option[33]=-Ximage-compiler-option
05-21 13:17:24.159 I/art     ( 1323): option[34]=--instruction-set-variant=x86_64
05-21 13:17:24.159 I/art     ( 1323): option[35]=-Xcompiler-option
05-21 13:17:24.159 I/art     ( 1323): option[36]=--instruction-set-variant=x86_64
05-21 13:17:24.159 I/art     ( 1323): option[37]=-Ximage-compiler-option
05-21 13:17:24.159 I/art     ( 1323): option[38]=--instruction-set-features=default
05-21 13:17:24.159 I/art     ( 1323): option[39]=-Xcompiler-option
05-21 13:17:24.159 I/art     ( 1323): option[40]=--instruction-set-features=default
05-21 13:17:24.159 I/art     ( 1323): option[41]=-Duser.locale=en-US
05-21 13:17:24.159 I/art     ( 1323): option[42]=--cpu-abilist=x86_64
05-21 13:17:24.159 I/art     ( 1323): option[43]=-Xfingerprint:Android/sdk_phone_x86_64/generic_x86_64:7.1.1/NYC/4931657:userdebug/test-keys
05-21 13:17:24.273 D/AndroidRuntime( 1324): >>>>>> START com.android.internal.os.ZygoteInit uid 0 <<<<<<
05-21 13:17:24.935 D/AndroidRuntime( 1324): CheckJNI is ON
05-21 13:17:25.240 I/art     ( 1324): option[0]=-Xzygote
05-21 13:17:25.240 I/art     ( 1324): option[1]=-Xcheck:jni
05-21 13:17:25.241 I/art     ( 1324): option[2]=-Xstacktracefile:/data/anr/traces.txt
05-21 13:17:25.241 I/art     ( 1324): option[3]=exit
05-21 13:17:25.241 I/art     ( 1324): option[4]=vfprintf
05-21 13:17:25.241 I/art     ( 1324): option[5]=sensitiveThread
05-21 13:17:25.241 I/art     ( 1324): option[6]=-verbose:gc
05-21 13:17:25.241 I/art     ( 1324): option[7]=-Xms4m
05-21 13:17:25.241 I/art     ( 1324): option[8]=-Xmx256m
05-21 13:17:25.241 I/art     ( 1324): option[9]=-Xusejit:true
05-21 13:17:25.241 I/art     ( 1324): option[10]=-Xjitsaveprofilinginfo
05-21 13:17:25.241 I/art     ( 1324): option[11]=-agentlib:jdwp=transport=dt_android_adb,suspend=n,server=y
05-21 13:17:25.241 I/art     ( 1324): option[12]=-Xlockprofthreshold:500
05-21 13:17:25.241 I/art     ( 1324): option[13]=-Ximage-compiler-option
05-21 13:17:25.242 I/art     ( 1324): option[14]=--runtime-arg
05-21 13:17:25.242 I/art     ( 1324): option[15]=-Ximage-compiler-option
05-21 13:17:25.242 I/art     ( 1324): option[16]=-Xms64m
05-21 13:17:25.242 I/art     ( 1324): option[17]=-Ximage-compiler-option
05-21 13:17:25.242 I/art     ( 1324): option[18]=--runtime-arg
05-21 13:17:25.242 I/art     ( 1324): option[19]=-Ximage-compiler-option
05-21 13:17:25.242 I/art     ( 1324): option[20]=-Xmx64m
05-21 13:17:25.242 I/art     ( 1324): option[21]=-Ximage-compiler-option
05-21 13:17:25.242 I/art     ( 1324): option[22]=--image-classes=/system/etc/preloaded-classes
05-21 13:17:25.242 I/art     ( 1324): option[23]=-Ximage-compiler-option
05-21 13:17:25.242 I/art     ( 1324): option[24]=--compiled-classes=/system/etc/compiled-classes
05-21 13:17:25.242 I/art     ( 1324): option[25]=-Xcompiler-option
05-21 13:17:25.242 I/art     ( 1324): option[26]=--runtime-arg
05-21 13:17:25.242 I/art     ( 1324): option[27]=-Xcompiler-option
05-21 13:17:25.242 I/art     ( 1324): option[28]=-Xms64m
05-21 13:17:25.242 I/art     ( 1324): option[29]=-Xcompiler-option
05-21 13:17:25.242 I/art     ( 1324): option[30]=--runtime-arg
05-21 13:17:25.242 I/art     ( 1324): option[31]=-Xcompiler-option
05-21 13:17:25.243 I/art     ( 1324): option[32]=-Xmx512m
05-21 13:17:25.243 I/art     ( 1324): option[33]=-Ximage-compiler-option
05-21 13:17:25.243 I/art     ( 1324): option[34]=--instruction-set-variant=x86
05-21 13:17:25.243 I/art     ( 1324): option[35]=-Xcompiler-option
05-21 13:17:25.243 I/art     ( 1324): option[36]=--instruction-set-variant=x86
05-21 13:17:25.243 I/art     ( 1324): option[37]=-Ximage-compiler-option
05-21 13:17:25.243 I/art     ( 1324): option[38]=--instruction-set-features=default
05-21 13:17:25.243 I/art     ( 1324): option[39]=-Xcompiler-option
05-21 13:17:25.243 I/art     ( 1324): option[40]=--instruction-set-features=default
05-21 13:17:25.243 I/art     ( 1324): option[41]=-Duser.locale=en-US
05-21 13:17:25.243 I/art     ( 1324): option[42]=--cpu-abilist=x86
05-21 13:17:25.243 I/art     ( 1324): option[43]=-Xfingerprint:Android/sdk_phone_x86_64/generic_x86_64:7.1.1/NYC/4931657:userdebug/test-keys
05-21 13:17:26.870 E/ipv6proxy( 1737): Failed to forward Router Advertisement from eth0 to wlan1: Network is unreachable
05-21 13:17:28.774 I/hostapd ( 1749): wlan1: interface state COUNTRY_UPDATE->HT_SCAN
05-21 13:17:30.229 E/hostapd ( 1749): Using interface wlan1 with hwaddr 02:00:00:00:01:00 and ssid "AndroidWifi"
05-21 13:17:30.343 I/hostapd ( 1749): wlan1: interface state HT_SCAN->ENABLED
05-21 13:17:30.343 I/hostapd ( 1749): wlan1: AP-ENABLED 
05-21 13:17:32.983 D/ICU     ( 1323): No timezone override file found: /data/misc/zoneinfo/current/icu/icu_tzdata.dat
05-21 13:17:35.127 D/ICU     ( 1324): No timezone override file found: /data/misc/zoneinfo/current/icu/icu_tzdata.dat
05-21 13:17:38.848 E/memtrack( 1323): Couldn't load memtrack module (No such file or directory)
05-21 13:17:38.849 E/android.os.Debug( 1323): failed to load memtrack module: -2
05-21 13:17:39.184 I/Radio-JNI( 1323): register_android_hardware_Radio DONE
05-21 13:17:39.814 I/SamplingProfilerIntegration( 1323): Profiling disabled.
05-21 13:17:39.985 D/Zygote  ( 1323): begin preload
05-21 13:17:39.985 I/Zygote  ( 1323): Installing ICU cache reference pinning...
05-21 13:17:39.990 I/Zygote  ( 1323): Preloading ICU data...
05-21 13:17:40.853 E/memtrack( 1324): Couldn't load memtrack module (No such file or directory)
05-21 13:17:40.853 E/android.os.Debug( 1324): failed to load memtrack module: -2
05-21 13:17:40.972 I/Radio-JNI( 1324): register_android_hardware_Radio DONE
05-21 13:17:41.551 I/SamplingProfilerIntegration( 1324): Profiling disabled.
05-21 13:17:41.643 D/Zygote  ( 1324): begin preload
05-21 13:17:41.643 I/Zygote  ( 1324): Installing ICU cache reference pinning...
05-21 13:17:41.740 I/Zygote  ( 1324): Preloading ICU data...
05-21 13:17:42.616 I/Zygote  ( 1323): Preloading classes...
05-21 13:17:42.932 W/Zygote  ( 1323): Class not found for preloading: [Landroid.view.Display$ColorTransform;
05-21 13:17:43.499 I/Zygote  ( 1324): Preloading classes...
05-21 13:17:43.913 W/Zygote  ( 1324): Class not found for preloading: [Landroid.view.Display$ColorTransform;
05-21 13:17:50.802 E/Typeface( 1323): Error mapping font file /system/fonts/DroidSansFallback.ttf
05-21 13:17:51.092 E/Typeface( 1324): Error mapping font file /system/fonts/DroidSansFallback.ttf
05-21 13:17:56.022 W/art     ( 1324): Suspending all threads took: 77.975ms
05-21 13:17:56.373 I/art     ( 1323): Background concurrent mark sweep GC freed 21947(2MB) AllocSpace objects, 103(1896KB) LOS objects, 33% free, 3MB/4MB, paused 2.397ms total 684.474ms
05-21 13:17:56.468 I/art     ( 1324): Background concurrent mark sweep GC freed 21947(2MB) AllocSpace objects, 92(1676KB) LOS objects, 33% free, 1993KB/2MB, paused 81.750ms total 840.856ms
05-21 13:17:56.766 I/art     ( 1324): Background sticky concurrent mark sweep GC freed 130(494KB) AllocSpace objects, 27(540KB) LOS objects, 19% free, 2MB/2MB, paused 554us total 143.641ms
05-21 13:17:56.867 I/art     ( 1323): Thread[1,tid=1323,Native,Thread*=0x791e4aa95a00,peer=0x12c060d0,"main"] recursive attempt to load library "/system/lib64/libmedia_jni.so"
05-21 13:17:56.952 D/MtpDeviceJNI( 1323): register_android_mtp_MtpDevice
05-21 13:17:56.962 I/art     ( 1323): Thread[1,tid=1323,Native,Thread*=0x791e4aa95a00,peer=0x12c060d0,"main"] recursive attempt to load library "/system/lib64/libmedia_jni.so"
05-21 13:17:56.963 I/art     ( 1323): Thread[1,tid=1323,Native,Thread*=0x791e4aa95a00,peer=0x12c060d0,"main"] recursive attempt to load library "/system/lib64/libmedia_jni.so"
05-21 13:17:57.305 I/art     ( 1324): Background concurrent mark sweep GC freed 3255(1311KB) AllocSpace objects, 14(240KB) LOS objects, 43% free, 1311KB/2MB, paused 378us total 160.400ms
05-21 13:17:57.622 I/art     ( 1324): Thread[1,tid=1324,Native,Thread*=0xef00b400,peer=0x12c060d0,"main"] recursive attempt to load library "/system/lib/libmedia_jni.so"
05-21 13:17:57.631 D/MtpDeviceJNI( 1324): register_android_mtp_MtpDevice
05-21 13:17:57.633 I/art     ( 1324): Thread[1,tid=1324,Native,Thread*=0xef00b400,peer=0x12c060d0,"main"] recursive attempt to load library "/system/lib/libmedia_jni.so"
05-21 13:17:57.635 I/art     ( 1324): Thread[1,tid=1324,Native,Thread*=0xef00b400,peer=0x12c060d0,"main"] recursive attempt to load library "/system/lib/libmedia_jni.so"
05-21 13:18:00.374 W/Zygote  ( 1324): Class not found for preloading: android.view.Display$ColorTransform
05-21 13:18:00.374 W/Zygote  ( 1324): Class not found for preloading: android.view.Display$ColorTransform$1
05-21 13:18:00.553 W/Zygote  ( 1323): Class not found for preloading: android.view.Display$ColorTransform
05-21 13:18:00.554 W/Zygote  ( 1323): Class not found for preloading: android.view.Display$ColorTransform$1
05-21 13:18:02.578 I/art     ( 1323): Background sticky concurrent mark sweep GC freed 11069(2MB) AllocSpace objects, 28(520KB) LOS objects, 67% free, 1597KB/4MB, paused 1.685ms total 291.812ms
05-21 13:18:04.028 I/art     ( 1324): Background sticky concurrent mark sweep GC freed 12526(815KB) AllocSpace objects, 0(0B) LOS objects, 34% free, 1531KB/2MB, paused 2.312ms total 457.376ms
05-21 13:18:05.614 I/System  ( 1323): Loaded time zone names for "" in 1361ms (1356ms in ICU)
05-21 13:18:05.748 I/System  ( 1324): Loaded time zone names for "" in 1405ms (1399ms in ICU)
05-21 13:18:06.436 I/System  ( 1323): Loaded time zone names for "en_US" in 821ms (817ms in ICU)
05-21 13:18:06.502 I/System  ( 1324): Loaded time zone names for "en_US" in 752ms (646ms in ICU)
05-21 13:18:07.755 I/Zygote  ( 1323): ...preloaded 4158 classes in 25139ms.
05-21 13:18:07.756 I/art     ( 1323): VMRuntime.preloadDexCaches starting
05-21 13:18:08.040 W/art     ( 1324): Suspending all threads took: 37.864ms
05-21 13:18:08.049 I/art     ( 1324): Background concurrent mark sweep GC freed 11091(662KB) AllocSpace objects, 0(0B) LOS objects, 39% free, 1557KB/2MB, paused 38.900ms total 274.329ms
05-21 13:18:08.214 I/Zygote  ( 1324): ...preloaded 4158 classes in 24715ms.
05-21 13:18:08.215 I/art     ( 1324): VMRuntime.preloadDexCaches starting
05-21 13:18:09.601 I/art     ( 1323): VMRuntime.preloadDexCaches strings total=283712 before=39625 after=39625
05-21 13:18:09.601 I/art     ( 1323): VMRuntime.preloadDexCaches types total=23581 before=7877 after=7904
05-21 13:18:09.601 I/art     ( 1323): VMRuntime.preloadDexCaches fields total=112007 before=40903 after=41117
05-21 13:18:09.601 I/art     ( 1323): VMRuntime.preloadDexCaches methods total=197534 before=82457 after=83017
05-21 13:18:09.602 I/art     ( 1323): VMRuntime.preloadDexCaches finished
05-21 13:18:09.606 I/Zygote  ( 1323): Preloading resources...
05-21 13:18:10.117 I/art     ( 1324): VMRuntime.preloadDexCaches strings total=283712 before=39625 after=39625
05-21 13:18:10.118 I/art     ( 1324): VMRuntime.preloadDexCaches types total=23581 before=7877 after=7904
05-21 13:18:10.118 I/art     ( 1324): VMRuntime.preloadDexCaches fields total=112007 before=40903 after=41117
05-21 13:18:10.118 I/art     ( 1324): VMRuntime.preloadDexCaches methods total=197534 before=82457 after=83017
05-21 13:18:10.118 I/art     ( 1324): VMRuntime.preloadDexCaches finished
05-21 13:18:10.155 I/Zygote  ( 1324): Preloading resources...
05-21 13:18:11.409 W/Resources( 1323): Preloaded drawable resource #0x108025c (android:drawable/dialog_background_material) that varies with configuration!!
05-21 13:18:11.505 W/Resources( 1323): Preloaded drawable resource #0x1080298 (android:drawable/editbox_dropdown_background_dark) that varies with configuration!!
05-21 13:18:11.652 W/Resources( 1323): Preloaded color resource #0x10600e2 (android:color/material_grey_800) that varies with configuration!!
05-21 13:18:11.653 W/Resources( 1323): Preloaded drawable resource #0x10802c9 (android:drawable/floating_popup_background_dark) that varies with configuration!!
05-21 13:18:11.813 W/Resources( 1324): Preloaded drawable resource #0x108025c (android:drawable/dialog_background_material) that varies with configuration!!
05-21 13:18:11.830 W/Resources( 1324): Preloaded drawable resource #0x1080298 (android:drawable/editbox_dropdown_background_dark) that varies with configuration!!
05-21 13:18:11.969 W/Resources( 1324): Preloaded color resource #0x10600e2 (android:color/material_grey_800) that varies with configuration!!
05-21 13:18:11.969 W/Resources( 1324): Preloaded drawable resource #0x10802c9 (android:drawable/floating_popup_background_dark) that varies with configuration!!
05-21 13:18:12.481 I/art     ( 1324): Background concurrent mark sweep GC freed 643(52KB) AllocSpace objects, 1(32KB) LOS objects, 56% free, 3MB/7MB, paused 427us total 190.491ms
05-21 13:18:12.595 W/Resources( 1323): Preloaded drawable resource #0x108030b (android:drawable/ic_clear_disabled) that varies with configuration!!
05-21 13:18:12.598 W/Resources( 1323): Preloaded drawable resource #0x1080310 (android:drawable/ic_clear_normal) that varies with configuration!!
05-21 13:18:12.764 W/Resources( 1323): Preloaded drawable resource #0x1080359 (android:drawable/ic_go) that varies with configuration!!
05-21 13:18:12.807 I/art     ( 1323): Background sticky concurrent mark sweep GC freed 15140(950KB) AllocSpace objects, 1(40KB) LOS objects, 20% free, 3MB/4MB, paused 441us total 156.120ms
05-21 13:18:13.002 W/Resources( 1324): Preloaded drawable resource #0x108030b (android:drawable/ic_clear_disabled) that varies with configuration!!
05-21 13:18:13.005 W/Resources( 1324): Preloaded drawable resource #0x1080310 (android:drawable/ic_clear_normal) that varies with configuration!!
05-21 13:18:13.027 W/Resources( 1323): Preloaded drawable resource #0x1080038 (android:drawable/ic_menu_close_clear_cancel) that varies with configuration!!
05-21 13:18:13.064 W/Resources( 1323): Preloaded drawable resource #0x1080045 (android:drawable/ic_menu_more) that varies with configuration!!
05-21 13:18:13.122 W/Resources( 1324): Preloaded drawable resource #0x1080359 (android:drawable/ic_go) that varies with configuration!!
05-21 13:18:13.387 W/Resources( 1324): Preloaded drawable resource #0x1080038 (android:drawable/ic_menu_close_clear_cancel) that varies with configuration!!
05-21 13:18:13.393 W/Resources( 1323): Preloaded drawable resource #0x10804e8 (android:drawable/menu_background_fill_parent_width) that varies with configuration!!
05-21 13:18:13.494 W/Resources( 1324): Preloaded drawable resource #0x1080045 (android:drawable/ic_menu_more) that varies with configuration!!
05-21 13:18:13.739 W/Resources( 1324): Preloaded drawable resource #0x10804e8 (android:drawable/menu_background_fill_parent_width) that varies with configuration!!
05-21 13:18:15.735 W/Resources( 1323): Preloaded drawable resource #0x108077e (android:drawable/text_edit_paste_window) that varies with configuration!!
05-21 13:18:15.784 W/Resources( 1323): Preloaded drawable resource #0x1080096 (android:drawable/toast_frame) that varies with configuration!!
05-21 13:18:15.785 I/Zygote  ( 1323): ...preloaded 114 resources in 6179ms.
05-21 13:18:15.862 W/Resources( 1323): Preloaded color resource #0x106010b (android:color/background_cache_hint_selector_material_dark) that varies with configuration!!
05-21 13:18:15.865 W/Resources( 1323): Preloaded color resource #0x1060110 (android:color/btn_default_material_dark) that varies with configuration!!
05-21 13:18:15.913 I/Zygote  ( 1323): ...preloaded 41 resources in 128ms.
05-21 13:18:15.916 D/libEGL  ( 1323): Emulator without GPU support detected. Fallback to legacy software renderer, qemu.gles is set to 0.
05-21 13:18:16.020 D/libEGL  ( 1323): loaded /system/lib64/egl/libGLES_android.so
05-21 13:18:16.657 W/Resources( 1324): Preloaded drawable resource #0x108077e (android:drawable/text_edit_paste_window) that varies with configuration!!
05-21 13:18:16.826 I/Zygote  ( 1323): Preloading shared libraries...
05-21 13:18:16.858 W/Resources( 1324): Preloaded drawable resource #0x1080096 (android:drawable/toast_frame) that varies with configuration!!
05-21 13:18:16.859 I/Zygote  ( 1324): ...preloaded 114 resources in 6704ms.
05-21 13:18:17.119 W/Resources( 1324): Preloaded color resource #0x106010b (android:color/background_cache_hint_selector_material_dark) that varies with configuration!!
05-21 13:18:17.122 E/Hyphenator( 1323): error loading hyphenation /system/usr/hyphen-data/hyph-as.hyb
05-21 13:18:17.122 E/Hyphenator( 1323): java.io.FileNotFoundException: /system/usr/hyphen-data/hyph-as.hyb: open failed: ENOENT (No such file or directory)
05-21 13:18:17.122 E/Hyphenator( 1323): 	at libcore.io.IoBridge.open(IoBridge.java:455)
05-21 13:18:17.122 E/Hyphenator( 1323): 	at java.io.RandomAccessFile.<init>(RandomAccessFile.java:247)
05-21 13:18:17.122 E/Hyphenator( 1323): 	at android.text.Hyphenator.loadHyphenator(Hyphenator.java:118)
05-21 13:18:17.122 E/Hyphenator( 1323): 	at android.text.Hyphenator.init(Hyphenator.java:224)
05-21 13:18:17.122 E/Hyphenator( 1323): 	at com.android.internal.os.ZygoteInit.preloadTextResources(ZygoteInit.java:252)
05-21 13:18:17.122 E/Hyphenator( 1323): 	at com.android.internal.os.ZygoteInit.preload(ZygoteInit.java:206)
05-21 13:18:17.122 E/Hyphenator( 1323): 	at com.android.internal.os.ZygoteInit.main(ZygoteInit.java:743)
05-21 13:18:17.122 E/Hyphenator( 1323): Caused by: android.system.ErrnoException: open failed: ENOENT (No such file or directory)
05-21 13:18:17.122 E/Hyphenator( 1323): 	at libcore.io.Posix.open(Native Method)
05-21 13:18:17.122 E/Hyphenator( 1323): 	at libcore.io.BlockGuardOs.open(BlockGuardOs.java:187)
05-21 13:18:17.122 E/Hyphenator( 1323): 	at libcore.io.IoBridge.open(IoBridge.java:441)
05-21 13:18:17.122 E/Hyphenator( 1323): 	... 6 more
05-21 13:18:17.124 E/Hyphenator( 1323): error loading hyphenation /system/usr/hyphen-data/hyph-bn.hyb
05-21 13:18:17.124 E/Hyphenator( 1323): java.io.FileNotFoundException: /system/usr/hyphen-data/hyph-bn.hyb: open failed: ENOENT (No such file or directory)
05-21 13:18:17.124 E/Hyphenator( 1323): 	at libcore.io.IoBridge.open(IoBridge.java:455)
05-21 13:18:17.124 E/Hyphenator( 1323): 	at java.io.RandomAccessFile.<init>(RandomAccessFile.java:247)
05-21 13:18:17.124 E/Hyphenator( 1323): 	at android.text.Hyphenator.loadHyphenator(Hyphenator.java:118)
05-21 13:18:17.124 E/Hyphenator( 1323): 	at android.text.Hyphenator.init(Hyphenator.java:224)
05-21 13:18:17.124 E/Hyphenator( 1323): 	at com.android.internal.os.ZygoteInit.preloadTextResources(ZygoteInit.java:252)
05-21 13:18:17.124 E/Hyphenator( 1323): 	at com.android.internal.os.ZygoteInit.preload(ZygoteInit.java:206)
05-21 13:18:17.124 E/Hyphenator( 1323): 	at com.android.internal.os.ZygoteInit.main(ZygoteInit.java:743)
05-21 13:18:17.124 E/Hyphenator( 1323): Caused by: android.system.ErrnoException: open failed: ENOENT (No such file or directory)
05-21 13:18:17.124 E/Hyphenator( 1323): 	at libcore.io.Posix.open(Native Method)
05-21 13:18:17.124 E/Hyphenator( 1323): 	at libcore.io.BlockGuardOs.open(BlockGuardOs.java:187)
05-21 13:18:17.124 E/Hyphenator( 1323): 	at libcore.io.IoBridge.open(IoBridge.java:441)
05-21 13:18:17.124 E/Hyphenator( 1323): 	... 6 more
05-21 13:18:17.125 E/Hyphenator( 1323): error loading hyphenation /system/usr/hyphen-data/hyph-cy.hyb
05-21 13:18:17.125 E/Hyphenator( 1323): java.io.FileNotFoundException: /system/usr/hyphen-data/hyph-cy.hyb: open failed: ENOENT (No such file or directory)
05-21 13:18:17.125 E/Hyphenator( 1323): 	at libcore.io.IoBridge.open(IoBridge.java:455)
05-21 13:18:17.125 E/Hyphenator( 1323): 	at java.io.RandomAccessFile.<init>(RandomAccessFile.java:247)
05-21 13:18:17.125 E/Hyphenator( 1323): 	at android.text.Hyphenator.loadHyphenator(Hyphenator.java:118)
05-21 13:18:17.125 E/Hyphenator( 1323): 	at android.text.Hyphenator.init(Hyphenator.java:224)
05-21 13:18:17.125 E/Hyphenator( 1323): 	at com.android.internal.os.ZygoteInit.preloadTextResources(ZygoteInit.java:252)
05-21 13:18:17.125 E/Hyphenator( 1323): 	at com.android.internal.os.ZygoteInit.preload(ZygoteInit.java:206)
05-21 13:18:17.125 E/Hyphenator( 1323): 	at com.android.internal.os.ZygoteInit.main(ZygoteInit.java:743)
05-21 13:18:17.125 E/Hyphenator( 1323): Caused by: android.system.ErrnoException: open failed: ENOENT (No such file or directory)
05-21 13:18:17.125 E/Hyphenator( 1323): 	at libcore.io.Posix.open(Native Method)
05-21 13:18:17.125 E/Hyphenator( 1323): 	at libcore.io.BlockGuardOs.open(BlockGuardOs.java:187)
05-21 13:18:17.125 E/Hyphenator( 1323): 	at libcore.io.IoBridge.open(IoBridge.java:441)
05-21 13:18:17.125 E/Hyphenator( 1323): 	... 6 more
05-21 13:18:17.127 E/Hyphenator( 1323): error loading hyphenation /system/usr/hyphen-data/hyph-da.hyb
05-21 13:18:17.127 E/Hyphenator( 1323): java.io.FileNotFoundException: /system/usr/hyphen-data/hyph-da.hyb: open failed: ENOENT (No such file or directory)
05-21 13:18:17.127 E/Hyphenator( 1323): 	at libcore.io.IoBridge.open(IoBridge.java:455)
05-21 13:18:17.127 E/Hyphenator( 1323): 	at java.io.RandomAccessFile.<init>(RandomAccessFile.java:247)
05-21 13:18:17.127 E/Hyphenator( 1323): 	at android.text.Hyphenator.loadHyphenator(Hyphenator.java:118)
05-21 13:18:17.127 E/Hyphenator( 1323): 	at android.text.Hyphenator.init(Hyphenator.java:224)
05-21 13:18:17.127 E/Hyphenator( 1323): 	at com.android.internal.os.ZygoteInit.preloadTextResources(ZygoteInit.java:252)
05-21 13:18:17.127 E/Hyphenator( 1323): 	at com.android.internal.os.ZygoteInit.preload(ZygoteInit.java:206)
05-21 13:18:17.127 E/Hyphenator( 1323): 	at com.android.internal.os.ZygoteInit.main(ZygoteInit.java:743)
05-21 13:18:17.127 E/Hyphenator( 1323): Caused by: android.system.ErrnoException: open failed: ENOENT (No such file or directory)
05-21 13:18:17.127 E/Hyphenator( 1323): 	at libcore.io.Posix.open(Native Method)
05-21 13:18:17.127 E/Hyphenator( 1323): 	at libcore.io.BlockGuardOs.open(BlockGuardOs.java:187)
05-21 13:18:17.127 E/Hyphenator( 1323): 	at libcore.io.IoBridge.open(IoBridge.java:441)
05-21 13:18:17.127 E/Hyphenator( 1323): 	... 6 more
05-21 13:18:17.128 E/Hyphenator( 1323): error loading hyphenation /system/usr/hyphen-data/hyph-de-1901.hyb
05-21 13:18:17.128 E/Hyphenator( 1323): java.io.FileNotFoundException: /system/usr/hyphen-data/hyph-de-1901.hyb: open failed: ENOENT (No such file or directory)
05-21 13:18:17.128 E/Hyphenator( 1323): 	at libcore.io.IoBridge.open(IoBridge.java:455)
05-21 13:18:17.128 E/Hyphenator( 1323): 	at java.io.RandomAccessFile.<init>(RandomAccessFile.java:247)
05-21 13:18:17.128 E/Hyphenator( 1323): 	at android.text.Hyphenator.loadHyphenator(Hyphenator.java:118)
05-21 13:18:17.128 E/Hyphenator( 1323): 	at android.text.Hyphenator.init(Hyphenator.java:224)
05-21 13:18:17.128 E/Hyphenator( 1323): 	at com.android.internal.os.ZygoteInit.preloadTextResources(ZygoteInit.java:252)
05-21 13:18:17.128 E/Hyphenator( 1323): 	at com.android.internal.os.ZygoteInit.preload(ZygoteInit.java:206)
05-21 13:18:17.128 E/Hyphenator( 1323): 	at com.android.internal.os.ZygoteInit.main(ZygoteInit.java:743)
05-21 13:18:17.128 E/Hyphenator( 1323): Caused by: android.system.ErrnoException: open failed: ENOENT (No such file or directory)
05-21 13:18:17.128 E/Hyphenator( 1323): 	at libcore.io.Posix.open(Native Method)
05-21 13:18:17.128 E/Hyphenator( 1323): 	at libcore.io.BlockGuardOs.open(BlockGuardOs.java:187)
05-21 13:18:17.128 E/Hyphenator( 1323): 	at libcore.io.IoBridge.open(IoBridge.java:441)
05-21 13:18:17.128 E/Hyphenator( 1323): 	... 6 more
05-21 13:18:17.129 E/Hyphenator( 1323): error loading hyphenation /system/usr/hyphen-data/hyph-de-1996.hyb
05-21 13:18:17.129 E/Hyphenator( 1323): java.io.FileNotFoundException: /system/usr/hyphen-data/hyph-de-1996.hyb: open failed: ENOENT (No such file or directory)
05-21 13:18:17.129 E/Hyphenator( 1323): 	at libcore.io.IoBridge.open(IoBridge.java:455)
05-21 13:18:17.129 E/Hyphenator( 1323): 	at java.io.RandomAccessFile.<init>(RandomAccessFile.java:247)
05-21 13:18:17.129 E/Hyphenator( 1323): 	at android.text.Hyphenator.loadHyphenator(Hyphenator.java:118)
05-21 13:18:17.129 E/Hyphenator( 1323): 	at android.text.Hyphenator.init(Hyphenator.java:224)
05-21 13:18:17.129 E/Hyphenator( 1323): 	at com.android.internal.os.ZygoteInit.preloadTextResources(ZygoteInit.java:252)
05-21 13:18:17.129 E/Hyphenator( 1323): 	at com.android.internal.os.ZygoteInit.preload(ZygoteInit.java:206)
05-21 13:18:17.129 E/Hyphenator( 1323): 	at com.android.internal.os.ZygoteInit.main(ZygoteInit.java:743)
05-21 13:18:17.129 E/Hyphenator( 1323): Caused by: android.system.ErrnoException: open failed: ENOENT (No such file or directory)
05-21 13:18:17.129 E/Hyphenator( 1323): 	at libcore.io.Posix.open(Native Method)
05-21 13:18:17.129 E/Hyphenator( 1323): 	at libcore.io.BlockGuardOs.open(BlockGuardOs.java:187)
05-21 13:18:17.129 E/Hyphenator( 1323): 	at libcore.io.IoBridge.open(IoBridge.java:441)
05-21 13:18:17.129 E/Hyphenator( 1323): 	... 6 more
05-21 13:18:17.182 E/Hyphenator( 1323): error loading hyphenation /system/usr/hyphen-data/hyph-de-ch-1901.hyb
05-21 13:18:17.182 E/Hyphenator( 1323): java.io.FileNotFoundException: /system/usr/hyphen-data/hyph-de-ch-1901.hyb: open failed: ENOENT (No such file or directory)
05-21 13:18:17.182 E/Hyphenator( 1323): 	at libcore.io.IoBridge.open(IoBridge.java:455)
05-21 13:18:17.182 E/Hyphenator( 1323): 	at java.io.RandomAccessFile.<init>(RandomAccessFile.java:247)
05-21 13:18:17.182 E/Hyphenator( 1323): 	at android.text.Hyphenator.loadHyphenator(Hyphenator.java:118)
05-21 13:18:17.182 E/Hyphenator( 1323): 	at android.text.Hyphenator.init(Hyphenator.java:224)
05-21 13:18:17.182 E/Hyphenator( 1323): 	at com.android.internal.os.ZygoteInit.preloadTextResources(ZygoteInit.java:252)
05-21 13:18:17.182 E/Hyphenator( 1323): 	at com.android.internal.os.ZygoteInit.preload(ZygoteInit.java:206)
05-21 13:18:17.182 E/Hyphenator( 1323): 	at com.android.internal.os.ZygoteInit.main(ZygoteInit.java:743)
05-21 13:18:17.182 E/Hyphenator( 1323): Caused by: android.system.ErrnoException: open failed: ENOENT (No such file or directory)
05-21 13:18:17.182 E/Hyphenator( 1323): 	at libcore.io.Posix.open(Native Method)
05-21 13:18:17.182 E/Hyphenator( 1323): 	at libcore.io.BlockGuardOs.open(BlockGuardOs.java:187)
05-21 13:18:17.182 E/Hyphenator( 1323): 	at libcore.io.IoBridge.open(IoBridge.java:441)
05-21 13:18:17.182 E/Hyphenator( 1323): 	... 6 more
05-21 13:18:17.183 E/Hyphenator( 1323): error loading hyphenation /system/usr/hyphen-data/hyph-en-gb.hyb
05-21 13:18:17.183 E/Hyphenator( 1323): java.io.FileNotFoundException: /system/usr/hyphen-data/hyph-en-gb.hyb: open failed: ENOENT (No such file or directory)
05-21 13:18:17.183 E/Hyphenator( 1323): 	at libcore.io.IoBridge.open(IoBridge.java:455)
05-21 13:18:17.183 E/Hyphenator( 1323): 	at java.io.RandomAccessFile.<init>(RandomAccessFile.java:247)
05-21 13:18:17.183 E/Hyphenator( 1323): 	at android.text.Hyphenator.loadHyphenator(Hyphenator.java:118)
05-21 13:18:17.183 E/Hyphenator( 1323): 	at android.text.Hyphenator.init(Hyphenator.java:224)
05-21 13:18:17.183 E/Hyphenator( 1323): 	at com.android.internal.os.ZygoteInit.preloadTextResources(ZygoteInit.java:252)
05-21 13:18:17.183 E/Hyphenator( 1323): 	at com.android.internal.os.ZygoteInit.preload(ZygoteInit.java:206)
05-21 13:18:17.183 E/Hyphenator( 1323): 	at com.android.internal.os.ZygoteInit.main(ZygoteInit.java:743)
05-21 13:18:17.183 E/Hyphenator( 1323): Caused by: android.system.ErrnoException: open failed: ENOENT (No such file or directory)
05-21 13:18:17.183 E/Hyphenator( 1323): 	at libcore.io.Posix.open(Native Method)
05-21 13:18:17.183 E/Hyphenator( 1323): 	at libcore.io.BlockGuardOs.open(BlockGuardOs.java:187)
05-21 13:18:17.183 E/Hyphenator( 1323): 	at libcore.io.IoBridge.open(IoBridge.java:441)
05-21 13:18:17.183 E/Hyphenator( 1323): 	... 6 more
05-21 13:18:17.184 E/Hyphenator( 1323): error loading hyphenation /system/usr/hyphen-data/hyph-en-us.hyb
05-21 13:18:17.184 E/Hyphenator( 1323): java.io.FileNotFoundException: /system/usr/hyphen-data/hyph-en-us.hyb: open failed: ENOENT (No such file or directory)
05-21 13:18:17.184 E/Hyphenator( 1323): 	at libcore.io.IoBridge.open(IoBridge.java:455)
05-21 13:18:17.184 E/Hyphenator( 1323): 	at java.io.RandomAccessFile.<init>(RandomAccessFile.java:247)
05-21 13:18:17.184 E/Hyphenator( 1323): 	at android.text.Hyphenator.loadHyphenator(Hyphenator.java:118)
05-21 13:18:17.184 E/Hyphenator( 1323): 	at android.text.Hyphenator.init(Hyphenator.java:224)
05-21 13:18:17.184 E/Hyphenator( 1323): 	at com.android.internal.os.ZygoteInit.preloadTextResources(ZygoteInit.java:252)
05-21 13:18:17.184 E/Hyphenator( 1323): 	at com.android.internal.os.ZygoteInit.preload(ZygoteInit.java:206)
05-21 13:18:17.184 E/Hyphenator( 1323): 	at com.android.internal.os.ZygoteInit.main(ZygoteInit.java:743)
05-21 13:18:17.184 E/Hyphenator( 1323): Caused by: android.system.ErrnoException: open failed: ENOENT (No such file or directory)
05-21 13:18:17.184 E/Hyphenator( 1323): 	at libcore.io.Posix.open(Native Method)
05-21 13:18:17.184 E/Hyphenator( 1323): 	at libcore.io.BlockGuardOs.open(BlockGuardOs.java:187)
05-21 13:18:17.184 E/Hyphenator( 1323): 	at libcore.io.IoBridge.open(IoBridge.java:441)
05-21 13:18:17.184 E/Hyphenator( 1323): 	... 6 more
05-21 13:18:17.186 E/Hyphenator( 1323): error loading hyphenation /system/usr/hyphen-data/hyph-es.hyb
05-21 13:18:17.186 E/Hyphenator( 1323): java.io.FileNotFoundException: /system/usr/hyphen-data/hyph-es.hyb: open failed: ENOENT (No such file or directory)
05-21 13:18:17.186 E/Hyphenator( 1323): 	at libcore.io.IoBridge.open(IoBridge.java:455)
05-21 13:18:17.186 E/Hyphenator( 1323): 	at java.io.RandomAccessFile.<init>(RandomAccessFile.java:247)
05-21 13:18:17.186 E/Hyphenator( 1323): 	at android.text.Hyphenator.loadHyphenator(Hyphenator.java:118)
05-21 13:18:17.186 E/Hyphenator( 1323): 	at android.text.Hyphenator.init(Hyphenator.java:224)
05-21 13:18:17.186 E/Hyphenator( 1323): 	at com.android.internal.os.ZygoteInit.preloadTextResources(ZygoteInit.java:252)
05-21 13:18:17.186 E/Hyphenator( 1323): 	at com.android.internal.os.ZygoteInit.preload(ZygoteInit.java:206)
05-21 13:18:17.186 E/Hyphenator( 1323): 	at com.android.internal.os.ZygoteInit.main(ZygoteInit.java:743)
05-21 13:18:17.186 E/Hyphenator( 1323): Caused by: android.system.ErrnoException: open failed: ENOENT (No such file or directory)
05-21 13:18:17.186 E/Hyphenator( 1323): 	at libcore.io.Posix.open(Native Method)
05-21 13:18:17.186 E/Hyphenator( 1323): 	at libcore.io.BlockGuardOs.open(BlockGuardOs.java:187)
05-21 13:18:17.186 E/Hyphenator( 1323): 	at libcore.io.IoBridge.open(IoBridge.java:441)
05-21 13:18:17.186 E/Hyphenator( 1323): 	... 6 more
05-21 13:18:17.187 E/Hyphenator( 1323): error loading hyphenation /system/usr/hyphen-data/hyph-et.hyb
05-21 13:18:17.187 E/Hyphenator( 1323): java.io.FileNotFoundException: /system/usr/hyphen-data/hyph-et.hyb: open failed: ENOENT (No such file or directory)
05-21 13:18:17.187 E/Hyphenator( 1323): 	at libcore.io.IoBridge.open(IoBridge.java:455)
05-21 13:18:17.187 E/Hyphenator( 1323): 	at java.io.RandomAccessFile.<init>(RandomAccessFile.java:247)
05-21 13:18:17.187 E/Hyphenator( 1323): 	at android.text.Hyphenator.loadHyphenator(Hyphenator.java:118)
05-21 13:18:17.187 E/Hyphenator( 1323): 	at android.text.Hyphenator.init(Hyphenator.java:224)
05-21 13:18:17.187 E/Hyphenator( 1323): 	at com.android.internal.os.ZygoteInit.preloadTextResources(ZygoteInit.java:252)
05-21 13:18:17.187 E/Hyphenator( 1323): 	at com.android.internal.os.ZygoteInit.preload(ZygoteInit.java:206)
05-21 13:18:17.187 E/Hyphenator( 1323): 	at com.android.internal.os.ZygoteInit.main(ZygoteInit.java:743)
05-21 13:18:17.187 E/Hyphenator( 1323): Caused by: android.system.ErrnoException: open failed: ENOENT (No such file or directory)
05-21 13:18:17.187 E/Hyphenator( 1323): 	at libcore.io.Posix.open(Native Method)
05-21 13:18:17.187 E/Hyphenator( 1323): 	at libcore.io.BlockGuardOs.open(BlockGuardOs.java:187)
05-21 13:18:17.187 E/Hyphenator( 1323): 	at libcore.io.IoBridge.open(IoBridge.java:441)
05-21 13:18:17.187 E/Hyphenator( 1323): 	... 6 more
05-21 13:18:17.188 E/Hyphenator( 1323): error loading hyphenation /system/usr/hyphen-data/hyph-eu.hyb
05-21 13:18:17.188 E/Hyphenator( 1323): java.io.FileNotFoundException: /system/usr/hyphen-data/hyph-eu.hyb: open failed: ENOENT (No such file or directory)
05-21 13:18:17.188 E/Hyphenator( 1323): 	at libcore.io.IoBridge.open(IoBridge.java:455)
05-21 13:18:17.188 E/Hyphenator( 1323): 	at java.io.RandomAccessFile.<init>(RandomAccessFile.java:247)
05-21 13:18:17.188 E/Hyphenator( 1323): 	at android.text.Hyphenator.loadHyphenator(Hyphenator.java:118)
05-21 13:18:17.188 E/Hyphenator( 1323): 	at android.text.Hyphenator.init(Hyphenator.java:224)
05-21 13:18:17.188 E/Hyphenator( 1323): 	at com.android.internal.os.ZygoteInit.preloadTextResources(ZygoteInit.java:252)
05-21 13:18:17.188 E/Hyphenator( 1323): 	at com.android.internal.os.ZygoteInit.preload(ZygoteInit.java:206)
05-21 13:18:17.188 E/Hyphenator( 1323): 	at com.android.internal.os.ZygoteInit.main(ZygoteInit.java:743)
05-21 13:18:17.188 E/Hyphenator( 1323): Caused by: android.system.ErrnoException: open failed: ENOENT (No such file or directory)
05-21 13:18:17.188 E/Hyphenator( 1323): 	at libcore.io.Posix.open(Native Method)
05-21 13:18:17.188 E/Hyphenator( 1323): 	at libcore.io.BlockGuardOs.open(BlockGuardOs.java:187)
05-21 13:18:17.188 E/Hyphenator( 1323): 	at libcore.io.IoBridge.open(IoBridge.java:441)
05-21 13:18:17.188 E/Hyphenator( 1323): 	... 6 more
05-21 13:18:17.225 W/Resources( 1324): Preloaded color resource #0x1060110 (android:color/btn_default_material_dark) that varies with configuration!!
05-21 13:18:17.280 E/Hyphenator( 1323): error loading hyphenation /system/usr/hyphen-data/hyph-fr.hyb
05-21 13:18:17.280 E/Hyphenator( 1323): java.io.FileNotFoundException: /system/usr/hyphen-data/hyph-fr.hyb: open failed: ENOENT (No such file or directory)
05-21 13:18:17.280 E/Hyphenator( 1323): 	at libcore.io.IoBridge.open(IoBridge.java:455)
05-21 13:18:17.280 E/Hyphenator( 1323): 	at java.io.RandomAccessFile.<init>(RandomAccessFile.java:247)
05-21 13:18:17.280 E/Hyphenator( 1323): 	at android.text.Hyphenator.loadHyphenator(Hyphenator.java:118)
05-21 13:18:17.280 E/Hyphenator( 1323): 	at android.text.Hyphenator.init(Hyphenator.java:224)
05-21 13:18:17.280 E/Hyphenator( 1323): 	at com.android.internal.os.ZygoteInit.preloadTextResources(ZygoteInit.java:252)
05-21 13:18:17.280 E/Hyphenator( 1323): 	at com.android.internal.os.ZygoteInit.preload(ZygoteInit.java:206)
05-21 13:18:17.280 E/Hyphenator( 1323): 	at com.android.internal.os.ZygoteInit.main(ZygoteInit.java:743)
05-21 13:18:17.280 E/Hyphenator( 1323): Caused by: android.system.ErrnoException: open failed: ENOENT (No such file or directory)
05-21 13:18:17.280 E/Hyphenator( 1323): 	at libcore.io.Posix.open(Native Method)
05-21 13:18:17.280 E/Hyphenator( 1323): 	at libcore.io.BlockGuardOs.open(BlockGuardOs.java:187)
05-21 13:18:17.280 E/Hyphenator( 1323): 	at libcore.io.IoBridge.open(IoBridge.java:441)
05-21 13:18:17.280 E/Hyphenator( 1323): 	... 6 more
05-21 13:18:17.282 E/Hyphenator( 1323): error loading hyphenation /system/usr/hyphen-data/hyph-ga.hyb
05-21 13:18:17.282 E/Hyphenator( 1323): java.io.FileNotFoundException: /system/usr/hyphen-data/hyph-ga.hyb: open failed: ENOENT (No such file or directory)
05-21 13:18:17.282 E/Hyphenator( 1323): 	at libcore.io.IoBridge.open(IoBridge.java:455)
05-21 13:18:17.282 E/Hyphenator( 1323): 	at java.io.RandomAccessFile.<init>(RandomAccessFile.java:247)
05-21 13:18:17.282 E/Hyphenator( 1323): 	at android.text.Hyphenator.loadHyphenator(Hyphenator.java:118)
05-21 13:18:17.282 E/Hyphenator( 1323): 	at android.text.Hyphenator.init(Hyphenator.java:224)
05-21 13:18:17.282 E/Hyphenator( 1323): 	at com.android.internal.os.ZygoteInit.preloadTextResources(ZygoteInit.java:252)
05-21 13:18:17.282 E/Hyphenator( 1323): 	at com.android.internal.os.ZygoteInit.preload(ZygoteInit.java:206)
05-21 13:18:17.282 E/Hyphenator( 1323): 	at com.android.internal.os.ZygoteInit.main(ZygoteInit.java:743)
05-21 13:18:17.282 E/Hyphenator( 1323): Caused by: android.system.ErrnoException: open failed: ENOENT (No such file or directory)
05-21 13:18:17.282 E/Hyphenator( 1323): 	at libcore.io.Posix.open(Native Method)
05-21 13:18:17.282 E/Hyphenator( 1323): 	at libcore.io.BlockGuardOs.open(BlockGuardOs.java:187)
05-21 13:18:17.282 E/Hyphenator( 1323): 	at libcore.io.IoBridge.open(IoBridge.java:441)
05-21 13:18:17.282 E/Hyphenator( 1323): 	... 6 more
05-21 13:18:17.284 E/Hyphenator( 1323): error loading hyphenation /system/usr/hyphen-data/hyph-gu.hyb
05-21 13:18:17.284 E/Hyphenator( 1323): java.io.FileNotFoundException: /system/usr/hyphen-data/hyph-gu.hyb: open failed: ENOENT (No such file or directory)
05-21 13:18:17.284 E/Hyphenator( 1323): 	at libcore.io.IoBridge.open(IoBridge.java:455)
05-21 13:18:17.284 E/Hyphenator( 1323): 	at java.io.RandomAccessFile.<init>(RandomAccessFile.java:247)
05-21 13:18:17.284 E/Hyphenator( 1323): 	at android.text.Hyphenator.loadHyphenator(Hyphenator.java:118)
05-21 13:18:17.284 E/Hyphenator( 1323): 	at android.text.Hyphenator.init(Hyphenator.java:224)
05-21 13:18:17.284 E/Hyphenator( 1323): 	at com.android.internal.os.ZygoteInit.preloadTextResources(ZygoteInit.java:252)
05-21 13:18:17.284 E/Hyphenator( 1323): 	at com.android.internal.os.ZygoteInit.preload(ZygoteInit.java:206)
05-21 13:18:17.284 E/Hyphenator( 1323): 	at com.android.internal.os.ZygoteInit.main(ZygoteInit.java:743)
05-21 13:18:17.284 E/Hyphenator( 1323): Caused by: android.system.ErrnoException: open failed: ENOENT (No such file or directory)
05-21 13:18:17.284 E/Hyphenator( 1323): 	at libcore.io.Posix.open(Native Method)
05-21 13:18:17.284 E/Hyphenator( 1323): 	at libcore.io.BlockGuardOs.open(BlockGuardOs.java:187)
05-21 13:18:17.284 E/Hyphenator( 1323): 	at libcore.io.IoBridge.open(IoBridge.java:441)
05-21 13:18:17.284 E/Hyphenator( 1323): 	... 6 more
