05-21 13:20:53.376 I/vol.Events( 2814): writeEvent level_changed STREAM_ALARM 6
05-21 13:20:53.406 I/vol.Events( 2814): writeEvent level_changed STREAM_BLUETOOTH_SCO 7
05-21 13:20:53.439 I/vol.Events( 2814): writeEvent level_changed STREAM_MUSIC 11
05-21 13:20:53.666 I/vol.Events( 2814): writeEvent level_changed STREAM_RING 5
05-21 13:20:53.681 I/vol.Events( 2814): writeEvent level_changed STREAM_SYSTEM 5
05-21 13:20:53.886 I/Choreographer( 2008): Skipped 32 frames!  The application may be doing too much work on its main thread.
05-21 13:20:53.902 I/ActivityManager( 2008): Displayed com.android.launcher3/.Launcher: +30s525ms
05-21 13:20:53.907 I/vol.Events( 2814): writeEvent level_changed STREAM_VOICE_CALL 4
05-21 13:20:54.355 D/StorageNotification( 2814): Notifying about private volume: VolumeInfo{private}:
05-21 13:20:54.355 D/StorageNotification( 2814):     type=PRIVATE diskId=null partGuid=null mountFlags=0 mountUserId=-1 
05-21 13:20:54.355 D/StorageNotification( 2814):     state=MOUNTED 
05-21 13:20:54.355 D/StorageNotification( 2814):     fsType=null fsUuid=null fsLabel=null 
05-21 13:20:54.355 D/StorageNotification( 2814):     path=/data internalPath=null 
05-21 13:20:54.358 D/StorageNotification( 2814): Notifying about public volume: VolumeInfo{public:253,48}:
05-21 13:20:54.358 D/StorageNotification( 2814):     type=PUBLIC diskId=disk:253,48 partGuid=null mountFlags=VISIBLE 
05-21 13:20:54.358 D/StorageNotification( 2814):     mountUserId=0 state=MOUNTED 
05-21 13:20:54.358 D/StorageNotification( 2814):     fsType=vfat fsUuid=1EFF-1C1B fsLabel=SDCARD 
05-21 13:20:54.358 D/StorageNotification( 2814):     path=/storage/1EFF-1C1B internalPath=/mnt/media_rw/1EFF-1C1B 
05-21 13:20:54.688 V/KeyguardServiceDelegate( 2008): *** Keyguard connected (yay!)
05-21 13:20:55.376 V/MediaScanner( 2854): pruneDeadThumbnailFiles... android.content.ContentProviderClient$CursorWrapperInner@f4137b5
05-21 13:20:55.665 W/art     ( 2008): Long monitor contention with owner Binder:2008_3 (2219) at int com.android.server.wm.WindowManagerService.relayoutWindow(com.android.server.wm.Session, android.view.IWindow, int, android.view.WindowManager$LayoutParams, int, int, int, int, android.graphics.Rect, android.graphics.Rect, android.graphics.Rect, android.graphics.Rect, android.graphics.Rect, android.graphics.Rect, android.graphics.Rect, android.content.res.Configuration, android.view.Surface)(WindowManagerService.java:2857) waiters=0 in void com.android.server.wm.WindowManagerService$H.handleMessage(android.os.Message) for 354ms
05-21 13:20:55.926 I/art     ( 2814): Background sticky concurrent mark sweep GC freed 11443(1259KB) AllocSpace objects, 2(40KB) LOS objects, 0% free, 10MB/10MB, paused 988us total 358.466ms
05-21 13:20:56.096 I/art     ( 2814): Background partial concurrent mark sweep GC freed 1761(80KB) AllocSpace objects, 0(0B) LOS objects, 27% free, 10MB/14MB, paused 33.387ms total 128.970ms
05-21 13:20:56.160 I/Choreographer( 2814): Skipped 126 frames!  The application may be doing too much work on its main thread.
05-21 13:20:56.360 V/MediaScanner( 2854): /pruneDeadThumbnailFiles... android.content.ContentProviderClient$CursorWrapperInner@f4137b5
05-21 13:20:56.633 W/art     ( 2008): Long monitor contention with owner android.display (2071) at void com.android.server.wm.WindowAnimator$1.doFrame(long)(WindowAnimator.java:144) waiters=0 in void com.android.server.wm.WindowManagerService.setDockedStackDividerTouchRegion(android.graphics.Rect) for 174ms
05-21 13:20:56.765 I/art     ( 2723): Background sticky concurrent mark sweep GC freed 19844(1934KB) AllocSpace objects, 9(204KB) LOS objects, 21% free, 7MB/10MB, paused 526us total 167.224ms
05-21 13:20:56.903 W/art     ( 2008): Long monitor contention with owner android.display (2071) at void com.android.server.wm.WindowAnimator$1.doFrame(long)(WindowAnimator.java:144) waiters=1 in void com.android.server.wm.WindowManagerService.setInsetsWindow(com.android.server.wm.Session, android.view.IWindow, int, android.graphics.Rect, android.graphics.Rect, android.graphics.Region) for 412ms
05-21 13:20:57.122 W/art     ( 2008): Long monitor contention with owner android.display (2071) at void com.android.server.wm.WindowManagerService$H.handleMessage(android.os.Message)(WindowManagerService.java:8368) waiters=1 in void com.android.server.wm.WindowManagerService.setDockedStackDividerTouchRegion(android.graphics.Rect) for 488ms
05-21 13:20:57.244 I/StatusBarManagerService( 2008): registerStatusBar bar=com.android.internal.statusbar.IStatusBar$Stub$Proxy@21cfe41
05-21 13:20:58.168 V/MediaScanner( 2854): pruneDeadThumbnailFiles... android.content.ContentProviderClient$CursorWrapperInner@32d9fab
05-21 13:20:58.180 V/MediaScanner( 2854): /pruneDeadThumbnailFiles... android.content.ContentProviderClient$CursorWrapperInner@32d9fab
05-21 13:20:58.599 W/System  ( 2814): ClassLoader referenced unknown path: 
05-21 13:20:58.600 W/System  ( 2814): ClassLoader referenced unknown path: /system/priv-app/Dialer/lib/x86_64
05-21 13:20:58.603 D/ApplicationLoaders( 2814): ignored Vulkan layer search path /system/priv-app/Dialer/lib/x86_64:/system/lib64:/vendor/lib64 for namespace 0x791e4f2100f0
05-21 13:20:58.723 E/BluetoothAdapter( 2814): Bluetooth binder is null
05-21 13:20:58.795 I/CameraManagerGlobal( 2814): Connecting to camera service
05-21 13:20:58.816 V/EmulatedCamera_Camera( 1326): getCameraInfo
05-21 13:20:58.817 V/EmulatedCamera_BaseCamera( 1326): getCameraInfo
05-21 13:20:58.817 I/CameraService( 1326): getCameraCharacteristics: Switching to HAL1 shim implementation...
05-21 13:20:58.817 V/EmulatedCamera_Camera( 1326): getCameraInfo
05-21 13:20:58.817 V/EmulatedCamera_BaseCamera( 1326): getCameraInfo
05-21 13:20:58.826 V/EmulatedCamera_Camera( 1326): getCameraInfo
05-21 13:20:58.826 V/EmulatedCamera_BaseCamera( 1326): getCameraInfo
05-21 13:20:58.831 V/EmulatedCamera_Camera( 1326): getCameraInfo
05-21 13:20:58.832 V/EmulatedCamera_BaseCamera( 1326): getCameraInfo
05-21 13:20:58.881 I/StatusBar( 2814): isKeyguardShowing() called before startKeyguard(), returning true
05-21 13:20:58.883 W/StatusBar( 2814): isKeyguardSecure() called before startKeyguard(), returning false
05-21 13:20:58.883 W/StatusBar( 2814): java.lang.Throwable
05-21 13:20:58.883 W/StatusBar( 2814): 	at com.android.systemui.statusbar.BaseStatusBar.isKeyguardSecure(BaseStatusBar.java:2647)
05-21 13:20:58.883 W/StatusBar( 2814): 	at com.android.systemui.statusbar.BaseStatusBar.isCameraAllowedByAdmin(BaseStatusBar.java:2670)
05-21 13:20:58.883 W/StatusBar( 2814): 	at com.android.systemui.statusbar.phone.KeyguardBottomAreaView.updateCameraVisibility(KeyguardBottomAreaView.java:309)
05-21 13:20:58.883 W/StatusBar( 2814): 	at com.android.systemui.statusbar.phone.KeyguardBottomAreaView.setPhoneStatusBar(KeyguardBottomAreaView.java:272)
05-21 13:20:58.883 W/StatusBar( 2814): 	at com.android.systemui.statusbar.phone.PhoneStatusBar.makeStatusBarView(PhoneStatusBar.java:904)
05-21 13:20:58.883 W/StatusBar( 2814): 	at com.android.systemui.statusbar.phone.PhoneStatusBar.addStatusBarWindow(PhoneStatusBar.java:3432)
05-21 13:20:58.883 W/StatusBar( 2814): 	at com.android.systemui.statusbar.phone.PhoneStatusBar.createAndAddWindows(PhoneStatusBar.java:3428)
05-21 13:20:58.883 W/StatusBar( 2814): 	at com.android.systemui.statusbar.BaseStatusBar.start(BaseStatusBar.java:765)
05-21 13:20:58.883 W/StatusBar( 2814): 	at com.android.systemui.statusbar.phone.PhoneStatusBar.start(PhoneStatusBar.java:686)
05-21 13:20:58.883 W/StatusBar( 2814): 	at com.android.systemui.statusbar.SystemBars.createStatusBarFromConfig(SystemBars.java:106)
05-21 13:20:58.883 W/StatusBar( 2814): 	at com.android.systemui.statusbar.SystemBars.onNoService(SystemBars.java:58)
05-21 13:20:58.883 W/StatusBar( 2814): 	at com.android.systemui.statusbar.ServiceMonitor.startService(ServiceMonitor.java:230)
05-21 13:20:58.883 W/StatusBar( 2814): 	at com.android.systemui.statusbar.ServiceMonitor.-wrap5(ServiceMonitor.java)
05-21 13:20:58.883 W/StatusBar( 2814): 	at com.android.systemui.statusbar.ServiceMonitor$1.handleMessage(ServiceMonitor.java:73)
05-21 13:20:58.883 W/StatusBar( 2814): 	at android.os.Handler.dispatchMessage(Handler.java:102)
05-21 13:20:58.883 W/StatusBar( 2814): 	at android.os.Looper.loop(Looper.java:154)
05-21 13:20:58.883 W/StatusBar( 2814): 	at android.app.ActivityThread.main(ActivityThread.java:6119)
05-21 13:20:58.883 W/StatusBar( 2814): 	at java.lang.reflect.Method.invoke(Native Method)
05-21 13:20:58.883 W/StatusBar( 2814): 	at com.android.internal.os.ZygoteInit$MethodAndArgsCaller.run(ZygoteInit.java:886)
05-21 13:20:58.883 W/StatusBar( 2814): 	at com.android.internal.os.ZygoteInit.main(ZygoteInit.java:776)
05-21 13:20:58.890 I/StatusBar( 2814): isKeyguardShowing() called before startKeyguard(), returning true
05-21 13:20:58.892 W/StatusBar( 2814): isKeyguardSecure() called before startKeyguard(), returning false
05-21 13:20:58.892 W/StatusBar( 2814): java.lang.Throwable
05-21 13:20:58.892 W/StatusBar( 2814): 	at com.android.systemui.statusbar.BaseStatusBar.isKeyguardSecure(BaseStatusBar.java:2647)
05-21 13:20:58.892 W/StatusBar( 2814): 	at com.android.systemui.statusbar.BaseStatusBar.isCameraAllowedByAdmin(BaseStatusBar.java:2670)
05-21 13:20:58.892 W/StatusBar( 2814): 	at com.android.systemui.statusbar.phone.KeyguardBottomAreaView.updateCameraVisibility(KeyguardBottomAreaView.java:309)
05-21 13:20:58.892 W/StatusBar( 2814): 	at com.android.systemui.statusbar.phone.KeyguardBottomAreaView.setUserSetupComplete(KeyguardBottomAreaView.java:281)
05-21 13:20:58.892 W/StatusBar( 2814): 	at com.android.systemui.statusbar.phone.PhoneStatusBar.makeStatusBarView(PhoneStatusBar.java:905)
05-21 13:20:58.892 W/StatusBar( 2814): 	at com.android.systemui.statusbar.phone.PhoneStatusBar.addStatusBarWindow(PhoneStatusBar.java:3432)
05-21 13:20:58.892 W/StatusBar( 2814): 	at com.android.systemui.statusbar.phone.PhoneStatusBar.createAndAddWindows(PhoneStatusBar.java:3428)
05-21 13:20:58.892 W/StatusBar( 2814): 	at com.android.systemui.statusbar.BaseStatusBar.start(BaseStatusBar.java:765)
05-21 13:20:58.892 W/StatusBar( 2814): 	at com.android.systemui.statusbar.phone.PhoneStatusBar.start(PhoneStatusBar.java:686)
05-21 13:20:58.892 W/StatusBar( 2814): 	at com.android.systemui.statusbar.SystemBars.createStatusBarFromConfig(SystemBars.java:106)
05-21 13:20:58.892 W/StatusBar( 2814): 	at com.android.systemui.statusbar.SystemBars.onNoService(SystemBars.java:58)
05-21 13:20:58.892 W/StatusBar( 2814): 	at com.android.systemui.statusbar.ServiceMonitor.startService(ServiceMonitor.java:230)
05-21 13:20:58.892 W/StatusBar( 2814): 	at com.android.systemui.statusbar.ServiceMonitor.-wrap5(ServiceMonitor.java)
05-21 13:20:58.892 W/StatusBar( 2814): 	at com.android.systemui.statusbar.ServiceMonitor$1.handleMessage(ServiceMonitor.java:73)
05-21 13:20:58.892 W/StatusBar( 2814): 	at android.os.Handler.dispatchMessage(Handler.java:102)
05-21 13:20:58.892 W/StatusBar( 2814): 	at android.os.Looper.loop(Looper.java:154)
05-21 13:20:58.892 W/StatusBar( 2814): 	at android.app.ActivityThread.main(ActivityThread.java:6119)
05-21 13:20:58.892 W/StatusBar( 2814): 	at java.lang.reflect.Method.invoke(Native Method)
05-21 13:20:58.892 W/StatusBar( 2814): 	at com.android.internal.os.ZygoteInit$MethodAndArgsCaller.run(ZygoteInit.java:886)
05-21 13:20:58.892 W/StatusBar( 2814): 	at com.android.internal.os.ZygoteInit.main(ZygoteInit.java:776)
05-21 13:20:59.004 V/EmulatedCamera_Camera( 1326): getCameraInfo
05-21 13:20:59.004 V/EmulatedCamera_BaseCamera( 1326): getCameraInfo
05-21 13:20:59.006 V/EmulatedCamera_Camera( 1326): getCameraInfo
05-21 13:20:59.006 V/EmulatedCamera_BaseCamera( 1326): getCameraInfo
05-21 13:20:59.305 I/StatusBar( 2814): isKeyguardShowing() called before startKeyguard(), returning true
05-21 13:20:59.307 W/StatusBar( 2814): isKeyguardSecure() called before startKeyguard(), returning false
05-21 13:20:59.307 W/StatusBar( 2814): java.lang.Throwable
05-21 13:20:59.307 W/StatusBar( 2814): 	at com.android.systemui.statusbar.BaseStatusBar.isKeyguardSecure(BaseStatusBar.java:2647)
05-21 13:20:59.307 W/StatusBar( 2814): 	at com.android.systemui.statusbar.BaseStatusBar.isCameraAllowedByAdmin(BaseStatusBar.java:2670)
05-21 13:20:59.307 W/StatusBar( 2814): 	at com.android.systemui.statusbar.phone.KeyguardBottomAreaView.updateCameraVisibility(KeyguardBottomAreaView.java:309)
05-21 13:20:59.307 W/StatusBar( 2814): 	at com.android.systemui.statusbar.phone.KeyguardBottomAreaView.setUserSetupComplete(KeyguardBottomAreaView.java:281)
05-21 13:20:59.307 W/StatusBar( 2814): 	at com.android.systemui.statusbar.phone.PhoneStatusBar$1.onChange(PhoneStatusBar.java:441)
05-21 13:20:59.307 W/StatusBar( 2814): 	at com.android.systemui.statusbar.phone.PhoneStatusBar.resetUserSetupObserver(PhoneStatusBar.java:3676)
05-21 13:20:59.307 W/StatusBar( 2814): 	at com.android.systemui.statusbar.phone.PhoneStatusBar.makeStatusBarView(PhoneStatusBar.java:1008)
05-21 13:20:59.307 W/StatusBar( 2814): 	at com.android.systemui.statusbar.phone.PhoneStatusBar.addStatusBarWindow(PhoneStatusBar.java:3432)
05-21 13:20:59.307 W/StatusBar( 2814): 	at com.android.systemui.statusbar.phone.PhoneStatusBar.createAndAddWindows(PhoneStatusBar.java:3428)
05-21 13:20:59.307 W/StatusBar( 2814): 	at com.android.systemui.statusbar.BaseStatusBar.start(BaseStatusBar.java:765)
05-21 13:20:59.307 W/StatusBar( 2814): 	at com.android.systemui.statusbar.phone.PhoneStatusBar.start(PhoneStatusBar.java:686)
05-21 13:20:59.307 W/StatusBar( 2814): 	at com.android.systemui.statusbar.SystemBars.createStatusBarFromConfig(SystemBars.java:106)
05-21 13:20:59.307 W/StatusBar( 2814): 	at com.android.systemui.statusbar.SystemBars.onNoService(SystemBars.java:58)
05-21 13:20:59.307 W/StatusBar( 2814): 	at com.android.systemui.statusbar.ServiceMonitor.startService(ServiceMonitor.java:230)
05-21 13:20:59.307 W/StatusBar( 2814): 	at com.android.systemui.statusbar.ServiceMonitor.-wrap5(ServiceMonitor.java)
05-21 13:20:59.307 W/StatusBar( 2814): 	at com.android.systemui.statusbar.ServiceMonitor$1.handleMessage(ServiceMonitor.java:73)
05-21 13:20:59.307 W/StatusBar( 2814): 	at android.os.Handler.dispatchMessage(Handler.java:102)
05-21 13:20:59.307 W/StatusBar( 2814): 	at android.os.Looper.loop(Looper.java:154)
05-21 13:20:59.307 W/StatusBar( 2814): 	at android.app.ActivityThread.main(ActivityThread.java:6119)
05-21 13:20:59.307 W/StatusBar( 2814): 	at java.lang.reflect.Method.invoke(Native Method)
05-21 13:20:59.307 W/StatusBar( 2814): 	at com.android.internal.os.ZygoteInit$MethodAndArgsCaller.run(ZygoteInit.java:886)
05-21 13:20:59.307 W/StatusBar( 2814): 	at com.android.internal.os.ZygoteInit.main(ZygoteInit.java:776)
05-21 13:20:59.338 E/SurfaceFlinger( 1320): ro.sf.lcd_density must be defined as a build property
05-21 13:20:59.354 D/OpenGLRenderer( 2814): profile bars disabled
05-21 13:20:59.355 D/OpenGLRenderer( 2814): ambientRatio = 1.50
05-21 13:20:59.397 D/PhoneStatusBar( 2814): disable: < EXPAND* icons alerts system_info BACK* HOME* RECENT* clock SEARCH* quick_settings >
05-21 13:20:59.589 D/PhoneStatusBar( 2814): heads up is enabled
05-21 13:20:59.758 V/KeyguardServiceDelegate( 2008): **** SHOWN CALLED ****
05-21 13:21:00.343 W/art     ( 2008): Long monitor contention with owner Binder:2008_9 (2757) at int com.android.server.wm.WindowManagerService.relayoutWindow(com.android.server.wm.Session, android.view.IWindow, int, android.view.WindowManager$LayoutParams, int, int, int, int, android.graphics.Rect, android.graphics.Rect, android.graphics.Rect, android.graphics.Rect, android.graphics.Rect, android.graphics.Rect, android.graphics.Rect, android.content.res.Configuration, android.view.Surface)(WindowManagerService.java:2857) waiters=1 in void com.android.server.wm.WindowManagerService$H.handleMessage(android.os.Message) for 465ms
05-21 13:21:00.602 W/art     ( 2008): Long monitor contention with owner android.display (2071) at void com.android.server.wm.WindowAnimator$1.doFrame(long)(WindowAnimator.java:144) waiters=1 in int com.android.server.wm.WindowManagerService.relayoutWindow(com.android.server.wm.Session, android.view.IWindow, int, android.view.WindowManager$LayoutParams, int, int, int, int, android.graphics.Rect, android.graphics.Rect, android.graphics.Rect, android.graphics.Rect, android.graphics.Rect, android.graphics.Rect, android.graphics.Rect, android.content.res.Configuration, android.view.Surface) for 225ms
05-21 13:21:00.714 W/art     ( 2008): Long monitor contention with owner android.ui (2053) at int com.android.server.wm.WindowManagerService.relayoutWindow(com.android.server.wm.Session, android.view.IWindow, int, android.view.WindowManager$LayoutParams, int, int, int, int, android.graphics.Rect, android.graphics.Rect, android.graphics.Rect, android.graphics.Rect, android.graphics.Rect, android.graphics.Rect, android.graphics.Rect, android.content.res.Configuration, android.view.Surface)(WindowManagerService.java:2857) waiters=1 in void com.android.server.wm.WindowManagerService$H.handleMessage(android.os.Message) for 111ms
05-21 13:21:00.730 W/KeyguardUpdateMonitor( 2814): invalid subId in handleSimStateChange()
05-21 13:21:00.832 D/gralloc_ranchu( 2814): Emulator without host-side GPU emulation detected. Loading gralloc.default.so from /vendor/lib64/hw/gralloc.goldfish.default.so...
05-21 13:21:00.836 D/gralloc_ranchu( 2814): gralloc.default.so not found in /vendor. Trying /system/lib64/hw/gralloc.goldfish.default.so...
05-21 13:21:00.986 I/Choreographer( 2814): Skipped 141 frames!  The application may be doing too much work on its main thread.
05-21 13:21:01.022 D/ViewRootImpl[StatusBar]( 2814): changeCanvasOpacity: opaque=true
05-21 13:21:02.341 D/WifiService( 2008): New client listening to asynchronous messages
05-21 13:21:03.143 W/art     ( 2008): Long monitor contention with owner Binder:2008_3 (2219) at int com.android.server.wm.WindowManagerService.relayoutWindow(com.android.server.wm.Session, android.view.IWindow, int, android.view.WindowManager$LayoutParams, int, int, int, int, android.graphics.Rect, android.graphics.Rect, android.graphics.Rect, android.graphics.Rect, android.graphics.Rect, android.graphics.Rect, android.graphics.Rect, android.content.res.Configuration, android.view.Surface)(WindowManagerService.java:2857) waiters=0 in void com.android.server.wm.WindowManagerService$H.handleMessage(android.os.Message) for 220ms
05-21 13:21:03.192 D/PhoneStatusBar( 2814): disable: < expand* icons alerts system_info back* home* recent* clock search* quick_settings >
05-21 13:21:03.195 I/Choreographer( 2814): Skipped 131 frames!  The application may be doing too much work on its main thread.
05-21 13:21:03.554 I/art     ( 2814): Background partial concurrent mark sweep GC freed 5259(434KB) AllocSpace objects, 5(4MB) LOS objects, 23% free, 12MB/16MB, paused 810us total 356.276ms
05-21 13:21:03.622 W/art     ( 2008): Long monitor contention with owner android.display (2071) at void com.android.server.wm.WindowManagerService$H.handleMessage(android.os.Message)(WindowManagerService.java:8368) waiters=0 in void com.android.server.wm.WindowManagerService.finishDrawingWindow(com.android.server.wm.Session, android.view.IWindow) for 185ms
05-21 13:21:04.351 I/Choreographer( 2814): Skipped 68 frames!  The application may be doing too much work on its main thread.
05-21 13:21:24.792 W//sbin/adbd( 1322): type=1400 audit(0.0:16): avc: denied { search } for comm=7365727669636520343036 name="security" dev="vdc" ino=35203 scontext=u:r:adbd:s0 tcontext=u:object_r:security_file:s0 tclass=dir permissive=0
05-21 13:21:46.004 W/BroadcastQueue( 2008): Timeout of broadcast BroadcastRecord{6dbbcdb u0 android.intent.action.BOOT_COMPLETED} - receiver=android.os.BinderProxy@20189d5, started 60001ms ago
05-21 13:21:46.004 W/BroadcastQueue( 2008): Receiver during timeout: BroadcastFilter{631c0db u0 ReceiverList{264c5ea 2242 com.android.systemui/10021/u0 remote:20189d5}}
05-21 13:21:46.010 W/Binder  ( 2814): Binder call failed.
05-21 13:21:46.010 W/Binder  ( 2814): android.os.DeadObjectException
05-21 13:21:46.010 W/Binder  ( 2814): 	at android.os.BinderProxy.transactNative(Native Method)
05-21 13:21:46.010 W/Binder  ( 2814): 	at android.os.BinderProxy.transact(Binder.java:615)
05-21 13:21:46.010 W/Binder  ( 2814): 	at android.content.IIntentReceiver$Stub$Proxy.performReceive(IIntentReceiver.java:124)
05-21 13:21:46.010 W/Binder  ( 2814): 	at android.app.ActivityThread$ApplicationThread.scheduleRegisteredReceiver(ActivityThread.java:946)
05-21 13:21:46.010 W/Binder  ( 2814): 	at android.app.ApplicationThreadNative.onTransact(ApplicationThreadNative.java:404)
05-21 13:21:46.010 W/Binder  ( 2814): 	at android.os.Binder.execTransact(Binder.java:565)
05-21 13:22:06.464 D/AndroidRuntime( 2919): >>>>>> START com.android.internal.os.RuntimeInit uid 2000 <<<<<<
05-21 13:22:06.515 D/AndroidRuntime( 2919): CheckJNI is ON
05-21 13:22:06.841 W/art     ( 2919): Unexpected CPU variant for X86 using defaults: x86_64
05-21 13:22:06.886 D/ICU     ( 2919): No timezone override file found: /data/misc/zoneinfo/current/icu/icu_tzdata.dat
05-21 13:22:07.073 E/memtrack( 2919): Couldn't load memtrack module (No such file or directory)
05-21 13:22:07.073 E/android.os.Debug( 2919): failed to load memtrack module: -2
05-21 13:22:07.080 I/Radio-JNI( 2919): register_android_hardware_Radio DONE
05-21 13:22:07.199 D/AndroidRuntime( 2919): Calling main entry com.android.commands.pm.Pm
05-21 13:22:07.377 I/        ( 1330): free_cache(132243700) avail 809549824
05-21 13:22:23.872 W/ActivityManager( 2008): Slow operation: 58ms so far, now at startProcess: returned from zygote!
05-21 13:22:23.873 W/ActivityManager( 2008): Slow operation: 59ms so far, now at startProcess: done updating battery stats
05-21 13:22:23.874 W/ActivityManager( 2008): Slow operation: 60ms so far, now at startProcess: building log message
05-21 13:22:23.874 I/ActivityManager( 2008): Start proc 2930:com.android.defcontainer/u0a7 for service com.android.defcontainer/.DefaultContainerService
05-21 13:22:23.874 W/ActivityManager( 2008): Slow operation: 60ms so far, now at startProcess: starting to update pids map
05-21 13:22:23.874 W/ActivityManager( 2008): Slow operation: 61ms so far, now at startProcess: done updating pids map
05-21 13:22:23.874 W/ActivityManager( 2008): Slow operation: 63ms so far, now at startProcess: done starting proc!
05-21 13:22:23.950 W/art     ( 2930): Unexpected CPU variant for X86 using defaults: x86_64
05-21 13:22:24.607 I/PackageManager.DexOptimizer( 2008): Running dexopt (dex2oat) on: /data/app/vmdl1268306712.tmp/base.apk pkg=jp.jaxa.iss.kibo.rpc.sampleapk isa=x86_64 vmSafeMode=false debuggable=true target-filter=interpret-only oatDir = /data/app/vmdl1268306712.tmp/oat sharedLibraries=null
05-21 13:22:24.804 W/dex2oat ( 2945): Unexpected CPU variant for X86 using defaults: x86_64
05-21 13:22:24.820 I/dex2oat ( 2945): /system/bin/dex2oat --compiler-filter=interpret-only --debuggable
05-21 13:22:27.284 W/dex2oat ( 2945): Before Android 4.1, method int android.support.v7.widget.ListViewCompat.lookForSelectablePosition(int, boolean) would have incorrectly overridden the package-private method in android.widget.ListView
05-21 13:22:27.884 W/dex2oat ( 2945): Before Android 4.1, method android.graphics.PorterDuffColorFilter android.support.graphics.drawable.VectorDrawableCompat.updateTintFilter(android.graphics.PorterDuffColorFilter, android.content.res.ColorStateList, android.graphics.PorterDuff$Mode) would have incorrectly overridden the package-private method in android.graphics.drawable.Drawable
05-21 13:22:36.332 W/dex2oat ( 2945): Compilation of void org.opencv.android.Utils.nBitmapToMat2(android.graphics.Bitmap, long, boolean) took 164.218ms
05-21 13:22:36.339 W/dex2oat ( 2945): Compilation of java.lang.String org.opencv.android.StaticHelper.getLibraryList() took 173.428ms
05-21 13:22:38.992 I/dex2oat ( 2945): dex2oat took 14.201s (threads: 2) arena alloc=372KB (381064B) java alloc=7MB (7496296B) native alloc=15MB (16232752B) free=4MB (4214480B)
05-21 13:22:39.237 D/installd( 1330): Detected label change from u:object_r:system_data_file:s0 to u:object_r:app_data_file:s0:c512,c768 at /data/data/jp.jaxa.iss.kibo.rpc.sampleapk; running recursive restorecon
05-21 13:22:39.248 D/installd( 1330): Detected label change from u:object_r:system_data_file:s0 to u:object_r:app_data_file:s0:c512,c768 at /data/user_de/0/jp.jaxa.iss.kibo.rpc.sampleapk; running recursive restorecon
05-21 13:22:39.258 V/BackupManagerService( 2008): restoreAtInstall pkg=jp.jaxa.iss.kibo.rpc.sampleapk token=1 restoreSet=0
05-21 13:22:39.259 W/BackupManagerService( 2008): Requested unavailable transport: android/com.android.internal.backup.LocalTransport
05-21 13:22:39.260 W/BackupManagerService( 2008): No transport
05-21 13:22:39.260 V/BackupManagerService( 2008): Finishing install immediately
05-21 13:22:39.293 I/GnssLocationProvider( 2008): WakeLock acquired by sendMessage(3, 0, com.android.server.location.GnssLocationProvider$GpsRequest@20d0566)
05-21 13:22:39.300 I/GnssLocationProvider( 2008): WakeLock acquired by sendMessage(3, 0, com.android.server.location.GnssLocationProvider$GpsRequest@a1490a7)
05-21 13:22:39.302 I/GnssLocationProvider( 2008): WakeLock released by handleMessage(3, 0, com.android.server.location.GnssLocationProvider$GpsRequest@20d0566)
05-21 13:22:39.304 I/GnssLocationProvider( 2008): WakeLock released by handleMessage(3, 0, com.android.server.location.GnssLocationProvider$GpsRequest@a1490a7)
05-21 13:22:39.306 D/VoldConnector( 2008): SND -> {9 volume remount_uid 10064 default}
05-21 13:22:39.318 D/vold    ( 1269): Remounting 10064 as mode default
05-21 13:22:39.334 D/VoldConnector( 2008): RCV <- {200 9 Command succeeded}
05-21 13:22:39.340 D/VoldConnector( 2008): SND -> {10 volume remount_uid 10064 write}
05-21 13:22:39.342 D/vold    ( 1269): Remounting 10064 as mode write
05-21 13:22:39.343 I/GnssLocationProvider( 2008): WakeLock acquired by sendMessage(3, 0, com.android.server.location.GnssLocationProvider$GpsRequest@6fea954)
05-21 13:22:39.344 I/GnssLocationProvider( 2008): WakeLock released by handleMessage(3, 0, com.android.server.location.GnssLocationProvider$GpsRequest@6fea954)
05-21 13:22:39.356 D/VoldConnector( 2008): RCV <- {200 10 Command succeeded}
05-21 13:22:39.378 I/art     ( 2008): Starting a blocking GC Explicit
05-21 13:22:39.499 I/art     ( 2008): Explicit concurrent mark sweep GC freed 32193(2MB) AllocSpace objects, 18(488KB) LOS objects, 29% free, 9MB/13MB, paused 2.652ms total 102.821ms
05-21 13:22:39.507 E/        ( 1330): Couldn't opendir /data/app/vmdl1268306712.tmp: No such file or directory
05-21 13:22:39.593 I/art     ( 2919): System.exit called, status: 0
05-21 13:22:39.593 I/AndroidRuntime( 2919): VM exiting with result code 0.
05-21 13:22:39.691 I/InputReader( 2008): Reconfiguring input devices.  changes=0x00000010
05-21 13:22:39.902 E/PhoneInterfaceManager( 2439): [PhoneIntfMgr] getCarrierPackageNamesForIntent: No UICC
05-21 13:22:39.902 D/CarrierSvcBindHelper( 2439): No carrier app for: 0
05-21 13:22:39.905 D/CarrierConfigLoader( 2439): mHandler: 9 phoneId: 0
05-21 13:22:40.302 W/VoiceInteractionManagerService( 2008): no available voice recognition services found for user 0
05-21 13:22:46.010 W/BroadcastQueue( 2008): Timeout of broadcast BroadcastRecord{6dbbcdb u0 android.intent.action.BOOT_COMPLETED} - receiver=android.os.BinderProxy@3e096cb, started 60004ms ago
05-21 13:22:46.010 W/BroadcastQueue( 2008): Receiver during timeout: BroadcastFilter{4aad966 u0 ReceiverList{943ea8 2242 com.android.systemui/10021/u0 remote:3e096cb}}
05-21 13:22:46.083 I/ActivityManager( 2008): Start proc 2954:com.android.dialer/u0a8 for broadcast com.android.dialer/.calllog.CallLogReceiver
05-21 13:22:46.094 W/art     ( 2954): Unexpected CPU variant for X86 using defaults: x86_64
05-21 13:22:46.202 I/RecoverySystem( 2008): No recovery log file
05-21 13:22:46.245 I/BootReceiver( 2008): Copying audit failures to DropBox
05-21 13:22:46.245 I/BootReceiver( 2008): Checking for fsck errors
05-21 13:22:46.321 W/System  ( 2954): ClassLoader referenced unknown path: /system/priv-app/Dialer/lib/x86_64
05-21 13:22:47.286 D/ExtensionsFactory( 2954): No custom extensions.
05-21 13:22:47.305 D/BlockedNumbersAuto( 2954): Not attempting auto-migrate: already checked once.
05-21 13:22:47.409 D/CarrierConfigLoader( 2439): mHandler: 13 phoneId: 0
05-21 13:22:47.410 D/CarrierConfigLoader( 2439): mHandler: 7 phoneId: 0
05-21 13:22:47.421 E/CarrierConfigLoader( 2439): Cannot restore config with null packageName or iccid.
05-21 13:22:47.421 D/CarrierConfigLoader( 2439): Binding to com.android.carrierconfig for phone 0
05-21 13:22:47.431 W/CountryDetector( 2954): No location permissions, not registering for location updates.
05-21 13:22:47.461 I/ActivityManager( 2008): Start proc 2975:com.android.calendar/u0a26 for broadcast com.android.calendar/.alerts.AlertReceiver
05-21 13:22:47.476 W/art     ( 2975): Unexpected CPU variant for X86 using defaults: x86_64
05-21 13:22:47.537 W/ActivityManager( 2008): Slow operation: 70ms so far, now at startProcess: returned from zygote!
05-21 13:22:47.537 W/ActivityManager( 2008): Slow operation: 71ms so far, now at startProcess: done updating battery stats
05-21 13:22:47.538 W/ActivityManager( 2008): Slow operation: 71ms so far, now at startProcess: building log message
05-21 13:22:47.538 I/ActivityManager( 2008): Start proc 2988:com.android.carrierconfig/u0a3 for service com.android.carrierconfig/.DefaultCarrierConfigService
05-21 13:22:47.538 W/ActivityManager( 2008): Slow operation: 71ms so far, now at startProcess: starting to update pids map
05-21 13:22:47.538 W/ActivityManager( 2008): Slow operation: 71ms so far, now at startProcess: done updating pids map
05-21 13:22:47.558 W/art     ( 2988): Unexpected CPU variant for X86 using defaults: x86_64
05-21 13:22:47.566 W/ActivityManager( 2008): Slow operation: 100ms so far, now at startProcess: done starting proc!
05-21 13:22:47.570 W/art     ( 2008): Long monitor contention with owner Binder:2008_B (2767) at int com.android.server.am.ActivityManagerService.bindService(android.app.IApplicationThread, android.os.IBinder, android.content.Intent, java.lang.String, android.app.IServiceConnection, int, java.lang.String, int)(ActivityManagerService.java:17301) waiters=0 in void com.android.server.am.ActivityManagerService.trimApplications() for 104ms
05-21 13:22:47.573 W/art     ( 2008): Long monitor contention with owner Binder:2008_B (2767) at int com.android.server.am.ActivityManagerService.bindService(android.app.IApplicationThread, android.os.IBinder, android.content.Intent, java.lang.String, android.app.IServiceConnection, int, java.lang.String, int)(ActivityManagerService.java:17301) waiters=1 in void com.android.server.am.ActivityManagerService.dispatchUidsChanged() for 105ms
05-21 13:22:47.714 W/System  ( 2975): ClassLoader referenced unknown path: /system/app/Calendar/lib/x86_64
05-21 13:22:47.750 W/System  ( 2988): ClassLoader referenced unknown path: /system/priv-app/CarrierConfig/lib/x86_64
05-21 13:22:47.856 D/DefaultCarrierConfigService( 2988): Service created
05-21 13:22:47.862 D/CarrierConfigLoader( 2439): Connected to config app: com.android.carrierconfig/com.android.carrierconfig.DefaultCarrierConfigService
05-21 13:22:47.862 D/CarrierConfigLoader( 2439): mHandler: 3 phoneId: 0
05-21 13:22:47.951 D/DefaultCarrierConfigService( 2988): Config being fetched
05-21 13:22:47.955 D/DefaultCarrierConfigService( 2988): java.io.FileNotFoundException: carrier_config_.xml
05-21 13:22:47.961 E/CarrierConfigLoader( 2439): Cannot save config with null packageName or iccid.
05-21 13:22:47.972 D/CarrierConfigLoader( 2439): mHandler: 5 phoneId: 0
05-21 13:22:47.973 E/PhoneInterfaceManager( 2439): [PhoneIntfMgr] getCarrierPackageNamesForIntent: No UICC
05-21 13:22:48.036 I/Telecom ( 2008): PhoneAccountRegistrar: SimCallManager queried, returning: null: TSI.gSCMFU@AAk
05-21 13:22:48.232 D/ExtensionsFactory( 2975): No custom extensions.
05-21 13:22:48.247 D/AlertReceiver( 2975): onReceive: a=android.intent.action.BOOT_COMPLETED Intent { act=android.intent.action.BOOT_COMPLETED flg=0x9000010 cmp=com.android.calendar/.alerts.AlertReceiver (has extras) }
05-21 13:22:48.284 I/AlarmClock( 2669): AlarmInitReceiver android.intent.action.BOOT_COMPLETED
05-21 13:22:48.309 D/AlertUtils( 2975): Flushing old alerts from shared prefs table
05-21 13:22:48.327 D/AlertService( 2975): 0 Action = android.intent.action.BOOT_COMPLETED
05-21 13:22:48.353 D/AlertService( 2975): Scheduling next alarm with AlarmScheduler. sEventReminderReceived: null
05-21 13:22:48.407 W/art     ( 3013): Unexpected CPU variant for X86 using defaults: x86_64
05-21 13:22:48.413 I/ActivityManager( 2008): Start proc 3013:com.android.providers.calendar/u0a2 for content provider com.android.providers.calendar/.CalendarProvider2
05-21 13:22:48.534 V/AlarmClock( 2669): AlarmInitReceiver finished
05-21 13:22:48.577 W/art     ( 3027): Unexpected CPU variant for X86 using defaults: x86_64
05-21 13:22:48.581 W/System  ( 3013): ClassLoader referenced unknown path: /system/priv-app/CalendarProvider/lib/x86_64
05-21 13:22:48.585 W/ActivityManager( 2008): Slow operation: 54ms so far, now at startProcess: returned from zygote!
05-21 13:22:48.585 W/ActivityManager( 2008): Slow operation: 55ms so far, now at startProcess: done updating battery stats
05-21 13:22:48.586 W/ActivityManager( 2008): Slow operation: 55ms so far, now at startProcess: building log message
05-21 13:22:48.586 I/ActivityManager( 2008): Start proc 3027:com.android.email/u0a34 for broadcast com.android.email/.service.EmailBroadcastReceiver
05-21 13:22:48.586 W/ActivityManager( 2008): Slow operation: 55ms so far, now at startProcess: starting to update pids map
05-21 13:22:48.586 W/ActivityManager( 2008): Slow operation: 55ms so far, now at startProcess: done updating pids map
05-21 13:22:48.586 W/ActivityManager( 2008): Slow operation: 57ms so far, now at startProcess: done starting proc!
05-21 13:22:48.714 W/System  ( 3027): ClassLoader referenced unknown path: /system/app/Email/lib/x86_64
05-21 13:22:49.162 I/CalendarProvider2( 3013): Created com.android.providers.calendar.CalendarAlarmManager@5557ec1(com.android.providers.calendar.CalendarProvider2@c4bf666)
05-21 13:22:49.297 D/AlarmScheduler( 2975): No events found starting within 1 week.
05-21 13:22:50.146 W/ActivityManager( 2008): Unable to start service Intent { act=com.android.email.EXCHANGE_INTENT pkg=com.android.exchange } U=0: not found
05-21 13:22:50.165 D/ActivityThread( 3027): Loading provider com.android.email.provider;com.android.email.notifier: com.android.email.provider.EmailProvider
05-21 13:22:50.181 W/ActivityManager( 2008): Unable to start service Intent { act=com.android.email.EXCHANGE_INTENT pkg=com.android.exchange } U=0: not found
05-21 13:22:50.225 D/ActivityThread( 3027): Loading provider com.android.email.provider;com.android.email.notifier: com.android.email.provider.EmailProvider
05-21 13:22:50.234 W/ActivityManager( 2008): Unable to start service Intent { act=com.android.email.EXCHANGE_INTENT pkg=com.android.exchange } U=0: not found
05-21 13:22:50.280 I/CalendarProvider2( 3013): Sending notification intent: Intent { act=android.intent.action.PROVIDER_CHANGED dat=content://com.android.calendar flg=0x20000000 }
05-21 13:22:50.320 W/ContentResolver( 3013): Failed to get type for: content://com.android.calendar (Unknown URL content://com.android.calendar)
05-21 13:22:50.493 W/ActivityManager( 2008): Unable to start service Intent { cmp=com.android.email/.service.AttachmentService } U=0: not found
05-21 13:22:50.513 W/ActivityManager( 2008): Unable to start service Intent { act=com.android.email.EXCHANGE_INTENT pkg=com.android.exchange } U=0: not found
05-21 13:22:50.525 I/SystemBroadcastReceiver( 2237): Boot has been completed
05-21 13:22:50.525 I/SystemBroadcastReceiver( 2237): toggleAppIcon() : FLAG_SYSTEM = true
05-21 13:22:50.543 W/ActivityManager( 2008): Unable to start service Intent { cmp=com.android.email/.service.AttachmentService } U=0: not found
05-21 13:22:50.600 I/Email   ( 3027): Observing account changes for notifications
05-21 13:22:50.607 W/ActivityManager( 2008): Unable to start service Intent { act=com.android.email.EXCHANGE_INTENT pkg=com.android.exchange } U=0: not found
05-21 13:22:50.616 W/ActivityManager( 2008): Unable to start service Intent { cmp=com.android.email/.service.AttachmentService } U=0: not found
05-21 13:22:50.646 W/ActivityManager( 2008): Unable to start service Intent { act=com.android.email.EXCHANGE_INTENT pkg=com.android.exchange } U=0: not found
05-21 13:22:50.707 W/ActivityManager( 2008): Slow operation: 53ms so far, now at startProcess: returned from zygote!
05-21 13:22:50.708 W/ActivityManager( 2008): Slow operation: 53ms so far, now at startProcess: done updating battery stats
05-21 13:22:50.708 W/ActivityManager( 2008): Slow operation: 53ms so far, now at startProcess: building log message
05-21 13:22:50.716 W/art     ( 3051): Unexpected CPU variant for X86 using defaults: x86_64
05-21 13:22:50.721 I/ActivityManager( 2008): Start proc 3051:com.android.managedprovisioning/u0a14 for broadcast com.android.managedprovisioning/.BootReminder
05-21 13:22:50.721 W/ActivityManager( 2008): Slow operation: 66ms so far, now at startProcess: starting to update pids map
05-21 13:22:50.721 W/ActivityManager( 2008): Slow operation: 66ms so far, now at startProcess: done updating pids map
05-21 13:22:50.721 W/ActivityManager( 2008): Slow operation: 66ms so far, now at startProcess: done starting proc!
05-21 13:22:50.761 W/ActivityManager( 2008): Unable to start service Intent { act=com.android.email.EXCHANGE_INTENT pkg=com.android.exchange } U=0: not found
05-21 13:22:50.768 W/ActivityManager( 2008): Unable to start service Intent { act=com.android.email.EXCHANGE_INTENT pkg=com.android.exchange } U=0: not found
05-21 13:22:50.826 E/ActivityThread( 3027): Service com.android.email.service.EmailBroadcastProcessorService has leaked ServiceConnection com.android.emailcommon.service.ServiceProxy$ProxyConnection@d548f0 that was originally bound here
05-21 13:22:50.826 E/ActivityThread( 3027): android.app.ServiceConnectionLeaked: Service com.android.email.service.EmailBroadcastProcessorService has leaked ServiceConnection com.android.emailcommon.service.ServiceProxy$ProxyConnection@d548f0 that was originally bound here
05-21 13:22:50.826 E/ActivityThread( 3027): 	at android.app.LoadedApk$ServiceDispatcher.<init>(LoadedApk.java:1336)
05-21 13:22:50.826 E/ActivityThread( 3027): 	at android.app.LoadedApk.getServiceDispatcher(LoadedApk.java:1231)
05-21 13:22:50.826 E/ActivityThread( 3027): 	at android.app.ContextImpl.bindServiceCommon(ContextImpl.java:1450)
05-21 13:22:50.826 E/ActivityThread( 3027): 	at android.app.ContextImpl.bindService(ContextImpl.java:1422)
05-21 13:22:50.826 E/ActivityThread( 3027): 	at android.content.ContextWrapper.bindService(ContextWrapper.java:636)
05-21 13:22:50.826 E/ActivityThread( 3027): 	at com.android.emailcommon.service.ServiceProxy.setTask(ServiceProxy.java:181)
05-21 13:22:50.826 E/ActivityThread( 3027): 	at com.android.emailcommon.service.ServiceProxy.test(ServiceProxy.java:224)
05-21 13:22:50.826 E/ActivityThread( 3027): 	at com.android.email.service.EmailServiceUtils.isServiceAvailable(EmailServiceUtils.java:160)
05-21 13:22:50.826 E/ActivityThread( 3027): 	at com.android.email.provider.AccountReconciler.reconcileAccountsInternal(AccountReconciler.java:171)
05-21 13:22:50.826 E/ActivityThread( 3027): 	at com.android.email.provider.AccountReconciler.reconcileAccounts(AccountReconciler.java:115)
05-21 13:22:50.826 E/ActivityThread( 3027): 	at com.android.email.service.EmailBroadcastProcessorService.reconcileAndStartServices(EmailBroadcastProcessorService.java:305)
05-21 13:22:50.826 E/ActivityThread( 3027): 	at com.android.email.service.EmailBroadcastProcessorService.onBootCompleted(EmailBroadcastProcessorService.java:295)
05-21 13:22:50.826 E/ActivityThread( 3027): 	at com.android.email.service.EmailBroadcastProcessorService.onHandleIntent(EmailBroadcastProcessorService.java:130)
05-21 13:22:50.826 E/ActivityThread( 3027): 	at android.app.IntentService$ServiceHandler.handleMessage(IntentService.java:68)
05-21 13:22:50.826 E/ActivityThread( 3027): 	at android.os.Handler.dispatchMessage(Handler.java:102)
05-21 13:22:50.826 E/ActivityThread( 3027): 	at android.os.Looper.loop(Looper.java:154)
05-21 13:22:50.826 E/ActivityThread( 3027): 	at android.os.HandlerThread.run(HandlerThread.java:61)
05-21 13:22:50.830 W/ActivityManager( 2008): Unbind failed: could not find connection for android.os.BinderProxy@26b7152
05-21 13:22:50.862 W/System  ( 3051): ClassLoader referenced unknown path: /system/priv-app/ManagedProvisioning/lib/x86_64
05-21 13:22:50.945 I/ActivityManager( 2008): Start proc 3065:com.android.messaging/u0a54 for broadcast com.android.messaging/.receiver.BootAndPackageReplacedReceiver
05-21 13:22:50.972 W/art     ( 3065): Unexpected CPU variant for X86 using defaults: x86_64
05-21 13:22:51.051 W/System  ( 3065): ClassLoader referenced unknown path: /system/app/messaging/lib/x86_64
05-21 13:22:52.541 I/MessagingApp( 3065): Carrier config changed. Reloading MMS config.
05-21 13:22:52.594 V/VvmBootCompletedRcvr( 2439): processing subId list
05-21 13:22:52.616 E/VvmBootCompletedRcvr( 2439): phone account ComponentInfo{com.android.phone/com.android.services.telephony.TelephonyConnectionService}, [e2f7d48dd2b5ca523e7313cf4ba0f6ea830b6281], UserHandle{0} has invalid subId -1
05-21 13:22:52.666 I/MessagingAppDataModel( 3065): Fixup: Send failed - 0 Download failed - 0
05-21 13:22:53.146 W/art     ( 3087): Unexpected CPU variant for X86 using defaults: x86_64
05-21 13:22:53.153 I/ActivityManager( 2008): Start proc 3087:com.android.gallery3d/u0a39 for broadcast com.android.gallery3d/.app.PackagesMonitor
05-21 13:22:53.163 I/MessagingAppDataModel( 3065): SyncMessagesAction: Starting batch for messages from 1616676894217 to 1621603372454 (message update limit = 80, message scan limit = 4000)
05-21 13:22:53.973 I/MessagingAppDataModel( 3065): SyncMessagesAction: All messages now in sync
05-21 13:22:54.530 W/ActivityManager( 2008): Slow operation: 57ms so far, now at startProcess: returned from zygote!
05-21 13:22:54.530 W/ActivityManager( 2008): Slow operation: 58ms so far, now at startProcess: done updating battery stats
05-21 13:22:54.531 W/ActivityManager( 2008): Slow operation: 58ms so far, now at startProcess: building log message
05-21 13:22:54.531 I/ActivityManager( 2008): Start proc 3104:com.svox.pico/u0a49 for broadcast com.svox.pico/.VoiceDataInstallerReceiver
05-21 13:22:54.531 W/ActivityManager( 2008): Slow operation: 58ms so far, now at startProcess: starting to update pids map
05-21 13:22:54.531 W/ActivityManager( 2008): Slow operation: 58ms so far, now at startProcess: done updating pids map
05-21 13:22:54.531 W/ActivityManager( 2008): Slow operation: 59ms so far, now at startProcess: done starting proc!
05-21 13:22:54.542 W/art     ( 3104): Unexpected CPU variant for X86 using defaults: x86_64
05-21 13:22:55.138 I/VvmSimChangeReceiver( 2439): Received SIM change for invalid subscription id.
05-21 13:22:55.228 D/AlertReceiver( 2975): onReceive: a=android.intent.action.PROVIDER_CHANGED Intent { act=android.intent.action.PROVIDER_CHANGED dat=content://com.android.calendar flg=0x20000010 cmp=com.android.calendar/.alerts.AlertReceiver }
05-21 13:22:55.269 D/AlertService( 2975): 0 Action = android.intent.action.PROVIDER_CHANGED
05-21 13:22:55.573 W/MediaScanner( 2854): Error opening directory '/oem/media/', skipping: No such file or directory.
05-21 13:22:55.784 V/MediaScanner( 2854): pruneDeadThumbnailFiles... android.content.ContentProviderClient$CursorWrapperInner@fb45923
05-21 13:22:55.786 V/MediaScanner( 2854): /pruneDeadThumbnailFiles... android.content.ContentProviderClient$CursorWrapperInner@fb45923
05-21 13:23:00.337 I/GlobalDismissManager( 2975): no sender configured
05-21 13:23:00.354 D/AlertService( 2975): Beginning updateAlertNotification
05-21 13:23:00.397 D/AlertService( 2975): No fired or scheduled alerts
05-21 13:23:00.454 D/AlertService( 2975): Scheduling next alarm with AlarmScheduler. sEventReminderReceived: null
05-21 13:23:00.542 D/AlarmScheduler( 2975): No events found starting within 1 week.
05-21 13:23:03.354 I/ActivityManager( 2008): Waited long enough for: ServiceRecord{b613325 u0 com.android.calendar/.alerts.InitAlarmsService}
05-21 13:23:18.403 D/InitAlarmsService( 2975): Clearing and rescheduling alarms.
05-21 13:23:23.671 I/art     ( 2008): Background partial concurrent mark sweep GC freed 36002(2MB) AllocSpace objects, 15(524KB) LOS objects, 29% free, 9MB/13MB, paused 1.416ms total 221.801ms
05-21 13:24:00.040 I/ActivityManager( 2008): Killing 2785:com.android.keychain/1000 (adj 906): empty #17
05-21 13:24:00.235 D/ActivityManager( 2008): cleanUpApplicationRecord -- 2785
05-21 13:25:00.751 D/AndroidRuntime( 3126): >>>>>> START com.android.internal.os.RuntimeInit uid 2000 <<<<<<
05-21 13:25:00.910 D/AndroidRuntime( 3126): CheckJNI is ON
05-21 13:25:02.015 W/art     ( 3126): Unexpected CPU variant for X86 using defaults: x86_64
05-21 13:25:02.078 D/ICU     ( 3126): No timezone override file found: /data/misc/zoneinfo/current/icu/icu_tzdata.dat
05-21 13:25:02.363 E/memtrack( 3126): Couldn't load memtrack module (No such file or directory)
05-21 13:25:02.363 E/android.os.Debug( 3126): failed to load memtrack module: -2
05-21 13:25:02.375 I/Radio-JNI( 3126): register_android_hardware_Radio DONE
05-21 13:25:02.545 D/AndroidRuntime( 3126): Calling main entry com.android.commands.am.Am
05-21 13:25:02.732 W/ActivityManager( 2008): Slow operation: 102ms so far, now at startProcess: returned from zygote!
05-21 13:25:02.733 W/ActivityManager( 2008): Slow operation: 117ms so far, now at startProcess: done updating battery stats
05-21 13:25:02.734 W/ActivityManager( 2008): Slow operation: 118ms so far, now at startProcess: building log message
05-21 13:25:02.734 I/ActivityManager( 2008): Start proc 3136:gov.nasa.arc.astrobee.android.gs.manager/u0a63 for service gov.nasa.arc.astrobee.android.gs.manager/.ManagerService
05-21 13:25:02.734 W/ActivityManager( 2008): Slow operation: 118ms so far, now at startProcess: starting to update pids map
05-21 13:25:02.735 W/ActivityManager( 2008): Slow operation: 119ms so far, now at startProcess: done updating pids map
05-21 13:25:02.735 W/ActivityManager( 2008): Slow operation: 121ms so far, now at startProcess: done starting proc!
05-21 13:25:02.747 D/AndroidRuntime( 3126): Shutting down VM
05-21 13:25:02.756 I/art     ( 3136): Not late-enabling -Xcheck:jni (already on)
05-21 13:25:02.772 W/art     ( 3136): Unexpected CPU variant for X86 using defaults: x86_64
05-21 13:25:03.239 W/System  ( 3136): ClassLoader referenced unknown path: /data/app/gov.nasa.arc.astrobee.android.gs.manager-1/lib/x86_64
05-21 13:25:04.191 E/Notification( 3136): setLatestEventInfo() is deprecated and you should feel deprecated.
05-21 13:25:04.191 E/Notification( 3136): java.lang.Throwable
05-21 13:25:04.191 E/Notification( 3136): 	at android.app.Notification.setLatestEventInfo(Notification.java:2076)
05-21 13:25:04.191 E/Notification( 3136): 	at org.ros.android.NodeMainExecutorService.onStartCommand(NodeMainExecutorService.java:220)
05-21 13:25:04.191 E/Notification( 3136): 	at android.app.ActivityThread.handleServiceArgs(ActivityThread.java:3326)
05-21 13:25:04.191 E/Notification( 3136): 	at android.app.ActivityThread.-wrap21(ActivityThread.java)
05-21 13:25:04.191 E/Notification( 3136): 	at android.app.ActivityThread$H.handleMessage(ActivityThread.java:1582)
05-21 13:25:04.191 E/Notification( 3136): 	at android.os.Handler.dispatchMessage(Handler.java:102)
05-21 13:25:04.191 E/Notification( 3136): 	at android.os.Looper.loop(Looper.java:154)
05-21 13:25:04.191 E/Notification( 3136): 	at android.app.ActivityThread.main(ActivityThread.java:6119)
05-21 13:25:04.191 E/Notification( 3136): 	at java.lang.reflect.Method.invoke(Native Method)
05-21 13:25:04.191 E/Notification( 3136): 	at com.android.internal.os.ZygoteInit$MethodAndArgsCaller.run(ZygoteInit.java:886)
05-21 13:25:04.191 E/Notification( 3136): 	at com.android.internal.os.ZygoteInit.main(ZygoteInit.java:776)
05-21 13:25:06.004 I/Registrar( 3136): MasterXmlRpcEndpoint URI: http://llp:11311
05-21 13:25:06.485 I/Registrar( 3136): Registering publisher: Publisher<PublisherDefinition<PublisherIdentifier<NodeIdentifier</guest_science_manager, http://hlp:41055/>, TopicIdentifier</rosout>>, Topic<TopicIdentifier</rosout>, TopicDescription<rosgraph_msgs/Log, acffd30cd6b6de30f120938c17c593fb>>>>
05-21 13:25:06.571 D/NotificationSQLiteLog( 2008): Pruned event entries: 15
05-21 13:25:07.704 I/Registrar( 3136): Response<Success, Registered [/guest_science_manager] as publisher of [/rosout], [http://10.42.0.34:38952/]>
05-21 13:25:07.715 I/DefaultPublisher( 3136): Publisher registered: Publisher<PublisherDefinition<PublisherIdentifier<NodeIdentifier</guest_science_manager, http://hlp:41055/>, TopicIdentifier</rosout>>, Topic<TopicIdentifier</rosout>, TopicDescription<rosgraph_msgs/Log, acffd30cd6b6de30f120938c17c593fb>>>>
05-21 13:25:07.888 I/Registrar( 3136): Registering subscriber: Subscriber<Topic<TopicIdentifier</clock>, TopicDescription<rosgraph_msgs/Clock, a9c97c1d230cfc112e270351a944ee47>>>
05-21 13:25:08.026 I/Registrar( 3136): Response<Success, Subscribed to [/clock], [http://10.42.0.34:32982/]>
05-21 13:25:08.086 I/DefaultSubscriber( 3136): Subscriber registered: Subscriber<Topic<TopicIdentifier</clock>, TopicDescription<rosgraph_msgs/Clock, a9c97c1d230cfc112e270351a944ee47>>>
