--------- beginning of main
05-01 09:43:26.930 W/auditd  ( 1265): type=2000 audit(0.0:1): initialized
05-01 09:43:29.900 I/auditd  ( 1265): type=1403 audit(0.0:2): policy loaded auid=4294967295 ses=4294967295
05-01 09:43:29.910 W/auditd  ( 1265): type=1404 audit(0.0:3): enforcing=1 old_enforcing=0 auid=4294967295 ses=4294967295
05-01 09:43:34.950 W/init    (    1): type=1400 audit(0.0:4): avc: denied { write } for name="tracing_on" dev="debugfs" ino=1042 scontext=u:r:init:s0 tcontext=u:object_r:debugfs:s0 tclass=file permissive=0
05-01 09:43:36.353 I/        ( 1267): debuggerd: starting
--------- beginning of system
05-01 09:43:36.738 I/vold    ( 1268): Vold 3.0 (the awakening) firing up
05-01 09:43:36.742 V/vold    ( 1268): Detected support for: ext4 vfat
05-01 09:43:37.041 D/vold    ( 1268): Recognized experimental block major ID 253 as virtio-blk (emulator's virtual SD card device)
05-01 09:43:37.042 V/vold    ( 1268): /system/bin/sgdisk
05-01 09:43:37.043 V/vold    ( 1268):     --android-dump
05-01 09:43:37.043 V/vold    ( 1268):     /dev/block/vold/disk:253,48
05-01 09:43:37.057 I/        ( 1266): debuggerd: starting
05-01 09:43:37.153 D/vold    ( 1268): e4crypt_init_user0
05-01 09:43:37.154 D/vold    ( 1268): e4crypt_prepare_user_storage for volume null, user 0, serial 0, flags 1
05-01 09:43:37.154 D/vold    ( 1268): Preparing: /data/system/users/0
05-01 09:43:37.160 D/vold    ( 1268): Preparing: /data/misc/profiles/cur/0
05-01 09:43:37.170 D/vold    ( 1268): Preparing: /data/misc/profiles/cur/0/foreign-dex
05-01 09:43:37.180 D/vold    ( 1268): Preparing: /data/system_de/0
05-01 09:43:37.188 D/vold    ( 1268): Preparing: /data/misc_de/0
05-01 09:43:37.189 D/vold    ( 1268): Preparing: /data/user_de/0
05-01 09:43:37.190 D/vold    ( 1268): e4crypt_unlock_user_key 0 serial=0 token_present=0
05-01 09:43:37.198 I/vdc     (    1): 200 1274 Command succeeded
05-01 09:43:37.445 I//system/bin/tzdatacheck( 1311): tzdata file /data/misc/zoneinfo/current/tzdata does not exist. No action required.
05-01 09:43:37.476 V/vold    ( 1268): DISK mbr
05-01 09:43:37.476 V/vold    ( 1268): 
05-01 09:43:37.482 W/vold    ( 1268): disk:253,48 has unknown partition table; trying entire device
05-01 09:43:37.483 V/vold    ( 1268): /system/bin/blkid
05-01 09:43:37.483 V/vold    ( 1268):     -c
05-01 09:43:37.483 V/vold    ( 1268):     /dev/null
05-01 09:43:37.483 V/vold    ( 1268):     -s
05-01 09:43:37.483 V/vold    ( 1268):     TYPE
05-01 09:43:37.483 V/vold    ( 1268):     -s
05-01 09:43:37.483 V/vold    ( 1268):     UUID
05-01 09:43:37.483 V/vold    ( 1268):     -s
05-01 09:43:37.483 V/vold    ( 1268):     LABEL
05-01 09:43:37.483 V/vold    ( 1268):     /dev/block/vold/disk:253,48
05-01 09:43:37.848 V/vold    ( 1268): /dev/block/vold/disk:253,48: LABEL="SDCARD" UUID="1EFF-1C1B" TYPE="vfat" 
05-01 09:43:37.848 V/vold    ( 1268): 
05-01 09:43:38.101 I/lowmemorykiller( 1317): Using in-kernel low memory killer interface
05-01 09:43:38.225 I/qemu-props( 1316): connected to 'boot-properties' qemud service.
05-01 09:43:38.226 I/qemu-props( 1316): receiving..
05-01 09:43:38.226 I/qemu-props( 1316): received: qemu.cmdline=androidboot.logcat=v:* androidboot.consolepipe=qemu_pipe,pipe:logcat
05-01 09:43:38.260 W/mediacodec( 1329): type=1400 audit(0.0:5): avc: denied { getattr } for path="/vendor" dev="rootfs" ino=4000 scontext=u:r:mediacodec:s0 tcontext=u:object_r:rootfs:s0 tclass=lnk_file permissive=0
05-01 09:43:38.280 W/audioserver( 1324): type=1400 audit(0.0:6): avc: denied { getattr } for path="/vendor" dev="rootfs" ino=4000 scontext=u:r:audioserver:s0 tcontext=u:object_r:rootfs:s0 tclass=lnk_file permissive=0
05-01 09:43:38.421 I/qemu-props( 1316): receiving..
05-01 09:43:38.421 I/qemu-props( 1316): received: qemu.logcat=start
05-01 09:43:38.470 W/cameraserver( 1325): type=1400 audit(0.0:7): avc: denied { getattr } for path="/vendor" dev="rootfs" ino=4000 scontext=u:r:cameraserver:s0 tcontext=u:object_r:rootfs:s0 tclass=lnk_file permissive=0
05-01 09:43:38.550 W/mediadrmserver( 1330): type=1400 audit(0.0:8): avc: denied { getattr } for path="/vendor" dev="rootfs" ino=4000 scontext=u:r:mediadrmserver:s0 tcontext=u:object_r:rootfs:s0 tclass=lnk_file permissive=0
05-01 09:43:38.675 I/qemu-props( 1316): receiving..
05-01 09:43:38.675 I/qemu-props( 1316): received: ro.opengles.version=131072
05-01 09:43:38.886 I/        ( 1327): installd firing up
05-01 09:43:38.928 I/qemu-props( 1316): receiving..
05-01 09:43:38.928 I/qemu-props( 1316): received: qemu.sf.fake_camera=back
05-01 09:43:38.990 I/qemu-props( 1316): receiving..
05-01 09:43:38.990 I/qemu-props( 1316): received: dalvik.vm.heapsize=256m
05-01 09:43:39.020 I/qemu-props( 1316): receiving..
05-01 09:43:39.020 I/qemu-props( 1316): received: qemu.hw.mainkeys=0
05-01 09:43:39.068 I/qemu-props( 1316): receiving..
05-01 09:43:39.068 I/qemu-props( 1316): received: qemu.sf.lcd_density=480
05-01 09:43:39.080 I/qemu-props( 1316): receiving..
05-01 09:43:39.081 I/qemu-props( 1316): received: qemu.timezone=Etc/UTC
05-01 09:43:39.091 I/qemu-props( 1316): receiving..
05-01 09:43:39.092 I/qemu-props( 1316): exiting (8 properties set).
05-01 09:43:40.113 I/keystore( 1328): Found keymaster0 module Keymaster OpenSSL HAL, version 2
05-01 09:43:40.114 I/SoftKeymaster( 1328): system/keymaster/soft_keymaster_device.cpp, Line 131: Creating device
05-01 09:43:40.114 D/SoftKeymaster( 1328): system/keymaster/soft_keymaster_device.cpp, Line 132: Device address: 0x74e0e843d000
05-01 09:43:40.114 I/keystore( 1328): Keymaster0 module is software-only.  Using SoftKeymasterDevice instead.
05-01 09:43:40.115 I/SoftKeymaster( 1328): system/keymaster/soft_keymaster_device.cpp, Line 131: Creating device
05-01 09:43:40.115 D/SoftKeymaster( 1328): system/keymaster/soft_keymaster_device.cpp, Line 132: Device address: 0x74e0e843d400
05-01 09:43:40.475 I/fingerprintd( 1338): Starting fingerprintd
05-01 09:43:40.707 I/gatekeeperd( 1339): Starting gatekeeperd...
05-01 09:43:40.823 W/gatekeeperd( 1339): falling back to software GateKeeper
05-01 09:43:40.886 I/perfprofd( 1355): starting Android Wide Profiling daemon
05-01 09:43:40.894 E/perfprofd( 1355): unable to open configuration file /data/data/com.google.android.gms/files/perfprofd.conf
05-01 09:43:40.897 I/perfprofd( 1355): random seed set to 1322511094
05-01 09:43:41.117 I/Netd    ( 1334): Netd 1.0 starting
05-01 09:43:41.221 D/TetherController( 1334): Setting IP forward enable = 0
05-01 09:43:43.266 I/mediacodec( 1329): @@@ mediacodecservice starting
05-01 09:43:43.282 I/cameraserver( 1325): ServiceManager: 0xea63c020
05-01 09:43:43.304 I/CameraService( 1325): CameraService started (pid=1325)
05-01 09:43:43.304 I/CameraService( 1325): CameraService process starting
05-01 09:43:43.307 W/BatteryNotifier( 1325): batterystats service unavailable!
05-01 09:43:43.313 W/        ( 1329): No seccomp filter defined for this architecture.
05-01 09:43:43.315 W/BatteryNotifier( 1325): batterystats service unavailable!
05-01 09:43:43.664 D/EmulatedCamera_QemuClient( 1325): Emulated camera list: 
05-01 09:43:43.665 D/EmulatedCamera_FakeCamera( 1325): Initialize: Fake camera is facing back
05-01 09:43:43.667 V/EmulatedCamera_Device( 1325): initializeWhiteBalanceModes with auto, 1.000000, 1.000000
05-01 09:43:43.668 V/EmulatedCamera_Device( 1325): initializeWhiteBalanceModes with incandescent, 1.380000, 0.600000
05-01 09:43:43.668 V/EmulatedCamera_Device( 1325): initializeWhiteBalanceModes with daylight, 1.090000, 0.920000
05-01 09:43:43.668 V/EmulatedCamera_Device( 1325): initializeWhiteBalanceModes with twilight, 0.920000, 1.220000
05-01 09:43:43.668 V/EmulatedCamera_Device( 1325): setWhiteBalanceMode with white balance auto
05-01 09:43:43.669 E/EmulatedCamera_Factory( 1325): 1 cameras are being emulated. 0 of them are fake cameras.
05-01 09:43:43.669 E/EmulatedCamera_HotplugThread( 1325): createFileIfNotExists: Could not create file '/data/misc/media/emulator.camera.hotplug.0', error: 'Permission denied' (13)
05-01 09:43:43.683 I/SurfaceFlinger( 1319): SurfaceFlinger is starting
05-01 09:43:43.691 I/SurfaceFlinger( 1319): SurfaceFlinger's main thread ready to run. Initializing graphics H/W...
05-01 09:43:43.692 D/libEGL  ( 1319): Emulator without GPU support detected. Fallback to legacy software renderer, qemu.gles is set to 0.
05-01 09:43:43.716 I/CameraService( 1325): Loaded "Emulated Camera Module" camera module
05-01 09:43:43.716 E/CameraService( 1325): setUpVendorTags: Vendor tag operations not fully defined. Ignoring definitions.
05-01 09:43:43.717 V/EmulatedCamera_Camera( 1325): getCameraInfo
05-01 09:43:43.717 V/EmulatedCamera_BaseCamera( 1325): getCameraInfo
05-01 09:43:43.718 I/CameraFlashlight( 1325): Opening camera 0
05-01 09:43:43.718 V/EmulatedCamera_Camera( 1325): getCameraInfo
05-01 09:43:43.718 V/EmulatedCamera_BaseCamera( 1325): getCameraInfo
05-01 09:43:43.718 V/EmulatedCamera_Camera( 1325): connectCamera
05-01 09:43:43.718 V/EmulatedCamera_FakeDevice( 1325): connectDevice
05-01 09:43:43.718 V/EmulatedCamera_CallbackNotifier( 1325): setCallbacks: 0xeab24e80, 0xeab24ed0, 0xeab24ff0, 0xeab25110 (0xea643140)
05-01 09:43:43.828 I/ServiceManager( 1325): Waiting for service SurfaceFlinger...
05-01 09:43:43.908 D/libEGL  ( 1319): loaded /system/lib64/egl/libGLES_android.so
05-01 09:43:44.237 V/MediaUtils( 1331): physMem: 1043894272
05-01 09:43:44.237 V/MediaUtils( 1331): requested limit: 208778840
05-01 09:43:44.237 V/MediaUtils( 1331): actual limit: 208778840
05-01 09:43:44.237 V/MediaUtils( 1331): original limits: 4294967295/4294967295
05-01 09:43:44.238 V/MediaUtils( 1331): new limits: 208778840/4294967295
05-01 09:43:44.239 W//system/bin/mediaextractor( 1331): libminijail: allowing syscall: socketcall
05-01 09:43:44.310 W//system/bin/mediaextractor( 1331): libminijail: allowing syscall: writev
05-01 09:43:44.310 W//system/bin/mediaextractor( 1331): libminijail: allowing syscall: fcntl64
05-01 09:43:44.310 W//system/bin/mediaextractor( 1331): libminijail: allowing syscall: clock_gettime
05-01 09:43:44.322 W//system/bin/mediaextractor( 1331): libminijail: logging seccomp filter failures
05-01 09:43:44.841 I/ServiceManager( 1325): Waiting for service SurfaceFlinger...
05-01 09:43:44.924 D/gralloc_ranchu( 1319): Emulator without host-side GPU emulation detected. Loading gralloc.default.so from /vendor/lib64/hw/gralloc.goldfish.default.so...
05-01 09:43:44.926 D/gralloc_ranchu( 1319): gralloc.default.so not found in /vendor. Trying /system/lib64/hw/gralloc.goldfish.default.so...
05-01 09:43:44.972 I/gralloc ( 1319): using (fd=11)
05-01 09:43:44.972 I/gralloc ( 1319): id           = 
05-01 09:43:44.972 I/gralloc ( 1319): xres         = 1080 px
05-01 09:43:44.972 I/gralloc ( 1319): yres         = 1920 px
05-01 09:43:44.972 I/gralloc ( 1319): xres_virtual = 1080 px
05-01 09:43:44.972 I/gralloc ( 1319): yres_virtual = 3840 px
05-01 09:43:44.972 I/gralloc ( 1319): bpp          = 16
05-01 09:43:44.972 I/gralloc ( 1319): r            = 11:5
05-01 09:43:44.972 I/gralloc ( 1319): g            =  5:6
05-01 09:43:44.972 I/gralloc ( 1319): b            =  0:5
05-01 09:43:44.973 I/gralloc ( 1319): width        = 166 mm (165.253006 dpi)
05-01 09:43:44.973 I/gralloc ( 1319): height       = 296 mm (164.756760 dpi)
05-01 09:43:44.973 I/gralloc ( 1319): refresh rate = 60.00 Hz
05-01 09:43:45.014 I/mediaserver( 1330): ServiceManager: 0xef3bc0a0
05-01 09:43:45.046 E/SurfaceFlinger( 1319): hwcomposer module not found
05-01 09:43:45.048 W/SurfaceFlinger( 1319): no suitable EGLConfig found, trying a simpler query
05-01 09:43:45.049 W/SurfaceFlinger( 1319): EGL_SLOW_CONFIG selected!
05-01 09:43:45.049 I/SurfaceFlinger( 1319): EGL information:
05-01 09:43:45.049 I/SurfaceFlinger( 1319): vendor    : Android
05-01 09:43:45.049 I/SurfaceFlinger( 1319): version   : 1.4 Android META-EGL
05-01 09:43:45.049 I/SurfaceFlinger( 1319): extensions: EGL_KHR_get_all_proc_addresses EGL_ANDROID_presentation_time EGL_KHR_swap_buffers_with_damage EGL_ANDROID_create_native_client_buffer EGL_ANDROID_front_buffer_auto_refresh EGL_KHR_image_base EGL_KHR_fence_sync EGL_ANDROID_image_native_buffer 
05-01 09:43:45.049 I/SurfaceFlinger( 1319): Client API: OpenGL_ES
05-01 09:43:45.049 I/SurfaceFlinger( 1319): EGLSurface: 5-6-5-0, config=0x0
05-01 09:43:45.052 W/SurfaceFlinger( 1319): no suitable EGLConfig found, trying a simpler query
05-01 09:43:45.052 W/SurfaceFlinger( 1319): EGL_SLOW_CONFIG selected!
05-01 09:43:45.052 I/SurfaceFlinger( 1319): EGL information:
05-01 09:43:45.052 I/SurfaceFlinger( 1319): vendor    : Android
05-01 09:43:45.052 I/SurfaceFlinger( 1319): version   : 1.4 Android META-EGL
05-01 09:43:45.052 I/SurfaceFlinger( 1319): extensions: EGL_KHR_get_all_proc_addresses EGL_ANDROID_presentation_time EGL_KHR_swap_buffers_with_damage EGL_ANDROID_create_native_client_buffer EGL_ANDROID_front_buffer_auto_refresh EGL_KHR_image_base EGL_KHR_fence_sync EGL_ANDROID_image_native_buffer 
05-01 09:43:45.052 I/SurfaceFlinger( 1319): Client API: OpenGL_ES
05-01 09:43:45.052 I/SurfaceFlinger( 1319): EGLSurface: 5-6-5-0, config=0x0
05-01 09:43:45.057 I/SurfaceFlinger( 1319): OpenGL ES informations:
05-01 09:43:45.057 I/SurfaceFlinger( 1319): vendor    : Android
05-01 09:43:45.057 I/SurfaceFlinger( 1319): renderer  : Android PixelFlinger 1.4
05-01 09:43:45.057 I/SurfaceFlinger( 1319): version   : OpenGL ES-CM 1.0
05-01 09:43:45.057 I/SurfaceFlinger( 1319): extensions: GL_EXT_debug_marker GL_OES_byte_coordinates GL_OES_fixed_point GL_OES_single_precision GL_OES_read_format GL_OES_compressed_paletted_texture GL_OES_draw_texture GL_OES_matrix_get GL_OES_query_matrix GL_OES_EGL_image GL_OES_EGL_sync GL_OES_compressed_ETC1_RGB8_texture GL_ARB_texture_compression GL_ARB_texture_non_power_of_two GL_ANDROID_user_clip_plane GL_ANDROID_vertex_buffer_object GL_ANDROID_generate_mipmap 
05-01 09:43:45.057 I/SurfaceFlinger( 1319): GL_MAX_TEXTURE_SIZE = 4096
05-01 09:43:45.057 I/SurfaceFlinger( 1319): GL_MAX_VIEWPORT_DIMS = 4096
05-01 09:43:45.071 W/SurfaceFlinger( 1319): no suitable EGLConfig found, trying a simpler query
05-01 09:43:45.071 W/SurfaceFlinger( 1319): EGL_SLOW_CONFIG selected!
05-01 09:43:45.071 I/SurfaceFlinger( 1319): EGL information:
05-01 09:43:45.071 I/SurfaceFlinger( 1319): vendor    : Android
05-01 09:43:45.071 I/SurfaceFlinger( 1319): version   : 1.4 Android META-EGL
05-01 09:43:45.071 I/SurfaceFlinger( 1319): extensions: EGL_KHR_get_all_proc_addresses EGL_ANDROID_presentation_time EGL_KHR_swap_buffers_with_damage EGL_ANDROID_create_native_client_buffer EGL_ANDROID_front_buffer_auto_refresh EGL_KHR_image_base EGL_KHR_fence_sync EGL_ANDROID_image_native_buffer 
05-01 09:43:45.071 I/SurfaceFlinger( 1319): Client API: OpenGL_ES
05-01 09:43:45.071 I/SurfaceFlinger( 1319): EGLSurface: 5-6-5-0, config=0x0
05-01 09:43:45.093 E/libEGL  ( 1319): called unimplemented OpenGL ES API
05-01 09:43:45.093 E/SurfaceFlinger( 1319): Error while compiling shader: 
05-01 09:43:45.093 E/SurfaceFlinger( 1319): attribute vec4 position;
05-01 09:43:45.093 E/SurfaceFlinger( 1319): uniform mat4 projection;
05-01 09:43:45.093 E/SurfaceFlinger( 1319): uniform mat4 texture;
05-01 09:43:45.093 E/SurfaceFlinger( 1319): void main(void) {
05-01 09:43:45.093 E/SurfaceFlinger( 1319):     gl_Position = projection * position;
05-01 09:43:45.093 E/SurfaceFlinger( 1319): }
05-01 09:43:45.093 E/SurfaceFlinger( 1319): 
05-01 09:43:45.093 E/SurfaceFlinger( 1319): öÿÿÿÿÿÿÿŸáË—ƒq
05-01 09:43:45.093 E/SurfaceFlinger( 1319): Error while compiling shader: 
05-01 09:43:45.093 E/SurfaceFlinger( 1319): precision mediump float;
05-01 09:43:45.093 E/SurfaceFlinger( 1319): uniform vec4 color;
05-01 09:43:45.093 E/SurfaceFlinger( 1319): void main(void) {
05-01 09:43:45.093 E/SurfaceFlinger( 1319):     gl_FragColor = color;
05-01 09:43:45.093 E/SurfaceFlinger( 1319): }
05-01 09:43:45.093 E/SurfaceFlinger( 1319): 
05-01 09:43:45.093 E/SurfaceFlinger( 1319): öÿÿÿÿÿÿÿŸáË—ƒq
05-01 09:43:45.093 E/SurfaceFlinger( 1319): Error while linking shaders:
05-01 09:43:45.093 E/SurfaceFlinger( 1319): Error while compiling shader: 
05-01 09:43:45.093 E/SurfaceFlinger( 1319): attribute vec4 position;
05-01 09:43:45.093 E/SurfaceFlinger( 1319): uniform mat4 projection;
05-01 09:43:45.093 E/SurfaceFlinger( 1319): uniform mat4 texture;
05-01 09:43:45.093 E/SurfaceFlinger( 1319): void main(void) {
05-01 09:43:45.093 E/SurfaceFlinger( 1319):     gl_Position = projection * position;
05-01 09:43:45.093 E/SurfaceFlinger( 1319): }
05-01 09:43:45.093 E/SurfaceFlinger( 1319): 
05-01 09:43:45.093 E/SurfaceFlinger( 1319): öÿÿÿÿÿÿÿŸáË—ƒq
05-01 09:43:45.094 E/SurfaceFlinger( 1319): Error while compiling shader: 
05-01 09:43:45.094 E/SurfaceFlinger( 1319): precision mediump float;
05-01 09:43:45.094 E/SurfaceFlinger( 1319): uniform vec4 color;
05-01 09:43:45.094 E/SurfaceFlinger( 1319): void main(void) {
05-01 09:43:45.094 E/SurfaceFlinger( 1319):     gl_FragColor = color;
05-01 09:43:45.094 E/SurfaceFlinger( 1319): }
05-01 09:43:45.094 E/SurfaceFlinger( 1319): 
05-01 09:43:45.094 E/SurfaceFlinger( 1319): öÿÿÿÿÿÿÿŸáË—ƒq
05-01 09:43:45.094 E/SurfaceFlinger( 1319): Error while linking shaders:
05-01 09:43:45.094 E/SurfaceFlinger( 1319): Error while compiling shader: 
05-01 09:43:45.094 E/SurfaceFlinger( 1319): attribute vec4 position;
05-01 09:43:45.094 E/SurfaceFlinger( 1319): uniform mat4 projection;
05-01 09:43:45.094 E/SurfaceFlinger( 1319): uniform mat4 texture;
05-01 09:43:45.094 E/SurfaceFlinger( 1319): void main(void) {
05-01 09:43:45.094 E/SurfaceFlinger( 1319):     gl_Position = projection * position;
05-01 09:43:45.094 E/SurfaceFlinger( 1319): }
05-01 09:43:45.094 E/SurfaceFlinger( 1319): 
05-01 09:43:45.094 E/SurfaceFlinger( 1319): öÿÿÿÿÿÿÿŸáË—ƒq
05-01 09:43:45.094 E/SurfaceFlinger( 1319): Error while compiling shader: 
05-01 09:43:45.094 E/SurfaceFlinger( 1319): precision mediump float;
05-01 09:43:45.094 E/SurfaceFlinger( 1319): uniform vec4 color;
05-01 09:43:45.094 E/SurfaceFlinger( 1319): void main(void) {
05-01 09:43:45.094 E/SurfaceFlinger( 1319):     gl_FragColor = color;
05-01 09:43:45.094 E/SurfaceFlinger( 1319):     gl_FragColor.a = 1.0;
05-01 09:43:45.094 E/SurfaceFlinger( 1319): }
05-01 09:43:45.094 E/SurfaceFlinger( 1319): 
05-01 09:43:45.094 E/SurfaceFlinger( 1319): öÿÿÿÿÿÿÿŸáË—ƒq
05-01 09:43:45.094 E/SurfaceFlinger( 1319): Error while linking shaders:
05-01 09:43:45.094 E/SurfaceFlinger( 1319): Error while compiling shader: 
05-01 09:43:45.094 E/SurfaceFlinger( 1319): attribute vec4 position;
05-01 09:43:45.094 E/SurfaceFlinger( 1319): uniform mat4 projection;
05-01 09:43:45.094 E/SurfaceFlinger( 1319): uniform mat4 texture;
05-01 09:43:45.094 E/SurfaceFlinger( 1319): void main(void) {
05-01 09:43:45.094 E/SurfaceFlinger( 1319):     gl_Position = projection * position;
05-01 09:43:45.094 E/SurfaceFlinger( 1319): }
05-01 09:43:45.094 E/SurfaceFlinger( 1319): 
05-01 09:43:45.094 E/SurfaceFlinger( 1319): öÿÿÿÿÿÿÿŸáË—ƒq
05-01 09:43:45.094 E/SurfaceFlinger( 1319): Error while compiling shader: 
05-01 09:43:45.094 E/SurfaceFlinger( 1319): precision mediump float;
05-01 09:43:45.094 E/SurfaceFlinger( 1319): uniform vec4 color;
05-01 09:43:45.094 E/SurfaceFlinger( 1319): void main(void) {
05-01 09:43:45.094 E/SurfaceFlinger( 1319):     gl_FragColor = color;
05-01 09:43:45.094 E/SurfaceFlinger( 1319):     gl_FragColor.a = 1.0;
05-01 09:43:45.094 E/SurfaceFlinger( 1319): }
05-01 09:43:45.094 E/SurfaceFlinger( 1319): 
05-01 09:43:45.094 E/SurfaceFlinger( 1319): öÿÿÿÿÿÿÿŸáË—ƒq
05-01 09:43:45.094 E/SurfaceFlinger( 1319): Error while linking shaders:
05-01 09:43:45.094 E/SurfaceFlinger( 1319): Error while compiling shader: 
05-01 09:43:45.094 E/SurfaceFlinger( 1319): attribute vec4 position;
05-01 09:43:45.094 E/SurfaceFlinger( 1319): uniform mat4 projection;
05-01 09:43:45.094 E/SurfaceFlinger( 1319): uniform mat4 texture;
05-01 09:43:45.094 E/SurfaceFlinger( 1319): void main(void) {
05-01 09:43:45.094 E/SurfaceFlinger( 1319):     gl_Position = projection * position;
05-01 09:43:45.094 E/SurfaceFlinger( 1319): }
05-01 09:43:45.094 E/SurfaceFlinger( 1319): 
05-01 09:43:45.094 E/SurfaceFlinger( 1319): öÿÿÿÿÿÿÿŸáË—ƒq
05-01 09:43:45.094 E/SurfaceFlinger( 1319): Error while compiling shader: 
05-01 09:43:45.094 E/SurfaceFlinger( 1319): precision mediump float;
05-01 09:43:45.094 E/SurfaceFlinger( 1319): uniform vec4 color;
05-01 09:43:45.094 E/SurfaceFlinger( 1319): uniform float alphaPlane;
05-01 09:43:45.094 E/SurfaceFlinger( 1319): void main(void) {
05-01 09:43:45.094 E/SurfaceFlinger( 1319):     gl_FragColor = color;
05-01 09:43:45.094 E/SurfaceFlinger( 1319):     gl_FragColor.a *= alphaPlane;
05-01 09:43:45.094 E/SurfaceFlinger( 1319): }
05-01 09:43:45.094 E/SurfaceFlinger( 1319): 
05-01 09:43:45.094 E/SurfaceFlinger( 1319): öÿÿÿÿÿÿÿŸáË—ƒq
05-01 09:43:45.094 E/SurfaceFlinger( 1319): Error while linking shaders:
05-01 09:43:45.094 E/SurfaceFlinger( 1319): Error while compiling shader: 
05-01 09:43:45.094 E/SurfaceFlinger( 1319): attribute vec4 position;
05-01 09:43:45.094 E/SurfaceFlinger( 1319): uniform mat4 projection;
05-01 09:43:45.094 E/SurfaceFlinger( 1319): uniform mat4 texture;
05-01 09:43:45.094 E/SurfaceFlinger( 1319): void main(void) {
05-01 09:43:45.094 E/SurfaceFlinger( 1319):     gl_Position = projection * position;
05-01 09:43:45.094 E/SurfaceFlinger( 1319): }
05-01 09:43:45.094 E/SurfaceFlinger( 1319): 
05-01 09:43:45.094 E/SurfaceFlinger( 1319): öÿÿÿÿÿÿÿŸáË—ƒq
05-01 09:43:45.094 E/SurfaceFlinger( 1319): Error while compiling shader: 
05-01 09:43:45.094 E/SurfaceFlinger( 1319): precision mediump float;
05-01 09:43:45.094 E/SurfaceFlinger( 1319): uniform vec4 color;
05-01 09:43:45.094 E/SurfaceFlinger( 1319): uniform float alphaPlane;
05-01 09:43:45.094 E/SurfaceFlinger( 1319): void main(void) {
05-01 09:43:45.094 E/SurfaceFlinger( 1319):     gl_FragColor = color;
05-01 09:43:45.094 E/SurfaceFlinger( 1319):     gl_FragColor *= alphaPlane;
05-01 09:43:45.094 E/SurfaceFlinger( 1319): }
05-01 09:43:45.094 E/SurfaceFlinger( 1319): 
05-01 09:43:45.094 E/SurfaceFlinger( 1319): öÿÿÿÿÿÿÿŸáË—ƒq
05-01 09:43:45.094 E/SurfaceFlinger( 1319): Error while linking shaders:
05-01 09:43:45.094 E/SurfaceFlinger( 1319): Error while compiling shader: 
05-01 09:43:45.094 E/SurfaceFlinger( 1319): attribute vec4 position;
05-01 09:43:45.094 E/SurfaceFlinger( 1319): uniform mat4 projection;
05-01 09:43:45.094 E/SurfaceFlinger( 1319): uniform mat4 texture;
05-01 09:43:45.094 E/SurfaceFlinger( 1319): void main(void) {
05-01 09:43:45.094 E/SurfaceFlinger( 1319):     gl_Position = projection * position;
05-01 09:43:45.094 E/SurfaceFlinger( 1319): }
05-01 09:43:45.094 E/SurfaceFlinger( 1319): 
05-01 09:43:45.094 E/SurfaceFlinger( 1319): öÿÿÿÿÿÿÿŸáË—ƒq
05-01 09:43:45.094 E/SurfaceFlinger( 1319): Error while compiling shader: 
05-01 09:43:45.094 E/SurfaceFlinger( 1319): precision mediump float;
05-01 09:43:45.094 E/SurfaceFlinger( 1319): uniform vec4 color;
05-01 09:43:45.094 E/SurfaceFlinger( 1319): uniform float alphaPlane;
05-01 09:43:45.094 E/SurfaceFlinger( 1319): void main(void) {
05-01 09:43:45.094 E/SurfaceFlinger( 1319):     gl_FragColor = color;
05-01 09:43:45.094 E/SurfaceFlinger( 1319):     gl_FragColor.a = 1.0;
05-01 09:43:45.094 E/SurfaceFlinger( 1319):     gl_FragColor.a *= alphaPlane;
05-01 09:43:45.094 E/SurfaceFlinger( 1319): }
05-01 09:43:45.094 E/SurfaceFlinger( 1319): 
05-01 09:43:45.094 E/SurfaceFlinger( 1319): öÿÿÿÿÿÿÿŸáË—ƒq
05-01 09:43:45.095 E/SurfaceFlinger( 1319): Error while linking shaders:
05-01 09:43:45.095 E/SurfaceFlinger( 1319): Error while compiling shader: 
05-01 09:43:45.095 E/SurfaceFlinger( 1319): attribute vec4 position;
05-01 09:43:45.095 E/SurfaceFlinger( 1319): uniform mat4 projection;
05-01 09:43:45.095 E/SurfaceFlinger( 1319): uniform mat4 texture;
05-01 09:43:45.095 E/SurfaceFlinger( 1319): void main(void) {
05-01 09:43:45.095 E/SurfaceFlinger( 1319):     gl_Position = projection * position;
05-01 09:43:45.095 E/SurfaceFlinger( 1319): }
05-01 09:43:45.095 E/SurfaceFlinger( 1319): 
05-01 09:43:45.095 E/SurfaceFlinger( 1319): öÿÿÿÿÿÿÿŸáË—ƒq
05-01 09:43:45.095 E/SurfaceFlinger( 1319): Error while compiling shader: 
05-01 09:43:45.095 E/SurfaceFlinger( 1319): precision mediump float;
05-01 09:43:45.095 E/SurfaceFlinger( 1319): uniform vec4 color;
05-01 09:43:45.095 E/SurfaceFlinger( 1319): uniform float alphaPlane;
05-01 09:43:45.095 E/SurfaceFlinger( 1319): void main(void) {
05-01 09:43:45.095 E/SurfaceFlinger( 1319):     gl_FragColor = color;
05-01 09:43:45.095 E/SurfaceFlinger( 1319):     gl_FragColor.a = 1.0;
05-01 09:43:45.095 E/SurfaceFlinger( 1319):     gl_FragColor *= alphaPlane;
05-01 09:43:45.095 E/SurfaceFlinger( 1319): }
05-01 09:43:45.095 E/SurfaceFlinger( 1319): 
05-01 09:43:45.095 E/SurfaceFlinger( 1319): öÿÿÿÿÿÿÿŸáË—ƒq
05-01 09:43:45.095 E/SurfaceFlinger( 1319): Error while linking shaders:
05-01 09:43:45.095 E/SurfaceFlinger( 1319): Error while compiling shader: 
05-01 09:43:45.095 E/SurfaceFlinger( 1319): attribute vec4 texCoords;
05-01 09:43:45.095 E/SurfaceFlinger( 1319): varying vec2 outTexCoords;
05-01 09:43:45.095 E/SurfaceFlinger( 1319): attribute vec4 position;
05-01 09:43:45.095 E/SurfaceFlinger( 1319): uniform mat4 projection;
05-01 09:43:45.095 E/SurfaceFlinger( 1319): uniform mat4 texture;
05-01 09:43:45.095 E/SurfaceFlinger( 1319): void main(void) {
05-01 09:43:45.095 E/SurfaceFlinger( 1319):     gl_Position = projection * position;
05-01 09:43:45.095 E/SurfaceFlinger( 1319):     outTexCoords = (texture * texCoords).st;
05-01 09:43:45.095 E/SurfaceFlinger( 1319): }
05-01 09:43:45.095 E/SurfaceFlinger( 1319): 
05-01 09:43:45.095 E/SurfaceFlinger( 1319): öÿÿÿÿÿÿÿŸáË—ƒq
05-01 09:43:45.095 E/SurfaceFlinger( 1319): Error while compiling shader: 
05-01 09:43:45.095 E/SurfaceFlinger( 1319): #extension GL_OES_EGL_image_external : require
05-01 09:43:45.095 E/SurfaceFlinger( 1319): precision mediump float;
05-01 09:43:45.095 E/SurfaceFlinger( 1319): uniform samplerExternalOES sampler;
05-01 09:43:45.095 E/SurfaceFlinger( 1319): varying vec2 outTexCoords;
05-01 09:43:45.095 E/SurfaceFlinger( 1319): void main(void) {
05-01 09:43:45.095 E/SurfaceFlinger( 1319):     gl_FragColor = texture2D(sampler, outTexCoords);
05-01 09:43:45.095 E/SurfaceFlinger( 1319): }
05-01 09:43:45.095 E/SurfaceFlinger( 1319): 
05-01 09:43:45.095 E/SurfaceFlinger( 1319): öÿÿÿÿÿÿÿŸáË—ƒq
05-01 09:43:45.095 E/SurfaceFlinger( 1319): Error while linking shaders:
05-01 09:43:45.095 E/SurfaceFlinger( 1319): Error while compiling shader: 
05-01 09:43:45.095 E/SurfaceFlinger( 1319): attribute vec4 texCoords;
05-01 09:43:45.095 E/SurfaceFlinger( 1319): varying vec2 outTexCoords;
05-01 09:43:45.095 E/SurfaceFlinger( 1319): attribute vec4 position;
05-01 09:43:45.095 E/SurfaceFlinger( 1319): uniform mat4 projection;
05-01 09:43:45.095 E/SurfaceFlinger( 1319): uniform mat4 texture;
05-01 09:43:45.095 E/SurfaceFlinger( 1319): void main(void) {
05-01 09:43:45.095 E/SurfaceFlinger( 1319):     gl_Position = projection * position;
05-01 09:43:45.095 E/SurfaceFlinger( 1319):     outTexCoords = (texture * texCoords).st;
05-01 09:43:45.095 E/SurfaceFlinger( 1319): }
05-01 09:43:45.095 E/SurfaceFlinger( 1319): 
05-01 09:43:45.095 E/SurfaceFlinger( 1319): öÿÿÿÿÿÿÿŸáË—ƒq
05-01 09:43:45.095 E/SurfaceFlinger( 1319): Error while compiling shader: 
05-01 09:43:45.095 E/SurfaceFlinger( 1319): #extension GL_OES_EGL_image_external : require
05-01 09:43:45.095 E/SurfaceFlinger( 1319): precision mediump float;
05-01 09:43:45.095 E/SurfaceFlinger( 1319): uniform samplerExternalOES sampler;
05-01 09:43:45.095 E/SurfaceFlinger( 1319): varying vec2 outTexCoords;
05-01 09:43:45.095 E/SurfaceFlinger( 1319): void main(void) {
05-01 09:43:45.095 E/SurfaceFlinger( 1319):     gl_FragColor = texture2D(sampler, outTexCoords);
05-01 09:43:45.095 E/SurfaceFlinger( 1319): }
05-01 09:43:45.095 E/SurfaceFlinger( 1319): 
05-01 09:43:45.095 E/SurfaceFlinger( 1319): öÿÿÿÿÿÿÿŸáË—ƒq
05-01 09:43:45.095 E/SurfaceFlinger( 1319): Error while linking shaders:
05-01 09:43:45.095 E/SurfaceFlinger( 1319): Error while compiling shader: 
05-01 09:43:45.095 E/SurfaceFlinger( 1319): attribute vec4 texCoords;
05-01 09:43:45.095 E/SurfaceFlinger( 1319): varying vec2 outTexCoords;
05-01 09:43:45.095 E/SurfaceFlinger( 1319): attribute vec4 position;
05-01 09:43:45.095 E/SurfaceFlinger( 1319): uniform mat4 projection;
05-01 09:43:45.095 E/SurfaceFlinger( 1319): uniform mat4 texture;
05-01 09:43:45.095 E/SurfaceFlinger( 1319): void main(void) {
05-01 09:43:45.095 E/SurfaceFlinger( 1319):     gl_Position = projection * position;
05-01 09:43:45.095 E/SurfaceFlinger( 1319):     outTexCoords = (texture * texCoords).st;
05-01 09:43:45.095 E/SurfaceFlinger( 1319): }
05-01 09:43:45.095 E/SurfaceFlinger( 1319): 
05-01 09:43:45.095 E/SurfaceFlinger( 1319): öÿÿÿÿÿÿÿŸáË—ƒq
05-01 09:43:45.095 E/SurfaceFlinger( 1319): Error while compiling shader: 
05-01 09:43:45.095 E/SurfaceFlinger( 1319): #extension GL_OES_EGL_image_external : require
05-01 09:43:45.095 E/SurfaceFlinger( 1319): precision mediump float;
05-01 09:43:45.095 E/SurfaceFlinger( 1319): uniform samplerExternalOES sampler;
05-01 09:43:45.095 E/SurfaceFlinger( 1319): varying vec2 outTexCoords;
05-01 09:43:45.095 E/SurfaceFlinger( 1319): void main(void) {
05-01 09:43:45.095 E/SurfaceFlinger( 1319):     gl_FragColor = texture2D(sampler, outTexCoords);
05-01 09:43:45.095 E/SurfaceFlinger( 1319):     gl_FragColor.a = 1.0;
05-01 09:43:45.095 E/SurfaceFlinger( 1319): }
05-01 09:43:45.095 E/SurfaceFlinger( 1319): 
05-01 09:43:45.095 E/SurfaceFlinger( 1319): öÿÿÿÿÿÿÿŸáË—ƒq
05-01 09:43:45.095 E/SurfaceFlinger( 1319): Error while linking shaders:
05-01 09:43:45.095 E/SurfaceFlinger( 1319): Error while compiling shader: 
05-01 09:43:45.095 E/SurfaceFlinger( 1319): attribute vec4 texCoords;
05-01 09:43:45.095 E/SurfaceFlinger( 1319): varying vec2 outTexCoords;
05-01 09:43:45.095 E/SurfaceFlinger( 1319): attribute vec4 position;
05-01 09:43:45.095 E/SurfaceFlinger( 1319): uniform mat4 projection;
05-01 09:43:45.095 E/SurfaceFlinger( 1319): uniform mat4 texture;
05-01 09:43:45.095 E/SurfaceFlinger( 1319): void main(void) {
05-01 09:43:45.095 E/SurfaceFlinger( 1319):     gl_Position = projection * position;
05-01 09:43:45.095 E/SurfaceFlinger( 1319):     outTexCoords = (texture * texCoords).st;
05-01 09:43:45.095 E/SurfaceFlinger( 1319): }
05-01 09:43:45.095 E/SurfaceFlinger( 1319): 
05-01 09:43:45.095 E/SurfaceFlinger( 1319): öÿÿÿÿÿÿÿŸáË—ƒq
05-01 09:43:45.095 E/SurfaceFlinger( 1319): Error while compiling shader: 
05-01 09:43:45.095 E/SurfaceFlinger( 1319): #extension GL_OES_EGL_image_external : require
05-01 09:43:45.095 E/SurfaceFlinger( 1319): precision mediump float;
05-01 09:43:45.095 E/SurfaceFlinger( 1319): uniform samplerExternalOES sampler;
05-01 09:43:45.095 E/SurfaceFlinger( 1319): varying vec2 outTexCoords;
05-01 09:43:45.095 E/SurfaceFlinger( 1319): void main(void) {
05-01 09:43:45.095 E/SurfaceFlinger( 1319):     gl_FragColor = texture2D(sampler, outTexCoords);
05-01 09:43:45.095 E/SurfaceFlinger( 1319):     gl_FragColor.a = 1.0;
05-01 09:43:45.095 E/SurfaceFlinger( 1319): }
05-01 09:43:45.095 E/SurfaceFlinger( 1319): 
05-01 09:43:45.095 E/SurfaceFlinger( 1319): öÿÿÿÿÿÿÿŸáË—ƒq
05-01 09:43:45.095 E/SurfaceFlinger( 1319): Error while linking shaders:
05-01 09:43:45.096 E/SurfaceFlinger( 1319): Error while compiling shader: 
05-01 09:43:45.096 E/SurfaceFlinger( 1319): attribute vec4 texCoords;
05-01 09:43:45.096 E/SurfaceFlinger( 1319): varying vec2 outTexCoords;
05-01 09:43:45.096 E/SurfaceFlinger( 1319): attribute vec4 position;
05-01 09:43:45.096 E/SurfaceFlinger( 1319): uniform mat4 projection;
05-01 09:43:45.096 E/SurfaceFlinger( 1319): uniform mat4 texture;
05-01 09:43:45.096 E/SurfaceFlinger( 1319): void main(void) {
05-01 09:43:45.096 E/SurfaceFlinger( 1319):     gl_Position = projection * position;
05-01 09:43:45.096 E/SurfaceFlinger( 1319):     outTexCoords = (texture * texCoords).st;
05-01 09:43:45.096 E/SurfaceFlinger( 1319): }
05-01 09:43:45.096 E/SurfaceFlinger( 1319): 
05-01 09:43:45.096 E/SurfaceFlinger( 1319): öÿÿÿÿÿÿÿŸáË—ƒq
05-01 09:43:45.096 E/SurfaceFlinger( 1319): Error while compiling shader: 
05-01 09:43:45.096 E/SurfaceFlinger( 1319): #extension GL_OES_EGL_image_external : require
05-01 09:43:45.096 E/SurfaceFlinger( 1319): precision mediump float;
05-01 09:43:45.096 E/SurfaceFlinger( 1319): uniform samplerExternalOES sampler;
05-01 09:43:45.096 E/SurfaceFlinger( 1319): varying vec2 outTexCoords;
05-01 09:43:45.096 E/SurfaceFlinger( 1319): uniform float alphaPlane;
05-01 09:43:45.096 E/SurfaceFlinger( 1319): void main(void) {
05-01 09:43:45.096 E/SurfaceFlinger( 1319):     gl_FragColor = texture2D(sampler, outTexCoords);
05-01 09:43:45.096 E/SurfaceFlinger( 1319):     gl_FragColor.a *= alphaPlane;
05-01 09:43:45.096 E/SurfaceFlinger( 1319): }
05-01 09:43:45.096 E/SurfaceFlinger( 1319): 
05-01 09:43:45.096 E/SurfaceFlinger( 1319): öÿÿÿÿÿÿÿŸáË—ƒq
05-01 09:43:45.096 E/SurfaceFlinger( 1319): Error while linking shaders:
05-01 09:43:45.096 E/SurfaceFlinger( 1319): Error while compiling shader: 
05-01 09:43:45.096 E/SurfaceFlinger( 1319): attribute vec4 texCoords;
05-01 09:43:45.096 E/SurfaceFlinger( 1319): varying vec2 outTexCoords;
05-01 09:43:45.096 E/SurfaceFlinger( 1319): attribute vec4 position;
05-01 09:43:45.096 E/SurfaceFlinger( 1319): uniform mat4 projection;
05-01 09:43:45.096 E/SurfaceFlinger( 1319): uniform mat4 texture;
05-01 09:43:45.096 E/SurfaceFlinger( 1319): void main(void) {
05-01 09:43:45.096 E/SurfaceFlinger( 1319):     gl_Position = projection * position;
05-01 09:43:45.096 E/SurfaceFlinger( 1319):     outTexCoords = (texture * texCoords).st;
05-01 09:43:45.096 E/SurfaceFlinger( 1319): }
05-01 09:43:45.096 E/SurfaceFlinger( 1319): 
05-01 09:43:45.096 E/SurfaceFlinger( 1319): öÿÿÿÿÿÿÿŸáË—ƒq
05-01 09:43:45.096 E/SurfaceFlinger( 1319): Error while compiling shader: 
05-01 09:43:45.096 E/SurfaceFlinger( 1319): #extension GL_OES_EGL_image_external : require
05-01 09:43:45.096 E/SurfaceFlinger( 1319): precision mediump float;
05-01 09:43:45.096 E/SurfaceFlinger( 1319): uniform samplerExternalOES sampler;
05-01 09:43:45.096 E/SurfaceFlinger( 1319): varying vec2 outTexCoords;
05-01 09:43:45.096 E/SurfaceFlinger( 1319): uniform float alphaPlane;
05-01 09:43:45.096 E/SurfaceFlinger( 1319): void main(void) {
05-01 09:43:45.096 E/SurfaceFlinger( 1319):     gl_FragColor = texture2D(sampler, outTexCoords);
05-01 09:43:45.096 E/SurfaceFlinger( 1319):     gl_FragColor *= alphaPlane;
05-01 09:43:45.096 E/SurfaceFlinger( 1319): }
05-01 09:43:45.096 E/SurfaceFlinger( 1319): 
05-01 09:43:45.096 E/SurfaceFlinger( 1319): öÿÿÿÿÿÿÿŸáË—ƒq
05-01 09:43:45.096 E/SurfaceFlinger( 1319): Error while linking shaders:
05-01 09:43:45.096 E/SurfaceFlinger( 1319): Error while compiling shader: 
05-01 09:43:45.096 E/SurfaceFlinger( 1319): attribute vec4 texCoords;
05-01 09:43:45.096 E/SurfaceFlinger( 1319): varying vec2 outTexCoords;
05-01 09:43:45.096 E/SurfaceFlinger( 1319): attribute vec4 position;
05-01 09:43:45.096 E/SurfaceFlinger( 1319): uniform mat4 projection;
05-01 09:43:45.096 E/SurfaceFlinger( 1319): uniform mat4 texture;
05-01 09:43:45.096 E/SurfaceFlinger( 1319): void main(void) {
05-01 09:43:45.096 E/SurfaceFlinger( 1319):     gl_Position = projection * position;
05-01 09:43:45.096 E/SurfaceFlinger( 1319):     outTexCoords = (texture * texCoords).st;
05-01 09:43:45.096 E/SurfaceFlinger( 1319): }
05-01 09:43:45.096 E/SurfaceFlinger( 1319): 
05-01 09:43:45.096 E/SurfaceFlinger( 1319): öÿÿÿÿÿÿÿŸáË—ƒq
05-01 09:43:45.096 E/SurfaceFlinger( 1319): Error while compiling shader: 
05-01 09:43:45.096 E/SurfaceFlinger( 1319): #extension GL_OES_EGL_image_external : require
05-01 09:43:45.096 E/SurfaceFlinger( 1319): precision mediump float;
05-01 09:43:45.096 E/SurfaceFlinger( 1319): uniform samplerExternalOES sampler;
05-01 09:43:45.096 E/SurfaceFlinger( 1319): varying vec2 outTexCoords;
05-01 09:43:45.096 E/SurfaceFlinger( 1319): uniform float alphaPlane;
05-01 09:43:45.096 E/SurfaceFlinger( 1319): void main(void) {
05-01 09:43:45.096 E/SurfaceFlinger( 1319):     gl_FragColor = texture2D(sampler, outTexCoords);
05-01 09:43:45.096 E/SurfaceFlinger( 1319):     gl_FragColor.a = 1.0;
05-01 09:43:45.096 E/SurfaceFlinger( 1319):     gl_FragColor.a *= alphaPlane;
05-01 09:43:45.096 E/SurfaceFlinger( 1319): }
05-01 09:43:45.096 E/SurfaceFlinger( 1319): 
05-01 09:43:45.096 E/SurfaceFlinger( 1319): öÿÿÿÿÿÿÿŸáË—ƒq
05-01 09:43:45.096 E/SurfaceFlinger( 1319): Error while linking shaders:
05-01 09:43:45.096 E/SurfaceFlinger( 1319): Error while compiling shader: 
05-01 09:43:45.096 E/SurfaceFlinger( 1319): attribute vec4 texCoords;
05-01 09:43:45.096 E/SurfaceFlinger( 1319): varying vec2 outTexCoords;
05-01 09:43:45.096 E/SurfaceFlinger( 1319): attribute vec4 position;
05-01 09:43:45.096 E/SurfaceFlinger( 1319): uniform mat4 projection;
05-01 09:43:45.096 E/SurfaceFlinger( 1319): uniform mat4 texture;
05-01 09:43:45.096 E/SurfaceFlinger( 1319): void main(void) {
05-01 09:43:45.096 E/SurfaceFlinger( 1319):     gl_Position = projection * position;
05-01 09:43:45.096 E/SurfaceFlinger( 1319):     outTexCoords = (texture * texCoords).st;
05-01 09:43:45.096 E/SurfaceFlinger( 1319): }
05-01 09:43:45.096 E/SurfaceFlinger( 1319): 
05-01 09:43:45.096 E/SurfaceFlinger( 1319): öÿÿÿÿÿÿÿŸáË—ƒq
05-01 09:43:45.096 E/SurfaceFlinger( 1319): Error while compiling shader: 
05-01 09:43:45.096 E/SurfaceFlinger( 1319): #extension GL_OES_EGL_image_external : require
05-01 09:43:45.096 E/SurfaceFlinger( 1319): precision mediump float;
05-01 09:43:45.096 E/SurfaceFlinger( 1319): uniform samplerExternalOES sampler;
05-01 09:43:45.096 E/SurfaceFlinger( 1319): varying vec2 outTexCoords;
05-01 09:43:45.096 E/SurfaceFlinger( 1319): uniform float alphaPlane;
05-01 09:43:45.096 E/SurfaceFlinger( 1319): void main(void) {
05-01 09:43:45.096 E/SurfaceFlinger( 1319):     gl_FragColor = texture2D(sampler, outTexCoords);
05-01 09:43:45.096 E/SurfaceFlinger( 1319):     gl_FragColor.a = 1.0;
05-01 09:43:45.096 E/SurfaceFlinger( 1319):     gl_FragColor *= alphaPlane;
05-01 09:43:45.096 E/SurfaceFlinger( 1319): }
05-01 09:43:45.096 E/SurfaceFlinger( 1319): 
05-01 09:43:45.096 E/SurfaceFlinger( 1319): öÿÿÿÿÿÿÿŸáË—ƒq
05-01 09:43:45.096 E/SurfaceFlinger( 1319): Error while linking shaders:
05-01 09:43:45.096 E/SurfaceFlinger( 1319): Error while compiling shader: 
05-01 09:43:45.096 E/SurfaceFlinger( 1319): attribute vec4 texCoords;
05-01 09:43:45.096 E/SurfaceFlinger( 1319): varying vec2 outTexCoords;
05-01 09:43:45.096 E/SurfaceFlinger( 1319): attribute vec4 position;
05-01 09:43:45.096 E/SurfaceFlinger( 1319): uniform mat4 projection;
05-01 09:43:45.096 E/SurfaceFlinger( 1319): uniform mat4 texture;
05-01 09:43:45.096 E/SurfaceFlinger( 1319): void main(void) {
05-01 09:43:45.096 E/SurfaceFlinger( 1319):     gl_Position = projection * position;
05-01 09:43:45.096 E/SurfaceFlinger( 1319):     outTexCoords = (texture * texCoords).st;
05-01 09:43:45.096 E/SurfaceFlinger( 1319): }
05-01 09:43:45.096 E/SurfaceFlinger( 1319): 
05-01 09:43:45.096 E/SurfaceFlinger( 1319): öÿÿÿÿÿÿÿŸáË—ƒq
05-01 09:43:45.096 E/SurfaceFlinger( 1319): Error while compiling shader: 
05-01 09:43:45.096 E/SurfaceFlinger( 1319): precision mediump float;
05-01 09:43:45.096 E/SurfaceFlinger( 1319): uniform sampler2D sampler;
05-01 09:43:45.096 E/SurfaceFlinger( 1319): varying vec2 outTexCoords;
05-01 09:43:45.096 E/SurfaceFlinger( 1319): void main(void) {
05-01 09:43:45.096 E/SurfaceFlinger( 1319):     gl_FragColor = texture2D(sampler, outTexCoords);
05-01 09:43:45.096 E/SurfaceFlinger( 1319): }
05-01 09:43:45.096 E/SurfaceFlinger( 1319): 
05-01 09:43:45.096 E/SurfaceFlinger( 1319): öÿÿÿÿÿÿÿŸáË—ƒq
05-01 09:43:45.096 E/SurfaceFlinger( 1319): Error while linking shaders:
05-01 09:43:45.096 E/SurfaceFlinger( 1319): Error while compiling shader: 
05-01 09:43:45.096 E/SurfaceFlinger( 1319): attribute vec4 texCoords;
05-01 09:43:45.096 E/SurfaceFlinger( 1319): varying vec2 outTexCoords;
05-01 09:43:45.096 E/SurfaceFlinger( 1319): attribute vec4 position;
05-01 09:43:45.096 E/SurfaceFlinger( 1319): uniform mat4 projection;
05-01 09:43:45.096 E/SurfaceFlinger( 1319): uniform mat4 texture;
05-01 09:43:45.096 E/SurfaceFlinger( 1319): void main(void) {
05-01 09:43:45.096 E/SurfaceFlinger( 1319):     gl_Position = projection * position;
05-01 09:43:45.096 E/SurfaceFlinger( 1319):     outTexCoords = (texture * texCoords).st;
05-01 09:43:45.096 E/SurfaceFlinger( 1319): }
05-01 09:43:45.096 E/SurfaceFlinger( 1319): 
05-01 09:43:45.096 E/SurfaceFlinger( 1319): öÿÿÿÿÿÿÿŸáË—ƒq
05-01 09:43:45.096 E/SurfaceFlinger( 1319): Error while compiling shader: 
05-01 09:43:45.096 E/SurfaceFlinger( 1319): precision mediump float;
05-01 09:43:45.096 E/SurfaceFlinger( 1319): uniform sampler2D sampler;
05-01 09:43:45.096 E/SurfaceFlinger( 1319): varying vec2 outTexCoords;
05-01 09:43:45.096 E/SurfaceFlinger( 1319): void main(void) {
05-01 09:43:45.096 E/SurfaceFlinger( 1319):     gl_FragColor = texture2D(sampler, outTexCoords);
05-01 09:43:45.096 E/SurfaceFlinger( 1319): }
05-01 09:43:45.096 E/SurfaceFlinger( 1319): 
05-01 09:43:45.096 E/SurfaceFlinger( 1319): öÿÿÿÿÿÿÿŸáË—ƒq
05-01 09:43:45.097 E/SurfaceFlinger( 1319): Error while linking shaders:
05-01 09:43:45.097 E/SurfaceFlinger( 1319): Error while compiling shader: 
05-01 09:43:45.097 E/SurfaceFlinger( 1319): attribute vec4 texCoords;
05-01 09:43:45.097 E/SurfaceFlinger( 1319): varying vec2 outTexCoords;
05-01 09:43:45.097 E/SurfaceFlinger( 1319): attribute vec4 position;
05-01 09:43:45.097 E/SurfaceFlinger( 1319): uniform mat4 projection;
05-01 09:43:45.097 E/SurfaceFlinger( 1319): uniform mat4 texture;
05-01 09:43:45.097 E/SurfaceFlinger( 1319): void main(void) {
05-01 09:43:45.097 E/SurfaceFlinger( 1319):     gl_Position = projection * position;
05-01 09:43:45.097 E/SurfaceFlinger( 1319):     outTexCoords = (texture * texCoords).st;
05-01 09:43:45.097 E/SurfaceFlinger( 1319): }
05-01 09:43:45.097 E/SurfaceFlinger( 1319): 
05-01 09:43:45.097 E/SurfaceFlinger( 1319): öÿÿÿÿÿÿÿŸáË—ƒq
05-01 09:43:45.097 E/SurfaceFlinger( 1319): Error while compiling shader: 
05-01 09:43:45.097 E/SurfaceFlinger( 1319): precision mediump float;
05-01 09:43:45.097 E/SurfaceFlinger( 1319): uniform sampler2D sampler;
05-01 09:43:45.097 E/SurfaceFlinger( 1319): varying vec2 outTexCoords;
05-01 09:43:45.097 E/SurfaceFlinger( 1319): void main(void) {
05-01 09:43:45.097 E/SurfaceFlinger( 1319):     gl_FragColor = texture2D(sampler, outTexCoords);
05-01 09:43:45.097 E/SurfaceFlinger( 1319):     gl_FragColor.a = 1.0;
05-01 09:43:45.097 E/SurfaceFlinger( 1319): }
05-01 09:43:45.097 E/SurfaceFlinger( 1319): 
05-01 09:43:45.097 E/SurfaceFlinger( 1319): öÿÿÿÿÿÿÿŸáË—ƒq
05-01 09:43:45.097 E/SurfaceFlinger( 1319): Error while linking shaders:
05-01 09:43:45.097 E/SurfaceFlinger( 1319): Error while compiling shader: 
05-01 09:43:45.097 E/SurfaceFlinger( 1319): attribute vec4 texCoords;
05-01 09:43:45.097 E/SurfaceFlinger( 1319): varying vec2 outTexCoords;
05-01 09:43:45.097 E/SurfaceFlinger( 1319): attribute vec4 position;
05-01 09:43:45.097 E/SurfaceFlinger( 1319): uniform mat4 projection;
05-01 09:43:45.097 E/SurfaceFlinger( 1319): uniform mat4 texture;
05-01 09:43:45.097 E/SurfaceFlinger( 1319): void main(void) {
05-01 09:43:45.097 E/SurfaceFlinger( 1319):     gl_Position = projection * position;
05-01 09:43:45.097 E/SurfaceFlinger( 1319):     outTexCoords = (texture * texCoords).st;
05-01 09:43:45.097 E/SurfaceFlinger( 1319): }
05-01 09:43:45.097 E/SurfaceFlinger( 1319): 
05-01 09:43:45.097 E/SurfaceFlinger( 1319): öÿÿÿÿÿÿÿŸáË—ƒq
05-01 09:43:45.097 E/SurfaceFlinger( 1319): Error while compiling shader: 
05-01 09:43:45.097 E/SurfaceFlinger( 1319): precision mediump float;
05-01 09:43:45.097 E/SurfaceFlinger( 1319): uniform sampler2D sampler;
05-01 09:43:45.097 E/SurfaceFlinger( 1319): varying vec2 outTexCoords;
05-01 09:43:45.097 E/SurfaceFlinger( 1319): void main(void) {
05-01 09:43:45.097 E/SurfaceFlinger( 1319):     gl_FragColor = texture2D(sampler, outTexCoords);
05-01 09:43:45.097 E/SurfaceFlinger( 1319):     gl_FragColor.a = 1.0;
05-01 09:43:45.097 E/SurfaceFlinger( 1319): }
05-01 09:43:45.097 E/SurfaceFlinger( 1319): 
05-01 09:43:45.097 E/SurfaceFlinger( 1319): öÿÿÿÿÿÿÿŸáË—ƒq
05-01 09:43:45.097 E/SurfaceFlinger( 1319): Error while linking shaders:
05-01 09:43:45.097 E/SurfaceFlinger( 1319): Error while compiling shader: 
05-01 09:43:45.097 E/SurfaceFlinger( 1319): attribute vec4 texCoords;
05-01 09:43:45.097 E/SurfaceFlinger( 1319): varying vec2 outTexCoords;
05-01 09:43:45.097 E/SurfaceFlinger( 1319): attribute vec4 position;
05-01 09:43:45.097 E/SurfaceFlinger( 1319): uniform mat4 projection;
05-01 09:43:45.097 E/SurfaceFlinger( 1319): uniform mat4 texture;
05-01 09:43:45.097 E/SurfaceFlinger( 1319): void main(void) {
05-01 09:43:45.097 E/SurfaceFlinger( 1319):     gl_Position = projection * position;
05-01 09:43:45.097 E/SurfaceFlinger( 1319):     outTexCoords = (texture * texCoords).st;
05-01 09:43:45.097 E/SurfaceFlinger( 1319): }
05-01 09:43:45.097 E/SurfaceFlinger( 1319): 
05-01 09:43:45.097 E/SurfaceFlinger( 1319): öÿÿÿÿÿÿÿŸáË—ƒq
05-01 09:43:45.097 E/SurfaceFlinger( 1319): Error while compiling shader: 
05-01 09:43:45.097 E/SurfaceFlinger( 1319): precision mediump float;
05-01 09:43:45.097 E/SurfaceFlinger( 1319): uniform sampler2D sampler;
05-01 09:43:45.097 E/SurfaceFlinger( 1319): varying vec2 outTexCoords;
05-01 09:43:45.097 E/SurfaceFlinger( 1319): uniform float alphaPlane;
05-01 09:43:45.097 E/SurfaceFlinger( 1319): void main(void) {
05-01 09:43:45.097 E/SurfaceFlinger( 1319):     gl_FragColor = texture2D(sampler, outTexCoords);
05-01 09:43:45.097 E/SurfaceFlinger( 1319):     gl_FragColor.a *= alphaPlane;
05-01 09:43:45.097 E/SurfaceFlinger( 1319): }
05-01 09:43:45.097 E/SurfaceFlinger( 1319): 
05-01 09:43:45.097 E/SurfaceFlinger( 1319): öÿÿÿÿÿÿÿŸáË—ƒq
05-01 09:43:45.097 E/SurfaceFlinger( 1319): Error while linking shaders:
05-01 09:43:45.097 E/SurfaceFlinger( 1319): Error while compiling shader: 
05-01 09:43:45.097 E/SurfaceFlinger( 1319): attribute vec4 texCoords;
05-01 09:43:45.097 E/SurfaceFlinger( 1319): varying vec2 outTexCoords;
05-01 09:43:45.097 E/SurfaceFlinger( 1319): attribute vec4 position;
05-01 09:43:45.097 E/SurfaceFlinger( 1319): uniform mat4 projection;
05-01 09:43:45.097 E/SurfaceFlinger( 1319): uniform mat4 texture;
05-01 09:43:45.097 E/SurfaceFlinger( 1319): void main(void) {
05-01 09:43:45.097 E/SurfaceFlinger( 1319):     gl_Position = projection * position;
05-01 09:43:45.097 E/SurfaceFlinger( 1319):     outTexCoords = (texture * texCoords).st;
05-01 09:43:45.097 E/SurfaceFlinger( 1319): }
05-01 09:43:45.097 E/SurfaceFlinger( 1319): 
05-01 09:43:45.097 E/SurfaceFlinger( 1319): öÿÿÿÿÿÿÿŸáË—ƒq
05-01 09:43:45.097 E/SurfaceFlinger( 1319): Error while compiling shader: 
05-01 09:43:45.097 E/SurfaceFlinger( 1319): precision mediump float;
05-01 09:43:45.097 E/SurfaceFlinger( 1319): uniform sampler2D sampler;
05-01 09:43:45.097 E/SurfaceFlinger( 1319): varying vec2 outTexCoords;
05-01 09:43:45.097 E/SurfaceFlinger( 1319): uniform float alphaPlane;
05-01 09:43:45.097 E/SurfaceFlinger( 1319): void main(void) {
05-01 09:43:45.097 E/SurfaceFlinger( 1319):     gl_FragColor = texture2D(sampler, outTexCoords);
05-01 09:43:45.097 E/SurfaceFlinger( 1319):     gl_FragColor *= alphaPlane;
05-01 09:43:45.097 E/SurfaceFlinger( 1319): }
05-01 09:43:45.097 E/SurfaceFlinger( 1319): 
05-01 09:43:45.097 E/SurfaceFlinger( 1319): öÿÿÿÿÿÿÿŸáË—ƒq
05-01 09:43:45.097 E/SurfaceFlinger( 1319): Error while linking shaders:
05-01 09:43:45.097 E/SurfaceFlinger( 1319): Error while compiling shader: 
05-01 09:43:45.097 E/SurfaceFlinger( 1319): attribute vec4 texCoords;
05-01 09:43:45.097 E/SurfaceFlinger( 1319): varying vec2 outTexCoords;
05-01 09:43:45.097 E/SurfaceFlinger( 1319): attribute vec4 position;
05-01 09:43:45.097 E/SurfaceFlinger( 1319): uniform mat4 projection;
05-01 09:43:45.097 E/SurfaceFlinger( 1319): uniform mat4 texture;
05-01 09:43:45.097 E/SurfaceFlinger( 1319): void main(void) {
05-01 09:43:45.097 E/SurfaceFlinger( 1319):     gl_Position = projection * position;
05-01 09:43:45.097 E/SurfaceFlinger( 1319):     outTexCoords = (texture * texCoords).st;
05-01 09:43:45.097 E/SurfaceFlinger( 1319): }
05-01 09:43:45.097 E/SurfaceFlinger( 1319): 
05-01 09:43:45.097 E/SurfaceFlinger( 1319): öÿÿÿÿÿÿÿŸáË—ƒq
05-01 09:43:45.097 E/SurfaceFlinger( 1319): Error while compiling shader: 
05-01 09:43:45.097 E/SurfaceFlinger( 1319): precision mediump float;
05-01 09:43:45.097 E/SurfaceFlinger( 1319): uniform sampler2D sampler;
05-01 09:43:45.097 E/SurfaceFlinger( 1319): varying vec2 outTexCoords;
05-01 09:43:45.097 E/SurfaceFlinger( 1319): uniform float alphaPlane;
05-01 09:43:45.097 E/SurfaceFlinger( 1319): void main(void) {
05-01 09:43:45.097 E/SurfaceFlinger( 1319):     gl_FragColor = texture2D(sampler, outTexCoords);
05-01 09:43:45.097 E/SurfaceFlinger( 1319):     gl_FragColor.a = 1.0;
05-01 09:43:45.097 E/SurfaceFlinger( 1319):     gl_FragColor.a *= alphaPlane;
05-01 09:43:45.097 E/SurfaceFlinger( 1319): }
05-01 09:43:45.097 E/SurfaceFlinger( 1319): 
05-01 09:43:45.097 E/SurfaceFlinger( 1319): öÿÿÿÿÿÿÿŸáË—ƒq
05-01 09:43:45.097 E/SurfaceFlinger( 1319): Error while linking shaders:
05-01 09:43:45.097 E/SurfaceFlinger( 1319): Error while compiling shader: 
05-01 09:43:45.097 E/SurfaceFlinger( 1319): attribute vec4 texCoords;
05-01 09:43:45.097 E/SurfaceFlinger( 1319): varying vec2 outTexCoords;
05-01 09:43:45.097 E/SurfaceFlinger( 1319): attribute vec4 position;
05-01 09:43:45.097 E/SurfaceFlinger( 1319): uniform mat4 projection;
05-01 09:43:45.097 E/SurfaceFlinger( 1319): uniform mat4 texture;
05-01 09:43:45.097 E/SurfaceFlinger( 1319): void main(void) {
05-01 09:43:45.097 E/SurfaceFlinger( 1319):     gl_Position = projection * position;
05-01 09:43:45.097 E/SurfaceFlinger( 1319):     outTexCoords = (texture * texCoords).st;
05-01 09:43:45.097 E/SurfaceFlinger( 1319): }
