05-01 09:49:41.716 E/ActivityThread( 2867): 	at android.app.LoadedApk$ServiceDispatcher.<init>(LoadedApk.java:1336)
05-01 09:49:41.716 E/ActivityThread( 2867): 	at android.app.LoadedApk.getServiceDispatcher(LoadedApk.java:1231)
05-01 09:49:41.716 E/ActivityThread( 2867): 	at android.app.ContextImpl.bindServiceCommon(ContextImpl.java:1450)
05-01 09:49:41.716 E/ActivityThread( 2867): 	at android.app.ContextImpl.bindService(ContextImpl.java:1422)
05-01 09:49:41.716 E/ActivityThread( 2867): 	at android.content.ContextWrapper.bindService(ContextWrapper.java:636)
05-01 09:49:41.716 E/ActivityThread( 2867): 	at com.android.emailcommon.service.ServiceProxy.setTask(ServiceProxy.java:181)
05-01 09:49:41.716 E/ActivityThread( 2867): 	at com.android.emailcommon.service.ServiceProxy.test(ServiceProxy.java:224)
05-01 09:49:41.716 E/ActivityThread( 2867): 	at com.android.email.service.EmailServiceUtils.isServiceAvailable(EmailServiceUtils.java:160)
05-01 09:49:41.716 E/ActivityThread( 2867): 	at com.android.email.provider.AccountReconciler.reconcileAccountsInternal(AccountReconciler.java:171)
05-01 09:49:41.716 E/ActivityThread( 2867): 	at com.android.email.provider.AccountReconciler.reconcileAccounts(AccountReconciler.java:115)
05-01 09:49:41.716 E/ActivityThread( 2867): 	at com.android.email.service.EmailBroadcastProcessorService.reconcileAndStartServices(EmailBroadcastProcessorService.java:305)
05-01 09:49:41.716 E/ActivityThread( 2867): 	at com.android.email.service.EmailBroadcastProcessorService.onBootCompleted(EmailBroadcastProcessorService.java:295)
05-01 09:49:41.716 E/ActivityThread( 2867): 	at com.android.email.service.EmailBroadcastProcessorService.onHandleIntent(EmailBroadcastProcessorService.java:130)
05-01 09:49:41.716 E/ActivityThread( 2867): 	at android.app.IntentService$ServiceHandler.handleMessage(IntentService.java:68)
05-01 09:49:41.716 E/ActivityThread( 2867): 	at android.os.Handler.dispatchMessage(Handler.java:102)
05-01 09:49:41.716 E/ActivityThread( 2867): 	at android.os.Looper.loop(Looper.java:154)
05-01 09:49:41.716 E/ActivityThread( 2867): 	at android.os.HandlerThread.run(HandlerThread.java:61)
05-01 09:49:41.718 W/ActivityManager( 1789): Unbind failed: could not find connection for android.os.BinderProxy@3d5fd00
05-01 09:49:41.747 W/System  ( 2891): ClassLoader referenced unknown path: /system/priv-app/ManagedProvisioning/lib/x86_64
05-01 09:49:41.832 W/art     ( 2905): Unexpected CPU variant for X86 using defaults: x86_64
05-01 09:49:41.839 I/ActivityManager( 1789): Start proc 2905:com.android.messaging/u0a54 for broadcast com.android.messaging/.receiver.BootAndPackageReplacedReceiver
05-01 09:49:41.932 W/System  ( 2905): ClassLoader referenced unknown path: /system/app/messaging/lib/x86_64
05-01 09:49:43.368 I/MessagingApp( 2905): Carrier config changed. Reloading MMS config.
05-01 09:49:43.398 V/VvmBootCompletedRcvr( 2209): processing subId list
05-01 09:49:43.430 E/VvmBootCompletedRcvr( 2209): phone account ComponentInfo{com.android.phone/com.android.services.telephony.TelephonyConnectionService}, [e2f7d48dd2b5ca523e7313cf4ba0f6ea830b6281], UserHandle{0} has invalid subId -1
05-01 09:49:43.518 I/MessagingAppDataModel( 2905): Fixup: Send failed - 0 Download failed - 0
05-01 09:49:43.889 I/MessagingAppDataModel( 2905): SyncMessagesAction: Starting batch for messages from 1616676894217 to 1619862583283 (message update limit = 80, message scan limit = 4000)
05-01 09:49:43.916 W/ActivityManager( 1789): Slow operation: 59ms so far, now at startProcess: returned from zygote!
05-01 09:49:43.916 W/ActivityManager( 1789): Slow operation: 59ms so far, now at startProcess: done updating battery stats
05-01 09:49:43.916 W/ActivityManager( 1789): Slow operation: 59ms so far, now at startProcess: building log message
05-01 09:49:43.916 I/ActivityManager( 1789): Start proc 2927:com.android.gallery3d/u0a39 for broadcast com.android.gallery3d/.app.PackagesMonitor
05-01 09:49:43.916 W/ActivityManager( 1789): Slow operation: 59ms so far, now at startProcess: starting to update pids map
05-01 09:49:43.916 W/ActivityManager( 1789): Slow operation: 60ms so far, now at startProcess: done updating pids map
05-01 09:49:43.917 W/ActivityManager( 1789): Slow operation: 61ms so far, now at startProcess: done starting proc!
05-01 09:49:43.926 W/art     ( 2927): Unexpected CPU variant for X86 using defaults: x86_64
05-01 09:49:44.879 I/MessagingAppDataModel( 2905): SyncMessagesAction: All messages now in sync
05-01 09:49:45.601 W/ActivityManager( 1789): Slow operation: 111ms so far, now at startProcess: returned from zygote!
05-01 09:49:45.602 W/ActivityManager( 1789): Slow operation: 116ms so far, now at startProcess: done updating battery stats
05-01 09:49:45.603 W/ActivityManager( 1789): Slow operation: 117ms so far, now at startProcess: building log message
05-01 09:49:45.603 I/ActivityManager( 1789): Start proc 2944:com.svox.pico/u0a49 for broadcast com.svox.pico/.VoiceDataInstallerReceiver
05-01 09:49:45.603 W/ActivityManager( 1789): Slow operation: 117ms so far, now at startProcess: starting to update pids map
05-01 09:49:45.603 W/ActivityManager( 1789): Slow operation: 118ms so far, now at startProcess: done updating pids map
05-01 09:49:45.604 W/ActivityManager( 1789): Slow operation: 119ms so far, now at startProcess: done starting proc!
05-01 09:49:45.613 W/art     ( 1789): Long monitor contention with owner Binder:1789_5 (2116) at void com.android.server.am.BroadcastQueue.processNextBroadcast(boolean)(BroadcastQueue.java:760) waiters=1 in void com.android.server.am.ActivityManagerService$MainHandler.handleMessage(android.os.Message) for 116ms
05-01 09:49:45.657 W/art     ( 2944): Unexpected CPU variant for X86 using defaults: x86_64
05-01 09:49:46.137 I/VvmSimChangeReceiver( 2209): Received SIM change for invalid subscription id.
05-01 09:49:46.257 D/AlertReceiver( 2815): onReceive: a=android.intent.action.PROVIDER_CHANGED Intent { act=android.intent.action.PROVIDER_CHANGED dat=content://com.android.calendar flg=0x20000010 cmp=com.android.calendar/.alerts.AlertReceiver }
05-01 09:49:46.306 D/AlertService( 2815): 0 Action = android.intent.action.PROVIDER_CHANGED
05-01 09:49:46.817 W/MediaScanner( 2703): Error opening directory '/oem/media/', skipping: No such file or directory.
05-01 09:49:47.096 V/MediaScanner( 2703): pruneDeadThumbnailFiles... android.content.ContentProviderClient$CursorWrapperInner@3c6281a
05-01 09:49:47.098 V/MediaScanner( 2703): /pruneDeadThumbnailFiles... android.content.ContentProviderClient$CursorWrapperInner@3c6281a
05-01 09:49:51.327 I/GlobalDismissManager( 2815): no sender configured
05-01 09:49:51.329 D/AlertService( 2815): Beginning updateAlertNotification
05-01 09:49:51.363 D/AlertService( 2815): No fired or scheduled alerts
05-01 09:49:51.434 D/AlertService( 2815): Scheduling next alarm with AlarmScheduler. sEventReminderReceived: null
05-01 09:49:51.477 D/AlarmScheduler( 2815): No events found starting within 1 week.
05-01 09:49:54.367 I/ActivityManager( 1789): Waited long enough for: ServiceRecord{cf4d20b u0 com.android.calendar/.alerts.InitAlarmsService}
05-01 09:50:09.456 D/InitAlarmsService( 2815): Clearing and rescheduling alarms.
05-01 09:51:00.025 I/ActivityManager( 1789): Killing 2603:com.android.keychain/1000 (adj 906): empty #17
05-01 09:51:00.098 D/ActivityManager( 1789): cleanUpApplicationRecord -- 2603
05-01 09:51:40.365 D/AndroidRuntime( 2966): >>>>>> START com.android.internal.os.RuntimeInit uid 2000 <<<<<<
05-01 09:51:40.414 D/AndroidRuntime( 2966): CheckJNI is ON
05-01 09:51:40.828 W/art     ( 2966): Unexpected CPU variant for X86 using defaults: x86_64
05-01 09:51:40.886 D/ICU     ( 2966): No timezone override file found: /data/misc/zoneinfo/current/icu/icu_tzdata.dat
05-01 09:51:41.132 E/memtrack( 2966): Couldn't load memtrack module (No such file or directory)
05-01 09:51:41.132 E/android.os.Debug( 2966): failed to load memtrack module: -2
05-01 09:51:41.148 I/Radio-JNI( 2966): register_android_hardware_Radio DONE
05-01 09:51:41.299 D/AndroidRuntime( 2966): Calling main entry com.android.commands.am.Am
05-01 09:51:41.408 I/art     ( 2976): Not late-enabling -Xcheck:jni (already on)
05-01 09:51:41.409 W/art     ( 2976): Unexpected CPU variant for X86 using defaults: x86_64
05-01 09:51:41.412 I/ActivityManager( 1789): Start proc 2976:gov.nasa.arc.astrobee.android.gs.manager/u0a63 for service gov.nasa.arc.astrobee.android.gs.manager/.ManagerService
05-01 09:51:41.430 D/AndroidRuntime( 2966): Shutting down VM
05-01 09:51:41.509 W/art     ( 2966): Suspending all threads took: 23.932ms
05-01 09:51:41.576 W/System  ( 2976): ClassLoader referenced unknown path: /data/app/gov.nasa.arc.astrobee.android.gs.manager-1/lib/x86_64
05-01 09:51:42.420 E/Notification( 2976): setLatestEventInfo() is deprecated and you should feel deprecated.
05-01 09:51:42.420 E/Notification( 2976): java.lang.Throwable
05-01 09:51:42.420 E/Notification( 2976): 	at android.app.Notification.setLatestEventInfo(Notification.java:2076)
05-01 09:51:42.420 E/Notification( 2976): 	at org.ros.android.NodeMainExecutorService.onStartCommand(NodeMainExecutorService.java:220)
05-01 09:51:42.420 E/Notification( 2976): 	at android.app.ActivityThread.handleServiceArgs(ActivityThread.java:3326)
05-01 09:51:42.420 E/Notification( 2976): 	at android.app.ActivityThread.-wrap21(ActivityThread.java)
05-01 09:51:42.420 E/Notification( 2976): 	at android.app.ActivityThread$H.handleMessage(ActivityThread.java:1582)
05-01 09:51:42.420 E/Notification( 2976): 	at android.os.Handler.dispatchMessage(Handler.java:102)
05-01 09:51:42.420 E/Notification( 2976): 	at android.os.Looper.loop(Looper.java:154)
05-01 09:51:42.420 E/Notification( 2976): 	at android.app.ActivityThread.main(ActivityThread.java:6119)
05-01 09:51:42.420 E/Notification( 2976): 	at java.lang.reflect.Method.invoke(Native Method)
05-01 09:51:42.420 E/Notification( 2976): 	at com.android.internal.os.ZygoteInit$MethodAndArgsCaller.run(ZygoteInit.java:886)
05-01 09:51:42.420 E/Notification( 2976): 	at com.android.internal.os.ZygoteInit.main(ZygoteInit.java:776)
05-01 09:51:43.390 I/Registrar( 2976): MasterXmlRpcEndpoint URI: http://llp:11311
05-01 09:51:43.591 I/Registrar( 2976): Registering publisher: Publisher<PublisherDefinition<PublisherIdentifier<NodeIdentifier</guest_science_manager, http://hlp:47843/>, TopicIdentifier</rosout>>, Topic<TopicIdentifier</rosout>, TopicDescription<rosgraph_msgs/Log, acffd30cd6b6de30f120938c17c593fb>>>>
05-01 09:51:43.886 D/NotificationSQLiteLog( 1789): Pruned event entries: 15
05-01 09:51:45.037 I/Registrar( 2976): Response<Success, Registered [/guest_science_manager] as publisher of [/rosout], [http://10.42.0.34:37391/]>
05-01 09:51:45.051 I/DefaultPublisher( 2976): Publisher registered: Publisher<PublisherDefinition<PublisherIdentifier<NodeIdentifier</guest_science_manager, http://hlp:47843/>, TopicIdentifier</rosout>>, Topic<TopicIdentifier</rosout>, TopicDescription<rosgraph_msgs/Log, acffd30cd6b6de30f120938c17c593fb>>>>
05-01 09:51:45.177 I/Registrar( 2976): Registering subscriber: Subscriber<Topic<TopicIdentifier</clock>, TopicDescription<rosgraph_msgs/Clock, a9c97c1d230cfc112e270351a944ee47>>>
05-01 09:51:45.307 I/Registrar( 2976): Response<Success, Subscribed to [/clock], [http://10.42.0.34:42099/]>
05-01 09:51:45.327 I/DefaultSubscriber( 2976): Subscriber registered: Subscriber<Topic<TopicIdentifier</clock>, TopicDescription<rosgraph_msgs/Clock, a9c97c1d230cfc112e270351a944ee47>>>
05-01 09:51:45.607 I/Registrar( 2976): Registering publisher: Publisher<PublisherDefinition<PublisherIdentifier<NodeIdentifier</guest_science_manager, http://hlp:47843/>, TopicIdentifier</gs/gs_manager/ack>>, Topic<TopicIdentifier</gs/gs_manager/ack>, TopicDescription<ff_msgs/AckStamped, cebddec69fd770df54633be444a9187d>>>>
05-01 09:51:45.947 I/Registrar( 2976): Response<Success, Registered [/guest_science_manager] as publisher of [/gs/gs_manager/ack], [http://10.42.0.34:34182/]>
05-01 09:51:45.990 I/DefaultPublisher( 2976): Publisher registered: Publisher<PublisherDefinition<PublisherIdentifier<NodeIdentifier</guest_science_manager, http://hlp:47843/>, TopicIdentifier</gs/gs_manager/ack>>, Topic<TopicIdentifier</gs/gs_manager/ack>, TopicDescription<ff_msgs/AckStamped, cebddec69fd770df54633be444a9187d>>>>
05-01 09:51:46.018 I/Registrar( 2976): Registering publisher: Publisher<PublisherDefinition<PublisherIdentifier<NodeIdentifier</guest_science_manager, http://hlp:47843/>, TopicIdentifier</gs/gs_manager/config>>, Topic<TopicIdentifier</gs/gs_manager/config>, TopicDescription<ff_msgs/GuestScienceConfig, c6f632ed2411de4159494a3e7754794e>>>>
05-01 09:51:46.277 I/art     ( 2976): Background sticky concurrent mark sweep GC freed 25789(2MB) AllocSpace objects, 17(344KB) LOS objects, 30% free, 7MB/10MB, paused 2.270ms total 475.619ms
05-01 09:51:46.379 I/Registrar( 2976): Response<Success, Registered [/guest_science_manager] as publisher of [/gs/gs_manager/config], [http://10.42.0.34:34182/, http://10.42.0.34:46077/]>
05-01 09:51:46.440 I/Registrar( 2976): Registering publisher: Publisher<PublisherDefinition<PublisherIdentifier<NodeIdentifier</guest_science_manager, http://hlp:47843/>, TopicIdentifier</gs/data>>, Topic<TopicIdentifier</gs/data>, TopicDescription<ff_msgs/GuestScienceData, edd2c791ea93ffa7cb0ec80c5bb00972>>>>
05-01 09:51:46.481 I/DefaultPublisher( 2976): Publisher registered: Publisher<PublisherDefinition<PublisherIdentifier<NodeIdentifier</guest_science_manager, http://hlp:47843/>, TopicIdentifier</gs/gs_manager/config>>, Topic<TopicIdentifier</gs/gs_manager/config>, TopicDescription<ff_msgs/GuestScienceConfig, c6f632ed2411de4159494a3e7754794e>>>>
05-01 09:51:46.619 I/Registrar( 2976): Registering publisher: Publisher<PublisherDefinition<PublisherIdentifier<NodeIdentifier</guest_science_manager, http://hlp:47843/>, TopicIdentifier</gs/gs_manager/state>>, Topic<TopicIdentifier</gs/gs_manager/state>, TopicDescription<ff_msgs/GuestScienceState, 24e5a1ba8527257cc710720a32de6e51>>>>
05-01 09:51:47.097 I/Registrar( 2976): Response<Success, Registered [/guest_science_manager] as publisher of [/gs/data], [http://10.42.0.34:43014/, http://10.42.0.34:46077/, http://10.42.0.34:46268/]>
05-01 09:51:47.106 I/Registrar( 2976): Response<Success, Registered [/guest_science_manager] as publisher of [/gs/gs_manager/state], [http://10.42.0.34:34182/, http://10.42.0.34:46077/]>
05-01 09:51:47.143 I/DefaultPublisher( 2976): Publisher registered: Publisher<PublisherDefinition<PublisherIdentifier<NodeIdentifier</guest_science_manager, http://hlp:47843/>, TopicIdentifier</gs/data>>, Topic<TopicIdentifier</gs/data>, TopicDescription<ff_msgs/GuestScienceData, edd2c791ea93ffa7cb0ec80c5bb00972>>>>
05-01 09:51:47.242 I/DefaultPublisher( 2976): Publisher registered: Publisher<PublisherDefinition<PublisherIdentifier<NodeIdentifier</guest_science_manager, http://hlp:47843/>, TopicIdentifier</gs/gs_manager/state>>, Topic<TopicIdentifier</gs/gs_manager/state>, TopicDescription<ff_msgs/GuestScienceState, 24e5a1ba8527257cc710720a32de6e51>>>>
05-01 09:51:47.262 I/Registrar( 2976): Registering subscriber: Subscriber<Topic<TopicIdentifier</mgt/executive/command>, TopicDescription<ff_msgs/CommandStamped, ac01350894b1be9e3a7b4f390a14812d>>>
05-01 09:51:48.077 I/Registrar( 2976): Response<Success, Subscribed to [/mgt/executive/command], [http://10.42.0.34:34182/]>
05-01 09:51:48.086 I/DefaultSubscriber( 2976): Subscriber registered: Subscriber<Topic<TopicIdentifier</mgt/executive/command>, TopicDescription<ff_msgs/CommandStamped, ac01350894b1be9e3a7b4f390a14812d>>>
05-01 09:51:48.101 I/art     ( 3051): Not late-enabling -Xcheck:jni (already on)
05-01 09:51:48.121 W/art     ( 3051): Unexpected CPU variant for X86 using defaults: x86_64
05-01 09:51:48.126 W/ActivityManager( 1789): Slow operation: 247ms so far, now at startProcess: returned from zygote!
05-01 09:51:48.126 W/ActivityManager( 1789): Slow operation: 247ms so far, now at startProcess: done updating battery stats
05-01 09:51:48.127 W/ActivityManager( 1789): Slow operation: 248ms so far, now at startProcess: building log message
05-01 09:51:48.127 I/ActivityManager( 1789): Start proc 3051:jp.jaxa.iss.kibo.rpc.sampleapk/u0a64 for broadcast jp.jaxa.iss.kibo.rpc.sampleapk/gov.nasa.arc.astrobee.android.gs.InfoInqueryBroadcastReceiver
05-01 09:51:48.127 W/ActivityManager( 1789): Slow operation: 248ms so far, now at startProcess: starting to update pids map
05-01 09:51:48.127 W/ActivityManager( 1789): Slow operation: 248ms so far, now at startProcess: done updating pids map
05-01 09:51:48.127 W/ActivityManager( 1789): Slow operation: 250ms so far, now at startProcess: done starting proc!
05-01 09:51:48.131 W/art     ( 1789): Long monitor contention with owner ActivityManager (1842) at void com.android.server.am.BroadcastQueue.processNextBroadcast(boolean)(BroadcastQueue.java:760) waiters=0 in void com.android.server.am.ActivityManagerService.dispatchUidsChanged() for 252ms
05-01 09:51:48.610 I/art     ( 2976): Background partial concurrent mark sweep GC freed 25428(1891KB) AllocSpace objects, 33(660KB) LOS objects, 36% free, 6MB/10MB, paused 8.672ms total 616.762ms
05-01 09:51:49.839 I/ActivityManager( 1789): Killing 2625:com.android.printspooler/u0a51 (adj 906): empty #17
05-01 09:51:50.249 D/ActivityManager( 1789): cleanUpApplicationRecord -- 2625
05-01 09:51:52.248 I/art     ( 2976): Do partial code cache collection, code=26KB, data=29KB
05-01 09:51:52.264 I/art     ( 2976): After code cache collection, code=26KB, data=29KB
05-01 09:51:52.264 I/art     ( 2976): Increasing code cache capacity to 128KB
05-01 09:51:54.923 D/ManagerTimeoutTimer( 2976): Still waiting for the apk to start or stop. 4996.0 milliseconds left.
05-01 09:51:55.123 D/OpenCV/StaticHelper( 3051): Trying to get library list
05-01 09:51:55.370 E/OpenCV/StaticHelper( 3051): OpenCV error: Cannot load info library for OpenCV
05-01 09:51:55.375 D/OpenCV/StaticHelper( 3051): Library list: ""
05-01 09:51:55.382 D/OpenCV/StaticHelper( 3051): First attempt to load libs
05-01 09:51:55.382 D/OpenCV/StaticHelper( 3051): Trying to init OpenCV libs
05-01 09:51:55.382 D/OpenCV/StaticHelper( 3051): Trying to load library opencv_java3
05-01 09:51:55.659 D/OpenCV/StaticHelper( 3051): Library opencv_java3 loaded
05-01 09:51:55.660 D/OpenCV/StaticHelper( 3051): First attempt to load libs is OK
05-01 09:51:55.701 I/OpenCV/StaticHelper( 3051): 
05-01 09:51:55.701 I/OpenCV/StaticHelper( 3051): General configuration for OpenCV 3.4.4 =====================================
05-01 09:51:55.701 I/OpenCV/StaticHelper( 3051):   Version control:               3.4.4
05-01 09:51:55.701 I/OpenCV/StaticHelper( 3051): 
05-01 09:51:55.701 I/OpenCV/StaticHelper( 3051):   Extra modules:
05-01 09:51:55.701 I/OpenCV/StaticHelper( 3051):     Location (extra):            /build/3_4-contrib_pack-contrib-android/opencv_contrib/modules
05-01 09:51:55.701 I/OpenCV/StaticHelper( 3051):     Version control (extra):     3.4.4
05-01 09:51:55.702 I/OpenCV/StaticHelper( 3051): 
05-01 09:51:55.702 I/OpenCV/StaticHelper( 3051):   Platform:
05-01 09:51:55.702 I/OpenCV/StaticHelper( 3051):     Timestamp:                   2018-11-17T00:27:32Z
05-01 09:51:55.702 I/OpenCV/StaticHelper( 3051):     Host:                        Linux 4.15.0-38-generic x86_64
05-01 09:51:55.702 I/OpenCV/StaticHelper( 3051):     Target:                      Linux 1 x86_64
05-01 09:51:55.702 I/OpenCV/StaticHelper( 3051):     CMake:                       2.8.12.2
05-01 09:51:55.702 I/OpenCV/StaticHelper( 3051):     CMake generator:             Ninja
05-01 09:51:55.702 I/OpenCV/StaticHelper( 3051):     CMake build tool:            /usr/bin/ninja
05-01 09:51:55.702 I/OpenCV/StaticHelper( 3051):     Configuration:               Release
05-01 09:51:55.702 I/OpenCV/StaticHelper( 3051): 
05-01 09:51:55.702 I/OpenCV/StaticHelper( 3051):   CPU/HW features:
05-01 09:51:55.702 I/OpenCV/StaticHelper( 3051):     Baseline:                    SSE SSE2 SSE3
05-01 09:51:55.702 I/OpenCV/StaticHelper( 3051):       requested:                 SSE3
05-01 09:51:55.702 I/OpenCV/StaticHelper( 3051):     Dispatched code generation:  SSE4_1 SSE4_2 FP16 AVX AVX2
05-01 09:51:55.703 I/OpenCV/StaticHelper( 3051):       requested:                 SSE4_1 SSE4_2 AVX FP16 AVX2 AVX512_SKX
05-01 09:51:55.703 I/OpenCV/StaticHelper( 3051):       SSE4_1 (4 files):          + SSSE3 SSE4_1
05-01 09:51:55.703 I/OpenCV/StaticHelper( 3051):       SSE4_2 (1 files):          + SSSE3 SSE4_1 POPCNT SSE4_2
05-01 09:51:55.703 I/OpenCV/StaticHelper( 3051):       FP16 (0 files):            + SSSE3 SSE4_1 POPCNT SSE4_2 FP16 AVX
05-01 09:51:55.703 I/OpenCV/StaticHelper( 3051):       AVX (5 files):             + SSSE3 SSE4_1 POPCNT SSE4_2 AVX
05-01 09:51:55.703 I/OpenCV/StaticHelper( 3051):       AVX2 (10 files):           + SSSE3 SSE4_1 POPCNT SSE4_2 FP16 FMA3 AVX AVX2
05-01 09:51:55.703 I/OpenCV/StaticHelper( 3051): 
05-01 09:51:55.703 I/OpenCV/StaticHelper( 3051):   C/C++:
05-01 09:51:55.703 I/OpenCV/StaticHelper( 3051):     Built as dynamic libs?:      NO
05-01 09:51:55.703 I/OpenCV/StaticHelper( 3051):     C++ Compiler:                /usr/bin/ccache /opt/android/android-ndk-r10e/toolchains/x86_64-4.9/prebuilt/linux-x86_64/bin/x86_64-linux-android-g++ (ver 4.9)
05-01 09:51:55.703 I/OpenCV/StaticHelper( 3051):     C++ flags (Release):         -fexceptions -frtti --sysroot=/opt/android/android-ndk-r10e/platforms/android-21/arch-x86_64 -funwind-tables -funswitch-loops -finline-limit=300 -fsigned-char -no-canonical-prefixes -fdata-sections -ffunction-sections -Wa,--noexecstack  -DANDROID -D__ANDROID_API__=21   -fsigned-char -W -Wall -Werror=return-type -Werror=non-virtual-dtor -Werror=address -Werror=sequence-point -Wformat -Werror=format-security -Wmissing-declarations -Wundef -Winit-self -Wpointer-arith -Wshadow -Wsign-promo -Wuninitialized -Winit-self -Wno-narrowing -Wno-delete-non-virtual-dtor -Wno-comment -Wno-missing-field-initializers -fdiagnostics-show-option -Wno-long-long -fomit-frame-pointer  -msse -msse2 -msse3 -fvisibility=hidden -fvisibility-inlines-hidden -fomit-frame-pointer -fstrict-aliasing -O3 -DNDEBUG  -DNDEBUG
05-01 09:51:55.703 I/OpenCV/StaticHelper( 3051):     C++ flags (Debug):           -fexceptions -frtti --sysroot=/opt/android/android-ndk-r10e/platforms/android-21/arch-x86_64 -funwind-tables -funswitch-loops -finline-limit=300 -fsigned-char -no-canonical-prefixes -fdata-sections -ffunction-sections -Wa,--noexecstack  -DANDROID -D__ANDROID_API__=21   -fsigned-char -W -Wall -Werror=return-type -Werror=non-virtual-dtor -Werror=address -Werror=sequence-point -Wformat -Werror=format-security -Wmissing-declarations -Wundef -Winit-self -Wpointer-arith -Wshadow -Wsign-promo -Wuninitialized -Winit-self -Wno-narrowing -Wno-delete-non-virtual-dtor -Wno-comment -Wno-missing-field-initializers -fdiagnostics-show-option -Wno-long-long -fomit-frame-pointer  -msse -msse2 -msse3 -fvisibility=hidden -fvisibility-inlines-hidden -fno-omit-frame-pointer -fno-strict-aliasing -O0 -g -DDEBUG -D_DEBUG  -DDEBUG -D_DEBUG
05-01 09:51:55.703 I/OpenCV/StaticHelper( 3051):     C Compiler:                  /usr/bin/ccache /opt/android/android-ndk-r10e/toolchains/x86_64-4.9/prebuilt/linux-x86_64/bin/x86_64-linux-android-gcc
05-01 09:51:55.704 I/OpenCV/StaticHelper( 3051):     C flags (Release):           -fexceptions --sysroot=/opt/android/android-ndk-r10e/platforms/android-21/arch-x86_64 -funwind-tables -funswitch-loops -finline-limit=300 -fsigned-char -no-canonical-prefixes -fdata-sections -ffunction-sections -Wa,--noexecstack  -DANDROID -D__ANDROID_API__=21   -fsigned-char -W -Wall -Werror=return-type -Werror=non-virtual-dtor -Werror=address -Werror=sequence-point -Wformat -Werror=format-security -Wmissing-declarations -Wmissing-prototypes -Wstrict-prototypes -Wundef -Winit-self -Wpointer-arith -Wshadow -Wuninitialized -Winit-self -Wno-narrowing -Wno-comment -Wno-missing-field-initializers -fdiagnostics-show-option -Wno-long-long -fomit-frame-pointer  -msse -msse2 -msse3 -fvisibility=hidden -fomit-frame-pointer -fstrict-aliasing -O3 -DNDEBUG  -DNDEBUG
05-01 09:51:55.704 I/OpenCV/StaticHelper( 3051):     C flags (Debug):             -fexceptions --sysroot=/opt/android/android-ndk-r10e/platforms/android-21/arch-x86_64 -funwind-tables -funswitch-loops -finline-limit=300 -fsigned-char -no-canonical-prefixes -fdata-sections -ffunction-sections -Wa,--noexecstack  -DANDROID -D__ANDROID_API__=21   -fsigned-char -W -Wall -Werror=return-type -Werror=non-virtual-dtor -Werror=address -Werror=sequence-point -Wformat -Werror=format-security -Wmissing-declarations -Wmissing-prototypes -Wstrict-prototypes -Wundef -Winit-self -Wpointer-arith -Wshadow -Wuninitialized -Winit-self -Wno-narrowing -Wno-comment -Wno-missing-field-initializers -fdiagnostics-show-option -Wno-long-long -fomit-frame-pointer  -msse -msse2 -msse3 -fvisibility=hidden -fno-omit-frame-pointer -fno-strict-aliasing -O0 -g -DDEBUG -D_DEBUG  -DDEBUG -D_DEBUG
05-01 09:51:55.704 I/OpenCV/StaticHelper( 3051):     Linker flags (Release):      -Wl,--exclude-libs,libippicv.a -Wl,--exclude-libs,libippiw.a  -Wl,--no-undefined -Wl,--gc-sections -Wl,-z,noexecstack -Wl,-z,relro -Wl,-z,now    
05-01 09:51:55.704 I/OpenCV/StaticHelper( 3051):     Linker flags (Debug):        -Wl,--exclude-libs,libippicv.a -Wl,--exclude-libs,libippiw.a  -Wl,--no-undefined -Wl,--gc-sections -Wl,-z,noexecstack -Wl,-z,relro -Wl,-z,now    
05-01 09:51:55.704 I/OpenCV/StaticHelper( 3051):     ccache:                      YES
05-01 09:51:55.704 I/OpenCV/StaticHelper( 3051):     Precompiled headers:         NO
05-01 09:51:55.704 I/OpenCV/StaticHelper( 3051):     Extra dependencies:          z dl m log
05-01 09:51:55.704 I/OpenCV/StaticHelper( 3051):     3rdparty dependencies:       tbb libcpufeatures ittnotify libjpeg-turbo libwebp libpng libtiff libjasper IlmImf libprotobuf quirc ippiw ippicv
05-01 09:51:55.704 I/OpenCV/StaticHelper( 3051): 
05-01 09:51:55.704 I/OpenCV/StaticHelper( 3051):   OpenCV modules:
05-01 09:51:55.704 I/OpenCV/StaticHelper( 3051):     To be built:                 aruco bgsegm bioinspired calib3d ccalib core datasets dnn dnn_objdetect dpm face features2d flann fuzzy hfs highgui img_hash imgcodecs imgproc java java_bindings_generator line_descriptor ml objdetect optflow phase_unwrapping photo plot reg rgbd saliency shape stereo stitching structured_light superres surface_matching text tracking video videoio videostab xfeatures2d ximgproc xobjdetect xphoto
05-01 09:51:55.704 I/OpenCV/StaticHelper( 3051):     Disabled:                    world
05-01 09:51:55.748 I/OpenCV/StaticHelper( 3051):     Disabled by dependency:      -
05-01 09:51:55.748 I/OpenCV/StaticHelper( 3051):     Unavailable:                 cnn_3dobj cudaarithm cudabgsegm cudacodec cudafeatures2d cudafilters cudaimgproc cudalegacy cudaobjdetect cudaoptflow cudastereo cudawarping cudev cvv freetype hdf js matlab ovis python2 python3 sfm ts viz
05-01 09:51:55.748 I/OpenCV/StaticHelper( 3051):     Applications:                android_examples
05-01 09:51:55.748 I/OpenCV/StaticHelper( 3051):     Documentation:               NO
05-01 09:51:55.748 I/OpenCV/StaticHelper( 3051):     Non-free algorithms:         NO
05-01 09:51:55.748 I/OpenCV/StaticHelper( 3051): 
05-01 09:51:55.748 I/OpenCV/StaticHelper( 3051):   Android NDK:                   location: /opt/android/android-ndk-r10e
05-01 09:51:55.748 I/OpenCV/StaticHelper( 3051):     Android ABI:                 x86_64
05-01 09:51:55.748 I/OpenCV/StaticHelper( 3051):     NDK toolchain:               x86_64-4.9
05-01 09:51:55.748 I/OpenCV/StaticHelper( 3051):     STL type:                    gnustl_static
05-01 09:51:55.748 I/OpenCV/StaticHelper( 3051):     Native API level:            21
05-01 09:51:55.749 I/OpenCV/StaticHelper( 3051):   Android SDK:                   /opt/android/android-sdk-java7 (tools: 25.2.2 build tools: 23.0.3)
05-01 09:51:55.749 I/OpenCV/StaticHelper( 3051):     android tool:                /opt/android/android-sdk-java7/tools/android
05-01 09:51:55.749 I/OpenCV/StaticHelper( 3051):     SDK target:                  android-21
05-01 09:51:55.749 I/OpenCV/StaticHelper( 3051):     Projects build scripts:      Ant/Eclipse compatible
05-01 09:51:55.749 I/OpenCV/StaticHelper( 3051): 
05-01 09:51:55.749 I/OpenCV/StaticHelper( 3051):   GUI: 
05-01 09:51:55.749 I/OpenCV/StaticHelper( 3051): 
05-01 09:51:55.749 I/OpenCV/StaticHelper( 3051):   Media I/O: 
05-01 09:51:55.749 I/OpenCV/StaticHelper( 3051):     ZLib:                        z (ver 1.2.3)
05-01 09:51:55.749 I/OpenCV/StaticHelper( 3051):     JPEG:                        build-libjpeg-turbo (ver 1.5.3-62)
05-01 09:51:55.749 I/OpenCV/StaticHelper( 3051):     WEBP:                        build (ver encoder: 0x020e)
05-01 09:51:55.749 I/OpenCV/StaticHelper( 3051):     PNG:                         build (ver 1.6.35)
05-01 09:51:55.749 I/OpenCV/StaticHelper( 3051):     TIFF:                        build (ver 42 - 4.0.9)
05-01 09:51:55.749 I/OpenCV/StaticHelper( 3051):     JPEG 2000:                   build (ver 1.900.1)
05-01 09:51:55.750 I/OpenCV/StaticHelper( 3051):     OpenEXR:                     build (ver 1.7.1)
05-01 09:51:55.750 I/OpenCV/StaticHelper( 3051):     HDR:                         YES
05-01 09:51:55.750 I/OpenCV/StaticHelper( 3051):     SUNRASTER:                   YES
05-01 09:51:55.750 I/OpenCV/StaticHelper( 3051):     PXM:                         YES
05-01 09:51:55.750 I/OpenCV/StaticHelper( 3051): 
05-01 09:51:55.750 I/OpenCV/StaticHelper( 3051):   Video I/O:
05-01 09:51:55.750 I/OpenCV/StaticHelper( 3051): 
05-01 09:51:55.750 I/OpenCV/StaticHelper( 3051):   Parallel framework:            TBB (ver 2018.0 interface 10001)
05-01 09:51:55.750 I/OpenCV/StaticHelper( 3051): 
05-01 09:51:55.750 I/OpenCV/StaticHelper( 3051):   Trace:                         YES (with Intel ITT)
05-01 09:51:55.750 I/OpenCV/StaticHelper( 3051): 
05-01 09:51:55.750 I/OpenCV/StaticHelper( 3051):   Other third-party libraries:
05-01 09:51:55.750 I/OpenCV/StaticHelper( 3051):     Intel IPP:                   2019.0.0 Gold [2019.0.0]
05-01 09:51:55.750 I/OpenCV/StaticHelper( 3051):            at:                   /build/3_4-contrib_pack-contrib-android/build/o4a/3rdparty/ippicv/ippicv_lnx/icv
05-01 09:51:55.750 I/OpenCV/StaticHelper( 3051):     Intel IPP IW:                sources (2019.0.0)
05-01 09:51:55.758 I/OpenCV/StaticHelper( 3051):               at:                /build/3_4-contrib_pack-contrib-android/build/o4a/3rdparty/ippicv/ippicv_lnx/iw
05-01 09:51:55.758 I/OpenCV/StaticHelper( 3051):     Custom HAL:                  NO
05-01 09:51:55.758 I/OpenCV/StaticHelper( 3051):     Protobuf:                    build (3.5.1)
05-01 09:51:55.758 I/OpenCV/StaticHelper( 3051): 
05-01 09:51:55.758 I/OpenCV/StaticHelper( 3051):   Python (for build):            /usr/bin/python2.7
05-01 09:51:55.758 I/OpenCV/StaticHelper( 3051): 
05-01 09:51:55.758 I/OpenCV/StaticHelper( 3051):   Java:                          export all functions
05-01 09:51:55.758 I/OpenCV/StaticHelper( 3051):     ant:                         /usr/bin/ant (ver 1.9.3)
05-01 09:51:55.759 I/OpenCV/StaticHelper( 3051):     Java wrappers:               YES
05-01 09:51:55.759 I/OpenCV/StaticHelper( 3051):     Java tests:                  NO
05-01 09:51:55.759 I/OpenCV/StaticHelper( 3051): 
05-01 09:51:55.759 I/OpenCV/StaticHelper( 3051):   Install to:                    /build/3_4-contrib_pack-contrib-android/build/o4a/install
05-01 09:51:55.759 I/OpenCV/StaticHelper( 3051): -----------------------------------------------------------------
05-01 09:51:55.759 D/OpenCv  ( 3051): OpenCV loaded
05-01 09:51:56.594 I/Registrar( 3051): MasterXmlRpcEndpoint URI: http://llp:11311
05-01 09:51:56.891 I/Registrar( 3051): Registering publisher: Publisher<PublisherDefinition<PublisherIdentifier<NodeIdentifier</kibo_rpc_api, http://hlp:41647/>, TopicIdentifier</rosout>>, Topic<TopicIdentifier</rosout>, TopicDescription<rosgraph_msgs/Log, acffd30cd6b6de30f120938c17c593fb>>>>
05-01 09:51:59.025 I/Registrar( 3051): Response<Success, Registered [/kibo_rpc_api] as publisher of [/rosout], [http://10.42.0.34:37391/, http://10.42.0.34:40924/]>
05-01 09:51:59.050 I/DefaultPublisher( 3051): Publisher registered: Publisher<PublisherDefinition<PublisherIdentifier<NodeIdentifier</kibo_rpc_api, http://hlp:41647/>, TopicIdentifier</rosout>>, Topic<TopicIdentifier</rosout>, TopicDescription<rosgraph_msgs/Log, acffd30cd6b6de30f120938c17c593fb>>>>
05-01 09:51:59.562 I/Registrar( 3051): Registering subscriber: Subscriber<Topic<TopicIdentifier</clock>, TopicDescription<rosgraph_msgs/Clock, a9c97c1d230cfc112e270351a944ee47>>>
05-01 09:51:59.720 I/Registrar( 3051): Response<Success, Subscribed to [/clock], [http://10.42.0.34:42099/]>
05-01 09:51:59.732 I/DefaultSubscriber( 3051): Subscriber registered: Subscriber<Topic<TopicIdentifier</clock>, TopicDescription<rosgraph_msgs/Clock, a9c97c1d230cfc112e270351a944ee47>>>
05-01 09:52:01.449 I/Registrar( 3051): Registering publisher: Publisher<PublisherDefinition<PublisherIdentifier<NodeIdentifier</kibo_rpc_api, http://hlp:41647/>, TopicIdentifier</command>>, Topic<TopicIdentifier</command>, TopicDescription<ff_msgs/CommandStamped, ac01350894b1be9e3a7b4f390a14812d>>>>
05-01 09:52:01.781 I/Registrar( 3051): MasterXmlRpcEndpoint URI: http://llp:11311
05-01 09:52:02.304 I/Registrar( 3051): Response<Success, Registered [/kibo_rpc_api] as publisher of [/command], [http://10.42.0.34:42099/, http://10.42.0.34:34182/, http://10.42.0.34:46268/, http://10.42.0.34:40924/]>
05-01 09:52:02.403 I/DefaultPublisher( 3051): Publisher registered: Publisher<PublisherDefinition<PublisherIdentifier<NodeIdentifier</kibo_rpc_api, http://hlp:41647/>, TopicIdentifier</command>>, Topic<TopicIdentifier</command>, TopicDescription<ff_msgs/CommandStamped, ac01350894b1be9e3a7b4f390a14812d>>>>
05-01 09:52:02.488 W/art     ( 3051): Suspending all threads took: 34.836ms
05-01 09:52:03.020 I/Registrar( 3051): Registering publisher: Publisher<PublisherDefinition<PublisherIdentifier<NodeIdentifier</GetterNode, http://hlp:55707/>, TopicIdentifier</rosout>>, Topic<TopicIdentifier</rosout>, TopicDescription<rosgraph_msgs/Log, acffd30cd6b6de30f120938c17c593fb>>>>
05-01 09:52:03.424 I/Registrar( 3051): Registering subscriber: Subscriber<Topic<TopicIdentifier</mgt/ack>, TopicDescription<ff_msgs/AckStamped, cebddec69fd770df54633be444a9187d>>>
05-01 09:52:03.907 W/art     ( 3051): Long monitor contention with owner New I/O  worker #5 (3076) at boolean org.ros.concurrent.CircularBlockingDeque.addLast(java.lang.Object)(CircularBlockingDeque.java:72) waiters=1 in void java.lang.Object.wait!() for 209ms
05-01 09:52:03.964 I/Registrar( 3051): Response<Success, Registered [/GetterNode] as publisher of [/rosout], [http://10.42.0.34:37391/, http://10.42.0.34:40924/]>
05-01 09:52:04.000 I/DefaultPublisher( 3051): Publisher registered: Publisher<PublisherDefinition<PublisherIdentifier<NodeIdentifier</GetterNode, http://hlp:55707/>, TopicIdentifier</rosout>>, Topic<TopicIdentifier</rosout>, TopicDescription<rosgraph_msgs/Log, acffd30cd6b6de30f120938c17c593fb>>>>
05-01 09:52:04.142 I/Registrar( 3051): Response<Success, Subscribed to [/mgt/ack], [http://10.42.0.34:34182/]>
05-01 09:52:04.303 I/DefaultSubscriber( 3051): Subscriber registered: Subscriber<Topic<TopicIdentifier</mgt/ack>, TopicDescription<ff_msgs/AckStamped, cebddec69fd770df54633be444a9187d>>>
05-01 09:52:04.862 I/art     ( 2976): Background sticky concurrent mark sweep GC freed 95342(2MB) AllocSpace objects, 14(272KB) LOS objects, 35% free, 7MB/10MB, paused 4.240ms total 232.217ms
05-01 09:52:05.190 W/art     ( 3051): Suspending all threads took: 9.355ms
05-01 09:52:05.648 I/Registrar( 3051): Registering subscriber: Subscriber<Topic<TopicIdentifier</clock>, TopicDescription<rosgraph_msgs/Clock, a9c97c1d230cfc112e270351a944ee47>>>
05-01 09:52:06.189 I/Registrar( 3051): Registering subscriber: Subscriber<Topic<TopicIdentifier</gnc/ekf>, TopicDescription<ff_msgs/EkfState, 543b97822b033d7199b506ad4005f134>>>
05-01 09:52:06.254 W/art     ( 3051): Long monitor contention with owner pool-1-thread-3 (3071) at void gov.nasa.arc.astrobee.ros.internal.RobotNodeMain.onStart(org.ros.node.ConnectedNode)(RobotNodeMain.java:61) waiters=0 in org.ros.message.MessageFactory gov.nasa.arc.astrobee.ros.internal.RobotNodeMain.getTopicMessageFactory() for 4.950s
05-01 09:52:06.264 W/art     ( 3051): Long monitor contention with owner pool-1-thread-3 (3071) at void gov.nasa.arc.astrobee.ros.internal.RobotNodeMain.onStart(org.ros.node.ConnectedNode)(RobotNodeMain.java:61) waiters=1 in void gov.nasa.arc.astrobee.ros.internal.RobotNodeMain$1.onNewSubscriber(org.ros.node.topic.Publisher, org.ros.internal.node.topic.SubscriberIdentifier) for 2.939s
05-01 09:52:06.604 I/Registrar( 3051): Response<Success, Subscribed to [/gnc/ekf], [http://10.42.0.34:46189/]>
05-01 09:52:06.633 I/DefaultSubscriber( 3051): Subscriber registered: Subscriber<Topic<TopicIdentifier</gnc/ekf>, TopicDescription<ff_msgs/EkfState, 543b97822b033d7199b506ad4005f134>>>
05-01 09:52:07.096 I/Registrar( 3051): Response<Success, Subscribed to [/clock], [http://10.42.0.34:42099/]>
05-01 09:52:07.112 D/KiboRpcApi( 3051): GetterNode initialization started.
05-01 09:52:07.119 I/DefaultSubscriber( 3051): Subscriber registered: Subscriber<Topic<TopicIdentifier</clock>, TopicDescription<rosgraph_msgs/Clock, a9c97c1d230cfc112e270351a944ee47>>>
05-01 09:52:07.322 W/art     ( 3051): Suspending all threads took: 22.930ms
05-01 09:52:10.070 W/art     ( 3051): Suspending all threads took: 5.818ms
05-01 09:52:10.305 I/Registrar( 3051): Registering subscriber: Subscriber<Topic<TopicIdentifier</gnc/ekf_noise>, TopicDescription<ff_msgs/EkfState, 543b97822b033d7199b506ad4005f134>>>
05-01 09:52:11.479 I/Registrar( 3051): Response<Success, Subscribed to [/gnc/ekf_noise], [http://10.42.0.34:46189/]>
05-01 09:52:11.589 I/DefaultSubscriber( 3051): Subscriber registered: Subscriber<Topic<TopicIdentifier</gnc/ekf_noise>, TopicDescription<ff_msgs/EkfState, 543b97822b033d7199b506ad4005f134>>>
05-01 09:52:11.900 I/Registrar( 3051): Registering subscriber: Subscriber<Topic<TopicIdentifier</hw/imu>, TopicDescription<sensor_msgs/Imu, 6a62c6daae103f4ff57a132d6f95cec2>>>
05-01 09:52:12.743 W/art     ( 3051): Long monitor contention with owner New I/O  worker #5 (3076) at boolean org.ros.concurrent.CircularBlockingDeque.addLast(java.lang.Object)(CircularBlockingDeque.java:72) waiters=1 in void java.lang.Object.wait!() for 159ms
05-01 09:52:12.951 I/Registrar( 3051): Response<Success, Subscribed to [/hw/imu], [http://10.42.0.34:42099/]>
05-01 09:52:13.069 I/DefaultSubscriber( 3051): Subscriber registered: Subscriber<Topic<TopicIdentifier</hw/imu>, TopicDescription<sensor_msgs/Imu, 6a62c6daae103f4ff57a132d6f95cec2>>>
05-01 09:52:13.270 I/Registrar( 3051): Registering subscriber: Subscriber<Topic<TopicIdentifier</hw/cam_nav>, TopicDescription<sensor_msgs/Image, 060021388200f6f0f447d0fcd9c64743>>>
05-01 09:52:14.030 I/Registrar( 3051): Registering subscriber: Subscriber<Topic<TopicIdentifier</hw/cam_dock>, TopicDescription<sensor_msgs/Image, 060021388200f6f0f447d0fcd9c64743>>>
05-01 09:52:14.389 I/art     ( 3051): Do partial code cache collection, code=18KB, data=30KB
05-01 09:52:14.651 W/art     ( 3051): Suspending all threads took: 9.747ms
05-01 09:52:14.779 I/art     ( 3051): After code cache collection, code=15KB, data=28KB
05-01 09:52:14.779 I/art     ( 3051): Increasing code cache capacity to 128KB
05-01 09:52:14.819 I/Registrar( 3051): Response<Success, Subscribed to [/hw/cam_nav], [http://10.42.0.34:42099/]>
05-01 09:52:14.848 I/Registrar( 3051): Response<Success, Subscribed to [/hw/cam_dock], [http://10.42.0.34:42099/]>
05-01 09:52:14.881 I/DefaultSubscriber( 3051): Subscriber registered: Subscriber<Topic<TopicIdentifier</hw/cam_nav>, TopicDescription<sensor_msgs/Image, 060021388200f6f0f447d0fcd9c64743>>>
05-01 09:52:14.949 I/DefaultSubscriber( 3051): Subscriber registered: Subscriber<Topic<TopicIdentifier</hw/cam_dock>, TopicDescription<sensor_msgs/Image, 060021388200f6f0f447d0fcd9c64743>>>
05-01 09:52:15.700 I/Registrar( 3051): Registering subscriber: Subscriber<Topic<TopicIdentifier</hw/depth_haz/points>, TopicDescription<sensor_msgs/PointCloud2, 1158d486dd51d683ce2f1be655c3c181>>>
05-01 09:52:17.594 I/Registrar( 3051): Response<Success, Subscribed to [/hw/depth_haz/points], [http://10.42.0.34:42099/]>
05-01 09:52:17.600 I/DefaultSubscriber( 3051): Subscriber registered: Subscriber<Topic<TopicIdentifier</hw/depth_haz/points>, TopicDescription<sensor_msgs/PointCloud2, 1158d486dd51d683ce2f1be655c3c181>>>
05-01 09:52:18.410 W/art     ( 3051): Suspending all threads took: 16.836ms
05-01 09:52:18.501 I/Registrar( 3051): Registering subscriber: Subscriber<Topic<TopicIdentifier</hw/depth_perch/points>, TopicDescription<sensor_msgs/PointCloud2, 1158d486dd51d683ce2f1be655c3c181>>>
05-01 09:52:20.332 W/art     ( 3051): Long monitor contention with owner New I/O  worker #17 (3149) at boolean org.ros.concurrent.CircularBlockingDeque.addLast(java.lang.Object)(CircularBlockingDeque.java:72) waiters=1 in void java.lang.Object.wait!() for 184ms
05-01 09:52:20.542 I/Registrar( 3051): Response<Success, Subscribed to [/hw/depth_perch/points], [http://10.42.0.34:42099/]>
05-01 09:52:20.544 I/DefaultSubscriber( 3051): Subscriber registered: Subscriber<Topic<TopicIdentifier</hw/depth_perch/points>, TopicDescription<sensor_msgs/PointCloud2, 1158d486dd51d683ce2f1be655c3c181>>>
05-01 09:52:20.744 I/Registrar( 3051): Registering subscriber: Subscriber<Topic<TopicIdentifier</beh/dock/state>, TopicDescription<ff_msgs/DockState, 09d842ed9109dbc2bf96976f8fb2eaa5>>>
05-01 09:52:21.415 D/KiboRpcApi( 3051): GetterNode initialization succeeded.
05-01 09:52:21.476 W/art     ( 3051): Suspending all threads took: 22.128ms
05-01 09:52:22.684 W/art     ( 3051): Long monitor contention with owner pool-1-thread-33 (3141) at java.lang.Class java.lang.reflect.Proxy.getProxyClass0(java.lang.ClassLoader, java.lang.Class[])(Proxy.java:481) waiters=0 in java.lang.Class java.lang.reflect.Proxy.getProxyClass0(java.lang.ClassLoader, java.lang.Class[]) for 122ms
05-01 09:52:23.058 W/art     ( 3051): Suspending all threads took: 14.442ms
05-01 09:52:23.329 I/Registrar( 3051): Response<Success, Subscribed to [/beh/dock/state], [http://10.42.0.34:38332/]>
05-01 09:52:23.339 W/art     ( 3051): Long monitor contention with owner New I/O  worker #29 (3176) at boolean org.ros.concurrent.CircularBlockingDeque.addLast(java.lang.Object)(CircularBlockingDeque.java:72) waiters=1 in void java.lang.Object.wait!() for 122ms
05-01 09:52:23.727 I/DefaultSubscriber( 3051): Subscriber registered: Subscriber<Topic<TopicIdentifier</beh/dock/state>, TopicDescription<ff_msgs/DockState, 09d842ed9109dbc2bf96976f8fb2eaa5>>>
05-01 09:52:24.080 W/art     ( 3051): Long monitor contention with owner New I/O  worker #29 (3176) at boolean org.ros.concurrent.CircularBlockingDeque.addLast(java.lang.Object)(CircularBlockingDeque.java:72) waiters=1 in void java.lang.Object.wait!() for 205ms
05-01 09:52:25.631 W/art     ( 3051): Long monitor contention with owner pool-3-thread-16 (3137) at java.lang.Class java.lang.reflect.Proxy.getProxyClass0(java.lang.ClassLoader, java.lang.Class[])(Proxy.java:457) waiters=0 in java.lang.Class java.lang.reflect.Proxy.getProxyClass0(java.lang.ClassLoader, java.lang.Class[]) for 103ms
05-01 09:52:28.768 W/art     ( 3051): Long monitor contention with owner New I/O  worker #29 (3176) at boolean org.ros.concurrent.CircularBlockingDeque.addLast(java.lang.Object)(CircularBlockingDeque.java:72) waiters=1 in void java.lang.Object.wait!() for 549ms
05-01 09:52:29.727 W/art     ( 3051): Long monitor contention with owner New I/O  worker #29 (3176) at boolean org.ros.concurrent.CircularBlockingDeque.addLast(java.lang.Object)(CircularBlockingDeque.java:72) waiters=1 in void java.lang.Object.wait!() for 236ms
05-01 09:52:29.771 W/art     ( 3051): Suspending all threads took: 9.293ms
05-01 09:52:30.788 W/art     ( 3051): Long monitor contention with owner pool-1-thread-17 (3092) at java.lang.Class java.lang.reflect.Proxy.getProxyClass0(java.lang.ClassLoader, java.lang.Class[])(Proxy.java:457) waiters=0 in java.lang.Class java.lang.reflect.Proxy.getProxyClass0(java.lang.ClassLoader, java.lang.Class[]) for 234ms
05-01 09:52:30.869 W/art     ( 3051): Long monitor contention with owner pool-1-thread-17 (3092) at java.lang.Class java.lang.reflect.Proxy.getProxyClass0(java.lang.ClassLoader, java.lang.Class[])(Proxy.java:457) waiters=1 in java.lang.Class java.lang.reflect.Proxy.getProxyClass0(java.lang.ClassLoader, java.lang.Class[]) for 426ms
05-01 09:52:31.009 W/art     ( 3051): Long monitor contention with owner pool-1-thread-17 (3092) at java.lang.Class java.lang.reflect.Proxy.getProxyClass0(java.lang.ClassLoader, java.lang.Class[])(Proxy.java:457) waiters=2 in java.lang.Class java.lang.reflect.Proxy.getProxyClass0(java.lang.ClassLoader, java.lang.Class[]) for 535ms
05-01 09:52:31.011 W/art     ( 3051): Long monitor contention with owner pool-1-thread-17 (3092) at java.lang.Class java.lang.reflect.Proxy.getProxyClass0(java.lang.ClassLoader, java.lang.Class[])(Proxy.java:457) waiters=3 in java.lang.Class java.lang.reflect.Proxy.getProxyClass0(java.lang.ClassLoader, java.lang.Class[]) for 178ms
05-01 09:52:31.488 W/art     ( 3051): Suspending all threads took: 17.554ms
05-01 09:52:33.038 W/art     ( 3051): Long monitor contention with owner New I/O  worker #5 (3076) at boolean org.ros.concurrent.CircularBlockingDeque.addLast(java.lang.Object)(CircularBlockingDeque.java:72) waiters=1 in void java.lang.Object.wait!() for 208ms
05-01 09:52:33.120 W/art     ( 3051): Suspending all threads took: 9.468ms
05-01 09:52:33.280 W/art     ( 3051): Long monitor contention with owner New I/O  worker #17 (3149) at boolean org.ros.concurrent.CircularBlockingDeque.addLast(java.lang.Object)(CircularBlockingDeque.java:72) waiters=1 in void java.lang.Object.wait!() for 136ms
05-01 09:52:33.504 I/art     ( 2976): Background sticky concurrent mark sweep GC freed 148143(3MB) AllocSpace objects, 0(0B) LOS objects, 35% free, 7MB/10MB, paused 5.758ms total 305.145ms
05-01 09:52:33.555 W/art     ( 3051): Long monitor contention with owner pool-3-thread-46 (3194) at java.lang.Class java.lang.reflect.Proxy.getProxyClass0(java.lang.ClassLoader, java.lang.Class[])(Proxy.java:457) waiters=2 in java.lang.Class java.lang.reflect.Proxy.getProxyClass0(java.lang.ClassLoader, java.lang.Class[]) for 384ms
05-01 09:52:33.560 W/art     ( 3051): Long monitor contention with owner pool-3-thread-46 (3194) at java.lang.Class java.lang.reflect.Proxy.getProxyClass0(java.lang.ClassLoader, java.lang.Class[])(Proxy.java:457) waiters=1 in java.lang.Class java.lang.reflect.Proxy.getProxyClass0(java.lang.ClassLoader, java.lang.Class[]) for 391ms
05-01 09:52:33.561 W/art     ( 3051): Long monitor contention with owner pool-3-thread-46 (3194) at java.lang.Class java.lang.reflect.Proxy.getProxyClass0(java.lang.ClassLoader, java.lang.Class[])(Proxy.java:457) waiters=3 in java.lang.Class java.lang.reflect.Proxy.getProxyClass0(java.lang.ClassLoader, java.lang.Class[]) for 389ms
05-01 09:52:34.353 W/art     ( 3051): Long monitor contention with owner New I/O  worker #18 (3135) at boolean org.ros.concurrent.CircularBlockingDeque.addLast(java.lang.Object)(CircularBlockingDeque.java:72) waiters=1 in void java.lang.Object.wait!() for 168ms
05-01 09:52:35.824 W/art     ( 3051): Suspending all threads took: 10.750ms
05-01 09:52:36.622 W/art     ( 3051): Long monitor contention with owner New I/O  worker #25 (3158) at boolean org.ros.concurrent.CircularBlockingDeque.addLast(java.lang.Object)(CircularBlockingDeque.java:72) waiters=1 in void java.lang.Object.wait!() for 163ms
05-01 09:52:36.742 W/art     ( 3051): Long monitor contention with owner New I/O  worker #5 (3076) at boolean org.ros.concurrent.CircularBlockingDeque.addLast(java.lang.Object)(CircularBlockingDeque.java:72) waiters=1 in void java.lang.Object.wait!() for 282ms
05-01 09:52:37.084 W/art     ( 3051): Long monitor contention with owner New I/O  worker #18 (3135) at boolean org.ros.concurrent.CircularBlockingDeque.addLast(java.lang.Object)(CircularBlockingDeque.java:72) waiters=1 in void java.lang.Object.wait!() for 661ms
05-01 09:52:37.660 W/art     ( 3051): Long monitor contention with owner pool-1-thread-28 (3122) at java.lang.Class java.lang.reflect.Proxy.getProxyClass0(java.lang.ClassLoader, java.lang.Class[])(Proxy.java:481) waiters=1 in java.lang.Class java.lang.reflect.Proxy.getProxyClass0(java.lang.ClassLoader, java.lang.Class[]) for 232ms
05-01 09:52:37.663 W/art     ( 3051): Long monitor contention with owner pool-1-thread-28 (3122) at java.lang.Class java.lang.reflect.Proxy.getProxyClass0(java.lang.ClassLoader, java.lang.Class[])(Proxy.java:481) waiters=1 in java.lang.Class java.lang.reflect.Proxy.getProxyClass0(java.lang.ClassLoader, java.lang.Class[]) for 236ms
05-01 09:52:38.791 W/art     ( 3051): Long monitor contention with owner New I/O  worker #25 (3158) at boolean org.ros.concurrent.CircularBlockingDeque.addLast(java.lang.Object)(CircularBlockingDeque.java:72) waiters=1 in void java.lang.Object.wait!() for 301ms
05-01 09:52:38.986 W/art     ( 3051): Suspending all threads took: 6.954ms
05-01 09:52:39.909 W/art     ( 3051): Suspending all threads took: 16.694ms
05-01 09:52:40.714 W/art     ( 3051): Long monitor contention with owner pool-1-thread-17 (3092) at java.lang.Object java.lang.ref.Reference.get()(Reference.java:96) waiters=0 in java.lang.Class java.lang.reflect.Proxy.getProxyClass0(java.lang.ClassLoader, java.lang.Class[]) for 197ms
