05-01 09:45:57.506 I/art     ( 2009): Waiting for a blocking GC DisableMovingGc
05-01 09:45:57.552 I/art     ( 2009): WaitForGcToComplete blocked for 46.073ms for cause DisableMovingGc
05-01 09:45:57.552 I/art     ( 2009): Starting a blocking GC DisableMovingGc
05-01 09:45:57.792 E/WVMExtractor( 2015): Failed to open libwvm.so: dlopen failed: library "libwvm.so" not found
05-01 09:45:57.904 I/art     ( 2053): System.exit called, status: 0
05-01 09:45:57.905 I/AndroidRuntime( 2053): VM exiting with result code 0, cleanup skipped.
05-01 09:45:58.168 V/vold    ( 1268): /dev/block/vold/public:253,48: LABEL="SDCARD" UUID="1EFF-1C1B" TYPE="vfat" 
05-01 09:45:58.168 V/vold    ( 1268): 
05-01 09:45:58.400 D/VoldConnector( 1789): RCV <- {652 public:253,48 vfat}
05-01 09:45:58.401 D/VoldConnector( 1789): RCV <- {653 public:253,48 1EFF-1C1B}
05-01 09:45:58.402 D/VoldConnector( 1789): RCV <- {654 public:253,48 SDCARD}
05-01 09:45:58.455 V/vold    ( 1268): /system/bin/fsck_msdos
05-01 09:45:58.456 V/vold    ( 1268):     -p
05-01 09:45:58.456 V/vold    ( 1268):     -f
05-01 09:45:58.456 V/vold    ( 1268):     /dev/block/vold/public:253,48
05-01 09:45:58.673 I/MediaPlayerService( 1332): MediaPlayerService::getOMX
05-01 09:45:58.674 I/OMXClient( 1332): MuxOMX ctor
05-01 09:45:58.675 I/OMXMaster( 1329): makeComponentInstance(OMX.google.g711.mlaw.decoder) in mediacodec process
05-01 09:45:58.860 I/art     ( 2062): System.exit called, status: 0
05-01 09:45:58.860 I/AndroidRuntime( 2062): VM exiting with result code 0, cleanup skipped.
05-01 09:45:58.894 E/NetdConnector( 1789): NDC Command {3 bandwidth enable} took too long (3961ms)
05-01 09:45:58.975 I/fsck_msdos( 1268): ** /dev/block/vold/public:253,48
05-01 09:45:58.981 I/fsck_msdos( 1268): ** Phase 1 - Read and Compare FATs
05-01 09:45:58.982 I/fsck_msdos( 1268): Attempting to allocate 1046 KB for FAT
05-01 09:45:59.257 I/fsck_msdos( 1268): Attempting to allocate 1046 KB for FAT
05-01 09:45:59.675 W/InputAttributes( 2009): No editor info for this field. Bug?
05-01 09:45:59.752 I/MediaPlayerService( 1332): MediaPlayerService::getOMX
05-01 09:45:59.754 I/OMXClient( 1332): MuxOMX ctor
05-01 09:45:59.755 I/OMXMaster( 1329): makeComponentInstance(OMX.google.vorbis.decoder) in mediacodec process
05-01 09:45:59.882 I/fsck_msdos( 1268): ** Phase 2 - Check Cluster Chains
05-01 09:45:59.906 I/fsck_msdos( 1268): ** Phase 3 - Checking Directories
05-01 09:45:59.911 I/fsck_msdos( 1268): ** Phase 4 - Checking for Lost Files
05-01 09:45:59.914 I/fsck_msdos( 1268): 2 files, 534464 free (267232 clusters)
05-01 09:46:00.193 I/Vold    ( 1268): Filesystem check completed OK
05-01 09:46:00.194 D/VoldConnector( 1789): RCV <- {656 public:253,48 /mnt/media_rw/1EFF-1C1B}
05-01 09:46:00.196 D/VoldConnector( 1789): RCV <- {655 public:253,48 /storage/1EFF-1C1B}
05-01 09:46:00.371 W/ProcessCpuTracker( 1789): Skipping unknown process pid 2119
05-01 09:46:00.534 V/vold    ( 1268): Waiting for FUSE to spin up...
05-01 09:46:00.546 I/LatinIME:LogUtils( 2009): Dictionary info: dictionary = userunigram.en_US ; version = 1619862360 ; date = ?
05-01 09:46:00.580 E/ActivityThread( 2009): Failed to find provider info for user_dictionary
05-01 09:46:00.582 I/LatinIME:LogUtils( 2009): Dictionary info: dictionary = UserHistoryDictionary.en_US ; version = 1619862360 ; date = ?
05-01 09:46:00.590 V/vold    ( 1268): Waiting for FUSE to spin up...
05-01 09:46:00.650 V/vold    ( 1268): Waiting for FUSE to spin up...
05-01 09:46:00.702 V/vold    ( 1268): Waiting for FUSE to spin up...
05-01 09:46:00.860 V/vold    ( 1268): Waiting for FUSE to spin up...
05-01 09:46:00.920 V/vold    ( 1268): Waiting for FUSE to spin up...
05-01 09:46:00.953 I/MediaPlayerService( 1332): MediaPlayerService::getOMX
05-01 09:46:00.954 I/OMXClient( 1332): MuxOMX ctor
05-01 09:46:00.955 I/OMXMaster( 1329): makeComponentInstance(OMX.google.opus.decoder) in mediacodec process
05-01 09:46:00.980 V/vold    ( 1268): Waiting for FUSE to spin up...
05-01 09:46:01.040 V/vold    ( 1268): Waiting for FUSE to spin up...
05-01 09:46:01.076 W/sdcard  ( 2138): Device explicitly disabled sdcardfs
05-01 09:46:01.100 V/vold    ( 1268): Waiting for FUSE to spin up...
05-01 09:46:01.160 V/vold    ( 1268): Waiting for FUSE to spin up...
05-01 09:46:01.240 D/VoldConnector( 1789): RCV <- {651 public:253,48 2}
05-01 09:46:01.242 D/VoldConnector( 1789): RCV <- {200 7 Command succeeded}
05-01 09:46:01.255 E/VoldConnector( 1789): NDC Command {7 volume mount public:253,48 2 0} took too long (4747ms)
05-01 09:46:01.414 I/vol.Events( 2015): writeEvent collection_started
05-01 09:46:01.466 I/vol.Events( 2015): writeEvent external_ringer_mode_changed normal
05-01 09:46:01.467 I/vol.Events( 2015): writeEvent internal_ringer_mode_changed normal
05-01 09:46:01.486 E/NetdConnector( 1789): NDC Command {4 strict enable} took too long (2454ms)
05-01 09:46:01.487 W/NetworkManagement( 1789): setDataSaverMode(): already false
05-01 09:46:01.923 I/MediaPlayerService( 1332): MediaPlayerService::getOMX
05-01 09:46:01.924 I/OMXClient( 1332): MuxOMX ctor
05-01 09:46:01.925 I/OMXMaster( 1329): makeComponentInstance(OMX.google.raw.decoder) in mediacodec process
05-01 09:46:02.064 I/MediaPlayerService( 1332): MediaPlayerService::getOMX
05-01 09:46:02.066 I/OMXClient( 1332): MuxOMX ctor
05-01 09:46:02.067 I/OMXMaster( 1329): makeComponentInstance(OMX.google.aac.encoder) in mediacodec process
05-01 09:46:02.756 I/MediaPlayerService( 1332): MediaPlayerService::getOMX
05-01 09:46:02.808 I/OMXClient( 1332): MuxOMX ctor
05-01 09:46:02.844 I/OMXMaster( 1329): makeComponentInstance(OMX.google.amrnb.encoder) in mediacodec process
05-01 09:46:03.085 I/MediaPlayerService( 1332): MediaPlayerService::getOMX
05-01 09:46:03.087 I/OMXClient( 1332): MuxOMX ctor
05-01 09:46:03.087 I/OMXMaster( 1329): makeComponentInstance(OMX.google.amrwb.encoder) in mediacodec process
05-01 09:46:03.343 I/MediaPlayerService( 1332): MediaPlayerService::getOMX
05-01 09:46:03.344 I/OMXClient( 1332): MuxOMX ctor
05-01 09:46:03.345 I/OMXMaster( 1329): makeComponentInstance(OMX.google.flac.encoder) in mediacodec process
05-01 09:46:04.203 I/MediaPlayerService( 1332): MediaPlayerService::getOMX
05-01 09:46:04.204 I/OMXClient( 1332): MuxOMX ctor
05-01 09:46:04.205 I/OMXMaster( 1329): makeComponentInstance(OMX.google.gsm.decoder) in mediacodec process
05-01 09:46:04.240 E/NetdConnector( 1789): NDC Command {7 bandwidth setglobalalert 2097152} took too long (2559ms)
05-01 09:46:04.476 D/NetworkPolicy( 1789): setRestrictBackgroundUL(): false
05-01 09:46:04.512 W/NetworkManagement( 1789): setDataSaverMode(): already false
05-01 09:46:04.881 W/art     ( 1789): Suspending all threads took: 8.373ms
05-01 09:46:05.001 I/art     ( 1789): Background sticky concurrent mark sweep GC freed 41901(2MB) AllocSpace objects, 14(276KB) LOS objects, 20% free, 13MB/16MB, paused 12.815ms total 427.001ms
05-01 09:46:05.231 I/MediaPlayerService( 1332): MediaPlayerService::getOMX
05-01 09:46:05.280 I/OMXClient( 1332): MuxOMX ctor
05-01 09:46:05.281 I/OMXMaster( 1329): makeComponentInstance(OMX.google.mpeg4.decoder) in mediacodec process
05-01 09:46:05.852 W/art     ( 1789): Long monitor contention with owner NetworkPolicy (1966) at boolean android.os.BinderProxy.transactNative(int, android.os.Parcel, android.os.Parcel, int)(Binder.java:-2) waiters=0 in void com.android.server.NetworkManagementService.setFirewallChainEnabled(int, boolean) for 912ms
05-01 09:46:06.246 E/OMXNodeInstance( 1329): getExtensionIndex(531000f:google.mpeg4.decoder, OMX.google.android.index.configureVideoTunnelMode) ERROR: UnsupportedIndex(0x8000101a)
05-01 09:46:06.248 W/OMXNodeInstance( 1329): [531000f:google.mpeg4.decoder] component does not support metadata mode; using fallback
05-01 09:46:06.273 I/MediaPlayerService( 1332): MediaPlayerService::getOMX
05-01 09:46:06.274 I/OMXClient( 1332): MuxOMX ctor
05-01 09:46:06.275 I/OMXMaster( 1329): makeComponentInstance(OMX.google.h263.decoder) in mediacodec process
05-01 09:46:06.402 I/vol.Events( 2015): writeEvent level_changed STREAM_ALARM 6
05-01 09:46:06.430 I/vol.Events( 2015): writeEvent level_changed STREAM_BLUETOOTH_SCO 7
05-01 09:46:06.502 I/vol.Events( 2015): writeEvent level_changed STREAM_MUSIC 11
05-01 09:46:06.640 I/vol.Events( 2015): writeEvent level_changed STREAM_RING 5
05-01 09:46:06.690 I/vol.Events( 2015): writeEvent level_changed STREAM_SYSTEM 5
05-01 09:46:06.734 I/vol.Events( 2015): writeEvent level_changed STREAM_VOICE_CALL 4
05-01 09:46:06.863 E/OMXNodeInstance( 1329): getExtensionIndex(5310010:google.h263.decoder, OMX.google.android.index.configureVideoTunnelMode) ERROR: UnsupportedIndex(0x8000101a)
05-01 09:46:06.864 W/OMXNodeInstance( 1329): [5310010:google.h263.decoder] component does not support metadata mode; using fallback
05-01 09:46:06.894 I/MediaPlayerService( 1332): MediaPlayerService::getOMX
05-01 09:46:06.895 I/OMXClient( 1332): MuxOMX ctor
05-01 09:46:06.896 I/OMXMaster( 1329): makeComponentInstance(OMX.google.h264.decoder) in mediacodec process
05-01 09:46:07.525 E/NetdConnector( 1789): NDC Command {8 firewall enable_chain standby} took too long (1672ms)
05-01 09:46:07.550 E/NetdConnector( 1789): NDC Command {9 bandwidth gettetherstats} took too long (667ms)
05-01 09:46:07.750 D/StorageNotification( 2015): Notifying about private volume: VolumeInfo{private}:
05-01 09:46:07.750 D/StorageNotification( 2015):     type=PRIVATE diskId=null partGuid=null mountFlags=0 mountUserId=-1 
05-01 09:46:07.750 D/StorageNotification( 2015):     state=MOUNTED 
05-01 09:46:07.750 D/StorageNotification( 2015):     fsType=null fsUuid=null fsLabel=null 
05-01 09:46:07.750 D/StorageNotification( 2015):     path=/data internalPath=null 
05-01 09:46:07.754 D/StorageNotification( 2015): Notifying about public volume: VolumeInfo{public:253,48}:
05-01 09:46:07.754 D/StorageNotification( 2015):     type=PUBLIC diskId=disk:253,48 partGuid=null mountFlags=VISIBLE 
05-01 09:46:07.754 D/StorageNotification( 2015):     mountUserId=0 state=MOUNTED 
05-01 09:46:07.754 D/StorageNotification( 2015):     fsType=vfat fsUuid=1EFF-1C1B fsLabel=SDCARD 
05-01 09:46:07.754 D/StorageNotification( 2015):     path=/storage/1EFF-1C1B internalPath=/mnt/media_rw/1EFF-1C1B 
05-01 09:46:07.801 W/ACodec  ( 1332): [OMX.google.h264.decoder] stopping checking profiles after 32: 2/8000
05-01 09:46:07.804 E/OMXNodeInstance( 1329): getExtensionIndex(5310011:google.h264.decoder, OMX.google.android.index.configureVideoTunnelMode) ERROR: UnsupportedIndex(0x8000101a)
05-01 09:46:07.805 W/OMXNodeInstance( 1329): [5310011:google.h264.decoder] component does not support metadata mode; using fallback
05-01 09:46:07.815 I/MediaPlayerService( 1332): MediaPlayerService::getOMX
05-01 09:46:07.817 I/OMXClient( 1332): MuxOMX ctor
05-01 09:46:07.817 I/OMXMaster( 1329): makeComponentInstance(OMX.google.hevc.decoder) in mediacodec process
05-01 09:46:07.955 I/SystemServiceManager( 1789): Starting phase 600
05-01 09:46:08.212 W/AudioService( 1789): onLoadSoundEffects(), Error 1 while loading samples
05-01 09:46:08.357 D/SensorNotificationService( 1789): Cannot obtain dynamic meta sensor, not supported.
05-01 09:46:08.385 E/OMXNodeInstance( 1329): getExtensionIndex(5310012:google.hevc.decoder, OMX.google.android.index.configureVideoTunnelMode) ERROR: UnsupportedIndex(0x8000101a)
05-01 09:46:08.386 W/OMXNodeInstance( 1329): [5310012:google.hevc.decoder] component does not support metadata mode; using fallback
05-01 09:46:08.500 I/MediaPlayerService( 1332): MediaPlayerService::getOMX
05-01 09:46:08.510 I/OMXClient( 1332): MuxOMX ctor
05-01 09:46:08.510 I/OMXMaster( 1329): makeComponentInstance(OMX.google.vp8.decoder) in mediacodec process
05-01 09:46:08.807 E/OMXNodeInstance( 1329): getExtensionIndex(5310013:google.vp8.decoder, OMX.google.android.index.configureVideoTunnelMode) ERROR: UnsupportedIndex(0x8000101a)
05-01 09:46:08.808 W/OMXNodeInstance( 1329): [5310013:google.vp8.decoder] component does not support metadata mode; using fallback
05-01 09:46:08.828 I/MediaPlayerService( 1332): MediaPlayerService::getOMX
05-01 09:46:08.829 I/OMXClient( 1332): MuxOMX ctor
05-01 09:46:08.841 I/OMXMaster( 1329): makeComponentInstance(OMX.google.vp9.decoder) in mediacodec process
05-01 09:46:08.853 I/GnssLocationProvider( 1789): WakeLock acquired by sendMessage(13, 0, null)
05-01 09:46:08.888 W/LocationManagerService( 1789): no network location provider found
05-01 09:46:08.990 E/LocationManagerService( 1789): no geocoder provider found
05-01 09:46:08.992 E/FlpHardwareProvider( 1789): Error hw_get_module 'flp': -2
05-01 09:46:08.992 D/LocationManagerService( 1789): FLP HAL not supported
05-01 09:46:08.997 D/LocationManagerService( 1789): Unable to bind FLP Geofence proxy.
05-01 09:46:08.998 E/ActivityRecognitionHardware( 1789): Error hw_get_module: -2
05-01 09:46:08.998 D/LocationManagerService( 1789): Hardware Activity-Recognition not supported.
05-01 09:46:09.031 I/Choreographer( 2015): Skipped 103 frames!  The application may be doing too much work on its main thread.
05-01 09:46:09.040 E/ActivityRecognitionProxy( 1789): ServiceWatcher could not start.
05-01 09:46:09.040 D/LocationManagerService( 1789): Unable to bind ActivityRecognitionProxy.
05-01 09:46:09.042 I/GnssLocationProvider( 1789): WakeLock acquired by sendMessage(2, 1, null)
05-01 09:46:09.116 I/CommonTimeManagementService( 1789): No common time service detected on this platform.  Common time services will be unavailable.
05-01 09:46:09.138 I/MmsServiceBroker( 1789): Delay connecting to MmsService until an API is called
05-01 09:46:09.141 I/InputReader( 1789): Reconfiguring input devices.  changes=0x00000020
05-01 09:46:09.184 W/VoiceInteractionManagerService( 1789): no available voice interaction services found for user 0
05-01 09:46:09.184 W/VoiceInteractionManagerService( 1789): no available voice recognition services found for user 0
05-01 09:46:09.302 I/InputReader( 1789): Reconfiguring input devices.  changes=0x00000010
05-01 09:46:09.569 W/ActivityManager( 1789): Slow operation: 379ms so far, now at startProcess: returned from zygote!
05-01 09:46:09.569 W/ActivityManager( 1789): Slow operation: 380ms so far, now at startProcess: done updating battery stats
05-01 09:46:09.660 W/ActivityManager( 1789): Slow operation: 471ms so far, now at startProcess: building log message
05-01 09:46:09.661 I/ActivityManager( 1789): Start proc 2209:com.android.phone/1001 for added application com.android.phone
05-01 09:46:09.661 W/ActivityManager( 1789): Slow operation: 472ms so far, now at startProcess: starting to update pids map
05-01 09:46:09.661 W/ActivityManager( 1789): Slow operation: 472ms so far, now at startProcess: done updating pids map
05-01 09:46:09.665 I/ActivityManager( 1789): START u0 {act=android.intent.action.MAIN cat=[android.intent.category.HOME] flg=0x10000100 cmp=com.android.settings/.FallbackHome} from uid 0 on display 0
05-01 09:46:09.687 E/OMXNodeInstance( 1329): getExtensionIndex(5310014:google.vp9.decoder, OMX.google.android.index.configureVideoTunnelMode) ERROR: UnsupportedIndex(0x8000101a)
05-01 09:46:09.688 W/OMXNodeInstance( 1329): [5310014:google.vp9.decoder] component does not support metadata mode; using fallback
05-01 09:46:09.696 W/System  ( 1789): ClassLoader referenced unknown path: 
05-01 09:46:09.697 W/System  ( 1789): ClassLoader referenced unknown path: /system/priv-app/Settings/lib/x86_64
05-01 09:46:09.729 W/art     ( 2209): Unexpected CPU variant for X86 using defaults: x86_64
05-01 09:46:09.769 I/MediaPlayerService( 1332): MediaPlayerService::getOMX
05-01 09:46:09.785 D/ApplicationLoaders( 1789): ignored Vulkan layer search path /system/priv-app/Settings/lib/x86_64:/system/priv-app/Settings/Settings.apk!/lib/x86_64:/system/lib64:/vendor/lib64 for namespace 0x7ab856da0160
05-01 09:46:09.804 I/OMXClient( 1332): MuxOMX ctor
05-01 09:46:09.804 I/OMXMaster( 1329): makeComponentInstance(OMX.google.h263.encoder) in mediacodec process
05-01 09:46:09.866 I/ActivityManager( 1789): Loaded persisted task ids for user 0
05-01 09:46:10.271 W/ActivityManager( 1789): Slow operation: 228ms so far, now at startProcess: returned from zygote!
05-01 09:46:10.271 W/ActivityManager( 1789): Slow operation: 228ms so far, now at startProcess: done updating battery stats
05-01 09:46:10.271 W/ActivityManager( 1789): Slow operation: 228ms so far, now at startProcess: building log message
05-01 09:46:10.271 I/ActivityManager( 1789): Start proc 2227:com.android.settings/1000 for activity com.android.settings/.FallbackHome
05-01 09:46:10.272 W/ActivityManager( 1789): Slow operation: 229ms so far, now at startProcess: starting to update pids map
05-01 09:46:10.272 W/ActivityManager( 1789): Slow operation: 229ms so far, now at startProcess: done updating pids map
05-01 09:46:10.272 W/ActivityManager( 1789): Slow operation: 230ms so far, now at startProcess: done starting proc!
05-01 09:46:10.289 W/art     ( 1789): Long monitor contention with owner main (1789) at void com.android.server.am.ActivityManagerService.systemReady(java.lang.Runnable)(ActivityManagerService.java:13368) waiters=0 in void com.android.server.am.ActivityManagerService.dispatchUidsChanged() for 1.101s
05-01 09:46:10.302 W/art     ( 1789): Long monitor contention with owner main (1789) at void com.android.server.am.ActivityManagerService.systemReady(java.lang.Runnable)(ActivityManagerService.java:13368) waiters=1 in void com.android.server.am.ActiveServices.serviceTimeout(com.android.server.am.ProcessRecord) for 663ms
05-01 09:46:10.303 W/ActivityManager( 1789): Timeout executing service: ServiceRecord{c9c74fd u0 com.android.server.telecom/.components.TelecomService}
05-01 09:46:10.310 W/art     ( 1789): Long monitor contention with owner main (1789) at void com.android.server.am.ActivityManagerService.systemReady(java.lang.Runnable)(ActivityManagerService.java:13368) waiters=2 in java.lang.String com.android.server.am.ActivityManagerService.checkContentProviderAccess(java.lang.String, int) for 590ms
05-01 09:46:10.317 I/SystemServer( 1789): Enabled StrictMode for system server main thread.
05-01 09:46:10.321 W/art     ( 1789): Long monitor contention with owner main (1789) at void com.android.server.am.ActivityManagerService.systemReady(java.lang.Runnable)(ActivityManagerService.java:13368) waiters=3 in void com.android.server.am.ActivityManagerService.attachApplication(android.app.IApplicationThread) for 265ms
05-01 09:46:10.428 D/ConditionProviders.SCP( 1789): onConnected
05-01 09:46:10.437 I/Process ( 1789): Sending signal. PID: 1789 SIG: 3
05-01 09:46:10.439 I/art     ( 1789): Thread[2,tid=1797,WaitingInMainSignalCatcherLoop,Thread*=0x7ab84bc30000,peer=0x12c010d0,"Signal Catcher"]: reacting to signal 3
05-01 09:46:10.439 I/art     ( 1789): 
05-01 09:46:10.463 W/art     ( 2227): Unexpected CPU variant for X86 using defaults: x86_64
05-01 09:46:10.665 I/SoftMPEG4Encoder( 1329): Construct SoftMPEG4Encoder
05-01 09:46:10.737 W/ACodec  ( 1332): do not know color format 0x7f000789 = 2130708361
05-01 09:46:10.739 E/OMXNodeInstance( 1329): getConfig(5310015:google.h263.encoder, ConfigAndroidIntraRefresh(0x6f60000a)) ERROR: Undefined(0x80001001)
05-01 09:46:10.854 I/MediaPlayerService( 1332): MediaPlayerService::getOMX
05-01 09:46:10.855 I/OMXClient( 1332): MuxOMX ctor
05-01 09:46:10.856 I/OMXMaster( 1329): makeComponentInstance(OMX.google.h264.encoder) in mediacodec process
05-01 09:46:11.317 W/ACodec  ( 1332): do not know color format 0x7f000789 = 2130708361
05-01 09:46:11.343 I/MediaPlayerService( 1332): MediaPlayerService::getOMX
05-01 09:46:11.344 I/OMXClient( 1332): MuxOMX ctor
05-01 09:46:11.345 I/OMXMaster( 1329): makeComponentInstance(OMX.google.mpeg4.encoder) in mediacodec process
05-01 09:46:11.644 I/SoftMPEG4Encoder( 1329): Construct SoftMPEG4Encoder
05-01 09:46:11.702 W/ACodec  ( 1332): do not know color format 0x7f000789 = 2130708361
05-01 09:46:11.703 E/OMXNodeInstance( 1329): getConfig(5310017:google.mpeg4.encoder, ConfigAndroidIntraRefresh(0x6f60000a)) ERROR: Undefined(0x80001001)
05-01 09:46:11.780 I/MediaPlayerService( 1332): MediaPlayerService::getOMX
05-01 09:46:11.810 I/OMXClient( 1332): MuxOMX ctor
05-01 09:46:11.820 I/OMXMaster( 1329): makeComponentInstance(OMX.google.vp8.encoder) in mediacodec process
05-01 09:46:12.061 W/art     ( 1789): Suspending all threads took: 1.612s
05-01 09:46:12.069 I/StatusBarManagerService( 1789): registerStatusBar bar=com.android.internal.statusbar.IStatusBar$Stub$Proxy@5d94a80
05-01 09:46:12.080 D/ZenLog  ( 1789): set_zen_mode: off,readXml
05-01 09:46:12.087 D/ConditionProviders( 1789): Subscribing to condition://android/schedule?days=1.2.3.4.5&start=22.0&end=7.0&exitAtAlarm=false with ComponentInfo{android/com.android.server.notification.ScheduleConditionProvider}
05-01 09:46:12.088 D/ZenLog  ( 1789): subscribe: condition://android/schedule?days=1.2.3.4.5&start=22.0&end=7.0&exitAtAlarm=false,ok
05-01 09:46:12.088 D/ConditionProviders( 1789): Subscribing to condition://android/schedule?days=6.7&start=23.30&end=10.0&exitAtAlarm=false with ComponentInfo{android/com.android.server.notification.ScheduleConditionProvider}
05-01 09:46:12.089 D/ZenLog  ( 1789): subscribe: condition://android/schedule?days=6.7&start=23.30&end=10.0&exitAtAlarm=false,ok
05-01 09:46:12.089 D/ConditionProviders( 1789): Subscribing to condition://android/event?userId=-10000&calendar=&reply=1 with ComponentInfo{android/com.android.server.notification.EventConditionProvider}
05-01 09:46:12.200 D/ZenLog  ( 1789): subscribe: condition://android/event?userId=-10000&calendar=&reply=1,ok
05-01 09:46:12.450 W/art     ( 1789): Suspending all threads took: 9.314ms
05-01 09:46:12.511 D/PermissionCache( 1319): checking android.permission.READ_FRAME_BUFFER for uid=1000 => granted (3552 us)
05-01 09:46:12.525 D/gralloc ( 1319): Registering a buffer in the process that created it. This may cause memory ordering problems.
05-01 09:46:12.526 E/libEGL  ( 1319): called unimplemented OpenGL ES API
05-01 09:46:12.526 E/SurfaceFlinger( 1319): glCheckFramebufferStatusOES error -2017256314
05-01 09:46:12.527 E/SurfaceFlinger( 1319): got GL_FRAMEBUFFER_COMPLETE_OES error while taking screenshot
05-01 09:46:12.728 W/art     ( 1789): Long monitor contention with owner Binder:1789_1 (1815) at void com.android.server.am.ActivityManagerService.attachApplication(android.app.IApplicationThread)(ActivityManagerService.java:6669) waiters=0 in void com.android.server.am.ActivityManagerService$LocalService.notifyAppTransitionCancelled() for 477ms
05-01 09:46:12.798 W/System  ( 2227): ClassLoader referenced unknown path: /system/priv-app/Settings/lib/x86_64
05-01 09:46:12.804 W/System  ( 2209): ClassLoader referenced unknown path: /system/priv-app/TeleService/lib/x86_64
05-01 09:46:12.891 D/RttService( 1789): SCAN_AVAILABLE : 1
05-01 09:46:12.892 D/ZenLog  ( 1789): set_zen_mode: off,cleanUpZenRules
05-01 09:46:12.910 I/WifiScanningService( 1789): wifi driver unloaded
05-01 09:46:12.915 D/RttService( 1789): DefaultState got{ when=-24ms what=160513 target=com.android.internal.util.StateMachine$SmHandler }
05-01 09:46:13.019 W/System  ( 1789): ClassLoader referenced unknown path: /system/priv-app/Telecom/lib/x86_64
05-01 09:46:13.024 D/ApplicationLoaders( 1789): ignored Vulkan layer search path /system/priv-app/Telecom/lib/x86_64:/system/priv-app/Telecom/Telecom.apk!/lib/x86_64:/system/lib64:/vendor/lib64 for namespace 0x7ab856da01d0
05-01 09:46:13.121 I/Process ( 1789): Sending signal. PID: 2209 SIG: 3
05-01 09:46:13.122 I/art     ( 2209): Thread[3,tid=2219,WaitingInMainSignalCatcherLoop,Thread*=0x7ab852496400,peer=0x12c00af0,"Signal Catcher"]: reacting to signal 3
05-01 09:46:13.123 I/art     ( 2209): 
05-01 09:46:13.197 W/art     ( 2209): Suspending all threads took: 73.973ms
05-01 09:46:13.319 W/ACodec  ( 1332): do not know color format 0x7f000789 = 2130708361
05-01 09:46:13.321 E/OMXNodeInstance( 1329): getConfig(5310018:google.vp8.encoder, ConfigAndroidIntraRefresh(0x6f60000a)) ERROR: Undefined(0x80001001)
05-01 09:46:13.423 I/MediaPlayerService( 1332): MediaPlayerService::getOMX
05-01 09:46:13.488 I/OMXClient( 1332): MuxOMX ctor
05-01 09:46:13.510 I/MediaPlayerService( 1332): MediaPlayerService::getOMX
05-01 09:46:13.528 I/OMXClient( 1332): MuxOMX ctor
05-01 09:46:13.529 W/MediaCodecList( 1332): unable to open media codecs configuration xml file: /data/misc/media/media_codecs_profiling_results.xml
05-01 09:46:13.549 I/MediaPlayerService( 1332): MediaPlayerService::getOMX
05-01 09:46:13.561 I/MediaPlayerService( 1332): MediaPlayerService::getOMX
05-01 09:46:13.565 I/OMXClient( 2015): MuxOMX ctor
05-01 09:46:13.566 I/OMXClient( 1789): MuxOMX ctor
05-01 09:46:13.593 I/OMXMaster( 1329): makeComponentInstance(OMX.google.vorbis.decoder) in mediacodec process
05-01 09:46:14.021 I/art     ( 2209): Wrote stack traces to '/data/anr/traces.txt'
05-01 09:46:14.051 I/OMXMaster( 1329): makeComponentInstance(OMX.google.vorbis.decoder) in mediacodec process
05-01 09:46:14.113 E/BluetoothAdapter( 1789): Bluetooth binder is null
05-01 09:46:14.270 I/Telecom ( 1789): SystemStateProvider: Registering car mode receiver: android.content.IntentFilter@cb5e086: TS.init@AAA
05-01 09:46:15.365 I/Telecom ( 1789): Telecom: Non-call EVENT: AUDIO_ROUTE, Entering state QuiescentEarpieceRoute
05-01 09:46:15.564 I/Telecom ( 1789): CallAudioModeStateMachine: Message received: null.: TS.init->CAMSM.pM_1@AAA_0
05-01 09:46:15.588 I/Process ( 1789): Sending signal. PID: 2015 SIG: 3
05-01 09:46:15.589 I/art     ( 2015): Thread[3,tid=2029,WaitingInMainSignalCatcherLoop,Thread*=0x7ab852496400,peer=0x12c005e0,"Signal Catcher"]: reacting to signal 3
05-01 09:46:15.600 I/art     ( 2015): 
05-01 09:46:15.691 W/art     ( 2015): Suspending all threads took: 87.618ms
05-01 09:46:15.701 E/BluetoothAdapter( 1789): Bluetooth binder is null
05-01 09:46:15.705 E/ActivityThread( 1789): Failed to find provider info for call_log
05-01 09:46:15.769 I/Telecom ( 1789): Class: TelecomSystem.INSTANCE being set
05-01 09:46:15.800 E/BluetoothAdapter( 1789): Bluetooth binder is null
05-01 09:46:15.881 W/ContextImpl( 1789): Calling a method in the system process without a qualified user: android.app.ContextImpl.startService:1357 com.android.server.content.SyncManager$13.run:658 android.os.Handler.handleCallback:751 android.os.Handler.dispatchMessage:95 android.os.Looper.loop:154 
05-01 09:46:16.095 I/MediaPlayerService( 1332): MediaPlayerService::getOMX
05-01 09:46:16.106 I/OMXClient( 2015): MuxOMX ctor
05-01 09:46:16.125 I/OMXMaster( 1329): makeComponentInstance(OMX.google.vorbis.decoder) in mediacodec process
05-01 09:46:16.834 W/        ( 1267): debuggerd: handling request: pid=1319 uid=1000 gid=1003 tid=1319
05-01 09:46:17.094 W/System  ( 1789): ClassLoader referenced unknown path: /system/priv-app/FusedLocation/lib/x86_64
05-01 09:46:17.149 D/ApplicationLoaders( 1789): ignored Vulkan layer search path /system/priv-app/FusedLocation/lib/x86_64:/system/priv-app/FusedLocation/FusedLocation.apk!/lib/x86_64:/system/lib64:/vendor/lib64 for namespace 0x7ab856da0240
05-01 09:46:17.346 D/GpsNetInitiatedHandler( 1789): location enabled :true
05-01 09:46:17.347 V/WiredAccessoryManager( 1789): notifyWiredAccessoryChanged: when=0 bits= mask=54
05-01 09:46:17.347 V/WiredAccessoryManager( 1789): newName=h2w newState=0 headsetState=0 prev headsetState=0
05-01 09:46:17.348 E/WiredAccessoryManager( 1789): No state change.
05-01 09:46:17.348 V/WiredAccessoryManager( 1789): init()
05-01 09:46:17.585 D/ConditionProviders.SCP( 1789): onSubscribe condition://android/schedule?days=1.2.3.4.5&start=22.0&end=7.0&exitAtAlarm=false
05-01 09:46:17.589 D/ConditionProviders.SCP( 1789): setRegistered true
05-01 09:46:17.603 W/        ( 1267): debuggerd: resuming target 1319
05-01 09:46:17.606 W/        ( 1267): debuggerd: handling request: pid=1324 uid=1041 gid=1005 tid=1324
05-01 09:46:17.732 W/        ( 1266): debuggerd: handling request: pid=1324 uid=1041 gid=1005 tid=1324
05-01 09:46:17.790 I/MediaPlayerService( 1332): MediaPlayerService::getOMX
05-01 09:46:17.792 I/OMXClient( 2015): MuxOMX ctor
05-01 09:46:17.797 I/OMXMaster( 1329): makeComponentInstance(OMX.google.vorbis.decoder) in mediacodec process
05-01 09:46:18.283 W/        ( 1266): debuggerd: resuming target 1324
05-01 09:46:18.285 W/        ( 1267): debuggerd: handling request: pid=1325 uid=1047 gid=1005 tid=1325
05-01 09:46:18.287 W/        ( 1266): debuggerd: handling request: pid=1325 uid=1047 gid=1005 tid=1325
05-01 09:46:18.456 W/        ( 1266): debuggerd: resuming target 1325
05-01 09:46:18.459 W/        ( 1267): debuggerd: handling request: pid=1326 uid=1019 gid=1019 tid=1326
05-01 09:46:18.591 W/        ( 1266): debuggerd: handling request: pid=1326 uid=1019 gid=1019 tid=1326
05-01 09:46:18.839 W/        ( 1266): debuggerd: resuming target 1326
05-01 09:46:18.861 W/        ( 1267): debuggerd: handling request: pid=1329 uid=1046 gid=1006 tid=1329
05-01 09:46:18.863 W/        ( 1266): debuggerd: handling request: pid=1329 uid=1046 gid=1006 tid=1329
05-01 09:46:19.105 W/        ( 1266): debuggerd: resuming target 1329
05-01 09:46:19.107 W/        ( 1267): debuggerd: handling request: pid=1330 uid=1013 gid=1031 tid=1330
05-01 09:46:19.109 W/        ( 1266): debuggerd: handling request: pid=1330 uid=1013 gid=1031 tid=1330
05-01 09:46:19.132 I/LatinIME:LogUtils( 2009): Dictionary info: dictionary = main:en ; version = 54 ; date = 1414726273
05-01 09:46:19.396 W/        ( 1266): debuggerd: resuming target 1330
05-01 09:46:19.399 W/        ( 1267): debuggerd: handling request: pid=1331 uid=1040 gid=1026 tid=1331
05-01 09:46:19.411 W/        ( 1266): debuggerd: handling request: pid=1331 uid=1040 gid=1026 tid=1331
05-01 09:46:19.569 I/art     ( 2015): Wrote stack traces to '/data/anr/traces.txt'
05-01 09:46:19.589 W/GnssLocationProvider( 1789): Could not open GPS configuration file /etc/gps.conf
05-01 09:46:19.601 D/ConditionProviders.SCP( 1789): notifyCondition condition://android/schedule?days=1.2.3.4.5&start=22.0&end=7.0&exitAtAlarm=false STATE_FALSE reason=!meetsSchedule
05-01 09:46:19.634 D/ConditionProviders.SCP( 1789): Scheduling evaluate for Sat May 01 22:00:00 UTC 2021 (1619906400000), in +12h13m40s865ms, now=Sat May 01 09:46:19 UTC 2021 (1619862379135)
05-01 09:46:19.635 D/ConditionProviders.SCP( 1789): onSubscribe condition://android/schedule?days=6.7&start=23.30&end=10.0&exitAtAlarm=false
05-01 09:46:19.637 D/ConditionProviders.SCP( 1789): notifyCondition condition://android/schedule?days=6.7&start=23.30&end=10.0&exitAtAlarm=false STATE_TRUE reason=meetsSchedule
05-01 09:46:19.638 D/ConditionProviders.SCP( 1789): notifyCondition condition://android/schedule?days=1.2.3.4.5&start=22.0&end=7.0&exitAtAlarm=false STATE_FALSE reason=!meetsSchedule
05-01 09:46:19.731 D/ConditionProviders.SCP( 1789): Scheduling evaluate for Sat May 01 10:00:00 UTC 2021 (1619863200000), in +13m40s364ms, now=Sat May 01 09:46:19 UTC 2021 (1619862379636)
05-01 09:46:19.739 I/Telecom ( 1789): WiredHeadsetManager: ACTION_HEADSET_PLUG event, plugged in: false, : WHC.oADA@AAE
05-01 09:46:19.804 I/ActivityManager( 1789): user 0 is still locked. Cannot load recents
05-01 09:46:19.990 W/        ( 1266): debuggerd: resuming target 1331
05-01 09:46:20.003 W/        ( 1267): debuggerd: handling request: pid=1332 uid=1013 gid=1005 tid=1332
05-01 09:46:20.014 W/        ( 1266): debuggerd: handling request: pid=1332 uid=1013 gid=1005 tid=1332
05-01 09:46:20.395 W/        ( 1266): debuggerd: resuming target 1332
05-01 09:46:20.401 W/        ( 1267): debuggerd: handling request: pid=2075 uid=1023 gid=1023 tid=2075
05-01 09:46:20.600 W/        ( 1267): debuggerd: resuming target 2075
05-01 09:46:20.621 W/        ( 1267): debuggerd: handling request: pid=2138 uid=1023 gid=1023 tid=2138
05-01 09:46:20.866 W/        ( 1267): debuggerd: resuming target 2138
05-01 09:46:21.499 W/WindowManager( 1789): App freeze timeout expired.
05-01 09:46:21.499 W/WindowManager( 1789): Force clearing freeze: AppWindowToken{99ca305 token=Token{ef5b16f ActivityRecord{87e8c4e u0 com.android.settings/.FallbackHome t1}}}
05-01 09:46:21.631 E/GnssLocationProvider( 1789): no AGPS interface in set_agps_server
05-01 09:46:21.753 I/WindowManager( 1789): Screen frozen for +9s580ms due to Window{15e62c4 u0 KeyguardScrim}
05-01 09:46:22.364 I/art     ( 2015): Background sticky concurrent mark sweep GC freed 18286(2MB) AllocSpace objects, 2(40KB) LOS objects, 30% free, 7MB/10MB, paused 22.810ms total 332.544ms
05-01 09:46:24.060 W/art     ( 1789): Suspending all threads took: 155.514ms
05-01 09:46:24.207 I/art     ( 1789): Background sticky concurrent mark sweep GC freed 26772(2MB) AllocSpace objects, 8(192KB) LOS objects, 15% free, 14MB/16MB, paused 160.554ms total 2.871s
05-01 09:46:24.230 D/AccessibilityManagerService( 1789): Ignoring non-encryption-aware service ComponentInfo{com.example.android.apis/com.example.android.apis.accessibility.ClockBackService}
05-01 09:46:24.231 D/AccessibilityManagerService( 1789): Ignoring non-encryption-aware service ComponentInfo{com.example.android.apis/com.example.android.apis.accessibility.MagnificationService}
05-01 09:46:24.231 D/AccessibilityManagerService( 1789): Ignoring non-encryption-aware service ComponentInfo{com.example.android.apis/com.example.android.apis.accessibility.TaskBackService}
05-01 09:46:24.389 W/VibratorService( 1789): Tried to stop vibrating but there is no vibrator device.
05-01 09:46:24.518 D/ZenLog  ( 1789): config: conditionChanged,ZenModeConfig[user=0,allowCalls=true,allowRepeatCallers=false,allowMessages=false,allowCallsFrom=contacts,allowMessagesFrom=contacts,allowReminders=true,allowEvents=true,allowWhenScreenOff=true,allowWhenScreenOn=true,automaticRules={370bd6672ef541ba946db9ac4aef0faf=ZenRule[enabled=false,snoozing=false,name=Weeknight,zenMode=ZEN_MODE_ALARMS,conditionId=condition://android/schedule?days=1.2.3.4.5&start=22.0&end=7.0&exitAtAlarm=false,condition=Condition[id=condition://android/schedule?days=1.2.3.4.5&start=22.0&end=7.0&exitAtAlarm=false,summary=...,line1=...,line2=...,icon=0,state=STATE_FALSE,flags=2],component=ComponentInfo{android/com.android.server.notification.ScheduleConditionProvider},id=370bd6672ef541ba946db9ac4aef0faf,creationTime=1590622727817,enabler=null], a53ffdf89c814123a52adbdd46bc948d=ZenRule[enabled=false,snoozing=false,name=Weekend,zenMode=ZEN_MODE_ALARMS,conditionId=condition://android/schedule?days=6.7&start=23.30&end=10.0&exitAtAlarm=false,condition=Condition[id=condition://android/schedule?days=6.7&start=23.30&end=10.0&exitAtAlarm=false,summary=...,line1=...,line2=...,icon=0,state=STATE_TRUE,flags=2],component=ComponentInfo{android/com.android.server.notification.ScheduleConditionProvider},id=a53ffdf89c814123a52adbdd46bc948d,creationTime=1590622727818,enabler=null], fc8bb1aacabb4877a1d1d167106f6e77=ZenRule[enabled=false,snoozing=false,name=Event,zenMode=ZEN_MODE_ALARMS,conditionId=condition://android/event?userId=-10000&calendar=&reply=1,condition=Condition[id=condition://android/event?userId=-10000&calendar=&reply=1,summary=...,line1=...,line2=...,icon=0,state=STATE_FALSE,flags=2],component=ComponentInfo{android/com.android.server.notification.EventConditionProvider},id=fc8bb1aacabb4877a1d1d167106f6e77,creationTime=1590622727822,enabler=null]},manualRule=null],Diff[automaticRule[a53ffdf89c814123a52adbdd46bc948d].condition:Condition[id=condition://android/schedule?days=6.7&start=23.30&end=10.0&exitAtAlarm=false,summary=...,line1=...,line2=...,icon=0,state=STATE_FALSE,flags=2]->Condition[id=condition://android/schedule?days=6.7&start=23.30&end=10.0&exitAtAlarm=false,summary=...,line1=...,line2=...,icon=0,state=STATE_TRUE,flags=2]]
05-01 09:46:24.810 I/art     ( 1789): Starting a blocking GC Explicit
05-01 09:46:25.025 W/ProcessCpuTracker( 1789): Skipping unknown process pid 2315
05-01 09:46:25.501 W/ProcessCpuTracker( 1789): Skipping unknown process pid 2337
05-01 09:46:25.557 W/ProcessCpuTracker( 1789): Skipping unknown process pid 2333
05-01 09:46:25.559 W/ProcessCpuTracker( 1789): Skipping unknown process pid 2336
05-01 09:46:25.822 D/ZenLog  ( 1789): set_zen_mode: off,conditionChanged
05-01 09:46:25.934 W/System  ( 2015): ClassLoader referenced unknown path: 
05-01 09:46:25.935 W/System  ( 2015): ClassLoader referenced unknown path: /system/priv-app/Dialer/lib/x86_64
05-01 09:46:25.938 D/ApplicationLoaders( 2015): ignored Vulkan layer search path /system/priv-app/Dialer/lib/x86_64:/system/lib64:/vendor/lib64 for namespace 0x7ab856d900f0
05-01 09:46:26.251 W/art     ( 1789): Long monitor contention with owner Binder:1789_1 (1815) at void java.lang.Throwable$WrappedPrintWriter.println(java.lang.Object)(Throwable.java:755) waiters=0 in com.android.server.wallpaper.WallpaperManagerService$WallpaperData com.android.server.wallpaper.WallpaperManagerService$WallpaperObserver.dataForEvent(boolean, boolean) for 150ms
05-01 09:46:26.702 E/BluetoothAdapter( 2015): Bluetooth binder is null
05-01 09:46:26.708 E/ActivityManager( 1789): ANR in system
05-01 09:46:26.708 E/ActivityManager( 1789): PID: 1789
05-01 09:46:26.708 E/ActivityManager( 1789): Reason: executing service com.android.server.telecom/.components.TelecomService
05-01 09:46:26.708 E/ActivityManager( 1789): Load: 10.06 / 3.94 / 1.48
05-01 09:46:26.708 E/ActivityManager( 1789): CPU usage from 3555ms to -16110ms ago (2021-05-01 09:46:06.787 to 2021-05-01 09:46:26.452):
05-01 09:46:26.708 E/ActivityManager( 1789):   47% 1319/surfaceflinger: 26% user + 20% kernel / faults: 72 minor
05-01 09:46:26.708 E/ActivityManager( 1789):   46% 1401/bootanimation: 24% user + 22% kernel
05-01 09:46:26.708 E/ActivityManager( 1789):   29% 1789/system_server: 10% user + 19% kernel / faults: 3811 minor 41 major
05-01 09:46:26.708 E/ActivityManager( 1789):   16% 2015/com.android.systemui: 5.9% user + 10% kernel / faults: 4823 minor 27 major
05-01 09:46:26.708 E/ActivityManager( 1789):   14% 1329/media.codec: 5.9% user + 8.5% kernel / faults: 6456 minor 15 major
05-01 09:46:26.708 E/ActivityManager( 1789):   4.7% 8/rcu_preempt: 0% user + 4.7% kernel
05-01 09:46:26.708 E/ActivityManager( 1789):   2.5% 1321/adbd: 0.2% user + 2.3% kernel / faults: 1133 minor
05-01 09:46:26.708 E/ActivityManager( 1789):   1.2% 1331/media.extractor: 0.4% user + 0.7% kernel / faults: 93 minor
05-01 09:46:26.708 E/ActivityManager( 1789):   1.2% 1332/mediaserver: 0.4% user + 0.7% kernel / faults: 73 minor
05-01 09:46:26.708 E/ActivityManager( 1789):   1% 2009/com.android.inputmethod.latin: 0.1% user + 0.8% kernel / faults: 394 minor
05-01 09:46:26.708 E/ActivityManager( 1789):   0.7% 1263/jbd2/vdc-8: 0% user + 0.7% kernel
05-01 09:46:26.708 E/ActivityManager( 1789):   0.1% 1267/debuggerd64: 0% user + 0.1% kernel / faults: 101 minor
05-01 09:46:26.708 E/ActivityManager( 1789):   0.7% 1318/servicemanager: 0.1% user + 0.6% kernel
05-01 09:46:26.708 E/ActivityManager( 1789):   0.3% 1322/zygote64: 0% user + 0.2% kernel / faults: 328 minor
05-01 09:46:26.708 E/ActivityManager( 1789):   0.1% 1266/debuggerd: 0% user + 0% kernel / faults: 181 minor
05-01 09:46:26.708 E/ActivityManager( 1789):   0.4% 1253/kworker/0:1H: 0% user + 0.4% kernel
05-01 09:46:26.708 E/ActivityManager( 1789):   0.3% 1356/logcat: 0% user + 0.2% kernel
05-01 09:46:26.708 E/ActivityManager( 1789):   0.3% 1265/logd: 0.1% user + 0.2% kernel / faults: 17 minor
05-01 09:46:26.708 E/ActivityManager( 1789):   0.3% 1324/audioserver: 0.2% user + 0.1% kernel / faults: 38 minor
05-01 09:46:26.708 E/ActivityManager( 1789):   0.3% 1334/netd: 0% user + 0.3% kernel / faults: 51 minor
05-01 09:46:26.708 E/ActivityManager( 1789):   0.2% 17/kworker/u4:1: 0% user + 0.2% kernel
05-01 09:46:26.708 E/ActivityManager( 1789):   0.1% 12/ksoftirqd/1: 0% user + 0.1% kernel
05-01 09:46:26.708 E/ActivityManager( 1789):   0.1% 1328/keystore: 0% user + 0.1% kernel
05-01 09:46:26.708 E/ActivityManager( 1789):   0.1% 3/ksoftirqd/0: 0% user + 0.1% kernel
05-01 09:46:26.708 E/ActivityManager( 1789):   0% 1325/cameraserver: 0% user + 0% kernel / faults: 65 minor
05-01 09:46:26.708 E/ActivityManager( 1789):   0% 13/kworker/1:0: 0% user + 0% kernel
05-01 09:46:26.708 E/ActivityManager( 1789):   0% 809/kworker/0:2: 0% user + 0% kernel
05-01 09:46:26.708 E/ActivityManager( 1789):   0% 1326/drmserver: 0% user + 0% kernel / faults: 19 minor
05-01 09:46:26.708 E/ActivityManager( 1789):   0% 2075/sdcard: 0% user + 0% kernel / faults: 7 minor
05-01 09:46:26.708 E/ActivityManager( 1789):  +0% 2209/com.android.phone: 0% user + 0% kernel
05-01 09:46:26.708 E/ActivityManager( 1789):  +0% 2227/com.android.settings: 0% user + 0% kernel
05-01 09:46:26.708 E/ActivityManager( 1789):  +0% 2345/sh: 0% user + 0% kernel
05-01 09:46:26.708 E/ActivityManager( 1789): 100% TOTAL: 41% user + 57% kernel + 0.8% softirq
05-01 09:46:26.708 E/ActivityManager( 1789): CPU usage from 14685ms to 15778ms later (2021-05-01 09:46:25.028 to 2021-05-01 09:46:26.120):
05-01 09:46:26.708 E/ActivityManager( 1789):   55% 1319/surfaceflinger: 28% user + 26% kernel
05-01 09:46:26.708 E/ActivityManager( 1789):     26% 1319/surfaceflinger: 15% user + 11% kernel
05-01 09:46:26.708 E/ActivityManager( 1789):     10% 1385/DispSync: 0% user + 10% kernel
05-01 09:46:26.708 E/ActivityManager( 1789):     10% 1392/EventThread: 3.3% user + 7.5% kernel
05-01 09:46:26.708 E/ActivityManager( 1789):     7.5% 1391/POSIX timer 1: 0% user + 7.5% kernel
05-01 09:46:26.708 E/ActivityManager( 1789):     0.8% 1390/EventThread: 0% user + 0.8% kernel
05-01 09:46:26.708 E/ActivityManager( 1789):   62% 1401/bootanimation: 27% user + 35% kernel
05-01 09:46:26.708 E/ActivityManager( 1789):     58% 1528/BootAnimation: 26% user + 32% kernel
05-01 09:46:26.708 E/ActivityManager( 1789):   47% 1789/system_server: 6.4% user + 41% kernel / faults: 113 minor
05-01 09:46:26.708 E/ActivityManager( 1789):     11% 1797/Signal Catcher: 3.8% user + 7.7% kernel
05-01 09:46:26.708 E/ActivityManager( 1789):     9% 1842/ActivityManager: 0% user + 9% kernel
05-01 09:46:26.708 E/ActivityManager( 1789):     5.1% 1789/system_server: 2.5% user + 2.5% kernel
05-01 09:46:26.708 E/ActivityManager( 1789):     3.8% 1815/Binder:1789_1: 2.5% user + 1.2% kernel
05-01 09:46:26.708 E/ActivityManager( 1789):     2.5% 1816/Binder:1789_2: 0% user + 2.5% kernel
05-01 09:46:26.708 E/ActivityManager( 1789):     2.5% 1988/AudioService: 0% user + 2.5% kernel
05-01 09:46:26.708 E/ActivityManager( 1789):     2.5% 2271/Binder:1789_7: 1.2% user + 1.2% kernel
05-01 09:46:26.708 E/ActivityManager( 1789):     1.2% 1841/android.bg: 0% user + 1.2% kernel
05-01 09:46:26.708 E/ActivityManager( 1789):     1.2% 1939/SettingsProvide: 0% user + 1.2% kernel
05-01 09:46:26.708 E/ActivityManager( 1789):     1.2% 2027/Binder:1789_3: 1.2% user + 0% kernel
05-01 09:46:26.708 E/ActivityManager( 1789):     1.2% 2269/Binder:1789_6: 0% user + 1.2% kernel
05-01 09:46:26.708 E/ActivityManager( 1789):   21% 2015/com.android.systemui: 8.9% user + 12% kernel / faults: 417 minor 1 major
05-01 09:46:26.708 E/ActivityManager( 1789):     16% 2015/ndroid.systemui: 7.8% user + 8.9% kernel
05-01 09:46:26.708 E/ActivityManager( 1789):     3.3% 2039/Binder:2015_1: 2.2% user + 1.1% kernel
05-01 09:46:26.708 E/ActivityManager( 1789):    +0% 2344/PhoneStatusBar: 0% user + 0% kernel
05-01 09:46:26.708 E/ActivityManager( 1789):   8.3% 8/rcu_preempt: 0% user + 8.3% kernel
05-01 09:46:26.708 E/ActivityManager( 1789):   2.5% 1321/adbd: 0% user + 2.5% kernel / faults: 18 minor
05-01 09:46:26.708 E/ActivityManager( 1789):     1.6% 1340/->host-9: 0% user + 1.6% kernel
05-01 09:46:26.708 E/ActivityManager( 1789):   0.8% 1253/kworker/0:1H: 0% user + 0.8% kernel
05-01 09:46:26.708 E/ActivityManager( 1789):   0.8% 1263/jbd2/vdc-8: 0% user + 0.8% kernel
05-01 09:46:26.708 E/ActivityManager( 1789):   0.4% 1318/servicemanager: 0% user + 0.4% kernel
05-01 09:46:26.708 E/ActivityManager( 1789): 100% TOTAL: 40% user + 58% kernel + 1.3% softirq
05-01 09:46:27.174 I/CameraManagerGlobal( 2015): Connecting to camera service
05-01 09:46:27.296 V/EmulatedCamera_Camera( 1325): getCameraInfo
05-01 09:46:27.297 V/EmulatedCamera_BaseCamera( 1325): getCameraInfo
05-01 09:46:27.298 I/CameraService( 1325): getCameraCharacteristics: Switching to HAL1 shim implementation...
05-01 09:46:27.298 V/EmulatedCamera_Camera( 1325): getCameraInfo
05-01 09:46:27.298 V/EmulatedCamera_BaseCamera( 1325): getCameraInfo
05-01 09:46:27.313 I/CameraService( 1325): CameraService::connect call (PID -1 "cameraserver", camera ID 0) for HAL version default and Camera API version 1
05-01 09:46:27.318 E/CameraService( 1325): getCameraPriorityFromProcState: Received invalid process state -1 from ActivityManagerService!
05-01 09:46:27.319 V/EmulatedCamera_Camera( 1325): getCameraInfo
05-01 09:46:27.319 V/EmulatedCamera_BaseCamera( 1325): getCameraInfo
05-01 09:46:27.436 E/WVMExtractor( 1332): Failed to open libwvm.so: dlopen failed: library "libwvm.so" not found
05-01 09:46:27.498 W/art     ( 1789): Long monitor contention with owner AsyncTask #1 (1989) at void android.os.MessageQueue.nativeWake(long)(MessageQueue.java:-2) waiters=0 in android.os.Message android.os.MessageQueue.next() for 1.224s
05-01 09:46:27.523 I/GnssLocationProvider( 1789): WakeLock released by handleMessage(13, 0, null)
05-01 09:46:27.525 W/art     ( 1789): Long monitor contention with owner ActivityManager (1842) at void com.android.server.am.AppErrors.appNotResponding(com.android.server.am.ProcessRecord, com.android.server.am.ActivityRecord, com.android.server.am.ActivityRecord, boolean, java.lang.String)(AppErrors.java:884) waiters=0 in java.lang.String com.android.server.am.ActivityManagerService.checkContentProviderAccess(java.lang.String, int) for 768ms
05-01 09:46:27.538 W/art     ( 1789): Long monitor contention with owner AsyncTask #1 (1989) at void android.os.MessageQueue.nativeWake(long)(MessageQueue.java:-2) waiters=1 in void android.os.MessageQueue.removeMessages(android.os.Handler, int, java.lang.Object) for 781ms
05-01 09:46:27.581 W/BroadcastQueue( 1789): Timeout of broadcast BroadcastRecord{7a6bc1 u-1 android.intent.action.TIME_TICK} - receiver=android.os.BinderProxy@805fe62, started 11558ms ago
05-01 09:46:27.582 W/BroadcastQueue( 1789): Receiver during timeout: BroadcastFilter{75c60b0 u0 ReceiverList{fdb5bf3 2015 com.android.systemui/10021/u0 remote:805fe62}}
05-01 09:46:27.663 D/NuPlayerDriver( 1332): notifyListener_l(0xf120c0c0), (1, 0, 0), loop setting(0, 0)
05-01 09:46:27.761 E/GnssLocationProvider( 1789): no AGPS interface in set_agps_server
05-01 09:46:27.788 D/NuPlayerDriver( 1332): notifyListener_l(0xf2a28c00), (1, 0, 0), loop setting(0, 0)
05-01 09:46:27.975 I/GnssLocationProvider( 1789): WakeLock released by handleMessage(2, 1, null)
05-01 09:46:28.018 D/NuPlayerDriver( 1332): notifyListener_l(0xf2a28de0), (1, 0, 0), loop setting(0, 0)
05-01 09:46:28.100 I/CameraFlashlight( 1325): Opening camera 0
05-01 09:46:28.100 V/EmulatedCamera_Camera( 1325): getCameraInfo
05-01 09:46:28.101 V/EmulatedCamera_BaseCamera( 1325): getCameraInfo
05-01 09:46:28.101 V/EmulatedCamera_Camera( 1325): connectCamera
05-01 09:46:28.101 V/EmulatedCamera_FakeDevice( 1325): connectDevice
05-01 09:46:28.101 V/EmulatedCamera_CallbackNotifier( 1325): setCallbacks: 0xeab24e80, 0xeab24ed0, 0xeab24ff0, 0xeab25110 (0xea1901e0)
05-01 09:46:28.101 V/EmulatedCamera_CallbackNotifier( 1325): enableMessage: msg_type = 0xc0d
05-01 09:46:28.101 V/EmulatedCamera_CallbackNotifier( 1325):     CAMERA_MSG_ERROR
05-01 09:46:28.102 V/EmulatedCamera_CallbackNotifier( 1325):     CAMERA_MSG_FOCUS
05-01 09:46:28.102 V/EmulatedCamera_CallbackNotifier( 1325):     CAMERA_MSG_ZOOM
05-01 09:46:28.102 V/EmulatedCamera_CallbackNotifier( 1325):     CAMERA_MSG_PREVIEW_METADATA
05-01 09:46:28.102 V/EmulatedCamera_CallbackNotifier( 1325): **** Currently enabled messages:
05-01 09:46:28.102 V/EmulatedCamera_CallbackNotifier( 1325):     CAMERA_MSG_ERROR
05-01 09:46:28.102 V/EmulatedCamera_CallbackNotifier( 1325):     CAMERA_MSG_FOCUS
05-01 09:46:28.102 V/EmulatedCamera_CallbackNotifier( 1325):     CAMERA_MSG_ZOOM
05-01 09:46:28.102 V/EmulatedCamera_CallbackNotifier( 1325):     CAMERA_MSG_PREVIEW_METADATA
05-01 09:46:28.105 V/EmulatedCamera_CallbackNotifier( 1325): disableMessage: msg_type = 0xffff
05-01 09:46:28.105 V/EmulatedCamera_CallbackNotifier( 1325):     CAMERA_MSG_ERROR
05-01 09:46:28.105 V/EmulatedCamera_CallbackNotifier( 1325):     CAMERA_MSG_SHUTTER
05-01 09:46:28.106 V/EmulatedCamera_CallbackNotifier( 1325):     CAMERA_MSG_FOCUS
05-01 09:46:28.106 V/EmulatedCamera_CallbackNotifier( 1325):     CAMERA_MSG_ZOOM
05-01 09:46:28.106 V/EmulatedCamera_CallbackNotifier( 1325):     CAMERA_MSG_PREVIEW_FRAME
05-01 09:46:28.106 V/EmulatedCamera_CallbackNotifier( 1325):     CAMERA_MSG_VIDEO_FRAME
05-01 09:46:28.106 V/EmulatedCamera_CallbackNotifier( 1325):     CAMERA_MSG_POSTVIEW_FRAME
05-01 09:46:28.106 V/EmulatedCamera_CallbackNotifier( 1325):     CAMERA_MSG_RAW_IMAGE
05-01 09:46:28.106 V/EmulatedCamera_CallbackNotifier( 1325):     CAMERA_MSG_COMPRESSED_IMAGE
05-01 09:46:28.106 V/EmulatedCamera_CallbackNotifier( 1325):     CAMERA_MSG_RAW_IMAGE_NOTIFY
05-01 09:46:28.106 V/EmulatedCamera_CallbackNotifier( 1325):     CAMERA_MSG_PREVIEW_METADATA
05-01 09:46:28.106 V/EmulatedCamera_CallbackNotifier( 1325): **** Currently enabled messages:
05-01 09:46:28.106 V/EmulatedCamera_Preview( 1325): setPreviewWindow: current: 0x0 -> new: 0x0
05-01 09:46:28.106 V/EmulatedCamera_Camera( 1325): doStopPreview
05-01 09:46:28.108 V/EmulatedCamera_Camera( 1325): cancelPicture
05-01 09:46:28.108 V/EmulatedCamera_Camera( 1325): releaseCamera
05-01 09:46:28.108 V/EmulatedCamera_Camera( 1325): doStopPreview
05-01 09:46:28.108 V/EmulatedCamera_FakeDevice( 1325): disconnectDevice
05-01 09:46:28.108 W/EmulatedCamera_Device( 1325): Initialize: Emulated camera device is already initialized: mState = 1
05-01 09:46:28.108 D/EmulatedCamera_FakeCamera( 1325): Initialize: Fake camera is facing back
