05-22 15:40:31.824 W/BroadcastQueue( 2157): 	at android.os.BinderProxy.transact(Binder.java:615)
05-22 15:40:31.824 W/BroadcastQueue( 2157): 	at android.app.ApplicationThreadProxy.scheduleRegisteredReceiver(ApplicationThreadNative.java:1201)
05-22 15:40:31.824 W/BroadcastQueue( 2157): 	at com.android.server.am.BroadcastQueue.performReceiveLocked(BroadcastQueue.java:474)
05-22 15:40:31.824 W/BroadcastQueue( 2157): 	at com.android.server.am.BroadcastQueue.deliverToRegisteredReceiverLocked(BroadcastQueue.java:666)
05-22 15:40:31.824 W/BroadcastQueue( 2157): 	at com.android.server.am.BroadcastQueue.processNextBroadcast(BroadcastQueue.java:787)
05-22 15:40:31.824 W/BroadcastQueue( 2157): 	at com.android.server.am.BroadcastQueue$BroadcastHandler.handleMessage(BroadcastQueue.java:172)
05-22 15:40:31.824 W/BroadcastQueue( 2157): 	at android.os.Handler.dispatchMessage(Handler.java:102)
05-22 15:40:31.824 W/BroadcastQueue( 2157): 	at android.os.Looper.loop(Looper.java:154)
05-22 15:40:31.824 W/BroadcastQueue( 2157): 	at android.os.HandlerThread.run(HandlerThread.java:61)
05-22 15:40:31.824 W/BroadcastQueue( 2157): 	at com.android.server.ServiceThread.run(ServiceThread.java:46)
05-22 15:40:31.870 W/VibratorService( 2157): Tried to stop vibrating but there is no vibrator device.
05-22 15:40:31.992 E/JavaBinder( 2157): !!! FAILED BINDER TRANSACTION !!!  (parcel size = 96)
05-22 15:40:32.024 E/JavaBinder( 2157): !!! FAILED BINDER TRANSACTION !!!  (parcel size = 96)
05-22 15:40:32.025 E/JavaBinder( 2157): !!! FAILED BINDER TRANSACTION !!!  (parcel size = 96)
05-22 15:40:32.025 E/JavaBinder( 2157): !!! FAILED BINDER TRANSACTION !!!  (parcel size = 96)
05-22 15:40:32.026 E/JavaBinder( 2157): !!! FAILED BINDER TRANSACTION !!!  (parcel size = 96)
05-22 15:40:32.027 E/JavaBinder( 2157): !!! FAILED BINDER TRANSACTION !!!  (parcel size = 96)
05-22 15:40:32.027 E/JavaBinder( 2157): !!! FAILED BINDER TRANSACTION !!!  (parcel size = 96)
05-22 15:40:32.028 E/JavaBinder( 2157): !!! FAILED BINDER TRANSACTION !!!  (parcel size = 96)
05-22 15:40:32.028 E/JavaBinder( 2157): !!! FAILED BINDER TRANSACTION !!!  (parcel size = 124)
05-22 15:40:32.147 W/WindowManager( 2157): Timeout waiting for drawn: undrawn=[Window{86b7dab u0 KeyguardScrim}]
05-22 15:40:32.249 I/Choreographer( 2157): Skipped 67 frames!  The application may be doing too much work on its main thread.
05-22 15:40:32.251 E/JavaBinder( 2157): !!! FAILED BINDER TRANSACTION !!!  (parcel size = 96)
05-22 15:40:32.431 E/JavaBinder( 2157): !!! FAILED BINDER TRANSACTION !!!  (parcel size = 456)
05-22 15:40:32.432 W/BroadcastQueue( 2157): Can't deliver broadcast to com.android.systemui (pid 2366). Crashing it.
05-22 15:40:32.433 E/JavaBinder( 2157): !!! FAILED BINDER TRANSACTION !!!  (parcel size = 124)
05-22 15:40:32.433 I/ActivityManager( 2157): Killing 2366:com.android.systemui/u0a21 (adj -800): scheduleCrash for 'can't deliver broadcast' failed
05-22 15:40:32.435 W/BroadcastQueue( 2157): Failure sending broadcast Intent { act=android.intent.action.SIM_STATE_CHANGED flg=0x4000010 (has extras) }
05-22 15:40:32.435 W/BroadcastQueue( 2157): android.os.DeadObjectException: Transaction failed on small parcel; remote process probably died
05-22 15:40:32.435 W/BroadcastQueue( 2157): 	at android.os.BinderProxy.transactNative(Native Method)
05-22 15:40:32.435 W/BroadcastQueue( 2157): 	at android.os.BinderProxy.transact(Binder.java:615)
05-22 15:40:32.435 W/BroadcastQueue( 2157): 	at android.app.ApplicationThreadProxy.scheduleRegisteredReceiver(ApplicationThreadNative.java:1201)
05-22 15:40:32.435 W/BroadcastQueue( 2157): 	at com.android.server.am.BroadcastQueue.performReceiveLocked(BroadcastQueue.java:474)
05-22 15:40:32.435 W/BroadcastQueue( 2157): 	at com.android.server.am.BroadcastQueue.deliverToRegisteredReceiverLocked(BroadcastQueue.java:666)
05-22 15:40:32.435 W/BroadcastQueue( 2157): 	at com.android.server.am.BroadcastQueue.processNextBroadcast(BroadcastQueue.java:787)
05-22 15:40:32.435 W/BroadcastQueue( 2157): 	at com.android.server.am.BroadcastQueue$BroadcastHandler.handleMessage(BroadcastQueue.java:172)
05-22 15:40:32.435 W/BroadcastQueue( 2157): 	at android.os.Handler.dispatchMessage(Handler.java:102)
05-22 15:40:32.435 W/BroadcastQueue( 2157): 	at android.os.Looper.loop(Looper.java:154)
05-22 15:40:32.435 W/BroadcastQueue( 2157): 	at android.os.HandlerThread.run(HandlerThread.java:61)
05-22 15:40:32.435 W/BroadcastQueue( 2157): 	at com.android.server.ServiceThread.run(ServiceThread.java:46)
05-22 15:40:32.511 W/ActivityManager( 2157): Slow operation: 72ms so far, now at startProcess: asking zygote to start proc
05-22 15:40:32.759 E/JavaBinder( 2157): !!! FAILED BINDER TRANSACTION !!!  (parcel size = 96)
05-22 15:40:32.768 E/JavaBinder( 2157): !!! FAILED BINDER TRANSACTION !!!  (parcel size = 96)
05-22 15:40:32.776 E/JavaBinder( 2157): !!! FAILED BINDER TRANSACTION !!!  (parcel size = 96)
05-22 15:40:32.811 W/ActivityManager( 2157): Slow operation: 373ms so far, now at startProcess: returned from zygote!
05-22 15:40:32.812 W/ActivityManager( 2157): Slow operation: 374ms so far, now at startProcess: done updating battery stats
05-22 15:40:32.812 W/ActivityManager( 2157): Slow operation: 374ms so far, now at startProcess: building log message
05-22 15:40:32.813 I/ActivityManager( 2157): Start proc 2723:com.android.cellbroadcastreceiver/u0a4 for broadcast com.android.cellbroadcastreceiver/.CellBroadcastReceiver
05-22 15:40:32.813 W/ActivityManager( 2157): Slow operation: 375ms so far, now at startProcess: starting to update pids map
05-22 15:40:32.813 W/ActivityManager( 2157): Slow operation: 375ms so far, now at startProcess: done updating pids map
05-22 15:40:32.813 W/ActivityManager( 2157): Slow operation: 377ms so far, now at startProcess: done starting proc!
05-22 15:40:32.814 W/art     ( 2157): Long monitor contention with owner ActivityManager (2192) at void com.android.server.am.BroadcastQueue.processNextBroadcast(boolean)(BroadcastQueue.java:760) waiters=0 in android.content.Intent com.android.server.am.ActivityManagerService.registerReceiver(android.app.IApplicationThread, java.lang.String, android.content.IIntentReceiver, android.content.IntentFilter, java.lang.String, int) for 269ms
05-22 15:40:33.140 W/WindowManager( 2157): Window freeze timeout expired.
05-22 15:40:33.141 W/WindowManager( 2157): Force clearing orientation change: Window{86b7dab u0 KeyguardScrim}
05-22 15:40:33.150 I/Choreographer( 2157): Skipped 36 frames!  The application may be doing too much work on its main thread.
05-22 15:40:33.247 W/art     ( 2723): Unexpected CPU variant for X86 using defaults: x86_64
05-22 15:40:33.332 E/JavaBinder( 2157): !!! FAILED BINDER TRANSACTION !!!  (parcel size = 96)
05-22 15:40:33.333 E/JavaBinder( 2157): !!! FAILED BINDER TRANSACTION !!!  (parcel size = 96)
05-22 15:40:33.334 E/JavaBinder( 2157): !!! FAILED BINDER TRANSACTION !!!  (parcel size = 96)
05-22 15:40:33.335 E/JavaBinder( 2157): !!! FAILED BINDER TRANSACTION !!!  (parcel size = 96)
05-22 15:40:33.336 E/JavaBinder( 2157): !!! FAILED BINDER TRANSACTION !!!  (parcel size = 96)
05-22 15:40:34.358 W/SystemConfig( 2574): No directory /system/etc/sysconfig, skipping
05-22 15:40:35.257 I/WindowManager( 2157): WIN DEATH: Window{d79bf4a u0 DockedStackDivider}
05-22 15:40:35.262 W/AudioService( 2157): Current remote volume controller died, unregistering
05-22 15:40:35.264 W/VolumeController( 2157): Error calling dismiss
05-22 15:40:35.264 W/VolumeController( 2157): android.os.DeadObjectException
05-22 15:40:35.264 W/VolumeController( 2157): 	at android.os.BinderProxy.transactNative(Native Method)
05-22 15:40:35.264 W/VolumeController( 2157): 	at android.os.BinderProxy.transact(Binder.java:615)
05-22 15:40:35.264 W/VolumeController( 2157): 	at android.media.IVolumeController$Stub$Proxy.dismiss(IVolumeController.java:162)
05-22 15:40:35.264 W/VolumeController( 2157): 	at com.android.server.audio.AudioService$VolumeController.postDismiss(AudioService.java:6138)
05-22 15:40:35.264 W/VolumeController( 2157): 	at com.android.server.audio.AudioService.setVolumeController(AudioService.java:5986)
05-22 15:40:35.264 W/VolumeController( 2157): 	at com.android.server.audio.AudioService$4.binderDied(AudioService.java:5995)
05-22 15:40:35.264 W/VolumeController( 2157): 	at android.os.BinderProxy.sendDeathNotice(Binder.java:688)
05-22 15:40:35.464 I/ActivityManager( 2157): Process com.android.systemui (pid 2366) has died
05-22 15:40:35.708 D/ActivityManager( 2157): cleanUpApplicationRecord -- 2366
05-22 15:40:35.773 W/ActivityManager( 2157): Scheduling restart of crashed service com.android.systemui/.keyguard.KeyguardService in 0ms
05-22 15:40:35.774 W/ActivityManager( 2157): Scheduling restart of crashed service com.android.systemui/.SystemUIService in 0ms
05-22 15:40:35.774 W/ActivityManager( 2157): Scheduling restart of crashed service com.android.systemui/.ImageWallpaper in 0ms
05-22 15:40:35.779 W/WallpaperManagerService( 2157): Wallpaper service gone: ComponentInfo{com.android.systemui/com.android.systemui.ImageWallpaper}
05-22 15:40:35.865 W/ActivityManager( 2157): Re-adding persistent process ProcessRecord{390e622 2366:com.android.systemui/u0a21}
05-22 15:40:36.123 W/ActivityManager( 2157): Slow operation: 255ms so far, now at startProcess: returned from zygote!
05-22 15:40:36.123 W/ActivityManager( 2157): Slow operation: 255ms so far, now at startProcess: done updating battery stats
05-22 15:40:36.124 W/ActivityManager( 2157): Slow operation: 256ms so far, now at startProcess: building log message
05-22 15:40:36.124 I/ActivityManager( 2157): Start proc 2743:com.android.systemui/u0a21 for restart com.android.systemui
05-22 15:40:36.124 W/ActivityManager( 2157): Slow operation: 256ms so far, now at startProcess: starting to update pids map
05-22 15:40:36.125 W/ActivityManager( 2157): Slow operation: 257ms so far, now at startProcess: done updating pids map
05-22 15:40:36.150 W/art     ( 2157): Long monitor contention with owner Binder:2157_1 (2176) at void com.android.server.am.ActivityManagerService$AppDeathRecipient.binderDied()(ActivityManagerService.java:1475) waiters=0 in void com.android.server.am.ActivityManagerService$MainHandler.handleMessage(android.os.Message) for 707ms
05-22 15:40:36.193 D/PhoneSwitcherNetworkRequstListener( 2574): Registering NetworkFactory
05-22 15:40:36.282 W/art     ( 2743): Unexpected CPU variant for X86 using defaults: x86_64
05-22 15:40:36.300 D/ConnectivityService( 2157): Got NetworkFactory Messenger for PhoneSwitcherNetworkRequstListener
05-22 15:40:36.390 D/ConnectivityService( 2157): Got NetworkFactory Messenger for TelephonyNetworkFactory[0]
05-22 15:40:37.289 D/CarrierConfigLoader( 2574): CarrierConfigLoader has started
05-22 15:40:37.333 E/BluetoothAdapter( 2574): Bluetooth binder is null
05-22 15:40:37.903 W/System  ( 2743): ClassLoader referenced unknown path: /system/priv-app/SystemUI/lib/x86_64
05-22 15:40:38.238 I/Telephony( 2574): TtyManager: updateUiTtyMode -1 -> 0
05-22 15:40:38.677 V/SystemUIService( 2743): Starting SystemUI services for user 0.
05-22 15:40:39.179 D/AlarmManagerService( 2157): Kernel timezone updated to 0 minutes west of GMT
05-22 15:40:39.286 D/AlarmManagerService( 2157): Setting time of day to sec=1621698039
05-22 15:40:39.532 W/AlarmManagerService( 2157): Unable to set rtc to 1621698039: No such device
05-22 15:40:39.538 V/MediaRouter( 2743): Adding route: RouteInfo{ name=Phone, description=null, status=null, category=RouteCategory{ name=null types=ROUTE_TYPE_LIVE_AUDIO ROUTE_TYPE_LIVE_VIDEO  groupable=false }, supportedTypes=ROUTE_TYPE_LIVE_AUDIO ROUTE_TYPE_LIVE_VIDEO , presentationDisplay=null }
05-22 15:40:39.619 D/ConditionProviders.SCP( 2157): onReceive android.intent.action.TIME_SET
05-22 15:40:39.621 D/ConditionProviders.SCP( 2157): notifyCondition condition://android/schedule?days=6.7&start=23.30&end=10.0&exitAtAlarm=false STATE_FALSE reason=!meetsSchedule
05-22 15:40:39.703 D/ConditionProviders.SCP( 2157): notifyCondition condition://android/schedule?days=1.2.3.4.5&start=22.0&end=7.0&exitAtAlarm=false STATE_FALSE reason=!meetsSchedule
05-22 15:40:39.707 D/ConditionProviders.SCP( 2157): Scheduling evaluate for Sat May 22 22:00:00 UTC 2021 (1621720800000), in +6h19m20s381ms, now=Sat May 22 15:40:39 UTC 2021 (1621698039619)
05-22 15:40:39.754 V/MediaRouter( 2743): Updating audio routes: AudioRoutesInfo{ type=SPEAKER }
05-22 15:40:39.785 V/MediaRouter( 2743): Selecting route: RouteInfo{ name=Phone, description=null, status=null, category=RouteCategory{ name=null types=ROUTE_TYPE_LIVE_AUDIO ROUTE_TYPE_LIVE_VIDEO  groupable=false }, supportedTypes=ROUTE_TYPE_LIVE_AUDIO ROUTE_TYPE_LIVE_VIDEO , presentationDisplay=null }
05-22 15:40:40.443 D/TrustManagerService( 2157): Removing dead TrustListener.
05-22 15:40:41.032 W/WallpaperManagerService( 2157): Wallpaper reconnect timed out, reverting to built-in wallpaper!
05-22 15:40:41.435 E/WVMExtractor( 2743): Failed to open libwvm.so: dlopen failed: library "libwvm.so" not found
05-22 15:40:42.247 D/PhoneSwitcherNetworkRequstListener( 2574): got request NetworkRequest [ REQUEST id=1, [ Capabilities: INTERNET&NOT_RESTRICTED&TRUSTED&NOT_VPN] ] with score 0
05-22 15:40:42.258 D/TelephonyDebugService( 2574): TelephonyDebugService()
05-22 15:40:42.446 I/MediaPlayerService( 1335): MediaPlayerService::getOMX
05-22 15:40:42.465 I/OMXClient( 2743): MuxOMX ctor
05-22 15:40:42.572 I/OMXMaster( 1332): makeComponentInstance(OMX.google.vorbis.decoder) in mediacodec process
05-22 15:40:42.605 D/CarrierConfigLoader( 2574): mHandler: 12 phoneId: 0
05-22 15:40:44.536 E/ActivityThread( 2157): Failed to find provider info for com.android.calendar
05-22 15:40:44.539 E/ActivityThread( 2157): Failed to find provider info for com.android.calendar
05-22 15:40:44.633 E/ActivityThread( 2574): Failed to find provider info for com.android.contacts
05-22 15:40:44.633 W/CallerInfoCache( 2574): cursor is null
05-22 15:40:45.443 I/vol.Events( 2743): writeEvent collection_started
05-22 15:40:45.687 I/vol.Events( 2743): writeEvent external_ringer_mode_changed normal
05-22 15:40:45.690 I/vol.Events( 2743): writeEvent internal_ringer_mode_changed normal
05-22 15:40:45.914 W/libprocessgroup( 2157): failed to open /acct/uid_10021/pid_2366/cgroup.procs: No such file or directory
05-22 15:40:45.914 W/libprocessgroup( 2157): failed to open /acct/uid_10021/pid_2366/cgroup.procs: No such file or directory
05-22 15:40:45.936 I/MediaPlayerService( 1335): MediaPlayerService::getOMX
05-22 15:40:45.938 I/OMXClient( 2743): MuxOMX ctor
05-22 15:40:46.022 I/OMXMaster( 1332): makeComponentInstance(OMX.google.vorbis.decoder) in mediacodec process
05-22 15:40:47.271 I/SyncManager( 2157): Got SyncJobService instance.
05-22 15:40:47.277 I/FusedLocation( 2157): engine started (com.android.location.fused)
05-22 15:40:47.974 I/MediaPlayerService( 1335): MediaPlayerService::getOMX
05-22 15:40:47.976 I/OMXClient( 2743): MuxOMX ctor
05-22 15:40:47.980 I/OMXMaster( 1332): makeComponentInstance(OMX.google.vorbis.decoder) in mediacodec process
05-22 15:40:48.169 W/System  ( 2723): ClassLoader referenced unknown path: /system/priv-app/CellBroadcastReceiver/lib/x86_64
05-22 15:40:50.412 I/vol.Events( 2743): writeEvent level_changed STREAM_ALARM 6
05-22 15:40:50.419 I/vol.Events( 2743): writeEvent level_changed STREAM_BLUETOOTH_SCO 7
05-22 15:40:50.564 I/vol.Events( 2743): writeEvent level_changed STREAM_MUSIC 11
05-22 15:40:50.635 I/vol.Events( 2743): writeEvent level_changed STREAM_RING 5
05-22 15:40:50.662 I/vol.Events( 2743): writeEvent level_changed STREAM_SYSTEM 5
05-22 15:40:50.743 I/vol.Events( 2743): writeEvent level_changed STREAM_VOICE_CALL 4
05-22 15:40:51.350 D/StorageNotification( 2743): Notifying about private volume: VolumeInfo{private}:
05-22 15:40:51.350 D/StorageNotification( 2743):     type=PRIVATE diskId=null partGuid=null mountFlags=0 mountUserId=-1 
05-22 15:40:51.350 D/StorageNotification( 2743):     state=MOUNTED 
05-22 15:40:51.350 D/StorageNotification( 2743):     fsType=null fsUuid=null fsLabel=null 
05-22 15:40:51.350 D/StorageNotification( 2743):     path=/data internalPath=null 
05-22 15:40:51.385 D/StorageNotification( 2743): Notifying about public volume: VolumeInfo{public:253,48}:
05-22 15:40:51.385 D/StorageNotification( 2743):     type=PUBLIC diskId=disk:253,48 partGuid=null mountFlags=VISIBLE 
05-22 15:40:51.385 D/StorageNotification( 2743):     mountUserId=0 state=MOUNTED 
05-22 15:40:51.385 D/StorageNotification( 2743):     fsType=vfat fsUuid=1EFF-1C1B fsLabel=SDCARD 
05-22 15:40:51.385 D/StorageNotification( 2743):     path=/storage/1EFF-1C1B internalPath=/mnt/media_rw/1EFF-1C1B 
05-22 15:40:51.974 V/KeyguardServiceDelegate( 2157): *** Keyguard connected (yay!)
05-22 15:40:52.457 D/LockSettings( 2157): Removing dead StrongAuthTracker.
05-22 15:40:52.675 I/Choreographer( 2743): Skipped 95 frames!  The application may be doing too much work on its main thread.
05-22 15:40:53.102 W/art     ( 2157): Long monitor contention with owner android.display (2216) at void com.android.server.wm.WindowAnimator$1.doFrame(long)(WindowAnimator.java:144) waiters=0 in void com.android.server.wm.WindowManagerService.setInsetsWindow(com.android.server.wm.Session, android.view.IWindow, int, android.graphics.Rect, android.graphics.Rect, android.graphics.Region) for 214ms
05-22 15:40:53.395 W/ActivityManager( 2157): Slow operation: 114ms so far, now at startProcess: done creating new process record
05-22 15:40:53.395 W/ActivityManager( 2157): Slow operation: 115ms so far, now at startProcess: stepping in to startProcess
05-22 15:40:53.531 W/ActivityManager( 2157): Slow operation: 136ms so far, now at startProcess: returned from zygote!
05-22 15:40:53.532 W/ActivityManager( 2157): Slow operation: 136ms so far, now at startProcess: done updating battery stats
05-22 15:40:53.532 W/ActivityManager( 2157): Slow operation: 137ms so far, now at startProcess: building log message
05-22 15:40:53.532 I/ActivityManager( 2157): Start proc 2811:com.android.deskclock/u0a31 for broadcast com.android.deskclock/.AlarmInitReceiver
05-22 15:40:53.532 W/ActivityManager( 2157): Slow operation: 137ms so far, now at startProcess: starting to update pids map
05-22 15:40:53.532 W/ActivityManager( 2157): Slow operation: 137ms so far, now at startProcess: done updating pids map
05-22 15:40:53.533 W/ActivityManager( 2157): Slow operation: 252ms so far, now at startProcess: done starting proc!
05-22 15:40:53.646 W/art     ( 2811): Unexpected CPU variant for X86 using defaults: x86_64
05-22 15:40:53.666 I/StatusBarManagerService( 2157): registerStatusBar bar=com.android.internal.statusbar.IStatusBar$Stub$Proxy@9e3e2af
05-22 15:40:56.059 I/art     ( 2157): Background partial concurrent mark sweep GC freed 20922(1853KB) AllocSpace objects, 9(1168KB) LOS objects, 30% free, 9MB/13MB, paused 2.031ms total 1.058s
05-22 15:40:58.903 W/WindowManager( 2157): ***** BOOT TIMEOUT: forcing display enabled
05-22 15:40:58.910 I/SurfaceFlinger( 1321): Boot is finished (181964 ms)
05-22 15:40:59.017 I/SystemServiceManager( 2157): Starting phase 1000
05-22 15:40:59.399 W/ActivityManager( 2157): Slow operation: 285ms so far, now at startProcess: returned from zygote!
05-22 15:40:59.400 W/ActivityManager( 2157): Slow operation: 285ms so far, now at startProcess: done updating battery stats
05-22 15:40:59.401 W/ActivityManager( 2157): Slow operation: 286ms so far, now at startProcess: building log message
05-22 15:40:59.413 I/ActivityManager( 2157): Start proc 2835:android.ext.services/u0a12 for on-hold
05-22 15:40:59.413 W/ActivityManager( 2157): Slow operation: 299ms so far, now at startProcess: starting to update pids map
05-22 15:40:59.413 W/ActivityManager( 2157): Slow operation: 299ms so far, now at startProcess: done updating pids map
05-22 15:40:59.466 D/ActivityManager( 2157): Finishing user boot 0
05-22 15:40:59.486 D/CryptdConnector( 2157): SND -> {3 cryptfs prepare_user_storage ! 0 0 2}
05-22 15:40:59.545 D/vold    ( 1270): e4crypt_prepare_user_storage for volume null, user 0, serial 0, flags 2
05-22 15:40:59.546 D/vold    ( 1270): Preparing: /data/system_ce/0
05-22 15:40:59.547 D/vold    ( 1270): Preparing: /data/misc_ce/0
05-22 15:40:59.547 D/vold    ( 1270): Preparing: /data/media/0
05-22 15:40:59.547 D/vold    ( 1270): Preparing: /data/data
05-22 15:40:59.549 D/CryptdConnector( 2157): RCV <- {200 3 Command succeeded}
05-22 15:40:59.564 V/UserManagerService( 2157): Found /data/user/0 with serial number 0
05-22 15:40:59.564 V/UserManagerService( 2157): Found /data/system_ce/0 with serial number 0
05-22 15:40:59.566 V/PackageManager( 2157): reconcileAppsData for null u0 0x2
05-22 15:40:59.754 W/art     ( 2835): Unexpected CPU variant for X86 using defaults: x86_64
05-22 15:41:00.214 W/System  ( 2811): ClassLoader referenced unknown path: /system/app/DeskClock/lib/x86_64
05-22 15:41:01.247 W/art     ( 2157): Long monitor contention with owner Binder:2157_4 (2391) at android.content.pm.PackageInfo com.android.server.pm.PackageManagerService.getPackageInfo(java.lang.String, int, int)(PackageManagerService.java:3132) waiters=0 in int com.android.server.pm.PackageManagerService.checkUidPermission(java.lang.String, int) for 204ms
05-22 15:41:01.474 I/art     ( 2743): Background sticky concurrent mark sweep GC freed 16094(2MB) AllocSpace objects, 2(40KB) LOS objects, 29% free, 7MB/10MB, paused 19.365ms total 878.956ms
05-22 15:41:02.646 W/art     ( 2811): Suspending all threads took: 1.200s
05-22 15:41:02.965 E/NetdConnector( 2157): NDC Command {18 firewall disable_chain standby} took too long (2882ms)
05-22 15:41:03.172 V/PackageManager( 2157): reconcileAppsData finished 81 packages
05-22 15:41:03.181 W/art     ( 2157): Long monitor contention with owner android.display (2216) at void com.android.server.am.ActivityManagerService.finishBooting()(ActivityManagerService.java:6823) waiters=0 in void com.android.server.am.BroadcastQueue.processNextBroadcast(boolean) for 3.711s
05-22 15:41:03.184 W/art     ( 2157): Long monitor contention with owner android.display (2216) at void com.android.server.am.ActivityManagerService.finishBooting()(ActivityManagerService.java:6823) waiters=1 in int com.android.server.am.PendingIntentRecord.sendInner(int, android.content.Intent, java.lang.String, android.content.IIntentReceiver, java.lang.String, android.os.IBinder, java.lang.String, int, int, int, android.os.Bundle, android.app.IActivityContainer) for 3.179s
05-22 15:41:03.186 W/art     ( 2157): Long monitor contention with owner android.display (2216) at void com.android.server.am.ActivityManagerService.finishBooting()(ActivityManagerService.java:6823) waiters=3 in android.content.Intent com.android.server.am.ActivityManagerService.registerReceiver(android.app.IApplicationThread, java.lang.String, android.content.IIntentReceiver, android.content.IntentFilter, java.lang.String, int) for 1.889s
05-22 15:41:03.223 D/MountService( 2157): onUnlockUser 0
05-22 15:41:03.224 D/VoldConnector( 2157): SND -> {8 volume user_started 0}
05-22 15:41:03.242 W/art     ( 2157): Long monitor contention with owner android.display (2216) at void com.android.server.am.ActivityManagerService.finishBooting()(ActivityManagerService.java:6823) waiters=2 in void com.android.server.am.ActivityManagerService.attachApplication(android.app.IApplicationThread) for 3.061s
05-22 15:41:03.309 D/vold    ( 1270): Linking /storage/emulated/0 to /mnt/user/0/primary
05-22 15:41:03.311 D/VoldConnector( 2157): RCV <- {200 8 Command succeeded}
05-22 15:41:03.365 D/MountService( 2157): Volume public:253,48 broadcasting mounted to UserHandle{0}
05-22 15:41:03.462 D/MountService( 2157): Volume emulated broadcasting mounted to UserHandle{0}
05-22 15:41:03.545 W/System  ( 2835): ClassLoader referenced unknown path: /system/priv-app/ExtServices/lib/x86_64
05-22 15:41:03.998 W/art     ( 2157): Long monitor contention with owner android.display (2216) at void com.android.server.am.ActivityManagerService.updateConfiguration(android.content.res.Configuration)(ActivityManagerService.java:18937) waiters=0 in android.content.Intent com.android.server.am.ActivityManagerService.registerReceiver(android.app.IApplicationThread, java.lang.String, android.content.IIntentReceiver, android.content.IntentFilter, java.lang.String, int) for 263ms
05-22 15:41:04.078 V/BackupManagerService( 2157): No ancestral data
05-22 15:41:04.192 I/Choreographer( 2157): Skipped 34 frames!  The application may be doing too much work on its main thread.
05-22 15:41:04.237 I/BackupManagerService( 2157): Package jp.jaxa.iss.kibo.rpc.sampleapk not installed; dropping from full backup
05-22 15:41:04.255 V/BackupManagerService( 2157): Starting with transport android/com.android.internal.backup.LocalTransport
05-22 15:41:04.256 V/BackupManagerService( 2157): Found transports: 1
05-22 15:41:04.256 W/BackupManagerService( 2157): Proposed transport ComponentInfo{android/com.android.internal.backup.LocalTransportService} not whitelisted; ignoring
05-22 15:41:04.302 I/BackupManagerService( 2157): Backup enabled => false
05-22 15:41:04.415 V/KeyValueBackupJob( 2157): Scheduling k/v pass in 245 minutes
05-22 15:41:04.617 I/InputAttributes( 2361): InputType.TYPE_NULL is specified
05-22 15:41:04.769 W/VoiceInteractionManagerService( 2157): no available voice interaction services found for user 0
05-22 15:41:04.769 W/VoiceInteractionManagerService( 2157): no available voice recognition services found for user 0
05-22 15:41:04.793 I/ActivityManager( 2157): Loading recents for user 0 into memory.
05-22 15:41:04.815 D/ActivityManager( 2157): Sending BOOT_COMPLETE user #0
05-22 15:41:05.186 D/FallbackHome( 2590): User unlocked and real home found; let's go!
05-22 15:41:05.696 I/Choreographer( 2590): Skipped 47 frames!  The application may be doing too much work on its main thread.
05-22 15:41:05.744 W/art     ( 2157): Long monitor contention with owner Binder:2157_1 (2176) at boolean com.android.server.am.ActivityManagerService.finishActivity(android.os.IBinder, int, android.content.Intent, int)(ActivityManagerService.java:4839) waiters=0 in boolean com.android.server.am.ActivityManagerService.isUserRunning(int, int) for 489ms
05-22 15:41:05.788 I/ActivityManager( 2157): START u0 {act=android.intent.action.MAIN cat=[android.intent.category.HOME] flg=0x10000100 cmp=com.android.launcher3/.Launcher} from uid 0 on display 0
05-22 15:41:05.859 I/AccountManagerService( 2157): User 0 is unlocked - opening CE database
05-22 15:41:05.863 I/BackupManagerService( 2157): Found stale backup journal, scheduling
05-22 15:41:06.224 W/art     ( 2876): Unexpected CPU variant for X86 using defaults: x86_64
05-22 15:41:06.294 W/ActivityManager( 2157): Slow operation: 220ms so far, now at startProcess: returned from zygote!
05-22 15:41:06.295 W/ActivityManager( 2157): Slow operation: 220ms so far, now at startProcess: done updating battery stats
05-22 15:41:06.295 W/ActivityManager( 2157): Slow operation: 221ms so far, now at startProcess: building log message
05-22 15:41:06.295 I/ActivityManager( 2157): Start proc 2876:com.android.launcher3/u0a42 for activity com.android.launcher3/.Launcher
05-22 15:41:06.295 W/ActivityManager( 2157): Slow operation: 221ms so far, now at startProcess: starting to update pids map
05-22 15:41:06.295 W/ActivityManager( 2157): Slow operation: 221ms so far, now at startProcess: done updating pids map
05-22 15:41:06.295 W/ActivityManager( 2157): Slow operation: 229ms so far, now at startProcess: done starting proc!
05-22 15:41:06.564 W/art     ( 2157): Long monitor contention with owner android.display (2216) at void com.android.server.wm.WindowAnimator$1.doFrame(long)(WindowAnimator.java:144) waiters=0 in void com.android.server.wm.WindowManagerService.setAppVisibility(android.os.IBinder, boolean) for 130ms
05-22 15:41:06.797 W/art     ( 2157): Long monitor contention with owner android.display (2216) at void com.android.server.wm.WindowAnimator$1.doFrame(long)(WindowAnimator.java:144) waiters=0 in void com.android.server.wm.WindowManagerService.setAppVisibility(android.os.IBinder, boolean) for 233ms
05-22 15:41:07.004 W/art     ( 2157): Long monitor contention with owner android.display (2216) at void com.android.server.wm.WindowAnimator$1.doFrame(long)(WindowAnimator.java:144) waiters=0 in void com.android.server.wm.WindowManagerService.setAppVisibility(android.os.IBinder, boolean) for 206ms
05-22 15:41:06.888 W/ifconfig( 2902): type=1400 audit(0.0:10): avc: denied { ioctl } for path="socket:[13927]" dev="sockfs" ino=13927 ioctlcmd=8927 scontext=u:r:shell:s0 tcontext=u:r:shell:s0 tclass=udp_socket permissive=0
05-22 15:41:06.928 W/ifconfig( 2902): type=1400 audit(0.0:11): avc: denied { ioctl } for path="socket:[13927]" dev="sockfs" ino=13927 ioctlcmd=891d scontext=u:r:shell:s0 tcontext=u:r:shell:s0 tclass=udp_socket permissive=0
05-22 15:41:06.998 W/ifconfig( 2902): type=1400 audit(0.0:12): avc: denied { ioctl } for path="socket:[13927]" dev="sockfs" ino=13927 ioctlcmd=8970 scontext=u:r:shell:s0 tcontext=u:r:shell:s0 tclass=udp_socket permissive=0
05-22 15:41:07.252 I/LatinIME( 2361): Timeout waiting for dictionary load
05-22 15:41:07.435 W/art     ( 2157): Long monitor contention with owner android.display (2216) at void com.android.server.wm.WindowAnimator$1.doFrame(long)(WindowAnimator.java:144) waiters=0 in void com.android.server.wm.WindowManagerService.setAppVisibility(android.os.IBinder, boolean) for 221ms
05-22 15:41:07.634 W/art     ( 2157): Long monitor contention with owner android.display (2216) at void com.android.server.wm.WindowAnimator$1.doFrame(long)(WindowAnimator.java:144) waiters=0 in void com.android.server.wm.WindowManagerService.setAppVisibility(android.os.IBinder, boolean) for 198ms
05-22 15:41:07.914 W/art     ( 2157): Long monitor contention with owner android.display (2216) at void com.android.server.wm.WindowAnimator$1.doFrame(long)(WindowAnimator.java:144) waiters=0 in void com.android.server.wm.WindowManagerService.setAppVisibility(android.os.IBinder, boolean) for 279ms
05-22 15:41:08.198 W/art     ( 2157): Long monitor contention with owner android.display (2216) at void com.android.server.wm.WindowAnimator$1.doFrame(long)(WindowAnimator.java:144) waiters=0 in void com.android.server.wm.WindowManagerService.setAppVisibility(android.os.IBinder, boolean) for 284ms
05-22 15:41:08.794 W/art     ( 2157): Long monitor contention with owner android.display (2216) at void com.android.server.wm.WindowAnimator$1.doFrame(long)(WindowAnimator.java:144) waiters=0 in void com.android.server.wm.WindowManagerService.setAppVisibility(android.os.IBinder, boolean) for 220ms
05-22 15:41:09.144 W/art     ( 2157): Long monitor contention with owner android.display (2216) at void com.android.server.wm.WindowAnimator$1.doFrame(long)(WindowAnimator.java:144) waiters=0 in void com.android.server.wm.WindowManagerService.setAppVisibility(android.os.IBinder, boolean) for 349ms
05-22 15:41:09.517 W/art     ( 2157): Long monitor contention with owner android.display (2216) at void com.android.server.wm.WindowAnimator$1.doFrame(long)(WindowAnimator.java:144) waiters=0 in void com.android.server.wm.WindowManagerService.setAppVisibility(android.os.IBinder, boolean) for 273ms
05-22 15:41:09.923 W/art     ( 2157): Long monitor contention with owner android.display (2216) at void com.android.server.wm.WindowAnimator$1.doFrame(long)(WindowAnimator.java:144) waiters=0 in void com.android.server.wm.WindowManagerService.setAppVisibility(android.os.IBinder, boolean) for 283ms
05-22 15:41:10.094 W/art     ( 2157): Long monitor contention with owner android.display (2216) at void com.android.server.wm.WindowAnimator$1.doFrame(long)(WindowAnimator.java:144) waiters=0 in void com.android.server.wm.WindowManagerService.setAppVisibility(android.os.IBinder, boolean) for 171ms
05-22 15:41:10.675 W/art     ( 2157): Long monitor contention with owner android.display (2216) at void com.android.server.wm.WindowAnimator$1.doFrame(long)(WindowAnimator.java:144) waiters=0 in void com.android.server.wm.WindowManagerService.setAppVisibility(android.os.IBinder, boolean) for 356ms
05-22 15:41:11.158 W/art     ( 2157): Long monitor contention with owner android.display (2216) at void com.android.server.wm.WindowAnimator$1.doFrame(long)(WindowAnimator.java:144) waiters=0 in void com.android.server.wm.WindowManagerService.setAppVisibility(android.os.IBinder, boolean) for 244ms
05-22 15:41:11.176 I/Choreographer( 2590): Skipped 327 frames!  The application may be doing too much work on its main thread.
05-22 15:41:11.183 W/art     ( 2157): Long monitor contention with owner Binder:2157_1 (2176) at boolean com.android.server.am.ActivityManagerService.finishActivity(android.os.IBinder, int, android.content.Intent, int)(ActivityManagerService.java:4839) waiters=1 in java.lang.String com.android.server.am.ActivityManagerService.checkContentProviderAccess(java.lang.String, int) for 5.785s
05-22 15:41:11.185 W/art     ( 2157): Long monitor contention with owner Binder:2157_1 (2176) at boolean com.android.server.am.ActivityManagerService.finishActivity(android.os.IBinder, int, android.content.Intent, int)(ActivityManagerService.java:4839) waiters=2 in int com.android.server.am.ActivityManagerService.broadcastIntent(android.app.IApplicationThread, android.content.Intent, java.lang.String, android.content.IIntentReceiver, int, java.lang.String, android.os.Bundle, java.lang.String[], int, android.os.Bundle, boolean, boolean, int) for 5.777s
05-22 15:41:11.212 W/art     ( 2157): Long monitor contention with owner Binder:2157_1 (2176) at boolean com.android.server.am.ActivityManagerService.finishActivity(android.os.IBinder, int, android.content.Intent, int)(ActivityManagerService.java:4839) waiters=3 in android.content.pm.UserInfo com.android.server.am.UserController.getCurrentUser() for 5.624s
05-22 15:41:11.215 W/art     ( 2157): Long monitor contention with owner Binder:2157_1 (2176) at boolean com.android.server.am.ActivityManagerService.finishActivity(android.os.IBinder, int, android.content.Intent, int)(ActivityManagerService.java:4839) waiters=4 in android.content.Intent com.android.server.am.ActivityManagerService.registerReceiver(android.app.IApplicationThread, java.lang.String, android.content.IIntentReceiver, android.content.IntentFilter, java.lang.String, int) for 5.570s
05-22 15:41:11.218 W/art     ( 2157): Long monitor contention with owner Binder:2157_2 (2178) at void com.android.server.am.ActivityManagerService.activityPaused(android.os.IBinder)(ActivityManagerService.java:6916) waiters=5 in void com.android.server.am.ActivityManagerService$MainHandler.handleMessage(android.os.Message) for 5.371s
05-22 15:41:11.273 W/art     ( 2157): Long monitor contention with owner Binder:2157_2 (2178) at void com.android.server.am.ActivityManagerService.activityPaused(android.os.IBinder)(ActivityManagerService.java:6916) waiters=4 in boolean com.android.server.am.ActivityManagerService.isUserRunning(int, int) for 5.491s
05-22 15:41:11.283 D/CarrierSvcBindHelper( 2574): Received android.intent.action.USER_UNLOCKED
05-22 15:41:11.365 E/PhoneInterfaceManager( 2574): [PhoneIntfMgr] getCarrierPackageNamesForIntent: No UICC
05-22 15:41:11.365 D/CarrierSvcBindHelper( 2574): No carrier app for: 0
05-22 15:41:11.379 W/art     ( 2157): Long monitor contention with owner Binder:2157_2 (2178) at void com.android.server.am.ActivityManagerService.activityPaused(android.os.IBinder)(ActivityManagerService.java:6916) waiters=6 in boolean com.android.server.am.ActivityManagerService.isUserRunning(int, int) for 5.410s
05-22 15:41:11.536 W/System  ( 2743): ClassLoader referenced unknown path: 
05-22 15:41:11.538 W/System  ( 2743): ClassLoader referenced unknown path: /system/priv-app/Dialer/lib/x86_64
05-22 15:41:11.588 D/ApplicationLoaders( 2743): ignored Vulkan layer search path /system/priv-app/Dialer/lib/x86_64:/system/lib64:/vendor/lib64 for namespace 0x761e8619f0f0
05-22 15:41:12.346 I/Choreographer( 2157): Skipped 69 frames!  The application may be doing too much work on its main thread.
05-22 15:41:12.350 W/art     ( 2157): Long monitor contention with owner android.display (2216) at void com.android.server.wm.WindowManagerService$H.handleMessage(android.os.Message)(WindowManagerService.java:8549) waiters=0 in void com.android.server.wm.WindowManagerService.prepareAppTransition(int, boolean) for 788ms
05-22 15:41:12.488 W/ifconfig( 2939): type=1400 audit(0.0:13): avc: denied { ioctl } for path="socket:[13978]" dev="sockfs" ino=13978 ioctlcmd=8927 scontext=u:r:shell:s0 tcontext=u:r:shell:s0 tclass=udp_socket permissive=0
05-22 15:41:12.498 W/ifconfig( 2939): type=1400 audit(0.0:14): avc: denied { ioctl } for path="socket:[13978]" dev="sockfs" ino=13978 ioctlcmd=891d scontext=u:r:shell:s0 tcontext=u:r:shell:s0 tclass=udp_socket permissive=0
05-22 15:41:12.498 W/ifconfig( 2939): type=1400 audit(0.0:15): avc: denied { ioctl } for path="socket:[13978]" dev="sockfs" ino=13978 ioctlcmd=8970 scontext=u:r:shell:s0 tcontext=u:r:shell:s0 tclass=udp_socket permissive=0
05-22 15:41:12.823 W/art     ( 2157): Long monitor contention with owner android.display (2216) at void com.android.server.wm.WindowAnimator$1.doFrame(long)(WindowAnimator.java:144) waiters=0 in void com.android.server.wm.WindowManagerService.prepareAppTransition(int, boolean) for 473ms
05-22 15:41:12.870 W/art     ( 2157): Long monitor contention with owner android.display (2216) at void com.android.server.wm.WindowAnimator$1.doFrame(long)(WindowAnimator.java:144) waiters=1 in int com.android.server.wm.WindowManagerService.relayoutWindow(com.android.server.wm.Session, android.view.IWindow, int, android.view.WindowManager$LayoutParams, int, int, int, int, android.graphics.Rect, android.graphics.Rect, android.graphics.Rect, android.graphics.Rect, android.graphics.Rect, android.graphics.Rect, android.graphics.Rect, android.content.res.Configuration, android.view.Surface) for 512ms
05-22 15:41:15.026 W/art     ( 2157): Long monitor contention with owner Binder:2157_2 (2178) at int com.android.server.wm.WindowManagerService.relayoutWindow(com.android.server.wm.Session, android.view.IWindow, int, android.view.WindowManager$LayoutParams, int, int, int, int, android.graphics.Rect, android.graphics.Rect, android.graphics.Rect, android.graphics.Rect, android.graphics.Rect, android.graphics.Rect, android.graphics.Rect, android.content.res.Configuration, android.view.Surface)(WindowManagerService.java:2857) waiters=0 in boolean com.android.server.wm.WindowManagerService.setAppStartingWindow(android.os.IBinder, java.lang.String, int, android.content.res.CompatibilityInfo, java.lang.CharSequence, int, int, int, int, android.os.IBinder, boolean) for 2.140s
05-22 15:41:15.042 W/art     ( 2157): Long monitor contention with owner Binder:2157_2 (2178) at void com.android.server.am.ActivityManagerService.activityPaused(android.os.IBinder)(ActivityManagerService.java:6916) waiters=8 in java.lang.String com.android.server.am.ActivityManagerService.getTagForIntentSender(android.content.IIntentSender, java.lang.String) for 8.751s
05-22 15:41:15.051 W/art     ( 2157): Long monitor contention with owner Binder:2157_2 (2178) at void com.android.server.am.ActivityManagerService.activityPaused(android.os.IBinder)(ActivityManagerService.java:6916) waiters=9 in void com.android.server.am.ActivityManagerService.attachApplication(android.app.IApplicationThread) for 8.742s
05-22 15:41:15.052 W/art     ( 2157): Long monitor contention with owner ActivityManager (2192) at void com.android.server.am.ActivityStackSupervisor$ActivityStackSupervisorHandler.handleMessage(android.os.Message)(ActivityStackSupervisor.java:3910) waiters=5 in void com.android.server.am.ActivityManagerService.monitor() for 3.799s
05-22 15:41:15.053 W/art     ( 2157): Long monitor contention with owner main (2157) at java.lang.String com.android.server.am.ActivityManagerService.getTagForIntentSender(android.content.IIntentSender, java.lang.String)(ActivityManagerService.java:7403) waiters=0 in void com.android.server.AlarmManagerService$AlarmThread.run() for 2.990s
05-22 15:41:15.056 W/art     ( 2157): Long monitor contention with owner Binder:2157_2 (2178) at void com.android.server.am.ActivityManagerService.activityPaused(android.os.IBinder)(ActivityManagerService.java:6916) waiters=7 in void com.android.server.am.ActivityManagerService.dispatchUidsChanged() for 8.985s
05-22 15:41:15.087 I/Choreographer( 2590): Skipped 163 frames!  The application may be doing too much work on its main thread.
05-22 15:41:15.100 W/art     ( 2157): Long monitor contention with owner ActivityManager (2192) at void com.android.server.am.ActivityStackSupervisor$ActivityStackSupervisorHandler.handleMessage(android.os.Message)(ActivityStackSupervisor.java:3910) waiters=6 in android.content.Intent com.android.server.am.ActivityManagerService.registerReceiver(android.app.IApplicationThread, java.lang.String, android.content.IIntentReceiver, android.content.IntentFilter, java.lang.String, int) for 3.405s
05-22 15:41:15.112 W/art     ( 2157): Long monitor contention with owner ActivityManager (2192) at void com.android.server.am.ActivityStackSupervisor$ActivityStackSupervisorHandler.handleMessage(android.os.Message)(ActivityStackSupervisor.java:3910) waiters=8 in void com.android.server.am.ActivityManagerService$LocalService.notifyAppTransitionStarting(int) for 2.319s
05-22 15:41:15.265 W/art     ( 2157): Long monitor contention with owner ActivityManager (2192) at void com.android.server.am.ActivityStackSupervisor$ActivityStackSupervisorHandler.handleMessage(android.os.Message)(ActivityStackSupervisor.java:3910) waiters=7 in java.lang.String com.android.server.am.ActivityManagerService.checkContentProviderAccess(java.lang.String, int) for 3.312s
05-22 15:41:15.267 W/art     ( 2157): Long monitor contention with owner ActivityManager (2192) at void com.android.server.am.ActivityStackSupervisor$ActivityStackSupervisorHandler.handleMessage(android.os.Message)(ActivityStackSupervisor.java:3910) waiters=5 in boolean com.android.server.am.ActivityManagerService.isUserRunning(int, int) for 3.888s
05-22 15:41:15.271 W/art     ( 2157): Long monitor contention with owner ActivityManager (2192) at void com.android.server.am.ActivityStackSupervisor$ActivityStackSupervisorHandler.handleMessage(android.os.Message)(ActivityStackSupervisor.java:3910) waiters=5 in boolean com.android.server.am.ActivityManagerService.isUserRunning(int, int) for 3.995s
05-22 15:41:17.353 W/art     ( 2157): Long monitor contention with owner Binder:2157_1 (2176) at void com.android.server.wm.WindowManagerService.continueSurfaceLayout()(WindowManagerService.java:5454) waiters=0 in void com.android.server.wm.WindowManagerService$H.handleMessage(android.os.Message) for 2.107s
05-22 15:41:19.527 W/art     ( 2157): Long monitor contention with owner main (2157) at void com.android.server.am.BroadcastQueue.processNextBroadcast(boolean)(BroadcastQueue.java:760) waiters=7 in void com.android.server.am.ActivityManagerService.monitor() for 4.474s
05-22 15:41:19.527 W/art     ( 2157): Long monitor contention with owner main (2157) at void com.android.server.am.BroadcastQueue.processNextBroadcast(boolean)(BroadcastQueue.java:760) waiters=8 in int com.android.server.am.PendingIntentRecord.sendInner(int, android.content.Intent, java.lang.String, android.content.IIntentReceiver, java.lang.String, android.os.IBinder, java.lang.String, int, int, int, android.os.Bundle, android.app.IActivityContainer) for 4.472s
05-22 15:41:19.529 W/art     ( 2157): Long monitor contention with owner main (2157) at void com.android.server.am.BroadcastQueue.processNextBroadcast(boolean)(BroadcastQueue.java:760) waiters=8 in void com.android.server.am.ActivityManagerService.dispatchUidsChanged() for 4.473s
05-22 15:41:19.530 W/art     ( 2157): Long monitor contention with owner main (2157) at void com.android.server.am.ActivityManagerService.trimApplications()(ActivityManagerService.java:21356) waiters=9 in void com.android.server.am.ActivityManagerService$MainHandler.handleMessage(android.os.Message) for 4.442s
05-22 15:41:19.606 W/art     ( 2157): Long monitor contention with owner Binder:2157_1 (2176) at void com.android.server.am.ActivityManagerService.attachApplication(android.app.IApplicationThread)(ActivityManagerService.java:6669) waiters=6 in java.lang.String com.android.server.am.ActivityManagerService.checkContentProviderAccess(java.lang.String, int) for 4.340s
05-22 15:41:19.619 W/art     ( 2157): Long monitor contention with owner Binder:2157_1 (2176) at void com.android.server.am.ActivityManagerService.attachApplication(android.app.IApplicationThread)(ActivityManagerService.java:6669) waiters=7 in java.lang.String com.android.server.am.ActivityManagerService.checkContentProviderAccess(java.lang.String, int) for 4.336s
05-22 15:41:19.622 W/art     ( 2157): Long monitor contention with owner Binder:2157_1 (2176) at void com.android.server.am.ActivityManagerService.attachApplication(android.app.IApplicationThread)(ActivityManagerService.java:6669) waiters=8 in void com.android.server.am.ActivityManagerService$LocalService.notifyAppTransitionFinished() for 2.265s
05-22 15:41:19.623 I/Choreographer( 2157): Skipped 421 frames!  The application may be doing too much work on its main thread.
05-22 15:41:19.632 W/art     ( 2157): Long monitor contention with owner Binder:2157_1 (2176) at void com.android.server.am.ActivityManagerService.attachApplication(android.app.IApplicationThread)(ActivityManagerService.java:6669) waiters=6 in boolean com.android.server.am.ActivityManagerService.isUserRunning(int, int) for 4.360s
05-22 15:41:19.742 W/art     ( 2157): Long monitor contention with owner AlarmManager (2295) at void com.android.server.AlarmManagerService$AlarmThread.run()(AlarmManagerService.java:2498) waiters=0 in void com.android.server.AlarmManagerService.setImpl(int, long, long, long, android.app.PendingIntent, android.app.IAlarmListener, java.lang.String, int, android.os.WorkSource, android.app.AlarmManager$AlarmClockInfo, int, java.lang.String) for 4.200s
05-22 15:41:19.762 W/art     ( 2157): Long monitor contention with owner Binder:2157_1 (2176) at void com.android.server.am.ActivityManagerService.attachApplication(android.app.IApplicationThread)(ActivityManagerService.java:6669) waiters=6 in boolean com.android.server.am.ActivityManagerService.isUserRunning(int, int) for 4.494s
05-22 15:41:19.847 W/System  ( 2876): ClassLoader referenced unknown path: /system/app/Launcher3/lib/x86_64
05-22 15:41:19.963 W/ActivityManager( 2157): Slow operation: 280ms so far, now at startProcess: returned from zygote!
05-22 15:41:19.963 W/ActivityManager( 2157): Slow operation: 281ms so far, now at startProcess: done updating battery stats
05-22 15:41:19.964 W/ActivityManager( 2157): Slow operation: 282ms so far, now at startProcess: building log message
05-22 15:41:19.964 I/ActivityManager( 2157): Start proc 2945:com.android.keychain/1000 for service com.android.keychain/.KeyChainService
05-22 15:41:19.964 W/ActivityManager( 2157): Slow operation: 282ms so far, now at startProcess: starting to update pids map
05-22 15:41:19.965 W/ActivityManager( 2157): Slow operation: 282ms so far, now at startProcess: done updating pids map
05-22 15:41:19.965 W/ActivityManager( 2157): Slow operation: 283ms so far, now at startProcess: done starting proc!
05-22 15:41:19.971 W/art     ( 2157): Long monitor contention with owner main (2157) at void com.android.server.job.controllers.TimeController.checkExpiredDelaysAndResetAlarm()(TimeController.java:174) waiters=0 in void com.android.server.job.JobSchedulerService.updateUidState(int, int) for 440ms
05-22 15:41:19.980 W/art     ( 2157): Long monitor contention with owner AsyncTask #3 (2870) at int com.android.server.am.ActivityManagerService.bindService(android.app.IApplicationThread, android.os.IBinder, android.content.Intent, java.lang.String, android.app.IServiceConnection, int, java.lang.String, int)(ActivityManagerService.java:17301) waiters=4 in android.content.Intent com.android.server.am.ActivityManagerService.registerReceiver(android.app.IApplicationThread, java.lang.String, android.content.IIntentReceiver, android.content.IntentFilter, java.lang.String, int) for 201ms
05-22 15:41:19.980 W/art     ( 2157): Long monitor contention with owner AsyncTask #3 (2870) at int com.android.server.am.ActivityManagerService.bindService(android.app.IApplicationThread, android.os.IBinder, android.content.Intent, java.lang.String, android.app.IServiceConnection, int, java.lang.String, int)(ActivityManagerService.java:17301) waiters=2 in void com.android.server.am.BroadcastQueue.processNextBroadcast(boolean) for 233ms
05-22 15:41:19.981 W/art     ( 2157): Long monitor contention with owner AsyncTask #3 (2870) at int com.android.server.am.ActivityManagerService.bindService(android.app.IApplicationThread, android.os.IBinder, android.content.Intent, java.lang.String, android.app.IServiceConnection, int, java.lang.String, int)(ActivityManagerService.java:17301) waiters=3 in android.content.Intent com.android.server.am.ActivityManagerService.registerReceiver(android.app.IApplicationThread, java.lang.String, android.content.IIntentReceiver, android.content.IntentFilter, java.lang.String, int) for 230ms
05-22 15:41:19.995 W/ActivityManager( 2157): Launch timeout has expired, giving up wake lock!
05-22 15:41:20.026 W/art     ( 2157): Long monitor contention with owner AsyncTask #3 (2870) at int com.android.server.am.ActivityManagerService.bindService(android.app.IApplicationThread, android.os.IBinder, android.content.Intent, java.lang.String, android.app.IServiceConnection, int, java.lang.String, int)(ActivityManagerService.java:17301) waiters=3 in boolean com.android.server.am.ActivityManagerService.isUserRunning(int, int) for 263ms
