--------- beginning of main
05-22 15:37:39.910 W/auditd  ( 1267): type=2000 audit(0.0:1): initialized
05-22 15:37:42.550 I/auditd  ( 1267): type=1403 audit(0.0:2): policy loaded auid=4294967295 ses=4294967295
05-22 15:37:42.560 W/auditd  ( 1267): type=1404 audit(0.0:3): enforcing=1 old_enforcing=0 auid=4294967295 ses=4294967295
05-22 15:37:47.760 W/init    (    1): type=1400 audit(0.0:4): avc: denied { write } for name="tracing_on" dev="debugfs" ino=17 scontext=u:r:init:s0 tcontext=u:object_r:debugfs:s0 tclass=file permissive=0
05-22 15:37:49.313 I/        ( 1269): debuggerd: starting
--------- beginning of system
05-22 15:37:49.681 I/vold    ( 1270): Vold 3.0 (the awakening) firing up
05-22 15:37:49.685 V/vold    ( 1270): Detected support for: ext4 vfat
05-22 15:37:49.932 I/        ( 1268): debuggerd: starting
05-22 15:37:49.994 D/vold    ( 1270): Recognized experimental block major ID 253 as virtio-blk (emulator's virtual SD card device)
05-22 15:37:49.995 V/vold    ( 1270): /system/bin/sgdisk
05-22 15:37:49.995 V/vold    ( 1270):     --android-dump
05-22 15:37:49.995 V/vold    ( 1270):     /dev/block/vold/disk:253,48
05-22 15:37:50.062 D/vold    ( 1270): e4crypt_init_user0
05-22 15:37:50.062 D/vold    ( 1270): e4crypt_prepare_user_storage for volume null, user 0, serial 0, flags 1
05-22 15:37:50.063 D/vold    ( 1270): Preparing: /data/system/users/0
05-22 15:37:50.070 D/vold    ( 1270): Preparing: /data/misc/profiles/cur/0
05-22 15:37:50.080 D/vold    ( 1270): Preparing: /data/misc/profiles/cur/0/foreign-dex
05-22 15:37:50.085 D/vold    ( 1270): Preparing: /data/system_de/0
05-22 15:37:50.088 D/vold    ( 1270): Preparing: /data/misc_de/0
05-22 15:37:50.090 D/vold    ( 1270): Preparing: /data/user_de/0
05-22 15:37:50.100 D/vold    ( 1270): e4crypt_unlock_user_key 0 serial=0 token_present=0
05-22 15:37:50.127 I/vdc     (    1): 200 1276 Command succeeded
05-22 15:37:50.434 I//system/bin/tzdatacheck( 1313): tzdata file /data/misc/zoneinfo/current/tzdata does not exist. No action required.
05-22 15:37:50.449 V/vold    ( 1270): DISK mbr
05-22 15:37:50.452 V/vold    ( 1270): 
05-22 15:37:50.457 W/vold    ( 1270): disk:253,48 has unknown partition table; trying entire device
05-22 15:37:50.457 V/vold    ( 1270): /system/bin/blkid
05-22 15:37:50.458 V/vold    ( 1270):     -c
05-22 15:37:50.458 V/vold    ( 1270):     /dev/null
05-22 15:37:50.458 V/vold    ( 1270):     -s
05-22 15:37:50.458 V/vold    ( 1270):     TYPE
05-22 15:37:50.458 V/vold    ( 1270):     -s
05-22 15:37:50.458 V/vold    ( 1270):     UUID
05-22 15:37:50.458 V/vold    ( 1270):     -s
05-22 15:37:50.458 V/vold    ( 1270):     LABEL
05-22 15:37:50.458 V/vold    ( 1270):     /dev/block/vold/disk:253,48
05-22 15:37:51.090 W/audioserver( 1326): type=1400 audit(0.0:5): avc: denied { getattr } for path="/vendor" dev="rootfs" ino=3999 scontext=u:r:audioserver:s0 tcontext=u:object_r:rootfs:s0 tclass=lnk_file permissive=0
05-22 15:37:51.100 W/cameraserver( 1327): type=1400 audit(0.0:6): avc: denied { getattr } for path="/vendor" dev="rootfs" ino=3999 scontext=u:r:cameraserver:s0 tcontext=u:object_r:rootfs:s0 tclass=lnk_file permissive=0
05-22 15:37:51.140 W/mediacodec( 1332): type=1400 audit(0.0:7): avc: denied { getattr } for path="/vendor" dev="rootfs" ino=3999 scontext=u:r:mediacodec:s0 tcontext=u:object_r:rootfs:s0 tclass=lnk_file permissive=0
05-22 15:37:51.290 W/mediadrmserver( 1333): type=1400 audit(0.0:8): avc: denied { getattr } for path="/vendor" dev="rootfs" ino=3999 scontext=u:r:mediadrmserver:s0 tcontext=u:object_r:rootfs:s0 tclass=lnk_file permissive=0
05-22 15:37:51.716 V/vold    ( 1270): /dev/block/vold/disk:253,48: LABEL="SDCARD" UUID="1EFF-1C1B" TYPE="vfat" 
05-22 15:37:51.716 V/vold    ( 1270): 
05-22 15:37:51.848 I/qemu-props( 1318): connected to 'boot-properties' qemud service.
05-22 15:37:51.849 I/qemu-props( 1318): receiving..
05-22 15:37:51.849 I/qemu-props( 1318): received: qemu.cmdline=androidboot.logcat=v:* androidboot.consolepipe=qemu_pipe,pipe:logcat
05-22 15:37:52.076 I/lowmemorykiller( 1319): Using in-kernel low memory killer interface
05-22 15:37:52.162 I/qemu-props( 1318): receiving..
05-22 15:37:52.162 I/qemu-props( 1318): received: qemu.logcat=start
05-22 15:37:52.163 I/qemu-props( 1318): receiving..
05-22 15:37:52.163 I/qemu-props( 1318): received: ro.opengles.version=131072
05-22 15:37:52.165 I/qemu-props( 1318): receiving..
05-22 15:37:52.165 I/qemu-props( 1318): received: qemu.sf.fake_camera=back
05-22 15:37:52.166 I/qemu-props( 1318): receiving..
05-22 15:37:52.166 I/qemu-props( 1318): received: dalvik.vm.heapsize=256m
05-22 15:37:52.167 I/qemu-props( 1318): receiving..
05-22 15:37:52.167 I/qemu-props( 1318): received: qemu.hw.mainkeys=0
05-22 15:37:52.168 I/qemu-props( 1318): receiving..
05-22 15:37:52.168 I/qemu-props( 1318): received: qemu.sf.lcd_density=480
05-22 15:37:52.169 I/qemu-props( 1318): receiving..
05-22 15:37:52.169 I/qemu-props( 1318): received: qemu.timezone=Etc/UTC
05-22 15:37:52.185 I/        ( 1329): installd firing up
05-22 15:37:52.352 I/qemu-props( 1318): receiving..
05-22 15:37:52.352 I/qemu-props( 1318): exiting (8 properties set).
05-22 15:37:53.437 I/fingerprintd( 1344): Starting fingerprintd
05-22 15:37:53.464 I/Netd    ( 1341): Netd 1.0 starting
05-22 15:37:53.534 I/keystore( 1331): Found keymaster0 module Keymaster OpenSSL HAL, version 2
05-22 15:37:53.535 I/SoftKeymaster( 1331): system/keymaster/soft_keymaster_device.cpp, Line 131: Creating device
05-22 15:37:53.536 D/SoftKeymaster( 1331): system/keymaster/soft_keymaster_device.cpp, Line 132: Device address: 0x7b9e1643d000
05-22 15:37:53.536 I/keystore( 1331): Keymaster0 module is software-only.  Using SoftKeymasterDevice instead.
05-22 15:37:53.536 I/SoftKeymaster( 1331): system/keymaster/soft_keymaster_device.cpp, Line 131: Creating device
05-22 15:37:53.536 D/SoftKeymaster( 1331): system/keymaster/soft_keymaster_device.cpp, Line 132: Device address: 0x7b9e1643d400
05-22 15:37:53.555 D/TetherController( 1341): Setting IP forward enable = 0
05-22 15:37:54.234 I/perfprofd( 1358): starting Android Wide Profiling daemon
05-22 15:37:54.381 E/perfprofd( 1358): unable to open configuration file /data/data/com.google.android.gms/files/perfprofd.conf
05-22 15:37:54.384 I/perfprofd( 1358): random seed set to 172690149
05-22 15:37:54.662 I/gatekeeperd( 1345): Starting gatekeeperd...
05-22 15:37:54.822 W/gatekeeperd( 1345): falling back to software GateKeeper
05-22 15:37:58.020 W/bootanimation( 1788): type=1400 audit(0.0:9): avc: denied { getattr } for path="/vendor" dev="rootfs" ino=3999 scontext=u:r:bootanim:s0 tcontext=u:object_r:rootfs:s0 tclass=lnk_file permissive=0
05-22 15:37:56.528 I/mediacodec( 1332): @@@ mediacodecservice starting
05-22 15:37:56.640 W/        ( 1332): No seccomp filter defined for this architecture.
05-22 15:37:56.765 I/cameraserver( 1327): ServiceManager: 0xf18bc020
05-22 15:37:56.823 I/SurfaceFlinger( 1321): SurfaceFlinger is starting
05-22 15:37:56.825 I/CameraService( 1327): CameraService started (pid=1327)
05-22 15:37:56.826 I/CameraService( 1327): CameraService process starting
05-22 15:37:56.827 W/BatteryNotifier( 1327): batterystats service unavailable!
05-22 15:37:56.828 W/BatteryNotifier( 1327): batterystats service unavailable!
05-22 15:37:56.831 I/SurfaceFlinger( 1321): SurfaceFlinger's main thread ready to run. Initializing graphics H/W...
05-22 15:37:56.832 D/libEGL  ( 1321): Emulator without GPU support detected. Fallback to legacy software renderer, qemu.gles is set to 0.
05-22 15:37:56.938 D/libEGL  ( 1321): loaded /system/lib64/egl/libGLES_android.so
05-22 15:37:57.481 D/EmulatedCamera_QemuClient( 1327): Emulated camera list: 
05-22 15:37:57.482 D/EmulatedCamera_FakeCamera( 1327): Initialize: Fake camera is facing back
05-22 15:37:57.484 V/EmulatedCamera_Device( 1327): initializeWhiteBalanceModes with auto, 1.000000, 1.000000
05-22 15:37:57.485 V/EmulatedCamera_Device( 1327): initializeWhiteBalanceModes with incandescent, 1.380000, 0.600000
05-22 15:37:57.485 V/EmulatedCamera_Device( 1327): initializeWhiteBalanceModes with daylight, 1.090000, 0.920000
05-22 15:37:57.485 V/EmulatedCamera_Device( 1327): initializeWhiteBalanceModes with twilight, 0.920000, 1.220000
05-22 15:37:57.485 V/EmulatedCamera_Device( 1327): setWhiteBalanceMode with white balance auto
05-22 15:37:57.485 E/EmulatedCamera_Factory( 1327): 1 cameras are being emulated. 0 of them are fake cameras.
05-22 15:37:57.486 E/EmulatedCamera_HotplugThread( 1327): createFileIfNotExists: Could not create file '/data/misc/media/emulator.camera.hotplug.0', error: 'Permission denied' (13)
05-22 15:37:57.511 D/gralloc_ranchu( 1321): Emulator without host-side GPU emulation detected. Loading gralloc.default.so from /vendor/lib64/hw/gralloc.goldfish.default.so...
05-22 15:37:57.512 D/gralloc_ranchu( 1321): gralloc.default.so not found in /vendor. Trying /system/lib64/hw/gralloc.goldfish.default.so...
05-22 15:37:57.544 I/gralloc ( 1321): using (fd=11)
05-22 15:37:57.544 I/gralloc ( 1321): id           = 
05-22 15:37:57.544 I/gralloc ( 1321): xres         = 1080 px
05-22 15:37:57.544 I/gralloc ( 1321): yres         = 1920 px
05-22 15:37:57.544 I/gralloc ( 1321): xres_virtual = 1080 px
05-22 15:37:57.544 I/gralloc ( 1321): yres_virtual = 3840 px
05-22 15:37:57.544 I/gralloc ( 1321): bpp          = 16
05-22 15:37:57.544 I/gralloc ( 1321): r            = 11:5
05-22 15:37:57.544 I/gralloc ( 1321): g            =  5:6
05-22 15:37:57.544 I/gralloc ( 1321): b            =  0:5
05-22 15:37:57.545 I/gralloc ( 1321): width        = 166 mm (165.253006 dpi)
05-22 15:37:57.545 I/gralloc ( 1321): height       = 296 mm (164.756760 dpi)
05-22 15:37:57.545 I/gralloc ( 1321): refresh rate = 60.00 Hz
05-22 15:37:57.555 E/SurfaceFlinger( 1321): hwcomposer module not found
05-22 15:37:57.562 W/SurfaceFlinger( 1321): no suitable EGLConfig found, trying a simpler query
05-22 15:37:57.562 W/SurfaceFlinger( 1321): EGL_SLOW_CONFIG selected!
05-22 15:37:57.562 I/SurfaceFlinger( 1321): EGL information:
05-22 15:37:57.562 I/SurfaceFlinger( 1321): vendor    : Android
05-22 15:37:57.562 I/SurfaceFlinger( 1321): version   : 1.4 Android META-EGL
05-22 15:37:57.562 I/SurfaceFlinger( 1321): extensions: EGL_KHR_get_all_proc_addresses EGL_ANDROID_presentation_time EGL_KHR_swap_buffers_with_damage EGL_ANDROID_create_native_client_buffer EGL_ANDROID_front_buffer_auto_refresh EGL_KHR_image_base EGL_KHR_fence_sync EGL_ANDROID_image_native_buffer 
05-22 15:37:57.562 I/SurfaceFlinger( 1321): Client API: OpenGL_ES
05-22 15:37:57.562 I/SurfaceFlinger( 1321): EGLSurface: 5-6-5-0, config=0x0
05-22 15:37:57.564 W/SurfaceFlinger( 1321): no suitable EGLConfig found, trying a simpler query
05-22 15:37:57.564 W/SurfaceFlinger( 1321): EGL_SLOW_CONFIG selected!
05-22 15:37:57.564 I/SurfaceFlinger( 1321): EGL information:
05-22 15:37:57.564 I/SurfaceFlinger( 1321): vendor    : Android
05-22 15:37:57.564 I/SurfaceFlinger( 1321): version   : 1.4 Android META-EGL
05-22 15:37:57.564 I/SurfaceFlinger( 1321): extensions: EGL_KHR_get_all_proc_addresses EGL_ANDROID_presentation_time EGL_KHR_swap_buffers_with_damage EGL_ANDROID_create_native_client_buffer EGL_ANDROID_front_buffer_auto_refresh EGL_KHR_image_base EGL_KHR_fence_sync EGL_ANDROID_image_native_buffer 
05-22 15:37:57.564 I/SurfaceFlinger( 1321): Client API: OpenGL_ES
05-22 15:37:57.564 I/SurfaceFlinger( 1321): EGLSurface: 5-6-5-0, config=0x0
05-22 15:37:57.569 I/SurfaceFlinger( 1321): OpenGL ES informations:
05-22 15:37:57.569 I/SurfaceFlinger( 1321): vendor    : Android
05-22 15:37:57.569 I/SurfaceFlinger( 1321): renderer  : Android PixelFlinger 1.4
05-22 15:37:57.569 I/SurfaceFlinger( 1321): version   : OpenGL ES-CM 1.0
05-22 15:37:57.569 I/SurfaceFlinger( 1321): extensions: GL_EXT_debug_marker GL_OES_byte_coordinates GL_OES_fixed_point GL_OES_single_precision GL_OES_read_format GL_OES_compressed_paletted_texture GL_OES_draw_texture GL_OES_matrix_get GL_OES_query_matrix GL_OES_EGL_image GL_OES_EGL_sync GL_OES_compressed_ETC1_RGB8_texture GL_ARB_texture_compression GL_ARB_texture_non_power_of_two GL_ANDROID_user_clip_plane GL_ANDROID_vertex_buffer_object GL_ANDROID_generate_mipmap 
05-22 15:37:57.569 I/SurfaceFlinger( 1321): GL_MAX_TEXTURE_SIZE = 4096
05-22 15:37:57.569 I/SurfaceFlinger( 1321): GL_MAX_VIEWPORT_DIMS = 4096
05-22 15:37:57.596 W/SurfaceFlinger( 1321): no suitable EGLConfig found, trying a simpler query
05-22 15:37:57.596 W/SurfaceFlinger( 1321): EGL_SLOW_CONFIG selected!
05-22 15:37:57.596 I/SurfaceFlinger( 1321): EGL information:
05-22 15:37:57.596 I/SurfaceFlinger( 1321): vendor    : Android
05-22 15:37:57.596 I/SurfaceFlinger( 1321): version   : 1.4 Android META-EGL
05-22 15:37:57.596 I/SurfaceFlinger( 1321): extensions: EGL_KHR_get_all_proc_addresses EGL_ANDROID_presentation_time EGL_KHR_swap_buffers_with_damage EGL_ANDROID_create_native_client_buffer EGL_ANDROID_front_buffer_auto_refresh EGL_KHR_image_base EGL_KHR_fence_sync EGL_ANDROID_image_native_buffer 
05-22 15:37:57.596 I/SurfaceFlinger( 1321): Client API: OpenGL_ES
05-22 15:37:57.596 I/SurfaceFlinger( 1321): EGLSurface: 5-6-5-0, config=0x0
05-22 15:37:57.623 E/libEGL  ( 1321): called unimplemented OpenGL ES API
05-22 15:37:57.623 E/SurfaceFlinger( 1321): Error while compiling shader: 
05-22 15:37:57.623 E/SurfaceFlinger( 1321): attribute vec4 position;
05-22 15:37:57.623 E/SurfaceFlinger( 1321): uniform mat4 projection;
05-22 15:37:57.623 E/SurfaceFlinger( 1321): uniform mat4 texture;
05-22 15:37:57.623 E/SurfaceFlinger( 1321): void main(void) {
05-22 15:37:57.623 E/SurfaceFlinger( 1321):     gl_Position = projection * position;
05-22 15:37:57.623 E/SurfaceFlinger( 1321): }
05-22 15:37:57.623 E/SurfaceFlinger( 1321): 
05-22 15:37:57.623 E/SurfaceFlinger( 1321): öÿÿÿÿÿÿÿŸa‘„v
05-22 15:37:57.623 E/SurfaceFlinger( 1321): Error while compiling shader: 
05-22 15:37:57.623 E/SurfaceFlinger( 1321): precision mediump float;
05-22 15:37:57.623 E/SurfaceFlinger( 1321): uniform vec4 color;
05-22 15:37:57.623 E/SurfaceFlinger( 1321): void main(void) {
05-22 15:37:57.623 E/SurfaceFlinger( 1321):     gl_FragColor = color;
05-22 15:37:57.623 E/SurfaceFlinger( 1321): }
05-22 15:37:57.623 E/SurfaceFlinger( 1321): 
05-22 15:37:57.623 E/SurfaceFlinger( 1321): öÿÿÿÿÿÿÿŸa‘„v
05-22 15:37:57.623 E/SurfaceFlinger( 1321): Error while linking shaders:
05-22 15:37:57.623 E/SurfaceFlinger( 1321): Error while compiling shader: 
05-22 15:37:57.623 E/SurfaceFlinger( 1321): attribute vec4 position;
05-22 15:37:57.623 E/SurfaceFlinger( 1321): uniform mat4 projection;
05-22 15:37:57.623 E/SurfaceFlinger( 1321): uniform mat4 texture;
05-22 15:37:57.623 E/SurfaceFlinger( 1321): void main(void) {
05-22 15:37:57.623 E/SurfaceFlinger( 1321):     gl_Position = projection * position;
05-22 15:37:57.623 E/SurfaceFlinger( 1321): }
05-22 15:37:57.623 E/SurfaceFlinger( 1321): 
05-22 15:37:57.623 E/SurfaceFlinger( 1321): öÿÿÿÿÿÿÿŸa‘„v
05-22 15:37:57.623 E/SurfaceFlinger( 1321): Error while compiling shader: 
05-22 15:37:57.623 E/SurfaceFlinger( 1321): precision mediump float;
05-22 15:37:57.623 E/SurfaceFlinger( 1321): uniform vec4 color;
05-22 15:37:57.623 E/SurfaceFlinger( 1321): void main(void) {
05-22 15:37:57.623 E/SurfaceFlinger( 1321):     gl_FragColor = color;
05-22 15:37:57.623 E/SurfaceFlinger( 1321): }
05-22 15:37:57.623 E/SurfaceFlinger( 1321): 
05-22 15:37:57.623 E/SurfaceFlinger( 1321): öÿÿÿÿÿÿÿŸa‘„v
05-22 15:37:57.623 E/SurfaceFlinger( 1321): Error while linking shaders:
05-22 15:37:57.624 E/SurfaceFlinger( 1321): Error while compiling shader: 
05-22 15:37:57.624 E/SurfaceFlinger( 1321): attribute vec4 position;
05-22 15:37:57.624 E/SurfaceFlinger( 1321): uniform mat4 projection;
05-22 15:37:57.624 E/SurfaceFlinger( 1321): uniform mat4 texture;
05-22 15:37:57.624 E/SurfaceFlinger( 1321): void main(void) {
05-22 15:37:57.624 E/SurfaceFlinger( 1321):     gl_Position = projection * position;
05-22 15:37:57.624 E/SurfaceFlinger( 1321): }
05-22 15:37:57.624 E/SurfaceFlinger( 1321): 
05-22 15:37:57.624 E/SurfaceFlinger( 1321): öÿÿÿÿÿÿÿŸa‘„v
05-22 15:37:57.624 E/SurfaceFlinger( 1321): Error while compiling shader: 
05-22 15:37:57.624 E/SurfaceFlinger( 1321): precision mediump float;
05-22 15:37:57.624 E/SurfaceFlinger( 1321): uniform vec4 color;
05-22 15:37:57.624 E/SurfaceFlinger( 1321): void main(void) {
05-22 15:37:57.624 E/SurfaceFlinger( 1321):     gl_FragColor = color;
05-22 15:37:57.624 E/SurfaceFlinger( 1321):     gl_FragColor.a = 1.0;
05-22 15:37:57.624 E/SurfaceFlinger( 1321): }
05-22 15:37:57.624 E/SurfaceFlinger( 1321): 
05-22 15:37:57.624 E/SurfaceFlinger( 1321): öÿÿÿÿÿÿÿŸa‘„v
05-22 15:37:57.624 E/SurfaceFlinger( 1321): Error while linking shaders:
05-22 15:37:57.624 E/SurfaceFlinger( 1321): Error while compiling shader: 
05-22 15:37:57.624 E/SurfaceFlinger( 1321): attribute vec4 position;
05-22 15:37:57.624 E/SurfaceFlinger( 1321): uniform mat4 projection;
05-22 15:37:57.624 E/SurfaceFlinger( 1321): uniform mat4 texture;
05-22 15:37:57.624 E/SurfaceFlinger( 1321): void main(void) {
05-22 15:37:57.624 E/SurfaceFlinger( 1321):     gl_Position = projection * position;
05-22 15:37:57.624 E/SurfaceFlinger( 1321): }
05-22 15:37:57.624 E/SurfaceFlinger( 1321): 
05-22 15:37:57.624 E/SurfaceFlinger( 1321): öÿÿÿÿÿÿÿŸa‘„v
05-22 15:37:57.624 E/SurfaceFlinger( 1321): Error while compiling shader: 
05-22 15:37:57.624 E/SurfaceFlinger( 1321): precision mediump float;
05-22 15:37:57.624 E/SurfaceFlinger( 1321): uniform vec4 color;
05-22 15:37:57.624 E/SurfaceFlinger( 1321): void main(void) {
05-22 15:37:57.624 E/SurfaceFlinger( 1321):     gl_FragColor = color;
05-22 15:37:57.624 E/SurfaceFlinger( 1321):     gl_FragColor.a = 1.0;
05-22 15:37:57.624 E/SurfaceFlinger( 1321): }
05-22 15:37:57.624 E/SurfaceFlinger( 1321): 
05-22 15:37:57.624 E/SurfaceFlinger( 1321): öÿÿÿÿÿÿÿŸa‘„v
05-22 15:37:57.624 E/SurfaceFlinger( 1321): Error while linking shaders:
05-22 15:37:57.624 E/SurfaceFlinger( 1321): Error while compiling shader: 
05-22 15:37:57.624 E/SurfaceFlinger( 1321): attribute vec4 position;
05-22 15:37:57.624 E/SurfaceFlinger( 1321): uniform mat4 projection;
05-22 15:37:57.624 E/SurfaceFlinger( 1321): uniform mat4 texture;
05-22 15:37:57.624 E/SurfaceFlinger( 1321): void main(void) {
05-22 15:37:57.624 E/SurfaceFlinger( 1321):     gl_Position = projection * position;
05-22 15:37:57.624 E/SurfaceFlinger( 1321): }
05-22 15:37:57.624 E/SurfaceFlinger( 1321): 
05-22 15:37:57.624 E/SurfaceFlinger( 1321): öÿÿÿÿÿÿÿŸa‘„v
05-22 15:37:57.624 E/SurfaceFlinger( 1321): Error while compiling shader: 
05-22 15:37:57.624 E/SurfaceFlinger( 1321): precision mediump float;
05-22 15:37:57.624 E/SurfaceFlinger( 1321): uniform vec4 color;
05-22 15:37:57.624 E/SurfaceFlinger( 1321): uniform float alphaPlane;
05-22 15:37:57.624 E/SurfaceFlinger( 1321): void main(void) {
05-22 15:37:57.624 E/SurfaceFlinger( 1321):     gl_FragColor = color;
05-22 15:37:57.624 E/SurfaceFlinger( 1321):     gl_FragColor.a *= alphaPlane;
05-22 15:37:57.624 E/SurfaceFlinger( 1321): }
05-22 15:37:57.624 E/SurfaceFlinger( 1321): 
05-22 15:37:57.624 E/SurfaceFlinger( 1321): öÿÿÿÿÿÿÿŸa‘„v
05-22 15:37:57.624 E/SurfaceFlinger( 1321): Error while linking shaders:
05-22 15:37:57.624 E/SurfaceFlinger( 1321): Error while compiling shader: 
05-22 15:37:57.624 E/SurfaceFlinger( 1321): attribute vec4 position;
05-22 15:37:57.624 E/SurfaceFlinger( 1321): uniform mat4 projection;
05-22 15:37:57.624 E/SurfaceFlinger( 1321): uniform mat4 texture;
05-22 15:37:57.624 E/SurfaceFlinger( 1321): void main(void) {
05-22 15:37:57.624 E/SurfaceFlinger( 1321):     gl_Position = projection * position;
05-22 15:37:57.624 E/SurfaceFlinger( 1321): }
05-22 15:37:57.624 E/SurfaceFlinger( 1321): 
05-22 15:37:57.624 E/SurfaceFlinger( 1321): öÿÿÿÿÿÿÿŸa‘„v
05-22 15:37:57.624 E/SurfaceFlinger( 1321): Error while compiling shader: 
05-22 15:37:57.624 E/SurfaceFlinger( 1321): precision mediump float;
05-22 15:37:57.624 E/SurfaceFlinger( 1321): uniform vec4 color;
05-22 15:37:57.624 E/SurfaceFlinger( 1321): uniform float alphaPlane;
05-22 15:37:57.624 E/SurfaceFlinger( 1321): void main(void) {
05-22 15:37:57.624 E/SurfaceFlinger( 1321):     gl_FragColor = color;
05-22 15:37:57.624 E/SurfaceFlinger( 1321):     gl_FragColor *= alphaPlane;
05-22 15:37:57.624 E/SurfaceFlinger( 1321): }
05-22 15:37:57.624 E/SurfaceFlinger( 1321): 
05-22 15:37:57.624 E/SurfaceFlinger( 1321): öÿÿÿÿÿÿÿŸa‘„v
05-22 15:37:57.624 E/SurfaceFlinger( 1321): Error while linking shaders:
05-22 15:37:57.624 E/SurfaceFlinger( 1321): Error while compiling shader: 
05-22 15:37:57.624 E/SurfaceFlinger( 1321): attribute vec4 position;
05-22 15:37:57.624 E/SurfaceFlinger( 1321): uniform mat4 projection;
05-22 15:37:57.624 E/SurfaceFlinger( 1321): uniform mat4 texture;
05-22 15:37:57.624 E/SurfaceFlinger( 1321): void main(void) {
05-22 15:37:57.624 E/SurfaceFlinger( 1321):     gl_Position = projection * position;
05-22 15:37:57.624 E/SurfaceFlinger( 1321): }
05-22 15:37:57.624 E/SurfaceFlinger( 1321): 
05-22 15:37:57.624 E/SurfaceFlinger( 1321): öÿÿÿÿÿÿÿŸa‘„v
05-22 15:37:57.624 E/SurfaceFlinger( 1321): Error while compiling shader: 
05-22 15:37:57.624 E/SurfaceFlinger( 1321): precision mediump float;
05-22 15:37:57.624 E/SurfaceFlinger( 1321): uniform vec4 color;
05-22 15:37:57.624 E/SurfaceFlinger( 1321): uniform float alphaPlane;
05-22 15:37:57.624 E/SurfaceFlinger( 1321): void main(void) {
05-22 15:37:57.624 E/SurfaceFlinger( 1321):     gl_FragColor = color;
05-22 15:37:57.624 E/SurfaceFlinger( 1321):     gl_FragColor.a = 1.0;
05-22 15:37:57.624 E/SurfaceFlinger( 1321):     gl_FragColor.a *= alphaPlane;
05-22 15:37:57.624 E/SurfaceFlinger( 1321): }
05-22 15:37:57.624 E/SurfaceFlinger( 1321): 
05-22 15:37:57.624 E/SurfaceFlinger( 1321): öÿÿÿÿÿÿÿŸa‘„v
05-22 15:37:57.624 E/SurfaceFlinger( 1321): Error while linking shaders:
05-22 15:37:57.624 E/SurfaceFlinger( 1321): Error while compiling shader: 
05-22 15:37:57.624 E/SurfaceFlinger( 1321): attribute vec4 position;
05-22 15:37:57.624 E/SurfaceFlinger( 1321): uniform mat4 projection;
05-22 15:37:57.624 E/SurfaceFlinger( 1321): uniform mat4 texture;
05-22 15:37:57.624 E/SurfaceFlinger( 1321): void main(void) {
05-22 15:37:57.624 E/SurfaceFlinger( 1321):     gl_Position = projection * position;
05-22 15:37:57.624 E/SurfaceFlinger( 1321): }
05-22 15:37:57.624 E/SurfaceFlinger( 1321): 
05-22 15:37:57.624 E/SurfaceFlinger( 1321): öÿÿÿÿÿÿÿŸa‘„v
05-22 15:37:57.624 E/SurfaceFlinger( 1321): Error while compiling shader: 
05-22 15:37:57.624 E/SurfaceFlinger( 1321): precision mediump float;
05-22 15:37:57.624 E/SurfaceFlinger( 1321): uniform vec4 color;
05-22 15:37:57.624 E/SurfaceFlinger( 1321): uniform float alphaPlane;
05-22 15:37:57.624 E/SurfaceFlinger( 1321): void main(void) {
05-22 15:37:57.624 E/SurfaceFlinger( 1321):     gl_FragColor = color;
05-22 15:37:57.624 E/SurfaceFlinger( 1321):     gl_FragColor.a = 1.0;
05-22 15:37:57.624 E/SurfaceFlinger( 1321):     gl_FragColor *= alphaPlane;
05-22 15:37:57.624 E/SurfaceFlinger( 1321): }
05-22 15:37:57.624 E/SurfaceFlinger( 1321): 
05-22 15:37:57.624 E/SurfaceFlinger( 1321): öÿÿÿÿÿÿÿŸa‘„v
05-22 15:37:57.624 E/SurfaceFlinger( 1321): Error while linking shaders:
05-22 15:37:57.625 E/SurfaceFlinger( 1321): Error while compiling shader: 
05-22 15:37:57.625 E/SurfaceFlinger( 1321): attribute vec4 texCoords;
05-22 15:37:57.625 E/SurfaceFlinger( 1321): varying vec2 outTexCoords;
05-22 15:37:57.625 E/SurfaceFlinger( 1321): attribute vec4 position;
05-22 15:37:57.625 E/SurfaceFlinger( 1321): uniform mat4 projection;
05-22 15:37:57.625 E/SurfaceFlinger( 1321): uniform mat4 texture;
05-22 15:37:57.625 E/SurfaceFlinger( 1321): void main(void) {
05-22 15:37:57.625 E/SurfaceFlinger( 1321):     gl_Position = projection * position;
05-22 15:37:57.625 E/SurfaceFlinger( 1321):     outTexCoords = (texture * texCoords).st;
05-22 15:37:57.625 E/SurfaceFlinger( 1321): }
05-22 15:37:57.625 E/SurfaceFlinger( 1321): 
05-22 15:37:57.625 E/SurfaceFlinger( 1321): öÿÿÿÿÿÿÿŸa‘„v
05-22 15:37:57.625 E/SurfaceFlinger( 1321): Error while compiling shader: 
05-22 15:37:57.625 E/SurfaceFlinger( 1321): #extension GL_OES_EGL_image_external : require
05-22 15:37:57.625 E/SurfaceFlinger( 1321): precision mediump float;
05-22 15:37:57.625 E/SurfaceFlinger( 1321): uniform samplerExternalOES sampler;
05-22 15:37:57.625 E/SurfaceFlinger( 1321): varying vec2 outTexCoords;
05-22 15:37:57.625 E/SurfaceFlinger( 1321): void main(void) {
05-22 15:37:57.625 E/SurfaceFlinger( 1321):     gl_FragColor = texture2D(sampler, outTexCoords);
05-22 15:37:57.625 E/SurfaceFlinger( 1321): }
05-22 15:37:57.625 E/SurfaceFlinger( 1321): 
05-22 15:37:57.625 E/SurfaceFlinger( 1321): öÿÿÿÿÿÿÿŸa‘„v
05-22 15:37:57.625 E/SurfaceFlinger( 1321): Error while linking shaders:
05-22 15:37:57.625 E/SurfaceFlinger( 1321): Error while compiling shader: 
05-22 15:37:57.625 E/SurfaceFlinger( 1321): attribute vec4 texCoords;
05-22 15:37:57.625 E/SurfaceFlinger( 1321): varying vec2 outTexCoords;
05-22 15:37:57.625 E/SurfaceFlinger( 1321): attribute vec4 position;
05-22 15:37:57.625 E/SurfaceFlinger( 1321): uniform mat4 projection;
05-22 15:37:57.625 E/SurfaceFlinger( 1321): uniform mat4 texture;
05-22 15:37:57.625 E/SurfaceFlinger( 1321): void main(void) {
05-22 15:37:57.625 E/SurfaceFlinger( 1321):     gl_Position = projection * position;
05-22 15:37:57.625 E/SurfaceFlinger( 1321):     outTexCoords = (texture * texCoords).st;
05-22 15:37:57.625 E/SurfaceFlinger( 1321): }
05-22 15:37:57.625 E/SurfaceFlinger( 1321): 
05-22 15:37:57.625 E/SurfaceFlinger( 1321): öÿÿÿÿÿÿÿŸa‘„v
05-22 15:37:57.625 E/SurfaceFlinger( 1321): Error while compiling shader: 
05-22 15:37:57.625 E/SurfaceFlinger( 1321): #extension GL_OES_EGL_image_external : require
05-22 15:37:57.625 E/SurfaceFlinger( 1321): precision mediump float;
05-22 15:37:57.625 E/SurfaceFlinger( 1321): uniform samplerExternalOES sampler;
05-22 15:37:57.625 E/SurfaceFlinger( 1321): varying vec2 outTexCoords;
05-22 15:37:57.625 E/SurfaceFlinger( 1321): void main(void) {
05-22 15:37:57.625 E/SurfaceFlinger( 1321):     gl_FragColor = texture2D(sampler, outTexCoords);
05-22 15:37:57.625 E/SurfaceFlinger( 1321): }
05-22 15:37:57.625 E/SurfaceFlinger( 1321): 
05-22 15:37:57.625 E/SurfaceFlinger( 1321): öÿÿÿÿÿÿÿŸa‘„v
05-22 15:37:57.625 E/SurfaceFlinger( 1321): Error while linking shaders:
05-22 15:37:57.625 E/SurfaceFlinger( 1321): Error while compiling shader: 
05-22 15:37:57.625 E/SurfaceFlinger( 1321): attribute vec4 texCoords;
05-22 15:37:57.625 E/SurfaceFlinger( 1321): varying vec2 outTexCoords;
05-22 15:37:57.625 E/SurfaceFlinger( 1321): attribute vec4 position;
05-22 15:37:57.625 E/SurfaceFlinger( 1321): uniform mat4 projection;
05-22 15:37:57.625 E/SurfaceFlinger( 1321): uniform mat4 texture;
05-22 15:37:57.625 E/SurfaceFlinger( 1321): void main(void) {
05-22 15:37:57.625 E/SurfaceFlinger( 1321):     gl_Position = projection * position;
05-22 15:37:57.625 E/SurfaceFlinger( 1321):     outTexCoords = (texture * texCoords).st;
05-22 15:37:57.625 E/SurfaceFlinger( 1321): }
05-22 15:37:57.625 E/SurfaceFlinger( 1321): 
05-22 15:37:57.625 E/SurfaceFlinger( 1321): öÿÿÿÿÿÿÿŸa‘„v
05-22 15:37:57.625 E/SurfaceFlinger( 1321): Error while compiling shader: 
05-22 15:37:57.625 E/SurfaceFlinger( 1321): #extension GL_OES_EGL_image_external : require
05-22 15:37:57.625 E/SurfaceFlinger( 1321): precision mediump float;
05-22 15:37:57.625 E/SurfaceFlinger( 1321): uniform samplerExternalOES sampler;
05-22 15:37:57.625 E/SurfaceFlinger( 1321): varying vec2 outTexCoords;
05-22 15:37:57.625 E/SurfaceFlinger( 1321): void main(void) {
05-22 15:37:57.625 E/SurfaceFlinger( 1321):     gl_FragColor = texture2D(sampler, outTexCoords);
05-22 15:37:57.625 E/SurfaceFlinger( 1321):     gl_FragColor.a = 1.0;
05-22 15:37:57.625 E/SurfaceFlinger( 1321): }
05-22 15:37:57.625 E/SurfaceFlinger( 1321): 
05-22 15:37:57.625 E/SurfaceFlinger( 1321): öÿÿÿÿÿÿÿŸa‘„v
05-22 15:37:57.625 E/SurfaceFlinger( 1321): Error while linking shaders:
05-22 15:37:57.625 E/SurfaceFlinger( 1321): Error while compiling shader: 
05-22 15:37:57.625 E/SurfaceFlinger( 1321): attribute vec4 texCoords;
05-22 15:37:57.625 E/SurfaceFlinger( 1321): varying vec2 outTexCoords;
05-22 15:37:57.625 E/SurfaceFlinger( 1321): attribute vec4 position;
05-22 15:37:57.625 E/SurfaceFlinger( 1321): uniform mat4 projection;
05-22 15:37:57.625 E/SurfaceFlinger( 1321): uniform mat4 texture;
05-22 15:37:57.625 E/SurfaceFlinger( 1321): void main(void) {
05-22 15:37:57.625 E/SurfaceFlinger( 1321):     gl_Position = projection * position;
05-22 15:37:57.625 E/SurfaceFlinger( 1321):     outTexCoords = (texture * texCoords).st;
05-22 15:37:57.625 E/SurfaceFlinger( 1321): }
05-22 15:37:57.625 E/SurfaceFlinger( 1321): 
05-22 15:37:57.625 E/SurfaceFlinger( 1321): öÿÿÿÿÿÿÿŸa‘„v
05-22 15:37:57.625 E/SurfaceFlinger( 1321): Error while compiling shader: 
05-22 15:37:57.625 E/SurfaceFlinger( 1321): #extension GL_OES_EGL_image_external : require
05-22 15:37:57.625 E/SurfaceFlinger( 1321): precision mediump float;
05-22 15:37:57.625 E/SurfaceFlinger( 1321): uniform samplerExternalOES sampler;
05-22 15:37:57.625 E/SurfaceFlinger( 1321): varying vec2 outTexCoords;
05-22 15:37:57.625 E/SurfaceFlinger( 1321): void main(void) {
05-22 15:37:57.625 E/SurfaceFlinger( 1321):     gl_FragColor = texture2D(sampler, outTexCoords);
05-22 15:37:57.625 E/SurfaceFlinger( 1321):     gl_FragColor.a = 1.0;
05-22 15:37:57.625 E/SurfaceFlinger( 1321): }
05-22 15:37:57.625 E/SurfaceFlinger( 1321): 
05-22 15:37:57.625 E/SurfaceFlinger( 1321): öÿÿÿÿÿÿÿŸa‘„v
05-22 15:37:57.625 E/SurfaceFlinger( 1321): Error while linking shaders:
05-22 15:37:57.625 E/SurfaceFlinger( 1321): Error while compiling shader: 
05-22 15:37:57.625 E/SurfaceFlinger( 1321): attribute vec4 texCoords;
05-22 15:37:57.625 E/SurfaceFlinger( 1321): varying vec2 outTexCoords;
05-22 15:37:57.625 E/SurfaceFlinger( 1321): attribute vec4 position;
05-22 15:37:57.625 E/SurfaceFlinger( 1321): uniform mat4 projection;
05-22 15:37:57.625 E/SurfaceFlinger( 1321): uniform mat4 texture;
05-22 15:37:57.625 E/SurfaceFlinger( 1321): void main(void) {
05-22 15:37:57.625 E/SurfaceFlinger( 1321):     gl_Position = projection * position;
05-22 15:37:57.625 E/SurfaceFlinger( 1321):     outTexCoords = (texture * texCoords).st;
05-22 15:37:57.625 E/SurfaceFlinger( 1321): }
05-22 15:37:57.625 E/SurfaceFlinger( 1321): 
05-22 15:37:57.625 E/SurfaceFlinger( 1321): öÿÿÿÿÿÿÿŸa‘„v
05-22 15:37:57.625 E/SurfaceFlinger( 1321): Error while compiling shader: 
05-22 15:37:57.625 E/SurfaceFlinger( 1321): #extension GL_OES_EGL_image_external : require
05-22 15:37:57.625 E/SurfaceFlinger( 1321): precision mediump float;
05-22 15:37:57.625 E/SurfaceFlinger( 1321): uniform samplerExternalOES sampler;
05-22 15:37:57.625 E/SurfaceFlinger( 1321): varying vec2 outTexCoords;
05-22 15:37:57.625 E/SurfaceFlinger( 1321): uniform float alphaPlane;
05-22 15:37:57.625 E/SurfaceFlinger( 1321): void main(void) {
05-22 15:37:57.625 E/SurfaceFlinger( 1321):     gl_FragColor = texture2D(sampler, outTexCoords);
05-22 15:37:57.625 E/SurfaceFlinger( 1321):     gl_FragColor.a *= alphaPlane;
05-22 15:37:57.625 E/SurfaceFlinger( 1321): }
05-22 15:37:57.625 E/SurfaceFlinger( 1321): 
05-22 15:37:57.625 E/SurfaceFlinger( 1321): öÿÿÿÿÿÿÿŸa‘„v
05-22 15:37:57.625 E/SurfaceFlinger( 1321): Error while linking shaders:
05-22 15:37:57.625 E/SurfaceFlinger( 1321): Error while compiling shader: 
05-22 15:37:57.625 E/SurfaceFlinger( 1321): attribute vec4 texCoords;
05-22 15:37:57.625 E/SurfaceFlinger( 1321): varying vec2 outTexCoords;
05-22 15:37:57.625 E/SurfaceFlinger( 1321): attribute vec4 position;
05-22 15:37:57.625 E/SurfaceFlinger( 1321): uniform mat4 projection;
05-22 15:37:57.625 E/SurfaceFlinger( 1321): uniform mat4 texture;
05-22 15:37:57.625 E/SurfaceFlinger( 1321): void main(void) {
05-22 15:37:57.625 E/SurfaceFlinger( 1321):     gl_Position = projection * position;
05-22 15:37:57.625 E/SurfaceFlinger( 1321):     outTexCoords = (texture * texCoords).st;
05-22 15:37:57.625 E/SurfaceFlinger( 1321): }
05-22 15:37:57.625 E/SurfaceFlinger( 1321): 
05-22 15:37:57.625 E/SurfaceFlinger( 1321): öÿÿÿÿÿÿÿŸa‘„v
05-22 15:37:57.625 E/SurfaceFlinger( 1321): Error while compiling shader: 
05-22 15:37:57.625 E/SurfaceFlinger( 1321): #extension GL_OES_EGL_image_external : require
05-22 15:37:57.625 E/SurfaceFlinger( 1321): precision mediump float;
05-22 15:37:57.625 E/SurfaceFlinger( 1321): uniform samplerExternalOES sampler;
05-22 15:37:57.625 E/SurfaceFlinger( 1321): varying vec2 outTexCoords;
05-22 15:37:57.625 E/SurfaceFlinger( 1321): uniform float alphaPlane;
05-22 15:37:57.625 E/SurfaceFlinger( 1321): void main(void) {
05-22 15:37:57.625 E/SurfaceFlinger( 1321):     gl_FragColor = texture2D(sampler, outTexCoords);
05-22 15:37:57.625 E/SurfaceFlinger( 1321):     gl_FragColor *= alphaPlane;
05-22 15:37:57.625 E/SurfaceFlinger( 1321): }
05-22 15:37:57.625 E/SurfaceFlinger( 1321): 
05-22 15:37:57.625 E/SurfaceFlinger( 1321): öÿÿÿÿÿÿÿŸa‘„v
05-22 15:37:57.625 E/SurfaceFlinger( 1321): Error while linking shaders:
05-22 15:37:57.625 E/SurfaceFlinger( 1321): Error while compiling shader: 
05-22 15:37:57.625 E/SurfaceFlinger( 1321): attribute vec4 texCoords;
05-22 15:37:57.625 E/SurfaceFlinger( 1321): varying vec2 outTexCoords;
05-22 15:37:57.625 E/SurfaceFlinger( 1321): attribute vec4 position;
05-22 15:37:57.625 E/SurfaceFlinger( 1321): uniform mat4 projection;
05-22 15:37:57.625 E/SurfaceFlinger( 1321): uniform mat4 texture;
05-22 15:37:57.625 E/SurfaceFlinger( 1321): void main(void) {
05-22 15:37:57.625 E/SurfaceFlinger( 1321):     gl_Position = projection * position;
05-22 15:37:57.625 E/SurfaceFlinger( 1321):     outTexCoords = (texture * texCoords).st;
05-22 15:37:57.625 E/SurfaceFlinger( 1321): }
05-22 15:37:57.625 E/SurfaceFlinger( 1321): 
05-22 15:37:57.625 E/SurfaceFlinger( 1321): öÿÿÿÿÿÿÿŸa‘„v
05-22 15:37:57.625 E/SurfaceFlinger( 1321): Error while compiling shader: 
05-22 15:37:57.625 E/SurfaceFlinger( 1321): #extension GL_OES_EGL_image_external : require
05-22 15:37:57.625 E/SurfaceFlinger( 1321): precision mediump float;
05-22 15:37:57.625 E/SurfaceFlinger( 1321): uniform samplerExternalOES sampler;
05-22 15:37:57.625 E/SurfaceFlinger( 1321): varying vec2 outTexCoords;
05-22 15:37:57.625 E/SurfaceFlinger( 1321): uniform float alphaPlane;
05-22 15:37:57.625 E/SurfaceFlinger( 1321): void main(void) {
05-22 15:37:57.625 E/SurfaceFlinger( 1321):     gl_FragColor = texture2D(sampler, outTexCoords);
05-22 15:37:57.625 E/SurfaceFlinger( 1321):     gl_FragColor.a = 1.0;
05-22 15:37:57.625 E/SurfaceFlinger( 1321):     gl_FragColor.a *= alphaPlane;
05-22 15:37:57.625 E/SurfaceFlinger( 1321): }
05-22 15:37:57.625 E/SurfaceFlinger( 1321): 
05-22 15:37:57.625 E/SurfaceFlinger( 1321): öÿÿÿÿÿÿÿŸa‘„v
05-22 15:37:57.625 E/SurfaceFlinger( 1321): Error while linking shaders:
05-22 15:37:57.626 E/SurfaceFlinger( 1321): Error while compiling shader: 
05-22 15:37:57.626 E/SurfaceFlinger( 1321): attribute vec4 texCoords;
05-22 15:37:57.626 E/SurfaceFlinger( 1321): varying vec2 outTexCoords;
05-22 15:37:57.626 E/SurfaceFlinger( 1321): attribute vec4 position;
05-22 15:37:57.626 E/SurfaceFlinger( 1321): uniform mat4 projection;
05-22 15:37:57.626 E/SurfaceFlinger( 1321): uniform mat4 texture;
05-22 15:37:57.626 E/SurfaceFlinger( 1321): void main(void) {
05-22 15:37:57.626 E/SurfaceFlinger( 1321):     gl_Position = projection * position;
05-22 15:37:57.626 E/SurfaceFlinger( 1321):     outTexCoords = (texture * texCoords).st;
05-22 15:37:57.626 E/SurfaceFlinger( 1321): }
05-22 15:37:57.626 E/SurfaceFlinger( 1321): 
05-22 15:37:57.626 E/SurfaceFlinger( 1321): öÿÿÿÿÿÿÿŸa‘„v
05-22 15:37:57.626 E/SurfaceFlinger( 1321): Error while compiling shader: 
05-22 15:37:57.626 E/SurfaceFlinger( 1321): #extension GL_OES_EGL_image_external : require
05-22 15:37:57.626 E/SurfaceFlinger( 1321): precision mediump float;
05-22 15:37:57.626 E/SurfaceFlinger( 1321): uniform samplerExternalOES sampler;
05-22 15:37:57.626 E/SurfaceFlinger( 1321): varying vec2 outTexCoords;
05-22 15:37:57.626 E/SurfaceFlinger( 1321): uniform float alphaPlane;
05-22 15:37:57.626 E/SurfaceFlinger( 1321): void main(void) {
05-22 15:37:57.626 E/SurfaceFlinger( 1321):     gl_FragColor = texture2D(sampler, outTexCoords);
05-22 15:37:57.626 E/SurfaceFlinger( 1321):     gl_FragColor.a = 1.0;
05-22 15:37:57.626 E/SurfaceFlinger( 1321):     gl_FragColor *= alphaPlane;
05-22 15:37:57.626 E/SurfaceFlinger( 1321): }
05-22 15:37:57.626 E/SurfaceFlinger( 1321): 
05-22 15:37:57.626 E/SurfaceFlinger( 1321): öÿÿÿÿÿÿÿŸa‘„v
05-22 15:37:57.626 E/SurfaceFlinger( 1321): Error while linking shaders:
05-22 15:37:57.626 E/SurfaceFlinger( 1321): Error while compiling shader: 
05-22 15:37:57.626 E/SurfaceFlinger( 1321): attribute vec4 texCoords;
05-22 15:37:57.626 E/SurfaceFlinger( 1321): varying vec2 outTexCoords;
05-22 15:37:57.626 E/SurfaceFlinger( 1321): attribute vec4 position;
05-22 15:37:57.626 E/SurfaceFlinger( 1321): uniform mat4 projection;
05-22 15:37:57.626 E/SurfaceFlinger( 1321): uniform mat4 texture;
05-22 15:37:57.626 E/SurfaceFlinger( 1321): void main(void) {
05-22 15:37:57.626 E/SurfaceFlinger( 1321):     gl_Position = projection * position;
05-22 15:37:57.626 E/SurfaceFlinger( 1321):     outTexCoords = (texture * texCoords).st;
05-22 15:37:57.626 E/SurfaceFlinger( 1321): }
05-22 15:37:57.626 E/SurfaceFlinger( 1321): 
05-22 15:37:57.626 E/SurfaceFlinger( 1321): öÿÿÿÿÿÿÿŸa‘„v
05-22 15:37:57.626 E/SurfaceFlinger( 1321): Error while compiling shader: 
05-22 15:37:57.626 E/SurfaceFlinger( 1321): precision mediump float;
05-22 15:37:57.626 E/SurfaceFlinger( 1321): uniform sampler2D sampler;
05-22 15:37:57.626 E/SurfaceFlinger( 1321): varying vec2 outTexCoords;
05-22 15:37:57.626 E/SurfaceFlinger( 1321): void main(void) {
05-22 15:37:57.626 E/SurfaceFlinger( 1321):     gl_FragColor = texture2D(sampler, outTexCoords);
05-22 15:37:57.626 E/SurfaceFlinger( 1321): }
05-22 15:37:57.626 E/SurfaceFlinger( 1321): 
05-22 15:37:57.626 E/SurfaceFlinger( 1321): öÿÿÿÿÿÿÿŸa‘„v
05-22 15:37:57.626 E/SurfaceFlinger( 1321): Error while linking shaders:
05-22 15:37:57.626 E/SurfaceFlinger( 1321): Error while compiling shader: 
05-22 15:37:57.626 E/SurfaceFlinger( 1321): attribute vec4 texCoords;
05-22 15:37:57.626 E/SurfaceFlinger( 1321): varying vec2 outTexCoords;
05-22 15:37:57.626 E/SurfaceFlinger( 1321): attribute vec4 position;
05-22 15:37:57.626 E/SurfaceFlinger( 1321): uniform mat4 projection;
05-22 15:37:57.626 E/SurfaceFlinger( 1321): uniform mat4 texture;
05-22 15:37:57.626 E/SurfaceFlinger( 1321): void main(void) {
05-22 15:37:57.626 E/SurfaceFlinger( 1321):     gl_Position = projection * position;
05-22 15:37:57.626 E/SurfaceFlinger( 1321):     outTexCoords = (texture * texCoords).st;
05-22 15:37:57.626 E/SurfaceFlinger( 1321): }
05-22 15:37:57.626 E/SurfaceFlinger( 1321): 
05-22 15:37:57.626 E/SurfaceFlinger( 1321): öÿÿÿÿÿÿÿŸa‘„v
05-22 15:37:57.626 E/SurfaceFlinger( 1321): Error while compiling shader: 
05-22 15:37:57.626 E/SurfaceFlinger( 1321): precision mediump float;
05-22 15:37:57.626 E/SurfaceFlinger( 1321): uniform sampler2D sampler;
05-22 15:37:57.626 E/SurfaceFlinger( 1321): varying vec2 outTexCoords;
05-22 15:37:57.626 E/SurfaceFlinger( 1321): void main(void) {
05-22 15:37:57.626 E/SurfaceFlinger( 1321):     gl_FragColor = texture2D(sampler, outTexCoords);
05-22 15:37:57.626 E/SurfaceFlinger( 1321): }
05-22 15:37:57.626 E/SurfaceFlinger( 1321): 
05-22 15:37:57.626 E/SurfaceFlinger( 1321): öÿÿÿÿÿÿÿŸa‘„v
05-22 15:37:57.626 E/SurfaceFlinger( 1321): Error while linking shaders:
05-22 15:37:57.626 E/SurfaceFlinger( 1321): Error while compiling shader: 
05-22 15:37:57.626 E/SurfaceFlinger( 1321): attribute vec4 texCoords;
05-22 15:37:57.626 E/SurfaceFlinger( 1321): varying vec2 outTexCoords;
05-22 15:37:57.626 E/SurfaceFlinger( 1321): attribute vec4 position;
05-22 15:37:57.626 E/SurfaceFlinger( 1321): uniform mat4 projection;
05-22 15:37:57.626 E/SurfaceFlinger( 1321): uniform mat4 texture;
05-22 15:37:57.626 E/SurfaceFlinger( 1321): void main(void) {
05-22 15:37:57.626 E/SurfaceFlinger( 1321):     gl_Position = projection * position;
05-22 15:37:57.626 E/SurfaceFlinger( 1321):     outTexCoords = (texture * texCoords).st;
05-22 15:37:57.626 E/SurfaceFlinger( 1321): }
05-22 15:37:57.626 E/SurfaceFlinger( 1321): 
05-22 15:37:57.626 E/SurfaceFlinger( 1321): öÿÿÿÿÿÿÿŸa‘„v
05-22 15:37:57.626 E/SurfaceFlinger( 1321): Error while compiling shader: 
05-22 15:37:57.626 E/SurfaceFlinger( 1321): precision mediump float;
05-22 15:37:57.626 E/SurfaceFlinger( 1321): uniform sampler2D sampler;
05-22 15:37:57.626 E/SurfaceFlinger( 1321): varying vec2 outTexCoords;
05-22 15:37:57.626 E/SurfaceFlinger( 1321): void main(void) {
05-22 15:37:57.626 E/SurfaceFlinger( 1321):     gl_FragColor = texture2D(sampler, outTexCoords);
05-22 15:37:57.626 E/SurfaceFlinger( 1321):     gl_FragColor.a = 1.0;
05-22 15:37:57.626 E/SurfaceFlinger( 1321): }
05-22 15:37:57.626 E/SurfaceFlinger( 1321): 
05-22 15:37:57.626 E/SurfaceFlinger( 1321): öÿÿÿÿÿÿÿŸa‘„v
05-22 15:37:57.626 E/SurfaceFlinger( 1321): Error while linking shaders:
05-22 15:37:57.626 E/SurfaceFlinger( 1321): Error while compiling shader: 
05-22 15:37:57.626 E/SurfaceFlinger( 1321): attribute vec4 texCoords;
05-22 15:37:57.626 E/SurfaceFlinger( 1321): varying vec2 outTexCoords;
05-22 15:37:57.626 E/SurfaceFlinger( 1321): attribute vec4 position;
05-22 15:37:57.626 E/SurfaceFlinger( 1321): uniform mat4 projection;
05-22 15:37:57.626 E/SurfaceFlinger( 1321): uniform mat4 texture;
05-22 15:37:57.626 E/SurfaceFlinger( 1321): void main(void) {
05-22 15:37:57.626 E/SurfaceFlinger( 1321):     gl_Position = projection * position;
05-22 15:37:57.626 E/SurfaceFlinger( 1321):     outTexCoords = (texture * texCoords).st;
05-22 15:37:57.626 E/SurfaceFlinger( 1321): }
05-22 15:37:57.626 E/SurfaceFlinger( 1321): 
05-22 15:37:57.626 E/SurfaceFlinger( 1321): öÿÿÿÿÿÿÿŸa‘„v
05-22 15:37:57.626 E/SurfaceFlinger( 1321): Error while compiling shader: 
05-22 15:37:57.626 E/SurfaceFlinger( 1321): precision mediump float;
05-22 15:37:57.626 E/SurfaceFlinger( 1321): uniform sampler2D sampler;
05-22 15:37:57.626 E/SurfaceFlinger( 1321): varying vec2 outTexCoords;
05-22 15:37:57.626 E/SurfaceFlinger( 1321): void main(void) {
05-22 15:37:57.626 E/SurfaceFlinger( 1321):     gl_FragColor = texture2D(sampler, outTexCoords);
05-22 15:37:57.626 E/SurfaceFlinger( 1321):     gl_FragColor.a = 1.0;
05-22 15:37:57.626 E/SurfaceFlinger( 1321): }
05-22 15:37:57.626 E/SurfaceFlinger( 1321): 
05-22 15:37:57.626 E/SurfaceFlinger( 1321): öÿÿÿÿÿÿÿŸa‘„v
05-22 15:37:57.626 E/SurfaceFlinger( 1321): Error while linking shaders:
05-22 15:37:57.626 E/SurfaceFlinger( 1321): Error while compiling shader: 
05-22 15:37:57.626 E/SurfaceFlinger( 1321): attribute vec4 texCoords;
05-22 15:37:57.626 E/SurfaceFlinger( 1321): varying vec2 outTexCoords;
05-22 15:37:57.626 E/SurfaceFlinger( 1321): attribute vec4 position;
05-22 15:37:57.626 E/SurfaceFlinger( 1321): uniform mat4 projection;
05-22 15:37:57.626 E/SurfaceFlinger( 1321): uniform mat4 texture;
05-22 15:37:57.626 E/SurfaceFlinger( 1321): void main(void) {
05-22 15:37:57.626 E/SurfaceFlinger( 1321):     gl_Position = projection * position;
05-22 15:37:57.626 E/SurfaceFlinger( 1321):     outTexCoords = (texture * texCoords).st;
05-22 15:37:57.626 E/SurfaceFlinger( 1321): }
05-22 15:37:57.626 E/SurfaceFlinger( 1321): 
05-22 15:37:57.626 E/SurfaceFlinger( 1321): öÿÿÿÿÿÿÿŸa‘„v
05-22 15:37:57.626 E/SurfaceFlinger( 1321): Error while compiling shader: 
05-22 15:37:57.626 E/SurfaceFlinger( 1321): precision mediump float;
05-22 15:37:57.626 E/SurfaceFlinger( 1321): uniform sampler2D sampler;
05-22 15:37:57.626 E/SurfaceFlinger( 1321): varying vec2 outTexCoords;
05-22 15:37:57.626 E/SurfaceFlinger( 1321): uniform float alphaPlane;
05-22 15:37:57.626 E/SurfaceFlinger( 1321): void main(void) {
05-22 15:37:57.626 E/SurfaceFlinger( 1321):     gl_FragColor = texture2D(sampler, outTexCoords);
05-22 15:37:57.626 E/SurfaceFlinger( 1321):     gl_FragColor.a *= alphaPlane;
05-22 15:37:57.626 E/SurfaceFlinger( 1321): }
05-22 15:37:57.626 E/SurfaceFlinger( 1321): 
05-22 15:37:57.626 E/SurfaceFlinger( 1321): öÿÿÿÿÿÿÿŸa‘„v
05-22 15:37:57.626 E/SurfaceFlinger( 1321): Error while linking shaders:
05-22 15:37:57.626 E/SurfaceFlinger( 1321): Error while compiling shader: 
05-22 15:37:57.626 E/SurfaceFlinger( 1321): attribute vec4 texCoords;
05-22 15:37:57.626 E/SurfaceFlinger( 1321): varying vec2 outTexCoords;
05-22 15:37:57.626 E/SurfaceFlinger( 1321): attribute vec4 position;
05-22 15:37:57.626 E/SurfaceFlinger( 1321): uniform mat4 projection;
05-22 15:37:57.626 E/SurfaceFlinger( 1321): uniform mat4 texture;
05-22 15:37:57.626 E/SurfaceFlinger( 1321): void main(void) {
05-22 15:37:57.626 E/SurfaceFlinger( 1321):     gl_Position = projection * position;
05-22 15:37:57.626 E/SurfaceFlinger( 1321):     outTexCoords = (texture * texCoords).st;
05-22 15:37:57.626 E/SurfaceFlinger( 1321): }
05-22 15:37:57.626 E/SurfaceFlinger( 1321): 
05-22 15:37:57.626 E/SurfaceFlinger( 1321): öÿÿÿÿÿÿÿŸa‘„v
05-22 15:37:57.626 E/SurfaceFlinger( 1321): Error while compiling shader: 
05-22 15:37:57.626 E/SurfaceFlinger( 1321): precision mediump float;
05-22 15:37:57.626 E/SurfaceFlinger( 1321): uniform sampler2D sampler;
05-22 15:37:57.626 E/SurfaceFlinger( 1321): varying vec2 outTexCoords;
05-22 15:37:57.626 E/SurfaceFlinger( 1321): uniform float alphaPlane;
05-22 15:37:57.626 E/SurfaceFlinger( 1321): void main(void) {
05-22 15:37:57.626 E/SurfaceFlinger( 1321):     gl_FragColor = texture2D(sampler, outTexCoords);
05-22 15:37:57.626 E/SurfaceFlinger( 1321):     gl_FragColor *= alphaPlane;
05-22 15:37:57.626 E/SurfaceFlinger( 1321): }
05-22 15:37:57.626 E/SurfaceFlinger( 1321): 
05-22 15:37:57.626 E/SurfaceFlinger( 1321): öÿÿÿÿÿÿÿŸa‘„v
05-22 15:37:57.626 E/SurfaceFlinger( 1321): Error while linking shaders:
05-22 15:37:57.627 E/SurfaceFlinger( 1321): Error while compiling shader: 
05-22 15:37:57.627 E/SurfaceFlinger( 1321): attribute vec4 texCoords;
05-22 15:37:57.627 E/SurfaceFlinger( 1321): varying vec2 outTexCoords;
05-22 15:37:57.627 E/SurfaceFlinger( 1321): attribute vec4 position;
05-22 15:37:57.627 E/SurfaceFlinger( 1321): uniform mat4 projection;
05-22 15:37:57.627 E/SurfaceFlinger( 1321): uniform mat4 texture;
05-22 15:37:57.627 E/SurfaceFlinger( 1321): void main(void) {
05-22 15:37:57.627 E/SurfaceFlinger( 1321):     gl_Position = projection * position;
05-22 15:37:57.627 E/SurfaceFlinger( 1321):     outTexCoords = (texture * texCoords).st;
05-22 15:37:57.627 E/SurfaceFlinger( 1321): }
05-22 15:37:57.627 E/SurfaceFlinger( 1321): 
05-22 15:37:57.627 E/SurfaceFlinger( 1321): öÿÿÿÿÿÿÿŸa‘„v
05-22 15:37:57.627 E/SurfaceFlinger( 1321): Error while compiling shader: 
05-22 15:37:57.627 E/SurfaceFlinger( 1321): precision mediump float;
05-22 15:37:57.627 E/SurfaceFlinger( 1321): uniform sampler2D sampler;
05-22 15:37:57.627 E/SurfaceFlinger( 1321): varying vec2 outTexCoords;
05-22 15:37:57.627 E/SurfaceFlinger( 1321): uniform float alphaPlane;
05-22 15:37:57.627 E/SurfaceFlinger( 1321): void main(void) {
05-22 15:37:57.627 E/SurfaceFlinger( 1321):     gl_FragColor = texture2D(sampler, outTexCoords);
05-22 15:37:57.627 E/SurfaceFlinger( 1321):     gl_FragColor.a = 1.0;
05-22 15:37:57.627 E/SurfaceFlinger( 1321):     gl_FragColor.a *= alphaPlane;
05-22 15:37:57.627 E/SurfaceFlinger( 1321): }
05-22 15:37:57.627 E/SurfaceFlinger( 1321): 
05-22 15:37:57.627 E/SurfaceFlinger( 1321): öÿÿÿÿÿÿÿŸa‘„v
05-22 15:37:57.627 E/SurfaceFlinger( 1321): Error while linking shaders:
05-22 15:37:57.627 E/SurfaceFlinger( 1321): Error while compiling shader: 
05-22 15:37:57.627 E/SurfaceFlinger( 1321): attribute vec4 texCoords;
05-22 15:37:57.627 E/SurfaceFlinger( 1321): varying vec2 outTexCoords;
05-22 15:37:57.627 E/SurfaceFlinger( 1321): attribute vec4 position;
05-22 15:37:57.627 E/SurfaceFlinger( 1321): uniform mat4 projection;
05-22 15:37:57.627 E/SurfaceFlinger( 1321): uniform mat4 texture;
05-22 15:37:57.627 E/SurfaceFlinger( 1321): void main(void) {
05-22 15:37:57.627 E/SurfaceFlinger( 1321):     gl_Position = projection * position;
05-22 15:37:57.627 E/SurfaceFlinger( 1321):     outTexCoords = (texture * texCoords).st;
05-22 15:37:57.627 E/SurfaceFlinger( 1321): }
05-22 15:37:57.627 E/SurfaceFlinger( 1321): 
05-22 15:37:57.627 E/SurfaceFlinger( 1321): öÿÿÿÿÿÿÿŸa‘„v
05-22 15:37:57.627 E/SurfaceFlinger( 1321): Error while compiling shader: 
05-22 15:37:57.627 E/SurfaceFlinger( 1321): precision mediump float;
05-22 15:37:57.627 E/SurfaceFlinger( 1321): uniform sampler2D sampler;
05-22 15:37:57.627 E/SurfaceFlinger( 1321): varying vec2 outTexCoords;
05-22 15:37:57.627 E/SurfaceFlinger( 1321): uniform float alphaPlane;
05-22 15:37:57.627 E/SurfaceFlinger( 1321): void main(void) {
05-22 15:37:57.627 E/SurfaceFlinger( 1321):     gl_FragColor = texture2D(sampler, outTexCoords);
05-22 15:37:57.627 E/SurfaceFlinger( 1321):     gl_FragColor.a = 1.0;
05-22 15:37:57.627 E/SurfaceFlinger( 1321):     gl_FragColor *= alphaPlane;
05-22 15:37:57.627 E/SurfaceFlinger( 1321): }
05-22 15:37:57.627 E/SurfaceFlinger( 1321): 
05-22 15:37:57.627 E/SurfaceFlinger( 1321): öÿÿÿÿÿÿÿŸa‘„v
05-22 15:37:57.627 E/SurfaceFlinger( 1321): Error while linking shaders:
05-22 15:37:57.627 D/SurfaceFlinger( 1321): shader cache generated - 24 shaders in 4.424822 ms
05-22 15:37:57.667 D/SurfaceFlinger( 1321): Set power mode=2, type=0 flinger=0x76841e247000
05-22 15:37:57.701 I/CameraService( 1327): Loaded "Emulated Camera Module" camera module
05-22 15:37:57.701 E/CameraService( 1327): setUpVendorTags: Vendor tag operations not fully defined. Ignoring definitions.
05-22 15:37:57.702 V/EmulatedCamera_Camera( 1327): getCameraInfo
05-22 15:37:57.702 V/EmulatedCamera_BaseCamera( 1327): getCameraInfo
05-22 15:37:57.703 I/CameraFlashlight( 1327): Opening camera 0
05-22 15:37:57.703 V/EmulatedCamera_Camera( 1327): getCameraInfo
