05-22 15:41:40.113 W/StatusBar( 2992): 	at com.android.systemui.statusbar.BaseStatusBar.start(BaseStatusBar.java:765)
05-22 15:41:40.113 W/StatusBar( 2992): 	at com.android.systemui.statusbar.phone.PhoneStatusBar.start(PhoneStatusBar.java:686)
05-22 15:41:40.113 W/StatusBar( 2992): 	at com.android.systemui.statusbar.SystemBars.createStatusBarFromConfig(SystemBars.java:106)
05-22 15:41:40.113 W/StatusBar( 2992): 	at com.android.systemui.statusbar.SystemBars.onNoService(SystemBars.java:58)
05-22 15:41:40.113 W/StatusBar( 2992): 	at com.android.systemui.statusbar.ServiceMonitor.startService(ServiceMonitor.java:230)
05-22 15:41:40.113 W/StatusBar( 2992): 	at com.android.systemui.statusbar.ServiceMonitor.-wrap5(ServiceMonitor.java)
05-22 15:41:40.113 W/StatusBar( 2992): 	at com.android.systemui.statusbar.ServiceMonitor$1.handleMessage(ServiceMonitor.java:73)
05-22 15:41:40.113 W/StatusBar( 2992): 	at android.os.Handler.dispatchMessage(Handler.java:102)
05-22 15:41:40.113 W/StatusBar( 2992): 	at android.os.Looper.loop(Looper.java:154)
05-22 15:41:40.113 W/StatusBar( 2992): 	at android.app.ActivityThread.main(ActivityThread.java:6119)
05-22 15:41:40.113 W/StatusBar( 2992): 	at java.lang.reflect.Method.invoke(Native Method)
05-22 15:41:40.113 W/StatusBar( 2992): 	at com.android.internal.os.ZygoteInit$MethodAndArgsCaller.run(ZygoteInit.java:886)
05-22 15:41:40.113 W/StatusBar( 2992): 	at com.android.internal.os.ZygoteInit.main(ZygoteInit.java:776)
05-22 15:41:40.138 W/Binder  ( 2992): Binder call failed.
05-22 15:41:40.138 W/Binder  ( 2992): android.os.DeadObjectException
05-22 15:41:40.138 W/Binder  ( 2992): 	at android.os.BinderProxy.transactNative(Native Method)
05-22 15:41:40.138 W/Binder  ( 2992): 	at android.os.BinderProxy.transact(Binder.java:615)
05-22 15:41:40.138 W/Binder  ( 2992): 	at android.content.IIntentReceiver$Stub$Proxy.performReceive(IIntentReceiver.java:124)
05-22 15:41:40.138 W/Binder  ( 2992): 	at android.app.ActivityThread$ApplicationThread.scheduleRegisteredReceiver(ActivityThread.java:946)
05-22 15:41:40.138 W/Binder  ( 2992): 	at android.app.ApplicationThreadNative.onTransact(ApplicationThreadNative.java:404)
05-22 15:41:40.138 W/Binder  ( 2992): 	at android.os.Binder.execTransact(Binder.java:565)
05-22 15:41:40.352 V/EmulatedCamera_Camera( 1327): getCameraInfo
05-22 15:41:40.352 V/EmulatedCamera_BaseCamera( 1327): getCameraInfo
05-22 15:41:40.354 V/EmulatedCamera_Camera( 1327): getCameraInfo
05-22 15:41:40.354 V/EmulatedCamera_BaseCamera( 1327): getCameraInfo
05-22 15:41:40.617 I/StatusBar( 2992): isKeyguardShowing() called before startKeyguard(), returning true
05-22 15:41:40.619 W/StatusBar( 2992): isKeyguardSecure() called before startKeyguard(), returning false
05-22 15:41:40.619 W/StatusBar( 2992): java.lang.Throwable
05-22 15:41:40.619 W/StatusBar( 2992): 	at com.android.systemui.statusbar.BaseStatusBar.isKeyguardSecure(BaseStatusBar.java:2647)
05-22 15:41:40.619 W/StatusBar( 2992): 	at com.android.systemui.statusbar.BaseStatusBar.isCameraAllowedByAdmin(BaseStatusBar.java:2670)
05-22 15:41:40.619 W/StatusBar( 2992): 	at com.android.systemui.statusbar.phone.KeyguardBottomAreaView.updateCameraVisibility(KeyguardBottomAreaView.java:309)
05-22 15:41:40.619 W/StatusBar( 2992): 	at com.android.systemui.statusbar.phone.KeyguardBottomAreaView.setUserSetupComplete(KeyguardBottomAreaView.java:281)
05-22 15:41:40.619 W/StatusBar( 2992): 	at com.android.systemui.statusbar.phone.PhoneStatusBar$1.onChange(PhoneStatusBar.java:441)
05-22 15:41:40.619 W/StatusBar( 2992): 	at com.android.systemui.statusbar.phone.PhoneStatusBar.resetUserSetupObserver(PhoneStatusBar.java:3676)
05-22 15:41:40.619 W/StatusBar( 2992): 	at com.android.systemui.statusbar.phone.PhoneStatusBar.makeStatusBarView(PhoneStatusBar.java:1008)
05-22 15:41:40.619 W/StatusBar( 2992): 	at com.android.systemui.statusbar.phone.PhoneStatusBar.addStatusBarWindow(PhoneStatusBar.java:3432)
05-22 15:41:40.619 W/StatusBar( 2992): 	at com.android.systemui.statusbar.phone.PhoneStatusBar.createAndAddWindows(PhoneStatusBar.java:3428)
05-22 15:41:40.619 W/StatusBar( 2992): 	at com.android.systemui.statusbar.BaseStatusBar.start(BaseStatusBar.java:765)
05-22 15:41:40.619 W/StatusBar( 2992): 	at com.android.systemui.statusbar.phone.PhoneStatusBar.start(PhoneStatusBar.java:686)
05-22 15:41:40.619 W/StatusBar( 2992): 	at com.android.systemui.statusbar.SystemBars.createStatusBarFromConfig(SystemBars.java:106)
05-22 15:41:40.619 W/StatusBar( 2992): 	at com.android.systemui.statusbar.SystemBars.onNoService(SystemBars.java:58)
05-22 15:41:40.619 W/StatusBar( 2992): 	at com.android.systemui.statusbar.ServiceMonitor.startService(ServiceMonitor.java:230)
05-22 15:41:40.619 W/StatusBar( 2992): 	at com.android.systemui.statusbar.ServiceMonitor.-wrap5(ServiceMonitor.java)
05-22 15:41:40.619 W/StatusBar( 2992): 	at com.android.systemui.statusbar.ServiceMonitor$1.handleMessage(ServiceMonitor.java:73)
05-22 15:41:40.619 W/StatusBar( 2992): 	at android.os.Handler.dispatchMessage(Handler.java:102)
05-22 15:41:40.619 W/StatusBar( 2992): 	at android.os.Looper.loop(Looper.java:154)
05-22 15:41:40.619 W/StatusBar( 2992): 	at android.app.ActivityThread.main(ActivityThread.java:6119)
05-22 15:41:40.619 W/StatusBar( 2992): 	at java.lang.reflect.Method.invoke(Native Method)
05-22 15:41:40.619 W/StatusBar( 2992): 	at com.android.internal.os.ZygoteInit$MethodAndArgsCaller.run(ZygoteInit.java:886)
05-22 15:41:40.619 W/StatusBar( 2992): 	at com.android.internal.os.ZygoteInit.main(ZygoteInit.java:776)
05-22 15:41:40.655 V/MediaScanner( 3012): pruneDeadThumbnailFiles... android.content.ContentProviderClient$CursorWrapperInner@3f7f01b
05-22 15:41:40.657 E/SurfaceFlinger( 1321): ro.sf.lcd_density must be defined as a build property
05-22 15:41:40.667 D/OpenGLRenderer( 2992): profile bars disabled
05-22 15:41:40.669 D/OpenGLRenderer( 2992): ambientRatio = 1.50
05-22 15:41:40.692 V/MediaScanner( 3012): /pruneDeadThumbnailFiles... android.content.ContentProviderClient$CursorWrapperInner@3f7f01b
05-22 15:41:40.739 D/PhoneStatusBar( 2992): disable: < EXPAND* icons alerts system_info BACK* HOME* RECENT* clock SEARCH* quick_settings >
05-22 15:41:40.780 W/ActivityManager( 2157): Slow operation: 81ms so far, now at startProcess: returned from zygote!
05-22 15:41:40.780 W/ActivityManager( 2157): Slow operation: 82ms so far, now at startProcess: done updating battery stats
05-22 15:41:40.781 W/ActivityManager( 2157): Slow operation: 82ms so far, now at startProcess: building log message
05-22 15:41:40.793 I/ActivityManager( 2157): Start proc 3072:android.process.acore/u0a1 for content provider com.android.providers.contacts/.ContactsProvider2
05-22 15:41:40.793 W/ActivityManager( 2157): Slow operation: 95ms so far, now at startProcess: starting to update pids map
05-22 15:41:40.793 W/ActivityManager( 2157): Slow operation: 95ms so far, now at startProcess: done updating pids map
05-22 15:41:40.793 W/ActivityManager( 2157): Slow operation: 96ms so far, now at startProcess: done starting proc!
05-22 15:41:40.794 W/ActivityManager( 2157): Slow operation: 98ms so far, now at getContentProviderImpl: after start process
05-22 15:41:40.794 W/ActivityManager( 2157): Slow operation: 98ms so far, now at getContentProviderImpl: updating data structures
05-22 15:41:40.794 W/ActivityManager( 2157): Slow operation: 99ms so far, now at getContentProviderImpl: done!
05-22 15:41:40.828 W/art     ( 3072): Unexpected CPU variant for X86 using defaults: x86_64
05-22 15:41:41.115 W/System  ( 3072): ClassLoader referenced unknown path: /system/priv-app/ContactsProvider/lib/x86_64
05-22 15:41:41.279 D/PhoneStatusBar( 2992): heads up is enabled
05-22 15:41:41.936 W/art     ( 2157): Long monitor contention with owner Binder:2157_7 (2742) at int com.android.server.wm.WindowManagerService.relayoutWindow(com.android.server.wm.Session, android.view.IWindow, int, android.view.WindowManager$LayoutParams, int, int, int, int, android.graphics.Rect, android.graphics.Rect, android.graphics.Rect, android.graphics.Rect, android.graphics.Rect, android.graphics.Rect, android.graphics.Rect, android.content.res.Configuration, android.view.Surface)(WindowManagerService.java:2857) waiters=0 in void com.android.server.wm.WindowManagerService$H.handleMessage(android.os.Message) for 402ms
05-22 15:41:42.202 I/art     ( 2992): Background partial concurrent mark sweep GC freed 10231(1406KB) AllocSpace objects, 3(60KB) LOS objects, 23% free, 12MB/16MB, paused 685us total 458.653ms
05-22 15:41:42.422 W/art     ( 2157): Long monitor contention with owner Binder:2157_8 (2899) at int com.android.server.wm.WindowManagerService.relayoutWindow(com.android.server.wm.Session, android.view.IWindow, int, android.view.WindowManager$LayoutParams, int, int, int, int, android.graphics.Rect, android.graphics.Rect, android.graphics.Rect, android.graphics.Rect, android.graphics.Rect, android.graphics.Rect, android.graphics.Rect, android.content.res.Configuration, android.view.Surface)(WindowManagerService.java:2857) waiters=0 in void com.android.server.wm.WindowAnimator$1.doFrame(long) for 469ms
05-22 15:41:42.435 W/art     ( 2157): Long monitor contention with owner Binder:2157_8 (2899) at int com.android.server.wm.WindowManagerService.relayoutWindow(com.android.server.wm.Session, android.view.IWindow, int, android.view.WindowManager$LayoutParams, int, int, int, int, android.graphics.Rect, android.graphics.Rect, android.graphics.Rect, android.graphics.Rect, android.graphics.Rect, android.graphics.Rect, android.graphics.Rect, android.content.res.Configuration, android.view.Surface)(WindowManagerService.java:2857) waiters=1 in void com.android.server.wm.WindowManagerService.finishDrawingWindow(com.android.server.wm.Session, android.view.IWindow) for 476ms
05-22 15:41:42.437 W/art     ( 2157): Long monitor contention with owner Binder:2157_8 (2899) at int com.android.server.wm.WindowManagerService.relayoutWindow(com.android.server.wm.Session, android.view.IWindow, int, android.view.WindowManager$LayoutParams, int, int, int, int, android.graphics.Rect, android.graphics.Rect, android.graphics.Rect, android.graphics.Rect, android.graphics.Rect, android.graphics.Rect, android.graphics.Rect, android.content.res.Configuration, android.view.Surface)(WindowManagerService.java:2857) waiters=2 in int com.android.server.wm.WindowManagerService.relayoutWindow(com.android.server.wm.Session, android.view.IWindow, int, android.view.WindowManager$LayoutParams, int, int, int, int, android.graphics.Rect, android.graphics.Rect, android.graphics.Rect, android.graphics.Rect, android.graphics.Rect, android.graphics.Rect, android.graphics.Rect, android.content.res.Configuration, android.view.Surface) for 474ms
05-22 15:41:42.454 W/KeyguardUpdateMonitor( 2992): invalid subId in handleSimStateChange()
05-22 15:41:42.752 I/ContactsPerf( 3072): VoicemailContentProvider.onCreate start
05-22 15:41:42.779 V/KeyguardServiceDelegate( 2157): **** SHOWN CALLED ****
05-22 15:41:42.787 I/Choreographer( 2992): Skipped 185 frames!  The application may be doing too much work on its main thread.
05-22 15:41:42.822 I/ContactsPerf( 3072): VoicemailContentProvider.onCreate finish
05-22 15:41:42.855 W/System  ( 3072): ClassLoader referenced unknown path: /system/priv-app/BlockedNumberProvider/lib/x86_64
05-22 15:41:42.859 D/ApplicationLoaders( 3072): ignored Vulkan layer search path /system/priv-app/BlockedNumberProvider/lib/x86_64:/system/lib64:/vendor/lib64 for namespace 0x761e8603c0f0
05-22 15:41:42.911 D/ViewRootImpl[StatusBar]( 2992): changeCanvasOpacity: opaque=true
05-22 15:41:43.072 W/art     ( 2157): Long monitor contention with owner android.ui (2193) at int com.android.server.wm.WindowManagerService.relayoutWindow(com.android.server.wm.Session, android.view.IWindow, int, android.view.WindowManager$LayoutParams, int, int, int, int, android.graphics.Rect, android.graphics.Rect, android.graphics.Rect, android.graphics.Rect, android.graphics.Rect, android.graphics.Rect, android.graphics.Rect, android.content.res.Configuration, android.view.Surface)(WindowManagerService.java:2857) waiters=0 in void com.android.server.wm.WindowManagerService$H.handleMessage(android.os.Message) for 568ms
05-22 15:41:43.074 I/Choreographer( 2157): Skipped 38 frames!  The application may be doing too much work on its main thread.
05-22 15:41:43.345 W/System  ( 3072): ClassLoader referenced unknown path: /system/app/UserDictionaryProvider/lib/x86_64
05-22 15:41:43.353 D/ApplicationLoaders( 3072): ignored Vulkan layer search path /system/app/UserDictionaryProvider/lib/x86_64:/system/lib64:/vendor/lib64 for namespace 0x761e8603c160
05-22 15:41:43.483 V/MediaScanner( 3012): pruneDeadThumbnailFiles... android.content.ContentProviderClient$CursorWrapperInner@836bf01
05-22 15:41:43.485 V/MediaScanner( 3012): /pruneDeadThumbnailFiles... android.content.ContentProviderClient$CursorWrapperInner@836bf01
05-22 15:41:43.639 W/art     ( 2157): Long monitor contention with owner android.ui (2193) at int com.android.server.wm.WindowManagerService.relayoutWindow(com.android.server.wm.Session, android.view.IWindow, int, android.view.WindowManager$LayoutParams, int, int, int, int, android.graphics.Rect, android.graphics.Rect, android.graphics.Rect, android.graphics.Rect, android.graphics.Rect, android.graphics.Rect, android.graphics.Rect, android.content.res.Configuration, android.view.Surface)(WindowManagerService.java:2857) waiters=0 in void com.android.server.wm.WindowAnimator$1.doFrame(long) for 199ms
05-22 15:41:44.975 W/art     ( 2157): Long monitor contention with owner Binder:2157_2 (2178) at int com.android.server.wm.WindowManagerService.relayoutWindow(com.android.server.wm.Session, android.view.IWindow, int, android.view.WindowManager$LayoutParams, int, int, int, int, android.graphics.Rect, android.graphics.Rect, android.graphics.Rect, android.graphics.Rect, android.graphics.Rect, android.graphics.Rect, android.graphics.Rect, android.content.res.Configuration, android.view.Surface)(WindowManagerService.java:2857) waiters=1 in void com.android.server.wm.WindowManagerService$H.handleMessage(android.os.Message) for 345ms
05-22 15:41:45.292 I/ContactLocale( 3072): AddressBook Labels [[en_US]]: [â€¦, A, B, C, D, E, F, G, H, I, J, K, L, M, N, O, P, Q, R, S, T, U, V, W, X, Y, Z, Î‘, Î’, Î“, Î”, Î•, Î–, Î—, Î˜, Î™, Îš, Î›, Îœ, Î, Îž, ÎŸ, Î , Î¡, Î£, Î¤, Î¥, Î¦, Î§, Î¨, Î©, â€¦, Ð, Ð‘, Ð’, Ð“, Ð”, Ð‚, Ð•, Ð„, Ð–, Ð—, Ð˜, Ð†, Ð™, Ðˆ, Ðš, Ð›, Ð‰, Ðœ, Ð, ÐŠ, Ðž, ÐŸ, Ð , Ð¡, Ð¢, Ð‹, Ð£, Ð¤, Ð¥, Ð¦, Ð§, Ð, Ð¨, Ð©, Ð®, Ð¯, â€¦, ×, ×‘, ×’, ×“, ×”, ×•, ×–, ×—, ×˜, ×™, ×›, ×œ, ×ž, × , ×¡, ×¢, ×¤, ×¦, ×§, ×¨, ×©, ×ª, â€¦, Ø§, Ø¨, Øª, Ø«, Ø¬, Ø­, Ø®, Ø¯, Ø°, Ø±, Ø², Ø³, Ø´, Øµ, Ø¶, Ø·, Ø¸, Ø¹, Øº, Ù, Ù‚, Ùƒ, Ù„, Ù…, Ù†, Ù‡, Ùˆ, ÙŠ, â€¦, à¸, à¸‚, à¸ƒ, à¸„, à¸…, à¸†, à¸‡, à¸ˆ, à¸‰, à¸Š, à¸‹, à¸Œ, à¸, à¸Ž, à¸, à¸, à¸‘, à¸’, à¸“, à¸”, à¸•, à¸–, à¸—, à¸˜, à¸™, à¸š, à¸›, à¸œ, à¸, à¸ž, à¸Ÿ, à¸ , à¸¡, à¸¢, à¸£, à¸¤, à¸¥, à¸¦, à¸§, à¸¨, à¸©, à¸ª, à¸«, à¸¬, à¸­, à¸®, â€¦, ã„±, ã„´, ã„·, ã„¹, ã…, ã…‚, ã……, ã…‡, ã…ˆ, ã…Š, ã…‹, ã…Œ, ã…, ã…Ž, â€¦, ã‚, ã‹, ã•, ãŸ, ãª, ã¯, ã¾, ã‚„, ã‚‰, ã‚, #, â€¦]
05-22 15:41:45.346 W/art     ( 2157): Long monitor contention with owner Binder:2157_5 (2508) at int com.android.server.wm.WindowManagerService.relayoutWindow(com.android.server.wm.Session, android.view.IWindow, int, android.view.WindowManager$LayoutParams, int, int, int, int, android.graphics.Rect, android.graphics.Rect, android.graphics.Rect, android.graphics.Rect, android.graphics.Rect, android.graphics.Rect, android.graphics.Rect, android.content.res.Configuration, android.view.Surface)(WindowManagerService.java:2857) waiters=0 in void com.android.server.wm.WindowManagerService$H.handleMessage(android.os.Message) for 285ms
05-22 15:41:45.668 D/WifiService( 2157): New client listening to asynchronous messages
05-22 15:41:45.991 I/Choreographer( 2992): Skipped 191 frames!  The application may be doing too much work on its main thread.
05-22 15:41:46.119 D/gralloc_ranchu( 2992): Emulator without host-side GPU emulation detected. Loading gralloc.default.so from /vendor/lib64/hw/gralloc.goldfish.default.so...
05-22 15:41:46.132 D/gralloc_ranchu( 2992): gralloc.default.so not found in /vendor. Trying /system/lib64/hw/gralloc.goldfish.default.so...
05-22 15:41:46.597 D/PhoneStatusBar( 2992): disable: < expand* icons alerts system_info back* home* recent* clock search* quick_settings >
05-22 15:41:47.182 W/art     ( 2157): Long monitor contention with owner Binder:2157_2 (2178) at int com.android.server.wm.WindowManagerService.relayoutWindow(com.android.server.wm.Session, android.view.IWindow, int, android.view.WindowManager$LayoutParams, int, int, int, int, android.graphics.Rect, android.graphics.Rect, android.graphics.Rect, android.graphics.Rect, android.graphics.Rect, android.graphics.Rect, android.graphics.Rect, android.content.res.Configuration, android.view.Surface)(WindowManagerService.java:2857) waiters=0 in void com.android.server.wm.WindowManagerService$H.handleMessage(android.os.Message) for 279ms
05-22 15:41:47.430 I/art     ( 2992): Background sticky concurrent mark sweep GC freed 9148(361KB) AllocSpace objects, 3(60KB) LOS objects, 0% free, 17MB/17MB, paused 9.448ms total 242.341ms
05-22 15:41:47.439 I/Choreographer( 2992): Skipped 85 frames!  The application may be doing too much work on its main thread.
05-22 15:41:47.745 I/art     ( 2992): Background partial concurrent mark sweep GC freed 3500(179KB) AllocSpace objects, 1(4MB) LOS objects, 23% free, 12MB/16MB, paused 853us total 281.648ms
05-22 15:41:48.130 I/Choreographer( 2992): Skipped 35 frames!  The application may be doing too much work on its main thread.
05-22 15:42:14.268 W//sbin/adbd( 1323): type=1400 audit(0.0:16): avc: denied { search } for comm=7365727669636520363136 name="security" dev="vdc" ino=35203 scontext=u:r:adbd:s0 tcontext=u:object_r:security_file:s0 tclass=dir permissive=0
05-22 15:42:40.133 W/BroadcastQueue( 2157): Timeout of broadcast BroadcastRecord{3414fcc u0 android.intent.action.BOOT_COMPLETED} - receiver=android.os.BinderProxy@3d8651b, started 60001ms ago
05-22 15:42:40.134 W/BroadcastQueue( 2157): Receiver during timeout: BroadcastFilter{585cc91 u0 ReceiverList{fd376b8 2743 com.android.systemui/10021/u0 remote:3d8651b}}
05-22 15:42:40.139 W/Binder  ( 2992): Binder call failed.
05-22 15:42:40.139 W/Binder  ( 2992): android.os.DeadObjectException
05-22 15:42:40.139 W/Binder  ( 2992): 	at android.os.BinderProxy.transactNative(Native Method)
05-22 15:42:40.139 W/Binder  ( 2992): 	at android.os.BinderProxy.transact(Binder.java:615)
05-22 15:42:40.139 W/Binder  ( 2992): 	at android.content.IIntentReceiver$Stub$Proxy.performReceive(IIntentReceiver.java:124)
05-22 15:42:40.139 W/Binder  ( 2992): 	at android.app.ActivityThread$ApplicationThread.scheduleRegisteredReceiver(ActivityThread.java:946)
05-22 15:42:40.139 W/Binder  ( 2992): 	at android.app.ApplicationThreadNative.onTransact(ApplicationThreadNative.java:404)
05-22 15:42:40.139 W/Binder  ( 2992): 	at android.os.Binder.execTransact(Binder.java:565)
05-22 15:43:02.348 D/AndroidRuntime( 3093): >>>>>> START com.android.internal.os.RuntimeInit uid 2000 <<<<<<
05-22 15:43:02.368 D/AndroidRuntime( 3093): CheckJNI is ON
05-22 15:43:02.676 W/art     ( 3093): Unexpected CPU variant for X86 using defaults: x86_64
05-22 15:43:02.708 D/ICU     ( 3093): No timezone override file found: /data/misc/zoneinfo/current/icu/icu_tzdata.dat
05-22 15:43:02.847 E/memtrack( 3093): Couldn't load memtrack module (No such file or directory)
05-22 15:43:02.848 E/android.os.Debug( 3093): failed to load memtrack module: -2
05-22 15:43:02.854 I/Radio-JNI( 3093): register_android_hardware_Radio DONE
05-22 15:43:02.952 D/AndroidRuntime( 3093): Calling main entry com.android.commands.pm.Pm
05-22 15:43:03.027 I/        ( 1329): free_cache(132243793) avail 809545728
05-22 15:43:18.657 I/ActivityManager( 2157): Start proc 3103:com.android.defcontainer/u0a7 for service com.android.defcontainer/.DefaultContainerService
05-22 15:43:18.691 W/art     ( 3103): Unexpected CPU variant for X86 using defaults: x86_64
05-22 15:43:19.268 I/PackageManager.DexOptimizer( 2157): Running dexopt (dex2oat) on: /data/app/vmdl1862778175.tmp/base.apk pkg=jp.jaxa.iss.kibo.rpc.sampleapk isa=x86_64 vmSafeMode=false debuggable=true target-filter=interpret-only oatDir = /data/app/vmdl1862778175.tmp/oat sharedLibraries=null
05-22 15:43:19.474 W/dex2oat ( 3118): Unexpected CPU variant for X86 using defaults: x86_64
05-22 15:43:19.487 I/dex2oat ( 3118): /system/bin/dex2oat --compiler-filter=interpret-only --debuggable
05-22 15:43:21.927 W/dex2oat ( 3118): Before Android 4.1, method int android.support.v7.widget.ListViewCompat.lookForSelectablePosition(int, boolean) would have incorrectly overridden the package-private method in android.widget.ListView
05-22 15:43:22.458 W/dex2oat ( 3118): Before Android 4.1, method android.graphics.PorterDuffColorFilter android.support.graphics.drawable.VectorDrawableCompat.updateTintFilter(android.graphics.PorterDuffColorFilter, android.content.res.ColorStateList, android.graphics.PorterDuff$Mode) would have incorrectly overridden the package-private method in android.graphics.drawable.Drawable
05-22 15:43:30.559 W/dex2oat ( 3118): Compilation of java.lang.String org.opencv.android.StaticHelper.getLibraryList() took 127.804ms
05-22 15:43:30.561 W/dex2oat ( 3118): Compilation of void org.opencv.android.Utils.nBitmapToMat2(android.graphics.Bitmap, long, boolean) took 128.355ms
05-22 15:43:32.928 I/dex2oat ( 3118): dex2oat took 13.473s (threads: 2) arena alloc=551KB (565096B) java alloc=7MB (7503320B) native alloc=15MB (16208240B) free=4MB (4238992B)
05-22 15:43:33.255 D/installd( 1329): Detected label change from u:object_r:system_data_file:s0 to u:object_r:app_data_file:s0:c512,c768 at /data/data/jp.jaxa.iss.kibo.rpc.sampleapk; running recursive restorecon
05-22 15:43:33.266 D/installd( 1329): Detected label change from u:object_r:system_data_file:s0 to u:object_r:app_data_file:s0:c512,c768 at /data/user_de/0/jp.jaxa.iss.kibo.rpc.sampleapk; running recursive restorecon
05-22 15:43:33.287 V/BackupManagerService( 2157): restoreAtInstall pkg=jp.jaxa.iss.kibo.rpc.sampleapk token=1 restoreSet=0
05-22 15:43:33.290 W/BackupManagerService( 2157): Requested unavailable transport: android/com.android.internal.backup.LocalTransport
05-22 15:43:33.290 W/BackupManagerService( 2157): No transport
05-22 15:43:33.290 V/BackupManagerService( 2157): Finishing install immediately
05-22 15:43:33.320 I/GnssLocationProvider( 2157): WakeLock acquired by sendMessage(3, 0, com.android.server.location.GnssLocationProvider$GpsRequest@de3490b)
05-22 15:43:33.334 I/GnssLocationProvider( 2157): WakeLock released by handleMessage(3, 0, com.android.server.location.GnssLocationProvider$GpsRequest@de3490b)
05-22 15:43:33.339 D/VoldConnector( 2157): SND -> {9 volume remount_uid 10064 default}
05-22 15:43:33.343 I/GnssLocationProvider( 2157): WakeLock acquired by sendMessage(3, 0, com.android.server.location.GnssLocationProvider$GpsRequest@389a3e8)
05-22 15:43:33.353 I/GnssLocationProvider( 2157): WakeLock released by handleMessage(3, 0, com.android.server.location.GnssLocationProvider$GpsRequest@389a3e8)
05-22 15:43:33.367 D/vold    ( 1270): Remounting 10064 as mode default
05-22 15:43:33.413 D/VoldConnector( 2157): RCV <- {200 9 Command succeeded}
05-22 15:43:33.418 D/VoldConnector( 2157): SND -> {10 volume remount_uid 10064 write}
05-22 15:43:33.420 D/vold    ( 1270): Remounting 10064 as mode write
05-22 15:43:33.422 I/GnssLocationProvider( 2157): WakeLock acquired by sendMessage(3, 0, com.android.server.location.GnssLocationProvider$GpsRequest@efbaa01)
05-22 15:43:33.437 D/VoldConnector( 2157): RCV <- {200 10 Command succeeded}
05-22 15:43:33.478 I/GnssLocationProvider( 2157): WakeLock released by handleMessage(3, 0, com.android.server.location.GnssLocationProvider$GpsRequest@efbaa01)
05-22 15:43:33.494 I/art     ( 2157): Starting a blocking GC Explicit
05-22 15:43:33.613 I/art     ( 2157): Explicit concurrent mark sweep GC freed 32193(2MB) AllocSpace objects, 19(540KB) LOS objects, 29% free, 9MB/13MB, paused 2.334ms total 97.023ms
05-22 15:43:33.616 E/        ( 1329): Couldn't opendir /data/app/vmdl1862778175.tmp: No such file or directory
05-22 15:43:33.816 I/InputReader( 2157): Reconfiguring input devices.  changes=0x00000010
05-22 15:43:33.844 I/art     ( 3093): System.exit called, status: 0
05-22 15:43:33.844 I/AndroidRuntime( 3093): VM exiting with result code 0.
05-22 15:43:34.055 E/PhoneInterfaceManager( 2574): [PhoneIntfMgr] getCarrierPackageNamesForIntent: No UICC
05-22 15:43:34.056 D/CarrierSvcBindHelper( 2574): No carrier app for: 0
05-22 15:43:34.058 D/CarrierConfigLoader( 2574): mHandler: 9 phoneId: 0
05-22 15:43:34.498 W/VoiceInteractionManagerService( 2157): no available voice recognition services found for user 0
05-22 15:43:40.140 W/BroadcastQueue( 2157): Timeout of broadcast BroadcastRecord{3414fcc u0 android.intent.action.BOOT_COMPLETED} - receiver=android.os.BinderProxy@ea1fc01, started 60006ms ago
05-22 15:43:40.142 W/BroadcastQueue( 2157): Receiver during timeout: BroadcastFilter{1191094 u0 ReceiverList{f86caa6 2743 com.android.systemui/10021/u0 remote:ea1fc01}}
05-22 15:43:40.202 I/ActivityManager( 2157): Start proc 3127:com.android.dialer/u0a8 for broadcast com.android.dialer/.calllog.CallLogReceiver
05-22 15:43:40.238 W/art     ( 3127): Unexpected CPU variant for X86 using defaults: x86_64
05-22 15:43:40.244 I/RecoverySystem( 2157): No recovery log file
05-22 15:43:40.304 I/BootReceiver( 2157): Copying audit failures to DropBox
05-22 15:43:40.305 I/BootReceiver( 2157): Checking for fsck errors
05-22 15:43:40.482 W/System  ( 3127): ClassLoader referenced unknown path: /system/priv-app/Dialer/lib/x86_64
05-22 15:43:41.142 D/ExtensionsFactory( 3127): No custom extensions.
05-22 15:43:41.163 D/BlockedNumbersAuto( 3127): Not attempting auto-migrate: already checked once.
05-22 15:43:41.258 D/CarrierConfigLoader( 2574): mHandler: 13 phoneId: 0
05-22 15:43:41.258 D/CarrierConfigLoader( 2574): mHandler: 7 phoneId: 0
05-22 15:43:41.266 E/CarrierConfigLoader( 2574): Cannot restore config with null packageName or iccid.
05-22 15:43:41.267 D/CarrierConfigLoader( 2574): Binding to com.android.carrierconfig for phone 0
05-22 15:43:41.298 W/art     ( 3145): Unexpected CPU variant for X86 using defaults: x86_64
05-22 15:43:41.325 W/ActivityManager( 2157): Slow operation: 65ms so far, now at startProcess: returned from zygote!
05-22 15:43:41.325 W/ActivityManager( 2157): Slow operation: 65ms so far, now at startProcess: done updating battery stats
05-22 15:43:41.326 W/ActivityManager( 2157): Slow operation: 65ms so far, now at startProcess: building log message
05-22 15:43:41.326 I/ActivityManager( 2157): Start proc 3145:com.android.calendar/u0a26 for broadcast com.android.calendar/.alerts.AlertReceiver
05-22 15:43:41.326 W/ActivityManager( 2157): Slow operation: 66ms so far, now at startProcess: starting to update pids map
05-22 15:43:41.326 W/ActivityManager( 2157): Slow operation: 66ms so far, now at startProcess: done updating pids map
05-22 15:43:41.326 W/ActivityManager( 2157): Slow operation: 66ms so far, now at startProcess: done starting proc!
05-22 15:43:41.333 W/CountryDetector( 3127): No location permissions, not registering for location updates.
05-22 15:43:41.404 W/ActivityManager( 2157): Slow operation: 55ms so far, now at startProcess: returned from zygote!
05-22 15:43:41.404 W/ActivityManager( 2157): Slow operation: 55ms so far, now at startProcess: done updating battery stats
05-22 15:43:41.405 W/ActivityManager( 2157): Slow operation: 55ms so far, now at startProcess: building log message
05-22 15:43:41.405 I/ActivityManager( 2157): Start proc 3158:com.android.carrierconfig/u0a3 for service com.android.carrierconfig/.DefaultCarrierConfigService
05-22 15:43:41.405 W/ActivityManager( 2157): Slow operation: 55ms so far, now at startProcess: starting to update pids map
05-22 15:43:41.405 W/ActivityManager( 2157): Slow operation: 56ms so far, now at startProcess: done updating pids map
05-22 15:43:41.405 W/ActivityManager( 2157): Slow operation: 62ms so far, now at startProcess: done starting proc!
05-22 15:43:41.453 W/art     ( 3158): Unexpected CPU variant for X86 using defaults: x86_64
05-22 15:43:41.578 W/System  ( 3145): ClassLoader referenced unknown path: /system/app/Calendar/lib/x86_64
05-22 15:43:41.635 W/System  ( 3158): ClassLoader referenced unknown path: /system/priv-app/CarrierConfig/lib/x86_64
05-22 15:43:41.777 D/DefaultCarrierConfigService( 3158): Service created
05-22 15:43:41.786 D/CarrierConfigLoader( 2574): Connected to config app: com.android.carrierconfig/com.android.carrierconfig.DefaultCarrierConfigService
05-22 15:43:41.787 D/CarrierConfigLoader( 2574): mHandler: 3 phoneId: 0
05-22 15:43:41.796 D/DefaultCarrierConfigService( 3158): Config being fetched
05-22 15:43:41.799 D/DefaultCarrierConfigService( 3158): java.io.FileNotFoundException: carrier_config_.xml
05-22 15:43:41.808 E/CarrierConfigLoader( 2574): Cannot save config with null packageName or iccid.
05-22 15:43:41.814 D/CarrierConfigLoader( 2574): mHandler: 5 phoneId: 0
05-22 15:43:41.816 E/PhoneInterfaceManager( 2574): [PhoneIntfMgr] getCarrierPackageNamesForIntent: No UICC
05-22 15:43:41.889 I/Telecom ( 2157): PhoneAccountRegistrar: SimCallManager queried, returning: null: TSI.gSCMFU@AAc
05-22 15:43:41.956 D/ExtensionsFactory( 3145): No custom extensions.
05-22 15:43:41.969 D/AlertReceiver( 3145): onReceive: a=android.intent.action.BOOT_COMPLETED Intent { act=android.intent.action.BOOT_COMPLETED flg=0x9000010 cmp=com.android.calendar/.alerts.AlertReceiver (has extras) }
05-22 15:43:41.997 I/AlarmClock( 2811): AlarmInitReceiver android.intent.action.BOOT_COMPLETED
05-22 15:43:42.033 D/AlertUtils( 3145): Flushing old alerts from shared prefs table
05-22 15:43:42.048 D/AlertService( 3145): 0 Action = android.intent.action.BOOT_COMPLETED
05-22 15:43:42.060 D/AlertService( 3145): Scheduling next alarm with AlarmScheduler. sEventReminderReceived: null
05-22 15:43:42.141 W/ActivityManager( 2157): Slow operation: 71ms so far, now at startProcess: returned from zygote!
05-22 15:43:42.152 W/ActivityManager( 2157): Slow operation: 72ms so far, now at startProcess: done updating battery stats
05-22 15:43:42.152 W/ActivityManager( 2157): Slow operation: 83ms so far, now at startProcess: building log message
05-22 15:43:42.152 I/ActivityManager( 2157): Start proc 3182:com.android.providers.calendar/u0a2 for content provider com.android.providers.calendar/.CalendarProvider2
05-22 15:43:42.152 W/ActivityManager( 2157): Slow operation: 83ms so far, now at startProcess: starting to update pids map
05-22 15:43:42.152 W/ActivityManager( 2157): Slow operation: 83ms so far, now at startProcess: done updating pids map
05-22 15:43:42.153 W/ActivityManager( 2157): Slow operation: 84ms so far, now at startProcess: done starting proc!
05-22 15:43:42.153 W/ActivityManager( 2157): Slow operation: 86ms so far, now at getContentProviderImpl: after start process
05-22 15:43:42.153 W/ActivityManager( 2157): Slow operation: 86ms so far, now at getContentProviderImpl: updating data structures
05-22 15:43:42.153 W/ActivityManager( 2157): Slow operation: 87ms so far, now at getContentProviderImpl: done!
05-22 15:43:42.165 W/art     ( 3182): Unexpected CPU variant for X86 using defaults: x86_64
05-22 15:43:42.260 V/AlarmClock( 2811): AlarmInitReceiver finished
05-22 15:43:42.300 I/ActivityManager( 2157): Start proc 3197:com.android.email/u0a34 for broadcast com.android.email/.service.EmailBroadcastReceiver
05-22 15:43:42.325 W/System  ( 3182): ClassLoader referenced unknown path: /system/priv-app/CalendarProvider/lib/x86_64
05-22 15:43:42.345 W/art     ( 3197): Unexpected CPU variant for X86 using defaults: x86_64
05-22 15:43:42.437 W/System  ( 3197): ClassLoader referenced unknown path: /system/app/Email/lib/x86_64
05-22 15:43:42.698 I/CalendarProvider2( 3182): Created com.android.providers.calendar.CalendarAlarmManager@8e5fa07(com.android.providers.calendar.CalendarProvider2@483c734)
05-22 15:43:42.836 D/AlarmScheduler( 3145): No events found starting within 1 week.
05-22 15:43:43.615 W/ActivityManager( 2157): Unable to start service Intent { act=com.android.email.EXCHANGE_INTENT pkg=com.android.exchange } U=0: not found
05-22 15:43:43.643 D/ActivityThread( 3197): Loading provider com.android.email.provider;com.android.email.notifier: com.android.email.provider.EmailProvider
05-22 15:43:43.744 W/ActivityManager( 2157): Unable to start service Intent { act=com.android.email.EXCHANGE_INTENT pkg=com.android.exchange } U=0: not found
05-22 15:43:43.832 I/CalendarProvider2( 3182): Sending notification intent: Intent { act=android.intent.action.PROVIDER_CHANGED dat=content://com.android.calendar flg=0x20000000 }
05-22 15:43:43.834 W/ContentResolver( 3182): Failed to get type for: content://com.android.calendar (Unknown URL content://com.android.calendar)
05-22 15:43:43.890 I/SystemBroadcastReceiver( 2361): Boot has been completed
05-22 15:43:43.891 I/SystemBroadcastReceiver( 2361): toggleAppIcon() : FLAG_SYSTEM = true
05-22 15:43:43.999 W/art     ( 3220): Unexpected CPU variant for X86 using defaults: x86_64
05-22 15:43:44.010 W/ActivityManager( 2157): Slow operation: 53ms so far, now at startProcess: returned from zygote!
05-22 15:43:44.011 W/ActivityManager( 2157): Slow operation: 53ms so far, now at startProcess: done updating battery stats
05-22 15:43:44.019 W/ActivityManager( 2157): Slow operation: 61ms so far, now at startProcess: building log message
05-22 15:43:44.019 I/ActivityManager( 2157): Start proc 3220:com.android.managedprovisioning/u0a14 for broadcast com.android.managedprovisioning/.BootReminder
05-22 15:43:44.019 W/ActivityManager( 2157): Slow operation: 62ms so far, now at startProcess: starting to update pids map
05-22 15:43:44.019 W/ActivityManager( 2157): Slow operation: 62ms so far, now at startProcess: done updating pids map
05-22 15:43:44.019 W/ActivityManager( 2157): Slow operation: 62ms so far, now at startProcess: done starting proc!
05-22 15:43:44.127 W/ActivityManager( 2157): Unable to start service Intent { cmp=com.android.email/.service.AttachmentService } U=0: not found
05-22 15:43:44.127 W/ActivityManager( 2157): Unable to start service Intent { act=com.android.email.EXCHANGE_INTENT pkg=com.android.exchange } U=0: not found
05-22 15:43:44.145 W/System  ( 3220): ClassLoader referenced unknown path: /system/priv-app/ManagedProvisioning/lib/x86_64
05-22 15:43:44.172 W/art     ( 3197): Long monitor contention with owner AsyncTask #2 (3215) at android.database.sqlite.SQLiteDatabase com.android.email.provider.EmailProvider.getDatabase(android.content.Context)(EmailProvider.java:478) waiters=0 in void com.android.email.provider.AccountReconciler.reconcileAccounts(android.content.Context) for 274ms
05-22 15:43:44.194 W/ActivityManager( 2157): Unable to start service Intent { cmp=com.android.email/.service.AttachmentService } U=0: not found
05-22 15:43:44.214 W/ActivityManager( 2157): Unable to start service Intent { act=com.android.email.EXCHANGE_INTENT pkg=com.android.exchange } U=0: not found
05-22 15:43:44.224 W/ActivityManager( 2157): Unable to start service Intent { act=com.android.email.EXCHANGE_INTENT pkg=com.android.exchange } U=0: not found
05-22 15:43:44.250 E/ActivityThread( 3197): Service com.android.email.service.EmailBroadcastProcessorService has leaked ServiceConnection com.android.emailcommon.service.ServiceProxy$ProxyConnection@3f4d482 that was originally bound here
05-22 15:43:44.250 E/ActivityThread( 3197): android.app.ServiceConnectionLeaked: Service com.android.email.service.EmailBroadcastProcessorService has leaked ServiceConnection com.android.emailcommon.service.ServiceProxy$ProxyConnection@3f4d482 that was originally bound here
05-22 15:43:44.250 E/ActivityThread( 3197): 	at android.app.LoadedApk$ServiceDispatcher.<init>(LoadedApk.java:1336)
05-22 15:43:44.250 E/ActivityThread( 3197): 	at android.app.LoadedApk.getServiceDispatcher(LoadedApk.java:1231)
05-22 15:43:44.250 E/ActivityThread( 3197): 	at android.app.ContextImpl.bindServiceCommon(ContextImpl.java:1450)
05-22 15:43:44.250 E/ActivityThread( 3197): 	at android.app.ContextImpl.bindService(ContextImpl.java:1422)
05-22 15:43:44.250 E/ActivityThread( 3197): 	at android.content.ContextWrapper.bindService(ContextWrapper.java:636)
05-22 15:43:44.250 E/ActivityThread( 3197): 	at com.android.emailcommon.service.ServiceProxy.setTask(ServiceProxy.java:181)
05-22 15:43:44.250 E/ActivityThread( 3197): 	at com.android.emailcommon.service.ServiceProxy.test(ServiceProxy.java:224)
05-22 15:43:44.250 E/ActivityThread( 3197): 	at com.android.email.service.EmailServiceUtils.isServiceAvailable(EmailServiceUtils.java:160)
05-22 15:43:44.250 E/ActivityThread( 3197): 	at com.android.email.provider.AccountReconciler.reconcileAccountsInternal(AccountReconciler.java:171)
05-22 15:43:44.250 E/ActivityThread( 3197): 	at com.android.email.provider.AccountReconciler.reconcileAccounts(AccountReconciler.java:115)
05-22 15:43:44.250 E/ActivityThread( 3197): 	at com.android.email.service.EmailBroadcastProcessorService.reconcileAndStartServices(EmailBroadcastProcessorService.java:305)
05-22 15:43:44.250 E/ActivityThread( 3197): 	at com.android.email.service.EmailBroadcastProcessorService.onBootCompleted(EmailBroadcastProcessorService.java:295)
05-22 15:43:44.250 E/ActivityThread( 3197): 	at com.android.email.service.EmailBroadcastProcessorService.onHandleIntent(EmailBroadcastProcessorService.java:130)
05-22 15:43:44.250 E/ActivityThread( 3197): 	at android.app.IntentService$ServiceHandler.handleMessage(IntentService.java:68)
05-22 15:43:44.250 E/ActivityThread( 3197): 	at android.os.Handler.dispatchMessage(Handler.java:102)
05-22 15:43:44.250 E/ActivityThread( 3197): 	at android.os.Looper.loop(Looper.java:154)
05-22 15:43:44.250 E/ActivityThread( 3197): 	at android.os.HandlerThread.run(HandlerThread.java:61)
05-22 15:43:44.257 W/ActivityManager( 2157): Unbind failed: could not find connection for android.os.BinderProxy@cb868c7
05-22 15:43:44.270 I/Email   ( 3197): Observing account changes for notifications
05-22 15:43:44.279 W/ActivityManager( 2157): Unable to start service Intent { act=com.android.email.EXCHANGE_INTENT pkg=com.android.exchange } U=0: not found
05-22 15:43:44.352 I/ActivityManager( 2157): Start proc 3235:com.android.messaging/u0a54 for broadcast com.android.messaging/.receiver.BootAndPackageReplacedReceiver
05-22 15:43:44.367 W/art     ( 3235): Unexpected CPU variant for X86 using defaults: x86_64
05-22 15:43:44.453 W/System  ( 3235): ClassLoader referenced unknown path: /system/app/messaging/lib/x86_64
05-22 15:43:45.626 V/VvmBootCompletedRcvr( 2574): processing subId list
05-22 15:43:45.650 I/MessagingApp( 3235): Carrier config changed. Reloading MMS config.
05-22 15:43:45.684 E/VvmBootCompletedRcvr( 2574): phone account ComponentInfo{com.android.phone/com.android.services.telephony.TelephonyConnectionService}, [e2f7d48dd2b5ca523e7313cf4ba0f6ea830b6281], UserHandle{0} has invalid subId -1
05-22 15:43:45.768 I/MessagingAppDataModel( 3235): Fixup: Send failed - 0 Download failed - 0
05-22 15:43:46.029 I/MessagingAppDataModel( 3235): SyncMessagesAction: Starting batch for messages from 1616676894217 to 1621698225493 (message update limit = 80, message scan limit = 4000)
05-22 15:43:46.140 W/art     ( 3258): Unexpected CPU variant for X86 using defaults: x86_64
05-22 15:43:46.180 W/ActivityManager( 2157): Slow operation: 92ms so far, now at startProcess: returned from zygote!
05-22 15:43:46.180 W/ActivityManager( 2157): Slow operation: 93ms so far, now at startProcess: done updating battery stats
05-22 15:43:46.180 W/ActivityManager( 2157): Slow operation: 93ms so far, now at startProcess: building log message
05-22 15:43:46.180 I/ActivityManager( 2157): Start proc 3258:com.android.gallery3d/u0a39 for broadcast com.android.gallery3d/.app.PackagesMonitor
05-22 15:43:46.181 W/ActivityManager( 2157): Slow operation: 93ms so far, now at startProcess: starting to update pids map
05-22 15:43:46.181 W/ActivityManager( 2157): Slow operation: 93ms so far, now at startProcess: done updating pids map
05-22 15:43:46.181 W/ActivityManager( 2157): Slow operation: 93ms so far, now at startProcess: done starting proc!
05-22 15:43:46.198 W/art     ( 2157): Long monitor contention with owner main (2157) at void com.android.server.am.BroadcastQueue.processNextBroadcast(boolean)(BroadcastQueue.java:760) waiters=2 in void com.android.server.am.ActivityManagerService.trimApplications() for 101ms
05-22 15:43:46.812 I/MessagingAppDataModel( 3235): SyncMessagesAction: All messages now in sync
05-22 15:43:47.479 W/art     ( 3275): Unexpected CPU variant for X86 using defaults: x86_64
05-22 15:43:47.513 W/ActivityManager( 2157): Slow operation: 91ms so far, now at startProcess: returned from zygote!
05-22 15:43:47.514 W/ActivityManager( 2157): Slow operation: 91ms so far, now at startProcess: done updating battery stats
05-22 15:43:47.514 W/ActivityManager( 2157): Slow operation: 92ms so far, now at startProcess: building log message
05-22 15:43:47.514 I/ActivityManager( 2157): Start proc 3275:com.svox.pico/u0a49 for broadcast com.svox.pico/.VoiceDataInstallerReceiver
05-22 15:43:47.514 W/ActivityManager( 2157): Slow operation: 92ms so far, now at startProcess: starting to update pids map
05-22 15:43:47.514 W/ActivityManager( 2157): Slow operation: 92ms so far, now at startProcess: done updating pids map
05-22 15:43:47.514 W/ActivityManager( 2157): Slow operation: 94ms so far, now at startProcess: done starting proc!
05-22 15:43:47.910 I/VvmSimChangeReceiver( 2574): Received SIM change for invalid subscription id.
05-22 15:43:47.979 D/AlertReceiver( 3145): onReceive: a=android.intent.action.PROVIDER_CHANGED Intent { act=android.intent.action.PROVIDER_CHANGED dat=content://com.android.calendar flg=0x20000010 cmp=com.android.calendar/.alerts.AlertReceiver }
05-22 15:43:48.024 D/AlertService( 3145): 0 Action = android.intent.action.PROVIDER_CHANGED
05-22 15:43:48.424 W/MediaScanner( 3012): Error opening directory '/oem/media/', skipping: No such file or directory.
05-22 15:43:48.619 V/MediaScanner( 3012): pruneDeadThumbnailFiles... android.content.ContentProviderClient$CursorWrapperInner@f6b4d39
05-22 15:43:48.620 V/MediaScanner( 3012): /pruneDeadThumbnailFiles... android.content.ContentProviderClient$CursorWrapperInner@f6b4d39
05-22 15:43:53.068 I/GlobalDismissManager( 3145): no sender configured
05-22 15:43:53.069 D/AlertService( 3145): Beginning updateAlertNotification
05-22 15:43:53.104 D/AlertService( 3145): No fired or scheduled alerts
05-22 15:43:53.138 D/AlertService( 3145): Scheduling next alarm with AlarmScheduler. sEventReminderReceived: null
05-22 15:43:53.171 D/AlarmScheduler( 3145): No events found starting within 1 week.
05-22 15:43:57.060 I/ActivityManager( 2157): Waited long enough for: ServiceRecord{5d1632e u0 com.android.calendar/.alerts.InitAlarmsService}
05-22 15:44:12.186 D/InitAlarmsService( 3145): Clearing and rescheduling alarms.
05-22 15:45:00.019 I/ActivityManager( 2157): Killing 2945:com.android.keychain/1000 (adj 906): empty #17
05-22 15:45:00.117 D/ActivityManager( 2157): cleanUpApplicationRecord -- 2945
05-22 15:45:53.352 D/AndroidRuntime( 3297): >>>>>> START com.android.internal.os.RuntimeInit uid 2000 <<<<<<
05-22 15:45:53.394 D/AndroidRuntime( 3297): CheckJNI is ON
05-22 15:45:53.854 W/art     ( 3297): Unexpected CPU variant for X86 using defaults: x86_64
05-22 15:45:53.938 D/ICU     ( 3297): No timezone override file found: /data/misc/zoneinfo/current/icu/icu_tzdata.dat
05-22 15:45:54.133 E/memtrack( 3297): Couldn't load memtrack module (No such file or directory)
05-22 15:45:54.133 E/android.os.Debug( 3297): failed to load memtrack module: -2
05-22 15:45:54.139 I/Radio-JNI( 3297): register_android_hardware_Radio DONE
05-22 15:45:54.294 D/AndroidRuntime( 3297): Calling main entry com.android.commands.am.Am
05-22 15:45:54.413 W/ActivityManager( 2157): Slow operation: 52ms so far, now at startProcess: returned from zygote!
05-22 15:45:54.413 W/ActivityManager( 2157): Slow operation: 53ms so far, now at startProcess: done updating battery stats
05-22 15:45:54.414 W/ActivityManager( 2157): Slow operation: 54ms so far, now at startProcess: building log message
05-22 15:45:54.414 I/ActivityManager( 2157): Start proc 3307:gov.nasa.arc.astrobee.android.gs.manager/u0a63 for service gov.nasa.arc.astrobee.android.gs.manager/.ManagerService
05-22 15:45:54.414 W/ActivityManager( 2157): Slow operation: 54ms so far, now at startProcess: starting to update pids map
05-22 15:45:54.415 W/ActivityManager( 2157): Slow operation: 54ms so far, now at startProcess: done updating pids map
05-22 15:45:54.415 W/ActivityManager( 2157): Slow operation: 55ms so far, now at startProcess: done starting proc!
05-22 15:45:54.437 I/art     ( 3307): Not late-enabling -Xcheck:jni (already on)
05-22 15:45:54.444 W/art     ( 3307): Unexpected CPU variant for X86 using defaults: x86_64
05-22 15:45:54.457 D/AndroidRuntime( 3297): Shutting down VM
05-22 15:45:54.719 W/System  ( 3307): ClassLoader referenced unknown path: /data/app/gov.nasa.arc.astrobee.android.gs.manager-1/lib/x86_64
05-22 15:45:55.590 E/Notification( 3307): setLatestEventInfo() is deprecated and you should feel deprecated.
05-22 15:45:55.590 E/Notification( 3307): java.lang.Throwable
05-22 15:45:55.590 E/Notification( 3307): 	at android.app.Notification.setLatestEventInfo(Notification.java:2076)
05-22 15:45:55.590 E/Notification( 3307): 	at org.ros.android.NodeMainExecutorService.onStartCommand(NodeMainExecutorService.java:220)
05-22 15:45:55.590 E/Notification( 3307): 	at android.app.ActivityThread.handleServiceArgs(ActivityThread.java:3326)
05-22 15:45:55.590 E/Notification( 3307): 	at android.app.ActivityThread.-wrap21(ActivityThread.java)
05-22 15:45:55.590 E/Notification( 3307): 	at android.app.ActivityThread$H.handleMessage(ActivityThread.java:1582)
05-22 15:45:55.590 E/Notification( 3307): 	at android.os.Handler.dispatchMessage(Handler.java:102)
05-22 15:45:55.590 E/Notification( 3307): 	at android.os.Looper.loop(Looper.java:154)
05-22 15:45:55.590 E/Notification( 3307): 	at android.app.ActivityThread.main(ActivityThread.java:6119)
05-22 15:45:55.590 E/Notification( 3307): 	at java.lang.reflect.Method.invoke(Native Method)
05-22 15:45:55.590 E/Notification( 3307): 	at com.android.internal.os.ZygoteInit$MethodAndArgsCaller.run(ZygoteInit.java:886)
05-22 15:45:55.590 E/Notification( 3307): 	at com.android.internal.os.ZygoteInit.main(ZygoteInit.java:776)
05-22 15:45:57.816 I/Registrar( 3307): MasterXmlRpcEndpoint URI: http://llp:11311
05-22 15:45:57.997 D/NotificationSQLiteLog( 2157): Pruned event entries: 15
05-22 15:45:58.387 I/Registrar( 3307): Registering publisher: Publisher<PublisherDefinition<PublisherIdentifier<NodeIdentifier</guest_science_manager, http://hlp:53936/>, TopicIdentifier</rosout>>, Topic<TopicIdentifier</rosout>, TopicDescription<rosgraph_msgs/Log, acffd30cd6b6de30f120938c17c593fb>>>>
05-22 15:45:59.667 I/Registrar( 3307): Response<Success, Registered [/guest_science_manager] as publisher of [/rosout], [http://10.42.0.34:33319/]>
05-22 15:45:59.729 I/DefaultPublisher( 3307): Publisher registered: Publisher<PublisherDefinition<PublisherIdentifier<NodeIdentifier</guest_science_manager, http://hlp:53936/>, TopicIdentifier</rosout>>, Topic<TopicIdentifier</rosout>, TopicDescription<rosgraph_msgs/Log, acffd30cd6b6de30f120938c17c593fb>>>>
05-22 15:45:59.910 I/Registrar( 3307): Registering subscriber: Subscriber<Topic<TopicIdentifier</clock>, TopicDescription<rosgraph_msgs/Clock, a9c97c1d230cfc112e270351a944ee47>>>
05-22 15:46:00.194 I/Registrar( 3307): Response<Success, Subscribed to [/clock], [http://10.42.0.34:37607/]>
05-22 15:46:00.198 I/DefaultSubscriber( 3307): Subscriber registered: Subscriber<Topic<TopicIdentifier</clock>, TopicDescription<rosgraph_msgs/Clock, a9c97c1d230cfc112e270351a944ee47>>>
05-22 15:46:01.454 I/Registrar( 3307): Registering publisher: Publisher<PublisherDefinition<PublisherIdentifier<NodeIdentifier</guest_science_manager, http://hlp:53936/>, TopicIdentifier</gs/gs_manager/ack>>, Topic<TopicIdentifier</gs/gs_manager/ack>, TopicDescription<ff_msgs/AckStamped, cebddec69fd770df54633be444a9187d>>>>
05-22 15:46:01.700 I/art     ( 3307): Background sticky concurrent mark sweep GC freed 25745(2038KB) AllocSpace objects, 14(284KB) LOS objects, 31% free, 6MB/10MB, paused 9.303ms total 879.777ms
05-22 15:46:01.723 I/Registrar( 3307): Registering publisher: Publisher<PublisherDefinition<PublisherIdentifier<NodeIdentifier</guest_science_manager, http://hlp:53936/>, TopicIdentifier</gs/gs_manager/config>>, Topic<TopicIdentifier</gs/gs_manager/config>, TopicDescription<ff_msgs/GuestScienceConfig, c6f632ed2411de4159494a3e7754794e>>>>
05-22 15:46:01.778 I/Registrar( 3307): Response<Success, Registered [/guest_science_manager] as publisher of [/gs/gs_manager/ack], [http://10.42.0.34:35147/, http://10.42.0.34:34630/]>
05-22 15:46:01.782 I/DefaultPublisher( 3307): Publisher registered: Publisher<PublisherDefinition<PublisherIdentifier<NodeIdentifier</guest_science_manager, http://hlp:53936/>, TopicIdentifier</gs/gs_manager/ack>>, Topic<TopicIdentifier</gs/gs_manager/ack>, TopicDescription<ff_msgs/AckStamped, cebddec69fd770df54633be444a9187d>>>>
05-22 15:46:01.925 I/Registrar( 3307): Registering publisher: Publisher<PublisherDefinition<PublisherIdentifier<NodeIdentifier</guest_science_manager, http://hlp:53936/>, TopicIdentifier</gs/data>>, Topic<TopicIdentifier</gs/data>, TopicDescription<ff_msgs/GuestScienceData, edd2c791ea93ffa7cb0ec80c5bb00972>>>>
