05-19 19:27:26.203 W//system/bin/mediaextractor( 1333): libminijail: allowing syscall: fcntl64
05-19 19:27:26.203 W//system/bin/mediaextractor( 1333): libminijail: allowing syscall: clock_gettime
05-19 19:27:26.274 W//system/bin/mediaextractor( 1333): libminijail: logging seccomp filter failures
05-19 19:27:26.460 I/AudioFlinger( 1326): HAL output buffer size 720 frames, normal sink buffer size 1152 frames
05-19 19:27:26.723 I/mediaserver( 1334): ServiceManager: 0xef73c0a0
05-19 19:27:26.781 W/BatteryNotifier( 1334): batterystats service unavailable!
05-19 19:27:26.873 I/BufferProvider( 1326): found effect "Multichannel Downmix To Stereo" from The Android Open Source Project
05-19 19:27:26.878 I/AudioFlinger( 1326): Using module 10 has the primary audio interface
05-19 19:27:26.905 I/cameraserver( 1327): ServiceManager: 0xecd3c020
05-19 19:27:26.907 I/AudioFlinger( 1326): AudioFlinger's thread 0xe7083fc0 ready to run
05-19 19:27:26.920 W/BatteryNotifier( 1326): batterystats service unavailable!
05-19 19:27:26.922 W/BatteryNotifier( 1326): batterystats service unavailable!
05-19 19:27:26.958 W/BatteryNotifier( 1326): batterystats service unavailable!
05-19 19:27:26.981 W/AudioFlinger( 1326): no wake lock to update, system not ready yet
05-19 19:27:26.985 I/CameraService( 1327): CameraService started (pid=1327)
05-19 19:27:26.986 I/CameraService( 1327): CameraService process starting
05-19 19:27:26.987 W/BatteryNotifier( 1327): batterystats service unavailable!
05-19 19:27:26.988 W/BatteryNotifier( 1327): batterystats service unavailable!
05-19 19:27:27.060 I/AudioFlinger( 1326): AudioFlinger's thread 0xe6b83a80 ready to run
05-19 19:27:27.242 I/r_submix( 1326): adev_open(name=audio_hw_if)
05-19 19:27:27.242 I/r_submix( 1326): adev_init_check()
05-19 19:27:27.242 I/AudioFlinger( 1326): loadHwModule() Loaded r_submix audio interface from Wifi Display audio HAL (audio) handle 18
05-19 19:27:27.242 D/r_submix( 1326): adev_open_input_stream(addr=0)
05-19 19:27:27.243 D/r_submix( 1326): submix_audio_device_create_pipe_l(addr=0, idx=9)
05-19 19:27:27.243 D/r_submix( 1326):   now using address 0 for route 9
05-19 19:27:27.248 I/mediaserver( 1332): ServiceManager: 0xf61bc0a0
05-19 19:27:27.260 I/AudioFlinger( 1326): AudioFlinger's thread 0xe6c83480 ready to run
05-19 19:27:27.261 D/r_submix( 1326): adev_close_input_stream()
05-19 19:27:27.261 D/r_submix( 1326): submix_audio_device_release_pipe_l(idx=9) addr=0
05-19 19:27:27.261 D/r_submix( 1326): submix_audio_device_destroy_pipe_l(): pipe destroyed
05-19 19:27:27.264 I/RadioService( 1326): RadioService
05-19 19:27:19.010 W/mediadrmserver( 1332): type=1400 audit(0.0:7): avc: denied { getattr } for path="/vendor" dev="rootfs" ino=4003 scontext=u:r:mediadrmserver:s0 tcontext=u:object_r:rootfs:s0 tclass=lnk_file permissive=0
05-19 19:27:19.100 W/mediacodec( 1331): type=1400 audit(0.0:8): avc: denied { getattr } for path="/vendor" dev="rootfs" ino=4003 scontext=u:r:mediacodec:s0 tcontext=u:object_r:rootfs:s0 tclass=lnk_file permissive=0
05-19 19:27:25.630 W/bootanimation( 1759): type=1400 audit(0.0:9): avc: denied { getattr } for path="/vendor" dev="rootfs" ino=4003 scontext=u:r:bootanim:s0 tcontext=u:object_r:rootfs:s0 tclass=lnk_file permissive=0
05-19 19:27:27.264 I/RadioService( 1326): onFirstRef
05-19 19:27:27.265 E/RadioService( 1326): couldn't load radio module radio.primary (No such file or directory)
05-19 19:27:27.269 E/SoundTriggerHwService( 1326): couldn't load sound trigger module sound_trigger.primary (No such file or directory)
05-19 19:27:27.394 D/EmulatedCamera_QemuClient( 1327): Emulated camera list: 
05-19 19:27:27.395 D/EmulatedCamera_FakeCamera( 1327): Initialize: Fake camera is facing back
05-19 19:27:27.397 V/EmulatedCamera_Device( 1327): initializeWhiteBalanceModes with auto, 1.000000, 1.000000
05-19 19:27:27.398 V/EmulatedCamera_Device( 1327): initializeWhiteBalanceModes with incandescent, 1.380000, 0.600000
05-19 19:27:27.398 V/EmulatedCamera_Device( 1327): initializeWhiteBalanceModes with daylight, 1.090000, 0.920000
05-19 19:27:27.398 V/EmulatedCamera_Device( 1327): initializeWhiteBalanceModes with twilight, 0.920000, 1.220000
05-19 19:27:27.398 V/EmulatedCamera_Device( 1327): setWhiteBalanceMode with white balance auto
05-19 19:27:27.399 E/EmulatedCamera_Factory( 1327): 1 cameras are being emulated. 0 of them are fake cameras.
05-19 19:27:27.399 E/EmulatedCamera_HotplugThread( 1327): createFileIfNotExists: Could not create file '/data/misc/media/emulator.camera.hotplug.0', error: 'Permission denied' (13)
05-19 19:27:27.434 I/CameraService( 1327): Loaded "Emulated Camera Module" camera module
05-19 19:27:27.434 E/CameraService( 1327): setUpVendorTags: Vendor tag operations not fully defined. Ignoring definitions.
05-19 19:27:27.435 V/EmulatedCamera_Camera( 1327): getCameraInfo
05-19 19:27:27.435 V/EmulatedCamera_BaseCamera( 1327): getCameraInfo
05-19 19:27:27.435 I/CameraFlashlight( 1327): Opening camera 0
05-19 19:27:27.436 V/EmulatedCamera_Camera( 1327): getCameraInfo
05-19 19:27:27.436 V/EmulatedCamera_BaseCamera( 1327): getCameraInfo
05-19 19:27:27.436 V/EmulatedCamera_Camera( 1327): connectCamera
05-19 19:27:27.436 V/EmulatedCamera_FakeDevice( 1327): connectDevice
05-19 19:27:27.436 V/EmulatedCamera_CallbackNotifier( 1327): setCallbacks: 0xeced6e80, 0xeced6ed0, 0xeced6ff0, 0xeced7110 (0xecd43140)
05-19 19:27:27.468 V/EmulatedCamera_Preview( 1327): setPreviewWindow: current: 0x0 -> new: 0xecd43150
05-19 19:27:27.468 V/EmulatedCamera_Preview( 1327): setPreviewWindow: current: 0xecd43150 -> new: 0x0
05-19 19:27:27.468 V/EmulatedCamera_Camera( 1327): doStopPreview
05-19 19:27:27.469 V/EmulatedCamera_Preview( 1327): setPreviewWindow: current: 0x0 -> new: 0x0
05-19 19:27:27.469 V/EmulatedCamera_Camera( 1327): releaseCamera
05-19 19:27:27.469 V/EmulatedCamera_Camera( 1327): doStopPreview
05-19 19:27:27.470 V/EmulatedCamera_FakeDevice( 1327): disconnectDevice
05-19 19:27:27.520 W/EmulatedCamera_Device( 1327): Initialize: Emulated camera device is already initialized: mState = 1
05-19 19:27:27.520 D/EmulatedCamera_FakeCamera( 1327): Initialize: Fake camera is facing back
05-19 19:27:27.521 V/EmulatedCamera_Device( 1327): initializeWhiteBalanceModes with auto, 1.000000, 1.000000
05-19 19:27:27.521 V/EmulatedCamera_Device( 1327): initializeWhiteBalanceModes with incandescent, 1.380000, 0.600000
05-19 19:27:27.521 V/EmulatedCamera_Device( 1327): initializeWhiteBalanceModes with daylight, 1.090000, 0.920000
05-19 19:27:27.521 V/EmulatedCamera_Device( 1327): initializeWhiteBalanceModes with twilight, 0.920000, 1.220000
05-19 19:27:27.521 V/EmulatedCamera_Device( 1327): setWhiteBalanceMode with white balance auto
05-19 19:27:27.521 I/CameraFlashlight( 1327): Destroying camera 0
05-19 19:27:27.521 V/EmulatedCamera_Camera( 1327): closeCamera
05-19 19:27:27.521 V/EmulatedCamera_Camera( 1327): doStopPreview
05-19 19:27:27.522 W/EmulatedCamera_Device( 1327): Initialize: Emulated camera device is already initialized: mState = 1
05-19 19:27:27.522 D/EmulatedCamera_FakeCamera( 1327): Initialize: Fake camera is facing back
05-19 19:27:27.522 V/EmulatedCamera_Device( 1327): initializeWhiteBalanceModes with auto, 1.000000, 1.000000
05-19 19:27:27.522 V/EmulatedCamera_Device( 1327): initializeWhiteBalanceModes with incandescent, 1.380000, 0.600000
05-19 19:27:27.522 V/EmulatedCamera_Device( 1327): initializeWhiteBalanceModes with daylight, 1.090000, 0.920000
05-19 19:27:27.522 V/EmulatedCamera_Device( 1327): initializeWhiteBalanceModes with twilight, 0.920000, 1.220000
05-19 19:27:27.522 V/EmulatedCamera_Device( 1327): setWhiteBalanceMode with white balance auto
05-19 19:27:27.525 V/EmulatedCamera_Camera( 1327): getCameraInfo
05-19 19:27:27.525 V/EmulatedCamera_BaseCamera( 1327): getCameraInfo
05-19 19:27:27.560 I/ServiceManager( 1327): Waiting for service media.camera.proxy...
05-19 19:27:28.570 I/ServiceManager( 1327): Waiting for service media.camera.proxy...
05-19 19:27:29.580 I/ServiceManager( 1327): Waiting for service media.camera.proxy...
05-19 19:27:29.962 W/BatteryNotifier( 1326): batterystats service unavailable!
05-19 19:27:30.630 I/ServiceManager( 1327): Waiting for service media.camera.proxy...
05-19 19:27:31.640 I/ServiceManager( 1327): Waiting for service media.camera.proxy...
05-19 19:27:35.724 D/AndroidRuntime( 1323): >>>>>> START com.android.internal.os.ZygoteInit uid 0 <<<<<<
05-19 19:27:35.936 E/SurfaceFlinger( 1320): ro.sf.lcd_density must be defined as a build property
05-19 19:27:36.035 D/libEGL  ( 1759): Emulator without GPU support detected. Fallback to legacy software renderer, qemu.gles is set to 0.
05-19 19:27:36.057 D/libEGL  ( 1759): loaded /system/lib64/egl/libGLES_android.so
05-19 19:27:36.196 D/AndroidRuntime( 1323): CheckJNI is ON
05-19 19:27:36.340 I/art     ( 1323): option[0]=-Xzygote
05-19 19:27:36.340 I/art     ( 1323): option[1]=-Xcheck:jni
05-19 19:27:36.341 I/art     ( 1323): option[2]=-Xstacktracefile:/data/anr/traces.txt
05-19 19:27:36.341 I/art     ( 1323): option[3]=exit
05-19 19:27:36.341 I/art     ( 1323): option[4]=vfprintf
05-19 19:27:36.341 I/art     ( 1323): option[5]=sensitiveThread
05-19 19:27:36.341 I/art     ( 1323): option[6]=-verbose:gc
05-19 19:27:36.341 I/art     ( 1323): option[7]=-Xms4m
05-19 19:27:36.341 I/art     ( 1323): option[8]=-Xmx256m
05-19 19:27:36.341 I/art     ( 1323): option[9]=-Xusejit:true
05-19 19:27:36.341 I/art     ( 1323): option[10]=-Xjitsaveprofilinginfo
05-19 19:27:36.341 I/art     ( 1323): option[11]=-agentlib:jdwp=transport=dt_android_adb,suspend=n,server=y
05-19 19:27:36.341 I/art     ( 1323): option[12]=-Xlockprofthreshold:500
05-19 19:27:36.341 I/art     ( 1323): option[13]=-Ximage-compiler-option
05-19 19:27:36.341 I/art     ( 1323): option[14]=--runtime-arg
05-19 19:27:36.341 I/art     ( 1323): option[15]=-Ximage-compiler-option
05-19 19:27:36.341 I/art     ( 1323): option[16]=-Xms64m
05-19 19:27:36.341 I/art     ( 1323): option[17]=-Ximage-compiler-option
05-19 19:27:36.342 I/art     ( 1323): option[18]=--runtime-arg
05-19 19:27:36.342 I/art     ( 1323): option[19]=-Ximage-compiler-option
05-19 19:27:36.342 I/art     ( 1323): option[20]=-Xmx64m
05-19 19:27:36.342 I/art     ( 1323): option[21]=-Ximage-compiler-option
05-19 19:27:36.342 I/art     ( 1323): option[22]=--image-classes=/system/etc/preloaded-classes
05-19 19:27:36.342 I/art     ( 1323): option[23]=-Ximage-compiler-option
05-19 19:27:36.342 I/art     ( 1323): option[24]=--compiled-classes=/system/etc/compiled-classes
05-19 19:27:36.342 I/art     ( 1323): option[25]=-Xcompiler-option
05-19 19:27:36.342 I/art     ( 1323): option[26]=--runtime-arg
05-19 19:27:36.342 I/art     ( 1323): option[27]=-Xcompiler-option
05-19 19:27:36.342 I/art     ( 1323): option[28]=-Xms64m
05-19 19:27:36.342 I/art     ( 1323): option[29]=-Xcompiler-option
05-19 19:27:36.342 I/art     ( 1323): option[30]=--runtime-arg
05-19 19:27:36.342 I/art     ( 1323): option[31]=-Xcompiler-option
05-19 19:27:36.342 I/art     ( 1323): option[32]=-Xmx512m
05-19 19:27:36.342 I/art     ( 1323): option[33]=-Ximage-compiler-option
05-19 19:27:36.342 I/art     ( 1323): option[34]=--instruction-set-variant=x86_64
05-19 19:27:36.342 I/art     ( 1323): option[35]=-Xcompiler-option
05-19 19:27:36.342 I/art     ( 1323): option[36]=--instruction-set-variant=x86_64
05-19 19:27:36.342 I/art     ( 1323): option[37]=-Ximage-compiler-option
05-19 19:27:36.342 I/art     ( 1323): option[38]=--instruction-set-features=default
05-19 19:27:36.342 I/art     ( 1323): option[39]=-Xcompiler-option
05-19 19:27:36.343 I/art     ( 1323): option[40]=--instruction-set-features=default
05-19 19:27:36.343 I/art     ( 1323): option[41]=-Duser.locale=en-US
05-19 19:27:36.343 I/art     ( 1323): option[42]=--cpu-abilist=x86_64
05-19 19:27:36.343 I/art     ( 1323): option[43]=-Xfingerprint:Android/sdk_phone_x86_64/generic_x86_64:7.1.1/NYC/4931657:userdebug/test-keys
05-19 19:27:36.533 D/gralloc_ranchu( 1759): Emulator without host-side GPU emulation detected. Loading gralloc.default.so from /vendor/lib64/hw/gralloc.goldfish.default.so...
05-19 19:27:36.536 D/gralloc_ranchu( 1759): gralloc.default.so not found in /vendor. Trying /system/lib64/hw/gralloc.goldfish.default.so...
05-19 19:27:38.090 D/AndroidRuntime( 1324): >>>>>> START com.android.internal.os.ZygoteInit uid 0 <<<<<<
05-19 19:27:38.431 D/AndroidRuntime( 1324): CheckJNI is ON
05-19 19:27:38.470 I/art     ( 1324): option[0]=-Xzygote
05-19 19:27:38.471 I/art     ( 1324): option[1]=-Xcheck:jni
05-19 19:27:38.471 I/art     ( 1324): option[2]=-Xstacktracefile:/data/anr/traces.txt
05-19 19:27:38.471 I/art     ( 1324): option[3]=exit
05-19 19:27:38.471 I/art     ( 1324): option[4]=vfprintf
05-19 19:27:38.471 I/art     ( 1324): option[5]=sensitiveThread
05-19 19:27:38.471 I/art     ( 1324): option[6]=-verbose:gc
05-19 19:27:38.471 I/art     ( 1324): option[7]=-Xms4m
05-19 19:27:38.471 I/art     ( 1324): option[8]=-Xmx256m
05-19 19:27:38.471 I/art     ( 1324): option[9]=-Xusejit:true
05-19 19:27:38.471 I/art     ( 1324): option[10]=-Xjitsaveprofilinginfo
05-19 19:27:38.471 I/art     ( 1324): option[11]=-agentlib:jdwp=transport=dt_android_adb,suspend=n,server=y
05-19 19:27:38.471 I/art     ( 1324): option[12]=-Xlockprofthreshold:500
05-19 19:27:38.471 I/art     ( 1324): option[13]=-Ximage-compiler-option
05-19 19:27:38.472 I/art     ( 1324): option[14]=--runtime-arg
05-19 19:27:38.472 I/art     ( 1324): option[15]=-Ximage-compiler-option
05-19 19:27:38.472 I/art     ( 1324): option[16]=-Xms64m
05-19 19:27:38.472 I/art     ( 1324): option[17]=-Ximage-compiler-option
05-19 19:27:38.472 I/art     ( 1324): option[18]=--runtime-arg
05-19 19:27:38.472 I/art     ( 1324): option[19]=-Ximage-compiler-option
05-19 19:27:38.472 I/art     ( 1324): option[20]=-Xmx64m
05-19 19:27:38.472 I/art     ( 1324): option[21]=-Ximage-compiler-option
05-19 19:27:38.472 I/art     ( 1324): option[22]=--image-classes=/system/etc/preloaded-classes
05-19 19:27:38.472 I/art     ( 1324): option[23]=-Ximage-compiler-option
05-19 19:27:38.472 I/art     ( 1324): option[24]=--compiled-classes=/system/etc/compiled-classes
05-19 19:27:38.472 I/art     ( 1324): option[25]=-Xcompiler-option
05-19 19:27:38.472 I/art     ( 1324): option[26]=--runtime-arg
05-19 19:27:38.472 I/art     ( 1324): option[27]=-Xcompiler-option
05-19 19:27:38.472 I/art     ( 1324): option[28]=-Xms64m
05-19 19:27:38.472 I/art     ( 1324): option[29]=-Xcompiler-option
05-19 19:27:38.472 I/art     ( 1324): option[30]=--runtime-arg
05-19 19:27:38.472 I/art     ( 1324): option[31]=-Xcompiler-option
05-19 19:27:38.473 I/art     ( 1324): option[32]=-Xmx512m
05-19 19:27:38.473 I/art     ( 1324): option[33]=-Ximage-compiler-option
05-19 19:27:38.473 I/art     ( 1324): option[34]=--instruction-set-variant=x86
05-19 19:27:38.473 I/art     ( 1324): option[35]=-Xcompiler-option
05-19 19:27:38.473 I/art     ( 1324): option[36]=--instruction-set-variant=x86
05-19 19:27:38.473 I/art     ( 1324): option[37]=-Ximage-compiler-option
05-19 19:27:38.473 I/art     ( 1324): option[38]=--instruction-set-features=default
05-19 19:27:38.473 I/art     ( 1324): option[39]=-Xcompiler-option
05-19 19:27:38.473 I/art     ( 1324): option[40]=--instruction-set-features=default
05-19 19:27:38.473 I/art     ( 1324): option[41]=-Duser.locale=en-US
05-19 19:27:38.473 I/art     ( 1324): option[42]=--cpu-abilist=x86
05-19 19:27:38.473 I/art     ( 1324): option[43]=-Xfingerprint:Android/sdk_phone_x86_64/generic_x86_64:7.1.1/NYC/4931657:userdebug/test-keys
05-19 19:27:42.640 D/ICU     ( 1323): No timezone override file found: /data/misc/zoneinfo/current/icu/icu_tzdata.dat
05-19 19:27:45.836 D/ICU     ( 1324): No timezone override file found: /data/misc/zoneinfo/current/icu/icu_tzdata.dat
05-19 19:27:46.231 E/memtrack( 1323): Couldn't load memtrack module (No such file or directory)
05-19 19:27:46.231 E/android.os.Debug( 1323): failed to load memtrack module: -2
05-19 19:27:46.321 I/Radio-JNI( 1323): register_android_hardware_Radio DONE
05-19 19:27:46.895 E/ipv6proxy( 1937): Failed to forward Router Advertisement from eth0 to wlan1: Network is unreachable
05-19 19:27:46.896 E/ipv6proxy( 1937): Failed to forward Router Advertisement from eth0 to radio0-peer: Cannot assign requested address
05-19 19:27:46.920 I/SamplingProfilerIntegration( 1323): Profiling disabled.
05-19 19:27:46.926 D/Zygote  ( 1323): begin preload
05-19 19:27:46.926 I/Zygote  ( 1323): Installing ICU cache reference pinning...
05-19 19:27:46.930 I/Zygote  ( 1323): Preloading ICU data...
05-19 19:27:47.011 E/hostapd ( 1954): Configuration file: /system/etc/simulated_hostapd.conf
05-19 19:27:47.988 I/hostapd ( 1954): rfkill: Cannot get wiphy information
05-19 19:27:48.021 I/hostapd ( 1954): nl80211: Could not re-add multicast membership for vendor events: -2 (No such file or directory)
05-19 19:27:48.022 I/hostapd ( 1954): wlan1: interface state UNINITIALIZED->COUNTRY_UPDATE
05-19 19:27:48.681 I/Zygote  ( 1323): Preloading classes...
05-19 19:27:48.992 W/Zygote  ( 1323): Class not found for preloading: [Landroid.view.Display$ColorTransform;
05-19 19:27:49.673 E/memtrack( 1324): Couldn't load memtrack module (No such file or directory)
05-19 19:27:49.673 E/android.os.Debug( 1324): failed to load memtrack module: -2
05-19 19:27:49.812 I/Radio-JNI( 1324): register_android_hardware_Radio DONE
05-19 19:27:50.170 I/SamplingProfilerIntegration( 1324): Profiling disabled.
05-19 19:27:50.193 D/Zygote  ( 1324): begin preload
05-19 19:27:50.193 I/Zygote  ( 1324): Installing ICU cache reference pinning...
05-19 19:27:50.200 I/Zygote  ( 1324): Preloading ICU data...
05-19 19:27:50.882 E/ipv6proxy( 1937): Failed to forward Router Advertisement from eth0 to wlan1: Network is unreachable
05-19 19:27:51.625 I/Zygote  ( 1324): Preloading classes...
05-19 19:27:51.939 W/Zygote  ( 1324): Class not found for preloading: [Landroid.view.Display$ColorTransform;
05-19 19:27:53.171 I/hostapd ( 1954): wlan1: interface state COUNTRY_UPDATE->HT_SCAN
05-19 19:27:54.733 E/hostapd ( 1954): Using interface wlan1 with hwaddr 02:00:00:00:01:00 and ssid "AndroidWifi"
05-19 19:27:54.772 I/hostapd ( 1954): wlan1: interface state HT_SCAN->ENABLED
05-19 19:27:54.772 I/hostapd ( 1954): wlan1: AP-ENABLED 
05-19 19:27:55.078 E/Typeface( 1323): Error mapping font file /system/fonts/DroidSansFallback.ttf
05-19 19:27:58.258 E/Typeface( 1324): Error mapping font file /system/fonts/DroidSansFallback.ttf
05-19 19:28:00.354 W/art     ( 1323): Suspending all threads took: 50.517ms
05-19 19:28:00.571 I/art     ( 1323): Background concurrent mark sweep GC freed 21949(2MB) AllocSpace objects, 79(1432KB) LOS objects, 33% free, 2MB/4MB, paused 54.649ms total 363.413ms
05-19 19:28:01.230 I/art     ( 1323): Thread[1,tid=1323,Native,Thread*=0x75c0c8e95a00,peer=0x12c060d0,"main"] recursive attempt to load library "/system/lib64/libmedia_jni.so"
05-19 19:28:01.241 D/MtpDeviceJNI( 1323): register_android_mtp_MtpDevice
05-19 19:28:01.252 I/art     ( 1323): Thread[1,tid=1323,Native,Thread*=0x75c0c8e95a00,peer=0x12c060d0,"main"] recursive attempt to load library "/system/lib64/libmedia_jni.so"
05-19 19:28:01.253 I/art     ( 1323): Thread[1,tid=1323,Native,Thread*=0x75c0c8e95a00,peer=0x12c060d0,"main"] recursive attempt to load library "/system/lib64/libmedia_jni.so"
05-19 19:28:03.974 W/Zygote  ( 1323): Class not found for preloading: android.view.Display$ColorTransform
05-19 19:28:03.974 W/Zygote  ( 1323): Class not found for preloading: android.view.Display$ColorTransform$1
05-19 19:28:04.354 I/art     ( 1324): Background concurrent mark sweep GC freed 21955(2MB) AllocSpace objects, 123(2MB) LOS objects, 33% free, 3MB/4MB, paused 2.622ms total 690.932ms
05-19 19:28:05.022 I/art     ( 1324): Thread[1,tid=1324,Native,Thread*=0xe598b400,peer=0x12c060d0,"main"] recursive attempt to load library "/system/lib/libmedia_jni.so"
05-19 19:28:05.032 D/MtpDeviceJNI( 1324): register_android_mtp_MtpDevice
05-19 19:28:05.033 I/art     ( 1324): Thread[1,tid=1324,Native,Thread*=0xe598b400,peer=0x12c060d0,"main"] recursive attempt to load library "/system/lib/libmedia_jni.so"
05-19 19:28:05.035 I/art     ( 1324): Thread[1,tid=1324,Native,Thread*=0xe598b400,peer=0x12c060d0,"main"] recursive attempt to load library "/system/lib/libmedia_jni.so"
05-19 19:28:07.149 I/System  ( 1323): Loaded time zone names for "" in 1164ms (1159ms in ICU)
05-19 19:28:07.195 W/Zygote  ( 1324): Class not found for preloading: android.view.Display$ColorTransform
05-19 19:28:07.196 W/Zygote  ( 1324): Class not found for preloading: android.view.Display$ColorTransform$1
05-19 19:28:08.318 I/System  ( 1323): Loaded time zone names for "en_US" in 1084ms (1079ms in ICU)
05-19 19:28:09.749 I/Zygote  ( 1323): ...preloaded 4158 classes in 21068ms.
05-19 19:28:09.827 I/art     ( 1323): VMRuntime.preloadDexCaches starting
05-19 19:28:10.089 I/art     ( 1324): Background sticky concurrent mark sweep GC freed 13048(2MB) AllocSpace objects, 10(160KB) LOS objects, 66% free, 1551KB/4MB, paused 2.246ms total 443.678ms
05-19 19:28:11.741 I/art     ( 1323): VMRuntime.preloadDexCaches strings total=283712 before=39625 after=39625
05-19 19:28:11.741 I/art     ( 1323): VMRuntime.preloadDexCaches types total=23581 before=7877 after=7904
05-19 19:28:11.746 I/art     ( 1323): VMRuntime.preloadDexCaches fields total=112007 before=40903 after=41117
05-19 19:28:11.746 I/art     ( 1323): VMRuntime.preloadDexCaches methods total=197534 before=82457 after=83017
05-19 19:28:11.746 I/art     ( 1323): VMRuntime.preloadDexCaches finished
05-19 19:28:11.842 I/Zygote  ( 1323): Preloading resources...
05-19 19:28:12.452 I/System  ( 1324): Loaded time zone names for "" in 1619ms (1541ms in ICU)
05-19 19:28:13.271 W/Resources( 1323): Preloaded drawable resource #0x108025c (android:drawable/dialog_background_material) that varies with configuration!!
05-19 19:28:13.309 W/Resources( 1323): Preloaded drawable resource #0x1080298 (android:drawable/editbox_dropdown_background_dark) that varies with configuration!!
05-19 19:28:13.358 I/System  ( 1324): Loaded time zone names for "en_US" in 905ms (901ms in ICU)
05-19 19:28:13.517 W/Resources( 1323): Preloaded color resource #0x10600e2 (android:color/material_grey_800) that varies with configuration!!
05-19 19:28:13.517 W/Resources( 1323): Preloaded drawable resource #0x10802c9 (android:drawable/floating_popup_background_dark) that varies with configuration!!
05-19 19:28:13.921 W/art     ( 1323): Suspending all threads took: 7.960ms
05-19 19:28:14.105 I/art     ( 1323): Background sticky concurrent mark sweep GC freed 25733(1767KB) AllocSpace objects, 0(0B) LOS objects, 22% free, 3MB/4MB, paused 10.664ms total 541.506ms
05-19 19:28:14.454 W/Resources( 1323): Preloaded drawable resource #0x108030b (android:drawable/ic_clear_disabled) that varies with configuration!!
05-19 19:28:14.457 W/Resources( 1323): Preloaded drawable resource #0x1080310 (android:drawable/ic_clear_normal) that varies with configuration!!
05-19 19:28:14.478 I/Zygote  ( 1324): ...preloaded 4158 classes in 22851ms.
05-19 19:28:14.479 I/art     ( 1324): VMRuntime.preloadDexCaches starting
05-19 19:28:14.694 W/Resources( 1323): Preloaded drawable resource #0x1080359 (android:drawable/ic_go) that varies with configuration!!
05-19 19:28:15.043 W/Resources( 1323): Preloaded drawable resource #0x1080038 (android:drawable/ic_menu_close_clear_cancel) that varies with configuration!!
05-19 19:28:15.053 I/art     ( 1323): Background concurrent mark sweep GC freed 3084(171KB) AllocSpace objects, 7(156KB) LOS objects, 50% free, 3MB/7MB, paused 428us total 259.034ms
05-19 19:28:15.226 W/Resources( 1323): Preloaded drawable resource #0x1080045 (android:drawable/ic_menu_more) that varies with configuration!!
05-19 19:28:15.553 W/Resources( 1323): Preloaded drawable resource #0x10804e8 (android:drawable/menu_background_fill_parent_width) that varies with configuration!!
05-19 19:28:16.411 I/art     ( 1324): VMRuntime.preloadDexCaches strings total=283712 before=39625 after=39625
05-19 19:28:16.411 I/art     ( 1324): VMRuntime.preloadDexCaches types total=23581 before=7877 after=7904
05-19 19:28:16.412 I/art     ( 1324): VMRuntime.preloadDexCaches fields total=112007 before=40903 after=41117
05-19 19:28:16.412 I/art     ( 1324): VMRuntime.preloadDexCaches methods total=197534 before=82457 after=83017
05-19 19:28:16.412 I/art     ( 1324): VMRuntime.preloadDexCaches finished
05-19 19:28:16.453 I/Zygote  ( 1324): Preloading resources...
05-19 19:28:17.402 W/Resources( 1323): Preloaded drawable resource #0x108077e (android:drawable/text_edit_paste_window) that varies with configuration!!
05-19 19:28:17.540 W/Resources( 1323): Preloaded drawable resource #0x1080096 (android:drawable/toast_frame) that varies with configuration!!
05-19 19:28:17.541 I/Zygote  ( 1323): ...preloaded 114 resources in 5698ms.
05-19 19:28:17.727 W/Resources( 1323): Preloaded color resource #0x106010b (android:color/background_cache_hint_selector_material_dark) that varies with configuration!!
05-19 19:28:17.729 W/Resources( 1323): Preloaded color resource #0x1060110 (android:color/btn_default_material_dark) that varies with configuration!!
05-19 19:28:17.892 I/Zygote  ( 1323): ...preloaded 41 resources in 351ms.
05-19 19:28:17.894 D/libEGL  ( 1323): Emulator without GPU support detected. Fallback to legacy software renderer, qemu.gles is set to 0.
05-19 19:28:17.968 D/libEGL  ( 1323): loaded /system/lib64/egl/libGLES_android.so
05-19 19:28:18.225 W/Resources( 1324): Preloaded drawable resource #0x108025c (android:drawable/dialog_background_material) that varies with configuration!!
05-19 19:28:18.229 W/Resources( 1324): Preloaded drawable resource #0x1080298 (android:drawable/editbox_dropdown_background_dark) that varies with configuration!!
05-19 19:28:18.444 W/Resources( 1324): Preloaded color resource #0x10600e2 (android:color/material_grey_800) that varies with configuration!!
05-19 19:28:18.445 W/Resources( 1324): Preloaded drawable resource #0x10802c9 (android:drawable/floating_popup_background_dark) that varies with configuration!!
05-19 19:28:18.697 I/Zygote  ( 1323): Preloading shared libraries...
05-19 19:28:18.822 E/Hyphenator( 1323): error loading hyphenation /system/usr/hyphen-data/hyph-as.hyb
05-19 19:28:18.822 E/Hyphenator( 1323): java.io.FileNotFoundException: /system/usr/hyphen-data/hyph-as.hyb: open failed: ENOENT (No such file or directory)
05-19 19:28:18.822 E/Hyphenator( 1323): 	at libcore.io.IoBridge.open(IoBridge.java:455)
05-19 19:28:18.822 E/Hyphenator( 1323): 	at java.io.RandomAccessFile.<init>(RandomAccessFile.java:247)
05-19 19:28:18.822 E/Hyphenator( 1323): 	at android.text.Hyphenator.loadHyphenator(Hyphenator.java:118)
05-19 19:28:18.822 E/Hyphenator( 1323): 	at android.text.Hyphenator.init(Hyphenator.java:224)
05-19 19:28:18.822 E/Hyphenator( 1323): 	at com.android.internal.os.ZygoteInit.preloadTextResources(ZygoteInit.java:252)
05-19 19:28:18.822 E/Hyphenator( 1323): 	at com.android.internal.os.ZygoteInit.preload(ZygoteInit.java:206)
05-19 19:28:18.822 E/Hyphenator( 1323): 	at com.android.internal.os.ZygoteInit.main(ZygoteInit.java:743)
05-19 19:28:18.822 E/Hyphenator( 1323): Caused by: android.system.ErrnoException: open failed: ENOENT (No such file or directory)
05-19 19:28:18.822 E/Hyphenator( 1323): 	at libcore.io.Posix.open(Native Method)
05-19 19:28:18.822 E/Hyphenator( 1323): 	at libcore.io.BlockGuardOs.open(BlockGuardOs.java:187)
05-19 19:28:18.822 E/Hyphenator( 1323): 	at libcore.io.IoBridge.open(IoBridge.java:441)
05-19 19:28:18.822 E/Hyphenator( 1323): 	... 6 more
05-19 19:28:18.824 E/Hyphenator( 1323): error loading hyphenation /system/usr/hyphen-data/hyph-bn.hyb
05-19 19:28:18.824 E/Hyphenator( 1323): java.io.FileNotFoundException: /system/usr/hyphen-data/hyph-bn.hyb: open failed: ENOENT (No such file or directory)
05-19 19:28:18.824 E/Hyphenator( 1323): 	at libcore.io.IoBridge.open(IoBridge.java:455)
05-19 19:28:18.824 E/Hyphenator( 1323): 	at java.io.RandomAccessFile.<init>(RandomAccessFile.java:247)
05-19 19:28:18.824 E/Hyphenator( 1323): 	at android.text.Hyphenator.loadHyphenator(Hyphenator.java:118)
05-19 19:28:18.824 E/Hyphenator( 1323): 	at android.text.Hyphenator.init(Hyphenator.java:224)
05-19 19:28:18.824 E/Hyphenator( 1323): 	at com.android.internal.os.ZygoteInit.preloadTextResources(ZygoteInit.java:252)
05-19 19:28:18.824 E/Hyphenator( 1323): 	at com.android.internal.os.ZygoteInit.preload(ZygoteInit.java:206)
05-19 19:28:18.824 E/Hyphenator( 1323): 	at com.android.internal.os.ZygoteInit.main(ZygoteInit.java:743)
05-19 19:28:18.824 E/Hyphenator( 1323): Caused by: android.system.ErrnoException: open failed: ENOENT (No such file or directory)
05-19 19:28:18.824 E/Hyphenator( 1323): 	at libcore.io.Posix.open(Native Method)
05-19 19:28:18.824 E/Hyphenator( 1323): 	at libcore.io.BlockGuardOs.open(BlockGuardOs.java:187)
05-19 19:28:18.824 E/Hyphenator( 1323): 	at libcore.io.IoBridge.open(IoBridge.java:441)
05-19 19:28:18.824 E/Hyphenator( 1323): 	... 6 more
05-19 19:28:18.825 E/Hyphenator( 1323): error loading hyphenation /system/usr/hyphen-data/hyph-cy.hyb
05-19 19:28:18.825 E/Hyphenator( 1323): java.io.FileNotFoundException: /system/usr/hyphen-data/hyph-cy.hyb: open failed: ENOENT (No such file or directory)
05-19 19:28:18.825 E/Hyphenator( 1323): 	at libcore.io.IoBridge.open(IoBridge.java:455)
05-19 19:28:18.825 E/Hyphenator( 1323): 	at java.io.RandomAccessFile.<init>(RandomAccessFile.java:247)
05-19 19:28:18.825 E/Hyphenator( 1323): 	at android.text.Hyphenator.loadHyphenator(Hyphenator.java:118)
05-19 19:28:18.825 E/Hyphenator( 1323): 	at android.text.Hyphenator.init(Hyphenator.java:224)
05-19 19:28:18.825 E/Hyphenator( 1323): 	at com.android.internal.os.ZygoteInit.preloadTextResources(ZygoteInit.java:252)
05-19 19:28:18.825 E/Hyphenator( 1323): 	at com.android.internal.os.ZygoteInit.preload(ZygoteInit.java:206)
05-19 19:28:18.825 E/Hyphenator( 1323): 	at com.android.internal.os.ZygoteInit.main(ZygoteInit.java:743)
05-19 19:28:18.825 E/Hyphenator( 1323): Caused by: android.system.ErrnoException: open failed: ENOENT (No such file or directory)
05-19 19:28:18.825 E/Hyphenator( 1323): 	at libcore.io.Posix.open(Native Method)
05-19 19:28:18.825 E/Hyphenator( 1323): 	at libcore.io.BlockGuardOs.open(BlockGuardOs.java:187)
05-19 19:28:18.825 E/Hyphenator( 1323): 	at libcore.io.IoBridge.open(IoBridge.java:441)
05-19 19:28:18.825 E/Hyphenator( 1323): 	... 6 more
05-19 19:28:18.826 E/Hyphenator( 1323): error loading hyphenation /system/usr/hyphen-data/hyph-da.hyb
05-19 19:28:18.826 E/Hyphenator( 1323): java.io.FileNotFoundException: /system/usr/hyphen-data/hyph-da.hyb: open failed: ENOENT (No such file or directory)
05-19 19:28:18.826 E/Hyphenator( 1323): 	at libcore.io.IoBridge.open(IoBridge.java:455)
05-19 19:28:18.826 E/Hyphenator( 1323): 	at java.io.RandomAccessFile.<init>(RandomAccessFile.java:247)
05-19 19:28:18.826 E/Hyphenator( 1323): 	at android.text.Hyphenator.loadHyphenator(Hyphenator.java:118)
05-19 19:28:18.826 E/Hyphenator( 1323): 	at android.text.Hyphenator.init(Hyphenator.java:224)
05-19 19:28:18.826 E/Hyphenator( 1323): 	at com.android.internal.os.ZygoteInit.preloadTextResources(ZygoteInit.java:252)
05-19 19:28:18.826 E/Hyphenator( 1323): 	at com.android.internal.os.ZygoteInit.preload(ZygoteInit.java:206)
05-19 19:28:18.826 E/Hyphenator( 1323): 	at com.android.internal.os.ZygoteInit.main(ZygoteInit.java:743)
05-19 19:28:18.826 E/Hyphenator( 1323): Caused by: android.system.ErrnoException: open failed: ENOENT (No such file or directory)
05-19 19:28:18.826 E/Hyphenator( 1323): 	at libcore.io.Posix.open(Native Method)
05-19 19:28:18.826 E/Hyphenator( 1323): 	at libcore.io.BlockGuardOs.open(BlockGuardOs.java:187)
05-19 19:28:18.826 E/Hyphenator( 1323): 	at libcore.io.IoBridge.open(IoBridge.java:441)
05-19 19:28:18.826 E/Hyphenator( 1323): 	... 6 more
05-19 19:28:18.828 E/Hyphenator( 1323): error loading hyphenation /system/usr/hyphen-data/hyph-de-1901.hyb
05-19 19:28:18.828 E/Hyphenator( 1323): java.io.FileNotFoundException: /system/usr/hyphen-data/hyph-de-1901.hyb: open failed: ENOENT (No such file or directory)
05-19 19:28:18.828 E/Hyphenator( 1323): 	at libcore.io.IoBridge.open(IoBridge.java:455)
05-19 19:28:18.828 E/Hyphenator( 1323): 	at java.io.RandomAccessFile.<init>(RandomAccessFile.java:247)
05-19 19:28:18.828 E/Hyphenator( 1323): 	at android.text.Hyphenator.loadHyphenator(Hyphenator.java:118)
05-19 19:28:18.828 E/Hyphenator( 1323): 	at android.text.Hyphenator.init(Hyphenator.java:224)
05-19 19:28:18.828 E/Hyphenator( 1323): 	at com.android.internal.os.ZygoteInit.preloadTextResources(ZygoteInit.java:252)
05-19 19:28:18.828 E/Hyphenator( 1323): 	at com.android.internal.os.ZygoteInit.preload(ZygoteInit.java:206)
05-19 19:28:18.828 E/Hyphenator( 1323): 	at com.android.internal.os.ZygoteInit.main(ZygoteInit.java:743)
05-19 19:28:18.828 E/Hyphenator( 1323): Caused by: android.system.ErrnoException: open failed: ENOENT (No such file or directory)
05-19 19:28:18.828 E/Hyphenator( 1323): 	at libcore.io.Posix.open(Native Method)
05-19 19:28:18.828 E/Hyphenator( 1323): 	at libcore.io.BlockGuardOs.open(BlockGuardOs.java:187)
05-19 19:28:18.828 E/Hyphenator( 1323): 	at libcore.io.IoBridge.open(IoBridge.java:441)
05-19 19:28:18.828 E/Hyphenator( 1323): 	... 6 more
05-19 19:28:18.829 E/Hyphenator( 1323): error loading hyphenation /system/usr/hyphen-data/hyph-de-1996.hyb
05-19 19:28:18.829 E/Hyphenator( 1323): java.io.FileNotFoundException: /system/usr/hyphen-data/hyph-de-1996.hyb: open failed: ENOENT (No such file or directory)
05-19 19:28:18.829 E/Hyphenator( 1323): 	at libcore.io.IoBridge.open(IoBridge.java:455)
05-19 19:28:18.829 E/Hyphenator( 1323): 	at java.io.RandomAccessFile.<init>(RandomAccessFile.java:247)
05-19 19:28:18.829 E/Hyphenator( 1323): 	at android.text.Hyphenator.loadHyphenator(Hyphenator.java:118)
05-19 19:28:18.829 E/Hyphenator( 1323): 	at android.text.Hyphenator.init(Hyphenator.java:224)
05-19 19:28:18.829 E/Hyphenator( 1323): 	at com.android.internal.os.ZygoteInit.preloadTextResources(ZygoteInit.java:252)
05-19 19:28:18.829 E/Hyphenator( 1323): 	at com.android.internal.os.ZygoteInit.preload(ZygoteInit.java:206)
05-19 19:28:18.829 E/Hyphenator( 1323): 	at com.android.internal.os.ZygoteInit.main(ZygoteInit.java:743)
05-19 19:28:18.829 E/Hyphenator( 1323): Caused by: android.system.ErrnoException: open failed: ENOENT (No such file or directory)
05-19 19:28:18.829 E/Hyphenator( 1323): 	at libcore.io.Posix.open(Native Method)
05-19 19:28:18.829 E/Hyphenator( 1323): 	at libcore.io.BlockGuardOs.open(BlockGuardOs.java:187)
05-19 19:28:18.829 E/Hyphenator( 1323): 	at libcore.io.IoBridge.open(IoBridge.java:441)
05-19 19:28:18.829 E/Hyphenator( 1323): 	... 6 more
05-19 19:28:18.951 E/Hyphenator( 1323): error loading hyphenation /system/usr/hyphen-data/hyph-de-ch-1901.hyb
05-19 19:28:18.951 E/Hyphenator( 1323): java.io.FileNotFoundException: /system/usr/hyphen-data/hyph-de-ch-1901.hyb: open failed: ENOENT (No such file or directory)
05-19 19:28:18.951 E/Hyphenator( 1323): 	at libcore.io.IoBridge.open(IoBridge.java:455)
05-19 19:28:18.951 E/Hyphenator( 1323): 	at java.io.RandomAccessFile.<init>(RandomAccessFile.java:247)
05-19 19:28:18.951 E/Hyphenator( 1323): 	at android.text.Hyphenator.loadHyphenator(Hyphenator.java:118)
05-19 19:28:18.951 E/Hyphenator( 1323): 	at android.text.Hyphenator.init(Hyphenator.java:224)
05-19 19:28:18.951 E/Hyphenator( 1323): 	at com.android.internal.os.ZygoteInit.preloadTextResources(ZygoteInit.java:252)
05-19 19:28:18.951 E/Hyphenator( 1323): 	at com.android.internal.os.ZygoteInit.preload(ZygoteInit.java:206)
05-19 19:28:18.951 E/Hyphenator( 1323): 	at com.android.internal.os.ZygoteInit.main(ZygoteInit.java:743)
05-19 19:28:18.951 E/Hyphenator( 1323): Caused by: android.system.ErrnoException: open failed: ENOENT (No such file or directory)
05-19 19:28:18.951 E/Hyphenator( 1323): 	at libcore.io.Posix.open(Native Method)
05-19 19:28:18.951 E/Hyphenator( 1323): 	at libcore.io.BlockGuardOs.open(BlockGuardOs.java:187)
05-19 19:28:18.951 E/Hyphenator( 1323): 	at libcore.io.IoBridge.open(IoBridge.java:441)
05-19 19:28:18.951 E/Hyphenator( 1323): 	... 6 more
05-19 19:28:18.953 E/Hyphenator( 1323): error loading hyphenation /system/usr/hyphen-data/hyph-en-gb.hyb
05-19 19:28:18.953 E/Hyphenator( 1323): java.io.FileNotFoundException: /system/usr/hyphen-data/hyph-en-gb.hyb: open failed: ENOENT (No such file or directory)
05-19 19:28:18.953 E/Hyphenator( 1323): 	at libcore.io.IoBridge.open(IoBridge.java:455)
05-19 19:28:18.953 E/Hyphenator( 1323): 	at java.io.RandomAccessFile.<init>(RandomAccessFile.java:247)
05-19 19:28:18.953 E/Hyphenator( 1323): 	at android.text.Hyphenator.loadHyphenator(Hyphenator.java:118)
05-19 19:28:18.953 E/Hyphenator( 1323): 	at android.text.Hyphenator.init(Hyphenator.java:224)
05-19 19:28:18.953 E/Hyphenator( 1323): 	at com.android.internal.os.ZygoteInit.preloadTextResources(ZygoteInit.java:252)
05-19 19:28:18.953 E/Hyphenator( 1323): 	at com.android.internal.os.ZygoteInit.preload(ZygoteInit.java:206)
05-19 19:28:18.953 E/Hyphenator( 1323): 	at com.android.internal.os.ZygoteInit.main(ZygoteInit.java:743)
05-19 19:28:18.953 E/Hyphenator( 1323): Caused by: android.system.ErrnoException: open failed: ENOENT (No such file or directory)
05-19 19:28:18.953 E/Hyphenator( 1323): 	at libcore.io.Posix.open(Native Method)
05-19 19:28:18.953 E/Hyphenator( 1323): 	at libcore.io.BlockGuardOs.open(BlockGuardOs.java:187)
05-19 19:28:18.953 E/Hyphenator( 1323): 	at libcore.io.IoBridge.open(IoBridge.java:441)
05-19 19:28:18.953 E/Hyphenator( 1323): 	... 6 more
05-19 19:28:18.954 E/Hyphenator( 1323): error loading hyphenation /system/usr/hyphen-data/hyph-en-us.hyb
05-19 19:28:18.954 E/Hyphenator( 1323): java.io.FileNotFoundException: /system/usr/hyphen-data/hyph-en-us.hyb: open failed: ENOENT (No such file or directory)
05-19 19:28:18.954 E/Hyphenator( 1323): 	at libcore.io.IoBridge.open(IoBridge.java:455)
05-19 19:28:18.954 E/Hyphenator( 1323): 	at java.io.RandomAccessFile.<init>(RandomAccessFile.java:247)
05-19 19:28:18.954 E/Hyphenator( 1323): 	at android.text.Hyphenator.loadHyphenator(Hyphenator.java:118)
05-19 19:28:18.954 E/Hyphenator( 1323): 	at android.text.Hyphenator.init(Hyphenator.java:224)
05-19 19:28:18.954 E/Hyphenator( 1323): 	at com.android.internal.os.ZygoteInit.preloadTextResources(ZygoteInit.java:252)
05-19 19:28:18.954 E/Hyphenator( 1323): 	at com.android.internal.os.ZygoteInit.preload(ZygoteInit.java:206)
05-19 19:28:18.954 E/Hyphenator( 1323): 	at com.android.internal.os.ZygoteInit.main(ZygoteInit.java:743)
05-19 19:28:18.954 E/Hyphenator( 1323): Caused by: android.system.ErrnoException: open failed: ENOENT (No such file or directory)
05-19 19:28:18.954 E/Hyphenator( 1323): 	at libcore.io.Posix.open(Native Method)
05-19 19:28:18.954 E/Hyphenator( 1323): 	at libcore.io.BlockGuardOs.open(BlockGuardOs.java:187)
05-19 19:28:18.954 E/Hyphenator( 1323): 	at libcore.io.IoBridge.open(IoBridge.java:441)
05-19 19:28:18.954 E/Hyphenator( 1323): 	... 6 more
05-19 19:28:18.956 E/Hyphenator( 1323): error loading hyphenation /system/usr/hyphen-data/hyph-es.hyb
05-19 19:28:18.956 E/Hyphenator( 1323): java.io.FileNotFoundException: /system/usr/hyphen-data/hyph-es.hyb: open failed: ENOENT (No such file or directory)
05-19 19:28:18.956 E/Hyphenator( 1323): 	at libcore.io.IoBridge.open(IoBridge.java:455)
05-19 19:28:18.956 E/Hyphenator( 1323): 	at java.io.RandomAccessFile.<init>(RandomAccessFile.java:247)
05-19 19:28:18.956 E/Hyphenator( 1323): 	at android.text.Hyphenator.loadHyphenator(Hyphenator.java:118)
05-19 19:28:18.956 E/Hyphenator( 1323): 	at android.text.Hyphenator.init(Hyphenator.java:224)
05-19 19:28:18.956 E/Hyphenator( 1323): 	at com.android.internal.os.ZygoteInit.preloadTextResources(ZygoteInit.java:252)
05-19 19:28:18.956 E/Hyphenator( 1323): 	at com.android.internal.os.ZygoteInit.preload(ZygoteInit.java:206)
05-19 19:28:18.956 E/Hyphenator( 1323): 	at com.android.internal.os.ZygoteInit.main(ZygoteInit.java:743)
05-19 19:28:18.956 E/Hyphenator( 1323): Caused by: android.system.ErrnoException: open failed: ENOENT (No such file or directory)
05-19 19:28:18.956 E/Hyphenator( 1323): 	at libcore.io.Posix.open(Native Method)
05-19 19:28:18.956 E/Hyphenator( 1323): 	at libcore.io.BlockGuardOs.open(BlockGuardOs.java:187)
05-19 19:28:18.956 E/Hyphenator( 1323): 	at libcore.io.IoBridge.open(IoBridge.java:441)
05-19 19:28:18.956 E/Hyphenator( 1323): 	... 6 more
05-19 19:28:18.957 E/Hyphenator( 1323): error loading hyphenation /system/usr/hyphen-data/hyph-et.hyb
05-19 19:28:18.957 E/Hyphenator( 1323): java.io.FileNotFoundException: /system/usr/hyphen-data/hyph-et.hyb: open failed: ENOENT (No such file or directory)
05-19 19:28:18.957 E/Hyphenator( 1323): 	at libcore.io.IoBridge.open(IoBridge.java:455)
05-19 19:28:18.957 E/Hyphenator( 1323): 	at java.io.RandomAccessFile.<init>(RandomAccessFile.java:247)
05-19 19:28:18.957 E/Hyphenator( 1323): 	at android.text.Hyphenator.loadHyphenator(Hyphenator.java:118)
05-19 19:28:18.957 E/Hyphenator( 1323): 	at android.text.Hyphenator.init(Hyphenator.java:224)
05-19 19:28:18.957 E/Hyphenator( 1323): 	at com.android.internal.os.ZygoteInit.preloadTextResources(ZygoteInit.java:252)
05-19 19:28:18.957 E/Hyphenator( 1323): 	at com.android.internal.os.ZygoteInit.preload(ZygoteInit.java:206)
05-19 19:28:18.957 E/Hyphenator( 1323): 	at com.android.internal.os.ZygoteInit.main(ZygoteInit.java:743)
05-19 19:28:18.957 E/Hyphenator( 1323): Caused by: android.system.ErrnoException: open failed: ENOENT (No such file or directory)
05-19 19:28:18.957 E/Hyphenator( 1323): 	at libcore.io.Posix.open(Native Method)
05-19 19:28:18.957 E/Hyphenator( 1323): 	at libcore.io.BlockGuardOs.open(BlockGuardOs.java:187)
05-19 19:28:18.957 E/Hyphenator( 1323): 	at libcore.io.IoBridge.open(IoBridge.java:441)
05-19 19:28:18.957 E/Hyphenator( 1323): 	... 6 more
05-19 19:28:18.958 E/Hyphenator( 1323): error loading hyphenation /system/usr/hyphen-data/hyph-eu.hyb
05-19 19:28:18.958 E/Hyphenator( 1323): java.io.FileNotFoundException: /system/usr/hyphen-data/hyph-eu.hyb: open failed: ENOENT (No such file or directory)
05-19 19:28:18.958 E/Hyphenator( 1323): 	at libcore.io.IoBridge.open(IoBridge.java:455)
05-19 19:28:18.958 E/Hyphenator( 1323): 	at java.io.RandomAccessFile.<init>(RandomAccessFile.java:247)
05-19 19:28:18.958 E/Hyphenator( 1323): 	at android.text.Hyphenator.loadHyphenator(Hyphenator.java:118)
05-19 19:28:18.958 E/Hyphenator( 1323): 	at android.text.Hyphenator.init(Hyphenator.java:224)
05-19 19:28:18.958 E/Hyphenator( 1323): 	at com.android.internal.os.ZygoteInit.preloadTextResources(ZygoteInit.java:252)
05-19 19:28:18.958 E/Hyphenator( 1323): 	at com.android.internal.os.ZygoteInit.preload(ZygoteInit.java:206)
05-19 19:28:18.958 E/Hyphenator( 1323): 	at com.android.internal.os.ZygoteInit.main(ZygoteInit.java:743)
05-19 19:28:18.958 E/Hyphenator( 1323): Caused by: android.system.ErrnoException: open failed: ENOENT (No such file or directory)
05-19 19:28:18.958 E/Hyphenator( 1323): 	at libcore.io.Posix.open(Native Method)
05-19 19:28:18.958 E/Hyphenator( 1323): 	at libcore.io.BlockGuardOs.open(BlockGuardOs.java:187)
05-19 19:28:18.958 E/Hyphenator( 1323): 	at libcore.io.IoBridge.open(IoBridge.java:441)
05-19 19:28:18.958 E/Hyphenator( 1323): 	... 6 more
05-19 19:28:19.018 E/Hyphenator( 1323): error loading hyphenation /system/usr/hyphen-data/hyph-fr.hyb
05-19 19:28:19.018 E/Hyphenator( 1323): java.io.FileNotFoundException: /system/usr/hyphen-data/hyph-fr.hyb: open failed: ENOENT (No such file or directory)
05-19 19:28:19.018 E/Hyphenator( 1323): 	at libcore.io.IoBridge.open(IoBridge.java:455)
05-19 19:28:19.018 E/Hyphenator( 1323): 	at java.io.RandomAccessFile.<init>(RandomAccessFile.java:247)
05-19 19:28:19.018 E/Hyphenator( 1323): 	at android.text.Hyphenator.loadHyphenator(Hyphenator.java:118)
05-19 19:28:19.018 E/Hyphenator( 1323): 	at android.text.Hyphenator.init(Hyphenator.java:224)
05-19 19:28:19.018 E/Hyphenator( 1323): 	at com.android.internal.os.ZygoteInit.preloadTextResources(ZygoteInit.java:252)
05-19 19:28:19.018 E/Hyphenator( 1323): 	at com.android.internal.os.ZygoteInit.preload(ZygoteInit.java:206)
05-19 19:28:19.018 E/Hyphenator( 1323): 	at com.android.internal.os.ZygoteInit.main(ZygoteInit.java:743)
05-19 19:28:19.018 E/Hyphenator( 1323): Caused by: android.system.ErrnoException: open failed: ENOENT (No such file or directory)
05-19 19:28:19.018 E/Hyphenator( 1323): 	at libcore.io.Posix.open(Native Method)
05-19 19:28:19.018 E/Hyphenator( 1323): 	at libcore.io.BlockGuardOs.open(BlockGuardOs.java:187)
05-19 19:28:19.018 E/Hyphenator( 1323): 	at libcore.io.IoBridge.open(IoBridge.java:441)
05-19 19:28:19.018 E/Hyphenator( 1323): 	... 6 more
05-19 19:28:19.019 E/Hyphenator( 1323): error loading hyphenation /system/usr/hyphen-data/hyph-ga.hyb
05-19 19:28:19.019 E/Hyphenator( 1323): java.io.FileNotFoundException: /system/usr/hyphen-data/hyph-ga.hyb: open failed: ENOENT (No such file or directory)
05-19 19:28:19.019 E/Hyphenator( 1323): 	at libcore.io.IoBridge.open(IoBridge.java:455)
05-19 19:28:19.019 E/Hyphenator( 1323): 	at java.io.RandomAccessFile.<init>(RandomAccessFile.java:247)
05-19 19:28:19.019 E/Hyphenator( 1323): 	at android.text.Hyphenator.loadHyphenator(Hyphenator.java:118)
05-19 19:28:19.019 E/Hyphenator( 1323): 	at android.text.Hyphenator.init(Hyphenator.java:224)
05-19 19:28:19.019 E/Hyphenator( 1323): 	at com.android.internal.os.ZygoteInit.preloadTextResources(ZygoteInit.java:252)
05-19 19:28:19.019 E/Hyphenator( 1323): 	at com.android.internal.os.ZygoteInit.preload(ZygoteInit.java:206)
05-19 19:28:19.019 E/Hyphenator( 1323): 	at com.android.internal.os.ZygoteInit.main(ZygoteInit.java:743)
05-19 19:28:19.019 E/Hyphenator( 1323): Caused by: android.system.ErrnoException: open failed: ENOENT (No such file or directory)
05-19 19:28:19.019 E/Hyphenator( 1323): 	at libcore.io.Posix.open(Native Method)
05-19 19:28:19.019 E/Hyphenator( 1323): 	at libcore.io.BlockGuardOs.open(BlockGuardOs.java:187)
05-19 19:28:19.019 E/Hyphenator( 1323): 	at libcore.io.IoBridge.open(IoBridge.java:441)
05-19 19:28:19.019 E/Hyphenator( 1323): 	... 6 more
05-19 19:28:19.033 E/Hyphenator( 1323): error loading hyphenation /system/usr/hyphen-data/hyph-gu.hyb
05-19 19:28:19.033 E/Hyphenator( 1323): java.io.FileNotFoundException: /system/usr/hyphen-data/hyph-gu.hyb: open failed: ENOENT (No such file or directory)
05-19 19:28:19.033 E/Hyphenator( 1323): 	at libcore.io.IoBridge.open(IoBridge.java:455)
05-19 19:28:19.033 E/Hyphenator( 1323): 	at java.io.RandomAccessFile.<init>(RandomAccessFile.java:247)
05-19 19:28:19.033 E/Hyphenator( 1323): 	at android.text.Hyphenator.loadHyphenator(Hyphenator.java:118)
05-19 19:28:19.033 E/Hyphenator( 1323): 	at android.text.Hyphenator.init(Hyphenator.java:224)
05-19 19:28:19.033 E/Hyphenator( 1323): 	at com.android.internal.os.ZygoteInit.preloadTextResources(ZygoteInit.java:252)
05-19 19:28:19.033 E/Hyphenator( 1323): 	at com.android.internal.os.ZygoteInit.preload(ZygoteInit.java:206)
05-19 19:28:19.033 E/Hyphenator( 1323): 	at com.android.internal.os.ZygoteInit.main(ZygoteInit.java:743)
05-19 19:28:19.033 E/Hyphenator( 1323): Caused by: android.system.ErrnoException: open failed: ENOENT (No such file or directory)
05-19 19:28:19.033 E/Hyphenator( 1323): 	at libcore.io.Posix.open(Native Method)
05-19 19:28:19.033 E/Hyphenator( 1323): 	at libcore.io.BlockGuardOs.open(BlockGuardOs.java:187)
05-19 19:28:19.033 E/Hyphenator( 1323): 	at libcore.io.IoBridge.open(IoBridge.java:441)
05-19 19:28:19.033 E/Hyphenator( 1323): 	... 6 more
05-19 19:28:19.035 E/Hyphenator( 1323): error loading hyphenation /system/usr/hyphen-data/hyph-hi.hyb
05-19 19:28:19.035 E/Hyphenator( 1323): java.io.FileNotFoundException: /system/usr/hyphen-data/hyph-hi.hyb: open failed: ENOENT (No such file or directory)
05-19 19:28:19.035 E/Hyphenator( 1323): 	at libcore.io.IoBridge.open(IoBridge.java:455)
05-19 19:28:19.035 E/Hyphenator( 1323): 	at java.io.RandomAccessFile.<init>(RandomAccessFile.java:247)
05-19 19:28:19.035 E/Hyphenator( 1323): 	at android.text.Hyphenator.loadHyphenator(Hyphenator.java:118)
05-19 19:28:19.035 E/Hyphenator( 1323): 	at android.text.Hyphenator.init(Hyphenator.java:224)
05-19 19:28:19.035 E/Hyphenator( 1323): 	at com.android.internal.os.ZygoteInit.preloadTextResources(ZygoteInit.java:252)
05-19 19:28:19.035 E/Hyphenator( 1323): 	at com.android.internal.os.ZygoteInit.preload(ZygoteInit.java:206)
05-19 19:28:19.035 E/Hyphenator( 1323): 	at com.android.internal.os.ZygoteInit.main(ZygoteInit.java:743)
05-19 19:28:19.035 E/Hyphenator( 1323): Caused by: android.system.ErrnoException: open failed: ENOENT (No such file or directory)
05-19 19:28:19.035 E/Hyphenator( 1323): 	at libcore.io.Posix.open(Native Method)
05-19 19:28:19.035 E/Hyphenator( 1323): 	at libcore.io.BlockGuardOs.open(BlockGuardOs.java:187)
05-19 19:28:19.035 E/Hyphenator( 1323): 	at libcore.io.IoBridge.open(IoBridge.java:441)
05-19 19:28:19.035 E/Hyphenator( 1323): 	... 6 more
05-19 19:28:19.036 E/Hyphenator( 1323): error loading hyphenation /system/usr/hyphen-data/hyph-hr.hyb
05-19 19:28:19.036 E/Hyphenator( 1323): java.io.FileNotFoundException: /system/usr/hyphen-data/hyph-hr.hyb: open failed: ENOENT (No such file or directory)
05-19 19:28:19.036 E/Hyphenator( 1323): 	at libcore.io.IoBridge.open(IoBridge.java:455)
05-19 19:28:19.036 E/Hyphenator( 1323): 	at java.io.RandomAccessFile.<init>(RandomAccessFile.java:247)
05-19 19:28:19.036 E/Hyphenator( 1323): 	at android.text.Hyphenator.loadHyphenator(Hyphenator.java:118)
05-19 19:28:19.036 E/Hyphenator( 1323): 	at android.text.Hyphenator.init(Hyphenator.java:224)
05-19 19:28:19.036 E/Hyphenator( 1323): 	at com.android.internal.os.ZygoteInit.preloadTextResources(ZygoteInit.java:252)
05-19 19:28:19.036 E/Hyphenator( 1323): 	at com.android.internal.os.ZygoteInit.preload(ZygoteInit.java:206)
