05-19 19:30:47.407 W/art     ( 2095): Long monitor contention with owner android.ui (2164) at boolean android.os.MessageQueue.enqueueMessage(android.os.Message, long)(MessageQueue.java:541) waiters=0 in android.os.Message android.os.MessageQueue.next() for 287ms
05-19 19:30:47.820 W/art     ( 2757): Suspending all threads took: 38.756ms
05-19 19:30:47.835 W/art     ( 2095): Long monitor contention with owner Binder:2095_5 (2442) at int com.android.server.wm.WindowManagerService.relayoutWindow(com.android.server.wm.Session, android.view.IWindow, int, android.view.WindowManager$LayoutParams, int, int, int, int, android.graphics.Rect, android.graphics.Rect, android.graphics.Rect, android.graphics.Rect, android.graphics.Rect, android.graphics.Rect, android.graphics.Rect, android.content.res.Configuration, android.view.Surface)(WindowManagerService.java:2857) waiters=0 in void com.android.server.wm.WindowManagerService$H.handleMessage(android.os.Message) for 179ms
05-19 19:30:47.873 I/art     ( 2757): Background partial concurrent mark sweep GC freed 10421(1358KB) AllocSpace objects, 4(84KB) LOS objects, 23% free, 12MB/16MB, paused 39.925ms total 180.169ms
05-19 19:30:48.334 W/KeyguardUpdateMonitor( 2757): invalid subId in handleSimStateChange()
05-19 19:30:48.376 I/Choreographer( 2757): Skipped 256 frames!  The application may be doing too much work on its main thread.
05-19 19:30:48.488 V/MediaScanner( 2966): pruneDeadThumbnailFiles... android.content.ContentProviderClient$CursorWrapperInner@56194b6
05-19 19:30:48.499 V/MediaScanner( 2966): /pruneDeadThumbnailFiles... android.content.ContentProviderClient$CursorWrapperInner@56194b6
05-19 19:30:48.697 D/ViewRootImpl[StatusBar]( 2757): changeCanvasOpacity: opaque=true
05-19 19:30:49.023 I/art     ( 2095): Background partial concurrent mark sweep GC freed 26433(2MB) AllocSpace objects, 18(684KB) LOS objects, 29% free, 9MB/13MB, paused 1.430ms total 170.136ms
05-19 19:30:50.330 D/WifiService( 2095): New client listening to asynchronous messages
05-19 19:30:50.607 D/PhoneStatusBar( 2757): disable: < expand* icons alerts system_info back* home* recent* clock search* quick_settings >
05-19 19:30:50.681 I/Choreographer( 2757): Skipped 137 frames!  The application may be doing too much work on its main thread.
05-19 19:30:50.806 D/gralloc_ranchu( 2757): Emulator without host-side GPU emulation detected. Loading gralloc.default.so from /vendor/lib64/hw/gralloc.goldfish.default.so...
05-19 19:30:50.809 D/gralloc_ranchu( 2757): gralloc.default.so not found in /vendor. Trying /system/lib64/hw/gralloc.goldfish.default.so...
05-19 19:30:51.349 I/Choreographer( 2757): Skipped 36 frames!  The application may be doing too much work on its main thread.
05-19 19:30:51.464 I/RecoverySystem( 2095): No recovery log file
05-19 19:30:51.537 I/BootReceiver( 2095): Copying audit failures to DropBox
05-19 19:30:51.538 I/BootReceiver( 2095): Checking for fsck errors
05-19 19:30:51.545 W/ActivityManager( 2095): Slow operation: 199ms so far, now at startProcess: returned from zygote!
05-19 19:30:51.546 W/ActivityManager( 2095): Slow operation: 200ms so far, now at startProcess: done updating battery stats
05-19 19:30:51.546 W/ActivityManager( 2095): Slow operation: 200ms so far, now at startProcess: building log message
05-19 19:30:51.546 I/ActivityManager( 2095): Start proc 3042:com.android.dialer/u0a8 for broadcast com.android.dialer/.calllog.CallLogReceiver
05-19 19:30:51.546 W/ActivityManager( 2095): Slow operation: 200ms so far, now at startProcess: starting to update pids map
05-19 19:30:51.546 W/ActivityManager( 2095): Slow operation: 201ms so far, now at startProcess: done updating pids map
05-19 19:30:51.546 W/ActivityManager( 2095): Slow operation: 202ms so far, now at startProcess: done starting proc!
05-19 19:30:51.569 W/art     ( 3042): Unexpected CPU variant for X86 using defaults: x86_64
05-19 19:30:51.987 I/ContactLocale( 3020): AddressBook Labels [[en_US]]: [â€¦, A, B, C, D, E, F, G, H, I, J, K, L, M, N, O, P, Q, R, S, T, U, V, W, X, Y, Z, Î‘, Î’, Î“, Î”, Î•, Î–, Î—, Î˜, Î™, Îš, Î›, Îœ, Î, Îž, ÎŸ, Î , Î¡, Î£, Î¤, Î¥, Î¦, Î§, Î¨, Î©, â€¦, Ð, Ð‘, Ð’, Ð“, Ð”, Ð‚, Ð•, Ð„, Ð–, Ð—, Ð˜, Ð†, Ð™, Ðˆ, Ðš, Ð›, Ð‰, Ðœ, Ð, ÐŠ, Ðž, ÐŸ, Ð , Ð¡, Ð¢, Ð‹, Ð£, Ð¤, Ð¥, Ð¦, Ð§, Ð, Ð¨, Ð©, Ð®, Ð¯, â€¦, ×, ×‘, ×’, ×“, ×”, ×•, ×–, ×—, ×˜, ×™, ×›, ×œ, ×ž, × , ×¡, ×¢, ×¤, ×¦, ×§, ×¨, ×©, ×ª, â€¦, Ø§, Ø¨, Øª, Ø«, Ø¬, Ø­, Ø®, Ø¯, Ø°, Ø±, Ø², Ø³, Ø´, Øµ, Ø¶, Ø·, Ø¸, Ø¹, Øº, Ù, Ù‚, Ùƒ, Ù„, Ù…, Ù†, Ù‡, Ùˆ, ÙŠ, â€¦, à¸, à¸‚, à¸ƒ, à¸„, à¸…, à¸†, à¸‡, à¸ˆ, à¸‰, à¸Š, à¸‹, à¸Œ, à¸, à¸Ž, à¸, à¸, à¸‘, à¸’, à¸“, à¸”, à¸•, à¸–, à¸—, à¸˜, à¸™, à¸š, à¸›, à¸œ, à¸, à¸ž, à¸Ÿ, à¸ , à¸¡, à¸¢, à¸£, à¸¤, à¸¥, à¸¦, à¸§, à¸¨, à¸©, à¸ª, à¸«, à¸¬, à¸­, à¸®, â€¦, ã„±, ã„´, ã„·, ã„¹, ã…, ã…‚, ã……, ã…‡, ã…ˆ, ã…Š, ã…‹, ã…Œ, ã…, ã…Ž, â€¦, ã‚, ã‹, ã•, ãŸ, ãª, ã¯, ã¾, ã‚„, ã‚‰, ã‚, #, â€¦]
05-19 19:30:52.037 W/System  ( 3042): ClassLoader referenced unknown path: /system/priv-app/Dialer/lib/x86_64
05-19 19:30:52.161 V/MediaScanner( 2966): pruneDeadThumbnailFiles... android.content.ContentProviderClient$CursorWrapperInner@97f8b54
05-19 19:30:52.168 V/MediaScanner( 2966): /pruneDeadThumbnailFiles... android.content.ContentProviderClient$CursorWrapperInner@97f8b54
05-19 19:30:52.528 E/Layer   ( 1320): [com.android.systemui.ImageWallpaper] rejecting buffer: bufWidth=1080, bufHeight=1920, front.active.{w=1, h=1}
05-19 19:30:52.533 D/ExtensionsFactory( 3042): No custom extensions.
05-19 19:30:52.639 D/BlockedNumbersAuto( 3042): Not attempting auto-migrate: already checked once.
05-19 19:30:52.867 I/art     ( 2757): Background sticky concurrent mark sweep GC freed 9936(393KB) AllocSpace objects, 3(60KB) LOS objects, 0% free, 18MB/18MB, paused 732us total 110.906ms
05-19 19:30:52.988 D/CarrierConfigLoader( 2592): mHandler: 13 phoneId: 0
05-19 19:30:53.185 D/CarrierConfigLoader( 2592): mHandler: 7 phoneId: 0
05-19 19:30:53.220 E/CarrierConfigLoader( 2592): Cannot restore config with null packageName or iccid.
05-19 19:30:53.221 D/CarrierConfigLoader( 2592): Binding to com.android.carrierconfig for phone 0
05-19 19:30:53.350 W/CountryDetector( 3042): No location permissions, not registering for location updates.
05-19 19:30:53.569 W/ActivityManager( 2095): Slow operation: 329ms so far, now at startProcess: returned from zygote!
05-19 19:30:53.570 W/ActivityManager( 2095): Slow operation: 330ms so far, now at startProcess: done updating battery stats
05-19 19:30:53.570 W/ActivityManager( 2095): Slow operation: 331ms so far, now at startProcess: building log message
05-19 19:30:53.571 I/ActivityManager( 2095): Start proc 3060:com.android.calendar/u0a26 for broadcast com.android.calendar/.alerts.AlertReceiver
05-19 19:30:53.571 W/ActivityManager( 2095): Slow operation: 331ms so far, now at startProcess: starting to update pids map
05-19 19:30:53.571 W/ActivityManager( 2095): Slow operation: 331ms so far, now at startProcess: done updating pids map
05-19 19:30:53.571 W/ActivityManager( 2095): Slow operation: 342ms so far, now at startProcess: done starting proc!
05-19 19:30:53.587 W/art     ( 2095): Long monitor contention with owner Binder:2095_5 (2442) at void com.android.server.am.BroadcastQueue.processNextBroadcast(boolean)(BroadcastQueue.java:760) waiters=1 in void com.android.server.am.ActivityManagerService.dispatchUidsChanged() for 323ms
05-19 19:30:53.644 W/art     ( 3060): Unexpected CPU variant for X86 using defaults: x86_64
05-19 19:30:53.667 W/ActivityManager( 2095): Slow operation: 66ms so far, now at getContentProviderImpl: after updateOomAdj
05-19 19:30:53.668 W/ActivityManager( 2095): Slow operation: 66ms so far, now at getContentProviderImpl: done!
05-19 19:30:53.671 W/art     ( 2095): Long monitor contention with owner Binder:2095_5 (2442) at void com.android.server.am.BroadcastQueue.processNextBroadcast(boolean)(BroadcastQueue.java:760) waiters=0 in int com.android.server.am.ActivityManagerService.bindService(android.app.IApplicationThread, android.os.IBinder, android.content.Intent, java.lang.String, android.app.IServiceConnection, int, java.lang.String, int) for 310ms
05-19 19:30:53.930 W/art     ( 3074): Unexpected CPU variant for X86 using defaults: x86_64
05-19 19:30:53.980 W/ActivityManager( 2095): Slow operation: 291ms so far, now at startProcess: returned from zygote!
05-19 19:30:53.980 W/ActivityManager( 2095): Slow operation: 291ms so far, now at startProcess: done updating battery stats
05-19 19:30:53.980 W/ActivityManager( 2095): Slow operation: 292ms so far, now at startProcess: building log message
05-19 19:30:53.981 I/ActivityManager( 2095): Start proc 3074:com.android.carrierconfig/u0a3 for service com.android.carrierconfig/.DefaultCarrierConfigService
05-19 19:30:53.981 W/ActivityManager( 2095): Slow operation: 292ms so far, now at startProcess: starting to update pids map
05-19 19:30:53.981 W/ActivityManager( 2095): Slow operation: 292ms so far, now at startProcess: done updating pids map
05-19 19:30:53.981 W/ActivityManager( 2095): Slow operation: 293ms so far, now at startProcess: done starting proc!
05-19 19:30:53.982 W/art     ( 2095): Long monitor contention with owner Binder:2095_9 (2753) at int com.android.server.am.ActivityManagerService.bindService(android.app.IApplicationThread, android.os.IBinder, android.content.Intent, java.lang.String, android.app.IServiceConnection, int, java.lang.String, int)(ActivityManagerService.java:17301) waiters=0 in void com.android.server.am.ActivityManagerService.dispatchUidsChanged() for 293ms
05-19 19:30:54.193 W/art     ( 2095): Long monitor contention with owner Binder:2095_8 (2752) at void com.android.server.am.ActivityManagerService.attachApplication(android.app.IApplicationThread)(ActivityManagerService.java:6669) waiters=0 in void com.android.server.am.ActivityManagerService.dispatchUidsChanged() for 204ms
05-19 19:30:54.521 W/System  ( 3074): ClassLoader referenced unknown path: /system/priv-app/CarrierConfig/lib/x86_64
05-19 19:30:54.642 W/art     ( 3020): Long monitor contention with owner AsyncTask #1 (3073) at boolean android.os.MessageQueue.enqueueMessage(android.os.Message, long)(MessageQueue.java:541) waiters=0 in android.os.Message android.os.MessageQueue.next() for 227ms
05-19 19:30:54.795 W/art     ( 2982): Suspending all threads took: 16.037ms
05-19 19:30:54.873 D/DefaultCarrierConfigService( 3074): Service created
05-19 19:30:54.888 D/CarrierConfigLoader( 2592): Connected to config app: com.android.carrierconfig/com.android.carrierconfig.DefaultCarrierConfigService
05-19 19:30:54.888 D/CarrierConfigLoader( 2592): mHandler: 3 phoneId: 0
05-19 19:30:54.905 D/DefaultCarrierConfigService( 3074): Config being fetched
05-19 19:30:54.910 D/DefaultCarrierConfigService( 3074): java.io.FileNotFoundException: carrier_config_.xml
05-19 19:30:54.963 E/CarrierConfigLoader( 2592): Cannot save config with null packageName or iccid.
05-19 19:30:54.971 D/CarrierConfigLoader( 2592): mHandler: 5 phoneId: 0
05-19 19:30:55.004 E/PhoneInterfaceManager( 2592): [PhoneIntfMgr] getCarrierPackageNamesForIntent: No UICC
05-19 19:30:55.139 I/Telecom ( 2095): PhoneAccountRegistrar: SimCallManager queried, returning: null: TSI.gSCMFU@AAc
05-19 19:30:55.438 W/System  ( 3060): ClassLoader referenced unknown path: /system/app/Calendar/lib/x86_64
05-19 19:30:55.864 I/art     ( 2757): Background partial concurrent mark sweep GC freed 3298(173KB) AllocSpace objects, 2(4MB) LOS objects, 23% free, 12MB/16MB, paused 2.322ms total 160.469ms
05-19 19:30:56.330 D/ExtensionsFactory( 3060): No custom extensions.
05-19 19:30:56.404 D/AlertReceiver( 3060): onReceive: a=android.intent.action.BOOT_COMPLETED Intent { act=android.intent.action.BOOT_COMPLETED flg=0x9000010 cmp=com.android.calendar/.alerts.AlertReceiver (has extras) }
05-19 19:30:56.481 I/AlarmClock( 2764): AlarmInitReceiver android.intent.action.BOOT_COMPLETED
05-19 19:30:56.540 D/AlertService( 3060): 0 Action = android.intent.action.BOOT_COMPLETED
05-19 19:30:56.573 D/AlertService( 3060): Scheduling next alarm with AlarmScheduler. sEventReminderReceived: null
05-19 19:30:56.636 V/AlarmClock( 2764): AlarmInitReceiver finished
05-19 19:30:56.700 W/art     ( 3097): Unexpected CPU variant for X86 using defaults: x86_64
05-19 19:30:56.716 W/ActivityManager( 2095): Slow operation: 95ms so far, now at startProcess: returned from zygote!
05-19 19:30:56.716 W/ActivityManager( 2095): Slow operation: 96ms so far, now at startProcess: done updating battery stats
05-19 19:30:56.717 W/ActivityManager( 2095): Slow operation: 96ms so far, now at startProcess: building log message
05-19 19:30:56.717 I/ActivityManager( 2095): Start proc 3097:com.android.email/u0a34 for broadcast com.android.email/.service.EmailBroadcastReceiver
05-19 19:30:56.717 W/ActivityManager( 2095): Slow operation: 96ms so far, now at startProcess: starting to update pids map
05-19 19:30:56.717 W/ActivityManager( 2095): Slow operation: 96ms so far, now at startProcess: done updating pids map
05-19 19:30:56.717 W/ActivityManager( 2095): Slow operation: 96ms so far, now at startProcess: done starting proc!
05-19 19:30:56.739 D/AlarmScheduler( 3060): No events found starting within 1 week.
05-19 19:30:56.856 W/System  ( 3097): ClassLoader referenced unknown path: /system/app/Email/lib/x86_64
05-19 19:30:57.117 W/ActivityManager( 2095): Unable to start service Intent { act=com.android.email.EXCHANGE_INTENT pkg=com.android.exchange } U=0: not found
05-19 19:30:57.263 D/ActivityThread( 3097): Loading provider com.android.email.provider;com.android.email.notifier: com.android.email.provider.EmailProvider
05-19 19:30:57.301 I/SystemBroadcastReceiver( 2393): Boot has been completed
05-19 19:30:57.302 I/SystemBroadcastReceiver( 2393): toggleAppIcon() : FLAG_SYSTEM = true
05-19 19:30:57.334 W/ActivityManager( 2095): Unable to start service Intent { act=com.android.email.EXCHANGE_INTENT pkg=com.android.exchange } U=0: not found
05-19 19:30:57.445 W/ActivityManager( 2095): Slow operation: 55ms so far, now at startProcess: returned from zygote!
05-19 19:30:57.445 W/ActivityManager( 2095): Slow operation: 55ms so far, now at startProcess: done updating battery stats
05-19 19:30:57.445 W/ActivityManager( 2095): Slow operation: 56ms so far, now at startProcess: building log message
05-19 19:30:57.446 I/ActivityManager( 2095): Start proc 3118:com.android.managedprovisioning/u0a14 for broadcast com.android.managedprovisioning/.BootReminder
05-19 19:30:57.446 W/ActivityManager( 2095): Slow operation: 56ms so far, now at startProcess: starting to update pids map
05-19 19:30:57.446 W/ActivityManager( 2095): Slow operation: 56ms so far, now at startProcess: done updating pids map
05-19 19:30:57.446 W/ActivityManager( 2095): Slow operation: 56ms so far, now at startProcess: done starting proc!
05-19 19:30:57.454 W/art     ( 3118): Unexpected CPU variant for X86 using defaults: x86_64
05-19 19:30:57.570 W/System  ( 3118): ClassLoader referenced unknown path: /system/priv-app/ManagedProvisioning/lib/x86_64
05-19 19:30:57.579 W/art     ( 3097): Long monitor contention with owner AsyncTask #2 (3113) at long android.database.sqlite.SQLiteConnection.nativePrepareStatement(long, java.lang.String)(SQLiteConnection.java:-2) waiters=0 in android.database.sqlite.SQLiteDatabase com.android.email.provider.EmailProvider.getDatabase(android.content.Context) for 233ms
05-19 19:30:57.623 W/ActivityManager( 2095): Unable to start service Intent { act=com.android.email.EXCHANGE_INTENT pkg=com.android.exchange } U=0: not found
05-19 19:30:57.701 W/art     ( 3132): Unexpected CPU variant for X86 using defaults: x86_64
05-19 19:30:57.714 W/ActivityManager( 2095): Slow operation: 60ms so far, now at startProcess: returned from zygote!
05-19 19:30:57.714 W/ActivityManager( 2095): Slow operation: 60ms so far, now at startProcess: done updating battery stats
05-19 19:30:57.714 W/ActivityManager( 2095): Slow operation: 61ms so far, now at startProcess: building log message
05-19 19:30:57.714 I/ActivityManager( 2095): Start proc 3132:com.android.messaging/u0a54 for broadcast com.android.messaging/.receiver.BootAndPackageReplacedReceiver
05-19 19:30:57.715 W/ActivityManager( 2095): Slow operation: 61ms so far, now at startProcess: starting to update pids map
05-19 19:30:57.715 W/ActivityManager( 2095): Slow operation: 61ms so far, now at startProcess: done updating pids map
05-19 19:30:57.715 W/ActivityManager( 2095): Slow operation: 61ms so far, now at startProcess: done starting proc!
05-19 19:30:57.760 W/ActivityManager( 2095): Unable to start service Intent { act=com.android.email.EXCHANGE_INTENT pkg=com.android.exchange } U=0: not found
05-19 19:30:57.805 W/ActivityManager( 2095): Unable to start service Intent { act=com.android.email.EXCHANGE_INTENT pkg=com.android.exchange } U=0: not found
05-19 19:30:57.820 E/ActivityThread( 3097): Service com.android.email.service.EmailBroadcastProcessorService has leaked ServiceConnection com.android.emailcommon.service.ServiceProxy$ProxyConnection@87a4c89 that was originally bound here
05-19 19:30:57.820 E/ActivityThread( 3097): android.app.ServiceConnectionLeaked: Service com.android.email.service.EmailBroadcastProcessorService has leaked ServiceConnection com.android.emailcommon.service.ServiceProxy$ProxyConnection@87a4c89 that was originally bound here
05-19 19:30:57.820 E/ActivityThread( 3097): 	at android.app.LoadedApk$ServiceDispatcher.<init>(LoadedApk.java:1336)
05-19 19:30:57.820 E/ActivityThread( 3097): 	at android.app.LoadedApk.getServiceDispatcher(LoadedApk.java:1231)
05-19 19:30:57.820 E/ActivityThread( 3097): 	at android.app.ContextImpl.bindServiceCommon(ContextImpl.java:1450)
05-19 19:30:57.820 E/ActivityThread( 3097): 	at android.app.ContextImpl.bindService(ContextImpl.java:1422)
05-19 19:30:57.820 E/ActivityThread( 3097): 	at android.content.ContextWrapper.bindService(ContextWrapper.java:636)
05-19 19:30:57.820 E/ActivityThread( 3097): 	at com.android.emailcommon.service.ServiceProxy.setTask(ServiceProxy.java:181)
05-19 19:30:57.820 E/ActivityThread( 3097): 	at com.android.emailcommon.service.ServiceProxy.test(ServiceProxy.java:224)
05-19 19:30:57.820 E/ActivityThread( 3097): 	at com.android.email.service.EmailServiceUtils.isServiceAvailable(EmailServiceUtils.java:160)
05-19 19:30:57.820 E/ActivityThread( 3097): 	at com.android.email.provider.AccountReconciler.reconcileAccountsInternal(AccountReconciler.java:171)
05-19 19:30:57.820 E/ActivityThread( 3097): 	at com.android.email.provider.AccountReconciler.reconcileAccounts(AccountReconciler.java:115)
05-19 19:30:57.820 E/ActivityThread( 3097): 	at com.android.email.service.EmailBroadcastProcessorService.reconcileAndStartServices(EmailBroadcastProcessorService.java:305)
05-19 19:30:57.820 E/ActivityThread( 3097): 	at com.android.email.service.EmailBroadcastProcessorService.onBootCompleted(EmailBroadcastProcessorService.java:295)
05-19 19:30:57.820 E/ActivityThread( 3097): 	at com.android.email.service.EmailBroadcastProcessorService.onHandleIntent(EmailBroadcastProcessorService.java:130)
05-19 19:30:57.820 E/ActivityThread( 3097): 	at android.app.IntentService$ServiceHandler.handleMessage(IntentService.java:68)
05-19 19:30:57.820 E/ActivityThread( 3097): 	at android.os.Handler.dispatchMessage(Handler.java:102)
05-19 19:30:57.820 E/ActivityThread( 3097): 	at android.os.Looper.loop(Looper.java:154)
05-19 19:30:57.820 E/ActivityThread( 3097): 	at android.os.HandlerThread.run(HandlerThread.java:61)
05-19 19:30:57.821 W/ActivityManager( 2095): Unbind failed: could not find connection for android.os.BinderProxy@d6d17c8
05-19 19:30:57.866 W/ActivityManager( 2095): Unable to start service Intent { cmp=com.android.email/.service.AttachmentService } U=0: not found
05-19 19:30:57.930 W/ActivityManager( 2095): Unable to start service Intent { cmp=com.android.email/.service.AttachmentService } U=0: not found
05-19 19:30:57.945 I/Email   ( 3097): Observing account changes for notifications
05-19 19:30:57.972 W/System  ( 3132): ClassLoader referenced unknown path: /system/app/messaging/lib/x86_64
05-19 19:30:58.050 W/ActivityManager( 2095): Unable to start service Intent { act=com.android.email.EXCHANGE_INTENT pkg=com.android.exchange } U=0: not found
05-19 19:30:58.312 V/VvmBootCompletedRcvr( 2592): processing subId list
05-19 19:30:58.339 E/VvmBootCompletedRcvr( 2592): phone account ComponentInfo{com.android.phone/com.android.services.telephony.TelephonyConnectionService}, [e2f7d48dd2b5ca523e7313cf4ba0f6ea830b6281], UserHandle{0} has invalid subId -1
05-19 19:30:58.370 I/MessagingApp( 3132): Carrier config changed. Reloading MMS config.
05-19 19:30:58.470 I/MessagingAppDataModel( 3132): Fixup: Send failed - 0 Download failed - 0
05-19 19:30:58.720 I/MessagingAppDataModel( 3132): SyncMessagesAction: Starting batch for messages from 1621452033422 to 1621452658235 (message update limit = 80, message scan limit = 4000)
05-19 19:30:59.256 I/MessagingAppDataModel( 3132): SyncMessagesAction: All messages now in sync
05-19 19:30:59.294 D/AlertReceiver( 3060): onReceive: a=android.intent.action.PROVIDER_CHANGED Intent { act=android.intent.action.PROVIDER_CHANGED dat=content://com.android.calendar flg=0x20000010 cmp=com.android.calendar/.alerts.AlertReceiver }
05-19 19:30:59.324 D/AlertService( 3060): 0 Action = android.intent.action.PROVIDER_CHANGED
05-19 19:30:59.376 I/VvmSimChangeReceiver( 2592): Received SIM change for invalid subscription id.
05-19 19:31:01.198 W/MediaScanner( 2966): Error opening directory '/oem/media/', skipping: No such file or directory.
05-19 19:31:01.421 V/MediaScanner( 2966): pruneDeadThumbnailFiles... android.content.ContentProviderClient$CursorWrapperInner@470f0ec
05-19 19:31:01.422 V/MediaScanner( 2966): /pruneDeadThumbnailFiles... android.content.ContentProviderClient$CursorWrapperInner@470f0ec
05-19 19:31:04.366 I/GlobalDismissManager( 3060): no sender configured
05-19 19:31:04.368 D/AlertService( 3060): Beginning updateAlertNotification
05-19 19:31:04.429 D/AlertService( 3060): No fired or scheduled alerts
05-19 19:31:04.496 D/AlertService( 3060): Scheduling next alarm with AlarmScheduler. sEventReminderReceived: null
05-19 19:31:04.546 D/AlarmScheduler( 3060): No events found starting within 1 week.
05-19 19:31:04.565 I/art     ( 2095): Background partial concurrent mark sweep GC freed 12333(949KB) AllocSpace objects, 12(464KB) LOS objects, 29% free, 9MB/13MB, paused 1.325ms total 162.145ms
05-19 19:31:11.574 I/ActivityManager( 2095): Waited long enough for: ServiceRecord{4e229ba u0 com.android.calendar/.alerts.InitAlarmsService}
05-19 19:31:26.668 D/InitAlarmsService( 3060): Clearing and rescheduling alarms.
05-19 19:31:34.636 W//sbin/adbd( 1322): type=1400 audit(0.0:16): avc: denied { search } for comm=7365727669636520363839 name="security" dev="vdc" ino=35203 scontext=u:r:adbd:s0 tcontext=u:object_r:security_file:s0 tclass=dir permissive=0
05-19 19:32:26.785 D/AndroidRuntime( 3167): >>>>>> START com.android.internal.os.RuntimeInit uid 2000 <<<<<<
05-19 19:32:26.808 D/AndroidRuntime( 3167): CheckJNI is ON
05-19 19:32:27.140 W/art     ( 3167): Unexpected CPU variant for X86 using defaults: x86_64
05-19 19:32:27.181 D/ICU     ( 3167): No timezone override file found: /data/misc/zoneinfo/current/icu/icu_tzdata.dat
05-19 19:32:27.339 E/memtrack( 3167): Couldn't load memtrack module (No such file or directory)
05-19 19:32:27.339 E/android.os.Debug( 3167): failed to load memtrack module: -2
05-19 19:32:27.346 I/Radio-JNI( 3167): register_android_hardware_Radio DONE
05-19 19:32:27.450 D/AndroidRuntime( 3167): Calling main entry com.android.commands.pm.Pm
05-19 19:32:27.548 I/        ( 1329): free_cache(132242946) avail 578678784
05-19 19:32:44.018 I/ActivityManager( 2095): Start proc 3178:com.android.defcontainer/u0a7 for service com.android.defcontainer/.DefaultContainerService
05-19 19:32:44.028 W/art     ( 3178): Unexpected CPU variant for X86 using defaults: x86_64
05-19 19:32:44.703 I/PackageManager.DexOptimizer( 2095): Running dexopt (dex2oat) on: /data/app/vmdl414985910.tmp/base.apk pkg=jp.jaxa.iss.kibo.rpc.sampleapk isa=x86_64 vmSafeMode=false debuggable=true target-filter=interpret-only oatDir = /data/app/vmdl414985910.tmp/oat sharedLibraries=null
05-19 19:32:45.001 W/dex2oat ( 3193): Unexpected CPU variant for X86 using defaults: x86_64
05-19 19:32:45.015 I/dex2oat ( 3193): /system/bin/dex2oat --compiler-filter=interpret-only --debuggable
05-19 19:32:47.371 W/dex2oat ( 3193): Before Android 4.1, method int android.support.v7.widget.ListViewCompat.lookForSelectablePosition(int, boolean) would have incorrectly overridden the package-private method in android.widget.ListView
05-19 19:32:48.001 W/dex2oat ( 3193): Before Android 4.1, method android.graphics.PorterDuffColorFilter android.support.graphics.drawable.VectorDrawableCompat.updateTintFilter(android.graphics.PorterDuffColorFilter, android.content.res.ColorStateList, android.graphics.PorterDuff$Mode) would have incorrectly overridden the package-private method in android.graphics.drawable.Drawable
05-19 19:32:58.804 I/dex2oat ( 3193): dex2oat took 13.811s (threads: 2) arena alloc=552KB (565704B) java alloc=7MB (7503768B) native alloc=15MB (16232920B) free=4MB (4738600B)
05-19 19:32:58.875 I/ActivityManager( 2095): Force stopping jp.jaxa.iss.kibo.rpc.sampleapk appid=10064 user=-1: installPackageLI
05-19 19:32:59.024 I/PackageManager( 2095): Package jp.jaxa.iss.kibo.rpc.sampleapk codePath changed from /data/app/jp.jaxa.iss.kibo.rpc.sampleapk-1 to /data/app/jp.jaxa.iss.kibo.rpc.sampleapk-2; Retaining data and using new
05-19 19:32:59.030 W/PackageManager( 2095): Code path for jp.jaxa.iss.kibo.rpc.sampleapk changing from /data/app/jp.jaxa.iss.kibo.rpc.sampleapk-1 to /data/app/jp.jaxa.iss.kibo.rpc.sampleapk-2
05-19 19:32:59.032 W/PackageManager( 2095): Resource path for jp.jaxa.iss.kibo.rpc.sampleapk changing from /data/app/jp.jaxa.iss.kibo.rpc.sampleapk-1 to /data/app/jp.jaxa.iss.kibo.rpc.sampleapk-2
05-19 19:32:59.226 I/art     ( 2095): Starting a blocking GC Explicit
05-19 19:32:59.315 I/art     ( 2095): Explicit concurrent mark sweep GC freed 29697(1758KB) AllocSpace objects, 14(328KB) LOS objects, 29% free, 9MB/13MB, paused 1.407ms total 87.832ms
05-19 19:32:59.354 E/        ( 1329): Couldn't opendir /data/app/vmdl414985910.tmp: No such file or directory
05-19 19:32:59.374 I/ActivityManager( 2095): Force stopping jp.jaxa.iss.kibo.rpc.sampleapk appid=10064 user=0: pkg removed
05-19 19:32:59.515 I/art     ( 3167): System.exit called, status: 0
05-19 19:32:59.516 I/AndroidRuntime( 3167): VM exiting with result code 0.
05-19 19:32:59.582 W/art     ( 3197): Unexpected CPU variant for X86 using defaults: x86_64
05-19 19:32:59.624 W/ActivityManager( 2095): Slow operation: 144ms so far, now at startProcess: returned from zygote!
05-19 19:32:59.624 W/ActivityManager( 2095): Slow operation: 144ms so far, now at startProcess: done updating battery stats
05-19 19:32:59.624 W/ActivityManager( 2095): Slow operation: 145ms so far, now at startProcess: building log message
05-19 19:32:59.624 I/ActivityManager( 2095): Start proc 3197:com.android.gallery3d/u0a39 for broadcast com.android.gallery3d/.app.PackagesMonitor
05-19 19:32:59.625 W/ActivityManager( 2095): Slow operation: 145ms so far, now at startProcess: starting to update pids map
05-19 19:32:59.625 W/ActivityManager( 2095): Slow operation: 145ms so far, now at startProcess: done updating pids map
05-19 19:32:59.625 W/ActivityManager( 2095): Slow operation: 146ms so far, now at startProcess: done starting proc!
05-19 19:32:59.633 W/art     ( 2095): Long monitor contention with owner ActivityManager (2163) at void com.android.server.am.BroadcastQueue.processNextBroadcast(boolean)(BroadcastQueue.java:760) waiters=0 in void com.android.server.am.ActivityManagerService.dispatchUidsChanged() for 145ms
05-19 19:32:59.647 I/InputReader( 2095): Reconfiguring input devices.  changes=0x00000010
05-19 19:32:59.832 I/InputReader( 2095): Reconfiguring input devices.  changes=0x00000010
05-19 19:32:59.881 I/InputReader( 2095): Reconfiguring input devices.  changes=0x00000010
05-19 19:33:00.174 E/PhoneInterfaceManager( 2592): [PhoneIntfMgr] getCarrierPackageNamesForIntent: No UICC
05-19 19:33:00.175 D/CarrierSvcBindHelper( 2592): No carrier app for: 0
05-19 19:33:00.176 E/PhoneInterfaceManager( 2592): [PhoneIntfMgr] getCarrierPackageNamesForIntent: No UICC
05-19 19:33:00.176 D/CarrierSvcBindHelper( 2592): No carrier app for: 0
05-19 19:33:00.186 D/CarrierConfigLoader( 2592): mHandler: 9 phoneId: 0
05-19 19:33:01.117 W/ContextImpl( 2910): Calling a method in the system process without a qualified user: android.app.ContextImpl.startService:1357 android.content.ContextWrapper.startService:613 android.content.ContextWrapper.startService:613 com.android.keychain.KeyChainBroadcastReceiver.onReceive:12 android.app.ActivityThread.handleReceiver:3040 
05-19 19:33:01.372 W/art     ( 3219): Unexpected CPU variant for X86 using defaults: x86_64
05-19 19:33:01.381 W/ActivityManager( 2095): Slow operation: 62ms so far, now at startProcess: returned from zygote!
05-19 19:33:01.381 W/ActivityManager( 2095): Slow operation: 62ms so far, now at startProcess: done updating battery stats
05-19 19:33:01.381 W/ActivityManager( 2095): Slow operation: 63ms so far, now at startProcess: building log message
05-19 19:33:01.382 I/ActivityManager( 2095): Start proc 3219:com.svox.pico/u0a49 for broadcast com.svox.pico/.VoiceDataInstallerReceiver
05-19 19:33:01.382 W/ActivityManager( 2095): Slow operation: 63ms so far, now at startProcess: starting to update pids map
05-19 19:33:01.382 W/ActivityManager( 2095): Slow operation: 63ms so far, now at startProcess: done updating pids map
05-19 19:33:01.382 W/ActivityManager( 2095): Slow operation: 63ms so far, now at startProcess: done starting proc!
05-19 19:33:01.657 I/ActivityManager( 2095): Killing 2982:com.android.printspooler/u0a51 (adj 906): empty #17
05-19 19:33:01.752 D/ActivityManager( 2095): cleanUpApplicationRecord -- 2982
05-19 19:33:01.788 I/ActivityManager( 2095): Start proc 3233:com.android.printspooler/u0a51 for service com.android.printspooler/.model.PrintSpoolerService
05-19 19:33:01.802 W/art     ( 3233): Unexpected CPU variant for X86 using defaults: x86_64
05-19 19:33:02.017 W/VoiceInteractionManagerService( 2095): no available voice recognition services found for user 0
05-19 19:33:07.103 I/ActivityManager( 2095): Killing 3042:com.android.dialer/u0a8 (adj 906): empty #17
05-19 19:33:07.180 D/ActivityManager( 2095): cleanUpApplicationRecord -- 3042
05-19 19:35:17.552 D/AndroidRuntime( 3249): >>>>>> START com.android.internal.os.RuntimeInit uid 2000 <<<<<<
05-19 19:35:17.593 D/AndroidRuntime( 3249): CheckJNI is ON
05-19 19:35:18.024 W/art     ( 3249): Unexpected CPU variant for X86 using defaults: x86_64
05-19 19:35:18.065 D/ICU     ( 3249): No timezone override file found: /data/misc/zoneinfo/current/icu/icu_tzdata.dat
05-19 19:35:18.287 E/memtrack( 3249): Couldn't load memtrack module (No such file or directory)
05-19 19:35:18.287 E/android.os.Debug( 3249): failed to load memtrack module: -2
05-19 19:35:18.297 I/Radio-JNI( 3249): register_android_hardware_Radio DONE
05-19 19:35:18.460 D/AndroidRuntime( 3249): Calling main entry com.android.commands.am.Am
05-19 19:35:18.583 W/ActivityManager( 2095): Slow operation: 59ms so far, now at startProcess: returned from zygote!
05-19 19:35:18.584 W/ActivityManager( 2095): Slow operation: 60ms so far, now at startProcess: done updating battery stats
05-19 19:35:18.585 W/ActivityManager( 2095): Slow operation: 61ms so far, now at startProcess: building log message
05-19 19:35:18.585 I/ActivityManager( 2095): Start proc 3259:gov.nasa.arc.astrobee.android.gs.manager/u0a63 for service gov.nasa.arc.astrobee.android.gs.manager/.ManagerService
05-19 19:35:18.585 W/ActivityManager( 2095): Slow operation: 61ms so far, now at startProcess: starting to update pids map
05-19 19:35:18.585 W/ActivityManager( 2095): Slow operation: 62ms so far, now at startProcess: done updating pids map
05-19 19:35:18.585 W/ActivityManager( 2095): Slow operation: 65ms so far, now at startProcess: done starting proc!
05-19 19:35:18.588 D/AndroidRuntime( 3249): Shutting down VM
05-19 19:35:18.637 I/art     ( 3259): Not late-enabling -Xcheck:jni (already on)
05-19 19:35:18.640 W/art     ( 3259): Unexpected CPU variant for X86 using defaults: x86_64
05-19 19:35:18.982 W/System  ( 3259): ClassLoader referenced unknown path: /data/app/gov.nasa.arc.astrobee.android.gs.manager-1/lib/x86_64
05-19 19:35:19.351 E/Notification( 3259): setLatestEventInfo() is deprecated and you should feel deprecated.
05-19 19:35:19.351 E/Notification( 3259): java.lang.Throwable
05-19 19:35:19.351 E/Notification( 3259): 	at android.app.Notification.setLatestEventInfo(Notification.java:2076)
05-19 19:35:19.351 E/Notification( 3259): 	at org.ros.android.NodeMainExecutorService.onStartCommand(NodeMainExecutorService.java:220)
05-19 19:35:19.351 E/Notification( 3259): 	at android.app.ActivityThread.handleServiceArgs(ActivityThread.java:3326)
05-19 19:35:19.351 E/Notification( 3259): 	at android.app.ActivityThread.-wrap21(ActivityThread.java)
05-19 19:35:19.351 E/Notification( 3259): 	at android.app.ActivityThread$H.handleMessage(ActivityThread.java:1582)
05-19 19:35:19.351 E/Notification( 3259): 	at android.os.Handler.dispatchMessage(Handler.java:102)
05-19 19:35:19.351 E/Notification( 3259): 	at android.os.Looper.loop(Looper.java:154)
05-19 19:35:19.351 E/Notification( 3259): 	at android.app.ActivityThread.main(ActivityThread.java:6119)
05-19 19:35:19.351 E/Notification( 3259): 	at java.lang.reflect.Method.invoke(Native Method)
05-19 19:35:19.351 E/Notification( 3259): 	at com.android.internal.os.ZygoteInit$MethodAndArgsCaller.run(ZygoteInit.java:886)
05-19 19:35:19.351 E/Notification( 3259): 	at com.android.internal.os.ZygoteInit.main(ZygoteInit.java:776)
05-19 19:35:20.364 D/NotificationSQLiteLog( 2095): Pruned event entries: 0
05-19 19:35:20.761 I/Registrar( 3259): MasterXmlRpcEndpoint URI: http://llp:11311
05-19 19:35:21.189 I/Registrar( 3259): Registering publisher: Publisher<PublisherDefinition<PublisherIdentifier<NodeIdentifier</guest_science_manager, http://hlp:44760/>, TopicIdentifier</rosout>>, Topic<TopicIdentifier</rosout>, TopicDescription<rosgraph_msgs/Log, acffd30cd6b6de30f120938c17c593fb>>>>
05-19 19:35:22.494 I/Registrar( 3259): Response<Success, Registered [/guest_science_manager] as publisher of [/rosout], [http://10.42.0.34:44164/, http://10.42.0.34:46617/]>
05-19 19:35:22.553 I/DefaultPublisher( 3259): Publisher registered: Publisher<PublisherDefinition<PublisherIdentifier<NodeIdentifier</guest_science_manager, http://hlp:44760/>, TopicIdentifier</rosout>>, Topic<TopicIdentifier</rosout>, TopicDescription<rosgraph_msgs/Log, acffd30cd6b6de30f120938c17c593fb>>>>
05-19 19:35:22.696 I/Registrar( 3259): Registering subscriber: Subscriber<Topic<TopicIdentifier</clock>, TopicDescription<rosgraph_msgs/Clock, a9c97c1d230cfc112e270351a944ee47>>>
05-19 19:35:23.045 I/Registrar( 3259): Response<Success, Subscribed to [/clock], [http://10.42.0.34:44688/]>
05-19 19:35:23.059 I/DefaultSubscriber( 3259): Subscriber registered: Subscriber<Topic<TopicIdentifier</clock>, TopicDescription<rosgraph_msgs/Clock, a9c97c1d230cfc112e270351a944ee47>>>
05-19 19:35:23.249 I/Registrar( 3259): Registering publisher: Publisher<PublisherDefinition<PublisherIdentifier<NodeIdentifier</guest_science_manager, http://hlp:44760/>, TopicIdentifier</gs/gs_manager/ack>>, Topic<TopicIdentifier</gs/gs_manager/ack>, TopicDescription<ff_msgs/AckStamped, cebddec69fd770df54633be444a9187d>>>>
05-19 19:35:23.442 I/Registrar( 3259): Registering publisher: Publisher<PublisherDefinition<PublisherIdentifier<NodeIdentifier</guest_science_manager, http://hlp:44760/>, TopicIdentifier</gs/gs_manager/config>>, Topic<TopicIdentifier</gs/gs_manager/config>, TopicDescription<ff_msgs/GuestScienceConfig, c6f632ed2411de4159494a3e7754794e>>>>
05-19 19:35:23.729 I/Registrar( 3259): Response<Success, Registered [/guest_science_manager] as publisher of [/gs/gs_manager/ack], [http://10.42.0.34:45669/, http://10.42.0.34:46617/]>
05-19 19:35:23.744 I/DefaultPublisher( 3259): Publisher registered: Publisher<PublisherDefinition<PublisherIdentifier<NodeIdentifier</guest_science_manager, http://hlp:44760/>, TopicIdentifier</gs/gs_manager/ack>>, Topic<TopicIdentifier</gs/gs_manager/ack>, TopicDescription<ff_msgs/AckStamped, cebddec69fd770df54633be444a9187d>>>>
05-19 19:35:23.784 I/Registrar( 3259): Registering publisher: Publisher<PublisherDefinition<PublisherIdentifier<NodeIdentifier</guest_science_manager, http://hlp:44760/>, TopicIdentifier</gs/data>>, Topic<TopicIdentifier</gs/data>, TopicDescription<ff_msgs/GuestScienceData, edd2c791ea93ffa7cb0ec80c5bb00972>>>>
05-19 19:35:23.985 I/Registrar( 3259): Response<Success, Registered [/guest_science_manager] as publisher of [/gs/gs_manager/config], [http://10.42.0.34:45669/, http://10.42.0.34:43877/]>
05-19 19:35:24.047 I/DefaultPublisher( 3259): Publisher registered: Publisher<PublisherDefinition<PublisherIdentifier<NodeIdentifier</guest_science_manager, http://hlp:44760/>, TopicIdentifier</gs/gs_manager/config>>, Topic<TopicIdentifier</gs/gs_manager/config>, TopicDescription<ff_msgs/GuestScienceConfig, c6f632ed2411de4159494a3e7754794e>>>>
05-19 19:35:24.118 I/Registrar( 3259): Registering publisher: Publisher<PublisherDefinition<PublisherIdentifier<NodeIdentifier</guest_science_manager, http://hlp:44760/>, TopicIdentifier</gs/gs_manager/state>>, Topic<TopicIdentifier</gs/gs_manager/state>, TopicDescription<ff_msgs/GuestScienceState, 24e5a1ba8527257cc710720a32de6e51>>>>
05-19 19:35:24.471 I/Registrar( 3259): Response<Success, Registered [/guest_science_manager] as publisher of [/gs/data], [http://10.42.0.34:42698/, http://10.42.0.34:38680/, http://10.42.0.34:43877/]>
05-19 19:35:24.541 I/DefaultPublisher( 3259): Publisher registered: Publisher<PublisherDefinition<PublisherIdentifier<NodeIdentifier</guest_science_manager, http://hlp:44760/>, TopicIdentifier</gs/data>>, Topic<TopicIdentifier</gs/data>, TopicDescription<ff_msgs/GuestScienceData, edd2c791ea93ffa7cb0ec80c5bb00972>>>>
05-19 19:35:24.823 I/art     ( 3259): Background sticky concurrent mark sweep GC freed 27223(2MB) AllocSpace objects, 20(404KB) LOS objects, 13% free, 8MB/10MB, paused 6.664ms total 1.362s
05-19 19:35:24.932 I/Registrar( 3259): Response<Success, Registered [/guest_science_manager] as publisher of [/gs/gs_manager/state], [http://10.42.0.34:45669/, http://10.42.0.34:43877/]>
05-19 19:35:24.939 I/DefaultPublisher( 3259): Publisher registered: Publisher<PublisherDefinition<PublisherIdentifier<NodeIdentifier</guest_science_manager, http://hlp:44760/>, TopicIdentifier</gs/gs_manager/state>>, Topic<TopicIdentifier</gs/gs_manager/state>, TopicDescription<ff_msgs/GuestScienceState, 24e5a1ba8527257cc710720a32de6e51>>>>
05-19 19:35:25.041 I/Registrar( 3259): Registering subscriber: Subscriber<Topic<TopicIdentifier</mgt/executive/command>, TopicDescription<ff_msgs/CommandStamped, ac01350894b1be9e3a7b4f390a14812d>>>
05-19 19:35:25.525 W/art     ( 3259): Suspending all threads took: 9.638ms
05-19 19:35:25.547 W/ActivityManager( 2095): Slow operation: 86ms so far, now at startProcess: returned from zygote!
05-19 19:35:25.548 W/ActivityManager( 2095): Slow operation: 87ms so far, now at startProcess: done updating battery stats
05-19 19:35:25.548 W/ActivityManager( 2095): Slow operation: 87ms so far, now at startProcess: building log message
05-19 19:35:25.548 I/ActivityManager( 2095): Start proc 3334:jp.jaxa.iss.kibo.rpc.sampleapk/u0a64 for broadcast jp.jaxa.iss.kibo.rpc.sampleapk/gov.nasa.arc.astrobee.android.gs.InfoInqueryBroadcastReceiver
05-19 19:35:25.548 W/ActivityManager( 2095): Slow operation: 88ms so far, now at startProcess: starting to update pids map
05-19 19:35:25.549 W/ActivityManager( 2095): Slow operation: 88ms so far, now at startProcess: done updating pids map
05-19 19:35:25.549 W/ActivityManager( 2095): Slow operation: 89ms so far, now at startProcess: done starting proc!
05-19 19:35:25.610 I/Registrar( 3259): Response<Success, Subscribed to [/mgt/executive/command], [http://10.42.0.34:45669/]>
05-19 19:35:25.636 I/DefaultSubscriber( 3259): Subscriber registered: Subscriber<Topic<TopicIdentifier</mgt/executive/command>, TopicDescription<ff_msgs/CommandStamped, ac01350894b1be9e3a7b4f390a14812d>>>
05-19 19:35:25.655 I/art     ( 3334): Not late-enabling -Xcheck:jni (already on)
05-19 19:35:25.657 W/art     ( 3334): Unexpected CPU variant for X86 using defaults: x86_64
05-19 19:35:25.924 I/art     ( 3259): Background partial concurrent mark sweep GC freed 20491(1750KB) AllocSpace objects, 29(580KB) LOS objects, 35% free, 7MB/11MB, paused 21.452ms total 579.968ms
05-19 19:35:26.706 I/ActivityManager( 2095): Killing 3074:com.android.carrierconfig/u0a3 (adj 906): empty #17
05-19 19:35:26.855 D/ActivityManager( 2095): cleanUpApplicationRecord -- 3074
05-19 19:35:29.615 I/art     ( 3259): Do partial code cache collection, code=26KB, data=29KB
05-19 19:35:29.655 I/art     ( 3259): After code cache collection, code=26KB, data=29KB
05-19 19:35:29.655 I/art     ( 3259): Increasing code cache capacity to 128KB
05-19 19:35:32.229 D/ManagerTimeoutTimer( 3259): Still waiting for the apk to start or stop. 4999.0 milliseconds left.
05-19 19:35:32.448 D/OpenCV/StaticHelper( 3334): Trying to get library list
05-19 19:35:32.702 E/OpenCV/StaticHelper( 3334): OpenCV error: Cannot load info library for OpenCV
05-19 19:35:32.715 D/OpenCV/StaticHelper( 3334): Library list: ""
05-19 19:35:32.715 D/OpenCV/StaticHelper( 3334): First attempt to load libs
05-19 19:35:32.715 D/OpenCV/StaticHelper( 3334): Trying to init OpenCV libs
05-19 19:35:32.715 D/OpenCV/StaticHelper( 3334): Trying to load library opencv_java3
05-19 19:35:33.015 D/OpenCV/StaticHelper( 3334): Library opencv_java3 loaded
05-19 19:35:33.015 D/OpenCV/StaticHelper( 3334): First attempt to load libs is OK
05-19 19:35:33.020 I/OpenCV/StaticHelper( 3334): 
05-19 19:35:33.021 I/OpenCV/StaticHelper( 3334): General configuration for OpenCV 3.4.4 =====================================
05-19 19:35:33.021 I/OpenCV/StaticHelper( 3334):   Version control:               3.4.4
05-19 19:35:33.021 I/OpenCV/StaticHelper( 3334): 
05-19 19:35:33.021 I/OpenCV/StaticHelper( 3334):   Extra modules:
05-19 19:35:33.021 I/OpenCV/StaticHelper( 3334):     Location (extra):            /build/3_4-contrib_pack-contrib-android/opencv_contrib/modules
05-19 19:35:33.021 I/OpenCV/StaticHelper( 3334):     Version control (extra):     3.4.4
05-19 19:35:33.021 I/OpenCV/StaticHelper( 3334): 
05-19 19:35:33.021 I/OpenCV/StaticHelper( 3334):   Platform:
05-19 19:35:33.021 I/OpenCV/StaticHelper( 3334):     Timestamp:                   2018-11-17T00:27:32Z
05-19 19:35:33.021 I/OpenCV/StaticHelper( 3334):     Host:                        Linux 4.15.0-38-generic x86_64
05-19 19:35:33.021 I/OpenCV/StaticHelper( 3334):     Target:                      Linux 1 x86_64
05-19 19:35:33.021 I/OpenCV/StaticHelper( 3334):     CMake:                       2.8.12.2
05-19 19:35:33.021 I/OpenCV/StaticHelper( 3334):     CMake generator:             Ninja
05-19 19:35:33.021 I/OpenCV/StaticHelper( 3334):     CMake build tool:            /usr/bin/ninja
05-19 19:35:33.021 I/OpenCV/StaticHelper( 3334):     Configuration:               Release
05-19 19:35:33.021 I/OpenCV/StaticHelper( 3334): 
05-19 19:35:33.021 I/OpenCV/StaticHelper( 3334):   CPU/HW features:
05-19 19:35:33.021 I/OpenCV/StaticHelper( 3334):     Baseline:                    SSE SSE2 SSE3
05-19 19:35:33.022 I/OpenCV/StaticHelper( 3334):       requested:                 SSE3
05-19 19:35:33.022 I/OpenCV/StaticHelper( 3334):     Dispatched code generation:  SSE4_1 SSE4_2 FP16 AVX AVX2
05-19 19:35:33.022 I/OpenCV/StaticHelper( 3334):       requested:                 SSE4_1 SSE4_2 AVX FP16 AVX2 AVX512_SKX
05-19 19:35:33.022 I/OpenCV/StaticHelper( 3334):       SSE4_1 (4 files):          + SSSE3 SSE4_1
05-19 19:35:33.022 I/OpenCV/StaticHelper( 3334):       SSE4_2 (1 files):          + SSSE3 SSE4_1 POPCNT SSE4_2
05-19 19:35:33.022 I/OpenCV/StaticHelper( 3334):       FP16 (0 files):            + SSSE3 SSE4_1 POPCNT SSE4_2 FP16 AVX
05-19 19:35:33.022 I/OpenCV/StaticHelper( 3334):       AVX (5 files):             + SSSE3 SSE4_1 POPCNT SSE4_2 AVX
05-19 19:35:33.022 I/OpenCV/StaticHelper( 3334):       AVX2 (10 files):           + SSSE3 SSE4_1 POPCNT SSE4_2 FP16 FMA3 AVX AVX2
05-19 19:35:33.022 I/OpenCV/StaticHelper( 3334): 
05-19 19:35:33.022 I/OpenCV/StaticHelper( 3334):   C/C++:
05-19 19:35:33.022 I/OpenCV/StaticHelper( 3334):     Built as dynamic libs?:      NO
05-19 19:35:33.022 I/OpenCV/StaticHelper( 3334):     C++ Compiler:                /usr/bin/ccache /opt/android/android-ndk-r10e/toolchains/x86_64-4.9/prebuilt/linux-x86_64/bin/x86_64-linux-android-g++ (ver 4.9)
05-19 19:35:33.022 I/OpenCV/StaticHelper( 3334):     C++ flags (Release):         -fexceptions -frtti --sysroot=/opt/android/android-ndk-r10e/platforms/android-21/arch-x86_64 -funwind-tables -funswitch-loops -finline-limit=300 -fsigned-char -no-canonical-prefixes -fdata-sections -ffunction-sections -Wa,--noexecstack  -DANDROID -D__ANDROID_API__=21   -fsigned-char -W -Wall -Werror=return-type -Werror=non-virtual-dtor -Werror=address -Werror=sequence-point -Wformat -Werror=format-security -Wmissing-declarations -Wundef -Winit-self -Wpointer-arith -Wshadow -Wsign-promo -Wuninitialized -Winit-self -Wno-narrowing -Wno-delete-non-virtual-dtor -Wno-comment -Wno-missing-field-initializers -fdiagnostics-show-option -Wno-long-long -fomit-frame-pointer  -msse -msse2 -msse3 -fvisibility=hidden -fvisibility-inlines-hidden -fomit-frame-pointer -fstrict-aliasing -O3 -DNDEBUG  -DNDEBUG
05-19 19:35:33.022 I/OpenCV/StaticHelper( 3334):     C++ flags (Debug):           -fexceptions -frtti --sysroot=/opt/android/android-ndk-r10e/platforms/android-21/arch-x86_64 -funwind-tables -funswitch-loops -finline-limit=300 -fsigned-char -no-canonical-prefixes -fdata-sections -ffunction-sections -Wa,--noexecstack  -DANDROID -D__ANDROID_API__=21   -fsigned-char -W -Wall -Werror=return-type -Werror=non-virtual-dtor -Werror=address -Werror=sequence-point -Wformat -Werror=format-security -Wmissing-declarations -Wundef -Winit-self -Wpointer-arith -Wshadow -Wsign-promo -Wuninitialized -Winit-self -Wno-narrowing -Wno-delete-non-virtual-dtor -Wno-comment -Wno-missing-field-initializers -fdiagnostics-show-option -Wno-long-long -fomit-frame-pointer  -msse -msse2 -msse3 -fvisibility=hidden -fvisibility-inlines-hidden -fno-omit-frame-pointer -fno-strict-aliasing -O0 -g -DDEBUG -D_DEBUG  -DDEBUG -D_DEBUG
05-19 19:35:33.022 I/OpenCV/StaticHelper( 3334):     C Compiler:                  /usr/bin/ccache /opt/android/android-ndk-r10e/toolchains/x86_64-4.9/prebuilt/linux-x86_64/bin/x86_64-linux-android-gcc
05-19 19:35:33.022 I/OpenCV/StaticHelper( 3334):     C flags (Release):           -fexceptions --sysroot=/opt/android/android-ndk-r10e/platforms/android-21/arch-x86_64 -funwind-tables -funswitch-loops -finline-limit=300 -fsigned-char -no-canonical-prefixes -fdata-sections -ffunction-sections -Wa,--noexecstack  -DANDROID -D__ANDROID_API__=21   -fsigned-char -W -Wall -Werror=return-type -Werror=non-virtual-dtor -Werror=address -Werror=sequence-point -Wformat -Werror=format-security -Wmissing-declarations -Wmissing-prototypes -Wstrict-prototypes -Wundef -Winit-self -Wpointer-arith -Wshadow -Wuninitialized -Winit-self -Wno-narrowing -Wno-comment -Wno-missing-field-initializers -fdiagnostics-show-option -Wno-long-long -fomit-frame-pointer  -msse -msse2 -msse3 -fvisibility=hidden -fomit-frame-pointer -fstrict-aliasing -O3 -DNDEBUG  -DNDEBUG
05-19 19:35:33.033 I/OpenCV/StaticHelper( 3334):     C flags (Debug):             -fexceptions --sysroot=/opt/android/android-ndk-r10e/platforms/android-21/arch-x86_64 -funwind-tables -funswitch-loops -finline-limit=300 -fsigned-char -no-canonical-prefixes -fdata-sections -ffunction-sections -Wa,--noexecstack  -DANDROID -D__ANDROID_API__=21   -fsigned-char -W -Wall -Werror=return-type -Werror=non-virtual-dtor -Werror=address -Werror=sequence-point -Wformat -Werror=format-security -Wmissing-declarations -Wmissing-prototypes -Wstrict-prototypes -Wundef -Winit-self -Wpointer-arith -Wshadow -Wuninitialized -Winit-self -Wno-narrowing -Wno-comment -Wno-missing-field-initializers -fdiagnostics-show-option -Wno-long-long -fomit-frame-pointer  -msse -msse2 -msse3 -fvisibility=hidden -fno-omit-frame-pointer -fno-strict-aliasing -O0 -g -DDEBUG -D_DEBUG  -DDEBUG -D_DEBUG
05-19 19:35:33.034 I/OpenCV/StaticHelper( 3334):     Linker flags (Release):      -Wl,--exclude-libs,libippicv.a -Wl,--exclude-libs,libippiw.a  -Wl,--no-undefined -Wl,--gc-sections -Wl,-z,noexecstack -Wl,-z,relro -Wl,-z,now    
05-19 19:35:33.034 I/OpenCV/StaticHelper( 3334):     Linker flags (Debug):        -Wl,--exclude-libs,libippicv.a -Wl,--exclude-libs,libippiw.a  -Wl,--no-undefined -Wl,--gc-sections -Wl,-z,noexecstack -Wl,-z,relro -Wl,-z,now    
05-19 19:35:33.034 I/OpenCV/StaticHelper( 3334):     ccache:                      YES
05-19 19:35:33.034 I/OpenCV/StaticHelper( 3334):     Precompiled headers:         NO
05-19 19:35:33.035 I/OpenCV/StaticHelper( 3334):     Extra dependencies:          z dl m log
05-19 19:35:33.035 I/OpenCV/StaticHelper( 3334):     3rdparty dependencies:       tbb libcpufeatures ittnotify libjpeg-turbo libwebp libpng libtiff libjasper IlmImf libprotobuf quirc ippiw ippicv
05-19 19:35:33.035 I/OpenCV/StaticHelper( 3334): 
05-19 19:35:33.035 I/OpenCV/StaticHelper( 3334):   OpenCV modules:
