05-19 12:19:37.949 E/Hyphenator( 1323): 	at libcore.io.Posix.open(Native Method)
05-19 12:19:37.949 E/Hyphenator( 1323): 	at libcore.io.BlockGuardOs.open(BlockGuardOs.java:187)
05-19 12:19:37.949 E/Hyphenator( 1323): 	at libcore.io.IoBridge.open(IoBridge.java:441)
05-19 12:19:37.949 E/Hyphenator( 1323): 	... 6 more
05-19 12:19:38.001 E/Hyphenator( 1323): error loading hyphenation /system/usr/hyphen-data/hyph-hr.hyb
05-19 12:19:38.001 E/Hyphenator( 1323): java.io.FileNotFoundException: /system/usr/hyphen-data/hyph-hr.hyb: open failed: ENOENT (No such file or directory)
05-19 12:19:38.001 E/Hyphenator( 1323): 	at libcore.io.IoBridge.open(IoBridge.java:455)
05-19 12:19:38.001 E/Hyphenator( 1323): 	at java.io.RandomAccessFile.<init>(RandomAccessFile.java:247)
05-19 12:19:38.001 E/Hyphenator( 1323): 	at android.text.Hyphenator.loadHyphenator(Hyphenator.java:118)
05-19 12:19:38.001 E/Hyphenator( 1323): 	at android.text.Hyphenator.init(Hyphenator.java:224)
05-19 12:19:38.001 E/Hyphenator( 1323): 	at com.android.internal.os.ZygoteInit.preloadTextResources(ZygoteInit.java:252)
05-19 12:19:38.001 E/Hyphenator( 1323): 	at com.android.internal.os.ZygoteInit.preload(ZygoteInit.java:206)
05-19 12:19:38.001 E/Hyphenator( 1323): 	at com.android.internal.os.ZygoteInit.main(ZygoteInit.java:743)
05-19 12:19:38.001 E/Hyphenator( 1323): Caused by: android.system.ErrnoException: open failed: ENOENT (No such file or directory)
05-19 12:19:38.001 E/Hyphenator( 1323): 	at libcore.io.Posix.open(Native Method)
05-19 12:19:38.001 E/Hyphenator( 1323): 	at libcore.io.BlockGuardOs.open(BlockGuardOs.java:187)
05-19 12:19:38.001 E/Hyphenator( 1323): 	at libcore.io.IoBridge.open(IoBridge.java:441)
05-19 12:19:38.001 E/Hyphenator( 1323): 	... 6 more
05-19 12:19:38.003 E/Hyphenator( 1323): error loading hyphenation /system/usr/hyphen-data/hyph-hu.hyb
05-19 12:19:38.003 E/Hyphenator( 1323): java.io.FileNotFoundException: /system/usr/hyphen-data/hyph-hu.hyb: open failed: ENOENT (No such file or directory)
05-19 12:19:38.003 E/Hyphenator( 1323): 	at libcore.io.IoBridge.open(IoBridge.java:455)
05-19 12:19:38.003 E/Hyphenator( 1323): 	at java.io.RandomAccessFile.<init>(RandomAccessFile.java:247)
05-19 12:19:38.003 E/Hyphenator( 1323): 	at android.text.Hyphenator.loadHyphenator(Hyphenator.java:118)
05-19 12:19:38.003 E/Hyphenator( 1323): 	at android.text.Hyphenator.init(Hyphenator.java:224)
05-19 12:19:38.003 E/Hyphenator( 1323): 	at com.android.internal.os.ZygoteInit.preloadTextResources(ZygoteInit.java:252)
05-19 12:19:38.003 E/Hyphenator( 1323): 	at com.android.internal.os.ZygoteInit.preload(ZygoteInit.java:206)
05-19 12:19:38.003 E/Hyphenator( 1323): 	at com.android.internal.os.ZygoteInit.main(ZygoteInit.java:743)
05-19 12:19:38.003 E/Hyphenator( 1323): Caused by: android.system.ErrnoException: open failed: ENOENT (No such file or directory)
05-19 12:19:38.003 E/Hyphenator( 1323): 	at libcore.io.Posix.open(Native Method)
05-19 12:19:38.003 E/Hyphenator( 1323): 	at libcore.io.BlockGuardOs.open(BlockGuardOs.java:187)
05-19 12:19:38.003 E/Hyphenator( 1323): 	at libcore.io.IoBridge.open(IoBridge.java:441)
05-19 12:19:38.003 E/Hyphenator( 1323): 	... 6 more
05-19 12:19:38.005 E/Hyphenator( 1323): error loading hyphenation /system/usr/hyphen-data/hyph-hy.hyb
05-19 12:19:38.005 E/Hyphenator( 1323): java.io.FileNotFoundException: /system/usr/hyphen-data/hyph-hy.hyb: open failed: ENOENT (No such file or directory)
05-19 12:19:38.005 E/Hyphenator( 1323): 	at libcore.io.IoBridge.open(IoBridge.java:455)
05-19 12:19:38.005 E/Hyphenator( 1323): 	at java.io.RandomAccessFile.<init>(RandomAccessFile.java:247)
05-19 12:19:38.005 E/Hyphenator( 1323): 	at android.text.Hyphenator.loadHyphenator(Hyphenator.java:118)
05-19 12:19:38.005 E/Hyphenator( 1323): 	at android.text.Hyphenator.init(Hyphenator.java:224)
05-19 12:19:38.005 E/Hyphenator( 1323): 	at com.android.internal.os.ZygoteInit.preloadTextResources(ZygoteInit.java:252)
05-19 12:19:38.005 E/Hyphenator( 1323): 	at com.android.internal.os.ZygoteInit.preload(ZygoteInit.java:206)
05-19 12:19:38.005 E/Hyphenator( 1323): 	at com.android.internal.os.ZygoteInit.main(ZygoteInit.java:743)
05-19 12:19:38.005 E/Hyphenator( 1323): Caused by: android.system.ErrnoException: open failed: ENOENT (No such file or directory)
05-19 12:19:38.005 E/Hyphenator( 1323): 	at libcore.io.Posix.open(Native Method)
05-19 12:19:38.005 E/Hyphenator( 1323): 	at libcore.io.BlockGuardOs.open(BlockGuardOs.java:187)
05-19 12:19:38.005 E/Hyphenator( 1323): 	at libcore.io.IoBridge.open(IoBridge.java:441)
05-19 12:19:38.005 E/Hyphenator( 1323): 	... 6 more
05-19 12:19:38.006 E/Hyphenator( 1323): error loading hyphenation /system/usr/hyphen-data/hyph-kn.hyb
05-19 12:19:38.006 E/Hyphenator( 1323): java.io.FileNotFoundException: /system/usr/hyphen-data/hyph-kn.hyb: open failed: ENOENT (No such file or directory)
05-19 12:19:38.006 E/Hyphenator( 1323): 	at libcore.io.IoBridge.open(IoBridge.java:455)
05-19 12:19:38.006 E/Hyphenator( 1323): 	at java.io.RandomAccessFile.<init>(RandomAccessFile.java:247)
05-19 12:19:38.006 E/Hyphenator( 1323): 	at android.text.Hyphenator.loadHyphenator(Hyphenator.java:118)
05-19 12:19:38.006 E/Hyphenator( 1323): 	at android.text.Hyphenator.init(Hyphenator.java:224)
05-19 12:19:38.006 E/Hyphenator( 1323): 	at com.android.internal.os.ZygoteInit.preloadTextResources(ZygoteInit.java:252)
05-19 12:19:38.006 E/Hyphenator( 1323): 	at com.android.internal.os.ZygoteInit.preload(ZygoteInit.java:206)
05-19 12:19:38.006 E/Hyphenator( 1323): 	at com.android.internal.os.ZygoteInit.main(ZygoteInit.java:743)
05-19 12:19:38.006 E/Hyphenator( 1323): Caused by: android.system.ErrnoException: open failed: ENOENT (No such file or directory)
05-19 12:19:38.006 E/Hyphenator( 1323): 	at libcore.io.Posix.open(Native Method)
05-19 12:19:38.006 E/Hyphenator( 1323): 	at libcore.io.BlockGuardOs.open(BlockGuardOs.java:187)
05-19 12:19:38.006 E/Hyphenator( 1323): 	at libcore.io.IoBridge.open(IoBridge.java:441)
05-19 12:19:38.006 E/Hyphenator( 1323): 	... 6 more
05-19 12:19:38.008 E/Hyphenator( 1323): error loading hyphenation /system/usr/hyphen-data/hyph-ml.hyb
05-19 12:19:38.008 E/Hyphenator( 1323): java.io.FileNotFoundException: /system/usr/hyphen-data/hyph-ml.hyb: open failed: ENOENT (No such file or directory)
05-19 12:19:38.008 E/Hyphenator( 1323): 	at libcore.io.IoBridge.open(IoBridge.java:455)
05-19 12:19:38.008 E/Hyphenator( 1323): 	at java.io.RandomAccessFile.<init>(RandomAccessFile.java:247)
05-19 12:19:38.008 E/Hyphenator( 1323): 	at android.text.Hyphenator.loadHyphenator(Hyphenator.java:118)
05-19 12:19:38.008 E/Hyphenator( 1323): 	at android.text.Hyphenator.init(Hyphenator.java:224)
05-19 12:19:38.008 E/Hyphenator( 1323): 	at com.android.internal.os.ZygoteInit.preloadTextResources(ZygoteInit.java:252)
05-19 12:19:38.008 E/Hyphenator( 1323): 	at com.android.internal.os.ZygoteInit.preload(ZygoteInit.java:206)
05-19 12:19:38.008 E/Hyphenator( 1323): 	at com.android.internal.os.ZygoteInit.main(ZygoteInit.java:743)
05-19 12:19:38.008 E/Hyphenator( 1323): Caused by: android.system.ErrnoException: open failed: ENOENT (No such file or directory)
05-19 12:19:38.008 E/Hyphenator( 1323): 	at libcore.io.Posix.open(Native Method)
05-19 12:19:38.008 E/Hyphenator( 1323): 	at libcore.io.BlockGuardOs.open(BlockGuardOs.java:187)
05-19 12:19:38.008 E/Hyphenator( 1323): 	at libcore.io.IoBridge.open(IoBridge.java:441)
05-19 12:19:38.008 E/Hyphenator( 1323): 	... 6 more
05-19 12:19:38.009 E/Hyphenator( 1323): error loading hyphenation /system/usr/hyphen-data/hyph-mn-cyrl.hyb
05-19 12:19:38.009 E/Hyphenator( 1323): java.io.FileNotFoundException: /system/usr/hyphen-data/hyph-mn-cyrl.hyb: open failed: ENOENT (No such file or directory)
05-19 12:19:38.009 E/Hyphenator( 1323): 	at libcore.io.IoBridge.open(IoBridge.java:455)
05-19 12:19:38.009 E/Hyphenator( 1323): 	at java.io.RandomAccessFile.<init>(RandomAccessFile.java:247)
05-19 12:19:38.009 E/Hyphenator( 1323): 	at android.text.Hyphenator.loadHyphenator(Hyphenator.java:118)
05-19 12:19:38.009 E/Hyphenator( 1323): 	at android.text.Hyphenator.init(Hyphenator.java:224)
05-19 12:19:38.009 E/Hyphenator( 1323): 	at com.android.internal.os.ZygoteInit.preloadTextResources(ZygoteInit.java:252)
05-19 12:19:38.009 E/Hyphenator( 1323): 	at com.android.internal.os.ZygoteInit.preload(ZygoteInit.java:206)
05-19 12:19:38.009 E/Hyphenator( 1323): 	at com.android.internal.os.ZygoteInit.main(ZygoteInit.java:743)
05-19 12:19:38.009 E/Hyphenator( 1323): Caused by: android.system.ErrnoException: open failed: ENOENT (No such file or directory)
05-19 12:19:38.009 E/Hyphenator( 1323): 	at libcore.io.Posix.open(Native Method)
05-19 12:19:38.009 E/Hyphenator( 1323): 	at libcore.io.BlockGuardOs.open(BlockGuardOs.java:187)
05-19 12:19:38.009 E/Hyphenator( 1323): 	at libcore.io.IoBridge.open(IoBridge.java:441)
05-19 12:19:38.009 E/Hyphenator( 1323): 	... 6 more
05-19 12:19:38.019 E/Hyphenator( 1323): error loading hyphenation /system/usr/hyphen-data/hyph-mr.hyb
05-19 12:19:38.019 E/Hyphenator( 1323): java.io.FileNotFoundException: /system/usr/hyphen-data/hyph-mr.hyb: open failed: ENOENT (No such file or directory)
05-19 12:19:38.019 E/Hyphenator( 1323): 	at libcore.io.IoBridge.open(IoBridge.java:455)
05-19 12:19:38.019 E/Hyphenator( 1323): 	at java.io.RandomAccessFile.<init>(RandomAccessFile.java:247)
05-19 12:19:38.019 E/Hyphenator( 1323): 	at android.text.Hyphenator.loadHyphenator(Hyphenator.java:118)
05-19 12:19:38.019 E/Hyphenator( 1323): 	at android.text.Hyphenator.init(Hyphenator.java:224)
05-19 12:19:38.019 E/Hyphenator( 1323): 	at com.android.internal.os.ZygoteInit.preloadTextResources(ZygoteInit.java:252)
05-19 12:19:38.019 E/Hyphenator( 1323): 	at com.android.internal.os.ZygoteInit.preload(ZygoteInit.java:206)
05-19 12:19:38.019 E/Hyphenator( 1323): 	at com.android.internal.os.ZygoteInit.main(ZygoteInit.java:743)
05-19 12:19:38.019 E/Hyphenator( 1323): Caused by: android.system.ErrnoException: open failed: ENOENT (No such file or directory)
05-19 12:19:38.019 E/Hyphenator( 1323): 	at libcore.io.Posix.open(Native Method)
05-19 12:19:38.019 E/Hyphenator( 1323): 	at libcore.io.BlockGuardOs.open(BlockGuardOs.java:187)
05-19 12:19:38.019 E/Hyphenator( 1323): 	at libcore.io.IoBridge.open(IoBridge.java:441)
05-19 12:19:38.019 E/Hyphenator( 1323): 	... 6 more
05-19 12:19:38.118 I/art     ( 1323): Background sticky concurrent mark sweep GC freed 5878(463KB) AllocSpace objects, 3(120KB) LOS objects, 3% free, 6MB/6MB, paused 2.689ms total 209.127ms
05-19 12:19:38.124 E/Hyphenator( 1323): error loading hyphenation /system/usr/hyphen-data/hyph-nb.hyb
05-19 12:19:38.124 E/Hyphenator( 1323): java.io.FileNotFoundException: /system/usr/hyphen-data/hyph-nb.hyb: open failed: ENOENT (No such file or directory)
05-19 12:19:38.124 E/Hyphenator( 1323): 	at libcore.io.IoBridge.open(IoBridge.java:455)
05-19 12:19:38.124 E/Hyphenator( 1323): 	at java.io.RandomAccessFile.<init>(RandomAccessFile.java:247)
05-19 12:19:38.124 E/Hyphenator( 1323): 	at android.text.Hyphenator.loadHyphenator(Hyphenator.java:118)
05-19 12:19:38.124 E/Hyphenator( 1323): 	at android.text.Hyphenator.init(Hyphenator.java:224)
05-19 12:19:38.124 E/Hyphenator( 1323): 	at com.android.internal.os.ZygoteInit.preloadTextResources(ZygoteInit.java:252)
05-19 12:19:38.124 E/Hyphenator( 1323): 	at com.android.internal.os.ZygoteInit.preload(ZygoteInit.java:206)
05-19 12:19:38.124 E/Hyphenator( 1323): 	at com.android.internal.os.ZygoteInit.main(ZygoteInit.java:743)
05-19 12:19:38.124 E/Hyphenator( 1323): Caused by: android.system.ErrnoException: open failed: ENOENT (No such file or directory)
05-19 12:19:38.124 E/Hyphenator( 1323): 	at libcore.io.Posix.open(Native Method)
05-19 12:19:38.124 E/Hyphenator( 1323): 	at libcore.io.BlockGuardOs.open(BlockGuardOs.java:187)
05-19 12:19:38.124 E/Hyphenator( 1323): 	at libcore.io.IoBridge.open(IoBridge.java:441)
05-19 12:19:38.124 E/Hyphenator( 1323): 	... 6 more
05-19 12:19:38.125 E/Hyphenator( 1323): error loading hyphenation /system/usr/hyphen-data/hyph-nn.hyb
05-19 12:19:38.125 E/Hyphenator( 1323): java.io.FileNotFoundException: /system/usr/hyphen-data/hyph-nn.hyb: open failed: ENOENT (No such file or directory)
05-19 12:19:38.125 E/Hyphenator( 1323): 	at libcore.io.IoBridge.open(IoBridge.java:455)
05-19 12:19:38.125 E/Hyphenator( 1323): 	at java.io.RandomAccessFile.<init>(RandomAccessFile.java:247)
05-19 12:19:38.125 E/Hyphenator( 1323): 	at android.text.Hyphenator.loadHyphenator(Hyphenator.java:118)
05-19 12:19:38.125 E/Hyphenator( 1323): 	at android.text.Hyphenator.init(Hyphenator.java:224)
05-19 12:19:38.125 E/Hyphenator( 1323): 	at com.android.internal.os.ZygoteInit.preloadTextResources(ZygoteInit.java:252)
05-19 12:19:38.125 E/Hyphenator( 1323): 	at com.android.internal.os.ZygoteInit.preload(ZygoteInit.java:206)
05-19 12:19:38.125 E/Hyphenator( 1323): 	at com.android.internal.os.ZygoteInit.main(ZygoteInit.java:743)
05-19 12:19:38.125 E/Hyphenator( 1323): Caused by: android.system.ErrnoException: open failed: ENOENT (No such file or directory)
05-19 12:19:38.125 E/Hyphenator( 1323): 	at libcore.io.Posix.open(Native Method)
05-19 12:19:38.125 E/Hyphenator( 1323): 	at libcore.io.BlockGuardOs.open(BlockGuardOs.java:187)
05-19 12:19:38.125 E/Hyphenator( 1323): 	at libcore.io.IoBridge.open(IoBridge.java:441)
05-19 12:19:38.125 E/Hyphenator( 1323): 	... 6 more
05-19 12:19:38.127 E/Hyphenator( 1323): error loading hyphenation /system/usr/hyphen-data/hyph-or.hyb
05-19 12:19:38.127 E/Hyphenator( 1323): java.io.FileNotFoundException: /system/usr/hyphen-data/hyph-or.hyb: open failed: ENOENT (No such file or directory)
05-19 12:19:38.127 E/Hyphenator( 1323): 	at libcore.io.IoBridge.open(IoBridge.java:455)
05-19 12:19:38.127 E/Hyphenator( 1323): 	at java.io.RandomAccessFile.<init>(RandomAccessFile.java:247)
05-19 12:19:38.127 E/Hyphenator( 1323): 	at android.text.Hyphenator.loadHyphenator(Hyphenator.java:118)
05-19 12:19:38.127 E/Hyphenator( 1323): 	at android.text.Hyphenator.init(Hyphenator.java:224)
05-19 12:19:38.127 E/Hyphenator( 1323): 	at com.android.internal.os.ZygoteInit.preloadTextResources(ZygoteInit.java:252)
05-19 12:19:38.127 E/Hyphenator( 1323): 	at com.android.internal.os.ZygoteInit.preload(ZygoteInit.java:206)
05-19 12:19:38.127 E/Hyphenator( 1323): 	at com.android.internal.os.ZygoteInit.main(ZygoteInit.java:743)
05-19 12:19:38.127 E/Hyphenator( 1323): Caused by: android.system.ErrnoException: open failed: ENOENT (No such file or directory)
05-19 12:19:38.127 E/Hyphenator( 1323): 	at libcore.io.Posix.open(Native Method)
05-19 12:19:38.127 E/Hyphenator( 1323): 	at libcore.io.BlockGuardOs.open(BlockGuardOs.java:187)
05-19 12:19:38.127 E/Hyphenator( 1323): 	at libcore.io.IoBridge.open(IoBridge.java:441)
05-19 12:19:38.127 E/Hyphenator( 1323): 	... 6 more
05-19 12:19:38.128 E/Hyphenator( 1323): error loading hyphenation /system/usr/hyphen-data/hyph-pa.hyb
05-19 12:19:38.128 E/Hyphenator( 1323): java.io.FileNotFoundException: /system/usr/hyphen-data/hyph-pa.hyb: open failed: ENOENT (No such file or directory)
05-19 12:19:38.128 E/Hyphenator( 1323): 	at libcore.io.IoBridge.open(IoBridge.java:455)
05-19 12:19:38.128 E/Hyphenator( 1323): 	at java.io.RandomAccessFile.<init>(RandomAccessFile.java:247)
05-19 12:19:38.128 E/Hyphenator( 1323): 	at android.text.Hyphenator.loadHyphenator(Hyphenator.java:118)
05-19 12:19:38.128 E/Hyphenator( 1323): 	at android.text.Hyphenator.init(Hyphenator.java:224)
05-19 12:19:38.128 E/Hyphenator( 1323): 	at com.android.internal.os.ZygoteInit.preloadTextResources(ZygoteInit.java:252)
05-19 12:19:38.128 E/Hyphenator( 1323): 	at com.android.internal.os.ZygoteInit.preload(ZygoteInit.java:206)
05-19 12:19:38.128 E/Hyphenator( 1323): 	at com.android.internal.os.ZygoteInit.main(ZygoteInit.java:743)
05-19 12:19:38.128 E/Hyphenator( 1323): Caused by: android.system.ErrnoException: open failed: ENOENT (No such file or directory)
05-19 12:19:38.128 E/Hyphenator( 1323): 	at libcore.io.Posix.open(Native Method)
05-19 12:19:38.128 E/Hyphenator( 1323): 	at libcore.io.BlockGuardOs.open(BlockGuardOs.java:187)
05-19 12:19:38.128 E/Hyphenator( 1323): 	at libcore.io.IoBridge.open(IoBridge.java:441)
05-19 12:19:38.128 E/Hyphenator( 1323): 	... 6 more
05-19 12:19:38.140 E/Hyphenator( 1323): error loading hyphenation /system/usr/hyphen-data/hyph-pt.hyb
05-19 12:19:38.140 E/Hyphenator( 1323): java.io.FileNotFoundException: /system/usr/hyphen-data/hyph-pt.hyb: open failed: ENOENT (No such file or directory)
05-19 12:19:38.140 E/Hyphenator( 1323): 	at libcore.io.IoBridge.open(IoBridge.java:455)
05-19 12:19:38.140 E/Hyphenator( 1323): 	at java.io.RandomAccessFile.<init>(RandomAccessFile.java:247)
05-19 12:19:38.140 E/Hyphenator( 1323): 	at android.text.Hyphenator.loadHyphenator(Hyphenator.java:118)
05-19 12:19:38.140 E/Hyphenator( 1323): 	at android.text.Hyphenator.init(Hyphenator.java:224)
05-19 12:19:38.140 E/Hyphenator( 1323): 	at com.android.internal.os.ZygoteInit.preloadTextResources(ZygoteInit.java:252)
05-19 12:19:38.140 E/Hyphenator( 1323): 	at com.android.internal.os.ZygoteInit.preload(ZygoteInit.java:206)
05-19 12:19:38.140 E/Hyphenator( 1323): 	at com.android.internal.os.ZygoteInit.main(ZygoteInit.java:743)
05-19 12:19:38.140 E/Hyphenator( 1323): Caused by: android.system.ErrnoException: open failed: ENOENT (No such file or directory)
05-19 12:19:38.140 E/Hyphenator( 1323): 	at libcore.io.Posix.open(Native Method)
05-19 12:19:38.140 E/Hyphenator( 1323): 	at libcore.io.BlockGuardOs.open(BlockGuardOs.java:187)
05-19 12:19:38.140 E/Hyphenator( 1323): 	at libcore.io.IoBridge.open(IoBridge.java:441)
05-19 12:19:38.140 E/Hyphenator( 1323): 	... 6 more
05-19 12:19:38.161 E/Hyphenator( 1323): error loading hyphenation /system/usr/hyphen-data/hyph-sl.hyb
05-19 12:19:38.161 E/Hyphenator( 1323): java.io.FileNotFoundException: /system/usr/hyphen-data/hyph-sl.hyb: open failed: ENOENT (No such file or directory)
05-19 12:19:38.161 E/Hyphenator( 1323): 	at libcore.io.IoBridge.open(IoBridge.java:455)
05-19 12:19:38.161 E/Hyphenator( 1323): 	at java.io.RandomAccessFile.<init>(RandomAccessFile.java:247)
05-19 12:19:38.161 E/Hyphenator( 1323): 	at android.text.Hyphenator.loadHyphenator(Hyphenator.java:118)
05-19 12:19:38.161 E/Hyphenator( 1323): 	at android.text.Hyphenator.init(Hyphenator.java:224)
05-19 12:19:38.161 E/Hyphenator( 1323): 	at com.android.internal.os.ZygoteInit.preloadTextResources(ZygoteInit.java:252)
05-19 12:19:38.161 E/Hyphenator( 1323): 	at com.android.internal.os.ZygoteInit.preload(ZygoteInit.java:206)
05-19 12:19:38.161 E/Hyphenator( 1323): 	at com.android.internal.os.ZygoteInit.main(ZygoteInit.java:743)
05-19 12:19:38.161 E/Hyphenator( 1323): Caused by: android.system.ErrnoException: open failed: ENOENT (No such file or directory)
05-19 12:19:38.161 E/Hyphenator( 1323): 	at libcore.io.Posix.open(Native Method)
05-19 12:19:38.161 E/Hyphenator( 1323): 	at libcore.io.BlockGuardOs.open(BlockGuardOs.java:187)
05-19 12:19:38.161 E/Hyphenator( 1323): 	at libcore.io.IoBridge.open(IoBridge.java:441)
05-19 12:19:38.161 E/Hyphenator( 1323): 	... 6 more
05-19 12:19:38.162 E/Hyphenator( 1323): error loading hyphenation /system/usr/hyphen-data/hyph-ta.hyb
05-19 12:19:38.162 E/Hyphenator( 1323): java.io.FileNotFoundException: /system/usr/hyphen-data/hyph-ta.hyb: open failed: ENOENT (No such file or directory)
05-19 12:19:38.162 E/Hyphenator( 1323): 	at libcore.io.IoBridge.open(IoBridge.java:455)
05-19 12:19:38.162 E/Hyphenator( 1323): 	at java.io.RandomAccessFile.<init>(RandomAccessFile.java:247)
05-19 12:19:38.162 E/Hyphenator( 1323): 	at android.text.Hyphenator.loadHyphenator(Hyphenator.java:118)
05-19 12:19:38.162 E/Hyphenator( 1323): 	at android.text.Hyphenator.init(Hyphenator.java:224)
05-19 12:19:38.162 E/Hyphenator( 1323): 	at com.android.internal.os.ZygoteInit.preloadTextResources(ZygoteInit.java:252)
05-19 12:19:38.162 E/Hyphenator( 1323): 	at com.android.internal.os.ZygoteInit.preload(ZygoteInit.java:206)
05-19 12:19:38.162 E/Hyphenator( 1323): 	at com.android.internal.os.ZygoteInit.main(ZygoteInit.java:743)
05-19 12:19:38.162 E/Hyphenator( 1323): Caused by: android.system.ErrnoException: open failed: ENOENT (No such file or directory)
05-19 12:19:38.162 E/Hyphenator( 1323): 	at libcore.io.Posix.open(Native Method)
05-19 12:19:38.162 E/Hyphenator( 1323): 	at libcore.io.BlockGuardOs.open(BlockGuardOs.java:187)
05-19 12:19:38.162 E/Hyphenator( 1323): 	at libcore.io.IoBridge.open(IoBridge.java:441)
05-19 12:19:38.162 E/Hyphenator( 1323): 	... 6 more
05-19 12:19:38.164 E/Hyphenator( 1323): error loading hyphenation /system/usr/hyphen-data/hyph-te.hyb
05-19 12:19:38.164 E/Hyphenator( 1323): java.io.FileNotFoundException: /system/usr/hyphen-data/hyph-te.hyb: open failed: ENOENT (No such file or directory)
05-19 12:19:38.164 E/Hyphenator( 1323): 	at libcore.io.IoBridge.open(IoBridge.java:455)
05-19 12:19:38.164 E/Hyphenator( 1323): 	at java.io.RandomAccessFile.<init>(RandomAccessFile.java:247)
05-19 12:19:38.164 E/Hyphenator( 1323): 	at android.text.Hyphenator.loadHyphenator(Hyphenator.java:118)
05-19 12:19:38.164 E/Hyphenator( 1323): 	at android.text.Hyphenator.init(Hyphenator.java:224)
05-19 12:19:38.164 E/Hyphenator( 1323): 	at com.android.internal.os.ZygoteInit.preloadTextResources(ZygoteInit.java:252)
05-19 12:19:38.164 E/Hyphenator( 1323): 	at com.android.internal.os.ZygoteInit.preload(ZygoteInit.java:206)
05-19 12:19:38.164 E/Hyphenator( 1323): 	at com.android.internal.os.ZygoteInit.main(ZygoteInit.java:743)
05-19 12:19:38.164 E/Hyphenator( 1323): Caused by: android.system.ErrnoException: open failed: ENOENT (No such file or directory)
05-19 12:19:38.164 E/Hyphenator( 1323): 	at libcore.io.Posix.open(Native Method)
05-19 12:19:38.164 E/Hyphenator( 1323): 	at libcore.io.BlockGuardOs.open(BlockGuardOs.java:187)
05-19 12:19:38.164 E/Hyphenator( 1323): 	at libcore.io.IoBridge.open(IoBridge.java:441)
05-19 12:19:38.164 E/Hyphenator( 1323): 	... 6 more
05-19 12:19:38.165 E/Hyphenator( 1323): error loading hyphenation /system/usr/hyphen-data/hyph-tk.hyb
05-19 12:19:38.165 E/Hyphenator( 1323): java.io.FileNotFoundException: /system/usr/hyphen-data/hyph-tk.hyb: open failed: ENOENT (No such file or directory)
05-19 12:19:38.165 E/Hyphenator( 1323): 	at libcore.io.IoBridge.open(IoBridge.java:455)
05-19 12:19:38.165 E/Hyphenator( 1323): 	at java.io.RandomAccessFile.<init>(RandomAccessFile.java:247)
05-19 12:19:38.165 E/Hyphenator( 1323): 	at android.text.Hyphenator.loadHyphenator(Hyphenator.java:118)
05-19 12:19:38.165 E/Hyphenator( 1323): 	at android.text.Hyphenator.init(Hyphenator.java:224)
05-19 12:19:38.165 E/Hyphenator( 1323): 	at com.android.internal.os.ZygoteInit.preloadTextResources(ZygoteInit.java:252)
05-19 12:19:38.165 E/Hyphenator( 1323): 	at com.android.internal.os.ZygoteInit.preload(ZygoteInit.java:206)
05-19 12:19:38.165 E/Hyphenator( 1323): 	at com.android.internal.os.ZygoteInit.main(ZygoteInit.java:743)
05-19 12:19:38.165 E/Hyphenator( 1323): Caused by: android.system.ErrnoException: open failed: ENOENT (No such file or directory)
05-19 12:19:38.165 E/Hyphenator( 1323): 	at libcore.io.Posix.open(Native Method)
05-19 12:19:38.165 E/Hyphenator( 1323): 	at libcore.io.BlockGuardOs.open(BlockGuardOs.java:187)
05-19 12:19:38.165 E/Hyphenator( 1323): 	at libcore.io.IoBridge.open(IoBridge.java:441)
05-19 12:19:38.165 E/Hyphenator( 1323): 	... 6 more
05-19 12:19:38.167 E/Hyphenator( 1323): error loading hyphenation /system/usr/hyphen-data/hyph-und-ethi.hyb
05-19 12:19:38.167 E/Hyphenator( 1323): java.io.FileNotFoundException: /system/usr/hyphen-data/hyph-und-ethi.hyb: open failed: ENOENT (No such file or directory)
05-19 12:19:38.167 E/Hyphenator( 1323): 	at libcore.io.IoBridge.open(IoBridge.java:455)
05-19 12:19:38.167 E/Hyphenator( 1323): 	at java.io.RandomAccessFile.<init>(RandomAccessFile.java:247)
05-19 12:19:38.167 E/Hyphenator( 1323): 	at android.text.Hyphenator.loadHyphenator(Hyphenator.java:118)
05-19 12:19:38.167 E/Hyphenator( 1323): 	at android.text.Hyphenator.init(Hyphenator.java:224)
05-19 12:19:38.167 E/Hyphenator( 1323): 	at com.android.internal.os.ZygoteInit.preloadTextResources(ZygoteInit.java:252)
05-19 12:19:38.167 E/Hyphenator( 1323): 	at com.android.internal.os.ZygoteInit.preload(ZygoteInit.java:206)
05-19 12:19:38.167 E/Hyphenator( 1323): 	at com.android.internal.os.ZygoteInit.main(ZygoteInit.java:743)
05-19 12:19:38.167 E/Hyphenator( 1323): Caused by: android.system.ErrnoException: open failed: ENOENT (No such file or directory)
05-19 12:19:38.167 E/Hyphenator( 1323): 	at libcore.io.Posix.open(Native Method)
05-19 12:19:38.167 E/Hyphenator( 1323): 	at libcore.io.BlockGuardOs.open(BlockGuardOs.java:187)
05-19 12:19:38.167 E/Hyphenator( 1323): 	at libcore.io.IoBridge.open(IoBridge.java:441)
05-19 12:19:38.167 E/Hyphenator( 1323): 	... 6 more
05-19 12:19:38.411 I/art     ( 1323): Background concurrent mark sweep GC freed 6877(511KB) AllocSpace objects, 4(164KB) LOS objects, 40% free, 5MB/9MB, paused 413us total 256.179ms
05-19 12:19:38.601 I/Zygote  ( 1323): Uninstalled ICU cache reference pinning...
05-19 12:19:38.701 I/Zygote  ( 1323): Installed AndroidKeyStoreProvider in 99ms.
05-19 12:19:39.348 I/Zygote  ( 1323): Warmed up JCA providers in 647ms.
05-19 12:19:39.348 D/Zygote  ( 1323): end preload
05-19 12:19:39.349 I/art     ( 1323): Starting a blocking GC Explicit
05-19 12:19:39.484 I/art     ( 1323): Explicit concurrent mark sweep GC freed 4738(282KB) AllocSpace objects, 0(0B) LOS objects, 39% free, 6MB/10MB, paused 420us total 106.266ms
05-19 12:19:39.600 I/art     ( 1323): Starting a blocking GC Explicit
05-19 12:19:39.836 I/art     ( 1323): Explicit concurrent mark sweep GC freed 7(192B) AllocSpace objects, 0(0B) LOS objects, 39% free, 6MB/10MB, paused 324us total 225.044ms
05-19 12:19:39.914 I/Zygote  ( 1323): Accepting command socket connections
05-19 12:19:40.008 I/Zygote  ( 2040): Process: zygote socket opened, supported ABIS: x86
05-19 12:19:40.218 I/InstallerConnection( 2040): connecting...
05-19 12:19:40.224 I/        ( 1327): new connection
05-19 12:19:40.501 I/InstallerConnection( 2040): disconnecting...
05-19 12:19:40.501 E/        ( 1327): eof
05-19 12:19:40.501 E/        ( 1327): failed to read size
05-19 12:19:40.502 I/        ( 1327): closing connection
05-19 12:19:41.170 I/SystemServer( 2040): Entered the Android system server!
05-19 12:19:42.735 I/SystemServiceManager( 2040): Starting com.android.server.pm.Installer
05-19 12:19:42.760 I/Installer( 2040): Waiting for installd to be ready.
05-19 12:19:42.760 I/InstallerConnection( 2040): connecting...
05-19 12:19:42.762 I/        ( 1327): new connection
05-19 12:19:42.763 I/SystemServiceManager( 2040): Starting com.android.server.am.ActivityManagerService$Lifecycle
05-19 12:19:43.031 I/ActivityManager( 2040): Memory class: 256
05-19 12:19:43.181 I/ServiceThread( 2040): Enabled StrictMode logging for ActivityManager looper.
05-19 12:19:43.280 I/ServiceThread( 2040): Enabled StrictMode logging for android.ui looper.
05-19 12:19:43.635 D/BatteryStatsImpl( 2040): Reading daily items from /data/system/batterystats-daily.xml
05-19 12:19:45.711 W/ProcessCpuTracker( 2040): Skipping unknown process pid 2099
05-19 12:19:45.811 I/IntentFirewall( 2040): Read new rules (A:0 B:0 S:0)
05-19 12:19:45.933 I/ServiceThread( 2040): Enabled StrictMode logging for android.display looper.
05-19 12:19:46.056 D/AppOps  ( 2040): AppOpsService published
05-19 12:19:46.057 I/SystemServiceManager( 2040): Starting com.android.server.power.PowerManagerService
05-19 12:19:46.130 I/ServiceThread( 2040): Enabled StrictMode logging for PowerManagerService looper.
05-19 12:19:46.154 E/PowerManagerService-JNI( 2040): Couldn't load power module (No such file or directory)
05-19 12:19:46.155 W/libsuspend( 2040): Error writing 'on' to /sys/power/state: Invalid argument
05-19 12:19:46.156 I/libsuspend( 2040): Selected wakeup count
05-19 12:19:46.233 I/SystemServiceManager( 2040): Starting com.android.server.lights.LightsService
05-19 12:19:46.270 I/SystemServiceManager( 2040): Starting com.android.server.display.DisplayManagerService
05-19 12:19:46.304 I/SystemServiceManager( 2040): Starting phase 100
05-19 12:19:46.325 E/SurfaceFlinger( 1319): ro.sf.lcd_density must be defined as a build property
05-19 12:19:46.441 I/DisplayManagerService( 2040): Display device added: DisplayDeviceInfo{"Built-in Screen": uniqueId="local:0", 1080 x 1920, modeId 1, defaultModeId 1, supportedModes [{id=1, width=1080, height=1920, fps=60.000004}], colorMode 0, supportedColorModes [0], HdrCapabilities android.view.Display$HdrCapabilities@a69d6308, density 480, 480.0 x 480.0 dpi, appVsyncOff 1000000, presDeadline 16666666, touch INTERNAL, rotation 0, type BUILT_IN, state UNKNOWN, FLAG_DEFAULT_DISPLAY, FLAG_ROTATES_WITH_CONTENT, FLAG_SECURE, FLAG_SUPPORTS_PROTECTED_BUFFERS}
05-19 12:19:46.444 D/SurfaceFlinger( 1319): Set power mode=2, type=0 flinger=0x7179a4647000
05-19 12:19:46.445 D/SurfaceFlinger( 1319): Screen type=0 is already mode=2
05-19 12:19:46.448 I/DisplayManagerService( 2040): Display device changed state: "Built-in Screen", ON
05-19 12:19:46.450 I/SystemServer( 2040): StartPackageManagerService
05-19 12:19:47.002 W/SystemConfig( 2040): No directory /system/etc/sysconfig, skipping
05-19 12:19:47.521 D/SELinuxMMAC( 2040): Using policy file /system/etc/security/mac_permissions.xml
05-19 12:19:49.883 E/art     ( 2040): DexFile_getDexOptNeeded file '/system/framework/org.apache.http.legacy.jar' does not exist
05-19 12:19:49.885 W/PackageManager( 2040): Library not found: /system/framework/org.apache.http.legacy.jar
05-19 12:19:50.094 E/art     ( 2040): DexFile_getDexOptNeeded file '/system/framework/org.apache.http.legacy.jar' does not exist
05-19 12:19:50.095 W/PackageManager( 2040): Library not found: /system/framework/org.apache.http.legacy.jar
05-19 12:19:50.271 D/PackageManager( 2040): No files in app dir /vendor/overlay
05-19 12:19:51.236 W/PackageManager( 2040): Failed to parse /system/framework/oat: Missing base APK in /system/framework/oat
05-19 12:19:51.239 W/PackageManager( 2040): Failed to parse /system/framework/x86: Missing base APK in /system/framework/x86
05-19 12:19:51.257 W/PackageManager( 2040): Failed to parse /system/framework/x86_64: Missing base APK in /system/framework/x86_64
05-19 12:19:52.143 W/PackageParser( 2040): No actions in intent filter at /system/priv-app/Contacts/Contacts.apk Binary XML file line #409
05-19 12:19:52.817 W/PackageParser( 2040): No actions in intent filter at /system/priv-app/Dialer/Dialer.apk Binary XML file line #186
05-19 12:19:53.301 W/PackageManager( 2040): Permission android.permission.DOWNLOAD_WITHOUT_NOTIFICATION from package com.android.providers.downloads in an unknown group android.permission-group.NETWORK
05-19 12:19:55.583 W/PackageParser( 2040): Ignoring duplicate uses-permissions/uses-permissions-sdk-m: android.permission.USE_CREDENTIALS in package: com.android.settings at: Binary XML file line #53
05-19 12:19:55.583 W/PackageParser( 2040): Ignoring duplicate uses-permissions/uses-permissions-sdk-m: android.permission.READ_SYNC_SETTINGS in package: com.android.settings at: Binary XML file line #58
05-19 12:19:55.584 W/PackageParser( 2040): Ignoring duplicate uses-permissions/uses-permissions-sdk-m: android.permission.WRITE_SYNC_SETTINGS in package: com.android.settings at: Binary XML file line #59
05-19 12:19:56.807 W/PackageParser( 2040): Ignoring duplicate uses-permissions/uses-permissions-sdk-m: android.permission.INSTALL_GRANT_RUNTIME_PERMISSIONS in package: com.android.shell at: Binary XML file line #102
05-19 12:19:57.479 W/PackageParser( 2040): Ignoring duplicate uses-permissions/uses-permissions-sdk-m: android.permission.CONFIGURE_WIFI_DISPLAY in package: com.android.systemui at: Binary XML file line #123
05-19 12:19:58.611 I/art     ( 2040): Background sticky concurrent mark sweep GC freed 33554(2MB) AllocSpace objects, 20(416KB) LOS objects, 31% free, 6MB/10MB, paused 10.722ms total 371.102ms
05-19 12:19:59.198 W/PackageManager( 2040): Non-privileged app; cap priority to 0; package: com.android.calendar activity: com.android.calendar.GoogleCalendarUriIntentFilter origPrio: 50
05-19 12:19:59.432 W/PackageManager( 2040): Non-privileged app; cap priority to 0; package: com.android.cts.ctsshim activity: com.android.cts.ctsshim.InstallPriority origPrio: 100
05-19 12:19:59.432 W/PackageManager( 2040): Non-privileged app; cap priority to 0; package: com.android.cts.ctsshim activity: com.android.cts.ctsshim.InstallPriority origPrio: 100
05-19 12:19:59.432 W/PackageManager( 2040): Non-privileged app; cap priority to 0; package: com.android.cts.ctsshim activity: com.android.cts.ctsshim.InstallPriority origPrio: 100
05-19 12:19:59.433 W/PackageManager( 2040): Non-privileged app; cap priority to 0; package: com.android.cts.ctsshim activity: com.android.cts.ctsshim.InstallPriority origPrio: 100
05-19 12:19:59.433 W/PackageManager( 2040): Non-privileged app; cap priority to 0; package: com.android.cts.ctsshim activity: com.android.cts.ctsshim.InstallPriority origPrio: 100
05-19 12:20:00.284 W/PackageParser( 2040): Ignoring duplicate uses-permissions/uses-permissions-sdk-m: android.permission.WRITE_CONTACTS in package: com.android.email at: Binary XML file line #40
05-19 12:20:01.244 W/PackageParser( 2040): Unknown element under <application>: permission at /system/app/Gallery2/Gallery2.apk Binary XML file line #238
05-19 12:20:01.244 W/PackageParser( 2040): Unknown element under <application>: permission at /system/app/Gallery2/Gallery2.apk Binary XML file line #241
05-19 12:20:02.401 W/PackageManager( 2040): Permission com.android.launcher3.permission.READ_SETTINGS from package com.android.launcher3 in an unknown group android.permission-group.SYSTEM_TOOLS
05-19 12:20:02.401 W/PackageManager( 2040): Permission com.android.launcher3.permission.WRITE_SETTINGS from package com.android.launcher3 in an unknown group android.permission-group.SYSTEM_TOOLS
05-19 12:20:02.401 W/PackageManager( 2040): Permission com.android.launcher.permission.INSTALL_SHORTCUT from package com.android.launcher3 in an unknown group android.permission-group.SYSTEM_TOOLS
05-19 12:20:05.475 D/PackageManager( 2040): No files in app dir /system/vendor/app
05-19 12:20:05.477 D/PackageManager( 2040): No files in app dir /oem/app
05-19 12:20:06.896 W/PackageParser( 2040): No actions in intent filter at /data/app/ApiDemos/ApiDemos.apk Binary XML file line #3145
05-19 12:20:06.896 W/PackageParser( 2040): No actions in intent filter at /data/app/ApiDemos/ApiDemos.apk Binary XML file line #3151
05-19 12:20:07.037 W/PackageManager( 2040): Package com.example.android.apis desires unavailable shared library com.example.will.never.exist; ignoring!
05-19 12:20:07.131 I/SELinux ( 2040): SELinux: Loaded file_contexts contexts from /file_contexts.bin.
05-19 12:20:09.314 V/NatController( 1334): runCmd(/system/bin/iptables -w -F natctrl_FORWARD) res=0
05-19 12:20:09.462 V/NatController( 1334): runCmd(/system/bin/ip6tables -w -F natctrl_FORWARD) res=0
05-19 12:20:09.551 V/NatController( 1334): runCmd(/system/bin/iptables -w -A natctrl_FORWARD -j DROP) res=0
05-19 12:20:09.642 V/NatController( 1334): runCmd(/system/bin/iptables -w -t nat -F natctrl_nat_POSTROUTING) res=0
05-19 12:20:09.781 V/NatController( 1334): runCmd(/system/bin/ip6tables -w -t raw -F natctrl_raw_PREROUTING) res=0
05-19 12:20:09.882 V/NatController( 1334): runCmd(/system/bin/iptables -w -F natctrl_tether_counters) res=1
05-19 12:20:10.051 V/NatController( 1334): runCmd(/system/bin/ip6tables -w -F natctrl_tether_counters) res=1
05-19 12:20:10.281 V/NatController( 1334): runCmd(/system/bin/iptables -w -X natctrl_tether_counters) res=1
05-19 12:20:10.772 V/NatController( 1334): runCmd(/system/bin/ip6tables -w -X natctrl_tether_counters) res=1
05-19 12:20:11.091 V/NatController( 1334): runCmd(/system/bin/iptables -w -N natctrl_tether_counters) res=0
05-19 12:20:11.402 V/NatController( 1334): runCmd(/system/bin/ip6tables -w -N natctrl_tether_counters) res=0
05-19 12:20:11.711 V/NatController( 1334): runCmd(/system/bin/iptables -w -t mangle -A natctrl_mangle_FORWARD -p tcp --tcp-flags SYN SYN -j TCPMSS --clamp-mss-to-pmtu) res=0
05-19 12:20:15.362 E/Netd    ( 1334): cannot find interface dummy0
05-19 12:20:15.464 D/MDnsDS  ( 1334): MDnsSdListener starting to monitor
05-19 12:20:15.464 D/MDnsDS  ( 1334): Going to poll with pollCount 1
05-19 12:20:15.467 D/MDnsDS  ( 1334): MDnsSdListener::Hander starting up
05-19 12:20:19.655 D/PackageManager( 2040): No files in app dir /data/app-private
05-19 12:20:19.685 D/PackageManager( 2040): No files in app dir /data/app-ephemeral
05-19 12:20:19.735 E/PackageManager( 2040): There should probably be exactly one setup wizard; found 0: matches=[]
05-19 12:20:19.736 W/PackageManager( 2040): Protected action; cap priority to 0; package: com.android.cts.priv.ctsshim activity: com.android.cts.priv.ctsshim.InstallPriority origPrio: 100
05-19 12:20:19.736 W/PackageManager( 2040): Protected action; cap priority to 0; package: com.android.cts.priv.ctsshim activity: com.android.cts.priv.ctsshim.InstallPriority origPrio: 100
05-19 12:20:19.736 W/PackageManager( 2040): Protected action; cap priority to 0; package: com.android.cts.priv.ctsshim activity: com.android.cts.priv.ctsshim.InstallPriority origPrio: 100
05-19 12:20:19.736 W/PackageManager( 2040): Protected action; cap priority to 0; package: com.android.cts.priv.ctsshim activity: com.android.cts.priv.ctsshim.InstallPriority origPrio: 100
05-19 12:20:19.736 W/PackageManager( 2040): Protected action; cap priority to 0; package: com.android.packageinstaller activity: com.android.packageinstaller.PackageInstallerActivity origPrio: 1
05-19 12:20:19.737 W/PackageManager( 2040): Package com.android.camera desires unavailable shared library com.google.android.media.effects; ignoring!
05-19 12:20:19.737 W/PackageManager( 2040): Package com.android.gallery3d desires unavailable shared library com.google.android.media.effects; ignoring!
05-19 12:20:19.737 W/PackageManager( 2040): Package com.android.gallery3d desires unavailable shared library com.google.android.media.effects; ignoring!
05-19 12:20:19.738 W/PackageManager( 2040): Package com.example.android.apis desires unavailable shared library com.example.will.never.exist; ignoring!
05-19 12:20:19.739 I/PackageManager( 2040): Adjusting ABI for com.android.providers.downloads to x86_64 (requirer=com.android.mtp, scannedPackage=null)
05-19 12:20:19.844 I/PackageManager( 2040): Adjusting ABI for com.android.providers.downloads.ui to x86_64 (requirer=com.android.mtp, scannedPackage=null)
05-19 12:20:19.847 I/PackageManager( 2040): Adjusting ABI for com.android.providers.media to x86_64 (requirer=com.android.mtp, scannedPackage=null)
05-19 12:20:19.849 I/PackageManager( 2040): Adjusting ABI for com.android.providers.settings to x86_64 (requirer=android, scannedPackage=null)
05-19 12:20:19.861 I/PackageManager( 2040): Adjusting ABI for com.android.settings to x86_64 (requirer=android, scannedPackage=null)
05-19 12:20:19.863 I/PackageManager( 2040): Adjusting ABI for com.android.keychain to x86_64 (requirer=android, scannedPackage=null)
05-19 12:20:19.865 I/PackageManager( 2040): Adjusting ABI for com.android.inputdevices to x86_64 (requirer=android, scannedPackage=null)
05-19 12:20:19.867 I/PackageManager( 2040): Adjusting ABI for com.android.location.fused to x86_64 (requirer=android, scannedPackage=null)
05-19 12:20:19.869 I/PackageManager( 2040): Adjusting ABI for com.android.server.telecom to x86_64 (requirer=android, scannedPackage=null)
05-19 12:20:19.881 I/PackageManager( 2040): Adjusting ABI for com.android.wallpaperbackup to x86_64 (requirer=android, scannedPackage=null)
05-19 12:20:19.913 I/PackageManager( 2040): Time to scan packages: 30.229 seconds
05-19 12:20:19.916 W/PackageManager( 2040): Unknown permission com.google.android.googleapps.permission.GOOGLE_AUTH in package com.android.providers.calendar
05-19 12:20:19.916 W/PackageManager( 2040): Unknown permission com.google.android.googleapps.permission.GOOGLE_AUTH.cl in package com.android.providers.calendar
05-19 12:20:19.918 W/PackageManager( 2040): Not granting permission android.permission.GLOBAL_SEARCH to package com.android.quicksearchbox (protectionLevel=18 flags=0x3808be45)
05-19 12:20:19.919 W/PackageManager( 2040): Not granting permission android.permission.WRITE_EXTERNAL_STORAGE to package gov.nasa.arc.astrobee.android.gs.manager because it was previously installed without
05-19 12:20:19.919 W/PackageManager( 2040): Not granting permission android.permission.READ_EXTERNAL_STORAGE to package gov.nasa.arc.astrobee.android.gs.manager because it was previously installed without
05-19 12:20:19.981 W/PackageManager( 2040): Unknown permission com.android.launcher.permission.READ_SETTINGS in package com.android.launcher3
05-19 12:20:19.981 W/PackageManager( 2040): Unknown permission com.android.launcher.permission.WRITE_SETTINGS in package com.android.launcher3
05-19 12:20:19.981 W/PackageManager( 2040): Not granting permission android.permission.BIND_APPWIDGET to package com.android.launcher3 (protectionLevel=18 flags=0x3c4bbe45)
05-19 12:20:19.981 W/PackageManager( 2040): Unknown permission com.google.android.googleapps.permission.GOOGLE_AUTH.mail in package com.android.calendar
05-19 12:20:19.981 W/PackageManager( 2040): Unknown permission com.google.android.providers.settings.permission.WRITE_GSETTINGS in package com.android.sdksetup
05-19 12:20:19.983 W/PackageManager( 2040): Unknown permission com.google.android.permission.INSTALL_WEARABLE_PACKAGES in package com.android.packageinstaller
05-19 12:20:19.983 W/PackageManager( 2040): Not granting permission android.permission.DELETE_PACKAGES to package com.svox.pico (protectionLevel=18 flags=0x3808be45)
05-19 12:20:19.983 W/PackageManager( 2040): Not granting permission android.permission.READ_CONTACTS to package com.example.android.apis because it was previously installed without
05-19 12:20:19.983 W/PackageManager( 2040): Not granting permission android.permission.WRITE_CONTACTS to package com.example.android.apis because it was previously installed without
05-19 12:20:19.983 W/PackageManager( 2040): Not granting permission android.permission.ACCESS_COARSE_LOCATION to package com.example.android.apis because it was previously installed without
05-19 12:20:19.983 W/PackageManager( 2040): Not granting permission android.permission.WRITE_EXTERNAL_STORAGE to package com.example.android.apis because it was previously installed without
05-19 12:20:19.983 W/PackageManager( 2040): Not granting permission android.permission.SEND_SMS to package com.example.android.apis because it was previously installed without
05-19 12:20:19.983 W/PackageManager( 2040): Not granting permission android.permission.RECEIVE_SMS to package com.example.android.apis because it was previously installed without
05-19 12:20:19.983 W/PackageManager( 2040): Not granting permission android.permission.RECEIVE_MMS to package com.example.android.apis because it was previously installed without
05-19 12:20:19.983 W/PackageManager( 2040): Not granting permission android.permission.READ_SMS to package com.example.android.apis because it was previously installed without
05-19 12:20:19.983 W/PackageManager( 2040): Not granting permission android.permission.READ_PHONE_STATE to package com.example.android.apis because it was previously installed without
05-19 12:20:19.984 W/PackageManager( 2040): Not granting permission android.permission.RECORD_AUDIO to package com.example.android.apis because it was previously installed without
05-19 12:20:19.984 W/PackageManager( 2040): Not granting permission android.permission.CAMERA to package com.example.android.apis because it was previously installed without
05-19 12:20:19.984 W/PackageManager( 2040): Not granting permission android.permission.READ_EXTERNAL_STORAGE to package com.example.android.apis because it was previously installed without
05-19 12:20:19.984 W/PackageManager( 2040): Unknown permission android.permission.RUN_INSTRUMENTATION in package org.chromium.webview_shell
05-19 12:20:19.984 W/PackageManager( 2040): Not granting permission android.permission.CAMERA to package jp.jaxa.iss.kibo.rpc.sampleapk because it was previously installed without
05-19 12:20:19.984 W/PackageManager( 2040): Not granting permission android.permission.WRITE_EXTERNAL_STORAGE to package jp.jaxa.iss.kibo.rpc.sampleapk because it was previously installed without
05-19 12:20:19.984 W/PackageManager( 2040): Not granting permission android.permission.READ_EXTERNAL_STORAGE to package jp.jaxa.iss.kibo.rpc.sampleapk because it was previously installed without
05-19 12:20:19.985 W/PackageManager( 2040): Unknown permission com.google.android.googleapps.permission.GOOGLE_AUTH in package com.android.settings
05-19 12:20:19.985 W/PackageManager( 2040): Unknown permission com.android.launcher.permission.READ_SETTINGS in package com.android.settings
05-19 12:20:19.985 W/PackageManager( 2040): Unknown permission com.android.launcher.permission.WRITE_SETTINGS in package com.android.settings
05-19 12:20:19.986 W/PackageManager( 2040): Unknown permission com.android.smspush.WAPPUSH_MANAGER_BIND in package com.android.phone
05-19 12:20:19.987 W/PackageManager( 2040): Unknown permission com.google.android.googleapps.permission.ACCESS_GOOGLE_PASSWORD in package com.android.development
05-19 12:20:19.987 W/PackageManager( 2040): Unknown permission com.google.android.googleapps.permission.GOOGLE_AUTH in package com.android.development
05-19 12:20:19.987 W/PackageManager( 2040): Unknown permission com.google.android.googleapps.permission.GOOGLE_AUTH.ALL_SERVICES in package com.android.development
05-19 12:20:19.987 W/PackageManager( 2040): Unknown permission com.google.android.googleapps.permission.GOOGLE_AUTH.YouTubeUser in package com.android.development
05-19 12:20:19.988 W/PackageManager( 2040): Not granting permission android.permission.BIND_APPWIDGET to package com.android.widgetpreview (protectionLevel=18 flags=0x3808be44)
05-19 12:20:19.989 V/PackageManager( 2040): reconcileAppsData for null u0 0x3
05-19 12:20:20.089 I/SELinux ( 1327): SELinux: Loaded file_contexts contexts from /file_contexts.bin.
05-19 12:20:25.062 V/PackageManager( 2040): reconcileAppsData finished 82 packages
05-19 12:20:25.613 E/PackageManager( 2040): There should probably be a verifier, but, none were found
05-19 12:20:25.721 D/PackageManager( 2040): Ephemeral resolver NOT found; no matching intent filters
05-19 12:20:25.723 I/PackageManager( 2040): Ephemeral deactivated; missing resolver and installer
05-19 12:20:25.727 I/art     ( 2040): Starting a blocking GC Explicit
05-19 12:20:25.735 W/art     ( 2040): Long monitor contention with owner main (2040) at int android.net.LocalSocketImpl.readba_native(byte[], int, int, java.io.FileDescriptor)(LocalSocketImpl.java:-2) waiters=0 in void com.android.server.pm.Settings$RuntimePermissionPersistence.writePermissionsSync(int) for 4.239s
05-19 12:20:25.981 I/art     ( 2040): Explicit concurrent mark sweep GC freed 38230(2MB) AllocSpace objects, 4(80KB) LOS objects, 33% free, 7MB/11MB, paused 4.263ms total 238.686ms
05-19 12:20:26.006 I/SystemServer( 2040): StartOtaDexOptService
05-19 12:20:26.115 I/SystemServer( 2040): StartUserManagerService
05-19 12:20:26.116 I/SystemServiceManager( 2040): Starting com.android.server.pm.UserManagerService$LifeCycle
05-19 12:20:26.345 I/lowmemorykiller( 1317): ActivityManager connected
05-19 12:20:26.405 D/SensorService( 2040): nuSensorService starting...
05-19 12:20:26.473 D/SensorService( 2040): nuSensorService thread starting...
05-19 12:20:26.484 I/SystemServiceManager( 2040): Starting com.android.server.BatteryService
05-19 12:20:26.487 D/SensorService( 2040): new thread SensorEventAckReceiver
05-19 12:20:26.567 I/SystemServiceManager( 2040): Starting com.android.server.usage.UsageStatsService
05-19 12:20:26.730 I/SystemServiceManager( 2040): Starting com.android.server.webkit.WebViewUpdateService
05-19 12:20:26.826 I/SystemServer( 2040): Reading configuration...
05-19 12:20:26.826 I/SystemServer( 2040): StartSchedulingPolicyService
05-19 12:20:26.829 I/SystemServiceManager( 2040): Starting com.android.server.telecom.TelecomLoaderService
05-19 12:20:26.852 I/SystemServer( 2040): StartTelephonyRegistry
05-19 12:20:26.915 I/SystemServer( 2040): StartEntropyMixer
05-19 12:20:26.997 I/EntropyMixer( 2040): Writing entropy...
05-19 12:20:27.139 I/SystemServer( 2040): Camera Service
05-19 12:20:27.171 I/SystemServiceManager( 2040): Starting com.android.server.camera.CameraService
05-19 12:20:27.193 I/ServiceThread( 2040): Enabled StrictMode logging for CameraService_proxy looper.
05-19 12:20:27.204 I/SystemServer( 2040): StartAccountManagerService
05-19 12:20:27.210 I/SystemServiceManager( 2040): Starting com.android.server.accounts.AccountManagerService$Lifecycle
05-19 12:20:27.360 I/SystemServer( 2040): StartContentService
05-19 12:20:27.368 I/SystemServiceManager( 2040): Starting com.android.server.content.ContentService$Lifecycle
05-19 12:20:27.480 I/SystemServer( 2040): InstallSystemProviders
05-19 12:20:27.568 W/System  ( 2040): ClassLoader referenced unknown path: /system/priv-app/SettingsProvider/lib/x86_64
05-19 12:20:27.889 I/SystemServer( 2040): StartVibratorService
05-19 12:20:27.902 E/VibratorService( 2040): Couldn't load vibrator module (No such file or directory)
05-19 12:20:27.902 W/VibratorService( 2040): Tried to stop vibrating but there is no vibrator device.
05-19 12:20:27.908 I/SystemServer( 2040): StartConsumerIrService
05-19 12:20:27.909 E/ConsumerIrService( 2040): Can't open consumer IR HW Module, error: -2
05-19 12:20:27.912 I/SystemServer( 2040): StartAlarmManagerService
05-19 12:20:27.912 I/SystemServiceManager( 2040): Starting com.android.server.AlarmManagerService
05-19 12:20:27.927 W/AlarmManagerService( 2040): no wall clock RTC found
