05-19 12:18:41.237 D/audio_hw_generic( 1324): set ctl 0 to 1
05-19 12:18:41.238 D/audio_hw_generic( 1324): set ctl 1 to 1
05-19 12:18:41.238 D/audio_hw_generic( 1324): mixer 2 name Capture Volume
05-19 12:18:41.238 D/audio_hw_generic( 1324): set ctl 0 to 100
05-19 12:18:41.238 D/audio_hw_generic( 1324): set ctl 1 to 100
05-19 12:18:41.238 D/audio_hw_generic( 1324): mixer 3 name Capture Switch
05-19 12:18:41.238 D/audio_hw_generic( 1324): set ctl 0 to 1
05-19 12:18:41.238 D/audio_hw_generic( 1324): set ctl 1 to 1
05-19 12:18:41.238 D/audio_hw_generic( 1324): mixer 4 name Line Phantom Jack
05-19 12:18:41.238 D/audio_hw_generic( 1324): mixer 5 name Line Out Phantom Jack
05-19 12:18:41.238 D/audio_hw_generic( 1324): mixer 6 name Playback Channel Map
05-19 12:18:41.238 D/audio_hw_generic( 1324): mixer 7 name Capture Channel Map
05-19 12:18:41.239 I/AudioFlinger( 1324): loadHwModule() Loaded primary audio interface from Generic audio HW HAL (audio) handle 10
05-19 12:18:41.279 I/AudioFlinger( 1324): openOutput(), module 10 Device 2, SamplingRate 48000, Format 0x000001, Channels 3, flags 2
05-19 12:18:41.337 I/AudioFlinger( 1324): HAL output buffer size 720 frames, normal sink buffer size 1152 frames
05-19 12:18:37.580 W/bootanimation( 1588): type=1400 audit(0.0:9): avc: denied { getattr } for path="/vendor" dev="rootfs" ino=3997 scontext=u:r:bootanim:s0 tcontext=u:object_r:rootfs:s0 tclass=lnk_file permissive=0
05-19 12:18:41.521 D/EmulatedCamera_QemuClient( 1325): Emulated camera list: 
05-19 12:18:41.523 D/EmulatedCamera_FakeCamera( 1325): Initialize: Fake camera is facing back
05-19 12:18:41.525 V/EmulatedCamera_Device( 1325): initializeWhiteBalanceModes with auto, 1.000000, 1.000000
05-19 12:18:41.525 V/EmulatedCamera_Device( 1325): initializeWhiteBalanceModes with incandescent, 1.380000, 0.600000
05-19 12:18:41.525 V/EmulatedCamera_Device( 1325): initializeWhiteBalanceModes with daylight, 1.090000, 0.920000
05-19 12:18:41.526 V/EmulatedCamera_Device( 1325): initializeWhiteBalanceModes with twilight, 0.920000, 1.220000
05-19 12:18:41.526 V/EmulatedCamera_Device( 1325): setWhiteBalanceMode with white balance auto
05-19 12:18:41.526 E/EmulatedCamera_Factory( 1325): 1 cameras are being emulated. 0 of them are fake cameras.
05-19 12:18:41.527 E/EmulatedCamera_HotplugThread( 1325): createFileIfNotExists: Could not create file '/data/misc/media/emulator.camera.hotplug.0', error: 'Permission denied' (13)
05-19 12:18:41.591 I/CameraService( 1325): Loaded "Emulated Camera Module" camera module
05-19 12:18:41.592 E/CameraService( 1325): setUpVendorTags: Vendor tag operations not fully defined. Ignoring definitions.
05-19 12:18:41.592 V/EmulatedCamera_Camera( 1325): getCameraInfo
05-19 12:18:41.592 V/EmulatedCamera_BaseCamera( 1325): getCameraInfo
05-19 12:18:41.593 I/CameraFlashlight( 1325): Opening camera 0
05-19 12:18:41.593 V/EmulatedCamera_Camera( 1325): getCameraInfo
05-19 12:18:41.593 V/EmulatedCamera_BaseCamera( 1325): getCameraInfo
05-19 12:18:41.593 V/EmulatedCamera_Camera( 1325): connectCamera
05-19 12:18:41.594 V/EmulatedCamera_FakeDevice( 1325): connectDevice
05-19 12:18:41.594 V/EmulatedCamera_CallbackNotifier( 1325): setCallbacks: 0xf14ffe80, 0xf14ffed0, 0xf14ffff0, 0xf1500110 (0xf1343140)
05-19 12:18:41.659 V/EmulatedCamera_Preview( 1325): setPreviewWindow: current: 0x0 -> new: 0xf1343150
05-19 12:18:41.659 V/EmulatedCamera_Preview( 1325): setPreviewWindow: current: 0xf1343150 -> new: 0x0
05-19 12:18:41.660 V/EmulatedCamera_Camera( 1325): doStopPreview
05-19 12:18:41.691 V/EmulatedCamera_Preview( 1325): setPreviewWindow: current: 0x0 -> new: 0x0
05-19 12:18:41.691 V/EmulatedCamera_Camera( 1325): releaseCamera
05-19 12:18:41.691 V/EmulatedCamera_Camera( 1325): doStopPreview
05-19 12:18:41.691 V/EmulatedCamera_FakeDevice( 1325): disconnectDevice
05-19 12:18:41.691 W/EmulatedCamera_Device( 1325): Initialize: Emulated camera device is already initialized: mState = 1
05-19 12:18:41.692 D/EmulatedCamera_FakeCamera( 1325): Initialize: Fake camera is facing back
05-19 12:18:41.693 V/EmulatedCamera_Device( 1325): initializeWhiteBalanceModes with auto, 1.000000, 1.000000
05-19 12:18:41.693 V/EmulatedCamera_Device( 1325): initializeWhiteBalanceModes with incandescent, 1.380000, 0.600000
05-19 12:18:41.693 V/EmulatedCamera_Device( 1325): initializeWhiteBalanceModes with daylight, 1.090000, 0.920000
05-19 12:18:41.693 V/EmulatedCamera_Device( 1325): initializeWhiteBalanceModes with twilight, 0.920000, 1.220000
05-19 12:18:41.693 V/EmulatedCamera_Device( 1325): setWhiteBalanceMode with white balance auto
05-19 12:18:41.693 I/CameraFlashlight( 1325): Destroying camera 0
05-19 12:18:41.694 V/EmulatedCamera_Camera( 1325): closeCamera
05-19 12:18:41.694 V/EmulatedCamera_Camera( 1325): doStopPreview
05-19 12:18:41.694 W/EmulatedCamera_Device( 1325): Initialize: Emulated camera device is already initialized: mState = 1
05-19 12:18:41.694 D/EmulatedCamera_FakeCamera( 1325): Initialize: Fake camera is facing back
05-19 12:18:41.694 V/EmulatedCamera_Device( 1325): initializeWhiteBalanceModes with auto, 1.000000, 1.000000
05-19 12:18:41.694 V/EmulatedCamera_Device( 1325): initializeWhiteBalanceModes with incandescent, 1.380000, 0.600000
05-19 12:18:41.694 V/EmulatedCamera_Device( 1325): initializeWhiteBalanceModes with daylight, 1.090000, 0.920000
05-19 12:18:41.694 V/EmulatedCamera_Device( 1325): initializeWhiteBalanceModes with twilight, 0.920000, 1.220000
05-19 12:18:41.694 V/EmulatedCamera_Device( 1325): setWhiteBalanceMode with white balance auto
05-19 12:18:41.697 V/EmulatedCamera_Camera( 1325): getCameraInfo
05-19 12:18:41.697 V/EmulatedCamera_BaseCamera( 1325): getCameraInfo
05-19 12:18:41.710 I/ServiceManager( 1325): Waiting for service media.camera.proxy...
05-19 12:18:41.817 I/BufferProvider( 1324): found effect "Multichannel Downmix To Stereo" from The Android Open Source Project
05-19 12:18:41.962 I/AudioFlinger( 1324): Using module 10 has the primary audio interface
05-19 12:18:42.001 I/AudioFlinger( 1324): AudioFlinger's thread 0xf1803340 ready to run
05-19 12:18:42.003 W/BatteryNotifier( 1324): batterystats service unavailable!
05-19 12:18:42.005 W/BatteryNotifier( 1324): batterystats service unavailable!
05-19 12:18:42.021 W/BatteryNotifier( 1324): batterystats service unavailable!
05-19 12:18:42.033 W/AudioFlinger( 1324): no wake lock to update, system not ready yet
05-19 12:18:42.116 I/mediaserver( 1331): ServiceManager: 0xe7dbc0a0
05-19 12:18:42.139 I/AudioFlinger( 1324): AudioFlinger's thread 0xf1303240 ready to run
05-19 12:18:42.194 I/mediaserver( 1333): ServiceManager: 0xe68bc0a0
05-19 12:18:42.251 W/BatteryNotifier( 1333): batterystats service unavailable!
05-19 12:18:42.303 I/r_submix( 1324): adev_open(name=audio_hw_if)
05-19 12:18:42.304 I/r_submix( 1324): adev_init_check()
05-19 12:18:42.304 I/AudioFlinger( 1324): loadHwModule() Loaded r_submix audio interface from Wifi Display audio HAL (audio) handle 18
05-19 12:18:42.304 D/r_submix( 1324): adev_open_input_stream(addr=0)
05-19 12:18:42.305 D/r_submix( 1324): submix_audio_device_create_pipe_l(addr=0, idx=9)
05-19 12:18:42.305 D/r_submix( 1324):   now using address 0 for route 9
05-19 12:18:42.313 I/AudioFlinger( 1324): AudioFlinger's thread 0xf14035c0 ready to run
05-19 12:18:42.314 D/r_submix( 1324): adev_close_input_stream()
05-19 12:18:42.315 D/r_submix( 1324): submix_audio_device_release_pipe_l(idx=9) addr=0
05-19 12:18:42.315 D/r_submix( 1324): submix_audio_device_destroy_pipe_l(): pipe destroyed
05-19 12:18:42.330 I/RadioService( 1324): RadioService
05-19 12:18:42.331 I/RadioService( 1324): onFirstRef
05-19 12:18:42.331 E/RadioService( 1324): couldn't load radio module radio.primary (No such file or directory)
05-19 12:18:42.333 E/SoundTriggerHwService( 1324): couldn't load sound trigger module sound_trigger.primary (No such file or directory)
05-19 12:18:42.714 I/ServiceManager( 1325): Waiting for service media.camera.proxy...
05-19 12:18:43.720 I/ServiceManager( 1325): Waiting for service media.camera.proxy...
05-19 12:18:44.723 I/ServiceManager( 1325): Waiting for service media.camera.proxy...
05-19 12:18:45.031 W/BatteryNotifier( 1324): batterystats service unavailable!
05-19 12:18:45.740 I/ServiceManager( 1325): Waiting for service media.camera.proxy...
05-19 12:18:49.783 E/SurfaceFlinger( 1319): ro.sf.lcd_density must be defined as a build property
05-19 12:18:49.858 D/libEGL  ( 1588): Emulator without GPU support detected. Fallback to legacy software renderer, qemu.gles is set to 0.
05-19 12:18:49.897 D/libEGL  ( 1588): loaded /system/lib64/egl/libGLES_android.so
05-19 12:18:50.395 D/gralloc_ranchu( 1588): Emulator without host-side GPU emulation detected. Loading gralloc.default.so from /vendor/lib64/hw/gralloc.goldfish.default.so...
05-19 12:18:50.398 D/gralloc_ranchu( 1588): gralloc.default.so not found in /vendor. Trying /system/lib64/hw/gralloc.goldfish.default.so...
05-19 12:18:51.013 D/AndroidRuntime( 1323): >>>>>> START com.android.internal.os.ZygoteInit uid 0 <<<<<<
05-19 12:18:51.297 D/AndroidRuntime( 1322): >>>>>> START com.android.internal.os.ZygoteInit uid 0 <<<<<<
05-19 12:18:51.433 D/AndroidRuntime( 1323): CheckJNI is ON
05-19 12:18:51.621 I/art     ( 1323): option[0]=-Xzygote
05-19 12:18:51.621 I/art     ( 1323): option[1]=-Xcheck:jni
05-19 12:18:51.621 I/art     ( 1323): option[2]=-Xstacktracefile:/data/anr/traces.txt
05-19 12:18:51.621 I/art     ( 1323): option[3]=exit
05-19 12:18:51.621 I/art     ( 1323): option[4]=vfprintf
05-19 12:18:51.621 I/art     ( 1323): option[5]=sensitiveThread
05-19 12:18:51.621 I/art     ( 1323): option[6]=-verbose:gc
05-19 12:18:51.621 I/art     ( 1323): option[7]=-Xms4m
05-19 12:18:51.621 I/art     ( 1323): option[8]=-Xmx256m
05-19 12:18:51.621 I/art     ( 1323): option[9]=-Xusejit:true
05-19 12:18:51.622 I/art     ( 1323): option[10]=-Xjitsaveprofilinginfo
05-19 12:18:51.622 I/art     ( 1323): option[11]=-agentlib:jdwp=transport=dt_android_adb,suspend=n,server=y
05-19 12:18:51.622 I/art     ( 1323): option[12]=-Xlockprofthreshold:500
05-19 12:18:51.622 I/art     ( 1323): option[13]=-Ximage-compiler-option
05-19 12:18:51.622 I/art     ( 1323): option[14]=--runtime-arg
05-19 12:18:51.622 I/art     ( 1323): option[15]=-Ximage-compiler-option
05-19 12:18:51.622 I/art     ( 1323): option[16]=-Xms64m
05-19 12:18:51.622 I/art     ( 1323): option[17]=-Ximage-compiler-option
05-19 12:18:51.622 I/art     ( 1323): option[18]=--runtime-arg
05-19 12:18:51.622 I/art     ( 1323): option[19]=-Ximage-compiler-option
05-19 12:18:51.622 I/art     ( 1323): option[20]=-Xmx64m
05-19 12:18:51.622 I/art     ( 1323): option[21]=-Ximage-compiler-option
05-19 12:18:51.622 I/art     ( 1323): option[22]=--image-classes=/system/etc/preloaded-classes
05-19 12:18:51.622 I/art     ( 1323): option[23]=-Ximage-compiler-option
05-19 12:18:51.622 I/art     ( 1323): option[24]=--compiled-classes=/system/etc/compiled-classes
05-19 12:18:51.622 I/art     ( 1323): option[25]=-Xcompiler-option
05-19 12:18:51.623 I/art     ( 1323): option[26]=--runtime-arg
05-19 12:18:51.623 I/art     ( 1323): option[27]=-Xcompiler-option
05-19 12:18:51.623 I/art     ( 1323): option[28]=-Xms64m
05-19 12:18:51.623 I/art     ( 1323): option[29]=-Xcompiler-option
05-19 12:18:51.623 I/art     ( 1323): option[30]=--runtime-arg
05-19 12:18:51.623 I/art     ( 1323): option[31]=-Xcompiler-option
05-19 12:18:51.623 I/art     ( 1323): option[32]=-Xmx512m
05-19 12:18:51.623 I/art     ( 1323): option[33]=-Ximage-compiler-option
05-19 12:18:51.623 I/art     ( 1323): option[34]=--instruction-set-variant=x86
05-19 12:18:51.623 I/art     ( 1323): option[35]=-Xcompiler-option
05-19 12:18:51.623 I/art     ( 1323): option[36]=--instruction-set-variant=x86
05-19 12:18:51.623 I/art     ( 1323): option[37]=-Ximage-compiler-option
05-19 12:18:51.623 I/art     ( 1323): option[38]=--instruction-set-features=default
05-19 12:18:51.623 I/art     ( 1323): option[39]=-Xcompiler-option
05-19 12:18:51.623 I/art     ( 1323): option[40]=--instruction-set-features=default
05-19 12:18:51.623 I/art     ( 1323): option[41]=-Duser.locale=en-US
05-19 12:18:51.623 I/art     ( 1323): option[42]=--cpu-abilist=x86
05-19 12:18:51.623 I/art     ( 1323): option[43]=-Xfingerprint:Android/sdk_phone_x86_64/generic_x86_64:7.1.1/NYC/4931657:userdebug/test-keys
05-19 12:18:51.952 D/AndroidRuntime( 1322): CheckJNI is ON
05-19 12:18:52.010 I/art     ( 1322): option[0]=-Xzygote
05-19 12:18:52.010 I/art     ( 1322): option[1]=-Xcheck:jni
05-19 12:18:52.011 I/art     ( 1322): option[2]=-Xstacktracefile:/data/anr/traces.txt
05-19 12:18:52.011 I/art     ( 1322): option[3]=exit
05-19 12:18:52.011 I/art     ( 1322): option[4]=vfprintf
05-19 12:18:52.011 I/art     ( 1322): option[5]=sensitiveThread
05-19 12:18:52.011 I/art     ( 1322): option[6]=-verbose:gc
05-19 12:18:52.011 I/art     ( 1322): option[7]=-Xms4m
05-19 12:18:52.011 I/art     ( 1322): option[8]=-Xmx256m
05-19 12:18:52.011 I/art     ( 1322): option[9]=-Xusejit:true
05-19 12:18:52.011 I/art     ( 1322): option[10]=-Xjitsaveprofilinginfo
05-19 12:18:52.011 I/art     ( 1322): option[11]=-agentlib:jdwp=transport=dt_android_adb,suspend=n,server=y
05-19 12:18:52.011 I/art     ( 1322): option[12]=-Xlockprofthreshold:500
05-19 12:18:52.011 I/art     ( 1322): option[13]=-Ximage-compiler-option
05-19 12:18:52.011 I/art     ( 1322): option[14]=--runtime-arg
05-19 12:18:52.011 I/art     ( 1322): option[15]=-Ximage-compiler-option
05-19 12:18:52.011 I/art     ( 1322): option[16]=-Xms64m
05-19 12:18:52.011 I/art     ( 1322): option[17]=-Ximage-compiler-option
05-19 12:18:52.011 I/art     ( 1322): option[18]=--runtime-arg
05-19 12:18:52.012 I/art     ( 1322): option[19]=-Ximage-compiler-option
05-19 12:18:52.012 I/art     ( 1322): option[20]=-Xmx64m
05-19 12:18:52.012 I/art     ( 1322): option[21]=-Ximage-compiler-option
05-19 12:18:52.012 I/art     ( 1322): option[22]=--image-classes=/system/etc/preloaded-classes
05-19 12:18:52.012 I/art     ( 1322): option[23]=-Ximage-compiler-option
05-19 12:18:52.012 I/art     ( 1322): option[24]=--compiled-classes=/system/etc/compiled-classes
05-19 12:18:52.012 I/art     ( 1322): option[25]=-Xcompiler-option
05-19 12:18:52.012 I/art     ( 1322): option[26]=--runtime-arg
05-19 12:18:52.012 I/art     ( 1322): option[27]=-Xcompiler-option
05-19 12:18:52.012 I/art     ( 1322): option[28]=-Xms64m
05-19 12:18:52.012 I/art     ( 1322): option[29]=-Xcompiler-option
05-19 12:18:52.012 I/art     ( 1322): option[30]=--runtime-arg
05-19 12:18:52.012 I/art     ( 1322): option[31]=-Xcompiler-option
05-19 12:18:52.012 I/art     ( 1322): option[32]=-Xmx512m
05-19 12:18:52.012 I/art     ( 1322): option[33]=-Ximage-compiler-option
05-19 12:18:52.012 I/art     ( 1322): option[34]=--instruction-set-variant=x86_64
05-19 12:18:52.012 I/art     ( 1322): option[35]=-Xcompiler-option
05-19 12:18:52.012 I/art     ( 1322): option[36]=--instruction-set-variant=x86_64
05-19 12:18:52.012 I/art     ( 1322): option[37]=-Ximage-compiler-option
05-19 12:18:52.012 I/art     ( 1322): option[38]=--instruction-set-features=default
05-19 12:18:52.012 I/art     ( 1322): option[39]=-Xcompiler-option
05-19 12:18:52.012 I/art     ( 1322): option[40]=--instruction-set-features=default
05-19 12:18:52.012 I/art     ( 1322): option[41]=-Duser.locale=en-US
05-19 12:18:52.012 I/art     ( 1322): option[42]=--cpu-abilist=x86_64
05-19 12:18:52.012 I/art     ( 1322): option[43]=-Xfingerprint:Android/sdk_phone_x86_64/generic_x86_64:7.1.1/NYC/4931657:userdebug/test-keys
05-19 12:18:58.096 E/hostapd ( 1893): Configuration file: /system/etc/simulated_hostapd.conf
05-19 12:18:58.249 D/ICU     ( 1323): No timezone override file found: /data/misc/zoneinfo/current/icu/icu_tzdata.dat
05-19 12:18:58.671 I/hostapd ( 1893): rfkill: Cannot get wiphy information
05-19 12:18:58.674 I/hostapd ( 1893): nl80211: Could not re-add multicast membership for vendor events: -2 (No such file or directory)
05-19 12:18:58.675 I/hostapd ( 1893): wlan1: interface state UNINITIALIZED->COUNTRY_UPDATE
05-19 12:18:59.152 D/ICU     ( 1322): No timezone override file found: /data/misc/zoneinfo/current/icu/icu_tzdata.dat
05-19 12:19:00.425 E/ipv6proxy( 1884): Failed to forward Router Advertisement from eth0 to wlan1: Network is unreachable
05-19 12:19:00.426 E/ipv6proxy( 1884): Failed to forward Router Advertisement from eth0 to radio0-peer: Cannot assign requested address
05-19 12:19:02.154 E/memtrack( 1323): Couldn't load memtrack module (No such file or directory)
05-19 12:19:02.155 E/android.os.Debug( 1323): failed to load memtrack module: -2
05-19 12:19:02.172 E/memtrack( 1322): Couldn't load memtrack module (No such file or directory)
05-19 12:19:02.173 E/android.os.Debug( 1322): failed to load memtrack module: -2
05-19 12:19:02.237 I/Radio-JNI( 1323): register_android_hardware_Radio DONE
05-19 12:19:02.291 I/Radio-JNI( 1322): register_android_hardware_Radio DONE
05-19 12:19:02.470 I/SamplingProfilerIntegration( 1322): Profiling disabled.
05-19 12:19:02.482 D/Zygote  ( 1322): begin preload
05-19 12:19:02.482 I/Zygote  ( 1322): Installing ICU cache reference pinning...
05-19 12:19:02.490 I/Zygote  ( 1322): Preloading ICU data...
05-19 12:19:02.790 I/SamplingProfilerIntegration( 1323): Profiling disabled.
05-19 12:19:02.924 D/Zygote  ( 1323): begin preload
05-19 12:19:02.924 I/Zygote  ( 1323): Installing ICU cache reference pinning...
05-19 12:19:02.940 I/Zygote  ( 1323): Preloading ICU data...
05-19 12:19:03.716 I/hostapd ( 1893): wlan1: interface state COUNTRY_UPDATE->HT_SCAN
05-19 12:19:04.114 I/Zygote  ( 1322): Preloading classes...
05-19 12:19:04.260 I/Zygote  ( 1323): Preloading classes...
05-19 12:19:04.285 W/Zygote  ( 1322): Class not found for preloading: [Landroid.view.Display$ColorTransform;
05-19 12:19:04.420 E/ipv6proxy( 1884): Failed to forward Router Advertisement from eth0 to wlan1: Network is unreachable
05-19 12:19:04.493 W/Zygote  ( 1323): Class not found for preloading: [Landroid.view.Display$ColorTransform;
05-19 12:19:05.173 E/hostapd ( 1893): Using interface wlan1 with hwaddr 02:00:00:00:01:00 and ssid "AndroidWifi"
05-19 12:19:05.212 I/hostapd ( 1893): wlan1: interface state HT_SCAN->ENABLED
05-19 12:19:05.213 I/hostapd ( 1893): wlan1: AP-ENABLED 
05-19 12:19:09.136 E/Typeface( 1322): Error mapping font file /system/fonts/DroidSansFallback.ttf
05-19 12:19:09.697 E/Typeface( 1323): Error mapping font file /system/fonts/DroidSansFallback.ttf
05-19 12:19:13.862 W/art     ( 1322): Suspending all threads took: 12.628ms
05-19 12:19:14.073 I/art     ( 1322): Background concurrent mark sweep GC freed 21948(2MB) AllocSpace objects, 36(676KB) LOS objects, 33% free, 2MB/3MB, paused 16.564ms total 261.520ms
05-19 12:19:14.930 I/art     ( 1322): Thread[1,tid=1322,Native,Thread*=0x7c9392295a00,peer=0x12c060d0,"main"] recursive attempt to load library "/system/lib64/libmedia_jni.so"
05-19 12:19:14.941 D/MtpDeviceJNI( 1322): register_android_mtp_MtpDevice
05-19 12:19:14.952 I/art     ( 1322): Thread[1,tid=1322,Native,Thread*=0x7c9392295a00,peer=0x12c060d0,"main"] recursive attempt to load library "/system/lib64/libmedia_jni.so"
05-19 12:19:14.953 I/art     ( 1322): Thread[1,tid=1322,Native,Thread*=0x7c9392295a00,peer=0x12c060d0,"main"] recursive attempt to load library "/system/lib64/libmedia_jni.so"
05-19 12:19:15.190 I/art     ( 1323): Background concurrent mark sweep GC freed 21947(2MB) AllocSpace objects, 83(1504KB) LOS objects, 33% free, 2MB/3MB, paused 3.054ms total 386.800ms
05-19 12:19:15.600 W/art     ( 1323): Suspending all threads took: 14.291ms
05-19 12:19:15.645 I/art     ( 1323): Background sticky concurrent mark sweep GC freed 199(1266KB) AllocSpace objects, 42(812KB) LOS objects, 52% free, 1527KB/3MB, paused 15.372ms total 160.195ms
05-19 12:19:16.382 I/art     ( 1323): Thread[1,tid=1323,Native,Thread*=0xefa0b400,peer=0x12c060d0,"main"] recursive attempt to load library "/system/lib/libmedia_jni.so"
05-19 12:19:16.442 D/MtpDeviceJNI( 1323): register_android_mtp_MtpDevice
05-19 12:19:16.445 I/art     ( 1323): Thread[1,tid=1323,Native,Thread*=0xefa0b400,peer=0x12c060d0,"main"] recursive attempt to load library "/system/lib/libmedia_jni.so"
05-19 12:19:16.446 I/art     ( 1323): Thread[1,tid=1323,Native,Thread*=0xefa0b400,peer=0x12c060d0,"main"] recursive attempt to load library "/system/lib/libmedia_jni.so"
05-19 12:19:17.711 W/Zygote  ( 1322): Class not found for preloading: android.view.Display$ColorTransform
05-19 12:19:17.712 W/Zygote  ( 1322): Class not found for preloading: android.view.Display$ColorTransform$1
05-19 12:19:19.010 I/art     ( 1322): Background concurrent mark sweep GC freed 13596(2MB) AllocSpace objects, 14(224KB) LOS objects, 41% free, 1420KB/2MB, paused 443us total 418.623ms
05-19 12:19:19.339 W/Zygote  ( 1323): Class not found for preloading: android.view.Display$ColorTransform
05-19 12:19:19.339 W/Zygote  ( 1323): Class not found for preloading: android.view.Display$ColorTransform$1
05-19 12:19:21.133 I/System  ( 1322): Loaded time zone names for "" in 1555ms (1448ms in ICU)
05-19 12:19:21.711 I/art     ( 1323): Background concurrent mark sweep GC freed 19391(1588KB) AllocSpace objects, 8(140KB) LOS objects, 41% free, 1445KB/2MB, paused 10.766ms total 131.093ms
05-19 12:19:21.717 I/System  ( 1322): Loaded time zone names for "en_US" in 583ms (580ms in ICU)
05-19 12:19:22.563 I/art     ( 1322): Background sticky concurrent mark sweep GC freed 12810(728KB) AllocSpace objects, 0(0B) LOS objects, 34% free, 1602KB/2MB, paused 259us total 155.557ms
05-19 12:19:23.020 I/Zygote  ( 1322): ...preloaded 4158 classes in 18885ms.
05-19 12:19:23.024 I/art     ( 1322): VMRuntime.preloadDexCaches starting
05-19 12:19:23.402 I/System  ( 1323): Loaded time zone names for "" in 1571ms (1465ms in ICU)
05-19 12:19:24.058 I/System  ( 1323): Loaded time zone names for "en_US" in 653ms (565ms in ICU)
05-19 12:19:24.523 I/art     ( 1322): VMRuntime.preloadDexCaches strings total=283712 before=39625 after=39625
05-19 12:19:24.523 I/art     ( 1322): VMRuntime.preloadDexCaches types total=23581 before=7877 after=7904
05-19 12:19:24.523 I/art     ( 1322): VMRuntime.preloadDexCaches fields total=112007 before=40903 after=41117
05-19 12:19:24.523 I/art     ( 1322): VMRuntime.preloadDexCaches methods total=197534 before=82457 after=83017
05-19 12:19:24.523 I/art     ( 1322): VMRuntime.preloadDexCaches finished
05-19 12:19:24.529 I/Zygote  ( 1322): Preloading resources...
05-19 12:19:26.191 W/Resources( 1322): Preloaded drawable resource #0x108025c (android:drawable/dialog_background_material) that varies with configuration!!
05-19 12:19:26.224 W/Resources( 1322): Preloaded drawable resource #0x1080298 (android:drawable/editbox_dropdown_background_dark) that varies with configuration!!
05-19 12:19:26.451 W/Resources( 1322): Preloaded color resource #0x10600e2 (android:color/material_grey_800) that varies with configuration!!
05-19 12:19:26.452 W/Resources( 1322): Preloaded drawable resource #0x10802c9 (android:drawable/floating_popup_background_dark) that varies with configuration!!
05-19 12:19:26.547 I/Zygote  ( 1323): ...preloaded 4158 classes in 22286ms.
05-19 12:19:26.559 I/art     ( 1322): Background concurrent mark sweep GC freed 1860(192KB) AllocSpace objects, 0(0B) LOS objects, 62% free, 2MB/6MB, paused 1.456ms total 261.396ms
05-19 12:19:26.568 I/art     ( 1323): VMRuntime.preloadDexCaches starting
05-19 12:19:27.284 W/Resources( 1322): Preloaded drawable resource #0x108030b (android:drawable/ic_clear_disabled) that varies with configuration!!
05-19 12:19:27.287 W/Resources( 1322): Preloaded drawable resource #0x1080310 (android:drawable/ic_clear_normal) that varies with configuration!!
05-19 12:19:27.394 W/Resources( 1322): Preloaded drawable resource #0x1080359 (android:drawable/ic_go) that varies with configuration!!
05-19 12:19:27.632 W/Resources( 1322): Preloaded drawable resource #0x1080038 (android:drawable/ic_menu_close_clear_cancel) that varies with configuration!!
05-19 12:19:27.735 W/Resources( 1322): Preloaded drawable resource #0x1080045 (android:drawable/ic_menu_more) that varies with configuration!!
05-19 12:19:28.163 W/Resources( 1322): Preloaded drawable resource #0x10804e8 (android:drawable/menu_background_fill_parent_width) that varies with configuration!!
05-19 12:19:28.717 I/art     ( 1323): VMRuntime.preloadDexCaches strings total=283712 before=39625 after=39625
05-19 12:19:28.717 I/art     ( 1323): VMRuntime.preloadDexCaches types total=23581 before=7877 after=7904
05-19 12:19:28.718 I/art     ( 1323): VMRuntime.preloadDexCaches fields total=112007 before=40903 after=41117
05-19 12:19:28.718 I/art     ( 1323): VMRuntime.preloadDexCaches methods total=197534 before=82457 after=83017
05-19 12:19:28.718 I/art     ( 1323): VMRuntime.preloadDexCaches finished
05-19 12:19:28.805 I/Zygote  ( 1323): Preloading resources...
05-19 12:19:30.066 W/Resources( 1322): Preloaded drawable resource #0x108077e (android:drawable/text_edit_paste_window) that varies with configuration!!
05-19 12:19:30.438 W/Resources( 1322): Preloaded drawable resource #0x1080096 (android:drawable/toast_frame) that varies with configuration!!
05-19 12:19:30.438 I/Zygote  ( 1322): ...preloaded 114 resources in 5909ms.
05-19 12:19:30.646 W/Resources( 1322): Preloaded color resource #0x106010b (android:color/background_cache_hint_selector_material_dark) that varies with configuration!!
05-19 12:19:30.648 W/Resources( 1322): Preloaded color resource #0x1060110 (android:color/btn_default_material_dark) that varies with configuration!!
05-19 12:19:30.687 I/Zygote  ( 1322): ...preloaded 41 resources in 249ms.
05-19 12:19:30.689 D/libEGL  ( 1322): Emulator without GPU support detected. Fallback to legacy software renderer, qemu.gles is set to 0.
05-19 12:19:30.833 D/libEGL  ( 1322): loaded /system/lib64/egl/libGLES_android.so
05-19 12:19:31.115 I/art     ( 1323): Background sticky concurrent mark sweep GC freed 8422(518KB) AllocSpace objects, 0(0B) LOS objects, 18% free, 2003KB/2MB, paused 1.837ms total 442.828ms
05-19 12:19:31.136 W/Resources( 1323): Preloaded drawable resource #0x108025c (android:drawable/dialog_background_material) that varies with configuration!!
05-19 12:19:31.192 W/Resources( 1323): Preloaded drawable resource #0x1080298 (android:drawable/editbox_dropdown_background_dark) that varies with configuration!!
05-19 12:19:31.405 W/Resources( 1323): Preloaded color resource #0x10600e2 (android:color/material_grey_800) that varies with configuration!!
05-19 12:19:31.405 W/Resources( 1323): Preloaded drawable resource #0x10802c9 (android:drawable/floating_popup_background_dark) that varies with configuration!!
05-19 12:19:31.746 I/Zygote  ( 1322): Preloading shared libraries...
05-19 12:19:31.781 I/art     ( 1323): Background concurrent mark sweep GC freed 650(49KB) AllocSpace objects, 0(0B) LOS objects, 60% free, 2MB/6MB, paused 404us total 345.648ms
05-19 12:19:32.022 E/Hyphenator( 1322): error loading hyphenation /system/usr/hyphen-data/hyph-as.hyb
05-19 12:19:32.022 E/Hyphenator( 1322): java.io.FileNotFoundException: /system/usr/hyphen-data/hyph-as.hyb: open failed: ENOENT (No such file or directory)
05-19 12:19:32.022 E/Hyphenator( 1322): 	at libcore.io.IoBridge.open(IoBridge.java:455)
05-19 12:19:32.022 E/Hyphenator( 1322): 	at java.io.RandomAccessFile.<init>(RandomAccessFile.java:247)
05-19 12:19:32.022 E/Hyphenator( 1322): 	at android.text.Hyphenator.loadHyphenator(Hyphenator.java:118)
05-19 12:19:32.022 E/Hyphenator( 1322): 	at android.text.Hyphenator.init(Hyphenator.java:224)
05-19 12:19:32.022 E/Hyphenator( 1322): 	at com.android.internal.os.ZygoteInit.preloadTextResources(ZygoteInit.java:252)
05-19 12:19:32.022 E/Hyphenator( 1322): 	at com.android.internal.os.ZygoteInit.preload(ZygoteInit.java:206)
05-19 12:19:32.022 E/Hyphenator( 1322): 	at com.android.internal.os.ZygoteInit.main(ZygoteInit.java:743)
05-19 12:19:32.022 E/Hyphenator( 1322): Caused by: android.system.ErrnoException: open failed: ENOENT (No such file or directory)
05-19 12:19:32.022 E/Hyphenator( 1322): 	at libcore.io.Posix.open(Native Method)
05-19 12:19:32.022 E/Hyphenator( 1322): 	at libcore.io.BlockGuardOs.open(BlockGuardOs.java:187)
05-19 12:19:32.022 E/Hyphenator( 1322): 	at libcore.io.IoBridge.open(IoBridge.java:441)
05-19 12:19:32.022 E/Hyphenator( 1322): 	... 6 more
05-19 12:19:32.024 E/Hyphenator( 1322): error loading hyphenation /system/usr/hyphen-data/hyph-bn.hyb
05-19 12:19:32.024 E/Hyphenator( 1322): java.io.FileNotFoundException: /system/usr/hyphen-data/hyph-bn.hyb: open failed: ENOENT (No such file or directory)
05-19 12:19:32.024 E/Hyphenator( 1322): 	at libcore.io.IoBridge.open(IoBridge.java:455)
05-19 12:19:32.024 E/Hyphenator( 1322): 	at java.io.RandomAccessFile.<init>(RandomAccessFile.java:247)
05-19 12:19:32.024 E/Hyphenator( 1322): 	at android.text.Hyphenator.loadHyphenator(Hyphenator.java:118)
05-19 12:19:32.024 E/Hyphenator( 1322): 	at android.text.Hyphenator.init(Hyphenator.java:224)
05-19 12:19:32.024 E/Hyphenator( 1322): 	at com.android.internal.os.ZygoteInit.preloadTextResources(ZygoteInit.java:252)
05-19 12:19:32.024 E/Hyphenator( 1322): 	at com.android.internal.os.ZygoteInit.preload(ZygoteInit.java:206)
05-19 12:19:32.024 E/Hyphenator( 1322): 	at com.android.internal.os.ZygoteInit.main(ZygoteInit.java:743)
05-19 12:19:32.024 E/Hyphenator( 1322): Caused by: android.system.ErrnoException: open failed: ENOENT (No such file or directory)
05-19 12:19:32.024 E/Hyphenator( 1322): 	at libcore.io.Posix.open(Native Method)
05-19 12:19:32.024 E/Hyphenator( 1322): 	at libcore.io.BlockGuardOs.open(BlockGuardOs.java:187)
05-19 12:19:32.024 E/Hyphenator( 1322): 	at libcore.io.IoBridge.open(IoBridge.java:441)
05-19 12:19:32.024 E/Hyphenator( 1322): 	... 6 more
05-19 12:19:32.027 E/Hyphenator( 1322): error loading hyphenation /system/usr/hyphen-data/hyph-cy.hyb
05-19 12:19:32.027 E/Hyphenator( 1322): java.io.FileNotFoundException: /system/usr/hyphen-data/hyph-cy.hyb: open failed: ENOENT (No such file or directory)
05-19 12:19:32.027 E/Hyphenator( 1322): 	at libcore.io.IoBridge.open(IoBridge.java:455)
05-19 12:19:32.027 E/Hyphenator( 1322): 	at java.io.RandomAccessFile.<init>(RandomAccessFile.java:247)
05-19 12:19:32.027 E/Hyphenator( 1322): 	at android.text.Hyphenator.loadHyphenator(Hyphenator.java:118)
05-19 12:19:32.027 E/Hyphenator( 1322): 	at android.text.Hyphenator.init(Hyphenator.java:224)
05-19 12:19:32.027 E/Hyphenator( 1322): 	at com.android.internal.os.ZygoteInit.preloadTextResources(ZygoteInit.java:252)
05-19 12:19:32.027 E/Hyphenator( 1322): 	at com.android.internal.os.ZygoteInit.preload(ZygoteInit.java:206)
05-19 12:19:32.027 E/Hyphenator( 1322): 	at com.android.internal.os.ZygoteInit.main(ZygoteInit.java:743)
05-19 12:19:32.027 E/Hyphenator( 1322): Caused by: android.system.ErrnoException: open failed: ENOENT (No such file or directory)
05-19 12:19:32.027 E/Hyphenator( 1322): 	at libcore.io.Posix.open(Native Method)
05-19 12:19:32.027 E/Hyphenator( 1322): 	at libcore.io.BlockGuardOs.open(BlockGuardOs.java:187)
05-19 12:19:32.027 E/Hyphenator( 1322): 	at libcore.io.IoBridge.open(IoBridge.java:441)
05-19 12:19:32.027 E/Hyphenator( 1322): 	... 6 more
05-19 12:19:32.028 E/Hyphenator( 1322): error loading hyphenation /system/usr/hyphen-data/hyph-da.hyb
05-19 12:19:32.028 E/Hyphenator( 1322): java.io.FileNotFoundException: /system/usr/hyphen-data/hyph-da.hyb: open failed: ENOENT (No such file or directory)
05-19 12:19:32.028 E/Hyphenator( 1322): 	at libcore.io.IoBridge.open(IoBridge.java:455)
05-19 12:19:32.028 E/Hyphenator( 1322): 	at java.io.RandomAccessFile.<init>(RandomAccessFile.java:247)
05-19 12:19:32.028 E/Hyphenator( 1322): 	at android.text.Hyphenator.loadHyphenator(Hyphenator.java:118)
05-19 12:19:32.028 E/Hyphenator( 1322): 	at android.text.Hyphenator.init(Hyphenator.java:224)
05-19 12:19:32.028 E/Hyphenator( 1322): 	at com.android.internal.os.ZygoteInit.preloadTextResources(ZygoteInit.java:252)
05-19 12:19:32.028 E/Hyphenator( 1322): 	at com.android.internal.os.ZygoteInit.preload(ZygoteInit.java:206)
05-19 12:19:32.028 E/Hyphenator( 1322): 	at com.android.internal.os.ZygoteInit.main(ZygoteInit.java:743)
05-19 12:19:32.028 E/Hyphenator( 1322): Caused by: android.system.ErrnoException: open failed: ENOENT (No such file or directory)
05-19 12:19:32.028 E/Hyphenator( 1322): 	at libcore.io.Posix.open(Native Method)
05-19 12:19:32.028 E/Hyphenator( 1322): 	at libcore.io.BlockGuardOs.open(BlockGuardOs.java:187)
05-19 12:19:32.028 E/Hyphenator( 1322): 	at libcore.io.IoBridge.open(IoBridge.java:441)
05-19 12:19:32.028 E/Hyphenator( 1322): 	... 6 more
05-19 12:19:32.200 E/Hyphenator( 1322): error loading hyphenation /system/usr/hyphen-data/hyph-de-1901.hyb
05-19 12:19:32.200 E/Hyphenator( 1322): java.io.FileNotFoundException: /system/usr/hyphen-data/hyph-de-1901.hyb: open failed: ENOENT (No such file or directory)
05-19 12:19:32.200 E/Hyphenator( 1322): 	at libcore.io.IoBridge.open(IoBridge.java:455)
05-19 12:19:32.200 E/Hyphenator( 1322): 	at java.io.RandomAccessFile.<init>(RandomAccessFile.java:247)
05-19 12:19:32.200 E/Hyphenator( 1322): 	at android.text.Hyphenator.loadHyphenator(Hyphenator.java:118)
05-19 12:19:32.200 E/Hyphenator( 1322): 	at android.text.Hyphenator.init(Hyphenator.java:224)
05-19 12:19:32.200 E/Hyphenator( 1322): 	at com.android.internal.os.ZygoteInit.preloadTextResources(ZygoteInit.java:252)
05-19 12:19:32.200 E/Hyphenator( 1322): 	at com.android.internal.os.ZygoteInit.preload(ZygoteInit.java:206)
05-19 12:19:32.200 E/Hyphenator( 1322): 	at com.android.internal.os.ZygoteInit.main(ZygoteInit.java:743)
05-19 12:19:32.200 E/Hyphenator( 1322): Caused by: android.system.ErrnoException: open failed: ENOENT (No such file or directory)
05-19 12:19:32.200 E/Hyphenator( 1322): 	at libcore.io.Posix.open(Native Method)
05-19 12:19:32.200 E/Hyphenator( 1322): 	at libcore.io.BlockGuardOs.open(BlockGuardOs.java:187)
05-19 12:19:32.200 E/Hyphenator( 1322): 	at libcore.io.IoBridge.open(IoBridge.java:441)
05-19 12:19:32.200 E/Hyphenator( 1322): 	... 6 more
05-19 12:19:32.202 E/Hyphenator( 1322): error loading hyphenation /system/usr/hyphen-data/hyph-de-1996.hyb
05-19 12:19:32.202 E/Hyphenator( 1322): java.io.FileNotFoundException: /system/usr/hyphen-data/hyph-de-1996.hyb: open failed: ENOENT (No such file or directory)
05-19 12:19:32.202 E/Hyphenator( 1322): 	at libcore.io.IoBridge.open(IoBridge.java:455)
05-19 12:19:32.202 E/Hyphenator( 1322): 	at java.io.RandomAccessFile.<init>(RandomAccessFile.java:247)
05-19 12:19:32.202 E/Hyphenator( 1322): 	at android.text.Hyphenator.loadHyphenator(Hyphenator.java:118)
05-19 12:19:32.202 E/Hyphenator( 1322): 	at android.text.Hyphenator.init(Hyphenator.java:224)
05-19 12:19:32.202 E/Hyphenator( 1322): 	at com.android.internal.os.ZygoteInit.preloadTextResources(ZygoteInit.java:252)
05-19 12:19:32.202 E/Hyphenator( 1322): 	at com.android.internal.os.ZygoteInit.preload(ZygoteInit.java:206)
05-19 12:19:32.202 E/Hyphenator( 1322): 	at com.android.internal.os.ZygoteInit.main(ZygoteInit.java:743)
05-19 12:19:32.202 E/Hyphenator( 1322): Caused by: android.system.ErrnoException: open failed: ENOENT (No such file or directory)
05-19 12:19:32.202 E/Hyphenator( 1322): 	at libcore.io.Posix.open(Native Method)
05-19 12:19:32.202 E/Hyphenator( 1322): 	at libcore.io.BlockGuardOs.open(BlockGuardOs.java:187)
05-19 12:19:32.202 E/Hyphenator( 1322): 	at libcore.io.IoBridge.open(IoBridge.java:441)
05-19 12:19:32.202 E/Hyphenator( 1322): 	... 6 more
05-19 12:19:32.204 E/Hyphenator( 1322): error loading hyphenation /system/usr/hyphen-data/hyph-de-ch-1901.hyb
05-19 12:19:32.204 E/Hyphenator( 1322): java.io.FileNotFoundException: /system/usr/hyphen-data/hyph-de-ch-1901.hyb: open failed: ENOENT (No such file or directory)
05-19 12:19:32.204 E/Hyphenator( 1322): 	at libcore.io.IoBridge.open(IoBridge.java:455)
05-19 12:19:32.204 E/Hyphenator( 1322): 	at java.io.RandomAccessFile.<init>(RandomAccessFile.java:247)
05-19 12:19:32.204 E/Hyphenator( 1322): 	at android.text.Hyphenator.loadHyphenator(Hyphenator.java:118)
05-19 12:19:32.204 E/Hyphenator( 1322): 	at android.text.Hyphenator.init(Hyphenator.java:224)
05-19 12:19:32.204 E/Hyphenator( 1322): 	at com.android.internal.os.ZygoteInit.preloadTextResources(ZygoteInit.java:252)
05-19 12:19:32.204 E/Hyphenator( 1322): 	at com.android.internal.os.ZygoteInit.preload(ZygoteInit.java:206)
05-19 12:19:32.204 E/Hyphenator( 1322): 	at com.android.internal.os.ZygoteInit.main(ZygoteInit.java:743)
05-19 12:19:32.204 E/Hyphenator( 1322): Caused by: android.system.ErrnoException: open failed: ENOENT (No such file or directory)
05-19 12:19:32.204 E/Hyphenator( 1322): 	at libcore.io.Posix.open(Native Method)
05-19 12:19:32.204 E/Hyphenator( 1322): 	at libcore.io.BlockGuardOs.open(BlockGuardOs.java:187)
05-19 12:19:32.204 E/Hyphenator( 1322): 	at libcore.io.IoBridge.open(IoBridge.java:441)
05-19 12:19:32.204 E/Hyphenator( 1322): 	... 6 more
05-19 12:19:32.205 E/Hyphenator( 1322): error loading hyphenation /system/usr/hyphen-data/hyph-en-gb.hyb
05-19 12:19:32.205 E/Hyphenator( 1322): java.io.FileNotFoundException: /system/usr/hyphen-data/hyph-en-gb.hyb: open failed: ENOENT (No such file or directory)
05-19 12:19:32.205 E/Hyphenator( 1322): 	at libcore.io.IoBridge.open(IoBridge.java:455)
05-19 12:19:32.205 E/Hyphenator( 1322): 	at java.io.RandomAccessFile.<init>(RandomAccessFile.java:247)
05-19 12:19:32.205 E/Hyphenator( 1322): 	at android.text.Hyphenator.loadHyphenator(Hyphenator.java:118)
05-19 12:19:32.205 E/Hyphenator( 1322): 	at android.text.Hyphenator.init(Hyphenator.java:224)
05-19 12:19:32.205 E/Hyphenator( 1322): 	at com.android.internal.os.ZygoteInit.preloadTextResources(ZygoteInit.java:252)
05-19 12:19:32.205 E/Hyphenator( 1322): 	at com.android.internal.os.ZygoteInit.preload(ZygoteInit.java:206)
05-19 12:19:32.205 E/Hyphenator( 1322): 	at com.android.internal.os.ZygoteInit.main(ZygoteInit.java:743)
05-19 12:19:32.205 E/Hyphenator( 1322): Caused by: android.system.ErrnoException: open failed: ENOENT (No such file or directory)
05-19 12:19:32.205 E/Hyphenator( 1322): 	at libcore.io.Posix.open(Native Method)
05-19 12:19:32.205 E/Hyphenator( 1322): 	at libcore.io.BlockGuardOs.open(BlockGuardOs.java:187)
05-19 12:19:32.205 E/Hyphenator( 1322): 	at libcore.io.IoBridge.open(IoBridge.java:441)
05-19 12:19:32.205 E/Hyphenator( 1322): 	... 6 more
05-19 12:19:32.207 E/Hyphenator( 1322): error loading hyphenation /system/usr/hyphen-data/hyph-en-us.hyb
05-19 12:19:32.207 E/Hyphenator( 1322): java.io.FileNotFoundException: /system/usr/hyphen-data/hyph-en-us.hyb: open failed: ENOENT (No such file or directory)
05-19 12:19:32.207 E/Hyphenator( 1322): 	at libcore.io.IoBridge.open(IoBridge.java:455)
05-19 12:19:32.207 E/Hyphenator( 1322): 	at java.io.RandomAccessFile.<init>(RandomAccessFile.java:247)
05-19 12:19:32.207 E/Hyphenator( 1322): 	at android.text.Hyphenator.loadHyphenator(Hyphenator.java:118)
05-19 12:19:32.207 E/Hyphenator( 1322): 	at android.text.Hyphenator.init(Hyphenator.java:224)
05-19 12:19:32.207 E/Hyphenator( 1322): 	at com.android.internal.os.ZygoteInit.preloadTextResources(ZygoteInit.java:252)
05-19 12:19:32.207 E/Hyphenator( 1322): 	at com.android.internal.os.ZygoteInit.preload(ZygoteInit.java:206)
05-19 12:19:32.207 E/Hyphenator( 1322): 	at com.android.internal.os.ZygoteInit.main(ZygoteInit.java:743)
05-19 12:19:32.207 E/Hyphenator( 1322): Caused by: android.system.ErrnoException: open failed: ENOENT (No such file or directory)
05-19 12:19:32.207 E/Hyphenator( 1322): 	at libcore.io.Posix.open(Native Method)
05-19 12:19:32.207 E/Hyphenator( 1322): 	at libcore.io.BlockGuardOs.open(BlockGuardOs.java:187)
05-19 12:19:32.207 E/Hyphenator( 1322): 	at libcore.io.IoBridge.open(IoBridge.java:441)
05-19 12:19:32.207 E/Hyphenator( 1322): 	... 6 more
05-19 12:19:32.208 E/Hyphenator( 1322): error loading hyphenation /system/usr/hyphen-data/hyph-es.hyb
05-19 12:19:32.208 E/Hyphenator( 1322): java.io.FileNotFoundException: /system/usr/hyphen-data/hyph-es.hyb: open failed: ENOENT (No such file or directory)
05-19 12:19:32.208 E/Hyphenator( 1322): 	at libcore.io.IoBridge.open(IoBridge.java:455)
05-19 12:19:32.208 E/Hyphenator( 1322): 	at java.io.RandomAccessFile.<init>(RandomAccessFile.java:247)
05-19 12:19:32.208 E/Hyphenator( 1322): 	at android.text.Hyphenator.loadHyphenator(Hyphenator.java:118)
05-19 12:19:32.208 E/Hyphenator( 1322): 	at android.text.Hyphenator.init(Hyphenator.java:224)
05-19 12:19:32.208 E/Hyphenator( 1322): 	at com.android.internal.os.ZygoteInit.preloadTextResources(ZygoteInit.java:252)
05-19 12:19:32.208 E/Hyphenator( 1322): 	at com.android.internal.os.ZygoteInit.preload(ZygoteInit.java:206)
05-19 12:19:32.208 E/Hyphenator( 1322): 	at com.android.internal.os.ZygoteInit.main(ZygoteInit.java:743)
05-19 12:19:32.208 E/Hyphenator( 1322): Caused by: android.system.ErrnoException: open failed: ENOENT (No such file or directory)
05-19 12:19:32.208 E/Hyphenator( 1322): 	at libcore.io.Posix.open(Native Method)
05-19 12:19:32.208 E/Hyphenator( 1322): 	at libcore.io.BlockGuardOs.open(BlockGuardOs.java:187)
05-19 12:19:32.208 E/Hyphenator( 1322): 	at libcore.io.IoBridge.open(IoBridge.java:441)
05-19 12:19:32.208 E/Hyphenator( 1322): 	... 6 more
05-19 12:19:32.255 W/Resources( 1323): Preloaded drawable resource #0x108030b (android:drawable/ic_clear_disabled) that varies with configuration!!
05-19 12:19:32.257 W/Resources( 1323): Preloaded drawable resource #0x1080310 (android:drawable/ic_clear_normal) that varies with configuration!!
05-19 12:19:32.284 E/Hyphenator( 1322): error loading hyphenation /system/usr/hyphen-data/hyph-et.hyb
05-19 12:19:32.284 E/Hyphenator( 1322): java.io.FileNotFoundException: /system/usr/hyphen-data/hyph-et.hyb: open failed: ENOENT (No such file or directory)
05-19 12:19:32.284 E/Hyphenator( 1322): 	at libcore.io.IoBridge.open(IoBridge.java:455)
05-19 12:19:32.284 E/Hyphenator( 1322): 	at java.io.RandomAccessFile.<init>(RandomAccessFile.java:247)
05-19 12:19:32.284 E/Hyphenator( 1322): 	at android.text.Hyphenator.loadHyphenator(Hyphenator.java:118)
05-19 12:19:32.284 E/Hyphenator( 1322): 	at android.text.Hyphenator.init(Hyphenator.java:224)
05-19 12:19:32.284 E/Hyphenator( 1322): 	at com.android.internal.os.ZygoteInit.preloadTextResources(ZygoteInit.java:252)
05-19 12:19:32.284 E/Hyphenator( 1322): 	at com.android.internal.os.ZygoteInit.preload(ZygoteInit.java:206)
05-19 12:19:32.284 E/Hyphenator( 1322): 	at com.android.internal.os.ZygoteInit.main(ZygoteInit.java:743)
05-19 12:19:32.284 E/Hyphenator( 1322): Caused by: android.system.ErrnoException: open failed: ENOENT (No such file or directory)
05-19 12:19:32.284 E/Hyphenator( 1322): 	at libcore.io.Posix.open(Native Method)
05-19 12:19:32.284 E/Hyphenator( 1322): 	at libcore.io.BlockGuardOs.open(BlockGuardOs.java:187)
05-19 12:19:32.284 E/Hyphenator( 1322): 	at libcore.io.IoBridge.open(IoBridge.java:441)
05-19 12:19:32.284 E/Hyphenator( 1322): 	... 6 more
05-19 12:19:32.286 E/Hyphenator( 1322): error loading hyphenation /system/usr/hyphen-data/hyph-eu.hyb
05-19 12:19:32.286 E/Hyphenator( 1322): java.io.FileNotFoundException: /system/usr/hyphen-data/hyph-eu.hyb: open failed: ENOENT (No such file or directory)
05-19 12:19:32.286 E/Hyphenator( 1322): 	at libcore.io.IoBridge.open(IoBridge.java:455)
05-19 12:19:32.286 E/Hyphenator( 1322): 	at java.io.RandomAccessFile.<init>(RandomAccessFile.java:247)
05-19 12:19:32.286 E/Hyphenator( 1322): 	at android.text.Hyphenator.loadHyphenator(Hyphenator.java:118)
05-19 12:19:32.286 E/Hyphenator( 1322): 	at android.text.Hyphenator.init(Hyphenator.java:224)
05-19 12:19:32.286 E/Hyphenator( 1322): 	at com.android.internal.os.ZygoteInit.preloadTextResources(ZygoteInit.java:252)
05-19 12:19:32.286 E/Hyphenator( 1322): 	at com.android.internal.os.ZygoteInit.preload(ZygoteInit.java:206)
05-19 12:19:32.286 E/Hyphenator( 1322): 	at com.android.internal.os.ZygoteInit.main(ZygoteInit.java:743)
05-19 12:19:32.286 E/Hyphenator( 1322): Caused by: android.system.ErrnoException: open failed: ENOENT (No such file or directory)
05-19 12:19:32.286 E/Hyphenator( 1322): 	at libcore.io.Posix.open(Native Method)
05-19 12:19:32.286 E/Hyphenator( 1322): 	at libcore.io.BlockGuardOs.open(BlockGuardOs.java:187)
05-19 12:19:32.286 E/Hyphenator( 1322): 	at libcore.io.IoBridge.open(IoBridge.java:441)
05-19 12:19:32.286 E/Hyphenator( 1322): 	... 6 more
05-19 12:19:32.288 E/Hyphenator( 1322): error loading hyphenation /system/usr/hyphen-data/hyph-fr.hyb
05-19 12:19:32.288 E/Hyphenator( 1322): java.io.FileNotFoundException: /system/usr/hyphen-data/hyph-fr.hyb: open failed: ENOENT (No such file or directory)
05-19 12:19:32.288 E/Hyphenator( 1322): 	at libcore.io.IoBridge.open(IoBridge.java:455)
05-19 12:19:32.288 E/Hyphenator( 1322): 	at java.io.RandomAccessFile.<init>(RandomAccessFile.java:247)
05-19 12:19:32.288 E/Hyphenator( 1322): 	at android.text.Hyphenator.loadHyphenator(Hyphenator.java:118)
05-19 12:19:32.288 E/Hyphenator( 1322): 	at android.text.Hyphenator.init(Hyphenator.java:224)
05-19 12:19:32.288 E/Hyphenator( 1322): 	at com.android.internal.os.ZygoteInit.preloadTextResources(ZygoteInit.java:252)
05-19 12:19:32.288 E/Hyphenator( 1322): 	at com.android.internal.os.ZygoteInit.preload(ZygoteInit.java:206)
05-19 12:19:32.288 E/Hyphenator( 1322): 	at com.android.internal.os.ZygoteInit.main(ZygoteInit.java:743)
05-19 12:19:32.288 E/Hyphenator( 1322): Caused by: android.system.ErrnoException: open failed: ENOENT (No such file or directory)
05-19 12:19:32.288 E/Hyphenator( 1322): 	at libcore.io.Posix.open(Native Method)
05-19 12:19:32.288 E/Hyphenator( 1322): 	at libcore.io.BlockGuardOs.open(BlockGuardOs.java:187)
05-19 12:19:32.288 E/Hyphenator( 1322): 	at libcore.io.IoBridge.open(IoBridge.java:441)
05-19 12:19:32.288 E/Hyphenator( 1322): 	... 6 more
05-19 12:19:32.289 E/Hyphenator( 1322): error loading hyphenation /system/usr/hyphen-data/hyph-ga.hyb
05-19 12:19:32.289 E/Hyphenator( 1322): java.io.FileNotFoundException: /system/usr/hyphen-data/hyph-ga.hyb: open failed: ENOENT (No such file or directory)
05-19 12:19:32.289 E/Hyphenator( 1322): 	at libcore.io.IoBridge.open(IoBridge.java:455)
05-19 12:19:32.289 E/Hyphenator( 1322): 	at java.io.RandomAccessFile.<init>(RandomAccessFile.java:247)
05-19 12:19:32.289 E/Hyphenator( 1322): 	at android.text.Hyphenator.loadHyphenator(Hyphenator.java:118)
05-19 12:19:32.289 E/Hyphenator( 1322): 	at android.text.Hyphenator.init(Hyphenator.java:224)
05-19 12:19:32.289 E/Hyphenator( 1322): 	at com.android.internal.os.ZygoteInit.preloadTextResources(ZygoteInit.java:252)
05-19 12:19:32.289 E/Hyphenator( 1322): 	at com.android.internal.os.ZygoteInit.preload(ZygoteInit.java:206)
05-19 12:19:32.289 E/Hyphenator( 1322): 	at com.android.internal.os.ZygoteInit.main(ZygoteInit.java:743)
05-19 12:19:32.289 E/Hyphenator( 1322): Caused by: android.system.ErrnoException: open failed: ENOENT (No such file or directory)
05-19 12:19:32.289 E/Hyphenator( 1322): 	at libcore.io.Posix.open(Native Method)
05-19 12:19:32.289 E/Hyphenator( 1322): 	at libcore.io.BlockGuardOs.open(BlockGuardOs.java:187)
05-19 12:19:32.289 E/Hyphenator( 1322): 	at libcore.io.IoBridge.open(IoBridge.java:441)
05-19 12:19:32.289 E/Hyphenator( 1322): 	... 6 more
05-19 12:19:32.351 E/Hyphenator( 1322): error loading hyphenation /system/usr/hyphen-data/hyph-gu.hyb
05-19 12:19:32.351 E/Hyphenator( 1322): java.io.FileNotFoundException: /system/usr/hyphen-data/hyph-gu.hyb: open failed: ENOENT (No such file or directory)
05-19 12:19:32.351 E/Hyphenator( 1322): 	at libcore.io.IoBridge.open(IoBridge.java:455)
05-19 12:19:32.351 E/Hyphenator( 1322): 	at java.io.RandomAccessFile.<init>(RandomAccessFile.java:247)
05-19 12:19:32.351 E/Hyphenator( 1322): 	at android.text.Hyphenator.loadHyphenator(Hyphenator.java:118)
05-19 12:19:32.351 E/Hyphenator( 1322): 	at android.text.Hyphenator.init(Hyphenator.java:224)
05-19 12:19:32.351 E/Hyphenator( 1322): 	at com.android.internal.os.ZygoteInit.preloadTextResources(ZygoteInit.java:252)
05-19 12:19:32.351 E/Hyphenator( 1322): 	at com.android.internal.os.ZygoteInit.preload(ZygoteInit.java:206)
05-19 12:19:32.351 E/Hyphenator( 1322): 	at com.android.internal.os.ZygoteInit.main(ZygoteInit.java:743)
05-19 12:19:32.351 E/Hyphenator( 1322): Caused by: android.system.ErrnoException: open failed: ENOENT (No such file or directory)
05-19 12:19:32.351 E/Hyphenator( 1322): 	at libcore.io.Posix.open(Native Method)
05-19 12:19:32.351 E/Hyphenator( 1322): 	at libcore.io.BlockGuardOs.open(BlockGuardOs.java:187)
05-19 12:19:32.351 E/Hyphenator( 1322): 	at libcore.io.IoBridge.open(IoBridge.java:441)
05-19 12:19:32.351 E/Hyphenator( 1322): 	... 6 more
05-19 12:19:32.352 E/Hyphenator( 1322): error loading hyphenation /system/usr/hyphen-data/hyph-hi.hyb
05-19 12:19:32.352 E/Hyphenator( 1322): java.io.FileNotFoundException: /system/usr/hyphen-data/hyph-hi.hyb: open failed: ENOENT (No such file or directory)
05-19 12:19:32.352 E/Hyphenator( 1322): 	at libcore.io.IoBridge.open(IoBridge.java:455)
05-19 12:19:32.352 E/Hyphenator( 1322): 	at java.io.RandomAccessFile.<init>(RandomAccessFile.java:247)
05-19 12:19:32.352 E/Hyphenator( 1322): 	at android.text.Hyphenator.loadHyphenator(Hyphenator.java:118)
05-19 12:19:32.352 E/Hyphenator( 1322): 	at android.text.Hyphenator.init(Hyphenator.java:224)
05-19 12:19:32.352 E/Hyphenator( 1322): 	at com.android.internal.os.ZygoteInit.preloadTextResources(ZygoteInit.java:252)
05-19 12:19:32.352 E/Hyphenator( 1322): 	at com.android.internal.os.ZygoteInit.preload(ZygoteInit.java:206)
05-19 12:19:32.352 E/Hyphenator( 1322): 	at com.android.internal.os.ZygoteInit.main(ZygoteInit.java:743)
05-19 12:19:32.352 E/Hyphenator( 1322): Caused by: android.system.ErrnoException: open failed: ENOENT (No such file or directory)
05-19 12:19:32.352 E/Hyphenator( 1322): 	at libcore.io.Posix.open(Native Method)
05-19 12:19:32.352 E/Hyphenator( 1322): 	at libcore.io.BlockGuardOs.open(BlockGuardOs.java:187)
