05-25 13:59:10.154 E/WVMExtractor( 2394): Failed to open libwvm.so: dlopen failed: library "libwvm.so" not found
05-25 13:59:10.565 I/fsck_msdos( 1269): ** /dev/block/vold/public:253,48
05-25 13:59:10.581 I/fsck_msdos( 1269): ** Phase 1 - Read and Compare FATs
05-25 13:59:10.582 I/fsck_msdos( 1269): Attempting to allocate 1046 KB for FAT
05-25 13:59:10.774 I/MediaPlayerService( 1333): MediaPlayerService::getOMX
05-25 13:59:10.804 I/OMXClient( 1333): MuxOMX ctor
05-25 13:59:10.892 I/OMXMaster( 1330): makeComponentInstance(OMX.google.g711.mlaw.decoder) in mediacodec process
05-25 13:59:10.917 I/LatinIME( 2385): Hardware accelerated drawing: true
05-25 13:59:11.333 I/fsck_msdos( 1269): Attempting to allocate 1046 KB for FAT
05-25 13:59:11.694 I/art     ( 2433): System.exit called, status: 0
05-25 13:59:11.694 I/AndroidRuntime( 2433): VM exiting with result code 0, cleanup skipped.
05-25 13:59:12.031 I/fsck_msdos( 1269): ** Phase 2 - Check Cluster Chains
05-25 13:59:12.043 E/NetdConnector( 2173): NDC Command {3 bandwidth enable} took too long (4384ms)
05-25 13:59:12.072 I/fsck_msdos( 1269): ** Phase 3 - Checking Directories
05-25 13:59:12.074 I/fsck_msdos( 1269): ** Phase 4 - Checking for Lost Files
05-25 13:59:12.077 I/fsck_msdos( 1269): 2 files, 534464 free (267232 clusters)
05-25 13:59:12.161 I/Vold    ( 1269): Filesystem check completed OK
05-25 13:59:12.165 D/VoldConnector( 2173): RCV <- {656 public:253,48 /mnt/media_rw/1EFF-1C1B}
05-25 13:59:12.167 D/VoldConnector( 2173): RCV <- {655 public:253,48 /storage/1EFF-1C1B}
05-25 13:59:12.353 V/vold    ( 1269): Waiting for FUSE to spin up...
05-25 13:59:12.372 I/MediaPlayerService( 1333): MediaPlayerService::getOMX
05-25 13:59:12.374 I/OMXClient( 1333): MuxOMX ctor
05-25 13:59:12.375 I/OMXMaster( 1330): makeComponentInstance(OMX.google.vorbis.decoder) in mediacodec process
05-25 13:59:12.410 V/vold    ( 1269): Waiting for FUSE to spin up...
05-25 13:59:12.470 V/vold    ( 1269): Waiting for FUSE to spin up...
05-25 13:59:12.549 V/vold    ( 1269): Waiting for FUSE to spin up...
05-25 13:59:12.661 V/vold    ( 1269): Waiting for FUSE to spin up...
05-25 13:59:12.720 V/vold    ( 1269): Waiting for FUSE to spin up...
05-25 13:59:12.780 V/vold    ( 1269): Waiting for FUSE to spin up...
05-25 13:59:12.838 V/vold    ( 1269): Waiting for FUSE to spin up...
05-25 13:59:12.890 V/vold    ( 1269): Waiting for FUSE to spin up...
05-25 13:59:12.951 V/vold    ( 1269): Waiting for FUSE to spin up...
05-25 13:59:12.993 W/sdcard  ( 2502): Device explicitly disabled sdcardfs
05-25 13:59:13.010 V/vold    ( 1269): Waiting for FUSE to spin up...
05-25 13:59:13.063 V/vold    ( 1269): Waiting for FUSE to spin up...
05-25 13:59:13.104 I/vol.Events( 2394): writeEvent collection_started
05-25 13:59:13.120 V/vold    ( 1269): Waiting for FUSE to spin up...
05-25 13:59:13.190 D/VoldConnector( 2173): RCV <- {651 public:253,48 2}
05-25 13:59:13.199 D/VoldConnector( 2173): RCV <- {200 7 Command succeeded}
05-25 13:59:13.375 I/vol.Events( 2394): writeEvent external_ringer_mode_changed normal
05-25 13:59:13.378 I/vol.Events( 2394): writeEvent internal_ringer_mode_changed normal
05-25 13:59:13.440 E/VoldConnector( 2173): NDC Command {7 volume mount public:253,48 2 0} took too long (4823ms)
05-25 13:59:13.445 I/MediaPlayerService( 1333): MediaPlayerService::getOMX
05-25 13:59:13.460 I/OMXClient( 1333): MuxOMX ctor
05-25 13:59:13.461 I/OMXMaster( 1330): makeComponentInstance(OMX.google.opus.decoder) in mediacodec process
05-25 13:59:13.652 W/ProcessCpuTracker( 2173): Skipping unknown process pid 2504
05-25 13:59:13.894 W/InputAttributes( 2385): No editor info for this field. Bug?
05-25 13:59:14.429 I/MediaPlayerService( 1333): MediaPlayerService::getOMX
05-25 13:59:14.460 I/OMXClient( 1333): MuxOMX ctor
05-25 13:59:14.461 I/OMXMaster( 1330): makeComponentInstance(OMX.google.raw.decoder) in mediacodec process
05-25 13:59:14.506 I/MediaPlayerService( 1333): MediaPlayerService::getOMX
05-25 13:59:14.508 I/OMXClient( 1333): MuxOMX ctor
05-25 13:59:14.508 I/OMXMaster( 1330): makeComponentInstance(OMX.google.aac.encoder) in mediacodec process
05-25 13:59:14.686 I/MediaPlayerService( 1333): MediaPlayerService::getOMX
05-25 13:59:14.687 I/OMXClient( 1333): MuxOMX ctor
05-25 13:59:14.688 I/OMXMaster( 1330): makeComponentInstance(OMX.google.amrnb.encoder) in mediacodec process
05-25 13:59:14.706 I/LatinIME:LogUtils( 2385): Dictionary info: dictionary = userunigram.en_US ; version = 1621951154 ; date = ?
05-25 13:59:14.761 E/ActivityThread( 2385): Failed to find provider info for user_dictionary
05-25 13:59:14.764 I/LatinIME:LogUtils( 2385): Dictionary info: dictionary = UserHistoryDictionary.en_US ; version = 1621951154 ; date = ?
05-25 13:59:14.872 I/MediaPlayerService( 1333): MediaPlayerService::getOMX
05-25 13:59:14.874 I/OMXClient( 1333): MuxOMX ctor
05-25 13:59:14.875 I/OMXMaster( 1330): makeComponentInstance(OMX.google.amrwb.encoder) in mediacodec process
05-25 13:59:15.153 I/MediaPlayerService( 1333): MediaPlayerService::getOMX
05-25 13:59:15.154 I/OMXClient( 1333): MuxOMX ctor
05-25 13:59:15.155 I/OMXMaster( 1330): makeComponentInstance(OMX.google.flac.encoder) in mediacodec process
05-25 13:59:15.203 E/NetdConnector( 2173): NDC Command {4 strict enable} took too long (3141ms)
05-25 13:59:15.205 W/NetworkManagement( 2173): setDataSaverMode(): already false
05-25 13:59:16.792 I/MediaPlayerService( 1333): MediaPlayerService::getOMX
05-25 13:59:16.812 I/OMXClient( 1333): MuxOMX ctor
05-25 13:59:16.822 I/OMXMaster( 1330): makeComponentInstance(OMX.google.gsm.decoder) in mediacodec process
05-25 13:59:17.561 I/MediaPlayerService( 1333): MediaPlayerService::getOMX
05-25 13:59:17.563 I/OMXClient( 1333): MuxOMX ctor
05-25 13:59:17.564 I/OMXMaster( 1330): makeComponentInstance(OMX.google.mpeg4.decoder) in mediacodec process
05-25 13:59:18.231 I/vol.Events( 2394): writeEvent level_changed STREAM_ALARM 6
05-25 13:59:18.248 I/vol.Events( 2394): writeEvent level_changed STREAM_BLUETOOTH_SCO 7
05-25 13:59:18.348 E/OMXNodeInstance( 1330): getExtensionIndex(532000f:google.mpeg4.decoder, OMX.google.android.index.configureVideoTunnelMode) ERROR: UnsupportedIndex(0x8000101a)
05-25 13:59:18.349 W/OMXNodeInstance( 1330): [532000f:google.mpeg4.decoder] component does not support metadata mode; using fallback
05-25 13:59:18.360 I/vol.Events( 2394): writeEvent level_changed STREAM_MUSIC 11
05-25 13:59:18.421 I/MediaPlayerService( 1333): MediaPlayerService::getOMX
05-25 13:59:18.423 I/OMXClient( 1333): MuxOMX ctor
05-25 13:59:18.424 I/OMXMaster( 1330): makeComponentInstance(OMX.google.h263.decoder) in mediacodec process
05-25 13:59:18.467 I/vol.Events( 2394): writeEvent level_changed STREAM_RING 5
05-25 13:59:18.524 I/vol.Events( 2394): writeEvent level_changed STREAM_SYSTEM 5
05-25 13:59:18.552 I/vol.Events( 2394): writeEvent level_changed STREAM_VOICE_CALL 4
05-25 13:59:18.602 E/NetdConnector( 2173): NDC Command {7 bandwidth setglobalalert 2097152} took too long (2983ms)
05-25 13:59:18.966 D/NetworkPolicy( 2173): setRestrictBackgroundUL(): false
05-25 13:59:19.032 W/NetworkManagement( 2173): setDataSaverMode(): already false
05-25 13:59:19.391 E/OMXNodeInstance( 1330): getExtensionIndex(5320010:google.h263.decoder, OMX.google.android.index.configureVideoTunnelMode) ERROR: UnsupportedIndex(0x8000101a)
05-25 13:59:19.392 W/OMXNodeInstance( 1330): [5320010:google.h263.decoder] component does not support metadata mode; using fallback
05-25 13:59:19.603 I/MediaPlayerService( 1333): MediaPlayerService::getOMX
05-25 13:59:19.604 I/OMXClient( 1333): MuxOMX ctor
05-25 13:59:19.605 I/OMXMaster( 1330): makeComponentInstance(OMX.google.h264.decoder) in mediacodec process
05-25 13:59:19.890 W/AudioService( 2173): onLoadSoundEffects(), Error 1 while loading samples
05-25 13:59:19.927 I/art     ( 2173): Background sticky concurrent mark sweep GC freed 42059(2MB) AllocSpace objects, 16(316KB) LOS objects, 20% free, 13MB/16MB, paused 3.774ms total 688.024ms
05-25 13:59:19.933 D/StorageNotification( 2394): Notifying about private volume: VolumeInfo{private}:
05-25 13:59:19.933 D/StorageNotification( 2394):     type=PRIVATE diskId=null partGuid=null mountFlags=0 mountUserId=-1 
05-25 13:59:19.933 D/StorageNotification( 2394):     state=MOUNTED 
05-25 13:59:19.933 D/StorageNotification( 2394):     fsType=null fsUuid=null fsLabel=null 
05-25 13:59:19.933 D/StorageNotification( 2394):     path=/data internalPath=null 
05-25 13:59:19.937 D/StorageNotification( 2394): Notifying about public volume: VolumeInfo{public:253,48}:
05-25 13:59:19.937 D/StorageNotification( 2394):     type=PUBLIC diskId=disk:253,48 partGuid=null mountFlags=VISIBLE 
05-25 13:59:19.937 D/StorageNotification( 2394):     mountUserId=0 state=MOUNTED 
05-25 13:59:19.937 D/StorageNotification( 2394):     fsType=vfat fsUuid=1EFF-1C1B fsLabel=SDCARD 
05-25 13:59:19.937 D/StorageNotification( 2394):     path=/storage/1EFF-1C1B internalPath=/mnt/media_rw/1EFF-1C1B 
05-25 13:59:20.375 W/art     ( 2173): Long monitor contention with owner NetworkPolicy (2342) at boolean android.os.BinderProxy.transactNative(int, android.os.Parcel, android.os.Parcel, int)(Binder.java:-2) waiters=0 in void com.android.server.NetworkManagementService.setFirewallChainEnabled(int, boolean) for 1.075s
05-25 13:59:20.598 W/ACodec  ( 1333): [OMX.google.h264.decoder] stopping checking profiles after 32: 2/8000
05-25 13:59:20.676 E/OMXNodeInstance( 1330): getExtensionIndex(5320011:google.h264.decoder, OMX.google.android.index.configureVideoTunnelMode) ERROR: UnsupportedIndex(0x8000101a)
05-25 13:59:20.677 W/OMXNodeInstance( 1330): [5320011:google.h264.decoder] component does not support metadata mode; using fallback
05-25 13:59:20.736 I/MediaPlayerService( 1333): MediaPlayerService::getOMX
05-25 13:59:20.738 I/OMXClient( 1333): MuxOMX ctor
05-25 13:59:20.738 I/OMXMaster( 1330): makeComponentInstance(OMX.google.hevc.decoder) in mediacodec process
05-25 13:59:21.396 I/Choreographer( 2394): Skipped 113 frames!  The application may be doing too much work on its main thread.
05-25 13:59:22.047 E/OMXNodeInstance( 1330): getExtensionIndex(5320012:google.hevc.decoder, OMX.google.android.index.configureVideoTunnelMode) ERROR: UnsupportedIndex(0x8000101a)
05-25 13:59:22.048 W/OMXNodeInstance( 1330): [5320012:google.hevc.decoder] component does not support metadata mode; using fallback
05-25 13:59:22.083 I/MediaPlayerService( 1333): MediaPlayerService::getOMX
05-25 13:59:22.084 I/OMXClient( 1333): MuxOMX ctor
05-25 13:59:22.085 I/OMXMaster( 1330): makeComponentInstance(OMX.google.vp8.decoder) in mediacodec process
05-25 13:59:22.133 I/StatusBarManagerService( 2173): registerStatusBar bar=com.android.internal.statusbar.IStatusBar$Stub$Proxy@1b07b69
05-25 13:59:22.487 E/OMXNodeInstance( 1330): getExtensionIndex(5320013:google.vp8.decoder, OMX.google.android.index.configureVideoTunnelMode) ERROR: UnsupportedIndex(0x8000101a)
05-25 13:59:22.488 W/OMXNodeInstance( 1330): [5320013:google.vp8.decoder] component does not support metadata mode; using fallback
05-25 13:59:22.494 E/NetdConnector( 2173): NDC Command {8 firewall enable_chain standby} took too long (2118ms)
05-25 13:59:22.522 I/MediaPlayerService( 1333): MediaPlayerService::getOMX
05-25 13:59:22.524 I/OMXClient( 1333): MuxOMX ctor
05-25 13:59:22.525 I/OMXMaster( 1330): makeComponentInstance(OMX.google.vp9.decoder) in mediacodec process
05-25 13:59:22.557 E/NetdConnector( 2173): NDC Command {9 bandwidth gettetherstats} took too long (1813ms)
05-25 13:59:22.799 I/SystemServiceManager( 2173): Starting phase 600
05-25 13:59:23.025 D/SensorNotificationService( 2173): Cannot obtain dynamic meta sensor, not supported.
05-25 13:59:23.136 W/ActivityManager( 2173): Timeout executing service: ServiceRecord{c195b03 u0 com.android.server.telecom/.components.TelecomService}
05-25 13:59:23.167 E/OMXNodeInstance( 1330): getExtensionIndex(5320014:google.vp9.decoder, OMX.google.android.index.configureVideoTunnelMode) ERROR: UnsupportedIndex(0x8000101a)
05-25 13:59:23.168 W/OMXNodeInstance( 1330): [5320014:google.vp9.decoder] component does not support metadata mode; using fallback
05-25 13:59:23.191 I/MediaPlayerService( 1333): MediaPlayerService::getOMX
05-25 13:59:23.192 I/OMXClient( 1333): MuxOMX ctor
05-25 13:59:23.193 I/OMXMaster( 1330): makeComponentInstance(OMX.google.h263.encoder) in mediacodec process
05-25 13:59:23.803 I/SoftMPEG4Encoder( 1330): Construct SoftMPEG4Encoder
05-25 13:59:23.902 W/ACodec  ( 1333): do not know color format 0x7f000789 = 2130708361
05-25 13:59:23.904 E/OMXNodeInstance( 1330): getConfig(5320015:google.h263.encoder, ConfigAndroidIntraRefresh(0x6f60000a)) ERROR: Undefined(0x80001001)
05-25 13:59:23.979 I/MediaPlayerService( 1333): MediaPlayerService::getOMX
05-25 13:59:23.991 I/OMXClient( 1333): MuxOMX ctor
05-25 13:59:23.991 I/OMXMaster( 1330): makeComponentInstance(OMX.google.h264.encoder) in mediacodec process
05-25 13:59:24.487 W/ACodec  ( 1333): do not know color format 0x7f000789 = 2130708361
05-25 13:59:24.494 I/Process ( 2173): Sending signal. PID: 2173 SIG: 3
05-25 13:59:24.511 I/art     ( 2173): Thread[2,tid=2179,WaitingInMainSignalCatcherLoop,Thread*=0x786206e0e000,peer=0x12c010d0,"Signal Catcher"]: reacting to signal 3
05-25 13:59:24.511 I/art     ( 2173): 
05-25 13:59:24.521 W/art     ( 2173): Suspending all threads took: 6.377ms
05-25 13:59:24.552 I/GnssLocationProvider( 2173): WakeLock acquired by sendMessage(13, 0, null)
05-25 13:59:24.579 W/LocationManagerService( 2173): no network location provider found
05-25 13:59:24.597 I/MediaPlayerService( 1333): MediaPlayerService::getOMX
05-25 13:59:24.631 I/OMXClient( 1333): MuxOMX ctor
05-25 13:59:24.632 I/OMXMaster( 1330): makeComponentInstance(OMX.google.mpeg4.encoder) in mediacodec process
05-25 13:59:24.672 E/LocationManagerService( 2173): no geocoder provider found
05-25 13:59:24.674 E/FlpHardwareProvider( 2173): Error hw_get_module 'flp': -2
05-25 13:59:24.674 D/LocationManagerService( 2173): FLP HAL not supported
05-25 13:59:24.679 D/LocationManagerService( 2173): Unable to bind FLP Geofence proxy.
05-25 13:59:24.686 E/ActivityRecognitionHardware( 2173): Error hw_get_module: -2
05-25 13:59:24.837 W/art     ( 2173): Suspending all threads took: 151.685ms
05-25 13:59:24.846 D/LocationManagerService( 2173): Hardware Activity-Recognition not supported.
05-25 13:59:24.848 E/ActivityRecognitionProxy( 2173): ServiceWatcher could not start.
05-25 13:59:24.848 D/LocationManagerService( 2173): Unable to bind ActivityRecognitionProxy.
05-25 13:59:24.861 I/GnssLocationProvider( 2173): WakeLock acquired by sendMessage(2, 1, null)
05-25 13:59:25.053 I/CommonTimeManagementService( 2173): No common time service detected on this platform.  Common time services will be unavailable.
05-25 13:59:25.062 I/InputReader( 2173): Reconfiguring input devices.  changes=0x00000020
05-25 13:59:25.086 W/GnssLocationProvider( 2173): Could not open GPS configuration file /etc/gps.conf
05-25 13:59:25.086 E/GnssLocationProvider( 2173): no AGPS interface in set_agps_server
05-25 13:59:25.138 I/MmsServiceBroker( 2173): Delay connecting to MmsService until an API is called
05-25 13:59:25.251 I/SoftMPEG4Encoder( 1330): Construct SoftMPEG4Encoder
05-25 13:59:25.261 W/ACodec  ( 1333): do not know color format 0x7f000789 = 2130708361
05-25 13:59:25.350 E/OMXNodeInstance( 1330): getConfig(5320017:google.mpeg4.encoder, ConfigAndroidIntraRefresh(0x6f60000a)) ERROR: Undefined(0x80001001)
05-25 13:59:25.442 I/MediaPlayerService( 1333): MediaPlayerService::getOMX
05-25 13:59:25.460 I/OMXClient( 1333): MuxOMX ctor
05-25 13:59:25.461 I/OMXMaster( 1330): makeComponentInstance(OMX.google.vp8.encoder) in mediacodec process
05-25 13:59:25.501 I/Process ( 2173): Sending signal. PID: 2394 SIG: 3
05-25 13:59:25.511 I/art     ( 2394): Thread[3,tid=2402,WaitingInMainSignalCatcherLoop,Thread*=0x78620da96400,peer=0x12c005e0,"Signal Catcher"]: reacting to signal 3
05-25 13:59:25.511 I/art     ( 2394): 
05-25 13:59:25.806 W/VoiceInteractionManagerService( 2173): no available voice interaction services found for user 0
05-25 13:59:25.806 W/VoiceInteractionManagerService( 2173): no available voice recognition services found for user 0
05-25 13:59:25.863 I/InputReader( 2173): Reconfiguring input devices.  changes=0x00000010
05-25 13:59:25.992 W/ActivityManager( 2173): Slow operation: 73ms so far, now at startProcess: building args
05-25 13:59:25.992 W/ActivityManager( 2173): Slow operation: 74ms so far, now at startProcess: asking zygote to start proc
05-25 13:59:26.087 W/ActivityManager( 2173): Slow operation: 169ms so far, now at startProcess: returned from zygote!
05-25 13:59:26.088 W/ActivityManager( 2173): Slow operation: 170ms so far, now at startProcess: done updating battery stats
05-25 13:59:26.088 W/ActivityManager( 2173): Slow operation: 170ms so far, now at startProcess: building log message
05-25 13:59:26.089 I/ActivityManager( 2173): Start proc 2597:com.android.phone/1001 for added application com.android.phone
05-25 13:59:26.089 W/ActivityManager( 2173): Slow operation: 171ms so far, now at startProcess: starting to update pids map
05-25 13:59:26.089 W/ActivityManager( 2173): Slow operation: 171ms so far, now at startProcess: done updating pids map
05-25 13:59:26.192 W/art     ( 2597): Unexpected CPU variant for X86 using defaults: x86_64
05-25 13:59:26.406 I/ActivityManager( 2173): START u0 {act=android.intent.action.MAIN cat=[android.intent.category.HOME] flg=0x10000100 cmp=com.android.settings/.FallbackHome} from uid 0 on display 0
05-25 13:59:26.446 W/System  ( 2173): ClassLoader referenced unknown path: 
05-25 13:59:26.447 W/System  ( 2173): ClassLoader referenced unknown path: /system/priv-app/Settings/lib/x86_64
05-25 13:59:26.511 D/ApplicationLoaders( 2173): ignored Vulkan layer search path /system/priv-app/Settings/lib/x86_64:/system/priv-app/Settings/Settings.apk!/lib/x86_64:/system/lib64:/vendor/lib64 for namespace 0x78621227f160
05-25 13:59:26.600 W/ACodec  ( 1333): do not know color format 0x7f000789 = 2130708361
05-25 13:59:26.601 E/OMXNodeInstance( 1330): getConfig(5320018:google.vp8.encoder, ConfigAndroidIntraRefresh(0x6f60000a)) ERROR: Undefined(0x80001001)
05-25 13:59:26.612 I/ActivityManager( 2173): Loaded persisted task ids for user 0
05-25 13:59:26.651 I/MediaPlayerService( 1333): MediaPlayerService::getOMX
05-25 13:59:26.652 I/OMXClient( 1333): MuxOMX ctor
05-25 13:59:26.700 I/MediaPlayerService( 1333): MediaPlayerService::getOMX
05-25 13:59:26.702 I/OMXClient( 1333): MuxOMX ctor
05-25 13:59:26.716 W/MediaCodecList( 1333): unable to open media codecs configuration xml file: /data/misc/media/media_codecs_profiling_results.xml
05-25 13:59:26.728 I/MediaPlayerService( 1333): MediaPlayerService::getOMX
05-25 13:59:26.778 I/MediaPlayerService( 1333): MediaPlayerService::getOMX
05-25 13:59:26.790 I/OMXClient( 2394): MuxOMX ctor
05-25 13:59:26.792 I/OMXClient( 2173): MuxOMX ctor
05-25 13:59:26.805 W/ActivityManager( 2173): Slow operation: 75ms so far, now at startProcess: returned from zygote!
05-25 13:59:26.805 W/ActivityManager( 2173): Slow operation: 75ms so far, now at startProcess: done updating battery stats
05-25 13:59:26.806 W/ActivityManager( 2173): Slow operation: 76ms so far, now at startProcess: building log message
05-25 13:59:26.806 I/ActivityManager( 2173): Start proc 2613:com.android.settings/1000 for activity com.android.settings/.FallbackHome
05-25 13:59:26.806 W/ActivityManager( 2173): Slow operation: 76ms so far, now at startProcess: starting to update pids map
05-25 13:59:26.806 W/ActivityManager( 2173): Slow operation: 76ms so far, now at startProcess: done updating pids map
05-25 13:59:26.806 W/ActivityManager( 2173): Slow operation: 97ms so far, now at startProcess: done starting proc!
05-25 13:59:26.811 I/OMXMaster( 1330): makeComponentInstance(OMX.google.vorbis.decoder) in mediacodec process
05-25 13:59:26.846 W/art     ( 2173): Long monitor contention with owner main (2173) at void com.android.server.am.ActivityManagerService.systemReady(java.lang.Runnable)(ActivityManagerService.java:13368) waiters=0 in void com.android.server.am.ActivityManagerService.dispatchUidsChanged() for 928ms
05-25 13:59:26.848 I/SystemServer( 2173): Enabled StrictMode for system server main thread.
05-25 13:59:26.867 W/art     ( 2613): Unexpected CPU variant for X86 using defaults: x86_64
05-25 13:59:26.978 D/ConditionProviders.SCP( 2173): onConnected
05-25 13:59:27.123 D/ZenLog  ( 2173): set_zen_mode: off,readXml
05-25 13:59:27.166 D/ConditionProviders( 2173): Subscribing to condition://android/schedule?days=1.2.3.4.5&start=22.0&end=7.0&exitAtAlarm=false with ComponentInfo{android/com.android.server.notification.ScheduleConditionProvider}
05-25 13:59:27.167 D/ZenLog  ( 2173): subscribe: condition://android/schedule?days=1.2.3.4.5&start=22.0&end=7.0&exitAtAlarm=false,ok
05-25 13:59:27.168 D/ConditionProviders( 2173): Subscribing to condition://android/schedule?days=6.7&start=23.30&end=10.0&exitAtAlarm=false with ComponentInfo{android/com.android.server.notification.ScheduleConditionProvider}
05-25 13:59:27.168 D/ZenLog  ( 2173): subscribe: condition://android/schedule?days=6.7&start=23.30&end=10.0&exitAtAlarm=false,ok
05-25 13:59:27.169 D/ConditionProviders( 2173): Subscribing to condition://android/event?userId=-10000&calendar=&reply=1 with ComponentInfo{android/com.android.server.notification.EventConditionProvider}
05-25 13:59:27.169 D/ZenLog  ( 2173): subscribe: condition://android/event?userId=-10000&calendar=&reply=1,ok
05-25 13:59:27.447 I/OMXMaster( 1330): makeComponentInstance(OMX.google.vorbis.decoder) in mediacodec process
05-25 13:59:27.640 D/RttService( 2173): SCAN_AVAILABLE : 1
05-25 13:59:27.641 D/ZenLog  ( 2173): set_zen_mode: off,cleanUpZenRules
05-25 13:59:27.808 W/System  ( 2613): ClassLoader referenced unknown path: /system/priv-app/Settings/lib/x86_64
05-25 13:59:27.881 I/art     ( 2394): Wrote stack traces to '/data/anr/traces.txt'
05-25 13:59:27.897 W/System  ( 2173): ClassLoader referenced unknown path: /system/priv-app/Telecom/lib/x86_64
05-25 13:59:27.902 D/ApplicationLoaders( 2173): ignored Vulkan layer search path /system/priv-app/Telecom/lib/x86_64:/system/priv-app/Telecom/Telecom.apk!/lib/x86_64:/system/lib64:/vendor/lib64 for namespace 0x78621227f1d0
05-25 13:59:28.018 I/GnssLocationProvider( 2173): WakeLock released by handleMessage(13, 0, null)
05-25 13:59:28.030 E/GnssLocationProvider( 2173): no AGPS interface in set_agps_server
05-25 13:59:28.032 I/GnssLocationProvider( 2173): WakeLock released by handleMessage(2, 1, null)
05-25 13:59:29.503 E/BluetoothAdapter( 2173): Bluetooth binder is null
05-25 13:59:29.660 I/Telecom ( 2173): SystemStateProvider: Registering car mode receiver: android.content.IntentFilter@8189a82: TS.init@AAA
05-25 13:59:29.957 D/gralloc_ranchu( 2613): Emulator without host-side GPU emulation detected. Loading gralloc.default.so from /vendor/lib64/hw/gralloc.goldfish.default.so...
05-25 13:59:29.967 D/gralloc_ranchu( 2613): gralloc.default.so not found in /vendor. Trying /system/lib64/hw/gralloc.goldfish.default.so...
05-25 13:59:30.263 I/MediaPlayerService( 1333): MediaPlayerService::getOMX
05-25 13:59:30.286 I/OMXClient( 2394): MuxOMX ctor
05-25 13:59:30.307 I/OMXMaster( 1330): makeComponentInstance(OMX.google.vorbis.decoder) in mediacodec process
05-25 13:59:32.271 I/MediaPlayerService( 1333): MediaPlayerService::getOMX
05-25 13:59:32.275 I/OMXClient( 2394): MuxOMX ctor
05-25 13:59:32.344 I/OMXMaster( 1330): makeComponentInstance(OMX.google.vorbis.decoder) in mediacodec process
05-25 13:59:33.799 W/WindowManager( 2173): Window freeze timeout expired.
05-25 13:59:33.816 I/ActivityManager( 2173): Displayed com.android.settings/.FallbackHome: +7s106ms
05-25 13:59:34.034 I/Telecom ( 2173): Telecom: Non-call EVENT: AUDIO_ROUTE, Entering state QuiescentEarpieceRoute
05-25 13:59:34.085 W/        ( 1268): debuggerd: handling request: pid=1319 uid=1000 gid=1003 tid=1319
05-25 13:59:34.172 I/Choreographer( 2613): Skipped 152 frames!  The application may be doing too much work on its main thread.
05-25 13:59:34.189 I/Telecom ( 2173): CallAudioModeStateMachine: Message received: null.: TS.init->CAMSM.pM_1@AAA_0
05-25 13:59:34.337 E/BluetoothAdapter( 2173): Bluetooth binder is null
05-25 13:59:34.350 E/ActivityThread( 2173): Failed to find provider info for call_log
05-25 13:59:34.409 I/Telecom ( 2173): Class: TelecomSystem.INSTANCE being set
05-25 13:59:34.450 E/BluetoothAdapter( 2173): Bluetooth binder is null
05-25 13:59:34.475 W/ContextImpl( 2173): Calling a method in the system process without a qualified user: android.app.ContextImpl.startService:1357 com.android.server.content.SyncManager$13.run:658 android.os.Handler.handleCallback:751 android.os.Handler.dispatchMessage:95 android.os.Looper.loop:154 
05-25 13:59:34.914 I/WifiScanningService( 2173): wifi driver unloaded
05-25 13:59:34.916 D/RttService( 2173): DefaultState got{ when=-7s275ms what=160513 target=com.android.internal.util.StateMachine$SmHandler }
05-25 13:59:34.937 W/        ( 1268): debuggerd: resuming target 1319
05-25 13:59:35.052 W/        ( 1268): debuggerd: handling request: pid=1324 uid=1041 gid=1005 tid=1324
05-25 13:59:35.146 I/Choreographer( 2613): Skipped 50 frames!  The application may be doing too much work on its main thread.
05-25 13:59:35.296 W/        ( 1267): debuggerd: handling request: pid=1324 uid=1041 gid=1005 tid=1324
05-25 13:59:35.866 W/System  ( 2394): ClassLoader referenced unknown path: 
05-25 13:59:35.868 W/System  ( 2394): ClassLoader referenced unknown path: /system/priv-app/Dialer/lib/x86_64
05-25 13:59:36.047 D/ApplicationLoaders( 2394): ignored Vulkan layer search path /system/priv-app/Dialer/lib/x86_64:/system/lib64:/vendor/lib64 for namespace 0x78621226f0f0
05-25 13:59:36.756 W/        ( 1267): debuggerd: resuming target 1324
05-25 13:59:36.774 W/        ( 1268): debuggerd: handling request: pid=1325 uid=1047 gid=1005 tid=1325
05-25 13:59:36.816 W/        ( 1267): debuggerd: handling request: pid=1325 uid=1047 gid=1005 tid=1325
05-25 13:59:36.989 E/BluetoothAdapter( 2394): Bluetooth binder is null
05-25 13:59:37.328 I/CameraManagerGlobal( 2394): Connecting to camera service
05-25 13:59:37.789 W/art     ( 2173): Long monitor contention with owner Binder:2173_3 (2368) at void com.android.server.am.ActivityManagerService.attachApplication(android.app.IApplicationThread)(ActivityManagerService.java:6669) waiters=0 in int com.android.server.am.ActivityManagerService.broadcastIntent(android.app.IApplicationThread, android.content.Intent, java.lang.String, android.content.IIntentReceiver, int, java.lang.String, android.os.Bundle, java.lang.String[], int, android.os.Bundle, boolean, boolean, int) for 206ms
05-25 13:59:37.793 W/        ( 1267): debuggerd: resuming target 1325
05-25 13:59:37.796 W/        ( 1268): debuggerd: handling request: pid=1326 uid=1019 gid=1019 tid=1326
05-25 13:59:37.798 W/        ( 1267): debuggerd: handling request: pid=1326 uid=1019 gid=1019 tid=1326
05-25 13:59:37.945 I/art     ( 2173): Wrote stack traces to '/data/anr/traces.txt'
05-25 13:59:38.173 V/EmulatedCamera_Camera( 1325): getCameraInfo
05-25 13:59:38.174 V/EmulatedCamera_BaseCamera( 1325): getCameraInfo
05-25 13:59:38.174 I/CameraService( 1325): getCameraCharacteristics: Switching to HAL1 shim implementation...
05-25 13:59:38.174 V/EmulatedCamera_Camera( 1325): getCameraInfo
05-25 13:59:38.174 V/EmulatedCamera_BaseCamera( 1325): getCameraInfo
05-25 13:59:38.177 I/CameraService( 1325): CameraService::connect call (PID -1 "cameraserver", camera ID 0) for HAL version default and Camera API version 1
05-25 13:59:38.243 E/CameraService( 1325): getCameraPriorityFromProcState: Received invalid process state -1 from ActivityManagerService!
05-25 13:59:38.244 V/EmulatedCamera_Camera( 1325): getCameraInfo
05-25 13:59:38.244 V/EmulatedCamera_BaseCamera( 1325): getCameraInfo
05-25 13:59:38.417 W/System  ( 2597): ClassLoader referenced unknown path: /system/priv-app/TeleService/lib/x86_64
05-25 13:59:38.473 W/        ( 1267): debuggerd: resuming target 1326
05-25 13:59:38.477 W/        ( 1268): debuggerd: handling request: pid=1330 uid=1046 gid=1006 tid=1330
05-25 13:59:38.491 W/        ( 1267): debuggerd: handling request: pid=1330 uid=1046 gid=1006 tid=1330
05-25 13:59:39.131 E/WVMExtractor( 1333): Failed to open libwvm.so: dlopen failed: library "libwvm.so" not found
05-25 13:59:39.463 W/        ( 1267): debuggerd: resuming target 1330
05-25 13:59:39.487 W/        ( 1268): debuggerd: handling request: pid=1331 uid=1013 gid=1031 tid=1331
05-25 13:59:39.489 W/        ( 1267): debuggerd: handling request: pid=1331 uid=1013 gid=1031 tid=1331
05-25 13:59:39.588 W/System  ( 2597): ClassLoader referenced unknown path: /system/priv-app/TelephonyProvider/lib/x86_64
05-25 13:59:39.716 D/ApplicationLoaders( 2597): ignored Vulkan layer search path /system/priv-app/TelephonyProvider/lib/x86_64:/system/lib64:/vendor/lib64 for namespace 0x78621226f0f0
05-25 13:59:39.741 D/NuPlayerDriver( 1333): notifyListener_l(0xe6928d20), (1, 0, 0), loop setting(0, 0)
05-25 13:59:39.972 I/art     ( 2394): Background sticky concurrent mark sweep GC freed 19790(3MB) AllocSpace objects, 2(40KB) LOS objects, 19% free, 8MB/10MB, paused 18.715ms total 7.673s
05-25 13:59:40.083 D/NuPlayerDriver( 1333): notifyListener_l(0xe510c240), (1, 0, 0), loop setting(0, 0)
05-25 13:59:40.353 W/        ( 1267): debuggerd: resuming target 1331
05-25 13:59:40.357 W/        ( 1268): debuggerd: handling request: pid=1332 uid=1040 gid=1026 tid=1332
05-25 13:59:40.360 W/        ( 1267): debuggerd: handling request: pid=1332 uid=1040 gid=1026 tid=1332
05-25 13:59:40.453 W/art     ( 2173): Long monitor contention with owner callActivityManagerForStrictModeDropbox (2670) at void java.lang.ThreadGroup.threadTerminated(java.lang.Thread)(ThreadGroup.java:952) waiters=0 in void java.lang.ThreadGroup.addUnstarted() for 5.264s
05-25 13:59:40.459 W/art     ( 2173): Long monitor contention with owner callActivityManagerForStrictModeDropbox (2670) at void java.lang.ThreadGroup.threadTerminated(java.lang.Thread)(ThreadGroup.java:952) waiters=4 in void java.lang.ThreadGroup.threadTerminated(java.lang.Thread) for 2.899s
05-25 13:59:40.464 W/art     ( 2173): Long monitor contention with owner callActivityManagerForStrictModeDropbox (2670) at void java.lang.ThreadGroup.threadTerminated(java.lang.Thread)(ThreadGroup.java:952) waiters=5 in void java.lang.ThreadGroup.threadTerminated(java.lang.Thread) for 2.902s
05-25 13:59:40.464 W/art     ( 2173): Long monitor contention with owner callActivityManagerForStrictModeDropbox (2670) at void java.lang.ThreadGroup.threadTerminated(java.lang.Thread)(ThreadGroup.java:952) waiters=6 in void java.lang.ThreadGroup.threadTerminated(java.lang.Thread) for 2.903s
05-25 13:59:40.551 W/art     ( 2173): Long monitor contention with owner callActivityManagerForStrictModeDropbox (2670) at void java.lang.ThreadGroup.threadTerminated(java.lang.Thread)(ThreadGroup.java:952) waiters=1 in void java.lang.ThreadGroup.threadTerminated(java.lang.Thread) for 4.813s
05-25 13:59:41.099 D/TelephonyProvider( 2597): dbh.onOpen: ok, queried table=siminfo
05-25 13:59:41.252 D/TelephonyProvider( 2597): dbh.onOpen: ok, queried table=carriers
05-25 13:59:41.463 W/art     ( 2173): Long monitor contention with owner callActivityManagerForStrictModeDropbox (2670) at void java.lang.ThreadGroup.threadTerminated(java.lang.Thread)(ThreadGroup.java:952) waiters=3 in void java.lang.ThreadGroup.threadTerminated(java.lang.Thread) for 4.018s
05-25 13:59:41.739 I/LatinIME:LogUtils( 2385): Dictionary info: dictionary = main:en ; version = 54 ; date = 1414726273
05-25 13:59:41.863 W/art     ( 2173): Long monitor contention with owner callActivityManagerForStrictModeDropbox (2670) at void java.lang.ThreadGroup.threadTerminated(java.lang.Thread)(ThreadGroup.java:952) waiters=2 in void java.lang.ThreadGroup.threadTerminated(java.lang.Thread) for 4.761s
05-25 13:59:42.084 W/System  ( 2173): ClassLoader referenced unknown path: /system/priv-app/FusedLocation/lib/x86_64
05-25 13:59:42.129 W/        ( 1267): debuggerd: resuming target 1332
05-25 13:59:42.131 D/NuPlayerDriver( 1333): notifyListener_l(0xe69291a0), (1, 0, 0), loop setting(0, 0)
05-25 13:59:42.153 W/        ( 1268): debuggerd: handling request: pid=1333 uid=1013 gid=1005 tid=1333
05-25 13:59:42.155 W/        ( 1267): debuggerd: handling request: pid=1333 uid=1013 gid=1005 tid=1333
05-25 13:59:42.308 I/CameraFlashlight( 1325): Opening camera 0
05-25 13:59:42.309 V/EmulatedCamera_Camera( 1325): getCameraInfo
05-25 13:59:42.309 V/EmulatedCamera_BaseCamera( 1325): getCameraInfo
05-25 13:59:42.309 V/EmulatedCamera_Camera( 1325): connectCamera
05-25 13:59:42.309 V/EmulatedCamera_FakeDevice( 1325): connectDevice
05-25 13:59:42.309 V/EmulatedCamera_CallbackNotifier( 1325): setCallbacks: 0xef1bce80, 0xef1bced0, 0xef1bcff0, 0xef1bd110 (0xeeec3320)
05-25 13:59:42.309 V/EmulatedCamera_CallbackNotifier( 1325): enableMessage: msg_type = 0xc0d
05-25 13:59:42.310 V/EmulatedCamera_CallbackNotifier( 1325):     CAMERA_MSG_ERROR
05-25 13:59:42.387 V/EmulatedCamera_CallbackNotifier( 1325):     CAMERA_MSG_FOCUS
05-25 13:59:42.387 V/EmulatedCamera_CallbackNotifier( 1325):     CAMERA_MSG_ZOOM
05-25 13:59:42.387 V/EmulatedCamera_CallbackNotifier( 1325):     CAMERA_MSG_PREVIEW_METADATA
05-25 13:59:42.387 V/EmulatedCamera_CallbackNotifier( 1325): **** Currently enabled messages:
05-25 13:59:42.411 V/EmulatedCamera_CallbackNotifier( 1325):     CAMERA_MSG_ERROR
05-25 13:59:42.423 V/EmulatedCamera_CallbackNotifier( 1325):     CAMERA_MSG_FOCUS
05-25 13:59:42.423 V/EmulatedCamera_CallbackNotifier( 1325):     CAMERA_MSG_ZOOM
05-25 13:59:42.423 V/EmulatedCamera_CallbackNotifier( 1325):     CAMERA_MSG_PREVIEW_METADATA
05-25 13:59:42.427 V/EmulatedCamera_CallbackNotifier( 1325): disableMessage: msg_type = 0xffff
05-25 13:59:42.427 V/EmulatedCamera_CallbackNotifier( 1325):     CAMERA_MSG_ERROR
05-25 13:59:42.427 V/EmulatedCamera_CallbackNotifier( 1325):     CAMERA_MSG_SHUTTER
05-25 13:59:42.427 V/EmulatedCamera_CallbackNotifier( 1325):     CAMERA_MSG_FOCUS
05-25 13:59:42.427 V/EmulatedCamera_CallbackNotifier( 1325):     CAMERA_MSG_ZOOM
05-25 13:59:42.427 V/EmulatedCamera_CallbackNotifier( 1325):     CAMERA_MSG_PREVIEW_FRAME
05-25 13:59:42.427 V/EmulatedCamera_CallbackNotifier( 1325):     CAMERA_MSG_VIDEO_FRAME
05-25 13:59:42.427 V/EmulatedCamera_CallbackNotifier( 1325):     CAMERA_MSG_POSTVIEW_FRAME
05-25 13:59:42.427 V/EmulatedCamera_CallbackNotifier( 1325):     CAMERA_MSG_RAW_IMAGE
05-25 13:59:42.427 V/EmulatedCamera_CallbackNotifier( 1325):     CAMERA_MSG_COMPRESSED_IMAGE
05-25 13:59:42.427 V/EmulatedCamera_CallbackNotifier( 1325):     CAMERA_MSG_RAW_IMAGE_NOTIFY
05-25 13:59:42.427 V/EmulatedCamera_CallbackNotifier( 1325):     CAMERA_MSG_PREVIEW_METADATA
05-25 13:59:42.427 V/EmulatedCamera_CallbackNotifier( 1325): **** Currently enabled messages:
05-25 13:59:42.427 V/EmulatedCamera_Preview( 1325): setPreviewWindow: current: 0x0 -> new: 0x0
05-25 13:59:42.428 V/EmulatedCamera_Camera( 1325): doStopPreview
05-25 13:59:42.453 V/EmulatedCamera_Camera( 1325): cancelPicture
05-25 13:59:42.509 V/EmulatedCamera_Camera( 1325): releaseCamera
05-25 13:59:42.541 V/EmulatedCamera_Camera( 1325): doStopPreview
05-25 13:59:42.541 V/EmulatedCamera_FakeDevice( 1325): disconnectDevice
05-25 13:59:42.541 W/EmulatedCamera_Device( 1325): Initialize: Emulated camera device is already initialized: mState = 1
05-25 13:59:42.541 D/EmulatedCamera_FakeCamera( 1325): Initialize: Fake camera is facing back
05-25 13:59:42.543 V/EmulatedCamera_Device( 1325): initializeWhiteBalanceModes with auto, 1.000000, 1.000000
05-25 13:59:42.543 V/EmulatedCamera_Device( 1325): initializeWhiteBalanceModes with incandescent, 1.380000, 0.600000
05-25 13:59:42.544 V/EmulatedCamera_Device( 1325): initializeWhiteBalanceModes with daylight, 1.090000, 0.920000
05-25 13:59:42.544 V/EmulatedCamera_Device( 1325): initializeWhiteBalanceModes with twilight, 0.920000, 1.220000
05-25 13:59:42.544 V/EmulatedCamera_Device( 1325): setWhiteBalanceMode with white balance auto
05-25 13:59:42.544 I/CameraFlashlight( 1325): Destroying camera 0
05-25 13:59:42.544 V/EmulatedCamera_Camera( 1325): closeCamera
05-25 13:59:42.544 V/EmulatedCamera_Camera( 1325): doStopPreview
05-25 13:59:42.544 W/EmulatedCamera_Device( 1325): Initialize: Emulated camera device is already initialized: mState = 1
05-25 13:59:42.544 D/EmulatedCamera_FakeCamera( 1325): Initialize: Fake camera is facing back
05-25 13:59:42.545 V/EmulatedCamera_Device( 1325): initializeWhiteBalanceModes with auto, 1.000000, 1.000000
05-25 13:59:42.545 V/EmulatedCamera_Device( 1325): initializeWhiteBalanceModes with incandescent, 1.380000, 0.600000
05-25 13:59:42.545 V/EmulatedCamera_Device( 1325): initializeWhiteBalanceModes with daylight, 1.090000, 0.920000
05-25 13:59:42.545 V/EmulatedCamera_Device( 1325): initializeWhiteBalanceModes with twilight, 0.920000, 1.220000
05-25 13:59:42.545 V/EmulatedCamera_Device( 1325): setWhiteBalanceMode with white balance auto
05-25 13:59:42.579 I/CameraService( 1325): disconnect: Disconnected client for camera 0 for PID 1325
05-25 13:59:43.199 D/NuPlayerDriver( 1333): reset(0xe6928d20) at state 4
05-25 13:59:43.232 W/        ( 1267): debuggerd: resuming target 1333
05-25 13:59:43.236 W/        ( 1268): debuggerd: handling request: pid=2447 uid=1023 gid=1023 tid=2447
05-25 13:59:43.290 D/NuPlayerDriver( 1333): notifyListener_l(0xe6928d20), (8, 0, 0), loop setting(0, 0)
05-25 13:59:43.292 D/NuPlayerDriver( 1333): notifyResetComplete(0xe6928d20)
05-25 13:59:43.442 D/NuPlayerDriver( 1333): reset(0xe510c240) at state 4
05-25 13:59:43.442 D/NuPlayerDriver( 1333): notifyListener_l(0xe510c240), (8, 0, 0), loop setting(0, 0)
05-25 13:59:43.478 D/NuPlayerDriver( 1333): notifyResetComplete(0xe510c240)
05-25 13:59:43.487 D/NuPlayerDriver( 1333): reset(0xe69291a0) at state 4
05-25 13:59:43.487 D/NuPlayerDriver( 1333): notifyListener_l(0xe69291a0), (8, 0, 0), loop setting(0, 0)
05-25 13:59:43.488 D/NuPlayerDriver( 1333): notifyResetComplete(0xe69291a0)
05-25 13:59:43.519 V/EmulatedCamera_Camera( 1325): getCameraInfo
05-25 13:59:43.531 V/EmulatedCamera_BaseCamera( 1325): getCameraInfo
05-25 13:59:43.534 V/EmulatedCamera_Camera( 1325): getCameraInfo
05-25 13:59:43.534 V/EmulatedCamera_BaseCamera( 1325): getCameraInfo
05-25 13:59:43.764 W/        ( 1268): debuggerd: resuming target 2447
05-25 13:59:43.766 W/        ( 1268): debuggerd: handling request: pid=2502 uid=1023 gid=1023 tid=2502
05-25 13:59:44.014 W/        ( 1268): debuggerd: resuming target 2502
05-25 13:59:44.051 I/StatusBar( 2394): isKeyguardShowing() called before startKeyguard(), returning true
05-25 13:59:44.054 W/StatusBar( 2394): isKeyguardSecure() called before startKeyguard(), returning false
05-25 13:59:44.054 W/StatusBar( 2394): java.lang.Throwable
05-25 13:59:44.054 W/StatusBar( 2394): 	at com.android.systemui.statusbar.BaseStatusBar.isKeyguardSecure(BaseStatusBar.java:2647)
05-25 13:59:44.054 W/StatusBar( 2394): 	at com.android.systemui.statusbar.BaseStatusBar.isCameraAllowedByAdmin(BaseStatusBar.java:2670)
05-25 13:59:44.054 W/StatusBar( 2394): 	at com.android.systemui.statusbar.phone.KeyguardBottomAreaView.updateCameraVisibility(KeyguardBottomAreaView.java:309)
05-25 13:59:44.054 W/StatusBar( 2394): 	at com.android.systemui.statusbar.phone.KeyguardBottomAreaView.setPhoneStatusBar(KeyguardBottomAreaView.java:272)
05-25 13:59:44.054 W/StatusBar( 2394): 	at com.android.systemui.statusbar.phone.PhoneStatusBar.makeStatusBarView(PhoneStatusBar.java:904)
05-25 13:59:44.054 W/StatusBar( 2394): 	at com.android.systemui.statusbar.phone.PhoneStatusBar.addStatusBarWindow(PhoneStatusBar.java:3432)
05-25 13:59:44.054 W/StatusBar( 2394): 	at com.android.systemui.statusbar.phone.PhoneStatusBar.createAndAddWindows(PhoneStatusBar.java:3428)
05-25 13:59:44.054 W/StatusBar( 2394): 	at com.android.systemui.statusbar.BaseStatusBar.start(BaseStatusBar.java:765)
05-25 13:59:44.054 W/StatusBar( 2394): 	at com.android.systemui.statusbar.phone.PhoneStatusBar.start(PhoneStatusBar.java:686)
05-25 13:59:44.054 W/StatusBar( 2394): 	at com.android.systemui.statusbar.SystemBars.createStatusBarFromConfig(SystemBars.java:106)
05-25 13:59:44.054 W/StatusBar( 2394): 	at com.android.systemui.statusbar.SystemBars.onNoService(SystemBars.java:58)
05-25 13:59:44.054 W/StatusBar( 2394): 	at com.android.systemui.statusbar.ServiceMonitor.startService(ServiceMonitor.java:230)
05-25 13:59:44.054 W/StatusBar( 2394): 	at com.android.systemui.statusbar.ServiceMonitor.-wrap5(ServiceMonitor.java)
05-25 13:59:44.054 W/StatusBar( 2394): 	at com.android.systemui.statusbar.ServiceMonitor$1.handleMessage(ServiceMonitor.java:73)
05-25 13:59:44.054 W/StatusBar( 2394): 	at android.os.Handler.dispatchMessage(Handler.java:102)
05-25 13:59:44.054 W/StatusBar( 2394): 	at android.os.Looper.loop(Looper.java:154)
05-25 13:59:44.054 W/StatusBar( 2394): 	at android.app.ActivityThread.main(ActivityThread.java:6119)
05-25 13:59:44.054 W/StatusBar( 2394): 	at java.lang.reflect.Method.invoke(Native Method)
05-25 13:59:44.054 W/StatusBar( 2394): 	at com.android.internal.os.ZygoteInit$MethodAndArgsCaller.run(ZygoteInit.java:886)
05-25 13:59:44.054 W/StatusBar( 2394): 	at com.android.internal.os.ZygoteInit.main(ZygoteInit.java:776)
05-25 13:59:44.145 I/StatusBar( 2394): isKeyguardShowing() called before startKeyguard(), returning true
05-25 13:59:44.147 W/StatusBar( 2394): isKeyguardSecure() called before startKeyguard(), returning false
05-25 13:59:44.147 W/StatusBar( 2394): java.lang.Throwable
05-25 13:59:44.147 W/StatusBar( 2394): 	at com.android.systemui.statusbar.BaseStatusBar.isKeyguardSecure(BaseStatusBar.java:2647)
05-25 13:59:44.147 W/StatusBar( 2394): 	at com.android.systemui.statusbar.BaseStatusBar.isCameraAllowedByAdmin(BaseStatusBar.java:2670)
05-25 13:59:44.147 W/StatusBar( 2394): 	at com.android.systemui.statusbar.phone.KeyguardBottomAreaView.updateCameraVisibility(KeyguardBottomAreaView.java:309)
05-25 13:59:44.147 W/StatusBar( 2394): 	at com.android.systemui.statusbar.phone.KeyguardBottomAreaView.setUserSetupComplete(KeyguardBottomAreaView.java:281)
05-25 13:59:44.147 W/StatusBar( 2394): 	at com.android.systemui.statusbar.phone.PhoneStatusBar.makeStatusBarView(PhoneStatusBar.java:905)
05-25 13:59:44.147 W/StatusBar( 2394): 	at com.android.systemui.statusbar.phone.PhoneStatusBar.addStatusBarWindow(PhoneStatusBar.java:3432)
05-25 13:59:44.147 W/StatusBar( 2394): 	at com.android.systemui.statusbar.phone.PhoneStatusBar.createAndAddWindows(PhoneStatusBar.java:3428)
05-25 13:59:44.147 W/StatusBar( 2394): 	at com.android.systemui.statusbar.BaseStatusBar.start(BaseStatusBar.java:765)
05-25 13:59:44.147 W/StatusBar( 2394): 	at com.android.systemui.statusbar.phone.PhoneStatusBar.start(PhoneStatusBar.java:686)
05-25 13:59:44.147 W/StatusBar( 2394): 	at com.android.systemui.statusbar.SystemBars.createStatusBarFromConfig(SystemBars.java:106)
05-25 13:59:44.147 W/StatusBar( 2394): 	at com.android.systemui.statusbar.SystemBars.onNoService(SystemBars.java:58)
05-25 13:59:44.147 W/StatusBar( 2394): 	at com.android.systemui.statusbar.ServiceMonitor.startService(ServiceMonitor.java:230)
05-25 13:59:44.147 W/StatusBar( 2394): 	at com.android.systemui.statusbar.ServiceMonitor.-wrap5(ServiceMonitor.java)
05-25 13:59:44.147 W/StatusBar( 2394): 	at com.android.systemui.statusbar.ServiceMonitor$1.handleMessage(ServiceMonitor.java:73)
05-25 13:59:44.147 W/StatusBar( 2394): 	at android.os.Handler.dispatchMessage(Handler.java:102)
05-25 13:59:44.147 W/StatusBar( 2394): 	at android.os.Looper.loop(Looper.java:154)
05-25 13:59:44.147 W/StatusBar( 2394): 	at android.app.ActivityThread.main(ActivityThread.java:6119)
05-25 13:59:44.147 W/StatusBar( 2394): 	at java.lang.reflect.Method.invoke(Native Method)
05-25 13:59:44.147 W/StatusBar( 2394): 	at com.android.internal.os.ZygoteInit$MethodAndArgsCaller.run(ZygoteInit.java:886)
05-25 13:59:44.147 W/StatusBar( 2394): 	at com.android.internal.os.ZygoteInit.main(ZygoteInit.java:776)
05-25 13:59:44.491 D/ApplicationLoaders( 2173): ignored Vulkan layer search path /system/priv-app/FusedLocation/lib/x86_64:/system/priv-app/FusedLocation/FusedLocation.apk!/lib/x86_64:/system/lib64:/vendor/lib64 for namespace 0x78621227f240
05-25 13:59:45.364 V/EmulatedCamera_Camera( 1325): getCameraInfo
05-25 13:59:45.364 V/EmulatedCamera_BaseCamera( 1325): getCameraInfo
05-25 13:59:45.453 V/EmulatedCamera_Camera( 1325): getCameraInfo
05-25 13:59:45.453 V/EmulatedCamera_BaseCamera( 1325): getCameraInfo
05-25 13:59:46.801 W/art     ( 2597): Long monitor contention with owner RILReceiver0 (2721) at boolean android.os.BinderProxy.transactNative(int, android.os.Parcel, android.os.Parcel, int)(Binder.java:-2) waiters=0 in void com.android.internal.telephony.RIL.acquireWakeLock(com.android.internal.telephony.RILRequest, int) for 1.319s
05-25 13:59:46.895 V/WiredAccessoryManager( 2173): notifyWiredAccessoryChanged: when=0 bits= mask=54
05-25 13:59:46.895 V/WiredAccessoryManager( 2173): newName=h2w newState=0 headsetState=0 prev headsetState=0
05-25 13:59:46.896 E/WiredAccessoryManager( 2173): No state change.
05-25 13:59:46.896 V/WiredAccessoryManager( 2173): init()
05-25 13:59:46.989 D/ConditionProviders.SCP( 2173): onSubscribe condition://android/schedule?days=1.2.3.4.5&start=22.0&end=7.0&exitAtAlarm=false
05-25 13:59:47.166 D/ConditionProviders.SCP( 2173): setRegistered true
05-25 13:59:47.189 D/ConditionProviders.SCP( 2173): notifyCondition condition://android/schedule?days=1.2.3.4.5&start=22.0&end=7.0&exitAtAlarm=false STATE_FALSE reason=!meetsSchedule
05-25 13:59:47.330 D/ConditionProviders.SCP( 2173): Scheduling evaluate for Tue May 25 22:00:00 UTC 2021 (1621980000000), in +8h0m12s832ms, now=Tue May 25 13:59:47 UTC 2021 (1621951187168)
05-25 13:59:47.332 D/ConditionProviders.SCP( 2173): onSubscribe condition://android/schedule?days=6.7&start=23.30&end=10.0&exitAtAlarm=false
05-25 13:59:47.334 D/ConditionProviders.SCP( 2173): notifyCondition condition://android/schedule?days=6.7&start=23.30&end=10.0&exitAtAlarm=false STATE_FALSE reason=!meetsSchedule
05-25 13:59:47.335 D/ConditionProviders.SCP( 2173): notifyCondition condition://android/schedule?days=1.2.3.4.5&start=22.0&end=7.0&exitAtAlarm=false STATE_FALSE reason=!meetsSchedule
05-25 13:59:47.338 D/ConditionProviders.SCP( 2173): Scheduling evaluate for Tue May 25 22:00:00 UTC 2021 (1621980000000), in +8h0m12s666ms, now=Tue May 25 13:59:47 UTC 2021 (1621951187334)
05-25 13:59:47.442 I/Telecom ( 2173): WiredHeadsetManager: ACTION_HEADSET_PLUG event, plugged in: false, : WHC.oADA@AAE
05-25 13:59:47.852 I/ActivityManager( 2173): user 0 is still locked. Cannot load recents
05-25 13:59:48.539 I/StatusBar( 2394): isKeyguardShowing() called before startKeyguard(), returning true
05-25 13:59:48.548 W/StatusBar( 2394): isKeyguardSecure() called before startKeyguard(), returning false
05-25 13:59:48.548 W/StatusBar( 2394): java.lang.Throwable
05-25 13:59:48.548 W/StatusBar( 2394): 	at com.android.systemui.statusbar.BaseStatusBar.isKeyguardSecure(BaseStatusBar.java:2647)
05-25 13:59:48.548 W/StatusBar( 2394): 	at com.android.systemui.statusbar.BaseStatusBar.isCameraAllowedByAdmin(BaseStatusBar.java:2670)
05-25 13:59:48.548 W/StatusBar( 2394): 	at com.android.systemui.statusbar.phone.KeyguardBottomAreaView.updateCameraVisibility(KeyguardBottomAreaView.java:309)
05-25 13:59:48.548 W/StatusBar( 2394): 	at com.android.systemui.statusbar.phone.KeyguardBottomAreaView.setUserSetupComplete(KeyguardBottomAreaView.java:281)
05-25 13:59:48.548 W/StatusBar( 2394): 	at com.android.systemui.statusbar.phone.PhoneStatusBar$1.onChange(PhoneStatusBar.java:441)
05-25 13:59:48.548 W/StatusBar( 2394): 	at com.android.systemui.statusbar.phone.PhoneStatusBar.resetUserSetupObserver(PhoneStatusBar.java:3676)
05-25 13:59:48.548 W/StatusBar( 2394): 	at com.android.systemui.statusbar.phone.PhoneStatusBar.makeStatusBarView(PhoneStatusBar.java:1008)
05-25 13:59:48.548 W/StatusBar( 2394): 	at com.android.systemui.statusbar.phone.PhoneStatusBar.addStatusBarWindow(PhoneStatusBar.java:3432)
05-25 13:59:48.548 W/StatusBar( 2394): 	at com.android.systemui.statusbar.phone.PhoneStatusBar.createAndAddWindows(PhoneStatusBar.java:3428)
05-25 13:59:48.548 W/StatusBar( 2394): 	at com.android.systemui.statusbar.BaseStatusBar.start(BaseStatusBar.java:765)
05-25 13:59:48.548 W/StatusBar( 2394): 	at com.android.systemui.statusbar.phone.PhoneStatusBar.start(PhoneStatusBar.java:686)
05-25 13:59:48.548 W/StatusBar( 2394): 	at com.android.systemui.statusbar.SystemBars.createStatusBarFromConfig(SystemBars.java:106)
05-25 13:59:48.548 W/StatusBar( 2394): 	at com.android.systemui.statusbar.SystemBars.onNoService(SystemBars.java:58)
05-25 13:59:48.548 W/StatusBar( 2394): 	at com.android.systemui.statusbar.ServiceMonitor.startService(ServiceMonitor.java:230)
05-25 13:59:48.548 W/StatusBar( 2394): 	at com.android.systemui.statusbar.ServiceMonitor.-wrap5(ServiceMonitor.java)
05-25 13:59:48.548 W/StatusBar( 2394): 	at com.android.systemui.statusbar.ServiceMonitor$1.handleMessage(ServiceMonitor.java:73)
05-25 13:59:48.548 W/StatusBar( 2394): 	at android.os.Handler.dispatchMessage(Handler.java:102)
05-25 13:59:48.548 W/StatusBar( 2394): 	at android.os.Looper.loop(Looper.java:154)
05-25 13:59:48.548 W/StatusBar( 2394): 	at android.app.ActivityThread.main(ActivityThread.java:6119)
05-25 13:59:48.548 W/StatusBar( 2394): 	at java.lang.reflect.Method.invoke(Native Method)
05-25 13:59:48.548 W/StatusBar( 2394): 	at com.android.internal.os.ZygoteInit$MethodAndArgsCaller.run(ZygoteInit.java:886)
05-25 13:59:48.548 W/StatusBar( 2394): 	at com.android.internal.os.ZygoteInit.main(ZygoteInit.java:776)
05-25 13:59:48.754 E/SurfaceFlinger( 1319): ro.sf.lcd_density must be defined as a build property
05-25 13:59:48.786 W/ProcessCpuTracker( 2173): Skipping unknown process pid 2723
