05-25 14:00:12.959 W/ActivityManager( 2173): Slow operation: 170ms so far, now at startProcess: starting to update pids map
05-25 14:00:12.960 W/ActivityManager( 2173): Slow operation: 171ms so far, now at startProcess: done updating pids map
05-25 14:00:12.960 W/ActivityManager( 2173): Slow operation: 172ms so far, now at startProcess: done starting proc!
05-25 14:00:12.960 W/ActivityManager( 2173): Slow operation: 173ms so far, now at getContentProviderImpl: after start process
05-25 14:00:12.960 W/ActivityManager( 2173): Slow operation: 173ms so far, now at getContentProviderImpl: updating data structures
05-25 14:00:12.960 W/ActivityManager( 2173): Slow operation: 173ms so far, now at getContentProviderImpl: done!
05-25 14:00:12.961 W/art     ( 2173): Long monitor contention with owner Binder:2173_6 (2640) at android.app.IActivityManager$ContentProviderHolder com.android.server.am.ActivityManagerService.getContentProviderImpl(android.app.IApplicationThread, java.lang.String, android.os.IBinder, boolean, int)(ActivityManagerService.java:10666) waiters=0 in void com.android.server.am.ActivityManagerService.dispatchUidsChanged() for 172ms
05-25 14:00:12.998 W/art     ( 2895): Unexpected CPU variant for X86 using defaults: x86_64
05-25 14:00:13.186 W/art     ( 2173): Long monitor contention with owner Binder:2173_6 (2640) at android.app.IActivityManager$ContentProviderHolder com.android.server.am.ActivityManagerService.getContentProviderImpl(android.app.IApplicationThread, java.lang.String, android.os.IBinder, boolean, int)(ActivityManagerService.java:10666) waiters=1 in int com.android.server.am.ActivityManagerService.bindService(android.app.IApplicationThread, android.os.IBinder, android.content.Intent, java.lang.String, android.app.IServiceConnection, int, java.lang.String, int) for 379ms
05-25 14:00:13.205 W/System  ( 2895): ClassLoader referenced unknown path: /system/priv-app/ContactsProvider/lib/x86_64
05-25 14:00:13.332 W/art     ( 2909): Unexpected CPU variant for X86 using defaults: x86_64
05-25 14:00:13.355 W/ActivityManager( 2173): Slow operation: 61ms so far, now at startProcess: returned from zygote!
05-25 14:00:13.356 W/ActivityManager( 2173): Slow operation: 103ms so far, now at startProcess: done updating battery stats
05-25 14:00:13.356 W/ActivityManager( 2173): Slow operation: 104ms so far, now at startProcess: building log message
05-25 14:00:13.356 I/ActivityManager( 2173): Start proc 2909:com.android.keychain/1000 for service com.android.keychain/.KeyChainService
05-25 14:00:13.356 W/ActivityManager( 2173): Slow operation: 104ms so far, now at startProcess: starting to update pids map
05-25 14:00:13.356 W/ActivityManager( 2173): Slow operation: 104ms so far, now at startProcess: done updating pids map
05-25 14:00:13.356 W/ActivityManager( 2173): Slow operation: 105ms so far, now at startProcess: done starting proc!
05-25 14:00:13.604 I/Choreographer( 2394): Skipped 270 frames!  The application may be doing too much work on its main thread.
05-25 14:00:13.668 I/art     ( 2394): Background sticky concurrent mark sweep GC freed 10565(426KB) AllocSpace objects, 3(60KB) LOS objects, 0% free, 17MB/17MB, paused 4.313ms total 357.663ms
05-25 14:00:14.028 I/art     ( 2173): Background sticky concurrent mark sweep GC freed 41461(2MB) AllocSpace objects, 5(104KB) LOS objects, 23% free, 10MB/13MB, paused 1.795ms total 2.687s
05-25 14:00:14.069 W/System  ( 2909): ClassLoader referenced unknown path: /system/app/KeyChain/lib/x86_64
05-25 14:00:14.124 W/art     ( 2394): Suspending all threads took: 17.540ms
05-25 14:00:14.250 I/art     ( 2394): Background partial concurrent mark sweep GC freed 2694(122KB) AllocSpace objects, 1(4MB) LOS objects, 23% free, 13MB/17MB, paused 62.247ms total 335.854ms
05-25 14:00:14.353 W/KeyguardUpdateMonitor( 2394): invalid subId in handleSimStateChange()
05-25 14:00:14.502 V/KeyguardServiceDelegate( 2173): **** SHOWN CALLED ****
05-25 14:00:14.630 W/art     ( 2173): Long monitor contention with owner callActivityManagerForStrictModeDropbox (2880) at void java.lang.ThreadGroup.threadTerminated(java.lang.Thread)(ThreadGroup.java:952) waiters=0 in void java.lang.ThreadGroup.addUnstarted() for 543ms
05-25 14:00:14.641 I/InputConnectionWrapper.ICC( 2385): Got out-of-sequence callback 1 (expected 3) in setTextBeforeCursor, ignoring.
05-25 14:00:14.697 I/ContactsPerf( 2895): VoicemailContentProvider.onCreate start
05-25 14:00:14.794 W/InputConnectionWrapper.ICC( 2385): Timed out waiting on IInputContextCallback
05-25 14:00:14.795 I/InputAttributes( 2385): InputType.TYPE_NULL is specified
05-25 14:00:14.930 I/ContactsPerf( 2895): VoicemailContentProvider.onCreate finish
05-25 14:00:14.985 D/WIFI    ( 2173): Registering NetworkFactory
05-25 14:00:14.986 D/WIFI_UT ( 2173): Registering NetworkFactory
05-25 14:00:14.988 D/ConnectivityService( 2173): Got NetworkFactory Messenger for WIFI
05-25 14:00:14.988 D/ConnectivityService( 2173): Got NetworkFactory Messenger for WIFI_UT
05-25 14:00:14.989 D/WIFI    ( 2173): got request NetworkRequest [ REQUEST id=1, [ Capabilities: INTERNET&NOT_RESTRICTED&TRUSTED&NOT_VPN] ] with score 0
05-25 14:00:14.990 D/WIFI_UT ( 2173): got request NetworkRequest [ REQUEST id=1, [ Capabilities: INTERNET&NOT_RESTRICTED&TRUSTED&NOT_VPN] ] with score 0
05-25 14:00:14.853 I/InputConnectionWrapper.ICC( 2385): Got out-of-sequence callback 2 (expected 3) in setSelectedText, ignoring.
05-25 14:00:15.094 W/art     ( 2173): Long monitor contention with owner Binder:2173_8 (2771) at int com.android.server.wm.WindowManagerService.relayoutWindow(com.android.server.wm.Session, android.view.IWindow, int, android.view.WindowManager$LayoutParams, int, int, int, int, android.graphics.Rect, android.graphics.Rect, android.graphics.Rect, android.graphics.Rect, android.graphics.Rect, android.graphics.Rect, android.graphics.Rect, android.content.res.Configuration, android.view.Surface)(WindowManagerService.java:2857) waiters=0 in void com.android.server.wm.WindowManagerService$H.handleMessage(android.os.Message) for 406ms
05-25 14:00:15.111 W/art     ( 2937): Unexpected CPU variant for X86 using defaults: x86_64
05-25 14:00:15.141 W/ActivityManager( 2173): Slow operation: 148ms so far, now at startProcess: returned from zygote!
05-25 14:00:15.141 W/ActivityManager( 2173): Slow operation: 148ms so far, now at startProcess: done updating battery stats
05-25 14:00:15.145 W/ActivityManager( 2173): Slow operation: 149ms so far, now at startProcess: building log message
05-25 14:00:15.145 I/ActivityManager( 2173): Start proc 2937:com.android.deskclock/u0a31 for broadcast com.android.deskclock/.AlarmInitReceiver
05-25 14:00:15.145 W/ActivityManager( 2173): Slow operation: 152ms so far, now at startProcess: starting to update pids map
05-25 14:00:15.145 W/ActivityManager( 2173): Slow operation: 152ms so far, now at startProcess: done updating pids map
05-25 14:00:15.145 W/ActivityManager( 2173): Slow operation: 154ms so far, now at startProcess: done starting proc!
05-25 14:00:15.325 W/System  ( 2895): ClassLoader referenced unknown path: /system/priv-app/BlockedNumberProvider/lib/x86_64
05-25 14:00:15.329 D/ApplicationLoaders( 2895): ignored Vulkan layer search path /system/priv-app/BlockedNumberProvider/lib/x86_64:/system/lib64:/vendor/lib64 for namespace 0x78621210c0f0
05-25 14:00:15.598 W/System  ( 2895): ClassLoader referenced unknown path: /system/app/UserDictionaryProvider/lib/x86_64
05-25 14:00:15.601 D/ApplicationLoaders( 2895): ignored Vulkan layer search path /system/app/UserDictionaryProvider/lib/x86_64:/system/lib64:/vendor/lib64 for namespace 0x78621210c160
05-25 14:00:16.216 I/BackupManagerService( 2173): Found stale backup journal, scheduling
05-25 14:00:16.273 I/Choreographer( 2394): Skipped 158 frames!  The application may be doing too much work on its main thread.
05-25 14:00:16.359 W/KeyguardUpdateMonitor( 2394): invalid subId in handleSimStateChange()
05-25 14:00:16.369 D/PhoneStatusBar( 2394): disable: < expand* icons alerts system_info back* home* recent* clock search* quick_settings >
05-25 14:00:16.904 I/LatinIME( 2385): Timeout waiting for dictionary load
05-25 14:00:17.028 W/art     ( 2173): Long monitor contention with owner AsyncTask #1 (2365) at boolean android.os.MessageQueue.enqueueMessage(android.os.Message, long)(MessageQueue.java:541) waiters=1 in void android.os.MessageQueue.removeMessages(android.os.Handler, java.lang.Runnable, java.lang.Object) for 102ms
05-25 14:00:17.290 W/ActivityManager( 2173): Launch timeout has expired, giving up wake lock!
05-25 14:00:17.364 W/art     ( 2173): Long monitor contention with owner android.bg (2219) at android.app.SearchableInfo android.app.SearchableInfo.getActivityMetaData(android.content.Context, android.content.pm.ActivityInfo, int)(SearchableInfo.java:-1) waiters=0 in com.android.server.search.Searchables com.android.server.search.SearchManagerService.getSearchables(int, boolean) for 4.587s
05-25 14:00:17.489 W/System  ( 2937): ClassLoader referenced unknown path: /system/app/DeskClock/lib/x86_64
05-25 14:00:17.801 W/art     ( 2173): Long monitor contention with owner android.bg (2219) at boolean com.android.server.am.ActivityManagerService.isUserRunning(int, int)(ActivityManagerService.java:21741) waiters=0 in android.content.Intent com.android.server.am.ActivityManagerService.registerReceiver(android.app.IApplicationThread, java.lang.String, android.content.IIntentReceiver, android.content.IntentFilter, java.lang.String, int) for 274ms
05-25 14:00:18.028 I/CalendarProvider2( 2812): Sending notification intent: Intent { act=android.intent.action.PROVIDER_CHANGED dat=content://com.android.calendar flg=0x20000000 }
05-25 14:00:18.033 W/ContentResolver( 2812): Failed to get type for: content://com.android.calendar (Unknown URL content://com.android.calendar)
05-25 14:00:18.219 W/ifconfig( 2965): type=1400 audit(0.0:13): avc: denied { ioctl } for path="socket:[14869]" dev="sockfs" ino=14869 ioctlcmd=8927 scontext=u:r:shell:s0 tcontext=u:r:shell:s0 tclass=udp_socket permissive=0
05-25 14:00:18.259 W/ifconfig( 2965): type=1400 audit(0.0:14): avc: denied { ioctl } for path="socket:[14869]" dev="sockfs" ino=14869 ioctlcmd=891d scontext=u:r:shell:s0 tcontext=u:r:shell:s0 tclass=udp_socket permissive=0
05-25 14:00:18.269 W/ifconfig( 2965): type=1400 audit(0.0:15): avc: denied { ioctl } for path="socket:[14869]" dev="sockfs" ino=14869 ioctlcmd=8970 scontext=u:r:shell:s0 tcontext=u:r:shell:s0 tclass=udp_socket permissive=0
05-25 14:00:19.431 I/Choreographer( 2849): Skipped 39 frames!  The application may be doing too much work on its main thread.
05-25 14:00:19.613 W/ActivityManager( 2173): Slow operation: 70ms so far, now at startProcess: asking zygote to start proc
05-25 14:00:19.634 D/gralloc_ranchu( 2849): Emulator without host-side GPU emulation detected. Loading gralloc.default.so from /vendor/lib64/hw/gralloc.goldfish.default.so...
05-25 14:00:19.657 D/gralloc_ranchu( 2849): gralloc.default.so not found in /vendor. Trying /system/lib64/hw/gralloc.goldfish.default.so...
05-25 14:00:19.693 W/ActivityManager( 2173): Slow operation: 151ms so far, now at startProcess: returned from zygote!
05-25 14:00:19.693 W/ActivityManager( 2173): Slow operation: 151ms so far, now at startProcess: done updating battery stats
05-25 14:00:19.697 W/ActivityManager( 2173): Slow operation: 155ms so far, now at startProcess: building log message
05-25 14:00:19.697 I/ActivityManager( 2173): Start proc 2972:com.android.printspooler/u0a51 for service com.android.printspooler/.model.PrintSpoolerService
05-25 14:00:19.697 W/ActivityManager( 2173): Slow operation: 155ms so far, now at startProcess: starting to update pids map
05-25 14:00:19.697 W/ActivityManager( 2173): Slow operation: 155ms so far, now at startProcess: done updating pids map
05-25 14:00:19.698 W/ActivityManager( 2173): Slow operation: 158ms so far, now at startProcess: done starting proc!
05-25 14:00:19.812 W/art     ( 2972): Unexpected CPU variant for X86 using defaults: x86_64
05-25 14:00:19.967 V/GridSizeMigrationTask( 2849): Workspace migration completed in 964
05-25 14:00:19.971 D/Launcher.Model( 2849): loadWorkspace: loading default favorites
05-25 14:00:20.002 I/Choreographer( 2849): Skipped 33 frames!  The application may be doing too much work on its main thread.
05-25 14:00:20.667 W/art     ( 2173): Long monitor contention with owner android.display (2231) at void com.android.server.wm.WindowManagerService$H.handleMessage(android.os.Message)(WindowManagerService.java:8368) waiters=0 in void com.android.server.wm.WindowManagerService.finishDrawingWindow(com.android.server.wm.Session, android.view.IWindow) for 457ms
05-25 14:00:20.668 W/art     ( 2173): Long monitor contention with owner android.display (2231) at void com.android.server.wm.WindowManagerService$H.handleMessage(android.os.Message)(WindowManagerService.java:8368) waiters=1 in void com.android.server.wm.WindowManagerService.notifyAppRelaunchesCleared(android.os.IBinder) for 455ms
05-25 14:00:20.671 I/Choreographer( 2849): Skipped 38 frames!  The application may be doing too much work on its main thread.
05-25 14:00:20.768 I/Choreographer( 2173): Skipped 44 frames!  The application may be doing too much work on its main thread.
05-25 14:00:20.771 W/art     ( 2173): Long monitor contention with owner Binder:2173_4 (2443) at void com.android.server.am.ActivityManagerService.activityDestroyed(android.os.IBinder)(ActivityManagerService.java:6952) waiters=2 in com.android.server.am.ProcessRecord com.android.server.am.ActivityManagerService.findAppProcess(android.os.IBinder, java.lang.String) for 232ms
05-25 14:00:20.810 I/ActivityManager( 2173): Displayed com.android.launcher3/.Launcher: +12s721ms
05-25 14:00:20.916 W/art     ( 2173): Long monitor contention with owner Binder:2173_4 (2443) at void com.android.server.am.ActivityManagerService.activityDestroyed(android.os.IBinder)(ActivityManagerService.java:6952) waiters=0 in java.lang.String com.android.server.am.ActivityManagerService.checkContentProviderAccess(java.lang.String, int) for 316ms
05-25 14:00:21.015 W/art     ( 2937): Suspending all threads took: 50.716ms
05-25 14:00:22.009 I/AlarmClock( 2937): AlarmInitReceiver android.intent.action.LOCKED_BOOT_COMPLETED
05-25 14:00:22.602 D/AlarmClock/Events( 2937): [Stopwatch] [Reset] [Reboot]
05-25 14:00:22.933 W/art     ( 2991): Unexpected CPU variant for X86 using defaults: x86_64
05-25 14:00:22.937 W/ActivityManager( 2173): Slow operation: 59ms so far, now at startProcess: returned from zygote!
05-25 14:00:22.937 W/ActivityManager( 2173): Slow operation: 60ms so far, now at startProcess: done updating battery stats
05-25 14:00:22.937 W/ActivityManager( 2173): Slow operation: 60ms so far, now at startProcess: building log message
05-25 14:00:22.937 I/ActivityManager( 2173): Start proc 2991:android.process.media/u0a10 for broadcast com.android.providers.downloads/.DownloadReceiver
05-25 14:00:22.937 W/ActivityManager( 2173): Slow operation: 60ms so far, now at startProcess: starting to update pids map
05-25 14:00:22.937 W/ActivityManager( 2173): Slow operation: 60ms so far, now at startProcess: done updating pids map
05-25 14:00:22.937 W/ActivityManager( 2173): Slow operation: 69ms so far, now at startProcess: done starting proc!
05-25 14:00:23.748 E/NetdConnector( 2173): NDC Command {19 bandwidth addniceapps 10010} took too long (809ms)
05-25 14:00:23.780 V/AlarmClock( 2937): AlarmInitReceiver finished
05-25 14:00:23.866 W/System  ( 2991): ClassLoader referenced unknown path: /system/priv-app/DownloadProvider/lib/x86_64
05-25 14:00:23.943 W/System  ( 2991): ClassLoader referenced unknown path: /system/priv-app/MediaProvider/lib/x86_64
05-25 14:00:23.960 D/ApplicationLoaders( 2991): ignored Vulkan layer search path /system/priv-app/MediaProvider/lib/x86_64:/system/priv-app/MediaProvider/MediaProvider.apk!/lib/x86_64:/system/lib64:/vendor/lib64 for namespace 0x78621210c0f0
05-25 14:00:24.733 I/art     ( 2849): Background sticky concurrent mark sweep GC freed 19864(1938KB) AllocSpace objects, 10(232KB) LOS objects, 22% free, 7MB/10MB, paused 11.647ms total 202.034ms
05-25 14:00:24.908 I/ContactLocale( 2895): AddressBook Labels [[en_US]]: [â€¦, A, B, C, D, E, F, G, H, I, J, K, L, M, N, O, P, Q, R, S, T, U, V, W, X, Y, Z, Î‘, Î’, Î“, Î”, Î•, Î–, Î—, Î˜, Î™, Îš, Î›, Îœ, Î, Îž, ÎŸ, Î , Î¡, Î£, Î¤, Î¥, Î¦, Î§, Î¨, Î©, â€¦, Ð, Ð‘, Ð’, Ð“, Ð”, Ð‚, Ð•, Ð„, Ð–, Ð—, Ð˜, Ð†, Ð™, Ðˆ, Ðš, Ð›, Ð‰, Ðœ, Ð, ÐŠ, Ðž, ÐŸ, Ð , Ð¡, Ð¢, Ð‹, Ð£, Ð¤, Ð¥, Ð¦, Ð§, Ð, Ð¨, Ð©, Ð®, Ð¯, â€¦, ×, ×‘, ×’, ×“, ×”, ×•, ×–, ×—, ×˜, ×™, ×›, ×œ, ×ž, × , ×¡, ×¢, ×¤, ×¦, ×§, ×¨, ×©, ×ª, â€¦, Ø§, Ø¨, Øª, Ø«, Ø¬, Ø­, Ø®, Ø¯, Ø°, Ø±, Ø², Ø³, Ø´, Øµ, Ø¶, Ø·, Ø¸, Ø¹, Øº, Ù, Ù‚, Ùƒ, Ù„, Ù…, Ù†, Ù‡, Ùˆ, ÙŠ, â€¦, à¸, à¸‚, à¸ƒ, à¸„, à¸…, à¸†, à¸‡, à¸ˆ, à¸‰, à¸Š, à¸‹, à¸Œ, à¸, à¸Ž, à¸, à¸, à¸‘, à¸’, à¸“, à¸”, à¸•, à¸–, à¸—, à¸˜, à¸™, à¸š, à¸›, à¸œ, à¸, à¸ž, à¸Ÿ, à¸ , à¸¡, à¸¢, à¸£, à¸¤, à¸¥, à¸¦, à¸§, à¸¨, à¸©, à¸ª, à¸«, à¸¬, à¸­, à¸®, â€¦, ã„±, ã„´, ã„·, ã„¹, ã…, ã…‚, ã……, ã…‡, ã…ˆ, ã…Š, ã…‹, ã…Œ, ã…, ã…Ž, â€¦, ã‚, ã‹, ã•, ãŸ, ãª, ã¯, ã¾, ã‚„, ã‚‰, ã‚, #, â€¦]
05-25 14:00:25.585 D/MediaScannerReceiver( 2991): action: android.intent.action.MEDIA_MOUNTED path: /storage/1EFF-1C1B
05-25 14:00:26.151 D/MediaScannerReceiver( 2991): action: android.intent.action.MEDIA_MOUNTED path: /storage/emulated/0
05-25 14:00:26.248 W/ActivityManager( 2173): Slow operation: 61ms so far, now at startProcess: returned from zygote!
05-25 14:00:26.248 W/ActivityManager( 2173): Slow operation: 62ms so far, now at startProcess: done updating battery stats
05-25 14:00:26.248 W/ActivityManager( 2173): Slow operation: 62ms so far, now at startProcess: building log message
05-25 14:00:26.248 I/ActivityManager( 2173): Start proc 3015:com.android.calendar/u0a26 for broadcast com.android.calendar/.widget.CalendarAppWidgetService$CalendarFactory
05-25 14:00:26.248 W/ActivityManager( 2173): Slow operation: 62ms so far, now at startProcess: starting to update pids map
05-25 14:00:26.248 W/ActivityManager( 2173): Slow operation: 62ms so far, now at startProcess: done updating pids map
05-25 14:00:26.249 W/ActivityManager( 2173): Slow operation: 64ms so far, now at startProcess: done starting proc!
05-25 14:00:26.259 W/art     ( 3015): Unexpected CPU variant for X86 using defaults: x86_64
05-25 14:00:26.452 W/System  ( 3015): ClassLoader referenced unknown path: /system/app/Calendar/lib/x86_64
05-25 14:00:26.895 D/ExtensionsFactory( 3015): No custom extensions.
05-25 14:00:26.928 V/MediaScanner( 2991): pruneDeadThumbnailFiles... android.content.ContentProviderClient$CursorWrapperInner@deb0ad2
05-25 14:00:26.932 V/MediaScanner( 2991): /pruneDeadThumbnailFiles... android.content.ContentProviderClient$CursorWrapperInner@deb0ad2
05-25 14:00:26.992 I/AlarmClock( 2937): AlarmInitReceiver android.intent.action.TIME_SET
05-25 14:00:27.227 V/AlarmClock( 2937): AlarmInitReceiver finished
05-25 14:00:27.505 I/ActivityManager( 2173): Start proc 3045:com.android.dialer/u0a8 for broadcast com.android.dialer/.calllog.CallLogReceiver
05-25 14:00:27.525 I/RecoverySystem( 2173): No recovery log file
05-25 14:00:27.526 W/art     ( 3045): Unexpected CPU variant for X86 using defaults: x86_64
05-25 14:00:27.648 I/BootReceiver( 2173): Copying audit failures to DropBox
05-25 14:00:27.649 I/BootReceiver( 2173): Checking for fsck errors
05-25 14:00:27.661 W/System  ( 3045): ClassLoader referenced unknown path: /system/priv-app/Dialer/lib/x86_64
05-25 14:00:27.795 I/art     ( 2173): Background partial concurrent mark sweep GC freed 23590(2MB) AllocSpace objects, 18(704KB) LOS objects, 29% free, 9MB/13MB, paused 1.616ms total 124.765ms
05-25 14:00:28.096 V/MediaScanner( 2991): pruneDeadThumbnailFiles... android.content.ContentProviderClient$CursorWrapperInner@bb92bd0
05-25 14:00:28.098 V/MediaScanner( 2991): /pruneDeadThumbnailFiles... android.content.ContentProviderClient$CursorWrapperInner@bb92bd0
05-25 14:00:28.825 D/ExtensionsFactory( 3045): No custom extensions.
05-25 14:00:28.841 D/BlockedNumbersAuto( 3045): Not attempting auto-migrate: already checked once.
05-25 14:00:28.949 D/CarrierConfigLoader( 2597): mHandler: 13 phoneId: 0
05-25 14:00:28.950 D/CarrierConfigLoader( 2597): mHandler: 7 phoneId: 0
05-25 14:00:28.958 E/CarrierConfigLoader( 2597): Cannot restore config with null packageName or iccid.
05-25 14:00:28.958 D/CarrierConfigLoader( 2597): Binding to com.android.carrierconfig for phone 0
05-25 14:00:29.002 W/art     ( 3065): Unexpected CPU variant for X86 using defaults: x86_64
05-25 14:00:29.008 D/AlertReceiver( 3015): onReceive: a=android.intent.action.BOOT_COMPLETED Intent { act=android.intent.action.BOOT_COMPLETED flg=0x9000010 cmp=com.android.calendar/.alerts.AlertReceiver (has extras) }
05-25 14:00:29.047 W/ActivityManager( 2173): Slow operation: 84ms so far, now at startProcess: returned from zygote!
05-25 14:00:29.048 W/ActivityManager( 2173): Slow operation: 85ms so far, now at startProcess: done updating battery stats
05-25 14:00:29.048 W/ActivityManager( 2173): Slow operation: 85ms so far, now at startProcess: building log message
05-25 14:00:29.048 I/ActivityManager( 2173): Start proc 3065:com.android.carrierconfig/u0a3 for service com.android.carrierconfig/.DefaultCarrierConfigService
05-25 14:00:29.048 W/ActivityManager( 2173): Slow operation: 85ms so far, now at startProcess: starting to update pids map
05-25 14:00:29.048 W/ActivityManager( 2173): Slow operation: 85ms so far, now at startProcess: done updating pids map
05-25 14:00:29.048 W/ActivityManager( 2173): Slow operation: 85ms so far, now at startProcess: done starting proc!
05-25 14:00:29.119 I/AlarmClock( 2937): AlarmInitReceiver android.intent.action.BOOT_COMPLETED
05-25 14:00:29.160 W/System  ( 3065): ClassLoader referenced unknown path: /system/priv-app/CarrierConfig/lib/x86_64
05-25 14:00:29.205 W/CountryDetector( 3045): No location permissions, not registering for location updates.
05-25 14:00:29.235 W/art     ( 2937): Suspending all threads took: 29.976ms
05-25 14:00:29.248 D/DefaultCarrierConfigService( 3065): Service created
05-25 14:00:29.258 D/CarrierConfigLoader( 2597): Connected to config app: com.android.carrierconfig/com.android.carrierconfig.DefaultCarrierConfigService
05-25 14:00:29.258 D/CarrierConfigLoader( 2597): mHandler: 3 phoneId: 0
05-25 14:00:29.262 D/DefaultCarrierConfigService( 3065): Config being fetched
05-25 14:00:29.278 D/DefaultCarrierConfigService( 3065): java.io.FileNotFoundException: carrier_config_.xml
05-25 14:00:29.283 E/CarrierConfigLoader( 2597): Cannot save config with null packageName or iccid.
05-25 14:00:29.292 D/CarrierConfigLoader( 2597): mHandler: 5 phoneId: 0
05-25 14:00:29.297 E/PhoneInterfaceManager( 2597): [PhoneIntfMgr] getCarrierPackageNamesForIntent: No UICC
05-25 14:00:29.368 D/AlertUtils( 3015): Flushing old alerts from shared prefs table
05-25 14:00:29.403 D/AlertService( 3015): 0 Action = android.intent.action.BOOT_COMPLETED
05-25 14:00:29.419 I/Telecom ( 2173): PhoneAccountRegistrar: SimCallManager queried, returning: null: TSI.gSCMFU@AAc
05-25 14:00:29.511 V/AlarmClock( 2937): AlarmInitReceiver finished
05-25 14:00:29.513 D/AlertService( 3015): Scheduling next alarm with AlarmScheduler. sEventReminderReceived: null
05-25 14:00:29.563 W/ActivityManager( 2173): Slow operation: 57ms so far, now at startProcess: returned from zygote!
05-25 14:00:29.563 W/ActivityManager( 2173): Slow operation: 57ms so far, now at startProcess: done updating battery stats
05-25 14:00:29.573 W/art     ( 3084): Unexpected CPU variant for X86 using defaults: x86_64
05-25 14:00:29.575 W/ActivityManager( 2173): Slow operation: 58ms so far, now at startProcess: building log message
05-25 14:00:29.575 I/ActivityManager( 2173): Start proc 3084:com.android.email/u0a34 for broadcast com.android.email/.service.EmailBroadcastReceiver
05-25 14:00:29.575 W/ActivityManager( 2173): Slow operation: 69ms so far, now at startProcess: starting to update pids map
05-25 14:00:29.575 W/ActivityManager( 2173): Slow operation: 69ms so far, now at startProcess: done updating pids map
05-25 14:00:29.576 W/ActivityManager( 2173): Slow operation: 70ms so far, now at startProcess: done starting proc!
05-25 14:00:29.741 D/AlarmScheduler( 3015): No events found starting within 1 week.
05-25 14:00:29.788 W/System  ( 3084): ClassLoader referenced unknown path: /system/app/Email/lib/x86_64
05-25 14:00:31.122 W/ActivityManager( 2173): Unable to start service Intent { act=com.android.email.EXCHANGE_INTENT pkg=com.android.exchange } U=0: not found
05-25 14:00:31.156 D/ActivityThread( 3084): Loading provider com.android.email.provider;com.android.email.notifier: com.android.email.provider.EmailProvider
05-25 14:00:31.170 D/ActivityThread( 3084): Loading provider com.android.email.provider;com.android.email.notifier: com.android.email.provider.EmailProvider
05-25 14:00:31.181 W/ActivityManager( 2173): Unable to start service Intent { act=com.android.email.EXCHANGE_INTENT pkg=com.android.exchange } U=0: not found
05-25 14:00:31.181 W/ActivityManager( 2173): Unable to start service Intent { act=com.android.email.EXCHANGE_INTENT pkg=com.android.exchange } U=0: not found
05-25 14:00:31.380 W/ActivityManager( 2173): Unable to start service Intent { cmp=com.android.email/.service.AttachmentService } U=0: not found
05-25 14:00:31.388 W/ActivityManager( 2173): Unable to start service Intent { act=com.android.email.EXCHANGE_INTENT pkg=com.android.exchange } U=0: not found
05-25 14:00:31.428 W/ActivityManager( 2173): Unable to start service Intent { cmp=com.android.email/.service.AttachmentService } U=0: not found
05-25 14:00:31.527 I/SystemBroadcastReceiver( 2385): Boot has been completed
05-25 14:00:31.528 I/SystemBroadcastReceiver( 2385): toggleAppIcon() : FLAG_SYSTEM = true
05-25 14:00:31.560 I/Email   ( 3084): Observing account changes for notifications
05-25 14:00:31.583 W/ActivityManager( 2173): Unable to start service Intent { act=com.android.email.EXCHANGE_INTENT pkg=com.android.exchange } U=0: not found
05-25 14:00:31.589 W/ActivityManager( 2173): Unable to start service Intent { cmp=com.android.email/.service.AttachmentService } U=0: not found
05-25 14:00:31.664 W/ActivityManager( 2173): Slow operation: 54ms so far, now at startProcess: returned from zygote!
05-25 14:00:31.665 W/ActivityManager( 2173): Slow operation: 55ms so far, now at startProcess: done updating battery stats
05-25 14:00:31.665 W/ActivityManager( 2173): Slow operation: 55ms so far, now at startProcess: building log message
05-25 14:00:31.665 I/ActivityManager( 2173): Start proc 3106:com.android.managedprovisioning/u0a14 for broadcast com.android.managedprovisioning/.BootReminder
05-25 14:00:31.665 W/ActivityManager( 2173): Slow operation: 55ms so far, now at startProcess: starting to update pids map
05-25 14:00:31.665 W/ActivityManager( 2173): Slow operation: 55ms so far, now at startProcess: done updating pids map
05-25 14:00:31.665 W/ActivityManager( 2173): Slow operation: 55ms so far, now at startProcess: done starting proc!
05-25 14:00:31.680 W/art     ( 3106): Unexpected CPU variant for X86 using defaults: x86_64
05-25 14:00:31.701 W/ActivityManager( 2173): Unable to start service Intent { act=com.android.email.EXCHANGE_INTENT pkg=com.android.exchange } U=0: not found
05-25 14:00:31.728 W/ActivityManager( 2173): Unable to start service Intent { act=com.android.email.EXCHANGE_INTENT pkg=com.android.exchange } U=0: not found
05-25 14:00:31.798 E/ActivityThread( 3084): Service com.android.email.service.EmailBroadcastProcessorService has leaked ServiceConnection com.android.emailcommon.service.ServiceProxy$ProxyConnection@e945db8 that was originally bound here
05-25 14:00:31.798 E/ActivityThread( 3084): android.app.ServiceConnectionLeaked: Service com.android.email.service.EmailBroadcastProcessorService has leaked ServiceConnection com.android.emailcommon.service.ServiceProxy$ProxyConnection@e945db8 that was originally bound here
05-25 14:00:31.798 E/ActivityThread( 3084): 	at android.app.LoadedApk$ServiceDispatcher.<init>(LoadedApk.java:1336)
05-25 14:00:31.798 E/ActivityThread( 3084): 	at android.app.LoadedApk.getServiceDispatcher(LoadedApk.java:1231)
05-25 14:00:31.798 E/ActivityThread( 3084): 	at android.app.ContextImpl.bindServiceCommon(ContextImpl.java:1450)
05-25 14:00:31.798 E/ActivityThread( 3084): 	at android.app.ContextImpl.bindService(ContextImpl.java:1422)
05-25 14:00:31.798 E/ActivityThread( 3084): 	at android.content.ContextWrapper.bindService(ContextWrapper.java:636)
05-25 14:00:31.798 E/ActivityThread( 3084): 	at com.android.emailcommon.service.ServiceProxy.setTask(ServiceProxy.java:181)
05-25 14:00:31.798 E/ActivityThread( 3084): 	at com.android.emailcommon.service.ServiceProxy.test(ServiceProxy.java:224)
05-25 14:00:31.798 E/ActivityThread( 3084): 	at com.android.email.service.EmailServiceUtils.isServiceAvailable(EmailServiceUtils.java:160)
05-25 14:00:31.798 E/ActivityThread( 3084): 	at com.android.email.provider.AccountReconciler.reconcileAccountsInternal(AccountReconciler.java:171)
05-25 14:00:31.798 E/ActivityThread( 3084): 	at com.android.email.provider.AccountReconciler.reconcileAccounts(AccountReconciler.java:115)
05-25 14:00:31.798 E/ActivityThread( 3084): 	at com.android.email.service.EmailBroadcastProcessorService.reconcileAndStartServices(EmailBroadcastProcessorService.java:305)
05-25 14:00:31.798 E/ActivityThread( 3084): 	at com.android.email.service.EmailBroadcastProcessorService.onBootCompleted(EmailBroadcastProcessorService.java:295)
05-25 14:00:31.798 E/ActivityThread( 3084): 	at com.android.email.service.EmailBroadcastProcessorService.onHandleIntent(EmailBroadcastProcessorService.java:130)
05-25 14:00:31.798 E/ActivityThread( 3084): 	at android.app.IntentService$ServiceHandler.handleMessage(IntentService.java:68)
05-25 14:00:31.798 E/ActivityThread( 3084): 	at android.os.Handler.dispatchMessage(Handler.java:102)
05-25 14:00:31.798 E/ActivityThread( 3084): 	at android.os.Looper.loop(Looper.java:154)
05-25 14:00:31.798 E/ActivityThread( 3084): 	at android.os.HandlerThread.run(HandlerThread.java:61)
05-25 14:00:31.799 W/ActivityManager( 2173): Unbind failed: could not find connection for android.os.BinderProxy@e054b94
05-25 14:00:31.848 W/ActivityManager( 2173): Unable to start service Intent { act=com.android.email.EXCHANGE_INTENT pkg=com.android.exchange } U=0: not found
05-25 14:00:31.853 W/System  ( 3106): ClassLoader referenced unknown path: /system/priv-app/ManagedProvisioning/lib/x86_64
05-25 14:00:31.971 W/art     ( 3121): Unexpected CPU variant for X86 using defaults: x86_64
05-25 14:00:31.974 W/ActivityManager( 2173): Slow operation: 54ms so far, now at startProcess: building log message
05-25 14:00:31.974 I/ActivityManager( 2173): Start proc 3121:com.android.messaging/u0a54 for broadcast com.android.messaging/.receiver.BootAndPackageReplacedReceiver
05-25 14:00:31.975 W/ActivityManager( 2173): Slow operation: 54ms so far, now at startProcess: starting to update pids map
05-25 14:00:31.975 W/ActivityManager( 2173): Slow operation: 55ms so far, now at startProcess: done updating pids map
05-25 14:00:31.975 W/ActivityManager( 2173): Slow operation: 56ms so far, now at startProcess: done starting proc!
05-25 14:00:32.099 W/System  ( 3121): ClassLoader referenced unknown path: /system/app/messaging/lib/x86_64
05-25 14:00:33.576 I/MessagingApp( 3121): Carrier config changed. Reloading MMS config.
05-25 14:00:33.586 V/VvmBootCompletedRcvr( 2597): processing subId list
05-25 14:00:33.621 E/VvmBootCompletedRcvr( 2597): phone account ComponentInfo{com.android.phone/com.android.services.telephony.TelephonyConnectionService}, [e2f7d48dd2b5ca523e7313cf4ba0f6ea830b6281], UserHandle{0} has invalid subId -1
05-25 14:00:33.666 I/MessagingAppDataModel( 3121): Fixup: Send failed - 0 Download failed - 0
05-25 14:00:34.052 I/MessagingAppDataModel( 3121): SyncMessagesAction: Starting batch for messages from 1616676894217 to 1621951233494 (message update limit = 80, message scan limit = 4000)
05-25 14:00:34.097 D/AlertReceiver( 3015): onReceive: a=android.intent.action.PROVIDER_CHANGED Intent { act=android.intent.action.PROVIDER_CHANGED dat=content://com.android.calendar flg=0x20000010 cmp=com.android.calendar/.alerts.AlertReceiver }
05-25 14:00:34.175 D/AlertService( 3015): 0 Action = android.intent.action.PROVIDER_CHANGED
05-25 14:00:34.246 I/VvmSimChangeReceiver( 2597): Received SIM change for invalid subscription id.
05-25 14:00:34.974 I/MessagingAppDataModel( 3121): SyncMessagesAction: All messages now in sync
05-25 14:00:35.868 W/MediaScanner( 2991): Error opening directory '/oem/media/', skipping: No such file or directory.
05-25 14:00:36.066 V/MediaScanner( 2991): pruneDeadThumbnailFiles... android.content.ContentProviderClient$CursorWrapperInner@fb6a4e8
05-25 14:00:36.068 V/MediaScanner( 2991): /pruneDeadThumbnailFiles... android.content.ContentProviderClient$CursorWrapperInner@fb6a4e8
05-25 14:00:39.218 I/GlobalDismissManager( 3015): no sender configured
05-25 14:00:39.219 D/AlertService( 3015): Beginning updateAlertNotification
05-25 14:00:39.262 D/AlertService( 3015): No fired or scheduled alerts
05-25 14:00:39.301 D/AlertService( 3015): Scheduling next alarm with AlarmScheduler. sEventReminderReceived: null
05-25 14:00:39.340 D/AlarmScheduler( 3015): No events found starting within 1 week.
05-25 14:00:44.499 I/ActivityManager( 2173): Waited long enough for: ServiceRecord{61bcda6 u0 com.android.calendar/.alerts.InitAlarmsService}
05-25 14:00:59.579 D/InitAlarmsService( 3015): Clearing and rescheduling alarms.
05-25 14:01:10.839 W//sbin/adbd( 1321): type=1400 audit(0.0:16): avc: denied { search } for comm=7365727669636520363233 name="security" dev="vdc" ino=35203 scontext=u:r:adbd:s0 tcontext=u:object_r:security_file:s0 tclass=dir permissive=0
05-25 14:02:01.804 D/AndroidRuntime( 3153): >>>>>> START com.android.internal.os.RuntimeInit uid 2000 <<<<<<
05-25 14:02:01.828 D/AndroidRuntime( 3153): CheckJNI is ON
05-25 14:02:02.200 W/art     ( 3153): Unexpected CPU variant for X86 using defaults: x86_64
05-25 14:02:02.243 D/ICU     ( 3153): No timezone override file found: /data/misc/zoneinfo/current/icu/icu_tzdata.dat
05-25 14:02:02.397 E/memtrack( 3153): Couldn't load memtrack module (No such file or directory)
05-25 14:02:02.397 E/android.os.Debug( 3153): failed to load memtrack module: -2
05-25 14:02:02.403 I/Radio-JNI( 3153): register_android_hardware_Radio DONE
05-25 14:02:02.680 D/AndroidRuntime( 3153): Calling main entry com.android.commands.pm.Pm
05-25 14:02:02.927 I/        ( 1327): free_cache(132245258) avail 809414656
05-25 14:02:20.439 W/art     ( 3164): Unexpected CPU variant for X86 using defaults: x86_64
05-25 14:02:20.453 W/ActivityManager( 2173): Slow operation: 141ms so far, now at startProcess: returned from zygote!
05-25 14:02:20.453 W/ActivityManager( 2173): Slow operation: 142ms so far, now at startProcess: done updating battery stats
05-25 14:02:20.456 W/ActivityManager( 2173): Slow operation: 145ms so far, now at startProcess: building log message
05-25 14:02:20.457 I/ActivityManager( 2173): Start proc 3164:com.android.defcontainer/u0a7 for service com.android.defcontainer/.DefaultContainerService
05-25 14:02:20.457 W/ActivityManager( 2173): Slow operation: 146ms so far, now at startProcess: starting to update pids map
05-25 14:02:20.457 W/ActivityManager( 2173): Slow operation: 146ms so far, now at startProcess: done updating pids map
05-25 14:02:20.457 W/ActivityManager( 2173): Slow operation: 148ms so far, now at startProcess: done starting proc!
05-25 14:02:21.230 I/PackageManager.DexOptimizer( 2173): Running dexopt (dex2oat) on: /data/app/vmdl256005932.tmp/base.apk pkg=jp.jaxa.iss.kibo.rpc.sampleapk isa=x86_64 vmSafeMode=false debuggable=true target-filter=interpret-only oatDir = /data/app/vmdl256005932.tmp/oat sharedLibraries=null
05-25 14:02:21.411 W/dex2oat ( 3179): Unexpected CPU variant for X86 using defaults: x86_64
05-25 14:02:21.426 I/dex2oat ( 3179): /system/bin/dex2oat --compiler-filter=interpret-only --debuggable
05-25 14:02:24.059 W/dex2oat ( 3179): Before Android 4.1, method int android.support.v7.widget.ListViewCompat.lookForSelectablePosition(int, boolean) would have incorrectly overridden the package-private method in android.widget.ListView
05-25 14:02:24.843 W/dex2oat ( 3179): Before Android 4.1, method android.graphics.PorterDuffColorFilter android.support.graphics.drawable.VectorDrawableCompat.updateTintFilter(android.graphics.PorterDuffColorFilter, android.content.res.ColorStateList, android.graphics.PorterDuff$Mode) would have incorrectly overridden the package-private method in android.graphics.drawable.Drawable
05-25 14:02:33.989 W/dex2oat ( 3179): Compilation of java.lang.String org.opencv.android.StaticHelper.getLibraryList() took 172.031ms
05-25 14:02:33.994 W/dex2oat ( 3179): Compilation of void org.opencv.android.Utils.nBitmapToMat2(android.graphics.Bitmap, long, boolean) took 175.174ms
05-25 14:02:36.977 I/dex2oat ( 3179): dex2oat took 15.574s (threads: 2) arena alloc=551KB (565096B) java alloc=7MB (7503848B) native alloc=15MB (16227592B) free=4MB (4743928B)
05-25 14:02:37.235 D/installd( 1327): Detected label change from u:object_r:system_data_file:s0 to u:object_r:app_data_file:s0:c512,c768 at /data/data/jp.jaxa.iss.kibo.rpc.sampleapk; running recursive restorecon
05-25 14:02:37.247 D/installd( 1327): Detected label change from u:object_r:system_data_file:s0 to u:object_r:app_data_file:s0:c512,c768 at /data/user_de/0/jp.jaxa.iss.kibo.rpc.sampleapk; running recursive restorecon
05-25 14:02:37.259 V/BackupManagerService( 2173): restoreAtInstall pkg=jp.jaxa.iss.kibo.rpc.sampleapk token=1 restoreSet=0
05-25 14:02:37.261 W/BackupManagerService( 2173): Requested unavailable transport: android/com.android.internal.backup.LocalTransport
05-25 14:02:37.261 W/BackupManagerService( 2173): No transport
05-25 14:02:37.261 V/BackupManagerService( 2173): Finishing install immediately
05-25 14:02:37.291 I/GnssLocationProvider( 2173): WakeLock acquired by sendMessage(3, 0, com.android.server.location.GnssLocationProvider$GpsRequest@fc8d1c7)
05-25 14:02:37.297 I/GnssLocationProvider( 2173): WakeLock released by handleMessage(3, 0, com.android.server.location.GnssLocationProvider$GpsRequest@fc8d1c7)
05-25 14:02:37.307 I/GnssLocationProvider( 2173): WakeLock acquired by sendMessage(3, 0, com.android.server.location.GnssLocationProvider$GpsRequest@f5623f4)
05-25 14:02:37.309 I/GnssLocationProvider( 2173): WakeLock released by handleMessage(3, 0, com.android.server.location.GnssLocationProvider$GpsRequest@f5623f4)
05-25 14:02:37.312 D/VoldConnector( 2173): SND -> {9 volume remount_uid 10064 default}
05-25 14:02:37.326 D/vold    ( 1269): Remounting 10064 as mode default
05-25 14:02:37.344 D/VoldConnector( 2173): RCV <- {200 9 Command succeeded}
05-25 14:02:37.350 I/GnssLocationProvider( 2173): WakeLock acquired by sendMessage(3, 0, com.android.server.location.GnssLocationProvider$GpsRequest@959d71d)
05-25 14:02:37.354 I/GnssLocationProvider( 2173): WakeLock released by handleMessage(3, 0, com.android.server.location.GnssLocationProvider$GpsRequest@959d71d)
05-25 14:02:37.356 D/VoldConnector( 2173): SND -> {10 volume remount_uid 10064 write}
05-25 14:02:37.358 D/vold    ( 1269): Remounting 10064 as mode write
05-25 14:02:37.369 D/VoldConnector( 2173): RCV <- {200 10 Command succeeded}
05-25 14:02:37.391 I/art     ( 2173): Starting a blocking GC Explicit
05-25 14:02:37.505 I/art     ( 2173): Explicit concurrent mark sweep GC freed 30566(2025KB) AllocSpace objects, 21(744KB) LOS objects, 29% free, 9MB/13MB, paused 2.478ms total 104.383ms
05-25 14:02:37.508 E/        ( 1327): Couldn't opendir /data/app/vmdl256005932.tmp: No such file or directory
05-25 14:02:37.661 I/ActivityManager( 2173): Start proc 3182:com.android.gallery3d/u0a39 for broadcast com.android.gallery3d/.app.PackagesMonitor
05-25 14:02:37.701 W/art     ( 3182): Unexpected CPU variant for X86 using defaults: x86_64
05-25 14:02:37.717 I/InputReader( 2173): Reconfiguring input devices.  changes=0x00000010
05-25 14:02:37.797 I/art     ( 3153): System.exit called, status: 0
05-25 14:02:37.797 I/AndroidRuntime( 3153): VM exiting with result code 0.
05-25 14:02:38.039 E/PhoneInterfaceManager( 2597): [PhoneIntfMgr] getCarrierPackageNamesForIntent: No UICC
05-25 14:02:38.039 D/CarrierSvcBindHelper( 2597): No carrier app for: 0
05-25 14:02:38.042 D/CarrierConfigLoader( 2597): mHandler: 9 phoneId: 0
05-25 14:02:38.576 W/VoiceInteractionManagerService( 2173): no available voice recognition services found for user 0
05-25 14:02:39.295 I/ActivityManager( 2173): Start proc 3203:com.svox.pico/u0a49 for broadcast com.svox.pico/.VoiceDataInstallerReceiver
05-25 14:02:39.326 W/art     ( 3203): Unexpected CPU variant for X86 using defaults: x86_64
05-25 14:02:39.466 I/ActivityManager( 2173): Killing 2909:com.android.keychain/1000 (adj 906): empty #17
05-25 14:02:39.490 D/ActivityManager( 2173): cleanUpApplicationRecord -- 2909
05-25 14:04:58.665 D/AndroidRuntime( 3217): >>>>>> START com.android.internal.os.RuntimeInit uid 2000 <<<<<<
05-25 14:04:58.703 D/AndroidRuntime( 3217): CheckJNI is ON
05-25 14:04:59.232 W/art     ( 3217): Unexpected CPU variant for X86 using defaults: x86_64
05-25 14:04:59.274 D/ICU     ( 3217): No timezone override file found: /data/misc/zoneinfo/current/icu/icu_tzdata.dat
05-25 14:04:59.492 E/memtrack( 3217): Couldn't load memtrack module (No such file or directory)
05-25 14:04:59.493 E/android.os.Debug( 3217): failed to load memtrack module: -2
05-25 14:04:59.503 I/Radio-JNI( 3217): register_android_hardware_Radio DONE
05-25 14:04:59.617 D/AndroidRuntime( 3217): Calling main entry com.android.commands.am.Am
05-25 14:04:59.723 I/art     ( 3227): Not late-enabling -Xcheck:jni (already on)
05-25 14:04:59.730 W/ActivityManager( 2173): Slow operation: 57ms so far, now at startProcess: returned from zygote!
05-25 14:04:59.730 W/ActivityManager( 2173): Slow operation: 57ms so far, now at startProcess: done updating battery stats
05-25 14:04:59.731 W/ActivityManager( 2173): Slow operation: 57ms so far, now at startProcess: building log message
05-25 14:04:59.731 I/ActivityManager( 2173): Start proc 3227:gov.nasa.arc.astrobee.android.gs.manager/u0a63 for service gov.nasa.arc.astrobee.android.gs.manager/.ManagerService
05-25 14:04:59.731 W/ActivityManager( 2173): Slow operation: 58ms so far, now at startProcess: starting to update pids map
05-25 14:04:59.731 W/ActivityManager( 2173): Slow operation: 58ms so far, now at startProcess: done updating pids map
05-25 14:04:59.731 W/ActivityManager( 2173): Slow operation: 59ms so far, now at startProcess: done starting proc!
05-25 14:04:59.737 W/art     ( 3227): Unexpected CPU variant for X86 using defaults: x86_64
05-25 14:04:59.746 D/AndroidRuntime( 3217): Shutting down VM
05-25 14:05:00.175 W/System  ( 3227): ClassLoader referenced unknown path: /data/app/gov.nasa.arc.astrobee.android.gs.manager-1/lib/x86_64
05-25 14:05:01.466 E/Notification( 3227): setLatestEventInfo() is deprecated and you should feel deprecated.
05-25 14:05:01.466 E/Notification( 3227): java.lang.Throwable
05-25 14:05:01.466 E/Notification( 3227): 	at android.app.Notification.setLatestEventInfo(Notification.java:2076)
05-25 14:05:01.466 E/Notification( 3227): 	at org.ros.android.NodeMainExecutorService.onStartCommand(NodeMainExecutorService.java:220)
05-25 14:05:01.466 E/Notification( 3227): 	at android.app.ActivityThread.handleServiceArgs(ActivityThread.java:3326)
05-25 14:05:01.466 E/Notification( 3227): 	at android.app.ActivityThread.-wrap21(ActivityThread.java)
05-25 14:05:01.466 E/Notification( 3227): 	at android.app.ActivityThread$H.handleMessage(ActivityThread.java:1582)
05-25 14:05:01.466 E/Notification( 3227): 	at android.os.Handler.dispatchMessage(Handler.java:102)
05-25 14:05:01.466 E/Notification( 3227): 	at android.os.Looper.loop(Looper.java:154)
05-25 14:05:01.466 E/Notification( 3227): 	at android.app.ActivityThread.main(ActivityThread.java:6119)
05-25 14:05:01.466 E/Notification( 3227): 	at java.lang.reflect.Method.invoke(Native Method)
05-25 14:05:01.466 E/Notification( 3227): 	at com.android.internal.os.ZygoteInit$MethodAndArgsCaller.run(ZygoteInit.java:886)
05-25 14:05:01.466 E/Notification( 3227): 	at com.android.internal.os.ZygoteInit.main(ZygoteInit.java:776)
05-25 14:05:03.176 I/Registrar( 3227): MasterXmlRpcEndpoint URI: http://llp:11311
05-25 14:05:03.563 I/Registrar( 3227): Registering publisher: Publisher<PublisherDefinition<PublisherIdentifier<NodeIdentifier</guest_science_manager, http://hlp:49044/>, TopicIdentifier</rosout>>, Topic<TopicIdentifier</rosout>, TopicDescription<rosgraph_msgs/Log, acffd30cd6b6de30f120938c17c593fb>>>>
05-25 14:05:03.616 D/NotificationSQLiteLog( 2173): Pruned event entries: 15
05-25 14:05:05.128 I/Registrar( 3227): Response<Success, Registered [/guest_science_manager] as publisher of [/rosout], [http://10.42.0.34:42018/]>
05-25 14:05:05.186 I/DefaultPublisher( 3227): Publisher registered: Publisher<PublisherDefinition<PublisherIdentifier<NodeIdentifier</guest_science_manager, http://hlp:49044/>, TopicIdentifier</rosout>>, Topic<TopicIdentifier</rosout>, TopicDescription<rosgraph_msgs/Log, acffd30cd6b6de30f120938c17c593fb>>>>
05-25 14:05:05.415 I/Registrar( 3227): Registering subscriber: Subscriber<Topic<TopicIdentifier</clock>, TopicDescription<rosgraph_msgs/Clock, a9c97c1d230cfc112e270351a944ee47>>>
05-25 14:05:05.606 I/Registrar( 3227): Response<Success, Subscribed to [/clock], [http://10.42.0.34:37037/]>
05-25 14:05:05.639 I/DefaultSubscriber( 3227): Subscriber registered: Subscriber<Topic<TopicIdentifier</clock>, TopicDescription<rosgraph_msgs/Clock, a9c97c1d230cfc112e270351a944ee47>>>
05-25 14:05:05.750 I/Registrar( 3227): Registering publisher: Publisher<PublisherDefinition<PublisherIdentifier<NodeIdentifier</guest_science_manager, http://hlp:49044/>, TopicIdentifier</gs/gs_manager/ack>>, Topic<TopicIdentifier</gs/gs_manager/ack>, TopicDescription<ff_msgs/AckStamped, cebddec69fd770df54633be444a9187d>>>>
05-25 14:05:05.936 I/Registrar( 3227): Registering publisher: Publisher<PublisherDefinition<PublisherIdentifier<NodeIdentifier</guest_science_manager, http://hlp:49044/>, TopicIdentifier</gs/gs_manager/config>>, Topic<TopicIdentifier</gs/gs_manager/config>, TopicDescription<ff_msgs/GuestScienceConfig, c6f632ed2411de4159494a3e7754794e>>>>
05-25 14:05:06.060 I/Registrar( 3227): Response<Success, Registered [/guest_science_manager] as publisher of [/gs/gs_manager/ack], [http://10.42.0.34:36162/]>
05-25 14:05:06.085 I/DefaultPublisher( 3227): Publisher registered: Publisher<PublisherDefinition<PublisherIdentifier<NodeIdentifier</guest_science_manager, http://hlp:49044/>, TopicIdentifier</gs/gs_manager/ack>>, Topic<TopicIdentifier</gs/gs_manager/ack>, TopicDescription<ff_msgs/AckStamped, cebddec69fd770df54633be444a9187d>>>>
05-25 14:05:06.143 I/Registrar( 3227): Registering publisher: Publisher<PublisherDefinition<PublisherIdentifier<NodeIdentifier</guest_science_manager, http://hlp:49044/>, TopicIdentifier</gs/data>>, Topic<TopicIdentifier</gs/data>, TopicDescription<ff_msgs/GuestScienceData, edd2c791ea93ffa7cb0ec80c5bb00972>>>>
05-25 14:05:06.391 I/Registrar( 3227): Registering publisher: Publisher<PublisherDefinition<PublisherIdentifier<NodeIdentifier</guest_science_manager, http://hlp:49044/>, TopicIdentifier</gs/gs_manager/state>>, Topic<TopicIdentifier</gs/gs_manager/state>, TopicDescription<ff_msgs/GuestScienceState, 24e5a1ba8527257cc710720a32de6e51>>>>
05-25 14:05:06.557 I/Registrar( 3227): Response<Success, Registered [/guest_science_manager] as publisher of [/gs/gs_manager/config], [http://10.42.0.34:36162/, http://10.42.0.34:46004/]>
05-25 14:05:06.635 I/Registrar( 3227): Response<Success, Registered [/guest_science_manager] as publisher of [/gs/data], [http://10.42.0.34:37801/, http://10.42.0.34:46004/, http://10.42.0.34:40059/]>
05-25 14:05:06.640 I/DefaultPublisher( 3227): Publisher registered: Publisher<PublisherDefinition<PublisherIdentifier<NodeIdentifier</guest_science_manager, http://hlp:49044/>, TopicIdentifier</gs/data>>, Topic<TopicIdentifier</gs/data>, TopicDescription<ff_msgs/GuestScienceData, edd2c791ea93ffa7cb0ec80c5bb00972>>>>
05-25 14:05:06.723 I/DefaultPublisher( 3227): Publisher registered: Publisher<PublisherDefinition<PublisherIdentifier<NodeIdentifier</guest_science_manager, http://hlp:49044/>, TopicIdentifier</gs/gs_manager/config>>, Topic<TopicIdentifier</gs/gs_manager/config>, TopicDescription<ff_msgs/GuestScienceConfig, c6f632ed2411de4159494a3e7754794e>>>>
05-25 14:05:07.071 I/art     ( 3227): Background sticky concurrent mark sweep GC freed 26087(2MB) AllocSpace objects, 19(384KB) LOS objects, 17% free, 8MB/10MB, paused 6.420ms total 1.212s
05-25 14:05:07.437 I/Registrar( 3227): Registering subscriber: Subscriber<Topic<TopicIdentifier</mgt/executive/command>, TopicDescription<ff_msgs/CommandStamped, ac01350894b1be9e3a7b4f390a14812d>>>
05-25 14:05:07.776 I/Registrar( 3227): Response<Success, Registered [/guest_science_manager] as publisher of [/gs/gs_manager/state], [http://10.42.0.34:36162/, http://10.42.0.34:46004/]>
05-25 14:05:07.803 I/DefaultPublisher( 3227): Publisher registered: Publisher<PublisherDefinition<PublisherIdentifier<NodeIdentifier</guest_science_manager, http://hlp:49044/>, TopicIdentifier</gs/gs_manager/state>>, Topic<TopicIdentifier</gs/gs_manager/state>, TopicDescription<ff_msgs/GuestScienceState, 24e5a1ba8527257cc710720a32de6e51>>>>
05-25 14:05:08.212 W/ActivityManager( 2173): Slow operation: 157ms so far, now at startProcess: returned from zygote!
05-25 14:05:08.213 W/ActivityManager( 2173): Slow operation: 158ms so far, now at startProcess: done updating battery stats
05-25 14:05:08.215 W/ActivityManager( 2173): Slow operation: 160ms so far, now at startProcess: building log message
