--------- beginning of main
05-25 13:56:33.970 W/auditd  ( 1266): type=2000 audit(0.0:1): initialized
05-25 13:56:36.900 I/auditd  ( 1266): type=1403 audit(0.0:2): policy loaded auid=4294967295 ses=4294967295
05-25 13:56:36.910 W/auditd  ( 1266): type=1404 audit(0.0:3): enforcing=1 old_enforcing=0 auid=4294967295 ses=4294967295
05-25 13:56:43.240 W/init    (    1): type=1400 audit(0.0:4): avc: denied { write } for name="tracing_on" dev="debugfs" ino=15 scontext=u:r:init:s0 tcontext=u:object_r:debugfs:s0 tclass=file permissive=0
05-25 13:56:44.634 I/        ( 1268): debuggerd: starting
--------- beginning of system
05-25 13:56:45.458 I/vold    ( 1269): Vold 3.0 (the awakening) firing up
05-25 13:56:45.462 V/vold    ( 1269): Detected support for: ext4 vfat
05-25 13:56:45.756 D/vold    ( 1269): Recognized experimental block major ID 253 as virtio-blk (emulator's virtual SD card device)
05-25 13:56:45.762 V/vold    ( 1269): /system/bin/sgdisk
05-25 13:56:45.762 V/vold    ( 1269):     --android-dump
05-25 13:56:45.763 V/vold    ( 1269):     /dev/block/vold/disk:253,48
05-25 13:56:45.835 D/vold    ( 1269): e4crypt_init_user0
05-25 13:56:45.836 D/vold    ( 1269): e4crypt_prepare_user_storage for volume null, user 0, serial 0, flags 1
05-25 13:56:45.837 D/vold    ( 1269): Preparing: /data/system/users/0
05-25 13:56:45.845 D/vold    ( 1269): Preparing: /data/misc/profiles/cur/0
05-25 13:56:45.848 D/vold    ( 1269): Preparing: /data/misc/profiles/cur/0/foreign-dex
05-25 13:56:45.850 D/vold    ( 1269): Preparing: /data/system_de/0
05-25 13:56:45.853 D/vold    ( 1269): Preparing: /data/misc_de/0
05-25 13:56:45.854 D/vold    ( 1269): Preparing: /data/user_de/0
05-25 13:56:45.855 D/vold    ( 1269): e4crypt_unlock_user_key 0 serial=0 token_present=0
05-25 13:56:45.864 I/vdc     (    1): 200 1275 Command succeeded
05-25 13:56:46.085 I//system/bin/tzdatacheck( 1311): tzdata file /data/misc/zoneinfo/current/tzdata does not exist. No action required.
05-25 13:56:46.277 V/vold    ( 1269): DISK mbr
05-25 13:56:46.277 V/vold    ( 1269): 
05-25 13:56:46.283 W/vold    ( 1269): disk:253,48 has unknown partition table; trying entire device
05-25 13:56:46.284 V/vold    ( 1269): /system/bin/blkid
05-25 13:56:46.284 V/vold    ( 1269):     -c
05-25 13:56:46.284 V/vold    ( 1269):     /dev/null
05-25 13:56:46.284 V/vold    ( 1269):     -s
05-25 13:56:46.284 V/vold    ( 1269):     TYPE
05-25 13:56:46.284 V/vold    ( 1269):     -s
05-25 13:56:46.284 V/vold    ( 1269):     UUID
05-25 13:56:46.284 V/vold    ( 1269):     -s
05-25 13:56:46.284 V/vold    ( 1269):     LABEL
05-25 13:56:46.284 V/vold    ( 1269):     /dev/block/vold/disk:253,48
05-25 13:56:46.870 W/audioserver( 1324): type=1400 audit(0.0:5): avc: denied { getattr } for path="/vendor" dev="rootfs" ino=3997 scontext=u:r:audioserver:s0 tcontext=u:object_r:rootfs:s0 tclass=lnk_file permissive=0
05-25 13:56:46.920 W/cameraserver( 1325): type=1400 audit(0.0:6): avc: denied { getattr } for path="/vendor" dev="rootfs" ino=3997 scontext=u:r:cameraserver:s0 tcontext=u:object_r:rootfs:s0 tclass=lnk_file permissive=0
05-25 13:56:47.010 W/mediacodec( 1330): type=1400 audit(0.0:7): avc: denied { getattr } for path="/vendor" dev="rootfs" ino=3997 scontext=u:r:mediacodec:s0 tcontext=u:object_r:rootfs:s0 tclass=lnk_file permissive=0
05-25 13:56:47.100 W/mediadrmserver( 1331): type=1400 audit(0.0:8): avc: denied { getattr } for path="/vendor" dev="rootfs" ino=3997 scontext=u:r:mediadrmserver:s0 tcontext=u:object_r:rootfs:s0 tclass=lnk_file permissive=0
05-25 13:56:47.389 I/qemu-props( 1316): connected to 'boot-properties' qemud service.
05-25 13:56:47.393 I/qemu-props( 1316): receiving..
05-25 13:56:47.394 I/qemu-props( 1316): received: qemu.cmdline=androidboot.logcat=v:* androidboot.consolepipe=qemu_pipe,pipe:logcat
05-25 13:56:47.496 V/vold    ( 1269): /dev/block/vold/disk:253,48: LABEL="SDCARD" UUID="1EFF-1C1B" TYPE="vfat" 
05-25 13:56:47.496 V/vold    ( 1269): 
05-25 13:56:47.645 I/qemu-props( 1316): receiving..
05-25 13:56:47.645 I/qemu-props( 1316): received: qemu.logcat=start
05-25 13:56:47.897 I/qemu-props( 1316): receiving..
05-25 13:56:47.897 I/qemu-props( 1316): received: ro.opengles.version=131072
05-25 13:56:48.158 I/qemu-props( 1316): receiving..
05-25 13:56:48.158 I/qemu-props( 1316): received: qemu.sf.fake_camera=back
05-25 13:56:48.230 I/lowmemorykiller( 1317): Using in-kernel low memory killer interface
05-25 13:56:48.421 I/qemu-props( 1316): receiving..
05-25 13:56:48.422 I/qemu-props( 1316): received: dalvik.vm.heapsize=256m
05-25 13:56:48.673 I/qemu-props( 1316): receiving..
05-25 13:56:48.673 I/qemu-props( 1316): received: qemu.hw.mainkeys=0
05-25 13:56:48.700 I/qemu-props( 1316): receiving..
05-25 13:56:48.700 I/qemu-props( 1316): received: qemu.sf.lcd_density=480
05-25 13:56:48.753 I/qemu-props( 1316): receiving..
05-25 13:56:48.754 I/qemu-props( 1316): received: qemu.timezone=Etc/UTC
05-25 13:56:48.759 I/qemu-props( 1316): receiving..
05-25 13:56:48.759 I/qemu-props( 1316): exiting (8 properties set).
05-25 13:56:48.978 I/        ( 1267): debuggerd: starting
05-25 13:56:49.565 I/fingerprintd( 1337): Starting fingerprintd
05-25 13:56:50.082 I/        ( 1327): installd firing up
05-25 13:56:50.308 I/Netd    ( 1334): Netd 1.0 starting
05-25 13:56:50.346 I/perfprofd( 1622): starting Android Wide Profiling daemon
05-25 13:56:50.420 E/perfprofd( 1622): unable to open configuration file /data/data/com.google.android.gms/files/perfprofd.conf
05-25 13:56:50.424 I/perfprofd( 1622): random seed set to 4079840410
05-25 13:56:50.502 D/TetherController( 1334): Setting IP forward enable = 0
05-25 13:56:50.904 I/keystore( 1328): Found keymaster0 module Keymaster OpenSSL HAL, version 2
05-25 13:56:50.904 I/SoftKeymaster( 1328): system/keymaster/soft_keymaster_device.cpp, Line 131: Creating device
05-25 13:56:50.905 D/SoftKeymaster( 1328): system/keymaster/soft_keymaster_device.cpp, Line 132: Device address: 0x7cded443d000
05-25 13:56:50.905 I/keystore( 1328): Keymaster0 module is software-only.  Using SoftKeymasterDevice instead.
05-25 13:56:50.905 I/SoftKeymaster( 1328): system/keymaster/soft_keymaster_device.cpp, Line 131: Creating device
05-25 13:56:50.905 D/SoftKeymaster( 1328): system/keymaster/soft_keymaster_device.cpp, Line 132: Device address: 0x7cded443d400
05-25 13:56:51.155 I/gatekeeperd( 1338): Starting gatekeeperd...
05-25 13:56:51.232 W/gatekeeperd( 1338): falling back to software GateKeeper
05-25 13:56:55.110 W/bootanimation( 1787): type=1400 audit(0.0:9): avc: denied { getattr } for path="/vendor" dev="rootfs" ino=3997 scontext=u:r:bootanim:s0 tcontext=u:object_r:rootfs:s0 tclass=lnk_file permissive=0
05-25 13:56:53.008 I/SurfaceFlinger( 1319): SurfaceFlinger is starting
05-25 13:56:53.111 I/SurfaceFlinger( 1319): SurfaceFlinger's main thread ready to run. Initializing graphics H/W...
05-25 13:56:53.112 D/libEGL  ( 1319): Emulator without GPU support detected. Fallback to legacy software renderer, qemu.gles is set to 0.
05-25 13:56:53.369 I/        ( 1324): sMaxFastTracks = 8
05-25 13:56:53.485 I/audioserver( 1324): ServiceManager: 0xf5bbc020
05-25 13:56:53.521 W/BatteryNotifier( 1324): batterystats service unavailable!
05-25 13:56:53.529 I/AudioFlinger( 1324): Using default 3000 mSec as standby time.
05-25 13:56:53.605 I/AudioPolicyService( 1324): AudioPolicyService CSTOR in new mode
05-25 13:56:53.634 D/libEGL  ( 1319): loaded /system/lib64/egl/libGLES_android.so
05-25 13:56:53.833 I/APM::ConfigParsingUtils( 1324): loadAudioPolicyConfig() loaded /system/etc/audio_policy.conf
05-25 13:56:54.163 D/audio_hw_generic( 1324): Emulator host-side ALSA audio emulation detected.
05-25 13:56:54.165 D/audio_hw_generic( 1324): mixer 0 name Master Playback Volume
05-25 13:56:54.165 D/audio_hw_generic( 1324): set ctl 0 to 100
05-25 13:56:54.167 D/audio_hw_generic( 1324): set ctl 1 to 100
05-25 13:56:54.167 D/audio_hw_generic( 1324): mixer 1 name Master Playback Switch
05-25 13:56:54.167 D/audio_hw_generic( 1324): set ctl 0 to 1
05-25 13:56:54.167 D/audio_hw_generic( 1324): set ctl 1 to 1
05-25 13:56:54.167 D/audio_hw_generic( 1324): mixer 2 name Capture Volume
05-25 13:56:54.167 D/audio_hw_generic( 1324): set ctl 0 to 100
05-25 13:56:54.168 D/audio_hw_generic( 1324): set ctl 1 to 100
05-25 13:56:54.168 D/audio_hw_generic( 1324): mixer 3 name Capture Switch
05-25 13:56:54.168 D/audio_hw_generic( 1324): set ctl 0 to 1
05-25 13:56:54.168 D/audio_hw_generic( 1324): set ctl 1 to 1
05-25 13:56:54.168 D/audio_hw_generic( 1324): mixer 4 name Line Phantom Jack
05-25 13:56:54.168 D/audio_hw_generic( 1324): mixer 5 name Line Out Phantom Jack
05-25 13:56:54.168 D/audio_hw_generic( 1324): mixer 6 name Playback Channel Map
05-25 13:56:54.168 D/audio_hw_generic( 1324): mixer 7 name Capture Channel Map
05-25 13:56:54.168 I/AudioFlinger( 1324): loadHwModule() Loaded primary audio interface from Generic audio HW HAL (audio) handle 10
05-25 13:56:54.169 I/AudioFlinger( 1324): openOutput(), module 10 Device 2, SamplingRate 48000, Format 0x000001, Channels 3, flags 2
05-25 13:56:54.353 I/AudioFlinger( 1324): HAL output buffer size 720 frames, normal sink buffer size 1152 frames
05-25 13:56:54.473 I/BufferProvider( 1324): found effect "Multichannel Downmix To Stereo" from The Android Open Source Project
05-25 13:56:54.477 I/AudioFlinger( 1324): Using module 10 has the primary audio interface
05-25 13:56:54.501 I/AudioFlinger( 1324): AudioFlinger's thread 0xf5603640 ready to run
05-25 13:56:54.502 W/BatteryNotifier( 1324): batterystats service unavailable!
05-25 13:56:54.504 W/BatteryNotifier( 1324): batterystats service unavailable!
05-25 13:56:54.636 D/gralloc_ranchu( 1319): Emulator without host-side GPU emulation detected. Loading gralloc.default.so from /vendor/lib64/hw/gralloc.goldfish.default.so...
05-25 13:56:54.638 D/gralloc_ranchu( 1319): gralloc.default.so not found in /vendor. Trying /system/lib64/hw/gralloc.goldfish.default.so...
05-25 13:56:54.673 I/gralloc ( 1319): using (fd=11)
05-25 13:56:54.673 I/gralloc ( 1319): id           = 
05-25 13:56:54.673 I/gralloc ( 1319): xres         = 1080 px
05-25 13:56:54.673 I/gralloc ( 1319): yres         = 1920 px
05-25 13:56:54.673 I/gralloc ( 1319): xres_virtual = 1080 px
05-25 13:56:54.673 I/gralloc ( 1319): yres_virtual = 3840 px
05-25 13:56:54.673 I/gralloc ( 1319): bpp          = 16
05-25 13:56:54.673 I/gralloc ( 1319): r            = 11:5
05-25 13:56:54.673 I/gralloc ( 1319): g            =  5:6
05-25 13:56:54.673 I/gralloc ( 1319): b            =  0:5
05-25 13:56:54.674 I/gralloc ( 1319): width        = 166 mm (165.253006 dpi)
05-25 13:56:54.674 I/gralloc ( 1319): height       = 296 mm (164.756760 dpi)
05-25 13:56:54.674 I/gralloc ( 1319): refresh rate = 60.00 Hz
05-25 13:56:54.718 V/MediaUtils( 1332): physMem: 1043894272
05-25 13:56:54.719 V/MediaUtils( 1332): requested limit: 208778840
05-25 13:56:54.719 V/MediaUtils( 1332): actual limit: 208778840
05-25 13:56:54.719 V/MediaUtils( 1332): original limits: 4294967295/4294967295
05-25 13:56:54.719 V/MediaUtils( 1332): new limits: 208778840/4294967295
05-25 13:56:54.723 E/SurfaceFlinger( 1319): hwcomposer module not found
05-25 13:56:54.725 W/SurfaceFlinger( 1319): no suitable EGLConfig found, trying a simpler query
05-25 13:56:54.725 W/SurfaceFlinger( 1319): EGL_SLOW_CONFIG selected!
05-25 13:56:54.725 I/SurfaceFlinger( 1319): EGL information:
05-25 13:56:54.725 I/SurfaceFlinger( 1319): vendor    : Android
05-25 13:56:54.725 I/SurfaceFlinger( 1319): version   : 1.4 Android META-EGL
05-25 13:56:54.725 I/SurfaceFlinger( 1319): extensions: EGL_KHR_get_all_proc_addresses EGL_ANDROID_presentation_time EGL_KHR_swap_buffers_with_damage EGL_ANDROID_create_native_client_buffer EGL_ANDROID_front_buffer_auto_refresh EGL_KHR_image_base EGL_KHR_fence_sync EGL_ANDROID_image_native_buffer 
05-25 13:56:54.755 W/BatteryNotifier( 1324): batterystats service unavailable!
05-25 13:56:54.757 W/AudioFlinger( 1324): no wake lock to update, system not ready yet
05-25 13:56:54.761 I/SurfaceFlinger( 1319): Client API: OpenGL_ES
05-25 13:56:54.762 I/SurfaceFlinger( 1319): EGLSurface: 5-6-5-0, config=0x0
05-25 13:56:54.818 W/SurfaceFlinger( 1319): no suitable EGLConfig found, trying a simpler query
05-25 13:56:54.818 W/SurfaceFlinger( 1319): EGL_SLOW_CONFIG selected!
05-25 13:56:54.818 I/SurfaceFlinger( 1319): EGL information:
05-25 13:56:54.818 I/SurfaceFlinger( 1319): vendor    : Android
05-25 13:56:54.818 I/SurfaceFlinger( 1319): version   : 1.4 Android META-EGL
05-25 13:56:54.818 I/SurfaceFlinger( 1319): extensions: EGL_KHR_get_all_proc_addresses EGL_ANDROID_presentation_time EGL_KHR_swap_buffers_with_damage EGL_ANDROID_create_native_client_buffer EGL_ANDROID_front_buffer_auto_refresh EGL_KHR_image_base EGL_KHR_fence_sync EGL_ANDROID_image_native_buffer 
05-25 13:56:54.818 I/SurfaceFlinger( 1319): Client API: OpenGL_ES
05-25 13:56:54.818 I/SurfaceFlinger( 1319): EGLSurface: 5-6-5-0, config=0x0
05-25 13:56:54.824 I/mediacodec( 1330): @@@ mediacodecservice starting
05-25 13:56:54.833 I/SurfaceFlinger( 1319): OpenGL ES informations:
05-25 13:56:54.833 I/SurfaceFlinger( 1319): vendor    : Android
05-25 13:56:54.833 I/SurfaceFlinger( 1319): renderer  : Android PixelFlinger 1.4
05-25 13:56:54.833 I/SurfaceFlinger( 1319): version   : OpenGL ES-CM 1.0
05-25 13:56:54.833 I/SurfaceFlinger( 1319): extensions: GL_EXT_debug_marker GL_OES_byte_coordinates GL_OES_fixed_point GL_OES_single_precision GL_OES_read_format GL_OES_compressed_paletted_texture GL_OES_draw_texture GL_OES_matrix_get GL_OES_query_matrix GL_OES_EGL_image GL_OES_EGL_sync GL_OES_compressed_ETC1_RGB8_texture GL_ARB_texture_compression GL_ARB_texture_non_power_of_two GL_ANDROID_user_clip_plane GL_ANDROID_vertex_buffer_object GL_ANDROID_generate_mipmap 
05-25 13:56:54.833 I/SurfaceFlinger( 1319): GL_MAX_TEXTURE_SIZE = 4096
05-25 13:56:54.833 I/SurfaceFlinger( 1319): GL_MAX_VIEWPORT_DIMS = 4096
05-25 13:56:54.839 W/SurfaceFlinger( 1319): no suitable EGLConfig found, trying a simpler query
05-25 13:56:54.851 W//system/bin/mediaextractor( 1332): libminijail: allowing syscall: socketcall
05-25 13:56:54.852 W//system/bin/mediaextractor( 1332): libminijail: allowing syscall: writev
05-25 13:56:54.852 W//system/bin/mediaextractor( 1332): libminijail: allowing syscall: fcntl64
05-25 13:56:54.852 W//system/bin/mediaextractor( 1332): libminijail: allowing syscall: clock_gettime
05-25 13:56:54.840 W/SurfaceFlinger( 1319): EGL_SLOW_CONFIG selected!
05-25 13:56:54.854 I/SurfaceFlinger( 1319): EGL information:
05-25 13:56:54.854 I/SurfaceFlinger( 1319): vendor    : Android
05-25 13:56:54.855 I/SurfaceFlinger( 1319): version   : 1.4 Android META-EGL
05-25 13:56:54.855 I/SurfaceFlinger( 1319): extensions: EGL_KHR_get_all_proc_addresses EGL_ANDROID_presentation_time EGL_KHR_swap_buffers_with_damage EGL_ANDROID_create_native_client_buffer EGL_ANDROID_front_buffer_auto_refresh EGL_KHR_image_base EGL_KHR_fence_sync EGL_ANDROID_image_native_buffer 
05-25 13:56:54.855 I/SurfaceFlinger( 1319): Client API: OpenGL_ES
05-25 13:56:54.855 I/SurfaceFlinger( 1319): EGLSurface: 5-6-5-0, config=0x0
05-25 13:56:54.862 W//system/bin/mediaextractor( 1332): libminijail: logging seccomp filter failures
05-25 13:56:54.888 E/libEGL  ( 1319): called unimplemented OpenGL ES API
05-25 13:56:54.888 E/SurfaceFlinger( 1319): Error while compiling shader: 
05-25 13:56:54.888 E/SurfaceFlinger( 1319): attribute vec4 position;
05-25 13:56:54.888 E/SurfaceFlinger( 1319): uniform mat4 projection;
05-25 13:56:54.888 E/SurfaceFlinger( 1319): uniform mat4 texture;
05-25 13:56:54.888 E/SurfaceFlinger( 1319): void main(void) {
05-25 13:56:54.888 E/SurfaceFlinger( 1319):     gl_Position = projection * position;
05-25 13:56:54.888 E/SurfaceFlinger( 1319): }
05-25 13:56:54.888 E/SurfaceFlinger( 1319): 
05-25 13:56:54.888 E/SurfaceFlinger( 1319): öÿÿÿÿÿÿÿŸz}w
05-25 13:56:54.888 E/SurfaceFlinger( 1319): Error while compiling shader: 
05-25 13:56:54.888 E/SurfaceFlinger( 1319): precision mediump float;
05-25 13:56:54.888 E/SurfaceFlinger( 1319): uniform vec4 color;
05-25 13:56:54.888 E/SurfaceFlinger( 1319): void main(void) {
05-25 13:56:54.888 E/SurfaceFlinger( 1319):     gl_FragColor = color;
05-25 13:56:54.888 E/SurfaceFlinger( 1319): }
05-25 13:56:54.888 E/SurfaceFlinger( 1319): 
05-25 13:56:54.888 E/SurfaceFlinger( 1319): öÿÿÿÿÿÿÿŸz}w
05-25 13:56:54.888 E/SurfaceFlinger( 1319): Error while linking shaders:
05-25 13:56:54.889 E/SurfaceFlinger( 1319): Error while compiling shader: 
05-25 13:56:54.889 E/SurfaceFlinger( 1319): attribute vec4 position;
05-25 13:56:54.889 E/SurfaceFlinger( 1319): uniform mat4 projection;
05-25 13:56:54.889 E/SurfaceFlinger( 1319): uniform mat4 texture;
05-25 13:56:54.889 E/SurfaceFlinger( 1319): void main(void) {
05-25 13:56:54.889 E/SurfaceFlinger( 1319):     gl_Position = projection * position;
05-25 13:56:54.889 E/SurfaceFlinger( 1319): }
05-25 13:56:54.889 E/SurfaceFlinger( 1319): 
05-25 13:56:54.889 E/SurfaceFlinger( 1319): öÿÿÿÿÿÿÿŸz}w
05-25 13:56:54.889 E/SurfaceFlinger( 1319): Error while compiling shader: 
05-25 13:56:54.889 E/SurfaceFlinger( 1319): precision mediump float;
05-25 13:56:54.889 E/SurfaceFlinger( 1319): uniform vec4 color;
05-25 13:56:54.889 E/SurfaceFlinger( 1319): void main(void) {
05-25 13:56:54.889 E/SurfaceFlinger( 1319):     gl_FragColor = color;
05-25 13:56:54.889 E/SurfaceFlinger( 1319): }
05-25 13:56:54.889 E/SurfaceFlinger( 1319): 
05-25 13:56:54.889 E/SurfaceFlinger( 1319): öÿÿÿÿÿÿÿŸz}w
05-25 13:56:54.889 E/SurfaceFlinger( 1319): Error while linking shaders:
05-25 13:56:54.889 E/SurfaceFlinger( 1319): Error while compiling shader: 
05-25 13:56:54.889 E/SurfaceFlinger( 1319): attribute vec4 position;
05-25 13:56:54.889 E/SurfaceFlinger( 1319): uniform mat4 projection;
05-25 13:56:54.889 E/SurfaceFlinger( 1319): uniform mat4 texture;
05-25 13:56:54.889 E/SurfaceFlinger( 1319): void main(void) {
05-25 13:56:54.889 E/SurfaceFlinger( 1319):     gl_Position = projection * position;
05-25 13:56:54.889 E/SurfaceFlinger( 1319): }
05-25 13:56:54.889 E/SurfaceFlinger( 1319): 
05-25 13:56:54.889 E/SurfaceFlinger( 1319): öÿÿÿÿÿÿÿŸz}w
05-25 13:56:54.889 E/SurfaceFlinger( 1319): Error while compiling shader: 
05-25 13:56:54.889 E/SurfaceFlinger( 1319): precision mediump float;
05-25 13:56:54.889 E/SurfaceFlinger( 1319): uniform vec4 color;
05-25 13:56:54.889 E/SurfaceFlinger( 1319): void main(void) {
05-25 13:56:54.889 E/SurfaceFlinger( 1319):     gl_FragColor = color;
05-25 13:56:54.889 E/SurfaceFlinger( 1319):     gl_FragColor.a = 1.0;
05-25 13:56:54.889 E/SurfaceFlinger( 1319): }
05-25 13:56:54.889 E/SurfaceFlinger( 1319): 
05-25 13:56:54.889 E/SurfaceFlinger( 1319): öÿÿÿÿÿÿÿŸz}w
05-25 13:56:54.889 E/SurfaceFlinger( 1319): Error while linking shaders:
05-25 13:56:54.889 E/SurfaceFlinger( 1319): Error while compiling shader: 
05-25 13:56:54.889 E/SurfaceFlinger( 1319): attribute vec4 position;
05-25 13:56:54.889 E/SurfaceFlinger( 1319): uniform mat4 projection;
05-25 13:56:54.889 E/SurfaceFlinger( 1319): uniform mat4 texture;
05-25 13:56:54.889 E/SurfaceFlinger( 1319): void main(void) {
05-25 13:56:54.889 E/SurfaceFlinger( 1319):     gl_Position = projection * position;
05-25 13:56:54.889 E/SurfaceFlinger( 1319): }
05-25 13:56:54.889 E/SurfaceFlinger( 1319): 
05-25 13:56:54.889 E/SurfaceFlinger( 1319): öÿÿÿÿÿÿÿŸz}w
05-25 13:56:54.889 E/SurfaceFlinger( 1319): Error while compiling shader: 
05-25 13:56:54.889 E/SurfaceFlinger( 1319): precision mediump float;
05-25 13:56:54.889 E/SurfaceFlinger( 1319): uniform vec4 color;
05-25 13:56:54.889 E/SurfaceFlinger( 1319): void main(void) {
05-25 13:56:54.889 E/SurfaceFlinger( 1319):     gl_FragColor = color;
05-25 13:56:54.889 E/SurfaceFlinger( 1319):     gl_FragColor.a = 1.0;
05-25 13:56:54.889 E/SurfaceFlinger( 1319): }
05-25 13:56:54.889 E/SurfaceFlinger( 1319): 
05-25 13:56:54.889 E/SurfaceFlinger( 1319): öÿÿÿÿÿÿÿŸz}w
05-25 13:56:54.889 E/SurfaceFlinger( 1319): Error while linking shaders:
05-25 13:56:54.889 E/SurfaceFlinger( 1319): Error while compiling shader: 
05-25 13:56:54.889 E/SurfaceFlinger( 1319): attribute vec4 position;
05-25 13:56:54.889 E/SurfaceFlinger( 1319): uniform mat4 projection;
05-25 13:56:54.889 E/SurfaceFlinger( 1319): uniform mat4 texture;
05-25 13:56:54.889 E/SurfaceFlinger( 1319): void main(void) {
05-25 13:56:54.889 E/SurfaceFlinger( 1319):     gl_Position = projection * position;
05-25 13:56:54.889 E/SurfaceFlinger( 1319): }
05-25 13:56:54.889 E/SurfaceFlinger( 1319): 
05-25 13:56:54.889 E/SurfaceFlinger( 1319): öÿÿÿÿÿÿÿŸz}w
05-25 13:56:54.889 E/SurfaceFlinger( 1319): Error while compiling shader: 
05-25 13:56:54.889 E/SurfaceFlinger( 1319): precision mediump float;
05-25 13:56:54.889 E/SurfaceFlinger( 1319): uniform vec4 color;
05-25 13:56:54.889 E/SurfaceFlinger( 1319): uniform float alphaPlane;
05-25 13:56:54.889 E/SurfaceFlinger( 1319): void main(void) {
05-25 13:56:54.889 E/SurfaceFlinger( 1319):     gl_FragColor = color;
05-25 13:56:54.889 E/SurfaceFlinger( 1319):     gl_FragColor.a *= alphaPlane;
05-25 13:56:54.889 E/SurfaceFlinger( 1319): }
05-25 13:56:54.889 E/SurfaceFlinger( 1319): 
05-25 13:56:54.889 E/SurfaceFlinger( 1319): öÿÿÿÿÿÿÿŸz}w
05-25 13:56:54.889 E/SurfaceFlinger( 1319): Error while linking shaders:
05-25 13:56:54.889 E/SurfaceFlinger( 1319): Error while compiling shader: 
05-25 13:56:54.889 E/SurfaceFlinger( 1319): attribute vec4 position;
05-25 13:56:54.889 E/SurfaceFlinger( 1319): uniform mat4 projection;
05-25 13:56:54.889 E/SurfaceFlinger( 1319): uniform mat4 texture;
05-25 13:56:54.889 E/SurfaceFlinger( 1319): void main(void) {
05-25 13:56:54.889 E/SurfaceFlinger( 1319):     gl_Position = projection * position;
05-25 13:56:54.889 E/SurfaceFlinger( 1319): }
05-25 13:56:54.889 E/SurfaceFlinger( 1319): 
05-25 13:56:54.889 E/SurfaceFlinger( 1319): öÿÿÿÿÿÿÿŸz}w
05-25 13:56:54.889 E/SurfaceFlinger( 1319): Error while compiling shader: 
05-25 13:56:54.889 E/SurfaceFlinger( 1319): precision mediump float;
05-25 13:56:54.889 E/SurfaceFlinger( 1319): uniform vec4 color;
05-25 13:56:54.889 E/SurfaceFlinger( 1319): uniform float alphaPlane;
05-25 13:56:54.889 E/SurfaceFlinger( 1319): void main(void) {
05-25 13:56:54.889 E/SurfaceFlinger( 1319):     gl_FragColor = color;
05-25 13:56:54.889 E/SurfaceFlinger( 1319):     gl_FragColor *= alphaPlane;
05-25 13:56:54.889 E/SurfaceFlinger( 1319): }
05-25 13:56:54.889 E/SurfaceFlinger( 1319): 
05-25 13:56:54.889 E/SurfaceFlinger( 1319): öÿÿÿÿÿÿÿŸz}w
05-25 13:56:54.889 E/SurfaceFlinger( 1319): Error while linking shaders:
05-25 13:56:54.889 E/SurfaceFlinger( 1319): Error while compiling shader: 
05-25 13:56:54.889 E/SurfaceFlinger( 1319): attribute vec4 position;
05-25 13:56:54.889 E/SurfaceFlinger( 1319): uniform mat4 projection;
05-25 13:56:54.889 E/SurfaceFlinger( 1319): uniform mat4 texture;
05-25 13:56:54.889 E/SurfaceFlinger( 1319): void main(void) {
05-25 13:56:54.889 E/SurfaceFlinger( 1319):     gl_Position = projection * position;
05-25 13:56:54.889 E/SurfaceFlinger( 1319): }
05-25 13:56:54.889 E/SurfaceFlinger( 1319): 
05-25 13:56:54.889 E/SurfaceFlinger( 1319): öÿÿÿÿÿÿÿŸz}w
05-25 13:56:54.889 E/SurfaceFlinger( 1319): Error while compiling shader: 
05-25 13:56:54.889 E/SurfaceFlinger( 1319): precision mediump float;
05-25 13:56:54.889 E/SurfaceFlinger( 1319): uniform vec4 color;
05-25 13:56:54.889 E/SurfaceFlinger( 1319): uniform float alphaPlane;
05-25 13:56:54.889 E/SurfaceFlinger( 1319): void main(void) {
05-25 13:56:54.889 E/SurfaceFlinger( 1319):     gl_FragColor = color;
05-25 13:56:54.889 E/SurfaceFlinger( 1319):     gl_FragColor.a = 1.0;
05-25 13:56:54.889 E/SurfaceFlinger( 1319):     gl_FragColor.a *= alphaPlane;
05-25 13:56:54.889 E/SurfaceFlinger( 1319): }
05-25 13:56:54.889 E/SurfaceFlinger( 1319): 
05-25 13:56:54.889 E/SurfaceFlinger( 1319): öÿÿÿÿÿÿÿŸz}w
05-25 13:56:54.890 E/SurfaceFlinger( 1319): Error while linking shaders:
05-25 13:56:54.891 E/SurfaceFlinger( 1319): Error while compiling shader: 
05-25 13:56:54.891 E/SurfaceFlinger( 1319): attribute vec4 position;
05-25 13:56:54.891 E/SurfaceFlinger( 1319): uniform mat4 projection;
05-25 13:56:54.891 E/SurfaceFlinger( 1319): uniform mat4 texture;
05-25 13:56:54.891 E/SurfaceFlinger( 1319): void main(void) {
05-25 13:56:54.891 E/SurfaceFlinger( 1319):     gl_Position = projection * position;
05-25 13:56:54.891 E/SurfaceFlinger( 1319): }
05-25 13:56:54.891 E/SurfaceFlinger( 1319): 
05-25 13:56:54.891 E/SurfaceFlinger( 1319): öÿÿÿÿÿÿÿŸz}w
05-25 13:56:54.891 E/SurfaceFlinger( 1319): Error while compiling shader: 
05-25 13:56:54.891 E/SurfaceFlinger( 1319): precision mediump float;
05-25 13:56:54.891 E/SurfaceFlinger( 1319): uniform vec4 color;
05-25 13:56:54.891 E/SurfaceFlinger( 1319): uniform float alphaPlane;
05-25 13:56:54.891 E/SurfaceFlinger( 1319): void main(void) {
05-25 13:56:54.891 E/SurfaceFlinger( 1319):     gl_FragColor = color;
05-25 13:56:54.891 E/SurfaceFlinger( 1319):     gl_FragColor.a = 1.0;
05-25 13:56:54.891 E/SurfaceFlinger( 1319):     gl_FragColor *= alphaPlane;
05-25 13:56:54.891 E/SurfaceFlinger( 1319): }
05-25 13:56:54.891 E/SurfaceFlinger( 1319): 
05-25 13:56:54.891 E/SurfaceFlinger( 1319): öÿÿÿÿÿÿÿŸz}w
05-25 13:56:54.891 E/SurfaceFlinger( 1319): Error while linking shaders:
05-25 13:56:54.891 E/SurfaceFlinger( 1319): Error while compiling shader: 
05-25 13:56:54.891 E/SurfaceFlinger( 1319): attribute vec4 texCoords;
05-25 13:56:54.891 E/SurfaceFlinger( 1319): varying vec2 outTexCoords;
05-25 13:56:54.891 E/SurfaceFlinger( 1319): attribute vec4 position;
05-25 13:56:54.891 E/SurfaceFlinger( 1319): uniform mat4 projection;
05-25 13:56:54.891 E/SurfaceFlinger( 1319): uniform mat4 texture;
05-25 13:56:54.891 E/SurfaceFlinger( 1319): void main(void) {
05-25 13:56:54.891 E/SurfaceFlinger( 1319):     gl_Position = projection * position;
05-25 13:56:54.891 E/SurfaceFlinger( 1319):     outTexCoords = (texture * texCoords).st;
05-25 13:56:54.891 E/SurfaceFlinger( 1319): }
05-25 13:56:54.891 E/SurfaceFlinger( 1319): 
05-25 13:56:54.891 E/SurfaceFlinger( 1319): öÿÿÿÿÿÿÿŸz}w
05-25 13:56:54.891 E/SurfaceFlinger( 1319): Error while compiling shader: 
05-25 13:56:54.891 E/SurfaceFlinger( 1319): #extension GL_OES_EGL_image_external : require
05-25 13:56:54.891 E/SurfaceFlinger( 1319): precision mediump float;
05-25 13:56:54.891 E/SurfaceFlinger( 1319): uniform samplerExternalOES sampler;
05-25 13:56:54.891 E/SurfaceFlinger( 1319): varying vec2 outTexCoords;
05-25 13:56:54.891 E/SurfaceFlinger( 1319): void main(void) {
05-25 13:56:54.891 E/SurfaceFlinger( 1319):     gl_FragColor = texture2D(sampler, outTexCoords);
05-25 13:56:54.891 E/SurfaceFlinger( 1319): }
05-25 13:56:54.891 E/SurfaceFlinger( 1319): 
05-25 13:56:54.891 E/SurfaceFlinger( 1319): öÿÿÿÿÿÿÿŸz}w
05-25 13:56:54.891 E/SurfaceFlinger( 1319): Error while linking shaders:
05-25 13:56:54.892 E/SurfaceFlinger( 1319): Error while compiling shader: 
05-25 13:56:54.892 E/SurfaceFlinger( 1319): attribute vec4 texCoords;
05-25 13:56:54.892 E/SurfaceFlinger( 1319): varying vec2 outTexCoords;
05-25 13:56:54.892 E/SurfaceFlinger( 1319): attribute vec4 position;
05-25 13:56:54.892 E/SurfaceFlinger( 1319): uniform mat4 projection;
05-25 13:56:54.892 E/SurfaceFlinger( 1319): uniform mat4 texture;
05-25 13:56:54.892 E/SurfaceFlinger( 1319): void main(void) {
05-25 13:56:54.892 E/SurfaceFlinger( 1319):     gl_Position = projection * position;
05-25 13:56:54.892 E/SurfaceFlinger( 1319):     outTexCoords = (texture * texCoords).st;
05-25 13:56:54.892 E/SurfaceFlinger( 1319): }
05-25 13:56:54.892 E/SurfaceFlinger( 1319): 
05-25 13:56:54.892 E/SurfaceFlinger( 1319): öÿÿÿÿÿÿÿŸz}w
05-25 13:56:54.892 E/SurfaceFlinger( 1319): Error while compiling shader: 
05-25 13:56:54.892 E/SurfaceFlinger( 1319): #extension GL_OES_EGL_image_external : require
05-25 13:56:54.892 E/SurfaceFlinger( 1319): precision mediump float;
05-25 13:56:54.892 E/SurfaceFlinger( 1319): uniform samplerExternalOES sampler;
05-25 13:56:54.892 E/SurfaceFlinger( 1319): varying vec2 outTexCoords;
05-25 13:56:54.892 E/SurfaceFlinger( 1319): void main(void) {
05-25 13:56:54.892 E/SurfaceFlinger( 1319):     gl_FragColor = texture2D(sampler, outTexCoords);
05-25 13:56:54.892 E/SurfaceFlinger( 1319): }
05-25 13:56:54.892 E/SurfaceFlinger( 1319): 
05-25 13:56:54.892 E/SurfaceFlinger( 1319): öÿÿÿÿÿÿÿŸz}w
05-25 13:56:54.892 E/SurfaceFlinger( 1319): Error while linking shaders:
05-25 13:56:54.892 E/SurfaceFlinger( 1319): Error while compiling shader: 
05-25 13:56:54.892 E/SurfaceFlinger( 1319): attribute vec4 texCoords;
05-25 13:56:54.892 E/SurfaceFlinger( 1319): varying vec2 outTexCoords;
05-25 13:56:54.892 E/SurfaceFlinger( 1319): attribute vec4 position;
05-25 13:56:54.892 E/SurfaceFlinger( 1319): uniform mat4 projection;
05-25 13:56:54.892 E/SurfaceFlinger( 1319): uniform mat4 texture;
05-25 13:56:54.892 E/SurfaceFlinger( 1319): void main(void) {
05-25 13:56:54.892 E/SurfaceFlinger( 1319):     gl_Position = projection * position;
05-25 13:56:54.892 E/SurfaceFlinger( 1319):     outTexCoords = (texture * texCoords).st;
05-25 13:56:54.892 E/SurfaceFlinger( 1319): }
05-25 13:56:54.892 E/SurfaceFlinger( 1319): 
05-25 13:56:54.892 E/SurfaceFlinger( 1319): öÿÿÿÿÿÿÿŸz}w
05-25 13:56:54.892 E/SurfaceFlinger( 1319): Error while compiling shader: 
05-25 13:56:54.892 E/SurfaceFlinger( 1319): #extension GL_OES_EGL_image_external : require
05-25 13:56:54.892 E/SurfaceFlinger( 1319): precision mediump float;
05-25 13:56:54.892 E/SurfaceFlinger( 1319): uniform samplerExternalOES sampler;
05-25 13:56:54.892 E/SurfaceFlinger( 1319): varying vec2 outTexCoords;
05-25 13:56:54.892 E/SurfaceFlinger( 1319): void main(void) {
05-25 13:56:54.892 E/SurfaceFlinger( 1319):     gl_FragColor = texture2D(sampler, outTexCoords);
05-25 13:56:54.892 E/SurfaceFlinger( 1319):     gl_FragColor.a = 1.0;
05-25 13:56:54.892 E/SurfaceFlinger( 1319): }
05-25 13:56:54.892 E/SurfaceFlinger( 1319): 
05-25 13:56:54.892 E/SurfaceFlinger( 1319): öÿÿÿÿÿÿÿŸz}w
05-25 13:56:54.892 E/SurfaceFlinger( 1319): Error while linking shaders:
05-25 13:56:54.892 E/SurfaceFlinger( 1319): Error while compiling shader: 
05-25 13:56:54.892 E/SurfaceFlinger( 1319): attribute vec4 texCoords;
05-25 13:56:54.892 E/SurfaceFlinger( 1319): varying vec2 outTexCoords;
05-25 13:56:54.892 E/SurfaceFlinger( 1319): attribute vec4 position;
05-25 13:56:54.892 E/SurfaceFlinger( 1319): uniform mat4 projection;
05-25 13:56:54.892 E/SurfaceFlinger( 1319): uniform mat4 texture;
05-25 13:56:54.892 E/SurfaceFlinger( 1319): void main(void) {
05-25 13:56:54.892 E/SurfaceFlinger( 1319):     gl_Position = projection * position;
05-25 13:56:54.892 E/SurfaceFlinger( 1319):     outTexCoords = (texture * texCoords).st;
05-25 13:56:54.892 E/SurfaceFlinger( 1319): }
05-25 13:56:54.892 E/SurfaceFlinger( 1319): 
05-25 13:56:54.892 E/SurfaceFlinger( 1319): öÿÿÿÿÿÿÿŸz}w
05-25 13:56:54.892 E/SurfaceFlinger( 1319): Error while compiling shader: 
05-25 13:56:54.892 E/SurfaceFlinger( 1319): #extension GL_OES_EGL_image_external : require
05-25 13:56:54.892 E/SurfaceFlinger( 1319): precision mediump float;
05-25 13:56:54.892 E/SurfaceFlinger( 1319): uniform samplerExternalOES sampler;
05-25 13:56:54.892 E/SurfaceFlinger( 1319): varying vec2 outTexCoords;
05-25 13:56:54.892 E/SurfaceFlinger( 1319): void main(void) {
05-25 13:56:54.892 E/SurfaceFlinger( 1319):     gl_FragColor = texture2D(sampler, outTexCoords);
05-25 13:56:54.892 E/SurfaceFlinger( 1319):     gl_FragColor.a = 1.0;
05-25 13:56:54.892 E/SurfaceFlinger( 1319): }
05-25 13:56:54.892 E/SurfaceFlinger( 1319): 
05-25 13:56:54.892 E/SurfaceFlinger( 1319): öÿÿÿÿÿÿÿŸz}w
05-25 13:56:54.892 E/SurfaceFlinger( 1319): Error while linking shaders:
05-25 13:56:54.892 E/SurfaceFlinger( 1319): Error while compiling shader: 
05-25 13:56:54.892 E/SurfaceFlinger( 1319): attribute vec4 texCoords;
05-25 13:56:54.892 E/SurfaceFlinger( 1319): varying vec2 outTexCoords;
05-25 13:56:54.892 E/SurfaceFlinger( 1319): attribute vec4 position;
05-25 13:56:54.892 E/SurfaceFlinger( 1319): uniform mat4 projection;
05-25 13:56:54.892 E/SurfaceFlinger( 1319): uniform mat4 texture;
05-25 13:56:54.892 E/SurfaceFlinger( 1319): void main(void) {
05-25 13:56:54.892 E/SurfaceFlinger( 1319):     gl_Position = projection * position;
05-25 13:56:54.892 E/SurfaceFlinger( 1319):     outTexCoords = (texture * texCoords).st;
05-25 13:56:54.892 E/SurfaceFlinger( 1319): }
05-25 13:56:54.892 E/SurfaceFlinger( 1319): 
05-25 13:56:54.892 E/SurfaceFlinger( 1319): öÿÿÿÿÿÿÿŸz}w
05-25 13:56:54.892 E/SurfaceFlinger( 1319): Error while compiling shader: 
05-25 13:56:54.892 E/SurfaceFlinger( 1319): #extension GL_OES_EGL_image_external : require
05-25 13:56:54.892 E/SurfaceFlinger( 1319): precision mediump float;
05-25 13:56:54.892 E/SurfaceFlinger( 1319): uniform samplerExternalOES sampler;
05-25 13:56:54.892 E/SurfaceFlinger( 1319): varying vec2 outTexCoords;
05-25 13:56:54.892 E/SurfaceFlinger( 1319): uniform float alphaPlane;
05-25 13:56:54.892 E/SurfaceFlinger( 1319): void main(void) {
05-25 13:56:54.892 E/SurfaceFlinger( 1319):     gl_FragColor = texture2D(sampler, outTexCoords);
05-25 13:56:54.892 E/SurfaceFlinger( 1319):     gl_FragColor.a *= alphaPlane;
05-25 13:56:54.892 E/SurfaceFlinger( 1319): }
05-25 13:56:54.892 E/SurfaceFlinger( 1319): 
05-25 13:56:54.892 E/SurfaceFlinger( 1319): öÿÿÿÿÿÿÿŸz}w
05-25 13:56:54.892 E/SurfaceFlinger( 1319): Error while linking shaders:
05-25 13:56:54.892 E/SurfaceFlinger( 1319): Error while compiling shader: 
05-25 13:56:54.892 E/SurfaceFlinger( 1319): attribute vec4 texCoords;
05-25 13:56:54.892 E/SurfaceFlinger( 1319): varying vec2 outTexCoords;
05-25 13:56:54.892 E/SurfaceFlinger( 1319): attribute vec4 position;
05-25 13:56:54.892 E/SurfaceFlinger( 1319): uniform mat4 projection;
05-25 13:56:54.892 E/SurfaceFlinger( 1319): uniform mat4 texture;
05-25 13:56:54.892 E/SurfaceFlinger( 1319): void main(void) {
05-25 13:56:54.892 E/SurfaceFlinger( 1319):     gl_Position = projection * position;
05-25 13:56:54.892 E/SurfaceFlinger( 1319):     outTexCoords = (texture * texCoords).st;
05-25 13:56:54.892 E/SurfaceFlinger( 1319): }
05-25 13:56:54.892 E/SurfaceFlinger( 1319): 
05-25 13:56:54.892 E/SurfaceFlinger( 1319): öÿÿÿÿÿÿÿŸz}w
05-25 13:56:54.892 E/SurfaceFlinger( 1319): Error while compiling shader: 
05-25 13:56:54.892 E/SurfaceFlinger( 1319): #extension GL_OES_EGL_image_external : require
05-25 13:56:54.892 E/SurfaceFlinger( 1319): precision mediump float;
05-25 13:56:54.892 E/SurfaceFlinger( 1319): uniform samplerExternalOES sampler;
05-25 13:56:54.892 E/SurfaceFlinger( 1319): varying vec2 outTexCoords;
05-25 13:56:54.892 E/SurfaceFlinger( 1319): uniform float alphaPlane;
05-25 13:56:54.892 E/SurfaceFlinger( 1319): void main(void) {
05-25 13:56:54.892 E/SurfaceFlinger( 1319):     gl_FragColor = texture2D(sampler, outTexCoords);
05-25 13:56:54.892 E/SurfaceFlinger( 1319):     gl_FragColor *= alphaPlane;
05-25 13:56:54.892 E/SurfaceFlinger( 1319): }
05-25 13:56:54.892 E/SurfaceFlinger( 1319): 
05-25 13:56:54.892 E/SurfaceFlinger( 1319): öÿÿÿÿÿÿÿŸz}w
05-25 13:56:54.892 E/SurfaceFlinger( 1319): Error while linking shaders:
05-25 13:56:54.892 E/SurfaceFlinger( 1319): Error while compiling shader: 
05-25 13:56:54.892 E/SurfaceFlinger( 1319): attribute vec4 texCoords;
05-25 13:56:54.892 E/SurfaceFlinger( 1319): varying vec2 outTexCoords;
05-25 13:56:54.892 E/SurfaceFlinger( 1319): attribute vec4 position;
05-25 13:56:54.892 E/SurfaceFlinger( 1319): uniform mat4 projection;
05-25 13:56:54.892 E/SurfaceFlinger( 1319): uniform mat4 texture;
05-25 13:56:54.892 E/SurfaceFlinger( 1319): void main(void) {
05-25 13:56:54.892 E/SurfaceFlinger( 1319):     gl_Position = projection * position;
05-25 13:56:54.892 E/SurfaceFlinger( 1319):     outTexCoords = (texture * texCoords).st;
05-25 13:56:54.892 E/SurfaceFlinger( 1319): }
05-25 13:56:54.892 E/SurfaceFlinger( 1319): 
05-25 13:56:54.892 E/SurfaceFlinger( 1319): öÿÿÿÿÿÿÿŸz}w
05-25 13:56:54.892 E/SurfaceFlinger( 1319): Error while compiling shader: 
05-25 13:56:54.892 E/SurfaceFlinger( 1319): #extension GL_OES_EGL_image_external : require
05-25 13:56:54.892 E/SurfaceFlinger( 1319): precision mediump float;
05-25 13:56:54.892 E/SurfaceFlinger( 1319): uniform samplerExternalOES sampler;
05-25 13:56:54.892 E/SurfaceFlinger( 1319): varying vec2 outTexCoords;
05-25 13:56:54.892 E/SurfaceFlinger( 1319): uniform float alphaPlane;
05-25 13:56:54.892 E/SurfaceFlinger( 1319): void main(void) {
05-25 13:56:54.892 E/SurfaceFlinger( 1319):     gl_FragColor = texture2D(sampler, outTexCoords);
05-25 13:56:54.892 E/SurfaceFlinger( 1319):     gl_FragColor.a = 1.0;
05-25 13:56:54.892 E/SurfaceFlinger( 1319):     gl_FragColor.a *= alphaPlane;
05-25 13:56:54.892 E/SurfaceFlinger( 1319): }
05-25 13:56:54.892 E/SurfaceFlinger( 1319): 
05-25 13:56:54.892 E/SurfaceFlinger( 1319): öÿÿÿÿÿÿÿŸz}w
05-25 13:56:54.892 E/SurfaceFlinger( 1319): Error while linking shaders:
05-25 13:56:54.892 E/SurfaceFlinger( 1319): Error while compiling shader: 
05-25 13:56:54.892 E/SurfaceFlinger( 1319): attribute vec4 texCoords;
05-25 13:56:54.892 E/SurfaceFlinger( 1319): varying vec2 outTexCoords;
05-25 13:56:54.892 E/SurfaceFlinger( 1319): attribute vec4 position;
05-25 13:56:54.892 E/SurfaceFlinger( 1319): uniform mat4 projection;
05-25 13:56:54.892 E/SurfaceFlinger( 1319): uniform mat4 texture;
05-25 13:56:54.892 E/SurfaceFlinger( 1319): void main(void) {
05-25 13:56:54.892 E/SurfaceFlinger( 1319):     gl_Position = projection * position;
05-25 13:56:54.892 E/SurfaceFlinger( 1319):     outTexCoords = (texture * texCoords).st;
05-25 13:56:54.892 E/SurfaceFlinger( 1319): }
05-25 13:56:54.892 E/SurfaceFlinger( 1319): 
05-25 13:56:54.892 E/SurfaceFlinger( 1319): öÿÿÿÿÿÿÿŸz}w
05-25 13:56:54.893 E/SurfaceFlinger( 1319): Error while compiling shader: 
05-25 13:56:54.893 E/SurfaceFlinger( 1319): #extension GL_OES_EGL_image_external : require
05-25 13:56:54.893 E/SurfaceFlinger( 1319): precision mediump float;
05-25 13:56:54.893 E/SurfaceFlinger( 1319): uniform samplerExternalOES sampler;
05-25 13:56:54.893 E/SurfaceFlinger( 1319): varying vec2 outTexCoords;
05-25 13:56:54.893 E/SurfaceFlinger( 1319): uniform float alphaPlane;
05-25 13:56:54.893 E/SurfaceFlinger( 1319): void main(void) {
05-25 13:56:54.893 E/SurfaceFlinger( 1319):     gl_FragColor = texture2D(sampler, outTexCoords);
05-25 13:56:54.893 E/SurfaceFlinger( 1319):     gl_FragColor.a = 1.0;
05-25 13:56:54.893 E/SurfaceFlinger( 1319):     gl_FragColor *= alphaPlane;
05-25 13:56:54.893 E/SurfaceFlinger( 1319): }
05-25 13:56:54.893 E/SurfaceFlinger( 1319): 
05-25 13:56:54.893 E/SurfaceFlinger( 1319): öÿÿÿÿÿÿÿŸz}w
05-25 13:56:54.893 E/SurfaceFlinger( 1319): Error while linking shaders:
05-25 13:56:54.893 E/SurfaceFlinger( 1319): Error while compiling shader: 
05-25 13:56:54.893 E/SurfaceFlinger( 1319): attribute vec4 texCoords;
05-25 13:56:54.893 E/SurfaceFlinger( 1319): varying vec2 outTexCoords;
05-25 13:56:54.893 E/SurfaceFlinger( 1319): attribute vec4 position;
05-25 13:56:54.893 E/SurfaceFlinger( 1319): uniform mat4 projection;
05-25 13:56:54.893 E/SurfaceFlinger( 1319): uniform mat4 texture;
05-25 13:56:54.893 E/SurfaceFlinger( 1319): void main(void) {
05-25 13:56:54.893 E/SurfaceFlinger( 1319):     gl_Position = projection * position;
05-25 13:56:54.893 E/SurfaceFlinger( 1319):     outTexCoords = (texture * texCoords).st;
05-25 13:56:54.893 E/SurfaceFlinger( 1319): }
05-25 13:56:54.893 E/SurfaceFlinger( 1319): 
05-25 13:56:54.893 E/SurfaceFlinger( 1319): öÿÿÿÿÿÿÿŸz}w
05-25 13:56:54.893 E/SurfaceFlinger( 1319): Error while compiling shader: 
05-25 13:56:54.893 E/SurfaceFlinger( 1319): precision mediump float;
05-25 13:56:54.893 E/SurfaceFlinger( 1319): uniform sampler2D sampler;
05-25 13:56:54.893 E/SurfaceFlinger( 1319): varying vec2 outTexCoords;
05-25 13:56:54.893 E/SurfaceFlinger( 1319): void main(void) {
05-25 13:56:54.893 E/SurfaceFlinger( 1319):     gl_FragColor = texture2D(sampler, outTexCoords);
05-25 13:56:54.893 E/SurfaceFlinger( 1319): }
05-25 13:56:54.893 E/SurfaceFlinger( 1319): 
05-25 13:56:54.893 E/SurfaceFlinger( 1319): öÿÿÿÿÿÿÿŸz}w
05-25 13:56:54.893 E/SurfaceFlinger( 1319): Error while linking shaders:
05-25 13:56:54.893 E/SurfaceFlinger( 1319): Error while compiling shader: 
05-25 13:56:54.893 E/SurfaceFlinger( 1319): attribute vec4 texCoords;
05-25 13:56:54.893 E/SurfaceFlinger( 1319): varying vec2 outTexCoords;
05-25 13:56:54.893 E/SurfaceFlinger( 1319): attribute vec4 position;
05-25 13:56:54.893 E/SurfaceFlinger( 1319): uniform mat4 projection;
05-25 13:56:54.893 E/SurfaceFlinger( 1319): uniform mat4 texture;
05-25 13:56:54.893 E/SurfaceFlinger( 1319): void main(void) {
05-25 13:56:54.893 E/SurfaceFlinger( 1319):     gl_Position = projection * position;
05-25 13:56:54.893 E/SurfaceFlinger( 1319):     outTexCoords = (texture * texCoords).st;
05-25 13:56:54.893 E/SurfaceFlinger( 1319): }
05-25 13:56:54.893 E/SurfaceFlinger( 1319): 
05-25 13:56:54.893 E/SurfaceFlinger( 1319): öÿÿÿÿÿÿÿŸz}w
05-25 13:56:54.893 E/SurfaceFlinger( 1319): Error while compiling shader: 
05-25 13:56:54.893 E/SurfaceFlinger( 1319): precision mediump float;
05-25 13:56:54.893 E/SurfaceFlinger( 1319): uniform sampler2D sampler;
05-25 13:56:54.893 E/SurfaceFlinger( 1319): varying vec2 outTexCoords;
05-25 13:56:54.893 E/SurfaceFlinger( 1319): void main(void) {
05-25 13:56:54.893 E/SurfaceFlinger( 1319):     gl_FragColor = texture2D(sampler, outTexCoords);
05-25 13:56:54.893 E/SurfaceFlinger( 1319): }
05-25 13:56:54.893 E/SurfaceFlinger( 1319): 
05-25 13:56:54.893 E/SurfaceFlinger( 1319): öÿÿÿÿÿÿÿŸz}w
05-25 13:56:54.893 E/SurfaceFlinger( 1319): Error while linking shaders:
05-25 13:56:54.893 E/SurfaceFlinger( 1319): Error while compiling shader: 
05-25 13:56:54.893 E/SurfaceFlinger( 1319): attribute vec4 texCoords;
05-25 13:56:54.893 E/SurfaceFlinger( 1319): varying vec2 outTexCoords;
05-25 13:56:54.893 E/SurfaceFlinger( 1319): attribute vec4 position;
05-25 13:56:54.893 E/SurfaceFlinger( 1319): uniform mat4 projection;
05-25 13:56:54.893 E/SurfaceFlinger( 1319): uniform mat4 texture;
05-25 13:56:54.893 E/SurfaceFlinger( 1319): void main(void) {
05-25 13:56:54.893 E/SurfaceFlinger( 1319):     gl_Position = projection * position;
05-25 13:56:54.893 E/SurfaceFlinger( 1319):     outTexCoords = (texture * texCoords).st;
05-25 13:56:54.893 E/SurfaceFlinger( 1319): }
05-25 13:56:54.893 E/SurfaceFlinger( 1319): 
05-25 13:56:54.893 E/SurfaceFlinger( 1319): öÿÿÿÿÿÿÿŸz}w
05-25 13:56:54.893 E/SurfaceFlinger( 1319): Error while compiling shader: 
05-25 13:56:54.893 E/SurfaceFlinger( 1319): precision mediump float;
05-25 13:56:54.893 E/SurfaceFlinger( 1319): uniform sampler2D sampler;
05-25 13:56:54.893 E/SurfaceFlinger( 1319): varying vec2 outTexCoords;
05-25 13:56:54.893 E/SurfaceFlinger( 1319): void main(void) {
05-25 13:56:54.893 E/SurfaceFlinger( 1319):     gl_FragColor = texture2D(sampler, outTexCoords);
05-25 13:56:54.893 E/SurfaceFlinger( 1319):     gl_FragColor.a = 1.0;
05-25 13:56:54.893 E/SurfaceFlinger( 1319): }
05-25 13:56:54.893 E/SurfaceFlinger( 1319): 
05-25 13:56:54.893 E/SurfaceFlinger( 1319): öÿÿÿÿÿÿÿŸz}w
05-25 13:56:54.893 E/SurfaceFlinger( 1319): Error while linking shaders:
05-25 13:56:54.893 E/SurfaceFlinger( 1319): Error while compiling shader: 
05-25 13:56:54.893 E/SurfaceFlinger( 1319): attribute vec4 texCoords;
05-25 13:56:54.893 E/SurfaceFlinger( 1319): varying vec2 outTexCoords;
05-25 13:56:54.893 E/SurfaceFlinger( 1319): attribute vec4 position;
05-25 13:56:54.893 E/SurfaceFlinger( 1319): uniform mat4 projection;
05-25 13:56:54.893 E/SurfaceFlinger( 1319): uniform mat4 texture;
05-25 13:56:54.893 E/SurfaceFlinger( 1319): void main(void) {
05-25 13:56:54.893 E/SurfaceFlinger( 1319):     gl_Position = projection * position;
05-25 13:56:54.893 E/SurfaceFlinger( 1319):     outTexCoords = (texture * texCoords).st;
05-25 13:56:54.893 E/SurfaceFlinger( 1319): }
05-25 13:56:54.893 E/SurfaceFlinger( 1319): 
05-25 13:56:54.893 E/SurfaceFlinger( 1319): öÿÿÿÿÿÿÿŸz}w
05-25 13:56:54.893 E/SurfaceFlinger( 1319): Error while compiling shader: 
05-25 13:56:54.893 E/SurfaceFlinger( 1319): precision mediump float;
05-25 13:56:54.893 E/SurfaceFlinger( 1319): uniform sampler2D sampler;
05-25 13:56:54.893 E/SurfaceFlinger( 1319): varying vec2 outTexCoords;
05-25 13:56:54.893 E/SurfaceFlinger( 1319): void main(void) {
05-25 13:56:54.893 E/SurfaceFlinger( 1319):     gl_FragColor = texture2D(sampler, outTexCoords);
05-25 13:56:54.893 E/SurfaceFlinger( 1319):     gl_FragColor.a = 1.0;
05-25 13:56:54.893 E/SurfaceFlinger( 1319): }
05-25 13:56:54.893 E/SurfaceFlinger( 1319): 
05-25 13:56:54.893 E/SurfaceFlinger( 1319): öÿÿÿÿÿÿÿŸz}w
05-25 13:56:54.893 E/SurfaceFlinger( 1319): Error while linking shaders:
05-25 13:56:54.893 E/SurfaceFlinger( 1319): Error while compiling shader: 
05-25 13:56:54.893 E/SurfaceFlinger( 1319): attribute vec4 texCoords;
05-25 13:56:54.893 E/SurfaceFlinger( 1319): varying vec2 outTexCoords;
05-25 13:56:54.893 E/SurfaceFlinger( 1319): attribute vec4 position;
05-25 13:56:54.893 E/SurfaceFlinger( 1319): uniform mat4 projection;
05-25 13:56:54.893 E/SurfaceFlinger( 1319): uniform mat4 texture;
05-25 13:56:54.893 E/SurfaceFlinger( 1319): void main(void) {
05-25 13:56:54.893 E/SurfaceFlinger( 1319):     gl_Position = projection * position;
05-25 13:56:54.893 E/SurfaceFlinger( 1319):     outTexCoords = (texture * texCoords).st;
05-25 13:56:54.893 E/SurfaceFlinger( 1319): }
05-25 13:56:54.893 E/SurfaceFlinger( 1319): 
05-25 13:56:54.893 E/SurfaceFlinger( 1319): öÿÿÿÿÿÿÿŸz}w
05-25 13:56:54.893 E/SurfaceFlinger( 1319): Error while compiling shader: 
05-25 13:56:54.893 E/SurfaceFlinger( 1319): precision mediump float;
05-25 13:56:54.893 E/SurfaceFlinger( 1319): uniform sampler2D sampler;
05-25 13:56:54.893 E/SurfaceFlinger( 1319): varying vec2 outTexCoords;
05-25 13:56:54.893 E/SurfaceFlinger( 1319): uniform float alphaPlane;
05-25 13:56:54.893 E/SurfaceFlinger( 1319): void main(void) {
05-25 13:56:54.893 E/SurfaceFlinger( 1319):     gl_FragColor = texture2D(sampler, outTexCoords);
05-25 13:56:54.893 E/SurfaceFlinger( 1319):     gl_FragColor.a *= alphaPlane;
05-25 13:56:54.893 E/SurfaceFlinger( 1319): }
05-25 13:56:54.893 E/SurfaceFlinger( 1319): 
05-25 13:56:54.893 E/SurfaceFlinger( 1319): öÿÿÿÿÿÿÿŸz}w
05-25 13:56:54.893 E/SurfaceFlinger( 1319): Error while linking shaders:
05-25 13:56:54.893 E/SurfaceFlinger( 1319): Error while compiling shader: 
05-25 13:56:54.893 E/SurfaceFlinger( 1319): attribute vec4 texCoords;
05-25 13:56:54.893 E/SurfaceFlinger( 1319): varying vec2 outTexCoords;
05-25 13:56:54.893 E/SurfaceFlinger( 1319): attribute vec4 position;
05-25 13:56:54.893 E/SurfaceFlinger( 1319): uniform mat4 projection;
05-25 13:56:54.893 E/SurfaceFlinger( 1319): uniform mat4 texture;
05-25 13:56:54.893 E/SurfaceFlinger( 1319): void main(void) {
05-25 13:56:54.893 E/SurfaceFlinger( 1319):     gl_Position = projection * position;
05-25 13:56:54.893 E/SurfaceFlinger( 1319):     outTexCoords = (texture * texCoords).st;
05-25 13:56:54.893 E/SurfaceFlinger( 1319): }
05-25 13:56:54.893 E/SurfaceFlinger( 1319): 
05-25 13:56:54.893 E/SurfaceFlinger( 1319): öÿÿÿÿÿÿÿŸz}w
05-25 13:56:54.893 E/SurfaceFlinger( 1319): Error while compiling shader: 
05-25 13:56:54.893 E/SurfaceFlinger( 1319): precision mediump float;
05-25 13:56:54.893 E/SurfaceFlinger( 1319): uniform sampler2D sampler;
05-25 13:56:54.893 E/SurfaceFlinger( 1319): varying vec2 outTexCoords;
05-25 13:56:54.893 E/SurfaceFlinger( 1319): uniform float alphaPlane;
05-25 13:56:54.893 E/SurfaceFlinger( 1319): void main(void) {
05-25 13:56:54.893 E/SurfaceFlinger( 1319):     gl_FragColor = texture2D(sampler, outTexCoords);
05-25 13:56:54.893 E/SurfaceFlinger( 1319):     gl_FragColor *= alphaPlane;
05-25 13:56:54.893 E/SurfaceFlinger( 1319): }
05-25 13:56:54.893 E/SurfaceFlinger( 1319): 
05-25 13:56:54.893 E/SurfaceFlinger( 1319): öÿÿÿÿÿÿÿŸz}w
05-25 13:56:54.893 E/SurfaceFlinger( 1319): Error while linking shaders:
05-25 13:56:54.894 E/SurfaceFlinger( 1319): Error while compiling shader: 
05-25 13:56:54.894 E/SurfaceFlinger( 1319): attribute vec4 texCoords;
05-25 13:56:54.894 E/SurfaceFlinger( 1319): varying vec2 outTexCoords;
05-25 13:56:54.894 E/SurfaceFlinger( 1319): attribute vec4 position;
05-25 13:56:54.894 E/SurfaceFlinger( 1319): uniform mat4 projection;
05-25 13:56:54.894 E/SurfaceFlinger( 1319): uniform mat4 texture;
05-25 13:56:54.894 E/SurfaceFlinger( 1319): void main(void) {
05-25 13:56:54.894 E/SurfaceFlinger( 1319):     gl_Position = projection * position;
05-25 13:56:54.894 E/SurfaceFlinger( 1319):     outTexCoords = (texture * texCoords).st;
05-25 13:56:54.894 E/SurfaceFlinger( 1319): }
05-25 13:56:54.894 E/SurfaceFlinger( 1319): 
05-25 13:56:54.894 E/SurfaceFlinger( 1319): öÿÿÿÿÿÿÿŸz}w
05-25 13:56:54.894 E/SurfaceFlinger( 1319): Error while compiling shader: 
05-25 13:56:54.894 E/SurfaceFlinger( 1319): precision mediump float;
05-25 13:56:54.894 E/SurfaceFlinger( 1319): uniform sampler2D sampler;
05-25 13:56:54.894 E/SurfaceFlinger( 1319): varying vec2 outTexCoords;
05-25 13:56:54.894 E/SurfaceFlinger( 1319): uniform float alphaPlane;
05-25 13:56:54.894 E/SurfaceFlinger( 1319): void main(void) {
05-25 13:56:54.894 E/SurfaceFlinger( 1319):     gl_FragColor = texture2D(sampler, outTexCoords);
05-25 13:56:54.894 E/SurfaceFlinger( 1319):     gl_FragColor.a = 1.0;
05-25 13:56:54.894 E/SurfaceFlinger( 1319):     gl_FragColor.a *= alphaPlane;
05-25 13:56:54.894 E/SurfaceFlinger( 1319): }
05-25 13:56:54.894 E/SurfaceFlinger( 1319): 
05-25 13:56:54.894 E/SurfaceFlinger( 1319): öÿÿÿÿÿÿÿŸz}w
05-25 13:56:54.894 E/SurfaceFlinger( 1319): Error while linking shaders:
05-25 13:56:54.894 E/SurfaceFlinger( 1319): Error while compiling shader: 
05-25 13:56:54.894 E/SurfaceFlinger( 1319): attribute vec4 texCoords;
05-25 13:56:54.894 E/SurfaceFlinger( 1319): varying vec2 outTexCoords;
05-25 13:56:54.894 E/SurfaceFlinger( 1319): attribute vec4 position;
