04-27 11:27:14.109 W/ActivityManager( 2897): Slow operation: 515ms so far, now at startProcess: starting to update pids map
04-27 11:27:14.109 W/ActivityManager( 2897): Slow operation: 515ms so far, now at startProcess: done updating pids map
04-27 11:27:14.109 W/ActivityManager( 2897): Slow operation: 517ms so far, now at startProcess: done starting proc!
04-27 11:27:14.199 W/art     ( 2897): Long monitor contention with owner BackgroundDexOptService_PostBootUpdate (3589) at android.content.Intent com.android.server.am.ActivityManagerService.registerReceiver(android.app.IApplicationThread, java.lang.String, android.content.IIntentReceiver, android.content.IntentFilter, java.lang.String, int)(ActivityManagerService.java:17547) waiters=3 in android.content.Intent com.android.server.am.ActivityManagerService.registerReceiver(android.app.IApplicationThread, java.lang.String, android.content.IIntentReceiver, android.content.IntentFilter, java.lang.String, int) for 801ms
04-27 11:27:14.208 I/Choreographer( 3413): Skipped 59 frames!  The application may be doing too much work on its main thread.
04-27 11:27:14.504 W/art     ( 3684): Unexpected CPU variant for X86 using defaults: x86_64
04-27 11:27:14.760 W/art     ( 2897): Long monitor contention with owner Binder:2897_A (3642) at void com.android.server.am.ActivityManagerService.activityPaused(android.os.IBinder)(ActivityManagerService.java:6916) waiters=2 in void com.android.server.am.ActivityManagerService.finishReceiver(android.os.IBinder, int, java.lang.String, android.os.Bundle, boolean, int) for 1.281s
04-27 11:27:14.816 W/art     ( 2897): Long monitor contention with owner Binder:2897_A (3642) at void com.android.server.am.ActivityManagerService.activityPaused(android.os.IBinder)(ActivityManagerService.java:6916) waiters=3 in void com.android.server.am.ActivityManagerService.dispatchUidsChanged() for 1.289s
04-27 11:27:14.824 W/art     ( 2897): Long monitor contention with owner Binder:2897_A (3642) at void com.android.server.am.ActivityManagerService.activityPaused(android.os.IBinder)(ActivityManagerService.java:6916) waiters=4 in void com.android.server.am.ActivityManagerService$MainHandler.handleMessage(android.os.Message) for 1.296s
04-27 11:27:14.827 W/art     ( 2897): Long monitor contention with owner Binder:2897_A (3642) at void com.android.server.am.ActivityManagerService.activityPaused(android.os.IBinder)(ActivityManagerService.java:6916) waiters=6 in android.content.Intent com.android.server.am.ActivityManagerService.registerReceiver(android.app.IApplicationThread, java.lang.String, android.content.IIntentReceiver, android.content.IntentFilter, java.lang.String, int) for 1.264s
04-27 11:27:14.846 W/art     ( 2897): Long monitor contention with owner Binder:2897_A (3642) at void com.android.server.am.ActivityManagerService.activityPaused(android.os.IBinder)(ActivityManagerService.java:6916) waiters=1 in int com.android.server.am.ActivityManagerService.getAppStartMode(int, java.lang.String) for 1.444s
04-27 11:27:14.871 W/art     ( 2897): Long monitor contention with owner Binder:2897_A (3642) at void com.android.server.am.ActivityManagerService.activityPaused(android.os.IBinder)(ActivityManagerService.java:6916) waiters=5 in int com.android.server.am.ActivityManagerService.bindService(android.app.IApplicationThread, android.os.IBinder, android.content.Intent, java.lang.String, android.app.IServiceConnection, int, java.lang.String, int) for 1.338s
04-27 11:27:15.069 W/art     ( 2897): Long monitor contention with owner Binder:2897_9 (3641) at void com.android.server.am.ActivityManagerService.finishReceiver(android.os.IBinder, int, java.lang.String, android.os.Bundle, boolean, int)(ActivityManagerService.java:18651) waiters=6 in com.android.server.am.ProcessRecord com.android.server.am.ActivityManagerService.findAppProcess(android.os.IBinder, java.lang.String) for 296ms
04-27 11:27:15.475 I/AccountManagerService( 2897): User 0 is unlocked - opening CE database
04-27 11:27:15.798 W/art     ( 2897): Long monitor contention with owner ActivityManager (2951) at void com.android.server.am.ActivityStackSupervisor$ActivityStackSupervisorHandler.handleMessage(android.os.Message)(ActivityStackSupervisor.java:3910) waiters=5 in void com.android.server.am.ActivityManagerService.dispatchUidsChanged() for 953ms
04-27 11:27:15.810 W/art     ( 2897): Long monitor contention with owner ActivityManager (2951) at void com.android.server.am.ActivityStackSupervisor$ActivityStackSupervisorHandler.handleMessage(android.os.Message)(ActivityStackSupervisor.java:3910) waiters=6 in void com.android.server.am.BroadcastQueue.processNextBroadcast(boolean) for 964ms
04-27 11:27:15.811 W/art     ( 2897): Long monitor contention with owner ActivityManager (2951) at void com.android.server.am.ActivityStackSupervisor$ActivityStackSupervisorHandler.handleMessage(android.os.Message)(ActivityStackSupervisor.java:3910) waiters=6 in int com.android.server.am.ActivityManagerService.getAppStartMode(int, java.lang.String) for 965ms
04-27 11:27:15.811 W/art     ( 2897): Long monitor contention with owner Binder:2897_5 (3343) at void com.android.server.am.ActivityManagerService.attachApplication(android.app.IApplicationThread)(ActivityManagerService.java:6669) waiters=5 in com.android.server.am.ProcessRecord com.android.server.am.ActivityManagerService.findAppProcess(android.os.IBinder, java.lang.String) for 742ms
04-27 11:27:15.812 W/art     ( 2897): Long monitor contention with owner Binder:2897_5 (3343) at void com.android.server.am.ActivityManagerService.attachApplication(android.app.IApplicationThread)(ActivityManagerService.java:6669) waiters=5 in android.content.Intent com.android.server.am.ActivityManagerService.registerReceiver(android.app.IApplicationThread, java.lang.String, android.content.IIntentReceiver, android.content.IntentFilter, java.lang.String, int) for 743ms
04-27 11:27:16.004 W/art     ( 2897): Long monitor contention with owner ActivityManager (2951) at void com.android.server.am.ActivityStackSupervisor$ActivityStackSupervisorHandler.handleMessage(android.os.Message)(ActivityStackSupervisor.java:3910) waiters=6 in int com.android.server.am.ActivityManagerService.bindService(android.app.IApplicationThread, android.os.IBinder, android.content.Intent, java.lang.String, android.app.IServiceConnection, int, java.lang.String, int) for 1.006s
04-27 11:27:16.120 I/Choreographer( 3413): Skipped 30 frames!  The application may be doing too much work on its main thread.
04-27 11:27:16.129 V/SystemUIService( 3650): Starting SystemUI services for user 0.
04-27 11:27:16.243 W/System  ( 3684): ClassLoader referenced unknown path: /system/app/Launcher3/lib/x86_64
04-27 11:27:16.544 W/WallpaperManagerService( 2897): Wallpaper reconnect timed out, reverting to built-in wallpaper!
04-27 11:27:16.774 D/LauncherProvider( 3684): Launcher process started
04-27 11:27:16.907 W/art     ( 2897): Long monitor contention with owner android.display (2969) at void com.android.server.wm.WindowAnimator$1.doFrame(long)(WindowAnimator.java:144) waiters=1 in float com.android.server.wm.WindowManagerService.getCurrentAnimatorScale() for 218ms
04-27 11:27:17.070 V/Launcher( 3684): LauncherAppState inited
04-27 11:27:17.406 I/AlarmClock( 3568): AlarmInitReceiver android.intent.action.LOCKED_BOOT_COMPLETED
04-27 11:27:17.557 D/WIFI    ( 2897): Registering NetworkFactory
04-27 11:27:17.558 D/WIFI_UT ( 2897): Registering NetworkFactory
04-27 11:27:17.572 D/ConnectivityService( 2897): Got NetworkFactory Messenger for WIFI
04-27 11:27:17.572 D/ConnectivityService( 2897): Got NetworkFactory Messenger for WIFI_UT
04-27 11:27:17.576 V/MediaRouter( 3650): Adding route: RouteInfo{ name=Phone, description=null, status=null, category=RouteCategory{ name=null types=ROUTE_TYPE_LIVE_AUDIO ROUTE_TYPE_LIVE_VIDEO  groupable=false }, supportedTypes=ROUTE_TYPE_LIVE_AUDIO ROUTE_TYPE_LIVE_VIDEO , presentationDisplay=null }
04-27 11:27:17.685 V/MediaRouter( 3650): Updating audio routes: AudioRoutesInfo{ type=SPEAKER }
04-27 11:27:17.737 V/MediaRouter( 3650): Selecting route: RouteInfo{ name=Phone, description=null, status=null, category=RouteCategory{ name=null types=ROUTE_TYPE_LIVE_AUDIO ROUTE_TYPE_LIVE_VIDEO  groupable=false }, supportedTypes=ROUTE_TYPE_LIVE_AUDIO ROUTE_TYPE_LIVE_VIDEO , presentationDisplay=null }
04-27 11:27:17.824 W/art     ( 2897): Long monitor contention with owner android.display (2969) at void com.android.server.wm.WindowAnimator$1.doFrame(long)(WindowAnimator.java:144) waiters=0 in void com.android.server.wm.WindowManagerService.monitor() for 122ms
04-27 11:27:17.969 D/WIFI    ( 2897): got request NetworkRequest [ REQUEST id=1, [ Capabilities: INTERNET&NOT_RESTRICTED&TRUSTED&NOT_VPN] ] with score 0
04-27 11:27:17.969 D/WIFI_UT ( 2897): got request NetworkRequest [ REQUEST id=1, [ Capabilities: INTERNET&NOT_RESTRICTED&TRUSTED&NOT_VPN] ] with score 0
04-27 11:27:18.514 D/TrustManagerService( 2897): Removing dead TrustListener.
04-27 11:27:19.075 E/WVMExtractor( 3650): Failed to open libwvm.so: dlopen failed: library "libwvm.so" not found
04-27 11:27:19.574 I/MediaPlayerService( 1353): MediaPlayerService::getOMX
04-27 11:27:19.599 I/OMXClient( 3650): MuxOMX ctor
04-27 11:27:19.642 I/OMXMaster( 1348): makeComponentInstance(OMX.google.vorbis.decoder) in mediacodec process
04-27 11:27:21.428 I/Choreographer( 3413): Skipped 37 frames!  The application may be doing too much work on its main thread.
04-27 11:27:21.579 I/Choreographer( 3684): Skipped 35 frames!  The application may be doing too much work on its main thread.
04-27 11:27:22.144 D/gralloc_ranchu( 3684): Emulator without host-side GPU emulation detected. Loading gralloc.default.so from /vendor/lib64/hw/gralloc.goldfish.default.so...
04-27 11:27:22.151 D/gralloc_ranchu( 3684): gralloc.default.so not found in /vendor. Trying /system/lib64/hw/gralloc.goldfish.default.so...
04-27 11:27:22.585 I/ActivityManager( 2897): Displayed com.android.launcher3/.Launcher: +8s992ms
04-27 11:27:22.648 I/MediaPlayerService( 1353): MediaPlayerService::getOMX
04-27 11:27:22.663 I/OMXClient( 3650): MuxOMX ctor
04-27 11:27:22.700 I/OMXMaster( 1348): makeComponentInstance(OMX.google.vorbis.decoder) in mediacodec process
04-27 11:27:22.742 W/BroadcastQueue( 2897): Timeout of broadcast BroadcastRecord{ec01f49 u-1 android.intent.action.TIME_TICK} - receiver=android.os.BinderProxy@3876952, started 10009ms ago
04-27 11:27:22.742 W/BroadcastQueue( 2897): Receiver during timeout: BroadcastFilter{5a59d20 u0 ReceiverList{a2b0423 3180 com.android.systemui/10021/u0 remote:3876952}}
04-27 11:27:22.984 V/GridSizeMigrationTask( 3684): Workspace migration completed in 184
04-27 11:27:22.987 D/Launcher.Model( 3684): loadWorkspace: loading default favorites
04-27 11:27:23.010 I/vol.Events( 3650): writeEvent collection_started
04-27 11:27:23.124 I/vol.Events( 3650): writeEvent external_ringer_mode_changed normal
04-27 11:27:23.157 I/vol.Events( 3650): writeEvent internal_ringer_mode_changed normal
04-27 11:27:23.755 I/MediaPlayerService( 1353): MediaPlayerService::getOMX
04-27 11:27:23.758 I/OMXClient( 3650): MuxOMX ctor
04-27 11:27:23.783 I/OMXMaster( 1348): makeComponentInstance(OMX.google.vorbis.decoder) in mediacodec process
04-27 11:27:25.535 W/ActivityManager( 2897): Slow operation: 145ms so far, now at startProcess: returned from zygote!
04-27 11:27:25.535 W/ActivityManager( 2897): Slow operation: 145ms so far, now at startProcess: done updating battery stats
04-27 11:27:25.535 W/ActivityManager( 2897): Slow operation: 145ms so far, now at startProcess: building log message
04-27 11:27:25.535 I/ActivityManager( 2897): Start proc 3751:com.android.keychain/1000 for service com.android.keychain/.KeyChainService
04-27 11:27:25.535 W/ActivityManager( 2897): Slow operation: 146ms so far, now at startProcess: starting to update pids map
04-27 11:27:25.536 W/ActivityManager( 2897): Slow operation: 146ms so far, now at startProcess: done updating pids map
04-27 11:27:25.536 W/ActivityManager( 2897): Slow operation: 147ms so far, now at startProcess: done starting proc!
04-27 11:27:25.571 W/art     ( 3751): Unexpected CPU variant for X86 using defaults: x86_64
04-27 11:27:25.878 W/System  ( 3751): ClassLoader referenced unknown path: /system/app/KeyChain/lib/x86_64
04-27 11:27:26.102 D/AlarmClock/Events( 3568): [Stopwatch] [Reset] [Reboot]
04-27 11:27:26.332 W/art     ( 2897): Long monitor contention with owner AsyncTask #3 (3515) at int com.android.server.am.ActivityManagerService.bindService(android.app.IApplicationThread, android.os.IBinder, android.content.Intent, java.lang.String, android.app.IServiceConnection, int, java.lang.String, int)(ActivityManagerService.java:17301) waiters=0 in int com.android.server.am.ActivityManagerService.bindService(android.app.IApplicationThread, android.os.IBinder, android.content.Intent, java.lang.String, android.app.IServiceConnection, int, java.lang.String, int) for 922ms
04-27 11:27:26.469 I/vol.Events( 3650): writeEvent level_changed STREAM_ALARM 6
04-27 11:27:26.496 W/ActivityManager( 2897): Slow operation: 141ms so far, now at startProcess: returned from zygote!
04-27 11:27:26.496 W/ActivityManager( 2897): Slow operation: 141ms so far, now at startProcess: done updating battery stats
04-27 11:27:26.496 W/ActivityManager( 2897): Slow operation: 142ms so far, now at startProcess: building log message
04-27 11:27:26.497 I/ActivityManager( 2897): Start proc 3774:com.android.printspooler/u0a51 for service com.android.printspooler/.model.PrintSpoolerService
04-27 11:27:26.497 W/ActivityManager( 2897): Slow operation: 142ms so far, now at startProcess: starting to update pids map
04-27 11:27:26.497 W/ActivityManager( 2897): Slow operation: 142ms so far, now at startProcess: done updating pids map
04-27 11:27:26.497 W/ActivityManager( 2897): Slow operation: 143ms so far, now at startProcess: done starting proc!
04-27 11:27:26.522 I/vol.Events( 3650): writeEvent level_changed STREAM_BLUETOOTH_SCO 7
04-27 11:27:26.587 I/vol.Events( 3650): writeEvent level_changed STREAM_MUSIC 11
04-27 11:27:26.613 W/art     ( 3774): Unexpected CPU variant for X86 using defaults: x86_64
04-27 11:27:27.097 I/vol.Events( 3650): writeEvent level_changed STREAM_RING 5
04-27 11:27:27.131 I/vol.Events( 3650): writeEvent level_changed STREAM_SYSTEM 5
04-27 11:27:27.163 I/vol.Events( 3650): writeEvent level_changed STREAM_VOICE_CALL 4
04-27 11:27:27.712 I/art     ( 3684): Background sticky concurrent mark sweep GC freed 20023(1942KB) AllocSpace objects, 10(232KB) LOS objects, 20% free, 7MB/10MB, paused 52.461ms total 321.119ms
04-27 11:27:27.910 D/StorageNotification( 3650): Notifying about private volume: VolumeInfo{private}:
04-27 11:27:27.910 D/StorageNotification( 3650):     type=PRIVATE diskId=null partGuid=null mountFlags=0 mountUserId=-1 
04-27 11:27:27.910 D/StorageNotification( 3650):     state=MOUNTED 
04-27 11:27:27.910 D/StorageNotification( 3650):     fsType=null fsUuid=null fsLabel=null 
04-27 11:27:27.910 D/StorageNotification( 3650):     path=/data internalPath=null 
04-27 11:27:27.944 D/StorageNotification( 3650): Notifying about public volume: VolumeInfo{public:253,48}:
04-27 11:27:27.944 D/StorageNotification( 3650):     type=PUBLIC diskId=disk:253,48 partGuid=null mountFlags=VISIBLE 
04-27 11:27:27.944 D/StorageNotification( 3650):     mountUserId=0 state=MOUNTED 
04-27 11:27:27.944 D/StorageNotification( 3650):     fsType=vfat fsUuid=1EFF-1C1B fsLabel=SDCARD 
04-27 11:27:27.944 D/StorageNotification( 3650):     path=/storage/1EFF-1C1B internalPath=/mnt/media_rw/1EFF-1C1B 
04-27 11:27:28.273 W/art     ( 3413): Suspending all threads took: 66.795ms
04-27 11:27:28.354 W/ActivityManager( 2897): Slow operation: 147ms so far, now at startProcess: returned from zygote!
04-27 11:27:28.355 W/ActivityManager( 2897): Slow operation: 148ms so far, now at startProcess: done updating battery stats
04-27 11:27:28.355 W/ActivityManager( 2897): Slow operation: 148ms so far, now at startProcess: building log message
04-27 11:27:28.355 I/ActivityManager( 2897): Start proc 3795:android.process.media/u0a10 for broadcast com.android.providers.downloads/.DownloadReceiver
04-27 11:27:28.355 W/ActivityManager( 2897): Slow operation: 149ms so far, now at startProcess: starting to update pids map
04-27 11:27:28.356 W/ActivityManager( 2897): Slow operation: 149ms so far, now at startProcess: done updating pids map
04-27 11:27:28.356 W/ActivityManager( 2897): Slow operation: 156ms so far, now at startProcess: done starting proc!
04-27 11:27:28.371 V/KeyguardServiceDelegate( 2897): *** Keyguard connected (yay!)
04-27 11:27:28.439 W/art     ( 3795): Unexpected CPU variant for X86 using defaults: x86_64
04-27 11:27:28.494 V/AlarmClock( 3568): AlarmInitReceiver finished
04-27 11:27:28.683 D/LockSettings( 2897): Removing dead StrongAuthTracker.
04-27 11:27:27.355 W/ifconfig( 3772): type=1400 audit(0.0:13): avc: denied { ioctl } for path="socket:[15536]" dev="sockfs" ino=15536 ioctlcmd=8927 scontext=u:r:shell:s0 tcontext=u:r:shell:s0 tclass=udp_socket permissive=0
04-27 11:27:27.445 W/ifconfig( 3772): type=1400 audit(0.0:14): avc: denied { ioctl } for path="socket:[15536]" dev="sockfs" ino=15536 ioctlcmd=891d scontext=u:r:shell:s0 tcontext=u:r:shell:s0 tclass=udp_socket permissive=0
04-27 11:27:27.465 W/ifconfig( 3772): type=1400 audit(0.0:15): avc: denied { ioctl } for path="socket:[15536]" dev="sockfs" ino=15536 ioctlcmd=8970 scontext=u:r:shell:s0 tcontext=u:r:shell:s0 tclass=udp_socket permissive=0
04-27 11:27:28.822 W/art     ( 2897): Long monitor contention with owner Binder:2897_5 (3343) at int com.android.server.wm.WindowManagerService.relayoutWindow(com.android.server.wm.Session, android.view.IWindow, int, android.view.WindowManager$LayoutParams, int, int, int, int, android.graphics.Rect, android.graphics.Rect, android.graphics.Rect, android.graphics.Rect, android.graphics.Rect, android.graphics.Rect, android.graphics.Rect, android.content.res.Configuration, android.view.Surface)(WindowManagerService.java:2857) waiters=0 in void com.android.server.wm.WindowManagerService$H.handleMessage(android.os.Message) for 166ms
04-27 11:27:29.054 W/System  ( 3795): ClassLoader referenced unknown path: /system/priv-app/DownloadProvider/lib/x86_64
04-27 11:27:29.113 I/Choreographer( 3650): Skipped 94 frames!  The application may be doing too much work on its main thread.
04-27 11:27:29.314 I/art     ( 3650): Background sticky concurrent mark sweep GC freed 12390(1306KB) AllocSpace objects, 2(40KB) LOS objects, 0% free, 10MB/10MB, paused 585us total 156.471ms
04-27 11:27:29.383 W/System  ( 3795): ClassLoader referenced unknown path: /system/priv-app/MediaProvider/lib/x86_64
04-27 11:27:29.391 D/ApplicationLoaders( 3795): ignored Vulkan layer search path /system/priv-app/MediaProvider/lib/x86_64:/system/priv-app/MediaProvider/MediaProvider.apk!/lib/x86_64:/system/lib64:/vendor/lib64 for namespace 0x7db5609480f0
04-27 11:27:29.599 W/art     ( 2897): Long monitor contention with owner android.display (2969) at void com.android.server.wm.WindowManagerService$H.handleMessage(android.os.Message)(WindowManagerService.java:8368) waiters=0 in int com.android.server.wm.WindowManagerService.relayoutWindow(com.android.server.wm.Session, android.view.IWindow, int, android.view.WindowManager$LayoutParams, int, int, int, int, android.graphics.Rect, android.graphics.Rect, android.graphics.Rect, android.graphics.Rect, android.graphics.Rect, android.graphics.Rect, android.graphics.Rect, android.content.res.Configuration, android.view.Surface) for 219ms
04-27 11:27:29.748 I/BackupManagerService( 2897): Found stale backup journal, scheduling
04-27 11:27:29.917 W/art     ( 2897): Long monitor contention with owner android.display (2969) at void com.android.server.wm.WindowManagerService$H.handleMessage(android.os.Message)(WindowManagerService.java:8368) waiters=1 in void com.android.server.wm.WindowManagerService.setInsetsWindow(com.android.server.wm.Session, android.view.IWindow, int, android.graphics.Rect, android.graphics.Rect, android.graphics.Region) for 195ms
04-27 11:27:30.263 W/art     ( 2897): Long monitor contention with owner android.display (2969) at void com.android.server.wm.WindowManagerService$H.handleMessage(android.os.Message)(WindowManagerService.java:8368) waiters=1 in void com.android.server.wm.WindowManagerService.setInsetsWindow(com.android.server.wm.Session, android.view.IWindow, int, android.graphics.Rect, android.graphics.Rect, android.graphics.Region) for 345ms
04-27 11:27:30.282 W/art     ( 2897): Long monitor contention with owner android.display (2969) at void com.android.server.wm.WindowAnimator$1.doFrame(long)(WindowAnimator.java:144) waiters=1 in void com.android.server.wm.WindowManagerService.setDockedStackDividerTouchRegion(android.graphics.Rect) for 235ms
04-27 11:27:30.575 W/art     ( 2897): Long monitor contention with owner Binder:2897_3 (3105) at void com.android.server.wm.WindowManagerService.setInsetsWindow(com.android.server.wm.Session, android.view.IWindow, int, android.graphics.Rect, android.graphics.Rect, android.graphics.Region)(WindowManagerService.java:2719) waiters=1 in void com.android.server.wm.WindowManagerService.setDockedStackDividerTouchRegion(android.graphics.Rect) for 293ms
04-27 11:27:30.870 I/StatusBarManagerService( 2897): registerStatusBar bar=com.android.internal.statusbar.IStatusBar$Stub$Proxy@5ed5092
04-27 11:27:30.953 D/MediaScannerReceiver( 3795): action: android.intent.action.MEDIA_MOUNTED path: /storage/1EFF-1C1B
04-27 11:27:31.514 D/MediaScannerReceiver( 3795): action: android.intent.action.MEDIA_MOUNTED path: /storage/emulated/0
04-27 11:27:31.917 I/RecoverySystem( 2897): No recovery log file
04-27 11:27:31.939 W/ActivityManager( 2897): Slow operation: 82ms so far, now at startProcess: returned from zygote!
04-27 11:27:31.939 W/ActivityManager( 2897): Slow operation: 83ms so far, now at startProcess: done updating battery stats
04-27 11:27:31.940 W/ActivityManager( 2897): Slow operation: 83ms so far, now at startProcess: building log message
04-27 11:27:31.940 I/ActivityManager( 2897): Start proc 3826:com.android.dialer/u0a8 for broadcast com.android.dialer/.calllog.CallLogReceiver
04-27 11:27:31.940 W/ActivityManager( 2897): Slow operation: 83ms so far, now at startProcess: starting to update pids map
04-27 11:27:31.940 W/ActivityManager( 2897): Slow operation: 83ms so far, now at startProcess: done updating pids map
04-27 11:27:31.940 W/ActivityManager( 2897): Slow operation: 83ms so far, now at startProcess: done starting proc!
04-27 11:27:32.005 W/art     ( 3826): Unexpected CPU variant for X86 using defaults: x86_64
04-27 11:27:32.037 I/BootReceiver( 2897): Copying audit failures to DropBox
04-27 11:27:32.038 I/BootReceiver( 2897): Checking for fsck errors
04-27 11:27:32.478 W/System  ( 3826): ClassLoader referenced unknown path: /system/priv-app/Dialer/lib/x86_64
04-27 11:27:32.863 W/System  ( 3650): ClassLoader referenced unknown path: 
04-27 11:27:32.864 W/System  ( 3650): ClassLoader referenced unknown path: /system/priv-app/Dialer/lib/x86_64
04-27 11:27:32.868 D/ApplicationLoaders( 3650): ignored Vulkan layer search path /system/priv-app/Dialer/lib/x86_64:/system/lib64:/vendor/lib64 for namespace 0x7db560aab0f0
04-27 11:27:32.970 D/ExtensionsFactory( 3826): No custom extensions.
04-27 11:27:32.993 D/BlockedNumbersAuto( 3826): Not attempting auto-migrate: already checked once.
04-27 11:27:33.100 D/CarrierConfigLoader( 3378): mHandler: 13 phoneId: 0
04-27 11:27:33.106 D/CarrierConfigLoader( 3378): mHandler: 7 phoneId: 0
04-27 11:27:33.108 E/CarrierConfigLoader( 3378): Cannot restore config with null packageName or iccid.
04-27 11:27:33.109 D/CarrierConfigLoader( 3378): Binding to com.android.carrierconfig for phone 0
04-27 11:27:33.172 W/ActivityManager( 2897): Slow operation: 73ms so far, now at startProcess: returned from zygote!
04-27 11:27:33.172 W/ActivityManager( 2897): Slow operation: 73ms so far, now at startProcess: done updating battery stats
04-27 11:27:33.172 W/ActivityManager( 2897): Slow operation: 74ms so far, now at startProcess: building log message
04-27 11:27:33.172 I/ActivityManager( 2897): Start proc 3847:com.android.calendar/u0a26 for broadcast com.android.calendar/.alerts.AlertReceiver
04-27 11:27:33.173 W/ActivityManager( 2897): Slow operation: 74ms so far, now at startProcess: starting to update pids map
04-27 11:27:33.173 W/ActivityManager( 2897): Slow operation: 74ms so far, now at startProcess: done updating pids map
04-27 11:27:33.173 W/ActivityManager( 2897): Slow operation: 75ms so far, now at startProcess: done starting proc!
04-27 11:27:33.179 W/art     ( 3847): Unexpected CPU variant for X86 using defaults: x86_64
04-27 11:27:33.259 W/art     ( 3861): Unexpected CPU variant for X86 using defaults: x86_64
04-27 11:27:33.262 E/BluetoothAdapter( 3650): Bluetooth binder is null
04-27 11:27:33.295 W/ActivityManager( 2897): Slow operation: 114ms so far, now at startProcess: returned from zygote!
04-27 11:27:33.296 W/ActivityManager( 2897): Slow operation: 114ms so far, now at startProcess: done updating battery stats
04-27 11:27:33.296 W/ActivityManager( 2897): Slow operation: 114ms so far, now at startProcess: building log message
04-27 11:27:33.296 I/ActivityManager( 2897): Start proc 3861:com.android.carrierconfig/u0a3 for service com.android.carrierconfig/.DefaultCarrierConfigService
04-27 11:27:33.296 W/ActivityManager( 2897): Slow operation: 114ms so far, now at startProcess: starting to update pids map
04-27 11:27:33.296 W/ActivityManager( 2897): Slow operation: 115ms so far, now at startProcess: done updating pids map
04-27 11:27:33.296 W/ActivityManager( 2897): Slow operation: 116ms so far, now at startProcess: done starting proc!
04-27 11:27:33.298 W/art     ( 2897): Long monitor contention with owner Binder:2897_E (3646) at int com.android.server.am.ActivityManagerService.bindService(android.app.IApplicationThread, android.os.IBinder, android.content.Intent, java.lang.String, android.app.IServiceConnection, int, java.lang.String, int)(ActivityManagerService.java:17301) waiters=0 in void com.android.server.am.ActivityManagerService.trimApplications() for 117ms
04-27 11:27:33.409 I/CameraManagerGlobal( 3650): Connecting to camera service
04-27 11:27:33.462 V/EmulatedCamera_Camera( 1329): getCameraInfo
04-27 11:27:33.463 V/EmulatedCamera_BaseCamera( 1329): getCameraInfo
04-27 11:27:33.464 I/CameraService( 1329): getCameraCharacteristics: Switching to HAL1 shim implementation...
04-27 11:27:33.464 V/EmulatedCamera_Camera( 1329): getCameraInfo
04-27 11:27:33.464 V/EmulatedCamera_BaseCamera( 1329): getCameraInfo
04-27 11:27:33.470 V/EmulatedCamera_Camera( 1329): getCameraInfo
04-27 11:27:33.470 V/EmulatedCamera_BaseCamera( 1329): getCameraInfo
04-27 11:27:33.477 W/System  ( 3861): ClassLoader referenced unknown path: /system/priv-app/CarrierConfig/lib/x86_64
04-27 11:27:33.489 V/EmulatedCamera_Camera( 1329): getCameraInfo
04-27 11:27:33.489 V/EmulatedCamera_BaseCamera( 1329): getCameraInfo
04-27 11:27:33.557 D/DefaultCarrierConfigService( 3861): Service created
04-27 11:27:33.562 D/CarrierConfigLoader( 3378): Connected to config app: com.android.carrierconfig/com.android.carrierconfig.DefaultCarrierConfigService
04-27 11:27:33.562 D/CarrierConfigLoader( 3378): mHandler: 3 phoneId: 0
04-27 11:27:33.572 D/DefaultCarrierConfigService( 3861): Config being fetched
04-27 11:27:33.575 D/DefaultCarrierConfigService( 3861): java.io.FileNotFoundException: carrier_config_.xml
04-27 11:27:33.580 E/CarrierConfigLoader( 3378): Cannot save config with null packageName or iccid.
04-27 11:27:33.616 D/CarrierConfigLoader( 3378): mHandler: 5 phoneId: 0
04-27 11:27:33.618 E/PhoneInterfaceManager( 3378): [PhoneIntfMgr] getCarrierPackageNamesForIntent: No UICC
04-27 11:27:33.639 I/StatusBar( 3650): isKeyguardShowing() called before startKeyguard(), returning true
04-27 11:27:33.664 W/StatusBar( 3650): isKeyguardSecure() called before startKeyguard(), returning false
04-27 11:27:33.664 W/StatusBar( 3650): java.lang.Throwable
04-27 11:27:33.664 W/StatusBar( 3650): 	at com.android.systemui.statusbar.BaseStatusBar.isKeyguardSecure(BaseStatusBar.java:2647)
04-27 11:27:33.664 W/StatusBar( 3650): 	at com.android.systemui.statusbar.BaseStatusBar.isCameraAllowedByAdmin(BaseStatusBar.java:2670)
04-27 11:27:33.664 W/StatusBar( 3650): 	at com.android.systemui.statusbar.phone.KeyguardBottomAreaView.updateCameraVisibility(KeyguardBottomAreaView.java:309)
04-27 11:27:33.664 W/StatusBar( 3650): 	at com.android.systemui.statusbar.phone.KeyguardBottomAreaView.setPhoneStatusBar(KeyguardBottomAreaView.java:272)
04-27 11:27:33.664 W/StatusBar( 3650): 	at com.android.systemui.statusbar.phone.PhoneStatusBar.makeStatusBarView(PhoneStatusBar.java:904)
04-27 11:27:33.664 W/StatusBar( 3650): 	at com.android.systemui.statusbar.phone.PhoneStatusBar.addStatusBarWindow(PhoneStatusBar.java:3432)
04-27 11:27:33.664 W/StatusBar( 3650): 	at com.android.systemui.statusbar.phone.PhoneStatusBar.createAndAddWindows(PhoneStatusBar.java:3428)
04-27 11:27:33.664 W/StatusBar( 3650): 	at com.android.systemui.statusbar.BaseStatusBar.start(BaseStatusBar.java:765)
04-27 11:27:33.664 W/StatusBar( 3650): 	at com.android.systemui.statusbar.phone.PhoneStatusBar.start(PhoneStatusBar.java:686)
04-27 11:27:33.664 W/StatusBar( 3650): 	at com.android.systemui.statusbar.SystemBars.createStatusBarFromConfig(SystemBars.java:106)
04-27 11:27:33.664 W/StatusBar( 3650): 	at com.android.systemui.statusbar.SystemBars.onNoService(SystemBars.java:58)
04-27 11:27:33.664 W/StatusBar( 3650): 	at com.android.systemui.statusbar.ServiceMonitor.startService(ServiceMonitor.java:230)
04-27 11:27:33.664 W/StatusBar( 3650): 	at com.android.systemui.statusbar.ServiceMonitor.-wrap5(ServiceMonitor.java)
04-27 11:27:33.664 W/StatusBar( 3650): 	at com.android.systemui.statusbar.ServiceMonitor$1.handleMessage(ServiceMonitor.java:73)
04-27 11:27:33.664 W/StatusBar( 3650): 	at android.os.Handler.dispatchMessage(Handler.java:102)
04-27 11:27:33.664 W/StatusBar( 3650): 	at android.os.Looper.loop(Looper.java:154)
04-27 11:27:33.664 W/StatusBar( 3650): 	at android.app.ActivityThread.main(ActivityThread.java:6119)
04-27 11:27:33.664 W/StatusBar( 3650): 	at java.lang.reflect.Method.invoke(Native Method)
04-27 11:27:33.664 W/StatusBar( 3650): 	at com.android.internal.os.ZygoteInit$MethodAndArgsCaller.run(ZygoteInit.java:886)
04-27 11:27:33.664 W/StatusBar( 3650): 	at com.android.internal.os.ZygoteInit.main(ZygoteInit.java:776)
04-27 11:27:33.669 I/StatusBar( 3650): isKeyguardShowing() called before startKeyguard(), returning true
04-27 11:27:33.683 W/StatusBar( 3650): isKeyguardSecure() called before startKeyguard(), returning false
04-27 11:27:33.683 W/StatusBar( 3650): java.lang.Throwable
04-27 11:27:33.683 W/StatusBar( 3650): 	at com.android.systemui.statusbar.BaseStatusBar.isKeyguardSecure(BaseStatusBar.java:2647)
04-27 11:27:33.683 W/StatusBar( 3650): 	at com.android.systemui.statusbar.BaseStatusBar.isCameraAllowedByAdmin(BaseStatusBar.java:2670)
04-27 11:27:33.683 W/StatusBar( 3650): 	at com.android.systemui.statusbar.phone.KeyguardBottomAreaView.updateCameraVisibility(KeyguardBottomAreaView.java:309)
04-27 11:27:33.683 W/StatusBar( 3650): 	at com.android.systemui.statusbar.phone.KeyguardBottomAreaView.setUserSetupComplete(KeyguardBottomAreaView.java:281)
04-27 11:27:33.683 W/StatusBar( 3650): 	at com.android.systemui.statusbar.phone.PhoneStatusBar.makeStatusBarView(PhoneStatusBar.java:905)
04-27 11:27:33.683 W/StatusBar( 3650): 	at com.android.systemui.statusbar.phone.PhoneStatusBar.addStatusBarWindow(PhoneStatusBar.java:3432)
04-27 11:27:33.683 W/StatusBar( 3650): 	at com.android.systemui.statusbar.phone.PhoneStatusBar.createAndAddWindows(PhoneStatusBar.java:3428)
04-27 11:27:33.683 W/StatusBar( 3650): 	at com.android.systemui.statusbar.BaseStatusBar.start(BaseStatusBar.java:765)
04-27 11:27:33.683 W/StatusBar( 3650): 	at com.android.systemui.statusbar.phone.PhoneStatusBar.start(PhoneStatusBar.java:686)
04-27 11:27:33.683 W/StatusBar( 3650): 	at com.android.systemui.statusbar.SystemBars.createStatusBarFromConfig(SystemBars.java:106)
04-27 11:27:33.683 W/StatusBar( 3650): 	at com.android.systemui.statusbar.SystemBars.onNoService(SystemBars.java:58)
04-27 11:27:33.683 W/StatusBar( 3650): 	at com.android.systemui.statusbar.ServiceMonitor.startService(ServiceMonitor.java:230)
04-27 11:27:33.683 W/StatusBar( 3650): 	at com.android.systemui.statusbar.ServiceMonitor.-wrap5(ServiceMonitor.java)
04-27 11:27:33.683 W/StatusBar( 3650): 	at com.android.systemui.statusbar.ServiceMonitor$1.handleMessage(ServiceMonitor.java:73)
04-27 11:27:33.683 W/StatusBar( 3650): 	at android.os.Handler.dispatchMessage(Handler.java:102)
04-27 11:27:33.683 W/StatusBar( 3650): 	at android.os.Looper.loop(Looper.java:154)
04-27 11:27:33.683 W/StatusBar( 3650): 	at android.app.ActivityThread.main(ActivityThread.java:6119)
04-27 11:27:33.683 W/StatusBar( 3650): 	at java.lang.reflect.Method.invoke(Native Method)
04-27 11:27:33.683 W/StatusBar( 3650): 	at com.android.internal.os.ZygoteInit$MethodAndArgsCaller.run(ZygoteInit.java:886)
04-27 11:27:33.683 W/StatusBar( 3650): 	at com.android.internal.os.ZygoteInit.main(ZygoteInit.java:776)
04-27 11:27:33.770 I/Telecom ( 2897): PhoneAccountRegistrar: SimCallManager queried, returning: null: TSI.gSCMFU@AAU
04-27 11:27:33.835 V/EmulatedCamera_Camera( 1329): getCameraInfo
04-27 11:27:33.835 V/EmulatedCamera_BaseCamera( 1329): getCameraInfo
04-27 11:27:33.837 V/EmulatedCamera_Camera( 1329): getCameraInfo
04-27 11:27:33.837 V/EmulatedCamera_BaseCamera( 1329): getCameraInfo
04-27 11:27:33.891 W/CountryDetector( 3826): No location permissions, not registering for location updates.
04-27 11:27:33.991 W/System  ( 3847): ClassLoader referenced unknown path: /system/app/Calendar/lib/x86_64
04-27 11:27:34.121 I/art     ( 3650): Background sticky concurrent mark sweep GC freed 8464(1952KB) AllocSpace objects, 0(0B) LOS objects, 13% free, 12MB/14MB, paused 1.092ms total 172.846ms
04-27 11:27:34.134 W/art     ( 2897): Long monitor contention with owner android.bg (2949) at void com.android.server.pm.ShortcutService.saveDirtyInfo()(ShortcutService.java:1040) waiters=0 in void com.android.server.pm.ShortcutService.handleOnUidStateChanged(int, int) for 814ms
04-27 11:27:34.159 I/StatusBar( 3650): isKeyguardShowing() called before startKeyguard(), returning true
04-27 11:27:34.172 W/StatusBar( 3650): isKeyguardSecure() called before startKeyguard(), returning false
04-27 11:27:34.172 W/StatusBar( 3650): java.lang.Throwable
04-27 11:27:34.172 W/StatusBar( 3650): 	at com.android.systemui.statusbar.BaseStatusBar.isKeyguardSecure(BaseStatusBar.java:2647)
04-27 11:27:34.172 W/StatusBar( 3650): 	at com.android.systemui.statusbar.BaseStatusBar.isCameraAllowedByAdmin(BaseStatusBar.java:2670)
04-27 11:27:34.172 W/StatusBar( 3650): 	at com.android.systemui.statusbar.phone.KeyguardBottomAreaView.updateCameraVisibility(KeyguardBottomAreaView.java:309)
04-27 11:27:34.172 W/StatusBar( 3650): 	at com.android.systemui.statusbar.phone.KeyguardBottomAreaView.setUserSetupComplete(KeyguardBottomAreaView.java:281)
04-27 11:27:34.172 W/StatusBar( 3650): 	at com.android.systemui.statusbar.phone.PhoneStatusBar$1.onChange(PhoneStatusBar.java:441)
04-27 11:27:34.172 W/StatusBar( 3650): 	at com.android.systemui.statusbar.phone.PhoneStatusBar.resetUserSetupObserver(PhoneStatusBar.java:3676)
04-27 11:27:34.172 W/StatusBar( 3650): 	at com.android.systemui.statusbar.phone.PhoneStatusBar.makeStatusBarView(PhoneStatusBar.java:1008)
04-27 11:27:34.172 W/StatusBar( 3650): 	at com.android.systemui.statusbar.phone.PhoneStatusBar.addStatusBarWindow(PhoneStatusBar.java:3432)
04-27 11:27:34.172 W/StatusBar( 3650): 	at com.android.systemui.statusbar.phone.PhoneStatusBar.createAndAddWindows(PhoneStatusBar.java:3428)
04-27 11:27:34.172 W/StatusBar( 3650): 	at com.android.systemui.statusbar.BaseStatusBar.start(BaseStatusBar.java:765)
04-27 11:27:34.172 W/StatusBar( 3650): 	at com.android.systemui.statusbar.phone.PhoneStatusBar.start(PhoneStatusBar.java:686)
04-27 11:27:34.172 W/StatusBar( 3650): 	at com.android.systemui.statusbar.SystemBars.createStatusBarFromConfig(SystemBars.java:106)
04-27 11:27:34.172 W/StatusBar( 3650): 	at com.android.systemui.statusbar.SystemBars.onNoService(SystemBars.java:58)
04-27 11:27:34.172 W/StatusBar( 3650): 	at com.android.systemui.statusbar.ServiceMonitor.startService(ServiceMonitor.java:230)
04-27 11:27:34.172 W/StatusBar( 3650): 	at com.android.systemui.statusbar.ServiceMonitor.-wrap5(ServiceMonitor.java)
04-27 11:27:34.172 W/StatusBar( 3650): 	at com.android.systemui.statusbar.ServiceMonitor$1.handleMessage(ServiceMonitor.java:73)
04-27 11:27:34.172 W/StatusBar( 3650): 	at android.os.Handler.dispatchMessage(Handler.java:102)
04-27 11:27:34.172 W/StatusBar( 3650): 	at android.os.Looper.loop(Looper.java:154)
04-27 11:27:34.172 W/StatusBar( 3650): 	at android.app.ActivityThread.main(ActivityThread.java:6119)
04-27 11:27:34.172 W/StatusBar( 3650): 	at java.lang.reflect.Method.invoke(Native Method)
04-27 11:27:34.172 W/StatusBar( 3650): 	at com.android.internal.os.ZygoteInit$MethodAndArgsCaller.run(ZygoteInit.java:886)
04-27 11:27:34.172 W/StatusBar( 3650): 	at com.android.internal.os.ZygoteInit.main(ZygoteInit.java:776)
04-27 11:27:34.231 E/SurfaceFlinger( 1321): ro.sf.lcd_density must be defined as a build property
04-27 11:27:34.235 D/OpenGLRenderer( 3650): profile bars disabled
04-27 11:27:34.237 D/OpenGLRenderer( 3650): ambientRatio = 1.50
04-27 11:27:34.288 D/PhoneStatusBar( 3650): disable: < EXPAND* icons alerts system_info BACK* HOME* RECENT* clock SEARCH* quick_settings >
04-27 11:27:34.473 W/ActivityManager( 2897): Slow operation: 73ms so far, now at startProcess: returned from zygote!
04-27 11:27:34.473 W/ActivityManager( 2897): Slow operation: 73ms so far, now at startProcess: done updating battery stats
04-27 11:27:34.473 W/ActivityManager( 2897): Slow operation: 73ms so far, now at startProcess: building log message
04-27 11:27:34.473 I/ActivityManager( 2897): Start proc 3884:android.process.acore/u0a1 for content provider com.android.providers.contacts/.CallLogProvider
04-27 11:27:34.473 W/ActivityManager( 2897): Slow operation: 74ms so far, now at startProcess: starting to update pids map
04-27 11:27:34.474 W/ActivityManager( 2897): Slow operation: 74ms so far, now at startProcess: done updating pids map
04-27 11:27:34.474 W/ActivityManager( 2897): Slow operation: 75ms so far, now at startProcess: done starting proc!
04-27 11:27:34.474 W/ActivityManager( 2897): Slow operation: 77ms so far, now at getContentProviderImpl: after start process
04-27 11:27:34.474 W/ActivityManager( 2897): Slow operation: 77ms so far, now at getContentProviderImpl: updating data structures
04-27 11:27:34.474 W/ActivityManager( 2897): Slow operation: 78ms so far, now at getContentProviderImpl: done!
04-27 11:27:34.487 W/art     ( 3884): Unexpected CPU variant for X86 using defaults: x86_64
04-27 11:27:34.590 W/System  ( 3884): ClassLoader referenced unknown path: /system/priv-app/ContactsProvider/lib/x86_64
04-27 11:27:34.765 D/PhoneStatusBar( 3650): heads up is enabled
04-27 11:27:34.851 D/ExtensionsFactory( 3847): No custom extensions.
04-27 11:27:35.039 W/art     ( 2897): Long monitor contention with owner Binder:2897_6 (3440) at int com.android.server.wm.WindowManagerService.relayoutWindow(com.android.server.wm.Session, android.view.IWindow, int, android.view.WindowManager$LayoutParams, int, int, int, int, android.graphics.Rect, android.graphics.Rect, android.graphics.Rect, android.graphics.Rect, android.graphics.Rect, android.graphics.Rect, android.graphics.Rect, android.content.res.Configuration, android.view.Surface)(WindowManagerService.java:2857) waiters=0 in void com.android.server.wm.WindowManagerService$H.handleMessage(android.os.Message) for 185ms
04-27 11:27:35.291 I/ContactsPerf( 3884): VoicemailContentProvider.onCreate start
04-27 11:27:35.331 V/KeyguardServiceDelegate( 2897): **** SHOWN CALLED ****
04-27 11:27:35.338 I/ContactsPerf( 3884): VoicemailContentProvider.onCreate finish
04-27 11:27:35.359 W/System  ( 3884): ClassLoader referenced unknown path: /system/priv-app/BlockedNumberProvider/lib/x86_64
04-27 11:27:35.394 D/ApplicationLoaders( 3884): ignored Vulkan layer search path /system/priv-app/BlockedNumberProvider/lib/x86_64:/system/lib64:/vendor/lib64 for namespace 0x7db5609480f0
04-27 11:27:35.425 W/art     ( 2897): Long monitor contention with owner Binder:2897_2 (2931) at int com.android.server.wm.WindowManagerService.relayoutWindow(com.android.server.wm.Session, android.view.IWindow, int, android.view.WindowManager$LayoutParams, int, int, int, int, android.graphics.Rect, android.graphics.Rect, android.graphics.Rect, android.graphics.Rect, android.graphics.Rect, android.graphics.Rect, android.graphics.Rect, android.content.res.Configuration, android.view.Surface)(WindowManagerService.java:2857) waiters=0 in void com.android.server.wm.WindowAnimator$1.doFrame(long) for 294ms
04-27 11:27:35.504 W/art     ( 2897): Long monitor contention with owner Binder:2897_2 (2931) at int com.android.server.wm.WindowManagerService.relayoutWindow(com.android.server.wm.Session, android.view.IWindow, int, android.view.WindowManager$LayoutParams, int, int, int, int, android.graphics.Rect, android.graphics.Rect, android.graphics.Rect, android.graphics.Rect, android.graphics.Rect, android.graphics.Rect, android.graphics.Rect, android.content.res.Configuration, android.view.Surface)(WindowManagerService.java:2857) waiters=1 in int com.android.server.wm.WindowManagerService.relayoutWindow(com.android.server.wm.Session, android.view.IWindow, int, android.view.WindowManager$LayoutParams, int, int, int, int, android.graphics.Rect, android.graphics.Rect, android.graphics.Rect, android.graphics.Rect, android.graphics.Rect, android.graphics.Rect, android.graphics.Rect, android.content.res.Configuration, android.view.Surface) for 372ms
04-27 11:27:35.671 D/AlertReceiver( 3847): onReceive: a=android.intent.action.BOOT_COMPLETED Intent { act=android.intent.action.BOOT_COMPLETED flg=0x9000010 cmp=com.android.calendar/.alerts.AlertReceiver (has extras) }
04-27 11:27:35.684 W/System  ( 3884): ClassLoader referenced unknown path: /system/app/UserDictionaryProvider/lib/x86_64
04-27 11:27:35.687 D/ApplicationLoaders( 3884): ignored Vulkan layer search path /system/app/UserDictionaryProvider/lib/x86_64:/system/lib64:/vendor/lib64 for namespace 0x7db560948160
04-27 11:27:35.993 W/art     ( 2897): Long monitor contention with owner android.display (2969) at void com.android.server.wm.WindowManagerService$H.handleMessage(android.os.Message)(WindowManagerService.java:8857) waiters=2 in int com.android.server.wm.WindowManagerService.relayoutWindow(com.android.server.wm.Session, android.view.IWindow, int, android.view.WindowManager$LayoutParams, int, int, int, int, android.graphics.Rect, android.graphics.Rect, android.graphics.Rect, android.graphics.Rect, android.graphics.Rect, android.graphics.Rect, android.graphics.Rect, android.content.res.Configuration, android.view.Surface) for 488ms
04-27 11:27:36.069 W/art     ( 2897): Long monitor contention with owner android.display (2969) at void com.android.server.wm.WindowAnimator$1.doFrame(long)(WindowAnimator.java:144) waiters=2 in int com.android.server.wm.WindowManagerService.relayoutWindow(com.android.server.wm.Session, android.view.IWindow, int, android.view.WindowManager$LayoutParams, int, int, int, int, android.graphics.Rect, android.graphics.Rect, android.graphics.Rect, android.graphics.Rect, android.graphics.Rect, android.graphics.Rect, android.graphics.Rect, android.content.res.Configuration, android.view.Surface) for 562ms
04-27 11:27:36.143 I/AlarmClock( 3568): AlarmInitReceiver android.intent.action.BOOT_COMPLETED
04-27 11:27:36.237 W/art     ( 2897): Long monitor contention with owner android.display (2969) at void com.android.server.wm.WindowAnimator$1.doFrame(long)(WindowAnimator.java:144) waiters=2 in void com.android.server.wm.WindowManagerService.getInitialDisplaySize(int, android.graphics.Point) for 603ms
04-27 11:27:36.371 D/AlertService( 3847): 0 Action = android.intent.action.BOOT_COMPLETED
04-27 11:27:36.511 D/AlertService( 3847): Scheduling next alarm with AlarmScheduler. sEventReminderReceived: null
04-27 11:27:36.571 V/MediaScanner( 3795): pruneDeadThumbnailFiles... android.content.ContentProviderClient$CursorWrapperInner@c5f670e
04-27 11:27:36.695 W/ActivityManager( 2897): Slow operation: 167ms so far, now at startProcess: returned from zygote!
04-27 11:27:36.695 W/ActivityManager( 2897): Slow operation: 167ms so far, now at startProcess: done updating battery stats
04-27 11:27:36.696 W/ActivityManager( 2897): Slow operation: 168ms so far, now at startProcess: building log message
04-27 11:27:36.696 I/ActivityManager( 2897): Start proc 3909:com.android.providers.calendar/u0a2 for content provider com.android.providers.calendar/.CalendarProvider2
04-27 11:27:36.696 W/ActivityManager( 2897): Slow operation: 168ms so far, now at startProcess: starting to update pids map
04-27 11:27:36.696 W/ActivityManager( 2897): Slow operation: 168ms so far, now at startProcess: done updating pids map
04-27 11:27:36.696 W/ActivityManager( 2897): Slow operation: 168ms so far, now at startProcess: done starting proc!
04-27 11:27:36.696 W/ActivityManager( 2897): Slow operation: 169ms so far, now at getContentProviderImpl: after start process
04-27 11:27:36.696 W/ActivityManager( 2897): Slow operation: 169ms so far, now at getContentProviderImpl: updating data structures
04-27 11:27:36.697 W/ActivityManager( 2897): Slow operation: 170ms so far, now at getContentProviderImpl: done!
04-27 11:27:36.715 W/art     ( 2897): Long monitor contention with owner Binder:2897_E (3646) at int com.android.server.wm.WindowManagerService.relayoutWindow(com.android.server.wm.Session, android.view.IWindow, int, android.view.WindowManager$LayoutParams, int, int, int, int, android.graphics.Rect, android.graphics.Rect, android.graphics.Rect, android.graphics.Rect, android.graphics.Rect, android.graphics.Rect, android.graphics.Rect, android.content.res.Configuration, android.view.Surface)(WindowManagerService.java:2857) waiters=2 in void com.android.server.wm.WindowManagerService$H.handleMessage(android.os.Message) for 638ms
04-27 11:27:36.717 I/Choreographer( 2897): Skipped 38 frames!  The application may be doing too much work on its main thread.
04-27 11:27:36.718 W/art     ( 2897): Long monitor contention with owner android.ui (2952) at int com.android.server.wm.WindowManagerService.relayoutWindow(com.android.server.wm.Session, android.view.IWindow, int, android.view.WindowManager$LayoutParams, int, int, int, int, android.graphics.Rect, android.graphics.Rect, android.graphics.Rect, android.graphics.Rect, android.graphics.Rect, android.graphics.Rect, android.graphics.Rect, android.content.res.Configuration, android.view.Surface)(WindowManagerService.java:2857) waiters=1 in void com.android.server.wm.WindowManagerService.finishDrawingWindow(com.android.server.wm.Session, android.view.IWindow) for 443ms
04-27 11:27:36.723 V/MediaScanner( 3795): /pruneDeadThumbnailFiles... android.content.ContentProviderClient$CursorWrapperInner@c5f670e
04-27 11:27:36.783 W/KeyguardUpdateMonitor( 3650): invalid subId in handleSimStateChange()
04-27 11:27:36.859 W/art     ( 3909): Unexpected CPU variant for X86 using defaults: x86_64
04-27 11:27:36.985 D/gralloc_ranchu( 3650): Emulator without host-side GPU emulation detected. Loading gralloc.default.so from /vendor/lib64/hw/gralloc.goldfish.default.so...
04-27 11:27:36.989 D/gralloc_ranchu( 3650): gralloc.default.so not found in /vendor. Trying /system/lib64/hw/gralloc.goldfish.default.so...
04-27 11:27:37.140 I/Choreographer( 3650): Skipped 253 frames!  The application may be doing too much work on its main thread.
04-27 11:27:37.247 D/ViewRootImpl[StatusBar]( 3650): changeCanvasOpacity: opaque=true
04-27 11:27:37.923 V/AlarmClock( 3568): AlarmInitReceiver finished
04-27 11:27:37.951 W/ActivityManager( 2897): Slow operation: 81ms so far, now at startProcess: returned from zygote!
04-27 11:27:37.951 W/ActivityManager( 2897): Slow operation: 82ms so far, now at startProcess: done updating battery stats
04-27 11:27:37.952 W/ActivityManager( 2897): Slow operation: 82ms so far, now at startProcess: building log message
04-27 11:27:37.952 I/ActivityManager( 2897): Start proc 3924:com.android.email/u0a34 for broadcast com.android.email/.service.EmailBroadcastReceiver
04-27 11:27:37.952 W/ActivityManager( 2897): Slow operation: 82ms so far, now at startProcess: starting to update pids map
04-27 11:27:37.969 W/ActivityManager( 2897): Slow operation: 99ms so far, now at startProcess: done updating pids map
04-27 11:27:37.969 W/ActivityManager( 2897): Slow operation: 101ms so far, now at startProcess: done starting proc!
04-27 11:27:37.989 W/art     ( 3795): Suspending all threads took: 517.434ms
04-27 11:27:38.015 W/art     ( 3924): Unexpected CPU variant for X86 using defaults: x86_64
04-27 11:27:38.285 W/System  ( 3909): ClassLoader referenced unknown path: /system/priv-app/CalendarProvider/lib/x86_64
04-27 11:27:38.492 W/System  ( 3924): ClassLoader referenced unknown path: /system/app/Email/lib/x86_64
