04-27 11:25:00.623 E/Hyphenator( 1327): 	at libcore.io.BlockGuardOs.open(BlockGuardOs.java:187)
04-27 11:25:00.623 E/Hyphenator( 1327): 	at libcore.io.IoBridge.open(IoBridge.java:441)
04-27 11:25:00.623 E/Hyphenator( 1327): 	... 6 more
04-27 11:25:00.625 E/Hyphenator( 1327): error loading hyphenation /system/usr/hyphen-data/hyph-hr.hyb
04-27 11:25:00.625 E/Hyphenator( 1327): java.io.FileNotFoundException: /system/usr/hyphen-data/hyph-hr.hyb: open failed: ENOENT (No such file or directory)
04-27 11:25:00.625 E/Hyphenator( 1327): 	at libcore.io.IoBridge.open(IoBridge.java:455)
04-27 11:25:00.625 E/Hyphenator( 1327): 	at java.io.RandomAccessFile.<init>(RandomAccessFile.java:247)
04-27 11:25:00.625 E/Hyphenator( 1327): 	at android.text.Hyphenator.loadHyphenator(Hyphenator.java:118)
04-27 11:25:00.625 E/Hyphenator( 1327): 	at android.text.Hyphenator.init(Hyphenator.java:224)
04-27 11:25:00.625 E/Hyphenator( 1327): 	at com.android.internal.os.ZygoteInit.preloadTextResources(ZygoteInit.java:252)
04-27 11:25:00.625 E/Hyphenator( 1327): 	at com.android.internal.os.ZygoteInit.preload(ZygoteInit.java:206)
04-27 11:25:00.625 E/Hyphenator( 1327): 	at com.android.internal.os.ZygoteInit.main(ZygoteInit.java:743)
04-27 11:25:00.625 E/Hyphenator( 1327): Caused by: android.system.ErrnoException: open failed: ENOENT (No such file or directory)
04-27 11:25:00.625 E/Hyphenator( 1327): 	at libcore.io.Posix.open(Native Method)
04-27 11:25:00.625 E/Hyphenator( 1327): 	at libcore.io.BlockGuardOs.open(BlockGuardOs.java:187)
04-27 11:25:00.625 E/Hyphenator( 1327): 	at libcore.io.IoBridge.open(IoBridge.java:441)
04-27 11:25:00.625 E/Hyphenator( 1327): 	... 6 more
04-27 11:25:00.626 E/Hyphenator( 1327): error loading hyphenation /system/usr/hyphen-data/hyph-hu.hyb
04-27 11:25:00.626 E/Hyphenator( 1327): java.io.FileNotFoundException: /system/usr/hyphen-data/hyph-hu.hyb: open failed: ENOENT (No such file or directory)
04-27 11:25:00.626 E/Hyphenator( 1327): 	at libcore.io.IoBridge.open(IoBridge.java:455)
04-27 11:25:00.626 E/Hyphenator( 1327): 	at java.io.RandomAccessFile.<init>(RandomAccessFile.java:247)
04-27 11:25:00.626 E/Hyphenator( 1327): 	at android.text.Hyphenator.loadHyphenator(Hyphenator.java:118)
04-27 11:25:00.626 E/Hyphenator( 1327): 	at android.text.Hyphenator.init(Hyphenator.java:224)
04-27 11:25:00.626 E/Hyphenator( 1327): 	at com.android.internal.os.ZygoteInit.preloadTextResources(ZygoteInit.java:252)
04-27 11:25:00.626 E/Hyphenator( 1327): 	at com.android.internal.os.ZygoteInit.preload(ZygoteInit.java:206)
04-27 11:25:00.626 E/Hyphenator( 1327): 	at com.android.internal.os.ZygoteInit.main(ZygoteInit.java:743)
04-27 11:25:00.626 E/Hyphenator( 1327): Caused by: android.system.ErrnoException: open failed: ENOENT (No such file or directory)
04-27 11:25:00.626 E/Hyphenator( 1327): 	at libcore.io.Posix.open(Native Method)
04-27 11:25:00.626 E/Hyphenator( 1327): 	at libcore.io.BlockGuardOs.open(BlockGuardOs.java:187)
04-27 11:25:00.626 E/Hyphenator( 1327): 	at libcore.io.IoBridge.open(IoBridge.java:441)
04-27 11:25:00.626 E/Hyphenator( 1327): 	... 6 more
04-27 11:25:00.628 E/Hyphenator( 1327): error loading hyphenation /system/usr/hyphen-data/hyph-hy.hyb
04-27 11:25:00.628 E/Hyphenator( 1327): java.io.FileNotFoundException: /system/usr/hyphen-data/hyph-hy.hyb: open failed: ENOENT (No such file or directory)
04-27 11:25:00.628 E/Hyphenator( 1327): 	at libcore.io.IoBridge.open(IoBridge.java:455)
04-27 11:25:00.628 E/Hyphenator( 1327): 	at java.io.RandomAccessFile.<init>(RandomAccessFile.java:247)
04-27 11:25:00.628 E/Hyphenator( 1327): 	at android.text.Hyphenator.loadHyphenator(Hyphenator.java:118)
04-27 11:25:00.628 E/Hyphenator( 1327): 	at android.text.Hyphenator.init(Hyphenator.java:224)
04-27 11:25:00.628 E/Hyphenator( 1327): 	at com.android.internal.os.ZygoteInit.preloadTextResources(ZygoteInit.java:252)
04-27 11:25:00.628 E/Hyphenator( 1327): 	at com.android.internal.os.ZygoteInit.preload(ZygoteInit.java:206)
04-27 11:25:00.628 E/Hyphenator( 1327): 	at com.android.internal.os.ZygoteInit.main(ZygoteInit.java:743)
04-27 11:25:00.628 E/Hyphenator( 1327): Caused by: android.system.ErrnoException: open failed: ENOENT (No such file or directory)
04-27 11:25:00.628 E/Hyphenator( 1327): 	at libcore.io.Posix.open(Native Method)
04-27 11:25:00.628 E/Hyphenator( 1327): 	at libcore.io.BlockGuardOs.open(BlockGuardOs.java:187)
04-27 11:25:00.628 E/Hyphenator( 1327): 	at libcore.io.IoBridge.open(IoBridge.java:441)
04-27 11:25:00.628 E/Hyphenator( 1327): 	... 6 more
04-27 11:25:00.629 E/Hyphenator( 1327): error loading hyphenation /system/usr/hyphen-data/hyph-kn.hyb
04-27 11:25:00.629 E/Hyphenator( 1327): java.io.FileNotFoundException: /system/usr/hyphen-data/hyph-kn.hyb: open failed: ENOENT (No such file or directory)
04-27 11:25:00.629 E/Hyphenator( 1327): 	at libcore.io.IoBridge.open(IoBridge.java:455)
04-27 11:25:00.629 E/Hyphenator( 1327): 	at java.io.RandomAccessFile.<init>(RandomAccessFile.java:247)
04-27 11:25:00.629 E/Hyphenator( 1327): 	at android.text.Hyphenator.loadHyphenator(Hyphenator.java:118)
04-27 11:25:00.629 E/Hyphenator( 1327): 	at android.text.Hyphenator.init(Hyphenator.java:224)
04-27 11:25:00.629 E/Hyphenator( 1327): 	at com.android.internal.os.ZygoteInit.preloadTextResources(ZygoteInit.java:252)
04-27 11:25:00.629 E/Hyphenator( 1327): 	at com.android.internal.os.ZygoteInit.preload(ZygoteInit.java:206)
04-27 11:25:00.629 E/Hyphenator( 1327): 	at com.android.internal.os.ZygoteInit.main(ZygoteInit.java:743)
04-27 11:25:00.629 E/Hyphenator( 1327): Caused by: android.system.ErrnoException: open failed: ENOENT (No such file or directory)
04-27 11:25:00.629 E/Hyphenator( 1327): 	at libcore.io.Posix.open(Native Method)
04-27 11:25:00.629 E/Hyphenator( 1327): 	at libcore.io.BlockGuardOs.open(BlockGuardOs.java:187)
04-27 11:25:00.629 E/Hyphenator( 1327): 	at libcore.io.IoBridge.open(IoBridge.java:441)
04-27 11:25:00.629 E/Hyphenator( 1327): 	... 6 more
04-27 11:25:00.694 E/Hyphenator( 1327): error loading hyphenation /system/usr/hyphen-data/hyph-ml.hyb
04-27 11:25:00.694 E/Hyphenator( 1327): java.io.FileNotFoundException: /system/usr/hyphen-data/hyph-ml.hyb: open failed: ENOENT (No such file or directory)
04-27 11:25:00.694 E/Hyphenator( 1327): 	at libcore.io.IoBridge.open(IoBridge.java:455)
04-27 11:25:00.694 E/Hyphenator( 1327): 	at java.io.RandomAccessFile.<init>(RandomAccessFile.java:247)
04-27 11:25:00.694 E/Hyphenator( 1327): 	at android.text.Hyphenator.loadHyphenator(Hyphenator.java:118)
04-27 11:25:00.694 E/Hyphenator( 1327): 	at android.text.Hyphenator.init(Hyphenator.java:224)
04-27 11:25:00.694 E/Hyphenator( 1327): 	at com.android.internal.os.ZygoteInit.preloadTextResources(ZygoteInit.java:252)
04-27 11:25:00.694 E/Hyphenator( 1327): 	at com.android.internal.os.ZygoteInit.preload(ZygoteInit.java:206)
04-27 11:25:00.694 E/Hyphenator( 1327): 	at com.android.internal.os.ZygoteInit.main(ZygoteInit.java:743)
04-27 11:25:00.694 E/Hyphenator( 1327): Caused by: android.system.ErrnoException: open failed: ENOENT (No such file or directory)
04-27 11:25:00.694 E/Hyphenator( 1327): 	at libcore.io.Posix.open(Native Method)
04-27 11:25:00.694 E/Hyphenator( 1327): 	at libcore.io.BlockGuardOs.open(BlockGuardOs.java:187)
04-27 11:25:00.694 E/Hyphenator( 1327): 	at libcore.io.IoBridge.open(IoBridge.java:441)
04-27 11:25:00.694 E/Hyphenator( 1327): 	... 6 more
04-27 11:25:00.695 E/Hyphenator( 1327): error loading hyphenation /system/usr/hyphen-data/hyph-mn-cyrl.hyb
04-27 11:25:00.695 E/Hyphenator( 1327): java.io.FileNotFoundException: /system/usr/hyphen-data/hyph-mn-cyrl.hyb: open failed: ENOENT (No such file or directory)
04-27 11:25:00.695 E/Hyphenator( 1327): 	at libcore.io.IoBridge.open(IoBridge.java:455)
04-27 11:25:00.695 E/Hyphenator( 1327): 	at java.io.RandomAccessFile.<init>(RandomAccessFile.java:247)
04-27 11:25:00.695 E/Hyphenator( 1327): 	at android.text.Hyphenator.loadHyphenator(Hyphenator.java:118)
04-27 11:25:00.695 E/Hyphenator( 1327): 	at android.text.Hyphenator.init(Hyphenator.java:224)
04-27 11:25:00.695 E/Hyphenator( 1327): 	at com.android.internal.os.ZygoteInit.preloadTextResources(ZygoteInit.java:252)
04-27 11:25:00.695 E/Hyphenator( 1327): 	at com.android.internal.os.ZygoteInit.preload(ZygoteInit.java:206)
04-27 11:25:00.695 E/Hyphenator( 1327): 	at com.android.internal.os.ZygoteInit.main(ZygoteInit.java:743)
04-27 11:25:00.695 E/Hyphenator( 1327): Caused by: android.system.ErrnoException: open failed: ENOENT (No such file or directory)
04-27 11:25:00.695 E/Hyphenator( 1327): 	at libcore.io.Posix.open(Native Method)
04-27 11:25:00.695 E/Hyphenator( 1327): 	at libcore.io.BlockGuardOs.open(BlockGuardOs.java:187)
04-27 11:25:00.695 E/Hyphenator( 1327): 	at libcore.io.IoBridge.open(IoBridge.java:441)
04-27 11:25:00.695 E/Hyphenator( 1327): 	... 6 more
04-27 11:25:00.697 E/Hyphenator( 1327): error loading hyphenation /system/usr/hyphen-data/hyph-mr.hyb
04-27 11:25:00.697 E/Hyphenator( 1327): java.io.FileNotFoundException: /system/usr/hyphen-data/hyph-mr.hyb: open failed: ENOENT (No such file or directory)
04-27 11:25:00.697 E/Hyphenator( 1327): 	at libcore.io.IoBridge.open(IoBridge.java:455)
04-27 11:25:00.697 E/Hyphenator( 1327): 	at java.io.RandomAccessFile.<init>(RandomAccessFile.java:247)
04-27 11:25:00.697 E/Hyphenator( 1327): 	at android.text.Hyphenator.loadHyphenator(Hyphenator.java:118)
04-27 11:25:00.697 E/Hyphenator( 1327): 	at android.text.Hyphenator.init(Hyphenator.java:224)
04-27 11:25:00.697 E/Hyphenator( 1327): 	at com.android.internal.os.ZygoteInit.preloadTextResources(ZygoteInit.java:252)
04-27 11:25:00.697 E/Hyphenator( 1327): 	at com.android.internal.os.ZygoteInit.preload(ZygoteInit.java:206)
04-27 11:25:00.697 E/Hyphenator( 1327): 	at com.android.internal.os.ZygoteInit.main(ZygoteInit.java:743)
04-27 11:25:00.697 E/Hyphenator( 1327): Caused by: android.system.ErrnoException: open failed: ENOENT (No such file or directory)
04-27 11:25:00.697 E/Hyphenator( 1327): 	at libcore.io.Posix.open(Native Method)
04-27 11:25:00.697 E/Hyphenator( 1327): 	at libcore.io.BlockGuardOs.open(BlockGuardOs.java:187)
04-27 11:25:00.697 E/Hyphenator( 1327): 	at libcore.io.IoBridge.open(IoBridge.java:441)
04-27 11:25:00.697 E/Hyphenator( 1327): 	... 6 more
04-27 11:25:00.732 E/Hyphenator( 1327): error loading hyphenation /system/usr/hyphen-data/hyph-nb.hyb
04-27 11:25:00.732 E/Hyphenator( 1327): java.io.FileNotFoundException: /system/usr/hyphen-data/hyph-nb.hyb: open failed: ENOENT (No such file or directory)
04-27 11:25:00.732 E/Hyphenator( 1327): 	at libcore.io.IoBridge.open(IoBridge.java:455)
04-27 11:25:00.732 E/Hyphenator( 1327): 	at java.io.RandomAccessFile.<init>(RandomAccessFile.java:247)
04-27 11:25:00.732 E/Hyphenator( 1327): 	at android.text.Hyphenator.loadHyphenator(Hyphenator.java:118)
04-27 11:25:00.732 E/Hyphenator( 1327): 	at android.text.Hyphenator.init(Hyphenator.java:224)
04-27 11:25:00.732 E/Hyphenator( 1327): 	at com.android.internal.os.ZygoteInit.preloadTextResources(ZygoteInit.java:252)
04-27 11:25:00.732 E/Hyphenator( 1327): 	at com.android.internal.os.ZygoteInit.preload(ZygoteInit.java:206)
04-27 11:25:00.732 E/Hyphenator( 1327): 	at com.android.internal.os.ZygoteInit.main(ZygoteInit.java:743)
04-27 11:25:00.732 E/Hyphenator( 1327): Caused by: android.system.ErrnoException: open failed: ENOENT (No such file or directory)
04-27 11:25:00.732 E/Hyphenator( 1327): 	at libcore.io.Posix.open(Native Method)
04-27 11:25:00.732 E/Hyphenator( 1327): 	at libcore.io.BlockGuardOs.open(BlockGuardOs.java:187)
04-27 11:25:00.732 E/Hyphenator( 1327): 	at libcore.io.IoBridge.open(IoBridge.java:441)
04-27 11:25:00.732 E/Hyphenator( 1327): 	... 6 more
04-27 11:25:00.734 E/Hyphenator( 1327): error loading hyphenation /system/usr/hyphen-data/hyph-nn.hyb
04-27 11:25:00.734 E/Hyphenator( 1327): java.io.FileNotFoundException: /system/usr/hyphen-data/hyph-nn.hyb: open failed: ENOENT (No such file or directory)
04-27 11:25:00.734 E/Hyphenator( 1327): 	at libcore.io.IoBridge.open(IoBridge.java:455)
04-27 11:25:00.734 E/Hyphenator( 1327): 	at java.io.RandomAccessFile.<init>(RandomAccessFile.java:247)
04-27 11:25:00.734 E/Hyphenator( 1327): 	at android.text.Hyphenator.loadHyphenator(Hyphenator.java:118)
04-27 11:25:00.734 E/Hyphenator( 1327): 	at android.text.Hyphenator.init(Hyphenator.java:224)
04-27 11:25:00.734 E/Hyphenator( 1327): 	at com.android.internal.os.ZygoteInit.preloadTextResources(ZygoteInit.java:252)
04-27 11:25:00.734 E/Hyphenator( 1327): 	at com.android.internal.os.ZygoteInit.preload(ZygoteInit.java:206)
04-27 11:25:00.734 E/Hyphenator( 1327): 	at com.android.internal.os.ZygoteInit.main(ZygoteInit.java:743)
04-27 11:25:00.734 E/Hyphenator( 1327): Caused by: android.system.ErrnoException: open failed: ENOENT (No such file or directory)
04-27 11:25:00.734 E/Hyphenator( 1327): 	at libcore.io.Posix.open(Native Method)
04-27 11:25:00.734 E/Hyphenator( 1327): 	at libcore.io.BlockGuardOs.open(BlockGuardOs.java:187)
04-27 11:25:00.734 E/Hyphenator( 1327): 	at libcore.io.IoBridge.open(IoBridge.java:441)
04-27 11:25:00.734 E/Hyphenator( 1327): 	... 6 more
04-27 11:25:00.736 E/Hyphenator( 1327): error loading hyphenation /system/usr/hyphen-data/hyph-or.hyb
04-27 11:25:00.736 E/Hyphenator( 1327): java.io.FileNotFoundException: /system/usr/hyphen-data/hyph-or.hyb: open failed: ENOENT (No such file or directory)
04-27 11:25:00.736 E/Hyphenator( 1327): 	at libcore.io.IoBridge.open(IoBridge.java:455)
04-27 11:25:00.736 E/Hyphenator( 1327): 	at java.io.RandomAccessFile.<init>(RandomAccessFile.java:247)
04-27 11:25:00.736 E/Hyphenator( 1327): 	at android.text.Hyphenator.loadHyphenator(Hyphenator.java:118)
04-27 11:25:00.736 E/Hyphenator( 1327): 	at android.text.Hyphenator.init(Hyphenator.java:224)
04-27 11:25:00.736 E/Hyphenator( 1327): 	at com.android.internal.os.ZygoteInit.preloadTextResources(ZygoteInit.java:252)
04-27 11:25:00.736 E/Hyphenator( 1327): 	at com.android.internal.os.ZygoteInit.preload(ZygoteInit.java:206)
04-27 11:25:00.736 E/Hyphenator( 1327): 	at com.android.internal.os.ZygoteInit.main(ZygoteInit.java:743)
04-27 11:25:00.736 E/Hyphenator( 1327): Caused by: android.system.ErrnoException: open failed: ENOENT (No such file or directory)
04-27 11:25:00.736 E/Hyphenator( 1327): 	at libcore.io.Posix.open(Native Method)
04-27 11:25:00.736 E/Hyphenator( 1327): 	at libcore.io.BlockGuardOs.open(BlockGuardOs.java:187)
04-27 11:25:00.736 E/Hyphenator( 1327): 	at libcore.io.IoBridge.open(IoBridge.java:441)
04-27 11:25:00.736 E/Hyphenator( 1327): 	... 6 more
04-27 11:25:00.738 E/Hyphenator( 1327): error loading hyphenation /system/usr/hyphen-data/hyph-pa.hyb
04-27 11:25:00.738 E/Hyphenator( 1327): java.io.FileNotFoundException: /system/usr/hyphen-data/hyph-pa.hyb: open failed: ENOENT (No such file or directory)
04-27 11:25:00.738 E/Hyphenator( 1327): 	at libcore.io.IoBridge.open(IoBridge.java:455)
04-27 11:25:00.738 E/Hyphenator( 1327): 	at java.io.RandomAccessFile.<init>(RandomAccessFile.java:247)
04-27 11:25:00.738 E/Hyphenator( 1327): 	at android.text.Hyphenator.loadHyphenator(Hyphenator.java:118)
04-27 11:25:00.738 E/Hyphenator( 1327): 	at android.text.Hyphenator.init(Hyphenator.java:224)
04-27 11:25:00.738 E/Hyphenator( 1327): 	at com.android.internal.os.ZygoteInit.preloadTextResources(ZygoteInit.java:252)
04-27 11:25:00.738 E/Hyphenator( 1327): 	at com.android.internal.os.ZygoteInit.preload(ZygoteInit.java:206)
04-27 11:25:00.738 E/Hyphenator( 1327): 	at com.android.internal.os.ZygoteInit.main(ZygoteInit.java:743)
04-27 11:25:00.738 E/Hyphenator( 1327): Caused by: android.system.ErrnoException: open failed: ENOENT (No such file or directory)
04-27 11:25:00.738 E/Hyphenator( 1327): 	at libcore.io.Posix.open(Native Method)
04-27 11:25:00.738 E/Hyphenator( 1327): 	at libcore.io.BlockGuardOs.open(BlockGuardOs.java:187)
04-27 11:25:00.738 E/Hyphenator( 1327): 	at libcore.io.IoBridge.open(IoBridge.java:441)
04-27 11:25:00.738 E/Hyphenator( 1327): 	... 6 more
04-27 11:25:00.739 E/Hyphenator( 1327): error loading hyphenation /system/usr/hyphen-data/hyph-pt.hyb
04-27 11:25:00.739 E/Hyphenator( 1327): java.io.FileNotFoundException: /system/usr/hyphen-data/hyph-pt.hyb: open failed: ENOENT (No such file or directory)
04-27 11:25:00.739 E/Hyphenator( 1327): 	at libcore.io.IoBridge.open(IoBridge.java:455)
04-27 11:25:00.739 E/Hyphenator( 1327): 	at java.io.RandomAccessFile.<init>(RandomAccessFile.java:247)
04-27 11:25:00.739 E/Hyphenator( 1327): 	at android.text.Hyphenator.loadHyphenator(Hyphenator.java:118)
04-27 11:25:00.739 E/Hyphenator( 1327): 	at android.text.Hyphenator.init(Hyphenator.java:224)
04-27 11:25:00.739 E/Hyphenator( 1327): 	at com.android.internal.os.ZygoteInit.preloadTextResources(ZygoteInit.java:252)
04-27 11:25:00.739 E/Hyphenator( 1327): 	at com.android.internal.os.ZygoteInit.preload(ZygoteInit.java:206)
04-27 11:25:00.739 E/Hyphenator( 1327): 	at com.android.internal.os.ZygoteInit.main(ZygoteInit.java:743)
04-27 11:25:00.739 E/Hyphenator( 1327): Caused by: android.system.ErrnoException: open failed: ENOENT (No such file or directory)
04-27 11:25:00.739 E/Hyphenator( 1327): 	at libcore.io.Posix.open(Native Method)
04-27 11:25:00.739 E/Hyphenator( 1327): 	at libcore.io.BlockGuardOs.open(BlockGuardOs.java:187)
04-27 11:25:00.739 E/Hyphenator( 1327): 	at libcore.io.IoBridge.open(IoBridge.java:441)
04-27 11:25:00.739 E/Hyphenator( 1327): 	... 6 more
04-27 11:25:00.749 E/Hyphenator( 1327): error loading hyphenation /system/usr/hyphen-data/hyph-sl.hyb
04-27 11:25:00.749 E/Hyphenator( 1327): java.io.FileNotFoundException: /system/usr/hyphen-data/hyph-sl.hyb: open failed: ENOENT (No such file or directory)
04-27 11:25:00.749 E/Hyphenator( 1327): 	at libcore.io.IoBridge.open(IoBridge.java:455)
04-27 11:25:00.749 E/Hyphenator( 1327): 	at java.io.RandomAccessFile.<init>(RandomAccessFile.java:247)
04-27 11:25:00.749 E/Hyphenator( 1327): 	at android.text.Hyphenator.loadHyphenator(Hyphenator.java:118)
04-27 11:25:00.749 E/Hyphenator( 1327): 	at android.text.Hyphenator.init(Hyphenator.java:224)
04-27 11:25:00.749 E/Hyphenator( 1327): 	at com.android.internal.os.ZygoteInit.preloadTextResources(ZygoteInit.java:252)
04-27 11:25:00.749 E/Hyphenator( 1327): 	at com.android.internal.os.ZygoteInit.preload(ZygoteInit.java:206)
04-27 11:25:00.749 E/Hyphenator( 1327): 	at com.android.internal.os.ZygoteInit.main(ZygoteInit.java:743)
04-27 11:25:00.749 E/Hyphenator( 1327): Caused by: android.system.ErrnoException: open failed: ENOENT (No such file or directory)
04-27 11:25:00.749 E/Hyphenator( 1327): 	at libcore.io.Posix.open(Native Method)
04-27 11:25:00.749 E/Hyphenator( 1327): 	at libcore.io.BlockGuardOs.open(BlockGuardOs.java:187)
04-27 11:25:00.749 E/Hyphenator( 1327): 	at libcore.io.IoBridge.open(IoBridge.java:441)
04-27 11:25:00.749 E/Hyphenator( 1327): 	... 6 more
04-27 11:25:00.803 E/Hyphenator( 1327): error loading hyphenation /system/usr/hyphen-data/hyph-ta.hyb
04-27 11:25:00.803 E/Hyphenator( 1327): java.io.FileNotFoundException: /system/usr/hyphen-data/hyph-ta.hyb: open failed: ENOENT (No such file or directory)
04-27 11:25:00.803 E/Hyphenator( 1327): 	at libcore.io.IoBridge.open(IoBridge.java:455)
04-27 11:25:00.803 E/Hyphenator( 1327): 	at java.io.RandomAccessFile.<init>(RandomAccessFile.java:247)
04-27 11:25:00.803 E/Hyphenator( 1327): 	at android.text.Hyphenator.loadHyphenator(Hyphenator.java:118)
04-27 11:25:00.803 E/Hyphenator( 1327): 	at android.text.Hyphenator.init(Hyphenator.java:224)
04-27 11:25:00.803 E/Hyphenator( 1327): 	at com.android.internal.os.ZygoteInit.preloadTextResources(ZygoteInit.java:252)
04-27 11:25:00.803 E/Hyphenator( 1327): 	at com.android.internal.os.ZygoteInit.preload(ZygoteInit.java:206)
04-27 11:25:00.803 E/Hyphenator( 1327): 	at com.android.internal.os.ZygoteInit.main(ZygoteInit.java:743)
04-27 11:25:00.803 E/Hyphenator( 1327): Caused by: android.system.ErrnoException: open failed: ENOENT (No such file or directory)
04-27 11:25:00.803 E/Hyphenator( 1327): 	at libcore.io.Posix.open(Native Method)
04-27 11:25:00.803 E/Hyphenator( 1327): 	at libcore.io.BlockGuardOs.open(BlockGuardOs.java:187)
04-27 11:25:00.803 E/Hyphenator( 1327): 	at libcore.io.IoBridge.open(IoBridge.java:441)
04-27 11:25:00.803 E/Hyphenator( 1327): 	... 6 more
04-27 11:25:00.804 E/Hyphenator( 1327): error loading hyphenation /system/usr/hyphen-data/hyph-te.hyb
04-27 11:25:00.804 E/Hyphenator( 1327): java.io.FileNotFoundException: /system/usr/hyphen-data/hyph-te.hyb: open failed: ENOENT (No such file or directory)
04-27 11:25:00.804 E/Hyphenator( 1327): 	at libcore.io.IoBridge.open(IoBridge.java:455)
04-27 11:25:00.804 E/Hyphenator( 1327): 	at java.io.RandomAccessFile.<init>(RandomAccessFile.java:247)
04-27 11:25:00.804 E/Hyphenator( 1327): 	at android.text.Hyphenator.loadHyphenator(Hyphenator.java:118)
04-27 11:25:00.804 E/Hyphenator( 1327): 	at android.text.Hyphenator.init(Hyphenator.java:224)
04-27 11:25:00.804 E/Hyphenator( 1327): 	at com.android.internal.os.ZygoteInit.preloadTextResources(ZygoteInit.java:252)
04-27 11:25:00.804 E/Hyphenator( 1327): 	at com.android.internal.os.ZygoteInit.preload(ZygoteInit.java:206)
04-27 11:25:00.804 E/Hyphenator( 1327): 	at com.android.internal.os.ZygoteInit.main(ZygoteInit.java:743)
04-27 11:25:00.804 E/Hyphenator( 1327): Caused by: android.system.ErrnoException: open failed: ENOENT (No such file or directory)
04-27 11:25:00.804 E/Hyphenator( 1327): 	at libcore.io.Posix.open(Native Method)
04-27 11:25:00.804 E/Hyphenator( 1327): 	at libcore.io.BlockGuardOs.open(BlockGuardOs.java:187)
04-27 11:25:00.804 E/Hyphenator( 1327): 	at libcore.io.IoBridge.open(IoBridge.java:441)
04-27 11:25:00.804 E/Hyphenator( 1327): 	... 6 more
04-27 11:25:00.859 E/Hyphenator( 1327): error loading hyphenation /system/usr/hyphen-data/hyph-tk.hyb
04-27 11:25:00.859 E/Hyphenator( 1327): java.io.FileNotFoundException: /system/usr/hyphen-data/hyph-tk.hyb: open failed: ENOENT (No such file or directory)
04-27 11:25:00.859 E/Hyphenator( 1327): 	at libcore.io.IoBridge.open(IoBridge.java:455)
04-27 11:25:00.859 E/Hyphenator( 1327): 	at java.io.RandomAccessFile.<init>(RandomAccessFile.java:247)
04-27 11:25:00.859 E/Hyphenator( 1327): 	at android.text.Hyphenator.loadHyphenator(Hyphenator.java:118)
04-27 11:25:00.859 E/Hyphenator( 1327): 	at android.text.Hyphenator.init(Hyphenator.java:224)
04-27 11:25:00.859 E/Hyphenator( 1327): 	at com.android.internal.os.ZygoteInit.preloadTextResources(ZygoteInit.java:252)
04-27 11:25:00.859 E/Hyphenator( 1327): 	at com.android.internal.os.ZygoteInit.preload(ZygoteInit.java:206)
04-27 11:25:00.859 E/Hyphenator( 1327): 	at com.android.internal.os.ZygoteInit.main(ZygoteInit.java:743)
04-27 11:25:00.859 E/Hyphenator( 1327): Caused by: android.system.ErrnoException: open failed: ENOENT (No such file or directory)
04-27 11:25:00.859 E/Hyphenator( 1327): 	at libcore.io.Posix.open(Native Method)
04-27 11:25:00.859 E/Hyphenator( 1327): 	at libcore.io.BlockGuardOs.open(BlockGuardOs.java:187)
04-27 11:25:00.859 E/Hyphenator( 1327): 	at libcore.io.IoBridge.open(IoBridge.java:441)
04-27 11:25:00.859 E/Hyphenator( 1327): 	... 6 more
04-27 11:25:00.876 E/Hyphenator( 1327): error loading hyphenation /system/usr/hyphen-data/hyph-und-ethi.hyb
04-27 11:25:00.876 E/Hyphenator( 1327): java.io.FileNotFoundException: /system/usr/hyphen-data/hyph-und-ethi.hyb: open failed: ENOENT (No such file or directory)
04-27 11:25:00.876 E/Hyphenator( 1327): 	at libcore.io.IoBridge.open(IoBridge.java:455)
04-27 11:25:00.876 E/Hyphenator( 1327): 	at java.io.RandomAccessFile.<init>(RandomAccessFile.java:247)
04-27 11:25:00.876 E/Hyphenator( 1327): 	at android.text.Hyphenator.loadHyphenator(Hyphenator.java:118)
04-27 11:25:00.876 E/Hyphenator( 1327): 	at android.text.Hyphenator.init(Hyphenator.java:224)
04-27 11:25:00.876 E/Hyphenator( 1327): 	at com.android.internal.os.ZygoteInit.preloadTextResources(ZygoteInit.java:252)
04-27 11:25:00.876 E/Hyphenator( 1327): 	at com.android.internal.os.ZygoteInit.preload(ZygoteInit.java:206)
04-27 11:25:00.876 E/Hyphenator( 1327): 	at com.android.internal.os.ZygoteInit.main(ZygoteInit.java:743)
04-27 11:25:00.876 E/Hyphenator( 1327): Caused by: android.system.ErrnoException: open failed: ENOENT (No such file or directory)
04-27 11:25:00.876 E/Hyphenator( 1327): 	at libcore.io.Posix.open(Native Method)
04-27 11:25:00.876 E/Hyphenator( 1327): 	at libcore.io.BlockGuardOs.open(BlockGuardOs.java:187)
04-27 11:25:00.876 E/Hyphenator( 1327): 	at libcore.io.IoBridge.open(IoBridge.java:441)
04-27 11:25:00.876 E/Hyphenator( 1327): 	... 6 more
04-27 11:25:00.952 I/art     ( 1327): Background sticky concurrent mark sweep GC freed 10042(842KB) AllocSpace objects, 3(120KB) LOS objects, 12% free, 6MB/7MB, paused 36.858ms total 221.283ms
04-27 11:25:01.264 I/Zygote  ( 1327): Uninstalled ICU cache reference pinning...
04-27 11:25:01.310 I/Zygote  ( 1327): Installed AndroidKeyStoreProvider in 45ms.
04-27 11:25:02.294 I/Zygote  ( 1327): Warmed up JCA providers in 842ms.
04-27 11:25:02.294 D/Zygote  ( 1327): end preload
04-27 11:25:02.295 I/art     ( 1327): Starting a blocking GC Explicit
04-27 11:25:02.595 I/art     ( 1327): Explicit concurrent mark sweep GC freed 7774(434KB) AllocSpace objects, 4(164KB) LOS objects, 39% free, 6MB/10MB, paused 469us total 277.596ms
04-27 11:25:02.651 I/art     ( 1327): Starting a blocking GC Explicit
04-27 11:25:02.812 I/art     ( 1327): Explicit concurrent mark sweep GC freed 70(2440B) AllocSpace objects, 0(0B) LOS objects, 39% free, 6MB/10MB, paused 320us total 159.767ms
04-27 11:25:02.816 I/Zygote  ( 1327): Accepting command socket connections
04-27 11:25:02.923 I/Zygote  ( 2897): Process: zygote socket opened, supported ABIS: x86
04-27 11:25:02.928 I/InstallerConnection( 2897): connecting...
04-27 11:25:03.002 I/        ( 1331): new connection
04-27 11:25:03.162 I/InstallerConnection( 2897): disconnecting...
04-27 11:25:03.163 E/        ( 1331): eof
04-27 11:25:03.163 E/        ( 1331): failed to read size
04-27 11:25:03.163 I/        ( 1331): closing connection
04-27 11:25:03.770 I/SystemServer( 2897): Entered the Android system server!
04-27 11:25:05.351 I/SystemServiceManager( 2897): Starting com.android.server.pm.Installer
04-27 11:25:05.450 I/Installer( 2897): Waiting for installd to be ready.
04-27 11:25:05.450 I/InstallerConnection( 2897): connecting...
04-27 11:25:05.459 I/        ( 1331): new connection
04-27 11:25:05.461 I/SystemServiceManager( 2897): Starting com.android.server.am.ActivityManagerService$Lifecycle
04-27 11:25:06.275 I/ActivityManager( 2897): Memory class: 256
04-27 11:25:06.351 I/ServiceThread( 2897): Enabled StrictMode logging for ActivityManager looper.
04-27 11:25:06.431 I/ServiceThread( 2897): Enabled StrictMode logging for android.ui looper.
04-27 11:25:06.813 D/BatteryStatsImpl( 2897): Reading daily items from /data/system/batterystats-daily.xml
04-27 11:25:08.291 W/ProcessCpuTracker( 2897): Skipping unknown process pid 2958
04-27 11:25:08.379 I/IntentFirewall( 2897): Read new rules (A:0 B:0 S:0)
04-27 11:25:08.695 I/ServiceThread( 2897): Enabled StrictMode logging for android.display looper.
04-27 11:25:08.835 D/AppOps  ( 2897): AppOpsService published
04-27 11:25:08.837 I/SystemServiceManager( 2897): Starting com.android.server.power.PowerManagerService
04-27 11:25:08.900 I/ServiceThread( 2897): Enabled StrictMode logging for PowerManagerService looper.
04-27 11:25:08.913 E/PowerManagerService-JNI( 2897): Couldn't load power module (No such file or directory)
04-27 11:25:08.914 W/libsuspend( 2897): Error writing 'on' to /sys/power/state: Invalid argument
04-27 11:25:08.915 I/libsuspend( 2897): Selected wakeup count
04-27 11:25:08.993 I/SystemServiceManager( 2897): Starting com.android.server.lights.LightsService
04-27 11:25:09.057 I/SystemServiceManager( 2897): Starting com.android.server.display.DisplayManagerService
04-27 11:25:09.378 I/SystemServiceManager( 2897): Starting phase 100
04-27 11:25:09.395 E/SurfaceFlinger( 1321): ro.sf.lcd_density must be defined as a build property
04-27 11:25:09.439 I/DisplayManagerService( 2897): Display device added: DisplayDeviceInfo{"Built-in Screen": uniqueId="local:0", 1080 x 1920, modeId 1, defaultModeId 1, supportedModes [{id=1, width=1080, height=1920, fps=60.000004}], colorMode 0, supportedColorModes [0], HdrCapabilities android.view.Display$HdrCapabilities@a69d6308, density 480, 480.0 x 480.0 dpi, appVsyncOff 1000000, presDeadline 16666666, touch INTERNAL, rotation 0, type BUILT_IN, state UNKNOWN, FLAG_DEFAULT_DISPLAY, FLAG_ROTATES_WITH_CONTENT, FLAG_SECURE, FLAG_SUPPORTS_PROTECTED_BUFFERS}
04-27 11:25:09.463 D/SurfaceFlinger( 1321): Set power mode=2, type=0 flinger=0x761baa647000
04-27 11:25:09.463 D/SurfaceFlinger( 1321): Screen type=0 is already mode=2
04-27 11:25:09.483 I/DisplayManagerService( 2897): Display device changed state: "Built-in Screen", ON
04-27 11:25:09.490 I/SystemServer( 2897): StartPackageManagerService
04-27 11:25:10.003 W/SystemConfig( 2897): No directory /system/etc/sysconfig, skipping
04-27 11:25:10.441 D/SELinuxMMAC( 2897): Using policy file /system/etc/security/mac_permissions.xml
04-27 11:25:12.172 E/art     ( 2897): DexFile_getDexOptNeeded file '/system/framework/org.apache.http.legacy.jar' does not exist
04-27 11:25:12.174 W/PackageManager( 2897): Library not found: /system/framework/org.apache.http.legacy.jar
04-27 11:25:12.393 E/art     ( 2897): DexFile_getDexOptNeeded file '/system/framework/org.apache.http.legacy.jar' does not exist
04-27 11:25:12.393 W/PackageManager( 2897): Library not found: /system/framework/org.apache.http.legacy.jar
04-27 11:25:12.421 D/PackageManager( 2897): No files in app dir /vendor/overlay
04-27 11:25:13.761 W/PackageManager( 2897): Failed to parse /system/framework/oat: Missing base APK in /system/framework/oat
04-27 11:25:13.765 W/PackageManager( 2897): Failed to parse /system/framework/x86: Missing base APK in /system/framework/x86
04-27 11:25:13.766 W/PackageManager( 2897): Failed to parse /system/framework/x86_64: Missing base APK in /system/framework/x86_64
04-27 11:25:14.904 W/PackageParser( 2897): No actions in intent filter at /system/priv-app/Contacts/Contacts.apk Binary XML file line #409
04-27 11:25:15.708 W/PackageParser( 2897): No actions in intent filter at /system/priv-app/Dialer/Dialer.apk Binary XML file line #186
04-27 11:25:15.902 V/NatController( 1354): runCmd(/system/bin/iptables -w -F natctrl_FORWARD) res=0
04-27 11:25:16.062 V/NatController( 1354): runCmd(/system/bin/ip6tables -w -F natctrl_FORWARD) res=0
04-27 11:25:16.263 W/PackageManager( 2897): Permission android.permission.DOWNLOAD_WITHOUT_NOTIFICATION from package com.android.providers.downloads in an unknown group android.permission-group.NETWORK
04-27 11:25:16.314 V/NatController( 1354): runCmd(/system/bin/iptables -w -A natctrl_FORWARD -j DROP) res=0
04-27 11:25:16.776 V/NatController( 1354): runCmd(/system/bin/iptables -w -t nat -F natctrl_nat_POSTROUTING) res=0
04-27 11:25:17.603 V/NatController( 1354): runCmd(/system/bin/ip6tables -w -t raw -F natctrl_raw_PREROUTING) res=0
04-27 11:25:18.142 V/NatController( 1354): runCmd(/system/bin/iptables -w -F natctrl_tether_counters) res=1
04-27 11:25:18.938 W/PackageParser( 2897): Ignoring duplicate uses-permissions/uses-permissions-sdk-m: android.permission.USE_CREDENTIALS in package: com.android.settings at: Binary XML file line #53
04-27 11:25:18.939 W/PackageParser( 2897): Ignoring duplicate uses-permissions/uses-permissions-sdk-m: android.permission.READ_SYNC_SETTINGS in package: com.android.settings at: Binary XML file line #58
04-27 11:25:18.939 W/PackageParser( 2897): Ignoring duplicate uses-permissions/uses-permissions-sdk-m: android.permission.WRITE_SYNC_SETTINGS in package: com.android.settings at: Binary XML file line #59
04-27 11:25:19.062 V/NatController( 1354): runCmd(/system/bin/ip6tables -w -F natctrl_tether_counters) res=1
04-27 11:25:19.491 V/NatController( 1354): runCmd(/system/bin/iptables -w -X natctrl_tether_counters) res=1
04-27 11:25:19.902 V/NatController( 1354): runCmd(/system/bin/ip6tables -w -X natctrl_tether_counters) res=1
04-27 11:25:20.076 W/PackageParser( 2897): Ignoring duplicate uses-permissions/uses-permissions-sdk-m: android.permission.INSTALL_GRANT_RUNTIME_PERMISSIONS in package: com.android.shell at: Binary XML file line #102
04-27 11:25:20.365 V/NatController( 1354): runCmd(/system/bin/iptables -w -N natctrl_tether_counters) res=0
04-27 11:25:20.876 V/NatController( 1354): runCmd(/system/bin/ip6tables -w -N natctrl_tether_counters) res=0
04-27 11:25:21.071 V/NatController( 1354): runCmd(/system/bin/iptables -w -t mangle -A natctrl_mangle_FORWARD -p tcp --tcp-flags SYN SYN -j TCPMSS --clamp-mss-to-pmtu) res=0
04-27 11:25:21.217 W/PackageParser( 2897): Ignoring duplicate uses-permissions/uses-permissions-sdk-m: android.permission.CONFIGURE_WIFI_DISPLAY in package: com.android.systemui at: Binary XML file line #123
04-27 11:25:22.632 I/art     ( 2897): Background sticky concurrent mark sweep GC freed 33826(2MB) AllocSpace objects, 20(416KB) LOS objects, 31% free, 6MB/10MB, paused 1.811ms total 428.546ms
04-27 11:25:23.162 W/PackageManager( 2897): Non-privileged app; cap priority to 0; package: com.android.calendar activity: com.android.calendar.GoogleCalendarUriIntentFilter origPrio: 50
04-27 11:25:23.413 W/PackageManager( 2897): Non-privileged app; cap priority to 0; package: com.android.cts.ctsshim activity: com.android.cts.ctsshim.InstallPriority origPrio: 100
04-27 11:25:23.413 W/PackageManager( 2897): Non-privileged app; cap priority to 0; package: com.android.cts.ctsshim activity: com.android.cts.ctsshim.InstallPriority origPrio: 100
04-27 11:25:23.413 W/PackageManager( 2897): Non-privileged app; cap priority to 0; package: com.android.cts.ctsshim activity: com.android.cts.ctsshim.InstallPriority origPrio: 100
04-27 11:25:23.414 W/PackageManager( 2897): Non-privileged app; cap priority to 0; package: com.android.cts.ctsshim activity: com.android.cts.ctsshim.InstallPriority origPrio: 100
04-27 11:25:23.414 W/PackageManager( 2897): Non-privileged app; cap priority to 0; package: com.android.cts.ctsshim activity: com.android.cts.ctsshim.InstallPriority origPrio: 100
04-27 11:25:24.284 W/PackageParser( 2897): Ignoring duplicate uses-permissions/uses-permissions-sdk-m: android.permission.WRITE_CONTACTS in package: com.android.email at: Binary XML file line #40
04-27 11:25:24.395 E/Netd    ( 1354): cannot find interface dummy0
04-27 11:25:24.459 D/MDnsDS  ( 1354): MDnsSdListener::Hander starting up
04-27 11:25:24.532 D/MDnsDS  ( 1354): MDnsSdListener starting to monitor
04-27 11:25:24.532 D/MDnsDS  ( 1354): Going to poll with pollCount 1
04-27 11:25:24.999 W/PackageParser( 2897): Unknown element under <application>: permission at /system/app/Gallery2/Gallery2.apk Binary XML file line #238
04-27 11:25:25.009 W/PackageParser( 2897): Unknown element under <application>: permission at /system/app/Gallery2/Gallery2.apk Binary XML file line #241
04-27 11:25:25.991 W/PackageManager( 2897): Permission com.android.launcher3.permission.READ_SETTINGS from package com.android.launcher3 in an unknown group android.permission-group.SYSTEM_TOOLS
04-27 11:25:25.991 W/PackageManager( 2897): Permission com.android.launcher3.permission.WRITE_SETTINGS from package com.android.launcher3 in an unknown group android.permission-group.SYSTEM_TOOLS
04-27 11:25:25.991 W/PackageManager( 2897): Permission com.android.launcher.permission.INSTALL_SHORTCUT from package com.android.launcher3 in an unknown group android.permission-group.SYSTEM_TOOLS
04-27 11:25:27.824 D/PackageManager( 2897): No files in app dir /system/vendor/app
04-27 11:25:27.825 D/PackageManager( 2897): No files in app dir /oem/app
04-27 11:25:28.861 W/PackageParser( 2897): No actions in intent filter at /data/app/ApiDemos/ApiDemos.apk Binary XML file line #3145
04-27 11:25:28.862 W/PackageParser( 2897): No actions in intent filter at /data/app/ApiDemos/ApiDemos.apk Binary XML file line #3151
04-27 11:25:28.878 W/PackageManager( 2897): Package com.example.android.apis desires unavailable shared library com.example.will.never.exist; ignoring!
04-27 11:25:28.974 I/SELinux ( 2897): SELinux: Loaded file_contexts contexts from /file_contexts.bin.
04-27 11:25:38.032 D/PackageManager( 2897): No files in app dir /data/app-private
04-27 11:25:38.045 D/PackageManager( 2897): No files in app dir /data/app-ephemeral
04-27 11:25:38.131 E/PackageManager( 2897): There should probably be exactly one setup wizard; found 0: matches=[]
04-27 11:25:38.132 W/PackageManager( 2897): Protected action; cap priority to 0; package: com.android.cts.priv.ctsshim activity: com.android.cts.priv.ctsshim.InstallPriority origPrio: 100
04-27 11:25:38.132 W/PackageManager( 2897): Protected action; cap priority to 0; package: com.android.cts.priv.ctsshim activity: com.android.cts.priv.ctsshim.InstallPriority origPrio: 100
04-27 11:25:38.132 W/PackageManager( 2897): Protected action; cap priority to 0; package: com.android.cts.priv.ctsshim activity: com.android.cts.priv.ctsshim.InstallPriority origPrio: 100
04-27 11:25:38.132 W/PackageManager( 2897): Protected action; cap priority to 0; package: com.android.cts.priv.ctsshim activity: com.android.cts.priv.ctsshim.InstallPriority origPrio: 100
04-27 11:25:38.132 W/PackageManager( 2897): Protected action; cap priority to 0; package: com.android.packageinstaller activity: com.android.packageinstaller.PackageInstallerActivity origPrio: 1
04-27 11:25:38.133 W/PackageManager( 2897): Package com.android.camera desires unavailable shared library com.google.android.media.effects; ignoring!
04-27 11:25:38.133 W/PackageManager( 2897): Package com.android.gallery3d desires unavailable shared library com.google.android.media.effects; ignoring!
04-27 11:25:38.134 W/PackageManager( 2897): Package com.android.gallery3d desires unavailable shared library com.google.android.media.effects; ignoring!
04-27 11:25:38.134 W/PackageManager( 2897): Package com.example.android.apis desires unavailable shared library com.example.will.never.exist; ignoring!
04-27 11:25:38.135 I/PackageManager( 2897): Adjusting ABI for com.android.providers.downloads.ui to x86_64 (requirer=com.android.mtp, scannedPackage=null)
04-27 11:25:38.157 I/PackageManager( 2897): Adjusting ABI for com.android.providers.downloads to x86_64 (requirer=com.android.mtp, scannedPackage=null)
04-27 11:25:38.168 I/PackageManager( 2897): Adjusting ABI for com.android.providers.media to x86_64 (requirer=com.android.mtp, scannedPackage=null)
04-27 11:25:38.182 I/PackageManager( 2897): Adjusting ABI for com.android.providers.settings to x86_64 (requirer=android, scannedPackage=null)
04-27 11:25:38.252 I/PackageManager( 2897): Adjusting ABI for com.android.keychain to x86_64 (requirer=android, scannedPackage=null)
04-27 11:25:38.254 I/PackageManager( 2897): Adjusting ABI for com.android.server.telecom to x86_64 (requirer=android, scannedPackage=null)
04-27 11:25:38.256 I/PackageManager( 2897): Adjusting ABI for com.android.location.fused to x86_64 (requirer=android, scannedPackage=null)
04-27 11:25:38.258 I/PackageManager( 2897): Adjusting ABI for com.android.settings to x86_64 (requirer=android, scannedPackage=null)
04-27 11:25:38.286 I/PackageManager( 2897): Adjusting ABI for com.android.inputdevices to x86_64 (requirer=android, scannedPackage=null)
04-27 11:25:38.288 I/PackageManager( 2897): Adjusting ABI for com.android.wallpaperbackup to x86_64 (requirer=android, scannedPackage=null)
04-27 11:25:38.336 I/PackageManager( 2897): Time to scan packages: 26.306 seconds
04-27 11:25:38.339 W/PackageManager( 2897): Unknown permission com.google.android.googleapps.permission.GOOGLE_AUTH in package com.android.providers.calendar
04-27 11:25:38.339 W/PackageManager( 2897): Unknown permission com.google.android.googleapps.permission.GOOGLE_AUTH.cl in package com.android.providers.calendar
04-27 11:25:38.368 W/PackageManager( 2897): Not granting permission android.permission.GLOBAL_SEARCH to package com.android.quicksearchbox (protectionLevel=18 flags=0x3808be45)
04-27 11:25:38.380 W/PackageManager( 2897): Not granting permission android.permission.WRITE_EXTERNAL_STORAGE to package gov.nasa.arc.astrobee.android.gs.manager because it was previously installed without
04-27 11:25:38.381 W/PackageManager( 2897): Not granting permission android.permission.READ_EXTERNAL_STORAGE to package gov.nasa.arc.astrobee.android.gs.manager because it was previously installed without
04-27 11:25:38.381 W/PackageManager( 2897): Unknown permission com.android.launcher.permission.READ_SETTINGS in package com.android.launcher3
04-27 11:25:38.381 W/PackageManager( 2897): Unknown permission com.android.launcher.permission.WRITE_SETTINGS in package com.android.launcher3
04-27 11:25:38.381 W/PackageManager( 2897): Not granting permission android.permission.BIND_APPWIDGET to package com.android.launcher3 (protectionLevel=18 flags=0x3c4bbe45)
04-27 11:25:38.382 W/PackageManager( 2897): Unknown permission com.google.android.googleapps.permission.GOOGLE_AUTH.mail in package com.android.calendar
04-27 11:25:38.382 W/PackageManager( 2897): Unknown permission com.google.android.providers.settings.permission.WRITE_GSETTINGS in package com.android.sdksetup
04-27 11:25:38.383 W/PackageManager( 2897): Unknown permission com.google.android.permission.INSTALL_WEARABLE_PACKAGES in package com.android.packageinstaller
04-27 11:25:38.383 W/PackageManager( 2897): Not granting permission android.permission.DELETE_PACKAGES to package com.svox.pico (protectionLevel=18 flags=0x3808be45)
04-27 11:25:38.383 W/PackageManager( 2897): Not granting permission android.permission.READ_CONTACTS to package com.example.android.apis because it was previously installed without
04-27 11:25:38.383 W/PackageManager( 2897): Not granting permission android.permission.WRITE_CONTACTS to package com.example.android.apis because it was previously installed without
04-27 11:25:38.384 W/PackageManager( 2897): Not granting permission android.permission.ACCESS_COARSE_LOCATION to package com.example.android.apis because it was previously installed without
04-27 11:25:38.384 W/PackageManager( 2897): Not granting permission android.permission.WRITE_EXTERNAL_STORAGE to package com.example.android.apis because it was previously installed without
04-27 11:25:38.384 W/PackageManager( 2897): Not granting permission android.permission.SEND_SMS to package com.example.android.apis because it was previously installed without
04-27 11:25:38.384 W/PackageManager( 2897): Not granting permission android.permission.RECEIVE_SMS to package com.example.android.apis because it was previously installed without
04-27 11:25:38.384 W/PackageManager( 2897): Not granting permission android.permission.RECEIVE_MMS to package com.example.android.apis because it was previously installed without
04-27 11:25:38.384 W/PackageManager( 2897): Not granting permission android.permission.READ_SMS to package com.example.android.apis because it was previously installed without
04-27 11:25:38.384 W/PackageManager( 2897): Not granting permission android.permission.READ_PHONE_STATE to package com.example.android.apis because it was previously installed without
04-27 11:25:38.384 W/PackageManager( 2897): Not granting permission android.permission.RECORD_AUDIO to package com.example.android.apis because it was previously installed without
04-27 11:25:38.384 W/PackageManager( 2897): Not granting permission android.permission.CAMERA to package com.example.android.apis because it was previously installed without
04-27 11:25:38.384 W/PackageManager( 2897): Not granting permission android.permission.READ_EXTERNAL_STORAGE to package com.example.android.apis because it was previously installed without
04-27 11:25:38.385 W/PackageManager( 2897): Unknown permission android.permission.RUN_INSTRUMENTATION in package org.chromium.webview_shell
04-27 11:25:38.385 W/PackageManager( 2897): Unknown permission com.google.android.googleapps.permission.GOOGLE_AUTH in package com.android.settings
04-27 11:25:38.385 W/PackageManager( 2897): Unknown permission com.android.launcher.permission.READ_SETTINGS in package com.android.settings
04-27 11:25:38.385 W/PackageManager( 2897): Unknown permission com.android.launcher.permission.WRITE_SETTINGS in package com.android.settings
04-27 11:25:38.386 W/PackageManager( 2897): Unknown permission com.android.smspush.WAPPUSH_MANAGER_BIND in package com.android.phone
04-27 11:25:38.387 W/PackageManager( 2897): Unknown permission com.google.android.googleapps.permission.ACCESS_GOOGLE_PASSWORD in package com.android.development
04-27 11:25:38.387 W/PackageManager( 2897): Unknown permission com.google.android.googleapps.permission.GOOGLE_AUTH in package com.android.development
04-27 11:25:38.387 W/PackageManager( 2897): Unknown permission com.google.android.googleapps.permission.GOOGLE_AUTH.ALL_SERVICES in package com.android.development
04-27 11:25:38.387 W/PackageManager( 2897): Unknown permission com.google.android.googleapps.permission.GOOGLE_AUTH.YouTubeUser in package com.android.development
04-27 11:25:38.388 W/PackageManager( 2897): Not granting permission android.permission.BIND_APPWIDGET to package com.android.widgetpreview (protectionLevel=18 flags=0x3808be44)
04-27 11:25:38.388 W/PackageManager( 2897): Not granting permission android.permission.WRITE_EXTERNAL_STORAGE to package jp.jaxa.iss.kibo.rpc.infinitusloopus because it was previously installed without
04-27 11:25:38.388 W/PackageManager( 2897): Not granting permission android.permission.READ_EXTERNAL_STORAGE to package jp.jaxa.iss.kibo.rpc.infinitusloopus because it was previously installed without
04-27 11:25:38.389 V/PackageManager( 2897): reconcileAppsData for null u0 0x3
04-27 11:25:38.545 I/SELinux ( 1331): SELinux: Loaded file_contexts contexts from /file_contexts.bin.
04-27 11:25:44.011 V/PackageManager( 2897): reconcileAppsData finished 82 packages
04-27 11:25:44.603 E/PackageManager( 2897): There should probably be a verifier, but, none were found
04-27 11:25:44.782 D/PackageManager( 2897): Ephemeral resolver NOT found; no matching intent filters
04-27 11:25:44.783 I/PackageManager( 2897): Ephemeral deactivated; missing resolver and installer
04-27 11:25:44.787 I/art     ( 2897): Starting a blocking GC Explicit
04-27 11:25:44.792 W/art     ( 2897): Long monitor contention with owner main (2897) at int android.net.LocalSocketImpl.readba_native(byte[], int, int, java.io.FileDescriptor)(LocalSocketImpl.java:-2) waiters=0 in void com.android.server.pm.Settings$RuntimePermissionPersistence.writePermissionsSync(int) for 5.778s
04-27 11:25:45.001 I/art     ( 2897): Explicit concurrent mark sweep GC freed 37911(2MB) AllocSpace objects, 4(80KB) LOS objects, 33% free, 7MB/10MB, paused 60.424ms total 200.801ms
04-27 11:25:45.061 I/SystemServer( 2897): StartOtaDexOptService
04-27 11:25:45.153 I/SystemServer( 2897): StartUserManagerService
04-27 11:25:45.154 I/SystemServiceManager( 2897): Starting com.android.server.pm.UserManagerService$LifeCycle
04-27 11:25:45.332 I/lowmemorykiller( 1319): ActivityManager connected
04-27 11:25:45.343 D/SensorService( 2897): nuSensorService starting...
04-27 11:25:45.403 D/SensorService( 2897): nuSensorService thread starting...
04-27 11:25:45.413 I/SystemServiceManager( 2897): Starting com.android.server.BatteryService
04-27 11:25:45.445 D/SensorService( 2897): new thread SensorEventAckReceiver
04-27 11:25:45.576 I/SystemServiceManager( 2897): Starting com.android.server.usage.UsageStatsService
04-27 11:25:45.813 I/SystemServiceManager( 2897): Starting com.android.server.webkit.WebViewUpdateService
04-27 11:25:45.897 I/SystemServer( 2897): Reading configuration...
04-27 11:25:45.898 I/SystemServer( 2897): StartSchedulingPolicyService
04-27 11:25:45.922 I/SystemServiceManager( 2897): Starting com.android.server.telecom.TelecomLoaderService
04-27 11:25:45.924 I/SystemServer( 2897): StartTelephonyRegistry
04-27 11:25:45.983 I/SystemServer( 2897): StartEntropyMixer
04-27 11:25:46.005 I/EntropyMixer( 2897): Writing entropy...
04-27 11:25:46.072 I/SystemServer( 2897): Camera Service
04-27 11:25:46.081 I/SystemServiceManager( 2897): Starting com.android.server.camera.CameraService
04-27 11:25:46.191 I/ServiceThread( 2897): Enabled StrictMode logging for CameraService_proxy looper.
04-27 11:25:46.198 I/SystemServer( 2897): StartAccountManagerService
04-27 11:25:46.210 I/SystemServiceManager( 2897): Starting com.android.server.accounts.AccountManagerService$Lifecycle
04-27 11:25:46.317 I/SystemServer( 2897): StartContentService
04-27 11:25:46.320 I/SystemServiceManager( 2897): Starting com.android.server.content.ContentService$Lifecycle
04-27 11:25:46.342 I/SystemServer( 2897): InstallSystemProviders
04-27 11:25:46.406 W/System  ( 2897): ClassLoader referenced unknown path: /system/priv-app/SettingsProvider/lib/x86_64
04-27 11:25:46.719 I/SystemServer( 2897): StartVibratorService
04-27 11:25:46.752 E/VibratorService( 2897): Couldn't load vibrator module (No such file or directory)
04-27 11:25:46.752 W/VibratorService( 2897): Tried to stop vibrating but there is no vibrator device.
04-27 11:25:46.770 I/SystemServer( 2897): StartConsumerIrService
04-27 11:25:46.772 E/ConsumerIrService( 2897): Can't open consumer IR HW Module, error: -2
04-27 11:25:46.793 I/SystemServer( 2897): StartAlarmManagerService
04-27 11:25:46.793 I/SystemServiceManager( 2897): Starting com.android.server.AlarmManagerService
04-27 11:25:46.814 W/AlarmManagerService( 2897): no wall clock RTC found
04-27 11:25:46.816 D/AlarmManagerService( 2897): Kernel timezone updated to 0 minutes west of GMT
04-27 11:25:46.881 I/SystemServer( 2897): InitWatchdog
04-27 11:25:46.883 I/SystemServer( 2897): StartInputManagerService
04-27 11:25:46.888 I/InputManager( 2897): Initializing input manager, mUseDevInputEventForAudioJack=true
04-27 11:25:46.906 I/SystemServer( 2897): StartWindowManagerService
