04-27 11:24:03.121 V/EmulatedCamera_FakeDevice( 1329): connectDevice
04-27 11:24:03.121 V/EmulatedCamera_CallbackNotifier( 1329): setCallbacks: 0xee3f6e80, 0xee3f6ed0, 0xee3f6ff0, 0xee3f7110 (0xee043140)
04-27 11:24:03.269 V/EmulatedCamera_Preview( 1329): setPreviewWindow: current: 0x0 -> new: 0xee043150
04-27 11:24:03.340 V/EmulatedCamera_Preview( 1329): setPreviewWindow: current: 0xee043150 -> new: 0x0
04-27 11:24:03.340 V/EmulatedCamera_Camera( 1329): doStopPreview
04-27 11:24:03.341 V/EmulatedCamera_Preview( 1329): setPreviewWindow: current: 0x0 -> new: 0x0
04-27 11:24:03.342 V/EmulatedCamera_Camera( 1329): releaseCamera
04-27 11:24:03.342 V/EmulatedCamera_Camera( 1329): doStopPreview
04-27 11:24:03.342 V/EmulatedCamera_FakeDevice( 1329): disconnectDevice
04-27 11:24:03.342 W/EmulatedCamera_Device( 1329): Initialize: Emulated camera device is already initialized: mState = 1
04-27 11:24:03.342 D/EmulatedCamera_FakeCamera( 1329): Initialize: Fake camera is facing back
04-27 11:24:03.342 V/EmulatedCamera_Device( 1329): initializeWhiteBalanceModes with auto, 1.000000, 1.000000
04-27 11:24:03.343 V/EmulatedCamera_Device( 1329): initializeWhiteBalanceModes with incandescent, 1.380000, 0.600000
04-27 11:24:03.343 V/EmulatedCamera_Device( 1329): initializeWhiteBalanceModes with daylight, 1.090000, 0.920000
04-27 11:24:03.343 V/EmulatedCamera_Device( 1329): initializeWhiteBalanceModes with twilight, 0.920000, 1.220000
04-27 11:24:03.343 V/EmulatedCamera_Device( 1329): setWhiteBalanceMode with white balance auto
04-27 11:24:03.343 I/CameraFlashlight( 1329): Destroying camera 0
04-27 11:24:03.343 V/EmulatedCamera_Camera( 1329): closeCamera
04-27 11:24:03.343 V/EmulatedCamera_Camera( 1329): doStopPreview
04-27 11:24:03.343 W/EmulatedCamera_Device( 1329): Initialize: Emulated camera device is already initialized: mState = 1
04-27 11:24:03.343 D/EmulatedCamera_FakeCamera( 1329): Initialize: Fake camera is facing back
04-27 11:24:03.344 V/EmulatedCamera_Device( 1329): initializeWhiteBalanceModes with auto, 1.000000, 1.000000
04-27 11:24:03.344 V/EmulatedCamera_Device( 1329): initializeWhiteBalanceModes with incandescent, 1.380000, 0.600000
04-27 11:24:03.344 V/EmulatedCamera_Device( 1329): initializeWhiteBalanceModes with daylight, 1.090000, 0.920000
04-27 11:24:03.344 V/EmulatedCamera_Device( 1329): initializeWhiteBalanceModes with twilight, 0.920000, 1.220000
04-27 11:24:03.344 V/EmulatedCamera_Device( 1329): setWhiteBalanceMode with white balance auto
04-27 11:24:03.346 V/EmulatedCamera_Camera( 1329): getCameraInfo
04-27 11:24:03.346 V/EmulatedCamera_BaseCamera( 1329): getCameraInfo
04-27 11:24:03.400 I/ServiceManager( 1329): Waiting for service media.camera.proxy...
04-27 11:24:03.544 V/MediaUtils( 1352): physMem: 1043894272
04-27 11:24:03.544 V/MediaUtils( 1352): requested limit: 208778840
04-27 11:24:03.544 V/MediaUtils( 1352): actual limit: 208778840
04-27 11:24:03.545 V/MediaUtils( 1352): original limits: 4294967295/4294967295
04-27 11:24:03.545 V/MediaUtils( 1352): new limits: 208778840/4294967295
04-27 11:24:03.585 W//system/bin/mediaextractor( 1352): libminijail: allowing syscall: socketcall
04-27 11:24:03.585 W//system/bin/mediaextractor( 1352): libminijail: allowing syscall: writev
04-27 11:24:03.586 W//system/bin/mediaextractor( 1352): libminijail: allowing syscall: fcntl64
04-27 11:24:03.586 W//system/bin/mediaextractor( 1352): libminijail: allowing syscall: clock_gettime
04-27 11:24:03.614 W//system/bin/mediaextractor( 1352): libminijail: logging seccomp filter failures
04-27 11:24:03.785 I/mediacodec( 1348): @@@ mediacodecservice starting
04-27 11:24:03.786 W/        ( 1348): No seccomp filter defined for this architecture.
04-27 11:24:03.927 I/        ( 1328): sMaxFastTracks = 8
04-27 11:24:03.959 I/mediaserver( 1349): ServiceManager: 0xe913c0a0
04-27 11:24:03.984 I/audioserver( 1328): ServiceManager: 0xf4abc020
04-27 11:24:04.051 W/BatteryNotifier( 1328): batterystats service unavailable!
04-27 11:24:04.051 I/AudioFlinger( 1328): Using default 3000 mSec as standby time.
04-27 11:24:04.067 I/AudioPolicyService( 1328): AudioPolicyService CSTOR in new mode
04-27 11:24:04.149 I/APM::ConfigParsingUtils( 1328): loadAudioPolicyConfig() loaded /system/etc/audio_policy.conf
04-27 11:24:04.163 I/mediaserver( 1353): ServiceManager: 0xeccbc0a0
04-27 11:24:04.270 W/BatteryNotifier( 1353): batterystats service unavailable!
04-27 11:24:04.323 D/audio_hw_generic( 1328): Emulator host-side ALSA audio emulation detected.
04-27 11:24:04.325 D/audio_hw_generic( 1328): mixer 0 name Master Playback Volume
04-27 11:24:04.325 D/audio_hw_generic( 1328): set ctl 0 to 100
04-27 11:24:04.327 D/audio_hw_generic( 1328): set ctl 1 to 100
04-27 11:24:04.327 D/audio_hw_generic( 1328): mixer 1 name Master Playback Switch
04-27 11:24:04.327 D/audio_hw_generic( 1328): set ctl 0 to 1
04-27 11:24:04.327 D/audio_hw_generic( 1328): set ctl 1 to 1
04-27 11:24:04.327 D/audio_hw_generic( 1328): mixer 2 name Capture Volume
04-27 11:24:04.327 D/audio_hw_generic( 1328): set ctl 0 to 100
04-27 11:24:04.327 D/audio_hw_generic( 1328): set ctl 1 to 100
04-27 11:24:04.328 D/audio_hw_generic( 1328): mixer 3 name Capture Switch
04-27 11:24:04.328 D/audio_hw_generic( 1328): set ctl 0 to 1
04-27 11:24:04.328 D/audio_hw_generic( 1328): set ctl 1 to 1
04-27 11:24:04.328 D/audio_hw_generic( 1328): mixer 4 name Line Phantom Jack
04-27 11:24:04.328 D/audio_hw_generic( 1328): mixer 5 name Line Out Phantom Jack
04-27 11:24:04.328 D/audio_hw_generic( 1328): mixer 6 name Playback Channel Map
04-27 11:24:04.328 D/audio_hw_generic( 1328): mixer 7 name Capture Channel Map
04-27 11:24:04.328 I/AudioFlinger( 1328): loadHwModule() Loaded primary audio interface from Generic audio HW HAL (audio) handle 10
04-27 11:24:04.329 I/AudioFlinger( 1328): openOutput(), module 10 Device 2, SamplingRate 48000, Format 0x000001, Channels 3, flags 2
04-27 11:24:04.448 I/ServiceManager( 1329): Waiting for service media.camera.proxy...
04-27 11:24:04.453 I/AudioFlinger( 1328): HAL output buffer size 720 frames, normal sink buffer size 1152 frames
04-27 11:24:04.673 I/BufferProvider( 1328): found effect "Multichannel Downmix To Stereo" from The Android Open Source Project
04-27 11:24:05.245 I/AudioFlinger( 1328): AudioFlinger's thread 0xf4503f40 ready to run
04-27 11:24:05.248 W/BatteryNotifier( 1328): batterystats service unavailable!
04-27 11:24:05.249 W/BatteryNotifier( 1328): batterystats service unavailable!
04-27 11:24:05.452 I/ServiceManager( 1329): Waiting for service media.camera.proxy...
04-27 11:24:05.890 I/AudioFlinger( 1328): Using module 10 has the primary audio interface
04-27 11:24:05.981 W/BatteryNotifier( 1328): batterystats service unavailable!
04-27 11:24:05.984 W/AudioFlinger( 1328): no wake lock to update, system not ready yet
04-27 11:24:06.303 I/AudioFlinger( 1328): AudioFlinger's thread 0xf4003c40 ready to run
04-27 11:24:06.320 W/BatteryNotifier( 1328): batterystats service unavailable!
04-27 11:24:06.335 W/BatteryNotifier( 1328): batterystats service unavailable!
04-27 11:24:06.360 W/BatteryNotifier( 1328): batterystats service unavailable!
04-27 11:24:06.361 W/BatteryNotifier( 1328): batterystats service unavailable!
04-27 11:24:06.470 I/ServiceManager( 1329): Waiting for service media.camera.proxy...
04-27 11:24:06.502 I/r_submix( 1328): adev_open(name=audio_hw_if)
04-27 11:24:06.502 I/r_submix( 1328): adev_init_check()
04-27 11:24:06.502 I/AudioFlinger( 1328): loadHwModule() Loaded r_submix audio interface from Wifi Display audio HAL (audio) handle 18
04-27 11:24:06.502 D/r_submix( 1328): adev_open_input_stream(addr=0)
04-27 11:24:06.503 D/r_submix( 1328): submix_audio_device_create_pipe_l(addr=0, idx=9)
04-27 11:24:06.503 D/r_submix( 1328):   now using address 0 for route 9
04-27 11:24:06.511 I/AudioFlinger( 1328): AudioFlinger's thread 0xf4103880 ready to run
04-27 11:24:06.512 D/r_submix( 1328): adev_close_input_stream()
04-27 11:24:06.512 D/r_submix( 1328): submix_audio_device_release_pipe_l(idx=9) addr=0
04-27 11:24:06.512 D/r_submix( 1328): submix_audio_device_destroy_pipe_l(): pipe destroyed
04-27 11:24:06.584 I/RadioService( 1328): RadioService
04-27 11:24:06.584 I/RadioService( 1328): onFirstRef
04-27 11:24:06.585 E/RadioService( 1328): couldn't load radio module radio.primary (No such file or directory)
04-27 11:24:06.587 E/SoundTriggerHwService( 1328): couldn't load sound trigger module sound_trigger.primary (No such file or directory)
04-27 11:24:07.485 I/ServiceManager( 1329): Waiting for service media.camera.proxy...
04-27 11:24:08.983 W/BatteryNotifier( 1328): batterystats service unavailable!
04-27 11:24:15.126 E/SurfaceFlinger( 1321): ro.sf.lcd_density must be defined as a build property
04-27 11:24:15.177 D/libEGL  ( 1588): Emulator without GPU support detected. Fallback to legacy software renderer, qemu.gles is set to 0.
04-27 11:24:15.208 D/libEGL  ( 1588): loaded /system/lib64/egl/libGLES_android.so
04-27 11:24:15.653 D/AndroidRuntime( 1324): >>>>>> START com.android.internal.os.ZygoteInit uid 0 <<<<<<
04-27 11:24:15.695 D/gralloc_ranchu( 1588): Emulator without host-side GPU emulation detected. Loading gralloc.default.so from /vendor/lib64/hw/gralloc.goldfish.default.so...
04-27 11:24:15.698 D/gralloc_ranchu( 1588): gralloc.default.so not found in /vendor. Trying /system/lib64/hw/gralloc.goldfish.default.so...
04-27 11:24:16.211 D/AndroidRuntime( 1324): CheckJNI is ON
04-27 11:24:16.271 I/art     ( 1324): option[0]=-Xzygote
04-27 11:24:16.271 I/art     ( 1324): option[1]=-Xcheck:jni
04-27 11:24:16.271 I/art     ( 1324): option[2]=-Xstacktracefile:/data/anr/traces.txt
04-27 11:24:16.271 I/art     ( 1324): option[3]=exit
04-27 11:24:16.272 I/art     ( 1324): option[4]=vfprintf
04-27 11:24:16.272 I/art     ( 1324): option[5]=sensitiveThread
04-27 11:24:16.272 I/art     ( 1324): option[6]=-verbose:gc
04-27 11:24:16.272 I/art     ( 1324): option[7]=-Xms4m
04-27 11:24:16.272 I/art     ( 1324): option[8]=-Xmx256m
04-27 11:24:16.272 I/art     ( 1324): option[9]=-Xusejit:true
04-27 11:24:16.272 I/art     ( 1324): option[10]=-Xjitsaveprofilinginfo
04-27 11:24:16.272 I/art     ( 1324): option[11]=-agentlib:jdwp=transport=dt_android_adb,suspend=n,server=y
04-27 11:24:16.272 I/art     ( 1324): option[12]=-Xlockprofthreshold:500
04-27 11:24:16.272 I/art     ( 1324): option[13]=-Ximage-compiler-option
04-27 11:24:16.272 I/art     ( 1324): option[14]=--runtime-arg
04-27 11:24:16.272 I/art     ( 1324): option[15]=-Ximage-compiler-option
04-27 11:24:16.272 I/art     ( 1324): option[16]=-Xms64m
04-27 11:24:16.272 I/art     ( 1324): option[17]=-Ximage-compiler-option
04-27 11:24:16.272 I/art     ( 1324): option[18]=--runtime-arg
04-27 11:24:16.272 I/art     ( 1324): option[19]=-Ximage-compiler-option
04-27 11:24:16.272 I/art     ( 1324): option[20]=-Xmx64m
04-27 11:24:16.272 I/art     ( 1324): option[21]=-Ximage-compiler-option
04-27 11:24:16.272 I/art     ( 1324): option[22]=--image-classes=/system/etc/preloaded-classes
04-27 11:24:16.272 I/art     ( 1324): option[23]=-Ximage-compiler-option
04-27 11:24:16.272 I/art     ( 1324): option[24]=--compiled-classes=/system/etc/compiled-classes
04-27 11:24:16.273 I/art     ( 1324): option[25]=-Xcompiler-option
04-27 11:24:16.273 I/art     ( 1324): option[26]=--runtime-arg
04-27 11:24:16.273 I/art     ( 1324): option[27]=-Xcompiler-option
04-27 11:24:16.273 I/art     ( 1324): option[28]=-Xms64m
04-27 11:24:16.273 I/art     ( 1324): option[29]=-Xcompiler-option
04-27 11:24:16.273 I/art     ( 1324): option[30]=--runtime-arg
04-27 11:24:16.273 I/art     ( 1324): option[31]=-Xcompiler-option
04-27 11:24:16.273 I/art     ( 1324): option[32]=-Xmx512m
04-27 11:24:16.273 I/art     ( 1324): option[33]=-Ximage-compiler-option
04-27 11:24:16.273 I/art     ( 1324): option[34]=--instruction-set-variant=x86_64
04-27 11:24:16.273 I/art     ( 1324): option[35]=-Xcompiler-option
04-27 11:24:16.273 I/art     ( 1324): option[36]=--instruction-set-variant=x86_64
04-27 11:24:16.273 I/art     ( 1324): option[37]=-Ximage-compiler-option
04-27 11:24:16.273 I/art     ( 1324): option[38]=--instruction-set-features=default
04-27 11:24:16.273 I/art     ( 1324): option[39]=-Xcompiler-option
04-27 11:24:16.273 I/art     ( 1324): option[40]=--instruction-set-features=default
04-27 11:24:16.273 I/art     ( 1324): option[41]=-Duser.locale=en-US
04-27 11:24:16.273 I/art     ( 1324): option[42]=--cpu-abilist=x86_64
04-27 11:24:16.273 I/art     ( 1324): option[43]=-Xfingerprint:Android/sdk_phone_x86_64/generic_x86_64:7.1.1/NYC/4931657:userdebug/test-keys
04-27 11:24:17.387 D/AndroidRuntime( 1327): >>>>>> START com.android.internal.os.ZygoteInit uid 0 <<<<<<
04-27 11:24:17.707 D/AndroidRuntime( 1327): CheckJNI is ON
04-27 11:24:17.760 I/art     ( 1327): option[0]=-Xzygote
04-27 11:24:17.761 I/art     ( 1327): option[1]=-Xcheck:jni
04-27 11:24:17.761 I/art     ( 1327): option[2]=-Xstacktracefile:/data/anr/traces.txt
04-27 11:24:17.761 I/art     ( 1327): option[3]=exit
04-27 11:24:17.761 I/art     ( 1327): option[4]=vfprintf
04-27 11:24:17.761 I/art     ( 1327): option[5]=sensitiveThread
04-27 11:24:17.761 I/art     ( 1327): option[6]=-verbose:gc
04-27 11:24:17.761 I/art     ( 1327): option[7]=-Xms4m
04-27 11:24:17.761 I/art     ( 1327): option[8]=-Xmx256m
04-27 11:24:17.761 I/art     ( 1327): option[9]=-Xusejit:true
04-27 11:24:17.761 I/art     ( 1327): option[10]=-Xjitsaveprofilinginfo
04-27 11:24:17.761 I/art     ( 1327): option[11]=-agentlib:jdwp=transport=dt_android_adb,suspend=n,server=y
04-27 11:24:17.761 I/art     ( 1327): option[12]=-Xlockprofthreshold:500
04-27 11:24:17.761 I/art     ( 1327): option[13]=-Ximage-compiler-option
04-27 11:24:17.761 I/art     ( 1327): option[14]=--runtime-arg
04-27 11:24:17.762 I/art     ( 1327): option[15]=-Ximage-compiler-option
04-27 11:24:17.762 I/art     ( 1327): option[16]=-Xms64m
04-27 11:24:17.762 I/art     ( 1327): option[17]=-Ximage-compiler-option
04-27 11:24:17.762 I/art     ( 1327): option[18]=--runtime-arg
04-27 11:24:17.762 I/art     ( 1327): option[19]=-Ximage-compiler-option
04-27 11:24:17.762 I/art     ( 1327): option[20]=-Xmx64m
04-27 11:24:17.762 I/art     ( 1327): option[21]=-Ximage-compiler-option
04-27 11:24:17.762 I/art     ( 1327): option[22]=--image-classes=/system/etc/preloaded-classes
04-27 11:24:17.762 I/art     ( 1327): option[23]=-Ximage-compiler-option
04-27 11:24:17.762 I/art     ( 1327): option[24]=--compiled-classes=/system/etc/compiled-classes
04-27 11:24:17.762 I/art     ( 1327): option[25]=-Xcompiler-option
04-27 11:24:17.762 I/art     ( 1327): option[26]=--runtime-arg
04-27 11:24:17.762 I/art     ( 1327): option[27]=-Xcompiler-option
04-27 11:24:17.762 I/art     ( 1327): option[28]=-Xms64m
04-27 11:24:17.762 I/art     ( 1327): option[29]=-Xcompiler-option
04-27 11:24:17.762 I/art     ( 1327): option[30]=--runtime-arg
04-27 11:24:17.762 I/art     ( 1327): option[31]=-Xcompiler-option
04-27 11:24:17.762 I/art     ( 1327): option[32]=-Xmx512m
04-27 11:24:17.762 I/art     ( 1327): option[33]=-Ximage-compiler-option
04-27 11:24:17.762 I/art     ( 1327): option[34]=--instruction-set-variant=x86
04-27 11:24:17.763 I/art     ( 1327): option[35]=-Xcompiler-option
04-27 11:24:17.763 I/art     ( 1327): option[36]=--instruction-set-variant=x86
04-27 11:24:17.763 I/art     ( 1327): option[37]=-Ximage-compiler-option
04-27 11:24:17.763 I/art     ( 1327): option[38]=--instruction-set-features=default
04-27 11:24:17.763 I/art     ( 1327): option[39]=-Xcompiler-option
04-27 11:24:17.763 I/art     ( 1327): option[40]=--instruction-set-features=default
04-27 11:24:17.763 I/art     ( 1327): option[41]=-Duser.locale=en-US
04-27 11:24:17.763 I/art     ( 1327): option[42]=--cpu-abilist=x86
04-27 11:24:17.763 I/art     ( 1327): option[43]=-Xfingerprint:Android/sdk_phone_x86_64/generic_x86_64:7.1.1/NYC/4931657:userdebug/test-keys
04-27 11:24:19.751 E/hostapd ( 2720): Configuration file: /system/etc/simulated_hostapd.conf
04-27 11:24:19.959 E/ipv6proxy( 2710): Failed to forward Router Advertisement from eth0 to wlan1: Network is unreachable
04-27 11:24:20.002 E/ipv6proxy( 2710): Failed to forward Router Advertisement from eth0 to radio0-peer: Cannot assign requested address
04-27 11:24:20.256 I/hostapd ( 2720): rfkill: Cannot get wiphy information
04-27 11:24:20.258 I/hostapd ( 2720): nl80211: Could not re-add multicast membership for vendor events: -2 (No such file or directory)
04-27 11:24:20.259 I/hostapd ( 2720): wlan1: interface state UNINITIALIZED->COUNTRY_UPDATE
04-27 11:24:22.615 D/ICU     ( 1324): No timezone override file found: /data/misc/zoneinfo/current/icu/icu_tzdata.dat
04-27 11:24:23.765 D/ICU     ( 1327): No timezone override file found: /data/misc/zoneinfo/current/icu/icu_tzdata.dat
04-27 11:24:23.968 E/ipv6proxy( 2710): Failed to forward Router Advertisement from eth0 to wlan1: Network is unreachable
04-27 11:24:25.313 I/hostapd ( 2720): wlan1: interface state COUNTRY_UPDATE->HT_SCAN
04-27 11:24:25.851 E/memtrack( 1324): Couldn't load memtrack module (No such file or directory)
04-27 11:24:25.851 E/android.os.Debug( 1324): failed to load memtrack module: -2
04-27 11:24:25.981 I/Radio-JNI( 1324): register_android_hardware_Radio DONE
04-27 11:24:26.370 I/SamplingProfilerIntegration( 1324): Profiling disabled.
04-27 11:24:26.381 D/Zygote  ( 1324): begin preload
04-27 11:24:26.381 I/Zygote  ( 1324): Installing ICU cache reference pinning...
04-27 11:24:26.390 I/Zygote  ( 1324): Preloading ICU data...
04-27 11:24:26.512 E/memtrack( 1327): Couldn't load memtrack module (No such file or directory)
04-27 11:24:26.512 E/android.os.Debug( 1327): failed to load memtrack module: -2
04-27 11:24:26.572 I/Radio-JNI( 1327): register_android_hardware_Radio DONE
04-27 11:24:27.090 I/SamplingProfilerIntegration( 1327): Profiling disabled.
04-27 11:24:27.103 D/Zygote  ( 1327): begin preload
04-27 11:24:27.103 I/Zygote  ( 1327): Installing ICU cache reference pinning...
04-27 11:24:27.107 E/hostapd ( 2720): Using interface wlan1 with hwaddr 02:00:00:00:01:00 and ssid "AndroidWifi"
04-27 11:24:27.110 I/Zygote  ( 1327): Preloading ICU data...
04-27 11:24:27.152 I/hostapd ( 2720): wlan1: interface state HT_SCAN->ENABLED
04-27 11:24:27.152 I/hostapd ( 2720): wlan1: AP-ENABLED 
04-27 11:24:27.987 I/Zygote  ( 1324): Preloading classes...
04-27 11:24:28.222 W/Zygote  ( 1324): Class not found for preloading: [Landroid.view.Display$ColorTransform;
04-27 11:24:28.328 I/Zygote  ( 1327): Preloading classes...
04-27 11:24:28.505 W/Zygote  ( 1327): Class not found for preloading: [Landroid.view.Display$ColorTransform;
04-27 11:24:32.813 E/Typeface( 1324): Error mapping font file /system/fonts/DroidSansFallback.ttf
04-27 11:24:33.308 E/Typeface( 1327): Error mapping font file /system/fonts/DroidSansFallback.ttf
04-27 11:24:37.721 W/art     ( 1324): Suspending all threads took: 79.100ms
04-27 11:24:38.141 I/art     ( 1327): Background concurrent mark sweep GC freed 21944(2MB) AllocSpace objects, 83(1496KB) LOS objects, 33% free, 2MB/4MB, paused 59.653ms total 464.349ms
04-27 11:24:38.216 I/art     ( 1324): Background concurrent mark sweep GC freed 21950(2MB) AllocSpace objects, 114(2MB) LOS objects, 33% free, 2MB/4MB, paused 82.189ms total 956.243ms
04-27 11:24:38.280 W/art     ( 1327): Suspending all threads took: 14.940ms
04-27 11:24:38.432 I/art     ( 1327): Background sticky concurrent mark sweep GC freed 612(1669KB) AllocSpace objects, 49(940KB) LOS objects, 65% free, 1519KB/4MB, paused 15.954ms total 231.679ms
04-27 11:24:38.622 I/art     ( 1327): Thread[1,tid=1327,Native,Thread*=0xe930b400,peer=0x12c060d0,"main"] recursive attempt to load library "/system/lib/libmedia_jni.so"
04-27 11:24:38.638 D/MtpDeviceJNI( 1327): register_android_mtp_MtpDevice
04-27 11:24:38.664 I/art     ( 1327): Thread[1,tid=1327,Native,Thread*=0xe930b400,peer=0x12c060d0,"main"] recursive attempt to load library "/system/lib/libmedia_jni.so"
04-27 11:24:38.666 I/art     ( 1327): Thread[1,tid=1327,Native,Thread*=0xe930b400,peer=0x12c060d0,"main"] recursive attempt to load library "/system/lib/libmedia_jni.so"
04-27 11:24:38.783 I/art     ( 1324): Thread[1,tid=1324,Native,Thread*=0x7db55c295a00,peer=0x12c060d0,"main"] recursive attempt to load library "/system/lib64/libmedia_jni.so"
04-27 11:24:38.791 D/MtpDeviceJNI( 1324): register_android_mtp_MtpDevice
04-27 11:24:38.863 I/art     ( 1324): Thread[1,tid=1324,Native,Thread*=0x7db55c295a00,peer=0x12c060d0,"main"] recursive attempt to load library "/system/lib64/libmedia_jni.so"
04-27 11:24:38.864 I/art     ( 1324): Thread[1,tid=1324,Native,Thread*=0x7db55c295a00,peer=0x12c060d0,"main"] recursive attempt to load library "/system/lib64/libmedia_jni.so"
04-27 11:24:41.588 W/Zygote  ( 1327): Class not found for preloading: android.view.Display$ColorTransform
04-27 11:24:41.589 W/Zygote  ( 1327): Class not found for preloading: android.view.Display$ColorTransform$1
04-27 11:24:41.613 W/Zygote  ( 1324): Class not found for preloading: android.view.Display$ColorTransform
04-27 11:24:41.613 W/Zygote  ( 1324): Class not found for preloading: android.view.Display$ColorTransform$1
04-27 11:24:41.905 I/art     ( 1324): Background sticky concurrent mark sweep GC freed 8213(2MB) AllocSpace objects, 15(260KB) LOS objects, 64% free, 1622KB/4MB, paused 391us total 173.605ms
04-27 11:24:45.205 I/System  ( 1324): Loaded time zone names for "" in 1314ms (1156ms in ICU)
04-27 11:24:45.743 I/System  ( 1324): Loaded time zone names for "en_US" in 536ms (532ms in ICU)
04-27 11:24:46.489 I/System  ( 1327): Loaded time zone names for "" in 1518ms (1472ms in ICU)
04-27 11:24:47.194 I/Zygote  ( 1324): ...preloaded 4158 classes in 19206ms.
04-27 11:24:47.195 I/art     ( 1324): VMRuntime.preloadDexCaches starting
04-27 11:24:47.266 I/System  ( 1327): Loaded time zone names for "en_US" in 733ms (729ms in ICU)
04-27 11:24:48.542 I/Zygote  ( 1327): ...preloaded 4158 classes in 20213ms.
04-27 11:24:48.544 I/art     ( 1327): VMRuntime.preloadDexCaches starting
04-27 11:24:49.059 I/art     ( 1324): VMRuntime.preloadDexCaches strings total=283712 before=39625 after=39625
04-27 11:24:49.060 I/art     ( 1324): VMRuntime.preloadDexCaches types total=23581 before=7877 after=7904
04-27 11:24:49.110 I/art     ( 1324): VMRuntime.preloadDexCaches fields total=112007 before=40903 after=41117
04-27 11:24:49.110 I/art     ( 1324): VMRuntime.preloadDexCaches methods total=197534 before=82457 after=83017
04-27 11:24:49.110 I/art     ( 1324): VMRuntime.preloadDexCaches finished
04-27 11:24:49.115 I/Zygote  ( 1324): Preloading resources...
04-27 11:24:50.387 I/art     ( 1327): VMRuntime.preloadDexCaches strings total=283712 before=39625 after=39625
04-27 11:24:50.387 I/art     ( 1327): VMRuntime.preloadDexCaches types total=23581 before=7877 after=7904
04-27 11:24:50.387 I/art     ( 1327): VMRuntime.preloadDexCaches fields total=112007 before=40903 after=41117
04-27 11:24:50.387 I/art     ( 1327): VMRuntime.preloadDexCaches methods total=197534 before=82457 after=83017
04-27 11:24:50.387 I/art     ( 1327): VMRuntime.preloadDexCaches finished
04-27 11:24:50.494 I/Zygote  ( 1327): Preloading resources...
04-27 11:24:50.661 W/Resources( 1324): Preloaded drawable resource #0x108025c (android:drawable/dialog_background_material) that varies with configuration!!
04-27 11:24:50.678 W/Resources( 1324): Preloaded drawable resource #0x1080298 (android:drawable/editbox_dropdown_background_dark) that varies with configuration!!
04-27 11:24:50.921 W/Resources( 1324): Preloaded color resource #0x10600e2 (android:color/material_grey_800) that varies with configuration!!
04-27 11:24:50.921 W/Resources( 1324): Preloaded drawable resource #0x10802c9 (android:drawable/floating_popup_background_dark) that varies with configuration!!
04-27 11:24:51.589 I/art     ( 1324): Background sticky concurrent mark sweep GC freed 17839(1136KB) AllocSpace objects, 0(0B) LOS objects, 18% free, 3MB/4MB, paused 1.336ms total 251.110ms
04-27 11:24:51.774 W/Resources( 1324): Preloaded drawable resource #0x108030b (android:drawable/ic_clear_disabled) that varies with configuration!!
04-27 11:24:51.777 W/Resources( 1324): Preloaded drawable resource #0x1080310 (android:drawable/ic_clear_normal) that varies with configuration!!
04-27 11:24:51.923 W/Resources( 1324): Preloaded drawable resource #0x1080359 (android:drawable/ic_go) that varies with configuration!!
04-27 11:24:52.043 W/Resources( 1324): Preloaded drawable resource #0x1080038 (android:drawable/ic_menu_close_clear_cancel) that varies with configuration!!
04-27 11:24:52.075 W/Resources( 1324): Preloaded drawable resource #0x1080045 (android:drawable/ic_menu_more) that varies with configuration!!
04-27 11:24:52.155 W/Resources( 1327): Preloaded drawable resource #0x108025c (android:drawable/dialog_background_material) that varies with configuration!!
04-27 11:24:52.159 W/Resources( 1327): Preloaded drawable resource #0x1080298 (android:drawable/editbox_dropdown_background_dark) that varies with configuration!!
04-27 11:24:52.419 W/Resources( 1327): Preloaded color resource #0x10600e2 (android:color/material_grey_800) that varies with configuration!!
04-27 11:24:52.419 W/Resources( 1327): Preloaded drawable resource #0x10802c9 (android:drawable/floating_popup_background_dark) that varies with configuration!!
04-27 11:24:52.497 I/art     ( 1324): Background concurrent mark sweep GC freed 3229(150KB) AllocSpace objects, 8(224KB) LOS objects, 49% free, 4MB/8MB, paused 326us total 364.350ms
04-27 11:24:52.712 W/Resources( 1324): Preloaded drawable resource #0x10804e8 (android:drawable/menu_background_fill_parent_width) that varies with configuration!!
04-27 11:24:53.052 I/art     ( 1327): Background concurrent mark sweep GC freed 27655(1756KB) AllocSpace objects, 1(20KB) LOS objects, 56% free, 3MB/7MB, paused 1.828ms total 338.149ms
04-27 11:24:53.453 W/Resources( 1327): Preloaded drawable resource #0x108030b (android:drawable/ic_clear_disabled) that varies with configuration!!
04-27 11:24:53.456 W/Resources( 1327): Preloaded drawable resource #0x1080310 (android:drawable/ic_clear_normal) that varies with configuration!!
04-27 11:24:53.720 W/Resources( 1327): Preloaded drawable resource #0x1080359 (android:drawable/ic_go) that varies with configuration!!
04-27 11:24:53.968 W/Resources( 1327): Preloaded drawable resource #0x1080038 (android:drawable/ic_menu_close_clear_cancel) that varies with configuration!!
04-27 11:24:54.114 W/Resources( 1327): Preloaded drawable resource #0x1080045 (android:drawable/ic_menu_more) that varies with configuration!!
04-27 11:24:54.273 W/Resources( 1324): Preloaded drawable resource #0x108077e (android:drawable/text_edit_paste_window) that varies with configuration!!
04-27 11:24:54.353 W/Resources( 1324): Preloaded drawable resource #0x1080096 (android:drawable/toast_frame) that varies with configuration!!
04-27 11:24:54.353 I/Zygote  ( 1324): ...preloaded 114 resources in 5238ms.
04-27 11:24:54.548 W/Resources( 1324): Preloaded color resource #0x106010b (android:color/background_cache_hint_selector_material_dark) that varies with configuration!!
04-27 11:24:54.582 W/Resources( 1324): Preloaded color resource #0x1060110 (android:color/btn_default_material_dark) that varies with configuration!!
04-27 11:24:54.635 W/Resources( 1327): Preloaded drawable resource #0x10804e8 (android:drawable/menu_background_fill_parent_width) that varies with configuration!!
04-27 11:24:54.664 I/Zygote  ( 1324): ...preloaded 41 resources in 236ms.
04-27 11:24:54.665 D/libEGL  ( 1324): Emulator without GPU support detected. Fallback to legacy software renderer, qemu.gles is set to 0.
04-27 11:24:54.755 D/libEGL  ( 1324): loaded /system/lib64/egl/libGLES_android.so
04-27 11:24:55.679 I/Zygote  ( 1324): Preloading shared libraries...
04-27 11:24:56.053 E/Hyphenator( 1324): error loading hyphenation /system/usr/hyphen-data/hyph-as.hyb
04-27 11:24:56.053 E/Hyphenator( 1324): java.io.FileNotFoundException: /system/usr/hyphen-data/hyph-as.hyb: open failed: ENOENT (No such file or directory)
04-27 11:24:56.053 E/Hyphenator( 1324): 	at libcore.io.IoBridge.open(IoBridge.java:455)
04-27 11:24:56.053 E/Hyphenator( 1324): 	at java.io.RandomAccessFile.<init>(RandomAccessFile.java:247)
04-27 11:24:56.053 E/Hyphenator( 1324): 	at android.text.Hyphenator.loadHyphenator(Hyphenator.java:118)
04-27 11:24:56.053 E/Hyphenator( 1324): 	at android.text.Hyphenator.init(Hyphenator.java:224)
04-27 11:24:56.053 E/Hyphenator( 1324): 	at com.android.internal.os.ZygoteInit.preloadTextResources(ZygoteInit.java:252)
04-27 11:24:56.053 E/Hyphenator( 1324): 	at com.android.internal.os.ZygoteInit.preload(ZygoteInit.java:206)
04-27 11:24:56.053 E/Hyphenator( 1324): 	at com.android.internal.os.ZygoteInit.main(ZygoteInit.java:743)
04-27 11:24:56.053 E/Hyphenator( 1324): Caused by: android.system.ErrnoException: open failed: ENOENT (No such file or directory)
04-27 11:24:56.053 E/Hyphenator( 1324): 	at libcore.io.Posix.open(Native Method)
04-27 11:24:56.053 E/Hyphenator( 1324): 	at libcore.io.BlockGuardOs.open(BlockGuardOs.java:187)
04-27 11:24:56.053 E/Hyphenator( 1324): 	at libcore.io.IoBridge.open(IoBridge.java:441)
04-27 11:24:56.053 E/Hyphenator( 1324): 	... 6 more
04-27 11:24:56.055 E/Hyphenator( 1324): error loading hyphenation /system/usr/hyphen-data/hyph-bn.hyb
04-27 11:24:56.055 E/Hyphenator( 1324): java.io.FileNotFoundException: /system/usr/hyphen-data/hyph-bn.hyb: open failed: ENOENT (No such file or directory)
04-27 11:24:56.055 E/Hyphenator( 1324): 	at libcore.io.IoBridge.open(IoBridge.java:455)
04-27 11:24:56.055 E/Hyphenator( 1324): 	at java.io.RandomAccessFile.<init>(RandomAccessFile.java:247)
04-27 11:24:56.055 E/Hyphenator( 1324): 	at android.text.Hyphenator.loadHyphenator(Hyphenator.java:118)
04-27 11:24:56.055 E/Hyphenator( 1324): 	at android.text.Hyphenator.init(Hyphenator.java:224)
04-27 11:24:56.055 E/Hyphenator( 1324): 	at com.android.internal.os.ZygoteInit.preloadTextResources(ZygoteInit.java:252)
04-27 11:24:56.055 E/Hyphenator( 1324): 	at com.android.internal.os.ZygoteInit.preload(ZygoteInit.java:206)
04-27 11:24:56.055 E/Hyphenator( 1324): 	at com.android.internal.os.ZygoteInit.main(ZygoteInit.java:743)
04-27 11:24:56.055 E/Hyphenator( 1324): Caused by: android.system.ErrnoException: open failed: ENOENT (No such file or directory)
04-27 11:24:56.055 E/Hyphenator( 1324): 	at libcore.io.Posix.open(Native Method)
04-27 11:24:56.055 E/Hyphenator( 1324): 	at libcore.io.BlockGuardOs.open(BlockGuardOs.java:187)
04-27 11:24:56.055 E/Hyphenator( 1324): 	at libcore.io.IoBridge.open(IoBridge.java:441)
04-27 11:24:56.055 E/Hyphenator( 1324): 	... 6 more
04-27 11:24:56.056 E/Hyphenator( 1324): error loading hyphenation /system/usr/hyphen-data/hyph-cy.hyb
04-27 11:24:56.056 E/Hyphenator( 1324): java.io.FileNotFoundException: /system/usr/hyphen-data/hyph-cy.hyb: open failed: ENOENT (No such file or directory)
04-27 11:24:56.056 E/Hyphenator( 1324): 	at libcore.io.IoBridge.open(IoBridge.java:455)
04-27 11:24:56.056 E/Hyphenator( 1324): 	at java.io.RandomAccessFile.<init>(RandomAccessFile.java:247)
04-27 11:24:56.056 E/Hyphenator( 1324): 	at android.text.Hyphenator.loadHyphenator(Hyphenator.java:118)
04-27 11:24:56.056 E/Hyphenator( 1324): 	at android.text.Hyphenator.init(Hyphenator.java:224)
04-27 11:24:56.056 E/Hyphenator( 1324): 	at com.android.internal.os.ZygoteInit.preloadTextResources(ZygoteInit.java:252)
04-27 11:24:56.056 E/Hyphenator( 1324): 	at com.android.internal.os.ZygoteInit.preload(ZygoteInit.java:206)
04-27 11:24:56.056 E/Hyphenator( 1324): 	at com.android.internal.os.ZygoteInit.main(ZygoteInit.java:743)
04-27 11:24:56.056 E/Hyphenator( 1324): Caused by: android.system.ErrnoException: open failed: ENOENT (No such file or directory)
04-27 11:24:56.056 E/Hyphenator( 1324): 	at libcore.io.Posix.open(Native Method)
04-27 11:24:56.056 E/Hyphenator( 1324): 	at libcore.io.BlockGuardOs.open(BlockGuardOs.java:187)
04-27 11:24:56.056 E/Hyphenator( 1324): 	at libcore.io.IoBridge.open(IoBridge.java:441)
04-27 11:24:56.056 E/Hyphenator( 1324): 	... 6 more
04-27 11:24:56.058 E/Hyphenator( 1324): error loading hyphenation /system/usr/hyphen-data/hyph-da.hyb
04-27 11:24:56.058 E/Hyphenator( 1324): java.io.FileNotFoundException: /system/usr/hyphen-data/hyph-da.hyb: open failed: ENOENT (No such file or directory)
04-27 11:24:56.058 E/Hyphenator( 1324): 	at libcore.io.IoBridge.open(IoBridge.java:455)
04-27 11:24:56.058 E/Hyphenator( 1324): 	at java.io.RandomAccessFile.<init>(RandomAccessFile.java:247)
04-27 11:24:56.058 E/Hyphenator( 1324): 	at android.text.Hyphenator.loadHyphenator(Hyphenator.java:118)
04-27 11:24:56.058 E/Hyphenator( 1324): 	at android.text.Hyphenator.init(Hyphenator.java:224)
04-27 11:24:56.058 E/Hyphenator( 1324): 	at com.android.internal.os.ZygoteInit.preloadTextResources(ZygoteInit.java:252)
04-27 11:24:56.058 E/Hyphenator( 1324): 	at com.android.internal.os.ZygoteInit.preload(ZygoteInit.java:206)
04-27 11:24:56.058 E/Hyphenator( 1324): 	at com.android.internal.os.ZygoteInit.main(ZygoteInit.java:743)
04-27 11:24:56.058 E/Hyphenator( 1324): Caused by: android.system.ErrnoException: open failed: ENOENT (No such file or directory)
04-27 11:24:56.058 E/Hyphenator( 1324): 	at libcore.io.Posix.open(Native Method)
04-27 11:24:56.058 E/Hyphenator( 1324): 	at libcore.io.BlockGuardOs.open(BlockGuardOs.java:187)
04-27 11:24:56.058 E/Hyphenator( 1324): 	at libcore.io.IoBridge.open(IoBridge.java:441)
04-27 11:24:56.058 E/Hyphenator( 1324): 	... 6 more
04-27 11:24:56.059 E/Hyphenator( 1324): error loading hyphenation /system/usr/hyphen-data/hyph-de-1901.hyb
04-27 11:24:56.059 E/Hyphenator( 1324): java.io.FileNotFoundException: /system/usr/hyphen-data/hyph-de-1901.hyb: open failed: ENOENT (No such file or directory)
04-27 11:24:56.059 E/Hyphenator( 1324): 	at libcore.io.IoBridge.open(IoBridge.java:455)
04-27 11:24:56.059 E/Hyphenator( 1324): 	at java.io.RandomAccessFile.<init>(RandomAccessFile.java:247)
04-27 11:24:56.059 E/Hyphenator( 1324): 	at android.text.Hyphenator.loadHyphenator(Hyphenator.java:118)
04-27 11:24:56.059 E/Hyphenator( 1324): 	at android.text.Hyphenator.init(Hyphenator.java:224)
04-27 11:24:56.059 E/Hyphenator( 1324): 	at com.android.internal.os.ZygoteInit.preloadTextResources(ZygoteInit.java:252)
04-27 11:24:56.059 E/Hyphenator( 1324): 	at com.android.internal.os.ZygoteInit.preload(ZygoteInit.java:206)
04-27 11:24:56.059 E/Hyphenator( 1324): 	at com.android.internal.os.ZygoteInit.main(ZygoteInit.java:743)
04-27 11:24:56.059 E/Hyphenator( 1324): Caused by: android.system.ErrnoException: open failed: ENOENT (No such file or directory)
04-27 11:24:56.059 E/Hyphenator( 1324): 	at libcore.io.Posix.open(Native Method)
04-27 11:24:56.059 E/Hyphenator( 1324): 	at libcore.io.BlockGuardOs.open(BlockGuardOs.java:187)
04-27 11:24:56.059 E/Hyphenator( 1324): 	at libcore.io.IoBridge.open(IoBridge.java:441)
04-27 11:24:56.059 E/Hyphenator( 1324): 	... 6 more
04-27 11:24:56.191 E/Hyphenator( 1324): error loading hyphenation /system/usr/hyphen-data/hyph-de-1996.hyb
04-27 11:24:56.191 E/Hyphenator( 1324): java.io.FileNotFoundException: /system/usr/hyphen-data/hyph-de-1996.hyb: open failed: ENOENT (No such file or directory)
04-27 11:24:56.191 E/Hyphenator( 1324): 	at libcore.io.IoBridge.open(IoBridge.java:455)
04-27 11:24:56.191 E/Hyphenator( 1324): 	at java.io.RandomAccessFile.<init>(RandomAccessFile.java:247)
04-27 11:24:56.191 E/Hyphenator( 1324): 	at android.text.Hyphenator.loadHyphenator(Hyphenator.java:118)
04-27 11:24:56.191 E/Hyphenator( 1324): 	at android.text.Hyphenator.init(Hyphenator.java:224)
04-27 11:24:56.191 E/Hyphenator( 1324): 	at com.android.internal.os.ZygoteInit.preloadTextResources(ZygoteInit.java:252)
04-27 11:24:56.191 E/Hyphenator( 1324): 	at com.android.internal.os.ZygoteInit.preload(ZygoteInit.java:206)
04-27 11:24:56.191 E/Hyphenator( 1324): 	at com.android.internal.os.ZygoteInit.main(ZygoteInit.java:743)
04-27 11:24:56.191 E/Hyphenator( 1324): Caused by: android.system.ErrnoException: open failed: ENOENT (No such file or directory)
04-27 11:24:56.191 E/Hyphenator( 1324): 	at libcore.io.Posix.open(Native Method)
04-27 11:24:56.191 E/Hyphenator( 1324): 	at libcore.io.BlockGuardOs.open(BlockGuardOs.java:187)
04-27 11:24:56.191 E/Hyphenator( 1324): 	at libcore.io.IoBridge.open(IoBridge.java:441)
04-27 11:24:56.191 E/Hyphenator( 1324): 	... 6 more
04-27 11:24:56.193 E/Hyphenator( 1324): error loading hyphenation /system/usr/hyphen-data/hyph-de-ch-1901.hyb
04-27 11:24:56.193 E/Hyphenator( 1324): java.io.FileNotFoundException: /system/usr/hyphen-data/hyph-de-ch-1901.hyb: open failed: ENOENT (No such file or directory)
04-27 11:24:56.193 E/Hyphenator( 1324): 	at libcore.io.IoBridge.open(IoBridge.java:455)
04-27 11:24:56.193 E/Hyphenator( 1324): 	at java.io.RandomAccessFile.<init>(RandomAccessFile.java:247)
04-27 11:24:56.193 E/Hyphenator( 1324): 	at android.text.Hyphenator.loadHyphenator(Hyphenator.java:118)
04-27 11:24:56.193 E/Hyphenator( 1324): 	at android.text.Hyphenator.init(Hyphenator.java:224)
04-27 11:24:56.193 E/Hyphenator( 1324): 	at com.android.internal.os.ZygoteInit.preloadTextResources(ZygoteInit.java:252)
04-27 11:24:56.193 E/Hyphenator( 1324): 	at com.android.internal.os.ZygoteInit.preload(ZygoteInit.java:206)
04-27 11:24:56.193 E/Hyphenator( 1324): 	at com.android.internal.os.ZygoteInit.main(ZygoteInit.java:743)
04-27 11:24:56.193 E/Hyphenator( 1324): Caused by: android.system.ErrnoException: open failed: ENOENT (No such file or directory)
04-27 11:24:56.193 E/Hyphenator( 1324): 	at libcore.io.Posix.open(Native Method)
04-27 11:24:56.193 E/Hyphenator( 1324): 	at libcore.io.BlockGuardOs.open(BlockGuardOs.java:187)
04-27 11:24:56.193 E/Hyphenator( 1324): 	at libcore.io.IoBridge.open(IoBridge.java:441)
04-27 11:24:56.193 E/Hyphenator( 1324): 	... 6 more
04-27 11:24:56.195 E/Hyphenator( 1324): error loading hyphenation /system/usr/hyphen-data/hyph-en-gb.hyb
04-27 11:24:56.195 E/Hyphenator( 1324): java.io.FileNotFoundException: /system/usr/hyphen-data/hyph-en-gb.hyb: open failed: ENOENT (No such file or directory)
04-27 11:24:56.195 E/Hyphenator( 1324): 	at libcore.io.IoBridge.open(IoBridge.java:455)
04-27 11:24:56.195 E/Hyphenator( 1324): 	at java.io.RandomAccessFile.<init>(RandomAccessFile.java:247)
04-27 11:24:56.195 E/Hyphenator( 1324): 	at android.text.Hyphenator.loadHyphenator(Hyphenator.java:118)
04-27 11:24:56.195 E/Hyphenator( 1324): 	at android.text.Hyphenator.init(Hyphenator.java:224)
04-27 11:24:56.195 E/Hyphenator( 1324): 	at com.android.internal.os.ZygoteInit.preloadTextResources(ZygoteInit.java:252)
04-27 11:24:56.195 E/Hyphenator( 1324): 	at com.android.internal.os.ZygoteInit.preload(ZygoteInit.java:206)
04-27 11:24:56.195 E/Hyphenator( 1324): 	at com.android.internal.os.ZygoteInit.main(ZygoteInit.java:743)
04-27 11:24:56.195 E/Hyphenator( 1324): Caused by: android.system.ErrnoException: open failed: ENOENT (No such file or directory)
04-27 11:24:56.195 E/Hyphenator( 1324): 	at libcore.io.Posix.open(Native Method)
04-27 11:24:56.195 E/Hyphenator( 1324): 	at libcore.io.BlockGuardOs.open(BlockGuardOs.java:187)
04-27 11:24:56.195 E/Hyphenator( 1324): 	at libcore.io.IoBridge.open(IoBridge.java:441)
04-27 11:24:56.195 E/Hyphenator( 1324): 	... 6 more
04-27 11:24:56.196 E/Hyphenator( 1324): error loading hyphenation /system/usr/hyphen-data/hyph-en-us.hyb
04-27 11:24:56.196 E/Hyphenator( 1324): java.io.FileNotFoundException: /system/usr/hyphen-data/hyph-en-us.hyb: open failed: ENOENT (No such file or directory)
04-27 11:24:56.196 E/Hyphenator( 1324): 	at libcore.io.IoBridge.open(IoBridge.java:455)
04-27 11:24:56.196 E/Hyphenator( 1324): 	at java.io.RandomAccessFile.<init>(RandomAccessFile.java:247)
04-27 11:24:56.196 E/Hyphenator( 1324): 	at android.text.Hyphenator.loadHyphenator(Hyphenator.java:118)
04-27 11:24:56.196 E/Hyphenator( 1324): 	at android.text.Hyphenator.init(Hyphenator.java:224)
04-27 11:24:56.196 E/Hyphenator( 1324): 	at com.android.internal.os.ZygoteInit.preloadTextResources(ZygoteInit.java:252)
04-27 11:24:56.196 E/Hyphenator( 1324): 	at com.android.internal.os.ZygoteInit.preload(ZygoteInit.java:206)
04-27 11:24:56.196 E/Hyphenator( 1324): 	at com.android.internal.os.ZygoteInit.main(ZygoteInit.java:743)
04-27 11:24:56.196 E/Hyphenator( 1324): Caused by: android.system.ErrnoException: open failed: ENOENT (No such file or directory)
04-27 11:24:56.196 E/Hyphenator( 1324): 	at libcore.io.Posix.open(Native Method)
04-27 11:24:56.196 E/Hyphenator( 1324): 	at libcore.io.BlockGuardOs.open(BlockGuardOs.java:187)
04-27 11:24:56.196 E/Hyphenator( 1324): 	at libcore.io.IoBridge.open(IoBridge.java:441)
04-27 11:24:56.196 E/Hyphenator( 1324): 	... 6 more
04-27 11:24:56.197 E/Hyphenator( 1324): error loading hyphenation /system/usr/hyphen-data/hyph-es.hyb
04-27 11:24:56.197 E/Hyphenator( 1324): java.io.FileNotFoundException: /system/usr/hyphen-data/hyph-es.hyb: open failed: ENOENT (No such file or directory)
04-27 11:24:56.197 E/Hyphenator( 1324): 	at libcore.io.IoBridge.open(IoBridge.java:455)
04-27 11:24:56.197 E/Hyphenator( 1324): 	at java.io.RandomAccessFile.<init>(RandomAccessFile.java:247)
04-27 11:24:56.197 E/Hyphenator( 1324): 	at android.text.Hyphenator.loadHyphenator(Hyphenator.java:118)
04-27 11:24:56.197 E/Hyphenator( 1324): 	at android.text.Hyphenator.init(Hyphenator.java:224)
04-27 11:24:56.197 E/Hyphenator( 1324): 	at com.android.internal.os.ZygoteInit.preloadTextResources(ZygoteInit.java:252)
04-27 11:24:56.197 E/Hyphenator( 1324): 	at com.android.internal.os.ZygoteInit.preload(ZygoteInit.java:206)
04-27 11:24:56.197 E/Hyphenator( 1324): 	at com.android.internal.os.ZygoteInit.main(ZygoteInit.java:743)
04-27 11:24:56.197 E/Hyphenator( 1324): Caused by: android.system.ErrnoException: open failed: ENOENT (No such file or directory)
04-27 11:24:56.197 E/Hyphenator( 1324): 	at libcore.io.Posix.open(Native Method)
04-27 11:24:56.197 E/Hyphenator( 1324): 	at libcore.io.BlockGuardOs.open(BlockGuardOs.java:187)
04-27 11:24:56.197 E/Hyphenator( 1324): 	at libcore.io.IoBridge.open(IoBridge.java:441)
04-27 11:24:56.197 E/Hyphenator( 1324): 	... 6 more
04-27 11:24:56.198 E/Hyphenator( 1324): error loading hyphenation /system/usr/hyphen-data/hyph-et.hyb
04-27 11:24:56.198 E/Hyphenator( 1324): java.io.FileNotFoundException: /system/usr/hyphen-data/hyph-et.hyb: open failed: ENOENT (No such file or directory)
04-27 11:24:56.198 E/Hyphenator( 1324): 	at libcore.io.IoBridge.open(IoBridge.java:455)
04-27 11:24:56.198 E/Hyphenator( 1324): 	at java.io.RandomAccessFile.<init>(RandomAccessFile.java:247)
04-27 11:24:56.198 E/Hyphenator( 1324): 	at android.text.Hyphenator.loadHyphenator(Hyphenator.java:118)
04-27 11:24:56.198 E/Hyphenator( 1324): 	at android.text.Hyphenator.init(Hyphenator.java:224)
04-27 11:24:56.198 E/Hyphenator( 1324): 	at com.android.internal.os.ZygoteInit.preloadTextResources(ZygoteInit.java:252)
04-27 11:24:56.198 E/Hyphenator( 1324): 	at com.android.internal.os.ZygoteInit.preload(ZygoteInit.java:206)
04-27 11:24:56.198 E/Hyphenator( 1324): 	at com.android.internal.os.ZygoteInit.main(ZygoteInit.java:743)
04-27 11:24:56.198 E/Hyphenator( 1324): Caused by: android.system.ErrnoException: open failed: ENOENT (No such file or directory)
04-27 11:24:56.198 E/Hyphenator( 1324): 	at libcore.io.Posix.open(Native Method)
04-27 11:24:56.198 E/Hyphenator( 1324): 	at libcore.io.BlockGuardOs.open(BlockGuardOs.java:187)
04-27 11:24:56.198 E/Hyphenator( 1324): 	at libcore.io.IoBridge.open(IoBridge.java:441)
04-27 11:24:56.198 E/Hyphenator( 1324): 	... 6 more
04-27 11:24:56.270 E/Hyphenator( 1324): error loading hyphenation /system/usr/hyphen-data/hyph-eu.hyb
04-27 11:24:56.270 E/Hyphenator( 1324): java.io.FileNotFoundException: /system/usr/hyphen-data/hyph-eu.hyb: open failed: ENOENT (No such file or directory)
04-27 11:24:56.270 E/Hyphenator( 1324): 	at libcore.io.IoBridge.open(IoBridge.java:455)
04-27 11:24:56.270 E/Hyphenator( 1324): 	at java.io.RandomAccessFile.<init>(RandomAccessFile.java:247)
04-27 11:24:56.270 E/Hyphenator( 1324): 	at android.text.Hyphenator.loadHyphenator(Hyphenator.java:118)
04-27 11:24:56.270 E/Hyphenator( 1324): 	at android.text.Hyphenator.init(Hyphenator.java:224)
04-27 11:24:56.270 E/Hyphenator( 1324): 	at com.android.internal.os.ZygoteInit.preloadTextResources(ZygoteInit.java:252)
04-27 11:24:56.270 E/Hyphenator( 1324): 	at com.android.internal.os.ZygoteInit.preload(ZygoteInit.java:206)
04-27 11:24:56.270 E/Hyphenator( 1324): 	at com.android.internal.os.ZygoteInit.main(ZygoteInit.java:743)
04-27 11:24:56.270 E/Hyphenator( 1324): Caused by: android.system.ErrnoException: open failed: ENOENT (No such file or directory)
04-27 11:24:56.270 E/Hyphenator( 1324): 	at libcore.io.Posix.open(Native Method)
04-27 11:24:56.270 E/Hyphenator( 1324): 	at libcore.io.BlockGuardOs.open(BlockGuardOs.java:187)
04-27 11:24:56.270 E/Hyphenator( 1324): 	at libcore.io.IoBridge.open(IoBridge.java:441)
04-27 11:24:56.270 E/Hyphenator( 1324): 	... 6 more
04-27 11:24:56.273 E/Hyphenator( 1324): error loading hyphenation /system/usr/hyphen-data/hyph-fr.hyb
04-27 11:24:56.273 E/Hyphenator( 1324): java.io.FileNotFoundException: /system/usr/hyphen-data/hyph-fr.hyb: open failed: ENOENT (No such file or directory)
04-27 11:24:56.273 E/Hyphenator( 1324): 	at libcore.io.IoBridge.open(IoBridge.java:455)
04-27 11:24:56.273 E/Hyphenator( 1324): 	at java.io.RandomAccessFile.<init>(RandomAccessFile.java:247)
04-27 11:24:56.273 E/Hyphenator( 1324): 	at android.text.Hyphenator.loadHyphenator(Hyphenator.java:118)
04-27 11:24:56.273 E/Hyphenator( 1324): 	at android.text.Hyphenator.init(Hyphenator.java:224)
04-27 11:24:56.273 E/Hyphenator( 1324): 	at com.android.internal.os.ZygoteInit.preloadTextResources(ZygoteInit.java:252)
04-27 11:24:56.273 E/Hyphenator( 1324): 	at com.android.internal.os.ZygoteInit.preload(ZygoteInit.java:206)
04-27 11:24:56.273 E/Hyphenator( 1324): 	at com.android.internal.os.ZygoteInit.main(ZygoteInit.java:743)
04-27 11:24:56.273 E/Hyphenator( 1324): Caused by: android.system.ErrnoException: open failed: ENOENT (No such file or directory)
04-27 11:24:56.273 E/Hyphenator( 1324): 	at libcore.io.Posix.open(Native Method)
04-27 11:24:56.273 E/Hyphenator( 1324): 	at libcore.io.BlockGuardOs.open(BlockGuardOs.java:187)
04-27 11:24:56.273 E/Hyphenator( 1324): 	at libcore.io.IoBridge.open(IoBridge.java:441)
04-27 11:24:56.273 E/Hyphenator( 1324): 	... 6 more
04-27 11:24:56.274 E/Hyphenator( 1324): error loading hyphenation /system/usr/hyphen-data/hyph-ga.hyb
04-27 11:24:56.274 E/Hyphenator( 1324): java.io.FileNotFoundException: /system/usr/hyphen-data/hyph-ga.hyb: open failed: ENOENT (No such file or directory)
04-27 11:24:56.274 E/Hyphenator( 1324): 	at libcore.io.IoBridge.open(IoBridge.java:455)
04-27 11:24:56.274 E/Hyphenator( 1324): 	at java.io.RandomAccessFile.<init>(RandomAccessFile.java:247)
04-27 11:24:56.274 E/Hyphenator( 1324): 	at android.text.Hyphenator.loadHyphenator(Hyphenator.java:118)
04-27 11:24:56.274 E/Hyphenator( 1324): 	at android.text.Hyphenator.init(Hyphenator.java:224)
04-27 11:24:56.274 E/Hyphenator( 1324): 	at com.android.internal.os.ZygoteInit.preloadTextResources(ZygoteInit.java:252)
04-27 11:24:56.274 E/Hyphenator( 1324): 	at com.android.internal.os.ZygoteInit.preload(ZygoteInit.java:206)
04-27 11:24:56.274 E/Hyphenator( 1324): 	at com.android.internal.os.ZygoteInit.main(ZygoteInit.java:743)
04-27 11:24:56.274 E/Hyphenator( 1324): Caused by: android.system.ErrnoException: open failed: ENOENT (No such file or directory)
04-27 11:24:56.274 E/Hyphenator( 1324): 	at libcore.io.Posix.open(Native Method)
04-27 11:24:56.274 E/Hyphenator( 1324): 	at libcore.io.BlockGuardOs.open(BlockGuardOs.java:187)
04-27 11:24:56.274 E/Hyphenator( 1324): 	at libcore.io.IoBridge.open(IoBridge.java:441)
04-27 11:24:56.274 E/Hyphenator( 1324): 	... 6 more
04-27 11:24:56.276 E/Hyphenator( 1324): error loading hyphenation /system/usr/hyphen-data/hyph-gu.hyb
04-27 11:24:56.276 E/Hyphenator( 1324): java.io.FileNotFoundException: /system/usr/hyphen-data/hyph-gu.hyb: open failed: ENOENT (No such file or directory)
04-27 11:24:56.276 E/Hyphenator( 1324): 	at libcore.io.IoBridge.open(IoBridge.java:455)
04-27 11:24:56.276 E/Hyphenator( 1324): 	at java.io.RandomAccessFile.<init>(RandomAccessFile.java:247)
04-27 11:24:56.276 E/Hyphenator( 1324): 	at android.text.Hyphenator.loadHyphenator(Hyphenator.java:118)
04-27 11:24:56.276 E/Hyphenator( 1324): 	at android.text.Hyphenator.init(Hyphenator.java:224)
04-27 11:24:56.276 E/Hyphenator( 1324): 	at com.android.internal.os.ZygoteInit.preloadTextResources(ZygoteInit.java:252)
04-27 11:24:56.276 E/Hyphenator( 1324): 	at com.android.internal.os.ZygoteInit.preload(ZygoteInit.java:206)
04-27 11:24:56.276 E/Hyphenator( 1324): 	at com.android.internal.os.ZygoteInit.main(ZygoteInit.java:743)
04-27 11:24:56.276 E/Hyphenator( 1324): Caused by: android.system.ErrnoException: open failed: ENOENT (No such file or directory)
04-27 11:24:56.276 E/Hyphenator( 1324): 	at libcore.io.Posix.open(Native Method)
04-27 11:24:56.276 E/Hyphenator( 1324): 	at libcore.io.BlockGuardOs.open(BlockGuardOs.java:187)
04-27 11:24:56.276 E/Hyphenator( 1324): 	at libcore.io.IoBridge.open(IoBridge.java:441)
04-27 11:24:56.276 E/Hyphenator( 1324): 	... 6 more
04-27 11:24:56.277 E/Hyphenator( 1324): error loading hyphenation /system/usr/hyphen-data/hyph-hi.hyb
04-27 11:24:56.277 E/Hyphenator( 1324): java.io.FileNotFoundException: /system/usr/hyphen-data/hyph-hi.hyb: open failed: ENOENT (No such file or directory)
04-27 11:24:56.277 E/Hyphenator( 1324): 	at libcore.io.IoBridge.open(IoBridge.java:455)
04-27 11:24:56.277 E/Hyphenator( 1324): 	at java.io.RandomAccessFile.<init>(RandomAccessFile.java:247)
04-27 11:24:56.277 E/Hyphenator( 1324): 	at android.text.Hyphenator.loadHyphenator(Hyphenator.java:118)
04-27 11:24:56.277 E/Hyphenator( 1324): 	at android.text.Hyphenator.init(Hyphenator.java:224)
04-27 11:24:56.277 E/Hyphenator( 1324): 	at com.android.internal.os.ZygoteInit.preloadTextResources(ZygoteInit.java:252)
