06-08 17:25:30.344 I/ContactLocale( 3090): AddressBook Labels [[en_US]]: [â€¦, A, B, C, D, E, F, G, H, I, J, K, L, M, N, O, P, Q, R, S, T, U, V, W, X, Y, Z, Î‘, Î’, Î“, Î”, Î•, Î–, Î—, Î˜, Î™, Îš, Î›, Îœ, Î, Îž, ÎŸ, Î , Î¡, Î£, Î¤, Î¥, Î¦, Î§, Î¨, Î©, â€¦, Ð, Ð‘, Ð’, Ð“, Ð”, Ð‚, Ð•, Ð„, Ð–, Ð—, Ð˜, Ð†, Ð™, Ðˆ, Ðš, Ð›, Ð‰, Ðœ, Ð, ÐŠ, Ðž, ÐŸ, Ð , Ð¡, Ð¢, Ð‹, Ð£, Ð¤, Ð¥, Ð¦, Ð§, Ð, Ð¨, Ð©, Ð®, Ð¯, â€¦, ×, ×‘, ×’, ×“, ×”, ×•, ×–, ×—, ×˜, ×™, ×›, ×œ, ×ž, × , ×¡, ×¢, ×¤, ×¦, ×§, ×¨, ×©, ×ª, â€¦, Ø§, Ø¨, Øª, Ø«, Ø¬, Ø­, Ø®, Ø¯, Ø°, Ø±, Ø², Ø³, Ø´, Øµ, Ø¶, Ø·, Ø¸, Ø¹, Øº, Ù, Ù‚, Ùƒ, Ù„, Ù…, Ù†, Ù‡, Ùˆ, ÙŠ, â€¦, à¸, à¸‚, à¸ƒ, à¸„, à¸…, à¸†, à¸‡, à¸ˆ, à¸‰, à¸Š, à¸‹, à¸Œ, à¸, à¸Ž, à¸, à¸, à¸‘, à¸’, à¸“, à¸”, à¸•, à¸–, à¸—, à¸˜, à¸™, à¸š, à¸›, à¸œ, à¸, à¸ž, à¸Ÿ, à¸ , à¸¡, à¸¢, à¸£, à¸¤, à¸¥, à¸¦, à¸§, à¸¨, à¸©, à¸ª, à¸«, à¸¬, à¸­, à¸®, â€¦, ã„±, ã„´, ã„·, ã„¹, ã…, ã…‚, ã……, ã…‡, ã…ˆ, ã…Š, ã…‹, ã…Œ, ã…, ã…Ž, â€¦, ã‚, ã‹, ã•, ãŸ, ãª, ã¯, ã¾, ã‚„, ã‚‰, ã‚, #, â€¦]
06-08 17:25:30.480 D/AlarmScheduler( 3112): No events found starting within 1 week.
06-08 17:25:31.074 W/ActivityManager( 2152): Unable to start service Intent { act=com.android.email.EXCHANGE_INTENT pkg=com.android.exchange } U=0: not found
06-08 17:25:31.253 D/ActivityThread( 3151): Loading provider com.android.email.provider;com.android.email.notifier: com.android.email.provider.EmailProvider
06-08 17:25:31.268 W/ActivityManager( 2152): Unable to start service Intent { act=com.android.email.EXCHANGE_INTENT pkg=com.android.exchange } U=0: not found
06-08 17:25:31.334 I/CalendarProvider2( 3163): Sending notification intent: Intent { act=android.intent.action.PROVIDER_CHANGED dat=content://com.android.calendar flg=0x20000000 }
06-08 17:25:31.335 W/ContentResolver( 3163): Failed to get type for: content://com.android.calendar (Unknown URL content://com.android.calendar)
06-08 17:25:31.474 W/ActivityManager( 2152): Unable to start service Intent { act=com.android.email.EXCHANGE_INTENT pkg=com.android.exchange } U=0: not found
06-08 17:25:31.486 W/ActivityManager( 2152): Unable to start service Intent { cmp=com.android.email/.service.AttachmentService } U=0: not found
06-08 17:25:31.546 W/ActivityManager( 2152): Unable to start service Intent { cmp=com.android.email/.service.AttachmentService } U=0: not found
06-08 17:25:31.562 I/Email   ( 3151): Observing account changes for notifications
06-08 17:25:31.586 W/ActivityManager( 2152): Unable to start service Intent { act=com.android.email.EXCHANGE_INTENT pkg=com.android.exchange } U=0: not found
06-08 17:25:31.598 I/SystemBroadcastReceiver( 2373): Boot has been completed
06-08 17:25:31.598 I/SystemBroadcastReceiver( 2373): toggleAppIcon() : FLAG_SYSTEM = true
06-08 17:25:31.724 I/art     ( 2152): Background partial concurrent mark sweep GC freed 10115(936KB) AllocSpace objects, 15(728KB) LOS objects, 29% free, 9MB/13MB, paused 2.781ms total 119.540ms
06-08 17:25:31.788 W/ActivityManager( 2152): Slow operation: 57ms so far, now at startProcess: returned from zygote!
06-08 17:25:31.788 W/ActivityManager( 2152): Slow operation: 57ms so far, now at startProcess: done updating battery stats
06-08 17:25:31.789 W/ActivityManager( 2152): Slow operation: 58ms so far, now at startProcess: building log message
06-08 17:25:31.789 I/ActivityManager( 2152): Start proc 3189:com.android.managedprovisioning/u0a14 for broadcast com.android.managedprovisioning/.BootReminder
06-08 17:25:31.789 W/ActivityManager( 2152): Slow operation: 58ms so far, now at startProcess: starting to update pids map
06-08 17:25:31.789 W/ActivityManager( 2152): Slow operation: 58ms so far, now at startProcess: done updating pids map
06-08 17:25:31.789 W/ActivityManager( 2152): Slow operation: 58ms so far, now at startProcess: done starting proc!
06-08 17:25:31.783 W/art     ( 3189): Unexpected CPU variant for X86 using defaults: x86_64
06-08 17:25:31.876 W/ActivityManager( 2152): Unable to start service Intent { act=com.android.email.EXCHANGE_INTENT pkg=com.android.exchange } U=0: not found
06-08 17:25:31.885 W/ActivityManager( 2152): Unable to start service Intent { act=com.android.email.EXCHANGE_INTENT pkg=com.android.exchange } U=0: not found
06-08 17:25:31.915 E/ActivityThread( 3151): Service com.android.email.service.EmailBroadcastProcessorService has leaked ServiceConnection com.android.emailcommon.service.ServiceProxy$ProxyConnection@5360123 that was originally bound here
06-08 17:25:31.915 E/ActivityThread( 3151): android.app.ServiceConnectionLeaked: Service com.android.email.service.EmailBroadcastProcessorService has leaked ServiceConnection com.android.emailcommon.service.ServiceProxy$ProxyConnection@5360123 that was originally bound here
06-08 17:25:31.915 E/ActivityThread( 3151): 	at android.app.LoadedApk$ServiceDispatcher.<init>(LoadedApk.java:1336)
06-08 17:25:31.915 E/ActivityThread( 3151): 	at android.app.LoadedApk.getServiceDispatcher(LoadedApk.java:1231)
06-08 17:25:31.915 E/ActivityThread( 3151): 	at android.app.ContextImpl.bindServiceCommon(ContextImpl.java:1450)
06-08 17:25:31.915 E/ActivityThread( 3151): 	at android.app.ContextImpl.bindService(ContextImpl.java:1422)
06-08 17:25:31.915 E/ActivityThread( 3151): 	at android.content.ContextWrapper.bindService(ContextWrapper.java:636)
06-08 17:25:31.915 E/ActivityThread( 3151): 	at com.android.emailcommon.service.ServiceProxy.setTask(ServiceProxy.java:181)
06-08 17:25:31.915 E/ActivityThread( 3151): 	at com.android.emailcommon.service.ServiceProxy.test(ServiceProxy.java:224)
06-08 17:25:31.915 E/ActivityThread( 3151): 	at com.android.email.service.EmailServiceUtils.isServiceAvailable(EmailServiceUtils.java:160)
06-08 17:25:31.915 E/ActivityThread( 3151): 	at com.android.email.provider.AccountReconciler.reconcileAccountsInternal(AccountReconciler.java:171)
06-08 17:25:31.915 E/ActivityThread( 3151): 	at com.android.email.provider.AccountReconciler.reconcileAccounts(AccountReconciler.java:115)
06-08 17:25:31.915 E/ActivityThread( 3151): 	at com.android.email.service.EmailBroadcastProcessorService.reconcileAndStartServices(EmailBroadcastProcessorService.java:305)
06-08 17:25:31.915 E/ActivityThread( 3151): 	at com.android.email.service.EmailBroadcastProcessorService.onBootCompleted(EmailBroadcastProcessorService.java:295)
06-08 17:25:31.915 E/ActivityThread( 3151): 	at com.android.email.service.EmailBroadcastProcessorService.onHandleIntent(EmailBroadcastProcessorService.java:130)
06-08 17:25:31.915 E/ActivityThread( 3151): 	at android.app.IntentService$ServiceHandler.handleMessage(IntentService.java:68)
06-08 17:25:31.915 E/ActivityThread( 3151): 	at android.os.Handler.dispatchMessage(Handler.java:102)
06-08 17:25:31.915 E/ActivityThread( 3151): 	at android.os.Looper.loop(Looper.java:154)
06-08 17:25:31.915 E/ActivityThread( 3151): 	at android.os.HandlerThread.run(HandlerThread.java:61)
06-08 17:25:31.916 W/ActivityManager( 2152): Unbind failed: could not find connection for android.os.BinderProxy@82fcee1
06-08 17:25:31.931 W/System  ( 3189): ClassLoader referenced unknown path: /system/priv-app/ManagedProvisioning/lib/x86_64
06-08 17:25:32.024 W/art     ( 3205): Unexpected CPU variant for X86 using defaults: x86_64
06-08 17:25:32.035 I/ActivityManager( 2152): Start proc 3205:com.android.messaging/u0a54 for broadcast com.android.messaging/.receiver.BootAndPackageReplacedReceiver
06-08 17:25:32.129 W/System  ( 3205): ClassLoader referenced unknown path: /system/app/messaging/lib/x86_64
06-08 17:25:33.413 I/MessagingApp( 3205): Carrier config changed. Reloading MMS config.
06-08 17:25:33.454 V/VvmBootCompletedRcvr( 2590): processing subId list
06-08 17:25:33.487 E/VvmBootCompletedRcvr( 2590): phone account ComponentInfo{com.android.phone/com.android.services.telephony.TelephonyConnectionService}, [e2f7d48dd2b5ca523e7313cf4ba0f6ea830b6281], UserHandle{0} has invalid subId -1
06-08 17:25:33.525 I/MessagingAppDataModel( 3205): Fixup: Send failed - 0 Download failed - 0
06-08 17:25:33.991 I/VvmSimChangeReceiver( 2590): Received SIM change for invalid subscription id.
06-08 17:25:34.008 I/MessagingAppDataModel( 3205): SyncMessagesAction: Starting batch for messages from 1616676894217 to 1623173133326 (message update limit = 80, message scan limit = 4000)
06-08 17:25:34.095 D/AlertReceiver( 3112): onReceive: a=android.intent.action.PROVIDER_CHANGED Intent { act=android.intent.action.PROVIDER_CHANGED dat=content://com.android.calendar flg=0x20000010 cmp=com.android.calendar/.alerts.AlertReceiver }
06-08 17:25:34.157 D/AlertService( 3112): 0 Action = android.intent.action.PROVIDER_CHANGED
06-08 17:25:34.902 I/MessagingAppDataModel( 3205): SyncMessagesAction: All messages now in sync
06-08 17:25:35.791 W/MediaScanner( 3034): Error opening directory '/oem/media/', skipping: No such file or directory.
06-08 17:25:35.979 V/MediaScanner( 3034): pruneDeadThumbnailFiles... android.content.ContentProviderClient$CursorWrapperInner@f4a2d49
06-08 17:25:35.981 V/MediaScanner( 3034): /pruneDeadThumbnailFiles... android.content.ContentProviderClient$CursorWrapperInner@f4a2d49
06-08 17:25:39.200 I/GlobalDismissManager( 3112): no sender configured
06-08 17:25:39.201 D/AlertService( 3112): Beginning updateAlertNotification
06-08 17:25:39.237 D/AlertService( 3112): No fired or scheduled alerts
06-08 17:25:39.276 D/AlertService( 3112): Scheduling next alarm with AlarmScheduler. sEventReminderReceived: null
06-08 17:25:39.306 D/AlarmScheduler( 3112): No events found starting within 1 week.
06-08 17:25:42.885 I/ActivityManager( 2152): Waited long enough for: ServiceRecord{c25c9ad u0 com.android.calendar/.alerts.InitAlarmsService}
06-08 17:25:58.027 D/InitAlarmsService( 3112): Clearing and rescheduling alarms.
06-08 17:26:06.708 W//sbin/adbd( 1321): type=1400 audit(0.0:16): avc: denied { search } for comm=7365727669636520363233 name="security" dev="vdc" ino=35203 scontext=u:r:adbd:s0 tcontext=u:object_r:security_file:s0 tclass=dir permissive=0
06-08 17:26:55.699 D/AndroidRuntime( 3239): >>>>>> START com.android.internal.os.RuntimeInit uid 2000 <<<<<<
06-08 17:26:55.723 D/AndroidRuntime( 3239): CheckJNI is ON
06-08 17:26:56.072 W/art     ( 3239): Unexpected CPU variant for X86 using defaults: x86_64
06-08 17:26:56.111 D/ICU     ( 3239): No timezone override file found: /data/misc/zoneinfo/current/icu/icu_tzdata.dat
06-08 17:26:56.257 E/memtrack( 3239): Couldn't load memtrack module (No such file or directory)
06-08 17:26:56.257 E/android.os.Debug( 3239): failed to load memtrack module: -2
06-08 17:26:56.262 I/Radio-JNI( 3239): register_android_hardware_Radio DONE
06-08 17:26:56.367 D/AndroidRuntime( 3239): Calling main entry com.android.commands.pm.Pm
06-08 17:26:56.449 I/        ( 1330): free_cache(132246105) avail 809553920
06-08 17:27:13.550 W/art     ( 2152): Long monitor contention with owner PackageInstaller (2296) at void com.android.server.pm.PackageInstallerSession.validateInstallLocked(android.content.pm.PackageInfo, android.content.pm.ApplicationInfo)(PackageInstallerSession.java:678) waiters=0 in android.content.pm.PackageInstaller$SessionInfo com.android.server.pm.PackageInstallerSession.generateInfo() for 8.786s
06-08 17:27:13.600 W/art     ( 3249): Unexpected CPU variant for X86 using defaults: x86_64
06-08 17:27:13.609 I/ActivityManager( 2152): Start proc 3249:com.android.defcontainer/u0a7 for service com.android.defcontainer/.DefaultContainerService
06-08 17:27:14.187 I/PackageManager.DexOptimizer( 2152): Running dexopt (dex2oat) on: /data/app/vmdl599860477.tmp/base.apk pkg=jp.jaxa.iss.kibo.rpc.sampleapk isa=x86_64 vmSafeMode=false debuggable=true target-filter=interpret-only oatDir = /data/app/vmdl599860477.tmp/oat sharedLibraries=null
06-08 17:27:14.560 W/dex2oat ( 3264): Unexpected CPU variant for X86 using defaults: x86_64
06-08 17:27:14.574 I/dex2oat ( 3264): /system/bin/dex2oat --compiler-filter=interpret-only --debuggable
06-08 17:27:17.189 W/dex2oat ( 3264): Before Android 4.1, method int android.support.v7.widget.ListViewCompat.lookForSelectablePosition(int, boolean) would have incorrectly overridden the package-private method in android.widget.ListView
06-08 17:27:17.838 W/dex2oat ( 3264): Before Android 4.1, method android.graphics.PorterDuffColorFilter android.support.graphics.drawable.VectorDrawableCompat.updateTintFilter(android.graphics.PorterDuffColorFilter, android.content.res.ColorStateList, android.graphics.PorterDuff$Mode) would have incorrectly overridden the package-private method in android.graphics.drawable.Drawable
06-08 17:27:20.415 W/dex2oat ( 3264): Verification of void org.jboss.netty.logging.OsgiLoggerFactory$1.<init>(org.jboss.netty.logging.OsgiLoggerFactory, org.osgi.framework.BundleContext, java.lang.String, org.osgi.util.tracker.ServiceTrackerCustomizer) took 152.162ms
06-08 17:27:26.012 W/dex2oat ( 3264): Compilation of java.lang.String org.opencv.android.StaticHelper.getLibraryList() took 137.466ms
06-08 17:27:26.013 W/dex2oat ( 3264): Compilation of void org.opencv.android.Utils.nBitmapToMat2(android.graphics.Bitmap, long, boolean) took 136.954ms
06-08 17:27:28.626 I/dex2oat ( 3264): dex2oat took 14.080s (threads: 2) arena alloc=548KB (561168B) java alloc=7MB (7511712B) native alloc=15MB (16216872B) free=4MB (4754648B)
06-08 17:27:28.976 D/installd( 1330): Detected label change from u:object_r:system_data_file:s0 to u:object_r:app_data_file:s0:c512,c768 at /data/data/jp.jaxa.iss.kibo.rpc.sampleapk; running recursive restorecon
06-08 17:27:28.992 D/installd( 1330): Detected label change from u:object_r:system_data_file:s0 to u:object_r:app_data_file:s0:c512,c768 at /data/user_de/0/jp.jaxa.iss.kibo.rpc.sampleapk; running recursive restorecon
06-08 17:27:29.013 V/BackupManagerService( 2152): restoreAtInstall pkg=jp.jaxa.iss.kibo.rpc.sampleapk token=1 restoreSet=0
06-08 17:27:29.015 W/BackupManagerService( 2152): Requested unavailable transport: android/com.android.internal.backup.LocalTransport
06-08 17:27:29.016 W/BackupManagerService( 2152): No transport
06-08 17:27:29.016 V/BackupManagerService( 2152): Finishing install immediately
06-08 17:27:29.059 I/GnssLocationProvider( 2152): WakeLock acquired by sendMessage(3, 0, com.android.server.location.GnssLocationProvider$GpsRequest@11f12a8)
06-08 17:27:29.061 I/GnssLocationProvider( 2152): WakeLock acquired by sendMessage(3, 0, com.android.server.location.GnssLocationProvider$GpsRequest@7da51c1)
06-08 17:27:29.085 D/VoldConnector( 2152): SND -> {9 volume remount_uid 10064 default}
06-08 17:27:29.102 D/vold    ( 1269): Remounting 10064 as mode default
06-08 17:27:29.105 I/GnssLocationProvider( 2152): WakeLock released by handleMessage(3, 0, com.android.server.location.GnssLocationProvider$GpsRequest@11f12a8)
06-08 17:27:29.107 I/GnssLocationProvider( 2152): WakeLock released by handleMessage(3, 0, com.android.server.location.GnssLocationProvider$GpsRequest@7da51c1)
06-08 17:27:29.145 D/VoldConnector( 2152): RCV <- {200 9 Command succeeded}
06-08 17:27:29.151 D/VoldConnector( 2152): SND -> {10 volume remount_uid 10064 write}
06-08 17:27:29.154 I/GnssLocationProvider( 2152): WakeLock acquired by sendMessage(3, 0, com.android.server.location.GnssLocationProvider$GpsRequest@923cd66)
06-08 17:27:29.157 D/vold    ( 1269): Remounting 10064 as mode write
06-08 17:27:29.168 D/VoldConnector( 2152): RCV <- {200 10 Command succeeded}
06-08 17:27:29.217 I/GnssLocationProvider( 2152): WakeLock released by handleMessage(3, 0, com.android.server.location.GnssLocationProvider$GpsRequest@923cd66)
06-08 17:27:29.232 I/art     ( 2152): Starting a blocking GC Explicit
06-08 17:27:29.335 I/art     ( 2152): Explicit concurrent mark sweep GC freed 26588(1687KB) AllocSpace objects, 15(356KB) LOS objects, 29% free, 9MB/13MB, paused 2.408ms total 96.376ms
06-08 17:27:29.338 E/        ( 1330): Couldn't opendir /data/app/vmdl599860477.tmp: No such file or directory
06-08 17:27:29.548 I/InputReader( 2152): Reconfiguring input devices.  changes=0x00000010
06-08 17:27:29.626 I/art     ( 3239): System.exit called, status: 0
06-08 17:27:29.673 I/AndroidRuntime( 3239): VM exiting with result code 0.
06-08 17:27:29.690 W/ActivityManager( 2152): Slow operation: 194ms so far, now at startProcess: returned from zygote!
06-08 17:27:29.690 W/ActivityManager( 2152): Slow operation: 195ms so far, now at startProcess: done updating battery stats
06-08 17:27:29.691 W/ActivityManager( 2152): Slow operation: 196ms so far, now at startProcess: building log message
06-08 17:27:29.691 I/ActivityManager( 2152): Start proc 3268:com.android.gallery3d/u0a39 for broadcast com.android.gallery3d/.app.PackagesMonitor
06-08 17:27:29.691 W/ActivityManager( 2152): Slow operation: 196ms so far, now at startProcess: starting to update pids map
06-08 17:27:29.692 W/ActivityManager( 2152): Slow operation: 196ms so far, now at startProcess: done updating pids map
06-08 17:27:29.692 W/ActivityManager( 2152): Slow operation: 200ms so far, now at startProcess: done starting proc!
06-08 17:27:29.779 W/art     ( 3268): Unexpected CPU variant for X86 using defaults: x86_64
06-08 17:27:29.926 E/PhoneInterfaceManager( 2590): [PhoneIntfMgr] getCarrierPackageNamesForIntent: No UICC
06-08 17:27:29.926 D/CarrierSvcBindHelper( 2590): No carrier app for: 0
06-08 17:27:29.931 D/CarrierConfigLoader( 2590): mHandler: 9 phoneId: 0
06-08 17:27:29.974 W/art     ( 2152): Long monitor contention with owner main (2152) at android.content.pm.PackageInfo com.android.server.pm.PackageManagerService.getPackageInfo(java.lang.String, int, int)(PackageManagerService.java:3132) waiters=1 in int com.android.server.pm.PackageManagerService.getPackageUid(java.lang.String, int, int) for 211ms
06-08 17:27:30.509 W/VoiceInteractionManagerService( 2152): no available voice recognition services found for user 0
06-08 17:27:31.376 I/ActivityManager( 2152): Start proc 3289:com.svox.pico/u0a49 for broadcast com.svox.pico/.VoiceDataInstallerReceiver
06-08 17:27:31.376 W/ActivityManager( 2152): Slow operation: 51ms so far, now at startProcess: done starting proc!
06-08 17:27:31.398 W/art     ( 3289): Unexpected CPU variant for X86 using defaults: x86_64
06-08 17:27:31.548 I/ActivityManager( 2152): Killing 2971:com.android.keychain/1000 (adj 906): empty #17
06-08 17:27:31.571 D/ActivityManager( 2152): cleanUpApplicationRecord -- 2971
06-08 17:29:50.183 D/AndroidRuntime( 3303): >>>>>> START com.android.internal.os.RuntimeInit uid 2000 <<<<<<
06-08 17:29:50.214 D/AndroidRuntime( 3303): CheckJNI is ON
06-08 17:29:50.596 W/art     ( 3303): Unexpected CPU variant for X86 using defaults: x86_64
06-08 17:29:50.635 D/ICU     ( 3303): No timezone override file found: /data/misc/zoneinfo/current/icu/icu_tzdata.dat
06-08 17:29:50.799 E/memtrack( 3303): Couldn't load memtrack module (No such file or directory)
06-08 17:29:50.799 E/android.os.Debug( 3303): failed to load memtrack module: -2
06-08 17:29:50.806 I/Radio-JNI( 3303): register_android_hardware_Radio DONE
06-08 17:29:50.918 D/AndroidRuntime( 3303): Calling main entry com.android.commands.am.Am
06-08 17:29:50.990 I/art     ( 3313): Not late-enabling -Xcheck:jni (already on)
06-08 17:29:50.991 W/art     ( 3313): Unexpected CPU variant for X86 using defaults: x86_64
06-08 17:29:51.016 W/ActivityManager( 2152): Slow operation: 53ms so far, now at startProcess: returned from zygote!
06-08 17:29:51.016 W/ActivityManager( 2152): Slow operation: 54ms so far, now at startProcess: done updating battery stats
06-08 17:29:51.016 W/ActivityManager( 2152): Slow operation: 54ms so far, now at startProcess: building log message
06-08 17:29:51.017 I/ActivityManager( 2152): Start proc 3313:gov.nasa.arc.astrobee.android.gs.manager/u0a63 for service gov.nasa.arc.astrobee.android.gs.manager/.ManagerService
06-08 17:29:51.017 W/ActivityManager( 2152): Slow operation: 54ms so far, now at startProcess: starting to update pids map
06-08 17:29:51.017 W/ActivityManager( 2152): Slow operation: 55ms so far, now at startProcess: done updating pids map
06-08 17:29:51.017 W/ActivityManager( 2152): Slow operation: 57ms so far, now at startProcess: done starting proc!
06-08 17:29:51.019 D/AndroidRuntime( 3303): Shutting down VM
06-08 17:29:51.305 W/System  ( 3313): ClassLoader referenced unknown path: /data/app/gov.nasa.arc.astrobee.android.gs.manager-1/lib/x86_64
06-08 17:29:52.077 E/Notification( 3313): setLatestEventInfo() is deprecated and you should feel deprecated.
06-08 17:29:52.077 E/Notification( 3313): java.lang.Throwable
06-08 17:29:52.077 E/Notification( 3313): 	at android.app.Notification.setLatestEventInfo(Notification.java:2076)
06-08 17:29:52.077 E/Notification( 3313): 	at org.ros.android.NodeMainExecutorService.onStartCommand(NodeMainExecutorService.java:220)
06-08 17:29:52.077 E/Notification( 3313): 	at android.app.ActivityThread.handleServiceArgs(ActivityThread.java:3326)
06-08 17:29:52.077 E/Notification( 3313): 	at android.app.ActivityThread.-wrap21(ActivityThread.java)
06-08 17:29:52.077 E/Notification( 3313): 	at android.app.ActivityThread$H.handleMessage(ActivityThread.java:1582)
06-08 17:29:52.077 E/Notification( 3313): 	at android.os.Handler.dispatchMessage(Handler.java:102)
06-08 17:29:52.077 E/Notification( 3313): 	at android.os.Looper.loop(Looper.java:154)
06-08 17:29:52.077 E/Notification( 3313): 	at android.app.ActivityThread.main(ActivityThread.java:6119)
06-08 17:29:52.077 E/Notification( 3313): 	at java.lang.reflect.Method.invoke(Native Method)
06-08 17:29:52.077 E/Notification( 3313): 	at com.android.internal.os.ZygoteInit$MethodAndArgsCaller.run(ZygoteInit.java:886)
06-08 17:29:52.077 E/Notification( 3313): 	at com.android.internal.os.ZygoteInit.main(ZygoteInit.java:776)
06-08 17:29:53.177 I/Registrar( 3313): MasterXmlRpcEndpoint URI: http://llp:11311
06-08 17:29:53.466 I/Registrar( 3313): Registering publisher: Publisher<PublisherDefinition<PublisherIdentifier<NodeIdentifier</guest_science_manager, http://hlp:57416/>, TopicIdentifier</rosout>>, Topic<TopicIdentifier</rosout>, TopicDescription<rosgraph_msgs/Log, acffd30cd6b6de30f120938c17c593fb>>>>
06-08 17:29:53.941 D/NotificationSQLiteLog( 2152): Pruned event entries: 15
06-08 17:29:54.683 I/Registrar( 3313): Response<Success, Registered [/guest_science_manager] as publisher of [/rosout], [http://10.42.0.34:41226/]>
06-08 17:29:54.691 I/DefaultPublisher( 3313): Publisher registered: Publisher<PublisherDefinition<PublisherIdentifier<NodeIdentifier</guest_science_manager, http://hlp:57416/>, TopicIdentifier</rosout>>, Topic<TopicIdentifier</rosout>, TopicDescription<rosgraph_msgs/Log, acffd30cd6b6de30f120938c17c593fb>>>>
06-08 17:29:54.807 I/Registrar( 3313): Registering subscriber: Subscriber<Topic<TopicIdentifier</clock>, TopicDescription<rosgraph_msgs/Clock, a9c97c1d230cfc112e270351a944ee47>>>
06-08 17:29:54.883 I/Registrar( 3313): Response<Success, Subscribed to [/clock], [http://10.42.0.34:43685/]>
06-08 17:29:54.931 I/DefaultSubscriber( 3313): Subscriber registered: Subscriber<Topic<TopicIdentifier</clock>, TopicDescription<rosgraph_msgs/Clock, a9c97c1d230cfc112e270351a944ee47>>>
06-08 17:29:55.098 I/Registrar( 3313): Registering publisher: Publisher<PublisherDefinition<PublisherIdentifier<NodeIdentifier</guest_science_manager, http://hlp:57416/>, TopicIdentifier</gs/gs_manager/ack>>, Topic<TopicIdentifier</gs/gs_manager/ack>, TopicDescription<ff_msgs/AckStamped, cebddec69fd770df54633be444a9187d>>>>
06-08 17:29:55.274 I/Registrar( 3313): Registering publisher: Publisher<PublisherDefinition<PublisherIdentifier<NodeIdentifier</guest_science_manager, http://hlp:57416/>, TopicIdentifier</gs/gs_manager/config>>, Topic<TopicIdentifier</gs/gs_manager/config>, TopicDescription<ff_msgs/GuestScienceConfig, c6f632ed2411de4159494a3e7754794e>>>>
06-08 17:29:55.342 W/art     ( 3313): Suspending all threads took: 9.485ms
06-08 17:29:55.363 I/Registrar( 3313): Response<Success, Registered [/guest_science_manager] as publisher of [/gs/gs_manager/ack], [http://10.42.0.34:35473/]>
06-08 17:29:55.395 I/DefaultPublisher( 3313): Publisher registered: Publisher<PublisherDefinition<PublisherIdentifier<NodeIdentifier</guest_science_manager, http://hlp:57416/>, TopicIdentifier</gs/gs_manager/ack>>, Topic<TopicIdentifier</gs/gs_manager/ack>, TopicDescription<ff_msgs/AckStamped, cebddec69fd770df54633be444a9187d>>>>
06-08 17:29:55.539 I/Registrar( 3313): Registering publisher: Publisher<PublisherDefinition<PublisherIdentifier<NodeIdentifier</guest_science_manager, http://hlp:57416/>, TopicIdentifier</gs/data>>, Topic<TopicIdentifier</gs/data>, TopicDescription<ff_msgs/GuestScienceData, edd2c791ea93ffa7cb0ec80c5bb00972>>>>
06-08 17:29:55.709 I/Registrar( 3313): Registering publisher: Publisher<PublisherDefinition<PublisherIdentifier<NodeIdentifier</guest_science_manager, http://hlp:57416/>, TopicIdentifier</gs/gs_manager/state>>, Topic<TopicIdentifier</gs/gs_manager/state>, TopicDescription<ff_msgs/GuestScienceState, 24e5a1ba8527257cc710720a32de6e51>>>>
06-08 17:29:55.748 I/Registrar( 3313): Response<Success, Registered [/guest_science_manager] as publisher of [/gs/gs_manager/config], [http://10.42.0.34:35473/, http://10.42.0.34:42502/]>
06-08 17:29:55.767 I/DefaultPublisher( 3313): Publisher registered: Publisher<PublisherDefinition<PublisherIdentifier<NodeIdentifier</guest_science_manager, http://hlp:57416/>, TopicIdentifier</gs/gs_manager/config>>, Topic<TopicIdentifier</gs/gs_manager/config>, TopicDescription<ff_msgs/GuestScienceConfig, c6f632ed2411de4159494a3e7754794e>>>>
06-08 17:29:55.864 I/art     ( 3313): Background sticky concurrent mark sweep GC freed 26020(2MB) AllocSpace objects, 18(364KB) LOS objects, 24% free, 7MB/10MB, paused 24.605ms total 672.718ms
06-08 17:29:55.868 I/Registrar( 3313): Response<Success, Registered [/guest_science_manager] as publisher of [/gs/data], [http://10.42.0.34:42349/, http://10.42.0.34:42502/]>
06-08 17:29:55.960 I/DefaultPublisher( 3313): Publisher registered: Publisher<PublisherDefinition<PublisherIdentifier<NodeIdentifier</guest_science_manager, http://hlp:57416/>, TopicIdentifier</gs/data>>, Topic<TopicIdentifier</gs/data>, TopicDescription<ff_msgs/GuestScienceData, edd2c791ea93ffa7cb0ec80c5bb00972>>>>
06-08 17:29:56.025 I/Registrar( 3313): Registering subscriber: Subscriber<Topic<TopicIdentifier</mgt/executive/command>, TopicDescription<ff_msgs/CommandStamped, ac01350894b1be9e3a7b4f390a14812d>>>
06-08 17:29:56.317 I/Registrar( 3313): Response<Success, Registered [/guest_science_manager] as publisher of [/gs/gs_manager/state], [http://10.42.0.34:35473/, http://10.42.0.34:42502/]>
06-08 17:29:56.439 I/DefaultPublisher( 3313): Publisher registered: Publisher<PublisherDefinition<PublisherIdentifier<NodeIdentifier</guest_science_manager, http://hlp:57416/>, TopicIdentifier</gs/gs_manager/state>>, Topic<TopicIdentifier</gs/gs_manager/state>, TopicDescription<ff_msgs/GuestScienceState, 24e5a1ba8527257cc710720a32de6e51>>>>
06-08 17:29:56.658 W/ActivityManager( 2152): Slow operation: 105ms so far, now at startProcess: returned from zygote!
06-08 17:29:56.658 W/ActivityManager( 2152): Slow operation: 105ms so far, now at startProcess: done updating battery stats
06-08 17:29:56.659 W/ActivityManager( 2152): Slow operation: 106ms so far, now at startProcess: building log message
06-08 17:29:56.659 I/ActivityManager( 2152): Start proc 3388:jp.jaxa.iss.kibo.rpc.sampleapk/u0a64 for broadcast jp.jaxa.iss.kibo.rpc.sampleapk/gov.nasa.arc.astrobee.android.gs.InfoInqueryBroadcastReceiver
06-08 17:29:56.659 W/ActivityManager( 2152): Slow operation: 106ms so far, now at startProcess: starting to update pids map
06-08 17:29:56.659 W/ActivityManager( 2152): Slow operation: 106ms so far, now at startProcess: done updating pids map
06-08 17:29:56.659 W/ActivityManager( 2152): Slow operation: 108ms so far, now at startProcess: done starting proc!
06-08 17:29:56.739 I/art     ( 3388): Not late-enabling -Xcheck:jni (already on)
06-08 17:29:56.740 W/art     ( 3388): Unexpected CPU variant for X86 using defaults: x86_64
06-08 17:29:56.798 I/Registrar( 3313): Response<Success, Subscribed to [/mgt/executive/command], [http://10.42.0.34:35473/]>
06-08 17:29:56.821 I/DefaultSubscriber( 3313): Subscriber registered: Subscriber<Topic<TopicIdentifier</mgt/executive/command>, TopicDescription<ff_msgs/CommandStamped, ac01350894b1be9e3a7b4f390a14812d>>>
06-08 17:29:57.654 I/art     ( 3313): Background partial concurrent mark sweep GC freed 23538(1805KB) AllocSpace objects, 32(640KB) LOS objects, 34% free, 7MB/11MB, paused 6.604ms total 853.323ms
06-08 17:29:58.105 I/ActivityManager( 2152): Killing 2943:com.android.printspooler/u0a51 (adj 906): empty #17
06-08 17:29:58.341 D/ActivityManager( 2152): cleanUpApplicationRecord -- 2943
06-08 17:30:01.110 I/art     ( 3313): Do partial code cache collection, code=26KB, data=29KB
06-08 17:30:01.125 I/art     ( 3313): After code cache collection, code=26KB, data=29KB
06-08 17:30:01.125 I/art     ( 3313): Increasing code cache capacity to 128KB
06-08 17:30:03.362 D/ManagerTimeoutTimer( 3313): Still waiting for the apk to start or stop. 4997.0 milliseconds left.
06-08 17:30:04.022 D/OpenCV/StaticHelper( 3388): Trying to get library list
06-08 17:30:04.314 E/OpenCV/StaticHelper( 3388): OpenCV error: Cannot load info library for OpenCV
06-08 17:30:04.314 D/OpenCV/StaticHelper( 3388): Library list: ""
06-08 17:30:04.314 D/OpenCV/StaticHelper( 3388): First attempt to load libs
06-08 17:30:04.314 D/OpenCV/StaticHelper( 3388): Trying to init OpenCV libs
06-08 17:30:04.314 D/OpenCV/StaticHelper( 3388): Trying to load library opencv_java3
06-08 17:30:04.661 D/OpenCV/StaticHelper( 3388): Library opencv_java3 loaded
06-08 17:30:04.661 D/OpenCV/StaticHelper( 3388): First attempt to load libs is OK
06-08 17:30:04.679 I/OpenCV/StaticHelper( 3388): 
06-08 17:30:04.680 I/OpenCV/StaticHelper( 3388): General configuration for OpenCV 3.4.4 =====================================
06-08 17:30:04.680 I/OpenCV/StaticHelper( 3388):   Version control:               3.4.4
06-08 17:30:04.680 I/OpenCV/StaticHelper( 3388): 
06-08 17:30:04.680 I/OpenCV/StaticHelper( 3388):   Extra modules:
06-08 17:30:04.680 I/OpenCV/StaticHelper( 3388):     Location (extra):            /build/3_4-contrib_pack-contrib-android/opencv_contrib/modules
06-08 17:30:04.680 I/OpenCV/StaticHelper( 3388):     Version control (extra):     3.4.4
06-08 17:30:04.680 I/OpenCV/StaticHelper( 3388): 
06-08 17:30:04.680 I/OpenCV/StaticHelper( 3388):   Platform:
06-08 17:30:04.680 I/OpenCV/StaticHelper( 3388):     Timestamp:                   2018-11-17T00:27:32Z
06-08 17:30:04.680 I/OpenCV/StaticHelper( 3388):     Host:                        Linux 4.15.0-38-generic x86_64
06-08 17:30:04.680 I/OpenCV/StaticHelper( 3388):     Target:                      Linux 1 x86_64
06-08 17:30:04.680 I/OpenCV/StaticHelper( 3388):     CMake:                       2.8.12.2
06-08 17:30:04.680 I/OpenCV/StaticHelper( 3388):     CMake generator:             Ninja
06-08 17:30:04.680 I/OpenCV/StaticHelper( 3388):     CMake build tool:            /usr/bin/ninja
06-08 17:30:04.680 I/OpenCV/StaticHelper( 3388):     Configuration:               Release
06-08 17:30:04.680 I/OpenCV/StaticHelper( 3388): 
06-08 17:30:04.680 I/OpenCV/StaticHelper( 3388):   CPU/HW features:
06-08 17:30:04.680 I/OpenCV/StaticHelper( 3388):     Baseline:                    SSE SSE2 SSE3
06-08 17:30:04.680 I/OpenCV/StaticHelper( 3388):       requested:                 SSE3
06-08 17:30:04.680 I/OpenCV/StaticHelper( 3388):     Dispatched code generation:  SSE4_1 SSE4_2 FP16 AVX AVX2
06-08 17:30:04.680 I/OpenCV/StaticHelper( 3388):       requested:                 SSE4_1 SSE4_2 AVX FP16 AVX2 AVX512_SKX
06-08 17:30:04.681 I/OpenCV/StaticHelper( 3388):       SSE4_1 (4 files):          + SSSE3 SSE4_1
06-08 17:30:04.681 I/OpenCV/StaticHelper( 3388):       SSE4_2 (1 files):          + SSSE3 SSE4_1 POPCNT SSE4_2
06-08 17:30:04.681 I/OpenCV/StaticHelper( 3388):       FP16 (0 files):            + SSSE3 SSE4_1 POPCNT SSE4_2 FP16 AVX
06-08 17:30:04.681 I/OpenCV/StaticHelper( 3388):       AVX (5 files):             + SSSE3 SSE4_1 POPCNT SSE4_2 AVX
06-08 17:30:04.681 I/OpenCV/StaticHelper( 3388):       AVX2 (10 files):           + SSSE3 SSE4_1 POPCNT SSE4_2 FP16 FMA3 AVX AVX2
06-08 17:30:04.681 I/OpenCV/StaticHelper( 3388): 
06-08 17:30:04.681 I/OpenCV/StaticHelper( 3388):   C/C++:
06-08 17:30:04.681 I/OpenCV/StaticHelper( 3388):     Built as dynamic libs?:      NO
06-08 17:30:04.681 I/OpenCV/StaticHelper( 3388):     C++ Compiler:                /usr/bin/ccache /opt/android/android-ndk-r10e/toolchains/x86_64-4.9/prebuilt/linux-x86_64/bin/x86_64-linux-android-g++ (ver 4.9)
06-08 17:30:04.681 I/OpenCV/StaticHelper( 3388):     C++ flags (Release):         -fexceptions -frtti --sysroot=/opt/android/android-ndk-r10e/platforms/android-21/arch-x86_64 -funwind-tables -funswitch-loops -finline-limit=300 -fsigned-char -no-canonical-prefixes -fdata-sections -ffunction-sections -Wa,--noexecstack  -DANDROID -D__ANDROID_API__=21   -fsigned-char -W -Wall -Werror=return-type -Werror=non-virtual-dtor -Werror=address -Werror=sequence-point -Wformat -Werror=format-security -Wmissing-declarations -Wundef -Winit-self -Wpointer-arith -Wshadow -Wsign-promo -Wuninitialized -Winit-self -Wno-narrowing -Wno-delete-non-virtual-dtor -Wno-comment -Wno-missing-field-initializers -fdiagnostics-show-option -Wno-long-long -fomit-frame-pointer  -msse -msse2 -msse3 -fvisibility=hidden -fvisibility-inlines-hidden -fomit-frame-pointer -fstrict-aliasing -O3 -DNDEBUG  -DNDEBUG
06-08 17:30:04.681 I/OpenCV/StaticHelper( 3388):     C++ flags (Debug):           -fexceptions -frtti --sysroot=/opt/android/android-ndk-r10e/platforms/android-21/arch-x86_64 -funwind-tables -funswitch-loops -finline-limit=300 -fsigned-char -no-canonical-prefixes -fdata-sections -ffunction-sections -Wa,--noexecstack  -DANDROID -D__ANDROID_API__=21   -fsigned-char -W -Wall -Werror=return-type -Werror=non-virtual-dtor -Werror=address -Werror=sequence-point -Wformat -Werror=format-security -Wmissing-declarations -Wundef -Winit-self -Wpointer-arith -Wshadow -Wsign-promo -Wuninitialized -Winit-self -Wno-narrowing -Wno-delete-non-virtual-dtor -Wno-comment -Wno-missing-field-initializers -fdiagnostics-show-option -Wno-long-long -fomit-frame-pointer  -msse -msse2 -msse3 -fvisibility=hidden -fvisibility-inlines-hidden -fno-omit-frame-pointer -fno-strict-aliasing -O0 -g -DDEBUG -D_DEBUG  -DDEBUG -D_DEBUG
06-08 17:30:04.681 I/OpenCV/StaticHelper( 3388):     C Compiler:                  /usr/bin/ccache /opt/android/android-ndk-r10e/toolchains/x86_64-4.9/prebuilt/linux-x86_64/bin/x86_64-linux-android-gcc
06-08 17:30:04.681 I/OpenCV/StaticHelper( 3388):     C flags (Release):           -fexceptions --sysroot=/opt/android/android-ndk-r10e/platforms/android-21/arch-x86_64 -funwind-tables -funswitch-loops -finline-limit=300 -fsigned-char -no-canonical-prefixes -fdata-sections -ffunction-sections -Wa,--noexecstack  -DANDROID -D__ANDROID_API__=21   -fsigned-char -W -Wall -Werror=return-type -Werror=non-virtual-dtor -Werror=address -Werror=sequence-point -Wformat -Werror=format-security -Wmissing-declarations -Wmissing-prototypes -Wstrict-prototypes -Wundef -Winit-self -Wpointer-arith -Wshadow -Wuninitialized -Winit-self -Wno-narrowing -Wno-comment -Wno-missing-field-initializers -fdiagnostics-show-option -Wno-long-long -fomit-frame-pointer  -msse -msse2 -msse3 -fvisibility=hidden -fomit-frame-pointer -fstrict-aliasing -O3 -DNDEBUG  -DNDEBUG
06-08 17:30:04.681 I/OpenCV/StaticHelper( 3388):     C flags (Debug):             -fexceptions --sysroot=/opt/android/android-ndk-r10e/platforms/android-21/arch-x86_64 -funwind-tables -funswitch-loops -finline-limit=300 -fsigned-char -no-canonical-prefixes -fdata-sections -ffunction-sections -Wa,--noexecstack  -DANDROID -D__ANDROID_API__=21   -fsigned-char -W -Wall -Werror=return-type -Werror=non-virtual-dtor -Werror=address -Werror=sequence-point -Wformat -Werror=format-security -Wmissing-declarations -Wmissing-prototypes -Wstrict-prototypes -Wundef -Winit-self -Wpointer-arith -Wshadow -Wuninitialized -Winit-self -Wno-narrowing -Wno-comment -Wno-missing-field-initializers -fdiagnostics-show-option -Wno-long-long -fomit-frame-pointer  -msse -msse2 -msse3 -fvisibility=hidden -fno-omit-frame-pointer -fno-strict-aliasing -O0 -g -DDEBUG -D_DEBUG  -DDEBUG -D_DEBUG
06-08 17:30:04.681 I/OpenCV/StaticHelper( 3388):     Linker flags (Release):      -Wl,--exclude-libs,libippicv.a -Wl,--exclude-libs,libippiw.a  -Wl,--no-undefined -Wl,--gc-sections -Wl,-z,noexecstack -Wl,-z,relro -Wl,-z,now    
06-08 17:30:04.681 I/OpenCV/StaticHelper( 3388):     Linker flags (Debug):        -Wl,--exclude-libs,libippicv.a -Wl,--exclude-libs,libippiw.a  -Wl,--no-undefined -Wl,--gc-sections -Wl,-z,noexecstack -Wl,-z,relro -Wl,-z,now    
06-08 17:30:04.681 I/OpenCV/StaticHelper( 3388):     ccache:                      YES
06-08 17:30:04.681 I/OpenCV/StaticHelper( 3388):     Precompiled headers:         NO
06-08 17:30:04.681 I/OpenCV/StaticHelper( 3388):     Extra dependencies:          z dl m log
06-08 17:30:04.681 I/OpenCV/StaticHelper( 3388):     3rdparty dependencies:       tbb libcpufeatures ittnotify libjpeg-turbo libwebp libpng libtiff libjasper IlmImf libprotobuf quirc ippiw ippicv
06-08 17:30:04.681 I/OpenCV/StaticHelper( 3388): 
06-08 17:30:04.682 I/OpenCV/StaticHelper( 3388):   OpenCV modules:
06-08 17:30:04.682 I/OpenCV/StaticHelper( 3388):     To be built:                 aruco bgsegm bioinspired calib3d ccalib core datasets dnn dnn_objdetect dpm face features2d flann fuzzy hfs highgui img_hash imgcodecs imgproc java java_bindings_generator line_descriptor ml objdetect optflow phase_unwrapping photo plot reg rgbd saliency shape stereo stitching structured_light superres surface_matching text tracking video videoio videostab xfeatures2d ximgproc xobjdetect xphoto
06-08 17:30:04.682 I/OpenCV/StaticHelper( 3388):     Disabled:                    world
06-08 17:30:04.682 I/OpenCV/StaticHelper( 3388):     Disabled by dependency:      -
06-08 17:30:04.682 I/OpenCV/StaticHelper( 3388):     Unavailable:                 cnn_3dobj cudaarithm cudabgsegm cudacodec cudafeatures2d cudafilters cudaimgproc cudalegacy cudaobjdetect cudaoptflow cudastereo cudawarping cudev cvv freetype hdf js matlab ovis python2 python3 sfm ts viz
06-08 17:30:04.682 I/OpenCV/StaticHelper( 3388):     Applications:                android_examples
06-08 17:30:04.682 I/OpenCV/StaticHelper( 3388):     Documentation:               NO
06-08 17:30:04.682 I/OpenCV/StaticHelper( 3388):     Non-free algorithms:         NO
06-08 17:30:04.682 I/OpenCV/StaticHelper( 3388): 
06-08 17:30:04.682 I/OpenCV/StaticHelper( 3388):   Android NDK:                   location: /opt/android/android-ndk-r10e
06-08 17:30:04.682 I/OpenCV/StaticHelper( 3388):     Android ABI:                 x86_64
06-08 17:30:04.682 I/OpenCV/StaticHelper( 3388):     NDK toolchain:               x86_64-4.9
06-08 17:30:04.682 I/OpenCV/StaticHelper( 3388):     STL type:                    gnustl_static
06-08 17:30:04.682 I/OpenCV/StaticHelper( 3388):     Native API level:            21
06-08 17:30:04.682 I/OpenCV/StaticHelper( 3388):   Android SDK:                   /opt/android/android-sdk-java7 (tools: 25.2.2 build tools: 23.0.3)
06-08 17:30:04.682 I/OpenCV/StaticHelper( 3388):     android tool:                /opt/android/android-sdk-java7/tools/android
06-08 17:30:04.682 I/OpenCV/StaticHelper( 3388):     SDK target:                  android-21
06-08 17:30:04.682 I/OpenCV/StaticHelper( 3388):     Projects build scripts:      Ant/Eclipse compatible
06-08 17:30:04.682 I/OpenCV/StaticHelper( 3388): 
06-08 17:30:04.682 I/OpenCV/StaticHelper( 3388):   GUI: 
06-08 17:30:04.682 I/OpenCV/StaticHelper( 3388): 
06-08 17:30:04.682 I/OpenCV/StaticHelper( 3388):   Media I/O: 
06-08 17:30:04.682 I/OpenCV/StaticHelper( 3388):     ZLib:                        z (ver 1.2.3)
06-08 17:30:04.683 I/OpenCV/StaticHelper( 3388):     JPEG:                        build-libjpeg-turbo (ver 1.5.3-62)
06-08 17:30:04.683 I/OpenCV/StaticHelper( 3388):     WEBP:                        build (ver encoder: 0x020e)
06-08 17:30:04.683 I/OpenCV/StaticHelper( 3388):     PNG:                         build (ver 1.6.35)
06-08 17:30:04.683 I/OpenCV/StaticHelper( 3388):     TIFF:                        build (ver 42 - 4.0.9)
06-08 17:30:04.683 I/OpenCV/StaticHelper( 3388):     JPEG 2000:                   build (ver 1.900.1)
06-08 17:30:04.683 I/OpenCV/StaticHelper( 3388):     OpenEXR:                     build (ver 1.7.1)
06-08 17:30:04.713 I/OpenCV/StaticHelper( 3388):     HDR:                         YES
06-08 17:30:04.713 I/OpenCV/StaticHelper( 3388):     SUNRASTER:                   YES
06-08 17:30:04.713 I/OpenCV/StaticHelper( 3388):     PXM:                         YES
06-08 17:30:04.713 I/OpenCV/StaticHelper( 3388): 
06-08 17:30:04.713 I/OpenCV/StaticHelper( 3388):   Video I/O:
06-08 17:30:04.713 I/OpenCV/StaticHelper( 3388): 
06-08 17:30:04.713 I/OpenCV/StaticHelper( 3388):   Parallel framework:            TBB (ver 2018.0 interface 10001)
06-08 17:30:04.713 I/OpenCV/StaticHelper( 3388): 
06-08 17:30:04.714 I/OpenCV/StaticHelper( 3388):   Trace:                         YES (with Intel ITT)
06-08 17:30:04.714 I/OpenCV/StaticHelper( 3388): 
06-08 17:30:04.714 I/OpenCV/StaticHelper( 3388):   Other third-party libraries:
06-08 17:30:04.714 I/OpenCV/StaticHelper( 3388):     Intel IPP:                   2019.0.0 Gold [2019.0.0]
06-08 17:30:04.714 I/OpenCV/StaticHelper( 3388):            at:                   /build/3_4-contrib_pack-contrib-android/build/o4a/3rdparty/ippicv/ippicv_lnx/icv
06-08 17:30:04.714 I/OpenCV/StaticHelper( 3388):     Intel IPP IW:                sources (2019.0.0)
06-08 17:30:04.714 I/OpenCV/StaticHelper( 3388):               at:                /build/3_4-contrib_pack-contrib-android/build/o4a/3rdparty/ippicv/ippicv_lnx/iw
06-08 17:30:04.714 I/OpenCV/StaticHelper( 3388):     Custom HAL:                  NO
06-08 17:30:04.714 I/OpenCV/StaticHelper( 3388):     Protobuf:                    build (3.5.1)
06-08 17:30:04.714 I/OpenCV/StaticHelper( 3388): 
06-08 17:30:04.714 I/OpenCV/StaticHelper( 3388):   Python (for build):            /usr/bin/python2.7
06-08 17:30:04.714 I/OpenCV/StaticHelper( 3388): 
06-08 17:30:04.714 I/OpenCV/StaticHelper( 3388):   Java:                          export all functions
06-08 17:30:04.714 I/OpenCV/StaticHelper( 3388):     ant:                         /usr/bin/ant (ver 1.9.3)
06-08 17:30:04.714 I/OpenCV/StaticHelper( 3388):     Java wrappers:               YES
06-08 17:30:04.714 I/OpenCV/StaticHelper( 3388):     Java tests:                  NO
06-08 17:30:04.714 I/OpenCV/StaticHelper( 3388): 
06-08 17:30:04.714 I/OpenCV/StaticHelper( 3388):   Install to:                    /build/3_4-contrib_pack-contrib-android/build/o4a/install
06-08 17:30:04.714 I/OpenCV/StaticHelper( 3388): -----------------------------------------------------------------
06-08 17:30:04.715 D/OpenCv  ( 3388): OpenCV loaded
06-08 17:30:05.792 I/Registrar( 3388): MasterXmlRpcEndpoint URI: http://llp:11311
06-08 17:30:06.109 I/Registrar( 3388): Registering publisher: Publisher<PublisherDefinition<PublisherIdentifier<NodeIdentifier</kibo_rpc_api, http://hlp:55004/>, TopicIdentifier</rosout>>, Topic<TopicIdentifier</rosout>, TopicDescription<rosgraph_msgs/Log, acffd30cd6b6de30f120938c17c593fb>>>>
06-08 17:30:07.467 I/Registrar( 3388): Response<Success, Registered [/kibo_rpc_api] as publisher of [/rosout], [http://10.42.0.34:41226/, http://10.42.0.34:41049/]>
06-08 17:30:07.595 I/DefaultPublisher( 3388): Publisher registered: Publisher<PublisherDefinition<PublisherIdentifier<NodeIdentifier</kibo_rpc_api, http://hlp:55004/>, TopicIdentifier</rosout>>, Topic<TopicIdentifier</rosout>, TopicDescription<rosgraph_msgs/Log, acffd30cd6b6de30f120938c17c593fb>>>>
06-08 17:30:07.869 I/Registrar( 3388): Registering subscriber: Subscriber<Topic<TopicIdentifier</clock>, TopicDescription<rosgraph_msgs/Clock, a9c97c1d230cfc112e270351a944ee47>>>
06-08 17:30:08.173 I/Registrar( 3388): Response<Success, Subscribed to [/clock], [http://10.42.0.34:43685/]>
06-08 17:30:08.188 I/DefaultSubscriber( 3388): Subscriber registered: Subscriber<Topic<TopicIdentifier</clock>, TopicDescription<rosgraph_msgs/Clock, a9c97c1d230cfc112e270351a944ee47>>>
06-08 17:30:08.601 I/Registrar( 3388): MasterXmlRpcEndpoint URI: http://llp:11311
06-08 17:30:08.761 I/Registrar( 3388): Registering publisher: Publisher<PublisherDefinition<PublisherIdentifier<NodeIdentifier</GetterNode, http://hlp:41194/>, TopicIdentifier</rosout>>, Topic<TopicIdentifier</rosout>, TopicDescription<rosgraph_msgs/Log, acffd30cd6b6de30f120938c17c593fb>>>>
06-08 17:30:09.054 I/Registrar( 3388): Registering publisher: Publisher<PublisherDefinition<PublisherIdentifier<NodeIdentifier</kibo_rpc_api, http://hlp:55004/>, TopicIdentifier</command>>, Topic<TopicIdentifier</command>, TopicDescription<ff_msgs/CommandStamped, ac01350894b1be9e3a7b4f390a14812d>>>>
06-08 17:30:09.289 I/Registrar( 3388): Response<Success, Registered [/GetterNode] as publisher of [/rosout], [http://10.42.0.34:41226/, http://10.42.0.34:41049/]>
06-08 17:30:09.312 I/DefaultPublisher( 3388): Publisher registered: Publisher<PublisherDefinition<PublisherIdentifier<NodeIdentifier</GetterNode, http://hlp:41194/>, TopicIdentifier</rosout>>, Topic<TopicIdentifier</rosout>, TopicDescription<rosgraph_msgs/Log, acffd30cd6b6de30f120938c17c593fb>>>>
06-08 17:30:09.730 I/Registrar( 3388): Response<Success, Registered [/kibo_rpc_api] as publisher of [/command], [http://10.42.0.34:43685/, http://10.42.0.34:35473/, http://10.42.0.34:40930/, http://10.42.0.34:41049/]>
06-08 17:30:09.808 I/DefaultPublisher( 3388): Publisher registered: Publisher<PublisherDefinition<PublisherIdentifier<NodeIdentifier</kibo_rpc_api, http://hlp:55004/>, TopicIdentifier</command>>, Topic<TopicIdentifier</command>, TopicDescription<ff_msgs/CommandStamped, ac01350894b1be9e3a7b4f390a14812d>>>>
06-08 17:30:10.138 I/Registrar( 3388): Registering subscriber: Subscriber<Topic<TopicIdentifier</mgt/ack>, TopicDescription<ff_msgs/AckStamped, cebddec69fd770df54633be444a9187d>>>
06-08 17:30:10.298 I/Registrar( 3388): Registering subscriber: Subscriber<Topic<TopicIdentifier</clock>, TopicDescription<rosgraph_msgs/Clock, a9c97c1d230cfc112e270351a944ee47>>>
06-08 17:30:11.011 I/Registrar( 3388): Response<Success, Subscribed to [/mgt/ack], [http://10.42.0.34:35473/]>
06-08 17:30:11.026 I/DefaultSubscriber( 3388): Subscriber registered: Subscriber<Topic<TopicIdentifier</mgt/ack>, TopicDescription<ff_msgs/AckStamped, cebddec69fd770df54633be444a9187d>>>
06-08 17:30:11.230 W/art     ( 3388): Suspending all threads took: 11.850ms
06-08 17:30:11.375 I/Registrar( 3388): Response<Success, Subscribed to [/clock], [http://10.42.0.34:43685/]>
06-08 17:30:11.404 I/DefaultSubscriber( 3388): Subscriber registered: Subscriber<Topic<TopicIdentifier</clock>, TopicDescription<rosgraph_msgs/Clock, a9c97c1d230cfc112e270351a944ee47>>>
06-08 17:30:11.415 D/KiboRpcApi( 3388): GetterNode initialization started.
06-08 17:30:11.519 W/art     ( 3388): Suspending all threads took: 6.619ms
06-08 17:30:12.038 I/Registrar( 3388): Registering subscriber: Subscriber<Topic<TopicIdentifier</gnc/ekf_noise>, TopicDescription<ff_msgs/EkfState, 543b97822b033d7199b506ad4005f134>>>
06-08 17:30:12.705 I/Registrar( 3388): Response<Success, Subscribed to [/gnc/ekf_noise], [http://10.42.0.34:40318/]>
06-08 17:30:12.729 I/DefaultSubscriber( 3388): Subscriber registered: Subscriber<Topic<TopicIdentifier</gnc/ekf_noise>, TopicDescription<ff_msgs/EkfState, 543b97822b033d7199b506ad4005f134>>>
06-08 17:30:12.769 I/Registrar( 3388): Registering subscriber: Subscriber<Topic<TopicIdentifier</hw/imu>, TopicDescription<sensor_msgs/Imu, 6a62c6daae103f4ff57a132d6f95cec2>>>
06-08 17:30:12.795 W/art     ( 3388): Suspending all threads took: 44.231ms
06-08 17:30:12.999 I/Registrar( 3388): Registering subscriber: Subscriber<Topic<TopicIdentifier</gnc/ekf>, TopicDescription<ff_msgs/EkfState, 543b97822b033d7199b506ad4005f134>>>
06-08 17:30:13.079 W/art     ( 3388): Long monitor contention with owner pool-1-thread-3 (3408) at void gov.nasa.arc.astrobee.ros.internal.RobotNodeMain.onStart(org.ros.node.ConnectedNode)(RobotNodeMain.java:61) waiters=0 in org.ros.message.MessageFactory gov.nasa.arc.astrobee.ros.internal.RobotNodeMain.getTopicMessageFactory() for 4.258s
06-08 17:30:13.095 W/art     ( 3388): Long monitor contention with owner pool-1-thread-3 (3408) at void gov.nasa.arc.astrobee.ros.internal.RobotNodeMain.onStart(org.ros.node.ConnectedNode)(RobotNodeMain.java:61) waiters=1 in void gov.nasa.arc.astrobee.ros.internal.RobotNodeMain$1.onNewSubscriber(org.ros.node.topic.Publisher, org.ros.internal.node.topic.SubscriberIdentifier) for 2.966s
06-08 17:30:13.371 I/Registrar( 3388): Registering subscriber: Subscriber<Topic<TopicIdentifier</hw/cam_nav>, TopicDescription<sensor_msgs/Image, 060021388200f6f0f447d0fcd9c64743>>>
06-08 17:30:13.536 I/Registrar( 3388): Response<Success, Subscribed to [/hw/imu], [http://10.42.0.34:43685/]>
06-08 17:30:13.735 I/DefaultSubscriber( 3388): Subscriber registered: Subscriber<Topic<TopicIdentifier</hw/imu>, TopicDescription<sensor_msgs/Imu, 6a62c6daae103f4ff57a132d6f95cec2>>>
06-08 17:30:13.997 W/art     ( 3388): Long monitor contention with owner New I/O  worker #17 (3484) at boolean org.ros.concurrent.CircularBlockingDeque.addLast(java.lang.Object)(CircularBlockingDeque.java:72) waiters=1 in void java.lang.Object.wait!() for 157ms
06-08 17:30:14.138 I/Registrar( 3388): Response<Success, Subscribed to [/hw/cam_nav], [http://10.42.0.34:43685/]>
06-08 17:30:14.168 I/DefaultSubscriber( 3388): Subscriber registered: Subscriber<Topic<TopicIdentifier</hw/cam_nav>, TopicDescription<sensor_msgs/Image, 060021388200f6f0f447d0fcd9c64743>>>
06-08 17:30:14.431 I/Registrar( 3388): Response<Success, Subscribed to [/gnc/ekf], [http://10.42.0.34:40318/]>
