05-14 14:41:00.030 I/SystemServer( 3033): No Bluetooth Service (emulator)
05-14 14:41:00.030 I/SystemServer( 3033): ConnectivityMetricsLoggerService
05-14 14:41:00.067 I/SystemServiceManager( 3033): Starting com.android.server.connectivity.MetricsLoggerService
05-14 14:41:00.068 D/EventHub( 3033): No input device configuration file found for device 'Power Button'.
05-14 14:41:00.682 I/SystemServer( 3033): IpConnectivityMetrics
05-14 14:41:00.683 I/SystemServiceManager( 3033): Starting com.android.server.connectivity.IpConnectivityMetrics
05-14 14:41:00.684 I/SystemServer( 3033): PinnerService
05-14 14:41:00.685 I/SystemServiceManager( 3033): Starting com.android.server.PinnerService
05-14 14:41:00.711 I/SystemServiceManager( 3033): Starting com.android.server.InputMethodManagerService$Lifecycle
05-14 14:41:00.897 W/EventHub( 3033): Unable to disable kernel key repeat for /dev/input/event0: Function not implemented
05-14 14:41:00.898 I/EventHub( 3033): New device: id=1, fd=91, path='/dev/input/event0', name='Power Button', classes=0x1, configuration='', keyLayout='/system/usr/keylayout/Generic.kl', keyCharacterMap='/system/usr/keychars/Generic.kcm', builtinKeyboard=false, wakeMechanism=EPOLLWAKEUP, usingClockIoctl=true
05-14 14:41:01.054 W/EventHub( 3033): Unable to disable kernel key repeat for /dev/input/event1: Function not implemented
05-14 14:41:01.054 I/EventHub( 3033): New device: id=2, fd=92, path='/dev/input/event1', name='qwerty2', classes=0x95, configuration='/system/usr/idc/qwerty2.idc', keyLayout='/system/usr/keylayout/qwerty.kl', keyCharacterMap='/system/usr/keychars/qwerty2.kcm', builtinKeyboard=true, wakeMechanism=EPOLLWAKEUP, usingClockIoctl=true
05-14 14:41:01.055 E/EventHub( 3033): could not get driver version for /dev/input/mice, Not a typewriter
05-14 14:41:01.183 I/InputReader( 3033): Device added: id=-1, name='Virtual', sources=0x00000301
05-14 14:41:01.188 I/InputReader( 3033):   Touch device 'qwerty2' could not query the properties of its associated display.  The device will be inoperable until the display size becomes available.
05-14 14:41:01.189 I/InputReader( 3033): Device added: id=0, name='qwerty2', sources=0x80001103
05-14 14:41:01.189 I/InputReader( 3033): Device added: id=1, name='Power Button', sources=0x00000101
05-14 14:41:02.818 I/SystemServer( 3033): StartAccessibilityManagerService
05-14 14:41:03.199 I/ActivityManager( 3033): Config changes=1df8 {1.0 ?mcc?mnc [en_US] ldltr sw360dp w360dp h640dp 480dpi nrml long port ?uimode ?night -touch -keyb/v/h -nav/h s.2}
05-14 14:41:03.377 I/ActivityManager( 3033): Config changes=500 {1.0 ?mcc?mnc [en_US] ldltr sw360dp w360dp h568dp 480dpi nrml port ?uimode ?night -touch -keyb/v/h -nav/h s.3}
05-14 14:41:03.407 I/ActivityManager( 3033): Config changes=8 {1.0 ?mcc?mnc [en_US] ldltr sw360dp w360dp h568dp 480dpi nrml port ?uimode ?night finger -keyb/v/h -nav/h s.4}
05-14 14:41:03.552 I/SystemServiceManager( 3033): Starting com.android.server.MountService$Lifecycle
05-14 14:41:03.555 I/InputReader( 3033): Reconfiguring input devices.  changes=0x00000004
05-14 14:41:03.556 I/InputReader( 3033): Device reconfigured: id=0, name='qwerty2', size 1080x1920, orientation 0, mode 1, display id 0
05-14 14:41:03.567 I/InputReader( 3033): Reconfiguring input devices.  changes=0x00000004
05-14 14:41:03.758 I/SystemServiceManager( 3033): Starting com.android.server.UiModeManagerService
05-14 14:41:03.843 I/ActivityManager( 3033): Config changes=200 {1.0 ?mcc?mnc [en_US] ldltr sw360dp w360dp h568dp 480dpi nrml port finger -keyb/v/h -nav/h s.5}
05-14 14:41:03.856 D/MountService( 3033): Thinking about init, mSystemReady=false, mDaemonConnected=true
05-14 14:41:03.857 D/MountService( 3033): Thinking about reset, mSystemReady=false, mDaemonConnected=true
05-14 14:41:03.857 D/MountService( 3033): Thinking about init, mSystemReady=false, mDaemonConnected=true
05-14 14:41:03.857 D/MountService( 3033): Thinking about reset, mSystemReady=false, mDaemonConnected=true
05-14 14:41:03.863 D/CryptdConnector( 3033): SND -> {1 cryptfs getfield SystemLocale}
05-14 14:41:03.899 D/CryptdConnector( 3033): RCV <- {200 1 -1}
05-14 14:41:03.957 W/PackageManager( 3033): No disk maintenance in 4357929957; running immediately
05-14 14:41:03.958 I/SystemServer( 3033): StartLockSettingsService
05-14 14:41:03.960 I/SystemServiceManager( 3033): Starting com.android.server.LockSettingsService$Lifecycle
05-14 14:41:03.985 W/MountService( 3033): No primary storage mounted!
05-14 14:41:03.986 D/VoldConnector( 3033): SND -> {1 asec list}
05-14 14:41:04.051 D/VoldConnector( 3033): RCV <- {200 1 asec operation succeeded}
05-14 14:41:04.053 I/PackageManager( 3033): No secure containers found
05-14 14:41:04.056 W/PackageManager( 3033): Unknown permission com.google.android.googleapps.permission.GOOGLE_AUTH in package com.android.providers.calendar
05-14 14:41:04.056 W/PackageManager( 3033): Unknown permission com.google.android.googleapps.permission.GOOGLE_AUTH.cl in package com.android.providers.calendar
05-14 14:41:04.057 W/PackageManager( 3033): Not granting permission android.permission.GLOBAL_SEARCH to package com.android.quicksearchbox (protectionLevel=18 flags=0x3808be45)
05-14 14:41:04.058 W/PackageManager( 3033): Not granting permission android.permission.WRITE_EXTERNAL_STORAGE to package gov.nasa.arc.astrobee.android.gs.manager because it was previously installed without
05-14 14:41:04.058 W/PackageManager( 3033): Not granting permission android.permission.READ_EXTERNAL_STORAGE to package gov.nasa.arc.astrobee.android.gs.manager because it was previously installed without
05-14 14:41:04.058 W/PackageManager( 3033): Unknown permission com.android.launcher.permission.READ_SETTINGS in package com.android.launcher3
05-14 14:41:04.058 W/PackageManager( 3033): Unknown permission com.android.launcher.permission.WRITE_SETTINGS in package com.android.launcher3
05-14 14:41:04.059 W/PackageManager( 3033): Not granting permission android.permission.BIND_APPWIDGET to package com.android.launcher3 (protectionLevel=18 flags=0x3c4bbe45)
05-14 14:41:04.059 W/PackageManager( 3033): Unknown permission com.google.android.googleapps.permission.GOOGLE_AUTH.mail in package com.android.calendar
05-14 14:41:04.059 W/PackageManager( 3033): Unknown permission com.google.android.providers.settings.permission.WRITE_GSETTINGS in package com.android.sdksetup
05-14 14:41:04.085 I/SystemServiceManager( 3033): Starting com.android.server.DeviceIdleController
05-14 14:41:04.097 W/PackageManager( 3033): Unknown permission com.google.android.permission.INSTALL_WEARABLE_PACKAGES in package com.android.packageinstaller
05-14 14:41:04.097 W/PackageManager( 3033): Not granting permission android.permission.DELETE_PACKAGES to package com.svox.pico (protectionLevel=18 flags=0x3808be45)
05-14 14:41:04.098 W/PackageManager( 3033): Not granting permission android.permission.READ_CONTACTS to package com.example.android.apis because it was previously installed without
05-14 14:41:04.098 W/PackageManager( 3033): Not granting permission android.permission.WRITE_CONTACTS to package com.example.android.apis because it was previously installed without
05-14 14:41:04.098 W/PackageManager( 3033): Not granting permission android.permission.ACCESS_COARSE_LOCATION to package com.example.android.apis because it was previously installed without
05-14 14:41:04.098 W/PackageManager( 3033): Not granting permission android.permission.WRITE_EXTERNAL_STORAGE to package com.example.android.apis because it was previously installed without
05-14 14:41:04.098 W/PackageManager( 3033): Not granting permission android.permission.SEND_SMS to package com.example.android.apis because it was previously installed without
05-14 14:41:04.098 W/PackageManager( 3033): Not granting permission android.permission.RECEIVE_SMS to package com.example.android.apis because it was previously installed without
05-14 14:41:04.098 W/PackageManager( 3033): Not granting permission android.permission.RECEIVE_MMS to package com.example.android.apis because it was previously installed without
05-14 14:41:04.098 W/PackageManager( 3033): Not granting permission android.permission.READ_SMS to package com.example.android.apis because it was previously installed without
05-14 14:41:04.098 W/PackageManager( 3033): Not granting permission android.permission.READ_PHONE_STATE to package com.example.android.apis because it was previously installed without
05-14 14:41:04.099 W/PackageManager( 3033): Not granting permission android.permission.RECORD_AUDIO to package com.example.android.apis because it was previously installed without
05-14 14:41:04.099 W/PackageManager( 3033): Not granting permission android.permission.CAMERA to package com.example.android.apis because it was previously installed without
05-14 14:41:04.099 W/PackageManager( 3033): Not granting permission android.permission.READ_EXTERNAL_STORAGE to package com.example.android.apis because it was previously installed without
05-14 14:41:04.099 W/PackageManager( 3033): Unknown permission android.permission.RUN_INSTRUMENTATION in package org.chromium.webview_shell
05-14 14:41:04.099 W/PackageManager( 3033): Unknown permission com.google.android.googleapps.permission.GOOGLE_AUTH in package com.android.settings
05-14 14:41:04.100 W/PackageManager( 3033): Unknown permission com.android.launcher.permission.READ_SETTINGS in package com.android.settings
05-14 14:41:04.101 W/PackageManager( 3033): Unknown permission com.android.launcher.permission.WRITE_SETTINGS in package com.android.settings
05-14 14:41:04.101 W/PackageManager( 3033): Unknown permission com.android.smspush.WAPPUSH_MANAGER_BIND in package com.android.phone
05-14 14:41:04.103 W/PackageManager( 3033): Unknown permission com.google.android.googleapps.permission.ACCESS_GOOGLE_PASSWORD in package com.android.development
05-14 14:41:04.103 W/PackageManager( 3033): Unknown permission com.google.android.googleapps.permission.GOOGLE_AUTH in package com.android.development
05-14 14:41:04.103 W/PackageManager( 3033): Unknown permission com.google.android.googleapps.permission.GOOGLE_AUTH.ALL_SERVICES in package com.android.development
05-14 14:41:04.103 W/PackageManager( 3033): Unknown permission com.google.android.googleapps.permission.GOOGLE_AUTH.YouTubeUser in package com.android.development
05-14 14:41:04.103 W/PackageManager( 3033): Not granting permission android.permission.BIND_APPWIDGET to package com.android.widgetpreview (protectionLevel=18 flags=0x3808be44)
05-14 14:41:04.736 W/art     ( 3033): Long monitor contention with owner MountService (3197) at void com.android.server.pm.PackageManagerService.loadMediaPackages(android.util.ArrayMap, int[], boolean)(PackageManagerService.java:19317) waiters=0 in android.content.pm.ApplicationInfo com.android.server.pm.PackageManagerService.getApplicationInfo(java.lang.String, int, int) for 642ms
05-14 14:41:04.762 W/MountService( 3033): No primary storage defined yet; hacking together a stub
05-14 14:41:04.818 W/MountService( 3033): No primary storage defined yet; hacking together a stub
05-14 14:41:04.850 I/SystemServiceManager( 3033): Starting com.android.server.devicepolicy.DevicePolicyManagerService$Lifecycle
05-14 14:41:04.936 I/SystemServer( 3033): StartStatusBarManagerService
05-14 14:41:04.938 W/MountService( 3033): No primary storage mounted!
05-14 14:41:04.963 D/VoldConnector( 3033): SND -> {2 asec list}
05-14 14:41:05.022 D/VoldConnector( 3033): RCV <- {200 2 asec operation succeeded}
05-14 14:41:05.027 I/SystemServer( 3033): StartClipboardService
05-14 14:41:05.031 I/MountService( 3033): Running fstrim idle maintenance
05-14 14:41:05.033 D/VoldConnector( 3033): SND -> {3 fstrim dotrim}
05-14 14:41:05.071 I/SystemServer( 3033): StartNetworkManagementService
05-14 14:41:05.086 D/VoldConnector( 3033): RCV <- {200 3 Command succeeded}
05-14 14:41:05.098 D/vold    ( 1275): Starting trim of /cache
05-14 14:41:05.100 W/vold    ( 1275): Trim failed on /cache: Operation not supported on transport endpoint
05-14 14:41:05.111 D/vold    ( 1275): Starting trim of /data
05-14 14:41:05.111 W/vold    ( 1275): Trim failed on /data: Operation not supported on transport endpoint
05-14 14:41:05.117 D/VoldConnector( 3033): RCV <- {662 /cache -1 -1}
05-14 14:41:05.126 I/NetworkManagement( 3033): onDaemonConnected()
05-14 14:41:05.139 D/VoldConnector( 3033): RCV <- {662 /data -1 -1}
05-14 14:41:05.178 E/VoldConnector( 3033): Error handling '662 /cache -1 -1': java.lang.NullPointerException: Attempt to invoke virtual method 'void android.os.DropBoxManager.addText(java.lang.String, java.lang.String)' on a null object reference
05-14 14:41:05.194 I/SystemServiceManager( 3033): Starting com.android.server.TextServicesManagerService$Lifecycle
05-14 14:41:05.235 E/VoldConnector( 3033): Error handling '662 /data -1 -1': java.lang.NullPointerException: Attempt to invoke virtual method 'void android.os.DropBoxManager.addText(java.lang.String, java.lang.String)' on a null object reference
05-14 14:41:05.279 I/SystemServer( 3033): StartNetworkScoreService
05-14 14:41:05.355 I/SystemServer( 3033): StartNetworkStatsService
05-14 14:41:05.435 I/SystemServer( 3033): StartNetworkPolicyManagerService
05-14 14:41:05.552 I/SystemServer( 3033): No Wi-Fi NAN Service (NAN support Not Present)
05-14 14:41:05.595 W/UsageStatsService( 3033): User[0] Some stats have no latest available
05-14 14:41:05.663 I/UsageStatsService( 3033): User[0] Rollover scheduled @ 2021-05-15 14:41:03(1621089663313)
05-14 14:41:05.947 W/art     ( 3033): Verification of void com.android.server.wifi.p2p.WifiP2pService.<init>(android.content.Context) took 155.209ms
05-14 14:41:05.969 I/SystemServiceManager( 3033): Starting com.android.server.wifi.p2p.WifiP2pService
05-14 14:41:06.137 I/art     ( 3033): Background sticky concurrent mark sweep GC freed 34727(2MB) AllocSpace objects, 20(400KB) LOS objects, 26% free, 8MB/10MB, paused 13.713ms total 515.182ms
05-14 14:41:06.308 I/WifiP2pService( 3033): Registering wifip2p
05-14 14:41:06.324 I/SystemServiceManager( 3033): Starting com.android.server.wifi.WifiService
05-14 14:41:07.195 D/HS20    ( 3033): Passpoint is disabled
05-14 14:41:07.587 D/CommandListener( 1337): Clearing all IP addresses on wlan0
05-14 14:41:07.784 D/WifiApConfigStore( 3033): 2G band allowed channels are:1,6,11
05-14 14:41:07.828 W/art     ( 3033): Long monitor contention with owner WifiStateMachine (3211) at boolean com.android.server.wifi.WifiNative.unloadDriverNative()(WifiNative.java:-2) waiters=0 in java.lang.String com.android.server.wifi.WifiNative.doStringCommand(java.lang.String) for 190ms
05-14 14:41:07.840 E/WifiLogger( 3033): no ring buffers found
05-14 14:41:07.840 E/WifiLogger( 3033): Failed to start packet fate monitoring
05-14 14:41:07.875 D/WifiController( 3033): isAirplaneModeOn = true, isWifiEnabled = false, isScanningAvailable = false
05-14 14:41:07.893 I/WifiService( 3033): Registering wifi
05-14 14:41:07.902 I/SystemServiceManager( 3033): Starting com.android.server.wifi.scanner.WifiScanningService
05-14 14:41:07.902 I/WifiScanningService( 3033): Creating wifiscanner
05-14 14:41:07.911 I/WifiScanningService( 3033): Publishing wifiscanner
05-14 14:41:07.915 I/SystemServiceManager( 3033): Starting com.android.server.wifi.RttService
05-14 14:41:07.921 I/RttService( 3033): Creating rttmanager
05-14 14:41:07.925 I/RttService( 3033): Starting rttmanager
05-14 14:41:07.927 I/SystemServer( 3033): StartConnectivityService
05-14 14:41:07.992 D/ConnectivityService( 3033): ConnectivityService starting up
05-14 14:41:08.032 D/ConnectivityService( 3033): wifiOnly=false
05-14 14:41:08.121 I/SystemServer( 3033): StartNsdService
05-14 14:41:08.152 I/SystemServer( 3033): StartUpdateLockService
05-14 14:41:08.157 I/SystemServiceManager( 3033): Starting com.android.server.RecoverySystemService
05-14 14:41:08.181 I/SystemServiceManager( 3033): Starting com.android.server.notification.NotificationManagerService
05-14 14:41:08.313 D/ConditionProviders.SCP( 3033): new ScheduleConditionProvider()
05-14 14:41:08.370 D/ZenLog  ( 3033): config: readXml,ZenModeConfig[user=0,allowCalls=true,allowRepeatCallers=false,allowMessages=false,allowCallsFrom=contacts,allowMessagesFrom=contacts,allowReminders=true,allowEvents=true,allowWhenScreenOff=true,allowWhenScreenOn=true,automaticRules={370bd6672ef541ba946db9ac4aef0faf=ZenRule[enabled=false,snoozing=false,name=Weeknight,zenMode=ZEN_MODE_ALARMS,conditionId=condition://android/schedule?days=1.2.3.4.5&start=22.0&end=7.0&exitAtAlarm=false,condition=Condition[id=condition://android/schedule?days=1.2.3.4.5&start=22.0&end=7.0&exitAtAlarm=false,summary=...,line1=...,line2=...,icon=0,state=STATE_FALSE,flags=2],component=ComponentInfo{android/com.android.server.notification.ScheduleConditionProvider},id=370bd6672ef541ba946db9ac4aef0faf,creationTime=1590622727817,enabler=null], a53ffdf89c814123a52adbdd46bc948d=ZenRule[enabled=false,snoozing=false,name=Weekend,zenMode=ZEN_MODE_ALARMS,conditionId=condition://android/schedule?days=6.7&start=23.30&end=10.0&exitAtAlarm=false,condition=Condition[id=condition://android/schedule?days=6.7&start=23.30&end=10.0&exitAtAlarm=false,summary=...,line1=...,line2=...,icon=0,state=STATE_FALSE,flags=2],component=ComponentInfo{android/com.android.server.notification.ScheduleConditionProvider},id=a53ffdf89c814123a52adbdd46bc948d,creationTime=1590622727818,enabler=null], fc8bb1aacabb4877a1d1d167106f6e77=ZenRule[enabled=false,snoozing=false,name=Event,zenMode=ZEN_MODE_ALARMS,conditionId=condition://android/event?userId=-10000&calendar=&reply=1,condition=Condition[id=condition://android/event?userId=-10000&calendar=&reply=1,summary=...,line1=...,line2=...,icon=0,state=STATE_FALSE,flags=2],component=ComponentInfo{android/com.android.server.notification.EventConditionProvider},id=fc8bb1aacabb4877a1d1d167106f6e77,creationTime=1590622727822,enabler=null]},manualRule=null],Diff[automaticRule[370bd6672ef541ba946db9ac4aef0faf]:insert,automaticRule[254d4daaadd34dcfb858ecdb10aeec88]:delete,automaticRule[a53ffdf89c814123a52adbdd46bc948d]:insert,automaticRule[ba947f4a726747449b7eaab255bb5df2]:delete,automaticRule[fc8bb1aacabb4877a1d1d167106f6e77]:insert,automaticRule[cf7cd5e36e73434cbd7ce15755be9152]:delete]
05-14 14:41:08.478 D/ZenLog  ( 3033): set_zen_mode: off,init
05-14 14:41:08.514 I/SystemServiceManager( 3033): Starting com.android.server.storage.DeviceStorageMonitorService
05-14 14:41:08.545 I/SystemServer( 3033): StartLocationManagerService
05-14 14:41:08.563 I/SystemServer( 3033): StartCountryDetectorService
05-14 14:41:08.573 I/SystemServer( 3033): StartSearchManagerService
05-14 14:41:08.573 I/SystemServiceManager( 3033): Starting com.android.server.search.SearchManagerService$Lifecycle
05-14 14:41:08.591 I/SystemServiceManager( 3033): Starting com.android.server.DropBoxManagerService
05-14 14:41:08.597 I/SystemServer( 3033): StartWallpaperManagerService
05-14 14:41:08.598 I/SystemServiceManager( 3033): Starting com.android.server.wallpaper.WallpaperManagerService$Lifecycle
05-14 14:41:08.623 E/BitmapFactory( 3033): Unable to decode stream: java.io.FileNotFoundException: /data/system/users/0/wallpaper_orig (No such file or directory)
05-14 14:41:08.623 E/WallpaperManagerService( 3033): Invalid wallpaper data
05-14 14:41:08.623 E/WallpaperManagerService( 3033): Unable to apply new wallpaper
05-14 14:41:08.635 I/SystemServer( 3033): StartAudioService
05-14 14:41:08.635 I/SystemServiceManager( 3033): Starting com.android.server.audio.AudioService$Lifecycle
05-14 14:41:08.731 W/TelecomManager( 3033): Telecom Service not found.
05-14 14:41:08.825 D/PermissionCache( 1327): checking android.permission.MODIFY_AUDIO_SETTINGS for uid=1000 => granted (30659 us)
05-14 14:41:08.872 D/PermissionCache( 1327): checking android.permission.MODIFY_AUDIO_SETTINGS for uid=1000 => granted (73834 us)
05-14 14:41:08.897 W/AudioFlinger( 1327): no wake lock to update, system not ready yet
05-14 14:41:09.156 I/SystemServiceManager( 3033): Starting com.android.server.DockObserver
05-14 14:41:09.158 W/DockObserver( 3033): This kernel does not have dock station support
05-14 14:41:09.183 I/SystemServer( 3033): StartWiredAccessoryManager
05-14 14:41:09.187 W/WiredAccessoryManager( 3033): This kernel does not have usb audio support
05-14 14:41:09.188 W/WiredAccessoryManager( 3033): This kernel does not have HDMI audio support
05-14 14:41:09.246 I/SystemServiceManager( 3033): Starting com.android.server.midi.MidiService$Lifecycle
05-14 14:41:09.255 I/SystemServiceManager( 3033): Starting com.android.server.usb.UsbService$Lifecycle
05-14 14:41:09.483 I/SystemServer( 3033): StartSerialService
05-14 14:41:09.488 E/HardwarePropertiesManagerService-JNI( 3033): Couldn't load thermal module (No such file or directory)
05-14 14:41:09.501 I/SystemServiceManager( 3033): Starting com.android.server.twilight.TwilightService
05-14 14:41:09.504 I/SystemServiceManager( 3033): Starting com.android.server.job.JobSchedulerService
05-14 14:41:09.641 I/SystemServiceManager( 3033): Starting com.android.server.soundtrigger.SoundTriggerService
05-14 14:41:09.649 I/SystemServiceManager( 3033): Starting com.android.server.backup.BackupManagerService$Lifecycle
05-14 14:41:09.722 I/SystemServiceManager( 3033): Starting com.android.server.appwidget.AppWidgetService
05-14 14:41:09.881 I/SystemServiceManager( 3033): Starting com.android.server.voiceinteraction.VoiceInteractionManagerService
05-14 14:41:09.890 I/SystemServer( 3033): Gesture Launcher Service
05-14 14:41:09.919 I/SystemServiceManager( 3033): Starting com.android.server.GestureLauncherService
05-14 14:41:09.942 I/SystemServiceManager( 3033): Starting com.android.server.SensorNotificationService
05-14 14:41:09.943 I/SystemServiceManager( 3033): Starting com.android.server.ContextHubSystemService
05-14 14:41:10.014 E/ContextHubService( 3033): ** Could not load context_hub module : err No such file or directory
05-14 14:41:10.014 W/ContextHubService( 3033): No Context Hub Module present
05-14 14:41:10.014 I/SystemServer( 3033): StartDiskStatsService
05-14 14:41:10.025 I/SystemServer( 3033): StartSamplingProfilerService
05-14 14:41:10.080 I/SystemServer( 3033): StartNetworkTimeUpdateService
05-14 14:41:10.096 I/SystemServer( 3033): StartCommonTimeManagementService
05-14 14:41:10.116 I/SystemServer( 3033): CertBlacklister
05-14 14:41:10.132 I/SystemServiceManager( 3033): Starting com.android.server.emergency.EmergencyAffordanceService
05-14 14:41:10.152 I/SystemServiceManager( 3033): Starting com.android.server.dreams.DreamManagerService
05-14 14:41:10.158 I/SystemServer( 3033): StartAssetAtlasService
05-14 14:41:10.232 I/SystemServiceManager( 3033): Starting com.android.server.print.PrintManagerService
05-14 14:41:10.244 D/AssetAtlas( 3033): Loaded configuration: SliceMinArea (1280x896) flags=0x2 count=91
05-14 14:41:10.268 I/SystemServiceManager( 3033): Starting com.android.server.restrictions.RestrictionsManagerService
05-14 14:41:10.284 I/SystemServiceManager( 3033): Starting com.android.server.media.MediaSessionService
05-14 14:41:10.309 I/SystemServer( 3033): StartMediaRouterService
05-14 14:41:10.344 I/SystemServiceManager( 3033): Starting com.android.server.trust.TrustManagerService
05-14 14:41:10.394 I/SystemServiceManager( 3033): Starting com.android.server.fingerprint.FingerprintService
05-14 14:41:10.428 D/gralloc_ranchu( 3033): Emulator without host-side GPU emulation detected. Loading gralloc.default.so from /vendor/lib64/hw/gralloc.goldfish.default.so...
05-14 14:41:10.463 D/gralloc_ranchu( 3033): gralloc.default.so not found in /vendor. Trying /system/lib64/hw/gralloc.goldfish.default.so...
05-14 14:41:10.489 D/PermissionCache( 1340): checking android.permission.MANAGE_FINGERPRINT for uid=1000 => granted (4824 us)
05-14 14:41:10.503 V/fingerprintd( 1340): nativeOpenHal()
05-14 14:41:10.595 D/FingerprintHal( 1340): ----------------> fingerprint_open ----------------->
05-14 14:41:10.598 E/fingerprintd( 1340): Wrong fp version. Expected 512, got 513
05-14 14:41:10.598 D/FingerprintHal( 1340): ----------------> set_notify_callback ----------------->
05-14 14:41:10.598 D/FingerprintHal( 1340): fingerprint callback notification set
05-14 14:41:10.598 V/fingerprintd( 1340): fingerprint HAL successfully initialized
05-14 14:41:10.631 D/FingerprintHal( 1340): ----------------> listenerFunction ----------------->
05-14 14:41:10.635 V/fingerprintd( 1340): setActiveGroup(0, /data/system/users/0/fpdata, 27)
05-14 14:41:10.635 D/FingerprintHal( 1340): ----------------> fingerprint_set_active_group -----------------> path /data/system/users/0/fpdata
05-14 14:41:10.635 D/FingerprintHal( 1340): ----------------> loadFingerprints ----------------->
05-14 14:41:10.636 E/FingerprintHal( 1340): Could not load fingerprints from storage at /data/system/users/0/fpdata/emufp.bin; it has not yet been created.
05-14 14:41:10.636 D/FingerprintHal( 1340): ----------------> loadAuthenticatorId ----------------->
05-14 14:41:10.640 D/FingerprintHal( 1340): Read authenticator id (0x6b8b4567327b23c6)
05-14 14:41:10.641 D/FingerprintHal( 1340): ----------------> fingerprint_get_auth_id ----------------->
05-14 14:41:10.642 D/FingerprintHal( 1340): ----------------> fingerprint_get_auth_id auth id 6b8b4567327b23c6----------------->
05-14 14:41:10.642 V/FingerprintService( 3033): Fingerprint HAL id: 136441112084480
05-14 14:41:10.663 I/SystemServer( 3033): StartBackgroundDexOptService
05-14 14:41:10.701 I/SystemServiceManager( 3033): Starting com.android.server.pm.ShortcutService$Lifecycle
05-14 14:41:10.771 I/SystemServiceManager( 3033): Starting com.android.server.pm.LauncherAppsService
05-14 14:41:10.792 I/SystemServiceManager( 3033): Starting com.android.server.media.projection.MediaProjectionManagerService
05-14 14:41:10.815 V/MediaRouter( 3033): Adding route: RouteInfo{ name=Phone, description=null, status=null, category=RouteCategory{ name=null types=ROUTE_TYPE_LIVE_AUDIO ROUTE_TYPE_LIVE_VIDEO  groupable=false }, supportedTypes=ROUTE_TYPE_LIVE_AUDIO ROUTE_TYPE_LIVE_VIDEO , presentationDisplay=null }
05-14 14:41:10.863 V/MediaRouter( 3033): Updating audio routes: AudioRoutesInfo{ type=SPEAKER }
05-14 14:41:10.869 V/MediaRouter( 3033): Selecting route: RouteInfo{ name=Phone, description=null, status=null, category=RouteCategory{ name=null types=ROUTE_TYPE_LIVE_AUDIO ROUTE_TYPE_LIVE_VIDEO  groupable=false }, supportedTypes=ROUTE_TYPE_LIVE_AUDIO ROUTE_TYPE_LIVE_VIDEO , presentationDisplay=null }
05-14 14:41:10.929 I/WindowManager( 3033): SAFE MODE not enabled
05-14 14:41:10.941 I/SystemServiceManager( 3033): Starting com.android.server.MmsServiceBroker
05-14 14:41:10.958 W/VibratorService( 3033): Tried to stop vibrating but there is no vibrator device.
05-14 14:41:11.085 W/AssetAtlasService( 3033): Could not find EGL configuration
05-14 14:41:11.116 D/AssetAtlas( 3033): Rendered atlas in 542.27ms (539.21+3.05ms)
05-14 14:41:11.217 I/art     ( 3033): Background partial concurrent mark sweep GC freed 18939(1450KB) AllocSpace objects, 5(100KB) LOS objects, 24% free, 12MB/16MB, paused 21.345ms total 648.523ms
05-14 14:41:11.979 E/LockSettingsStorage( 3033): Cannot read file java.io.FileNotFoundException: /data/system/gatekeeper.password.key: open failed: ENOENT (No such file or directory)
05-14 14:41:12.061 E/LockSettingsStorage( 3033): Cannot read file java.io.FileNotFoundException: /data/system/password.key: open failed: ENOENT (No such file or directory)
05-14 14:41:12.063 E/LockSettingsStorage( 3033): Cannot read file java.io.FileNotFoundException: /data/system/gatekeeper.pattern.key: open failed: ENOENT (No such file or directory)
05-14 14:41:12.064 E/LockSettingsStorage( 3033): Cannot read file java.io.FileNotFoundException: /data/system/gatekeeper.gesture.key: open failed: ENOENT (No such file or directory)
05-14 14:41:12.065 E/LockSettingsStorage( 3033): Cannot read file java.io.FileNotFoundException: /data/system/gesture.key: open failed: ENOENT (No such file or directory)
05-14 14:41:12.065 I/SystemServiceManager( 3033): Starting phase 480
05-14 14:41:12.170 I/DevicePolicyManagerService( 3033): Set ro.device_owner property to false
05-14 14:41:12.272 I/SystemServiceManager( 3033): Starting phase 500
05-14 14:41:12.314 D/ConnectivityMetricsLoggerService( 3033): onBootPhase: PHASE_SYSTEM_SERVICES_READY
05-14 14:41:12.376 I/WifiService( 3033): WifiService starting up with Wi-Fi disabled
05-14 14:41:12.403 I/WifiScanningService( 3033): Starting wifiscanner
05-14 14:41:12.457 I/RttService( 3033): Registering rttmanager
05-14 14:41:12.506 D/ZenLog  ( 3033): config: cleanUpZenRules,ZenModeConfig[user=0,allowCalls=true,allowRepeatCallers=false,allowMessages=false,allowCallsFrom=contacts,allowMessagesFrom=contacts,allowReminders=true,allowEvents=true,allowWhenScreenOff=true,allowWhenScreenOn=true,automaticRules={370bd6672ef541ba946db9ac4aef0faf=ZenRule[enabled=false,snoozing=false,name=Weeknight,zenMode=ZEN_MODE_ALARMS,conditionId=condition://android/schedule?days=1.2.3.4.5&start=22.0&end=7.0&exitAtAlarm=false,condition=Condition[id=condition://android/schedule?days=1.2.3.4.5&start=22.0&end=7.0&exitAtAlarm=false,summary=...,line1=...,line2=...,icon=0,state=STATE_FALSE,flags=2],component=ComponentInfo{android/com.android.server.notification.ScheduleConditionProvider},id=370bd6672ef541ba946db9ac4aef0faf,creationTime=1590622727817,enabler=null], a53ffdf89c814123a52adbdd46bc948d=ZenRule[enabled=false,snoozing=false,name=Weekend,zenMode=ZEN_MODE_ALARMS,conditionId=condition://android/schedule?days=6.7&start=23.30&end=10.0&exitAtAlarm=false,condition=Condition[id=condition://android/schedule?days=6.7&start=23.30&end=10.0&exitAtAlarm=false,summary=...,line1=...,line2=...,icon=0,state=STATE_FALSE,flags=2],component=ComponentInfo{android/com.android.server.notification.ScheduleConditionProvider},id=a53ffdf89c814123a52adbdd46bc948d,creationTime=1590622727818,enabler=null], fc8bb1aacabb4877a1d1d167106f6e77=ZenRule[enabled=false,snoozing=false,name=Event,zenMode=ZEN_MODE_ALARMS,conditionId=condition://android/event?userId=-10000&calendar=&reply=1,condition=Condition[id=condition://android/event?userId=-10000&calendar=&reply=1,summary=...,line1=...,line2=...,icon=0,state=STATE_FALSE,flags=2],component=ComponentInfo{android/com.android.server.notification.EventConditionProvider},id=fc8bb1aacabb4877a1d1d167106f6e77,creationTime=1590622727822,enabler=null]},manualRule=null],Diff[]
05-14 14:41:12.507 D/ZenLog  ( 3033): set_zen_mode: off,onSystemReady
05-14 14:41:12.542 D/PermissionCache( 1327): checking android.permission.CAPTURE_AUDIO_HOTWORD for uid=1000 => granted (959 us)
05-14 14:41:12.544 W/SoundTriggerHelper( 3033): listModules status=0, # of modules=0
05-14 14:41:12.545 D/ContextHubSystemService( 3033): onBootPhase: PHASE_SYSTEM_SERVICES_READY
05-14 14:41:12.899 V/UserManagerService( 3033): Found /data/user_de/0 with serial number 0
05-14 14:41:12.899 V/UserManagerService( 3033): Found /data/user/0 with serial number 0
05-14 14:41:12.941 V/UserManagerService( 3033): Found /data/system_de/0 with serial number 0
05-14 14:41:12.942 V/UserManagerService( 3033): Found /data/system_ce/0 with serial number 0
05-14 14:41:12.992 W/KeyguardServiceDelegate( 3033): onScreenTurningOn(): no keyguard service!
05-14 14:41:13.109 I/ActivityManager( 3033): System now ready
05-14 14:41:13.201 I/SystemServer( 3033): Making services ready
05-14 14:41:13.201 I/SystemServiceManager( 3033): Starting phase 550
05-14 14:41:13.681 E/InputMethodManagerService( 3033): Ignoring updateSystemUiLocked due to an invalid token. uid:1000 token:null
05-14 14:41:13.777 W/BroadcastQueue( 3033): Timeout of broadcast BroadcastRecord{e189774 u-1 android.intent.action.TIME_TICK} - receiver=android.app.LoadedApk$ReceiverDispatcher$InnerReceiver@9e73e0b, started 10004ms ago
05-14 14:41:13.778 W/BroadcastQueue( 3033): Receiver during timeout: BroadcastFilter{7fd2701 u0 ReceiverList{3def4e8 3033 system/1000/u0 local:9e73e0b}}
05-14 14:41:13.993 W/WindowManager( 3033): Keyguard drawn timeout. Setting mKeyguardDrawComplete
05-14 14:41:14.442 I/Zygote  ( 3033): Process: zygote socket opened, supported ABIS: x86_64
05-14 14:41:14.512 W/ActivityManager( 3033): Slow operation: 218ms so far, now at startProcess: returned from zygote!
05-14 14:41:14.512 W/ActivityManager( 3033): Slow operation: 218ms so far, now at startProcess: done updating battery stats
05-14 14:41:14.513 W/ActivityManager( 3033): Slow operation: 219ms so far, now at startProcess: building log message
05-14 14:41:14.514 I/ActivityManager( 3033): Start proc 3249:com.android.inputmethod.latin/u0a41 for service com.android.inputmethod.latin/.LatinIME
05-14 14:41:14.514 W/ActivityManager( 3033): Slow operation: 220ms so far, now at startProcess: starting to update pids map
05-14 14:41:14.514 W/ActivityManager( 3033): Slow operation: 220ms so far, now at startProcess: done updating pids map
05-14 14:41:14.515 W/ActivityManager( 3033): Slow operation: 221ms so far, now at startProcess: done starting proc!
05-14 14:41:14.516 V/InputMethodManagerService( 3033): Adding window token: android.os.Binder@de1b6e0
05-14 14:41:14.517 D/MountService( 3033): Thinking about init, mSystemReady=true, mDaemonConnected=true
05-14 14:41:14.518 D/MountService( 3033): Setting up emulation state, initlocked=false
05-14 14:41:14.518 D/CryptdConnector( 3033): SND -> {2 cryptfs unlock_user_key 0 0 ! !}
05-14 14:41:14.536 E/BitmapFactory( 3033): Unable to decode stream: java.io.FileNotFoundException: /data/system/users/0/wallpaper_orig (No such file or directory)
05-14 14:41:14.536 E/WallpaperManagerService( 3033): Invalid wallpaper data
05-14 14:41:14.536 E/WallpaperManagerService( 3033): Unable to apply new wallpaper
05-14 14:41:14.541 D/vold    ( 1275): e4crypt_unlock_user_key 0 serial=0 token_present=0
05-14 14:41:14.543 D/CryptdConnector( 3033): RCV <- {200 2 Command succeeded}
05-14 14:41:14.544 D/MountService( 3033): Thinking about reset, mSystemReady=true, mDaemonConnected=true
05-14 14:41:14.546 D/VoldConnector( 3033): SND -> {4 volume reset}
05-14 14:41:14.550 D/vold    ( 1275): Recognized experimental block major ID 253 as virtio-blk (emulator's virtual SD card device)
05-14 14:41:14.551 I/ActivityManager( 3033): Force stopping com.android.providers.media appid=10010 user=-1: vold reset
05-14 14:41:14.560 D/VoldConnector( 3033): RCV <- {651 emulated 7}
05-14 14:41:14.561 D/VoldConnector( 3033): RCV <- {659 emulated}
05-14 14:41:14.562 D/VoldConnector( 3033): RCV <- {650 emulated 2 "" ""}
05-14 14:41:14.563 D/VoldConnector( 3033): RCV <- {651 emulated 0}
05-14 14:41:14.564 D/VoldConnector( 3033): RCV <- {651 public:253,48 7}
05-14 14:41:14.564 D/VoldConnector( 3033): RCV <- {659 public:253,48}
05-14 14:41:14.565 D/VoldConnector( 3033): RCV <- {649 disk:253,48}
05-14 14:41:14.566 D/VoldConnector( 3033): RCV <- {640 disk:253,48 5}
05-14 14:41:14.632 V/vold    ( 1275): /system/bin/sgdisk
05-14 14:41:14.632 V/vold    ( 1275):     --android-dump
05-14 14:41:14.633 V/vold    ( 1275):     /dev/block/vold/disk:253,48
05-14 14:41:14.639 V/MountService( 3033): Found primary storage at VolumeInfo{emulated}:
05-14 14:41:14.639 V/MountService( 3033):     type=EMULATED diskId=null partGuid=null mountFlags=0 mountUserId=-1 
05-14 14:41:14.639 V/MountService( 3033):     state=UNMOUNTED 
05-14 14:41:14.639 V/MountService( 3033):     fsType=null fsUuid=null fsLabel=null 
05-14 14:41:14.639 V/MountService( 3033):     path=null internalPath=null 
05-14 14:41:14.648 D/VoldConnector( 3033): RCV <- {641 disk:253,48 549453824}
05-14 14:41:14.673 D/VoldConnector( 3033): RCV <- {642 disk:253,48 Virtual}
05-14 14:41:14.674 D/VoldConnector( 3033): RCV <- {644 disk:253,48 /sys//devices/pci0000:00/0000:00:06.0/virtio3/block/vdd}
05-14 14:41:14.732 W/art     ( 3249): Unexpected CPU variant for X86 using defaults: x86_64
05-14 14:41:14.758 W/art     ( 3255): Unexpected CPU variant for X86 using defaults: x86_64
05-14 14:41:14.823 W/ActivityManager( 3033): Slow operation: 159ms so far, now at startProcess: returned from zygote!
05-14 14:41:14.823 W/ActivityManager( 3033): Slow operation: 159ms so far, now at startProcess: done updating battery stats
05-14 14:41:14.824 W/ActivityManager( 3033): Slow operation: 160ms so far, now at startProcess: building log message
05-14 14:41:14.824 I/ActivityManager( 3033): Start proc 3255:com.android.systemui/u0a21 for service com.android.systemui/.ImageWallpaper
05-14 14:41:14.824 W/ActivityManager( 3033): Slow operation: 160ms so far, now at startProcess: starting to update pids map
05-14 14:41:14.824 W/ActivityManager( 3033): Slow operation: 160ms so far, now at startProcess: done updating pids map
05-14 14:41:14.824 W/ActivityManager( 3033): Slow operation: 160ms so far, now at startProcess: done starting proc!
05-14 14:41:14.836 D/UsbAlsaManager( 3033): Adding ALSA device AlsaDevice: [card: 0, device: 0, type: 1]
05-14 14:41:14.836 D/UsbAlsaManager( 3033): Adding ALSA device AlsaDevice: [card: 0, device: 0, type: 2]
05-14 14:41:14.838 I/SystemServer( 3033): WebViewFactory preparation
05-14 14:41:14.895 E/BluetoothAdapter( 3033): Bluetooth binder is null
05-14 14:41:14.899 E/BluetoothAdapter( 3033): Bluetooth binder is null
05-14 14:41:15.149 D/WebViewFactory( 3033): Setting new address space to 114394000
05-14 14:41:15.154 I/AudioFlinger( 1327): systemReady
05-14 14:41:15.467 I/Zygote  ( 3033): Process: zygote socket opened, supported ABIS: x86
05-14 14:41:15.643 E/WVMExtractor( 3033): Failed to open libwvm.so: dlopen failed: library "libwvm.so" not found
05-14 14:41:15.664 W/System  ( 3255): ClassLoader referenced unknown path: /system/priv-app/SystemUI/lib/x86_64
05-14 14:41:15.737 I/art     ( 1326): Starting a blocking GC Background
05-14 14:41:15.822 V/vold    ( 1275): DISK mbr
05-14 14:41:15.822 V/vold    ( 1275): 
05-14 14:41:15.871 W/vold    ( 1275): disk:253,48 has unknown partition table; trying entire device
05-14 14:41:15.872 V/vold    ( 1275): /system/bin/blkid
05-14 14:41:15.872 V/vold    ( 1275):     -c
05-14 14:41:15.872 V/vold    ( 1275):     /dev/null
05-14 14:41:15.872 V/vold    ( 1275):     -s
05-14 14:41:15.872 V/vold    ( 1275):     TYPE
05-14 14:41:15.872 V/vold    ( 1275):     -s
05-14 14:41:15.872 V/vold    ( 1275):     UUID
05-14 14:41:15.872 V/vold    ( 1275):     -s
05-14 14:41:15.872 V/vold    ( 1275):     LABEL
05-14 14:41:15.872 V/vold    ( 1275):     /dev/block/vold/disk:253,48
05-14 14:41:16.145 I/art     ( 1326): Background concurrent mark sweep GC freed 123(16KB) AllocSpace objects, 0(0B) LOS objects, 39% free, 6MB/10MB, paused 1.702ms total 404.484ms
05-14 14:41:16.333 I/MediaPlayerService( 1336): MediaPlayerService::getOMX
05-14 14:41:16.616 I/OMXClient( 1336): MuxOMX ctor
05-14 14:41:16.805 I/MediaPlayerService( 1336): MediaPlayerService::getOMX
05-14 14:41:16.895 I/OMXClient( 1336): MuxOMX ctor
05-14 14:41:16.958 I/OMXMaster( 1333): makeComponentInstance(OMX.google.mp3.decoder) in mediacodec process
05-14 14:41:17.198 V/vold    ( 1275): /dev/block/vold/disk:253,48: LABEL="SDCARD" UUID="1EFF-1C1B" TYPE="vfat" 
05-14 14:41:17.198 V/vold    ( 1275): 
05-14 14:41:17.307 D/VoldConnector( 3033): RCV <- {650 public:253,48 0 "disk:253,48" ""}
05-14 14:41:17.423 W/ActivityManager( 3033): Slow operation: 2209ms so far, now at startProcess: returned from zygote!
05-14 14:41:17.425 W/ActivityManager( 3033): Slow operation: 2211ms so far, now at startProcess: done updating battery stats
05-14 14:41:17.426 W/ActivityManager( 3033): Slow operation: 2212ms so far, now at startProcess: building log message
05-14 14:41:17.427 I/ActivityManager( 3033): Start proc 3290:WebViewLoader-x86/1037 [android.webkit.WebViewFactory$RelroFileCreator] for 
05-14 14:41:17.427 W/ActivityManager( 3033): Slow operation: 2213ms so far, now at startProcess: starting to update pids map
05-14 14:41:17.427 W/ActivityManager( 3033): Slow operation: 2213ms so far, now at startProcess: done updating pids map
05-14 14:41:17.427 W/ActivityManager( 3033): Slow operation: 2214ms so far, now at startProcess: done starting proc!
05-14 14:41:17.438 D/VoldConnector( 3033): RCV <- {651 public:253,48 0}
05-14 14:41:17.493 W/art     ( 3033): Long monitor contention with owner main (3033) at int com.android.server.am.ActivityManagerService.startIsolatedProcess(java.lang.String, java.lang.String[], java.lang.String, java.lang.String, int, java.lang.Runnable)(ActivityManagerService.java:3509) waiters=0 in void com.android.server.am.ActivityManagerService.dispatchUidsChanged() for 2.210s
05-14 14:41:17.554 D/VoldConnector( 3033): RCV <- {643 disk:253,48}
05-14 14:41:17.557 D/VoldConnector( 3033): RCV <- {200 4 Command succeeded}
05-14 14:41:17.597 W/art     ( 3290): Unexpected CPU variant for X86 using defaults: x86
05-14 14:41:17.601 E/VoldConnector( 3033): NDC Command {4 volume reset} took too long (3055ms)
05-14 14:41:17.604 D/VoldConnector( 3033): SND -> {5 volume user_added 0 0}
05-14 14:41:17.607 D/VoldConnector( 3033): RCV <- {200 5 Command succeeded}
05-14 14:41:17.807 W/ProcessCpuTracker( 3033): Skipping unknown process pid 3285
05-14 14:41:17.862 W/ActivityManager( 3033): Slow operation: 427ms so far, now at startProcess: returned from zygote!
05-14 14:41:17.863 W/ActivityManager( 3033): Slow operation: 428ms so far, now at startProcess: done updating battery stats
05-14 14:41:17.863 W/ActivityManager( 3033): Slow operation: 428ms so far, now at startProcess: building log message
05-14 14:41:17.863 I/ActivityManager( 3033): Start proc 3295:WebViewLoader-x86_64/1037 [android.webkit.WebViewFactory$RelroFileCreator] for 
05-14 14:41:17.863 W/ActivityManager( 3033): Slow operation: 428ms so far, now at startProcess: starting to update pids map
05-14 14:41:17.863 W/ActivityManager( 3033): Slow operation: 428ms so far, now at startProcess: done updating pids map
05-14 14:41:17.863 W/ActivityManager( 3033): Slow operation: 434ms so far, now at startProcess: done starting proc!
05-14 14:41:17.870 W/art     ( 3033): Long monitor contention with owner main (3033) at int com.android.server.am.ActivityManagerService.startIsolatedProcess(java.lang.String, java.lang.String[], java.lang.String, java.lang.String, int, java.lang.Runnable)(ActivityManagerService.java:3509) waiters=1 in void com.android.server.am.ActivityManagerService.publishContentProviders(android.app.IApplicationThread, java.util.List) for 908ms
05-14 14:41:17.886 W/art     ( 3033): Long monitor contention with owner main (3033) at int com.android.server.am.ActivityManagerService.startIsolatedProcess(java.lang.String, java.lang.String[], java.lang.String, java.lang.String, int, java.lang.Runnable)(ActivityManagerService.java:3509) waiters=2 in void com.android.server.am.ActivityManagerService$MainHandler.handleMessage(android.os.Message) for 585ms
05-14 14:41:17.902 D/VoldConnector( 3033): SND -> {6 volume mount emulated 3 -1}
05-14 14:41:17.908 V/vold    ( 1275): Waiting for FUSE to spin up...
05-14 14:41:17.909 D/VoldConnector( 3033): RCV <- {651 emulated 1}
05-14 14:41:17.917 D/VoldConnector( 3033): RCV <- {656 emulated /data/media}
05-14 14:41:17.918 D/VoldConnector( 3033): RCV <- {655 emulated /storage/emulated}
05-14 14:41:17.991 V/vold    ( 1275): Waiting for FUSE to spin up...
05-14 14:41:17.993 W/art     ( 3295): Unexpected CPU variant for X86 using defaults: x86_64
05-14 14:41:18.040 W/art     ( 3033): Long monitor contention with owner Binder:3033_2 (3056) at void com.android.server.am.ActivityManagerService.publishContentProviders(android.app.IApplicationThread, java.util.List)(ActivityManagerService.java:11160) waiters=0 in void com.android.server.am.ActivityManagerService.dispatchUidsChanged() for 146ms
05-14 14:41:18.050 V/vold    ( 1275): Waiting for FUSE to spin up...
05-14 14:41:18.055 D/NetworkManagement( 3033): enabling bandwidth control
05-14 14:41:18.102 V/vold    ( 1275): Waiting for FUSE to spin up...
05-14 14:41:18.160 V/vold    ( 1275): Waiting for FUSE to spin up...
05-14 14:41:18.220 V/vold    ( 1275): Waiting for FUSE to spin up...
05-14 14:41:18.248 V/WebViewFactory( 3295): RelroFileCreator (64bit = true),  32-bit lib: /system/app/webview/webview.apk!/lib/x86/libwebviewchromium.so, 64-bit lib: /system/app/webview/webview.apk!/lib/x86_64/libwebviewchromium.so
05-14 14:41:18.274 V/vold    ( 1275): Waiting for FUSE to spin up...
05-14 14:41:18.324 V/vold    ( 1275): Waiting for FUSE to spin up...
05-14 14:41:18.380 V/vold    ( 1275): Waiting for FUSE to spin up...
05-14 14:41:18.471 V/vold    ( 1275): Waiting for FUSE to spin up...
05-14 14:41:18.530 V/vold    ( 1275): Waiting for FUSE to spin up...
05-14 14:41:18.543 V/SystemUIService( 3255): Starting SystemUI services for user 0.
05-14 14:41:18.590 V/vold    ( 1275): Waiting for FUSE to spin up...
05-14 14:41:18.619 V/WebViewFactory( 3290): RelroFileCreator (64bit = false),  32-bit lib: /system/app/webview/webview.apk!/lib/x86/libwebviewchromium.so, 64-bit lib: /system/app/webview/webview.apk!/lib/x86_64/libwebviewchromium.so
05-14 14:41:18.642 V/vold    ( 1275): Waiting for FUSE to spin up...
05-14 14:41:18.692 V/vold    ( 1275): Waiting for FUSE to spin up...
05-14 14:41:18.743 V/vold    ( 1275): Waiting for FUSE to spin up...
05-14 14:41:18.794 V/vold    ( 1275): Waiting for FUSE to spin up...
05-14 14:41:18.810 W/sdcard  ( 3301): Device explicitly disabled sdcardfs
05-14 14:41:18.847 V/vold    ( 1275): Waiting for FUSE to spin up...
05-14 14:41:18.911 V/vold    ( 1275): Waiting for FUSE to spin up...
05-14 14:41:18.970 V/vold    ( 1275): Waiting for FUSE to spin up...
05-14 14:41:19.030 V/vold    ( 1275): Waiting for FUSE to spin up...
05-14 14:41:19.092 D/VoldConnector( 3033): RCV <- {651 emulated 2}
05-14 14:41:19.093 D/VoldConnector( 3033): RCV <- {200 6 Command succeeded}
05-14 14:41:19.096 E/VoldConnector( 3033): NDC Command {6 volume mount emulated 3 -1} took too long (1194ms)
05-14 14:41:19.101 D/VoldConnector( 3033): SND -> {7 volume mount public:253,48 2 0}
05-14 14:41:19.151 D/VoldConnector( 3033): RCV <- {651 public:253,48 1}
05-14 14:41:19.154 V/vold    ( 1275): /system/bin/blkid
05-14 14:41:19.154 V/vold    ( 1275):     -c
05-14 14:41:19.154 V/vold    ( 1275):     /dev/null
05-14 14:41:19.154 V/vold    ( 1275):     -s
05-14 14:41:19.154 V/vold    ( 1275):     TYPE
05-14 14:41:19.154 V/vold    ( 1275):     -s
05-14 14:41:19.154 V/vold    ( 1275):     UUID
05-14 14:41:19.154 V/vold    ( 1275):     -s
05-14 14:41:19.154 V/vold    ( 1275):     LABEL
05-14 14:41:19.154 V/vold    ( 1275):     /dev/block/vold/public:253,48
05-14 14:41:19.377 I/LatinIME( 3249): Hardware accelerated drawing: true
05-14 14:41:19.421 I/MediaPlayerService( 1336): MediaPlayerService::getOMX
05-14 14:41:19.442 I/OMXClient( 1336): MuxOMX ctor
05-14 14:41:19.443 I/OMXMaster( 1333): makeComponentInstance(OMX.google.amrnb.decoder) in mediacodec process
05-14 14:41:19.465 V/MediaRouter( 3255): Adding route: RouteInfo{ name=Phone, description=null, status=null, category=RouteCategory{ name=null types=ROUTE_TYPE_LIVE_AUDIO ROUTE_TYPE_LIVE_VIDEO  groupable=false }, supportedTypes=ROUTE_TYPE_LIVE_AUDIO ROUTE_TYPE_LIVE_VIDEO , presentationDisplay=null }
05-14 14:41:19.595 V/MediaRouter( 3255): Updating audio routes: AudioRoutesInfo{ type=SPEAKER }
05-14 14:41:19.618 I/MediaPlayerService( 1336): MediaPlayerService::getOMX
05-14 14:41:19.682 V/MediaRouter( 3255): Selecting route: RouteInfo{ name=Phone, description=null, status=null, category=RouteCategory{ name=null types=ROUTE_TYPE_LIVE_AUDIO ROUTE_TYPE_LIVE_VIDEO  groupable=false }, supportedTypes=ROUTE_TYPE_LIVE_AUDIO ROUTE_TYPE_LIVE_VIDEO , presentationDisplay=null }
05-14 14:41:19.750 I/OMXClient( 1336): MuxOMX ctor
05-14 14:41:19.751 I/OMXMaster( 1333): makeComponentInstance(OMX.google.amrwb.decoder) in mediacodec process
05-14 14:41:19.851 I/MediaPlayerService( 1336): MediaPlayerService::getOMX
05-14 14:41:19.852 I/OMXClient( 1336): MuxOMX ctor
05-14 14:41:19.853 I/OMXMaster( 1333): makeComponentInstance(OMX.google.aac.decoder) in mediacodec process
05-14 14:41:20.142 I/MediaPlayerService( 1336): MediaPlayerService::getOMX
05-14 14:41:20.143 I/OMXClient( 1336): MuxOMX ctor
05-14 14:41:20.144 I/OMXMaster( 1333): makeComponentInstance(OMX.google.g711.alaw.decoder) in mediacodec process
05-14 14:41:20.580 V/vold    ( 1275): /dev/block/vold/public:253,48: LABEL="SDCARD" UUID="1EFF-1C1B" TYPE="vfat" 
05-14 14:41:20.580 V/vold    ( 1275): 
05-14 14:41:20.583 V/vold    ( 1275): /system/bin/fsck_msdos
05-14 14:41:20.583 V/vold    ( 1275):     -p
05-14 14:41:20.583 V/vold    ( 1275):     -f
05-14 14:41:20.583 V/vold    ( 1275):     /dev/block/vold/public:253,48
05-14 14:41:20.588 D/VoldConnector( 3033): RCV <- {652 public:253,48 vfat}
05-14 14:41:20.589 D/VoldConnector( 3033): RCV <- {653 public:253,48 1EFF-1C1B}
05-14 14:41:20.652 D/VoldConnector( 3033): RCV <- {654 public:253,48 SDCARD}
05-14 14:41:20.893 I/art     ( 3249): Waiting for a blocking GC DisableMovingGc
05-14 14:41:20.900 I/art     ( 3249): WaitForGcToComplete blocked for 30.824ms for cause DisableMovingGc
05-14 14:41:20.901 I/art     ( 3249): Starting a blocking GC DisableMovingGc
05-14 14:41:21.233 I/MediaPlayerService( 1336): MediaPlayerService::getOMX
05-14 14:41:21.235 I/OMXClient( 1336): MuxOMX ctor
05-14 14:41:21.235 I/OMXMaster( 1333): makeComponentInstance(OMX.google.g711.mlaw.decoder) in mediacodec process
05-14 14:41:21.277 E/WVMExtractor( 3255): Failed to open libwvm.so: dlopen failed: library "libwvm.so" not found
05-14 14:41:21.538 I/fsck_msdos( 1275): ** /dev/block/vold/public:253,48
05-14 14:41:21.604 I/fsck_msdos( 1275): ** Phase 1 - Read and Compare FATs
05-14 14:41:21.604 I/fsck_msdos( 1275): Attempting to allocate 1046 KB for FAT
05-14 14:41:21.623 I/art     ( 3290): System.exit called, status: 0
05-14 14:41:21.624 I/AndroidRuntime( 3290): VM exiting with result code 0, cleanup skipped.
05-14 14:41:21.860 I/fsck_msdos( 1275): Attempting to allocate 1046 KB for FAT
