05-14 14:39:00.095 V/EmulatedCamera_Device( 1328): setWhiteBalanceMode with white balance auto
05-14 14:39:00.095 E/EmulatedCamera_Factory( 1328): 1 cameras are being emulated. 0 of them are fake cameras.
05-14 14:39:00.096 E/EmulatedCamera_HotplugThread( 1328): createFileIfNotExists: Could not create file '/data/misc/media/emulator.camera.hotplug.0', error: 'Permission denied' (13)
05-14 14:39:00.152 I/CameraService( 1328): Loaded "Emulated Camera Module" camera module
05-14 14:39:00.152 E/CameraService( 1328): setUpVendorTags: Vendor tag operations not fully defined. Ignoring definitions.
05-14 14:39:00.152 V/EmulatedCamera_Camera( 1328): getCameraInfo
05-14 14:39:00.153 V/EmulatedCamera_BaseCamera( 1328): getCameraInfo
05-14 14:39:00.153 I/CameraFlashlight( 1328): Opening camera 0
05-14 14:39:00.153 V/EmulatedCamera_Camera( 1328): getCameraInfo
05-14 14:39:00.153 V/EmulatedCamera_BaseCamera( 1328): getCameraInfo
05-14 14:39:00.200 V/EmulatedCamera_Camera( 1328): connectCamera
05-14 14:39:00.200 V/EmulatedCamera_FakeDevice( 1328): connectDevice
05-14 14:39:00.200 V/EmulatedCamera_CallbackNotifier( 1328): setCallbacks: 0xe9132e80, 0xe9132ed0, 0xe9132ff0, 0xe9133110 (0xe8a43140)
05-14 14:39:00.258 V/EmulatedCamera_Preview( 1328): setPreviewWindow: current: 0x0 -> new: 0xe8a43150
05-14 14:39:00.258 V/EmulatedCamera_Preview( 1328): setPreviewWindow: current: 0xe8a43150 -> new: 0x0
05-14 14:39:00.258 V/EmulatedCamera_Camera( 1328): doStopPreview
05-14 14:39:00.259 V/EmulatedCamera_Preview( 1328): setPreviewWindow: current: 0x0 -> new: 0x0
05-14 14:39:00.260 V/EmulatedCamera_Camera( 1328): releaseCamera
05-14 14:39:00.310 V/EmulatedCamera_Camera( 1328): doStopPreview
05-14 14:39:00.310 V/EmulatedCamera_FakeDevice( 1328): disconnectDevice
05-14 14:39:00.310 W/EmulatedCamera_Device( 1328): Initialize: Emulated camera device is already initialized: mState = 1
05-14 14:39:00.311 D/EmulatedCamera_FakeCamera( 1328): Initialize: Fake camera is facing back
05-14 14:39:00.311 V/EmulatedCamera_Device( 1328): initializeWhiteBalanceModes with auto, 1.000000, 1.000000
05-14 14:39:00.311 V/EmulatedCamera_Device( 1328): initializeWhiteBalanceModes with incandescent, 1.380000, 0.600000
05-14 14:39:00.311 V/EmulatedCamera_Device( 1328): initializeWhiteBalanceModes with daylight, 1.090000, 0.920000
05-14 14:39:00.311 V/EmulatedCamera_Device( 1328): initializeWhiteBalanceModes with twilight, 0.920000, 1.220000
05-14 14:39:00.311 V/EmulatedCamera_Device( 1328): setWhiteBalanceMode with white balance auto
05-14 14:39:00.312 I/CameraFlashlight( 1328): Destroying camera 0
05-14 14:39:00.312 V/EmulatedCamera_Camera( 1328): closeCamera
05-14 14:39:00.312 V/EmulatedCamera_Camera( 1328): doStopPreview
05-14 14:39:00.312 W/EmulatedCamera_Device( 1328): Initialize: Emulated camera device is already initialized: mState = 1
05-14 14:39:00.312 D/EmulatedCamera_FakeCamera( 1328): Initialize: Fake camera is facing back
05-14 14:39:00.312 V/EmulatedCamera_Device( 1328): initializeWhiteBalanceModes with auto, 1.000000, 1.000000
05-14 14:39:00.312 V/EmulatedCamera_Device( 1328): initializeWhiteBalanceModes with incandescent, 1.380000, 0.600000
05-14 14:39:00.312 V/EmulatedCamera_Device( 1328): initializeWhiteBalanceModes with daylight, 1.090000, 0.920000
05-14 14:39:00.312 V/EmulatedCamera_Device( 1328): initializeWhiteBalanceModes with twilight, 0.920000, 1.220000
05-14 14:39:00.313 V/EmulatedCamera_Device( 1328): setWhiteBalanceMode with white balance auto
05-14 14:39:00.315 V/EmulatedCamera_Camera( 1328): getCameraInfo
05-14 14:39:00.315 V/EmulatedCamera_BaseCamera( 1328): getCameraInfo
05-14 14:39:00.330 I/ServiceManager( 1328): Waiting for service media.camera.proxy...
05-14 14:39:00.746 I/        ( 1327): sMaxFastTracks = 8
05-14 14:39:00.774 I/audioserver( 1327): ServiceManager: 0xefa3c020
05-14 14:39:00.785 W/BatteryNotifier( 1327): batterystats service unavailable!
05-14 14:39:00.786 I/AudioFlinger( 1327): Using default 3000 mSec as standby time.
05-14 14:39:00.797 I/AudioPolicyService( 1327): AudioPolicyService CSTOR in new mode
05-14 14:39:00.944 I/APM::ConfigParsingUtils( 1327): loadAudioPolicyConfig() loaded /system/etc/audio_policy.conf
05-14 14:39:00.999 D/audio_hw_generic( 1327): Emulator host-side ALSA audio emulation detected.
05-14 14:39:01.021 D/audio_hw_generic( 1327): mixer 0 name Master Playback Volume
05-14 14:39:01.021 D/audio_hw_generic( 1327): set ctl 0 to 100
05-14 14:39:01.023 D/audio_hw_generic( 1327): set ctl 1 to 100
05-14 14:39:01.023 D/audio_hw_generic( 1327): mixer 1 name Master Playback Switch
05-14 14:39:01.023 D/audio_hw_generic( 1327): set ctl 0 to 1
05-14 14:39:01.023 D/audio_hw_generic( 1327): set ctl 1 to 1
05-14 14:39:01.023 D/audio_hw_generic( 1327): mixer 2 name Capture Volume
05-14 14:39:01.023 D/audio_hw_generic( 1327): set ctl 0 to 100
05-14 14:39:01.023 D/audio_hw_generic( 1327): set ctl 1 to 100
05-14 14:39:01.023 D/audio_hw_generic( 1327): mixer 3 name Capture Switch
05-14 14:39:01.023 D/audio_hw_generic( 1327): set ctl 0 to 1
05-14 14:39:01.024 D/audio_hw_generic( 1327): set ctl 1 to 1
05-14 14:39:01.024 D/audio_hw_generic( 1327): mixer 4 name Line Phantom Jack
05-14 14:39:01.024 D/audio_hw_generic( 1327): mixer 5 name Line Out Phantom Jack
05-14 14:39:01.024 D/audio_hw_generic( 1327): mixer 6 name Playback Channel Map
05-14 14:39:01.024 D/audio_hw_generic( 1327): mixer 7 name Capture Channel Map
05-14 14:39:01.024 I/AudioFlinger( 1327): loadHwModule() Loaded primary audio interface from Generic audio HW HAL (audio) handle 10
05-14 14:39:01.025 I/AudioFlinger( 1327): openOutput(), module 10 Device 2, SamplingRate 48000, Format 0x000001, Channels 3, flags 2
05-14 14:39:01.062 I/AudioFlinger( 1327): HAL output buffer size 720 frames, normal sink buffer size 1152 frames
05-14 14:39:01.233 I/BufferProvider( 1327): found effect "Multichannel Downmix To Stereo" from The Android Open Source Project
05-14 14:39:01.238 I/AudioFlinger( 1327): Using module 10 has the primary audio interface
05-14 14:39:01.288 I/AudioFlinger( 1327): AudioFlinger's thread 0xef483700 ready to run
05-14 14:39:01.300 W/BatteryNotifier( 1327): batterystats service unavailable!
05-14 14:39:01.301 W/BatteryNotifier( 1327): batterystats service unavailable!
05-14 14:39:01.353 W/BatteryNotifier( 1327): batterystats service unavailable!
05-14 14:39:01.355 W/AudioFlinger( 1327): no wake lock to update, system not ready yet
05-14 14:39:01.360 I/ServiceManager( 1328): Waiting for service media.camera.proxy...
05-14 14:39:01.463 I/AudioFlinger( 1327): AudioFlinger's thread 0xeef837c0 ready to run
05-14 14:39:01.574 I/r_submix( 1327): adev_open(name=audio_hw_if)
05-14 14:39:01.574 I/r_submix( 1327): adev_init_check()
05-14 14:39:01.575 I/AudioFlinger( 1327): loadHwModule() Loaded r_submix audio interface from Wifi Display audio HAL (audio) handle 18
05-14 14:39:01.575 D/r_submix( 1327): adev_open_input_stream(addr=0)
05-14 14:39:01.575 D/r_submix( 1327): submix_audio_device_create_pipe_l(addr=0, idx=9)
05-14 14:39:01.575 D/r_submix( 1327):   now using address 0 for route 9
05-14 14:39:01.590 I/AudioFlinger( 1327): AudioFlinger's thread 0xef083d80 ready to run
05-14 14:39:01.592 D/r_submix( 1327): adev_close_input_stream()
05-14 14:39:01.593 D/r_submix( 1327): submix_audio_device_release_pipe_l(idx=9) addr=0
05-14 14:39:01.593 D/r_submix( 1327): submix_audio_device_destroy_pipe_l(): pipe destroyed
05-14 14:39:01.676 I/RadioService( 1327): RadioService
05-14 14:39:01.677 I/RadioService( 1327): onFirstRef
05-14 14:39:01.677 E/RadioService( 1327): couldn't load radio module radio.primary (No such file or directory)
05-14 14:39:01.686 E/SoundTriggerHwService( 1327): couldn't load sound trigger module sound_trigger.primary (No such file or directory)
05-14 14:39:01.710 I/mediaserver( 1336): ServiceManager: 0xefe3c0a0
05-14 14:39:01.722 W/BatteryNotifier( 1336): batterystats service unavailable!
05-14 14:39:02.362 I/ServiceManager( 1328): Waiting for service media.camera.proxy...
05-14 14:39:03.370 I/ServiceManager( 1328): Waiting for service media.camera.proxy...
05-14 14:39:04.362 W/BatteryNotifier( 1327): batterystats service unavailable!
05-14 14:39:04.386 I/ServiceManager( 1328): Waiting for service media.camera.proxy...
05-14 14:39:13.048 E/hostapd ( 2756): Configuration file: /system/etc/simulated_hostapd.conf
05-14 14:39:13.537 I/hostapd ( 2756): rfkill: Cannot get wiphy information
05-14 14:39:13.552 I/hostapd ( 2756): nl80211: Could not re-add multicast membership for vendor events: -2 (No such file or directory)
05-14 14:39:13.553 I/hostapd ( 2756): wlan1: interface state UNINITIALIZED->COUNTRY_UPDATE
05-14 14:39:13.858 E/ipv6proxy( 2746): Failed to forward Router Advertisement from eth0 to wlan1: Network is unreachable
05-14 14:39:13.905 E/ipv6proxy( 2746): Failed to forward Router Advertisement from eth0 to radio0-peer: Cannot assign requested address
05-14 14:39:14.823 D/AndroidRuntime( 1325): >>>>>> START com.android.internal.os.ZygoteInit uid 0 <<<<<<
05-14 14:39:15.017 E/SurfaceFlinger( 1322): ro.sf.lcd_density must be defined as a build property
05-14 14:39:15.114 D/libEGL  ( 1784): Emulator without GPU support detected. Fallback to legacy software renderer, qemu.gles is set to 0.
05-14 14:39:15.194 D/libEGL  ( 1784): loaded /system/lib64/egl/libGLES_android.so
05-14 14:39:15.662 D/AndroidRuntime( 1326): >>>>>> START com.android.internal.os.ZygoteInit uid 0 <<<<<<
05-14 14:39:15.675 D/gralloc_ranchu( 1784): Emulator without host-side GPU emulation detected. Loading gralloc.default.so from /vendor/lib64/hw/gralloc.goldfish.default.so...
05-14 14:39:15.678 D/gralloc_ranchu( 1784): gralloc.default.so not found in /vendor. Trying /system/lib64/hw/gralloc.goldfish.default.so...
05-14 14:39:15.682 D/AndroidRuntime( 1325): CheckJNI is ON
05-14 14:39:15.937 I/art     ( 1325): option[0]=-Xzygote
05-14 14:39:15.937 I/art     ( 1325): option[1]=-Xcheck:jni
05-14 14:39:15.937 I/art     ( 1325): option[2]=-Xstacktracefile:/data/anr/traces.txt
05-14 14:39:15.937 I/art     ( 1325): option[3]=exit
05-14 14:39:15.937 I/art     ( 1325): option[4]=vfprintf
05-14 14:39:15.937 I/art     ( 1325): option[5]=sensitiveThread
05-14 14:39:15.937 I/art     ( 1325): option[6]=-verbose:gc
05-14 14:39:15.938 I/art     ( 1325): option[7]=-Xms4m
05-14 14:39:15.938 I/art     ( 1325): option[8]=-Xmx256m
05-14 14:39:15.938 I/art     ( 1325): option[9]=-Xusejit:true
05-14 14:39:15.938 I/art     ( 1325): option[10]=-Xjitsaveprofilinginfo
05-14 14:39:15.938 I/art     ( 1325): option[11]=-agentlib:jdwp=transport=dt_android_adb,suspend=n,server=y
05-14 14:39:15.938 I/art     ( 1325): option[12]=-Xlockprofthreshold:500
05-14 14:39:15.938 I/art     ( 1325): option[13]=-Ximage-compiler-option
05-14 14:39:15.938 I/art     ( 1325): option[14]=--runtime-arg
05-14 14:39:15.938 I/art     ( 1325): option[15]=-Ximage-compiler-option
05-14 14:39:15.938 I/art     ( 1325): option[16]=-Xms64m
05-14 14:39:15.938 I/art     ( 1325): option[17]=-Ximage-compiler-option
05-14 14:39:15.938 I/art     ( 1325): option[18]=--runtime-arg
05-14 14:39:15.938 I/art     ( 1325): option[19]=-Ximage-compiler-option
05-14 14:39:15.938 I/art     ( 1325): option[20]=-Xmx64m
05-14 14:39:15.938 I/art     ( 1325): option[21]=-Ximage-compiler-option
05-14 14:39:15.938 I/art     ( 1325): option[22]=--image-classes=/system/etc/preloaded-classes
05-14 14:39:15.938 I/art     ( 1325): option[23]=-Ximage-compiler-option
05-14 14:39:15.938 I/art     ( 1325): option[24]=--compiled-classes=/system/etc/compiled-classes
05-14 14:39:15.938 I/art     ( 1325): option[25]=-Xcompiler-option
05-14 14:39:15.938 I/art     ( 1325): option[26]=--runtime-arg
05-14 14:39:15.938 I/art     ( 1325): option[27]=-Xcompiler-option
05-14 14:39:15.939 I/art     ( 1325): option[28]=-Xms64m
05-14 14:39:15.939 I/art     ( 1325): option[29]=-Xcompiler-option
05-14 14:39:15.939 I/art     ( 1325): option[30]=--runtime-arg
05-14 14:39:15.939 I/art     ( 1325): option[31]=-Xcompiler-option
05-14 14:39:15.939 I/art     ( 1325): option[32]=-Xmx512m
05-14 14:39:15.939 I/art     ( 1325): option[33]=-Ximage-compiler-option
05-14 14:39:15.939 I/art     ( 1325): option[34]=--instruction-set-variant=x86_64
05-14 14:39:15.939 I/art     ( 1325): option[35]=-Xcompiler-option
05-14 14:39:15.939 I/art     ( 1325): option[36]=--instruction-set-variant=x86_64
05-14 14:39:15.939 I/art     ( 1325): option[37]=-Ximage-compiler-option
05-14 14:39:15.939 I/art     ( 1325): option[38]=--instruction-set-features=default
05-14 14:39:15.939 I/art     ( 1325): option[39]=-Xcompiler-option
05-14 14:39:15.939 I/art     ( 1325): option[40]=--instruction-set-features=default
05-14 14:39:15.939 I/art     ( 1325): option[41]=-Duser.locale=en-US
05-14 14:39:15.939 I/art     ( 1325): option[42]=--cpu-abilist=x86_64
05-14 14:39:15.939 I/art     ( 1325): option[43]=-Xfingerprint:Android/sdk_phone_x86_64/generic_x86_64:7.1.1/NYC/4931657:userdebug/test-keys
05-14 14:39:16.467 D/AndroidRuntime( 1326): CheckJNI is ON
05-14 14:39:16.770 I/art     ( 1326): option[0]=-Xzygote
05-14 14:39:16.771 I/art     ( 1326): option[1]=-Xcheck:jni
05-14 14:39:16.771 I/art     ( 1326): option[2]=-Xstacktracefile:/data/anr/traces.txt
05-14 14:39:16.771 I/art     ( 1326): option[3]=exit
05-14 14:39:16.771 I/art     ( 1326): option[4]=vfprintf
05-14 14:39:16.771 I/art     ( 1326): option[5]=sensitiveThread
05-14 14:39:16.771 I/art     ( 1326): option[6]=-verbose:gc
05-14 14:39:16.771 I/art     ( 1326): option[7]=-Xms4m
05-14 14:39:16.771 I/art     ( 1326): option[8]=-Xmx256m
05-14 14:39:16.771 I/art     ( 1326): option[9]=-Xusejit:true
05-14 14:39:16.772 I/art     ( 1326): option[10]=-Xjitsaveprofilinginfo
05-14 14:39:16.772 I/art     ( 1326): option[11]=-agentlib:jdwp=transport=dt_android_adb,suspend=n,server=y
05-14 14:39:16.772 I/art     ( 1326): option[12]=-Xlockprofthreshold:500
05-14 14:39:16.772 I/art     ( 1326): option[13]=-Ximage-compiler-option
05-14 14:39:16.772 I/art     ( 1326): option[14]=--runtime-arg
05-14 14:39:16.772 I/art     ( 1326): option[15]=-Ximage-compiler-option
05-14 14:39:16.772 I/art     ( 1326): option[16]=-Xms64m
05-14 14:39:16.772 I/art     ( 1326): option[17]=-Ximage-compiler-option
05-14 14:39:16.772 I/art     ( 1326): option[18]=--runtime-arg
05-14 14:39:16.772 I/art     ( 1326): option[19]=-Ximage-compiler-option
05-14 14:39:16.772 I/art     ( 1326): option[20]=-Xmx64m
05-14 14:39:16.772 I/art     ( 1326): option[21]=-Ximage-compiler-option
05-14 14:39:16.772 I/art     ( 1326): option[22]=--image-classes=/system/etc/preloaded-classes
05-14 14:39:16.772 I/art     ( 1326): option[23]=-Ximage-compiler-option
05-14 14:39:16.772 I/art     ( 1326): option[24]=--compiled-classes=/system/etc/compiled-classes
05-14 14:39:16.772 I/art     ( 1326): option[25]=-Xcompiler-option
05-14 14:39:16.773 I/art     ( 1326): option[26]=--runtime-arg
05-14 14:39:16.773 I/art     ( 1326): option[27]=-Xcompiler-option
05-14 14:39:16.773 I/art     ( 1326): option[28]=-Xms64m
05-14 14:39:16.773 I/art     ( 1326): option[29]=-Xcompiler-option
05-14 14:39:16.773 I/art     ( 1326): option[30]=--runtime-arg
05-14 14:39:16.773 I/art     ( 1326): option[31]=-Xcompiler-option
05-14 14:39:16.773 I/art     ( 1326): option[32]=-Xmx512m
05-14 14:39:16.773 I/art     ( 1326): option[33]=-Ximage-compiler-option
05-14 14:39:16.773 I/art     ( 1326): option[34]=--instruction-set-variant=x86
05-14 14:39:16.773 I/art     ( 1326): option[35]=-Xcompiler-option
05-14 14:39:16.773 I/art     ( 1326): option[36]=--instruction-set-variant=x86
05-14 14:39:16.773 I/art     ( 1326): option[37]=-Ximage-compiler-option
05-14 14:39:16.773 I/art     ( 1326): option[38]=--instruction-set-features=default
05-14 14:39:16.773 I/art     ( 1326): option[39]=-Xcompiler-option
05-14 14:39:16.773 I/art     ( 1326): option[40]=--instruction-set-features=default
05-14 14:39:16.773 I/art     ( 1326): option[41]=-Duser.locale=en-US
05-14 14:39:16.773 I/art     ( 1326): option[42]=--cpu-abilist=x86
05-14 14:39:16.773 I/art     ( 1326): option[43]=-Xfingerprint:Android/sdk_phone_x86_64/generic_x86_64:7.1.1/NYC/4931657:userdebug/test-keys
05-14 14:39:17.804 E/ipv6proxy( 2746): Failed to forward Router Advertisement from eth0 to wlan1: Network is unreachable
05-14 14:39:18.654 I/hostapd ( 2756): wlan1: interface state COUNTRY_UPDATE->HT_SCAN
05-14 14:39:20.214 E/hostapd ( 2756): Using interface wlan1 with hwaddr 02:00:00:00:01:00 and ssid "AndroidWifi"
05-14 14:39:20.287 I/hostapd ( 2756): wlan1: interface state HT_SCAN->ENABLED
05-14 14:39:20.287 I/hostapd ( 2756): wlan1: AP-ENABLED 
05-14 14:39:25.381 D/ICU     ( 1325): No timezone override file found: /data/misc/zoneinfo/current/icu/icu_tzdata.dat
05-14 14:39:26.387 D/ICU     ( 1326): No timezone override file found: /data/misc/zoneinfo/current/icu/icu_tzdata.dat
05-14 14:39:30.519 E/memtrack( 1325): Couldn't load memtrack module (No such file or directory)
05-14 14:39:30.519 E/android.os.Debug( 1325): failed to load memtrack module: -2
05-14 14:39:30.758 I/Radio-JNI( 1325): register_android_hardware_Radio DONE
05-14 14:39:31.403 I/SamplingProfilerIntegration( 1325): Profiling disabled.
05-14 14:39:31.592 D/Zygote  ( 1325): begin preload
05-14 14:39:31.592 I/Zygote  ( 1325): Installing ICU cache reference pinning...
05-14 14:39:31.600 I/Zygote  ( 1325): Preloading ICU data...
05-14 14:39:31.973 E/memtrack( 1326): Couldn't load memtrack module (No such file or directory)
05-14 14:39:31.973 E/android.os.Debug( 1326): failed to load memtrack module: -2
05-14 14:39:32.051 I/Radio-JNI( 1326): register_android_hardware_Radio DONE
05-14 14:39:32.833 I/SamplingProfilerIntegration( 1326): Profiling disabled.
05-14 14:39:32.953 D/Zygote  ( 1326): begin preload
05-14 14:39:32.953 I/Zygote  ( 1326): Installing ICU cache reference pinning...
05-14 14:39:33.010 I/Zygote  ( 1326): Preloading ICU data...
05-14 14:39:34.194 I/Zygote  ( 1325): Preloading classes...
05-14 14:39:34.423 I/Zygote  ( 1326): Preloading classes...
05-14 14:39:34.472 W/Zygote  ( 1325): Class not found for preloading: [Landroid.view.Display$ColorTransform;
05-14 14:39:34.783 W/Zygote  ( 1326): Class not found for preloading: [Landroid.view.Display$ColorTransform;
05-14 14:39:42.665 E/Typeface( 1326): Error mapping font file /system/fonts/DroidSansFallback.ttf
05-14 14:39:42.755 E/Typeface( 1325): Error mapping font file /system/fonts/DroidSansFallback.ttf
05-14 14:39:48.352 W/art     ( 1326): Suspending all threads took: 38.586ms
05-14 14:39:48.513 I/art     ( 1325): Background concurrent mark sweep GC freed 21952(2MB) AllocSpace objects, 120(2MB) LOS objects, 33% free, 2MB/4MB, paused 2.292ms total 521.143ms
05-14 14:39:48.759 I/art     ( 1326): Background concurrent mark sweep GC freed 21944(2MB) AllocSpace objects, 120(2MB) LOS objects, 33% free, 2MB/4MB, paused 42.307ms total 715.893ms
05-14 14:39:49.121 I/art     ( 1325): Thread[1,tid=1325,Native,Thread*=0x70ee80e95a00,peer=0x12c060d0,"main"] recursive attempt to load library "/system/lib64/libmedia_jni.so"
05-14 14:39:49.168 D/MtpDeviceJNI( 1325): register_android_mtp_MtpDevice
05-14 14:39:49.172 I/art     ( 1325): Thread[1,tid=1325,Native,Thread*=0x70ee80e95a00,peer=0x12c060d0,"main"] recursive attempt to load library "/system/lib64/libmedia_jni.so"
05-14 14:39:49.173 I/art     ( 1325): Thread[1,tid=1325,Native,Thread*=0x70ee80e95a00,peer=0x12c060d0,"main"] recursive attempt to load library "/system/lib64/libmedia_jni.so"
05-14 14:39:49.892 I/art     ( 1326): Thread[1,tid=1326,Native,Thread*=0xec28b400,peer=0x12c060d0,"main"] recursive attempt to load library "/system/lib/libmedia_jni.so"
05-14 14:39:49.909 D/MtpDeviceJNI( 1326): register_android_mtp_MtpDevice
05-14 14:39:50.078 I/art     ( 1326): Thread[1,tid=1326,Native,Thread*=0xec28b400,peer=0x12c060d0,"main"] recursive attempt to load library "/system/lib/libmedia_jni.so"
05-14 14:39:50.150 I/art     ( 1326): Thread[1,tid=1326,Native,Thread*=0xec28b400,peer=0x12c060d0,"main"] recursive attempt to load library "/system/lib/libmedia_jni.so"
05-14 14:39:53.078 W/Zygote  ( 1325): Class not found for preloading: android.view.Display$ColorTransform
05-14 14:39:53.078 W/Zygote  ( 1325): Class not found for preloading: android.view.Display$ColorTransform$1
05-14 14:39:53.515 W/Zygote  ( 1326): Class not found for preloading: android.view.Display$ColorTransform
05-14 14:39:53.515 W/Zygote  ( 1326): Class not found for preloading: android.view.Display$ColorTransform$1
05-14 14:39:54.295 I/art     ( 1326): Background sticky concurrent mark sweep GC freed 9285(2MB) AllocSpace objects, 10(160KB) LOS objects, 65% free, 1553KB/4MB, paused 1.809ms total 242.850ms
05-14 14:39:54.642 W/art     ( 1325): Suspending all threads took: 128.178ms
05-14 14:39:54.727 I/art     ( 1325): Background sticky concurrent mark sweep GC freed 10212(2MB) AllocSpace objects, 10(160KB) LOS objects, 65% free, 1577KB/4MB, paused 131.263ms total 357.654ms
05-14 14:39:58.040 I/System  ( 1326): Loaded time zone names for "" in 1799ms (1673ms in ICU)
05-14 14:39:58.362 I/System  ( 1325): Loaded time zone names for "" in 1622ms (1461ms in ICU)
05-14 14:39:58.809 I/System  ( 1326): Loaded time zone names for "en_US" in 768ms (763ms in ICU)
05-14 14:39:58.919 I/System  ( 1325): Loaded time zone names for "en_US" in 556ms (552ms in ICU)
05-14 14:40:00.223 I/Zygote  ( 1326): ...preloaded 4158 classes in 25800ms.
05-14 14:40:00.224 I/art     ( 1326): VMRuntime.preloadDexCaches starting
05-14 14:40:00.292 I/Zygote  ( 1325): ...preloaded 4158 classes in 26098ms.
05-14 14:40:00.293 I/art     ( 1325): VMRuntime.preloadDexCaches starting
05-14 14:40:02.301 I/art     ( 1326): VMRuntime.preloadDexCaches strings total=283712 before=39625 after=39625
05-14 14:40:02.301 I/art     ( 1326): VMRuntime.preloadDexCaches types total=23581 before=7877 after=7904
05-14 14:40:02.301 I/art     ( 1326): VMRuntime.preloadDexCaches fields total=112007 before=40903 after=41117
05-14 14:40:02.301 I/art     ( 1326): VMRuntime.preloadDexCaches methods total=197534 before=82457 after=83017
05-14 14:40:02.301 I/art     ( 1326): VMRuntime.preloadDexCaches finished
05-14 14:40:02.304 I/Zygote  ( 1326): Preloading resources...
05-14 14:40:02.673 I/art     ( 1325): VMRuntime.preloadDexCaches strings total=283712 before=39625 after=39625
05-14 14:40:02.673 I/art     ( 1325): VMRuntime.preloadDexCaches types total=23581 before=7877 after=7904
05-14 14:40:02.673 I/art     ( 1325): VMRuntime.preloadDexCaches fields total=112007 before=40903 after=41117
05-14 14:40:02.673 I/art     ( 1325): VMRuntime.preloadDexCaches methods total=197534 before=82457 after=83017
05-14 14:40:02.674 I/art     ( 1325): VMRuntime.preloadDexCaches finished
05-14 14:40:02.676 I/Zygote  ( 1325): Preloading resources...
05-14 14:40:05.138 W/Resources( 1325): Preloaded drawable resource #0x108025c (android:drawable/dialog_background_material) that varies with configuration!!
05-14 14:40:05.143 W/Resources( 1326): Preloaded drawable resource #0x108025c (android:drawable/dialog_background_material) that varies with configuration!!
05-14 14:40:05.247 W/Resources( 1326): Preloaded drawable resource #0x1080298 (android:drawable/editbox_dropdown_background_dark) that varies with configuration!!
05-14 14:40:05.264 W/Resources( 1325): Preloaded drawable resource #0x1080298 (android:drawable/editbox_dropdown_background_dark) that varies with configuration!!
05-14 14:40:05.496 W/Resources( 1325): Preloaded color resource #0x10600e2 (android:color/material_grey_800) that varies with configuration!!
05-14 14:40:05.496 W/Resources( 1325): Preloaded drawable resource #0x10802c9 (android:drawable/floating_popup_background_dark) that varies with configuration!!
05-14 14:40:05.504 W/Resources( 1326): Preloaded color resource #0x10600e2 (android:color/material_grey_800) that varies with configuration!!
05-14 14:40:05.505 W/Resources( 1326): Preloaded drawable resource #0x10802c9 (android:drawable/floating_popup_background_dark) that varies with configuration!!
05-14 14:40:06.246 I/art     ( 1325): Background concurrent mark sweep GC freed 18097(1105KB) AllocSpace objects, 3(52KB) LOS objects, 53% free, 3MB/7MB, paused 40.037ms total 381.981ms
05-14 14:40:06.447 I/art     ( 1326): Background sticky concurrent mark sweep GC freed 16744(1072KB) AllocSpace objects, 0(0B) LOS objects, 17% free, 3MB/4MB, paused 1.984ms total 455.630ms
05-14 14:40:06.495 W/Resources( 1325): Preloaded drawable resource #0x108030b (android:drawable/ic_clear_disabled) that varies with configuration!!
05-14 14:40:06.497 W/Resources( 1325): Preloaded drawable resource #0x1080310 (android:drawable/ic_clear_normal) that varies with configuration!!
05-14 14:40:06.555 W/Resources( 1326): Preloaded drawable resource #0x108030b (android:drawable/ic_clear_disabled) that varies with configuration!!
05-14 14:40:06.557 W/Resources( 1326): Preloaded drawable resource #0x1080310 (android:drawable/ic_clear_normal) that varies with configuration!!
05-14 14:40:06.684 W/Resources( 1325): Preloaded drawable resource #0x1080359 (android:drawable/ic_go) that varies with configuration!!
05-14 14:40:07.044 W/Resources( 1325): Preloaded drawable resource #0x1080038 (android:drawable/ic_menu_close_clear_cancel) that varies with configuration!!
05-14 14:40:07.135 W/Resources( 1325): Preloaded drawable resource #0x1080045 (android:drawable/ic_menu_more) that varies with configuration!!
05-14 14:40:07.511 W/Resources( 1326): Preloaded drawable resource #0x1080359 (android:drawable/ic_go) that varies with configuration!!
05-14 14:40:07.586 W/Resources( 1325): Preloaded drawable resource #0x10804e8 (android:drawable/menu_background_fill_parent_width) that varies with configuration!!
05-14 14:40:07.677 W/Resources( 1326): Preloaded drawable resource #0x1080038 (android:drawable/ic_menu_close_clear_cancel) that varies with configuration!!
05-14 14:40:07.804 W/Resources( 1326): Preloaded drawable resource #0x1080045 (android:drawable/ic_menu_more) that varies with configuration!!
05-14 14:40:08.025 I/art     ( 1326): Background concurrent mark sweep GC freed 3193(172KB) AllocSpace objects, 6(172KB) LOS objects, 50% free, 3MB/7MB, paused 908us total 188.237ms
05-14 14:40:08.488 W/Resources( 1326): Preloaded drawable resource #0x10804e8 (android:drawable/menu_background_fill_parent_width) that varies with configuration!!
05-14 14:40:09.809 W/Resources( 1325): Preloaded drawable resource #0x108077e (android:drawable/text_edit_paste_window) that varies with configuration!!
05-14 14:40:10.043 W/Resources( 1325): Preloaded drawable resource #0x1080096 (android:drawable/toast_frame) that varies with configuration!!
05-14 14:40:10.044 I/Zygote  ( 1325): ...preloaded 114 resources in 7367ms.
05-14 14:40:10.432 W/Resources( 1325): Preloaded color resource #0x106010b (android:color/background_cache_hint_selector_material_dark) that varies with configuration!!
05-14 14:40:10.435 W/Resources( 1325): Preloaded color resource #0x1060110 (android:color/btn_default_material_dark) that varies with configuration!!
05-14 14:40:10.464 I/Zygote  ( 1325): ...preloaded 41 resources in 420ms.
05-14 14:40:10.465 D/libEGL  ( 1325): Emulator without GPU support detected. Fallback to legacy software renderer, qemu.gles is set to 0.
05-14 14:40:10.586 D/libEGL  ( 1325): loaded /system/lib64/egl/libGLES_android.so
05-14 14:40:10.752 W/Resources( 1326): Preloaded drawable resource #0x108077e (android:drawable/text_edit_paste_window) that varies with configuration!!
05-14 14:40:10.916 W/Resources( 1326): Preloaded drawable resource #0x1080096 (android:drawable/toast_frame) that varies with configuration!!
05-14 14:40:10.921 I/Zygote  ( 1326): ...preloaded 114 resources in 8616ms.
05-14 14:40:11.142 V/NatController( 1337): runCmd(/system/bin/iptables -w -F natctrl_FORWARD) res=0
05-14 14:40:11.196 W/Resources( 1326): Preloaded color resource #0x106010b (android:color/background_cache_hint_selector_material_dark) that varies with configuration!!
05-14 14:40:11.199 W/Resources( 1326): Preloaded color resource #0x1060110 (android:color/btn_default_material_dark) that varies with configuration!!
05-14 14:40:11.259 I/Zygote  ( 1326): ...preloaded 41 resources in 338ms.
05-14 14:40:11.312 D/libEGL  ( 1326): Emulator without GPU support detected. Fallback to legacy software renderer, qemu.gles is set to 0.
05-14 14:40:11.437 D/libEGL  ( 1326): loaded /system/lib/egl/libGLES_android.so
05-14 14:40:11.535 I/Zygote  ( 1325): Preloading shared libraries...
05-14 14:40:11.782 E/Hyphenator( 1325): error loading hyphenation /system/usr/hyphen-data/hyph-as.hyb
05-14 14:40:11.782 E/Hyphenator( 1325): java.io.FileNotFoundException: /system/usr/hyphen-data/hyph-as.hyb: open failed: ENOENT (No such file or directory)
05-14 14:40:11.782 E/Hyphenator( 1325): 	at libcore.io.IoBridge.open(IoBridge.java:455)
05-14 14:40:11.782 E/Hyphenator( 1325): 	at java.io.RandomAccessFile.<init>(RandomAccessFile.java:247)
05-14 14:40:11.782 E/Hyphenator( 1325): 	at android.text.Hyphenator.loadHyphenator(Hyphenator.java:118)
05-14 14:40:11.782 E/Hyphenator( 1325): 	at android.text.Hyphenator.init(Hyphenator.java:224)
05-14 14:40:11.782 E/Hyphenator( 1325): 	at com.android.internal.os.ZygoteInit.preloadTextResources(ZygoteInit.java:252)
05-14 14:40:11.782 E/Hyphenator( 1325): 	at com.android.internal.os.ZygoteInit.preload(ZygoteInit.java:206)
05-14 14:40:11.782 E/Hyphenator( 1325): 	at com.android.internal.os.ZygoteInit.main(ZygoteInit.java:743)
05-14 14:40:11.782 E/Hyphenator( 1325): Caused by: android.system.ErrnoException: open failed: ENOENT (No such file or directory)
05-14 14:40:11.782 E/Hyphenator( 1325): 	at libcore.io.Posix.open(Native Method)
05-14 14:40:11.782 E/Hyphenator( 1325): 	at libcore.io.BlockGuardOs.open(BlockGuardOs.java:187)
05-14 14:40:11.782 E/Hyphenator( 1325): 	at libcore.io.IoBridge.open(IoBridge.java:441)
05-14 14:40:11.782 E/Hyphenator( 1325): 	... 6 more
05-14 14:40:11.784 E/Hyphenator( 1325): error loading hyphenation /system/usr/hyphen-data/hyph-bn.hyb
05-14 14:40:11.784 E/Hyphenator( 1325): java.io.FileNotFoundException: /system/usr/hyphen-data/hyph-bn.hyb: open failed: ENOENT (No such file or directory)
05-14 14:40:11.784 E/Hyphenator( 1325): 	at libcore.io.IoBridge.open(IoBridge.java:455)
05-14 14:40:11.784 E/Hyphenator( 1325): 	at java.io.RandomAccessFile.<init>(RandomAccessFile.java:247)
05-14 14:40:11.784 E/Hyphenator( 1325): 	at android.text.Hyphenator.loadHyphenator(Hyphenator.java:118)
05-14 14:40:11.784 E/Hyphenator( 1325): 	at android.text.Hyphenator.init(Hyphenator.java:224)
05-14 14:40:11.784 E/Hyphenator( 1325): 	at com.android.internal.os.ZygoteInit.preloadTextResources(ZygoteInit.java:252)
05-14 14:40:11.784 E/Hyphenator( 1325): 	at com.android.internal.os.ZygoteInit.preload(ZygoteInit.java:206)
05-14 14:40:11.784 E/Hyphenator( 1325): 	at com.android.internal.os.ZygoteInit.main(ZygoteInit.java:743)
05-14 14:40:11.784 E/Hyphenator( 1325): Caused by: android.system.ErrnoException: open failed: ENOENT (No such file or directory)
05-14 14:40:11.784 E/Hyphenator( 1325): 	at libcore.io.Posix.open(Native Method)
05-14 14:40:11.784 E/Hyphenator( 1325): 	at libcore.io.BlockGuardOs.open(BlockGuardOs.java:187)
05-14 14:40:11.784 E/Hyphenator( 1325): 	at libcore.io.IoBridge.open(IoBridge.java:441)
05-14 14:40:11.784 E/Hyphenator( 1325): 	... 6 more
05-14 14:40:11.786 E/Hyphenator( 1325): error loading hyphenation /system/usr/hyphen-data/hyph-cy.hyb
05-14 14:40:11.786 E/Hyphenator( 1325): java.io.FileNotFoundException: /system/usr/hyphen-data/hyph-cy.hyb: open failed: ENOENT (No such file or directory)
05-14 14:40:11.786 E/Hyphenator( 1325): 	at libcore.io.IoBridge.open(IoBridge.java:455)
05-14 14:40:11.786 E/Hyphenator( 1325): 	at java.io.RandomAccessFile.<init>(RandomAccessFile.java:247)
05-14 14:40:11.786 E/Hyphenator( 1325): 	at android.text.Hyphenator.loadHyphenator(Hyphenator.java:118)
05-14 14:40:11.786 E/Hyphenator( 1325): 	at android.text.Hyphenator.init(Hyphenator.java:224)
05-14 14:40:11.786 E/Hyphenator( 1325): 	at com.android.internal.os.ZygoteInit.preloadTextResources(ZygoteInit.java:252)
05-14 14:40:11.786 E/Hyphenator( 1325): 	at com.android.internal.os.ZygoteInit.preload(ZygoteInit.java:206)
05-14 14:40:11.786 E/Hyphenator( 1325): 	at com.android.internal.os.ZygoteInit.main(ZygoteInit.java:743)
05-14 14:40:11.786 E/Hyphenator( 1325): Caused by: android.system.ErrnoException: open failed: ENOENT (No such file or directory)
05-14 14:40:11.786 E/Hyphenator( 1325): 	at libcore.io.Posix.open(Native Method)
05-14 14:40:11.786 E/Hyphenator( 1325): 	at libcore.io.BlockGuardOs.open(BlockGuardOs.java:187)
05-14 14:40:11.786 E/Hyphenator( 1325): 	at libcore.io.IoBridge.open(IoBridge.java:441)
05-14 14:40:11.786 E/Hyphenator( 1325): 	... 6 more
05-14 14:40:11.787 E/Hyphenator( 1325): error loading hyphenation /system/usr/hyphen-data/hyph-da.hyb
05-14 14:40:11.787 E/Hyphenator( 1325): java.io.FileNotFoundException: /system/usr/hyphen-data/hyph-da.hyb: open failed: ENOENT (No such file or directory)
05-14 14:40:11.787 E/Hyphenator( 1325): 	at libcore.io.IoBridge.open(IoBridge.java:455)
05-14 14:40:11.787 E/Hyphenator( 1325): 	at java.io.RandomAccessFile.<init>(RandomAccessFile.java:247)
05-14 14:40:11.787 E/Hyphenator( 1325): 	at android.text.Hyphenator.loadHyphenator(Hyphenator.java:118)
05-14 14:40:11.787 E/Hyphenator( 1325): 	at android.text.Hyphenator.init(Hyphenator.java:224)
05-14 14:40:11.787 E/Hyphenator( 1325): 	at com.android.internal.os.ZygoteInit.preloadTextResources(ZygoteInit.java:252)
05-14 14:40:11.787 E/Hyphenator( 1325): 	at com.android.internal.os.ZygoteInit.preload(ZygoteInit.java:206)
05-14 14:40:11.787 E/Hyphenator( 1325): 	at com.android.internal.os.ZygoteInit.main(ZygoteInit.java:743)
05-14 14:40:11.787 E/Hyphenator( 1325): Caused by: android.system.ErrnoException: open failed: ENOENT (No such file or directory)
05-14 14:40:11.787 E/Hyphenator( 1325): 	at libcore.io.Posix.open(Native Method)
05-14 14:40:11.787 E/Hyphenator( 1325): 	at libcore.io.BlockGuardOs.open(BlockGuardOs.java:187)
05-14 14:40:11.787 E/Hyphenator( 1325): 	at libcore.io.IoBridge.open(IoBridge.java:441)
05-14 14:40:11.787 E/Hyphenator( 1325): 	... 6 more
05-14 14:40:11.788 E/Hyphenator( 1325): error loading hyphenation /system/usr/hyphen-data/hyph-de-1901.hyb
05-14 14:40:11.788 E/Hyphenator( 1325): java.io.FileNotFoundException: /system/usr/hyphen-data/hyph-de-1901.hyb: open failed: ENOENT (No such file or directory)
05-14 14:40:11.788 E/Hyphenator( 1325): 	at libcore.io.IoBridge.open(IoBridge.java:455)
05-14 14:40:11.788 E/Hyphenator( 1325): 	at java.io.RandomAccessFile.<init>(RandomAccessFile.java:247)
05-14 14:40:11.788 E/Hyphenator( 1325): 	at android.text.Hyphenator.loadHyphenator(Hyphenator.java:118)
05-14 14:40:11.788 E/Hyphenator( 1325): 	at android.text.Hyphenator.init(Hyphenator.java:224)
05-14 14:40:11.788 E/Hyphenator( 1325): 	at com.android.internal.os.ZygoteInit.preloadTextResources(ZygoteInit.java:252)
05-14 14:40:11.788 E/Hyphenator( 1325): 	at com.android.internal.os.ZygoteInit.preload(ZygoteInit.java:206)
05-14 14:40:11.788 E/Hyphenator( 1325): 	at com.android.internal.os.ZygoteInit.main(ZygoteInit.java:743)
05-14 14:40:11.788 E/Hyphenator( 1325): Caused by: android.system.ErrnoException: open failed: ENOENT (No such file or directory)
05-14 14:40:11.788 E/Hyphenator( 1325): 	at libcore.io.Posix.open(Native Method)
05-14 14:40:11.788 E/Hyphenator( 1325): 	at libcore.io.BlockGuardOs.open(BlockGuardOs.java:187)
05-14 14:40:11.788 E/Hyphenator( 1325): 	at libcore.io.IoBridge.open(IoBridge.java:441)
05-14 14:40:11.788 E/Hyphenator( 1325): 	... 6 more
05-14 14:40:11.790 V/NatController( 1337): runCmd(/system/bin/ip6tables -w -F natctrl_FORWARD) res=0
05-14 14:40:11.847 E/Hyphenator( 1325): error loading hyphenation /system/usr/hyphen-data/hyph-de-1996.hyb
05-14 14:40:11.847 E/Hyphenator( 1325): java.io.FileNotFoundException: /system/usr/hyphen-data/hyph-de-1996.hyb: open failed: ENOENT (No such file or directory)
05-14 14:40:11.847 E/Hyphenator( 1325): 	at libcore.io.IoBridge.open(IoBridge.java:455)
05-14 14:40:11.847 E/Hyphenator( 1325): 	at java.io.RandomAccessFile.<init>(RandomAccessFile.java:247)
05-14 14:40:11.847 E/Hyphenator( 1325): 	at android.text.Hyphenator.loadHyphenator(Hyphenator.java:118)
05-14 14:40:11.847 E/Hyphenator( 1325): 	at android.text.Hyphenator.init(Hyphenator.java:224)
05-14 14:40:11.847 E/Hyphenator( 1325): 	at com.android.internal.os.ZygoteInit.preloadTextResources(ZygoteInit.java:252)
05-14 14:40:11.847 E/Hyphenator( 1325): 	at com.android.internal.os.ZygoteInit.preload(ZygoteInit.java:206)
05-14 14:40:11.847 E/Hyphenator( 1325): 	at com.android.internal.os.ZygoteInit.main(ZygoteInit.java:743)
05-14 14:40:11.847 E/Hyphenator( 1325): Caused by: android.system.ErrnoException: open failed: ENOENT (No such file or directory)
05-14 14:40:11.847 E/Hyphenator( 1325): 	at libcore.io.Posix.open(Native Method)
05-14 14:40:11.847 E/Hyphenator( 1325): 	at libcore.io.BlockGuardOs.open(BlockGuardOs.java:187)
05-14 14:40:11.847 E/Hyphenator( 1325): 	at libcore.io.IoBridge.open(IoBridge.java:441)
05-14 14:40:11.847 E/Hyphenator( 1325): 	... 6 more
05-14 14:40:11.849 E/Hyphenator( 1325): error loading hyphenation /system/usr/hyphen-data/hyph-de-ch-1901.hyb
05-14 14:40:11.849 E/Hyphenator( 1325): java.io.FileNotFoundException: /system/usr/hyphen-data/hyph-de-ch-1901.hyb: open failed: ENOENT (No such file or directory)
05-14 14:40:11.849 E/Hyphenator( 1325): 	at libcore.io.IoBridge.open(IoBridge.java:455)
05-14 14:40:11.849 E/Hyphenator( 1325): 	at java.io.RandomAccessFile.<init>(RandomAccessFile.java:247)
05-14 14:40:11.849 E/Hyphenator( 1325): 	at android.text.Hyphenator.loadHyphenator(Hyphenator.java:118)
05-14 14:40:11.849 E/Hyphenator( 1325): 	at android.text.Hyphenator.init(Hyphenator.java:224)
05-14 14:40:11.849 E/Hyphenator( 1325): 	at com.android.internal.os.ZygoteInit.preloadTextResources(ZygoteInit.java:252)
05-14 14:40:11.849 E/Hyphenator( 1325): 	at com.android.internal.os.ZygoteInit.preload(ZygoteInit.java:206)
05-14 14:40:11.849 E/Hyphenator( 1325): 	at com.android.internal.os.ZygoteInit.main(ZygoteInit.java:743)
05-14 14:40:11.849 E/Hyphenator( 1325): Caused by: android.system.ErrnoException: open failed: ENOENT (No such file or directory)
05-14 14:40:11.849 E/Hyphenator( 1325): 	at libcore.io.Posix.open(Native Method)
05-14 14:40:11.849 E/Hyphenator( 1325): 	at libcore.io.BlockGuardOs.open(BlockGuardOs.java:187)
05-14 14:40:11.849 E/Hyphenator( 1325): 	at libcore.io.IoBridge.open(IoBridge.java:441)
05-14 14:40:11.849 E/Hyphenator( 1325): 	... 6 more
05-14 14:40:11.883 E/Hyphenator( 1325): error loading hyphenation /system/usr/hyphen-data/hyph-en-gb.hyb
05-14 14:40:11.883 E/Hyphenator( 1325): java.io.FileNotFoundException: /system/usr/hyphen-data/hyph-en-gb.hyb: open failed: ENOENT (No such file or directory)
05-14 14:40:11.883 E/Hyphenator( 1325): 	at libcore.io.IoBridge.open(IoBridge.java:455)
05-14 14:40:11.883 E/Hyphenator( 1325): 	at java.io.RandomAccessFile.<init>(RandomAccessFile.java:247)
05-14 14:40:11.883 E/Hyphenator( 1325): 	at android.text.Hyphenator.loadHyphenator(Hyphenator.java:118)
05-14 14:40:11.883 E/Hyphenator( 1325): 	at android.text.Hyphenator.init(Hyphenator.java:224)
05-14 14:40:11.883 E/Hyphenator( 1325): 	at com.android.internal.os.ZygoteInit.preloadTextResources(ZygoteInit.java:252)
05-14 14:40:11.883 E/Hyphenator( 1325): 	at com.android.internal.os.ZygoteInit.preload(ZygoteInit.java:206)
05-14 14:40:11.883 E/Hyphenator( 1325): 	at com.android.internal.os.ZygoteInit.main(ZygoteInit.java:743)
05-14 14:40:11.883 E/Hyphenator( 1325): Caused by: android.system.ErrnoException: open failed: ENOENT (No such file or directory)
05-14 14:40:11.883 E/Hyphenator( 1325): 	at libcore.io.Posix.open(Native Method)
05-14 14:40:11.883 E/Hyphenator( 1325): 	at libcore.io.BlockGuardOs.open(BlockGuardOs.java:187)
05-14 14:40:11.883 E/Hyphenator( 1325): 	at libcore.io.IoBridge.open(IoBridge.java:441)
05-14 14:40:11.883 E/Hyphenator( 1325): 	... 6 more
05-14 14:40:11.885 E/Hyphenator( 1325): error loading hyphenation /system/usr/hyphen-data/hyph-en-us.hyb
05-14 14:40:11.885 E/Hyphenator( 1325): java.io.FileNotFoundException: /system/usr/hyphen-data/hyph-en-us.hyb: open failed: ENOENT (No such file or directory)
05-14 14:40:11.885 E/Hyphenator( 1325): 	at libcore.io.IoBridge.open(IoBridge.java:455)
05-14 14:40:11.885 E/Hyphenator( 1325): 	at java.io.RandomAccessFile.<init>(RandomAccessFile.java:247)
05-14 14:40:11.885 E/Hyphenator( 1325): 	at android.text.Hyphenator.loadHyphenator(Hyphenator.java:118)
05-14 14:40:11.885 E/Hyphenator( 1325): 	at android.text.Hyphenator.init(Hyphenator.java:224)
05-14 14:40:11.885 E/Hyphenator( 1325): 	at com.android.internal.os.ZygoteInit.preloadTextResources(ZygoteInit.java:252)
05-14 14:40:11.885 E/Hyphenator( 1325): 	at com.android.internal.os.ZygoteInit.preload(ZygoteInit.java:206)
05-14 14:40:11.885 E/Hyphenator( 1325): 	at com.android.internal.os.ZygoteInit.main(ZygoteInit.java:743)
05-14 14:40:11.885 E/Hyphenator( 1325): Caused by: android.system.ErrnoException: open failed: ENOENT (No such file or directory)
05-14 14:40:11.885 E/Hyphenator( 1325): 	at libcore.io.Posix.open(Native Method)
05-14 14:40:11.885 E/Hyphenator( 1325): 	at libcore.io.BlockGuardOs.open(BlockGuardOs.java:187)
05-14 14:40:11.885 E/Hyphenator( 1325): 	at libcore.io.IoBridge.open(IoBridge.java:441)
05-14 14:40:11.885 E/Hyphenator( 1325): 	... 6 more
05-14 14:40:11.886 E/Hyphenator( 1325): error loading hyphenation /system/usr/hyphen-data/hyph-es.hyb
05-14 14:40:11.886 E/Hyphenator( 1325): java.io.FileNotFoundException: /system/usr/hyphen-data/hyph-es.hyb: open failed: ENOENT (No such file or directory)
05-14 14:40:11.886 E/Hyphenator( 1325): 	at libcore.io.IoBridge.open(IoBridge.java:455)
05-14 14:40:11.886 E/Hyphenator( 1325): 	at java.io.RandomAccessFile.<init>(RandomAccessFile.java:247)
05-14 14:40:11.886 E/Hyphenator( 1325): 	at android.text.Hyphenator.loadHyphenator(Hyphenator.java:118)
05-14 14:40:11.886 E/Hyphenator( 1325): 	at android.text.Hyphenator.init(Hyphenator.java:224)
05-14 14:40:11.886 E/Hyphenator( 1325): 	at com.android.internal.os.ZygoteInit.preloadTextResources(ZygoteInit.java:252)
05-14 14:40:11.886 E/Hyphenator( 1325): 	at com.android.internal.os.ZygoteInit.preload(ZygoteInit.java:206)
05-14 14:40:11.886 E/Hyphenator( 1325): 	at com.android.internal.os.ZygoteInit.main(ZygoteInit.java:743)
05-14 14:40:11.886 E/Hyphenator( 1325): Caused by: android.system.ErrnoException: open failed: ENOENT (No such file or directory)
05-14 14:40:11.886 E/Hyphenator( 1325): 	at libcore.io.Posix.open(Native Method)
05-14 14:40:11.886 E/Hyphenator( 1325): 	at libcore.io.BlockGuardOs.open(BlockGuardOs.java:187)
05-14 14:40:11.886 E/Hyphenator( 1325): 	at libcore.io.IoBridge.open(IoBridge.java:441)
05-14 14:40:11.886 E/Hyphenator( 1325): 	... 6 more
05-14 14:40:11.888 E/Hyphenator( 1325): error loading hyphenation /system/usr/hyphen-data/hyph-et.hyb
05-14 14:40:11.888 E/Hyphenator( 1325): java.io.FileNotFoundException: /system/usr/hyphen-data/hyph-et.hyb: open failed: ENOENT (No such file or directory)
05-14 14:40:11.888 E/Hyphenator( 1325): 	at libcore.io.IoBridge.open(IoBridge.java:455)
05-14 14:40:11.888 E/Hyphenator( 1325): 	at java.io.RandomAccessFile.<init>(RandomAccessFile.java:247)
05-14 14:40:11.888 E/Hyphenator( 1325): 	at android.text.Hyphenator.loadHyphenator(Hyphenator.java:118)
05-14 14:40:11.888 E/Hyphenator( 1325): 	at android.text.Hyphenator.init(Hyphenator.java:224)
05-14 14:40:11.888 E/Hyphenator( 1325): 	at com.android.internal.os.ZygoteInit.preloadTextResources(ZygoteInit.java:252)
05-14 14:40:11.888 E/Hyphenator( 1325): 	at com.android.internal.os.ZygoteInit.preload(ZygoteInit.java:206)
05-14 14:40:11.888 E/Hyphenator( 1325): 	at com.android.internal.os.ZygoteInit.main(ZygoteInit.java:743)
05-14 14:40:11.888 E/Hyphenator( 1325): Caused by: android.system.ErrnoException: open failed: ENOENT (No such file or directory)
05-14 14:40:11.888 E/Hyphenator( 1325): 	at libcore.io.Posix.open(Native Method)
05-14 14:40:11.888 E/Hyphenator( 1325): 	at libcore.io.BlockGuardOs.open(BlockGuardOs.java:187)
05-14 14:40:11.888 E/Hyphenator( 1325): 	at libcore.io.IoBridge.open(IoBridge.java:441)
05-14 14:40:11.888 E/Hyphenator( 1325): 	... 6 more
05-14 14:40:11.889 E/Hyphenator( 1325): error loading hyphenation /system/usr/hyphen-data/hyph-eu.hyb
05-14 14:40:11.889 E/Hyphenator( 1325): java.io.FileNotFoundException: /system/usr/hyphen-data/hyph-eu.hyb: open failed: ENOENT (No such file or directory)
05-14 14:40:11.889 E/Hyphenator( 1325): 	at libcore.io.IoBridge.open(IoBridge.java:455)
05-14 14:40:11.889 E/Hyphenator( 1325): 	at java.io.RandomAccessFile.<init>(RandomAccessFile.java:247)
05-14 14:40:11.889 E/Hyphenator( 1325): 	at android.text.Hyphenator.loadHyphenator(Hyphenator.java:118)
05-14 14:40:11.889 E/Hyphenator( 1325): 	at android.text.Hyphenator.init(Hyphenator.java:224)
05-14 14:40:11.889 E/Hyphenator( 1325): 	at com.android.internal.os.ZygoteInit.preloadTextResources(ZygoteInit.java:252)
05-14 14:40:11.889 E/Hyphenator( 1325): 	at com.android.internal.os.ZygoteInit.preload(ZygoteInit.java:206)
05-14 14:40:11.889 E/Hyphenator( 1325): 	at com.android.internal.os.ZygoteInit.main(ZygoteInit.java:743)
05-14 14:40:11.889 E/Hyphenator( 1325): Caused by: android.system.ErrnoException: open failed: ENOENT (No such file or directory)
05-14 14:40:11.889 E/Hyphenator( 1325): 	at libcore.io.Posix.open(Native Method)
05-14 14:40:11.889 E/Hyphenator( 1325): 	at libcore.io.BlockGuardOs.open(BlockGuardOs.java:187)
05-14 14:40:11.889 E/Hyphenator( 1325): 	at libcore.io.IoBridge.open(IoBridge.java:441)
05-14 14:40:11.889 E/Hyphenator( 1325): 	... 6 more
05-14 14:40:12.021 E/Hyphenator( 1325): error loading hyphenation /system/usr/hyphen-data/hyph-fr.hyb
05-14 14:40:12.021 E/Hyphenator( 1325): java.io.FileNotFoundException: /system/usr/hyphen-data/hyph-fr.hyb: open failed: ENOENT (No such file or directory)
05-14 14:40:12.021 E/Hyphenator( 1325): 	at libcore.io.IoBridge.open(IoBridge.java:455)
05-14 14:40:12.021 E/Hyphenator( 1325): 	at java.io.RandomAccessFile.<init>(RandomAccessFile.java:247)
05-14 14:40:12.021 E/Hyphenator( 1325): 	at android.text.Hyphenator.loadHyphenator(Hyphenator.java:118)
05-14 14:40:12.021 E/Hyphenator( 1325): 	at android.text.Hyphenator.init(Hyphenator.java:224)
05-14 14:40:12.021 E/Hyphenator( 1325): 	at com.android.internal.os.ZygoteInit.preloadTextResources(ZygoteInit.java:252)
05-14 14:40:12.021 E/Hyphenator( 1325): 	at com.android.internal.os.ZygoteInit.preload(ZygoteInit.java:206)
05-14 14:40:12.021 E/Hyphenator( 1325): 	at com.android.internal.os.ZygoteInit.main(ZygoteInit.java:743)
05-14 14:40:12.021 E/Hyphenator( 1325): Caused by: android.system.ErrnoException: open failed: ENOENT (No such file or directory)
05-14 14:40:12.021 E/Hyphenator( 1325): 	at libcore.io.Posix.open(Native Method)
05-14 14:40:12.021 E/Hyphenator( 1325): 	at libcore.io.BlockGuardOs.open(BlockGuardOs.java:187)
05-14 14:40:12.021 E/Hyphenator( 1325): 	at libcore.io.IoBridge.open(IoBridge.java:441)
05-14 14:40:12.021 E/Hyphenator( 1325): 	... 6 more
05-14 14:40:12.023 E/Hyphenator( 1325): error loading hyphenation /system/usr/hyphen-data/hyph-ga.hyb
05-14 14:40:12.023 E/Hyphenator( 1325): java.io.FileNotFoundException: /system/usr/hyphen-data/hyph-ga.hyb: open failed: ENOENT (No such file or directory)
05-14 14:40:12.023 E/Hyphenator( 1325): 	at libcore.io.IoBridge.open(IoBridge.java:455)
05-14 14:40:12.023 E/Hyphenator( 1325): 	at java.io.RandomAccessFile.<init>(RandomAccessFile.java:247)
05-14 14:40:12.023 E/Hyphenator( 1325): 	at android.text.Hyphenator.loadHyphenator(Hyphenator.java:118)
05-14 14:40:12.023 E/Hyphenator( 1325): 	at android.text.Hyphenator.init(Hyphenator.java:224)
05-14 14:40:12.023 E/Hyphenator( 1325): 	at com.android.internal.os.ZygoteInit.preloadTextResources(ZygoteInit.java:252)
05-14 14:40:12.023 E/Hyphenator( 1325): 	at com.android.internal.os.ZygoteInit.preload(ZygoteInit.java:206)
05-14 14:40:12.023 E/Hyphenator( 1325): 	at com.android.internal.os.ZygoteInit.main(ZygoteInit.java:743)
05-14 14:40:12.023 E/Hyphenator( 1325): Caused by: android.system.ErrnoException: open failed: ENOENT (No such file or directory)
05-14 14:40:12.023 E/Hyphenator( 1325): 	at libcore.io.Posix.open(Native Method)
05-14 14:40:12.023 E/Hyphenator( 1325): 	at libcore.io.BlockGuardOs.open(BlockGuardOs.java:187)
05-14 14:40:12.023 E/Hyphenator( 1325): 	at libcore.io.IoBridge.open(IoBridge.java:441)
05-14 14:40:12.023 E/Hyphenator( 1325): 	... 6 more
05-14 14:40:12.024 E/Hyphenator( 1325): error loading hyphenation /system/usr/hyphen-data/hyph-gu.hyb
05-14 14:40:12.024 E/Hyphenator( 1325): java.io.FileNotFoundException: /system/usr/hyphen-data/hyph-gu.hyb: open failed: ENOENT (No such file or directory)
05-14 14:40:12.024 E/Hyphenator( 1325): 	at libcore.io.IoBridge.open(IoBridge.java:455)
05-14 14:40:12.024 E/Hyphenator( 1325): 	at java.io.RandomAccessFile.<init>(RandomAccessFile.java:247)
05-14 14:40:12.024 E/Hyphenator( 1325): 	at android.text.Hyphenator.loadHyphenator(Hyphenator.java:118)
05-14 14:40:12.024 E/Hyphenator( 1325): 	at android.text.Hyphenator.init(Hyphenator.java:224)
05-14 14:40:12.024 E/Hyphenator( 1325): 	at com.android.internal.os.ZygoteInit.preloadTextResources(ZygoteInit.java:252)
05-14 14:40:12.024 E/Hyphenator( 1325): 	at com.android.internal.os.ZygoteInit.preload(ZygoteInit.java:206)
05-14 14:40:12.024 E/Hyphenator( 1325): 	at com.android.internal.os.ZygoteInit.main(ZygoteInit.java:743)
05-14 14:40:12.024 E/Hyphenator( 1325): Caused by: android.system.ErrnoException: open failed: ENOENT (No such file or directory)
05-14 14:40:12.024 E/Hyphenator( 1325): 	at libcore.io.Posix.open(Native Method)
05-14 14:40:12.024 E/Hyphenator( 1325): 	at libcore.io.BlockGuardOs.open(BlockGuardOs.java:187)
05-14 14:40:12.024 E/Hyphenator( 1325): 	at libcore.io.IoBridge.open(IoBridge.java:441)
