05-01 13:21:31.021 W/ActivityManager( 1824): Slow operation: 91ms so far, now at startProcess: building log message
05-01 13:21:31.021 I/ActivityManager( 1824): Start proc 2890:com.android.gallery3d/u0a39 for broadcast com.android.gallery3d/.app.PackagesMonitor
05-01 13:21:31.021 W/ActivityManager( 1824): Slow operation: 91ms so far, now at startProcess: starting to update pids map
05-01 13:21:31.021 W/ActivityManager( 1824): Slow operation: 91ms so far, now at startProcess: done updating pids map
05-01 13:21:31.022 W/ActivityManager( 1824): Slow operation: 91ms so far, now at startProcess: done starting proc!
05-01 13:21:31.041 W/art     ( 2890): Unexpected CPU variant for X86 using defaults: x86_64
05-01 13:21:31.085 I/art     ( 2862): System.exit called, status: 0
05-01 13:21:31.085 I/AndroidRuntime( 2862): VM exiting with result code 0.
05-01 13:21:31.370 E/PhoneInterfaceManager( 2244): [PhoneIntfMgr] getCarrierPackageNamesForIntent: No UICC
05-01 13:21:31.370 D/CarrierSvcBindHelper( 2244): No carrier app for: 0
05-01 13:21:31.372 D/CarrierConfigLoader( 2244): mHandler: 9 phoneId: 0
05-01 13:21:31.608 W/VoiceInteractionManagerService( 1824): no available voice recognition services found for user 0
05-01 13:21:32.660 W/art     ( 2911): Unexpected CPU variant for X86 using defaults: x86_64
05-01 13:21:32.668 W/ActivityManager( 1824): Slow operation: 69ms so far, now at startProcess: returned from zygote!
05-01 13:21:32.668 W/ActivityManager( 1824): Slow operation: 69ms so far, now at startProcess: done updating battery stats
05-01 13:21:32.669 W/ActivityManager( 1824): Slow operation: 69ms so far, now at startProcess: building log message
05-01 13:21:32.669 I/ActivityManager( 1824): Start proc 2911:com.svox.pico/u0a49 for broadcast com.svox.pico/.VoiceDataInstallerReceiver
05-01 13:21:32.669 W/ActivityManager( 1824): Slow operation: 70ms so far, now at startProcess: starting to update pids map
05-01 13:21:32.669 W/ActivityManager( 1824): Slow operation: 70ms so far, now at startProcess: done updating pids map
05-01 13:21:32.669 W/ActivityManager( 1824): Slow operation: 70ms so far, now at startProcess: done starting proc!
05-01 13:21:32.817 I/ActivityManager( 1824): Killing 2585:com.android.keychain/1000 (adj 906): empty #17
05-01 13:21:32.837 D/ActivityManager( 1824): cleanUpApplicationRecord -- 2585
05-01 13:23:54.609 D/AndroidRuntime( 2925): >>>>>> START com.android.internal.os.RuntimeInit uid 2000 <<<<<<
05-01 13:23:54.635 D/AndroidRuntime( 2925): CheckJNI is ON
05-01 13:23:55.307 W/art     ( 2925): Unexpected CPU variant for X86 using defaults: x86_64
05-01 13:23:55.428 D/ICU     ( 2925): No timezone override file found: /data/misc/zoneinfo/current/icu/icu_tzdata.dat
05-01 13:23:55.748 E/memtrack( 2925): Couldn't load memtrack module (No such file or directory)
05-01 13:23:55.748 E/android.os.Debug( 2925): failed to load memtrack module: -2
05-01 13:23:55.761 I/Radio-JNI( 2925): register_android_hardware_Radio DONE
05-01 13:23:55.968 D/AndroidRuntime( 2925): Calling main entry com.android.commands.am.Am
05-01 13:23:56.189 W/ActivityManager( 1824): Slow operation: 136ms so far, now at startProcess: returned from zygote!
05-01 13:23:56.190 W/ActivityManager( 1824): Slow operation: 138ms so far, now at startProcess: done updating battery stats
05-01 13:23:56.192 W/ActivityManager( 1824): Slow operation: 139ms so far, now at startProcess: building log message
05-01 13:23:56.192 I/ActivityManager( 1824): Start proc 2935:gov.nasa.arc.astrobee.android.gs.manager/u0a63 for service gov.nasa.arc.astrobee.android.gs.manager/.ManagerService
05-01 13:23:56.192 W/ActivityManager( 1824): Slow operation: 140ms so far, now at startProcess: starting to update pids map
05-01 13:23:56.193 W/ActivityManager( 1824): Slow operation: 140ms so far, now at startProcess: done updating pids map
05-01 13:23:56.193 W/ActivityManager( 1824): Slow operation: 144ms so far, now at startProcess: done starting proc!
05-01 13:23:56.197 I/art     ( 2935): Not late-enabling -Xcheck:jni (already on)
05-01 13:23:56.208 W/art     ( 2935): Unexpected CPU variant for X86 using defaults: x86_64
05-01 13:23:56.218 D/AndroidRuntime( 2925): Shutting down VM
05-01 13:23:56.715 W/System  ( 2935): ClassLoader referenced unknown path: /data/app/gov.nasa.arc.astrobee.android.gs.manager-1/lib/x86_64
05-01 13:23:58.096 E/Notification( 2935): setLatestEventInfo() is deprecated and you should feel deprecated.
05-01 13:23:58.096 E/Notification( 2935): java.lang.Throwable
05-01 13:23:58.096 E/Notification( 2935): 	at android.app.Notification.setLatestEventInfo(Notification.java:2076)
05-01 13:23:58.096 E/Notification( 2935): 	at org.ros.android.NodeMainExecutorService.onStartCommand(NodeMainExecutorService.java:220)
05-01 13:23:58.096 E/Notification( 2935): 	at android.app.ActivityThread.handleServiceArgs(ActivityThread.java:3326)
05-01 13:23:58.096 E/Notification( 2935): 	at android.app.ActivityThread.-wrap21(ActivityThread.java)
05-01 13:23:58.096 E/Notification( 2935): 	at android.app.ActivityThread$H.handleMessage(ActivityThread.java:1582)
05-01 13:23:58.096 E/Notification( 2935): 	at android.os.Handler.dispatchMessage(Handler.java:102)
05-01 13:23:58.096 E/Notification( 2935): 	at android.os.Looper.loop(Looper.java:154)
05-01 13:23:58.096 E/Notification( 2935): 	at android.app.ActivityThread.main(ActivityThread.java:6119)
05-01 13:23:58.096 E/Notification( 2935): 	at java.lang.reflect.Method.invoke(Native Method)
05-01 13:23:58.096 E/Notification( 2935): 	at com.android.internal.os.ZygoteInit$MethodAndArgsCaller.run(ZygoteInit.java:886)
05-01 13:23:58.096 E/Notification( 2935): 	at com.android.internal.os.ZygoteInit.main(ZygoteInit.java:776)
05-01 13:23:59.868 I/Registrar( 2935): MasterXmlRpcEndpoint URI: http://llp:11311
05-01 13:24:00.155 I/Registrar( 2935): Registering publisher: Publisher<PublisherDefinition<PublisherIdentifier<NodeIdentifier</guest_science_manager, http://hlp:35966/>, TopicIdentifier</rosout>>, Topic<TopicIdentifier</rosout>, TopicDescription<rosgraph_msgs/Log, acffd30cd6b6de30f120938c17c593fb>>>>
05-01 13:24:00.240 I/Choreographer( 2460): Skipped 34 frames!  The application may be doing too much work on its main thread.
05-01 13:24:02.405 I/Registrar( 2935): Response<Success, Registered [/guest_science_manager] as publisher of [/rosout], [http://10.42.0.34:37798/]>
05-01 13:24:02.409 I/DefaultPublisher( 2935): Publisher registered: Publisher<PublisherDefinition<PublisherIdentifier<NodeIdentifier</guest_science_manager, http://hlp:35966/>, TopicIdentifier</rosout>>, Topic<TopicIdentifier</rosout>, TopicDescription<rosgraph_msgs/Log, acffd30cd6b6de30f120938c17c593fb>>>>
05-01 13:24:02.773 I/Registrar( 2935): Registering subscriber: Subscriber<Topic<TopicIdentifier</clock>, TopicDescription<rosgraph_msgs/Clock, a9c97c1d230cfc112e270351a944ee47>>>
05-01 13:24:02.805 D/NotificationSQLiteLog( 1824): Pruned event entries: 15
05-01 13:24:02.935 I/Registrar( 2935): Response<Success, Subscribed to [/clock], [http://10.42.0.34:41285/]>
05-01 13:24:02.962 I/DefaultSubscriber( 2935): Subscriber registered: Subscriber<Topic<TopicIdentifier</clock>, TopicDescription<rosgraph_msgs/Clock, a9c97c1d230cfc112e270351a944ee47>>>
05-01 13:24:03.110 I/Registrar( 2935): Registering publisher: Publisher<PublisherDefinition<PublisherIdentifier<NodeIdentifier</guest_science_manager, http://hlp:35966/>, TopicIdentifier</gs/gs_manager/ack>>, Topic<TopicIdentifier</gs/gs_manager/ack>, TopicDescription<ff_msgs/AckStamped, cebddec69fd770df54633be444a9187d>>>>
05-01 13:24:03.296 I/Registrar( 2935): Registering publisher: Publisher<PublisherDefinition<PublisherIdentifier<NodeIdentifier</guest_science_manager, http://hlp:35966/>, TopicIdentifier</gs/gs_manager/config>>, Topic<TopicIdentifier</gs/gs_manager/config>, TopicDescription<ff_msgs/GuestScienceConfig, c6f632ed2411de4159494a3e7754794e>>>>
05-01 13:24:03.369 I/Registrar( 2935): Response<Success, Registered [/guest_science_manager] as publisher of [/gs/gs_manager/ack], [http://10.42.0.34:41411/]>
05-01 13:24:03.372 I/DefaultPublisher( 2935): Publisher registered: Publisher<PublisherDefinition<PublisherIdentifier<NodeIdentifier</guest_science_manager, http://hlp:35966/>, TopicIdentifier</gs/gs_manager/ack>>, Topic<TopicIdentifier</gs/gs_manager/ack>, TopicDescription<ff_msgs/AckStamped, cebddec69fd770df54633be444a9187d>>>>
05-01 13:24:03.558 I/Registrar( 2935): Registering publisher: Publisher<PublisherDefinition<PublisherIdentifier<NodeIdentifier</guest_science_manager, http://hlp:35966/>, TopicIdentifier</gs/data>>, Topic<TopicIdentifier</gs/data>, TopicDescription<ff_msgs/GuestScienceData, edd2c791ea93ffa7cb0ec80c5bb00972>>>>
05-01 13:24:03.665 I/Registrar( 2935): Response<Success, Registered [/guest_science_manager] as publisher of [/gs/gs_manager/config], [http://10.42.0.34:41411/, http://10.42.0.34:37307/]>
05-01 13:24:03.703 I/DefaultPublisher( 2935): Publisher registered: Publisher<PublisherDefinition<PublisherIdentifier<NodeIdentifier</guest_science_manager, http://hlp:35966/>, TopicIdentifier</gs/gs_manager/config>>, Topic<TopicIdentifier</gs/gs_manager/config>, TopicDescription<ff_msgs/GuestScienceConfig, c6f632ed2411de4159494a3e7754794e>>>>
05-01 13:24:03.802 I/Registrar( 2935): Registering publisher: Publisher<PublisherDefinition<PublisherIdentifier<NodeIdentifier</guest_science_manager, http://hlp:35966/>, TopicIdentifier</gs/gs_manager/state>>, Topic<TopicIdentifier</gs/gs_manager/state>, TopicDescription<ff_msgs/GuestScienceState, 24e5a1ba8527257cc710720a32de6e51>>>>
05-01 13:24:04.010 I/Registrar( 2935): Response<Success, Registered [/guest_science_manager] as publisher of [/gs/data], [http://10.42.0.34:41905/, http://10.42.0.34:37307/, http://10.42.0.34:46547/]>
05-01 13:24:04.076 I/DefaultPublisher( 2935): Publisher registered: Publisher<PublisherDefinition<PublisherIdentifier<NodeIdentifier</guest_science_manager, http://hlp:35966/>, TopicIdentifier</gs/data>>, Topic<TopicIdentifier</gs/data>, TopicDescription<ff_msgs/GuestScienceData, edd2c791ea93ffa7cb0ec80c5bb00972>>>>
05-01 13:24:04.668 I/Registrar( 2935): Registering subscriber: Subscriber<Topic<TopicIdentifier</mgt/executive/command>, TopicDescription<ff_msgs/CommandStamped, ac01350894b1be9e3a7b4f390a14812d>>>
05-01 13:24:04.672 I/art     ( 2935): Background sticky concurrent mark sweep GC freed 27806(2MB) AllocSpace objects, 21(424KB) LOS objects, 14% free, 8MB/10MB, paused 13.129ms total 1.446s
05-01 13:24:04.773 I/Registrar( 2935): Response<Success, Registered [/guest_science_manager] as publisher of [/gs/gs_manager/state], [http://10.42.0.34:41411/, http://10.42.0.34:37307/]>
05-01 13:24:04.946 I/DefaultPublisher( 2935): Publisher registered: Publisher<PublisherDefinition<PublisherIdentifier<NodeIdentifier</guest_science_manager, http://hlp:35966/>, TopicIdentifier</gs/gs_manager/state>>, Topic<TopicIdentifier</gs/gs_manager/state>, TopicDescription<ff_msgs/GuestScienceState, 24e5a1ba8527257cc710720a32de6e51>>>>
05-01 13:24:05.200 I/Registrar( 2935): Response<Success, Subscribed to [/mgt/executive/command], [http://10.42.0.34:41411/]>
05-01 13:24:05.255 I/DefaultSubscriber( 2935): Subscriber registered: Subscriber<Topic<TopicIdentifier</mgt/executive/command>, TopicDescription<ff_msgs/CommandStamped, ac01350894b1be9e3a7b4f390a14812d>>>
05-01 13:24:05.453 I/art     ( 3011): Not late-enabling -Xcheck:jni (already on)
05-01 13:24:05.478 W/art     ( 3011): Unexpected CPU variant for X86 using defaults: x86_64
05-01 13:24:05.509 W/ActivityManager( 1824): Slow operation: 169ms so far, now at startProcess: returned from zygote!
05-01 13:24:05.509 W/ActivityManager( 1824): Slow operation: 170ms so far, now at startProcess: done updating battery stats
05-01 13:24:05.510 W/ActivityManager( 1824): Slow operation: 171ms so far, now at startProcess: building log message
05-01 13:24:05.510 I/ActivityManager( 1824): Start proc 3011:jp.jaxa.iss.kibo.rpc.sampleapk/u0a64 for broadcast jp.jaxa.iss.kibo.rpc.sampleapk/gov.nasa.arc.astrobee.android.gs.InfoInqueryBroadcastReceiver
05-01 13:24:05.510 W/ActivityManager( 1824): Slow operation: 171ms so far, now at startProcess: starting to update pids map
05-01 13:24:05.511 W/ActivityManager( 1824): Slow operation: 171ms so far, now at startProcess: done updating pids map
05-01 13:24:05.511 W/ActivityManager( 1824): Slow operation: 212ms so far, now at startProcess: done starting proc!
05-01 13:24:05.534 W/art     ( 1824): Long monitor contention with owner ActivityManager (1854) at void com.android.server.am.BroadcastQueue.processNextBroadcast(boolean)(BroadcastQueue.java:760) waiters=1 in void com.android.server.am.ActivityManagerService.dispatchUidsChanged() for 193ms
05-01 13:24:05.816 W/art     ( 2935): Suspending all threads took: 22.581ms
05-01 13:24:06.238 I/art     ( 2935): Background partial concurrent mark sweep GC freed 22164(1727KB) AllocSpace objects, 28(560KB) LOS objects, 36% free, 7MB/11MB, paused 26.291ms total 911.974ms
05-01 13:24:06.797 I/ActivityManager( 1824): Killing 2651:com.android.printspooler/u0a51 (adj 906): empty #17
05-01 13:24:07.307 D/ActivityManager( 1824): cleanUpApplicationRecord -- 2651
05-01 13:24:09.770 I/art     ( 2935): Do partial code cache collection, code=26KB, data=29KB
05-01 13:24:09.779 I/art     ( 2935): After code cache collection, code=26KB, data=29KB
05-01 13:24:09.779 I/art     ( 2935): Increasing code cache capacity to 128KB
05-01 13:24:12.462 D/ManagerTimeoutTimer( 2935): Still waiting for the apk to start or stop. 4999.0 milliseconds left.
05-01 13:24:12.768 D/OpenCV/StaticHelper( 3011): Trying to get library list
05-01 13:24:12.861 E/OpenCV/StaticHelper( 3011): OpenCV error: Cannot load info library for OpenCV
05-01 13:24:12.861 D/OpenCV/StaticHelper( 3011): Library list: ""
05-01 13:24:12.862 D/OpenCV/StaticHelper( 3011): First attempt to load libs
05-01 13:24:12.862 D/OpenCV/StaticHelper( 3011): Trying to init OpenCV libs
05-01 13:24:12.862 D/OpenCV/StaticHelper( 3011): Trying to load library opencv_java3
05-01 13:24:13.041 D/OpenCV/StaticHelper( 3011): Library opencv_java3 loaded
05-01 13:24:13.041 D/OpenCV/StaticHelper( 3011): First attempt to load libs is OK
05-01 13:24:13.061 I/OpenCV/StaticHelper( 3011): 
05-01 13:24:13.061 I/OpenCV/StaticHelper( 3011): General configuration for OpenCV 3.4.4 =====================================
05-01 13:24:13.061 I/OpenCV/StaticHelper( 3011):   Version control:               3.4.4
05-01 13:24:13.061 I/OpenCV/StaticHelper( 3011): 
05-01 13:24:13.061 I/OpenCV/StaticHelper( 3011):   Extra modules:
05-01 13:24:13.061 I/OpenCV/StaticHelper( 3011):     Location (extra):            /build/3_4-contrib_pack-contrib-android/opencv_contrib/modules
05-01 13:24:13.061 I/OpenCV/StaticHelper( 3011):     Version control (extra):     3.4.4
05-01 13:24:13.061 I/OpenCV/StaticHelper( 3011): 
05-01 13:24:13.061 I/OpenCV/StaticHelper( 3011):   Platform:
05-01 13:24:13.061 I/OpenCV/StaticHelper( 3011):     Timestamp:                   2018-11-17T00:27:32Z
05-01 13:24:13.061 I/OpenCV/StaticHelper( 3011):     Host:                        Linux 4.15.0-38-generic x86_64
05-01 13:24:13.061 I/OpenCV/StaticHelper( 3011):     Target:                      Linux 1 x86_64
05-01 13:24:13.062 I/OpenCV/StaticHelper( 3011):     CMake:                       2.8.12.2
05-01 13:24:13.062 I/OpenCV/StaticHelper( 3011):     CMake generator:             Ninja
05-01 13:24:13.062 I/OpenCV/StaticHelper( 3011):     CMake build tool:            /usr/bin/ninja
05-01 13:24:13.062 I/OpenCV/StaticHelper( 3011):     Configuration:               Release
05-01 13:24:13.062 I/OpenCV/StaticHelper( 3011): 
05-01 13:24:13.082 I/OpenCV/StaticHelper( 3011):   CPU/HW features:
05-01 13:24:13.082 I/OpenCV/StaticHelper( 3011):     Baseline:                    SSE SSE2 SSE3
05-01 13:24:13.082 I/OpenCV/StaticHelper( 3011):       requested:                 SSE3
05-01 13:24:13.082 I/OpenCV/StaticHelper( 3011):     Dispatched code generation:  SSE4_1 SSE4_2 FP16 AVX AVX2
05-01 13:24:13.082 I/OpenCV/StaticHelper( 3011):       requested:                 SSE4_1 SSE4_2 AVX FP16 AVX2 AVX512_SKX
05-01 13:24:13.082 I/OpenCV/StaticHelper( 3011):       SSE4_1 (4 files):          + SSSE3 SSE4_1
05-01 13:24:13.082 I/OpenCV/StaticHelper( 3011):       SSE4_2 (1 files):          + SSSE3 SSE4_1 POPCNT SSE4_2
05-01 13:24:13.082 I/OpenCV/StaticHelper( 3011):       FP16 (0 files):            + SSSE3 SSE4_1 POPCNT SSE4_2 FP16 AVX
05-01 13:24:13.082 I/OpenCV/StaticHelper( 3011):       AVX (5 files):             + SSSE3 SSE4_1 POPCNT SSE4_2 AVX
05-01 13:24:13.082 I/OpenCV/StaticHelper( 3011):       AVX2 (10 files):           + SSSE3 SSE4_1 POPCNT SSE4_2 FP16 FMA3 AVX AVX2
05-01 13:24:13.082 I/OpenCV/StaticHelper( 3011): 
05-01 13:24:13.082 I/OpenCV/StaticHelper( 3011):   C/C++:
05-01 13:24:13.082 I/OpenCV/StaticHelper( 3011):     Built as dynamic libs?:      NO
05-01 13:24:13.082 I/OpenCV/StaticHelper( 3011):     C++ Compiler:                /usr/bin/ccache /opt/android/android-ndk-r10e/toolchains/x86_64-4.9/prebuilt/linux-x86_64/bin/x86_64-linux-android-g++ (ver 4.9)
05-01 13:24:13.082 I/OpenCV/StaticHelper( 3011):     C++ flags (Release):         -fexceptions -frtti --sysroot=/opt/android/android-ndk-r10e/platforms/android-21/arch-x86_64 -funwind-tables -funswitch-loops -finline-limit=300 -fsigned-char -no-canonical-prefixes -fdata-sections -ffunction-sections -Wa,--noexecstack  -DANDROID -D__ANDROID_API__=21   -fsigned-char -W -Wall -Werror=return-type -Werror=non-virtual-dtor -Werror=address -Werror=sequence-point -Wformat -Werror=format-security -Wmissing-declarations -Wundef -Winit-self -Wpointer-arith -Wshadow -Wsign-promo -Wuninitialized -Winit-self -Wno-narrowing -Wno-delete-non-virtual-dtor -Wno-comment -Wno-missing-field-initializers -fdiagnostics-show-option -Wno-long-long -fomit-frame-pointer  -msse -msse2 -msse3 -fvisibility=hidden -fvisibility-inlines-hidden -fomit-frame-pointer -fstrict-aliasing -O3 -DNDEBUG  -DNDEBUG
05-01 13:24:13.082 I/OpenCV/StaticHelper( 3011):     C++ flags (Debug):           -fexceptions -frtti --sysroot=/opt/android/android-ndk-r10e/platforms/android-21/arch-x86_64 -funwind-tables -funswitch-loops -finline-limit=300 -fsigned-char -no-canonical-prefixes -fdata-sections -ffunction-sections -Wa,--noexecstack  -DANDROID -D__ANDROID_API__=21   -fsigned-char -W -Wall -Werror=return-type -Werror=non-virtual-dtor -Werror=address -Werror=sequence-point -Wformat -Werror=format-security -Wmissing-declarations -Wundef -Winit-self -Wpointer-arith -Wshadow -Wsign-promo -Wuninitialized -Winit-self -Wno-narrowing -Wno-delete-non-virtual-dtor -Wno-comment -Wno-missing-field-initializers -fdiagnostics-show-option -Wno-long-long -fomit-frame-pointer  -msse -msse2 -msse3 -fvisibility=hidden -fvisibility-inlines-hidden -fno-omit-frame-pointer -fno-strict-aliasing -O0 -g -DDEBUG -D_DEBUG  -DDEBUG -D_DEBUG
05-01 13:24:13.082 I/OpenCV/StaticHelper( 3011):     C Compiler:                  /usr/bin/ccache /opt/android/android-ndk-r10e/toolchains/x86_64-4.9/prebuilt/linux-x86_64/bin/x86_64-linux-android-gcc
05-01 13:24:13.082 I/OpenCV/StaticHelper( 3011):     C flags (Release):           -fexceptions --sysroot=/opt/android/android-ndk-r10e/platforms/android-21/arch-x86_64 -funwind-tables -funswitch-loops -finline-limit=300 -fsigned-char -no-canonical-prefixes -fdata-sections -ffunction-sections -Wa,--noexecstack  -DANDROID -D__ANDROID_API__=21   -fsigned-char -W -Wall -Werror=return-type -Werror=non-virtual-dtor -Werror=address -Werror=sequence-point -Wformat -Werror=format-security -Wmissing-declarations -Wmissing-prototypes -Wstrict-prototypes -Wundef -Winit-self -Wpointer-arith -Wshadow -Wuninitialized -Winit-self -Wno-narrowing -Wno-comment -Wno-missing-field-initializers -fdiagnostics-show-option -Wno-long-long -fomit-frame-pointer  -msse -msse2 -msse3 -fvisibility=hidden -fomit-frame-pointer -fstrict-aliasing -O3 -DNDEBUG  -DNDEBUG
05-01 13:24:13.083 I/OpenCV/StaticHelper( 3011):     C flags (Debug):             -fexceptions --sysroot=/opt/android/android-ndk-r10e/platforms/android-21/arch-x86_64 -funwind-tables -funswitch-loops -finline-limit=300 -fsigned-char -no-canonical-prefixes -fdata-sections -ffunction-sections -Wa,--noexecstack  -DANDROID -D__ANDROID_API__=21   -fsigned-char -W -Wall -Werror=return-type -Werror=non-virtual-dtor -Werror=address -Werror=sequence-point -Wformat -Werror=format-security -Wmissing-declarations -Wmissing-prototypes -Wstrict-prototypes -Wundef -Winit-self -Wpointer-arith -Wshadow -Wuninitialized -Winit-self -Wno-narrowing -Wno-comment -Wno-missing-field-initializers -fdiagnostics-show-option -Wno-long-long -fomit-frame-pointer  -msse -msse2 -msse3 -fvisibility=hidden -fno-omit-frame-pointer -fno-strict-aliasing -O0 -g -DDEBUG -D_DEBUG  -DDEBUG -D_DEBUG
05-01 13:24:13.083 I/OpenCV/StaticHelper( 3011):     Linker flags (Release):      -Wl,--exclude-libs,libippicv.a -Wl,--exclude-libs,libippiw.a  -Wl,--no-undefined -Wl,--gc-sections -Wl,-z,noexecstack -Wl,-z,relro -Wl,-z,now    
05-01 13:24:13.083 I/OpenCV/StaticHelper( 3011):     Linker flags (Debug):        -Wl,--exclude-libs,libippicv.a -Wl,--exclude-libs,libippiw.a  -Wl,--no-undefined -Wl,--gc-sections -Wl,-z,noexecstack -Wl,-z,relro -Wl,-z,now    
05-01 13:24:13.083 I/OpenCV/StaticHelper( 3011):     ccache:                      YES
05-01 13:24:13.083 I/OpenCV/StaticHelper( 3011):     Precompiled headers:         NO
05-01 13:24:13.083 I/OpenCV/StaticHelper( 3011):     Extra dependencies:          z dl m log
05-01 13:24:13.083 I/OpenCV/StaticHelper( 3011):     3rdparty dependencies:       tbb libcpufeatures ittnotify libjpeg-turbo libwebp libpng libtiff libjasper IlmImf libprotobuf quirc ippiw ippicv
05-01 13:24:13.083 I/OpenCV/StaticHelper( 3011): 
05-01 13:24:13.083 I/OpenCV/StaticHelper( 3011):   OpenCV modules:
05-01 13:24:13.083 I/OpenCV/StaticHelper( 3011):     To be built:                 aruco bgsegm bioinspired calib3d ccalib core datasets dnn dnn_objdetect dpm face features2d flann fuzzy hfs highgui img_hash imgcodecs imgproc java java_bindings_generator line_descriptor ml objdetect optflow phase_unwrapping photo plot reg rgbd saliency shape stereo stitching structured_light superres surface_matching text tracking video videoio videostab xfeatures2d ximgproc xobjdetect xphoto
05-01 13:24:13.083 I/OpenCV/StaticHelper( 3011):     Disabled:                    world
05-01 13:24:13.083 I/OpenCV/StaticHelper( 3011):     Disabled by dependency:      -
05-01 13:24:13.083 I/OpenCV/StaticHelper( 3011):     Unavailable:                 cnn_3dobj cudaarithm cudabgsegm cudacodec cudafeatures2d cudafilters cudaimgproc cudalegacy cudaobjdetect cudaoptflow cudastereo cudawarping cudev cvv freetype hdf js matlab ovis python2 python3 sfm ts viz
05-01 13:24:13.083 I/OpenCV/StaticHelper( 3011):     Applications:                android_examples
05-01 13:24:13.084 I/OpenCV/StaticHelper( 3011):     Documentation:               NO
05-01 13:24:13.084 I/OpenCV/StaticHelper( 3011):     Non-free algorithms:         NO
05-01 13:24:13.084 I/OpenCV/StaticHelper( 3011): 
05-01 13:24:13.084 I/OpenCV/StaticHelper( 3011):   Android NDK:                   location: /opt/android/android-ndk-r10e
05-01 13:24:13.084 I/OpenCV/StaticHelper( 3011):     Android ABI:                 x86_64
05-01 13:24:13.084 I/OpenCV/StaticHelper( 3011):     NDK toolchain:               x86_64-4.9
05-01 13:24:13.084 I/OpenCV/StaticHelper( 3011):     STL type:                    gnustl_static
05-01 13:24:13.085 I/OpenCV/StaticHelper( 3011):     Native API level:            21
05-01 13:24:13.085 I/OpenCV/StaticHelper( 3011):   Android SDK:                   /opt/android/android-sdk-java7 (tools: 25.2.2 build tools: 23.0.3)
05-01 13:24:13.085 I/OpenCV/StaticHelper( 3011):     android tool:                /opt/android/android-sdk-java7/tools/android
05-01 13:24:13.085 I/OpenCV/StaticHelper( 3011):     SDK target:                  android-21
05-01 13:24:13.085 I/OpenCV/StaticHelper( 3011):     Projects build scripts:      Ant/Eclipse compatible
05-01 13:24:13.085 I/OpenCV/StaticHelper( 3011): 
05-01 13:24:13.085 I/OpenCV/StaticHelper( 3011):   GUI: 
05-01 13:24:13.085 I/OpenCV/StaticHelper( 3011): 
05-01 13:24:13.085 I/OpenCV/StaticHelper( 3011):   Media I/O: 
05-01 13:24:13.085 I/OpenCV/StaticHelper( 3011):     ZLib:                        z (ver 1.2.3)
05-01 13:24:13.085 I/OpenCV/StaticHelper( 3011):     JPEG:                        build-libjpeg-turbo (ver 1.5.3-62)
05-01 13:24:13.085 I/OpenCV/StaticHelper( 3011):     WEBP:                        build (ver encoder: 0x020e)
05-01 13:24:13.085 I/OpenCV/StaticHelper( 3011):     PNG:                         build (ver 1.6.35)
05-01 13:24:13.085 I/OpenCV/StaticHelper( 3011):     TIFF:                        build (ver 42 - 4.0.9)
05-01 13:24:13.085 I/OpenCV/StaticHelper( 3011):     JPEG 2000:                   build (ver 1.900.1)
05-01 13:24:13.085 I/OpenCV/StaticHelper( 3011):     OpenEXR:                     build (ver 1.7.1)
05-01 13:24:13.085 I/OpenCV/StaticHelper( 3011):     HDR:                         YES
05-01 13:24:13.085 I/OpenCV/StaticHelper( 3011):     SUNRASTER:                   YES
05-01 13:24:13.085 I/OpenCV/StaticHelper( 3011):     PXM:                         YES
05-01 13:24:13.085 I/OpenCV/StaticHelper( 3011): 
05-01 13:24:13.085 I/OpenCV/StaticHelper( 3011):   Video I/O:
05-01 13:24:13.085 I/OpenCV/StaticHelper( 3011): 
05-01 13:24:13.086 I/OpenCV/StaticHelper( 3011):   Parallel framework:            TBB (ver 2018.0 interface 10001)
05-01 13:24:13.086 I/OpenCV/StaticHelper( 3011): 
05-01 13:24:13.086 I/OpenCV/StaticHelper( 3011):   Trace:                         YES (with Intel ITT)
05-01 13:24:13.086 I/OpenCV/StaticHelper( 3011): 
05-01 13:24:13.086 I/OpenCV/StaticHelper( 3011):   Other third-party libraries:
05-01 13:24:13.086 I/OpenCV/StaticHelper( 3011):     Intel IPP:                   2019.0.0 Gold [2019.0.0]
05-01 13:24:13.086 I/OpenCV/StaticHelper( 3011):            at:                   /build/3_4-contrib_pack-contrib-android/build/o4a/3rdparty/ippicv/ippicv_lnx/icv
05-01 13:24:13.086 I/OpenCV/StaticHelper( 3011):     Intel IPP IW:                sources (2019.0.0)
05-01 13:24:13.086 I/OpenCV/StaticHelper( 3011):               at:                /build/3_4-contrib_pack-contrib-android/build/o4a/3rdparty/ippicv/ippicv_lnx/iw
05-01 13:24:13.086 I/OpenCV/StaticHelper( 3011):     Custom HAL:                  NO
05-01 13:24:13.086 I/OpenCV/StaticHelper( 3011):     Protobuf:                    build (3.5.1)
05-01 13:24:13.086 I/OpenCV/StaticHelper( 3011): 
05-01 13:24:13.086 I/OpenCV/StaticHelper( 3011):   Python (for build):            /usr/bin/python2.7
05-01 13:24:13.086 I/OpenCV/StaticHelper( 3011): 
05-01 13:24:13.086 I/OpenCV/StaticHelper( 3011):   Java:                          export all functions
05-01 13:24:13.086 I/OpenCV/StaticHelper( 3011):     ant:                         /usr/bin/ant (ver 1.9.3)
05-01 13:24:13.086 I/OpenCV/StaticHelper( 3011):     Java wrappers:               YES
05-01 13:24:13.086 I/OpenCV/StaticHelper( 3011):     Java tests:                  NO
05-01 13:24:13.086 I/OpenCV/StaticHelper( 3011): 
05-01 13:24:13.086 I/OpenCV/StaticHelper( 3011):   Install to:                    /build/3_4-contrib_pack-contrib-android/build/o4a/install
05-01 13:24:13.086 I/OpenCV/StaticHelper( 3011): -----------------------------------------------------------------
05-01 13:24:13.087 D/OpenCv  ( 3011): OpenCV loaded
05-01 13:24:14.509 I/Registrar( 3011): MasterXmlRpcEndpoint URI: http://llp:11311
05-01 13:24:14.726 I/Registrar( 3011): Registering publisher: Publisher<PublisherDefinition<PublisherIdentifier<NodeIdentifier</kibo_rpc_api, http://hlp:52442/>, TopicIdentifier</rosout>>, Topic<TopicIdentifier</rosout>, TopicDescription<rosgraph_msgs/Log, acffd30cd6b6de30f120938c17c593fb>>>>
05-01 13:24:16.558 I/Registrar( 3011): Response<Success, Registered [/kibo_rpc_api] as publisher of [/rosout], [http://10.42.0.34:37798/, http://10.42.0.34:46319/]>
05-01 13:24:16.627 I/DefaultPublisher( 3011): Publisher registered: Publisher<PublisherDefinition<PublisherIdentifier<NodeIdentifier</kibo_rpc_api, http://hlp:52442/>, TopicIdentifier</rosout>>, Topic<TopicIdentifier</rosout>, TopicDescription<rosgraph_msgs/Log, acffd30cd6b6de30f120938c17c593fb>>>>
05-01 13:24:17.003 I/Registrar( 3011): Registering subscriber: Subscriber<Topic<TopicIdentifier</clock>, TopicDescription<rosgraph_msgs/Clock, a9c97c1d230cfc112e270351a944ee47>>>
05-01 13:24:17.151 W/art     ( 3011): Suspending all threads took: 8.359ms
05-01 13:24:17.380 I/Registrar( 3011): Response<Success, Subscribed to [/clock], [http://10.42.0.34:41285/]>
05-01 13:24:17.428 I/DefaultSubscriber( 3011): Subscriber registered: Subscriber<Topic<TopicIdentifier</clock>, TopicDescription<rosgraph_msgs/Clock, a9c97c1d230cfc112e270351a944ee47>>>
05-01 13:24:18.063 I/Registrar( 3011): Registering publisher: Publisher<PublisherDefinition<PublisherIdentifier<NodeIdentifier</kibo_rpc_api, http://hlp:52442/>, TopicIdentifier</command>>, Topic<TopicIdentifier</command>, TopicDescription<ff_msgs/CommandStamped, ac01350894b1be9e3a7b4f390a14812d>>>>
05-01 13:24:18.652 I/Registrar( 3011): Response<Success, Registered [/kibo_rpc_api] as publisher of [/command], [http://10.42.0.34:41285/, http://10.42.0.34:41411/, http://10.42.0.34:46547/, http://10.42.0.34:46319/]>
05-01 13:24:18.655 I/DefaultPublisher( 3011): Publisher registered: Publisher<PublisherDefinition<PublisherIdentifier<NodeIdentifier</kibo_rpc_api, http://hlp:52442/>, TopicIdentifier</command>>, Topic<TopicIdentifier</command>, TopicDescription<ff_msgs/CommandStamped, ac01350894b1be9e3a7b4f390a14812d>>>>
05-01 13:24:19.391 I/Registrar( 3011): Registering subscriber: Subscriber<Topic<TopicIdentifier</mgt/ack>, TopicDescription<ff_msgs/AckStamped, cebddec69fd770df54633be444a9187d>>>
05-01 13:24:19.430 I/Registrar( 3011): MasterXmlRpcEndpoint URI: http://llp:11311
05-01 13:24:19.518 W/art     ( 3011): Suspending all threads took: 13.618ms
05-01 13:24:21.429 I/Registrar( 3011): Response<Success, Subscribed to [/mgt/ack], [http://10.42.0.34:41411/]>
05-01 13:24:21.674 I/Registrar( 3011): Registering publisher: Publisher<PublisherDefinition<PublisherIdentifier<NodeIdentifier</GetterNode, http://hlp:42766/>, TopicIdentifier</rosout>>, Topic<TopicIdentifier</rosout>, TopicDescription<rosgraph_msgs/Log, acffd30cd6b6de30f120938c17c593fb>>>>
05-01 13:24:21.715 I/DefaultSubscriber( 3011): Subscriber registered: Subscriber<Topic<TopicIdentifier</mgt/ack>, TopicDescription<ff_msgs/AckStamped, cebddec69fd770df54633be444a9187d>>>
05-01 13:24:21.777 W/art     ( 3011): Suspending all threads took: 7.086ms
05-01 13:24:22.268 W/art     ( 2935): Suspending all threads took: 10.904ms
05-01 13:24:22.425 I/art     ( 2935): Background sticky concurrent mark sweep GC freed 95722(2MB) AllocSpace objects, 15(292KB) LOS objects, 36% free, 7MB/11MB, paused 14.524ms total 272.466ms
05-01 13:24:23.369 I/Registrar( 3011): Registering subscriber: Subscriber<Topic<TopicIdentifier</gnc/ekf>, TopicDescription<ff_msgs/EkfState, 543b97822b033d7199b506ad4005f134>>>
05-01 13:24:23.446 I/Registrar( 3011): Response<Success, Registered [/GetterNode] as publisher of [/rosout], [http://10.42.0.34:37798/, http://10.42.0.34:46319/]>
05-01 13:24:23.741 I/DefaultPublisher( 3011): Publisher registered: Publisher<PublisherDefinition<PublisherIdentifier<NodeIdentifier</GetterNode, http://hlp:42766/>, TopicIdentifier</rosout>>, Topic<TopicIdentifier</rosout>, TopicDescription<rosgraph_msgs/Log, acffd30cd6b6de30f120938c17c593fb>>>>
05-01 13:24:23.743 W/art     ( 3011): Long monitor contention with owner pool-1-thread-3 (3029) at void gov.nasa.arc.astrobee.ros.internal.RobotNodeMain.onStart(org.ros.node.ConnectedNode)(RobotNodeMain.java:61) waiters=0 in org.ros.message.MessageFactory gov.nasa.arc.astrobee.ros.internal.RobotNodeMain.getTopicMessageFactory() for 4.405s
05-01 13:24:23.764 W/art     ( 3011): Long monitor contention with owner pool-1-thread-3 (3029) at void gov.nasa.arc.astrobee.ros.internal.RobotNodeMain.onStart(org.ros.node.ConnectedNode)(RobotNodeMain.java:61) waiters=1 in void gov.nasa.arc.astrobee.ros.internal.RobotNodeMain$1.onNewSubscriber(org.ros.node.topic.Publisher, org.ros.internal.node.topic.SubscriberIdentifier) for 4.145s
05-01 13:24:24.348 I/Registrar( 3011): Registering subscriber: Subscriber<Topic<TopicIdentifier</clock>, TopicDescription<rosgraph_msgs/Clock, a9c97c1d230cfc112e270351a944ee47>>>
05-01 13:24:24.887 I/Registrar( 3011): Response<Success, Subscribed to [/gnc/ekf], [http://10.42.0.34:44917/]>
05-01 13:24:24.910 I/DefaultSubscriber( 3011): Subscriber registered: Subscriber<Topic<TopicIdentifier</gnc/ekf>, TopicDescription<ff_msgs/EkfState, 543b97822b033d7199b506ad4005f134>>>
05-01 13:24:24.955 I/Registrar( 3011): Response<Success, Subscribed to [/clock], [http://10.42.0.34:41285/]>
05-01 13:24:24.959 I/DefaultSubscriber( 3011): Subscriber registered: Subscriber<Topic<TopicIdentifier</clock>, TopicDescription<rosgraph_msgs/Clock, a9c97c1d230cfc112e270351a944ee47>>>
05-01 13:24:24.963 D/KiboRpcApi( 3011): GetterNode initialization started.
05-01 13:24:27.643 W/art     ( 3011): Suspending all threads took: 13.706ms
05-01 13:24:31.171 W/art     ( 3011): Suspending all threads took: 17.600ms
05-01 13:24:31.642 W/art     ( 3011): Long monitor contention with owner New I/O  worker #21 (3074) at boolean org.ros.concurrent.CircularBlockingDeque.addLast(java.lang.Object)(CircularBlockingDeque.java:72) waiters=1 in void java.lang.Object.wait!() for 466ms
05-01 13:24:32.596 W/art     ( 3011): Long monitor contention with owner New I/O  worker #21 (3074) at boolean org.ros.concurrent.CircularBlockingDeque.addLast(java.lang.Object)(CircularBlockingDeque.java:72) waiters=1 in void java.lang.Object.wait!() for 190ms
05-01 13:24:32.810 I/Registrar( 3011): Registering subscriber: Subscriber<Topic<TopicIdentifier</gnc/ekf_noise>, TopicDescription<ff_msgs/EkfState, 543b97822b033d7199b506ad4005f134>>>
05-01 13:24:33.753 I/Registrar( 3011): Response<Success, Subscribed to [/gnc/ekf_noise], [http://10.42.0.34:44917/]>
05-01 13:24:33.768 I/DefaultSubscriber( 3011): Subscriber registered: Subscriber<Topic<TopicIdentifier</gnc/ekf_noise>, TopicDescription<ff_msgs/EkfState, 543b97822b033d7199b506ad4005f134>>>
05-01 13:24:34.106 I/Registrar( 3011): Registering subscriber: Subscriber<Topic<TopicIdentifier</hw/imu>, TopicDescription<sensor_msgs/Imu, 6a62c6daae103f4ff57a132d6f95cec2>>>
05-01 13:24:34.913 I/Registrar( 3011): Response<Success, Subscribed to [/hw/imu], [http://10.42.0.34:41285/]>
05-01 13:24:34.969 I/DefaultSubscriber( 3011): Subscriber registered: Subscriber<Topic<TopicIdentifier</hw/imu>, TopicDescription<sensor_msgs/Imu, 6a62c6daae103f4ff57a132d6f95cec2>>>
05-01 13:24:35.025 I/Registrar( 3011): Registering subscriber: Subscriber<Topic<TopicIdentifier</hw/cam_nav>, TopicDescription<sensor_msgs/Image, 060021388200f6f0f447d0fcd9c64743>>>
05-01 13:24:36.158 W/art     ( 3011): Suspending all threads took: 9.211ms
05-01 13:24:36.236 I/Registrar( 3011): Registering subscriber: Subscriber<Topic<TopicIdentifier</hw/cam_dock>, TopicDescription<sensor_msgs/Image, 060021388200f6f0f447d0fcd9c64743>>>
05-01 13:24:36.703 I/Registrar( 3011): Response<Success, Subscribed to [/hw/cam_nav], [http://10.42.0.34:41285/]>
05-01 13:24:36.819 I/DefaultSubscriber( 3011): Subscriber registered: Subscriber<Topic<TopicIdentifier</hw/cam_nav>, TopicDescription<sensor_msgs/Image, 060021388200f6f0f447d0fcd9c64743>>>
05-01 13:24:37.405 W/art     ( 3011): Suspending all threads took: 71.864ms
05-01 13:24:37.818 I/Registrar( 3011): Response<Success, Subscribed to [/hw/cam_dock], [http://10.42.0.34:41285/]>
05-01 13:24:37.835 I/DefaultSubscriber( 3011): Subscriber registered: Subscriber<Topic<TopicIdentifier</hw/cam_dock>, TopicDescription<sensor_msgs/Image, 060021388200f6f0f447d0fcd9c64743>>>
05-01 13:24:39.187 W/art     ( 3011): Long monitor contention with owner pool-1-thread-10 (3037) at java.lang.Object org.ros.concurrent.CircularBlockingDeque.takeFirst()(CircularBlockingDeque.java:117) waiters=0 in boolean org.ros.concurrent.CircularBlockingDeque.addLast(java.lang.Object) for 206ms
05-01 13:24:39.460 I/Registrar( 3011): Registering subscriber: Subscriber<Topic<TopicIdentifier</hw/depth_haz/points>, TopicDescription<sensor_msgs/PointCloud2, 1158d486dd51d683ce2f1be655c3c181>>>
05-01 13:24:39.590 W/art     ( 3011): Long monitor contention with owner New I/O  worker #29 (3134) at boolean org.ros.concurrent.CircularBlockingDeque.addLast(java.lang.Object)(CircularBlockingDeque.java:72) waiters=1 in void java.lang.Object.wait!() for 171ms
05-01 13:24:39.899 W/art     ( 3011): Long monitor contention with owner New I/O  worker #25 (3126) at boolean org.ros.concurrent.CircularBlockingDeque.addLast(java.lang.Object)(CircularBlockingDeque.java:72) waiters=1 in void java.lang.Object.wait!() for 417ms
05-01 13:24:39.957 W/art     ( 3011): Long monitor contention with owner New I/O  worker #17 (3109) at boolean org.ros.concurrent.CircularBlockingDeque.addLast(java.lang.Object)(CircularBlockingDeque.java:72) waiters=1 in void java.lang.Object.wait!() for 462ms
05-01 13:24:40.179 W/art     ( 3011): Suspending all threads took: 9.313ms
05-01 13:24:40.769 W/art     ( 3011): Long monitor contention with owner pool-3-thread-16 (3100) at java.lang.Object java.lang.ref.Reference.getReferent!()(Reference.java:-2) waiters=0 in java.lang.Class java.lang.reflect.Proxy.getProxyClass0(java.lang.ClassLoader, java.lang.Class[]) for 367ms
05-01 13:24:42.027 W/art     ( 3011): Long monitor contention with owner New I/O  worker #25 (3126) at boolean org.ros.concurrent.CircularBlockingDeque.addLast(java.lang.Object)(CircularBlockingDeque.java:72) waiters=1 in void java.lang.Object.wait!() for 485ms
05-01 13:24:42.045 I/Registrar( 3011): Response<Success, Subscribed to [/hw/depth_haz/points], [http://10.42.0.34:41285/]>
05-01 13:24:42.410 I/DefaultSubscriber( 3011): Subscriber registered: Subscriber<Topic<TopicIdentifier</hw/depth_haz/points>, TopicDescription<sensor_msgs/PointCloud2, 1158d486dd51d683ce2f1be655c3c181>>>
05-01 13:24:42.653 I/Registrar( 3011): Registering subscriber: Subscriber<Topic<TopicIdentifier</hw/depth_perch/points>, TopicDescription<sensor_msgs/PointCloud2, 1158d486dd51d683ce2f1be655c3c181>>>
05-01 13:24:44.103 W/art     ( 3011): Long monitor contention with owner New I/O  worker #25 (3126) at boolean org.ros.concurrent.CircularBlockingDeque.addLast(java.lang.Object)(CircularBlockingDeque.java:72) waiters=1 in void java.lang.Object.wait!() for 235ms
05-01 13:24:45.141 W/art     ( 3011): Long monitor contention with owner New I/O  worker #25 (3126) at boolean org.ros.concurrent.CircularBlockingDeque.addLast(java.lang.Object)(CircularBlockingDeque.java:72) waiters=1 in void java.lang.Object.wait!() for 680ms
05-01 13:24:45.259 I/Registrar( 3011): Response<Success, Subscribed to [/hw/depth_perch/points], [http://10.42.0.34:41285/]>
05-01 13:24:45.296 I/DefaultSubscriber( 3011): Subscriber registered: Subscriber<Topic<TopicIdentifier</hw/depth_perch/points>, TopicDescription<sensor_msgs/PointCloud2, 1158d486dd51d683ce2f1be655c3c181>>>
05-01 13:24:45.964 I/Registrar( 3011): Registering subscriber: Subscriber<Topic<TopicIdentifier</beh/dock/state>, TopicDescription<ff_msgs/DockState, 09d842ed9109dbc2bf96976f8fb2eaa5>>>
05-01 13:24:46.251 W/art     ( 3011): Long monitor contention with owner New I/O  worker #17 (3109) at boolean org.ros.concurrent.CircularBlockingDeque.addLast(java.lang.Object)(CircularBlockingDeque.java:72) waiters=1 in void java.lang.Object.wait!() for 146ms
05-01 13:24:46.326 W/art     ( 3011): Long monitor contention with owner New I/O  worker #21 (3074) at boolean org.ros.concurrent.CircularBlockingDeque.addLast(java.lang.Object)(CircularBlockingDeque.java:72) waiters=1 in void java.lang.Object.wait!() for 131ms
05-01 13:24:46.406 W/art     ( 3011): Long monitor contention with owner pool-3-thread-3 (3062) at void java.lang.Thread.nativeCreate(java.lang.Thread, long, boolean)(Thread.java:-2) waiters=0 in void org.ros.internal.transport.queue.MessageDispatcher.loop() for 187ms
05-01 13:24:46.410 W/art     ( 3011): Long monitor contention with owner New I/O  worker #5 (3064) at boolean org.ros.concurrent.CircularBlockingDeque.addLast(java.lang.Object)(CircularBlockingDeque.java:72) waiters=0 in java.lang.Object org.ros.concurrent.CircularBlockingDeque.takeFirst() for 359ms
05-01 13:24:46.515 D/KiboRpcApi( 3011): GetterNode initialization succeeded.
05-01 13:24:47.420 W/art     ( 3011): Suspending all threads took: 6.997ms
05-01 13:24:47.471 I/art     ( 3011): Do partial code cache collection, code=7KB, data=29KB
05-01 13:24:47.550 W/art     ( 3011): Long monitor contention with owner New I/O  worker #29 (3134) at boolean org.ros.concurrent.CircularBlockingDeque.addLast(java.lang.Object)(CircularBlockingDeque.java:72) waiters=1 in void java.lang.Object.wait!() for 111ms
05-01 13:24:47.868 I/art     ( 3011): After code cache collection, code=7KB, data=29KB
05-01 13:24:47.868 I/art     ( 3011): Increasing code cache capacity to 128KB
05-01 13:24:49.375 I/Registrar( 3011): Response<Success, Subscribed to [/beh/dock/state], [http://10.42.0.34:35909/]>
05-01 13:24:49.726 I/DefaultSubscriber( 3011): Subscriber registered: Subscriber<Topic<TopicIdentifier</beh/dock/state>, TopicDescription<ff_msgs/DockState, 09d842ed9109dbc2bf96976f8fb2eaa5>>>
05-01 13:24:49.833 W/art     ( 3011): Suspending all threads took: 10.561ms
05-01 13:24:49.976 W/art     ( 3011): Long monitor contention with owner New I/O  worker #21 (3074) at boolean org.ros.concurrent.CircularBlockingDeque.addLast(java.lang.Object)(CircularBlockingDeque.java:72) waiters=1 in void java.lang.Object.wait!() for 222ms
05-01 13:24:50.113 W/art     ( 3011): Long monitor contention with owner pool-1-thread-15 (3049) at java.lang.Class java.lang.reflect.Proxy.getProxyClass0(java.lang.ClassLoader, java.lang.Class[])(Proxy.java:457) waiters=2 in java.lang.Class java.lang.reflect.Proxy.getProxyClass0(java.lang.ClassLoader, java.lang.Class[]) for 151ms
05-01 13:24:50.561 W/art     ( 2935): Suspending all threads took: 7.300ms
05-01 13:24:50.705 I/art     ( 2935): Background sticky concurrent mark sweep GC freed 152361(3MB) AllocSpace objects, 0(0B) LOS objects, 35% free, 7MB/11MB, paused 17.149ms total 226.244ms
05-01 13:24:51.274 W/art     ( 3011): Long monitor contention with owner New I/O  worker #17 (3109) at boolean org.ros.concurrent.CircularBlockingDeque.addLast(java.lang.Object)(CircularBlockingDeque.java:72) waiters=1 in void java.lang.Object.wait!() for 108ms
05-01 13:24:53.397 W/art     ( 3011): Long monitor contention with owner pool-3-thread-46 (3153) at java.lang.Class java.lang.reflect.Proxy.getProxyClass0(java.lang.ClassLoader, java.lang.Class[])(Proxy.java:457) waiters=2 in java.lang.Class java.lang.reflect.Proxy.getProxyClass0(java.lang.ClassLoader, java.lang.Class[]) for 103ms
05-01 13:24:53.517 W/art     ( 3011): Long monitor contention with owner New I/O  worker #25 (3126) at boolean org.ros.concurrent.CircularBlockingDeque.addLast(java.lang.Object)(CircularBlockingDeque.java:72) waiters=1 in void java.lang.Object.wait!() for 204ms
05-01 13:24:55.092 W/art     ( 3011): Long monitor contention with owner New I/O  worker #25 (3126) at boolean org.ros.concurrent.CircularBlockingDeque.addLast(java.lang.Object)(CircularBlockingDeque.java:72) waiters=1 in void java.lang.Object.wait!() for 263ms
05-01 13:24:55.353 W/art     ( 3011): Long monitor contention with owner New I/O  worker #17 (3109) at boolean org.ros.concurrent.CircularBlockingDeque.addLast(java.lang.Object)(CircularBlockingDeque.java:72) waiters=1 in void java.lang.Object.wait!() for 209ms
05-01 13:24:55.550 W/art     ( 3011): Long monitor contention with owner pool-3-thread-49 (3156) at java.lang.Class java.lang.reflect.Proxy.getProxyClass0(java.lang.ClassLoader, java.lang.Class[])(Proxy.java:481) waiters=1 in java.lang.Class java.lang.reflect.Proxy.getProxyClass0(java.lang.ClassLoader, java.lang.Class[]) for 267ms
05-01 13:24:55.586 W/art     ( 3011): Long monitor contention with owner pool-3-thread-49 (3156) at java.lang.Class java.lang.reflect.Proxy.getProxyClass0(java.lang.ClassLoader, java.lang.Class[])(Proxy.java:481) waiters=3 in java.lang.Class java.lang.reflect.Proxy.getProxyClass0(java.lang.ClassLoader, java.lang.Class[]) for 277ms
05-01 13:24:55.607 W/art     ( 3011): Long monitor contention with owner pool-3-thread-49 (3156) at java.lang.Class java.lang.reflect.Proxy.getProxyClass0(java.lang.ClassLoader, java.lang.Class[])(Proxy.java:481) waiters=7 in java.lang.Class java.lang.reflect.Proxy.getProxyClass0(java.lang.ClassLoader, java.lang.Class[]) for 184ms
05-01 13:24:55.926 W/art     ( 3011): Long monitor contention with owner New I/O  worker #25 (3126) at boolean org.ros.concurrent.CircularBlockingDeque.addLast(java.lang.Object)(CircularBlockingDeque.java:72) waiters=1 in void java.lang.Object.wait!() for 201ms
05-01 13:24:56.493 W/art     ( 3011): Long monitor contention with owner pool-3-thread-45 (3152) at java.lang.Class java.lang.reflect.Proxy.getProxyClass0(java.lang.ClassLoader, java.lang.Class[])(Proxy.java:481) waiters=0 in java.lang.Class java.lang.reflect.Proxy.getProxyClass0(java.lang.ClassLoader, java.lang.Class[]) for 132ms
05-01 13:24:56.870 W/art     ( 3011): Suspending all threads took: 16.651ms
05-01 13:24:57.625 W/art     ( 3011): Long monitor contention with owner pool-3-thread-45 (3152) at java.lang.Class java.lang.reflect.Proxy.getProxyClass0(java.lang.ClassLoader, java.lang.Class[])(Proxy.java:481) waiters=0 in java.lang.Class java.lang.reflect.Proxy.getProxyClass0(java.lang.ClassLoader, java.lang.Class[]) for 361ms
05-01 13:24:57.639 W/art     ( 3011): Long monitor contention with owner pool-3-thread-45 (3152) at java.lang.Class java.lang.reflect.Proxy.getProxyClass0(java.lang.ClassLoader, java.lang.Class[])(Proxy.java:481) waiters=1 in java.lang.Class java.lang.reflect.Proxy.getProxyClass0(java.lang.ClassLoader, java.lang.Class[]) for 367ms
05-01 13:24:57.647 W/art     ( 3011): Long monitor contention with owner pool-3-thread-45 (3152) at java.lang.Class java.lang.reflect.Proxy.getProxyClass0(java.lang.ClassLoader, java.lang.Class[])(Proxy.java:481) waiters=2 in java.lang.Class java.lang.reflect.Proxy.getProxyClass0(java.lang.ClassLoader, java.lang.Class[]) for 324ms
05-01 13:24:57.656 W/art     ( 3011): Long monitor contention with owner New I/O  worker #21 (3074) at boolean org.ros.concurrent.CircularBlockingDeque.addLast(java.lang.Object)(CircularBlockingDeque.java:72) waiters=1 in void java.lang.Object.wait!() for 330ms
05-01 13:24:59.240 W/art     ( 3011): Long monitor contention with owner New I/O  worker #17 (3109) at boolean org.ros.concurrent.CircularBlockingDeque.addLast(java.lang.Object)(CircularBlockingDeque.java:72) waiters=1 in void java.lang.Object.wait!() for 124ms
05-01 13:24:59.331 W/art     ( 3011): Long monitor contention with owner pool-3-thread-46 (3153) at java.lang.Class java.lang.reflect.Proxy.getProxyClass0(java.lang.ClassLoader, java.lang.Class[])(Proxy.java:481) waiters=2 in java.lang.Class java.lang.reflect.Proxy.getProxyClass0(java.lang.ClassLoader, java.lang.Class[]) for 162ms
05-01 13:24:59.636 W/art     ( 3011): Suspending all threads took: 16.943ms
05-01 13:25:01.672 D/moveToWrapper[moveNumber]: ( 3011): 1
05-01 13:25:01.715 W/art     ( 3011): Long monitor contention with owner New I/O  worker #21 (3074) at boolean org.ros.concurrent.CircularBlockingDeque.addLast(java.lang.Object)(CircularBlockingDeque.java:72) waiters=1 in void java.lang.Object.wait!() for 155ms
05-01 13:25:04.580 W/art     ( 3011): Suspending all threads took: 12.976ms
05-01 13:25:00.988 W/art     ( 1824): Long monitor contention with owner Binder:1824_7 (2293) at void com.android.server.am.ActivityManagerService.trimApplications()(ActivityManagerService.java:21356) waiters=0 in void com.android.server.am.ActivityManagerService$3.handleMessage(android.os.Message) for 684ms
05-01 13:25:04.870 W/art     ( 3011): Long monitor contention with owner New I/O  worker #25 (3126) at boolean org.ros.concurrent.CircularBlockingDeque.addLast(java.lang.Object)(CircularBlockingDeque.java:72) waiters=1 in void java.lang.Object.wait!() for 269ms
05-01 13:25:05.643 W/art     ( 3011): Long monitor contention with owner pool-1-thread-33 (3093) at void java.util.AbstractList$ListItr.<init>(java.util.AbstractList, int)(AbstractList.java:391) waiters=4 in java.lang.Class java.lang.reflect.Proxy.getProxyClass0(java.lang.ClassLoader, java.lang.Class[]) for 188ms
05-01 13:25:05.679 W/art     ( 3011): Long monitor contention with owner pool-1-thread-33 (3093) at void java.util.AbstractList$ListItr.<init>(java.util.AbstractList, int)(AbstractList.java:391) waiters=2 in java.lang.Class java.lang.reflect.Proxy.getProxyClass0(java.lang.ClassLoader, java.lang.Class[]) for 188ms
05-01 13:25:05.700 W/art     ( 3011): Long monitor contention with owner pool-1-thread-33 (3093) at void java.util.AbstractList$ListItr.<init>(java.util.AbstractList, int)(AbstractList.java:391) waiters=5 in java.lang.Class java.lang.reflect.Proxy.getProxyClass0(java.lang.ClassLoader, java.lang.Class[]) for 185ms
05-01 13:25:06.452 W/art     ( 3011): Long monitor contention with owner pool-1-thread-14 (3048) at void sun.nio.ch.PollArrayWrapper.interrupt(int)(PollArrayWrapper.java:-2) waiters=0 in java.nio.channels.Selector sun.nio.ch.PollSelectorImpl.wakeup() for 186ms
05-01 13:25:06.593 W/art     ( 3011): Long monitor contention with owner New I/O  worker #5 (3064) at boolean org.ros.concurrent.CircularBlockingDeque.addLast(java.lang.Object)(CircularBlockingDeque.java:72) waiters=1 in void java.lang.Object.wait!() for 182ms
