05-01 13:15:55.494 E/SurfaceFlinger( 1320): Error while compiling shader: 
05-01 13:15:55.494 E/SurfaceFlinger( 1320): attribute vec4 texCoords;
05-01 13:15:55.494 E/SurfaceFlinger( 1320): varying vec2 outTexCoords;
05-01 13:15:55.494 E/SurfaceFlinger( 1320): attribute vec4 position;
05-01 13:15:55.494 E/SurfaceFlinger( 1320): uniform mat4 projection;
05-01 13:15:55.494 E/SurfaceFlinger( 1320): uniform mat4 texture;
05-01 13:15:55.494 E/SurfaceFlinger( 1320): void main(void) {
05-01 13:15:55.494 E/SurfaceFlinger( 1320):     gl_Position = projection * position;
05-01 13:15:55.494 E/SurfaceFlinger( 1320):     outTexCoords = (texture * texCoords).st;
05-01 13:15:55.494 E/SurfaceFlinger( 1320): }
05-01 13:15:55.494 E/SurfaceFlinger( 1320): 
05-01 13:15:55.494 E/SurfaceFlinger( 1320): öÿÿÿÿÿÿÿŸ‡Š^r
05-01 13:15:55.494 E/SurfaceFlinger( 1320): Error while compiling shader: 
05-01 13:15:55.494 E/SurfaceFlinger( 1320): precision mediump float;
05-01 13:15:55.494 E/SurfaceFlinger( 1320): uniform sampler2D sampler;
05-01 13:15:55.494 E/SurfaceFlinger( 1320): varying vec2 outTexCoords;
05-01 13:15:55.494 E/SurfaceFlinger( 1320): uniform float alphaPlane;
05-01 13:15:55.494 E/SurfaceFlinger( 1320): void main(void) {
05-01 13:15:55.494 E/SurfaceFlinger( 1320):     gl_FragColor = texture2D(sampler, outTexCoords);
05-01 13:15:55.494 E/SurfaceFlinger( 1320):     gl_FragColor.a = 1.0;
05-01 13:15:55.494 E/SurfaceFlinger( 1320):     gl_FragColor *= alphaPlane;
05-01 13:15:55.494 E/SurfaceFlinger( 1320): }
05-01 13:15:55.494 E/SurfaceFlinger( 1320): 
05-01 13:15:55.494 E/SurfaceFlinger( 1320): öÿÿÿÿÿÿÿŸ‡Š^r
05-01 13:15:55.494 E/SurfaceFlinger( 1320): Error while linking shaders:
05-01 13:15:55.510 D/SurfaceFlinger( 1320): shader cache generated - 24 shaders in 37.701488 ms
05-01 13:15:55.548 D/SurfaceFlinger( 1320): Set power mode=2, type=0 flinger=0x725e8a047000
05-01 13:15:55.656 D/audio_hw_generic( 1325): Emulator host-side ALSA audio emulation detected.
05-01 13:15:55.658 D/audio_hw_generic( 1325): mixer 0 name Master Playback Volume
05-01 13:15:55.658 D/audio_hw_generic( 1325): set ctl 0 to 100
05-01 13:15:55.659 D/audio_hw_generic( 1325): set ctl 1 to 100
05-01 13:15:55.659 D/audio_hw_generic( 1325): mixer 1 name Master Playback Switch
05-01 13:15:55.659 D/audio_hw_generic( 1325): set ctl 0 to 1
05-01 13:15:55.683 D/audio_hw_generic( 1325): set ctl 1 to 1
05-01 13:15:55.684 D/audio_hw_generic( 1325): mixer 2 name Capture Volume
05-01 13:15:55.684 D/audio_hw_generic( 1325): set ctl 0 to 100
05-01 13:15:55.684 D/audio_hw_generic( 1325): set ctl 1 to 100
05-01 13:15:55.684 D/audio_hw_generic( 1325): mixer 3 name Capture Switch
05-01 13:15:55.684 D/audio_hw_generic( 1325): set ctl 0 to 1
05-01 13:15:55.684 D/audio_hw_generic( 1325): set ctl 1 to 1
05-01 13:15:55.684 D/audio_hw_generic( 1325): mixer 4 name Line Phantom Jack
05-01 13:15:55.684 D/audio_hw_generic( 1325): mixer 5 name Line Out Phantom Jack
05-01 13:15:55.684 D/audio_hw_generic( 1325): mixer 6 name Playback Channel Map
05-01 13:15:55.684 D/audio_hw_generic( 1325): mixer 7 name Capture Channel Map
05-01 13:15:55.685 I/AudioFlinger( 1325): loadHwModule() Loaded primary audio interface from Generic audio HW HAL (audio) handle 10
05-01 13:15:55.686 I/AudioFlinger( 1325): openOutput(), module 10 Device 2, SamplingRate 48000, Format 0x000001, Channels 3, flags 2
05-01 13:15:55.703 I/AudioFlinger( 1325): HAL output buffer size 720 frames, normal sink buffer size 1152 frames
05-01 13:15:55.864 I/BufferProvider( 1325): found effect "Multichannel Downmix To Stereo" from The Android Open Source Project
05-01 13:15:55.868 I/AudioFlinger( 1325): Using module 10 has the primary audio interface
05-01 13:15:55.908 I/AudioFlinger( 1325): AudioFlinger's thread 0xf3303440 ready to run
05-01 13:15:55.917 W/BatteryNotifier( 1325): batterystats service unavailable!
05-01 13:15:55.931 W/BatteryNotifier( 1325): batterystats service unavailable!
05-01 13:15:55.940 W/BatteryNotifier( 1325): batterystats service unavailable!
05-01 13:15:55.941 W/AudioFlinger( 1325): no wake lock to update, system not ready yet
05-01 13:15:56.057 I/AudioFlinger( 1325): AudioFlinger's thread 0xf2e03840 ready to run
05-01 13:15:56.098 I/r_submix( 1325): adev_open(name=audio_hw_if)
05-01 13:15:56.099 I/r_submix( 1325): adev_init_check()
05-01 13:15:56.099 I/AudioFlinger( 1325): loadHwModule() Loaded r_submix audio interface from Wifi Display audio HAL (audio) handle 18
05-01 13:15:56.099 D/r_submix( 1325): adev_open_input_stream(addr=0)
05-01 13:15:56.102 V/EmulatedCamera_Preview( 1326): setPreviewWindow: current: 0x0 -> new: 0xee7c3150
05-01 13:15:56.102 V/EmulatedCamera_Preview( 1326): setPreviewWindow: current: 0xee7c3150 -> new: 0x0
05-01 13:15:56.102 V/EmulatedCamera_Camera( 1326): doStopPreview
05-01 13:15:56.103 V/EmulatedCamera_Preview( 1326): setPreviewWindow: current: 0x0 -> new: 0x0
05-01 13:15:56.104 V/EmulatedCamera_Camera( 1326): releaseCamera
05-01 13:15:56.104 V/EmulatedCamera_Camera( 1326): doStopPreview
05-01 13:15:56.104 V/EmulatedCamera_FakeDevice( 1326): disconnectDevice
05-01 13:15:56.104 W/EmulatedCamera_Device( 1326): Initialize: Emulated camera device is already initialized: mState = 1
05-01 13:15:56.104 D/EmulatedCamera_FakeCamera( 1326): Initialize: Fake camera is facing back
05-01 13:15:56.104 V/EmulatedCamera_Device( 1326): initializeWhiteBalanceModes with auto, 1.000000, 1.000000
05-01 13:15:56.105 V/EmulatedCamera_Device( 1326): initializeWhiteBalanceModes with incandescent, 1.380000, 0.600000
05-01 13:15:56.105 V/EmulatedCamera_Device( 1326): initializeWhiteBalanceModes with daylight, 1.090000, 0.920000
05-01 13:15:56.105 V/EmulatedCamera_Device( 1326): initializeWhiteBalanceModes with twilight, 0.920000, 1.220000
05-01 13:15:56.105 V/EmulatedCamera_Device( 1326): setWhiteBalanceMode with white balance auto
05-01 13:15:56.105 I/CameraFlashlight( 1326): Destroying camera 0
05-01 13:15:56.105 V/EmulatedCamera_Camera( 1326): closeCamera
05-01 13:15:56.105 V/EmulatedCamera_Camera( 1326): doStopPreview
05-01 13:15:56.105 W/EmulatedCamera_Device( 1326): Initialize: Emulated camera device is already initialized: mState = 1
05-01 13:15:56.105 D/EmulatedCamera_FakeCamera( 1326): Initialize: Fake camera is facing back
05-01 13:15:56.106 V/EmulatedCamera_Device( 1326): initializeWhiteBalanceModes with auto, 1.000000, 1.000000
05-01 13:15:56.106 V/EmulatedCamera_Device( 1326): initializeWhiteBalanceModes with incandescent, 1.380000, 0.600000
05-01 13:15:56.106 V/EmulatedCamera_Device( 1326): initializeWhiteBalanceModes with daylight, 1.090000, 0.920000
05-01 13:15:56.106 V/EmulatedCamera_Device( 1326): initializeWhiteBalanceModes with twilight, 0.920000, 1.220000
05-01 13:15:56.106 V/EmulatedCamera_Device( 1326): setWhiteBalanceMode with white balance auto
05-01 13:15:56.108 V/EmulatedCamera_Camera( 1326): getCameraInfo
05-01 13:15:56.108 V/EmulatedCamera_BaseCamera( 1326): getCameraInfo
05-01 13:15:56.113 D/r_submix( 1325): submix_audio_device_create_pipe_l(addr=0, idx=9)
05-01 13:15:56.113 D/r_submix( 1325):   now using address 0 for route 9
05-01 13:15:56.122 I/ServiceManager( 1326): Waiting for service media.camera.proxy...
05-01 13:15:56.150 I/mediaserver( 1333): ServiceManager: 0xe783c0a0
05-01 13:15:56.170 I/AudioFlinger( 1325): AudioFlinger's thread 0xf2f03dc0 ready to run
05-01 13:15:56.172 D/r_submix( 1325): adev_close_input_stream()
05-01 13:15:56.172 D/r_submix( 1325): submix_audio_device_release_pipe_l(idx=9) addr=0
05-01 13:15:56.173 D/r_submix( 1325): submix_audio_device_destroy_pipe_l(): pipe destroyed
05-01 13:15:56.184 I/RadioService( 1325): RadioService
05-01 13:15:56.184 I/RadioService( 1325): onFirstRef
05-01 13:15:56.184 E/RadioService( 1325): couldn't load radio module radio.primary (No such file or directory)
05-01 13:15:56.190 W/BatteryNotifier( 1333): batterystats service unavailable!
05-01 13:15:56.193 E/SoundTriggerHwService( 1325): couldn't load sound trigger module sound_trigger.primary (No such file or directory)
05-01 13:15:57.150 I/ServiceManager( 1326): Waiting for service media.camera.proxy...
05-01 13:15:58.173 I/ServiceManager( 1326): Waiting for service media.camera.proxy...
05-01 13:15:58.950 W/BatteryNotifier( 1325): batterystats service unavailable!
05-01 13:15:59.174 I/ServiceManager( 1326): Waiting for service media.camera.proxy...
05-01 13:16:00.188 I/ServiceManager( 1326): Waiting for service media.camera.proxy...
05-01 13:16:07.099 E/hostapd ( 1498): Configuration file: /system/etc/simulated_hostapd.conf
05-01 13:16:07.176 E/ipv6proxy( 1488): Failed to forward Router Advertisement from eth0 to wlan1: Network is unreachable
05-01 13:16:07.178 E/ipv6proxy( 1488): Failed to forward Router Advertisement from eth0 to radio0-peer: Cannot assign requested address
05-01 13:16:08.124 I/hostapd ( 1498): rfkill: Cannot get wiphy information
05-01 13:16:08.127 I/hostapd ( 1498): nl80211: Could not re-add multicast membership for vendor events: -2 (No such file or directory)
05-01 13:16:08.128 I/hostapd ( 1498): wlan1: interface state UNINITIALIZED->COUNTRY_UPDATE
05-01 13:16:09.254 D/AndroidRuntime( 1324): >>>>>> START com.android.internal.os.ZygoteInit uid 0 <<<<<<
05-01 13:16:09.772 E/SurfaceFlinger( 1320): ro.sf.lcd_density must be defined as a build property
05-01 13:16:09.816 D/libEGL  ( 1411): Emulator without GPU support detected. Fallback to legacy software renderer, qemu.gles is set to 0.
05-01 13:16:09.833 D/AndroidRuntime( 1323): >>>>>> START com.android.internal.os.ZygoteInit uid 0 <<<<<<
05-01 13:16:09.939 D/libEGL  ( 1411): loaded /system/lib64/egl/libGLES_android.so
05-01 13:16:10.031 D/AndroidRuntime( 1324): CheckJNI is ON
05-01 13:16:10.282 D/gralloc_ranchu( 1411): Emulator without host-side GPU emulation detected. Loading gralloc.default.so from /vendor/lib64/hw/gralloc.goldfish.default.so...
05-01 13:16:10.285 D/gralloc_ranchu( 1411): gralloc.default.so not found in /vendor. Trying /system/lib64/hw/gralloc.goldfish.default.so...
05-01 13:16:10.320 I/art     ( 1324): option[0]=-Xzygote
05-01 13:16:10.321 I/art     ( 1324): option[1]=-Xcheck:jni
05-01 13:16:10.321 I/art     ( 1324): option[2]=-Xstacktracefile:/data/anr/traces.txt
05-01 13:16:10.321 I/art     ( 1324): option[3]=exit
05-01 13:16:10.321 I/art     ( 1324): option[4]=vfprintf
05-01 13:16:10.321 I/art     ( 1324): option[5]=sensitiveThread
05-01 13:16:10.321 I/art     ( 1324): option[6]=-verbose:gc
05-01 13:16:10.321 I/art     ( 1324): option[7]=-Xms4m
05-01 13:16:10.321 I/art     ( 1324): option[8]=-Xmx256m
05-01 13:16:10.321 I/art     ( 1324): option[9]=-Xusejit:true
05-01 13:16:10.322 I/art     ( 1324): option[10]=-Xjitsaveprofilinginfo
05-01 13:16:10.322 I/art     ( 1324): option[11]=-agentlib:jdwp=transport=dt_android_adb,suspend=n,server=y
05-01 13:16:10.322 I/art     ( 1324): option[12]=-Xlockprofthreshold:500
05-01 13:16:10.322 I/art     ( 1324): option[13]=-Ximage-compiler-option
05-01 13:16:10.322 I/art     ( 1324): option[14]=--runtime-arg
05-01 13:16:10.322 I/art     ( 1324): option[15]=-Ximage-compiler-option
05-01 13:16:10.322 I/art     ( 1324): option[16]=-Xms64m
05-01 13:16:10.322 I/art     ( 1324): option[17]=-Ximage-compiler-option
05-01 13:16:10.322 I/art     ( 1324): option[18]=--runtime-arg
05-01 13:16:10.322 I/art     ( 1324): option[19]=-Ximage-compiler-option
05-01 13:16:10.322 I/art     ( 1324): option[20]=-Xmx64m
05-01 13:16:10.322 I/art     ( 1324): option[21]=-Ximage-compiler-option
05-01 13:16:10.322 I/art     ( 1324): option[22]=--image-classes=/system/etc/preloaded-classes
05-01 13:16:10.322 I/art     ( 1324): option[23]=-Ximage-compiler-option
05-01 13:16:10.323 I/art     ( 1324): option[24]=--compiled-classes=/system/etc/compiled-classes
05-01 13:16:10.323 I/art     ( 1324): option[25]=-Xcompiler-option
05-01 13:16:10.323 I/art     ( 1324): option[26]=--runtime-arg
05-01 13:16:10.323 I/art     ( 1324): option[27]=-Xcompiler-option
05-01 13:16:10.323 I/art     ( 1324): option[28]=-Xms64m
05-01 13:16:10.323 I/art     ( 1324): option[29]=-Xcompiler-option
05-01 13:16:10.323 I/art     ( 1324): option[30]=--runtime-arg
05-01 13:16:10.323 I/art     ( 1324): option[31]=-Xcompiler-option
05-01 13:16:10.323 I/art     ( 1324): option[32]=-Xmx512m
05-01 13:16:10.323 I/art     ( 1324): option[33]=-Ximage-compiler-option
05-01 13:16:10.323 I/art     ( 1324): option[34]=--instruction-set-variant=x86
05-01 13:16:10.323 I/art     ( 1324): option[35]=-Xcompiler-option
05-01 13:16:10.323 I/art     ( 1324): option[36]=--instruction-set-variant=x86
05-01 13:16:10.323 I/art     ( 1324): option[37]=-Ximage-compiler-option
05-01 13:16:10.323 I/art     ( 1324): option[38]=--instruction-set-features=default
05-01 13:16:10.323 I/art     ( 1324): option[39]=-Xcompiler-option
05-01 13:16:10.323 I/art     ( 1324): option[40]=--instruction-set-features=default
05-01 13:16:10.323 I/art     ( 1324): option[41]=-Duser.locale=en-US
05-01 13:16:10.323 I/art     ( 1324): option[42]=--cpu-abilist=x86
05-01 13:16:10.324 I/art     ( 1324): option[43]=-Xfingerprint:Android/sdk_phone_x86_64/generic_x86_64:7.1.1/NYC/4931657:userdebug/test-keys
05-01 13:16:11.017 E/ipv6proxy( 1488): Failed to forward Router Advertisement from eth0 to wlan1: Network is unreachable
05-01 13:16:11.381 D/AndroidRuntime( 1323): CheckJNI is ON
05-01 13:16:11.776 I/art     ( 1323): option[0]=-Xzygote
05-01 13:16:11.776 I/art     ( 1323): option[1]=-Xcheck:jni
05-01 13:16:11.776 I/art     ( 1323): option[2]=-Xstacktracefile:/data/anr/traces.txt
05-01 13:16:11.776 I/art     ( 1323): option[3]=exit
05-01 13:16:11.777 I/art     ( 1323): option[4]=vfprintf
05-01 13:16:11.777 I/art     ( 1323): option[5]=sensitiveThread
05-01 13:16:11.777 I/art     ( 1323): option[6]=-verbose:gc
05-01 13:16:11.777 I/art     ( 1323): option[7]=-Xms4m
05-01 13:16:11.777 I/art     ( 1323): option[8]=-Xmx256m
05-01 13:16:11.777 I/art     ( 1323): option[9]=-Xusejit:true
05-01 13:16:11.777 I/art     ( 1323): option[10]=-Xjitsaveprofilinginfo
05-01 13:16:11.777 I/art     ( 1323): option[11]=-agentlib:jdwp=transport=dt_android_adb,suspend=n,server=y
05-01 13:16:11.777 I/art     ( 1323): option[12]=-Xlockprofthreshold:500
05-01 13:16:11.777 I/art     ( 1323): option[13]=-Ximage-compiler-option
05-01 13:16:11.777 I/art     ( 1323): option[14]=--runtime-arg
05-01 13:16:11.777 I/art     ( 1323): option[15]=-Ximage-compiler-option
05-01 13:16:11.777 I/art     ( 1323): option[16]=-Xms64m
05-01 13:16:11.777 I/art     ( 1323): option[17]=-Ximage-compiler-option
05-01 13:16:11.777 I/art     ( 1323): option[18]=--runtime-arg
05-01 13:16:11.777 I/art     ( 1323): option[19]=-Ximage-compiler-option
05-01 13:16:11.777 I/art     ( 1323): option[20]=-Xmx64m
05-01 13:16:11.777 I/art     ( 1323): option[21]=-Ximage-compiler-option
05-01 13:16:11.777 I/art     ( 1323): option[22]=--image-classes=/system/etc/preloaded-classes
05-01 13:16:11.777 I/art     ( 1323): option[23]=-Ximage-compiler-option
05-01 13:16:11.777 I/art     ( 1323): option[24]=--compiled-classes=/system/etc/compiled-classes
05-01 13:16:11.778 I/art     ( 1323): option[25]=-Xcompiler-option
05-01 13:16:11.778 I/art     ( 1323): option[26]=--runtime-arg
05-01 13:16:11.778 I/art     ( 1323): option[27]=-Xcompiler-option
05-01 13:16:11.778 I/art     ( 1323): option[28]=-Xms64m
05-01 13:16:11.778 I/art     ( 1323): option[29]=-Xcompiler-option
05-01 13:16:11.778 I/art     ( 1323): option[30]=--runtime-arg
05-01 13:16:11.778 I/art     ( 1323): option[31]=-Xcompiler-option
05-01 13:16:11.778 I/art     ( 1323): option[32]=-Xmx512m
05-01 13:16:11.778 I/art     ( 1323): option[33]=-Ximage-compiler-option
05-01 13:16:11.778 I/art     ( 1323): option[34]=--instruction-set-variant=x86_64
05-01 13:16:11.778 I/art     ( 1323): option[35]=-Xcompiler-option
05-01 13:16:11.778 I/art     ( 1323): option[36]=--instruction-set-variant=x86_64
05-01 13:16:11.778 I/art     ( 1323): option[37]=-Ximage-compiler-option
05-01 13:16:11.778 I/art     ( 1323): option[38]=--instruction-set-features=default
05-01 13:16:11.778 I/art     ( 1323): option[39]=-Xcompiler-option
05-01 13:16:11.778 I/art     ( 1323): option[40]=--instruction-set-features=default
05-01 13:16:11.778 I/art     ( 1323): option[41]=-Duser.locale=en-US
05-01 13:16:11.778 I/art     ( 1323): option[42]=--cpu-abilist=x86_64
05-01 13:16:11.778 I/art     ( 1323): option[43]=-Xfingerprint:Android/sdk_phone_x86_64/generic_x86_64:7.1.1/NYC/4931657:userdebug/test-keys
05-01 13:16:13.237 I/hostapd ( 1498): wlan1: interface state COUNTRY_UPDATE->HT_SCAN
05-01 13:16:14.951 E/hostapd ( 1498): Using interface wlan1 with hwaddr 02:00:00:00:01:00 and ssid "AndroidWifi"
05-01 13:16:15.072 I/hostapd ( 1498): wlan1: interface state HT_SCAN->ENABLED
05-01 13:16:15.072 I/hostapd ( 1498): wlan1: AP-ENABLED 
05-01 13:16:22.176 D/ICU     ( 1324): No timezone override file found: /data/misc/zoneinfo/current/icu/icu_tzdata.dat
05-01 13:16:23.506 D/ICU     ( 1323): No timezone override file found: /data/misc/zoneinfo/current/icu/icu_tzdata.dat
05-01 13:16:29.184 E/memtrack( 1324): Couldn't load memtrack module (No such file or directory)
05-01 13:16:29.185 E/android.os.Debug( 1324): failed to load memtrack module: -2
05-01 13:16:29.260 I/Radio-JNI( 1324): register_android_hardware_Radio DONE
05-01 13:16:30.111 I/SamplingProfilerIntegration( 1324): Profiling disabled.
05-01 13:16:30.170 E/memtrack( 1323): Couldn't load memtrack module (No such file or directory)
05-01 13:16:30.171 E/android.os.Debug( 1323): failed to load memtrack module: -2
05-01 13:16:30.233 D/Zygote  ( 1324): begin preload
05-01 13:16:30.234 I/Zygote  ( 1324): Installing ICU cache reference pinning...
05-01 13:16:30.284 I/Radio-JNI( 1323): register_android_hardware_Radio DONE
05-01 13:16:30.300 I/Zygote  ( 1324): Preloading ICU data...
05-01 13:16:31.120 I/SamplingProfilerIntegration( 1323): Profiling disabled.
05-01 13:16:31.278 D/Zygote  ( 1323): begin preload
05-01 13:16:31.278 I/Zygote  ( 1323): Installing ICU cache reference pinning...
05-01 13:16:31.280 I/Zygote  ( 1323): Preloading ICU data...
05-01 13:16:32.738 I/Zygote  ( 1324): Preloading classes...
05-01 13:16:33.017 I/Zygote  ( 1323): Preloading classes...
05-01 13:16:33.242 W/Zygote  ( 1324): Class not found for preloading: [Landroid.view.Display$ColorTransform;
05-01 13:16:33.322 W/Zygote  ( 1323): Class not found for preloading: [Landroid.view.Display$ColorTransform;
05-01 13:16:41.947 E/Typeface( 1323): Error mapping font file /system/fonts/DroidSansFallback.ttf
05-01 13:16:42.207 E/Typeface( 1324): Error mapping font file /system/fonts/DroidSansFallback.ttf
05-01 13:16:42.352 V/NatController( 1334): runCmd(/system/bin/iptables -w -F natctrl_FORWARD) res=0
05-01 13:16:42.741 V/NatController( 1334): runCmd(/system/bin/ip6tables -w -F natctrl_FORWARD) res=0
05-01 13:16:43.483 V/NatController( 1334): runCmd(/system/bin/iptables -w -A natctrl_FORWARD -j DROP) res=0
05-01 13:16:44.056 V/NatController( 1334): runCmd(/system/bin/iptables -w -t nat -F natctrl_nat_POSTROUTING) res=0
05-01 13:16:44.381 V/NatController( 1334): runCmd(/system/bin/ip6tables -w -t raw -F natctrl_raw_PREROUTING) res=0
05-01 13:16:44.663 V/NatController( 1334): runCmd(/system/bin/iptables -w -F natctrl_tether_counters) res=1
05-01 13:16:44.911 V/NatController( 1334): runCmd(/system/bin/ip6tables -w -F natctrl_tether_counters) res=1
05-01 13:16:45.417 V/NatController( 1334): runCmd(/system/bin/iptables -w -X natctrl_tether_counters) res=1
05-01 13:16:46.064 V/NatController( 1334): runCmd(/system/bin/ip6tables -w -X natctrl_tether_counters) res=1
05-01 13:16:46.411 V/NatController( 1334): runCmd(/system/bin/iptables -w -N natctrl_tether_counters) res=0
05-01 13:16:47.146 V/NatController( 1334): runCmd(/system/bin/ip6tables -w -N natctrl_tether_counters) res=0
05-01 13:16:47.811 V/NatController( 1334): runCmd(/system/bin/iptables -w -t mangle -A natctrl_mangle_FORWARD -p tcp --tcp-flags SYN SYN -j TCPMSS --clamp-mss-to-pmtu) res=0
05-01 13:16:48.640 I/art     ( 1323): Background concurrent mark sweep GC freed 21949(2MB) AllocSpace objects, 102(1884KB) LOS objects, 33% free, 2MB/3MB, paused 2.043ms total 288.187ms
05-01 13:16:48.907 W/art     ( 1324): Suspending all threads took: 60.160ms
05-01 13:16:49.222 I/art     ( 1324): Background concurrent mark sweep GC freed 22111(3MB) AllocSpace objects, 121(2MB) LOS objects, 33% free, 2MB/3MB, paused 67.725ms total 766.394ms
05-01 13:16:49.251 I/art     ( 1323): Thread[1,tid=1323,Native,Thread*=0x77d116c95a00,peer=0x12c060d0,"main"] recursive attempt to load library "/system/lib64/libmedia_jni.so"
05-01 13:16:49.333 D/MtpDeviceJNI( 1323): register_android_mtp_MtpDevice
05-01 13:16:49.342 I/art     ( 1323): Thread[1,tid=1323,Native,Thread*=0x77d116c95a00,peer=0x12c060d0,"main"] recursive attempt to load library "/system/lib64/libmedia_jni.so"
05-01 13:16:49.343 I/art     ( 1323): Thread[1,tid=1323,Native,Thread*=0x77d116c95a00,peer=0x12c060d0,"main"] recursive attempt to load library "/system/lib64/libmedia_jni.so"
05-01 13:16:49.899 I/art     ( 1324): Thread[1,tid=1324,Native,Thread*=0xf040b400,peer=0x12c060d0,"main"] recursive attempt to load library "/system/lib/libmedia_jni.so"
05-01 13:16:49.913 D/MtpDeviceJNI( 1324): register_android_mtp_MtpDevice
05-01 13:16:49.915 I/art     ( 1324): Thread[1,tid=1324,Native,Thread*=0xf040b400,peer=0x12c060d0,"main"] recursive attempt to load library "/system/lib/libmedia_jni.so"
05-01 13:16:49.916 I/art     ( 1324): Thread[1,tid=1324,Native,Thread*=0xf040b400,peer=0x12c060d0,"main"] recursive attempt to load library "/system/lib/libmedia_jni.so"
05-01 13:16:53.327 E/Netd    ( 1334): cannot find interface dummy0
05-01 13:16:53.394 D/MDnsDS  ( 1334): MDnsSdListener starting to monitor
05-01 13:16:53.394 D/MDnsDS  ( 1334): Going to poll with pollCount 1
05-01 13:16:53.395 D/MDnsDS  ( 1334): MDnsSdListener::Hander starting up
05-01 13:16:54.058 W/Zygote  ( 1323): Class not found for preloading: android.view.Display$ColorTransform
05-01 13:16:54.059 W/Zygote  ( 1323): Class not found for preloading: android.view.Display$ColorTransform$1
05-01 13:16:54.337 W/Zygote  ( 1324): Class not found for preloading: android.view.Display$ColorTransform
05-01 13:16:54.338 W/Zygote  ( 1324): Class not found for preloading: android.view.Display$ColorTransform$1
05-01 13:16:55.687 W/art     ( 1324): Suspending all threads took: 26.828ms
05-01 13:16:55.943 I/art     ( 1324): Background sticky concurrent mark sweep GC freed 10862(1424KB) AllocSpace objects, 10(160KB) LOS objects, 55% free, 1598KB/3MB, paused 106.339ms total 322.411ms
05-01 13:16:57.601 I/System  ( 1323): Loaded time zone names for "" in 1381ms (1318ms in ICU)
05-01 13:16:58.123 I/System  ( 1323): Loaded time zone names for "en_US" in 521ms (517ms in ICU)
05-01 13:16:58.464 I/System  ( 1324): Loaded time zone names for "" in 1141ms (1135ms in ICU)
05-01 13:16:58.986 I/Zygote  ( 1323): ...preloaded 4158 classes in 25967ms.
05-01 13:16:58.986 I/art     ( 1323): VMRuntime.preloadDexCaches starting
05-01 13:16:59.092 I/System  ( 1324): Loaded time zone names for "en_US" in 627ms (623ms in ICU)
05-01 13:16:59.950 I/Zygote  ( 1324): ...preloaded 4158 classes in 27181ms.
05-01 13:16:59.951 I/art     ( 1324): VMRuntime.preloadDexCaches starting
05-01 13:17:00.651 I/art     ( 1323): VMRuntime.preloadDexCaches strings total=283712 before=39625 after=39625
05-01 13:17:00.651 I/art     ( 1323): VMRuntime.preloadDexCaches types total=23581 before=7877 after=7904
05-01 13:17:00.651 I/art     ( 1323): VMRuntime.preloadDexCaches fields total=112007 before=40903 after=41117
05-01 13:17:00.652 I/art     ( 1323): VMRuntime.preloadDexCaches methods total=197534 before=82457 after=83017
05-01 13:17:00.652 I/art     ( 1323): VMRuntime.preloadDexCaches finished
05-01 13:17:00.654 I/Zygote  ( 1323): Preloading resources...
05-01 13:17:01.660 I/art     ( 1324): VMRuntime.preloadDexCaches strings total=283712 before=39625 after=39625
05-01 13:17:01.661 I/art     ( 1324): VMRuntime.preloadDexCaches types total=23581 before=7877 after=7904
05-01 13:17:01.661 I/art     ( 1324): VMRuntime.preloadDexCaches fields total=112007 before=40903 after=41117
05-01 13:17:01.661 I/art     ( 1324): VMRuntime.preloadDexCaches methods total=197534 before=82457 after=83017
05-01 13:17:01.661 I/art     ( 1324): VMRuntime.preloadDexCaches finished
05-01 13:17:01.666 I/Zygote  ( 1324): Preloading resources...
05-01 13:17:02.561 W/Resources( 1323): Preloaded drawable resource #0x108025c (android:drawable/dialog_background_material) that varies with configuration!!
05-01 13:17:03.069 W/Resources( 1323): Preloaded drawable resource #0x1080298 (android:drawable/editbox_dropdown_background_dark) that varies with configuration!!
05-01 13:17:03.668 W/Resources( 1323): Preloaded color resource #0x10600e2 (android:color/material_grey_800) that varies with configuration!!
05-01 13:17:03.668 W/Resources( 1323): Preloaded drawable resource #0x10802c9 (android:drawable/floating_popup_background_dark) that varies with configuration!!
05-01 13:17:04.061 I/art     ( 1323): Background sticky concurrent mark sweep GC freed 6283(393KB) AllocSpace objects, 0(0B) LOS objects, 6% free, 3MB/3MB, paused 1.365ms total 194.362ms
05-01 13:17:04.093 W/Resources( 1324): Preloaded drawable resource #0x108025c (android:drawable/dialog_background_material) that varies with configuration!!
05-01 13:17:04.098 W/Resources( 1324): Preloaded drawable resource #0x1080298 (android:drawable/editbox_dropdown_background_dark) that varies with configuration!!
05-01 13:17:04.352 W/Resources( 1324): Preloaded color resource #0x10600e2 (android:color/material_grey_800) that varies with configuration!!
05-01 13:17:04.352 W/Resources( 1324): Preloaded drawable resource #0x10802c9 (android:drawable/floating_popup_background_dark) that varies with configuration!!
05-01 13:17:04.396 I/art     ( 1323): Background concurrent mark sweep GC freed 3217(165KB) AllocSpace objects, 7(140KB) LOS objects, 54% free, 3MB/7MB, paused 266us total 276.858ms
05-01 13:17:04.702 W/art     ( 1324): Suspending all threads took: 28.629ms
05-01 13:17:04.725 W/Resources( 1323): Preloaded drawable resource #0x108030b (android:drawable/ic_clear_disabled) that varies with configuration!!
05-01 13:17:04.727 W/Resources( 1323): Preloaded drawable resource #0x1080310 (android:drawable/ic_clear_normal) that varies with configuration!!
05-01 13:17:04.828 I/art     ( 1324): Background concurrent mark sweep GC freed 17252(1082KB) AllocSpace objects, 2(32KB) LOS objects, 56% free, 3MB/7MB, paused 32.083ms total 423.215ms
05-01 13:17:04.874 W/Resources( 1323): Preloaded drawable resource #0x1080359 (android:drawable/ic_go) that varies with configuration!!
05-01 13:17:05.073 W/Resources( 1323): Preloaded drawable resource #0x1080038 (android:drawable/ic_menu_close_clear_cancel) that varies with configuration!!
05-01 13:17:05.137 W/Resources( 1323): Preloaded drawable resource #0x1080045 (android:drawable/ic_menu_more) that varies with configuration!!
05-01 13:17:05.246 W/Resources( 1324): Preloaded drawable resource #0x108030b (android:drawable/ic_clear_disabled) that varies with configuration!!
05-01 13:17:05.249 W/Resources( 1324): Preloaded drawable resource #0x1080310 (android:drawable/ic_clear_normal) that varies with configuration!!
05-01 13:17:05.644 W/Resources( 1324): Preloaded drawable resource #0x1080359 (android:drawable/ic_go) that varies with configuration!!
05-01 13:17:05.663 W/Resources( 1323): Preloaded drawable resource #0x10804e8 (android:drawable/menu_background_fill_parent_width) that varies with configuration!!
05-01 13:17:05.888 W/Resources( 1324): Preloaded drawable resource #0x1080038 (android:drawable/ic_menu_close_clear_cancel) that varies with configuration!!
05-01 13:17:06.023 W/Resources( 1324): Preloaded drawable resource #0x1080045 (android:drawable/ic_menu_more) that varies with configuration!!
05-01 13:17:06.377 W/Resources( 1324): Preloaded drawable resource #0x10804e8 (android:drawable/menu_background_fill_parent_width) that varies with configuration!!
05-01 13:17:07.698 W/Resources( 1323): Preloaded drawable resource #0x108077e (android:drawable/text_edit_paste_window) that varies with configuration!!
05-01 13:17:07.863 W/Resources( 1323): Preloaded drawable resource #0x1080096 (android:drawable/toast_frame) that varies with configuration!!
05-01 13:17:07.864 I/Zygote  ( 1323): ...preloaded 114 resources in 7210ms.
05-01 13:17:08.144 W/Resources( 1323): Preloaded color resource #0x106010b (android:color/background_cache_hint_selector_material_dark) that varies with configuration!!
05-01 13:17:08.147 W/Resources( 1323): Preloaded color resource #0x1060110 (android:color/btn_default_material_dark) that varies with configuration!!
05-01 13:17:08.215 I/Zygote  ( 1323): ...preloaded 41 resources in 351ms.
05-01 13:17:08.217 D/libEGL  ( 1323): Emulator without GPU support detected. Fallback to legacy software renderer, qemu.gles is set to 0.
05-01 13:17:08.317 D/libEGL  ( 1323): loaded /system/lib64/egl/libGLES_android.so
05-01 13:17:08.423 W/Resources( 1324): Preloaded drawable resource #0x108077e (android:drawable/text_edit_paste_window) that varies with configuration!!
05-01 13:17:08.589 I/Zygote  ( 1323): Preloading shared libraries...
05-01 13:17:08.602 W/Resources( 1324): Preloaded drawable resource #0x1080096 (android:drawable/toast_frame) that varies with configuration!!
05-01 13:17:08.603 I/Zygote  ( 1324): ...preloaded 114 resources in 6936ms.
05-01 13:17:08.719 W/Resources( 1324): Preloaded color resource #0x106010b (android:color/background_cache_hint_selector_material_dark) that varies with configuration!!
05-01 13:17:08.723 W/Resources( 1324): Preloaded color resource #0x1060110 (android:color/btn_default_material_dark) that varies with configuration!!
05-01 13:17:08.763 I/Zygote  ( 1324): ...preloaded 41 resources in 160ms.
05-01 13:17:08.765 D/libEGL  ( 1324): Emulator without GPU support detected. Fallback to legacy software renderer, qemu.gles is set to 0.
05-01 13:17:08.829 E/Hyphenator( 1323): error loading hyphenation /system/usr/hyphen-data/hyph-as.hyb
05-01 13:17:08.829 E/Hyphenator( 1323): java.io.FileNotFoundException: /system/usr/hyphen-data/hyph-as.hyb: open failed: ENOENT (No such file or directory)
05-01 13:17:08.829 E/Hyphenator( 1323): 	at libcore.io.IoBridge.open(IoBridge.java:455)
05-01 13:17:08.829 E/Hyphenator( 1323): 	at java.io.RandomAccessFile.<init>(RandomAccessFile.java:247)
05-01 13:17:08.829 E/Hyphenator( 1323): 	at android.text.Hyphenator.loadHyphenator(Hyphenator.java:118)
05-01 13:17:08.829 E/Hyphenator( 1323): 	at android.text.Hyphenator.init(Hyphenator.java:224)
05-01 13:17:08.829 E/Hyphenator( 1323): 	at com.android.internal.os.ZygoteInit.preloadTextResources(ZygoteInit.java:252)
05-01 13:17:08.829 E/Hyphenator( 1323): 	at com.android.internal.os.ZygoteInit.preload(ZygoteInit.java:206)
05-01 13:17:08.829 E/Hyphenator( 1323): 	at com.android.internal.os.ZygoteInit.main(ZygoteInit.java:743)
05-01 13:17:08.829 E/Hyphenator( 1323): Caused by: android.system.ErrnoException: open failed: ENOENT (No such file or directory)
05-01 13:17:08.829 E/Hyphenator( 1323): 	at libcore.io.Posix.open(Native Method)
05-01 13:17:08.829 E/Hyphenator( 1323): 	at libcore.io.BlockGuardOs.open(BlockGuardOs.java:187)
05-01 13:17:08.829 E/Hyphenator( 1323): 	at libcore.io.IoBridge.open(IoBridge.java:441)
05-01 13:17:08.829 E/Hyphenator( 1323): 	... 6 more
05-01 13:17:08.865 E/Hyphenator( 1323): error loading hyphenation /system/usr/hyphen-data/hyph-bn.hyb
05-01 13:17:08.865 E/Hyphenator( 1323): java.io.FileNotFoundException: /system/usr/hyphen-data/hyph-bn.hyb: open failed: ENOENT (No such file or directory)
05-01 13:17:08.865 E/Hyphenator( 1323): 	at libcore.io.IoBridge.open(IoBridge.java:455)
05-01 13:17:08.865 E/Hyphenator( 1323): 	at java.io.RandomAccessFile.<init>(RandomAccessFile.java:247)
05-01 13:17:08.865 E/Hyphenator( 1323): 	at android.text.Hyphenator.loadHyphenator(Hyphenator.java:118)
05-01 13:17:08.865 E/Hyphenator( 1323): 	at android.text.Hyphenator.init(Hyphenator.java:224)
05-01 13:17:08.865 E/Hyphenator( 1323): 	at com.android.internal.os.ZygoteInit.preloadTextResources(ZygoteInit.java:252)
05-01 13:17:08.865 E/Hyphenator( 1323): 	at com.android.internal.os.ZygoteInit.preload(ZygoteInit.java:206)
05-01 13:17:08.865 E/Hyphenator( 1323): 	at com.android.internal.os.ZygoteInit.main(ZygoteInit.java:743)
05-01 13:17:08.865 E/Hyphenator( 1323): Caused by: android.system.ErrnoException: open failed: ENOENT (No such file or directory)
05-01 13:17:08.865 E/Hyphenator( 1323): 	at libcore.io.Posix.open(Native Method)
05-01 13:17:08.865 E/Hyphenator( 1323): 	at libcore.io.BlockGuardOs.open(BlockGuardOs.java:187)
05-01 13:17:08.865 E/Hyphenator( 1323): 	at libcore.io.IoBridge.open(IoBridge.java:441)
05-01 13:17:08.865 E/Hyphenator( 1323): 	... 6 more
05-01 13:17:08.867 E/Hyphenator( 1323): error loading hyphenation /system/usr/hyphen-data/hyph-cy.hyb
05-01 13:17:08.867 E/Hyphenator( 1323): java.io.FileNotFoundException: /system/usr/hyphen-data/hyph-cy.hyb: open failed: ENOENT (No such file or directory)
05-01 13:17:08.867 E/Hyphenator( 1323): 	at libcore.io.IoBridge.open(IoBridge.java:455)
05-01 13:17:08.867 E/Hyphenator( 1323): 	at java.io.RandomAccessFile.<init>(RandomAccessFile.java:247)
05-01 13:17:08.867 E/Hyphenator( 1323): 	at android.text.Hyphenator.loadHyphenator(Hyphenator.java:118)
05-01 13:17:08.867 E/Hyphenator( 1323): 	at android.text.Hyphenator.init(Hyphenator.java:224)
05-01 13:17:08.867 E/Hyphenator( 1323): 	at com.android.internal.os.ZygoteInit.preloadTextResources(ZygoteInit.java:252)
05-01 13:17:08.867 E/Hyphenator( 1323): 	at com.android.internal.os.ZygoteInit.preload(ZygoteInit.java:206)
05-01 13:17:08.867 E/Hyphenator( 1323): 	at com.android.internal.os.ZygoteInit.main(ZygoteInit.java:743)
05-01 13:17:08.867 E/Hyphenator( 1323): Caused by: android.system.ErrnoException: open failed: ENOENT (No such file or directory)
05-01 13:17:08.867 E/Hyphenator( 1323): 	at libcore.io.Posix.open(Native Method)
05-01 13:17:08.867 E/Hyphenator( 1323): 	at libcore.io.BlockGuardOs.open(BlockGuardOs.java:187)
05-01 13:17:08.867 E/Hyphenator( 1323): 	at libcore.io.IoBridge.open(IoBridge.java:441)
05-01 13:17:08.867 E/Hyphenator( 1323): 	... 6 more
05-01 13:17:08.868 E/Hyphenator( 1323): error loading hyphenation /system/usr/hyphen-data/hyph-da.hyb
05-01 13:17:08.868 E/Hyphenator( 1323): java.io.FileNotFoundException: /system/usr/hyphen-data/hyph-da.hyb: open failed: ENOENT (No such file or directory)
05-01 13:17:08.868 E/Hyphenator( 1323): 	at libcore.io.IoBridge.open(IoBridge.java:455)
05-01 13:17:08.868 E/Hyphenator( 1323): 	at java.io.RandomAccessFile.<init>(RandomAccessFile.java:247)
05-01 13:17:08.868 E/Hyphenator( 1323): 	at android.text.Hyphenator.loadHyphenator(Hyphenator.java:118)
05-01 13:17:08.868 E/Hyphenator( 1323): 	at android.text.Hyphenator.init(Hyphenator.java:224)
05-01 13:17:08.868 E/Hyphenator( 1323): 	at com.android.internal.os.ZygoteInit.preloadTextResources(ZygoteInit.java:252)
05-01 13:17:08.868 E/Hyphenator( 1323): 	at com.android.internal.os.ZygoteInit.preload(ZygoteInit.java:206)
05-01 13:17:08.868 E/Hyphenator( 1323): 	at com.android.internal.os.ZygoteInit.main(ZygoteInit.java:743)
05-01 13:17:08.868 E/Hyphenator( 1323): Caused by: android.system.ErrnoException: open failed: ENOENT (No such file or directory)
05-01 13:17:08.868 E/Hyphenator( 1323): 	at libcore.io.Posix.open(Native Method)
05-01 13:17:08.868 E/Hyphenator( 1323): 	at libcore.io.BlockGuardOs.open(BlockGuardOs.java:187)
05-01 13:17:08.868 E/Hyphenator( 1323): 	at libcore.io.IoBridge.open(IoBridge.java:441)
05-01 13:17:08.868 E/Hyphenator( 1323): 	... 6 more
05-01 13:17:08.869 E/Hyphenator( 1323): error loading hyphenation /system/usr/hyphen-data/hyph-de-1901.hyb
05-01 13:17:08.869 E/Hyphenator( 1323): java.io.FileNotFoundException: /system/usr/hyphen-data/hyph-de-1901.hyb: open failed: ENOENT (No such file or directory)
05-01 13:17:08.869 E/Hyphenator( 1323): 	at libcore.io.IoBridge.open(IoBridge.java:455)
05-01 13:17:08.869 E/Hyphenator( 1323): 	at java.io.RandomAccessFile.<init>(RandomAccessFile.java:247)
05-01 13:17:08.869 E/Hyphenator( 1323): 	at android.text.Hyphenator.loadHyphenator(Hyphenator.java:118)
05-01 13:17:08.869 E/Hyphenator( 1323): 	at android.text.Hyphenator.init(Hyphenator.java:224)
05-01 13:17:08.869 E/Hyphenator( 1323): 	at com.android.internal.os.ZygoteInit.preloadTextResources(ZygoteInit.java:252)
05-01 13:17:08.869 E/Hyphenator( 1323): 	at com.android.internal.os.ZygoteInit.preload(ZygoteInit.java:206)
05-01 13:17:08.869 E/Hyphenator( 1323): 	at com.android.internal.os.ZygoteInit.main(ZygoteInit.java:743)
05-01 13:17:08.869 E/Hyphenator( 1323): Caused by: android.system.ErrnoException: open failed: ENOENT (No such file or directory)
05-01 13:17:08.869 E/Hyphenator( 1323): 	at libcore.io.Posix.open(Native Method)
05-01 13:17:08.869 E/Hyphenator( 1323): 	at libcore.io.BlockGuardOs.open(BlockGuardOs.java:187)
05-01 13:17:08.869 E/Hyphenator( 1323): 	at libcore.io.IoBridge.open(IoBridge.java:441)
05-01 13:17:08.869 E/Hyphenator( 1323): 	... 6 more
05-01 13:17:08.873 E/Hyphenator( 1323): error loading hyphenation /system/usr/hyphen-data/hyph-de-1996.hyb
05-01 13:17:08.873 E/Hyphenator( 1323): java.io.FileNotFoundException: /system/usr/hyphen-data/hyph-de-1996.hyb: open failed: ENOENT (No such file or directory)
05-01 13:17:08.873 E/Hyphenator( 1323): 	at libcore.io.IoBridge.open(IoBridge.java:455)
05-01 13:17:08.873 E/Hyphenator( 1323): 	at java.io.RandomAccessFile.<init>(RandomAccessFile.java:247)
05-01 13:17:08.873 E/Hyphenator( 1323): 	at android.text.Hyphenator.loadHyphenator(Hyphenator.java:118)
05-01 13:17:08.873 E/Hyphenator( 1323): 	at android.text.Hyphenator.init(Hyphenator.java:224)
05-01 13:17:08.873 E/Hyphenator( 1323): 	at com.android.internal.os.ZygoteInit.preloadTextResources(ZygoteInit.java:252)
05-01 13:17:08.873 E/Hyphenator( 1323): 	at com.android.internal.os.ZygoteInit.preload(ZygoteInit.java:206)
05-01 13:17:08.873 E/Hyphenator( 1323): 	at com.android.internal.os.ZygoteInit.main(ZygoteInit.java:743)
05-01 13:17:08.873 E/Hyphenator( 1323): Caused by: android.system.ErrnoException: open failed: ENOENT (No such file or directory)
05-01 13:17:08.873 E/Hyphenator( 1323): 	at libcore.io.Posix.open(Native Method)
05-01 13:17:08.873 E/Hyphenator( 1323): 	at libcore.io.BlockGuardOs.open(BlockGuardOs.java:187)
05-01 13:17:08.873 E/Hyphenator( 1323): 	at libcore.io.IoBridge.open(IoBridge.java:441)
05-01 13:17:08.873 E/Hyphenator( 1323): 	... 6 more
05-01 13:17:08.875 E/Hyphenator( 1323): error loading hyphenation /system/usr/hyphen-data/hyph-de-ch-1901.hyb
05-01 13:17:08.875 E/Hyphenator( 1323): java.io.FileNotFoundException: /system/usr/hyphen-data/hyph-de-ch-1901.hyb: open failed: ENOENT (No such file or directory)
05-01 13:17:08.875 E/Hyphenator( 1323): 	at libcore.io.IoBridge.open(IoBridge.java:455)
05-01 13:17:08.875 E/Hyphenator( 1323): 	at java.io.RandomAccessFile.<init>(RandomAccessFile.java:247)
05-01 13:17:08.875 E/Hyphenator( 1323): 	at android.text.Hyphenator.loadHyphenator(Hyphenator.java:118)
05-01 13:17:08.875 E/Hyphenator( 1323): 	at android.text.Hyphenator.init(Hyphenator.java:224)
05-01 13:17:08.875 E/Hyphenator( 1323): 	at com.android.internal.os.ZygoteInit.preloadTextResources(ZygoteInit.java:252)
05-01 13:17:08.875 E/Hyphenator( 1323): 	at com.android.internal.os.ZygoteInit.preload(ZygoteInit.java:206)
05-01 13:17:08.875 E/Hyphenator( 1323): 	at com.android.internal.os.ZygoteInit.main(ZygoteInit.java:743)
05-01 13:17:08.875 E/Hyphenator( 1323): Caused by: android.system.ErrnoException: open failed: ENOENT (No such file or directory)
05-01 13:17:08.875 E/Hyphenator( 1323): 	at libcore.io.Posix.open(Native Method)
05-01 13:17:08.875 E/Hyphenator( 1323): 	at libcore.io.BlockGuardOs.open(BlockGuardOs.java:187)
05-01 13:17:08.875 E/Hyphenator( 1323): 	at libcore.io.IoBridge.open(IoBridge.java:441)
05-01 13:17:08.875 E/Hyphenator( 1323): 	... 6 more
05-01 13:17:08.876 E/Hyphenator( 1323): error loading hyphenation /system/usr/hyphen-data/hyph-en-gb.hyb
05-01 13:17:08.876 E/Hyphenator( 1323): java.io.FileNotFoundException: /system/usr/hyphen-data/hyph-en-gb.hyb: open failed: ENOENT (No such file or directory)
05-01 13:17:08.876 E/Hyphenator( 1323): 	at libcore.io.IoBridge.open(IoBridge.java:455)
05-01 13:17:08.876 E/Hyphenator( 1323): 	at java.io.RandomAccessFile.<init>(RandomAccessFile.java:247)
05-01 13:17:08.876 E/Hyphenator( 1323): 	at android.text.Hyphenator.loadHyphenator(Hyphenator.java:118)
05-01 13:17:08.876 E/Hyphenator( 1323): 	at android.text.Hyphenator.init(Hyphenator.java:224)
05-01 13:17:08.876 E/Hyphenator( 1323): 	at com.android.internal.os.ZygoteInit.preloadTextResources(ZygoteInit.java:252)
05-01 13:17:08.876 E/Hyphenator( 1323): 	at com.android.internal.os.ZygoteInit.preload(ZygoteInit.java:206)
05-01 13:17:08.876 E/Hyphenator( 1323): 	at com.android.internal.os.ZygoteInit.main(ZygoteInit.java:743)
05-01 13:17:08.876 E/Hyphenator( 1323): Caused by: android.system.ErrnoException: open failed: ENOENT (No such file or directory)
05-01 13:17:08.876 E/Hyphenator( 1323): 	at libcore.io.Posix.open(Native Method)
05-01 13:17:08.876 E/Hyphenator( 1323): 	at libcore.io.BlockGuardOs.open(BlockGuardOs.java:187)
05-01 13:17:08.876 E/Hyphenator( 1323): 	at libcore.io.IoBridge.open(IoBridge.java:441)
05-01 13:17:08.876 E/Hyphenator( 1323): 	... 6 more
05-01 13:17:08.878 E/Hyphenator( 1323): error loading hyphenation /system/usr/hyphen-data/hyph-en-us.hyb
05-01 13:17:08.878 E/Hyphenator( 1323): java.io.FileNotFoundException: /system/usr/hyphen-data/hyph-en-us.hyb: open failed: ENOENT (No such file or directory)
05-01 13:17:08.878 E/Hyphenator( 1323): 	at libcore.io.IoBridge.open(IoBridge.java:455)
05-01 13:17:08.878 E/Hyphenator( 1323): 	at java.io.RandomAccessFile.<init>(RandomAccessFile.java:247)
05-01 13:17:08.878 E/Hyphenator( 1323): 	at android.text.Hyphenator.loadHyphenator(Hyphenator.java:118)
05-01 13:17:08.878 E/Hyphenator( 1323): 	at android.text.Hyphenator.init(Hyphenator.java:224)
05-01 13:17:08.878 E/Hyphenator( 1323): 	at com.android.internal.os.ZygoteInit.preloadTextResources(ZygoteInit.java:252)
05-01 13:17:08.878 E/Hyphenator( 1323): 	at com.android.internal.os.ZygoteInit.preload(ZygoteInit.java:206)
05-01 13:17:08.878 E/Hyphenator( 1323): 	at com.android.internal.os.ZygoteInit.main(ZygoteInit.java:743)
05-01 13:17:08.878 E/Hyphenator( 1323): Caused by: android.system.ErrnoException: open failed: ENOENT (No such file or directory)
05-01 13:17:08.878 E/Hyphenator( 1323): 	at libcore.io.Posix.open(Native Method)
05-01 13:17:08.878 E/Hyphenator( 1323): 	at libcore.io.BlockGuardOs.open(BlockGuardOs.java:187)
05-01 13:17:08.878 E/Hyphenator( 1323): 	at libcore.io.IoBridge.open(IoBridge.java:441)
05-01 13:17:08.878 E/Hyphenator( 1323): 	... 6 more
05-01 13:17:08.879 E/Hyphenator( 1323): error loading hyphenation /system/usr/hyphen-data/hyph-es.hyb
05-01 13:17:08.879 E/Hyphenator( 1323): java.io.FileNotFoundException: /system/usr/hyphen-data/hyph-es.hyb: open failed: ENOENT (No such file or directory)
05-01 13:17:08.879 E/Hyphenator( 1323): 	at libcore.io.IoBridge.open(IoBridge.java:455)
05-01 13:17:08.879 E/Hyphenator( 1323): 	at java.io.RandomAccessFile.<init>(RandomAccessFile.java:247)
05-01 13:17:08.879 E/Hyphenator( 1323): 	at android.text.Hyphenator.loadHyphenator(Hyphenator.java:118)
05-01 13:17:08.879 E/Hyphenator( 1323): 	at android.text.Hyphenator.init(Hyphenator.java:224)
05-01 13:17:08.879 E/Hyphenator( 1323): 	at com.android.internal.os.ZygoteInit.preloadTextResources(ZygoteInit.java:252)
05-01 13:17:08.879 E/Hyphenator( 1323): 	at com.android.internal.os.ZygoteInit.preload(ZygoteInit.java:206)
05-01 13:17:08.879 E/Hyphenator( 1323): 	at com.android.internal.os.ZygoteInit.main(ZygoteInit.java:743)
05-01 13:17:08.879 E/Hyphenator( 1323): Caused by: android.system.ErrnoException: open failed: ENOENT (No such file or directory)
05-01 13:17:08.879 E/Hyphenator( 1323): 	at libcore.io.Posix.open(Native Method)
05-01 13:17:08.879 E/Hyphenator( 1323): 	at libcore.io.BlockGuardOs.open(BlockGuardOs.java:187)
05-01 13:17:08.879 E/Hyphenator( 1323): 	at libcore.io.IoBridge.open(IoBridge.java:441)
05-01 13:17:08.879 E/Hyphenator( 1323): 	... 6 more
05-01 13:17:08.906 D/libEGL  ( 1324): loaded /system/lib/egl/libGLES_android.so
05-01 13:17:08.934 E/Hyphenator( 1323): error loading hyphenation /system/usr/hyphen-data/hyph-et.hyb
05-01 13:17:08.934 E/Hyphenator( 1323): java.io.FileNotFoundException: /system/usr/hyphen-data/hyph-et.hyb: open failed: ENOENT (No such file or directory)
05-01 13:17:08.934 E/Hyphenator( 1323): 	at libcore.io.IoBridge.open(IoBridge.java:455)
05-01 13:17:08.934 E/Hyphenator( 1323): 	at java.io.RandomAccessFile.<init>(RandomAccessFile.java:247)
05-01 13:17:08.934 E/Hyphenator( 1323): 	at android.text.Hyphenator.loadHyphenator(Hyphenator.java:118)
05-01 13:17:08.934 E/Hyphenator( 1323): 	at android.text.Hyphenator.init(Hyphenator.java:224)
05-01 13:17:08.934 E/Hyphenator( 1323): 	at com.android.internal.os.ZygoteInit.preloadTextResources(ZygoteInit.java:252)
05-01 13:17:08.934 E/Hyphenator( 1323): 	at com.android.internal.os.ZygoteInit.preload(ZygoteInit.java:206)
05-01 13:17:08.934 E/Hyphenator( 1323): 	at com.android.internal.os.ZygoteInit.main(ZygoteInit.java:743)
05-01 13:17:08.934 E/Hyphenator( 1323): Caused by: android.system.ErrnoException: open failed: ENOENT (No such file or directory)
05-01 13:17:08.934 E/Hyphenator( 1323): 	at libcore.io.Posix.open(Native Method)
05-01 13:17:08.934 E/Hyphenator( 1323): 	at libcore.io.BlockGuardOs.open(BlockGuardOs.java:187)
05-01 13:17:08.934 E/Hyphenator( 1323): 	at libcore.io.IoBridge.open(IoBridge.java:441)
05-01 13:17:08.934 E/Hyphenator( 1323): 	... 6 more
05-01 13:17:08.936 E/Hyphenator( 1323): error loading hyphenation /system/usr/hyphen-data/hyph-eu.hyb
05-01 13:17:08.936 E/Hyphenator( 1323): java.io.FileNotFoundException: /system/usr/hyphen-data/hyph-eu.hyb: open failed: ENOENT (No such file or directory)
05-01 13:17:08.936 E/Hyphenator( 1323): 	at libcore.io.IoBridge.open(IoBridge.java:455)
05-01 13:17:08.936 E/Hyphenator( 1323): 	at java.io.RandomAccessFile.<init>(RandomAccessFile.java:247)
05-01 13:17:08.936 E/Hyphenator( 1323): 	at android.text.Hyphenator.loadHyphenator(Hyphenator.java:118)
05-01 13:17:08.936 E/Hyphenator( 1323): 	at android.text.Hyphenator.init(Hyphenator.java:224)
05-01 13:17:08.936 E/Hyphenator( 1323): 	at com.android.internal.os.ZygoteInit.preloadTextResources(ZygoteInit.java:252)
05-01 13:17:08.936 E/Hyphenator( 1323): 	at com.android.internal.os.ZygoteInit.preload(ZygoteInit.java:206)
05-01 13:17:08.936 E/Hyphenator( 1323): 	at com.android.internal.os.ZygoteInit.main(ZygoteInit.java:743)
05-01 13:17:08.936 E/Hyphenator( 1323): Caused by: android.system.ErrnoException: open failed: ENOENT (No such file or directory)
05-01 13:17:08.936 E/Hyphenator( 1323): 	at libcore.io.Posix.open(Native Method)
05-01 13:17:08.936 E/Hyphenator( 1323): 	at libcore.io.BlockGuardOs.open(BlockGuardOs.java:187)
05-01 13:17:08.936 E/Hyphenator( 1323): 	at libcore.io.IoBridge.open(IoBridge.java:441)
05-01 13:17:08.936 E/Hyphenator( 1323): 	... 6 more
05-01 13:17:08.937 E/Hyphenator( 1323): error loading hyphenation /system/usr/hyphen-data/hyph-fr.hyb
05-01 13:17:08.937 E/Hyphenator( 1323): java.io.FileNotFoundException: /system/usr/hyphen-data/hyph-fr.hyb: open failed: ENOENT (No such file or directory)
05-01 13:17:08.937 E/Hyphenator( 1323): 	at libcore.io.IoBridge.open(IoBridge.java:455)
05-01 13:17:08.937 E/Hyphenator( 1323): 	at java.io.RandomAccessFile.<init>(RandomAccessFile.java:247)
05-01 13:17:08.937 E/Hyphenator( 1323): 	at android.text.Hyphenator.loadHyphenator(Hyphenator.java:118)
05-01 13:17:08.937 E/Hyphenator( 1323): 	at android.text.Hyphenator.init(Hyphenator.java:224)
05-01 13:17:08.937 E/Hyphenator( 1323): 	at com.android.internal.os.ZygoteInit.preloadTextResources(ZygoteInit.java:252)
05-01 13:17:08.937 E/Hyphenator( 1323): 	at com.android.internal.os.ZygoteInit.preload(ZygoteInit.java:206)
05-01 13:17:08.937 E/Hyphenator( 1323): 	at com.android.internal.os.ZygoteInit.main(ZygoteInit.java:743)
05-01 13:17:08.937 E/Hyphenator( 1323): Caused by: android.system.ErrnoException: open failed: ENOENT (No such file or directory)
05-01 13:17:08.937 E/Hyphenator( 1323): 	at libcore.io.Posix.open(Native Method)
05-01 13:17:08.937 E/Hyphenator( 1323): 	at libcore.io.BlockGuardOs.open(BlockGuardOs.java:187)
05-01 13:17:08.937 E/Hyphenator( 1323): 	at libcore.io.IoBridge.open(IoBridge.java:441)
05-01 13:17:08.937 E/Hyphenator( 1323): 	... 6 more
05-01 13:17:08.939 E/Hyphenator( 1323): error loading hyphenation /system/usr/hyphen-data/hyph-ga.hyb
05-01 13:17:08.939 E/Hyphenator( 1323): java.io.FileNotFoundException: /system/usr/hyphen-data/hyph-ga.hyb: open failed: ENOENT (No such file or directory)
05-01 13:17:08.939 E/Hyphenator( 1323): 	at libcore.io.IoBridge.open(IoBridge.java:455)
05-01 13:17:08.939 E/Hyphenator( 1323): 	at java.io.RandomAccessFile.<init>(RandomAccessFile.java:247)
05-01 13:17:08.939 E/Hyphenator( 1323): 	at android.text.Hyphenator.loadHyphenator(Hyphenator.java:118)
05-01 13:17:08.939 E/Hyphenator( 1323): 	at android.text.Hyphenator.init(Hyphenator.java:224)
05-01 13:17:08.939 E/Hyphenator( 1323): 	at com.android.internal.os.ZygoteInit.preloadTextResources(ZygoteInit.java:252)
05-01 13:17:08.939 E/Hyphenator( 1323): 	at com.android.internal.os.ZygoteInit.preload(ZygoteInit.java:206)
05-01 13:17:08.939 E/Hyphenator( 1323): 	at com.android.internal.os.ZygoteInit.main(ZygoteInit.java:743)
05-01 13:17:08.939 E/Hyphenator( 1323): Caused by: android.system.ErrnoException: open failed: ENOENT (No such file or directory)
05-01 13:17:08.939 E/Hyphenator( 1323): 	at libcore.io.Posix.open(Native Method)
05-01 13:17:08.939 E/Hyphenator( 1323): 	at libcore.io.BlockGuardOs.open(BlockGuardOs.java:187)
