05-01 13:17:10.193 E/Hyphenator( 1324): 	at com.android.internal.os.ZygoteInit.preloadTextResources(ZygoteInit.java:252)
05-01 13:17:10.193 E/Hyphenator( 1324): 	at com.android.internal.os.ZygoteInit.preload(ZygoteInit.java:206)
05-01 13:17:10.193 E/Hyphenator( 1324): 	at com.android.internal.os.ZygoteInit.main(ZygoteInit.java:743)
05-01 13:17:10.193 E/Hyphenator( 1324): Caused by: android.system.ErrnoException: open failed: ENOENT (No such file or directory)
05-01 13:17:10.193 E/Hyphenator( 1324): 	at libcore.io.Posix.open(Native Method)
05-01 13:17:10.193 E/Hyphenator( 1324): 	at libcore.io.BlockGuardOs.open(BlockGuardOs.java:187)
05-01 13:17:10.193 E/Hyphenator( 1324): 	at libcore.io.IoBridge.open(IoBridge.java:441)
05-01 13:17:10.193 E/Hyphenator( 1324): 	... 6 more
05-01 13:17:10.211 E/Hyphenator( 1324): error loading hyphenation /system/usr/hyphen-data/hyph-hr.hyb
05-01 13:17:10.211 E/Hyphenator( 1324): java.io.FileNotFoundException: /system/usr/hyphen-data/hyph-hr.hyb: open failed: ENOENT (No such file or directory)
05-01 13:17:10.211 E/Hyphenator( 1324): 	at libcore.io.IoBridge.open(IoBridge.java:455)
05-01 13:17:10.211 E/Hyphenator( 1324): 	at java.io.RandomAccessFile.<init>(RandomAccessFile.java:247)
05-01 13:17:10.211 E/Hyphenator( 1324): 	at android.text.Hyphenator.loadHyphenator(Hyphenator.java:118)
05-01 13:17:10.211 E/Hyphenator( 1324): 	at android.text.Hyphenator.init(Hyphenator.java:224)
05-01 13:17:10.211 E/Hyphenator( 1324): 	at com.android.internal.os.ZygoteInit.preloadTextResources(ZygoteInit.java:252)
05-01 13:17:10.211 E/Hyphenator( 1324): 	at com.android.internal.os.ZygoteInit.preload(ZygoteInit.java:206)
05-01 13:17:10.211 E/Hyphenator( 1324): 	at com.android.internal.os.ZygoteInit.main(ZygoteInit.java:743)
05-01 13:17:10.211 E/Hyphenator( 1324): Caused by: android.system.ErrnoException: open failed: ENOENT (No such file or directory)
05-01 13:17:10.211 E/Hyphenator( 1324): 	at libcore.io.Posix.open(Native Method)
05-01 13:17:10.211 E/Hyphenator( 1324): 	at libcore.io.BlockGuardOs.open(BlockGuardOs.java:187)
05-01 13:17:10.211 E/Hyphenator( 1324): 	at libcore.io.IoBridge.open(IoBridge.java:441)
05-01 13:17:10.211 E/Hyphenator( 1324): 	... 6 more
05-01 13:17:10.213 E/Hyphenator( 1324): error loading hyphenation /system/usr/hyphen-data/hyph-hu.hyb
05-01 13:17:10.213 E/Hyphenator( 1324): java.io.FileNotFoundException: /system/usr/hyphen-data/hyph-hu.hyb: open failed: ENOENT (No such file or directory)
05-01 13:17:10.213 E/Hyphenator( 1324): 	at libcore.io.IoBridge.open(IoBridge.java:455)
05-01 13:17:10.213 E/Hyphenator( 1324): 	at java.io.RandomAccessFile.<init>(RandomAccessFile.java:247)
05-01 13:17:10.213 E/Hyphenator( 1324): 	at android.text.Hyphenator.loadHyphenator(Hyphenator.java:118)
05-01 13:17:10.213 E/Hyphenator( 1324): 	at android.text.Hyphenator.init(Hyphenator.java:224)
05-01 13:17:10.213 E/Hyphenator( 1324): 	at com.android.internal.os.ZygoteInit.preloadTextResources(ZygoteInit.java:252)
05-01 13:17:10.213 E/Hyphenator( 1324): 	at com.android.internal.os.ZygoteInit.preload(ZygoteInit.java:206)
05-01 13:17:10.213 E/Hyphenator( 1324): 	at com.android.internal.os.ZygoteInit.main(ZygoteInit.java:743)
05-01 13:17:10.213 E/Hyphenator( 1324): Caused by: android.system.ErrnoException: open failed: ENOENT (No such file or directory)
05-01 13:17:10.213 E/Hyphenator( 1324): 	at libcore.io.Posix.open(Native Method)
05-01 13:17:10.213 E/Hyphenator( 1324): 	at libcore.io.BlockGuardOs.open(BlockGuardOs.java:187)
05-01 13:17:10.213 E/Hyphenator( 1324): 	at libcore.io.IoBridge.open(IoBridge.java:441)
05-01 13:17:10.213 E/Hyphenator( 1324): 	... 6 more
05-01 13:17:10.214 E/Hyphenator( 1324): error loading hyphenation /system/usr/hyphen-data/hyph-hy.hyb
05-01 13:17:10.214 E/Hyphenator( 1324): java.io.FileNotFoundException: /system/usr/hyphen-data/hyph-hy.hyb: open failed: ENOENT (No such file or directory)
05-01 13:17:10.214 E/Hyphenator( 1324): 	at libcore.io.IoBridge.open(IoBridge.java:455)
05-01 13:17:10.214 E/Hyphenator( 1324): 	at java.io.RandomAccessFile.<init>(RandomAccessFile.java:247)
05-01 13:17:10.214 E/Hyphenator( 1324): 	at android.text.Hyphenator.loadHyphenator(Hyphenator.java:118)
05-01 13:17:10.214 E/Hyphenator( 1324): 	at android.text.Hyphenator.init(Hyphenator.java:224)
05-01 13:17:10.214 E/Hyphenator( 1324): 	at com.android.internal.os.ZygoteInit.preloadTextResources(ZygoteInit.java:252)
05-01 13:17:10.214 E/Hyphenator( 1324): 	at com.android.internal.os.ZygoteInit.preload(ZygoteInit.java:206)
05-01 13:17:10.214 E/Hyphenator( 1324): 	at com.android.internal.os.ZygoteInit.main(ZygoteInit.java:743)
05-01 13:17:10.214 E/Hyphenator( 1324): Caused by: android.system.ErrnoException: open failed: ENOENT (No such file or directory)
05-01 13:17:10.214 E/Hyphenator( 1324): 	at libcore.io.Posix.open(Native Method)
05-01 13:17:10.214 E/Hyphenator( 1324): 	at libcore.io.BlockGuardOs.open(BlockGuardOs.java:187)
05-01 13:17:10.214 E/Hyphenator( 1324): 	at libcore.io.IoBridge.open(IoBridge.java:441)
05-01 13:17:10.214 E/Hyphenator( 1324): 	... 6 more
05-01 13:17:10.216 E/Hyphenator( 1324): error loading hyphenation /system/usr/hyphen-data/hyph-kn.hyb
05-01 13:17:10.216 E/Hyphenator( 1324): java.io.FileNotFoundException: /system/usr/hyphen-data/hyph-kn.hyb: open failed: ENOENT (No such file or directory)
05-01 13:17:10.216 E/Hyphenator( 1324): 	at libcore.io.IoBridge.open(IoBridge.java:455)
05-01 13:17:10.216 E/Hyphenator( 1324): 	at java.io.RandomAccessFile.<init>(RandomAccessFile.java:247)
05-01 13:17:10.216 E/Hyphenator( 1324): 	at android.text.Hyphenator.loadHyphenator(Hyphenator.java:118)
05-01 13:17:10.216 E/Hyphenator( 1324): 	at android.text.Hyphenator.init(Hyphenator.java:224)
05-01 13:17:10.216 E/Hyphenator( 1324): 	at com.android.internal.os.ZygoteInit.preloadTextResources(ZygoteInit.java:252)
05-01 13:17:10.216 E/Hyphenator( 1324): 	at com.android.internal.os.ZygoteInit.preload(ZygoteInit.java:206)
05-01 13:17:10.216 E/Hyphenator( 1324): 	at com.android.internal.os.ZygoteInit.main(ZygoteInit.java:743)
05-01 13:17:10.216 E/Hyphenator( 1324): Caused by: android.system.ErrnoException: open failed: ENOENT (No such file or directory)
05-01 13:17:10.216 E/Hyphenator( 1324): 	at libcore.io.Posix.open(Native Method)
05-01 13:17:10.216 E/Hyphenator( 1324): 	at libcore.io.BlockGuardOs.open(BlockGuardOs.java:187)
05-01 13:17:10.216 E/Hyphenator( 1324): 	at libcore.io.IoBridge.open(IoBridge.java:441)
05-01 13:17:10.216 E/Hyphenator( 1324): 	... 6 more
05-01 13:17:10.217 E/Hyphenator( 1324): error loading hyphenation /system/usr/hyphen-data/hyph-ml.hyb
05-01 13:17:10.217 E/Hyphenator( 1324): java.io.FileNotFoundException: /system/usr/hyphen-data/hyph-ml.hyb: open failed: ENOENT (No such file or directory)
05-01 13:17:10.217 E/Hyphenator( 1324): 	at libcore.io.IoBridge.open(IoBridge.java:455)
05-01 13:17:10.217 E/Hyphenator( 1324): 	at java.io.RandomAccessFile.<init>(RandomAccessFile.java:247)
05-01 13:17:10.217 E/Hyphenator( 1324): 	at android.text.Hyphenator.loadHyphenator(Hyphenator.java:118)
05-01 13:17:10.217 E/Hyphenator( 1324): 	at android.text.Hyphenator.init(Hyphenator.java:224)
05-01 13:17:10.217 E/Hyphenator( 1324): 	at com.android.internal.os.ZygoteInit.preloadTextResources(ZygoteInit.java:252)
05-01 13:17:10.217 E/Hyphenator( 1324): 	at com.android.internal.os.ZygoteInit.preload(ZygoteInit.java:206)
05-01 13:17:10.217 E/Hyphenator( 1324): 	at com.android.internal.os.ZygoteInit.main(ZygoteInit.java:743)
05-01 13:17:10.217 E/Hyphenator( 1324): Caused by: android.system.ErrnoException: open failed: ENOENT (No such file or directory)
05-01 13:17:10.217 E/Hyphenator( 1324): 	at libcore.io.Posix.open(Native Method)
05-01 13:17:10.217 E/Hyphenator( 1324): 	at libcore.io.BlockGuardOs.open(BlockGuardOs.java:187)
05-01 13:17:10.217 E/Hyphenator( 1324): 	at libcore.io.IoBridge.open(IoBridge.java:441)
05-01 13:17:10.217 E/Hyphenator( 1324): 	... 6 more
05-01 13:17:10.219 E/Hyphenator( 1324): error loading hyphenation /system/usr/hyphen-data/hyph-mn-cyrl.hyb
05-01 13:17:10.219 E/Hyphenator( 1324): java.io.FileNotFoundException: /system/usr/hyphen-data/hyph-mn-cyrl.hyb: open failed: ENOENT (No such file or directory)
05-01 13:17:10.219 E/Hyphenator( 1324): 	at libcore.io.IoBridge.open(IoBridge.java:455)
05-01 13:17:10.219 E/Hyphenator( 1324): 	at java.io.RandomAccessFile.<init>(RandomAccessFile.java:247)
05-01 13:17:10.219 E/Hyphenator( 1324): 	at android.text.Hyphenator.loadHyphenator(Hyphenator.java:118)
05-01 13:17:10.219 E/Hyphenator( 1324): 	at android.text.Hyphenator.init(Hyphenator.java:224)
05-01 13:17:10.219 E/Hyphenator( 1324): 	at com.android.internal.os.ZygoteInit.preloadTextResources(ZygoteInit.java:252)
05-01 13:17:10.219 E/Hyphenator( 1324): 	at com.android.internal.os.ZygoteInit.preload(ZygoteInit.java:206)
05-01 13:17:10.219 E/Hyphenator( 1324): 	at com.android.internal.os.ZygoteInit.main(ZygoteInit.java:743)
05-01 13:17:10.219 E/Hyphenator( 1324): Caused by: android.system.ErrnoException: open failed: ENOENT (No such file or directory)
05-01 13:17:10.219 E/Hyphenator( 1324): 	at libcore.io.Posix.open(Native Method)
05-01 13:17:10.219 E/Hyphenator( 1324): 	at libcore.io.BlockGuardOs.open(BlockGuardOs.java:187)
05-01 13:17:10.219 E/Hyphenator( 1324): 	at libcore.io.IoBridge.open(IoBridge.java:441)
05-01 13:17:10.219 E/Hyphenator( 1324): 	... 6 more
05-01 13:17:10.259 E/Hyphenator( 1324): error loading hyphenation /system/usr/hyphen-data/hyph-mr.hyb
05-01 13:17:10.259 E/Hyphenator( 1324): java.io.FileNotFoundException: /system/usr/hyphen-data/hyph-mr.hyb: open failed: ENOENT (No such file or directory)
05-01 13:17:10.259 E/Hyphenator( 1324): 	at libcore.io.IoBridge.open(IoBridge.java:455)
05-01 13:17:10.259 E/Hyphenator( 1324): 	at java.io.RandomAccessFile.<init>(RandomAccessFile.java:247)
05-01 13:17:10.259 E/Hyphenator( 1324): 	at android.text.Hyphenator.loadHyphenator(Hyphenator.java:118)
05-01 13:17:10.259 E/Hyphenator( 1324): 	at android.text.Hyphenator.init(Hyphenator.java:224)
05-01 13:17:10.259 E/Hyphenator( 1324): 	at com.android.internal.os.ZygoteInit.preloadTextResources(ZygoteInit.java:252)
05-01 13:17:10.259 E/Hyphenator( 1324): 	at com.android.internal.os.ZygoteInit.preload(ZygoteInit.java:206)
05-01 13:17:10.259 E/Hyphenator( 1324): 	at com.android.internal.os.ZygoteInit.main(ZygoteInit.java:743)
05-01 13:17:10.259 E/Hyphenator( 1324): Caused by: android.system.ErrnoException: open failed: ENOENT (No such file or directory)
05-01 13:17:10.259 E/Hyphenator( 1324): 	at libcore.io.Posix.open(Native Method)
05-01 13:17:10.259 E/Hyphenator( 1324): 	at libcore.io.BlockGuardOs.open(BlockGuardOs.java:187)
05-01 13:17:10.259 E/Hyphenator( 1324): 	at libcore.io.IoBridge.open(IoBridge.java:441)
05-01 13:17:10.259 E/Hyphenator( 1324): 	... 6 more
05-01 13:17:10.272 E/Hyphenator( 1324): error loading hyphenation /system/usr/hyphen-data/hyph-nb.hyb
05-01 13:17:10.272 E/Hyphenator( 1324): java.io.FileNotFoundException: /system/usr/hyphen-data/hyph-nb.hyb: open failed: ENOENT (No such file or directory)
05-01 13:17:10.272 E/Hyphenator( 1324): 	at libcore.io.IoBridge.open(IoBridge.java:455)
05-01 13:17:10.272 E/Hyphenator( 1324): 	at java.io.RandomAccessFile.<init>(RandomAccessFile.java:247)
05-01 13:17:10.272 E/Hyphenator( 1324): 	at android.text.Hyphenator.loadHyphenator(Hyphenator.java:118)
05-01 13:17:10.272 E/Hyphenator( 1324): 	at android.text.Hyphenator.init(Hyphenator.java:224)
05-01 13:17:10.272 E/Hyphenator( 1324): 	at com.android.internal.os.ZygoteInit.preloadTextResources(ZygoteInit.java:252)
05-01 13:17:10.272 E/Hyphenator( 1324): 	at com.android.internal.os.ZygoteInit.preload(ZygoteInit.java:206)
05-01 13:17:10.272 E/Hyphenator( 1324): 	at com.android.internal.os.ZygoteInit.main(ZygoteInit.java:743)
05-01 13:17:10.272 E/Hyphenator( 1324): Caused by: android.system.ErrnoException: open failed: ENOENT (No such file or directory)
05-01 13:17:10.272 E/Hyphenator( 1324): 	at libcore.io.Posix.open(Native Method)
05-01 13:17:10.272 E/Hyphenator( 1324): 	at libcore.io.BlockGuardOs.open(BlockGuardOs.java:187)
05-01 13:17:10.272 E/Hyphenator( 1324): 	at libcore.io.IoBridge.open(IoBridge.java:441)
05-01 13:17:10.272 E/Hyphenator( 1324): 	... 6 more
05-01 13:17:10.273 E/Hyphenator( 1324): error loading hyphenation /system/usr/hyphen-data/hyph-nn.hyb
05-01 13:17:10.273 E/Hyphenator( 1324): java.io.FileNotFoundException: /system/usr/hyphen-data/hyph-nn.hyb: open failed: ENOENT (No such file or directory)
05-01 13:17:10.273 E/Hyphenator( 1324): 	at libcore.io.IoBridge.open(IoBridge.java:455)
05-01 13:17:10.273 E/Hyphenator( 1324): 	at java.io.RandomAccessFile.<init>(RandomAccessFile.java:247)
05-01 13:17:10.273 E/Hyphenator( 1324): 	at android.text.Hyphenator.loadHyphenator(Hyphenator.java:118)
05-01 13:17:10.273 E/Hyphenator( 1324): 	at android.text.Hyphenator.init(Hyphenator.java:224)
05-01 13:17:10.273 E/Hyphenator( 1324): 	at com.android.internal.os.ZygoteInit.preloadTextResources(ZygoteInit.java:252)
05-01 13:17:10.273 E/Hyphenator( 1324): 	at com.android.internal.os.ZygoteInit.preload(ZygoteInit.java:206)
05-01 13:17:10.273 E/Hyphenator( 1324): 	at com.android.internal.os.ZygoteInit.main(ZygoteInit.java:743)
05-01 13:17:10.273 E/Hyphenator( 1324): Caused by: android.system.ErrnoException: open failed: ENOENT (No such file or directory)
05-01 13:17:10.273 E/Hyphenator( 1324): 	at libcore.io.Posix.open(Native Method)
05-01 13:17:10.273 E/Hyphenator( 1324): 	at libcore.io.BlockGuardOs.open(BlockGuardOs.java:187)
05-01 13:17:10.273 E/Hyphenator( 1324): 	at libcore.io.IoBridge.open(IoBridge.java:441)
05-01 13:17:10.273 E/Hyphenator( 1324): 	... 6 more
05-01 13:17:10.274 E/Hyphenator( 1324): error loading hyphenation /system/usr/hyphen-data/hyph-or.hyb
05-01 13:17:10.274 E/Hyphenator( 1324): java.io.FileNotFoundException: /system/usr/hyphen-data/hyph-or.hyb: open failed: ENOENT (No such file or directory)
05-01 13:17:10.274 E/Hyphenator( 1324): 	at libcore.io.IoBridge.open(IoBridge.java:455)
05-01 13:17:10.274 E/Hyphenator( 1324): 	at java.io.RandomAccessFile.<init>(RandomAccessFile.java:247)
05-01 13:17:10.274 E/Hyphenator( 1324): 	at android.text.Hyphenator.loadHyphenator(Hyphenator.java:118)
05-01 13:17:10.274 E/Hyphenator( 1324): 	at android.text.Hyphenator.init(Hyphenator.java:224)
05-01 13:17:10.274 E/Hyphenator( 1324): 	at com.android.internal.os.ZygoteInit.preloadTextResources(ZygoteInit.java:252)
05-01 13:17:10.274 E/Hyphenator( 1324): 	at com.android.internal.os.ZygoteInit.preload(ZygoteInit.java:206)
05-01 13:17:10.274 E/Hyphenator( 1324): 	at com.android.internal.os.ZygoteInit.main(ZygoteInit.java:743)
05-01 13:17:10.274 E/Hyphenator( 1324): Caused by: android.system.ErrnoException: open failed: ENOENT (No such file or directory)
05-01 13:17:10.274 E/Hyphenator( 1324): 	at libcore.io.Posix.open(Native Method)
05-01 13:17:10.274 E/Hyphenator( 1324): 	at libcore.io.BlockGuardOs.open(BlockGuardOs.java:187)
05-01 13:17:10.274 E/Hyphenator( 1324): 	at libcore.io.IoBridge.open(IoBridge.java:441)
05-01 13:17:10.274 E/Hyphenator( 1324): 	... 6 more
05-01 13:17:10.276 E/Hyphenator( 1324): error loading hyphenation /system/usr/hyphen-data/hyph-pa.hyb
05-01 13:17:10.276 E/Hyphenator( 1324): java.io.FileNotFoundException: /system/usr/hyphen-data/hyph-pa.hyb: open failed: ENOENT (No such file or directory)
05-01 13:17:10.276 E/Hyphenator( 1324): 	at libcore.io.IoBridge.open(IoBridge.java:455)
05-01 13:17:10.276 E/Hyphenator( 1324): 	at java.io.RandomAccessFile.<init>(RandomAccessFile.java:247)
05-01 13:17:10.276 E/Hyphenator( 1324): 	at android.text.Hyphenator.loadHyphenator(Hyphenator.java:118)
05-01 13:17:10.276 E/Hyphenator( 1324): 	at android.text.Hyphenator.init(Hyphenator.java:224)
05-01 13:17:10.276 E/Hyphenator( 1324): 	at com.android.internal.os.ZygoteInit.preloadTextResources(ZygoteInit.java:252)
05-01 13:17:10.276 E/Hyphenator( 1324): 	at com.android.internal.os.ZygoteInit.preload(ZygoteInit.java:206)
05-01 13:17:10.276 E/Hyphenator( 1324): 	at com.android.internal.os.ZygoteInit.main(ZygoteInit.java:743)
05-01 13:17:10.276 E/Hyphenator( 1324): Caused by: android.system.ErrnoException: open failed: ENOENT (No such file or directory)
05-01 13:17:10.276 E/Hyphenator( 1324): 	at libcore.io.Posix.open(Native Method)
05-01 13:17:10.276 E/Hyphenator( 1324): 	at libcore.io.BlockGuardOs.open(BlockGuardOs.java:187)
05-01 13:17:10.276 E/Hyphenator( 1324): 	at libcore.io.IoBridge.open(IoBridge.java:441)
05-01 13:17:10.276 E/Hyphenator( 1324): 	... 6 more
05-01 13:17:10.277 E/Hyphenator( 1324): error loading hyphenation /system/usr/hyphen-data/hyph-pt.hyb
05-01 13:17:10.277 E/Hyphenator( 1324): java.io.FileNotFoundException: /system/usr/hyphen-data/hyph-pt.hyb: open failed: ENOENT (No such file or directory)
05-01 13:17:10.277 E/Hyphenator( 1324): 	at libcore.io.IoBridge.open(IoBridge.java:455)
05-01 13:17:10.277 E/Hyphenator( 1324): 	at java.io.RandomAccessFile.<init>(RandomAccessFile.java:247)
05-01 13:17:10.277 E/Hyphenator( 1324): 	at android.text.Hyphenator.loadHyphenator(Hyphenator.java:118)
05-01 13:17:10.277 E/Hyphenator( 1324): 	at android.text.Hyphenator.init(Hyphenator.java:224)
05-01 13:17:10.277 E/Hyphenator( 1324): 	at com.android.internal.os.ZygoteInit.preloadTextResources(ZygoteInit.java:252)
05-01 13:17:10.277 E/Hyphenator( 1324): 	at com.android.internal.os.ZygoteInit.preload(ZygoteInit.java:206)
05-01 13:17:10.277 E/Hyphenator( 1324): 	at com.android.internal.os.ZygoteInit.main(ZygoteInit.java:743)
05-01 13:17:10.277 E/Hyphenator( 1324): Caused by: android.system.ErrnoException: open failed: ENOENT (No such file or directory)
05-01 13:17:10.277 E/Hyphenator( 1324): 	at libcore.io.Posix.open(Native Method)
05-01 13:17:10.277 E/Hyphenator( 1324): 	at libcore.io.BlockGuardOs.open(BlockGuardOs.java:187)
05-01 13:17:10.277 E/Hyphenator( 1324): 	at libcore.io.IoBridge.open(IoBridge.java:441)
05-01 13:17:10.277 E/Hyphenator( 1324): 	... 6 more
05-01 13:17:10.279 E/Hyphenator( 1324): error loading hyphenation /system/usr/hyphen-data/hyph-sl.hyb
05-01 13:17:10.279 E/Hyphenator( 1324): java.io.FileNotFoundException: /system/usr/hyphen-data/hyph-sl.hyb: open failed: ENOENT (No such file or directory)
05-01 13:17:10.279 E/Hyphenator( 1324): 	at libcore.io.IoBridge.open(IoBridge.java:455)
05-01 13:17:10.279 E/Hyphenator( 1324): 	at java.io.RandomAccessFile.<init>(RandomAccessFile.java:247)
05-01 13:17:10.279 E/Hyphenator( 1324): 	at android.text.Hyphenator.loadHyphenator(Hyphenator.java:118)
05-01 13:17:10.279 E/Hyphenator( 1324): 	at android.text.Hyphenator.init(Hyphenator.java:224)
05-01 13:17:10.279 E/Hyphenator( 1324): 	at com.android.internal.os.ZygoteInit.preloadTextResources(ZygoteInit.java:252)
05-01 13:17:10.279 E/Hyphenator( 1324): 	at com.android.internal.os.ZygoteInit.preload(ZygoteInit.java:206)
05-01 13:17:10.279 E/Hyphenator( 1324): 	at com.android.internal.os.ZygoteInit.main(ZygoteInit.java:743)
05-01 13:17:10.279 E/Hyphenator( 1324): Caused by: android.system.ErrnoException: open failed: ENOENT (No such file or directory)
05-01 13:17:10.279 E/Hyphenator( 1324): 	at libcore.io.Posix.open(Native Method)
05-01 13:17:10.279 E/Hyphenator( 1324): 	at libcore.io.BlockGuardOs.open(BlockGuardOs.java:187)
05-01 13:17:10.279 E/Hyphenator( 1324): 	at libcore.io.IoBridge.open(IoBridge.java:441)
05-01 13:17:10.279 E/Hyphenator( 1324): 	... 6 more
05-01 13:17:10.292 E/Hyphenator( 1324): error loading hyphenation /system/usr/hyphen-data/hyph-ta.hyb
05-01 13:17:10.292 E/Hyphenator( 1324): java.io.FileNotFoundException: /system/usr/hyphen-data/hyph-ta.hyb: open failed: ENOENT (No such file or directory)
05-01 13:17:10.292 E/Hyphenator( 1324): 	at libcore.io.IoBridge.open(IoBridge.java:455)
05-01 13:17:10.292 E/Hyphenator( 1324): 	at java.io.RandomAccessFile.<init>(RandomAccessFile.java:247)
05-01 13:17:10.292 E/Hyphenator( 1324): 	at android.text.Hyphenator.loadHyphenator(Hyphenator.java:118)
05-01 13:17:10.292 E/Hyphenator( 1324): 	at android.text.Hyphenator.init(Hyphenator.java:224)
05-01 13:17:10.292 E/Hyphenator( 1324): 	at com.android.internal.os.ZygoteInit.preloadTextResources(ZygoteInit.java:252)
05-01 13:17:10.292 E/Hyphenator( 1324): 	at com.android.internal.os.ZygoteInit.preload(ZygoteInit.java:206)
05-01 13:17:10.292 E/Hyphenator( 1324): 	at com.android.internal.os.ZygoteInit.main(ZygoteInit.java:743)
05-01 13:17:10.292 E/Hyphenator( 1324): Caused by: android.system.ErrnoException: open failed: ENOENT (No such file or directory)
05-01 13:17:10.292 E/Hyphenator( 1324): 	at libcore.io.Posix.open(Native Method)
05-01 13:17:10.292 E/Hyphenator( 1324): 	at libcore.io.BlockGuardOs.open(BlockGuardOs.java:187)
05-01 13:17:10.292 E/Hyphenator( 1324): 	at libcore.io.IoBridge.open(IoBridge.java:441)
05-01 13:17:10.292 E/Hyphenator( 1324): 	... 6 more
05-01 13:17:10.294 E/Hyphenator( 1324): error loading hyphenation /system/usr/hyphen-data/hyph-te.hyb
05-01 13:17:10.294 E/Hyphenator( 1324): java.io.FileNotFoundException: /system/usr/hyphen-data/hyph-te.hyb: open failed: ENOENT (No such file or directory)
05-01 13:17:10.294 E/Hyphenator( 1324): 	at libcore.io.IoBridge.open(IoBridge.java:455)
05-01 13:17:10.294 E/Hyphenator( 1324): 	at java.io.RandomAccessFile.<init>(RandomAccessFile.java:247)
05-01 13:17:10.294 E/Hyphenator( 1324): 	at android.text.Hyphenator.loadHyphenator(Hyphenator.java:118)
05-01 13:17:10.294 E/Hyphenator( 1324): 	at android.text.Hyphenator.init(Hyphenator.java:224)
05-01 13:17:10.294 E/Hyphenator( 1324): 	at com.android.internal.os.ZygoteInit.preloadTextResources(ZygoteInit.java:252)
05-01 13:17:10.294 E/Hyphenator( 1324): 	at com.android.internal.os.ZygoteInit.preload(ZygoteInit.java:206)
05-01 13:17:10.294 E/Hyphenator( 1324): 	at com.android.internal.os.ZygoteInit.main(ZygoteInit.java:743)
05-01 13:17:10.294 E/Hyphenator( 1324): Caused by: android.system.ErrnoException: open failed: ENOENT (No such file or directory)
05-01 13:17:10.294 E/Hyphenator( 1324): 	at libcore.io.Posix.open(Native Method)
05-01 13:17:10.294 E/Hyphenator( 1324): 	at libcore.io.BlockGuardOs.open(BlockGuardOs.java:187)
05-01 13:17:10.294 E/Hyphenator( 1324): 	at libcore.io.IoBridge.open(IoBridge.java:441)
05-01 13:17:10.294 E/Hyphenator( 1324): 	... 6 more
05-01 13:17:10.295 E/Hyphenator( 1324): error loading hyphenation /system/usr/hyphen-data/hyph-tk.hyb
05-01 13:17:10.295 E/Hyphenator( 1324): java.io.FileNotFoundException: /system/usr/hyphen-data/hyph-tk.hyb: open failed: ENOENT (No such file or directory)
05-01 13:17:10.295 E/Hyphenator( 1324): 	at libcore.io.IoBridge.open(IoBridge.java:455)
05-01 13:17:10.295 E/Hyphenator( 1324): 	at java.io.RandomAccessFile.<init>(RandomAccessFile.java:247)
05-01 13:17:10.295 E/Hyphenator( 1324): 	at android.text.Hyphenator.loadHyphenator(Hyphenator.java:118)
05-01 13:17:10.295 E/Hyphenator( 1324): 	at android.text.Hyphenator.init(Hyphenator.java:224)
05-01 13:17:10.295 E/Hyphenator( 1324): 	at com.android.internal.os.ZygoteInit.preloadTextResources(ZygoteInit.java:252)
05-01 13:17:10.295 E/Hyphenator( 1324): 	at com.android.internal.os.ZygoteInit.preload(ZygoteInit.java:206)
05-01 13:17:10.295 E/Hyphenator( 1324): 	at com.android.internal.os.ZygoteInit.main(ZygoteInit.java:743)
05-01 13:17:10.295 E/Hyphenator( 1324): Caused by: android.system.ErrnoException: open failed: ENOENT (No such file or directory)
05-01 13:17:10.295 E/Hyphenator( 1324): 	at libcore.io.Posix.open(Native Method)
05-01 13:17:10.295 E/Hyphenator( 1324): 	at libcore.io.BlockGuardOs.open(BlockGuardOs.java:187)
05-01 13:17:10.295 E/Hyphenator( 1324): 	at libcore.io.IoBridge.open(IoBridge.java:441)
05-01 13:17:10.295 E/Hyphenator( 1324): 	... 6 more
05-01 13:17:10.296 E/Hyphenator( 1324): error loading hyphenation /system/usr/hyphen-data/hyph-und-ethi.hyb
05-01 13:17:10.296 E/Hyphenator( 1324): java.io.FileNotFoundException: /system/usr/hyphen-data/hyph-und-ethi.hyb: open failed: ENOENT (No such file or directory)
05-01 13:17:10.296 E/Hyphenator( 1324): 	at libcore.io.IoBridge.open(IoBridge.java:455)
05-01 13:17:10.296 E/Hyphenator( 1324): 	at java.io.RandomAccessFile.<init>(RandomAccessFile.java:247)
05-01 13:17:10.296 E/Hyphenator( 1324): 	at android.text.Hyphenator.loadHyphenator(Hyphenator.java:118)
05-01 13:17:10.296 E/Hyphenator( 1324): 	at android.text.Hyphenator.init(Hyphenator.java:224)
05-01 13:17:10.296 E/Hyphenator( 1324): 	at com.android.internal.os.ZygoteInit.preloadTextResources(ZygoteInit.java:252)
05-01 13:17:10.296 E/Hyphenator( 1324): 	at com.android.internal.os.ZygoteInit.preload(ZygoteInit.java:206)
05-01 13:17:10.296 E/Hyphenator( 1324): 	at com.android.internal.os.ZygoteInit.main(ZygoteInit.java:743)
05-01 13:17:10.296 E/Hyphenator( 1324): Caused by: android.system.ErrnoException: open failed: ENOENT (No such file or directory)
05-01 13:17:10.296 E/Hyphenator( 1324): 	at libcore.io.Posix.open(Native Method)
05-01 13:17:10.296 E/Hyphenator( 1324): 	at libcore.io.BlockGuardOs.open(BlockGuardOs.java:187)
05-01 13:17:10.296 E/Hyphenator( 1324): 	at libcore.io.IoBridge.open(IoBridge.java:441)
05-01 13:17:10.296 E/Hyphenator( 1324): 	... 6 more
05-01 13:17:10.399 I/Zygote  ( 1323): Warmed up JCA providers in 667ms.
05-01 13:17:10.399 D/Zygote  ( 1323): end preload
05-01 13:17:10.401 I/art     ( 1323): Starting a blocking GC Explicit
05-01 13:17:10.474 I/art     ( 1323): Explicit concurrent mark sweep GC freed 4812(245KB) AllocSpace objects, 3(132KB) LOS objects, 39% free, 6MB/10MB, paused 236us total 71.126ms
05-01 13:17:10.478 I/art     ( 1323): Starting a blocking GC Explicit
05-01 13:17:10.537 I/art     ( 1323): Explicit concurrent mark sweep GC freed 51(1752B) AllocSpace objects, 0(0B) LOS objects, 39% free, 6MB/10MB, paused 217us total 57.956ms
05-01 13:17:10.557 I/art     ( 1323): Starting a blocking GC HeapTrim
05-01 13:17:10.592 I/art     ( 1323): Starting a blocking GC Background
05-01 13:17:10.785 I/Zygote  ( 1323): System server process 1824 has been created
05-01 13:17:10.815 I/Zygote  ( 1324): Uninstalled ICU cache reference pinning...
05-01 13:17:10.826 I/Zygote  ( 1323): Accepting command socket connections
05-01 13:17:10.911 I/Zygote  ( 1324): Installed AndroidKeyStoreProvider in 96ms.
05-01 13:17:11.372 I/Zygote  ( 1324): Warmed up JCA providers in 460ms.
05-01 13:17:11.372 D/Zygote  ( 1324): end preload
05-01 13:17:11.373 I/art     ( 1324): Starting a blocking GC Explicit
05-01 13:17:11.494 I/art     ( 1324): Explicit concurrent mark sweep GC freed 10195(655KB) AllocSpace objects, 4(164KB) LOS objects, 39% free, 6MB/10MB, paused 326us total 119.498ms
05-01 13:17:11.511 I/art     ( 1324): Starting a blocking GC Explicit
05-01 13:17:11.663 I/art     ( 1324): Explicit concurrent mark sweep GC freed 118(4KB) AllocSpace objects, 0(0B) LOS objects, 39% free, 6MB/10MB, paused 313us total 151.446ms
05-01 13:17:11.667 I/Zygote  ( 1324): Accepting command socket connections
05-01 13:17:11.772 I/Zygote  ( 1824): Process: zygote socket opened, supported ABIS: x86
05-01 13:17:11.777 I/InstallerConnection( 1824): connecting...
05-01 13:17:11.820 I/        ( 1328): new connection
05-01 13:17:12.341 I/InstallerConnection( 1824): disconnecting...
05-01 13:17:12.342 E/        ( 1328): eof
05-01 13:17:12.342 E/        ( 1328): failed to read size
05-01 13:17:12.342 I/        ( 1328): closing connection
05-01 13:17:14.016 I/SystemServer( 1824): Entered the Android system server!
05-01 13:17:16.681 I/SystemServiceManager( 1824): Starting com.android.server.pm.Installer
05-01 13:17:16.836 I/Installer( 1824): Waiting for installd to be ready.
05-01 13:17:16.837 I/InstallerConnection( 1824): connecting...
05-01 13:17:16.838 I/        ( 1328): new connection
05-01 13:17:16.850 I/SystemServiceManager( 1824): Starting com.android.server.am.ActivityManagerService$Lifecycle
05-01 13:17:17.278 I/ActivityManager( 1824): Memory class: 256
05-01 13:17:17.305 I/ServiceThread( 1824): Enabled StrictMode logging for ActivityManager looper.
05-01 13:17:17.314 I/ServiceThread( 1824): Enabled StrictMode logging for android.ui looper.
05-01 13:17:17.607 D/BatteryStatsImpl( 1824): Reading daily items from /data/system/batterystats-daily.xml
05-01 13:17:18.620 W/ProcessCpuTracker( 1824): Skipping unknown process pid 1860
05-01 13:17:18.751 I/IntentFirewall( 1824): Read new rules (A:0 B:0 S:0)
05-01 13:17:18.804 I/ServiceThread( 1824): Enabled StrictMode logging for android.display looper.
05-01 13:17:18.855 D/AppOps  ( 1824): AppOpsService published
05-01 13:17:18.856 I/SystemServiceManager( 1824): Starting com.android.server.power.PowerManagerService
05-01 13:17:18.954 I/ServiceThread( 1824): Enabled StrictMode logging for PowerManagerService looper.
05-01 13:17:18.958 E/PowerManagerService-JNI( 1824): Couldn't load power module (No such file or directory)
05-01 13:17:18.959 W/libsuspend( 1824): Error writing 'on' to /sys/power/state: Invalid argument
05-01 13:17:18.961 I/libsuspend( 1824): Selected wakeup count
05-01 13:17:19.074 I/SystemServiceManager( 1824): Starting com.android.server.lights.LightsService
05-01 13:17:19.160 I/SystemServiceManager( 1824): Starting com.android.server.display.DisplayManagerService
05-01 13:17:19.188 I/SystemServiceManager( 1824): Starting phase 100
05-01 13:17:19.284 E/SurfaceFlinger( 1320): ro.sf.lcd_density must be defined as a build property
05-01 13:17:19.352 I/DisplayManagerService( 1824): Display device added: DisplayDeviceInfo{"Built-in Screen": uniqueId="local:0", 1080 x 1920, modeId 1, defaultModeId 1, supportedModes [{id=1, width=1080, height=1920, fps=60.000004}], colorMode 0, supportedColorModes [0], HdrCapabilities android.view.Display$HdrCapabilities@a69d6308, density 480, 480.0 x 480.0 dpi, appVsyncOff 1000000, presDeadline 16666666, touch INTERNAL, rotation 0, type BUILT_IN, state UNKNOWN, FLAG_DEFAULT_DISPLAY, FLAG_ROTATES_WITH_CONTENT, FLAG_SECURE, FLAG_SUPPORTS_PROTECTED_BUFFERS}
05-01 13:17:19.360 D/SurfaceFlinger( 1320): Set power mode=2, type=0 flinger=0x725e8a047000
05-01 13:17:19.360 D/SurfaceFlinger( 1320): Screen type=0 is already mode=2
05-01 13:17:19.373 I/DisplayManagerService( 1824): Display device changed state: "Built-in Screen", ON
05-01 13:17:19.380 I/SystemServer( 1824): StartPackageManagerService
05-01 13:17:20.008 W/SystemConfig( 1824): No directory /system/etc/sysconfig, skipping
05-01 13:17:20.281 D/SELinuxMMAC( 1824): Using policy file /system/etc/security/mac_permissions.xml
05-01 13:17:22.451 E/art     ( 1824): DexFile_getDexOptNeeded file '/system/framework/org.apache.http.legacy.jar' does not exist
05-01 13:17:22.454 W/PackageManager( 1824): Library not found: /system/framework/org.apache.http.legacy.jar
05-01 13:17:22.814 E/art     ( 1824): DexFile_getDexOptNeeded file '/system/framework/org.apache.http.legacy.jar' does not exist
05-01 13:17:22.815 W/PackageManager( 1824): Library not found: /system/framework/org.apache.http.legacy.jar
05-01 13:17:22.861 D/PackageManager( 1824): No files in app dir /vendor/overlay
05-01 13:17:23.650 W/PackageManager( 1824): Failed to parse /system/framework/oat: Missing base APK in /system/framework/oat
05-01 13:17:23.653 W/PackageManager( 1824): Failed to parse /system/framework/x86: Missing base APK in /system/framework/x86
05-01 13:17:23.654 W/PackageManager( 1824): Failed to parse /system/framework/x86_64: Missing base APK in /system/framework/x86_64
05-01 13:17:25.141 W/PackageParser( 1824): No actions in intent filter at /system/priv-app/Contacts/Contacts.apk Binary XML file line #409
05-01 13:17:26.518 W/PackageParser( 1824): No actions in intent filter at /system/priv-app/Dialer/Dialer.apk Binary XML file line #186
05-01 13:17:27.090 W/PackageManager( 1824): Permission android.permission.DOWNLOAD_WITHOUT_NOTIFICATION from package com.android.providers.downloads in an unknown group android.permission-group.NETWORK
05-01 13:17:30.732 W/PackageParser( 1824): Ignoring duplicate uses-permissions/uses-permissions-sdk-m: android.permission.USE_CREDENTIALS in package: com.android.settings at: Binary XML file line #53
05-01 13:17:30.733 W/PackageParser( 1824): Ignoring duplicate uses-permissions/uses-permissions-sdk-m: android.permission.READ_SYNC_SETTINGS in package: com.android.settings at: Binary XML file line #58
05-01 13:17:30.733 W/PackageParser( 1824): Ignoring duplicate uses-permissions/uses-permissions-sdk-m: android.permission.WRITE_SYNC_SETTINGS in package: com.android.settings at: Binary XML file line #59
05-01 13:17:32.018 W/PackageParser( 1824): Ignoring duplicate uses-permissions/uses-permissions-sdk-m: android.permission.INSTALL_GRANT_RUNTIME_PERMISSIONS in package: com.android.shell at: Binary XML file line #102
05-01 13:17:33.648 W/PackageParser( 1824): Ignoring duplicate uses-permissions/uses-permissions-sdk-m: android.permission.CONFIGURE_WIFI_DISPLAY in package: com.android.systemui at: Binary XML file line #123
05-01 13:17:35.011 W/art     ( 1824): Suspending all threads took: 92.388ms
05-01 13:17:35.212 I/art     ( 1824): Background sticky concurrent mark sweep GC freed 33396(2MB) AllocSpace objects, 20(416KB) LOS objects, 31% free, 6MB/10MB, paused 94.892ms total 604.395ms
05-01 13:17:36.229 W/PackageManager( 1824): Non-privileged app; cap priority to 0; package: com.android.calendar activity: com.android.calendar.GoogleCalendarUriIntentFilter origPrio: 50
05-01 13:17:36.516 W/PackageManager( 1824): Non-privileged app; cap priority to 0; package: com.android.cts.ctsshim activity: com.android.cts.ctsshim.InstallPriority origPrio: 100
05-01 13:17:36.516 W/PackageManager( 1824): Non-privileged app; cap priority to 0; package: com.android.cts.ctsshim activity: com.android.cts.ctsshim.InstallPriority origPrio: 100
05-01 13:17:36.517 W/PackageManager( 1824): Non-privileged app; cap priority to 0; package: com.android.cts.ctsshim activity: com.android.cts.ctsshim.InstallPriority origPrio: 100
05-01 13:17:36.517 W/PackageManager( 1824): Non-privileged app; cap priority to 0; package: com.android.cts.ctsshim activity: com.android.cts.ctsshim.InstallPriority origPrio: 100
05-01 13:17:36.517 W/PackageManager( 1824): Non-privileged app; cap priority to 0; package: com.android.cts.ctsshim activity: com.android.cts.ctsshim.InstallPriority origPrio: 100
05-01 13:17:38.421 W/PackageParser( 1824): Ignoring duplicate uses-permissions/uses-permissions-sdk-m: android.permission.WRITE_CONTACTS in package: com.android.email at: Binary XML file line #40
05-01 13:17:39.592 W/PackageParser( 1824): Unknown element under <application>: permission at /system/app/Gallery2/Gallery2.apk Binary XML file line #238
05-01 13:17:39.593 W/PackageParser( 1824): Unknown element under <application>: permission at /system/app/Gallery2/Gallery2.apk Binary XML file line #241
05-01 13:17:41.162 W/PackageManager( 1824): Permission com.android.launcher3.permission.READ_SETTINGS from package com.android.launcher3 in an unknown group android.permission-group.SYSTEM_TOOLS
05-01 13:17:41.162 W/PackageManager( 1824): Permission com.android.launcher3.permission.WRITE_SETTINGS from package com.android.launcher3 in an unknown group android.permission-group.SYSTEM_TOOLS
05-01 13:17:41.162 W/PackageManager( 1824): Permission com.android.launcher.permission.INSTALL_SHORTCUT from package com.android.launcher3 in an unknown group android.permission-group.SYSTEM_TOOLS
05-01 13:17:44.885 D/PackageManager( 1824): No files in app dir /system/vendor/app
05-01 13:17:44.885 D/PackageManager( 1824): No files in app dir /oem/app
05-01 13:17:45.892 W/PackageParser( 1824): No actions in intent filter at /data/app/ApiDemos/ApiDemos.apk Binary XML file line #3145
05-01 13:17:45.892 W/PackageParser( 1824): No actions in intent filter at /data/app/ApiDemos/ApiDemos.apk Binary XML file line #3151
05-01 13:17:45.912 W/PackageManager( 1824): Package com.example.android.apis desires unavailable shared library com.example.will.never.exist; ignoring!
05-01 13:17:45.993 I/SELinux ( 1824): SELinux: Loaded file_contexts contexts from /file_contexts.bin.
05-01 13:17:46.577 D/PackageManager( 1824): No files in app dir /data/app-private
05-01 13:17:46.585 D/PackageManager( 1824): No files in app dir /data/app-ephemeral
05-01 13:17:46.678 E/PackageManager( 1824): There should probably be exactly one setup wizard; found 0: matches=[]
05-01 13:17:46.696 W/PackageManager( 1824): Protected action; cap priority to 0; package: com.android.cts.priv.ctsshim activity: com.android.cts.priv.ctsshim.InstallPriority origPrio: 100
05-01 13:17:46.696 W/PackageManager( 1824): Protected action; cap priority to 0; package: com.android.cts.priv.ctsshim activity: com.android.cts.priv.ctsshim.InstallPriority origPrio: 100
05-01 13:17:46.696 W/PackageManager( 1824): Protected action; cap priority to 0; package: com.android.cts.priv.ctsshim activity: com.android.cts.priv.ctsshim.InstallPriority origPrio: 100
05-01 13:17:46.696 W/PackageManager( 1824): Protected action; cap priority to 0; package: com.android.cts.priv.ctsshim activity: com.android.cts.priv.ctsshim.InstallPriority origPrio: 100
05-01 13:17:46.696 W/PackageManager( 1824): Protected action; cap priority to 0; package: com.android.packageinstaller activity: com.android.packageinstaller.PackageInstallerActivity origPrio: 1
05-01 13:17:46.697 W/PackageManager( 1824): Package com.android.camera desires unavailable shared library com.google.android.media.effects; ignoring!
05-01 13:17:46.697 W/PackageManager( 1824): Package com.android.gallery3d desires unavailable shared library com.google.android.media.effects; ignoring!
05-01 13:17:46.697 W/PackageManager( 1824): Package com.android.gallery3d desires unavailable shared library com.google.android.media.effects; ignoring!
05-01 13:17:46.698 W/PackageManager( 1824): Package com.example.android.apis desires unavailable shared library com.example.will.never.exist; ignoring!
05-01 13:17:46.700 I/PackageManager( 1824): Adjusting ABI for com.android.providers.downloads.ui to x86_64 (requirer=com.android.mtp, scannedPackage=null)
05-01 13:17:46.880 I/PackageManager( 1824): Adjusting ABI for com.android.providers.media to x86_64 (requirer=com.android.mtp, scannedPackage=null)
05-01 13:17:46.893 I/PackageManager( 1824): Adjusting ABI for com.android.providers.downloads to x86_64 (requirer=com.android.mtp, scannedPackage=null)
05-01 13:17:46.912 I/PackageManager( 1824): Adjusting ABI for com.android.wallpaperbackup to x86_64 (requirer=android, scannedPackage=null)
05-01 13:17:46.914 I/PackageManager( 1824): Adjusting ABI for com.android.server.telecom to x86_64 (requirer=android, scannedPackage=null)
05-01 13:17:46.941 I/PackageManager( 1824): Adjusting ABI for com.android.location.fused to x86_64 (requirer=android, scannedPackage=null)
05-01 13:17:46.943 I/PackageManager( 1824): Adjusting ABI for com.android.providers.settings to x86_64 (requirer=android, scannedPackage=null)
05-01 13:17:46.944 I/PackageManager( 1824): Adjusting ABI for com.android.inputdevices to x86_64 (requirer=android, scannedPackage=null)
05-01 13:17:46.946 I/PackageManager( 1824): Adjusting ABI for com.android.keychain to x86_64 (requirer=android, scannedPackage=null)
05-01 13:17:46.948 I/PackageManager( 1824): Adjusting ABI for com.android.settings to x86_64 (requirer=android, scannedPackage=null)
05-01 13:17:47.003 I/PackageManager( 1824): Time to scan packages: 24.853 seconds
05-01 13:17:47.007 W/PackageManager( 1824): Unknown permission com.google.android.googleapps.permission.GOOGLE_AUTH in package com.android.providers.calendar
05-01 13:17:47.007 W/PackageManager( 1824): Unknown permission com.google.android.googleapps.permission.GOOGLE_AUTH.cl in package com.android.providers.calendar
05-01 13:17:47.009 W/PackageManager( 1824): Not granting permission android.permission.GLOBAL_SEARCH to package com.android.quicksearchbox (protectionLevel=18 flags=0x3808be45)
05-01 13:17:47.185 W/PackageManager( 1824): Not granting permission android.permission.WRITE_EXTERNAL_STORAGE to package gov.nasa.arc.astrobee.android.gs.manager because it was previously installed without
05-01 13:17:47.185 W/PackageManager( 1824): Not granting permission android.permission.READ_EXTERNAL_STORAGE to package gov.nasa.arc.astrobee.android.gs.manager because it was previously installed without
05-01 13:17:47.186 W/PackageManager( 1824): Unknown permission com.android.launcher.permission.READ_SETTINGS in package com.android.launcher3
05-01 13:17:47.186 W/PackageManager( 1824): Unknown permission com.android.launcher.permission.WRITE_SETTINGS in package com.android.launcher3
05-01 13:17:47.186 W/PackageManager( 1824): Not granting permission android.permission.BIND_APPWIDGET to package com.android.launcher3 (protectionLevel=18 flags=0x3c4bbe45)
05-01 13:17:47.186 W/PackageManager( 1824): Unknown permission com.google.android.googleapps.permission.GOOGLE_AUTH.mail in package com.android.calendar
05-01 13:17:47.187 W/PackageManager( 1824): Unknown permission com.google.android.providers.settings.permission.WRITE_GSETTINGS in package com.android.sdksetup
05-01 13:17:47.188 W/PackageManager( 1824): Unknown permission com.google.android.permission.INSTALL_WEARABLE_PACKAGES in package com.android.packageinstaller
05-01 13:17:47.188 W/PackageManager( 1824): Not granting permission android.permission.DELETE_PACKAGES to package com.svox.pico (protectionLevel=18 flags=0x3808be45)
05-01 13:17:47.188 W/PackageManager( 1824): Not granting permission android.permission.READ_CONTACTS to package com.example.android.apis because it was previously installed without
05-01 13:17:47.188 W/PackageManager( 1824): Not granting permission android.permission.WRITE_CONTACTS to package com.example.android.apis because it was previously installed without
05-01 13:17:47.188 W/PackageManager( 1824): Not granting permission android.permission.ACCESS_COARSE_LOCATION to package com.example.android.apis because it was previously installed without
05-01 13:17:47.188 W/PackageManager( 1824): Not granting permission android.permission.WRITE_EXTERNAL_STORAGE to package com.example.android.apis because it was previously installed without
05-01 13:17:47.188 W/PackageManager( 1824): Not granting permission android.permission.SEND_SMS to package com.example.android.apis because it was previously installed without
05-01 13:17:47.188 W/PackageManager( 1824): Not granting permission android.permission.RECEIVE_SMS to package com.example.android.apis because it was previously installed without
05-01 13:17:47.188 W/PackageManager( 1824): Not granting permission android.permission.RECEIVE_MMS to package com.example.android.apis because it was previously installed without
05-01 13:17:47.189 W/PackageManager( 1824): Not granting permission android.permission.READ_SMS to package com.example.android.apis because it was previously installed without
05-01 13:17:47.189 W/PackageManager( 1824): Not granting permission android.permission.READ_PHONE_STATE to package com.example.android.apis because it was previously installed without
05-01 13:17:47.189 W/PackageManager( 1824): Not granting permission android.permission.RECORD_AUDIO to package com.example.android.apis because it was previously installed without
05-01 13:17:47.189 W/PackageManager( 1824): Not granting permission android.permission.CAMERA to package com.example.android.apis because it was previously installed without
05-01 13:17:47.189 W/PackageManager( 1824): Not granting permission android.permission.READ_EXTERNAL_STORAGE to package com.example.android.apis because it was previously installed without
05-01 13:17:47.189 W/PackageManager( 1824): Unknown permission android.permission.RUN_INSTRUMENTATION in package org.chromium.webview_shell
05-01 13:17:47.201 W/PackageManager( 1824): Unknown permission com.google.android.googleapps.permission.GOOGLE_AUTH in package com.android.settings
05-01 13:17:47.201 W/PackageManager( 1824): Unknown permission com.android.launcher.permission.READ_SETTINGS in package com.android.settings
05-01 13:17:47.202 W/PackageManager( 1824): Unknown permission com.android.launcher.permission.WRITE_SETTINGS in package com.android.settings
05-01 13:17:47.202 W/PackageManager( 1824): Unknown permission com.android.smspush.WAPPUSH_MANAGER_BIND in package com.android.phone
05-01 13:17:47.204 W/PackageManager( 1824): Unknown permission com.google.android.googleapps.permission.ACCESS_GOOGLE_PASSWORD in package com.android.development
05-01 13:17:47.204 W/PackageManager( 1824): Unknown permission com.google.android.googleapps.permission.GOOGLE_AUTH in package com.android.development
05-01 13:17:47.204 W/PackageManager( 1824): Unknown permission com.google.android.googleapps.permission.GOOGLE_AUTH.ALL_SERVICES in package com.android.development
05-01 13:17:47.204 W/PackageManager( 1824): Unknown permission com.google.android.googleapps.permission.GOOGLE_AUTH.YouTubeUser in package com.android.development
05-01 13:17:47.204 W/PackageManager( 1824): Not granting permission android.permission.BIND_APPWIDGET to package com.android.widgetpreview (protectionLevel=18 flags=0x3808be44)
05-01 13:17:47.206 V/PackageManager( 1824): reconcileAppsData for null u0 0x3
05-01 13:17:47.282 I/SELinux ( 1328): SELinux: Loaded file_contexts contexts from /file_contexts.bin.
05-01 13:17:52.443 V/PackageManager( 1824): reconcileAppsData finished 81 packages
05-01 13:17:53.043 E/PackageManager( 1824): There should probably be a verifier, but, none were found
05-01 13:17:53.235 W/PackageInstaller( 1824): Abandoning old session first created at 1616675837967
05-01 13:17:53.238 W/PackageInstaller( 1824): Deleting orphan stage /data/app/vmdl1539828231.tmp
05-01 13:17:53.293 D/PackageManager( 1824): Ephemeral resolver NOT found; no matching intent filters
05-01 13:17:53.294 I/PackageManager( 1824): Ephemeral deactivated; missing resolver and installer
05-01 13:17:53.297 I/art     ( 1824): Starting a blocking GC Explicit
05-01 13:17:53.497 I/art     ( 1824): Explicit concurrent mark sweep GC freed 38008(2MB) AllocSpace objects, 4(80KB) LOS objects, 33% free, 7MB/10MB, paused 1.702ms total 179.027ms
05-01 13:17:53.529 I/SystemServer( 1824): StartOtaDexOptService
05-01 13:17:53.578 I/SystemServer( 1824): StartUserManagerService
05-01 13:17:53.579 I/SystemServiceManager( 1824): Starting com.android.server.pm.UserManagerService$LifeCycle
05-01 13:17:53.630 W/art     ( 1824): Long monitor contention with owner main (1824) at int android.net.LocalSocketImpl.readba_native(byte[], int, int, java.io.FileDescriptor)(LocalSocketImpl.java:-2) waiters=0 in void com.android.server.pm.Settings$RuntimePermissionPersistence.writePermissionsSync(int) for 5.861s
05-01 13:17:53.713 I/lowmemorykiller( 1318): ActivityManager connected
05-01 13:17:53.736 D/SensorService( 1824): nuSensorService starting...
05-01 13:17:53.848 D/SensorService( 1824): nuSensorService thread starting...
05-01 13:17:53.862 I/SystemServiceManager( 1824): Starting com.android.server.BatteryService
05-01 13:17:53.864 D/SensorService( 1824): new thread SensorEventAckReceiver
05-01 13:17:54.018 I/SystemServiceManager( 1824): Starting com.android.server.usage.UsageStatsService
05-01 13:17:54.472 I/SystemServiceManager( 1824): Starting com.android.server.webkit.WebViewUpdateService
05-01 13:17:54.583 I/SystemServer( 1824): Reading configuration...
05-01 13:17:54.583 I/SystemServer( 1824): StartSchedulingPolicyService
05-01 13:17:54.587 I/SystemServiceManager( 1824): Starting com.android.server.telecom.TelecomLoaderService
05-01 13:17:54.588 I/SystemServer( 1824): StartTelephonyRegistry
05-01 13:17:54.791 I/SystemServer( 1824): StartEntropyMixer
05-01 13:17:54.823 I/EntropyMixer( 1824): Writing entropy...
05-01 13:17:54.902 I/SystemServer( 1824): Camera Service
05-01 13:17:54.910 I/SystemServiceManager( 1824): Starting com.android.server.camera.CameraService
05-01 13:17:54.924 I/ServiceThread( 1824): Enabled StrictMode logging for CameraService_proxy looper.
05-01 13:17:54.929 I/SystemServer( 1824): StartAccountManagerService
05-01 13:17:54.960 I/SystemServiceManager( 1824): Starting com.android.server.accounts.AccountManagerService$Lifecycle
05-01 13:17:55.047 I/SystemServer( 1824): StartContentService
05-01 13:17:55.050 I/SystemServiceManager( 1824): Starting com.android.server.content.ContentService$Lifecycle
05-01 13:17:55.082 I/SystemServer( 1824): InstallSystemProviders
05-01 13:17:55.184 W/System  ( 1824): ClassLoader referenced unknown path: /system/priv-app/SettingsProvider/lib/x86_64
05-01 13:17:55.635 I/SystemServer( 1824): StartVibratorService
05-01 13:17:55.637 E/VibratorService( 1824): Couldn't load vibrator module (No such file or directory)
05-01 13:17:55.637 W/VibratorService( 1824): Tried to stop vibrating but there is no vibrator device.
05-01 13:17:55.654 I/SystemServer( 1824): StartConsumerIrService
05-01 13:17:55.655 E/ConsumerIrService( 1824): Can't open consumer IR HW Module, error: -2
05-01 13:17:55.662 I/SystemServer( 1824): StartAlarmManagerService
05-01 13:17:55.662 I/SystemServiceManager( 1824): Starting com.android.server.AlarmManagerService
05-01 13:17:55.703 W/AlarmManagerService( 1824): no wall clock RTC found
05-01 13:17:55.705 D/AlarmManagerService( 1824): Kernel timezone updated to 0 minutes west of GMT
05-01 13:17:55.812 I/SystemServer( 1824): InitWatchdog
05-01 13:17:55.813 I/SystemServer( 1824): StartInputManagerService
05-01 13:17:55.822 I/InputManager( 1824): Initializing input manager, mUseDevInputEventForAudioJack=true
05-01 13:17:55.828 I/SystemServer( 1824): StartWindowManagerService
05-01 13:17:56.145 I/WindowManager( 1824): No existing display settings /data/system/display_settings.xml; starting empty
05-01 13:17:56.395 I/SystemServer( 1824): StartVrManagerService
05-01 13:17:56.395 I/SystemServiceManager( 1824): Starting com.android.server.vr.VrManagerService
05-01 13:17:56.453 W/VrManagerService( 1824): init_native: Could not open VR hardware module, error No such file or directory (-2).
05-01 13:17:56.605 I/InputManager( 1824): Starting input manager
05-01 13:17:56.702 I/SystemServer( 1824): No Bluetooth Service (emulator)
