05-20 18:26:55.566 D/ConnectivityService( 2601): Got NetworkFactory Messenger for PhoneSwitcherNetworkRequstListener
05-20 18:26:55.740 D/ConnectivityService( 2601): Got NetworkFactory Messenger for TelephonyNetworkFactory[0]
05-20 18:26:56.011 W/art     ( 2601): Long monitor contention with owner Binder:2601_5 (2848) at void com.android.server.am.ActivityManagerService.attachApplication(android.app.IApplicationThread)(ActivityManagerService.java:6669) waiters=2 in void com.android.server.am.ActivityManagerService$3.handleMessage(android.os.Message) for 1.499s
05-20 18:26:56.262 D/CarrierConfigLoader( 3019): CarrierConfigLoader has started
05-20 18:26:56.271 E/BluetoothAdapter( 3019): Bluetooth binder is null
05-20 18:26:56.358 W/System  ( 2821): ClassLoader referenced unknown path: 
05-20 18:26:56.358 W/System  ( 2821): ClassLoader referenced unknown path: /system/priv-app/Dialer/lib/x86_64
05-20 18:26:56.412 D/ApplicationLoaders( 2821): ignored Vulkan layer search path /system/priv-app/Dialer/lib/x86_64:/system/lib64:/vendor/lib64 for namespace 0x73caeba650f0
05-20 18:26:56.669 E/ActivityThread( 2601): Failed to find provider info for com.android.calendar
05-20 18:26:56.699 E/ActivityThread( 2601): Failed to find provider info for com.android.calendar
05-20 18:26:57.058 I/Telephony( 3019): TtyManager: updateUiTtyMode -1 -> 0
05-20 18:26:57.665 E/BluetoothAdapter( 2821): Bluetooth binder is null
05-20 18:26:57.915 D/AlarmManagerService( 2601): Kernel timezone updated to 0 minutes west of GMT
05-20 18:26:58.049 W/art     ( 2601): Long monitor contention with owner AsyncTask #3 (3106) at boolean android.os.MessageQueue.enqueueMessage(android.os.Message, long)(MessageQueue.java:541) waiters=0 in android.os.Message android.os.MessageQueue.next() for 873ms
05-20 18:26:58.059 W/art     ( 2601): Long monitor contention with owner AsyncTask #3 (3106) at boolean android.os.MessageQueue.enqueueMessage(android.os.Message, long)(MessageQueue.java:541) waiters=1 in boolean android.os.MessageQueue.isPolling() for 688ms
05-20 18:26:58.081 W/art     ( 2601): Long monitor contention with owner AsyncTask #3 (3106) at boolean android.os.MessageQueue.enqueueMessage(android.os.Message, long)(MessageQueue.java:541) waiters=2 in boolean android.os.MessageQueue.enqueueMessage(android.os.Message, long) for 123ms
05-20 18:26:58.086 W/art     ( 2601): Long monitor contention with owner watchdog (3007) at void com.android.server.Watchdog.run()(Watchdog.java:356) waiters=0 in void com.android.server.Watchdog$HandlerChecker.run() for 709ms
05-20 18:26:58.108 W/art     ( 2601): Long monitor contention with owner ActivityManager (2633) at void com.android.server.am.BroadcastQueue.processNextBroadcast(boolean)(BroadcastQueue.java:760) waiters=0 in void com.android.server.am.ActivityManagerService$3.handleMessage(android.os.Message) for 122ms
05-20 18:26:58.305 I/CameraManagerGlobal( 2821): Connecting to camera service
05-20 18:26:58.765 V/EmulatedCamera_Camera( 1327): getCameraInfo
05-20 18:26:58.767 V/EmulatedCamera_BaseCamera( 1327): getCameraInfo
05-20 18:26:58.767 I/CameraService( 1327): getCameraCharacteristics: Switching to HAL1 shim implementation...
05-20 18:26:58.768 V/EmulatedCamera_Camera( 1327): getCameraInfo
05-20 18:26:58.768 V/EmulatedCamera_BaseCamera( 1327): getCameraInfo
05-20 18:26:58.826 I/CameraService( 1327): CameraService::connect call (PID -1 "cameraserver", camera ID 0) for HAL version default and Camera API version 1
05-20 18:26:58.939 E/CameraService( 1327): getCameraPriorityFromProcState: Received invalid process state -1 from ActivityManagerService!
05-20 18:26:59.042 V/EmulatedCamera_Camera( 1327): getCameraInfo
05-20 18:26:59.042 V/EmulatedCamera_BaseCamera( 1327): getCameraInfo
05-20 18:26:59.658 E/WVMExtractor( 1336): Failed to open libwvm.so: dlopen failed: library "libwvm.so" not found
05-20 18:27:00.363 D/NuPlayerDriver( 1336): notifyListener_l(0xe65a8ea0), (1, 0, 0), loop setting(0, 0)
05-20 18:27:00.644 D/NuPlayerDriver( 1336): notifyListener_l(0xe65a8ba0), (1, 0, 0), loop setting(0, 0)
05-20 18:27:00.934 D/NuPlayerDriver( 1336): notifyListener_l(0xe4d93300), (1, 0, 0), loop setting(0, 0)
05-20 18:27:01.066 I/CameraFlashlight( 1327): Opening camera 0
05-20 18:27:01.066 V/EmulatedCamera_Camera( 1327): getCameraInfo
05-20 18:27:01.066 V/EmulatedCamera_BaseCamera( 1327): getCameraInfo
05-20 18:27:01.066 V/EmulatedCamera_Camera( 1327): connectCamera
05-20 18:27:01.066 V/EmulatedCamera_FakeDevice( 1327): connectDevice
05-20 18:27:01.066 V/EmulatedCamera_CallbackNotifier( 1327): setCallbacks: 0xf3f0ce80, 0xf3f0ced0, 0xf3f0cff0, 0xf3f0d110 (0xf32101e0)
05-20 18:27:01.067 V/EmulatedCamera_CallbackNotifier( 1327): enableMessage: msg_type = 0xc0d
05-20 18:27:01.067 V/EmulatedCamera_CallbackNotifier( 1327):     CAMERA_MSG_ERROR
05-20 18:27:01.067 V/EmulatedCamera_CallbackNotifier( 1327):     CAMERA_MSG_FOCUS
05-20 18:27:01.067 V/EmulatedCamera_CallbackNotifier( 1327):     CAMERA_MSG_ZOOM
05-20 18:27:01.067 V/EmulatedCamera_CallbackNotifier( 1327):     CAMERA_MSG_PREVIEW_METADATA
05-20 18:27:01.067 V/EmulatedCamera_CallbackNotifier( 1327): **** Currently enabled messages:
05-20 18:27:01.067 V/EmulatedCamera_CallbackNotifier( 1327):     CAMERA_MSG_ERROR
05-20 18:27:01.067 V/EmulatedCamera_CallbackNotifier( 1327):     CAMERA_MSG_FOCUS
05-20 18:27:01.067 V/EmulatedCamera_CallbackNotifier( 1327):     CAMERA_MSG_ZOOM
05-20 18:27:01.067 V/EmulatedCamera_CallbackNotifier( 1327):     CAMERA_MSG_PREVIEW_METADATA
05-20 18:27:01.092 V/EmulatedCamera_CallbackNotifier( 1327): disableMessage: msg_type = 0xffff
05-20 18:27:01.092 V/EmulatedCamera_CallbackNotifier( 1327):     CAMERA_MSG_ERROR
05-20 18:27:01.092 V/EmulatedCamera_CallbackNotifier( 1327):     CAMERA_MSG_SHUTTER
05-20 18:27:01.092 V/EmulatedCamera_CallbackNotifier( 1327):     CAMERA_MSG_FOCUS
05-20 18:27:01.092 V/EmulatedCamera_CallbackNotifier( 1327):     CAMERA_MSG_ZOOM
05-20 18:27:01.092 V/EmulatedCamera_CallbackNotifier( 1327):     CAMERA_MSG_PREVIEW_FRAME
05-20 18:27:01.092 V/EmulatedCamera_CallbackNotifier( 1327):     CAMERA_MSG_VIDEO_FRAME
05-20 18:27:01.092 V/EmulatedCamera_CallbackNotifier( 1327):     CAMERA_MSG_POSTVIEW_FRAME
05-20 18:27:01.092 V/EmulatedCamera_CallbackNotifier( 1327):     CAMERA_MSG_RAW_IMAGE
05-20 18:27:01.092 V/EmulatedCamera_CallbackNotifier( 1327):     CAMERA_MSG_COMPRESSED_IMAGE
05-20 18:27:01.092 V/EmulatedCamera_CallbackNotifier( 1327):     CAMERA_MSG_RAW_IMAGE_NOTIFY
05-20 18:27:01.092 V/EmulatedCamera_CallbackNotifier( 1327):     CAMERA_MSG_PREVIEW_METADATA
05-20 18:27:01.092 V/EmulatedCamera_CallbackNotifier( 1327): **** Currently enabled messages:
05-20 18:27:01.093 V/EmulatedCamera_Preview( 1327): setPreviewWindow: current: 0x0 -> new: 0x0
05-20 18:27:01.093 V/EmulatedCamera_Camera( 1327): doStopPreview
05-20 18:27:01.095 V/EmulatedCamera_Camera( 1327): cancelPicture
05-20 18:27:01.095 V/EmulatedCamera_Camera( 1327): releaseCamera
05-20 18:27:01.095 V/EmulatedCamera_Camera( 1327): doStopPreview
05-20 18:27:01.095 V/EmulatedCamera_FakeDevice( 1327): disconnectDevice
05-20 18:27:01.095 W/EmulatedCamera_Device( 1327): Initialize: Emulated camera device is already initialized: mState = 1
05-20 18:27:01.095 D/EmulatedCamera_FakeCamera( 1327): Initialize: Fake camera is facing back
05-20 18:27:01.123 V/EmulatedCamera_Device( 1327): initializeWhiteBalanceModes with auto, 1.000000, 1.000000
05-20 18:27:01.124 V/EmulatedCamera_Device( 1327): initializeWhiteBalanceModes with incandescent, 1.380000, 0.600000
05-20 18:27:01.124 V/EmulatedCamera_Device( 1327): initializeWhiteBalanceModes with daylight, 1.090000, 0.920000
05-20 18:27:01.124 V/EmulatedCamera_Device( 1327): initializeWhiteBalanceModes with twilight, 0.920000, 1.220000
05-20 18:27:01.124 V/EmulatedCamera_Device( 1327): setWhiteBalanceMode with white balance auto
05-20 18:27:01.125 I/CameraFlashlight( 1327): Destroying camera 0
05-20 18:27:01.125 V/EmulatedCamera_Camera( 1327): closeCamera
05-20 18:27:01.125 V/EmulatedCamera_Camera( 1327): doStopPreview
05-20 18:27:01.125 W/EmulatedCamera_Device( 1327): Initialize: Emulated camera device is already initialized: mState = 1
05-20 18:27:01.125 D/EmulatedCamera_FakeCamera( 1327): Initialize: Fake camera is facing back
05-20 18:27:01.126 V/EmulatedCamera_Device( 1327): initializeWhiteBalanceModes with auto, 1.000000, 1.000000
05-20 18:27:01.126 V/EmulatedCamera_Device( 1327): initializeWhiteBalanceModes with incandescent, 1.380000, 0.600000
05-20 18:27:01.126 V/EmulatedCamera_Device( 1327): initializeWhiteBalanceModes with daylight, 1.090000, 0.920000
05-20 18:27:01.126 V/EmulatedCamera_Device( 1327): initializeWhiteBalanceModes with twilight, 0.920000, 1.220000
05-20 18:27:01.126 V/EmulatedCamera_Device( 1327): setWhiteBalanceMode with white balance auto
05-20 18:27:01.167 I/CameraService( 1327): disconnect: Disconnected client for camera 0 for PID 1327
05-20 18:27:01.168 D/NuPlayerDriver( 1336): reset(0xe65a8ea0) at state 4
05-20 18:27:01.168 D/NuPlayerDriver( 1336): notifyListener_l(0xe65a8ea0), (8, 0, 0), loop setting(0, 0)
05-20 18:27:01.223 D/NuPlayerDriver( 1336): notifyResetComplete(0xe65a8ea0)
05-20 18:27:01.253 D/NuPlayerDriver( 1336): reset(0xe65a8ba0) at state 4
05-20 18:27:01.253 D/NuPlayerDriver( 1336): notifyListener_l(0xe65a8ba0), (8, 0, 0), loop setting(0, 0)
05-20 18:27:01.285 D/NuPlayerDriver( 1336): notifyResetComplete(0xe65a8ba0)
05-20 18:27:01.358 D/NuPlayerDriver( 1336): reset(0xe4d93300) at state 4
05-20 18:27:01.358 D/NuPlayerDriver( 1336): notifyListener_l(0xe4d93300), (8, 0, 0), loop setting(0, 0)
05-20 18:27:01.372 E/ActivityThread( 3019): Failed to find provider info for com.android.contacts
05-20 18:27:01.373 W/CallerInfoCache( 3019): cursor is null
05-20 18:27:01.379 W/art     ( 2601): Long monitor contention with owner ConditionProviders.ECP (2786) at void com.android.server.AlarmManagerService.setImpl(int, long, long, long, android.app.PendingIntent, android.app.IAlarmListener, java.lang.String, int, android.os.WorkSource, android.app.AlarmManager$AlarmClockInfo, int, java.lang.String)(AlarmManagerService.java:1072) waiters=0 in boolean com.android.server.AlarmManagerService$2.setTime(long) for 3.378s
05-20 18:27:01.382 D/NuPlayerDriver( 1336): notifyResetComplete(0xe4d93300)
05-20 18:27:01.480 V/EmulatedCamera_Camera( 1327): getCameraInfo
05-20 18:27:01.481 V/EmulatedCamera_BaseCamera( 1327): getCameraInfo
05-20 18:27:01.494 V/EmulatedCamera_Camera( 1327): getCameraInfo
05-20 18:27:01.494 V/EmulatedCamera_BaseCamera( 1327): getCameraInfo
05-20 18:27:01.530 D/AlarmManagerService( 2601): Setting time of day to sec=1621535218
05-20 18:26:58.058 W/AlarmManagerService( 2601): Unable to set rtc to 1621535218: No such device
05-20 18:26:58.233 W/art     ( 2601): Long monitor contention with owner Binder:2601_6 (3068) at int com.android.server.am.ActivityManagerService.broadcastIntent(android.app.IApplicationThread, android.content.Intent, java.lang.String, android.content.IIntentReceiver, int, java.lang.String, android.os.Bundle, java.lang.String[], int, android.os.Bundle, boolean, boolean, int)(ActivityManagerService.java:18551) waiters=1 in void com.android.server.am.BroadcastQueue.processNextBroadcast(boolean) for 158ms
05-20 18:26:58.754 D/ConditionProviders.SCP( 2601): onReceive android.intent.action.TIME_SET
05-20 18:26:58.766 D/ConditionProviders.SCP( 2601): notifyCondition condition://android/schedule?days=6.7&start=23.30&end=10.0&exitAtAlarm=false STATE_FALSE reason=!meetsSchedule
05-20 18:26:58.802 D/ConditionProviders.SCP( 2601): notifyCondition condition://android/schedule?days=1.2.3.4.5&start=22.0&end=7.0&exitAtAlarm=false STATE_FALSE reason=!meetsSchedule
05-20 18:26:58.835 D/ConditionProviders.SCP( 2601): Scheduling evaluate for Thu May 20 22:00:00 UTC 2021 (1621548000000), in +3h33m1s245ms, now=Thu May 20 18:26:58 UTC 2021 (1621535218755)
05-20 18:26:58.944 I/StatusBar( 2821): isKeyguardShowing() called before startKeyguard(), returning true
05-20 18:26:58.946 W/StatusBar( 2821): isKeyguardSecure() called before startKeyguard(), returning false
05-20 18:26:58.946 W/StatusBar( 2821): java.lang.Throwable
05-20 18:26:58.946 W/StatusBar( 2821): 	at com.android.systemui.statusbar.BaseStatusBar.isKeyguardSecure(BaseStatusBar.java:2647)
05-20 18:26:58.946 W/StatusBar( 2821): 	at com.android.systemui.statusbar.BaseStatusBar.isCameraAllowedByAdmin(BaseStatusBar.java:2670)
05-20 18:26:58.946 W/StatusBar( 2821): 	at com.android.systemui.statusbar.phone.KeyguardBottomAreaView.updateCameraVisibility(KeyguardBottomAreaView.java:309)
05-20 18:26:58.946 W/StatusBar( 2821): 	at com.android.systemui.statusbar.phone.KeyguardBottomAreaView.setPhoneStatusBar(KeyguardBottomAreaView.java:272)
05-20 18:26:58.946 W/StatusBar( 2821): 	at com.android.systemui.statusbar.phone.PhoneStatusBar.makeStatusBarView(PhoneStatusBar.java:904)
05-20 18:26:58.946 W/StatusBar( 2821): 	at com.android.systemui.statusbar.phone.PhoneStatusBar.addStatusBarWindow(PhoneStatusBar.java:3432)
05-20 18:26:58.946 W/StatusBar( 2821): 	at com.android.systemui.statusbar.phone.PhoneStatusBar.createAndAddWindows(PhoneStatusBar.java:3428)
05-20 18:26:58.946 W/StatusBar( 2821): 	at com.android.systemui.statusbar.BaseStatusBar.start(BaseStatusBar.java:765)
05-20 18:26:58.946 W/StatusBar( 2821): 	at com.android.systemui.statusbar.phone.PhoneStatusBar.start(PhoneStatusBar.java:686)
05-20 18:26:58.946 W/StatusBar( 2821): 	at com.android.systemui.statusbar.SystemBars.createStatusBarFromConfig(SystemBars.java:106)
05-20 18:26:58.946 W/StatusBar( 2821): 	at com.android.systemui.statusbar.SystemBars.onNoService(SystemBars.java:58)
05-20 18:26:58.946 W/StatusBar( 2821): 	at com.android.systemui.statusbar.ServiceMonitor.startService(ServiceMonitor.java:230)
05-20 18:26:58.946 W/StatusBar( 2821): 	at com.android.systemui.statusbar.ServiceMonitor.-wrap5(ServiceMonitor.java)
05-20 18:26:58.946 W/StatusBar( 2821): 	at com.android.systemui.statusbar.ServiceMonitor$1.handleMessage(ServiceMonitor.java:73)
05-20 18:26:58.946 W/StatusBar( 2821): 	at android.os.Handler.dispatchMessage(Handler.java:102)
05-20 18:26:58.946 W/StatusBar( 2821): 	at android.os.Looper.loop(Looper.java:154)
05-20 18:26:58.946 W/StatusBar( 2821): 	at android.app.ActivityThread.main(ActivityThread.java:6119)
05-20 18:26:58.946 W/StatusBar( 2821): 	at java.lang.reflect.Method.invoke(Native Method)
05-20 18:26:58.946 W/StatusBar( 2821): 	at com.android.internal.os.ZygoteInit$MethodAndArgsCaller.run(ZygoteInit.java:886)
05-20 18:26:58.946 W/StatusBar( 2821): 	at com.android.internal.os.ZygoteInit.main(ZygoteInit.java:776)
05-20 18:26:59.021 I/StatusBar( 2821): isKeyguardShowing() called before startKeyguard(), returning true
05-20 18:26:59.023 W/StatusBar( 2821): isKeyguardSecure() called before startKeyguard(), returning false
05-20 18:26:59.023 W/StatusBar( 2821): java.lang.Throwable
05-20 18:26:59.023 W/StatusBar( 2821): 	at com.android.systemui.statusbar.BaseStatusBar.isKeyguardSecure(BaseStatusBar.java:2647)
05-20 18:26:59.023 W/StatusBar( 2821): 	at com.android.systemui.statusbar.BaseStatusBar.isCameraAllowedByAdmin(BaseStatusBar.java:2670)
05-20 18:26:59.023 W/StatusBar( 2821): 	at com.android.systemui.statusbar.phone.KeyguardBottomAreaView.updateCameraVisibility(KeyguardBottomAreaView.java:309)
05-20 18:26:59.023 W/StatusBar( 2821): 	at com.android.systemui.statusbar.phone.KeyguardBottomAreaView.setUserSetupComplete(KeyguardBottomAreaView.java:281)
05-20 18:26:59.023 W/StatusBar( 2821): 	at com.android.systemui.statusbar.phone.PhoneStatusBar.makeStatusBarView(PhoneStatusBar.java:905)
05-20 18:26:59.023 W/StatusBar( 2821): 	at com.android.systemui.statusbar.phone.PhoneStatusBar.addStatusBarWindow(PhoneStatusBar.java:3432)
05-20 18:26:59.023 W/StatusBar( 2821): 	at com.android.systemui.statusbar.phone.PhoneStatusBar.createAndAddWindows(PhoneStatusBar.java:3428)
05-20 18:26:59.023 W/StatusBar( 2821): 	at com.android.systemui.statusbar.BaseStatusBar.start(BaseStatusBar.java:765)
05-20 18:26:59.023 W/StatusBar( 2821): 	at com.android.systemui.statusbar.phone.PhoneStatusBar.start(PhoneStatusBar.java:686)
05-20 18:26:59.023 W/StatusBar( 2821): 	at com.android.systemui.statusbar.SystemBars.createStatusBarFromConfig(SystemBars.java:106)
05-20 18:26:59.023 W/StatusBar( 2821): 	at com.android.systemui.statusbar.SystemBars.onNoService(SystemBars.java:58)
05-20 18:26:59.023 W/StatusBar( 2821): 	at com.android.systemui.statusbar.ServiceMonitor.startService(ServiceMonitor.java:230)
05-20 18:26:59.023 W/StatusBar( 2821): 	at com.android.systemui.statusbar.ServiceMonitor.-wrap5(ServiceMonitor.java)
05-20 18:26:59.023 W/StatusBar( 2821): 	at com.android.systemui.statusbar.ServiceMonitor$1.handleMessage(ServiceMonitor.java:73)
05-20 18:26:59.023 W/StatusBar( 2821): 	at android.os.Handler.dispatchMessage(Handler.java:102)
05-20 18:26:59.023 W/StatusBar( 2821): 	at android.os.Looper.loop(Looper.java:154)
05-20 18:26:59.023 W/StatusBar( 2821): 	at android.app.ActivityThread.main(ActivityThread.java:6119)
05-20 18:26:59.023 W/StatusBar( 2821): 	at java.lang.reflect.Method.invoke(Native Method)
05-20 18:26:59.023 W/StatusBar( 2821): 	at com.android.internal.os.ZygoteInit$MethodAndArgsCaller.run(ZygoteInit.java:886)
05-20 18:26:59.023 W/StatusBar( 2821): 	at com.android.internal.os.ZygoteInit.main(ZygoteInit.java:776)
05-20 18:27:00.475 D/PhoneSwitcherNetworkRequstListener( 3019): got request NetworkRequest [ REQUEST id=1, [ Capabilities: INTERNET&NOT_RESTRICTED&TRUSTED&NOT_VPN] ] with score 0
05-20 18:27:00.620 D/TelephonyDebugService( 3019): TelephonyDebugService()
05-20 18:27:00.702 D/CarrierConfigLoader( 3019): mHandler: 12 phoneId: 0
05-20 18:27:00.926 V/EmulatedCamera_Camera( 1327): getCameraInfo
05-20 18:27:00.927 V/EmulatedCamera_BaseCamera( 1327): getCameraInfo
05-20 18:27:00.930 V/EmulatedCamera_Camera( 1327): getCameraInfo
05-20 18:27:00.931 V/EmulatedCamera_BaseCamera( 1327): getCameraInfo
05-20 18:27:01.903 I/StatusBar( 2821): isKeyguardShowing() called before startKeyguard(), returning true
05-20 18:27:01.905 W/StatusBar( 2821): isKeyguardSecure() called before startKeyguard(), returning false
05-20 18:27:01.905 W/StatusBar( 2821): java.lang.Throwable
05-20 18:27:01.905 W/StatusBar( 2821): 	at com.android.systemui.statusbar.BaseStatusBar.isKeyguardSecure(BaseStatusBar.java:2647)
05-20 18:27:01.905 W/StatusBar( 2821): 	at com.android.systemui.statusbar.BaseStatusBar.isCameraAllowedByAdmin(BaseStatusBar.java:2670)
05-20 18:27:01.905 W/StatusBar( 2821): 	at com.android.systemui.statusbar.phone.KeyguardBottomAreaView.updateCameraVisibility(KeyguardBottomAreaView.java:309)
05-20 18:27:01.905 W/StatusBar( 2821): 	at com.android.systemui.statusbar.phone.KeyguardBottomAreaView.setUserSetupComplete(KeyguardBottomAreaView.java:281)
05-20 18:27:01.905 W/StatusBar( 2821): 	at com.android.systemui.statusbar.phone.PhoneStatusBar$1.onChange(PhoneStatusBar.java:441)
05-20 18:27:01.905 W/StatusBar( 2821): 	at com.android.systemui.statusbar.phone.PhoneStatusBar.resetUserSetupObserver(PhoneStatusBar.java:3676)
05-20 18:27:01.905 W/StatusBar( 2821): 	at com.android.systemui.statusbar.phone.PhoneStatusBar.makeStatusBarView(PhoneStatusBar.java:1008)
05-20 18:27:01.905 W/StatusBar( 2821): 	at com.android.systemui.statusbar.phone.PhoneStatusBar.addStatusBarWindow(PhoneStatusBar.java:3432)
05-20 18:27:01.905 W/StatusBar( 2821): 	at com.android.systemui.statusbar.phone.PhoneStatusBar.createAndAddWindows(PhoneStatusBar.java:3428)
05-20 18:27:01.905 W/StatusBar( 2821): 	at com.android.systemui.statusbar.BaseStatusBar.start(BaseStatusBar.java:765)
05-20 18:27:01.905 W/StatusBar( 2821): 	at com.android.systemui.statusbar.phone.PhoneStatusBar.start(PhoneStatusBar.java:686)
05-20 18:27:01.905 W/StatusBar( 2821): 	at com.android.systemui.statusbar.SystemBars.createStatusBarFromConfig(SystemBars.java:106)
05-20 18:27:01.905 W/StatusBar( 2821): 	at com.android.systemui.statusbar.SystemBars.onNoService(SystemBars.java:58)
05-20 18:27:01.905 W/StatusBar( 2821): 	at com.android.systemui.statusbar.ServiceMonitor.startService(ServiceMonitor.java:230)
05-20 18:27:01.905 W/StatusBar( 2821): 	at com.android.systemui.statusbar.ServiceMonitor.-wrap5(ServiceMonitor.java)
05-20 18:27:01.905 W/StatusBar( 2821): 	at com.android.systemui.statusbar.ServiceMonitor$1.handleMessage(ServiceMonitor.java:73)
05-20 18:27:01.905 W/StatusBar( 2821): 	at android.os.Handler.dispatchMessage(Handler.java:102)
05-20 18:27:01.905 W/StatusBar( 2821): 	at android.os.Looper.loop(Looper.java:154)
05-20 18:27:01.905 W/StatusBar( 2821): 	at android.app.ActivityThread.main(ActivityThread.java:6119)
05-20 18:27:01.905 W/StatusBar( 2821): 	at java.lang.reflect.Method.invoke(Native Method)
05-20 18:27:01.905 W/StatusBar( 2821): 	at com.android.internal.os.ZygoteInit$MethodAndArgsCaller.run(ZygoteInit.java:886)
05-20 18:27:01.905 W/StatusBar( 2821): 	at com.android.internal.os.ZygoteInit.main(ZygoteInit.java:776)
05-20 18:27:01.990 E/SurfaceFlinger( 1320): ro.sf.lcd_density must be defined as a build property
05-20 18:27:02.003 D/OpenGLRenderer( 2821): profile bars disabled
05-20 18:27:02.018 D/OpenGLRenderer( 2821): ambientRatio = 1.50
05-20 18:27:02.232 D/PhoneStatusBar( 2821): disable: < EXPAND* icons alerts system_info BACK* HOME* RECENT* clock SEARCH* quick_settings >
05-20 18:27:04.114 D/PhoneStatusBar( 2821): heads up is enabled
05-20 18:27:04.367 E/ActivityThread( 2601): Failed to find provider info for com.android.calendar
05-20 18:27:04.374 E/ActivityThread( 2601): Failed to find provider info for com.android.calendar
05-20 18:27:04.645 I/UsageStatsService( 2601): Time changed in UsageStats by -3 seconds
05-20 18:27:04.714 I/UsageStatsService( 2601): User[0] Flushing usage stats to disk
05-20 18:27:05.124 I/Choreographer( 3060): Skipped 39 frames!  The application may be doing too much work on its main thread.
05-20 18:27:06.489 W/art     ( 2601): Long monitor contention with owner Binder:2601_3 (2845) at int com.android.server.wm.WindowManagerService.relayoutWindow(com.android.server.wm.Session, android.view.IWindow, int, android.view.WindowManager$LayoutParams, int, int, int, int, android.graphics.Rect, android.graphics.Rect, android.graphics.Rect, android.graphics.Rect, android.graphics.Rect, android.graphics.Rect, android.graphics.Rect, android.content.res.Configuration, android.view.Surface)(WindowManagerService.java:2857) waiters=0 in void com.android.server.wm.WindowManagerService$H.handleMessage(android.os.Message) for 449ms
05-20 18:27:06.548 W/art     ( 2601): Long monitor contention with owner Binder:2601_3 (2845) at int com.android.server.wm.WindowManagerService.relayoutWindow(com.android.server.wm.Session, android.view.IWindow, int, android.view.WindowManager$LayoutParams, int, int, int, int, android.graphics.Rect, android.graphics.Rect, android.graphics.Rect, android.graphics.Rect, android.graphics.Rect, android.graphics.Rect, android.graphics.Rect, android.content.res.Configuration, android.view.Surface)(WindowManagerService.java:2857) waiters=1 in int com.android.server.wm.WindowManagerService.relayoutWindow(com.android.server.wm.Session, android.view.IWindow, int, android.view.WindowManager$LayoutParams, int, int, int, int, android.graphics.Rect, android.graphics.Rect, android.graphics.Rect, android.graphics.Rect, android.graphics.Rect, android.graphics.Rect, android.graphics.Rect, android.content.res.Configuration, android.view.Surface) for 247ms
05-20 18:27:06.778 W/art     ( 2601): Long monitor contention with owner android.ui (2634) at int com.android.server.wm.WindowManagerService.relayoutWindow(com.android.server.wm.Session, android.view.IWindow, int, android.view.WindowManager$LayoutParams, int, int, int, int, android.graphics.Rect, android.graphics.Rect, android.graphics.Rect, android.graphics.Rect, android.graphics.Rect, android.graphics.Rect, android.graphics.Rect, android.content.res.Configuration, android.view.Surface)(WindowManagerService.java:2857) waiters=1 in void com.android.server.wm.WindowManagerService.finishDrawingWindow(com.android.server.wm.Session, android.view.IWindow) for 155ms
05-20 18:27:06.862 I/Choreographer( 2821): Skipped 817 frames!  The application may be doing too much work on its main thread.
05-20 18:27:07.169 I/SurfaceFlinger( 1320): Boot is finished (204670 ms)
05-20 18:27:07.203 V/KeyguardServiceDelegate( 2601): *** Keyguard connected (yay!)
05-20 18:27:07.356 D/ViewRootImpl[StatusBar]( 2821): changeCanvasOpacity: opaque=true
05-20 18:27:08.083 W/BroadcastQueue( 2601): Timeout of broadcast BroadcastRecord{c49d3ae u-1 android.intent.action.TIME_TICK} - receiver=android.os.BinderProxy@bed3db, started 10023ms ago
05-20 18:27:08.084 W/BroadcastQueue( 2601): Receiver during timeout: BroadcastFilter{428b951 u0 ReceiverList{c2f1e78 2821 com.android.systemui/10021/u0 remote:bed3db}}
05-20 18:27:08.175 I/SystemServiceManager( 2601): Starting phase 1000
05-20 18:27:08.369 W/ProcessCpuTracker( 2601): Skipping unknown process pid 3227
05-20 18:27:08.475 I/Process ( 2601): Sending signal. PID: 2821 SIG: 3
05-20 18:27:08.478 I/art     ( 2821): Thread[3,tid=2829,WaitingInMainSignalCatcherLoop,Thread*=0x73cae7296400,peer=0x12c005e0,"Signal Catcher"]: reacting to signal 3
05-20 18:27:08.478 I/art     ( 2821): 
05-20 18:27:09.194 W/System  ( 3156): ClassLoader referenced unknown path: /system/priv-app/CellBroadcastReceiver/lib/x86_64
05-20 18:27:09.563 E/ActivityManager( 2601): ANR in com.android.systemui
05-20 18:27:09.563 E/ActivityManager( 2601): PID: 2821
05-20 18:27:09.563 E/ActivityManager( 2601): Reason: Broadcast of Intent { act=android.intent.action.TIME_TICK flg=0x50000014 (has extras) }
05-20 18:27:09.563 E/ActivityManager( 2601): Load: 0.0 / 0.0 / 0.0
05-20 18:27:09.563 E/ActivityManager( 2601): CPU usage from 22656ms to 0ms ago (2021-05-20 18:26:48.904 to 2021-05-20 18:27:08.086):
05-20 18:27:09.563 E/ActivityManager( 2601):   99% 1320/surfaceflinger: 33% user + 65% kernel / faults: 1895 minor
05-20 18:27:09.563 E/ActivityManager( 2601):   24% 2601/system_server: 3.8% user + 20% kernel / faults: 6962 minor 87 major
05-20 18:27:09.563 E/ActivityManager( 2601):   11% 3060/com.android.settings: 2% user + 9.4% kernel / faults: 78 minor
05-20 18:27:09.563 E/ActivityManager( 2601):   10% 2821/com.android.systemui: 1.7% user + 8.4% kernel / faults: 2801 minor 10 major
05-20 18:27:09.563 E/ActivityManager( 2601):   4.3% 3019/com.android.phone: 0.9% user + 3.4% kernel / faults: 1402 minor 18 major
05-20 18:27:09.563 E/ActivityManager( 2601):   1.8% 1973/adbd: 0% user + 1.7% kernel / faults: 1235 minor
05-20 18:27:09.563 E/ActivityManager( 2601):   1.1% 8/rcu_preempt: 0% user + 1.1% kernel
05-20 18:27:09.563 E/ActivityManager( 2601):   0.9% 1336/mediaserver: 0.1% user + 0.7% kernel / faults: 135 minor 1 major
05-20 18:27:09.563 E/ActivityManager( 2601):   0.6% 1327/cameraserver: 0% user + 0.6% kernel / faults: 87 minor
05-20 18:27:09.563 E/ActivityManager( 2601):   0.5% 1319/servicemanager: 0% user + 0.5% kernel
05-20 18:27:09.563 E/ActivityManager( 2601):   0.4% 1326/audioserver: 0% user + 0.4% kernel / faults: 1 minor
05-20 18:27:09.563 E/ActivityManager( 2601):   0.4% 1335/media.extractor: 0% user + 0.4% kernel / faults: 26 minor
05-20 18:27:09.563 E/ActivityManager( 2601):   0.3% 1267/logd: 0% user + 0.3% kernel / faults: 21 minor
05-20 18:27:09.563 E/ActivityManager( 2601):   0.3% 1324/zygote64: 0% user + 0.3% kernel / faults: 158 minor
05-20 18:27:09.563 E/ActivityManager( 2601):   0.3% 1433/logcat: 0% user + 0.2% kernel / faults: 3 minor
05-20 18:27:09.563 E/ActivityManager( 2601):   0.1% 3/ksoftirqd/0: 0% user + 0.1% kernel
05-20 18:27:09.563 E/ActivityManager( 2601):   0.1% 1255/kworker/0:1H: 0% user + 0.1% kernel
05-20 18:27:09.563 E/ActivityManager( 2601):   0.1% 1//init: 0% user + 0.1% kernel / faults: 1 minor
05-20 18:27:09.563 E/ActivityManager( 2601):   0.1% 6/kworker/u4:0: 0% user + 0.1% kernel
05-20 18:27:09.563 E/ActivityManager( 2601):   0.1% 1342/rild: 0% user + 0.1% kernel / faults: 1 minor
05-20 18:27:09.563 E/ActivityManager( 2601):   0.1% 2814/com.android.inputmethod.latin: 0% user + 0% kernel / faults: 43 minor
05-20 18:27:09.563 E/ActivityManager( 2601):   0% 12/ksoftirqd/1: 0% user + 0% kernel
05-20 18:27:09.563 E/ActivityManager( 2601):   0% 673/kworker/0:1: 0% user + 0% kernel
05-20 18:27:09.563 E/ActivityManager( 2601):   0% 1265/jbd2/vdc-8: 0% user + 0% kernel
05-20 18:27:09.563 E/ActivityManager( 2601):   0% 1329/installd: 0% user + 0% kernel
05-20 18:27:09.563 E/ActivityManager( 2601):   0% 1330/keystore: 0% user + 0% kernel
05-20 18:27:09.563 E/ActivityManager( 2601):  +0% 3156/com.android.cellbroadcastreceiver: 0% user + 0% kernel
05-20 18:27:09.563 E/ActivityManager( 2601):  +0% 3230/sh: 0% user + 0% kernel
05-20 18:27:09.563 E/ActivityManager( 2601): 100% TOTAL: 24% user + 74% kernel + 0.6% softirq
05-20 18:27:09.563 E/ActivityManager( 2601): CPU usage from 229559ms to 229559ms ago (1970-01-01 00:00:00.000 to 1970-01-01 00:00:00.000) with 0% awake:
05-20 18:27:09.563 E/ActivityManager( 2601): 0% TOTAL: 0% user + 0% kernel
05-20 18:27:09.566 I/ActivityManager( 2601): Killing 2821:com.android.systemui/u0a21 (adj -800): bg anr
05-20 18:27:10.630 D/ConnectivityService( 2601): ConnectivityService NetworkRequestInfo binderDied(NetworkRequest [ LISTEN id=5, [] ], android.os.BinderProxy@74bcdf8)
05-20 18:27:10.633 I/WindowManager( 2601): WIN DEATH: Window{61a5068 u0 StatusBar}
05-20 18:27:10.695 I/UsageStatsDatabase( 2601): Time changed by -3s473ms. files deleted: 0 files moved: 6
05-20 18:27:10.702 W/AudioService( 2601): Current remote volume controller died, unregistering
05-20 18:27:10.752 W/art     ( 2601): Long monitor contention with owner Binder:2601_2 (2619) at void com.android.server.wm.WindowState$DeathRecipient.binderDied()(WindowState.java:1806) waiters=0 in void com.android.server.wm.WindowManagerService$9.binderDied() for 113ms
05-20 18:27:10.769 I/WindowManager( 2601): WIN DEATH: Window{1d5aefe u0 AssistPreviewPanel}
05-20 18:27:10.775 V/KeyguardServiceDelegate( 2601): *** Keyguard disconnected (boo!)
05-20 18:27:10.793 W/WallpaperManagerService( 2601): Wallpaper service gone: ComponentInfo{com.android.systemui/com.android.systemui.ImageWallpaper}
05-20 18:27:10.798 I/ActivityManager( 2601): Process com.android.systemui (pid 2821) has died
05-20 18:27:10.810 I/WindowManager( 2601): WIN DEATH: Window{881a8ac u0 NavigationBar}
05-20 18:27:10.817 D/ActivityManager( 2601): cleanUpApplicationRecord -- 2821
05-20 18:27:10.821 W/ActivityManager( 2601): Scheduling restart of crashed service com.android.systemui/.ImageWallpaper in 0ms
05-20 18:27:10.833 W/art     ( 2601): Suspending all threads took: 6.786ms
05-20 18:27:10.836 W/InputDispatcher( 2601): channel '42a4edc DockedStackDivider (server)' ~ Consumer closed input channel or an error occurred.  events=0x9
05-20 18:27:10.836 E/InputDispatcher( 2601): channel '42a4edc DockedStackDivider (server)' ~ Channel is unrecoverably broken and will be disposed!
05-20 18:27:10.842 W/InputDispatcher( 2601): channel '2ca522d com.android.systemui.ImageWallpaper (server)' ~ Consumer closed input channel or an error occurred.  events=0x9
05-20 18:27:10.842 E/InputDispatcher( 2601): channel '2ca522d com.android.systemui.ImageWallpaper (server)' ~ Channel is unrecoverably broken and will be disposed!
05-20 18:27:10.877 W/VolumeController( 2601): Error calling dismiss
05-20 18:27:10.877 W/VolumeController( 2601): android.os.DeadObjectException
05-20 18:27:10.877 W/VolumeController( 2601): 	at android.os.BinderProxy.transactNative(Native Method)
05-20 18:27:10.877 W/VolumeController( 2601): 	at android.os.BinderProxy.transact(Binder.java:615)
05-20 18:27:10.877 W/VolumeController( 2601): 	at android.media.IVolumeController$Stub$Proxy.dismiss(IVolumeController.java:162)
05-20 18:27:10.877 W/VolumeController( 2601): 	at com.android.server.audio.AudioService$VolumeController.postDismiss(AudioService.java:6138)
05-20 18:27:10.877 W/VolumeController( 2601): 	at com.android.server.audio.AudioService.setVolumeController(AudioService.java:5986)
05-20 18:27:10.877 W/VolumeController( 2601): 	at com.android.server.audio.AudioService$4.binderDied(AudioService.java:5995)
05-20 18:27:10.877 W/VolumeController( 2601): 	at android.os.BinderProxy.sendDeathNotice(Binder.java:688)
05-20 18:27:10.925 W/WindowManager( 2601): Failed to report 'resized' to the client of Window{2ca522d u0 com.android.systemui.ImageWallpaper}, removing this window.
05-20 18:27:10.928 E/ConnectivityService( 2601): RemoteException caught trying to send a callback msg for NetworkRequest [ LISTEN id=5, [] ]
05-20 18:27:10.928 W/ActivityManager( 2601): Scheduling restart of crashed service com.android.systemui/.keyguard.KeyguardService in 0ms
05-20 18:27:10.929 W/ActivityManager( 2601): Scheduling restart of crashed service com.android.systemui/.SystemUIService in 0ms
05-20 18:27:10.933 W/ActivityManager( 2601): Re-adding persistent process ProcessRecord{cf6e837 2821:com.android.systemui/u0a21}
05-20 18:27:11.026 W/InputDispatcher( 2601): Attempted to unregister already unregistered input channel '2ca522d com.android.systemui.ImageWallpaper (server)'
05-20 18:27:11.059 W/art     ( 2601): Long monitor contention with owner Binder:2601_2 (2619) at void com.android.server.wm.WindowState$DeathRecipient.binderDied()(WindowState.java:1806) waiters=3 in void com.android.server.wm.WindowState$DeathRecipient.binderDied() for 423ms
05-20 18:27:11.108 W/WindowManager( 2601): Failed looking up window
05-20 18:27:11.108 W/WindowManager( 2601): java.lang.IllegalArgumentException: Requested window android.os.BinderProxy@83e6144 does not exist
05-20 18:27:11.108 W/WindowManager( 2601): 	at com.android.server.wm.WindowManagerService.windowForClientLocked(WindowManagerService.java:9422)
05-20 18:27:11.108 W/WindowManager( 2601): 	at com.android.server.wm.WindowManagerService.windowForClientLocked(WindowManagerService.java:9413)
05-20 18:27:11.108 W/WindowManager( 2601): 	at com.android.server.wm.WindowState$DeathRecipient.binderDied(WindowState.java:1807)
05-20 18:27:11.108 W/WindowManager( 2601): 	at android.os.BinderProxy.sendDeathNotice(Binder.java:688)
05-20 18:27:11.108 I/WindowManager( 2601): WIN DEATH: null
05-20 18:27:11.127 W/art     ( 2601): Long monitor contention with owner Binder:2601_4 (2847) at void com.android.server.wm.WindowState$DeathRecipient.binderDied()(WindowState.java:1806) waiters=2 in void com.android.server.wm.Session.binderDied() for 352ms
05-20 18:27:11.134 W/art     ( 2601): Long monitor contention with owner Binder:2601_4 (2847) at void com.android.server.wm.WindowState$DeathRecipient.binderDied()(WindowState.java:1806) waiters=3 in void com.android.server.wm.WindowState$DeathRecipient.binderDied() for 335ms
05-20 18:27:11.170 W/ActivityManager( 2601): Slow operation: 236ms so far, now at startProcess: returned from zygote!
05-20 18:27:11.170 W/ActivityManager( 2601): Slow operation: 237ms so far, now at startProcess: done updating battery stats
05-20 18:27:11.171 W/ActivityManager( 2601): Slow operation: 238ms so far, now at startProcess: building log message
05-20 18:27:11.171 I/ActivityManager( 2601): Start proc 3242:com.android.systemui/u0a21 for restart com.android.systemui
05-20 18:27:11.171 W/ActivityManager( 2601): Slow operation: 238ms so far, now at startProcess: starting to update pids map
05-20 18:27:11.171 W/ActivityManager( 2601): Slow operation: 238ms so far, now at startProcess: done updating pids map
05-20 18:27:11.181 I/WindowManager( 2601): WIN DEATH: Window{42a4edc u0 DockedStackDivider}
05-20 18:27:11.181 W/InputDispatcher( 2601): Attempted to unregister already unregistered input channel '42a4edc DockedStackDivider (server)'
05-20 18:27:11.235 W/art     ( 3242): Unexpected CPU variant for X86 using defaults: x86_64
05-20 18:27:11.255 I/art     ( 2601): Background partial concurrent mark sweep GC freed 25736(2004KB) AllocSpace objects, 16(1400KB) LOS objects, 29% free, 9MB/13MB, paused 46.848ms total 991.297ms
05-20 18:27:11.282 W/art     ( 2601): Long monitor contention with owner Binder:2601_2 (2619) at void com.android.server.am.ActivityManagerService$AppDeathRecipient.binderDied()(ActivityManagerService.java:1475) waiters=1 in android.content.Intent com.android.server.am.ActivityManagerService.registerReceiver(android.app.IApplicationThread, java.lang.String, android.content.IIntentReceiver, android.content.IntentFilter, java.lang.String, int) for 283ms
05-20 18:27:11.361 W/BroadcastQueue( 2601): Failure sending broadcast Intent { act=android.intent.action.TIME_TICK flg=0x50000014 (has extras) }
05-20 18:27:11.361 W/BroadcastQueue( 2601): android.os.RemoteException: app.thread must not be null
05-20 18:27:11.361 W/BroadcastQueue( 2601): 	at com.android.server.am.BroadcastQueue.performReceiveLocked(BroadcastQueue.java:492)
05-20 18:27:11.361 W/BroadcastQueue( 2601): 	at com.android.server.am.BroadcastQueue.deliverToRegisteredReceiverLocked(BroadcastQueue.java:666)
05-20 18:27:11.361 W/BroadcastQueue( 2601): 	at com.android.server.am.BroadcastQueue.processNextBroadcast(BroadcastQueue.java:951)
05-20 18:27:11.361 W/BroadcastQueue( 2601): 	at com.android.server.am.ActivityManagerService.finishReceiver(ActivityManagerService.java:18662)
05-20 18:27:11.361 W/BroadcastQueue( 2601): 	at android.content.BroadcastReceiver$PendingResult.sendFinished(BroadcastReceiver.java:257)
05-20 18:27:11.361 W/BroadcastQueue( 2601): 	at android.content.BroadcastReceiver$PendingResult.finish(BroadcastReceiver.java:233)
05-20 18:27:11.361 W/BroadcastQueue( 2601): 	at android.app.LoadedApk$ReceiverDispatcher$Args.run(LoadedApk.java:1139)
05-20 18:27:11.361 W/BroadcastQueue( 2601): 	at android.os.Handler.handleCallback(Handler.java:751)
05-20 18:27:11.361 W/BroadcastQueue( 2601): 	at android.os.Handler.dispatchMessage(Handler.java:95)
05-20 18:27:11.361 W/BroadcastQueue( 2601): 	at android.os.Looper.loop(Looper.java:154)
05-20 18:27:11.361 W/BroadcastQueue( 2601): 	at com.android.server.SystemServer.run(SystemServer.java:349)
05-20 18:27:11.361 W/BroadcastQueue( 2601): 	at com.android.server.SystemServer.main(SystemServer.java:219)
05-20 18:27:11.361 W/BroadcastQueue( 2601): 	at java.lang.reflect.Method.invoke(Native Method)
05-20 18:27:11.361 W/BroadcastQueue( 2601): 	at com.android.internal.os.ZygoteInit$MethodAndArgsCaller.run(ZygoteInit.java:886)
05-20 18:27:11.361 W/BroadcastQueue( 2601): 	at com.android.internal.os.ZygoteInit.main(ZygoteInit.java:776)
05-20 18:27:11.363 W/BroadcastQueue( 2601): Failure sending broadcast Intent { act=android.intent.action.TIME_TICK flg=0x50000014 (has extras) }
05-20 18:27:11.363 W/BroadcastQueue( 2601): android.os.RemoteException: app.thread must not be null
05-20 18:27:11.363 W/BroadcastQueue( 2601): 	at com.android.server.am.BroadcastQueue.performReceiveLocked(BroadcastQueue.java:492)
05-20 18:27:11.363 W/BroadcastQueue( 2601): 	at com.android.server.am.BroadcastQueue.deliverToRegisteredReceiverLocked(BroadcastQueue.java:666)
05-20 18:27:11.363 W/BroadcastQueue( 2601): 	at com.android.server.am.BroadcastQueue.processNextBroadcast(BroadcastQueue.java:951)
05-20 18:27:11.363 W/BroadcastQueue( 2601): 	at com.android.server.am.BroadcastQueue$BroadcastHandler.handleMessage(BroadcastQueue.java:172)
05-20 18:27:11.363 W/BroadcastQueue( 2601): 	at android.os.Handler.dispatchMessage(Handler.java:102)
05-20 18:27:11.363 W/BroadcastQueue( 2601): 	at android.os.Looper.loop(Looper.java:154)
05-20 18:27:11.363 W/BroadcastQueue( 2601): 	at android.os.HandlerThread.run(HandlerThread.java:61)
05-20 18:27:11.363 W/BroadcastQueue( 2601): 	at com.android.server.ServiceThread.run(ServiceThread.java:46)
05-20 18:27:11.685 W/System  ( 3242): ClassLoader referenced unknown path: /system/priv-app/SystemUI/lib/x86_64
05-20 18:27:12.056 V/SystemUIService( 3242): Starting SystemUI services for user 0.
05-20 18:27:12.084 I/UsageStatsService( 2601): User[0] Rollover scheduled @ 2021-05-21 18:25:52(1621621552970)
05-20 18:27:12.086 W/art     ( 2601): Long monitor contention with owner android.bg (2632) at void java.io.FileDescriptor.sync()(FileDescriptor.java:-2) waiters=0 in void com.android.server.usage.UsageStatsService.setChargingState(boolean) for 3.839s
05-20 18:27:12.224 W/ActivityManager( 2601): Slow operation: 80ms so far, now at startProcess: returned from zygote!
05-20 18:27:12.224 W/ActivityManager( 2601): Slow operation: 81ms so far, now at startProcess: done updating battery stats
05-20 18:27:12.224 W/ActivityManager( 2601): Slow operation: 81ms so far, now at startProcess: building log message
05-20 18:27:12.225 I/ActivityManager( 2601): Start proc 3257:android.ext.services/u0a12 for on-hold
05-20 18:27:12.225 W/ActivityManager( 2601): Slow operation: 82ms so far, now at startProcess: starting to update pids map
05-20 18:27:12.225 W/ActivityManager( 2601): Slow operation: 82ms so far, now at startProcess: done updating pids map
05-20 18:27:12.272 D/ActivityManager( 2601): Finishing user boot 0
05-20 18:27:12.296 W/art     ( 3257): Unexpected CPU variant for X86 using defaults: x86_64
05-20 18:27:12.302 D/CryptdConnector( 2601): SND -> {3 cryptfs prepare_user_storage ! 0 0 2}
05-20 18:27:12.349 D/vold    ( 1270): e4crypt_prepare_user_storage for volume null, user 0, serial 0, flags 2
05-20 18:27:12.351 D/vold    ( 1270): Preparing: /data/system_ce/0
05-20 18:27:12.351 D/vold    ( 1270): Preparing: /data/misc_ce/0
05-20 18:27:12.351 D/vold    ( 1270): Preparing: /data/media/0
05-20 18:27:12.351 D/vold    ( 1270): Preparing: /data/data
05-20 18:27:12.353 D/CryptdConnector( 2601): RCV <- {200 3 Command succeeded}
05-20 18:27:12.358 V/UserManagerService( 2601): Found /data/user/0 with serial number 0
05-20 18:27:12.359 V/UserManagerService( 2601): Found /data/system_ce/0 with serial number 0
05-20 18:27:12.369 V/PackageManager( 2601): reconcileAppsData for null u0 0x2
05-20 18:27:12.395 I/SyncManager( 2601): Got SyncJobService instance.
05-20 18:27:12.411 I/FusedLocation( 2601): engine started (com.android.location.fused)
05-20 18:27:14.013 E/NetdConnector( 2601): NDC Command {18 firewall disable_chain standby} took too long (1518ms)
05-20 18:27:14.167 W/ifconfig( 3277): type=1400 audit(0.0:10): avc: denied { ioctl } for path="socket:[15139]" dev="sockfs" ino=15139 ioctlcmd=8927 scontext=u:r:shell:s0 tcontext=u:r:shell:s0 tclass=udp_socket permissive=0
05-20 18:27:14.207 W/ifconfig( 3277): type=1400 audit(0.0:11): avc: denied { ioctl } for path="socket:[15139]" dev="sockfs" ino=15139 ioctlcmd=891d scontext=u:r:shell:s0 tcontext=u:r:shell:s0 tclass=udp_socket permissive=0
05-20 18:27:14.207 W/ifconfig( 3277): type=1400 audit(0.0:12): avc: denied { ioctl } for path="socket:[15139]" dev="sockfs" ino=15139 ioctlcmd=8970 scontext=u:r:shell:s0 tcontext=u:r:shell:s0 tclass=udp_socket permissive=0
05-20 18:27:15.813 V/PackageManager( 2601): reconcileAppsData finished 81 packages
05-20 18:27:15.822 W/art     ( 2601): Long monitor contention with owner android.display (2645) at void com.android.server.am.ActivityManagerService.finishBooting()(ActivityManagerService.java:6823) waiters=0 in android.content.pm.UserInfo com.android.server.am.UserController.getCurrentUser() for 3.603s
05-20 18:27:15.868 W/art     ( 2601): Long monitor contention with owner android.display (2645) at void com.android.server.am.ActivityManagerService.finishBooting()(ActivityManagerService.java:6823) waiters=1 in com.android.server.am.ProcessRecord com.android.server.am.ActivityManagerService.findAppProcess(android.os.IBinder, java.lang.String) for 3.616s
05-20 18:27:15.869 W/art     ( 2601): Long monitor contention with owner android.display (2645) at void com.android.server.am.ActivityManagerService.finishBooting()(ActivityManagerService.java:6823) waiters=2 in void com.android.server.am.BroadcastQueue.processNextBroadcast(boolean) for 3.594s
05-20 18:27:15.872 D/MountService( 2601): onUnlockUser 0
05-20 18:27:15.874 D/VoldConnector( 2601): SND -> {8 volume user_started 0}
05-20 18:27:15.926 W/art     ( 2601): Long monitor contention with owner android.display (2645) at void com.android.server.am.ActivityManagerService.finishBooting()(ActivityManagerService.java:6823) waiters=3 in void com.android.server.am.ActivityManagerService.attachApplication(android.app.IApplicationThread) for 3.545s
05-20 18:27:16.072 D/vold    ( 1270): Linking /storage/emulated/0 to /mnt/user/0/primary
05-20 18:27:16.075 D/VoldConnector( 2601): RCV <- {200 8 Command succeeded}
05-20 18:27:16.128 D/MountService( 2601): Volume public:253,48 broadcasting mounted to UserHandle{0}
05-20 18:27:16.373 W/art     ( 2601): Long monitor contention with owner Binder:2601_4 (2847) at void com.android.server.am.ActivityManagerService.attachApplication(android.app.IApplicationThread)(ActivityManagerService.java:6669) waiters=1 in android.content.Intent com.android.server.am.ActivityManagerService.registerReceiver(android.app.IApplicationThread, java.lang.String, android.content.IIntentReceiver, android.content.IntentFilter, java.lang.String, int) for 366ms
05-20 18:27:16.417 D/MountService( 2601): Volume emulated broadcasting mounted to UserHandle{0}
05-20 18:27:16.407 W/art     ( 2601): Long monitor contention with owner Binder:2601_4 (2847) at void com.android.server.am.ActivityManagerService.attachApplication(android.app.IApplicationThread)(ActivityManagerService.java:6669) waiters=3 in void com.android.server.am.ActivityManagerService.dispatchProcessesChanged() for 241ms
05-20 18:27:17.015 V/MediaRouter( 3242): Adding route: RouteInfo{ name=Phone, description=null, status=null, category=RouteCategory{ name=null types=ROUTE_TYPE_LIVE_AUDIO ROUTE_TYPE_LIVE_VIDEO  groupable=false }, supportedTypes=ROUTE_TYPE_LIVE_AUDIO ROUTE_TYPE_LIVE_VIDEO , presentationDisplay=null }
05-20 18:27:17.191 V/BackupManagerService( 2601): No ancestral data
05-20 18:27:17.271 W/System  ( 3257): ClassLoader referenced unknown path: /system/priv-app/ExtServices/lib/x86_64
05-20 18:27:17.366 I/BackupManagerService( 2601): Package jp.jaxa.iss.kibo.rpc.sampleapk not installed; dropping from full backup
05-20 18:27:17.746 V/MediaRouter( 3242): Updating audio routes: AudioRoutesInfo{ type=SPEAKER }
05-20 18:27:17.763 V/BackupManagerService( 2601): Starting with transport android/com.android.internal.backup.LocalTransport
05-20 18:27:17.763 V/BackupManagerService( 2601): Found transports: 1
05-20 18:27:17.764 W/BackupManagerService( 2601): Proposed transport ComponentInfo{android/com.android.internal.backup.LocalTransportService} not whitelisted; ignoring
05-20 18:27:17.871 I/BackupManagerService( 2601): Backup enabled => false
05-20 18:27:17.937 V/MediaRouter( 3242): Selecting route: RouteInfo{ name=Phone, description=null, status=null, category=RouteCategory{ name=null types=ROUTE_TYPE_LIVE_AUDIO ROUTE_TYPE_LIVE_VIDEO  groupable=false }, supportedTypes=ROUTE_TYPE_LIVE_AUDIO ROUTE_TYPE_LIVE_VIDEO , presentationDisplay=null }
05-20 18:27:18.227 W/RichInputConnection( 2814): Slow InputConnection: GET_TEXT_BEFORE_CURSOR took 472 ms.
05-20 18:27:18.258 I/InputAttributes( 2814): InputType.TYPE_NULL is specified
05-20 18:27:18.452 D/TrustManagerService( 2601): Removing dead TrustListener.
05-20 18:27:18.509 W/VoiceInteractionManagerService( 2601): no available voice interaction services found for user 0
05-20 18:27:18.509 W/VoiceInteractionManagerService( 2601): no available voice recognition services found for user 0
05-20 18:27:18.512 I/ActivityManager( 2601): Loading recents for user 0 into memory.
05-20 18:27:18.568 D/ActivityManager( 2601): Sending BOOT_COMPLETE user #0
05-20 18:27:18.782 W/ActivityManager( 2601): Slow operation: 206ms so far, now at startProcess: returned from zygote!
05-20 18:27:18.783 W/ActivityManager( 2601): Slow operation: 207ms so far, now at startProcess: done updating battery stats
05-20 18:27:18.783 W/ActivityManager( 2601): Slow operation: 207ms so far, now at startProcess: building log message
05-20 18:27:18.784 I/ActivityManager( 2601): Start proc 3307:com.android.deskclock/u0a31 for broadcast com.android.deskclock/.AlarmInitReceiver
05-20 18:27:18.784 W/ActivityManager( 2601): Slow operation: 208ms so far, now at startProcess: starting to update pids map
05-20 18:27:18.784 W/ActivityManager( 2601): Slow operation: 208ms so far, now at startProcess: done updating pids map
05-20 18:27:18.784 W/ActivityManager( 2601): Slow operation: 211ms so far, now at startProcess: done starting proc!
05-20 18:27:18.785 W/art     ( 2601): Long monitor contention with owner Binder:2601_2 (2619) at void com.android.server.am.BroadcastQueue.processNextBroadcast(boolean)(BroadcastQueue.java:760) waiters=0 in void com.android.server.am.ActivityManagerService.dispatchUidsChanged() for 209ms
05-20 18:27:18.786 W/art     ( 2601): Long monitor contention with owner Binder:2601_2 (2619) at void com.android.server.am.BroadcastQueue.processNextBroadcast(boolean)(BroadcastQueue.java:760) waiters=1 in void com.android.server.am.ActivityManagerService$MainHandler.handleMessage(android.os.Message) for 170ms
05-20 18:27:18.944 W/art     ( 2601): Long monitor contention with owner ActivityManager (2633) at void com.android.server.am.BroadcastQueue.processNextBroadcast(boolean)(BroadcastQueue.java:760) waiters=1 in void com.android.server.am.ActivityManagerService.trimApplications() for 126ms
05-20 18:27:18.986 W/art     ( 3307): Unexpected CPU variant for X86 using defaults: x86_64
05-20 18:27:18.995 D/FallbackHome( 3060): User unlocked and real home found; let's go!
05-20 18:27:19.130 I/ActivityManager( 2601): START u0 {act=android.intent.action.MAIN cat=[android.intent.category.HOME] flg=0x10000100 cmp=com.android.launcher3/.Launcher} from uid 0 on display 0
