05-20 18:25:05.246 E/Hyphenator( 1325): 	... 6 more
05-20 18:25:05.247 E/Hyphenator( 1325): error loading hyphenation /system/usr/hyphen-data/hyph-hi.hyb
05-20 18:25:05.247 E/Hyphenator( 1325): java.io.FileNotFoundException: /system/usr/hyphen-data/hyph-hi.hyb: open failed: ENOENT (No such file or directory)
05-20 18:25:05.247 E/Hyphenator( 1325): 	at libcore.io.IoBridge.open(IoBridge.java:455)
05-20 18:25:05.247 E/Hyphenator( 1325): 	at java.io.RandomAccessFile.<init>(RandomAccessFile.java:247)
05-20 18:25:05.247 E/Hyphenator( 1325): 	at android.text.Hyphenator.loadHyphenator(Hyphenator.java:118)
05-20 18:25:05.247 E/Hyphenator( 1325): 	at android.text.Hyphenator.init(Hyphenator.java:224)
05-20 18:25:05.247 E/Hyphenator( 1325): 	at com.android.internal.os.ZygoteInit.preloadTextResources(ZygoteInit.java:252)
05-20 18:25:05.247 E/Hyphenator( 1325): 	at com.android.internal.os.ZygoteInit.preload(ZygoteInit.java:206)
05-20 18:25:05.247 E/Hyphenator( 1325): 	at com.android.internal.os.ZygoteInit.main(ZygoteInit.java:743)
05-20 18:25:05.247 E/Hyphenator( 1325): Caused by: android.system.ErrnoException: open failed: ENOENT (No such file or directory)
05-20 18:25:05.247 E/Hyphenator( 1325): 	at libcore.io.Posix.open(Native Method)
05-20 18:25:05.247 E/Hyphenator( 1325): 	at libcore.io.BlockGuardOs.open(BlockGuardOs.java:187)
05-20 18:25:05.247 E/Hyphenator( 1325): 	at libcore.io.IoBridge.open(IoBridge.java:441)
05-20 18:25:05.247 E/Hyphenator( 1325): 	... 6 more
05-20 18:25:05.249 E/Hyphenator( 1325): error loading hyphenation /system/usr/hyphen-data/hyph-hr.hyb
05-20 18:25:05.249 E/Hyphenator( 1325): java.io.FileNotFoundException: /system/usr/hyphen-data/hyph-hr.hyb: open failed: ENOENT (No such file or directory)
05-20 18:25:05.249 E/Hyphenator( 1325): 	at libcore.io.IoBridge.open(IoBridge.java:455)
05-20 18:25:05.249 E/Hyphenator( 1325): 	at java.io.RandomAccessFile.<init>(RandomAccessFile.java:247)
05-20 18:25:05.249 E/Hyphenator( 1325): 	at android.text.Hyphenator.loadHyphenator(Hyphenator.java:118)
05-20 18:25:05.249 E/Hyphenator( 1325): 	at android.text.Hyphenator.init(Hyphenator.java:224)
05-20 18:25:05.249 E/Hyphenator( 1325): 	at com.android.internal.os.ZygoteInit.preloadTextResources(ZygoteInit.java:252)
05-20 18:25:05.249 E/Hyphenator( 1325): 	at com.android.internal.os.ZygoteInit.preload(ZygoteInit.java:206)
05-20 18:25:05.249 E/Hyphenator( 1325): 	at com.android.internal.os.ZygoteInit.main(ZygoteInit.java:743)
05-20 18:25:05.249 E/Hyphenator( 1325): Caused by: android.system.ErrnoException: open failed: ENOENT (No such file or directory)
05-20 18:25:05.249 E/Hyphenator( 1325): 	at libcore.io.Posix.open(Native Method)
05-20 18:25:05.249 E/Hyphenator( 1325): 	at libcore.io.BlockGuardOs.open(BlockGuardOs.java:187)
05-20 18:25:05.249 E/Hyphenator( 1325): 	at libcore.io.IoBridge.open(IoBridge.java:441)
05-20 18:25:05.249 E/Hyphenator( 1325): 	... 6 more
05-20 18:25:05.319 I/Zygote  ( 1324): Warmed up JCA providers in 548ms.
05-20 18:25:05.331 E/Hyphenator( 1325): error loading hyphenation /system/usr/hyphen-data/hyph-hu.hyb
05-20 18:25:05.331 E/Hyphenator( 1325): java.io.FileNotFoundException: /system/usr/hyphen-data/hyph-hu.hyb: open failed: ENOENT (No such file or directory)
05-20 18:25:05.331 E/Hyphenator( 1325): 	at libcore.io.IoBridge.open(IoBridge.java:455)
05-20 18:25:05.331 E/Hyphenator( 1325): 	at java.io.RandomAccessFile.<init>(RandomAccessFile.java:247)
05-20 18:25:05.331 E/Hyphenator( 1325): 	at android.text.Hyphenator.loadHyphenator(Hyphenator.java:118)
05-20 18:25:05.331 E/Hyphenator( 1325): 	at android.text.Hyphenator.init(Hyphenator.java:224)
05-20 18:25:05.331 E/Hyphenator( 1325): 	at com.android.internal.os.ZygoteInit.preloadTextResources(ZygoteInit.java:252)
05-20 18:25:05.331 E/Hyphenator( 1325): 	at com.android.internal.os.ZygoteInit.preload(ZygoteInit.java:206)
05-20 18:25:05.331 E/Hyphenator( 1325): 	at com.android.internal.os.ZygoteInit.main(ZygoteInit.java:743)
05-20 18:25:05.331 E/Hyphenator( 1325): Caused by: android.system.ErrnoException: open failed: ENOENT (No such file or directory)
05-20 18:25:05.331 E/Hyphenator( 1325): 	at libcore.io.Posix.open(Native Method)
05-20 18:25:05.331 E/Hyphenator( 1325): 	at libcore.io.BlockGuardOs.open(BlockGuardOs.java:187)
05-20 18:25:05.331 E/Hyphenator( 1325): 	at libcore.io.IoBridge.open(IoBridge.java:441)
05-20 18:25:05.331 E/Hyphenator( 1325): 	... 6 more
05-20 18:25:05.333 E/Hyphenator( 1325): error loading hyphenation /system/usr/hyphen-data/hyph-hy.hyb
05-20 18:25:05.333 E/Hyphenator( 1325): java.io.FileNotFoundException: /system/usr/hyphen-data/hyph-hy.hyb: open failed: ENOENT (No such file or directory)
05-20 18:25:05.333 E/Hyphenator( 1325): 	at libcore.io.IoBridge.open(IoBridge.java:455)
05-20 18:25:05.333 E/Hyphenator( 1325): 	at java.io.RandomAccessFile.<init>(RandomAccessFile.java:247)
05-20 18:25:05.333 E/Hyphenator( 1325): 	at android.text.Hyphenator.loadHyphenator(Hyphenator.java:118)
05-20 18:25:05.333 E/Hyphenator( 1325): 	at android.text.Hyphenator.init(Hyphenator.java:224)
05-20 18:25:05.333 E/Hyphenator( 1325): 	at com.android.internal.os.ZygoteInit.preloadTextResources(ZygoteInit.java:252)
05-20 18:25:05.333 E/Hyphenator( 1325): 	at com.android.internal.os.ZygoteInit.preload(ZygoteInit.java:206)
05-20 18:25:05.333 E/Hyphenator( 1325): 	at com.android.internal.os.ZygoteInit.main(ZygoteInit.java:743)
05-20 18:25:05.333 E/Hyphenator( 1325): Caused by: android.system.ErrnoException: open failed: ENOENT (No such file or directory)
05-20 18:25:05.333 E/Hyphenator( 1325): 	at libcore.io.Posix.open(Native Method)
05-20 18:25:05.333 E/Hyphenator( 1325): 	at libcore.io.BlockGuardOs.open(BlockGuardOs.java:187)
05-20 18:25:05.333 E/Hyphenator( 1325): 	at libcore.io.IoBridge.open(IoBridge.java:441)
05-20 18:25:05.333 E/Hyphenator( 1325): 	... 6 more
05-20 18:25:05.335 E/Hyphenator( 1325): error loading hyphenation /system/usr/hyphen-data/hyph-kn.hyb
05-20 18:25:05.335 E/Hyphenator( 1325): java.io.FileNotFoundException: /system/usr/hyphen-data/hyph-kn.hyb: open failed: ENOENT (No such file or directory)
05-20 18:25:05.335 E/Hyphenator( 1325): 	at libcore.io.IoBridge.open(IoBridge.java:455)
05-20 18:25:05.335 E/Hyphenator( 1325): 	at java.io.RandomAccessFile.<init>(RandomAccessFile.java:247)
05-20 18:25:05.335 E/Hyphenator( 1325): 	at android.text.Hyphenator.loadHyphenator(Hyphenator.java:118)
05-20 18:25:05.335 E/Hyphenator( 1325): 	at android.text.Hyphenator.init(Hyphenator.java:224)
05-20 18:25:05.335 E/Hyphenator( 1325): 	at com.android.internal.os.ZygoteInit.preloadTextResources(ZygoteInit.java:252)
05-20 18:25:05.335 E/Hyphenator( 1325): 	at com.android.internal.os.ZygoteInit.preload(ZygoteInit.java:206)
05-20 18:25:05.335 E/Hyphenator( 1325): 	at com.android.internal.os.ZygoteInit.main(ZygoteInit.java:743)
05-20 18:25:05.335 E/Hyphenator( 1325): Caused by: android.system.ErrnoException: open failed: ENOENT (No such file or directory)
05-20 18:25:05.335 E/Hyphenator( 1325): 	at libcore.io.Posix.open(Native Method)
05-20 18:25:05.335 E/Hyphenator( 1325): 	at libcore.io.BlockGuardOs.open(BlockGuardOs.java:187)
05-20 18:25:05.335 E/Hyphenator( 1325): 	at libcore.io.IoBridge.open(IoBridge.java:441)
05-20 18:25:05.335 E/Hyphenator( 1325): 	... 6 more
05-20 18:25:05.336 E/Hyphenator( 1325): error loading hyphenation /system/usr/hyphen-data/hyph-ml.hyb
05-20 18:25:05.336 E/Hyphenator( 1325): java.io.FileNotFoundException: /system/usr/hyphen-data/hyph-ml.hyb: open failed: ENOENT (No such file or directory)
05-20 18:25:05.336 E/Hyphenator( 1325): 	at libcore.io.IoBridge.open(IoBridge.java:455)
05-20 18:25:05.336 E/Hyphenator( 1325): 	at java.io.RandomAccessFile.<init>(RandomAccessFile.java:247)
05-20 18:25:05.336 E/Hyphenator( 1325): 	at android.text.Hyphenator.loadHyphenator(Hyphenator.java:118)
05-20 18:25:05.336 E/Hyphenator( 1325): 	at android.text.Hyphenator.init(Hyphenator.java:224)
05-20 18:25:05.336 E/Hyphenator( 1325): 	at com.android.internal.os.ZygoteInit.preloadTextResources(ZygoteInit.java:252)
05-20 18:25:05.336 E/Hyphenator( 1325): 	at com.android.internal.os.ZygoteInit.preload(ZygoteInit.java:206)
05-20 18:25:05.336 E/Hyphenator( 1325): 	at com.android.internal.os.ZygoteInit.main(ZygoteInit.java:743)
05-20 18:25:05.336 E/Hyphenator( 1325): Caused by: android.system.ErrnoException: open failed: ENOENT (No such file or directory)
05-20 18:25:05.336 E/Hyphenator( 1325): 	at libcore.io.Posix.open(Native Method)
05-20 18:25:05.336 E/Hyphenator( 1325): 	at libcore.io.BlockGuardOs.open(BlockGuardOs.java:187)
05-20 18:25:05.336 E/Hyphenator( 1325): 	at libcore.io.IoBridge.open(IoBridge.java:441)
05-20 18:25:05.336 E/Hyphenator( 1325): 	... 6 more
05-20 18:25:05.338 E/Hyphenator( 1325): error loading hyphenation /system/usr/hyphen-data/hyph-mn-cyrl.hyb
05-20 18:25:05.338 E/Hyphenator( 1325): java.io.FileNotFoundException: /system/usr/hyphen-data/hyph-mn-cyrl.hyb: open failed: ENOENT (No such file or directory)
05-20 18:25:05.338 E/Hyphenator( 1325): 	at libcore.io.IoBridge.open(IoBridge.java:455)
05-20 18:25:05.338 E/Hyphenator( 1325): 	at java.io.RandomAccessFile.<init>(RandomAccessFile.java:247)
05-20 18:25:05.338 E/Hyphenator( 1325): 	at android.text.Hyphenator.loadHyphenator(Hyphenator.java:118)
05-20 18:25:05.338 E/Hyphenator( 1325): 	at android.text.Hyphenator.init(Hyphenator.java:224)
05-20 18:25:05.338 E/Hyphenator( 1325): 	at com.android.internal.os.ZygoteInit.preloadTextResources(ZygoteInit.java:252)
05-20 18:25:05.338 E/Hyphenator( 1325): 	at com.android.internal.os.ZygoteInit.preload(ZygoteInit.java:206)
05-20 18:25:05.338 E/Hyphenator( 1325): 	at com.android.internal.os.ZygoteInit.main(ZygoteInit.java:743)
05-20 18:25:05.338 E/Hyphenator( 1325): Caused by: android.system.ErrnoException: open failed: ENOENT (No such file or directory)
05-20 18:25:05.338 E/Hyphenator( 1325): 	at libcore.io.Posix.open(Native Method)
05-20 18:25:05.338 E/Hyphenator( 1325): 	at libcore.io.BlockGuardOs.open(BlockGuardOs.java:187)
05-20 18:25:05.338 E/Hyphenator( 1325): 	at libcore.io.IoBridge.open(IoBridge.java:441)
05-20 18:25:05.338 E/Hyphenator( 1325): 	... 6 more
05-20 18:25:05.339 E/Hyphenator( 1325): error loading hyphenation /system/usr/hyphen-data/hyph-mr.hyb
05-20 18:25:05.339 E/Hyphenator( 1325): java.io.FileNotFoundException: /system/usr/hyphen-data/hyph-mr.hyb: open failed: ENOENT (No such file or directory)
05-20 18:25:05.339 E/Hyphenator( 1325): 	at libcore.io.IoBridge.open(IoBridge.java:455)
05-20 18:25:05.339 E/Hyphenator( 1325): 	at java.io.RandomAccessFile.<init>(RandomAccessFile.java:247)
05-20 18:25:05.339 E/Hyphenator( 1325): 	at android.text.Hyphenator.loadHyphenator(Hyphenator.java:118)
05-20 18:25:05.339 E/Hyphenator( 1325): 	at android.text.Hyphenator.init(Hyphenator.java:224)
05-20 18:25:05.339 E/Hyphenator( 1325): 	at com.android.internal.os.ZygoteInit.preloadTextResources(ZygoteInit.java:252)
05-20 18:25:05.339 E/Hyphenator( 1325): 	at com.android.internal.os.ZygoteInit.preload(ZygoteInit.java:206)
05-20 18:25:05.339 E/Hyphenator( 1325): 	at com.android.internal.os.ZygoteInit.main(ZygoteInit.java:743)
05-20 18:25:05.339 E/Hyphenator( 1325): Caused by: android.system.ErrnoException: open failed: ENOENT (No such file or directory)
05-20 18:25:05.339 E/Hyphenator( 1325): 	at libcore.io.Posix.open(Native Method)
05-20 18:25:05.339 E/Hyphenator( 1325): 	at libcore.io.BlockGuardOs.open(BlockGuardOs.java:187)
05-20 18:25:05.339 E/Hyphenator( 1325): 	at libcore.io.IoBridge.open(IoBridge.java:441)
05-20 18:25:05.339 E/Hyphenator( 1325): 	... 6 more
05-20 18:25:05.370 D/Zygote  ( 1324): end preload
05-20 18:25:05.371 I/art     ( 1324): Starting a blocking GC Explicit
05-20 18:25:05.392 E/Hyphenator( 1325): error loading hyphenation /system/usr/hyphen-data/hyph-nb.hyb
05-20 18:25:05.392 E/Hyphenator( 1325): java.io.FileNotFoundException: /system/usr/hyphen-data/hyph-nb.hyb: open failed: ENOENT (No such file or directory)
05-20 18:25:05.392 E/Hyphenator( 1325): 	at libcore.io.IoBridge.open(IoBridge.java:455)
05-20 18:25:05.392 E/Hyphenator( 1325): 	at java.io.RandomAccessFile.<init>(RandomAccessFile.java:247)
05-20 18:25:05.392 E/Hyphenator( 1325): 	at android.text.Hyphenator.loadHyphenator(Hyphenator.java:118)
05-20 18:25:05.392 E/Hyphenator( 1325): 	at android.text.Hyphenator.init(Hyphenator.java:224)
05-20 18:25:05.392 E/Hyphenator( 1325): 	at com.android.internal.os.ZygoteInit.preloadTextResources(ZygoteInit.java:252)
05-20 18:25:05.392 E/Hyphenator( 1325): 	at com.android.internal.os.ZygoteInit.preload(ZygoteInit.java:206)
05-20 18:25:05.392 E/Hyphenator( 1325): 	at com.android.internal.os.ZygoteInit.main(ZygoteInit.java:743)
05-20 18:25:05.392 E/Hyphenator( 1325): Caused by: android.system.ErrnoException: open failed: ENOENT (No such file or directory)
05-20 18:25:05.392 E/Hyphenator( 1325): 	at libcore.io.Posix.open(Native Method)
05-20 18:25:05.392 E/Hyphenator( 1325): 	at libcore.io.BlockGuardOs.open(BlockGuardOs.java:187)
05-20 18:25:05.392 E/Hyphenator( 1325): 	at libcore.io.IoBridge.open(IoBridge.java:441)
05-20 18:25:05.392 E/Hyphenator( 1325): 	... 6 more
05-20 18:25:05.394 E/Hyphenator( 1325): error loading hyphenation /system/usr/hyphen-data/hyph-nn.hyb
05-20 18:25:05.394 E/Hyphenator( 1325): java.io.FileNotFoundException: /system/usr/hyphen-data/hyph-nn.hyb: open failed: ENOENT (No such file or directory)
05-20 18:25:05.394 E/Hyphenator( 1325): 	at libcore.io.IoBridge.open(IoBridge.java:455)
05-20 18:25:05.394 E/Hyphenator( 1325): 	at java.io.RandomAccessFile.<init>(RandomAccessFile.java:247)
05-20 18:25:05.394 E/Hyphenator( 1325): 	at android.text.Hyphenator.loadHyphenator(Hyphenator.java:118)
05-20 18:25:05.394 E/Hyphenator( 1325): 	at android.text.Hyphenator.init(Hyphenator.java:224)
05-20 18:25:05.394 E/Hyphenator( 1325): 	at com.android.internal.os.ZygoteInit.preloadTextResources(ZygoteInit.java:252)
05-20 18:25:05.394 E/Hyphenator( 1325): 	at com.android.internal.os.ZygoteInit.preload(ZygoteInit.java:206)
05-20 18:25:05.394 E/Hyphenator( 1325): 	at com.android.internal.os.ZygoteInit.main(ZygoteInit.java:743)
05-20 18:25:05.394 E/Hyphenator( 1325): Caused by: android.system.ErrnoException: open failed: ENOENT (No such file or directory)
05-20 18:25:05.394 E/Hyphenator( 1325): 	at libcore.io.Posix.open(Native Method)
05-20 18:25:05.394 E/Hyphenator( 1325): 	at libcore.io.BlockGuardOs.open(BlockGuardOs.java:187)
05-20 18:25:05.394 E/Hyphenator( 1325): 	at libcore.io.IoBridge.open(IoBridge.java:441)
05-20 18:25:05.394 E/Hyphenator( 1325): 	... 6 more
05-20 18:25:05.395 E/Hyphenator( 1325): error loading hyphenation /system/usr/hyphen-data/hyph-or.hyb
05-20 18:25:05.395 E/Hyphenator( 1325): java.io.FileNotFoundException: /system/usr/hyphen-data/hyph-or.hyb: open failed: ENOENT (No such file or directory)
05-20 18:25:05.395 E/Hyphenator( 1325): 	at libcore.io.IoBridge.open(IoBridge.java:455)
05-20 18:25:05.395 E/Hyphenator( 1325): 	at java.io.RandomAccessFile.<init>(RandomAccessFile.java:247)
05-20 18:25:05.395 E/Hyphenator( 1325): 	at android.text.Hyphenator.loadHyphenator(Hyphenator.java:118)
05-20 18:25:05.395 E/Hyphenator( 1325): 	at android.text.Hyphenator.init(Hyphenator.java:224)
05-20 18:25:05.395 E/Hyphenator( 1325): 	at com.android.internal.os.ZygoteInit.preloadTextResources(ZygoteInit.java:252)
05-20 18:25:05.395 E/Hyphenator( 1325): 	at com.android.internal.os.ZygoteInit.preload(ZygoteInit.java:206)
05-20 18:25:05.395 E/Hyphenator( 1325): 	at com.android.internal.os.ZygoteInit.main(ZygoteInit.java:743)
05-20 18:25:05.395 E/Hyphenator( 1325): Caused by: android.system.ErrnoException: open failed: ENOENT (No such file or directory)
05-20 18:25:05.395 E/Hyphenator( 1325): 	at libcore.io.Posix.open(Native Method)
05-20 18:25:05.395 E/Hyphenator( 1325): 	at libcore.io.BlockGuardOs.open(BlockGuardOs.java:187)
05-20 18:25:05.395 E/Hyphenator( 1325): 	at libcore.io.IoBridge.open(IoBridge.java:441)
05-20 18:25:05.395 E/Hyphenator( 1325): 	... 6 more
05-20 18:25:05.397 E/Hyphenator( 1325): error loading hyphenation /system/usr/hyphen-data/hyph-pa.hyb
05-20 18:25:05.397 E/Hyphenator( 1325): java.io.FileNotFoundException: /system/usr/hyphen-data/hyph-pa.hyb: open failed: ENOENT (No such file or directory)
05-20 18:25:05.397 E/Hyphenator( 1325): 	at libcore.io.IoBridge.open(IoBridge.java:455)
05-20 18:25:05.397 E/Hyphenator( 1325): 	at java.io.RandomAccessFile.<init>(RandomAccessFile.java:247)
05-20 18:25:05.397 E/Hyphenator( 1325): 	at android.text.Hyphenator.loadHyphenator(Hyphenator.java:118)
05-20 18:25:05.397 E/Hyphenator( 1325): 	at android.text.Hyphenator.init(Hyphenator.java:224)
05-20 18:25:05.397 E/Hyphenator( 1325): 	at com.android.internal.os.ZygoteInit.preloadTextResources(ZygoteInit.java:252)
05-20 18:25:05.397 E/Hyphenator( 1325): 	at com.android.internal.os.ZygoteInit.preload(ZygoteInit.java:206)
05-20 18:25:05.397 E/Hyphenator( 1325): 	at com.android.internal.os.ZygoteInit.main(ZygoteInit.java:743)
05-20 18:25:05.397 E/Hyphenator( 1325): Caused by: android.system.ErrnoException: open failed: ENOENT (No such file or directory)
05-20 18:25:05.397 E/Hyphenator( 1325): 	at libcore.io.Posix.open(Native Method)
05-20 18:25:05.397 E/Hyphenator( 1325): 	at libcore.io.BlockGuardOs.open(BlockGuardOs.java:187)
05-20 18:25:05.397 E/Hyphenator( 1325): 	at libcore.io.IoBridge.open(IoBridge.java:441)
05-20 18:25:05.397 E/Hyphenator( 1325): 	... 6 more
05-20 18:25:05.398 E/Hyphenator( 1325): error loading hyphenation /system/usr/hyphen-data/hyph-pt.hyb
05-20 18:25:05.398 E/Hyphenator( 1325): java.io.FileNotFoundException: /system/usr/hyphen-data/hyph-pt.hyb: open failed: ENOENT (No such file or directory)
05-20 18:25:05.398 E/Hyphenator( 1325): 	at libcore.io.IoBridge.open(IoBridge.java:455)
05-20 18:25:05.398 E/Hyphenator( 1325): 	at java.io.RandomAccessFile.<init>(RandomAccessFile.java:247)
05-20 18:25:05.398 E/Hyphenator( 1325): 	at android.text.Hyphenator.loadHyphenator(Hyphenator.java:118)
05-20 18:25:05.398 E/Hyphenator( 1325): 	at android.text.Hyphenator.init(Hyphenator.java:224)
05-20 18:25:05.398 E/Hyphenator( 1325): 	at com.android.internal.os.ZygoteInit.preloadTextResources(ZygoteInit.java:252)
05-20 18:25:05.398 E/Hyphenator( 1325): 	at com.android.internal.os.ZygoteInit.preload(ZygoteInit.java:206)
05-20 18:25:05.398 E/Hyphenator( 1325): 	at com.android.internal.os.ZygoteInit.main(ZygoteInit.java:743)
05-20 18:25:05.398 E/Hyphenator( 1325): Caused by: android.system.ErrnoException: open failed: ENOENT (No such file or directory)
05-20 18:25:05.398 E/Hyphenator( 1325): 	at libcore.io.Posix.open(Native Method)
05-20 18:25:05.398 E/Hyphenator( 1325): 	at libcore.io.BlockGuardOs.open(BlockGuardOs.java:187)
05-20 18:25:05.398 E/Hyphenator( 1325): 	at libcore.io.IoBridge.open(IoBridge.java:441)
05-20 18:25:05.398 E/Hyphenator( 1325): 	... 6 more
05-20 18:25:05.432 E/Hyphenator( 1325): error loading hyphenation /system/usr/hyphen-data/hyph-sl.hyb
05-20 18:25:05.432 E/Hyphenator( 1325): java.io.FileNotFoundException: /system/usr/hyphen-data/hyph-sl.hyb: open failed: ENOENT (No such file or directory)
05-20 18:25:05.432 E/Hyphenator( 1325): 	at libcore.io.IoBridge.open(IoBridge.java:455)
05-20 18:25:05.432 E/Hyphenator( 1325): 	at java.io.RandomAccessFile.<init>(RandomAccessFile.java:247)
05-20 18:25:05.432 E/Hyphenator( 1325): 	at android.text.Hyphenator.loadHyphenator(Hyphenator.java:118)
05-20 18:25:05.432 E/Hyphenator( 1325): 	at android.text.Hyphenator.init(Hyphenator.java:224)
05-20 18:25:05.432 E/Hyphenator( 1325): 	at com.android.internal.os.ZygoteInit.preloadTextResources(ZygoteInit.java:252)
05-20 18:25:05.432 E/Hyphenator( 1325): 	at com.android.internal.os.ZygoteInit.preload(ZygoteInit.java:206)
05-20 18:25:05.432 E/Hyphenator( 1325): 	at com.android.internal.os.ZygoteInit.main(ZygoteInit.java:743)
05-20 18:25:05.432 E/Hyphenator( 1325): Caused by: android.system.ErrnoException: open failed: ENOENT (No such file or directory)
05-20 18:25:05.432 E/Hyphenator( 1325): 	at libcore.io.Posix.open(Native Method)
05-20 18:25:05.432 E/Hyphenator( 1325): 	at libcore.io.BlockGuardOs.open(BlockGuardOs.java:187)
05-20 18:25:05.432 E/Hyphenator( 1325): 	at libcore.io.IoBridge.open(IoBridge.java:441)
05-20 18:25:05.432 E/Hyphenator( 1325): 	... 6 more
05-20 18:25:05.434 E/Hyphenator( 1325): error loading hyphenation /system/usr/hyphen-data/hyph-ta.hyb
05-20 18:25:05.434 E/Hyphenator( 1325): java.io.FileNotFoundException: /system/usr/hyphen-data/hyph-ta.hyb: open failed: ENOENT (No such file or directory)
05-20 18:25:05.434 E/Hyphenator( 1325): 	at libcore.io.IoBridge.open(IoBridge.java:455)
05-20 18:25:05.434 E/Hyphenator( 1325): 	at java.io.RandomAccessFile.<init>(RandomAccessFile.java:247)
05-20 18:25:05.434 E/Hyphenator( 1325): 	at android.text.Hyphenator.loadHyphenator(Hyphenator.java:118)
05-20 18:25:05.434 E/Hyphenator( 1325): 	at android.text.Hyphenator.init(Hyphenator.java:224)
05-20 18:25:05.434 E/Hyphenator( 1325): 	at com.android.internal.os.ZygoteInit.preloadTextResources(ZygoteInit.java:252)
05-20 18:25:05.434 E/Hyphenator( 1325): 	at com.android.internal.os.ZygoteInit.preload(ZygoteInit.java:206)
05-20 18:25:05.434 E/Hyphenator( 1325): 	at com.android.internal.os.ZygoteInit.main(ZygoteInit.java:743)
05-20 18:25:05.434 E/Hyphenator( 1325): Caused by: android.system.ErrnoException: open failed: ENOENT (No such file or directory)
05-20 18:25:05.434 E/Hyphenator( 1325): 	at libcore.io.Posix.open(Native Method)
05-20 18:25:05.434 E/Hyphenator( 1325): 	at libcore.io.BlockGuardOs.open(BlockGuardOs.java:187)
05-20 18:25:05.434 E/Hyphenator( 1325): 	at libcore.io.IoBridge.open(IoBridge.java:441)
05-20 18:25:05.434 E/Hyphenator( 1325): 	... 6 more
05-20 18:25:05.436 E/Hyphenator( 1325): error loading hyphenation /system/usr/hyphen-data/hyph-te.hyb
05-20 18:25:05.436 E/Hyphenator( 1325): java.io.FileNotFoundException: /system/usr/hyphen-data/hyph-te.hyb: open failed: ENOENT (No such file or directory)
05-20 18:25:05.436 E/Hyphenator( 1325): 	at libcore.io.IoBridge.open(IoBridge.java:455)
05-20 18:25:05.436 E/Hyphenator( 1325): 	at java.io.RandomAccessFile.<init>(RandomAccessFile.java:247)
05-20 18:25:05.436 E/Hyphenator( 1325): 	at android.text.Hyphenator.loadHyphenator(Hyphenator.java:118)
05-20 18:25:05.436 E/Hyphenator( 1325): 	at android.text.Hyphenator.init(Hyphenator.java:224)
05-20 18:25:05.436 E/Hyphenator( 1325): 	at com.android.internal.os.ZygoteInit.preloadTextResources(ZygoteInit.java:252)
05-20 18:25:05.436 E/Hyphenator( 1325): 	at com.android.internal.os.ZygoteInit.preload(ZygoteInit.java:206)
05-20 18:25:05.436 E/Hyphenator( 1325): 	at com.android.internal.os.ZygoteInit.main(ZygoteInit.java:743)
05-20 18:25:05.436 E/Hyphenator( 1325): Caused by: android.system.ErrnoException: open failed: ENOENT (No such file or directory)
05-20 18:25:05.436 E/Hyphenator( 1325): 	at libcore.io.Posix.open(Native Method)
05-20 18:25:05.436 E/Hyphenator( 1325): 	at libcore.io.BlockGuardOs.open(BlockGuardOs.java:187)
05-20 18:25:05.436 E/Hyphenator( 1325): 	at libcore.io.IoBridge.open(IoBridge.java:441)
05-20 18:25:05.436 E/Hyphenator( 1325): 	... 6 more
05-20 18:25:05.437 E/Hyphenator( 1325): error loading hyphenation /system/usr/hyphen-data/hyph-tk.hyb
05-20 18:25:05.437 E/Hyphenator( 1325): java.io.FileNotFoundException: /system/usr/hyphen-data/hyph-tk.hyb: open failed: ENOENT (No such file or directory)
05-20 18:25:05.437 E/Hyphenator( 1325): 	at libcore.io.IoBridge.open(IoBridge.java:455)
05-20 18:25:05.437 E/Hyphenator( 1325): 	at java.io.RandomAccessFile.<init>(RandomAccessFile.java:247)
05-20 18:25:05.437 E/Hyphenator( 1325): 	at android.text.Hyphenator.loadHyphenator(Hyphenator.java:118)
05-20 18:25:05.437 E/Hyphenator( 1325): 	at android.text.Hyphenator.init(Hyphenator.java:224)
05-20 18:25:05.437 E/Hyphenator( 1325): 	at com.android.internal.os.ZygoteInit.preloadTextResources(ZygoteInit.java:252)
05-20 18:25:05.437 E/Hyphenator( 1325): 	at com.android.internal.os.ZygoteInit.preload(ZygoteInit.java:206)
05-20 18:25:05.437 E/Hyphenator( 1325): 	at com.android.internal.os.ZygoteInit.main(ZygoteInit.java:743)
05-20 18:25:05.437 E/Hyphenator( 1325): Caused by: android.system.ErrnoException: open failed: ENOENT (No such file or directory)
05-20 18:25:05.437 E/Hyphenator( 1325): 	at libcore.io.Posix.open(Native Method)
05-20 18:25:05.437 E/Hyphenator( 1325): 	at libcore.io.BlockGuardOs.open(BlockGuardOs.java:187)
05-20 18:25:05.437 E/Hyphenator( 1325): 	at libcore.io.IoBridge.open(IoBridge.java:441)
05-20 18:25:05.437 E/Hyphenator( 1325): 	... 6 more
05-20 18:25:05.439 E/Hyphenator( 1325): error loading hyphenation /system/usr/hyphen-data/hyph-und-ethi.hyb
05-20 18:25:05.439 E/Hyphenator( 1325): java.io.FileNotFoundException: /system/usr/hyphen-data/hyph-und-ethi.hyb: open failed: ENOENT (No such file or directory)
05-20 18:25:05.439 E/Hyphenator( 1325): 	at libcore.io.IoBridge.open(IoBridge.java:455)
05-20 18:25:05.439 E/Hyphenator( 1325): 	at java.io.RandomAccessFile.<init>(RandomAccessFile.java:247)
05-20 18:25:05.439 E/Hyphenator( 1325): 	at android.text.Hyphenator.loadHyphenator(Hyphenator.java:118)
05-20 18:25:05.439 E/Hyphenator( 1325): 	at android.text.Hyphenator.init(Hyphenator.java:224)
05-20 18:25:05.439 E/Hyphenator( 1325): 	at com.android.internal.os.ZygoteInit.preloadTextResources(ZygoteInit.java:252)
05-20 18:25:05.439 E/Hyphenator( 1325): 	at com.android.internal.os.ZygoteInit.preload(ZygoteInit.java:206)
05-20 18:25:05.439 E/Hyphenator( 1325): 	at com.android.internal.os.ZygoteInit.main(ZygoteInit.java:743)
05-20 18:25:05.439 E/Hyphenator( 1325): Caused by: android.system.ErrnoException: open failed: ENOENT (No such file or directory)
05-20 18:25:05.439 E/Hyphenator( 1325): 	at libcore.io.Posix.open(Native Method)
05-20 18:25:05.439 E/Hyphenator( 1325): 	at libcore.io.BlockGuardOs.open(BlockGuardOs.java:187)
05-20 18:25:05.439 E/Hyphenator( 1325): 	at libcore.io.IoBridge.open(IoBridge.java:441)
05-20 18:25:05.439 E/Hyphenator( 1325): 	... 6 more
05-20 18:25:05.521 I/art     ( 1324): Explicit concurrent mark sweep GC freed 5219(301KB) AllocSpace objects, 0(0B) LOS objects, 39% free, 6MB/10MB, paused 254us total 125.061ms
05-20 18:25:05.526 I/art     ( 1324): Starting a blocking GC Explicit
05-20 18:25:05.626 I/art     ( 1324): Explicit concurrent mark sweep GC freed 7(192B) AllocSpace objects, 0(0B) LOS objects, 39% free, 6MB/10MB, paused 246us total 99.005ms
05-20 18:25:05.636 I/art     ( 1324): Starting a blocking GC HeapTrim
05-20 18:25:05.718 I/art     ( 1324): Starting a blocking GC Background
05-20 18:25:05.845 I/art     ( 1324): Background concurrent mark sweep GC freed 154(5KB) AllocSpace objects, 0(0B) LOS objects, 39% free, 6MB/10MB, paused 239us total 127.015ms
05-20 18:25:06.134 I/Zygote  ( 1325): Uninstalled ICU cache reference pinning...
05-20 18:25:06.235 I/Zygote  ( 1324): System server process 2601 has been created
05-20 18:25:06.281 I/Zygote  ( 1325): Installed AndroidKeyStoreProvider in 147ms.
05-20 18:25:06.482 W/art     ( 1325): Suspending all threads took: 18.202ms
05-20 18:25:06.550 I/art     ( 1325): Background sticky concurrent mark sweep GC freed 12503(1007KB) AllocSpace objects, 3(120KB) LOS objects, 15% free, 6MB/7MB, paused 21.650ms total 290.535ms
05-20 18:25:07.057 I/Zygote  ( 1325): Warmed up JCA providers in 776ms.
05-20 18:25:07.058 D/Zygote  ( 1325): end preload
05-20 18:25:07.058 I/art     ( 1325): Starting a blocking GC Explicit
05-20 18:25:07.182 I/Zygote  ( 1324): Accepting command socket connections
05-20 18:25:07.297 I/art     ( 1325): Explicit concurrent mark sweep GC freed 5296(268KB) AllocSpace objects, 4(164KB) LOS objects, 39% free, 6MB/10MB, paused 369us total 235.787ms
05-20 18:25:07.311 I/art     ( 1325): Starting a blocking GC Explicit
05-20 18:25:07.522 I/art     ( 1325): Explicit concurrent mark sweep GC freed 56(2080B) AllocSpace objects, 0(0B) LOS objects, 39% free, 6MB/10MB, paused 485us total 195.359ms
05-20 18:25:07.526 I/Zygote  ( 1325): Accepting command socket connections
05-20 18:25:07.595 I/Zygote  ( 2601): Process: zygote socket opened, supported ABIS: x86
05-20 18:25:07.606 I/InstallerConnection( 2601): connecting...
05-20 18:25:07.609 I/        ( 1329): new connection
05-20 18:25:08.211 I/InstallerConnection( 2601): disconnecting...
05-20 18:25:08.212 E/        ( 1329): eof
05-20 18:25:08.212 E/        ( 1329): failed to read size
05-20 18:25:08.212 I/        ( 1329): closing connection
05-20 18:25:09.936 I/SystemServer( 2601): Entered the Android system server!
05-20 18:25:12.275 I/SystemServiceManager( 2601): Starting com.android.server.pm.Installer
05-20 18:25:12.429 I/Installer( 2601): Waiting for installd to be ready.
05-20 18:25:12.461 I/InstallerConnection( 2601): connecting...
05-20 18:25:12.462 I/        ( 1329): new connection
05-20 18:25:12.464 I/SystemServiceManager( 2601): Starting com.android.server.am.ActivityManagerService$Lifecycle
05-20 18:25:13.031 I/ActivityManager( 2601): Memory class: 256
05-20 18:25:13.105 I/ServiceThread( 2601): Enabled StrictMode logging for ActivityManager looper.
05-20 18:25:13.201 I/ServiceThread( 2601): Enabled StrictMode logging for android.ui looper.
05-20 18:25:13.563 D/BatteryStatsImpl( 2601): Reading daily items from /data/system/batterystats-daily.xml
05-20 18:25:14.901 I/IntentFirewall( 2601): Read new rules (A:0 B:0 S:0)
05-20 18:25:15.071 I/ServiceThread( 2601): Enabled StrictMode logging for android.display looper.
05-20 18:25:15.138 D/AppOps  ( 2601): AppOpsService published
05-20 18:25:15.139 I/SystemServiceManager( 2601): Starting com.android.server.power.PowerManagerService
05-20 18:25:15.320 I/ServiceThread( 2601): Enabled StrictMode logging for PowerManagerService looper.
05-20 18:25:15.334 E/PowerManagerService-JNI( 2601): Couldn't load power module (No such file or directory)
05-20 18:25:15.335 W/libsuspend( 2601): Error writing 'on' to /sys/power/state: Invalid argument
05-20 18:25:15.336 I/libsuspend( 2601): Selected wakeup count
05-20 18:25:15.612 I/SystemServiceManager( 2601): Starting com.android.server.lights.LightsService
05-20 18:25:15.761 I/SystemServiceManager( 2601): Starting com.android.server.display.DisplayManagerService
05-20 18:25:15.848 I/SystemServiceManager( 2601): Starting phase 100
05-20 18:25:15.864 E/SurfaceFlinger( 1320): ro.sf.lcd_density must be defined as a build property
05-20 18:25:15.924 I/DisplayManagerService( 2601): Display device added: DisplayDeviceInfo{"Built-in Screen": uniqueId="local:0", 1080 x 1920, modeId 1, defaultModeId 1, supportedModes [{id=1, width=1080, height=1920, fps=60.000004}], colorMode 0, supportedColorModes [0], HdrCapabilities android.view.Display$HdrCapabilities@a69d6308, density 480, 480.0 x 480.0 dpi, appVsyncOff 1000000, presDeadline 16666666, touch INTERNAL, rotation 0, type BUILT_IN, state UNKNOWN, FLAG_DEFAULT_DISPLAY, FLAG_ROTATES_WITH_CONTENT, FLAG_SECURE, FLAG_SUPPORTS_PROTECTED_BUFFERS}
05-20 18:25:15.928 D/SurfaceFlinger( 1320): Set power mode=2, type=0 flinger=0x7aae98247000
05-20 18:25:15.928 D/SurfaceFlinger( 1320): Screen type=0 is already mode=2
05-20 18:25:15.934 I/SystemServer( 2601): StartPackageManagerService
05-20 18:25:15.937 I/DisplayManagerService( 2601): Display device changed state: "Built-in Screen", ON
05-20 18:25:16.608 W/SystemConfig( 2601): No directory /system/etc/sysconfig, skipping
05-20 18:25:17.031 D/SELinuxMMAC( 2601): Using policy file /system/etc/security/mac_permissions.xml
05-20 18:25:19.336 E/art     ( 2601): DexFile_getDexOptNeeded file '/system/framework/org.apache.http.legacy.jar' does not exist
05-20 18:25:19.339 W/PackageManager( 2601): Library not found: /system/framework/org.apache.http.legacy.jar
05-20 18:25:19.904 E/art     ( 2601): DexFile_getDexOptNeeded file '/system/framework/org.apache.http.legacy.jar' does not exist
05-20 18:25:19.905 W/PackageManager( 2601): Library not found: /system/framework/org.apache.http.legacy.jar
05-20 18:25:19.951 D/PackageManager( 2601): No files in app dir /vendor/overlay
05-20 18:25:21.036 W/PackageManager( 2601): Failed to parse /system/framework/oat: Missing base APK in /system/framework/oat
05-20 18:25:21.039 W/PackageManager( 2601): Failed to parse /system/framework/x86: Missing base APK in /system/framework/x86
05-20 18:25:21.121 W/PackageManager( 2601): Failed to parse /system/framework/x86_64: Missing base APK in /system/framework/x86_64
05-20 18:25:22.924 W/PackageParser( 2601): No actions in intent filter at /system/priv-app/Contacts/Contacts.apk Binary XML file line #409
05-20 18:25:24.206 W/PackageParser( 2601): No actions in intent filter at /system/priv-app/Dialer/Dialer.apk Binary XML file line #186
05-20 18:25:24.785 W/PackageManager( 2601): Permission android.permission.DOWNLOAD_WITHOUT_NOTIFICATION from package com.android.providers.downloads in an unknown group android.permission-group.NETWORK
05-20 18:25:28.965 W/PackageParser( 2601): Ignoring duplicate uses-permissions/uses-permissions-sdk-m: android.permission.USE_CREDENTIALS in package: com.android.settings at: Binary XML file line #53
05-20 18:25:28.966 W/PackageParser( 2601): Ignoring duplicate uses-permissions/uses-permissions-sdk-m: android.permission.READ_SYNC_SETTINGS in package: com.android.settings at: Binary XML file line #58
05-20 18:25:28.966 W/PackageParser( 2601): Ignoring duplicate uses-permissions/uses-permissions-sdk-m: android.permission.WRITE_SYNC_SETTINGS in package: com.android.settings at: Binary XML file line #59
05-20 18:25:30.557 W/PackageParser( 2601): Ignoring duplicate uses-permissions/uses-permissions-sdk-m: android.permission.INSTALL_GRANT_RUNTIME_PERMISSIONS in package: com.android.shell at: Binary XML file line #102
05-20 18:25:32.589 W/PackageParser( 2601): Ignoring duplicate uses-permissions/uses-permissions-sdk-m: android.permission.CONFIGURE_WIFI_DISPLAY in package: com.android.systemui at: Binary XML file line #123
05-20 18:25:34.147 I/art     ( 2601): Background sticky concurrent mark sweep GC freed 33700(2MB) AllocSpace objects, 20(416KB) LOS objects, 31% free, 6MB/10MB, paused 1.846ms total 598.195ms
05-20 18:25:34.905 W/PackageManager( 2601): Non-privileged app; cap priority to 0; package: com.android.calendar activity: com.android.calendar.GoogleCalendarUriIntentFilter origPrio: 50
05-20 18:25:35.360 W/PackageManager( 2601): Non-privileged app; cap priority to 0; package: com.android.cts.ctsshim activity: com.android.cts.ctsshim.InstallPriority origPrio: 100
05-20 18:25:35.361 W/PackageManager( 2601): Non-privileged app; cap priority to 0; package: com.android.cts.ctsshim activity: com.android.cts.ctsshim.InstallPriority origPrio: 100
05-20 18:25:35.361 W/PackageManager( 2601): Non-privileged app; cap priority to 0; package: com.android.cts.ctsshim activity: com.android.cts.ctsshim.InstallPriority origPrio: 100
05-20 18:25:35.361 W/PackageManager( 2601): Non-privileged app; cap priority to 0; package: com.android.cts.ctsshim activity: com.android.cts.ctsshim.InstallPriority origPrio: 100
05-20 18:25:35.361 W/PackageManager( 2601): Non-privileged app; cap priority to 0; package: com.android.cts.ctsshim activity: com.android.cts.ctsshim.InstallPriority origPrio: 100
05-20 18:25:37.497 W/PackageParser( 2601): Ignoring duplicate uses-permissions/uses-permissions-sdk-m: android.permission.WRITE_CONTACTS in package: com.android.email at: Binary XML file line #40
05-20 18:25:38.609 W/PackageParser( 2601): Unknown element under <application>: permission at /system/app/Gallery2/Gallery2.apk Binary XML file line #238
05-20 18:25:38.650 W/PackageParser( 2601): Unknown element under <application>: permission at /system/app/Gallery2/Gallery2.apk Binary XML file line #241
05-20 18:25:40.135 W/PackageManager( 2601): Permission com.android.launcher3.permission.READ_SETTINGS from package com.android.launcher3 in an unknown group android.permission-group.SYSTEM_TOOLS
05-20 18:25:40.135 W/PackageManager( 2601): Permission com.android.launcher3.permission.WRITE_SETTINGS from package com.android.launcher3 in an unknown group android.permission-group.SYSTEM_TOOLS
05-20 18:25:40.135 W/PackageManager( 2601): Permission com.android.launcher.permission.INSTALL_SHORTCUT from package com.android.launcher3 in an unknown group android.permission-group.SYSTEM_TOOLS
05-20 18:25:44.455 D/PackageManager( 2601): No files in app dir /system/vendor/app
05-20 18:25:44.457 D/PackageManager( 2601): No files in app dir /oem/app
05-20 18:25:45.432 W/PackageParser( 2601): No actions in intent filter at /data/app/ApiDemos/ApiDemos.apk Binary XML file line #3145
05-20 18:25:45.433 W/PackageParser( 2601): No actions in intent filter at /data/app/ApiDemos/ApiDemos.apk Binary XML file line #3151
05-20 18:25:45.456 W/PackageManager( 2601): Package com.example.android.apis desires unavailable shared library com.example.will.never.exist; ignoring!
05-20 18:25:45.469 I/SELinux ( 2601): SELinux: Loaded file_contexts contexts from /file_contexts.bin.
05-20 18:25:45.842 D/PackageManager( 2601): No files in app dir /data/app-private
05-20 18:25:45.851 D/PackageManager( 2601): No files in app dir /data/app-ephemeral
05-20 18:25:45.859 E/PackageManager( 2601): There should probably be exactly one setup wizard; found 0: matches=[]
05-20 18:25:45.871 W/PackageManager( 2601): Protected action; cap priority to 0; package: com.android.cts.priv.ctsshim activity: com.android.cts.priv.ctsshim.InstallPriority origPrio: 100
05-20 18:25:45.871 W/PackageManager( 2601): Protected action; cap priority to 0; package: com.android.cts.priv.ctsshim activity: com.android.cts.priv.ctsshim.InstallPriority origPrio: 100
05-20 18:25:45.871 W/PackageManager( 2601): Protected action; cap priority to 0; package: com.android.cts.priv.ctsshim activity: com.android.cts.priv.ctsshim.InstallPriority origPrio: 100
05-20 18:25:45.871 W/PackageManager( 2601): Protected action; cap priority to 0; package: com.android.cts.priv.ctsshim activity: com.android.cts.priv.ctsshim.InstallPriority origPrio: 100
05-20 18:25:45.871 W/PackageManager( 2601): Protected action; cap priority to 0; package: com.android.packageinstaller activity: com.android.packageinstaller.PackageInstallerActivity origPrio: 1
05-20 18:25:45.872 W/PackageManager( 2601): Package com.android.camera desires unavailable shared library com.google.android.media.effects; ignoring!
05-20 18:25:45.872 W/PackageManager( 2601): Package com.android.gallery3d desires unavailable shared library com.google.android.media.effects; ignoring!
05-20 18:25:45.872 W/PackageManager( 2601): Package com.android.gallery3d desires unavailable shared library com.google.android.media.effects; ignoring!
05-20 18:25:45.872 W/PackageManager( 2601): Package com.example.android.apis desires unavailable shared library com.example.will.never.exist; ignoring!
05-20 18:25:45.873 I/PackageManager( 2601): Adjusting ABI for com.android.providers.downloads to x86_64 (requirer=com.android.mtp, scannedPackage=null)
05-20 18:25:45.887 I/PackageManager( 2601): Adjusting ABI for com.android.providers.downloads.ui to x86_64 (requirer=com.android.mtp, scannedPackage=null)
05-20 18:25:45.889 I/PackageManager( 2601): Adjusting ABI for com.android.providers.media to x86_64 (requirer=com.android.mtp, scannedPackage=null)
05-20 18:25:45.901 I/PackageManager( 2601): Adjusting ABI for com.android.settings to x86_64 (requirer=android, scannedPackage=null)
05-20 18:25:45.903 I/PackageManager( 2601): Adjusting ABI for com.android.keychain to x86_64 (requirer=android, scannedPackage=null)
05-20 18:25:45.905 I/PackageManager( 2601): Adjusting ABI for com.android.wallpaperbackup to x86_64 (requirer=android, scannedPackage=null)
05-20 18:25:45.907 I/PackageManager( 2601): Adjusting ABI for com.android.inputdevices to x86_64 (requirer=android, scannedPackage=null)
05-20 18:25:45.909 I/PackageManager( 2601): Adjusting ABI for com.android.providers.settings to x86_64 (requirer=android, scannedPackage=null)
05-20 18:25:45.921 I/PackageManager( 2601): Adjusting ABI for com.android.location.fused to x86_64 (requirer=android, scannedPackage=null)
05-20 18:25:45.923 I/PackageManager( 2601): Adjusting ABI for com.android.server.telecom to x86_64 (requirer=android, scannedPackage=null)
05-20 18:25:45.954 I/PackageManager( 2601): Time to scan packages: 27.032 seconds
05-20 18:25:45.958 W/PackageManager( 2601): Unknown permission com.google.android.googleapps.permission.GOOGLE_AUTH in package com.android.providers.calendar
05-20 18:25:45.958 W/PackageManager( 2601): Unknown permission com.google.android.googleapps.permission.GOOGLE_AUTH.cl in package com.android.providers.calendar
05-20 18:25:45.959 W/PackageManager( 2601): Not granting permission android.permission.GLOBAL_SEARCH to package com.android.quicksearchbox (protectionLevel=18 flags=0x3808be45)
05-20 18:25:45.973 W/PackageManager( 2601): Not granting permission android.permission.WRITE_EXTERNAL_STORAGE to package gov.nasa.arc.astrobee.android.gs.manager because it was previously installed without
05-20 18:25:45.973 W/PackageManager( 2601): Not granting permission android.permission.READ_EXTERNAL_STORAGE to package gov.nasa.arc.astrobee.android.gs.manager because it was previously installed without
05-20 18:25:45.973 W/PackageManager( 2601): Unknown permission com.android.launcher.permission.READ_SETTINGS in package com.android.launcher3
05-20 18:25:45.974 W/PackageManager( 2601): Unknown permission com.android.launcher.permission.WRITE_SETTINGS in package com.android.launcher3
05-20 18:25:45.974 W/PackageManager( 2601): Not granting permission android.permission.BIND_APPWIDGET to package com.android.launcher3 (protectionLevel=18 flags=0x3c4bbe45)
05-20 18:25:45.974 W/PackageManager( 2601): Unknown permission com.google.android.googleapps.permission.GOOGLE_AUTH.mail in package com.android.calendar
05-20 18:25:45.974 W/PackageManager( 2601): Unknown permission com.google.android.providers.settings.permission.WRITE_GSETTINGS in package com.android.sdksetup
05-20 18:25:45.975 W/PackageManager( 2601): Unknown permission com.google.android.permission.INSTALL_WEARABLE_PACKAGES in package com.android.packageinstaller
05-20 18:25:45.975 W/PackageManager( 2601): Not granting permission android.permission.DELETE_PACKAGES to package com.svox.pico (protectionLevel=18 flags=0x3808be45)
05-20 18:25:45.976 W/PackageManager( 2601): Not granting permission android.permission.READ_CONTACTS to package com.example.android.apis because it was previously installed without
05-20 18:25:45.976 W/PackageManager( 2601): Not granting permission android.permission.WRITE_CONTACTS to package com.example.android.apis because it was previously installed without
05-20 18:25:45.976 W/PackageManager( 2601): Not granting permission android.permission.ACCESS_COARSE_LOCATION to package com.example.android.apis because it was previously installed without
05-20 18:25:45.976 W/PackageManager( 2601): Not granting permission android.permission.WRITE_EXTERNAL_STORAGE to package com.example.android.apis because it was previously installed without
05-20 18:25:45.976 W/PackageManager( 2601): Not granting permission android.permission.SEND_SMS to package com.example.android.apis because it was previously installed without
05-20 18:25:45.976 W/PackageManager( 2601): Not granting permission android.permission.RECEIVE_SMS to package com.example.android.apis because it was previously installed without
05-20 18:25:45.976 W/PackageManager( 2601): Not granting permission android.permission.RECEIVE_MMS to package com.example.android.apis because it was previously installed without
05-20 18:25:45.976 W/PackageManager( 2601): Not granting permission android.permission.READ_SMS to package com.example.android.apis because it was previously installed without
05-20 18:25:45.976 W/PackageManager( 2601): Not granting permission android.permission.READ_PHONE_STATE to package com.example.android.apis because it was previously installed without
05-20 18:25:45.976 W/PackageManager( 2601): Not granting permission android.permission.RECORD_AUDIO to package com.example.android.apis because it was previously installed without
05-20 18:25:45.976 W/PackageManager( 2601): Not granting permission android.permission.CAMERA to package com.example.android.apis because it was previously installed without
05-20 18:25:45.977 W/PackageManager( 2601): Not granting permission android.permission.READ_EXTERNAL_STORAGE to package com.example.android.apis because it was previously installed without
05-20 18:25:45.977 W/PackageManager( 2601): Unknown permission android.permission.RUN_INSTRUMENTATION in package org.chromium.webview_shell
05-20 18:25:45.977 W/PackageManager( 2601): Unknown permission com.google.android.googleapps.permission.GOOGLE_AUTH in package com.android.settings
05-20 18:25:45.977 W/PackageManager( 2601): Unknown permission com.android.launcher.permission.READ_SETTINGS in package com.android.settings
05-20 18:25:45.978 W/PackageManager( 2601): Unknown permission com.android.launcher.permission.WRITE_SETTINGS in package com.android.settings
05-20 18:25:45.978 W/PackageManager( 2601): Unknown permission com.android.smspush.WAPPUSH_MANAGER_BIND in package com.android.phone
05-20 18:25:45.985 W/PackageManager( 2601): Unknown permission com.google.android.googleapps.permission.ACCESS_GOOGLE_PASSWORD in package com.android.development
05-20 18:25:45.985 W/PackageManager( 2601): Unknown permission com.google.android.googleapps.permission.GOOGLE_AUTH in package com.android.development
05-20 18:25:45.985 W/PackageManager( 2601): Unknown permission com.google.android.googleapps.permission.GOOGLE_AUTH.ALL_SERVICES in package com.android.development
05-20 18:25:45.985 W/PackageManager( 2601): Unknown permission com.google.android.googleapps.permission.GOOGLE_AUTH.YouTubeUser in package com.android.development
05-20 18:25:45.986 W/PackageManager( 2601): Not granting permission android.permission.BIND_APPWIDGET to package com.android.widgetpreview (protectionLevel=18 flags=0x3808be44)
05-20 18:25:45.987 V/PackageManager( 2601): reconcileAppsData for null u0 0x3
05-20 18:25:46.051 I/SELinux ( 1329): SELinux: Loaded file_contexts contexts from /file_contexts.bin.
05-20 18:25:51.316 V/PackageManager( 2601): reconcileAppsData finished 81 packages
05-20 18:25:51.743 E/PackageManager( 2601): There should probably be a verifier, but, none were found
05-20 18:25:51.975 W/PackageInstaller( 2601): Abandoning old session first created at 1616675837967
05-20 18:25:51.978 W/PackageInstaller( 2601): Deleting orphan stage /data/app/vmdl1539828231.tmp
05-20 18:25:52.024 D/PackageManager( 2601): Ephemeral resolver NOT found; no matching intent filters
05-20 18:25:52.025 I/PackageManager( 2601): Ephemeral deactivated; missing resolver and installer
05-20 18:25:52.027 I/art     ( 2601): Starting a blocking GC Explicit
05-20 18:25:52.212 I/art     ( 2601): Explicit concurrent mark sweep GC freed 37742(2MB) AllocSpace objects, 4(80KB) LOS objects, 33% free, 7MB/10MB, paused 1.811ms total 164.108ms
05-20 18:25:52.241 I/SystemServer( 2601): StartOtaDexOptService
05-20 18:25:52.281 I/SystemServer( 2601): StartUserManagerService
05-20 18:25:52.282 I/SystemServiceManager( 2601): Starting com.android.server.pm.UserManagerService$LifeCycle
05-20 18:25:52.372 W/art     ( 2601): Long monitor contention with owner main (2601) at int android.net.LocalSocketImpl.readba_native(byte[], int, int, java.io.FileDescriptor)(LocalSocketImpl.java:-2) waiters=0 in void com.android.server.pm.Settings$RuntimePermissionPersistence.writePermissionsSync(int) for 4.844s
05-20 18:25:52.409 I/lowmemorykiller( 1318): ActivityManager connected
05-20 18:25:52.440 D/SensorService( 2601): nuSensorService starting...
05-20 18:25:52.545 D/SensorService( 2601): nuSensorService thread starting...
05-20 18:25:52.549 I/SystemServiceManager( 2601): Starting com.android.server.BatteryService
05-20 18:25:52.571 D/SensorService( 2601): new thread SensorEventAckReceiver
05-20 18:25:52.681 I/SystemServiceManager( 2601): Starting com.android.server.usage.UsageStatsService
05-20 18:25:52.967 I/SystemServiceManager( 2601): Starting com.android.server.webkit.WebViewUpdateService
05-20 18:25:53.040 I/SystemServer( 2601): Reading configuration...
05-20 18:25:53.041 I/SystemServer( 2601): StartSchedulingPolicyService
05-20 18:25:53.044 I/SystemServiceManager( 2601): Starting com.android.server.telecom.TelecomLoaderService
05-20 18:25:53.046 I/SystemServer( 2601): StartTelephonyRegistry
05-20 18:25:53.129 I/SystemServer( 2601): StartEntropyMixer
05-20 18:25:53.188 I/EntropyMixer( 2601): Writing entropy...
05-20 18:25:53.292 I/SystemServer( 2601): Camera Service
05-20 18:25:53.307 I/SystemServiceManager( 2601): Starting com.android.server.camera.CameraService
05-20 18:25:53.321 I/ServiceThread( 2601): Enabled StrictMode logging for CameraService_proxy looper.
05-20 18:25:53.326 I/SystemServer( 2601): StartAccountManagerService
05-20 18:25:53.330 I/SystemServiceManager( 2601): Starting com.android.server.accounts.AccountManagerService$Lifecycle
05-20 18:25:53.463 I/SystemServer( 2601): StartContentService
05-20 18:25:53.470 I/SystemServiceManager( 2601): Starting com.android.server.content.ContentService$Lifecycle
05-20 18:25:53.484 I/SystemServer( 2601): InstallSystemProviders
05-20 18:25:53.624 W/System  ( 2601): ClassLoader referenced unknown path: /system/priv-app/SettingsProvider/lib/x86_64
05-20 18:25:54.136 I/SystemServer( 2601): StartVibratorService
05-20 18:25:54.138 E/VibratorService( 2601): Couldn't load vibrator module (No such file or directory)
05-20 18:25:54.139 W/VibratorService( 2601): Tried to stop vibrating but there is no vibrator device.
05-20 18:25:54.155 I/SystemServer( 2601): StartConsumerIrService
05-20 18:25:54.156 E/ConsumerIrService( 2601): Can't open consumer IR HW Module, error: -2
05-20 18:25:54.169 I/SystemServer( 2601): StartAlarmManagerService
05-20 18:25:54.169 I/SystemServiceManager( 2601): Starting com.android.server.AlarmManagerService
