--------- beginning of main
05-20 18:23:22.940 W/auditd  ( 1267): type=2000 audit(0.0:1): initialized
05-20 18:23:25.760 I/auditd  ( 1267): type=1403 audit(0.0:2): policy loaded auid=4294967295 ses=4294967295
05-20 18:23:25.770 W/auditd  ( 1267): type=1404 audit(0.0:3): enforcing=1 old_enforcing=0 auid=4294967295 ses=4294967295
05-20 18:23:34.770 W/init    (    1): type=1400 audit(0.0:4): avc: denied { write } for name="tracing_on" dev="debugfs" ino=1050 scontext=u:r:init:s0 tcontext=u:object_r:debugfs:s0 tclass=file permissive=0
05-20 18:23:37.277 I/        ( 1269): debuggerd: starting
--------- beginning of system
05-20 18:23:38.792 I/vold    ( 1270): Vold 3.0 (the awakening) firing up
05-20 18:23:38.794 V/vold    ( 1270): Detected support for: ext4 vfat
05-20 18:23:39.095 D/vold    ( 1270): Recognized experimental block major ID 253 as virtio-blk (emulator's virtual SD card device)
05-20 18:23:39.095 V/vold    ( 1270): /system/bin/sgdisk
05-20 18:23:39.096 V/vold    ( 1270):     --android-dump
05-20 18:23:39.096 V/vold    ( 1270):     /dev/block/vold/disk:253,48
05-20 18:23:39.164 D/vold    ( 1270): e4crypt_init_user0
05-20 18:23:39.164 D/vold    ( 1270): e4crypt_prepare_user_storage for volume null, user 0, serial 0, flags 1
05-20 18:23:39.172 D/vold    ( 1270): Preparing: /data/system/users/0
05-20 18:23:39.179 D/vold    ( 1270): Preparing: /data/misc/profiles/cur/0
05-20 18:23:39.191 D/vold    ( 1270): Preparing: /data/misc/profiles/cur/0/foreign-dex
05-20 18:23:39.200 D/vold    ( 1270): Preparing: /data/system_de/0
05-20 18:23:39.206 D/vold    ( 1270): Preparing: /data/misc_de/0
05-20 18:23:39.207 D/vold    ( 1270): Preparing: /data/user_de/0
05-20 18:23:39.210 D/vold    ( 1270): e4crypt_unlock_user_key 0 serial=0 token_present=0
05-20 18:23:39.220 I/vdc     (    1): 200 1271 Command succeeded
05-20 18:23:39.592 I//system/bin/tzdatacheck( 1312): tzdata file /data/misc/zoneinfo/current/tzdata does not exist. No action required.
05-20 18:23:39.665 V/vold    ( 1270): DISK mbr
05-20 18:23:39.665 V/vold    ( 1270): 
05-20 18:23:39.669 W/vold    ( 1270): disk:253,48 has unknown partition table; trying entire device
05-20 18:23:39.670 V/vold    ( 1270): /system/bin/blkid
05-20 18:23:39.670 V/vold    ( 1270):     -c
05-20 18:23:39.670 V/vold    ( 1270):     /dev/null
05-20 18:23:39.670 V/vold    ( 1270):     -s
05-20 18:23:39.670 V/vold    ( 1270):     TYPE
05-20 18:23:39.671 V/vold    ( 1270):     -s
05-20 18:23:39.671 V/vold    ( 1270):     UUID
05-20 18:23:39.671 V/vold    ( 1270):     -s
05-20 18:23:39.671 V/vold    ( 1270):     LABEL
05-20 18:23:39.671 V/vold    ( 1270):     /dev/block/vold/disk:253,48
05-20 18:23:40.188 I/        ( 1268): debuggerd: starting
05-20 18:23:40.330 W/cameraserver( 1327): type=1400 audit(0.0:5): avc: denied { getattr } for path="/vendor" dev="rootfs" ino=4008 scontext=u:r:cameraserver:s0 tcontext=u:object_r:rootfs:s0 tclass=lnk_file permissive=0
05-20 18:23:40.410 W/mediacodec( 1331): type=1400 audit(0.0:6): avc: denied { getattr } for path="/vendor" dev="rootfs" ino=4008 scontext=u:r:mediacodec:s0 tcontext=u:object_r:rootfs:s0 tclass=lnk_file permissive=0
05-20 18:23:40.550 W/mediadrmserver( 1334): type=1400 audit(0.0:7): avc: denied { getattr } for path="/vendor" dev="rootfs" ino=4008 scontext=u:r:mediadrmserver:s0 tcontext=u:object_r:rootfs:s0 tclass=lnk_file permissive=0
05-20 18:23:40.570 W/audioserver( 1326): type=1400 audit(0.0:8): avc: denied { getattr } for path="/vendor" dev="rootfs" ino=4008 scontext=u:r:audioserver:s0 tcontext=u:object_r:rootfs:s0 tclass=lnk_file permissive=0
05-20 18:23:40.964 I/qemu-props( 1317): connected to 'boot-properties' qemud service.
05-20 18:23:40.965 I/qemu-props( 1317): receiving..
05-20 18:23:40.966 I/qemu-props( 1317): received: qemu.cmdline=androidboot.logcat=v:* androidboot.consolepipe=qemu_pipe,pipe:logcat
05-20 18:23:41.220 I/qemu-props( 1317): receiving..
05-20 18:23:41.220 I/qemu-props( 1317): received: qemu.logcat=start
05-20 18:23:41.277 V/vold    ( 1270): /dev/block/vold/disk:253,48: LABEL="SDCARD" UUID="1EFF-1C1B" TYPE="vfat" 
05-20 18:23:41.277 V/vold    ( 1270): 
05-20 18:23:41.365 I/qemu-props( 1317): receiving..
05-20 18:23:41.365 I/qemu-props( 1317): received: ro.opengles.version=131072
05-20 18:23:41.382 I/qemu-props( 1317): receiving..
05-20 18:23:41.383 I/qemu-props( 1317): received: qemu.sf.fake_camera=back
05-20 18:23:41.401 I/qemu-props( 1317): receiving..
05-20 18:23:41.401 I/qemu-props( 1317): received: dalvik.vm.heapsize=256m
05-20 18:23:41.403 I/qemu-props( 1317): receiving..
05-20 18:23:41.403 I/qemu-props( 1317): received: qemu.hw.mainkeys=0
05-20 18:23:41.404 I/qemu-props( 1317): receiving..
05-20 18:23:41.460 I/qemu-props( 1317): received: qemu.sf.lcd_density=480
05-20 18:23:41.529 I/lowmemorykiller( 1318): Using in-kernel low memory killer interface
05-20 18:23:41.601 I/qemu-props( 1317): receiving..
05-20 18:23:41.602 I/qemu-props( 1317): received: qemu.timezone=Etc/UTC
05-20 18:23:41.604 I/qemu-props( 1317): receiving..
05-20 18:23:41.604 I/qemu-props( 1317): exiting (8 properties set).
05-20 18:23:41.697 I/        ( 1329): installd firing up
05-20 18:23:42.122 I/fingerprintd( 1352): Starting fingerprintd
05-20 18:23:42.474 I/keystore( 1330): Found keymaster0 module Keymaster OpenSSL HAL, version 2
05-20 18:23:42.474 I/SoftKeymaster( 1330): system/keymaster/soft_keymaster_device.cpp, Line 131: Creating device
05-20 18:23:42.475 D/SoftKeymaster( 1330): system/keymaster/soft_keymaster_device.cpp, Line 132: Device address: 0x76f00123d000
05-20 18:23:42.475 I/keystore( 1330): Keymaster0 module is software-only.  Using SoftKeymasterDevice instead.
05-20 18:23:42.475 I/SoftKeymaster( 1330): system/keymaster/soft_keymaster_device.cpp, Line 131: Creating device
05-20 18:23:42.475 D/SoftKeymaster( 1330): system/keymaster/soft_keymaster_device.cpp, Line 132: Device address: 0x76f00123d400
05-20 18:23:42.847 I/perfprofd( 1358): starting Android Wide Profiling daemon
05-20 18:23:42.862 E/perfprofd( 1358): unable to open configuration file /data/data/com.google.android.gms/files/perfprofd.conf
05-20 18:23:42.865 I/perfprofd( 1358): random seed set to 238609213
05-20 18:23:43.433 I/Netd    ( 1337): Netd 1.0 starting
05-20 18:23:43.628 D/TetherController( 1337): Setting IP forward enable = 0
05-20 18:23:44.508 I/gatekeeperd( 1353): Starting gatekeeperd...
05-20 18:23:44.575 W/gatekeeperd( 1353): falling back to software GateKeeper
05-20 18:23:45.975 I/SurfaceFlinger( 1320): SurfaceFlinger is starting
05-20 18:23:46.003 I/SurfaceFlinger( 1320): SurfaceFlinger's main thread ready to run. Initializing graphics H/W...
05-20 18:23:46.004 D/libEGL  ( 1320): Emulator without GPU support detected. Fallback to legacy software renderer, qemu.gles is set to 0.
05-20 18:23:46.387 D/libEGL  ( 1320): loaded /system/lib64/egl/libGLES_android.so
05-20 18:23:46.420 I/mediacodec( 1331): @@@ mediacodecservice starting
05-20 18:23:46.611 W/        ( 1331): No seccomp filter defined for this architecture.
05-20 18:23:47.324 E/adbd    ( 1323): failed to start subprocess: fork failed: Too many open files
05-20 18:23:48.426 I/cameraserver( 1327): ServiceManager: 0xf36bc020
05-20 18:23:48.570 I/CameraService( 1327): CameraService started (pid=1327)
05-20 18:23:48.571 I/CameraService( 1327): CameraService process starting
05-20 18:23:48.648 V/MediaUtils( 1335): physMem: 1043894272
05-20 18:23:48.649 V/MediaUtils( 1335): requested limit: 208778840
05-20 18:23:48.649 V/MediaUtils( 1335): actual limit: 208778840
05-20 18:23:48.649 V/MediaUtils( 1335): original limits: 4294967295/4294967295
05-20 18:23:48.649 V/MediaUtils( 1335): new limits: 208778840/4294967295
05-20 18:23:48.672 W/BatteryNotifier( 1327): batterystats service unavailable!
05-20 18:23:48.673 W/BatteryNotifier( 1327): batterystats service unavailable!
05-20 18:23:48.707 W//system/bin/mediaextractor( 1335): libminijail: allowing syscall: socketcall
05-20 18:23:48.708 W//system/bin/mediaextractor( 1335): libminijail: allowing syscall: writev
05-20 18:23:48.708 W//system/bin/mediaextractor( 1335): libminijail: allowing syscall: fcntl64
05-20 18:23:48.708 W//system/bin/mediaextractor( 1335): libminijail: allowing syscall: clock_gettime
05-20 18:23:48.714 W//system/bin/mediaextractor( 1335): libminijail: logging seccomp filter failures
05-20 18:23:48.848 I/mediaserver( 1334): ServiceManager: 0xe8e3c0a0
05-20 18:23:49.120 D/EmulatedCamera_QemuClient( 1327): Emulated camera list: 
05-20 18:23:49.122 D/EmulatedCamera_FakeCamera( 1327): Initialize: Fake camera is facing back
05-20 18:23:49.124 V/EmulatedCamera_Device( 1327): initializeWhiteBalanceModes with auto, 1.000000, 1.000000
05-20 18:23:49.124 V/EmulatedCamera_Device( 1327): initializeWhiteBalanceModes with incandescent, 1.380000, 0.600000
05-20 18:23:49.124 V/EmulatedCamera_Device( 1327): initializeWhiteBalanceModes with daylight, 1.090000, 0.920000
05-20 18:23:49.124 V/EmulatedCamera_Device( 1327): initializeWhiteBalanceModes with twilight, 0.920000, 1.220000
05-20 18:23:49.125 V/EmulatedCamera_Device( 1327): setWhiteBalanceMode with white balance auto
05-20 18:23:49.125 E/EmulatedCamera_Factory( 1327): 1 cameras are being emulated. 0 of them are fake cameras.
05-20 18:23:49.126 E/EmulatedCamera_HotplugThread( 1327): createFileIfNotExists: Could not create file '/data/misc/media/emulator.camera.hotplug.0', error: 'Permission denied' (13)
05-20 18:23:49.145 I/        ( 1326): sMaxFastTracks = 8
05-20 18:23:49.213 D/gralloc_ranchu( 1320): Emulator without host-side GPU emulation detected. Loading gralloc.default.so from /vendor/lib64/hw/gralloc.goldfish.default.so...
05-20 18:23:49.215 D/gralloc_ranchu( 1320): gralloc.default.so not found in /vendor. Trying /system/lib64/hw/gralloc.goldfish.default.so...
05-20 18:23:49.226 I/gralloc ( 1320): using (fd=11)
05-20 18:23:49.226 I/gralloc ( 1320): id           = 
05-20 18:23:49.226 I/gralloc ( 1320): xres         = 1080 px
05-20 18:23:49.226 I/gralloc ( 1320): yres         = 1920 px
05-20 18:23:49.226 I/gralloc ( 1320): xres_virtual = 1080 px
05-20 18:23:49.226 I/gralloc ( 1320): yres_virtual = 3840 px
05-20 18:23:49.226 I/gralloc ( 1320): bpp          = 16
05-20 18:23:49.226 I/gralloc ( 1320): r            = 11:5
05-20 18:23:49.226 I/gralloc ( 1320): g            =  5:6
05-20 18:23:49.226 I/gralloc ( 1320): b            =  0:5
05-20 18:23:49.227 I/gralloc ( 1320): width        = 166 mm (165.253006 dpi)
05-20 18:23:49.227 I/gralloc ( 1320): height       = 296 mm (164.756760 dpi)
05-20 18:23:49.227 I/gralloc ( 1320): refresh rate = 60.00 Hz
05-20 18:23:49.239 E/SurfaceFlinger( 1320): hwcomposer module not found
05-20 18:23:49.269 W/SurfaceFlinger( 1320): no suitable EGLConfig found, trying a simpler query
05-20 18:23:49.270 W/SurfaceFlinger( 1320): EGL_SLOW_CONFIG selected!
05-20 18:23:49.270 I/SurfaceFlinger( 1320): EGL information:
05-20 18:23:49.270 I/SurfaceFlinger( 1320): vendor    : Android
05-20 18:23:49.271 I/SurfaceFlinger( 1320): version   : 1.4 Android META-EGL
05-20 18:23:49.271 I/SurfaceFlinger( 1320): extensions: EGL_KHR_get_all_proc_addresses EGL_ANDROID_presentation_time EGL_KHR_swap_buffers_with_damage EGL_ANDROID_create_native_client_buffer EGL_ANDROID_front_buffer_auto_refresh EGL_KHR_image_base EGL_KHR_fence_sync EGL_ANDROID_image_native_buffer 
05-20 18:23:49.271 I/SurfaceFlinger( 1320): Client API: OpenGL_ES
05-20 18:23:49.271 I/SurfaceFlinger( 1320): EGLSurface: 5-6-5-0, config=0x0
05-20 18:23:49.273 I/audioserver( 1326): ServiceManager: 0xf533c020
05-20 18:23:49.275 I/CameraService( 1327): Loaded "Emulated Camera Module" camera module
05-20 18:23:49.275 E/CameraService( 1327): setUpVendorTags: Vendor tag operations not fully defined. Ignoring definitions.
05-20 18:23:49.276 V/EmulatedCamera_Camera( 1327): getCameraInfo
05-20 18:23:49.276 V/EmulatedCamera_BaseCamera( 1327): getCameraInfo
05-20 18:23:49.277 I/CameraFlashlight( 1327): Opening camera 0
05-20 18:23:49.277 V/EmulatedCamera_Camera( 1327): getCameraInfo
05-20 18:23:49.277 V/EmulatedCamera_BaseCamera( 1327): getCameraInfo
05-20 18:23:49.282 V/EmulatedCamera_Camera( 1327): connectCamera
05-20 18:23:49.282 V/EmulatedCamera_FakeDevice( 1327): connectDevice
05-20 18:23:49.282 V/EmulatedCamera_CallbackNotifier( 1327): setCallbacks: 0xf3f0ce80, 0xf3f0ced0, 0xf3f0cff0, 0xf3f0d110 (0xf36c3140)
05-20 18:23:49.303 W/SurfaceFlinger( 1320): no suitable EGLConfig found, trying a simpler query
05-20 18:23:49.304 W/SurfaceFlinger( 1320): EGL_SLOW_CONFIG selected!
05-20 18:23:49.304 I/SurfaceFlinger( 1320): EGL information:
05-20 18:23:49.304 I/SurfaceFlinger( 1320): vendor    : Android
05-20 18:23:49.304 I/SurfaceFlinger( 1320): version   : 1.4 Android META-EGL
05-20 18:23:49.304 I/SurfaceFlinger( 1320): extensions: EGL_KHR_get_all_proc_addresses EGL_ANDROID_presentation_time EGL_KHR_swap_buffers_with_damage EGL_ANDROID_create_native_client_buffer EGL_ANDROID_front_buffer_auto_refresh EGL_KHR_image_base EGL_KHR_fence_sync EGL_ANDROID_image_native_buffer 
05-20 18:23:49.304 I/SurfaceFlinger( 1320): Client API: OpenGL_ES
05-20 18:23:49.304 I/SurfaceFlinger( 1320): EGLSurface: 5-6-5-0, config=0x0
05-20 18:23:49.309 I/SurfaceFlinger( 1320): OpenGL ES informations:
05-20 18:23:49.309 I/SurfaceFlinger( 1320): vendor    : Android
05-20 18:23:49.309 I/SurfaceFlinger( 1320): renderer  : Android PixelFlinger 1.4
05-20 18:23:49.309 I/SurfaceFlinger( 1320): version   : OpenGL ES-CM 1.0
05-20 18:23:49.309 I/SurfaceFlinger( 1320): extensions: GL_EXT_debug_marker GL_OES_byte_coordinates GL_OES_fixed_point GL_OES_single_precision GL_OES_read_format GL_OES_compressed_paletted_texture GL_OES_draw_texture GL_OES_matrix_get GL_OES_query_matrix GL_OES_EGL_image GL_OES_EGL_sync GL_OES_compressed_ETC1_RGB8_texture GL_ARB_texture_compression GL_ARB_texture_non_power_of_two GL_ANDROID_user_clip_plane GL_ANDROID_vertex_buffer_object GL_ANDROID_generate_mipmap 
05-20 18:23:49.309 I/SurfaceFlinger( 1320): GL_MAX_TEXTURE_SIZE = 4096
05-20 18:23:49.309 I/SurfaceFlinger( 1320): GL_MAX_VIEWPORT_DIMS = 4096
05-20 18:23:49.327 W/SurfaceFlinger( 1320): no suitable EGLConfig found, trying a simpler query
05-20 18:23:49.328 W/SurfaceFlinger( 1320): EGL_SLOW_CONFIG selected!
05-20 18:23:49.328 I/SurfaceFlinger( 1320): EGL information:
05-20 18:23:49.328 I/SurfaceFlinger( 1320): vendor    : Android
05-20 18:23:49.328 I/SurfaceFlinger( 1320): version   : 1.4 Android META-EGL
05-20 18:23:49.328 I/SurfaceFlinger( 1320): extensions: EGL_KHR_get_all_proc_addresses EGL_ANDROID_presentation_time EGL_KHR_swap_buffers_with_damage EGL_ANDROID_create_native_client_buffer EGL_ANDROID_front_buffer_auto_refresh EGL_KHR_image_base EGL_KHR_fence_sync EGL_ANDROID_image_native_buffer 
05-20 18:23:49.328 I/SurfaceFlinger( 1320): Client API: OpenGL_ES
05-20 18:23:49.328 I/SurfaceFlinger( 1320): EGLSurface: 5-6-5-0, config=0x0
05-20 18:23:49.341 W/BatteryNotifier( 1326): batterystats service unavailable!
05-20 18:23:49.342 I/AudioFlinger( 1326): Using default 3000 mSec as standby time.
05-20 18:23:49.348 I/AudioPolicyService( 1326): AudioPolicyService CSTOR in new mode
05-20 18:23:49.372 E/libEGL  ( 1320): called unimplemented OpenGL ES API
05-20 18:23:49.372 E/SurfaceFlinger( 1320): Error while compiling shader: 
05-20 18:23:49.372 E/SurfaceFlinger( 1320): attribute vec4 position;
05-20 18:23:49.372 E/SurfaceFlinger( 1320): uniform mat4 projection;
05-20 18:23:49.372 E/SurfaceFlinger( 1320): uniform mat4 texture;
05-20 18:23:49.372 E/SurfaceFlinger( 1320): void main(void) {
05-20 18:23:49.372 E/SurfaceFlinger( 1320):     gl_Position = projection * position;
05-20 18:23:49.372 E/SurfaceFlinger( 1320): }
05-20 18:23:49.372 E/SurfaceFlinger( 1320): 
05-20 18:23:49.372 E/SurfaceFlinger( 1320): öÿÿÿÿÿÿÿŸ1‚˜®z
05-20 18:23:49.372 E/SurfaceFlinger( 1320): Error while compiling shader: 
05-20 18:23:49.372 E/SurfaceFlinger( 1320): precision mediump float;
05-20 18:23:49.372 E/SurfaceFlinger( 1320): uniform vec4 color;
05-20 18:23:49.372 E/SurfaceFlinger( 1320): void main(void) {
05-20 18:23:49.372 E/SurfaceFlinger( 1320):     gl_FragColor = color;
05-20 18:23:49.372 E/SurfaceFlinger( 1320): }
05-20 18:23:49.372 E/SurfaceFlinger( 1320): 
05-20 18:23:49.372 E/SurfaceFlinger( 1320): öÿÿÿÿÿÿÿŸ1‚˜®z
05-20 18:23:49.372 E/SurfaceFlinger( 1320): Error while linking shaders:
05-20 18:23:49.373 E/SurfaceFlinger( 1320): Error while compiling shader: 
05-20 18:23:49.373 E/SurfaceFlinger( 1320): attribute vec4 position;
05-20 18:23:49.373 E/SurfaceFlinger( 1320): uniform mat4 projection;
05-20 18:23:49.373 E/SurfaceFlinger( 1320): uniform mat4 texture;
05-20 18:23:49.373 E/SurfaceFlinger( 1320): void main(void) {
05-20 18:23:49.373 E/SurfaceFlinger( 1320):     gl_Position = projection * position;
05-20 18:23:49.373 E/SurfaceFlinger( 1320): }
05-20 18:23:49.373 E/SurfaceFlinger( 1320): 
05-20 18:23:49.373 E/SurfaceFlinger( 1320): öÿÿÿÿÿÿÿŸ1‚˜®z
05-20 18:23:49.373 E/SurfaceFlinger( 1320): Error while compiling shader: 
05-20 18:23:49.373 E/SurfaceFlinger( 1320): precision mediump float;
05-20 18:23:49.373 E/SurfaceFlinger( 1320): uniform vec4 color;
05-20 18:23:49.373 E/SurfaceFlinger( 1320): void main(void) {
05-20 18:23:49.373 E/SurfaceFlinger( 1320):     gl_FragColor = color;
05-20 18:23:49.373 E/SurfaceFlinger( 1320): }
05-20 18:23:49.373 E/SurfaceFlinger( 1320): 
05-20 18:23:49.373 E/SurfaceFlinger( 1320): öÿÿÿÿÿÿÿŸ1‚˜®z
05-20 18:23:49.373 E/SurfaceFlinger( 1320): Error while linking shaders:
05-20 18:23:49.373 E/SurfaceFlinger( 1320): Error while compiling shader: 
05-20 18:23:49.373 E/SurfaceFlinger( 1320): attribute vec4 position;
05-20 18:23:49.373 E/SurfaceFlinger( 1320): uniform mat4 projection;
05-20 18:23:49.373 E/SurfaceFlinger( 1320): uniform mat4 texture;
05-20 18:23:49.373 E/SurfaceFlinger( 1320): void main(void) {
05-20 18:23:49.373 E/SurfaceFlinger( 1320):     gl_Position = projection * position;
05-20 18:23:49.373 E/SurfaceFlinger( 1320): }
05-20 18:23:49.373 E/SurfaceFlinger( 1320): 
05-20 18:23:49.373 E/SurfaceFlinger( 1320): öÿÿÿÿÿÿÿŸ1‚˜®z
05-20 18:23:49.373 E/SurfaceFlinger( 1320): Error while compiling shader: 
05-20 18:23:49.373 E/SurfaceFlinger( 1320): precision mediump float;
05-20 18:23:49.373 E/SurfaceFlinger( 1320): uniform vec4 color;
05-20 18:23:49.373 E/SurfaceFlinger( 1320): void main(void) {
05-20 18:23:49.373 E/SurfaceFlinger( 1320):     gl_FragColor = color;
05-20 18:23:49.373 E/SurfaceFlinger( 1320):     gl_FragColor.a = 1.0;
05-20 18:23:49.373 E/SurfaceFlinger( 1320): }
05-20 18:23:49.373 E/SurfaceFlinger( 1320): 
05-20 18:23:49.373 E/SurfaceFlinger( 1320): öÿÿÿÿÿÿÿŸ1‚˜®z
05-20 18:23:49.373 E/SurfaceFlinger( 1320): Error while linking shaders:
05-20 18:23:49.373 E/SurfaceFlinger( 1320): Error while compiling shader: 
05-20 18:23:49.373 E/SurfaceFlinger( 1320): attribute vec4 position;
05-20 18:23:49.373 E/SurfaceFlinger( 1320): uniform mat4 projection;
05-20 18:23:49.373 E/SurfaceFlinger( 1320): uniform mat4 texture;
05-20 18:23:49.373 E/SurfaceFlinger( 1320): void main(void) {
05-20 18:23:49.373 E/SurfaceFlinger( 1320):     gl_Position = projection * position;
05-20 18:23:49.373 E/SurfaceFlinger( 1320): }
05-20 18:23:49.373 E/SurfaceFlinger( 1320): 
05-20 18:23:49.373 E/SurfaceFlinger( 1320): öÿÿÿÿÿÿÿŸ1‚˜®z
05-20 18:23:49.373 E/SurfaceFlinger( 1320): Error while compiling shader: 
05-20 18:23:49.373 E/SurfaceFlinger( 1320): precision mediump float;
05-20 18:23:49.373 E/SurfaceFlinger( 1320): uniform vec4 color;
05-20 18:23:49.373 E/SurfaceFlinger( 1320): void main(void) {
05-20 18:23:49.373 E/SurfaceFlinger( 1320):     gl_FragColor = color;
05-20 18:23:49.373 E/SurfaceFlinger( 1320):     gl_FragColor.a = 1.0;
05-20 18:23:49.373 E/SurfaceFlinger( 1320): }
05-20 18:23:49.373 E/SurfaceFlinger( 1320): 
05-20 18:23:49.373 E/SurfaceFlinger( 1320): öÿÿÿÿÿÿÿŸ1‚˜®z
05-20 18:23:49.373 E/SurfaceFlinger( 1320): Error while linking shaders:
05-20 18:23:49.373 E/SurfaceFlinger( 1320): Error while compiling shader: 
05-20 18:23:49.373 E/SurfaceFlinger( 1320): attribute vec4 position;
05-20 18:23:49.373 E/SurfaceFlinger( 1320): uniform mat4 projection;
05-20 18:23:49.373 E/SurfaceFlinger( 1320): uniform mat4 texture;
05-20 18:23:49.373 E/SurfaceFlinger( 1320): void main(void) {
05-20 18:23:49.373 E/SurfaceFlinger( 1320):     gl_Position = projection * position;
05-20 18:23:49.373 E/SurfaceFlinger( 1320): }
05-20 18:23:49.373 E/SurfaceFlinger( 1320): 
05-20 18:23:49.373 E/SurfaceFlinger( 1320): öÿÿÿÿÿÿÿŸ1‚˜®z
05-20 18:23:49.373 E/SurfaceFlinger( 1320): Error while compiling shader: 
05-20 18:23:49.373 E/SurfaceFlinger( 1320): precision mediump float;
05-20 18:23:49.373 E/SurfaceFlinger( 1320): uniform vec4 color;
05-20 18:23:49.373 E/SurfaceFlinger( 1320): uniform float alphaPlane;
05-20 18:23:49.373 E/SurfaceFlinger( 1320): void main(void) {
05-20 18:23:49.373 E/SurfaceFlinger( 1320):     gl_FragColor = color;
05-20 18:23:49.373 E/SurfaceFlinger( 1320):     gl_FragColor.a *= alphaPlane;
05-20 18:23:49.373 E/SurfaceFlinger( 1320): }
05-20 18:23:49.373 E/SurfaceFlinger( 1320): 
05-20 18:23:49.373 E/SurfaceFlinger( 1320): öÿÿÿÿÿÿÿŸ1‚˜®z
05-20 18:23:49.373 E/SurfaceFlinger( 1320): Error while linking shaders:
05-20 18:23:49.373 E/SurfaceFlinger( 1320): Error while compiling shader: 
05-20 18:23:49.373 E/SurfaceFlinger( 1320): attribute vec4 position;
05-20 18:23:49.373 E/SurfaceFlinger( 1320): uniform mat4 projection;
05-20 18:23:49.373 E/SurfaceFlinger( 1320): uniform mat4 texture;
05-20 18:23:49.373 E/SurfaceFlinger( 1320): void main(void) {
05-20 18:23:49.373 E/SurfaceFlinger( 1320):     gl_Position = projection * position;
05-20 18:23:49.373 E/SurfaceFlinger( 1320): }
05-20 18:23:49.373 E/SurfaceFlinger( 1320): 
05-20 18:23:49.373 E/SurfaceFlinger( 1320): öÿÿÿÿÿÿÿŸ1‚˜®z
05-20 18:23:49.373 E/SurfaceFlinger( 1320): Error while compiling shader: 
05-20 18:23:49.373 E/SurfaceFlinger( 1320): precision mediump float;
05-20 18:23:49.373 E/SurfaceFlinger( 1320): uniform vec4 color;
05-20 18:23:49.373 E/SurfaceFlinger( 1320): uniform float alphaPlane;
05-20 18:23:49.373 E/SurfaceFlinger( 1320): void main(void) {
05-20 18:23:49.373 E/SurfaceFlinger( 1320):     gl_FragColor = color;
05-20 18:23:49.373 E/SurfaceFlinger( 1320):     gl_FragColor *= alphaPlane;
05-20 18:23:49.373 E/SurfaceFlinger( 1320): }
05-20 18:23:49.373 E/SurfaceFlinger( 1320): 
05-20 18:23:49.373 E/SurfaceFlinger( 1320): öÿÿÿÿÿÿÿŸ1‚˜®z
05-20 18:23:49.373 E/SurfaceFlinger( 1320): Error while linking shaders:
05-20 18:23:49.373 E/SurfaceFlinger( 1320): Error while compiling shader: 
05-20 18:23:49.373 E/SurfaceFlinger( 1320): attribute vec4 position;
05-20 18:23:49.373 E/SurfaceFlinger( 1320): uniform mat4 projection;
05-20 18:23:49.373 E/SurfaceFlinger( 1320): uniform mat4 texture;
05-20 18:23:49.373 E/SurfaceFlinger( 1320): void main(void) {
05-20 18:23:49.373 E/SurfaceFlinger( 1320):     gl_Position = projection * position;
05-20 18:23:49.373 E/SurfaceFlinger( 1320): }
05-20 18:23:49.373 E/SurfaceFlinger( 1320): 
05-20 18:23:49.373 E/SurfaceFlinger( 1320): öÿÿÿÿÿÿÿŸ1‚˜®z
05-20 18:23:49.373 E/SurfaceFlinger( 1320): Error while compiling shader: 
05-20 18:23:49.373 E/SurfaceFlinger( 1320): precision mediump float;
05-20 18:23:49.373 E/SurfaceFlinger( 1320): uniform vec4 color;
05-20 18:23:49.373 E/SurfaceFlinger( 1320): uniform float alphaPlane;
05-20 18:23:49.373 E/SurfaceFlinger( 1320): void main(void) {
05-20 18:23:49.373 E/SurfaceFlinger( 1320):     gl_FragColor = color;
05-20 18:23:49.373 E/SurfaceFlinger( 1320):     gl_FragColor.a = 1.0;
05-20 18:23:49.373 E/SurfaceFlinger( 1320):     gl_FragColor.a *= alphaPlane;
05-20 18:23:49.373 E/SurfaceFlinger( 1320): }
05-20 18:23:49.373 E/SurfaceFlinger( 1320): 
05-20 18:23:49.373 E/SurfaceFlinger( 1320): öÿÿÿÿÿÿÿŸ1‚˜®z
05-20 18:23:49.373 E/SurfaceFlinger( 1320): Error while linking shaders:
05-20 18:23:49.374 E/SurfaceFlinger( 1320): Error while compiling shader: 
05-20 18:23:49.374 E/SurfaceFlinger( 1320): attribute vec4 position;
05-20 18:23:49.374 E/SurfaceFlinger( 1320): uniform mat4 projection;
05-20 18:23:49.374 E/SurfaceFlinger( 1320): uniform mat4 texture;
05-20 18:23:49.374 E/SurfaceFlinger( 1320): void main(void) {
05-20 18:23:49.374 E/SurfaceFlinger( 1320):     gl_Position = projection * position;
05-20 18:23:49.374 E/SurfaceFlinger( 1320): }
05-20 18:23:49.374 E/SurfaceFlinger( 1320): 
05-20 18:23:49.374 E/SurfaceFlinger( 1320): öÿÿÿÿÿÿÿŸ1‚˜®z
05-20 18:23:49.374 E/SurfaceFlinger( 1320): Error while compiling shader: 
05-20 18:23:49.374 E/SurfaceFlinger( 1320): precision mediump float;
05-20 18:23:49.374 E/SurfaceFlinger( 1320): uniform vec4 color;
05-20 18:23:49.374 E/SurfaceFlinger( 1320): uniform float alphaPlane;
05-20 18:23:49.374 E/SurfaceFlinger( 1320): void main(void) {
05-20 18:23:49.374 E/SurfaceFlinger( 1320):     gl_FragColor = color;
05-20 18:23:49.374 E/SurfaceFlinger( 1320):     gl_FragColor.a = 1.0;
05-20 18:23:49.374 E/SurfaceFlinger( 1320):     gl_FragColor *= alphaPlane;
05-20 18:23:49.374 E/SurfaceFlinger( 1320): }
05-20 18:23:49.374 E/SurfaceFlinger( 1320): 
05-20 18:23:49.374 E/SurfaceFlinger( 1320): öÿÿÿÿÿÿÿŸ1‚˜®z
05-20 18:23:49.374 E/SurfaceFlinger( 1320): Error while linking shaders:
05-20 18:23:49.374 E/SurfaceFlinger( 1320): Error while compiling shader: 
05-20 18:23:49.374 E/SurfaceFlinger( 1320): attribute vec4 texCoords;
05-20 18:23:49.374 E/SurfaceFlinger( 1320): varying vec2 outTexCoords;
05-20 18:23:49.374 E/SurfaceFlinger( 1320): attribute vec4 position;
05-20 18:23:49.374 E/SurfaceFlinger( 1320): uniform mat4 projection;
05-20 18:23:49.374 E/SurfaceFlinger( 1320): uniform mat4 texture;
05-20 18:23:49.374 E/SurfaceFlinger( 1320): void main(void) {
05-20 18:23:49.374 E/SurfaceFlinger( 1320):     gl_Position = projection * position;
05-20 18:23:49.374 E/SurfaceFlinger( 1320):     outTexCoords = (texture * texCoords).st;
05-20 18:23:49.374 E/SurfaceFlinger( 1320): }
05-20 18:23:49.374 E/SurfaceFlinger( 1320): 
05-20 18:23:49.374 E/SurfaceFlinger( 1320): öÿÿÿÿÿÿÿŸ1‚˜®z
05-20 18:23:49.374 E/SurfaceFlinger( 1320): Error while compiling shader: 
05-20 18:23:49.374 E/SurfaceFlinger( 1320): #extension GL_OES_EGL_image_external : require
05-20 18:23:49.374 E/SurfaceFlinger( 1320): precision mediump float;
05-20 18:23:49.374 E/SurfaceFlinger( 1320): uniform samplerExternalOES sampler;
05-20 18:23:49.374 E/SurfaceFlinger( 1320): varying vec2 outTexCoords;
05-20 18:23:49.374 E/SurfaceFlinger( 1320): void main(void) {
05-20 18:23:49.374 E/SurfaceFlinger( 1320):     gl_FragColor = texture2D(sampler, outTexCoords);
05-20 18:23:49.374 E/SurfaceFlinger( 1320): }
05-20 18:23:49.374 E/SurfaceFlinger( 1320): 
05-20 18:23:49.374 E/SurfaceFlinger( 1320): öÿÿÿÿÿÿÿŸ1‚˜®z
05-20 18:23:49.374 E/SurfaceFlinger( 1320): Error while linking shaders:
05-20 18:23:49.374 E/SurfaceFlinger( 1320): Error while compiling shader: 
05-20 18:23:49.374 E/SurfaceFlinger( 1320): attribute vec4 texCoords;
05-20 18:23:49.374 E/SurfaceFlinger( 1320): varying vec2 outTexCoords;
05-20 18:23:49.374 E/SurfaceFlinger( 1320): attribute vec4 position;
05-20 18:23:49.374 E/SurfaceFlinger( 1320): uniform mat4 projection;
05-20 18:23:49.374 E/SurfaceFlinger( 1320): uniform mat4 texture;
05-20 18:23:49.374 E/SurfaceFlinger( 1320): void main(void) {
05-20 18:23:49.374 E/SurfaceFlinger( 1320):     gl_Position = projection * position;
05-20 18:23:49.374 E/SurfaceFlinger( 1320):     outTexCoords = (texture * texCoords).st;
05-20 18:23:49.374 E/SurfaceFlinger( 1320): }
05-20 18:23:49.374 E/SurfaceFlinger( 1320): 
05-20 18:23:49.374 E/SurfaceFlinger( 1320): öÿÿÿÿÿÿÿŸ1‚˜®z
05-20 18:23:49.374 E/SurfaceFlinger( 1320): Error while compiling shader: 
05-20 18:23:49.374 E/SurfaceFlinger( 1320): #extension GL_OES_EGL_image_external : require
05-20 18:23:49.374 E/SurfaceFlinger( 1320): precision mediump float;
05-20 18:23:49.374 E/SurfaceFlinger( 1320): uniform samplerExternalOES sampler;
05-20 18:23:49.374 E/SurfaceFlinger( 1320): varying vec2 outTexCoords;
05-20 18:23:49.374 E/SurfaceFlinger( 1320): void main(void) {
05-20 18:23:49.374 E/SurfaceFlinger( 1320):     gl_FragColor = texture2D(sampler, outTexCoords);
05-20 18:23:49.374 E/SurfaceFlinger( 1320): }
05-20 18:23:49.374 E/SurfaceFlinger( 1320): 
05-20 18:23:49.374 E/SurfaceFlinger( 1320): öÿÿÿÿÿÿÿŸ1‚˜®z
05-20 18:23:49.374 E/SurfaceFlinger( 1320): Error while linking shaders:
05-20 18:23:49.374 E/SurfaceFlinger( 1320): Error while compiling shader: 
05-20 18:23:49.374 E/SurfaceFlinger( 1320): attribute vec4 texCoords;
05-20 18:23:49.374 E/SurfaceFlinger( 1320): varying vec2 outTexCoords;
05-20 18:23:49.374 E/SurfaceFlinger( 1320): attribute vec4 position;
05-20 18:23:49.374 E/SurfaceFlinger( 1320): uniform mat4 projection;
05-20 18:23:49.374 E/SurfaceFlinger( 1320): uniform mat4 texture;
05-20 18:23:49.374 E/SurfaceFlinger( 1320): void main(void) {
05-20 18:23:49.374 E/SurfaceFlinger( 1320):     gl_Position = projection * position;
05-20 18:23:49.374 E/SurfaceFlinger( 1320):     outTexCoords = (texture * texCoords).st;
05-20 18:23:49.374 E/SurfaceFlinger( 1320): }
05-20 18:23:49.374 E/SurfaceFlinger( 1320): 
05-20 18:23:49.374 E/SurfaceFlinger( 1320): öÿÿÿÿÿÿÿŸ1‚˜®z
05-20 18:23:49.374 E/SurfaceFlinger( 1320): Error while compiling shader: 
05-20 18:23:49.374 E/SurfaceFlinger( 1320): #extension GL_OES_EGL_image_external : require
05-20 18:23:49.374 E/SurfaceFlinger( 1320): precision mediump float;
05-20 18:23:49.374 E/SurfaceFlinger( 1320): uniform samplerExternalOES sampler;
05-20 18:23:49.374 E/SurfaceFlinger( 1320): varying vec2 outTexCoords;
05-20 18:23:49.374 E/SurfaceFlinger( 1320): void main(void) {
05-20 18:23:49.374 E/SurfaceFlinger( 1320):     gl_FragColor = texture2D(sampler, outTexCoords);
05-20 18:23:49.374 E/SurfaceFlinger( 1320):     gl_FragColor.a = 1.0;
05-20 18:23:49.374 E/SurfaceFlinger( 1320): }
05-20 18:23:49.374 E/SurfaceFlinger( 1320): 
05-20 18:23:49.374 E/SurfaceFlinger( 1320): öÿÿÿÿÿÿÿŸ1‚˜®z
05-20 18:23:49.374 E/SurfaceFlinger( 1320): Error while linking shaders:
05-20 18:23:49.374 E/SurfaceFlinger( 1320): Error while compiling shader: 
05-20 18:23:49.374 E/SurfaceFlinger( 1320): attribute vec4 texCoords;
05-20 18:23:49.374 E/SurfaceFlinger( 1320): varying vec2 outTexCoords;
05-20 18:23:49.374 E/SurfaceFlinger( 1320): attribute vec4 position;
05-20 18:23:49.374 E/SurfaceFlinger( 1320): uniform mat4 projection;
05-20 18:23:49.374 E/SurfaceFlinger( 1320): uniform mat4 texture;
05-20 18:23:49.374 E/SurfaceFlinger( 1320): void main(void) {
05-20 18:23:49.374 E/SurfaceFlinger( 1320):     gl_Position = projection * position;
05-20 18:23:49.374 E/SurfaceFlinger( 1320):     outTexCoords = (texture * texCoords).st;
05-20 18:23:49.374 E/SurfaceFlinger( 1320): }
05-20 18:23:49.374 E/SurfaceFlinger( 1320): 
05-20 18:23:49.374 E/SurfaceFlinger( 1320): öÿÿÿÿÿÿÿŸ1‚˜®z
05-20 18:23:49.374 E/SurfaceFlinger( 1320): Error while compiling shader: 
05-20 18:23:49.374 E/SurfaceFlinger( 1320): #extension GL_OES_EGL_image_external : require
05-20 18:23:49.374 E/SurfaceFlinger( 1320): precision mediump float;
05-20 18:23:49.374 E/SurfaceFlinger( 1320): uniform samplerExternalOES sampler;
05-20 18:23:49.374 E/SurfaceFlinger( 1320): varying vec2 outTexCoords;
05-20 18:23:49.374 E/SurfaceFlinger( 1320): void main(void) {
05-20 18:23:49.374 E/SurfaceFlinger( 1320):     gl_FragColor = texture2D(sampler, outTexCoords);
05-20 18:23:49.374 E/SurfaceFlinger( 1320):     gl_FragColor.a = 1.0;
05-20 18:23:49.374 E/SurfaceFlinger( 1320): }
05-20 18:23:49.374 E/SurfaceFlinger( 1320): 
05-20 18:23:49.374 E/SurfaceFlinger( 1320): öÿÿÿÿÿÿÿŸ1‚˜®z
05-20 18:23:49.374 E/SurfaceFlinger( 1320): Error while linking shaders:
05-20 18:23:49.374 E/SurfaceFlinger( 1320): Error while compiling shader: 
05-20 18:23:49.374 E/SurfaceFlinger( 1320): attribute vec4 texCoords;
05-20 18:23:49.374 E/SurfaceFlinger( 1320): varying vec2 outTexCoords;
05-20 18:23:49.374 E/SurfaceFlinger( 1320): attribute vec4 position;
05-20 18:23:49.374 E/SurfaceFlinger( 1320): uniform mat4 projection;
05-20 18:23:49.374 E/SurfaceFlinger( 1320): uniform mat4 texture;
05-20 18:23:49.374 E/SurfaceFlinger( 1320): void main(void) {
05-20 18:23:49.374 E/SurfaceFlinger( 1320):     gl_Position = projection * position;
05-20 18:23:49.374 E/SurfaceFlinger( 1320):     outTexCoords = (texture * texCoords).st;
05-20 18:23:49.374 E/SurfaceFlinger( 1320): }
05-20 18:23:49.374 E/SurfaceFlinger( 1320): 
05-20 18:23:49.374 E/SurfaceFlinger( 1320): öÿÿÿÿÿÿÿŸ1‚˜®z
05-20 18:23:49.374 E/SurfaceFlinger( 1320): Error while compiling shader: 
05-20 18:23:49.374 E/SurfaceFlinger( 1320): #extension GL_OES_EGL_image_external : require
05-20 18:23:49.374 E/SurfaceFlinger( 1320): precision mediump float;
05-20 18:23:49.374 E/SurfaceFlinger( 1320): uniform samplerExternalOES sampler;
05-20 18:23:49.374 E/SurfaceFlinger( 1320): varying vec2 outTexCoords;
05-20 18:23:49.374 E/SurfaceFlinger( 1320): uniform float alphaPlane;
05-20 18:23:49.374 E/SurfaceFlinger( 1320): void main(void) {
05-20 18:23:49.374 E/SurfaceFlinger( 1320):     gl_FragColor = texture2D(sampler, outTexCoords);
05-20 18:23:49.374 E/SurfaceFlinger( 1320):     gl_FragColor.a *= alphaPlane;
05-20 18:23:49.374 E/SurfaceFlinger( 1320): }
05-20 18:23:49.374 E/SurfaceFlinger( 1320): 
05-20 18:23:49.374 E/SurfaceFlinger( 1320): öÿÿÿÿÿÿÿŸ1‚˜®z
05-20 18:23:49.374 E/SurfaceFlinger( 1320): Error while linking shaders:
05-20 18:23:49.375 E/SurfaceFlinger( 1320): Error while compiling shader: 
05-20 18:23:49.375 E/SurfaceFlinger( 1320): attribute vec4 texCoords;
05-20 18:23:49.375 E/SurfaceFlinger( 1320): varying vec2 outTexCoords;
05-20 18:23:49.375 E/SurfaceFlinger( 1320): attribute vec4 position;
05-20 18:23:49.375 E/SurfaceFlinger( 1320): uniform mat4 projection;
05-20 18:23:49.375 E/SurfaceFlinger( 1320): uniform mat4 texture;
05-20 18:23:49.375 E/SurfaceFlinger( 1320): void main(void) {
05-20 18:23:49.375 E/SurfaceFlinger( 1320):     gl_Position = projection * position;
05-20 18:23:49.375 E/SurfaceFlinger( 1320):     outTexCoords = (texture * texCoords).st;
05-20 18:23:49.375 E/SurfaceFlinger( 1320): }
05-20 18:23:49.375 E/SurfaceFlinger( 1320): 
05-20 18:23:49.375 E/SurfaceFlinger( 1320): öÿÿÿÿÿÿÿŸ1‚˜®z
05-20 18:23:49.375 E/SurfaceFlinger( 1320): Error while compiling shader: 
05-20 18:23:49.375 E/SurfaceFlinger( 1320): #extension GL_OES_EGL_image_external : require
05-20 18:23:49.375 E/SurfaceFlinger( 1320): precision mediump float;
05-20 18:23:49.375 E/SurfaceFlinger( 1320): uniform samplerExternalOES sampler;
05-20 18:23:49.375 E/SurfaceFlinger( 1320): varying vec2 outTexCoords;
05-20 18:23:49.375 E/SurfaceFlinger( 1320): uniform float alphaPlane;
05-20 18:23:49.375 E/SurfaceFlinger( 1320): void main(void) {
05-20 18:23:49.375 E/SurfaceFlinger( 1320):     gl_FragColor = texture2D(sampler, outTexCoords);
05-20 18:23:49.375 E/SurfaceFlinger( 1320):     gl_FragColor *= alphaPlane;
05-20 18:23:49.375 E/SurfaceFlinger( 1320): }
05-20 18:23:49.375 E/SurfaceFlinger( 1320): 
05-20 18:23:49.375 E/SurfaceFlinger( 1320): öÿÿÿÿÿÿÿŸ1‚˜®z
05-20 18:23:49.375 E/SurfaceFlinger( 1320): Error while linking shaders:
05-20 18:23:49.375 E/SurfaceFlinger( 1320): Error while compiling shader: 
05-20 18:23:49.375 E/SurfaceFlinger( 1320): attribute vec4 texCoords;
05-20 18:23:49.375 E/SurfaceFlinger( 1320): varying vec2 outTexCoords;
05-20 18:23:49.375 E/SurfaceFlinger( 1320): attribute vec4 position;
05-20 18:23:49.375 E/SurfaceFlinger( 1320): uniform mat4 projection;
05-20 18:23:49.375 E/SurfaceFlinger( 1320): uniform mat4 texture;
05-20 18:23:49.375 E/SurfaceFlinger( 1320): void main(void) {
05-20 18:23:49.375 E/SurfaceFlinger( 1320):     gl_Position = projection * position;
05-20 18:23:49.375 E/SurfaceFlinger( 1320):     outTexCoords = (texture * texCoords).st;
05-20 18:23:49.375 E/SurfaceFlinger( 1320): }
05-20 18:23:49.375 E/SurfaceFlinger( 1320): 
05-20 18:23:49.375 E/SurfaceFlinger( 1320): öÿÿÿÿÿÿÿŸ1‚˜®z
05-20 18:23:49.375 E/SurfaceFlinger( 1320): Error while compiling shader: 
05-20 18:23:49.375 E/SurfaceFlinger( 1320): #extension GL_OES_EGL_image_external : require
05-20 18:23:49.375 E/SurfaceFlinger( 1320): precision mediump float;
05-20 18:23:49.375 E/SurfaceFlinger( 1320): uniform samplerExternalOES sampler;
05-20 18:23:49.375 E/SurfaceFlinger( 1320): varying vec2 outTexCoords;
05-20 18:23:49.375 E/SurfaceFlinger( 1320): uniform float alphaPlane;
05-20 18:23:49.375 E/SurfaceFlinger( 1320): void main(void) {
05-20 18:23:49.375 E/SurfaceFlinger( 1320):     gl_FragColor = texture2D(sampler, outTexCoords);
05-20 18:23:49.375 E/SurfaceFlinger( 1320):     gl_FragColor.a = 1.0;
05-20 18:23:49.375 E/SurfaceFlinger( 1320):     gl_FragColor.a *= alphaPlane;
05-20 18:23:49.375 E/SurfaceFlinger( 1320): }
05-20 18:23:49.375 E/SurfaceFlinger( 1320): 
05-20 18:23:49.375 E/SurfaceFlinger( 1320): öÿÿÿÿÿÿÿŸ1‚˜®z
05-20 18:23:49.375 E/SurfaceFlinger( 1320): Error while linking shaders:
05-20 18:23:49.375 E/SurfaceFlinger( 1320): Error while compiling shader: 
05-20 18:23:49.375 E/SurfaceFlinger( 1320): attribute vec4 texCoords;
05-20 18:23:49.375 E/SurfaceFlinger( 1320): varying vec2 outTexCoords;
05-20 18:23:49.375 E/SurfaceFlinger( 1320): attribute vec4 position;
05-20 18:23:49.375 E/SurfaceFlinger( 1320): uniform mat4 projection;
05-20 18:23:49.375 E/SurfaceFlinger( 1320): uniform mat4 texture;
05-20 18:23:49.375 E/SurfaceFlinger( 1320): void main(void) {
05-20 18:23:49.375 E/SurfaceFlinger( 1320):     gl_Position = projection * position;
05-20 18:23:49.375 E/SurfaceFlinger( 1320):     outTexCoords = (texture * texCoords).st;
05-20 18:23:49.375 E/SurfaceFlinger( 1320): }
05-20 18:23:49.375 E/SurfaceFlinger( 1320): 
05-20 18:23:49.375 E/SurfaceFlinger( 1320): öÿÿÿÿÿÿÿŸ1‚˜®z
05-20 18:23:49.375 E/SurfaceFlinger( 1320): Error while compiling shader: 
05-20 18:23:49.375 E/SurfaceFlinger( 1320): #extension GL_OES_EGL_image_external : require
05-20 18:23:49.375 E/SurfaceFlinger( 1320): precision mediump float;
05-20 18:23:49.375 E/SurfaceFlinger( 1320): uniform samplerExternalOES sampler;
05-20 18:23:49.375 E/SurfaceFlinger( 1320): varying vec2 outTexCoords;
05-20 18:23:49.375 E/SurfaceFlinger( 1320): uniform float alphaPlane;
05-20 18:23:49.375 E/SurfaceFlinger( 1320): void main(void) {
05-20 18:23:49.375 E/SurfaceFlinger( 1320):     gl_FragColor = texture2D(sampler, outTexCoords);
05-20 18:23:49.375 E/SurfaceFlinger( 1320):     gl_FragColor.a = 1.0;
05-20 18:23:49.375 E/SurfaceFlinger( 1320):     gl_FragColor *= alphaPlane;
05-20 18:23:49.375 E/SurfaceFlinger( 1320): }
05-20 18:23:49.375 E/SurfaceFlinger( 1320): 
05-20 18:23:49.375 E/SurfaceFlinger( 1320): öÿÿÿÿÿÿÿŸ1‚˜®z
05-20 18:23:49.375 E/SurfaceFlinger( 1320): Error while linking shaders:
05-20 18:23:49.375 E/SurfaceFlinger( 1320): Error while compiling shader: 
05-20 18:23:49.375 E/SurfaceFlinger( 1320): attribute vec4 texCoords;
05-20 18:23:49.375 E/SurfaceFlinger( 1320): varying vec2 outTexCoords;
05-20 18:23:49.375 E/SurfaceFlinger( 1320): attribute vec4 position;
05-20 18:23:49.375 E/SurfaceFlinger( 1320): uniform mat4 projection;
05-20 18:23:49.375 E/SurfaceFlinger( 1320): uniform mat4 texture;
05-20 18:23:49.375 E/SurfaceFlinger( 1320): void main(void) {
05-20 18:23:49.375 E/SurfaceFlinger( 1320):     gl_Position = projection * position;
05-20 18:23:49.375 E/SurfaceFlinger( 1320):     outTexCoords = (texture * texCoords).st;
05-20 18:23:49.375 E/SurfaceFlinger( 1320): }
05-20 18:23:49.375 E/SurfaceFlinger( 1320): 
05-20 18:23:49.375 E/SurfaceFlinger( 1320): öÿÿÿÿÿÿÿŸ1‚˜®z
05-20 18:23:49.375 E/SurfaceFlinger( 1320): Error while compiling shader: 
05-20 18:23:49.375 E/SurfaceFlinger( 1320): precision mediump float;
05-20 18:23:49.375 E/SurfaceFlinger( 1320): uniform sampler2D sampler;
05-20 18:23:49.375 E/SurfaceFlinger( 1320): varying vec2 outTexCoords;
05-20 18:23:49.375 E/SurfaceFlinger( 1320): void main(void) {
05-20 18:23:49.375 E/SurfaceFlinger( 1320):     gl_FragColor = texture2D(sampler, outTexCoords);
05-20 18:23:49.375 E/SurfaceFlinger( 1320): }
05-20 18:23:49.375 E/SurfaceFlinger( 1320): 
05-20 18:23:49.375 E/SurfaceFlinger( 1320): öÿÿÿÿÿÿÿŸ1‚˜®z
05-20 18:23:49.375 E/SurfaceFlinger( 1320): Error while linking shaders:
05-20 18:23:49.375 E/SurfaceFlinger( 1320): Error while compiling shader: 
05-20 18:23:49.375 E/SurfaceFlinger( 1320): attribute vec4 texCoords;
05-20 18:23:49.375 E/SurfaceFlinger( 1320): varying vec2 outTexCoords;
05-20 18:23:49.375 E/SurfaceFlinger( 1320): attribute vec4 position;
05-20 18:23:49.375 E/SurfaceFlinger( 1320): uniform mat4 projection;
05-20 18:23:49.375 E/SurfaceFlinger( 1320): uniform mat4 texture;
05-20 18:23:49.375 E/SurfaceFlinger( 1320): void main(void) {
05-20 18:23:49.375 E/SurfaceFlinger( 1320):     gl_Position = projection * position;
05-20 18:23:49.375 E/SurfaceFlinger( 1320):     outTexCoords = (texture * texCoords).st;
05-20 18:23:49.375 E/SurfaceFlinger( 1320): }
05-20 18:23:49.375 E/SurfaceFlinger( 1320): 
05-20 18:23:49.375 E/SurfaceFlinger( 1320): öÿÿÿÿÿÿÿŸ1‚˜®z
05-20 18:23:49.375 E/SurfaceFlinger( 1320): Error while compiling shader: 
05-20 18:23:49.375 E/SurfaceFlinger( 1320): precision mediump float;
05-20 18:23:49.375 E/SurfaceFlinger( 1320): uniform sampler2D sampler;
05-20 18:23:49.375 E/SurfaceFlinger( 1320): varying vec2 outTexCoords;
05-20 18:23:49.375 E/SurfaceFlinger( 1320): void main(void) {
05-20 18:23:49.375 E/SurfaceFlinger( 1320):     gl_FragColor = texture2D(sampler, outTexCoords);
05-20 18:23:49.375 E/SurfaceFlinger( 1320): }
05-20 18:23:49.375 E/SurfaceFlinger( 1320): 
05-20 18:23:49.375 E/SurfaceFlinger( 1320): öÿÿÿÿÿÿÿŸ1‚˜®z
05-20 18:23:49.375 E/SurfaceFlinger( 1320): Error while linking shaders:
05-20 18:23:49.375 E/SurfaceFlinger( 1320): Error while compiling shader: 
05-20 18:23:49.375 E/SurfaceFlinger( 1320): attribute vec4 texCoords;
05-20 18:23:49.375 E/SurfaceFlinger( 1320): varying vec2 outTexCoords;
05-20 18:23:49.375 E/SurfaceFlinger( 1320): attribute vec4 position;
05-20 18:23:49.375 E/SurfaceFlinger( 1320): uniform mat4 projection;
05-20 18:23:49.375 E/SurfaceFlinger( 1320): uniform mat4 texture;
05-20 18:23:49.375 E/SurfaceFlinger( 1320): void main(void) {
05-20 18:23:49.375 E/SurfaceFlinger( 1320):     gl_Position = projection * position;
05-20 18:23:49.375 E/SurfaceFlinger( 1320):     outTexCoords = (texture * texCoords).st;
05-20 18:23:49.375 E/SurfaceFlinger( 1320): }
05-20 18:23:49.375 E/SurfaceFlinger( 1320): 
05-20 18:23:49.375 E/SurfaceFlinger( 1320): öÿÿÿÿÿÿÿŸ1‚˜®z
05-20 18:23:49.375 E/SurfaceFlinger( 1320): Error while compiling shader: 
05-20 18:23:49.375 E/SurfaceFlinger( 1320): precision mediump float;
05-20 18:23:49.375 E/SurfaceFlinger( 1320): uniform sampler2D sampler;
05-20 18:23:49.375 E/SurfaceFlinger( 1320): varying vec2 outTexCoords;
05-20 18:23:49.375 E/SurfaceFlinger( 1320): void main(void) {
05-20 18:23:49.375 E/SurfaceFlinger( 1320):     gl_FragColor = texture2D(sampler, outTexCoords);
05-20 18:23:49.375 E/SurfaceFlinger( 1320):     gl_FragColor.a = 1.0;
05-20 18:23:49.375 E/SurfaceFlinger( 1320): }
05-20 18:23:49.375 E/SurfaceFlinger( 1320): 
05-20 18:23:49.375 E/SurfaceFlinger( 1320): öÿÿÿÿÿÿÿŸ1‚˜®z
05-20 18:23:49.375 E/SurfaceFlinger( 1320): Error while linking shaders:
05-20 18:23:49.375 E/SurfaceFlinger( 1320): Error while compiling shader: 
05-20 18:23:49.375 E/SurfaceFlinger( 1320): attribute vec4 texCoords;
05-20 18:23:49.375 E/SurfaceFlinger( 1320): varying vec2 outTexCoords;
05-20 18:23:49.375 E/SurfaceFlinger( 1320): attribute vec4 position;
05-20 18:23:49.375 E/SurfaceFlinger( 1320): uniform mat4 projection;
05-20 18:23:49.375 E/SurfaceFlinger( 1320): uniform mat4 texture;
05-20 18:23:49.375 E/SurfaceFlinger( 1320): void main(void) {
05-20 18:23:49.375 E/SurfaceFlinger( 1320):     gl_Position = projection * position;
05-20 18:23:49.375 E/SurfaceFlinger( 1320):     outTexCoords = (texture * texCoords).st;
05-20 18:23:49.375 E/SurfaceFlinger( 1320): }
05-20 18:23:49.375 E/SurfaceFlinger( 1320): 
05-20 18:23:49.375 E/SurfaceFlinger( 1320): öÿÿÿÿÿÿÿŸ1‚˜®z
05-20 18:23:49.375 E/SurfaceFlinger( 1320): Error while compiling shader: 
05-20 18:23:49.375 E/SurfaceFlinger( 1320): precision mediump float;
05-20 18:23:49.375 E/SurfaceFlinger( 1320): uniform sampler2D sampler;
05-20 18:23:49.375 E/SurfaceFlinger( 1320): varying vec2 outTexCoords;
05-20 18:23:49.375 E/SurfaceFlinger( 1320): void main(void) {
05-20 18:23:49.375 E/SurfaceFlinger( 1320):     gl_FragColor = texture2D(sampler, outTexCoords);
05-20 18:23:49.375 E/SurfaceFlinger( 1320):     gl_FragColor.a = 1.0;
05-20 18:23:49.375 E/SurfaceFlinger( 1320): }
05-20 18:23:49.375 E/SurfaceFlinger( 1320): 
05-20 18:23:49.375 E/SurfaceFlinger( 1320): öÿÿÿÿÿÿÿŸ1‚˜®z
05-20 18:23:49.375 E/SurfaceFlinger( 1320): Error while linking shaders:
05-20 18:23:49.376 E/SurfaceFlinger( 1320): Error while compiling shader: 
05-20 18:23:49.376 E/SurfaceFlinger( 1320): attribute vec4 texCoords;
05-20 18:23:49.376 E/SurfaceFlinger( 1320): varying vec2 outTexCoords;
05-20 18:23:49.376 E/SurfaceFlinger( 1320): attribute vec4 position;
05-20 18:23:49.376 E/SurfaceFlinger( 1320): uniform mat4 projection;
05-20 18:23:49.376 E/SurfaceFlinger( 1320): uniform mat4 texture;
05-20 18:23:49.376 E/SurfaceFlinger( 1320): void main(void) {
05-20 18:23:49.376 E/SurfaceFlinger( 1320):     gl_Position = projection * position;
05-20 18:23:49.376 E/SurfaceFlinger( 1320):     outTexCoords = (texture * texCoords).st;
05-20 18:23:49.376 E/SurfaceFlinger( 1320): }
05-20 18:23:49.376 E/SurfaceFlinger( 1320): 
05-20 18:23:49.376 E/SurfaceFlinger( 1320): öÿÿÿÿÿÿÿŸ1‚˜®z
05-20 18:23:49.376 E/SurfaceFlinger( 1320): Error while compiling shader: 
05-20 18:23:49.376 E/SurfaceFlinger( 1320): precision mediump float;
05-20 18:23:49.376 E/SurfaceFlinger( 1320): uniform sampler2D sampler;
05-20 18:23:49.376 E/SurfaceFlinger( 1320): varying vec2 outTexCoords;
05-20 18:23:49.376 E/SurfaceFlinger( 1320): uniform float alphaPlane;
05-20 18:23:49.376 E/SurfaceFlinger( 1320): void main(void) {
05-20 18:23:49.376 E/SurfaceFlinger( 1320):     gl_FragColor = texture2D(sampler, outTexCoords);
05-20 18:23:49.376 E/SurfaceFlinger( 1320):     gl_FragColor.a *= alphaPlane;
05-20 18:23:49.376 E/SurfaceFlinger( 1320): }
05-20 18:23:49.376 E/SurfaceFlinger( 1320): 
05-20 18:23:49.376 E/SurfaceFlinger( 1320): öÿÿÿÿÿÿÿŸ1‚˜®z
05-20 18:23:49.376 E/SurfaceFlinger( 1320): Error while linking shaders:
05-20 18:23:49.376 E/SurfaceFlinger( 1320): Error while compiling shader: 
05-20 18:23:49.376 E/SurfaceFlinger( 1320): attribute vec4 texCoords;
05-20 18:23:49.376 E/SurfaceFlinger( 1320): varying vec2 outTexCoords;
05-20 18:23:49.376 E/SurfaceFlinger( 1320): attribute vec4 position;
05-20 18:23:49.376 E/SurfaceFlinger( 1320): uniform mat4 projection;
05-20 18:23:49.376 E/SurfaceFlinger( 1320): uniform mat4 texture;
05-20 18:23:49.376 E/SurfaceFlinger( 1320): void main(void) {
05-20 18:23:49.376 E/SurfaceFlinger( 1320):     gl_Position = projection * position;
05-20 18:23:49.376 E/SurfaceFlinger( 1320):     outTexCoords = (texture * texCoords).st;
05-20 18:23:49.376 E/SurfaceFlinger( 1320): }
05-20 18:23:49.376 E/SurfaceFlinger( 1320): 
05-20 18:23:49.376 E/SurfaceFlinger( 1320): öÿÿÿÿÿÿÿŸ1‚˜®z
05-20 18:23:49.376 E/SurfaceFlinger( 1320): Error while compiling shader: 
05-20 18:23:49.376 E/SurfaceFlinger( 1320): precision mediump float;
05-20 18:23:49.376 E/SurfaceFlinger( 1320): uniform sampler2D sampler;
05-20 18:23:49.376 E/SurfaceFlinger( 1320): varying vec2 outTexCoords;
05-20 18:23:49.376 E/SurfaceFlinger( 1320): uniform float alphaPlane;
05-20 18:23:49.376 E/SurfaceFlinger( 1320): void main(void) {
05-20 18:23:49.376 E/SurfaceFlinger( 1320):     gl_FragColor = texture2D(sampler, outTexCoords);
05-20 18:23:49.376 E/SurfaceFlinger( 1320):     gl_FragColor *= alphaPlane;
05-20 18:23:49.376 E/SurfaceFlinger( 1320): }
05-20 18:23:49.376 E/SurfaceFlinger( 1320): 
05-20 18:23:49.376 E/SurfaceFlinger( 1320): öÿÿÿÿÿÿÿŸ1‚˜®z
05-20 18:23:49.376 E/SurfaceFlinger( 1320): Error while linking shaders:
05-20 18:23:49.376 E/SurfaceFlinger( 1320): Error while compiling shader: 
05-20 18:23:49.376 E/SurfaceFlinger( 1320): attribute vec4 texCoords;
05-20 18:23:49.376 E/SurfaceFlinger( 1320): varying vec2 outTexCoords;
05-20 18:23:49.376 E/SurfaceFlinger( 1320): attribute vec4 position;
05-20 18:23:49.376 E/SurfaceFlinger( 1320): uniform mat4 projection;
05-20 18:23:49.376 E/SurfaceFlinger( 1320): uniform mat4 texture;
05-20 18:23:49.376 E/SurfaceFlinger( 1320): void main(void) {
05-20 18:23:49.376 E/SurfaceFlinger( 1320):     gl_Position = projection * position;
05-20 18:23:49.376 E/SurfaceFlinger( 1320):     outTexCoords = (texture * texCoords).st;
05-20 18:23:49.376 E/SurfaceFlinger( 1320): }
05-20 18:23:49.376 E/SurfaceFlinger( 1320): 
05-20 18:23:49.376 E/SurfaceFlinger( 1320): öÿÿÿÿÿÿÿŸ1‚˜®z
05-20 18:23:49.376 E/SurfaceFlinger( 1320): Error while compiling shader: 
05-20 18:23:49.376 E/SurfaceFlinger( 1320): precision mediump float;
05-20 18:23:49.376 E/SurfaceFlinger( 1320): uniform sampler2D sampler;
05-20 18:23:49.376 E/SurfaceFlinger( 1320): varying vec2 outTexCoords;
05-20 18:23:49.376 E/SurfaceFlinger( 1320): uniform float alphaPlane;
05-20 18:23:49.376 E/SurfaceFlinger( 1320): void main(void) {
05-20 18:23:49.376 E/SurfaceFlinger( 1320):     gl_FragColor = texture2D(sampler, outTexCoords);
05-20 18:23:49.376 E/SurfaceFlinger( 1320):     gl_FragColor.a = 1.0;
05-20 18:23:49.376 E/SurfaceFlinger( 1320):     gl_FragColor.a *= alphaPlane;
05-20 18:23:49.376 E/SurfaceFlinger( 1320): }
05-20 18:23:49.376 E/SurfaceFlinger( 1320): 
05-20 18:23:49.376 E/SurfaceFlinger( 1320): öÿÿÿÿÿÿÿŸ1‚˜®z
05-20 18:23:49.376 E/SurfaceFlinger( 1320): Error while linking shaders:
05-20 18:23:49.376 E/SurfaceFlinger( 1320): Error while compiling shader: 
05-20 18:23:49.376 E/SurfaceFlinger( 1320): attribute vec4 texCoords;
05-20 18:23:49.376 E/SurfaceFlinger( 1320): varying vec2 outTexCoords;
05-20 18:23:49.376 E/SurfaceFlinger( 1320): attribute vec4 position;
05-20 18:23:49.376 E/SurfaceFlinger( 1320): uniform mat4 projection;
05-20 18:23:49.376 E/SurfaceFlinger( 1320): uniform mat4 texture;
