05-02 04:24:08.077 D/ZenLog  ( 2143): config: cleanUpZenRules,ZenModeConfig[user=0,allowCalls=true,allowRepeatCallers=false,allowMessages=false,allowCallsFrom=contacts,allowMessagesFrom=contacts,allowReminders=true,allowEvents=true,allowWhenScreenOff=true,allowWhenScreenOn=true,automaticRules={370bd6672ef541ba946db9ac4aef0faf=ZenRule[enabled=false,snoozing=false,name=Weeknight,zenMode=ZEN_MODE_ALARMS,conditionId=condition://android/schedule?days=1.2.3.4.5&start=22.0&end=7.0&exitAtAlarm=false,condition=Condition[id=condition://android/schedule?days=1.2.3.4.5&start=22.0&end=7.0&exitAtAlarm=false,summary=...,line1=...,line2=...,icon=0,state=STATE_FALSE,flags=2],component=ComponentInfo{android/com.android.server.notification.ScheduleConditionProvider},id=370bd6672ef541ba946db9ac4aef0faf,creationTime=1590622727817,enabler=null], a53ffdf89c814123a52adbdd46bc948d=ZenRule[enabled=false,snoozing=false,name=Weekend,zenMode=ZEN_MODE_ALARMS,conditionId=condition://android/schedule?days=6.7&start=23.30&end=10.0&exitAtAlarm=false,condition=Condition[id=condition://android/schedule?days=6.7&start=23.30&end=10.0&exitAtAlarm=false,summary=...,line1=...,line2=...,icon=0,state=STATE_FALSE,flags=2],component=ComponentInfo{android/com.android.server.notification.ScheduleConditionProvider},id=a53ffdf89c814123a52adbdd46bc948d,creationTime=1590622727818,enabler=null], fc8bb1aacabb4877a1d1d167106f6e77=ZenRule[enabled=false,snoozing=false,name=Event,zenMode=ZEN_MODE_ALARMS,conditionId=condition://android/event?userId=-10000&calendar=&reply=1,condition=Condition[id=condition://android/event?userId=-10000&calendar=&reply=1,summary=...,line1=...,line2=...,icon=0,state=STATE_FALSE,flags=2],component=ComponentInfo{android/com.android.server.notification.EventConditionProvider},id=fc8bb1aacabb4877a1d1d167106f6e77,creationTime=1590622727822,enabler=null]},manualRule=null],Diff[]
05-02 04:24:08.078 D/ZenLog  ( 2143): set_zen_mode: off,onSystemReady
05-02 04:24:08.118 D/PermissionCache( 1324): checking android.permission.CAPTURE_AUDIO_HOTWORD for uid=1000 => granted (1159 us)
05-02 04:24:08.131 W/SoundTriggerHelper( 2143): listModules status=0, # of modules=0
05-02 04:24:08.131 D/ContextHubSystemService( 2143): onBootPhase: PHASE_SYSTEM_SERVICES_READY
05-02 04:24:08.632 V/UserManagerService( 2143): Found /data/user_de/0 with serial number 0
05-02 04:24:08.633 V/UserManagerService( 2143): Found /data/user/0 with serial number 0
05-02 04:24:08.665 V/UserManagerService( 2143): Found /data/system_de/0 with serial number 0
05-02 04:24:08.666 V/UserManagerService( 2143): Found /data/system_ce/0 with serial number 0
05-02 04:24:08.719 W/KeyguardServiceDelegate( 2143): onScreenTurningOn(): no keyguard service!
05-02 04:24:09.331 I/ActivityManager( 2143): System now ready
05-02 04:24:09.429 I/SystemServer( 2143): Making services ready
05-02 04:24:09.430 I/SystemServiceManager( 2143): Starting phase 550
05-02 04:24:09.685 E/hostapd ( 2372): Configuration file: /system/etc/simulated_hostapd.conf
05-02 04:24:09.773 W/WindowManager( 2143): Keyguard drawn timeout. Setting mKeyguardDrawComplete
05-02 04:24:09.799 E/hostapd ( 2372): Could not read interface wlan1 flags: No such device
05-02 04:24:09.799 I/hostapd ( 2372): nl80211: Driver does not support authentication/association or connect commands
05-02 04:24:09.799 I/hostapd ( 2372): nl80211: deinit ifname=wlan1 disabled_11b_rates=0
05-02 04:24:09.865 E/hostapd ( 2372): Could not read interface wlan1 flags: No such device
05-02 04:24:09.866 E/hostapd ( 2372): nl80211 driver initialization failed.
05-02 04:24:09.866 I/hostapd ( 2372): wlan1: interface state UNINITIALIZED->DISABLED
05-02 04:24:09.866 I/hostapd ( 2372): wlan1: AP-DISABLED 
05-02 04:24:09.867 E/hostapd ( 2372): hostapd_free_hapd_data: Interface wlan1 wasn't started
05-02 04:24:10.062 E/InputMethodManagerService( 2143): Ignoring updateSystemUiLocked due to an invalid token. uid:1000 token:null
05-02 04:24:10.565 I/Zygote  ( 2143): Process: zygote socket opened, supported ABIS: x86_64
05-02 04:24:10.724 W/ActivityManager( 2143): Slow operation: 189ms so far, now at startProcess: returned from zygote!
05-02 04:24:10.724 W/ActivityManager( 2143): Slow operation: 190ms so far, now at startProcess: done updating battery stats
05-02 04:24:10.725 W/ActivityManager( 2143): Slow operation: 191ms so far, now at startProcess: building log message
05-02 04:24:10.726 I/ActivityManager( 2143): Start proc 2378:com.android.inputmethod.latin/u0a41 for service com.android.inputmethod.latin/.LatinIME
05-02 04:24:10.726 W/ActivityManager( 2143): Slow operation: 192ms so far, now at startProcess: starting to update pids map
05-02 04:24:10.726 W/ActivityManager( 2143): Slow operation: 192ms so far, now at startProcess: done updating pids map
05-02 04:24:10.726 W/ActivityManager( 2143): Slow operation: 197ms so far, now at startProcess: done starting proc!
05-02 04:24:10.730 V/InputMethodManagerService( 2143): Adding window token: android.os.Binder@45609d9
05-02 04:24:10.732 D/MountService( 2143): Thinking about init, mSystemReady=true, mDaemonConnected=true
05-02 04:24:10.732 D/MountService( 2143): Setting up emulation state, initlocked=false
05-02 04:24:10.733 D/CryptdConnector( 2143): SND -> {2 cryptfs unlock_user_key 0 0 ! !}
05-02 04:24:10.748 W/BroadcastQueue( 2143): Timeout of broadcast BroadcastRecord{a64aa7f u-1 android.intent.action.TIME_TICK} - receiver=android.app.LoadedApk$ReceiverDispatcher$InnerReceiver@11ffb41, started 10003ms ago
05-02 04:24:10.748 W/BroadcastQueue( 2143): Receiver during timeout: BroadcastFilter{8413e27 u0 ReceiverList{e71f8e6 2143 system/1000/u0 local:11ffb41}}
05-02 04:24:10.751 D/vold    ( 1268): e4crypt_unlock_user_key 0 serial=0 token_present=0
05-02 04:24:10.754 D/CryptdConnector( 2143): RCV <- {200 2 Command succeeded}
05-02 04:24:10.756 D/MountService( 2143): Thinking about reset, mSystemReady=true, mDaemonConnected=true
05-02 04:24:10.758 D/VoldConnector( 2143): SND -> {4 volume reset}
05-02 04:24:10.762 W/art     ( 2143): Long monitor contention with owner main (2143) at int com.android.server.am.ActivityManagerService.bindService(android.app.IApplicationThread, android.os.IBinder, android.content.Intent, java.lang.String, android.app.IServiceConnection, int, java.lang.String, int)(ActivityManagerService.java:17301) waiters=0 in void com.android.server.am.ActivityManagerService.dispatchUidsChanged() for 194ms
05-02 04:24:10.782 I/ActivityManager( 2143): Force stopping com.android.providers.media appid=10010 user=-1: vold reset
05-02 04:24:10.792 E/BitmapFactory( 2143): Unable to decode stream: java.io.FileNotFoundException: /data/system/users/0/wallpaper_orig (No such file or directory)
05-02 04:24:10.792 E/WallpaperManagerService( 2143): Invalid wallpaper data
05-02 04:24:10.792 E/WallpaperManagerService( 2143): Unable to apply new wallpaper
05-02 04:24:10.802 D/vold    ( 1268): Recognized experimental block major ID 253 as virtio-blk (emulator's virtual SD card device)
05-02 04:24:10.803 V/vold    ( 1268): /system/bin/sgdisk
05-02 04:24:10.803 V/vold    ( 1268):     --android-dump
05-02 04:24:10.804 V/vold    ( 1268):     /dev/block/vold/disk:253,48
05-02 04:24:10.811 D/VoldConnector( 2143): RCV <- {651 emulated 7}
05-02 04:24:10.875 W/art     ( 2378): Unexpected CPU variant for X86 using defaults: x86_64
05-02 04:24:10.903 W/ActivityManager( 2143): Slow operation: 94ms so far, now at startProcess: returned from zygote!
05-02 04:24:10.903 W/ActivityManager( 2143): Slow operation: 94ms so far, now at startProcess: done updating battery stats
05-02 04:24:10.904 W/ActivityManager( 2143): Slow operation: 95ms so far, now at startProcess: building log message
05-02 04:24:10.904 I/ActivityManager( 2143): Start proc 2385:com.android.systemui/u0a21 for service com.android.systemui/.ImageWallpaper
05-02 04:24:10.904 W/ActivityManager( 2143): Slow operation: 95ms so far, now at startProcess: starting to update pids map
05-02 04:24:10.904 W/ActivityManager( 2143): Slow operation: 95ms so far, now at startProcess: done updating pids map
05-02 04:24:10.904 W/ActivityManager( 2143): Slow operation: 95ms so far, now at startProcess: done starting proc!
05-02 04:24:10.914 E/BluetoothAdapter( 2143): Bluetooth binder is null
05-02 04:24:10.917 D/VoldConnector( 2143): RCV <- {659 emulated}
05-02 04:24:10.918 D/VoldConnector( 2143): RCV <- {650 emulated 2 "" ""}
05-02 04:24:10.919 D/VoldConnector( 2143): RCV <- {651 emulated 0}
05-02 04:24:10.923 D/UsbAlsaManager( 2143): Adding ALSA device AlsaDevice: [card: 0, device: 0, type: 1]
05-02 04:24:10.923 D/UsbAlsaManager( 2143): Adding ALSA device AlsaDevice: [card: 0, device: 0, type: 2]
05-02 04:24:10.930 E/BluetoothAdapter( 2143): Bluetooth binder is null
05-02 04:24:10.969 W/art     ( 2385): Unexpected CPU variant for X86 using defaults: x86_64
05-02 04:24:10.981 V/MountService( 2143): Found primary storage at VolumeInfo{emulated}:
05-02 04:24:10.981 V/MountService( 2143):     type=EMULATED diskId=null partGuid=null mountFlags=0 mountUserId=-1 
05-02 04:24:10.981 V/MountService( 2143):     state=UNMOUNTED 
05-02 04:24:10.981 V/MountService( 2143):     fsType=null fsUuid=null fsLabel=null 
05-02 04:24:10.981 V/MountService( 2143):     path=null internalPath=null 
05-02 04:24:10.986 D/VoldConnector( 2143): RCV <- {651 public:253,48 7}
05-02 04:24:10.987 D/VoldConnector( 2143): RCV <- {659 public:253,48}
05-02 04:24:11.596 D/VoldConnector( 2143): RCV <- {649 disk:253,48}
05-02 04:24:11.597 D/VoldConnector( 2143): RCV <- {640 disk:253,48 5}
05-02 04:24:11.598 D/VoldConnector( 2143): RCV <- {641 disk:253,48 549453824}
05-02 04:24:11.599 D/VoldConnector( 2143): RCV <- {642 disk:253,48 Virtual}
05-02 04:24:11.616 D/VoldConnector( 2143): RCV <- {644 disk:253,48 /sys//devices/pci0000:00/0000:00:06.0/virtio3/block/vdd}
05-02 04:24:11.628 I/SystemServer( 2143): WebViewFactory preparation
05-02 04:24:11.763 I/AudioFlinger( 1324): systemReady
05-02 04:24:11.843 V/vold    ( 1268): DISK mbr
05-02 04:24:11.844 V/vold    ( 1268): 
05-02 04:24:11.884 W/vold    ( 1268): disk:253,48 has unknown partition table; trying entire device
05-02 04:24:11.885 V/vold    ( 1268): /system/bin/blkid
05-02 04:24:11.885 V/vold    ( 1268):     -c
05-02 04:24:11.885 V/vold    ( 1268):     /dev/null
05-02 04:24:11.885 V/vold    ( 1268):     -s
05-02 04:24:11.885 V/vold    ( 1268):     TYPE
05-02 04:24:11.885 V/vold    ( 1268):     -s
05-02 04:24:11.885 V/vold    ( 1268):     UUID
05-02 04:24:11.885 V/vold    ( 1268):     -s
05-02 04:24:11.885 V/vold    ( 1268):     LABEL
05-02 04:24:11.885 V/vold    ( 1268):     /dev/block/vold/disk:253,48
05-02 04:24:11.943 D/WebViewFactory( 2143): Setting new address space to 114394000
05-02 04:24:12.201 W/art     ( 2143): Long monitor contention with owner Binder:2143_1 (2174) at void com.android.server.am.ActivityManagerService.attachApplication(android.app.IApplicationThread)(ActivityManagerService.java:6669) waiters=0 in void com.android.server.am.ActivityManagerService.attachApplication(android.app.IApplicationThread) for 381ms
05-02 04:24:12.513 I/Zygote  ( 2143): Process: zygote socket opened, supported ABIS: x86
05-02 04:24:12.528 E/WVMExtractor( 2143): Failed to open libwvm.so: dlopen failed: library "libwvm.so" not found
05-02 04:24:12.565 W/System  ( 2385): ClassLoader referenced unknown path: /system/priv-app/SystemUI/lib/x86_64
05-02 04:24:12.706 V/vold    ( 1268): /dev/block/vold/disk:253,48: LABEL="SDCARD" UUID="1EFF-1C1B" TYPE="vfat" 
05-02 04:24:12.706 V/vold    ( 1268): 
05-02 04:24:12.726 I/art     ( 1323): Starting a blocking GC Background
05-02 04:24:12.824 D/VoldConnector( 2143): RCV <- {650 public:253,48 0 "disk:253,48" ""}
05-02 04:24:12.839 D/VoldConnector( 2143): RCV <- {651 public:253,48 0}
05-02 04:24:12.855 D/VoldConnector( 2143): RCV <- {643 disk:253,48}
05-02 04:24:12.856 D/VoldConnector( 2143): RCV <- {200 4 Command succeeded}
05-02 04:24:12.881 E/VoldConnector( 2143): NDC Command {4 volume reset} took too long (2122ms)
05-02 04:24:12.882 D/VoldConnector( 2143): SND -> {5 volume user_added 0 0}
05-02 04:24:12.885 D/VoldConnector( 2143): RCV <- {200 5 Command succeeded}
05-02 04:24:13.197 I/art     ( 1323): Background concurrent mark sweep GC freed 120(16KB) AllocSpace objects, 0(0B) LOS objects, 39% free, 6MB/10MB, paused 1.694ms total 466.702ms
05-02 04:24:13.306 E/ipv6proxy( 2414): Failed to get interface flags for wlan1: No such device
05-02 04:24:13.330 W/art     ( 2143): Long monitor contention with owner android.bg (2188) at int libcore.icu.NativeConverter.encode(long, char[], int, byte[], int, int[], boolean)(NativeConverter.java:-2) waiters=0 in void com.android.server.pm.ShortcutService.handleOnUidStateChanged(int, int) for 1.690s
05-02 04:24:13.422 I/MediaPlayerService( 1333): MediaPlayerService::getOMX
05-02 04:24:13.538 I/OMXClient( 1333): MuxOMX ctor
05-02 04:24:13.587 I/MediaPlayerService( 1333): MediaPlayerService::getOMX
05-02 04:24:13.600 I/OMXClient( 1333): MuxOMX ctor
05-02 04:24:13.606 I/OMXMaster( 1330): makeComponentInstance(OMX.google.mp3.decoder) in mediacodec process
05-02 04:24:13.754 W/ActivityManager( 2143): Slow operation: 1501ms so far, now at startProcess: returned from zygote!
05-02 04:24:13.754 W/ActivityManager( 2143): Slow operation: 1501ms so far, now at startProcess: done updating battery stats
05-02 04:24:13.755 W/ActivityManager( 2143): Slow operation: 1502ms so far, now at startProcess: building log message
05-02 04:24:13.755 I/ActivityManager( 2143): Start proc 2425:WebViewLoader-x86/1037 [android.webkit.WebViewFactory$RelroFileCreator] for 
05-02 04:24:13.755 W/ActivityManager( 2143): Slow operation: 1502ms so far, now at startProcess: starting to update pids map
05-02 04:24:13.755 W/ActivityManager( 2143): Slow operation: 1502ms so far, now at startProcess: done updating pids map
05-02 04:24:13.755 W/ActivityManager( 2143): Slow operation: 1502ms so far, now at startProcess: done starting proc!
05-02 04:24:13.759 W/art     ( 2143): Long monitor contention with owner main (2143) at int com.android.server.am.ActivityManagerService.startIsolatedProcess(java.lang.String, java.lang.String[], java.lang.String, java.lang.String, int, java.lang.Runnable)(ActivityManagerService.java:3509) waiters=0 in int com.android.server.am.ActivityManagerService.getAppStartMode(int, java.lang.String) for 862ms
05-02 04:24:13.826 W/ActivityManager( 2143): Slow operation: 70ms so far, now at startProcess: returned from zygote!
05-02 04:24:13.826 W/ActivityManager( 2143): Slow operation: 70ms so far, now at startProcess: done updating battery stats
05-02 04:24:13.827 W/ActivityManager( 2143): Slow operation: 71ms so far, now at startProcess: building log message
05-02 04:24:13.827 I/ActivityManager( 2143): Start proc 2430:WebViewLoader-x86_64/1037 [android.webkit.WebViewFactory$RelroFileCreator] for 
05-02 04:24:13.827 W/ActivityManager( 2143): Slow operation: 71ms so far, now at startProcess: starting to update pids map
05-02 04:24:13.827 W/ActivityManager( 2143): Slow operation: 71ms so far, now at startProcess: done updating pids map
05-02 04:24:13.827 W/ActivityManager( 2143): Slow operation: 71ms so far, now at startProcess: done starting proc!
05-02 04:24:13.830 W/art     ( 2143): Long monitor contention with owner main (2143) at int com.android.server.am.ActivityManagerService.startIsolatedProcess(java.lang.String, java.lang.String[], java.lang.String, java.lang.String, int, java.lang.Runnable)(ActivityManagerService.java:3509) waiters=1 in void com.android.server.am.ActivityManagerService.dispatchUidsChanged() for 499ms
05-02 04:24:13.835 D/NetworkManagement( 2143): enabling bandwidth control
05-02 04:24:13.840 W/art     ( 2143): Long monitor contention with owner main (2143) at int com.android.server.am.ActivityManagerService.startIsolatedProcess(java.lang.String, java.lang.String[], java.lang.String, java.lang.String, int, java.lang.Runnable)(ActivityManagerService.java:3509) waiters=2 in void com.android.server.am.ActivityManagerService.publishContentProviders(android.app.IApplicationThread, java.util.List) for 446ms
05-02 04:24:13.851 W/art     ( 2143): Long monitor contention with owner main (2143) at int com.android.server.am.ActivityManagerService.startIsolatedProcess(java.lang.String, java.lang.String[], java.lang.String, java.lang.String, int, java.lang.Runnable)(ActivityManagerService.java:3509) waiters=3 in void com.android.server.am.ActivityManagerService$MainHandler.handleMessage(android.os.Message) for 311ms
05-02 04:24:13.900 D/VoldConnector( 2143): SND -> {6 volume mount emulated 3 -1}
05-02 04:24:13.908 V/vold    ( 1268): Waiting for FUSE to spin up...
05-02 04:24:13.908 D/VoldConnector( 2143): RCV <- {651 emulated 1}
05-02 04:24:13.909 D/VoldConnector( 2143): RCV <- {656 emulated /data/media}
05-02 04:24:13.913 D/VoldConnector( 2143): RCV <- {655 emulated /storage/emulated}
05-02 04:24:13.960 V/vold    ( 1268): Waiting for FUSE to spin up...
05-02 04:24:14.016 W/art     ( 2425): Unexpected CPU variant for X86 using defaults: x86
05-02 04:24:14.025 V/vold    ( 1268): Waiting for FUSE to spin up...
05-02 04:24:14.080 V/vold    ( 1268): Waiting for FUSE to spin up...
05-02 04:24:14.099 W/ProcessCpuTracker( 2143): Skipping unknown process pid 2420
05-02 04:24:14.140 V/vold    ( 1268): Waiting for FUSE to spin up...
05-02 04:24:14.181 W/art     ( 2430): Unexpected CPU variant for X86 using defaults: x86_64
05-02 04:24:14.204 V/vold    ( 1268): Waiting for FUSE to spin up...
05-02 04:24:14.260 V/vold    ( 1268): Waiting for FUSE to spin up...
05-02 04:24:14.311 V/vold    ( 1268): Waiting for FUSE to spin up...
05-02 04:24:14.368 V/WebViewFactory( 2430): RelroFileCreator (64bit = true),  32-bit lib: /system/app/webview/webview.apk!/lib/x86/libwebviewchromium.so, 64-bit lib: /system/app/webview/webview.apk!/lib/x86_64/libwebviewchromium.so
05-02 04:24:14.370 V/vold    ( 1268): Waiting for FUSE to spin up...
05-02 04:24:14.441 V/vold    ( 1268): Waiting for FUSE to spin up...
05-02 04:24:14.499 V/vold    ( 1268): Waiting for FUSE to spin up...
05-02 04:24:14.644 V/vold    ( 1268): Waiting for FUSE to spin up...
05-02 04:24:14.695 V/vold    ( 1268): Waiting for FUSE to spin up...
05-02 04:24:14.750 V/vold    ( 1268): Waiting for FUSE to spin up...
05-02 04:24:14.756 W/sdcard  ( 2436): Device explicitly disabled sdcardfs
05-02 04:24:14.805 V/vold    ( 1268): Waiting for FUSE to spin up...
05-02 04:24:14.856 V/vold    ( 1268): Waiting for FUSE to spin up...
05-02 04:24:14.922 V/vold    ( 1268): Waiting for FUSE to spin up...
05-02 04:24:14.982 V/vold    ( 1268): Waiting for FUSE to spin up...
05-02 04:24:15.027 V/SystemUIService( 2385): Starting SystemUI services for user 0.
05-02 04:24:15.083 V/vold    ( 1268): Waiting for FUSE to spin up...
05-02 04:24:15.140 V/vold    ( 1268): Waiting for FUSE to spin up...
05-02 04:24:15.199 V/vold    ( 1268): Waiting for FUSE to spin up...
05-02 04:24:15.250 V/vold    ( 1268): Waiting for FUSE to spin up...
05-02 04:24:15.310 V/vold    ( 1268): Waiting for FUSE to spin up...
05-02 04:24:15.364 I/LatinIME( 2378): Hardware accelerated drawing: true
05-02 04:24:15.365 V/vold    ( 1268): Waiting for FUSE to spin up...
05-02 04:24:15.438 D/VoldConnector( 2143): RCV <- {651 emulated 2}
05-02 04:24:15.369 I/MediaPlayerService( 1333): MediaPlayerService::getOMX
05-02 04:24:15.490 D/VoldConnector( 2143): RCV <- {200 6 Command succeeded}
05-02 04:24:15.494 E/VoldConnector( 2143): NDC Command {6 volume mount emulated 3 -1} took too long (1594ms)
05-02 04:24:15.497 D/VoldConnector( 2143): SND -> {7 volume mount public:253,48 2 0}
05-02 04:24:15.512 V/vold    ( 1268): /system/bin/blkid
05-02 04:24:15.512 V/vold    ( 1268):     -c
05-02 04:24:15.512 V/vold    ( 1268):     /dev/null
05-02 04:24:15.512 V/vold    ( 1268):     -s
05-02 04:24:15.512 V/vold    ( 1268):     TYPE
05-02 04:24:15.512 V/vold    ( 1268):     -s
05-02 04:24:15.512 V/vold    ( 1268):     UUID
05-02 04:24:15.512 V/vold    ( 1268):     -s
05-02 04:24:15.512 V/vold    ( 1268):     LABEL
05-02 04:24:15.513 V/vold    ( 1268):     /dev/block/vold/public:253,48
05-02 04:24:15.526 I/OMXClient( 1333): MuxOMX ctor
05-02 04:24:15.592 D/VoldConnector( 2143): RCV <- {651 public:253,48 1}
05-02 04:24:15.643 I/OMXMaster( 1330): makeComponentInstance(OMX.google.amrnb.decoder) in mediacodec process
05-02 04:24:15.935 E/hostapd ( 2424): Configuration file: /system/etc/simulated_hostapd.conf
05-02 04:24:15.969 I/MediaPlayerService( 1333): MediaPlayerService::getOMX
05-02 04:24:15.983 I/OMXClient( 1333): MuxOMX ctor
05-02 04:24:15.983 I/OMXMaster( 1330): makeComponentInstance(OMX.google.amrwb.decoder) in mediacodec process
05-02 04:24:16.074 E/hostapd ( 2424): Could not read interface wlan1 flags: No such device
05-02 04:24:16.075 I/hostapd ( 2424): nl80211: Driver does not support authentication/association or connect commands
05-02 04:24:16.075 I/hostapd ( 2424): nl80211: deinit ifname=wlan1 disabled_11b_rates=0
05-02 04:24:16.076 E/hostapd ( 2424): Could not read interface wlan1 flags: No such device
05-02 04:24:16.076 E/hostapd ( 2424): nl80211 driver initialization failed.
05-02 04:24:16.076 I/hostapd ( 2424): wlan1: interface state UNINITIALIZED->DISABLED
05-02 04:24:16.077 I/hostapd ( 2424): wlan1: AP-DISABLED 
05-02 04:24:16.077 E/hostapd ( 2424): hostapd_free_hapd_data: Interface wlan1 wasn't started
05-02 04:24:16.114 V/MediaRouter( 2385): Adding route: RouteInfo{ name=Phone, description=null, status=null, category=RouteCategory{ name=null types=ROUTE_TYPE_LIVE_AUDIO ROUTE_TYPE_LIVE_VIDEO  groupable=false }, supportedTypes=ROUTE_TYPE_LIVE_AUDIO ROUTE_TYPE_LIVE_VIDEO , presentationDisplay=null }
05-02 04:24:16.130 I/MediaPlayerService( 1333): MediaPlayerService::getOMX
05-02 04:24:16.132 I/OMXClient( 1333): MuxOMX ctor
05-02 04:24:16.132 I/OMXMaster( 1330): makeComponentInstance(OMX.google.aac.decoder) in mediacodec process
05-02 04:24:16.214 V/MediaRouter( 2385): Updating audio routes: AudioRoutesInfo{ type=SPEAKER }
05-02 04:24:16.226 V/MediaRouter( 2385): Selecting route: RouteInfo{ name=Phone, description=null, status=null, category=RouteCategory{ name=null types=ROUTE_TYPE_LIVE_AUDIO ROUTE_TYPE_LIVE_VIDEO  groupable=false }, supportedTypes=ROUTE_TYPE_LIVE_AUDIO ROUTE_TYPE_LIVE_VIDEO , presentationDisplay=null }
05-02 04:24:16.511 I/MediaPlayerService( 1333): MediaPlayerService::getOMX
05-02 04:24:16.512 I/OMXClient( 1333): MuxOMX ctor
05-02 04:24:16.513 I/OMXMaster( 1330): makeComponentInstance(OMX.google.g711.alaw.decoder) in mediacodec process
05-02 04:24:16.805 V/vold    ( 1268): /dev/block/vold/public:253,48: LABEL="SDCARD" UUID="1EFF-1C1B" TYPE="vfat" 
05-02 04:24:16.805 V/vold    ( 1268): 
05-02 04:24:16.812 D/VoldConnector( 2143): RCV <- {652 public:253,48 vfat}
05-02 04:24:16.815 D/VoldConnector( 2143): RCV <- {653 public:253,48 1EFF-1C1B}
05-02 04:24:16.817 V/vold    ( 1268): /system/bin/fsck_msdos
05-02 04:24:16.817 V/vold    ( 1268):     -p
05-02 04:24:16.817 V/vold    ( 1268):     -f
05-02 04:24:16.817 V/vold    ( 1268):     /dev/block/vold/public:253,48
05-02 04:24:16.819 D/VoldConnector( 2143): RCV <- {654 public:253,48 SDCARD}
05-02 04:24:17.312 V/WebViewFactory( 2425): RelroFileCreator (64bit = false),  32-bit lib: /system/app/webview/webview.apk!/lib/x86/libwebviewchromium.so, 64-bit lib: /system/app/webview/webview.apk!/lib/x86_64/libwebviewchromium.so
05-02 04:24:17.493 E/ipv6proxy( 2479): Failed to get interface flags for wlan1: No such device
05-02 04:24:17.543 I/fsck_msdos( 1268): ** /dev/block/vold/public:253,48
05-02 04:24:17.623 I/fsck_msdos( 1268): ** Phase 1 - Read and Compare FATs
05-02 04:24:17.623 I/fsck_msdos( 1268): Attempting to allocate 1046 KB for FAT
05-02 04:24:17.715 E/WVMExtractor( 2385): Failed to open libwvm.so: dlopen failed: library "libwvm.so" not found
05-02 04:24:17.770 I/MediaPlayerService( 1333): MediaPlayerService::getOMX
05-02 04:24:17.802 I/OMXClient( 1333): MuxOMX ctor
05-02 04:24:17.803 I/OMXMaster( 1330): makeComponentInstance(OMX.google.g711.mlaw.decoder) in mediacodec process
05-02 04:24:18.310 I/fsck_msdos( 1268): Attempting to allocate 1046 KB for FAT
05-02 04:24:18.710 I/fsck_msdos( 1268): ** Phase 2 - Check Cluster Chains
05-02 04:24:18.710 I/fsck_msdos( 1268): ** Phase 3 - Checking Directories
05-02 04:24:18.730 I/fsck_msdos( 1268): ** Phase 4 - Checking for Lost Files
05-02 04:24:18.796 E/NetdConnector( 2143): NDC Command {3 bandwidth enable} took too long (4960ms)
05-02 04:24:18.810 I/fsck_msdos( 1268): 2 files, 534464 free (267232 clusters)
05-02 04:24:19.052 I/Vold    ( 1268): Filesystem check completed OK
05-02 04:24:19.053 D/VoldConnector( 2143): RCV <- {656 public:253,48 /mnt/media_rw/1EFF-1C1B}
05-02 04:24:19.055 D/VoldConnector( 2143): RCV <- {655 public:253,48 /storage/1EFF-1C1B}
05-02 04:24:19.107 I/MediaPlayerService( 1333): MediaPlayerService::getOMX
05-02 04:24:19.108 I/OMXClient( 1333): MuxOMX ctor
05-02 04:24:19.109 I/OMXMaster( 1330): makeComponentInstance(OMX.google.vorbis.decoder) in mediacodec process
05-02 04:24:19.112 I/art     ( 2430): System.exit called, status: 0
05-02 04:24:19.112 I/AndroidRuntime( 2430): VM exiting with result code 0, cleanup skipped.
05-02 04:24:19.233 V/vold    ( 1268): Waiting for FUSE to spin up...
05-02 04:24:19.331 V/vold    ( 1268): Waiting for FUSE to spin up...
05-02 04:24:19.390 V/vold    ( 1268): Waiting for FUSE to spin up...
05-02 04:24:19.398 W/InputAttributes( 2378): No editor info for this field. Bug?
05-02 04:24:19.450 V/vold    ( 1268): Waiting for FUSE to spin up...
05-02 04:24:19.551 V/vold    ( 1268): Waiting for FUSE to spin up...
05-02 04:24:19.556 I/art     ( 2425): System.exit called, status: 0
05-02 04:24:19.610 V/vold    ( 1268): Waiting for FUSE to spin up...
05-02 04:24:19.556 I/AndroidRuntime( 2425): VM exiting with result code 0, cleanup skipped.
05-02 04:24:19.661 V/vold    ( 1268): Waiting for FUSE to spin up...
05-02 04:24:19.720 V/vold    ( 1268): Waiting for FUSE to spin up...
05-02 04:24:19.772 V/vold    ( 1268): Waiting for FUSE to spin up...
05-02 04:24:19.881 V/vold    ( 1268): Waiting for FUSE to spin up...
05-02 04:24:19.895 E/hostapd ( 2496): Configuration file: /system/etc/simulated_hostapd.conf
05-02 04:24:19.940 V/vold    ( 1268): Waiting for FUSE to spin up...
05-02 04:24:19.985 W/sdcard  ( 2503): Device explicitly disabled sdcardfs
05-02 04:24:20.000 V/vold    ( 1268): Waiting for FUSE to spin up...
05-02 04:24:20.057 V/vold    ( 1268): Waiting for FUSE to spin up...
05-02 04:24:20.149 V/vold    ( 1268): Waiting for FUSE to spin up...
05-02 04:24:20.163 E/hostapd ( 2496): Could not read interface wlan1 flags: No such device
05-02 04:24:20.163 I/hostapd ( 2496): nl80211: Driver does not support authentication/association or connect commands
05-02 04:24:20.163 I/hostapd ( 2496): nl80211: deinit ifname=wlan1 disabled_11b_rates=0
05-02 04:24:20.164 E/hostapd ( 2496): Could not read interface wlan1 flags: No such device
05-02 04:24:20.164 E/hostapd ( 2496): nl80211 driver initialization failed.
05-02 04:24:20.165 I/hostapd ( 2496): wlan1: interface state UNINITIALIZED->DISABLED
05-02 04:24:20.165 I/hostapd ( 2496): wlan1: AP-DISABLED 
05-02 04:24:20.165 E/hostapd ( 2496): hostapd_free_hapd_data: Interface wlan1 wasn't started
05-02 04:24:20.200 V/vold    ( 1268): Waiting for FUSE to spin up...
05-02 04:24:20.306 D/VoldConnector( 2143): RCV <- {651 public:253,48 2}
05-02 04:24:20.307 D/VoldConnector( 2143): RCV <- {200 7 Command succeeded}
05-02 04:24:20.336 I/LatinIME:LogUtils( 2378): Dictionary info: dictionary = userunigram.en_US ; version = 1619929460 ; date = ?
05-02 04:24:20.360 E/VoldConnector( 2143): NDC Command {7 volume mount public:253,48 2 0} took too long (4851ms)
05-02 04:24:20.470 E/ActivityThread( 2378): Failed to find provider info for user_dictionary
05-02 04:24:20.473 I/LatinIME:LogUtils( 2378): Dictionary info: dictionary = UserHistoryDictionary.en_US ; version = 1619929460 ; date = ?
05-02 04:24:20.791 W/ProcessCpuTracker( 2143): Skipping unknown process pid 2496
05-02 04:24:20.838 W/ProcessCpuTracker( 2143): Skipping unknown process pid 2507
05-02 04:24:20.942 E/VoldConnector( 2143): NDC event {651 public:253,48 2} took too long: 632ms
05-02 04:24:20.947 I/MediaPlayerService( 1333): MediaPlayerService::getOMX
05-02 04:24:20.949 I/OMXClient( 1333): MuxOMX ctor
05-02 04:24:20.982 I/OMXMaster( 1330): makeComponentInstance(OMX.google.opus.decoder) in mediacodec process
05-02 04:24:21.135 I/LatinIME:LogUtils( 2378): Dictionary info: dictionary = main:en ; version = 54 ; date = 1414726273
05-02 04:24:21.345 E/NetdConnector( 2143): NDC Command {4 strict enable} took too long (2464ms)
05-02 04:24:21.421 W/NetworkManagement( 2143): setDataSaverMode(): already false
05-02 04:24:21.820 I/MediaPlayerService( 1333): MediaPlayerService::getOMX
05-02 04:24:21.822 I/OMXClient( 1333): MuxOMX ctor
05-02 04:24:21.823 I/OMXMaster( 1330): makeComponentInstance(OMX.google.raw.decoder) in mediacodec process
05-02 04:24:21.885 I/vol.Events( 2385): writeEvent collection_started
05-02 04:24:21.899 I/MediaPlayerService( 1333): MediaPlayerService::getOMX
05-02 04:24:21.942 I/OMXClient( 1333): MuxOMX ctor
05-02 04:24:21.943 I/OMXMaster( 1330): makeComponentInstance(OMX.google.aac.encoder) in mediacodec process
05-02 04:24:22.014 I/vol.Events( 2385): writeEvent external_ringer_mode_changed normal
05-02 04:24:22.080 I/vol.Events( 2385): writeEvent internal_ringer_mode_changed normal
05-02 04:24:22.122 I/MediaPlayerService( 1333): MediaPlayerService::getOMX
05-02 04:24:22.123 I/OMXClient( 1333): MuxOMX ctor
05-02 04:24:22.124 I/OMXMaster( 1330): makeComponentInstance(OMX.google.amrnb.encoder) in mediacodec process
05-02 04:24:22.274 I/MediaPlayerService( 1333): MediaPlayerService::getOMX
05-02 04:24:22.275 I/OMXClient( 1333): MuxOMX ctor
05-02 04:24:22.276 I/OMXMaster( 1330): makeComponentInstance(OMX.google.amrwb.encoder) in mediacodec process
05-02 04:24:22.413 I/MediaPlayerService( 1333): MediaPlayerService::getOMX
05-02 04:24:22.414 I/OMXClient( 1333): MuxOMX ctor
05-02 04:24:22.415 I/OMXMaster( 1330): makeComponentInstance(OMX.google.flac.encoder) in mediacodec process
05-02 04:24:23.207 E/ipv6proxy( 2531): Failed to get interface flags for wlan1: No such device
05-02 04:24:23.742 I/MediaPlayerService( 1333): MediaPlayerService::getOMX
05-02 04:24:23.746 I/OMXClient( 1333): MuxOMX ctor
05-02 04:24:23.773 I/OMXMaster( 1330): makeComponentInstance(OMX.google.gsm.decoder) in mediacodec process
05-02 04:24:24.322 E/NetdConnector( 2143): NDC Command {7 bandwidth setglobalalert 2097152} took too long (2677ms)
05-02 04:24:24.444 I/MediaPlayerService( 1333): MediaPlayerService::getOMX
05-02 04:24:24.472 I/OMXClient( 1333): MuxOMX ctor
05-02 04:24:24.473 I/OMXMaster( 1330): makeComponentInstance(OMX.google.mpeg4.decoder) in mediacodec process
05-02 04:24:24.583 D/NetworkPolicy( 2143): setRestrictBackgroundUL(): false
05-02 04:24:24.589 W/NetworkManagement( 2143): setDataSaverMode(): already false
05-02 04:24:24.644 E/hostapd ( 2549): Configuration file: /system/etc/simulated_hostapd.conf
05-02 04:24:24.893 E/hostapd ( 2549): Could not read interface wlan1 flags: No such device
05-02 04:24:24.894 I/hostapd ( 2549): nl80211: Driver does not support authentication/association or connect commands
05-02 04:24:24.894 I/hostapd ( 2549): nl80211: deinit ifname=wlan1 disabled_11b_rates=0
05-02 04:24:24.895 E/hostapd ( 2549): Could not read interface wlan1 flags: No such device
05-02 04:24:24.895 E/hostapd ( 2549): nl80211 driver initialization failed.
05-02 04:24:24.896 I/hostapd ( 2549): wlan1: interface state UNINITIALIZED->DISABLED
05-02 04:24:24.896 I/hostapd ( 2549): wlan1: AP-DISABLED 
05-02 04:24:24.896 E/hostapd ( 2549): hostapd_free_hapd_data: Interface wlan1 wasn't started
05-02 04:24:25.372 I/art     ( 2143): Background sticky concurrent mark sweep GC freed 42033(2MB) AllocSpace objects, 16(316KB) LOS objects, 21% free, 13MB/16MB, paused 2.806ms total 577.091ms
05-02 04:24:25.569 E/OMXNodeInstance( 1330): getExtensionIndex(532000f:google.mpeg4.decoder, OMX.google.android.index.configureVideoTunnelMode) ERROR: UnsupportedIndex(0x8000101a)
05-02 04:24:25.621 W/OMXNodeInstance( 1330): [532000f:google.mpeg4.decoder] component does not support metadata mode; using fallback
05-02 04:24:25.753 I/MediaPlayerService( 1333): MediaPlayerService::getOMX
05-02 04:24:25.755 I/OMXClient( 1333): MuxOMX ctor
05-02 04:24:25.756 I/OMXMaster( 1330): makeComponentInstance(OMX.google.h263.decoder) in mediacodec process
05-02 04:24:26.124 W/art     ( 2143): Long monitor contention with owner NetworkPolicy (2330) at boolean android.os.BinderProxy.transactNative(int, android.os.Parcel, android.os.Parcel, int)(Binder.java:-2) waiters=0 in void com.android.server.NetworkManagementService.setFirewallChainEnabled(int, boolean) for 1.154s
05-02 04:24:26.323 E/OMXNodeInstance( 1330): getExtensionIndex(5320010:google.h263.decoder, OMX.google.android.index.configureVideoTunnelMode) ERROR: UnsupportedIndex(0x8000101a)
05-02 04:24:26.324 W/OMXNodeInstance( 1330): [5320010:google.h263.decoder] component does not support metadata mode; using fallback
05-02 04:24:26.345 I/MediaPlayerService( 1333): MediaPlayerService::getOMX
05-02 04:24:26.346 I/OMXClient( 1333): MuxOMX ctor
05-02 04:24:26.347 I/OMXMaster( 1330): makeComponentInstance(OMX.google.h264.decoder) in mediacodec process
05-02 04:24:27.250 W/ACodec  ( 1333): [OMX.google.h264.decoder] stopping checking profiles after 32: 2/8000
05-02 04:24:27.254 E/OMXNodeInstance( 1330): getExtensionIndex(5320011:google.h264.decoder, OMX.google.android.index.configureVideoTunnelMode) ERROR: UnsupportedIndex(0x8000101a)
05-02 04:24:27.254 W/OMXNodeInstance( 1330): [5320011:google.h264.decoder] component does not support metadata mode; using fallback
05-02 04:24:27.362 I/MediaPlayerService( 1333): MediaPlayerService::getOMX
05-02 04:24:27.364 I/OMXClient( 1333): MuxOMX ctor
05-02 04:24:27.365 I/OMXMaster( 1330): makeComponentInstance(OMX.google.hevc.decoder) in mediacodec process
05-02 04:24:27.521 W/AudioService( 2143): onLoadSoundEffects(), Error 1 while loading samples
05-02 04:24:27.666 I/vol.Events( 2385): writeEvent level_changed STREAM_ALARM 6
05-02 04:24:27.685 I/vol.Events( 2385): writeEvent level_changed STREAM_BLUETOOTH_SCO 7
05-02 04:24:27.802 I/vol.Events( 2385): writeEvent level_changed STREAM_MUSIC 11
05-02 04:24:27.873 I/vol.Events( 2385): writeEvent level_changed STREAM_RING 5
05-02 04:24:27.890 I/vol.Events( 2385): writeEvent level_changed STREAM_SYSTEM 5
05-02 04:24:27.932 I/vol.Events( 2385): writeEvent level_changed STREAM_VOICE_CALL 4
05-02 04:24:28.221 E/ipv6proxy( 2567): Failed to get interface flags for wlan1: No such device
05-02 04:24:28.344 E/NetdConnector( 2143): NDC Command {8 firewall enable_chain standby} took too long (2218ms)
05-02 04:24:28.363 E/NetdConnector( 2143): NDC Command {9 bandwidth gettetherstats} took too long (1490ms)
05-02 04:24:28.647 E/OMXNodeInstance( 1330): getExtensionIndex(5320012:google.hevc.decoder, OMX.google.android.index.configureVideoTunnelMode) ERROR: UnsupportedIndex(0x8000101a)
05-02 04:24:28.648 W/OMXNodeInstance( 1330): [5320012:google.hevc.decoder] component does not support metadata mode; using fallback
05-02 04:24:28.674 I/MediaPlayerService( 1333): MediaPlayerService::getOMX
05-02 04:24:28.676 I/OMXClient( 1333): MuxOMX ctor
05-02 04:24:28.677 I/OMXMaster( 1330): makeComponentInstance(OMX.google.vp8.decoder) in mediacodec process
05-02 04:24:28.717 I/SystemServiceManager( 2143): Starting phase 600
05-02 04:24:29.128 D/SensorNotificationService( 2143): Cannot obtain dynamic meta sensor, not supported.
05-02 04:24:29.176 D/StorageNotification( 2385): Notifying about private volume: VolumeInfo{private}:
05-02 04:24:29.176 D/StorageNotification( 2385):     type=PRIVATE diskId=null partGuid=null mountFlags=0 mountUserId=-1 
05-02 04:24:29.176 D/StorageNotification( 2385):     state=MOUNTED 
05-02 04:24:29.176 D/StorageNotification( 2385):     fsType=null fsUuid=null fsLabel=null 
05-02 04:24:29.176 D/StorageNotification( 2385):     path=/data internalPath=null 
05-02 04:24:29.192 D/StorageNotification( 2385): Notifying about public volume: VolumeInfo{public:253,48}:
05-02 04:24:29.192 D/StorageNotification( 2385):     type=PUBLIC diskId=disk:253,48 partGuid=null mountFlags=VISIBLE 
05-02 04:24:29.192 D/StorageNotification( 2385):     mountUserId=0 state=MOUNTED 
05-02 04:24:29.192 D/StorageNotification( 2385):     fsType=vfat fsUuid=1EFF-1C1B fsLabel=SDCARD 
05-02 04:24:29.192 D/StorageNotification( 2385):     path=/storage/1EFF-1C1B internalPath=/mnt/media_rw/1EFF-1C1B 
05-02 04:24:29.386 I/GnssLocationProvider( 2143): WakeLock acquired by sendMessage(13, 0, null)
05-02 04:24:29.511 W/ActivityManager( 2143): Timeout executing service: ServiceRecord{90001a8 u0 com.android.server.telecom/.components.TelecomService}
05-02 04:24:29.728 I/Process ( 2143): Sending signal. PID: 2143 SIG: 3
05-02 04:24:29.731 I/art     ( 2143): Thread[2,tid=2148,WaitingInMainSignalCatcherLoop,Thread*=0x789f6ca0d000,peer=0x12c010d0,"Signal Catcher"]: reacting to signal 3
05-02 04:24:29.731 I/art     ( 2143): 
05-02 04:24:29.740 W/art     ( 2143): Suspending all threads took: 6.532ms
05-02 04:24:29.764 W/LocationManagerService( 2143): no network location provider found
05-02 04:24:29.829 E/LocationManagerService( 2143): no geocoder provider found
05-02 04:24:29.840 E/hostapd ( 2578): Configuration file: /system/etc/simulated_hostapd.conf
05-02 04:24:29.861 E/FlpHardwareProvider( 2143): Error hw_get_module 'flp': -2
05-02 04:24:29.861 D/LocationManagerService( 2143): FLP HAL not supported
05-02 04:24:29.866 D/LocationManagerService( 2143): Unable to bind FLP Geofence proxy.
05-02 04:24:29.868 E/ActivityRecognitionHardware( 2143): Error hw_get_module: -2
05-02 04:24:29.868 D/LocationManagerService( 2143): Hardware Activity-Recognition not supported.
05-02 04:24:29.869 E/ActivityRecognitionProxy( 2143): ServiceWatcher could not start.
05-02 04:24:29.883 W/GnssLocationProvider( 2143): Could not open GPS configuration file /etc/gps.conf
05-02 04:24:29.883 E/GnssLocationProvider( 2143): no AGPS interface in set_agps_server
05-02 04:24:29.890 D/LocationManagerService( 2143): Unable to bind ActivityRecognitionProxy.
05-02 04:24:29.892 I/GnssLocationProvider( 2143): WakeLock acquired by sendMessage(2, 1, null)
05-02 04:24:29.925 E/hostapd ( 2578): Could not read interface wlan1 flags: No such device
05-02 04:24:29.926 I/hostapd ( 2578): nl80211: Driver does not support authentication/association or connect commands
05-02 04:24:29.926 I/hostapd ( 2578): nl80211: deinit ifname=wlan1 disabled_11b_rates=0
05-02 04:24:29.927 E/hostapd ( 2578): Could not read interface wlan1 flags: No such device
05-02 04:24:29.974 I/CommonTimeManagementService( 2143): No common time service detected on this platform.  Common time services will be unavailable.
05-02 04:24:29.992 E/hostapd ( 2578): nl80211 driver initialization failed.
05-02 04:24:29.992 I/hostapd ( 2578): wlan1: interface state UNINITIALIZED->DISABLED
05-02 04:24:29.992 I/hostapd ( 2578): wlan1: AP-DISABLED 
05-02 04:24:29.993 E/hostapd ( 2578): hostapd_free_hapd_data: Interface wlan1 wasn't started
05-02 04:24:30.011 I/InputReader( 2143): Reconfiguring input devices.  changes=0x00000020
05-02 04:24:30.022 I/MmsServiceBroker( 2143): Delay connecting to MmsService until an API is called
05-02 04:24:30.060 E/OMXNodeInstance( 1330): getExtensionIndex(5320013:google.vp8.decoder, OMX.google.android.index.configureVideoTunnelMode) ERROR: UnsupportedIndex(0x8000101a)
05-02 04:24:30.061 W/OMXNodeInstance( 1330): [5320013:google.vp8.decoder] component does not support metadata mode; using fallback
05-02 04:24:30.097 W/VoiceInteractionManagerService( 2143): no available voice interaction services found for user 0
05-02 04:24:30.098 W/VoiceInteractionManagerService( 2143): no available voice recognition services found for user 0
05-02 04:24:30.106 I/MediaPlayerService( 1333): MediaPlayerService::getOMX
05-02 04:24:30.107 I/OMXClient( 1333): MuxOMX ctor
05-02 04:24:30.108 I/OMXMaster( 1330): makeComponentInstance(OMX.google.vp9.decoder) in mediacodec process
05-02 04:24:30.163 I/InputReader( 2143): Reconfiguring input devices.  changes=0x00000010
05-02 04:24:30.311 W/ActivityManager( 2143): Slow operation: 176ms so far, now at startProcess: returned from zygote!
05-02 04:24:30.311 W/ActivityManager( 2143): Slow operation: 177ms so far, now at startProcess: done updating battery stats
05-02 04:24:30.312 W/ActivityManager( 2143): Slow operation: 178ms so far, now at startProcess: building log message
05-02 04:24:30.312 I/ActivityManager( 2143): Start proc 2590:com.android.phone/1001 for added application com.android.phone
05-02 04:24:30.312 W/ActivityManager( 2143): Slow operation: 178ms so far, now at startProcess: starting to update pids map
05-02 04:24:30.312 W/ActivityManager( 2143): Slow operation: 178ms so far, now at startProcess: done updating pids map
05-02 04:24:30.317 I/ActivityManager( 2143): START u0 {act=android.intent.action.MAIN cat=[android.intent.category.HOME] flg=0x10000100 cmp=com.android.settings/.FallbackHome} from uid 0 on display 0
05-02 04:24:30.388 W/System  ( 2143): ClassLoader referenced unknown path: 
05-02 04:24:30.416 W/art     ( 2590): Unexpected CPU variant for X86 using defaults: x86_64
05-02 04:24:30.440 W/System  ( 2143): ClassLoader referenced unknown path: /system/priv-app/Settings/lib/x86_64
05-02 04:24:30.722 E/OMXNodeInstance( 1330): getExtensionIndex(5320014:google.vp9.decoder, OMX.google.android.index.configureVideoTunnelMode) ERROR: UnsupportedIndex(0x8000101a)
05-02 04:24:30.723 W/OMXNodeInstance( 1330): [5320014:google.vp9.decoder] component does not support metadata mode; using fallback
05-02 04:24:30.768 I/MediaPlayerService( 1333): MediaPlayerService::getOMX
05-02 04:24:30.769 I/OMXClient( 1333): MuxOMX ctor
05-02 04:24:30.782 I/OMXMaster( 1330): makeComponentInstance(OMX.google.h263.encoder) in mediacodec process
05-02 04:24:31.275 I/SoftMPEG4Encoder( 1330): Construct SoftMPEG4Encoder
05-02 04:24:31.304 W/ACodec  ( 1333): do not know color format 0x7f000789 = 2130708361
05-02 04:24:31.306 E/OMXNodeInstance( 1330): getConfig(5320015:google.h263.encoder, ConfigAndroidIntraRefresh(0x6f60000a)) ERROR: Undefined(0x80001001)
05-02 04:24:31.327 I/MediaPlayerService( 1333): MediaPlayerService::getOMX
05-02 04:24:31.328 I/OMXClient( 1333): MuxOMX ctor
05-02 04:24:31.329 I/OMXMaster( 1330): makeComponentInstance(OMX.google.h264.encoder) in mediacodec process
05-02 04:24:31.862 W/ACodec  ( 1333): do not know color format 0x7f000789 = 2130708361
05-02 04:24:31.912 I/MediaPlayerService( 1333): MediaPlayerService::getOMX
05-02 04:24:31.913 I/OMXClient( 1333): MuxOMX ctor
05-02 04:24:31.914 I/OMXMaster( 1330): makeComponentInstance(OMX.google.mpeg4.encoder) in mediacodec process
05-02 04:24:32.224 E/ipv6proxy( 2607): Failed to get interface flags for wlan1: No such device
05-02 04:24:32.527 I/SoftMPEG4Encoder( 1330): Construct SoftMPEG4Encoder
05-02 04:24:32.568 W/ACodec  ( 1333): do not know color format 0x7f000789 = 2130708361
05-02 04:24:32.590 E/OMXNodeInstance( 1330): getConfig(5320017:google.mpeg4.encoder, ConfigAndroidIntraRefresh(0x6f60000a)) ERROR: Undefined(0x80001001)
05-02 04:24:32.599 I/MediaPlayerService( 1333): MediaPlayerService::getOMX
05-02 04:24:32.641 I/OMXClient( 1333): MuxOMX ctor
05-02 04:24:32.740 I/Process ( 2143): Sending signal. PID: 2385 SIG: 3
05-02 04:24:32.750 I/art     ( 2385): Thread[3,tid=2394,WaitingInMainSignalCatcherLoop,Thread*=0x789f73696400,peer=0x12c005e0,"Signal Catcher"]: reacting to signal 3
05-02 04:24:32.751 I/art     ( 2385): 
05-02 04:24:32.781 I/OMXMaster( 1330): makeComponentInstance(OMX.google.vp8.encoder) in mediacodec process
05-02 04:24:32.796 D/ApplicationLoaders( 2143): ignored Vulkan layer search path /system/priv-app/Settings/lib/x86_64:/system/priv-app/Settings/Settings.apk!/lib/x86_64:/system/lib64:/vendor/lib64 for namespace 0x789f77f53160
05-02 04:24:32.967 I/ActivityManager( 2143): Loaded persisted task ids for user 0
05-02 04:24:33.239 W/art     ( 2617): Unexpected CPU variant for X86 using defaults: x86_64
05-02 04:24:33.294 W/ActivityManager( 2143): Slow operation: 122ms so far, now at startProcess: returned from zygote!
05-02 04:24:33.294 W/ActivityManager( 2143): Slow operation: 122ms so far, now at startProcess: done updating battery stats
05-02 04:24:33.294 W/ActivityManager( 2143): Slow operation: 122ms so far, now at startProcess: building log message
05-02 04:24:33.295 I/ActivityManager( 2143): Start proc 2617:com.android.settings/1000 for activity com.android.settings/.FallbackHome
05-02 04:24:33.295 W/ActivityManager( 2143): Slow operation: 123ms so far, now at startProcess: starting to update pids map
05-02 04:24:33.295 W/ActivityManager( 2143): Slow operation: 123ms so far, now at startProcess: done updating pids map
05-02 04:24:33.295 W/ActivityManager( 2143): Slow operation: 124ms so far, now at startProcess: done starting proc!
05-02 04:24:33.447 W/art     ( 2143): Long monitor contention with owner main (2143) at void com.android.server.am.ActivityManagerService.systemReady(java.lang.Runnable)(ActivityManagerService.java:13368) waiters=0 in void com.android.server.am.ActivityManagerService.dispatchUidsChanged() for 3.319s
05-02 04:24:33.453 I/SystemServer( 2143): Enabled StrictMode for system server main thread.
05-02 04:24:33.622 D/ConditionProviders.SCP( 2143): onConnected
05-02 04:24:33.624 D/ZenLog  ( 2143): set_zen_mode: off,readXml
05-02 04:24:33.645 D/ConditionProviders( 2143): Subscribing to condition://android/schedule?days=1.2.3.4.5&start=22.0&end=7.0&exitAtAlarm=false with ComponentInfo{android/com.android.server.notification.ScheduleConditionProvider}
05-02 04:24:33.646 D/ZenLog  ( 2143): subscribe: condition://android/schedule?days=1.2.3.4.5&start=22.0&end=7.0&exitAtAlarm=false,ok
05-02 04:24:33.647 D/ConditionProviders( 2143): Subscribing to condition://android/schedule?days=6.7&start=23.30&end=10.0&exitAtAlarm=false with ComponentInfo{android/com.android.server.notification.ScheduleConditionProvider}
05-02 04:24:33.647 D/ZenLog  ( 2143): subscribe: condition://android/schedule?days=6.7&start=23.30&end=10.0&exitAtAlarm=false,ok
05-02 04:24:33.648 D/ConditionProviders( 2143): Subscribing to condition://android/event?userId=-10000&calendar=&reply=1 with ComponentInfo{android/com.android.server.notification.EventConditionProvider}
05-02 04:24:33.648 D/ZenLog  ( 2143): subscribe: condition://android/event?userId=-10000&calendar=&reply=1,ok
05-02 04:24:33.835 W/        ( 1267): debuggerd: handling request: pid=1319 uid=1000 gid=1003 tid=1319
05-02 04:24:34.000 W/art     ( 2143): Long monitor contention with owner Binder:2143_2 (2175) at void com.android.server.am.ActivityManagerService.attachApplication(android.app.IApplicationThread)(ActivityManagerService.java:6669) waiters=2 in void com.android.server.am.ActivityManagerService.dispatchProcessesChanged() for 142ms
05-02 04:24:34.104 W/art     ( 2143): Long monitor contention with owner main (2143) at void com.android.server.am.ActivityManagerService.systemReady(java.lang.Runnable)(ActivityManagerService.java:13368) waiters=1 in android.content.Intent com.android.server.am.ActivityManagerService.registerReceiver(android.app.IApplicationThread, java.lang.String, android.content.IIntentReceiver, android.content.IntentFilter, java.lang.String, int) for 3.082s
05-02 04:24:34.117 W/System  ( 2617): ClassLoader referenced unknown path: /system/priv-app/Settings/lib/x86_64
05-02 04:24:34.199 D/RttService( 2143): SCAN_AVAILABLE : 1
05-02 04:24:34.212 I/WifiScanningService( 2143): wifi driver unloaded
05-02 04:24:34.233 W/ACodec  ( 1333): do not know color format 0x7f000789 = 2130708361
05-02 04:24:34.235 E/OMXNodeInstance( 1330): getConfig(5320018:google.vp8.encoder, ConfigAndroidIntraRefresh(0x6f60000a)) ERROR: Undefined(0x80001001)
05-02 04:24:34.256 D/ZenLog  ( 2143): set_zen_mode: off,cleanUpZenRules
05-02 04:24:34.261 D/RttService( 2143): DefaultState got{ when=-60ms what=160513 target=com.android.internal.util.StateMachine$SmHandler }
05-02 04:24:34.374 W/System  ( 2143): ClassLoader referenced unknown path: /system/priv-app/Telecom/lib/x86_64
05-02 04:24:34.378 D/ApplicationLoaders( 2143): ignored Vulkan layer search path /system/priv-app/Telecom/lib/x86_64:/system/priv-app/Telecom/Telecom.apk!/lib/x86_64:/system/lib64:/vendor/lib64 for namespace 0x789f77f531d0
05-02 04:24:34.499 I/MediaPlayerService( 1333): MediaPlayerService::getOMX
05-02 04:24:34.632 I/OMXClient( 1333): MuxOMX ctor
05-02 04:24:34.710 I/MediaPlayerService( 1333): MediaPlayerService::getOMX
05-02 04:24:34.712 I/OMXClient( 1333): MuxOMX ctor
05-02 04:24:34.713 W/MediaCodecList( 1333): unable to open media codecs configuration xml file: /data/misc/media/media_codecs_profiling_results.xml
05-02 04:24:34.787 I/MediaPlayerService( 1333): MediaPlayerService::getOMX
05-02 04:24:34.795 I/OMXClient( 2385): MuxOMX ctor
05-02 04:24:34.829 I/OMXMaster( 1330): makeComponentInstance(OMX.google.vorbis.decoder) in mediacodec process
05-02 04:24:35.014 W/        ( 1267): debuggerd: resuming target 1319
05-02 04:24:35.095 W/        ( 1267): debuggerd: handling request: pid=1324 uid=1041 gid=1005 tid=1324
05-02 04:24:35.185 W/        ( 1266): debuggerd: handling request: pid=1324 uid=1041 gid=1005 tid=1324
05-02 04:24:35.328 E/hostapd ( 2631): Configuration file: /system/etc/simulated_hostapd.conf
05-02 04:24:35.575 E/hostapd ( 2631): Could not read interface wlan1 flags: No such device
05-02 04:24:35.576 I/hostapd ( 2631): nl80211: Driver does not support authentication/association or connect commands
05-02 04:24:35.576 I/hostapd ( 2631): nl80211: deinit ifname=wlan1 disabled_11b_rates=0
05-02 04:24:35.577 E/hostapd ( 2631): Could not read interface wlan1 flags: No such device
