05-02 04:23:08.936 E/Hyphenator( 1323): 	at android.text.Hyphenator.loadHyphenator(Hyphenator.java:118)
05-02 04:23:08.936 E/Hyphenator( 1323): 	at android.text.Hyphenator.init(Hyphenator.java:224)
05-02 04:23:08.936 E/Hyphenator( 1323): 	at com.android.internal.os.ZygoteInit.preloadTextResources(ZygoteInit.java:252)
05-02 04:23:08.936 E/Hyphenator( 1323): 	at com.android.internal.os.ZygoteInit.preload(ZygoteInit.java:206)
05-02 04:23:08.936 E/Hyphenator( 1323): 	at com.android.internal.os.ZygoteInit.main(ZygoteInit.java:743)
05-02 04:23:08.936 E/Hyphenator( 1323): Caused by: android.system.ErrnoException: open failed: ENOENT (No such file or directory)
05-02 04:23:08.936 E/Hyphenator( 1323): 	at libcore.io.Posix.open(Native Method)
05-02 04:23:08.936 E/Hyphenator( 1323): 	at libcore.io.BlockGuardOs.open(BlockGuardOs.java:187)
05-02 04:23:08.936 E/Hyphenator( 1323): 	at libcore.io.IoBridge.open(IoBridge.java:441)
05-02 04:23:08.936 E/Hyphenator( 1323): 	... 6 more
05-02 04:23:08.937 E/Hyphenator( 1323): error loading hyphenation /system/usr/hyphen-data/hyph-es.hyb
05-02 04:23:08.937 E/Hyphenator( 1323): java.io.FileNotFoundException: /system/usr/hyphen-data/hyph-es.hyb: open failed: ENOENT (No such file or directory)
05-02 04:23:08.937 E/Hyphenator( 1323): 	at libcore.io.IoBridge.open(IoBridge.java:455)
05-02 04:23:08.937 E/Hyphenator( 1323): 	at java.io.RandomAccessFile.<init>(RandomAccessFile.java:247)
05-02 04:23:08.937 E/Hyphenator( 1323): 	at android.text.Hyphenator.loadHyphenator(Hyphenator.java:118)
05-02 04:23:08.937 E/Hyphenator( 1323): 	at android.text.Hyphenator.init(Hyphenator.java:224)
05-02 04:23:08.937 E/Hyphenator( 1323): 	at com.android.internal.os.ZygoteInit.preloadTextResources(ZygoteInit.java:252)
05-02 04:23:08.937 E/Hyphenator( 1323): 	at com.android.internal.os.ZygoteInit.preload(ZygoteInit.java:206)
05-02 04:23:08.937 E/Hyphenator( 1323): 	at com.android.internal.os.ZygoteInit.main(ZygoteInit.java:743)
05-02 04:23:08.937 E/Hyphenator( 1323): Caused by: android.system.ErrnoException: open failed: ENOENT (No such file or directory)
05-02 04:23:08.937 E/Hyphenator( 1323): 	at libcore.io.Posix.open(Native Method)
05-02 04:23:08.937 E/Hyphenator( 1323): 	at libcore.io.BlockGuardOs.open(BlockGuardOs.java:187)
05-02 04:23:08.937 E/Hyphenator( 1323): 	at libcore.io.IoBridge.open(IoBridge.java:441)
05-02 04:23:08.937 E/Hyphenator( 1323): 	... 6 more
05-02 04:23:08.939 E/Hyphenator( 1323): error loading hyphenation /system/usr/hyphen-data/hyph-et.hyb
05-02 04:23:08.939 E/Hyphenator( 1323): java.io.FileNotFoundException: /system/usr/hyphen-data/hyph-et.hyb: open failed: ENOENT (No such file or directory)
05-02 04:23:08.939 E/Hyphenator( 1323): 	at libcore.io.IoBridge.open(IoBridge.java:455)
05-02 04:23:08.939 E/Hyphenator( 1323): 	at java.io.RandomAccessFile.<init>(RandomAccessFile.java:247)
05-02 04:23:08.939 E/Hyphenator( 1323): 	at android.text.Hyphenator.loadHyphenator(Hyphenator.java:118)
05-02 04:23:08.939 E/Hyphenator( 1323): 	at android.text.Hyphenator.init(Hyphenator.java:224)
05-02 04:23:08.939 E/Hyphenator( 1323): 	at com.android.internal.os.ZygoteInit.preloadTextResources(ZygoteInit.java:252)
05-02 04:23:08.939 E/Hyphenator( 1323): 	at com.android.internal.os.ZygoteInit.preload(ZygoteInit.java:206)
05-02 04:23:08.939 E/Hyphenator( 1323): 	at com.android.internal.os.ZygoteInit.main(ZygoteInit.java:743)
05-02 04:23:08.939 E/Hyphenator( 1323): Caused by: android.system.ErrnoException: open failed: ENOENT (No such file or directory)
05-02 04:23:08.939 E/Hyphenator( 1323): 	at libcore.io.Posix.open(Native Method)
05-02 04:23:08.939 E/Hyphenator( 1323): 	at libcore.io.BlockGuardOs.open(BlockGuardOs.java:187)
05-02 04:23:08.939 E/Hyphenator( 1323): 	at libcore.io.IoBridge.open(IoBridge.java:441)
05-02 04:23:08.939 E/Hyphenator( 1323): 	... 6 more
05-02 04:23:08.961 E/Hyphenator( 1323): error loading hyphenation /system/usr/hyphen-data/hyph-eu.hyb
05-02 04:23:08.961 E/Hyphenator( 1323): java.io.FileNotFoundException: /system/usr/hyphen-data/hyph-eu.hyb: open failed: ENOENT (No such file or directory)
05-02 04:23:08.961 E/Hyphenator( 1323): 	at libcore.io.IoBridge.open(IoBridge.java:455)
05-02 04:23:08.961 E/Hyphenator( 1323): 	at java.io.RandomAccessFile.<init>(RandomAccessFile.java:247)
05-02 04:23:08.961 E/Hyphenator( 1323): 	at android.text.Hyphenator.loadHyphenator(Hyphenator.java:118)
05-02 04:23:08.961 E/Hyphenator( 1323): 	at android.text.Hyphenator.init(Hyphenator.java:224)
05-02 04:23:08.961 E/Hyphenator( 1323): 	at com.android.internal.os.ZygoteInit.preloadTextResources(ZygoteInit.java:252)
05-02 04:23:08.961 E/Hyphenator( 1323): 	at com.android.internal.os.ZygoteInit.preload(ZygoteInit.java:206)
05-02 04:23:08.961 E/Hyphenator( 1323): 	at com.android.internal.os.ZygoteInit.main(ZygoteInit.java:743)
05-02 04:23:08.961 E/Hyphenator( 1323): Caused by: android.system.ErrnoException: open failed: ENOENT (No such file or directory)
05-02 04:23:08.961 E/Hyphenator( 1323): 	at libcore.io.Posix.open(Native Method)
05-02 04:23:08.961 E/Hyphenator( 1323): 	at libcore.io.BlockGuardOs.open(BlockGuardOs.java:187)
05-02 04:23:08.961 E/Hyphenator( 1323): 	at libcore.io.IoBridge.open(IoBridge.java:441)
05-02 04:23:08.961 E/Hyphenator( 1323): 	... 6 more
05-02 04:23:08.963 E/Hyphenator( 1323): error loading hyphenation /system/usr/hyphen-data/hyph-fr.hyb
05-02 04:23:08.963 E/Hyphenator( 1323): java.io.FileNotFoundException: /system/usr/hyphen-data/hyph-fr.hyb: open failed: ENOENT (No such file or directory)
05-02 04:23:08.963 E/Hyphenator( 1323): 	at libcore.io.IoBridge.open(IoBridge.java:455)
05-02 04:23:08.963 E/Hyphenator( 1323): 	at java.io.RandomAccessFile.<init>(RandomAccessFile.java:247)
05-02 04:23:08.963 E/Hyphenator( 1323): 	at android.text.Hyphenator.loadHyphenator(Hyphenator.java:118)
05-02 04:23:08.963 E/Hyphenator( 1323): 	at android.text.Hyphenator.init(Hyphenator.java:224)
05-02 04:23:08.963 E/Hyphenator( 1323): 	at com.android.internal.os.ZygoteInit.preloadTextResources(ZygoteInit.java:252)
05-02 04:23:08.963 E/Hyphenator( 1323): 	at com.android.internal.os.ZygoteInit.preload(ZygoteInit.java:206)
05-02 04:23:08.963 E/Hyphenator( 1323): 	at com.android.internal.os.ZygoteInit.main(ZygoteInit.java:743)
05-02 04:23:08.963 E/Hyphenator( 1323): Caused by: android.system.ErrnoException: open failed: ENOENT (No such file or directory)
05-02 04:23:08.963 E/Hyphenator( 1323): 	at libcore.io.Posix.open(Native Method)
05-02 04:23:08.963 E/Hyphenator( 1323): 	at libcore.io.BlockGuardOs.open(BlockGuardOs.java:187)
05-02 04:23:08.963 E/Hyphenator( 1323): 	at libcore.io.IoBridge.open(IoBridge.java:441)
05-02 04:23:08.963 E/Hyphenator( 1323): 	... 6 more
05-02 04:23:08.964 E/Hyphenator( 1323): error loading hyphenation /system/usr/hyphen-data/hyph-ga.hyb
05-02 04:23:08.964 E/Hyphenator( 1323): java.io.FileNotFoundException: /system/usr/hyphen-data/hyph-ga.hyb: open failed: ENOENT (No such file or directory)
05-02 04:23:08.964 E/Hyphenator( 1323): 	at libcore.io.IoBridge.open(IoBridge.java:455)
05-02 04:23:08.964 E/Hyphenator( 1323): 	at java.io.RandomAccessFile.<init>(RandomAccessFile.java:247)
05-02 04:23:08.964 E/Hyphenator( 1323): 	at android.text.Hyphenator.loadHyphenator(Hyphenator.java:118)
05-02 04:23:08.964 E/Hyphenator( 1323): 	at android.text.Hyphenator.init(Hyphenator.java:224)
05-02 04:23:08.964 E/Hyphenator( 1323): 	at com.android.internal.os.ZygoteInit.preloadTextResources(ZygoteInit.java:252)
05-02 04:23:08.964 E/Hyphenator( 1323): 	at com.android.internal.os.ZygoteInit.preload(ZygoteInit.java:206)
05-02 04:23:08.964 E/Hyphenator( 1323): 	at com.android.internal.os.ZygoteInit.main(ZygoteInit.java:743)
05-02 04:23:08.964 E/Hyphenator( 1323): Caused by: android.system.ErrnoException: open failed: ENOENT (No such file or directory)
05-02 04:23:08.964 E/Hyphenator( 1323): 	at libcore.io.Posix.open(Native Method)
05-02 04:23:08.964 E/Hyphenator( 1323): 	at libcore.io.BlockGuardOs.open(BlockGuardOs.java:187)
05-02 04:23:08.964 E/Hyphenator( 1323): 	at libcore.io.IoBridge.open(IoBridge.java:441)
05-02 04:23:08.964 E/Hyphenator( 1323): 	... 6 more
05-02 04:23:08.966 E/Hyphenator( 1323): error loading hyphenation /system/usr/hyphen-data/hyph-gu.hyb
05-02 04:23:08.966 E/Hyphenator( 1323): java.io.FileNotFoundException: /system/usr/hyphen-data/hyph-gu.hyb: open failed: ENOENT (No such file or directory)
05-02 04:23:08.966 E/Hyphenator( 1323): 	at libcore.io.IoBridge.open(IoBridge.java:455)
05-02 04:23:08.966 E/Hyphenator( 1323): 	at java.io.RandomAccessFile.<init>(RandomAccessFile.java:247)
05-02 04:23:08.966 E/Hyphenator( 1323): 	at android.text.Hyphenator.loadHyphenator(Hyphenator.java:118)
05-02 04:23:08.966 E/Hyphenator( 1323): 	at android.text.Hyphenator.init(Hyphenator.java:224)
05-02 04:23:08.966 E/Hyphenator( 1323): 	at com.android.internal.os.ZygoteInit.preloadTextResources(ZygoteInit.java:252)
05-02 04:23:08.966 E/Hyphenator( 1323): 	at com.android.internal.os.ZygoteInit.preload(ZygoteInit.java:206)
05-02 04:23:08.966 E/Hyphenator( 1323): 	at com.android.internal.os.ZygoteInit.main(ZygoteInit.java:743)
05-02 04:23:08.966 E/Hyphenator( 1323): Caused by: android.system.ErrnoException: open failed: ENOENT (No such file or directory)
05-02 04:23:08.966 E/Hyphenator( 1323): 	at libcore.io.Posix.open(Native Method)
05-02 04:23:08.966 E/Hyphenator( 1323): 	at libcore.io.BlockGuardOs.open(BlockGuardOs.java:187)
05-02 04:23:08.966 E/Hyphenator( 1323): 	at libcore.io.IoBridge.open(IoBridge.java:441)
05-02 04:23:08.966 E/Hyphenator( 1323): 	... 6 more
05-02 04:23:08.967 E/Hyphenator( 1323): error loading hyphenation /system/usr/hyphen-data/hyph-hi.hyb
05-02 04:23:08.967 E/Hyphenator( 1323): java.io.FileNotFoundException: /system/usr/hyphen-data/hyph-hi.hyb: open failed: ENOENT (No such file or directory)
05-02 04:23:08.967 E/Hyphenator( 1323): 	at libcore.io.IoBridge.open(IoBridge.java:455)
05-02 04:23:08.967 E/Hyphenator( 1323): 	at java.io.RandomAccessFile.<init>(RandomAccessFile.java:247)
05-02 04:23:08.967 E/Hyphenator( 1323): 	at android.text.Hyphenator.loadHyphenator(Hyphenator.java:118)
05-02 04:23:08.967 E/Hyphenator( 1323): 	at android.text.Hyphenator.init(Hyphenator.java:224)
05-02 04:23:08.967 E/Hyphenator( 1323): 	at com.android.internal.os.ZygoteInit.preloadTextResources(ZygoteInit.java:252)
05-02 04:23:08.967 E/Hyphenator( 1323): 	at com.android.internal.os.ZygoteInit.preload(ZygoteInit.java:206)
05-02 04:23:08.967 E/Hyphenator( 1323): 	at com.android.internal.os.ZygoteInit.main(ZygoteInit.java:743)
05-02 04:23:08.967 E/Hyphenator( 1323): Caused by: android.system.ErrnoException: open failed: ENOENT (No such file or directory)
05-02 04:23:08.967 E/Hyphenator( 1323): 	at libcore.io.Posix.open(Native Method)
05-02 04:23:08.967 E/Hyphenator( 1323): 	at libcore.io.BlockGuardOs.open(BlockGuardOs.java:187)
05-02 04:23:08.967 E/Hyphenator( 1323): 	at libcore.io.IoBridge.open(IoBridge.java:441)
05-02 04:23:08.967 E/Hyphenator( 1323): 	... 6 more
05-02 04:23:08.969 E/Hyphenator( 1323): error loading hyphenation /system/usr/hyphen-data/hyph-hr.hyb
05-02 04:23:08.969 E/Hyphenator( 1323): java.io.FileNotFoundException: /system/usr/hyphen-data/hyph-hr.hyb: open failed: ENOENT (No such file or directory)
05-02 04:23:08.969 E/Hyphenator( 1323): 	at libcore.io.IoBridge.open(IoBridge.java:455)
05-02 04:23:08.969 E/Hyphenator( 1323): 	at java.io.RandomAccessFile.<init>(RandomAccessFile.java:247)
05-02 04:23:08.969 E/Hyphenator( 1323): 	at android.text.Hyphenator.loadHyphenator(Hyphenator.java:118)
05-02 04:23:08.969 E/Hyphenator( 1323): 	at android.text.Hyphenator.init(Hyphenator.java:224)
05-02 04:23:08.969 E/Hyphenator( 1323): 	at com.android.internal.os.ZygoteInit.preloadTextResources(ZygoteInit.java:252)
05-02 04:23:08.969 E/Hyphenator( 1323): 	at com.android.internal.os.ZygoteInit.preload(ZygoteInit.java:206)
05-02 04:23:08.969 E/Hyphenator( 1323): 	at com.android.internal.os.ZygoteInit.main(ZygoteInit.java:743)
05-02 04:23:08.969 E/Hyphenator( 1323): Caused by: android.system.ErrnoException: open failed: ENOENT (No such file or directory)
05-02 04:23:08.969 E/Hyphenator( 1323): 	at libcore.io.Posix.open(Native Method)
05-02 04:23:08.969 E/Hyphenator( 1323): 	at libcore.io.BlockGuardOs.open(BlockGuardOs.java:187)
05-02 04:23:08.969 E/Hyphenator( 1323): 	at libcore.io.IoBridge.open(IoBridge.java:441)
05-02 04:23:08.969 E/Hyphenator( 1323): 	... 6 more
05-02 04:23:09.093 E/Hyphenator( 1323): error loading hyphenation /system/usr/hyphen-data/hyph-hu.hyb
05-02 04:23:09.093 E/Hyphenator( 1323): java.io.FileNotFoundException: /system/usr/hyphen-data/hyph-hu.hyb: open failed: ENOENT (No such file or directory)
05-02 04:23:09.093 E/Hyphenator( 1323): 	at libcore.io.IoBridge.open(IoBridge.java:455)
05-02 04:23:09.093 E/Hyphenator( 1323): 	at java.io.RandomAccessFile.<init>(RandomAccessFile.java:247)
05-02 04:23:09.093 E/Hyphenator( 1323): 	at android.text.Hyphenator.loadHyphenator(Hyphenator.java:118)
05-02 04:23:09.093 E/Hyphenator( 1323): 	at android.text.Hyphenator.init(Hyphenator.java:224)
05-02 04:23:09.093 E/Hyphenator( 1323): 	at com.android.internal.os.ZygoteInit.preloadTextResources(ZygoteInit.java:252)
05-02 04:23:09.093 E/Hyphenator( 1323): 	at com.android.internal.os.ZygoteInit.preload(ZygoteInit.java:206)
05-02 04:23:09.093 E/Hyphenator( 1323): 	at com.android.internal.os.ZygoteInit.main(ZygoteInit.java:743)
05-02 04:23:09.093 E/Hyphenator( 1323): Caused by: android.system.ErrnoException: open failed: ENOENT (No such file or directory)
05-02 04:23:09.093 E/Hyphenator( 1323): 	at libcore.io.Posix.open(Native Method)
05-02 04:23:09.093 E/Hyphenator( 1323): 	at libcore.io.BlockGuardOs.open(BlockGuardOs.java:187)
05-02 04:23:09.093 E/Hyphenator( 1323): 	at libcore.io.IoBridge.open(IoBridge.java:441)
05-02 04:23:09.093 E/Hyphenator( 1323): 	... 6 more
05-02 04:23:09.095 E/Hyphenator( 1323): error loading hyphenation /system/usr/hyphen-data/hyph-hy.hyb
05-02 04:23:09.095 E/Hyphenator( 1323): java.io.FileNotFoundException: /system/usr/hyphen-data/hyph-hy.hyb: open failed: ENOENT (No such file or directory)
05-02 04:23:09.095 E/Hyphenator( 1323): 	at libcore.io.IoBridge.open(IoBridge.java:455)
05-02 04:23:09.095 E/Hyphenator( 1323): 	at java.io.RandomAccessFile.<init>(RandomAccessFile.java:247)
05-02 04:23:09.095 E/Hyphenator( 1323): 	at android.text.Hyphenator.loadHyphenator(Hyphenator.java:118)
05-02 04:23:09.095 E/Hyphenator( 1323): 	at android.text.Hyphenator.init(Hyphenator.java:224)
05-02 04:23:09.095 E/Hyphenator( 1323): 	at com.android.internal.os.ZygoteInit.preloadTextResources(ZygoteInit.java:252)
05-02 04:23:09.095 E/Hyphenator( 1323): 	at com.android.internal.os.ZygoteInit.preload(ZygoteInit.java:206)
05-02 04:23:09.095 E/Hyphenator( 1323): 	at com.android.internal.os.ZygoteInit.main(ZygoteInit.java:743)
05-02 04:23:09.095 E/Hyphenator( 1323): Caused by: android.system.ErrnoException: open failed: ENOENT (No such file or directory)
05-02 04:23:09.095 E/Hyphenator( 1323): 	at libcore.io.Posix.open(Native Method)
05-02 04:23:09.095 E/Hyphenator( 1323): 	at libcore.io.BlockGuardOs.open(BlockGuardOs.java:187)
05-02 04:23:09.095 E/Hyphenator( 1323): 	at libcore.io.IoBridge.open(IoBridge.java:441)
05-02 04:23:09.095 E/Hyphenator( 1323): 	... 6 more
05-02 04:23:09.096 E/Hyphenator( 1323): error loading hyphenation /system/usr/hyphen-data/hyph-kn.hyb
05-02 04:23:09.096 E/Hyphenator( 1323): java.io.FileNotFoundException: /system/usr/hyphen-data/hyph-kn.hyb: open failed: ENOENT (No such file or directory)
05-02 04:23:09.096 E/Hyphenator( 1323): 	at libcore.io.IoBridge.open(IoBridge.java:455)
05-02 04:23:09.096 E/Hyphenator( 1323): 	at java.io.RandomAccessFile.<init>(RandomAccessFile.java:247)
05-02 04:23:09.096 E/Hyphenator( 1323): 	at android.text.Hyphenator.loadHyphenator(Hyphenator.java:118)
05-02 04:23:09.096 E/Hyphenator( 1323): 	at android.text.Hyphenator.init(Hyphenator.java:224)
05-02 04:23:09.096 E/Hyphenator( 1323): 	at com.android.internal.os.ZygoteInit.preloadTextResources(ZygoteInit.java:252)
05-02 04:23:09.096 E/Hyphenator( 1323): 	at com.android.internal.os.ZygoteInit.preload(ZygoteInit.java:206)
05-02 04:23:09.096 E/Hyphenator( 1323): 	at com.android.internal.os.ZygoteInit.main(ZygoteInit.java:743)
05-02 04:23:09.096 E/Hyphenator( 1323): Caused by: android.system.ErrnoException: open failed: ENOENT (No such file or directory)
05-02 04:23:09.096 E/Hyphenator( 1323): 	at libcore.io.Posix.open(Native Method)
05-02 04:23:09.096 E/Hyphenator( 1323): 	at libcore.io.BlockGuardOs.open(BlockGuardOs.java:187)
05-02 04:23:09.096 E/Hyphenator( 1323): 	at libcore.io.IoBridge.open(IoBridge.java:441)
05-02 04:23:09.096 E/Hyphenator( 1323): 	... 6 more
05-02 04:23:09.098 E/Hyphenator( 1323): error loading hyphenation /system/usr/hyphen-data/hyph-ml.hyb
05-02 04:23:09.098 E/Hyphenator( 1323): java.io.FileNotFoundException: /system/usr/hyphen-data/hyph-ml.hyb: open failed: ENOENT (No such file or directory)
05-02 04:23:09.098 E/Hyphenator( 1323): 	at libcore.io.IoBridge.open(IoBridge.java:455)
05-02 04:23:09.098 E/Hyphenator( 1323): 	at java.io.RandomAccessFile.<init>(RandomAccessFile.java:247)
05-02 04:23:09.098 E/Hyphenator( 1323): 	at android.text.Hyphenator.loadHyphenator(Hyphenator.java:118)
05-02 04:23:09.098 E/Hyphenator( 1323): 	at android.text.Hyphenator.init(Hyphenator.java:224)
05-02 04:23:09.098 E/Hyphenator( 1323): 	at com.android.internal.os.ZygoteInit.preloadTextResources(ZygoteInit.java:252)
05-02 04:23:09.098 E/Hyphenator( 1323): 	at com.android.internal.os.ZygoteInit.preload(ZygoteInit.java:206)
05-02 04:23:09.098 E/Hyphenator( 1323): 	at com.android.internal.os.ZygoteInit.main(ZygoteInit.java:743)
05-02 04:23:09.098 E/Hyphenator( 1323): Caused by: android.system.ErrnoException: open failed: ENOENT (No such file or directory)
05-02 04:23:09.098 E/Hyphenator( 1323): 	at libcore.io.Posix.open(Native Method)
05-02 04:23:09.098 E/Hyphenator( 1323): 	at libcore.io.BlockGuardOs.open(BlockGuardOs.java:187)
05-02 04:23:09.098 E/Hyphenator( 1323): 	at libcore.io.IoBridge.open(IoBridge.java:441)
05-02 04:23:09.098 E/Hyphenator( 1323): 	... 6 more
05-02 04:23:09.099 E/Hyphenator( 1323): error loading hyphenation /system/usr/hyphen-data/hyph-mn-cyrl.hyb
05-02 04:23:09.099 E/Hyphenator( 1323): java.io.FileNotFoundException: /system/usr/hyphen-data/hyph-mn-cyrl.hyb: open failed: ENOENT (No such file or directory)
05-02 04:23:09.099 E/Hyphenator( 1323): 	at libcore.io.IoBridge.open(IoBridge.java:455)
05-02 04:23:09.099 E/Hyphenator( 1323): 	at java.io.RandomAccessFile.<init>(RandomAccessFile.java:247)
05-02 04:23:09.099 E/Hyphenator( 1323): 	at android.text.Hyphenator.loadHyphenator(Hyphenator.java:118)
05-02 04:23:09.099 E/Hyphenator( 1323): 	at android.text.Hyphenator.init(Hyphenator.java:224)
05-02 04:23:09.099 E/Hyphenator( 1323): 	at com.android.internal.os.ZygoteInit.preloadTextResources(ZygoteInit.java:252)
05-02 04:23:09.099 E/Hyphenator( 1323): 	at com.android.internal.os.ZygoteInit.preload(ZygoteInit.java:206)
05-02 04:23:09.099 E/Hyphenator( 1323): 	at com.android.internal.os.ZygoteInit.main(ZygoteInit.java:743)
05-02 04:23:09.099 E/Hyphenator( 1323): Caused by: android.system.ErrnoException: open failed: ENOENT (No such file or directory)
05-02 04:23:09.099 E/Hyphenator( 1323): 	at libcore.io.Posix.open(Native Method)
05-02 04:23:09.099 E/Hyphenator( 1323): 	at libcore.io.BlockGuardOs.open(BlockGuardOs.java:187)
05-02 04:23:09.099 E/Hyphenator( 1323): 	at libcore.io.IoBridge.open(IoBridge.java:441)
05-02 04:23:09.099 E/Hyphenator( 1323): 	... 6 more
05-02 04:23:09.122 E/Hyphenator( 1323): error loading hyphenation /system/usr/hyphen-data/hyph-mr.hyb
05-02 04:23:09.122 E/Hyphenator( 1323): java.io.FileNotFoundException: /system/usr/hyphen-data/hyph-mr.hyb: open failed: ENOENT (No such file or directory)
05-02 04:23:09.122 E/Hyphenator( 1323): 	at libcore.io.IoBridge.open(IoBridge.java:455)
05-02 04:23:09.122 E/Hyphenator( 1323): 	at java.io.RandomAccessFile.<init>(RandomAccessFile.java:247)
05-02 04:23:09.122 E/Hyphenator( 1323): 	at android.text.Hyphenator.loadHyphenator(Hyphenator.java:118)
05-02 04:23:09.122 E/Hyphenator( 1323): 	at android.text.Hyphenator.init(Hyphenator.java:224)
05-02 04:23:09.122 E/Hyphenator( 1323): 	at com.android.internal.os.ZygoteInit.preloadTextResources(ZygoteInit.java:252)
05-02 04:23:09.122 E/Hyphenator( 1323): 	at com.android.internal.os.ZygoteInit.preload(ZygoteInit.java:206)
05-02 04:23:09.122 E/Hyphenator( 1323): 	at com.android.internal.os.ZygoteInit.main(ZygoteInit.java:743)
05-02 04:23:09.122 E/Hyphenator( 1323): Caused by: android.system.ErrnoException: open failed: ENOENT (No such file or directory)
05-02 04:23:09.122 E/Hyphenator( 1323): 	at libcore.io.Posix.open(Native Method)
05-02 04:23:09.122 E/Hyphenator( 1323): 	at libcore.io.BlockGuardOs.open(BlockGuardOs.java:187)
05-02 04:23:09.122 E/Hyphenator( 1323): 	at libcore.io.IoBridge.open(IoBridge.java:441)
05-02 04:23:09.122 E/Hyphenator( 1323): 	... 6 more
05-02 04:23:09.124 E/Hyphenator( 1323): error loading hyphenation /system/usr/hyphen-data/hyph-nb.hyb
05-02 04:23:09.124 E/Hyphenator( 1323): java.io.FileNotFoundException: /system/usr/hyphen-data/hyph-nb.hyb: open failed: ENOENT (No such file or directory)
05-02 04:23:09.124 E/Hyphenator( 1323): 	at libcore.io.IoBridge.open(IoBridge.java:455)
05-02 04:23:09.124 E/Hyphenator( 1323): 	at java.io.RandomAccessFile.<init>(RandomAccessFile.java:247)
05-02 04:23:09.124 E/Hyphenator( 1323): 	at android.text.Hyphenator.loadHyphenator(Hyphenator.java:118)
05-02 04:23:09.124 E/Hyphenator( 1323): 	at android.text.Hyphenator.init(Hyphenator.java:224)
05-02 04:23:09.124 E/Hyphenator( 1323): 	at com.android.internal.os.ZygoteInit.preloadTextResources(ZygoteInit.java:252)
05-02 04:23:09.124 E/Hyphenator( 1323): 	at com.android.internal.os.ZygoteInit.preload(ZygoteInit.java:206)
05-02 04:23:09.124 E/Hyphenator( 1323): 	at com.android.internal.os.ZygoteInit.main(ZygoteInit.java:743)
05-02 04:23:09.124 E/Hyphenator( 1323): Caused by: android.system.ErrnoException: open failed: ENOENT (No such file or directory)
05-02 04:23:09.124 E/Hyphenator( 1323): 	at libcore.io.Posix.open(Native Method)
05-02 04:23:09.124 E/Hyphenator( 1323): 	at libcore.io.BlockGuardOs.open(BlockGuardOs.java:187)
05-02 04:23:09.124 E/Hyphenator( 1323): 	at libcore.io.IoBridge.open(IoBridge.java:441)
05-02 04:23:09.124 E/Hyphenator( 1323): 	... 6 more
05-02 04:23:09.125 E/Hyphenator( 1323): error loading hyphenation /system/usr/hyphen-data/hyph-nn.hyb
05-02 04:23:09.125 E/Hyphenator( 1323): java.io.FileNotFoundException: /system/usr/hyphen-data/hyph-nn.hyb: open failed: ENOENT (No such file or directory)
05-02 04:23:09.125 E/Hyphenator( 1323): 	at libcore.io.IoBridge.open(IoBridge.java:455)
05-02 04:23:09.125 E/Hyphenator( 1323): 	at java.io.RandomAccessFile.<init>(RandomAccessFile.java:247)
05-02 04:23:09.125 E/Hyphenator( 1323): 	at android.text.Hyphenator.loadHyphenator(Hyphenator.java:118)
05-02 04:23:09.125 E/Hyphenator( 1323): 	at android.text.Hyphenator.init(Hyphenator.java:224)
05-02 04:23:09.125 E/Hyphenator( 1323): 	at com.android.internal.os.ZygoteInit.preloadTextResources(ZygoteInit.java:252)
05-02 04:23:09.125 E/Hyphenator( 1323): 	at com.android.internal.os.ZygoteInit.preload(ZygoteInit.java:206)
05-02 04:23:09.125 E/Hyphenator( 1323): 	at com.android.internal.os.ZygoteInit.main(ZygoteInit.java:743)
05-02 04:23:09.125 E/Hyphenator( 1323): Caused by: android.system.ErrnoException: open failed: ENOENT (No such file or directory)
05-02 04:23:09.125 E/Hyphenator( 1323): 	at libcore.io.Posix.open(Native Method)
05-02 04:23:09.125 E/Hyphenator( 1323): 	at libcore.io.BlockGuardOs.open(BlockGuardOs.java:187)
05-02 04:23:09.125 E/Hyphenator( 1323): 	at libcore.io.IoBridge.open(IoBridge.java:441)
05-02 04:23:09.125 E/Hyphenator( 1323): 	... 6 more
05-02 04:23:09.127 E/Hyphenator( 1323): error loading hyphenation /system/usr/hyphen-data/hyph-or.hyb
05-02 04:23:09.127 E/Hyphenator( 1323): java.io.FileNotFoundException: /system/usr/hyphen-data/hyph-or.hyb: open failed: ENOENT (No such file or directory)
05-02 04:23:09.127 E/Hyphenator( 1323): 	at libcore.io.IoBridge.open(IoBridge.java:455)
05-02 04:23:09.127 E/Hyphenator( 1323): 	at java.io.RandomAccessFile.<init>(RandomAccessFile.java:247)
05-02 04:23:09.127 E/Hyphenator( 1323): 	at android.text.Hyphenator.loadHyphenator(Hyphenator.java:118)
05-02 04:23:09.127 E/Hyphenator( 1323): 	at android.text.Hyphenator.init(Hyphenator.java:224)
05-02 04:23:09.127 E/Hyphenator( 1323): 	at com.android.internal.os.ZygoteInit.preloadTextResources(ZygoteInit.java:252)
05-02 04:23:09.127 E/Hyphenator( 1323): 	at com.android.internal.os.ZygoteInit.preload(ZygoteInit.java:206)
05-02 04:23:09.127 E/Hyphenator( 1323): 	at com.android.internal.os.ZygoteInit.main(ZygoteInit.java:743)
05-02 04:23:09.127 E/Hyphenator( 1323): Caused by: android.system.ErrnoException: open failed: ENOENT (No such file or directory)
05-02 04:23:09.127 E/Hyphenator( 1323): 	at libcore.io.Posix.open(Native Method)
05-02 04:23:09.127 E/Hyphenator( 1323): 	at libcore.io.BlockGuardOs.open(BlockGuardOs.java:187)
05-02 04:23:09.127 E/Hyphenator( 1323): 	at libcore.io.IoBridge.open(IoBridge.java:441)
05-02 04:23:09.127 E/Hyphenator( 1323): 	... 6 more
05-02 04:23:09.129 E/Hyphenator( 1323): error loading hyphenation /system/usr/hyphen-data/hyph-pa.hyb
05-02 04:23:09.129 E/Hyphenator( 1323): java.io.FileNotFoundException: /system/usr/hyphen-data/hyph-pa.hyb: open failed: ENOENT (No such file or directory)
05-02 04:23:09.129 E/Hyphenator( 1323): 	at libcore.io.IoBridge.open(IoBridge.java:455)
05-02 04:23:09.129 E/Hyphenator( 1323): 	at java.io.RandomAccessFile.<init>(RandomAccessFile.java:247)
05-02 04:23:09.129 E/Hyphenator( 1323): 	at android.text.Hyphenator.loadHyphenator(Hyphenator.java:118)
05-02 04:23:09.129 E/Hyphenator( 1323): 	at android.text.Hyphenator.init(Hyphenator.java:224)
05-02 04:23:09.129 E/Hyphenator( 1323): 	at com.android.internal.os.ZygoteInit.preloadTextResources(ZygoteInit.java:252)
05-02 04:23:09.129 E/Hyphenator( 1323): 	at com.android.internal.os.ZygoteInit.preload(ZygoteInit.java:206)
05-02 04:23:09.129 E/Hyphenator( 1323): 	at com.android.internal.os.ZygoteInit.main(ZygoteInit.java:743)
05-02 04:23:09.129 E/Hyphenator( 1323): Caused by: android.system.ErrnoException: open failed: ENOENT (No such file or directory)
05-02 04:23:09.129 E/Hyphenator( 1323): 	at libcore.io.Posix.open(Native Method)
05-02 04:23:09.129 E/Hyphenator( 1323): 	at libcore.io.BlockGuardOs.open(BlockGuardOs.java:187)
05-02 04:23:09.129 E/Hyphenator( 1323): 	at libcore.io.IoBridge.open(IoBridge.java:441)
05-02 04:23:09.129 E/Hyphenator( 1323): 	... 6 more
05-02 04:23:09.139 I/Zygote  ( 1322): Warmed up JCA providers in 678ms.
05-02 04:23:09.139 D/Zygote  ( 1322): end preload
05-02 04:23:09.220 I/art     ( 1322): Starting a blocking GC Explicit
05-02 04:23:09.230 E/Hyphenator( 1323): error loading hyphenation /system/usr/hyphen-data/hyph-pt.hyb
05-02 04:23:09.230 E/Hyphenator( 1323): java.io.FileNotFoundException: /system/usr/hyphen-data/hyph-pt.hyb: open failed: ENOENT (No such file or directory)
05-02 04:23:09.230 E/Hyphenator( 1323): 	at libcore.io.IoBridge.open(IoBridge.java:455)
05-02 04:23:09.230 E/Hyphenator( 1323): 	at java.io.RandomAccessFile.<init>(RandomAccessFile.java:247)
05-02 04:23:09.230 E/Hyphenator( 1323): 	at android.text.Hyphenator.loadHyphenator(Hyphenator.java:118)
05-02 04:23:09.230 E/Hyphenator( 1323): 	at android.text.Hyphenator.init(Hyphenator.java:224)
05-02 04:23:09.230 E/Hyphenator( 1323): 	at com.android.internal.os.ZygoteInit.preloadTextResources(ZygoteInit.java:252)
05-02 04:23:09.230 E/Hyphenator( 1323): 	at com.android.internal.os.ZygoteInit.preload(ZygoteInit.java:206)
05-02 04:23:09.230 E/Hyphenator( 1323): 	at com.android.internal.os.ZygoteInit.main(ZygoteInit.java:743)
05-02 04:23:09.230 E/Hyphenator( 1323): Caused by: android.system.ErrnoException: open failed: ENOENT (No such file or directory)
05-02 04:23:09.230 E/Hyphenator( 1323): 	at libcore.io.Posix.open(Native Method)
05-02 04:23:09.230 E/Hyphenator( 1323): 	at libcore.io.BlockGuardOs.open(BlockGuardOs.java:187)
05-02 04:23:09.230 E/Hyphenator( 1323): 	at libcore.io.IoBridge.open(IoBridge.java:441)
05-02 04:23:09.230 E/Hyphenator( 1323): 	... 6 more
05-02 04:23:09.232 E/Hyphenator( 1323): error loading hyphenation /system/usr/hyphen-data/hyph-sl.hyb
05-02 04:23:09.232 E/Hyphenator( 1323): java.io.FileNotFoundException: /system/usr/hyphen-data/hyph-sl.hyb: open failed: ENOENT (No such file or directory)
05-02 04:23:09.232 E/Hyphenator( 1323): 	at libcore.io.IoBridge.open(IoBridge.java:455)
05-02 04:23:09.232 E/Hyphenator( 1323): 	at java.io.RandomAccessFile.<init>(RandomAccessFile.java:247)
05-02 04:23:09.232 E/Hyphenator( 1323): 	at android.text.Hyphenator.loadHyphenator(Hyphenator.java:118)
05-02 04:23:09.232 E/Hyphenator( 1323): 	at android.text.Hyphenator.init(Hyphenator.java:224)
05-02 04:23:09.232 E/Hyphenator( 1323): 	at com.android.internal.os.ZygoteInit.preloadTextResources(ZygoteInit.java:252)
05-02 04:23:09.232 E/Hyphenator( 1323): 	at com.android.internal.os.ZygoteInit.preload(ZygoteInit.java:206)
05-02 04:23:09.232 E/Hyphenator( 1323): 	at com.android.internal.os.ZygoteInit.main(ZygoteInit.java:743)
05-02 04:23:09.232 E/Hyphenator( 1323): Caused by: android.system.ErrnoException: open failed: ENOENT (No such file or directory)
05-02 04:23:09.232 E/Hyphenator( 1323): 	at libcore.io.Posix.open(Native Method)
05-02 04:23:09.232 E/Hyphenator( 1323): 	at libcore.io.BlockGuardOs.open(BlockGuardOs.java:187)
05-02 04:23:09.232 E/Hyphenator( 1323): 	at libcore.io.IoBridge.open(IoBridge.java:441)
05-02 04:23:09.232 E/Hyphenator( 1323): 	... 6 more
05-02 04:23:09.234 E/Hyphenator( 1323): error loading hyphenation /system/usr/hyphen-data/hyph-ta.hyb
05-02 04:23:09.234 E/Hyphenator( 1323): java.io.FileNotFoundException: /system/usr/hyphen-data/hyph-ta.hyb: open failed: ENOENT (No such file or directory)
05-02 04:23:09.234 E/Hyphenator( 1323): 	at libcore.io.IoBridge.open(IoBridge.java:455)
05-02 04:23:09.234 E/Hyphenator( 1323): 	at java.io.RandomAccessFile.<init>(RandomAccessFile.java:247)
05-02 04:23:09.234 E/Hyphenator( 1323): 	at android.text.Hyphenator.loadHyphenator(Hyphenator.java:118)
05-02 04:23:09.234 E/Hyphenator( 1323): 	at android.text.Hyphenator.init(Hyphenator.java:224)
05-02 04:23:09.234 E/Hyphenator( 1323): 	at com.android.internal.os.ZygoteInit.preloadTextResources(ZygoteInit.java:252)
05-02 04:23:09.234 E/Hyphenator( 1323): 	at com.android.internal.os.ZygoteInit.preload(ZygoteInit.java:206)
05-02 04:23:09.234 E/Hyphenator( 1323): 	at com.android.internal.os.ZygoteInit.main(ZygoteInit.java:743)
05-02 04:23:09.234 E/Hyphenator( 1323): Caused by: android.system.ErrnoException: open failed: ENOENT (No such file or directory)
05-02 04:23:09.234 E/Hyphenator( 1323): 	at libcore.io.Posix.open(Native Method)
05-02 04:23:09.234 E/Hyphenator( 1323): 	at libcore.io.BlockGuardOs.open(BlockGuardOs.java:187)
05-02 04:23:09.234 E/Hyphenator( 1323): 	at libcore.io.IoBridge.open(IoBridge.java:441)
05-02 04:23:09.234 E/Hyphenator( 1323): 	... 6 more
05-02 04:23:09.235 E/Hyphenator( 1323): error loading hyphenation /system/usr/hyphen-data/hyph-te.hyb
05-02 04:23:09.235 E/Hyphenator( 1323): java.io.FileNotFoundException: /system/usr/hyphen-data/hyph-te.hyb: open failed: ENOENT (No such file or directory)
05-02 04:23:09.235 E/Hyphenator( 1323): 	at libcore.io.IoBridge.open(IoBridge.java:455)
05-02 04:23:09.235 E/Hyphenator( 1323): 	at java.io.RandomAccessFile.<init>(RandomAccessFile.java:247)
05-02 04:23:09.235 E/Hyphenator( 1323): 	at android.text.Hyphenator.loadHyphenator(Hyphenator.java:118)
05-02 04:23:09.235 E/Hyphenator( 1323): 	at android.text.Hyphenator.init(Hyphenator.java:224)
05-02 04:23:09.235 E/Hyphenator( 1323): 	at com.android.internal.os.ZygoteInit.preloadTextResources(ZygoteInit.java:252)
05-02 04:23:09.235 E/Hyphenator( 1323): 	at com.android.internal.os.ZygoteInit.preload(ZygoteInit.java:206)
05-02 04:23:09.235 E/Hyphenator( 1323): 	at com.android.internal.os.ZygoteInit.main(ZygoteInit.java:743)
05-02 04:23:09.235 E/Hyphenator( 1323): Caused by: android.system.ErrnoException: open failed: ENOENT (No such file or directory)
05-02 04:23:09.235 E/Hyphenator( 1323): 	at libcore.io.Posix.open(Native Method)
05-02 04:23:09.235 E/Hyphenator( 1323): 	at libcore.io.BlockGuardOs.open(BlockGuardOs.java:187)
05-02 04:23:09.235 E/Hyphenator( 1323): 	at libcore.io.IoBridge.open(IoBridge.java:441)
05-02 04:23:09.235 E/Hyphenator( 1323): 	... 6 more
05-02 04:23:09.237 E/Hyphenator( 1323): error loading hyphenation /system/usr/hyphen-data/hyph-tk.hyb
05-02 04:23:09.237 E/Hyphenator( 1323): java.io.FileNotFoundException: /system/usr/hyphen-data/hyph-tk.hyb: open failed: ENOENT (No such file or directory)
05-02 04:23:09.237 E/Hyphenator( 1323): 	at libcore.io.IoBridge.open(IoBridge.java:455)
05-02 04:23:09.237 E/Hyphenator( 1323): 	at java.io.RandomAccessFile.<init>(RandomAccessFile.java:247)
05-02 04:23:09.237 E/Hyphenator( 1323): 	at android.text.Hyphenator.loadHyphenator(Hyphenator.java:118)
05-02 04:23:09.237 E/Hyphenator( 1323): 	at android.text.Hyphenator.init(Hyphenator.java:224)
05-02 04:23:09.237 E/Hyphenator( 1323): 	at com.android.internal.os.ZygoteInit.preloadTextResources(ZygoteInit.java:252)
05-02 04:23:09.237 E/Hyphenator( 1323): 	at com.android.internal.os.ZygoteInit.preload(ZygoteInit.java:206)
05-02 04:23:09.237 E/Hyphenator( 1323): 	at com.android.internal.os.ZygoteInit.main(ZygoteInit.java:743)
05-02 04:23:09.237 E/Hyphenator( 1323): Caused by: android.system.ErrnoException: open failed: ENOENT (No such file or directory)
05-02 04:23:09.237 E/Hyphenator( 1323): 	at libcore.io.Posix.open(Native Method)
05-02 04:23:09.237 E/Hyphenator( 1323): 	at libcore.io.BlockGuardOs.open(BlockGuardOs.java:187)
05-02 04:23:09.237 E/Hyphenator( 1323): 	at libcore.io.IoBridge.open(IoBridge.java:441)
05-02 04:23:09.237 E/Hyphenator( 1323): 	... 6 more
05-02 04:23:09.238 E/Hyphenator( 1323): error loading hyphenation /system/usr/hyphen-data/hyph-und-ethi.hyb
05-02 04:23:09.238 E/Hyphenator( 1323): java.io.FileNotFoundException: /system/usr/hyphen-data/hyph-und-ethi.hyb: open failed: ENOENT (No such file or directory)
05-02 04:23:09.238 E/Hyphenator( 1323): 	at libcore.io.IoBridge.open(IoBridge.java:455)
05-02 04:23:09.238 E/Hyphenator( 1323): 	at java.io.RandomAccessFile.<init>(RandomAccessFile.java:247)
05-02 04:23:09.238 E/Hyphenator( 1323): 	at android.text.Hyphenator.loadHyphenator(Hyphenator.java:118)
05-02 04:23:09.238 E/Hyphenator( 1323): 	at android.text.Hyphenator.init(Hyphenator.java:224)
05-02 04:23:09.238 E/Hyphenator( 1323): 	at com.android.internal.os.ZygoteInit.preloadTextResources(ZygoteInit.java:252)
05-02 04:23:09.238 E/Hyphenator( 1323): 	at com.android.internal.os.ZygoteInit.preload(ZygoteInit.java:206)
05-02 04:23:09.238 E/Hyphenator( 1323): 	at com.android.internal.os.ZygoteInit.main(ZygoteInit.java:743)
05-02 04:23:09.238 E/Hyphenator( 1323): Caused by: android.system.ErrnoException: open failed: ENOENT (No such file or directory)
05-02 04:23:09.238 E/Hyphenator( 1323): 	at libcore.io.Posix.open(Native Method)
05-02 04:23:09.238 E/Hyphenator( 1323): 	at libcore.io.BlockGuardOs.open(BlockGuardOs.java:187)
05-02 04:23:09.238 E/Hyphenator( 1323): 	at libcore.io.IoBridge.open(IoBridge.java:441)
05-02 04:23:09.238 E/Hyphenator( 1323): 	... 6 more
05-02 04:23:09.356 E/hostapd ( 2135): Configuration file: /system/etc/simulated_hostapd.conf
05-02 04:23:09.438 E/hostapd ( 2135): Could not read interface wlan1 flags: No such device
05-02 04:23:09.439 I/hostapd ( 2135): nl80211: Driver does not support authentication/association or connect commands
05-02 04:23:09.439 I/hostapd ( 2135): nl80211: deinit ifname=wlan1 disabled_11b_rates=0
05-02 04:23:09.463 I/art     ( 1322): Explicit concurrent mark sweep GC freed 6804(369KB) AllocSpace objects, 3(132KB) LOS objects, 39% free, 6MB/10MB, paused 234us total 242.055ms
05-02 04:23:09.480 I/art     ( 1322): Starting a blocking GC Explicit
05-02 04:23:09.530 E/hostapd ( 2135): Could not read interface wlan1 flags: No such device
05-02 04:23:09.531 E/hostapd ( 2135): nl80211 driver initialization failed.
05-02 04:23:09.531 I/hostapd ( 2135): wlan1: interface state UNINITIALIZED->DISABLED
05-02 04:23:09.531 I/hostapd ( 2135): wlan1: AP-DISABLED 
05-02 04:23:09.531 E/hostapd ( 2135): hostapd_free_hapd_data: Interface wlan1 wasn't started
05-02 04:23:09.548 I/art     ( 1322): Explicit concurrent mark sweep GC freed 67(2328B) AllocSpace objects, 0(0B) LOS objects, 39% free, 6MB/10MB, paused 230us total 67.253ms
05-02 04:23:09.659 I/art     ( 1322): Starting a blocking GC HeapTrim
05-02 04:23:09.705 I/art     ( 1322): Starting a blocking GC Background
05-02 04:23:09.843 I/art     ( 1322): Background concurrent mark sweep GC freed 79(3KB) AllocSpace objects, 0(0B) LOS objects, 39% free, 6MB/10MB, paused 191us total 137.175ms
05-02 04:23:09.956 I/Zygote  ( 1323): Uninstalled ICU cache reference pinning...
05-02 04:23:10.030 I/Zygote  ( 1323): Installed AndroidKeyStoreProvider in 74ms.
05-02 04:23:10.362 I/Zygote  ( 1322): System server process 2143 has been created
05-02 04:23:10.367 I/Zygote  ( 1322): Accepting command socket connections
05-02 04:23:10.859 I/Zygote  ( 1323): Warmed up JCA providers in 828ms.
05-02 04:23:10.902 D/Zygote  ( 1323): end preload
05-02 04:23:10.903 I/art     ( 1323): Starting a blocking GC Explicit
05-02 04:23:11.192 I/art     ( 1323): Explicit concurrent mark sweep GC freed 16004(1200KB) AllocSpace objects, 2(48KB) LOS objects, 39% free, 6MB/10MB, paused 378us total 245.971ms
05-02 04:23:11.230 I/art     ( 1323): Starting a blocking GC Explicit
05-02 04:23:11.383 E/Netd    ( 1334): cannot find interface dummy0
05-02 04:23:11.737 I/art     ( 1323): Explicit concurrent mark sweep GC freed 1204(46KB) AllocSpace objects, 2(116KB) LOS objects, 39% free, 6MB/10MB, paused 72.788ms total 466.552ms
05-02 04:23:11.748 D/MDnsDS  ( 1334): MDnsSdListener::Hander starting up
05-02 04:23:11.801 D/MDnsDS  ( 1334): MDnsSdListener starting to monitor
05-02 04:23:11.801 D/MDnsDS  ( 1334): Going to poll with pollCount 1
05-02 04:23:11.980 I/Zygote  ( 1323): Accepting command socket connections
05-02 04:23:12.197 I/Zygote  ( 2143): Process: zygote socket opened, supported ABIS: x86
05-02 04:23:12.307 I/InstallerConnection( 2143): connecting...
05-02 04:23:12.353 I/        ( 1328): new connection
05-02 04:23:12.715 E/ipv6proxy( 2170): Failed to get interface flags for wlan1: No such device
05-02 04:23:12.921 I/InstallerConnection( 2143): disconnecting...
05-02 04:23:12.922 E/        ( 1328): eof
05-02 04:23:12.922 E/        ( 1328): failed to read size
05-02 04:23:12.922 I/        ( 1328): closing connection
05-02 04:23:14.021 I/SystemServer( 2143): Entered the Android system server!
05-02 04:23:14.466 E/hostapd ( 2180): Configuration file: /system/etc/simulated_hostapd.conf
05-02 04:23:14.506 E/hostapd ( 2180): Could not read interface wlan1 flags: No such device
05-02 04:23:14.507 I/hostapd ( 2180): nl80211: Driver does not support authentication/association or connect commands
05-02 04:23:14.507 I/hostapd ( 2180): nl80211: deinit ifname=wlan1 disabled_11b_rates=0
05-02 04:23:14.508 E/hostapd ( 2180): Could not read interface wlan1 flags: No such device
05-02 04:23:14.508 E/hostapd ( 2180): nl80211 driver initialization failed.
05-02 04:23:14.508 I/hostapd ( 2180): wlan1: interface state UNINITIALIZED->DISABLED
05-02 04:23:14.508 I/hostapd ( 2180): wlan1: AP-DISABLED 
05-02 04:23:14.509 E/hostapd ( 2180): hostapd_free_hapd_data: Interface wlan1 wasn't started
05-02 04:23:16.401 I/SystemServiceManager( 2143): Starting com.android.server.pm.Installer
05-02 04:23:16.551 I/Installer( 2143): Waiting for installd to be ready.
05-02 04:23:16.551 I/InstallerConnection( 2143): connecting...
05-02 04:23:16.552 I/        ( 1328): new connection
05-02 04:23:16.555 I/SystemServiceManager( 2143): Starting com.android.server.am.ActivityManagerService$Lifecycle
05-02 04:23:17.083 I/ActivityManager( 2143): Memory class: 256
05-02 04:23:17.150 I/ServiceThread( 2143): Enabled StrictMode logging for ActivityManager looper.
05-02 04:23:17.203 I/ServiceThread( 2143): Enabled StrictMode logging for android.ui looper.
05-02 04:23:17.444 E/ipv6proxy( 2187): Failed to get interface flags for wlan1: No such device
05-02 04:23:17.506 D/BatteryStatsImpl( 2143): Reading daily items from /data/system/batterystats-daily.xml
05-02 04:23:18.961 I/IntentFirewall( 2143): Read new rules (A:0 B:0 S:0)
05-02 04:23:19.312 I/ServiceThread( 2143): Enabled StrictMode logging for android.display looper.
05-02 04:23:19.392 E/hostapd ( 2197): Configuration file: /system/etc/simulated_hostapd.conf
05-02 04:23:19.457 E/hostapd ( 2197): Could not read interface wlan1 flags: No such device
05-02 04:23:19.457 I/hostapd ( 2197): nl80211: Driver does not support authentication/association or connect commands
05-02 04:23:19.457 I/hostapd ( 2197): nl80211: deinit ifname=wlan1 disabled_11b_rates=0
05-02 04:23:19.458 E/hostapd ( 2197): Could not read interface wlan1 flags: No such device
05-02 04:23:19.458 E/hostapd ( 2197): nl80211 driver initialization failed.
05-02 04:23:19.459 I/hostapd ( 2197): wlan1: interface state UNINITIALIZED->DISABLED
05-02 04:23:19.459 I/hostapd ( 2197): wlan1: AP-DISABLED 
05-02 04:23:19.459 E/hostapd ( 2197): hostapd_free_hapd_data: Interface wlan1 wasn't started
05-02 04:23:19.566 D/AppOps  ( 2143): AppOpsService published
05-02 04:23:19.567 I/SystemServiceManager( 2143): Starting com.android.server.power.PowerManagerService
05-02 04:23:19.672 I/ServiceThread( 2143): Enabled StrictMode logging for PowerManagerService looper.
05-02 04:23:19.678 E/PowerManagerService-JNI( 2143): Couldn't load power module (No such file or directory)
05-02 04:23:19.679 W/libsuspend( 2143): Error writing 'on' to /sys/power/state: Invalid argument
05-02 04:23:19.691 I/libsuspend( 2143): Selected wakeup count
05-02 04:23:19.746 I/SystemServiceManager( 2143): Starting com.android.server.lights.LightsService
05-02 04:23:19.847 I/SystemServiceManager( 2143): Starting com.android.server.display.DisplayManagerService
05-02 04:23:19.879 I/SystemServiceManager( 2143): Starting phase 100
05-02 04:23:19.994 E/SurfaceFlinger( 1319): ro.sf.lcd_density must be defined as a build property
05-02 04:23:20.034 I/DisplayManagerService( 2143): Display device added: DisplayDeviceInfo{"Built-in Screen": uniqueId="local:0", 1080 x 1920, modeId 1, defaultModeId 1, supportedModes [{id=1, width=1080, height=1920, fps=60.000004}], colorMode 0, supportedColorModes [0], HdrCapabilities android.view.Display$HdrCapabilities@a69d6308, density 480, 480.0 x 480.0 dpi, appVsyncOff 1000000, presDeadline 16666666, touch INTERNAL, rotation 0, type BUILT_IN, state UNKNOWN, FLAG_DEFAULT_DISPLAY, FLAG_ROTATES_WITH_CONTENT, FLAG_SECURE, FLAG_SUPPORTS_PROTECTED_BUFFERS}
05-02 04:23:20.101 D/SurfaceFlinger( 1319): Set power mode=2, type=0 flinger=0x70a644847000
05-02 04:23:20.101 D/SurfaceFlinger( 1319): Screen type=0 is already mode=2
05-02 04:23:20.105 I/DisplayManagerService( 2143): Display device changed state: "Built-in Screen", ON
05-02 04:23:20.107 I/SystemServer( 2143): StartPackageManagerService
05-02 04:23:20.632 W/SystemConfig( 2143): No directory /system/etc/sysconfig, skipping
05-02 04:23:20.901 D/SELinuxMMAC( 2143): Using policy file /system/etc/security/mac_permissions.xml
05-02 04:23:22.419 E/ipv6proxy( 2214): Failed to get interface flags for wlan1: No such device
05-02 04:23:22.761 E/art     ( 2143): DexFile_getDexOptNeeded file '/system/framework/org.apache.http.legacy.jar' does not exist
05-02 04:23:22.763 W/PackageManager( 2143): Library not found: /system/framework/org.apache.http.legacy.jar
05-02 04:23:23.081 E/art     ( 2143): DexFile_getDexOptNeeded file '/system/framework/org.apache.http.legacy.jar' does not exist
05-02 04:23:23.082 W/PackageManager( 2143): Library not found: /system/framework/org.apache.http.legacy.jar
05-02 04:23:23.141 D/PackageManager( 2143): No files in app dir /vendor/overlay
05-02 04:23:23.867 W/PackageManager( 2143): Failed to parse /system/framework/oat: Missing base APK in /system/framework/oat
05-02 04:23:23.941 W/PackageManager( 2143): Failed to parse /system/framework/x86: Missing base APK in /system/framework/x86
05-02 04:23:23.943 W/PackageManager( 2143): Failed to parse /system/framework/x86_64: Missing base APK in /system/framework/x86_64
05-02 04:23:24.463 E/hostapd ( 2218): Configuration file: /system/etc/simulated_hostapd.conf
05-02 04:23:24.602 E/hostapd ( 2218): Could not read interface wlan1 flags: No such device
05-02 04:23:24.602 I/hostapd ( 2218): nl80211: Driver does not support authentication/association or connect commands
05-02 04:23:24.602 I/hostapd ( 2218): nl80211: deinit ifname=wlan1 disabled_11b_rates=0
05-02 04:23:24.603 E/hostapd ( 2218): Could not read interface wlan1 flags: No such device
05-02 04:23:24.603 E/hostapd ( 2218): nl80211 driver initialization failed.
05-02 04:23:24.603 I/hostapd ( 2218): wlan1: interface state UNINITIALIZED->DISABLED
05-02 04:23:24.604 I/hostapd ( 2218): wlan1: AP-DISABLED 
05-02 04:23:24.604 E/hostapd ( 2218): hostapd_free_hapd_data: Interface wlan1 wasn't started
05-02 04:23:25.577 W/PackageParser( 2143): No actions in intent filter at /system/priv-app/Contacts/Contacts.apk Binary XML file line #409
05-02 04:23:26.768 W/PackageParser( 2143): No actions in intent filter at /system/priv-app/Dialer/Dialer.apk Binary XML file line #186
05-02 04:23:27.225 E/ipv6proxy( 2227): Failed to get interface flags for wlan1: No such device
05-02 04:23:27.499 W/PackageManager( 2143): Permission android.permission.DOWNLOAD_WITHOUT_NOTIFICATION from package com.android.providers.downloads in an unknown group android.permission-group.NETWORK
05-02 04:23:28.817 E/hostapd ( 2232): Configuration file: /system/etc/simulated_hostapd.conf
05-02 04:23:28.861 E/hostapd ( 2232): Could not read interface wlan1 flags: No such device
05-02 04:23:28.862 I/hostapd ( 2232): nl80211: Driver does not support authentication/association or connect commands
05-02 04:23:28.862 I/hostapd ( 2232): nl80211: deinit ifname=wlan1 disabled_11b_rates=0
05-02 04:23:28.863 E/hostapd ( 2232): Could not read interface wlan1 flags: No such device
05-02 04:23:28.863 E/hostapd ( 2232): nl80211 driver initialization failed.
05-02 04:23:28.864 I/hostapd ( 2232): wlan1: interface state UNINITIALIZED->DISABLED
05-02 04:23:28.864 I/hostapd ( 2232): wlan1: AP-DISABLED 
05-02 04:23:28.864 E/hostapd ( 2232): hostapd_free_hapd_data: Interface wlan1 wasn't started
05-02 04:23:31.285 W/PackageParser( 2143): Ignoring duplicate uses-permissions/uses-permissions-sdk-m: android.permission.USE_CREDENTIALS in package: com.android.settings at: Binary XML file line #53
05-02 04:23:31.287 W/PackageParser( 2143): Ignoring duplicate uses-permissions/uses-permissions-sdk-m: android.permission.READ_SYNC_SETTINGS in package: com.android.settings at: Binary XML file line #58
05-02 04:23:31.287 W/PackageParser( 2143): Ignoring duplicate uses-permissions/uses-permissions-sdk-m: android.permission.WRITE_SYNC_SETTINGS in package: com.android.settings at: Binary XML file line #59
05-02 04:23:32.498 E/ipv6proxy( 2241): Failed to get interface flags for wlan1: No such device
05-02 04:23:32.647 W/PackageParser( 2143): Ignoring duplicate uses-permissions/uses-permissions-sdk-m: android.permission.INSTALL_GRANT_RUNTIME_PERMISSIONS in package: com.android.shell at: Binary XML file line #102
05-02 04:23:33.921 W/PackageParser( 2143): Ignoring duplicate uses-permissions/uses-permissions-sdk-m: android.permission.CONFIGURE_WIFI_DISPLAY in package: com.android.systemui at: Binary XML file line #123
05-02 04:23:34.037 E/hostapd ( 2246): Configuration file: /system/etc/simulated_hostapd.conf
05-02 04:23:34.088 E/hostapd ( 2246): Could not read interface wlan1 flags: No such device
05-02 04:23:34.088 I/hostapd ( 2246): nl80211: Driver does not support authentication/association or connect commands
05-02 04:23:34.088 I/hostapd ( 2246): nl80211: deinit ifname=wlan1 disabled_11b_rates=0
05-02 04:23:34.089 E/hostapd ( 2246): Could not read interface wlan1 flags: No such device
05-02 04:23:34.089 E/hostapd ( 2246): nl80211 driver initialization failed.
05-02 04:23:34.100 I/hostapd ( 2246): wlan1: interface state UNINITIALIZED->DISABLED
05-02 04:23:34.100 I/hostapd ( 2246): wlan1: AP-DISABLED 
05-02 04:23:34.100 E/hostapd ( 2246): hostapd_free_hapd_data: Interface wlan1 wasn't started
05-02 04:23:35.523 I/art     ( 2143): Background sticky concurrent mark sweep GC freed 33887(2MB) AllocSpace objects, 20(416KB) LOS objects, 31% free, 6MB/10MB, paused 2.192ms total 432.732ms
05-02 04:23:35.898 W/PackageManager( 2143): Non-privileged app; cap priority to 0; package: com.android.calendar activity: com.android.calendar.GoogleCalendarUriIntentFilter origPrio: 50
05-02 04:23:36.226 W/PackageManager( 2143): Non-privileged app; cap priority to 0; package: com.android.cts.ctsshim activity: com.android.cts.ctsshim.InstallPriority origPrio: 100
05-02 04:23:36.226 W/PackageManager( 2143): Non-privileged app; cap priority to 0; package: com.android.cts.ctsshim activity: com.android.cts.ctsshim.InstallPriority origPrio: 100
05-02 04:23:36.226 W/PackageManager( 2143): Non-privileged app; cap priority to 0; package: com.android.cts.ctsshim activity: com.android.cts.ctsshim.InstallPriority origPrio: 100
05-02 04:23:36.227 W/PackageManager( 2143): Non-privileged app; cap priority to 0; package: com.android.cts.ctsshim activity: com.android.cts.ctsshim.InstallPriority origPrio: 100
05-02 04:23:36.227 W/PackageManager( 2143): Non-privileged app; cap priority to 0; package: com.android.cts.ctsshim activity: com.android.cts.ctsshim.InstallPriority origPrio: 100
05-02 04:23:37.046 E/ipv6proxy( 2251): Failed to get interface flags for wlan1: No such device
