04-29 17:22:35.813 V/MediaRouter( 2031): Selecting route: RouteInfo{ name=Phone, description=null, status=null, category=RouteCategory{ name=null types=ROUTE_TYPE_LIVE_AUDIO ROUTE_TYPE_LIVE_VIDEO  groupable=false }, supportedTypes=ROUTE_TYPE_LIVE_AUDIO ROUTE_TYPE_LIVE_VIDEO , presentationDisplay=null }
04-29 17:22:35.816 I/fsck_msdos( 1268): ** Phase 1 - Read and Compare FATs
04-29 17:22:35.817 I/fsck_msdos( 1268): Attempting to allocate 1046 KB for FAT
04-29 17:22:35.819 I/OMXClient( 1335): MuxOMX ctor
04-29 17:22:35.862 I/OMXMaster( 1329): makeComponentInstance(OMX.google.g711.mlaw.decoder) in mediacodec process
04-29 17:22:36.720 I/fsck_msdos( 1268): Attempting to allocate 1046 KB for FAT
04-29 17:22:36.914 W/ProcessCpuTracker( 1811): Skipping unknown process pid 2138
04-29 17:22:37.051 I/MediaPlayerService( 1335): MediaPlayerService::getOMX
04-29 17:22:37.053 I/OMXClient( 1335): MuxOMX ctor
04-29 17:22:37.054 I/OMXMaster( 1329): makeComponentInstance(OMX.google.vorbis.decoder) in mediacodec process
04-29 17:22:37.179 I/fsck_msdos( 1268): ** Phase 2 - Check Cluster Chains
04-29 17:22:37.260 I/fsck_msdos( 1268): ** Phase 3 - Checking Directories
04-29 17:22:37.261 I/fsck_msdos( 1268): ** Phase 4 - Checking for Lost Files
04-29 17:22:37.261 I/fsck_msdos( 1268): 2 files, 534464 free (267232 clusters)
04-29 17:22:37.403 I/Vold    ( 1268): Filesystem check completed OK
04-29 17:22:37.405 D/VoldConnector( 1811): RCV <- {656 public:253,48 /mnt/media_rw/1EFF-1C1B}
04-29 17:22:37.482 D/VoldConnector( 1811): RCV <- {655 public:253,48 /storage/1EFF-1C1B}
04-29 17:22:37.587 W/InputAttributes( 2025): No editor info for this field. Bug?
04-29 17:22:37.618 E/WVMExtractor( 2031): Failed to open libwvm.so: dlopen failed: library "libwvm.so" not found
04-29 17:22:37.856 V/vold    ( 1268): Waiting for FUSE to spin up...
04-29 17:22:37.910 V/vold    ( 1268): Waiting for FUSE to spin up...
04-29 17:22:37.991 V/vold    ( 1268): Waiting for FUSE to spin up...
04-29 17:22:38.050 V/vold    ( 1268): Waiting for FUSE to spin up...
04-29 17:22:38.110 V/vold    ( 1268): Waiting for FUSE to spin up...
04-29 17:22:38.170 V/vold    ( 1268): Waiting for FUSE to spin up...
04-29 17:22:38.230 V/vold    ( 1268): Waiting for FUSE to spin up...
04-29 17:22:38.324 V/vold    ( 1268): Waiting for FUSE to spin up...
04-29 17:22:38.357 E/NetdConnector( 1811): NDC Command {4 strict enable} took too long (3312ms)
04-29 17:22:38.375 I/LatinIME:LogUtils( 2025): Dictionary info: dictionary = userunigram.en_US ; version = 1619716958 ; date = ?
04-29 17:22:38.380 V/vold    ( 1268): Waiting for FUSE to spin up...
04-29 17:22:38.390 W/NetworkManagement( 1811): setDataSaverMode(): already false
04-29 17:22:38.400 E/ActivityThread( 2025): Failed to find provider info for user_dictionary
04-29 17:22:38.403 I/LatinIME:LogUtils( 2025): Dictionary info: dictionary = UserHistoryDictionary.en_US ; version = 1619716958 ; date = ?
04-29 17:22:38.432 V/vold    ( 1268): Waiting for FUSE to spin up...
04-29 17:22:38.485 I/MediaPlayerService( 1335): MediaPlayerService::getOMX
04-29 17:22:38.486 I/OMXClient( 1335): MuxOMX ctor
04-29 17:22:38.487 I/OMXMaster( 1329): makeComponentInstance(OMX.google.opus.decoder) in mediacodec process
04-29 17:22:38.489 V/vold    ( 1268): Waiting for FUSE to spin up...
04-29 17:22:38.540 V/vold    ( 1268): Waiting for FUSE to spin up...
04-29 17:22:38.594 V/vold    ( 1268): Waiting for FUSE to spin up...
04-29 17:22:38.644 V/vold    ( 1268): Waiting for FUSE to spin up...
04-29 17:22:38.696 W/sdcard  ( 2149): Device explicitly disabled sdcardfs
04-29 17:22:38.700 V/vold    ( 1268): Waiting for FUSE to spin up...
04-29 17:22:38.760 V/vold    ( 1268): Waiting for FUSE to spin up...
04-29 17:22:38.813 V/vold    ( 1268): Waiting for FUSE to spin up...
04-29 17:22:38.868 V/vold    ( 1268): Waiting for FUSE to spin up...
04-29 17:22:38.920 V/vold    ( 1268): Waiting for FUSE to spin up...
04-29 17:22:38.992 D/VoldConnector( 1811): RCV <- {651 public:253,48 2}
04-29 17:22:38.993 D/VoldConnector( 1811): RCV <- {200 7 Command succeeded}
04-29 17:22:39.000 E/VoldConnector( 1811): NDC Command {7 volume mount public:253,48 2 0} took too long (5458ms)
04-29 17:22:39.470 I/MediaPlayerService( 1335): MediaPlayerService::getOMX
04-29 17:22:39.495 I/OMXClient( 1335): MuxOMX ctor
04-29 17:22:39.496 I/OMXMaster( 1329): makeComponentInstance(OMX.google.raw.decoder) in mediacodec process
04-29 17:22:39.613 I/MediaPlayerService( 1335): MediaPlayerService::getOMX
04-29 17:22:39.615 I/OMXClient( 1335): MuxOMX ctor
04-29 17:22:39.616 I/OMXMaster( 1329): makeComponentInstance(OMX.google.aac.encoder) in mediacodec process
04-29 17:22:39.844 I/MediaPlayerService( 1335): MediaPlayerService::getOMX
04-29 17:22:39.846 I/OMXClient( 1335): MuxOMX ctor
04-29 17:22:39.847 I/OMXMaster( 1329): makeComponentInstance(OMX.google.amrnb.encoder) in mediacodec process
04-29 17:22:39.995 I/MediaPlayerService( 1335): MediaPlayerService::getOMX
04-29 17:22:39.997 I/OMXClient( 1335): MuxOMX ctor
04-29 17:22:39.997 I/OMXMaster( 1329): makeComponentInstance(OMX.google.amrwb.encoder) in mediacodec process
04-29 17:22:40.214 I/MediaPlayerService( 1335): MediaPlayerService::getOMX
04-29 17:22:40.216 I/OMXClient( 1335): MuxOMX ctor
04-29 17:22:40.216 I/OMXMaster( 1329): makeComponentInstance(OMX.google.flac.encoder) in mediacodec process
04-29 17:22:40.743 I/MediaPlayerService( 1335): MediaPlayerService::getOMX
04-29 17:22:40.744 I/OMXClient( 1335): MuxOMX ctor
04-29 17:22:40.745 I/OMXMaster( 1329): makeComponentInstance(OMX.google.gsm.decoder) in mediacodec process
04-29 17:22:40.837 I/vol.Events( 2031): writeEvent collection_started
04-29 17:22:40.912 I/vol.Events( 2031): writeEvent external_ringer_mode_changed normal
04-29 17:22:40.913 I/vol.Events( 2031): writeEvent internal_ringer_mode_changed normal
04-29 17:22:40.950 E/NetdConnector( 1811): NDC Command {7 bandwidth setglobalalert 2097152} took too long (2134ms)
04-29 17:22:41.051 D/NetworkPolicy( 1811): setRestrictBackgroundUL(): false
04-29 17:22:41.055 W/NetworkManagement( 1811): setDataSaverMode(): already false
04-29 17:22:41.330 I/MediaPlayerService( 1335): MediaPlayerService::getOMX
04-29 17:22:41.351 I/OMXClient( 1335): MuxOMX ctor
04-29 17:22:41.352 I/OMXMaster( 1329): makeComponentInstance(OMX.google.mpeg4.decoder) in mediacodec process
04-29 17:22:42.246 E/OMXNodeInstance( 1329): getExtensionIndex(531000f:google.mpeg4.decoder, OMX.google.android.index.configureVideoTunnelMode) ERROR: UnsupportedIndex(0x8000101a)
04-29 17:22:42.247 W/OMXNodeInstance( 1329): [531000f:google.mpeg4.decoder] component does not support metadata mode; using fallback
04-29 17:22:42.322 I/MediaPlayerService( 1335): MediaPlayerService::getOMX
04-29 17:22:42.323 I/OMXClient( 1335): MuxOMX ctor
04-29 17:22:42.324 I/OMXMaster( 1329): makeComponentInstance(OMX.google.h263.decoder) in mediacodec process
04-29 17:22:42.595 W/art     ( 1811): Long monitor contention with owner NetworkPolicy (1981) at boolean android.os.BinderProxy.transactNative(int, android.os.Parcel, android.os.Parcel, int)(Binder.java:-2) waiters=0 in void com.android.server.NetworkManagementService.setFirewallChainEnabled(int, boolean) for 1.217s
04-29 17:22:43.252 E/OMXNodeInstance( 1329): getExtensionIndex(5310010:google.h263.decoder, OMX.google.android.index.configureVideoTunnelMode) ERROR: UnsupportedIndex(0x8000101a)
04-29 17:22:43.253 W/OMXNodeInstance( 1329): [5310010:google.h263.decoder] component does not support metadata mode; using fallback
04-29 17:22:43.278 I/MediaPlayerService( 1335): MediaPlayerService::getOMX
04-29 17:22:43.291 I/OMXClient( 1335): MuxOMX ctor
04-29 17:22:43.292 I/OMXMaster( 1329): makeComponentInstance(OMX.google.h264.decoder) in mediacodec process
04-29 17:22:44.342 W/ACodec  ( 1335): [OMX.google.h264.decoder] stopping checking profiles after 32: 2/8000
04-29 17:22:44.373 E/OMXNodeInstance( 1329): getExtensionIndex(5310011:google.h264.decoder, OMX.google.android.index.configureVideoTunnelMode) ERROR: UnsupportedIndex(0x8000101a)
04-29 17:22:44.374 W/OMXNodeInstance( 1329): [5310011:google.h264.decoder] component does not support metadata mode; using fallback
04-29 17:22:44.384 E/NetdConnector( 1811): NDC Command {8 firewall enable_chain standby} took too long (1788ms)
04-29 17:22:44.471 I/MediaPlayerService( 1335): MediaPlayerService::getOMX
04-29 17:22:44.472 I/OMXClient( 1335): MuxOMX ctor
04-29 17:22:44.473 I/OMXMaster( 1329): makeComponentInstance(OMX.google.hevc.decoder) in mediacodec process
04-29 17:22:44.539 I/SystemServiceManager( 1811): Starting phase 600
04-29 17:22:44.829 D/SensorNotificationService( 1811): Cannot obtain dynamic meta sensor, not supported.
04-29 17:22:45.041 W/art     ( 2025): Long monitor contention with owner AsyncTask #1 (2153) at void android.os.MessageQueue.nativeWake(long)(MessageQueue.java:-2) waiters=0 in android.os.Message android.os.MessageQueue.next() for 3.677s
04-29 17:22:45.171 I/vol.Events( 2031): writeEvent level_changed STREAM_ALARM 6
04-29 17:22:45.237 I/GnssLocationProvider( 1811): WakeLock acquired by sendMessage(13, 0, null)
04-29 17:22:45.282 I/vol.Events( 2031): writeEvent level_changed STREAM_BLUETOOTH_SCO 7
04-29 17:22:45.311 W/LocationManagerService( 1811): no network location provider found
04-29 17:22:45.324 I/vol.Events( 2031): writeEvent level_changed STREAM_MUSIC 11
04-29 17:22:45.383 E/LocationManagerService( 1811): no geocoder provider found
04-29 17:22:45.384 E/FlpHardwareProvider( 1811): Error hw_get_module 'flp': -2
04-29 17:22:45.384 D/LocationManagerService( 1811): FLP HAL not supported
04-29 17:22:45.389 D/LocationManagerService( 1811): Unable to bind FLP Geofence proxy.
04-29 17:22:45.411 E/ActivityRecognitionHardware( 1811): Error hw_get_module: -2
04-29 17:22:45.412 D/LocationManagerService( 1811): Hardware Activity-Recognition not supported.
04-29 17:22:45.413 E/ActivityRecognitionProxy( 1811): ServiceWatcher could not start.
04-29 17:22:45.414 D/LocationManagerService( 1811): Unable to bind ActivityRecognitionProxy.
04-29 17:22:45.415 I/GnssLocationProvider( 1811): WakeLock acquired by sendMessage(2, 1, null)
04-29 17:22:45.475 I/vol.Events( 2031): writeEvent level_changed STREAM_RING 5
04-29 17:22:45.557 E/OMXNodeInstance( 1329): getExtensionIndex(5310012:google.hevc.decoder, OMX.google.android.index.configureVideoTunnelMode) ERROR: UnsupportedIndex(0x8000101a)
04-29 17:22:45.558 W/OMXNodeInstance( 1329): [5310012:google.hevc.decoder] component does not support metadata mode; using fallback
04-29 17:22:45.568 I/CommonTimeManagementService( 1811): No common time service detected on this platform.  Common time services will be unavailable.
04-29 17:22:45.570 I/vol.Events( 2031): writeEvent level_changed STREAM_SYSTEM 5
04-29 17:22:45.608 I/MmsServiceBroker( 1811): Delay connecting to MmsService until an API is called
04-29 17:22:45.589 I/MediaPlayerService( 1335): MediaPlayerService::getOMX
04-29 17:22:45.622 I/OMXClient( 1335): MuxOMX ctor
04-29 17:22:45.622 I/OMXMaster( 1329): makeComponentInstance(OMX.google.vp8.decoder) in mediacodec process
04-29 17:22:45.626 I/InputReader( 1811): Reconfiguring input devices.  changes=0x00000020
04-29 17:22:45.649 W/VoiceInteractionManagerService( 1811): no available voice interaction services found for user 0
04-29 17:22:45.649 W/VoiceInteractionManagerService( 1811): no available voice recognition services found for user 0
04-29 17:22:45.697 I/vol.Events( 2031): writeEvent level_changed STREAM_VOICE_CALL 4
04-29 17:22:45.766 I/InputReader( 1811): Reconfiguring input devices.  changes=0x00000010
04-29 17:22:46.010 W/ActivityManager( 1811): Slow operation: 335ms so far, now at startProcess: returned from zygote!
04-29 17:22:46.011 W/ActivityManager( 1811): Slow operation: 336ms so far, now at startProcess: done updating battery stats
04-29 17:22:46.012 W/ActivityManager( 1811): Slow operation: 336ms so far, now at startProcess: building log message
04-29 17:22:46.012 I/ActivityManager( 1811): Start proc 2220:com.android.phone/1001 for added application com.android.phone
04-29 17:22:46.012 W/ActivityManager( 1811): Slow operation: 337ms so far, now at startProcess: starting to update pids map
04-29 17:22:46.012 W/ActivityManager( 1811): Slow operation: 337ms so far, now at startProcess: done updating pids map
04-29 17:22:46.016 I/ActivityManager( 1811): START u0 {act=android.intent.action.MAIN cat=[android.intent.category.HOME] flg=0x10000100 cmp=com.android.settings/.FallbackHome} from uid 0 on display 0
04-29 17:22:46.029 W/art     ( 2220): Unexpected CPU variant for X86 using defaults: x86_64
04-29 17:22:46.065 W/System  ( 1811): ClassLoader referenced unknown path: 
04-29 17:22:46.066 W/System  ( 1811): ClassLoader referenced unknown path: /system/priv-app/Settings/lib/x86_64
04-29 17:22:46.172 D/ApplicationLoaders( 1811): ignored Vulkan layer search path /system/priv-app/Settings/lib/x86_64:/system/priv-app/Settings/Settings.apk!/lib/x86_64:/system/lib64:/vendor/lib64 for namespace 0x73676fea7160
04-29 17:22:46.223 I/ActivityManager( 1811): Loaded persisted task ids for user 0
04-29 17:22:46.449 W/AudioService( 1811): onLoadSoundEffects(), Error 1 while loading samples
04-29 17:22:46.876 E/OMXNodeInstance( 1329): getExtensionIndex(5310013:google.vp8.decoder, OMX.google.android.index.configureVideoTunnelMode) ERROR: UnsupportedIndex(0x8000101a)
04-29 17:22:46.878 W/OMXNodeInstance( 1329): [5310013:google.vp8.decoder] component does not support metadata mode; using fallback
04-29 17:22:47.014 W/ActivityManager( 1811): Slow operation: 369ms so far, now at startProcess: returned from zygote!
04-29 17:22:47.014 W/ActivityManager( 1811): Slow operation: 370ms so far, now at startProcess: done updating battery stats
04-29 17:22:47.015 W/ActivityManager( 1811): Slow operation: 371ms so far, now at startProcess: building log message
04-29 17:22:47.015 I/ActivityManager( 1811): Start proc 2238:com.android.settings/1000 for activity com.android.settings/.FallbackHome
04-29 17:22:47.015 W/ActivityManager( 1811): Slow operation: 371ms so far, now at startProcess: starting to update pids map
04-29 17:22:47.016 W/ActivityManager( 1811): Slow operation: 372ms so far, now at startProcess: done updating pids map
04-29 17:22:47.016 W/ActivityManager( 1811): Slow operation: 407ms so far, now at startProcess: done starting proc!
04-29 17:22:47.052 I/MediaPlayerService( 1335): MediaPlayerService::getOMX
04-29 17:22:47.076 I/OMXClient( 1335): MuxOMX ctor
04-29 17:22:47.091 I/OMXMaster( 1329): makeComponentInstance(OMX.google.vp9.decoder) in mediacodec process
04-29 17:22:47.198 I/SystemServer( 1811): Enabled StrictMode for system server main thread.
04-29 17:22:47.235 W/art     ( 1811): Long monitor contention with owner main (1811) at void com.android.server.am.ActivityManagerService.systemReady(java.lang.Runnable)(ActivityManagerService.java:13368) waiters=0 in void com.android.server.am.ActivityManagerService.dispatchUidsChanged() for 1.535s
04-29 17:22:47.251 W/art     ( 1811): Long monitor contention with owner main (1811) at void com.android.server.am.ActivityManagerService.systemReady(java.lang.Runnable)(ActivityManagerService.java:13368) waiters=1 in void com.android.server.am.ActivityManagerService$LocalService.notifyDockedStackMinimizedChanged(boolean) for 1.134s
04-29 17:22:47.253 W/art     ( 1811): Long monitor contention with owner main (1811) at void com.android.server.am.ActivityManagerService.systemReady(java.lang.Runnable)(ActivityManagerService.java:13368) waiters=2 in java.lang.String com.android.server.am.ActivityManagerService.checkContentProviderAccess(java.lang.String, int) for 1.006s
04-29 17:22:47.262 W/art     ( 1811): Long monitor contention with owner main (1811) at void com.android.server.am.ActivityManagerService.systemReady(java.lang.Runnable)(ActivityManagerService.java:13368) waiters=3 in void com.android.server.am.ActivityManagerService$MainHandler.handleMessage(android.os.Message) for 764ms
04-29 17:22:47.296 W/art     ( 2238): Unexpected CPU variant for X86 using defaults: x86_64
04-29 17:22:47.611 W/art     ( 1811): Long monitor contention with owner main (1811) at int com.android.server.am.ActivityManagerService.broadcastIntent(android.app.IApplicationThread, android.content.Intent, java.lang.String, android.content.IIntentReceiver, int, java.lang.String, android.os.Bundle, java.lang.String[], int, android.os.Bundle, boolean, boolean, int)(ActivityManagerService.java:18551) waiters=4 in void com.android.server.am.ActivityManagerService.dispatchUidsChanged() for 373ms
04-29 17:22:47.638 D/ConditionProviders.SCP( 1811): onConnected
04-29 17:22:47.651 W/art     ( 1811): Long monitor contention with owner Binder:1811_1 (1830) at void com.android.server.am.ActivityManagerService.attachApplication(android.app.IApplicationThread)(ActivityManagerService.java:6669) waiters=4 in void com.android.server.am.ActivityManagerService$LocalService.notifyAppTransitionFinished() for 158ms
04-29 17:22:47.651 W/art     ( 1811): Long monitor contention with owner Binder:1811_1 (1830) at void com.android.server.am.ActivityManagerService.attachApplication(android.app.IApplicationThread)(ActivityManagerService.java:6669) waiters=1 in void com.android.server.am.ActivityManagerService$MainHandler.handleMessage(android.os.Message) for 389ms
04-29 17:22:47.899 E/OMXNodeInstance( 1329): getExtensionIndex(5310014:google.vp9.decoder, OMX.google.android.index.configureVideoTunnelMode) ERROR: UnsupportedIndex(0x8000101a)
04-29 17:22:47.899 W/OMXNodeInstance( 1329): [5310014:google.vp9.decoder] component does not support metadata mode; using fallback
04-29 17:22:47.927 I/MediaPlayerService( 1335): MediaPlayerService::getOMX
04-29 17:22:47.929 I/OMXClient( 1335): MuxOMX ctor
04-29 17:22:47.930 I/OMXMaster( 1329): makeComponentInstance(OMX.google.h263.encoder) in mediacodec process
04-29 17:22:48.013 W/art     ( 1811): Long monitor contention with owner main (1811) at int android.util.MemoryIntArray.nativeSize(int)(MemoryIntArray.java:-2) waiters=0 in android.content.IContentProvider android.provider.Settings$NameValueCache.lazyGetProvider(android.content.ContentResolver) for 293ms
04-29 17:22:48.031 D/ZenLog  ( 1811): set_zen_mode: off,readXml
04-29 17:22:48.040 W/art     ( 1811): Long monitor contention with owner main (1811) at int android.util.MemoryIntArray.nativeSize(int)(MemoryIntArray.java:-2) waiters=1 in android.content.IContentProvider android.provider.Settings$NameValueCache.lazyGetProvider(android.content.ContentResolver) for 318ms
04-29 17:22:48.041 W/art     ( 1811): Long monitor contention with owner main (1811) at int android.util.MemoryIntArray.nativeSize(int)(MemoryIntArray.java:-2) waiters=2 in java.lang.String android.provider.Settings$NameValueCache.getStringForUser(android.content.ContentResolver, java.lang.String, int) for 319ms
04-29 17:22:48.041 W/art     ( 1811): Long monitor contention with owner PowerManagerService (1860) at void com.android.server.power.PowerManagerService$UserSwitchedReceiver.onReceive(android.content.Context, android.content.Intent)(PowerManagerService.java:3046) waiters=0 in void com.android.server.power.PowerManagerService.acquireWakeLockInternal(android.os.IBinder, int, java.lang.String, java.lang.String, android.os.WorkSource, java.lang.String, int, int) for 273ms
04-29 17:22:48.079 D/ConditionProviders( 1811): Subscribing to condition://android/schedule?days=1.2.3.4.5&start=22.0&end=7.0&exitAtAlarm=false with ComponentInfo{android/com.android.server.notification.ScheduleConditionProvider}
04-29 17:22:48.079 D/ZenLog  ( 1811): subscribe: condition://android/schedule?days=1.2.3.4.5&start=22.0&end=7.0&exitAtAlarm=false,ok
04-29 17:22:48.115 D/ConditionProviders( 1811): Subscribing to condition://android/schedule?days=6.7&start=23.30&end=10.0&exitAtAlarm=false with ComponentInfo{android/com.android.server.notification.ScheduleConditionProvider}
04-29 17:22:48.115 D/ZenLog  ( 1811): subscribe: condition://android/schedule?days=6.7&start=23.30&end=10.0&exitAtAlarm=false,ok
04-29 17:22:48.364 W/System  ( 2220): ClassLoader referenced unknown path: /system/priv-app/TeleService/lib/x86_64
04-29 17:22:48.637 I/SoftMPEG4Encoder( 1329): Construct SoftMPEG4Encoder
04-29 17:22:48.691 W/ACodec  ( 1335): do not know color format 0x7f000789 = 2130708361
04-29 17:22:48.693 E/OMXNodeInstance( 1329): getConfig(5310015:google.h263.encoder, ConfigAndroidIntraRefresh(0x6f60000a)) ERROR: Undefined(0x80001001)
04-29 17:22:48.715 I/MediaPlayerService( 1335): MediaPlayerService::getOMX
04-29 17:22:48.717 I/OMXClient( 1335): MuxOMX ctor
04-29 17:22:48.718 I/OMXMaster( 1329): makeComponentInstance(OMX.google.h264.encoder) in mediacodec process
04-29 17:22:49.271 W/ACodec  ( 1335): do not know color format 0x7f000789 = 2130708361
04-29 17:22:49.293 I/MediaPlayerService( 1335): MediaPlayerService::getOMX
04-29 17:22:49.295 I/OMXClient( 1335): MuxOMX ctor
04-29 17:22:49.295 I/OMXMaster( 1329): makeComponentInstance(OMX.google.mpeg4.encoder) in mediacodec process
04-29 17:22:49.685 I/SoftMPEG4Encoder( 1329): Construct SoftMPEG4Encoder
04-29 17:22:49.704 W/ACodec  ( 1335): do not know color format 0x7f000789 = 2130708361
04-29 17:22:49.705 E/OMXNodeInstance( 1329): getConfig(5310017:google.mpeg4.encoder, ConfigAndroidIntraRefresh(0x6f60000a)) ERROR: Undefined(0x80001001)
04-29 17:22:49.775 I/MediaPlayerService( 1335): MediaPlayerService::getOMX
04-29 17:22:49.776 I/OMXClient( 1335): MuxOMX ctor
04-29 17:22:49.777 I/OMXMaster( 1329): makeComponentInstance(OMX.google.vp8.encoder) in mediacodec process
04-29 17:22:49.784 D/ConditionProviders( 1811): Subscribing to condition://android/event?userId=-10000&calendar=&reply=1 with ComponentInfo{android/com.android.server.notification.EventConditionProvider}
04-29 17:22:49.784 D/ZenLog  ( 1811): subscribe: condition://android/event?userId=-10000&calendar=&reply=1,ok
04-29 17:22:50.092 D/PermissionCache( 1319): checking android.permission.READ_FRAME_BUFFER for uid=1000 => granted (40915 us)
04-29 17:22:50.251 D/gralloc ( 1319): Registering a buffer in the process that created it. This may cause memory ordering problems.
04-29 17:22:50.252 E/libEGL  ( 1319): called unimplemented OpenGL ES API
04-29 17:22:50.252 E/SurfaceFlinger( 1319): glCheckFramebufferStatusOES error -512786622
04-29 17:22:50.252 E/SurfaceFlinger( 1319): got GL_FRAMEBUFFER_COMPLETE_OES error while taking screenshot
04-29 17:22:50.264 W/art     ( 1811): Long monitor contention with owner Binder:1811_5 (2088) at void com.android.server.wm.WindowManagerService.startAppFreezingScreen(android.os.IBinder, int)(WindowManagerService.java:4812) waiters=0 in void com.android.server.wm.WindowManagerService$H.handleMessage(android.os.Message) for 464ms
04-29 17:22:50.460 W/art     ( 1811): Long monitor contention with owner Binder:1811_5 (2088) at void com.android.server.am.ActivityManagerService.attachApplication(android.app.IApplicationThread)(ActivityManagerService.java:6669) waiters=1 in void com.android.server.am.ActivityStackSupervisor.handleDisplayChanged(int) for 2.691s
04-29 17:22:50.462 W/ActivityManager( 1811): Timeout executing service: ServiceRecord{c987cfd u0 com.android.server.telecom/.components.TelecomService}
04-29 17:22:50.470 W/art     ( 1811): Long monitor contention with owner Binder:1811_5 (2088) at void com.android.server.am.ActivityManagerService.attachApplication(android.app.IApplicationThread)(ActivityManagerService.java:6669) waiters=1 in void com.android.server.am.ActivityManagerService.dispatchProcessesChanged() for 2.690s
04-29 17:22:50.471 W/art     ( 1811): Long monitor contention with owner Binder:1811_5 (2088) at void com.android.server.am.ActivityManagerService.attachApplication(android.app.IApplicationThread)(ActivityManagerService.java:6669) waiters=2 in android.content.Intent com.android.server.am.ActivityManagerService.registerReceiver(android.app.IApplicationThread, java.lang.String, android.content.IIntentReceiver, android.content.IntentFilter, java.lang.String, int) for 2.623s
04-29 17:22:50.514 W/art     ( 1811): Long monitor contention with owner Binder:1811_5 (2088) at void com.android.server.am.ActivityManagerService.attachApplication(android.app.IApplicationThread)(ActivityManagerService.java:6669) waiters=3 in void com.android.server.am.ActivityManagerService.addPackageDependency(java.lang.String) for 722ms
04-29 17:22:50.515 W/art     ( 1811): Long monitor contention with owner Binder:1811_5 (2088) at void com.android.server.am.ActivityManagerService.attachApplication(android.app.IApplicationThread)(ActivityManagerService.java:6669) waiters=4 in void com.android.server.am.ActivityManagerService$LocalService.notifyAppTransitionCancelled() for 250ms
04-29 17:22:50.642 W/System  ( 2238): ClassLoader referenced unknown path: /system/priv-app/Settings/lib/x86_64
04-29 17:22:50.736 W/ACodec  ( 1335): do not know color format 0x7f000789 = 2130708361
04-29 17:22:50.738 E/OMXNodeInstance( 1329): getConfig(5310018:google.vp8.encoder, ConfigAndroidIntraRefresh(0x6f60000a)) ERROR: Undefined(0x80001001)
04-29 17:22:50.768 W/System  ( 2220): ClassLoader referenced unknown path: /system/priv-app/TelephonyProvider/lib/x86_64
04-29 17:22:50.792 D/ApplicationLoaders( 2220): ignored Vulkan layer search path /system/priv-app/TelephonyProvider/lib/x86_64:/system/lib64:/vendor/lib64 for namespace 0x73676fe970f0
04-29 17:22:50.811 I/MediaPlayerService( 1335): MediaPlayerService::getOMX
04-29 17:22:50.813 I/OMXClient( 1335): MuxOMX ctor
04-29 17:22:50.840 I/MediaPlayerService( 1335): MediaPlayerService::getOMX
04-29 17:22:50.842 I/OMXClient( 1335): MuxOMX ctor
04-29 17:22:50.842 W/MediaCodecList( 1335): unable to open media codecs configuration xml file: /data/misc/media/media_codecs_profiling_results.xml
04-29 17:22:50.852 I/MediaPlayerService( 1335): MediaPlayerService::getOMX
04-29 17:22:50.874 I/MediaPlayerService( 1335): MediaPlayerService::getOMX
04-29 17:22:50.876 I/OMXClient( 1811): MuxOMX ctor
04-29 17:22:50.895 I/OMXMaster( 1329): makeComponentInstance(OMX.google.vorbis.decoder) in mediacodec process
04-29 17:22:50.907 D/StorageNotification( 2031): Notifying about private volume: VolumeInfo{private}:
04-29 17:22:50.907 D/StorageNotification( 2031):     type=PRIVATE diskId=null partGuid=null mountFlags=0 mountUserId=-1 
04-29 17:22:50.907 D/StorageNotification( 2031):     state=MOUNTED 
04-29 17:22:50.907 D/StorageNotification( 2031):     fsType=null fsUuid=null fsLabel=null 
04-29 17:22:50.907 D/StorageNotification( 2031):     path=/data internalPath=null 
04-29 17:22:50.910 I/OMXClient( 2031): MuxOMX ctor
04-29 17:22:50.973 D/StorageNotification( 2031): Notifying about public volume: VolumeInfo{public:253,48}:
04-29 17:22:50.973 D/StorageNotification( 2031):     type=PUBLIC diskId=disk:253,48 partGuid=null mountFlags=VISIBLE 
04-29 17:22:50.973 D/StorageNotification( 2031):     mountUserId=0 state=MOUNTED 
04-29 17:22:50.973 D/StorageNotification( 2031):     fsType=vfat fsUuid=1EFF-1C1B fsLabel=SDCARD 
04-29 17:22:50.973 D/StorageNotification( 2031):     path=/storage/1EFF-1C1B internalPath=/mnt/media_rw/1EFF-1C1B 
04-29 17:22:51.421 I/OMXMaster( 1329): makeComponentInstance(OMX.google.vorbis.decoder) in mediacodec process
04-29 17:22:52.390 W/WindowManager( 1811): App freeze timeout expired.
04-29 17:22:52.391 W/WindowManager( 1811): Force clearing freeze: AppWindowToken{bc2224c token=Token{9c6e79e ActivityRecord{3bd11d9 u0 com.android.settings/.FallbackHome t1}}}
04-29 17:22:52.391 I/WindowManager( 1811): Screen frozen for +2s598ms due to AppWindowToken{bc2224c token=Token{9c6e79e ActivityRecord{3bd11d9 u0 com.android.settings/.FallbackHome t1}}}
04-29 17:22:52.816 D/gralloc_ranchu( 2238): Emulator without host-side GPU emulation detected. Loading gralloc.default.so from /vendor/lib64/hw/gralloc.goldfish.default.so...
04-29 17:22:52.832 D/gralloc_ranchu( 2238): gralloc.default.so not found in /vendor. Trying /system/lib64/hw/gralloc.goldfish.default.so...
04-29 17:22:53.056 I/ActivityManager( 1811): Displayed com.android.settings/.FallbackHome: +6s516ms
04-29 17:22:53.383 I/MediaPlayerService( 1335): MediaPlayerService::getOMX
04-29 17:22:53.384 I/OMXClient( 2031): MuxOMX ctor
04-29 17:22:53.388 I/OMXMaster( 1329): makeComponentInstance(OMX.google.vorbis.decoder) in mediacodec process
04-29 17:22:53.416 I/Choreographer( 2031): Skipped 449 frames!  The application may be doing too much work on its main thread.
04-29 17:22:54.007 I/Process ( 1811): Sending signal. PID: 1811 SIG: 3
04-29 17:22:54.009 I/art     ( 1811): Thread[2,tid=1816,WaitingInMainSignalCatcherLoop,Thread*=0x736764a0e000,peer=0x12c010d0,"Signal Catcher"]: reacting to signal 3
04-29 17:22:54.009 I/art     ( 1811): 
04-29 17:22:54.132 D/TelephonyProvider( 2220): dbh.onOpen: ok, queried table=siminfo
04-29 17:22:54.134 D/TelephonyProvider( 2220): dbh.onOpen: ok, queried table=carriers
04-29 17:22:54.460 W/art     ( 1811): Suspending all threads took: 411.610ms
04-29 17:22:54.513 D/RttService( 1811): SCAN_AVAILABLE : 1
04-29 17:22:54.514 D/ZenLog  ( 1811): set_zen_mode: off,cleanUpZenRules
04-29 17:22:54.521 I/WifiScanningService( 1811): wifi driver unloaded
04-29 17:22:54.523 D/RttService( 1811): DefaultState got{ when=-9ms what=160513 target=com.android.internal.util.StateMachine$SmHandler }
04-29 17:22:54.527 I/art     ( 1811): Starting a blocking GC Explicit
04-29 17:22:54.618 I/MediaPlayerService( 1335): MediaPlayerService::getOMX
04-29 17:22:54.641 I/OMXClient( 2031): MuxOMX ctor
04-29 17:22:54.645 I/OMXMaster( 1329): makeComponentInstance(OMX.google.vorbis.decoder) in mediacodec process
04-29 17:22:54.890 W/System  ( 1811): ClassLoader referenced unknown path: /system/priv-app/Telecom/lib/x86_64
04-29 17:22:54.914 D/ApplicationLoaders( 1811): ignored Vulkan layer search path /system/priv-app/Telecom/lib/x86_64:/system/priv-app/Telecom/Telecom.apk!/lib/x86_64:/system/lib64:/vendor/lib64 for namespace 0x73676fea71d0
04-29 17:22:54.969 I/StatusBarManagerService( 1811): registerStatusBar bar=com.android.internal.statusbar.IStatusBar$Stub$Proxy@24a31ae
04-29 17:22:54.971 I/Choreographer( 2238): Skipped 33 frames!  The application may be doing too much work on its main thread.
04-29 17:22:55.050 I/Process ( 1811): Sending signal. PID: 2220 SIG: 3
04-29 17:22:55.052 I/art     ( 2220): Thread[3,tid=2228,WaitingInMainSignalCatcherLoop,Thread*=0x73676b696400,peer=0x12c00af0,"Signal Catcher"]: reacting to signal 3
04-29 17:22:55.052 I/art     ( 2220): 
04-29 17:22:55.102 W/art     ( 2220): Suspending all threads took: 48.764ms
04-29 17:22:55.983 W/art     ( 1811): Suspending all threads took: 1.107s
04-29 17:22:56.059 I/Process ( 1811): Sending signal. PID: 2031 SIG: 3
04-29 17:22:56.079 I/art     ( 2031): Thread[3,tid=2042,WaitingInMainSignalCatcherLoop,Thread*=0x73676b696400,peer=0x12c005e0,"Signal Catcher"]: reacting to signal 3
04-29 17:22:56.079 I/art     ( 2031): 
04-29 17:22:57.121 I/art     ( 2220): Wrote stack traces to '/data/anr/traces.txt'
04-29 17:22:57.218 E/BluetoothAdapter( 1811): Bluetooth binder is null
04-29 17:22:57.410 I/Telecom ( 1811): SystemStateProvider: Registering car mode receiver: android.content.IntentFilter@b96775b: TS.init@AAA
04-29 17:22:57.707 I/Telecom ( 1811): Telecom: Non-call EVENT: AUDIO_ROUTE, Entering state QuiescentEarpieceRoute
04-29 17:22:57.760 W/        ( 1267): debuggerd: handling request: pid=1319 uid=1000 gid=1003 tid=1319
04-29 17:22:57.913 I/Telecom ( 1811): CallAudioModeStateMachine: Message received: null.: TS.init->CAMSM.pM_1@AAA_0
04-29 17:22:58.010 I/art     ( 2031): Wrote stack traces to '/data/anr/traces.txt'
04-29 17:22:58.018 E/BluetoothAdapter( 1811): Bluetooth binder is null
04-29 17:22:58.022 E/ActivityThread( 1811): Failed to find provider info for call_log
04-29 17:22:58.103 W/GnssLocationProvider( 1811): Could not open GPS configuration file /etc/gps.conf
04-29 17:22:58.103 E/GnssLocationProvider( 1811): no AGPS interface in set_agps_server
04-29 17:22:58.156 I/Telecom ( 1811): Class: TelecomSystem.INSTANCE being set
04-29 17:22:58.157 E/BluetoothAdapter( 1811): Bluetooth binder is null
04-29 17:22:58.177 W/ContextImpl( 1811): Calling a method in the system process without a qualified user: android.app.ContextImpl.startService:1357 com.android.server.content.SyncManager$13.run:658 android.os.Handler.handleCallback:751 android.os.Handler.dispatchMessage:95 android.os.Looper.loop:154 
04-29 17:22:58.285 W/        ( 1267): debuggerd: resuming target 1319
04-29 17:22:58.288 W/        ( 1267): debuggerd: handling request: pid=1324 uid=1041 gid=1005 tid=1324
04-29 17:22:58.512 W/        ( 1266): debuggerd: handling request: pid=1324 uid=1041 gid=1005 tid=1324
04-29 17:22:58.769 W/System  ( 1811): ClassLoader referenced unknown path: /system/priv-app/FusedLocation/lib/x86_64
04-29 17:22:58.824 D/ApplicationLoaders( 1811): ignored Vulkan layer search path /system/priv-app/FusedLocation/lib/x86_64:/system/priv-app/FusedLocation/FusedLocation.apk!/lib/x86_64:/system/lib64:/vendor/lib64 for namespace 0x73676fea7240
04-29 17:22:59.081 D/GpsNetInitiatedHandler( 1811): location enabled :true
04-29 17:22:59.082 V/WiredAccessoryManager( 1811): notifyWiredAccessoryChanged: when=0 bits= mask=54
04-29 17:22:59.082 V/WiredAccessoryManager( 1811): newName=h2w newState=0 headsetState=0 prev headsetState=0
04-29 17:22:59.082 E/WiredAccessoryManager( 1811): No state change.
04-29 17:22:59.083 V/WiredAccessoryManager( 1811): init()
04-29 17:22:59.431 I/art     ( 1811): Explicit concurrent mark sweep GC freed 24564(1931KB) AllocSpace objects, 9(4MB) LOS objects, 29% free, 9MB/13MB, paused 18.504ms total 4.881s
04-29 17:22:59.776 D/AccessibilityManagerService( 1811): Ignoring non-encryption-aware service ComponentInfo{com.example.android.apis/com.example.android.apis.accessibility.ClockBackService}
04-29 17:22:59.776 D/AccessibilityManagerService( 1811): Ignoring non-encryption-aware service ComponentInfo{com.example.android.apis/com.example.android.apis.accessibility.MagnificationService}
04-29 17:22:59.776 D/AccessibilityManagerService( 1811): Ignoring non-encryption-aware service ComponentInfo{com.example.android.apis/com.example.android.apis.accessibility.TaskBackService}
04-29 17:23:00.114 W/        ( 1266): debuggerd: resuming target 1324
04-29 17:23:00.122 W/        ( 1267): debuggerd: handling request: pid=1325 uid=1047 gid=1005 tid=1325
04-29 17:23:00.124 W/        ( 1266): debuggerd: handling request: pid=1325 uid=1047 gid=1005 tid=1325
04-29 17:23:00.415 W/VibratorService( 1811): Tried to stop vibrating but there is no vibrator device.
04-29 17:23:00.597 D/ConditionProviders.SCP( 1811): onSubscribe condition://android/schedule?days=1.2.3.4.5&start=22.0&end=7.0&exitAtAlarm=false
04-29 17:23:00.669 W/        ( 1266): debuggerd: resuming target 1325
04-29 17:23:00.683 W/        ( 1267): debuggerd: handling request: pid=1326 uid=1019 gid=1019 tid=1326
04-29 17:23:00.685 D/ConditionProviders.SCP( 1811): setRegistered true
04-29 17:23:00.688 D/ConditionProviders.SCP( 1811): notifyCondition condition://android/schedule?days=1.2.3.4.5&start=22.0&end=7.0&exitAtAlarm=false STATE_FALSE reason=!meetsSchedule
04-29 17:23:00.763 D/ConditionProviders.SCP( 1811): Scheduling evaluate for Thu Apr 29 22:00:00 UTC 2021 (1619733600000), in +4h36m59s314ms, now=Thu Apr 29 17:23:00 UTC 2021 (1619716980686)
04-29 17:23:00.764 D/ConditionProviders.SCP( 1811): onSubscribe condition://android/schedule?days=6.7&start=23.30&end=10.0&exitAtAlarm=false
04-29 17:23:00.863 W/        ( 1266): debuggerd: handling request: pid=1326 uid=1019 gid=1019 tid=1326
04-29 17:23:00.864 D/ConditionProviders.SCP( 1811): notifyCondition condition://android/schedule?days=6.7&start=23.30&end=10.0&exitAtAlarm=false STATE_FALSE reason=!meetsSchedule
04-29 17:23:00.865 D/ConditionProviders.SCP( 1811): notifyCondition condition://android/schedule?days=1.2.3.4.5&start=22.0&end=7.0&exitAtAlarm=false STATE_FALSE reason=!meetsSchedule
04-29 17:23:00.871 D/ConditionProviders.SCP( 1811): Scheduling evaluate for Thu Apr 29 22:00:00 UTC 2021 (1619733600000), in +4h36m59s234ms, now=Thu Apr 29 17:23:00 UTC 2021 (1619716980766)
04-29 17:23:00.878 I/Telecom ( 1811): WiredHeadsetManager: ACTION_HEADSET_PLUG event, plugged in: false, : WHC.oADA@AAE
04-29 17:23:01.005 I/ActivityManager( 1811): user 0 is still locked. Cannot load recents
04-29 17:23:01.726 W/        ( 1266): debuggerd: resuming target 1326
04-29 17:23:01.829 W/        ( 1267): debuggerd: handling request: pid=1329 uid=1046 gid=1006 tid=1329
04-29 17:23:01.929 W/        ( 1266): debuggerd: handling request: pid=1329 uid=1046 gid=1006 tid=1329
04-29 17:23:02.554 W/        ( 1266): debuggerd: resuming target 1329
04-29 17:23:02.557 W/        ( 1267): debuggerd: handling request: pid=1330 uid=1013 gid=1031 tid=1330
04-29 17:23:02.559 W/        ( 1266): debuggerd: handling request: pid=1330 uid=1013 gid=1031 tid=1330
04-29 17:23:02.727 W/        ( 1266): debuggerd: resuming target 1330
04-29 17:23:02.742 W/        ( 1267): debuggerd: handling request: pid=1331 uid=1040 gid=1026 tid=1331
04-29 17:23:02.744 W/        ( 1266): debuggerd: handling request: pid=1331 uid=1040 gid=1026 tid=1331
04-29 17:23:03.001 W/        ( 1266): debuggerd: resuming target 1331
04-29 17:23:03.046 W/        ( 1267): debuggerd: handling request: pid=1335 uid=1013 gid=1005 tid=1335
04-29 17:23:03.049 W/        ( 1266): debuggerd: handling request: pid=1335 uid=1013 gid=1005 tid=1335
04-29 17:23:03.443 W/        ( 1266): debuggerd: resuming target 1335
04-29 17:23:03.446 W/        ( 1267): debuggerd: handling request: pid=2098 uid=1023 gid=1023 tid=2098
04-29 17:23:03.894 W/        ( 1267): debuggerd: resuming target 2098
04-29 17:23:03.896 W/        ( 1267): debuggerd: handling request: pid=2149 uid=1023 gid=1023 tid=2149
04-29 17:23:04.048 W/        ( 1267): debuggerd: resuming target 2149
04-29 17:23:06.727 I/Process ( 1811): Sending signal. PID: 2238 SIG: 3
04-29 17:23:06.729 I/art     ( 2238): Thread[3,tid=2244,WaitingInMainSignalCatcherLoop,Thread*=0x73676b696400,peer=0x12c00d30,"Signal Catcher"]: reacting to signal 3
04-29 17:23:06.729 I/art     ( 2238): 
04-29 17:23:07.455 I/Choreographer( 2238): Skipped 33 frames!  The application may be doing too much work on its main thread.
04-29 17:23:07.581 I/art     ( 2238): Wrote stack traces to '/data/anr/traces.txt'
04-29 17:23:07.582 I/Process ( 1811): Sending signal. PID: 2025 SIG: 3
04-29 17:23:07.670 I/art     ( 2025): Thread[3,tid=2040,WaitingInMainSignalCatcherLoop,Thread*=0x73676b696400,peer=0x22c0e0d0,"Signal Catcher"]: reacting to signal 3
04-29 17:23:07.671 I/art     ( 2025): 
04-29 17:23:07.821 I/art     ( 1811): Wrote stack traces to '/data/anr/traces.txt'
04-29 17:23:08.411 W/art     ( 1811): Long monitor contention with owner android.bg (1844) at boolean android.os.MessageQueue.enqueueMessage(android.os.Message, long)(MessageQueue.java:541) waiters=0 in android.os.Message android.os.MessageQueue.next() for 991ms
04-29 17:23:08.412 W/art     ( 2025): Suspending all threads took: 8.861ms
04-29 17:23:08.422 I/LatinIME:LogUtils( 2025): Dictionary info: dictionary = main:en ; version = 54 ; date = 1414726273
04-29 17:23:08.729 E/ActivityManager( 1811): ANR in system
04-29 17:23:08.729 E/ActivityManager( 1811): PID: 1811
04-29 17:23:08.729 E/ActivityManager( 1811): Reason: executing service com.android.server.telecom/.components.TelecomService
04-29 17:23:08.729 E/ActivityManager( 1811): Load: 11.74 / 4.38 / 1.64
04-29 17:23:08.729 E/ActivityManager( 1811): CPU usage from 0ms to 17305ms later (2021-04-29 17:22:50.517 to 2021-04-29 17:23:07.822):
04-29 17:23:08.729 E/ActivityManager( 1811):   82% 1319/surfaceflinger: 28% user + 54% kernel / faults: 70 minor
04-29 17:23:08.729 E/ActivityManager( 1811):   24% 1405/bootanimation: 6.8% user + 17% kernel
04-29 17:23:08.729 E/ActivityManager( 1811):   23% 1811/system_server: 2.6% user + 21% kernel / faults: 3127 minor 29 major
04-29 17:23:08.729 E/ActivityManager( 1811):   16% 2238/com.android.settings: 5.5% user + 11% kernel / faults: 13996 minor 43 major
04-29 17:23:08.729 E/ActivityManager( 1811):   9.7% 2031/com.android.systemui: 2.4% user + 7.3% kernel / faults: 2126 minor 17 major
04-29 17:23:08.729 E/ActivityManager( 1811):   6.9% 1329/media.codec: 2.4% user + 4.5% kernel / faults: 1887 minor
04-29 17:23:08.729 E/ActivityManager( 1811):   3.3% 2220/com.android.phone: 0.7% user + 2.5% kernel / faults: 2438 minor 42 major
04-29 17:23:08.729 E/ActivityManager( 1811):   1.6% 8/rcu_preempt: 0% user + 1.6% kernel
04-29 17:23:08.729 E/ActivityManager( 1811):   1.4% 1321/adbd: 0.1% user + 1.2% kernel / faults: 680 minor
04-29 17:23:08.729 E/ActivityManager( 1811):   0.7% 1331/media.extractor: 0.1% user + 0.5% kernel / faults: 83 minor
04-29 17:23:08.729 E/ActivityManager( 1811):   1% 2025/com.android.inputmethod.latin: 0.3% user + 0.7% kernel / faults: 251 minor
04-29 17:23:08.729 E/ActivityManager( 1811):   0.1% 1267/debuggerd64: 0% user + 0.1% kernel / faults: 103 minor
04-29 17:23:08.729 E/ActivityManager( 1811):   0.6% 1324/audioserver: 0.1% user + 0.5% kernel / faults: 44 minor
04-29 17:23:08.729 E/ActivityManager( 1811):   0% 1266/debuggerd: 0% user + 0% kernel / faults: 180 minor
04-29 17:23:08.729 E/ActivityManager( 1811):   0.4% 1263/jbd2/vdc-8: 0% user + 0.4% kernel
04-29 17:23:08.729 E/ActivityManager( 1811):   0.3% 6/kworker/u4:0: 0% user + 0.3% kernel
04-29 17:23:08.729 E/ActivityManager( 1811):   0.3% 1318/servicemanager: 0% user + 0.2% kernel
04-29 17:23:08.729 E/ActivityManager( 1811):   0.3% 1335/mediaserver: 0.2% user + 0.1% kernel / faults: 67 minor
04-29 17:23:08.729 E/ActivityManager( 1811):   0.2% 1253/kworker/0:1H: 0% user + 0.2% kernel
04-29 17:23:08.729 E/ActivityManager( 1811):   0.1% 12/ksoftirqd/1: 0% user + 0.1% kernel
04-29 17:23:08.729 E/ActivityManager( 1811):   0.1% 1265/logd: 0% user + 0.1% kernel / faults: 9 minor
04-29 17:23:08.729 E/ActivityManager( 1811):   0% 3/ksoftirqd/0: 0% user + 0% kernel
04-29 17:23:08.729 E/ActivityManager( 1811):   0% 1325/cameraserver: 0% user + 0% kernel / faults: 22 minor
04-29 17:23:08.729 E/ActivityManager( 1811):   0% 1328/keystore: 0% user + 0% kernel
04-29 17:23:08.729 E/ActivityManager( 1811):   0% 1349/logcat: 0% user + 0% kernel
04-29 17:23:08.729 E/ActivityManager( 1811):  +0% 2359/getprop: 0% user + 0% kernel
04-29 17:23:08.729 E/ActivityManager( 1811):  +0% 2361/getprop: 0% user + 0% kernel
04-29 17:23:08.729 E/ActivityManager( 1811): 100% TOTAL: 28% user + 70% kernel + 0.7% softirq
04-29 17:23:08.729 E/ActivityManager( 1811): CPU usage from 14768ms to 15734ms later (2021-04-29 17:23:05.285 to 2021-04-29 17:23:06.251):
04-29 17:23:08.729 E/ActivityManager( 1811):   111% 1319/surfaceflinger: 40% user + 71% kernel
04-29 17:23:08.729 E/ActivityManager( 1811):     54% 1319/surfaceflinger: 17% user + 36% kernel
04-29 17:23:08.729 E/ActivityManager( 1811):     33% 1380/EventThread: 21% user + 12% kernel
04-29 17:23:08.729 E/ActivityManager( 1811):     18% 1371/DispSync: 3.7% user + 14% kernel
04-29 17:23:08.729 E/ActivityManager( 1811):     1.8% 1378/EventThread: 0.9% user + 0.9% kernel
04-29 17:23:08.729 E/ActivityManager( 1811):     0.9% 1370/Binder:1319_1: 0% user + 0.9% kernel
04-29 17:23:08.729 E/ActivityManager( 1811):     0.9% 1372/Binder:1319_2: 0% user + 0.9% kernel
04-29 17:23:08.729 E/ActivityManager( 1811):     0.9% 1548/Binder:1319_3: 0% user + 0.9% kernel
04-29 17:23:08.729 E/ActivityManager( 1811):     0.9% 1865/Binder:1319_4: 0% user + 0.9% kernel
04-29 17:23:08.729 E/ActivityManager( 1811):   30% 1405/bootanimation: 0% user + 30% kernel
04-29 17:23:08.729 E/ActivityManager( 1811):     31% 1540/BootAnimation: 0% user + 31% kernel
04-29 17:23:08.729 E/ActivityManager( 1811):   26% 1811/system_server: 6.5% user + 19% kernel / faults: 112 minor
04-29 17:23:08.729 E/ActivityManager( 1811):     10% 1816/Signal Catcher: 1.8% user + 8.4% kernel
04-29 17:23:08.729 E/ActivityManager( 1811):     8.4% 1845/ActivityManager: 0.9% user + 7.4% kernel
04-29 17:23:08.729 E/ActivityManager( 1811):     2.8% 2059/Binder:1811_4: 0.9% user + 1.8% kernel
04-29 17:23:08.729 E/ActivityManager( 1811):     1.8% 2088/Binder:1811_5: 1.8% user + 0% kernel
04-29 17:23:08.729 E/ActivityManager( 1811):     0.9% 1811/system_server: 0% user + 0.9% kernel
04-29 17:23:08.729 E/ActivityManager( 1811):     0.9% 2002/onProviders.ECP: 0.9% user + 0% kernel
04-29 17:23:08.729 E/ActivityManager( 1811):     0.9% 2003/AudioService: 0% user + 0.9% kernel
04-29 17:23:08.729 E/ActivityManager( 1811):     0.9% 2280/Binder:1811_7: 0% user + 0.9% kernel
04-29 17:23:08.729 E/ActivityManager( 1811):   11% 2238/com.android.settings: 2% user + 9.4% kernel
04-29 17:23:08.729 E/ActivityManager( 1811):     11% 2238/ndroid.settings: 2% user + 9.4% kernel
04-29 17:23:08.729 E/ActivityManager( 1811):   4.4% 2031/com.android.systemui: 0% user + 4.4% kernel / faults: 29 minor
04-29 17:23:08.729 E/ActivityManager( 1811):     4.4% 2031/ndroid.systemui: 0% user + 4.4% kernel
04-29 17:23:08.729 E/ActivityManager( 1811):   3.7% 1321/adbd: 0% user + 3.7% kernel / faults: 17 minor
04-29 17:23:08.729 E/ActivityManager( 1811):     2.8% 1333/->host-9: 0% user + 2.8% kernel
04-29 17:23:08.729 E/ActivityManager( 1811):   1.6% 1324/audioserver: 0% user + 1.6% kernel / faults: 1 minor
04-29 17:23:08.729 E/ActivityManager( 1811):     0.5% 1407/Binder:1324_1: 0% user + 0.5% kernel
04-29 17:23:08.729 E/ActivityManager( 1811):   2.9% 2025/com.android.inputmethod.latin: 0% user + 2.9% kernel / faults: 23 minor
04-29 17:23:08.729 E/ActivityManager( 1811):     0.9% 2056/Binder:2025_1: 0% user + 0.9% kernel
04-29 17:23:08.729 E/ActivityManager( 1811):   1.8% 8/rcu_preempt: 0% user + 1.8% kernel
04-29 17:23:08.729 E/ActivityManager( 1811): 100% TOTAL: 21% user + 77% kernel + 1.4% softirq
04-29 17:23:08.836 I/GnssLocationProvider( 1811): WakeLock released by handleMessage(13, 0, null)
04-29 17:23:08.838 E/GnssLocationProvider( 1811): no AGPS interface in set_agps_server
04-29 17:23:09.059 E/ActivityThread( 1811): Failed to find provider info for com.android.calendar
04-29 17:23:09.079 E/ActivityThread( 1811): Failed to find provider info for com.android.calendar
04-29 17:23:09.144 I/art     ( 2025): Wrote stack traces to '/data/anr/traces.txt'
04-29 17:23:09.146 W/art     ( 1811): Long monitor contention with owner Binder:1811_6 (2279) at android.content.pm.UserInfo com.android.server.am.UserController.getCurrentUser()(UserController.java:1438) waiters=0 in android.content.Intent com.android.server.am.ActivityManagerService.registerReceiver(android.app.IApplicationThread, java.lang.String, android.content.IIntentReceiver, android.content.IntentFilter, java.lang.String, int) for 502ms
04-29 17:23:09.163 W/art     ( 1811): Long monitor contention with owner ActivityManager (1845) at android.content.pm.PackageInfo com.android.server.pm.PackageManagerService.getPackageInfo(java.lang.String, int, int)(PackageManagerService.java:3132) waiters=0 in int com.android.server.pm.PackageManagerService.checkUidPermission(java.lang.String, int) for 427ms
04-29 17:23:09.164 W/art     ( 1811): Long monitor contention with owner ActivityManager (1845) at android.content.pm.PackageInfo com.android.server.pm.PackageManagerService.getPackageInfo(java.lang.String, int, int)(PackageManagerService.java:3132) waiters=1 in int com.android.server.pm.PackageManagerService.checkUidPermission(java.lang.String, int) for 416ms
04-29 17:23:11.014 W/art     ( 1811): Long monitor contention with owner android.ui (1846) at void com.android.server.am.AppErrors.handleShowAnrUi(android.os.Message)(AppErrors.java:925) waiters=0 in void com.android.server.am.ActivityManagerService$MainHandler.handleMessage(android.os.Message) for 1.503s
04-29 17:23:11.133 V/KeyguardServiceDelegate( 1811): *** Keyguard started
04-29 17:23:11.218 W/KeyguardServiceDelegate( 1811): onScreenTurningOn(): no keyguard service!
04-29 17:23:12.261 W/art     ( 1811): Long monitor contention with owner android.bg (1844) at boolean android.os.MessageQueue.enqueueMessage(android.os.Message, long)(MessageQueue.java:541) waiters=0 in android.os.Message android.os.MessageQueue.next() for 3.043s
04-29 17:23:12.262 I/GnssLocationProvider( 1811): WakeLock released by handleMessage(2, 1, null)
04-29 17:23:12.310 W/art     ( 1811): Long monitor contention with owner android.bg (1844) at void com.android.server.power.PowerManagerService.releaseWakeLockInternal(android.os.IBinder, int)(PowerManagerService.java:937) waiters=0 in void com.android.server.power.PowerManagerService.acquireWakeLockInternal(android.os.IBinder, int, java.lang.String, java.lang.String, android.os.WorkSource, java.lang.String, int, int) for 3.146s
04-29 17:23:12.331 W/art     ( 2220): Long monitor contention with owner RILReceiver0 (2364) at boolean android.os.BinderProxy.transactNative(int, android.os.Parcel, android.os.Parcel, int)(Binder.java:-2) waiters=0 in void com.android.internal.telephony.RIL.acquireWakeLock(com.android.internal.telephony.RILRequest, int) for 2.959s
04-29 17:23:13.784 I/Choreographer( 1811): Skipped 94 frames!  The application may be doing too much work on its main thread.
04-29 17:23:14.108 W/WindowManager( 1811): Keyguard drawn timeout. Setting mKeyguardDrawComplete
04-29 17:23:15.293 W/ActivityManager( 1811): Slow operation: 112ms so far, now at startProcess: done creating new process record
04-29 17:23:15.293 W/ActivityManager( 1811): Slow operation: 112ms so far, now at startProcess: stepping in to startProcess
04-29 17:23:15.573 W/ActivityManager( 1811): Slow operation: 280ms so far, now at startProcess: returned from zygote!
04-29 17:23:15.574 W/ActivityManager( 1811): Slow operation: 281ms so far, now at startProcess: done updating battery stats
04-29 17:23:15.575 W/ActivityManager( 1811): Slow operation: 282ms so far, now at startProcess: building log message
