04-29 17:21:28.115 E/Hyphenator( 1323): 	at libcore.io.BlockGuardOs.open(BlockGuardOs.java:187)
04-29 17:21:28.115 E/Hyphenator( 1323): 	at libcore.io.IoBridge.open(IoBridge.java:441)
04-29 17:21:28.115 E/Hyphenator( 1323): 	... 6 more
04-29 17:21:28.117 E/Hyphenator( 1323): error loading hyphenation /system/usr/hyphen-data/hyph-hi.hyb
04-29 17:21:28.117 E/Hyphenator( 1323): java.io.FileNotFoundException: /system/usr/hyphen-data/hyph-hi.hyb: open failed: ENOENT (No such file or directory)
04-29 17:21:28.117 E/Hyphenator( 1323): 	at libcore.io.IoBridge.open(IoBridge.java:455)
04-29 17:21:28.117 E/Hyphenator( 1323): 	at java.io.RandomAccessFile.<init>(RandomAccessFile.java:247)
04-29 17:21:28.117 E/Hyphenator( 1323): 	at android.text.Hyphenator.loadHyphenator(Hyphenator.java:118)
04-29 17:21:28.117 E/Hyphenator( 1323): 	at android.text.Hyphenator.init(Hyphenator.java:224)
04-29 17:21:28.117 E/Hyphenator( 1323): 	at com.android.internal.os.ZygoteInit.preloadTextResources(ZygoteInit.java:252)
04-29 17:21:28.117 E/Hyphenator( 1323): 	at com.android.internal.os.ZygoteInit.preload(ZygoteInit.java:206)
04-29 17:21:28.117 E/Hyphenator( 1323): 	at com.android.internal.os.ZygoteInit.main(ZygoteInit.java:743)
04-29 17:21:28.117 E/Hyphenator( 1323): Caused by: android.system.ErrnoException: open failed: ENOENT (No such file or directory)
04-29 17:21:28.117 E/Hyphenator( 1323): 	at libcore.io.Posix.open(Native Method)
04-29 17:21:28.117 E/Hyphenator( 1323): 	at libcore.io.BlockGuardOs.open(BlockGuardOs.java:187)
04-29 17:21:28.117 E/Hyphenator( 1323): 	at libcore.io.IoBridge.open(IoBridge.java:441)
04-29 17:21:28.117 E/Hyphenator( 1323): 	... 6 more
04-29 17:21:28.118 E/Hyphenator( 1323): error loading hyphenation /system/usr/hyphen-data/hyph-hr.hyb
04-29 17:21:28.118 E/Hyphenator( 1323): java.io.FileNotFoundException: /system/usr/hyphen-data/hyph-hr.hyb: open failed: ENOENT (No such file or directory)
04-29 17:21:28.118 E/Hyphenator( 1323): 	at libcore.io.IoBridge.open(IoBridge.java:455)
04-29 17:21:28.118 E/Hyphenator( 1323): 	at java.io.RandomAccessFile.<init>(RandomAccessFile.java:247)
04-29 17:21:28.118 E/Hyphenator( 1323): 	at android.text.Hyphenator.loadHyphenator(Hyphenator.java:118)
04-29 17:21:28.118 E/Hyphenator( 1323): 	at android.text.Hyphenator.init(Hyphenator.java:224)
04-29 17:21:28.118 E/Hyphenator( 1323): 	at com.android.internal.os.ZygoteInit.preloadTextResources(ZygoteInit.java:252)
04-29 17:21:28.118 E/Hyphenator( 1323): 	at com.android.internal.os.ZygoteInit.preload(ZygoteInit.java:206)
04-29 17:21:28.118 E/Hyphenator( 1323): 	at com.android.internal.os.ZygoteInit.main(ZygoteInit.java:743)
04-29 17:21:28.118 E/Hyphenator( 1323): Caused by: android.system.ErrnoException: open failed: ENOENT (No such file or directory)
04-29 17:21:28.118 E/Hyphenator( 1323): 	at libcore.io.Posix.open(Native Method)
04-29 17:21:28.118 E/Hyphenator( 1323): 	at libcore.io.BlockGuardOs.open(BlockGuardOs.java:187)
04-29 17:21:28.118 E/Hyphenator( 1323): 	at libcore.io.IoBridge.open(IoBridge.java:441)
04-29 17:21:28.118 E/Hyphenator( 1323): 	... 6 more
04-29 17:21:28.120 E/Hyphenator( 1323): error loading hyphenation /system/usr/hyphen-data/hyph-hu.hyb
04-29 17:21:28.120 E/Hyphenator( 1323): java.io.FileNotFoundException: /system/usr/hyphen-data/hyph-hu.hyb: open failed: ENOENT (No such file or directory)
04-29 17:21:28.120 E/Hyphenator( 1323): 	at libcore.io.IoBridge.open(IoBridge.java:455)
04-29 17:21:28.120 E/Hyphenator( 1323): 	at java.io.RandomAccessFile.<init>(RandomAccessFile.java:247)
04-29 17:21:28.120 E/Hyphenator( 1323): 	at android.text.Hyphenator.loadHyphenator(Hyphenator.java:118)
04-29 17:21:28.120 E/Hyphenator( 1323): 	at android.text.Hyphenator.init(Hyphenator.java:224)
04-29 17:21:28.120 E/Hyphenator( 1323): 	at com.android.internal.os.ZygoteInit.preloadTextResources(ZygoteInit.java:252)
04-29 17:21:28.120 E/Hyphenator( 1323): 	at com.android.internal.os.ZygoteInit.preload(ZygoteInit.java:206)
04-29 17:21:28.120 E/Hyphenator( 1323): 	at com.android.internal.os.ZygoteInit.main(ZygoteInit.java:743)
04-29 17:21:28.120 E/Hyphenator( 1323): Caused by: android.system.ErrnoException: open failed: ENOENT (No such file or directory)
04-29 17:21:28.120 E/Hyphenator( 1323): 	at libcore.io.Posix.open(Native Method)
04-29 17:21:28.120 E/Hyphenator( 1323): 	at libcore.io.BlockGuardOs.open(BlockGuardOs.java:187)
04-29 17:21:28.120 E/Hyphenator( 1323): 	at libcore.io.IoBridge.open(IoBridge.java:441)
04-29 17:21:28.120 E/Hyphenator( 1323): 	... 6 more
04-29 17:21:28.135 E/Hyphenator( 1323): error loading hyphenation /system/usr/hyphen-data/hyph-hy.hyb
04-29 17:21:28.135 E/Hyphenator( 1323): java.io.FileNotFoundException: /system/usr/hyphen-data/hyph-hy.hyb: open failed: ENOENT (No such file or directory)
04-29 17:21:28.135 E/Hyphenator( 1323): 	at libcore.io.IoBridge.open(IoBridge.java:455)
04-29 17:21:28.135 E/Hyphenator( 1323): 	at java.io.RandomAccessFile.<init>(RandomAccessFile.java:247)
04-29 17:21:28.135 E/Hyphenator( 1323): 	at android.text.Hyphenator.loadHyphenator(Hyphenator.java:118)
04-29 17:21:28.135 E/Hyphenator( 1323): 	at android.text.Hyphenator.init(Hyphenator.java:224)
04-29 17:21:28.135 E/Hyphenator( 1323): 	at com.android.internal.os.ZygoteInit.preloadTextResources(ZygoteInit.java:252)
04-29 17:21:28.135 E/Hyphenator( 1323): 	at com.android.internal.os.ZygoteInit.preload(ZygoteInit.java:206)
04-29 17:21:28.135 E/Hyphenator( 1323): 	at com.android.internal.os.ZygoteInit.main(ZygoteInit.java:743)
04-29 17:21:28.135 E/Hyphenator( 1323): Caused by: android.system.ErrnoException: open failed: ENOENT (No such file or directory)
04-29 17:21:28.135 E/Hyphenator( 1323): 	at libcore.io.Posix.open(Native Method)
04-29 17:21:28.135 E/Hyphenator( 1323): 	at libcore.io.BlockGuardOs.open(BlockGuardOs.java:187)
04-29 17:21:28.135 E/Hyphenator( 1323): 	at libcore.io.IoBridge.open(IoBridge.java:441)
04-29 17:21:28.135 E/Hyphenator( 1323): 	... 6 more
04-29 17:21:28.136 E/Hyphenator( 1323): error loading hyphenation /system/usr/hyphen-data/hyph-kn.hyb
04-29 17:21:28.136 E/Hyphenator( 1323): java.io.FileNotFoundException: /system/usr/hyphen-data/hyph-kn.hyb: open failed: ENOENT (No such file or directory)
04-29 17:21:28.136 E/Hyphenator( 1323): 	at libcore.io.IoBridge.open(IoBridge.java:455)
04-29 17:21:28.136 E/Hyphenator( 1323): 	at java.io.RandomAccessFile.<init>(RandomAccessFile.java:247)
04-29 17:21:28.136 E/Hyphenator( 1323): 	at android.text.Hyphenator.loadHyphenator(Hyphenator.java:118)
04-29 17:21:28.136 E/Hyphenator( 1323): 	at android.text.Hyphenator.init(Hyphenator.java:224)
04-29 17:21:28.136 E/Hyphenator( 1323): 	at com.android.internal.os.ZygoteInit.preloadTextResources(ZygoteInit.java:252)
04-29 17:21:28.136 E/Hyphenator( 1323): 	at com.android.internal.os.ZygoteInit.preload(ZygoteInit.java:206)
04-29 17:21:28.136 E/Hyphenator( 1323): 	at com.android.internal.os.ZygoteInit.main(ZygoteInit.java:743)
04-29 17:21:28.136 E/Hyphenator( 1323): Caused by: android.system.ErrnoException: open failed: ENOENT (No such file or directory)
04-29 17:21:28.136 E/Hyphenator( 1323): 	at libcore.io.Posix.open(Native Method)
04-29 17:21:28.136 E/Hyphenator( 1323): 	at libcore.io.BlockGuardOs.open(BlockGuardOs.java:187)
04-29 17:21:28.136 E/Hyphenator( 1323): 	at libcore.io.IoBridge.open(IoBridge.java:441)
04-29 17:21:28.136 E/Hyphenator( 1323): 	... 6 more
04-29 17:21:28.138 E/Hyphenator( 1323): error loading hyphenation /system/usr/hyphen-data/hyph-ml.hyb
04-29 17:21:28.138 E/Hyphenator( 1323): java.io.FileNotFoundException: /system/usr/hyphen-data/hyph-ml.hyb: open failed: ENOENT (No such file or directory)
04-29 17:21:28.138 E/Hyphenator( 1323): 	at libcore.io.IoBridge.open(IoBridge.java:455)
04-29 17:21:28.138 E/Hyphenator( 1323): 	at java.io.RandomAccessFile.<init>(RandomAccessFile.java:247)
04-29 17:21:28.138 E/Hyphenator( 1323): 	at android.text.Hyphenator.loadHyphenator(Hyphenator.java:118)
04-29 17:21:28.138 E/Hyphenator( 1323): 	at android.text.Hyphenator.init(Hyphenator.java:224)
04-29 17:21:28.138 E/Hyphenator( 1323): 	at com.android.internal.os.ZygoteInit.preloadTextResources(ZygoteInit.java:252)
04-29 17:21:28.138 E/Hyphenator( 1323): 	at com.android.internal.os.ZygoteInit.preload(ZygoteInit.java:206)
04-29 17:21:28.138 E/Hyphenator( 1323): 	at com.android.internal.os.ZygoteInit.main(ZygoteInit.java:743)
04-29 17:21:28.138 E/Hyphenator( 1323): Caused by: android.system.ErrnoException: open failed: ENOENT (No such file or directory)
04-29 17:21:28.138 E/Hyphenator( 1323): 	at libcore.io.Posix.open(Native Method)
04-29 17:21:28.138 E/Hyphenator( 1323): 	at libcore.io.BlockGuardOs.open(BlockGuardOs.java:187)
04-29 17:21:28.138 E/Hyphenator( 1323): 	at libcore.io.IoBridge.open(IoBridge.java:441)
04-29 17:21:28.138 E/Hyphenator( 1323): 	... 6 more
04-29 17:21:28.232 E/Hyphenator( 1323): error loading hyphenation /system/usr/hyphen-data/hyph-mn-cyrl.hyb
04-29 17:21:28.232 E/Hyphenator( 1323): java.io.FileNotFoundException: /system/usr/hyphen-data/hyph-mn-cyrl.hyb: open failed: ENOENT (No such file or directory)
04-29 17:21:28.232 E/Hyphenator( 1323): 	at libcore.io.IoBridge.open(IoBridge.java:455)
04-29 17:21:28.232 E/Hyphenator( 1323): 	at java.io.RandomAccessFile.<init>(RandomAccessFile.java:247)
04-29 17:21:28.232 E/Hyphenator( 1323): 	at android.text.Hyphenator.loadHyphenator(Hyphenator.java:118)
04-29 17:21:28.232 E/Hyphenator( 1323): 	at android.text.Hyphenator.init(Hyphenator.java:224)
04-29 17:21:28.232 E/Hyphenator( 1323): 	at com.android.internal.os.ZygoteInit.preloadTextResources(ZygoteInit.java:252)
04-29 17:21:28.232 E/Hyphenator( 1323): 	at com.android.internal.os.ZygoteInit.preload(ZygoteInit.java:206)
04-29 17:21:28.232 E/Hyphenator( 1323): 	at com.android.internal.os.ZygoteInit.main(ZygoteInit.java:743)
04-29 17:21:28.232 E/Hyphenator( 1323): Caused by: android.system.ErrnoException: open failed: ENOENT (No such file or directory)
04-29 17:21:28.232 E/Hyphenator( 1323): 	at libcore.io.Posix.open(Native Method)
04-29 17:21:28.232 E/Hyphenator( 1323): 	at libcore.io.BlockGuardOs.open(BlockGuardOs.java:187)
04-29 17:21:28.232 E/Hyphenator( 1323): 	at libcore.io.IoBridge.open(IoBridge.java:441)
04-29 17:21:28.232 E/Hyphenator( 1323): 	... 6 more
04-29 17:21:28.234 E/Hyphenator( 1323): error loading hyphenation /system/usr/hyphen-data/hyph-mr.hyb
04-29 17:21:28.234 E/Hyphenator( 1323): java.io.FileNotFoundException: /system/usr/hyphen-data/hyph-mr.hyb: open failed: ENOENT (No such file or directory)
04-29 17:21:28.234 E/Hyphenator( 1323): 	at libcore.io.IoBridge.open(IoBridge.java:455)
04-29 17:21:28.234 E/Hyphenator( 1323): 	at java.io.RandomAccessFile.<init>(RandomAccessFile.java:247)
04-29 17:21:28.234 E/Hyphenator( 1323): 	at android.text.Hyphenator.loadHyphenator(Hyphenator.java:118)
04-29 17:21:28.234 E/Hyphenator( 1323): 	at android.text.Hyphenator.init(Hyphenator.java:224)
04-29 17:21:28.234 E/Hyphenator( 1323): 	at com.android.internal.os.ZygoteInit.preloadTextResources(ZygoteInit.java:252)
04-29 17:21:28.234 E/Hyphenator( 1323): 	at com.android.internal.os.ZygoteInit.preload(ZygoteInit.java:206)
04-29 17:21:28.234 E/Hyphenator( 1323): 	at com.android.internal.os.ZygoteInit.main(ZygoteInit.java:743)
04-29 17:21:28.234 E/Hyphenator( 1323): Caused by: android.system.ErrnoException: open failed: ENOENT (No such file or directory)
04-29 17:21:28.234 E/Hyphenator( 1323): 	at libcore.io.Posix.open(Native Method)
04-29 17:21:28.234 E/Hyphenator( 1323): 	at libcore.io.BlockGuardOs.open(BlockGuardOs.java:187)
04-29 17:21:28.234 E/Hyphenator( 1323): 	at libcore.io.IoBridge.open(IoBridge.java:441)
04-29 17:21:28.234 E/Hyphenator( 1323): 	... 6 more
04-29 17:21:28.235 E/Hyphenator( 1323): error loading hyphenation /system/usr/hyphen-data/hyph-nb.hyb
04-29 17:21:28.235 E/Hyphenator( 1323): java.io.FileNotFoundException: /system/usr/hyphen-data/hyph-nb.hyb: open failed: ENOENT (No such file or directory)
04-29 17:21:28.235 E/Hyphenator( 1323): 	at libcore.io.IoBridge.open(IoBridge.java:455)
04-29 17:21:28.235 E/Hyphenator( 1323): 	at java.io.RandomAccessFile.<init>(RandomAccessFile.java:247)
04-29 17:21:28.235 E/Hyphenator( 1323): 	at android.text.Hyphenator.loadHyphenator(Hyphenator.java:118)
04-29 17:21:28.235 E/Hyphenator( 1323): 	at android.text.Hyphenator.init(Hyphenator.java:224)
04-29 17:21:28.235 E/Hyphenator( 1323): 	at com.android.internal.os.ZygoteInit.preloadTextResources(ZygoteInit.java:252)
04-29 17:21:28.235 E/Hyphenator( 1323): 	at com.android.internal.os.ZygoteInit.preload(ZygoteInit.java:206)
04-29 17:21:28.235 E/Hyphenator( 1323): 	at com.android.internal.os.ZygoteInit.main(ZygoteInit.java:743)
04-29 17:21:28.235 E/Hyphenator( 1323): Caused by: android.system.ErrnoException: open failed: ENOENT (No such file or directory)
04-29 17:21:28.235 E/Hyphenator( 1323): 	at libcore.io.Posix.open(Native Method)
04-29 17:21:28.235 E/Hyphenator( 1323): 	at libcore.io.BlockGuardOs.open(BlockGuardOs.java:187)
04-29 17:21:28.235 E/Hyphenator( 1323): 	at libcore.io.IoBridge.open(IoBridge.java:441)
04-29 17:21:28.235 E/Hyphenator( 1323): 	... 6 more
04-29 17:21:28.237 E/Hyphenator( 1323): error loading hyphenation /system/usr/hyphen-data/hyph-nn.hyb
04-29 17:21:28.237 E/Hyphenator( 1323): java.io.FileNotFoundException: /system/usr/hyphen-data/hyph-nn.hyb: open failed: ENOENT (No such file or directory)
04-29 17:21:28.237 E/Hyphenator( 1323): 	at libcore.io.IoBridge.open(IoBridge.java:455)
04-29 17:21:28.237 E/Hyphenator( 1323): 	at java.io.RandomAccessFile.<init>(RandomAccessFile.java:247)
04-29 17:21:28.237 E/Hyphenator( 1323): 	at android.text.Hyphenator.loadHyphenator(Hyphenator.java:118)
04-29 17:21:28.237 E/Hyphenator( 1323): 	at android.text.Hyphenator.init(Hyphenator.java:224)
04-29 17:21:28.237 E/Hyphenator( 1323): 	at com.android.internal.os.ZygoteInit.preloadTextResources(ZygoteInit.java:252)
04-29 17:21:28.237 E/Hyphenator( 1323): 	at com.android.internal.os.ZygoteInit.preload(ZygoteInit.java:206)
04-29 17:21:28.237 E/Hyphenator( 1323): 	at com.android.internal.os.ZygoteInit.main(ZygoteInit.java:743)
04-29 17:21:28.237 E/Hyphenator( 1323): Caused by: android.system.ErrnoException: open failed: ENOENT (No such file or directory)
04-29 17:21:28.237 E/Hyphenator( 1323): 	at libcore.io.Posix.open(Native Method)
04-29 17:21:28.237 E/Hyphenator( 1323): 	at libcore.io.BlockGuardOs.open(BlockGuardOs.java:187)
04-29 17:21:28.237 E/Hyphenator( 1323): 	at libcore.io.IoBridge.open(IoBridge.java:441)
04-29 17:21:28.237 E/Hyphenator( 1323): 	... 6 more
04-29 17:21:28.238 E/Hyphenator( 1323): error loading hyphenation /system/usr/hyphen-data/hyph-or.hyb
04-29 17:21:28.238 E/Hyphenator( 1323): java.io.FileNotFoundException: /system/usr/hyphen-data/hyph-or.hyb: open failed: ENOENT (No such file or directory)
04-29 17:21:28.238 E/Hyphenator( 1323): 	at libcore.io.IoBridge.open(IoBridge.java:455)
04-29 17:21:28.238 E/Hyphenator( 1323): 	at java.io.RandomAccessFile.<init>(RandomAccessFile.java:247)
04-29 17:21:28.238 E/Hyphenator( 1323): 	at android.text.Hyphenator.loadHyphenator(Hyphenator.java:118)
04-29 17:21:28.238 E/Hyphenator( 1323): 	at android.text.Hyphenator.init(Hyphenator.java:224)
04-29 17:21:28.238 E/Hyphenator( 1323): 	at com.android.internal.os.ZygoteInit.preloadTextResources(ZygoteInit.java:252)
04-29 17:21:28.238 E/Hyphenator( 1323): 	at com.android.internal.os.ZygoteInit.preload(ZygoteInit.java:206)
04-29 17:21:28.238 E/Hyphenator( 1323): 	at com.android.internal.os.ZygoteInit.main(ZygoteInit.java:743)
04-29 17:21:28.238 E/Hyphenator( 1323): Caused by: android.system.ErrnoException: open failed: ENOENT (No such file or directory)
04-29 17:21:28.238 E/Hyphenator( 1323): 	at libcore.io.Posix.open(Native Method)
04-29 17:21:28.238 E/Hyphenator( 1323): 	at libcore.io.BlockGuardOs.open(BlockGuardOs.java:187)
04-29 17:21:28.238 E/Hyphenator( 1323): 	at libcore.io.IoBridge.open(IoBridge.java:441)
04-29 17:21:28.238 E/Hyphenator( 1323): 	... 6 more
04-29 17:21:28.268 E/Hyphenator( 1323): error loading hyphenation /system/usr/hyphen-data/hyph-pa.hyb
04-29 17:21:28.268 E/Hyphenator( 1323): java.io.FileNotFoundException: /system/usr/hyphen-data/hyph-pa.hyb: open failed: ENOENT (No such file or directory)
04-29 17:21:28.268 E/Hyphenator( 1323): 	at libcore.io.IoBridge.open(IoBridge.java:455)
04-29 17:21:28.268 E/Hyphenator( 1323): 	at java.io.RandomAccessFile.<init>(RandomAccessFile.java:247)
04-29 17:21:28.268 E/Hyphenator( 1323): 	at android.text.Hyphenator.loadHyphenator(Hyphenator.java:118)
04-29 17:21:28.268 E/Hyphenator( 1323): 	at android.text.Hyphenator.init(Hyphenator.java:224)
04-29 17:21:28.268 E/Hyphenator( 1323): 	at com.android.internal.os.ZygoteInit.preloadTextResources(ZygoteInit.java:252)
04-29 17:21:28.268 E/Hyphenator( 1323): 	at com.android.internal.os.ZygoteInit.preload(ZygoteInit.java:206)
04-29 17:21:28.268 E/Hyphenator( 1323): 	at com.android.internal.os.ZygoteInit.main(ZygoteInit.java:743)
04-29 17:21:28.268 E/Hyphenator( 1323): Caused by: android.system.ErrnoException: open failed: ENOENT (No such file or directory)
04-29 17:21:28.268 E/Hyphenator( 1323): 	at libcore.io.Posix.open(Native Method)
04-29 17:21:28.268 E/Hyphenator( 1323): 	at libcore.io.BlockGuardOs.open(BlockGuardOs.java:187)
04-29 17:21:28.268 E/Hyphenator( 1323): 	at libcore.io.IoBridge.open(IoBridge.java:441)
04-29 17:21:28.268 E/Hyphenator( 1323): 	... 6 more
04-29 17:21:28.282 E/Hyphenator( 1323): error loading hyphenation /system/usr/hyphen-data/hyph-pt.hyb
04-29 17:21:28.282 E/Hyphenator( 1323): java.io.FileNotFoundException: /system/usr/hyphen-data/hyph-pt.hyb: open failed: ENOENT (No such file or directory)
04-29 17:21:28.282 E/Hyphenator( 1323): 	at libcore.io.IoBridge.open(IoBridge.java:455)
04-29 17:21:28.282 E/Hyphenator( 1323): 	at java.io.RandomAccessFile.<init>(RandomAccessFile.java:247)
04-29 17:21:28.282 E/Hyphenator( 1323): 	at android.text.Hyphenator.loadHyphenator(Hyphenator.java:118)
04-29 17:21:28.282 E/Hyphenator( 1323): 	at android.text.Hyphenator.init(Hyphenator.java:224)
04-29 17:21:28.282 E/Hyphenator( 1323): 	at com.android.internal.os.ZygoteInit.preloadTextResources(ZygoteInit.java:252)
04-29 17:21:28.282 E/Hyphenator( 1323): 	at com.android.internal.os.ZygoteInit.preload(ZygoteInit.java:206)
04-29 17:21:28.282 E/Hyphenator( 1323): 	at com.android.internal.os.ZygoteInit.main(ZygoteInit.java:743)
04-29 17:21:28.282 E/Hyphenator( 1323): Caused by: android.system.ErrnoException: open failed: ENOENT (No such file or directory)
04-29 17:21:28.282 E/Hyphenator( 1323): 	at libcore.io.Posix.open(Native Method)
04-29 17:21:28.282 E/Hyphenator( 1323): 	at libcore.io.BlockGuardOs.open(BlockGuardOs.java:187)
04-29 17:21:28.282 E/Hyphenator( 1323): 	at libcore.io.IoBridge.open(IoBridge.java:441)
04-29 17:21:28.282 E/Hyphenator( 1323): 	... 6 more
04-29 17:21:28.283 E/Hyphenator( 1323): error loading hyphenation /system/usr/hyphen-data/hyph-sl.hyb
04-29 17:21:28.283 E/Hyphenator( 1323): java.io.FileNotFoundException: /system/usr/hyphen-data/hyph-sl.hyb: open failed: ENOENT (No such file or directory)
04-29 17:21:28.283 E/Hyphenator( 1323): 	at libcore.io.IoBridge.open(IoBridge.java:455)
04-29 17:21:28.283 E/Hyphenator( 1323): 	at java.io.RandomAccessFile.<init>(RandomAccessFile.java:247)
04-29 17:21:28.283 E/Hyphenator( 1323): 	at android.text.Hyphenator.loadHyphenator(Hyphenator.java:118)
04-29 17:21:28.283 E/Hyphenator( 1323): 	at android.text.Hyphenator.init(Hyphenator.java:224)
04-29 17:21:28.283 E/Hyphenator( 1323): 	at com.android.internal.os.ZygoteInit.preloadTextResources(ZygoteInit.java:252)
04-29 17:21:28.283 E/Hyphenator( 1323): 	at com.android.internal.os.ZygoteInit.preload(ZygoteInit.java:206)
04-29 17:21:28.283 E/Hyphenator( 1323): 	at com.android.internal.os.ZygoteInit.main(ZygoteInit.java:743)
04-29 17:21:28.283 E/Hyphenator( 1323): Caused by: android.system.ErrnoException: open failed: ENOENT (No such file or directory)
04-29 17:21:28.283 E/Hyphenator( 1323): 	at libcore.io.Posix.open(Native Method)
04-29 17:21:28.283 E/Hyphenator( 1323): 	at libcore.io.BlockGuardOs.open(BlockGuardOs.java:187)
04-29 17:21:28.283 E/Hyphenator( 1323): 	at libcore.io.IoBridge.open(IoBridge.java:441)
04-29 17:21:28.283 E/Hyphenator( 1323): 	... 6 more
04-29 17:21:28.285 E/Hyphenator( 1323): error loading hyphenation /system/usr/hyphen-data/hyph-ta.hyb
04-29 17:21:28.285 E/Hyphenator( 1323): java.io.FileNotFoundException: /system/usr/hyphen-data/hyph-ta.hyb: open failed: ENOENT (No such file or directory)
04-29 17:21:28.285 E/Hyphenator( 1323): 	at libcore.io.IoBridge.open(IoBridge.java:455)
04-29 17:21:28.285 E/Hyphenator( 1323): 	at java.io.RandomAccessFile.<init>(RandomAccessFile.java:247)
04-29 17:21:28.285 E/Hyphenator( 1323): 	at android.text.Hyphenator.loadHyphenator(Hyphenator.java:118)
04-29 17:21:28.285 E/Hyphenator( 1323): 	at android.text.Hyphenator.init(Hyphenator.java:224)
04-29 17:21:28.285 E/Hyphenator( 1323): 	at com.android.internal.os.ZygoteInit.preloadTextResources(ZygoteInit.java:252)
04-29 17:21:28.285 E/Hyphenator( 1323): 	at com.android.internal.os.ZygoteInit.preload(ZygoteInit.java:206)
04-29 17:21:28.285 E/Hyphenator( 1323): 	at com.android.internal.os.ZygoteInit.main(ZygoteInit.java:743)
04-29 17:21:28.285 E/Hyphenator( 1323): Caused by: android.system.ErrnoException: open failed: ENOENT (No such file or directory)
04-29 17:21:28.285 E/Hyphenator( 1323): 	at libcore.io.Posix.open(Native Method)
04-29 17:21:28.285 E/Hyphenator( 1323): 	at libcore.io.BlockGuardOs.open(BlockGuardOs.java:187)
04-29 17:21:28.285 E/Hyphenator( 1323): 	at libcore.io.IoBridge.open(IoBridge.java:441)
04-29 17:21:28.285 E/Hyphenator( 1323): 	... 6 more
04-29 17:21:28.286 E/Hyphenator( 1323): error loading hyphenation /system/usr/hyphen-data/hyph-te.hyb
04-29 17:21:28.286 E/Hyphenator( 1323): java.io.FileNotFoundException: /system/usr/hyphen-data/hyph-te.hyb: open failed: ENOENT (No such file or directory)
04-29 17:21:28.286 E/Hyphenator( 1323): 	at libcore.io.IoBridge.open(IoBridge.java:455)
04-29 17:21:28.286 E/Hyphenator( 1323): 	at java.io.RandomAccessFile.<init>(RandomAccessFile.java:247)
04-29 17:21:28.286 E/Hyphenator( 1323): 	at android.text.Hyphenator.loadHyphenator(Hyphenator.java:118)
04-29 17:21:28.286 E/Hyphenator( 1323): 	at android.text.Hyphenator.init(Hyphenator.java:224)
04-29 17:21:28.286 E/Hyphenator( 1323): 	at com.android.internal.os.ZygoteInit.preloadTextResources(ZygoteInit.java:252)
04-29 17:21:28.286 E/Hyphenator( 1323): 	at com.android.internal.os.ZygoteInit.preload(ZygoteInit.java:206)
04-29 17:21:28.286 E/Hyphenator( 1323): 	at com.android.internal.os.ZygoteInit.main(ZygoteInit.java:743)
04-29 17:21:28.286 E/Hyphenator( 1323): Caused by: android.system.ErrnoException: open failed: ENOENT (No such file or directory)
04-29 17:21:28.286 E/Hyphenator( 1323): 	at libcore.io.Posix.open(Native Method)
04-29 17:21:28.286 E/Hyphenator( 1323): 	at libcore.io.BlockGuardOs.open(BlockGuardOs.java:187)
04-29 17:21:28.286 E/Hyphenator( 1323): 	at libcore.io.IoBridge.open(IoBridge.java:441)
04-29 17:21:28.286 E/Hyphenator( 1323): 	... 6 more
04-29 17:21:28.288 E/Hyphenator( 1323): error loading hyphenation /system/usr/hyphen-data/hyph-tk.hyb
04-29 17:21:28.288 E/Hyphenator( 1323): java.io.FileNotFoundException: /system/usr/hyphen-data/hyph-tk.hyb: open failed: ENOENT (No such file or directory)
04-29 17:21:28.288 E/Hyphenator( 1323): 	at libcore.io.IoBridge.open(IoBridge.java:455)
04-29 17:21:28.288 E/Hyphenator( 1323): 	at java.io.RandomAccessFile.<init>(RandomAccessFile.java:247)
04-29 17:21:28.288 E/Hyphenator( 1323): 	at android.text.Hyphenator.loadHyphenator(Hyphenator.java:118)
04-29 17:21:28.288 E/Hyphenator( 1323): 	at android.text.Hyphenator.init(Hyphenator.java:224)
04-29 17:21:28.288 E/Hyphenator( 1323): 	at com.android.internal.os.ZygoteInit.preloadTextResources(ZygoteInit.java:252)
04-29 17:21:28.288 E/Hyphenator( 1323): 	at com.android.internal.os.ZygoteInit.preload(ZygoteInit.java:206)
04-29 17:21:28.288 E/Hyphenator( 1323): 	at com.android.internal.os.ZygoteInit.main(ZygoteInit.java:743)
04-29 17:21:28.288 E/Hyphenator( 1323): Caused by: android.system.ErrnoException: open failed: ENOENT (No such file or directory)
04-29 17:21:28.288 E/Hyphenator( 1323): 	at libcore.io.Posix.open(Native Method)
04-29 17:21:28.288 E/Hyphenator( 1323): 	at libcore.io.BlockGuardOs.open(BlockGuardOs.java:187)
04-29 17:21:28.288 E/Hyphenator( 1323): 	at libcore.io.IoBridge.open(IoBridge.java:441)
04-29 17:21:28.288 E/Hyphenator( 1323): 	... 6 more
04-29 17:21:28.289 E/Hyphenator( 1323): error loading hyphenation /system/usr/hyphen-data/hyph-und-ethi.hyb
04-29 17:21:28.289 E/Hyphenator( 1323): java.io.FileNotFoundException: /system/usr/hyphen-data/hyph-und-ethi.hyb: open failed: ENOENT (No such file or directory)
04-29 17:21:28.289 E/Hyphenator( 1323): 	at libcore.io.IoBridge.open(IoBridge.java:455)
04-29 17:21:28.289 E/Hyphenator( 1323): 	at java.io.RandomAccessFile.<init>(RandomAccessFile.java:247)
04-29 17:21:28.289 E/Hyphenator( 1323): 	at android.text.Hyphenator.loadHyphenator(Hyphenator.java:118)
04-29 17:21:28.289 E/Hyphenator( 1323): 	at android.text.Hyphenator.init(Hyphenator.java:224)
04-29 17:21:28.289 E/Hyphenator( 1323): 	at com.android.internal.os.ZygoteInit.preloadTextResources(ZygoteInit.java:252)
04-29 17:21:28.289 E/Hyphenator( 1323): 	at com.android.internal.os.ZygoteInit.preload(ZygoteInit.java:206)
04-29 17:21:28.289 E/Hyphenator( 1323): 	at com.android.internal.os.ZygoteInit.main(ZygoteInit.java:743)
04-29 17:21:28.289 E/Hyphenator( 1323): Caused by: android.system.ErrnoException: open failed: ENOENT (No such file or directory)
04-29 17:21:28.289 E/Hyphenator( 1323): 	at libcore.io.Posix.open(Native Method)
04-29 17:21:28.289 E/Hyphenator( 1323): 	at libcore.io.BlockGuardOs.open(BlockGuardOs.java:187)
04-29 17:21:28.289 E/Hyphenator( 1323): 	at libcore.io.IoBridge.open(IoBridge.java:441)
04-29 17:21:28.289 E/Hyphenator( 1323): 	... 6 more
04-29 17:21:28.835 I/Zygote  ( 1323): Uninstalled ICU cache reference pinning...
04-29 17:21:28.878 I/Zygote  ( 1323): Installed AndroidKeyStoreProvider in 42ms.
04-29 17:21:29.367 I/Zygote  ( 1323): Warmed up JCA providers in 489ms.
04-29 17:21:29.367 D/Zygote  ( 1323): end preload
04-29 17:21:29.369 I/art     ( 1323): Starting a blocking GC Explicit
04-29 17:21:29.530 I/art     ( 1323): Explicit concurrent mark sweep GC freed 15994(1198KB) AllocSpace objects, 2(72KB) LOS objects, 39% free, 6MB/10MB, paused 1.850ms total 143.860ms
04-29 17:21:29.533 I/art     ( 1323): Starting a blocking GC Explicit
04-29 17:21:29.580 I/art     ( 1323): Explicit concurrent mark sweep GC freed 1577(65KB) AllocSpace objects, 3(132KB) LOS objects, 39% free, 6MB/10MB, paused 320us total 34.919ms
04-29 17:21:29.584 I/Zygote  ( 1323): Accepting command socket connections
04-29 17:21:29.632 I/Zygote  ( 1811): Process: zygote socket opened, supported ABIS: x86
04-29 17:21:29.637 I/InstallerConnection( 1811): connecting...
04-29 17:21:29.642 I/        ( 1327): new connection
04-29 17:21:30.511 I/InstallerConnection( 1811): disconnecting...
04-29 17:21:30.512 E/        ( 1327): eof
04-29 17:21:30.512 E/        ( 1327): failed to read size
04-29 17:21:30.512 I/        ( 1327): closing connection
04-29 17:21:32.118 I/SystemServer( 1811): Entered the Android system server!
04-29 17:21:34.458 I/SystemServiceManager( 1811): Starting com.android.server.pm.Installer
04-29 17:21:34.652 I/Installer( 1811): Waiting for installd to be ready.
04-29 17:21:34.652 I/InstallerConnection( 1811): connecting...
04-29 17:21:34.654 I/        ( 1327): new connection
04-29 17:21:34.655 I/SystemServiceManager( 1811): Starting com.android.server.am.ActivityManagerService$Lifecycle
04-29 17:21:35.206 I/ActivityManager( 1811): Memory class: 256
04-29 17:21:35.241 I/ServiceThread( 1811): Enabled StrictMode logging for ActivityManager looper.
04-29 17:21:35.284 I/ServiceThread( 1811): Enabled StrictMode logging for android.ui looper.
04-29 17:21:35.554 D/BatteryStatsImpl( 1811): Reading daily items from /data/system/batterystats-daily.xml
04-29 17:21:37.021 W/ProcessCpuTracker( 1811): Skipping unknown process pid 1851
04-29 17:21:37.212 I/IntentFirewall( 1811): Read new rules (A:0 B:0 S:0)
04-29 17:21:37.501 I/ServiceThread( 1811): Enabled StrictMode logging for android.display looper.
04-29 17:21:37.553 D/AppOps  ( 1811): AppOpsService published
04-29 17:21:37.611 I/SystemServiceManager( 1811): Starting com.android.server.power.PowerManagerService
04-29 17:21:37.731 I/ServiceThread( 1811): Enabled StrictMode logging for PowerManagerService looper.
04-29 17:21:37.743 E/PowerManagerService-JNI( 1811): Couldn't load power module (No such file or directory)
04-29 17:21:37.744 W/libsuspend( 1811): Error writing 'on' to /sys/power/state: Invalid argument
04-29 17:21:37.745 I/libsuspend( 1811): Selected wakeup count
04-29 17:21:37.853 I/SystemServiceManager( 1811): Starting com.android.server.lights.LightsService
04-29 17:21:38.000 I/SystemServiceManager( 1811): Starting com.android.server.display.DisplayManagerService
04-29 17:21:38.058 I/SystemServiceManager( 1811): Starting phase 100
04-29 17:21:38.191 E/SurfaceFlinger( 1319): ro.sf.lcd_density must be defined as a build property
04-29 17:21:38.271 I/DisplayManagerService( 1811): Display device added: DisplayDeviceInfo{"Built-in Screen": uniqueId="local:0", 1080 x 1920, modeId 1, defaultModeId 1, supportedModes [{id=1, width=1080, height=1920, fps=60.000004}], colorMode 0, supportedColorModes [0], HdrCapabilities android.view.Display$HdrCapabilities@a69d6308, density 480, 480.0 x 480.0 dpi, appVsyncOff 1000000, presDeadline 16666666, touch INTERNAL, rotation 0, type BUILT_IN, state UNKNOWN, FLAG_DEFAULT_DISPLAY, FLAG_ROTATES_WITH_CONTENT, FLAG_SECURE, FLAG_SUPPORTS_PROTECTED_BUFFERS}
04-29 17:21:38.289 D/SurfaceFlinger( 1319): Set power mode=2, type=0 flinger=0x782bf8c47000
04-29 17:21:38.289 D/SurfaceFlinger( 1319): Screen type=0 is already mode=2
04-29 17:21:38.303 I/DisplayManagerService( 1811): Display device changed state: "Built-in Screen", ON
04-29 17:21:38.310 I/SystemServer( 1811): StartPackageManagerService
04-29 17:21:38.908 W/SystemConfig( 1811): No directory /system/etc/sysconfig, skipping
04-29 17:21:39.361 D/SELinuxMMAC( 1811): Using policy file /system/etc/security/mac_permissions.xml
04-29 17:21:41.113 E/art     ( 1811): DexFile_getDexOptNeeded file '/system/framework/org.apache.http.legacy.jar' does not exist
04-29 17:21:41.115 W/PackageManager( 1811): Library not found: /system/framework/org.apache.http.legacy.jar
04-29 17:21:41.524 E/art     ( 1811): DexFile_getDexOptNeeded file '/system/framework/org.apache.http.legacy.jar' does not exist
04-29 17:21:41.525 W/PackageManager( 1811): Library not found: /system/framework/org.apache.http.legacy.jar
04-29 17:21:41.571 D/PackageManager( 1811): No files in app dir /vendor/overlay
04-29 17:21:42.772 W/PackageManager( 1811): Failed to parse /system/framework/oat: Missing base APK in /system/framework/oat
04-29 17:21:42.776 W/PackageManager( 1811): Failed to parse /system/framework/x86: Missing base APK in /system/framework/x86
04-29 17:21:42.777 W/PackageManager( 1811): Failed to parse /system/framework/x86_64: Missing base APK in /system/framework/x86_64
04-29 17:21:44.592 W/PackageParser( 1811): No actions in intent filter at /system/priv-app/Contacts/Contacts.apk Binary XML file line #409
04-29 17:21:45.828 W/PackageParser( 1811): No actions in intent filter at /system/priv-app/Dialer/Dialer.apk Binary XML file line #186
04-29 17:21:46.323 W/PackageManager( 1811): Permission android.permission.DOWNLOAD_WITHOUT_NOTIFICATION from package com.android.providers.downloads in an unknown group android.permission-group.NETWORK
04-29 17:21:50.185 W/PackageParser( 1811): Ignoring duplicate uses-permissions/uses-permissions-sdk-m: android.permission.USE_CREDENTIALS in package: com.android.settings at: Binary XML file line #53
04-29 17:21:50.186 W/PackageParser( 1811): Ignoring duplicate uses-permissions/uses-permissions-sdk-m: android.permission.READ_SYNC_SETTINGS in package: com.android.settings at: Binary XML file line #58
04-29 17:21:50.186 W/PackageParser( 1811): Ignoring duplicate uses-permissions/uses-permissions-sdk-m: android.permission.WRITE_SYNC_SETTINGS in package: com.android.settings at: Binary XML file line #59
04-29 17:21:51.767 W/PackageParser( 1811): Ignoring duplicate uses-permissions/uses-permissions-sdk-m: android.permission.INSTALL_GRANT_RUNTIME_PERMISSIONS in package: com.android.shell at: Binary XML file line #102
04-29 17:21:53.398 W/PackageParser( 1811): Ignoring duplicate uses-permissions/uses-permissions-sdk-m: android.permission.CONFIGURE_WIFI_DISPLAY in package: com.android.systemui at: Binary XML file line #123
04-29 17:21:54.343 I/art     ( 1811): Background sticky concurrent mark sweep GC freed 33293(2MB) AllocSpace objects, 20(416KB) LOS objects, 31% free, 6MB/10MB, paused 1.677ms total 117.288ms
04-29 17:21:55.573 W/PackageManager( 1811): Non-privileged app; cap priority to 0; package: com.android.calendar activity: com.android.calendar.GoogleCalendarUriIntentFilter origPrio: 50
04-29 17:21:56.043 W/PackageManager( 1811): Non-privileged app; cap priority to 0; package: com.android.cts.ctsshim activity: com.android.cts.ctsshim.InstallPriority origPrio: 100
04-29 17:21:56.043 W/PackageManager( 1811): Non-privileged app; cap priority to 0; package: com.android.cts.ctsshim activity: com.android.cts.ctsshim.InstallPriority origPrio: 100
04-29 17:21:56.043 W/PackageManager( 1811): Non-privileged app; cap priority to 0; package: com.android.cts.ctsshim activity: com.android.cts.ctsshim.InstallPriority origPrio: 100
04-29 17:21:56.043 W/PackageManager( 1811): Non-privileged app; cap priority to 0; package: com.android.cts.ctsshim activity: com.android.cts.ctsshim.InstallPriority origPrio: 100
04-29 17:21:56.044 W/PackageManager( 1811): Non-privileged app; cap priority to 0; package: com.android.cts.ctsshim activity: com.android.cts.ctsshim.InstallPriority origPrio: 100
04-29 17:21:57.732 W/PackageParser( 1811): Ignoring duplicate uses-permissions/uses-permissions-sdk-m: android.permission.WRITE_CONTACTS in package: com.android.email at: Binary XML file line #40
04-29 17:21:58.988 W/PackageParser( 1811): Unknown element under <application>: permission at /system/app/Gallery2/Gallery2.apk Binary XML file line #238
04-29 17:21:58.988 W/PackageParser( 1811): Unknown element under <application>: permission at /system/app/Gallery2/Gallery2.apk Binary XML file line #241
04-29 17:22:00.898 W/PackageManager( 1811): Permission com.android.launcher3.permission.READ_SETTINGS from package com.android.launcher3 in an unknown group android.permission-group.SYSTEM_TOOLS
04-29 17:22:00.898 W/PackageManager( 1811): Permission com.android.launcher3.permission.WRITE_SETTINGS from package com.android.launcher3 in an unknown group android.permission-group.SYSTEM_TOOLS
04-29 17:22:00.898 W/PackageManager( 1811): Permission com.android.launcher.permission.INSTALL_SHORTCUT from package com.android.launcher3 in an unknown group android.permission-group.SYSTEM_TOOLS
04-29 17:22:04.493 D/PackageManager( 1811): No files in app dir /system/vendor/app
04-29 17:22:04.494 D/PackageManager( 1811): No files in app dir /oem/app
04-29 17:22:05.508 W/PackageParser( 1811): No actions in intent filter at /data/app/ApiDemos/ApiDemos.apk Binary XML file line #3145
04-29 17:22:05.509 W/PackageParser( 1811): No actions in intent filter at /data/app/ApiDemos/ApiDemos.apk Binary XML file line #3151
04-29 17:22:05.541 W/PackageManager( 1811): Package com.example.android.apis desires unavailable shared library com.example.will.never.exist; ignoring!
04-29 17:22:05.571 I/SELinux ( 1811): SELinux: Loaded file_contexts contexts from /file_contexts.bin.
04-29 17:22:06.147 D/PackageManager( 1811): No files in app dir /data/app-private
04-29 17:22:06.151 D/PackageManager( 1811): No files in app dir /data/app-ephemeral
04-29 17:22:06.158 E/PackageManager( 1811): There should probably be exactly one setup wizard; found 0: matches=[]
04-29 17:22:06.159 W/PackageManager( 1811): Protected action; cap priority to 0; package: com.android.cts.priv.ctsshim activity: com.android.cts.priv.ctsshim.InstallPriority origPrio: 100
04-29 17:22:06.159 W/PackageManager( 1811): Protected action; cap priority to 0; package: com.android.cts.priv.ctsshim activity: com.android.cts.priv.ctsshim.InstallPriority origPrio: 100
04-29 17:22:06.159 W/PackageManager( 1811): Protected action; cap priority to 0; package: com.android.cts.priv.ctsshim activity: com.android.cts.priv.ctsshim.InstallPriority origPrio: 100
04-29 17:22:06.159 W/PackageManager( 1811): Protected action; cap priority to 0; package: com.android.cts.priv.ctsshim activity: com.android.cts.priv.ctsshim.InstallPriority origPrio: 100
04-29 17:22:06.159 W/PackageManager( 1811): Protected action; cap priority to 0; package: com.android.packageinstaller activity: com.android.packageinstaller.PackageInstallerActivity origPrio: 1
04-29 17:22:06.159 W/PackageManager( 1811): Package com.android.camera desires unavailable shared library com.google.android.media.effects; ignoring!
04-29 17:22:06.159 W/PackageManager( 1811): Package com.android.gallery3d desires unavailable shared library com.google.android.media.effects; ignoring!
04-29 17:22:06.159 W/PackageManager( 1811): Package com.android.gallery3d desires unavailable shared library com.google.android.media.effects; ignoring!
04-29 17:22:06.159 W/PackageManager( 1811): Package com.example.android.apis desires unavailable shared library com.example.will.never.exist; ignoring!
04-29 17:22:06.162 I/PackageManager( 1811): Adjusting ABI for com.android.providers.downloads to x86_64 (requirer=com.android.mtp, scannedPackage=null)
04-29 17:22:06.168 I/PackageManager( 1811): Adjusting ABI for com.android.providers.downloads.ui to x86_64 (requirer=com.android.mtp, scannedPackage=null)
04-29 17:22:06.181 I/PackageManager( 1811): Adjusting ABI for com.android.providers.media to x86_64 (requirer=com.android.mtp, scannedPackage=null)
04-29 17:22:06.184 I/PackageManager( 1811): Adjusting ABI for com.android.providers.settings to x86_64 (requirer=android, scannedPackage=null)
04-29 17:22:06.185 I/PackageManager( 1811): Adjusting ABI for com.android.server.telecom to x86_64 (requirer=android, scannedPackage=null)
04-29 17:22:06.187 I/PackageManager( 1811): Adjusting ABI for com.android.settings to x86_64 (requirer=android, scannedPackage=null)
04-29 17:22:06.189 I/PackageManager( 1811): Adjusting ABI for com.android.wallpaperbackup to x86_64 (requirer=android, scannedPackage=null)
04-29 17:22:06.211 I/PackageManager( 1811): Adjusting ABI for com.android.location.fused to x86_64 (requirer=android, scannedPackage=null)
04-29 17:22:06.213 I/PackageManager( 1811): Adjusting ABI for com.android.inputdevices to x86_64 (requirer=android, scannedPackage=null)
04-29 17:22:06.215 I/PackageManager( 1811): Adjusting ABI for com.android.keychain to x86_64 (requirer=android, scannedPackage=null)
04-29 17:22:06.302 I/PackageManager( 1811): Time to scan packages: 25.455 seconds
04-29 17:22:06.305 W/PackageManager( 1811): Unknown permission com.google.android.googleapps.permission.GOOGLE_AUTH in package com.android.providers.calendar
04-29 17:22:06.306 W/PackageManager( 1811): Unknown permission com.google.android.googleapps.permission.GOOGLE_AUTH.cl in package com.android.providers.calendar
04-29 17:22:06.307 W/PackageManager( 1811): Not granting permission android.permission.GLOBAL_SEARCH to package com.android.quicksearchbox (protectionLevel=18 flags=0x3808be45)
04-29 17:22:06.308 W/PackageManager( 1811): Not granting permission android.permission.WRITE_EXTERNAL_STORAGE to package gov.nasa.arc.astrobee.android.gs.manager because it was previously installed without
04-29 17:22:06.308 W/PackageManager( 1811): Not granting permission android.permission.READ_EXTERNAL_STORAGE to package gov.nasa.arc.astrobee.android.gs.manager because it was previously installed without
04-29 17:22:06.309 W/PackageManager( 1811): Unknown permission com.android.launcher.permission.READ_SETTINGS in package com.android.launcher3
04-29 17:22:06.309 W/PackageManager( 1811): Unknown permission com.android.launcher.permission.WRITE_SETTINGS in package com.android.launcher3
04-29 17:22:06.309 W/PackageManager( 1811): Not granting permission android.permission.BIND_APPWIDGET to package com.android.launcher3 (protectionLevel=18 flags=0x3c4bbe45)
04-29 17:22:06.309 W/PackageManager( 1811): Unknown permission com.google.android.googleapps.permission.GOOGLE_AUTH.mail in package com.android.calendar
04-29 17:22:06.309 W/PackageManager( 1811): Unknown permission com.google.android.providers.settings.permission.WRITE_GSETTINGS in package com.android.sdksetup
04-29 17:22:06.319 W/PackageManager( 1811): Unknown permission com.google.android.permission.INSTALL_WEARABLE_PACKAGES in package com.android.packageinstaller
04-29 17:22:06.319 W/PackageManager( 1811): Not granting permission android.permission.DELETE_PACKAGES to package com.svox.pico (protectionLevel=18 flags=0x3808be45)
04-29 17:22:06.319 W/PackageManager( 1811): Not granting permission android.permission.READ_CONTACTS to package com.example.android.apis because it was previously installed without
04-29 17:22:06.319 W/PackageManager( 1811): Not granting permission android.permission.WRITE_CONTACTS to package com.example.android.apis because it was previously installed without
04-29 17:22:06.319 W/PackageManager( 1811): Not granting permission android.permission.ACCESS_COARSE_LOCATION to package com.example.android.apis because it was previously installed without
04-29 17:22:06.319 W/PackageManager( 1811): Not granting permission android.permission.WRITE_EXTERNAL_STORAGE to package com.example.android.apis because it was previously installed without
04-29 17:22:06.319 W/PackageManager( 1811): Not granting permission android.permission.SEND_SMS to package com.example.android.apis because it was previously installed without
04-29 17:22:06.319 W/PackageManager( 1811): Not granting permission android.permission.RECEIVE_SMS to package com.example.android.apis because it was previously installed without
04-29 17:22:06.319 W/PackageManager( 1811): Not granting permission android.permission.RECEIVE_MMS to package com.example.android.apis because it was previously installed without
04-29 17:22:06.319 W/PackageManager( 1811): Not granting permission android.permission.READ_SMS to package com.example.android.apis because it was previously installed without
04-29 17:22:06.330 W/PackageManager( 1811): Not granting permission android.permission.READ_PHONE_STATE to package com.example.android.apis because it was previously installed without
04-29 17:22:06.330 W/PackageManager( 1811): Not granting permission android.permission.RECORD_AUDIO to package com.example.android.apis because it was previously installed without
04-29 17:22:06.331 W/PackageManager( 1811): Not granting permission android.permission.CAMERA to package com.example.android.apis because it was previously installed without
04-29 17:22:06.331 W/PackageManager( 1811): Not granting permission android.permission.READ_EXTERNAL_STORAGE to package com.example.android.apis because it was previously installed without
04-29 17:22:06.331 W/PackageManager( 1811): Unknown permission android.permission.RUN_INSTRUMENTATION in package org.chromium.webview_shell
04-29 17:22:06.331 W/PackageManager( 1811): Unknown permission com.google.android.googleapps.permission.GOOGLE_AUTH in package com.android.settings
04-29 17:22:06.332 W/PackageManager( 1811): Unknown permission com.android.launcher.permission.READ_SETTINGS in package com.android.settings
04-29 17:22:06.332 W/PackageManager( 1811): Unknown permission com.android.launcher.permission.WRITE_SETTINGS in package com.android.settings
04-29 17:22:06.332 W/PackageManager( 1811): Unknown permission com.android.smspush.WAPPUSH_MANAGER_BIND in package com.android.phone
04-29 17:22:06.334 W/PackageManager( 1811): Unknown permission com.google.android.googleapps.permission.ACCESS_GOOGLE_PASSWORD in package com.android.development
04-29 17:22:06.334 W/PackageManager( 1811): Unknown permission com.google.android.googleapps.permission.GOOGLE_AUTH in package com.android.development
04-29 17:22:06.334 W/PackageManager( 1811): Unknown permission com.google.android.googleapps.permission.GOOGLE_AUTH.ALL_SERVICES in package com.android.development
04-29 17:22:06.334 W/PackageManager( 1811): Unknown permission com.google.android.googleapps.permission.GOOGLE_AUTH.YouTubeUser in package com.android.development
04-29 17:22:06.334 W/PackageManager( 1811): Not granting permission android.permission.BIND_APPWIDGET to package com.android.widgetpreview (protectionLevel=18 flags=0x3808be44)
04-29 17:22:06.335 V/PackageManager( 1811): reconcileAppsData for null u0 0x3
04-29 17:22:06.452 I/SELinux ( 1327): SELinux: Loaded file_contexts contexts from /file_contexts.bin.
04-29 17:22:11.355 V/PackageManager( 1811): reconcileAppsData finished 81 packages
04-29 17:22:11.764 E/PackageManager( 1811): There should probably be a verifier, but, none were found
04-29 17:22:11.954 W/PackageInstaller( 1811): Abandoning old session first created at 1616675837967
04-29 17:22:11.959 W/PackageInstaller( 1811): Deleting orphan stage /data/app/vmdl1539828231.tmp
04-29 17:22:12.025 D/PackageManager( 1811): Ephemeral resolver NOT found; no matching intent filters
04-29 17:22:12.026 I/PackageManager( 1811): Ephemeral deactivated; missing resolver and installer
04-29 17:22:12.029 I/art     ( 1811): Starting a blocking GC Explicit
04-29 17:22:12.042 W/art     ( 1811): Long monitor contention with owner main (1811) at int android.net.LocalSocketImpl.readba_native(byte[], int, int, java.io.FileDescriptor)(LocalSocketImpl.java:-2) waiters=0 in void com.android.server.pm.Settings$RuntimePermissionPersistence.writePermissionsSync(int) for 5.239s
04-29 17:22:12.310 I/art     ( 1811): Explicit concurrent mark sweep GC freed 38047(2MB) AllocSpace objects, 4(80KB) LOS objects, 33% free, 7MB/10MB, paused 1.644ms total 215.935ms
04-29 17:22:12.353 I/SystemServer( 1811): StartOtaDexOptService
04-29 17:22:12.384 I/SystemServer( 1811): StartUserManagerService
04-29 17:22:12.385 I/SystemServiceManager( 1811): Starting com.android.server.pm.UserManagerService$LifeCycle
04-29 17:22:12.562 I/lowmemorykiller( 1317): ActivityManager connected
04-29 17:22:12.622 D/SensorService( 1811): nuSensorService starting...
04-29 17:22:12.692 D/SensorService( 1811): nuSensorService thread starting...
04-29 17:22:12.695 D/SensorService( 1811): new thread SensorEventAckReceiver
04-29 17:22:12.699 I/SystemServiceManager( 1811): Starting com.android.server.BatteryService
04-29 17:22:12.850 I/SystemServiceManager( 1811): Starting com.android.server.usage.UsageStatsService
04-29 17:22:13.137 I/SystemServiceManager( 1811): Starting com.android.server.webkit.WebViewUpdateService
04-29 17:22:13.233 I/SystemServer( 1811): Reading configuration...
04-29 17:22:13.233 I/SystemServer( 1811): StartSchedulingPolicyService
04-29 17:22:13.237 I/SystemServiceManager( 1811): Starting com.android.server.telecom.TelecomLoaderService
04-29 17:22:13.239 I/SystemServer( 1811): StartTelephonyRegistry
04-29 17:22:13.304 I/SystemServer( 1811): StartEntropyMixer
04-29 17:22:13.317 I/EntropyMixer( 1811): Writing entropy...
04-29 17:22:13.392 I/SystemServer( 1811): Camera Service
04-29 17:22:13.432 I/SystemServiceManager( 1811): Starting com.android.server.camera.CameraService
04-29 17:22:13.445 I/ServiceThread( 1811): Enabled StrictMode logging for CameraService_proxy looper.
04-29 17:22:13.449 I/SystemServer( 1811): StartAccountManagerService
04-29 17:22:13.471 I/SystemServiceManager( 1811): Starting com.android.server.accounts.AccountManagerService$Lifecycle
04-29 17:22:13.535 I/SystemServer( 1811): StartContentService
04-29 17:22:13.540 I/SystemServiceManager( 1811): Starting com.android.server.content.ContentService$Lifecycle
04-29 17:22:13.605 I/SystemServer( 1811): InstallSystemProviders
04-29 17:22:13.749 W/System  ( 1811): ClassLoader referenced unknown path: /system/priv-app/SettingsProvider/lib/x86_64
04-29 17:22:14.129 I/SystemServer( 1811): StartVibratorService
04-29 17:22:14.152 E/VibratorService( 1811): Couldn't load vibrator module (No such file or directory)
04-29 17:22:14.153 W/VibratorService( 1811): Tried to stop vibrating but there is no vibrator device.
04-29 17:22:14.158 I/SystemServer( 1811): StartConsumerIrService
04-29 17:22:14.170 E/ConsumerIrService( 1811): Can't open consumer IR HW Module, error: -2
04-29 17:22:14.182 I/SystemServer( 1811): StartAlarmManagerService
04-29 17:22:14.183 I/SystemServiceManager( 1811): Starting com.android.server.AlarmManagerService
04-29 17:22:14.212 W/AlarmManagerService( 1811): no wall clock RTC found
04-29 17:22:14.214 D/AlarmManagerService( 1811): Kernel timezone updated to 0 minutes west of GMT
04-29 17:22:14.259 I/SystemServer( 1811): InitWatchdog
04-29 17:22:14.267 I/SystemServer( 1811): StartInputManagerService
04-29 17:22:14.272 I/InputManager( 1811): Initializing input manager, mUseDevInputEventForAudioJack=true
04-29 17:22:14.279 I/SystemServer( 1811): StartWindowManagerService
04-29 17:22:14.761 I/WindowManager( 1811): No existing display settings /data/system/display_settings.xml; starting empty
04-29 17:22:15.225 I/SystemServer( 1811): StartVrManagerService
04-29 17:22:15.225 I/SystemServiceManager( 1811): Starting com.android.server.vr.VrManagerService
04-29 17:22:15.232 W/VrManagerService( 1811): init_native: Could not open VR hardware module, error No such file or directory (-2).
04-29 17:22:15.259 I/InputManager( 1811): Starting input manager
04-29 17:22:15.317 I/SystemServer( 1811): No Bluetooth Service (emulator)
04-29 17:22:15.318 I/SystemServer( 1811): ConnectivityMetricsLoggerService
