--------- beginning of main
04-29 17:19:52.930 W/auditd  ( 1265): type=2000 audit(0.0:1): initialized
04-29 17:19:55.560 I/auditd  ( 1265): type=1403 audit(0.0:2): policy loaded auid=4294967295 ses=4294967295
04-29 17:19:55.570 W/auditd  ( 1265): type=1404 audit(0.0:3): enforcing=1 old_enforcing=0 auid=4294967295 ses=4294967295
04-29 17:20:03.590 W/init    (    1): type=1400 audit(0.0:4): avc: denied { write } for name="tracing_on" dev="debugfs" ino=1037 scontext=u:r:init:s0 tcontext=u:object_r:debugfs:s0 tclass=file permissive=0
04-29 17:20:05.788 I/        ( 1267): debuggerd: starting
--------- beginning of system
04-29 17:20:06.127 I/vold    ( 1268): Vold 3.0 (the awakening) firing up
04-29 17:20:06.131 V/vold    ( 1268): Detected support for: ext4 vfat
04-29 17:20:06.433 D/vold    ( 1268): Recognized experimental block major ID 253 as virtio-blk (emulator's virtual SD card device)
04-29 17:20:06.433 V/vold    ( 1268): /system/bin/sgdisk
04-29 17:20:06.433 V/vold    ( 1268):     --android-dump
04-29 17:20:06.434 V/vold    ( 1268):     /dev/block/vold/disk:253,48
04-29 17:20:06.502 D/vold    ( 1268): e4crypt_init_user0
04-29 17:20:06.503 D/vold    ( 1268): e4crypt_prepare_user_storage for volume null, user 0, serial 0, flags 1
04-29 17:20:06.503 D/vold    ( 1268): Preparing: /data/system/users/0
04-29 17:20:06.508 D/vold    ( 1268): Preparing: /data/misc/profiles/cur/0
04-29 17:20:06.510 D/vold    ( 1268): Preparing: /data/misc/profiles/cur/0/foreign-dex
04-29 17:20:06.512 D/vold    ( 1268): Preparing: /data/system_de/0
04-29 17:20:06.513 D/vold    ( 1268): Preparing: /data/misc_de/0
04-29 17:20:06.514 D/vold    ( 1268): Preparing: /data/user_de/0
04-29 17:20:06.515 D/vold    ( 1268): e4crypt_unlock_user_key 0 serial=0 token_present=0
04-29 17:20:06.523 I/vdc     (    1): 200 1269 Command succeeded
04-29 17:20:06.837 I//system/bin/tzdatacheck( 1310): tzdata file /data/misc/zoneinfo/current/tzdata does not exist. No action required.
04-29 17:20:06.927 V/vold    ( 1268): DISK mbr
04-29 17:20:06.927 V/vold    ( 1268): 
04-29 17:20:06.933 W/vold    ( 1268): disk:253,48 has unknown partition table; trying entire device
04-29 17:20:06.934 V/vold    ( 1268): /system/bin/blkid
04-29 17:20:06.934 V/vold    ( 1268):     -c
04-29 17:20:06.934 V/vold    ( 1268):     /dev/null
04-29 17:20:06.934 V/vold    ( 1268):     -s
04-29 17:20:06.934 V/vold    ( 1268):     TYPE
04-29 17:20:06.934 V/vold    ( 1268):     -s
04-29 17:20:06.934 V/vold    ( 1268):     UUID
04-29 17:20:06.934 V/vold    ( 1268):     -s
04-29 17:20:06.934 V/vold    ( 1268):     LABEL
04-29 17:20:06.934 V/vold    ( 1268):     /dev/block/vold/disk:253,48
04-29 17:20:07.370 W/audioserver( 1324): type=1400 audit(0.0:5): avc: denied { getattr } for path="/vendor" dev="rootfs" ino=68 scontext=u:r:audioserver:s0 tcontext=u:object_r:rootfs:s0 tclass=lnk_file permissive=0
04-29 17:20:07.690 W/mediadrmserver( 1330): type=1400 audit(0.0:6): avc: denied { getattr } for path="/vendor" dev="rootfs" ino=68 scontext=u:r:mediadrmserver:s0 tcontext=u:object_r:rootfs:s0 tclass=lnk_file permissive=0
04-29 17:20:07.860 W/mediacodec( 1329): type=1400 audit(0.0:7): avc: denied { getattr } for path="/vendor" dev="rootfs" ino=68 scontext=u:r:mediacodec:s0 tcontext=u:object_r:rootfs:s0 tclass=lnk_file permissive=0
04-29 17:20:08.010 W/cameraserver( 1325): type=1400 audit(0.0:8): avc: denied { getattr } for path="/vendor" dev="rootfs" ino=68 scontext=u:r:cameraserver:s0 tcontext=u:object_r:rootfs:s0 tclass=lnk_file permissive=0
04-29 17:20:08.085 V/vold    ( 1268): /dev/block/vold/disk:253,48: LABEL="SDCARD" UUID="1EFF-1C1B" TYPE="vfat" 
04-29 17:20:08.086 V/vold    ( 1268): 
04-29 17:20:08.261 I/qemu-props( 1316): connected to 'boot-properties' qemud service.
04-29 17:20:08.261 I/qemu-props( 1316): receiving..
04-29 17:20:08.262 I/qemu-props( 1316): received: qemu.cmdline=androidboot.logcat=v:* androidboot.consolepipe=qemu_pipe,pipe:logcat
04-29 17:20:08.273 I/lowmemorykiller( 1317): Using in-kernel low memory killer interface
04-29 17:20:08.365 I/qemu-props( 1316): receiving..
04-29 17:20:08.365 I/qemu-props( 1316): received: qemu.logcat=start
04-29 17:20:08.431 I/qemu-props( 1316): receiving..
04-29 17:20:08.431 I/qemu-props( 1316): received: ro.opengles.version=131072
04-29 17:20:08.433 I/qemu-props( 1316): receiving..
04-29 17:20:08.433 I/qemu-props( 1316): received: qemu.sf.fake_camera=back
04-29 17:20:08.434 I/qemu-props( 1316): receiving..
04-29 17:20:08.434 I/qemu-props( 1316): received: dalvik.vm.heapsize=256m
04-29 17:20:08.435 I/qemu-props( 1316): receiving..
04-29 17:20:08.435 I/qemu-props( 1316): received: qemu.hw.mainkeys=0
04-29 17:20:08.436 I/qemu-props( 1316): receiving..
04-29 17:20:08.436 I/qemu-props( 1316): received: qemu.sf.lcd_density=480
04-29 17:20:08.441 I/qemu-props( 1316): receiving..
04-29 17:20:08.441 I/qemu-props( 1316): received: qemu.timezone=Etc/UTC
04-29 17:20:08.448 I/qemu-props( 1316): receiving..
04-29 17:20:08.449 I/qemu-props( 1316): exiting (8 properties set).
04-29 17:20:08.643 I/        ( 1327): installd firing up
04-29 17:20:08.863 I/fingerprintd( 1339): Starting fingerprintd
04-29 17:20:09.358 I/        ( 1266): debuggerd: starting
04-29 17:20:09.988 I/perfprofd( 1343): starting Android Wide Profiling daemon
04-29 17:20:09.994 E/perfprofd( 1343): unable to open configuration file /data/data/com.google.android.gms/files/perfprofd.conf
04-29 17:20:09.997 I/perfprofd( 1343): random seed set to 3907780168
04-29 17:20:10.214 I/keystore( 1328): Found keymaster0 module Keymaster OpenSSL HAL, version 2
04-29 17:20:10.214 I/SoftKeymaster( 1328): system/keymaster/soft_keymaster_device.cpp, Line 131: Creating device
04-29 17:20:10.214 D/SoftKeymaster( 1328): system/keymaster/soft_keymaster_device.cpp, Line 132: Device address: 0x71f7aa03d000
04-29 17:20:10.215 I/keystore( 1328): Keymaster0 module is software-only.  Using SoftKeymasterDevice instead.
04-29 17:20:10.215 I/SoftKeymaster( 1328): system/keymaster/soft_keymaster_device.cpp, Line 131: Creating device
04-29 17:20:10.215 D/SoftKeymaster( 1328): system/keymaster/soft_keymaster_device.cpp, Line 132: Device address: 0x71f7aa03d400
04-29 17:20:10.409 I/gatekeeperd( 1342): Starting gatekeeperd...
04-29 17:20:10.418 W/gatekeeperd( 1342): falling back to software GateKeeper
04-29 17:20:10.616 I/Netd    ( 1336): Netd 1.0 starting
04-29 17:20:10.695 D/TetherController( 1336): Setting IP forward enable = 0
04-29 17:20:12.926 I/mediacodec( 1329): @@@ mediacodecservice starting
04-29 17:20:13.046 W/        ( 1329): No seccomp filter defined for this architecture.
04-29 17:20:13.826 I/SurfaceFlinger( 1319): SurfaceFlinger is starting
04-29 17:20:13.879 I/SurfaceFlinger( 1319): SurfaceFlinger's main thread ready to run. Initializing graphics H/W...
04-29 17:20:13.892 D/libEGL  ( 1319): Emulator without GPU support detected. Fallback to legacy software renderer, qemu.gles is set to 0.
04-29 17:20:14.047 V/MediaUtils( 1331): physMem: 1043894272
04-29 17:20:14.047 V/MediaUtils( 1331): requested limit: 208778840
04-29 17:20:14.047 V/MediaUtils( 1331): actual limit: 208778840
04-29 17:20:14.048 V/MediaUtils( 1331): original limits: 4294967295/4294967295
04-29 17:20:14.048 V/MediaUtils( 1331): new limits: 208778840/4294967295
04-29 17:20:14.128 D/libEGL  ( 1319): loaded /system/lib64/egl/libGLES_android.so
04-29 17:20:14.258 I/mediaserver( 1330): ServiceManager: 0xe88bc0a0
04-29 17:20:14.311 W//system/bin/mediaextractor( 1331): libminijail: allowing syscall: socketcall
04-29 17:20:14.311 W//system/bin/mediaextractor( 1331): libminijail: allowing syscall: writev
04-29 17:20:14.311 W//system/bin/mediaextractor( 1331): libminijail: allowing syscall: fcntl64
04-29 17:20:14.311 W//system/bin/mediaextractor( 1331): libminijail: allowing syscall: clock_gettime
04-29 17:20:14.322 W//system/bin/mediaextractor( 1331): libminijail: logging seccomp filter failures
04-29 17:20:14.611 I/cameraserver( 1325): ServiceManager: 0xf3d3c020
04-29 17:20:14.660 I/CameraService( 1325): CameraService started (pid=1325)
04-29 17:20:14.661 I/CameraService( 1325): CameraService process starting
04-29 17:20:14.662 W/BatteryNotifier( 1325): batterystats service unavailable!
04-29 17:20:14.663 W/BatteryNotifier( 1325): batterystats service unavailable!
04-29 17:20:14.734 I/        ( 1324): sMaxFastTracks = 8
04-29 17:20:14.771 I/audioserver( 1324): ServiceManager: 0xf1f3c020
04-29 17:20:14.790 W/BatteryNotifier( 1324): batterystats service unavailable!
04-29 17:20:14.791 I/AudioFlinger( 1324): Using default 3000 mSec as standby time.
04-29 17:20:14.823 I/AudioPolicyService( 1324): AudioPolicyService CSTOR in new mode
04-29 17:20:14.892 D/EmulatedCamera_QemuClient( 1325): Emulated camera list: 
04-29 17:20:14.953 D/EmulatedCamera_FakeCamera( 1325): Initialize: Fake camera is facing back
04-29 17:20:14.955 V/EmulatedCamera_Device( 1325): initializeWhiteBalanceModes with auto, 1.000000, 1.000000
04-29 17:20:14.956 V/EmulatedCamera_Device( 1325): initializeWhiteBalanceModes with incandescent, 1.380000, 0.600000
04-29 17:20:14.956 V/EmulatedCamera_Device( 1325): initializeWhiteBalanceModes with daylight, 1.090000, 0.920000
04-29 17:20:14.956 V/EmulatedCamera_Device( 1325): initializeWhiteBalanceModes with twilight, 0.920000, 1.220000
04-29 17:20:14.956 V/EmulatedCamera_Device( 1325): setWhiteBalanceMode with white balance auto
04-29 17:20:14.957 E/EmulatedCamera_Factory( 1325): 1 cameras are being emulated. 0 of them are fake cameras.
04-29 17:20:14.957 E/EmulatedCamera_HotplugThread( 1325): createFileIfNotExists: Could not create file '/data/misc/media/emulator.camera.hotplug.0', error: 'Permission denied' (13)
04-29 17:20:14.977 I/APM::ConfigParsingUtils( 1324): loadAudioPolicyConfig() loaded /system/etc/audio_policy.conf
04-29 17:20:15.052 I/CameraService( 1325): Loaded "Emulated Camera Module" camera module
04-29 17:20:15.052 E/CameraService( 1325): setUpVendorTags: Vendor tag operations not fully defined. Ignoring definitions.
04-29 17:20:15.053 V/EmulatedCamera_Camera( 1325): getCameraInfo
04-29 17:20:15.053 V/EmulatedCamera_BaseCamera( 1325): getCameraInfo
04-29 17:20:15.094 I/CameraFlashlight( 1325): Opening camera 0
04-29 17:20:15.095 V/EmulatedCamera_Camera( 1325): getCameraInfo
04-29 17:20:15.095 V/EmulatedCamera_BaseCamera( 1325): getCameraInfo
04-29 17:20:15.095 V/EmulatedCamera_Camera( 1325): connectCamera
04-29 17:20:15.095 V/EmulatedCamera_FakeDevice( 1325): connectDevice
04-29 17:20:15.095 V/EmulatedCamera_CallbackNotifier( 1325): setCallbacks: 0xf41cfe80, 0xf41cfed0, 0xf41cfff0, 0xf41d0110 (0xf3d43140)
04-29 17:20:15.132 I/ServiceManager( 1325): Waiting for service SurfaceFlinger...
04-29 17:20:15.143 D/audio_hw_generic( 1324): Emulator host-side ALSA audio emulation detected.
04-29 17:20:15.145 D/audio_hw_generic( 1324): mixer 0 name Master Playback Volume
04-29 17:20:15.145 D/audio_hw_generic( 1324): set ctl 0 to 100
04-29 17:20:15.146 D/audio_hw_generic( 1324): set ctl 1 to 100
04-29 17:20:15.146 D/audio_hw_generic( 1324): mixer 1 name Master Playback Switch
04-29 17:20:15.146 D/audio_hw_generic( 1324): set ctl 0 to 1
04-29 17:20:15.146 D/audio_hw_generic( 1324): set ctl 1 to 1
04-29 17:20:15.147 D/audio_hw_generic( 1324): mixer 2 name Capture Volume
04-29 17:20:15.147 D/audio_hw_generic( 1324): set ctl 0 to 100
04-29 17:20:15.147 D/audio_hw_generic( 1324): set ctl 1 to 100
04-29 17:20:15.147 D/audio_hw_generic( 1324): mixer 3 name Capture Switch
04-29 17:20:15.147 D/audio_hw_generic( 1324): set ctl 0 to 1
04-29 17:20:15.147 D/audio_hw_generic( 1324): set ctl 1 to 1
04-29 17:20:15.147 D/audio_hw_generic( 1324): mixer 4 name Line Phantom Jack
04-29 17:20:15.147 D/audio_hw_generic( 1324): mixer 5 name Line Out Phantom Jack
04-29 17:20:15.147 D/audio_hw_generic( 1324): mixer 6 name Playback Channel Map
04-29 17:20:15.147 D/audio_hw_generic( 1324): mixer 7 name Capture Channel Map
04-29 17:20:15.147 I/AudioFlinger( 1324): loadHwModule() Loaded primary audio interface from Generic audio HW HAL (audio) handle 10
04-29 17:20:15.148 I/AudioFlinger( 1324): openOutput(), module 10 Device 2, SamplingRate 48000, Format 0x000001, Channels 3, flags 2
04-29 17:20:15.183 I/AudioFlinger( 1324): HAL output buffer size 720 frames, normal sink buffer size 1152 frames
04-29 17:20:15.455 I/mediaserver( 1335): ServiceManager: 0xee43c0a0
04-29 17:20:15.488 W/BatteryNotifier( 1335): batterystats service unavailable!
04-29 17:20:15.495 I/BufferProvider( 1324): found effect "Multichannel Downmix To Stereo" from The Android Open Source Project
04-29 17:20:15.530 I/AudioFlinger( 1324): Using module 10 has the primary audio interface
04-29 17:20:15.584 I/AudioFlinger( 1324): AudioFlinger's thread 0xf19831c0 ready to run
04-29 17:20:15.588 W/BatteryNotifier( 1324): batterystats service unavailable!
04-29 17:20:15.600 W/BatteryNotifier( 1324): batterystats service unavailable!
04-29 17:20:15.605 W/BatteryNotifier( 1324): batterystats service unavailable!
04-29 17:20:15.607 W/AudioFlinger( 1324): no wake lock to update, system not ready yet
04-29 17:20:15.652 D/gralloc_ranchu( 1319): Emulator without host-side GPU emulation detected. Loading gralloc.default.so from /vendor/lib64/hw/gralloc.goldfish.default.so...
04-29 17:20:15.654 D/gralloc_ranchu( 1319): gralloc.default.so not found in /vendor. Trying /system/lib64/hw/gralloc.goldfish.default.so...
04-29 17:20:15.659 I/gralloc ( 1319): using (fd=11)
04-29 17:20:15.659 I/gralloc ( 1319): id           = 
04-29 17:20:15.659 I/gralloc ( 1319): xres         = 1080 px
04-29 17:20:15.659 I/gralloc ( 1319): yres         = 1920 px
04-29 17:20:15.659 I/gralloc ( 1319): xres_virtual = 1080 px
04-29 17:20:15.659 I/gralloc ( 1319): yres_virtual = 3840 px
04-29 17:20:15.659 I/gralloc ( 1319): bpp          = 16
04-29 17:20:15.659 I/gralloc ( 1319): r            = 11:5
04-29 17:20:15.659 I/gralloc ( 1319): g            =  5:6
04-29 17:20:15.659 I/gralloc ( 1319): b            =  0:5
04-29 17:20:15.669 I/gralloc ( 1319): width        = 166 mm (165.253006 dpi)
04-29 17:20:15.669 I/gralloc ( 1319): height       = 296 mm (164.756760 dpi)
04-29 17:20:15.669 I/gralloc ( 1319): refresh rate = 60.00 Hz
04-29 17:20:15.679 E/SurfaceFlinger( 1319): hwcomposer module not found
04-29 17:20:15.700 I/AudioFlinger( 1324): AudioFlinger's thread 0xf1483ac0 ready to run
04-29 17:20:15.701 W/BatteryNotifier( 1324): batterystats service unavailable!
04-29 17:20:15.702 W/BatteryNotifier( 1324): batterystats service unavailable!
04-29 17:20:15.712 W/SurfaceFlinger( 1319): no suitable EGLConfig found, trying a simpler query
04-29 17:20:15.712 W/SurfaceFlinger( 1319): EGL_SLOW_CONFIG selected!
04-29 17:20:15.712 I/SurfaceFlinger( 1319): EGL information:
04-29 17:20:15.712 I/SurfaceFlinger( 1319): vendor    : Android
04-29 17:20:15.712 I/SurfaceFlinger( 1319): version   : 1.4 Android META-EGL
04-29 17:20:15.712 I/SurfaceFlinger( 1319): extensions: EGL_KHR_get_all_proc_addresses EGL_ANDROID_presentation_time EGL_KHR_swap_buffers_with_damage EGL_ANDROID_create_native_client_buffer EGL_ANDROID_front_buffer_auto_refresh EGL_KHR_image_base EGL_KHR_fence_sync EGL_ANDROID_image_native_buffer 
04-29 17:20:15.712 I/SurfaceFlinger( 1319): Client API: OpenGL_ES
04-29 17:20:15.712 I/SurfaceFlinger( 1319): EGLSurface: 5-6-5-0, config=0x0
04-29 17:20:15.714 W/SurfaceFlinger( 1319): no suitable EGLConfig found, trying a simpler query
04-29 17:20:15.714 W/SurfaceFlinger( 1319): EGL_SLOW_CONFIG selected!
04-29 17:20:15.714 I/SurfaceFlinger( 1319): EGL information:
04-29 17:20:15.714 I/SurfaceFlinger( 1319): vendor    : Android
04-29 17:20:15.714 I/SurfaceFlinger( 1319): version   : 1.4 Android META-EGL
04-29 17:20:15.714 I/SurfaceFlinger( 1319): extensions: EGL_KHR_get_all_proc_addresses EGL_ANDROID_presentation_time EGL_KHR_swap_buffers_with_damage EGL_ANDROID_create_native_client_buffer EGL_ANDROID_front_buffer_auto_refresh EGL_KHR_image_base EGL_KHR_fence_sync EGL_ANDROID_image_native_buffer 
04-29 17:20:15.714 I/SurfaceFlinger( 1319): Client API: OpenGL_ES
04-29 17:20:15.714 I/SurfaceFlinger( 1319): EGLSurface: 5-6-5-0, config=0x0
04-29 17:20:15.718 I/SurfaceFlinger( 1319): OpenGL ES informations:
04-29 17:20:15.719 I/SurfaceFlinger( 1319): vendor    : Android
04-29 17:20:15.719 I/SurfaceFlinger( 1319): renderer  : Android PixelFlinger 1.4
04-29 17:20:15.719 I/SurfaceFlinger( 1319): version   : OpenGL ES-CM 1.0
04-29 17:20:15.719 I/SurfaceFlinger( 1319): extensions: GL_EXT_debug_marker GL_OES_byte_coordinates GL_OES_fixed_point GL_OES_single_precision GL_OES_read_format GL_OES_compressed_paletted_texture GL_OES_draw_texture GL_OES_matrix_get GL_OES_query_matrix GL_OES_EGL_image GL_OES_EGL_sync GL_OES_compressed_ETC1_RGB8_texture GL_ARB_texture_compression GL_ARB_texture_non_power_of_two GL_ANDROID_user_clip_plane GL_ANDROID_vertex_buffer_object GL_ANDROID_generate_mipmap 
04-29 17:20:15.719 I/SurfaceFlinger( 1319): GL_MAX_TEXTURE_SIZE = 4096
04-29 17:20:15.719 I/SurfaceFlinger( 1319): GL_MAX_VIEWPORT_DIMS = 4096
04-29 17:20:15.741 W/BatteryNotifier( 1324): batterystats service unavailable!
04-29 17:20:15.742 W/BatteryNotifier( 1324): batterystats service unavailable!
04-29 17:20:15.774 W/SurfaceFlinger( 1319): no suitable EGLConfig found, trying a simpler query
04-29 17:20:15.774 W/SurfaceFlinger( 1319): EGL_SLOW_CONFIG selected!
04-29 17:20:15.774 I/SurfaceFlinger( 1319): EGL information:
04-29 17:20:15.774 I/SurfaceFlinger( 1319): vendor    : Android
04-29 17:20:15.774 I/SurfaceFlinger( 1319): version   : 1.4 Android META-EGL
04-29 17:20:15.774 I/SurfaceFlinger( 1319): extensions: EGL_KHR_get_all_proc_addresses EGL_ANDROID_presentation_time EGL_KHR_swap_buffers_with_damage EGL_ANDROID_create_native_client_buffer EGL_ANDROID_front_buffer_auto_refresh EGL_KHR_image_base EGL_KHR_fence_sync EGL_ANDROID_image_native_buffer 
04-29 17:20:15.774 I/SurfaceFlinger( 1319): Client API: OpenGL_ES
04-29 17:20:15.774 I/SurfaceFlinger( 1319): EGLSurface: 5-6-5-0, config=0x0
04-29 17:20:15.808 E/libEGL  ( 1319): called unimplemented OpenGL ES API
04-29 17:20:15.808 E/SurfaceFlinger( 1319): Error while compiling shader: 
04-29 17:20:15.808 E/SurfaceFlinger( 1319): attribute vec4 position;
04-29 17:20:15.808 E/SurfaceFlinger( 1319): uniform mat4 projection;
04-29 17:20:15.808 E/SurfaceFlinger( 1319): uniform mat4 texture;
04-29 17:20:15.808 E/SurfaceFlinger( 1319): void main(void) {
04-29 17:20:15.808 E/SurfaceFlinger( 1319):     gl_Position = projection * position;
04-29 17:20:15.808 E/SurfaceFlinger( 1319): }
04-29 17:20:15.808 E/SurfaceFlinger( 1319): 
04-29 17:20:15.808 E/SurfaceFlinger( 1319): öÿÿÿÿÿÿÿŸ¡2ù+x
04-29 17:20:15.808 E/SurfaceFlinger( 1319): Error while compiling shader: 
04-29 17:20:15.808 E/SurfaceFlinger( 1319): precision mediump float;
04-29 17:20:15.808 E/SurfaceFlinger( 1319): uniform vec4 color;
04-29 17:20:15.808 E/SurfaceFlinger( 1319): void main(void) {
04-29 17:20:15.808 E/SurfaceFlinger( 1319):     gl_FragColor = color;
04-29 17:20:15.808 E/SurfaceFlinger( 1319): }
04-29 17:20:15.808 E/SurfaceFlinger( 1319): 
04-29 17:20:15.808 E/SurfaceFlinger( 1319): öÿÿÿÿÿÿÿŸ¡2ù+x
04-29 17:20:15.808 E/SurfaceFlinger( 1319): Error while linking shaders:
04-29 17:20:15.811 E/SurfaceFlinger( 1319): Error while compiling shader: 
04-29 17:20:15.811 E/SurfaceFlinger( 1319): attribute vec4 position;
04-29 17:20:15.811 E/SurfaceFlinger( 1319): uniform mat4 projection;
04-29 17:20:15.811 E/SurfaceFlinger( 1319): uniform mat4 texture;
04-29 17:20:15.811 E/SurfaceFlinger( 1319): void main(void) {
04-29 17:20:15.811 E/SurfaceFlinger( 1319):     gl_Position = projection * position;
04-29 17:20:15.811 E/SurfaceFlinger( 1319): }
04-29 17:20:15.811 E/SurfaceFlinger( 1319): 
04-29 17:20:15.811 E/SurfaceFlinger( 1319): öÿÿÿÿÿÿÿŸ¡2ù+x
04-29 17:20:15.811 E/SurfaceFlinger( 1319): Error while compiling shader: 
04-29 17:20:15.811 E/SurfaceFlinger( 1319): precision mediump float;
04-29 17:20:15.811 E/SurfaceFlinger( 1319): uniform vec4 color;
04-29 17:20:15.811 E/SurfaceFlinger( 1319): void main(void) {
04-29 17:20:15.811 E/SurfaceFlinger( 1319):     gl_FragColor = color;
04-29 17:20:15.811 E/SurfaceFlinger( 1319): }
04-29 17:20:15.811 E/SurfaceFlinger( 1319): 
04-29 17:20:15.811 E/SurfaceFlinger( 1319): öÿÿÿÿÿÿÿŸ¡2ù+x
04-29 17:20:15.811 E/SurfaceFlinger( 1319): Error while linking shaders:
04-29 17:20:15.811 E/SurfaceFlinger( 1319): Error while compiling shader: 
04-29 17:20:15.811 E/SurfaceFlinger( 1319): attribute vec4 position;
04-29 17:20:15.811 E/SurfaceFlinger( 1319): uniform mat4 projection;
04-29 17:20:15.811 E/SurfaceFlinger( 1319): uniform mat4 texture;
04-29 17:20:15.811 E/SurfaceFlinger( 1319): void main(void) {
04-29 17:20:15.811 E/SurfaceFlinger( 1319):     gl_Position = projection * position;
04-29 17:20:15.811 E/SurfaceFlinger( 1319): }
04-29 17:20:15.811 E/SurfaceFlinger( 1319): 
04-29 17:20:15.811 E/SurfaceFlinger( 1319): öÿÿÿÿÿÿÿŸ¡2ù+x
04-29 17:20:15.811 E/SurfaceFlinger( 1319): Error while compiling shader: 
04-29 17:20:15.811 E/SurfaceFlinger( 1319): precision mediump float;
04-29 17:20:15.811 E/SurfaceFlinger( 1319): uniform vec4 color;
04-29 17:20:15.811 E/SurfaceFlinger( 1319): void main(void) {
04-29 17:20:15.811 E/SurfaceFlinger( 1319):     gl_FragColor = color;
04-29 17:20:15.811 E/SurfaceFlinger( 1319):     gl_FragColor.a = 1.0;
04-29 17:20:15.811 E/SurfaceFlinger( 1319): }
04-29 17:20:15.811 E/SurfaceFlinger( 1319): 
04-29 17:20:15.811 E/SurfaceFlinger( 1319): öÿÿÿÿÿÿÿŸ¡2ù+x
04-29 17:20:15.811 E/SurfaceFlinger( 1319): Error while linking shaders:
04-29 17:20:15.811 E/SurfaceFlinger( 1319): Error while compiling shader: 
04-29 17:20:15.811 E/SurfaceFlinger( 1319): attribute vec4 position;
04-29 17:20:15.811 E/SurfaceFlinger( 1319): uniform mat4 projection;
04-29 17:20:15.811 E/SurfaceFlinger( 1319): uniform mat4 texture;
04-29 17:20:15.811 E/SurfaceFlinger( 1319): void main(void) {
04-29 17:20:15.811 E/SurfaceFlinger( 1319):     gl_Position = projection * position;
04-29 17:20:15.811 E/SurfaceFlinger( 1319): }
04-29 17:20:15.811 E/SurfaceFlinger( 1319): 
04-29 17:20:15.811 E/SurfaceFlinger( 1319): öÿÿÿÿÿÿÿŸ¡2ù+x
04-29 17:20:15.811 E/SurfaceFlinger( 1319): Error while compiling shader: 
04-29 17:20:15.811 E/SurfaceFlinger( 1319): precision mediump float;
04-29 17:20:15.811 E/SurfaceFlinger( 1319): uniform vec4 color;
04-29 17:20:15.811 E/SurfaceFlinger( 1319): void main(void) {
04-29 17:20:15.811 E/SurfaceFlinger( 1319):     gl_FragColor = color;
04-29 17:20:15.811 E/SurfaceFlinger( 1319):     gl_FragColor.a = 1.0;
04-29 17:20:15.811 E/SurfaceFlinger( 1319): }
04-29 17:20:15.811 E/SurfaceFlinger( 1319): 
04-29 17:20:15.811 E/SurfaceFlinger( 1319): öÿÿÿÿÿÿÿŸ¡2ù+x
04-29 17:20:15.811 E/SurfaceFlinger( 1319): Error while linking shaders:
04-29 17:20:15.812 E/SurfaceFlinger( 1319): Error while compiling shader: 
04-29 17:20:15.812 E/SurfaceFlinger( 1319): attribute vec4 position;
04-29 17:20:15.812 E/SurfaceFlinger( 1319): uniform mat4 projection;
04-29 17:20:15.812 E/SurfaceFlinger( 1319): uniform mat4 texture;
04-29 17:20:15.812 E/SurfaceFlinger( 1319): void main(void) {
04-29 17:20:15.812 E/SurfaceFlinger( 1319):     gl_Position = projection * position;
04-29 17:20:15.812 E/SurfaceFlinger( 1319): }
04-29 17:20:15.812 E/SurfaceFlinger( 1319): 
04-29 17:20:15.812 E/SurfaceFlinger( 1319): öÿÿÿÿÿÿÿŸ¡2ù+x
04-29 17:20:15.812 E/SurfaceFlinger( 1319): Error while compiling shader: 
04-29 17:20:15.812 E/SurfaceFlinger( 1319): precision mediump float;
04-29 17:20:15.812 E/SurfaceFlinger( 1319): uniform vec4 color;
04-29 17:20:15.812 E/SurfaceFlinger( 1319): uniform float alphaPlane;
04-29 17:20:15.812 E/SurfaceFlinger( 1319): void main(void) {
04-29 17:20:15.812 E/SurfaceFlinger( 1319):     gl_FragColor = color;
04-29 17:20:15.812 E/SurfaceFlinger( 1319):     gl_FragColor.a *= alphaPlane;
04-29 17:20:15.812 E/SurfaceFlinger( 1319): }
04-29 17:20:15.812 E/SurfaceFlinger( 1319): 
04-29 17:20:15.812 E/SurfaceFlinger( 1319): öÿÿÿÿÿÿÿŸ¡2ù+x
04-29 17:20:15.812 E/SurfaceFlinger( 1319): Error while linking shaders:
04-29 17:20:15.812 E/SurfaceFlinger( 1319): Error while compiling shader: 
04-29 17:20:15.812 E/SurfaceFlinger( 1319): attribute vec4 position;
04-29 17:20:15.812 E/SurfaceFlinger( 1319): uniform mat4 projection;
04-29 17:20:15.812 E/SurfaceFlinger( 1319): uniform mat4 texture;
04-29 17:20:15.812 E/SurfaceFlinger( 1319): void main(void) {
04-29 17:20:15.812 E/SurfaceFlinger( 1319):     gl_Position = projection * position;
04-29 17:20:15.812 E/SurfaceFlinger( 1319): }
04-29 17:20:15.812 E/SurfaceFlinger( 1319): 
04-29 17:20:15.812 E/SurfaceFlinger( 1319): öÿÿÿÿÿÿÿŸ¡2ù+x
04-29 17:20:15.812 E/SurfaceFlinger( 1319): Error while compiling shader: 
04-29 17:20:15.812 E/SurfaceFlinger( 1319): precision mediump float;
04-29 17:20:15.812 E/SurfaceFlinger( 1319): uniform vec4 color;
04-29 17:20:15.812 E/SurfaceFlinger( 1319): uniform float alphaPlane;
04-29 17:20:15.812 E/SurfaceFlinger( 1319): void main(void) {
04-29 17:20:15.812 E/SurfaceFlinger( 1319):     gl_FragColor = color;
04-29 17:20:15.812 E/SurfaceFlinger( 1319):     gl_FragColor *= alphaPlane;
04-29 17:20:15.812 E/SurfaceFlinger( 1319): }
04-29 17:20:15.812 E/SurfaceFlinger( 1319): 
04-29 17:20:15.812 E/SurfaceFlinger( 1319): öÿÿÿÿÿÿÿŸ¡2ù+x
04-29 17:20:15.812 E/SurfaceFlinger( 1319): Error while linking shaders:
04-29 17:20:15.812 E/SurfaceFlinger( 1319): Error while compiling shader: 
04-29 17:20:15.812 E/SurfaceFlinger( 1319): attribute vec4 position;
04-29 17:20:15.812 E/SurfaceFlinger( 1319): uniform mat4 projection;
04-29 17:20:15.812 E/SurfaceFlinger( 1319): uniform mat4 texture;
04-29 17:20:15.812 E/SurfaceFlinger( 1319): void main(void) {
04-29 17:20:15.812 E/SurfaceFlinger( 1319):     gl_Position = projection * position;
04-29 17:20:15.812 E/SurfaceFlinger( 1319): }
04-29 17:20:15.812 E/SurfaceFlinger( 1319): 
04-29 17:20:15.812 E/SurfaceFlinger( 1319): öÿÿÿÿÿÿÿŸ¡2ù+x
04-29 17:20:15.812 E/SurfaceFlinger( 1319): Error while compiling shader: 
04-29 17:20:15.812 E/SurfaceFlinger( 1319): precision mediump float;
04-29 17:20:15.812 E/SurfaceFlinger( 1319): uniform vec4 color;
04-29 17:20:15.812 E/SurfaceFlinger( 1319): uniform float alphaPlane;
04-29 17:20:15.812 E/SurfaceFlinger( 1319): void main(void) {
04-29 17:20:15.812 E/SurfaceFlinger( 1319):     gl_FragColor = color;
04-29 17:20:15.812 E/SurfaceFlinger( 1319):     gl_FragColor.a = 1.0;
04-29 17:20:15.812 E/SurfaceFlinger( 1319):     gl_FragColor.a *= alphaPlane;
04-29 17:20:15.812 E/SurfaceFlinger( 1319): }
04-29 17:20:15.812 E/SurfaceFlinger( 1319): 
04-29 17:20:15.812 E/SurfaceFlinger( 1319): öÿÿÿÿÿÿÿŸ¡2ù+x
04-29 17:20:15.812 E/SurfaceFlinger( 1319): Error while linking shaders:
04-29 17:20:15.812 E/SurfaceFlinger( 1319): Error while compiling shader: 
04-29 17:20:15.812 E/SurfaceFlinger( 1319): attribute vec4 position;
04-29 17:20:15.812 E/SurfaceFlinger( 1319): uniform mat4 projection;
04-29 17:20:15.812 E/SurfaceFlinger( 1319): uniform mat4 texture;
04-29 17:20:15.812 E/SurfaceFlinger( 1319): void main(void) {
04-29 17:20:15.812 E/SurfaceFlinger( 1319):     gl_Position = projection * position;
04-29 17:20:15.812 E/SurfaceFlinger( 1319): }
04-29 17:20:15.812 E/SurfaceFlinger( 1319): 
04-29 17:20:15.812 E/SurfaceFlinger( 1319): öÿÿÿÿÿÿÿŸ¡2ù+x
04-29 17:20:15.812 E/SurfaceFlinger( 1319): Error while compiling shader: 
04-29 17:20:15.812 E/SurfaceFlinger( 1319): precision mediump float;
04-29 17:20:15.812 E/SurfaceFlinger( 1319): uniform vec4 color;
04-29 17:20:15.812 E/SurfaceFlinger( 1319): uniform float alphaPlane;
04-29 17:20:15.812 E/SurfaceFlinger( 1319): void main(void) {
04-29 17:20:15.812 E/SurfaceFlinger( 1319):     gl_FragColor = color;
04-29 17:20:15.812 E/SurfaceFlinger( 1319):     gl_FragColor.a = 1.0;
04-29 17:20:15.812 E/SurfaceFlinger( 1319):     gl_FragColor *= alphaPlane;
04-29 17:20:15.812 E/SurfaceFlinger( 1319): }
04-29 17:20:15.812 E/SurfaceFlinger( 1319): 
04-29 17:20:15.812 E/SurfaceFlinger( 1319): öÿÿÿÿÿÿÿŸ¡2ù+x
04-29 17:20:15.812 E/SurfaceFlinger( 1319): Error while linking shaders:
04-29 17:20:15.812 E/SurfaceFlinger( 1319): Error while compiling shader: 
04-29 17:20:15.812 E/SurfaceFlinger( 1319): attribute vec4 texCoords;
04-29 17:20:15.812 E/SurfaceFlinger( 1319): varying vec2 outTexCoords;
04-29 17:20:15.812 E/SurfaceFlinger( 1319): attribute vec4 position;
04-29 17:20:15.812 E/SurfaceFlinger( 1319): uniform mat4 projection;
04-29 17:20:15.812 E/SurfaceFlinger( 1319): uniform mat4 texture;
04-29 17:20:15.812 E/SurfaceFlinger( 1319): void main(void) {
04-29 17:20:15.812 E/SurfaceFlinger( 1319):     gl_Position = projection * position;
04-29 17:20:15.812 E/SurfaceFlinger( 1319):     outTexCoords = (texture * texCoords).st;
04-29 17:20:15.812 E/SurfaceFlinger( 1319): }
04-29 17:20:15.812 E/SurfaceFlinger( 1319): 
04-29 17:20:15.812 E/SurfaceFlinger( 1319): öÿÿÿÿÿÿÿŸ¡2ù+x
04-29 17:20:15.812 E/SurfaceFlinger( 1319): Error while compiling shader: 
04-29 17:20:15.812 E/SurfaceFlinger( 1319): #extension GL_OES_EGL_image_external : require
04-29 17:20:15.812 E/SurfaceFlinger( 1319): precision mediump float;
04-29 17:20:15.812 E/SurfaceFlinger( 1319): uniform samplerExternalOES sampler;
04-29 17:20:15.812 E/SurfaceFlinger( 1319): varying vec2 outTexCoords;
04-29 17:20:15.812 E/SurfaceFlinger( 1319): void main(void) {
04-29 17:20:15.812 E/SurfaceFlinger( 1319):     gl_FragColor = texture2D(sampler, outTexCoords);
04-29 17:20:15.812 E/SurfaceFlinger( 1319): }
04-29 17:20:15.812 E/SurfaceFlinger( 1319): 
04-29 17:20:15.812 E/SurfaceFlinger( 1319): öÿÿÿÿÿÿÿŸ¡2ù+x
04-29 17:20:15.812 E/SurfaceFlinger( 1319): Error while linking shaders:
04-29 17:20:15.812 E/SurfaceFlinger( 1319): Error while compiling shader: 
04-29 17:20:15.812 E/SurfaceFlinger( 1319): attribute vec4 texCoords;
04-29 17:20:15.812 E/SurfaceFlinger( 1319): varying vec2 outTexCoords;
04-29 17:20:15.812 E/SurfaceFlinger( 1319): attribute vec4 position;
04-29 17:20:15.812 E/SurfaceFlinger( 1319): uniform mat4 projection;
04-29 17:20:15.812 E/SurfaceFlinger( 1319): uniform mat4 texture;
04-29 17:20:15.812 E/SurfaceFlinger( 1319): void main(void) {
04-29 17:20:15.812 E/SurfaceFlinger( 1319):     gl_Position = projection * position;
04-29 17:20:15.812 E/SurfaceFlinger( 1319):     outTexCoords = (texture * texCoords).st;
04-29 17:20:15.812 E/SurfaceFlinger( 1319): }
04-29 17:20:15.812 E/SurfaceFlinger( 1319): 
04-29 17:20:15.812 E/SurfaceFlinger( 1319): öÿÿÿÿÿÿÿŸ¡2ù+x
04-29 17:20:15.812 E/SurfaceFlinger( 1319): Error while compiling shader: 
04-29 17:20:15.812 E/SurfaceFlinger( 1319): #extension GL_OES_EGL_image_external : require
04-29 17:20:15.812 E/SurfaceFlinger( 1319): precision mediump float;
04-29 17:20:15.812 E/SurfaceFlinger( 1319): uniform samplerExternalOES sampler;
04-29 17:20:15.812 E/SurfaceFlinger( 1319): varying vec2 outTexCoords;
04-29 17:20:15.812 E/SurfaceFlinger( 1319): void main(void) {
04-29 17:20:15.812 E/SurfaceFlinger( 1319):     gl_FragColor = texture2D(sampler, outTexCoords);
04-29 17:20:15.812 E/SurfaceFlinger( 1319): }
04-29 17:20:15.812 E/SurfaceFlinger( 1319): 
04-29 17:20:15.812 E/SurfaceFlinger( 1319): öÿÿÿÿÿÿÿŸ¡2ù+x
04-29 17:20:15.812 E/SurfaceFlinger( 1319): Error while linking shaders:
04-29 17:20:15.812 E/SurfaceFlinger( 1319): Error while compiling shader: 
04-29 17:20:15.812 E/SurfaceFlinger( 1319): attribute vec4 texCoords;
04-29 17:20:15.812 E/SurfaceFlinger( 1319): varying vec2 outTexCoords;
04-29 17:20:15.812 E/SurfaceFlinger( 1319): attribute vec4 position;
04-29 17:20:15.812 E/SurfaceFlinger( 1319): uniform mat4 projection;
04-29 17:20:15.812 E/SurfaceFlinger( 1319): uniform mat4 texture;
04-29 17:20:15.812 E/SurfaceFlinger( 1319): void main(void) {
04-29 17:20:15.812 E/SurfaceFlinger( 1319):     gl_Position = projection * position;
04-29 17:20:15.812 E/SurfaceFlinger( 1319):     outTexCoords = (texture * texCoords).st;
04-29 17:20:15.812 E/SurfaceFlinger( 1319): }
04-29 17:20:15.812 E/SurfaceFlinger( 1319): 
04-29 17:20:15.812 E/SurfaceFlinger( 1319): öÿÿÿÿÿÿÿŸ¡2ù+x
04-29 17:20:15.813 E/SurfaceFlinger( 1319): Error while compiling shader: 
04-29 17:20:15.813 E/SurfaceFlinger( 1319): #extension GL_OES_EGL_image_external : require
04-29 17:20:15.813 E/SurfaceFlinger( 1319): precision mediump float;
04-29 17:20:15.813 E/SurfaceFlinger( 1319): uniform samplerExternalOES sampler;
04-29 17:20:15.813 E/SurfaceFlinger( 1319): varying vec2 outTexCoords;
04-29 17:20:15.813 E/SurfaceFlinger( 1319): void main(void) {
04-29 17:20:15.813 E/SurfaceFlinger( 1319):     gl_FragColor = texture2D(sampler, outTexCoords);
04-29 17:20:15.813 E/SurfaceFlinger( 1319):     gl_FragColor.a = 1.0;
04-29 17:20:15.813 E/SurfaceFlinger( 1319): }
04-29 17:20:15.813 E/SurfaceFlinger( 1319): 
04-29 17:20:15.813 E/SurfaceFlinger( 1319): öÿÿÿÿÿÿÿŸ¡2ù+x
04-29 17:20:15.813 E/SurfaceFlinger( 1319): Error while linking shaders:
04-29 17:20:15.813 E/SurfaceFlinger( 1319): Error while compiling shader: 
04-29 17:20:15.813 E/SurfaceFlinger( 1319): attribute vec4 texCoords;
04-29 17:20:15.813 E/SurfaceFlinger( 1319): varying vec2 outTexCoords;
04-29 17:20:15.813 E/SurfaceFlinger( 1319): attribute vec4 position;
04-29 17:20:15.813 E/SurfaceFlinger( 1319): uniform mat4 projection;
04-29 17:20:15.813 E/SurfaceFlinger( 1319): uniform mat4 texture;
04-29 17:20:15.813 E/SurfaceFlinger( 1319): void main(void) {
04-29 17:20:15.813 E/SurfaceFlinger( 1319):     gl_Position = projection * position;
04-29 17:20:15.813 E/SurfaceFlinger( 1319):     outTexCoords = (texture * texCoords).st;
04-29 17:20:15.813 E/SurfaceFlinger( 1319): }
04-29 17:20:15.813 E/SurfaceFlinger( 1319): 
04-29 17:20:15.813 E/SurfaceFlinger( 1319): öÿÿÿÿÿÿÿŸ¡2ù+x
04-29 17:20:15.813 E/SurfaceFlinger( 1319): Error while compiling shader: 
04-29 17:20:15.813 E/SurfaceFlinger( 1319): #extension GL_OES_EGL_image_external : require
04-29 17:20:15.813 E/SurfaceFlinger( 1319): precision mediump float;
04-29 17:20:15.813 E/SurfaceFlinger( 1319): uniform samplerExternalOES sampler;
04-29 17:20:15.813 E/SurfaceFlinger( 1319): varying vec2 outTexCoords;
04-29 17:20:15.813 E/SurfaceFlinger( 1319): void main(void) {
04-29 17:20:15.813 E/SurfaceFlinger( 1319):     gl_FragColor = texture2D(sampler, outTexCoords);
04-29 17:20:15.813 E/SurfaceFlinger( 1319):     gl_FragColor.a = 1.0;
04-29 17:20:15.813 E/SurfaceFlinger( 1319): }
04-29 17:20:15.813 E/SurfaceFlinger( 1319): 
04-29 17:20:15.813 E/SurfaceFlinger( 1319): öÿÿÿÿÿÿÿŸ¡2ù+x
04-29 17:20:15.813 E/SurfaceFlinger( 1319): Error while linking shaders:
04-29 17:20:15.813 E/SurfaceFlinger( 1319): Error while compiling shader: 
04-29 17:20:15.813 E/SurfaceFlinger( 1319): attribute vec4 texCoords;
04-29 17:20:15.813 E/SurfaceFlinger( 1319): varying vec2 outTexCoords;
04-29 17:20:15.813 E/SurfaceFlinger( 1319): attribute vec4 position;
04-29 17:20:15.813 E/SurfaceFlinger( 1319): uniform mat4 projection;
04-29 17:20:15.813 E/SurfaceFlinger( 1319): uniform mat4 texture;
04-29 17:20:15.813 E/SurfaceFlinger( 1319): void main(void) {
04-29 17:20:15.813 E/SurfaceFlinger( 1319):     gl_Position = projection * position;
04-29 17:20:15.813 E/SurfaceFlinger( 1319):     outTexCoords = (texture * texCoords).st;
04-29 17:20:15.813 E/SurfaceFlinger( 1319): }
04-29 17:20:15.813 E/SurfaceFlinger( 1319): 
04-29 17:20:15.813 E/SurfaceFlinger( 1319): öÿÿÿÿÿÿÿŸ¡2ù+x
04-29 17:20:15.813 E/SurfaceFlinger( 1319): Error while compiling shader: 
04-29 17:20:15.813 E/SurfaceFlinger( 1319): #extension GL_OES_EGL_image_external : require
04-29 17:20:15.813 E/SurfaceFlinger( 1319): precision mediump float;
04-29 17:20:15.813 E/SurfaceFlinger( 1319): uniform samplerExternalOES sampler;
04-29 17:20:15.813 E/SurfaceFlinger( 1319): varying vec2 outTexCoords;
04-29 17:20:15.813 E/SurfaceFlinger( 1319): uniform float alphaPlane;
04-29 17:20:15.813 E/SurfaceFlinger( 1319): void main(void) {
04-29 17:20:15.813 E/SurfaceFlinger( 1319):     gl_FragColor = texture2D(sampler, outTexCoords);
04-29 17:20:15.813 E/SurfaceFlinger( 1319):     gl_FragColor.a *= alphaPlane;
04-29 17:20:15.813 E/SurfaceFlinger( 1319): }
04-29 17:20:15.813 E/SurfaceFlinger( 1319): 
04-29 17:20:15.813 E/SurfaceFlinger( 1319): öÿÿÿÿÿÿÿŸ¡2ù+x
04-29 17:20:15.813 E/SurfaceFlinger( 1319): Error while linking shaders:
04-29 17:20:15.813 E/SurfaceFlinger( 1319): Error while compiling shader: 
04-29 17:20:15.813 E/SurfaceFlinger( 1319): attribute vec4 texCoords;
04-29 17:20:15.813 E/SurfaceFlinger( 1319): varying vec2 outTexCoords;
04-29 17:20:15.813 E/SurfaceFlinger( 1319): attribute vec4 position;
04-29 17:20:15.813 E/SurfaceFlinger( 1319): uniform mat4 projection;
04-29 17:20:15.813 E/SurfaceFlinger( 1319): uniform mat4 texture;
04-29 17:20:15.813 E/SurfaceFlinger( 1319): void main(void) {
04-29 17:20:15.813 E/SurfaceFlinger( 1319):     gl_Position = projection * position;
04-29 17:20:15.813 E/SurfaceFlinger( 1319):     outTexCoords = (texture * texCoords).st;
04-29 17:20:15.813 E/SurfaceFlinger( 1319): }
04-29 17:20:15.813 E/SurfaceFlinger( 1319): 
04-29 17:20:15.813 E/SurfaceFlinger( 1319): öÿÿÿÿÿÿÿŸ¡2ù+x
04-29 17:20:15.813 E/SurfaceFlinger( 1319): Error while compiling shader: 
04-29 17:20:15.813 E/SurfaceFlinger( 1319): #extension GL_OES_EGL_image_external : require
04-29 17:20:15.813 E/SurfaceFlinger( 1319): precision mediump float;
04-29 17:20:15.813 E/SurfaceFlinger( 1319): uniform samplerExternalOES sampler;
04-29 17:20:15.813 E/SurfaceFlinger( 1319): varying vec2 outTexCoords;
04-29 17:20:15.813 E/SurfaceFlinger( 1319): uniform float alphaPlane;
04-29 17:20:15.813 E/SurfaceFlinger( 1319): void main(void) {
04-29 17:20:15.813 E/SurfaceFlinger( 1319):     gl_FragColor = texture2D(sampler, outTexCoords);
04-29 17:20:15.813 E/SurfaceFlinger( 1319):     gl_FragColor *= alphaPlane;
04-29 17:20:15.813 E/SurfaceFlinger( 1319): }
04-29 17:20:15.813 E/SurfaceFlinger( 1319): 
04-29 17:20:15.813 E/SurfaceFlinger( 1319): öÿÿÿÿÿÿÿŸ¡2ù+x
04-29 17:20:15.813 E/SurfaceFlinger( 1319): Error while linking shaders:
04-29 17:20:15.813 E/SurfaceFlinger( 1319): Error while compiling shader: 
04-29 17:20:15.813 E/SurfaceFlinger( 1319): attribute vec4 texCoords;
04-29 17:20:15.813 E/SurfaceFlinger( 1319): varying vec2 outTexCoords;
04-29 17:20:15.813 E/SurfaceFlinger( 1319): attribute vec4 position;
04-29 17:20:15.813 E/SurfaceFlinger( 1319): uniform mat4 projection;
04-29 17:20:15.813 E/SurfaceFlinger( 1319): uniform mat4 texture;
04-29 17:20:15.813 E/SurfaceFlinger( 1319): void main(void) {
04-29 17:20:15.813 E/SurfaceFlinger( 1319):     gl_Position = projection * position;
04-29 17:20:15.813 E/SurfaceFlinger( 1319):     outTexCoords = (texture * texCoords).st;
04-29 17:20:15.813 E/SurfaceFlinger( 1319): }
04-29 17:20:15.813 E/SurfaceFlinger( 1319): 
04-29 17:20:15.813 E/SurfaceFlinger( 1319): öÿÿÿÿÿÿÿŸ¡2ù+x
04-29 17:20:15.813 E/SurfaceFlinger( 1319): Error while compiling shader: 
04-29 17:20:15.813 E/SurfaceFlinger( 1319): #extension GL_OES_EGL_image_external : require
04-29 17:20:15.813 E/SurfaceFlinger( 1319): precision mediump float;
04-29 17:20:15.813 E/SurfaceFlinger( 1319): uniform samplerExternalOES sampler;
04-29 17:20:15.813 E/SurfaceFlinger( 1319): varying vec2 outTexCoords;
04-29 17:20:15.813 E/SurfaceFlinger( 1319): uniform float alphaPlane;
04-29 17:20:15.813 E/SurfaceFlinger( 1319): void main(void) {
04-29 17:20:15.813 E/SurfaceFlinger( 1319):     gl_FragColor = texture2D(sampler, outTexCoords);
04-29 17:20:15.813 E/SurfaceFlinger( 1319):     gl_FragColor.a = 1.0;
04-29 17:20:15.813 E/SurfaceFlinger( 1319):     gl_FragColor.a *= alphaPlane;
04-29 17:20:15.813 E/SurfaceFlinger( 1319): }
04-29 17:20:15.813 E/SurfaceFlinger( 1319): 
04-29 17:20:15.813 E/SurfaceFlinger( 1319): öÿÿÿÿÿÿÿŸ¡2ù+x
04-29 17:20:15.813 E/SurfaceFlinger( 1319): Error while linking shaders:
04-29 17:20:15.813 E/SurfaceFlinger( 1319): Error while compiling shader: 
04-29 17:20:15.813 E/SurfaceFlinger( 1319): attribute vec4 texCoords;
04-29 17:20:15.813 E/SurfaceFlinger( 1319): varying vec2 outTexCoords;
04-29 17:20:15.813 E/SurfaceFlinger( 1319): attribute vec4 position;
04-29 17:20:15.813 E/SurfaceFlinger( 1319): uniform mat4 projection;
04-29 17:20:15.813 E/SurfaceFlinger( 1319): uniform mat4 texture;
04-29 17:20:15.813 E/SurfaceFlinger( 1319): void main(void) {
04-29 17:20:15.813 E/SurfaceFlinger( 1319):     gl_Position = projection * position;
04-29 17:20:15.813 E/SurfaceFlinger( 1319):     outTexCoords = (texture * texCoords).st;
04-29 17:20:15.813 E/SurfaceFlinger( 1319): }
04-29 17:20:15.813 E/SurfaceFlinger( 1319): 
04-29 17:20:15.813 E/SurfaceFlinger( 1319): öÿÿÿÿÿÿÿŸ¡2ù+x
04-29 17:20:15.813 E/SurfaceFlinger( 1319): Error while compiling shader: 
04-29 17:20:15.813 E/SurfaceFlinger( 1319): #extension GL_OES_EGL_image_external : require
04-29 17:20:15.813 E/SurfaceFlinger( 1319): precision mediump float;
04-29 17:20:15.813 E/SurfaceFlinger( 1319): uniform samplerExternalOES sampler;
04-29 17:20:15.813 E/SurfaceFlinger( 1319): varying vec2 outTexCoords;
04-29 17:20:15.813 E/SurfaceFlinger( 1319): uniform float alphaPlane;
04-29 17:20:15.813 E/SurfaceFlinger( 1319): void main(void) {
04-29 17:20:15.813 E/SurfaceFlinger( 1319):     gl_FragColor = texture2D(sampler, outTexCoords);
04-29 17:20:15.813 E/SurfaceFlinger( 1319):     gl_FragColor.a = 1.0;
04-29 17:20:15.813 E/SurfaceFlinger( 1319):     gl_FragColor *= alphaPlane;
04-29 17:20:15.813 E/SurfaceFlinger( 1319): }
04-29 17:20:15.813 E/SurfaceFlinger( 1319): 
04-29 17:20:15.813 E/SurfaceFlinger( 1319): öÿÿÿÿÿÿÿŸ¡2ù+x
04-29 17:20:15.813 E/SurfaceFlinger( 1319): Error while linking shaders:
04-29 17:20:15.813 E/SurfaceFlinger( 1319): Error while compiling shader: 
04-29 17:20:15.813 E/SurfaceFlinger( 1319): attribute vec4 texCoords;
04-29 17:20:15.813 E/SurfaceFlinger( 1319): varying vec2 outTexCoords;
04-29 17:20:15.813 E/SurfaceFlinger( 1319): attribute vec4 position;
04-29 17:20:15.813 E/SurfaceFlinger( 1319): uniform mat4 projection;
04-29 17:20:15.813 E/SurfaceFlinger( 1319): uniform mat4 texture;
04-29 17:20:15.813 E/SurfaceFlinger( 1319): void main(void) {
04-29 17:20:15.813 E/SurfaceFlinger( 1319):     gl_Position = projection * position;
04-29 17:20:15.813 E/SurfaceFlinger( 1319):     outTexCoords = (texture * texCoords).st;
04-29 17:20:15.813 E/SurfaceFlinger( 1319): }
04-29 17:20:15.813 E/SurfaceFlinger( 1319): 
04-29 17:20:15.813 E/SurfaceFlinger( 1319): öÿÿÿÿÿÿÿŸ¡2ù+x
04-29 17:20:15.813 E/SurfaceFlinger( 1319): Error while compiling shader: 
04-29 17:20:15.813 E/SurfaceFlinger( 1319): precision mediump float;
04-29 17:20:15.813 E/SurfaceFlinger( 1319): uniform sampler2D sampler;
04-29 17:20:15.813 E/SurfaceFlinger( 1319): varying vec2 outTexCoords;
04-29 17:20:15.813 E/SurfaceFlinger( 1319): void main(void) {
04-29 17:20:15.813 E/SurfaceFlinger( 1319):     gl_FragColor = texture2D(sampler, outTexCoords);
04-29 17:20:15.813 E/SurfaceFlinger( 1319): }
04-29 17:20:15.813 E/SurfaceFlinger( 1319): 
04-29 17:20:15.813 E/SurfaceFlinger( 1319): öÿÿÿÿÿÿÿŸ¡2ù+x
04-29 17:20:15.813 E/SurfaceFlinger( 1319): Error while linking shaders:
04-29 17:20:15.814 E/SurfaceFlinger( 1319): Error while compiling shader: 
04-29 17:20:15.814 E/SurfaceFlinger( 1319): attribute vec4 texCoords;
04-29 17:20:15.814 E/SurfaceFlinger( 1319): varying vec2 outTexCoords;
04-29 17:20:15.814 E/SurfaceFlinger( 1319): attribute vec4 position;
04-29 17:20:15.814 E/SurfaceFlinger( 1319): uniform mat4 projection;
04-29 17:20:15.814 E/SurfaceFlinger( 1319): uniform mat4 texture;
04-29 17:20:15.814 E/SurfaceFlinger( 1319): void main(void) {
04-29 17:20:15.814 E/SurfaceFlinger( 1319):     gl_Position = projection * position;
04-29 17:20:15.814 E/SurfaceFlinger( 1319):     outTexCoords = (texture * texCoords).st;
04-29 17:20:15.814 E/SurfaceFlinger( 1319): }
04-29 17:20:15.814 E/SurfaceFlinger( 1319): 
04-29 17:20:15.814 E/SurfaceFlinger( 1319): öÿÿÿÿÿÿÿŸ¡2ù+x
04-29 17:20:15.814 E/SurfaceFlinger( 1319): Error while compiling shader: 
04-29 17:20:15.814 E/SurfaceFlinger( 1319): precision mediump float;
04-29 17:20:15.814 E/SurfaceFlinger( 1319): uniform sampler2D sampler;
04-29 17:20:15.814 E/SurfaceFlinger( 1319): varying vec2 outTexCoords;
04-29 17:20:15.814 E/SurfaceFlinger( 1319): void main(void) {
04-29 17:20:15.814 E/SurfaceFlinger( 1319):     gl_FragColor = texture2D(sampler, outTexCoords);
04-29 17:20:15.814 E/SurfaceFlinger( 1319): }
04-29 17:20:15.814 E/SurfaceFlinger( 1319): 
04-29 17:20:15.814 E/SurfaceFlinger( 1319): öÿÿÿÿÿÿÿŸ¡2ù+x
04-29 17:20:15.814 E/SurfaceFlinger( 1319): Error while linking shaders:
04-29 17:20:15.814 E/SurfaceFlinger( 1319): Error while compiling shader: 
04-29 17:20:15.814 E/SurfaceFlinger( 1319): attribute vec4 texCoords;
04-29 17:20:15.814 E/SurfaceFlinger( 1319): varying vec2 outTexCoords;
04-29 17:20:15.814 E/SurfaceFlinger( 1319): attribute vec4 position;
04-29 17:20:15.814 E/SurfaceFlinger( 1319): uniform mat4 projection;
04-29 17:20:15.814 E/SurfaceFlinger( 1319): uniform mat4 texture;
04-29 17:20:15.814 E/SurfaceFlinger( 1319): void main(void) {
04-29 17:20:15.814 E/SurfaceFlinger( 1319):     gl_Position = projection * position;
04-29 17:20:15.814 E/SurfaceFlinger( 1319):     outTexCoords = (texture * texCoords).st;
04-29 17:20:15.814 E/SurfaceFlinger( 1319): }
04-29 17:20:15.814 E/SurfaceFlinger( 1319): 
04-29 17:20:15.814 E/SurfaceFlinger( 1319): öÿÿÿÿÿÿÿŸ¡2ù+x
04-29 17:20:15.814 E/SurfaceFlinger( 1319): Error while compiling shader: 
04-29 17:20:15.814 E/SurfaceFlinger( 1319): precision mediump float;
04-29 17:20:15.814 E/SurfaceFlinger( 1319): uniform sampler2D sampler;
04-29 17:20:15.814 E/SurfaceFlinger( 1319): varying vec2 outTexCoords;
04-29 17:20:15.814 E/SurfaceFlinger( 1319): void main(void) {
04-29 17:20:15.814 E/SurfaceFlinger( 1319):     gl_FragColor = texture2D(sampler, outTexCoords);
04-29 17:20:15.814 E/SurfaceFlinger( 1319):     gl_FragColor.a = 1.0;
04-29 17:20:15.814 E/SurfaceFlinger( 1319): }
04-29 17:20:15.814 E/SurfaceFlinger( 1319): 
04-29 17:20:15.814 E/SurfaceFlinger( 1319): öÿÿÿÿÿÿÿŸ¡2ù+x
04-29 17:20:15.814 E/SurfaceFlinger( 1319): Error while linking shaders:
04-29 17:20:15.814 E/SurfaceFlinger( 1319): Error while compiling shader: 
04-29 17:20:15.814 E/SurfaceFlinger( 1319): attribute vec4 texCoords;
04-29 17:20:15.814 E/SurfaceFlinger( 1319): varying vec2 outTexCoords;
04-29 17:20:15.814 E/SurfaceFlinger( 1319): attribute vec4 position;
04-29 17:20:15.814 E/SurfaceFlinger( 1319): uniform mat4 projection;
04-29 17:20:15.814 E/SurfaceFlinger( 1319): uniform mat4 texture;
04-29 17:20:15.814 E/SurfaceFlinger( 1319): void main(void) {
04-29 17:20:15.814 E/SurfaceFlinger( 1319):     gl_Position = projection * position;
04-29 17:20:15.814 E/SurfaceFlinger( 1319):     outTexCoords = (texture * texCoords).st;
04-29 17:20:15.814 E/SurfaceFlinger( 1319): }
04-29 17:20:15.814 E/SurfaceFlinger( 1319): 
04-29 17:20:15.814 E/SurfaceFlinger( 1319): öÿÿÿÿÿÿÿŸ¡2ù+x
04-29 17:20:15.814 E/SurfaceFlinger( 1319): Error while compiling shader: 
04-29 17:20:15.814 E/SurfaceFlinger( 1319): precision mediump float;
04-29 17:20:15.814 E/SurfaceFlinger( 1319): uniform sampler2D sampler;
04-29 17:20:15.814 E/SurfaceFlinger( 1319): varying vec2 outTexCoords;
04-29 17:20:15.814 E/SurfaceFlinger( 1319): void main(void) {
04-29 17:20:15.814 E/SurfaceFlinger( 1319):     gl_FragColor = texture2D(sampler, outTexCoords);
04-29 17:20:15.814 E/SurfaceFlinger( 1319):     gl_FragColor.a = 1.0;
04-29 17:20:15.814 E/SurfaceFlinger( 1319): }
04-29 17:20:15.814 E/SurfaceFlinger( 1319): 
04-29 17:20:15.814 E/SurfaceFlinger( 1319): öÿÿÿÿÿÿÿŸ¡2ù+x
04-29 17:20:15.814 E/SurfaceFlinger( 1319): Error while linking shaders:
04-29 17:20:15.814 E/SurfaceFlinger( 1319): Error while compiling shader: 
04-29 17:20:15.814 E/SurfaceFlinger( 1319): attribute vec4 texCoords;
04-29 17:20:15.814 E/SurfaceFlinger( 1319): varying vec2 outTexCoords;
04-29 17:20:15.814 E/SurfaceFlinger( 1319): attribute vec4 position;
04-29 17:20:15.814 E/SurfaceFlinger( 1319): uniform mat4 projection;
04-29 17:20:15.814 E/SurfaceFlinger( 1319): uniform mat4 texture;
04-29 17:20:15.814 E/SurfaceFlinger( 1319): void main(void) {
04-29 17:20:15.814 E/SurfaceFlinger( 1319):     gl_Position = projection * position;
04-29 17:20:15.814 E/SurfaceFlinger( 1319):     outTexCoords = (texture * texCoords).st;
04-29 17:20:15.814 E/SurfaceFlinger( 1319): }
04-29 17:20:15.814 E/SurfaceFlinger( 1319): 
04-29 17:20:15.814 E/SurfaceFlinger( 1319): öÿÿÿÿÿÿÿŸ¡2ù+x
04-29 17:20:15.814 E/SurfaceFlinger( 1319): Error while compiling shader: 
04-29 17:20:15.814 E/SurfaceFlinger( 1319): precision mediump float;
04-29 17:20:15.814 E/SurfaceFlinger( 1319): uniform sampler2D sampler;
04-29 17:20:15.814 E/SurfaceFlinger( 1319): varying vec2 outTexCoords;
04-29 17:20:15.814 E/SurfaceFlinger( 1319): uniform float alphaPlane;
04-29 17:20:15.814 E/SurfaceFlinger( 1319): void main(void) {
04-29 17:20:15.814 E/SurfaceFlinger( 1319):     gl_FragColor = texture2D(sampler, outTexCoords);
04-29 17:20:15.814 E/SurfaceFlinger( 1319):     gl_FragColor.a *= alphaPlane;
04-29 17:20:15.814 E/SurfaceFlinger( 1319): }
04-29 17:20:15.814 E/SurfaceFlinger( 1319): 
04-29 17:20:15.814 E/SurfaceFlinger( 1319): öÿÿÿÿÿÿÿŸ¡2ù+x
04-29 17:20:15.814 E/SurfaceFlinger( 1319): Error while linking shaders:
04-29 17:20:15.814 E/SurfaceFlinger( 1319): Error while compiling shader: 
04-29 17:20:15.814 E/SurfaceFlinger( 1319): attribute vec4 texCoords;
04-29 17:20:15.814 E/SurfaceFlinger( 1319): varying vec2 outTexCoords;
04-29 17:20:15.814 E/SurfaceFlinger( 1319): attribute vec4 position;
04-29 17:20:15.814 E/SurfaceFlinger( 1319): uniform mat4 projection;
04-29 17:20:15.814 E/SurfaceFlinger( 1319): uniform mat4 texture;
04-29 17:20:15.814 E/SurfaceFlinger( 1319): void main(void) {
04-29 17:20:15.814 E/SurfaceFlinger( 1319):     gl_Position = projection * position;
04-29 17:20:15.814 E/SurfaceFlinger( 1319):     outTexCoords = (texture * texCoords).st;
04-29 17:20:15.814 E/SurfaceFlinger( 1319): }
04-29 17:20:15.814 E/SurfaceFlinger( 1319): 
04-29 17:20:15.814 E/SurfaceFlinger( 1319): öÿÿÿÿÿÿÿŸ¡2ù+x
