--------- beginning of main
04-30 18:50:30.910 W/auditd  ( 1265): type=2000 audit(0.0:1): initialized
04-30 18:50:33.620 I/auditd  ( 1265): type=1403 audit(0.0:2): policy loaded auid=4294967295 ses=4294967295
04-30 18:50:33.630 W/auditd  ( 1265): type=1404 audit(0.0:3): enforcing=1 old_enforcing=0 auid=4294967295 ses=4294967295
04-30 18:50:35.110 W/init    (    1): type=1400 audit(0.0:4): avc: denied { write } for name="tracing_on" dev="debugfs" ino=1037 scontext=u:r:init:s0 tcontext=u:object_r:debugfs:s0 tclass=file permissive=0
04-30 18:50:36.124 I/        ( 1274): debuggerd: starting
04-30 18:50:36.227 I/        ( 1273): debuggerd: starting
--------- beginning of system
04-30 18:50:36.378 I/vold    ( 1275): Vold 3.0 (the awakening) firing up
04-30 18:50:36.381 V/vold    ( 1275): Detected support for: ext4 vfat
04-30 18:50:36.683 D/vold    ( 1275): Recognized experimental block major ID 253 as virtio-blk (emulator's virtual SD card device)
04-30 18:50:36.684 V/vold    ( 1275): /system/bin/sgdisk
04-30 18:50:36.684 V/vold    ( 1275):     --android-dump
04-30 18:50:36.684 V/vold    ( 1275):     /dev/block/vold/disk:253,48
04-30 18:50:36.861 D/vold    ( 1275): e4crypt_init_user0
04-30 18:50:36.862 D/vold    ( 1275): e4crypt_prepare_user_storage for volume null, user 0, serial 0, flags 1
04-30 18:50:36.862 D/vold    ( 1275): Preparing: /data/system/users/0
04-30 18:50:36.870 D/vold    ( 1275): Preparing: /data/misc/profiles/cur/0
04-30 18:50:36.880 D/vold    ( 1275): Preparing: /data/misc/profiles/cur/0/foreign-dex
04-30 18:50:36.881 D/vold    ( 1275): Preparing: /data/system_de/0
04-30 18:50:36.890 D/vold    ( 1275): Preparing: /data/misc_de/0
04-30 18:50:36.894 V/vold    ( 1275): DISK mbr
04-30 18:50:36.894 V/vold    ( 1275): 
04-30 18:50:36.896 D/vold    ( 1275): Preparing: /data/user_de/0
04-30 18:50:36.901 D/vold    ( 1275): e4crypt_unlock_user_key 0 serial=0 token_present=0
04-30 18:50:36.902 W/vold    ( 1275): disk:253,48 has unknown partition table; trying entire device
04-30 18:50:36.903 V/vold    ( 1275): /system/bin/blkid
04-30 18:50:36.903 V/vold    ( 1275):     -c
04-30 18:50:36.903 V/vold    ( 1275):     /dev/null
04-30 18:50:36.903 V/vold    ( 1275):     -s
04-30 18:50:36.903 V/vold    ( 1275):     TYPE
04-30 18:50:36.903 V/vold    ( 1275):     -s
04-30 18:50:36.903 V/vold    ( 1275):     UUID
04-30 18:50:36.903 V/vold    ( 1275):     -s
04-30 18:50:36.903 V/vold    ( 1275):     LABEL
04-30 18:50:36.903 V/vold    ( 1275):     /dev/block/vold/disk:253,48
04-30 18:50:36.926 I/vdc     (    1): 200 1276 Command succeeded
04-30 18:50:37.225 I//system/bin/tzdatacheck( 1312): tzdata file /data/misc/zoneinfo/current/tzdata does not exist. No action required.
04-30 18:50:37.278 V/vold    ( 1275): /dev/block/vold/disk:253,48: LABEL="SDCARD" UUID="1EFF-1C1B" TYPE="vfat" 
04-30 18:50:37.278 V/vold    ( 1275): 
04-30 18:50:37.769 I/qemu-props( 1316): connected to 'boot-properties' qemud service.
04-30 18:50:37.805 I/lowmemorykiller( 1317): Using in-kernel low memory killer interface
04-30 18:50:37.813 I/qemu-props( 1316): receiving..
04-30 18:50:37.813 I/qemu-props( 1316): received: qemu.cmdline=androidboot.logcat=v:* androidboot.consolepipe=qemu_pipe,pipe:logcat
04-30 18:50:37.870 W/audioserver( 1324): type=1400 audit(0.0:5): avc: denied { getattr } for path="/vendor" dev="rootfs" ino=3995 scontext=u:r:audioserver:s0 tcontext=u:object_r:rootfs:s0 tclass=lnk_file permissive=0
04-30 18:50:38.087 I/qemu-props( 1316): receiving..
04-30 18:50:38.087 I/qemu-props( 1316): received: qemu.logcat=start
04-30 18:50:38.352 I/qemu-props( 1316): receiving..
04-30 18:50:38.353 I/qemu-props( 1316): received: ro.opengles.version=131072
04-30 18:50:38.604 I/qemu-props( 1316): receiving..
04-30 18:50:38.605 I/qemu-props( 1316): received: qemu.sf.fake_camera=back
04-30 18:50:38.819 I/qemu-props( 1316): receiving..
04-30 18:50:38.819 I/qemu-props( 1316): received: dalvik.vm.heapsize=256m
04-30 18:50:38.947 I/qemu-props( 1316): receiving..
04-30 18:50:38.947 I/qemu-props( 1316): received: qemu.hw.mainkeys=0
04-30 18:50:38.948 I/qemu-props( 1316): receiving..
04-30 18:50:38.948 I/qemu-props( 1316): received: qemu.sf.lcd_density=480
04-30 18:50:38.949 I/qemu-props( 1316): receiving..
04-30 18:50:38.949 I/qemu-props( 1316): received: qemu.timezone=Etc/UTC
04-30 18:50:39.116 I/        ( 1328): installd firing up
04-30 18:50:39.240 I/qemu-props( 1316): receiving..
04-30 18:50:39.241 I/qemu-props( 1316): exiting (8 properties set).
04-30 18:50:39.348 I/perfprofd( 1362): starting Android Wide Profiling daemon
04-30 18:50:39.442 E/perfprofd( 1362): unable to open configuration file /data/data/com.google.android.gms/files/perfprofd.conf
04-30 18:50:39.445 I/perfprofd( 1362): random seed set to 1611087274
04-30 18:50:39.531 I/keystore( 1329): Found keymaster0 module Keymaster OpenSSL HAL, version 2
04-30 18:50:39.532 I/SoftKeymaster( 1329): system/keymaster/soft_keymaster_device.cpp, Line 131: Creating device
04-30 18:50:39.532 D/SoftKeymaster( 1329): system/keymaster/soft_keymaster_device.cpp, Line 132: Device address: 0x748cd4a3d000
04-30 18:50:39.532 I/keystore( 1329): Keymaster0 module is software-only.  Using SoftKeymasterDevice instead.
04-30 18:50:39.533 I/SoftKeymaster( 1329): system/keymaster/soft_keymaster_device.cpp, Line 131: Creating device
04-30 18:50:39.533 D/SoftKeymaster( 1329): system/keymaster/soft_keymaster_device.cpp, Line 132: Device address: 0x748cd4a3d400
04-30 18:50:40.526 I/Netd    ( 1339): Netd 1.0 starting
04-30 18:50:40.569 D/TetherController( 1339): Setting IP forward enable = 0
04-30 18:50:41.001 I/gatekeeperd( 1350): Starting gatekeeperd...
04-30 18:50:37.970 W/mediacodec( 1330): type=1400 audit(0.0:6): avc: denied { getattr } for path="/vendor" dev="rootfs" ino=3995 scontext=u:r:mediacodec:s0 tcontext=u:object_r:rootfs:s0 tclass=lnk_file permissive=0
04-30 18:50:41.006 W/gatekeeperd( 1350): falling back to software GateKeeper
04-30 18:50:41.413 I/fingerprintd( 1348): Starting fingerprintd
04-30 18:50:42.063 I/SurfaceFlinger( 1319): SurfaceFlinger is starting
04-30 18:50:42.161 I/SurfaceFlinger( 1319): SurfaceFlinger's main thread ready to run. Initializing graphics H/W...
04-30 18:50:42.162 D/libEGL  ( 1319): Emulator without GPU support detected. Fallback to legacy software renderer, qemu.gles is set to 0.
04-30 18:50:42.238 D/libEGL  ( 1319): loaded /system/lib64/egl/libGLES_android.so
04-30 18:50:43.315 D/gralloc_ranchu( 1319): Emulator without host-side GPU emulation detected. Loading gralloc.default.so from /vendor/lib64/hw/gralloc.goldfish.default.so...
04-30 18:50:43.317 D/gralloc_ranchu( 1319): gralloc.default.so not found in /vendor. Trying /system/lib64/hw/gralloc.goldfish.default.so...
04-30 18:50:43.322 I/gralloc ( 1319): using (fd=11)
04-30 18:50:43.322 I/gralloc ( 1319): id           = 
04-30 18:50:43.322 I/gralloc ( 1319): xres         = 1080 px
04-30 18:50:43.322 I/gralloc ( 1319): yres         = 1920 px
04-30 18:50:43.322 I/gralloc ( 1319): xres_virtual = 1080 px
04-30 18:50:43.322 I/gralloc ( 1319): yres_virtual = 3840 px
04-30 18:50:43.322 I/gralloc ( 1319): bpp          = 16
04-30 18:50:43.322 I/gralloc ( 1319): r            = 11:5
04-30 18:50:43.322 I/gralloc ( 1319): g            =  5:6
04-30 18:50:43.322 I/gralloc ( 1319): b            =  0:5
04-30 18:50:43.323 I/gralloc ( 1319): width        = 166 mm (165.253006 dpi)
04-30 18:50:43.323 I/gralloc ( 1319): height       = 296 mm (164.756760 dpi)
04-30 18:50:43.323 I/gralloc ( 1319): refresh rate = 60.00 Hz
04-30 18:50:43.362 E/SurfaceFlinger( 1319): hwcomposer module not found
04-30 18:50:43.364 W/SurfaceFlinger( 1319): no suitable EGLConfig found, trying a simpler query
04-30 18:50:43.365 W/SurfaceFlinger( 1319): EGL_SLOW_CONFIG selected!
04-30 18:50:43.365 I/SurfaceFlinger( 1319): EGL information:
04-30 18:50:43.365 I/SurfaceFlinger( 1319): vendor    : Android
04-30 18:50:43.365 I/SurfaceFlinger( 1319): version   : 1.4 Android META-EGL
04-30 18:50:43.365 I/SurfaceFlinger( 1319): extensions: EGL_KHR_get_all_proc_addresses EGL_ANDROID_presentation_time EGL_KHR_swap_buffers_with_damage EGL_ANDROID_create_native_client_buffer EGL_ANDROID_front_buffer_auto_refresh EGL_KHR_image_base EGL_KHR_fence_sync EGL_ANDROID_image_native_buffer 
04-30 18:50:43.365 I/SurfaceFlinger( 1319): Client API: OpenGL_ES
04-30 18:50:43.365 I/SurfaceFlinger( 1319): EGLSurface: 5-6-5-0, config=0x0
04-30 18:50:43.367 W/SurfaceFlinger( 1319): no suitable EGLConfig found, trying a simpler query
04-30 18:50:43.367 W/SurfaceFlinger( 1319): EGL_SLOW_CONFIG selected!
04-30 18:50:43.367 I/SurfaceFlinger( 1319): EGL information:
04-30 18:50:43.367 I/SurfaceFlinger( 1319): vendor    : Android
04-30 18:50:43.367 I/SurfaceFlinger( 1319): version   : 1.4 Android META-EGL
04-30 18:50:43.367 I/SurfaceFlinger( 1319): extensions: EGL_KHR_get_all_proc_addresses EGL_ANDROID_presentation_time EGL_KHR_swap_buffers_with_damage EGL_ANDROID_create_native_client_buffer EGL_ANDROID_front_buffer_auto_refresh EGL_KHR_image_base EGL_KHR_fence_sync EGL_ANDROID_image_native_buffer 
04-30 18:50:43.367 I/SurfaceFlinger( 1319): Client API: OpenGL_ES
04-30 18:50:43.367 I/SurfaceFlinger( 1319): EGLSurface: 5-6-5-0, config=0x0
04-30 18:50:43.415 I/mediacodec( 1330): @@@ mediacodecservice starting
04-30 18:50:43.462 I/SurfaceFlinger( 1319): OpenGL ES informations:
04-30 18:50:43.462 I/SurfaceFlinger( 1319): vendor    : Android
04-30 18:50:43.462 I/SurfaceFlinger( 1319): renderer  : Android PixelFlinger 1.4
04-30 18:50:43.462 I/SurfaceFlinger( 1319): version   : OpenGL ES-CM 1.0
04-30 18:50:43.462 I/SurfaceFlinger( 1319): extensions: GL_EXT_debug_marker GL_OES_byte_coordinates GL_OES_fixed_point GL_OES_single_precision GL_OES_read_format GL_OES_compressed_paletted_texture GL_OES_draw_texture GL_OES_matrix_get GL_OES_query_matrix GL_OES_EGL_image GL_OES_EGL_sync GL_OES_compressed_ETC1_RGB8_texture GL_ARB_texture_compression GL_ARB_texture_non_power_of_two GL_ANDROID_user_clip_plane GL_ANDROID_vertex_buffer_object GL_ANDROID_generate_mipmap 
04-30 18:50:43.462 I/SurfaceFlinger( 1319): GL_MAX_TEXTURE_SIZE = 4096
04-30 18:50:43.462 I/SurfaceFlinger( 1319): GL_MAX_VIEWPORT_DIMS = 4096
04-30 18:50:43.467 W/SurfaceFlinger( 1319): no suitable EGLConfig found, trying a simpler query
04-30 18:50:43.467 W/SurfaceFlinger( 1319): EGL_SLOW_CONFIG selected!
04-30 18:50:43.467 I/SurfaceFlinger( 1319): EGL information:
04-30 18:50:43.467 I/SurfaceFlinger( 1319): vendor    : Android
04-30 18:50:43.467 I/SurfaceFlinger( 1319): version   : 1.4 Android META-EGL
04-30 18:50:43.467 I/SurfaceFlinger( 1319): extensions: EGL_KHR_get_all_proc_addresses EGL_ANDROID_presentation_time EGL_KHR_swap_buffers_with_damage EGL_ANDROID_create_native_client_buffer EGL_ANDROID_front_buffer_auto_refresh EGL_KHR_image_base EGL_KHR_fence_sync EGL_ANDROID_image_native_buffer 
04-30 18:50:43.467 I/SurfaceFlinger( 1319): Client API: OpenGL_ES
04-30 18:50:43.467 I/SurfaceFlinger( 1319): EGLSurface: 5-6-5-0, config=0x0
04-30 18:50:43.515 E/libEGL  ( 1319): called unimplemented OpenGL ES API
04-30 18:50:43.515 E/SurfaceFlinger( 1319): Error while compiling shader: 
04-30 18:50:43.515 E/SurfaceFlinger( 1319): attribute vec4 position;
04-30 18:50:43.515 E/SurfaceFlinger( 1319): uniform mat4 projection;
04-30 18:50:43.515 E/SurfaceFlinger( 1319): uniform mat4 texture;
04-30 18:50:43.515 E/SurfaceFlinger( 1319): void main(void) {
04-30 18:50:43.515 E/SurfaceFlinger( 1319):     gl_Position = projection * position;
04-30 18:50:43.515 E/SurfaceFlinger( 1319): }
04-30 18:50:43.515 E/SurfaceFlinger( 1319): 
04-30 18:50:43.515 E/SurfaceFlinger( 1319): öÿÿÿÿÿÿÿŸ±1´Îr
04-30 18:50:43.515 E/SurfaceFlinger( 1319): Error while compiling shader: 
04-30 18:50:43.515 E/SurfaceFlinger( 1319): precision mediump float;
04-30 18:50:43.515 E/SurfaceFlinger( 1319): uniform vec4 color;
04-30 18:50:43.515 E/SurfaceFlinger( 1319): void main(void) {
04-30 18:50:43.515 E/SurfaceFlinger( 1319):     gl_FragColor = color;
04-30 18:50:43.515 E/SurfaceFlinger( 1319): }
04-30 18:50:43.515 E/SurfaceFlinger( 1319): 
04-30 18:50:43.515 E/SurfaceFlinger( 1319): öÿÿÿÿÿÿÿŸ±1´Îr
04-30 18:50:43.515 E/SurfaceFlinger( 1319): Error while linking shaders:
04-30 18:50:43.515 E/SurfaceFlinger( 1319): Error while compiling shader: 
04-30 18:50:43.515 E/SurfaceFlinger( 1319): attribute vec4 position;
04-30 18:50:43.515 E/SurfaceFlinger( 1319): uniform mat4 projection;
04-30 18:50:43.515 E/SurfaceFlinger( 1319): uniform mat4 texture;
04-30 18:50:43.515 E/SurfaceFlinger( 1319): void main(void) {
04-30 18:50:43.515 E/SurfaceFlinger( 1319):     gl_Position = projection * position;
04-30 18:50:43.515 E/SurfaceFlinger( 1319): }
04-30 18:50:43.515 E/SurfaceFlinger( 1319): 
04-30 18:50:43.515 E/SurfaceFlinger( 1319): öÿÿÿÿÿÿÿŸ±1´Îr
04-30 18:50:43.515 E/SurfaceFlinger( 1319): Error while compiling shader: 
04-30 18:50:43.515 E/SurfaceFlinger( 1319): precision mediump float;
04-30 18:50:43.515 E/SurfaceFlinger( 1319): uniform vec4 color;
04-30 18:50:43.515 E/SurfaceFlinger( 1319): void main(void) {
04-30 18:50:43.515 E/SurfaceFlinger( 1319):     gl_FragColor = color;
04-30 18:50:43.515 E/SurfaceFlinger( 1319): }
04-30 18:50:43.515 E/SurfaceFlinger( 1319): 
04-30 18:50:43.515 E/SurfaceFlinger( 1319): öÿÿÿÿÿÿÿŸ±1´Îr
04-30 18:50:43.515 E/SurfaceFlinger( 1319): Error while linking shaders:
04-30 18:50:43.516 E/SurfaceFlinger( 1319): Error while compiling shader: 
04-30 18:50:43.516 E/SurfaceFlinger( 1319): attribute vec4 position;
04-30 18:50:43.516 E/SurfaceFlinger( 1319): uniform mat4 projection;
04-30 18:50:43.516 E/SurfaceFlinger( 1319): uniform mat4 texture;
04-30 18:50:43.516 E/SurfaceFlinger( 1319): void main(void) {
04-30 18:50:43.516 E/SurfaceFlinger( 1319):     gl_Position = projection * position;
04-30 18:50:43.516 E/SurfaceFlinger( 1319): }
04-30 18:50:43.516 E/SurfaceFlinger( 1319): 
04-30 18:50:43.516 E/SurfaceFlinger( 1319): öÿÿÿÿÿÿÿŸ±1´Îr
04-30 18:50:43.516 E/SurfaceFlinger( 1319): Error while compiling shader: 
04-30 18:50:43.516 E/SurfaceFlinger( 1319): precision mediump float;
04-30 18:50:43.516 E/SurfaceFlinger( 1319): uniform vec4 color;
04-30 18:50:43.516 E/SurfaceFlinger( 1319): void main(void) {
04-30 18:50:43.516 E/SurfaceFlinger( 1319):     gl_FragColor = color;
04-30 18:50:43.516 E/SurfaceFlinger( 1319):     gl_FragColor.a = 1.0;
04-30 18:50:43.516 E/SurfaceFlinger( 1319): }
04-30 18:50:43.516 E/SurfaceFlinger( 1319): 
04-30 18:50:43.516 E/SurfaceFlinger( 1319): öÿÿÿÿÿÿÿŸ±1´Îr
04-30 18:50:43.516 E/SurfaceFlinger( 1319): Error while linking shaders:
04-30 18:50:43.516 E/SurfaceFlinger( 1319): Error while compiling shader: 
04-30 18:50:43.516 E/SurfaceFlinger( 1319): attribute vec4 position;
04-30 18:50:43.516 E/SurfaceFlinger( 1319): uniform mat4 projection;
04-30 18:50:43.516 E/SurfaceFlinger( 1319): uniform mat4 texture;
04-30 18:50:43.516 E/SurfaceFlinger( 1319): void main(void) {
04-30 18:50:43.516 E/SurfaceFlinger( 1319):     gl_Position = projection * position;
04-30 18:50:43.516 E/SurfaceFlinger( 1319): }
04-30 18:50:43.516 E/SurfaceFlinger( 1319): 
04-30 18:50:43.516 E/SurfaceFlinger( 1319): öÿÿÿÿÿÿÿŸ±1´Îr
04-30 18:50:43.516 E/SurfaceFlinger( 1319): Error while compiling shader: 
04-30 18:50:43.516 E/SurfaceFlinger( 1319): precision mediump float;
04-30 18:50:43.516 E/SurfaceFlinger( 1319): uniform vec4 color;
04-30 18:50:43.516 E/SurfaceFlinger( 1319): void main(void) {
04-30 18:50:43.516 E/SurfaceFlinger( 1319):     gl_FragColor = color;
04-30 18:50:43.516 E/SurfaceFlinger( 1319):     gl_FragColor.a = 1.0;
04-30 18:50:43.516 E/SurfaceFlinger( 1319): }
04-30 18:50:43.516 E/SurfaceFlinger( 1319): 
04-30 18:50:43.516 E/SurfaceFlinger( 1319): öÿÿÿÿÿÿÿŸ±1´Îr
04-30 18:50:38.020 W/mediadrmserver( 1332): type=1400 audit(0.0:7): avc: denied { getattr } for path="/vendor" dev="rootfs" ino=3995 scontext=u:r:mediadrmserver:s0 tcontext=u:object_r:rootfs:s0 tclass=lnk_file permissive=0
04-30 18:50:38.120 W/cameraserver( 1326): type=1400 audit(0.0:8): avc: denied { getattr } for path="/vendor" dev="rootfs" ino=3995 scontext=u:r:cameraserver:s0 tcontext=u:object_r:rootfs:s0 tclass=lnk_file permissive=0
04-30 18:50:44.430 W/bootanimation( 1629): type=1400 audit(0.0:9): avc: denied { getattr } for path="/vendor" dev="rootfs" ino=3995 scontext=u:r:bootanim:s0 tcontext=u:object_r:rootfs:s0 tclass=lnk_file permissive=0
04-30 18:50:43.516 E/SurfaceFlinger( 1319): Error while linking shaders:
04-30 18:50:43.516 E/SurfaceFlinger( 1319): Error while compiling shader: 
04-30 18:50:43.516 E/SurfaceFlinger( 1319): attribute vec4 position;
04-30 18:50:43.516 E/SurfaceFlinger( 1319): uniform mat4 projection;
04-30 18:50:43.516 E/SurfaceFlinger( 1319): uniform mat4 texture;
04-30 18:50:43.516 E/SurfaceFlinger( 1319): void main(void) {
04-30 18:50:43.516 E/SurfaceFlinger( 1319):     gl_Position = projection * position;
04-30 18:50:43.516 E/SurfaceFlinger( 1319): }
04-30 18:50:43.516 E/SurfaceFlinger( 1319): 
04-30 18:50:43.516 E/SurfaceFlinger( 1319): öÿÿÿÿÿÿÿŸ±1´Îr
04-30 18:50:43.516 E/SurfaceFlinger( 1319): Error while compiling shader: 
04-30 18:50:43.516 E/SurfaceFlinger( 1319): precision mediump float;
04-30 18:50:43.516 E/SurfaceFlinger( 1319): uniform vec4 color;
04-30 18:50:43.516 E/SurfaceFlinger( 1319): uniform float alphaPlane;
04-30 18:50:43.516 E/SurfaceFlinger( 1319): void main(void) {
04-30 18:50:43.516 E/SurfaceFlinger( 1319):     gl_FragColor = color;
04-30 18:50:43.516 E/SurfaceFlinger( 1319):     gl_FragColor.a *= alphaPlane;
04-30 18:50:43.516 E/SurfaceFlinger( 1319): }
04-30 18:50:43.516 E/SurfaceFlinger( 1319): 
04-30 18:50:43.516 E/SurfaceFlinger( 1319): öÿÿÿÿÿÿÿŸ±1´Îr
04-30 18:50:43.516 E/SurfaceFlinger( 1319): Error while linking shaders:
04-30 18:50:43.516 E/SurfaceFlinger( 1319): Error while compiling shader: 
04-30 18:50:43.516 E/SurfaceFlinger( 1319): attribute vec4 position;
04-30 18:50:43.516 E/SurfaceFlinger( 1319): uniform mat4 projection;
04-30 18:50:43.516 E/SurfaceFlinger( 1319): uniform mat4 texture;
04-30 18:50:43.516 E/SurfaceFlinger( 1319): void main(void) {
04-30 18:50:43.516 E/SurfaceFlinger( 1319):     gl_Position = projection * position;
04-30 18:50:43.516 E/SurfaceFlinger( 1319): }
04-30 18:50:43.516 E/SurfaceFlinger( 1319): 
04-30 18:50:43.516 E/SurfaceFlinger( 1319): öÿÿÿÿÿÿÿŸ±1´Îr
04-30 18:50:43.516 E/SurfaceFlinger( 1319): Error while compiling shader: 
04-30 18:50:43.516 E/SurfaceFlinger( 1319): precision mediump float;
04-30 18:50:43.516 E/SurfaceFlinger( 1319): uniform vec4 color;
04-30 18:50:43.516 E/SurfaceFlinger( 1319): uniform float alphaPlane;
04-30 18:50:43.516 E/SurfaceFlinger( 1319): void main(void) {
04-30 18:50:43.516 E/SurfaceFlinger( 1319):     gl_FragColor = color;
04-30 18:50:43.516 E/SurfaceFlinger( 1319):     gl_FragColor *= alphaPlane;
04-30 18:50:43.516 E/SurfaceFlinger( 1319): }
04-30 18:50:43.516 E/SurfaceFlinger( 1319): 
04-30 18:50:43.516 E/SurfaceFlinger( 1319): öÿÿÿÿÿÿÿŸ±1´Îr
04-30 18:50:43.516 E/SurfaceFlinger( 1319): Error while linking shaders:
04-30 18:50:43.516 E/SurfaceFlinger( 1319): Error while compiling shader: 
04-30 18:50:43.516 E/SurfaceFlinger( 1319): attribute vec4 position;
04-30 18:50:43.516 E/SurfaceFlinger( 1319): uniform mat4 projection;
04-30 18:50:43.516 E/SurfaceFlinger( 1319): uniform mat4 texture;
04-30 18:50:43.516 E/SurfaceFlinger( 1319): void main(void) {
04-30 18:50:43.516 E/SurfaceFlinger( 1319):     gl_Position = projection * position;
04-30 18:50:43.516 E/SurfaceFlinger( 1319): }
04-30 18:50:43.516 E/SurfaceFlinger( 1319): 
04-30 18:50:43.516 E/SurfaceFlinger( 1319): öÿÿÿÿÿÿÿŸ±1´Îr
04-30 18:50:43.516 E/SurfaceFlinger( 1319): Error while compiling shader: 
04-30 18:50:43.516 E/SurfaceFlinger( 1319): precision mediump float;
04-30 18:50:43.516 E/SurfaceFlinger( 1319): uniform vec4 color;
04-30 18:50:43.516 E/SurfaceFlinger( 1319): uniform float alphaPlane;
04-30 18:50:43.516 E/SurfaceFlinger( 1319): void main(void) {
04-30 18:50:43.516 E/SurfaceFlinger( 1319):     gl_FragColor = color;
04-30 18:50:43.516 E/SurfaceFlinger( 1319):     gl_FragColor.a = 1.0;
04-30 18:50:43.516 E/SurfaceFlinger( 1319):     gl_FragColor.a *= alphaPlane;
04-30 18:50:43.516 E/SurfaceFlinger( 1319): }
04-30 18:50:43.516 E/SurfaceFlinger( 1319): 
04-30 18:50:43.516 E/SurfaceFlinger( 1319): öÿÿÿÿÿÿÿŸ±1´Îr
04-30 18:50:43.516 E/SurfaceFlinger( 1319): Error while linking shaders:
04-30 18:50:43.516 E/SurfaceFlinger( 1319): Error while compiling shader: 
04-30 18:50:43.516 E/SurfaceFlinger( 1319): attribute vec4 position;
04-30 18:50:43.516 E/SurfaceFlinger( 1319): uniform mat4 projection;
04-30 18:50:43.516 E/SurfaceFlinger( 1319): uniform mat4 texture;
04-30 18:50:43.516 E/SurfaceFlinger( 1319): void main(void) {
04-30 18:50:43.516 E/SurfaceFlinger( 1319):     gl_Position = projection * position;
04-30 18:50:43.516 E/SurfaceFlinger( 1319): }
04-30 18:50:43.516 E/SurfaceFlinger( 1319): 
04-30 18:50:43.516 E/SurfaceFlinger( 1319): öÿÿÿÿÿÿÿŸ±1´Îr
04-30 18:50:43.516 E/SurfaceFlinger( 1319): Error while compiling shader: 
04-30 18:50:43.516 E/SurfaceFlinger( 1319): precision mediump float;
04-30 18:50:43.516 E/SurfaceFlinger( 1319): uniform vec4 color;
04-30 18:50:43.516 E/SurfaceFlinger( 1319): uniform float alphaPlane;
04-30 18:50:43.516 E/SurfaceFlinger( 1319): void main(void) {
04-30 18:50:43.516 E/SurfaceFlinger( 1319):     gl_FragColor = color;
04-30 18:50:43.516 E/SurfaceFlinger( 1319):     gl_FragColor.a = 1.0;
04-30 18:50:43.516 E/SurfaceFlinger( 1319):     gl_FragColor *= alphaPlane;
04-30 18:50:43.516 E/SurfaceFlinger( 1319): }
04-30 18:50:43.516 E/SurfaceFlinger( 1319): 
04-30 18:50:43.516 E/SurfaceFlinger( 1319): öÿÿÿÿÿÿÿŸ±1´Îr
04-30 18:50:43.516 E/SurfaceFlinger( 1319): Error while linking shaders:
04-30 18:50:43.517 E/SurfaceFlinger( 1319): Error while compiling shader: 
04-30 18:50:43.517 E/SurfaceFlinger( 1319): attribute vec4 texCoords;
04-30 18:50:43.517 E/SurfaceFlinger( 1319): varying vec2 outTexCoords;
04-30 18:50:43.517 E/SurfaceFlinger( 1319): attribute vec4 position;
04-30 18:50:43.517 E/SurfaceFlinger( 1319): uniform mat4 projection;
04-30 18:50:43.517 E/SurfaceFlinger( 1319): uniform mat4 texture;
04-30 18:50:43.517 E/SurfaceFlinger( 1319): void main(void) {
04-30 18:50:43.517 E/SurfaceFlinger( 1319):     gl_Position = projection * position;
04-30 18:50:43.517 E/SurfaceFlinger( 1319):     outTexCoords = (texture * texCoords).st;
04-30 18:50:43.517 E/SurfaceFlinger( 1319): }
04-30 18:50:43.517 E/SurfaceFlinger( 1319): 
04-30 18:50:43.517 E/SurfaceFlinger( 1319): öÿÿÿÿÿÿÿŸ±1´Îr
04-30 18:50:43.517 E/SurfaceFlinger( 1319): Error while compiling shader: 
04-30 18:50:43.517 E/SurfaceFlinger( 1319): #extension GL_OES_EGL_image_external : require
04-30 18:50:43.517 E/SurfaceFlinger( 1319): precision mediump float;
04-30 18:50:43.517 E/SurfaceFlinger( 1319): uniform samplerExternalOES sampler;
04-30 18:50:43.517 E/SurfaceFlinger( 1319): varying vec2 outTexCoords;
04-30 18:50:43.517 E/SurfaceFlinger( 1319): void main(void) {
04-30 18:50:43.517 E/SurfaceFlinger( 1319):     gl_FragColor = texture2D(sampler, outTexCoords);
04-30 18:50:43.517 E/SurfaceFlinger( 1319): }
04-30 18:50:43.517 E/SurfaceFlinger( 1319): 
04-30 18:50:43.517 E/SurfaceFlinger( 1319): öÿÿÿÿÿÿÿŸ±1´Îr
04-30 18:50:43.517 E/SurfaceFlinger( 1319): Error while linking shaders:
04-30 18:50:43.517 E/SurfaceFlinger( 1319): Error while compiling shader: 
04-30 18:50:43.517 E/SurfaceFlinger( 1319): attribute vec4 texCoords;
04-30 18:50:43.517 E/SurfaceFlinger( 1319): varying vec2 outTexCoords;
04-30 18:50:43.517 E/SurfaceFlinger( 1319): attribute vec4 position;
04-30 18:50:43.517 E/SurfaceFlinger( 1319): uniform mat4 projection;
04-30 18:50:43.517 E/SurfaceFlinger( 1319): uniform mat4 texture;
04-30 18:50:43.517 E/SurfaceFlinger( 1319): void main(void) {
04-30 18:50:43.517 E/SurfaceFlinger( 1319):     gl_Position = projection * position;
04-30 18:50:43.517 E/SurfaceFlinger( 1319):     outTexCoords = (texture * texCoords).st;
04-30 18:50:43.517 E/SurfaceFlinger( 1319): }
04-30 18:50:43.517 E/SurfaceFlinger( 1319): 
04-30 18:50:43.517 E/SurfaceFlinger( 1319): öÿÿÿÿÿÿÿŸ±1´Îr
04-30 18:50:43.517 E/SurfaceFlinger( 1319): Error while compiling shader: 
04-30 18:50:43.517 E/SurfaceFlinger( 1319): #extension GL_OES_EGL_image_external : require
04-30 18:50:43.517 E/SurfaceFlinger( 1319): precision mediump float;
04-30 18:50:43.517 E/SurfaceFlinger( 1319): uniform samplerExternalOES sampler;
04-30 18:50:43.517 E/SurfaceFlinger( 1319): varying vec2 outTexCoords;
04-30 18:50:43.517 E/SurfaceFlinger( 1319): void main(void) {
04-30 18:50:43.517 E/SurfaceFlinger( 1319):     gl_FragColor = texture2D(sampler, outTexCoords);
04-30 18:50:43.517 E/SurfaceFlinger( 1319): }
04-30 18:50:43.517 E/SurfaceFlinger( 1319): 
04-30 18:50:43.517 E/SurfaceFlinger( 1319): öÿÿÿÿÿÿÿŸ±1´Îr
04-30 18:50:43.517 E/SurfaceFlinger( 1319): Error while linking shaders:
04-30 18:50:43.517 E/SurfaceFlinger( 1319): Error while compiling shader: 
04-30 18:50:43.517 E/SurfaceFlinger( 1319): attribute vec4 texCoords;
04-30 18:50:43.517 E/SurfaceFlinger( 1319): varying vec2 outTexCoords;
04-30 18:50:43.517 E/SurfaceFlinger( 1319): attribute vec4 position;
04-30 18:50:43.517 E/SurfaceFlinger( 1319): uniform mat4 projection;
04-30 18:50:43.517 E/SurfaceFlinger( 1319): uniform mat4 texture;
04-30 18:50:43.517 E/SurfaceFlinger( 1319): void main(void) {
04-30 18:50:43.517 E/SurfaceFlinger( 1319):     gl_Position = projection * position;
04-30 18:50:43.517 E/SurfaceFlinger( 1319):     outTexCoords = (texture * texCoords).st;
04-30 18:50:43.517 E/SurfaceFlinger( 1319): }
04-30 18:50:43.517 E/SurfaceFlinger( 1319): 
04-30 18:50:43.517 E/SurfaceFlinger( 1319): öÿÿÿÿÿÿÿŸ±1´Îr
04-30 18:50:43.517 E/SurfaceFlinger( 1319): Error while compiling shader: 
04-30 18:50:43.517 E/SurfaceFlinger( 1319): #extension GL_OES_EGL_image_external : require
04-30 18:50:43.517 E/SurfaceFlinger( 1319): precision mediump float;
04-30 18:50:43.517 E/SurfaceFlinger( 1319): uniform samplerExternalOES sampler;
04-30 18:50:43.517 E/SurfaceFlinger( 1319): varying vec2 outTexCoords;
04-30 18:50:43.517 E/SurfaceFlinger( 1319): void main(void) {
04-30 18:50:43.517 E/SurfaceFlinger( 1319):     gl_FragColor = texture2D(sampler, outTexCoords);
04-30 18:50:43.517 E/SurfaceFlinger( 1319):     gl_FragColor.a = 1.0;
04-30 18:50:43.517 E/SurfaceFlinger( 1319): }
04-30 18:50:43.517 E/SurfaceFlinger( 1319): 
04-30 18:50:43.517 E/SurfaceFlinger( 1319): öÿÿÿÿÿÿÿŸ±1´Îr
04-30 18:50:43.517 E/SurfaceFlinger( 1319): Error while linking shaders:
04-30 18:50:43.517 E/SurfaceFlinger( 1319): Error while compiling shader: 
04-30 18:50:43.517 E/SurfaceFlinger( 1319): attribute vec4 texCoords;
04-30 18:50:43.517 E/SurfaceFlinger( 1319): varying vec2 outTexCoords;
04-30 18:50:43.517 E/SurfaceFlinger( 1319): attribute vec4 position;
04-30 18:50:43.517 E/SurfaceFlinger( 1319): uniform mat4 projection;
04-30 18:50:43.517 E/SurfaceFlinger( 1319): uniform mat4 texture;
04-30 18:50:43.517 E/SurfaceFlinger( 1319): void main(void) {
04-30 18:50:43.517 E/SurfaceFlinger( 1319):     gl_Position = projection * position;
04-30 18:50:43.517 E/SurfaceFlinger( 1319):     outTexCoords = (texture * texCoords).st;
04-30 18:50:43.517 E/SurfaceFlinger( 1319): }
04-30 18:50:43.517 E/SurfaceFlinger( 1319): 
04-30 18:50:43.517 E/SurfaceFlinger( 1319): öÿÿÿÿÿÿÿŸ±1´Îr
04-30 18:50:43.517 E/SurfaceFlinger( 1319): Error while compiling shader: 
04-30 18:50:43.517 E/SurfaceFlinger( 1319): #extension GL_OES_EGL_image_external : require
04-30 18:50:43.517 E/SurfaceFlinger( 1319): precision mediump float;
04-30 18:50:43.517 E/SurfaceFlinger( 1319): uniform samplerExternalOES sampler;
04-30 18:50:43.517 E/SurfaceFlinger( 1319): varying vec2 outTexCoords;
04-30 18:50:43.517 E/SurfaceFlinger( 1319): void main(void) {
04-30 18:50:43.517 E/SurfaceFlinger( 1319):     gl_FragColor = texture2D(sampler, outTexCoords);
04-30 18:50:43.517 E/SurfaceFlinger( 1319):     gl_FragColor.a = 1.0;
04-30 18:50:43.517 E/SurfaceFlinger( 1319): }
04-30 18:50:43.517 E/SurfaceFlinger( 1319): 
04-30 18:50:43.517 E/SurfaceFlinger( 1319): öÿÿÿÿÿÿÿŸ±1´Îr
04-30 18:50:43.517 E/SurfaceFlinger( 1319): Error while linking shaders:
04-30 18:50:43.517 E/SurfaceFlinger( 1319): Error while compiling shader: 
04-30 18:50:43.517 E/SurfaceFlinger( 1319): attribute vec4 texCoords;
04-30 18:50:43.517 E/SurfaceFlinger( 1319): varying vec2 outTexCoords;
04-30 18:50:43.517 E/SurfaceFlinger( 1319): attribute vec4 position;
04-30 18:50:43.517 E/SurfaceFlinger( 1319): uniform mat4 projection;
04-30 18:50:43.517 E/SurfaceFlinger( 1319): uniform mat4 texture;
04-30 18:50:43.517 E/SurfaceFlinger( 1319): void main(void) {
04-30 18:50:43.517 E/SurfaceFlinger( 1319):     gl_Position = projection * position;
04-30 18:50:43.517 E/SurfaceFlinger( 1319):     outTexCoords = (texture * texCoords).st;
04-30 18:50:43.517 E/SurfaceFlinger( 1319): }
04-30 18:50:43.517 E/SurfaceFlinger( 1319): 
04-30 18:50:43.517 E/SurfaceFlinger( 1319): öÿÿÿÿÿÿÿŸ±1´Îr
04-30 18:50:43.517 E/SurfaceFlinger( 1319): Error while compiling shader: 
04-30 18:50:43.517 E/SurfaceFlinger( 1319): #extension GL_OES_EGL_image_external : require
04-30 18:50:43.517 E/SurfaceFlinger( 1319): precision mediump float;
04-30 18:50:43.517 E/SurfaceFlinger( 1319): uniform samplerExternalOES sampler;
04-30 18:50:43.517 E/SurfaceFlinger( 1319): varying vec2 outTexCoords;
04-30 18:50:43.517 E/SurfaceFlinger( 1319): uniform float alphaPlane;
04-30 18:50:43.517 E/SurfaceFlinger( 1319): void main(void) {
04-30 18:50:43.517 E/SurfaceFlinger( 1319):     gl_FragColor = texture2D(sampler, outTexCoords);
04-30 18:50:43.517 E/SurfaceFlinger( 1319):     gl_FragColor.a *= alphaPlane;
04-30 18:50:43.517 E/SurfaceFlinger( 1319): }
04-30 18:50:43.517 E/SurfaceFlinger( 1319): 
04-30 18:50:43.517 E/SurfaceFlinger( 1319): öÿÿÿÿÿÿÿŸ±1´Îr
04-30 18:50:43.517 E/SurfaceFlinger( 1319): Error while linking shaders:
04-30 18:50:43.517 E/SurfaceFlinger( 1319): Error while compiling shader: 
04-30 18:50:43.517 E/SurfaceFlinger( 1319): attribute vec4 texCoords;
04-30 18:50:43.517 E/SurfaceFlinger( 1319): varying vec2 outTexCoords;
04-30 18:50:43.517 E/SurfaceFlinger( 1319): attribute vec4 position;
04-30 18:50:43.517 E/SurfaceFlinger( 1319): uniform mat4 projection;
04-30 18:50:43.517 E/SurfaceFlinger( 1319): uniform mat4 texture;
04-30 18:50:43.517 E/SurfaceFlinger( 1319): void main(void) {
04-30 18:50:43.517 E/SurfaceFlinger( 1319):     gl_Position = projection * position;
04-30 18:50:43.517 E/SurfaceFlinger( 1319):     outTexCoords = (texture * texCoords).st;
04-30 18:50:43.517 E/SurfaceFlinger( 1319): }
04-30 18:50:43.517 E/SurfaceFlinger( 1319): 
04-30 18:50:43.517 E/SurfaceFlinger( 1319): öÿÿÿÿÿÿÿŸ±1´Îr
04-30 18:50:43.517 E/SurfaceFlinger( 1319): Error while compiling shader: 
04-30 18:50:43.517 E/SurfaceFlinger( 1319): #extension GL_OES_EGL_image_external : require
04-30 18:50:43.517 E/SurfaceFlinger( 1319): precision mediump float;
04-30 18:50:43.517 E/SurfaceFlinger( 1319): uniform samplerExternalOES sampler;
04-30 18:50:43.517 E/SurfaceFlinger( 1319): varying vec2 outTexCoords;
04-30 18:50:43.517 E/SurfaceFlinger( 1319): uniform float alphaPlane;
04-30 18:50:43.517 E/SurfaceFlinger( 1319): void main(void) {
04-30 18:50:43.517 E/SurfaceFlinger( 1319):     gl_FragColor = texture2D(sampler, outTexCoords);
04-30 18:50:43.517 E/SurfaceFlinger( 1319):     gl_FragColor *= alphaPlane;
04-30 18:50:43.517 E/SurfaceFlinger( 1319): }
04-30 18:50:43.517 E/SurfaceFlinger( 1319): 
04-30 18:50:43.517 E/SurfaceFlinger( 1319): öÿÿÿÿÿÿÿŸ±1´Îr
04-30 18:50:43.517 E/SurfaceFlinger( 1319): Error while linking shaders:
04-30 18:50:43.517 E/SurfaceFlinger( 1319): Error while compiling shader: 
04-30 18:50:43.517 E/SurfaceFlinger( 1319): attribute vec4 texCoords;
04-30 18:50:43.517 E/SurfaceFlinger( 1319): varying vec2 outTexCoords;
04-30 18:50:43.517 E/SurfaceFlinger( 1319): attribute vec4 position;
04-30 18:50:43.517 E/SurfaceFlinger( 1319): uniform mat4 projection;
04-30 18:50:43.517 E/SurfaceFlinger( 1319): uniform mat4 texture;
04-30 18:50:43.517 E/SurfaceFlinger( 1319): void main(void) {
04-30 18:50:43.517 E/SurfaceFlinger( 1319):     gl_Position = projection * position;
04-30 18:50:43.517 E/SurfaceFlinger( 1319):     outTexCoords = (texture * texCoords).st;
04-30 18:50:43.517 E/SurfaceFlinger( 1319): }
04-30 18:50:43.517 E/SurfaceFlinger( 1319): 
04-30 18:50:43.517 E/SurfaceFlinger( 1319): öÿÿÿÿÿÿÿŸ±1´Îr
04-30 18:50:43.518 E/SurfaceFlinger( 1319): Error while compiling shader: 
04-30 18:50:43.518 E/SurfaceFlinger( 1319): #extension GL_OES_EGL_image_external : require
04-30 18:50:43.518 E/SurfaceFlinger( 1319): precision mediump float;
04-30 18:50:43.518 E/SurfaceFlinger( 1319): uniform samplerExternalOES sampler;
04-30 18:50:43.518 E/SurfaceFlinger( 1319): varying vec2 outTexCoords;
04-30 18:50:43.518 E/SurfaceFlinger( 1319): uniform float alphaPlane;
04-30 18:50:43.518 E/SurfaceFlinger( 1319): void main(void) {
04-30 18:50:43.518 E/SurfaceFlinger( 1319):     gl_FragColor = texture2D(sampler, outTexCoords);
04-30 18:50:43.518 E/SurfaceFlinger( 1319):     gl_FragColor.a = 1.0;
04-30 18:50:43.518 E/SurfaceFlinger( 1319):     gl_FragColor.a *= alphaPlane;
04-30 18:50:43.518 E/SurfaceFlinger( 1319): }
04-30 18:50:43.518 E/SurfaceFlinger( 1319): 
04-30 18:50:43.518 E/SurfaceFlinger( 1319): öÿÿÿÿÿÿÿŸ±1´Îr
04-30 18:50:43.518 E/SurfaceFlinger( 1319): Error while linking shaders:
04-30 18:50:43.518 E/SurfaceFlinger( 1319): Error while compiling shader: 
04-30 18:50:43.518 E/SurfaceFlinger( 1319): attribute vec4 texCoords;
04-30 18:50:43.518 E/SurfaceFlinger( 1319): varying vec2 outTexCoords;
04-30 18:50:43.518 E/SurfaceFlinger( 1319): attribute vec4 position;
04-30 18:50:43.518 E/SurfaceFlinger( 1319): uniform mat4 projection;
04-30 18:50:43.518 E/SurfaceFlinger( 1319): uniform mat4 texture;
04-30 18:50:43.518 E/SurfaceFlinger( 1319): void main(void) {
04-30 18:50:43.518 E/SurfaceFlinger( 1319):     gl_Position = projection * position;
04-30 18:50:43.518 E/SurfaceFlinger( 1319):     outTexCoords = (texture * texCoords).st;
04-30 18:50:43.518 E/SurfaceFlinger( 1319): }
04-30 18:50:43.518 E/SurfaceFlinger( 1319): 
04-30 18:50:43.518 E/SurfaceFlinger( 1319): öÿÿÿÿÿÿÿŸ±1´Îr
04-30 18:50:43.518 E/SurfaceFlinger( 1319): Error while compiling shader: 
04-30 18:50:43.518 E/SurfaceFlinger( 1319): #extension GL_OES_EGL_image_external : require
04-30 18:50:43.518 E/SurfaceFlinger( 1319): precision mediump float;
04-30 18:50:43.518 E/SurfaceFlinger( 1319): uniform samplerExternalOES sampler;
04-30 18:50:43.518 E/SurfaceFlinger( 1319): varying vec2 outTexCoords;
04-30 18:50:43.518 E/SurfaceFlinger( 1319): uniform float alphaPlane;
04-30 18:50:43.518 E/SurfaceFlinger( 1319): void main(void) {
04-30 18:50:43.518 E/SurfaceFlinger( 1319):     gl_FragColor = texture2D(sampler, outTexCoords);
04-30 18:50:43.518 E/SurfaceFlinger( 1319):     gl_FragColor.a = 1.0;
04-30 18:50:43.518 E/SurfaceFlinger( 1319):     gl_FragColor *= alphaPlane;
04-30 18:50:43.518 E/SurfaceFlinger( 1319): }
04-30 18:50:43.518 E/SurfaceFlinger( 1319): 
04-30 18:50:43.518 E/SurfaceFlinger( 1319): öÿÿÿÿÿÿÿŸ±1´Îr
04-30 18:50:43.518 E/SurfaceFlinger( 1319): Error while linking shaders:
04-30 18:50:43.518 E/SurfaceFlinger( 1319): Error while compiling shader: 
04-30 18:50:43.518 E/SurfaceFlinger( 1319): attribute vec4 texCoords;
04-30 18:50:43.518 E/SurfaceFlinger( 1319): varying vec2 outTexCoords;
04-30 18:50:43.518 E/SurfaceFlinger( 1319): attribute vec4 position;
04-30 18:50:43.518 E/SurfaceFlinger( 1319): uniform mat4 projection;
04-30 18:50:43.518 E/SurfaceFlinger( 1319): uniform mat4 texture;
04-30 18:50:43.518 E/SurfaceFlinger( 1319): void main(void) {
04-30 18:50:43.518 E/SurfaceFlinger( 1319):     gl_Position = projection * position;
04-30 18:50:43.518 E/SurfaceFlinger( 1319):     outTexCoords = (texture * texCoords).st;
04-30 18:50:43.518 E/SurfaceFlinger( 1319): }
04-30 18:50:43.518 E/SurfaceFlinger( 1319): 
04-30 18:50:43.518 E/SurfaceFlinger( 1319): öÿÿÿÿÿÿÿŸ±1´Îr
04-30 18:50:43.518 E/SurfaceFlinger( 1319): Error while compiling shader: 
04-30 18:50:43.518 E/SurfaceFlinger( 1319): precision mediump float;
04-30 18:50:43.518 E/SurfaceFlinger( 1319): uniform sampler2D sampler;
04-30 18:50:43.518 E/SurfaceFlinger( 1319): varying vec2 outTexCoords;
04-30 18:50:43.518 E/SurfaceFlinger( 1319): void main(void) {
04-30 18:50:43.518 E/SurfaceFlinger( 1319):     gl_FragColor = texture2D(sampler, outTexCoords);
04-30 18:50:43.518 E/SurfaceFlinger( 1319): }
04-30 18:50:43.518 E/SurfaceFlinger( 1319): 
04-30 18:50:43.518 E/SurfaceFlinger( 1319): öÿÿÿÿÿÿÿŸ±1´Îr
04-30 18:50:43.518 E/SurfaceFlinger( 1319): Error while linking shaders:
04-30 18:50:43.518 E/SurfaceFlinger( 1319): Error while compiling shader: 
04-30 18:50:43.518 E/SurfaceFlinger( 1319): attribute vec4 texCoords;
04-30 18:50:43.518 E/SurfaceFlinger( 1319): varying vec2 outTexCoords;
04-30 18:50:43.518 E/SurfaceFlinger( 1319): attribute vec4 position;
04-30 18:50:43.518 E/SurfaceFlinger( 1319): uniform mat4 projection;
04-30 18:50:43.518 E/SurfaceFlinger( 1319): uniform mat4 texture;
04-30 18:50:43.518 E/SurfaceFlinger( 1319): void main(void) {
04-30 18:50:43.518 E/SurfaceFlinger( 1319):     gl_Position = projection * position;
04-30 18:50:43.518 E/SurfaceFlinger( 1319):     outTexCoords = (texture * texCoords).st;
04-30 18:50:43.518 E/SurfaceFlinger( 1319): }
04-30 18:50:43.518 E/SurfaceFlinger( 1319): 
04-30 18:50:43.518 E/SurfaceFlinger( 1319): öÿÿÿÿÿÿÿŸ±1´Îr
04-30 18:50:43.518 E/SurfaceFlinger( 1319): Error while compiling shader: 
04-30 18:50:43.518 E/SurfaceFlinger( 1319): precision mediump float;
04-30 18:50:43.518 E/SurfaceFlinger( 1319): uniform sampler2D sampler;
04-30 18:50:43.518 E/SurfaceFlinger( 1319): varying vec2 outTexCoords;
04-30 18:50:43.518 E/SurfaceFlinger( 1319): void main(void) {
04-30 18:50:43.518 E/SurfaceFlinger( 1319):     gl_FragColor = texture2D(sampler, outTexCoords);
04-30 18:50:43.518 E/SurfaceFlinger( 1319): }
04-30 18:50:43.518 E/SurfaceFlinger( 1319): 
04-30 18:50:43.518 E/SurfaceFlinger( 1319): öÿÿÿÿÿÿÿŸ±1´Îr
04-30 18:50:43.518 E/SurfaceFlinger( 1319): Error while linking shaders:
04-30 18:50:43.518 E/SurfaceFlinger( 1319): Error while compiling shader: 
04-30 18:50:43.518 E/SurfaceFlinger( 1319): attribute vec4 texCoords;
04-30 18:50:43.518 E/SurfaceFlinger( 1319): varying vec2 outTexCoords;
04-30 18:50:43.518 E/SurfaceFlinger( 1319): attribute vec4 position;
04-30 18:50:43.518 E/SurfaceFlinger( 1319): uniform mat4 projection;
04-30 18:50:43.518 E/SurfaceFlinger( 1319): uniform mat4 texture;
04-30 18:50:43.518 E/SurfaceFlinger( 1319): void main(void) {
04-30 18:50:43.518 E/SurfaceFlinger( 1319):     gl_Position = projection * position;
04-30 18:50:43.518 E/SurfaceFlinger( 1319):     outTexCoords = (texture * texCoords).st;
04-30 18:50:43.518 E/SurfaceFlinger( 1319): }
04-30 18:50:43.518 E/SurfaceFlinger( 1319): 
04-30 18:50:43.518 E/SurfaceFlinger( 1319): öÿÿÿÿÿÿÿŸ±1´Îr
04-30 18:50:43.518 E/SurfaceFlinger( 1319): Error while compiling shader: 
04-30 18:50:43.518 E/SurfaceFlinger( 1319): precision mediump float;
04-30 18:50:43.518 E/SurfaceFlinger( 1319): uniform sampler2D sampler;
04-30 18:50:43.518 E/SurfaceFlinger( 1319): varying vec2 outTexCoords;
04-30 18:50:43.518 E/SurfaceFlinger( 1319): void main(void) {
04-30 18:50:43.518 E/SurfaceFlinger( 1319):     gl_FragColor = texture2D(sampler, outTexCoords);
04-30 18:50:43.518 E/SurfaceFlinger( 1319):     gl_FragColor.a = 1.0;
04-30 18:50:43.518 E/SurfaceFlinger( 1319): }
04-30 18:50:43.518 E/SurfaceFlinger( 1319): 
04-30 18:50:43.518 E/SurfaceFlinger( 1319): öÿÿÿÿÿÿÿŸ±1´Îr
04-30 18:50:43.518 E/SurfaceFlinger( 1319): Error while linking shaders:
04-30 18:50:43.518 E/SurfaceFlinger( 1319): Error while compiling shader: 
04-30 18:50:43.518 E/SurfaceFlinger( 1319): attribute vec4 texCoords;
04-30 18:50:43.518 E/SurfaceFlinger( 1319): varying vec2 outTexCoords;
04-30 18:50:43.518 E/SurfaceFlinger( 1319): attribute vec4 position;
04-30 18:50:43.518 E/SurfaceFlinger( 1319): uniform mat4 projection;
04-30 18:50:43.518 E/SurfaceFlinger( 1319): uniform mat4 texture;
04-30 18:50:43.518 E/SurfaceFlinger( 1319): void main(void) {
04-30 18:50:43.518 E/SurfaceFlinger( 1319):     gl_Position = projection * position;
04-30 18:50:43.518 E/SurfaceFlinger( 1319):     outTexCoords = (texture * texCoords).st;
04-30 18:50:43.518 E/SurfaceFlinger( 1319): }
04-30 18:50:43.518 E/SurfaceFlinger( 1319): 
04-30 18:50:43.518 E/SurfaceFlinger( 1319): öÿÿÿÿÿÿÿŸ±1´Îr
04-30 18:50:43.518 E/SurfaceFlinger( 1319): Error while compiling shader: 
04-30 18:50:43.518 E/SurfaceFlinger( 1319): precision mediump float;
04-30 18:50:43.518 E/SurfaceFlinger( 1319): uniform sampler2D sampler;
04-30 18:50:43.518 E/SurfaceFlinger( 1319): varying vec2 outTexCoords;
04-30 18:50:43.518 E/SurfaceFlinger( 1319): void main(void) {
04-30 18:50:43.518 E/SurfaceFlinger( 1319):     gl_FragColor = texture2D(sampler, outTexCoords);
04-30 18:50:43.518 E/SurfaceFlinger( 1319):     gl_FragColor.a = 1.0;
04-30 18:50:43.518 E/SurfaceFlinger( 1319): }
04-30 18:50:43.518 E/SurfaceFlinger( 1319): 
04-30 18:50:43.518 E/SurfaceFlinger( 1319): öÿÿÿÿÿÿÿŸ±1´Îr
04-30 18:50:43.518 E/SurfaceFlinger( 1319): Error while linking shaders:
04-30 18:50:43.518 E/SurfaceFlinger( 1319): Error while compiling shader: 
04-30 18:50:43.518 E/SurfaceFlinger( 1319): attribute vec4 texCoords;
04-30 18:50:43.518 E/SurfaceFlinger( 1319): varying vec2 outTexCoords;
04-30 18:50:43.518 E/SurfaceFlinger( 1319): attribute vec4 position;
04-30 18:50:43.518 E/SurfaceFlinger( 1319): uniform mat4 projection;
04-30 18:50:43.518 E/SurfaceFlinger( 1319): uniform mat4 texture;
04-30 18:50:43.518 E/SurfaceFlinger( 1319): void main(void) {
04-30 18:50:43.518 E/SurfaceFlinger( 1319):     gl_Position = projection * position;
04-30 18:50:43.518 E/SurfaceFlinger( 1319):     outTexCoords = (texture * texCoords).st;
04-30 18:50:43.518 E/SurfaceFlinger( 1319): }
04-30 18:50:43.518 E/SurfaceFlinger( 1319): 
04-30 18:50:43.518 E/SurfaceFlinger( 1319): öÿÿÿÿÿÿÿŸ±1´Îr
04-30 18:50:43.518 E/SurfaceFlinger( 1319): Error while compiling shader: 
04-30 18:50:43.518 E/SurfaceFlinger( 1319): precision mediump float;
04-30 18:50:43.518 E/SurfaceFlinger( 1319): uniform sampler2D sampler;
04-30 18:50:43.518 E/SurfaceFlinger( 1319): varying vec2 outTexCoords;
04-30 18:50:43.518 E/SurfaceFlinger( 1319): uniform float alphaPlane;
04-30 18:50:43.518 E/SurfaceFlinger( 1319): void main(void) {
04-30 18:50:43.518 E/SurfaceFlinger( 1319):     gl_FragColor = texture2D(sampler, outTexCoords);
04-30 18:50:43.518 E/SurfaceFlinger( 1319):     gl_FragColor.a *= alphaPlane;
04-30 18:50:43.518 E/SurfaceFlinger( 1319): }
04-30 18:50:43.518 E/SurfaceFlinger( 1319): 
04-30 18:50:43.518 E/SurfaceFlinger( 1319): öÿÿÿÿÿÿÿŸ±1´Îr
04-30 18:50:43.518 E/SurfaceFlinger( 1319): Error while linking shaders:
04-30 18:50:43.518 E/SurfaceFlinger( 1319): Error while compiling shader: 
04-30 18:50:43.518 E/SurfaceFlinger( 1319): attribute vec4 texCoords;
04-30 18:50:43.518 E/SurfaceFlinger( 1319): varying vec2 outTexCoords;
04-30 18:50:43.518 E/SurfaceFlinger( 1319): attribute vec4 position;
04-30 18:50:43.518 E/SurfaceFlinger( 1319): uniform mat4 projection;
04-30 18:50:43.518 E/SurfaceFlinger( 1319): uniform mat4 texture;
04-30 18:50:43.518 E/SurfaceFlinger( 1319): void main(void) {
04-30 18:50:43.518 E/SurfaceFlinger( 1319):     gl_Position = projection * position;
04-30 18:50:43.518 E/SurfaceFlinger( 1319):     outTexCoords = (texture * texCoords).st;
04-30 18:50:43.518 E/SurfaceFlinger( 1319): }
04-30 18:50:43.518 E/SurfaceFlinger( 1319): 
04-30 18:50:43.518 E/SurfaceFlinger( 1319): öÿÿÿÿÿÿÿŸ±1´Îr
04-30 18:50:43.519 E/SurfaceFlinger( 1319): Error while compiling shader: 
04-30 18:50:43.519 E/SurfaceFlinger( 1319): precision mediump float;
04-30 18:50:43.519 E/SurfaceFlinger( 1319): uniform sampler2D sampler;
04-30 18:50:43.519 E/SurfaceFlinger( 1319): varying vec2 outTexCoords;
04-30 18:50:43.519 E/SurfaceFlinger( 1319): uniform float alphaPlane;
04-30 18:50:43.519 E/SurfaceFlinger( 1319): void main(void) {
04-30 18:50:43.519 E/SurfaceFlinger( 1319):     gl_FragColor = texture2D(sampler, outTexCoords);
04-30 18:50:43.519 E/SurfaceFlinger( 1319):     gl_FragColor *= alphaPlane;
04-30 18:50:43.519 E/SurfaceFlinger( 1319): }
04-30 18:50:43.519 E/SurfaceFlinger( 1319): 
04-30 18:50:43.519 E/SurfaceFlinger( 1319): öÿÿÿÿÿÿÿŸ±1´Îr
04-30 18:50:43.519 E/SurfaceFlinger( 1319): Error while linking shaders:
04-30 18:50:43.519 E/SurfaceFlinger( 1319): Error while compiling shader: 
04-30 18:50:43.519 E/SurfaceFlinger( 1319): attribute vec4 texCoords;
04-30 18:50:43.519 E/SurfaceFlinger( 1319): varying vec2 outTexCoords;
04-30 18:50:43.519 E/SurfaceFlinger( 1319): attribute vec4 position;
04-30 18:50:43.519 E/SurfaceFlinger( 1319): uniform mat4 projection;
04-30 18:50:43.519 E/SurfaceFlinger( 1319): uniform mat4 texture;
04-30 18:50:43.519 E/SurfaceFlinger( 1319): void main(void) {
04-30 18:50:43.519 E/SurfaceFlinger( 1319):     gl_Position = projection * position;
04-30 18:50:43.519 E/SurfaceFlinger( 1319):     outTexCoords = (texture * texCoords).st;
04-30 18:50:43.519 E/SurfaceFlinger( 1319): }
04-30 18:50:43.519 E/SurfaceFlinger( 1319): 
04-30 18:50:43.519 E/SurfaceFlinger( 1319): öÿÿÿÿÿÿÿŸ±1´Îr
04-30 18:50:43.519 E/SurfaceFlinger( 1319): Error while compiling shader: 
04-30 18:50:43.519 E/SurfaceFlinger( 1319): precision mediump float;
04-30 18:50:43.519 E/SurfaceFlinger( 1319): uniform sampler2D sampler;
04-30 18:50:43.519 E/SurfaceFlinger( 1319): varying vec2 outTexCoords;
04-30 18:50:43.519 E/SurfaceFlinger( 1319): uniform float alphaPlane;
04-30 18:50:43.519 E/SurfaceFlinger( 1319): void main(void) {
04-30 18:50:43.519 E/SurfaceFlinger( 1319):     gl_FragColor = texture2D(sampler, outTexCoords);
04-30 18:50:43.519 E/SurfaceFlinger( 1319):     gl_FragColor.a = 1.0;
04-30 18:50:43.519 E/SurfaceFlinger( 1319):     gl_FragColor.a *= alphaPlane;
04-30 18:50:43.519 E/SurfaceFlinger( 1319): }
04-30 18:50:43.519 E/SurfaceFlinger( 1319): 
04-30 18:50:43.519 E/SurfaceFlinger( 1319): öÿÿÿÿÿÿÿŸ±1´Îr
04-30 18:50:43.519 E/SurfaceFlinger( 1319): Error while linking shaders:
04-30 18:50:43.519 E/SurfaceFlinger( 1319): Error while compiling shader: 
04-30 18:50:43.519 E/SurfaceFlinger( 1319): attribute vec4 texCoords;
04-30 18:50:43.519 E/SurfaceFlinger( 1319): varying vec2 outTexCoords;
04-30 18:50:43.519 E/SurfaceFlinger( 1319): attribute vec4 position;
04-30 18:50:43.519 E/SurfaceFlinger( 1319): uniform mat4 projection;
04-30 18:50:43.519 E/SurfaceFlinger( 1319): uniform mat4 texture;
04-30 18:50:43.519 E/SurfaceFlinger( 1319): void main(void) {
04-30 18:50:43.519 E/SurfaceFlinger( 1319):     gl_Position = projection * position;
04-30 18:50:43.519 E/SurfaceFlinger( 1319):     outTexCoords = (texture * texCoords).st;
04-30 18:50:43.519 E/SurfaceFlinger( 1319): }
04-30 18:50:43.519 E/SurfaceFlinger( 1319): 
04-30 18:50:43.519 E/SurfaceFlinger( 1319): öÿÿÿÿÿÿÿŸ±1´Îr
04-30 18:50:43.519 E/SurfaceFlinger( 1319): Error while compiling shader: 
04-30 18:50:43.519 E/SurfaceFlinger( 1319): precision mediump float;
04-30 18:50:43.519 E/SurfaceFlinger( 1319): uniform sampler2D sampler;
04-30 18:50:43.519 E/SurfaceFlinger( 1319): varying vec2 outTexCoords;
04-30 18:50:43.519 E/SurfaceFlinger( 1319): uniform float alphaPlane;
04-30 18:50:43.519 E/SurfaceFlinger( 1319): void main(void) {
04-30 18:50:43.519 E/SurfaceFlinger( 1319):     gl_FragColor = texture2D(sampler, outTexCoords);
04-30 18:50:43.519 E/SurfaceFlinger( 1319):     gl_FragColor.a = 1.0;
04-30 18:50:43.519 E/SurfaceFlinger( 1319):     gl_FragColor *= alphaPlane;
04-30 18:50:43.519 E/SurfaceFlinger( 1319): }
04-30 18:50:43.519 E/SurfaceFlinger( 1319): 
04-30 18:50:43.519 E/SurfaceFlinger( 1319): öÿÿÿÿÿÿÿŸ±1´Îr
04-30 18:50:43.519 E/SurfaceFlinger( 1319): Error while linking shaders:
04-30 18:50:43.519 D/SurfaceFlinger( 1319): shader cache generated - 24 shaders in 4.717878 ms
04-30 18:50:43.559 W/        ( 1330): No seccomp filter defined for this architecture.
04-30 18:50:43.816 D/SurfaceFlinger( 1319): Set power mode=2, type=0 flinger=0x72ceb3c47000
04-30 18:50:44.457 I/cameraserver( 1326): ServiceManager: 0xe97bc020
04-30 18:50:44.522 I/CameraService( 1326): CameraService started (pid=1326)
04-30 18:50:44.523 I/CameraService( 1326): CameraService process starting
04-30 18:50:44.524 W/BatteryNotifier( 1326): batterystats service unavailable!
04-30 18:50:44.525 W/BatteryNotifier( 1326): batterystats service unavailable!
04-30 18:50:44.627 I/        ( 1324): sMaxFastTracks = 8
04-30 18:50:44.706 V/MediaUtils( 1333): physMem: 1043894272
04-30 18:50:44.706 V/MediaUtils( 1333): requested limit: 208778840
04-30 18:50:44.707 V/MediaUtils( 1333): actual limit: 208778840
04-30 18:50:44.707 V/MediaUtils( 1333): original limits: 4294967295/4294967295
04-30 18:50:44.707 V/MediaUtils( 1333): new limits: 208778840/4294967295
04-30 18:50:44.709 W//system/bin/mediaextractor( 1333): libminijail: allowing syscall: socketcall
04-30 18:50:44.709 W//system/bin/mediaextractor( 1333): libminijail: allowing syscall: writev
04-30 18:50:44.709 W//system/bin/mediaextractor( 1333): libminijail: allowing syscall: fcntl64
04-30 18:50:44.710 W//system/bin/mediaextractor( 1333): libminijail: allowing syscall: clock_gettime
04-30 18:50:44.754 D/EmulatedCamera_QemuClient( 1326): Emulated camera list: 
04-30 18:50:44.775 I/audioserver( 1324): ServiceManager: 0xf05bc020
04-30 18:50:44.777 W/BatteryNotifier( 1324): batterystats service unavailable!
04-30 18:50:44.778 I/AudioFlinger( 1324): Using default 3000 mSec as standby time.
04-30 18:50:44.798 I/AudioPolicyService( 1324): AudioPolicyService CSTOR in new mode
04-30 18:50:44.811 D/EmulatedCamera_FakeCamera( 1326): Initialize: Fake camera is facing back
04-30 18:50:44.813 V/EmulatedCamera_Device( 1326): initializeWhiteBalanceModes with auto, 1.000000, 1.000000
04-30 18:50:44.814 V/EmulatedCamera_Device( 1326): initializeWhiteBalanceModes with incandescent, 1.380000, 0.600000
