04-30 18:51:43.307 E/Hyphenator( 1323): 	at java.io.RandomAccessFile.<init>(RandomAccessFile.java:247)
04-30 18:51:43.307 E/Hyphenator( 1323): 	at android.text.Hyphenator.loadHyphenator(Hyphenator.java:118)
04-30 18:51:43.307 E/Hyphenator( 1323): 	at android.text.Hyphenator.init(Hyphenator.java:224)
04-30 18:51:43.307 E/Hyphenator( 1323): 	at com.android.internal.os.ZygoteInit.preloadTextResources(ZygoteInit.java:252)
04-30 18:51:43.307 E/Hyphenator( 1323): 	at com.android.internal.os.ZygoteInit.preload(ZygoteInit.java:206)
04-30 18:51:43.307 E/Hyphenator( 1323): 	at com.android.internal.os.ZygoteInit.main(ZygoteInit.java:743)
04-30 18:51:43.307 E/Hyphenator( 1323): Caused by: android.system.ErrnoException: open failed: ENOENT (No such file or directory)
04-30 18:51:43.307 E/Hyphenator( 1323): 	at libcore.io.Posix.open(Native Method)
04-30 18:51:43.307 E/Hyphenator( 1323): 	at libcore.io.BlockGuardOs.open(BlockGuardOs.java:187)
04-30 18:51:43.307 E/Hyphenator( 1323): 	at libcore.io.IoBridge.open(IoBridge.java:441)
04-30 18:51:43.307 E/Hyphenator( 1323): 	... 6 more
04-30 18:51:43.309 E/Hyphenator( 1323): error loading hyphenation /system/usr/hyphen-data/hyph-hu.hyb
04-30 18:51:43.309 E/Hyphenator( 1323): java.io.FileNotFoundException: /system/usr/hyphen-data/hyph-hu.hyb: open failed: ENOENT (No such file or directory)
04-30 18:51:43.309 E/Hyphenator( 1323): 	at libcore.io.IoBridge.open(IoBridge.java:455)
04-30 18:51:43.309 E/Hyphenator( 1323): 	at java.io.RandomAccessFile.<init>(RandomAccessFile.java:247)
04-30 18:51:43.309 E/Hyphenator( 1323): 	at android.text.Hyphenator.loadHyphenator(Hyphenator.java:118)
04-30 18:51:43.309 E/Hyphenator( 1323): 	at android.text.Hyphenator.init(Hyphenator.java:224)
04-30 18:51:43.309 E/Hyphenator( 1323): 	at com.android.internal.os.ZygoteInit.preloadTextResources(ZygoteInit.java:252)
04-30 18:51:43.309 E/Hyphenator( 1323): 	at com.android.internal.os.ZygoteInit.preload(ZygoteInit.java:206)
04-30 18:51:43.309 E/Hyphenator( 1323): 	at com.android.internal.os.ZygoteInit.main(ZygoteInit.java:743)
04-30 18:51:43.309 E/Hyphenator( 1323): Caused by: android.system.ErrnoException: open failed: ENOENT (No such file or directory)
04-30 18:51:43.309 E/Hyphenator( 1323): 	at libcore.io.Posix.open(Native Method)
04-30 18:51:43.309 E/Hyphenator( 1323): 	at libcore.io.BlockGuardOs.open(BlockGuardOs.java:187)
04-30 18:51:43.309 E/Hyphenator( 1323): 	at libcore.io.IoBridge.open(IoBridge.java:441)
04-30 18:51:43.309 E/Hyphenator( 1323): 	... 6 more
04-30 18:51:43.450 E/Hyphenator( 1323): error loading hyphenation /system/usr/hyphen-data/hyph-hy.hyb
04-30 18:51:43.450 E/Hyphenator( 1323): java.io.FileNotFoundException: /system/usr/hyphen-data/hyph-hy.hyb: open failed: ENOENT (No such file or directory)
04-30 18:51:43.450 E/Hyphenator( 1323): 	at libcore.io.IoBridge.open(IoBridge.java:455)
04-30 18:51:43.450 E/Hyphenator( 1323): 	at java.io.RandomAccessFile.<init>(RandomAccessFile.java:247)
04-30 18:51:43.450 E/Hyphenator( 1323): 	at android.text.Hyphenator.loadHyphenator(Hyphenator.java:118)
04-30 18:51:43.450 E/Hyphenator( 1323): 	at android.text.Hyphenator.init(Hyphenator.java:224)
04-30 18:51:43.450 E/Hyphenator( 1323): 	at com.android.internal.os.ZygoteInit.preloadTextResources(ZygoteInit.java:252)
04-30 18:51:43.450 E/Hyphenator( 1323): 	at com.android.internal.os.ZygoteInit.preload(ZygoteInit.java:206)
04-30 18:51:43.450 E/Hyphenator( 1323): 	at com.android.internal.os.ZygoteInit.main(ZygoteInit.java:743)
04-30 18:51:43.450 E/Hyphenator( 1323): Caused by: android.system.ErrnoException: open failed: ENOENT (No such file or directory)
04-30 18:51:43.450 E/Hyphenator( 1323): 	at libcore.io.Posix.open(Native Method)
04-30 18:51:43.450 E/Hyphenator( 1323): 	at libcore.io.BlockGuardOs.open(BlockGuardOs.java:187)
04-30 18:51:43.450 E/Hyphenator( 1323): 	at libcore.io.IoBridge.open(IoBridge.java:441)
04-30 18:51:43.450 E/Hyphenator( 1323): 	... 6 more
04-30 18:51:43.452 E/Hyphenator( 1323): error loading hyphenation /system/usr/hyphen-data/hyph-kn.hyb
04-30 18:51:43.452 E/Hyphenator( 1323): java.io.FileNotFoundException: /system/usr/hyphen-data/hyph-kn.hyb: open failed: ENOENT (No such file or directory)
04-30 18:51:43.452 E/Hyphenator( 1323): 	at libcore.io.IoBridge.open(IoBridge.java:455)
04-30 18:51:43.452 E/Hyphenator( 1323): 	at java.io.RandomAccessFile.<init>(RandomAccessFile.java:247)
04-30 18:51:43.452 E/Hyphenator( 1323): 	at android.text.Hyphenator.loadHyphenator(Hyphenator.java:118)
04-30 18:51:43.452 E/Hyphenator( 1323): 	at android.text.Hyphenator.init(Hyphenator.java:224)
04-30 18:51:43.452 E/Hyphenator( 1323): 	at com.android.internal.os.ZygoteInit.preloadTextResources(ZygoteInit.java:252)
04-30 18:51:43.452 E/Hyphenator( 1323): 	at com.android.internal.os.ZygoteInit.preload(ZygoteInit.java:206)
04-30 18:51:43.452 E/Hyphenator( 1323): 	at com.android.internal.os.ZygoteInit.main(ZygoteInit.java:743)
04-30 18:51:43.452 E/Hyphenator( 1323): Caused by: android.system.ErrnoException: open failed: ENOENT (No such file or directory)
04-30 18:51:43.452 E/Hyphenator( 1323): 	at libcore.io.Posix.open(Native Method)
04-30 18:51:43.452 E/Hyphenator( 1323): 	at libcore.io.BlockGuardOs.open(BlockGuardOs.java:187)
04-30 18:51:43.452 E/Hyphenator( 1323): 	at libcore.io.IoBridge.open(IoBridge.java:441)
04-30 18:51:43.452 E/Hyphenator( 1323): 	... 6 more
04-30 18:51:43.454 E/Hyphenator( 1323): error loading hyphenation /system/usr/hyphen-data/hyph-ml.hyb
04-30 18:51:43.454 E/Hyphenator( 1323): java.io.FileNotFoundException: /system/usr/hyphen-data/hyph-ml.hyb: open failed: ENOENT (No such file or directory)
04-30 18:51:43.454 E/Hyphenator( 1323): 	at libcore.io.IoBridge.open(IoBridge.java:455)
04-30 18:51:43.454 E/Hyphenator( 1323): 	at java.io.RandomAccessFile.<init>(RandomAccessFile.java:247)
04-30 18:51:43.454 E/Hyphenator( 1323): 	at android.text.Hyphenator.loadHyphenator(Hyphenator.java:118)
04-30 18:51:43.454 E/Hyphenator( 1323): 	at android.text.Hyphenator.init(Hyphenator.java:224)
04-30 18:51:43.454 E/Hyphenator( 1323): 	at com.android.internal.os.ZygoteInit.preloadTextResources(ZygoteInit.java:252)
04-30 18:51:43.454 E/Hyphenator( 1323): 	at com.android.internal.os.ZygoteInit.preload(ZygoteInit.java:206)
04-30 18:51:43.454 E/Hyphenator( 1323): 	at com.android.internal.os.ZygoteInit.main(ZygoteInit.java:743)
04-30 18:51:43.454 E/Hyphenator( 1323): Caused by: android.system.ErrnoException: open failed: ENOENT (No such file or directory)
04-30 18:51:43.454 E/Hyphenator( 1323): 	at libcore.io.Posix.open(Native Method)
04-30 18:51:43.454 E/Hyphenator( 1323): 	at libcore.io.BlockGuardOs.open(BlockGuardOs.java:187)
04-30 18:51:43.454 E/Hyphenator( 1323): 	at libcore.io.IoBridge.open(IoBridge.java:441)
04-30 18:51:43.454 E/Hyphenator( 1323): 	... 6 more
04-30 18:51:43.456 E/Hyphenator( 1323): error loading hyphenation /system/usr/hyphen-data/hyph-mn-cyrl.hyb
04-30 18:51:43.456 E/Hyphenator( 1323): java.io.FileNotFoundException: /system/usr/hyphen-data/hyph-mn-cyrl.hyb: open failed: ENOENT (No such file or directory)
04-30 18:51:43.456 E/Hyphenator( 1323): 	at libcore.io.IoBridge.open(IoBridge.java:455)
04-30 18:51:43.456 E/Hyphenator( 1323): 	at java.io.RandomAccessFile.<init>(RandomAccessFile.java:247)
04-30 18:51:43.456 E/Hyphenator( 1323): 	at android.text.Hyphenator.loadHyphenator(Hyphenator.java:118)
04-30 18:51:43.456 E/Hyphenator( 1323): 	at android.text.Hyphenator.init(Hyphenator.java:224)
04-30 18:51:43.456 E/Hyphenator( 1323): 	at com.android.internal.os.ZygoteInit.preloadTextResources(ZygoteInit.java:252)
04-30 18:51:43.456 E/Hyphenator( 1323): 	at com.android.internal.os.ZygoteInit.preload(ZygoteInit.java:206)
04-30 18:51:43.456 E/Hyphenator( 1323): 	at com.android.internal.os.ZygoteInit.main(ZygoteInit.java:743)
04-30 18:51:43.456 E/Hyphenator( 1323): Caused by: android.system.ErrnoException: open failed: ENOENT (No such file or directory)
04-30 18:51:43.456 E/Hyphenator( 1323): 	at libcore.io.Posix.open(Native Method)
04-30 18:51:43.456 E/Hyphenator( 1323): 	at libcore.io.BlockGuardOs.open(BlockGuardOs.java:187)
04-30 18:51:43.456 E/Hyphenator( 1323): 	at libcore.io.IoBridge.open(IoBridge.java:441)
04-30 18:51:43.456 E/Hyphenator( 1323): 	... 6 more
04-30 18:51:43.457 E/Hyphenator( 1323): error loading hyphenation /system/usr/hyphen-data/hyph-mr.hyb
04-30 18:51:43.457 E/Hyphenator( 1323): java.io.FileNotFoundException: /system/usr/hyphen-data/hyph-mr.hyb: open failed: ENOENT (No such file or directory)
04-30 18:51:43.457 E/Hyphenator( 1323): 	at libcore.io.IoBridge.open(IoBridge.java:455)
04-30 18:51:43.457 E/Hyphenator( 1323): 	at java.io.RandomAccessFile.<init>(RandomAccessFile.java:247)
04-30 18:51:43.457 E/Hyphenator( 1323): 	at android.text.Hyphenator.loadHyphenator(Hyphenator.java:118)
04-30 18:51:43.457 E/Hyphenator( 1323): 	at android.text.Hyphenator.init(Hyphenator.java:224)
04-30 18:51:43.457 E/Hyphenator( 1323): 	at com.android.internal.os.ZygoteInit.preloadTextResources(ZygoteInit.java:252)
04-30 18:51:43.457 E/Hyphenator( 1323): 	at com.android.internal.os.ZygoteInit.preload(ZygoteInit.java:206)
04-30 18:51:43.457 E/Hyphenator( 1323): 	at com.android.internal.os.ZygoteInit.main(ZygoteInit.java:743)
04-30 18:51:43.457 E/Hyphenator( 1323): Caused by: android.system.ErrnoException: open failed: ENOENT (No such file or directory)
04-30 18:51:43.457 E/Hyphenator( 1323): 	at libcore.io.Posix.open(Native Method)
04-30 18:51:43.457 E/Hyphenator( 1323): 	at libcore.io.BlockGuardOs.open(BlockGuardOs.java:187)
04-30 18:51:43.457 E/Hyphenator( 1323): 	at libcore.io.IoBridge.open(IoBridge.java:441)
04-30 18:51:43.457 E/Hyphenator( 1323): 	... 6 more
04-30 18:51:43.459 E/Hyphenator( 1323): error loading hyphenation /system/usr/hyphen-data/hyph-nb.hyb
04-30 18:51:43.459 E/Hyphenator( 1323): java.io.FileNotFoundException: /system/usr/hyphen-data/hyph-nb.hyb: open failed: ENOENT (No such file or directory)
04-30 18:51:43.459 E/Hyphenator( 1323): 	at libcore.io.IoBridge.open(IoBridge.java:455)
04-30 18:51:43.459 E/Hyphenator( 1323): 	at java.io.RandomAccessFile.<init>(RandomAccessFile.java:247)
04-30 18:51:43.459 E/Hyphenator( 1323): 	at android.text.Hyphenator.loadHyphenator(Hyphenator.java:118)
04-30 18:51:43.459 E/Hyphenator( 1323): 	at android.text.Hyphenator.init(Hyphenator.java:224)
04-30 18:51:43.459 E/Hyphenator( 1323): 	at com.android.internal.os.ZygoteInit.preloadTextResources(ZygoteInit.java:252)
04-30 18:51:43.459 E/Hyphenator( 1323): 	at com.android.internal.os.ZygoteInit.preload(ZygoteInit.java:206)
04-30 18:51:43.459 E/Hyphenator( 1323): 	at com.android.internal.os.ZygoteInit.main(ZygoteInit.java:743)
04-30 18:51:43.459 E/Hyphenator( 1323): Caused by: android.system.ErrnoException: open failed: ENOENT (No such file or directory)
04-30 18:51:43.459 E/Hyphenator( 1323): 	at libcore.io.Posix.open(Native Method)
04-30 18:51:43.459 E/Hyphenator( 1323): 	at libcore.io.BlockGuardOs.open(BlockGuardOs.java:187)
04-30 18:51:43.459 E/Hyphenator( 1323): 	at libcore.io.IoBridge.open(IoBridge.java:441)
04-30 18:51:43.459 E/Hyphenator( 1323): 	... 6 more
04-30 18:51:43.502 E/Hyphenator( 1323): error loading hyphenation /system/usr/hyphen-data/hyph-nn.hyb
04-30 18:51:43.502 E/Hyphenator( 1323): java.io.FileNotFoundException: /system/usr/hyphen-data/hyph-nn.hyb: open failed: ENOENT (No such file or directory)
04-30 18:51:43.502 E/Hyphenator( 1323): 	at libcore.io.IoBridge.open(IoBridge.java:455)
04-30 18:51:43.502 E/Hyphenator( 1323): 	at java.io.RandomAccessFile.<init>(RandomAccessFile.java:247)
04-30 18:51:43.502 E/Hyphenator( 1323): 	at android.text.Hyphenator.loadHyphenator(Hyphenator.java:118)
04-30 18:51:43.502 E/Hyphenator( 1323): 	at android.text.Hyphenator.init(Hyphenator.java:224)
04-30 18:51:43.502 E/Hyphenator( 1323): 	at com.android.internal.os.ZygoteInit.preloadTextResources(ZygoteInit.java:252)
04-30 18:51:43.502 E/Hyphenator( 1323): 	at com.android.internal.os.ZygoteInit.preload(ZygoteInit.java:206)
04-30 18:51:43.502 E/Hyphenator( 1323): 	at com.android.internal.os.ZygoteInit.main(ZygoteInit.java:743)
04-30 18:51:43.502 E/Hyphenator( 1323): Caused by: android.system.ErrnoException: open failed: ENOENT (No such file or directory)
04-30 18:51:43.502 E/Hyphenator( 1323): 	at libcore.io.Posix.open(Native Method)
04-30 18:51:43.502 E/Hyphenator( 1323): 	at libcore.io.BlockGuardOs.open(BlockGuardOs.java:187)
04-30 18:51:43.502 E/Hyphenator( 1323): 	at libcore.io.IoBridge.open(IoBridge.java:441)
04-30 18:51:43.502 E/Hyphenator( 1323): 	... 6 more
04-30 18:51:43.504 E/Hyphenator( 1323): error loading hyphenation /system/usr/hyphen-data/hyph-or.hyb
04-30 18:51:43.504 E/Hyphenator( 1323): java.io.FileNotFoundException: /system/usr/hyphen-data/hyph-or.hyb: open failed: ENOENT (No such file or directory)
04-30 18:51:43.504 E/Hyphenator( 1323): 	at libcore.io.IoBridge.open(IoBridge.java:455)
04-30 18:51:43.504 E/Hyphenator( 1323): 	at java.io.RandomAccessFile.<init>(RandomAccessFile.java:247)
04-30 18:51:43.504 E/Hyphenator( 1323): 	at android.text.Hyphenator.loadHyphenator(Hyphenator.java:118)
04-30 18:51:43.504 E/Hyphenator( 1323): 	at android.text.Hyphenator.init(Hyphenator.java:224)
04-30 18:51:43.504 E/Hyphenator( 1323): 	at com.android.internal.os.ZygoteInit.preloadTextResources(ZygoteInit.java:252)
04-30 18:51:43.504 E/Hyphenator( 1323): 	at com.android.internal.os.ZygoteInit.preload(ZygoteInit.java:206)
04-30 18:51:43.504 E/Hyphenator( 1323): 	at com.android.internal.os.ZygoteInit.main(ZygoteInit.java:743)
04-30 18:51:43.504 E/Hyphenator( 1323): Caused by: android.system.ErrnoException: open failed: ENOENT (No such file or directory)
04-30 18:51:43.504 E/Hyphenator( 1323): 	at libcore.io.Posix.open(Native Method)
04-30 18:51:43.504 E/Hyphenator( 1323): 	at libcore.io.BlockGuardOs.open(BlockGuardOs.java:187)
04-30 18:51:43.504 E/Hyphenator( 1323): 	at libcore.io.IoBridge.open(IoBridge.java:441)
04-30 18:51:43.504 E/Hyphenator( 1323): 	... 6 more
04-30 18:51:43.505 E/Hyphenator( 1323): error loading hyphenation /system/usr/hyphen-data/hyph-pa.hyb
04-30 18:51:43.505 E/Hyphenator( 1323): java.io.FileNotFoundException: /system/usr/hyphen-data/hyph-pa.hyb: open failed: ENOENT (No such file or directory)
04-30 18:51:43.505 E/Hyphenator( 1323): 	at libcore.io.IoBridge.open(IoBridge.java:455)
04-30 18:51:43.505 E/Hyphenator( 1323): 	at java.io.RandomAccessFile.<init>(RandomAccessFile.java:247)
04-30 18:51:43.505 E/Hyphenator( 1323): 	at android.text.Hyphenator.loadHyphenator(Hyphenator.java:118)
04-30 18:51:43.505 E/Hyphenator( 1323): 	at android.text.Hyphenator.init(Hyphenator.java:224)
04-30 18:51:43.505 E/Hyphenator( 1323): 	at com.android.internal.os.ZygoteInit.preloadTextResources(ZygoteInit.java:252)
04-30 18:51:43.505 E/Hyphenator( 1323): 	at com.android.internal.os.ZygoteInit.preload(ZygoteInit.java:206)
04-30 18:51:43.505 E/Hyphenator( 1323): 	at com.android.internal.os.ZygoteInit.main(ZygoteInit.java:743)
04-30 18:51:43.505 E/Hyphenator( 1323): Caused by: android.system.ErrnoException: open failed: ENOENT (No such file or directory)
04-30 18:51:43.505 E/Hyphenator( 1323): 	at libcore.io.Posix.open(Native Method)
04-30 18:51:43.505 E/Hyphenator( 1323): 	at libcore.io.BlockGuardOs.open(BlockGuardOs.java:187)
04-30 18:51:43.505 E/Hyphenator( 1323): 	at libcore.io.IoBridge.open(IoBridge.java:441)
04-30 18:51:43.505 E/Hyphenator( 1323): 	... 6 more
04-30 18:51:43.507 E/Hyphenator( 1323): error loading hyphenation /system/usr/hyphen-data/hyph-pt.hyb
04-30 18:51:43.507 E/Hyphenator( 1323): java.io.FileNotFoundException: /system/usr/hyphen-data/hyph-pt.hyb: open failed: ENOENT (No such file or directory)
04-30 18:51:43.507 E/Hyphenator( 1323): 	at libcore.io.IoBridge.open(IoBridge.java:455)
04-30 18:51:43.507 E/Hyphenator( 1323): 	at java.io.RandomAccessFile.<init>(RandomAccessFile.java:247)
04-30 18:51:43.507 E/Hyphenator( 1323): 	at android.text.Hyphenator.loadHyphenator(Hyphenator.java:118)
04-30 18:51:43.507 E/Hyphenator( 1323): 	at android.text.Hyphenator.init(Hyphenator.java:224)
04-30 18:51:43.507 E/Hyphenator( 1323): 	at com.android.internal.os.ZygoteInit.preloadTextResources(ZygoteInit.java:252)
04-30 18:51:43.507 E/Hyphenator( 1323): 	at com.android.internal.os.ZygoteInit.preload(ZygoteInit.java:206)
04-30 18:51:43.507 E/Hyphenator( 1323): 	at com.android.internal.os.ZygoteInit.main(ZygoteInit.java:743)
04-30 18:51:43.507 E/Hyphenator( 1323): Caused by: android.system.ErrnoException: open failed: ENOENT (No such file or directory)
04-30 18:51:43.507 E/Hyphenator( 1323): 	at libcore.io.Posix.open(Native Method)
04-30 18:51:43.507 E/Hyphenator( 1323): 	at libcore.io.BlockGuardOs.open(BlockGuardOs.java:187)
04-30 18:51:43.507 E/Hyphenator( 1323): 	at libcore.io.IoBridge.open(IoBridge.java:441)
04-30 18:51:43.507 E/Hyphenator( 1323): 	... 6 more
04-30 18:51:43.508 E/Hyphenator( 1323): error loading hyphenation /system/usr/hyphen-data/hyph-sl.hyb
04-30 18:51:43.508 E/Hyphenator( 1323): java.io.FileNotFoundException: /system/usr/hyphen-data/hyph-sl.hyb: open failed: ENOENT (No such file or directory)
04-30 18:51:43.508 E/Hyphenator( 1323): 	at libcore.io.IoBridge.open(IoBridge.java:455)
04-30 18:51:43.508 E/Hyphenator( 1323): 	at java.io.RandomAccessFile.<init>(RandomAccessFile.java:247)
04-30 18:51:43.508 E/Hyphenator( 1323): 	at android.text.Hyphenator.loadHyphenator(Hyphenator.java:118)
04-30 18:51:43.508 E/Hyphenator( 1323): 	at android.text.Hyphenator.init(Hyphenator.java:224)
04-30 18:51:43.508 E/Hyphenator( 1323): 	at com.android.internal.os.ZygoteInit.preloadTextResources(ZygoteInit.java:252)
04-30 18:51:43.508 E/Hyphenator( 1323): 	at com.android.internal.os.ZygoteInit.preload(ZygoteInit.java:206)
04-30 18:51:43.508 E/Hyphenator( 1323): 	at com.android.internal.os.ZygoteInit.main(ZygoteInit.java:743)
04-30 18:51:43.508 E/Hyphenator( 1323): Caused by: android.system.ErrnoException: open failed: ENOENT (No such file or directory)
04-30 18:51:43.508 E/Hyphenator( 1323): 	at libcore.io.Posix.open(Native Method)
04-30 18:51:43.508 E/Hyphenator( 1323): 	at libcore.io.BlockGuardOs.open(BlockGuardOs.java:187)
04-30 18:51:43.508 E/Hyphenator( 1323): 	at libcore.io.IoBridge.open(IoBridge.java:441)
04-30 18:51:43.508 E/Hyphenator( 1323): 	... 6 more
04-30 18:51:43.559 E/Hyphenator( 1323): error loading hyphenation /system/usr/hyphen-data/hyph-ta.hyb
04-30 18:51:43.559 E/Hyphenator( 1323): java.io.FileNotFoundException: /system/usr/hyphen-data/hyph-ta.hyb: open failed: ENOENT (No such file or directory)
04-30 18:51:43.559 E/Hyphenator( 1323): 	at libcore.io.IoBridge.open(IoBridge.java:455)
04-30 18:51:43.559 E/Hyphenator( 1323): 	at java.io.RandomAccessFile.<init>(RandomAccessFile.java:247)
04-30 18:51:43.559 E/Hyphenator( 1323): 	at android.text.Hyphenator.loadHyphenator(Hyphenator.java:118)
04-30 18:51:43.559 E/Hyphenator( 1323): 	at android.text.Hyphenator.init(Hyphenator.java:224)
04-30 18:51:43.559 E/Hyphenator( 1323): 	at com.android.internal.os.ZygoteInit.preloadTextResources(ZygoteInit.java:252)
04-30 18:51:43.559 E/Hyphenator( 1323): 	at com.android.internal.os.ZygoteInit.preload(ZygoteInit.java:206)
04-30 18:51:43.559 E/Hyphenator( 1323): 	at com.android.internal.os.ZygoteInit.main(ZygoteInit.java:743)
04-30 18:51:43.559 E/Hyphenator( 1323): Caused by: android.system.ErrnoException: open failed: ENOENT (No such file or directory)
04-30 18:51:43.559 E/Hyphenator( 1323): 	at libcore.io.Posix.open(Native Method)
04-30 18:51:43.559 E/Hyphenator( 1323): 	at libcore.io.BlockGuardOs.open(BlockGuardOs.java:187)
04-30 18:51:43.559 E/Hyphenator( 1323): 	at libcore.io.IoBridge.open(IoBridge.java:441)
04-30 18:51:43.559 E/Hyphenator( 1323): 	... 6 more
04-30 18:51:43.562 E/Hyphenator( 1323): error loading hyphenation /system/usr/hyphen-data/hyph-te.hyb
04-30 18:51:43.562 E/Hyphenator( 1323): java.io.FileNotFoundException: /system/usr/hyphen-data/hyph-te.hyb: open failed: ENOENT (No such file or directory)
04-30 18:51:43.562 E/Hyphenator( 1323): 	at libcore.io.IoBridge.open(IoBridge.java:455)
04-30 18:51:43.562 E/Hyphenator( 1323): 	at java.io.RandomAccessFile.<init>(RandomAccessFile.java:247)
04-30 18:51:43.562 E/Hyphenator( 1323): 	at android.text.Hyphenator.loadHyphenator(Hyphenator.java:118)
04-30 18:51:43.562 E/Hyphenator( 1323): 	at android.text.Hyphenator.init(Hyphenator.java:224)
04-30 18:51:43.562 E/Hyphenator( 1323): 	at com.android.internal.os.ZygoteInit.preloadTextResources(ZygoteInit.java:252)
04-30 18:51:43.562 E/Hyphenator( 1323): 	at com.android.internal.os.ZygoteInit.preload(ZygoteInit.java:206)
04-30 18:51:43.562 E/Hyphenator( 1323): 	at com.android.internal.os.ZygoteInit.main(ZygoteInit.java:743)
04-30 18:51:43.562 E/Hyphenator( 1323): Caused by: android.system.ErrnoException: open failed: ENOENT (No such file or directory)
04-30 18:51:43.562 E/Hyphenator( 1323): 	at libcore.io.Posix.open(Native Method)
04-30 18:51:43.562 E/Hyphenator( 1323): 	at libcore.io.BlockGuardOs.open(BlockGuardOs.java:187)
04-30 18:51:43.562 E/Hyphenator( 1323): 	at libcore.io.IoBridge.open(IoBridge.java:441)
04-30 18:51:43.562 E/Hyphenator( 1323): 	... 6 more
04-30 18:51:43.564 E/Hyphenator( 1323): error loading hyphenation /system/usr/hyphen-data/hyph-tk.hyb
04-30 18:51:43.564 E/Hyphenator( 1323): java.io.FileNotFoundException: /system/usr/hyphen-data/hyph-tk.hyb: open failed: ENOENT (No such file or directory)
04-30 18:51:43.564 E/Hyphenator( 1323): 	at libcore.io.IoBridge.open(IoBridge.java:455)
04-30 18:51:43.564 E/Hyphenator( 1323): 	at java.io.RandomAccessFile.<init>(RandomAccessFile.java:247)
04-30 18:51:43.564 E/Hyphenator( 1323): 	at android.text.Hyphenator.loadHyphenator(Hyphenator.java:118)
04-30 18:51:43.564 E/Hyphenator( 1323): 	at android.text.Hyphenator.init(Hyphenator.java:224)
04-30 18:51:43.564 E/Hyphenator( 1323): 	at com.android.internal.os.ZygoteInit.preloadTextResources(ZygoteInit.java:252)
04-30 18:51:43.564 E/Hyphenator( 1323): 	at com.android.internal.os.ZygoteInit.preload(ZygoteInit.java:206)
04-30 18:51:43.564 E/Hyphenator( 1323): 	at com.android.internal.os.ZygoteInit.main(ZygoteInit.java:743)
04-30 18:51:43.564 E/Hyphenator( 1323): Caused by: android.system.ErrnoException: open failed: ENOENT (No such file or directory)
04-30 18:51:43.564 E/Hyphenator( 1323): 	at libcore.io.Posix.open(Native Method)
04-30 18:51:43.564 E/Hyphenator( 1323): 	at libcore.io.BlockGuardOs.open(BlockGuardOs.java:187)
04-30 18:51:43.564 E/Hyphenator( 1323): 	at libcore.io.IoBridge.open(IoBridge.java:441)
04-30 18:51:43.564 E/Hyphenator( 1323): 	... 6 more
04-30 18:51:43.565 E/Hyphenator( 1323): error loading hyphenation /system/usr/hyphen-data/hyph-und-ethi.hyb
04-30 18:51:43.565 E/Hyphenator( 1323): java.io.FileNotFoundException: /system/usr/hyphen-data/hyph-und-ethi.hyb: open failed: ENOENT (No such file or directory)
04-30 18:51:43.565 E/Hyphenator( 1323): 	at libcore.io.IoBridge.open(IoBridge.java:455)
04-30 18:51:43.565 E/Hyphenator( 1323): 	at java.io.RandomAccessFile.<init>(RandomAccessFile.java:247)
04-30 18:51:43.565 E/Hyphenator( 1323): 	at android.text.Hyphenator.loadHyphenator(Hyphenator.java:118)
04-30 18:51:43.565 E/Hyphenator( 1323): 	at android.text.Hyphenator.init(Hyphenator.java:224)
04-30 18:51:43.565 E/Hyphenator( 1323): 	at com.android.internal.os.ZygoteInit.preloadTextResources(ZygoteInit.java:252)
04-30 18:51:43.565 E/Hyphenator( 1323): 	at com.android.internal.os.ZygoteInit.preload(ZygoteInit.java:206)
04-30 18:51:43.565 E/Hyphenator( 1323): 	at com.android.internal.os.ZygoteInit.main(ZygoteInit.java:743)
04-30 18:51:43.565 E/Hyphenator( 1323): Caused by: android.system.ErrnoException: open failed: ENOENT (No such file or directory)
04-30 18:51:43.565 E/Hyphenator( 1323): 	at libcore.io.Posix.open(Native Method)
04-30 18:51:43.565 E/Hyphenator( 1323): 	at libcore.io.BlockGuardOs.open(BlockGuardOs.java:187)
04-30 18:51:43.565 E/Hyphenator( 1323): 	at libcore.io.IoBridge.open(IoBridge.java:441)
04-30 18:51:43.565 E/Hyphenator( 1323): 	... 6 more
04-30 18:51:43.994 I/Zygote  ( 1323): Uninstalled ICU cache reference pinning...
04-30 18:51:44.026 I/Zygote  ( 1323): Installed AndroidKeyStoreProvider in 32ms.
04-30 18:51:44.464 I/Zygote  ( 1323): Warmed up JCA providers in 438ms.
04-30 18:51:44.464 D/Zygote  ( 1323): end preload
04-30 18:51:44.466 I/art     ( 1323): Starting a blocking GC Explicit
04-30 18:51:44.828 I/art     ( 1323): Explicit concurrent mark sweep GC freed 15978(1201KB) AllocSpace objects, 1(32KB) LOS objects, 39% free, 6MB/10MB, paused 2.013ms total 357.558ms
04-30 18:51:45.002 I/art     ( 1323): Starting a blocking GC Explicit
04-30 18:51:45.182 I/art     ( 1323): Explicit concurrent mark sweep GC freed 1359(52KB) AllocSpace objects, 3(132KB) LOS objects, 39% free, 6MB/10MB, paused 728us total 178.206ms
04-30 18:51:45.186 I/Zygote  ( 1323): Accepting command socket connections
04-30 18:51:45.442 I/Zygote  ( 2687): Process: zygote socket opened, supported ABIS: x86
04-30 18:51:45.447 I/InstallerConnection( 2687): connecting...
04-30 18:51:45.449 I/        ( 1328): new connection
04-30 18:51:45.688 I/InstallerConnection( 2687): disconnecting...
04-30 18:51:45.689 E/        ( 1328): eof
04-30 18:51:45.689 E/        ( 1328): failed to read size
04-30 18:51:45.689 I/        ( 1328): closing connection
04-30 18:51:46.343 I/SystemServer( 2687): Entered the Android system server!
04-30 18:51:47.911 I/SystemServiceManager( 2687): Starting com.android.server.pm.Installer
04-30 18:51:47.930 I/Installer( 2687): Waiting for installd to be ready.
04-30 18:51:47.930 I/InstallerConnection( 2687): connecting...
04-30 18:51:47.940 I/        ( 1328): new connection
04-30 18:51:47.951 I/SystemServiceManager( 2687): Starting com.android.server.am.ActivityManagerService$Lifecycle
04-30 18:51:48.193 I/ActivityManager( 2687): Memory class: 256
04-30 18:51:48.281 I/ServiceThread( 2687): Enabled StrictMode logging for ActivityManager looper.
04-30 18:51:48.342 I/ServiceThread( 2687): Enabled StrictMode logging for android.ui looper.
04-30 18:51:48.591 D/BatteryStatsImpl( 2687): Reading daily items from /data/system/batterystats-daily.xml
04-30 18:51:50.051 W/ProcessCpuTracker( 2687): Skipping unknown process pid 2739
04-30 18:51:50.111 I/IntentFirewall( 2687): Read new rules (A:0 B:0 S:0)
04-30 18:51:50.332 I/ServiceThread( 2687): Enabled StrictMode logging for android.display looper.
04-30 18:51:50.465 D/AppOps  ( 2687): AppOpsService published
04-30 18:51:50.467 I/SystemServiceManager( 2687): Starting com.android.server.power.PowerManagerService
04-30 18:51:50.515 I/ServiceThread( 2687): Enabled StrictMode logging for PowerManagerService looper.
04-30 18:51:50.541 E/PowerManagerService-JNI( 2687): Couldn't load power module (No such file or directory)
04-30 18:51:50.542 W/libsuspend( 2687): Error writing 'on' to /sys/power/state: Invalid argument
04-30 18:51:50.542 I/libsuspend( 2687): Selected wakeup count
04-30 18:51:50.712 I/SystemServiceManager( 2687): Starting com.android.server.lights.LightsService
04-30 18:51:50.771 I/SystemServiceManager( 2687): Starting com.android.server.display.DisplayManagerService
04-30 18:51:51.187 E/SurfaceFlinger( 1319): ro.sf.lcd_density must be defined as a build property
04-30 18:51:51.218 I/SystemServiceManager( 2687): Starting phase 100
04-30 18:51:51.297 I/DisplayManagerService( 2687): Display device added: DisplayDeviceInfo{"Built-in Screen": uniqueId="local:0", 1080 x 1920, modeId 1, defaultModeId 1, supportedModes [{id=1, width=1080, height=1920, fps=60.000004}], colorMode 0, supportedColorModes [0], HdrCapabilities android.view.Display$HdrCapabilities@a69d6308, density 480, 480.0 x 480.0 dpi, appVsyncOff 1000000, presDeadline 16666666, touch INTERNAL, rotation 0, type BUILT_IN, state UNKNOWN, FLAG_DEFAULT_DISPLAY, FLAG_ROTATES_WITH_CONTENT, FLAG_SECURE, FLAG_SUPPORTS_PROTECTED_BUFFERS}
04-30 18:51:51.340 D/SurfaceFlinger( 1319): Set power mode=2, type=0 flinger=0x72ceb3c47000
04-30 18:51:51.340 D/SurfaceFlinger( 1319): Screen type=0 is already mode=2
04-30 18:51:51.346 I/DisplayManagerService( 2687): Display device changed state: "Built-in Screen", ON
04-30 18:51:51.348 I/SystemServer( 2687): StartPackageManagerService
04-30 18:51:51.892 W/SystemConfig( 2687): No directory /system/etc/sysconfig, skipping
04-30 18:51:52.511 D/SELinuxMMAC( 2687): Using policy file /system/etc/security/mac_permissions.xml
04-30 18:51:54.702 E/art     ( 2687): DexFile_getDexOptNeeded file '/system/framework/org.apache.http.legacy.jar' does not exist
04-30 18:51:54.704 W/PackageManager( 2687): Library not found: /system/framework/org.apache.http.legacy.jar
04-30 18:51:54.874 E/art     ( 2687): DexFile_getDexOptNeeded file '/system/framework/org.apache.http.legacy.jar' does not exist
04-30 18:51:54.874 W/PackageManager( 2687): Library not found: /system/framework/org.apache.http.legacy.jar
04-30 18:51:54.921 D/PackageManager( 2687): No files in app dir /vendor/overlay
04-30 18:51:56.201 W/PackageManager( 2687): Failed to parse /system/framework/oat: Missing base APK in /system/framework/oat
04-30 18:51:56.204 W/PackageManager( 2687): Failed to parse /system/framework/x86: Missing base APK in /system/framework/x86
04-30 18:51:56.205 W/PackageManager( 2687): Failed to parse /system/framework/x86_64: Missing base APK in /system/framework/x86_64
04-30 18:51:57.216 W/PackageParser( 2687): No actions in intent filter at /system/priv-app/Contacts/Contacts.apk Binary XML file line #409
04-30 18:51:57.828 W/PackageParser( 2687): No actions in intent filter at /system/priv-app/Dialer/Dialer.apk Binary XML file line #186
04-30 18:51:58.486 W/PackageManager( 2687): Permission android.permission.DOWNLOAD_WITHOUT_NOTIFICATION from package com.android.providers.downloads in an unknown group android.permission-group.NETWORK
04-30 18:52:00.866 W/PackageParser( 2687): Ignoring duplicate uses-permissions/uses-permissions-sdk-m: android.permission.USE_CREDENTIALS in package: com.android.settings at: Binary XML file line #53
04-30 18:52:00.867 W/PackageParser( 2687): Ignoring duplicate uses-permissions/uses-permissions-sdk-m: android.permission.READ_SYNC_SETTINGS in package: com.android.settings at: Binary XML file line #58
04-30 18:52:00.867 W/PackageParser( 2687): Ignoring duplicate uses-permissions/uses-permissions-sdk-m: android.permission.WRITE_SYNC_SETTINGS in package: com.android.settings at: Binary XML file line #59
04-30 18:52:02.429 W/PackageParser( 2687): Ignoring duplicate uses-permissions/uses-permissions-sdk-m: android.permission.INSTALL_GRANT_RUNTIME_PERMISSIONS in package: com.android.shell at: Binary XML file line #102
04-30 18:52:03.146 W/PackageParser( 2687): Ignoring duplicate uses-permissions/uses-permissions-sdk-m: android.permission.CONFIGURE_WIFI_DISPLAY in package: com.android.systemui at: Binary XML file line #123
04-30 18:52:04.376 I/art     ( 2687): Background sticky concurrent mark sweep GC freed 33456(2MB) AllocSpace objects, 20(416KB) LOS objects, 31% free, 6MB/10MB, paused 1.760ms total 505.313ms
04-30 18:52:05.440 W/PackageManager( 2687): Non-privileged app; cap priority to 0; package: com.android.calendar activity: com.android.calendar.GoogleCalendarUriIntentFilter origPrio: 50
04-30 18:52:05.724 W/PackageManager( 2687): Non-privileged app; cap priority to 0; package: com.android.cts.ctsshim activity: com.android.cts.ctsshim.InstallPriority origPrio: 100
04-30 18:52:05.724 W/PackageManager( 2687): Non-privileged app; cap priority to 0; package: com.android.cts.ctsshim activity: com.android.cts.ctsshim.InstallPriority origPrio: 100
04-30 18:52:05.724 W/PackageManager( 2687): Non-privileged app; cap priority to 0; package: com.android.cts.ctsshim activity: com.android.cts.ctsshim.InstallPriority origPrio: 100
04-30 18:52:05.724 W/PackageManager( 2687): Non-privileged app; cap priority to 0; package: com.android.cts.ctsshim activity: com.android.cts.ctsshim.InstallPriority origPrio: 100
04-30 18:52:05.724 W/PackageManager( 2687): Non-privileged app; cap priority to 0; package: com.android.cts.ctsshim activity: com.android.cts.ctsshim.InstallPriority origPrio: 100
04-30 18:52:06.491 V/NatController( 1339): runCmd(/system/bin/iptables -w -F natctrl_FORWARD) res=0
04-30 18:52:06.731 V/NatController( 1339): runCmd(/system/bin/ip6tables -w -F natctrl_FORWARD) res=0
04-30 18:52:06.763 W/PackageParser( 2687): Ignoring duplicate uses-permissions/uses-permissions-sdk-m: android.permission.WRITE_CONTACTS in package: com.android.email at: Binary XML file line #40
04-30 18:52:06.981 V/NatController( 1339): runCmd(/system/bin/iptables -w -A natctrl_FORWARD -j DROP) res=0
04-30 18:52:07.119 V/NatController( 1339): runCmd(/system/bin/iptables -w -t nat -F natctrl_nat_POSTROUTING) res=0
04-30 18:52:07.324 V/NatController( 1339): runCmd(/system/bin/ip6tables -w -t raw -F natctrl_raw_PREROUTING) res=0
04-30 18:52:07.663 V/NatController( 1339): runCmd(/system/bin/iptables -w -F natctrl_tether_counters) res=1
04-30 18:52:07.723 W/PackageParser( 2687): Unknown element under <application>: permission at /system/app/Gallery2/Gallery2.apk Binary XML file line #238
04-30 18:52:07.723 W/PackageParser( 2687): Unknown element under <application>: permission at /system/app/Gallery2/Gallery2.apk Binary XML file line #241
04-30 18:52:08.002 V/NatController( 1339): runCmd(/system/bin/ip6tables -w -F natctrl_tether_counters) res=1
04-30 18:52:08.162 V/NatController( 1339): runCmd(/system/bin/iptables -w -X natctrl_tether_counters) res=1
04-30 18:52:08.292 V/NatController( 1339): runCmd(/system/bin/ip6tables -w -X natctrl_tether_counters) res=1
04-30 18:52:08.491 V/NatController( 1339): runCmd(/system/bin/iptables -w -N natctrl_tether_counters) res=0
04-30 18:52:08.582 V/NatController( 1339): runCmd(/system/bin/ip6tables -w -N natctrl_tether_counters) res=0
04-30 18:52:08.671 W/PackageManager( 2687): Permission com.android.launcher3.permission.READ_SETTINGS from package com.android.launcher3 in an unknown group android.permission-group.SYSTEM_TOOLS
04-30 18:52:08.671 W/PackageManager( 2687): Permission com.android.launcher3.permission.WRITE_SETTINGS from package com.android.launcher3 in an unknown group android.permission-group.SYSTEM_TOOLS
04-30 18:52:08.671 W/PackageManager( 2687): Permission com.android.launcher.permission.INSTALL_SHORTCUT from package com.android.launcher3 in an unknown group android.permission-group.SYSTEM_TOOLS
04-30 18:52:08.900 V/NatController( 1339): runCmd(/system/bin/iptables -w -t mangle -A natctrl_mangle_FORWARD -p tcp --tcp-flags SYN SYN -j TCPMSS --clamp-mss-to-pmtu) res=0
04-30 18:52:11.193 D/PackageManager( 2687): No files in app dir /system/vendor/app
04-30 18:52:11.194 D/PackageManager( 2687): No files in app dir /oem/app
04-30 18:52:12.391 W/PackageParser( 2687): No actions in intent filter at /data/app/ApiDemos/ApiDemos.apk Binary XML file line #3145
04-30 18:52:12.392 W/PackageParser( 2687): No actions in intent filter at /data/app/ApiDemos/ApiDemos.apk Binary XML file line #3151
04-30 18:52:12.422 W/PackageManager( 2687): Package com.example.android.apis desires unavailable shared library com.example.will.never.exist; ignoring!
04-30 18:52:12.443 I/SELinux ( 2687): SELinux: Loaded file_contexts contexts from /file_contexts.bin.
04-30 18:52:14.556 E/Netd    ( 1339): cannot find interface dummy0
04-30 18:52:14.767 D/MDnsDS  ( 1339): MDnsSdListener::Hander starting up
04-30 18:52:14.812 D/MDnsDS  ( 1339): MDnsSdListener starting to monitor
04-30 18:52:14.812 D/MDnsDS  ( 1339): Going to poll with pollCount 1
04-30 18:52:22.549 D/PackageManager( 2687): No files in app dir /data/app-private
04-30 18:52:22.589 D/PackageManager( 2687): No files in app dir /data/app-ephemeral
04-30 18:52:22.639 E/PackageManager( 2687): There should probably be exactly one setup wizard; found 0: matches=[]
04-30 18:52:22.650 W/PackageManager( 2687): Protected action; cap priority to 0; package: com.android.cts.priv.ctsshim activity: com.android.cts.priv.ctsshim.InstallPriority origPrio: 100
04-30 18:52:22.650 W/PackageManager( 2687): Protected action; cap priority to 0; package: com.android.cts.priv.ctsshim activity: com.android.cts.priv.ctsshim.InstallPriority origPrio: 100
04-30 18:52:22.651 W/PackageManager( 2687): Protected action; cap priority to 0; package: com.android.cts.priv.ctsshim activity: com.android.cts.priv.ctsshim.InstallPriority origPrio: 100
04-30 18:52:22.651 W/PackageManager( 2687): Protected action; cap priority to 0; package: com.android.cts.priv.ctsshim activity: com.android.cts.priv.ctsshim.InstallPriority origPrio: 100
04-30 18:52:22.651 W/PackageManager( 2687): Protected action; cap priority to 0; package: com.android.packageinstaller activity: com.android.packageinstaller.PackageInstallerActivity origPrio: 1
04-30 18:52:22.652 W/PackageManager( 2687): Package com.android.camera desires unavailable shared library com.google.android.media.effects; ignoring!
04-30 18:52:22.652 W/PackageManager( 2687): Package com.android.gallery3d desires unavailable shared library com.google.android.media.effects; ignoring!
04-30 18:52:22.652 W/PackageManager( 2687): Package com.android.gallery3d desires unavailable shared library com.google.android.media.effects; ignoring!
04-30 18:52:22.652 W/PackageManager( 2687): Package com.example.android.apis desires unavailable shared library com.example.will.never.exist; ignoring!
04-30 18:52:22.653 I/PackageManager( 2687): Adjusting ABI for com.android.providers.downloads to x86_64 (requirer=com.android.mtp, scannedPackage=null)
04-30 18:52:22.695 I/PackageManager( 2687): Adjusting ABI for com.android.providers.media to x86_64 (requirer=com.android.mtp, scannedPackage=null)
04-30 18:52:22.698 I/PackageManager( 2687): Adjusting ABI for com.android.providers.downloads.ui to x86_64 (requirer=com.android.mtp, scannedPackage=null)
04-30 18:52:22.710 I/PackageManager( 2687): Adjusting ABI for com.android.inputdevices to x86_64 (requirer=android, scannedPackage=null)
04-30 18:52:22.712 I/PackageManager( 2687): Adjusting ABI for com.android.wallpaperbackup to x86_64 (requirer=android, scannedPackage=null)
04-30 18:52:22.714 I/PackageManager( 2687): Adjusting ABI for com.android.location.fused to x86_64 (requirer=android, scannedPackage=null)
04-30 18:52:22.715 I/PackageManager( 2687): Adjusting ABI for com.android.server.telecom to x86_64 (requirer=android, scannedPackage=null)
04-30 18:52:22.717 I/PackageManager( 2687): Adjusting ABI for com.android.keychain to x86_64 (requirer=android, scannedPackage=null)
04-30 18:52:22.718 I/PackageManager( 2687): Adjusting ABI for com.android.settings to x86_64 (requirer=android, scannedPackage=null)
04-30 18:52:22.781 I/PackageManager( 2687): Adjusting ABI for com.android.providers.settings to x86_64 (requirer=android, scannedPackage=null)
04-30 18:52:22.823 I/PackageManager( 2687): Time to scan packages: 28.266 seconds
04-30 18:52:22.826 W/PackageManager( 2687): Unknown permission com.google.android.googleapps.permission.GOOGLE_AUTH in package com.android.providers.calendar
04-30 18:52:22.826 W/PackageManager( 2687): Unknown permission com.google.android.googleapps.permission.GOOGLE_AUTH.cl in package com.android.providers.calendar
04-30 18:52:22.828 W/PackageManager( 2687): Not granting permission android.permission.GLOBAL_SEARCH to package com.android.quicksearchbox (protectionLevel=18 flags=0x3808be45)
04-30 18:52:22.829 W/PackageManager( 2687): Not granting permission android.permission.WRITE_EXTERNAL_STORAGE to package gov.nasa.arc.astrobee.android.gs.manager because it was previously installed without
04-30 18:52:22.843 W/PackageManager( 2687): Not granting permission android.permission.READ_EXTERNAL_STORAGE to package gov.nasa.arc.astrobee.android.gs.manager because it was previously installed without
04-30 18:52:22.844 W/PackageManager( 2687): Unknown permission com.android.launcher.permission.READ_SETTINGS in package com.android.launcher3
04-30 18:52:22.844 W/PackageManager( 2687): Unknown permission com.android.launcher.permission.WRITE_SETTINGS in package com.android.launcher3
04-30 18:52:22.844 W/PackageManager( 2687): Not granting permission android.permission.BIND_APPWIDGET to package com.android.launcher3 (protectionLevel=18 flags=0x3c4bbe45)
04-30 18:52:22.844 W/PackageManager( 2687): Unknown permission com.google.android.googleapps.permission.GOOGLE_AUTH.mail in package com.android.calendar
04-30 18:52:22.844 W/PackageManager( 2687): Unknown permission com.google.android.providers.settings.permission.WRITE_GSETTINGS in package com.android.sdksetup
04-30 18:52:22.845 W/PackageManager( 2687): Unknown permission com.google.android.permission.INSTALL_WEARABLE_PACKAGES in package com.android.packageinstaller
04-30 18:52:22.846 W/PackageManager( 2687): Not granting permission android.permission.DELETE_PACKAGES to package com.svox.pico (protectionLevel=18 flags=0x3808be45)
04-30 18:52:22.846 W/PackageManager( 2687): Not granting permission android.permission.READ_CONTACTS to package com.example.android.apis because it was previously installed without
04-30 18:52:22.846 W/PackageManager( 2687): Not granting permission android.permission.WRITE_CONTACTS to package com.example.android.apis because it was previously installed without
04-30 18:52:22.846 W/PackageManager( 2687): Not granting permission android.permission.ACCESS_COARSE_LOCATION to package com.example.android.apis because it was previously installed without
04-30 18:52:22.846 W/PackageManager( 2687): Not granting permission android.permission.WRITE_EXTERNAL_STORAGE to package com.example.android.apis because it was previously installed without
04-30 18:52:22.846 W/PackageManager( 2687): Not granting permission android.permission.SEND_SMS to package com.example.android.apis because it was previously installed without
04-30 18:52:22.846 W/PackageManager( 2687): Not granting permission android.permission.RECEIVE_SMS to package com.example.android.apis because it was previously installed without
04-30 18:52:22.846 W/PackageManager( 2687): Not granting permission android.permission.RECEIVE_MMS to package com.example.android.apis because it was previously installed without
04-30 18:52:22.846 W/PackageManager( 2687): Not granting permission android.permission.READ_SMS to package com.example.android.apis because it was previously installed without
04-30 18:52:22.846 W/PackageManager( 2687): Not granting permission android.permission.READ_PHONE_STATE to package com.example.android.apis because it was previously installed without
04-30 18:52:22.846 W/PackageManager( 2687): Not granting permission android.permission.RECORD_AUDIO to package com.example.android.apis because it was previously installed without
04-30 18:52:22.846 W/PackageManager( 2687): Not granting permission android.permission.CAMERA to package com.example.android.apis because it was previously installed without
04-30 18:52:22.847 W/PackageManager( 2687): Not granting permission android.permission.READ_EXTERNAL_STORAGE to package com.example.android.apis because it was previously installed without
04-30 18:52:22.847 W/PackageManager( 2687): Unknown permission android.permission.RUN_INSTRUMENTATION in package org.chromium.webview_shell
04-30 18:52:22.847 W/PackageManager( 2687): Not granting permission android.permission.CAMERA to package jp.jaxa.iss.kibo.rpc.sampleapk because it was previously installed without
04-30 18:52:22.847 W/PackageManager( 2687): Not granting permission android.permission.WRITE_EXTERNAL_STORAGE to package jp.jaxa.iss.kibo.rpc.sampleapk because it was previously installed without
04-30 18:52:22.847 W/PackageManager( 2687): Not granting permission android.permission.READ_EXTERNAL_STORAGE to package jp.jaxa.iss.kibo.rpc.sampleapk because it was previously installed without
04-30 18:52:22.847 W/PackageManager( 2687): Unknown permission com.google.android.googleapps.permission.GOOGLE_AUTH in package com.android.settings
04-30 18:52:22.848 W/PackageManager( 2687): Unknown permission com.android.launcher.permission.READ_SETTINGS in package com.android.settings
04-30 18:52:22.848 W/PackageManager( 2687): Unknown permission com.android.launcher.permission.WRITE_SETTINGS in package com.android.settings
04-30 18:52:22.849 W/PackageManager( 2687): Unknown permission com.android.smspush.WAPPUSH_MANAGER_BIND in package com.android.phone
04-30 18:52:22.860 W/PackageManager( 2687): Unknown permission com.google.android.googleapps.permission.ACCESS_GOOGLE_PASSWORD in package com.android.development
04-30 18:52:22.860 W/PackageManager( 2687): Unknown permission com.google.android.googleapps.permission.GOOGLE_AUTH in package com.android.development
04-30 18:52:22.861 W/PackageManager( 2687): Unknown permission com.google.android.googleapps.permission.GOOGLE_AUTH.ALL_SERVICES in package com.android.development
04-30 18:52:22.861 W/PackageManager( 2687): Unknown permission com.google.android.googleapps.permission.GOOGLE_AUTH.YouTubeUser in package com.android.development
04-30 18:52:22.861 W/PackageManager( 2687): Not granting permission android.permission.BIND_APPWIDGET to package com.android.widgetpreview (protectionLevel=18 flags=0x3808be44)
04-30 18:52:22.862 V/PackageManager( 2687): reconcileAppsData for null u0 0x3
04-30 18:52:22.916 I/SELinux ( 1328): SELinux: Loaded file_contexts contexts from /file_contexts.bin.
04-30 18:52:28.285 V/PackageManager( 2687): reconcileAppsData finished 82 packages
04-30 18:52:28.997 E/PackageManager( 2687): There should probably be a verifier, but, none were found
04-30 18:52:29.132 D/PackageManager( 2687): Ephemeral resolver NOT found; no matching intent filters
04-30 18:52:29.133 I/PackageManager( 2687): Ephemeral deactivated; missing resolver and installer
04-30 18:52:29.137 I/art     ( 2687): Starting a blocking GC Explicit
04-30 18:52:29.152 W/art     ( 2687): Long monitor contention with owner main (2687) at int android.net.LocalSocketImpl.readba_native(byte[], int, int, java.io.FileDescriptor)(LocalSocketImpl.java:-2) waiters=0 in void com.android.server.pm.Settings$RuntimePermissionPersistence.writePermissionsSync(int) for 5.336s
04-30 18:52:29.388 I/art     ( 2687): Explicit concurrent mark sweep GC freed 38193(2MB) AllocSpace objects, 4(80KB) LOS objects, 33% free, 7MB/10MB, paused 1.780ms total 229.600ms
04-30 18:52:29.471 I/SystemServer( 2687): StartOtaDexOptService
04-30 18:52:29.508 I/SystemServer( 2687): StartUserManagerService
04-30 18:52:29.509 I/SystemServiceManager( 2687): Starting com.android.server.pm.UserManagerService$LifeCycle
04-30 18:52:29.609 D/SensorService( 2687): nuSensorService starting...
04-30 18:52:29.618 I/lowmemorykiller( 1317): ActivityManager connected
04-30 18:52:29.716 D/SensorService( 2687): nuSensorService thread starting...
04-30 18:52:29.719 I/SystemServiceManager( 2687): Starting com.android.server.BatteryService
04-30 18:52:29.731 D/SensorService( 2687): new thread SensorEventAckReceiver
04-30 18:52:30.111 I/SystemServiceManager( 2687): Starting com.android.server.usage.UsageStatsService
04-30 18:52:30.320 I/SystemServiceManager( 2687): Starting com.android.server.webkit.WebViewUpdateService
04-30 18:52:30.402 I/SystemServer( 2687): Reading configuration...
04-30 18:52:30.402 I/SystemServer( 2687): StartSchedulingPolicyService
04-30 18:52:30.421 I/SystemServiceManager( 2687): Starting com.android.server.telecom.TelecomLoaderService
04-30 18:52:30.423 I/SystemServer( 2687): StartTelephonyRegistry
04-30 18:52:30.556 I/SystemServer( 2687): StartEntropyMixer
04-30 18:52:30.587 I/EntropyMixer( 2687): Writing entropy...
04-30 18:52:30.852 I/SystemServer( 2687): Camera Service
04-30 18:52:30.861 I/SystemServiceManager( 2687): Starting com.android.server.camera.CameraService
04-30 18:52:30.893 I/ServiceThread( 2687): Enabled StrictMode logging for CameraService_proxy looper.
04-30 18:52:30.961 I/SystemServer( 2687): StartAccountManagerService
04-30 18:52:30.970 I/SystemServiceManager( 2687): Starting com.android.server.accounts.AccountManagerService$Lifecycle
04-30 18:52:31.089 I/SystemServer( 2687): StartContentService
04-30 18:52:31.095 I/SystemServiceManager( 2687): Starting com.android.server.content.ContentService$Lifecycle
04-30 18:52:31.104 I/SystemServer( 2687): InstallSystemProviders
04-30 18:52:31.176 W/System  ( 2687): ClassLoader referenced unknown path: /system/priv-app/SettingsProvider/lib/x86_64
04-30 18:52:31.732 I/SystemServer( 2687): StartVibratorService
04-30 18:52:31.734 E/VibratorService( 2687): Couldn't load vibrator module (No such file or directory)
04-30 18:52:31.734 W/VibratorService( 2687): Tried to stop vibrating but there is no vibrator device.
04-30 18:52:31.751 I/SystemServer( 2687): StartConsumerIrService
04-30 18:52:31.753 E/ConsumerIrService( 2687): Can't open consumer IR HW Module, error: -2
04-30 18:52:31.762 I/SystemServer( 2687): StartAlarmManagerService
04-30 18:52:31.762 I/SystemServiceManager( 2687): Starting com.android.server.AlarmManagerService
04-30 18:52:31.796 W/AlarmManagerService( 2687): no wall clock RTC found
04-30 18:52:31.797 D/AlarmManagerService( 2687): Kernel timezone updated to 0 minutes west of GMT
04-30 18:52:31.905 I/SystemServer( 2687): InitWatchdog
04-30 18:52:31.906 I/SystemServer( 2687): StartInputManagerService
04-30 18:52:31.912 I/InputManager( 2687): Initializing input manager, mUseDevInputEventForAudioJack=true
04-30 18:52:31.918 I/SystemServer( 2687): StartWindowManagerService
04-30 18:52:32.235 I/WindowManager( 2687): No existing display settings /data/system/display_settings.xml; starting empty
04-30 18:52:32.763 I/SystemServer( 2687): StartVrManagerService
04-30 18:52:32.763 I/SystemServiceManager( 2687): Starting com.android.server.vr.VrManagerService
04-30 18:52:32.892 W/VrManagerService( 2687): init_native: Could not open VR hardware module, error No such file or directory (-2).
04-30 18:52:32.922 I/InputManager( 2687): Starting input manager
04-30 18:52:32.951 D/EventHub( 2687): No input device configuration file found for device 'Power Button'.
