04-30 13:39:55.116 E/BluetoothAdapter( 2350): Bluetooth binder is null
04-30 13:39:55.294 W/SystemConfig( 2542): No directory /system/etc/sysconfig, skipping
04-30 13:39:55.625 I/CameraManagerGlobal( 2350): Connecting to camera service
04-30 13:39:55.827 V/EmulatedCamera_Camera( 1327): getCameraInfo
04-30 13:39:55.841 V/EmulatedCamera_BaseCamera( 1327): getCameraInfo
04-30 13:39:55.841 I/CameraService( 1327): getCameraCharacteristics: Switching to HAL1 shim implementation...
04-30 13:39:55.841 V/EmulatedCamera_Camera( 1327): getCameraInfo
04-30 13:39:55.841 V/EmulatedCamera_BaseCamera( 1327): getCameraInfo
04-30 13:39:55.844 I/CameraService( 1327): CameraService::connect call (PID -1 "cameraserver", camera ID 0) for HAL version default and Camera API version 1
04-30 13:39:55.848 E/CameraService( 1327): getCameraPriorityFromProcState: Received invalid process state -1 from ActivityManagerService!
04-30 13:39:55.849 V/EmulatedCamera_Camera( 1327): getCameraInfo
04-30 13:39:55.849 V/EmulatedCamera_BaseCamera( 1327): getCameraInfo
04-30 13:39:56.441 D/PhoneSwitcherNetworkRequstListener( 2542): Registering NetworkFactory
04-30 13:39:56.444 D/ConnectivityService( 2096): Got NetworkFactory Messenger for PhoneSwitcherNetworkRequstListener
04-30 13:39:56.608 I/GnssLocationProvider( 2096): WakeLock released by handleMessage(13, 0, null)
04-30 13:39:56.692 D/ConnectivityService( 2096): Got NetworkFactory Messenger for TelephonyNetworkFactory[0]
04-30 13:39:56.899 I/art     ( 2096): Explicit concurrent mark sweep GC freed 8621(536KB) AllocSpace objects, 4(4MB) LOS objects, 30% free, 9MB/13MB, paused 1.760ms total 1.781s
04-30 13:39:57.055 W/WindowManager( 2096): Timeout waiting for drawn: undrawn=[Window{7db6922 u0 KeyguardScrim}]
04-30 13:39:57.072 W/WindowManager( 2096): Window freeze timeout expired.
04-30 13:39:57.073 W/WindowManager( 2096): Force clearing orientation change: Window{7db6922 u0 KeyguardScrim}
04-30 13:39:57.127 E/WVMExtractor( 1334): Failed to open libwvm.so: dlopen failed: library "libwvm.so" not found
04-30 13:39:57.721 D/CarrierConfigLoader( 2542): CarrierConfigLoader has started
04-30 13:39:58.105 D/NuPlayerDriver( 1334): notifyListener_l(0xefb8c060), (1, 0, 0), loop setting(0, 0)
04-30 13:39:58.669 E/BluetoothAdapter( 2542): Bluetooth binder is null
04-30 13:39:59.921 D/NuPlayerDriver( 1334): notifyListener_l(0xefb8c420), (1, 0, 0), loop setting(0, 0)
04-30 13:40:00.290 D/NuPlayerDriver( 1334): notifyListener_l(0xefb8c120), (1, 0, 0), loop setting(0, 0)
04-30 13:40:00.379 W/art     ( 2096): Long monitor contention with owner AlarmManager (2284) at void com.android.server.AlarmManagerService$AlarmThread.run()(AlarmManagerService.java:2498) waiters=0 in void com.android.server.AlarmManagerService.setImpl(int, long, long, long, android.app.PendingIntent, android.app.IAlarmListener, java.lang.String, int, android.os.WorkSource, android.app.AlarmManager$AlarmClockInfo, int, java.lang.String) for 285ms
04-30 13:40:00.647 I/Telephony( 2542): TtyManager: updateUiTtyMode -1 -> 0
04-30 13:40:00.723 I/CameraFlashlight( 1327): Opening camera 0
04-30 13:40:00.724 V/EmulatedCamera_Camera( 1327): getCameraInfo
04-30 13:40:00.724 V/EmulatedCamera_BaseCamera( 1327): getCameraInfo
04-30 13:40:00.724 V/EmulatedCamera_Camera( 1327): connectCamera
04-30 13:40:00.724 V/EmulatedCamera_FakeDevice( 1327): connectDevice
04-30 13:40:00.725 V/EmulatedCamera_CallbackNotifier( 1327): setCallbacks: 0xf3922e80, 0xf3922ed0, 0xf3922ff0, 0xf3923110 (0xf32c3320)
04-30 13:40:00.725 V/EmulatedCamera_CallbackNotifier( 1327): enableMessage: msg_type = 0xc0d
04-30 13:40:00.725 V/EmulatedCamera_CallbackNotifier( 1327):     CAMERA_MSG_ERROR
04-30 13:40:00.725 V/EmulatedCamera_CallbackNotifier( 1327):     CAMERA_MSG_FOCUS
04-30 13:40:00.725 V/EmulatedCamera_CallbackNotifier( 1327):     CAMERA_MSG_ZOOM
04-30 13:40:00.725 V/EmulatedCamera_CallbackNotifier( 1327):     CAMERA_MSG_PREVIEW_METADATA
04-30 13:40:00.725 V/EmulatedCamera_CallbackNotifier( 1327): **** Currently enabled messages:
04-30 13:40:00.725 V/EmulatedCamera_CallbackNotifier( 1327):     CAMERA_MSG_ERROR
04-30 13:40:00.725 V/EmulatedCamera_CallbackNotifier( 1327):     CAMERA_MSG_FOCUS
04-30 13:40:00.725 V/EmulatedCamera_CallbackNotifier( 1327):     CAMERA_MSG_ZOOM
04-30 13:40:00.725 V/EmulatedCamera_CallbackNotifier( 1327):     CAMERA_MSG_PREVIEW_METADATA
04-30 13:40:00.868 V/EmulatedCamera_CallbackNotifier( 1327): disableMessage: msg_type = 0xffff
04-30 13:40:00.868 V/EmulatedCamera_CallbackNotifier( 1327):     CAMERA_MSG_ERROR
04-30 13:40:00.868 V/EmulatedCamera_CallbackNotifier( 1327):     CAMERA_MSG_SHUTTER
04-30 13:40:00.868 V/EmulatedCamera_CallbackNotifier( 1327):     CAMERA_MSG_FOCUS
04-30 13:40:00.868 V/EmulatedCamera_CallbackNotifier( 1327):     CAMERA_MSG_ZOOM
04-30 13:40:00.868 V/EmulatedCamera_CallbackNotifier( 1327):     CAMERA_MSG_PREVIEW_FRAME
04-30 13:40:00.868 V/EmulatedCamera_CallbackNotifier( 1327):     CAMERA_MSG_VIDEO_FRAME
04-30 13:40:00.868 V/EmulatedCamera_CallbackNotifier( 1327):     CAMERA_MSG_POSTVIEW_FRAME
04-30 13:40:00.868 V/EmulatedCamera_CallbackNotifier( 1327):     CAMERA_MSG_RAW_IMAGE
04-30 13:40:00.868 V/EmulatedCamera_CallbackNotifier( 1327):     CAMERA_MSG_COMPRESSED_IMAGE
04-30 13:40:00.868 V/EmulatedCamera_CallbackNotifier( 1327):     CAMERA_MSG_RAW_IMAGE_NOTIFY
04-30 13:40:00.868 V/EmulatedCamera_CallbackNotifier( 1327):     CAMERA_MSG_PREVIEW_METADATA
04-30 13:40:00.868 V/EmulatedCamera_CallbackNotifier( 1327): **** Currently enabled messages:
04-30 13:40:00.869 V/EmulatedCamera_Preview( 1327): setPreviewWindow: current: 0x0 -> new: 0x0
04-30 13:40:00.869 V/EmulatedCamera_Camera( 1327): doStopPreview
04-30 13:40:00.891 V/EmulatedCamera_Camera( 1327): cancelPicture
04-30 13:40:00.892 V/EmulatedCamera_Camera( 1327): releaseCamera
04-30 13:40:00.892 V/EmulatedCamera_Camera( 1327): doStopPreview
04-30 13:40:00.892 V/EmulatedCamera_FakeDevice( 1327): disconnectDevice
04-30 13:40:00.892 W/EmulatedCamera_Device( 1327): Initialize: Emulated camera device is already initialized: mState = 1
04-30 13:40:00.892 D/EmulatedCamera_FakeCamera( 1327): Initialize: Fake camera is facing back
04-30 13:40:00.894 V/EmulatedCamera_Device( 1327): initializeWhiteBalanceModes with auto, 1.000000, 1.000000
04-30 13:40:00.894 V/EmulatedCamera_Device( 1327): initializeWhiteBalanceModes with incandescent, 1.380000, 0.600000
04-30 13:40:00.894 V/EmulatedCamera_Device( 1327): initializeWhiteBalanceModes with daylight, 1.090000, 0.920000
04-30 13:40:00.894 V/EmulatedCamera_Device( 1327): initializeWhiteBalanceModes with twilight, 0.920000, 1.220000
04-30 13:40:00.894 V/EmulatedCamera_Device( 1327): setWhiteBalanceMode with white balance auto
04-30 13:40:00.895 I/CameraFlashlight( 1327): Destroying camera 0
04-30 13:40:00.895 V/EmulatedCamera_Camera( 1327): closeCamera
04-30 13:40:00.895 V/EmulatedCamera_Camera( 1327): doStopPreview
04-30 13:40:00.895 W/EmulatedCamera_Device( 1327): Initialize: Emulated camera device is already initialized: mState = 1
04-30 13:40:00.895 D/EmulatedCamera_FakeCamera( 1327): Initialize: Fake camera is facing back
04-30 13:40:00.896 V/EmulatedCamera_Device( 1327): initializeWhiteBalanceModes with auto, 1.000000, 1.000000
04-30 13:40:00.896 V/EmulatedCamera_Device( 1327): initializeWhiteBalanceModes with incandescent, 1.380000, 0.600000
04-30 13:40:00.896 V/EmulatedCamera_Device( 1327): initializeWhiteBalanceModes with daylight, 1.090000, 0.920000
04-30 13:40:00.896 V/EmulatedCamera_Device( 1327): initializeWhiteBalanceModes with twilight, 0.920000, 1.220000
04-30 13:40:00.896 V/EmulatedCamera_Device( 1327): setWhiteBalanceMode with white balance auto
04-30 13:40:00.931 I/CameraService( 1327): disconnect: Disconnected client for camera 0 for PID 1327
04-30 13:40:00.936 D/NuPlayerDriver( 1334): reset(0xefb8c060) at state 4
04-30 13:40:00.936 D/NuPlayerDriver( 1334): notifyListener_l(0xefb8c060), (8, 0, 0), loop setting(0, 0)
04-30 13:40:00.957 D/NuPlayerDriver( 1334): notifyResetComplete(0xefb8c060)
04-30 13:40:01.091 D/NuPlayerDriver( 1334): reset(0xefb8c420) at state 4
04-30 13:40:01.091 D/NuPlayerDriver( 1334): notifyListener_l(0xefb8c420), (8, 0, 0), loop setting(0, 0)
04-30 13:40:01.092 D/NuPlayerDriver( 1334): notifyResetComplete(0xefb8c420)
04-30 13:40:01.113 D/NuPlayerDriver( 1334): reset(0xefb8c120) at state 4
04-30 13:40:01.113 D/NuPlayerDriver( 1334): notifyListener_l(0xefb8c120), (8, 0, 0), loop setting(0, 0)
04-30 13:40:01.114 D/NuPlayerDriver( 1334): notifyResetComplete(0xefb8c120)
04-30 13:40:01.223 V/EmulatedCamera_Camera( 1327): getCameraInfo
04-30 13:40:01.223 V/EmulatedCamera_BaseCamera( 1327): getCameraInfo
04-30 13:40:01.227 V/EmulatedCamera_Camera( 1327): getCameraInfo
04-30 13:40:01.227 V/EmulatedCamera_BaseCamera( 1327): getCameraInfo
04-30 13:40:01.583 I/StatusBar( 2350): isKeyguardShowing() called before startKeyguard(), returning true
04-30 13:40:01.585 W/StatusBar( 2350): isKeyguardSecure() called before startKeyguard(), returning false
04-30 13:40:01.585 W/StatusBar( 2350): java.lang.Throwable
04-30 13:40:01.585 W/StatusBar( 2350): 	at com.android.systemui.statusbar.BaseStatusBar.isKeyguardSecure(BaseStatusBar.java:2647)
04-30 13:40:01.585 W/StatusBar( 2350): 	at com.android.systemui.statusbar.BaseStatusBar.isCameraAllowedByAdmin(BaseStatusBar.java:2670)
04-30 13:40:01.585 W/StatusBar( 2350): 	at com.android.systemui.statusbar.phone.KeyguardBottomAreaView.updateCameraVisibility(KeyguardBottomAreaView.java:309)
04-30 13:40:01.585 W/StatusBar( 2350): 	at com.android.systemui.statusbar.phone.KeyguardBottomAreaView.setPhoneStatusBar(KeyguardBottomAreaView.java:272)
04-30 13:40:01.585 W/StatusBar( 2350): 	at com.android.systemui.statusbar.phone.PhoneStatusBar.makeStatusBarView(PhoneStatusBar.java:904)
04-30 13:40:01.585 W/StatusBar( 2350): 	at com.android.systemui.statusbar.phone.PhoneStatusBar.addStatusBarWindow(PhoneStatusBar.java:3432)
04-30 13:40:01.585 W/StatusBar( 2350): 	at com.android.systemui.statusbar.phone.PhoneStatusBar.createAndAddWindows(PhoneStatusBar.java:3428)
04-30 13:40:01.585 W/StatusBar( 2350): 	at com.android.systemui.statusbar.BaseStatusBar.start(BaseStatusBar.java:765)
04-30 13:40:01.585 W/StatusBar( 2350): 	at com.android.systemui.statusbar.phone.PhoneStatusBar.start(PhoneStatusBar.java:686)
04-30 13:40:01.585 W/StatusBar( 2350): 	at com.android.systemui.statusbar.SystemBars.createStatusBarFromConfig(SystemBars.java:106)
04-30 13:40:01.585 W/StatusBar( 2350): 	at com.android.systemui.statusbar.SystemBars.onNoService(SystemBars.java:58)
04-30 13:40:01.585 W/StatusBar( 2350): 	at com.android.systemui.statusbar.ServiceMonitor.startService(ServiceMonitor.java:230)
04-30 13:40:01.585 W/StatusBar( 2350): 	at com.android.systemui.statusbar.ServiceMonitor.-wrap5(ServiceMonitor.java)
04-30 13:40:01.585 W/StatusBar( 2350): 	at com.android.systemui.statusbar.ServiceMonitor$1.handleMessage(ServiceMonitor.java:73)
04-30 13:40:01.585 W/StatusBar( 2350): 	at android.os.Handler.dispatchMessage(Handler.java:102)
04-30 13:40:01.585 W/StatusBar( 2350): 	at android.os.Looper.loop(Looper.java:154)
04-30 13:40:01.585 W/StatusBar( 2350): 	at android.app.ActivityThread.main(ActivityThread.java:6119)
04-30 13:40:01.585 W/StatusBar( 2350): 	at java.lang.reflect.Method.invoke(Native Method)
04-30 13:40:01.585 W/StatusBar( 2350): 	at com.android.internal.os.ZygoteInit$MethodAndArgsCaller.run(ZygoteInit.java:886)
04-30 13:40:01.585 W/StatusBar( 2350): 	at com.android.internal.os.ZygoteInit.main(ZygoteInit.java:776)
04-30 13:40:01.635 I/StatusBar( 2350): isKeyguardShowing() called before startKeyguard(), returning true
04-30 13:40:01.679 W/StatusBar( 2350): isKeyguardSecure() called before startKeyguard(), returning false
04-30 13:40:01.679 W/StatusBar( 2350): java.lang.Throwable
04-30 13:40:01.679 W/StatusBar( 2350): 	at com.android.systemui.statusbar.BaseStatusBar.isKeyguardSecure(BaseStatusBar.java:2647)
04-30 13:40:01.679 W/StatusBar( 2350): 	at com.android.systemui.statusbar.BaseStatusBar.isCameraAllowedByAdmin(BaseStatusBar.java:2670)
04-30 13:40:01.679 W/StatusBar( 2350): 	at com.android.systemui.statusbar.phone.KeyguardBottomAreaView.updateCameraVisibility(KeyguardBottomAreaView.java:309)
04-30 13:40:01.679 W/StatusBar( 2350): 	at com.android.systemui.statusbar.phone.KeyguardBottomAreaView.setUserSetupComplete(KeyguardBottomAreaView.java:281)
04-30 13:40:01.679 W/StatusBar( 2350): 	at com.android.systemui.statusbar.phone.PhoneStatusBar.makeStatusBarView(PhoneStatusBar.java:905)
04-30 13:40:01.679 W/StatusBar( 2350): 	at com.android.systemui.statusbar.phone.PhoneStatusBar.addStatusBarWindow(PhoneStatusBar.java:3432)
04-30 13:40:01.679 W/StatusBar( 2350): 	at com.android.systemui.statusbar.phone.PhoneStatusBar.createAndAddWindows(PhoneStatusBar.java:3428)
04-30 13:40:01.679 W/StatusBar( 2350): 	at com.android.systemui.statusbar.BaseStatusBar.start(BaseStatusBar.java:765)
04-30 13:40:01.679 W/StatusBar( 2350): 	at com.android.systemui.statusbar.phone.PhoneStatusBar.start(PhoneStatusBar.java:686)
04-30 13:40:01.679 W/StatusBar( 2350): 	at com.android.systemui.statusbar.SystemBars.createStatusBarFromConfig(SystemBars.java:106)
04-30 13:40:01.679 W/StatusBar( 2350): 	at com.android.systemui.statusbar.SystemBars.onNoService(SystemBars.java:58)
04-30 13:40:01.679 W/StatusBar( 2350): 	at com.android.systemui.statusbar.ServiceMonitor.startService(ServiceMonitor.java:230)
04-30 13:40:01.679 W/StatusBar( 2350): 	at com.android.systemui.statusbar.ServiceMonitor.-wrap5(ServiceMonitor.java)
04-30 13:40:01.679 W/StatusBar( 2350): 	at com.android.systemui.statusbar.ServiceMonitor$1.handleMessage(ServiceMonitor.java:73)
04-30 13:40:01.679 W/StatusBar( 2350): 	at android.os.Handler.dispatchMessage(Handler.java:102)
04-30 13:40:01.679 W/StatusBar( 2350): 	at android.os.Looper.loop(Looper.java:154)
04-30 13:40:01.679 W/StatusBar( 2350): 	at android.app.ActivityThread.main(ActivityThread.java:6119)
04-30 13:40:01.679 W/StatusBar( 2350): 	at java.lang.reflect.Method.invoke(Native Method)
04-30 13:40:01.679 W/StatusBar( 2350): 	at com.android.internal.os.ZygoteInit$MethodAndArgsCaller.run(ZygoteInit.java:886)
04-30 13:40:01.679 W/StatusBar( 2350): 	at com.android.internal.os.ZygoteInit.main(ZygoteInit.java:776)
04-30 13:40:02.035 D/AlarmManagerService( 2096): Kernel timezone updated to 0 minutes west of GMT
04-30 13:40:02.094 W/art     ( 2096): Long monitor contention with owner main (2096) at boolean android.os.MessageQueue.enqueueMessage(android.os.Message, long)(MessageQueue.java:541) waiters=0 in android.os.Message android.os.MessageQueue.next() for 124ms
04-30 13:40:02.166 D/AlarmManagerService( 2096): Setting time of day to sec=1619790002
04-30 13:40:02.691 W/AlarmManagerService( 2096): Unable to set rtc to 1619790002: No such device
04-30 13:40:02.702 D/ConditionProviders.SCP( 2096): onReceive android.intent.action.TIME_SET
04-30 13:40:02.704 D/ConditionProviders.SCP( 2096): notifyCondition condition://android/schedule?days=6.7&start=23.30&end=10.0&exitAtAlarm=false STATE_FALSE reason=!meetsSchedule
04-30 13:40:02.706 D/ConditionProviders.SCP( 2096): notifyCondition condition://android/schedule?days=1.2.3.4.5&start=22.0&end=7.0&exitAtAlarm=false STATE_FALSE reason=!meetsSchedule
04-30 13:40:02.902 D/ConditionProviders.SCP( 2096): Scheduling evaluate for Fri Apr 30 22:00:00 UTC 2021 (1619820000000), in +8h19m57s298ms, now=Fri Apr 30 13:40:02 UTC 2021 (1619790002702)
04-30 13:40:03.965 V/EmulatedCamera_Camera( 1327): getCameraInfo
04-30 13:40:03.965 V/EmulatedCamera_BaseCamera( 1327): getCameraInfo
04-30 13:40:03.969 V/EmulatedCamera_Camera( 1327): getCameraInfo
04-30 13:40:03.969 V/EmulatedCamera_BaseCamera( 1327): getCameraInfo
04-30 13:40:06.257 I/StatusBar( 2350): isKeyguardShowing() called before startKeyguard(), returning true
04-30 13:40:06.259 W/StatusBar( 2350): isKeyguardSecure() called before startKeyguard(), returning false
04-30 13:40:06.259 W/StatusBar( 2350): java.lang.Throwable
04-30 13:40:06.259 W/StatusBar( 2350): 	at com.android.systemui.statusbar.BaseStatusBar.isKeyguardSecure(BaseStatusBar.java:2647)
04-30 13:40:06.259 W/StatusBar( 2350): 	at com.android.systemui.statusbar.BaseStatusBar.isCameraAllowedByAdmin(BaseStatusBar.java:2670)
04-30 13:40:06.259 W/StatusBar( 2350): 	at com.android.systemui.statusbar.phone.KeyguardBottomAreaView.updateCameraVisibility(KeyguardBottomAreaView.java:309)
04-30 13:40:06.259 W/StatusBar( 2350): 	at com.android.systemui.statusbar.phone.KeyguardBottomAreaView.setUserSetupComplete(KeyguardBottomAreaView.java:281)
04-30 13:40:06.259 W/StatusBar( 2350): 	at com.android.systemui.statusbar.phone.PhoneStatusBar$1.onChange(PhoneStatusBar.java:441)
04-30 13:40:06.259 W/StatusBar( 2350): 	at com.android.systemui.statusbar.phone.PhoneStatusBar.resetUserSetupObserver(PhoneStatusBar.java:3676)
04-30 13:40:06.259 W/StatusBar( 2350): 	at com.android.systemui.statusbar.phone.PhoneStatusBar.makeStatusBarView(PhoneStatusBar.java:1008)
04-30 13:40:06.259 W/StatusBar( 2350): 	at com.android.systemui.statusbar.phone.PhoneStatusBar.addStatusBarWindow(PhoneStatusBar.java:3432)
04-30 13:40:06.259 W/StatusBar( 2350): 	at com.android.systemui.statusbar.phone.PhoneStatusBar.createAndAddWindows(PhoneStatusBar.java:3428)
04-30 13:40:06.259 W/StatusBar( 2350): 	at com.android.systemui.statusbar.BaseStatusBar.start(BaseStatusBar.java:765)
04-30 13:40:06.259 W/StatusBar( 2350): 	at com.android.systemui.statusbar.phone.PhoneStatusBar.start(PhoneStatusBar.java:686)
04-30 13:40:06.259 W/StatusBar( 2350): 	at com.android.systemui.statusbar.SystemBars.createStatusBarFromConfig(SystemBars.java:106)
04-30 13:40:06.259 W/StatusBar( 2350): 	at com.android.systemui.statusbar.SystemBars.onNoService(SystemBars.java:58)
04-30 13:40:06.259 W/StatusBar( 2350): 	at com.android.systemui.statusbar.ServiceMonitor.startService(ServiceMonitor.java:230)
04-30 13:40:06.259 W/StatusBar( 2350): 	at com.android.systemui.statusbar.ServiceMonitor.-wrap5(ServiceMonitor.java)
04-30 13:40:06.259 W/StatusBar( 2350): 	at com.android.systemui.statusbar.ServiceMonitor$1.handleMessage(ServiceMonitor.java:73)
04-30 13:40:06.259 W/StatusBar( 2350): 	at android.os.Handler.dispatchMessage(Handler.java:102)
04-30 13:40:06.259 W/StatusBar( 2350): 	at android.os.Looper.loop(Looper.java:154)
04-30 13:40:06.259 W/StatusBar( 2350): 	at android.app.ActivityThread.main(ActivityThread.java:6119)
04-30 13:40:06.259 W/StatusBar( 2350): 	at java.lang.reflect.Method.invoke(Native Method)
04-30 13:40:06.259 W/StatusBar( 2350): 	at com.android.internal.os.ZygoteInit$MethodAndArgsCaller.run(ZygoteInit.java:886)
04-30 13:40:06.259 W/StatusBar( 2350): 	at com.android.internal.os.ZygoteInit.main(ZygoteInit.java:776)
04-30 13:40:06.452 W/ActivityManager( 2096): Timeout executing service: ServiceRecord{65818ce u0 com.android.systemui/.keyguard.KeyguardService}
04-30 13:40:06.554 W/art     ( 2096): Long monitor contention with owner ConditionProviders.ECP (2320) at android.app.IActivityManager$ContentProviderHolder com.android.server.am.ActivityManagerService.getContentProviderImpl(android.app.IApplicationThread, java.lang.String, android.os.IBinder, boolean, int)(ActivityManagerService.java:10666) waiters=3 in android.content.Intent com.android.server.am.ActivityManagerService.registerReceiver(android.app.IApplicationThread, java.lang.String, android.content.IIntentReceiver, android.content.IntentFilter, java.lang.String, int) for 113ms
04-30 13:40:06.725 E/SurfaceFlinger( 1321): ro.sf.lcd_density must be defined as a build property
04-30 13:40:06.743 D/OpenGLRenderer( 2350): profile bars disabled
04-30 13:40:06.747 D/PhoneSwitcherNetworkRequstListener( 2542): got request NetworkRequest [ REQUEST id=1, [ Capabilities: INTERNET&NOT_RESTRICTED&TRUSTED&NOT_VPN] ] with score 0
04-30 13:40:06.753 D/OpenGLRenderer( 2350): ambientRatio = 1.50
04-30 13:40:06.972 D/TelephonyDebugService( 2542): TelephonyDebugService()
04-30 13:40:07.082 W/ActivityManager( 2096): Slow operation: 136ms so far, now at startProcess: returned from zygote!
04-30 13:40:07.082 W/ActivityManager( 2096): Slow operation: 136ms so far, now at startProcess: done updating battery stats
04-30 13:40:07.083 W/ActivityManager( 2096): Slow operation: 137ms so far, now at startProcess: building log message
04-30 13:40:07.083 I/ActivityManager( 2096): Start proc 2763:com.android.deskclock/u0a31 for broadcast com.android.deskclock/.AlarmInitReceiver
04-30 13:40:07.083 W/ActivityManager( 2096): Slow operation: 138ms so far, now at startProcess: starting to update pids map
04-30 13:40:07.084 W/ActivityManager( 2096): Slow operation: 138ms so far, now at startProcess: done updating pids map
04-30 13:40:07.084 W/ActivityManager( 2096): Slow operation: 173ms so far, now at startProcess: done starting proc!
04-30 13:40:07.126 W/art     ( 2763): Unexpected CPU variant for X86 using defaults: x86_64
04-30 13:40:07.154 I/Process ( 2096): Sending signal. PID: 2350 SIG: 3
04-30 13:40:07.156 I/art     ( 2350): Thread[3,tid=2360,WaitingInMainSignalCatcherLoop,Thread*=0x735248496400,peer=0x12c005e0,"Signal Catcher"]: reacting to signal 3
04-30 13:40:07.156 I/art     ( 2350): 
04-30 13:40:07.302 D/CarrierConfigLoader( 2542): mHandler: 12 phoneId: 0
04-30 13:40:07.318 E/ActivityThread( 2096): Failed to find provider info for com.android.calendar
04-30 13:40:08.141 E/ActivityThread( 2096): Failed to find provider info for com.android.calendar
04-30 13:40:08.445 E/ActivityManager( 2096): ANR in com.android.systemui
04-30 13:40:08.445 E/ActivityManager( 2096): PID: 2350
04-30 13:40:08.445 E/ActivityManager( 2096): Reason: executing service com.android.systemui/.keyguard.KeyguardService
04-30 13:40:08.445 E/ActivityManager( 2096): Load: 0.0 / 0.0 / 0.0
04-30 13:40:08.445 E/ActivityManager( 2096): CPU usage from 21364ms to 0ms ago (2021-04-30 13:39:44.571 to 2021-04-30 13:40:06.455):
04-30 13:40:08.445 E/ActivityManager( 2096):   97% 1321/surfaceflinger: 21% user + 75% kernel / faults: 3 minor
04-30 13:40:08.445 E/ActivityManager( 2096):   28% 2096/system_server: 5.9% user + 22% kernel / faults: 4338 minor 34 major
04-30 13:40:08.445 E/ActivityManager( 2096):   24% 1655/bootanimation: 2.5% user + 22% kernel
04-30 13:40:08.445 E/ActivityManager( 2096):   15% 2557/com.android.settings: 2.4% user + 13% kernel / faults: 857 minor 10 major
04-30 13:40:08.445 E/ActivityManager( 2096):   5.4% 2542/com.android.phone: 1.1% user + 4.3% kernel / faults: 1608 minor 23 major
04-30 13:40:08.445 E/ActivityManager( 2096):   5.3% 2350/com.android.systemui: 0% user + 5.3% kernel / faults: 1630 minor 3 major
04-30 13:40:08.445 E/ActivityManager( 2096):   2.1% 1323/adbd: 0.1% user + 2% kernel / faults: 1179 minor
04-30 13:40:08.445 E/ActivityManager( 2096):   1.2% 1334/mediaserver: 0.1% user + 1.1% kernel / faults: 135 minor 1 major
04-30 13:40:08.445 E/ActivityManager( 2096):   1% 1320/servicemanager: 0% user + 1% kernel
04-30 13:40:08.445 E/ActivityManager( 2096):   0.7% 8/rcu_preempt: 0% user + 0.7% kernel
04-30 13:40:08.445 E/ActivityManager( 2096):   0.6% 1327/cameraserver: 0% user + 0.6% kernel / faults: 93 minor
04-30 13:40:08.445 E/ActivityManager( 2096):   0.6% 1333/media.extractor: 0.2% user + 0.3% kernel / faults: 23 minor
04-30 13:40:08.445 E/ActivityManager( 2096):   0.5% 1326/audioserver: 0% user + 0.5% kernel
04-30 13:40:08.445 E/ActivityManager( 2096):   0.3% 1267/logd: 0% user + 0.3% kernel / faults: 20 minor
04-30 13:40:08.445 E/ActivityManager( 2096):   0.3% 1391/logcat: 0% user + 0.2% kernel / faults: 2 minor
04-30 13:40:08.445 E/ActivityManager( 2096):   0.1% 1324/zygote64: 0% user + 0.1% kernel / faults: 157 minor
04-30 13:40:08.445 E/ActivityManager( 2096):   0.1% 3/ksoftirqd/0: 0% user + 0.1% kernel
04-30 13:40:08.445 E/ActivityManager( 2096):   0.1% 1265/jbd2/vdc-8: 0% user + 0.1% kernel
04-30 13:40:08.445 E/ActivityManager( 2096):   0.1% 1337/rild: 0% user + 0.1% kernel / faults: 1 minor
04-30 13:40:08.445 E/ActivityManager( 2096):   0% 12/ksoftirqd/1: 0% user + 0% kernel
04-30 13:40:08.445 E/ActivityManager( 2096):   0% 17/kworker/u4:1: 0% user + 0% kernel
04-30 13:40:08.445 E/ActivityManager( 2096):   0% 1255/kworker/0:1H: 0% user + 0% kernel
04-30 13:40:08.445 E/ActivityManager( 2096):   0% 1316/healthd: 0% user + 0% kernel
04-30 13:40:08.445 E/ActivityManager( 2096):   0% 1//init: 0% user + 0% kernel / faults: 1 minor
04-30 13:40:08.445 E/ActivityManager( 2096):   0% 455/kworker/0:1: 0% user + 0% kernel
04-30 13:40:08.445 E/ActivityManager( 2096):   0% 1339/fingerprintd: 0% user + 0% kernel
04-30 13:40:08.445 E/ActivityManager( 2096):   0% 2343/com.android.inputmethod.latin: 0% user + 0% kernel / faults: 3 minor
04-30 13:40:08.445 E/ActivityManager( 2096):  +0% 2694/com.android.cellbroadcastreceiver: 0% user + 0% kernel
04-30 13:40:08.445 E/ActivityManager( 2096):  +0% 2757/getprop: 0% user + 0% kernel
04-30 13:40:08.445 E/ActivityManager( 2096):  +0% 2759/getprop: 0% user + 0% kernel
04-30 13:40:08.445 E/ActivityManager( 2096): 100% TOTAL: 21% user + 77% kernel + 0.8% softirq
04-30 13:40:08.445 E/ActivityManager( 2096): CPU usage from 191935ms to 191935ms ago (1970-01-01 00:00:00.000 to 1970-01-01 00:00:00.000) with 0% awake:
04-30 13:40:08.445 E/ActivityManager( 2096): 0% TOTAL: 0% user + 0% kernel
04-30 13:40:08.571 I/ActivityManager( 2096): Killing 2350:com.android.systemui/u0a21 (adj -800): bg anr
04-30 13:40:08.809 W/System  ( 2763): ClassLoader referenced unknown path: /system/app/DeskClock/lib/x86_64
04-30 13:40:11.311 W/BroadcastQueue( 2096): Timeout of broadcast BroadcastRecord{2f6c50c u-1 android.intent.action.TIME_TICK} - receiver=android.os.BinderProxy@f50a2f0, started 10011ms ago
04-30 13:40:11.311 W/BroadcastQueue( 2096): Receiver during timeout: BroadcastFilter{9d34aee u0 ReceiverList{c9ab069 2350 com.android.systemui/10021/u0 remote:f50a2f0}}
04-30 13:40:11.314 I/ActivityManager( 2096): Skipping duplicate ANR: ProcessRecord{596d747 2350:com.android.systemui/u0a21} Broadcast of Intent { act=android.intent.action.TIME_TICK flg=0x50000014 (has extras) }
04-30 13:40:13.613 W/art     ( 2763): Suspending all threads took: 740.356ms
04-30 13:40:15.029 W/art     ( 2096): Long monitor contention with owner ConditionProviders.ECP (2320) at boolean android.os.MessageQueue.enqueueMessage(android.os.Message, long)(MessageQueue.java:541) waiters=0 in android.os.Message android.os.MessageQueue.next() for 237ms
04-30 13:40:15.305 E/GnssLocationProvider( 2096): no AGPS interface in set_agps_server
04-30 13:40:15.308 E/ActivityThread( 2542): Failed to find provider info for com.android.contacts
04-30 13:40:15.308 W/CallerInfoCache( 2542): cursor is null
04-30 13:40:15.353 I/GnssLocationProvider( 2096): WakeLock released by handleMessage(2, 1, null)
04-30 13:40:15.563 I/WindowManager( 2096): WIN DEATH: Window{7dfa0e3 u0 StatusBar}
04-30 13:40:15.577 W/AudioService( 2096): Current remote volume controller died, unregistering
04-30 13:40:15.625 D/ConnectivityService( 2096): ConnectivityService NetworkRequestInfo binderDied(NetworkRequest [ LISTEN id=5, [] ], android.os.BinderProxy@f0e495b)
04-30 13:40:15.652 W/WallpaperManagerService( 2096): Wallpaper service gone: ComponentInfo{com.android.systemui/com.android.systemui.ImageWallpaper}
04-30 13:40:15.654 I/ActivityManager( 2096): Process com.android.systemui (pid 2350) has died
04-30 13:40:15.655 D/ActivityManager( 2096): cleanUpApplicationRecord -- 2350
04-30 13:40:15.657 W/ActivityManager( 2096): Scheduling restart of crashed service com.android.systemui/.ImageWallpaper in 0ms
04-30 13:40:15.657 W/ActivityManager( 2096): Scheduling restart of crashed service com.android.systemui/.keyguard.KeyguardService in 0ms
04-30 13:40:15.657 W/ActivityManager( 2096): Scheduling restart of crashed service com.android.systemui/.SystemUIService in 0ms
04-30 13:40:15.660 E/ConnectivityService( 2096): RemoteException caught trying to send a callback msg for NetworkRequest [ LISTEN id=5, [] ]
04-30 13:40:15.682 W/ActivityManager( 2096): Re-adding persistent process ProcessRecord{596d747 2350:com.android.systemui/u0a21}
04-30 13:40:15.749 W/VolumeController( 2096): Error calling dismiss
04-30 13:40:15.749 W/VolumeController( 2096): android.os.DeadObjectException
04-30 13:40:15.749 W/VolumeController( 2096): 	at android.os.BinderProxy.transactNative(Native Method)
04-30 13:40:15.749 W/VolumeController( 2096): 	at android.os.BinderProxy.transact(Binder.java:615)
04-30 13:40:15.749 W/VolumeController( 2096): 	at android.media.IVolumeController$Stub$Proxy.dismiss(IVolumeController.java:162)
04-30 13:40:15.749 W/VolumeController( 2096): 	at com.android.server.audio.AudioService$VolumeController.postDismiss(AudioService.java:6138)
04-30 13:40:15.749 W/VolumeController( 2096): 	at com.android.server.audio.AudioService.setVolumeController(AudioService.java:5986)
04-30 13:40:15.749 W/VolumeController( 2096): 	at com.android.server.audio.AudioService$4.binderDied(AudioService.java:5995)
04-30 13:40:15.749 W/VolumeController( 2096): 	at android.os.BinderProxy.sendDeathNotice(Binder.java:688)
04-30 13:40:15.790 W/InputDispatcher( 2096): channel '9527a72 DockedStackDivider (server)' ~ Consumer closed input channel or an error occurred.  events=0x9
04-30 13:40:15.790 E/InputDispatcher( 2096): channel '9527a72 DockedStackDivider (server)' ~ Channel is unrecoverably broken and will be disposed!
04-30 13:40:15.966 W/art     ( 2096): Long monitor contention with owner Binder:2096_1 (2123) at void com.android.server.wm.WindowState$DeathRecipient.binderDied()(WindowState.java:1806) waiters=0 in void com.android.server.wm.WindowState$DeathRecipient.binderDied() for 386ms
04-30 13:40:15.967 I/WindowManager( 2096): WIN DEATH: Window{9527a72 u0 DockedStackDivider}
04-30 13:40:15.967 W/InputDispatcher( 2096): Attempted to unregister already unregistered input channel '9527a72 DockedStackDivider (server)'
04-30 13:40:15.984 W/art     ( 2096): Long monitor contention with owner Binder:2096_1 (2123) at void com.android.server.wm.WindowState$DeathRecipient.binderDied()(WindowState.java:1806) waiters=1 in void com.android.server.wm.WindowManagerService$H.handleMessage(android.os.Message) for 193ms
04-30 13:40:16.051 W/ActivityManager( 2096): Slow operation: 368ms so far, now at startProcess: returned from zygote!
04-30 13:40:16.051 W/ActivityManager( 2096): Slow operation: 368ms so far, now at startProcess: done updating battery stats
04-30 13:40:16.051 W/ActivityManager( 2096): Slow operation: 369ms so far, now at startProcess: building log message
04-30 13:40:16.051 I/ActivityManager( 2096): Start proc 2796:com.android.systemui/u0a21 for restart com.android.systemui
04-30 13:40:16.052 W/ActivityManager( 2096): Slow operation: 369ms so far, now at startProcess: starting to update pids map
04-30 13:40:16.052 W/ActivityManager( 2096): Slow operation: 369ms so far, now at startProcess: done updating pids map
04-30 13:40:16.054 W/art     ( 2096): Long monitor contention with owner Binder:2096_6 (2599) at void com.android.server.am.ActivityManagerService$AppDeathRecipient.binderDied()(ActivityManagerService.java:1475) waiters=0 in void com.android.server.am.ActiveServices$ServiceRestarter.run() for 396ms
04-30 13:40:16.056 W/art     ( 2096): Long monitor contention with owner Binder:2096_6 (2599) at void com.android.server.am.ActivityManagerService$AppDeathRecipient.binderDied()(ActivityManagerService.java:1475) waiters=1 in void com.android.server.am.ActivityManagerService.dispatchUidsChanged() for 374ms
04-30 13:40:16.131 W/art     ( 2796): Unexpected CPU variant for X86 using defaults: x86_64
04-30 13:40:16.181 W/WindowManager( 2096): ***** BOOT TIMEOUT: forcing display enabled
04-30 13:40:16.184 I/SurfaceFlinger( 1321): Boot is finished (190341 ms)
04-30 13:40:16.243 I/SystemServiceManager( 2096): Starting phase 1000
04-30 13:40:16.430 W/ActivityManager( 2096): Slow operation: 108ms so far, now at startProcess: returned from zygote!
04-30 13:40:16.431 W/ActivityManager( 2096): Slow operation: 109ms so far, now at startProcess: done updating battery stats
04-30 13:40:16.431 W/ActivityManager( 2096): Slow operation: 109ms so far, now at startProcess: building log message
04-30 13:40:16.431 I/ActivityManager( 2096): Start proc 2809:android.ext.services/u0a12 for on-hold
04-30 13:40:16.431 W/ActivityManager( 2096): Slow operation: 109ms so far, now at startProcess: starting to update pids map
04-30 13:40:16.431 W/ActivityManager( 2096): Slow operation: 109ms so far, now at startProcess: done updating pids map
04-30 13:40:16.467 W/art     ( 2809): Unexpected CPU variant for X86 using defaults: x86_64
04-30 13:40:16.577 D/ActivityManager( 2096): Finishing user boot 0
04-30 13:40:16.686 D/CryptdConnector( 2096): SND -> {3 cryptfs prepare_user_storage ! 0 0 2}
04-30 13:40:16.769 D/vold    ( 1277): e4crypt_prepare_user_storage for volume null, user 0, serial 0, flags 2
04-30 13:40:16.781 D/vold    ( 1277): Preparing: /data/system_ce/0
04-30 13:40:16.791 D/vold    ( 1277): Preparing: /data/misc_ce/0
04-30 13:40:16.791 D/vold    ( 1277): Preparing: /data/media/0
04-30 13:40:16.791 D/vold    ( 1277): Preparing: /data/data
04-30 13:40:16.793 D/CryptdConnector( 2096): RCV <- {200 3 Command succeeded}
04-30 13:40:16.797 V/UserManagerService( 2096): Found /data/user/0 with serial number 0
04-30 13:40:16.797 V/UserManagerService( 2096): Found /data/system_ce/0 with serial number 0
04-30 13:40:16.799 V/PackageManager( 2096): reconcileAppsData for null u0 0x2
04-30 13:40:19.859 V/PackageManager( 2096): reconcileAppsData finished 82 packages
04-30 13:40:19.875 W/art     ( 2096): Long monitor contention with owner android.display (2149) at void com.android.server.am.ActivityManagerService.finishBooting()(ActivityManagerService.java:6823) waiters=0 in void com.android.server.am.ActivityManagerService.attachApplication(android.app.IApplicationThread) for 3.306s
04-30 13:40:19.910 W/art     ( 2096): Long monitor contention with owner android.display (2149) at void com.android.server.am.ActivityManagerService.finishBooting()(ActivityManagerService.java:6823) waiters=1 in void com.android.server.am.BroadcastQueue.processNextBroadcast(boolean) for 3.331s
04-30 13:40:19.913 W/art     ( 2096): Long monitor contention with owner android.display (2149) at void com.android.server.am.ActivityManagerService.finishBooting()(ActivityManagerService.java:6823) waiters=2 in void com.android.server.am.ActivityManagerService.attachApplication(android.app.IApplicationThread) for 2.926s
04-30 13:40:19.970 D/MountService( 2096): onUnlockUser 0
04-30 13:40:19.971 D/VoldConnector( 2096): SND -> {7 volume user_started 0}
04-30 13:40:20.054 D/vold    ( 1277): Linking /storage/emulated/0 to /mnt/user/0/primary
04-30 13:40:20.056 D/VoldConnector( 2096): RCV <- {200 7 Command succeeded}
04-30 13:40:20.080 D/MountService( 2096): Volume public:253,48 broadcasting mounted to UserHandle{0}
04-30 13:40:20.085 W/art     ( 2096): Long monitor contention with owner android.display (2149) at void com.android.server.am.ActivityManagerService.finishBooting()(ActivityManagerService.java:6823) waiters=3 in android.content.Intent com.android.server.am.ActivityManagerService.registerReceiver(android.app.IApplicationThread, java.lang.String, android.content.IIntentReceiver, android.content.IntentFilter, java.lang.String, int) for 2.710s
04-30 13:40:20.085 W/art     ( 2096): Long monitor contention with owner android.display (2149) at void com.android.server.am.ActivityManagerService.finishBooting()(ActivityManagerService.java:6823) waiters=4 in void com.android.server.am.ActivityManagerService$3.handleMessage(android.os.Message) for 2.669s
04-30 13:40:20.097 W/art     ( 2096): Long monitor contention with owner Binder:2096_1 (2123) at void com.android.server.am.ActivityManagerService.attachApplication(android.app.IApplicationThread)(ActivityManagerService.java:6669) waiters=5 in void com.android.server.am.ActivityManagerService.dispatchProcessesChanged() for 193ms
04-30 13:40:20.126 D/MountService( 2096): Volume emulated broadcasting mounted to UserHandle{0}
04-30 13:40:20.285 W/System  ( 2809): ClassLoader referenced unknown path: /system/priv-app/ExtServices/lib/x86_64
04-30 13:40:20.508 V/BackupManagerService( 2096): No ancestral data
04-30 13:40:20.537 W/System  ( 2796): ClassLoader referenced unknown path: /system/priv-app/SystemUI/lib/x86_64
04-30 13:40:20.660 W/WallpaperManagerService( 2096): Wallpaper reconnect timed out, reverting to built-in wallpaper!
04-30 13:40:20.745 V/BackupManagerService( 2096): Starting with transport android/com.android.internal.backup.LocalTransport
04-30 13:40:20.770 V/BackupManagerService( 2096): Found transports: 1
04-30 13:40:20.771 W/BackupManagerService( 2096): Proposed transport ComponentInfo{android/com.android.internal.backup.LocalTransportService} not whitelisted; ignoring
04-30 13:40:20.781 I/BackupManagerService( 2096): Backup enabled => false
04-30 13:40:21.006 W/art     ( 2096): Long monitor contention with owner backup (2831) at boolean java.io.UnixFileSystem.checkAccess0(java.io.File, int)(UnixFileSystem.java:-2) waiters=0 in void com.android.server.backup.BackupManagerService.setBackupEnabled(boolean) for 202ms
04-30 13:40:21.185 I/InputAttributes( 2343): InputType.TYPE_NULL is specified
04-30 13:40:21.246 V/SystemUIService( 2796): Starting SystemUI services for user 0.
04-30 13:40:21.345 V/KeyValueBackupJob( 2096): Scheduling k/v pass in 248 minutes
04-30 13:40:21.395 I/AlarmClock( 2763): AlarmInitReceiver android.intent.action.TIME_SET
04-30 13:40:21.974 V/MediaRouter( 2796): Adding route: RouteInfo{ name=Phone, description=null, status=null, category=RouteCategory{ name=null types=ROUTE_TYPE_LIVE_AUDIO ROUTE_TYPE_LIVE_VIDEO  groupable=false }, supportedTypes=ROUTE_TYPE_LIVE_AUDIO ROUTE_TYPE_LIVE_VIDEO , presentationDisplay=null }
04-30 13:40:22.034 V/MediaRouter( 2796): Updating audio routes: AudioRoutesInfo{ type=SPEAKER }
04-30 13:40:22.093 V/MediaRouter( 2796): Selecting route: RouteInfo{ name=Phone, description=null, status=null, category=RouteCategory{ name=null types=ROUTE_TYPE_LIVE_AUDIO ROUTE_TYPE_LIVE_VIDEO  groupable=false }, supportedTypes=ROUTE_TYPE_LIVE_AUDIO ROUTE_TYPE_LIVE_VIDEO , presentationDisplay=null }
04-30 13:40:22.164 W/VoiceInteractionManagerService( 2096): no available voice interaction services found for user 0
04-30 13:40:22.164 W/VoiceInteractionManagerService( 2096): no available voice recognition services found for user 0
04-30 13:40:22.169 I/ActivityManager( 2096): Loading recents for user 0 into memory.
04-30 13:40:22.312 D/ActivityManager( 2096): Sending BOOT_COMPLETE user #0
04-30 13:40:22.516 D/FallbackHome( 2557): User unlocked and real home found; let's go!
04-30 13:40:22.574 D/CarrierSvcBindHelper( 2542): Received android.intent.action.USER_UNLOCKED
04-30 13:40:22.576 E/PhoneInterfaceManager( 2542): [PhoneIntfMgr] getCarrierPackageNamesForIntent: No UICC
04-30 13:40:22.577 D/CarrierSvcBindHelper( 2542): No carrier app for: 0
04-30 13:40:22.718 V/AlarmClock( 2763): AlarmInitReceiver finished
04-30 13:40:22.833 I/ActivityManager( 2096): START u0 {act=android.intent.action.MAIN cat=[android.intent.category.HOME] flg=0x10000100 cmp=com.android.launcher3/.Launcher} from uid 0 on display 0
04-30 13:40:23.409 W/ActivityManager( 2096): Slow operation: 186ms so far, now at startProcess: returned from zygote!
04-30 13:40:23.420 W/ActivityManager( 2096): Slow operation: 198ms so far, now at startProcess: done updating battery stats
04-30 13:40:23.420 W/ActivityManager( 2096): Slow operation: 199ms so far, now at startProcess: building log message
04-30 13:40:23.421 I/ActivityManager( 2096): Start proc 2853:com.android.launcher3/u0a42 for activity com.android.launcher3/.Launcher
04-30 13:40:23.421 W/ActivityManager( 2096): Slow operation: 199ms so far, now at startProcess: starting to update pids map
04-30 13:40:23.421 W/ActivityManager( 2096): Slow operation: 199ms so far, now at startProcess: done updating pids map
04-30 13:40:23.421 W/ActivityManager( 2096): Slow operation: 212ms so far, now at startProcess: done starting proc!
04-30 13:40:23.465 I/LatinIME( 2343): Timeout waiting for dictionary load
04-30 13:40:23.517 W/art     ( 2853): Unexpected CPU variant for X86 using defaults: x86_64
04-30 13:40:23.561 W/art     ( 2096): Long monitor contention with owner Binder:2096_1 (2123) at void com.android.server.am.ActivityManagerService.activityPaused(android.os.IBinder)(ActivityManagerService.java:6916) waiters=0 in android.content.pm.UserInfo com.android.server.am.UserController.getCurrentUser() for 748ms
04-30 13:40:23.563 I/Choreographer( 2557): Skipped 52 frames!  The application may be doing too much work on its main thread.
04-30 13:40:23.651 W/art     ( 2096): Long monitor contention with owner Binder:2096_1 (2123) at void com.android.server.am.ActivityManagerService.activityPaused(android.os.IBinder)(ActivityManagerService.java:6916) waiters=1 in com.android.server.am.ProcessRecord com.android.server.am.ActivityManagerService.findAppProcess(android.os.IBinder, java.lang.String) for 837ms
04-30 13:40:23.665 W/art     ( 2096): Long monitor contention with owner Binder:2096_1 (2123) at void com.android.server.am.ActivityManagerService.activityPaused(android.os.IBinder)(ActivityManagerService.java:6916) waiters=3 in void com.android.server.am.ActivityManagerService.monitor() for 694ms
04-30 13:40:23.666 W/art     ( 2096): Long monitor contention with owner Binder:2096_1 (2123) at void com.android.server.am.ActivityManagerService.activityPaused(android.os.IBinder)(ActivityManagerService.java:6916) waiters=4 in void com.android.server.am.ActivityManagerService$MainHandler.handleMessage(android.os.Message) for 506ms
04-30 13:40:23.667 W/art     ( 2096): Long monitor contention with owner Binder:2096_1 (2123) at void com.android.server.am.ActivityManagerService.activityPaused(android.os.IBinder)(ActivityManagerService.java:6916) waiters=5 in void com.android.server.am.ActivityManagerService.dispatchUidsChanged() for 437ms
04-30 13:40:23.770 W/art     ( 2096): Long monitor contention with owner AlarmManager (2284) at boolean android.os.MessageQueue.enqueueMessage(android.os.Message, long)(MessageQueue.java:541) waiters=0 in android.os.Message android.os.MessageQueue.next() for 115ms
04-30 13:40:23.797 W/art     ( 2096): Long monitor contention with owner android.display (2149) at void com.android.server.wm.WindowAnimator$1.doFrame(long)(WindowAnimator.java:144) waiters=0 in void com.android.server.wm.WindowManagerService.prepareAppTransition(int, boolean) for 129ms
04-30 13:40:23.798 W/art     ( 2096): Long monitor contention with owner AlarmManager (2284) at int com.android.server.am.PendingIntentRecord.sendInner(int, android.content.Intent, java.lang.String, android.content.IIntentReceiver, java.lang.String, android.os.IBinder, java.lang.String, int, int, int, android.os.Bundle, android.app.IActivityContainer)(PendingIntentRecord.java:223) waiters=5 in android.content.pm.UserInfo com.android.server.am.UserController.getCurrentUser() for 235ms
04-30 13:40:23.871 W/art     ( 2096): Long monitor contention with owner ActivityManager (2133) at void com.android.server.am.ActivityStackSupervisor$ActivityStackSupervisorHandler.handleMessage(android.os.Message)(ActivityStackSupervisor.java:3910) waiters=2 in void com.android.server.am.ActivityManagerService.dispatchUidsChanged() for 203ms
04-30 13:40:24.252 I/AccountManagerService( 2096): User 0 is unlocked - opening CE database
04-30 13:40:24.321 I/art     ( 2096): Background sticky concurrent mark sweep GC freed 44642(3MB) AllocSpace objects, 6(288KB) LOS objects, 25% free, 9MB/13MB, paused 45.999ms total 1.413s
04-30 13:40:24.387 W/art     ( 2096): Long monitor contention with owner Binder:2096_1 (2123) at void com.android.server.am.ActivityManagerService.activityPaused(android.os.IBinder)(ActivityManagerService.java:6916) waiters=2 in boolean com.android.server.am.ActivityManagerService.isUserRunning(int, int) for 1.549s
04-30 13:40:24.605 E/WVMExtractor( 2796): Failed to open libwvm.so: dlopen failed: library "libwvm.so" not found
04-30 13:40:24.678 W/art     ( 2096): Long monitor contention with owner android.display (2149) at void com.android.server.wm.WindowAnimator$1.doFrame(long)(WindowAnimator.java:144) waiters=0 in void com.android.server.wm.WindowManagerService.startAppFreezingScreen(android.os.IBinder, int) for 147ms
04-30 13:40:25.313 I/MediaPlayerService( 1334): MediaPlayerService::getOMX
04-30 13:40:25.323 I/OMXClient( 2796): MuxOMX ctor
04-30 13:40:24.555 W/ifconfig( 2851): type=1400 audit(0.0:10): avc: denied { ioctl } for path="socket:[14808]" dev="sockfs" ino=14808 ioctlcmd=8927 scontext=u:r:shell:s0 tcontext=u:r:shell:s0 tclass=udp_socket permissive=0
04-30 13:40:24.585 W/ifconfig( 2851): type=1400 audit(0.0:11): avc: denied { ioctl } for path="socket:[14808]" dev="sockfs" ino=14808 ioctlcmd=891d scontext=u:r:shell:s0 tcontext=u:r:shell:s0 tclass=udp_socket permissive=0
04-30 13:40:24.615 W/ifconfig( 2851): type=1400 audit(0.0:12): avc: denied { ioctl } for path="socket:[14808]" dev="sockfs" ino=14808 ioctlcmd=8970 scontext=u:r:shell:s0 tcontext=u:r:shell:s0 tclass=udp_socket permissive=0
04-30 13:40:25.371 I/OMXMaster( 1331): makeComponentInstance(OMX.google.vorbis.decoder) in mediacodec process
04-30 13:40:25.381 D/TrustManagerService( 2096): Removing dead TrustListener.
04-30 13:40:25.401 D/WIFI    ( 2096): Registering NetworkFactory
04-30 13:40:25.403 D/ConnectivityService( 2096): Got NetworkFactory Messenger for WIFI
04-30 13:40:25.404 D/WIFI_UT ( 2096): Registering NetworkFactory
04-30 13:40:25.407 D/WIFI    ( 2096): got request NetworkRequest [ REQUEST id=1, [ Capabilities: INTERNET&NOT_RESTRICTED&TRUSTED&NOT_VPN] ] with score 0
04-30 13:40:25.408 D/ConnectivityService( 2096): Got NetworkFactory Messenger for WIFI_UT
04-30 13:40:25.408 D/WIFI_UT ( 2096): got request NetworkRequest [ REQUEST id=1, [ Capabilities: INTERNET&NOT_RESTRICTED&TRUSTED&NOT_VPN] ] with score 0
04-30 13:40:25.914 W/art     ( 2096): Long monitor contention with owner android.display (2149) at void com.android.server.wm.WindowAnimator$1.doFrame(long)(WindowAnimator.java:144) waiters=0 in void com.android.server.wm.WindowManagerService.executeAppTransition() for 438ms
04-30 13:40:26.251 W/art     ( 2096): Long monitor contention with owner Binder:2096_4 (2378) at void com.android.server.am.ActivityManagerService.attachApplication(android.app.IApplicationThread)(ActivityManagerService.java:6669) waiters=1 in boolean com.android.server.am.ActivityManagerService.isUserRunning(int, int) for 1.862s
04-30 13:40:26.254 W/art     ( 2096): Long monitor contention with owner Binder:2096_4 (2378) at void com.android.server.am.ActivityManagerService.attachApplication(android.app.IApplicationThread)(ActivityManagerService.java:6669) waiters=2 in com.android.server.am.ProcessRecord com.android.server.am.ActivityManagerService.findAppProcess(android.os.IBinder, java.lang.String) for 1.643s
04-30 13:40:26.255 W/art     ( 2096): Long monitor contention with owner Binder:2096_4 (2378) at void com.android.server.am.ActivityManagerService.attachApplication(android.app.IApplicationThread)(ActivityManagerService.java:6669) waiters=3 in void com.android.server.am.ActivityManagerService.dispatchProcessesChanged() for 1.367s
04-30 13:40:26.257 W/art     ( 2096): Long monitor contention with owner Binder:2096_4 (2378) at void com.android.server.am.ActivityManagerService.attachApplication(android.app.IApplicationThread)(ActivityManagerService.java:6669) waiters=4 in void com.android.server.am.ActivityStack$ActivityStackHandler.handleMessage(android.os.Message) for 1.027s
04-30 13:40:26.259 W/art     ( 2096): Long monitor contention with owner Binder:2096_4 (2378) at void com.android.server.am.ActivityManagerService.attachApplication(android.app.IApplicationThread)(ActivityManagerService.java:6669) waiters=5 in void com.android.server.am.ActivityManagerService.finishReceiver(android.os.IBinder, int, java.lang.String, android.os.Bundle, boolean, int) for 873ms
04-30 13:40:26.276 W/art     ( 2096): Long monitor contention with owner Binder:2096_4 (2378) at void com.android.server.am.ActivityManagerService.attachApplication(android.app.IApplicationThread)(ActivityManagerService.java:6669) waiters=6 in void com.android.server.am.ActivityManagerService.registerTaskStackListener(android.app.ITaskStackListener) for 800ms
04-30 13:40:26.449 W/System  ( 2853): ClassLoader referenced unknown path: /system/app/Launcher3/lib/x86_64
04-30 13:40:26.580 W/art     ( 2096): Long monitor contention with owner main (2096) at void com.android.server.am.ActivityManagerService.finishReceiver(android.os.IBinder, int, java.lang.String, android.os.Bundle, boolean, int)(ActivityManagerService.java:18651) waiters=3 in void com.android.server.am.ActivityManagerService.appendDropBoxProcessHeaders(com.android.server.am.ProcessRecord, java.lang.String, java.lang.StringBuilder) for 290ms
04-30 13:40:26.651 W/art     ( 2096): Long monitor contention with owner main (2096) at void com.android.server.am.BroadcastQueue.processNextBroadcast(boolean)(BroadcastQueue.java:760) waiters=3 in void com.android.server.am.ActivityManagerService.dispatchUidsChanged() for 357ms
04-30 13:40:26.830 D/LauncherProvider( 2853): Launcher process started
04-30 13:40:26.838 W/art     ( 2096): Long monitor contention with owner ActivityManager (2133) at void com.android.server.am.ActivityStackSupervisor$ActivityStackSupervisorHandler.handleMessage(android.os.Message)(ActivityStackSupervisor.java:3910) waiters=3 in void com.android.server.am.ActivityManagerService$3.handleMessage(android.os.Message) for 3.133s
04-30 13:40:27.548 I/MediaPlayerService( 1334): MediaPlayerService::getOMX
04-30 13:40:27.553 I/OMXClient( 2796): MuxOMX ctor
04-30 13:40:27.558 I/OMXMaster( 1331): makeComponentInstance(OMX.google.vorbis.decoder) in mediacodec process
