04-30 13:37:09.272 D/audio_hw_generic( 1326): mixer 5 name Line Out Phantom Jack
04-30 13:37:09.272 D/audio_hw_generic( 1326): mixer 6 name Playback Channel Map
04-30 13:37:09.272 D/audio_hw_generic( 1326): mixer 7 name Capture Channel Map
04-30 13:37:09.272 I/AudioFlinger( 1326): loadHwModule() Loaded primary audio interface from Generic audio HW HAL (audio) handle 10
04-30 13:37:09.278 I/AudioFlinger( 1326): openOutput(), module 10 Device 2, SamplingRate 48000, Format 0x000001, Channels 3, flags 2
04-30 13:37:09.363 I/AudioFlinger( 1326): HAL output buffer size 720 frames, normal sink buffer size 1152 frames
04-30 13:37:09.381 D/EmulatedCamera_QemuClient( 1327): Emulated camera list: 
04-30 13:37:09.383 D/EmulatedCamera_FakeCamera( 1327): Initialize: Fake camera is facing back
04-30 13:37:09.385 V/EmulatedCamera_Device( 1327): initializeWhiteBalanceModes with auto, 1.000000, 1.000000
04-30 13:37:09.385 V/EmulatedCamera_Device( 1327): initializeWhiteBalanceModes with incandescent, 1.380000, 0.600000
04-30 13:37:09.385 V/EmulatedCamera_Device( 1327): initializeWhiteBalanceModes with daylight, 1.090000, 0.920000
04-30 13:37:09.386 V/EmulatedCamera_Device( 1327): initializeWhiteBalanceModes with twilight, 0.920000, 1.220000
04-30 13:37:09.386 V/EmulatedCamera_Device( 1327): setWhiteBalanceMode with white balance auto
04-30 13:37:09.386 E/EmulatedCamera_Factory( 1327): 1 cameras are being emulated. 0 of them are fake cameras.
04-30 13:37:09.388 E/EmulatedCamera_HotplugThread( 1327): createFileIfNotExists: Could not create file '/data/misc/media/emulator.camera.hotplug.0', error: 'Permission denied' (13)
04-30 13:37:09.504 I/CameraService( 1327): Loaded "Emulated Camera Module" camera module
04-30 13:37:09.504 E/CameraService( 1327): setUpVendorTags: Vendor tag operations not fully defined. Ignoring definitions.
04-30 13:37:09.505 V/EmulatedCamera_Camera( 1327): getCameraInfo
04-30 13:37:09.505 V/EmulatedCamera_BaseCamera( 1327): getCameraInfo
04-30 13:37:09.506 I/CameraFlashlight( 1327): Opening camera 0
04-30 13:37:09.506 V/EmulatedCamera_Camera( 1327): getCameraInfo
04-30 13:37:09.506 V/EmulatedCamera_BaseCamera( 1327): getCameraInfo
04-30 13:37:09.506 V/EmulatedCamera_Camera( 1327): connectCamera
04-30 13:37:09.506 V/EmulatedCamera_FakeDevice( 1327): connectDevice
04-30 13:37:09.507 V/EmulatedCamera_CallbackNotifier( 1327): setCallbacks: 0xf3922e80, 0xf3922ed0, 0xf3922ff0, 0xf3923110 (0xf32c3140)
04-30 13:37:09.519 I/mediaserver( 1334): ServiceManager: 0xf13bc0a0
04-30 13:37:09.573 W/BatteryNotifier( 1334): batterystats service unavailable!
04-30 13:37:09.594 V/EmulatedCamera_Preview( 1327): setPreviewWindow: current: 0x0 -> new: 0xf32c3150
04-30 13:37:09.595 V/EmulatedCamera_Preview( 1327): setPreviewWindow: current: 0xf32c3150 -> new: 0x0
04-30 13:37:09.595 V/EmulatedCamera_Camera( 1327): doStopPreview
04-30 13:37:09.596 V/EmulatedCamera_Preview( 1327): setPreviewWindow: current: 0x0 -> new: 0x0
04-30 13:37:09.596 V/EmulatedCamera_Camera( 1327): releaseCamera
04-30 13:37:09.596 V/EmulatedCamera_Camera( 1327): doStopPreview
04-30 13:37:09.596 V/EmulatedCamera_FakeDevice( 1327): disconnectDevice
04-30 13:37:09.596 W/EmulatedCamera_Device( 1327): Initialize: Emulated camera device is already initialized: mState = 1
04-30 13:37:09.596 D/EmulatedCamera_FakeCamera( 1327): Initialize: Fake camera is facing back
04-30 13:37:09.597 V/EmulatedCamera_Device( 1327): initializeWhiteBalanceModes with auto, 1.000000, 1.000000
04-30 13:37:09.597 V/EmulatedCamera_Device( 1327): initializeWhiteBalanceModes with incandescent, 1.380000, 0.600000
04-30 13:37:09.597 V/EmulatedCamera_Device( 1327): initializeWhiteBalanceModes with daylight, 1.090000, 0.920000
04-30 13:37:09.597 V/EmulatedCamera_Device( 1327): initializeWhiteBalanceModes with twilight, 0.920000, 1.220000
04-30 13:37:09.597 V/EmulatedCamera_Device( 1327): setWhiteBalanceMode with white balance auto
04-30 13:37:09.597 I/CameraFlashlight( 1327): Destroying camera 0
04-30 13:37:09.598 V/EmulatedCamera_Camera( 1327): closeCamera
04-30 13:37:09.598 V/EmulatedCamera_Camera( 1327): doStopPreview
04-30 13:37:09.598 W/EmulatedCamera_Device( 1327): Initialize: Emulated camera device is already initialized: mState = 1
04-30 13:37:09.598 D/EmulatedCamera_FakeCamera( 1327): Initialize: Fake camera is facing back
04-30 13:37:09.598 V/EmulatedCamera_Device( 1327): initializeWhiteBalanceModes with auto, 1.000000, 1.000000
04-30 13:37:09.598 V/EmulatedCamera_Device( 1327): initializeWhiteBalanceModes with incandescent, 1.380000, 0.600000
04-30 13:37:09.598 V/EmulatedCamera_Device( 1327): initializeWhiteBalanceModes with daylight, 1.090000, 0.920000
04-30 13:37:09.598 V/EmulatedCamera_Device( 1327): initializeWhiteBalanceModes with twilight, 0.920000, 1.220000
04-30 13:37:09.598 V/EmulatedCamera_Device( 1327): setWhiteBalanceMode with white balance auto
04-30 13:37:09.639 V/EmulatedCamera_Camera( 1327): getCameraInfo
04-30 13:37:09.639 V/EmulatedCamera_BaseCamera( 1327): getCameraInfo
04-30 13:37:09.644 I/ServiceManager( 1327): Waiting for service media.camera.proxy...
04-30 13:37:09.753 I/BufferProvider( 1326): found effect "Multichannel Downmix To Stereo" from The Android Open Source Project
04-30 13:37:09.757 I/AudioFlinger( 1326): Using module 10 has the primary audio interface
04-30 13:37:09.851 I/AudioFlinger( 1326): AudioFlinger's thread 0xf1203a40 ready to run
04-30 13:37:09.880 W/BatteryNotifier( 1326): batterystats service unavailable!
04-30 13:37:09.884 W/BatteryNotifier( 1326): batterystats service unavailable!
04-30 13:37:09.922 W/BatteryNotifier( 1326): batterystats service unavailable!
04-30 13:37:09.930 W/AudioFlinger( 1326): no wake lock to update, system not ready yet
04-30 13:37:09.938 I/AudioFlinger( 1326): AudioFlinger's thread 0xf0d03100 ready to run
04-30 13:37:09.979 I/r_submix( 1326): adev_open(name=audio_hw_if)
04-30 13:37:10.021 I/r_submix( 1326): adev_init_check()
04-30 13:37:10.042 I/AudioFlinger( 1326): loadHwModule() Loaded r_submix audio interface from Wifi Display audio HAL (audio) handle 18
04-30 13:37:10.071 D/r_submix( 1326): adev_open_input_stream(addr=0)
04-30 13:37:10.071 D/r_submix( 1326): submix_audio_device_create_pipe_l(addr=0, idx=9)
04-30 13:37:10.071 D/r_submix( 1326):   now using address 0 for route 9
04-30 13:37:10.098 I/AudioFlinger( 1326): AudioFlinger's thread 0xf0e03780 ready to run
04-30 13:37:10.100 D/r_submix( 1326): adev_close_input_stream()
04-30 13:37:10.101 D/r_submix( 1326): submix_audio_device_release_pipe_l(idx=9) addr=0
04-30 13:37:10.101 D/r_submix( 1326): submix_audio_device_destroy_pipe_l(): pipe destroyed
04-30 13:37:10.171 I/RadioService( 1326): RadioService
04-30 13:37:10.171 I/RadioService( 1326): onFirstRef
04-30 13:37:10.191 E/RadioService( 1326): couldn't load radio module radio.primary (No such file or directory)
04-30 13:37:10.193 E/SoundTriggerHwService( 1326): couldn't load sound trigger module sound_trigger.primary (No such file or directory)
04-30 13:37:10.652 I/ServiceManager( 1327): Waiting for service media.camera.proxy...
04-30 13:37:11.660 I/ServiceManager( 1327): Waiting for service media.camera.proxy...
04-30 13:37:01.970 W/mediacodec( 1331): type=1400 audit(0.0:6): avc: denied { getattr } for path="/vendor" dev="rootfs" ino=2986 scontext=u:r:mediacodec:s0 tcontext=u:object_r:rootfs:s0 tclass=lnk_file permissive=0
04-30 13:37:02.000 W/mediadrmserver( 1332): type=1400 audit(0.0:7): avc: denied { getattr } for path="/vendor" dev="rootfs" ino=2986 scontext=u:r:mediadrmserver:s0 tcontext=u:object_r:rootfs:s0 tclass=lnk_file permissive=0
04-30 13:37:02.350 W/cameraserver( 1327): type=1400 audit(0.0:8): avc: denied { getattr } for path="/vendor" dev="rootfs" ino=2986 scontext=u:r:cameraserver:s0 tcontext=u:object_r:rootfs:s0 tclass=lnk_file permissive=0
04-30 13:37:09.860 W/bootanimation( 1655): type=1400 audit(0.0:9): avc: denied { getattr } for path="/vendor" dev="rootfs" ino=2986 scontext=u:r:bootanim:s0 tcontext=u:object_r:rootfs:s0 tclass=lnk_file permissive=0
04-30 13:37:12.664 I/ServiceManager( 1327): Waiting for service media.camera.proxy...
04-30 13:37:13.016 W/BatteryNotifier( 1326): batterystats service unavailable!
04-30 13:37:13.670 I/ServiceManager( 1327): Waiting for service media.camera.proxy...
04-30 13:37:19.053 D/AndroidRuntime( 1325): >>>>>> START com.android.internal.os.ZygoteInit uid 0 <<<<<<
04-30 13:37:19.404 D/AndroidRuntime( 1325): CheckJNI is ON
04-30 13:37:19.460 I/art     ( 1325): option[0]=-Xzygote
04-30 13:37:19.461 I/art     ( 1325): option[1]=-Xcheck:jni
04-30 13:37:19.461 I/art     ( 1325): option[2]=-Xstacktracefile:/data/anr/traces.txt
04-30 13:37:19.461 I/art     ( 1325): option[3]=exit
04-30 13:37:19.461 I/art     ( 1325): option[4]=vfprintf
04-30 13:37:19.461 I/art     ( 1325): option[5]=sensitiveThread
04-30 13:37:19.461 I/art     ( 1325): option[6]=-verbose:gc
04-30 13:37:19.461 I/art     ( 1325): option[7]=-Xms4m
04-30 13:37:19.461 I/art     ( 1325): option[8]=-Xmx256m
04-30 13:37:19.462 I/art     ( 1325): option[9]=-Xusejit:true
04-30 13:37:19.462 I/art     ( 1325): option[10]=-Xjitsaveprofilinginfo
04-30 13:37:19.462 I/art     ( 1325): option[11]=-agentlib:jdwp=transport=dt_android_adb,suspend=n,server=y
04-30 13:37:19.462 I/art     ( 1325): option[12]=-Xlockprofthreshold:500
04-30 13:37:19.462 I/art     ( 1325): option[13]=-Ximage-compiler-option
04-30 13:37:19.462 I/art     ( 1325): option[14]=--runtime-arg
04-30 13:37:19.462 I/art     ( 1325): option[15]=-Ximage-compiler-option
04-30 13:37:19.462 I/art     ( 1325): option[16]=-Xms64m
04-30 13:37:19.462 I/art     ( 1325): option[17]=-Ximage-compiler-option
04-30 13:37:19.462 I/art     ( 1325): option[18]=--runtime-arg
04-30 13:37:19.462 I/art     ( 1325): option[19]=-Ximage-compiler-option
04-30 13:37:19.462 I/art     ( 1325): option[20]=-Xmx64m
04-30 13:37:19.462 I/art     ( 1325): option[21]=-Ximage-compiler-option
04-30 13:37:19.462 I/art     ( 1325): option[22]=--image-classes=/system/etc/preloaded-classes
04-30 13:37:19.463 I/art     ( 1325): option[23]=-Ximage-compiler-option
04-30 13:37:19.463 I/art     ( 1325): option[24]=--compiled-classes=/system/etc/compiled-classes
04-30 13:37:19.463 I/art     ( 1325): option[25]=-Xcompiler-option
04-30 13:37:19.463 I/art     ( 1325): option[26]=--runtime-arg
04-30 13:37:19.463 I/art     ( 1325): option[27]=-Xcompiler-option
04-30 13:37:19.463 I/art     ( 1325): option[28]=-Xms64m
04-30 13:37:19.463 I/art     ( 1325): option[29]=-Xcompiler-option
04-30 13:37:19.463 I/art     ( 1325): option[30]=--runtime-arg
04-30 13:37:19.463 I/art     ( 1325): option[31]=-Xcompiler-option
04-30 13:37:19.463 I/art     ( 1325): option[32]=-Xmx512m
04-30 13:37:19.463 I/art     ( 1325): option[33]=-Ximage-compiler-option
04-30 13:37:19.463 I/art     ( 1325): option[34]=--instruction-set-variant=x86
04-30 13:37:19.463 I/art     ( 1325): option[35]=-Xcompiler-option
04-30 13:37:19.463 I/art     ( 1325): option[36]=--instruction-set-variant=x86
04-30 13:37:19.463 I/art     ( 1325): option[37]=-Ximage-compiler-option
04-30 13:37:19.463 I/art     ( 1325): option[38]=--instruction-set-features=default
04-30 13:37:19.463 I/art     ( 1325): option[39]=-Xcompiler-option
04-30 13:37:19.464 I/art     ( 1325): option[40]=--instruction-set-features=default
04-30 13:37:19.464 I/art     ( 1325): option[41]=-Duser.locale=en-US
04-30 13:37:19.464 I/art     ( 1325): option[42]=--cpu-abilist=x86
04-30 13:37:19.464 I/art     ( 1325): option[43]=-Xfingerprint:Android/sdk_phone_x86_64/generic_x86_64:7.1.1/NYC/4931657:userdebug/test-keys
04-30 13:37:20.493 E/SurfaceFlinger( 1321): ro.sf.lcd_density must be defined as a build property
04-30 13:37:20.566 D/libEGL  ( 1655): Emulator without GPU support detected. Fallback to legacy software renderer, qemu.gles is set to 0.
04-30 13:37:20.643 D/libEGL  ( 1655): loaded /system/lib64/egl/libGLES_android.so
04-30 13:37:20.974 D/gralloc_ranchu( 1655): Emulator without host-side GPU emulation detected. Loading gralloc.default.so from /vendor/lib64/hw/gralloc.goldfish.default.so...
04-30 13:37:20.977 D/gralloc_ranchu( 1655): gralloc.default.so not found in /vendor. Trying /system/lib64/hw/gralloc.goldfish.default.so...
04-30 13:37:22.912 D/AndroidRuntime( 1324): >>>>>> START com.android.internal.os.ZygoteInit uid 0 <<<<<<
04-30 13:37:23.737 D/AndroidRuntime( 1324): CheckJNI is ON
04-30 13:37:23.831 I/art     ( 1324): option[0]=-Xzygote
04-30 13:37:23.831 I/art     ( 1324): option[1]=-Xcheck:jni
04-30 13:37:23.831 I/art     ( 1324): option[2]=-Xstacktracefile:/data/anr/traces.txt
04-30 13:37:23.831 I/art     ( 1324): option[3]=exit
04-30 13:37:23.831 I/art     ( 1324): option[4]=vfprintf
04-30 13:37:23.831 I/art     ( 1324): option[5]=sensitiveThread
04-30 13:37:23.831 I/art     ( 1324): option[6]=-verbose:gc
04-30 13:37:23.831 I/art     ( 1324): option[7]=-Xms4m
04-30 13:37:23.831 I/art     ( 1324): option[8]=-Xmx256m
04-30 13:37:23.832 I/art     ( 1324): option[9]=-Xusejit:true
04-30 13:37:23.832 I/art     ( 1324): option[10]=-Xjitsaveprofilinginfo
04-30 13:37:23.832 I/art     ( 1324): option[11]=-agentlib:jdwp=transport=dt_android_adb,suspend=n,server=y
04-30 13:37:23.832 I/art     ( 1324): option[12]=-Xlockprofthreshold:500
04-30 13:37:23.832 I/art     ( 1324): option[13]=-Ximage-compiler-option
04-30 13:37:23.832 I/art     ( 1324): option[14]=--runtime-arg
04-30 13:37:23.832 I/art     ( 1324): option[15]=-Ximage-compiler-option
04-30 13:37:23.832 I/art     ( 1324): option[16]=-Xms64m
04-30 13:37:23.832 I/art     ( 1324): option[17]=-Ximage-compiler-option
04-30 13:37:23.832 I/art     ( 1324): option[18]=--runtime-arg
04-30 13:37:23.832 I/art     ( 1324): option[19]=-Ximage-compiler-option
04-30 13:37:23.832 I/art     ( 1324): option[20]=-Xmx64m
04-30 13:37:23.832 I/art     ( 1324): option[21]=-Ximage-compiler-option
04-30 13:37:23.832 I/art     ( 1324): option[22]=--image-classes=/system/etc/preloaded-classes
04-30 13:37:23.832 I/art     ( 1324): option[23]=-Ximage-compiler-option
04-30 13:37:23.832 I/art     ( 1324): option[24]=--compiled-classes=/system/etc/compiled-classes
04-30 13:37:23.832 I/art     ( 1324): option[25]=-Xcompiler-option
04-30 13:37:23.832 I/art     ( 1324): option[26]=--runtime-arg
04-30 13:37:23.832 I/art     ( 1324): option[27]=-Xcompiler-option
04-30 13:37:23.833 I/art     ( 1324): option[28]=-Xms64m
04-30 13:37:23.833 I/art     ( 1324): option[29]=-Xcompiler-option
04-30 13:37:23.833 I/art     ( 1324): option[30]=--runtime-arg
04-30 13:37:23.833 I/art     ( 1324): option[31]=-Xcompiler-option
04-30 13:37:23.833 I/art     ( 1324): option[32]=-Xmx512m
04-30 13:37:23.833 I/art     ( 1324): option[33]=-Ximage-compiler-option
04-30 13:37:23.833 I/art     ( 1324): option[34]=--instruction-set-variant=x86_64
04-30 13:37:23.833 I/art     ( 1324): option[35]=-Xcompiler-option
04-30 13:37:23.833 I/art     ( 1324): option[36]=--instruction-set-variant=x86_64
04-30 13:37:23.833 I/art     ( 1324): option[37]=-Ximage-compiler-option
04-30 13:37:23.833 I/art     ( 1324): option[38]=--instruction-set-features=default
04-30 13:37:23.833 I/art     ( 1324): option[39]=-Xcompiler-option
04-30 13:37:23.833 I/art     ( 1324): option[40]=--instruction-set-features=default
04-30 13:37:23.833 I/art     ( 1324): option[41]=-Duser.locale=en-US
04-30 13:37:23.833 I/art     ( 1324): option[42]=--cpu-abilist=x86_64
04-30 13:37:23.833 I/art     ( 1324): option[43]=-Xfingerprint:Android/sdk_phone_x86_64/generic_x86_64:7.1.1/NYC/4931657:userdebug/test-keys
04-30 13:37:26.013 D/ICU     ( 1325): No timezone override file found: /data/misc/zoneinfo/current/icu/icu_tzdata.dat
04-30 13:37:26.375 E/hostapd ( 1912): Configuration file: /system/etc/simulated_hostapd.conf
04-30 13:37:26.523 E/ipv6proxy( 1899): Failed to forward Router Advertisement from eth0 to wlan1: Network is unreachable
04-30 13:37:26.524 E/ipv6proxy( 1899): Failed to forward Router Advertisement from eth0 to radio0-peer: Cannot assign requested address
04-30 13:37:26.817 I/hostapd ( 1912): rfkill: Cannot get wiphy information
04-30 13:37:26.819 I/hostapd ( 1912): nl80211: Could not re-add multicast membership for vendor events: -2 (No such file or directory)
04-30 13:37:26.840 I/hostapd ( 1912): wlan1: interface state UNINITIALIZED->COUNTRY_UPDATE
04-30 13:37:28.898 E/memtrack( 1325): Couldn't load memtrack module (No such file or directory)
04-30 13:37:28.898 E/android.os.Debug( 1325): failed to load memtrack module: -2
04-30 13:37:28.952 I/Radio-JNI( 1325): register_android_hardware_Radio DONE
04-30 13:37:29.053 D/ICU     ( 1324): No timezone override file found: /data/misc/zoneinfo/current/icu/icu_tzdata.dat
04-30 13:37:29.350 I/SamplingProfilerIntegration( 1325): Profiling disabled.
04-30 13:37:29.373 D/Zygote  ( 1325): begin preload
04-30 13:37:29.373 I/Zygote  ( 1325): Installing ICU cache reference pinning...
04-30 13:37:29.380 I/Zygote  ( 1325): Preloading ICU data...
04-30 13:37:30.692 E/ipv6proxy( 1899): Failed to forward Router Advertisement from eth0 to wlan1: Network is unreachable
04-30 13:37:31.611 I/Zygote  ( 1325): Preloading classes...
04-30 13:37:31.814 W/Zygote  ( 1325): Class not found for preloading: [Landroid.view.Display$ColorTransform;
04-30 13:37:31.982 I/hostapd ( 1912): wlan1: interface state COUNTRY_UPDATE->HT_SCAN
04-30 13:37:32.864 E/memtrack( 1324): Couldn't load memtrack module (No such file or directory)
04-30 13:37:32.864 E/android.os.Debug( 1324): failed to load memtrack module: -2
04-30 13:37:32.931 I/Radio-JNI( 1324): register_android_hardware_Radio DONE
04-30 13:37:33.399 I/SamplingProfilerIntegration( 1324): Profiling disabled.
04-30 13:37:33.441 D/Zygote  ( 1324): begin preload
04-30 13:37:33.442 I/Zygote  ( 1324): Installing ICU cache reference pinning...
04-30 13:37:33.457 I/Zygote  ( 1324): Preloading ICU data...
04-30 13:37:33.462 E/hostapd ( 1912): Using interface wlan1 with hwaddr 02:00:00:00:01:00 and ssid "AndroidWifi"
04-30 13:37:33.483 I/hostapd ( 1912): wlan1: interface state HT_SCAN->ENABLED
04-30 13:37:33.484 I/hostapd ( 1912): wlan1: AP-ENABLED 
04-30 13:37:35.247 I/Zygote  ( 1324): Preloading classes...
04-30 13:37:35.492 W/Zygote  ( 1324): Class not found for preloading: [Landroid.view.Display$ColorTransform;
04-30 13:37:38.664 E/Typeface( 1325): Error mapping font file /system/fonts/DroidSansFallback.ttf
04-30 13:37:40.026 E/Typeface( 1324): Error mapping font file /system/fonts/DroidSansFallback.ttf
04-30 13:37:43.984 W/art     ( 1325): Suspending all threads took: 48.892ms
04-30 13:37:44.312 I/art     ( 1325): Background concurrent mark sweep GC freed 21945(2MB) AllocSpace objects, 61(1076KB) LOS objects, 33% free, 2MB/3MB, paused 54.447ms total 602.535ms
04-30 13:37:44.382 W/art     ( 1324): Suspending all threads took: 20.383ms
04-30 13:37:44.610 I/art     ( 1325): Background sticky concurrent mark sweep GC freed 199(1266KB) AllocSpace objects, 67(1300KB) LOS objects, 57% free, 1686KB/3MB, paused 532us total 173.244ms
04-30 13:37:44.681 I/art     ( 1324): Background concurrent mark sweep GC freed 21947(2MB) AllocSpace objects, 60(1060KB) LOS objects, 6% free, 3MB/4MB, paused 24.509ms total 542.953ms
04-30 13:37:44.889 I/art     ( 1324): Background sticky concurrent mark sweep GC freed 269(1425KB) AllocSpace objects, 67(1300KB) LOS objects, 58% free, 1755KB/4MB, paused 577us total 165.695ms
04-30 13:37:45.232 I/art     ( 1325): Thread[1,tid=1325,Native,Thread*=0xe880b400,peer=0x12c060d0,"main"] recursive attempt to load library "/system/lib/libmedia_jni.so"
04-30 13:37:45.282 D/MtpDeviceJNI( 1325): register_android_mtp_MtpDevice
04-30 13:37:45.284 I/art     ( 1325): Thread[1,tid=1325,Native,Thread*=0xe880b400,peer=0x12c060d0,"main"] recursive attempt to load library "/system/lib/libmedia_jni.so"
04-30 13:37:45.286 I/art     ( 1325): Thread[1,tid=1325,Native,Thread*=0xe880b400,peer=0x12c060d0,"main"] recursive attempt to load library "/system/lib/libmedia_jni.so"
04-30 13:37:45.487 I/art     ( 1324): Thread[1,tid=1324,Native,Thread*=0x735248495a00,peer=0x12c060d0,"main"] recursive attempt to load library "/system/lib64/libmedia_jni.so"
04-30 13:37:45.522 D/MtpDeviceJNI( 1324): register_android_mtp_MtpDevice
04-30 13:37:45.532 I/art     ( 1324): Thread[1,tid=1324,Native,Thread*=0x735248495a00,peer=0x12c060d0,"main"] recursive attempt to load library "/system/lib64/libmedia_jni.so"
04-30 13:37:45.533 I/art     ( 1324): Thread[1,tid=1324,Native,Thread*=0x735248495a00,peer=0x12c060d0,"main"] recursive attempt to load library "/system/lib64/libmedia_jni.so"
04-30 13:37:48.021 W/Zygote  ( 1324): Class not found for preloading: android.view.Display$ColorTransform
04-30 13:37:48.051 W/Zygote  ( 1324): Class not found for preloading: android.view.Display$ColorTransform$1
04-30 13:37:48.294 W/Zygote  ( 1325): Class not found for preloading: android.view.Display$ColorTransform
04-30 13:37:48.295 W/Zygote  ( 1325): Class not found for preloading: android.view.Display$ColorTransform$1
04-30 13:37:51.657 I/System  ( 1324): Loaded time zone names for "" in 983ms (978ms in ICU)
04-30 13:37:52.404 I/System  ( 1324): Loaded time zone names for "en_US" in 745ms (661ms in ICU)
04-30 13:37:52.450 I/System  ( 1325): Loaded time zone names for "" in 959ms (923ms in ICU)
04-30 13:37:53.388 I/System  ( 1325): Loaded time zone names for "en_US" in 936ms (931ms in ICU)
04-30 13:37:53.399 I/Zygote  ( 1324): ...preloaded 4158 classes in 18151ms.
04-30 13:37:53.452 I/art     ( 1324): VMRuntime.preloadDexCaches starting
04-30 13:37:54.517 I/Zygote  ( 1325): ...preloaded 4158 classes in 22855ms.
04-30 13:37:54.518 I/art     ( 1325): VMRuntime.preloadDexCaches starting
04-30 13:37:55.169 I/art     ( 1324): VMRuntime.preloadDexCaches strings total=283712 before=39625 after=39625
04-30 13:37:55.170 I/art     ( 1324): VMRuntime.preloadDexCaches types total=23581 before=7877 after=7904
04-30 13:37:55.202 I/art     ( 1324): VMRuntime.preloadDexCaches fields total=112007 before=40903 after=41117
04-30 13:37:55.202 I/art     ( 1324): VMRuntime.preloadDexCaches methods total=197534 before=82457 after=83017
04-30 13:37:55.202 I/art     ( 1324): VMRuntime.preloadDexCaches finished
04-30 13:37:55.204 I/Zygote  ( 1324): Preloading resources...
04-30 13:37:56.883 W/Resources( 1324): Preloaded drawable resource #0x108025c (android:drawable/dialog_background_material) that varies with configuration!!
04-30 13:37:56.933 I/art     ( 1325): VMRuntime.preloadDexCaches strings total=283712 before=39625 after=39625
04-30 13:37:56.934 I/art     ( 1325): VMRuntime.preloadDexCaches types total=23581 before=7877 after=7904
04-30 13:37:56.934 I/art     ( 1325): VMRuntime.preloadDexCaches fields total=112007 before=40903 after=41117
04-30 13:37:56.934 I/art     ( 1325): VMRuntime.preloadDexCaches methods total=197534 before=82457 after=83017
04-30 13:37:56.934 I/art     ( 1325): VMRuntime.preloadDexCaches finished
04-30 13:37:56.986 I/Zygote  ( 1325): Preloading resources...
04-30 13:37:57.019 I/art     ( 1324): Background sticky concurrent mark sweep GC freed 25618(1847KB) AllocSpace objects, 0(0B) LOS objects, 45% free, 2MB/4MB, paused 1.327ms total 347.286ms
04-30 13:37:57.042 W/Resources( 1324): Preloaded drawable resource #0x1080298 (android:drawable/editbox_dropdown_background_dark) that varies with configuration!!
04-30 13:37:57.493 W/Resources( 1324): Preloaded color resource #0x10600e2 (android:color/material_grey_800) that varies with configuration!!
04-30 13:37:57.494 W/Resources( 1324): Preloaded drawable resource #0x10802c9 (android:drawable/floating_popup_background_dark) that varies with configuration!!
04-30 13:37:57.765 I/art     ( 1325): Background sticky concurrent mark sweep GC freed 25365(1969KB) AllocSpace objects, 0(0B) LOS objects, 53% free, 1824KB/3MB, paused 1.945ms total 418.159ms
04-30 13:37:58.515 W/Resources( 1324): Preloaded drawable resource #0x108030b (android:drawable/ic_clear_disabled) that varies with configuration!!
04-30 13:37:58.518 W/Resources( 1324): Preloaded drawable resource #0x1080310 (android:drawable/ic_clear_normal) that varies with configuration!!
04-30 13:37:58.605 W/Resources( 1324): Preloaded drawable resource #0x1080359 (android:drawable/ic_go) that varies with configuration!!
04-30 13:37:58.831 W/Resources( 1324): Preloaded drawable resource #0x1080038 (android:drawable/ic_menu_close_clear_cancel) that varies with configuration!!
04-30 13:37:58.843 I/art     ( 1324): Background concurrent mark sweep GC freed 3104(195KB) AllocSpace objects, 7(136KB) LOS objects, 50% free, 3MB/7MB, paused 254us total 179.295ms
04-30 13:37:58.879 W/Resources( 1324): Preloaded drawable resource #0x1080045 (android:drawable/ic_menu_more) that varies with configuration!!
04-30 13:37:59.060 W/Resources( 1325): Preloaded drawable resource #0x108025c (android:drawable/dialog_background_material) that varies with configuration!!
04-30 13:37:59.098 W/Resources( 1325): Preloaded drawable resource #0x1080298 (android:drawable/editbox_dropdown_background_dark) that varies with configuration!!
04-30 13:37:59.243 W/Resources( 1324): Preloaded drawable resource #0x10804e8 (android:drawable/menu_background_fill_parent_width) that varies with configuration!!
04-30 13:37:59.258 W/Resources( 1325): Preloaded color resource #0x10600e2 (android:color/material_grey_800) that varies with configuration!!
04-30 13:37:59.258 W/Resources( 1325): Preloaded drawable resource #0x10802c9 (android:drawable/floating_popup_background_dark) that varies with configuration!!
04-30 13:38:00.261 W/Resources( 1325): Preloaded drawable resource #0x108030b (android:drawable/ic_clear_disabled) that varies with configuration!!
04-30 13:38:00.433 W/Resources( 1325): Preloaded drawable resource #0x1080310 (android:drawable/ic_clear_normal) that varies with configuration!!
04-30 13:38:00.559 W/Resources( 1325): Preloaded drawable resource #0x1080359 (android:drawable/ic_go) that varies with configuration!!
04-30 13:38:00.654 W/art     ( 1325): Suspending all threads took: 86.678ms
04-30 13:38:00.727 I/art     ( 1325): Background concurrent mark sweep GC freed 2989(202KB) AllocSpace objects, 6(120KB) LOS objects, 51% free, 3MB/7MB, paused 87.784ms total 460.791ms
04-30 13:38:01.024 W/Resources( 1325): Preloaded drawable resource #0x1080038 (android:drawable/ic_menu_close_clear_cancel) that varies with configuration!!
04-30 13:38:01.133 W/Resources( 1325): Preloaded drawable resource #0x1080045 (android:drawable/ic_menu_more) that varies with configuration!!
04-30 13:38:01.178 W/Resources( 1324): Preloaded drawable resource #0x108077e (android:drawable/text_edit_paste_window) that varies with configuration!!
04-30 13:38:01.273 W/Resources( 1324): Preloaded drawable resource #0x1080096 (android:drawable/toast_frame) that varies with configuration!!
04-30 13:38:01.274 I/Zygote  ( 1324): ...preloaded 114 resources in 6069ms.
04-30 13:38:01.524 W/Resources( 1324): Preloaded color resource #0x106010b (android:color/background_cache_hint_selector_material_dark) that varies with configuration!!
04-30 13:38:01.527 W/Resources( 1324): Preloaded color resource #0x1060110 (android:color/btn_default_material_dark) that varies with configuration!!
04-30 13:38:01.544 W/Resources( 1325): Preloaded drawable resource #0x10804e8 (android:drawable/menu_background_fill_parent_width) that varies with configuration!!
04-30 13:38:01.615 I/Zygote  ( 1324): ...preloaded 41 resources in 341ms.
04-30 13:38:01.617 D/libEGL  ( 1324): Emulator without GPU support detected. Fallback to legacy software renderer, qemu.gles is set to 0.
04-30 13:38:01.833 D/libEGL  ( 1324): loaded /system/lib64/egl/libGLES_android.so
04-30 13:38:02.992 I/Zygote  ( 1324): Preloading shared libraries...
04-30 13:38:03.142 E/Hyphenator( 1324): error loading hyphenation /system/usr/hyphen-data/hyph-as.hyb
04-30 13:38:03.142 E/Hyphenator( 1324): java.io.FileNotFoundException: /system/usr/hyphen-data/hyph-as.hyb: open failed: ENOENT (No such file or directory)
04-30 13:38:03.142 E/Hyphenator( 1324): 	at libcore.io.IoBridge.open(IoBridge.java:455)
04-30 13:38:03.142 E/Hyphenator( 1324): 	at java.io.RandomAccessFile.<init>(RandomAccessFile.java:247)
04-30 13:38:03.142 E/Hyphenator( 1324): 	at android.text.Hyphenator.loadHyphenator(Hyphenator.java:118)
04-30 13:38:03.142 E/Hyphenator( 1324): 	at android.text.Hyphenator.init(Hyphenator.java:224)
04-30 13:38:03.142 E/Hyphenator( 1324): 	at com.android.internal.os.ZygoteInit.preloadTextResources(ZygoteInit.java:252)
04-30 13:38:03.142 E/Hyphenator( 1324): 	at com.android.internal.os.ZygoteInit.preload(ZygoteInit.java:206)
04-30 13:38:03.142 E/Hyphenator( 1324): 	at com.android.internal.os.ZygoteInit.main(ZygoteInit.java:743)
04-30 13:38:03.142 E/Hyphenator( 1324): Caused by: android.system.ErrnoException: open failed: ENOENT (No such file or directory)
04-30 13:38:03.142 E/Hyphenator( 1324): 	at libcore.io.Posix.open(Native Method)
04-30 13:38:03.142 E/Hyphenator( 1324): 	at libcore.io.BlockGuardOs.open(BlockGuardOs.java:187)
04-30 13:38:03.142 E/Hyphenator( 1324): 	at libcore.io.IoBridge.open(IoBridge.java:441)
04-30 13:38:03.142 E/Hyphenator( 1324): 	... 6 more
04-30 13:38:03.144 E/Hyphenator( 1324): error loading hyphenation /system/usr/hyphen-data/hyph-bn.hyb
04-30 13:38:03.144 E/Hyphenator( 1324): java.io.FileNotFoundException: /system/usr/hyphen-data/hyph-bn.hyb: open failed: ENOENT (No such file or directory)
04-30 13:38:03.144 E/Hyphenator( 1324): 	at libcore.io.IoBridge.open(IoBridge.java:455)
04-30 13:38:03.144 E/Hyphenator( 1324): 	at java.io.RandomAccessFile.<init>(RandomAccessFile.java:247)
04-30 13:38:03.144 E/Hyphenator( 1324): 	at android.text.Hyphenator.loadHyphenator(Hyphenator.java:118)
04-30 13:38:03.144 E/Hyphenator( 1324): 	at android.text.Hyphenator.init(Hyphenator.java:224)
04-30 13:38:03.144 E/Hyphenator( 1324): 	at com.android.internal.os.ZygoteInit.preloadTextResources(ZygoteInit.java:252)
04-30 13:38:03.144 E/Hyphenator( 1324): 	at com.android.internal.os.ZygoteInit.preload(ZygoteInit.java:206)
04-30 13:38:03.144 E/Hyphenator( 1324): 	at com.android.internal.os.ZygoteInit.main(ZygoteInit.java:743)
04-30 13:38:03.144 E/Hyphenator( 1324): Caused by: android.system.ErrnoException: open failed: ENOENT (No such file or directory)
04-30 13:38:03.144 E/Hyphenator( 1324): 	at libcore.io.Posix.open(Native Method)
04-30 13:38:03.144 E/Hyphenator( 1324): 	at libcore.io.BlockGuardOs.open(BlockGuardOs.java:187)
04-30 13:38:03.144 E/Hyphenator( 1324): 	at libcore.io.IoBridge.open(IoBridge.java:441)
04-30 13:38:03.144 E/Hyphenator( 1324): 	... 6 more
04-30 13:38:03.146 E/Hyphenator( 1324): error loading hyphenation /system/usr/hyphen-data/hyph-cy.hyb
04-30 13:38:03.146 E/Hyphenator( 1324): java.io.FileNotFoundException: /system/usr/hyphen-data/hyph-cy.hyb: open failed: ENOENT (No such file or directory)
04-30 13:38:03.146 E/Hyphenator( 1324): 	at libcore.io.IoBridge.open(IoBridge.java:455)
04-30 13:38:03.146 E/Hyphenator( 1324): 	at java.io.RandomAccessFile.<init>(RandomAccessFile.java:247)
04-30 13:38:03.146 E/Hyphenator( 1324): 	at android.text.Hyphenator.loadHyphenator(Hyphenator.java:118)
04-30 13:38:03.146 E/Hyphenator( 1324): 	at android.text.Hyphenator.init(Hyphenator.java:224)
04-30 13:38:03.146 E/Hyphenator( 1324): 	at com.android.internal.os.ZygoteInit.preloadTextResources(ZygoteInit.java:252)
04-30 13:38:03.146 E/Hyphenator( 1324): 	at com.android.internal.os.ZygoteInit.preload(ZygoteInit.java:206)
04-30 13:38:03.146 E/Hyphenator( 1324): 	at com.android.internal.os.ZygoteInit.main(ZygoteInit.java:743)
04-30 13:38:03.146 E/Hyphenator( 1324): Caused by: android.system.ErrnoException: open failed: ENOENT (No such file or directory)
04-30 13:38:03.146 E/Hyphenator( 1324): 	at libcore.io.Posix.open(Native Method)
04-30 13:38:03.146 E/Hyphenator( 1324): 	at libcore.io.BlockGuardOs.open(BlockGuardOs.java:187)
04-30 13:38:03.146 E/Hyphenator( 1324): 	at libcore.io.IoBridge.open(IoBridge.java:441)
04-30 13:38:03.146 E/Hyphenator( 1324): 	... 6 more
04-30 13:38:03.147 E/Hyphenator( 1324): error loading hyphenation /system/usr/hyphen-data/hyph-da.hyb
04-30 13:38:03.147 E/Hyphenator( 1324): java.io.FileNotFoundException: /system/usr/hyphen-data/hyph-da.hyb: open failed: ENOENT (No such file or directory)
04-30 13:38:03.147 E/Hyphenator( 1324): 	at libcore.io.IoBridge.open(IoBridge.java:455)
04-30 13:38:03.147 E/Hyphenator( 1324): 	at java.io.RandomAccessFile.<init>(RandomAccessFile.java:247)
04-30 13:38:03.147 E/Hyphenator( 1324): 	at android.text.Hyphenator.loadHyphenator(Hyphenator.java:118)
04-30 13:38:03.147 E/Hyphenator( 1324): 	at android.text.Hyphenator.init(Hyphenator.java:224)
04-30 13:38:03.147 E/Hyphenator( 1324): 	at com.android.internal.os.ZygoteInit.preloadTextResources(ZygoteInit.java:252)
04-30 13:38:03.147 E/Hyphenator( 1324): 	at com.android.internal.os.ZygoteInit.preload(ZygoteInit.java:206)
04-30 13:38:03.147 E/Hyphenator( 1324): 	at com.android.internal.os.ZygoteInit.main(ZygoteInit.java:743)
04-30 13:38:03.147 E/Hyphenator( 1324): Caused by: android.system.ErrnoException: open failed: ENOENT (No such file or directory)
04-30 13:38:03.147 E/Hyphenator( 1324): 	at libcore.io.Posix.open(Native Method)
04-30 13:38:03.147 E/Hyphenator( 1324): 	at libcore.io.BlockGuardOs.open(BlockGuardOs.java:187)
04-30 13:38:03.147 E/Hyphenator( 1324): 	at libcore.io.IoBridge.open(IoBridge.java:441)
04-30 13:38:03.147 E/Hyphenator( 1324): 	... 6 more
04-30 13:38:03.211 E/Hyphenator( 1324): error loading hyphenation /system/usr/hyphen-data/hyph-de-1901.hyb
04-30 13:38:03.211 E/Hyphenator( 1324): java.io.FileNotFoundException: /system/usr/hyphen-data/hyph-de-1901.hyb: open failed: ENOENT (No such file or directory)
04-30 13:38:03.211 E/Hyphenator( 1324): 	at libcore.io.IoBridge.open(IoBridge.java:455)
04-30 13:38:03.211 E/Hyphenator( 1324): 	at java.io.RandomAccessFile.<init>(RandomAccessFile.java:247)
04-30 13:38:03.211 E/Hyphenator( 1324): 	at android.text.Hyphenator.loadHyphenator(Hyphenator.java:118)
04-30 13:38:03.211 E/Hyphenator( 1324): 	at android.text.Hyphenator.init(Hyphenator.java:224)
04-30 13:38:03.211 E/Hyphenator( 1324): 	at com.android.internal.os.ZygoteInit.preloadTextResources(ZygoteInit.java:252)
04-30 13:38:03.211 E/Hyphenator( 1324): 	at com.android.internal.os.ZygoteInit.preload(ZygoteInit.java:206)
04-30 13:38:03.211 E/Hyphenator( 1324): 	at com.android.internal.os.ZygoteInit.main(ZygoteInit.java:743)
04-30 13:38:03.211 E/Hyphenator( 1324): Caused by: android.system.ErrnoException: open failed: ENOENT (No such file or directory)
04-30 13:38:03.211 E/Hyphenator( 1324): 	at libcore.io.Posix.open(Native Method)
04-30 13:38:03.211 E/Hyphenator( 1324): 	at libcore.io.BlockGuardOs.open(BlockGuardOs.java:187)
04-30 13:38:03.211 E/Hyphenator( 1324): 	at libcore.io.IoBridge.open(IoBridge.java:441)
04-30 13:38:03.211 E/Hyphenator( 1324): 	... 6 more
04-30 13:38:03.213 E/Hyphenator( 1324): error loading hyphenation /system/usr/hyphen-data/hyph-de-1996.hyb
04-30 13:38:03.213 E/Hyphenator( 1324): java.io.FileNotFoundException: /system/usr/hyphen-data/hyph-de-1996.hyb: open failed: ENOENT (No such file or directory)
04-30 13:38:03.213 E/Hyphenator( 1324): 	at libcore.io.IoBridge.open(IoBridge.java:455)
04-30 13:38:03.213 E/Hyphenator( 1324): 	at java.io.RandomAccessFile.<init>(RandomAccessFile.java:247)
04-30 13:38:03.213 E/Hyphenator( 1324): 	at android.text.Hyphenator.loadHyphenator(Hyphenator.java:118)
04-30 13:38:03.213 E/Hyphenator( 1324): 	at android.text.Hyphenator.init(Hyphenator.java:224)
04-30 13:38:03.213 E/Hyphenator( 1324): 	at com.android.internal.os.ZygoteInit.preloadTextResources(ZygoteInit.java:252)
04-30 13:38:03.213 E/Hyphenator( 1324): 	at com.android.internal.os.ZygoteInit.preload(ZygoteInit.java:206)
04-30 13:38:03.213 E/Hyphenator( 1324): 	at com.android.internal.os.ZygoteInit.main(ZygoteInit.java:743)
04-30 13:38:03.213 E/Hyphenator( 1324): Caused by: android.system.ErrnoException: open failed: ENOENT (No such file or directory)
04-30 13:38:03.213 E/Hyphenator( 1324): 	at libcore.io.Posix.open(Native Method)
04-30 13:38:03.213 E/Hyphenator( 1324): 	at libcore.io.BlockGuardOs.open(BlockGuardOs.java:187)
04-30 13:38:03.213 E/Hyphenator( 1324): 	at libcore.io.IoBridge.open(IoBridge.java:441)
04-30 13:38:03.213 E/Hyphenator( 1324): 	... 6 more
04-30 13:38:03.214 E/Hyphenator( 1324): error loading hyphenation /system/usr/hyphen-data/hyph-de-ch-1901.hyb
04-30 13:38:03.214 E/Hyphenator( 1324): java.io.FileNotFoundException: /system/usr/hyphen-data/hyph-de-ch-1901.hyb: open failed: ENOENT (No such file or directory)
04-30 13:38:03.214 E/Hyphenator( 1324): 	at libcore.io.IoBridge.open(IoBridge.java:455)
04-30 13:38:03.214 E/Hyphenator( 1324): 	at java.io.RandomAccessFile.<init>(RandomAccessFile.java:247)
04-30 13:38:03.214 E/Hyphenator( 1324): 	at android.text.Hyphenator.loadHyphenator(Hyphenator.java:118)
04-30 13:38:03.214 E/Hyphenator( 1324): 	at android.text.Hyphenator.init(Hyphenator.java:224)
04-30 13:38:03.214 E/Hyphenator( 1324): 	at com.android.internal.os.ZygoteInit.preloadTextResources(ZygoteInit.java:252)
04-30 13:38:03.214 E/Hyphenator( 1324): 	at com.android.internal.os.ZygoteInit.preload(ZygoteInit.java:206)
04-30 13:38:03.214 E/Hyphenator( 1324): 	at com.android.internal.os.ZygoteInit.main(ZygoteInit.java:743)
04-30 13:38:03.214 E/Hyphenator( 1324): Caused by: android.system.ErrnoException: open failed: ENOENT (No such file or directory)
04-30 13:38:03.214 E/Hyphenator( 1324): 	at libcore.io.Posix.open(Native Method)
04-30 13:38:03.214 E/Hyphenator( 1324): 	at libcore.io.BlockGuardOs.open(BlockGuardOs.java:187)
04-30 13:38:03.214 E/Hyphenator( 1324): 	at libcore.io.IoBridge.open(IoBridge.java:441)
04-30 13:38:03.214 E/Hyphenator( 1324): 	... 6 more
04-30 13:38:03.216 E/Hyphenator( 1324): error loading hyphenation /system/usr/hyphen-data/hyph-en-gb.hyb
04-30 13:38:03.216 E/Hyphenator( 1324): java.io.FileNotFoundException: /system/usr/hyphen-data/hyph-en-gb.hyb: open failed: ENOENT (No such file or directory)
04-30 13:38:03.216 E/Hyphenator( 1324): 	at libcore.io.IoBridge.open(IoBridge.java:455)
04-30 13:38:03.216 E/Hyphenator( 1324): 	at java.io.RandomAccessFile.<init>(RandomAccessFile.java:247)
04-30 13:38:03.216 E/Hyphenator( 1324): 	at android.text.Hyphenator.loadHyphenator(Hyphenator.java:118)
04-30 13:38:03.216 E/Hyphenator( 1324): 	at android.text.Hyphenator.init(Hyphenator.java:224)
04-30 13:38:03.216 E/Hyphenator( 1324): 	at com.android.internal.os.ZygoteInit.preloadTextResources(ZygoteInit.java:252)
04-30 13:38:03.216 E/Hyphenator( 1324): 	at com.android.internal.os.ZygoteInit.preload(ZygoteInit.java:206)
04-30 13:38:03.216 E/Hyphenator( 1324): 	at com.android.internal.os.ZygoteInit.main(ZygoteInit.java:743)
04-30 13:38:03.216 E/Hyphenator( 1324): Caused by: android.system.ErrnoException: open failed: ENOENT (No such file or directory)
04-30 13:38:03.216 E/Hyphenator( 1324): 	at libcore.io.Posix.open(Native Method)
04-30 13:38:03.216 E/Hyphenator( 1324): 	at libcore.io.BlockGuardOs.open(BlockGuardOs.java:187)
04-30 13:38:03.216 E/Hyphenator( 1324): 	at libcore.io.IoBridge.open(IoBridge.java:441)
04-30 13:38:03.216 E/Hyphenator( 1324): 	... 6 more
04-30 13:38:03.217 E/Hyphenator( 1324): error loading hyphenation /system/usr/hyphen-data/hyph-en-us.hyb
04-30 13:38:03.217 E/Hyphenator( 1324): java.io.FileNotFoundException: /system/usr/hyphen-data/hyph-en-us.hyb: open failed: ENOENT (No such file or directory)
04-30 13:38:03.217 E/Hyphenator( 1324): 	at libcore.io.IoBridge.open(IoBridge.java:455)
04-30 13:38:03.217 E/Hyphenator( 1324): 	at java.io.RandomAccessFile.<init>(RandomAccessFile.java:247)
04-30 13:38:03.217 E/Hyphenator( 1324): 	at android.text.Hyphenator.loadHyphenator(Hyphenator.java:118)
04-30 13:38:03.217 E/Hyphenator( 1324): 	at android.text.Hyphenator.init(Hyphenator.java:224)
04-30 13:38:03.217 E/Hyphenator( 1324): 	at com.android.internal.os.ZygoteInit.preloadTextResources(ZygoteInit.java:252)
04-30 13:38:03.217 E/Hyphenator( 1324): 	at com.android.internal.os.ZygoteInit.preload(ZygoteInit.java:206)
04-30 13:38:03.217 E/Hyphenator( 1324): 	at com.android.internal.os.ZygoteInit.main(ZygoteInit.java:743)
04-30 13:38:03.217 E/Hyphenator( 1324): Caused by: android.system.ErrnoException: open failed: ENOENT (No such file or directory)
04-30 13:38:03.217 E/Hyphenator( 1324): 	at libcore.io.Posix.open(Native Method)
04-30 13:38:03.217 E/Hyphenator( 1324): 	at libcore.io.BlockGuardOs.open(BlockGuardOs.java:187)
04-30 13:38:03.217 E/Hyphenator( 1324): 	at libcore.io.IoBridge.open(IoBridge.java:441)
04-30 13:38:03.217 E/Hyphenator( 1324): 	... 6 more
04-30 13:38:03.218 E/Hyphenator( 1324): error loading hyphenation /system/usr/hyphen-data/hyph-es.hyb
04-30 13:38:03.218 E/Hyphenator( 1324): java.io.FileNotFoundException: /system/usr/hyphen-data/hyph-es.hyb: open failed: ENOENT (No such file or directory)
04-30 13:38:03.218 E/Hyphenator( 1324): 	at libcore.io.IoBridge.open(IoBridge.java:455)
04-30 13:38:03.218 E/Hyphenator( 1324): 	at java.io.RandomAccessFile.<init>(RandomAccessFile.java:247)
04-30 13:38:03.218 E/Hyphenator( 1324): 	at android.text.Hyphenator.loadHyphenator(Hyphenator.java:118)
04-30 13:38:03.218 E/Hyphenator( 1324): 	at android.text.Hyphenator.init(Hyphenator.java:224)
04-30 13:38:03.218 E/Hyphenator( 1324): 	at com.android.internal.os.ZygoteInit.preloadTextResources(ZygoteInit.java:252)
04-30 13:38:03.218 E/Hyphenator( 1324): 	at com.android.internal.os.ZygoteInit.preload(ZygoteInit.java:206)
04-30 13:38:03.218 E/Hyphenator( 1324): 	at com.android.internal.os.ZygoteInit.main(ZygoteInit.java:743)
04-30 13:38:03.218 E/Hyphenator( 1324): Caused by: android.system.ErrnoException: open failed: ENOENT (No such file or directory)
04-30 13:38:03.218 E/Hyphenator( 1324): 	at libcore.io.Posix.open(Native Method)
04-30 13:38:03.218 E/Hyphenator( 1324): 	at libcore.io.BlockGuardOs.open(BlockGuardOs.java:187)
04-30 13:38:03.218 E/Hyphenator( 1324): 	at libcore.io.IoBridge.open(IoBridge.java:441)
04-30 13:38:03.218 E/Hyphenator( 1324): 	... 6 more
04-30 13:38:03.260 E/Hyphenator( 1324): error loading hyphenation /system/usr/hyphen-data/hyph-et.hyb
04-30 13:38:03.260 E/Hyphenator( 1324): java.io.FileNotFoundException: /system/usr/hyphen-data/hyph-et.hyb: open failed: ENOENT (No such file or directory)
04-30 13:38:03.260 E/Hyphenator( 1324): 	at libcore.io.IoBridge.open(IoBridge.java:455)
04-30 13:38:03.260 E/Hyphenator( 1324): 	at java.io.RandomAccessFile.<init>(RandomAccessFile.java:247)
04-30 13:38:03.260 E/Hyphenator( 1324): 	at android.text.Hyphenator.loadHyphenator(Hyphenator.java:118)
04-30 13:38:03.260 E/Hyphenator( 1324): 	at android.text.Hyphenator.init(Hyphenator.java:224)
04-30 13:38:03.260 E/Hyphenator( 1324): 	at com.android.internal.os.ZygoteInit.preloadTextResources(ZygoteInit.java:252)
04-30 13:38:03.260 E/Hyphenator( 1324): 	at com.android.internal.os.ZygoteInit.preload(ZygoteInit.java:206)
04-30 13:38:03.260 E/Hyphenator( 1324): 	at com.android.internal.os.ZygoteInit.main(ZygoteInit.java:743)
04-30 13:38:03.260 E/Hyphenator( 1324): Caused by: android.system.ErrnoException: open failed: ENOENT (No such file or directory)
04-30 13:38:03.260 E/Hyphenator( 1324): 	at libcore.io.Posix.open(Native Method)
04-30 13:38:03.260 E/Hyphenator( 1324): 	at libcore.io.BlockGuardOs.open(BlockGuardOs.java:187)
04-30 13:38:03.260 E/Hyphenator( 1324): 	at libcore.io.IoBridge.open(IoBridge.java:441)
04-30 13:38:03.260 E/Hyphenator( 1324): 	... 6 more
04-30 13:38:03.262 E/Hyphenator( 1324): error loading hyphenation /system/usr/hyphen-data/hyph-eu.hyb
04-30 13:38:03.262 E/Hyphenator( 1324): java.io.FileNotFoundException: /system/usr/hyphen-data/hyph-eu.hyb: open failed: ENOENT (No such file or directory)
04-30 13:38:03.262 E/Hyphenator( 1324): 	at libcore.io.IoBridge.open(IoBridge.java:455)
04-30 13:38:03.262 E/Hyphenator( 1324): 	at java.io.RandomAccessFile.<init>(RandomAccessFile.java:247)
04-30 13:38:03.262 E/Hyphenator( 1324): 	at android.text.Hyphenator.loadHyphenator(Hyphenator.java:118)
04-30 13:38:03.262 E/Hyphenator( 1324): 	at android.text.Hyphenator.init(Hyphenator.java:224)
04-30 13:38:03.262 E/Hyphenator( 1324): 	at com.android.internal.os.ZygoteInit.preloadTextResources(ZygoteInit.java:252)
04-30 13:38:03.262 E/Hyphenator( 1324): 	at com.android.internal.os.ZygoteInit.preload(ZygoteInit.java:206)
04-30 13:38:03.262 E/Hyphenator( 1324): 	at com.android.internal.os.ZygoteInit.main(ZygoteInit.java:743)
04-30 13:38:03.262 E/Hyphenator( 1324): Caused by: android.system.ErrnoException: open failed: ENOENT (No such file or directory)
04-30 13:38:03.262 E/Hyphenator( 1324): 	at libcore.io.Posix.open(Native Method)
04-30 13:38:03.262 E/Hyphenator( 1324): 	at libcore.io.BlockGuardOs.open(BlockGuardOs.java:187)
04-30 13:38:03.262 E/Hyphenator( 1324): 	at libcore.io.IoBridge.open(IoBridge.java:441)
04-30 13:38:03.262 E/Hyphenator( 1324): 	... 6 more
04-30 13:38:03.264 E/Hyphenator( 1324): error loading hyphenation /system/usr/hyphen-data/hyph-fr.hyb
04-30 13:38:03.264 E/Hyphenator( 1324): java.io.FileNotFoundException: /system/usr/hyphen-data/hyph-fr.hyb: open failed: ENOENT (No such file or directory)
04-30 13:38:03.264 E/Hyphenator( 1324): 	at libcore.io.IoBridge.open(IoBridge.java:455)
04-30 13:38:03.264 E/Hyphenator( 1324): 	at java.io.RandomAccessFile.<init>(RandomAccessFile.java:247)
04-30 13:38:03.264 E/Hyphenator( 1324): 	at android.text.Hyphenator.loadHyphenator(Hyphenator.java:118)
04-30 13:38:03.264 E/Hyphenator( 1324): 	at android.text.Hyphenator.init(Hyphenator.java:224)
04-30 13:38:03.264 E/Hyphenator( 1324): 	at com.android.internal.os.ZygoteInit.preloadTextResources(ZygoteInit.java:252)
04-30 13:38:03.264 E/Hyphenator( 1324): 	at com.android.internal.os.ZygoteInit.preload(ZygoteInit.java:206)
04-30 13:38:03.264 E/Hyphenator( 1324): 	at com.android.internal.os.ZygoteInit.main(ZygoteInit.java:743)
04-30 13:38:03.264 E/Hyphenator( 1324): Caused by: android.system.ErrnoException: open failed: ENOENT (No such file or directory)
04-30 13:38:03.264 E/Hyphenator( 1324): 	at libcore.io.Posix.open(Native Method)
04-30 13:38:03.264 E/Hyphenator( 1324): 	at libcore.io.BlockGuardOs.open(BlockGuardOs.java:187)
04-30 13:38:03.264 E/Hyphenator( 1324): 	at libcore.io.IoBridge.open(IoBridge.java:441)
04-30 13:38:03.264 E/Hyphenator( 1324): 	... 6 more
04-30 13:38:03.265 E/Hyphenator( 1324): error loading hyphenation /system/usr/hyphen-data/hyph-ga.hyb
04-30 13:38:03.265 E/Hyphenator( 1324): java.io.FileNotFoundException: /system/usr/hyphen-data/hyph-ga.hyb: open failed: ENOENT (No such file or directory)
04-30 13:38:03.265 E/Hyphenator( 1324): 	at libcore.io.IoBridge.open(IoBridge.java:455)
04-30 13:38:03.265 E/Hyphenator( 1324): 	at java.io.RandomAccessFile.<init>(RandomAccessFile.java:247)
04-30 13:38:03.265 E/Hyphenator( 1324): 	at android.text.Hyphenator.loadHyphenator(Hyphenator.java:118)
04-30 13:38:03.265 E/Hyphenator( 1324): 	at android.text.Hyphenator.init(Hyphenator.java:224)
04-30 13:38:03.265 E/Hyphenator( 1324): 	at com.android.internal.os.ZygoteInit.preloadTextResources(ZygoteInit.java:252)
04-30 13:38:03.265 E/Hyphenator( 1324): 	at com.android.internal.os.ZygoteInit.preload(ZygoteInit.java:206)
04-30 13:38:03.265 E/Hyphenator( 1324): 	at com.android.internal.os.ZygoteInit.main(ZygoteInit.java:743)
04-30 13:38:03.265 E/Hyphenator( 1324): Caused by: android.system.ErrnoException: open failed: ENOENT (No such file or directory)
04-30 13:38:03.265 E/Hyphenator( 1324): 	at libcore.io.Posix.open(Native Method)
04-30 13:38:03.265 E/Hyphenator( 1324): 	at libcore.io.BlockGuardOs.open(BlockGuardOs.java:187)
04-30 13:38:03.265 E/Hyphenator( 1324): 	at libcore.io.IoBridge.open(IoBridge.java:441)
04-30 13:38:03.265 E/Hyphenator( 1324): 	... 6 more
04-30 13:38:03.266 E/Hyphenator( 1324): error loading hyphenation /system/usr/hyphen-data/hyph-gu.hyb
04-30 13:38:03.266 E/Hyphenator( 1324): java.io.FileNotFoundException: /system/usr/hyphen-data/hyph-gu.hyb: open failed: ENOENT (No such file or directory)
04-30 13:38:03.266 E/Hyphenator( 1324): 	at libcore.io.IoBridge.open(IoBridge.java:455)
04-30 13:38:03.266 E/Hyphenator( 1324): 	at java.io.RandomAccessFile.<init>(RandomAccessFile.java:247)
04-30 13:38:03.266 E/Hyphenator( 1324): 	at android.text.Hyphenator.loadHyphenator(Hyphenator.java:118)
04-30 13:38:03.266 E/Hyphenator( 1324): 	at android.text.Hyphenator.init(Hyphenator.java:224)
04-30 13:38:03.266 E/Hyphenator( 1324): 	at com.android.internal.os.ZygoteInit.preloadTextResources(ZygoteInit.java:252)
04-30 13:38:03.266 E/Hyphenator( 1324): 	at com.android.internal.os.ZygoteInit.preload(ZygoteInit.java:206)
04-30 13:38:03.266 E/Hyphenator( 1324): 	at com.android.internal.os.ZygoteInit.main(ZygoteInit.java:743)
04-30 13:38:03.266 E/Hyphenator( 1324): Caused by: android.system.ErrnoException: open failed: ENOENT (No such file or directory)
04-30 13:38:03.266 E/Hyphenator( 1324): 	at libcore.io.Posix.open(Native Method)
04-30 13:38:03.266 E/Hyphenator( 1324): 	at libcore.io.BlockGuardOs.open(BlockGuardOs.java:187)
04-30 13:38:03.266 E/Hyphenator( 1324): 	at libcore.io.IoBridge.open(IoBridge.java:441)
04-30 13:38:03.266 E/Hyphenator( 1324): 	... 6 more
04-30 13:38:03.270 E/Hyphenator( 1324): error loading hyphenation /system/usr/hyphen-data/hyph-hi.hyb
04-30 13:38:03.270 E/Hyphenator( 1324): java.io.FileNotFoundException: /system/usr/hyphen-data/hyph-hi.hyb: open failed: ENOENT (No such file or directory)
04-30 13:38:03.270 E/Hyphenator( 1324): 	at libcore.io.IoBridge.open(IoBridge.java:455)
04-30 13:38:03.270 E/Hyphenator( 1324): 	at java.io.RandomAccessFile.<init>(RandomAccessFile.java:247)
04-30 13:38:03.270 E/Hyphenator( 1324): 	at android.text.Hyphenator.loadHyphenator(Hyphenator.java:118)
04-30 13:38:03.270 E/Hyphenator( 1324): 	at android.text.Hyphenator.init(Hyphenator.java:224)
04-30 13:38:03.270 E/Hyphenator( 1324): 	at com.android.internal.os.ZygoteInit.preloadTextResources(ZygoteInit.java:252)
