05-10 16:03:56.326 E/Hyphenator( 1326): 	at com.android.internal.os.ZygoteInit.preload(ZygoteInit.java:206)
05-10 16:03:56.326 E/Hyphenator( 1326): 	at com.android.internal.os.ZygoteInit.main(ZygoteInit.java:743)
05-10 16:03:56.326 E/Hyphenator( 1326): Caused by: android.system.ErrnoException: open failed: ENOENT (No such file or directory)
05-10 16:03:56.326 E/Hyphenator( 1326): 	at libcore.io.Posix.open(Native Method)
05-10 16:03:56.326 E/Hyphenator( 1326): 	at libcore.io.BlockGuardOs.open(BlockGuardOs.java:187)
05-10 16:03:56.326 E/Hyphenator( 1326): 	at libcore.io.IoBridge.open(IoBridge.java:441)
05-10 16:03:56.326 E/Hyphenator( 1326): 	... 6 more
05-10 16:03:56.328 E/Hyphenator( 1326): error loading hyphenation /system/usr/hyphen-data/hyph-hr.hyb
05-10 16:03:56.328 E/Hyphenator( 1326): java.io.FileNotFoundException: /system/usr/hyphen-data/hyph-hr.hyb: open failed: ENOENT (No such file or directory)
05-10 16:03:56.328 E/Hyphenator( 1326): 	at libcore.io.IoBridge.open(IoBridge.java:455)
05-10 16:03:56.328 E/Hyphenator( 1326): 	at java.io.RandomAccessFile.<init>(RandomAccessFile.java:247)
05-10 16:03:56.328 E/Hyphenator( 1326): 	at android.text.Hyphenator.loadHyphenator(Hyphenator.java:118)
05-10 16:03:56.328 E/Hyphenator( 1326): 	at android.text.Hyphenator.init(Hyphenator.java:224)
05-10 16:03:56.328 E/Hyphenator( 1326): 	at com.android.internal.os.ZygoteInit.preloadTextResources(ZygoteInit.java:252)
05-10 16:03:56.328 E/Hyphenator( 1326): 	at com.android.internal.os.ZygoteInit.preload(ZygoteInit.java:206)
05-10 16:03:56.328 E/Hyphenator( 1326): 	at com.android.internal.os.ZygoteInit.main(ZygoteInit.java:743)
05-10 16:03:56.328 E/Hyphenator( 1326): Caused by: android.system.ErrnoException: open failed: ENOENT (No such file or directory)
05-10 16:03:56.328 E/Hyphenator( 1326): 	at libcore.io.Posix.open(Native Method)
05-10 16:03:56.328 E/Hyphenator( 1326): 	at libcore.io.BlockGuardOs.open(BlockGuardOs.java:187)
05-10 16:03:56.328 E/Hyphenator( 1326): 	at libcore.io.IoBridge.open(IoBridge.java:441)
05-10 16:03:56.328 E/Hyphenator( 1326): 	... 6 more
05-10 16:03:56.329 E/Hyphenator( 1326): error loading hyphenation /system/usr/hyphen-data/hyph-hu.hyb
05-10 16:03:56.329 E/Hyphenator( 1326): java.io.FileNotFoundException: /system/usr/hyphen-data/hyph-hu.hyb: open failed: ENOENT (No such file or directory)
05-10 16:03:56.329 E/Hyphenator( 1326): 	at libcore.io.IoBridge.open(IoBridge.java:455)
05-10 16:03:56.329 E/Hyphenator( 1326): 	at java.io.RandomAccessFile.<init>(RandomAccessFile.java:247)
05-10 16:03:56.329 E/Hyphenator( 1326): 	at android.text.Hyphenator.loadHyphenator(Hyphenator.java:118)
05-10 16:03:56.329 E/Hyphenator( 1326): 	at android.text.Hyphenator.init(Hyphenator.java:224)
05-10 16:03:56.329 E/Hyphenator( 1326): 	at com.android.internal.os.ZygoteInit.preloadTextResources(ZygoteInit.java:252)
05-10 16:03:56.329 E/Hyphenator( 1326): 	at com.android.internal.os.ZygoteInit.preload(ZygoteInit.java:206)
05-10 16:03:56.329 E/Hyphenator( 1326): 	at com.android.internal.os.ZygoteInit.main(ZygoteInit.java:743)
05-10 16:03:56.329 E/Hyphenator( 1326): Caused by: android.system.ErrnoException: open failed: ENOENT (No such file or directory)
05-10 16:03:56.329 E/Hyphenator( 1326): 	at libcore.io.Posix.open(Native Method)
05-10 16:03:56.329 E/Hyphenator( 1326): 	at libcore.io.BlockGuardOs.open(BlockGuardOs.java:187)
05-10 16:03:56.329 E/Hyphenator( 1326): 	at libcore.io.IoBridge.open(IoBridge.java:441)
05-10 16:03:56.329 E/Hyphenator( 1326): 	... 6 more
05-10 16:03:56.352 I/art     ( 1325): Explicit concurrent mark sweep GC freed 5033(258KB) AllocSpace objects, 3(132KB) LOS objects, 39% free, 6MB/10MB, paused 255us total 212.008ms
05-10 16:03:56.356 I/art     ( 1325): Starting a blocking GC Explicit
05-10 16:03:56.374 E/Hyphenator( 1326): error loading hyphenation /system/usr/hyphen-data/hyph-hy.hyb
05-10 16:03:56.374 E/Hyphenator( 1326): java.io.FileNotFoundException: /system/usr/hyphen-data/hyph-hy.hyb: open failed: ENOENT (No such file or directory)
05-10 16:03:56.374 E/Hyphenator( 1326): 	at libcore.io.IoBridge.open(IoBridge.java:455)
05-10 16:03:56.374 E/Hyphenator( 1326): 	at java.io.RandomAccessFile.<init>(RandomAccessFile.java:247)
05-10 16:03:56.374 E/Hyphenator( 1326): 	at android.text.Hyphenator.loadHyphenator(Hyphenator.java:118)
05-10 16:03:56.374 E/Hyphenator( 1326): 	at android.text.Hyphenator.init(Hyphenator.java:224)
05-10 16:03:56.374 E/Hyphenator( 1326): 	at com.android.internal.os.ZygoteInit.preloadTextResources(ZygoteInit.java:252)
05-10 16:03:56.374 E/Hyphenator( 1326): 	at com.android.internal.os.ZygoteInit.preload(ZygoteInit.java:206)
05-10 16:03:56.374 E/Hyphenator( 1326): 	at com.android.internal.os.ZygoteInit.main(ZygoteInit.java:743)
05-10 16:03:56.374 E/Hyphenator( 1326): Caused by: android.system.ErrnoException: open failed: ENOENT (No such file or directory)
05-10 16:03:56.374 E/Hyphenator( 1326): 	at libcore.io.Posix.open(Native Method)
05-10 16:03:56.374 E/Hyphenator( 1326): 	at libcore.io.BlockGuardOs.open(BlockGuardOs.java:187)
05-10 16:03:56.374 E/Hyphenator( 1326): 	at libcore.io.IoBridge.open(IoBridge.java:441)
05-10 16:03:56.374 E/Hyphenator( 1326): 	... 6 more
05-10 16:03:56.375 E/Hyphenator( 1326): error loading hyphenation /system/usr/hyphen-data/hyph-kn.hyb
05-10 16:03:56.375 E/Hyphenator( 1326): java.io.FileNotFoundException: /system/usr/hyphen-data/hyph-kn.hyb: open failed: ENOENT (No such file or directory)
05-10 16:03:56.375 E/Hyphenator( 1326): 	at libcore.io.IoBridge.open(IoBridge.java:455)
05-10 16:03:56.375 E/Hyphenator( 1326): 	at java.io.RandomAccessFile.<init>(RandomAccessFile.java:247)
05-10 16:03:56.375 E/Hyphenator( 1326): 	at android.text.Hyphenator.loadHyphenator(Hyphenator.java:118)
05-10 16:03:56.375 E/Hyphenator( 1326): 	at android.text.Hyphenator.init(Hyphenator.java:224)
05-10 16:03:56.375 E/Hyphenator( 1326): 	at com.android.internal.os.ZygoteInit.preloadTextResources(ZygoteInit.java:252)
05-10 16:03:56.375 E/Hyphenator( 1326): 	at com.android.internal.os.ZygoteInit.preload(ZygoteInit.java:206)
05-10 16:03:56.375 E/Hyphenator( 1326): 	at com.android.internal.os.ZygoteInit.main(ZygoteInit.java:743)
05-10 16:03:56.375 E/Hyphenator( 1326): Caused by: android.system.ErrnoException: open failed: ENOENT (No such file or directory)
05-10 16:03:56.375 E/Hyphenator( 1326): 	at libcore.io.Posix.open(Native Method)
05-10 16:03:56.375 E/Hyphenator( 1326): 	at libcore.io.BlockGuardOs.open(BlockGuardOs.java:187)
05-10 16:03:56.375 E/Hyphenator( 1326): 	at libcore.io.IoBridge.open(IoBridge.java:441)
05-10 16:03:56.375 E/Hyphenator( 1326): 	... 6 more
05-10 16:03:56.377 E/Hyphenator( 1326): error loading hyphenation /system/usr/hyphen-data/hyph-ml.hyb
05-10 16:03:56.377 E/Hyphenator( 1326): java.io.FileNotFoundException: /system/usr/hyphen-data/hyph-ml.hyb: open failed: ENOENT (No such file or directory)
05-10 16:03:56.377 E/Hyphenator( 1326): 	at libcore.io.IoBridge.open(IoBridge.java:455)
05-10 16:03:56.377 E/Hyphenator( 1326): 	at java.io.RandomAccessFile.<init>(RandomAccessFile.java:247)
05-10 16:03:56.377 E/Hyphenator( 1326): 	at android.text.Hyphenator.loadHyphenator(Hyphenator.java:118)
05-10 16:03:56.377 E/Hyphenator( 1326): 	at android.text.Hyphenator.init(Hyphenator.java:224)
05-10 16:03:56.377 E/Hyphenator( 1326): 	at com.android.internal.os.ZygoteInit.preloadTextResources(ZygoteInit.java:252)
05-10 16:03:56.377 E/Hyphenator( 1326): 	at com.android.internal.os.ZygoteInit.preload(ZygoteInit.java:206)
05-10 16:03:56.377 E/Hyphenator( 1326): 	at com.android.internal.os.ZygoteInit.main(ZygoteInit.java:743)
05-10 16:03:56.377 E/Hyphenator( 1326): Caused by: android.system.ErrnoException: open failed: ENOENT (No such file or directory)
05-10 16:03:56.377 E/Hyphenator( 1326): 	at libcore.io.Posix.open(Native Method)
05-10 16:03:56.377 E/Hyphenator( 1326): 	at libcore.io.BlockGuardOs.open(BlockGuardOs.java:187)
05-10 16:03:56.377 E/Hyphenator( 1326): 	at libcore.io.IoBridge.open(IoBridge.java:441)
05-10 16:03:56.377 E/Hyphenator( 1326): 	... 6 more
05-10 16:03:56.379 E/Hyphenator( 1326): error loading hyphenation /system/usr/hyphen-data/hyph-mn-cyrl.hyb
05-10 16:03:56.379 E/Hyphenator( 1326): java.io.FileNotFoundException: /system/usr/hyphen-data/hyph-mn-cyrl.hyb: open failed: ENOENT (No such file or directory)
05-10 16:03:56.379 E/Hyphenator( 1326): 	at libcore.io.IoBridge.open(IoBridge.java:455)
05-10 16:03:56.379 E/Hyphenator( 1326): 	at java.io.RandomAccessFile.<init>(RandomAccessFile.java:247)
05-10 16:03:56.379 E/Hyphenator( 1326): 	at android.text.Hyphenator.loadHyphenator(Hyphenator.java:118)
05-10 16:03:56.379 E/Hyphenator( 1326): 	at android.text.Hyphenator.init(Hyphenator.java:224)
05-10 16:03:56.379 E/Hyphenator( 1326): 	at com.android.internal.os.ZygoteInit.preloadTextResources(ZygoteInit.java:252)
05-10 16:03:56.379 E/Hyphenator( 1326): 	at com.android.internal.os.ZygoteInit.preload(ZygoteInit.java:206)
05-10 16:03:56.379 E/Hyphenator( 1326): 	at com.android.internal.os.ZygoteInit.main(ZygoteInit.java:743)
05-10 16:03:56.379 E/Hyphenator( 1326): Caused by: android.system.ErrnoException: open failed: ENOENT (No such file or directory)
05-10 16:03:56.379 E/Hyphenator( 1326): 	at libcore.io.Posix.open(Native Method)
05-10 16:03:56.379 E/Hyphenator( 1326): 	at libcore.io.BlockGuardOs.open(BlockGuardOs.java:187)
05-10 16:03:56.379 E/Hyphenator( 1326): 	at libcore.io.IoBridge.open(IoBridge.java:441)
05-10 16:03:56.379 E/Hyphenator( 1326): 	... 6 more
05-10 16:03:56.413 E/Hyphenator( 1326): error loading hyphenation /system/usr/hyphen-data/hyph-mr.hyb
05-10 16:03:56.413 E/Hyphenator( 1326): java.io.FileNotFoundException: /system/usr/hyphen-data/hyph-mr.hyb: open failed: ENOENT (No such file or directory)
05-10 16:03:56.413 E/Hyphenator( 1326): 	at libcore.io.IoBridge.open(IoBridge.java:455)
05-10 16:03:56.413 E/Hyphenator( 1326): 	at java.io.RandomAccessFile.<init>(RandomAccessFile.java:247)
05-10 16:03:56.413 E/Hyphenator( 1326): 	at android.text.Hyphenator.loadHyphenator(Hyphenator.java:118)
05-10 16:03:56.413 E/Hyphenator( 1326): 	at android.text.Hyphenator.init(Hyphenator.java:224)
05-10 16:03:56.413 E/Hyphenator( 1326): 	at com.android.internal.os.ZygoteInit.preloadTextResources(ZygoteInit.java:252)
05-10 16:03:56.413 E/Hyphenator( 1326): 	at com.android.internal.os.ZygoteInit.preload(ZygoteInit.java:206)
05-10 16:03:56.413 E/Hyphenator( 1326): 	at com.android.internal.os.ZygoteInit.main(ZygoteInit.java:743)
05-10 16:03:56.413 E/Hyphenator( 1326): Caused by: android.system.ErrnoException: open failed: ENOENT (No such file or directory)
05-10 16:03:56.413 E/Hyphenator( 1326): 	at libcore.io.Posix.open(Native Method)
05-10 16:03:56.413 E/Hyphenator( 1326): 	at libcore.io.BlockGuardOs.open(BlockGuardOs.java:187)
05-10 16:03:56.413 E/Hyphenator( 1326): 	at libcore.io.IoBridge.open(IoBridge.java:441)
05-10 16:03:56.413 E/Hyphenator( 1326): 	... 6 more
05-10 16:03:56.414 E/Hyphenator( 1326): error loading hyphenation /system/usr/hyphen-data/hyph-nb.hyb
05-10 16:03:56.414 E/Hyphenator( 1326): java.io.FileNotFoundException: /system/usr/hyphen-data/hyph-nb.hyb: open failed: ENOENT (No such file or directory)
05-10 16:03:56.414 E/Hyphenator( 1326): 	at libcore.io.IoBridge.open(IoBridge.java:455)
05-10 16:03:56.414 E/Hyphenator( 1326): 	at java.io.RandomAccessFile.<init>(RandomAccessFile.java:247)
05-10 16:03:56.414 E/Hyphenator( 1326): 	at android.text.Hyphenator.loadHyphenator(Hyphenator.java:118)
05-10 16:03:56.414 E/Hyphenator( 1326): 	at android.text.Hyphenator.init(Hyphenator.java:224)
05-10 16:03:56.414 E/Hyphenator( 1326): 	at com.android.internal.os.ZygoteInit.preloadTextResources(ZygoteInit.java:252)
05-10 16:03:56.414 E/Hyphenator( 1326): 	at com.android.internal.os.ZygoteInit.preload(ZygoteInit.java:206)
05-10 16:03:56.414 E/Hyphenator( 1326): 	at com.android.internal.os.ZygoteInit.main(ZygoteInit.java:743)
05-10 16:03:56.414 E/Hyphenator( 1326): Caused by: android.system.ErrnoException: open failed: ENOENT (No such file or directory)
05-10 16:03:56.414 E/Hyphenator( 1326): 	at libcore.io.Posix.open(Native Method)
05-10 16:03:56.414 E/Hyphenator( 1326): 	at libcore.io.BlockGuardOs.open(BlockGuardOs.java:187)
05-10 16:03:56.414 E/Hyphenator( 1326): 	at libcore.io.IoBridge.open(IoBridge.java:441)
05-10 16:03:56.414 E/Hyphenator( 1326): 	... 6 more
05-10 16:03:56.416 E/Hyphenator( 1326): error loading hyphenation /system/usr/hyphen-data/hyph-nn.hyb
05-10 16:03:56.416 E/Hyphenator( 1326): java.io.FileNotFoundException: /system/usr/hyphen-data/hyph-nn.hyb: open failed: ENOENT (No such file or directory)
05-10 16:03:56.416 E/Hyphenator( 1326): 	at libcore.io.IoBridge.open(IoBridge.java:455)
05-10 16:03:56.416 E/Hyphenator( 1326): 	at java.io.RandomAccessFile.<init>(RandomAccessFile.java:247)
05-10 16:03:56.416 E/Hyphenator( 1326): 	at android.text.Hyphenator.loadHyphenator(Hyphenator.java:118)
05-10 16:03:56.416 E/Hyphenator( 1326): 	at android.text.Hyphenator.init(Hyphenator.java:224)
05-10 16:03:56.416 E/Hyphenator( 1326): 	at com.android.internal.os.ZygoteInit.preloadTextResources(ZygoteInit.java:252)
05-10 16:03:56.416 E/Hyphenator( 1326): 	at com.android.internal.os.ZygoteInit.preload(ZygoteInit.java:206)
05-10 16:03:56.416 E/Hyphenator( 1326): 	at com.android.internal.os.ZygoteInit.main(ZygoteInit.java:743)
05-10 16:03:56.416 E/Hyphenator( 1326): Caused by: android.system.ErrnoException: open failed: ENOENT (No such file or directory)
05-10 16:03:56.416 E/Hyphenator( 1326): 	at libcore.io.Posix.open(Native Method)
05-10 16:03:56.416 E/Hyphenator( 1326): 	at libcore.io.BlockGuardOs.open(BlockGuardOs.java:187)
05-10 16:03:56.416 E/Hyphenator( 1326): 	at libcore.io.IoBridge.open(IoBridge.java:441)
05-10 16:03:56.416 E/Hyphenator( 1326): 	... 6 more
05-10 16:03:56.417 E/Hyphenator( 1326): error loading hyphenation /system/usr/hyphen-data/hyph-or.hyb
05-10 16:03:56.417 E/Hyphenator( 1326): java.io.FileNotFoundException: /system/usr/hyphen-data/hyph-or.hyb: open failed: ENOENT (No such file or directory)
05-10 16:03:56.417 E/Hyphenator( 1326): 	at libcore.io.IoBridge.open(IoBridge.java:455)
05-10 16:03:56.417 E/Hyphenator( 1326): 	at java.io.RandomAccessFile.<init>(RandomAccessFile.java:247)
05-10 16:03:56.417 E/Hyphenator( 1326): 	at android.text.Hyphenator.loadHyphenator(Hyphenator.java:118)
05-10 16:03:56.417 E/Hyphenator( 1326): 	at android.text.Hyphenator.init(Hyphenator.java:224)
05-10 16:03:56.417 E/Hyphenator( 1326): 	at com.android.internal.os.ZygoteInit.preloadTextResources(ZygoteInit.java:252)
05-10 16:03:56.417 E/Hyphenator( 1326): 	at com.android.internal.os.ZygoteInit.preload(ZygoteInit.java:206)
05-10 16:03:56.417 E/Hyphenator( 1326): 	at com.android.internal.os.ZygoteInit.main(ZygoteInit.java:743)
05-10 16:03:56.417 E/Hyphenator( 1326): Caused by: android.system.ErrnoException: open failed: ENOENT (No such file or directory)
05-10 16:03:56.417 E/Hyphenator( 1326): 	at libcore.io.Posix.open(Native Method)
05-10 16:03:56.417 E/Hyphenator( 1326): 	at libcore.io.BlockGuardOs.open(BlockGuardOs.java:187)
05-10 16:03:56.417 E/Hyphenator( 1326): 	at libcore.io.IoBridge.open(IoBridge.java:441)
05-10 16:03:56.417 E/Hyphenator( 1326): 	... 6 more
05-10 16:03:56.419 E/Hyphenator( 1326): error loading hyphenation /system/usr/hyphen-data/hyph-pa.hyb
05-10 16:03:56.419 E/Hyphenator( 1326): java.io.FileNotFoundException: /system/usr/hyphen-data/hyph-pa.hyb: open failed: ENOENT (No such file or directory)
05-10 16:03:56.419 E/Hyphenator( 1326): 	at libcore.io.IoBridge.open(IoBridge.java:455)
05-10 16:03:56.419 E/Hyphenator( 1326): 	at java.io.RandomAccessFile.<init>(RandomAccessFile.java:247)
05-10 16:03:56.419 E/Hyphenator( 1326): 	at android.text.Hyphenator.loadHyphenator(Hyphenator.java:118)
05-10 16:03:56.419 E/Hyphenator( 1326): 	at android.text.Hyphenator.init(Hyphenator.java:224)
05-10 16:03:56.419 E/Hyphenator( 1326): 	at com.android.internal.os.ZygoteInit.preloadTextResources(ZygoteInit.java:252)
05-10 16:03:56.419 E/Hyphenator( 1326): 	at com.android.internal.os.ZygoteInit.preload(ZygoteInit.java:206)
05-10 16:03:56.419 E/Hyphenator( 1326): 	at com.android.internal.os.ZygoteInit.main(ZygoteInit.java:743)
05-10 16:03:56.419 E/Hyphenator( 1326): Caused by: android.system.ErrnoException: open failed: ENOENT (No such file or directory)
05-10 16:03:56.419 E/Hyphenator( 1326): 	at libcore.io.Posix.open(Native Method)
05-10 16:03:56.419 E/Hyphenator( 1326): 	at libcore.io.BlockGuardOs.open(BlockGuardOs.java:187)
05-10 16:03:56.419 E/Hyphenator( 1326): 	at libcore.io.IoBridge.open(IoBridge.java:441)
05-10 16:03:56.419 E/Hyphenator( 1326): 	... 6 more
05-10 16:03:56.427 E/Hyphenator( 1326): error loading hyphenation /system/usr/hyphen-data/hyph-pt.hyb
05-10 16:03:56.427 E/Hyphenator( 1326): java.io.FileNotFoundException: /system/usr/hyphen-data/hyph-pt.hyb: open failed: ENOENT (No such file or directory)
05-10 16:03:56.427 E/Hyphenator( 1326): 	at libcore.io.IoBridge.open(IoBridge.java:455)
05-10 16:03:56.427 E/Hyphenator( 1326): 	at java.io.RandomAccessFile.<init>(RandomAccessFile.java:247)
05-10 16:03:56.427 E/Hyphenator( 1326): 	at android.text.Hyphenator.loadHyphenator(Hyphenator.java:118)
05-10 16:03:56.427 E/Hyphenator( 1326): 	at android.text.Hyphenator.init(Hyphenator.java:224)
05-10 16:03:56.427 E/Hyphenator( 1326): 	at com.android.internal.os.ZygoteInit.preloadTextResources(ZygoteInit.java:252)
05-10 16:03:56.427 E/Hyphenator( 1326): 	at com.android.internal.os.ZygoteInit.preload(ZygoteInit.java:206)
05-10 16:03:56.427 E/Hyphenator( 1326): 	at com.android.internal.os.ZygoteInit.main(ZygoteInit.java:743)
05-10 16:03:56.427 E/Hyphenator( 1326): Caused by: android.system.ErrnoException: open failed: ENOENT (No such file or directory)
05-10 16:03:56.427 E/Hyphenator( 1326): 	at libcore.io.Posix.open(Native Method)
05-10 16:03:56.427 E/Hyphenator( 1326): 	at libcore.io.BlockGuardOs.open(BlockGuardOs.java:187)
05-10 16:03:56.427 E/Hyphenator( 1326): 	at libcore.io.IoBridge.open(IoBridge.java:441)
05-10 16:03:56.427 E/Hyphenator( 1326): 	... 6 more
05-10 16:03:56.429 E/Hyphenator( 1326): error loading hyphenation /system/usr/hyphen-data/hyph-sl.hyb
05-10 16:03:56.429 E/Hyphenator( 1326): java.io.FileNotFoundException: /system/usr/hyphen-data/hyph-sl.hyb: open failed: ENOENT (No such file or directory)
05-10 16:03:56.429 E/Hyphenator( 1326): 	at libcore.io.IoBridge.open(IoBridge.java:455)
05-10 16:03:56.429 E/Hyphenator( 1326): 	at java.io.RandomAccessFile.<init>(RandomAccessFile.java:247)
05-10 16:03:56.429 E/Hyphenator( 1326): 	at android.text.Hyphenator.loadHyphenator(Hyphenator.java:118)
05-10 16:03:56.429 E/Hyphenator( 1326): 	at android.text.Hyphenator.init(Hyphenator.java:224)
05-10 16:03:56.429 E/Hyphenator( 1326): 	at com.android.internal.os.ZygoteInit.preloadTextResources(ZygoteInit.java:252)
05-10 16:03:56.429 E/Hyphenator( 1326): 	at com.android.internal.os.ZygoteInit.preload(ZygoteInit.java:206)
05-10 16:03:56.429 E/Hyphenator( 1326): 	at com.android.internal.os.ZygoteInit.main(ZygoteInit.java:743)
05-10 16:03:56.429 E/Hyphenator( 1326): Caused by: android.system.ErrnoException: open failed: ENOENT (No such file or directory)
05-10 16:03:56.429 E/Hyphenator( 1326): 	at libcore.io.Posix.open(Native Method)
05-10 16:03:56.429 E/Hyphenator( 1326): 	at libcore.io.BlockGuardOs.open(BlockGuardOs.java:187)
05-10 16:03:56.429 E/Hyphenator( 1326): 	at libcore.io.IoBridge.open(IoBridge.java:441)
05-10 16:03:56.429 E/Hyphenator( 1326): 	... 6 more
05-10 16:03:56.502 E/Hyphenator( 1326): error loading hyphenation /system/usr/hyphen-data/hyph-ta.hyb
05-10 16:03:56.502 E/Hyphenator( 1326): java.io.FileNotFoundException: /system/usr/hyphen-data/hyph-ta.hyb: open failed: ENOENT (No such file or directory)
05-10 16:03:56.502 E/Hyphenator( 1326): 	at libcore.io.IoBridge.open(IoBridge.java:455)
05-10 16:03:56.502 E/Hyphenator( 1326): 	at java.io.RandomAccessFile.<init>(RandomAccessFile.java:247)
05-10 16:03:56.502 E/Hyphenator( 1326): 	at android.text.Hyphenator.loadHyphenator(Hyphenator.java:118)
05-10 16:03:56.502 E/Hyphenator( 1326): 	at android.text.Hyphenator.init(Hyphenator.java:224)
05-10 16:03:56.502 E/Hyphenator( 1326): 	at com.android.internal.os.ZygoteInit.preloadTextResources(ZygoteInit.java:252)
05-10 16:03:56.502 E/Hyphenator( 1326): 	at com.android.internal.os.ZygoteInit.preload(ZygoteInit.java:206)
05-10 16:03:56.502 E/Hyphenator( 1326): 	at com.android.internal.os.ZygoteInit.main(ZygoteInit.java:743)
05-10 16:03:56.502 E/Hyphenator( 1326): Caused by: android.system.ErrnoException: open failed: ENOENT (No such file or directory)
05-10 16:03:56.502 E/Hyphenator( 1326): 	at libcore.io.Posix.open(Native Method)
05-10 16:03:56.502 E/Hyphenator( 1326): 	at libcore.io.BlockGuardOs.open(BlockGuardOs.java:187)
05-10 16:03:56.502 E/Hyphenator( 1326): 	at libcore.io.IoBridge.open(IoBridge.java:441)
05-10 16:03:56.502 E/Hyphenator( 1326): 	... 6 more
05-10 16:03:56.504 E/Hyphenator( 1326): error loading hyphenation /system/usr/hyphen-data/hyph-te.hyb
05-10 16:03:56.504 E/Hyphenator( 1326): java.io.FileNotFoundException: /system/usr/hyphen-data/hyph-te.hyb: open failed: ENOENT (No such file or directory)
05-10 16:03:56.504 E/Hyphenator( 1326): 	at libcore.io.IoBridge.open(IoBridge.java:455)
05-10 16:03:56.504 E/Hyphenator( 1326): 	at java.io.RandomAccessFile.<init>(RandomAccessFile.java:247)
05-10 16:03:56.504 E/Hyphenator( 1326): 	at android.text.Hyphenator.loadHyphenator(Hyphenator.java:118)
05-10 16:03:56.504 E/Hyphenator( 1326): 	at android.text.Hyphenator.init(Hyphenator.java:224)
05-10 16:03:56.504 E/Hyphenator( 1326): 	at com.android.internal.os.ZygoteInit.preloadTextResources(ZygoteInit.java:252)
05-10 16:03:56.504 E/Hyphenator( 1326): 	at com.android.internal.os.ZygoteInit.preload(ZygoteInit.java:206)
05-10 16:03:56.504 E/Hyphenator( 1326): 	at com.android.internal.os.ZygoteInit.main(ZygoteInit.java:743)
05-10 16:03:56.504 E/Hyphenator( 1326): Caused by: android.system.ErrnoException: open failed: ENOENT (No such file or directory)
05-10 16:03:56.504 E/Hyphenator( 1326): 	at libcore.io.Posix.open(Native Method)
05-10 16:03:56.504 E/Hyphenator( 1326): 	at libcore.io.BlockGuardOs.open(BlockGuardOs.java:187)
05-10 16:03:56.504 E/Hyphenator( 1326): 	at libcore.io.IoBridge.open(IoBridge.java:441)
05-10 16:03:56.504 E/Hyphenator( 1326): 	... 6 more
05-10 16:03:56.506 E/Hyphenator( 1326): error loading hyphenation /system/usr/hyphen-data/hyph-tk.hyb
05-10 16:03:56.506 E/Hyphenator( 1326): java.io.FileNotFoundException: /system/usr/hyphen-data/hyph-tk.hyb: open failed: ENOENT (No such file or directory)
05-10 16:03:56.506 E/Hyphenator( 1326): 	at libcore.io.IoBridge.open(IoBridge.java:455)
05-10 16:03:56.506 E/Hyphenator( 1326): 	at java.io.RandomAccessFile.<init>(RandomAccessFile.java:247)
05-10 16:03:56.506 E/Hyphenator( 1326): 	at android.text.Hyphenator.loadHyphenator(Hyphenator.java:118)
05-10 16:03:56.506 E/Hyphenator( 1326): 	at android.text.Hyphenator.init(Hyphenator.java:224)
05-10 16:03:56.506 E/Hyphenator( 1326): 	at com.android.internal.os.ZygoteInit.preloadTextResources(ZygoteInit.java:252)
05-10 16:03:56.506 E/Hyphenator( 1326): 	at com.android.internal.os.ZygoteInit.preload(ZygoteInit.java:206)
05-10 16:03:56.506 E/Hyphenator( 1326): 	at com.android.internal.os.ZygoteInit.main(ZygoteInit.java:743)
05-10 16:03:56.506 E/Hyphenator( 1326): Caused by: android.system.ErrnoException: open failed: ENOENT (No such file or directory)
05-10 16:03:56.506 E/Hyphenator( 1326): 	at libcore.io.Posix.open(Native Method)
05-10 16:03:56.506 E/Hyphenator( 1326): 	at libcore.io.BlockGuardOs.open(BlockGuardOs.java:187)
05-10 16:03:56.506 E/Hyphenator( 1326): 	at libcore.io.IoBridge.open(IoBridge.java:441)
05-10 16:03:56.506 E/Hyphenator( 1326): 	... 6 more
05-10 16:03:56.507 E/Hyphenator( 1326): error loading hyphenation /system/usr/hyphen-data/hyph-und-ethi.hyb
05-10 16:03:56.507 E/Hyphenator( 1326): java.io.FileNotFoundException: /system/usr/hyphen-data/hyph-und-ethi.hyb: open failed: ENOENT (No such file or directory)
05-10 16:03:56.507 E/Hyphenator( 1326): 	at libcore.io.IoBridge.open(IoBridge.java:455)
05-10 16:03:56.507 E/Hyphenator( 1326): 	at java.io.RandomAccessFile.<init>(RandomAccessFile.java:247)
05-10 16:03:56.507 E/Hyphenator( 1326): 	at android.text.Hyphenator.loadHyphenator(Hyphenator.java:118)
05-10 16:03:56.507 E/Hyphenator( 1326): 	at android.text.Hyphenator.init(Hyphenator.java:224)
05-10 16:03:56.507 E/Hyphenator( 1326): 	at com.android.internal.os.ZygoteInit.preloadTextResources(ZygoteInit.java:252)
05-10 16:03:56.507 E/Hyphenator( 1326): 	at com.android.internal.os.ZygoteInit.preload(ZygoteInit.java:206)
05-10 16:03:56.507 E/Hyphenator( 1326): 	at com.android.internal.os.ZygoteInit.main(ZygoteInit.java:743)
05-10 16:03:56.507 E/Hyphenator( 1326): Caused by: android.system.ErrnoException: open failed: ENOENT (No such file or directory)
05-10 16:03:56.507 E/Hyphenator( 1326): 	at libcore.io.Posix.open(Native Method)
05-10 16:03:56.507 E/Hyphenator( 1326): 	at libcore.io.BlockGuardOs.open(BlockGuardOs.java:187)
05-10 16:03:56.507 E/Hyphenator( 1326): 	at libcore.io.IoBridge.open(IoBridge.java:441)
05-10 16:03:56.507 E/Hyphenator( 1326): 	... 6 more
05-10 16:03:56.525 I/art     ( 1326): Background sticky concurrent mark sweep GC freed 5072(456KB) AllocSpace objects, 0(0B) LOS objects, 4% free, 6MB/6MB, paused 717us total 143.751ms
05-10 16:03:56.525 I/art     ( 1325): Explicit concurrent mark sweep GC freed 72(2808B) AllocSpace objects, 0(0B) LOS objects, 39% free, 6MB/10MB, paused 220us total 80.572ms
05-10 16:03:56.544 I/art     ( 1325): Starting a blocking GC HeapTrim
05-10 16:03:56.605 I/art     ( 1325): Starting a blocking GC Background
05-10 16:03:57.022 I/Zygote  ( 1325): System server process 2176 has been created
05-10 16:03:57.028 I/Zygote  ( 1325): Accepting command socket connections
05-10 16:03:57.095 I/Zygote  ( 1326): Uninstalled ICU cache reference pinning...
05-10 16:03:57.270 I/Zygote  ( 1326): Installed AndroidKeyStoreProvider in 175ms.
05-10 16:03:57.615 I/art     ( 1326): Background concurrent mark sweep GC freed 6100(367KB) AllocSpace objects, 4(164KB) LOS objects, 39% free, 6MB/10MB, paused 484us total 196.799ms
05-10 16:03:58.195 I/Zygote  ( 1326): Warmed up JCA providers in 921ms.
05-10 16:03:58.197 D/Zygote  ( 1326): end preload
05-10 16:03:58.321 I/art     ( 1326): Starting a blocking GC Explicit
05-10 16:03:58.622 W/art     ( 1326): Suspending all threads took: 11.699ms
05-10 16:03:58.759 I/art     ( 1326): Explicit concurrent mark sweep GC freed 2102(117KB) AllocSpace objects, 0(0B) LOS objects, 39% free, 6MB/10MB, paused 42.635ms total 429.893ms
05-10 16:03:58.795 I/art     ( 1326): Starting a blocking GC Explicit
05-10 16:03:58.932 I/art     ( 1326): Explicit concurrent mark sweep GC freed 5(128B) AllocSpace objects, 0(0B) LOS objects, 39% free, 6MB/10MB, paused 329us total 135.227ms
05-10 16:03:58.970 I/Zygote  ( 1326): Accepting command socket connections
05-10 16:03:59.117 I/Zygote  ( 2176): Process: zygote socket opened, supported ABIS: x86
05-10 16:03:59.217 I/InstallerConnection( 2176): connecting...
05-10 16:03:59.282 I/        ( 1330): new connection
05-10 16:04:00.001 I/InstallerConnection( 2176): disconnecting...
05-10 16:04:00.004 E/        ( 1330): eof
05-10 16:04:00.004 E/        ( 1330): failed to read size
05-10 16:04:00.004 I/        ( 1330): closing connection
05-10 16:04:01.235 E/Netd    ( 1336): cannot find interface dummy0
05-10 16:04:01.339 D/MDnsDS  ( 1336): MDnsSdListener::Hander starting up
05-10 16:04:01.361 D/MDnsDS  ( 1336): MDnsSdListener starting to monitor
05-10 16:04:01.361 D/MDnsDS  ( 1336): Going to poll with pollCount 1
05-10 16:04:01.576 I/SystemServer( 2176): Entered the Android system server!
05-10 16:04:03.471 I/SystemServiceManager( 2176): Starting com.android.server.pm.Installer
05-10 16:04:03.660 I/Installer( 2176): Waiting for installd to be ready.
05-10 16:04:03.660 I/InstallerConnection( 2176): connecting...
05-10 16:04:03.667 I/        ( 1330): new connection
05-10 16:04:03.669 I/SystemServiceManager( 2176): Starting com.android.server.am.ActivityManagerService$Lifecycle
05-10 16:04:04.292 I/ActivityManager( 2176): Memory class: 256
05-10 16:04:04.351 I/ServiceThread( 2176): Enabled StrictMode logging for ActivityManager looper.
05-10 16:04:04.402 I/ServiceThread( 2176): Enabled StrictMode logging for android.ui looper.
05-10 16:04:04.617 D/BatteryStatsImpl( 2176): Reading daily items from /data/system/batterystats-daily.xml
05-10 16:04:05.761 I/IntentFirewall( 2176): Read new rules (A:0 B:0 S:0)
05-10 16:04:06.090 I/ServiceThread( 2176): Enabled StrictMode logging for android.display looper.
05-10 16:04:06.148 D/AppOps  ( 2176): AppOpsService published
05-10 16:04:06.149 I/SystemServiceManager( 2176): Starting com.android.server.power.PowerManagerService
05-10 16:04:06.319 I/ServiceThread( 2176): Enabled StrictMode logging for PowerManagerService looper.
05-10 16:04:06.334 E/PowerManagerService-JNI( 2176): Couldn't load power module (No such file or directory)
05-10 16:04:06.334 W/libsuspend( 2176): Error writing 'on' to /sys/power/state: Invalid argument
05-10 16:04:06.335 I/libsuspend( 2176): Selected wakeup count
05-10 16:04:06.432 I/SystemServiceManager( 2176): Starting com.android.server.lights.LightsService
05-10 16:04:06.548 I/SystemServiceManager( 2176): Starting com.android.server.display.DisplayManagerService
05-10 16:04:06.614 E/SurfaceFlinger( 1321): ro.sf.lcd_density must be defined as a build property
05-10 16:04:06.654 I/DisplayManagerService( 2176): Display device added: DisplayDeviceInfo{"Built-in Screen": uniqueId="local:0", 1080 x 1920, modeId 1, defaultModeId 1, supportedModes [{id=1, width=1080, height=1920, fps=60.000004}], colorMode 0, supportedColorModes [0], HdrCapabilities android.view.Display$HdrCapabilities@a69d6308, density 480, 480.0 x 480.0 dpi, appVsyncOff 1000000, presDeadline 16666666, touch INTERNAL, rotation 0, type BUILT_IN, state UNKNOWN, FLAG_DEFAULT_DISPLAY, FLAG_ROTATES_WITH_CONTENT, FLAG_SECURE, FLAG_SUPPORTS_PROTECTED_BUFFERS}
05-10 16:04:06.659 I/SystemServiceManager( 2176): Starting phase 100
05-10 16:04:06.691 D/SurfaceFlinger( 1321): Set power mode=2, type=0 flinger=0x7d1020c47000
05-10 16:04:06.691 D/SurfaceFlinger( 1321): Screen type=0 is already mode=2
05-10 16:04:06.694 I/DisplayManagerService( 2176): Display device changed state: "Built-in Screen", ON
05-10 16:04:06.697 I/SystemServer( 2176): StartPackageManagerService
05-10 16:04:07.082 W/SystemConfig( 2176): No directory /system/etc/sysconfig, skipping
05-10 16:04:07.501 D/SELinuxMMAC( 2176): Using policy file /system/etc/security/mac_permissions.xml
05-10 16:04:08.993 E/art     ( 2176): DexFile_getDexOptNeeded file '/system/framework/org.apache.http.legacy.jar' does not exist
05-10 16:04:08.995 W/PackageManager( 2176): Library not found: /system/framework/org.apache.http.legacy.jar
05-10 16:04:09.322 E/art     ( 2176): DexFile_getDexOptNeeded file '/system/framework/org.apache.http.legacy.jar' does not exist
05-10 16:04:09.323 W/PackageManager( 2176): Library not found: /system/framework/org.apache.http.legacy.jar
05-10 16:04:09.401 D/PackageManager( 2176): No files in app dir /vendor/overlay
05-10 16:04:10.431 W/PackageManager( 2176): Failed to parse /system/framework/oat: Missing base APK in /system/framework/oat
05-10 16:04:10.435 W/PackageManager( 2176): Failed to parse /system/framework/x86: Missing base APK in /system/framework/x86
05-10 16:04:10.436 W/PackageManager( 2176): Failed to parse /system/framework/x86_64: Missing base APK in /system/framework/x86_64
05-10 16:04:12.003 W/PackageParser( 2176): No actions in intent filter at /system/priv-app/Contacts/Contacts.apk Binary XML file line #409
05-10 16:04:13.098 W/PackageParser( 2176): No actions in intent filter at /system/priv-app/Dialer/Dialer.apk Binary XML file line #186
05-10 16:04:13.411 W/PackageManager( 2176): Permission android.permission.DOWNLOAD_WITHOUT_NOTIFICATION from package com.android.providers.downloads in an unknown group android.permission-group.NETWORK
05-10 16:04:16.652 W/PackageParser( 2176): Ignoring duplicate uses-permissions/uses-permissions-sdk-m: android.permission.USE_CREDENTIALS in package: com.android.settings at: Binary XML file line #53
05-10 16:04:16.652 W/PackageParser( 2176): Ignoring duplicate uses-permissions/uses-permissions-sdk-m: android.permission.READ_SYNC_SETTINGS in package: com.android.settings at: Binary XML file line #58
05-10 16:04:16.653 W/PackageParser( 2176): Ignoring duplicate uses-permissions/uses-permissions-sdk-m: android.permission.WRITE_SYNC_SETTINGS in package: com.android.settings at: Binary XML file line #59
05-10 16:04:17.979 W/PackageParser( 2176): Ignoring duplicate uses-permissions/uses-permissions-sdk-m: android.permission.INSTALL_GRANT_RUNTIME_PERMISSIONS in package: com.android.shell at: Binary XML file line #102
05-10 16:04:19.926 W/PackageParser( 2176): Ignoring duplicate uses-permissions/uses-permissions-sdk-m: android.permission.CONFIGURE_WIFI_DISPLAY in package: com.android.systemui at: Binary XML file line #123
05-10 16:04:21.191 W/art     ( 2176): Suspending all threads took: 38.592ms
05-10 16:04:21.441 I/art     ( 2176): Background sticky concurrent mark sweep GC freed 33778(2MB) AllocSpace objects, 20(416KB) LOS objects, 30% free, 6MB/10MB, paused 44.864ms total 738.491ms
05-10 16:04:21.943 W/PackageManager( 2176): Non-privileged app; cap priority to 0; package: com.android.calendar activity: com.android.calendar.GoogleCalendarUriIntentFilter origPrio: 50
05-10 16:04:22.226 W/PackageManager( 2176): Non-privileged app; cap priority to 0; package: com.android.cts.ctsshim activity: com.android.cts.ctsshim.InstallPriority origPrio: 100
05-10 16:04:22.227 W/PackageManager( 2176): Non-privileged app; cap priority to 0; package: com.android.cts.ctsshim activity: com.android.cts.ctsshim.InstallPriority origPrio: 100
05-10 16:04:22.227 W/PackageManager( 2176): Non-privileged app; cap priority to 0; package: com.android.cts.ctsshim activity: com.android.cts.ctsshim.InstallPriority origPrio: 100
05-10 16:04:22.227 W/PackageManager( 2176): Non-privileged app; cap priority to 0; package: com.android.cts.ctsshim activity: com.android.cts.ctsshim.InstallPriority origPrio: 100
05-10 16:04:22.227 W/PackageManager( 2176): Non-privileged app; cap priority to 0; package: com.android.cts.ctsshim activity: com.android.cts.ctsshim.InstallPriority origPrio: 100
05-10 16:04:23.968 W/PackageParser( 2176): Ignoring duplicate uses-permissions/uses-permissions-sdk-m: android.permission.WRITE_CONTACTS in package: com.android.email at: Binary XML file line #40
05-10 16:04:25.113 W/PackageParser( 2176): Unknown element under <application>: permission at /system/app/Gallery2/Gallery2.apk Binary XML file line #238
05-10 16:04:25.114 W/PackageParser( 2176): Unknown element under <application>: permission at /system/app/Gallery2/Gallery2.apk Binary XML file line #241
05-10 16:04:26.302 W/PackageManager( 2176): Permission com.android.launcher3.permission.READ_SETTINGS from package com.android.launcher3 in an unknown group android.permission-group.SYSTEM_TOOLS
05-10 16:04:26.302 W/PackageManager( 2176): Permission com.android.launcher3.permission.WRITE_SETTINGS from package com.android.launcher3 in an unknown group android.permission-group.SYSTEM_TOOLS
05-10 16:04:26.302 W/PackageManager( 2176): Permission com.android.launcher.permission.INSTALL_SHORTCUT from package com.android.launcher3 in an unknown group android.permission-group.SYSTEM_TOOLS
05-10 16:04:29.405 D/PackageManager( 2176): No files in app dir /system/vendor/app
05-10 16:04:29.406 D/PackageManager( 2176): No files in app dir /oem/app
05-10 16:04:30.354 W/PackageParser( 2176): No actions in intent filter at /data/app/ApiDemos/ApiDemos.apk Binary XML file line #3145
05-10 16:04:30.354 W/PackageParser( 2176): No actions in intent filter at /data/app/ApiDemos/ApiDemos.apk Binary XML file line #3151
05-10 16:04:30.375 W/PackageManager( 2176): Package com.example.android.apis desires unavailable shared library com.example.will.never.exist; ignoring!
05-10 16:04:30.396 I/SELinux ( 2176): SELinux: Loaded file_contexts contexts from /file_contexts.bin.
05-10 16:04:31.119 D/PackageManager( 2176): No files in app dir /data/app-private
05-10 16:04:31.133 D/PackageManager( 2176): No files in app dir /data/app-ephemeral
05-10 16:04:31.165 E/PackageManager( 2176): There should probably be exactly one setup wizard; found 0: matches=[]
05-10 16:04:31.166 W/PackageManager( 2176): Protected action; cap priority to 0; package: com.android.cts.priv.ctsshim activity: com.android.cts.priv.ctsshim.InstallPriority origPrio: 100
05-10 16:04:31.166 W/PackageManager( 2176): Protected action; cap priority to 0; package: com.android.cts.priv.ctsshim activity: com.android.cts.priv.ctsshim.InstallPriority origPrio: 100
05-10 16:04:31.166 W/PackageManager( 2176): Protected action; cap priority to 0; package: com.android.cts.priv.ctsshim activity: com.android.cts.priv.ctsshim.InstallPriority origPrio: 100
05-10 16:04:31.166 W/PackageManager( 2176): Protected action; cap priority to 0; package: com.android.cts.priv.ctsshim activity: com.android.cts.priv.ctsshim.InstallPriority origPrio: 100
05-10 16:04:31.166 W/PackageManager( 2176): Protected action; cap priority to 0; package: com.android.packageinstaller activity: com.android.packageinstaller.PackageInstallerActivity origPrio: 1
05-10 16:04:31.167 W/PackageManager( 2176): Package com.android.camera desires unavailable shared library com.google.android.media.effects; ignoring!
05-10 16:04:31.167 W/PackageManager( 2176): Package com.android.gallery3d desires unavailable shared library com.google.android.media.effects; ignoring!
05-10 16:04:31.167 W/PackageManager( 2176): Package com.android.gallery3d desires unavailable shared library com.google.android.media.effects; ignoring!
05-10 16:04:31.167 W/PackageManager( 2176): Package com.example.android.apis desires unavailable shared library com.example.will.never.exist; ignoring!
05-10 16:04:31.168 I/PackageManager( 2176): Adjusting ABI for com.android.providers.downloads.ui to x86_64 (requirer=com.android.mtp, scannedPackage=null)
05-10 16:04:31.205 I/PackageManager( 2176): Adjusting ABI for com.android.providers.downloads to x86_64 (requirer=com.android.mtp, scannedPackage=null)
05-10 16:04:31.207 I/PackageManager( 2176): Adjusting ABI for com.android.providers.media to x86_64 (requirer=com.android.mtp, scannedPackage=null)
05-10 16:04:31.209 I/PackageManager( 2176): Adjusting ABI for com.android.location.fused to x86_64 (requirer=android, scannedPackage=null)
05-10 16:04:31.270 I/PackageManager( 2176): Adjusting ABI for com.android.wallpaperbackup to x86_64 (requirer=android, scannedPackage=null)
05-10 16:04:31.272 I/PackageManager( 2176): Adjusting ABI for com.android.providers.settings to x86_64 (requirer=android, scannedPackage=null)
05-10 16:04:31.274 I/PackageManager( 2176): Adjusting ABI for com.android.keychain to x86_64 (requirer=android, scannedPackage=null)
05-10 16:04:31.276 I/PackageManager( 2176): Adjusting ABI for com.android.inputdevices to x86_64 (requirer=android, scannedPackage=null)
05-10 16:04:31.278 I/PackageManager( 2176): Adjusting ABI for com.android.server.telecom to x86_64 (requirer=android, scannedPackage=null)
05-10 16:04:31.290 I/PackageManager( 2176): Adjusting ABI for com.android.settings to x86_64 (requirer=android, scannedPackage=null)
05-10 16:04:31.322 I/PackageManager( 2176): Time to scan packages: 22.549 seconds
05-10 16:04:31.325 W/PackageManager( 2176): Unknown permission com.google.android.googleapps.permission.GOOGLE_AUTH in package com.android.providers.calendar
05-10 16:04:31.325 W/PackageManager( 2176): Unknown permission com.google.android.googleapps.permission.GOOGLE_AUTH.cl in package com.android.providers.calendar
05-10 16:04:31.327 W/PackageManager( 2176): Not granting permission android.permission.GLOBAL_SEARCH to package com.android.quicksearchbox (protectionLevel=18 flags=0x3808be45)
05-10 16:04:31.328 W/PackageManager( 2176): Not granting permission android.permission.WRITE_EXTERNAL_STORAGE to package gov.nasa.arc.astrobee.android.gs.manager because it was previously installed without
05-10 16:04:31.328 W/PackageManager( 2176): Not granting permission android.permission.READ_EXTERNAL_STORAGE to package gov.nasa.arc.astrobee.android.gs.manager because it was previously installed without
05-10 16:04:31.329 W/PackageManager( 2176): Unknown permission com.android.launcher.permission.READ_SETTINGS in package com.android.launcher3
05-10 16:04:31.329 W/PackageManager( 2176): Unknown permission com.android.launcher.permission.WRITE_SETTINGS in package com.android.launcher3
05-10 16:04:31.329 W/PackageManager( 2176): Not granting permission android.permission.BIND_APPWIDGET to package com.android.launcher3 (protectionLevel=18 flags=0x3c4bbe45)
05-10 16:04:31.329 W/PackageManager( 2176): Unknown permission com.google.android.googleapps.permission.GOOGLE_AUTH.mail in package com.android.calendar
05-10 16:04:31.329 W/PackageManager( 2176): Unknown permission com.google.android.providers.settings.permission.WRITE_GSETTINGS in package com.android.sdksetup
05-10 16:04:31.372 W/PackageManager( 2176): Unknown permission com.google.android.permission.INSTALL_WEARABLE_PACKAGES in package com.android.packageinstaller
05-10 16:04:31.372 W/PackageManager( 2176): Not granting permission android.permission.DELETE_PACKAGES to package com.svox.pico (protectionLevel=18 flags=0x3808be45)
05-10 16:04:31.373 W/PackageManager( 2176): Not granting permission android.permission.READ_CONTACTS to package com.example.android.apis because it was previously installed without
05-10 16:04:31.373 W/PackageManager( 2176): Not granting permission android.permission.WRITE_CONTACTS to package com.example.android.apis because it was previously installed without
05-10 16:04:31.373 W/PackageManager( 2176): Not granting permission android.permission.ACCESS_COARSE_LOCATION to package com.example.android.apis because it was previously installed without
05-10 16:04:31.373 W/PackageManager( 2176): Not granting permission android.permission.WRITE_EXTERNAL_STORAGE to package com.example.android.apis because it was previously installed without
05-10 16:04:31.373 W/PackageManager( 2176): Not granting permission android.permission.SEND_SMS to package com.example.android.apis because it was previously installed without
05-10 16:04:31.373 W/PackageManager( 2176): Not granting permission android.permission.RECEIVE_SMS to package com.example.android.apis because it was previously installed without
05-10 16:04:31.373 W/PackageManager( 2176): Not granting permission android.permission.RECEIVE_MMS to package com.example.android.apis because it was previously installed without
05-10 16:04:31.373 W/PackageManager( 2176): Not granting permission android.permission.READ_SMS to package com.example.android.apis because it was previously installed without
05-10 16:04:31.373 W/PackageManager( 2176): Not granting permission android.permission.READ_PHONE_STATE to package com.example.android.apis because it was previously installed without
05-10 16:04:31.374 W/PackageManager( 2176): Not granting permission android.permission.RECORD_AUDIO to package com.example.android.apis because it was previously installed without
05-10 16:04:31.374 W/PackageManager( 2176): Not granting permission android.permission.CAMERA to package com.example.android.apis because it was previously installed without
05-10 16:04:31.374 W/PackageManager( 2176): Not granting permission android.permission.READ_EXTERNAL_STORAGE to package com.example.android.apis because it was previously installed without
05-10 16:04:31.374 W/PackageManager( 2176): Unknown permission android.permission.RUN_INSTRUMENTATION in package org.chromium.webview_shell
05-10 16:04:31.375 W/PackageManager( 2176): Unknown permission com.google.android.googleapps.permission.GOOGLE_AUTH in package com.android.settings
05-10 16:04:31.375 W/PackageManager( 2176): Unknown permission com.android.launcher.permission.READ_SETTINGS in package com.android.settings
05-10 16:04:31.375 W/PackageManager( 2176): Unknown permission com.android.launcher.permission.WRITE_SETTINGS in package com.android.settings
05-10 16:04:31.376 W/PackageManager( 2176): Unknown permission com.android.smspush.WAPPUSH_MANAGER_BIND in package com.android.phone
05-10 16:04:31.377 W/PackageManager( 2176): Unknown permission com.google.android.googleapps.permission.ACCESS_GOOGLE_PASSWORD in package com.android.development
05-10 16:04:31.378 W/PackageManager( 2176): Unknown permission com.google.android.googleapps.permission.GOOGLE_AUTH in package com.android.development
05-10 16:04:31.378 W/PackageManager( 2176): Unknown permission com.google.android.googleapps.permission.GOOGLE_AUTH.ALL_SERVICES in package com.android.development
05-10 16:04:31.378 W/PackageManager( 2176): Unknown permission com.google.android.googleapps.permission.GOOGLE_AUTH.YouTubeUser in package com.android.development
05-10 16:04:31.378 W/PackageManager( 2176): Not granting permission android.permission.BIND_APPWIDGET to package com.android.widgetpreview (protectionLevel=18 flags=0x3808be44)
05-10 16:04:31.379 V/PackageManager( 2176): reconcileAppsData for null u0 0x3
05-10 16:04:31.463 I/SELinux ( 1330): SELinux: Loaded file_contexts contexts from /file_contexts.bin.
05-10 16:04:36.022 V/PackageManager( 2176): reconcileAppsData finished 81 packages
05-10 16:04:36.622 E/PackageManager( 2176): There should probably be a verifier, but, none were found
05-10 16:04:36.815 W/PackageInstaller( 2176): Abandoning old session first created at 1616675837967
05-10 16:04:36.817 W/PackageInstaller( 2176): Deleting orphan stage /data/app/vmdl1539828231.tmp
05-10 16:04:36.872 D/PackageManager( 2176): Ephemeral resolver NOT found; no matching intent filters
05-10 16:04:36.873 I/PackageManager( 2176): Ephemeral deactivated; missing resolver and installer
05-10 16:04:36.875 I/art     ( 2176): Starting a blocking GC Explicit
05-10 16:04:36.882 W/art     ( 2176): Long monitor contention with owner main (2176) at int android.net.LocalSocketImpl.readba_native(byte[], int, int, java.io.FileDescriptor)(LocalSocketImpl.java:-2) waiters=0 in void com.android.server.pm.Settings$RuntimePermissionPersistence.writePermissionsSync(int) for 5.100s
05-10 16:04:37.199 I/art     ( 2176): Explicit concurrent mark sweep GC freed 37732(2MB) AllocSpace objects, 4(80KB) LOS objects, 33% free, 7MB/11MB, paused 1.004ms total 322.727ms
05-10 16:04:37.272 I/SystemServer( 2176): StartOtaDexOptService
05-10 16:04:37.329 I/SystemServer( 2176): StartUserManagerService
05-10 16:04:37.341 I/SystemServiceManager( 2176): Starting com.android.server.pm.UserManagerService$LifeCycle
05-10 16:04:37.482 I/lowmemorykiller( 1319): ActivityManager connected
05-10 16:04:37.543 D/SensorService( 2176): nuSensorService starting...
05-10 16:04:37.651 I/SystemServiceManager( 2176): Starting com.android.server.BatteryService
05-10 16:04:37.652 D/SensorService( 2176): nuSensorService thread starting...
05-10 16:04:37.662 D/SensorService( 2176): new thread SensorEventAckReceiver
05-10 16:04:37.831 I/SystemServiceManager( 2176): Starting com.android.server.usage.UsageStatsService
05-10 16:04:38.016 I/SystemServiceManager( 2176): Starting com.android.server.webkit.WebViewUpdateService
05-10 16:04:38.062 I/SystemServer( 2176): Reading configuration...
05-10 16:04:38.062 I/SystemServer( 2176): StartSchedulingPolicyService
05-10 16:04:38.065 I/SystemServiceManager( 2176): Starting com.android.server.telecom.TelecomLoaderService
05-10 16:04:38.067 I/SystemServer( 2176): StartTelephonyRegistry
05-10 16:04:38.200 I/SystemServer( 2176): StartEntropyMixer
05-10 16:04:38.241 I/EntropyMixer( 2176): Writing entropy...
05-10 16:04:38.422 I/SystemServer( 2176): Camera Service
05-10 16:04:38.424 I/SystemServiceManager( 2176): Starting com.android.server.camera.CameraService
05-10 16:04:38.513 I/ServiceThread( 2176): Enabled StrictMode logging for CameraService_proxy looper.
05-10 16:04:38.541 I/SystemServer( 2176): StartAccountManagerService
05-10 16:04:38.552 I/SystemServiceManager( 2176): Starting com.android.server.accounts.AccountManagerService$Lifecycle
05-10 16:04:38.686 I/SystemServer( 2176): StartContentService
05-10 16:04:38.690 I/SystemServiceManager( 2176): Starting com.android.server.content.ContentService$Lifecycle
05-10 16:04:38.704 I/SystemServer( 2176): InstallSystemProviders
05-10 16:04:38.834 W/System  ( 2176): ClassLoader referenced unknown path: /system/priv-app/SettingsProvider/lib/x86_64
05-10 16:04:39.221 I/SystemServer( 2176): StartVibratorService
05-10 16:04:39.224 E/VibratorService( 2176): Couldn't load vibrator module (No such file or directory)
05-10 16:04:39.224 W/VibratorService( 2176): Tried to stop vibrating but there is no vibrator device.
05-10 16:04:39.253 I/SystemServer( 2176): StartConsumerIrService
05-10 16:04:39.254 E/ConsumerIrService( 2176): Can't open consumer IR HW Module, error: -2
05-10 16:04:39.262 I/SystemServer( 2176): StartAlarmManagerService
05-10 16:04:39.263 I/SystemServiceManager( 2176): Starting com.android.server.AlarmManagerService
05-10 16:04:39.302 W/AlarmManagerService( 2176): no wall clock RTC found
05-10 16:04:39.304 D/AlarmManagerService( 2176): Kernel timezone updated to 0 minutes west of GMT
05-10 16:04:39.407 I/SystemServer( 2176): InitWatchdog
05-10 16:04:39.408 I/SystemServer( 2176): StartInputManagerService
05-10 16:04:39.413 I/InputManager( 2176): Initializing input manager, mUseDevInputEventForAudioJack=true
05-10 16:04:39.427 I/SystemServer( 2176): StartWindowManagerService
05-10 16:04:39.698 I/WindowManager( 2176): No existing display settings /data/system/display_settings.xml; starting empty
05-10 16:04:40.027 I/SystemServer( 2176): StartVrManagerService
