05-10 16:05:00.366 W/ProcessCpuTracker( 2176): Skipping unknown process pid 2480
05-10 16:05:00.394 V/MediaRouter( 2392): Adding route: RouteInfo{ name=Phone, description=null, status=null, category=RouteCategory{ name=null types=ROUTE_TYPE_LIVE_AUDIO ROUTE_TYPE_LIVE_VIDEO  groupable=false }, supportedTypes=ROUTE_TYPE_LIVE_AUDIO ROUTE_TYPE_LIVE_VIDEO , presentationDisplay=null }
05-10 16:05:00.438 V/MediaRouter( 2392): Updating audio routes: AudioRoutesInfo{ type=SPEAKER }
05-10 16:05:00.596 V/MediaRouter( 2392): Selecting route: RouteInfo{ name=Phone, description=null, status=null, category=RouteCategory{ name=null types=ROUTE_TYPE_LIVE_AUDIO ROUTE_TYPE_LIVE_VIDEO  groupable=false }, supportedTypes=ROUTE_TYPE_LIVE_AUDIO ROUTE_TYPE_LIVE_VIDEO , presentationDisplay=null }
05-10 16:05:00.911 I/fsck_msdos( 1271): ** /dev/block/vold/public:253,48
05-10 16:05:00.931 I/fsck_msdos( 1271): ** Phase 1 - Read and Compare FATs
05-10 16:05:00.932 I/fsck_msdos( 1271): Attempting to allocate 1046 KB for FAT
05-10 16:05:00.949 I/art     ( 2435): System.exit called, status: 0
05-10 16:05:00.949 I/AndroidRuntime( 2435): VM exiting with result code 0, cleanup skipped.
05-10 16:05:01.099 I/MediaPlayerService( 1335): MediaPlayerService::getOMX
05-10 16:05:01.109 I/OMXClient( 1335): MuxOMX ctor
05-10 16:05:01.150 I/OMXMaster( 1332): makeComponentInstance(OMX.google.opus.decoder) in mediacodec process
05-10 16:05:01.251 I/fsck_msdos( 1271): Attempting to allocate 1046 KB for FAT
05-10 16:05:01.509 E/NetdConnector( 2176): NDC Command {3 bandwidth enable} took too long (4914ms)
05-10 16:05:01.519 I/fsck_msdos( 1271): ** Phase 2 - Check Cluster Chains
05-10 16:05:01.568 I/MediaPlayerService( 1335): MediaPlayerService::getOMX
05-10 16:05:01.569 I/OMXClient( 1335): MuxOMX ctor
05-10 16:05:01.570 I/OMXMaster( 1332): makeComponentInstance(OMX.google.raw.decoder) in mediacodec process
05-10 16:05:01.662 I/fsck_msdos( 1271): ** Phase 3 - Checking Directories
05-10 16:05:01.664 I/fsck_msdos( 1271): ** Phase 4 - Checking for Lost Files
05-10 16:05:01.667 I/fsck_msdos( 1271): 2 files, 534464 free (267232 clusters)
05-10 16:05:01.670 I/MediaPlayerService( 1335): MediaPlayerService::getOMX
05-10 16:05:01.686 I/OMXClient( 1335): MuxOMX ctor
05-10 16:05:01.687 I/OMXMaster( 1332): makeComponentInstance(OMX.google.aac.encoder) in mediacodec process
05-10 16:05:01.726 I/Vold    ( 1271): Filesystem check completed OK
05-10 16:05:01.727 D/VoldConnector( 2176): RCV <- {656 public:253,48 /mnt/media_rw/1EFF-1C1B}
05-10 16:05:01.729 D/VoldConnector( 2176): RCV <- {655 public:253,48 /storage/1EFF-1C1B}
05-10 16:05:01.832 I/MediaPlayerService( 1335): MediaPlayerService::getOMX
05-10 16:05:01.833 I/OMXClient( 1335): MuxOMX ctor
05-10 16:05:01.834 I/OMXMaster( 1332): makeComponentInstance(OMX.google.amrnb.encoder) in mediacodec process
05-10 16:05:01.945 V/vold    ( 1271): Waiting for FUSE to spin up...
05-10 16:05:01.952 I/MediaPlayerService( 1335): MediaPlayerService::getOMX
05-10 16:05:01.954 I/OMXClient( 1335): MuxOMX ctor
05-10 16:05:01.955 I/OMXMaster( 1332): makeComponentInstance(OMX.google.amrwb.encoder) in mediacodec process
05-10 16:05:02.000 V/vold    ( 1271): Waiting for FUSE to spin up...
05-10 16:05:02.058 V/vold    ( 1271): Waiting for FUSE to spin up...
05-10 16:05:02.061 W/art     ( 2386): Suspending all threads took: 41.364ms
05-10 16:05:02.109 V/vold    ( 1271): Waiting for FUSE to spin up...
05-10 16:05:02.116 I/MediaPlayerService( 1335): MediaPlayerService::getOMX
05-10 16:05:02.118 I/OMXClient( 1335): MuxOMX ctor
05-10 16:05:02.119 I/OMXMaster( 1332): makeComponentInstance(OMX.google.flac.encoder) in mediacodec process
05-10 16:05:02.160 V/vold    ( 1271): Waiting for FUSE to spin up...
05-10 16:05:02.220 V/vold    ( 1271): Waiting for FUSE to spin up...
05-10 16:05:02.280 V/vold    ( 1271): Waiting for FUSE to spin up...
05-10 16:05:02.400 V/vold    ( 1271): Waiting for FUSE to spin up...
05-10 16:05:02.460 V/vold    ( 1271): Waiting for FUSE to spin up...
05-10 16:05:02.489 W/sdcard  ( 2513): Device explicitly disabled sdcardfs
05-10 16:05:02.520 V/vold    ( 1271): Waiting for FUSE to spin up...
05-10 16:05:02.565 E/WVMExtractor( 2392): Failed to open libwvm.so: dlopen failed: library "libwvm.so" not found
05-10 16:05:02.580 V/vold    ( 1271): Waiting for FUSE to spin up...
05-10 16:05:02.640 V/vold    ( 1271): Waiting for FUSE to spin up...
05-10 16:05:02.703 V/vold    ( 1271): Waiting for FUSE to spin up...
05-10 16:05:02.824 D/VoldConnector( 2176): RCV <- {651 public:253,48 2}
05-10 16:05:02.882 D/VoldConnector( 2176): RCV <- {200 7 Command succeeded}
05-10 16:05:02.900 E/VoldConnector( 2176): NDC Command {7 volume mount public:253,48 2 0} took too long (4614ms)
05-10 16:05:03.440 I/MediaPlayerService( 1335): MediaPlayerService::getOMX
05-10 16:05:03.442 I/OMXClient( 1335): MuxOMX ctor
05-10 16:05:03.443 I/OMXMaster( 1332): makeComponentInstance(OMX.google.gsm.decoder) in mediacodec process
05-10 16:05:03.693 W/InputAttributes( 2386): No editor info for this field. Bug?
05-10 16:05:04.026 I/LatinIME:LogUtils( 2386): Dictionary info: dictionary = userunigram.en_US ; version = 1620662704 ; date = ?
05-10 16:05:04.061 E/ActivityThread( 2386): Failed to find provider info for user_dictionary
05-10 16:05:04.064 I/LatinIME:LogUtils( 2386): Dictionary info: dictionary = UserHistoryDictionary.en_US ; version = 1620662704 ; date = ?
05-10 16:05:04.400 E/NetdConnector( 2176): NDC Command {4 strict enable} took too long (2815ms)
05-10 16:05:04.430 W/NetworkManagement( 2176): setDataSaverMode(): already false
05-10 16:05:04.483 I/MediaPlayerService( 1335): MediaPlayerService::getOMX
05-10 16:05:04.484 I/OMXClient( 1335): MuxOMX ctor
05-10 16:05:04.485 I/OMXMaster( 1332): makeComponentInstance(OMX.google.mpeg4.decoder) in mediacodec process
05-10 16:05:04.542 W/art     ( 2176): Long monitor contention with owner android.bg (2221) at int java.nio.charset.CharsetEncoderICU.getArray(java.nio.ByteBuffer)(CharsetEncoderICU.java:190) waiters=0 in void com.android.server.pm.ShortcutService.handleOnUidStateChanged(int, int) for 5.689s
05-10 16:05:04.954 I/vol.Events( 2392): writeEvent collection_started
05-10 16:05:05.833 I/vol.Events( 2392): writeEvent external_ringer_mode_changed normal
05-10 16:05:05.834 I/vol.Events( 2392): writeEvent internal_ringer_mode_changed normal
05-10 16:05:05.923 E/OMXNodeInstance( 1332): getExtensionIndex(534000f:google.mpeg4.decoder, OMX.google.android.index.configureVideoTunnelMode) ERROR: UnsupportedIndex(0x8000101a)
05-10 16:05:05.925 W/OMXNodeInstance( 1332): [534000f:google.mpeg4.decoder] component does not support metadata mode; using fallback
05-10 16:05:06.006 W/ProcessCpuTracker( 2176): Skipping unknown process pid 2543
05-10 16:05:06.062 I/MediaPlayerService( 1335): MediaPlayerService::getOMX
05-10 16:05:06.102 I/OMXClient( 1335): MuxOMX ctor
05-10 16:05:06.106 I/OMXMaster( 1332): makeComponentInstance(OMX.google.h263.decoder) in mediacodec process
05-10 16:05:07.005 E/OMXNodeInstance( 1332): getExtensionIndex(5340010:google.h263.decoder, OMX.google.android.index.configureVideoTunnelMode) ERROR: UnsupportedIndex(0x8000101a)
05-10 16:05:07.006 W/OMXNodeInstance( 1332): [5340010:google.h263.decoder] component does not support metadata mode; using fallback
05-10 16:05:07.020 I/MediaPlayerService( 1335): MediaPlayerService::getOMX
05-10 16:05:07.041 I/OMXClient( 1335): MuxOMX ctor
05-10 16:05:07.041 I/OMXMaster( 1332): makeComponentInstance(OMX.google.h264.decoder) in mediacodec process
05-10 16:05:07.731 E/NetdConnector( 2176): NDC Command {7 bandwidth setglobalalert 2097152} took too long (3002ms)
05-10 16:05:08.018 D/NetworkPolicy( 2176): setRestrictBackgroundUL(): false
05-10 16:05:08.023 W/ACodec  ( 1335): [OMX.google.h264.decoder] stopping checking profiles after 32: 2/8000
05-10 16:05:08.026 E/OMXNodeInstance( 1332): getExtensionIndex(5340011:google.h264.decoder, OMX.google.android.index.configureVideoTunnelMode) ERROR: UnsupportedIndex(0x8000101a)
05-10 16:05:08.027 W/OMXNodeInstance( 1332): [5340011:google.h264.decoder] component does not support metadata mode; using fallback
05-10 16:05:08.074 W/NetworkManagement( 2176): setDataSaverMode(): already false
05-10 16:05:08.100 I/MediaPlayerService( 1335): MediaPlayerService::getOMX
05-10 16:05:08.113 I/OMXClient( 1335): MuxOMX ctor
05-10 16:05:08.114 I/OMXMaster( 1332): makeComponentInstance(OMX.google.hevc.decoder) in mediacodec process
05-10 16:05:08.361 W/art     ( 2176): Suspending all threads took: 17.766ms
05-10 16:05:08.599 I/art     ( 2176): Background sticky concurrent mark sweep GC freed 41902(2MB) AllocSpace objects, 15(296KB) LOS objects, 20% free, 13MB/16MB, paused 21.354ms total 504.534ms
05-10 16:05:08.910 W/AudioService( 2176): onLoadSoundEffects(), Error 1 while loading samples
05-10 16:05:09.029 E/OMXNodeInstance( 1332): getExtensionIndex(5340012:google.hevc.decoder, OMX.google.android.index.configureVideoTunnelMode) ERROR: UnsupportedIndex(0x8000101a)
05-10 16:05:09.110 W/OMXNodeInstance( 1332): [5340012:google.hevc.decoder] component does not support metadata mode; using fallback
05-10 16:05:09.163 I/MediaPlayerService( 1335): MediaPlayerService::getOMX
05-10 16:05:09.165 I/OMXClient( 1335): MuxOMX ctor
05-10 16:05:09.165 I/OMXMaster( 1332): makeComponentInstance(OMX.google.vp8.decoder) in mediacodec process
05-10 16:05:09.381 W/art     ( 2176): Long monitor contention with owner NetworkPolicy (2345) at void android.os.StrictMode.onBinderStrictModePolicyChange(int)(StrictMode.java:2009) waiters=0 in void com.android.server.NetworkManagementService.setFirewallChainEnabled(int, boolean) for 1.030s
05-10 16:05:09.684 I/vol.Events( 2392): writeEvent level_changed STREAM_ALARM 6
05-10 16:05:09.695 I/vol.Events( 2392): writeEvent level_changed STREAM_BLUETOOTH_SCO 7
05-10 16:05:09.792 I/vol.Events( 2392): writeEvent level_changed STREAM_MUSIC 11
05-10 16:05:10.017 I/vol.Events( 2392): writeEvent level_changed STREAM_RING 5
05-10 16:05:10.037 E/OMXNodeInstance( 1332): getExtensionIndex(5340013:google.vp8.decoder, OMX.google.android.index.configureVideoTunnelMode) ERROR: UnsupportedIndex(0x8000101a)
05-10 16:05:10.038 W/OMXNodeInstance( 1332): [5340013:google.vp8.decoder] component does not support metadata mode; using fallback
05-10 16:05:10.061 W/BroadcastQueue( 2176): Timeout of broadcast BroadcastRecord{3572a66 u-1 android.intent.action.TIME_TICK} - receiver=android.app.LoadedApk$ReceiverDispatcher$InnerReceiver@a01be00, started 10008ms ago
05-10 16:05:10.062 W/BroadcastQueue( 2176): Receiver during timeout: BroadcastFilter{6df047e u0 ReceiverList{ea21639 2176 system/1000/u0 local:a01be00}}
05-10 16:05:10.085 I/MediaPlayerService( 1335): MediaPlayerService::getOMX
05-10 16:05:10.087 I/OMXClient( 1335): MuxOMX ctor
05-10 16:05:10.087 I/OMXMaster( 1332): makeComponentInstance(OMX.google.vp9.decoder) in mediacodec process
05-10 16:05:10.096 I/vol.Events( 2392): writeEvent level_changed STREAM_SYSTEM 5
05-10 16:05:10.138 I/vol.Events( 2392): writeEvent level_changed STREAM_VOICE_CALL 4
05-10 16:05:10.546 D/StorageNotification( 2392): Notifying about private volume: VolumeInfo{private}:
05-10 16:05:10.546 D/StorageNotification( 2392):     type=PRIVATE diskId=null partGuid=null mountFlags=0 mountUserId=-1 
05-10 16:05:10.546 D/StorageNotification( 2392):     state=MOUNTED 
05-10 16:05:10.546 D/StorageNotification( 2392):     fsType=null fsUuid=null fsLabel=null 
05-10 16:05:10.546 D/StorageNotification( 2392):     path=/data internalPath=null 
05-10 16:05:10.566 D/StorageNotification( 2392): Notifying about public volume: VolumeInfo{public:253,48}:
05-10 16:05:10.566 D/StorageNotification( 2392):     type=PUBLIC diskId=disk:253,48 partGuid=null mountFlags=VISIBLE 
05-10 16:05:10.566 D/StorageNotification( 2392):     mountUserId=0 state=MOUNTED 
05-10 16:05:10.566 D/StorageNotification( 2392):     fsType=vfat fsUuid=1EFF-1C1B fsLabel=SDCARD 
05-10 16:05:10.566 D/StorageNotification( 2392):     path=/storage/1EFF-1C1B internalPath=/mnt/media_rw/1EFF-1C1B 
05-10 16:05:11.061 E/OMXNodeInstance( 1332): getExtensionIndex(5340014:google.vp9.decoder, OMX.google.android.index.configureVideoTunnelMode) ERROR: UnsupportedIndex(0x8000101a)
05-10 16:05:11.062 W/OMXNodeInstance( 1332): [5340014:google.vp9.decoder] component does not support metadata mode; using fallback
05-10 16:05:11.187 I/MediaPlayerService( 1335): MediaPlayerService::getOMX
05-10 16:05:11.189 I/OMXClient( 1335): MuxOMX ctor
05-10 16:05:11.220 I/OMXMaster( 1332): makeComponentInstance(OMX.google.h263.encoder) in mediacodec process
05-10 16:05:11.453 I/Choreographer( 2392): Skipped 70 frames!  The application may be doing too much work on its main thread.
05-10 16:05:11.655 E/NetdConnector( 2176): NDC Command {9 bandwidth gettetherstats} took too long (1820ms)
05-10 16:05:11.660 E/NetdConnector( 2176): NDC Command {8 firewall enable_chain standby} took too long (2278ms)
05-10 16:05:11.959 I/SoftMPEG4Encoder( 1332): Construct SoftMPEG4Encoder
05-10 16:05:12.039 W/ACodec  ( 1335): do not know color format 0x7f000789 = 2130708361
05-10 16:05:12.083 E/OMXNodeInstance( 1332): getConfig(5340015:google.h263.encoder, ConfigAndroidIntraRefresh(0x6f60000a)) ERROR: Undefined(0x80001001)
05-10 16:05:12.097 I/MediaPlayerService( 1335): MediaPlayerService::getOMX
05-10 16:05:12.098 I/OMXClient( 1335): MuxOMX ctor
05-10 16:05:12.099 I/OMXMaster( 1332): makeComponentInstance(OMX.google.h264.encoder) in mediacodec process
05-10 16:05:12.115 I/SystemServiceManager( 2176): Starting phase 600
05-10 16:05:12.335 I/StatusBarManagerService( 2176): registerStatusBar bar=com.android.internal.statusbar.IStatusBar$Stub$Proxy@ff06220
05-10 16:05:12.341 W/ActivityManager( 2176): Timeout executing service: ServiceRecord{2866a03 u0 com.android.server.telecom/.components.TelecomService}
05-10 16:05:12.425 D/SensorNotificationService( 2176): Cannot obtain dynamic meta sensor, not supported.
05-10 16:05:12.475 I/Process ( 2176): Sending signal. PID: 2176 SIG: 3
05-10 16:05:12.476 I/art     ( 2176): Thread[2,tid=2182,WaitingInMainSignalCatcherLoop,Thread*=0x7447fba0e000,peer=0x12c010d0,"Signal Catcher"]: reacting to signal 3
05-10 16:05:12.476 I/art     ( 2176): 
05-10 16:05:12.560 W/art     ( 2176): Suspending all threads took: 21.762ms
05-10 16:05:12.821 I/GnssLocationProvider( 2176): WakeLock acquired by sendMessage(13, 0, null)
05-10 16:05:12.912 W/LocationManagerService( 2176): no network location provider found
05-10 16:05:12.944 E/LocationManagerService( 2176): no geocoder provider found
05-10 16:05:12.945 E/FlpHardwareProvider( 2176): Error hw_get_module 'flp': -2
05-10 16:05:12.945 D/LocationManagerService( 2176): FLP HAL not supported
05-10 16:05:13.098 W/ACodec  ( 1335): do not know color format 0x7f000789 = 2130708361
05-10 16:05:13.172 I/MediaPlayerService( 1335): MediaPlayerService::getOMX
05-10 16:05:13.176 I/OMXClient( 1335): MuxOMX ctor
05-10 16:05:13.177 I/OMXMaster( 1332): makeComponentInstance(OMX.google.mpeg4.encoder) in mediacodec process
05-10 16:05:13.308 D/LocationManagerService( 2176): Unable to bind FLP Geofence proxy.
05-10 16:05:13.309 E/ActivityRecognitionHardware( 2176): Error hw_get_module: -2
05-10 16:05:13.309 D/LocationManagerService( 2176): Hardware Activity-Recognition not supported.
05-10 16:05:13.322 E/ActivityRecognitionProxy( 2176): ServiceWatcher could not start.
05-10 16:05:13.322 D/LocationManagerService( 2176): Unable to bind ActivityRecognitionProxy.
05-10 16:05:13.347 I/GnssLocationProvider( 2176): WakeLock acquired by sendMessage(2, 1, null)
05-10 16:05:13.492 I/CommonTimeManagementService( 2176): No common time service detected on this platform.  Common time services will be unavailable.
05-10 16:05:13.499 I/MmsServiceBroker( 2176): Delay connecting to MmsService until an API is called
05-10 16:05:13.571 W/VoiceInteractionManagerService( 2176): no available voice interaction services found for user 0
05-10 16:05:13.571 W/VoiceInteractionManagerService( 2176): no available voice recognition services found for user 0
05-10 16:05:13.729 W/ActivityManager( 2176): Slow operation: 153ms so far, now at startProcess: returned from zygote!
05-10 16:05:13.729 W/ActivityManager( 2176): Slow operation: 154ms so far, now at startProcess: done updating battery stats
05-10 16:05:13.731 W/ActivityManager( 2176): Slow operation: 156ms so far, now at startProcess: building log message
05-10 16:05:13.731 I/ActivityManager( 2176): Start proc 2594:com.android.phone/1001 for added application com.android.phone
05-10 16:05:13.731 W/ActivityManager( 2176): Slow operation: 156ms so far, now at startProcess: starting to update pids map
05-10 16:05:13.732 W/ActivityManager( 2176): Slow operation: 157ms so far, now at startProcess: done updating pids map
05-10 16:05:13.736 I/ActivityManager( 2176): START u0 {act=android.intent.action.MAIN cat=[android.intent.category.HOME] flg=0x10000100 cmp=com.android.settings/.FallbackHome} from uid 0 on display 0
05-10 16:05:13.794 W/System  ( 2176): ClassLoader referenced unknown path: 
05-10 16:05:13.795 W/System  ( 2176): ClassLoader referenced unknown path: /system/priv-app/Settings/lib/x86_64
05-10 16:05:13.819 D/ApplicationLoaders( 2176): ignored Vulkan layer search path /system/priv-app/Settings/lib/x86_64:/system/priv-app/Settings/Settings.apk!/lib/x86_64:/system/lib64:/vendor/lib64 for namespace 0x744806f23160
05-10 16:05:13.829 W/art     ( 2594): Unexpected CPU variant for X86 using defaults: x86_64
05-10 16:05:13.898 I/SoftMPEG4Encoder( 1332): Construct SoftMPEG4Encoder
05-10 16:05:13.955 I/ActivityManager( 2176): Loaded persisted task ids for user 0
05-10 16:05:14.093 W/ACodec  ( 1335): do not know color format 0x7f000789 = 2130708361
05-10 16:05:14.095 E/OMXNodeInstance( 1332): getConfig(5340017:google.mpeg4.encoder, ConfigAndroidIntraRefresh(0x6f60000a)) ERROR: Undefined(0x80001001)
05-10 16:05:14.108 I/MediaPlayerService( 1335): MediaPlayerService::getOMX
05-10 16:05:14.130 I/OMXClient( 1335): MuxOMX ctor
05-10 16:05:14.134 I/OMXMaster( 1332): makeComponentInstance(OMX.google.vp8.encoder) in mediacodec process
05-10 16:05:14.189 W/art     ( 2608): Unexpected CPU variant for X86 using defaults: x86_64
05-10 16:05:14.245 W/ActivityManager( 2176): Slow operation: 147ms so far, now at startProcess: returned from zygote!
05-10 16:05:14.245 W/ActivityManager( 2176): Slow operation: 148ms so far, now at startProcess: done updating battery stats
05-10 16:05:14.245 W/ActivityManager( 2176): Slow operation: 148ms so far, now at startProcess: building log message
05-10 16:05:14.245 I/ActivityManager( 2176): Start proc 2608:com.android.settings/1000 for activity com.android.settings/.FallbackHome
05-10 16:05:14.245 W/ActivityManager( 2176): Slow operation: 148ms so far, now at startProcess: starting to update pids map
05-10 16:05:14.246 W/ActivityManager( 2176): Slow operation: 149ms so far, now at startProcess: done updating pids map
05-10 16:05:14.246 W/ActivityManager( 2176): Slow operation: 149ms so far, now at startProcess: done starting proc!
05-10 16:05:14.267 I/SystemServer( 2176): Enabled StrictMode for system server main thread.
05-10 16:05:14.287 D/ConditionProviders.SCP( 2176): onConnected
05-10 16:05:14.335 D/ZenLog  ( 2176): set_zen_mode: off,readXml
05-10 16:05:14.378 D/ConditionProviders( 2176): Subscribing to condition://android/schedule?days=1.2.3.4.5&start=22.0&end=7.0&exitAtAlarm=false with ComponentInfo{android/com.android.server.notification.ScheduleConditionProvider}
05-10 16:05:14.378 D/ZenLog  ( 2176): subscribe: condition://android/schedule?days=1.2.3.4.5&start=22.0&end=7.0&exitAtAlarm=false,ok
05-10 16:05:14.379 D/ConditionProviders( 2176): Subscribing to condition://android/schedule?days=6.7&start=23.30&end=10.0&exitAtAlarm=false with ComponentInfo{android/com.android.server.notification.ScheduleConditionProvider}
05-10 16:05:14.379 D/ZenLog  ( 2176): subscribe: condition://android/schedule?days=6.7&start=23.30&end=10.0&exitAtAlarm=false,ok
05-10 16:05:14.392 D/ConditionProviders( 2176): Subscribing to condition://android/event?userId=-10000&calendar=&reply=1 with ComponentInfo{android/com.android.server.notification.EventConditionProvider}
05-10 16:05:14.393 D/ZenLog  ( 2176): subscribe: condition://android/event?userId=-10000&calendar=&reply=1,ok
05-10 16:05:14.798 D/PermissionCache( 1321): checking android.permission.READ_FRAME_BUFFER for uid=1000 => granted (3010 us)
05-10 16:05:14.929 W/System  ( 2594): ClassLoader referenced unknown path: /system/priv-app/TeleService/lib/x86_64
05-10 16:05:14.971 D/gralloc ( 1321): Registering a buffer in the process that created it. This may cause memory ordering problems.
05-10 16:05:14.972 E/libEGL  ( 1321): called unimplemented OpenGL ES API
05-10 16:05:14.980 E/SurfaceFlinger( 1321): glCheckFramebufferStatusOES error 1958149028
05-10 16:05:14.980 E/SurfaceFlinger( 1321): got GL_FRAMEBUFFER_COMPLETE_OES error while taking screenshot
05-10 16:05:15.162 W/art     ( 2176): Long monitor contention with owner Binder:2176_6 (2617) at void com.android.server.am.ActivityManagerService.attachApplication(android.app.IApplicationThread)(ActivityManagerService.java:6669) waiters=0 in int com.android.server.am.ActivityManagerService.getMemoryTrimLevel() for 406ms
05-10 16:05:15.221 D/RttService( 2176): SCAN_AVAILABLE : 1
05-10 16:05:15.222 D/ZenLog  ( 2176): set_zen_mode: off,cleanUpZenRules
05-10 16:05:15.302 W/System  ( 2608): ClassLoader referenced unknown path: /system/priv-app/Settings/lib/x86_64
05-10 16:05:15.367 W/System  ( 2176): ClassLoader referenced unknown path: /system/priv-app/Telecom/lib/x86_64
05-10 16:05:15.382 D/ApplicationLoaders( 2176): ignored Vulkan layer search path /system/priv-app/Telecom/lib/x86_64:/system/priv-app/Telecom/Telecom.apk!/lib/x86_64:/system/lib64:/vendor/lib64 for namespace 0x744806f231d0
05-10 16:05:15.470 W/ACodec  ( 1335): do not know color format 0x7f000789 = 2130708361
05-10 16:05:15.471 E/OMXNodeInstance( 1332): getConfig(5340018:google.vp8.encoder, ConfigAndroidIntraRefresh(0x6f60000a)) ERROR: Undefined(0x80001001)
05-10 16:05:15.524 I/MediaPlayerService( 1335): MediaPlayerService::getOMX
05-10 16:05:15.525 I/OMXClient( 1335): MuxOMX ctor
05-10 16:05:15.587 I/MediaPlayerService( 1335): MediaPlayerService::getOMX
05-10 16:05:15.589 I/OMXClient( 1335): MuxOMX ctor
05-10 16:05:15.589 W/MediaCodecList( 1335): unable to open media codecs configuration xml file: /data/misc/media/media_codecs_profiling_results.xml
05-10 16:05:15.609 I/MediaPlayerService( 1335): MediaPlayerService::getOMX
05-10 16:05:15.621 I/MediaPlayerService( 1335): MediaPlayerService::getOMX
05-10 16:05:15.624 I/OMXClient( 2392): MuxOMX ctor
05-10 16:05:15.625 I/OMXClient( 2176): MuxOMX ctor
05-10 16:05:15.722 I/OMXMaster( 1332): makeComponentInstance(OMX.google.vorbis.decoder) in mediacodec process
05-10 16:05:15.979 W/System  ( 2594): ClassLoader referenced unknown path: /system/priv-app/TelephonyProvider/lib/x86_64
05-10 16:05:16.114 D/ApplicationLoaders( 2594): ignored Vulkan layer search path /system/priv-app/TelephonyProvider/lib/x86_64:/system/lib64:/vendor/lib64 for namespace 0x744806f130f0
05-10 16:05:16.302 E/BluetoothAdapter( 2176): Bluetooth binder is null
05-10 16:05:16.368 I/OMXMaster( 1332): makeComponentInstance(OMX.google.vorbis.decoder) in mediacodec process
05-10 16:05:16.440 I/Telecom ( 2176): SystemStateProvider: Registering car mode receiver: android.content.IntentFilter@6c04c15: TS.init@AAA
05-10 16:05:16.676 D/gralloc_ranchu( 2608): Emulator without host-side GPU emulation detected. Loading gralloc.default.so from /vendor/lib64/hw/gralloc.goldfish.default.so...
05-10 16:05:16.690 D/gralloc_ranchu( 2608): gralloc.default.so not found in /vendor. Trying /system/lib64/hw/gralloc.goldfish.default.so...
05-10 16:05:16.948 I/Process ( 2176): Sending signal. PID: 2392 SIG: 3
05-10 16:05:16.950 I/art     ( 2392): Thread[3,tid=2413,WaitingInMainSignalCatcherLoop,Thread*=0x744802696400,peer=0x12c005e0,"Signal Catcher"]: reacting to signal 3
05-10 16:05:16.950 I/art     ( 2392): 
05-10 16:05:16.985 I/Telecom ( 2176): Telecom: Non-call EVENT: AUDIO_ROUTE, Entering state QuiescentEarpieceRoute
05-10 16:05:17.401 I/Telecom ( 2176): CallAudioModeStateMachine: Message received: null.: TS.init->CAMSM.pM_1@AAA_0
05-10 16:05:17.852 E/ActivityThread( 2176): Failed to find provider info for call_log
05-10 16:05:17.855 E/BluetoothAdapter( 2176): Bluetooth binder is null
05-10 16:05:18.040 D/TelephonyProvider( 2594): dbh.onOpen: ok, queried table=siminfo
05-10 16:05:18.042 D/TelephonyProvider( 2594): dbh.onOpen: ok, queried table=carriers
05-10 16:05:18.097 I/Telecom ( 2176): Class: TelecomSystem.INSTANCE being set
05-10 16:05:18.097 E/BluetoothAdapter( 2176): Bluetooth binder is null
05-10 16:05:18.128 W/ContextImpl( 2176): Calling a method in the system process without a qualified user: android.app.ContextImpl.startService:1357 com.android.server.content.SyncManager$13.run:658 android.os.Handler.handleCallback:751 android.os.Handler.dispatchMessage:95 android.os.Looper.loop:154 
05-10 16:05:18.185 W/        ( 1269): debuggerd: handling request: pid=1321 uid=1000 gid=1003 tid=1321
05-10 16:05:18.903 W/        ( 1269): debuggerd: resuming target 1321
05-10 16:05:18.983 W/        ( 1269): debuggerd: handling request: pid=1327 uid=1041 gid=1005 tid=1327
05-10 16:05:19.216 W/        ( 1268): debuggerd: handling request: pid=1327 uid=1041 gid=1005 tid=1327
05-10 16:05:19.514 I/Choreographer( 2608): Skipped 33 frames!  The application may be doing too much work on its main thread.
05-10 16:05:20.542 W/        ( 1268): debuggerd: resuming target 1327
05-10 16:05:20.590 W/        ( 1269): debuggerd: handling request: pid=1328 uid=1047 gid=1005 tid=1328
05-10 16:05:20.671 W/        ( 1268): debuggerd: handling request: pid=1328 uid=1047 gid=1005 tid=1328
05-10 16:05:20.968 W/        ( 1268): debuggerd: resuming target 1328
05-10 16:05:21.113 W/        ( 1269): debuggerd: handling request: pid=1329 uid=1019 gid=1019 tid=1329
05-10 16:05:21.115 W/        ( 1268): debuggerd: handling request: pid=1329 uid=1019 gid=1019 tid=1329
05-10 16:05:21.771 W/        ( 1268): debuggerd: resuming target 1329
05-10 16:05:21.843 W/        ( 1269): debuggerd: handling request: pid=1332 uid=1046 gid=1006 tid=1332
05-10 16:05:21.845 W/        ( 1268): debuggerd: handling request: pid=1332 uid=1046 gid=1006 tid=1332
05-10 16:05:21.955 W/System  ( 2176): ClassLoader referenced unknown path: /system/priv-app/FusedLocation/lib/x86_64
05-10 16:05:22.007 I/LatinIME:LogUtils( 2386): Dictionary info: dictionary = main:en ; version = 54 ; date = 1414726273
05-10 16:05:22.024 D/ApplicationLoaders( 2176): ignored Vulkan layer search path /system/priv-app/FusedLocation/lib/x86_64:/system/priv-app/FusedLocation/FusedLocation.apk!/lib/x86_64:/system/lib64:/vendor/lib64 for namespace 0x744806f23240
05-10 16:05:22.071 I/InputReader( 2176): Reconfiguring input devices.  changes=0x00000020
05-10 16:05:22.147 I/InputReader( 2176): Reconfiguring input devices.  changes=0x00000010
05-10 16:05:22.192 W/WindowManager( 2176): App freeze timeout expired.
05-10 16:05:22.192 W/WindowManager( 2176): Force clearing freeze: AppWindowToken{733561f token=Token{e9a479 ActivityRecord{c119d40 u0 com.android.settings/.FallbackHome t1}}}
05-10 16:05:22.202 I/WindowManager( 2176): Screen frozen for +7s532ms due to AppWindowToken{733561f token=Token{e9a479 ActivityRecord{c119d40 u0 com.android.settings/.FallbackHome t1}}}
05-10 16:05:22.499 V/WiredAccessoryManager( 2176): notifyWiredAccessoryChanged: when=0 bits= mask=54
05-10 16:05:22.499 V/WiredAccessoryManager( 2176): newName=h2w newState=0 headsetState=0 prev headsetState=0
05-10 16:05:22.499 E/WiredAccessoryManager( 2176): No state change.
05-10 16:05:22.515 V/WiredAccessoryManager( 2176): init()
05-10 16:05:22.785 D/ConditionProviders.SCP( 2176): onSubscribe condition://android/schedule?days=1.2.3.4.5&start=22.0&end=7.0&exitAtAlarm=false
05-10 16:05:22.789 D/ConditionProviders.SCP( 2176): setRegistered true
05-10 16:05:22.801 W/art     ( 2176): Long monitor contention with owner main (2176) at void com.android.server.wm.WindowManagerService.setScreenCaptureDisabled(int, boolean)(WindowManagerService.java:2363) waiters=0 in void com.android.server.wm.WindowManagerService$H.handleMessage(android.os.Message) for 137ms
05-10 16:05:22.802 W/WindowManager( 2176): Window freeze timeout expired.
05-10 16:05:22.809 I/ActivityManager( 2176): Displayed com.android.settings/.FallbackHome: +8s712ms
05-10 16:05:22.833 I/Choreographer( 2176): Skipped 46 frames!  The application may be doing too much work on its main thread.
05-10 16:05:22.906 D/ConditionProviders.SCP( 2176): notifyCondition condition://android/schedule?days=1.2.3.4.5&start=22.0&end=7.0&exitAtAlarm=false STATE_FALSE reason=!meetsSchedule
05-10 16:05:22.974 D/ConditionProviders.SCP( 2176): Scheduling evaluate for Mon May 10 22:00:00 UTC 2021 (1620684000000), in +5h54m37s97ms, now=Mon May 10 16:05:22 UTC 2021 (1620662722903)
05-10 16:05:22.975 D/ConditionProviders.SCP( 2176): onSubscribe condition://android/schedule?days=6.7&start=23.30&end=10.0&exitAtAlarm=false
05-10 16:05:22.978 D/ConditionProviders.SCP( 2176): notifyCondition condition://android/schedule?days=6.7&start=23.30&end=10.0&exitAtAlarm=false STATE_FALSE reason=!meetsSchedule
05-10 16:05:22.979 D/ConditionProviders.SCP( 2176): notifyCondition condition://android/schedule?days=1.2.3.4.5&start=22.0&end=7.0&exitAtAlarm=false STATE_FALSE reason=!meetsSchedule
05-10 16:05:23.054 W/        ( 1268): debuggerd: resuming target 1332
05-10 16:05:23.057 W/        ( 1269): debuggerd: handling request: pid=1333 uid=1013 gid=1031 tid=1333
05-10 16:05:23.061 W/        ( 1268): debuggerd: handling request: pid=1333 uid=1013 gid=1031 tid=1333
05-10 16:05:23.123 D/ConditionProviders.SCP( 2176): Scheduling evaluate for Mon May 10 22:00:00 UTC 2021 (1620684000000), in +5h54m37s23ms, now=Mon May 10 16:05:22 UTC 2021 (1620662722977)
05-10 16:05:23.439 W/libbacktrace( 2392): bool ThreadEntry::Wait(int): pthread_cond_timedwait for value 1 failed: Connection timed out
05-10 16:05:23.480 E/libbacktrace( 2392): bool BacktraceCurrent::UnwindThread(size_t): Timed out waiting for signal handler to get ucontext data.
05-10 16:05:23.821 I/art     ( 2392): Wrote stack traces to '/data/anr/traces.txt'
05-10 16:05:23.831 I/WifiScanningService( 2176): wifi driver unloaded
05-10 16:05:23.842 D/RttService( 2176): DefaultState got{ when=-8s611ms what=160513 target=com.android.internal.util.StateMachine$SmHandler }
05-10 16:05:23.950 W/GnssLocationProvider( 2176): Could not open GPS configuration file /etc/gps.conf
05-10 16:05:23.951 E/GnssLocationProvider( 2176): no AGPS interface in set_agps_server
05-10 16:05:24.315 W/art     ( 2176): Long monitor contention with owner Binder:2176_3 (2312) at void com.android.server.power.PowerManagerService.acquireWakeLockInternal(android.os.IBinder, int, java.lang.String, java.lang.String, android.os.WorkSource, java.lang.String, int, int)(PowerManagerService.java:862) waiters=0 in void com.android.server.power.PowerManagerService.handleSandman() for 166ms
05-10 16:05:24.613 W/        ( 1268): debuggerd: resuming target 1333
05-10 16:05:24.616 W/        ( 1269): debuggerd: handling request: pid=1334 uid=1040 gid=1026 tid=1334
05-10 16:05:24.618 W/        ( 1268): debuggerd: handling request: pid=1334 uid=1040 gid=1026 tid=1334
05-10 16:05:24.643 I/art     ( 2176): Starting a blocking GC Explicit
05-10 16:05:25.131 W/        ( 1268): debuggerd: resuming target 1334
05-10 16:05:25.134 W/        ( 1269): debuggerd: handling request: pid=1335 uid=1013 gid=1005 tid=1335
05-10 16:05:25.136 W/        ( 1268): debuggerd: handling request: pid=1335 uid=1013 gid=1005 tid=1335
05-10 16:05:25.561 E/libbacktrace( 2392): void SignalHandler(int, siginfo_t *, void *): pid 2392, tid 2576 entry not found
05-10 16:05:25.623 W/art     ( 2176): Long monitor contention with owner android.bg (2221) at boolean android.os.MessageQueue.enqueueMessage(android.os.Message, long)(MessageQueue.java:541) waiters=0 in android.os.Message android.os.MessageQueue.next() for 291ms
05-10 16:05:25.641 W/art     ( 2176): Long monitor contention with owner ConditionProviders.ECP (2362) at void android.os.Process.setThreadPriority(int, int)(Process.java:-2) waiters=0 in void com.android.server.notification.EventConditionProvider.onSubscribe(android.net.Uri) for 2.410s
05-10 16:05:25.647 I/Telecom ( 2176): WiredHeadsetManager: ACTION_HEADSET_PLUG event, plugged in: false, : WHC.oADA@AAE
05-10 16:05:25.841 I/ActivityManager( 2176): user 0 is still locked. Cannot load recents
05-10 16:05:26.013 I/MediaPlayerService( 1335): MediaPlayerService::getOMX
05-10 16:05:26.021 W/        ( 1268): debuggerd: resuming target 1335
05-10 16:05:26.024 W/        ( 1269): debuggerd: handling request: pid=2453 uid=1023 gid=1023 tid=2453
05-10 16:05:26.039 I/OMXClient( 2392): MuxOMX ctor
05-10 16:05:26.180 I/OMXMaster( 1332): makeComponentInstance(OMX.google.vorbis.decoder) in mediacodec process
05-10 16:05:26.343 W/        ( 1269): debuggerd: resuming target 2453
05-10 16:05:26.345 W/        ( 1269): debuggerd: handling request: pid=2513 uid=1023 gid=1023 tid=2513
05-10 16:05:26.484 W/        ( 1269): debuggerd: resuming target 2513
05-10 16:05:26.959 W/SystemConfig( 2594): No directory /system/etc/sysconfig, skipping
05-10 16:05:27.142 I/Choreographer( 2608): Skipped 95 frames!  The application may be doing too much work on its main thread.
05-10 16:05:27.482 D/PhoneSwitcherNetworkRequstListener( 2594): Registering NetworkFactory
05-10 16:05:27.754 I/art     ( 2176): Wrote stack traces to '/data/anr/traces.txt'
05-10 16:05:27.794 D/ConnectivityService( 2176): Got NetworkFactory Messenger for PhoneSwitcherNetworkRequstListener
05-10 16:05:28.227 D/ConnectivityService( 2176): Got NetworkFactory Messenger for TelephonyNetworkFactory[0]
05-10 16:05:28.345 I/MediaPlayerService( 1335): MediaPlayerService::getOMX
05-10 16:05:28.347 I/OMXClient( 2392): MuxOMX ctor
05-10 16:05:28.485 I/OMXMaster( 1332): makeComponentInstance(OMX.google.vorbis.decoder) in mediacodec process
05-10 16:05:28.972 D/CarrierConfigLoader( 2594): CarrierConfigLoader has started
05-10 16:05:29.021 E/BluetoothAdapter( 2594): Bluetooth binder is null
05-10 16:05:29.718 I/Telephony( 2594): TtyManager: updateUiTtyMode -1 -> 0
05-10 16:05:30.419 D/AlarmManagerService( 2176): Kernel timezone updated to 0 minutes west of GMT
05-10 16:05:30.514 D/AlarmManagerService( 2176): Setting time of day to sec=1620662730
05-10 16:05:30.707 W/AlarmManagerService( 2176): Unable to set rtc to 1620662730: No such device
05-10 16:05:32.065 W/ProcessCpuTracker( 2176): Skipping unknown process pid 2694
05-10 16:05:33.120 W/ProcessCpuTracker( 2176): Skipping unknown process pid 2713
05-10 16:05:33.601 D/PhoneSwitcherNetworkRequstListener( 2594): got request NetworkRequest [ REQUEST id=1, [ Capabilities: INTERNET&NOT_RESTRICTED&TRUSTED&NOT_VPN] ] with score 0
05-10 16:05:33.659 W/ProcessCpuTracker( 2176): Skipping unknown process pid 2712
05-10 16:05:33.724 D/TelephonyDebugService( 2594): TelephonyDebugService()
05-10 16:05:33.750 D/CarrierConfigLoader( 2594): mHandler: 12 phoneId: 0
05-10 16:05:34.400 E/ActivityThread( 2176): Failed to find provider info for com.android.calendar
05-10 16:05:34.401 E/ActivityThread( 2176): Failed to find provider info for com.android.calendar
05-10 16:05:34.511 E/ActivityThread( 2594): Failed to find provider info for com.android.contacts
05-10 16:05:34.512 W/CallerInfoCache( 2594): cursor is null
05-10 16:05:34.780 I/art     ( 2176): Explicit concurrent mark sweep GC freed 51066(2MB) AllocSpace objects, 14(4MB) LOS objects, 29% free, 9MB/13MB, paused 29.274ms total 9.911s
05-10 16:05:34.852 I/GnssLocationProvider( 2176): WakeLock released by handleMessage(13, 0, null)
05-10 16:05:34.860 E/GnssLocationProvider( 2176): no AGPS interface in set_agps_server
05-10 16:05:34.874 I/GnssLocationProvider( 2176): WakeLock released by handleMessage(2, 1, null)
05-10 16:05:35.180 I/art     ( 2392): Background sticky concurrent mark sweep GC freed 18320(2MB) AllocSpace objects, 2(40KB) LOS objects, 30% free, 7MB/10MB, paused 1.163ms total 345.828ms
05-10 16:05:37.098 I/Process ( 2176): Sending signal. PID: 2386 SIG: 3
05-10 16:05:37.290 I/art     ( 2386): Thread[3,tid=2398,WaitingInMainSignalCatcherLoop,Thread*=0x744802696400,peer=0x22c0e0d0,"Signal Catcher"]: reacting to signal 3
05-10 16:05:37.290 I/art     ( 2386): 
05-10 16:05:38.832 E/ActivityManager( 2176): ANR in system
05-10 16:05:38.832 E/ActivityManager( 2176): PID: 2176
05-10 16:05:38.832 E/ActivityManager( 2176): Reason: executing service com.android.server.telecom/.components.TelecomService
05-10 16:05:38.832 E/ActivityManager( 2176): Load: 10.27 / 4.45 / 1.72
05-10 16:05:38.832 E/ActivityManager( 2176): CPU usage from 614ms to -25583ms ago (2021-05-10 16:05:11.735 to 2021-05-10 16:05:38.124):
05-10 16:05:38.832 E/ActivityManager( 2176):   78% 1321/surfaceflinger: 30% user + 47% kernel / faults: 77 minor
05-10 16:05:38.832 E/ActivityManager( 2176):   27% 1777/bootanimation: 8.4% user + 19% kernel
05-10 16:05:38.832 E/ActivityManager( 2176):   25% 2176/system_server: 5.8% user + 19% kernel / faults: 4068 minor 36 major
05-10 16:05:38.832 E/ActivityManager( 2176):   9.1% 2392/com.android.systemui: 1.8% user + 7.3% kernel / faults: 3661 minor 25 major
05-10 16:05:38.832 E/ActivityManager( 2176):   8.2% 1332/media.codec: 3.5% user + 4.7% kernel / faults: 3669 minor 6 major
05-10 16:05:38.832 E/ActivityManager( 2176):   2.9% 1324/adbd: 0.1% user + 2.7% kernel / faults: 1452 minor
05-10 16:05:38.832 E/ActivityManager( 2176):   2.5% 8/rcu_preempt: 0% user + 2.5% kernel
05-10 16:05:38.832 E/ActivityManager( 2176):   1.1% 2386/com.android.inputmethod.latin: 0.1% user + 1% kernel / faults: 730 minor
05-10 16:05:38.832 E/ActivityManager( 2176):   0.8% 1334/media.extractor: 0.2% user + 0.5% kernel / faults: 73 minor
05-10 16:05:38.832 E/ActivityManager( 2176):   0.8% 1320/servicemanager: 0.3% user + 0.5% kernel
05-10 16:05:38.832 E/ActivityManager( 2176):   0.8% 1335/mediaserver: 0.1% user + 0.7% kernel / faults: 75 minor
05-10 16:05:38.832 E/ActivityManager( 2176):   0.1% 1269/debuggerd64: 0% user + 0.1% kernel / faults: 101 minor
05-10 16:05:38.832 E/ActivityManager( 2176):   0.2% 1325/zygote64: 0% user + 0.2% kernel / faults: 321 minor
05-10 16:05:38.832 E/ActivityManager( 2176):   0.3% 17/kworker/u4:1: 0% user + 0.3% kernel
05-10 16:05:38.832 E/ActivityManager( 2176):   0% 1268/debuggerd: 0% user + 0% kernel / faults: 188 minor
05-10 16:05:38.832 E/ActivityManager( 2176):   0.2% 1255/kworker/0:1H: 0% user + 0.2% kernel
05-10 16:05:38.832 E/ActivityManager( 2176):   0.2% 1267/logd: 0% user + 0.1% kernel / faults: 27 minor
05-10 16:05:38.832 E/ActivityManager( 2176):   0.1% 1327/audioserver: 0% user + 0.1% kernel / faults: 42 minor
05-10 16:05:38.832 E/ActivityManager( 2176):   0.1% 1//init: 0% user + 0% kernel / faults: 1 minor
05-10 16:05:38.832 E/ActivityManager( 2176):   0.1% 3/ksoftirqd/0: 0% user + 0.1% kernel
05-10 16:05:38.832 E/ActivityManager( 2176):   0.1% 1553/logcat: 0% user + 0.1% kernel
05-10 16:05:38.832 E/ActivityManager( 2176):   0.1% 12/ksoftirqd/1: 0% user + 0.1% kernel
05-10 16:05:38.832 E/ActivityManager( 2176):   0% 1328/cameraserver: 0% user + 0% kernel / faults: 70 minor
05-10 16:05:38.832 E/ActivityManager( 2176):   0% 1338/rild: 0% user + 0% kernel / faults: 6 minor
05-10 16:05:38.832 E/ActivityManager( 2176):   0% 1265/jbd2/vdc-8: 0% user + 0% kernel
05-10 16:05:38.832 E/ActivityManager( 2176):   0% 13/kworker/1:0: 0% user + 0% kernel
05-10 16:05:38.832 E/ActivityManager( 2176):   0% 673/kworker/0:1: 0% user + 0% kernel
05-10 16:05:38.832 E/ActivityManager( 2176):   0% 1336/netd: 0% user + 0% kernel / faults: 4 minor
05-10 16:05:38.832 E/ActivityManager( 2176):  +0% 2594/com.android.phone: 0% user + 0% kernel
05-10 16:05:38.832 E/ActivityManager( 2176):  +0% 2608/com.android.settings: 0% user + 0% kernel
05-10 16:05:38.832 E/ActivityManager( 2176):  +0% 2723/sh: 0% user + 0% kernel
05-10 16:05:38.832 E/ActivityManager( 2176): 100% TOTAL: 29% user + 69% kernel + 0.4% softirq
05-10 16:05:38.832 E/ActivityManager( 2176): CPU usage from 19527ms to 21654ms later (2021-05-10 16:05:32.067 to 2021-05-10 16:05:34.195):
05-10 16:05:38.832 E/ActivityManager( 2176):   105% 1321/surfaceflinger: 32% user + 73% kernel
05-10 16:05:38.832 E/ActivityManager( 2176):     48% 1321/surfaceflinger: 14% user + 34% kernel
05-10 16:05:38.832 E/ActivityManager( 2176):     27% 1769/EventThread: 6.8% user + 20% kernel
05-10 16:05:38.832 E/ActivityManager( 2176):     20% 1763/DispSync: 18% user + 2.3% kernel
05-10 16:05:38.832 E/ActivityManager( 2176):     6.8% 1768/POSIX timer 1: 0% user + 6.8% kernel
05-10 16:05:38.832 E/ActivityManager( 2176):     0.8% 2661/Binder:1321_5: 0.2% user + 0.5% kernel
05-10 16:05:38.832 E/ActivityManager( 2176):     0.5% 1766/POSIX timer 0: 0.2% user + 0.2% kernel
05-10 16:05:38.832 E/ActivityManager( 2176):     0.5% 1767/EventThread: 0% user + 0.5% kernel
05-10 16:05:38.832 E/ActivityManager( 2176):     0.5% 1913/Binder:1321_3: 0% user + 0.5% kernel
05-10 16:05:38.832 E/ActivityManager( 2176):     0.2% 1761/Binder:1321_1: 0% user + 0.2% kernel
05-10 16:05:38.832 E/ActivityManager( 2176):     0.2% 1762/Binder:1321_2: 0% user + 0.2% kernel
05-10 16:05:38.832 E/ActivityManager( 2176):     0.2% 2644/Binder:1321_4: 0% user + 0.2% kernel
05-10 16:05:38.832 E/ActivityManager( 2176):   37% 1777/bootanimation: 3.4% user + 33% kernel
05-10 16:05:38.832 E/ActivityManager( 2176):     36% 1910/BootAnimation: 3.1% user + 33% kernel
05-10 16:05:38.832 E/ActivityManager( 2176):     0.2% 1777/bootanimation: 0.2% user + 0% kernel
05-10 16:05:38.832 E/ActivityManager( 2176):   14% 2176/system_server: 0% user + 14% kernel / faults: 321 minor
05-10 16:05:38.832 E/ActivityManager( 2176):     4.5% 2222/ActivityManager: 0% user + 4.5% kernel
05-10 16:05:38.832 E/ActivityManager( 2176):     2% 2233/android.display: 0% user + 2% kernel
05-10 16:05:38.832 E/ActivityManager( 2176):     1.4% 2200/Binder:2176_1: 0% user + 1.4% kernel
05-10 16:05:38.832 E/ActivityManager( 2176):     1.1% 2221/android.bg: 0.2% user + 0.8% kernel
05-10 16:05:38.832 E/ActivityManager( 2176):     1.1% 2617/Binder:2176_6: 0.5% user + 0.5% kernel
05-10 16:05:38.832 E/ActivityManager( 2176):     0.5% 2201/Binder:2176_2: 0% user + 0.5% kernel
05-10 16:05:38.832 E/ActivityManager( 2176):     0.5% 2312/Binder:2176_3: 0.2% user + 0.2% kernel
05-10 16:05:38.832 E/ActivityManager( 2176):     0.5% 2362/onProviders.ECP: 0% user + 0.5% kernel
05-10 16:05:38.832 E/ActivityManager( 2176):     0.5% 2448/Binder:2176_5: 0.5% user + 0% kernel
05-10 16:05:38.832 E/ActivityManager( 2176):     0.2% 2184/ReferenceQueueD: 0% user + 0.2% kernel
05-10 16:05:38.832 E/ActivityManager( 2176):     0.2% 2185/FinalizerDaemon: 0% user + 0.2% kernel
05-10 16:05:38.832 E/ActivityManager( 2176):     0.2% 2624/Binder:2176_7: 0.2% user + 0% kernel
05-10 16:05:38.832 E/ActivityManager( 2176):    +0% 2720/gps_state_threa: 0% user + 0% kernel
05-10 16:05:38.832 E/ActivityManager( 2176):   13% 2392/com.android.systemui: 0% user + 13% kernel / faults: 898 minor 5 major
05-10 16:05:38.832 E/ActivityManager( 2176):     12% 2392/ndroid.systemui: 0% user + 12% kernel
05-10 16:05:38.832 E/ActivityManager( 2176):     1.7% 2418/HeapTaskDaemon: 0.5% user + 1.1% kernel
05-10 16:05:38.832 E/ActivityManager( 2176):     0.2% 2416/FinalizerDaemon: 0.2% user + 0% kernel
05-10 16:05:38.832 E/ActivityManager( 2176):    +0% 2721/ConnectivityThr: 0% user + 0% kernel
05-10 16:05:38.832 E/ActivityManager( 2176):   12% 2608/com.android.settings: 4.5% user + 8% kernel / faults: 1 minor
05-10 16:05:38.832 E/ActivityManager( 2176):     11% 2608/ndroid.settings: 4.5% user + 7.1% kernel
05-10 16:05:38.832 E/ActivityManager( 2176):    
05-10 16:05:39.225 D/GpsNetInitiatedHandler( 2176): location enabled :true
05-10 16:05:39.327 D/ConditionProviders.SCP( 2176): onReceive android.intent.action.TIME_SET
05-10 16:05:39.715 W/art     ( 2176): Long monitor contention with owner ActivityManager (2222) at void com.android.server.am.BroadcastQueue.processNextBroadcast(boolean)(BroadcastQueue.java:760) waiters=0 in android.content.pm.UserInfo com.android.server.am.UserController.getCurrentUser() for 348ms
05-10 16:05:39.832 D/ConditionProviders.SCP( 2176): notifyCondition condition://android/schedule?days=6.7&start=23.30&end=10.0&exitAtAlarm=false STATE_FALSE reason=!meetsSchedule
05-10 16:05:39.847 D/ConditionProviders.SCP( 2176): notifyCondition condition://android/schedule?days=1.2.3.4.5&start=22.0&end=7.0&exitAtAlarm=false STATE_FALSE reason=!meetsSchedule
05-10 16:05:39.932 D/ConditionProviders.SCP( 2176): Scheduling evaluate for Mon May 10 22:00:00 UTC 2021 (1620684000000), in +5h54m20s673ms, now=Mon May 10 16:05:39 UTC 2021 (1620662739327)
05-10 16:05:39.982 V/KeyguardServiceDelegate( 2176): *** Keyguard started
05-10 16:05:40.102 W/KeyguardServiceDelegate( 2176): onScreenTurningOn(): no keyguard service!
05-10 16:05:40.182 W/System  ( 2392): ClassLoader referenced unknown path: 
05-10 16:05:40.428 W/System  ( 2392): ClassLoader referenced unknown path: /system/priv-app/Dialer/lib/x86_64
05-10 16:05:40.440 D/ApplicationLoaders( 2392): ignored Vulkan layer search path /system/priv-app/Dialer/lib/x86_64:/system/lib64:/vendor/lib64 for namespace 0x744806f130f0
05-10 16:05:40.949 W/ActivityManager( 2176): Slow operation: 170ms so far, now at startProcess: returned from zygote!
05-10 16:05:40.950 W/ActivityManager( 2176): Slow operation: 171ms so far, now at startProcess: done updating battery stats
05-10 16:05:40.950 W/ActivityManager( 2176): Slow operation: 172ms so far, now at startProcess: building log message
05-10 16:05:40.951 I/ActivityManager( 2176): Start proc 2734:com.android.cellbroadcastreceiver/u0a4 for broadcast com.android.cellbroadcastreceiver/.CellBroadcastReceiver
05-10 16:05:40.951 W/ActivityManager( 2176): Slow operation: 172ms so far, now at startProcess: starting to update pids map
05-10 16:05:40.951 W/ActivityManager( 2176): Slow operation: 172ms so far, now at startProcess: done updating pids map
05-10 16:05:40.951 W/ActivityManager( 2176): Slow operation: 181ms so far, now at startProcess: done starting proc!
05-10 16:05:41.119 W/art     ( 2734): Unexpected CPU variant for X86 using defaults: x86_64
05-10 16:05:41.740 W/WindowManager( 2176): Keyguard drawn timeout. Setting mKeyguardDrawComplete
05-10 16:05:41.956 D/AccessibilityManagerService( 2176): Ignoring non-encryption-aware service ComponentInfo{com.example.android.apis/com.example.android.apis.accessibility.ClockBackService}
05-10 16:05:41.956 D/AccessibilityManagerService( 2176): Ignoring non-encryption-aware service ComponentInfo{com.example.android.apis/com.example.android.apis.accessibility.MagnificationService}
05-10 16:05:41.956 D/AccessibilityManagerService( 2176): Ignoring non-encryption-aware service ComponentInfo{com.example.android.apis/com.example.android.apis.accessibility.TaskBackService}
05-10 16:05:42.643 W/VibratorService( 2176): Tried to stop vibrating but there is no vibrator device.
05-10 16:05:42.678 E/BluetoothAdapter( 2392): Bluetooth binder is null
05-10 16:05:42.966 I/CameraManagerGlobal( 2392): Connecting to camera service
05-10 16:05:43.145 W/WindowManager( 2176): Timeout waiting for drawn: undrawn=[Window{2be95a2 u0 KeyguardScrim}]
05-10 16:05:43.153 I/Choreographer( 2176): Skipped 75 frames!  The application may be doing too much work on its main thread.
05-10 16:05:43.072 V/EmulatedCamera_Camera( 1328): getCameraInfo
05-10 16:05:43.165 V/EmulatedCamera_BaseCamera( 1328): getCameraInfo
05-10 16:05:43.165 I/CameraService( 1328): getCameraCharacteristics: Switching to HAL1 shim implementation...
05-10 16:05:43.166 V/EmulatedCamera_Camera( 1328): getCameraInfo
05-10 16:05:43.166 V/EmulatedCamera_BaseCamera( 1328): getCameraInfo
05-10 16:05:43.168 I/CameraService( 1328): CameraService::connect call (PID -1 "cameraserver", camera ID 0) for HAL version default and Camera API version 1
05-10 16:05:43.175 E/CameraService( 1328): getCameraPriorityFromProcState: Received invalid process state -1 from ActivityManagerService!
05-10 16:05:43.176 V/EmulatedCamera_Camera( 1328): getCameraInfo
05-10 16:05:43.176 V/EmulatedCamera_BaseCamera( 1328): getCameraInfo
05-10 16:05:43.671 E/WVMExtractor( 1335): Failed to open libwvm.so: dlopen failed: library "libwvm.so" not found
05-10 16:05:44.040 W/libbacktrace( 2386): bool ThreadEntry::Wait(int): pthread_cond_timedwait for value 2 failed: Connection timed out
05-10 16:05:44.040 E/libbacktrace( 2386): void SignalHandler(int, siginfo_t *, void *): Timed out waiting for unwind thread to indicate it completed.
05-10 16:05:44.375 D/NuPlayerDriver( 1335): notifyListener_l(0xf2228b40), (1, 0, 0), loop setting(0, 0)
05-10 16:05:44.623 D/NuPlayerDriver( 1335): notifyListener_l(0xf0a123c0), (1, 0, 0), loop setting(0, 0)
05-10 16:05:44.869 D/NuPlayerDriver( 1335): notifyListener_l(0xf2228d80), (1, 0, 0), loop setting(0, 0)
05-10 16:05:44.872 I/Choreographer( 2176): Skipped 88 frames!  The application may be doing too much work on its main thread.
05-10 16:05:44.943 I/SyncManager( 2176): Got SyncJobService instance.
05-10 16:05:45.027 W/art     ( 2176): Long monitor contention with owner main (2176) at void com.android.server.pm.UserManagerService$MainHandler.handleMessage(android.os.Message)(UserManagerService.java:3290) waiters=0 in int com.android.server.pm.PackageManagerService.checkUidPermission(java.lang.String, int) for 516ms
05-10 16:05:45.040 I/CameraFlashlight( 1328): Opening camera 0
05-10 16:05:45.040 V/EmulatedCamera_Camera( 1328): getCameraInfo
05-10 16:05:45.040 V/EmulatedCamera_BaseCamera( 1328): getCameraInfo
05-10 16:05:45.040 V/EmulatedCamera_Camera( 1328): connectCamera
