05-10 16:06:44.516 W/StatusBar( 3019): 	at com.android.systemui.statusbar.BaseStatusBar.isKeyguardSecure(BaseStatusBar.java:2647)
05-10 16:06:44.516 W/StatusBar( 3019): 	at com.android.systemui.statusbar.BaseStatusBar.isCameraAllowedByAdmin(BaseStatusBar.java:2670)
05-10 16:06:44.516 W/StatusBar( 3019): 	at com.android.systemui.statusbar.phone.KeyguardBottomAreaView.updateCameraVisibility(KeyguardBottomAreaView.java:309)
05-10 16:06:44.516 W/StatusBar( 3019): 	at com.android.systemui.statusbar.phone.KeyguardBottomAreaView.setUserSetupComplete(KeyguardBottomAreaView.java:281)
05-10 16:06:44.516 W/StatusBar( 3019): 	at com.android.systemui.statusbar.phone.PhoneStatusBar.makeStatusBarView(PhoneStatusBar.java:905)
05-10 16:06:44.516 W/StatusBar( 3019): 	at com.android.systemui.statusbar.phone.PhoneStatusBar.addStatusBarWindow(PhoneStatusBar.java:3432)
05-10 16:06:44.516 W/StatusBar( 3019): 	at com.android.systemui.statusbar.phone.PhoneStatusBar.createAndAddWindows(PhoneStatusBar.java:3428)
05-10 16:06:44.516 W/StatusBar( 3019): 	at com.android.systemui.statusbar.BaseStatusBar.start(BaseStatusBar.java:765)
05-10 16:06:44.516 W/StatusBar( 3019): 	at com.android.systemui.statusbar.phone.PhoneStatusBar.start(PhoneStatusBar.java:686)
05-10 16:06:44.516 W/StatusBar( 3019): 	at com.android.systemui.statusbar.SystemBars.createStatusBarFromConfig(SystemBars.java:106)
05-10 16:06:44.516 W/StatusBar( 3019): 	at com.android.systemui.statusbar.SystemBars.onNoService(SystemBars.java:58)
05-10 16:06:44.516 W/StatusBar( 3019): 	at com.android.systemui.statusbar.ServiceMonitor.startService(ServiceMonitor.java:230)
05-10 16:06:44.516 W/StatusBar( 3019): 	at com.android.systemui.statusbar.ServiceMonitor.-wrap5(ServiceMonitor.java)
05-10 16:06:44.516 W/StatusBar( 3019): 	at com.android.systemui.statusbar.ServiceMonitor$1.handleMessage(ServiceMonitor.java:73)
05-10 16:06:44.516 W/StatusBar( 3019): 	at android.os.Handler.dispatchMessage(Handler.java:102)
05-10 16:06:44.516 W/StatusBar( 3019): 	at android.os.Looper.loop(Looper.java:154)
05-10 16:06:44.516 W/StatusBar( 3019): 	at android.app.ActivityThread.main(ActivityThread.java:6119)
05-10 16:06:44.516 W/StatusBar( 3019): 	at java.lang.reflect.Method.invoke(Native Method)
05-10 16:06:44.516 W/StatusBar( 3019): 	at com.android.internal.os.ZygoteInit$MethodAndArgsCaller.run(ZygoteInit.java:886)
05-10 16:06:44.516 W/StatusBar( 3019): 	at com.android.internal.os.ZygoteInit.main(ZygoteInit.java:776)
05-10 16:06:44.676 V/EmulatedCamera_Camera( 1328): getCameraInfo
05-10 16:06:44.676 V/EmulatedCamera_BaseCamera( 1328): getCameraInfo
05-10 16:06:44.678 V/EmulatedCamera_Camera( 1328): getCameraInfo
05-10 16:06:44.678 V/EmulatedCamera_BaseCamera( 1328): getCameraInfo
05-10 16:06:44.948 I/StatusBar( 3019): isKeyguardShowing() called before startKeyguard(), returning true
05-10 16:06:44.950 W/StatusBar( 3019): isKeyguardSecure() called before startKeyguard(), returning false
05-10 16:06:44.950 W/StatusBar( 3019): java.lang.Throwable
05-10 16:06:44.950 W/StatusBar( 3019): 	at com.android.systemui.statusbar.BaseStatusBar.isKeyguardSecure(BaseStatusBar.java:2647)
05-10 16:06:44.950 W/StatusBar( 3019): 	at com.android.systemui.statusbar.BaseStatusBar.isCameraAllowedByAdmin(BaseStatusBar.java:2670)
05-10 16:06:44.950 W/StatusBar( 3019): 	at com.android.systemui.statusbar.phone.KeyguardBottomAreaView.updateCameraVisibility(KeyguardBottomAreaView.java:309)
05-10 16:06:44.950 W/StatusBar( 3019): 	at com.android.systemui.statusbar.phone.KeyguardBottomAreaView.setUserSetupComplete(KeyguardBottomAreaView.java:281)
05-10 16:06:44.950 W/StatusBar( 3019): 	at com.android.systemui.statusbar.phone.PhoneStatusBar$1.onChange(PhoneStatusBar.java:441)
05-10 16:06:44.950 W/StatusBar( 3019): 	at com.android.systemui.statusbar.phone.PhoneStatusBar.resetUserSetupObserver(PhoneStatusBar.java:3676)
05-10 16:06:44.950 W/StatusBar( 3019): 	at com.android.systemui.statusbar.phone.PhoneStatusBar.makeStatusBarView(PhoneStatusBar.java:1008)
05-10 16:06:44.950 W/StatusBar( 3019): 	at com.android.systemui.statusbar.phone.PhoneStatusBar.addStatusBarWindow(PhoneStatusBar.java:3432)
05-10 16:06:44.950 W/StatusBar( 3019): 	at com.android.systemui.statusbar.phone.PhoneStatusBar.createAndAddWindows(PhoneStatusBar.java:3428)
05-10 16:06:44.950 W/StatusBar( 3019): 	at com.android.systemui.statusbar.BaseStatusBar.start(BaseStatusBar.java:765)
05-10 16:06:44.950 W/StatusBar( 3019): 	at com.android.systemui.statusbar.phone.PhoneStatusBar.start(PhoneStatusBar.java:686)
05-10 16:06:44.950 W/StatusBar( 3019): 	at com.android.systemui.statusbar.SystemBars.createStatusBarFromConfig(SystemBars.java:106)
05-10 16:06:44.950 W/StatusBar( 3019): 	at com.android.systemui.statusbar.SystemBars.onNoService(SystemBars.java:58)
05-10 16:06:44.950 W/StatusBar( 3019): 	at com.android.systemui.statusbar.ServiceMonitor.startService(ServiceMonitor.java:230)
05-10 16:06:44.950 W/StatusBar( 3019): 	at com.android.systemui.statusbar.ServiceMonitor.-wrap5(ServiceMonitor.java)
05-10 16:06:44.950 W/StatusBar( 3019): 	at com.android.systemui.statusbar.ServiceMonitor$1.handleMessage(ServiceMonitor.java:73)
05-10 16:06:44.950 W/StatusBar( 3019): 	at android.os.Handler.dispatchMessage(Handler.java:102)
05-10 16:06:44.950 W/StatusBar( 3019): 	at android.os.Looper.loop(Looper.java:154)
05-10 16:06:44.950 W/StatusBar( 3019): 	at android.app.ActivityThread.main(ActivityThread.java:6119)
05-10 16:06:44.950 W/StatusBar( 3019): 	at java.lang.reflect.Method.invoke(Native Method)
05-10 16:06:44.950 W/StatusBar( 3019): 	at com.android.internal.os.ZygoteInit$MethodAndArgsCaller.run(ZygoteInit.java:886)
05-10 16:06:44.950 W/StatusBar( 3019): 	at com.android.internal.os.ZygoteInit.main(ZygoteInit.java:776)
05-10 16:06:45.005 E/SurfaceFlinger( 1321): ro.sf.lcd_density must be defined as a build property
05-10 16:06:45.017 D/OpenGLRenderer( 3019): profile bars disabled
05-10 16:06:45.019 D/OpenGLRenderer( 3019): ambientRatio = 1.50
05-10 16:06:45.062 D/PhoneStatusBar( 3019): disable: < EXPAND* icons alerts system_info BACK* HOME* RECENT* clock SEARCH* quick_settings >
05-10 16:06:45.241 D/PhoneStatusBar( 3019): heads up is enabled
05-10 16:06:45.553 I/art     ( 3019): Background partial concurrent mark sweep GC freed 10036(1363KB) AllocSpace objects, 4(84KB) LOS objects, 23% free, 12MB/16MB, paused 698us total 164.101ms
05-10 16:06:45.839 W/art     ( 2176): Long monitor contention with owner Binder:2176_6 (2617) at int com.android.server.wm.WindowManagerService.relayoutWindow(com.android.server.wm.Session, android.view.IWindow, int, android.view.WindowManager$LayoutParams, int, int, int, int, android.graphics.Rect, android.graphics.Rect, android.graphics.Rect, android.graphics.Rect, android.graphics.Rect, android.graphics.Rect, android.graphics.Rect, android.content.res.Configuration, android.view.Surface)(WindowManagerService.java:2857) waiters=0 in void com.android.server.wm.WindowManagerService$H.handleMessage(android.os.Message) for 471ms
05-10 16:06:46.040 W/KeyguardUpdateMonitor( 3019): invalid subId in handleSimStateChange()
05-10 16:06:46.131 V/KeyguardServiceDelegate( 2176): **** SHOWN CALLED ****
05-10 16:06:46.156 I/Choreographer( 3019): Skipped 112 frames!  The application may be doing too much work on its main thread.
05-10 16:06:46.232 D/ViewRootImpl[StatusBar]( 3019): changeCanvasOpacity: opaque=true
05-10 16:06:46.608 W/art     ( 2176): Long monitor contention with owner android.ui (2223) at int com.android.server.wm.WindowManagerService.relayoutWindow(com.android.server.wm.Session, android.view.IWindow, int, android.view.WindowManager$LayoutParams, int, int, int, int, android.graphics.Rect, android.graphics.Rect, android.graphics.Rect, android.graphics.Rect, android.graphics.Rect, android.graphics.Rect, android.graphics.Rect, android.content.res.Configuration, android.view.Surface)(WindowManagerService.java:2857) waiters=0 in void com.android.server.wm.WindowManagerService$H.handleMessage(android.os.Message) for 548ms
05-10 16:06:46.827 W/art     ( 2176): Long monitor contention with owner android.display (2233) at void com.android.server.wm.WindowManagerService$H.handleMessage(android.os.Message)(WindowManagerService.java:8368) waiters=0 in int com.android.server.wm.WindowManagerService.relayoutWindow(com.android.server.wm.Session, android.view.IWindow, int, android.view.WindowManager$LayoutParams, int, int, int, int, android.graphics.Rect, android.graphics.Rect, android.graphics.Rect, android.graphics.Rect, android.graphics.Rect, android.graphics.Rect, android.graphics.Rect, android.content.res.Configuration, android.view.Surface) for 126ms
05-10 16:06:46.829 I/Choreographer( 2176): Skipped 43 frames!  The application may be doing too much work on its main thread.
05-10 16:06:47.088 W/art     ( 2176): Long monitor contention with owner android.display (2233) at void com.android.server.wm.WindowAnimator$1.doFrame(long)(WindowAnimator.java:144) waiters=1 in void com.android.server.wm.WindowManagerService.getInitialDisplaySize(int, android.graphics.Point) for 256ms
05-10 16:06:47.606 W/art     ( 2176): Long monitor contention with owner android.display (2233) at void com.android.server.wm.WindowAnimator$1.doFrame(long)(WindowAnimator.java:144) waiters=1 in int com.android.server.wm.WindowManagerService.relayoutWindow(com.android.server.wm.Session, android.view.IWindow, int, android.view.WindowManager$LayoutParams, int, int, int, int, android.graphics.Rect, android.graphics.Rect, android.graphics.Rect, android.graphics.Rect, android.graphics.Rect, android.graphics.Rect, android.graphics.Rect, android.content.res.Configuration, android.view.Surface) for 128ms
05-10 16:06:47.954 W/art     ( 2176): Long monitor contention with owner android.display (2233) at void com.android.server.wm.WindowManagerService$H.handleMessage(android.os.Message)(WindowManagerService.java:8368) waiters=1 in void com.android.server.wm.WindowManagerService.getInitialDisplaySize(int, android.graphics.Point) for 472ms
05-10 16:06:47.955 W/art     ( 2176): Long monitor contention with owner Binder:2176_D (3033) at int com.android.server.wm.WindowManagerService.relayoutWindow(com.android.server.wm.Session, android.view.IWindow, int, android.view.WindowManager$LayoutParams, int, int, int, int, android.graphics.Rect, android.graphics.Rect, android.graphics.Rect, android.graphics.Rect, android.graphics.Rect, android.graphics.Rect, android.graphics.Rect, android.content.res.Configuration, android.view.Surface)(WindowManagerService.java:2857) waiters=1 in void com.android.server.wm.WindowAnimator$1.doFrame(long) for 292ms
05-10 16:06:48.528 D/WifiService( 2176): New client listening to asynchronous messages
05-10 16:06:48.870 D/gralloc_ranchu( 3019): Emulator without host-side GPU emulation detected. Loading gralloc.default.so from /vendor/lib64/hw/gralloc.goldfish.default.so...
05-10 16:06:48.884 D/gralloc_ranchu( 3019): gralloc.default.so not found in /vendor. Trying /system/lib64/hw/gralloc.goldfish.default.so...
05-10 16:06:49.016 I/Choreographer( 3019): Skipped 168 frames!  The application may be doing too much work on its main thread.
05-10 16:06:49.243 D/PhoneStatusBar( 3019): disable: < expand* icons alerts system_info back* home* recent* clock search* quick_settings >
05-10 16:06:49.894 I/art     ( 3019): Background sticky concurrent mark sweep GC freed 9268(362KB) AllocSpace objects, 3(60KB) LOS objects, 0% free, 17MB/17MB, paused 658us total 253.731ms
05-10 16:06:50.044 W/art     ( 2176): Long monitor contention with owner Binder:2176_B (3017) at int com.android.server.wm.WindowManagerService.relayoutWindow(com.android.server.wm.Session, android.view.IWindow, int, android.view.WindowManager$LayoutParams, int, int, int, int, android.graphics.Rect, android.graphics.Rect, android.graphics.Rect, android.graphics.Rect, android.graphics.Rect, android.graphics.Rect, android.graphics.Rect, android.content.res.Configuration, android.view.Surface)(WindowManagerService.java:2857) waiters=0 in void com.android.server.wm.WindowAnimator$1.doFrame(long) for 201ms
05-10 16:06:50.420 I/Choreographer( 3019): Skipped 82 frames!  The application may be doing too much work on its main thread.
05-10 16:06:50.627 W/art     ( 2176): Long monitor contention with owner Binder:2176_3 (2312) at int com.android.server.wm.WindowManagerService.relayoutWindow(com.android.server.wm.Session, android.view.IWindow, int, android.view.WindowManager$LayoutParams, int, int, int, int, android.graphics.Rect, android.graphics.Rect, android.graphics.Rect, android.graphics.Rect, android.graphics.Rect, android.graphics.Rect, android.graphics.Rect, android.content.res.Configuration, android.view.Surface)(WindowManagerService.java:2857) waiters=0 in void com.android.server.wm.WindowManagerService$H.handleMessage(android.os.Message) for 105ms
05-10 16:07:10.636 W//sbin/adbd( 1324): type=1400 audit(0.0:16): avc: denied { search } for comm=7365727669636520363136 name="security" dev="vdc" ino=35203 scontext=u:r:adbd:s0 tcontext=u:object_r:security_file:s0 tclass=dir permissive=0
05-10 16:07:36.248 W/BroadcastQueue( 2176): Timeout of broadcast BroadcastRecord{f93cdc3 u0 android.intent.action.BOOT_COMPLETED} - receiver=android.os.BinderProxy@543e972, started 60000ms ago
05-10 16:07:36.249 W/BroadcastQueue( 2176): Receiver during timeout: BroadcastFilter{5496a40 u0 ReceiverList{f3751c3 2392 com.android.systemui/10021/u0 remote:543e972}}
05-10 16:07:36.256 W/Binder  ( 3019): Binder call failed.
05-10 16:07:36.256 W/Binder  ( 3019): android.os.DeadObjectException
05-10 16:07:36.256 W/Binder  ( 3019): 	at android.os.BinderProxy.transactNative(Native Method)
05-10 16:07:36.256 W/Binder  ( 3019): 	at android.os.BinderProxy.transact(Binder.java:615)
05-10 16:07:36.256 W/Binder  ( 3019): 	at android.content.IIntentReceiver$Stub$Proxy.performReceive(IIntentReceiver.java:124)
05-10 16:07:36.256 W/Binder  ( 3019): 	at android.app.ActivityThread$ApplicationThread.scheduleRegisteredReceiver(ActivityThread.java:946)
05-10 16:07:36.256 W/Binder  ( 3019): 	at android.app.ApplicationThreadNative.onTransact(ApplicationThreadNative.java:404)
05-10 16:07:36.256 W/Binder  ( 3019): 	at android.os.Binder.execTransact(Binder.java:565)
05-10 16:07:59.062 D/AndroidRuntime( 3074): >>>>>> START com.android.internal.os.RuntimeInit uid 2000 <<<<<<
05-10 16:07:59.082 D/AndroidRuntime( 3074): CheckJNI is ON
05-10 16:07:59.395 W/art     ( 3074): Unexpected CPU variant for X86 using defaults: x86_64
05-10 16:07:59.429 D/ICU     ( 3074): No timezone override file found: /data/misc/zoneinfo/current/icu/icu_tzdata.dat
05-10 16:07:59.585 E/memtrack( 3074): Couldn't load memtrack module (No such file or directory)
05-10 16:07:59.585 E/android.os.Debug( 3074): failed to load memtrack module: -2
05-10 16:07:59.590 I/Radio-JNI( 3074): register_android_hardware_Radio DONE
05-10 16:07:59.699 D/AndroidRuntime( 3074): Calling main entry com.android.commands.pm.Pm
05-10 16:07:59.799 I/        ( 1330): free_cache(132100106) avail 809689088
05-10 16:08:16.924 I/ActivityManager( 2176): Start proc 3085:com.android.defcontainer/u0a7 for service com.android.defcontainer/.DefaultContainerService
05-10 16:08:16.953 W/art     ( 3085): Unexpected CPU variant for X86 using defaults: x86_64
05-10 16:08:17.558 I/PackageManager.DexOptimizer( 2176): Running dexopt (dex2oat) on: /data/app/vmdl1731766919.tmp/base.apk pkg=jp.jaxa.iss.kibo.rpc.sampleapk isa=x86_64 vmSafeMode=false debuggable=true target-filter=interpret-only oatDir = /data/app/vmdl1731766919.tmp/oat sharedLibraries=null
05-10 16:08:17.728 W/dex2oat ( 3100): Unexpected CPU variant for X86 using defaults: x86_64
05-10 16:08:17.740 I/dex2oat ( 3100): /system/bin/dex2oat --compiler-filter=interpret-only --debuggable
05-10 16:08:20.407 W/dex2oat ( 3100): Before Android 4.1, method int android.support.v7.widget.ListViewCompat.lookForSelectablePosition(int, boolean) would have incorrectly overridden the package-private method in android.widget.ListView
05-10 16:08:21.233 W/dex2oat ( 3100): Before Android 4.1, method android.graphics.PorterDuffColorFilter android.support.graphics.drawable.VectorDrawableCompat.updateTintFilter(android.graphics.PorterDuffColorFilter, android.content.res.ColorStateList, android.graphics.PorterDuff$Mode) would have incorrectly overridden the package-private method in android.graphics.drawable.Drawable
05-10 16:08:30.758 W/dex2oat ( 3100): Compilation of void org.opencv.android.Utils.nBitmapToMat2(android.graphics.Bitmap, long, boolean) took 141.494ms
05-10 16:08:30.763 W/dex2oat ( 3100): Compilation of java.lang.String org.opencv.android.StaticHelper.getLibraryList() took 155.954ms
05-10 16:08:33.942 I/dex2oat ( 3100): dex2oat took 16.221s (threads: 2) arena alloc=550KB (563376B) java alloc=7MB (7439104B) native alloc=15MB (15924200B) free=3MB (3998744B)
05-10 16:08:34.297 D/installd( 1330): Detected label change from u:object_r:system_data_file:s0 to u:object_r:app_data_file:s0:c512,c768 at /data/data/jp.jaxa.iss.kibo.rpc.sampleapk; running recursive restorecon
05-10 16:08:34.309 D/installd( 1330): Detected label change from u:object_r:system_data_file:s0 to u:object_r:app_data_file:s0:c512,c768 at /data/user_de/0/jp.jaxa.iss.kibo.rpc.sampleapk; running recursive restorecon
05-10 16:08:34.330 V/BackupManagerService( 2176): restoreAtInstall pkg=jp.jaxa.iss.kibo.rpc.sampleapk token=1 restoreSet=0
05-10 16:08:34.331 W/BackupManagerService( 2176): Requested unavailable transport: android/com.android.internal.backup.LocalTransport
05-10 16:08:34.332 W/BackupManagerService( 2176): No transport
05-10 16:08:34.332 V/BackupManagerService( 2176): Finishing install immediately
05-10 16:08:34.390 D/VoldConnector( 2176): SND -> {9 volume remount_uid 10064 default}
05-10 16:08:34.399 I/GnssLocationProvider( 2176): WakeLock acquired by sendMessage(3, 0, com.android.server.location.GnssLocationProvider$GpsRequest@1c46b6e)
05-10 16:08:34.401 I/GnssLocationProvider( 2176): WakeLock acquired by sendMessage(3, 0, com.android.server.location.GnssLocationProvider$GpsRequest@e71720f)
05-10 16:08:34.438 D/vold    ( 1271): Remounting 10064 as mode default
05-10 16:08:34.485 D/VoldConnector( 2176): RCV <- {200 9 Command succeeded}
05-10 16:08:34.490 I/GnssLocationProvider( 2176): WakeLock acquired by sendMessage(3, 0, com.android.server.location.GnssLocationProvider$GpsRequest@da8529c)
05-10 16:08:34.492 D/VoldConnector( 2176): SND -> {10 volume remount_uid 10064 write}
05-10 16:08:34.503 D/vold    ( 1271): Remounting 10064 as mode write
05-10 16:08:34.514 I/GnssLocationProvider( 2176): WakeLock released by handleMessage(3, 0, com.android.server.location.GnssLocationProvider$GpsRequest@1c46b6e)
05-10 16:08:34.514 I/GnssLocationProvider( 2176): WakeLock released by handleMessage(3, 0, com.android.server.location.GnssLocationProvider$GpsRequest@e71720f)
05-10 16:08:34.515 I/GnssLocationProvider( 2176): WakeLock released by handleMessage(3, 0, com.android.server.location.GnssLocationProvider$GpsRequest@da8529c)
05-10 16:08:34.518 D/VoldConnector( 2176): RCV <- {200 10 Command succeeded}
05-10 16:08:34.545 I/art     ( 2176): Starting a blocking GC Explicit
05-10 16:08:34.651 I/art     ( 2176): Explicit concurrent mark sweep GC freed 28969(1942KB) AllocSpace objects, 17(400KB) LOS objects, 29% free, 9MB/13MB, paused 2.470ms total 99.353ms
05-10 16:08:34.666 E/        ( 1330): Couldn't opendir /data/app/vmdl1731766919.tmp: No such file or directory
05-10 16:08:34.826 I/InputReader( 2176): Reconfiguring input devices.  changes=0x00000010
05-10 16:08:34.871 I/art     ( 3074): System.exit called, status: 0
05-10 16:08:34.872 I/AndroidRuntime( 3074): VM exiting with result code 0.
05-10 16:08:35.108 E/PhoneInterfaceManager( 2594): [PhoneIntfMgr] getCarrierPackageNamesForIntent: No UICC
05-10 16:08:35.108 D/CarrierSvcBindHelper( 2594): No carrier app for: 0
05-10 16:08:35.111 D/CarrierConfigLoader( 2594): mHandler: 9 phoneId: 0
05-10 16:08:35.598 W/VoiceInteractionManagerService( 2176): no available voice recognition services found for user 0
05-10 16:08:36.252 W/BroadcastQueue( 2176): Timeout of broadcast BroadcastRecord{f93cdc3 u0 android.intent.action.BOOT_COMPLETED} - receiver=android.os.BinderProxy@9abe370, started 60002ms ago
05-10 16:08:36.253 W/BroadcastQueue( 2176): Receiver during timeout: BroadcastFilter{f14b088 u0 ReceiverList{61c26e9 2392 com.android.systemui/10021/u0 remote:9abe370}}
05-10 16:08:36.320 I/RecoverySystem( 2176): No recovery log file
05-10 16:08:36.349 W/ActivityManager( 2176): Slow operation: 81ms so far, now at startProcess: returned from zygote!
05-10 16:08:36.350 W/ActivityManager( 2176): Slow operation: 82ms so far, now at startProcess: done updating battery stats
05-10 16:08:36.350 W/ActivityManager( 2176): Slow operation: 82ms so far, now at startProcess: building log message
05-10 16:08:36.350 I/ActivityManager( 2176): Start proc 3109:com.android.dialer/u0a8 for broadcast com.android.dialer/.calllog.CallLogReceiver
05-10 16:08:36.350 W/ActivityManager( 2176): Slow operation: 83ms so far, now at startProcess: starting to update pids map
05-10 16:08:36.351 W/ActivityManager( 2176): Slow operation: 83ms so far, now at startProcess: done updating pids map
05-10 16:08:36.351 W/ActivityManager( 2176): Slow operation: 84ms so far, now at startProcess: done starting proc!
05-10 16:08:36.380 W/art     ( 3109): Unexpected CPU variant for X86 using defaults: x86_64
05-10 16:08:36.418 I/BootReceiver( 2176): Copying audit failures to DropBox
05-10 16:08:36.419 I/BootReceiver( 2176): Checking for fsck errors
05-10 16:08:36.635 W/System  ( 3109): ClassLoader referenced unknown path: /system/priv-app/Dialer/lib/x86_64
05-10 16:08:37.377 D/ExtensionsFactory( 3109): No custom extensions.
05-10 16:08:37.400 D/BlockedNumbersAuto( 3109): Not attempting auto-migrate: already checked once.
05-10 16:08:37.509 D/CarrierConfigLoader( 2594): mHandler: 13 phoneId: 0
05-10 16:08:37.510 D/CarrierConfigLoader( 2594): mHandler: 7 phoneId: 0
05-10 16:08:37.512 E/CarrierConfigLoader( 2594): Cannot restore config with null packageName or iccid.
05-10 16:08:37.518 D/CarrierConfigLoader( 2594): Binding to com.android.carrierconfig for phone 0
05-10 16:08:37.537 W/CountryDetector( 3109): No location permissions, not registering for location updates.
05-10 16:08:37.566 W/ActivityManager( 2176): Slow operation: 51ms so far, now at startProcess: building log message
05-10 16:08:37.566 I/ActivityManager( 2176): Start proc 3127:com.android.calendar/u0a26 for broadcast com.android.calendar/.alerts.AlertReceiver
05-10 16:08:37.566 W/ActivityManager( 2176): Slow operation: 51ms so far, now at startProcess: starting to update pids map
05-10 16:08:37.566 W/ActivityManager( 2176): Slow operation: 51ms so far, now at startProcess: done updating pids map
05-10 16:08:37.566 W/ActivityManager( 2176): Slow operation: 51ms so far, now at startProcess: done starting proc!
05-10 16:08:37.592 W/art     ( 3127): Unexpected CPU variant for X86 using defaults: x86_64
05-10 16:08:37.664 W/ActivityManager( 2176): Slow operation: 94ms so far, now at startProcess: returned from zygote!
05-10 16:08:37.664 W/ActivityManager( 2176): Slow operation: 94ms so far, now at startProcess: done updating battery stats
05-10 16:08:37.664 W/ActivityManager( 2176): Slow operation: 95ms so far, now at startProcess: building log message
05-10 16:08:37.664 I/ActivityManager( 2176): Start proc 3140:com.android.carrierconfig/u0a3 for service com.android.carrierconfig/.DefaultCarrierConfigService
05-10 16:08:37.665 W/ActivityManager( 2176): Slow operation: 95ms so far, now at startProcess: starting to update pids map
05-10 16:08:37.665 W/ActivityManager( 2176): Slow operation: 95ms so far, now at startProcess: done updating pids map
05-10 16:08:37.665 W/ActivityManager( 2176): Slow operation: 95ms so far, now at startProcess: done starting proc!
05-10 16:08:37.670 W/art     ( 3140): Unexpected CPU variant for X86 using defaults: x86_64
05-10 16:08:37.829 W/System  ( 3140): ClassLoader referenced unknown path: /system/priv-app/CarrierConfig/lib/x86_64
05-10 16:08:37.852 W/System  ( 3127): ClassLoader referenced unknown path: /system/app/Calendar/lib/x86_64
05-10 16:08:37.934 D/DefaultCarrierConfigService( 3140): Service created
05-10 16:08:37.952 D/CarrierConfigLoader( 2594): Connected to config app: com.android.carrierconfig/com.android.carrierconfig.DefaultCarrierConfigService
05-10 16:08:37.961 D/CarrierConfigLoader( 2594): mHandler: 3 phoneId: 0
05-10 16:08:38.044 D/DefaultCarrierConfigService( 3140): Config being fetched
05-10 16:08:38.048 D/DefaultCarrierConfigService( 3140): java.io.FileNotFoundException: carrier_config_.xml
05-10 16:08:38.057 E/CarrierConfigLoader( 2594): Cannot save config with null packageName or iccid.
05-10 16:08:38.069 D/CarrierConfigLoader( 2594): mHandler: 5 phoneId: 0
05-10 16:08:38.071 E/PhoneInterfaceManager( 2594): [PhoneIntfMgr] getCarrierPackageNamesForIntent: No UICC
05-10 16:08:38.123 I/Telecom ( 2176): PhoneAccountRegistrar: SimCallManager queried, returning: null: TSI.gSCMFU@AAk
05-10 16:08:38.218 D/ExtensionsFactory( 3127): No custom extensions.
05-10 16:08:38.232 D/AlertReceiver( 3127): onReceive: a=android.intent.action.BOOT_COMPLETED Intent { act=android.intent.action.BOOT_COMPLETED flg=0x9000010 cmp=com.android.calendar/.alerts.AlertReceiver (has extras) }
05-10 16:08:38.257 I/AlarmClock( 2794): AlarmInitReceiver android.intent.action.BOOT_COMPLETED
05-10 16:08:38.284 D/AlertUtils( 3127): Flushing old alerts from shared prefs table
05-10 16:08:38.301 D/AlertService( 3127): 0 Action = android.intent.action.BOOT_COMPLETED
05-10 16:08:38.336 D/AlertService( 3127): Scheduling next alarm with AlarmScheduler. sEventReminderReceived: null
05-10 16:08:38.390 W/art     ( 3163): Unexpected CPU variant for X86 using defaults: x86_64
05-10 16:08:38.397 I/ActivityManager( 2176): Start proc 3163:com.android.providers.calendar/u0a2 for content provider com.android.providers.calendar/.CalendarProvider2
05-10 16:08:38.493 V/AlarmClock( 2794): AlarmInitReceiver finished
05-10 16:08:38.512 W/art     ( 3177): Unexpected CPU variant for X86 using defaults: x86_64
05-10 16:08:38.514 I/ActivityManager( 2176): Start proc 3177:com.android.email/u0a34 for broadcast com.android.email/.service.EmailBroadcastReceiver
05-10 16:08:38.620 W/System  ( 3163): ClassLoader referenced unknown path: /system/priv-app/CalendarProvider/lib/x86_64
05-10 16:08:38.678 W/System  ( 3177): ClassLoader referenced unknown path: /system/app/Email/lib/x86_64
05-10 16:08:39.245 I/CalendarProvider2( 3163): Created com.android.providers.calendar.CalendarAlarmManager@7f0bc6e(com.android.providers.calendar.CalendarProvider2@5fdef0f)
05-10 16:08:39.508 D/AlarmScheduler( 3127): No events found starting within 1 week.
05-10 16:08:40.043 W/ActivityManager( 2176): Unable to start service Intent { act=com.android.email.EXCHANGE_INTENT pkg=com.android.exchange } U=0: not found
05-10 16:08:40.070 D/ActivityThread( 3177): Loading provider com.android.email.provider;com.android.email.notifier: com.android.email.provider.EmailProvider
05-10 16:08:40.137 W/ActivityManager( 2176): Unable to start service Intent { act=com.android.email.EXCHANGE_INTENT pkg=com.android.exchange } U=0: not found
05-10 16:08:40.235 D/ActivityThread( 3177): Loading provider com.android.email.provider;com.android.email.notifier: com.android.email.provider.EmailProvider
05-10 16:08:40.238 W/ActivityManager( 2176): Unable to start service Intent { act=com.android.email.EXCHANGE_INTENT pkg=com.android.exchange } U=0: not found
05-10 16:08:40.373 I/CalendarProvider2( 3163): Sending notification intent: Intent { act=android.intent.action.PROVIDER_CHANGED dat=content://com.android.calendar flg=0x20000000 }
05-10 16:08:40.374 W/ContentResolver( 3163): Failed to get type for: content://com.android.calendar (Unknown URL content://com.android.calendar)
05-10 16:08:40.396 W/ActivityManager( 2176): Unable to start service Intent { act=com.android.email.EXCHANGE_INTENT pkg=com.android.exchange } U=0: not found
05-10 16:08:40.425 W/ActivityManager( 2176): Unable to start service Intent { cmp=com.android.email/.service.AttachmentService } U=0: not found
05-10 16:08:40.452 I/SystemBroadcastReceiver( 2386): Boot has been completed
05-10 16:08:40.470 I/SystemBroadcastReceiver( 2386): toggleAppIcon() : FLAG_SYSTEM = true
05-10 16:08:40.516 W/ActivityManager( 2176): Unable to start service Intent { cmp=com.android.email/.service.AttachmentService } U=0: not found
05-10 16:08:40.560 I/Email   ( 3177): Observing account changes for notifications
05-10 16:08:40.591 W/art     ( 3201): Unexpected CPU variant for X86 using defaults: x86_64
05-10 16:08:40.597 I/ActivityManager( 2176): Start proc 3201:com.android.managedprovisioning/u0a14 for broadcast com.android.managedprovisioning/.BootReminder
05-10 16:08:40.627 W/ActivityManager( 2176): Unable to start service Intent { act=com.android.email.EXCHANGE_INTENT pkg=com.android.exchange } U=0: not found
05-10 16:08:40.659 W/ActivityManager( 2176): Unable to start service Intent { act=com.android.email.EXCHANGE_INTENT pkg=com.android.exchange } U=0: not found
05-10 16:08:40.667 W/ActivityManager( 2176): Unable to start service Intent { cmp=com.android.email/.service.AttachmentService } U=0: not found
05-10 16:08:40.715 E/ActivityThread( 3177): Service com.android.email.service.EmailBroadcastProcessorService has leaked ServiceConnection com.android.emailcommon.service.ServiceProxy$ProxyConnection@4ef71b that was originally bound here
05-10 16:08:40.715 E/ActivityThread( 3177): android.app.ServiceConnectionLeaked: Service com.android.email.service.EmailBroadcastProcessorService has leaked ServiceConnection com.android.emailcommon.service.ServiceProxy$ProxyConnection@4ef71b that was originally bound here
05-10 16:08:40.715 E/ActivityThread( 3177): 	at android.app.LoadedApk$ServiceDispatcher.<init>(LoadedApk.java:1336)
05-10 16:08:40.715 E/ActivityThread( 3177): 	at android.app.LoadedApk.getServiceDispatcher(LoadedApk.java:1231)
05-10 16:08:40.715 E/ActivityThread( 3177): 	at android.app.ContextImpl.bindServiceCommon(ContextImpl.java:1450)
05-10 16:08:40.715 E/ActivityThread( 3177): 	at android.app.ContextImpl.bindService(ContextImpl.java:1422)
05-10 16:08:40.715 E/ActivityThread( 3177): 	at android.content.ContextWrapper.bindService(ContextWrapper.java:636)
05-10 16:08:40.715 E/ActivityThread( 3177): 	at com.android.emailcommon.service.ServiceProxy.setTask(ServiceProxy.java:181)
05-10 16:08:40.715 E/ActivityThread( 3177): 	at com.android.emailcommon.service.ServiceProxy.test(ServiceProxy.java:224)
05-10 16:08:40.715 E/ActivityThread( 3177): 	at com.android.email.service.EmailServiceUtils.isServiceAvailable(EmailServiceUtils.java:160)
05-10 16:08:40.715 E/ActivityThread( 3177): 	at com.android.email.provider.AccountReconciler.reconcileAccountsInternal(AccountReconciler.java:171)
05-10 16:08:40.715 E/ActivityThread( 3177): 	at com.android.email.provider.AccountReconciler.reconcileAccounts(AccountReconciler.java:115)
05-10 16:08:40.715 E/ActivityThread( 3177): 	at com.android.email.service.EmailBroadcastProcessorService.reconcileAndStartServices(EmailBroadcastProcessorService.java:305)
05-10 16:08:40.715 E/ActivityThread( 3177): 	at com.android.email.service.EmailBroadcastProcessorService.onBootCompleted(EmailBroadcastProcessorService.java:295)
05-10 16:08:40.715 E/ActivityThread( 3177): 	at com.android.email.service.EmailBroadcastProcessorService.onHandleIntent(EmailBroadcastProcessorService.java:130)
05-10 16:08:40.715 E/ActivityThread( 3177): 	at android.app.IntentService$ServiceHandler.handleMessage(IntentService.java:68)
05-10 16:08:40.715 E/ActivityThread( 3177): 	at android.os.Handler.dispatchMessage(Handler.java:102)
05-10 16:08:40.715 E/ActivityThread( 3177): 	at android.os.Looper.loop(Looper.java:154)
05-10 16:08:40.715 E/ActivityThread( 3177): 	at android.os.HandlerThread.run(HandlerThread.java:61)
05-10 16:08:40.741 W/ActivityManager( 2176): Unbind failed: could not find connection for android.os.BinderProxy@a9913da
05-10 16:08:40.749 W/ActivityManager( 2176): Unable to start service Intent { act=com.android.email.EXCHANGE_INTENT pkg=com.android.exchange } U=0: not found
05-10 16:08:40.786 W/System  ( 3201): ClassLoader referenced unknown path: /system/priv-app/ManagedProvisioning/lib/x86_64
05-10 16:08:40.843 W/ActivityManager( 2176): Unable to start service Intent { act=com.android.email.EXCHANGE_INTENT pkg=com.android.exchange } U=0: not found
05-10 16:08:40.930 I/ActivityManager( 2176): Start proc 3216:com.android.messaging/u0a54 for broadcast com.android.messaging/.receiver.BootAndPackageReplacedReceiver
05-10 16:08:40.934 W/art     ( 3216): Unexpected CPU variant for X86 using defaults: x86_64
05-10 16:08:41.027 W/System  ( 3216): ClassLoader referenced unknown path: /system/app/messaging/lib/x86_64
05-10 16:08:42.960 I/MessagingApp( 3216): Carrier config changed. Reloading MMS config.
05-10 16:08:43.005 V/VvmBootCompletedRcvr( 2594): processing subId list
05-10 16:08:43.070 I/MessagingAppDataModel( 3216): Fixup: Send failed - 0 Download failed - 0
05-10 16:08:43.074 E/VvmBootCompletedRcvr( 2594): phone account ComponentInfo{com.android.phone/com.android.services.telephony.TelephonyConnectionService}, [e2f7d48dd2b5ca523e7313cf4ba0f6ea830b6281], UserHandle{0} has invalid subId -1
05-10 16:08:43.417 I/MessagingAppDataModel( 3216): SyncMessagesAction: Starting batch for messages from 1616676894217 to 1620662922878 (message update limit = 80, message scan limit = 4000)
05-10 16:08:43.549 W/ActivityManager( 2176): Slow operation: 64ms so far, now at startProcess: returned from zygote!
05-10 16:08:43.549 W/ActivityManager( 2176): Slow operation: 65ms so far, now at startProcess: done updating battery stats
05-10 16:08:43.550 W/ActivityManager( 2176): Slow operation: 65ms so far, now at startProcess: building log message
05-10 16:08:43.550 I/ActivityManager( 2176): Start proc 3238:com.android.gallery3d/u0a39 for broadcast com.android.gallery3d/.app.PackagesMonitor
05-10 16:08:43.550 W/ActivityManager( 2176): Slow operation: 65ms so far, now at startProcess: starting to update pids map
05-10 16:08:43.550 W/ActivityManager( 2176): Slow operation: 65ms so far, now at startProcess: done updating pids map
05-10 16:08:43.550 W/ActivityManager( 2176): Slow operation: 65ms so far, now at startProcess: done starting proc!
05-10 16:08:43.560 W/art     ( 3238): Unexpected CPU variant for X86 using defaults: x86_64
05-10 16:08:44.211 I/MessagingAppDataModel( 3216): SyncMessagesAction: All messages now in sync
05-10 16:08:45.041 W/art     ( 3255): Unexpected CPU variant for X86 using defaults: x86_64
05-10 16:08:45.048 W/ActivityManager( 2176): Slow operation: 73ms so far, now at startProcess: returned from zygote!
05-10 16:08:45.048 W/ActivityManager( 2176): Slow operation: 74ms so far, now at startProcess: done updating battery stats
05-10 16:08:45.049 W/ActivityManager( 2176): Slow operation: 74ms so far, now at startProcess: building log message
05-10 16:08:45.049 I/ActivityManager( 2176): Start proc 3255:com.svox.pico/u0a49 for broadcast com.svox.pico/.VoiceDataInstallerReceiver
05-10 16:08:45.049 W/ActivityManager( 2176): Slow operation: 74ms so far, now at startProcess: starting to update pids map
05-10 16:08:45.049 W/ActivityManager( 2176): Slow operation: 74ms so far, now at startProcess: done updating pids map
05-10 16:08:45.049 W/ActivityManager( 2176): Slow operation: 75ms so far, now at startProcess: done starting proc!
05-10 16:08:45.299 I/VvmSimChangeReceiver( 2594): Received SIM change for invalid subscription id.
05-10 16:08:45.476 D/AlertReceiver( 3127): onReceive: a=android.intent.action.PROVIDER_CHANGED Intent { act=android.intent.action.PROVIDER_CHANGED dat=content://com.android.calendar flg=0x20000010 cmp=com.android.calendar/.alerts.AlertReceiver }
05-10 16:08:45.528 D/AlertService( 3127): 0 Action = android.intent.action.PROVIDER_CHANGED
05-10 16:08:46.266 W/MediaScanner( 2985): Error opening directory '/oem/media/', skipping: No such file or directory.
05-10 16:08:46.518 V/MediaScanner( 2985): pruneDeadThumbnailFiles... android.content.ContentProviderClient$CursorWrapperInner@5c4a7e8
05-10 16:08:46.520 V/MediaScanner( 2985): /pruneDeadThumbnailFiles... android.content.ContentProviderClient$CursorWrapperInner@5c4a7e8
05-10 16:08:50.565 I/GlobalDismissManager( 3127): no sender configured
05-10 16:08:50.567 D/AlertService( 3127): Beginning updateAlertNotification
05-10 16:08:50.603 D/AlertService( 3127): No fired or scheduled alerts
05-10 16:08:50.641 D/AlertService( 3127): Scheduling next alarm with AlarmScheduler. sEventReminderReceived: null
05-10 16:08:50.674 D/AlarmScheduler( 3127): No events found starting within 1 week.
05-10 16:08:53.341 I/ActivityManager( 2176): Waited long enough for: ServiceRecord{f837dcd u0 com.android.calendar/.alerts.InitAlarmsService}
05-10 16:09:08.388 D/InitAlarmsService( 3127): Clearing and rescheduling alarms.
05-10 16:09:08.695 I/art     ( 2176): Background partial concurrent mark sweep GC freed 34566(2MB) AllocSpace objects, 18(596KB) LOS objects, 29% free, 9MB/13MB, paused 1.420ms total 281.605ms
05-10 16:10:00.014 I/ActivityManager( 2176): Killing 2950:com.android.keychain/1000 (adj 906): empty #17
05-10 16:10:00.117 D/ActivityManager( 2176): cleanUpApplicationRecord -- 2950
05-10 16:10:55.358 D/AndroidRuntime( 3277): >>>>>> START com.android.internal.os.RuntimeInit uid 2000 <<<<<<
05-10 16:10:55.385 D/AndroidRuntime( 3277): CheckJNI is ON
05-10 16:10:55.897 W/art     ( 3277): Unexpected CPU variant for X86 using defaults: x86_64
05-10 16:10:55.950 D/ICU     ( 3277): No timezone override file found: /data/misc/zoneinfo/current/icu/icu_tzdata.dat
05-10 16:10:56.167 E/memtrack( 3277): Couldn't load memtrack module (No such file or directory)
05-10 16:10:56.167 E/android.os.Debug( 3277): failed to load memtrack module: -2
05-10 16:10:56.178 I/Radio-JNI( 3277): register_android_hardware_Radio DONE
05-10 16:10:56.316 D/AndroidRuntime( 3277): Calling main entry com.android.commands.am.Am
05-10 16:10:56.398 I/ActivityManager( 2176): Start proc 3287:gov.nasa.arc.astrobee.android.gs.manager/u0a63 for service gov.nasa.arc.astrobee.android.gs.manager/.ManagerService
05-10 16:10:56.401 D/AndroidRuntime( 3277): Shutting down VM
05-10 16:10:56.430 I/art     ( 3287): Not late-enabling -Xcheck:jni (already on)
05-10 16:10:56.432 W/art     ( 3287): Unexpected CPU variant for X86 using defaults: x86_64
05-10 16:10:56.674 W/System  ( 3287): ClassLoader referenced unknown path: /data/app/gov.nasa.arc.astrobee.android.gs.manager-1/lib/x86_64
05-10 16:10:57.416 E/Notification( 3287): setLatestEventInfo() is deprecated and you should feel deprecated.
05-10 16:10:57.416 E/Notification( 3287): java.lang.Throwable
05-10 16:10:57.416 E/Notification( 3287): 	at android.app.Notification.setLatestEventInfo(Notification.java:2076)
05-10 16:10:57.416 E/Notification( 3287): 	at org.ros.android.NodeMainExecutorService.onStartCommand(NodeMainExecutorService.java:220)
05-10 16:10:57.416 E/Notification( 3287): 	at android.app.ActivityThread.handleServiceArgs(ActivityThread.java:3326)
05-10 16:10:57.416 E/Notification( 3287): 	at android.app.ActivityThread.-wrap21(ActivityThread.java)
05-10 16:10:57.416 E/Notification( 3287): 	at android.app.ActivityThread$H.handleMessage(ActivityThread.java:1582)
05-10 16:10:57.416 E/Notification( 3287): 	at android.os.Handler.dispatchMessage(Handler.java:102)
05-10 16:10:57.416 E/Notification( 3287): 	at android.os.Looper.loop(Looper.java:154)
05-10 16:10:57.416 E/Notification( 3287): 	at android.app.ActivityThread.main(ActivityThread.java:6119)
05-10 16:10:57.416 E/Notification( 3287): 	at java.lang.reflect.Method.invoke(Native Method)
05-10 16:10:57.416 E/Notification( 3287): 	at com.android.internal.os.ZygoteInit$MethodAndArgsCaller.run(ZygoteInit.java:886)
05-10 16:10:57.416 E/Notification( 3287): 	at com.android.internal.os.ZygoteInit.main(ZygoteInit.java:776)
05-10 16:10:58.112 D/NotificationSQLiteLog( 2176): Pruned event entries: 15
05-10 16:10:58.712 I/Registrar( 3287): MasterXmlRpcEndpoint URI: http://llp:11311
05-10 16:10:58.940 I/Registrar( 3287): Registering publisher: Publisher<PublisherDefinition<PublisherIdentifier<NodeIdentifier</guest_science_manager, http://hlp:37263/>, TopicIdentifier</rosout>>, Topic<TopicIdentifier</rosout>, TopicDescription<rosgraph_msgs/Log, acffd30cd6b6de30f120938c17c593fb>>>>
05-10 16:11:01.581 I/Registrar( 3287): Response<Success, Registered [/guest_science_manager] as publisher of [/rosout], [http://10.42.0.34:40986/]>
05-10 16:11:01.625 I/DefaultPublisher( 3287): Publisher registered: Publisher<PublisherDefinition<PublisherIdentifier<NodeIdentifier</guest_science_manager, http://hlp:37263/>, TopicIdentifier</rosout>>, Topic<TopicIdentifier</rosout>, TopicDescription<rosgraph_msgs/Log, acffd30cd6b6de30f120938c17c593fb>>>>
05-10 16:11:02.411 I/Registrar( 3287): Registering subscriber: Subscriber<Topic<TopicIdentifier</clock>, TopicDescription<rosgraph_msgs/Clock, a9c97c1d230cfc112e270351a944ee47>>>
05-10 16:11:02.556 I/Registrar( 3287): Response<Success, Subscribed to [/clock], [http://10.42.0.34:45552/]>
05-10 16:11:02.598 I/DefaultSubscriber( 3287): Subscriber registered: Subscriber<Topic<TopicIdentifier</clock>, TopicDescription<rosgraph_msgs/Clock, a9c97c1d230cfc112e270351a944ee47>>>
05-10 16:11:02.854 I/Registrar( 3287): Registering publisher: Publisher<PublisherDefinition<PublisherIdentifier<NodeIdentifier</guest_science_manager, http://hlp:37263/>, TopicIdentifier</gs/gs_manager/ack>>, Topic<TopicIdentifier</gs/gs_manager/ack>, TopicDescription<ff_msgs/AckStamped, cebddec69fd770df54633be444a9187d>>>>
05-10 16:11:03.128 I/Registrar( 3287): Response<Success, Registered [/guest_science_manager] as publisher of [/gs/gs_manager/ack], [http://10.42.0.34:39688/, http://10.42.0.34:33842/]>
05-10 16:11:03.132 I/DefaultPublisher( 3287): Publisher registered: Publisher<PublisherDefinition<PublisherIdentifier<NodeIdentifier</guest_science_manager, http://hlp:37263/>, TopicIdentifier</gs/gs_manager/ack>>, Topic<TopicIdentifier</gs/gs_manager/ack>, TopicDescription<ff_msgs/AckStamped, cebddec69fd770df54633be444a9187d>>>>
05-10 16:11:03.177 I/Registrar( 3287): Registering publisher: Publisher<PublisherDefinition<PublisherIdentifier<NodeIdentifier</guest_science_manager, http://hlp:37263/>, TopicIdentifier</gs/gs_manager/config>>, Topic<TopicIdentifier</gs/gs_manager/config>, TopicDescription<ff_msgs/GuestScienceConfig, c6f632ed2411de4159494a3e7754794e>>>>
05-10 16:11:03.507 I/Registrar( 3287): Registering publisher: Publisher<PublisherDefinition<PublisherIdentifier<NodeIdentifier</guest_science_manager, http://hlp:37263/>, TopicIdentifier</gs/data>>, Topic<TopicIdentifier</gs/data>, TopicDescription<ff_msgs/GuestScienceData, edd2c791ea93ffa7cb0ec80c5bb00972>>>>
05-10 16:11:03.577 W/art     ( 3287): Suspending all threads took: 9.748ms
05-10 16:11:03.744 I/Registrar( 3287): Response<Success, Registered [/guest_science_manager] as publisher of [/gs/gs_manager/config], [http://10.42.0.34:39688/, http://10.42.0.34:44460/]>
05-10 16:11:03.755 I/DefaultPublisher( 3287): Publisher registered: Publisher<PublisherDefinition<PublisherIdentifier<NodeIdentifier</guest_science_manager, http://hlp:37263/>, TopicIdentifier</gs/gs_manager/config>>, Topic<TopicIdentifier</gs/gs_manager/config>, TopicDescription<ff_msgs/GuestScienceConfig, c6f632ed2411de4159494a3e7754794e>>>>
05-10 16:11:03.797 I/Registrar( 3287): Registering publisher: Publisher<PublisherDefinition<PublisherIdentifier<NodeIdentifier</guest_science_manager, http://hlp:37263/>, TopicIdentifier</gs/gs_manager/state>>, Topic<TopicIdentifier</gs/gs_manager/state>, TopicDescription<ff_msgs/GuestScienceState, 24e5a1ba8527257cc710720a32de6e51>>>>
05-10 16:11:04.089 I/Registrar( 3287): Response<Success, Registered [/guest_science_manager] as publisher of [/gs/data], [http://10.42.0.34:37981/, http://10.42.0.34:44460/, http://10.42.0.34:44109/]>
05-10 16:11:04.204 I/DefaultPublisher( 3287): Publisher registered: Publisher<PublisherDefinition<PublisherIdentifier<NodeIdentifier</guest_science_manager, http://hlp:37263/>, TopicIdentifier</gs/data>>, Topic<TopicIdentifier</gs/data>, TopicDescription<ff_msgs/GuestScienceData, edd2c791ea93ffa7cb0ec80c5bb00972>>>>
05-10 16:11:04.378 I/art     ( 3287): Background sticky concurrent mark sweep GC freed 30742(2MB) AllocSpace objects, 21(424KB) LOS objects, 18% free, 8MB/10MB, paused 35.804ms total 1.373s
05-10 16:11:04.715 I/Registrar( 3287): Response<Success, Registered [/guest_science_manager] as publisher of [/gs/gs_manager/state], [http://10.42.0.34:39688/, http://10.42.0.34:44460/]>
05-10 16:11:04.840 I/DefaultPublisher( 3287): Publisher registered: Publisher<PublisherDefinition<PublisherIdentifier<NodeIdentifier</guest_science_manager, http://hlp:37263/>, TopicIdentifier</gs/gs_manager/state>>, Topic<TopicIdentifier</gs/gs_manager/state>, TopicDescription<ff_msgs/GuestScienceState, 24e5a1ba8527257cc710720a32de6e51>>>>
05-10 16:11:04.866 I/Registrar( 3287): Registering subscriber: Subscriber<Topic<TopicIdentifier</mgt/executive/command>, TopicDescription<ff_msgs/CommandStamped, ac01350894b1be9e3a7b4f390a14812d>>>
05-10 16:11:05.316 I/Registrar( 3287): Response<Success, Subscribed to [/mgt/executive/command], [http://10.42.0.34:39688/]>
05-10 16:11:05.324 I/DefaultSubscriber( 3287): Subscriber registered: Subscriber<Topic<TopicIdentifier</mgt/executive/command>, TopicDescription<ff_msgs/CommandStamped, ac01350894b1be9e3a7b4f390a14812d>>>
05-10 16:11:05.510 W/ActivityManager( 2176): Slow operation: 278ms so far, now at startProcess: returned from zygote!
05-10 16:11:05.511 W/ActivityManager( 2176): Slow operation: 279ms so far, now at startProcess: done updating battery stats
05-10 16:11:05.527 W/ActivityManager( 2176): Slow operation: 295ms so far, now at startProcess: building log message
05-10 16:11:05.527 I/ActivityManager( 2176): Start proc 3363:jp.jaxa.iss.kibo.rpc.sampleapk/u0a64 for broadcast jp.jaxa.iss.kibo.rpc.sampleapk/gov.nasa.arc.astrobee.android.gs.InfoInqueryBroadcastReceiver
05-10 16:11:05.528 W/ActivityManager( 2176): Slow operation: 296ms so far, now at startProcess: starting to update pids map
05-10 16:11:05.528 W/ActivityManager( 2176): Slow operation: 296ms so far, now at startProcess: done updating pids map
05-10 16:11:05.528 W/ActivityManager( 2176): Slow operation: 313ms so far, now at startProcess: done starting proc!
05-10 16:11:05.542 W/art     ( 2176): Long monitor contention with owner ActivityManager (2222) at void com.android.server.am.BroadcastQueue.processNextBroadcast(boolean)(BroadcastQueue.java:760) waiters=1 in android.content.ComponentName com.android.server.am.ActivityManagerService.startService(android.app.IApplicationThread, android.content.Intent, java.lang.String, java.lang.String, int) for 297ms
05-10 16:11:05.739 I/art     ( 3363): Not late-enabling -Xcheck:jni (already on)
05-10 16:11:05.770 W/art     ( 3363): Unexpected CPU variant for X86 using defaults: x86_64
05-10 16:11:06.388 I/art     ( 3287): Background partial concurrent mark sweep GC freed 24148(1846KB) AllocSpace objects, 29(580KB) LOS objects, 35% free, 7MB/11MB, paused 2.924ms total 923.351ms
05-10 16:11:07.732 I/ActivityManager( 2176): Killing 2971:com.android.printspooler/u0a51 (adj 906): empty #17
05-10 16:11:08.043 D/ActivityManager( 2176): cleanUpApplicationRecord -- 2971
05-10 16:11:09.287 I/art     ( 3287): Do partial code cache collection, code=26KB, data=29KB
05-10 16:11:09.344 I/art     ( 3287): After code cache collection, code=26KB, data=29KB
05-10 16:11:09.344 I/art     ( 3287): Increasing code cache capacity to 128KB
05-10 16:11:13.047 D/ManagerTimeoutTimer( 3287): Still waiting for the apk to start or stop. 4999.0 milliseconds left.
05-10 16:11:13.261 D/OpenCV/StaticHelper( 3363): Trying to get library list
05-10 16:11:13.326 E/OpenCV/StaticHelper( 3363): OpenCV error: Cannot load info library for OpenCV
05-10 16:11:13.327 D/OpenCV/StaticHelper( 3363): Library list: ""
05-10 16:11:13.327 D/OpenCV/StaticHelper( 3363): First attempt to load libs
05-10 16:11:13.328 D/OpenCV/StaticHelper( 3363): Trying to init OpenCV libs
05-10 16:11:13.328 D/OpenCV/StaticHelper( 3363): Trying to load library opencv_java3
05-10 16:11:13.925 D/OpenCV/StaticHelper( 3363): Library opencv_java3 loaded
05-10 16:11:13.925 D/OpenCV/StaticHelper( 3363): First attempt to load libs is OK
05-10 16:11:13.930 I/OpenCV/StaticHelper( 3363): 
05-10 16:11:13.931 I/OpenCV/StaticHelper( 3363): General configuration for OpenCV 3.4.4 =====================================
05-10 16:11:13.931 I/OpenCV/StaticHelper( 3363):   Version control:               3.4.4
05-10 16:11:13.931 I/OpenCV/StaticHelper( 3363): 
05-10 16:11:13.931 I/OpenCV/StaticHelper( 3363):   Extra modules:
05-10 16:11:13.931 I/OpenCV/StaticHelper( 3363):     Location (extra):            /build/3_4-contrib_pack-contrib-android/opencv_contrib/modules
05-10 16:11:13.931 I/OpenCV/StaticHelper( 3363):     Version control (extra):     3.4.4
05-10 16:11:13.931 I/OpenCV/StaticHelper( 3363): 
05-10 16:11:13.931 I/OpenCV/StaticHelper( 3363):   Platform:
05-10 16:11:13.931 I/OpenCV/StaticHelper( 3363):     Timestamp:                   2018-11-17T00:27:32Z
05-10 16:11:13.931 I/OpenCV/StaticHelper( 3363):     Host:                        Linux 4.15.0-38-generic x86_64
05-10 16:11:13.931 I/OpenCV/StaticHelper( 3363):     Target:                      Linux 1 x86_64
05-10 16:11:13.931 I/OpenCV/StaticHelper( 3363):     CMake:                       2.8.12.2
05-10 16:11:13.931 I/OpenCV/StaticHelper( 3363):     CMake generator:             Ninja
05-10 16:11:13.931 I/OpenCV/StaticHelper( 3363):     CMake build tool:            /usr/bin/ninja
05-10 16:11:13.931 I/OpenCV/StaticHelper( 3363):     Configuration:               Release
