05-25 11:36:56.491 W/ActivityManager( 2423): Slow operation: 55ms so far, now at startProcess: done updating battery stats
05-25 11:36:56.492 W/ActivityManager( 2423): Slow operation: 55ms so far, now at startProcess: building log message
05-25 11:36:56.492 I/ActivityManager( 2423): Start proc 3385:com.android.providers.calendar/u0a2 for content provider com.android.providers.calendar/.CalendarProvider2
05-25 11:36:56.492 W/ActivityManager( 2423): Slow operation: 56ms so far, now at startProcess: starting to update pids map
05-25 11:36:56.492 W/ActivityManager( 2423): Slow operation: 56ms so far, now at startProcess: done updating pids map
05-25 11:36:56.492 W/ActivityManager( 2423): Slow operation: 56ms so far, now at startProcess: done starting proc!
05-25 11:36:56.492 W/ActivityManager( 2423): Slow operation: 57ms so far, now at getContentProviderImpl: after start process
05-25 11:36:56.492 W/ActivityManager( 2423): Slow operation: 57ms so far, now at getContentProviderImpl: updating data structures
05-25 11:36:56.492 W/ActivityManager( 2423): Slow operation: 57ms so far, now at getContentProviderImpl: done!
05-25 11:36:56.640 W/System  ( 3385): ClassLoader referenced unknown path: /system/priv-app/CalendarProvider/lib/x86_64
05-25 11:36:56.647 V/AlarmClock( 3048): AlarmInitReceiver finished
05-25 11:36:56.652 W/ActivityManager( 2423): Slow operation: 53ms so far, now at startProcess: returned from zygote!
05-25 11:36:56.653 W/ActivityManager( 2423): Slow operation: 53ms so far, now at startProcess: done updating battery stats
05-25 11:36:56.653 W/ActivityManager( 2423): Slow operation: 54ms so far, now at startProcess: building log message
05-25 11:36:56.653 I/ActivityManager( 2423): Start proc 3399:com.android.email/u0a34 for broadcast com.android.email/.service.EmailBroadcastReceiver
05-25 11:36:56.653 W/ActivityManager( 2423): Slow operation: 54ms so far, now at startProcess: starting to update pids map
05-25 11:36:56.653 W/ActivityManager( 2423): Slow operation: 54ms so far, now at startProcess: done updating pids map
05-25 11:36:56.653 W/ActivityManager( 2423): Slow operation: 55ms so far, now at startProcess: done starting proc!
05-25 11:36:56.661 W/art     ( 3399): Unexpected CPU variant for X86 using defaults: x86_64
05-25 11:36:56.768 W/System  ( 3399): ClassLoader referenced unknown path: /system/app/Email/lib/x86_64
05-25 11:36:57.274 I/CalendarProvider2( 3385): Created com.android.providers.calendar.CalendarAlarmManager@2669e0a(com.android.providers.calendar.CalendarProvider2@f94867b)
05-25 11:36:57.415 D/AlarmScheduler( 3347): No events found starting within 1 week.
05-25 11:36:58.381 I/CalendarProvider2( 3385): Sending notification intent: Intent { act=android.intent.action.PROVIDER_CHANGED dat=content://com.android.calendar flg=0x20000000 }
05-25 11:36:58.383 W/ContentResolver( 3385): Failed to get type for: content://com.android.calendar (Unknown URL content://com.android.calendar)
05-25 11:36:58.659 W/ActivityManager( 2423): Unable to start service Intent { act=com.android.email.EXCHANGE_INTENT pkg=com.android.exchange } U=0: not found
05-25 11:36:58.692 D/ActivityThread( 3399): Loading provider com.android.email.provider;com.android.email.notifier: com.android.email.provider.EmailProvider
05-25 11:36:58.702 D/ActivityThread( 3399): Loading provider com.android.email.provider;com.android.email.notifier: com.android.email.provider.EmailProvider
05-25 11:36:58.789 W/ActivityManager( 2423): Unable to start service Intent { act=com.android.email.EXCHANGE_INTENT pkg=com.android.exchange } U=0: not found
05-25 11:36:58.793 W/ActivityManager( 2423): Unable to start service Intent { act=com.android.email.EXCHANGE_INTENT pkg=com.android.exchange } U=0: not found
05-25 11:36:58.936 W/ActivityManager( 2423): Unable to start service Intent { act=com.android.email.EXCHANGE_INTENT pkg=com.android.exchange } U=0: not found
05-25 11:36:58.941 W/ActivityManager( 2423): Unable to start service Intent { cmp=com.android.email/.service.AttachmentService } U=0: not found
05-25 11:36:58.964 W/ActivityManager( 2423): Unable to start service Intent { cmp=com.android.email/.service.AttachmentService } U=0: not found
05-25 11:36:59.086 I/SystemBroadcastReceiver( 2634): Boot has been completed
05-25 11:36:59.086 I/SystemBroadcastReceiver( 2634): toggleAppIcon() : FLAG_SYSTEM = true
05-25 11:36:59.210 I/Email   ( 3399): Observing account changes for notifications
05-25 11:36:59.230 W/ActivityManager( 2423): Slow operation: 57ms so far, now at startProcess: returned from zygote!
05-25 11:36:59.231 W/ActivityManager( 2423): Slow operation: 57ms so far, now at startProcess: done updating battery stats
05-25 11:36:59.231 W/ActivityManager( 2423): Slow operation: 58ms so far, now at startProcess: building log message
05-25 11:36:59.231 I/ActivityManager( 2423): Start proc 3423:com.android.managedprovisioning/u0a14 for broadcast com.android.managedprovisioning/.BootReminder
05-25 11:36:59.231 W/ActivityManager( 2423): Slow operation: 58ms so far, now at startProcess: starting to update pids map
05-25 11:36:59.231 W/ActivityManager( 2423): Slow operation: 58ms so far, now at startProcess: done updating pids map
05-25 11:36:59.231 W/ActivityManager( 2423): Slow operation: 59ms so far, now at startProcess: done starting proc!
05-25 11:36:59.235 W/ActivityManager( 2423): Unable to start service Intent { act=com.android.email.EXCHANGE_INTENT pkg=com.android.exchange } U=0: not found
05-25 11:36:59.240 W/art     ( 3423): Unexpected CPU variant for X86 using defaults: x86_64
05-25 11:36:59.345 W/ActivityManager( 2423): Unable to start service Intent { cmp=com.android.email/.service.AttachmentService } U=0: not found
05-25 11:36:59.355 W/System  ( 3423): ClassLoader referenced unknown path: /system/priv-app/ManagedProvisioning/lib/x86_64
05-25 11:36:59.361 W/ActivityManager( 2423): Unable to start service Intent { act=com.android.email.EXCHANGE_INTENT pkg=com.android.exchange } U=0: not found
05-25 11:36:59.380 W/ActivityManager( 2423): Unable to start service Intent { act=com.android.email.EXCHANGE_INTENT pkg=com.android.exchange } U=0: not found
05-25 11:36:59.415 E/ActivityThread( 3399): Service com.android.email.service.EmailBroadcastProcessorService has leaked ServiceConnection com.android.emailcommon.service.ServiceProxy$ProxyConnection@2c4bc74 that was originally bound here
05-25 11:36:59.415 E/ActivityThread( 3399): android.app.ServiceConnectionLeaked: Service com.android.email.service.EmailBroadcastProcessorService has leaked ServiceConnection com.android.emailcommon.service.ServiceProxy$ProxyConnection@2c4bc74 that was originally bound here
05-25 11:36:59.415 E/ActivityThread( 3399): 	at android.app.LoadedApk$ServiceDispatcher.<init>(LoadedApk.java:1336)
05-25 11:36:59.415 E/ActivityThread( 3399): 	at android.app.LoadedApk.getServiceDispatcher(LoadedApk.java:1231)
05-25 11:36:59.415 E/ActivityThread( 3399): 	at android.app.ContextImpl.bindServiceCommon(ContextImpl.java:1450)
05-25 11:36:59.415 E/ActivityThread( 3399): 	at android.app.ContextImpl.bindService(ContextImpl.java:1422)
05-25 11:36:59.415 E/ActivityThread( 3399): 	at android.content.ContextWrapper.bindService(ContextWrapper.java:636)
05-25 11:36:59.415 E/ActivityThread( 3399): 	at com.android.emailcommon.service.ServiceProxy.setTask(ServiceProxy.java:181)
05-25 11:36:59.415 E/ActivityThread( 3399): 	at com.android.emailcommon.service.ServiceProxy.test(ServiceProxy.java:224)
05-25 11:36:59.415 E/ActivityThread( 3399): 	at com.android.email.service.EmailServiceUtils.isServiceAvailable(EmailServiceUtils.java:160)
05-25 11:36:59.415 E/ActivityThread( 3399): 	at com.android.email.provider.AccountReconciler.reconcileAccountsInternal(AccountReconciler.java:171)
05-25 11:36:59.415 E/ActivityThread( 3399): 	at com.android.email.provider.AccountReconciler.reconcileAccounts(AccountReconciler.java:115)
05-25 11:36:59.415 E/ActivityThread( 3399): 	at com.android.email.service.EmailBroadcastProcessorService.reconcileAndStartServices(EmailBroadcastProcessorService.java:305)
05-25 11:36:59.415 E/ActivityThread( 3399): 	at com.android.email.service.EmailBroadcastProcessorService.onBootCompleted(EmailBroadcastProcessorService.java:295)
05-25 11:36:59.415 E/ActivityThread( 3399): 	at com.android.email.service.EmailBroadcastProcessorService.onHandleIntent(EmailBroadcastProcessorService.java:130)
05-25 11:36:59.415 E/ActivityThread( 3399): 	at android.app.IntentService$ServiceHandler.handleMessage(IntentService.java:68)
05-25 11:36:59.415 E/ActivityThread( 3399): 	at android.os.Handler.dispatchMessage(Handler.java:102)
05-25 11:36:59.415 E/ActivityThread( 3399): 	at android.os.Looper.loop(Looper.java:154)
05-25 11:36:59.415 E/ActivityThread( 3399): 	at android.os.HandlerThread.run(HandlerThread.java:61)
05-25 11:36:59.420 W/ActivityManager( 2423): Unbind failed: could not find connection for android.os.BinderProxy@19bf9a1
05-25 11:36:59.463 W/ActivityManager( 2423): Unable to start service Intent { act=com.android.email.EXCHANGE_INTENT pkg=com.android.exchange } U=0: not found
05-25 11:36:59.517 I/ActivityManager( 2423): Start proc 3438:com.android.messaging/u0a54 for broadcast com.android.messaging/.receiver.BootAndPackageReplacedReceiver
05-25 11:36:59.534 W/art     ( 3438): Unexpected CPU variant for X86 using defaults: x86_64
05-25 11:36:59.620 W/System  ( 3438): ClassLoader referenced unknown path: /system/app/messaging/lib/x86_64
05-25 11:37:01.606 I/MessagingApp( 3438): Carrier config changed. Reloading MMS config.
05-25 11:37:01.624 V/VvmBootCompletedRcvr( 2875): processing subId list
05-25 11:37:01.661 E/VvmBootCompletedRcvr( 2875): phone account ComponentInfo{com.android.phone/com.android.services.telephony.TelephonyConnectionService}, [e2f7d48dd2b5ca523e7313cf4ba0f6ea830b6281], UserHandle{0} has invalid subId -1
05-25 11:37:01.693 I/art     ( 3385): Waiting for a blocking GC DisableMovingGc
05-25 11:37:01.701 I/art     ( 3385): WaitForGcToComplete blocked for 7.323ms for cause DisableMovingGc
05-25 11:37:01.701 I/art     ( 3385): Starting a blocking GC DisableMovingGc
05-25 11:37:01.744 I/MessagingAppDataModel( 3438): Fixup: Send failed - 0 Download failed - 0
05-25 11:37:02.064 I/MessagingAppDataModel( 3438): SyncMessagesAction: Starting batch for messages from 1616676894217 to 1621942621522 (message update limit = 80, message scan limit = 4000)
05-25 11:37:02.273 I/VvmSimChangeReceiver( 2875): Received SIM change for invalid subscription id.
05-25 11:37:02.278 I/art     ( 2423): Background partial concurrent mark sweep GC freed 14263(1248KB) AllocSpace objects, 15(632KB) LOS objects, 29% free, 9MB/13MB, paused 1.444ms total 176.676ms
05-25 11:37:02.399 D/AlertReceiver( 3347): onReceive: a=android.intent.action.PROVIDER_CHANGED Intent { act=android.intent.action.PROVIDER_CHANGED dat=content://com.android.calendar flg=0x20000010 cmp=com.android.calendar/.alerts.AlertReceiver }
05-25 11:37:02.463 D/AlertService( 3347): 0 Action = android.intent.action.PROVIDER_CHANGED
05-25 11:37:03.008 I/MessagingAppDataModel( 3438): SyncMessagesAction: All messages now in sync
05-25 11:37:04.031 W/MediaScanner( 3274): Error opening directory '/oem/media/', skipping: No such file or directory.
05-25 11:37:04.219 V/MediaScanner( 3274): pruneDeadThumbnailFiles... android.content.ContentProviderClient$CursorWrapperInner@14a2aa4
05-25 11:37:04.220 V/MediaScanner( 3274): /pruneDeadThumbnailFiles... android.content.ContentProviderClient$CursorWrapperInner@14a2aa4
05-25 11:37:07.505 I/GlobalDismissManager( 3347): no sender configured
05-25 11:37:07.507 D/AlertService( 3347): Beginning updateAlertNotification
05-25 11:37:07.545 D/AlertService( 3347): No fired or scheduled alerts
05-25 11:37:07.579 D/AlertService( 3347): Scheduling next alarm with AlarmScheduler. sEventReminderReceived: null
05-25 11:37:07.608 D/AlarmScheduler( 3347): No events found starting within 1 week.
05-25 11:37:11.402 I/ActivityManager( 2423): Waited long enough for: ServiceRecord{ad3f0f0 u0 com.android.calendar/.alerts.InitAlarmsService}
05-25 11:37:26.450 D/InitAlarmsService( 3347): Clearing and rescheduling alarms.
05-25 11:37:31.974 W//sbin/adbd( 2023): type=1400 audit(0.0:16): avc: denied { search } for comm=73657276696365203932 name="security" dev="vdc" ino=35203 scontext=u:r:adbd:s0 tcontext=u:object_r:security_file:s0 tclass=dir permissive=0
05-25 11:38:12.595 D/AndroidRuntime( 3473): >>>>>> START com.android.internal.os.RuntimeInit uid 2000 <<<<<<
05-25 11:38:12.616 D/AndroidRuntime( 3473): CheckJNI is ON
05-25 11:38:12.915 W/art     ( 3473): Unexpected CPU variant for X86 using defaults: x86_64
05-25 11:38:12.949 D/ICU     ( 3473): No timezone override file found: /data/misc/zoneinfo/current/icu/icu_tzdata.dat
05-25 11:38:13.094 E/memtrack( 3473): Couldn't load memtrack module (No such file or directory)
05-25 11:38:13.095 E/android.os.Debug( 3473): failed to load memtrack module: -2
05-25 11:38:13.101 I/Radio-JNI( 3473): register_android_hardware_Radio DONE
05-25 11:38:13.203 D/AndroidRuntime( 3473): Calling main entry com.android.commands.pm.Pm
05-25 11:38:13.301 I/        ( 1328): free_cache(132245615) avail 809598976
05-25 11:38:30.292 I/ActivityManager( 2423): Start proc 3483:com.android.defcontainer/u0a7 for service com.android.defcontainer/.DefaultContainerService
05-25 11:38:30.312 W/art     ( 3483): Unexpected CPU variant for X86 using defaults: x86_64
05-25 11:38:31.068 I/PackageManager.DexOptimizer( 2423): Running dexopt (dex2oat) on: /data/app/vmdl353593592.tmp/base.apk pkg=jp.jaxa.iss.kibo.rpc.sampleapk isa=x86_64 vmSafeMode=false debuggable=true target-filter=interpret-only oatDir = /data/app/vmdl353593592.tmp/oat sharedLibraries=null
05-25 11:38:31.227 W/dex2oat ( 3499): Unexpected CPU variant for X86 using defaults: x86_64
05-25 11:38:31.243 I/dex2oat ( 3499): /system/bin/dex2oat --compiler-filter=interpret-only --debuggable
05-25 11:38:33.740 W/dex2oat ( 3499): Before Android 4.1, method int android.support.v7.widget.ListViewCompat.lookForSelectablePosition(int, boolean) would have incorrectly overridden the package-private method in android.widget.ListView
05-25 11:38:34.430 W/dex2oat ( 3499): Before Android 4.1, method android.graphics.PorterDuffColorFilter android.support.graphics.drawable.VectorDrawableCompat.updateTintFilter(android.graphics.PorterDuffColorFilter, android.content.res.ColorStateList, android.graphics.PorterDuff$Mode) would have incorrectly overridden the package-private method in android.graphics.drawable.Drawable
05-25 11:38:37.773 W/dex2oat ( 3499): Verification of void org.xbill.DNS.ResolverConfig.findWin(java.io.InputStream, java.util.Locale) took 147.106ms
05-25 11:38:42.531 W/dex2oat ( 3499): Compilation of void org.opencv.android.Utils.nBitmapToMat2(android.graphics.Bitmap, long, boolean) took 154.623ms
05-25 11:38:42.533 W/dex2oat ( 3499): Compilation of java.lang.String org.opencv.android.StaticHelper.getLibraryList() took 157.947ms
05-25 11:38:44.955 I/dex2oat ( 3499): dex2oat took 13.737s (threads: 2) arena alloc=548KB (561168B) java alloc=7MB (7515672B) native alloc=15MB (16228960B) free=4MB (4742560B)
05-25 11:38:45.273 D/installd( 1328): Detected label change from u:object_r:system_data_file:s0 to u:object_r:app_data_file:s0:c512,c768 at /data/data/jp.jaxa.iss.kibo.rpc.sampleapk; running recursive restorecon
05-25 11:38:45.285 D/installd( 1328): Detected label change from u:object_r:system_data_file:s0 to u:object_r:app_data_file:s0:c512,c768 at /data/user_de/0/jp.jaxa.iss.kibo.rpc.sampleapk; running recursive restorecon
05-25 11:38:45.307 V/BackupManagerService( 2423): restoreAtInstall pkg=jp.jaxa.iss.kibo.rpc.sampleapk token=1 restoreSet=0
05-25 11:38:45.309 W/BackupManagerService( 2423): Requested unavailable transport: android/com.android.internal.backup.LocalTransport
05-25 11:38:45.310 W/BackupManagerService( 2423): No transport
05-25 11:38:45.310 V/BackupManagerService( 2423): Finishing install immediately
05-25 11:38:45.351 I/GnssLocationProvider( 2423): WakeLock acquired by sendMessage(3, 0, com.android.server.location.GnssLocationProvider$GpsRequest@52c1068)
05-25 11:38:45.359 I/GnssLocationProvider( 2423): WakeLock acquired by sendMessage(3, 0, com.android.server.location.GnssLocationProvider$GpsRequest@932dc81)
05-25 11:38:45.368 I/GnssLocationProvider( 2423): WakeLock released by handleMessage(3, 0, com.android.server.location.GnssLocationProvider$GpsRequest@52c1068)
05-25 11:38:45.370 I/GnssLocationProvider( 2423): WakeLock released by handleMessage(3, 0, com.android.server.location.GnssLocationProvider$GpsRequest@932dc81)
05-25 11:38:45.374 D/VoldConnector( 2423): SND -> {9 volume remount_uid 10064 default}
05-25 11:38:45.402 D/vold    ( 1273): Remounting 10064 as mode default
05-25 11:38:45.428 D/VoldConnector( 2423): RCV <- {200 9 Command succeeded}
05-25 11:38:45.435 I/GnssLocationProvider( 2423): WakeLock acquired by sendMessage(3, 0, com.android.server.location.GnssLocationProvider$GpsRequest@69d6126)
05-25 11:38:45.436 D/VoldConnector( 2423): SND -> {10 volume remount_uid 10064 write}
05-25 11:38:45.448 D/vold    ( 1273): Remounting 10064 as mode write
05-25 11:38:45.464 D/VoldConnector( 2423): RCV <- {200 10 Command succeeded}
05-25 11:38:45.499 I/GnssLocationProvider( 2423): WakeLock released by handleMessage(3, 0, com.android.server.location.GnssLocationProvider$GpsRequest@69d6126)
05-25 11:38:45.515 I/art     ( 2423): Starting a blocking GC Explicit
05-25 11:38:45.615 I/art     ( 2423): Explicit concurrent mark sweep GC freed 24472(1489KB) AllocSpace objects, 12(288KB) LOS objects, 29% free, 9MB/13MB, paused 2.627ms total 95.051ms
05-25 11:38:45.626 E/        ( 1328): Couldn't opendir /data/app/vmdl353593592.tmp: No such file or directory
05-25 11:38:45.715 D/PackageInstaller( 2423): Ignoring abandon after commit relinquished control
05-25 11:38:45.749 I/art     ( 3473): System.exit called, status: 0
05-25 11:38:45.750 I/AndroidRuntime( 3473): VM exiting with result code 0.
05-25 11:38:45.922 I/InputReader( 2423): Reconfiguring input devices.  changes=0x00000010
05-25 11:38:46.078 W/ActivityManager( 2423): Slow operation: 237ms so far, now at startProcess: returned from zygote!
05-25 11:38:46.078 W/ActivityManager( 2423): Slow operation: 238ms so far, now at startProcess: done updating battery stats
05-25 11:38:46.079 W/ActivityManager( 2423): Slow operation: 239ms so far, now at startProcess: building log message
05-25 11:38:46.079 I/ActivityManager( 2423): Start proc 3503:com.android.gallery3d/u0a39 for broadcast com.android.gallery3d/.app.PackagesMonitor
05-25 11:38:46.079 W/ActivityManager( 2423): Slow operation: 239ms so far, now at startProcess: starting to update pids map
05-25 11:38:46.080 W/ActivityManager( 2423): Slow operation: 239ms so far, now at startProcess: done updating pids map
05-25 11:38:46.080 W/ActivityManager( 2423): Slow operation: 241ms so far, now at startProcess: done starting proc!
05-25 11:38:46.206 W/art     ( 3503): Unexpected CPU variant for X86 using defaults: x86_64
05-25 11:38:46.285 E/PhoneInterfaceManager( 2875): [PhoneIntfMgr] getCarrierPackageNamesForIntent: No UICC
05-25 11:38:46.285 D/CarrierSvcBindHelper( 2875): No carrier app for: 0
05-25 11:38:46.289 D/CarrierConfigLoader( 2875): mHandler: 9 phoneId: 0
05-25 11:38:46.876 W/VoiceInteractionManagerService( 2423): no available voice recognition services found for user 0
05-25 11:38:47.483 W/ActivityManager( 2423): Slow operation: 52ms so far, now at startProcess: returned from zygote!
05-25 11:38:47.484 W/ActivityManager( 2423): Slow operation: 53ms so far, now at startProcess: done updating battery stats
05-25 11:38:47.484 W/ActivityManager( 2423): Slow operation: 53ms so far, now at startProcess: building log message
05-25 11:38:47.484 I/ActivityManager( 2423): Start proc 3523:com.svox.pico/u0a49 for broadcast com.svox.pico/.VoiceDataInstallerReceiver
05-25 11:38:47.484 W/ActivityManager( 2423): Slow operation: 53ms so far, now at startProcess: starting to update pids map
05-25 11:38:47.484 W/ActivityManager( 2423): Slow operation: 53ms so far, now at startProcess: done updating pids map
05-25 11:38:47.484 W/ActivityManager( 2423): Slow operation: 54ms so far, now at startProcess: done starting proc!
05-25 11:38:47.495 W/art     ( 3523): Unexpected CPU variant for X86 using defaults: x86_64
05-25 11:38:47.664 I/ActivityManager( 2423): Killing 3202:com.android.keychain/1000 (adj 906): empty #17
05-25 11:38:47.687 D/ActivityManager( 2423): cleanUpApplicationRecord -- 3202
05-25 11:41:07.871 D/AndroidRuntime( 3537): >>>>>> START com.android.internal.os.RuntimeInit uid 2000 <<<<<<
05-25 11:41:07.898 D/AndroidRuntime( 3537): CheckJNI is ON
05-25 11:41:08.372 W/art     ( 3537): Unexpected CPU variant for X86 using defaults: x86_64
05-25 11:41:08.428 D/ICU     ( 3537): No timezone override file found: /data/misc/zoneinfo/current/icu/icu_tzdata.dat
05-25 11:41:08.668 E/memtrack( 3537): Couldn't load memtrack module (No such file or directory)
05-25 11:41:08.668 E/android.os.Debug( 3537): failed to load memtrack module: -2
05-25 11:41:08.680 I/Radio-JNI( 3537): register_android_hardware_Radio DONE
05-25 11:41:08.838 D/AndroidRuntime( 3537): Calling main entry com.android.commands.am.Am
05-25 11:41:08.925 I/art     ( 3547): Not late-enabling -Xcheck:jni (already on)
05-25 11:41:08.927 W/art     ( 3547): Unexpected CPU variant for X86 using defaults: x86_64
05-25 11:41:08.950 W/ActivityManager( 2423): Slow operation: 59ms so far, now at startProcess: returned from zygote!
05-25 11:41:08.950 W/ActivityManager( 2423): Slow operation: 60ms so far, now at startProcess: done updating battery stats
05-25 11:41:08.950 W/ActivityManager( 2423): Slow operation: 60ms so far, now at startProcess: building log message
05-25 11:41:08.950 I/ActivityManager( 2423): Start proc 3547:gov.nasa.arc.astrobee.android.gs.manager/u0a63 for service gov.nasa.arc.astrobee.android.gs.manager/.ManagerService
05-25 11:41:08.950 W/ActivityManager( 2423): Slow operation: 60ms so far, now at startProcess: starting to update pids map
05-25 11:41:08.951 W/ActivityManager( 2423): Slow operation: 60ms so far, now at startProcess: done updating pids map
05-25 11:41:08.951 W/ActivityManager( 2423): Slow operation: 62ms so far, now at startProcess: done starting proc!
05-25 11:41:08.955 D/AndroidRuntime( 3537): Shutting down VM
05-25 11:41:09.128 W/System  ( 3547): ClassLoader referenced unknown path: /data/app/gov.nasa.arc.astrobee.android.gs.manager-1/lib/x86_64
05-25 11:41:10.025 E/Notification( 3547): setLatestEventInfo() is deprecated and you should feel deprecated.
05-25 11:41:10.025 E/Notification( 3547): java.lang.Throwable
05-25 11:41:10.025 E/Notification( 3547): 	at android.app.Notification.setLatestEventInfo(Notification.java:2076)
05-25 11:41:10.025 E/Notification( 3547): 	at org.ros.android.NodeMainExecutorService.onStartCommand(NodeMainExecutorService.java:220)
05-25 11:41:10.025 E/Notification( 3547): 	at android.app.ActivityThread.handleServiceArgs(ActivityThread.java:3326)
05-25 11:41:10.025 E/Notification( 3547): 	at android.app.ActivityThread.-wrap21(ActivityThread.java)
05-25 11:41:10.025 E/Notification( 3547): 	at android.app.ActivityThread$H.handleMessage(ActivityThread.java:1582)
05-25 11:41:10.025 E/Notification( 3547): 	at android.os.Handler.dispatchMessage(Handler.java:102)
05-25 11:41:10.025 E/Notification( 3547): 	at android.os.Looper.loop(Looper.java:154)
05-25 11:41:10.025 E/Notification( 3547): 	at android.app.ActivityThread.main(ActivityThread.java:6119)
05-25 11:41:10.025 E/Notification( 3547): 	at java.lang.reflect.Method.invoke(Native Method)
05-25 11:41:10.025 E/Notification( 3547): 	at com.android.internal.os.ZygoteInit$MethodAndArgsCaller.run(ZygoteInit.java:886)
05-25 11:41:10.025 E/Notification( 3547): 	at com.android.internal.os.ZygoteInit.main(ZygoteInit.java:776)
05-25 11:41:11.482 I/Registrar( 3547): MasterXmlRpcEndpoint URI: http://llp:11311
05-25 11:41:11.822 I/Registrar( 3547): Registering publisher: Publisher<PublisherDefinition<PublisherIdentifier<NodeIdentifier</guest_science_manager, http://hlp:52437/>, TopicIdentifier</rosout>>, Topic<TopicIdentifier</rosout>, TopicDescription<rosgraph_msgs/Log, acffd30cd6b6de30f120938c17c593fb>>>>
05-25 11:41:11.858 D/NotificationSQLiteLog( 2423): Pruned event entries: 15
05-25 11:41:13.038 I/Registrar( 3547): Response<Success, Registered [/guest_science_manager] as publisher of [/rosout], [http://10.42.0.34:39818/]>
05-25 11:41:13.043 I/DefaultPublisher( 3547): Publisher registered: Publisher<PublisherDefinition<PublisherIdentifier<NodeIdentifier</guest_science_manager, http://hlp:52437/>, TopicIdentifier</rosout>>, Topic<TopicIdentifier</rosout>, TopicDescription<rosgraph_msgs/Log, acffd30cd6b6de30f120938c17c593fb>>>>
05-25 11:41:13.197 I/Registrar( 3547): Registering subscriber: Subscriber<Topic<TopicIdentifier</clock>, TopicDescription<rosgraph_msgs/Clock, a9c97c1d230cfc112e270351a944ee47>>>
05-25 11:41:13.333 I/Registrar( 3547): Response<Success, Subscribed to [/clock], [http://10.42.0.34:39659/]>
05-25 11:41:13.408 I/DefaultSubscriber( 3547): Subscriber registered: Subscriber<Topic<TopicIdentifier</clock>, TopicDescription<rosgraph_msgs/Clock, a9c97c1d230cfc112e270351a944ee47>>>
05-25 11:41:13.593 I/Registrar( 3547): Registering publisher: Publisher<PublisherDefinition<PublisherIdentifier<NodeIdentifier</guest_science_manager, http://hlp:52437/>, TopicIdentifier</gs/gs_manager/ack>>, Topic<TopicIdentifier</gs/gs_manager/ack>, TopicDescription<ff_msgs/AckStamped, cebddec69fd770df54633be444a9187d>>>>
05-25 11:41:13.828 I/Registrar( 3547): Registering publisher: Publisher<PublisherDefinition<PublisherIdentifier<NodeIdentifier</guest_science_manager, http://hlp:52437/>, TopicIdentifier</gs/gs_manager/config>>, Topic<TopicIdentifier</gs/gs_manager/config>, TopicDescription<ff_msgs/GuestScienceConfig, c6f632ed2411de4159494a3e7754794e>>>>
05-25 11:41:13.976 I/Registrar( 3547): Registering publisher: Publisher<PublisherDefinition<PublisherIdentifier<NodeIdentifier</guest_science_manager, http://hlp:52437/>, TopicIdentifier</gs/data>>, Topic<TopicIdentifier</gs/data>, TopicDescription<ff_msgs/GuestScienceData, edd2c791ea93ffa7cb0ec80c5bb00972>>>>
05-25 11:41:14.090 W/art     ( 3547): Suspending all threads took: 13.584ms
05-25 11:41:14.108 I/Registrar( 3547): Response<Success, Registered [/guest_science_manager] as publisher of [/gs/gs_manager/ack], [http://10.42.0.34:37816/]>
05-25 11:41:14.110 I/DefaultPublisher( 3547): Publisher registered: Publisher<PublisherDefinition<PublisherIdentifier<NodeIdentifier</guest_science_manager, http://hlp:52437/>, TopicIdentifier</gs/gs_manager/ack>>, Topic<TopicIdentifier</gs/gs_manager/ack>, TopicDescription<ff_msgs/AckStamped, cebddec69fd770df54633be444a9187d>>>>
05-25 11:41:14.403 I/Registrar( 3547): Registering publisher: Publisher<PublisherDefinition<PublisherIdentifier<NodeIdentifier</guest_science_manager, http://hlp:52437/>, TopicIdentifier</gs/gs_manager/state>>, Topic<TopicIdentifier</gs/gs_manager/state>, TopicDescription<ff_msgs/GuestScienceState, 24e5a1ba8527257cc710720a32de6e51>>>>
05-25 11:41:14.421 I/Registrar( 3547): Response<Success, Registered [/guest_science_manager] as publisher of [/gs/gs_manager/config], [http://10.42.0.34:37816/, http://10.42.0.34:41080/]>
05-25 11:41:14.463 I/DefaultPublisher( 3547): Publisher registered: Publisher<PublisherDefinition<PublisherIdentifier<NodeIdentifier</guest_science_manager, http://hlp:52437/>, TopicIdentifier</gs/gs_manager/config>>, Topic<TopicIdentifier</gs/gs_manager/config>, TopicDescription<ff_msgs/GuestScienceConfig, c6f632ed2411de4159494a3e7754794e>>>>
05-25 11:41:14.513 I/art     ( 3547): Background sticky concurrent mark sweep GC freed 27767(2MB) AllocSpace objects, 22(444KB) LOS objects, 26% free, 7MB/10MB, paused 24.151ms total 736.312ms
05-25 11:41:14.520 I/Registrar( 3547): Response<Success, Registered [/guest_science_manager] as publisher of [/gs/data], [http://10.42.0.34:40680/, http://10.42.0.34:41080/, http://10.42.0.34:41073/]>
05-25 11:41:14.521 I/DefaultPublisher( 3547): Publisher registered: Publisher<PublisherDefinition<PublisherIdentifier<NodeIdentifier</guest_science_manager, http://hlp:52437/>, TopicIdentifier</gs/data>>, Topic<TopicIdentifier</gs/data>, TopicDescription<ff_msgs/GuestScienceData, edd2c791ea93ffa7cb0ec80c5bb00972>>>>
05-25 11:41:15.022 I/Registrar( 3547): Registering subscriber: Subscriber<Topic<TopicIdentifier</mgt/executive/command>, TopicDescription<ff_msgs/CommandStamped, ac01350894b1be9e3a7b4f390a14812d>>>
05-25 11:41:15.082 I/Registrar( 3547): Response<Success, Registered [/guest_science_manager] as publisher of [/gs/gs_manager/state], [http://10.42.0.34:37816/, http://10.42.0.34:41080/]>
05-25 11:41:15.221 I/DefaultPublisher( 3547): Publisher registered: Publisher<PublisherDefinition<PublisherIdentifier<NodeIdentifier</guest_science_manager, http://hlp:52437/>, TopicIdentifier</gs/gs_manager/state>>, Topic<TopicIdentifier</gs/gs_manager/state>, TopicDescription<ff_msgs/GuestScienceState, 24e5a1ba8527257cc710720a32de6e51>>>>
05-25 11:41:15.613 I/Registrar( 3547): Response<Success, Subscribed to [/mgt/executive/command], [http://10.42.0.34:37816/]>
05-25 11:41:15.643 I/DefaultSubscriber( 3547): Subscriber registered: Subscriber<Topic<TopicIdentifier</mgt/executive/command>, TopicDescription<ff_msgs/CommandStamped, ac01350894b1be9e3a7b4f390a14812d>>>
05-25 11:41:15.781 W/ActivityManager( 2423): Slow operation: 221ms so far, now at startProcess: returned from zygote!
05-25 11:41:15.781 W/ActivityManager( 2423): Slow operation: 221ms so far, now at startProcess: done updating battery stats
05-25 11:41:15.782 W/ActivityManager( 2423): Slow operation: 222ms so far, now at startProcess: building log message
05-25 11:41:15.782 I/ActivityManager( 2423): Start proc 3624:jp.jaxa.iss.kibo.rpc.sampleapk/u0a64 for broadcast jp.jaxa.iss.kibo.rpc.sampleapk/gov.nasa.arc.astrobee.android.gs.InfoInqueryBroadcastReceiver
05-25 11:41:15.782 W/ActivityManager( 2423): Slow operation: 222ms so far, now at startProcess: starting to update pids map
05-25 11:41:15.783 W/ActivityManager( 2423): Slow operation: 222ms so far, now at startProcess: done updating pids map
05-25 11:41:15.783 W/ActivityManager( 2423): Slow operation: 223ms so far, now at startProcess: done starting proc!
05-25 11:41:16.066 W/art     ( 2423): Long monitor contention with owner ActivityManager (2474) at void com.android.server.am.BroadcastQueue.processNextBroadcast(boolean)(BroadcastQueue.java:760) waiters=1 in android.content.ComponentName com.android.server.am.ActivityManagerService.startService(android.app.IApplicationThread, android.content.Intent, java.lang.String, java.lang.String, int) for 184ms
05-25 11:41:16.224 I/art     ( 3624): Not late-enabling -Xcheck:jni (already on)
05-25 11:41:16.314 W/art     ( 3624): Unexpected CPU variant for X86 using defaults: x86_64
05-25 11:41:17.311 W/art     ( 3547): Suspending all threads took: 19.394ms
05-25 11:41:17.756 I/art     ( 3547): Background partial concurrent mark sweep GC freed 26456(1974KB) AllocSpace objects, 31(616KB) LOS objects, 35% free, 7MB/11MB, paused 24.739ms total 2.024s
05-25 11:41:18.692 I/ActivityManager( 2423): Killing 3253:com.android.printspooler/u0a51 (adj 906): empty #17
05-25 11:41:18.952 D/ActivityManager( 2423): cleanUpApplicationRecord -- 3253
05-25 11:41:20.728 I/art     ( 3547): Do partial code cache collection, code=26KB, data=29KB
05-25 11:41:20.738 I/art     ( 3547): After code cache collection, code=26KB, data=29KB
05-25 11:41:20.738 I/art     ( 3547): Increasing code cache capacity to 128KB
05-25 11:41:23.903 D/ManagerTimeoutTimer( 3547): Still waiting for the apk to start or stop. 4991.0 milliseconds left.
05-25 11:41:24.124 D/OpenCV/StaticHelper( 3624): Trying to get library list
05-25 11:41:24.323 E/OpenCV/StaticHelper( 3624): OpenCV error: Cannot load info library for OpenCV
05-25 11:41:24.323 D/OpenCV/StaticHelper( 3624): Library list: ""
05-25 11:41:24.323 D/OpenCV/StaticHelper( 3624): First attempt to load libs
05-25 11:41:24.324 D/OpenCV/StaticHelper( 3624): Trying to init OpenCV libs
05-25 11:41:24.324 D/OpenCV/StaticHelper( 3624): Trying to load library opencv_java3
05-25 11:41:24.702 D/OpenCV/StaticHelper( 3624): Library opencv_java3 loaded
05-25 11:41:24.702 D/OpenCV/StaticHelper( 3624): First attempt to load libs is OK
05-25 11:41:24.759 I/OpenCV/StaticHelper( 3624): 
05-25 11:41:24.760 I/OpenCV/StaticHelper( 3624): General configuration for OpenCV 3.4.4 =====================================
05-25 11:41:24.760 I/OpenCV/StaticHelper( 3624):   Version control:               3.4.4
05-25 11:41:24.760 I/OpenCV/StaticHelper( 3624): 
05-25 11:41:24.760 I/OpenCV/StaticHelper( 3624):   Extra modules:
05-25 11:41:24.760 I/OpenCV/StaticHelper( 3624):     Location (extra):            /build/3_4-contrib_pack-contrib-android/opencv_contrib/modules
05-25 11:41:24.760 I/OpenCV/StaticHelper( 3624):     Version control (extra):     3.4.4
05-25 11:41:24.760 I/OpenCV/StaticHelper( 3624): 
05-25 11:41:24.760 I/OpenCV/StaticHelper( 3624):   Platform:
05-25 11:41:24.760 I/OpenCV/StaticHelper( 3624):     Timestamp:                   2018-11-17T00:27:32Z
05-25 11:41:24.760 I/OpenCV/StaticHelper( 3624):     Host:                        Linux 4.15.0-38-generic x86_64
05-25 11:41:24.760 I/OpenCV/StaticHelper( 3624):     Target:                      Linux 1 x86_64
05-25 11:41:24.761 I/OpenCV/StaticHelper( 3624):     CMake:                       2.8.12.2
05-25 11:41:24.761 I/OpenCV/StaticHelper( 3624):     CMake generator:             Ninja
05-25 11:41:24.761 I/OpenCV/StaticHelper( 3624):     CMake build tool:            /usr/bin/ninja
05-25 11:41:24.761 I/OpenCV/StaticHelper( 3624):     Configuration:               Release
05-25 11:41:24.761 I/OpenCV/StaticHelper( 3624): 
05-25 11:41:24.761 I/OpenCV/StaticHelper( 3624):   CPU/HW features:
05-25 11:41:24.761 I/OpenCV/StaticHelper( 3624):     Baseline:                    SSE SSE2 SSE3
05-25 11:41:24.761 I/OpenCV/StaticHelper( 3624):       requested:                 SSE3
05-25 11:41:24.761 I/OpenCV/StaticHelper( 3624):     Dispatched code generation:  SSE4_1 SSE4_2 FP16 AVX AVX2
05-25 11:41:24.761 I/OpenCV/StaticHelper( 3624):       requested:                 SSE4_1 SSE4_2 AVX FP16 AVX2 AVX512_SKX
05-25 11:41:24.761 I/OpenCV/StaticHelper( 3624):       SSE4_1 (4 files):          + SSSE3 SSE4_1
05-25 11:41:24.761 I/OpenCV/StaticHelper( 3624):       SSE4_2 (1 files):          + SSSE3 SSE4_1 POPCNT SSE4_2
05-25 11:41:24.761 I/OpenCV/StaticHelper( 3624):       FP16 (0 files):            + SSSE3 SSE4_1 POPCNT SSE4_2 FP16 AVX
05-25 11:41:24.761 I/OpenCV/StaticHelper( 3624):       AVX (5 files):             + SSSE3 SSE4_1 POPCNT SSE4_2 AVX
05-25 11:41:24.761 I/OpenCV/StaticHelper( 3624):       AVX2 (10 files):           + SSSE3 SSE4_1 POPCNT SSE4_2 FP16 FMA3 AVX AVX2
05-25 11:41:24.761 I/OpenCV/StaticHelper( 3624): 
05-25 11:41:24.762 I/OpenCV/StaticHelper( 3624):   C/C++:
05-25 11:41:24.762 I/OpenCV/StaticHelper( 3624):     Built as dynamic libs?:      NO
05-25 11:41:24.762 I/OpenCV/StaticHelper( 3624):     C++ Compiler:                /usr/bin/ccache /opt/android/android-ndk-r10e/toolchains/x86_64-4.9/prebuilt/linux-x86_64/bin/x86_64-linux-android-g++ (ver 4.9)
05-25 11:41:24.762 I/OpenCV/StaticHelper( 3624):     C++ flags (Release):         -fexceptions -frtti --sysroot=/opt/android/android-ndk-r10e/platforms/android-21/arch-x86_64 -funwind-tables -funswitch-loops -finline-limit=300 -fsigned-char -no-canonical-prefixes -fdata-sections -ffunction-sections -Wa,--noexecstack  -DANDROID -D__ANDROID_API__=21   -fsigned-char -W -Wall -Werror=return-type -Werror=non-virtual-dtor -Werror=address -Werror=sequence-point -Wformat -Werror=format-security -Wmissing-declarations -Wundef -Winit-self -Wpointer-arith -Wshadow -Wsign-promo -Wuninitialized -Winit-self -Wno-narrowing -Wno-delete-non-virtual-dtor -Wno-comment -Wno-missing-field-initializers -fdiagnostics-show-option -Wno-long-long -fomit-frame-pointer  -msse -msse2 -msse3 -fvisibility=hidden -fvisibility-inlines-hidden -fomit-frame-pointer -fstrict-aliasing -O3 -DNDEBUG  -DNDEBUG
05-25 11:41:24.762 I/OpenCV/StaticHelper( 3624):     C++ flags (Debug):           -fexceptions -frtti --sysroot=/opt/android/android-ndk-r10e/platforms/android-21/arch-x86_64 -funwind-tables -funswitch-loops -finline-limit=300 -fsigned-char -no-canonical-prefixes -fdata-sections -ffunction-sections -Wa,--noexecstack  -DANDROID -D__ANDROID_API__=21   -fsigned-char -W -Wall -Werror=return-type -Werror=non-virtual-dtor -Werror=address -Werror=sequence-point -Wformat -Werror=format-security -Wmissing-declarations -Wundef -Winit-self -Wpointer-arith -Wshadow -Wsign-promo -Wuninitialized -Winit-self -Wno-narrowing -Wno-delete-non-virtual-dtor -Wno-comment -Wno-missing-field-initializers -fdiagnostics-show-option -Wno-long-long -fomit-frame-pointer  -msse -msse2 -msse3 -fvisibility=hidden -fvisibility-inlines-hidden -fno-omit-frame-pointer -fno-strict-aliasing -O0 -g -DDEBUG -D_DEBUG  -DDEBUG -D_DEBUG
05-25 11:41:24.762 I/OpenCV/StaticHelper( 3624):     C Compiler:                  /usr/bin/ccache /opt/android/android-ndk-r10e/toolchains/x86_64-4.9/prebuilt/linux-x86_64/bin/x86_64-linux-android-gcc
05-25 11:41:24.762 I/OpenCV/StaticHelper( 3624):     C flags (Release):           -fexceptions --sysroot=/opt/android/android-ndk-r10e/platforms/android-21/arch-x86_64 -funwind-tables -funswitch-loops -finline-limit=300 -fsigned-char -no-canonical-prefixes -fdata-sections -ffunction-sections -Wa,--noexecstack  -DANDROID -D__ANDROID_API__=21   -fsigned-char -W -Wall -Werror=return-type -Werror=non-virtual-dtor -Werror=address -Werror=sequence-point -Wformat -Werror=format-security -Wmissing-declarations -Wmissing-prototypes -Wstrict-prototypes -Wundef -Winit-self -Wpointer-arith -Wshadow -Wuninitialized -Winit-self -Wno-narrowing -Wno-comment -Wno-missing-field-initializers -fdiagnostics-show-option -Wno-long-long -fomit-frame-pointer  -msse -msse2 -msse3 -fvisibility=hidden -fomit-frame-pointer -fstrict-aliasing -O3 -DNDEBUG  -DNDEBUG
05-25 11:41:24.762 I/OpenCV/StaticHelper( 3624):     C flags (Debug):             -fexceptions --sysroot=/opt/android/android-ndk-r10e/platforms/android-21/arch-x86_64 -funwind-tables -funswitch-loops -finline-limit=300 -fsigned-char -no-canonical-prefixes -fdata-sections -ffunction-sections -Wa,--noexecstack  -DANDROID -D__ANDROID_API__=21   -fsigned-char -W -Wall -Werror=return-type -Werror=non-virtual-dtor -Werror=address -Werror=sequence-point -Wformat -Werror=format-security -Wmissing-declarations -Wmissing-prototypes -Wstrict-prototypes -Wundef -Winit-self -Wpointer-arith -Wshadow -Wuninitialized -Winit-self -Wno-narrowing -Wno-comment -Wno-missing-field-initializers -fdiagnostics-show-option -Wno-long-long -fomit-frame-pointer  -msse -msse2 -msse3 -fvisibility=hidden -fno-omit-frame-pointer -fno-strict-aliasing -O0 -g -DDEBUG -D_DEBUG  -DDEBUG -D_DEBUG
05-25 11:41:24.762 I/OpenCV/StaticHelper( 3624):     Linker flags (Release):      -Wl,--exclude-libs,libippicv.a -Wl,--exclude-libs,libippiw.a  -Wl,--no-undefined -Wl,--gc-sections -Wl,-z,noexecstack -Wl,-z,relro -Wl,-z,now    
05-25 11:41:24.762 I/OpenCV/StaticHelper( 3624):     Linker flags (Debug):        -Wl,--exclude-libs,libippicv.a -Wl,--exclude-libs,libippiw.a  -Wl,--no-undefined -Wl,--gc-sections -Wl,-z,noexecstack -Wl,-z,relro -Wl,-z,now    
05-25 11:41:24.762 I/OpenCV/StaticHelper( 3624):     ccache:                      YES
05-25 11:41:24.762 I/OpenCV/StaticHelper( 3624):     Precompiled headers:         NO
05-25 11:41:24.762 I/OpenCV/StaticHelper( 3624):     Extra dependencies:          z dl m log
05-25 11:41:24.762 I/OpenCV/StaticHelper( 3624):     3rdparty dependencies:       tbb libcpufeatures ittnotify libjpeg-turbo libwebp libpng libtiff libjasper IlmImf libprotobuf quirc ippiw ippicv
05-25 11:41:24.762 I/OpenCV/StaticHelper( 3624): 
05-25 11:41:24.762 I/OpenCV/StaticHelper( 3624):   OpenCV modules:
05-25 11:41:24.762 I/OpenCV/StaticHelper( 3624):     To be built:                 aruco bgsegm bioinspired calib3d ccalib core datasets dnn dnn_objdetect dpm face features2d flann fuzzy hfs highgui img_hash imgcodecs imgproc java java_bindings_generator line_descriptor ml objdetect optflow phase_unwrapping photo plot reg rgbd saliency shape stereo stitching structured_light superres surface_matching text tracking video videoio videostab xfeatures2d ximgproc xobjdetect xphoto
05-25 11:41:24.763 I/OpenCV/StaticHelper( 3624):     Disabled:                    world
05-25 11:41:24.763 I/OpenCV/StaticHelper( 3624):     Disabled by dependency:      -
05-25 11:41:24.763 I/OpenCV/StaticHelper( 3624):     Unavailable:                 cnn_3dobj cudaarithm cudabgsegm cudacodec cudafeatures2d cudafilters cudaimgproc cudalegacy cudaobjdetect cudaoptflow cudastereo cudawarping cudev cvv freetype hdf js matlab ovis python2 python3 sfm ts viz
05-25 11:41:24.763 I/OpenCV/StaticHelper( 3624):     Applications:                android_examples
05-25 11:41:24.763 I/OpenCV/StaticHelper( 3624):     Documentation:               NO
05-25 11:41:24.763 I/OpenCV/StaticHelper( 3624):     Non-free algorithms:         NO
05-25 11:41:24.763 I/OpenCV/StaticHelper( 3624): 
05-25 11:41:24.763 I/OpenCV/StaticHelper( 3624):   Android NDK:                   location: /opt/android/android-ndk-r10e
05-25 11:41:24.763 I/OpenCV/StaticHelper( 3624):     Android ABI:                 x86_64
05-25 11:41:24.763 I/OpenCV/StaticHelper( 3624):     NDK toolchain:               x86_64-4.9
05-25 11:41:24.763 I/OpenCV/StaticHelper( 3624):     STL type:                    gnustl_static
05-25 11:41:24.763 I/OpenCV/StaticHelper( 3624):     Native API level:            21
05-25 11:41:24.763 I/OpenCV/StaticHelper( 3624):   Android SDK:                   /opt/android/android-sdk-java7 (tools: 25.2.2 build tools: 23.0.3)
05-25 11:41:24.763 I/OpenCV/StaticHelper( 3624):     android tool:                /opt/android/android-sdk-java7/tools/android
05-25 11:41:24.763 I/OpenCV/StaticHelper( 3624):     SDK target:                  android-21
05-25 11:41:24.763 I/OpenCV/StaticHelper( 3624):     Projects build scripts:      Ant/Eclipse compatible
05-25 11:41:24.763 I/OpenCV/StaticHelper( 3624): 
05-25 11:41:24.764 I/OpenCV/StaticHelper( 3624):   GUI: 
05-25 11:41:24.764 I/OpenCV/StaticHelper( 3624): 
05-25 11:41:24.764 I/OpenCV/StaticHelper( 3624):   Media I/O: 
05-25 11:41:24.764 I/OpenCV/StaticHelper( 3624):     ZLib:                        z (ver 1.2.3)
05-25 11:41:24.764 I/OpenCV/StaticHelper( 3624):     JPEG:                        build-libjpeg-turbo (ver 1.5.3-62)
05-25 11:41:24.764 I/OpenCV/StaticHelper( 3624):     WEBP:                        build (ver encoder: 0x020e)
05-25 11:41:24.764 I/OpenCV/StaticHelper( 3624):     PNG:                         build (ver 1.6.35)
05-25 11:41:24.764 I/OpenCV/StaticHelper( 3624):     TIFF:                        build (ver 42 - 4.0.9)
05-25 11:41:24.764 I/OpenCV/StaticHelper( 3624):     JPEG 2000:                   build (ver 1.900.1)
05-25 11:41:24.764 I/OpenCV/StaticHelper( 3624):     OpenEXR:                     build (ver 1.7.1)
05-25 11:41:24.764 I/OpenCV/StaticHelper( 3624):     HDR:                         YES
05-25 11:41:24.765 I/OpenCV/StaticHelper( 3624):     SUNRASTER:                   YES
05-25 11:41:24.765 I/OpenCV/StaticHelper( 3624):     PXM:                         YES
05-25 11:41:24.765 I/OpenCV/StaticHelper( 3624): 
05-25 11:41:24.765 I/OpenCV/StaticHelper( 3624):   Video I/O:
05-25 11:41:24.765 I/OpenCV/StaticHelper( 3624): 
05-25 11:41:24.765 I/OpenCV/StaticHelper( 3624):   Parallel framework:            TBB (ver 2018.0 interface 10001)
05-25 11:41:24.864 I/OpenCV/StaticHelper( 3624): 
05-25 11:41:24.864 I/OpenCV/StaticHelper( 3624):   Trace:                         YES (with Intel ITT)
05-25 11:41:24.864 I/OpenCV/StaticHelper( 3624): 
05-25 11:41:24.864 I/OpenCV/StaticHelper( 3624):   Other third-party libraries:
05-25 11:41:24.864 I/OpenCV/StaticHelper( 3624):     Intel IPP:                   2019.0.0 Gold [2019.0.0]
05-25 11:41:24.864 I/OpenCV/StaticHelper( 3624):            at:                   /build/3_4-contrib_pack-contrib-android/build/o4a/3rdparty/ippicv/ippicv_lnx/icv
05-25 11:41:24.864 I/OpenCV/StaticHelper( 3624):     Intel IPP IW:                sources (2019.0.0)
05-25 11:41:24.864 I/OpenCV/StaticHelper( 3624):               at:                /build/3_4-contrib_pack-contrib-android/build/o4a/3rdparty/ippicv/ippicv_lnx/iw
05-25 11:41:24.864 I/OpenCV/StaticHelper( 3624):     Custom HAL:                  NO
05-25 11:41:24.864 I/OpenCV/StaticHelper( 3624):     Protobuf:                    build (3.5.1)
05-25 11:41:24.864 I/OpenCV/StaticHelper( 3624): 
05-25 11:41:24.864 I/OpenCV/StaticHelper( 3624):   Python (for build):            /usr/bin/python2.7
05-25 11:41:24.864 I/OpenCV/StaticHelper( 3624): 
05-25 11:41:24.864 I/OpenCV/StaticHelper( 3624):   Java:                          export all functions
05-25 11:41:24.864 I/OpenCV/StaticHelper( 3624):     ant:                         /usr/bin/ant (ver 1.9.3)
05-25 11:41:24.865 I/OpenCV/StaticHelper( 3624):     Java wrappers:               YES
05-25 11:41:24.865 I/OpenCV/StaticHelper( 3624):     Java tests:                  NO
05-25 11:41:24.865 I/OpenCV/StaticHelper( 3624): 
05-25 11:41:24.865 I/OpenCV/StaticHelper( 3624):   Install to:                    /build/3_4-contrib_pack-contrib-android/build/o4a/install
05-25 11:41:24.865 I/OpenCV/StaticHelper( 3624): -----------------------------------------------------------------
05-25 11:41:24.865 D/OpenCv  ( 3624): OpenCV loaded
05-25 11:41:25.963 I/Registrar( 3624): MasterXmlRpcEndpoint URI: http://llp:11311
05-25 11:41:26.321 I/Registrar( 3624): Registering publisher: Publisher<PublisherDefinition<PublisherIdentifier<NodeIdentifier</kibo_rpc_api, http://hlp:39448/>, TopicIdentifier</rosout>>, Topic<TopicIdentifier</rosout>, TopicDescription<rosgraph_msgs/Log, acffd30cd6b6de30f120938c17c593fb>>>>
05-25 11:41:28.038 I/Registrar( 3624): Response<Success, Registered [/kibo_rpc_api] as publisher of [/rosout], [http://10.42.0.34:39818/, http://10.42.0.34:41625/]>
05-25 11:41:28.062 I/DefaultPublisher( 3624): Publisher registered: Publisher<PublisherDefinition<PublisherIdentifier<NodeIdentifier</kibo_rpc_api, http://hlp:39448/>, TopicIdentifier</rosout>>, Topic<TopicIdentifier</rosout>, TopicDescription<rosgraph_msgs/Log, acffd30cd6b6de30f120938c17c593fb>>>>
05-25 11:41:28.675 I/Registrar( 3624): Registering subscriber: Subscriber<Topic<TopicIdentifier</clock>, TopicDescription<rosgraph_msgs/Clock, a9c97c1d230cfc112e270351a944ee47>>>
05-25 11:41:28.881 I/Registrar( 3624): Response<Success, Subscribed to [/clock], [http://10.42.0.34:39659/]>
05-25 11:41:28.906 I/DefaultSubscriber( 3624): Subscriber registered: Subscriber<Topic<TopicIdentifier</clock>, TopicDescription<rosgraph_msgs/Clock, a9c97c1d230cfc112e270351a944ee47>>>
05-25 11:41:29.472 I/Registrar( 3624): MasterXmlRpcEndpoint URI: http://llp:11311
05-25 11:41:29.695 I/Registrar( 3624): Registering publisher: Publisher<PublisherDefinition<PublisherIdentifier<NodeIdentifier</kibo_rpc_api, http://hlp:39448/>, TopicIdentifier</command>>, Topic<TopicIdentifier</command>, TopicDescription<ff_msgs/CommandStamped, ac01350894b1be9e3a7b4f390a14812d>>>>
05-25 11:41:29.985 I/Registrar( 3624): Registering publisher: Publisher<PublisherDefinition<PublisherIdentifier<NodeIdentifier</GetterNode, http://hlp:34414/>, TopicIdentifier</rosout>>, Topic<TopicIdentifier</rosout>, TopicDescription<rosgraph_msgs/Log, acffd30cd6b6de30f120938c17c593fb>>>>
05-25 11:41:30.064 W/art     ( 3624): Suspending all threads took: 25.055ms
05-25 11:41:30.660 I/Registrar( 3624): Response<Success, Registered [/kibo_rpc_api] as publisher of [/command], [http://10.42.0.34:39659/, http://10.42.0.34:37816/, http://10.42.0.34:41073/, http://10.42.0.34:41625/]>
05-25 11:41:30.719 I/DefaultPublisher( 3624): Publisher registered: Publisher<PublisherDefinition<PublisherIdentifier<NodeIdentifier</kibo_rpc_api, http://hlp:39448/>, TopicIdentifier</command>>, Topic<TopicIdentifier</command>, TopicDescription<ff_msgs/CommandStamped, ac01350894b1be9e3a7b4f390a14812d>>>>
05-25 11:41:30.784 I/Registrar( 3624): Response<Success, Registered [/GetterNode] as publisher of [/rosout], [http://10.42.0.34:39818/, http://10.42.0.34:41625/]>
05-25 11:41:30.843 I/Registrar( 3624): Registering subscriber: Subscriber<Topic<TopicIdentifier</mgt/ack>, TopicDescription<ff_msgs/AckStamped, cebddec69fd770df54633be444a9187d>>>
05-25 11:41:30.929 I/DefaultPublisher( 3624): Publisher registered: Publisher<PublisherDefinition<PublisherIdentifier<NodeIdentifier</GetterNode, http://hlp:34414/>, TopicIdentifier</rosout>>, Topic<TopicIdentifier</rosout>, TopicDescription<rosgraph_msgs/Log, acffd30cd6b6de30f120938c17c593fb>>>>
05-25 11:41:31.302 W/art     ( 3624): Suspending all threads took: 6.674ms
05-25 11:41:32.081 W/art     ( 3624): Suspending all threads took: 10.814ms
05-25 11:41:32.226 I/Registrar( 3624): Response<Success, Subscribed to [/mgt/ack], [http://10.42.0.34:37816/]>
05-25 11:41:32.245 I/Registrar( 3624): Registering subscriber: Subscriber<Topic<TopicIdentifier</clock>, TopicDescription<rosgraph_msgs/Clock, a9c97c1d230cfc112e270351a944ee47>>>
05-25 11:41:32.539 I/DefaultSubscriber( 3624): Subscriber registered: Subscriber<Topic<TopicIdentifier</mgt/ack>, TopicDescription<ff_msgs/AckStamped, cebddec69fd770df54633be444a9187d>>>
05-25 11:41:33.093 I/Registrar( 3624): Response<Success, Subscribed to [/clock], [http://10.42.0.34:39659/]>
05-25 11:41:33.198 D/KiboRpcApi( 3624): GetterNode initialization started.
05-25 11:41:33.205 I/DefaultSubscriber( 3624): Subscriber registered: Subscriber<Topic<TopicIdentifier</clock>, TopicDescription<rosgraph_msgs/Clock, a9c97c1d230cfc112e270351a944ee47>>>
