05-25 11:34:14.053 E/Hyphenator( 1324): 	at android.text.Hyphenator.init(Hyphenator.java:224)
05-25 11:34:14.053 E/Hyphenator( 1324): 	at com.android.internal.os.ZygoteInit.preloadTextResources(ZygoteInit.java:252)
05-25 11:34:14.053 E/Hyphenator( 1324): 	at com.android.internal.os.ZygoteInit.preload(ZygoteInit.java:206)
05-25 11:34:14.053 E/Hyphenator( 1324): 	at com.android.internal.os.ZygoteInit.main(ZygoteInit.java:743)
05-25 11:34:14.053 E/Hyphenator( 1324): Caused by: android.system.ErrnoException: open failed: ENOENT (No such file or directory)
05-25 11:34:14.053 E/Hyphenator( 1324): 	at libcore.io.Posix.open(Native Method)
05-25 11:34:14.053 E/Hyphenator( 1324): 	at libcore.io.BlockGuardOs.open(BlockGuardOs.java:187)
05-25 11:34:14.053 E/Hyphenator( 1324): 	at libcore.io.IoBridge.open(IoBridge.java:441)
05-25 11:34:14.053 E/Hyphenator( 1324): 	... 6 more
05-25 11:34:14.055 E/Hyphenator( 1324): error loading hyphenation /system/usr/hyphen-data/hyph-hr.hyb
05-25 11:34:14.055 E/Hyphenator( 1324): java.io.FileNotFoundException: /system/usr/hyphen-data/hyph-hr.hyb: open failed: ENOENT (No such file or directory)
05-25 11:34:14.055 E/Hyphenator( 1324): 	at libcore.io.IoBridge.open(IoBridge.java:455)
05-25 11:34:14.055 E/Hyphenator( 1324): 	at java.io.RandomAccessFile.<init>(RandomAccessFile.java:247)
05-25 11:34:14.055 E/Hyphenator( 1324): 	at android.text.Hyphenator.loadHyphenator(Hyphenator.java:118)
05-25 11:34:14.055 E/Hyphenator( 1324): 	at android.text.Hyphenator.init(Hyphenator.java:224)
05-25 11:34:14.055 E/Hyphenator( 1324): 	at com.android.internal.os.ZygoteInit.preloadTextResources(ZygoteInit.java:252)
05-25 11:34:14.055 E/Hyphenator( 1324): 	at com.android.internal.os.ZygoteInit.preload(ZygoteInit.java:206)
05-25 11:34:14.055 E/Hyphenator( 1324): 	at com.android.internal.os.ZygoteInit.main(ZygoteInit.java:743)
05-25 11:34:14.055 E/Hyphenator( 1324): Caused by: android.system.ErrnoException: open failed: ENOENT (No such file or directory)
05-25 11:34:14.055 E/Hyphenator( 1324): 	at libcore.io.Posix.open(Native Method)
05-25 11:34:14.055 E/Hyphenator( 1324): 	at libcore.io.BlockGuardOs.open(BlockGuardOs.java:187)
05-25 11:34:14.055 E/Hyphenator( 1324): 	at libcore.io.IoBridge.open(IoBridge.java:441)
05-25 11:34:14.055 E/Hyphenator( 1324): 	... 6 more
05-25 11:34:14.057 E/Hyphenator( 1324): error loading hyphenation /system/usr/hyphen-data/hyph-hu.hyb
05-25 11:34:14.057 E/Hyphenator( 1324): java.io.FileNotFoundException: /system/usr/hyphen-data/hyph-hu.hyb: open failed: ENOENT (No such file or directory)
05-25 11:34:14.057 E/Hyphenator( 1324): 	at libcore.io.IoBridge.open(IoBridge.java:455)
05-25 11:34:14.057 E/Hyphenator( 1324): 	at java.io.RandomAccessFile.<init>(RandomAccessFile.java:247)
05-25 11:34:14.057 E/Hyphenator( 1324): 	at android.text.Hyphenator.loadHyphenator(Hyphenator.java:118)
05-25 11:34:14.057 E/Hyphenator( 1324): 	at android.text.Hyphenator.init(Hyphenator.java:224)
05-25 11:34:14.057 E/Hyphenator( 1324): 	at com.android.internal.os.ZygoteInit.preloadTextResources(ZygoteInit.java:252)
05-25 11:34:14.057 E/Hyphenator( 1324): 	at com.android.internal.os.ZygoteInit.preload(ZygoteInit.java:206)
05-25 11:34:14.057 E/Hyphenator( 1324): 	at com.android.internal.os.ZygoteInit.main(ZygoteInit.java:743)
05-25 11:34:14.057 E/Hyphenator( 1324): Caused by: android.system.ErrnoException: open failed: ENOENT (No such file or directory)
05-25 11:34:14.057 E/Hyphenator( 1324): 	at libcore.io.Posix.open(Native Method)
05-25 11:34:14.057 E/Hyphenator( 1324): 	at libcore.io.BlockGuardOs.open(BlockGuardOs.java:187)
05-25 11:34:14.057 E/Hyphenator( 1324): 	at libcore.io.IoBridge.open(IoBridge.java:441)
05-25 11:34:14.057 E/Hyphenator( 1324): 	... 6 more
05-25 11:34:14.058 E/Hyphenator( 1324): error loading hyphenation /system/usr/hyphen-data/hyph-hy.hyb
05-25 11:34:14.058 E/Hyphenator( 1324): java.io.FileNotFoundException: /system/usr/hyphen-data/hyph-hy.hyb: open failed: ENOENT (No such file or directory)
05-25 11:34:14.058 E/Hyphenator( 1324): 	at libcore.io.IoBridge.open(IoBridge.java:455)
05-25 11:34:14.058 E/Hyphenator( 1324): 	at java.io.RandomAccessFile.<init>(RandomAccessFile.java:247)
05-25 11:34:14.058 E/Hyphenator( 1324): 	at android.text.Hyphenator.loadHyphenator(Hyphenator.java:118)
05-25 11:34:14.058 E/Hyphenator( 1324): 	at android.text.Hyphenator.init(Hyphenator.java:224)
05-25 11:34:14.058 E/Hyphenator( 1324): 	at com.android.internal.os.ZygoteInit.preloadTextResources(ZygoteInit.java:252)
05-25 11:34:14.058 E/Hyphenator( 1324): 	at com.android.internal.os.ZygoteInit.preload(ZygoteInit.java:206)
05-25 11:34:14.058 E/Hyphenator( 1324): 	at com.android.internal.os.ZygoteInit.main(ZygoteInit.java:743)
05-25 11:34:14.058 E/Hyphenator( 1324): Caused by: android.system.ErrnoException: open failed: ENOENT (No such file or directory)
05-25 11:34:14.058 E/Hyphenator( 1324): 	at libcore.io.Posix.open(Native Method)
05-25 11:34:14.058 E/Hyphenator( 1324): 	at libcore.io.BlockGuardOs.open(BlockGuardOs.java:187)
05-25 11:34:14.058 E/Hyphenator( 1324): 	at libcore.io.IoBridge.open(IoBridge.java:441)
05-25 11:34:14.058 E/Hyphenator( 1324): 	... 6 more
05-25 11:34:14.080 E/Hyphenator( 1324): error loading hyphenation /system/usr/hyphen-data/hyph-kn.hyb
05-25 11:34:14.080 E/Hyphenator( 1324): java.io.FileNotFoundException: /system/usr/hyphen-data/hyph-kn.hyb: open failed: ENOENT (No such file or directory)
05-25 11:34:14.080 E/Hyphenator( 1324): 	at libcore.io.IoBridge.open(IoBridge.java:455)
05-25 11:34:14.080 E/Hyphenator( 1324): 	at java.io.RandomAccessFile.<init>(RandomAccessFile.java:247)
05-25 11:34:14.080 E/Hyphenator( 1324): 	at android.text.Hyphenator.loadHyphenator(Hyphenator.java:118)
05-25 11:34:14.080 E/Hyphenator( 1324): 	at android.text.Hyphenator.init(Hyphenator.java:224)
05-25 11:34:14.080 E/Hyphenator( 1324): 	at com.android.internal.os.ZygoteInit.preloadTextResources(ZygoteInit.java:252)
05-25 11:34:14.080 E/Hyphenator( 1324): 	at com.android.internal.os.ZygoteInit.preload(ZygoteInit.java:206)
05-25 11:34:14.080 E/Hyphenator( 1324): 	at com.android.internal.os.ZygoteInit.main(ZygoteInit.java:743)
05-25 11:34:14.080 E/Hyphenator( 1324): Caused by: android.system.ErrnoException: open failed: ENOENT (No such file or directory)
05-25 11:34:14.080 E/Hyphenator( 1324): 	at libcore.io.Posix.open(Native Method)
05-25 11:34:14.080 E/Hyphenator( 1324): 	at libcore.io.BlockGuardOs.open(BlockGuardOs.java:187)
05-25 11:34:14.080 E/Hyphenator( 1324): 	at libcore.io.IoBridge.open(IoBridge.java:441)
05-25 11:34:14.080 E/Hyphenator( 1324): 	... 6 more
05-25 11:34:14.082 E/Hyphenator( 1324): error loading hyphenation /system/usr/hyphen-data/hyph-ml.hyb
05-25 11:34:14.082 E/Hyphenator( 1324): java.io.FileNotFoundException: /system/usr/hyphen-data/hyph-ml.hyb: open failed: ENOENT (No such file or directory)
05-25 11:34:14.082 E/Hyphenator( 1324): 	at libcore.io.IoBridge.open(IoBridge.java:455)
05-25 11:34:14.082 E/Hyphenator( 1324): 	at java.io.RandomAccessFile.<init>(RandomAccessFile.java:247)
05-25 11:34:14.082 E/Hyphenator( 1324): 	at android.text.Hyphenator.loadHyphenator(Hyphenator.java:118)
05-25 11:34:14.082 E/Hyphenator( 1324): 	at android.text.Hyphenator.init(Hyphenator.java:224)
05-25 11:34:14.082 E/Hyphenator( 1324): 	at com.android.internal.os.ZygoteInit.preloadTextResources(ZygoteInit.java:252)
05-25 11:34:14.082 E/Hyphenator( 1324): 	at com.android.internal.os.ZygoteInit.preload(ZygoteInit.java:206)
05-25 11:34:14.082 E/Hyphenator( 1324): 	at com.android.internal.os.ZygoteInit.main(ZygoteInit.java:743)
05-25 11:34:14.082 E/Hyphenator( 1324): Caused by: android.system.ErrnoException: open failed: ENOENT (No such file or directory)
05-25 11:34:14.082 E/Hyphenator( 1324): 	at libcore.io.Posix.open(Native Method)
05-25 11:34:14.082 E/Hyphenator( 1324): 	at libcore.io.BlockGuardOs.open(BlockGuardOs.java:187)
05-25 11:34:14.082 E/Hyphenator( 1324): 	at libcore.io.IoBridge.open(IoBridge.java:441)
05-25 11:34:14.082 E/Hyphenator( 1324): 	... 6 more
05-25 11:34:14.084 E/Hyphenator( 1324): error loading hyphenation /system/usr/hyphen-data/hyph-mn-cyrl.hyb
05-25 11:34:14.084 E/Hyphenator( 1324): java.io.FileNotFoundException: /system/usr/hyphen-data/hyph-mn-cyrl.hyb: open failed: ENOENT (No such file or directory)
05-25 11:34:14.084 E/Hyphenator( 1324): 	at libcore.io.IoBridge.open(IoBridge.java:455)
05-25 11:34:14.084 E/Hyphenator( 1324): 	at java.io.RandomAccessFile.<init>(RandomAccessFile.java:247)
05-25 11:34:14.084 E/Hyphenator( 1324): 	at android.text.Hyphenator.loadHyphenator(Hyphenator.java:118)
05-25 11:34:14.084 E/Hyphenator( 1324): 	at android.text.Hyphenator.init(Hyphenator.java:224)
05-25 11:34:14.084 E/Hyphenator( 1324): 	at com.android.internal.os.ZygoteInit.preloadTextResources(ZygoteInit.java:252)
05-25 11:34:14.084 E/Hyphenator( 1324): 	at com.android.internal.os.ZygoteInit.preload(ZygoteInit.java:206)
05-25 11:34:14.084 E/Hyphenator( 1324): 	at com.android.internal.os.ZygoteInit.main(ZygoteInit.java:743)
05-25 11:34:14.084 E/Hyphenator( 1324): Caused by: android.system.ErrnoException: open failed: ENOENT (No such file or directory)
05-25 11:34:14.084 E/Hyphenator( 1324): 	at libcore.io.Posix.open(Native Method)
05-25 11:34:14.084 E/Hyphenator( 1324): 	at libcore.io.BlockGuardOs.open(BlockGuardOs.java:187)
05-25 11:34:14.084 E/Hyphenator( 1324): 	at libcore.io.IoBridge.open(IoBridge.java:441)
05-25 11:34:14.084 E/Hyphenator( 1324): 	... 6 more
05-25 11:34:14.085 E/Hyphenator( 1324): error loading hyphenation /system/usr/hyphen-data/hyph-mr.hyb
05-25 11:34:14.085 E/Hyphenator( 1324): java.io.FileNotFoundException: /system/usr/hyphen-data/hyph-mr.hyb: open failed: ENOENT (No such file or directory)
05-25 11:34:14.085 E/Hyphenator( 1324): 	at libcore.io.IoBridge.open(IoBridge.java:455)
05-25 11:34:14.085 E/Hyphenator( 1324): 	at java.io.RandomAccessFile.<init>(RandomAccessFile.java:247)
05-25 11:34:14.085 E/Hyphenator( 1324): 	at android.text.Hyphenator.loadHyphenator(Hyphenator.java:118)
05-25 11:34:14.085 E/Hyphenator( 1324): 	at android.text.Hyphenator.init(Hyphenator.java:224)
05-25 11:34:14.085 E/Hyphenator( 1324): 	at com.android.internal.os.ZygoteInit.preloadTextResources(ZygoteInit.java:252)
05-25 11:34:14.085 E/Hyphenator( 1324): 	at com.android.internal.os.ZygoteInit.preload(ZygoteInit.java:206)
05-25 11:34:14.085 E/Hyphenator( 1324): 	at com.android.internal.os.ZygoteInit.main(ZygoteInit.java:743)
05-25 11:34:14.085 E/Hyphenator( 1324): Caused by: android.system.ErrnoException: open failed: ENOENT (No such file or directory)
05-25 11:34:14.085 E/Hyphenator( 1324): 	at libcore.io.Posix.open(Native Method)
05-25 11:34:14.085 E/Hyphenator( 1324): 	at libcore.io.BlockGuardOs.open(BlockGuardOs.java:187)
05-25 11:34:14.085 E/Hyphenator( 1324): 	at libcore.io.IoBridge.open(IoBridge.java:441)
05-25 11:34:14.085 E/Hyphenator( 1324): 	... 6 more
05-25 11:34:14.087 E/Hyphenator( 1324): error loading hyphenation /system/usr/hyphen-data/hyph-nb.hyb
05-25 11:34:14.087 E/Hyphenator( 1324): java.io.FileNotFoundException: /system/usr/hyphen-data/hyph-nb.hyb: open failed: ENOENT (No such file or directory)
05-25 11:34:14.087 E/Hyphenator( 1324): 	at libcore.io.IoBridge.open(IoBridge.java:455)
05-25 11:34:14.087 E/Hyphenator( 1324): 	at java.io.RandomAccessFile.<init>(RandomAccessFile.java:247)
05-25 11:34:14.087 E/Hyphenator( 1324): 	at android.text.Hyphenator.loadHyphenator(Hyphenator.java:118)
05-25 11:34:14.087 E/Hyphenator( 1324): 	at android.text.Hyphenator.init(Hyphenator.java:224)
05-25 11:34:14.087 E/Hyphenator( 1324): 	at com.android.internal.os.ZygoteInit.preloadTextResources(ZygoteInit.java:252)
05-25 11:34:14.087 E/Hyphenator( 1324): 	at com.android.internal.os.ZygoteInit.preload(ZygoteInit.java:206)
05-25 11:34:14.087 E/Hyphenator( 1324): 	at com.android.internal.os.ZygoteInit.main(ZygoteInit.java:743)
05-25 11:34:14.087 E/Hyphenator( 1324): Caused by: android.system.ErrnoException: open failed: ENOENT (No such file or directory)
05-25 11:34:14.087 E/Hyphenator( 1324): 	at libcore.io.Posix.open(Native Method)
05-25 11:34:14.087 E/Hyphenator( 1324): 	at libcore.io.BlockGuardOs.open(BlockGuardOs.java:187)
05-25 11:34:14.087 E/Hyphenator( 1324): 	at libcore.io.IoBridge.open(IoBridge.java:441)
05-25 11:34:14.087 E/Hyphenator( 1324): 	... 6 more
05-25 11:34:14.088 E/Hyphenator( 1324): error loading hyphenation /system/usr/hyphen-data/hyph-nn.hyb
05-25 11:34:14.088 E/Hyphenator( 1324): java.io.FileNotFoundException: /system/usr/hyphen-data/hyph-nn.hyb: open failed: ENOENT (No such file or directory)
05-25 11:34:14.088 E/Hyphenator( 1324): 	at libcore.io.IoBridge.open(IoBridge.java:455)
05-25 11:34:14.088 E/Hyphenator( 1324): 	at java.io.RandomAccessFile.<init>(RandomAccessFile.java:247)
05-25 11:34:14.088 E/Hyphenator( 1324): 	at android.text.Hyphenator.loadHyphenator(Hyphenator.java:118)
05-25 11:34:14.088 E/Hyphenator( 1324): 	at android.text.Hyphenator.init(Hyphenator.java:224)
05-25 11:34:14.088 E/Hyphenator( 1324): 	at com.android.internal.os.ZygoteInit.preloadTextResources(ZygoteInit.java:252)
05-25 11:34:14.088 E/Hyphenator( 1324): 	at com.android.internal.os.ZygoteInit.preload(ZygoteInit.java:206)
05-25 11:34:14.088 E/Hyphenator( 1324): 	at com.android.internal.os.ZygoteInit.main(ZygoteInit.java:743)
05-25 11:34:14.088 E/Hyphenator( 1324): Caused by: android.system.ErrnoException: open failed: ENOENT (No such file or directory)
05-25 11:34:14.088 E/Hyphenator( 1324): 	at libcore.io.Posix.open(Native Method)
05-25 11:34:14.088 E/Hyphenator( 1324): 	at libcore.io.BlockGuardOs.open(BlockGuardOs.java:187)
05-25 11:34:14.088 E/Hyphenator( 1324): 	at libcore.io.IoBridge.open(IoBridge.java:441)
05-25 11:34:14.088 E/Hyphenator( 1324): 	... 6 more
05-25 11:34:14.181 E/Hyphenator( 1324): error loading hyphenation /system/usr/hyphen-data/hyph-or.hyb
05-25 11:34:14.181 E/Hyphenator( 1324): java.io.FileNotFoundException: /system/usr/hyphen-data/hyph-or.hyb: open failed: ENOENT (No such file or directory)
05-25 11:34:14.181 E/Hyphenator( 1324): 	at libcore.io.IoBridge.open(IoBridge.java:455)
05-25 11:34:14.181 E/Hyphenator( 1324): 	at java.io.RandomAccessFile.<init>(RandomAccessFile.java:247)
05-25 11:34:14.181 E/Hyphenator( 1324): 	at android.text.Hyphenator.loadHyphenator(Hyphenator.java:118)
05-25 11:34:14.181 E/Hyphenator( 1324): 	at android.text.Hyphenator.init(Hyphenator.java:224)
05-25 11:34:14.181 E/Hyphenator( 1324): 	at com.android.internal.os.ZygoteInit.preloadTextResources(ZygoteInit.java:252)
05-25 11:34:14.181 E/Hyphenator( 1324): 	at com.android.internal.os.ZygoteInit.preload(ZygoteInit.java:206)
05-25 11:34:14.181 E/Hyphenator( 1324): 	at com.android.internal.os.ZygoteInit.main(ZygoteInit.java:743)
05-25 11:34:14.181 E/Hyphenator( 1324): Caused by: android.system.ErrnoException: open failed: ENOENT (No such file or directory)
05-25 11:34:14.181 E/Hyphenator( 1324): 	at libcore.io.Posix.open(Native Method)
05-25 11:34:14.181 E/Hyphenator( 1324): 	at libcore.io.BlockGuardOs.open(BlockGuardOs.java:187)
05-25 11:34:14.181 E/Hyphenator( 1324): 	at libcore.io.IoBridge.open(IoBridge.java:441)
05-25 11:34:14.181 E/Hyphenator( 1324): 	... 6 more
05-25 11:34:14.183 E/Hyphenator( 1324): error loading hyphenation /system/usr/hyphen-data/hyph-pa.hyb
05-25 11:34:14.183 E/Hyphenator( 1324): java.io.FileNotFoundException: /system/usr/hyphen-data/hyph-pa.hyb: open failed: ENOENT (No such file or directory)
05-25 11:34:14.183 E/Hyphenator( 1324): 	at libcore.io.IoBridge.open(IoBridge.java:455)
05-25 11:34:14.183 E/Hyphenator( 1324): 	at java.io.RandomAccessFile.<init>(RandomAccessFile.java:247)
05-25 11:34:14.183 E/Hyphenator( 1324): 	at android.text.Hyphenator.loadHyphenator(Hyphenator.java:118)
05-25 11:34:14.183 E/Hyphenator( 1324): 	at android.text.Hyphenator.init(Hyphenator.java:224)
05-25 11:34:14.183 E/Hyphenator( 1324): 	at com.android.internal.os.ZygoteInit.preloadTextResources(ZygoteInit.java:252)
05-25 11:34:14.183 E/Hyphenator( 1324): 	at com.android.internal.os.ZygoteInit.preload(ZygoteInit.java:206)
05-25 11:34:14.183 E/Hyphenator( 1324): 	at com.android.internal.os.ZygoteInit.main(ZygoteInit.java:743)
05-25 11:34:14.183 E/Hyphenator( 1324): Caused by: android.system.ErrnoException: open failed: ENOENT (No such file or directory)
05-25 11:34:14.183 E/Hyphenator( 1324): 	at libcore.io.Posix.open(Native Method)
05-25 11:34:14.183 E/Hyphenator( 1324): 	at libcore.io.BlockGuardOs.open(BlockGuardOs.java:187)
05-25 11:34:14.183 E/Hyphenator( 1324): 	at libcore.io.IoBridge.open(IoBridge.java:441)
05-25 11:34:14.183 E/Hyphenator( 1324): 	... 6 more
05-25 11:34:14.184 E/Hyphenator( 1324): error loading hyphenation /system/usr/hyphen-data/hyph-pt.hyb
05-25 11:34:14.184 E/Hyphenator( 1324): java.io.FileNotFoundException: /system/usr/hyphen-data/hyph-pt.hyb: open failed: ENOENT (No such file or directory)
05-25 11:34:14.184 E/Hyphenator( 1324): 	at libcore.io.IoBridge.open(IoBridge.java:455)
05-25 11:34:14.184 E/Hyphenator( 1324): 	at java.io.RandomAccessFile.<init>(RandomAccessFile.java:247)
05-25 11:34:14.184 E/Hyphenator( 1324): 	at android.text.Hyphenator.loadHyphenator(Hyphenator.java:118)
05-25 11:34:14.184 E/Hyphenator( 1324): 	at android.text.Hyphenator.init(Hyphenator.java:224)
05-25 11:34:14.184 E/Hyphenator( 1324): 	at com.android.internal.os.ZygoteInit.preloadTextResources(ZygoteInit.java:252)
05-25 11:34:14.184 E/Hyphenator( 1324): 	at com.android.internal.os.ZygoteInit.preload(ZygoteInit.java:206)
05-25 11:34:14.184 E/Hyphenator( 1324): 	at com.android.internal.os.ZygoteInit.main(ZygoteInit.java:743)
05-25 11:34:14.184 E/Hyphenator( 1324): Caused by: android.system.ErrnoException: open failed: ENOENT (No such file or directory)
05-25 11:34:14.184 E/Hyphenator( 1324): 	at libcore.io.Posix.open(Native Method)
05-25 11:34:14.184 E/Hyphenator( 1324): 	at libcore.io.BlockGuardOs.open(BlockGuardOs.java:187)
05-25 11:34:14.184 E/Hyphenator( 1324): 	at libcore.io.IoBridge.open(IoBridge.java:441)
05-25 11:34:14.184 E/Hyphenator( 1324): 	... 6 more
05-25 11:34:14.186 E/Hyphenator( 1324): error loading hyphenation /system/usr/hyphen-data/hyph-sl.hyb
05-25 11:34:14.186 E/Hyphenator( 1324): java.io.FileNotFoundException: /system/usr/hyphen-data/hyph-sl.hyb: open failed: ENOENT (No such file or directory)
05-25 11:34:14.186 E/Hyphenator( 1324): 	at libcore.io.IoBridge.open(IoBridge.java:455)
05-25 11:34:14.186 E/Hyphenator( 1324): 	at java.io.RandomAccessFile.<init>(RandomAccessFile.java:247)
05-25 11:34:14.186 E/Hyphenator( 1324): 	at android.text.Hyphenator.loadHyphenator(Hyphenator.java:118)
05-25 11:34:14.186 E/Hyphenator( 1324): 	at android.text.Hyphenator.init(Hyphenator.java:224)
05-25 11:34:14.186 E/Hyphenator( 1324): 	at com.android.internal.os.ZygoteInit.preloadTextResources(ZygoteInit.java:252)
05-25 11:34:14.186 E/Hyphenator( 1324): 	at com.android.internal.os.ZygoteInit.preload(ZygoteInit.java:206)
05-25 11:34:14.186 E/Hyphenator( 1324): 	at com.android.internal.os.ZygoteInit.main(ZygoteInit.java:743)
05-25 11:34:14.186 E/Hyphenator( 1324): Caused by: android.system.ErrnoException: open failed: ENOENT (No such file or directory)
05-25 11:34:14.186 E/Hyphenator( 1324): 	at libcore.io.Posix.open(Native Method)
05-25 11:34:14.186 E/Hyphenator( 1324): 	at libcore.io.BlockGuardOs.open(BlockGuardOs.java:187)
05-25 11:34:14.186 E/Hyphenator( 1324): 	at libcore.io.IoBridge.open(IoBridge.java:441)
05-25 11:34:14.186 E/Hyphenator( 1324): 	... 6 more
05-25 11:34:14.188 E/Hyphenator( 1324): error loading hyphenation /system/usr/hyphen-data/hyph-ta.hyb
05-25 11:34:14.188 E/Hyphenator( 1324): java.io.FileNotFoundException: /system/usr/hyphen-data/hyph-ta.hyb: open failed: ENOENT (No such file or directory)
05-25 11:34:14.188 E/Hyphenator( 1324): 	at libcore.io.IoBridge.open(IoBridge.java:455)
05-25 11:34:14.188 E/Hyphenator( 1324): 	at java.io.RandomAccessFile.<init>(RandomAccessFile.java:247)
05-25 11:34:14.188 E/Hyphenator( 1324): 	at android.text.Hyphenator.loadHyphenator(Hyphenator.java:118)
05-25 11:34:14.188 E/Hyphenator( 1324): 	at android.text.Hyphenator.init(Hyphenator.java:224)
05-25 11:34:14.188 E/Hyphenator( 1324): 	at com.android.internal.os.ZygoteInit.preloadTextResources(ZygoteInit.java:252)
05-25 11:34:14.188 E/Hyphenator( 1324): 	at com.android.internal.os.ZygoteInit.preload(ZygoteInit.java:206)
05-25 11:34:14.188 E/Hyphenator( 1324): 	at com.android.internal.os.ZygoteInit.main(ZygoteInit.java:743)
05-25 11:34:14.188 E/Hyphenator( 1324): Caused by: android.system.ErrnoException: open failed: ENOENT (No such file or directory)
05-25 11:34:14.188 E/Hyphenator( 1324): 	at libcore.io.Posix.open(Native Method)
05-25 11:34:14.188 E/Hyphenator( 1324): 	at libcore.io.BlockGuardOs.open(BlockGuardOs.java:187)
05-25 11:34:14.188 E/Hyphenator( 1324): 	at libcore.io.IoBridge.open(IoBridge.java:441)
05-25 11:34:14.188 E/Hyphenator( 1324): 	... 6 more
05-25 11:34:14.189 E/Hyphenator( 1324): error loading hyphenation /system/usr/hyphen-data/hyph-te.hyb
05-25 11:34:14.189 E/Hyphenator( 1324): java.io.FileNotFoundException: /system/usr/hyphen-data/hyph-te.hyb: open failed: ENOENT (No such file or directory)
05-25 11:34:14.189 E/Hyphenator( 1324): 	at libcore.io.IoBridge.open(IoBridge.java:455)
05-25 11:34:14.189 E/Hyphenator( 1324): 	at java.io.RandomAccessFile.<init>(RandomAccessFile.java:247)
05-25 11:34:14.189 E/Hyphenator( 1324): 	at android.text.Hyphenator.loadHyphenator(Hyphenator.java:118)
05-25 11:34:14.189 E/Hyphenator( 1324): 	at android.text.Hyphenator.init(Hyphenator.java:224)
05-25 11:34:14.189 E/Hyphenator( 1324): 	at com.android.internal.os.ZygoteInit.preloadTextResources(ZygoteInit.java:252)
05-25 11:34:14.189 E/Hyphenator( 1324): 	at com.android.internal.os.ZygoteInit.preload(ZygoteInit.java:206)
05-25 11:34:14.189 E/Hyphenator( 1324): 	at com.android.internal.os.ZygoteInit.main(ZygoteInit.java:743)
05-25 11:34:14.189 E/Hyphenator( 1324): Caused by: android.system.ErrnoException: open failed: ENOENT (No such file or directory)
05-25 11:34:14.189 E/Hyphenator( 1324): 	at libcore.io.Posix.open(Native Method)
05-25 11:34:14.189 E/Hyphenator( 1324): 	at libcore.io.BlockGuardOs.open(BlockGuardOs.java:187)
05-25 11:34:14.189 E/Hyphenator( 1324): 	at libcore.io.IoBridge.open(IoBridge.java:441)
05-25 11:34:14.189 E/Hyphenator( 1324): 	... 6 more
05-25 11:34:14.231 E/Hyphenator( 1324): error loading hyphenation /system/usr/hyphen-data/hyph-tk.hyb
05-25 11:34:14.231 E/Hyphenator( 1324): java.io.FileNotFoundException: /system/usr/hyphen-data/hyph-tk.hyb: open failed: ENOENT (No such file or directory)
05-25 11:34:14.231 E/Hyphenator( 1324): 	at libcore.io.IoBridge.open(IoBridge.java:455)
05-25 11:34:14.231 E/Hyphenator( 1324): 	at java.io.RandomAccessFile.<init>(RandomAccessFile.java:247)
05-25 11:34:14.231 E/Hyphenator( 1324): 	at android.text.Hyphenator.loadHyphenator(Hyphenator.java:118)
05-25 11:34:14.231 E/Hyphenator( 1324): 	at android.text.Hyphenator.init(Hyphenator.java:224)
05-25 11:34:14.231 E/Hyphenator( 1324): 	at com.android.internal.os.ZygoteInit.preloadTextResources(ZygoteInit.java:252)
05-25 11:34:14.231 E/Hyphenator( 1324): 	at com.android.internal.os.ZygoteInit.preload(ZygoteInit.java:206)
05-25 11:34:14.231 E/Hyphenator( 1324): 	at com.android.internal.os.ZygoteInit.main(ZygoteInit.java:743)
05-25 11:34:14.231 E/Hyphenator( 1324): Caused by: android.system.ErrnoException: open failed: ENOENT (No such file or directory)
05-25 11:34:14.231 E/Hyphenator( 1324): 	at libcore.io.Posix.open(Native Method)
05-25 11:34:14.231 E/Hyphenator( 1324): 	at libcore.io.BlockGuardOs.open(BlockGuardOs.java:187)
05-25 11:34:14.231 E/Hyphenator( 1324): 	at libcore.io.IoBridge.open(IoBridge.java:441)
05-25 11:34:14.231 E/Hyphenator( 1324): 	... 6 more
05-25 11:34:14.233 E/Hyphenator( 1324): error loading hyphenation /system/usr/hyphen-data/hyph-und-ethi.hyb
05-25 11:34:14.233 E/Hyphenator( 1324): java.io.FileNotFoundException: /system/usr/hyphen-data/hyph-und-ethi.hyb: open failed: ENOENT (No such file or directory)
05-25 11:34:14.233 E/Hyphenator( 1324): 	at libcore.io.IoBridge.open(IoBridge.java:455)
05-25 11:34:14.233 E/Hyphenator( 1324): 	at java.io.RandomAccessFile.<init>(RandomAccessFile.java:247)
05-25 11:34:14.233 E/Hyphenator( 1324): 	at android.text.Hyphenator.loadHyphenator(Hyphenator.java:118)
05-25 11:34:14.233 E/Hyphenator( 1324): 	at android.text.Hyphenator.init(Hyphenator.java:224)
05-25 11:34:14.233 E/Hyphenator( 1324): 	at com.android.internal.os.ZygoteInit.preloadTextResources(ZygoteInit.java:252)
05-25 11:34:14.233 E/Hyphenator( 1324): 	at com.android.internal.os.ZygoteInit.preload(ZygoteInit.java:206)
05-25 11:34:14.233 E/Hyphenator( 1324): 	at com.android.internal.os.ZygoteInit.main(ZygoteInit.java:743)
05-25 11:34:14.233 E/Hyphenator( 1324): Caused by: android.system.ErrnoException: open failed: ENOENT (No such file or directory)
05-25 11:34:14.233 E/Hyphenator( 1324): 	at libcore.io.Posix.open(Native Method)
05-25 11:34:14.233 E/Hyphenator( 1324): 	at libcore.io.BlockGuardOs.open(BlockGuardOs.java:187)
05-25 11:34:14.233 E/Hyphenator( 1324): 	at libcore.io.IoBridge.open(IoBridge.java:441)
05-25 11:34:14.233 E/Hyphenator( 1324): 	... 6 more
05-25 11:34:14.304 V/NatController( 1334): runCmd(/system/bin/ip6tables -w -X natctrl_tether_counters) res=1
05-25 11:34:14.312 I/Zygote  ( 1323): System server process 2423 has been created
05-25 11:34:14.387 I/Zygote  ( 1323): Accepting command socket connections
05-25 11:34:14.662 I/Zygote  ( 1324): Uninstalled ICU cache reference pinning...
05-25 11:34:14.823 I/Zygote  ( 1324): Installed AndroidKeyStoreProvider in 160ms.
05-25 11:34:14.880 V/NatController( 1334): runCmd(/system/bin/iptables -w -N natctrl_tether_counters) res=0
05-25 11:34:15.020 W/art     ( 1324): Suspending all threads took: 78.403ms
05-25 11:34:15.085 I/art     ( 1324): Background sticky concurrent mark sweep GC freed 12442(1003KB) AllocSpace objects, 3(120KB) LOS objects, 15% free, 6MB/7MB, paused 79.477ms total 225.734ms
05-25 11:34:15.292 V/NatController( 1334): runCmd(/system/bin/ip6tables -w -N natctrl_tether_counters) res=0
05-25 11:34:15.401 V/NatController( 1334): runCmd(/system/bin/iptables -w -t mangle -A natctrl_mangle_FORWARD -p tcp --tcp-flags SYN SYN -j TCPMSS --clamp-mss-to-pmtu) res=0
05-25 11:34:15.586 I/Zygote  ( 1324): Warmed up JCA providers in 763ms.
05-25 11:34:15.586 D/Zygote  ( 1324): end preload
05-25 11:34:15.587 I/art     ( 1324): Starting a blocking GC Explicit
05-25 11:34:15.785 I/art     ( 1324): Explicit concurrent mark sweep GC freed 4781(243KB) AllocSpace objects, 3(132KB) LOS objects, 39% free, 6MB/10MB, paused 351us total 197.356ms
05-25 11:34:15.791 I/art     ( 1324): Starting a blocking GC Explicit
05-25 11:34:15.969 I/art     ( 1324): Explicit concurrent mark sweep GC freed 53(1832B) AllocSpace objects, 0(0B) LOS objects, 39% free, 6MB/10MB, paused 351us total 177.263ms
05-25 11:34:16.034 I/Zygote  ( 1324): Accepting command socket connections
05-25 11:34:16.072 I/Zygote  ( 2423): Process: zygote socket opened, supported ABIS: x86
05-25 11:34:16.077 I/InstallerConnection( 2423): connecting...
05-25 11:34:16.123 I/        ( 1328): new connection
05-25 11:34:17.062 I/InstallerConnection( 2423): disconnecting...
05-25 11:34:17.067 E/        ( 1328): eof
05-25 11:34:17.068 E/        ( 1328): failed to read size
05-25 11:34:17.068 I/        ( 1328): closing connection
05-25 11:34:18.748 I/SystemServer( 2423): Entered the Android system server!
05-25 11:34:19.956 E/Netd    ( 1334): cannot find interface dummy0
05-25 11:34:20.176 D/MDnsDS  ( 1334): MDnsSdListener::Hander starting up
05-25 11:34:20.222 D/MDnsDS  ( 1334): MDnsSdListener starting to monitor
05-25 11:34:20.222 D/MDnsDS  ( 1334): Going to poll with pollCount 1
05-25 11:34:20.875 I/SystemServiceManager( 2423): Starting com.android.server.pm.Installer
05-25 11:34:20.960 I/Installer( 2423): Waiting for installd to be ready.
05-25 11:34:20.960 I/InstallerConnection( 2423): connecting...
05-25 11:34:20.971 I/        ( 1328): new connection
05-25 11:34:20.981 I/SystemServiceManager( 2423): Starting com.android.server.am.ActivityManagerService$Lifecycle
05-25 11:34:21.494 I/ActivityManager( 2423): Memory class: 256
05-25 11:34:21.531 I/ServiceThread( 2423): Enabled StrictMode logging for ActivityManager looper.
05-25 11:34:21.543 I/ServiceThread( 2423): Enabled StrictMode logging for android.ui looper.
05-25 11:34:21.902 D/BatteryStatsImpl( 2423): Reading daily items from /data/system/batterystats-daily.xml
05-25 11:34:23.350 W/ProcessCpuTracker( 2423): Skipping unknown process pid 2480
05-25 11:34:23.452 I/IntentFirewall( 2423): Read new rules (A:0 B:0 S:0)
05-25 11:34:23.532 I/ServiceThread( 2423): Enabled StrictMode logging for android.display looper.
05-25 11:34:23.649 D/AppOps  ( 2423): AppOpsService published
05-25 11:34:23.681 I/SystemServiceManager( 2423): Starting com.android.server.power.PowerManagerService
05-25 11:34:23.831 I/ServiceThread( 2423): Enabled StrictMode logging for PowerManagerService looper.
05-25 11:34:23.843 E/PowerManagerService-JNI( 2423): Couldn't load power module (No such file or directory)
05-25 11:34:23.844 W/libsuspend( 2423): Error writing 'on' to /sys/power/state: Invalid argument
05-25 11:34:23.845 I/libsuspend( 2423): Selected wakeup count
05-25 11:34:23.969 I/SystemServiceManager( 2423): Starting com.android.server.lights.LightsService
05-25 11:34:24.081 I/SystemServiceManager( 2423): Starting com.android.server.display.DisplayManagerService
05-25 11:34:24.144 I/SystemServiceManager( 2423): Starting phase 100
05-25 11:34:24.173 E/SurfaceFlinger( 1319): ro.sf.lcd_density must be defined as a build property
05-25 11:34:24.214 I/DisplayManagerService( 2423): Display device added: DisplayDeviceInfo{"Built-in Screen": uniqueId="local:0", 1080 x 1920, modeId 1, defaultModeId 1, supportedModes [{id=1, width=1080, height=1920, fps=60.000004}], colorMode 0, supportedColorModes [0], HdrCapabilities android.view.Display$HdrCapabilities@a69d6308, density 480, 480.0 x 480.0 dpi, appVsyncOff 1000000, presDeadline 16666666, touch INTERNAL, rotation 0, type BUILT_IN, state UNKNOWN, FLAG_DEFAULT_DISPLAY, FLAG_ROTATES_WITH_CONTENT, FLAG_SECURE, FLAG_SUPPORTS_PROTECTED_BUFFERS}
05-25 11:34:24.217 D/SurfaceFlinger( 1319): Set power mode=2, type=0 flinger=0x759f55247000
05-25 11:34:24.218 D/SurfaceFlinger( 1319): Screen type=0 is already mode=2
05-25 11:34:24.230 I/SystemServer( 2423): StartPackageManagerService
05-25 11:34:24.232 I/DisplayManagerService( 2423): Display device changed state: "Built-in Screen", ON
05-25 11:34:24.732 W/SystemConfig( 2423): No directory /system/etc/sysconfig, skipping
05-25 11:34:25.252 D/SELinuxMMAC( 2423): Using policy file /system/etc/security/mac_permissions.xml
05-25 11:34:27.252 E/art     ( 2423): DexFile_getDexOptNeeded file '/system/framework/org.apache.http.legacy.jar' does not exist
05-25 11:34:27.254 W/PackageManager( 2423): Library not found: /system/framework/org.apache.http.legacy.jar
05-25 11:34:27.599 E/art     ( 2423): DexFile_getDexOptNeeded file '/system/framework/org.apache.http.legacy.jar' does not exist
05-25 11:34:27.617 W/PackageManager( 2423): Library not found: /system/framework/org.apache.http.legacy.jar
05-25 11:34:27.650 D/PackageManager( 2423): No files in app dir /vendor/overlay
05-25 11:34:28.235 W/PackageManager( 2423): Failed to parse /system/framework/oat: Missing base APK in /system/framework/oat
05-25 11:34:28.238 W/PackageManager( 2423): Failed to parse /system/framework/x86: Missing base APK in /system/framework/x86
05-25 11:34:28.255 W/PackageManager( 2423): Failed to parse /system/framework/x86_64: Missing base APK in /system/framework/x86_64
05-25 11:34:29.545 W/PackageParser( 2423): No actions in intent filter at /system/priv-app/Contacts/Contacts.apk Binary XML file line #409
05-25 11:34:30.314 W/PackageParser( 2423): No actions in intent filter at /system/priv-app/Dialer/Dialer.apk Binary XML file line #186
05-25 11:34:30.974 W/PackageManager( 2423): Permission android.permission.DOWNLOAD_WITHOUT_NOTIFICATION from package com.android.providers.downloads in an unknown group android.permission-group.NETWORK
05-25 11:34:33.984 W/PackageParser( 2423): Ignoring duplicate uses-permissions/uses-permissions-sdk-m: android.permission.USE_CREDENTIALS in package: com.android.settings at: Binary XML file line #53
05-25 11:34:33.984 W/PackageParser( 2423): Ignoring duplicate uses-permissions/uses-permissions-sdk-m: android.permission.READ_SYNC_SETTINGS in package: com.android.settings at: Binary XML file line #58
05-25 11:34:33.985 W/PackageParser( 2423): Ignoring duplicate uses-permissions/uses-permissions-sdk-m: android.permission.WRITE_SYNC_SETTINGS in package: com.android.settings at: Binary XML file line #59
05-25 11:34:34.838 W/PackageParser( 2423): Ignoring duplicate uses-permissions/uses-permissions-sdk-m: android.permission.INSTALL_GRANT_RUNTIME_PERMISSIONS in package: com.android.shell at: Binary XML file line #102
05-25 11:34:36.296 W/PackageParser( 2423): Ignoring duplicate uses-permissions/uses-permissions-sdk-m: android.permission.CONFIGURE_WIFI_DISPLAY in package: com.android.systemui at: Binary XML file line #123
05-25 11:34:37.697 I/art     ( 2423): Background sticky concurrent mark sweep GC freed 33411(2MB) AllocSpace objects, 20(416KB) LOS objects, 31% free, 6MB/10MB, paused 2.323ms total 478.008ms
05-25 11:34:38.533 W/PackageManager( 2423): Non-privileged app; cap priority to 0; package: com.android.calendar activity: com.android.calendar.GoogleCalendarUriIntentFilter origPrio: 50
05-25 11:34:38.787 W/PackageManager( 2423): Non-privileged app; cap priority to 0; package: com.android.cts.ctsshim activity: com.android.cts.ctsshim.InstallPriority origPrio: 100
05-25 11:34:38.787 W/PackageManager( 2423): Non-privileged app; cap priority to 0; package: com.android.cts.ctsshim activity: com.android.cts.ctsshim.InstallPriority origPrio: 100
05-25 11:34:38.788 W/PackageManager( 2423): Non-privileged app; cap priority to 0; package: com.android.cts.ctsshim activity: com.android.cts.ctsshim.InstallPriority origPrio: 100
05-25 11:34:38.788 W/PackageManager( 2423): Non-privileged app; cap priority to 0; package: com.android.cts.ctsshim activity: com.android.cts.ctsshim.InstallPriority origPrio: 100
05-25 11:34:38.788 W/PackageManager( 2423): Non-privileged app; cap priority to 0; package: com.android.cts.ctsshim activity: com.android.cts.ctsshim.InstallPriority origPrio: 100
05-25 11:34:40.236 W/PackageParser( 2423): Ignoring duplicate uses-permissions/uses-permissions-sdk-m: android.permission.WRITE_CONTACTS in package: com.android.email at: Binary XML file line #40
05-25 11:34:41.182 W/PackageParser( 2423): Unknown element under <application>: permission at /system/app/Gallery2/Gallery2.apk Binary XML file line #238
05-25 11:34:41.182 W/PackageParser( 2423): Unknown element under <application>: permission at /system/app/Gallery2/Gallery2.apk Binary XML file line #241
05-25 11:34:42.595 W/PackageManager( 2423): Permission com.android.launcher3.permission.READ_SETTINGS from package com.android.launcher3 in an unknown group android.permission-group.SYSTEM_TOOLS
05-25 11:34:42.595 W/PackageManager( 2423): Permission com.android.launcher3.permission.WRITE_SETTINGS from package com.android.launcher3 in an unknown group android.permission-group.SYSTEM_TOOLS
05-25 11:34:42.595 W/PackageManager( 2423): Permission com.android.launcher.permission.INSTALL_SHORTCUT from package com.android.launcher3 in an unknown group android.permission-group.SYSTEM_TOOLS
05-25 11:34:45.581 D/PackageManager( 2423): No files in app dir /system/vendor/app
05-25 11:34:45.582 D/PackageManager( 2423): No files in app dir /oem/app
05-25 11:34:46.973 W/PackageParser( 2423): No actions in intent filter at /data/app/ApiDemos/ApiDemos.apk Binary XML file line #3145
05-25 11:34:46.974 W/PackageParser( 2423): No actions in intent filter at /data/app/ApiDemos/ApiDemos.apk Binary XML file line #3151
05-25 11:34:46.995 W/PackageManager( 2423): Package com.example.android.apis desires unavailable shared library com.example.will.never.exist; ignoring!
05-25 11:34:47.019 I/SELinux ( 2423): SELinux: Loaded file_contexts contexts from /file_contexts.bin.
05-25 11:34:47.518 D/PackageManager( 2423): No files in app dir /data/app-private
05-25 11:34:47.590 D/PackageManager( 2423): No files in app dir /data/app-ephemeral
05-25 11:34:47.599 E/PackageManager( 2423): There should probably be exactly one setup wizard; found 0: matches=[]
05-25 11:34:47.640 W/PackageManager( 2423): Protected action; cap priority to 0; package: com.android.cts.priv.ctsshim activity: com.android.cts.priv.ctsshim.InstallPriority origPrio: 100
05-25 11:34:47.640 W/PackageManager( 2423): Protected action; cap priority to 0; package: com.android.cts.priv.ctsshim activity: com.android.cts.priv.ctsshim.InstallPriority origPrio: 100
05-25 11:34:47.640 W/PackageManager( 2423): Protected action; cap priority to 0; package: com.android.cts.priv.ctsshim activity: com.android.cts.priv.ctsshim.InstallPriority origPrio: 100
05-25 11:34:47.640 W/PackageManager( 2423): Protected action; cap priority to 0; package: com.android.cts.priv.ctsshim activity: com.android.cts.priv.ctsshim.InstallPriority origPrio: 100
05-25 11:34:47.640 W/PackageManager( 2423): Protected action; cap priority to 0; package: com.android.packageinstaller activity: com.android.packageinstaller.PackageInstallerActivity origPrio: 1
05-25 11:34:47.641 W/PackageManager( 2423): Package com.android.camera desires unavailable shared library com.google.android.media.effects; ignoring!
05-25 11:34:47.641 W/PackageManager( 2423): Package com.android.gallery3d desires unavailable shared library com.google.android.media.effects; ignoring!
05-25 11:34:47.641 W/PackageManager( 2423): Package com.android.gallery3d desires unavailable shared library com.google.android.media.effects; ignoring!
05-25 11:34:47.641 W/PackageManager( 2423): Package com.example.android.apis desires unavailable shared library com.example.will.never.exist; ignoring!
05-25 11:34:47.642 I/PackageManager( 2423): Adjusting ABI for com.android.providers.downloads.ui to x86_64 (requirer=com.android.mtp, scannedPackage=null)
05-25 11:34:47.692 I/PackageManager( 2423): Adjusting ABI for com.android.providers.downloads to x86_64 (requirer=com.android.mtp, scannedPackage=null)
05-25 11:34:47.781 I/PackageManager( 2423): Adjusting ABI for com.android.providers.media to x86_64 (requirer=com.android.mtp, scannedPackage=null)
05-25 11:34:47.801 I/PackageManager( 2423): Adjusting ABI for com.android.keychain to x86_64 (requirer=android, scannedPackage=null)
05-25 11:34:47.821 I/PackageManager( 2423): Adjusting ABI for com.android.location.fused to x86_64 (requirer=android, scannedPackage=null)
05-25 11:34:47.839 I/PackageManager( 2423): Adjusting ABI for com.android.providers.settings to x86_64 (requirer=android, scannedPackage=null)
05-25 11:34:47.852 I/PackageManager( 2423): Adjusting ABI for com.android.server.telecom to x86_64 (requirer=android, scannedPackage=null)
05-25 11:34:47.854 I/PackageManager( 2423): Adjusting ABI for com.android.settings to x86_64 (requirer=android, scannedPackage=null)
05-25 11:34:47.855 I/PackageManager( 2423): Adjusting ABI for com.android.wallpaperbackup to x86_64 (requirer=android, scannedPackage=null)
05-25 11:34:47.857 I/PackageManager( 2423): Adjusting ABI for com.android.inputdevices to x86_64 (requirer=android, scannedPackage=null)
05-25 11:34:47.972 I/PackageManager( 2423): Time to scan packages: 20.972 seconds
05-25 11:34:47.975 W/PackageManager( 2423): Unknown permission com.google.android.googleapps.permission.GOOGLE_AUTH in package com.android.providers.calendar
05-25 11:34:47.975 W/PackageManager( 2423): Unknown permission com.google.android.googleapps.permission.GOOGLE_AUTH.cl in package com.android.providers.calendar
05-25 11:34:47.977 W/PackageManager( 2423): Not granting permission android.permission.GLOBAL_SEARCH to package com.android.quicksearchbox (protectionLevel=18 flags=0x3808be45)
05-25 11:34:47.978 W/PackageManager( 2423): Not granting permission android.permission.WRITE_EXTERNAL_STORAGE to package gov.nasa.arc.astrobee.android.gs.manager because it was previously installed without
05-25 11:34:47.978 W/PackageManager( 2423): Not granting permission android.permission.READ_EXTERNAL_STORAGE to package gov.nasa.arc.astrobee.android.gs.manager because it was previously installed without
05-25 11:34:47.979 W/PackageManager( 2423): Unknown permission com.android.launcher.permission.READ_SETTINGS in package com.android.launcher3
05-25 11:34:47.979 W/PackageManager( 2423): Unknown permission com.android.launcher.permission.WRITE_SETTINGS in package com.android.launcher3
05-25 11:34:47.979 W/PackageManager( 2423): Not granting permission android.permission.BIND_APPWIDGET to package com.android.launcher3 (protectionLevel=18 flags=0x3c4bbe45)
05-25 11:34:47.979 W/PackageManager( 2423): Unknown permission com.google.android.googleapps.permission.GOOGLE_AUTH.mail in package com.android.calendar
05-25 11:34:47.979 W/PackageManager( 2423): Unknown permission com.google.android.providers.settings.permission.WRITE_GSETTINGS in package com.android.sdksetup
05-25 11:34:47.993 W/PackageManager( 2423): Unknown permission com.google.android.permission.INSTALL_WEARABLE_PACKAGES in package com.android.packageinstaller
05-25 11:34:47.993 W/PackageManager( 2423): Not granting permission android.permission.DELETE_PACKAGES to package com.svox.pico (protectionLevel=18 flags=0x3808be45)
05-25 11:34:47.993 W/PackageManager( 2423): Not granting permission android.permission.READ_CONTACTS to package com.example.android.apis because it was previously installed without
05-25 11:34:47.993 W/PackageManager( 2423): Not granting permission android.permission.WRITE_CONTACTS to package com.example.android.apis because it was previously installed without
05-25 11:34:47.994 W/PackageManager( 2423): Not granting permission android.permission.ACCESS_COARSE_LOCATION to package com.example.android.apis because it was previously installed without
05-25 11:34:47.994 W/PackageManager( 2423): Not granting permission android.permission.WRITE_EXTERNAL_STORAGE to package com.example.android.apis because it was previously installed without
05-25 11:34:47.994 W/PackageManager( 2423): Not granting permission android.permission.SEND_SMS to package com.example.android.apis because it was previously installed without
05-25 11:34:47.994 W/PackageManager( 2423): Not granting permission android.permission.RECEIVE_SMS to package com.example.android.apis because it was previously installed without
05-25 11:34:47.994 W/PackageManager( 2423): Not granting permission android.permission.RECEIVE_MMS to package com.example.android.apis because it was previously installed without
05-25 11:34:47.994 W/PackageManager( 2423): Not granting permission android.permission.READ_SMS to package com.example.android.apis because it was previously installed without
05-25 11:34:47.994 W/PackageManager( 2423): Not granting permission android.permission.READ_PHONE_STATE to package com.example.android.apis because it was previously installed without
05-25 11:34:47.994 W/PackageManager( 2423): Not granting permission android.permission.RECORD_AUDIO to package com.example.android.apis because it was previously installed without
05-25 11:34:47.994 W/PackageManager( 2423): Not granting permission android.permission.CAMERA to package com.example.android.apis because it was previously installed without
05-25 11:34:47.994 W/PackageManager( 2423): Not granting permission android.permission.READ_EXTERNAL_STORAGE to package com.example.android.apis because it was previously installed without
05-25 11:34:47.994 W/PackageManager( 2423): Unknown permission android.permission.RUN_INSTRUMENTATION in package org.chromium.webview_shell
05-25 11:34:47.995 W/PackageManager( 2423): Unknown permission com.google.android.googleapps.permission.GOOGLE_AUTH in package com.android.settings
05-25 11:34:47.995 W/PackageManager( 2423): Unknown permission com.android.launcher.permission.READ_SETTINGS in package com.android.settings
05-25 11:34:47.995 W/PackageManager( 2423): Unknown permission com.android.launcher.permission.WRITE_SETTINGS in package com.android.settings
05-25 11:34:47.996 W/PackageManager( 2423): Unknown permission com.android.smspush.WAPPUSH_MANAGER_BIND in package com.android.phone
05-25 11:34:47.997 W/PackageManager( 2423): Unknown permission com.google.android.googleapps.permission.ACCESS_GOOGLE_PASSWORD in package com.android.development
05-25 11:34:47.997 W/PackageManager( 2423): Unknown permission com.google.android.googleapps.permission.GOOGLE_AUTH in package com.android.development
05-25 11:34:47.997 W/PackageManager( 2423): Unknown permission com.google.android.googleapps.permission.GOOGLE_AUTH.ALL_SERVICES in package com.android.development
05-25 11:34:47.997 W/PackageManager( 2423): Unknown permission com.google.android.googleapps.permission.GOOGLE_AUTH.YouTubeUser in package com.android.development
05-25 11:34:47.998 W/PackageManager( 2423): Not granting permission android.permission.BIND_APPWIDGET to package com.android.widgetpreview (protectionLevel=18 flags=0x3808be44)
05-25 11:34:47.999 V/PackageManager( 2423): reconcileAppsData for null u0 0x3
05-25 11:34:48.143 I/SELinux ( 1328): SELinux: Loaded file_contexts contexts from /file_contexts.bin.
05-25 11:34:52.943 V/PackageManager( 2423): reconcileAppsData finished 81 packages
05-25 11:34:53.253 E/PackageManager( 2423): There should probably be a verifier, but, none were found
05-25 11:34:53.468 W/PackageInstaller( 2423): Abandoning old session first created at 1616675837967
05-25 11:34:53.502 W/PackageInstaller( 2423): Deleting orphan stage /data/app/vmdl1539828231.tmp
05-25 11:34:53.592 D/PackageManager( 2423): Ephemeral resolver NOT found; no matching intent filters
05-25 11:34:53.593 I/PackageManager( 2423): Ephemeral deactivated; missing resolver and installer
05-25 11:34:53.595 I/art     ( 2423): Starting a blocking GC Explicit
05-25 11:34:53.611 W/art     ( 2423): Long monitor contention with owner main (2423) at int android.net.LocalSocketImpl.readba_native(byte[], int, int, java.io.FileDescriptor)(LocalSocketImpl.java:-2) waiters=0 in void com.android.server.pm.Settings$RuntimePermissionPersistence.writePermissionsSync(int) for 3.334s
05-25 11:34:53.862 W/art     ( 2423): Suspending all threads took: 15.884ms
05-25 11:34:53.917 I/art     ( 2423): Explicit concurrent mark sweep GC freed 38039(2MB) AllocSpace objects, 4(80KB) LOS objects, 33% free, 7MB/11MB, paused 16.908ms total 293.519ms
05-25 11:34:53.989 I/SystemServer( 2423): StartOtaDexOptService
05-25 11:34:54.031 I/SystemServer( 2423): StartUserManagerService
05-25 11:34:54.032 I/SystemServiceManager( 2423): Starting com.android.server.pm.UserManagerService$LifeCycle
05-25 11:34:54.222 I/lowmemorykiller( 1317): ActivityManager connected
05-25 11:34:54.281 W/art     ( 2423): Long monitor contention with owner main (2423) at void com.android.server.am.ActivityManagerService.enqueueUidChangeLocked(com.android.server.am.UidRecord, int, int)(ActivityManagerService.java:20682) waiters=0 in void com.android.server.am.ActivityManagerService.dispatchUidsChanged() for 103ms
05-25 11:34:54.290 D/SensorService( 2423): nuSensorService starting...
05-25 11:34:54.400 I/SystemServiceManager( 2423): Starting com.android.server.BatteryService
05-25 11:34:54.414 D/SensorService( 2423): new thread SensorEventAckReceiver
05-25 11:34:54.417 D/SensorService( 2423): nuSensorService thread starting...
05-25 11:34:54.488 I/SystemServiceManager( 2423): Starting com.android.server.usage.UsageStatsService
05-25 11:34:54.741 I/SystemServiceManager( 2423): Starting com.android.server.webkit.WebViewUpdateService
05-25 11:34:54.788 I/SystemServer( 2423): Reading configuration...
05-25 11:34:54.789 I/SystemServer( 2423): StartSchedulingPolicyService
05-25 11:34:54.803 I/SystemServiceManager( 2423): Starting com.android.server.telecom.TelecomLoaderService
05-25 11:34:54.805 I/SystemServer( 2423): StartTelephonyRegistry
05-25 11:34:54.904 I/SystemServer( 2423): StartEntropyMixer
05-25 11:34:54.966 I/EntropyMixer( 2423): Writing entropy...
05-25 11:34:55.042 I/SystemServer( 2423): Camera Service
05-25 11:34:55.069 I/SystemServiceManager( 2423): Starting com.android.server.camera.CameraService
05-25 11:34:55.150 I/ServiceThread( 2423): Enabled StrictMode logging for CameraService_proxy looper.
05-25 11:34:55.155 I/SystemServer( 2423): StartAccountManagerService
05-25 11:34:55.160 I/SystemServiceManager( 2423): Starting com.android.server.accounts.AccountManagerService$Lifecycle
05-25 11:34:55.345 I/SystemServer( 2423): StartContentService
05-25 11:34:55.350 I/SystemServiceManager( 2423): Starting com.android.server.content.ContentService$Lifecycle
05-25 11:34:55.364 I/SystemServer( 2423): InstallSystemProviders
05-25 11:34:55.497 W/System  ( 2423): ClassLoader referenced unknown path: /system/priv-app/SettingsProvider/lib/x86_64
05-25 11:34:55.830 I/SystemServer( 2423): StartVibratorService
05-25 11:34:55.832 E/VibratorService( 2423): Couldn't load vibrator module (No such file or directory)
05-25 11:34:55.832 W/VibratorService( 2423): Tried to stop vibrating but there is no vibrator device.
05-25 11:34:55.838 I/SystemServer( 2423): StartConsumerIrService
05-25 11:34:55.839 E/ConsumerIrService( 2423): Can't open consumer IR HW Module, error: -2
05-25 11:34:55.913 I/SystemServer( 2423): StartAlarmManagerService
05-25 11:34:55.913 I/SystemServiceManager( 2423): Starting com.android.server.AlarmManagerService
05-25 11:34:55.924 W/AlarmManagerService( 2423): no wall clock RTC found
05-25 11:34:55.926 D/AlarmManagerService( 2423): Kernel timezone updated to 0 minutes west of GMT
05-25 11:34:55.959 I/SystemServer( 2423): InitWatchdog
05-25 11:34:55.973 I/SystemServer( 2423): StartInputManagerService
