06-08 13:43:53.286 E/Hyphenator( 1325): 	at android.text.Hyphenator.loadHyphenator(Hyphenator.java:118)
06-08 13:43:53.286 E/Hyphenator( 1325): 	at android.text.Hyphenator.init(Hyphenator.java:224)
06-08 13:43:53.286 E/Hyphenator( 1325): 	at com.android.internal.os.ZygoteInit.preloadTextResources(ZygoteInit.java:252)
06-08 13:43:53.286 E/Hyphenator( 1325): 	at com.android.internal.os.ZygoteInit.preload(ZygoteInit.java:206)
06-08 13:43:53.286 E/Hyphenator( 1325): 	at com.android.internal.os.ZygoteInit.main(ZygoteInit.java:743)
06-08 13:43:53.286 E/Hyphenator( 1325): Caused by: android.system.ErrnoException: open failed: ENOENT (No such file or directory)
06-08 13:43:53.286 E/Hyphenator( 1325): 	at libcore.io.Posix.open(Native Method)
06-08 13:43:53.286 E/Hyphenator( 1325): 	at libcore.io.BlockGuardOs.open(BlockGuardOs.java:187)
06-08 13:43:53.286 E/Hyphenator( 1325): 	at libcore.io.IoBridge.open(IoBridge.java:441)
06-08 13:43:53.286 E/Hyphenator( 1325): 	... 6 more
06-08 13:43:53.287 E/Hyphenator( 1325): error loading hyphenation /system/usr/hyphen-data/hyph-kn.hyb
06-08 13:43:53.287 E/Hyphenator( 1325): java.io.FileNotFoundException: /system/usr/hyphen-data/hyph-kn.hyb: open failed: ENOENT (No such file or directory)
06-08 13:43:53.287 E/Hyphenator( 1325): 	at libcore.io.IoBridge.open(IoBridge.java:455)
06-08 13:43:53.287 E/Hyphenator( 1325): 	at java.io.RandomAccessFile.<init>(RandomAccessFile.java:247)
06-08 13:43:53.287 E/Hyphenator( 1325): 	at android.text.Hyphenator.loadHyphenator(Hyphenator.java:118)
06-08 13:43:53.287 E/Hyphenator( 1325): 	at android.text.Hyphenator.init(Hyphenator.java:224)
06-08 13:43:53.287 E/Hyphenator( 1325): 	at com.android.internal.os.ZygoteInit.preloadTextResources(ZygoteInit.java:252)
06-08 13:43:53.287 E/Hyphenator( 1325): 	at com.android.internal.os.ZygoteInit.preload(ZygoteInit.java:206)
06-08 13:43:53.287 E/Hyphenator( 1325): 	at com.android.internal.os.ZygoteInit.main(ZygoteInit.java:743)
06-08 13:43:53.287 E/Hyphenator( 1325): Caused by: android.system.ErrnoException: open failed: ENOENT (No such file or directory)
06-08 13:43:53.287 E/Hyphenator( 1325): 	at libcore.io.Posix.open(Native Method)
06-08 13:43:53.287 E/Hyphenator( 1325): 	at libcore.io.BlockGuardOs.open(BlockGuardOs.java:187)
06-08 13:43:53.287 E/Hyphenator( 1325): 	at libcore.io.IoBridge.open(IoBridge.java:441)
06-08 13:43:53.287 E/Hyphenator( 1325): 	... 6 more
06-08 13:43:53.289 E/Hyphenator( 1325): error loading hyphenation /system/usr/hyphen-data/hyph-ml.hyb
06-08 13:43:53.289 E/Hyphenator( 1325): java.io.FileNotFoundException: /system/usr/hyphen-data/hyph-ml.hyb: open failed: ENOENT (No such file or directory)
06-08 13:43:53.289 E/Hyphenator( 1325): 	at libcore.io.IoBridge.open(IoBridge.java:455)
06-08 13:43:53.289 E/Hyphenator( 1325): 	at java.io.RandomAccessFile.<init>(RandomAccessFile.java:247)
06-08 13:43:53.289 E/Hyphenator( 1325): 	at android.text.Hyphenator.loadHyphenator(Hyphenator.java:118)
06-08 13:43:53.289 E/Hyphenator( 1325): 	at android.text.Hyphenator.init(Hyphenator.java:224)
06-08 13:43:53.289 E/Hyphenator( 1325): 	at com.android.internal.os.ZygoteInit.preloadTextResources(ZygoteInit.java:252)
06-08 13:43:53.289 E/Hyphenator( 1325): 	at com.android.internal.os.ZygoteInit.preload(ZygoteInit.java:206)
06-08 13:43:53.289 E/Hyphenator( 1325): 	at com.android.internal.os.ZygoteInit.main(ZygoteInit.java:743)
06-08 13:43:53.289 E/Hyphenator( 1325): Caused by: android.system.ErrnoException: open failed: ENOENT (No such file or directory)
06-08 13:43:53.289 E/Hyphenator( 1325): 	at libcore.io.Posix.open(Native Method)
06-08 13:43:53.289 E/Hyphenator( 1325): 	at libcore.io.BlockGuardOs.open(BlockGuardOs.java:187)
06-08 13:43:53.289 E/Hyphenator( 1325): 	at libcore.io.IoBridge.open(IoBridge.java:441)
06-08 13:43:53.289 E/Hyphenator( 1325): 	... 6 more
06-08 13:43:53.324 E/Hyphenator( 1325): error loading hyphenation /system/usr/hyphen-data/hyph-mn-cyrl.hyb
06-08 13:43:53.324 E/Hyphenator( 1325): java.io.FileNotFoundException: /system/usr/hyphen-data/hyph-mn-cyrl.hyb: open failed: ENOENT (No such file or directory)
06-08 13:43:53.324 E/Hyphenator( 1325): 	at libcore.io.IoBridge.open(IoBridge.java:455)
06-08 13:43:53.324 E/Hyphenator( 1325): 	at java.io.RandomAccessFile.<init>(RandomAccessFile.java:247)
06-08 13:43:53.324 E/Hyphenator( 1325): 	at android.text.Hyphenator.loadHyphenator(Hyphenator.java:118)
06-08 13:43:53.324 E/Hyphenator( 1325): 	at android.text.Hyphenator.init(Hyphenator.java:224)
06-08 13:43:53.324 E/Hyphenator( 1325): 	at com.android.internal.os.ZygoteInit.preloadTextResources(ZygoteInit.java:252)
06-08 13:43:53.324 E/Hyphenator( 1325): 	at com.android.internal.os.ZygoteInit.preload(ZygoteInit.java:206)
06-08 13:43:53.324 E/Hyphenator( 1325): 	at com.android.internal.os.ZygoteInit.main(ZygoteInit.java:743)
06-08 13:43:53.324 E/Hyphenator( 1325): Caused by: android.system.ErrnoException: open failed: ENOENT (No such file or directory)
06-08 13:43:53.324 E/Hyphenator( 1325): 	at libcore.io.Posix.open(Native Method)
06-08 13:43:53.324 E/Hyphenator( 1325): 	at libcore.io.BlockGuardOs.open(BlockGuardOs.java:187)
06-08 13:43:53.324 E/Hyphenator( 1325): 	at libcore.io.IoBridge.open(IoBridge.java:441)
06-08 13:43:53.324 E/Hyphenator( 1325): 	... 6 more
06-08 13:43:53.325 E/Hyphenator( 1325): error loading hyphenation /system/usr/hyphen-data/hyph-mr.hyb
06-08 13:43:53.325 E/Hyphenator( 1325): java.io.FileNotFoundException: /system/usr/hyphen-data/hyph-mr.hyb: open failed: ENOENT (No such file or directory)
06-08 13:43:53.325 E/Hyphenator( 1325): 	at libcore.io.IoBridge.open(IoBridge.java:455)
06-08 13:43:53.325 E/Hyphenator( 1325): 	at java.io.RandomAccessFile.<init>(RandomAccessFile.java:247)
06-08 13:43:53.325 E/Hyphenator( 1325): 	at android.text.Hyphenator.loadHyphenator(Hyphenator.java:118)
06-08 13:43:53.325 E/Hyphenator( 1325): 	at android.text.Hyphenator.init(Hyphenator.java:224)
06-08 13:43:53.325 E/Hyphenator( 1325): 	at com.android.internal.os.ZygoteInit.preloadTextResources(ZygoteInit.java:252)
06-08 13:43:53.325 E/Hyphenator( 1325): 	at com.android.internal.os.ZygoteInit.preload(ZygoteInit.java:206)
06-08 13:43:53.325 E/Hyphenator( 1325): 	at com.android.internal.os.ZygoteInit.main(ZygoteInit.java:743)
06-08 13:43:53.325 E/Hyphenator( 1325): Caused by: android.system.ErrnoException: open failed: ENOENT (No such file or directory)
06-08 13:43:53.325 E/Hyphenator( 1325): 	at libcore.io.Posix.open(Native Method)
06-08 13:43:53.325 E/Hyphenator( 1325): 	at libcore.io.BlockGuardOs.open(BlockGuardOs.java:187)
06-08 13:43:53.325 E/Hyphenator( 1325): 	at libcore.io.IoBridge.open(IoBridge.java:441)
06-08 13:43:53.325 E/Hyphenator( 1325): 	... 6 more
06-08 13:43:53.326 E/Hyphenator( 1325): error loading hyphenation /system/usr/hyphen-data/hyph-nb.hyb
06-08 13:43:53.326 E/Hyphenator( 1325): java.io.FileNotFoundException: /system/usr/hyphen-data/hyph-nb.hyb: open failed: ENOENT (No such file or directory)
06-08 13:43:53.326 E/Hyphenator( 1325): 	at libcore.io.IoBridge.open(IoBridge.java:455)
06-08 13:43:53.326 E/Hyphenator( 1325): 	at java.io.RandomAccessFile.<init>(RandomAccessFile.java:247)
06-08 13:43:53.326 E/Hyphenator( 1325): 	at android.text.Hyphenator.loadHyphenator(Hyphenator.java:118)
06-08 13:43:53.326 E/Hyphenator( 1325): 	at android.text.Hyphenator.init(Hyphenator.java:224)
06-08 13:43:53.326 E/Hyphenator( 1325): 	at com.android.internal.os.ZygoteInit.preloadTextResources(ZygoteInit.java:252)
06-08 13:43:53.326 E/Hyphenator( 1325): 	at com.android.internal.os.ZygoteInit.preload(ZygoteInit.java:206)
06-08 13:43:53.326 E/Hyphenator( 1325): 	at com.android.internal.os.ZygoteInit.main(ZygoteInit.java:743)
06-08 13:43:53.326 E/Hyphenator( 1325): Caused by: android.system.ErrnoException: open failed: ENOENT (No such file or directory)
06-08 13:43:53.326 E/Hyphenator( 1325): 	at libcore.io.Posix.open(Native Method)
06-08 13:43:53.326 E/Hyphenator( 1325): 	at libcore.io.BlockGuardOs.open(BlockGuardOs.java:187)
06-08 13:43:53.326 E/Hyphenator( 1325): 	at libcore.io.IoBridge.open(IoBridge.java:441)
06-08 13:43:53.326 E/Hyphenator( 1325): 	... 6 more
06-08 13:43:53.328 E/Hyphenator( 1325): error loading hyphenation /system/usr/hyphen-data/hyph-nn.hyb
06-08 13:43:53.328 E/Hyphenator( 1325): java.io.FileNotFoundException: /system/usr/hyphen-data/hyph-nn.hyb: open failed: ENOENT (No such file or directory)
06-08 13:43:53.328 E/Hyphenator( 1325): 	at libcore.io.IoBridge.open(IoBridge.java:455)
06-08 13:43:53.328 E/Hyphenator( 1325): 	at java.io.RandomAccessFile.<init>(RandomAccessFile.java:247)
06-08 13:43:53.328 E/Hyphenator( 1325): 	at android.text.Hyphenator.loadHyphenator(Hyphenator.java:118)
06-08 13:43:53.328 E/Hyphenator( 1325): 	at android.text.Hyphenator.init(Hyphenator.java:224)
06-08 13:43:53.328 E/Hyphenator( 1325): 	at com.android.internal.os.ZygoteInit.preloadTextResources(ZygoteInit.java:252)
06-08 13:43:53.328 E/Hyphenator( 1325): 	at com.android.internal.os.ZygoteInit.preload(ZygoteInit.java:206)
06-08 13:43:53.328 E/Hyphenator( 1325): 	at com.android.internal.os.ZygoteInit.main(ZygoteInit.java:743)
06-08 13:43:53.328 E/Hyphenator( 1325): Caused by: android.system.ErrnoException: open failed: ENOENT (No such file or directory)
06-08 13:43:53.328 E/Hyphenator( 1325): 	at libcore.io.Posix.open(Native Method)
06-08 13:43:53.328 E/Hyphenator( 1325): 	at libcore.io.BlockGuardOs.open(BlockGuardOs.java:187)
06-08 13:43:53.328 E/Hyphenator( 1325): 	at libcore.io.IoBridge.open(IoBridge.java:441)
06-08 13:43:53.328 E/Hyphenator( 1325): 	... 6 more
06-08 13:43:53.329 E/Hyphenator( 1325): error loading hyphenation /system/usr/hyphen-data/hyph-or.hyb
06-08 13:43:53.329 E/Hyphenator( 1325): java.io.FileNotFoundException: /system/usr/hyphen-data/hyph-or.hyb: open failed: ENOENT (No such file or directory)
06-08 13:43:53.329 E/Hyphenator( 1325): 	at libcore.io.IoBridge.open(IoBridge.java:455)
06-08 13:43:53.329 E/Hyphenator( 1325): 	at java.io.RandomAccessFile.<init>(RandomAccessFile.java:247)
06-08 13:43:53.329 E/Hyphenator( 1325): 	at android.text.Hyphenator.loadHyphenator(Hyphenator.java:118)
06-08 13:43:53.329 E/Hyphenator( 1325): 	at android.text.Hyphenator.init(Hyphenator.java:224)
06-08 13:43:53.329 E/Hyphenator( 1325): 	at com.android.internal.os.ZygoteInit.preloadTextResources(ZygoteInit.java:252)
06-08 13:43:53.329 E/Hyphenator( 1325): 	at com.android.internal.os.ZygoteInit.preload(ZygoteInit.java:206)
06-08 13:43:53.329 E/Hyphenator( 1325): 	at com.android.internal.os.ZygoteInit.main(ZygoteInit.java:743)
06-08 13:43:53.329 E/Hyphenator( 1325): Caused by: android.system.ErrnoException: open failed: ENOENT (No such file or directory)
06-08 13:43:53.329 E/Hyphenator( 1325): 	at libcore.io.Posix.open(Native Method)
06-08 13:43:53.329 E/Hyphenator( 1325): 	at libcore.io.BlockGuardOs.open(BlockGuardOs.java:187)
06-08 13:43:53.329 E/Hyphenator( 1325): 	at libcore.io.IoBridge.open(IoBridge.java:441)
06-08 13:43:53.329 E/Hyphenator( 1325): 	... 6 more
06-08 13:43:53.360 E/Hyphenator( 1323): error loading hyphenation /system/usr/hyphen-data/hyph-te.hyb
06-08 13:43:53.360 E/Hyphenator( 1323): java.io.FileNotFoundException: /system/usr/hyphen-data/hyph-te.hyb: open failed: ENOENT (No such file or directory)
06-08 13:43:53.360 E/Hyphenator( 1323): 	at libcore.io.IoBridge.open(IoBridge.java:455)
06-08 13:43:53.360 E/Hyphenator( 1323): 	at java.io.RandomAccessFile.<init>(RandomAccessFile.java:247)
06-08 13:43:53.360 E/Hyphenator( 1323): 	at android.text.Hyphenator.loadHyphenator(Hyphenator.java:118)
06-08 13:43:53.360 E/Hyphenator( 1323): 	at android.text.Hyphenator.init(Hyphenator.java:224)
06-08 13:43:53.360 E/Hyphenator( 1323): 	at com.android.internal.os.ZygoteInit.preloadTextResources(ZygoteInit.java:252)
06-08 13:43:53.360 E/Hyphenator( 1323): 	at com.android.internal.os.ZygoteInit.preload(ZygoteInit.java:206)
06-08 13:43:53.360 E/Hyphenator( 1323): 	at com.android.internal.os.ZygoteInit.main(ZygoteInit.java:743)
06-08 13:43:53.360 E/Hyphenator( 1323): Caused by: android.system.ErrnoException: open failed: ENOENT (No such file or directory)
06-08 13:43:53.360 E/Hyphenator( 1323): 	at libcore.io.Posix.open(Native Method)
06-08 13:43:53.360 E/Hyphenator( 1323): 	at libcore.io.BlockGuardOs.open(BlockGuardOs.java:187)
06-08 13:43:53.360 E/Hyphenator( 1323): 	at libcore.io.IoBridge.open(IoBridge.java:441)
06-08 13:43:53.360 E/Hyphenator( 1323): 	... 6 more
06-08 13:43:53.362 E/Hyphenator( 1323): error loading hyphenation /system/usr/hyphen-data/hyph-tk.hyb
06-08 13:43:53.362 E/Hyphenator( 1323): java.io.FileNotFoundException: /system/usr/hyphen-data/hyph-tk.hyb: open failed: ENOENT (No such file or directory)
06-08 13:43:53.362 E/Hyphenator( 1323): 	at libcore.io.IoBridge.open(IoBridge.java:455)
06-08 13:43:53.362 E/Hyphenator( 1323): 	at java.io.RandomAccessFile.<init>(RandomAccessFile.java:247)
06-08 13:43:53.362 E/Hyphenator( 1323): 	at android.text.Hyphenator.loadHyphenator(Hyphenator.java:118)
06-08 13:43:53.362 E/Hyphenator( 1323): 	at android.text.Hyphenator.init(Hyphenator.java:224)
06-08 13:43:53.362 E/Hyphenator( 1323): 	at com.android.internal.os.ZygoteInit.preloadTextResources(ZygoteInit.java:252)
06-08 13:43:53.362 E/Hyphenator( 1323): 	at com.android.internal.os.ZygoteInit.preload(ZygoteInit.java:206)
06-08 13:43:53.362 E/Hyphenator( 1323): 	at com.android.internal.os.ZygoteInit.main(ZygoteInit.java:743)
06-08 13:43:53.362 E/Hyphenator( 1323): Caused by: android.system.ErrnoException: open failed: ENOENT (No such file or directory)
06-08 13:43:53.362 E/Hyphenator( 1323): 	at libcore.io.Posix.open(Native Method)
06-08 13:43:53.362 E/Hyphenator( 1323): 	at libcore.io.BlockGuardOs.open(BlockGuardOs.java:187)
06-08 13:43:53.362 E/Hyphenator( 1323): 	at libcore.io.IoBridge.open(IoBridge.java:441)
06-08 13:43:53.362 E/Hyphenator( 1323): 	... 6 more
06-08 13:43:53.363 E/Hyphenator( 1323): error loading hyphenation /system/usr/hyphen-data/hyph-und-ethi.hyb
06-08 13:43:53.363 E/Hyphenator( 1323): java.io.FileNotFoundException: /system/usr/hyphen-data/hyph-und-ethi.hyb: open failed: ENOENT (No such file or directory)
06-08 13:43:53.363 E/Hyphenator( 1323): 	at libcore.io.IoBridge.open(IoBridge.java:455)
06-08 13:43:53.363 E/Hyphenator( 1323): 	at java.io.RandomAccessFile.<init>(RandomAccessFile.java:247)
06-08 13:43:53.363 E/Hyphenator( 1323): 	at android.text.Hyphenator.loadHyphenator(Hyphenator.java:118)
06-08 13:43:53.363 E/Hyphenator( 1323): 	at android.text.Hyphenator.init(Hyphenator.java:224)
06-08 13:43:53.363 E/Hyphenator( 1323): 	at com.android.internal.os.ZygoteInit.preloadTextResources(ZygoteInit.java:252)
06-08 13:43:53.363 E/Hyphenator( 1323): 	at com.android.internal.os.ZygoteInit.preload(ZygoteInit.java:206)
06-08 13:43:53.363 E/Hyphenator( 1323): 	at com.android.internal.os.ZygoteInit.main(ZygoteInit.java:743)
06-08 13:43:53.363 E/Hyphenator( 1323): Caused by: android.system.ErrnoException: open failed: ENOENT (No such file or directory)
06-08 13:43:53.363 E/Hyphenator( 1323): 	at libcore.io.Posix.open(Native Method)
06-08 13:43:53.363 E/Hyphenator( 1323): 	at libcore.io.BlockGuardOs.open(BlockGuardOs.java:187)
06-08 13:43:53.363 E/Hyphenator( 1323): 	at libcore.io.IoBridge.open(IoBridge.java:441)
06-08 13:43:53.363 E/Hyphenator( 1323): 	... 6 more
06-08 13:43:53.439 E/Hyphenator( 1325): error loading hyphenation /system/usr/hyphen-data/hyph-pa.hyb
06-08 13:43:53.439 E/Hyphenator( 1325): java.io.FileNotFoundException: /system/usr/hyphen-data/hyph-pa.hyb: open failed: ENOENT (No such file or directory)
06-08 13:43:53.439 E/Hyphenator( 1325): 	at libcore.io.IoBridge.open(IoBridge.java:455)
06-08 13:43:53.439 E/Hyphenator( 1325): 	at java.io.RandomAccessFile.<init>(RandomAccessFile.java:247)
06-08 13:43:53.439 E/Hyphenator( 1325): 	at android.text.Hyphenator.loadHyphenator(Hyphenator.java:118)
06-08 13:43:53.439 E/Hyphenator( 1325): 	at android.text.Hyphenator.init(Hyphenator.java:224)
06-08 13:43:53.439 E/Hyphenator( 1325): 	at com.android.internal.os.ZygoteInit.preloadTextResources(ZygoteInit.java:252)
06-08 13:43:53.439 E/Hyphenator( 1325): 	at com.android.internal.os.ZygoteInit.preload(ZygoteInit.java:206)
06-08 13:43:53.439 E/Hyphenator( 1325): 	at com.android.internal.os.ZygoteInit.main(ZygoteInit.java:743)
06-08 13:43:53.439 E/Hyphenator( 1325): Caused by: android.system.ErrnoException: open failed: ENOENT (No such file or directory)
06-08 13:43:53.439 E/Hyphenator( 1325): 	at libcore.io.Posix.open(Native Method)
06-08 13:43:53.439 E/Hyphenator( 1325): 	at libcore.io.BlockGuardOs.open(BlockGuardOs.java:187)
06-08 13:43:53.439 E/Hyphenator( 1325): 	at libcore.io.IoBridge.open(IoBridge.java:441)
06-08 13:43:53.439 E/Hyphenator( 1325): 	... 6 more
06-08 13:43:53.447 E/Hyphenator( 1325): error loading hyphenation /system/usr/hyphen-data/hyph-pt.hyb
06-08 13:43:53.447 E/Hyphenator( 1325): java.io.FileNotFoundException: /system/usr/hyphen-data/hyph-pt.hyb: open failed: ENOENT (No such file or directory)
06-08 13:43:53.447 E/Hyphenator( 1325): 	at libcore.io.IoBridge.open(IoBridge.java:455)
06-08 13:43:53.447 E/Hyphenator( 1325): 	at java.io.RandomAccessFile.<init>(RandomAccessFile.java:247)
06-08 13:43:53.447 E/Hyphenator( 1325): 	at android.text.Hyphenator.loadHyphenator(Hyphenator.java:118)
06-08 13:43:53.447 E/Hyphenator( 1325): 	at android.text.Hyphenator.init(Hyphenator.java:224)
06-08 13:43:53.447 E/Hyphenator( 1325): 	at com.android.internal.os.ZygoteInit.preloadTextResources(ZygoteInit.java:252)
06-08 13:43:53.447 E/Hyphenator( 1325): 	at com.android.internal.os.ZygoteInit.preload(ZygoteInit.java:206)
06-08 13:43:53.447 E/Hyphenator( 1325): 	at com.android.internal.os.ZygoteInit.main(ZygoteInit.java:743)
06-08 13:43:53.447 E/Hyphenator( 1325): Caused by: android.system.ErrnoException: open failed: ENOENT (No such file or directory)
06-08 13:43:53.447 E/Hyphenator( 1325): 	at libcore.io.Posix.open(Native Method)
06-08 13:43:53.447 E/Hyphenator( 1325): 	at libcore.io.BlockGuardOs.open(BlockGuardOs.java:187)
06-08 13:43:53.447 E/Hyphenator( 1325): 	at libcore.io.IoBridge.open(IoBridge.java:441)
06-08 13:43:53.447 E/Hyphenator( 1325): 	... 6 more
06-08 13:43:53.448 E/Hyphenator( 1325): error loading hyphenation /system/usr/hyphen-data/hyph-sl.hyb
06-08 13:43:53.448 E/Hyphenator( 1325): java.io.FileNotFoundException: /system/usr/hyphen-data/hyph-sl.hyb: open failed: ENOENT (No such file or directory)
06-08 13:43:53.448 E/Hyphenator( 1325): 	at libcore.io.IoBridge.open(IoBridge.java:455)
06-08 13:43:53.448 E/Hyphenator( 1325): 	at java.io.RandomAccessFile.<init>(RandomAccessFile.java:247)
06-08 13:43:53.448 E/Hyphenator( 1325): 	at android.text.Hyphenator.loadHyphenator(Hyphenator.java:118)
06-08 13:43:53.448 E/Hyphenator( 1325): 	at android.text.Hyphenator.init(Hyphenator.java:224)
06-08 13:43:53.448 E/Hyphenator( 1325): 	at com.android.internal.os.ZygoteInit.preloadTextResources(ZygoteInit.java:252)
06-08 13:43:53.448 E/Hyphenator( 1325): 	at com.android.internal.os.ZygoteInit.preload(ZygoteInit.java:206)
06-08 13:43:53.448 E/Hyphenator( 1325): 	at com.android.internal.os.ZygoteInit.main(ZygoteInit.java:743)
06-08 13:43:53.448 E/Hyphenator( 1325): Caused by: android.system.ErrnoException: open failed: ENOENT (No such file or directory)
06-08 13:43:53.448 E/Hyphenator( 1325): 	at libcore.io.Posix.open(Native Method)
06-08 13:43:53.448 E/Hyphenator( 1325): 	at libcore.io.BlockGuardOs.open(BlockGuardOs.java:187)
06-08 13:43:53.448 E/Hyphenator( 1325): 	at libcore.io.IoBridge.open(IoBridge.java:441)
06-08 13:43:53.448 E/Hyphenator( 1325): 	... 6 more
06-08 13:43:53.460 E/Hyphenator( 1325): error loading hyphenation /system/usr/hyphen-data/hyph-ta.hyb
06-08 13:43:53.460 E/Hyphenator( 1325): java.io.FileNotFoundException: /system/usr/hyphen-data/hyph-ta.hyb: open failed: ENOENT (No such file or directory)
06-08 13:43:53.460 E/Hyphenator( 1325): 	at libcore.io.IoBridge.open(IoBridge.java:455)
06-08 13:43:53.460 E/Hyphenator( 1325): 	at java.io.RandomAccessFile.<init>(RandomAccessFile.java:247)
06-08 13:43:53.460 E/Hyphenator( 1325): 	at android.text.Hyphenator.loadHyphenator(Hyphenator.java:118)
06-08 13:43:53.460 E/Hyphenator( 1325): 	at android.text.Hyphenator.init(Hyphenator.java:224)
06-08 13:43:53.460 E/Hyphenator( 1325): 	at com.android.internal.os.ZygoteInit.preloadTextResources(ZygoteInit.java:252)
06-08 13:43:53.460 E/Hyphenator( 1325): 	at com.android.internal.os.ZygoteInit.preload(ZygoteInit.java:206)
06-08 13:43:53.460 E/Hyphenator( 1325): 	at com.android.internal.os.ZygoteInit.main(ZygoteInit.java:743)
06-08 13:43:53.460 E/Hyphenator( 1325): Caused by: android.system.ErrnoException: open failed: ENOENT (No such file or directory)
06-08 13:43:53.460 E/Hyphenator( 1325): 	at libcore.io.Posix.open(Native Method)
06-08 13:43:53.460 E/Hyphenator( 1325): 	at libcore.io.BlockGuardOs.open(BlockGuardOs.java:187)
06-08 13:43:53.460 E/Hyphenator( 1325): 	at libcore.io.IoBridge.open(IoBridge.java:441)
06-08 13:43:53.460 E/Hyphenator( 1325): 	... 6 more
06-08 13:43:53.462 E/Hyphenator( 1325): error loading hyphenation /system/usr/hyphen-data/hyph-te.hyb
06-08 13:43:53.462 E/Hyphenator( 1325): java.io.FileNotFoundException: /system/usr/hyphen-data/hyph-te.hyb: open failed: ENOENT (No such file or directory)
06-08 13:43:53.462 E/Hyphenator( 1325): 	at libcore.io.IoBridge.open(IoBridge.java:455)
06-08 13:43:53.462 E/Hyphenator( 1325): 	at java.io.RandomAccessFile.<init>(RandomAccessFile.java:247)
06-08 13:43:53.462 E/Hyphenator( 1325): 	at android.text.Hyphenator.loadHyphenator(Hyphenator.java:118)
06-08 13:43:53.462 E/Hyphenator( 1325): 	at android.text.Hyphenator.init(Hyphenator.java:224)
06-08 13:43:53.462 E/Hyphenator( 1325): 	at com.android.internal.os.ZygoteInit.preloadTextResources(ZygoteInit.java:252)
06-08 13:43:53.462 E/Hyphenator( 1325): 	at com.android.internal.os.ZygoteInit.preload(ZygoteInit.java:206)
06-08 13:43:53.462 E/Hyphenator( 1325): 	at com.android.internal.os.ZygoteInit.main(ZygoteInit.java:743)
06-08 13:43:53.462 E/Hyphenator( 1325): Caused by: android.system.ErrnoException: open failed: ENOENT (No such file or directory)
06-08 13:43:53.462 E/Hyphenator( 1325): 	at libcore.io.Posix.open(Native Method)
06-08 13:43:53.462 E/Hyphenator( 1325): 	at libcore.io.BlockGuardOs.open(BlockGuardOs.java:187)
06-08 13:43:53.462 E/Hyphenator( 1325): 	at libcore.io.IoBridge.open(IoBridge.java:441)
06-08 13:43:53.462 E/Hyphenator( 1325): 	... 6 more
06-08 13:43:53.463 E/Hyphenator( 1325): error loading hyphenation /system/usr/hyphen-data/hyph-tk.hyb
06-08 13:43:53.463 E/Hyphenator( 1325): java.io.FileNotFoundException: /system/usr/hyphen-data/hyph-tk.hyb: open failed: ENOENT (No such file or directory)
06-08 13:43:53.463 E/Hyphenator( 1325): 	at libcore.io.IoBridge.open(IoBridge.java:455)
06-08 13:43:53.463 E/Hyphenator( 1325): 	at java.io.RandomAccessFile.<init>(RandomAccessFile.java:247)
06-08 13:43:53.463 E/Hyphenator( 1325): 	at android.text.Hyphenator.loadHyphenator(Hyphenator.java:118)
06-08 13:43:53.463 E/Hyphenator( 1325): 	at android.text.Hyphenator.init(Hyphenator.java:224)
06-08 13:43:53.463 E/Hyphenator( 1325): 	at com.android.internal.os.ZygoteInit.preloadTextResources(ZygoteInit.java:252)
06-08 13:43:53.463 E/Hyphenator( 1325): 	at com.android.internal.os.ZygoteInit.preload(ZygoteInit.java:206)
06-08 13:43:53.463 E/Hyphenator( 1325): 	at com.android.internal.os.ZygoteInit.main(ZygoteInit.java:743)
06-08 13:43:53.463 E/Hyphenator( 1325): Caused by: android.system.ErrnoException: open failed: ENOENT (No such file or directory)
06-08 13:43:53.463 E/Hyphenator( 1325): 	at libcore.io.Posix.open(Native Method)
06-08 13:43:53.463 E/Hyphenator( 1325): 	at libcore.io.BlockGuardOs.open(BlockGuardOs.java:187)
06-08 13:43:53.463 E/Hyphenator( 1325): 	at libcore.io.IoBridge.open(IoBridge.java:441)
06-08 13:43:53.463 E/Hyphenator( 1325): 	... 6 more
06-08 13:43:53.465 E/Hyphenator( 1325): error loading hyphenation /system/usr/hyphen-data/hyph-und-ethi.hyb
06-08 13:43:53.465 E/Hyphenator( 1325): java.io.FileNotFoundException: /system/usr/hyphen-data/hyph-und-ethi.hyb: open failed: ENOENT (No such file or directory)
06-08 13:43:53.465 E/Hyphenator( 1325): 	at libcore.io.IoBridge.open(IoBridge.java:455)
06-08 13:43:53.465 E/Hyphenator( 1325): 	at java.io.RandomAccessFile.<init>(RandomAccessFile.java:247)
06-08 13:43:53.465 E/Hyphenator( 1325): 	at android.text.Hyphenator.loadHyphenator(Hyphenator.java:118)
06-08 13:43:53.465 E/Hyphenator( 1325): 	at android.text.Hyphenator.init(Hyphenator.java:224)
06-08 13:43:53.465 E/Hyphenator( 1325): 	at com.android.internal.os.ZygoteInit.preloadTextResources(ZygoteInit.java:252)
06-08 13:43:53.465 E/Hyphenator( 1325): 	at com.android.internal.os.ZygoteInit.preload(ZygoteInit.java:206)
06-08 13:43:53.465 E/Hyphenator( 1325): 	at com.android.internal.os.ZygoteInit.main(ZygoteInit.java:743)
06-08 13:43:53.465 E/Hyphenator( 1325): Caused by: android.system.ErrnoException: open failed: ENOENT (No such file or directory)
06-08 13:43:53.465 E/Hyphenator( 1325): 	at libcore.io.Posix.open(Native Method)
06-08 13:43:53.465 E/Hyphenator( 1325): 	at libcore.io.BlockGuardOs.open(BlockGuardOs.java:187)
06-08 13:43:53.465 E/Hyphenator( 1325): 	at libcore.io.IoBridge.open(IoBridge.java:441)
06-08 13:43:53.465 E/Hyphenator( 1325): 	... 6 more
06-08 13:43:53.864 I/Zygote  ( 1323): Uninstalled ICU cache reference pinning...
06-08 13:43:53.961 I/Zygote  ( 1323): Installed AndroidKeyStoreProvider in 66ms.
06-08 13:43:54.090 W/art     ( 1323): Suspending all threads took: 21.410ms
06-08 13:43:54.101 I/Zygote  ( 1325): Uninstalled ICU cache reference pinning...
06-08 13:43:54.181 I/Zygote  ( 1325): Installed AndroidKeyStoreProvider in 79ms.
06-08 13:43:54.271 I/art     ( 1323): Background concurrent mark sweep GC freed 9026(663KB) AllocSpace objects, 4(164KB) LOS objects, 39% free, 6MB/10MB, paused 22.038ms total 270.995ms
06-08 13:43:54.548 I/Zygote  ( 1323): Warmed up JCA providers in 587ms.
06-08 13:43:54.548 D/Zygote  ( 1323): end preload
06-08 13:43:54.549 I/art     ( 1323): Starting a blocking GC Explicit
06-08 13:43:54.650 W/art     ( 1325): Suspending all threads took: 19.191ms
06-08 13:43:54.657 I/art     ( 1325): Background concurrent mark sweep GC freed 9123(636KB) AllocSpace objects, 4(164KB) LOS objects, 39% free, 6MB/10MB, paused 19.989ms total 256.890ms
06-08 13:43:54.700 I/art     ( 1323): Explicit concurrent mark sweep GC freed 3009(164KB) AllocSpace objects, 0(0B) LOS objects, 39% free, 6MB/10MB, paused 233us total 128.274ms
06-08 13:43:54.720 I/art     ( 1323): Starting a blocking GC Explicit
06-08 13:43:54.779 I/art     ( 1323): Explicit concurrent mark sweep GC freed 5(128B) AllocSpace objects, 0(0B) LOS objects, 39% free, 6MB/10MB, paused 217us total 45.771ms
06-08 13:43:54.804 I/art     ( 1323): Starting a blocking GC HeapTrim
06-08 13:43:54.905 I/art     ( 1323): Starting a blocking GC Background
06-08 13:43:55.069 I/Zygote  ( 1325): Warmed up JCA providers in 888ms.
06-08 13:43:55.069 D/Zygote  ( 1325): end preload
06-08 13:43:55.093 I/art     ( 1325): Starting a blocking GC Explicit
06-08 13:43:55.239 I/Zygote  ( 1323): System server process 1786 has been created
06-08 13:43:55.303 I/art     ( 1325): Explicit concurrent mark sweep GC freed 1967(106KB) AllocSpace objects, 0(0B) LOS objects, 39% free, 6MB/10MB, paused 319us total 209.543ms
06-08 13:43:55.316 I/Zygote  ( 1323): Accepting command socket connections
06-08 13:43:55.390 I/art     ( 1325): Starting a blocking GC Explicit
06-08 13:43:55.647 I/art     ( 1325): Explicit concurrent mark sweep GC freed 5(128B) AllocSpace objects, 0(0B) LOS objects, 39% free, 6MB/10MB, paused 321us total 256.209ms
06-08 13:43:55.681 I/Zygote  ( 1325): Accepting command socket connections
06-08 13:43:56.108 I/Zygote  ( 1786): Process: zygote socket opened, supported ABIS: x86
06-08 13:43:56.342 I/InstallerConnection( 1786): connecting...
06-08 13:43:56.347 I/        ( 1329): new connection
06-08 13:43:56.961 I/InstallerConnection( 1786): disconnecting...
06-08 13:43:56.970 E/        ( 1329): eof
06-08 13:43:56.970 E/        ( 1329): failed to read size
06-08 13:43:56.970 I/        ( 1329): closing connection
06-08 13:43:57.589 E/Netd    ( 1339): cannot find interface dummy0
06-08 13:43:57.707 D/MDnsDS  ( 1339): MDnsSdListener::Hander starting up
06-08 13:43:57.714 D/MDnsDS  ( 1339): MDnsSdListener starting to monitor
06-08 13:43:57.714 D/MDnsDS  ( 1339): Going to poll with pollCount 1
06-08 13:43:58.230 I/SystemServer( 1786): Entered the Android system server!
06-08 13:44:00.061 I/SystemServiceManager( 1786): Starting com.android.server.pm.Installer
06-08 13:44:00.170 I/Installer( 1786): Waiting for installd to be ready.
06-08 13:44:00.170 I/InstallerConnection( 1786): connecting...
06-08 13:44:00.172 I/        ( 1329): new connection
06-08 13:44:00.173 I/SystemServiceManager( 1786): Starting com.android.server.am.ActivityManagerService$Lifecycle
06-08 13:44:00.683 I/ActivityManager( 1786): Memory class: 256
06-08 13:44:00.710 I/ServiceThread( 1786): Enabled StrictMode logging for ActivityManager looper.
06-08 13:44:00.723 I/ServiceThread( 1786): Enabled StrictMode logging for android.ui looper.
06-08 13:44:00.903 D/BatteryStatsImpl( 1786): Reading daily items from /data/system/batterystats-daily.xml
06-08 13:44:02.299 I/IntentFirewall( 1786): Read new rules (A:0 B:0 S:0)
06-08 13:44:02.438 I/ServiceThread( 1786): Enabled StrictMode logging for android.display looper.
06-08 13:44:02.547 D/AppOps  ( 1786): AppOpsService published
06-08 13:44:02.548 I/SystemServiceManager( 1786): Starting com.android.server.power.PowerManagerService
06-08 13:44:02.601 I/ServiceThread( 1786): Enabled StrictMode logging for PowerManagerService looper.
06-08 13:44:02.653 E/PowerManagerService-JNI( 1786): Couldn't load power module (No such file or directory)
06-08 13:44:02.654 W/libsuspend( 1786): Error writing 'on' to /sys/power/state: Invalid argument
06-08 13:44:02.655 I/libsuspend( 1786): Selected wakeup count
06-08 13:44:02.781 I/SystemServiceManager( 1786): Starting com.android.server.lights.LightsService
06-08 13:44:02.878 I/SystemServiceManager( 1786): Starting com.android.server.display.DisplayManagerService
06-08 13:44:02.919 I/SystemServiceManager( 1786): Starting phase 100
06-08 13:44:02.936 E/SurfaceFlinger( 1320): ro.sf.lcd_density must be defined as a build property
06-08 13:44:03.014 I/DisplayManagerService( 1786): Display device added: DisplayDeviceInfo{"Built-in Screen": uniqueId="local:0", 1080 x 1920, modeId 1, defaultModeId 1, supportedModes [{id=1, width=1080, height=1920, fps=60.000004}], colorMode 0, supportedColorModes [0], HdrCapabilities android.view.Display$HdrCapabilities@a69d6308, density 480, 480.0 x 480.0 dpi, appVsyncOff 1000000, presDeadline 16666666, touch INTERNAL, rotation 0, type BUILT_IN, state UNKNOWN, FLAG_DEFAULT_DISPLAY, FLAG_ROTATES_WITH_CONTENT, FLAG_SECURE, FLAG_SUPPORTS_PROTECTED_BUFFERS}
06-08 13:44:03.017 D/SurfaceFlinger( 1320): Set power mode=2, type=0 flinger=0x718acb047000
06-08 13:44:03.017 D/SurfaceFlinger( 1320): Screen type=0 is already mode=2
06-08 13:44:03.019 I/SystemServer( 1786): StartPackageManagerService
06-08 13:44:03.021 I/DisplayManagerService( 1786): Display device changed state: "Built-in Screen", ON
06-08 13:44:03.422 W/SystemConfig( 1786): No directory /system/etc/sysconfig, skipping
06-08 13:44:03.804 D/SELinuxMMAC( 1786): Using policy file /system/etc/security/mac_permissions.xml
06-08 13:44:05.165 E/art     ( 1786): DexFile_getDexOptNeeded file '/system/framework/org.apache.http.legacy.jar' does not exist
06-08 13:44:05.168 W/PackageManager( 1786): Library not found: /system/framework/org.apache.http.legacy.jar
06-08 13:44:05.463 E/art     ( 1786): DexFile_getDexOptNeeded file '/system/framework/org.apache.http.legacy.jar' does not exist
06-08 13:44:05.464 W/PackageManager( 1786): Library not found: /system/framework/org.apache.http.legacy.jar
06-08 13:44:05.571 D/PackageManager( 1786): No files in app dir /vendor/overlay
06-08 13:44:06.274 W/PackageManager( 1786): Failed to parse /system/framework/oat: Missing base APK in /system/framework/oat
06-08 13:44:06.276 W/PackageManager( 1786): Failed to parse /system/framework/x86: Missing base APK in /system/framework/x86
06-08 13:44:06.278 W/PackageManager( 1786): Failed to parse /system/framework/x86_64: Missing base APK in /system/framework/x86_64
06-08 13:44:07.567 W/PackageParser( 1786): No actions in intent filter at /system/priv-app/Contacts/Contacts.apk Binary XML file line #409
06-08 13:44:08.507 W/PackageParser( 1786): No actions in intent filter at /system/priv-app/Dialer/Dialer.apk Binary XML file line #186
06-08 13:44:08.914 W/PackageManager( 1786): Permission android.permission.DOWNLOAD_WITHOUT_NOTIFICATION from package com.android.providers.downloads in an unknown group android.permission-group.NETWORK
06-08 13:44:11.531 W/PackageParser( 1786): Ignoring duplicate uses-permissions/uses-permissions-sdk-m: android.permission.USE_CREDENTIALS in package: com.android.settings at: Binary XML file line #53
06-08 13:44:11.532 W/PackageParser( 1786): Ignoring duplicate uses-permissions/uses-permissions-sdk-m: android.permission.READ_SYNC_SETTINGS in package: com.android.settings at: Binary XML file line #58
06-08 13:44:11.532 W/PackageParser( 1786): Ignoring duplicate uses-permissions/uses-permissions-sdk-m: android.permission.WRITE_SYNC_SETTINGS in package: com.android.settings at: Binary XML file line #59
06-08 13:44:12.677 W/PackageParser( 1786): Ignoring duplicate uses-permissions/uses-permissions-sdk-m: android.permission.INSTALL_GRANT_RUNTIME_PERMISSIONS in package: com.android.shell at: Binary XML file line #102
06-08 13:44:13.667 W/PackageParser( 1786): Ignoring duplicate uses-permissions/uses-permissions-sdk-m: android.permission.CONFIGURE_WIFI_DISPLAY in package: com.android.systemui at: Binary XML file line #123
06-08 13:44:14.713 I/art     ( 1786): Background sticky concurrent mark sweep GC freed 33299(2MB) AllocSpace objects, 20(416KB) LOS objects, 31% free, 6MB/10MB, paused 2.004ms total 327.242ms
06-08 13:44:16.038 W/PackageManager( 1786): Non-privileged app; cap priority to 0; package: com.android.calendar activity: com.android.calendar.GoogleCalendarUriIntentFilter origPrio: 50
06-08 13:44:16.364 W/PackageManager( 1786): Non-privileged app; cap priority to 0; package: com.android.cts.ctsshim activity: com.android.cts.ctsshim.InstallPriority origPrio: 100
06-08 13:44:16.364 W/PackageManager( 1786): Non-privileged app; cap priority to 0; package: com.android.cts.ctsshim activity: com.android.cts.ctsshim.InstallPriority origPrio: 100
06-08 13:44:16.364 W/PackageManager( 1786): Non-privileged app; cap priority to 0; package: com.android.cts.ctsshim activity: com.android.cts.ctsshim.InstallPriority origPrio: 100
06-08 13:44:16.365 W/PackageManager( 1786): Non-privileged app; cap priority to 0; package: com.android.cts.ctsshim activity: com.android.cts.ctsshim.InstallPriority origPrio: 100
06-08 13:44:16.365 W/PackageManager( 1786): Non-privileged app; cap priority to 0; package: com.android.cts.ctsshim activity: com.android.cts.ctsshim.InstallPriority origPrio: 100
06-08 13:44:17.473 W/PackageParser( 1786): Ignoring duplicate uses-permissions/uses-permissions-sdk-m: android.permission.WRITE_CONTACTS in package: com.android.email at: Binary XML file line #40
06-08 13:44:18.364 W/PackageParser( 1786): Unknown element under <application>: permission at /system/app/Gallery2/Gallery2.apk Binary XML file line #238
06-08 13:44:18.364 W/PackageParser( 1786): Unknown element under <application>: permission at /system/app/Gallery2/Gallery2.apk Binary XML file line #241
06-08 13:44:19.409 W/PackageManager( 1786): Permission com.android.launcher3.permission.READ_SETTINGS from package com.android.launcher3 in an unknown group android.permission-group.SYSTEM_TOOLS
06-08 13:44:19.409 W/PackageManager( 1786): Permission com.android.launcher3.permission.WRITE_SETTINGS from package com.android.launcher3 in an unknown group android.permission-group.SYSTEM_TOOLS
06-08 13:44:19.409 W/PackageManager( 1786): Permission com.android.launcher.permission.INSTALL_SHORTCUT from package com.android.launcher3 in an unknown group android.permission-group.SYSTEM_TOOLS
06-08 13:44:22.184 D/PackageManager( 1786): No files in app dir /system/vendor/app
06-08 13:44:22.185 D/PackageManager( 1786): No files in app dir /oem/app
06-08 13:44:23.489 W/PackageParser( 1786): No actions in intent filter at /data/app/ApiDemos/ApiDemos.apk Binary XML file line #3145
06-08 13:44:23.516 W/PackageParser( 1786): No actions in intent filter at /data/app/ApiDemos/ApiDemos.apk Binary XML file line #3151
06-08 13:44:23.615 W/PackageManager( 1786): Package com.example.android.apis desires unavailable shared library com.example.will.never.exist; ignoring!
06-08 13:44:23.637 I/SELinux ( 1786): SELinux: Loaded file_contexts contexts from /file_contexts.bin.
06-08 13:44:24.168 D/PackageManager( 1786): No files in app dir /data/app-private
06-08 13:44:24.170 D/PackageManager( 1786): No files in app dir /data/app-ephemeral
06-08 13:44:24.183 E/PackageManager( 1786): There should probably be exactly one setup wizard; found 0: matches=[]
06-08 13:44:24.184 W/PackageManager( 1786): Protected action; cap priority to 0; package: com.android.cts.priv.ctsshim activity: com.android.cts.priv.ctsshim.InstallPriority origPrio: 100
06-08 13:44:24.184 W/PackageManager( 1786): Protected action; cap priority to 0; package: com.android.cts.priv.ctsshim activity: com.android.cts.priv.ctsshim.InstallPriority origPrio: 100
06-08 13:44:24.184 W/PackageManager( 1786): Protected action; cap priority to 0; package: com.android.cts.priv.ctsshim activity: com.android.cts.priv.ctsshim.InstallPriority origPrio: 100
06-08 13:44:24.184 W/PackageManager( 1786): Protected action; cap priority to 0; package: com.android.cts.priv.ctsshim activity: com.android.cts.priv.ctsshim.InstallPriority origPrio: 100
06-08 13:44:24.184 W/PackageManager( 1786): Protected action; cap priority to 0; package: com.android.packageinstaller activity: com.android.packageinstaller.PackageInstallerActivity origPrio: 1
06-08 13:44:24.184 W/PackageManager( 1786): Package com.android.camera desires unavailable shared library com.google.android.media.effects; ignoring!
06-08 13:44:24.184 W/PackageManager( 1786): Package com.android.gallery3d desires unavailable shared library com.google.android.media.effects; ignoring!
06-08 13:44:24.184 W/PackageManager( 1786): Package com.android.gallery3d desires unavailable shared library com.google.android.media.effects; ignoring!
06-08 13:44:24.185 W/PackageManager( 1786): Package com.example.android.apis desires unavailable shared library com.example.will.never.exist; ignoring!
06-08 13:44:24.186 I/PackageManager( 1786): Adjusting ABI for com.android.providers.downloads to x86_64 (requirer=com.android.mtp, scannedPackage=null)
06-08 13:44:24.202 I/PackageManager( 1786): Adjusting ABI for com.android.providers.media to x86_64 (requirer=com.android.mtp, scannedPackage=null)
06-08 13:44:24.205 I/PackageManager( 1786): Adjusting ABI for com.android.providers.downloads.ui to x86_64 (requirer=com.android.mtp, scannedPackage=null)
06-08 13:44:24.207 I/PackageManager( 1786): Adjusting ABI for com.android.providers.settings to x86_64 (requirer=android, scannedPackage=null)
06-08 13:44:24.209 I/PackageManager( 1786): Adjusting ABI for com.android.wallpaperbackup to x86_64 (requirer=android, scannedPackage=null)
06-08 13:44:24.221 I/PackageManager( 1786): Adjusting ABI for com.android.server.telecom to x86_64 (requirer=android, scannedPackage=null)
06-08 13:44:24.223 I/PackageManager( 1786): Adjusting ABI for com.android.settings to x86_64 (requirer=android, scannedPackage=null)
06-08 13:44:24.225 I/PackageManager( 1786): Adjusting ABI for com.android.keychain to x86_64 (requirer=android, scannedPackage=null)
06-08 13:44:24.227 I/PackageManager( 1786): Adjusting ABI for com.android.inputdevices to x86_64 (requirer=android, scannedPackage=null)
06-08 13:44:24.228 I/PackageManager( 1786): Adjusting ABI for com.android.location.fused to x86_64 (requirer=android, scannedPackage=null)
06-08 13:44:24.268 I/PackageManager( 1786): Time to scan packages: 19.331 seconds
06-08 13:44:24.282 W/PackageManager( 1786): Unknown permission com.google.android.googleapps.permission.GOOGLE_AUTH in package com.android.providers.calendar
06-08 13:44:24.282 W/PackageManager( 1786): Unknown permission com.google.android.googleapps.permission.GOOGLE_AUTH.cl in package com.android.providers.calendar
06-08 13:44:24.283 W/PackageManager( 1786): Not granting permission android.permission.GLOBAL_SEARCH to package com.android.quicksearchbox (protectionLevel=18 flags=0x3808be45)
06-08 13:44:24.284 W/PackageManager( 1786): Not granting permission android.permission.WRITE_EXTERNAL_STORAGE to package gov.nasa.arc.astrobee.android.gs.manager because it was previously installed without
06-08 13:44:24.285 W/PackageManager( 1786): Not granting permission android.permission.READ_EXTERNAL_STORAGE to package gov.nasa.arc.astrobee.android.gs.manager because it was previously installed without
06-08 13:44:24.285 W/PackageManager( 1786): Unknown permission com.android.launcher.permission.READ_SETTINGS in package com.android.launcher3
06-08 13:44:24.285 W/PackageManager( 1786): Unknown permission com.android.launcher.permission.WRITE_SETTINGS in package com.android.launcher3
06-08 13:44:24.285 W/PackageManager( 1786): Not granting permission android.permission.BIND_APPWIDGET to package com.android.launcher3 (protectionLevel=18 flags=0x3c4bbe45)
06-08 13:44:24.286 W/PackageManager( 1786): Unknown permission com.google.android.googleapps.permission.GOOGLE_AUTH.mail in package com.android.calendar
06-08 13:44:24.286 W/PackageManager( 1786): Unknown permission com.google.android.providers.settings.permission.WRITE_GSETTINGS in package com.android.sdksetup
06-08 13:44:24.287 W/PackageManager( 1786): Unknown permission com.google.android.permission.INSTALL_WEARABLE_PACKAGES in package com.android.packageinstaller
06-08 13:44:24.287 W/PackageManager( 1786): Not granting permission android.permission.DELETE_PACKAGES to package com.svox.pico (protectionLevel=18 flags=0x3808be45)
06-08 13:44:24.287 W/PackageManager( 1786): Not granting permission android.permission.READ_CONTACTS to package com.example.android.apis because it was previously installed without
06-08 13:44:24.287 W/PackageManager( 1786): Not granting permission android.permission.WRITE_CONTACTS to package com.example.android.apis because it was previously installed without
06-08 13:44:24.288 W/PackageManager( 1786): Not granting permission android.permission.ACCESS_COARSE_LOCATION to package com.example.android.apis because it was previously installed without
06-08 13:44:24.288 W/PackageManager( 1786): Not granting permission android.permission.WRITE_EXTERNAL_STORAGE to package com.example.android.apis because it was previously installed without
06-08 13:44:24.288 W/PackageManager( 1786): Not granting permission android.permission.SEND_SMS to package com.example.android.apis because it was previously installed without
06-08 13:44:24.288 W/PackageManager( 1786): Not granting permission android.permission.RECEIVE_SMS to package com.example.android.apis because it was previously installed without
06-08 13:44:24.288 W/PackageManager( 1786): Not granting permission android.permission.RECEIVE_MMS to package com.example.android.apis because it was previously installed without
06-08 13:44:24.288 W/PackageManager( 1786): Not granting permission android.permission.READ_SMS to package com.example.android.apis because it was previously installed without
06-08 13:44:24.288 W/PackageManager( 1786): Not granting permission android.permission.READ_PHONE_STATE to package com.example.android.apis because it was previously installed without
06-08 13:44:24.288 W/PackageManager( 1786): Not granting permission android.permission.RECORD_AUDIO to package com.example.android.apis because it was previously installed without
06-08 13:44:24.288 W/PackageManager( 1786): Not granting permission android.permission.CAMERA to package com.example.android.apis because it was previously installed without
06-08 13:44:24.288 W/PackageManager( 1786): Not granting permission android.permission.READ_EXTERNAL_STORAGE to package com.example.android.apis because it was previously installed without
06-08 13:44:24.288 W/PackageManager( 1786): Unknown permission android.permission.RUN_INSTRUMENTATION in package org.chromium.webview_shell
06-08 13:44:24.289 W/PackageManager( 1786): Unknown permission com.google.android.googleapps.permission.GOOGLE_AUTH in package com.android.settings
06-08 13:44:24.289 W/PackageManager( 1786): Unknown permission com.android.launcher.permission.READ_SETTINGS in package com.android.settings
06-08 13:44:24.289 W/PackageManager( 1786): Unknown permission com.android.launcher.permission.WRITE_SETTINGS in package com.android.settings
06-08 13:44:24.339 W/PackageManager( 1786): Unknown permission com.android.smspush.WAPPUSH_MANAGER_BIND in package com.android.phone
06-08 13:44:24.352 W/PackageManager( 1786): Unknown permission com.google.android.googleapps.permission.ACCESS_GOOGLE_PASSWORD in package com.android.development
06-08 13:44:24.352 W/PackageManager( 1786): Unknown permission com.google.android.googleapps.permission.GOOGLE_AUTH in package com.android.development
06-08 13:44:24.353 W/PackageManager( 1786): Unknown permission com.google.android.googleapps.permission.GOOGLE_AUTH.ALL_SERVICES in package com.android.development
06-08 13:44:24.353 W/PackageManager( 1786): Unknown permission com.google.android.googleapps.permission.GOOGLE_AUTH.YouTubeUser in package com.android.development
06-08 13:44:24.353 W/PackageManager( 1786): Not granting permission android.permission.BIND_APPWIDGET to package com.android.widgetpreview (protectionLevel=18 flags=0x3808be44)
06-08 13:44:24.354 V/PackageManager( 1786): reconcileAppsData for null u0 0x3
06-08 13:44:24.534 I/SELinux ( 1329): SELinux: Loaded file_contexts contexts from /file_contexts.bin.
06-08 13:44:29.631 V/PackageManager( 1786): reconcileAppsData finished 81 packages
06-08 13:44:30.103 E/PackageManager( 1786): There should probably be a verifier, but, none were found
06-08 13:44:30.309 W/PackageInstaller( 1786): Abandoning old session first created at 1616675837967
06-08 13:44:30.323 W/PackageInstaller( 1786): Deleting orphan stage /data/app/vmdl1539828231.tmp
06-08 13:44:30.364 D/PackageManager( 1786): Ephemeral resolver NOT found; no matching intent filters
06-08 13:44:30.365 I/PackageManager( 1786): Ephemeral deactivated; missing resolver and installer
06-08 13:44:30.367 I/art     ( 1786): Starting a blocking GC Explicit
06-08 13:44:30.382 W/art     ( 1786): Long monitor contention with owner main (1786) at int android.net.LocalSocketImpl.readba_native(byte[], int, int, java.io.FileDescriptor)(LocalSocketImpl.java:-2) waiters=0 in void com.android.server.pm.Settings$RuntimePermissionPersistence.writePermissionsSync(int) for 3.369s
06-08 13:44:30.661 I/art     ( 1786): Explicit concurrent mark sweep GC freed 38027(2MB) AllocSpace objects, 4(80KB) LOS objects, 33% free, 7MB/10MB, paused 1.701ms total 279.705ms
06-08 13:44:30.709 I/SystemServer( 1786): StartOtaDexOptService
06-08 13:44:30.838 I/SystemServer( 1786): StartUserManagerService
06-08 13:44:30.839 I/SystemServiceManager( 1786): Starting com.android.server.pm.UserManagerService$LifeCycle
06-08 13:44:31.042 I/lowmemorykiller( 1318): ActivityManager connected
06-08 13:44:31.106 D/SensorService( 1786): nuSensorService starting...
06-08 13:44:31.169 I/SystemServiceManager( 1786): Starting com.android.server.BatteryService
06-08 13:44:31.204 D/SensorService( 1786): nuSensorService thread starting...
06-08 13:44:31.206 D/SensorService( 1786): new thread SensorEventAckReceiver
06-08 13:44:31.324 I/SystemServiceManager( 1786): Starting com.android.server.usage.UsageStatsService
06-08 13:44:31.670 I/SystemServiceManager( 1786): Starting com.android.server.webkit.WebViewUpdateService
06-08 13:44:31.709 I/SystemServer( 1786): Reading configuration...
06-08 13:44:31.732 I/SystemServer( 1786): StartSchedulingPolicyService
06-08 13:44:31.790 I/SystemServiceManager( 1786): Starting com.android.server.telecom.TelecomLoaderService
06-08 13:44:31.792 I/SystemServer( 1786): StartTelephonyRegistry
06-08 13:44:31.865 I/SystemServer( 1786): StartEntropyMixer
06-08 13:44:31.945 I/EntropyMixer( 1786): Writing entropy...
06-08 13:44:32.072 I/SystemServer( 1786): Camera Service
06-08 13:44:32.080 I/SystemServiceManager( 1786): Starting com.android.server.camera.CameraService
06-08 13:44:32.094 I/ServiceThread( 1786): Enabled StrictMode logging for CameraService_proxy looper.
06-08 13:44:32.098 I/SystemServer( 1786): StartAccountManagerService
06-08 13:44:32.100 I/SystemServiceManager( 1786): Starting com.android.server.accounts.AccountManagerService$Lifecycle
06-08 13:44:32.227 I/SystemServer( 1786): StartContentService
06-08 13:44:32.230 I/SystemServiceManager( 1786): Starting com.android.server.content.ContentService$Lifecycle
06-08 13:44:32.264 I/SystemServer( 1786): InstallSystemProviders
06-08 13:44:32.381 W/System  ( 1786): ClassLoader referenced unknown path: /system/priv-app/SettingsProvider/lib/x86_64
06-08 13:44:32.730 I/SystemServer( 1786): StartVibratorService
06-08 13:44:32.795 E/VibratorService( 1786): Couldn't load vibrator module (No such file or directory)
06-08 13:44:32.795 W/VibratorService( 1786): Tried to stop vibrating but there is no vibrator device.
06-08 13:44:32.832 I/SystemServer( 1786): StartConsumerIrService
06-08 13:44:32.833 E/ConsumerIrService( 1786): Can't open consumer IR HW Module, error: -2
06-08 13:44:32.867 I/SystemServer( 1786): StartAlarmManagerService
06-08 13:44:32.867 I/SystemServiceManager( 1786): Starting com.android.server.AlarmManagerService
