06-08 13:50:16.981 I/DefaultPublisher( 2843): Publisher registered: Publisher<PublisherDefinition<PublisherIdentifier<NodeIdentifier</guest_science_manager, http://hlp:37553/>, TopicIdentifier</gs/gs_manager/config>>, Topic<TopicIdentifier</gs/gs_manager/config>, TopicDescription<ff_msgs/GuestScienceConfig, c6f632ed2411de4159494a3e7754794e>>>>
06-08 13:50:17.165 I/Registrar( 2843): Response<Success, Registered [/guest_science_manager] as publisher of [/gs/data], []>
06-08 13:50:17.281 I/DefaultPublisher( 2843): Publisher registered: Publisher<PublisherDefinition<PublisherIdentifier<NodeIdentifier</guest_science_manager, http://hlp:37553/>, TopicIdentifier</gs/data>>, Topic<TopicIdentifier</gs/data>, TopicDescription<ff_msgs/GuestScienceData, edd2c791ea93ffa7cb0ec80c5bb00972>>>>
06-08 13:50:17.475 I/Registrar( 2843): Registering subscriber: Subscriber<Topic<TopicIdentifier</mgt/executive/command>, TopicDescription<ff_msgs/CommandStamped, ac01350894b1be9e3a7b4f390a14812d>>>
06-08 13:50:17.527 I/Registrar( 2843): Response<Success, Registered [/guest_science_manager] as publisher of [/gs/gs_manager/state], [http://10.42.0.34:45460/, http://10.42.0.34:37945/]>
06-08 13:50:17.566 I/art     ( 2843): Background sticky concurrent mark sweep GC freed 27385(2MB) AllocSpace objects, 19(384KB) LOS objects, 15% free, 8MB/10MB, paused 13.754ms total 1.077s
06-08 13:50:17.607 I/DefaultPublisher( 2843): Publisher registered: Publisher<PublisherDefinition<PublisherIdentifier<NodeIdentifier</guest_science_manager, http://hlp:37553/>, TopicIdentifier</gs/gs_manager/state>>, Topic<TopicIdentifier</gs/gs_manager/state>, TopicDescription<ff_msgs/GuestScienceState, 24e5a1ba8527257cc710720a32de6e51>>>>
06-08 13:50:17.845 I/Registrar( 2843): Response<Success, Subscribed to [/mgt/executive/command], [http://10.42.0.34:45460/]>
06-08 13:50:17.874 I/DefaultSubscriber( 2843): Subscriber registered: Subscriber<Topic<TopicIdentifier</mgt/executive/command>, TopicDescription<ff_msgs/CommandStamped, ac01350894b1be9e3a7b4f390a14812d>>>
06-08 13:50:18.104 W/ActivityManager( 1786): Slow operation: 241ms so far, now at startProcess: returned from zygote!
06-08 13:50:18.105 W/ActivityManager( 1786): Slow operation: 247ms so far, now at startProcess: done updating battery stats
06-08 13:50:18.106 W/ActivityManager( 1786): Slow operation: 249ms so far, now at startProcess: building log message
06-08 13:50:18.107 I/ActivityManager( 1786): Start proc 2920:jp.jaxa.iss.kibo.rpc.sampleapk/u0a64 for broadcast jp.jaxa.iss.kibo.rpc.sampleapk/gov.nasa.arc.astrobee.android.gs.InfoInqueryBroadcastReceiver
06-08 13:50:18.107 W/ActivityManager( 1786): Slow operation: 249ms so far, now at startProcess: starting to update pids map
06-08 13:50:18.107 W/ActivityManager( 1786): Slow operation: 249ms so far, now at startProcess: done updating pids map
06-08 13:50:18.107 W/ActivityManager( 1786): Slow operation: 281ms so far, now at startProcess: done starting proc!
06-08 13:50:18.166 W/art     ( 1786): Long monitor contention with owner ActivityManager (1827) at void com.android.server.am.BroadcastQueue.processNextBroadcast(boolean)(BroadcastQueue.java:760) waiters=1 in void com.android.server.am.ActivityManagerService.dispatchUidsChanged() for 303ms
06-08 13:50:18.220 I/art     ( 2920): Not late-enabling -Xcheck:jni (already on)
06-08 13:50:18.266 W/art     ( 2920): Unexpected CPU variant for X86 using defaults: x86_64
06-08 13:50:18.328 W/art     ( 2843): Suspending all threads took: 17.517ms
06-08 13:50:18.429 I/art     ( 2843): Background partial concurrent mark sweep GC freed 21848(1712KB) AllocSpace objects, 28(560KB) LOS objects, 36% free, 7MB/11MB, paused 19.525ms total 325.858ms
06-08 13:50:19.297 I/ActivityManager( 1786): Killing 2543:com.android.printspooler/u0a51 (adj 906): empty #17
06-08 13:50:19.581 D/ActivityManager( 1786): cleanUpApplicationRecord -- 2543
06-08 13:50:21.973 I/art     ( 2843): Do partial code cache collection, code=26KB, data=29KB
06-08 13:50:21.982 I/art     ( 2843): After code cache collection, code=26KB, data=29KB
06-08 13:50:21.982 I/art     ( 2843): Increasing code cache capacity to 128KB
06-08 13:50:24.467 D/ManagerTimeoutTimer( 2843): Still waiting for the apk to start or stop. 4996.0 milliseconds left.
06-08 13:50:24.576 D/OpenCV/StaticHelper( 2920): Trying to get library list
06-08 13:50:24.681 E/OpenCV/StaticHelper( 2920): OpenCV error: Cannot load info library for OpenCV
06-08 13:50:24.682 D/OpenCV/StaticHelper( 2920): Library list: ""
06-08 13:50:24.682 D/OpenCV/StaticHelper( 2920): First attempt to load libs
06-08 13:50:24.701 D/OpenCV/StaticHelper( 2920): Trying to init OpenCV libs
06-08 13:50:24.701 D/OpenCV/StaticHelper( 2920): Trying to load library opencv_java3
06-08 13:50:24.890 D/OpenCV/StaticHelper( 2920): Library opencv_java3 loaded
06-08 13:50:24.891 D/OpenCV/StaticHelper( 2920): First attempt to load libs is OK
06-08 13:50:24.907 I/OpenCV/StaticHelper( 2920): 
06-08 13:50:24.907 I/OpenCV/StaticHelper( 2920): General configuration for OpenCV 3.4.4 =====================================
06-08 13:50:24.907 I/OpenCV/StaticHelper( 2920):   Version control:               3.4.4
06-08 13:50:24.907 I/OpenCV/StaticHelper( 2920): 
06-08 13:50:24.908 I/OpenCV/StaticHelper( 2920):   Extra modules:
06-08 13:50:24.908 I/OpenCV/StaticHelper( 2920):     Location (extra):            /build/3_4-contrib_pack-contrib-android/opencv_contrib/modules
06-08 13:50:24.908 I/OpenCV/StaticHelper( 2920):     Version control (extra):     3.4.4
06-08 13:50:24.908 I/OpenCV/StaticHelper( 2920): 
06-08 13:50:24.908 I/OpenCV/StaticHelper( 2920):   Platform:
06-08 13:50:24.908 I/OpenCV/StaticHelper( 2920):     Timestamp:                   2018-11-17T00:27:32Z
06-08 13:50:24.908 I/OpenCV/StaticHelper( 2920):     Host:                        Linux 4.15.0-38-generic x86_64
06-08 13:50:24.908 I/OpenCV/StaticHelper( 2920):     Target:                      Linux 1 x86_64
06-08 13:50:24.908 I/OpenCV/StaticHelper( 2920):     CMake:                       2.8.12.2
06-08 13:50:24.908 I/OpenCV/StaticHelper( 2920):     CMake generator:             Ninja
06-08 13:50:24.908 I/OpenCV/StaticHelper( 2920):     CMake build tool:            /usr/bin/ninja
06-08 13:50:24.908 I/OpenCV/StaticHelper( 2920):     Configuration:               Release
06-08 13:50:24.908 I/OpenCV/StaticHelper( 2920): 
06-08 13:50:24.908 I/OpenCV/StaticHelper( 2920):   CPU/HW features:
06-08 13:50:24.908 I/OpenCV/StaticHelper( 2920):     Baseline:                    SSE SSE2 SSE3
06-08 13:50:24.908 I/OpenCV/StaticHelper( 2920):       requested:                 SSE3
06-08 13:50:24.908 I/OpenCV/StaticHelper( 2920):     Dispatched code generation:  SSE4_1 SSE4_2 FP16 AVX AVX2
06-08 13:50:24.908 I/OpenCV/StaticHelper( 2920):       requested:                 SSE4_1 SSE4_2 AVX FP16 AVX2 AVX512_SKX
06-08 13:50:24.908 I/OpenCV/StaticHelper( 2920):       SSE4_1 (4 files):          + SSSE3 SSE4_1
06-08 13:50:24.908 I/OpenCV/StaticHelper( 2920):       SSE4_2 (1 files):          + SSSE3 SSE4_1 POPCNT SSE4_2
06-08 13:50:24.908 I/OpenCV/StaticHelper( 2920):       FP16 (0 files):            + SSSE3 SSE4_1 POPCNT SSE4_2 FP16 AVX
06-08 13:50:24.908 I/OpenCV/StaticHelper( 2920):       AVX (5 files):             + SSSE3 SSE4_1 POPCNT SSE4_2 AVX
06-08 13:50:24.908 I/OpenCV/StaticHelper( 2920):       AVX2 (10 files):           + SSSE3 SSE4_1 POPCNT SSE4_2 FP16 FMA3 AVX AVX2
06-08 13:50:24.908 I/OpenCV/StaticHelper( 2920): 
06-08 13:50:24.908 I/OpenCV/StaticHelper( 2920):   C/C++:
06-08 13:50:24.909 I/OpenCV/StaticHelper( 2920):     Built as dynamic libs?:      NO
06-08 13:50:24.909 I/OpenCV/StaticHelper( 2920):     C++ Compiler:                /usr/bin/ccache /opt/android/android-ndk-r10e/toolchains/x86_64-4.9/prebuilt/linux-x86_64/bin/x86_64-linux-android-g++ (ver 4.9)
06-08 13:50:24.909 I/OpenCV/StaticHelper( 2920):     C++ flags (Release):         -fexceptions -frtti --sysroot=/opt/android/android-ndk-r10e/platforms/android-21/arch-x86_64 -funwind-tables -funswitch-loops -finline-limit=300 -fsigned-char -no-canonical-prefixes -fdata-sections -ffunction-sections -Wa,--noexecstack  -DANDROID -D__ANDROID_API__=21   -fsigned-char -W -Wall -Werror=return-type -Werror=non-virtual-dtor -Werror=address -Werror=sequence-point -Wformat -Werror=format-security -Wmissing-declarations -Wundef -Winit-self -Wpointer-arith -Wshadow -Wsign-promo -Wuninitialized -Winit-self -Wno-narrowing -Wno-delete-non-virtual-dtor -Wno-comment -Wno-missing-field-initializers -fdiagnostics-show-option -Wno-long-long -fomit-frame-pointer  -msse -msse2 -msse3 -fvisibility=hidden -fvisibility-inlines-hidden -fomit-frame-pointer -fstrict-aliasing -O3 -DNDEBUG  -DNDEBUG
06-08 13:50:24.909 I/OpenCV/StaticHelper( 2920):     C++ flags (Debug):           -fexceptions -frtti --sysroot=/opt/android/android-ndk-r10e/platforms/android-21/arch-x86_64 -funwind-tables -funswitch-loops -finline-limit=300 -fsigned-char -no-canonical-prefixes -fdata-sections -ffunction-sections -Wa,--noexecstack  -DANDROID -D__ANDROID_API__=21   -fsigned-char -W -Wall -Werror=return-type -Werror=non-virtual-dtor -Werror=address -Werror=sequence-point -Wformat -Werror=format-security -Wmissing-declarations -Wundef -Winit-self -Wpointer-arith -Wshadow -Wsign-promo -Wuninitialized -Winit-self -Wno-narrowing -Wno-delete-non-virtual-dtor -Wno-comment -Wno-missing-field-initializers -fdiagnostics-show-option -Wno-long-long -fomit-frame-pointer  -msse -msse2 -msse3 -fvisibility=hidden -fvisibility-inlines-hidden -fno-omit-frame-pointer -fno-strict-aliasing -O0 -g -DDEBUG -D_DEBUG  -DDEBUG -D_DEBUG
06-08 13:50:24.909 I/OpenCV/StaticHelper( 2920):     C Compiler:                  /usr/bin/ccache /opt/android/android-ndk-r10e/toolchains/x86_64-4.9/prebuilt/linux-x86_64/bin/x86_64-linux-android-gcc
06-08 13:50:24.909 I/OpenCV/StaticHelper( 2920):     C flags (Release):           -fexceptions --sysroot=/opt/android/android-ndk-r10e/platforms/android-21/arch-x86_64 -funwind-tables -funswitch-loops -finline-limit=300 -fsigned-char -no-canonical-prefixes -fdata-sections -ffunction-sections -Wa,--noexecstack  -DANDROID -D__ANDROID_API__=21   -fsigned-char -W -Wall -Werror=return-type -Werror=non-virtual-dtor -Werror=address -Werror=sequence-point -Wformat -Werror=format-security -Wmissing-declarations -Wmissing-prototypes -Wstrict-prototypes -Wundef -Winit-self -Wpointer-arith -Wshadow -Wuninitialized -Winit-self -Wno-narrowing -Wno-comment -Wno-missing-field-initializers -fdiagnostics-show-option -Wno-long-long -fomit-frame-pointer  -msse -msse2 -msse3 -fvisibility=hidden -fomit-frame-pointer -fstrict-aliasing -O3 -DNDEBUG  -DNDEBUG
06-08 13:50:24.909 I/OpenCV/StaticHelper( 2920):     C flags (Debug):             -fexceptions --sysroot=/opt/android/android-ndk-r10e/platforms/android-21/arch-x86_64 -funwind-tables -funswitch-loops -finline-limit=300 -fsigned-char -no-canonical-prefixes -fdata-sections -ffunction-sections -Wa,--noexecstack  -DANDROID -D__ANDROID_API__=21   -fsigned-char -W -Wall -Werror=return-type -Werror=non-virtual-dtor -Werror=address -Werror=sequence-point -Wformat -Werror=format-security -Wmissing-declarations -Wmissing-prototypes -Wstrict-prototypes -Wundef -Winit-self -Wpointer-arith -Wshadow -Wuninitialized -Winit-self -Wno-narrowing -Wno-comment -Wno-missing-field-initializers -fdiagnostics-show-option -Wno-long-long -fomit-frame-pointer  -msse -msse2 -msse3 -fvisibility=hidden -fno-omit-frame-pointer -fno-strict-aliasing -O0 -g -DDEBUG -D_DEBUG  -DDEBUG -D_DEBUG
06-08 13:50:24.909 I/OpenCV/StaticHelper( 2920):     Linker flags (Release):      -Wl,--exclude-libs,libippicv.a -Wl,--exclude-libs,libippiw.a  -Wl,--no-undefined -Wl,--gc-sections -Wl,-z,noexecstack -Wl,-z,relro -Wl,-z,now    
06-08 13:50:24.909 I/OpenCV/StaticHelper( 2920):     Linker flags (Debug):        -Wl,--exclude-libs,libippicv.a -Wl,--exclude-libs,libippiw.a  -Wl,--no-undefined -Wl,--gc-sections -Wl,-z,noexecstack -Wl,-z,relro -Wl,-z,now    
06-08 13:50:24.909 I/OpenCV/StaticHelper( 2920):     ccache:                      YES
06-08 13:50:24.909 I/OpenCV/StaticHelper( 2920):     Precompiled headers:         NO
06-08 13:50:24.909 I/OpenCV/StaticHelper( 2920):     Extra dependencies:          z dl m log
06-08 13:50:24.909 I/OpenCV/StaticHelper( 2920):     3rdparty dependencies:       tbb libcpufeatures ittnotify libjpeg-turbo libwebp libpng libtiff libjasper IlmImf libprotobuf quirc ippiw ippicv
06-08 13:50:24.909 I/OpenCV/StaticHelper( 2920): 
06-08 13:50:24.909 I/OpenCV/StaticHelper( 2920):   OpenCV modules:
06-08 13:50:24.909 I/OpenCV/StaticHelper( 2920):     To be built:                 aruco bgsegm bioinspired calib3d ccalib core datasets dnn dnn_objdetect dpm face features2d flann fuzzy hfs highgui img_hash imgcodecs imgproc java java_bindings_generator line_descriptor ml objdetect optflow phase_unwrapping photo plot reg rgbd saliency shape stereo stitching structured_light superres surface_matching text tracking video videoio videostab xfeatures2d ximgproc xobjdetect xphoto
06-08 13:50:24.909 I/OpenCV/StaticHelper( 2920):     Disabled:                    world
06-08 13:50:24.909 I/OpenCV/StaticHelper( 2920):     Disabled by dependency:      -
06-08 13:50:24.909 I/OpenCV/StaticHelper( 2920):     Unavailable:                 cnn_3dobj cudaarithm cudabgsegm cudacodec cudafeatures2d cudafilters cudaimgproc cudalegacy cudaobjdetect cudaoptflow cudastereo cudawarping cudev cvv freetype hdf js matlab ovis python2 python3 sfm ts viz
06-08 13:50:24.909 I/OpenCV/StaticHelper( 2920):     Applications:                android_examples
06-08 13:50:24.909 I/OpenCV/StaticHelper( 2920):     Documentation:               NO
06-08 13:50:24.909 I/OpenCV/StaticHelper( 2920):     Non-free algorithms:         NO
06-08 13:50:24.909 I/OpenCV/StaticHelper( 2920): 
06-08 13:50:24.909 I/OpenCV/StaticHelper( 2920):   Android NDK:                   location: /opt/android/android-ndk-r10e
06-08 13:50:24.910 I/OpenCV/StaticHelper( 2920):     Android ABI:                 x86_64
06-08 13:50:24.910 I/OpenCV/StaticHelper( 2920):     NDK toolchain:               x86_64-4.9
06-08 13:50:24.910 I/OpenCV/StaticHelper( 2920):     STL type:                    gnustl_static
06-08 13:50:24.910 I/OpenCV/StaticHelper( 2920):     Native API level:            21
06-08 13:50:24.910 I/OpenCV/StaticHelper( 2920):   Android SDK:                   /opt/android/android-sdk-java7 (tools: 25.2.2 build tools: 23.0.3)
06-08 13:50:24.910 I/OpenCV/StaticHelper( 2920):     android tool:                /opt/android/android-sdk-java7/tools/android
06-08 13:50:24.910 I/OpenCV/StaticHelper( 2920):     SDK target:                  android-21
06-08 13:50:24.910 I/OpenCV/StaticHelper( 2920):     Projects build scripts:      Ant/Eclipse compatible
06-08 13:50:24.910 I/OpenCV/StaticHelper( 2920): 
06-08 13:50:24.910 I/OpenCV/StaticHelper( 2920):   GUI: 
06-08 13:50:24.910 I/OpenCV/StaticHelper( 2920): 
06-08 13:50:24.910 I/OpenCV/StaticHelper( 2920):   Media I/O: 
06-08 13:50:24.910 I/OpenCV/StaticHelper( 2920):     ZLib:                        z (ver 1.2.3)
06-08 13:50:24.910 I/OpenCV/StaticHelper( 2920):     JPEG:                        build-libjpeg-turbo (ver 1.5.3-62)
06-08 13:50:24.910 I/OpenCV/StaticHelper( 2920):     WEBP:                        build (ver encoder: 0x020e)
06-08 13:50:24.910 I/OpenCV/StaticHelper( 2920):     PNG:                         build (ver 1.6.35)
06-08 13:50:24.910 I/OpenCV/StaticHelper( 2920):     TIFF:                        build (ver 42 - 4.0.9)
06-08 13:50:24.910 I/OpenCV/StaticHelper( 2920):     JPEG 2000:                   build (ver 1.900.1)
06-08 13:50:24.910 I/OpenCV/StaticHelper( 2920):     OpenEXR:                     build (ver 1.7.1)
06-08 13:50:24.910 I/OpenCV/StaticHelper( 2920):     HDR:                         YES
06-08 13:50:24.910 I/OpenCV/StaticHelper( 2920):     SUNRASTER:                   YES
06-08 13:50:24.910 I/OpenCV/StaticHelper( 2920):     PXM:                         YES
06-08 13:50:24.910 I/OpenCV/StaticHelper( 2920): 
06-08 13:50:24.910 I/OpenCV/StaticHelper( 2920):   Video I/O:
06-08 13:50:24.910 I/OpenCV/StaticHelper( 2920): 
06-08 13:50:24.910 I/OpenCV/StaticHelper( 2920):   Parallel framework:            TBB (ver 2018.0 interface 10001)
06-08 13:50:24.910 I/OpenCV/StaticHelper( 2920): 
06-08 13:50:24.911 I/OpenCV/StaticHelper( 2920):   Trace:                         YES (with Intel ITT)
06-08 13:50:24.911 I/OpenCV/StaticHelper( 2920): 
06-08 13:50:24.911 I/OpenCV/StaticHelper( 2920):   Other third-party libraries:
06-08 13:50:24.911 I/OpenCV/StaticHelper( 2920):     Intel IPP:                   2019.0.0 Gold [2019.0.0]
06-08 13:50:24.911 I/OpenCV/StaticHelper( 2920):            at:                   /build/3_4-contrib_pack-contrib-android/build/o4a/3rdparty/ippicv/ippicv_lnx/icv
06-08 13:50:24.911 I/OpenCV/StaticHelper( 2920):     Intel IPP IW:                sources (2019.0.0)
06-08 13:50:24.911 I/OpenCV/StaticHelper( 2920):               at:                /build/3_4-contrib_pack-contrib-android/build/o4a/3rdparty/ippicv/ippicv_lnx/iw
06-08 13:50:24.911 I/OpenCV/StaticHelper( 2920):     Custom HAL:                  NO
06-08 13:50:24.911 I/OpenCV/StaticHelper( 2920):     Protobuf:                    build (3.5.1)
06-08 13:50:24.911 I/OpenCV/StaticHelper( 2920): 
06-08 13:50:24.911 I/OpenCV/StaticHelper( 2920):   Python (for build):            /usr/bin/python2.7
06-08 13:50:24.911 I/OpenCV/StaticHelper( 2920): 
06-08 13:50:24.911 I/OpenCV/StaticHelper( 2920):   Java:                          export all functions
06-08 13:50:24.911 I/OpenCV/StaticHelper( 2920):     ant:                         /usr/bin/ant (ver 1.9.3)
06-08 13:50:24.911 I/OpenCV/StaticHelper( 2920):     Java wrappers:               YES
06-08 13:50:24.911 I/OpenCV/StaticHelper( 2920):     Java tests:                  NO
06-08 13:50:24.911 I/OpenCV/StaticHelper( 2920): 
06-08 13:50:24.911 I/OpenCV/StaticHelper( 2920):   Install to:                    /build/3_4-contrib_pack-contrib-android/build/o4a/install
06-08 13:50:24.911 I/OpenCV/StaticHelper( 2920): -----------------------------------------------------------------
06-08 13:50:24.911 D/OpenCv  ( 2920): OpenCV loaded
06-08 13:50:25.593 I/Registrar( 2920): MasterXmlRpcEndpoint URI: http://llp:11311
06-08 13:50:25.743 I/Registrar( 2920): Registering publisher: Publisher<PublisherDefinition<PublisherIdentifier<NodeIdentifier</kibo_rpc_api, http://hlp:52789/>, TopicIdentifier</rosout>>, Topic<TopicIdentifier</rosout>, TopicDescription<rosgraph_msgs/Log, acffd30cd6b6de30f120938c17c593fb>>>>
06-08 13:50:26.925 I/Registrar( 2920): Response<Success, Registered [/kibo_rpc_api] as publisher of [/rosout], [http://10.42.0.34:43154/, http://10.42.0.34:39935/]>
06-08 13:50:26.937 I/DefaultPublisher( 2920): Publisher registered: Publisher<PublisherDefinition<PublisherIdentifier<NodeIdentifier</kibo_rpc_api, http://hlp:52789/>, TopicIdentifier</rosout>>, Topic<TopicIdentifier</rosout>, TopicDescription<rosgraph_msgs/Log, acffd30cd6b6de30f120938c17c593fb>>>>
06-08 13:50:27.308 I/Registrar( 2920): Registering subscriber: Subscriber<Topic<TopicIdentifier</clock>, TopicDescription<rosgraph_msgs/Clock, a9c97c1d230cfc112e270351a944ee47>>>
06-08 13:50:27.510 I/Registrar( 2920): Response<Success, Subscribed to [/clock], [http://10.42.0.34:36382/]>
06-08 13:50:27.525 I/DefaultSubscriber( 2920): Subscriber registered: Subscriber<Topic<TopicIdentifier</clock>, TopicDescription<rosgraph_msgs/Clock, a9c97c1d230cfc112e270351a944ee47>>>
06-08 13:50:27.883 I/Registrar( 2920): MasterXmlRpcEndpoint URI: http://llp:11311
06-08 13:50:28.162 I/Registrar( 2920): Registering publisher: Publisher<PublisherDefinition<PublisherIdentifier<NodeIdentifier</kibo_rpc_api, http://hlp:52789/>, TopicIdentifier</command>>, Topic<TopicIdentifier</command>, TopicDescription<ff_msgs/CommandStamped, ac01350894b1be9e3a7b4f390a14812d>>>>
06-08 13:50:28.471 I/Registrar( 2920): Registering publisher: Publisher<PublisherDefinition<PublisherIdentifier<NodeIdentifier</GetterNode, http://hlp:57692/>, TopicIdentifier</rosout>>, Topic<TopicIdentifier</rosout>, TopicDescription<rosgraph_msgs/Log, acffd30cd6b6de30f120938c17c593fb>>>>
06-08 13:50:28.646 W/art     ( 2920): Suspending all threads took: 10.010ms
06-08 13:50:28.771 I/Registrar( 2920): Response<Success, Registered [/kibo_rpc_api] as publisher of [/command], [http://10.42.0.34:36382/, http://10.42.0.34:45460/, http://10.42.0.34:39853/, http://10.42.0.34:39935/]>
06-08 13:50:28.821 I/DefaultPublisher( 2920): Publisher registered: Publisher<PublisherDefinition<PublisherIdentifier<NodeIdentifier</kibo_rpc_api, http://hlp:52789/>, TopicIdentifier</command>>, Topic<TopicIdentifier</command>, TopicDescription<ff_msgs/CommandStamped, ac01350894b1be9e3a7b4f390a14812d>>>>
06-08 13:50:28.975 I/Registrar( 2920): Registering subscriber: Subscriber<Topic<TopicIdentifier</mgt/ack>, TopicDescription<ff_msgs/AckStamped, cebddec69fd770df54633be444a9187d>>>
06-08 13:50:29.651 I/Registrar( 2920): Response<Success, Registered [/GetterNode] as publisher of [/rosout], [http://10.42.0.34:43154/, http://10.42.0.34:39935/]>
06-08 13:50:29.780 W/art     ( 2920): Suspending all threads took: 7.787ms
06-08 13:50:29.806 I/DefaultPublisher( 2920): Publisher registered: Publisher<PublisherDefinition<PublisherIdentifier<NodeIdentifier</GetterNode, http://hlp:57692/>, TopicIdentifier</rosout>>, Topic<TopicIdentifier</rosout>, TopicDescription<rosgraph_msgs/Log, acffd30cd6b6de30f120938c17c593fb>>>>
06-08 13:50:29.911 I/Registrar( 2920): Response<Success, Subscribed to [/mgt/ack], [http://10.42.0.34:45460/]>
06-08 13:50:29.929 I/DefaultSubscriber( 2920): Subscriber registered: Subscriber<Topic<TopicIdentifier</mgt/ack>, TopicDescription<ff_msgs/AckStamped, cebddec69fd770df54633be444a9187d>>>
06-08 13:50:30.280 I/Registrar( 2920): Registering subscriber: Subscriber<Topic<TopicIdentifier</clock>, TopicDescription<rosgraph_msgs/Clock, a9c97c1d230cfc112e270351a944ee47>>>
06-08 13:50:30.713 I/Registrar( 2920): Response<Success, Subscribed to [/clock], [http://10.42.0.34:36382/]>
06-08 13:50:30.724 I/DefaultSubscriber( 2920): Subscriber registered: Subscriber<Topic<TopicIdentifier</clock>, TopicDescription<rosgraph_msgs/Clock, a9c97c1d230cfc112e270351a944ee47>>>
06-08 13:50:30.729 D/KiboRpcApi( 2920): GetterNode initialization started.
06-08 13:50:32.052 W/art     ( 2920): Suspending all threads took: 5.847ms
06-08 13:50:32.341 I/Registrar( 2920): Registering subscriber: Subscriber<Topic<TopicIdentifier</gnc/ekf>, TopicDescription<ff_msgs/EkfState, 543b97822b033d7199b506ad4005f134>>>
06-08 13:50:32.412 W/art     ( 2920): Long monitor contention with owner pool-1-thread-3 (2938) at void gov.nasa.arc.astrobee.ros.internal.RobotNodeMain.onStart(org.ros.node.ConnectedNode)(RobotNodeMain.java:61) waiters=0 in org.ros.message.MessageFactory gov.nasa.arc.astrobee.ros.internal.RobotNodeMain.getTopicMessageFactory() for 4.341s
06-08 13:50:32.418 W/art     ( 2920): Long monitor contention with owner pool-1-thread-3 (2938) at void gov.nasa.arc.astrobee.ros.internal.RobotNodeMain.onStart(org.ros.node.ConnectedNode)(RobotNodeMain.java:61) waiters=1 in void gov.nasa.arc.astrobee.ros.internal.RobotNodeMain$1.onNewSubscriber(org.ros.node.topic.Publisher, org.ros.internal.node.topic.SubscriberIdentifier) for 2.790s
06-08 13:50:32.641 I/Registrar( 2920): Response<Success, Subscribed to [/gnc/ekf], [http://10.42.0.34:43069/]>
06-08 13:50:32.700 I/DefaultSubscriber( 2920): Subscriber registered: Subscriber<Topic<TopicIdentifier</gnc/ekf>, TopicDescription<ff_msgs/EkfState, 543b97822b033d7199b506ad4005f134>>>
06-08 13:50:32.865 W/art     ( 2920): Long monitor contention with owner New I/O  worker #17 (2971) at boolean org.ros.concurrent.CircularBlockingDeque.addLast(java.lang.Object)(CircularBlockingDeque.java:72) waiters=1 in void java.lang.Object.wait!() for 533ms
06-08 13:50:33.510 I/art     ( 2843): Background sticky concurrent mark sweep GC freed 103906(2MB) AllocSpace objects, 16(312KB) LOS objects, 35% free, 7MB/11MB, paused 2.620ms total 161.613ms
06-08 13:50:35.028 W/art     ( 2920): Suspending all threads took: 9.480ms
06-08 13:50:35.305 I/Registrar( 2920): Registering subscriber: Subscriber<Topic<TopicIdentifier</gnc/ekf_noise>, TopicDescription<ff_msgs/EkfState, 543b97822b033d7199b506ad4005f134>>>
06-08 13:50:36.698 I/Registrar( 2920): Response<Success, Subscribed to [/gnc/ekf_noise], [http://10.42.0.34:43069/]>
06-08 13:50:36.706 I/DefaultSubscriber( 2920): Subscriber registered: Subscriber<Topic<TopicIdentifier</gnc/ekf_noise>, TopicDescription<ff_msgs/EkfState, 543b97822b033d7199b506ad4005f134>>>
06-08 13:50:37.298 I/Registrar( 2920): Registering subscriber: Subscriber<Topic<TopicIdentifier</hw/imu>, TopicDescription<sensor_msgs/Imu, 6a62c6daae103f4ff57a132d6f95cec2>>>
06-08 13:50:37.933 W/art     ( 2920): Suspending all threads took: 5.890ms
06-08 13:50:38.025 I/Registrar( 2920): Registering subscriber: Subscriber<Topic<TopicIdentifier</hw/cam_nav>, TopicDescription<sensor_msgs/Image, 060021388200f6f0f447d0fcd9c64743>>>
06-08 13:50:38.300 I/Registrar( 2920): Response<Success, Subscribed to [/hw/imu], [http://10.42.0.34:36382/]>
06-08 13:50:38.477 I/DefaultSubscriber( 2920): Subscriber registered: Subscriber<Topic<TopicIdentifier</hw/imu>, TopicDescription<sensor_msgs/Imu, 6a62c6daae103f4ff57a132d6f95cec2>>>
06-08 13:50:38.860 I/Registrar( 2920): Registering subscriber: Subscriber<Topic<TopicIdentifier</hw/cam_dock>, TopicDescription<sensor_msgs/Image, 060021388200f6f0f447d0fcd9c64743>>>
06-08 13:50:39.152 I/Registrar( 2920): Response<Success, Subscribed to [/hw/cam_nav], [http://10.42.0.34:36382/]>
06-08 13:50:39.303 I/DefaultSubscriber( 2920): Subscriber registered: Subscriber<Topic<TopicIdentifier</hw/cam_nav>, TopicDescription<sensor_msgs/Image, 060021388200f6f0f447d0fcd9c64743>>>
06-08 13:50:40.050 I/Registrar( 2920): Response<Success, Subscribed to [/hw/cam_dock], [http://10.42.0.34:36382/]>
06-08 13:50:40.217 I/DefaultSubscriber( 2920): Subscriber registered: Subscriber<Topic<TopicIdentifier</hw/cam_dock>, TopicDescription<sensor_msgs/Image, 060021388200f6f0f447d0fcd9c64743>>>
06-08 13:50:40.668 I/Registrar( 2920): Registering subscriber: Subscriber<Topic<TopicIdentifier</hw/depth_haz/points>, TopicDescription<sensor_msgs/PointCloud2, 1158d486dd51d683ce2f1be655c3c181>>>
06-08 13:50:41.697 I/Registrar( 2920): Registering subscriber: Subscriber<Topic<TopicIdentifier</hw/depth_perch/points>, TopicDescription<sensor_msgs/PointCloud2, 1158d486dd51d683ce2f1be655c3c181>>>
06-08 13:50:41.800 I/Registrar( 2920): Response<Success, Subscribed to [/hw/depth_haz/points], [http://10.42.0.34:36382/]>
06-08 13:50:41.999 I/DefaultSubscriber( 2920): Subscriber registered: Subscriber<Topic<TopicIdentifier</hw/depth_haz/points>, TopicDescription<sensor_msgs/PointCloud2, 1158d486dd51d683ce2f1be655c3c181>>>
06-08 13:50:42.967 I/Registrar( 2920): Response<Success, Subscribed to [/hw/depth_perch/points], [http://10.42.0.34:36382/]>
06-08 13:50:43.028 I/DefaultSubscriber( 2920): Subscriber registered: Subscriber<Topic<TopicIdentifier</hw/depth_perch/points>, TopicDescription<sensor_msgs/PointCloud2, 1158d486dd51d683ce2f1be655c3c181>>>
06-08 13:50:43.715 I/Registrar( 2920): Registering subscriber: Subscriber<Topic<TopicIdentifier</beh/dock/state>, TopicDescription<ff_msgs/DockState, 09d842ed9109dbc2bf96976f8fb2eaa5>>>
06-08 13:50:44.024 D/KiboRpcApi( 2920): GetterNode initialization succeeded.
06-08 13:50:44.848 I/Registrar( 2920): Response<Success, Subscribed to [/beh/dock/state], [http://10.42.0.34:34489/]>
06-08 13:50:45.037 I/DefaultSubscriber( 2920): Subscriber registered: Subscriber<Topic<TopicIdentifier</beh/dock/state>, TopicDescription<ff_msgs/DockState, 09d842ed9109dbc2bf96976f8fb2eaa5>>>
06-08 13:50:46.046 W/art     ( 2920): Suspending all threads took: 7.915ms
06-08 13:50:46.448 I/art     ( 2920): Do partial code cache collection, code=12KB, data=29KB
06-08 13:50:46.720 I/art     ( 2920): After code cache collection, code=12KB, data=29KB
06-08 13:50:46.720 I/art     ( 2920): Increasing code cache capacity to 128KB
06-08 13:50:49.040 W/art     ( 2920): Long monitor contention with owner pool-1-thread-15 (2958) at java.lang.Object java.util.WeakHashMap.get(java.lang.Object)(WeakHashMap.java:-1) waiters=2 in java.lang.Class java.lang.reflect.Proxy.getProxyClass0(java.lang.ClassLoader, java.lang.Class[]) for 148ms
06-08 13:50:49.700 W/art     ( 2920): Long monitor contention with owner New I/O  worker #17 (2971) at boolean org.ros.concurrent.CircularBlockingDeque.addLast(java.lang.Object)(CircularBlockingDeque.java:72) waiters=1 in void java.lang.Object.wait!() for 102ms
06-08 13:50:49.968 W/art     ( 2920): Suspending all threads took: 9.768ms
06-08 13:50:50.927 W/art     ( 2920): Long monitor contention with owner New I/O  worker #29 (3042) at boolean org.ros.concurrent.CircularBlockingDeque.addLast(java.lang.Object)(CircularBlockingDeque.java:72) waiters=1 in void java.lang.Object.wait!() for 250ms
06-08 13:50:51.417 W/art     ( 2920): Long monitor contention with owner New I/O  worker #25 (3029) at boolean org.ros.concurrent.CircularBlockingDeque.addLast(java.lang.Object)(CircularBlockingDeque.java:72) waiters=1 in void java.lang.Object.wait!() for 209ms
06-08 13:50:51.531 W/art     ( 2920): Long monitor contention with owner New I/O  worker #21 (3017) at boolean org.ros.concurrent.CircularBlockingDeque.addLast(java.lang.Object)(CircularBlockingDeque.java:72) waiters=1 in void java.lang.Object.wait!() for 114ms
06-08 13:50:52.511 W/art     ( 2920): Long monitor contention with owner pool-3-thread-46 (3061) at java.lang.Class java.lang.reflect.Proxy.getProxyClass0(java.lang.ClassLoader, java.lang.Class[])(Proxy.java:457) waiters=2 in java.lang.Class java.lang.reflect.Proxy.getProxyClass0(java.lang.ClassLoader, java.lang.Class[]) for 327ms
06-08 13:50:52.579 W/art     ( 2920): Long monitor contention with owner pool-3-thread-46 (3061) at java.lang.Class java.lang.reflect.Proxy.getProxyClass0(java.lang.ClassLoader, java.lang.Class[])(Proxy.java:457) waiters=1 in java.lang.Class java.lang.reflect.Proxy.getProxyClass0(java.lang.ClassLoader, java.lang.Class[]) for 320ms
06-08 13:50:52.606 W/art     ( 2920): Long monitor contention with owner pool-3-thread-46 (3061) at java.lang.Class java.lang.reflect.Proxy.getProxyClass0(java.lang.ClassLoader, java.lang.Class[])(Proxy.java:457) waiters=3 in java.lang.Class java.lang.reflect.Proxy.getProxyClass0(java.lang.ClassLoader, java.lang.Class[]) for 383ms
06-08 13:50:54.499 W/art     ( 2920): Long monitor contention with owner New I/O  worker #21 (3017) at boolean org.ros.concurrent.CircularBlockingDeque.addLast(java.lang.Object)(CircularBlockingDeque.java:72) waiters=1 in void java.lang.Object.wait!() for 105ms
06-08 13:50:54.599 W/art     ( 2920): Long monitor contention with owner New I/O  worker #9 (2981) at boolean org.ros.concurrent.CircularBlockingDeque.addLast(java.lang.Object)(CircularBlockingDeque.java:72) waiters=1 in void java.lang.Object.wait!() for 131ms
06-08 13:50:55.445 W/art     ( 2920): Suspending all threads took: 12.360ms
06-08 13:50:55.804 W/art     ( 2920): Long monitor contention with owner pool-3-thread-15 (3001) at java.lang.Class java.lang.reflect.Proxy.getProxyClass0(java.lang.ClassLoader, java.lang.Class[])(Proxy.java:481) waiters=3 in java.lang.Class java.lang.reflect.Proxy.getProxyClass0(java.lang.ClassLoader, java.lang.Class[]) for 137ms
06-08 13:50:59.223 I/art     ( 2843): Background sticky concurrent mark sweep GC freed 150586(3MB) AllocSpace objects, 0(0B) LOS objects, 35% free, 7MB/11MB, paused 1.193ms total 136.092ms
06-08 13:50:59.238 W/art     ( 2920): Long monitor contention with owner pool-3-thread-15 (3001) at java.lang.Class java.lang.reflect.Proxy.getProxyClass0(java.lang.ClassLoader, java.lang.Class[])(Proxy.java:481) waiters=0 in java.lang.Class java.lang.reflect.Proxy.getProxyClass0(java.lang.ClassLoader, java.lang.Class[]) for 202ms
06-08 13:50:59.882 W/art     ( 2920): Suspending all threads took: 9.245ms
06-08 13:51:00.647 W/art     ( 2920): Long monitor contention with owner New I/O  worker #29 (3042) at boolean org.ros.concurrent.CircularBlockingDeque.addLast(java.lang.Object)(CircularBlockingDeque.java:72) waiters=1 in void java.lang.Object.wait!() for 414ms
06-08 13:51:00.799 W/art     ( 2920): Long monitor contention with owner pool-3-thread-46 (3061) at java.lang.Class java.lang.reflect.Proxy.getProxyClass0(java.lang.ClassLoader, java.lang.Class[])(Proxy.java:481) waiters=0 in java.lang.Class java.lang.reflect.Proxy.getProxyClass0(java.lang.ClassLoader, java.lang.Class[]) for 656ms
06-08 13:51:01.149 W/art     ( 2920): Long monitor contention with owner New I/O  worker #25 (3029) at boolean org.ros.concurrent.CircularBlockingDeque.addLast(java.lang.Object)(CircularBlockingDeque.java:72) waiters=1 in void java.lang.Object.wait!() for 219ms
06-08 13:51:01.167 W/art     ( 2920): Long monitor contention with owner New I/O  worker #29 (3042) at boolean org.ros.concurrent.CircularBlockingDeque.addLast(java.lang.Object)(CircularBlockingDeque.java:72) waiters=1 in void java.lang.Object.wait!() for 518ms
06-08 13:51:01.178 W/art     ( 2920): Long monitor contention with owner pool-3-thread-46 (3061) at java.lang.Class java.lang.reflect.Proxy.getProxyClass0(java.lang.ClassLoader, java.lang.Class[])(Proxy.java:481) waiters=1 in java.lang.Class java.lang.reflect.Proxy.getProxyClass0(java.lang.ClassLoader, java.lang.Class[]) for 474ms
06-08 13:51:02.929 W/art     ( 2920): Long monitor contention with owner New I/O  worker #9 (2981) at boolean org.ros.concurrent.CircularBlockingDeque.addLast(java.lang.Object)(CircularBlockingDeque.java:72) waiters=1 in void java.lang.Object.wait!() for 140ms
06-08 13:51:03.150 W/art     ( 2920): Long monitor contention with owner pool-3-thread-45 (3059) at java.lang.Class java.lang.reflect.Proxy.getProxyClass0(java.lang.ClassLoader, java.lang.Class[])(Proxy.java:457) waiters=2 in java.lang.Class java.lang.reflect.Proxy.getProxyClass0(java.lang.ClassLoader, java.lang.Class[]) for 271ms
06-08 13:51:03.153 W/art     ( 2920): Long monitor contention with owner pool-3-thread-45 (3059) at java.lang.Class java.lang.reflect.Proxy.getProxyClass0(java.lang.ClassLoader, java.lang.Class[])(Proxy.java:457) waiters=1 in java.lang.Class java.lang.reflect.Proxy.getProxyClass0(java.lang.ClassLoader, java.lang.Class[]) for 275ms
06-08 13:51:03.201 W/art     ( 2920): Long monitor contention with owner pool-3-thread-45 (3059) at java.lang.Class java.lang.reflect.Proxy.getProxyClass0(java.lang.ClassLoader, java.lang.Class[])(Proxy.java:457) waiters=4 in java.lang.Class java.lang.reflect.Proxy.getProxyClass0(java.lang.ClassLoader, java.lang.Class[]) for 275ms
06-08 13:51:03.219 W/art     ( 2920): Long monitor contention with owner pool-3-thread-45 (3059) at java.lang.Class java.lang.reflect.Proxy.getProxyClass0(java.lang.ClassLoader, java.lang.Class[])(Proxy.java:457) waiters=3 in java.lang.Class java.lang.reflect.Proxy.getProxyClass0(java.lang.ClassLoader, java.lang.Class[]) for 315ms
06-08 13:51:04.945 W/art     ( 2920): Suspending all threads took: 6.181ms
06-08 13:51:07.977 W/art     ( 2920): Long monitor contention with owner New I/O  worker #29 (3042) at boolean org.ros.concurrent.CircularBlockingDeque.addLast(java.lang.Object)(CircularBlockingDeque.java:72) waiters=0 in java.lang.Object org.ros.concurrent.CircularBlockingDeque.takeFirst() for 135ms
06-08 13:51:08.464 W/art     ( 2920): Suspending all threads took: 22.719ms
06-08 13:51:09.099 D/[moveTo]: ( 2920): start 11.21,-9.8,4.79 | 0.0,0.0,-0.707,0.707  _Time_: 2
06-08 13:51:09.814 W/art     ( 2920): Suspending all threads took: 11.198ms
06-08 13:51:11.727 W/art     ( 2920): Suspending all threads took: 25.039ms
06-08 13:51:12.033 W/art     ( 2920): Long monitor contention with owner New I/O  worker #21 (3017) at boolean org.ros.concurrent.CircularBlockingDeque.addLast(java.lang.Object)(CircularBlockingDeque.java:72) waiters=0 in java.lang.Object org.ros.concurrent.CircularBlockingDeque.takeFirst() for 167ms
06-08 13:51:12.184 I/KiboRpcApi( 2920): [printLogCommandResult] Command status: OK(1)
06-08 13:51:12.184 I/KiboRpcApi( 2920): Done
06-08 13:51:12.184 I/KiboRpcApi( 2920): [setPlanner] Planner is set to trapezoidal
06-08 13:51:12.184 I/KiboRpcApi( 2920): [moveTo] Planner is set to trapezoidal.
06-08 13:51:12.693 W/art     ( 2920): Long monitor contention with owner New I/O  worker #17 (2971) at boolean org.ros.concurrent.CircularBlockingDeque.addLast(java.lang.Object)(CircularBlockingDeque.java:72) waiters=1 in void java.lang.Object.wait!() for 370ms
06-08 13:51:12.939 W/art     ( 2920): Long monitor contention with owner pool-1-thread-26 (2989) at java.lang.Class java.lang.reflect.Proxy.getProxyClass0(java.lang.ClassLoader, java.lang.Class[])(Proxy.java:457) waiters=3 in java.lang.Class java.lang.reflect.Proxy.getProxyClass0(java.lang.ClassLoader, java.lang.Class[]) for 120ms
06-08 13:51:13.631 I/KiboRpcApi( 2920): [printLogCommandResult] Command status: OK(1)
06-08 13:51:13.633 I/KiboRpcApi( 2920): Done
06-08 13:51:13.634 I/KiboRpcApi( 2920): [moveTo] Planner is trapezoidal.
06-08 13:51:13.634 I/KiboRpcApi( 2920): [moveTo] Moving the bee.
06-08 13:51:14.560 W/art     ( 2920): Long monitor contention with owner pool-1-thread-15 (2958) at java.lang.Class java.lang.reflect.Proxy.getProxyClass0(java.lang.ClassLoader, java.lang.Class[])(Proxy.java:481) waiters=1 in java.lang.Class java.lang.reflect.Proxy.getProxyClass0(java.lang.ClassLoader, java.lang.Class[]) for 110ms
06-08 13:51:14.617 W/art     ( 2920): Suspending all threads took: 17.755ms
06-08 13:51:15.230 I/KiboRpcApi( 2920): [getCommandResult] Current Position: gov.nasa.arc.astrobee.types.Point[10.291, -9.787, 4.319]
06-08 13:51:15.461 I/KiboRpcApi( 2920): [getCommandResult] Current Orientation: Mat33f::Quaternion{ x=-0.003; y=-0; z=0.013; w=1}
06-08 13:51:16.059 W/art     ( 2920): Long monitor contention with owner pool-3-thread-49 (3064) at java.lang.Class java.lang.reflect.Proxy.getProxyClass0(java.lang.ClassLoader, java.lang.Class[])(Proxy.java:481) waiters=1 in java.lang.Class java.lang.reflect.Proxy.getProxyClass0(java.lang.ClassLoader, java.lang.Class[]) for 135ms
06-08 13:51:16.093 W/art     ( 2920): Long monitor contention with owner pool-3-thread-49 (3064) at java.lang.Class java.lang.reflect.Proxy.getProxyClass0(java.lang.ClassLoader, java.lang.Class[])(Proxy.java:481) waiters=3 in java.lang.Class java.lang.reflect.Proxy.getProxyClass0(java.lang.ClassLoader, java.lang.Class[]) for 158ms
06-08 13:51:16.505 I/KiboRpcApi( 2920): [getCommandResult] Current Position: gov.nasa.arc.astrobee.types.Point[10.291, -9.787, 4.319]
06-08 13:51:16.506 I/KiboRpcApi( 2920): [getCommandResult] Current Orientation: Mat33f::Quaternion{ x=-0.003; y=-0; z=0.013; w=1}
06-08 13:51:17.305 W/art     ( 2920): Long monitor contention with owner New I/O  worker #25 (3029) at boolean org.ros.concurrent.CircularBlockingDeque.addLast(java.lang.Object)(CircularBlockingDeque.java:72) waiters=1 in void java.lang.Object.wait!() for 225ms
06-08 13:51:17.546 I/KiboRpcApi( 2920): [getCommandResult] Current Position: gov.nasa.arc.astrobee.types.Point[10.26, -9.82, 4.293]
06-08 13:51:17.547 I/KiboRpcApi( 2920): [getCommandResult] Current Orientation: Mat33f::Quaternion{ x=-0.005; y=0.001; z=0.001; w=1}
06-08 13:51:18.645 I/KiboRpcApi( 2920): [getCommandResult] Current Position: gov.nasa.arc.astrobee.types.Point[10.294, -9.796, 4.27]
06-08 13:51:18.646 I/KiboRpcApi( 2920): [getCommandResult] Current Orientation: Mat33f::Quaternion{ x=0.009; y=0.009; z=0.007; w=1}
06-08 13:51:18.729 W/art     ( 2920): Suspending all threads took: 6.460ms
06-08 13:51:19.688 I/KiboRpcApi( 2920): [getCommandResult] Current Position: gov.nasa.arc.astrobee.types.Point[10.259, -9.844, 4.298]
06-08 13:51:19.689 I/KiboRpcApi( 2920): [getCommandResult] Current Orientation: Mat33f::Quaternion{ x=0.003; y=-0.002; z=-0.005; w=1}
06-08 13:51:20.731 I/KiboRpcApi( 2920): [getCommandResult] Current Position: gov.nasa.arc.astrobee.types.Point[10.248, -9.818, 4.295]
06-08 13:51:20.731 I/KiboRpcApi( 2920): [getCommandResult] Current Orientation: Mat33f::Quaternion{ x=-0.003; y=-0.002; z=0.006; w=1}
06-08 13:51:21.357 W/art     ( 2920): Suspending all threads took: 22.726ms
06-08 13:51:21.825 I/KiboRpcApi( 2920): [getCommandResult] Current Position: gov.nasa.arc.astrobee.types.Point[10.278, -9.804, 4.304]
06-08 13:51:21.825 I/KiboRpcApi( 2920): [getCommandResult] Current Orientation: Mat33f::Quaternion{ x=-0.004; y=-0.008; z=-0.006; w=1}
06-08 13:51:21.962 W/art     ( 2920): Long monitor contention with owner New I/O  worker #17 (2971) at boolean org.ros.concurrent.CircularBlockingDeque.addLast(java.lang.Object)(CircularBlockingDeque.java:72) waiters=1 in void java.lang.Object.wait!() for 169ms
06-08 13:51:22.868 I/KiboRpcApi( 2920): [getCommandResult] Current Position: gov.nasa.arc.astrobee.types.Point[10.266, -9.844, 4.293]
06-08 13:51:22.879 I/KiboRpcApi( 2920): [getCommandResult] Current Orientation: Mat33f::Quaternion{ x=0.002; y=-0.002; z=-0.001; w=1}
06-08 13:51:23.921 I/KiboRpcApi( 2920): [getCommandResult] Current Position: gov.nasa.arc.astrobee.types.Point[10.291, -9.776, 4.299]
06-08 13:51:23.921 I/KiboRpcApi( 2920): [getCommandResult] Current Orientation: Mat33f::Quaternion{ x=0.005; y=0.002; z=0.006; w=1}
06-08 13:51:23.963 W/art     ( 2920): Long monitor contention with owner New I/O  worker #17 (2971) at boolean org.ros.concurrent.CircularBlockingDeque.addLast(java.lang.Object)(CircularBlockingDeque.java:72) waiters=1 in void java.lang.Object.wait!() for 246ms
06-08 13:51:25.057 I/KiboRpcApi( 2920): [getCommandResult] Current Position: gov.nasa.arc.astrobee.types.Point[10.254, -9.788, 4.315]
06-08 13:51:25.060 I/KiboRpcApi( 2920): [getCommandResult] Current Orientation: Mat33f::Quaternion{ x=-0; y=0.006; z=-0.006; w=1}
06-08 13:51:25.924 I/art     ( 2843): Background sticky concurrent mark sweep GC freed 147936(3MB) AllocSpace objects, 0(0B) LOS objects, 35% free, 7MB/11MB, paused 5.655ms total 220.033ms
06-08 13:51:26.102 I/KiboRpcApi( 2920): [getCommandResult] Current Position: gov.nasa.arc.astrobee.types.Point[10.254, -9.788, 4.315]
06-08 13:51:26.116 I/KiboRpcApi( 2920): [getCommandResult] Current Orientation: Mat33f::Quaternion{ x=-0; y=0.006; z=-0.006; w=1}
06-08 13:51:26.259 W/art     ( 2920): Long monitor contention with owner New I/O  worker #25 (3029) at boolean org.ros.concurrent.CircularBlockingDeque.addLast(java.lang.Object)(CircularBlockingDeque.java:72) waiters=1 in void java.lang.Object.wait!() for 168ms
06-08 13:51:26.847 W/art     ( 2920): Long monitor contention with owner New I/O  worker #17 (2971) at boolean org.ros.concurrent.CircularBlockingDeque.addLast(java.lang.Object)(CircularBlockingDeque.java:72) waiters=1 in void java.lang.Object.wait!() for 150ms
06-08 13:51:26.878 W/art     ( 2920): Long monitor contention with owner New I/O  worker #21 (3017) at boolean org.ros.concurrent.CircularBlockingDeque.addLast(java.lang.Object)(CircularBlockingDeque.java:72) waiters=1 in void java.lang.Object.wait!() for 129ms
06-08 13:51:27.018 W/art     ( 2920): Long monitor contention with owner New I/O  worker #29 (3042) at boolean org.ros.concurrent.CircularBlockingDeque.addLast(java.lang.Object)(CircularBlockingDeque.java:72) waiters=1 in void java.lang.Object.wait!() for 146ms
06-08 13:51:27.173 I/KiboRpcApi( 2920): [getCommandResult] Current Position: gov.nasa.arc.astrobee.types.Point[10.265, -9.791, 4.276]
06-08 13:51:27.229 I/KiboRpcApi( 2920): [getCommandResult] Current Orientation: Mat33f::Quaternion{ x=-0.008; y=0.01; z=-0.004; w=1}
06-08 13:51:28.327 I/KiboRpcApi( 2920): [getCommandResult] Current Position: gov.nasa.arc.astrobee.types.Point[10.311, -9.781, 4.29]
06-08 13:51:28.356 I/KiboRpcApi( 2920): [getCommandResult] Current Orientation: Mat33f::Quaternion{ x=0.002; y=-0.001; z=-0.125; w=0.992}
06-08 13:51:29.401 I/KiboRpcApi( 2920): [getCommandResult] Current Position: gov.nasa.arc.astrobee.types.Point[10.315, -9.8, 4.329]
06-08 13:51:29.401 I/KiboRpcApi( 2920): [getCommandResult] Current Orientation: Mat33f::Quaternion{ x=0.002; y=-0; z=-0.126; w=0.992}
06-08 13:51:30.435 I/KiboRpcApi( 2920): [getCommandResult] Current Position: gov.nasa.arc.astrobee.types.Point[10.349, -9.832, 4.31]
06-08 13:51:30.436 I/KiboRpcApi( 2920): [getCommandResult] Current Orientation: Mat33f::Quaternion{ x=0.002; y=-0.006; z=-0.134; w=0.991}
06-08 13:51:31.479 I/KiboRpcApi( 2920): [getCommandResult] Current Position: gov.nasa.arc.astrobee.types.Point[10.402, -9.797, 4.329]
06-08 13:51:31.565 I/KiboRpcApi( 2920): [getCommandResult] Current Orientation: Mat33f::Quaternion{ x=-0.001; y=0.001; z=-0.194; w=0.981}
06-08 13:51:32.317 W/art     ( 2920): Long monitor contention with owner New I/O  worker #21 (3017) at boolean org.ros.concurrent.CircularBlockingDeque.addLast(java.lang.Object)(CircularBlockingDeque.java:72) waiters=1 in void java.lang.Object.wait!() for 208ms
06-08 13:51:32.606 I/KiboRpcApi( 2920): [getCommandResult] Current Position: gov.nasa.arc.astrobee.types.Point[10.427, -9.796, 4.381]
06-08 13:51:32.609 I/KiboRpcApi( 2920): [getCommandResult] Current Orientation: Mat33f::Quaternion{ x=0.002; y=0; z=-0.217; w=0.976}
06-08 13:51:33.651 I/KiboRpcApi( 2920): [getCommandResult] Current Position: gov.nasa.arc.astrobee.types.Point[10.445, -9.815, 4.372]
06-08 13:51:33.651 I/KiboRpcApi( 2920): [getCommandResult] Current Orientation: Mat33f::Quaternion{ x=-0.005; y=-0.005; z=-0.222; w=0.975}
06-08 13:51:33.874 W/art     ( 2920): Long monitor contention with owner New I/O  worker #29 (3042) at boolean org.ros.concurrent.CircularBlockingDeque.addLast(java.lang.Object)(CircularBlockingDeque.java:72) waiters=1 in void java.lang.Object.wait!() for 220ms
06-08 13:51:34.697 I/KiboRpcApi( 2920): [getCommandResult] Current Position: gov.nasa.arc.astrobee.types.Point[10.516, -9.792, 4.437]
06-08 13:51:34.698 I/KiboRpcApi( 2920): [getCommandResult] Current Orientation: Mat33f::Quaternion{ x=0.002; y=-0.003; z=-0.271; w=0.963}
06-08 13:51:35.881 I/KiboRpcApi( 2920): [getCommandResult] Current Position: gov.nasa.arc.astrobee.types.Point[10.502, -9.766, 4.465]
06-08 13:51:35.882 I/KiboRpcApi( 2920): [getCommandResult] Current Orientation: Mat33f::Quaternion{ x=-0.003; y=0.002; z=-0.281; w=0.96}
06-08 13:51:37.021 I/KiboRpcApi( 2920): [getCommandResult] Current Position: gov.nasa.arc.astrobee.types.Point[10.604, -9.798, 4.457]
06-08 13:51:37.208 I/KiboRpcApi( 2920): [getCommandResult] Current Orientation: Mat33f::Quaternion{ x=-0.001; y=-0.005; z=-0.335; w=0.942}
06-08 13:51:38.230 I/KiboRpcApi( 2920): [printLogCommandResult] Command status: OK(1)
06-08 13:51:38.230 I/KiboRpcApi( 2920): Done
06-08 13:51:38.231 D/[moveTo]: ( 2920): finished  _Time_: 29134
06-08 13:51:38.231 D/[qrEvent]: ( 2920): start  _Time_: 29134
06-08 13:51:38.419 W/art     ( 2920): Long monitor contention with owner pool-1-thread-33 (3013) at java.lang.Class java.lang.reflect.Proxy.getProxyClass0(java.lang.ClassLoader, java.lang.Class[])(Proxy.java:457) waiters=3 in java.lang.Class java.lang.reflect.Proxy.getProxyClass0(java.lang.ClassLoader, java.lang.Class[]) for 273ms
06-08 13:51:38.591 D/[qrEvent]: ( 2920): loopCount 0  _Time_: 29494
06-08 13:51:38.592 D/[setFlashOn]: ( 2920): start  _Time_: 29495
06-08 13:51:38.858 W/art     ( 2920): Suspending all threads took: 24.289ms
06-08 13:51:38.946 W/art     ( 2920): Long monitor contention with owner New I/O  worker #21 (3017) at boolean org.ros.concurrent.CircularBlockingDeque.addLast(java.lang.Object)(CircularBlockingDeque.java:72) waiters=1 in void java.lang.Object.wait!() for 104ms
06-08 13:51:39.497 I/KiboRpcApi( 2920): [printLogCommandResult] Command status: OK(1)
06-08 13:51:39.497 I/KiboRpcApi( 2920): Done
06-08 13:51:39.497 D/[setFlashOn]: ( 2920): brightness = 0.33  _Time_: 30401
06-08 13:51:39.498 D/[wait]: ( 2920): start  _Time_: 30401
06-08 13:51:39.498 D/[wait]: ( 2920): waiting for 500 ms  _Time_: 30401
06-08 13:51:40.044 D/[setFlashOn]: ( 2920): done  _Time_: 30947
06-08 13:51:40.044 D/[qrEvent]: ( 2920): reading qr code  _Time_: 30948
06-08 13:51:40.045 D/[wait]: ( 2920): start  _Time_: 30948
06-08 13:51:40.045 D/[wait]: ( 2920): waiting for 18000 ms  _Time_: 30948
06-08 13:51:43.503 W/art     ( 2920): Long monitor contention with owner pool-3-thread-9 (2980) at boolean org.ros.concurrent.CircularBlockingDeque.addLast(java.lang.Object)(CircularBlockingDeque.java:72) waiters=0 in java.lang.Object org.ros.concurrent.CircularBlockingDeque.takeFirst() for 163ms
06-08 13:51:44.937 W/art     ( 2920): Long monitor contention with owner New I/O  worker #29 (3042) at boolean org.ros.concurrent.CircularBlockingDeque.addLast(java.lang.Object)(CircularBlockingDeque.java:72) waiters=1 in void java.lang.Object.wait!() for 112ms
06-08 13:51:45.556 W/art     ( 2920): Long monitor contention with owner New I/O  worker #21 (3017) at boolean org.ros.concurrent.CircularBlockingDeque.addLast(java.lang.Object)(CircularBlockingDeque.java:72) waiters=1 in void java.lang.Object.wait!() for 227ms
06-08 13:51:45.917 W/art     ( 2920): Long monitor contention with owner New I/O  worker #29 (3042) at boolean org.ros.concurrent.CircularBlockingDeque.addLast(java.lang.Object)(CircularBlockingDeque.java:72) waiters=1 in void java.lang.Object.wait!() for 478ms
06-08 13:51:47.220 W/art     ( 2920): Long monitor contention with owner pool-1-thread-33 (3013) at java.lang.Class java.lang.reflect.Proxy.getProxyClass0(java.lang.ClassLoader, java.lang.Class[])(Proxy.java:481) waiters=1 in java.lang.Class java.lang.reflect.Proxy.getProxyClass0(java.lang.ClassLoader, java.lang.Class[]) for 137ms
06-08 13:51:48.228 W/art     ( 2920): Suspending all threads took: 7.325ms
