06-07 11:48:42.322 I/MediaPlayerService( 1337): MediaPlayerService::getOMX
06-07 11:48:42.323 I/OMXClient( 1337): MuxOMX ctor
06-07 11:48:42.324 I/OMXMaster( 1332): makeComponentInstance(OMX.google.opus.decoder) in mediacodec process
06-07 11:48:42.377 I/LatinIME:LogUtils( 2375): Dictionary info: dictionary = userunigram.en_US ; version = 1623066522 ; date = ?
06-07 11:48:42.442 E/ActivityThread( 2375): Failed to find provider info for user_dictionary
06-07 11:48:42.491 I/LatinIME:LogUtils( 2375): Dictionary info: dictionary = UserHistoryDictionary.en_US ; version = 1623066522 ; date = ?
06-07 11:48:42.593 V/vold    ( 1270): Waiting for FUSE to spin up...
06-07 11:48:42.710 V/vold    ( 1270): Waiting for FUSE to spin up...
06-07 11:48:42.763 V/vold    ( 1270): Waiting for FUSE to spin up...
06-07 11:48:42.820 V/vold    ( 1270): Waiting for FUSE to spin up...
06-07 11:48:42.872 V/vold    ( 1270): Waiting for FUSE to spin up...
06-07 11:48:42.930 V/vold    ( 1270): Waiting for FUSE to spin up...
06-07 11:48:42.992 V/vold    ( 1270): Waiting for FUSE to spin up...
06-07 11:48:43.042 V/vold    ( 1270): Waiting for FUSE to spin up...
06-07 11:48:43.100 V/vold    ( 1270): Waiting for FUSE to spin up...
06-07 11:48:43.151 V/vold    ( 1270): Waiting for FUSE to spin up...
06-07 11:48:43.201 V/vold    ( 1270): Waiting for FUSE to spin up...
06-07 11:48:43.254 V/vold    ( 1270): Waiting for FUSE to spin up...
06-07 11:48:43.259 I/vol.Events( 2380): writeEvent collection_started
06-07 11:48:43.310 V/vold    ( 1270): Waiting for FUSE to spin up...
06-07 11:48:43.321 I/MediaPlayerService( 1337): MediaPlayerService::getOMX
06-07 11:48:43.322 I/OMXClient( 1337): MuxOMX ctor
06-07 11:48:43.323 I/OMXMaster( 1332): makeComponentInstance(OMX.google.raw.decoder) in mediacodec process
06-07 11:48:43.326 W/sdcard  ( 2503): Device explicitly disabled sdcardfs
06-07 11:48:43.370 V/vold    ( 1270): Waiting for FUSE to spin up...
06-07 11:48:43.455 I/vol.Events( 2380): writeEvent external_ringer_mode_changed normal
06-07 11:48:43.470 I/vol.Events( 2380): writeEvent internal_ringer_mode_changed normal
06-07 11:48:43.450 D/VoldConnector( 2174): RCV <- {651 public:253,48 2}
06-07 11:48:43.523 D/VoldConnector( 2174): RCV <- {200 7 Command succeeded}
06-07 11:48:43.530 E/VoldConnector( 2174): NDC Command {7 volume mount public:253,48 2 0} took too long (5233ms)
06-07 11:48:43.536 I/MediaPlayerService( 1337): MediaPlayerService::getOMX
06-07 11:48:43.537 I/OMXClient( 1337): MuxOMX ctor
06-07 11:48:43.538 I/OMXMaster( 1332): makeComponentInstance(OMX.google.aac.encoder) in mediacodec process
06-07 11:48:43.586 W/ProcessCpuTracker( 2174): Skipping unknown process pid 2495
06-07 11:48:43.703 W/ProcessCpuTracker( 2174): Skipping unknown process pid 2513
06-07 11:48:43.716 I/MediaPlayerService( 1337): MediaPlayerService::getOMX
06-07 11:48:43.718 I/OMXClient( 1337): MuxOMX ctor
06-07 11:48:43.719 I/OMXMaster( 1332): makeComponentInstance(OMX.google.amrnb.encoder) in mediacodec process
06-07 11:48:43.834 I/MediaPlayerService( 1337): MediaPlayerService::getOMX
06-07 11:48:43.835 I/OMXClient( 1337): MuxOMX ctor
06-07 11:48:43.836 I/OMXMaster( 1332): makeComponentInstance(OMX.google.amrwb.encoder) in mediacodec process
06-07 11:48:44.042 I/MediaPlayerService( 1337): MediaPlayerService::getOMX
06-07 11:48:44.044 I/OMXClient( 1337): MuxOMX ctor
06-07 11:48:44.044 I/OMXMaster( 1332): makeComponentInstance(OMX.google.flac.encoder) in mediacodec process
06-07 11:48:44.175 E/NetdConnector( 2174): NDC Command {4 strict enable} took too long (2669ms)
06-07 11:48:44.176 W/NetworkManagement( 2174): setDataSaverMode(): already false
06-07 11:48:44.573 I/MediaPlayerService( 1337): MediaPlayerService::getOMX
06-07 11:48:44.581 I/OMXClient( 1337): MuxOMX ctor
06-07 11:48:44.582 I/OMXMaster( 1332): makeComponentInstance(OMX.google.gsm.decoder) in mediacodec process
06-07 11:48:45.352 W/art     ( 2174): Long monitor contention with owner AsyncTask #2 (2506) at java.util.ArrayList com.android.server.AppOpsService.collectOps(com.android.server.AppOpsService$Ops, int[])(AppOpsService.java:380) waiters=0 in int com.android.server.AppOpsService.checkPackage(int, java.lang.String) for 360ms
06-07 11:48:45.512 I/MediaPlayerService( 1337): MediaPlayerService::getOMX
06-07 11:48:45.513 I/OMXClient( 1337): MuxOMX ctor
06-07 11:48:45.514 I/OMXMaster( 1332): makeComponentInstance(OMX.google.mpeg4.decoder) in mediacodec process
06-07 11:48:46.311 E/OMXNodeInstance( 1332): getExtensionIndex(534000f:google.mpeg4.decoder, OMX.google.android.index.configureVideoTunnelMode) ERROR: UnsupportedIndex(0x8000101a)
06-07 11:48:46.312 W/OMXNodeInstance( 1332): [534000f:google.mpeg4.decoder] component does not support metadata mode; using fallback
06-07 11:48:46.402 I/MediaPlayerService( 1337): MediaPlayerService::getOMX
06-07 11:48:46.404 I/OMXClient( 1337): MuxOMX ctor
06-07 11:48:46.405 I/OMXMaster( 1332): makeComponentInstance(OMX.google.h263.decoder) in mediacodec process
06-07 11:48:46.560 I/vol.Events( 2380): writeEvent level_changed STREAM_ALARM 6
06-07 11:48:46.702 I/vol.Events( 2380): writeEvent level_changed STREAM_BLUETOOTH_SCO 7
06-07 11:48:46.742 I/vol.Events( 2380): writeEvent level_changed STREAM_MUSIC 11
06-07 11:48:46.759 I/vol.Events( 2380): writeEvent level_changed STREAM_RING 5
06-07 11:48:46.785 I/vol.Events( 2380): writeEvent level_changed STREAM_SYSTEM 5
06-07 11:48:46.823 I/vol.Events( 2380): writeEvent level_changed STREAM_VOICE_CALL 4
06-07 11:48:47.091 E/OMXNodeInstance( 1332): getExtensionIndex(5340010:google.h263.decoder, OMX.google.android.index.configureVideoTunnelMode) ERROR: UnsupportedIndex(0x8000101a)
06-07 11:48:47.092 W/OMXNodeInstance( 1332): [5340010:google.h263.decoder] component does not support metadata mode; using fallback
06-07 11:48:47.170 I/MediaPlayerService( 1337): MediaPlayerService::getOMX
06-07 11:48:47.251 I/OMXClient( 1337): MuxOMX ctor
06-07 11:48:47.252 I/OMXMaster( 1332): makeComponentInstance(OMX.google.h264.decoder) in mediacodec process
06-07 11:48:47.336 D/StorageNotification( 2380): Notifying about private volume: VolumeInfo{private}:
06-07 11:48:47.336 D/StorageNotification( 2380):     type=PRIVATE diskId=null partGuid=null mountFlags=0 mountUserId=-1 
06-07 11:48:47.336 D/StorageNotification( 2380):     state=MOUNTED 
06-07 11:48:47.336 D/StorageNotification( 2380):     fsType=null fsUuid=null fsLabel=null 
06-07 11:48:47.336 D/StorageNotification( 2380):     path=/data internalPath=null 
06-07 11:48:47.350 E/NetdConnector( 2174): NDC Command {7 bandwidth setglobalalert 2097152} took too long (1995ms)
06-07 11:48:47.402 D/StorageNotification( 2380): Notifying about public volume: VolumeInfo{public:253,48}:
06-07 11:48:47.402 D/StorageNotification( 2380):     type=PUBLIC diskId=disk:253,48 partGuid=null mountFlags=VISIBLE 
06-07 11:48:47.402 D/StorageNotification( 2380):     mountUserId=0 state=MOUNTED 
06-07 11:48:47.402 D/StorageNotification( 2380):     fsType=vfat fsUuid=1EFF-1C1B fsLabel=SDCARD 
06-07 11:48:47.402 D/StorageNotification( 2380):     path=/storage/1EFF-1C1B internalPath=/mnt/media_rw/1EFF-1C1B 
06-07 11:48:47.443 D/NetworkPolicy( 2174): setRestrictBackgroundUL(): false
06-07 11:48:47.446 W/NetworkManagement( 2174): setDataSaverMode(): already false
06-07 11:48:48.163 W/ACodec  ( 1337): [OMX.google.h264.decoder] stopping checking profiles after 32: 2/8000
06-07 11:48:48.166 E/OMXNodeInstance( 1332): getExtensionIndex(5340011:google.h264.decoder, OMX.google.android.index.configureVideoTunnelMode) ERROR: UnsupportedIndex(0x8000101a)
06-07 11:48:48.167 W/OMXNodeInstance( 1332): [5340011:google.h264.decoder] component does not support metadata mode; using fallback
06-07 11:48:48.259 I/MediaPlayerService( 1337): MediaPlayerService::getOMX
06-07 11:48:48.261 I/OMXClient( 1337): MuxOMX ctor
06-07 11:48:48.262 I/OMXMaster( 1332): makeComponentInstance(OMX.google.hevc.decoder) in mediacodec process
06-07 11:48:48.302 W/art     ( 2174): Long monitor contention with owner NetworkPolicy (2333) at boolean android.os.BinderProxy.transactNative(int, android.os.Parcel, android.os.Parcel, int)(Binder.java:-2) waiters=0 in void com.android.server.NetworkManagementService.setFirewallChainEnabled(int, boolean) for 613ms
06-07 11:48:48.928 E/OMXNodeInstance( 1332): getExtensionIndex(5340012:google.hevc.decoder, OMX.google.android.index.configureVideoTunnelMode) ERROR: UnsupportedIndex(0x8000101a)
06-07 11:48:48.929 W/OMXNodeInstance( 1332): [5340012:google.hevc.decoder] component does not support metadata mode; using fallback
06-07 11:48:49.106 I/MediaPlayerService( 1337): MediaPlayerService::getOMX
06-07 11:48:49.124 I/OMXClient( 1337): MuxOMX ctor
06-07 11:48:49.130 I/OMXMaster( 1332): makeComponentInstance(OMX.google.vp8.decoder) in mediacodec process
06-07 11:48:49.937 E/OMXNodeInstance( 1332): getExtensionIndex(5340013:google.vp8.decoder, OMX.google.android.index.configureVideoTunnelMode) ERROR: UnsupportedIndex(0x8000101a)
06-07 11:48:49.938 W/OMXNodeInstance( 1332): [5340013:google.vp8.decoder] component does not support metadata mode; using fallback
06-07 11:48:49.994 W/AudioService( 2174): onLoadSoundEffects(), Error 1 while loading samples
06-07 11:48:50.172 I/MediaPlayerService( 1337): MediaPlayerService::getOMX
06-07 11:48:50.173 I/OMXClient( 1337): MuxOMX ctor
06-07 11:48:50.174 I/OMXMaster( 1332): makeComponentInstance(OMX.google.vp9.decoder) in mediacodec process
06-07 11:48:50.364 E/NetdConnector( 2174): NDC Command {8 firewall enable_chain standby} took too long (2060ms)
06-07 11:48:50.643 E/OMXNodeInstance( 1332): getExtensionIndex(5340014:google.vp9.decoder, OMX.google.android.index.configureVideoTunnelMode) ERROR: UnsupportedIndex(0x8000101a)
06-07 11:48:50.644 W/OMXNodeInstance( 1332): [5340014:google.vp9.decoder] component does not support metadata mode; using fallback
06-07 11:48:50.686 I/MediaPlayerService( 1337): MediaPlayerService::getOMX
06-07 11:48:50.687 I/OMXClient( 1337): MuxOMX ctor
06-07 11:48:50.688 I/OMXMaster( 1332): makeComponentInstance(OMX.google.h263.encoder) in mediacodec process
06-07 11:48:51.003 I/SoftMPEG4Encoder( 1332): Construct SoftMPEG4Encoder
06-07 11:48:51.032 W/ACodec  ( 1337): do not know color format 0x7f000789 = 2130708361
06-07 11:48:51.034 E/OMXNodeInstance( 1332): getConfig(5340015:google.h263.encoder, ConfigAndroidIntraRefresh(0x6f60000a)) ERROR: Undefined(0x80001001)
06-07 11:48:51.063 I/MediaPlayerService( 1337): MediaPlayerService::getOMX
06-07 11:48:51.064 I/OMXClient( 1337): MuxOMX ctor
06-07 11:48:51.065 I/OMXMaster( 1332): makeComponentInstance(OMX.google.h264.encoder) in mediacodec process
06-07 11:48:51.577 W/ACodec  ( 1337): do not know color format 0x7f000789 = 2130708361
06-07 11:48:51.603 I/MediaPlayerService( 1337): MediaPlayerService::getOMX
06-07 11:48:51.604 I/OMXClient( 1337): MuxOMX ctor
06-07 11:48:51.605 I/OMXMaster( 1332): makeComponentInstance(OMX.google.mpeg4.encoder) in mediacodec process
06-07 11:48:52.112 I/SoftMPEG4Encoder( 1332): Construct SoftMPEG4Encoder
06-07 11:48:52.131 W/ACodec  ( 1337): do not know color format 0x7f000789 = 2130708361
06-07 11:48:52.132 E/OMXNodeInstance( 1332): getConfig(5340017:google.mpeg4.encoder, ConfigAndroidIntraRefresh(0x6f60000a)) ERROR: Undefined(0x80001001)
06-07 11:48:52.173 I/MediaPlayerService( 1337): MediaPlayerService::getOMX
06-07 11:48:52.174 I/OMXClient( 1337): MuxOMX ctor
06-07 11:48:52.175 I/OMXMaster( 1332): makeComponentInstance(OMX.google.vp8.encoder) in mediacodec process
06-07 11:48:52.629 W/ACodec  ( 1337): do not know color format 0x7f000789 = 2130708361
06-07 11:48:52.701 E/OMXNodeInstance( 1332): getConfig(5340018:google.vp8.encoder, ConfigAndroidIntraRefresh(0x6f60000a)) ERROR: Undefined(0x80001001)
06-07 11:48:52.721 I/MediaPlayerService( 1337): MediaPlayerService::getOMX
06-07 11:48:52.723 I/OMXClient( 1337): MuxOMX ctor
06-07 11:48:52.750 I/MediaPlayerService( 1337): MediaPlayerService::getOMX
06-07 11:48:52.751 I/OMXClient( 1337): MuxOMX ctor
06-07 11:48:52.752 W/MediaCodecList( 1337): unable to open media codecs configuration xml file: /data/misc/media/media_codecs_profiling_results.xml
06-07 11:48:52.764 I/MediaPlayerService( 1337): MediaPlayerService::getOMX
06-07 11:48:52.772 I/MediaPlayerService( 1337): MediaPlayerService::getOMX
06-07 11:48:52.775 I/OMXClient( 2174): MuxOMX ctor
06-07 11:48:52.782 I/OMXMaster( 1332): makeComponentInstance(OMX.google.vorbis.decoder) in mediacodec process
06-07 11:48:52.787 I/OMXClient( 2380): MuxOMX ctor
06-07 11:48:53.109 I/OMXMaster( 1332): makeComponentInstance(OMX.google.vorbis.decoder) in mediacodec process
06-07 11:48:53.351 W/ActivityManager( 2174): Timeout executing service: ServiceRecord{a121bcd u0 com.android.server.telecom/.components.TelecomService}
06-07 11:48:53.972 W/MessageQueue( 2174): Handler (android.media.SoundPool$EventHandler) {139f40} sending message to a Handler on a dead thread
06-07 11:48:53.972 W/MessageQueue( 2174): java.lang.IllegalStateException: Handler (android.media.SoundPool$EventHandler) {139f40} sending message to a Handler on a dead thread
06-07 11:48:53.972 W/MessageQueue( 2174): 	at android.os.MessageQueue.enqueueMessage(MessageQueue.java:543)
06-07 11:48:53.972 W/MessageQueue( 2174): 	at android.os.Handler.enqueueMessage(Handler.java:643)
06-07 11:48:53.972 W/MessageQueue( 2174): 	at android.os.Handler.sendMessageAtTime(Handler.java:612)
06-07 11:48:53.972 W/MessageQueue( 2174): 	at android.os.Handler.sendMessageDelayed(Handler.java:582)
06-07 11:48:53.972 W/MessageQueue( 2174): 	at android.os.Handler.sendMessage(Handler.java:519)
06-07 11:48:53.972 W/MessageQueue( 2174): 	at android.media.SoundPool.postEventFromNative(SoundPool.java:565)
06-07 11:48:54.186 I/MediaPlayerService( 1337): MediaPlayerService::getOMX
06-07 11:48:54.188 I/OMXClient( 2174): MuxOMX ctor
06-07 11:48:54.193 I/OMXMaster( 1332): makeComponentInstance(OMX.google.vorbis.decoder) in mediacodec process
06-07 11:48:54.786 I/MediaPlayerService( 1337): MediaPlayerService::getOMX
06-07 11:48:54.788 I/OMXClient( 2380): MuxOMX ctor
06-07 11:48:54.792 I/OMXMaster( 1332): makeComponentInstance(OMX.google.vorbis.decoder) in mediacodec process
06-07 11:48:55.564 W/art     ( 2174): Suspending all threads took: 824.393ms
06-07 11:48:55.586 W/MessageQueue( 2174): Handler (android.media.SoundPool$EventHandler) {139f40} sending message to a Handler on a dead thread
06-07 11:48:55.586 W/MessageQueue( 2174): java.lang.IllegalStateException: Handler (android.media.SoundPool$EventHandler) {139f40} sending message to a Handler on a dead thread
06-07 11:48:55.586 W/MessageQueue( 2174): 	at android.os.MessageQueue.enqueueMessage(MessageQueue.java:543)
06-07 11:48:55.586 W/MessageQueue( 2174): 	at android.os.Handler.enqueueMessage(Handler.java:643)
06-07 11:48:55.586 W/MessageQueue( 2174): 	at android.os.Handler.sendMessageAtTime(Handler.java:612)
06-07 11:48:55.586 W/MessageQueue( 2174): 	at android.os.Handler.sendMessageDelayed(Handler.java:582)
06-07 11:48:55.586 W/MessageQueue( 2174): 	at android.os.Handler.sendMessage(Handler.java:519)
06-07 11:48:55.586 W/MessageQueue( 2174): 	at android.media.SoundPool.postEventFromNative(SoundPool.java:565)
06-07 11:48:55.801 I/MediaPlayerService( 1337): MediaPlayerService::getOMX
06-07 11:48:55.803 I/OMXClient( 2174): MuxOMX ctor
06-07 11:48:55.807 I/OMXMaster( 1332): makeComponentInstance(OMX.google.vorbis.decoder) in mediacodec process
06-07 11:48:55.813 I/MediaPlayerService( 1337): MediaPlayerService::getOMX
06-07 11:48:55.815 I/OMXClient( 2380): MuxOMX ctor
06-07 11:48:55.921 I/art     ( 2174): Background sticky concurrent mark sweep GC freed 43325(2MB) AllocSpace objects, 20(468KB) LOS objects, 18% free, 13MB/16MB, paused 829.818ms total 8.340s
06-07 11:48:56.200 I/OMXMaster( 1332): makeComponentInstance(OMX.google.vorbis.decoder) in mediacodec process
06-07 11:48:56.224 W/art     ( 2174): Long monitor contention with owner AsyncTask #2 (2506) at void com.android.server.AppOpsService.writeState()(AppOpsService.java:1586) waiters=1 in void com.android.server.AppOpsService.stopWatchingMode(com.android.internal.app.IAppOpsCallback) for 6.227s
06-07 11:48:56.225 W/art     ( 2174): Long monitor contention with owner AsyncTask #2 (2506) at void com.android.server.AppOpsService.writeState()(AppOpsService.java:1586) waiters=0 in int com.android.server.AppOpsService.checkPackage(int, java.lang.String) for 7.277s
06-07 11:48:56.227 W/art     ( 2174): Long monitor contention with owner Binder:2174_2 (2192) at int com.android.server.AppOpsService.checkPackage(int, java.lang.String)(AppOpsService.java:975) waiters=0 in com.android.providers.settings.SettingsState$Setting com.android.providers.settings.SettingsProvider.getGlobalSetting(java.lang.String) for 5.798s
06-07 11:48:56.230 W/art     ( 2174): Long monitor contention with owner Binder:2174_2 (2192) at int com.android.server.AppOpsService.checkPackage(int, java.lang.String)(AppOpsService.java:975) waiters=1 in com.android.providers.settings.SettingsState$Setting com.android.providers.settings.SettingsProvider.getGlobalSetting(java.lang.String) for 5.719s
06-07 11:48:56.240 W/art     ( 2174): Long monitor contention with owner Binder:2174_2 (2192) at int com.android.server.AppOpsService.checkPackage(int, java.lang.String)(AppOpsService.java:975) waiters=2 in com.android.providers.settings.SettingsState$Setting com.android.providers.settings.SettingsProvider.getSecureSetting(java.lang.String, int) for 2.610s
06-07 11:48:56.318 I/Process ( 2174): Sending signal. PID: 2174 SIG: 3
06-07 11:48:56.341 I/art     ( 2174): Thread[2,tid=2180,WaitingInMainSignalCatcherLoop,Thread*=0x7161fa630000,peer=0x12c010d0,"Signal Catcher"]: reacting to signal 3
06-07 11:48:56.341 I/art     ( 2174): 
06-07 11:48:57.029 W/art     ( 2174): Suspending all threads took: 685.232ms
06-07 11:48:57.183 W/art     ( 2174): Long monitor contention with owner NetworkStats (2330) at void android.os.MessageQueue.nativeWake(long)(MessageQueue.java:-2) waiters=0 in android.os.Message android.os.MessageQueue.next() for 854ms
06-07 11:48:57.201 I/Choreographer( 2380): Skipped 617 frames!  The application may be doing too much work on its main thread.
06-07 11:48:57.227 I/LatinIME:LogUtils( 2375): Dictionary info: dictionary = main:en ; version = 54 ; date = 1414726273
06-07 11:48:57.462 I/SystemServiceManager( 2174): Starting phase 600
06-07 11:48:58.634 I/Process ( 2174): Sending signal. PID: 2380 SIG: 3
06-07 11:48:58.635 I/art     ( 2380): Thread[3,tid=2394,WaitingInMainSignalCatcherLoop,Thread*=0x716201296400,peer=0x12c005e0,"Signal Catcher"]: reacting to signal 3
06-07 11:48:58.635 I/art     ( 2380): 
06-07 11:48:58.757 D/SensorNotificationService( 2174): Cannot obtain dynamic meta sensor, not supported.
06-07 11:48:58.986 I/GnssLocationProvider( 2174): WakeLock acquired by sendMessage(13, 0, null)
06-07 11:48:59.068 W/LocationManagerService( 2174): no network location provider found
06-07 11:48:59.070 I/art     ( 2380): Wrote stack traces to '/data/anr/traces.txt'
06-07 11:48:59.135 E/LocationManagerService( 2174): no geocoder provider found
06-07 11:48:59.142 E/FlpHardwareProvider( 2174): Error hw_get_module 'flp': -2
06-07 11:48:59.142 D/LocationManagerService( 2174): FLP HAL not supported
06-07 11:48:59.147 D/LocationManagerService( 2174): Unable to bind FLP Geofence proxy.
06-07 11:48:59.148 E/ActivityRecognitionHardware( 2174): Error hw_get_module: -2
06-07 11:48:59.148 D/LocationManagerService( 2174): Hardware Activity-Recognition not supported.
06-07 11:48:59.178 W/        ( 1269): debuggerd: handling request: pid=1321 uid=1000 gid=1003 tid=1321
06-07 11:48:59.180 E/ActivityRecognitionProxy( 2174): ServiceWatcher could not start.
06-07 11:48:59.180 D/LocationManagerService( 2174): Unable to bind ActivityRecognitionProxy.
06-07 11:48:59.183 I/GnssLocationProvider( 2174): WakeLock acquired by sendMessage(2, 1, null)
06-07 11:48:59.255 I/CommonTimeManagementService( 2174): No common time service detected on this platform.  Common time services will be unavailable.
06-07 11:48:59.263 I/InputReader( 2174): Reconfiguring input devices.  changes=0x00000020
06-07 11:48:59.275 I/MmsServiceBroker( 2174): Delay connecting to MmsService until an API is called
06-07 11:48:59.371 I/InputReader( 2174): Reconfiguring input devices.  changes=0x00000010
06-07 11:48:59.402 W/VoiceInteractionManagerService( 2174): no available voice interaction services found for user 0
06-07 11:48:59.403 W/VoiceInteractionManagerService( 2174): no available voice recognition services found for user 0
06-07 11:48:59.609 W/ActivityManager( 2174): Slow operation: 177ms so far, now at startProcess: returned from zygote!
06-07 11:48:59.609 W/ActivityManager( 2174): Slow operation: 178ms so far, now at startProcess: done updating battery stats
06-07 11:48:59.641 W/ActivityManager( 2174): Slow operation: 210ms so far, now at startProcess: building log message
06-07 11:48:59.641 I/ActivityManager( 2174): Start proc 2623:com.android.phone/1001 for added application com.android.phone
06-07 11:48:59.641 W/ActivityManager( 2174): Slow operation: 210ms so far, now at startProcess: starting to update pids map
06-07 11:48:59.641 W/ActivityManager( 2174): Slow operation: 210ms so far, now at startProcess: done updating pids map
06-07 11:48:59.645 I/ActivityManager( 2174): START u0 {act=android.intent.action.MAIN cat=[android.intent.category.HOME] flg=0x10000100 cmp=com.android.settings/.FallbackHome} from uid 0 on display 0
06-07 11:48:59.690 W/art     ( 2623): Unexpected CPU variant for X86 using defaults: x86_64
06-07 11:48:59.699 W/System  ( 2174): ClassLoader referenced unknown path: 
06-07 11:48:59.720 W/System  ( 2174): ClassLoader referenced unknown path: /system/priv-app/Settings/lib/x86_64
06-07 11:48:59.773 D/ApplicationLoaders( 2174): ignored Vulkan layer search path /system/priv-app/Settings/lib/x86_64:/system/priv-app/Settings/Settings.apk!/lib/x86_64:/system/lib64:/vendor/lib64 for namespace 0x716205a24160
06-07 11:48:59.789 I/ActivityManager( 2174): Loaded persisted task ids for user 0
06-07 11:48:59.974 W/        ( 1269): debuggerd: resuming target 1321
06-07 11:48:59.976 W/        ( 1269): debuggerd: handling request: pid=1327 uid=1041 gid=1005 tid=1327
06-07 11:49:00.045 W/        ( 1268): debuggerd: handling request: pid=1327 uid=1041 gid=1005 tid=1327
06-07 11:49:00.088 W/art     ( 2639): Unexpected CPU variant for X86 using defaults: x86_64
06-07 11:49:00.192 W/ActivityManager( 2174): Slow operation: 187ms so far, now at startProcess: returned from zygote!
06-07 11:49:00.192 W/ActivityManager( 2174): Slow operation: 187ms so far, now at startProcess: done updating battery stats
06-07 11:49:00.193 W/ActivityManager( 2174): Slow operation: 188ms so far, now at startProcess: building log message
06-07 11:49:00.193 I/ActivityManager( 2174): Start proc 2639:com.android.settings/1000 for activity com.android.settings/.FallbackHome
06-07 11:49:00.193 W/ActivityManager( 2174): Slow operation: 188ms so far, now at startProcess: starting to update pids map
06-07 11:49:00.193 W/ActivityManager( 2174): Slow operation: 188ms so far, now at startProcess: done updating pids map
06-07 11:49:00.193 W/ActivityManager( 2174): Slow operation: 188ms so far, now at startProcess: done starting proc!
06-07 11:49:00.204 W/art     ( 2174): Long monitor contention with owner main (2174) at void com.android.server.am.ActivityManagerService.systemReady(java.lang.Runnable)(ActivityManagerService.java:13368) waiters=0 in void com.android.server.am.ActivityManagerService.dispatchUidsChanged() for 774ms
06-07 11:49:00.217 I/SystemServer( 2174): Enabled StrictMode for system server main thread.
06-07 11:49:00.490 I/art     ( 2174): Wrote stack traces to '/data/anr/traces.txt'
06-07 11:49:00.500 W/art     ( 2174): Long monitor contention with owner Binder:2174_1 (2190) at void com.android.server.am.ActivityManagerService.attachApplication(android.app.IApplicationThread)(ActivityManagerService.java:6669) waiters=1 in void com.android.server.am.ActivityManagerService.attachApplication(android.app.IApplicationThread) for 205ms
06-07 11:49:00.520 W/art     ( 2174): Long monitor contention with owner Binder:2174_1 (2190) at void com.android.server.am.ActivityManagerService.attachApplication(android.app.IApplicationThread)(ActivityManagerService.java:6669) waiters=2 in android.content.Intent com.android.server.am.ActivityManagerService.registerReceiver(android.app.IApplicationThread, java.lang.String, android.content.IIntentReceiver, android.content.IntentFilter, java.lang.String, int) for 161ms
06-07 11:49:00.692 D/PermissionCache( 1321): checking android.permission.READ_FRAME_BUFFER for uid=1000 => granted (96097 us)
06-07 11:49:00.699 D/gralloc ( 1321): Registering a buffer in the process that created it. This may cause memory ordering problems.
06-07 11:49:00.709 E/libEGL  ( 1321): called unimplemented OpenGL ES API
06-07 11:49:00.709 E/SurfaceFlinger( 1321): glCheckFramebufferStatusOES error -1018799933
06-07 11:49:00.709 E/SurfaceFlinger( 1321): got GL_FRAMEBUFFER_COMPLETE_OES error while taking screenshot
06-07 11:49:00.861 W/art     ( 2174): Long monitor contention with owner Binder:2174_1 (2190) at void com.android.server.am.ActivityManagerService.attachApplication(android.app.IApplicationThread)(ActivityManagerService.java:6669) waiters=3 in void com.android.server.am.ActivityManagerService$LocalService.notifyAppTransitionFinished() for 442ms
06-07 11:49:00.863 W/art     ( 2174): Long monitor contention with owner Binder:2174_2 (2192) at void com.android.server.am.ActivityManagerService.attachApplication(android.app.IApplicationThread)(ActivityManagerService.java:6669) waiters=3 in void com.android.server.am.ActivityManagerService.dispatchProcessesChanged() for 353ms
06-07 11:49:00.864 W/art     ( 2174): Long monitor contention with owner Binder:2174_2 (2192) at void com.android.server.am.ActivityManagerService.attachApplication(android.app.IApplicationThread)(ActivityManagerService.java:6669) waiters=3 in android.content.Intent com.android.server.am.ActivityManagerService.registerReceiver(android.app.IApplicationThread, java.lang.String, android.content.IIntentReceiver, android.content.IntentFilter, java.lang.String, int) for 344ms
06-07 11:49:00.865 D/ConditionProviders.SCP( 2174): onConnected
06-07 11:49:00.867 D/ZenLog  ( 2174): set_zen_mode: off,readXml
06-07 11:49:00.871 W/art     ( 2174): Long monitor contention with owner Binder:2174_1 (2190) at void com.android.server.am.ActivityManagerService.attachApplication(android.app.IApplicationThread)(ActivityManagerService.java:6669) waiters=4 in java.lang.String com.android.server.am.ActivityManagerService.checkContentProviderAccess(java.lang.String, int) for 411ms
06-07 11:49:00.886 D/ConditionProviders( 2174): Subscribing to condition://android/schedule?days=1.2.3.4.5&start=22.0&end=7.0&exitAtAlarm=false with ComponentInfo{android/com.android.server.notification.ScheduleConditionProvider}
06-07 11:49:00.887 D/ZenLog  ( 2174): subscribe: condition://android/schedule?days=1.2.3.4.5&start=22.0&end=7.0&exitAtAlarm=false,ok
06-07 11:49:00.888 D/ConditionProviders( 2174): Subscribing to condition://android/schedule?days=6.7&start=23.30&end=10.0&exitAtAlarm=false with ComponentInfo{android/com.android.server.notification.ScheduleConditionProvider}
06-07 11:49:00.888 D/ZenLog  ( 2174): subscribe: condition://android/schedule?days=6.7&start=23.30&end=10.0&exitAtAlarm=false,ok
06-07 11:49:00.889 D/ConditionProviders( 2174): Subscribing to condition://android/event?userId=-10000&calendar=&reply=1 with ComponentInfo{android/com.android.server.notification.EventConditionProvider}
06-07 11:49:00.889 D/ZenLog  ( 2174): subscribe: condition://android/event?userId=-10000&calendar=&reply=1,ok
06-07 11:49:00.780 W/System  ( 2623): ClassLoader referenced unknown path: /system/priv-app/TeleService/lib/x86_64
06-07 11:49:01.096 I/StatusBarManagerService( 2174): registerStatusBar bar=com.android.internal.statusbar.IStatusBar$Stub$Proxy@afb8f4a
06-07 11:49:01.119 W/System  ( 2639): ClassLoader referenced unknown path: /system/priv-app/Settings/lib/x86_64
06-07 11:49:01.225 W/        ( 1268): debuggerd: resuming target 1327
06-07 11:49:01.233 W/        ( 1269): debuggerd: handling request: pid=1328 uid=1047 gid=1005 tid=1328
06-07 11:49:01.235 W/        ( 1268): debuggerd: handling request: pid=1328 uid=1047 gid=1005 tid=1328
06-07 11:49:01.241 D/RttService( 2174): SCAN_AVAILABLE : 1
06-07 11:49:01.241 D/ZenLog  ( 2174): set_zen_mode: off,cleanUpZenRules
06-07 11:49:01.251 D/RttService( 2174): DefaultState got{ when=-9ms what=160513 target=com.android.internal.util.StateMachine$SmHandler }
06-07 11:49:01.275 I/WifiScanningService( 2174): wifi driver unloaded
06-07 11:49:01.534 W/System  ( 2174): ClassLoader referenced unknown path: /system/priv-app/Telecom/lib/x86_64
06-07 11:49:01.538 D/ApplicationLoaders( 2174): ignored Vulkan layer search path /system/priv-app/Telecom/lib/x86_64:/system/priv-app/Telecom/Telecom.apk!/lib/x86_64:/system/lib64:/vendor/lib64 for namespace 0x716205a241d0
06-07 11:49:01.615 W/        ( 1268): debuggerd: resuming target 1328
06-07 11:49:01.619 W/        ( 1269): debuggerd: handling request: pid=1329 uid=1019 gid=1019 tid=1329
06-07 11:49:01.622 W/        ( 1268): debuggerd: handling request: pid=1329 uid=1019 gid=1019 tid=1329
06-07 11:49:01.778 W/        ( 1268): debuggerd: resuming target 1329
06-07 11:49:01.832 W/        ( 1269): debuggerd: handling request: pid=1332 uid=1046 gid=1006 tid=1332
06-07 11:49:01.843 W/        ( 1268): debuggerd: handling request: pid=1332 uid=1046 gid=1006 tid=1332
06-07 11:49:01.863 W/System  ( 2623): ClassLoader referenced unknown path: /system/priv-app/TelephonyProvider/lib/x86_64
06-07 11:49:01.867 D/ApplicationLoaders( 2623): ignored Vulkan layer search path /system/priv-app/TelephonyProvider/lib/x86_64:/system/lib64:/vendor/lib64 for namespace 0x716205a140f0
06-07 11:49:02.462 E/BluetoothAdapter( 2174): Bluetooth binder is null
06-07 11:49:02.761 W/WindowManager( 2174): App freeze timeout expired.
06-07 11:49:02.761 W/WindowManager( 2174): Force clearing freeze: AppWindowToken{c4c4766 token=Token{9af0ccb ActivityRecord{7f90b9a u0 com.android.settings/.FallbackHome t1}}}
06-07 11:49:02.765 W/        ( 1268): debuggerd: resuming target 1332
06-07 11:49:02.850 I/Telecom ( 2174): SystemStateProvider: Registering car mode receiver: android.content.IntentFilter@b731720: TS.init@AAA
06-07 11:49:03.142 W/        ( 1269): debuggerd: handling request: pid=1333 uid=1013 gid=1031 tid=1333
06-07 11:49:03.349 D/gralloc_ranchu( 2639): Emulator without host-side GPU emulation detected. Loading gralloc.default.so from /vendor/lib64/hw/gralloc.goldfish.default.so...
06-07 11:49:03.353 D/gralloc_ranchu( 2639): gralloc.default.so not found in /vendor. Trying /system/lib64/hw/gralloc.goldfish.default.so...
06-07 11:49:03.384 W/        ( 1268): debuggerd: handling request: pid=1333 uid=1013 gid=1031 tid=1333
06-07 11:49:03.388 I/Telecom ( 2174): Telecom: Non-call EVENT: AUDIO_ROUTE, Entering state QuiescentEarpieceRoute
06-07 11:49:03.613 I/WindowManager( 2174): Screen frozen for +3s100ms due to Window{ba5a07d u0 KeyguardScrim}
06-07 11:49:03.732 I/Telecom ( 2174): CallAudioModeStateMachine: Message received: null.: TS.init->CAMSM.pM_1@AAA_0
06-07 11:49:03.795 I/ActivityManager( 2174): Displayed com.android.settings/.FallbackHome: +3s790ms
06-07 11:49:03.973 E/BluetoothAdapter( 2174): Bluetooth binder is null
06-07 11:49:03.974 E/ActivityThread( 2174): Failed to find provider info for call_log
06-07 11:49:04.047 I/Telecom ( 2174): Class: TelecomSystem.INSTANCE being set
06-07 11:49:04.059 D/TelephonyProvider( 2623): dbh.onOpen: ok, queried table=siminfo
06-07 11:49:04.070 E/BluetoothAdapter( 2174): Bluetooth binder is null
06-07 11:49:04.079 W/ContextImpl( 2174): Calling a method in the system process without a qualified user: android.app.ContextImpl.startService:1357 com.android.server.content.SyncManager$13.run:658 android.os.Handler.handleCallback:751 android.os.Handler.dispatchMessage:95 android.os.Looper.loop:154 
06-07 11:49:04.292 W/        ( 1268): debuggerd: resuming target 1333
06-07 11:49:04.296 W/        ( 1269): debuggerd: handling request: pid=1335 uid=1040 gid=1026 tid=1335
06-07 11:49:04.299 W/        ( 1268): debuggerd: handling request: pid=1335 uid=1040 gid=1026 tid=1335
06-07 11:49:04.302 D/TelephonyProvider( 2623): dbh.onOpen: ok, queried table=carriers
06-07 11:49:05.246 W/        ( 1268): debuggerd: resuming target 1335
06-07 11:49:05.328 W/System  ( 2174): ClassLoader referenced unknown path: /system/priv-app/FusedLocation/lib/x86_64
06-07 11:49:05.331 W/        ( 1269): debuggerd: handling request: pid=1337 uid=1013 gid=1005 tid=1337
06-07 11:49:05.333 W/        ( 1268): debuggerd: handling request: pid=1337 uid=1013 gid=1005 tid=1337
06-07 11:49:05.675 D/ApplicationLoaders( 2174): ignored Vulkan layer search path /system/priv-app/FusedLocation/lib/x86_64:/system/priv-app/FusedLocation/FusedLocation.apk!/lib/x86_64:/system/lib64:/vendor/lib64 for namespace 0x716205a24240
06-07 11:49:05.719 I/art     ( 2174): Starting a blocking GC Explicit
06-07 11:49:05.818 V/WiredAccessoryManager( 2174): notifyWiredAccessoryChanged: when=0 bits= mask=54
06-07 11:49:05.829 V/WiredAccessoryManager( 2174): newName=h2w newState=0 headsetState=0 prev headsetState=0
06-07 11:49:05.829 E/WiredAccessoryManager( 2174): No state change.
06-07 11:49:05.829 V/WiredAccessoryManager( 2174): init()
06-07 11:49:05.897 W/        ( 1268): debuggerd: resuming target 1337
06-07 11:49:05.964 I/Choreographer( 2639): Skipped 33 frames!  The application may be doing too much work on its main thread.
06-07 11:49:06.076 D/ConditionProviders.SCP( 2174): onSubscribe condition://android/schedule?days=1.2.3.4.5&start=22.0&end=7.0&exitAtAlarm=false
06-07 11:49:06.079 D/ConditionProviders.SCP( 2174): setRegistered true
06-07 11:49:06.112 W/        ( 1269): debuggerd: handling request: pid=2429 uid=1023 gid=1023 tid=2429
06-07 11:49:06.189 D/ConditionProviders.SCP( 2174): notifyCondition condition://android/schedule?days=1.2.3.4.5&start=22.0&end=7.0&exitAtAlarm=false STATE_FALSE reason=!meetsSchedule
06-07 11:49:06.285 D/ConditionProviders.SCP( 2174): Scheduling evaluate for Mon Jun 07 22:00:00 UTC 2021 (1623103200000), in +10h10m53s813ms, now=Mon Jun 07 11:49:06 UTC 2021 (1623066546187)
06-07 11:49:06.306 D/ConditionProviders.SCP( 2174): onSubscribe condition://android/schedule?days=6.7&start=23.30&end=10.0&exitAtAlarm=false
06-07 11:49:06.309 D/ConditionProviders.SCP( 2174): notifyCondition condition://android/schedule?days=6.7&start=23.30&end=10.0&exitAtAlarm=false STATE_FALSE reason=!meetsSchedule
06-07 11:49:06.309 D/ConditionProviders.SCP( 2174): notifyCondition condition://android/schedule?days=1.2.3.4.5&start=22.0&end=7.0&exitAtAlarm=false STATE_FALSE reason=!meetsSchedule
06-07 11:49:06.473 D/ConditionProviders.SCP( 2174): Scheduling evaluate for Mon Jun 07 22:00:00 UTC 2021 (1623103200000), in +10h10m53s692ms, now=Mon Jun 07 11:49:06 UTC 2021 (1623066546308)
06-07 11:49:06.478 I/Telecom ( 2174): WiredHeadsetManager: ACTION_HEADSET_PLUG event, plugged in: false, : WHC.oADA@AAE
06-07 11:49:06.630 I/ActivityManager( 2174): user 0 is still locked. Cannot load recents
06-07 11:49:06.694 W/        ( 1269): debuggerd: resuming target 2429
06-07 11:49:06.696 W/        ( 1269): debuggerd: handling request: pid=2503 uid=1023 gid=1023 tid=2503
06-07 11:49:07.073 W/        ( 1269): debuggerd: resuming target 2503
06-07 11:49:08.953 W/art     ( 2174): Long monitor contention with owner ConditionProviders.ECP (2350) at java.lang.String com.android.server.am.ActivityManagerService.checkContentProviderAccess(java.lang.String, int)(ActivityManagerService.java:10435) waiters=1 in android.content.Intent com.android.server.am.ActivityManagerService.registerReceiver(android.app.IApplicationThread, java.lang.String, android.content.IIntentReceiver, android.content.IntentFilter, java.lang.String, int) for 209ms
06-07 11:49:09.834 W/SystemConfig( 2623): No directory /system/etc/sysconfig, skipping
06-07 11:49:10.216 W/ProcessCpuTracker( 2174): Skipping unknown process pid 2697
06-07 11:49:10.217 W/ProcessCpuTracker( 2174): Skipping unknown process pid 2701
06-07 11:49:10.366 D/PhoneSwitcherNetworkRequstListener( 2623): Registering NetworkFactory
06-07 11:49:10.466 D/ConnectivityService( 2174): Got NetworkFactory Messenger for PhoneSwitcherNetworkRequstListener
06-07 11:49:10.612 D/ConnectivityService( 2174): Got NetworkFactory Messenger for TelephonyNetworkFactory[0]
06-07 11:49:11.255 D/CarrierConfigLoader( 2623): CarrierConfigLoader has started
06-07 11:49:11.258 E/BluetoothAdapter( 2623): Bluetooth binder is null
06-07 11:49:11.744 E/ActivityThread( 2174): Failed to find provider info for com.android.calendar
06-07 11:49:11.909 W/ProcessCpuTracker( 2174): Skipping unknown process pid 2713
06-07 11:49:11.978 W/ProcessCpuTracker( 2174): Skipping unknown process pid 2695
06-07 11:49:11.980 W/ProcessCpuTracker( 2174): Skipping unknown process pid 2699
06-07 11:49:12.060 E/ActivityThread( 2174): Failed to find provider info for com.android.calendar
06-07 11:49:12.142 I/Telephony( 2623): TtyManager: updateUiTtyMode -1 -> 0
06-07 11:49:12.353 W/art     ( 2174): Long monitor contention with owner ConditionProviders.ECP (2350) at java.lang.String com.android.server.am.ActivityManagerService.getTagForIntentSender(android.content.IIntentSender, java.lang.String)(ActivityManagerService.java:7403) waiters=0 in android.content.Intent com.android.server.am.ActivityManagerService.registerReceiver(android.app.IApplicationThread, java.lang.String, android.content.IIntentReceiver, android.content.IntentFilter, java.lang.String, int) for 109ms
06-07 11:49:12.594 I/art     ( 2380): Background sticky concurrent mark sweep GC freed 18288(2MB) AllocSpace objects, 2(40KB) LOS objects, 29% free, 7MB/10MB, paused 66.118ms total 795.732ms
06-07 11:49:12.707 D/AlarmManagerService( 2174): Kernel timezone updated to 0 minutes west of GMT
06-07 11:49:12.797 D/AlarmManagerService( 2174): Setting time of day to sec=1623066554
06-07 11:49:14.593 W/AlarmManagerService( 2174): Unable to set rtc to 1623066554: No such device
06-07 11:49:14.820 W/ProcessCpuTracker( 2174): Skipping unknown process pid 2710
06-07 11:49:15.728 W/GnssLocationProvider( 2174): Could not open GPS configuration file /etc/gps.conf
06-07 11:49:15.728 E/GnssLocationProvider( 2174): no AGPS interface in set_agps_server
06-07 11:49:15.975 W/art     ( 2174): Long monitor contention with owner ConditionProviders.ECP (2350) at boolean android.os.MessageQueue.enqueueMessage(android.os.Message, long)(MessageQueue.java:541) waiters=0 in android.os.Message android.os.MessageQueue.next() for 1.211s
06-07 11:49:15.976 W/art     ( 2174): Suspending all threads took: 206.520ms
06-07 11:49:16.358 W/art     ( 2174): Long monitor contention with owner ConditionProviders.ECP (2350) at boolean android.os.MessageQueue.enqueueMessage(android.os.Message, long)(MessageQueue.java:541) waiters=1 in boolean android.os.MessageQueue.enqueueMessage(android.os.Message, long) for 1.490s
06-07 11:49:16.514 I/art     ( 2174): Explicit concurrent mark sweep GC freed 49413(2MB) AllocSpace objects, 10(4MB) LOS objects, 29% free, 9MB/13MB, paused 209.271ms total 8.914s
06-07 11:49:17.278 W/ProcessCpuTracker( 2174): Skipping unknown process pid 2715
06-07 11:49:17.610 D/PhoneSwitcherNetworkRequstListener( 2623): got request NetworkRequest [ REQUEST id=1, [ Capabilities: INTERNET&NOT_RESTRICTED&TRUSTED&NOT_VPN] ] with score 0
06-07 11:49:17.869 E/ActivityManager( 2174): ANR in system
06-07 11:49:17.869 E/ActivityManager( 2174): PID: 2174
06-07 11:49:17.869 E/ActivityManager( 2174): Reason: executing service com.android.server.telecom/.components.TelecomService
06-07 11:49:17.869 E/ActivityManager( 2174): Load: 11.81 / 4.35 / 1.61
06-07 11:49:17.869 E/ActivityManager( 2174): CPU usage from 3109ms to -21943ms ago (2021-06-07 11:48:50.497 to 2021-06-07 11:49:17.341):
06-07 11:49:17.869 E/ActivityManager( 2174):   67% 1321/surfaceflinger: 27% user + 40% kernel / faults: 83 minor
06-07 11:49:17.869 E/ActivityManager( 2174):   34% 1800/bootanimation: 13% user + 21% kernel
06-07 11:49:17.869 E/ActivityManager( 2174):   27% 2174/system_server: 6% user + 21% kernel / faults: 3977 minor 34 major
06-07 11:49:17.869 E/ActivityManager( 2174):   10% 2380/com.android.systemui: 2.6% user + 7.7% kernel / faults: 3791 minor 25 major
06-07 11:49:17.869 E/ActivityManager( 2174):   8.1% 1332/media.codec: 2.4% user + 5.7% kernel / faults: 4293 minor 7 major
06-07 11:49:17.869 E/ActivityManager( 2174):   3.9% 8/rcu_preempt: 0% user + 3.9% kernel
06-07 11:49:17.869 E/ActivityManager( 2174):   3.1% 1324/adbd: 0.2% user + 2.8% kernel / faults: 1568 minor
06-07 11:49:17.869 E/ActivityManager( 2174):   1% 2375/com.android.inputmethod.latin: 0% user + 1% kernel / faults: 542 minor
06-07 11:49:17.869 E/ActivityManager( 2174):   0.7% 1335/media.extractor: 0.4% user + 0.3% kernel / faults: 91 minor
06-07 11:49:17.869 E/ActivityManager( 2174):   0.2% 1269/debuggerd64: 0% user + 0.2% kernel / faults: 103 minor
06-07 11:49:17.869 E/ActivityManager( 2174):   0.6% 1337/mediaserver: 0.3% user + 0.3% kernel / faults: 70 minor
06-07 11:49:17.869 E/ActivityManager( 2174):   0.6% 1320/servicemanager: 0% user + 0.5% kernel
06-07 11:49:17.869 E/ActivityManager( 2174):   0.4% 1267/logd: 0% user + 0.3% kernel / faults: 26 minor
06-07 11:49:17.869 E/ActivityManager( 2174):   0.3% 1325/zygote64: 0.1% user + 0.2% kernel / faults: 294 minor
06-07 11:49:17.869 E/ActivityManager( 2174):   0.3% 3/ksoftirqd/0: 0% user + 0.3% kernel
06-07 11:49:17.869 E/ActivityManager( 2174):   0.3% 1255/kworker/0:1H: 0% user + 0.3% kernel
06-07 11:49:17.869 E/ActivityManager( 2174):   0.3% 1327/audioserver: 0.1% user + 0.1% kernel / faults: 38 minor
06-07 11:49:17.869 E/ActivityManager( 2174):   0.2% 6/kworker/u4:0: 0% user + 0.2% kernel
06-07 11:49:17.869 E/ActivityManager( 2174):   0% 1268/debuggerd: 0% user + 0% kernel / faults: 188 minor
06-07 11:49:17.869 E/ActivityManager( 2174):   0.2% 1472/logcat: 0% user + 0.1% kernel
06-07 11:49:17.869 E/ActivityManager( 2174):   0.1% 13/kworker/1:0: 0% user + 0.1% kernel
06-07 11:49:17.869 E/ActivityManager( 2174):   0.1% 1338/netd: 0% user + 0.1% kernel / faults: 7 minor
06-07 11:49:17.869 E/ActivityManager( 2174):   0% 1265/jbd2/vdc-8: 0% user + 0% kernel
06-07 11:49:17.869 E/ActivityManager( 2174):   0% 1//init: 0% user + 0% kernel / faults: 1 minor
06-07 11:49:17.869 E/ActivityManager( 2174):   0% 12/ksoftirqd/1: 0% user + 0% kernel
06-07 11:49:17.869 E/ActivityManager( 2174):   0% 1319/lmkd: 0% user + 0% kernel
06-07 11:49:17.869 E/ActivityManager( 2174):   0% 1328/cameraserver: 0% user + 0% kernel / faults: 65 minor
06-07 11:49:17.869 E/ActivityManager( 2174):   0% 1339/rild: 0% user + 0% kernel / faults: 6 minor
06-07 11:49:17.869 E/ActivityManager( 2174):   0% 2429/sdcard: 0% user + 0% kernel / faults: 7 minor
06-07 11:49:17.869 E/ActivityManager( 2174):   0% 809/kworker/0:2: 0% user + 0% kernel
06-07 11:49:17.869 E/ActivityManager( 2174):   0% 1331/keystore: 0% user + 0% kernel
06-07 11:49:17.869 E/ActivityManager( 2174):  +0% 2623/com.android.phone: 0% user + 0% kernel
06-07 11:49:17.869 E/ActivityManager( 2174):  +0% 2639/com.android.settings: 0% user + 0% kernel
06-07 11:49:17.869 E/ActivityManager( 2174): 99% TOTAL: 31% user + 67% kernel + 0.7% softirq
06-07 11:49:17.869 E/ActivityManager( 2174): CPU usage from 18406ms to 19964ms later (2021-06-07 11:49:12.012 to 2021-06-07 11:49:15.362):
06-07 11:49:17.869 E/ActivityManager( 2174):   100% 1321/surfaceflinger: 29% user + 70% kernel
06-07 11:49:17.869 E/ActivityManager( 2174):     47% 1321/surfaceflinger: 17% user + 29% kernel
06-07 11:49:17.869 E/ActivityManager( 2174):     29% 1791/EventThread: 0.6% user + 29% kernel
06-07 11:49:17.869 E/ActivityManager( 2174):     15% 1778/DispSync: 1.9% user + 13% kernel
06-07 11:49:17.869 E/ActivityManager( 2174):     2.6% 1790/POSIX timer 1: 0% user + 2.6% kernel
06-07 11:49:17.869 E/ActivityManager( 2174):     1.3% 1789/EventThread: 0.6% user + 0.6% kernel
06-07 11:49:17.869 E/ActivityManager( 2174):     1.3% 1915/Binder:1321_3: 0% user + 1.3% kernel
06-07 11:49:17.869 E/ActivityManager( 2174):     0.6% 1777/Binder:1321_1: 0% user + 0.6% kernel
06-07 11:49:17.869 E/ActivityManager( 2174):     0.6% 1779/Binder:1321_2: 0% user + 0.6% kernel
06-07 11:49:17.869 E/ActivityManager( 2174):     0.6% 2636/Binder:1321_5: 0% user + 0.6% kernel
06-07 11:49:17.869 E/ActivityManager( 2174):   24% 2174/system_server: 1.3% user + 23% kernel / faults: 126 minor
06-07 11:49:17.869 E/ActivityManager( 2174):     6.5% 2219/ActivityManager: 0.4% user + 6.1% kernel
06-07 11:49:17.869 E/ActivityManager( 2174):     6.1% 2230/android.display: 0% user + 6.1% kernel
06-07 11:49:17.869 E/ActivityManager( 2174):     2.1% 2596/Binder:2174_5: 0% user + 2.1% kernel
06-07 11:49:17.869 E/ActivityManager( 2174):     1.7% 2653/Binder:2174_6: 0.8% user + 0.8% kernel
06-07 11:49:17.869 E/ActivityManager( 2174):     1.7% 2654/Binder:2174_7: 0.4% user + 1.3% kernel
06-07 11:49:17.869 E/ActivityManager( 2174):     1.3% 2192/Binder:2174_2: 0% user + 1.3% kernel
06-07 11:49:17.869 E/ActivityManager( 2174):     1.3% 2359/Binder:2174_3: 0.8% user + 0.4% kernel
06-07 11:49:17.869 E/ActivityManager( 2174):     1.3% 2409/Binder:2174_4: 0.4% user + 0.8% kernel
06-07 11:49:17.869 E/ActivityManager( 2174):     0.8% 2190/Binder:2174_1: 0.4% user + 0.4% kernel
06-07 11:49:17.869 E/ActivityManager( 2174):     0.8% 2218/android.bg: 0.4% user + 0.4% kernel
06-07 11:49:17.869 E/ActivityManager( 2174):     0.4% 2174/system_server: 0.4% user + 0% kernel
06-07 11:49:17.869 E/ActivityManager( 2174):     0.4% 2506/AsyncTask #2: 0% user + 0.4% kernel
06-07 11:49:17.869 E/ActivityManager( 2174):   22% 1800/bootanimation: 5% user + 17% kernel
06-07 11:49:17.869 E/ActivityManager( 2174):     22% 1913/BootAnimation: 5% user + 17% kernel
06-07 11:49:17.869 E/ActivityManager( 2174):   15% 2639/com.android.settings: 2.5% user + 12% kernel / faults: 82 minor
06-07 11:49:17.869 E/ActivityManager( 2174):     13% 2639/ndroid.settings: 2.1% user + 11% kernel
06-07 11:49:17.869 E/ActivityManager( 2174):     0.8% 2643/Jit thread pool: 0% user + 0.8% kernel
06-07 11:49:17.869 E/ActivityManager( 2174):     0.4% 2651/Binder:2639_1: 0% user + 0.4% kernel
06-07 11:49:17.869 E/ActivityManager( 2174):     0.4% 2652/Binder:2639_2: 0% user + 0.4% kernel
06-07 11:49:17.869 E/ActivityManager( 2174):   7.6% 2380/com.android.systemui: 0.4% user + 7.1% kernel / faults: 240 minor 1 major
06-07 11:49:17.869 E/ActivityManager( 2174):     8% 2380/ndroid.systemui: 0.4% user + 7.6% kernel
06-07 11:49:17.869 E/ActivityManager( 2174):   5.7% 2623/com.android.phone: 0% user + 5.7% kernel / faults: 49 minor
06-07 11:49:17.869 E/ActivityManager( 2174):     4.9% 2623/m.android.phone: 0%
06-07 11:49:17.883 D/TelephonyDebugService( 2623): TelephonyDebugService()
06-07 11:49:17.887 D/CarrierConfigLoader( 2623): mHandler: 12 phoneId: 0
06-07 11:49:18.193 W/art     ( 2174): Long monitor contention with owner AsyncTask #2 (2506) at boolean android.os.MessageQueue.enqueueMessage(android.os.Message, long)(MessageQueue.java:541) waiters=0 in android.os.Message android.os.MessageQueue.next() for 1.834s
06-07 11:49:18.230 D/GpsNetInitiatedHandler( 2174): location enabled :true
06-07 11:49:18.250 D/ConditionProviders.SCP( 2174): onReceive android.intent.action.TIME_SET
06-07 11:49:18.554 D/ConditionProviders.SCP( 2174): notifyCondition condition://android/schedule?days=6.7&start=23.30&end=10.0&exitAtAlarm=false STATE_FALSE reason=!meetsSchedule
06-07 11:49:18.555 D/ConditionProviders.SCP( 2174): notifyCondition condition://android/schedule?days=1.2.3.4.5&start=22.0&end=7.0&exitAtAlarm=false STATE_FALSE reason=!meetsSchedule
06-07 11:49:18.557 D/ConditionProviders.SCP( 2174): Scheduling evaluate for Mon Jun 07 22:00:00 UTC 2021 (1623103200000), in +10h10m41s750ms, now=Mon Jun 07 11:49:18 UTC 2021 (1623066558250)
06-07 11:49:18.738 I/Choreographer( 2639): Skipped 32 frames!  The application may be doing too much work on its main thread.
06-07 11:49:18.762 W/art     ( 2174): Long monitor contention with owner android.display (2230) at void com.android.server.wm.WindowManagerService$H.handleMessage(android.os.Message)(WindowManagerService.java:8368) waiters=0 in void com.android.server.wm.WindowManagerService.enableScreenAfterBoot() for 104ms
06-07 11:49:18.833 W/art     ( 2174): Long monitor contention with owner ActivityManager (2219) at void com.android.server.am.BroadcastQueue.processNextBroadcast(boolean)(BroadcastQueue.java:760) waiters=1 in android.app.IActivityManager$ContentProviderHolder com.android.server.am.ActivityManagerService.getContentProviderImpl(android.app.IApplicationThread, java.lang.String, android.os.IBinder, boolean, int) for 267ms
06-07 11:49:18.846 W/ActivityManager( 2174): Slow operation: 157ms so far, now at startProcess: returned from zygote!
06-07 11:49:18.847 W/ActivityManager( 2174): Slow operation: 157ms so far, now at startProcess: done updating battery stats
06-07 11:49:18.847 W/ActivityManager( 2174): Slow operation: 158ms so far, now at startProcess: building log message
06-07 11:49:18.848 I/ActivityManager( 2174): Start proc 2730:com.android.cellbroadcastreceiver/u0a4 for broadcast com.android.cellbroadcastreceiver/.CellBroadcastReceiver
06-07 11:49:18.848 W/ActivityManager( 2174): Slow operation: 158ms so far, now at startProcess: starting to update pids map
06-07 11:49:18.848 W/ActivityManager( 2174): Slow operation: 158ms so far, now at startProcess: done updating pids map
06-07 11:49:18.848 W/ActivityManager( 2174): Slow operation: 160ms so far, now at startProcess: done starting proc!
