06-07 11:46:42.753 E/SurfaceFlinger( 1321): }
06-07 11:46:42.753 E/SurfaceFlinger( 1321): 
06-07 11:46:42.753 E/SurfaceFlinger( 1321): öÿÿÿÿÿÿÿŸÑðOÔ
06-07 11:46:42.753 E/SurfaceFlinger( 1321): Error while linking shaders:
06-07 11:46:42.753 D/SurfaceFlinger( 1321): shader cache generated - 24 shaders in 15.222531 ms
06-07 11:46:42.798 D/SurfaceFlinger( 1321): Set power mode=2, type=0 flinger=0x7fd44f647000
06-07 11:46:42.828 I/        ( 1327): sMaxFastTracks = 8
06-07 11:46:42.836 V/MediaUtils( 1335): physMem: 1043894272
06-07 11:46:42.837 V/MediaUtils( 1335): requested limit: 208778840
06-07 11:46:42.837 V/MediaUtils( 1335): actual limit: 208778840
06-07 11:46:42.837 V/MediaUtils( 1335): original limits: 4294967295/4294967295
06-07 11:46:42.837 V/MediaUtils( 1335): new limits: 208778840/4294967295
06-07 11:46:42.839 W//system/bin/mediaextractor( 1335): libminijail: allowing syscall: socketcall
06-07 11:46:42.839 W//system/bin/mediaextractor( 1335): libminijail: allowing syscall: writev
06-07 11:46:42.839 W//system/bin/mediaextractor( 1335): libminijail: allowing syscall: fcntl64
06-07 11:46:42.932 W//system/bin/mediaextractor( 1335): libminijail: allowing syscall: clock_gettime
06-07 11:46:42.952 W//system/bin/mediaextractor( 1335): libminijail: logging seccomp filter failures
06-07 11:46:42.958 I/audioserver( 1327): ServiceManager: 0xe73bc020
06-07 11:46:42.962 W/BatteryNotifier( 1327): batterystats service unavailable!
06-07 11:46:42.962 I/AudioFlinger( 1327): Using default 3000 mSec as standby time.
06-07 11:46:42.968 I/AudioPolicyService( 1327): AudioPolicyService CSTOR in new mode
06-07 11:46:43.019 I/APM::ConfigParsingUtils( 1327): loadAudioPolicyConfig() loaded /system/etc/audio_policy.conf
06-07 11:46:43.100 W/bootanimation( 1800): type=1400 audit(0.0:9): avc: denied { getattr } for path="/vendor" dev="rootfs" ino=1090 scontext=u:r:bootanim:s0 tcontext=u:object_r:rootfs:s0 tclass=lnk_file permissive=0
06-07 11:46:43.083 D/audio_hw_generic( 1327): Emulator host-side ALSA audio emulation detected.
06-07 11:46:43.085 D/audio_hw_generic( 1327): mixer 0 name Master Playback Volume
06-07 11:46:43.085 D/audio_hw_generic( 1327): set ctl 0 to 100
06-07 11:46:43.086 D/audio_hw_generic( 1327): set ctl 1 to 100
06-07 11:46:43.086 D/audio_hw_generic( 1327): mixer 1 name Master Playback Switch
06-07 11:46:43.086 D/audio_hw_generic( 1327): set ctl 0 to 1
06-07 11:46:43.086 D/audio_hw_generic( 1327): set ctl 1 to 1
06-07 11:46:43.087 D/audio_hw_generic( 1327): mixer 2 name Capture Volume
06-07 11:46:43.087 D/audio_hw_generic( 1327): set ctl 0 to 100
06-07 11:46:43.087 D/audio_hw_generic( 1327): set ctl 1 to 100
06-07 11:46:43.087 D/audio_hw_generic( 1327): mixer 3 name Capture Switch
06-07 11:46:43.087 D/audio_hw_generic( 1327): set ctl 0 to 1
06-07 11:46:43.087 D/audio_hw_generic( 1327): set ctl 1 to 1
06-07 11:46:43.087 D/audio_hw_generic( 1327): mixer 4 name Line Phantom Jack
06-07 11:46:43.087 D/audio_hw_generic( 1327): mixer 5 name Line Out Phantom Jack
06-07 11:46:43.087 D/audio_hw_generic( 1327): mixer 6 name Playback Channel Map
06-07 11:46:43.087 D/audio_hw_generic( 1327): mixer 7 name Capture Channel Map
06-07 11:46:43.087 I/AudioFlinger( 1327): loadHwModule() Loaded primary audio interface from Generic audio HW HAL (audio) handle 10
06-07 11:46:43.089 I/AudioFlinger( 1327): openOutput(), module 10 Device 2, SamplingRate 48000, Format 0x000001, Channels 3, flags 2
06-07 11:46:43.104 I/AudioFlinger( 1327): HAL output buffer size 720 frames, normal sink buffer size 1152 frames
06-07 11:46:43.192 I/BufferProvider( 1327): found effect "Multichannel Downmix To Stereo" from The Android Open Source Project
06-07 11:46:43.197 I/AudioFlinger( 1327): Using module 10 has the primary audio interface
06-07 11:46:43.232 I/AudioFlinger( 1327): AudioFlinger's thread 0xe6e03d40 ready to run
06-07 11:46:43.234 W/BatteryNotifier( 1327): batterystats service unavailable!
06-07 11:46:43.238 W/BatteryNotifier( 1327): batterystats service unavailable!
06-07 11:46:43.262 W/BatteryNotifier( 1327): batterystats service unavailable!
06-07 11:46:43.262 W/AudioFlinger( 1327): no wake lock to update, system not ready yet
06-07 11:46:43.360 I/AudioFlinger( 1327): AudioFlinger's thread 0xe6903740 ready to run
06-07 11:46:43.427 I/r_submix( 1327): adev_open(name=audio_hw_if)
06-07 11:46:43.428 I/r_submix( 1327): adev_init_check()
06-07 11:46:43.428 I/AudioFlinger( 1327): loadHwModule() Loaded r_submix audio interface from Wifi Display audio HAL (audio) handle 18
06-07 11:46:43.428 D/r_submix( 1327): adev_open_input_stream(addr=0)
06-07 11:46:43.428 D/r_submix( 1327): submix_audio_device_create_pipe_l(addr=0, idx=9)
06-07 11:46:43.429 D/r_submix( 1327):   now using address 0 for route 9
06-07 11:46:43.592 I/AudioFlinger( 1327): AudioFlinger's thread 0xe6a03280 ready to run
06-07 11:46:43.600 D/r_submix( 1327): adev_close_input_stream()
06-07 11:46:43.600 D/r_submix( 1327): submix_audio_device_release_pipe_l(idx=9) addr=0
06-07 11:46:43.600 D/r_submix( 1327): submix_audio_device_destroy_pipe_l(): pipe destroyed
06-07 11:46:43.610 I/RadioService( 1327): RadioService
06-07 11:46:43.610 I/RadioService( 1327): onFirstRef
06-07 11:46:43.611 E/RadioService( 1327): couldn't load radio module radio.primary (No such file or directory)
06-07 11:46:43.632 E/SoundTriggerHwService( 1327): couldn't load sound trigger module sound_trigger.primary (No such file or directory)
06-07 11:46:43.739 V/EmulatedCamera_Preview( 1328): setPreviewWindow: current: 0x0 -> new: 0xf0943150
06-07 11:46:43.739 V/EmulatedCamera_Preview( 1328): setPreviewWindow: current: 0xf0943150 -> new: 0x0
06-07 11:46:43.739 V/EmulatedCamera_Camera( 1328): doStopPreview
06-07 11:46:43.782 V/EmulatedCamera_Preview( 1328): setPreviewWindow: current: 0x0 -> new: 0x0
06-07 11:46:43.783 V/EmulatedCamera_Camera( 1328): releaseCamera
06-07 11:46:43.783 V/EmulatedCamera_Camera( 1328): doStopPreview
06-07 11:46:43.783 V/EmulatedCamera_FakeDevice( 1328): disconnectDevice
06-07 11:46:43.783 W/EmulatedCamera_Device( 1328): Initialize: Emulated camera device is already initialized: mState = 1
06-07 11:46:43.783 D/EmulatedCamera_FakeCamera( 1328): Initialize: Fake camera is facing back
06-07 11:46:43.783 V/EmulatedCamera_Device( 1328): initializeWhiteBalanceModes with auto, 1.000000, 1.000000
06-07 11:46:43.784 V/EmulatedCamera_Device( 1328): initializeWhiteBalanceModes with incandescent, 1.380000, 0.600000
06-07 11:46:43.784 V/EmulatedCamera_Device( 1328): initializeWhiteBalanceModes with daylight, 1.090000, 0.920000
06-07 11:46:43.784 V/EmulatedCamera_Device( 1328): initializeWhiteBalanceModes with twilight, 0.920000, 1.220000
06-07 11:46:43.784 V/EmulatedCamera_Device( 1328): setWhiteBalanceMode with white balance auto
06-07 11:46:43.784 I/CameraFlashlight( 1328): Destroying camera 0
06-07 11:46:43.784 V/EmulatedCamera_Camera( 1328): closeCamera
06-07 11:46:43.784 V/EmulatedCamera_Camera( 1328): doStopPreview
06-07 11:46:43.784 W/EmulatedCamera_Device( 1328): Initialize: Emulated camera device is already initialized: mState = 1
06-07 11:46:43.784 D/EmulatedCamera_FakeCamera( 1328): Initialize: Fake camera is facing back
06-07 11:46:43.785 V/EmulatedCamera_Device( 1328): initializeWhiteBalanceModes with auto, 1.000000, 1.000000
06-07 11:46:43.785 V/EmulatedCamera_Device( 1328): initializeWhiteBalanceModes with incandescent, 1.380000, 0.600000
06-07 11:46:43.785 V/EmulatedCamera_Device( 1328): initializeWhiteBalanceModes with daylight, 1.090000, 0.920000
06-07 11:46:43.785 V/EmulatedCamera_Device( 1328): initializeWhiteBalanceModes with twilight, 0.920000, 1.220000
06-07 11:46:43.785 V/EmulatedCamera_Device( 1328): setWhiteBalanceMode with white balance auto
06-07 11:46:43.787 V/EmulatedCamera_Camera( 1328): getCameraInfo
06-07 11:46:43.787 V/EmulatedCamera_BaseCamera( 1328): getCameraInfo
06-07 11:46:43.810 I/ServiceManager( 1328): Waiting for service media.camera.proxy...
06-07 11:46:44.820 I/ServiceManager( 1328): Waiting for service media.camera.proxy...
06-07 11:46:45.831 I/ServiceManager( 1328): Waiting for service media.camera.proxy...
06-07 11:46:46.280 W/BatteryNotifier( 1327): batterystats service unavailable!
06-07 11:46:46.860 I/ServiceManager( 1328): Waiting for service media.camera.proxy...
06-07 11:46:47.905 I/ServiceManager( 1328): Waiting for service media.camera.proxy...
06-07 11:46:53.897 E/SurfaceFlinger( 1321): ro.sf.lcd_density must be defined as a build property
06-07 11:46:53.959 D/AndroidRuntime( 1325): >>>>>> START com.android.internal.os.ZygoteInit uid 0 <<<<<<
06-07 11:46:53.998 D/libEGL  ( 1800): Emulator without GPU support detected. Fallback to legacy software renderer, qemu.gles is set to 0.
06-07 11:46:54.045 D/libEGL  ( 1800): loaded /system/lib64/egl/libGLES_android.so
06-07 11:46:54.075 E/hostapd ( 1900): Configuration file: /system/etc/simulated_hostapd.conf
06-07 11:46:54.283 D/gralloc_ranchu( 1800): Emulator without host-side GPU emulation detected. Loading gralloc.default.so from /vendor/lib64/hw/gralloc.goldfish.default.so...
06-07 11:46:54.286 D/gralloc_ranchu( 1800): gralloc.default.so not found in /vendor. Trying /system/lib64/hw/gralloc.goldfish.default.so...
06-07 11:46:54.636 E/ipv6proxy( 1891): Failed to forward Router Advertisement from eth0 to wlan1: Network is unreachable
06-07 11:46:54.809 I/hostapd ( 1900): rfkill: Cannot get wiphy information
06-07 11:46:54.813 I/hostapd ( 1900): nl80211: Could not re-add multicast membership for vendor events: -2 (No such file or directory)
06-07 11:46:54.814 I/hostapd ( 1900): wlan1: interface state UNINITIALIZED->COUNTRY_UPDATE
06-07 11:46:54.844 D/AndroidRuntime( 1326): >>>>>> START com.android.internal.os.ZygoteInit uid 0 <<<<<<
06-07 11:46:55.140 D/AndroidRuntime( 1325): CheckJNI is ON
06-07 11:46:55.369 I/art     ( 1325): option[0]=-Xzygote
06-07 11:46:55.369 I/art     ( 1325): option[1]=-Xcheck:jni
06-07 11:46:55.371 I/art     ( 1325): option[2]=-Xstacktracefile:/data/anr/traces.txt
06-07 11:46:55.371 I/art     ( 1325): option[3]=exit
06-07 11:46:55.371 I/art     ( 1325): option[4]=vfprintf
06-07 11:46:55.371 I/art     ( 1325): option[5]=sensitiveThread
06-07 11:46:55.371 I/art     ( 1325): option[6]=-verbose:gc
06-07 11:46:55.372 I/art     ( 1325): option[7]=-Xms4m
06-07 11:46:55.372 I/art     ( 1325): option[8]=-Xmx256m
06-07 11:46:55.372 I/art     ( 1325): option[9]=-Xusejit:true
06-07 11:46:55.372 I/art     ( 1325): option[10]=-Xjitsaveprofilinginfo
06-07 11:46:55.372 I/art     ( 1325): option[11]=-agentlib:jdwp=transport=dt_android_adb,suspend=n,server=y
06-07 11:46:55.372 I/art     ( 1325): option[12]=-Xlockprofthreshold:500
06-07 11:46:55.372 I/art     ( 1325): option[13]=-Ximage-compiler-option
06-07 11:46:55.372 I/art     ( 1325): option[14]=--runtime-arg
06-07 11:46:55.372 I/art     ( 1325): option[15]=-Ximage-compiler-option
06-07 11:46:55.372 I/art     ( 1325): option[16]=-Xms64m
06-07 11:46:55.372 I/art     ( 1325): option[17]=-Ximage-compiler-option
06-07 11:46:55.372 I/art     ( 1325): option[18]=--runtime-arg
06-07 11:46:55.372 I/art     ( 1325): option[19]=-Ximage-compiler-option
06-07 11:46:55.372 I/art     ( 1325): option[20]=-Xmx64m
06-07 11:46:55.372 I/art     ( 1325): option[21]=-Ximage-compiler-option
06-07 11:46:55.372 I/art     ( 1325): option[22]=--image-classes=/system/etc/preloaded-classes
06-07 11:46:55.372 I/art     ( 1325): option[23]=-Ximage-compiler-option
06-07 11:46:55.372 I/art     ( 1325): option[24]=--compiled-classes=/system/etc/compiled-classes
06-07 11:46:55.372 I/art     ( 1325): option[25]=-Xcompiler-option
06-07 11:46:55.372 I/art     ( 1325): option[26]=--runtime-arg
06-07 11:46:55.372 I/art     ( 1325): option[27]=-Xcompiler-option
06-07 11:46:55.372 I/art     ( 1325): option[28]=-Xms64m
06-07 11:46:55.373 I/art     ( 1325): option[29]=-Xcompiler-option
06-07 11:46:55.373 I/art     ( 1325): option[30]=--runtime-arg
06-07 11:46:55.373 I/art     ( 1325): option[31]=-Xcompiler-option
06-07 11:46:55.373 I/art     ( 1325): option[32]=-Xmx512m
06-07 11:46:55.373 I/art     ( 1325): option[33]=-Ximage-compiler-option
06-07 11:46:55.373 I/art     ( 1325): option[34]=--instruction-set-variant=x86_64
06-07 11:46:55.373 I/art     ( 1325): option[35]=-Xcompiler-option
06-07 11:46:55.373 I/art     ( 1325): option[36]=--instruction-set-variant=x86_64
06-07 11:46:55.373 I/art     ( 1325): option[37]=-Ximage-compiler-option
06-07 11:46:55.373 I/art     ( 1325): option[38]=--instruction-set-features=default
06-07 11:46:55.373 I/art     ( 1325): option[39]=-Xcompiler-option
06-07 11:46:55.373 I/art     ( 1325): option[40]=--instruction-set-features=default
06-07 11:46:55.373 I/art     ( 1325): option[41]=-Duser.locale=en-US
06-07 11:46:55.373 I/art     ( 1325): option[42]=--cpu-abilist=x86_64
06-07 11:46:55.373 I/art     ( 1325): option[43]=-Xfingerprint:Android/sdk_phone_x86_64/generic_x86_64:7.1.1/NYC/4931657:userdebug/test-keys
06-07 11:46:55.561 D/AndroidRuntime( 1326): CheckJNI is ON
06-07 11:46:55.793 I/art     ( 1326): option[0]=-Xzygote
06-07 11:46:55.830 I/art     ( 1326): option[1]=-Xcheck:jni
06-07 11:46:55.830 I/art     ( 1326): option[2]=-Xstacktracefile:/data/anr/traces.txt
06-07 11:46:55.830 I/art     ( 1326): option[3]=exit
06-07 11:46:55.830 I/art     ( 1326): option[4]=vfprintf
06-07 11:46:55.831 I/art     ( 1326): option[5]=sensitiveThread
06-07 11:46:55.831 I/art     ( 1326): option[6]=-verbose:gc
06-07 11:46:55.831 I/art     ( 1326): option[7]=-Xms4m
06-07 11:46:55.831 I/art     ( 1326): option[8]=-Xmx256m
06-07 11:46:55.831 I/art     ( 1326): option[9]=-Xusejit:true
06-07 11:46:55.831 I/art     ( 1326): option[10]=-Xjitsaveprofilinginfo
06-07 11:46:55.831 I/art     ( 1326): option[11]=-agentlib:jdwp=transport=dt_android_adb,suspend=n,server=y
06-07 11:46:55.831 I/art     ( 1326): option[12]=-Xlockprofthreshold:500
06-07 11:46:55.831 I/art     ( 1326): option[13]=-Ximage-compiler-option
06-07 11:46:55.831 I/art     ( 1326): option[14]=--runtime-arg
06-07 11:46:55.831 I/art     ( 1326): option[15]=-Ximage-compiler-option
06-07 11:46:55.831 I/art     ( 1326): option[16]=-Xms64m
06-07 11:46:55.831 I/art     ( 1326): option[17]=-Ximage-compiler-option
06-07 11:46:55.832 I/art     ( 1326): option[18]=--runtime-arg
06-07 11:46:55.832 I/art     ( 1326): option[19]=-Ximage-compiler-option
06-07 11:46:55.832 I/art     ( 1326): option[20]=-Xmx64m
06-07 11:46:55.832 I/art     ( 1326): option[21]=-Ximage-compiler-option
06-07 11:46:55.832 I/art     ( 1326): option[22]=--image-classes=/system/etc/preloaded-classes
06-07 11:46:55.832 I/art     ( 1326): option[23]=-Ximage-compiler-option
06-07 11:46:55.832 I/art     ( 1326): option[24]=--compiled-classes=/system/etc/compiled-classes
06-07 11:46:55.832 I/art     ( 1326): option[25]=-Xcompiler-option
06-07 11:46:55.832 I/art     ( 1326): option[26]=--runtime-arg
06-07 11:46:55.832 I/art     ( 1326): option[27]=-Xcompiler-option
06-07 11:46:55.832 I/art     ( 1326): option[28]=-Xms64m
06-07 11:46:55.832 I/art     ( 1326): option[29]=-Xcompiler-option
06-07 11:46:55.832 I/art     ( 1326): option[30]=--runtime-arg
06-07 11:46:55.832 I/art     ( 1326): option[31]=-Xcompiler-option
06-07 11:46:55.832 I/art     ( 1326): option[32]=-Xmx512m
06-07 11:46:55.832 I/art     ( 1326): option[33]=-Ximage-compiler-option
06-07 11:46:55.832 I/art     ( 1326): option[34]=--instruction-set-variant=x86
06-07 11:46:55.832 I/art     ( 1326): option[35]=-Xcompiler-option
06-07 11:46:55.833 I/art     ( 1326): option[36]=--instruction-set-variant=x86
06-07 11:46:55.833 I/art     ( 1326): option[37]=-Ximage-compiler-option
06-07 11:46:55.833 I/art     ( 1326): option[38]=--instruction-set-features=default
06-07 11:46:55.833 I/art     ( 1326): option[39]=-Xcompiler-option
06-07 11:46:55.833 I/art     ( 1326): option[40]=--instruction-set-features=default
06-07 11:46:55.833 I/art     ( 1326): option[41]=-Duser.locale=en-US
06-07 11:46:55.833 I/art     ( 1326): option[42]=--cpu-abilist=x86
06-07 11:46:55.833 I/art     ( 1326): option[43]=-Xfingerprint:Android/sdk_phone_x86_64/generic_x86_64:7.1.1/NYC/4931657:userdebug/test-keys
06-07 11:46:59.906 I/hostapd ( 1900): wlan1: interface state COUNTRY_UPDATE->HT_SCAN
06-07 11:47:01.473 E/hostapd ( 1900): Using interface wlan1 with hwaddr 02:00:00:00:01:00 and ssid "AndroidWifi"
06-07 11:47:01.521 I/hostapd ( 1900): wlan1: interface state HT_SCAN->ENABLED
06-07 11:47:01.521 I/hostapd ( 1900): wlan1: AP-ENABLED 
06-07 11:47:03.078 D/ICU     ( 1326): No timezone override file found: /data/misc/zoneinfo/current/icu/icu_tzdata.dat
06-07 11:47:03.592 D/ICU     ( 1325): No timezone override file found: /data/misc/zoneinfo/current/icu/icu_tzdata.dat
06-07 11:47:07.713 E/memtrack( 1326): Couldn't load memtrack module (No such file or directory)
06-07 11:47:07.713 E/android.os.Debug( 1326): failed to load memtrack module: -2
06-07 11:47:07.791 I/Radio-JNI( 1326): register_android_hardware_Radio DONE
06-07 11:47:08.060 E/memtrack( 1325): Couldn't load memtrack module (No such file or directory)
06-07 11:47:08.060 E/android.os.Debug( 1325): failed to load memtrack module: -2
06-07 11:47:08.136 I/SamplingProfilerIntegration( 1326): Profiling disabled.
06-07 11:47:08.171 I/Radio-JNI( 1325): register_android_hardware_Radio DONE
06-07 11:47:08.275 D/Zygote  ( 1326): begin preload
06-07 11:47:08.275 I/Zygote  ( 1326): Installing ICU cache reference pinning...
06-07 11:47:08.331 I/Zygote  ( 1326): Preloading ICU data...
06-07 11:47:08.612 I/SamplingProfilerIntegration( 1325): Profiling disabled.
06-07 11:47:08.661 D/Zygote  ( 1325): begin preload
06-07 11:47:08.661 I/Zygote  ( 1325): Installing ICU cache reference pinning...
06-07 11:47:08.670 I/Zygote  ( 1325): Preloading ICU data...
06-07 11:47:10.338 I/Zygote  ( 1325): Preloading classes...
06-07 11:47:10.347 I/Zygote  ( 1326): Preloading classes...
06-07 11:47:10.552 W/Zygote  ( 1325): Class not found for preloading: [Landroid.view.Display$ColorTransform;
06-07 11:47:10.643 W/Zygote  ( 1326): Class not found for preloading: [Landroid.view.Display$ColorTransform;
06-07 11:47:17.291 E/Typeface( 1326): Error mapping font file /system/fonts/DroidSansFallback.ttf
06-07 11:47:17.345 E/Typeface( 1325): Error mapping font file /system/fonts/DroidSansFallback.ttf
06-07 11:47:22.505 W/art     ( 1326): Suspending all threads took: 71.163ms
06-07 11:47:22.672 W/art     ( 1325): Suspending all threads took: 49.830ms
06-07 11:47:22.818 I/art     ( 1326): Background concurrent mark sweep GC freed 21945(2MB) AllocSpace objects, 41(756KB) LOS objects, 33% free, 2MB/4MB, paused 74.644ms total 533.432ms
06-07 11:47:22.866 I/art     ( 1325): Background concurrent mark sweep GC freed 21952(2MB) AllocSpace objects, 121(2MB) LOS objects, 33% free, 3MB/4MB, paused 52.847ms total 496.516ms
06-07 11:47:23.190 I/art     ( 1326): Background sticky concurrent mark sweep GC freed 169(906KB) AllocSpace objects, 79(1492KB) LOS objects, 54% free, 1990KB/4MB, paused 533us total 179.453ms
06-07 11:47:23.491 I/art     ( 1325): Thread[1,tid=1325,Native,Thread*=0x716201295a00,peer=0x12c060d0,"main"] recursive attempt to load library "/system/lib64/libmedia_jni.so"
06-07 11:47:23.533 D/MtpDeviceJNI( 1325): register_android_mtp_MtpDevice
06-07 11:47:23.542 I/art     ( 1325): Thread[1,tid=1325,Native,Thread*=0x716201295a00,peer=0x12c060d0,"main"] recursive attempt to load library "/system/lib64/libmedia_jni.so"
06-07 11:47:23.543 I/art     ( 1325): Thread[1,tid=1325,Native,Thread*=0x716201295a00,peer=0x12c060d0,"main"] recursive attempt to load library "/system/lib64/libmedia_jni.so"
06-07 11:47:23.953 I/art     ( 1326): Thread[1,tid=1326,Native,Thread*=0xe428b400,peer=0x12c060d0,"main"] recursive attempt to load library "/system/lib/libmedia_jni.so"
06-07 11:47:23.992 D/MtpDeviceJNI( 1326): register_android_mtp_MtpDevice
06-07 11:47:23.994 I/art     ( 1326): Thread[1,tid=1326,Native,Thread*=0xe428b400,peer=0x12c060d0,"main"] recursive attempt to load library "/system/lib/libmedia_jni.so"
06-07 11:47:23.995 I/art     ( 1326): Thread[1,tid=1326,Native,Thread*=0xe428b400,peer=0x12c060d0,"main"] recursive attempt to load library "/system/lib/libmedia_jni.so"
06-07 11:47:27.229 W/Zygote  ( 1326): Class not found for preloading: android.view.Display$ColorTransform
06-07 11:47:27.230 W/Zygote  ( 1326): Class not found for preloading: android.view.Display$ColorTransform$1
06-07 11:47:27.332 W/Zygote  ( 1325): Class not found for preloading: android.view.Display$ColorTransform
06-07 11:47:27.333 W/Zygote  ( 1325): Class not found for preloading: android.view.Display$ColorTransform$1
06-07 11:47:29.047 I/art     ( 1325): Background sticky concurrent mark sweep GC freed 11503(2MB) AllocSpace objects, 10(160KB) LOS objects, 66% free, 1553KB/4MB, paused 1.360ms total 134.787ms
06-07 11:47:31.082 I/System  ( 1326): Loaded time zone names for "" in 1260ms (1247ms in ICU)
06-07 11:47:31.527 I/System  ( 1325): Loaded time zone names for "" in 1277ms (1192ms in ICU)
06-07 11:47:31.764 I/System  ( 1326): Loaded time zone names for "en_US" in 680ms (676ms in ICU)
06-07 11:47:32.257 I/System  ( 1325): Loaded time zone names for "en_US" in 729ms (694ms in ICU)
06-07 11:47:33.099 I/Zygote  ( 1325): ...preloaded 4158 classes in 22731ms.
06-07 11:47:33.127 I/Zygote  ( 1326): ...preloaded 4158 classes in 22780ms.
06-07 11:47:33.129 I/art     ( 1326): VMRuntime.preloadDexCaches starting
06-07 11:47:33.171 I/art     ( 1325): VMRuntime.preloadDexCaches starting
06-07 11:47:35.061 I/art     ( 1325): VMRuntime.preloadDexCaches strings total=283712 before=39625 after=39625
06-07 11:47:35.061 I/art     ( 1325): VMRuntime.preloadDexCaches types total=23581 before=7877 after=7904
06-07 11:47:35.061 I/art     ( 1325): VMRuntime.preloadDexCaches fields total=112007 before=40903 after=41117
06-07 11:47:35.061 I/art     ( 1325): VMRuntime.preloadDexCaches methods total=197534 before=82457 after=83017
06-07 11:47:35.061 I/art     ( 1325): VMRuntime.preloadDexCaches finished
06-07 11:47:35.102 I/Zygote  ( 1325): Preloading resources...
06-07 11:47:35.253 I/art     ( 1326): VMRuntime.preloadDexCaches strings total=283712 before=39625 after=39625
06-07 11:47:35.253 I/art     ( 1326): VMRuntime.preloadDexCaches types total=23581 before=7877 after=7904
06-07 11:47:35.253 I/art     ( 1326): VMRuntime.preloadDexCaches fields total=112007 before=40903 after=41117
06-07 11:47:35.253 I/art     ( 1326): VMRuntime.preloadDexCaches methods total=197534 before=82457 after=83017
06-07 11:47:35.254 I/art     ( 1326): VMRuntime.preloadDexCaches finished
06-07 11:47:35.275 I/Zygote  ( 1326): Preloading resources...
06-07 11:47:35.525 I/art     ( 1326): Background concurrent mark sweep GC freed 27603(2MB) AllocSpace objects, 13(208KB) LOS objects, 66% free, 1577KB/4MB, paused 13.547ms total 2.316s
06-07 11:47:37.313 W/Resources( 1326): Preloaded drawable resource #0x108025c (android:drawable/dialog_background_material) that varies with configuration!!
06-07 11:47:37.411 W/Resources( 1326): Preloaded drawable resource #0x1080298 (android:drawable/editbox_dropdown_background_dark) that varies with configuration!!
06-07 11:47:37.431 W/Resources( 1325): Preloaded drawable resource #0x108025c (android:drawable/dialog_background_material) that varies with configuration!!
06-07 11:47:37.435 W/Resources( 1325): Preloaded drawable resource #0x1080298 (android:drawable/editbox_dropdown_background_dark) that varies with configuration!!
06-07 11:47:37.542 W/Resources( 1326): Preloaded color resource #0x10600e2 (android:color/material_grey_800) that varies with configuration!!
06-07 11:47:37.543 W/Resources( 1326): Preloaded drawable resource #0x10802c9 (android:drawable/floating_popup_background_dark) that varies with configuration!!
06-07 11:47:37.624 W/Resources( 1325): Preloaded color resource #0x10600e2 (android:color/material_grey_800) that varies with configuration!!
06-07 11:47:37.625 W/Resources( 1325): Preloaded drawable resource #0x10802c9 (android:drawable/floating_popup_background_dark) that varies with configuration!!
06-07 11:47:38.132 W/Resources( 1326): Preloaded drawable resource #0x108030b (android:drawable/ic_clear_disabled) that varies with configuration!!
06-07 11:47:38.242 W/Resources( 1326): Preloaded drawable resource #0x1080310 (android:drawable/ic_clear_normal) that varies with configuration!!
06-07 11:47:38.340 W/art     ( 1325): Suspending all threads took: 49.567ms
06-07 11:47:38.373 W/Resources( 1326): Preloaded drawable resource #0x1080359 (android:drawable/ic_go) that varies with configuration!!
06-07 11:47:38.452 I/art     ( 1325): Background sticky concurrent mark sweep GC freed 14551(903KB) AllocSpace objects, 0(0B) LOS objects, 20% free, 3MB/4MB, paused 213.683ms total 370.115ms
06-07 11:47:38.503 W/Resources( 1325): Preloaded drawable resource #0x108030b (android:drawable/ic_clear_disabled) that varies with configuration!!
06-07 11:47:38.505 W/Resources( 1325): Preloaded drawable resource #0x1080310 (android:drawable/ic_clear_normal) that varies with configuration!!
06-07 11:47:38.612 W/Resources( 1325): Preloaded drawable resource #0x1080359 (android:drawable/ic_go) that varies with configuration!!
06-07 11:47:38.653 W/Resources( 1326): Preloaded drawable resource #0x1080038 (android:drawable/ic_menu_close_clear_cancel) that varies with configuration!!
06-07 11:47:38.774 W/Resources( 1326): Preloaded drawable resource #0x1080045 (android:drawable/ic_menu_more) that varies with configuration!!
06-07 11:47:38.820 W/Resources( 1325): Preloaded drawable resource #0x1080038 (android:drawable/ic_menu_close_clear_cancel) that varies with configuration!!
06-07 11:47:38.940 W/Resources( 1325): Preloaded drawable resource #0x1080045 (android:drawable/ic_menu_more) that varies with configuration!!
06-07 11:47:39.113 W/Resources( 1326): Preloaded drawable resource #0x10804e8 (android:drawable/menu_background_fill_parent_width) that varies with configuration!!
06-07 11:47:39.389 W/Resources( 1325): Preloaded drawable resource #0x10804e8 (android:drawable/menu_background_fill_parent_width) that varies with configuration!!
06-07 11:47:39.412 I/art     ( 1325): Background concurrent mark sweep GC freed 3324(178KB) AllocSpace objects, 6(192KB) LOS objects, 49% free, 4MB/8MB, paused 419us total 357.380ms
06-07 11:47:39.572 W/art     ( 1326): Suspending all threads took: 59.214ms
06-07 11:47:39.615 I/art     ( 1326): Background sticky concurrent mark sweep GC freed 1117(54KB) AllocSpace objects, 3(120KB) LOS objects, 1% free, 4MB/4MB, paused 102.642ms total 318.399ms
06-07 11:47:39.843 W/art     ( 1326): Suspending all threads took: 21.896ms
06-07 11:47:39.935 I/art     ( 1326): Background concurrent mark sweep GC freed 1281(75KB) AllocSpace objects, 2(48KB) LOS objects, 47% free, 4MB/8MB, paused 23.858ms total 283.393ms
06-07 11:47:40.990 V/NatController( 1338): runCmd(/system/bin/iptables -w -F natctrl_FORWARD) res=0
06-07 11:47:41.276 W/Resources( 1325): Preloaded drawable resource #0x108077e (android:drawable/text_edit_paste_window) that varies with configuration!!
06-07 11:47:41.393 W/Resources( 1325): Preloaded drawable resource #0x1080096 (android:drawable/toast_frame) that varies with configuration!!
06-07 11:47:41.393 I/Zygote  ( 1325): ...preloaded 114 resources in 6291ms.
06-07 11:47:41.415 V/NatController( 1338): runCmd(/system/bin/ip6tables -w -F natctrl_FORWARD) res=0
06-07 11:47:41.454 W/Resources( 1326): Preloaded drawable resource #0x108077e (android:drawable/text_edit_paste_window) that varies with configuration!!
06-07 11:47:41.626 W/Resources( 1326): Preloaded drawable resource #0x1080096 (android:drawable/toast_frame) that varies with configuration!!
06-07 11:47:41.627 I/Zygote  ( 1326): ...preloaded 114 resources in 6351ms.
06-07 11:47:41.703 W/Resources( 1325): Preloaded color resource #0x106010b (android:color/background_cache_hint_selector_material_dark) that varies with configuration!!
06-07 11:47:41.705 W/Resources( 1325): Preloaded color resource #0x1060110 (android:color/btn_default_material_dark) that varies with configuration!!
06-07 11:47:41.725 I/Zygote  ( 1325): ...preloaded 41 resources in 332ms.
06-07 11:47:41.726 D/libEGL  ( 1325): Emulator without GPU support detected. Fallback to legacy software renderer, qemu.gles is set to 0.
06-07 11:47:41.872 D/libEGL  ( 1325): loaded /system/lib64/egl/libGLES_android.so
06-07 11:47:41.910 V/NatController( 1338): runCmd(/system/bin/iptables -w -A natctrl_FORWARD -j DROP) res=0
06-07 11:47:41.963 W/Resources( 1326): Preloaded color resource #0x106010b (android:color/background_cache_hint_selector_material_dark) that varies with configuration!!
06-07 11:47:41.965 W/Resources( 1326): Preloaded color resource #0x1060110 (android:color/btn_default_material_dark) that varies with configuration!!
06-07 11:47:42.146 I/Zygote  ( 1326): ...preloaded 41 resources in 519ms.
06-07 11:47:42.149 D/libEGL  ( 1326): Emulator without GPU support detected. Fallback to legacy software renderer, qemu.gles is set to 0.
06-07 11:47:42.300 D/libEGL  ( 1326): loaded /system/lib/egl/libGLES_android.so
06-07 11:47:42.312 V/NatController( 1338): runCmd(/system/bin/iptables -w -t nat -F natctrl_nat_POSTROUTING) res=0
06-07 11:47:42.620 I/Zygote  ( 1325): Preloading shared libraries...
06-07 11:47:42.742 E/Hyphenator( 1325): error loading hyphenation /system/usr/hyphen-data/hyph-as.hyb
06-07 11:47:42.742 E/Hyphenator( 1325): java.io.FileNotFoundException: /system/usr/hyphen-data/hyph-as.hyb: open failed: ENOENT (No such file or directory)
06-07 11:47:42.742 E/Hyphenator( 1325): 	at libcore.io.IoBridge.open(IoBridge.java:455)
06-07 11:47:42.742 E/Hyphenator( 1325): 	at java.io.RandomAccessFile.<init>(RandomAccessFile.java:247)
06-07 11:47:42.742 E/Hyphenator( 1325): 	at android.text.Hyphenator.loadHyphenator(Hyphenator.java:118)
06-07 11:47:42.742 E/Hyphenator( 1325): 	at android.text.Hyphenator.init(Hyphenator.java:224)
06-07 11:47:42.742 E/Hyphenator( 1325): 	at com.android.internal.os.ZygoteInit.preloadTextResources(ZygoteInit.java:252)
06-07 11:47:42.742 E/Hyphenator( 1325): 	at com.android.internal.os.ZygoteInit.preload(ZygoteInit.java:206)
06-07 11:47:42.742 E/Hyphenator( 1325): 	at com.android.internal.os.ZygoteInit.main(ZygoteInit.java:743)
06-07 11:47:42.742 E/Hyphenator( 1325): Caused by: android.system.ErrnoException: open failed: ENOENT (No such file or directory)
06-07 11:47:42.742 E/Hyphenator( 1325): 	at libcore.io.Posix.open(Native Method)
06-07 11:47:42.742 E/Hyphenator( 1325): 	at libcore.io.BlockGuardOs.open(BlockGuardOs.java:187)
06-07 11:47:42.742 E/Hyphenator( 1325): 	at libcore.io.IoBridge.open(IoBridge.java:441)
06-07 11:47:42.742 E/Hyphenator( 1325): 	... 6 more
06-07 11:47:42.744 E/Hyphenator( 1325): error loading hyphenation /system/usr/hyphen-data/hyph-bn.hyb
06-07 11:47:42.744 E/Hyphenator( 1325): java.io.FileNotFoundException: /system/usr/hyphen-data/hyph-bn.hyb: open failed: ENOENT (No such file or directory)
06-07 11:47:42.744 E/Hyphenator( 1325): 	at libcore.io.IoBridge.open(IoBridge.java:455)
06-07 11:47:42.744 E/Hyphenator( 1325): 	at java.io.RandomAccessFile.<init>(RandomAccessFile.java:247)
06-07 11:47:42.744 E/Hyphenator( 1325): 	at android.text.Hyphenator.loadHyphenator(Hyphenator.java:118)
06-07 11:47:42.744 E/Hyphenator( 1325): 	at android.text.Hyphenator.init(Hyphenator.java:224)
06-07 11:47:42.744 E/Hyphenator( 1325): 	at com.android.internal.os.ZygoteInit.preloadTextResources(ZygoteInit.java:252)
06-07 11:47:42.744 E/Hyphenator( 1325): 	at com.android.internal.os.ZygoteInit.preload(ZygoteInit.java:206)
06-07 11:47:42.744 E/Hyphenator( 1325): 	at com.android.internal.os.ZygoteInit.main(ZygoteInit.java:743)
06-07 11:47:42.744 E/Hyphenator( 1325): Caused by: android.system.ErrnoException: open failed: ENOENT (No such file or directory)
06-07 11:47:42.744 E/Hyphenator( 1325): 	at libcore.io.Posix.open(Native Method)
06-07 11:47:42.744 E/Hyphenator( 1325): 	at libcore.io.BlockGuardOs.open(BlockGuardOs.java:187)
06-07 11:47:42.744 E/Hyphenator( 1325): 	at libcore.io.IoBridge.open(IoBridge.java:441)
06-07 11:47:42.744 E/Hyphenator( 1325): 	... 6 more
06-07 11:47:42.745 E/Hyphenator( 1325): error loading hyphenation /system/usr/hyphen-data/hyph-cy.hyb
06-07 11:47:42.745 E/Hyphenator( 1325): java.io.FileNotFoundException: /system/usr/hyphen-data/hyph-cy.hyb: open failed: ENOENT (No such file or directory)
06-07 11:47:42.745 E/Hyphenator( 1325): 	at libcore.io.IoBridge.open(IoBridge.java:455)
06-07 11:47:42.745 E/Hyphenator( 1325): 	at java.io.RandomAccessFile.<init>(RandomAccessFile.java:247)
06-07 11:47:42.745 E/Hyphenator( 1325): 	at android.text.Hyphenator.loadHyphenator(Hyphenator.java:118)
06-07 11:47:42.745 E/Hyphenator( 1325): 	at android.text.Hyphenator.init(Hyphenator.java:224)
06-07 11:47:42.745 E/Hyphenator( 1325): 	at com.android.internal.os.ZygoteInit.preloadTextResources(ZygoteInit.java:252)
06-07 11:47:42.745 E/Hyphenator( 1325): 	at com.android.internal.os.ZygoteInit.preload(ZygoteInit.java:206)
06-07 11:47:42.745 E/Hyphenator( 1325): 	at com.android.internal.os.ZygoteInit.main(ZygoteInit.java:743)
06-07 11:47:42.745 E/Hyphenator( 1325): Caused by: android.system.ErrnoException: open failed: ENOENT (No such file or directory)
06-07 11:47:42.745 E/Hyphenator( 1325): 	at libcore.io.Posix.open(Native Method)
06-07 11:47:42.745 E/Hyphenator( 1325): 	at libcore.io.BlockGuardOs.open(BlockGuardOs.java:187)
06-07 11:47:42.745 E/Hyphenator( 1325): 	at libcore.io.IoBridge.open(IoBridge.java:441)
06-07 11:47:42.745 E/Hyphenator( 1325): 	... 6 more
06-07 11:47:42.746 E/Hyphenator( 1325): error loading hyphenation /system/usr/hyphen-data/hyph-da.hyb
06-07 11:47:42.746 E/Hyphenator( 1325): java.io.FileNotFoundException: /system/usr/hyphen-data/hyph-da.hyb: open failed: ENOENT (No such file or directory)
06-07 11:47:42.746 E/Hyphenator( 1325): 	at libcore.io.IoBridge.open(IoBridge.java:455)
06-07 11:47:42.746 E/Hyphenator( 1325): 	at java.io.RandomAccessFile.<init>(RandomAccessFile.java:247)
06-07 11:47:42.746 E/Hyphenator( 1325): 	at android.text.Hyphenator.loadHyphenator(Hyphenator.java:118)
06-07 11:47:42.746 E/Hyphenator( 1325): 	at android.text.Hyphenator.init(Hyphenator.java:224)
06-07 11:47:42.746 E/Hyphenator( 1325): 	at com.android.internal.os.ZygoteInit.preloadTextResources(ZygoteInit.java:252)
06-07 11:47:42.746 E/Hyphenator( 1325): 	at com.android.internal.os.ZygoteInit.preload(ZygoteInit.java:206)
06-07 11:47:42.746 E/Hyphenator( 1325): 	at com.android.internal.os.ZygoteInit.main(ZygoteInit.java:743)
06-07 11:47:42.746 E/Hyphenator( 1325): Caused by: android.system.ErrnoException: open failed: ENOENT (No such file or directory)
06-07 11:47:42.746 E/Hyphenator( 1325): 	at libcore.io.Posix.open(Native Method)
06-07 11:47:42.746 E/Hyphenator( 1325): 	at libcore.io.BlockGuardOs.open(BlockGuardOs.java:187)
06-07 11:47:42.746 E/Hyphenator( 1325): 	at libcore.io.IoBridge.open(IoBridge.java:441)
06-07 11:47:42.746 E/Hyphenator( 1325): 	... 6 more
06-07 11:47:42.747 E/Hyphenator( 1325): error loading hyphenation /system/usr/hyphen-data/hyph-de-1901.hyb
06-07 11:47:42.747 E/Hyphenator( 1325): java.io.FileNotFoundException: /system/usr/hyphen-data/hyph-de-1901.hyb: open failed: ENOENT (No such file or directory)
06-07 11:47:42.747 E/Hyphenator( 1325): 	at libcore.io.IoBridge.open(IoBridge.java:455)
06-07 11:47:42.747 E/Hyphenator( 1325): 	at java.io.RandomAccessFile.<init>(RandomAccessFile.java:247)
06-07 11:47:42.747 E/Hyphenator( 1325): 	at android.text.Hyphenator.loadHyphenator(Hyphenator.java:118)
06-07 11:47:42.747 E/Hyphenator( 1325): 	at android.text.Hyphenator.init(Hyphenator.java:224)
06-07 11:47:42.747 E/Hyphenator( 1325): 	at com.android.internal.os.ZygoteInit.preloadTextResources(ZygoteInit.java:252)
06-07 11:47:42.747 E/Hyphenator( 1325): 	at com.android.internal.os.ZygoteInit.preload(ZygoteInit.java:206)
06-07 11:47:42.747 E/Hyphenator( 1325): 	at com.android.internal.os.ZygoteInit.main(ZygoteInit.java:743)
06-07 11:47:42.747 E/Hyphenator( 1325): Caused by: android.system.ErrnoException: open failed: ENOENT (No such file or directory)
06-07 11:47:42.747 E/Hyphenator( 1325): 	at libcore.io.Posix.open(Native Method)
06-07 11:47:42.747 E/Hyphenator( 1325): 	at libcore.io.BlockGuardOs.open(BlockGuardOs.java:187)
06-07 11:47:42.747 E/Hyphenator( 1325): 	at libcore.io.IoBridge.open(IoBridge.java:441)
06-07 11:47:42.747 E/Hyphenator( 1325): 	... 6 more
06-07 11:47:42.749 E/Hyphenator( 1325): error loading hyphenation /system/usr/hyphen-data/hyph-de-1996.hyb
06-07 11:47:42.749 E/Hyphenator( 1325): java.io.FileNotFoundException: /system/usr/hyphen-data/hyph-de-1996.hyb: open failed: ENOENT (No such file or directory)
06-07 11:47:42.749 E/Hyphenator( 1325): 	at libcore.io.IoBridge.open(IoBridge.java:455)
06-07 11:47:42.749 E/Hyphenator( 1325): 	at java.io.RandomAccessFile.<init>(RandomAccessFile.java:247)
06-07 11:47:42.749 E/Hyphenator( 1325): 	at android.text.Hyphenator.loadHyphenator(Hyphenator.java:118)
06-07 11:47:42.749 E/Hyphenator( 1325): 	at android.text.Hyphenator.init(Hyphenator.java:224)
06-07 11:47:42.749 E/Hyphenator( 1325): 	at com.android.internal.os.ZygoteInit.preloadTextResources(ZygoteInit.java:252)
06-07 11:47:42.749 E/Hyphenator( 1325): 	at com.android.internal.os.ZygoteInit.preload(ZygoteInit.java:206)
06-07 11:47:42.749 E/Hyphenator( 1325): 	at com.android.internal.os.ZygoteInit.main(ZygoteInit.java:743)
06-07 11:47:42.749 E/Hyphenator( 1325): Caused by: android.system.ErrnoException: open failed: ENOENT (No such file or directory)
06-07 11:47:42.749 E/Hyphenator( 1325): 	at libcore.io.Posix.open(Native Method)
06-07 11:47:42.749 E/Hyphenator( 1325): 	at libcore.io.BlockGuardOs.open(BlockGuardOs.java:187)
06-07 11:47:42.749 E/Hyphenator( 1325): 	at libcore.io.IoBridge.open(IoBridge.java:441)
06-07 11:47:42.749 E/Hyphenator( 1325): 	... 6 more
06-07 11:47:42.760 V/NatController( 1338): runCmd(/system/bin/ip6tables -w -t raw -F natctrl_raw_PREROUTING) res=0
06-07 11:47:42.781 E/Hyphenator( 1325): error loading hyphenation /system/usr/hyphen-data/hyph-de-ch-1901.hyb
06-07 11:47:42.781 E/Hyphenator( 1325): java.io.FileNotFoundException: /system/usr/hyphen-data/hyph-de-ch-1901.hyb: open failed: ENOENT (No such file or directory)
06-07 11:47:42.781 E/Hyphenator( 1325): 	at libcore.io.IoBridge.open(IoBridge.java:455)
06-07 11:47:42.781 E/Hyphenator( 1325): 	at java.io.RandomAccessFile.<init>(RandomAccessFile.java:247)
06-07 11:47:42.781 E/Hyphenator( 1325): 	at android.text.Hyphenator.loadHyphenator(Hyphenator.java:118)
06-07 11:47:42.781 E/Hyphenator( 1325): 	at android.text.Hyphenator.init(Hyphenator.java:224)
06-07 11:47:42.781 E/Hyphenator( 1325): 	at com.android.internal.os.ZygoteInit.preloadTextResources(ZygoteInit.java:252)
06-07 11:47:42.781 E/Hyphenator( 1325): 	at com.android.internal.os.ZygoteInit.preload(ZygoteInit.java:206)
06-07 11:47:42.781 E/Hyphenator( 1325): 	at com.android.internal.os.ZygoteInit.main(ZygoteInit.java:743)
06-07 11:47:42.781 E/Hyphenator( 1325): Caused by: android.system.ErrnoException: open failed: ENOENT (No such file or directory)
06-07 11:47:42.781 E/Hyphenator( 1325): 	at libcore.io.Posix.open(Native Method)
06-07 11:47:42.781 E/Hyphenator( 1325): 	at libcore.io.BlockGuardOs.open(BlockGuardOs.java:187)
06-07 11:47:42.781 E/Hyphenator( 1325): 	at libcore.io.IoBridge.open(IoBridge.java:441)
06-07 11:47:42.781 E/Hyphenator( 1325): 	... 6 more
06-07 11:47:42.783 E/Hyphenator( 1325): error loading hyphenation /system/usr/hyphen-data/hyph-en-gb.hyb
06-07 11:47:42.783 E/Hyphenator( 1325): java.io.FileNotFoundException: /system/usr/hyphen-data/hyph-en-gb.hyb: open failed: ENOENT (No such file or directory)
06-07 11:47:42.783 E/Hyphenator( 1325): 	at libcore.io.IoBridge.open(IoBridge.java:455)
06-07 11:47:42.783 E/Hyphenator( 1325): 	at java.io.RandomAccessFile.<init>(RandomAccessFile.java:247)
06-07 11:47:42.783 E/Hyphenator( 1325): 	at android.text.Hyphenator.loadHyphenator(Hyphenator.java:118)
06-07 11:47:42.783 E/Hyphenator( 1325): 	at android.text.Hyphenator.init(Hyphenator.java:224)
06-07 11:47:42.783 E/Hyphenator( 1325): 	at com.android.internal.os.ZygoteInit.preloadTextResources(ZygoteInit.java:252)
06-07 11:47:42.783 E/Hyphenator( 1325): 	at com.android.internal.os.ZygoteInit.preload(ZygoteInit.java:206)
06-07 11:47:42.783 E/Hyphenator( 1325): 	at com.android.internal.os.ZygoteInit.main(ZygoteInit.java:743)
06-07 11:47:42.783 E/Hyphenator( 1325): Caused by: android.system.ErrnoException: open failed: ENOENT (No such file or directory)
06-07 11:47:42.783 E/Hyphenator( 1325): 	at libcore.io.Posix.open(Native Method)
06-07 11:47:42.783 E/Hyphenator( 1325): 	at libcore.io.BlockGuardOs.open(BlockGuardOs.java:187)
06-07 11:47:42.783 E/Hyphenator( 1325): 	at libcore.io.IoBridge.open(IoBridge.java:441)
06-07 11:47:42.783 E/Hyphenator( 1325): 	... 6 more
06-07 11:47:42.784 E/Hyphenator( 1325): error loading hyphenation /system/usr/hyphen-data/hyph-en-us.hyb
06-07 11:47:42.784 E/Hyphenator( 1325): java.io.FileNotFoundException: /system/usr/hyphen-data/hyph-en-us.hyb: open failed: ENOENT (No such file or directory)
06-07 11:47:42.784 E/Hyphenator( 1325): 	at libcore.io.IoBridge.open(IoBridge.java:455)
06-07 11:47:42.784 E/Hyphenator( 1325): 	at java.io.RandomAccessFile.<init>(RandomAccessFile.java:247)
06-07 11:47:42.784 E/Hyphenator( 1325): 	at android.text.Hyphenator.loadHyphenator(Hyphenator.java:118)
06-07 11:47:42.784 E/Hyphenator( 1325): 	at android.text.Hyphenator.init(Hyphenator.java:224)
06-07 11:47:42.784 E/Hyphenator( 1325): 	at com.android.internal.os.ZygoteInit.preloadTextResources(ZygoteInit.java:252)
06-07 11:47:42.784 E/Hyphenator( 1325): 	at com.android.internal.os.ZygoteInit.preload(ZygoteInit.java:206)
06-07 11:47:42.784 E/Hyphenator( 1325): 	at com.android.internal.os.ZygoteInit.main(ZygoteInit.java:743)
06-07 11:47:42.784 E/Hyphenator( 1325): Caused by: android.system.ErrnoException: open failed: ENOENT (No such file or directory)
06-07 11:47:42.784 E/Hyphenator( 1325): 	at libcore.io.Posix.open(Native Method)
06-07 11:47:42.784 E/Hyphenator( 1325): 	at libcore.io.BlockGuardOs.open(BlockGuardOs.java:187)
06-07 11:47:42.784 E/Hyphenator( 1325): 	at libcore.io.IoBridge.open(IoBridge.java:441)
06-07 11:47:42.784 E/Hyphenator( 1325): 	... 6 more
06-07 11:47:42.785 E/Hyphenator( 1325): error loading hyphenation /system/usr/hyphen-data/hyph-es.hyb
06-07 11:47:42.785 E/Hyphenator( 1325): java.io.FileNotFoundException: /system/usr/hyphen-data/hyph-es.hyb: open failed: ENOENT (No such file or directory)
06-07 11:47:42.785 E/Hyphenator( 1325): 	at libcore.io.IoBridge.open(IoBridge.java:455)
06-07 11:47:42.785 E/Hyphenator( 1325): 	at java.io.RandomAccessFile.<init>(RandomAccessFile.java:247)
06-07 11:47:42.785 E/Hyphenator( 1325): 	at android.text.Hyphenator.loadHyphenator(Hyphenator.java:118)
06-07 11:47:42.785 E/Hyphenator( 1325): 	at android.text.Hyphenator.init(Hyphenator.java:224)
06-07 11:47:42.785 E/Hyphenator( 1325): 	at com.android.internal.os.ZygoteInit.preloadTextResources(ZygoteInit.java:252)
06-07 11:47:42.785 E/Hyphenator( 1325): 	at com.android.internal.os.ZygoteInit.preload(ZygoteInit.java:206)
06-07 11:47:42.785 E/Hyphenator( 1325): 	at com.android.internal.os.ZygoteInit.main(ZygoteInit.java:743)
06-07 11:47:42.785 E/Hyphenator( 1325): Caused by: android.system.ErrnoException: open failed: ENOENT (No such file or directory)
06-07 11:47:42.785 E/Hyphenator( 1325): 	at libcore.io.Posix.open(Native Method)
06-07 11:47:42.785 E/Hyphenator( 1325): 	at libcore.io.BlockGuardOs.open(BlockGuardOs.java:187)
06-07 11:47:42.785 E/Hyphenator( 1325): 	at libcore.io.IoBridge.open(IoBridge.java:441)
06-07 11:47:42.785 E/Hyphenator( 1325): 	... 6 more
06-07 11:47:42.786 E/Hyphenator( 1325): error loading hyphenation /system/usr/hyphen-data/hyph-et.hyb
06-07 11:47:42.786 E/Hyphenator( 1325): java.io.FileNotFoundException: /system/usr/hyphen-data/hyph-et.hyb: open failed: ENOENT (No such file or directory)
06-07 11:47:42.786 E/Hyphenator( 1325): 	at libcore.io.IoBridge.open(IoBridge.java:455)
06-07 11:47:42.786 E/Hyphenator( 1325): 	at java.io.RandomAccessFile.<init>(RandomAccessFile.java:247)
06-07 11:47:42.786 E/Hyphenator( 1325): 	at android.text.Hyphenator.loadHyphenator(Hyphenator.java:118)
06-07 11:47:42.786 E/Hyphenator( 1325): 	at android.text.Hyphenator.init(Hyphenator.java:224)
06-07 11:47:42.786 E/Hyphenator( 1325): 	at com.android.internal.os.ZygoteInit.preloadTextResources(ZygoteInit.java:252)
06-07 11:47:42.786 E/Hyphenator( 1325): 	at com.android.internal.os.ZygoteInit.preload(ZygoteInit.java:206)
06-07 11:47:42.786 E/Hyphenator( 1325): 	at com.android.internal.os.ZygoteInit.main(ZygoteInit.java:743)
06-07 11:47:42.786 E/Hyphenator( 1325): Caused by: android.system.ErrnoException: open failed: ENOENT (No such file or directory)
06-07 11:47:42.786 E/Hyphenator( 1325): 	at libcore.io.Posix.open(Native Method)
06-07 11:47:42.786 E/Hyphenator( 1325): 	at libcore.io.BlockGuardOs.open(BlockGuardOs.java:187)
06-07 11:47:42.786 E/Hyphenator( 1325): 	at libcore.io.IoBridge.open(IoBridge.java:441)
06-07 11:47:42.786 E/Hyphenator( 1325): 	... 6 more
06-07 11:47:42.788 E/Hyphenator( 1325): error loading hyphenation /system/usr/hyphen-data/hyph-eu.hyb
06-07 11:47:42.788 E/Hyphenator( 1325): java.io.FileNotFoundException: /system/usr/hyphen-data/hyph-eu.hyb: open failed: ENOENT (No such file or directory)
06-07 11:47:42.788 E/Hyphenator( 1325): 	at libcore.io.IoBridge.open(IoBridge.java:455)
06-07 11:47:42.788 E/Hyphenator( 1325): 	at java.io.RandomAccessFile.<init>(RandomAccessFile.java:247)
06-07 11:47:42.788 E/Hyphenator( 1325): 	at android.text.Hyphenator.loadHyphenator(Hyphenator.java:118)
06-07 11:47:42.788 E/Hyphenator( 1325): 	at android.text.Hyphenator.init(Hyphenator.java:224)
06-07 11:47:42.788 E/Hyphenator( 1325): 	at com.android.internal.os.ZygoteInit.preloadTextResources(ZygoteInit.java:252)
06-07 11:47:42.788 E/Hyphenator( 1325): 	at com.android.internal.os.ZygoteInit.preload(ZygoteInit.java:206)
06-07 11:47:42.788 E/Hyphenator( 1325): 	at com.android.internal.os.ZygoteInit.main(ZygoteInit.java:743)
06-07 11:47:42.788 E/Hyphenator( 1325): Caused by: android.system.ErrnoException: open failed: ENOENT (No such file or directory)
06-07 11:47:42.788 E/Hyphenator( 1325): 	at libcore.io.Posix.open(Native Method)
06-07 11:47:42.788 E/Hyphenator( 1325): 	at libcore.io.BlockGuardOs.open(BlockGuardOs.java:187)
06-07 11:47:42.788 E/Hyphenator( 1325): 	at libcore.io.IoBridge.open(IoBridge.java:441)
06-07 11:47:42.788 E/Hyphenator( 1325): 	... 6 more
06-07 11:47:42.789 E/Hyphenator( 1325): error loading hyphenation /system/usr/hyphen-data/hyph-fr.hyb
06-07 11:47:42.789 E/Hyphenator( 1325): java.io.FileNotFoundException: /system/usr/hyphen-data/hyph-fr.hyb: open failed: ENOENT (No such file or directory)
06-07 11:47:42.789 E/Hyphenator( 1325): 	at libcore.io.IoBridge.open(IoBridge.java:455)
06-07 11:47:42.789 E/Hyphenator( 1325): 	at java.io.RandomAccessFile.<init>(RandomAccessFile.java:247)
06-07 11:47:42.789 E/Hyphenator( 1325): 	at android.text.Hyphenator.loadHyphenator(Hyphenator.java:118)
06-07 11:47:42.789 E/Hyphenator( 1325): 	at android.text.Hyphenator.init(Hyphenator.java:224)
06-07 11:47:42.789 E/Hyphenator( 1325): 	at com.android.internal.os.ZygoteInit.preloadTextResources(ZygoteInit.java:252)
06-07 11:47:42.789 E/Hyphenator( 1325): 	at com.android.internal.os.ZygoteInit.preload(ZygoteInit.java:206)
06-07 11:47:42.789 E/Hyphenator( 1325): 	at com.android.internal.os.ZygoteInit.main(ZygoteInit.java:743)
06-07 11:47:42.789 E/Hyphenator( 1325): Caused by: android.system.ErrnoException: open failed: ENOENT (No such file or directory)
06-07 11:47:42.789 E/Hyphenator( 1325): 	at libcore.io.Posix.open(Native Method)
06-07 11:47:42.789 E/Hyphenator( 1325): 	at libcore.io.BlockGuardOs.open(BlockGuardOs.java:187)
06-07 11:47:42.789 E/Hyphenator( 1325): 	at libcore.io.IoBridge.open(IoBridge.java:441)
06-07 11:47:42.789 E/Hyphenator( 1325): 	... 6 more
06-07 11:47:42.835 E/Hyphenator( 1325): error loading hyphenation /system/usr/hyphen-data/hyph-ga.hyb
06-07 11:47:42.835 E/Hyphenator( 1325): java.io.FileNotFoundException: /system/usr/hyphen-data/hyph-ga.hyb: open failed: ENOENT (No such file or directory)
06-07 11:47:42.835 E/Hyphenator( 1325): 	at libcore.io.IoBridge.open(IoBridge.java:455)
06-07 11:47:42.835 E/Hyphenator( 1325): 	at java.io.RandomAccessFile.<init>(RandomAccessFile.java:247)
06-07 11:47:42.835 E/Hyphenator( 1325): 	at android.text.Hyphenator.loadHyphenator(Hyphenator.java:118)
06-07 11:47:42.835 E/Hyphenator( 1325): 	at android.text.Hyphenator.init(Hyphenator.java:224)
06-07 11:47:42.835 E/Hyphenator( 1325): 	at com.android.internal.os.ZygoteInit.preloadTextResources(ZygoteInit.java:252)
06-07 11:47:42.835 E/Hyphenator( 1325): 	at com.android.internal.os.ZygoteInit.preload(ZygoteInit.java:206)
06-07 11:47:42.835 E/Hyphenator( 1325): 	at com.android.internal.os.ZygoteInit.main(ZygoteInit.java:743)
06-07 11:47:42.835 E/Hyphenator( 1325): Caused by: android.system.ErrnoException: open failed: ENOENT (No such file or directory)
06-07 11:47:42.835 E/Hyphenator( 1325): 	at libcore.io.Posix.open(Native Method)
06-07 11:47:42.835 E/Hyphenator( 1325): 	at libcore.io.BlockGuardOs.open(BlockGuardOs.java:187)
06-07 11:47:42.835 E/Hyphenator( 1325): 	at libcore.io.IoBridge.open(IoBridge.java:441)
06-07 11:47:42.835 E/Hyphenator( 1325): 	... 6 more
06-07 11:47:42.836 E/Hyphenator( 1325): error loading hyphenation /system/usr/hyphen-data/hyph-gu.hyb
06-07 11:47:42.836 E/Hyphenator( 1325): java.io.FileNotFoundException: /system/usr/hyphen-data/hyph-gu.hyb: open failed: ENOENT (No such file or directory)
06-07 11:47:42.836 E/Hyphenator( 1325): 	at libcore.io.IoBridge.open(IoBridge.java:455)
06-07 11:47:42.836 E/Hyphenator( 1325): 	at java.io.RandomAccessFile.<init>(RandomAccessFile.java:247)
06-07 11:47:42.836 E/Hyphenator( 1325): 	at android.text.Hyphenator.loadHyphenator(Hyphenator.java:118)
