06-07 11:54:28.509 I/Registrar( 3287): Registering subscriber: Subscriber<Topic<TopicIdentifier</mgt/executive/command>, TopicDescription<ff_msgs/CommandStamped, ac01350894b1be9e3a7b4f390a14812d>>>
06-07 11:54:28.602 I/DefaultPublisher( 3287): Publisher registered: Publisher<PublisherDefinition<PublisherIdentifier<NodeIdentifier</guest_science_manager, http://hlp:45355/>, TopicIdentifier</gs/gs_manager/state>>, Topic<TopicIdentifier</gs/gs_manager/state>, TopicDescription<ff_msgs/GuestScienceState, 24e5a1ba8527257cc710720a32de6e51>>>>
06-07 11:54:28.937 I/Registrar( 3287): Response<Success, Subscribed to [/mgt/executive/command], [http://10.42.0.34:44797/]>
06-07 11:54:29.119 I/DefaultSubscriber( 3287): Subscriber registered: Subscriber<Topic<TopicIdentifier</mgt/executive/command>, TopicDescription<ff_msgs/CommandStamped, ac01350894b1be9e3a7b4f390a14812d>>>
06-07 11:54:29.165 W/ActivityManager( 2174): Slow operation: 206ms so far, now at startProcess: returned from zygote!
06-07 11:54:29.177 W/ActivityManager( 2174): Slow operation: 219ms so far, now at startProcess: done updating battery stats
06-07 11:54:29.178 W/ActivityManager( 2174): Slow operation: 219ms so far, now at startProcess: building log message
06-07 11:54:29.178 I/ActivityManager( 2174): Start proc 3363:jp.jaxa.iss.kibo.rpc.sampleapk/u0a64 for broadcast jp.jaxa.iss.kibo.rpc.sampleapk/gov.nasa.arc.astrobee.android.gs.InfoInqueryBroadcastReceiver
06-07 11:54:29.178 W/ActivityManager( 2174): Slow operation: 219ms so far, now at startProcess: starting to update pids map
06-07 11:54:29.178 W/ActivityManager( 2174): Slow operation: 219ms so far, now at startProcess: done updating pids map
06-07 11:54:29.178 W/ActivityManager( 2174): Slow operation: 221ms so far, now at startProcess: done starting proc!
06-07 11:54:29.181 W/art     ( 2174): Long monitor contention with owner ActivityManager (2219) at void com.android.server.am.BroadcastQueue.processNextBroadcast(boolean)(BroadcastQueue.java:760) waiters=0 in void com.android.server.am.ActivityManagerService.dispatchUidsChanged() for 220ms
06-07 11:54:29.183 W/art     ( 2174): Long monitor contention with owner ActivityManager (2219) at void com.android.server.am.BroadcastQueue.processNextBroadcast(boolean)(BroadcastQueue.java:760) waiters=1 in android.content.ComponentName com.android.server.am.ActivityManagerService.startService(android.app.IApplicationThread, android.content.Intent, java.lang.String, java.lang.String, int) for 165ms
06-07 11:54:29.288 I/art     ( 3363): Not late-enabling -Xcheck:jni (already on)
06-07 11:54:29.289 W/art     ( 3363): Unexpected CPU variant for X86 using defaults: x86_64
06-07 11:54:29.298 W/art     ( 3287): Suspending all threads took: 13.504ms
06-07 11:54:29.648 I/art     ( 3287): Background partial concurrent mark sweep GC freed 23230(1824KB) AllocSpace objects, 30(600KB) LOS objects, 34% free, 7MB/11MB, paused 15.761ms total 799.738ms
06-07 11:54:30.495 I/ActivityManager( 2174): Killing 2927:com.android.printspooler/u0a51 (adj 906): empty #17
06-07 11:54:30.638 D/ActivityManager( 2174): cleanUpApplicationRecord -- 2927
06-07 11:54:32.849 I/art     ( 3287): Do partial code cache collection, code=26KB, data=29KB
06-07 11:54:32.852 I/art     ( 3287): After code cache collection, code=26KB, data=29KB
06-07 11:54:32.852 I/art     ( 3287): Increasing code cache capacity to 128KB
06-07 11:54:35.627 D/ManagerTimeoutTimer( 3287): Still waiting for the apk to start or stop. 5000.0 milliseconds left.
06-07 11:54:35.820 D/OpenCV/StaticHelper( 3363): Trying to get library list
06-07 11:54:36.001 E/OpenCV/StaticHelper( 3363): OpenCV error: Cannot load info library for OpenCV
06-07 11:54:36.005 D/OpenCV/StaticHelper( 3363): Library list: ""
06-07 11:54:36.006 D/OpenCV/StaticHelper( 3363): First attempt to load libs
06-07 11:54:36.006 D/OpenCV/StaticHelper( 3363): Trying to init OpenCV libs
06-07 11:54:36.006 D/OpenCV/StaticHelper( 3363): Trying to load library opencv_java3
06-07 11:54:36.317 D/OpenCV/StaticHelper( 3363): Library opencv_java3 loaded
06-07 11:54:36.317 D/OpenCV/StaticHelper( 3363): First attempt to load libs is OK
06-07 11:54:36.354 I/OpenCV/StaticHelper( 3363): 
06-07 11:54:36.354 I/OpenCV/StaticHelper( 3363): General configuration for OpenCV 3.4.4 =====================================
06-07 11:54:36.354 I/OpenCV/StaticHelper( 3363):   Version control:               3.4.4
06-07 11:54:36.354 I/OpenCV/StaticHelper( 3363): 
06-07 11:54:36.354 I/OpenCV/StaticHelper( 3363):   Extra modules:
06-07 11:54:36.354 I/OpenCV/StaticHelper( 3363):     Location (extra):            /build/3_4-contrib_pack-contrib-android/opencv_contrib/modules
06-07 11:54:36.354 I/OpenCV/StaticHelper( 3363):     Version control (extra):     3.4.4
06-07 11:54:36.369 I/OpenCV/StaticHelper( 3363): 
06-07 11:54:36.369 I/OpenCV/StaticHelper( 3363):   Platform:
06-07 11:54:36.369 I/OpenCV/StaticHelper( 3363):     Timestamp:                   2018-11-17T00:27:32Z
06-07 11:54:36.369 I/OpenCV/StaticHelper( 3363):     Host:                        Linux 4.15.0-38-generic x86_64
06-07 11:54:36.369 I/OpenCV/StaticHelper( 3363):     Target:                      Linux 1 x86_64
06-07 11:54:36.369 I/OpenCV/StaticHelper( 3363):     CMake:                       2.8.12.2
06-07 11:54:36.369 I/OpenCV/StaticHelper( 3363):     CMake generator:             Ninja
06-07 11:54:36.369 I/OpenCV/StaticHelper( 3363):     CMake build tool:            /usr/bin/ninja
06-07 11:54:36.369 I/OpenCV/StaticHelper( 3363):     Configuration:               Release
06-07 11:54:36.369 I/OpenCV/StaticHelper( 3363): 
06-07 11:54:36.369 I/OpenCV/StaticHelper( 3363):   CPU/HW features:
06-07 11:54:36.369 I/OpenCV/StaticHelper( 3363):     Baseline:                    SSE SSE2 SSE3
06-07 11:54:36.369 I/OpenCV/StaticHelper( 3363):       requested:                 SSE3
06-07 11:54:36.369 I/OpenCV/StaticHelper( 3363):     Dispatched code generation:  SSE4_1 SSE4_2 FP16 AVX AVX2
06-07 11:54:36.370 I/OpenCV/StaticHelper( 3363):       requested:                 SSE4_1 SSE4_2 AVX FP16 AVX2 AVX512_SKX
06-07 11:54:36.370 I/OpenCV/StaticHelper( 3363):       SSE4_1 (4 files):          + SSSE3 SSE4_1
06-07 11:54:36.370 I/OpenCV/StaticHelper( 3363):       SSE4_2 (1 files):          + SSSE3 SSE4_1 POPCNT SSE4_2
06-07 11:54:36.370 I/OpenCV/StaticHelper( 3363):       FP16 (0 files):            + SSSE3 SSE4_1 POPCNT SSE4_2 FP16 AVX
06-07 11:54:36.370 I/OpenCV/StaticHelper( 3363):       AVX (5 files):             + SSSE3 SSE4_1 POPCNT SSE4_2 AVX
06-07 11:54:36.370 I/OpenCV/StaticHelper( 3363):       AVX2 (10 files):           + SSSE3 SSE4_1 POPCNT SSE4_2 FP16 FMA3 AVX AVX2
06-07 11:54:36.370 I/OpenCV/StaticHelper( 3363): 
06-07 11:54:36.370 I/OpenCV/StaticHelper( 3363):   C/C++:
06-07 11:54:36.370 I/OpenCV/StaticHelper( 3363):     Built as dynamic libs?:      NO
06-07 11:54:36.384 I/OpenCV/StaticHelper( 3363):     C++ Compiler:                /usr/bin/ccache /opt/android/android-ndk-r10e/toolchains/x86_64-4.9/prebuilt/linux-x86_64/bin/x86_64-linux-android-g++ (ver 4.9)
06-07 11:54:36.384 I/OpenCV/StaticHelper( 3363):     C++ flags (Release):         -fexceptions -frtti --sysroot=/opt/android/android-ndk-r10e/platforms/android-21/arch-x86_64 -funwind-tables -funswitch-loops -finline-limit=300 -fsigned-char -no-canonical-prefixes -fdata-sections -ffunction-sections -Wa,--noexecstack  -DANDROID -D__ANDROID_API__=21   -fsigned-char -W -Wall -Werror=return-type -Werror=non-virtual-dtor -Werror=address -Werror=sequence-point -Wformat -Werror=format-security -Wmissing-declarations -Wundef -Winit-self -Wpointer-arith -Wshadow -Wsign-promo -Wuninitialized -Winit-self -Wno-narrowing -Wno-delete-non-virtual-dtor -Wno-comment -Wno-missing-field-initializers -fdiagnostics-show-option -Wno-long-long -fomit-frame-pointer  -msse -msse2 -msse3 -fvisibility=hidden -fvisibility-inlines-hidden -fomit-frame-pointer -fstrict-aliasing -O3 -DNDEBUG  -DNDEBUG
06-07 11:54:36.384 I/OpenCV/StaticHelper( 3363):     C++ flags (Debug):           -fexceptions -frtti --sysroot=/opt/android/android-ndk-r10e/platforms/android-21/arch-x86_64 -funwind-tables -funswitch-loops -finline-limit=300 -fsigned-char -no-canonical-prefixes -fdata-sections -ffunction-sections -Wa,--noexecstack  -DANDROID -D__ANDROID_API__=21   -fsigned-char -W -Wall -Werror=return-type -Werror=non-virtual-dtor -Werror=address -Werror=sequence-point -Wformat -Werror=format-security -Wmissing-declarations -Wundef -Winit-self -Wpointer-arith -Wshadow -Wsign-promo -Wuninitialized -Winit-self -Wno-narrowing -Wno-delete-non-virtual-dtor -Wno-comment -Wno-missing-field-initializers -fdiagnostics-show-option -Wno-long-long -fomit-frame-pointer  -msse -msse2 -msse3 -fvisibility=hidden -fvisibility-inlines-hidden -fno-omit-frame-pointer -fno-strict-aliasing -O0 -g -DDEBUG -D_DEBUG  -DDEBUG -D_DEBUG
06-07 11:54:36.384 I/OpenCV/StaticHelper( 3363):     C Compiler:                  /usr/bin/ccache /opt/android/android-ndk-r10e/toolchains/x86_64-4.9/prebuilt/linux-x86_64/bin/x86_64-linux-android-gcc
06-07 11:54:36.384 I/OpenCV/StaticHelper( 3363):     C flags (Release):           -fexceptions --sysroot=/opt/android/android-ndk-r10e/platforms/android-21/arch-x86_64 -funwind-tables -funswitch-loops -finline-limit=300 -fsigned-char -no-canonical-prefixes -fdata-sections -ffunction-sections -Wa,--noexecstack  -DANDROID -D__ANDROID_API__=21   -fsigned-char -W -Wall -Werror=return-type -Werror=non-virtual-dtor -Werror=address -Werror=sequence-point -Wformat -Werror=format-security -Wmissing-declarations -Wmissing-prototypes -Wstrict-prototypes -Wundef -Winit-self -Wpointer-arith -Wshadow -Wuninitialized -Winit-self -Wno-narrowing -Wno-comment -Wno-missing-field-initializers -fdiagnostics-show-option -Wno-long-long -fomit-frame-pointer  -msse -msse2 -msse3 -fvisibility=hidden -fomit-frame-pointer -fstrict-aliasing -O3 -DNDEBUG  -DNDEBUG
06-07 11:54:36.384 I/OpenCV/StaticHelper( 3363):     C flags (Debug):             -fexceptions --sysroot=/opt/android/android-ndk-r10e/platforms/android-21/arch-x86_64 -funwind-tables -funswitch-loops -finline-limit=300 -fsigned-char -no-canonical-prefixes -fdata-sections -ffunction-sections -Wa,--noexecstack  -DANDROID -D__ANDROID_API__=21   -fsigned-char -W -Wall -Werror=return-type -Werror=non-virtual-dtor -Werror=address -Werror=sequence-point -Wformat -Werror=format-security -Wmissing-declarations -Wmissing-prototypes -Wstrict-prototypes -Wundef -Winit-self -Wpointer-arith -Wshadow -Wuninitialized -Winit-self -Wno-narrowing -Wno-comment -Wno-missing-field-initializers -fdiagnostics-show-option -Wno-long-long -fomit-frame-pointer  -msse -msse2 -msse3 -fvisibility=hidden -fno-omit-frame-pointer -fno-strict-aliasing -O0 -g -DDEBUG -D_DEBUG  -DDEBUG -D_DEBUG
06-07 11:54:36.384 I/OpenCV/StaticHelper( 3363):     Linker flags (Release):      -Wl,--exclude-libs,libippicv.a -Wl,--exclude-libs,libippiw.a  -Wl,--no-undefined -Wl,--gc-sections -Wl,-z,noexecstack -Wl,-z,relro -Wl,-z,now    
06-07 11:54:36.384 I/OpenCV/StaticHelper( 3363):     Linker flags (Debug):        -Wl,--exclude-libs,libippicv.a -Wl,--exclude-libs,libippiw.a  -Wl,--no-undefined -Wl,--gc-sections -Wl,-z,noexecstack -Wl,-z,relro -Wl,-z,now    
06-07 11:54:36.384 I/OpenCV/StaticHelper( 3363):     ccache:                      YES
06-07 11:54:36.384 I/OpenCV/StaticHelper( 3363):     Precompiled headers:         NO
06-07 11:54:36.384 I/OpenCV/StaticHelper( 3363):     Extra dependencies:          z dl m log
06-07 11:54:36.384 I/OpenCV/StaticHelper( 3363):     3rdparty dependencies:       tbb libcpufeatures ittnotify libjpeg-turbo libwebp libpng libtiff libjasper IlmImf libprotobuf quirc ippiw ippicv
06-07 11:54:36.384 I/OpenCV/StaticHelper( 3363): 
06-07 11:54:36.384 I/OpenCV/StaticHelper( 3363):   OpenCV modules:
06-07 11:54:36.384 I/OpenCV/StaticHelper( 3363):     To be built:                 aruco bgsegm bioinspired calib3d ccalib core datasets dnn dnn_objdetect dpm face features2d flann fuzzy hfs highgui img_hash imgcodecs imgproc java java_bindings_generator line_descriptor ml objdetect optflow phase_unwrapping photo plot reg rgbd saliency shape stereo stitching structured_light superres surface_matching text tracking video videoio videostab xfeatures2d ximgproc xobjdetect xphoto
06-07 11:54:36.384 I/OpenCV/StaticHelper( 3363):     Disabled:                    world
06-07 11:54:36.384 I/OpenCV/StaticHelper( 3363):     Disabled by dependency:      -
06-07 11:54:36.384 I/OpenCV/StaticHelper( 3363):     Unavailable:                 cnn_3dobj cudaarithm cudabgsegm cudacodec cudafeatures2d cudafilters cudaimgproc cudalegacy cudaobjdetect cudaoptflow cudastereo cudawarping cudev cvv freetype hdf js matlab ovis python2 python3 sfm ts viz
06-07 11:54:36.385 I/OpenCV/StaticHelper( 3363):     Applications:                android_examples
06-07 11:54:36.385 I/OpenCV/StaticHelper( 3363):     Documentation:               NO
06-07 11:54:36.385 I/OpenCV/StaticHelper( 3363):     Non-free algorithms:         NO
06-07 11:54:36.385 I/OpenCV/StaticHelper( 3363): 
06-07 11:54:36.385 I/OpenCV/StaticHelper( 3363):   Android NDK:                   location: /opt/android/android-ndk-r10e
06-07 11:54:36.385 I/OpenCV/StaticHelper( 3363):     Android ABI:                 x86_64
06-07 11:54:36.385 I/OpenCV/StaticHelper( 3363):     NDK toolchain:               x86_64-4.9
06-07 11:54:36.385 I/OpenCV/StaticHelper( 3363):     STL type:                    gnustl_static
06-07 11:54:36.385 I/OpenCV/StaticHelper( 3363):     Native API level:            21
06-07 11:54:36.385 I/OpenCV/StaticHelper( 3363):   Android SDK:                   /opt/android/android-sdk-java7 (tools: 25.2.2 build tools: 23.0.3)
06-07 11:54:36.385 I/OpenCV/StaticHelper( 3363):     android tool:                /opt/android/android-sdk-java7/tools/android
06-07 11:54:36.385 I/OpenCV/StaticHelper( 3363):     SDK target:                  android-21
06-07 11:54:36.385 I/OpenCV/StaticHelper( 3363):     Projects build scripts:      Ant/Eclipse compatible
06-07 11:54:36.385 I/OpenCV/StaticHelper( 3363): 
06-07 11:54:36.385 I/OpenCV/StaticHelper( 3363):   GUI: 
06-07 11:54:36.385 I/OpenCV/StaticHelper( 3363): 
06-07 11:54:36.385 I/OpenCV/StaticHelper( 3363):   Media I/O: 
06-07 11:54:36.385 I/OpenCV/StaticHelper( 3363):     ZLib:                        z (ver 1.2.3)
06-07 11:54:36.385 I/OpenCV/StaticHelper( 3363):     JPEG:                        build-libjpeg-turbo (ver 1.5.3-62)
06-07 11:54:36.385 I/OpenCV/StaticHelper( 3363):     WEBP:                        build (ver encoder: 0x020e)
06-07 11:54:36.385 I/OpenCV/StaticHelper( 3363):     PNG:                         build (ver 1.6.35)
06-07 11:54:36.385 I/OpenCV/StaticHelper( 3363):     TIFF:                        build (ver 42 - 4.0.9)
06-07 11:54:36.386 I/OpenCV/StaticHelper( 3363):     JPEG 2000:                   build (ver 1.900.1)
06-07 11:54:36.386 I/OpenCV/StaticHelper( 3363):     OpenEXR:                     build (ver 1.7.1)
06-07 11:54:36.386 I/OpenCV/StaticHelper( 3363):     HDR:                         YES
06-07 11:54:36.386 I/OpenCV/StaticHelper( 3363):     SUNRASTER:                   YES
06-07 11:54:36.386 I/OpenCV/StaticHelper( 3363):     PXM:                         YES
06-07 11:54:36.386 I/OpenCV/StaticHelper( 3363): 
06-07 11:54:36.386 I/OpenCV/StaticHelper( 3363):   Video I/O:
06-07 11:54:36.386 I/OpenCV/StaticHelper( 3363): 
06-07 11:54:36.386 I/OpenCV/StaticHelper( 3363):   Parallel framework:            TBB (ver 2018.0 interface 10001)
06-07 11:54:36.386 I/OpenCV/StaticHelper( 3363): 
06-07 11:54:36.386 I/OpenCV/StaticHelper( 3363):   Trace:                         YES (with Intel ITT)
06-07 11:54:36.386 I/OpenCV/StaticHelper( 3363): 
06-07 11:54:36.386 I/OpenCV/StaticHelper( 3363):   Other third-party libraries:
06-07 11:54:36.386 I/OpenCV/StaticHelper( 3363):     Intel IPP:                   2019.0.0 Gold [2019.0.0]
06-07 11:54:36.386 I/OpenCV/StaticHelper( 3363):            at:                   /build/3_4-contrib_pack-contrib-android/build/o4a/3rdparty/ippicv/ippicv_lnx/icv
06-07 11:54:36.386 I/OpenCV/StaticHelper( 3363):     Intel IPP IW:                sources (2019.0.0)
06-07 11:54:36.386 I/OpenCV/StaticHelper( 3363):               at:                /build/3_4-contrib_pack-contrib-android/build/o4a/3rdparty/ippicv/ippicv_lnx/iw
06-07 11:54:36.386 I/OpenCV/StaticHelper( 3363):     Custom HAL:                  NO
06-07 11:54:36.386 I/OpenCV/StaticHelper( 3363):     Protobuf:                    build (3.5.1)
06-07 11:54:36.386 I/OpenCV/StaticHelper( 3363): 
06-07 11:54:36.386 I/OpenCV/StaticHelper( 3363):   Python (for build):            /usr/bin/python2.7
06-07 11:54:36.387 I/OpenCV/StaticHelper( 3363): 
06-07 11:54:36.387 I/OpenCV/StaticHelper( 3363):   Java:                          export all functions
06-07 11:54:36.387 I/OpenCV/StaticHelper( 3363):     ant:                         /usr/bin/ant (ver 1.9.3)
06-07 11:54:36.387 I/OpenCV/StaticHelper( 3363):     Java wrappers:               YES
06-07 11:54:36.387 I/OpenCV/StaticHelper( 3363):     Java tests:                  NO
06-07 11:54:36.387 I/OpenCV/StaticHelper( 3363): 
06-07 11:54:36.387 I/OpenCV/StaticHelper( 3363):   Install to:                    /build/3_4-contrib_pack-contrib-android/build/o4a/install
06-07 11:54:36.387 I/OpenCV/StaticHelper( 3363): -----------------------------------------------------------------
06-07 11:54:36.387 D/OpenCv  ( 3363): OpenCV loaded
06-07 11:54:37.030 I/Registrar( 3363): MasterXmlRpcEndpoint URI: http://llp:11311
06-07 11:54:37.334 I/Registrar( 3363): Registering publisher: Publisher<PublisherDefinition<PublisherIdentifier<NodeIdentifier</kibo_rpc_api, http://hlp:34580/>, TopicIdentifier</rosout>>, Topic<TopicIdentifier</rosout>, TopicDescription<rosgraph_msgs/Log, acffd30cd6b6de30f120938c17c593fb>>>>
06-07 11:54:38.409 I/Registrar( 3363): Response<Success, Registered [/kibo_rpc_api] as publisher of [/rosout], [http://10.42.0.34:46283/, http://10.42.0.34:40761/]>
06-07 11:54:38.428 I/DefaultPublisher( 3363): Publisher registered: Publisher<PublisherDefinition<PublisherIdentifier<NodeIdentifier</kibo_rpc_api, http://hlp:34580/>, TopicIdentifier</rosout>>, Topic<TopicIdentifier</rosout>, TopicDescription<rosgraph_msgs/Log, acffd30cd6b6de30f120938c17c593fb>>>>
06-07 11:54:38.588 I/Registrar( 3363): Registering subscriber: Subscriber<Topic<TopicIdentifier</clock>, TopicDescription<rosgraph_msgs/Clock, a9c97c1d230cfc112e270351a944ee47>>>
06-07 11:54:38.707 I/Registrar( 3363): Response<Success, Subscribed to [/clock], [http://10.42.0.34:36522/]>
06-07 11:54:38.719 I/DefaultSubscriber( 3363): Subscriber registered: Subscriber<Topic<TopicIdentifier</clock>, TopicDescription<rosgraph_msgs/Clock, a9c97c1d230cfc112e270351a944ee47>>>
06-07 11:54:39.536 I/Registrar( 3363): MasterXmlRpcEndpoint URI: http://llp:11311
06-07 11:54:39.562 I/Registrar( 3363): Registering publisher: Publisher<PublisherDefinition<PublisherIdentifier<NodeIdentifier</kibo_rpc_api, http://hlp:34580/>, TopicIdentifier</command>>, Topic<TopicIdentifier</command>, TopicDescription<ff_msgs/CommandStamped, ac01350894b1be9e3a7b4f390a14812d>>>>
06-07 11:54:40.009 I/Registrar( 3363): Registering publisher: Publisher<PublisherDefinition<PublisherIdentifier<NodeIdentifier</GetterNode, http://hlp:34738/>, TopicIdentifier</rosout>>, Topic<TopicIdentifier</rosout>, TopicDescription<rosgraph_msgs/Log, acffd30cd6b6de30f120938c17c593fb>>>>
06-07 11:54:40.077 I/Registrar( 3363): Response<Success, Registered [/kibo_rpc_api] as publisher of [/command], [http://10.42.0.34:36522/, http://10.42.0.34:44797/, http://10.42.0.34:45035/, http://10.42.0.34:40761/]>
06-07 11:54:40.088 I/DefaultPublisher( 3363): Publisher registered: Publisher<PublisherDefinition<PublisherIdentifier<NodeIdentifier</kibo_rpc_api, http://hlp:34580/>, TopicIdentifier</command>>, Topic<TopicIdentifier</command>, TopicDescription<ff_msgs/CommandStamped, ac01350894b1be9e3a7b4f390a14812d>>>>
06-07 11:54:40.279 I/Registrar( 3363): Registering subscriber: Subscriber<Topic<TopicIdentifier</mgt/ack>, TopicDescription<ff_msgs/AckStamped, cebddec69fd770df54633be444a9187d>>>
06-07 11:54:40.859 I/Registrar( 3363): Response<Success, Subscribed to [/mgt/ack], [http://10.42.0.34:44797/]>
06-07 11:54:40.911 I/DefaultSubscriber( 3363): Subscriber registered: Subscriber<Topic<TopicIdentifier</mgt/ack>, TopicDescription<ff_msgs/AckStamped, cebddec69fd770df54633be444a9187d>>>
06-07 11:54:40.924 I/Registrar( 3363): Response<Success, Registered [/GetterNode] as publisher of [/rosout], [http://10.42.0.34:46283/, http://10.42.0.34:40761/]>
06-07 11:54:40.925 I/DefaultPublisher( 3363): Publisher registered: Publisher<PublisherDefinition<PublisherIdentifier<NodeIdentifier</GetterNode, http://hlp:34738/>, TopicIdentifier</rosout>>, Topic<TopicIdentifier</rosout>, TopicDescription<rosgraph_msgs/Log, acffd30cd6b6de30f120938c17c593fb>>>>
06-07 11:54:41.650 W/art     ( 3363): Suspending all threads took: 6.709ms
06-07 11:54:41.795 I/Registrar( 3363): Registering subscriber: Subscriber<Topic<TopicIdentifier</clock>, TopicDescription<rosgraph_msgs/Clock, a9c97c1d230cfc112e270351a944ee47>>>
06-07 11:54:42.310 I/Registrar( 3363): Registering subscriber: Subscriber<Topic<TopicIdentifier</gnc/ekf>, TopicDescription<ff_msgs/EkfState, 543b97822b033d7199b506ad4005f134>>>
06-07 11:54:42.347 W/art     ( 3363): Long monitor contention with owner pool-1-thread-3 (3382) at void gov.nasa.arc.astrobee.ros.internal.RobotNodeMain.onStart(org.ros.node.ConnectedNode)(RobotNodeMain.java:61) waiters=0 in org.ros.message.MessageFactory gov.nasa.arc.astrobee.ros.internal.RobotNodeMain.getTopicMessageFactory() for 3.031s
06-07 11:54:42.359 W/art     ( 3363): Long monitor contention with owner pool-1-thread-3 (3382) at void gov.nasa.arc.astrobee.ros.internal.RobotNodeMain.onStart(org.ros.node.ConnectedNode)(RobotNodeMain.java:61) waiters=1 in void gov.nasa.arc.astrobee.ros.internal.RobotNodeMain$1.onNewSubscriber(org.ros.node.topic.Publisher, org.ros.internal.node.topic.SubscriberIdentifier) for 1.604s
06-07 11:54:42.667 I/Registrar( 3363): Response<Success, Subscribed to [/clock], [http://10.42.0.34:36522/]>
06-07 11:54:42.670 I/DefaultSubscriber( 3363): Subscriber registered: Subscriber<Topic<TopicIdentifier</clock>, TopicDescription<rosgraph_msgs/Clock, a9c97c1d230cfc112e270351a944ee47>>>
06-07 11:54:42.679 D/KiboRpcApi( 3363): GetterNode initialization started.
06-07 11:54:43.024 I/Registrar( 3363): Response<Success, Subscribed to [/gnc/ekf], [http://10.42.0.34:42499/]>
06-07 11:54:43.027 I/DefaultSubscriber( 3363): Subscriber registered: Subscriber<Topic<TopicIdentifier</gnc/ekf>, TopicDescription<ff_msgs/EkfState, 543b97822b033d7199b506ad4005f134>>>
06-07 11:54:43.139 W/art     ( 3363): Suspending all threads took: 10.762ms
06-07 11:54:45.247 W/art     ( 3363): Long monitor contention with owner New I/O  worker #21 (3460) at boolean org.ros.concurrent.CircularBlockingDeque.addLast(java.lang.Object)(CircularBlockingDeque.java:72) waiters=1 in void java.lang.Object.wait!() for 115ms
06-07 11:54:45.301 W/art     ( 3363): Long monitor contention with owner New I/O  worker #17 (3416) at boolean org.ros.concurrent.CircularBlockingDeque.addLast(java.lang.Object)(CircularBlockingDeque.java:72) waiters=1 in void java.lang.Object.wait!() for 174ms
06-07 11:54:45.667 I/Registrar( 3363): Registering subscriber: Subscriber<Topic<TopicIdentifier</gnc/ekf_noise>, TopicDescription<ff_msgs/EkfState, 543b97822b033d7199b506ad4005f134>>>
06-07 11:54:46.071 I/art     ( 3287): Background sticky concurrent mark sweep GC freed 111287(3MB) AllocSpace objects, 14(272KB) LOS objects, 36% free, 7MB/11MB, paused 1.955ms total 174.310ms
06-07 11:54:46.328 W/art     ( 3363): Suspending all threads took: 15.594ms
06-07 11:54:46.686 I/Registrar( 3363): Registering subscriber: Subscriber<Topic<TopicIdentifier</hw/imu>, TopicDescription<sensor_msgs/Imu, 6a62c6daae103f4ff57a132d6f95cec2>>>
06-07 11:54:46.827 I/Registrar( 3363): Response<Success, Subscribed to [/gnc/ekf_noise], [http://10.42.0.34:42499/]>
06-07 11:54:47.003 I/DefaultSubscriber( 3363): Subscriber registered: Subscriber<Topic<TopicIdentifier</gnc/ekf_noise>, TopicDescription<ff_msgs/EkfState, 543b97822b033d7199b506ad4005f134>>>
06-07 11:54:47.456 I/Registrar( 3363): Registering subscriber: Subscriber<Topic<TopicIdentifier</hw/cam_nav>, TopicDescription<sensor_msgs/Image, 060021388200f6f0f447d0fcd9c64743>>>
06-07 11:54:47.498 I/Registrar( 3363): Response<Success, Subscribed to [/hw/imu], [http://10.42.0.34:36522/]>
06-07 11:54:47.685 I/DefaultSubscriber( 3363): Subscriber registered: Subscriber<Topic<TopicIdentifier</hw/imu>, TopicDescription<sensor_msgs/Imu, 6a62c6daae103f4ff57a132d6f95cec2>>>
06-07 11:54:48.231 I/Registrar( 3363): Registering subscriber: Subscriber<Topic<TopicIdentifier</hw/cam_dock>, TopicDescription<sensor_msgs/Image, 060021388200f6f0f447d0fcd9c64743>>>
06-07 11:54:48.739 I/Registrar( 3363): Response<Success, Subscribed to [/hw/cam_nav], [http://10.42.0.34:36522/]>
06-07 11:54:49.078 I/DefaultSubscriber( 3363): Subscriber registered: Subscriber<Topic<TopicIdentifier</hw/cam_nav>, TopicDescription<sensor_msgs/Image, 060021388200f6f0f447d0fcd9c64743>>>
06-07 11:54:49.177 W/art     ( 3363): Suspending all threads took: 89.046ms
06-07 11:54:49.661 I/Registrar( 3363): Response<Success, Subscribed to [/hw/cam_dock], [http://10.42.0.34:36522/]>
06-07 11:54:49.795 I/DefaultSubscriber( 3363): Subscriber registered: Subscriber<Topic<TopicIdentifier</hw/cam_dock>, TopicDescription<sensor_msgs/Image, 060021388200f6f0f447d0fcd9c64743>>>
06-07 11:54:49.898 I/Registrar( 3363): Registering subscriber: Subscriber<Topic<TopicIdentifier</hw/depth_haz/points>, TopicDescription<sensor_msgs/PointCloud2, 1158d486dd51d683ce2f1be655c3c181>>>
06-07 11:54:49.999 W/art     ( 3363): Long monitor contention with owner New I/O  worker #21 (3460) at boolean org.ros.concurrent.CircularBlockingDeque.addLast(java.lang.Object)(CircularBlockingDeque.java:72) waiters=1 in void java.lang.Object.wait!() for 103ms
06-07 11:54:51.288 I/Registrar( 3363): Response<Success, Subscribed to [/hw/depth_haz/points], [http://10.42.0.34:36522/]>
06-07 11:54:51.290 I/DefaultSubscriber( 3363): Subscriber registered: Subscriber<Topic<TopicIdentifier</hw/depth_haz/points>, TopicDescription<sensor_msgs/PointCloud2, 1158d486dd51d683ce2f1be655c3c181>>>
06-07 11:54:52.005 I/Registrar( 3363): Registering subscriber: Subscriber<Topic<TopicIdentifier</hw/depth_perch/points>, TopicDescription<sensor_msgs/PointCloud2, 1158d486dd51d683ce2f1be655c3c181>>>
06-07 11:54:52.126 W/art     ( 3363): Suspending all threads took: 6.042ms
06-07 11:54:52.362 W/art     ( 3363): Long monitor contention with owner New I/O  worker #9 (3421) at boolean org.ros.concurrent.CircularBlockingDeque.addLast(java.lang.Object)(CircularBlockingDeque.java:72) waiters=1 in void java.lang.Object.wait!() for 236ms
06-07 11:54:52.678 W/art     ( 3363): Long monitor contention with owner New I/O  worker #21 (3460) at boolean org.ros.concurrent.CircularBlockingDeque.addLast(java.lang.Object)(CircularBlockingDeque.java:72) waiters=1 in void java.lang.Object.wait!() for 117ms
06-07 11:54:52.801 I/art     ( 3363): Do partial code cache collection, code=12KB, data=29KB
06-07 11:54:52.985 I/art     ( 3363): After code cache collection, code=12KB, data=29KB
06-07 11:54:52.986 I/art     ( 3363): Increasing code cache capacity to 128KB
06-07 11:54:53.525 I/Registrar( 3363): Response<Success, Subscribed to [/hw/depth_perch/points], [http://10.42.0.34:36522/]>
06-07 11:54:53.528 I/DefaultSubscriber( 3363): Subscriber registered: Subscriber<Topic<TopicIdentifier</hw/depth_perch/points>, TopicDescription<sensor_msgs/PointCloud2, 1158d486dd51d683ce2f1be655c3c181>>>
06-07 11:54:53.577 I/Registrar( 3363): Registering subscriber: Subscriber<Topic<TopicIdentifier</beh/dock/state>, TopicDescription<ff_msgs/DockState, 09d842ed9109dbc2bf96976f8fb2eaa5>>>
06-07 11:54:53.873 W/art     ( 3363): Suspending all threads took: 8.010ms
06-07 11:54:54.656 W/art     ( 3363): Long monitor contention with owner New I/O  worker #25 (3478) at boolean org.ros.concurrent.CircularBlockingDeque.addLast(java.lang.Object)(CircularBlockingDeque.java:72) waiters=1 in void java.lang.Object.wait!() for 103ms
06-07 11:54:55.258 D/KiboRpcApi( 3363): GetterNode initialization succeeded.
06-07 11:54:55.767 W/art     ( 3363): Long monitor contention with owner pool-1-thread-33 (3453) at java.lang.Class java.lang.reflect.Proxy.getProxyClass0(java.lang.ClassLoader, java.lang.Class[])(Proxy.java:481) waiters=0 in java.lang.Class java.lang.reflect.Proxy.getProxyClass0(java.lang.ClassLoader, java.lang.Class[]) for 112ms
06-07 11:54:56.263 I/Registrar( 3363): Response<Success, Subscribed to [/beh/dock/state], [http://10.42.0.34:45486/]>
06-07 11:54:56.270 I/DefaultSubscriber( 3363): Subscriber registered: Subscriber<Topic<TopicIdentifier</beh/dock/state>, TopicDescription<ff_msgs/DockState, 09d842ed9109dbc2bf96976f8fb2eaa5>>>
06-07 11:54:59.543 W/art     ( 3363): Suspending all threads took: 14.642ms
06-07 11:55:01.239 W/art     ( 3363): Long monitor contention with owner New I/O  worker #17 (3416) at boolean org.ros.concurrent.CircularBlockingDeque.addLast(java.lang.Object)(CircularBlockingDeque.java:72) waiters=1 in void java.lang.Object.wait!() for 202ms
06-07 11:55:01.283 W/art     ( 3363): Long monitor contention with owner New I/O  worker #29 (3485) at boolean org.ros.concurrent.CircularBlockingDeque.addLast(java.lang.Object)(CircularBlockingDeque.java:72) waiters=1 in void java.lang.Object.wait!() for 891ms
06-07 11:55:02.025 W/art     ( 3363): Suspending all threads took: 38.691ms
06-07 11:55:02.270 W/art     ( 3363): Long monitor contention with owner New I/O  worker #17 (3416) at boolean org.ros.concurrent.CircularBlockingDeque.addLast(java.lang.Object)(CircularBlockingDeque.java:72) waiters=1 in void java.lang.Object.wait!() for 142ms
06-07 11:55:02.351 W/art     ( 3363): Long monitor contention with owner New I/O  worker #9 (3421) at boolean org.ros.concurrent.CircularBlockingDeque.addLast(java.lang.Object)(CircularBlockingDeque.java:72) waiters=1 in void java.lang.Object.wait!() for 112ms
06-07 11:55:02.655 W/art     ( 3363): Long monitor contention with owner New I/O  worker #17 (3416) at boolean org.ros.concurrent.CircularBlockingDeque.addLast(java.lang.Object)(CircularBlockingDeque.java:72) waiters=1 in void java.lang.Object.wait!() for 329ms
06-07 11:55:02.864 W/art     ( 3363): Long monitor contention with owner New I/O  worker #25 (3478) at boolean org.ros.concurrent.CircularBlockingDeque.addLast(java.lang.Object)(CircularBlockingDeque.java:72) waiters=1 in void java.lang.Object.wait!() for 117ms
06-07 11:55:02.898 W/art     ( 3363): Long monitor contention with owner New I/O  worker #45 (3512) at boolean org.ros.concurrent.CircularBlockingDeque.addLast(java.lang.Object)(CircularBlockingDeque.java:72) waiters=1 in void java.lang.Object.wait!() for 217ms
06-07 11:55:03.226 W/art     ( 3363): Long monitor contention with owner pool-3-thread-47 (3504) at java.lang.ref.Reference java.lang.ref.ReferenceQueue.poll()(ReferenceQueue.java:-1) waiters=0 in java.lang.Class java.lang.reflect.Proxy.getProxyClass0(java.lang.ClassLoader, java.lang.Class[]) for 139ms
06-07 11:55:03.309 W/art     ( 3363): Long monitor contention with owner New I/O  worker #17 (3416) at boolean org.ros.concurrent.CircularBlockingDeque.addLast(java.lang.Object)(CircularBlockingDeque.java:72) waiters=1 in void java.lang.Object.wait!() for 379ms
06-07 11:55:04.540 W/art     ( 3363): Suspending all threads took: 72.248ms
06-07 11:55:06.940 W/art     ( 3363): Long monitor contention with owner New I/O  worker #17 (3416) at boolean org.ros.concurrent.CircularBlockingDeque.addLast(java.lang.Object)(CircularBlockingDeque.java:72) waiters=1 in void java.lang.Object.wait!() for 111ms
06-07 11:55:10.568 W/art     ( 3363): Long monitor contention with owner pool-1-thread-15 (3402) at java.lang.Class java.lang.reflect.Proxy.getProxyClass0(java.lang.ClassLoader, java.lang.Class[])(Proxy.java:481) waiters=2 in java.lang.Class java.lang.reflect.Proxy.getProxyClass0(java.lang.ClassLoader, java.lang.Class[]) for 368ms
06-07 11:55:10.643 W/art     ( 3363): Long monitor contention with owner New I/O  worker #21 (3460) at boolean org.ros.concurrent.CircularBlockingDeque.addLast(java.lang.Object)(CircularBlockingDeque.java:72) waiters=1 in void java.lang.Object.wait!() for 133ms
06-07 11:55:11.315 W/art     ( 3363): Long monitor contention with owner New I/O  worker #9 (3421) at boolean org.ros.concurrent.CircularBlockingDeque.addLast(java.lang.Object)(CircularBlockingDeque.java:72) waiters=1 in void java.lang.Object.wait!() for 284ms
06-07 11:55:12.320 I/art     ( 3287): Background sticky concurrent mark sweep GC freed 152294(3MB) AllocSpace objects, 0(0B) LOS objects, 35% free, 7MB/11MB, paused 3.734ms total 272.274ms
06-07 11:55:13.866 W/art     ( 3363): Long monitor contention with owner New I/O  worker #21 (3460) at boolean org.ros.concurrent.CircularBlockingDeque.addLast(java.lang.Object)(CircularBlockingDeque.java:72) waiters=1 in void java.lang.Object.wait!() for 328ms
06-07 11:55:13.878 W/art     ( 3363): Long monitor contention with owner New I/O  worker #25 (3478) at boolean org.ros.concurrent.CircularBlockingDeque.addLast(java.lang.Object)(CircularBlockingDeque.java:72) waiters=1 in void java.lang.Object.wait!() for 328ms
06-07 11:55:13.880 W/art     ( 3363): Long monitor contention with owner New I/O  worker #9 (3421) at boolean org.ros.concurrent.CircularBlockingDeque.addLast(java.lang.Object)(CircularBlockingDeque.java:72) waiters=1 in void java.lang.Object.wait!() for 313ms
06-07 11:55:13.926 W/art     ( 3363): Long monitor contention with owner pool-3-thread-46 (3503) at java.lang.Class java.lang.reflect.Proxy.getProxyClass0(java.lang.ClassLoader, java.lang.Class[])(Proxy.java:457) waiters=0 in java.lang.Class java.lang.reflect.Proxy.getProxyClass0(java.lang.ClassLoader, java.lang.Class[]) for 311ms
06-07 11:55:13.963 W/art     ( 3363): Long monitor contention with owner pool-3-thread-45 (3502) at java.lang.Class java.lang.reflect.Proxy.getProxyClass0(java.lang.ClassLoader, java.lang.Class[])(Proxy.java:481) waiters=0 in java.lang.Class java.lang.reflect.Proxy.getProxyClass0(java.lang.ClassLoader, java.lang.Class[]) for 425ms
06-07 11:55:14.003 W/art     ( 3363): Long monitor contention with owner pool-3-thread-45 (3502) at java.lang.Class java.lang.reflect.Proxy.getProxyClass0(java.lang.ClassLoader, java.lang.Class[])(Proxy.java:481) waiters=2 in java.lang.Class java.lang.reflect.Proxy.getProxyClass0(java.lang.ClassLoader, java.lang.Class[]) for 462ms
06-07 11:55:14.004 W/art     ( 3363): Long monitor contention with owner pool-3-thread-45 (3502) at java.lang.Class java.lang.reflect.Proxy.getProxyClass0(java.lang.ClassLoader, java.lang.Class[])(Proxy.java:481) waiters=3 in java.lang.Class java.lang.reflect.Proxy.getProxyClass0(java.lang.ClassLoader, java.lang.Class[]) for 465ms
06-07 11:55:14.017 W/art     ( 3363): Long monitor contention with owner pool-3-thread-46 (3503) at java.lang.Class java.lang.reflect.Proxy.getProxyClass0(java.lang.ClassLoader, java.lang.Class[])(Proxy.java:457) waiters=1 in java.lang.Class java.lang.reflect.Proxy.getProxyClass0(java.lang.ClassLoader, java.lang.Class[]) for 156ms
06-07 11:55:14.057 W/art     ( 3363): Long monitor contention with owner pool-3-thread-45 (3502) at java.lang.Class java.lang.reflect.Proxy.getProxyClass0(java.lang.ClassLoader, java.lang.Class[])(Proxy.java:481) waiters=1 in java.lang.Class java.lang.reflect.Proxy.getProxyClass0(java.lang.ClassLoader, java.lang.Class[]) for 518ms
06-07 11:55:16.410 W/art     ( 3363): Suspending all threads took: 36.869ms
06-07 11:55:16.464 W/art     ( 3363): Long monitor contention with owner New I/O  worker #25 (3478) at boolean org.ros.concurrent.CircularBlockingDeque.addLast(java.lang.Object)(CircularBlockingDeque.java:72) waiters=1 in void java.lang.Object.wait!() for 226ms
06-07 11:55:17.135 W/art     ( 3363): Long monitor contention with owner pool-3-thread-45 (3502) at java.lang.Class java.lang.reflect.Proxy.getProxyClass0(java.lang.ClassLoader, java.lang.Class[])(Proxy.java:481) waiters=2 in java.lang.Class java.lang.reflect.Proxy.getProxyClass0(java.lang.ClassLoader, java.lang.Class[]) for 116ms
06-07 11:55:18.304 W/art     ( 3363): Suspending all threads took: 12.319ms
06-07 11:55:18.667 D/[moveTo]: ( 3363): start 11.21,-9.8,4.79 | 0.0,0.0,-0.707,0.707  _Time_: 6
06-07 11:55:21.686 W/art     ( 3363): Suspending all threads took: 5.794ms
06-07 11:55:21.828 W/art     ( 3363): Long monitor contention with owner pool-1-thread-15 (3402) at java.lang.Class java.lang.reflect.Proxy.getProxyClass0(java.lang.ClassLoader, java.lang.Class[])(Proxy.java:457) waiters=2 in java.lang.Class java.lang.reflect.Proxy.getProxyClass0(java.lang.ClassLoader, java.lang.Class[]) for 101ms
06-07 11:55:21.994 I/KiboRpcApi( 3363): [printLogCommandResult] Command status: OK(1)
06-07 11:55:21.994 I/KiboRpcApi( 3363): Done
06-07 11:55:21.995 I/KiboRpcApi( 3363): [setPlanner] Planner is set to trapezoidal
06-07 11:55:21.995 I/KiboRpcApi( 3363): [moveTo] Planner is set to trapezoidal.
06-07 11:55:22.367 W/art     ( 3363): Long monitor contention with owner pool-1-thread-18 (3411) at java.nio.channels.Selector sun.nio.ch.PollSelectorImpl.wakeup()(PollSelectorImpl.java:103) waiters=0 in int sun.nio.ch.PollSelectorImpl.doSelect(long) for 194ms
06-07 11:55:22.606 W/art     ( 3363): Long monitor contention with owner pool-1-thread-33 (3453) at java.lang.Class java.lang.reflect.Proxy.getProxyClass0(java.lang.ClassLoader, java.lang.Class[])(Proxy.java:481) waiters=1 in java.lang.Class java.lang.reflect.Proxy.getProxyClass0(java.lang.ClassLoader, java.lang.Class[]) for 260ms
06-07 11:55:22.936 I/KiboRpcApi( 3363): [printLogCommandResult] Command status: OK(1)
06-07 11:55:22.975 I/KiboRpcApi( 3363): Done
06-07 11:55:22.981 I/KiboRpcApi( 3363): [moveTo] Planner is trapezoidal.
06-07 11:55:22.981 I/KiboRpcApi( 3363): [moveTo] Moving the bee.
06-07 11:55:23.568 W/art     ( 3363): Long monitor contention with owner New I/O  worker #9 (3421) at boolean org.ros.concurrent.CircularBlockingDeque.addLast(java.lang.Object)(CircularBlockingDeque.java:72) waiters=1 in void java.lang.Object.wait!() for 135ms
06-07 11:55:24.614 I/KiboRpcApi( 3363): [getCommandResult] Current Position: gov.nasa.arc.astrobee.types.Point[10.255, -9.796, 4.296]
06-07 11:55:24.617 I/KiboRpcApi( 3363): [getCommandResult] Current Orientation: Mat33f::Quaternion{ x=-0.002; y=-0.003; z=0.009; w=1}
06-07 11:55:24.734 W/art     ( 3363): Suspending all threads took: 14.035ms
06-07 11:55:25.778 I/KiboRpcApi( 3363): [getCommandResult] Current Position: gov.nasa.arc.astrobee.types.Point[10.255, -9.821, 4.274]
06-07 11:55:25.895 I/KiboRpcApi( 3363): [getCommandResult] Current Orientation: Mat33f::Quaternion{ x=-0.006; y=0; z=-0.004; w=1}
06-07 11:55:26.100 W/art     ( 3363): Suspending all threads took: 5.385ms
06-07 11:55:27.062 I/KiboRpcApi( 3363): [getCommandResult] Current Position: gov.nasa.arc.astrobee.types.Point[10.263, -9.814, 4.314]
06-07 11:55:27.063 I/KiboRpcApi( 3363): [getCommandResult] Current Orientation: Mat33f::Quaternion{ x=-0.003; y=-0.005; z=-0.008; w=1}
06-07 11:55:27.335 W/art     ( 3363): Long monitor contention with owner New I/O  worker #21 (3460) at boolean org.ros.concurrent.CircularBlockingDeque.addLast(java.lang.Object)(CircularBlockingDeque.java:72) waiters=1 in void java.lang.Object.wait!() for 213ms
06-07 11:55:27.655 W/art     ( 3363): Long monitor contention with owner New I/O  worker #25 (3478) at boolean org.ros.concurrent.CircularBlockingDeque.addLast(java.lang.Object)(CircularBlockingDeque.java:72) waiters=1 in void java.lang.Object.wait!() for 187ms
06-07 11:55:28.109 I/KiboRpcApi( 3363): [getCommandResult] Current Position: gov.nasa.arc.astrobee.types.Point[10.292, -9.803, 4.301]
06-07 11:55:28.124 I/KiboRpcApi( 3363): [getCommandResult] Current Orientation: Mat33f::Quaternion{ x=0.005; y=0.004; z=-0.001; w=1}
06-07 11:55:28.735 W/art     ( 3363): Long monitor contention with owner New I/O  worker #21 (3460) at boolean org.ros.concurrent.CircularBlockingDeque.addLast(java.lang.Object)(CircularBlockingDeque.java:72) waiters=1 in void java.lang.Object.wait!() for 203ms
06-07 11:55:29.169 I/KiboRpcApi( 3363): [getCommandResult] Current Position: gov.nasa.arc.astrobee.types.Point[10.284, -9.803, 4.294]
06-07 11:55:29.170 I/KiboRpcApi( 3363): [getCommandResult] Current Orientation: Mat33f::Quaternion{ x=-0.009; y=0.001; z=0.001; w=1}
06-07 11:55:29.295 W/art     ( 3363): Suspending all threads took: 19.025ms
06-07 11:55:29.445 W/art     ( 3363): Long monitor contention with owner pool-3-thread-49 (3507) at java.lang.Class java.lang.reflect.Proxy.getProxyClass0(java.lang.ClassLoader, java.lang.Class[])(Proxy.java:457) waiters=0 in java.lang.Class java.lang.reflect.Proxy.getProxyClass0(java.lang.ClassLoader, java.lang.Class[]) for 126ms
06-07 11:55:29.731 W/art     ( 3363): Long monitor contention with owner pool-3-thread-11 (3441) at boolean org.ros.concurrent.CircularBlockingDeque.addLast(java.lang.Object)(CircularBlockingDeque.java:72) waiters=1 in void java.lang.Object.wait!() for 294ms
06-07 11:55:30.212 I/KiboRpcApi( 3363): [getCommandResult] Current Position: gov.nasa.arc.astrobee.types.Point[10.281, -9.794, 4.303]
06-07 11:55:30.247 I/KiboRpcApi( 3363): [getCommandResult] Current Orientation: Mat33f::Quaternion{ x=0.005; y=-0.005; z=0.004; w=1}
06-07 11:55:30.441 W/art     ( 3363): Long monitor contention with owner New I/O  worker #21 (3460) at boolean org.ros.concurrent.CircularBlockingDeque.addLast(java.lang.Object)(CircularBlockingDeque.java:72) waiters=1 in void java.lang.Object.wait!() for 180ms
06-07 11:55:31.296 I/KiboRpcApi( 3363): [getCommandResult] Current Position: gov.nasa.arc.astrobee.types.Point[10.261, -9.814, 4.27]
06-07 11:55:31.297 I/KiboRpcApi( 3363): [getCommandResult] Current Orientation: Mat33f::Quaternion{ x=0.002; y=0.001; z=0.009; w=1}
06-07 11:55:32.273 W/art     ( 3363): Long monitor contention with owner New I/O  worker #9 (3421) at boolean org.ros.concurrent.CircularBlockingDeque.addLast(java.lang.Object)(CircularBlockingDeque.java:72) waiters=1 in void java.lang.Object.wait!() for 321ms
06-07 11:55:32.336 I/KiboRpcApi( 3363): [getCommandResult] Current Position: gov.nasa.arc.astrobee.types.Point[10.317, -9.805, 4.305]
06-07 11:55:32.336 I/KiboRpcApi( 3363): [getCommandResult] Current Orientation: Mat33f::Quaternion{ x=0.001; y=0.009; z=0.004; w=1}
06-07 11:55:32.370 W/art     ( 3363): Suspending all threads took: 27.524ms
06-07 11:55:33.375 I/KiboRpcApi( 3363): [getCommandResult] Current Position: gov.nasa.arc.astrobee.types.Point[10.257, -9.814, 4.275]
06-07 11:55:33.376 I/KiboRpcApi( 3363): [getCommandResult] Current Orientation: Mat33f::Quaternion{ x=0; y=-0.001; z=0.005; w=1}
06-07 11:55:34.413 I/KiboRpcApi( 3363): [getCommandResult] Current Position: gov.nasa.arc.astrobee.types.Point[10.268, -9.808, 4.293]
06-07 11:55:34.414 I/KiboRpcApi( 3363): [getCommandResult] Current Orientation: Mat33f::Quaternion{ x=-0; y=-0.003; z=-0.003; w=1}
06-07 11:55:35.544 I/KiboRpcApi( 3363): [getCommandResult] Current Position: gov.nasa.arc.astrobee.types.Point[10.268, -9.808, 4.293]
06-07 11:55:35.546 I/KiboRpcApi( 3363): [getCommandResult] Current Orientation: Mat33f::Quaternion{ x=-0; y=-0.003; z=-0.003; w=1}
06-07 11:55:36.587 I/KiboRpcApi( 3363): [getCommandResult] Current Position: gov.nasa.arc.astrobee.types.Point[10.315, -9.817, 4.324]
06-07 11:55:36.602 I/KiboRpcApi( 3363): [getCommandResult] Current Orientation: Mat33f::Quaternion{ x=-0.011; y=-0.002; z=-0.09; w=0.996}
06-07 11:55:36.629 I/art     ( 3287): Background sticky concurrent mark sweep GC freed 148633(3MB) AllocSpace objects, 0(0B) LOS objects, 35% free, 7MB/11MB, paused 6.636ms total 339.862ms
06-07 11:55:37.045 W/art     ( 3363): Suspending all threads took: 6.778ms
06-07 11:55:37.572 W/art     ( 3363): Long monitor contention with owner New I/O  worker #25 (3478) at boolean org.ros.concurrent.CircularBlockingDeque.addLast(java.lang.Object)(CircularBlockingDeque.java:72) waiters=1 in void java.lang.Object.wait!() for 142ms
06-07 11:55:37.650 I/KiboRpcApi( 3363): [getCommandResult] Current Position: gov.nasa.arc.astrobee.types.Point[10.293, -9.784, 4.328]
06-07 11:55:37.651 I/KiboRpcApi( 3363): [getCommandResult] Current Orientation: Mat33f::Quaternion{ x=0.005; y=-0.002; z=-0.104; w=0.995}
06-07 11:55:37.701 W/art     ( 3363): Long monitor contention with owner New I/O  worker #9 (3421) at boolean org.ros.concurrent.CircularBlockingDeque.addLast(java.lang.Object)(CircularBlockingDeque.java:72) waiters=1 in void java.lang.Object.wait!() for 322ms
06-07 11:55:38.702 I/KiboRpcApi( 3363): [getCommandResult] Current Position: gov.nasa.arc.astrobee.types.Point[10.32, -9.782, 4.344]
06-07 11:55:38.720 I/KiboRpcApi( 3363): [getCommandResult] Current Orientation: Mat33f::Quaternion{ x=-0.009; y=-0.005; z=-0.138; w=0.99}
06-07 11:55:39.264 W/art     ( 3363): Long monitor contention with owner New I/O  worker #29 (3485) at boolean org.ros.concurrent.CircularBlockingDeque.addLast(java.lang.Object)(CircularBlockingDeque.java:72) waiters=0 in java.lang.Object org.ros.concurrent.CircularBlockingDeque.takeFirst() for 165ms
06-07 11:55:39.621 W/art     ( 3363): Suspending all threads took: 6.263ms
06-07 11:55:39.841 I/KiboRpcApi( 3363): [getCommandResult] Current Position: gov.nasa.arc.astrobee.types.Point[10.354, -9.765, 4.333]
06-07 11:55:39.875 I/KiboRpcApi( 3363): [getCommandResult] Current Orientation: Mat33f::Quaternion{ x=-0.008; y=-0.007; z=-0.17; w=0.985}
06-07 11:55:40.915 I/KiboRpcApi( 3363): [getCommandResult] Current Position: gov.nasa.arc.astrobee.types.Point[10.48, -9.813, 4.413]
06-07 11:55:40.918 I/KiboRpcApi( 3363): [getCommandResult] Current Orientation: Mat33f::Quaternion{ x=-0.006; y=0.008; z=-0.243; w=0.97}
06-07 11:55:41.026 W/art     ( 3363): Suspending all threads took: 14.717ms
06-07 11:55:41.841 W/art     ( 3363): Long monitor contention with owner New I/O  worker #17 (3416) at boolean org.ros.concurrent.CircularBlockingDeque.addLast(java.lang.Object)(CircularBlockingDeque.java:72) waiters=1 in void java.lang.Object.wait!() for 208ms
06-07 11:55:41.956 I/KiboRpcApi( 3363): [getCommandResult] Current Position: gov.nasa.arc.astrobee.types.Point[10.511, -9.796, 4.407]
06-07 11:55:42.029 I/KiboRpcApi( 3363): [getCommandResult] Current Orientation: Mat33f::Quaternion{ x=-0.002; y=0.002; z=-0.29; w=0.957}
06-07 11:55:42.668 W/art     ( 3363): Suspending all threads took: 6.425ms
06-07 11:55:43.000 W/art     ( 3363): Long monitor contention with owner New I/O  worker #21 (3460) at boolean org.ros.concurrent.CircularBlockingDeque.addLast(java.lang.Object)(CircularBlockingDeque.java:72) waiters=1 in void java.lang.Object.wait!() for 121ms
06-07 11:55:43.067 I/KiboRpcApi( 3363): [getCommandResult] Current Position: gov.nasa.arc.astrobee.types.Point[10.62, -9.853, 4.475]
06-07 11:55:43.068 I/KiboRpcApi( 3363): [getCommandResult] Current Orientation: Mat33f::Quaternion{ x=-0.007; y=-0.002; z=-0.322; w=0.947}
06-07 11:55:44.110 I/KiboRpcApi( 3363): [getCommandResult] Current Position: gov.nasa.arc.astrobee.types.Point[10.63, -9.789, 4.461]
06-07 11:55:44.110 I/KiboRpcApi( 3363): [getCommandResult] Current Orientation: Mat33f::Quaternion{ x=-0.01; y=0.004; z=-0.332; w=0.943}
06-07 11:55:45.299 I/KiboRpcApi( 3363): [getCommandResult] Current Position: gov.nasa.arc.astrobee.types.Point[10.728, -9.779, 4.545]
06-07 11:55:45.300 I/KiboRpcApi( 3363): [getCommandResult] Current Orientation: Mat33f::Quaternion{ x=-0.004; y=0.003; z=-0.375; w=0.927}
06-07 11:55:46.335 I/KiboRpcApi( 3363): [getCommandResult] Current Position: gov.nasa.arc.astrobee.types.Point[10.751, -9.826, 4.587]
06-07 11:55:46.347 I/KiboRpcApi( 3363): [getCommandResult] Current Orientation: Mat33f::Quaternion{ x=-0.002; y=-0.004; z=-0.392; w=0.92}
06-07 11:55:47.220 W/art     ( 3363): Long monitor contention with owner New I/O  worker #25 (3478) at boolean org.ros.concurrent.CircularBlockingDeque.addLast(java.lang.Object)(CircularBlockingDeque.java:72) waiters=1 in void java.lang.Object.wait!() for 263ms
06-07 11:55:47.388 I/KiboRpcApi( 3363): [getCommandResult] Current Position: gov.nasa.arc.astrobee.types.Point[10.751, -9.826, 4.587]
06-07 11:55:47.389 I/KiboRpcApi( 3363): [getCommandResult] Current Orientation: Mat33f::Quaternion{ x=-0.002; y=-0.004; z=-0.392; w=0.92}
06-07 11:55:47.643 I/KiboRpcApi( 3363): [printLogCommandResult] Command status: OK(1)
06-07 11:55:47.643 I/KiboRpcApi( 3363): Done
06-07 11:55:47.643 D/[moveTo]: ( 3363): finished  _Time_: 28982
06-07 11:55:47.698 D/[qrEvent]: ( 3363): start  _Time_: 29021
06-07 11:55:47.756 D/[qrEvent]: ( 3363): loopCount 0  _Time_: 29095
06-07 11:55:47.756 D/[setFlashOn]: ( 3363): start  _Time_: 29096
06-07 11:55:48.246 W/art     ( 3363): Long monitor contention with owner New I/O  worker #21 (3460) at boolean org.ros.concurrent.CircularBlockingDeque.addLast(java.lang.Object)(CircularBlockingDeque.java:72) waiters=1 in void java.lang.Object.wait!() for 221ms
06-07 11:55:48.620 I/KiboRpcApi( 3363): [printLogCommandResult] Command status: OK(1)
06-07 11:55:48.673 I/KiboRpcApi( 3363): Done
06-07 11:55:48.751 D/[setFlashOn]: ( 3363): brightness = 0.33  _Time_: 30090
06-07 11:55:48.751 D/[wait]: ( 3363): start  _Time_: 30090
06-07 11:55:48.858 D/[wait]: ( 3363): waiting for 500 ms  _Time_: 30197
06-07 11:55:49.403 D/[setFlashOn]: ( 3363): done  _Time_: 30742
06-07 11:55:49.403 D/[qrEvent]: ( 3363): reading qr code  _Time_: 30743
06-07 11:55:49.403 D/[wait]: ( 3363): start  _Time_: 30743
06-07 11:55:49.404 D/[wait]: ( 3363): waiting for 18000 ms  _Time_: 30743
06-07 11:55:49.448 W/art     ( 3363): Suspending all threads took: 28.125ms
