06-07 11:47:44.019 E/Hyphenator( 1326): error loading hyphenation /system/usr/hyphen-data/hyph-hr.hyb
06-07 11:47:44.019 E/Hyphenator( 1326): java.io.FileNotFoundException: /system/usr/hyphen-data/hyph-hr.hyb: open failed: ENOENT (No such file or directory)
06-07 11:47:44.019 E/Hyphenator( 1326): 	at libcore.io.IoBridge.open(IoBridge.java:455)
06-07 11:47:44.019 E/Hyphenator( 1326): 	at java.io.RandomAccessFile.<init>(RandomAccessFile.java:247)
06-07 11:47:44.019 E/Hyphenator( 1326): 	at android.text.Hyphenator.loadHyphenator(Hyphenator.java:118)
06-07 11:47:44.019 E/Hyphenator( 1326): 	at android.text.Hyphenator.init(Hyphenator.java:224)
06-07 11:47:44.019 E/Hyphenator( 1326): 	at com.android.internal.os.ZygoteInit.preloadTextResources(ZygoteInit.java:252)
06-07 11:47:44.019 E/Hyphenator( 1326): 	at com.android.internal.os.ZygoteInit.preload(ZygoteInit.java:206)
06-07 11:47:44.019 E/Hyphenator( 1326): 	at com.android.internal.os.ZygoteInit.main(ZygoteInit.java:743)
06-07 11:47:44.019 E/Hyphenator( 1326): Caused by: android.system.ErrnoException: open failed: ENOENT (No such file or directory)
06-07 11:47:44.019 E/Hyphenator( 1326): 	at libcore.io.Posix.open(Native Method)
06-07 11:47:44.019 E/Hyphenator( 1326): 	at libcore.io.BlockGuardOs.open(BlockGuardOs.java:187)
06-07 11:47:44.019 E/Hyphenator( 1326): 	at libcore.io.IoBridge.open(IoBridge.java:441)
06-07 11:47:44.019 E/Hyphenator( 1326): 	... 6 more
06-07 11:47:44.038 I/Zygote  ( 1325): Warmed up JCA providers in 586ms.
06-07 11:47:44.038 D/Zygote  ( 1325): end preload
06-07 11:47:44.039 I/art     ( 1325): Starting a blocking GC Explicit
06-07 11:47:44.073 E/Hyphenator( 1326): error loading hyphenation /system/usr/hyphen-data/hyph-hu.hyb
06-07 11:47:44.073 E/Hyphenator( 1326): java.io.FileNotFoundException: /system/usr/hyphen-data/hyph-hu.hyb: open failed: ENOENT (No such file or directory)
06-07 11:47:44.073 E/Hyphenator( 1326): 	at libcore.io.IoBridge.open(IoBridge.java:455)
06-07 11:47:44.073 E/Hyphenator( 1326): 	at java.io.RandomAccessFile.<init>(RandomAccessFile.java:247)
06-07 11:47:44.073 E/Hyphenator( 1326): 	at android.text.Hyphenator.loadHyphenator(Hyphenator.java:118)
06-07 11:47:44.073 E/Hyphenator( 1326): 	at android.text.Hyphenator.init(Hyphenator.java:224)
06-07 11:47:44.073 E/Hyphenator( 1326): 	at com.android.internal.os.ZygoteInit.preloadTextResources(ZygoteInit.java:252)
06-07 11:47:44.073 E/Hyphenator( 1326): 	at com.android.internal.os.ZygoteInit.preload(ZygoteInit.java:206)
06-07 11:47:44.073 E/Hyphenator( 1326): 	at com.android.internal.os.ZygoteInit.main(ZygoteInit.java:743)
06-07 11:47:44.073 E/Hyphenator( 1326): Caused by: android.system.ErrnoException: open failed: ENOENT (No such file or directory)
06-07 11:47:44.073 E/Hyphenator( 1326): 	at libcore.io.Posix.open(Native Method)
06-07 11:47:44.073 E/Hyphenator( 1326): 	at libcore.io.BlockGuardOs.open(BlockGuardOs.java:187)
06-07 11:47:44.073 E/Hyphenator( 1326): 	at libcore.io.IoBridge.open(IoBridge.java:441)
06-07 11:47:44.073 E/Hyphenator( 1326): 	... 6 more
06-07 11:47:44.075 E/Hyphenator( 1326): error loading hyphenation /system/usr/hyphen-data/hyph-hy.hyb
06-07 11:47:44.075 E/Hyphenator( 1326): java.io.FileNotFoundException: /system/usr/hyphen-data/hyph-hy.hyb: open failed: ENOENT (No such file or directory)
06-07 11:47:44.075 E/Hyphenator( 1326): 	at libcore.io.IoBridge.open(IoBridge.java:455)
06-07 11:47:44.075 E/Hyphenator( 1326): 	at java.io.RandomAccessFile.<init>(RandomAccessFile.java:247)
06-07 11:47:44.075 E/Hyphenator( 1326): 	at android.text.Hyphenator.loadHyphenator(Hyphenator.java:118)
06-07 11:47:44.075 E/Hyphenator( 1326): 	at android.text.Hyphenator.init(Hyphenator.java:224)
06-07 11:47:44.075 E/Hyphenator( 1326): 	at com.android.internal.os.ZygoteInit.preloadTextResources(ZygoteInit.java:252)
06-07 11:47:44.075 E/Hyphenator( 1326): 	at com.android.internal.os.ZygoteInit.preload(ZygoteInit.java:206)
06-07 11:47:44.075 E/Hyphenator( 1326): 	at com.android.internal.os.ZygoteInit.main(ZygoteInit.java:743)
06-07 11:47:44.075 E/Hyphenator( 1326): Caused by: android.system.ErrnoException: open failed: ENOENT (No such file or directory)
06-07 11:47:44.075 E/Hyphenator( 1326): 	at libcore.io.Posix.open(Native Method)
06-07 11:47:44.075 E/Hyphenator( 1326): 	at libcore.io.BlockGuardOs.open(BlockGuardOs.java:187)
06-07 11:47:44.075 E/Hyphenator( 1326): 	at libcore.io.IoBridge.open(IoBridge.java:441)
06-07 11:47:44.075 E/Hyphenator( 1326): 	... 6 more
06-07 11:47:44.076 E/Hyphenator( 1326): error loading hyphenation /system/usr/hyphen-data/hyph-kn.hyb
06-07 11:47:44.076 E/Hyphenator( 1326): java.io.FileNotFoundException: /system/usr/hyphen-data/hyph-kn.hyb: open failed: ENOENT (No such file or directory)
06-07 11:47:44.076 E/Hyphenator( 1326): 	at libcore.io.IoBridge.open(IoBridge.java:455)
06-07 11:47:44.076 E/Hyphenator( 1326): 	at java.io.RandomAccessFile.<init>(RandomAccessFile.java:247)
06-07 11:47:44.076 E/Hyphenator( 1326): 	at android.text.Hyphenator.loadHyphenator(Hyphenator.java:118)
06-07 11:47:44.076 E/Hyphenator( 1326): 	at android.text.Hyphenator.init(Hyphenator.java:224)
06-07 11:47:44.076 E/Hyphenator( 1326): 	at com.android.internal.os.ZygoteInit.preloadTextResources(ZygoteInit.java:252)
06-07 11:47:44.076 E/Hyphenator( 1326): 	at com.android.internal.os.ZygoteInit.preload(ZygoteInit.java:206)
06-07 11:47:44.076 E/Hyphenator( 1326): 	at com.android.internal.os.ZygoteInit.main(ZygoteInit.java:743)
06-07 11:47:44.076 E/Hyphenator( 1326): Caused by: android.system.ErrnoException: open failed: ENOENT (No such file or directory)
06-07 11:47:44.076 E/Hyphenator( 1326): 	at libcore.io.Posix.open(Native Method)
06-07 11:47:44.076 E/Hyphenator( 1326): 	at libcore.io.BlockGuardOs.open(BlockGuardOs.java:187)
06-07 11:47:44.076 E/Hyphenator( 1326): 	at libcore.io.IoBridge.open(IoBridge.java:441)
06-07 11:47:44.076 E/Hyphenator( 1326): 	... 6 more
06-07 11:47:44.078 E/Hyphenator( 1326): error loading hyphenation /system/usr/hyphen-data/hyph-ml.hyb
06-07 11:47:44.078 E/Hyphenator( 1326): java.io.FileNotFoundException: /system/usr/hyphen-data/hyph-ml.hyb: open failed: ENOENT (No such file or directory)
06-07 11:47:44.078 E/Hyphenator( 1326): 	at libcore.io.IoBridge.open(IoBridge.java:455)
06-07 11:47:44.078 E/Hyphenator( 1326): 	at java.io.RandomAccessFile.<init>(RandomAccessFile.java:247)
06-07 11:47:44.078 E/Hyphenator( 1326): 	at android.text.Hyphenator.loadHyphenator(Hyphenator.java:118)
06-07 11:47:44.078 E/Hyphenator( 1326): 	at android.text.Hyphenator.init(Hyphenator.java:224)
06-07 11:47:44.078 E/Hyphenator( 1326): 	at com.android.internal.os.ZygoteInit.preloadTextResources(ZygoteInit.java:252)
06-07 11:47:44.078 E/Hyphenator( 1326): 	at com.android.internal.os.ZygoteInit.preload(ZygoteInit.java:206)
06-07 11:47:44.078 E/Hyphenator( 1326): 	at com.android.internal.os.ZygoteInit.main(ZygoteInit.java:743)
06-07 11:47:44.078 E/Hyphenator( 1326): Caused by: android.system.ErrnoException: open failed: ENOENT (No such file or directory)
06-07 11:47:44.078 E/Hyphenator( 1326): 	at libcore.io.Posix.open(Native Method)
06-07 11:47:44.078 E/Hyphenator( 1326): 	at libcore.io.BlockGuardOs.open(BlockGuardOs.java:187)
06-07 11:47:44.078 E/Hyphenator( 1326): 	at libcore.io.IoBridge.open(IoBridge.java:441)
06-07 11:47:44.078 E/Hyphenator( 1326): 	... 6 more
06-07 11:47:44.079 E/Hyphenator( 1326): error loading hyphenation /system/usr/hyphen-data/hyph-mn-cyrl.hyb
06-07 11:47:44.079 E/Hyphenator( 1326): java.io.FileNotFoundException: /system/usr/hyphen-data/hyph-mn-cyrl.hyb: open failed: ENOENT (No such file or directory)
06-07 11:47:44.079 E/Hyphenator( 1326): 	at libcore.io.IoBridge.open(IoBridge.java:455)
06-07 11:47:44.079 E/Hyphenator( 1326): 	at java.io.RandomAccessFile.<init>(RandomAccessFile.java:247)
06-07 11:47:44.079 E/Hyphenator( 1326): 	at android.text.Hyphenator.loadHyphenator(Hyphenator.java:118)
06-07 11:47:44.079 E/Hyphenator( 1326): 	at android.text.Hyphenator.init(Hyphenator.java:224)
06-07 11:47:44.079 E/Hyphenator( 1326): 	at com.android.internal.os.ZygoteInit.preloadTextResources(ZygoteInit.java:252)
06-07 11:47:44.079 E/Hyphenator( 1326): 	at com.android.internal.os.ZygoteInit.preload(ZygoteInit.java:206)
06-07 11:47:44.079 E/Hyphenator( 1326): 	at com.android.internal.os.ZygoteInit.main(ZygoteInit.java:743)
06-07 11:47:44.079 E/Hyphenator( 1326): Caused by: android.system.ErrnoException: open failed: ENOENT (No such file or directory)
06-07 11:47:44.079 E/Hyphenator( 1326): 	at libcore.io.Posix.open(Native Method)
06-07 11:47:44.079 E/Hyphenator( 1326): 	at libcore.io.BlockGuardOs.open(BlockGuardOs.java:187)
06-07 11:47:44.079 E/Hyphenator( 1326): 	at libcore.io.IoBridge.open(IoBridge.java:441)
06-07 11:47:44.079 E/Hyphenator( 1326): 	... 6 more
06-07 11:47:44.117 E/Hyphenator( 1326): error loading hyphenation /system/usr/hyphen-data/hyph-mr.hyb
06-07 11:47:44.117 E/Hyphenator( 1326): java.io.FileNotFoundException: /system/usr/hyphen-data/hyph-mr.hyb: open failed: ENOENT (No such file or directory)
06-07 11:47:44.117 E/Hyphenator( 1326): 	at libcore.io.IoBridge.open(IoBridge.java:455)
06-07 11:47:44.117 E/Hyphenator( 1326): 	at java.io.RandomAccessFile.<init>(RandomAccessFile.java:247)
06-07 11:47:44.117 E/Hyphenator( 1326): 	at android.text.Hyphenator.loadHyphenator(Hyphenator.java:118)
06-07 11:47:44.117 E/Hyphenator( 1326): 	at android.text.Hyphenator.init(Hyphenator.java:224)
06-07 11:47:44.117 E/Hyphenator( 1326): 	at com.android.internal.os.ZygoteInit.preloadTextResources(ZygoteInit.java:252)
06-07 11:47:44.117 E/Hyphenator( 1326): 	at com.android.internal.os.ZygoteInit.preload(ZygoteInit.java:206)
06-07 11:47:44.117 E/Hyphenator( 1326): 	at com.android.internal.os.ZygoteInit.main(ZygoteInit.java:743)
06-07 11:47:44.117 E/Hyphenator( 1326): Caused by: android.system.ErrnoException: open failed: ENOENT (No such file or directory)
06-07 11:47:44.117 E/Hyphenator( 1326): 	at libcore.io.Posix.open(Native Method)
06-07 11:47:44.117 E/Hyphenator( 1326): 	at libcore.io.BlockGuardOs.open(BlockGuardOs.java:187)
06-07 11:47:44.117 E/Hyphenator( 1326): 	at libcore.io.IoBridge.open(IoBridge.java:441)
06-07 11:47:44.117 E/Hyphenator( 1326): 	... 6 more
06-07 11:47:44.119 E/Hyphenator( 1326): error loading hyphenation /system/usr/hyphen-data/hyph-nb.hyb
06-07 11:47:44.119 E/Hyphenator( 1326): java.io.FileNotFoundException: /system/usr/hyphen-data/hyph-nb.hyb: open failed: ENOENT (No such file or directory)
06-07 11:47:44.119 E/Hyphenator( 1326): 	at libcore.io.IoBridge.open(IoBridge.java:455)
06-07 11:47:44.119 E/Hyphenator( 1326): 	at java.io.RandomAccessFile.<init>(RandomAccessFile.java:247)
06-07 11:47:44.119 E/Hyphenator( 1326): 	at android.text.Hyphenator.loadHyphenator(Hyphenator.java:118)
06-07 11:47:44.119 E/Hyphenator( 1326): 	at android.text.Hyphenator.init(Hyphenator.java:224)
06-07 11:47:44.119 E/Hyphenator( 1326): 	at com.android.internal.os.ZygoteInit.preloadTextResources(ZygoteInit.java:252)
06-07 11:47:44.119 E/Hyphenator( 1326): 	at com.android.internal.os.ZygoteInit.preload(ZygoteInit.java:206)
06-07 11:47:44.119 E/Hyphenator( 1326): 	at com.android.internal.os.ZygoteInit.main(ZygoteInit.java:743)
06-07 11:47:44.119 E/Hyphenator( 1326): Caused by: android.system.ErrnoException: open failed: ENOENT (No such file or directory)
06-07 11:47:44.119 E/Hyphenator( 1326): 	at libcore.io.Posix.open(Native Method)
06-07 11:47:44.119 E/Hyphenator( 1326): 	at libcore.io.BlockGuardOs.open(BlockGuardOs.java:187)
06-07 11:47:44.119 E/Hyphenator( 1326): 	at libcore.io.IoBridge.open(IoBridge.java:441)
06-07 11:47:44.119 E/Hyphenator( 1326): 	... 6 more
06-07 11:47:44.171 E/Hyphenator( 1326): error loading hyphenation /system/usr/hyphen-data/hyph-nn.hyb
06-07 11:47:44.171 E/Hyphenator( 1326): java.io.FileNotFoundException: /system/usr/hyphen-data/hyph-nn.hyb: open failed: ENOENT (No such file or directory)
06-07 11:47:44.171 E/Hyphenator( 1326): 	at libcore.io.IoBridge.open(IoBridge.java:455)
06-07 11:47:44.171 E/Hyphenator( 1326): 	at java.io.RandomAccessFile.<init>(RandomAccessFile.java:247)
06-07 11:47:44.171 E/Hyphenator( 1326): 	at android.text.Hyphenator.loadHyphenator(Hyphenator.java:118)
06-07 11:47:44.171 E/Hyphenator( 1326): 	at android.text.Hyphenator.init(Hyphenator.java:224)
06-07 11:47:44.171 E/Hyphenator( 1326): 	at com.android.internal.os.ZygoteInit.preloadTextResources(ZygoteInit.java:252)
06-07 11:47:44.171 E/Hyphenator( 1326): 	at com.android.internal.os.ZygoteInit.preload(ZygoteInit.java:206)
06-07 11:47:44.171 E/Hyphenator( 1326): 	at com.android.internal.os.ZygoteInit.main(ZygoteInit.java:743)
06-07 11:47:44.171 E/Hyphenator( 1326): Caused by: android.system.ErrnoException: open failed: ENOENT (No such file or directory)
06-07 11:47:44.171 E/Hyphenator( 1326): 	at libcore.io.Posix.open(Native Method)
06-07 11:47:44.171 E/Hyphenator( 1326): 	at libcore.io.BlockGuardOs.open(BlockGuardOs.java:187)
06-07 11:47:44.171 E/Hyphenator( 1326): 	at libcore.io.IoBridge.open(IoBridge.java:441)
06-07 11:47:44.171 E/Hyphenator( 1326): 	... 6 more
06-07 11:47:44.173 E/Hyphenator( 1326): error loading hyphenation /system/usr/hyphen-data/hyph-or.hyb
06-07 11:47:44.173 E/Hyphenator( 1326): java.io.FileNotFoundException: /system/usr/hyphen-data/hyph-or.hyb: open failed: ENOENT (No such file or directory)
06-07 11:47:44.173 E/Hyphenator( 1326): 	at libcore.io.IoBridge.open(IoBridge.java:455)
06-07 11:47:44.173 E/Hyphenator( 1326): 	at java.io.RandomAccessFile.<init>(RandomAccessFile.java:247)
06-07 11:47:44.173 E/Hyphenator( 1326): 	at android.text.Hyphenator.loadHyphenator(Hyphenator.java:118)
06-07 11:47:44.173 E/Hyphenator( 1326): 	at android.text.Hyphenator.init(Hyphenator.java:224)
06-07 11:47:44.173 E/Hyphenator( 1326): 	at com.android.internal.os.ZygoteInit.preloadTextResources(ZygoteInit.java:252)
06-07 11:47:44.173 E/Hyphenator( 1326): 	at com.android.internal.os.ZygoteInit.preload(ZygoteInit.java:206)
06-07 11:47:44.173 E/Hyphenator( 1326): 	at com.android.internal.os.ZygoteInit.main(ZygoteInit.java:743)
06-07 11:47:44.173 E/Hyphenator( 1326): Caused by: android.system.ErrnoException: open failed: ENOENT (No such file or directory)
06-07 11:47:44.173 E/Hyphenator( 1326): 	at libcore.io.Posix.open(Native Method)
06-07 11:47:44.173 E/Hyphenator( 1326): 	at libcore.io.BlockGuardOs.open(BlockGuardOs.java:187)
06-07 11:47:44.173 E/Hyphenator( 1326): 	at libcore.io.IoBridge.open(IoBridge.java:441)
06-07 11:47:44.173 E/Hyphenator( 1326): 	... 6 more
06-07 11:47:44.174 E/Hyphenator( 1326): error loading hyphenation /system/usr/hyphen-data/hyph-pa.hyb
06-07 11:47:44.174 E/Hyphenator( 1326): java.io.FileNotFoundException: /system/usr/hyphen-data/hyph-pa.hyb: open failed: ENOENT (No such file or directory)
06-07 11:47:44.174 E/Hyphenator( 1326): 	at libcore.io.IoBridge.open(IoBridge.java:455)
06-07 11:47:44.174 E/Hyphenator( 1326): 	at java.io.RandomAccessFile.<init>(RandomAccessFile.java:247)
06-07 11:47:44.174 E/Hyphenator( 1326): 	at android.text.Hyphenator.loadHyphenator(Hyphenator.java:118)
06-07 11:47:44.174 E/Hyphenator( 1326): 	at android.text.Hyphenator.init(Hyphenator.java:224)
06-07 11:47:44.174 E/Hyphenator( 1326): 	at com.android.internal.os.ZygoteInit.preloadTextResources(ZygoteInit.java:252)
06-07 11:47:44.174 E/Hyphenator( 1326): 	at com.android.internal.os.ZygoteInit.preload(ZygoteInit.java:206)
06-07 11:47:44.174 E/Hyphenator( 1326): 	at com.android.internal.os.ZygoteInit.main(ZygoteInit.java:743)
06-07 11:47:44.174 E/Hyphenator( 1326): Caused by: android.system.ErrnoException: open failed: ENOENT (No such file or directory)
06-07 11:47:44.174 E/Hyphenator( 1326): 	at libcore.io.Posix.open(Native Method)
06-07 11:47:44.174 E/Hyphenator( 1326): 	at libcore.io.BlockGuardOs.open(BlockGuardOs.java:187)
06-07 11:47:44.174 E/Hyphenator( 1326): 	at libcore.io.IoBridge.open(IoBridge.java:441)
06-07 11:47:44.174 E/Hyphenator( 1326): 	... 6 more
06-07 11:47:44.176 E/Hyphenator( 1326): error loading hyphenation /system/usr/hyphen-data/hyph-pt.hyb
06-07 11:47:44.176 E/Hyphenator( 1326): java.io.FileNotFoundException: /system/usr/hyphen-data/hyph-pt.hyb: open failed: ENOENT (No such file or directory)
06-07 11:47:44.176 E/Hyphenator( 1326): 	at libcore.io.IoBridge.open(IoBridge.java:455)
06-07 11:47:44.176 E/Hyphenator( 1326): 	at java.io.RandomAccessFile.<init>(RandomAccessFile.java:247)
06-07 11:47:44.176 E/Hyphenator( 1326): 	at android.text.Hyphenator.loadHyphenator(Hyphenator.java:118)
06-07 11:47:44.176 E/Hyphenator( 1326): 	at android.text.Hyphenator.init(Hyphenator.java:224)
06-07 11:47:44.176 E/Hyphenator( 1326): 	at com.android.internal.os.ZygoteInit.preloadTextResources(ZygoteInit.java:252)
06-07 11:47:44.176 E/Hyphenator( 1326): 	at com.android.internal.os.ZygoteInit.preload(ZygoteInit.java:206)
06-07 11:47:44.176 E/Hyphenator( 1326): 	at com.android.internal.os.ZygoteInit.main(ZygoteInit.java:743)
06-07 11:47:44.176 E/Hyphenator( 1326): Caused by: android.system.ErrnoException: open failed: ENOENT (No such file or directory)
06-07 11:47:44.176 E/Hyphenator( 1326): 	at libcore.io.Posix.open(Native Method)
06-07 11:47:44.176 E/Hyphenator( 1326): 	at libcore.io.BlockGuardOs.open(BlockGuardOs.java:187)
06-07 11:47:44.176 E/Hyphenator( 1326): 	at libcore.io.IoBridge.open(IoBridge.java:441)
06-07 11:47:44.176 E/Hyphenator( 1326): 	... 6 more
06-07 11:47:44.177 E/Hyphenator( 1326): error loading hyphenation /system/usr/hyphen-data/hyph-sl.hyb
06-07 11:47:44.177 E/Hyphenator( 1326): java.io.FileNotFoundException: /system/usr/hyphen-data/hyph-sl.hyb: open failed: ENOENT (No such file or directory)
06-07 11:47:44.177 E/Hyphenator( 1326): 	at libcore.io.IoBridge.open(IoBridge.java:455)
06-07 11:47:44.177 E/Hyphenator( 1326): 	at java.io.RandomAccessFile.<init>(RandomAccessFile.java:247)
06-07 11:47:44.177 E/Hyphenator( 1326): 	at android.text.Hyphenator.loadHyphenator(Hyphenator.java:118)
06-07 11:47:44.177 E/Hyphenator( 1326): 	at android.text.Hyphenator.init(Hyphenator.java:224)
06-07 11:47:44.177 E/Hyphenator( 1326): 	at com.android.internal.os.ZygoteInit.preloadTextResources(ZygoteInit.java:252)
06-07 11:47:44.177 E/Hyphenator( 1326): 	at com.android.internal.os.ZygoteInit.preload(ZygoteInit.java:206)
06-07 11:47:44.177 E/Hyphenator( 1326): 	at com.android.internal.os.ZygoteInit.main(ZygoteInit.java:743)
06-07 11:47:44.177 E/Hyphenator( 1326): Caused by: android.system.ErrnoException: open failed: ENOENT (No such file or directory)
06-07 11:47:44.177 E/Hyphenator( 1326): 	at libcore.io.Posix.open(Native Method)
06-07 11:47:44.177 E/Hyphenator( 1326): 	at libcore.io.BlockGuardOs.open(BlockGuardOs.java:187)
06-07 11:47:44.177 E/Hyphenator( 1326): 	at libcore.io.IoBridge.open(IoBridge.java:441)
06-07 11:47:44.177 E/Hyphenator( 1326): 	... 6 more
06-07 11:47:44.179 E/Hyphenator( 1326): error loading hyphenation /system/usr/hyphen-data/hyph-ta.hyb
06-07 11:47:44.179 E/Hyphenator( 1326): java.io.FileNotFoundException: /system/usr/hyphen-data/hyph-ta.hyb: open failed: ENOENT (No such file or directory)
06-07 11:47:44.179 E/Hyphenator( 1326): 	at libcore.io.IoBridge.open(IoBridge.java:455)
06-07 11:47:44.179 E/Hyphenator( 1326): 	at java.io.RandomAccessFile.<init>(RandomAccessFile.java:247)
06-07 11:47:44.179 E/Hyphenator( 1326): 	at android.text.Hyphenator.loadHyphenator(Hyphenator.java:118)
06-07 11:47:44.179 E/Hyphenator( 1326): 	at android.text.Hyphenator.init(Hyphenator.java:224)
06-07 11:47:44.179 E/Hyphenator( 1326): 	at com.android.internal.os.ZygoteInit.preloadTextResources(ZygoteInit.java:252)
06-07 11:47:44.179 E/Hyphenator( 1326): 	at com.android.internal.os.ZygoteInit.preload(ZygoteInit.java:206)
06-07 11:47:44.179 E/Hyphenator( 1326): 	at com.android.internal.os.ZygoteInit.main(ZygoteInit.java:743)
06-07 11:47:44.179 E/Hyphenator( 1326): Caused by: android.system.ErrnoException: open failed: ENOENT (No such file or directory)
06-07 11:47:44.179 E/Hyphenator( 1326): 	at libcore.io.Posix.open(Native Method)
06-07 11:47:44.179 E/Hyphenator( 1326): 	at libcore.io.BlockGuardOs.open(BlockGuardOs.java:187)
06-07 11:47:44.179 E/Hyphenator( 1326): 	at libcore.io.IoBridge.open(IoBridge.java:441)
06-07 11:47:44.179 E/Hyphenator( 1326): 	... 6 more
06-07 11:47:44.210 V/NatController( 1338): runCmd(/system/bin/iptables -w -X natctrl_tether_counters) res=1
06-07 11:47:44.241 E/Hyphenator( 1326): error loading hyphenation /system/usr/hyphen-data/hyph-te.hyb
06-07 11:47:44.241 E/Hyphenator( 1326): java.io.FileNotFoundException: /system/usr/hyphen-data/hyph-te.hyb: open failed: ENOENT (No such file or directory)
06-07 11:47:44.241 E/Hyphenator( 1326): 	at libcore.io.IoBridge.open(IoBridge.java:455)
06-07 11:47:44.241 E/Hyphenator( 1326): 	at java.io.RandomAccessFile.<init>(RandomAccessFile.java:247)
06-07 11:47:44.241 E/Hyphenator( 1326): 	at android.text.Hyphenator.loadHyphenator(Hyphenator.java:118)
06-07 11:47:44.241 E/Hyphenator( 1326): 	at android.text.Hyphenator.init(Hyphenator.java:224)
06-07 11:47:44.241 E/Hyphenator( 1326): 	at com.android.internal.os.ZygoteInit.preloadTextResources(ZygoteInit.java:252)
06-07 11:47:44.241 E/Hyphenator( 1326): 	at com.android.internal.os.ZygoteInit.preload(ZygoteInit.java:206)
06-07 11:47:44.241 E/Hyphenator( 1326): 	at com.android.internal.os.ZygoteInit.main(ZygoteInit.java:743)
06-07 11:47:44.241 E/Hyphenator( 1326): Caused by: android.system.ErrnoException: open failed: ENOENT (No such file or directory)
06-07 11:47:44.241 E/Hyphenator( 1326): 	at libcore.io.Posix.open(Native Method)
06-07 11:47:44.241 E/Hyphenator( 1326): 	at libcore.io.BlockGuardOs.open(BlockGuardOs.java:187)
06-07 11:47:44.241 E/Hyphenator( 1326): 	at libcore.io.IoBridge.open(IoBridge.java:441)
06-07 11:47:44.241 E/Hyphenator( 1326): 	... 6 more
06-07 11:47:44.242 E/Hyphenator( 1326): error loading hyphenation /system/usr/hyphen-data/hyph-tk.hyb
06-07 11:47:44.242 E/Hyphenator( 1326): java.io.FileNotFoundException: /system/usr/hyphen-data/hyph-tk.hyb: open failed: ENOENT (No such file or directory)
06-07 11:47:44.242 E/Hyphenator( 1326): 	at libcore.io.IoBridge.open(IoBridge.java:455)
06-07 11:47:44.242 E/Hyphenator( 1326): 	at java.io.RandomAccessFile.<init>(RandomAccessFile.java:247)
06-07 11:47:44.242 E/Hyphenator( 1326): 	at android.text.Hyphenator.loadHyphenator(Hyphenator.java:118)
06-07 11:47:44.242 E/Hyphenator( 1326): 	at android.text.Hyphenator.init(Hyphenator.java:224)
06-07 11:47:44.242 E/Hyphenator( 1326): 	at com.android.internal.os.ZygoteInit.preloadTextResources(ZygoteInit.java:252)
06-07 11:47:44.242 E/Hyphenator( 1326): 	at com.android.internal.os.ZygoteInit.preload(ZygoteInit.java:206)
06-07 11:47:44.242 E/Hyphenator( 1326): 	at com.android.internal.os.ZygoteInit.main(ZygoteInit.java:743)
06-07 11:47:44.242 E/Hyphenator( 1326): Caused by: android.system.ErrnoException: open failed: ENOENT (No such file or directory)
06-07 11:47:44.242 E/Hyphenator( 1326): 	at libcore.io.Posix.open(Native Method)
06-07 11:47:44.242 E/Hyphenator( 1326): 	at libcore.io.BlockGuardOs.open(BlockGuardOs.java:187)
06-07 11:47:44.242 E/Hyphenator( 1326): 	at libcore.io.IoBridge.open(IoBridge.java:441)
06-07 11:47:44.242 E/Hyphenator( 1326): 	... 6 more
06-07 11:47:44.244 E/Hyphenator( 1326): error loading hyphenation /system/usr/hyphen-data/hyph-und-ethi.hyb
06-07 11:47:44.244 E/Hyphenator( 1326): java.io.FileNotFoundException: /system/usr/hyphen-data/hyph-und-ethi.hyb: open failed: ENOENT (No such file or directory)
06-07 11:47:44.244 E/Hyphenator( 1326): 	at libcore.io.IoBridge.open(IoBridge.java:455)
06-07 11:47:44.244 E/Hyphenator( 1326): 	at java.io.RandomAccessFile.<init>(RandomAccessFile.java:247)
06-07 11:47:44.244 E/Hyphenator( 1326): 	at android.text.Hyphenator.loadHyphenator(Hyphenator.java:118)
06-07 11:47:44.244 E/Hyphenator( 1326): 	at android.text.Hyphenator.init(Hyphenator.java:224)
06-07 11:47:44.244 E/Hyphenator( 1326): 	at com.android.internal.os.ZygoteInit.preloadTextResources(ZygoteInit.java:252)
06-07 11:47:44.244 E/Hyphenator( 1326): 	at com.android.internal.os.ZygoteInit.preload(ZygoteInit.java:206)
06-07 11:47:44.244 E/Hyphenator( 1326): 	at com.android.internal.os.ZygoteInit.main(ZygoteInit.java:743)
06-07 11:47:44.244 E/Hyphenator( 1326): Caused by: android.system.ErrnoException: open failed: ENOENT (No such file or directory)
06-07 11:47:44.244 E/Hyphenator( 1326): 	at libcore.io.Posix.open(Native Method)
06-07 11:47:44.244 E/Hyphenator( 1326): 	at libcore.io.BlockGuardOs.open(BlockGuardOs.java:187)
06-07 11:47:44.244 E/Hyphenator( 1326): 	at libcore.io.IoBridge.open(IoBridge.java:441)
06-07 11:47:44.244 E/Hyphenator( 1326): 	... 6 more
06-07 11:47:44.274 I/art     ( 1325): Explicit concurrent mark sweep GC freed 15502(1184KB) AllocSpace objects, 0(0B) LOS objects, 39% free, 6MB/10MB, paused 240us total 215.870ms
06-07 11:47:44.275 I/art     ( 1325): Starting a blocking GC Explicit
06-07 11:47:44.440 I/art     ( 1325): Explicit concurrent mark sweep GC freed 1390(53KB) AllocSpace objects, 3(132KB) LOS objects, 39% free, 6MB/10MB, paused 217us total 108.713ms
06-07 11:47:44.448 I/art     ( 1325): Starting a blocking GC HeapTrim
06-07 11:47:44.635 V/NatController( 1338): runCmd(/system/bin/ip6tables -w -X natctrl_tether_counters) res=1
06-07 11:47:44.670 I/art     ( 1325): Starting a blocking GC Background
06-07 11:47:44.684 I/Zygote  ( 1326): Uninstalled ICU cache reference pinning...
06-07 11:47:44.731 I/Zygote  ( 1326): Installed AndroidKeyStoreProvider in 46ms.
06-07 11:47:44.881 V/NatController( 1338): runCmd(/system/bin/iptables -w -N natctrl_tether_counters) res=0
06-07 11:47:44.893 I/art     ( 1325): Background concurrent mark sweep GC freed 308(11KB) AllocSpace objects, 0(0B) LOS objects, 39% free, 6MB/10MB, paused 183us total 222.668ms
06-07 11:47:45.111 I/Zygote  ( 1326): Warmed up JCA providers in 380ms.
06-07 11:47:45.111 D/Zygote  ( 1326): end preload
06-07 11:47:45.112 I/art     ( 1326): Starting a blocking GC Explicit
06-07 11:47:45.221 V/NatController( 1338): runCmd(/system/bin/ip6tables -w -N natctrl_tether_counters) res=0
06-07 11:47:45.339 I/art     ( 1326): Explicit concurrent mark sweep GC freed 14811(1142KB) AllocSpace objects, 0(0B) LOS objects, 39% free, 6MB/10MB, paused 347us total 216.122ms
06-07 11:47:45.285 I/Zygote  ( 1325): System server process 2174 has been created
06-07 11:47:45.386 I/Zygote  ( 1325): Accepting command socket connections
06-07 11:47:45.397 I/art     ( 1326): Starting a blocking GC Explicit
06-07 11:47:45.531 I/art     ( 1326): Explicit concurrent mark sweep GC freed 1171(45KB) AllocSpace objects, 2(116KB) LOS objects, 39% free, 6MB/10MB, paused 306us total 114.995ms
06-07 11:47:45.652 I/Zygote  ( 1326): Accepting command socket connections
06-07 11:47:45.691 V/NatController( 1338): runCmd(/system/bin/iptables -w -t mangle -A natctrl_mangle_FORWARD -p tcp --tcp-flags SYN SYN -j TCPMSS --clamp-mss-to-pmtu) res=0
06-07 11:47:45.812 I/Zygote  ( 2174): Process: zygote socket opened, supported ABIS: x86
06-07 11:47:45.817 I/InstallerConnection( 2174): connecting...
06-07 11:47:45.819 I/        ( 1330): new connection
06-07 11:47:46.371 I/InstallerConnection( 2174): disconnecting...
06-07 11:47:46.383 E/        ( 1330): eof
06-07 11:47:46.383 E/        ( 1330): failed to read size
06-07 11:47:46.383 I/        ( 1330): closing connection
06-07 11:47:47.391 I/SystemServer( 2174): Entered the Android system server!
06-07 11:47:49.198 E/Netd    ( 1338): cannot find interface dummy0
06-07 11:47:49.413 D/MDnsDS  ( 1338): MDnsSdListener::Hander starting up
06-07 11:47:49.460 D/MDnsDS  ( 1338): MDnsSdListener starting to monitor
06-07 11:47:49.460 D/MDnsDS  ( 1338): Going to poll with pollCount 1
06-07 11:47:49.850 I/SystemServiceManager( 2174): Starting com.android.server.pm.Installer
06-07 11:47:50.016 I/Installer( 2174): Waiting for installd to be ready.
06-07 11:47:50.017 I/InstallerConnection( 2174): connecting...
06-07 11:47:50.021 I/        ( 1330): new connection
06-07 11:47:50.063 I/SystemServiceManager( 2174): Starting com.android.server.am.ActivityManagerService$Lifecycle
06-07 11:47:50.448 I/ActivityManager( 2174): Memory class: 256
06-07 11:47:50.480 I/ServiceThread( 2174): Enabled StrictMode logging for ActivityManager looper.
06-07 11:47:50.515 I/ServiceThread( 2174): Enabled StrictMode logging for android.ui looper.
06-07 11:47:50.729 D/BatteryStatsImpl( 2174): Reading daily items from /data/system/batterystats-daily.xml
06-07 11:47:51.751 W/ProcessCpuTracker( 2174): Skipping unknown process pid 2223
06-07 11:47:51.842 I/IntentFirewall( 2174): Read new rules (A:0 B:0 S:0)
06-07 11:47:51.991 I/ServiceThread( 2174): Enabled StrictMode logging for android.display looper.
06-07 11:47:52.191 D/AppOps  ( 2174): AppOpsService published
06-07 11:47:52.193 I/SystemServiceManager( 2174): Starting com.android.server.power.PowerManagerService
06-07 11:47:52.264 I/ServiceThread( 2174): Enabled StrictMode logging for PowerManagerService looper.
06-07 11:47:52.268 E/PowerManagerService-JNI( 2174): Couldn't load power module (No such file or directory)
06-07 11:47:52.269 W/libsuspend( 2174): Error writing 'on' to /sys/power/state: Invalid argument
06-07 11:47:52.269 I/libsuspend( 2174): Selected wakeup count
06-07 11:47:52.342 I/SystemServiceManager( 2174): Starting com.android.server.lights.LightsService
06-07 11:47:52.400 I/SystemServiceManager( 2174): Starting com.android.server.display.DisplayManagerService
06-07 11:47:52.464 I/SystemServiceManager( 2174): Starting phase 100
06-07 11:47:52.485 E/SurfaceFlinger( 1321): ro.sf.lcd_density must be defined as a build property
06-07 11:47:52.533 I/DisplayManagerService( 2174): Display device added: DisplayDeviceInfo{"Built-in Screen": uniqueId="local:0", 1080 x 1920, modeId 1, defaultModeId 1, supportedModes [{id=1, width=1080, height=1920, fps=60.000004}], colorMode 0, supportedColorModes [0], HdrCapabilities android.view.Display$HdrCapabilities@a69d6308, density 480, 480.0 x 480.0 dpi, appVsyncOff 1000000, presDeadline 16666666, touch INTERNAL, rotation 0, type BUILT_IN, state UNKNOWN, FLAG_DEFAULT_DISPLAY, FLAG_ROTATES_WITH_CONTENT, FLAG_SECURE, FLAG_SUPPORTS_PROTECTED_BUFFERS}
06-07 11:47:52.538 D/SurfaceFlinger( 1321): Set power mode=2, type=0 flinger=0x7fd44f647000
06-07 11:47:52.538 D/SurfaceFlinger( 1321): Screen type=0 is already mode=2
06-07 11:47:52.543 I/DisplayManagerService( 2174): Display device changed state: "Built-in Screen", ON
06-07 11:47:52.544 I/SystemServer( 2174): StartPackageManagerService
06-07 11:47:52.974 W/SystemConfig( 2174): No directory /system/etc/sysconfig, skipping
06-07 11:47:53.531 D/SELinuxMMAC( 2174): Using policy file /system/etc/security/mac_permissions.xml
06-07 11:47:55.258 E/art     ( 2174): DexFile_getDexOptNeeded file '/system/framework/org.apache.http.legacy.jar' does not exist
06-07 11:47:55.259 W/PackageManager( 2174): Library not found: /system/framework/org.apache.http.legacy.jar
06-07 11:47:55.614 E/art     ( 2174): DexFile_getDexOptNeeded file '/system/framework/org.apache.http.legacy.jar' does not exist
06-07 11:47:55.614 W/PackageManager( 2174): Library not found: /system/framework/org.apache.http.legacy.jar
06-07 11:47:55.680 D/PackageManager( 2174): No files in app dir /vendor/overlay
06-07 11:47:56.733 W/PackageManager( 2174): Failed to parse /system/framework/oat: Missing base APK in /system/framework/oat
06-07 11:47:56.736 W/PackageManager( 2174): Failed to parse /system/framework/x86: Missing base APK in /system/framework/x86
06-07 11:47:56.737 W/PackageManager( 2174): Failed to parse /system/framework/x86_64: Missing base APK in /system/framework/x86_64
06-07 11:47:57.752 W/PackageParser( 2174): No actions in intent filter at /system/priv-app/Contacts/Contacts.apk Binary XML file line #409
06-07 11:47:58.687 W/PackageParser( 2174): No actions in intent filter at /system/priv-app/Dialer/Dialer.apk Binary XML file line #186
06-07 11:47:58.999 W/PackageManager( 2174): Permission android.permission.DOWNLOAD_WITHOUT_NOTIFICATION from package com.android.providers.downloads in an unknown group android.permission-group.NETWORK
06-07 11:48:01.542 W/PackageParser( 2174): Ignoring duplicate uses-permissions/uses-permissions-sdk-m: android.permission.USE_CREDENTIALS in package: com.android.settings at: Binary XML file line #53
06-07 11:48:01.543 W/PackageParser( 2174): Ignoring duplicate uses-permissions/uses-permissions-sdk-m: android.permission.READ_SYNC_SETTINGS in package: com.android.settings at: Binary XML file line #58
06-07 11:48:01.543 W/PackageParser( 2174): Ignoring duplicate uses-permissions/uses-permissions-sdk-m: android.permission.WRITE_SYNC_SETTINGS in package: com.android.settings at: Binary XML file line #59
06-07 11:48:02.446 W/PackageParser( 2174): Ignoring duplicate uses-permissions/uses-permissions-sdk-m: android.permission.INSTALL_GRANT_RUNTIME_PERMISSIONS in package: com.android.shell at: Binary XML file line #102
06-07 11:48:03.412 W/PackageParser( 2174): Ignoring duplicate uses-permissions/uses-permissions-sdk-m: android.permission.CONFIGURE_WIFI_DISPLAY in package: com.android.systemui at: Binary XML file line #123
06-07 11:48:04.361 W/art     ( 2174): Suspending all threads took: 28.824ms
06-07 11:48:04.518 I/art     ( 2174): Background sticky concurrent mark sweep GC freed 33361(2MB) AllocSpace objects, 20(416KB) LOS objects, 31% free, 6MB/10MB, paused 31.181ms total 463.405ms
06-07 11:48:05.315 W/PackageManager( 2174): Non-privileged app; cap priority to 0; package: com.android.calendar activity: com.android.calendar.GoogleCalendarUriIntentFilter origPrio: 50
06-07 11:48:05.541 W/PackageManager( 2174): Non-privileged app; cap priority to 0; package: com.android.cts.ctsshim activity: com.android.cts.ctsshim.InstallPriority origPrio: 100
06-07 11:48:05.541 W/PackageManager( 2174): Non-privileged app; cap priority to 0; package: com.android.cts.ctsshim activity: com.android.cts.ctsshim.InstallPriority origPrio: 100
06-07 11:48:05.541 W/PackageManager( 2174): Non-privileged app; cap priority to 0; package: com.android.cts.ctsshim activity: com.android.cts.ctsshim.InstallPriority origPrio: 100
06-07 11:48:05.541 W/PackageManager( 2174): Non-privileged app; cap priority to 0; package: com.android.cts.ctsshim activity: com.android.cts.ctsshim.InstallPriority origPrio: 100
06-07 11:48:05.541 W/PackageManager( 2174): Non-privileged app; cap priority to 0; package: com.android.cts.ctsshim activity: com.android.cts.ctsshim.InstallPriority origPrio: 100
06-07 11:48:06.646 W/PackageParser( 2174): Ignoring duplicate uses-permissions/uses-permissions-sdk-m: android.permission.WRITE_CONTACTS in package: com.android.email at: Binary XML file line #40
06-07 11:48:07.580 W/PackageParser( 2174): Unknown element under <application>: permission at /system/app/Gallery2/Gallery2.apk Binary XML file line #238
06-07 11:48:07.580 W/PackageParser( 2174): Unknown element under <application>: permission at /system/app/Gallery2/Gallery2.apk Binary XML file line #241
06-07 11:48:08.835 W/PackageManager( 2174): Permission com.android.launcher3.permission.READ_SETTINGS from package com.android.launcher3 in an unknown group android.permission-group.SYSTEM_TOOLS
06-07 11:48:08.836 W/PackageManager( 2174): Permission com.android.launcher3.permission.WRITE_SETTINGS from package com.android.launcher3 in an unknown group android.permission-group.SYSTEM_TOOLS
06-07 11:48:08.836 W/PackageManager( 2174): Permission com.android.launcher.permission.INSTALL_SHORTCUT from package com.android.launcher3 in an unknown group android.permission-group.SYSTEM_TOOLS
06-07 11:48:11.686 D/PackageManager( 2174): No files in app dir /system/vendor/app
06-07 11:48:11.688 D/PackageManager( 2174): No files in app dir /oem/app
06-07 11:48:12.603 W/PackageParser( 2174): No actions in intent filter at /data/app/ApiDemos/ApiDemos.apk Binary XML file line #3145
06-07 11:48:12.604 W/PackageParser( 2174): No actions in intent filter at /data/app/ApiDemos/ApiDemos.apk Binary XML file line #3151
06-07 11:48:12.633 W/PackageManager( 2174): Package com.example.android.apis desires unavailable shared library com.example.will.never.exist; ignoring!
06-07 11:48:12.653 I/SELinux ( 2174): SELinux: Loaded file_contexts contexts from /file_contexts.bin.
06-07 11:48:13.445 D/PackageManager( 2174): No files in app dir /data/app-private
06-07 11:48:13.466 D/PackageManager( 2174): No files in app dir /data/app-ephemeral
06-07 11:48:13.508 E/PackageManager( 2174): There should probably be exactly one setup wizard; found 0: matches=[]
06-07 11:48:13.509 W/PackageManager( 2174): Protected action; cap priority to 0; package: com.android.cts.priv.ctsshim activity: com.android.cts.priv.ctsshim.InstallPriority origPrio: 100
06-07 11:48:13.509 W/PackageManager( 2174): Protected action; cap priority to 0; package: com.android.cts.priv.ctsshim activity: com.android.cts.priv.ctsshim.InstallPriority origPrio: 100
06-07 11:48:13.509 W/PackageManager( 2174): Protected action; cap priority to 0; package: com.android.cts.priv.ctsshim activity: com.android.cts.priv.ctsshim.InstallPriority origPrio: 100
06-07 11:48:13.509 W/PackageManager( 2174): Protected action; cap priority to 0; package: com.android.cts.priv.ctsshim activity: com.android.cts.priv.ctsshim.InstallPriority origPrio: 100
06-07 11:48:13.509 W/PackageManager( 2174): Protected action; cap priority to 0; package: com.android.packageinstaller activity: com.android.packageinstaller.PackageInstallerActivity origPrio: 1
06-07 11:48:13.509 W/PackageManager( 2174): Package com.android.camera desires unavailable shared library com.google.android.media.effects; ignoring!
06-07 11:48:13.509 W/PackageManager( 2174): Package com.android.gallery3d desires unavailable shared library com.google.android.media.effects; ignoring!
06-07 11:48:13.510 W/PackageManager( 2174): Package com.android.gallery3d desires unavailable shared library com.google.android.media.effects; ignoring!
06-07 11:48:13.532 W/PackageManager( 2174): Package com.example.android.apis desires unavailable shared library com.example.will.never.exist; ignoring!
06-07 11:48:13.533 I/PackageManager( 2174): Adjusting ABI for com.android.providers.downloads.ui to x86_64 (requirer=com.android.mtp, scannedPackage=null)
06-07 11:48:13.546 I/PackageManager( 2174): Adjusting ABI for com.android.providers.downloads to x86_64 (requirer=com.android.mtp, scannedPackage=null)
06-07 11:48:13.553 I/PackageManager( 2174): Adjusting ABI for com.android.providers.media to x86_64 (requirer=com.android.mtp, scannedPackage=null)
06-07 11:48:13.561 I/PackageManager( 2174): Adjusting ABI for com.android.wallpaperbackup to x86_64 (requirer=android, scannedPackage=null)
06-07 11:48:13.563 I/PackageManager( 2174): Adjusting ABI for com.android.keychain to x86_64 (requirer=android, scannedPackage=null)
06-07 11:48:13.572 I/PackageManager( 2174): Adjusting ABI for com.android.inputdevices to x86_64 (requirer=android, scannedPackage=null)
06-07 11:48:13.574 I/PackageManager( 2174): Adjusting ABI for com.android.settings to x86_64 (requirer=android, scannedPackage=null)
06-07 11:48:13.576 I/PackageManager( 2174): Adjusting ABI for com.android.location.fused to x86_64 (requirer=android, scannedPackage=null)
06-07 11:48:13.588 I/PackageManager( 2174): Adjusting ABI for com.android.server.telecom to x86_64 (requirer=android, scannedPackage=null)
06-07 11:48:13.601 I/PackageManager( 2174): Adjusting ABI for com.android.providers.settings to x86_64 (requirer=android, scannedPackage=null)
06-07 11:48:13.622 I/PackageManager( 2174): Time to scan packages: 18.561 seconds
06-07 11:48:13.625 W/PackageManager( 2174): Unknown permission com.google.android.googleapps.permission.GOOGLE_AUTH in package com.android.providers.calendar
06-07 11:48:13.625 W/PackageManager( 2174): Unknown permission com.google.android.googleapps.permission.GOOGLE_AUTH.cl in package com.android.providers.calendar
06-07 11:48:13.626 W/PackageManager( 2174): Not granting permission android.permission.GLOBAL_SEARCH to package com.android.quicksearchbox (protectionLevel=18 flags=0x3808be45)
06-07 11:48:13.627 W/PackageManager( 2174): Not granting permission android.permission.WRITE_EXTERNAL_STORAGE to package gov.nasa.arc.astrobee.android.gs.manager because it was previously installed without
06-07 11:48:13.628 W/PackageManager( 2174): Not granting permission android.permission.READ_EXTERNAL_STORAGE to package gov.nasa.arc.astrobee.android.gs.manager because it was previously installed without
06-07 11:48:13.628 W/PackageManager( 2174): Unknown permission com.android.launcher.permission.READ_SETTINGS in package com.android.launcher3
06-07 11:48:13.628 W/PackageManager( 2174): Unknown permission com.android.launcher.permission.WRITE_SETTINGS in package com.android.launcher3
06-07 11:48:13.628 W/PackageManager( 2174): Not granting permission android.permission.BIND_APPWIDGET to package com.android.launcher3 (protectionLevel=18 flags=0x3c4bbe45)
06-07 11:48:13.628 W/PackageManager( 2174): Unknown permission com.google.android.googleapps.permission.GOOGLE_AUTH.mail in package com.android.calendar
06-07 11:48:13.629 W/PackageManager( 2174): Unknown permission com.google.android.providers.settings.permission.WRITE_GSETTINGS in package com.android.sdksetup
06-07 11:48:13.710 W/PackageManager( 2174): Unknown permission com.google.android.permission.INSTALL_WEARABLE_PACKAGES in package com.android.packageinstaller
06-07 11:48:13.711 W/PackageManager( 2174): Not granting permission android.permission.DELETE_PACKAGES to package com.svox.pico (protectionLevel=18 flags=0x3808be45)
06-07 11:48:13.711 W/PackageManager( 2174): Not granting permission android.permission.READ_CONTACTS to package com.example.android.apis because it was previously installed without
06-07 11:48:13.711 W/PackageManager( 2174): Not granting permission android.permission.WRITE_CONTACTS to package com.example.android.apis because it was previously installed without
06-07 11:48:13.711 W/PackageManager( 2174): Not granting permission android.permission.ACCESS_COARSE_LOCATION to package com.example.android.apis because it was previously installed without
06-07 11:48:13.711 W/PackageManager( 2174): Not granting permission android.permission.WRITE_EXTERNAL_STORAGE to package com.example.android.apis because it was previously installed without
06-07 11:48:13.711 W/PackageManager( 2174): Not granting permission android.permission.SEND_SMS to package com.example.android.apis because it was previously installed without
06-07 11:48:13.711 W/PackageManager( 2174): Not granting permission android.permission.RECEIVE_SMS to package com.example.android.apis because it was previously installed without
06-07 11:48:13.711 W/PackageManager( 2174): Not granting permission android.permission.RECEIVE_MMS to package com.example.android.apis because it was previously installed without
06-07 11:48:13.711 W/PackageManager( 2174): Not granting permission android.permission.READ_SMS to package com.example.android.apis because it was previously installed without
06-07 11:48:13.711 W/PackageManager( 2174): Not granting permission android.permission.READ_PHONE_STATE to package com.example.android.apis because it was previously installed without
06-07 11:48:13.712 W/PackageManager( 2174): Not granting permission android.permission.RECORD_AUDIO to package com.example.android.apis because it was previously installed without
06-07 11:48:13.712 W/PackageManager( 2174): Not granting permission android.permission.CAMERA to package com.example.android.apis because it was previously installed without
06-07 11:48:13.712 W/PackageManager( 2174): Not granting permission android.permission.READ_EXTERNAL_STORAGE to package com.example.android.apis because it was previously installed without
06-07 11:48:13.712 W/PackageManager( 2174): Unknown permission android.permission.RUN_INSTRUMENTATION in package org.chromium.webview_shell
06-07 11:48:13.712 W/PackageManager( 2174): Unknown permission com.google.android.googleapps.permission.GOOGLE_AUTH in package com.android.settings
06-07 11:48:13.713 W/PackageManager( 2174): Unknown permission com.android.launcher.permission.READ_SETTINGS in package com.android.settings
06-07 11:48:13.713 W/PackageManager( 2174): Unknown permission com.android.launcher.permission.WRITE_SETTINGS in package com.android.settings
06-07 11:48:13.714 W/PackageManager( 2174): Unknown permission com.android.smspush.WAPPUSH_MANAGER_BIND in package com.android.phone
06-07 11:48:13.715 W/PackageManager( 2174): Unknown permission com.google.android.googleapps.permission.ACCESS_GOOGLE_PASSWORD in package com.android.development
06-07 11:48:13.715 W/PackageManager( 2174): Unknown permission com.google.android.googleapps.permission.GOOGLE_AUTH in package com.android.development
06-07 11:48:13.715 W/PackageManager( 2174): Unknown permission com.google.android.googleapps.permission.GOOGLE_AUTH.ALL_SERVICES in package com.android.development
06-07 11:48:13.715 W/PackageManager( 2174): Unknown permission com.google.android.googleapps.permission.GOOGLE_AUTH.YouTubeUser in package com.android.development
06-07 11:48:13.715 W/PackageManager( 2174): Not granting permission android.permission.BIND_APPWIDGET to package com.android.widgetpreview (protectionLevel=18 flags=0x3808be44)
06-07 11:48:13.716 V/PackageManager( 2174): reconcileAppsData for null u0 0x3
06-07 11:48:13.841 I/SELinux ( 1330): SELinux: Loaded file_contexts contexts from /file_contexts.bin.
06-07 11:48:18.592 V/PackageManager( 2174): reconcileAppsData finished 81 packages
06-07 11:48:19.074 E/PackageManager( 2174): There should probably be a verifier, but, none were found
06-07 11:48:19.294 W/PackageInstaller( 2174): Abandoning old session first created at 1616675837967
06-07 11:48:19.297 W/PackageInstaller( 2174): Deleting orphan stage /data/app/vmdl1539828231.tmp
06-07 11:48:19.342 D/PackageManager( 2174): Ephemeral resolver NOT found; no matching intent filters
06-07 11:48:19.343 I/PackageManager( 2174): Ephemeral deactivated; missing resolver and installer
06-07 11:48:19.345 I/art     ( 2174): Starting a blocking GC Explicit
06-07 11:48:19.362 W/art     ( 2174): Long monitor contention with owner main (2174) at int android.net.LocalSocketImpl.readba_native(byte[], int, int, java.io.FileDescriptor)(LocalSocketImpl.java:-2) waiters=0 in void com.android.server.pm.Settings$RuntimePermissionPersistence.writePermissionsSync(int) for 5.391s
06-07 11:48:19.552 I/art     ( 2174): Explicit concurrent mark sweep GC freed 38008(2MB) AllocSpace objects, 4(80KB) LOS objects, 33% free, 7MB/10MB, paused 1.694ms total 204.651ms
06-07 11:48:19.577 I/SystemServer( 2174): StartOtaDexOptService
06-07 11:48:19.615 I/SystemServer( 2174): StartUserManagerService
06-07 11:48:19.616 I/SystemServiceManager( 2174): Starting com.android.server.pm.UserManagerService$LifeCycle
06-07 11:48:19.789 I/lowmemorykiller( 1319): ActivityManager connected
06-07 11:48:19.854 D/SensorService( 2174): nuSensorService starting...
06-07 11:48:19.990 I/SystemServiceManager( 2174): Starting com.android.server.BatteryService
06-07 11:48:19.996 D/SensorService( 2174): new thread SensorEventAckReceiver
06-07 11:48:20.019 D/SensorService( 2174): nuSensorService thread starting...
06-07 11:48:20.150 I/SystemServiceManager( 2174): Starting com.android.server.usage.UsageStatsService
06-07 11:48:20.430 I/SystemServiceManager( 2174): Starting com.android.server.webkit.WebViewUpdateService
06-07 11:48:20.572 I/SystemServer( 2174): Reading configuration...
06-07 11:48:20.572 I/SystemServer( 2174): StartSchedulingPolicyService
06-07 11:48:20.589 I/SystemServiceManager( 2174): Starting com.android.server.telecom.TelecomLoaderService
06-07 11:48:20.601 I/SystemServer( 2174): StartTelephonyRegistry
06-07 11:48:20.685 I/SystemServer( 2174): StartEntropyMixer
06-07 11:48:20.726 I/EntropyMixer( 2174): Writing entropy...
06-07 11:48:20.812 I/SystemServer( 2174): Camera Service
06-07 11:48:20.820 I/SystemServiceManager( 2174): Starting com.android.server.camera.CameraService
06-07 11:48:20.855 I/ServiceThread( 2174): Enabled StrictMode logging for CameraService_proxy looper.
06-07 11:48:20.874 I/SystemServer( 2174): StartAccountManagerService
06-07 11:48:20.880 I/SystemServiceManager( 2174): Starting com.android.server.accounts.AccountManagerService$Lifecycle
06-07 11:48:20.987 I/SystemServer( 2174): StartContentService
06-07 11:48:20.990 I/SystemServiceManager( 2174): Starting com.android.server.content.ContentService$Lifecycle
06-07 11:48:21.005 I/SystemServer( 2174): InstallSystemProviders
06-07 11:48:21.098 W/System  ( 2174): ClassLoader referenced unknown path: /system/priv-app/SettingsProvider/lib/x86_64
06-07 11:48:21.395 I/SystemServer( 2174): StartVibratorService
06-07 11:48:21.397 E/VibratorService( 2174): Couldn't load vibrator module (No such file or directory)
06-07 11:48:21.397 W/VibratorService( 2174): Tried to stop vibrating but there is no vibrator device.
06-07 11:48:21.413 I/SystemServer( 2174): StartConsumerIrService
06-07 11:48:21.415 E/ConsumerIrService( 2174): Can't open consumer IR HW Module, error: -2
06-07 11:48:21.422 I/SystemServer( 2174): StartAlarmManagerService
06-07 11:48:21.422 I/SystemServiceManager( 2174): Starting com.android.server.AlarmManagerService
06-07 11:48:21.452 W/AlarmManagerService( 2174): no wall clock RTC found
06-07 11:48:21.472 D/AlarmManagerService( 2174): Kernel timezone updated to 0 minutes west of GMT
06-07 11:48:21.522 I/SystemServer( 2174): InitWatchdog
06-07 11:48:21.524 I/SystemServer( 2174): StartInputManagerService
06-07 11:48:21.532 I/InputManager( 2174): Initializing input manager, mUseDevInputEventForAudioJack=true
06-07 11:48:21.538 I/SystemServer( 2174): StartWindowManagerService
06-07 11:48:21.872 I/WindowManager( 2174): No existing display settings /data/system/display_settings.xml; starting empty
06-07 11:48:22.237 I/SystemServer( 2174): StartVrManagerService
