05-01 20:51:40.927 W/art     ( 2074): Long monitor contention with owner Binder:2074_A (2917) at void com.android.server.am.ActivityManagerService$AppDeathRecipient.binderDied()(ActivityManagerService.java:1475) waiters=6 in int com.android.server.am.ActivityManagerService.broadcastIntent(android.app.IApplicationThread, android.content.Intent, java.lang.String, android.content.IIntentReceiver, int, java.lang.String, android.os.Bundle, java.lang.String[], int, android.os.Bundle, boolean, boolean, int) for 635ms
05-01 20:51:40.928 W/art     ( 2074): Long monitor contention with owner Binder:2074_A (2917) at void com.android.server.am.ActivityManagerService$AppDeathRecipient.binderDied()(ActivityManagerService.java:1475) waiters=7 in boolean com.android.server.am.ActivityManagerService.unbindService(android.app.IServiceConnection) for 616ms
05-01 20:51:40.932 W/art     ( 2074): Long monitor contention with owner AsyncTask #3 (2754) at int com.android.server.am.ActivityManagerService.bindService(android.app.IApplicationThread, android.os.IBinder, android.content.Intent, java.lang.String, android.app.IServiceConnection, int, java.lang.String, int)(ActivityManagerService.java:17301) waiters=8 in void com.android.server.am.ActivityManagerService$LocalService.notifyAppTransitionStarting(int) for 284ms
05-01 20:51:40.936 W/art     ( 2074): Long monitor contention with owner Binder:2074_A (2917) at void com.android.server.am.ActivityManagerService$AppDeathRecipient.binderDied()(ActivityManagerService.java:1475) waiters=5 in com.android.server.am.ProcessRecord com.android.server.am.ActivityManagerService.findAppProcess(android.os.IBinder, java.lang.String) for 723ms
05-01 20:51:40.944 W/art     ( 2074): Long monitor contention with owner AsyncTask #3 (2754) at int com.android.server.am.ActivityManagerService.bindService(android.app.IApplicationThread, android.os.IBinder, android.content.Intent, java.lang.String, android.app.IServiceConnection, int, java.lang.String, int)(ActivityManagerService.java:17301) waiters=7 in void com.android.server.am.ActivityManagerService.addPackageDependency(java.lang.String) for 315ms
05-01 20:51:40.987 W/WallpaperManagerService( 2074): Wallpaper service gone: ComponentInfo{com.android.systemui/com.android.systemui.ImageWallpaper}
05-01 20:51:41.028 D/ConditionProviders.SCP( 2074): onReceive android.intent.action.TIME_SET
05-01 20:51:41.056 W/art     ( 2945): Unexpected CPU variant for X86 using defaults: x86_64
05-01 20:51:41.078 W/System  ( 2856): ClassLoader referenced unknown path: /system/priv-app/BlockedNumberProvider/lib/x86_64
05-01 20:51:41.123 D/ConditionProviders.SCP( 2074): notifyCondition condition://android/schedule?days=6.7&start=23.30&end=10.0&exitAtAlarm=false STATE_FALSE reason=!meetsSchedule
05-01 20:51:41.144 I/Choreographer( 2074): Skipped 30 frames!  The application may be doing too much work on its main thread.
05-01 20:51:41.159 D/ApplicationLoaders( 2856): ignored Vulkan layer search path /system/priv-app/BlockedNumberProvider/lib/x86_64:/system/lib64:/vendor/lib64 for namespace 0x73bd418050f0
05-01 20:51:41.169 D/ConditionProviders.SCP( 2074): notifyCondition condition://android/schedule?days=1.2.3.4.5&start=22.0&end=7.0&exitAtAlarm=false STATE_FALSE reason=!meetsSchedule
05-01 20:51:41.174 D/ConditionProviders.SCP( 2074): Scheduling evaluate for Sat May 01 22:00:00 UTC 2021 (1619906400000), in +1h8m18s945ms, now=Sat May 01 20:51:41 UTC 2021 (1619902301055)
05-01 20:51:41.177 V/Launcher( 2866): LauncherAppState inited
05-01 20:51:41.422 W/System  ( 2927): ClassLoader referenced unknown path: /system/priv-app/SystemUI/lib/x86_64
05-01 20:51:41.556 W/art     ( 2074): Long monitor contention with owner android.ui (2111) at int com.android.server.wm.WindowManagerService.relayoutWindow(com.android.server.wm.Session, android.view.IWindow, int, android.view.WindowManager$LayoutParams, int, int, int, int, android.graphics.Rect, android.graphics.Rect, android.graphics.Rect, android.graphics.Rect, android.graphics.Rect, android.graphics.Rect, android.graphics.Rect, android.content.res.Configuration, android.view.Surface)(WindowManagerService.java:2857) waiters=0 in void com.android.server.wm.WindowManagerService$H.handleMessage(android.os.Message) for 140ms
05-01 20:51:41.594 W/art     ( 2074): Long monitor contention with owner Binder:2074_A (2917) at void com.android.server.am.ActivityManagerService$AppDeathRecipient.binderDied()(ActivityManagerService.java:1475) waiters=3 in boolean com.android.server.am.ActivityManagerService.isUserRunning(int, int) for 1.438s
05-01 20:51:41.748 W/System  ( 2856): ClassLoader referenced unknown path: /system/app/UserDictionaryProvider/lib/x86_64
05-01 20:51:41.752 D/ApplicationLoaders( 2856): ignored Vulkan layer search path /system/app/UserDictionaryProvider/lib/x86_64:/system/lib64:/vendor/lib64 for namespace 0x73bd41805160
05-01 20:51:41.846 I/InputAttributes( 2387): InputType.TYPE_NULL is specified
05-01 20:51:41.966 W/System  ( 2945): ClassLoader referenced unknown path: /system/app/KeyChain/lib/x86_64
05-01 20:51:42.172 E/hostapd ( 2943): Configuration file: /system/etc/simulated_hostapd.conf
05-01 20:51:42.263 V/SystemUIService( 2927): Starting SystemUI services for user 0.
05-01 20:51:42.785 V/MediaRouter( 2927): Adding route: RouteInfo{ name=Phone, description=null, status=null, category=RouteCategory{ name=null types=ROUTE_TYPE_LIVE_AUDIO ROUTE_TYPE_LIVE_VIDEO  groupable=false }, supportedTypes=ROUTE_TYPE_LIVE_AUDIO ROUTE_TYPE_LIVE_VIDEO , presentationDisplay=null }
05-01 20:51:42.838 V/MediaRouter( 2927): Updating audio routes: AudioRoutesInfo{ type=SPEAKER }
05-01 20:51:42.848 V/MediaRouter( 2927): Selecting route: RouteInfo{ name=Phone, description=null, status=null, category=RouteCategory{ name=null types=ROUTE_TYPE_LIVE_AUDIO ROUTE_TYPE_LIVE_VIDEO  groupable=false }, supportedTypes=ROUTE_TYPE_LIVE_AUDIO ROUTE_TYPE_LIVE_VIDEO , presentationDisplay=null }
05-01 20:51:42.928 E/hostapd ( 2943): Could not read interface wlan1 flags: No such device
05-01 20:51:42.929 I/hostapd ( 2943): nl80211: Driver does not support authentication/association or connect commands
05-01 20:51:42.936 I/hostapd ( 2943): nl80211: deinit ifname=wlan1 disabled_11b_rates=0
05-01 20:51:42.936 E/hostapd ( 2943): Could not read interface wlan1 flags: No such device
05-01 20:51:42.937 E/hostapd ( 2943): nl80211 driver initialization failed.
05-01 20:51:42.937 I/hostapd ( 2943): wlan1: interface state UNINITIALIZED->DISABLED
05-01 20:51:42.937 I/hostapd ( 2943): wlan1: AP-DISABLED 
05-01 20:51:42.937 E/hostapd ( 2943): hostapd_free_hapd_data: Interface wlan1 wasn't started
05-01 20:51:43.051 D/TrustManagerService( 2074): Removing dead TrustListener.
05-01 20:51:43.238 D/PhoneSwitcherNetworkRequstListener( 2598): got request NetworkRequest [ REQUEST id=1, [ Capabilities: INTERNET&NOT_RESTRICTED&TRUSTED&NOT_VPN] ] with score 0
05-01 20:51:43.260 D/TelephonyDebugService( 2598): TelephonyDebugService()
05-01 20:51:43.452 E/WVMExtractor( 2927): Failed to open libwvm.so: dlopen failed: library "libwvm.so" not found
05-01 20:51:44.134 D/CarrierConfigLoader( 2598): mHandler: 12 phoneId: 0
05-01 20:51:44.143 W/art     ( 2979): Unexpected CPU variant for X86 using defaults: x86_64
05-01 20:51:44.178 W/ActivityManager( 2074): Slow operation: 159ms so far, now at startProcess: returned from zygote!
05-01 20:51:44.178 W/ActivityManager( 2074): Slow operation: 159ms so far, now at startProcess: done updating battery stats
05-01 20:51:44.178 W/ActivityManager( 2074): Slow operation: 160ms so far, now at startProcess: building log message
05-01 20:51:44.179 I/ActivityManager( 2074): Start proc 2979:com.android.providers.calendar/u0a2 for content provider com.android.providers.calendar/.CalendarProvider2
05-01 20:51:44.179 W/ActivityManager( 2074): Slow operation: 160ms so far, now at startProcess: starting to update pids map
05-01 20:51:44.179 W/ActivityManager( 2074): Slow operation: 160ms so far, now at startProcess: done updating pids map
05-01 20:51:44.179 W/ActivityManager( 2074): Slow operation: 161ms so far, now at startProcess: done starting proc!
05-01 20:51:44.179 W/ActivityManager( 2074): Slow operation: 164ms so far, now at getContentProviderImpl: after start process
05-01 20:51:44.179 W/ActivityManager( 2074): Slow operation: 164ms so far, now at getContentProviderImpl: updating data structures
05-01 20:51:44.180 W/ActivityManager( 2074): Slow operation: 165ms so far, now at getContentProviderImpl: done!
05-01 20:51:44.180 W/art     ( 2074): Long monitor contention with owner ConditionProviders.ECP (2357) at android.app.IActivityManager$ContentProviderHolder com.android.server.am.ActivityManagerService.getContentProviderImpl(android.app.IApplicationThread, java.lang.String, android.os.IBinder, boolean, int)(ActivityManagerService.java:10666) waiters=0 in void com.android.server.am.ActivityManagerService.registerTaskStackListener(android.app.ITaskStackListener) for 174ms
05-01 20:51:44.181 W/art     ( 2074): Long monitor contention with owner ConditionProviders.ECP (2357) at android.app.IActivityManager$ContentProviderHolder com.android.server.am.ActivityManagerService.getContentProviderImpl(android.app.IApplicationThread, java.lang.String, android.os.IBinder, boolean, int)(ActivityManagerService.java:10666) waiters=1 in void com.android.server.am.ActivityManagerService.dispatchUidsChanged() for 162ms
05-01 20:51:44.315 W/art     ( 2074): Long monitor contention with owner Binder:2074_8 (2659) at void com.android.server.am.BroadcastQueue.processNextBroadcast(boolean)(BroadcastQueue.java:760) waiters=0 in void com.android.server.am.ActivityManagerService.dispatchUidsChanged() for 126ms
05-01 20:51:44.317 W/ActivityManager( 2074): Launch timeout has expired, giving up wake lock!
05-01 20:51:44.329 I/MediaPlayerService( 1345): MediaPlayerService::getOMX
05-01 20:51:44.339 I/Choreographer( 2866): Skipped 38 frames!  The application may be doing too much work on its main thread.
05-01 20:51:44.352 I/OMXClient( 2927): MuxOMX ctor
05-01 20:51:44.393 I/OMXMaster( 1337): makeComponentInstance(OMX.google.vorbis.decoder) in mediacodec process
05-01 20:51:44.436 D/gralloc_ranchu( 2866): Emulator without host-side GPU emulation detected. Loading gralloc.default.so from /vendor/lib64/hw/gralloc.goldfish.default.so...
05-01 20:51:44.439 D/gralloc_ranchu( 2866): gralloc.default.so not found in /vendor. Trying /system/lib64/hw/gralloc.goldfish.default.so...
05-01 20:51:44.488 D/CarrierSvcBindHelper( 2598): Received android.intent.action.USER_UNLOCKED
05-01 20:51:44.516 E/PhoneInterfaceManager( 2598): [PhoneIntfMgr] getCarrierPackageNamesForIntent: No UICC
05-01 20:51:44.516 D/CarrierSvcBindHelper( 2598): No carrier app for: 0
05-01 20:51:44.596 D/WIFI    ( 2074): Registering NetworkFactory
05-01 20:51:44.790 D/ConnectivityService( 2074): Got NetworkFactory Messenger for WIFI
05-01 20:51:44.791 D/WIFI_UT ( 2074): Registering NetworkFactory
05-01 20:51:44.791 D/ConnectivityService( 2074): Got NetworkFactory Messenger for WIFI_UT
05-01 20:51:44.793 D/WIFI    ( 2074): got request NetworkRequest [ REQUEST id=1, [ Capabilities: INTERNET&NOT_RESTRICTED&TRUSTED&NOT_VPN] ] with score 0
05-01 20:51:44.794 D/WIFI_UT ( 2074): got request NetworkRequest [ REQUEST id=1, [ Capabilities: INTERNET&NOT_RESTRICTED&TRUSTED&NOT_VPN] ] with score 0
05-01 20:51:44.920 W/ActivityManager( 2074): Slow operation: 331ms so far, now at startProcess: returned from zygote!
05-01 20:51:44.920 W/ActivityManager( 2074): Slow operation: 331ms so far, now at startProcess: done updating battery stats
05-01 20:51:44.921 W/ActivityManager( 2074): Slow operation: 332ms so far, now at startProcess: building log message
05-01 20:51:44.921 I/ActivityManager( 2074): Start proc 2998:com.android.deskclock/u0a31 for broadcast com.android.deskclock/.AlarmInitReceiver
05-01 20:51:44.921 W/ActivityManager( 2074): Slow operation: 332ms so far, now at startProcess: starting to update pids map
05-01 20:51:44.921 W/ActivityManager( 2074): Slow operation: 332ms so far, now at startProcess: done updating pids map
05-01 20:51:44.921 W/ActivityManager( 2074): Slow operation: 332ms so far, now at startProcess: done starting proc!
05-01 20:51:44.927 I/ActivityManager( 2074): Displayed com.android.launcher3/.Launcher: +10s488ms
05-01 20:51:44.973 W/art     ( 2998): Unexpected CPU variant for X86 using defaults: x86_64
05-01 20:51:45.332 W/System  ( 2979): ClassLoader referenced unknown path: /system/priv-app/CalendarProvider/lib/x86_64
05-01 20:51:45.498 V/GridSizeMigrationTask( 2866): Workspace migration completed in 1265
05-01 20:51:45.638 D/Launcher.Model( 2866): loadWorkspace: loading default favorites
05-01 20:51:46.000 W/WallpaperManagerService( 2074): Wallpaper reconnect timed out, reverting to built-in wallpaper!
05-01 20:51:47.107 E/ipv6proxy( 2942): Failed to get interface flags for wlan1: No such device
05-01 20:51:47.524 E/hostapd ( 3023): Configuration file: /system/etc/simulated_hostapd.conf
05-01 20:51:47.689 E/hostapd ( 3023): Could not read interface wlan1 flags: No such device
05-01 20:51:47.690 I/hostapd ( 3023): nl80211: Driver does not support authentication/association or connect commands
05-01 20:51:47.690 I/hostapd ( 3023): nl80211: deinit ifname=wlan1 disabled_11b_rates=0
05-01 20:51:47.691 E/hostapd ( 3023): Could not read interface wlan1 flags: No such device
05-01 20:51:47.691 E/hostapd ( 3023): nl80211 driver initialization failed.
05-01 20:51:47.691 I/hostapd ( 3023): wlan1: interface state UNINITIALIZED->DISABLED
05-01 20:51:47.692 I/hostapd ( 3023): wlan1: AP-DISABLED 
05-01 20:51:47.692 E/hostapd ( 3023): hostapd_free_hapd_data: Interface wlan1 wasn't started
05-01 20:51:48.069 E/ipv6proxy( 3027): Failed to get interface flags for wlan1: No such device
05-01 20:51:49.431 W/ifconfig( 3030): type=1400 audit(0.0:13): avc: denied { ioctl } for path="socket:[16763]" dev="sockfs" ino=16763 ioctlcmd=8927 scontext=u:r:shell:s0 tcontext=u:r:shell:s0 tclass=udp_socket permissive=0
05-01 20:51:49.501 W/ifconfig( 3030): type=1400 audit(0.0:14): avc: denied { ioctl } for path="socket:[16763]" dev="sockfs" ino=16763 ioctlcmd=891d scontext=u:r:shell:s0 tcontext=u:r:shell:s0 tclass=udp_socket permissive=0
05-01 20:51:49.511 W/ifconfig( 3030): type=1400 audit(0.0:15): avc: denied { ioctl } for path="socket:[16763]" dev="sockfs" ino=16763 ioctlcmd=8970 scontext=u:r:shell:s0 tcontext=u:r:shell:s0 tclass=udp_socket permissive=0
05-01 20:51:48.139 I/CalendarProvider2( 2979): Created com.android.providers.calendar.CalendarAlarmManager@9b8f0bb(com.android.providers.calendar.CalendarProvider2@8b9a9d8)
05-01 20:51:48.429 I/MediaPlayerService( 1345): MediaPlayerService::getOMX
05-01 20:51:48.433 I/OMXClient( 2927): MuxOMX ctor
05-01 20:51:48.454 I/OMXMaster( 1337): makeComponentInstance(OMX.google.vorbis.decoder) in mediacodec process
05-01 20:51:48.500 I/vol.Events( 2927): writeEvent collection_started
05-01 20:51:48.680 I/vol.Events( 2927): writeEvent external_ringer_mode_changed normal
05-01 20:51:48.683 I/vol.Events( 2927): writeEvent internal_ringer_mode_changed normal
05-01 20:51:49.995 W/ActivityManager( 2074): Slow operation: 87ms so far, now at startProcess: returned from zygote!
05-01 20:51:49.996 W/ActivityManager( 2074): Slow operation: 88ms so far, now at startProcess: done updating battery stats
05-01 20:51:49.996 W/ActivityManager( 2074): Slow operation: 88ms so far, now at startProcess: building log message
05-01 20:51:49.997 I/ActivityManager( 2074): Start proc 3040:com.android.printspooler/u0a51 for service com.android.printspooler/.model.PrintSpoolerService
05-01 20:51:49.997 W/ActivityManager( 2074): Slow operation: 89ms so far, now at startProcess: starting to update pids map
05-01 20:51:49.997 W/ActivityManager( 2074): Slow operation: 89ms so far, now at startProcess: done updating pids map
05-01 20:51:49.997 W/ActivityManager( 2074): Slow operation: 91ms so far, now at startProcess: done starting proc!
05-01 20:51:50.015 I/LatinIME( 2387): Timeout waiting for dictionary load
05-01 20:51:50.048 W/art     ( 3040): Unexpected CPU variant for X86 using defaults: x86_64
05-01 20:51:50.405 I/MediaPlayerService( 1345): MediaPlayerService::getOMX
05-01 20:51:50.502 I/OMXClient( 2927): MuxOMX ctor
05-01 20:51:50.564 I/OMXMaster( 1337): makeComponentInstance(OMX.google.vorbis.decoder) in mediacodec process
05-01 20:51:50.922 W/System  ( 2998): ClassLoader referenced unknown path: /system/app/DeskClock/lib/x86_64
05-01 20:51:51.035 I/art     ( 2866): Background sticky concurrent mark sweep GC freed 19946(1943KB) AllocSpace objects, 10(240KB) LOS objects, 22% free, 7MB/10MB, paused 1.619ms total 388.234ms
05-01 20:51:51.768 E/hostapd ( 3061): Configuration file: /system/etc/simulated_hostapd.conf
05-01 20:51:51.793 E/hostapd ( 3061): Could not read interface wlan1 flags: No such device
05-01 20:51:51.794 I/hostapd ( 3061): nl80211: Driver does not support authentication/association or connect commands
05-01 20:51:51.794 I/hostapd ( 3061): nl80211: deinit ifname=wlan1 disabled_11b_rates=0
05-01 20:51:51.801 E/hostapd ( 3061): Could not read interface wlan1 flags: No such device
05-01 20:51:51.801 E/hostapd ( 3061): nl80211 driver initialization failed.
05-01 20:51:51.802 I/hostapd ( 3061): wlan1: interface state UNINITIALIZED->DISABLED
05-01 20:51:51.802 I/hostapd ( 3061): wlan1: AP-DISABLED 
05-01 20:51:51.802 E/hostapd ( 3061): hostapd_free_hapd_data: Interface wlan1 wasn't started
05-01 20:51:51.836 I/vol.Events( 2927): writeEvent level_changed STREAM_ALARM 6
05-01 20:51:51.843 I/vol.Events( 2927): writeEvent level_changed STREAM_BLUETOOTH_SCO 7
05-01 20:51:51.875 I/vol.Events( 2927): writeEvent level_changed STREAM_MUSIC 11
05-01 20:51:51.900 I/vol.Events( 2927): writeEvent level_changed STREAM_RING 5
05-01 20:51:51.907 I/vol.Events( 2927): writeEvent level_changed STREAM_SYSTEM 5
05-01 20:51:51.928 I/vol.Events( 2927): writeEvent level_changed STREAM_VOICE_CALL 4
05-01 20:51:51.991 E/ipv6proxy( 3060): Failed to get interface flags for wlan1: No such device
05-01 20:51:52.018 W/art     ( 2074): Long monitor contention with owner android.bg (2106) at boolean android.os.MessageQueue.enqueueMessage(android.os.Message, long)(MessageQueue.java:541) waiters=0 in android.os.Message android.os.MessageQueue.next() for 584ms
05-01 20:51:52.086 I/BackupManagerService( 2074): Found stale backup journal, scheduling
05-01 20:51:52.140 D/StorageNotification( 2927): Notifying about private volume: VolumeInfo{private}:
05-01 20:51:52.140 D/StorageNotification( 2927):     type=PRIVATE diskId=null partGuid=null mountFlags=0 mountUserId=-1 
05-01 20:51:52.140 D/StorageNotification( 2927):     state=MOUNTED 
05-01 20:51:52.140 D/StorageNotification( 2927):     fsType=null fsUuid=null fsLabel=null 
05-01 20:51:52.140 D/StorageNotification( 2927):     path=/data internalPath=null 
05-01 20:51:52.144 D/StorageNotification( 2927): Notifying about public volume: VolumeInfo{public:253,48}:
05-01 20:51:52.144 D/StorageNotification( 2927):     type=PUBLIC diskId=disk:253,48 partGuid=null mountFlags=VISIBLE 
05-01 20:51:52.144 D/StorageNotification( 2927):     mountUserId=0 state=MOUNTED 
05-01 20:51:52.144 D/StorageNotification( 2927):     fsType=vfat fsUuid=1EFF-1C1B fsLabel=SDCARD 
05-01 20:51:52.144 D/StorageNotification( 2927):     path=/storage/1EFF-1C1B internalPath=/mnt/media_rw/1EFF-1C1B 
05-01 20:51:52.276 V/KeyguardServiceDelegate( 2074): *** Keyguard connected (yay!)
05-01 20:51:52.410 W/art     ( 2074): Long monitor contention with owner android.bg (2106) at boolean android.os.MessageQueue.enqueueMessage(android.os.Message, long)(MessageQueue.java:541) waiters=0 in android.os.Message android.os.MessageQueue.next() for 137ms
05-01 20:51:52.465 D/LockSettings( 2074): Removing dead StrongAuthTracker.
05-01 20:51:52.734 I/StatusBarManagerService( 2074): registerStatusBar bar=com.android.internal.statusbar.IStatusBar$Stub$Proxy@2791428
05-01 20:51:53.209 W/art     ( 2074): Long monitor contention with owner ConditionProviders.ECP (2357) at boolean com.android.server.am.ActivityManagerService.refContentProvider(android.os.IBinder, int, int)(ActivityManagerService.java:11231) waiters=1 in void com.android.server.am.ActivityManagerService$MainHandler.handleMessage(android.os.Message) for 298ms
05-01 20:51:53.215 W/art     ( 2074): Long monitor contention with owner ConditionProviders.ECP (2357) at boolean com.android.server.am.ActivityManagerService.refContentProvider(android.os.IBinder, int, int)(ActivityManagerService.java:11231) waiters=0 in android.content.Intent com.android.server.am.ActivityManagerService.registerReceiver(android.app.IApplicationThread, java.lang.String, android.content.IIntentReceiver, android.content.IntentFilter, java.lang.String, int) for 471ms
05-01 20:51:53.952 I/AlarmClock( 2998): AlarmInitReceiver android.intent.action.LOCKED_BOOT_COMPLETED
05-01 20:51:53.999 I/CalendarProvider2( 2979): Sending notification intent: Intent { act=android.intent.action.PROVIDER_CHANGED dat=content://com.android.calendar flg=0x20000000 }
05-01 20:51:54.000 W/ContentResolver( 2979): Failed to get type for: content://com.android.calendar (Unknown URL content://com.android.calendar)
05-01 20:51:54.121 D/AlarmClock/Events( 2998): [Stopwatch] [Reset] [Reboot]
05-01 20:51:54.453 I/ContactLocale( 2856): AddressBook Labels [[en_US]]: [â€¦, A, B, C, D, E, F, G, H, I, J, K, L, M, N, O, P, Q, R, S, T, U, V, W, X, Y, Z, Î‘, Î’, Î“, Î”, Î•, Î–, Î—, Î˜, Î™, Îš, Î›, Îœ, Î, Îž, ÎŸ, Î , Î¡, Î£, Î¤, Î¥, Î¦, Î§, Î¨, Î©, â€¦, Ð, Ð‘, Ð’, Ð“, Ð”, Ð‚, Ð•, Ð„, Ð–, Ð—, Ð˜, Ð†, Ð™, Ðˆ, Ðš, Ð›, Ð‰, Ðœ, Ð, ÐŠ, Ðž, ÐŸ, Ð , Ð¡, Ð¢, Ð‹, Ð£, Ð¤, Ð¥, Ð¦, Ð§, Ð, Ð¨, Ð©, Ð®, Ð¯, â€¦, ×, ×‘, ×’, ×“, ×”, ×•, ×–, ×—, ×˜, ×™, ×›, ×œ, ×ž, × , ×¡, ×¢, ×¤, ×¦, ×§, ×¨, ×©, ×ª, â€¦, Ø§, Ø¨, Øª, Ø«, Ø¬, Ø­, Ø®, Ø¯, Ø°, Ø±, Ø², Ø³, Ø´, Øµ, Ø¶, Ø·, Ø¸, Ø¹, Øº, Ù, Ù‚, Ùƒ, Ù„, Ù…, Ù†, Ù‡, Ùˆ, ÙŠ, â€¦, à¸, à¸‚, à¸ƒ, à¸„, à¸…, à¸†, à¸‡, à¸ˆ, à¸‰, à¸Š, à¸‹, à¸Œ, à¸, à¸Ž, à¸, à¸, à¸‘, à¸’, à¸“, à¸”, à¸•, à¸–, à¸—, à¸˜, à¸™, à¸š, à¸›, à¸œ, à¸, à¸ž, à¸Ÿ, à¸ , à¸¡, à¸¢, à¸£, à¸¤, à¸¥, à¸¦, à¸§, à¸¨, à¸©, à¸ª, à¸«, à¸¬, à¸­, à¸®, â€¦, ã„±, ã„´, ã„·, ã„¹, ã…, ã…‚, ã……, ã…‡, ã…ˆ, ã…Š, ã…‹, ã…Œ, ã…, ã…Ž, â€¦, ã‚, ã‹, ã•, ãŸ, ãª, ã¯, ã¾, ã‚„, ã‚‰, ã‚, #, â€¦]
05-01 20:51:54.461 W/art     ( 2927): Suspending all threads took: 13.237ms
05-01 20:51:54.502 I/art     ( 2927): Background sticky concurrent mark sweep GC freed 16184(2MB) AllocSpace objects, 2(40KB) LOS objects, 28% free, 7MB/10MB, paused 14.866ms total 164.536ms
05-01 20:51:55.045 I/art     ( 2074): Background partial concurrent mark sweep GC freed 22879(2031KB) AllocSpace objects, 23(1716KB) LOS objects, 29% free, 9MB/13MB, paused 21.518ms total 311.058ms
05-01 20:51:55.105 W/System  ( 2927): ClassLoader referenced unknown path: 
05-01 20:51:55.106 W/System  ( 2927): ClassLoader referenced unknown path: /system/priv-app/Dialer/lib/x86_64
05-01 20:51:55.110 D/ApplicationLoaders( 2927): ignored Vulkan layer search path /system/priv-app/Dialer/lib/x86_64:/system/lib64:/vendor/lib64 for namespace 0x73bd419680f0
05-01 20:51:55.366 E/BluetoothAdapter( 2927): Bluetooth binder is null
05-01 20:51:55.383 V/AlarmClock( 2998): AlarmInitReceiver finished
05-01 20:51:55.394 W/art     ( 3072): Unexpected CPU variant for X86 using defaults: x86_64
05-01 20:51:55.396 I/ActivityManager( 2074): Start proc 3072:android.process.media/u0a10 for broadcast com.android.providers.downloads/.DownloadReceiver
05-01 20:51:55.574 I/CameraManagerGlobal( 2927): Connecting to camera service
05-01 20:51:55.605 V/EmulatedCamera_Camera( 1327): getCameraInfo
05-01 20:51:55.606 V/EmulatedCamera_BaseCamera( 1327): getCameraInfo
05-01 20:51:55.607 I/CameraService( 1327): getCameraCharacteristics: Switching to HAL1 shim implementation...
05-01 20:51:55.607 V/EmulatedCamera_Camera( 1327): getCameraInfo
05-01 20:51:55.607 V/EmulatedCamera_BaseCamera( 1327): getCameraInfo
05-01 20:51:55.613 V/EmulatedCamera_Camera( 1327): getCameraInfo
05-01 20:51:55.614 V/EmulatedCamera_BaseCamera( 1327): getCameraInfo
05-01 20:51:55.619 V/EmulatedCamera_Camera( 1327): getCameraInfo
05-01 20:51:55.620 V/EmulatedCamera_BaseCamera( 1327): getCameraInfo
05-01 20:51:55.656 W/System  ( 3072): ClassLoader referenced unknown path: /system/priv-app/DownloadProvider/lib/x86_64
05-01 20:51:55.704 I/StatusBar( 2927): isKeyguardShowing() called before startKeyguard(), returning true
05-01 20:51:55.706 W/StatusBar( 2927): isKeyguardSecure() called before startKeyguard(), returning false
05-01 20:51:55.706 W/StatusBar( 2927): java.lang.Throwable
05-01 20:51:55.706 W/StatusBar( 2927): 	at com.android.systemui.statusbar.BaseStatusBar.isKeyguardSecure(BaseStatusBar.java:2647)
05-01 20:51:55.706 W/StatusBar( 2927): 	at com.android.systemui.statusbar.BaseStatusBar.isCameraAllowedByAdmin(BaseStatusBar.java:2670)
05-01 20:51:55.706 W/StatusBar( 2927): 	at com.android.systemui.statusbar.phone.KeyguardBottomAreaView.updateCameraVisibility(KeyguardBottomAreaView.java:309)
05-01 20:51:55.706 W/StatusBar( 2927): 	at com.android.systemui.statusbar.phone.KeyguardBottomAreaView.setPhoneStatusBar(KeyguardBottomAreaView.java:272)
05-01 20:51:55.706 W/StatusBar( 2927): 	at com.android.systemui.statusbar.phone.PhoneStatusBar.makeStatusBarView(PhoneStatusBar.java:904)
05-01 20:51:55.706 W/StatusBar( 2927): 	at com.android.systemui.statusbar.phone.PhoneStatusBar.addStatusBarWindow(PhoneStatusBar.java:3432)
05-01 20:51:55.706 W/StatusBar( 2927): 	at com.android.systemui.statusbar.phone.PhoneStatusBar.createAndAddWindows(PhoneStatusBar.java:3428)
05-01 20:51:55.706 W/StatusBar( 2927): 	at com.android.systemui.statusbar.BaseStatusBar.start(BaseStatusBar.java:765)
05-01 20:51:55.706 W/StatusBar( 2927): 	at com.android.systemui.statusbar.phone.PhoneStatusBar.start(PhoneStatusBar.java:686)
05-01 20:51:55.706 W/StatusBar( 2927): 	at com.android.systemui.statusbar.SystemBars.createStatusBarFromConfig(SystemBars.java:106)
05-01 20:51:55.706 W/StatusBar( 2927): 	at com.android.systemui.statusbar.SystemBars.onNoService(SystemBars.java:58)
05-01 20:51:55.706 W/StatusBar( 2927): 	at com.android.systemui.statusbar.ServiceMonitor.startService(ServiceMonitor.java:230)
05-01 20:51:55.706 W/StatusBar( 2927): 	at com.android.systemui.statusbar.ServiceMonitor.-wrap5(ServiceMonitor.java)
05-01 20:51:55.706 W/StatusBar( 2927): 	at com.android.systemui.statusbar.ServiceMonitor$1.handleMessage(ServiceMonitor.java:73)
05-01 20:51:55.706 W/StatusBar( 2927): 	at android.os.Handler.dispatchMessage(Handler.java:102)
05-01 20:51:55.706 W/StatusBar( 2927): 	at android.os.Looper.loop(Looper.java:154)
05-01 20:51:55.706 W/StatusBar( 2927): 	at android.app.ActivityThread.main(ActivityThread.java:6119)
05-01 20:51:55.706 W/StatusBar( 2927): 	at java.lang.reflect.Method.invoke(Native Method)
05-01 20:51:55.706 W/StatusBar( 2927): 	at com.android.internal.os.ZygoteInit$MethodAndArgsCaller.run(ZygoteInit.java:886)
05-01 20:51:55.706 W/StatusBar( 2927): 	at com.android.internal.os.ZygoteInit.main(ZygoteInit.java:776)
05-01 20:51:55.711 I/StatusBar( 2927): isKeyguardShowing() called before startKeyguard(), returning true
05-01 20:51:55.712 W/StatusBar( 2927): isKeyguardSecure() called before startKeyguard(), returning false
05-01 20:51:55.712 W/StatusBar( 2927): java.lang.Throwable
05-01 20:51:55.712 W/StatusBar( 2927): 	at com.android.systemui.statusbar.BaseStatusBar.isKeyguardSecure(BaseStatusBar.java:2647)
05-01 20:51:55.712 W/StatusBar( 2927): 	at com.android.systemui.statusbar.BaseStatusBar.isCameraAllowedByAdmin(BaseStatusBar.java:2670)
05-01 20:51:55.712 W/StatusBar( 2927): 	at com.android.systemui.statusbar.phone.KeyguardBottomAreaView.updateCameraVisibility(KeyguardBottomAreaView.java:309)
05-01 20:51:55.712 W/StatusBar( 2927): 	at com.android.systemui.statusbar.phone.KeyguardBottomAreaView.setUserSetupComplete(KeyguardBottomAreaView.java:281)
05-01 20:51:55.712 W/StatusBar( 2927): 	at com.android.systemui.statusbar.phone.PhoneStatusBar.makeStatusBarView(PhoneStatusBar.java:905)
05-01 20:51:55.712 W/StatusBar( 2927): 	at com.android.systemui.statusbar.phone.PhoneStatusBar.addStatusBarWindow(PhoneStatusBar.java:3432)
05-01 20:51:55.712 W/StatusBar( 2927): 	at com.android.systemui.statusbar.phone.PhoneStatusBar.createAndAddWindows(PhoneStatusBar.java:3428)
05-01 20:51:55.712 W/StatusBar( 2927): 	at com.android.systemui.statusbar.BaseStatusBar.start(BaseStatusBar.java:765)
05-01 20:51:55.712 W/StatusBar( 2927): 	at com.android.systemui.statusbar.phone.PhoneStatusBar.start(PhoneStatusBar.java:686)
05-01 20:51:55.712 W/StatusBar( 2927): 	at com.android.systemui.statusbar.SystemBars.createStatusBarFromConfig(SystemBars.java:106)
05-01 20:51:55.712 W/StatusBar( 2927): 	at com.android.systemui.statusbar.SystemBars.onNoService(SystemBars.java:58)
05-01 20:51:55.712 W/StatusBar( 2927): 	at com.android.systemui.statusbar.ServiceMonitor.startService(ServiceMonitor.java:230)
05-01 20:51:55.712 W/StatusBar( 2927): 	at com.android.systemui.statusbar.ServiceMonitor.-wrap5(ServiceMonitor.java)
05-01 20:51:55.712 W/StatusBar( 2927): 	at com.android.systemui.statusbar.ServiceMonitor$1.handleMessage(ServiceMonitor.java:73)
05-01 20:51:55.712 W/StatusBar( 2927): 	at android.os.Handler.dispatchMessage(Handler.java:102)
05-01 20:51:55.712 W/StatusBar( 2927): 	at android.os.Looper.loop(Looper.java:154)
05-01 20:51:55.712 W/StatusBar( 2927): 	at android.app.ActivityThread.main(ActivityThread.java:6119)
05-01 20:51:55.712 W/StatusBar( 2927): 	at java.lang.reflect.Method.invoke(Native Method)
05-01 20:51:55.712 W/StatusBar( 2927): 	at com.android.internal.os.ZygoteInit$MethodAndArgsCaller.run(ZygoteInit.java:886)
05-01 20:51:55.712 W/StatusBar( 2927): 	at com.android.internal.os.ZygoteInit.main(ZygoteInit.java:776)
05-01 20:51:56.003 W/System  ( 3072): ClassLoader referenced unknown path: /system/priv-app/MediaProvider/lib/x86_64
05-01 20:51:56.062 D/ApplicationLoaders( 3072): ignored Vulkan layer search path /system/priv-app/MediaProvider/lib/x86_64:/system/priv-app/MediaProvider/MediaProvider.apk!/lib/x86_64:/system/lib64:/vendor/lib64 for namespace 0x73bd418050f0
05-01 20:51:56.299 V/EmulatedCamera_Camera( 1327): getCameraInfo
05-01 20:51:56.300 V/EmulatedCamera_BaseCamera( 1327): getCameraInfo
05-01 20:51:56.308 V/EmulatedCamera_Camera( 1327): getCameraInfo
05-01 20:51:56.308 V/EmulatedCamera_BaseCamera( 1327): getCameraInfo
05-01 20:51:56.756 I/StatusBar( 2927): isKeyguardShowing() called before startKeyguard(), returning true
05-01 20:51:56.761 W/StatusBar( 2927): isKeyguardSecure() called before startKeyguard(), returning false
05-01 20:51:56.761 W/StatusBar( 2927): java.lang.Throwable
05-01 20:51:56.761 W/StatusBar( 2927): 	at com.android.systemui.statusbar.BaseStatusBar.isKeyguardSecure(BaseStatusBar.java:2647)
05-01 20:51:56.761 W/StatusBar( 2927): 	at com.android.systemui.statusbar.BaseStatusBar.isCameraAllowedByAdmin(BaseStatusBar.java:2670)
05-01 20:51:56.761 W/StatusBar( 2927): 	at com.android.systemui.statusbar.phone.KeyguardBottomAreaView.updateCameraVisibility(KeyguardBottomAreaView.java:309)
05-01 20:51:56.761 W/StatusBar( 2927): 	at com.android.systemui.statusbar.phone.KeyguardBottomAreaView.setUserSetupComplete(KeyguardBottomAreaView.java:281)
05-01 20:51:56.761 W/StatusBar( 2927): 	at com.android.systemui.statusbar.phone.PhoneStatusBar$1.onChange(PhoneStatusBar.java:441)
05-01 20:51:56.761 W/StatusBar( 2927): 	at com.android.systemui.statusbar.phone.PhoneStatusBar.resetUserSetupObserver(PhoneStatusBar.java:3676)
05-01 20:51:56.761 W/StatusBar( 2927): 	at com.android.systemui.statusbar.phone.PhoneStatusBar.makeStatusBarView(PhoneStatusBar.java:1008)
05-01 20:51:56.761 W/StatusBar( 2927): 	at com.android.systemui.statusbar.phone.PhoneStatusBar.addStatusBarWindow(PhoneStatusBar.java:3432)
05-01 20:51:56.761 W/StatusBar( 2927): 	at com.android.systemui.statusbar.phone.PhoneStatusBar.createAndAddWindows(PhoneStatusBar.java:3428)
05-01 20:51:56.761 W/StatusBar( 2927): 	at com.android.systemui.statusbar.BaseStatusBar.start(BaseStatusBar.java:765)
05-01 20:51:56.761 W/StatusBar( 2927): 	at com.android.systemui.statusbar.phone.PhoneStatusBar.start(PhoneStatusBar.java:686)
05-01 20:51:56.761 W/StatusBar( 2927): 	at com.android.systemui.statusbar.SystemBars.createStatusBarFromConfig(SystemBars.java:106)
05-01 20:51:56.761 W/StatusBar( 2927): 	at com.android.systemui.statusbar.SystemBars.onNoService(SystemBars.java:58)
05-01 20:51:56.761 W/StatusBar( 2927): 	at com.android.systemui.statusbar.ServiceMonitor.startService(ServiceMonitor.java:230)
05-01 20:51:56.761 W/StatusBar( 2927): 	at com.android.systemui.statusbar.ServiceMonitor.-wrap5(ServiceMonitor.java)
05-01 20:51:56.761 W/StatusBar( 2927): 	at com.android.systemui.statusbar.ServiceMonitor$1.handleMessage(ServiceMonitor.java:73)
05-01 20:51:56.761 W/StatusBar( 2927): 	at android.os.Handler.dispatchMessage(Handler.java:102)
05-01 20:51:56.761 W/StatusBar( 2927): 	at android.os.Looper.loop(Looper.java:154)
05-01 20:51:56.761 W/StatusBar( 2927): 	at android.app.ActivityThread.main(ActivityThread.java:6119)
05-01 20:51:56.761 W/StatusBar( 2927): 	at java.lang.reflect.Method.invoke(Native Method)
05-01 20:51:56.761 W/StatusBar( 2927): 	at com.android.internal.os.ZygoteInit$MethodAndArgsCaller.run(ZygoteInit.java:886)
05-01 20:51:56.761 W/StatusBar( 2927): 	at com.android.internal.os.ZygoteInit.main(ZygoteInit.java:776)
05-01 20:51:56.804 E/SurfaceFlinger( 1320): ro.sf.lcd_density must be defined as a build property
05-01 20:51:56.828 D/OpenGLRenderer( 2927): profile bars disabled
05-01 20:51:56.845 D/OpenGLRenderer( 2927): ambientRatio = 1.50
05-01 20:51:56.952 D/PhoneStatusBar( 2927): disable: < EXPAND* icons alerts system_info BACK* HOME* RECENT* clock SEARCH* quick_settings >
05-01 20:51:57.352 E/ipv6proxy( 3092): Failed to get interface flags for wlan1: No such device
05-01 20:51:57.434 E/hostapd ( 3093): Configuration file: /system/etc/simulated_hostapd.conf
05-01 20:51:57.479 E/hostapd ( 3093): Could not read interface wlan1 flags: No such device
05-01 20:51:57.480 I/hostapd ( 3093): nl80211: Driver does not support authentication/association or connect commands
05-01 20:51:57.480 I/hostapd ( 3093): nl80211: deinit ifname=wlan1 disabled_11b_rates=0
05-01 20:51:57.481 E/hostapd ( 3093): Could not read interface wlan1 flags: No such device
05-01 20:51:57.481 E/hostapd ( 3093): nl80211 driver initialization failed.
05-01 20:51:57.481 I/hostapd ( 3093): wlan1: interface state UNINITIALIZED->DISABLED
05-01 20:51:57.481 I/hostapd ( 3093): wlan1: AP-DISABLED 
05-01 20:51:57.482 E/hostapd ( 3093): hostapd_free_hapd_data: Interface wlan1 wasn't started
05-01 20:51:57.646 D/PhoneStatusBar( 2927): heads up is enabled
05-01 20:51:58.080 I/art     ( 2927): Background partial concurrent mark sweep GC freed 9297(1288KB) AllocSpace objects, 4(84KB) LOS objects, 23% free, 12MB/16MB, paused 1.868ms total 187.965ms
05-01 20:51:58.415 W/art     ( 2074): Long monitor contention with owner Binder:2074_D (2924) at int com.android.server.wm.WindowManagerService.relayoutWindow(com.android.server.wm.Session, android.view.IWindow, int, android.view.WindowManager$LayoutParams, int, int, int, int, android.graphics.Rect, android.graphics.Rect, android.graphics.Rect, android.graphics.Rect, android.graphics.Rect, android.graphics.Rect, android.graphics.Rect, android.content.res.Configuration, android.view.Surface)(WindowManagerService.java:2857) waiters=0 in void com.android.server.wm.WindowManagerService$H.handleMessage(android.os.Message) for 576ms
05-01 20:51:58.568 W/art     ( 2074): Long monitor contention with owner Binder:2074_D (2924) at int com.android.server.wm.WindowManagerService.relayoutWindow(com.android.server.wm.Session, android.view.IWindow, int, android.view.WindowManager$LayoutParams, int, int, int, int, android.graphics.Rect, android.graphics.Rect, android.graphics.Rect, android.graphics.Rect, android.graphics.Rect, android.graphics.Rect, android.graphics.Rect, android.content.res.Configuration, android.view.Surface)(WindowManagerService.java:2857) waiters=1 in void com.android.server.wm.WindowManagerService.getInitialDisplaySize(int, android.graphics.Point) for 440ms
05-01 20:51:58.578 W/KeyguardUpdateMonitor( 2927): invalid subId in handleSimStateChange()
05-01 20:51:58.631 W/KeyguardUpdateMonitor( 2927): invalid subId in handleSimStateChange()
05-01 20:51:58.892 V/KeyguardServiceDelegate( 2074): **** SHOWN CALLED ****
05-01 20:51:58.976 I/Choreographer( 2927): Skipped 228 frames!  The application may be doing too much work on its main thread.
05-01 20:51:59.078 W/art     ( 2074): Long monitor contention with owner Binder:2074_A (2917) at int com.android.server.wm.WindowManagerService.relayoutWindow(com.android.server.wm.Session, android.view.IWindow, int, android.view.WindowManager$LayoutParams, int, int, int, int, android.graphics.Rect, android.graphics.Rect, android.graphics.Rect, android.graphics.Rect, android.graphics.Rect, android.graphics.Rect, android.graphics.Rect, android.content.res.Configuration, android.view.Surface)(WindowManagerService.java:2857) waiters=1 in void com.android.server.wm.WindowAnimator$1.doFrame(long) for 500ms
05-01 20:51:59.104 D/ViewRootImpl[StatusBar]( 2927): changeCanvasOpacity: opaque=true
05-01 20:51:59.620 W/art     ( 2074): Long monitor contention with owner android.display (2128) at void com.android.server.wm.WindowManagerService$H.handleMessage(android.os.Message)(WindowManagerService.java:8368) waiters=0 in int com.android.server.wm.WindowManagerService.relayoutWindow(com.android.server.wm.Session, android.view.IWindow, int, android.view.WindowManager$LayoutParams, int, int, int, int, android.graphics.Rect, android.graphics.Rect, android.graphics.Rect, android.graphics.Rect, android.graphics.Rect, android.graphics.Rect, android.graphics.Rect, android.content.res.Configuration, android.view.Surface) for 220ms
05-01 20:51:59.895 D/MediaScannerReceiver( 3072): action: android.intent.action.MEDIA_MOUNTED path: /storage/1EFF-1C1B
05-01 20:52:00.360 W/art     ( 2074): Long monitor contention with owner android.ui (2111) at int com.android.server.wm.WindowManagerService.relayoutWindow(com.android.server.wm.Session, android.view.IWindow, int, android.view.WindowManager$LayoutParams, int, int, int, int, android.graphics.Rect, android.graphics.Rect, android.graphics.Rect, android.graphics.Rect, android.graphics.Rect, android.graphics.Rect, android.graphics.Rect, android.content.res.Configuration, android.view.Surface)(WindowManagerService.java:2857) waiters=0 in void com.android.server.wm.WindowManagerService$H.handleMessage(android.os.Message) for 476ms
05-01 20:52:00.801 W/art     ( 3072): Suspending all threads took: 236.027ms
05-01 20:52:00.883 I/art     ( 3072): Waiting for a blocking GC DisableMovingGc
05-01 20:52:00.905 I/art     ( 3072): WaitForGcToComplete blocked for 21.655ms for cause DisableMovingGc
05-01 20:52:00.905 I/art     ( 3072): Starting a blocking GC DisableMovingGc
05-01 20:52:00.973 D/MediaScannerReceiver( 3072): action: android.intent.action.MEDIA_MOUNTED path: /storage/emulated/0
05-01 20:52:01.308 W/Binder  ( 2927): Binder call failed.
05-01 20:52:01.308 W/Binder  ( 2927): android.os.DeadObjectException
05-01 20:52:01.308 W/Binder  ( 2927): 	at android.os.BinderProxy.transactNative(Native Method)
05-01 20:52:01.308 W/Binder  ( 2927): 	at android.os.BinderProxy.transact(Binder.java:615)
05-01 20:52:01.308 W/Binder  ( 2927): 	at android.content.IIntentReceiver$Stub$Proxy.performReceive(IIntentReceiver.java:124)
05-01 20:52:01.308 W/Binder  ( 2927): 	at android.app.ActivityThread$ApplicationThread.scheduleRegisteredReceiver(ActivityThread.java:946)
05-01 20:52:01.308 W/Binder  ( 2927): 	at android.app.ApplicationThreadNative.onTransact(ApplicationThreadNative.java:404)
05-01 20:52:01.308 W/Binder  ( 2927): 	at android.os.Binder.execTransact(Binder.java:565)
05-01 20:52:01.374 W/art     ( 2074): Long monitor contention with owner Binder:2074_8 (2659) at int com.android.server.wm.WindowManagerService.relayoutWindow(com.android.server.wm.Session, android.view.IWindow, int, android.view.WindowManager$LayoutParams, int, int, int, int, android.graphics.Rect, android.graphics.Rect, android.graphics.Rect, android.graphics.Rect, android.graphics.Rect, android.graphics.Rect, android.graphics.Rect, android.content.res.Configuration, android.view.Surface)(WindowManagerService.java:2857) waiters=0 in void com.android.server.wm.WindowAnimator$1.doFrame(long) for 463ms
05-01 20:52:02.014 E/hostapd ( 3108): Configuration file: /system/etc/simulated_hostapd.conf
05-01 20:52:02.055 E/hostapd ( 3108): Could not read interface wlan1 flags: No such device
05-01 20:52:02.055 I/hostapd ( 3108): nl80211: Driver does not support authentication/association or connect commands
05-01 20:52:02.056 I/hostapd ( 3108): nl80211: deinit ifname=wlan1 disabled_11b_rates=0
05-01 20:52:02.056 E/hostapd ( 3108): Could not read interface wlan1 flags: No such device
05-01 20:52:02.057 E/hostapd ( 3108): nl80211 driver initialization failed.
05-01 20:52:02.057 I/hostapd ( 3108): wlan1: interface state UNINITIALIZED->DISABLED
05-01 20:52:02.057 I/hostapd ( 3108): wlan1: AP-DISABLED 
05-01 20:52:02.057 E/hostapd ( 3108): hostapd_free_hapd_data: Interface wlan1 wasn't started
05-01 20:52:02.080 W/art     ( 2074): Long monitor contention with owner Binder:2074_4 (2419) at int com.android.server.wm.WindowManagerService.relayoutWindow(com.android.server.wm.Session, android.view.IWindow, int, android.view.WindowManager$LayoutParams, int, int, int, int, android.graphics.Rect, android.graphics.Rect, android.graphics.Rect, android.graphics.Rect, android.graphics.Rect, android.graphics.Rect, android.graphics.Rect, android.content.res.Configuration, android.view.Surface)(WindowManagerService.java:2857) waiters=0 in void com.android.server.wm.WindowManagerService$H.handleMessage(android.os.Message) for 362ms
05-01 20:52:02.350 E/ipv6proxy( 3107): Failed to get interface flags for wlan1: No such device
05-01 20:52:02.431 W/art     ( 2074): Long monitor contention with owner Binder:2074_B (2920) at int com.android.server.wm.WindowManagerService.relayoutWindow(com.android.server.wm.Session, android.view.IWindow, int, android.view.WindowManager$LayoutParams, int, int, int, int, android.graphics.Rect, android.graphics.Rect, android.graphics.Rect, android.graphics.Rect, android.graphics.Rect, android.graphics.Rect, android.graphics.Rect, android.content.res.Configuration, android.view.Surface)(WindowManagerService.java:2857) waiters=0 in void com.android.server.wm.WindowManagerService.getInitialDisplaySize(int, android.graphics.Point) for 129ms
05-01 20:52:02.566 D/WifiService( 2074): New client listening to asynchronous messages
05-01 20:52:02.926 V/MediaScanner( 3072): pruneDeadThumbnailFiles... android.content.ContentProviderClient$CursorWrapperInner@76e88f
05-01 20:52:02.937 V/MediaScanner( 3072): /pruneDeadThumbnailFiles... android.content.ContentProviderClient$CursorWrapperInner@76e88f
05-01 20:52:03.094 I/Choreographer( 2927): Skipped 247 frames!  The application may be doing too much work on its main thread.
05-01 20:52:03.253 D/gralloc_ranchu( 2927): Emulator without host-side GPU emulation detected. Loading gralloc.default.so from /vendor/lib64/hw/gralloc.goldfish.default.so...
05-01 20:52:03.267 D/gralloc_ranchu( 2927): gralloc.default.so not found in /vendor. Trying /system/lib64/hw/gralloc.goldfish.default.so...
05-01 20:52:03.567 W/art     ( 2074): Long monitor contention with owner android.display (2128) at void com.android.server.wm.WindowManagerService$H.handleMessage(android.os.Message)(WindowManagerService.java:8368) waiters=0 in void com.android.server.wm.WindowManagerService.finishDrawingWindow(com.android.server.wm.Session, android.view.IWindow) for 152ms
05-01 20:52:03.841 D/PhoneStatusBar( 2927): disable: < expand* icons alerts system_info back* home* recent* clock search* quick_settings >
05-01 20:52:04.318 W/art     ( 2074): Long monitor contention with owner android.display (2128) at void com.android.server.wm.WindowAnimator$1.doFrame(long)(WindowAnimator.java:144) waiters=1 in int com.android.server.wm.WindowManagerService.relayoutWindow(com.android.server.wm.Session, android.view.IWindow, int, android.view.WindowManager$LayoutParams, int, int, int, int, android.graphics.Rect, android.graphics.Rect, android.graphics.Rect, android.graphics.Rect, android.graphics.Rect, android.graphics.Rect, android.graphics.Rect, android.content.res.Configuration, android.view.Surface) for 296ms
05-01 20:52:04.344 V/MediaScanner( 3072): pruneDeadThumbnailFiles... android.content.ContentProviderClient$CursorWrapperInner@dcd7b95
05-01 20:52:04.370 V/MediaScanner( 3072): /pruneDeadThumbnailFiles... android.content.ContentProviderClient$CursorWrapperInner@dcd7b95
05-01 20:52:04.550 W/art     ( 2074): Long monitor contention with owner android.display (2128) at void com.android.server.wm.WindowAnimator$1.doFrame(long)(WindowAnimator.java:144) waiters=1 in void com.android.server.wm.WindowManagerService.statusBarVisibilityChanged(int) for 456ms
05-01 20:52:04.969 W/art     ( 2074): Long monitor contention with owner android.display (2128) at void com.android.server.wm.WindowManagerService$H.handleMessage(android.os.Message)(WindowManagerService.java:8368) waiters=1 in void com.android.server.wm.WindowManagerService.statusBarVisibilityChanged(int) for 419ms
05-01 20:52:05.190 I/art     ( 2927): Background sticky concurrent mark sweep GC freed 10230(409KB) AllocSpace objects, 3(60KB) LOS objects, 0% free, 18MB/18MB, paused 69.208ms total 159.283ms
05-01 20:52:05.250 I/Choreographer( 2927): Skipped 123 frames!  The application may be doing too much work on its main thread.
05-01 20:52:05.940 I/Choreographer( 2927): Skipped 41 frames!  The application may be doing too much work on its main thread.
05-01 20:52:06.722 E/ipv6proxy( 3109): Failed to get interface flags for wlan1: No such device
05-01 20:52:06.790 E/hostapd ( 3110): Configuration file: /system/etc/simulated_hostapd.conf
05-01 20:52:06.804 E/hostapd ( 3110): Could not read interface wlan1 flags: No such device
05-01 20:52:06.805 I/hostapd ( 3110): nl80211: Driver does not support authentication/association or connect commands
05-01 20:52:06.805 I/hostapd ( 3110): nl80211: deinit ifname=wlan1 disabled_11b_rates=0
05-01 20:52:06.806 E/hostapd ( 3110): Could not read interface wlan1 flags: No such device
05-01 20:52:06.806 E/hostapd ( 3110): nl80211 driver initialization failed.
05-01 20:52:06.807 I/hostapd ( 3110): wlan1: interface state UNINITIALIZED->DISABLED
05-01 20:52:06.807 I/hostapd ( 3110): wlan1: AP-DISABLED 
05-01 20:52:06.807 E/hostapd ( 3110): hostapd_free_hapd_data: Interface wlan1 wasn't started
05-01 20:52:12.054 E/hostapd ( 3112): Configuration file: /system/etc/simulated_hostapd.conf
05-01 20:52:12.068 E/hostapd ( 3112): Could not read interface wlan1 flags: No such device
05-01 20:52:12.069 I/hostapd ( 3112): nl80211: Driver does not support authentication/association or connect commands
05-01 20:52:12.069 I/hostapd ( 3112): nl80211: deinit ifname=wlan1 disabled_11b_rates=0
05-01 20:52:12.070 E/hostapd ( 3112): Could not read interface wlan1 flags: No such device
05-01 20:52:12.070 E/hostapd ( 3112): nl80211 driver initialization failed.
05-01 20:52:12.070 I/hostapd ( 3112): wlan1: interface state UNINITIALIZED->DISABLED
05-01 20:52:12.071 I/hostapd ( 3112): wlan1: AP-DISABLED 
05-01 20:52:12.071 E/hostapd ( 3112): hostapd_free_hapd_data: Interface wlan1 wasn't started
05-01 20:52:12.079 E/ipv6proxy( 3111): Failed to get interface flags for wlan1: No such device
05-01 20:52:17.367 E/hostapd ( 3114): Configuration file: /system/etc/simulated_hostapd.conf
05-01 20:52:17.380 E/hostapd ( 3114): Could not read interface wlan1 flags: No such device
05-01 20:52:17.381 I/hostapd ( 3114): nl80211: Driver does not support authentication/association or connect commands
05-01 20:52:17.381 I/hostapd ( 3114): nl80211: deinit ifname=wlan1 disabled_11b_rates=0
05-01 20:52:17.381 E/hostapd ( 3114): Could not read interface wlan1 flags: No such device
05-01 20:52:17.382 E/hostapd ( 3114): nl80211 driver initialization failed.
05-01 20:52:17.382 I/hostapd ( 3114): wlan1: interface state UNINITIALIZED->DISABLED
05-01 20:52:17.382 I/hostapd ( 3114): wlan1: AP-DISABLED 
05-01 20:52:17.382 E/hostapd ( 3114): hostapd_free_hapd_data: Interface wlan1 wasn't started
05-01 20:52:17.388 E/ipv6proxy( 3113): Failed to get interface flags for wlan1: No such device
05-01 20:52:21.676 E/hostapd ( 3116): Configuration file: /system/etc/simulated_hostapd.conf
05-01 20:52:21.690 E/hostapd ( 3116): Could not read interface wlan1 flags: No such device
05-01 20:52:21.690 I/hostapd ( 3116): nl80211: Driver does not support authentication/association or connect commands
05-01 20:52:21.690 I/hostapd ( 3116): nl80211: deinit ifname=wlan1 disabled_11b_rates=0
05-01 20:52:21.691 E/hostapd ( 3116): Could not read interface wlan1 flags: No such device
05-01 20:52:21.691 E/hostapd ( 3116): nl80211 driver initialization failed.
05-01 20:52:21.691 I/hostapd ( 3116): wlan1: interface state UNINITIALIZED->DISABLED
05-01 20:52:21.692 I/hostapd ( 3116): wlan1: AP-DISABLED 
05-01 20:52:21.692 E/hostapd ( 3116): hostapd_free_hapd_data: Interface wlan1 wasn't started
05-01 20:52:21.698 E/ipv6proxy( 3115): Failed to get interface flags for wlan1: No such device
05-01 20:52:26.978 E/ipv6proxy( 3117): Failed to get interface flags for wlan1: No such device
05-01 20:52:26.981 E/hostapd ( 3118): Configuration file: /system/etc/simulated_hostapd.conf
05-01 20:52:26.994 E/hostapd ( 3118): Could not read interface wlan1 flags: No such device
05-01 20:52:26.996 I/hostapd ( 3118): nl80211: Driver does not support authentication/association or connect commands
