05-01 20:50:28.833 I/SystemServer( 2074): Making services ready
05-01 20:50:28.833 I/SystemServiceManager( 2074): Starting phase 550
05-01 20:50:29.010 W/art     ( 2074): Long monitor contention with owner main (2074) at int com.android.server.am.ActivityManagerService.bindService(android.app.IApplicationThread, android.os.IBinder, android.content.Intent, java.lang.String, android.app.IServiceConnection, int, java.lang.String, int)(ActivityManagerService.java:17301) waiters=1 in void com.android.server.am.ActivityManagerService.dispatchUidsChanged() for 110ms
05-01 20:50:29.260 W/WindowManager( 2074): Keyguard drawn timeout. Setting mKeyguardDrawComplete
05-01 20:50:29.414 E/InputMethodManagerService( 2074): Ignoring updateSystemUiLocked due to an invalid token. uid:1000 token:null
05-01 20:50:29.695 E/ipv6proxy( 2381): Failed to get interface flags for wlan1: No such device
05-01 20:50:29.954 E/hostapd ( 2382): Configuration file: /system/etc/simulated_hostapd.conf
05-01 20:50:30.047 E/hostapd ( 2382): Could not read interface wlan1 flags: No such device
05-01 20:50:30.047 I/hostapd ( 2382): nl80211: Driver does not support authentication/association or connect commands
05-01 20:50:30.047 I/hostapd ( 2382): nl80211: deinit ifname=wlan1 disabled_11b_rates=0
05-01 20:50:30.048 E/hostapd ( 2382): Could not read interface wlan1 flags: No such device
05-01 20:50:30.048 E/hostapd ( 2382): nl80211 driver initialization failed.
05-01 20:50:30.048 I/hostapd ( 2382): wlan1: interface state UNINITIALIZED->DISABLED
05-01 20:50:30.049 I/hostapd ( 2382): wlan1: AP-DISABLED 
05-01 20:50:30.049 E/hostapd ( 2382): hostapd_free_hapd_data: Interface wlan1 wasn't started
05-01 20:50:30.436 I/Zygote  ( 2074): Process: zygote socket opened, supported ABIS: x86_64
05-01 20:50:30.624 W/ActivityManager( 2074): Slow operation: 238ms so far, now at startProcess: returned from zygote!
05-01 20:50:30.625 W/ActivityManager( 2074): Slow operation: 239ms so far, now at startProcess: done updating battery stats
05-01 20:50:30.626 W/ActivityManager( 2074): Slow operation: 240ms so far, now at startProcess: building log message
05-01 20:50:30.626 I/ActivityManager( 2074): Start proc 2387:com.android.inputmethod.latin/u0a41 for service com.android.inputmethod.latin/.LatinIME
05-01 20:50:30.626 W/ActivityManager( 2074): Slow operation: 240ms so far, now at startProcess: starting to update pids map
05-01 20:50:30.627 W/ActivityManager( 2074): Slow operation: 241ms so far, now at startProcess: done updating pids map
05-01 20:50:30.627 W/ActivityManager( 2074): Slow operation: 243ms so far, now at startProcess: done starting proc!
05-01 20:50:30.628 V/InputMethodManagerService( 2074): Adding window token: android.os.Binder@8e880ea
05-01 20:50:30.629 D/MountService( 2074): Thinking about init, mSystemReady=true, mDaemonConnected=true
05-01 20:50:30.646 E/BitmapFactory( 2074): Unable to decode stream: java.io.FileNotFoundException: /data/system/users/0/wallpaper_orig (No such file or directory)
05-01 20:50:30.647 E/WallpaperManagerService( 2074): Invalid wallpaper data
05-01 20:50:30.647 E/WallpaperManagerService( 2074): Unable to apply new wallpaper
05-01 20:50:30.657 D/MountService( 2074): Setting up emulation state, initlocked=false
05-01 20:50:30.658 D/CryptdConnector( 2074): SND -> {2 cryptfs unlock_user_key 0 0 ! !}
05-01 20:50:30.662 W/art     ( 2387): Unexpected CPU variant for X86 using defaults: x86_64
05-01 20:50:30.669 D/vold    ( 1276): e4crypt_unlock_user_key 0 serial=0 token_present=0
05-01 20:50:30.722 D/CryptdConnector( 2074): RCV <- {200 2 Command succeeded}
05-01 20:50:30.748 D/MountService( 2074): Thinking about reset, mSystemReady=true, mDaemonConnected=true
05-01 20:50:30.792 D/VoldConnector( 2074): SND -> {3 volume reset}
05-01 20:50:30.797 D/vold    ( 1276): Recognized experimental block major ID 253 as virtio-blk (emulator's virtual SD card device)
05-01 20:50:30.798 V/vold    ( 1276): /system/bin/sgdisk
05-01 20:50:30.798 V/vold    ( 1276):     --android-dump
05-01 20:50:30.798 V/vold    ( 1276):     /dev/block/vold/disk:253,48
05-01 20:50:30.801 D/VoldConnector( 2074): RCV <- {651 emulated 7}
05-01 20:50:30.802 D/VoldConnector( 2074): RCV <- {659 emulated}
05-01 20:50:30.803 D/VoldConnector( 2074): RCV <- {650 emulated 2 "" ""}
05-01 20:50:30.804 D/VoldConnector( 2074): RCV <- {651 emulated 0}
05-01 20:50:30.805 D/VoldConnector( 2074): RCV <- {651 public:253,48 7}
05-01 20:50:30.806 D/VoldConnector( 2074): RCV <- {659 public:253,48}
05-01 20:50:30.806 D/VoldConnector( 2074): RCV <- {649 disk:253,48}
05-01 20:50:30.807 D/VoldConnector( 2074): RCV <- {640 disk:253,48 5}
05-01 20:50:30.808 D/VoldConnector( 2074): RCV <- {641 disk:253,48 549453824}
05-01 20:50:30.809 D/VoldConnector( 2074): RCV <- {642 disk:253,48 Virtual}
05-01 20:50:30.828 V/MountService( 2074): Found primary storage at VolumeInfo{emulated}:
05-01 20:50:30.828 V/MountService( 2074):     type=EMULATED diskId=null partGuid=null mountFlags=0 mountUserId=-1 
05-01 20:50:30.828 V/MountService( 2074):     state=UNMOUNTED 
05-01 20:50:30.828 V/MountService( 2074):     fsType=null fsUuid=null fsLabel=null 
05-01 20:50:30.828 V/MountService( 2074):     path=null internalPath=null 
05-01 20:50:30.847 W/ActivityManager( 2074): Slow operation: 175ms so far, now at startProcess: returned from zygote!
05-01 20:50:30.847 W/ActivityManager( 2074): Slow operation: 175ms so far, now at startProcess: done updating battery stats
05-01 20:50:30.848 W/ActivityManager( 2074): Slow operation: 175ms so far, now at startProcess: building log message
05-01 20:50:30.848 I/ActivityManager( 2074): Start proc 2394:com.android.systemui/u0a21 for service com.android.systemui/.ImageWallpaper
05-01 20:50:30.848 W/ActivityManager( 2074): Slow operation: 176ms so far, now at startProcess: starting to update pids map
05-01 20:50:30.848 W/ActivityManager( 2074): Slow operation: 176ms so far, now at startProcess: done updating pids map
05-01 20:50:30.848 W/ActivityManager( 2074): Slow operation: 192ms so far, now at startProcess: done starting proc!
05-01 20:50:30.849 I/ActivityManager( 2074): Force stopping com.android.providers.media appid=10010 user=-1: vold reset
05-01 20:50:30.889 D/UsbAlsaManager( 2074): Adding ALSA device AlsaDevice: [card: 0, device: 0, type: 1]
05-01 20:50:30.911 D/UsbAlsaManager( 2074): Adding ALSA device AlsaDevice: [card: 0, device: 0, type: 2]
05-01 20:50:30.913 I/SystemServer( 2074): WebViewFactory preparation
05-01 20:50:30.930 D/VoldConnector( 2074): RCV <- {644 disk:253,48 /sys//devices/pci0000:00/0000:00:06.0/virtio3/block/vdd}
05-01 20:50:30.934 E/BluetoothAdapter( 2074): Bluetooth binder is null
05-01 20:50:30.954 W/art     ( 2394): Unexpected CPU variant for X86 using defaults: x86_64
05-01 20:50:31.031 E/BluetoothAdapter( 2074): Bluetooth binder is null
05-01 20:50:31.061 I/AudioFlinger( 1325): systemReady
05-01 20:50:31.180 D/WebViewFactory( 2074): Setting new address space to 114394000
05-01 20:50:31.433 W/art     ( 2074): Long monitor contention with owner Binder:2074_2 (2098) at void com.android.server.am.ActivityManagerService.attachApplication(android.app.IApplicationThread)(ActivityManagerService.java:6669) waiters=0 in void com.android.server.am.ActivityManagerService.attachApplication(android.app.IApplicationThread) for 203ms
05-01 20:50:31.443 E/WVMExtractor( 2074): Failed to open libwvm.so: dlopen failed: library "libwvm.so" not found
05-01 20:50:31.602 W/art     ( 2074): Long monitor contention with owner Binder:2074_2 (2098) at void com.android.server.am.ActivityManagerService.attachApplication(android.app.IApplicationThread)(ActivityManagerService.java:6669) waiters=1 in int com.android.server.am.ActivityManagerService.startIsolatedProcess(java.lang.String, java.lang.String[], java.lang.String, java.lang.String, int, java.lang.Runnable) for 351ms
05-01 20:50:31.730 I/Zygote  ( 2074): Process: zygote socket opened, supported ABIS: x86
05-01 20:50:31.962 W/System  ( 2394): ClassLoader referenced unknown path: /system/priv-app/SystemUI/lib/x86_64
05-01 20:50:32.003 I/art     ( 1324): Starting a blocking GC Background
05-01 20:50:32.243 I/MediaPlayerService( 1345): MediaPlayerService::getOMX
05-01 20:50:32.395 I/art     ( 1324): Background concurrent mark sweep GC freed 118(16KB) AllocSpace objects, 0(0B) LOS objects, 39% free, 6MB/10MB, paused 34.285ms total 387.659ms
05-01 20:50:32.403 V/vold    ( 1276): DISK mbr
05-01 20:50:32.403 V/vold    ( 1276): 
05-01 20:50:32.447 W/vold    ( 1276): disk:253,48 has unknown partition table; trying entire device
05-01 20:50:32.448 V/vold    ( 1276): /system/bin/blkid
05-01 20:50:32.448 V/vold    ( 1276):     -c
05-01 20:50:32.448 V/vold    ( 1276):     /dev/null
05-01 20:50:32.448 V/vold    ( 1276):     -s
05-01 20:50:32.448 V/vold    ( 1276):     TYPE
05-01 20:50:32.448 V/vold    ( 1276):     -s
05-01 20:50:32.448 V/vold    ( 1276):     UUID
05-01 20:50:32.448 V/vold    ( 1276):     -s
05-01 20:50:32.448 V/vold    ( 1276):     LABEL
05-01 20:50:32.448 V/vold    ( 1276):     /dev/block/vold/disk:253,48
05-01 20:50:32.531 I/OMXClient( 1345): MuxOMX ctor
05-01 20:50:32.690 I/MediaPlayerService( 1345): MediaPlayerService::getOMX
05-01 20:50:32.730 I/OMXClient( 1345): MuxOMX ctor
05-01 20:50:32.737 I/OMXMaster( 1337): makeComponentInstance(OMX.google.mp3.decoder) in mediacodec process
05-01 20:50:33.243 V/vold    ( 1276): /dev/block/vold/disk:253,48: LABEL="SDCARD" UUID="1EFF-1C1B" TYPE="vfat" 
05-01 20:50:33.243 V/vold    ( 1276): 
05-01 20:50:33.284 D/VoldConnector( 2074): RCV <- {650 public:253,48 0 "disk:253,48" ""}
05-01 20:50:33.287 D/VoldConnector( 2074): RCV <- {651 public:253,48 0}
05-01 20:50:33.332 W/ActivityManager( 2074): Slow operation: 1729ms so far, now at startProcess: returned from zygote!
05-01 20:50:33.333 W/ActivityManager( 2074): Slow operation: 1730ms so far, now at startProcess: done updating battery stats
05-01 20:50:33.333 W/ActivityManager( 2074): Slow operation: 1730ms so far, now at startProcess: building log message
05-01 20:50:33.333 I/ActivityManager( 2074): Start proc 2431:WebViewLoader-x86/1037 [android.webkit.WebViewFactory$RelroFileCreator] for 
05-01 20:50:33.333 W/ActivityManager( 2074): Slow operation: 1730ms so far, now at startProcess: starting to update pids map
05-01 20:50:33.333 W/ActivityManager( 2074): Slow operation: 1730ms so far, now at startProcess: done updating pids map
05-01 20:50:33.333 W/ActivityManager( 2074): Slow operation: 1730ms so far, now at startProcess: done starting proc!
05-01 20:50:33.342 W/art     ( 2074): Long monitor contention with owner Binder:2074_2 (2098) at void com.android.server.am.ActivityManagerService.attachApplication(android.app.IApplicationThread)(ActivityManagerService.java:6669) waiters=2 in void com.android.server.am.ActivityManagerService.dispatchProcessesChanged() for 1.912s
05-01 20:50:33.351 D/VoldConnector( 2074): RCV <- {643 disk:253,48}
05-01 20:50:33.354 D/VoldConnector( 2074): RCV <- {200 3 Command succeeded}
05-01 20:50:33.391 E/VoldConnector( 2074): NDC Command {3 volume reset} took too long (2599ms)
05-01 20:50:33.393 D/VoldConnector( 2074): SND -> {4 volume user_added 0 0}
05-01 20:50:33.395 D/VoldConnector( 2074): RCV <- {200 4 Command succeeded}
05-01 20:50:33.819 W/art     ( 2431): Unexpected CPU variant for X86 using defaults: x86
05-01 20:50:34.133 W/ActivityManager( 2074): Slow operation: 798ms so far, now at startProcess: returned from zygote!
05-01 20:50:34.207 W/ActivityManager( 2074): Slow operation: 873ms so far, now at startProcess: done updating battery stats
05-01 20:50:34.209 W/ActivityManager( 2074): Slow operation: 874ms so far, now at startProcess: building log message
05-01 20:50:34.209 I/ActivityManager( 2074): Start proc 2439:WebViewLoader-x86_64/1037 [android.webkit.WebViewFactory$RelroFileCreator] for 
05-01 20:50:34.209 W/ActivityManager( 2074): Slow operation: 875ms so far, now at startProcess: starting to update pids map
05-01 20:50:34.209 W/ActivityManager( 2074): Slow operation: 875ms so far, now at startProcess: done updating pids map
05-01 20:50:34.209 W/ActivityManager( 2074): Slow operation: 875ms so far, now at startProcess: done starting proc!
05-01 20:50:34.357 I/MediaPlayerService( 1345): MediaPlayerService::getOMX
05-01 20:50:34.372 W/art     ( 2074): Long monitor contention with owner main (2074) at int com.android.server.am.ActivityManagerService.startIsolatedProcess(java.lang.String, java.lang.String[], java.lang.String, java.lang.String, int, java.lang.Runnable)(ActivityManagerService.java:3509) waiters=1 in void com.android.server.am.ActivityManagerService.publishContentProviders(android.app.IApplicationThread, java.util.List) for 1.652s
05-01 20:50:34.387 E/ipv6proxy( 2429): Failed to get interface flags for wlan1: No such device
05-01 20:50:34.413 I/OMXClient( 1345): MuxOMX ctor
05-01 20:50:34.419 I/OMXMaster( 1337): makeComponentInstance(OMX.google.amrnb.decoder) in mediacodec process
05-01 20:50:34.420 W/art     ( 2074): Long monitor contention with owner main (2074) at int com.android.server.am.ActivityManagerService.startIsolatedProcess(java.lang.String, java.lang.String[], java.lang.String, java.lang.String, int, java.lang.Runnable)(ActivityManagerService.java:3509) waiters=2 in android.content.Intent com.android.server.am.ActivityManagerService.registerReceiver(android.app.IApplicationThread, java.lang.String, android.content.IIntentReceiver, android.content.IntentFilter, java.lang.String, int) for 1.466s
05-01 20:50:34.424 W/art     ( 2074): Long monitor contention with owner main (2074) at int com.android.server.am.ActivityManagerService.startIsolatedProcess(java.lang.String, java.lang.String[], java.lang.String, java.lang.String, int, java.lang.Runnable)(ActivityManagerService.java:3509) waiters=3 in void com.android.server.am.ActivityManagerService$MainHandler.handleMessage(android.os.Message) for 1.034s
05-01 20:50:34.430 W/art     ( 2074): Long monitor contention with owner main (2074) at int com.android.server.am.ActivityManagerService.startIsolatedProcess(java.lang.String, java.lang.String[], java.lang.String, java.lang.String, int, java.lang.Runnable)(ActivityManagerService.java:3509) waiters=2 in void com.android.server.am.ActivityManagerService.dispatchProcessesChanged() for 1.087s
05-01 20:50:34.433 W/art     ( 2074): Long monitor contention with owner main (2074) at int com.android.server.am.ActivityManagerService.startIsolatedProcess(java.lang.String, java.lang.String[], java.lang.String, java.lang.String, int, java.lang.Runnable)(ActivityManagerService.java:3509) waiters=4 in int com.android.server.am.ActivityManagerService.getAppStartMode(int, java.lang.String) for 1.027s
05-01 20:50:34.436 D/VoldConnector( 2074): SND -> {5 volume mount emulated 3 -1}
05-01 20:50:34.493 W/art     ( 2439): Unexpected CPU variant for X86 using defaults: x86_64
05-01 20:50:34.594 D/VoldConnector( 2074): RCV <- {651 emulated 1}
05-01 20:50:34.611 D/VoldConnector( 2074): RCV <- {656 emulated /data/media}
05-01 20:50:34.612 D/VoldConnector( 2074): RCV <- {655 emulated /storage/emulated}
05-01 20:50:34.617 D/NetworkManagement( 2074): enabling bandwidth control
05-01 20:50:34.638 E/hostapd ( 2430): Configuration file: /system/etc/simulated_hostapd.conf
05-01 20:50:34.667 V/vold    ( 1276): Waiting for FUSE to spin up...
05-01 20:50:34.720 V/vold    ( 1276): Waiting for FUSE to spin up...
05-01 20:50:34.779 V/vold    ( 1276): Waiting for FUSE to spin up...
05-01 20:50:34.833 V/vold    ( 1276): Waiting for FUSE to spin up...
05-01 20:50:34.839 V/SystemUIService( 2394): Starting SystemUI services for user 0.
05-01 20:50:34.895 V/vold    ( 1276): Waiting for FUSE to spin up...
05-01 20:50:34.949 V/vold    ( 1276): Waiting for FUSE to spin up...
05-01 20:50:34.964 E/hostapd ( 2430): Could not read interface wlan1 flags: No such device
05-01 20:50:34.965 I/hostapd ( 2430): nl80211: Driver does not support authentication/association or connect commands
05-01 20:50:34.965 I/hostapd ( 2430): nl80211: deinit ifname=wlan1 disabled_11b_rates=0
05-01 20:50:34.966 E/hostapd ( 2430): Could not read interface wlan1 flags: No such device
05-01 20:50:34.966 E/hostapd ( 2430): nl80211 driver initialization failed.
05-01 20:50:34.966 I/hostapd ( 2430): wlan1: interface state UNINITIALIZED->DISABLED
05-01 20:50:34.967 I/hostapd ( 2430): wlan1: AP-DISABLED 
05-01 20:50:34.967 E/hostapd ( 2430): hostapd_free_hapd_data: Interface wlan1 wasn't started
05-01 20:50:34.974 I/MediaPlayerService( 1345): MediaPlayerService::getOMX
05-01 20:50:34.975 I/OMXClient( 1345): MuxOMX ctor
05-01 20:50:34.976 I/OMXMaster( 1337): makeComponentInstance(OMX.google.amrwb.decoder) in mediacodec process
05-01 20:50:35.000 V/vold    ( 1276): Waiting for FUSE to spin up...
05-01 20:50:35.060 V/vold    ( 1276): Waiting for FUSE to spin up...
05-01 20:50:35.114 V/vold    ( 1276): Waiting for FUSE to spin up...
05-01 20:50:35.118 I/MediaPlayerService( 1345): MediaPlayerService::getOMX
05-01 20:50:35.119 I/OMXClient( 1345): MuxOMX ctor
05-01 20:50:35.121 I/OMXMaster( 1337): makeComponentInstance(OMX.google.aac.decoder) in mediacodec process
05-01 20:50:35.170 V/vold    ( 1276): Waiting for FUSE to spin up...
05-01 20:50:35.180 V/WebViewFactory( 2439): RelroFileCreator (64bit = true),  32-bit lib: /system/app/webview/webview.apk!/lib/x86/libwebviewchromium.so, 64-bit lib: /system/app/webview/webview.apk!/lib/x86_64/libwebviewchromium.so
05-01 20:50:35.230 V/vold    ( 1276): Waiting for FUSE to spin up...
05-01 20:50:35.282 V/vold    ( 1276): Waiting for FUSE to spin up...
05-01 20:50:35.283 V/WebViewFactory( 2431): RelroFileCreator (64bit = false),  32-bit lib: /system/app/webview/webview.apk!/lib/x86/libwebviewchromium.so, 64-bit lib: /system/app/webview/webview.apk!/lib/x86_64/libwebviewchromium.so
05-01 20:50:35.334 V/vold    ( 1276): Waiting for FUSE to spin up...
05-01 20:50:35.391 V/vold    ( 1276): Waiting for FUSE to spin up...
05-01 20:50:35.451 V/vold    ( 1276): Waiting for FUSE to spin up...
05-01 20:50:35.503 V/vold    ( 1276): Waiting for FUSE to spin up...
05-01 20:50:35.518 V/MediaRouter( 2394): Adding route: RouteInfo{ name=Phone, description=null, status=null, category=RouteCategory{ name=null types=ROUTE_TYPE_LIVE_AUDIO ROUTE_TYPE_LIVE_VIDEO  groupable=false }, supportedTypes=ROUTE_TYPE_LIVE_AUDIO ROUTE_TYPE_LIVE_VIDEO , presentationDisplay=null }
05-01 20:50:35.545 I/MediaPlayerService( 1345): MediaPlayerService::getOMX
05-01 20:50:35.546 I/OMXClient( 1345): MuxOMX ctor
05-01 20:50:35.547 I/OMXMaster( 1337): makeComponentInstance(OMX.google.g711.alaw.decoder) in mediacodec process
05-01 20:50:35.560 V/vold    ( 1276): Waiting for FUSE to spin up...
05-01 20:50:35.620 V/vold    ( 1276): Waiting for FUSE to spin up...
05-01 20:50:35.673 V/vold    ( 1276): Waiting for FUSE to spin up...
05-01 20:50:35.725 V/vold    ( 1276): Waiting for FUSE to spin up...
05-01 20:50:35.780 V/vold    ( 1276): Waiting for FUSE to spin up...
05-01 20:50:35.783 W/sdcard  ( 2451): Device explicitly disabled sdcardfs
05-01 20:50:35.831 V/vold    ( 1276): Waiting for FUSE to spin up...
05-01 20:50:35.835 V/MediaRouter( 2394): Updating audio routes: AudioRoutesInfo{ type=SPEAKER }
05-01 20:50:35.852 V/MediaRouter( 2394): Selecting route: RouteInfo{ name=Phone, description=null, status=null, category=RouteCategory{ name=null types=ROUTE_TYPE_LIVE_AUDIO ROUTE_TYPE_LIVE_VIDEO  groupable=false }, supportedTypes=ROUTE_TYPE_LIVE_AUDIO ROUTE_TYPE_LIVE_VIDEO , presentationDisplay=null }
05-01 20:50:35.889 V/vold    ( 1276): Waiting for FUSE to spin up...
05-01 20:50:35.950 V/vold    ( 1276): Waiting for FUSE to spin up...
05-01 20:50:35.983 I/LatinIME( 2387): Hardware accelerated drawing: true
05-01 20:50:36.005 V/vold    ( 1276): Waiting for FUSE to spin up...
05-01 20:50:36.056 V/vold    ( 1276): Waiting for FUSE to spin up...
05-01 20:50:36.118 D/VoldConnector( 2074): RCV <- {651 emulated 2}
05-01 20:50:36.123 D/VoldConnector( 2074): RCV <- {200 5 Command succeeded}
05-01 20:50:36.125 E/VoldConnector( 2074): NDC Command {5 volume mount emulated 3 -1} took too long (1690ms)
05-01 20:50:36.128 D/VoldConnector( 2074): SND -> {6 volume mount public:253,48 2 0}
05-01 20:50:36.133 V/vold    ( 1276): /system/bin/blkid
05-01 20:50:36.134 V/vold    ( 1276):     -c
05-01 20:50:36.134 V/vold    ( 1276):     /dev/null
05-01 20:50:36.134 V/vold    ( 1276):     -s
05-01 20:50:36.134 V/vold    ( 1276):     TYPE
05-01 20:50:36.134 V/vold    ( 1276):     -s
05-01 20:50:36.134 V/vold    ( 1276):     UUID
05-01 20:50:36.134 V/vold    ( 1276):     -s
05-01 20:50:36.134 V/vold    ( 1276):     LABEL
05-01 20:50:36.134 V/vold    ( 1276):     /dev/block/vold/public:253,48
05-01 20:50:36.158 D/VoldConnector( 2074): RCV <- {651 public:253,48 1}
05-01 20:50:36.471 W/art     ( 2387): Suspending all threads took: 70.537ms
05-01 20:50:36.630 I/MediaPlayerService( 1345): MediaPlayerService::getOMX
05-01 20:50:36.710 I/OMXClient( 1345): MuxOMX ctor
05-01 20:50:36.711 I/OMXMaster( 1337): makeComponentInstance(OMX.google.g711.mlaw.decoder) in mediacodec process
05-01 20:50:36.889 E/WVMExtractor( 2394): Failed to open libwvm.so: dlopen failed: library "libwvm.so" not found
05-01 20:50:37.113 I/art     ( 2431): System.exit called, status: 0
05-01 20:50:37.113 I/AndroidRuntime( 2431): VM exiting with result code 0, cleanup skipped.
05-01 20:50:37.719 V/vold    ( 1276): /dev/block/vold/public:253,48: LABEL="SDCARD" UUID="1EFF-1C1B" TYPE="vfat" 
05-01 20:50:37.719 V/vold    ( 1276): 
05-01 20:50:37.746 V/vold    ( 1276): /system/bin/fsck_msdos
05-01 20:50:37.746 V/vold    ( 1276):     -p
05-01 20:50:37.746 V/vold    ( 1276):     -f
05-01 20:50:37.746 V/vold    ( 1276):     /dev/block/vold/public:253,48
05-01 20:50:37.747 D/VoldConnector( 2074): RCV <- {652 public:253,48 vfat}
05-01 20:50:37.748 D/VoldConnector( 2074): RCV <- {653 public:253,48 1EFF-1C1B}
05-01 20:50:37.749 D/VoldConnector( 2074): RCV <- {654 public:253,48 SDCARD}
05-01 20:50:37.860 I/MediaPlayerService( 1345): MediaPlayerService::getOMX
05-01 20:50:37.861 I/OMXClient( 1345): MuxOMX ctor
05-01 20:50:37.863 I/OMXMaster( 1337): makeComponentInstance(OMX.google.vorbis.decoder) in mediacodec process
05-01 20:50:38.562 I/art     ( 2439): System.exit called, status: 0
05-01 20:50:38.562 I/AndroidRuntime( 2439): VM exiting with result code 0, cleanup skipped.
05-01 20:50:38.582 I/fsck_msdos( 1276): ** /dev/block/vold/public:253,48
05-01 20:50:38.591 I/fsck_msdos( 1276): ** Phase 1 - Read and Compare FATs
05-01 20:50:38.643 I/fsck_msdos( 1276): Attempting to allocate 1046 KB for FAT
05-01 20:50:39.114 E/NetdConnector( 2074): NDC Command {3 bandwidth enable} took too long (4496ms)
05-01 20:50:39.202 I/fsck_msdos( 1276): Attempting to allocate 1046 KB for FAT
05-01 20:50:39.208 I/MediaPlayerService( 1345): MediaPlayerService::getOMX
05-01 20:50:39.210 I/OMXClient( 1345): MuxOMX ctor
05-01 20:50:39.211 I/OMXMaster( 1337): makeComponentInstance(OMX.google.opus.decoder) in mediacodec process
05-01 20:50:39.293 W/InputAttributes( 2387): No editor info for this field. Bug?
05-01 20:50:39.321 E/hostapd ( 2507): Configuration file: /system/etc/simulated_hostapd.conf
05-01 20:50:39.425 E/hostapd ( 2507): Could not read interface wlan1 flags: No such device
05-01 20:50:39.425 I/hostapd ( 2507): nl80211: Driver does not support authentication/association or connect commands
05-01 20:50:39.425 I/hostapd ( 2507): nl80211: deinit ifname=wlan1 disabled_11b_rates=0
05-01 20:50:39.426 E/hostapd ( 2507): Could not read interface wlan1 flags: No such device
05-01 20:50:39.426 E/hostapd ( 2507): nl80211 driver initialization failed.
05-01 20:50:39.427 I/hostapd ( 2507): wlan1: interface state UNINITIALIZED->DISABLED
05-01 20:50:39.427 I/hostapd ( 2507): wlan1: AP-DISABLED 
05-01 20:50:39.427 E/hostapd ( 2507): hostapd_free_hapd_data: Interface wlan1 wasn't started
05-01 20:50:39.643 E/ipv6proxy( 2506): Failed to get interface flags for wlan1: No such device
05-01 20:50:39.770 I/fsck_msdos( 1276): ** Phase 2 - Check Cluster Chains
05-01 20:50:39.896 I/fsck_msdos( 1276): ** Phase 3 - Checking Directories
05-01 20:50:39.908 I/fsck_msdos( 1276): ** Phase 4 - Checking for Lost Files
05-01 20:50:39.936 I/LatinIME:LogUtils( 2387): Dictionary info: dictionary = userunigram.en_US ; version = 1619902239 ; date = ?
05-01 20:50:39.951 I/fsck_msdos( 1276): 2 files, 534464 free (267232 clusters)
05-01 20:50:39.974 I/Vold    ( 1276): Filesystem check completed OK
05-01 20:50:39.983 D/VoldConnector( 2074): RCV <- {656 public:253,48 /mnt/media_rw/1EFF-1C1B}
05-01 20:50:39.984 D/VoldConnector( 2074): RCV <- {655 public:253,48 /storage/1EFF-1C1B}
05-01 20:50:39.993 E/ActivityThread( 2387): Failed to find provider info for user_dictionary
05-01 20:50:39.996 I/LatinIME:LogUtils( 2387): Dictionary info: dictionary = UserHistoryDictionary.en_US ; version = 1619902239 ; date = ?
05-01 20:50:40.264 I/vol.Events( 2394): writeEvent collection_started
05-01 20:50:40.308 V/vold    ( 1276): Waiting for FUSE to spin up...
05-01 20:50:40.360 V/vold    ( 1276): Waiting for FUSE to spin up...
05-01 20:50:40.416 I/vol.Events( 2394): writeEvent external_ringer_mode_changed normal
05-01 20:50:40.417 I/vol.Events( 2394): writeEvent internal_ringer_mode_changed normal
05-01 20:50:40.430 V/vold    ( 1276): Waiting for FUSE to spin up...
05-01 20:50:40.471 I/MediaPlayerService( 1345): MediaPlayerService::getOMX
05-01 20:50:40.473 I/OMXClient( 1345): MuxOMX ctor
05-01 20:50:40.473 I/OMXMaster( 1337): makeComponentInstance(OMX.google.raw.decoder) in mediacodec process
05-01 20:50:40.491 V/vold    ( 1276): Waiting for FUSE to spin up...
05-01 20:50:40.602 V/vold    ( 1276): Waiting for FUSE to spin up...
05-01 20:50:40.647 I/MediaPlayerService( 1345): MediaPlayerService::getOMX
05-01 20:50:40.648 I/OMXClient( 1345): MuxOMX ctor
05-01 20:50:40.649 I/OMXMaster( 1337): makeComponentInstance(OMX.google.aac.encoder) in mediacodec process
05-01 20:50:40.660 V/vold    ( 1276): Waiting for FUSE to spin up...
05-01 20:50:40.730 V/vold    ( 1276): Waiting for FUSE to spin up...
05-01 20:50:40.822 V/vold    ( 1276): Waiting for FUSE to spin up...
05-01 20:50:40.874 V/vold    ( 1276): Waiting for FUSE to spin up...
05-01 20:50:40.930 V/vold    ( 1276): Waiting for FUSE to spin up...
05-01 20:50:40.972 I/MediaPlayerService( 1345): MediaPlayerService::getOMX
05-01 20:50:40.974 I/OMXClient( 1345): MuxOMX ctor
05-01 20:50:40.974 I/OMXMaster( 1337): makeComponentInstance(OMX.google.amrnb.encoder) in mediacodec process
05-01 20:50:40.981 V/vold    ( 1276): Waiting for FUSE to spin up...
05-01 20:50:40.997 W/sdcard  ( 2521): Device explicitly disabled sdcardfs
05-01 20:50:41.050 V/vold    ( 1276): Waiting for FUSE to spin up...
05-01 20:50:41.110 V/vold    ( 1276): Waiting for FUSE to spin up...
05-01 20:50:41.170 V/vold    ( 1276): Waiting for FUSE to spin up...
05-01 20:50:41.231 I/MediaPlayerService( 1345): MediaPlayerService::getOMX
05-01 20:50:41.232 I/OMXClient( 1345): MuxOMX ctor
05-01 20:50:41.233 I/OMXMaster( 1337): makeComponentInstance(OMX.google.amrwb.encoder) in mediacodec process
05-01 20:50:41.296 D/VoldConnector( 2074): RCV <- {651 public:253,48 2}
05-01 20:50:41.297 D/VoldConnector( 2074): RCV <- {200 6 Command succeeded}
05-01 20:50:41.308 E/VoldConnector( 2074): NDC Command {6 volume mount public:253,48 2 0} took too long (5181ms)
05-01 20:50:41.342 I/MediaPlayerService( 1345): MediaPlayerService::getOMX
05-01 20:50:41.347 I/OMXClient( 1345): MuxOMX ctor
05-01 20:50:41.348 I/OMXMaster( 1337): makeComponentInstance(OMX.google.flac.encoder) in mediacodec process
05-01 20:50:41.723 E/NetdConnector( 2074): NDC Command {4 strict enable} took too long (2523ms)
05-01 20:50:41.724 W/NetworkManagement( 2074): setDataSaverMode(): already false
05-01 20:50:42.357 I/MediaPlayerService( 1345): MediaPlayerService::getOMX
05-01 20:50:42.376 I/OMXClient( 1345): MuxOMX ctor
05-01 20:50:42.434 I/OMXMaster( 1337): makeComponentInstance(OMX.google.gsm.decoder) in mediacodec process
05-01 20:50:43.500 I/MediaPlayerService( 1345): MediaPlayerService::getOMX
05-01 20:50:43.520 I/OMXClient( 1345): MuxOMX ctor
05-01 20:50:43.521 I/OMXMaster( 1337): makeComponentInstance(OMX.google.mpeg4.decoder) in mediacodec process
05-01 20:50:43.875 W/art     ( 2387): Long monitor contention with owner AsyncTask #1 (2514) at void android.os.MessageQueue.nativeWake(long)(MessageQueue.java:-2) waiters=0 in android.os.Message android.os.MessageQueue.next() for 1.950s
05-01 20:50:44.564 E/OMXNodeInstance( 1337): getExtensionIndex(539000f:google.mpeg4.decoder, OMX.google.android.index.configureVideoTunnelMode) ERROR: UnsupportedIndex(0x8000101a)
05-01 20:50:44.565 W/OMXNodeInstance( 1337): [539000f:google.mpeg4.decoder] component does not support metadata mode; using fallback
05-01 20:50:44.605 I/MediaPlayerService( 1345): MediaPlayerService::getOMX
05-01 20:50:44.607 I/OMXClient( 1345): MuxOMX ctor
05-01 20:50:44.608 I/OMXMaster( 1337): makeComponentInstance(OMX.google.h263.decoder) in mediacodec process
05-01 20:50:44.634 E/NetdConnector( 2074): NDC Command {7 bandwidth setglobalalert 2097152} took too long (2634ms)
05-01 20:50:44.764 E/ipv6proxy( 2555): Failed to get interface flags for wlan1: No such device
05-01 20:50:44.914 E/hostapd ( 2556): Configuration file: /system/etc/simulated_hostapd.conf
05-01 20:50:45.018 D/NetworkPolicy( 2074): setRestrictBackgroundUL(): false
05-01 20:50:45.077 W/NetworkManagement( 2074): setDataSaverMode(): already false
05-01 20:50:45.178 I/vol.Events( 2394): writeEvent level_changed STREAM_ALARM 6
05-01 20:50:45.194 E/hostapd ( 2556): Could not read interface wlan1 flags: No such device
05-01 20:50:45.195 I/hostapd ( 2556): nl80211: Driver does not support authentication/association or connect commands
05-01 20:50:45.195 I/hostapd ( 2556): nl80211: deinit ifname=wlan1 disabled_11b_rates=0
05-01 20:50:45.196 E/hostapd ( 2556): Could not read interface wlan1 flags: No such device
05-01 20:50:45.196 E/hostapd ( 2556): nl80211 driver initialization failed.
05-01 20:50:45.196 I/hostapd ( 2556): wlan1: interface state UNINITIALIZED->DISABLED
05-01 20:50:45.196 I/hostapd ( 2556): wlan1: AP-DISABLED 
05-01 20:50:45.197 E/hostapd ( 2556): hostapd_free_hapd_data: Interface wlan1 wasn't started
05-01 20:50:45.331 I/vol.Events( 2394): writeEvent level_changed STREAM_BLUETOOTH_SCO 7
05-01 20:50:45.374 I/vol.Events( 2394): writeEvent level_changed STREAM_MUSIC 11
05-01 20:50:45.518 I/vol.Events( 2394): writeEvent level_changed STREAM_RING 5
05-01 20:50:45.542 I/vol.Events( 2394): writeEvent level_changed STREAM_SYSTEM 5
05-01 20:50:45.590 E/OMXNodeInstance( 1337): getExtensionIndex(5390010:google.h263.decoder, OMX.google.android.index.configureVideoTunnelMode) ERROR: UnsupportedIndex(0x8000101a)
05-01 20:50:45.591 W/OMXNodeInstance( 1337): [5390010:google.h263.decoder] component does not support metadata mode; using fallback
05-01 20:50:45.661 I/MediaPlayerService( 1345): MediaPlayerService::getOMX
05-01 20:50:45.662 I/OMXClient( 1345): MuxOMX ctor
05-01 20:50:45.663 I/OMXMaster( 1337): makeComponentInstance(OMX.google.h264.decoder) in mediacodec process
05-01 20:50:45.672 I/vol.Events( 2394): writeEvent level_changed STREAM_VOICE_CALL 4
05-01 20:50:46.041 I/art     ( 2074): Background sticky concurrent mark sweep GC freed 39944(2MB) AllocSpace objects, 18(420KB) LOS objects, 21% free, 13MB/16MB, paused 93.131ms total 584.768ms
05-01 20:50:46.434 W/AudioService( 2074): onLoadSoundEffects(), Error 1 while loading samples
05-01 20:50:46.519 W/ACodec  ( 1345): [OMX.google.h264.decoder] stopping checking profiles after 32: 2/8000
05-01 20:50:46.550 W/art     ( 2074): Long monitor contention with owner NetworkPolicy (2338) at boolean android.os.BinderProxy.transactNative(int, android.os.Parcel, android.os.Parcel, int)(Binder.java:-2) waiters=0 in void com.android.server.NetworkManagementService.setFirewallChainEnabled(int, boolean) for 1.100s
05-01 20:50:46.602 E/OMXNodeInstance( 1337): getExtensionIndex(5390011:google.h264.decoder, OMX.google.android.index.configureVideoTunnelMode) ERROR: UnsupportedIndex(0x8000101a)
05-01 20:50:46.603 W/OMXNodeInstance( 1337): [5390011:google.h264.decoder] component does not support metadata mode; using fallback
05-01 20:50:46.613 I/MediaPlayerService( 1345): MediaPlayerService::getOMX
05-01 20:50:46.634 I/OMXClient( 1345): MuxOMX ctor
05-01 20:50:46.634 I/OMXMaster( 1337): makeComponentInstance(OMX.google.hevc.decoder) in mediacodec process
05-01 20:50:46.777 D/StorageNotification( 2394): Notifying about private volume: VolumeInfo{private}:
05-01 20:50:46.777 D/StorageNotification( 2394):     type=PRIVATE diskId=null partGuid=null mountFlags=0 mountUserId=-1 
05-01 20:50:46.777 D/StorageNotification( 2394):     state=MOUNTED 
05-01 20:50:46.777 D/StorageNotification( 2394):     fsType=null fsUuid=null fsLabel=null 
05-01 20:50:46.777 D/StorageNotification( 2394):     path=/data internalPath=null 
05-01 20:50:46.794 D/StorageNotification( 2394): Notifying about public volume: VolumeInfo{public:253,48}:
05-01 20:50:46.794 D/StorageNotification( 2394):     type=PUBLIC diskId=disk:253,48 partGuid=null mountFlags=VISIBLE 
05-01 20:50:46.794 D/StorageNotification( 2394):     mountUserId=0 state=MOUNTED 
05-01 20:50:46.794 D/StorageNotification( 2394):     fsType=vfat fsUuid=1EFF-1C1B fsLabel=SDCARD 
05-01 20:50:46.794 D/StorageNotification( 2394):     path=/storage/1EFF-1C1B internalPath=/mnt/media_rw/1EFF-1C1B 
05-01 20:50:47.295 E/OMXNodeInstance( 1337): getExtensionIndex(5390012:google.hevc.decoder, OMX.google.android.index.configureVideoTunnelMode) ERROR: UnsupportedIndex(0x8000101a)
05-01 20:50:47.296 W/OMXNodeInstance( 1337): [5390012:google.hevc.decoder] component does not support metadata mode; using fallback
05-01 20:50:47.391 I/MediaPlayerService( 1345): MediaPlayerService::getOMX
05-01 20:50:47.392 I/OMXClient( 1345): MuxOMX ctor
05-01 20:50:47.393 I/OMXMaster( 1337): makeComponentInstance(OMX.google.vp8.decoder) in mediacodec process
05-01 20:50:47.907 I/Choreographer( 2394): Skipped 102 frames!  The application may be doing too much work on its main thread.
05-01 20:50:48.160 W/art     ( 2074): Long monitor contention with owner Binder:2074_5 (2423) at int com.android.server.wm.WindowManagerService.relayoutWindow(com.android.server.wm.Session, android.view.IWindow, int, android.view.WindowManager$LayoutParams, int, int, int, int, android.graphics.Rect, android.graphics.Rect, android.graphics.Rect, android.graphics.Rect, android.graphics.Rect, android.graphics.Rect, android.graphics.Rect, android.content.res.Configuration, android.view.Surface)(WindowManagerService.java:2857) waiters=0 in void com.android.server.wm.WindowManagerService$H.handleMessage(android.os.Message) for 140ms
05-01 20:50:48.430 E/NetdConnector( 2074): NDC Command {8 firewall enable_chain standby} took too long (1879ms)
05-01 20:50:48.439 E/OMXNodeInstance( 1337): getExtensionIndex(5390013:google.vp8.decoder, OMX.google.android.index.configureVideoTunnelMode) ERROR: UnsupportedIndex(0x8000101a)
05-01 20:50:48.440 W/OMXNodeInstance( 1337): [5390013:google.vp8.decoder] component does not support metadata mode; using fallback
05-01 20:50:48.463 E/NetdConnector( 2074): NDC Command {9 bandwidth gettetherstats} took too long (1370ms)
05-01 20:50:48.492 I/MediaPlayerService( 1345): MediaPlayerService::getOMX
05-01 20:50:48.493 I/OMXClient( 1345): MuxOMX ctor
05-01 20:50:48.494 I/OMXMaster( 1337): makeComponentInstance(OMX.google.vp9.decoder) in mediacodec process
05-01 20:50:48.750 I/SystemServiceManager( 2074): Starting phase 600
05-01 20:50:48.833 I/StatusBarManagerService( 2074): registerStatusBar bar=com.android.internal.statusbar.IStatusBar$Stub$Proxy@45ecd88
05-01 20:50:48.896 W/ActivityManager( 2074): Timeout executing service: ServiceRecord{ad77a3d u0 com.android.server.telecom/.components.TelecomService}
05-01 20:50:49.055 D/SensorNotificationService( 2074): Cannot obtain dynamic meta sensor, not supported.
05-01 20:50:49.075 I/Process ( 2074): Sending signal. PID: 2074 SIG: 3
05-01 20:50:49.076 I/art     ( 2074): Thread[2,tid=2080,WaitingInMainSignalCatcherLoop,Thread*=0x73bd3640e000,peer=0x12c010d0,"Signal Catcher"]: reacting to signal 3
05-01 20:50:49.076 I/art     ( 2074): 
05-01 20:50:49.462 I/GnssLocationProvider( 2074): WakeLock acquired by sendMessage(13, 0, null)
05-01 20:50:49.486 W/LocationManagerService( 2074): no network location provider found
05-01 20:50:49.559 E/LocationManagerService( 2074): no geocoder provider found
05-01 20:50:49.604 E/FlpHardwareProvider( 2074): Error hw_get_module 'flp': -2
05-01 20:50:49.605 D/LocationManagerService( 2074): FLP HAL not supported
05-01 20:50:49.681 D/LocationManagerService( 2074): Unable to bind FLP Geofence proxy.
05-01 20:50:49.682 E/ActivityRecognitionHardware( 2074): Error hw_get_module: -2
05-01 20:50:49.682 D/LocationManagerService( 2074): Hardware Activity-Recognition not supported.
05-01 20:50:49.684 E/ActivityRecognitionProxy( 2074): ServiceWatcher could not start.
05-01 20:50:49.684 D/LocationManagerService( 2074): Unable to bind ActivityRecognitionProxy.
05-01 20:50:49.686 I/GnssLocationProvider( 2074): WakeLock acquired by sendMessage(2, 1, null)
05-01 20:50:49.741 E/OMXNodeInstance( 1337): getExtensionIndex(5390014:google.vp9.decoder, OMX.google.android.index.configureVideoTunnelMode) ERROR: UnsupportedIndex(0x8000101a)
05-01 20:50:49.742 W/OMXNodeInstance( 1337): [5390014:google.vp9.decoder] component does not support metadata mode; using fallback
05-01 20:50:49.792 I/MediaPlayerService( 1345): MediaPlayerService::getOMX
05-01 20:50:49.793 E/hostapd ( 2587): Configuration file: /system/etc/simulated_hostapd.conf
05-01 20:50:49.802 I/OMXClient( 1345): MuxOMX ctor
05-01 20:50:49.803 I/OMXMaster( 1337): makeComponentInstance(OMX.google.h263.encoder) in mediacodec process
05-01 20:50:49.858 E/hostapd ( 2587): Could not read interface wlan1 flags: No such device
05-01 20:50:49.858 I/hostapd ( 2587): nl80211: Driver does not support authentication/association or connect commands
05-01 20:50:49.858 I/hostapd ( 2587): nl80211: deinit ifname=wlan1 disabled_11b_rates=0
05-01 20:50:49.859 E/hostapd ( 2587): Could not read interface wlan1 flags: No such device
05-01 20:50:49.859 E/hostapd ( 2587): nl80211 driver initialization failed.
05-01 20:50:49.859 I/hostapd ( 2587): wlan1: interface state UNINITIALIZED->DISABLED
05-01 20:50:49.891 I/CommonTimeManagementService( 2074): No common time service detected on this platform.  Common time services will be unavailable.
05-01 20:50:49.898 I/hostapd ( 2587): wlan1: AP-DISABLED 
05-01 20:50:49.898 E/hostapd ( 2587): hostapd_free_hapd_data: Interface wlan1 wasn't started
05-01 20:50:49.904 I/InputReader( 2074): Reconfiguring input devices.  changes=0x00000020
05-01 20:50:49.924 I/MmsServiceBroker( 2074): Delay connecting to MmsService until an API is called
05-01 20:50:50.091 W/VoiceInteractionManagerService( 2074): no available voice interaction services found for user 0
05-01 20:50:50.091 W/VoiceInteractionManagerService( 2074): no available voice recognition services found for user 0
05-01 20:50:50.350 I/SoftMPEG4Encoder( 1337): Construct SoftMPEG4Encoder
05-01 20:50:50.362 W/ACodec  ( 1345): do not know color format 0x7f000789 = 2130708361
05-01 20:50:50.364 E/OMXNodeInstance( 1337): getConfig(5390015:google.h263.encoder, ConfigAndroidIntraRefresh(0x6f60000a)) ERROR: Undefined(0x80001001)
05-01 20:50:50.393 I/MediaPlayerService( 1345): MediaPlayerService::getOMX
05-01 20:50:50.394 I/OMXClient( 1345): MuxOMX ctor
05-01 20:50:50.395 I/OMXMaster( 1337): makeComponentInstance(OMX.google.h264.encoder) in mediacodec process
05-01 20:50:50.631 W/ActivityManager( 2074): Slow operation: 352ms so far, now at startProcess: returned from zygote!
05-01 20:50:50.631 W/ActivityManager( 2074): Slow operation: 352ms so far, now at startProcess: done updating battery stats
05-01 20:50:50.632 W/ActivityManager( 2074): Slow operation: 353ms so far, now at startProcess: building log message
05-01 20:50:50.632 I/ActivityManager( 2074): Start proc 2598:com.android.phone/1001 for added application com.android.phone
05-01 20:50:50.632 W/ActivityManager( 2074): Slow operation: 353ms so far, now at startProcess: starting to update pids map
05-01 20:50:50.632 W/ActivityManager( 2074): Slow operation: 353ms so far, now at startProcess: done updating pids map
05-01 20:50:50.637 I/ActivityManager( 2074): START u0 {act=android.intent.action.MAIN cat=[android.intent.category.HOME] flg=0x10000100 cmp=com.android.settings/.FallbackHome} from uid 0 on display 0
05-01 20:50:50.655 W/System  ( 2074): ClassLoader referenced unknown path: 
05-01 20:50:50.656 W/System  ( 2074): ClassLoader referenced unknown path: /system/priv-app/Settings/lib/x86_64
05-01 20:50:50.712 D/ApplicationLoaders( 2074): ignored Vulkan layer search path /system/priv-app/Settings/lib/x86_64:/system/priv-app/Settings/Settings.apk!/lib/x86_64:/system/lib64:/vendor/lib64 for namespace 0x73bd41978160
05-01 20:50:50.782 W/art     ( 2598): Unexpected CPU variant for X86 using defaults: x86_64
05-01 20:50:50.803 I/ActivityManager( 2074): Loaded persisted task ids for user 0
05-01 20:50:50.963 W/ActivityManager( 2074): Slow operation: 74ms so far, now at startProcess: building args
05-01 20:50:50.964 W/ActivityManager( 2074): Slow operation: 75ms so far, now at startProcess: asking zygote to start proc
05-01 20:50:51.049 W/art     ( 2612): Unexpected CPU variant for X86 using defaults: x86_64
05-01 20:50:51.254 W/ActivityManager( 2074): Slow operation: 365ms so far, now at startProcess: returned from zygote!
05-01 20:50:51.254 W/ActivityManager( 2074): Slow operation: 365ms so far, now at startProcess: done updating battery stats
05-01 20:50:51.254 W/ActivityManager( 2074): Slow operation: 365ms so far, now at startProcess: building log message
05-01 20:50:51.255 I/ActivityManager( 2074): Start proc 2612:com.android.settings/1000 for activity com.android.settings/.FallbackHome
05-01 20:50:51.255 W/ActivityManager( 2074): Slow operation: 366ms so far, now at startProcess: starting to update pids map
05-01 20:50:51.255 W/ActivityManager( 2074): Slow operation: 366ms so far, now at startProcess: done updating pids map
05-01 20:50:51.255 W/ActivityManager( 2074): Slow operation: 366ms so far, now at startProcess: done starting proc!
05-01 20:50:51.265 I/SystemServer( 2074): Enabled StrictMode for system server main thread.
05-01 20:50:51.419 D/ConditionProviders.SCP( 2074): onConnected
05-01 20:50:51.433 W/ACodec  ( 1345): do not know color format 0x7f000789 = 2130708361
05-01 20:50:51.468 D/ZenLog  ( 2074): set_zen_mode: off,readXml
05-01 20:50:51.473 I/MediaPlayerService( 1345): MediaPlayerService::getOMX
05-01 20:50:51.474 I/OMXClient( 1345): MuxOMX ctor
05-01 20:50:51.475 I/OMXMaster( 1337): makeComponentInstance(OMX.google.mpeg4.encoder) in mediacodec process
05-01 20:50:51.528 D/ConditionProviders( 2074): Subscribing to condition://android/schedule?days=1.2.3.4.5&start=22.0&end=7.0&exitAtAlarm=false with ComponentInfo{android/com.android.server.notification.ScheduleConditionProvider}
05-01 20:50:51.528 D/ZenLog  ( 2074): subscribe: condition://android/schedule?days=1.2.3.4.5&start=22.0&end=7.0&exitAtAlarm=false,ok
05-01 20:50:51.529 D/ConditionProviders( 2074): Subscribing to condition://android/schedule?days=6.7&start=23.30&end=10.0&exitAtAlarm=false with ComponentInfo{android/com.android.server.notification.ScheduleConditionProvider}
05-01 20:50:51.529 D/ZenLog  ( 2074): subscribe: condition://android/schedule?days=6.7&start=23.30&end=10.0&exitAtAlarm=false,ok
05-01 20:50:51.531 D/ConditionProviders( 2074): Subscribing to condition://android/event?userId=-10000&calendar=&reply=1 with ComponentInfo{android/com.android.server.notification.EventConditionProvider}
05-01 20:50:51.531 D/ZenLog  ( 2074): subscribe: condition://android/event?userId=-10000&calendar=&reply=1,ok
05-01 20:50:51.686 E/ipv6proxy( 2586): Failed to get interface flags for wlan1: No such device
05-01 20:50:51.689 D/RttService( 2074): SCAN_AVAILABLE : 1
05-01 20:50:51.700 D/ZenLog  ( 2074): set_zen_mode: off,cleanUpZenRules
05-01 20:50:51.846 W/System  ( 2074): ClassLoader referenced unknown path: /system/priv-app/Telecom/lib/x86_64
05-01 20:50:51.855 D/ApplicationLoaders( 2074): ignored Vulkan layer search path /system/priv-app/Telecom/lib/x86_64:/system/priv-app/Telecom/Telecom.apk!/lib/x86_64:/system/lib64:/vendor/lib64 for namespace 0x73bd419781d0
05-01 20:50:52.331 E/BluetoothAdapter( 2074): Bluetooth binder is null
05-01 20:50:52.334 I/SoftMPEG4Encoder( 1337): Construct SoftMPEG4Encoder
05-01 20:50:52.470 I/Telecom ( 2074): SystemStateProvider: Registering car mode receiver: android.content.IntentFilter@8283087: TS.init@AAA
05-01 20:50:52.484 W/ACodec  ( 1345): do not know color format 0x7f000789 = 2130708361
05-01 20:50:52.485 E/OMXNodeInstance( 1337): getConfig(5390017:google.mpeg4.encoder, ConfigAndroidIntraRefresh(0x6f60000a)) ERROR: Undefined(0x80001001)
05-01 20:50:52.541 I/MediaPlayerService( 1345): MediaPlayerService::getOMX
05-01 20:50:52.542 I/OMXClient( 1345): MuxOMX ctor
05-01 20:50:52.543 I/OMXMaster( 1337): makeComponentInstance(OMX.google.vp8.encoder) in mediacodec process
05-01 20:50:53.198 W/ACodec  ( 1345): do not know color format 0x7f000789 = 2130708361
05-01 20:50:53.199 E/OMXNodeInstance( 1337): getConfig(5390018:google.vp8.encoder, ConfigAndroidIntraRefresh(0x6f60000a)) ERROR: Undefined(0x80001001)
05-01 20:50:53.324 I/MediaPlayerService( 1345): MediaPlayerService::getOMX
05-01 20:50:53.325 I/OMXClient( 1345): MuxOMX ctor
05-01 20:50:53.360 I/MediaPlayerService( 1345): MediaPlayerService::getOMX
05-01 20:50:53.361 I/OMXClient( 1345): MuxOMX ctor
05-01 20:50:53.362 W/MediaCodecList( 1345): unable to open media codecs configuration xml file: /data/misc/media/media_codecs_profiling_results.xml
05-01 20:50:53.413 I/MediaPlayerService( 1345): MediaPlayerService::getOMX
05-01 20:50:53.416 I/OMXClient( 2394): MuxOMX ctor
05-01 20:50:53.681 I/OMXMaster( 1337): makeComponentInstance(OMX.google.vorbis.decoder) in mediacodec process
05-01 20:50:54.918 E/hostapd ( 2648): Configuration file: /system/etc/simulated_hostapd.conf
05-01 20:50:54.974 E/hostapd ( 2648): Could not read interface wlan1 flags: No such device
05-01 20:50:54.975 I/hostapd ( 2648): nl80211: Driver does not support authentication/association or connect commands
05-01 20:50:54.975 I/hostapd ( 2648): nl80211: deinit ifname=wlan1 disabled_11b_rates=0
05-01 20:50:54.976 E/hostapd ( 2648): Could not read interface wlan1 flags: No such device
05-01 20:50:54.976 E/hostapd ( 2648): nl80211 driver initialization failed.
05-01 20:50:54.976 I/hostapd ( 2648): wlan1: interface state UNINITIALIZED->DISABLED
05-01 20:50:54.977 I/hostapd ( 2648): wlan1: AP-DISABLED 
05-01 20:50:54.977 E/hostapd ( 2648): hostapd_free_hapd_data: Interface wlan1 wasn't started
05-01 20:50:55.014 E/ipv6proxy( 2647): Failed to get interface flags for wlan1: No such device
05-01 20:50:55.352 I/MediaPlayerService( 1345): MediaPlayerService::getOMX
05-01 20:50:55.357 I/OMXClient( 2394): MuxOMX ctor
05-01 20:50:55.373 I/OMXMaster( 1337): makeComponentInstance(OMX.google.vorbis.decoder) in mediacodec process
05-01 20:50:56.573 I/MediaPlayerService( 1345): MediaPlayerService::getOMX
05-01 20:50:56.640 I/OMXClient( 2074): MuxOMX ctor
05-01 20:50:56.727 I/OMXMaster( 1337): makeComponentInstance(OMX.google.vorbis.decoder) in mediacodec process
05-01 20:50:56.764 I/MediaPlayerService( 1345): MediaPlayerService::getOMX
05-01 20:50:56.766 I/OMXClient( 2394): MuxOMX ctor
05-01 20:50:57.024 I/Telecom ( 2074): Telecom: Non-call EVENT: AUDIO_ROUTE, Entering state QuiescentEarpieceRoute
05-01 20:50:57.282 I/Telecom ( 2074): CallAudioModeStateMachine: Message received: null.: TS.init->CAMSM.pM_1@AAA_0
05-01 20:50:57.310 I/OMXMaster( 1337): makeComponentInstance(OMX.google.vorbis.decoder) in mediacodec process
05-01 20:50:57.490 I/Process ( 2074): Sending signal. PID: 2394 SIG: 3
05-01 20:50:57.530 E/ActivityThread( 2074): Failed to find provider info for call_log
05-01 20:50:57.539 I/art     ( 2394): Thread[3,tid=2408,WaitingInMainSignalCatcherLoop,Thread*=0x73bd3d096400,peer=0x12c005e0,"Signal Catcher"]: reacting to signal 3
05-01 20:50:57.572 I/art     ( 2394): 
05-01 20:50:57.607 E/BluetoothAdapter( 2074): Bluetooth binder is null
05-01 20:50:57.769 I/Telecom ( 2074): Class: TelecomSystem.INSTANCE being set
05-01 20:50:57.818 E/BluetoothAdapter( 2074): Bluetooth binder is null
05-01 20:50:57.921 W/ContextImpl( 2074): Calling a method in the system process without a qualified user: android.app.ContextImpl.startService:1357 com.android.server.content.SyncManager$13.run:658 android.os.Handler.handleCallback:751 android.os.Handler.dispatchMessage:95 android.os.Looper.loop:154 
05-01 20:50:58.703 W/        ( 1275): debuggerd: handling request: pid=1320 uid=1000 gid=1003 tid=1320
05-01 20:50:59.045 W/System  ( 2074): ClassLoader referenced unknown path: /system/priv-app/FusedLocation/lib/x86_64
05-01 20:50:59.075 D/ApplicationLoaders( 2074): ignored Vulkan layer search path /system/priv-app/FusedLocation/lib/x86_64:/system/priv-app/FusedLocation/FusedLocation.apk!/lib/x86_64:/system/lib64:/vendor/lib64 for namespace 0x73bd41978240
05-01 20:50:59.139 E/hostapd ( 2679): Configuration file: /system/etc/simulated_hostapd.conf
05-01 20:50:59.244 V/WiredAccessoryManager( 2074): notifyWiredAccessoryChanged: when=0 bits= mask=54
05-01 20:50:59.244 V/WiredAccessoryManager( 2074): newName=h2w newState=0 headsetState=0 prev headsetState=0
05-01 20:50:59.245 E/WiredAccessoryManager( 2074): No state change.
05-01 20:50:59.245 V/WiredAccessoryManager( 2074): init()
05-01 20:50:59.263 E/hostapd ( 2679): Could not read interface wlan1 flags: No such device
05-01 20:50:59.264 I/hostapd ( 2679): nl80211: Driver does not support authentication/association or connect commands
