05-01 20:48:26.428 D/audio_hw_generic( 1325): mixer 5 name Line Out Phantom Jack
05-01 20:48:26.428 D/audio_hw_generic( 1325): mixer 6 name Playback Channel Map
05-01 20:48:26.428 D/audio_hw_generic( 1325): mixer 7 name Capture Channel Map
05-01 20:48:26.428 I/AudioFlinger( 1325): loadHwModule() Loaded primary audio interface from Generic audio HW HAL (audio) handle 10
05-01 20:48:26.429 I/AudioFlinger( 1325): openOutput(), module 10 Device 2, SamplingRate 48000, Format 0x000001, Channels 3, flags 2
05-01 20:48:26.505 I/AudioFlinger( 1325): HAL output buffer size 720 frames, normal sink buffer size 1152 frames
05-01 20:48:26.512 D/EmulatedCamera_QemuClient( 1327): Emulated camera list: 
05-01 20:48:26.692 I/BufferProvider( 1325): found effect "Multichannel Downmix To Stereo" from The Android Open Source Project
05-01 20:48:26.697 I/AudioFlinger( 1325): Using module 10 has the primary audio interface
05-01 20:48:26.730 I/AudioFlinger( 1325): AudioFlinger's thread 0xe7283800 ready to run
05-01 20:48:26.731 W/BatteryNotifier( 1325): batterystats service unavailable!
05-01 20:48:26.733 W/BatteryNotifier( 1325): batterystats service unavailable!
05-01 20:48:26.771 D/EmulatedCamera_FakeCamera( 1327): Initialize: Fake camera is facing back
05-01 20:48:26.773 V/EmulatedCamera_Device( 1327): initializeWhiteBalanceModes with auto, 1.000000, 1.000000
05-01 20:48:26.774 V/EmulatedCamera_Device( 1327): initializeWhiteBalanceModes with incandescent, 1.380000, 0.600000
05-01 20:48:26.774 V/EmulatedCamera_Device( 1327): initializeWhiteBalanceModes with daylight, 1.090000, 0.920000
05-01 20:48:26.774 V/EmulatedCamera_Device( 1327): initializeWhiteBalanceModes with twilight, 0.920000, 1.220000
05-01 20:48:26.774 V/EmulatedCamera_Device( 1327): setWhiteBalanceMode with white balance auto
05-01 20:48:26.774 E/EmulatedCamera_Factory( 1327): 1 cameras are being emulated. 0 of them are fake cameras.
05-01 20:48:26.775 E/EmulatedCamera_HotplugThread( 1327): createFileIfNotExists: Could not create file '/data/misc/media/emulator.camera.hotplug.0', error: 'Permission denied' (13)
05-01 20:48:26.779 I/CameraService( 1327): Loaded "Emulated Camera Module" camera module
05-01 20:48:26.803 W/BatteryNotifier( 1325): batterystats service unavailable!
05-01 20:48:26.805 W/AudioFlinger( 1325): no wake lock to update, system not ready yet
05-01 20:48:26.873 E/CameraService( 1327): setUpVendorTags: Vendor tag operations not fully defined. Ignoring definitions.
05-01 20:48:26.874 V/EmulatedCamera_Camera( 1327): getCameraInfo
05-01 20:48:26.874 V/EmulatedCamera_BaseCamera( 1327): getCameraInfo
05-01 20:48:26.874 I/CameraFlashlight( 1327): Opening camera 0
05-01 20:48:26.875 V/EmulatedCamera_Camera( 1327): getCameraInfo
05-01 20:48:26.875 V/EmulatedCamera_BaseCamera( 1327): getCameraInfo
05-01 20:48:26.875 V/EmulatedCamera_Camera( 1327): connectCamera
05-01 20:48:26.875 V/EmulatedCamera_FakeDevice( 1327): connectDevice
05-01 20:48:26.875 V/EmulatedCamera_CallbackNotifier( 1327): setCallbacks: 0xecc43e80, 0xecc43ed0, 0xecc43ff0, 0xecc44110 (0xec6c3140)
05-01 20:48:27.153 V/EmulatedCamera_Preview( 1327): setPreviewWindow: current: 0x0 -> new: 0xec6c3150
05-01 20:48:27.153 V/EmulatedCamera_Preview( 1327): setPreviewWindow: current: 0xec6c3150 -> new: 0x0
05-01 20:48:27.153 V/EmulatedCamera_Camera( 1327): doStopPreview
05-01 20:48:27.154 V/EmulatedCamera_Preview( 1327): setPreviewWindow: current: 0x0 -> new: 0x0
05-01 20:48:27.154 V/EmulatedCamera_Camera( 1327): releaseCamera
05-01 20:48:27.154 V/EmulatedCamera_Camera( 1327): doStopPreview
05-01 20:48:27.155 V/EmulatedCamera_FakeDevice( 1327): disconnectDevice
05-01 20:48:27.155 W/EmulatedCamera_Device( 1327): Initialize: Emulated camera device is already initialized: mState = 1
05-01 20:48:27.155 D/EmulatedCamera_FakeCamera( 1327): Initialize: Fake camera is facing back
05-01 20:48:27.155 V/EmulatedCamera_Device( 1327): initializeWhiteBalanceModes with auto, 1.000000, 1.000000
05-01 20:48:27.155 V/EmulatedCamera_Device( 1327): initializeWhiteBalanceModes with incandescent, 1.380000, 0.600000
05-01 20:48:27.156 V/EmulatedCamera_Device( 1327): initializeWhiteBalanceModes with daylight, 1.090000, 0.920000
05-01 20:48:27.156 V/EmulatedCamera_Device( 1327): initializeWhiteBalanceModes with twilight, 0.920000, 1.220000
05-01 20:48:27.156 V/EmulatedCamera_Device( 1327): setWhiteBalanceMode with white balance auto
05-01 20:48:27.156 I/CameraFlashlight( 1327): Destroying camera 0
05-01 20:48:27.156 V/EmulatedCamera_Camera( 1327): closeCamera
05-01 20:48:27.156 V/EmulatedCamera_Camera( 1327): doStopPreview
05-01 20:48:27.156 W/EmulatedCamera_Device( 1327): Initialize: Emulated camera device is already initialized: mState = 1
05-01 20:48:27.156 D/EmulatedCamera_FakeCamera( 1327): Initialize: Fake camera is facing back
05-01 20:48:27.157 V/EmulatedCamera_Device( 1327): initializeWhiteBalanceModes with auto, 1.000000, 1.000000
05-01 20:48:27.157 V/EmulatedCamera_Device( 1327): initializeWhiteBalanceModes with incandescent, 1.380000, 0.600000
05-01 20:48:27.157 V/EmulatedCamera_Device( 1327): initializeWhiteBalanceModes with daylight, 1.090000, 0.920000
05-01 20:48:27.157 V/EmulatedCamera_Device( 1327): initializeWhiteBalanceModes with twilight, 0.920000, 1.220000
05-01 20:48:27.157 V/EmulatedCamera_Device( 1327): setWhiteBalanceMode with white balance auto
05-01 20:48:27.159 V/EmulatedCamera_Camera( 1327): getCameraInfo
05-01 20:48:27.159 V/EmulatedCamera_BaseCamera( 1327): getCameraInfo
05-01 20:48:27.271 I/AudioFlinger( 1325): AudioFlinger's thread 0xe6d83040 ready to run
05-01 20:48:27.312 I/ServiceManager( 1327): Waiting for service media.camera.proxy...
05-01 20:48:27.456 I/r_submix( 1325): adev_open(name=audio_hw_if)
05-01 20:48:27.456 I/r_submix( 1325): adev_init_check()
05-01 20:48:27.456 I/AudioFlinger( 1325): loadHwModule() Loaded r_submix audio interface from Wifi Display audio HAL (audio) handle 18
05-01 20:48:27.457 D/r_submix( 1325): adev_open_input_stream(addr=0)
05-01 20:48:27.457 D/r_submix( 1325): submix_audio_device_create_pipe_l(addr=0, idx=9)
05-01 20:48:27.457 D/r_submix( 1325):   now using address 0 for route 9
05-01 20:48:27.461 I/AudioFlinger( 1325): AudioFlinger's thread 0xe6e83940 ready to run
05-01 20:48:27.524 I/mediaserver( 1345): ServiceManager: 0xf563c0a0
05-01 20:48:27.530 D/r_submix( 1325): adev_close_input_stream()
05-01 20:48:27.530 D/r_submix( 1325): submix_audio_device_release_pipe_l(idx=9) addr=0
05-01 20:48:27.530 D/r_submix( 1325): submix_audio_device_destroy_pipe_l(): pipe destroyed
05-01 20:48:27.550 I/RadioService( 1325): RadioService
05-01 20:48:27.550 I/RadioService( 1325): onFirstRef
05-01 20:48:27.552 E/RadioService( 1325): couldn't load radio module radio.primary (No such file or directory)
05-01 20:48:27.571 E/SoundTriggerHwService( 1325): couldn't load sound trigger module sound_trigger.primary (No such file or directory)
05-01 20:48:27.811 W/BatteryNotifier( 1345): batterystats service unavailable!
05-01 20:48:27.884 I/mediaserver( 1342): ServiceManager: 0xefcbc0a0
05-01 20:48:28.125 V/MediaUtils( 1343): physMem: 1043894272
05-01 20:48:28.125 V/MediaUtils( 1343): requested limit: 208778840
05-01 20:48:28.125 V/MediaUtils( 1343): actual limit: 208778840
05-01 20:48:28.126 V/MediaUtils( 1343): original limits: 4294967295/4294967295
05-01 20:48:28.126 V/MediaUtils( 1343): new limits: 208778840/4294967295
05-01 20:48:28.127 W//system/bin/mediaextractor( 1343): libminijail: allowing syscall: socketcall
05-01 20:48:28.128 W//system/bin/mediaextractor( 1343): libminijail: allowing syscall: writev
05-01 20:48:28.128 W//system/bin/mediaextractor( 1343): libminijail: allowing syscall: fcntl64
05-01 20:48:28.128 W//system/bin/mediaextractor( 1343): libminijail: allowing syscall: clock_gettime
05-01 20:48:28.132 W//system/bin/mediaextractor( 1343): libminijail: logging seccomp filter failures
05-01 20:48:28.315 I/ServiceManager( 1327): Waiting for service media.camera.proxy...
05-01 20:48:29.330 I/ServiceManager( 1327): Waiting for service media.camera.proxy...
05-01 20:48:29.810 W/BatteryNotifier( 1325): batterystats service unavailable!
05-01 20:48:30.381 I/ServiceManager( 1327): Waiting for service media.camera.proxy...
05-01 20:48:31.384 I/ServiceManager( 1327): Waiting for service media.camera.proxy...
05-01 20:48:36.186 D/AndroidRuntime( 1324): >>>>>> START com.android.internal.os.ZygoteInit uid 0 <<<<<<
05-01 20:48:36.634 D/AndroidRuntime( 1324): CheckJNI is ON
05-01 20:48:36.732 D/AndroidRuntime( 1323): >>>>>> START com.android.internal.os.ZygoteInit uid 0 <<<<<<
05-01 20:48:36.780 I/art     ( 1324): option[0]=-Xzygote
05-01 20:48:36.781 I/art     ( 1324): option[1]=-Xcheck:jni
05-01 20:48:36.781 I/art     ( 1324): option[2]=-Xstacktracefile:/data/anr/traces.txt
05-01 20:48:36.781 I/art     ( 1324): option[3]=exit
05-01 20:48:36.781 I/art     ( 1324): option[4]=vfprintf
05-01 20:48:36.781 I/art     ( 1324): option[5]=sensitiveThread
05-01 20:48:36.781 I/art     ( 1324): option[6]=-verbose:gc
05-01 20:48:36.781 I/art     ( 1324): option[7]=-Xms4m
05-01 20:48:36.781 I/art     ( 1324): option[8]=-Xmx256m
05-01 20:48:36.781 I/art     ( 1324): option[9]=-Xusejit:true
05-01 20:48:36.781 I/art     ( 1324): option[10]=-Xjitsaveprofilinginfo
05-01 20:48:36.782 I/art     ( 1324): option[11]=-agentlib:jdwp=transport=dt_android_adb,suspend=n,server=y
05-01 20:48:36.782 I/art     ( 1324): option[12]=-Xlockprofthreshold:500
05-01 20:48:36.782 I/art     ( 1324): option[13]=-Ximage-compiler-option
05-01 20:48:36.782 I/art     ( 1324): option[14]=--runtime-arg
05-01 20:48:36.782 I/art     ( 1324): option[15]=-Ximage-compiler-option
05-01 20:48:36.782 I/art     ( 1324): option[16]=-Xms64m
05-01 20:48:36.782 I/art     ( 1324): option[17]=-Ximage-compiler-option
05-01 20:48:36.782 I/art     ( 1324): option[18]=--runtime-arg
05-01 20:48:36.782 I/art     ( 1324): option[19]=-Ximage-compiler-option
05-01 20:48:36.782 I/art     ( 1324): option[20]=-Xmx64m
05-01 20:48:36.782 I/art     ( 1324): option[21]=-Ximage-compiler-option
05-01 20:48:36.782 I/art     ( 1324): option[22]=--image-classes=/system/etc/preloaded-classes
05-01 20:48:36.782 I/art     ( 1324): option[23]=-Ximage-compiler-option
05-01 20:48:36.782 I/art     ( 1324): option[24]=--compiled-classes=/system/etc/compiled-classes
05-01 20:48:36.782 I/art     ( 1324): option[25]=-Xcompiler-option
05-01 20:48:36.782 I/art     ( 1324): option[26]=--runtime-arg
05-01 20:48:36.782 I/art     ( 1324): option[27]=-Xcompiler-option
05-01 20:48:36.783 I/art     ( 1324): option[28]=-Xms64m
05-01 20:48:36.783 I/art     ( 1324): option[29]=-Xcompiler-option
05-01 20:48:36.783 I/art     ( 1324): option[30]=--runtime-arg
05-01 20:48:36.783 I/art     ( 1324): option[31]=-Xcompiler-option
05-01 20:48:36.783 I/art     ( 1324): option[32]=-Xmx512m
05-01 20:48:36.783 I/art     ( 1324): option[33]=-Ximage-compiler-option
05-01 20:48:36.783 I/art     ( 1324): option[34]=--instruction-set-variant=x86
05-01 20:48:36.783 I/art     ( 1324): option[35]=-Xcompiler-option
05-01 20:48:36.783 I/art     ( 1324): option[36]=--instruction-set-variant=x86
05-01 20:48:36.783 I/art     ( 1324): option[37]=-Ximage-compiler-option
05-01 20:48:36.783 I/art     ( 1324): option[38]=--instruction-set-features=default
05-01 20:48:36.783 I/art     ( 1324): option[39]=-Xcompiler-option
05-01 20:48:36.783 I/art     ( 1324): option[40]=--instruction-set-features=default
05-01 20:48:36.783 I/art     ( 1324): option[41]=-Duser.locale=en-US
05-01 20:48:36.783 I/art     ( 1324): option[42]=--cpu-abilist=x86
05-01 20:48:36.783 I/art     ( 1324): option[43]=-Xfingerprint:Android/sdk_phone_x86_64/generic_x86_64:7.1.1/NYC/4931657:userdebug/test-keys
05-01 20:48:36.906 E/SurfaceFlinger( 1320): ro.sf.lcd_density must be defined as a build property
05-01 20:48:36.962 D/libEGL  ( 1563): Emulator without GPU support detected. Fallback to legacy software renderer, qemu.gles is set to 0.
05-01 20:48:37.091 D/libEGL  ( 1563): loaded /system/lib64/egl/libGLES_android.so
05-01 20:48:37.221 D/AndroidRuntime( 1323): CheckJNI is ON
05-01 20:48:37.270 I/art     ( 1323): option[0]=-Xzygote
05-01 20:48:37.270 I/art     ( 1323): option[1]=-Xcheck:jni
05-01 20:48:37.271 I/art     ( 1323): option[2]=-Xstacktracefile:/data/anr/traces.txt
05-01 20:48:37.271 I/art     ( 1323): option[3]=exit
05-01 20:48:37.271 I/art     ( 1323): option[4]=vfprintf
05-01 20:48:37.271 I/art     ( 1323): option[5]=sensitiveThread
05-01 20:48:37.271 I/art     ( 1323): option[6]=-verbose:gc
05-01 20:48:37.271 I/art     ( 1323): option[7]=-Xms4m
05-01 20:48:37.271 I/art     ( 1323): option[8]=-Xmx256m
05-01 20:48:37.271 I/art     ( 1323): option[9]=-Xusejit:true
05-01 20:48:37.271 I/art     ( 1323): option[10]=-Xjitsaveprofilinginfo
05-01 20:48:37.271 I/art     ( 1323): option[11]=-agentlib:jdwp=transport=dt_android_adb,suspend=n,server=y
05-01 20:48:37.271 I/art     ( 1323): option[12]=-Xlockprofthreshold:500
05-01 20:48:37.271 I/art     ( 1323): option[13]=-Ximage-compiler-option
05-01 20:48:37.271 I/art     ( 1323): option[14]=--runtime-arg
05-01 20:48:37.271 I/art     ( 1323): option[15]=-Ximage-compiler-option
05-01 20:48:37.271 I/art     ( 1323): option[16]=-Xms64m
05-01 20:48:37.271 I/art     ( 1323): option[17]=-Ximage-compiler-option
05-01 20:48:37.271 I/art     ( 1323): option[18]=--runtime-arg
05-01 20:48:37.272 I/art     ( 1323): option[19]=-Ximage-compiler-option
05-01 20:48:37.272 I/art     ( 1323): option[20]=-Xmx64m
05-01 20:48:37.272 I/art     ( 1323): option[21]=-Ximage-compiler-option
05-01 20:48:37.272 I/art     ( 1323): option[22]=--image-classes=/system/etc/preloaded-classes
05-01 20:48:37.272 I/art     ( 1323): option[23]=-Ximage-compiler-option
05-01 20:48:37.272 I/art     ( 1323): option[24]=--compiled-classes=/system/etc/compiled-classes
05-01 20:48:37.272 I/art     ( 1323): option[25]=-Xcompiler-option
05-01 20:48:37.272 I/art     ( 1323): option[26]=--runtime-arg
05-01 20:48:37.272 I/art     ( 1323): option[27]=-Xcompiler-option
05-01 20:48:37.272 I/art     ( 1323): option[28]=-Xms64m
05-01 20:48:37.272 I/art     ( 1323): option[29]=-Xcompiler-option
05-01 20:48:37.272 I/art     ( 1323): option[30]=--runtime-arg
05-01 20:48:37.272 I/art     ( 1323): option[31]=-Xcompiler-option
05-01 20:48:37.272 I/art     ( 1323): option[32]=-Xmx512m
05-01 20:48:37.272 I/art     ( 1323): option[33]=-Ximage-compiler-option
05-01 20:48:37.272 I/art     ( 1323): option[34]=--instruction-set-variant=x86_64
05-01 20:48:37.272 I/art     ( 1323): option[35]=-Xcompiler-option
05-01 20:48:37.272 I/art     ( 1323): option[36]=--instruction-set-variant=x86_64
05-01 20:48:37.272 I/art     ( 1323): option[37]=-Ximage-compiler-option
05-01 20:48:37.272 I/art     ( 1323): option[38]=--instruction-set-features=default
05-01 20:48:37.272 I/art     ( 1323): option[39]=-Xcompiler-option
05-01 20:48:37.272 I/art     ( 1323): option[40]=--instruction-set-features=default
05-01 20:48:37.272 I/art     ( 1323): option[41]=-Duser.locale=en-US
05-01 20:48:37.272 I/art     ( 1323): option[42]=--cpu-abilist=x86_64
05-01 20:48:37.273 I/art     ( 1323): option[43]=-Xfingerprint:Android/sdk_phone_x86_64/generic_x86_64:7.1.1/NYC/4931657:userdebug/test-keys
05-01 20:48:37.518 D/gralloc_ranchu( 1563): Emulator without host-side GPU emulation detected. Loading gralloc.default.so from /vendor/lib64/hw/gralloc.goldfish.default.so...
05-01 20:48:37.523 D/gralloc_ranchu( 1563): gralloc.default.so not found in /vendor. Trying /system/lib64/hw/gralloc.goldfish.default.so...
05-01 20:48:42.848 E/ipv6proxy( 1897): Failed to get interface flags for wlan1: No such device
05-01 20:48:43.973 D/ICU     ( 1324): No timezone override file found: /data/misc/zoneinfo/current/icu/icu_tzdata.dat
05-01 20:48:44.597 D/ICU     ( 1323): No timezone override file found: /data/misc/zoneinfo/current/icu/icu_tzdata.dat
05-01 20:48:45.025 E/hostapd ( 1907): Configuration file: /system/etc/simulated_hostapd.conf
05-01 20:48:45.207 E/hostapd ( 1907): Could not read interface wlan1 flags: No such device
05-01 20:48:45.208 I/hostapd ( 1907): nl80211: Driver does not support authentication/association or connect commands
05-01 20:48:45.208 I/hostapd ( 1907): nl80211: deinit ifname=wlan1 disabled_11b_rates=0
05-01 20:48:45.209 E/hostapd ( 1907): Could not read interface wlan1 flags: No such device
05-01 20:48:45.209 E/hostapd ( 1907): nl80211 driver initialization failed.
05-01 20:48:45.209 I/hostapd ( 1907): wlan1: interface state UNINITIALIZED->DISABLED
05-01 20:48:45.255 I/hostapd ( 1907): wlan1: AP-DISABLED 
05-01 20:48:45.255 E/hostapd ( 1907): hostapd_free_hapd_data: Interface wlan1 wasn't started
05-01 20:48:46.994 E/ipv6proxy( 1922): Failed to get interface flags for wlan1: No such device
05-01 20:48:47.345 E/memtrack( 1324): Couldn't load memtrack module (No such file or directory)
05-01 20:48:47.345 E/android.os.Debug( 1324): failed to load memtrack module: -2
05-01 20:48:47.404 I/Radio-JNI( 1324): register_android_hardware_Radio DONE
05-01 20:48:47.672 I/SamplingProfilerIntegration( 1324): Profiling disabled.
05-01 20:48:47.757 D/Zygote  ( 1324): begin preload
05-01 20:48:47.758 I/Zygote  ( 1324): Installing ICU cache reference pinning...
05-01 20:48:47.760 I/Zygote  ( 1324): Preloading ICU data...
05-01 20:48:48.202 E/memtrack( 1323): Couldn't load memtrack module (No such file or directory)
05-01 20:48:48.203 E/android.os.Debug( 1323): failed to load memtrack module: -2
05-01 20:48:48.301 I/Radio-JNI( 1323): register_android_hardware_Radio DONE
05-01 20:48:48.792 E/hostapd ( 1932): Configuration file: /system/etc/simulated_hostapd.conf
05-01 20:48:48.935 E/hostapd ( 1932): Could not read interface wlan1 flags: No such device
05-01 20:48:48.936 I/hostapd ( 1932): nl80211: Driver does not support authentication/association or connect commands
05-01 20:48:48.936 I/hostapd ( 1932): nl80211: deinit ifname=wlan1 disabled_11b_rates=0
05-01 20:48:48.936 E/hostapd ( 1932): Could not read interface wlan1 flags: No such device
05-01 20:48:48.937 E/hostapd ( 1932): nl80211 driver initialization failed.
05-01 20:48:48.937 I/hostapd ( 1932): wlan1: interface state UNINITIALIZED->DISABLED
05-01 20:48:48.937 I/hostapd ( 1932): wlan1: AP-DISABLED 
05-01 20:48:48.937 E/hostapd ( 1932): hostapd_free_hapd_data: Interface wlan1 wasn't started
05-01 20:48:49.083 I/SamplingProfilerIntegration( 1323): Profiling disabled.
05-01 20:48:49.116 D/Zygote  ( 1323): begin preload
05-01 20:48:49.116 I/Zygote  ( 1323): Installing ICU cache reference pinning...
05-01 20:48:49.151 I/Zygote  ( 1323): Preloading ICU data...
05-01 20:48:49.926 I/Zygote  ( 1324): Preloading classes...
05-01 20:48:50.285 W/Zygote  ( 1324): Class not found for preloading: [Landroid.view.Display$ColorTransform;
05-01 20:48:50.728 I/Zygote  ( 1323): Preloading classes...
05-01 20:48:51.093 W/Zygote  ( 1323): Class not found for preloading: [Landroid.view.Display$ColorTransform;
05-01 20:48:51.932 E/ipv6proxy( 1943): Failed to get interface flags for wlan1: No such device
05-01 20:48:54.271 E/hostapd ( 1951): Configuration file: /system/etc/simulated_hostapd.conf
05-01 20:48:54.391 E/hostapd ( 1951): Could not read interface wlan1 flags: No such device
05-01 20:48:54.392 I/hostapd ( 1951): nl80211: Driver does not support authentication/association or connect commands
05-01 20:48:54.393 I/hostapd ( 1951): nl80211: deinit ifname=wlan1 disabled_11b_rates=0
05-01 20:48:54.393 E/hostapd ( 1951): Could not read interface wlan1 flags: No such device
05-01 20:48:54.394 E/hostapd ( 1951): nl80211 driver initialization failed.
05-01 20:48:54.394 I/hostapd ( 1951): wlan1: interface state UNINITIALIZED->DISABLED
05-01 20:48:54.394 I/hostapd ( 1951): wlan1: AP-DISABLED 
05-01 20:48:54.394 E/hostapd ( 1951): hostapd_free_hapd_data: Interface wlan1 wasn't started
05-01 20:48:56.126 E/Typeface( 1324): Error mapping font file /system/fonts/DroidSansFallback.ttf
05-01 20:48:56.384 E/Typeface( 1323): Error mapping font file /system/fonts/DroidSansFallback.ttf
05-01 20:48:57.944 E/ipv6proxy( 1960): Failed to get interface flags for wlan1: No such device
05-01 20:48:58.777 E/hostapd ( 1966): Configuration file: /system/etc/simulated_hostapd.conf
05-01 20:48:58.939 E/hostapd ( 1966): Could not read interface wlan1 flags: No such device
05-01 20:48:58.951 I/hostapd ( 1966): nl80211: Driver does not support authentication/association or connect commands
05-01 20:48:58.951 I/hostapd ( 1966): nl80211: deinit ifname=wlan1 disabled_11b_rates=0
05-01 20:48:58.951 E/hostapd ( 1966): Could not read interface wlan1 flags: No such device
05-01 20:48:58.952 E/hostapd ( 1966): nl80211 driver initialization failed.
05-01 20:48:58.952 I/hostapd ( 1966): wlan1: interface state UNINITIALIZED->DISABLED
05-01 20:48:58.952 I/hostapd ( 1966): wlan1: AP-DISABLED 
05-01 20:48:58.952 E/hostapd ( 1966): hostapd_free_hapd_data: Interface wlan1 wasn't started
05-01 20:49:00.872 W/art     ( 1323): Suspending all threads took: 42.744ms
05-01 20:49:01.162 I/art     ( 1323): Background concurrent mark sweep GC freed 21947(2MB) AllocSpace objects, 90(1636KB) LOS objects, 33% free, 2MB/3MB, paused 45.914ms total 513.010ms
05-01 20:49:01.336 I/art     ( 1323): Background sticky concurrent mark sweep GC freed 201(1290KB) AllocSpace objects, 37(708KB) LOS objects, 48% free, 1582KB/3MB, paused 707us total 154.773ms
05-01 20:49:01.865 E/ipv6proxy( 1979): Failed to get interface flags for wlan1: No such device
05-01 20:49:01.910 I/art     ( 1323): Thread[1,tid=1323,Native,Thread*=0x73bd3d095a00,peer=0x12c060d0,"main"] recursive attempt to load library "/system/lib64/libmedia_jni.so"
05-01 20:49:01.921 D/MtpDeviceJNI( 1323): register_android_mtp_MtpDevice
05-01 20:49:01.930 I/art     ( 1323): Thread[1,tid=1323,Native,Thread*=0x73bd3d095a00,peer=0x12c060d0,"main"] recursive attempt to load library "/system/lib64/libmedia_jni.so"
05-01 20:49:01.982 I/art     ( 1323): Thread[1,tid=1323,Native,Thread*=0x73bd3d095a00,peer=0x12c060d0,"main"] recursive attempt to load library "/system/lib64/libmedia_jni.so"
05-01 20:49:02.176 W/art     ( 1324): Suspending all threads took: 7.259ms
05-01 20:49:02.575 I/art     ( 1324): Background concurrent mark sweep GC freed 21945(2MB) AllocSpace objects, 114(2MB) LOS objects, 33% free, 3MB/4MB, paused 79.639ms total 649.927ms
05-01 20:49:03.252 I/art     ( 1324): Thread[1,tid=1324,Native,Thread*=0xf030b400,peer=0x12c060d0,"main"] recursive attempt to load library "/system/lib/libmedia_jni.so"
05-01 20:49:03.261 D/MtpDeviceJNI( 1324): register_android_mtp_MtpDevice
05-01 20:49:03.263 I/art     ( 1324): Thread[1,tid=1324,Native,Thread*=0xf030b400,peer=0x12c060d0,"main"] recursive attempt to load library "/system/lib/libmedia_jni.so"
05-01 20:49:03.265 I/art     ( 1324): Thread[1,tid=1324,Native,Thread*=0xf030b400,peer=0x12c060d0,"main"] recursive attempt to load library "/system/lib/libmedia_jni.so"
05-01 20:49:04.047 E/hostapd ( 1988): Configuration file: /system/etc/simulated_hostapd.conf
05-01 20:49:04.119 E/hostapd ( 1988): Could not read interface wlan1 flags: No such device
05-01 20:49:04.119 I/hostapd ( 1988): nl80211: Driver does not support authentication/association or connect commands
05-01 20:49:04.119 I/hostapd ( 1988): nl80211: deinit ifname=wlan1 disabled_11b_rates=0
05-01 20:49:04.130 E/hostapd ( 1988): Could not read interface wlan1 flags: No such device
05-01 20:49:04.131 E/hostapd ( 1988): nl80211 driver initialization failed.
05-01 20:49:04.131 I/hostapd ( 1988): wlan1: interface state UNINITIALIZED->DISABLED
05-01 20:49:04.131 I/hostapd ( 1988): wlan1: AP-DISABLED 
05-01 20:49:04.131 E/hostapd ( 1988): hostapd_free_hapd_data: Interface wlan1 wasn't started
05-01 20:49:05.897 W/Zygote  ( 1323): Class not found for preloading: android.view.Display$ColorTransform
05-01 20:49:05.898 W/Zygote  ( 1323): Class not found for preloading: android.view.Display$ColorTransform$1
05-01 20:49:06.560 W/Zygote  ( 1324): Class not found for preloading: android.view.Display$ColorTransform
05-01 20:49:06.561 W/Zygote  ( 1324): Class not found for preloading: android.view.Display$ColorTransform$1
05-01 20:49:07.202 E/ipv6proxy( 1999): Failed to get interface flags for wlan1: No such device
05-01 20:49:08.109 I/art     ( 1324): Background sticky concurrent mark sweep GC freed 11508(2MB) AllocSpace objects, 14(240KB) LOS objects, 66% free, 1571KB/4MB, paused 6.163ms total 382.981ms
05-01 20:49:08.411 W/art     ( 1323): Suspending all threads took: 8.520ms
05-01 20:49:08.465 I/art     ( 1323): Background concurrent mark sweep GC freed 20372(1658KB) AllocSpace objects, 6(112KB) LOS objects, 40% free, 1481KB/2MB, paused 11.255ms total 453.733ms
05-01 20:49:09.559 E/hostapd ( 2009): Configuration file: /system/etc/simulated_hostapd.conf
05-01 20:49:09.765 E/hostapd ( 2009): Could not read interface wlan1 flags: No such device
05-01 20:49:09.766 I/hostapd ( 2009): nl80211: Driver does not support authentication/association or connect commands
05-01 20:49:09.766 I/hostapd ( 2009): nl80211: deinit ifname=wlan1 disabled_11b_rates=0
05-01 20:49:09.767 E/hostapd ( 2009): Could not read interface wlan1 flags: No such device
05-01 20:49:09.768 E/hostapd ( 2009): nl80211 driver initialization failed.
05-01 20:49:09.768 I/hostapd ( 2009): wlan1: interface state UNINITIALIZED->DISABLED
05-01 20:49:09.768 I/hostapd ( 2009): wlan1: AP-DISABLED 
05-01 20:49:09.768 E/hostapd ( 2009): hostapd_free_hapd_data: Interface wlan1 wasn't started
05-01 20:49:09.793 I/System  ( 1323): Loaded time zone names for "" in 1360ms (1332ms in ICU)
05-01 20:49:10.271 I/System  ( 1323): Loaded time zone names for "en_US" in 477ms (433ms in ICU)
05-01 20:49:10.898 I/Zygote  ( 1323): ...preloaded 4158 classes in 20169ms.
05-01 20:49:10.899 I/art     ( 1323): VMRuntime.preloadDexCaches starting
05-01 20:49:11.457 I/System  ( 1324): Loaded time zone names for "" in 1723ms (1671ms in ICU)
05-01 20:49:12.434 I/System  ( 1324): Loaded time zone names for "en_US" in 976ms (861ms in ICU)
05-01 20:49:12.762 I/art     ( 1323): VMRuntime.preloadDexCaches strings total=283712 before=39625 after=39625
05-01 20:49:12.762 I/art     ( 1323): VMRuntime.preloadDexCaches types total=23581 before=7877 after=7904
05-01 20:49:12.762 I/art     ( 1323): VMRuntime.preloadDexCaches fields total=112007 before=40903 after=41117
05-01 20:49:12.762 I/art     ( 1323): VMRuntime.preloadDexCaches methods total=197534 before=82457 after=83017
05-01 20:49:12.762 I/art     ( 1323): VMRuntime.preloadDexCaches finished
05-01 20:49:12.765 I/Zygote  ( 1323): Preloading resources...
05-01 20:49:13.034 E/ipv6proxy( 2022): Failed to get interface flags for wlan1: No such device
05-01 20:49:14.222 I/Zygote  ( 1324): ...preloaded 4158 classes in 24295ms.
05-01 20:49:14.223 I/art     ( 1324): VMRuntime.preloadDexCaches starting
05-01 20:49:14.497 E/hostapd ( 2027): Configuration file: /system/etc/simulated_hostapd.conf
05-01 20:49:14.682 E/hostapd ( 2027): Could not read interface wlan1 flags: No such device
05-01 20:49:14.683 I/hostapd ( 2027): nl80211: Driver does not support authentication/association or connect commands
05-01 20:49:14.683 I/hostapd ( 2027): nl80211: deinit ifname=wlan1 disabled_11b_rates=0
05-01 20:49:14.683 E/hostapd ( 2027): Could not read interface wlan1 flags: No such device
05-01 20:49:14.684 E/hostapd ( 2027): nl80211 driver initialization failed.
05-01 20:49:14.684 I/hostapd ( 2027): wlan1: interface state UNINITIALIZED->DISABLED
05-01 20:49:14.684 I/hostapd ( 2027): wlan1: AP-DISABLED 
05-01 20:49:14.684 E/hostapd ( 2027): hostapd_free_hapd_data: Interface wlan1 wasn't started
05-01 20:49:14.832 I/art     ( 1323): Background sticky concurrent mark sweep GC freed 7480(454KB) AllocSpace objects, 0(0B) LOS objects, 18% free, 2045KB/2MB, paused 305us total 114.544ms
05-01 20:49:14.841 W/Resources( 1323): Preloaded drawable resource #0x108025c (android:drawable/dialog_background_material) that varies with configuration!!
05-01 20:49:14.874 W/Resources( 1323): Preloaded drawable resource #0x1080298 (android:drawable/editbox_dropdown_background_dark) that varies with configuration!!
05-01 20:49:15.112 W/Resources( 1323): Preloaded color resource #0x10600e2 (android:color/material_grey_800) that varies with configuration!!
05-01 20:49:15.113 W/Resources( 1323): Preloaded drawable resource #0x10802c9 (android:drawable/floating_popup_background_dark) that varies with configuration!!
05-01 20:49:15.271 I/art     ( 1323): Background concurrent mark sweep GC freed 616(49KB) AllocSpace objects, 0(0B) LOS objects, 60% free, 2MB/6MB, paused 474us total 134.963ms
05-01 20:49:15.825 W/Resources( 1323): Preloaded drawable resource #0x108030b (android:drawable/ic_clear_disabled) that varies with configuration!!
05-01 20:49:15.827 W/Resources( 1323): Preloaded drawable resource #0x1080310 (android:drawable/ic_clear_normal) that varies with configuration!!
05-01 20:49:15.964 W/Resources( 1323): Preloaded drawable resource #0x1080359 (android:drawable/ic_go) that varies with configuration!!
05-01 20:49:16.213 W/Resources( 1323): Preloaded drawable resource #0x1080038 (android:drawable/ic_menu_close_clear_cancel) that varies with configuration!!
05-01 20:49:16.424 W/Resources( 1323): Preloaded drawable resource #0x1080045 (android:drawable/ic_menu_more) that varies with configuration!!
05-01 20:49:16.442 I/art     ( 1324): VMRuntime.preloadDexCaches strings total=283712 before=39625 after=39625
05-01 20:49:16.443 I/art     ( 1324): VMRuntime.preloadDexCaches types total=23581 before=7877 after=7904
05-01 20:49:16.443 I/art     ( 1324): VMRuntime.preloadDexCaches fields total=112007 before=40903 after=41117
05-01 20:49:16.443 I/art     ( 1324): VMRuntime.preloadDexCaches methods total=197534 before=82457 after=83017
05-01 20:49:16.443 I/art     ( 1324): VMRuntime.preloadDexCaches finished
05-01 20:49:16.445 I/Zygote  ( 1324): Preloading resources...
05-01 20:49:17.686 W/Resources( 1323): Preloaded drawable resource #0x10804e8 (android:drawable/menu_background_fill_parent_width) that varies with configuration!!
05-01 20:49:18.718 W/Resources( 1324): Preloaded drawable resource #0x108025c (android:drawable/dialog_background_material) that varies with configuration!!
05-01 20:49:18.773 W/Resources( 1324): Preloaded drawable resource #0x1080298 (android:drawable/editbox_dropdown_background_dark) that varies with configuration!!
05-01 20:49:18.884 E/ipv6proxy( 2045): Failed to get interface flags for wlan1: No such device
05-01 20:49:18.989 W/Resources( 1324): Preloaded color resource #0x10600e2 (android:color/material_grey_800) that varies with configuration!!
05-01 20:49:19.010 W/Resources( 1324): Preloaded drawable resource #0x10802c9 (android:drawable/floating_popup_background_dark) that varies with configuration!!
05-01 20:49:19.745 E/hostapd ( 2050): Configuration file: /system/etc/simulated_hostapd.conf
05-01 20:49:19.766 W/Resources( 1324): Preloaded drawable resource #0x108030b (android:drawable/ic_clear_disabled) that varies with configuration!!
05-01 20:49:19.769 W/Resources( 1324): Preloaded drawable resource #0x1080310 (android:drawable/ic_clear_normal) that varies with configuration!!
05-01 20:49:19.793 W/Resources( 1323): Preloaded drawable resource #0x108077e (android:drawable/text_edit_paste_window) that varies with configuration!!
05-01 20:49:19.873 W/art     ( 1324): Suspending all threads took: 69.014ms
05-01 20:49:19.946 W/Resources( 1324): Preloaded drawable resource #0x1080359 (android:drawable/ic_go) that varies with configuration!!
05-01 20:49:20.021 E/hostapd ( 2050): Could not read interface wlan1 flags: No such device
05-01 20:49:20.021 I/hostapd ( 2050): nl80211: Driver does not support authentication/association or connect commands
05-01 20:49:20.022 I/hostapd ( 2050): nl80211: deinit ifname=wlan1 disabled_11b_rates=0
05-01 20:49:20.022 E/hostapd ( 2050): Could not read interface wlan1 flags: No such device
05-01 20:49:20.023 E/hostapd ( 2050): nl80211 driver initialization failed.
05-01 20:49:20.023 I/hostapd ( 2050): wlan1: interface state UNINITIALIZED->DISABLED
05-01 20:49:20.023 I/hostapd ( 2050): wlan1: AP-DISABLED 
05-01 20:49:20.023 E/hostapd ( 2050): hostapd_free_hapd_data: Interface wlan1 wasn't started
05-01 20:49:20.029 W/Resources( 1323): Preloaded drawable resource #0x1080096 (android:drawable/toast_frame) that varies with configuration!!
05-01 20:49:20.063 I/art     ( 1324): Background concurrent mark sweep GC freed 16883(1006KB) AllocSpace objects, 5(92KB) LOS objects, 51% free, 3MB/7MB, paused 72.568ms total 608.892ms
05-01 20:49:20.066 I/Zygote  ( 1323): ...preloaded 114 resources in 7264ms.
05-01 20:49:20.119 W/Resources( 1324): Preloaded drawable resource #0x1080038 (android:drawable/ic_menu_close_clear_cancel) that varies with configuration!!
05-01 20:49:20.238 W/Resources( 1323): Preloaded color resource #0x106010b (android:color/background_cache_hint_selector_material_dark) that varies with configuration!!
05-01 20:49:20.252 W/Resources( 1324): Preloaded drawable resource #0x1080045 (android:drawable/ic_menu_more) that varies with configuration!!
05-01 20:49:20.304 W/Resources( 1323): Preloaded color resource #0x1060110 (android:color/btn_default_material_dark) that varies with configuration!!
05-01 20:49:20.384 I/Zygote  ( 1323): ...preloaded 41 resources in 318ms.
05-01 20:49:20.386 D/libEGL  ( 1323): Emulator without GPU support detected. Fallback to legacy software renderer, qemu.gles is set to 0.
05-01 20:49:20.545 D/libEGL  ( 1323): loaded /system/lib64/egl/libGLES_android.so
05-01 20:49:20.668 W/Resources( 1324): Preloaded drawable resource #0x10804e8 (android:drawable/menu_background_fill_parent_width) that varies with configuration!!
05-01 20:49:22.022 I/Zygote  ( 1323): Preloading shared libraries...
05-01 20:49:22.212 E/Hyphenator( 1323): error loading hyphenation /system/usr/hyphen-data/hyph-as.hyb
05-01 20:49:22.212 E/Hyphenator( 1323): java.io.FileNotFoundException: /system/usr/hyphen-data/hyph-as.hyb: open failed: ENOENT (No such file or directory)
05-01 20:49:22.212 E/Hyphenator( 1323): 	at libcore.io.IoBridge.open(IoBridge.java:455)
05-01 20:49:22.212 E/Hyphenator( 1323): 	at java.io.RandomAccessFile.<init>(RandomAccessFile.java:247)
05-01 20:49:22.212 E/Hyphenator( 1323): 	at android.text.Hyphenator.loadHyphenator(Hyphenator.java:118)
05-01 20:49:22.212 E/Hyphenator( 1323): 	at android.text.Hyphenator.init(Hyphenator.java:224)
05-01 20:49:22.212 E/Hyphenator( 1323): 	at com.android.internal.os.ZygoteInit.preloadTextResources(ZygoteInit.java:252)
05-01 20:49:22.212 E/Hyphenator( 1323): 	at com.android.internal.os.ZygoteInit.preload(ZygoteInit.java:206)
05-01 20:49:22.212 E/Hyphenator( 1323): 	at com.android.internal.os.ZygoteInit.main(ZygoteInit.java:743)
05-01 20:49:22.212 E/Hyphenator( 1323): Caused by: android.system.ErrnoException: open failed: ENOENT (No such file or directory)
05-01 20:49:22.212 E/Hyphenator( 1323): 	at libcore.io.Posix.open(Native Method)
05-01 20:49:22.212 E/Hyphenator( 1323): 	at libcore.io.BlockGuardOs.open(BlockGuardOs.java:187)
05-01 20:49:22.212 E/Hyphenator( 1323): 	at libcore.io.IoBridge.open(IoBridge.java:441)
05-01 20:49:22.212 E/Hyphenator( 1323): 	... 6 more
05-01 20:49:22.214 E/Hyphenator( 1323): error loading hyphenation /system/usr/hyphen-data/hyph-bn.hyb
05-01 20:49:22.214 E/Hyphenator( 1323): java.io.FileNotFoundException: /system/usr/hyphen-data/hyph-bn.hyb: open failed: ENOENT (No such file or directory)
05-01 20:49:22.214 E/Hyphenator( 1323): 	at libcore.io.IoBridge.open(IoBridge.java:455)
05-01 20:49:22.214 E/Hyphenator( 1323): 	at java.io.RandomAccessFile.<init>(RandomAccessFile.java:247)
05-01 20:49:22.214 E/Hyphenator( 1323): 	at android.text.Hyphenator.loadHyphenator(Hyphenator.java:118)
05-01 20:49:22.214 E/Hyphenator( 1323): 	at android.text.Hyphenator.init(Hyphenator.java:224)
05-01 20:49:22.214 E/Hyphenator( 1323): 	at com.android.internal.os.ZygoteInit.preloadTextResources(ZygoteInit.java:252)
05-01 20:49:22.214 E/Hyphenator( 1323): 	at com.android.internal.os.ZygoteInit.preload(ZygoteInit.java:206)
05-01 20:49:22.214 E/Hyphenator( 1323): 	at com.android.internal.os.ZygoteInit.main(ZygoteInit.java:743)
05-01 20:49:22.214 E/Hyphenator( 1323): Caused by: android.system.ErrnoException: open failed: ENOENT (No such file or directory)
05-01 20:49:22.214 E/Hyphenator( 1323): 	at libcore.io.Posix.open(Native Method)
05-01 20:49:22.214 E/Hyphenator( 1323): 	at libcore.io.BlockGuardOs.open(BlockGuardOs.java:187)
05-01 20:49:22.214 E/Hyphenator( 1323): 	at libcore.io.IoBridge.open(IoBridge.java:441)
05-01 20:49:22.214 E/Hyphenator( 1323): 	... 6 more
05-01 20:49:22.215 E/Hyphenator( 1323): error loading hyphenation /system/usr/hyphen-data/hyph-cy.hyb
05-01 20:49:22.215 E/Hyphenator( 1323): java.io.FileNotFoundException: /system/usr/hyphen-data/hyph-cy.hyb: open failed: ENOENT (No such file or directory)
05-01 20:49:22.215 E/Hyphenator( 1323): 	at libcore.io.IoBridge.open(IoBridge.java:455)
05-01 20:49:22.215 E/Hyphenator( 1323): 	at java.io.RandomAccessFile.<init>(RandomAccessFile.java:247)
05-01 20:49:22.215 E/Hyphenator( 1323): 	at android.text.Hyphenator.loadHyphenator(Hyphenator.java:118)
05-01 20:49:22.215 E/Hyphenator( 1323): 	at android.text.Hyphenator.init(Hyphenator.java:224)
05-01 20:49:22.215 E/Hyphenator( 1323): 	at com.android.internal.os.ZygoteInit.preloadTextResources(ZygoteInit.java:252)
05-01 20:49:22.215 E/Hyphenator( 1323): 	at com.android.internal.os.ZygoteInit.preload(ZygoteInit.java:206)
05-01 20:49:22.215 E/Hyphenator( 1323): 	at com.android.internal.os.ZygoteInit.main(ZygoteInit.java:743)
05-01 20:49:22.215 E/Hyphenator( 1323): Caused by: android.system.ErrnoException: open failed: ENOENT (No such file or directory)
05-01 20:49:22.215 E/Hyphenator( 1323): 	at libcore.io.Posix.open(Native Method)
05-01 20:49:22.215 E/Hyphenator( 1323): 	at libcore.io.BlockGuardOs.open(BlockGuardOs.java:187)
05-01 20:49:22.215 E/Hyphenator( 1323): 	at libcore.io.IoBridge.open(IoBridge.java:441)
05-01 20:49:22.215 E/Hyphenator( 1323): 	... 6 more
05-01 20:49:22.217 E/Hyphenator( 1323): error loading hyphenation /system/usr/hyphen-data/hyph-da.hyb
05-01 20:49:22.217 E/Hyphenator( 1323): java.io.FileNotFoundException: /system/usr/hyphen-data/hyph-da.hyb: open failed: ENOENT (No such file or directory)
05-01 20:49:22.217 E/Hyphenator( 1323): 	at libcore.io.IoBridge.open(IoBridge.java:455)
05-01 20:49:22.217 E/Hyphenator( 1323): 	at java.io.RandomAccessFile.<init>(RandomAccessFile.java:247)
05-01 20:49:22.217 E/Hyphenator( 1323): 	at android.text.Hyphenator.loadHyphenator(Hyphenator.java:118)
05-01 20:49:22.217 E/Hyphenator( 1323): 	at android.text.Hyphenator.init(Hyphenator.java:224)
05-01 20:49:22.217 E/Hyphenator( 1323): 	at com.android.internal.os.ZygoteInit.preloadTextResources(ZygoteInit.java:252)
05-01 20:49:22.217 E/Hyphenator( 1323): 	at com.android.internal.os.ZygoteInit.preload(ZygoteInit.java:206)
05-01 20:49:22.217 E/Hyphenator( 1323): 	at com.android.internal.os.ZygoteInit.main(ZygoteInit.java:743)
05-01 20:49:22.217 E/Hyphenator( 1323): Caused by: android.system.ErrnoException: open failed: ENOENT (No such file or directory)
05-01 20:49:22.217 E/Hyphenator( 1323): 	at libcore.io.Posix.open(Native Method)
05-01 20:49:22.217 E/Hyphenator( 1323): 	at libcore.io.BlockGuardOs.open(BlockGuardOs.java:187)
05-01 20:49:22.217 E/Hyphenator( 1323): 	at libcore.io.IoBridge.open(IoBridge.java:441)
05-01 20:49:22.217 E/Hyphenator( 1323): 	... 6 more
05-01 20:49:22.251 E/Hyphenator( 1323): error loading hyphenation /system/usr/hyphen-data/hyph-de-1901.hyb
05-01 20:49:22.251 E/Hyphenator( 1323): java.io.FileNotFoundException: /system/usr/hyphen-data/hyph-de-1901.hyb: open failed: ENOENT (No such file or directory)
05-01 20:49:22.251 E/Hyphenator( 1323): 	at libcore.io.IoBridge.open(IoBridge.java:455)
05-01 20:49:22.251 E/Hyphenator( 1323): 	at java.io.RandomAccessFile.<init>(RandomAccessFile.java:247)
05-01 20:49:22.251 E/Hyphenator( 1323): 	at android.text.Hyphenator.loadHyphenator(Hyphenator.java:118)
05-01 20:49:22.251 E/Hyphenator( 1323): 	at android.text.Hyphenator.init(Hyphenator.java:224)
05-01 20:49:22.251 E/Hyphenator( 1323): 	at com.android.internal.os.ZygoteInit.preloadTextResources(ZygoteInit.java:252)
05-01 20:49:22.251 E/Hyphenator( 1323): 	at com.android.internal.os.ZygoteInit.preload(ZygoteInit.java:206)
05-01 20:49:22.251 E/Hyphenator( 1323): 	at com.android.internal.os.ZygoteInit.main(ZygoteInit.java:743)
05-01 20:49:22.251 E/Hyphenator( 1323): Caused by: android.system.ErrnoException: open failed: ENOENT (No such file or directory)
05-01 20:49:22.251 E/Hyphenator( 1323): 	at libcore.io.Posix.open(Native Method)
05-01 20:49:22.251 E/Hyphenator( 1323): 	at libcore.io.BlockGuardOs.open(BlockGuardOs.java:187)
05-01 20:49:22.251 E/Hyphenator( 1323): 	at libcore.io.IoBridge.open(IoBridge.java:441)
05-01 20:49:22.251 E/Hyphenator( 1323): 	... 6 more
05-01 20:49:22.253 E/Hyphenator( 1323): error loading hyphenation /system/usr/hyphen-data/hyph-de-1996.hyb
05-01 20:49:22.253 E/Hyphenator( 1323): java.io.FileNotFoundException: /system/usr/hyphen-data/hyph-de-1996.hyb: open failed: ENOENT (No such file or directory)
05-01 20:49:22.253 E/Hyphenator( 1323): 	at libcore.io.IoBridge.open(IoBridge.java:455)
05-01 20:49:22.253 E/Hyphenator( 1323): 	at java.io.RandomAccessFile.<init>(RandomAccessFile.java:247)
05-01 20:49:22.253 E/Hyphenator( 1323): 	at android.text.Hyphenator.loadHyphenator(Hyphenator.java:118)
05-01 20:49:22.253 E/Hyphenator( 1323): 	at android.text.Hyphenator.init(Hyphenator.java:224)
05-01 20:49:22.253 E/Hyphenator( 1323): 	at com.android.internal.os.ZygoteInit.preloadTextResources(ZygoteInit.java:252)
05-01 20:49:22.253 E/Hyphenator( 1323): 	at com.android.internal.os.ZygoteInit.preload(ZygoteInit.java:206)
05-01 20:49:22.253 E/Hyphenator( 1323): 	at com.android.internal.os.ZygoteInit.main(ZygoteInit.java:743)
05-01 20:49:22.253 E/Hyphenator( 1323): Caused by: android.system.ErrnoException: open failed: ENOENT (No such file or directory)
05-01 20:49:22.253 E/Hyphenator( 1323): 	at libcore.io.Posix.open(Native Method)
05-01 20:49:22.253 E/Hyphenator( 1323): 	at libcore.io.BlockGuardOs.open(BlockGuardOs.java:187)
05-01 20:49:22.253 E/Hyphenator( 1323): 	at libcore.io.IoBridge.open(IoBridge.java:441)
05-01 20:49:22.253 E/Hyphenator( 1323): 	... 6 more
05-01 20:49:22.254 E/Hyphenator( 1323): error loading hyphenation /system/usr/hyphen-data/hyph-de-ch-1901.hyb
05-01 20:49:22.254 E/Hyphenator( 1323): java.io.FileNotFoundException: /system/usr/hyphen-data/hyph-de-ch-1901.hyb: open failed: ENOENT (No such file or directory)
05-01 20:49:22.254 E/Hyphenator( 1323): 	at libcore.io.IoBridge.open(IoBridge.java:455)
05-01 20:49:22.254 E/Hyphenator( 1323): 	at java.io.RandomAccessFile.<init>(RandomAccessFile.java:247)
05-01 20:49:22.254 E/Hyphenator( 1323): 	at android.text.Hyphenator.loadHyphenator(Hyphenator.java:118)
05-01 20:49:22.254 E/Hyphenator( 1323): 	at android.text.Hyphenator.init(Hyphenator.java:224)
05-01 20:49:22.254 E/Hyphenator( 1323): 	at com.android.internal.os.ZygoteInit.preloadTextResources(ZygoteInit.java:252)
05-01 20:49:22.254 E/Hyphenator( 1323): 	at com.android.internal.os.ZygoteInit.preload(ZygoteInit.java:206)
05-01 20:49:22.254 E/Hyphenator( 1323): 	at com.android.internal.os.ZygoteInit.main(ZygoteInit.java:743)
05-01 20:49:22.254 E/Hyphenator( 1323): Caused by: android.system.ErrnoException: open failed: ENOENT (No such file or directory)
05-01 20:49:22.254 E/Hyphenator( 1323): 	at libcore.io.Posix.open(Native Method)
05-01 20:49:22.254 E/Hyphenator( 1323): 	at libcore.io.BlockGuardOs.open(BlockGuardOs.java:187)
05-01 20:49:22.254 E/Hyphenator( 1323): 	at libcore.io.IoBridge.open(IoBridge.java:441)
05-01 20:49:22.254 E/Hyphenator( 1323): 	... 6 more
05-01 20:49:22.256 E/Hyphenator( 1323): error loading hyphenation /system/usr/hyphen-data/hyph-en-gb.hyb
05-01 20:49:22.256 E/Hyphenator( 1323): java.io.FileNotFoundException: /system/usr/hyphen-data/hyph-en-gb.hyb: open failed: ENOENT (No such file or directory)
05-01 20:49:22.256 E/Hyphenator( 1323): 	at libcore.io.IoBridge.open(IoBridge.java:455)
05-01 20:49:22.256 E/Hyphenator( 1323): 	at java.io.RandomAccessFile.<init>(RandomAccessFile.java:247)
05-01 20:49:22.256 E/Hyphenator( 1323): 	at android.text.Hyphenator.loadHyphenator(Hyphenator.java:118)
05-01 20:49:22.256 E/Hyphenator( 1323): 	at android.text.Hyphenator.init(Hyphenator.java:224)
05-01 20:49:22.256 E/Hyphenator( 1323): 	at com.android.internal.os.ZygoteInit.preloadTextResources(ZygoteInit.java:252)
05-01 20:49:22.256 E/Hyphenator( 1323): 	at com.android.internal.os.ZygoteInit.preload(ZygoteInit.java:206)
05-01 20:49:22.256 E/Hyphenator( 1323): 	at com.android.internal.os.ZygoteInit.main(ZygoteInit.java:743)
05-01 20:49:22.256 E/Hyphenator( 1323): Caused by: android.system.ErrnoException: open failed: ENOENT (No such file or directory)
05-01 20:49:22.256 E/Hyphenator( 1323): 	at libcore.io.Posix.open(Native Method)
05-01 20:49:22.256 E/Hyphenator( 1323): 	at libcore.io.BlockGuardOs.open(BlockGuardOs.java:187)
05-01 20:49:22.256 E/Hyphenator( 1323): 	at libcore.io.IoBridge.open(IoBridge.java:441)
05-01 20:49:22.256 E/Hyphenator( 1323): 	... 6 more
05-01 20:49:22.257 E/Hyphenator( 1323): error loading hyphenation /system/usr/hyphen-data/hyph-en-us.hyb
05-01 20:49:22.257 E/Hyphenator( 1323): java.io.FileNotFoundException: /system/usr/hyphen-data/hyph-en-us.hyb: open failed: ENOENT (No such file or directory)
05-01 20:49:22.257 E/Hyphenator( 1323): 	at libcore.io.IoBridge.open(IoBridge.java:455)
05-01 20:49:22.257 E/Hyphenator( 1323): 	at java.io.RandomAccessFile.<init>(RandomAccessFile.java:247)
05-01 20:49:22.257 E/Hyphenator( 1323): 	at android.text.Hyphenator.loadHyphenator(Hyphenator.java:118)
05-01 20:49:22.257 E/Hyphenator( 1323): 	at android.text.Hyphenator.init(Hyphenator.java:224)
05-01 20:49:22.257 E/Hyphenator( 1323): 	at com.android.internal.os.ZygoteInit.preloadTextResources(ZygoteInit.java:252)
05-01 20:49:22.257 E/Hyphenator( 1323): 	at com.android.internal.os.ZygoteInit.preload(ZygoteInit.java:206)
05-01 20:49:22.257 E/Hyphenator( 1323): 	at com.android.internal.os.ZygoteInit.main(ZygoteInit.java:743)
05-01 20:49:22.257 E/Hyphenator( 1323): Caused by: android.system.ErrnoException: open failed: ENOENT (No such file or directory)
05-01 20:49:22.257 E/Hyphenator( 1323): 	at libcore.io.Posix.open(Native Method)
05-01 20:49:22.257 E/Hyphenator( 1323): 	at libcore.io.BlockGuardOs.open(BlockGuardOs.java:187)
05-01 20:49:22.257 E/Hyphenator( 1323): 	at libcore.io.IoBridge.open(IoBridge.java:441)
05-01 20:49:22.257 E/Hyphenator( 1323): 	... 6 more
05-01 20:49:22.259 E/Hyphenator( 1323): error loading hyphenation /system/usr/hyphen-data/hyph-es.hyb
05-01 20:49:22.259 E/Hyphenator( 1323): java.io.FileNotFoundException: /system/usr/hyphen-data/hyph-es.hyb: open failed: ENOENT (No such file or directory)
05-01 20:49:22.259 E/Hyphenator( 1323): 	at libcore.io.IoBridge.open(IoBridge.java:455)
05-01 20:49:22.259 E/Hyphenator( 1323): 	at java.io.RandomAccessFile.<init>(RandomAccessFile.java:247)
05-01 20:49:22.259 E/Hyphenator( 1323): 	at android.text.Hyphenator.loadHyphenator(Hyphenator.java:118)
05-01 20:49:22.259 E/Hyphenator( 1323): 	at android.text.Hyphenator.init(Hyphenator.java:224)
05-01 20:49:22.259 E/Hyphenator( 1323): 	at com.android.internal.os.ZygoteInit.preloadTextResources(ZygoteInit.java:252)
05-01 20:49:22.259 E/Hyphenator( 1323): 	at com.android.internal.os.ZygoteInit.preload(ZygoteInit.java:206)
05-01 20:49:22.259 E/Hyphenator( 1323): 	at com.android.internal.os.ZygoteInit.main(ZygoteInit.java:743)
05-01 20:49:22.259 E/Hyphenator( 1323): Caused by: android.system.ErrnoException: open failed: ENOENT (No such file or directory)
05-01 20:49:22.259 E/Hyphenator( 1323): 	at libcore.io.Posix.open(Native Method)
05-01 20:49:22.259 E/Hyphenator( 1323): 	at libcore.io.BlockGuardOs.open(BlockGuardOs.java:187)
05-01 20:49:22.259 E/Hyphenator( 1323): 	at libcore.io.IoBridge.open(IoBridge.java:441)
05-01 20:49:22.259 E/Hyphenator( 1323): 	... 6 more
05-01 20:49:22.341 E/Hyphenator( 1323): error loading hyphenation /system/usr/hyphen-data/hyph-et.hyb
05-01 20:49:22.341 E/Hyphenator( 1323): java.io.FileNotFoundException: /system/usr/hyphen-data/hyph-et.hyb: open failed: ENOENT (No such file or directory)
05-01 20:49:22.341 E/Hyphenator( 1323): 	at libcore.io.IoBridge.open(IoBridge.java:455)
05-01 20:49:22.341 E/Hyphenator( 1323): 	at java.io.RandomAccessFile.<init>(RandomAccessFile.java:247)
05-01 20:49:22.341 E/Hyphenator( 1323): 	at android.text.Hyphenator.loadHyphenator(Hyphenator.java:118)
05-01 20:49:22.341 E/Hyphenator( 1323): 	at android.text.Hyphenator.init(Hyphenator.java:224)
05-01 20:49:22.341 E/Hyphenator( 1323): 	at com.android.internal.os.ZygoteInit.preloadTextResources(ZygoteInit.java:252)
05-01 20:49:22.341 E/Hyphenator( 1323): 	at com.android.internal.os.ZygoteInit.preload(ZygoteInit.java:206)
05-01 20:49:22.341 E/Hyphenator( 1323): 	at com.android.internal.os.ZygoteInit.main(ZygoteInit.java:743)
05-01 20:49:22.341 E/Hyphenator( 1323): Caused by: android.system.ErrnoException: open failed: ENOENT (No such file or directory)
05-01 20:49:22.341 E/Hyphenator( 1323): 	at libcore.io.Posix.open(Native Method)
05-01 20:49:22.341 E/Hyphenator( 1323): 	at libcore.io.BlockGuardOs.open(BlockGuardOs.java:187)
05-01 20:49:22.341 E/Hyphenator( 1323): 	at libcore.io.IoBridge.open(IoBridge.java:441)
05-01 20:49:22.341 E/Hyphenator( 1323): 	... 6 more
05-01 20:49:22.343 E/Hyphenator( 1323): error loading hyphenation /system/usr/hyphen-data/hyph-eu.hyb
05-01 20:49:22.343 E/Hyphenator( 1323): java.io.FileNotFoundException: /system/usr/hyphen-data/hyph-eu.hyb: open failed: ENOENT (No such file or directory)
05-01 20:49:22.343 E/Hyphenator( 1323): 	at libcore.io.IoBridge.open(IoBridge.java:455)
05-01 20:49:22.343 E/Hyphenator( 1323): 	at java.io.RandomAccessFile.<init>(RandomAccessFile.java:247)
