05-01 20:50:04.208 E/hostapd ( 2284): Could not read interface wlan1 flags: No such device
05-01 20:50:04.209 I/hostapd ( 2284): nl80211: Driver does not support authentication/association or connect commands
05-01 20:50:04.209 I/hostapd ( 2284): nl80211: deinit ifname=wlan1 disabled_11b_rates=0
05-01 20:50:04.209 E/hostapd ( 2284): Could not read interface wlan1 flags: No such device
05-01 20:50:04.228 E/hostapd ( 2284): nl80211 driver initialization failed.
05-01 20:50:04.229 I/hostapd ( 2284): wlan1: interface state UNINITIALIZED->DISABLED
05-01 20:50:04.229 I/hostapd ( 2284): wlan1: AP-DISABLED 
05-01 20:50:04.229 E/hostapd ( 2284): hostapd_free_hapd_data: Interface wlan1 wasn't started
05-01 20:50:06.052 D/PackageManager( 2074): No files in app dir /data/app-private
05-01 20:50:06.066 D/PackageManager( 2074): No files in app dir /data/app-ephemeral
05-01 20:50:06.157 E/PackageManager( 2074): There should probably be exactly one setup wizard; found 0: matches=[]
05-01 20:50:06.158 W/PackageManager( 2074): Protected action; cap priority to 0; package: com.android.cts.priv.ctsshim activity: com.android.cts.priv.ctsshim.InstallPriority origPrio: 100
05-01 20:50:06.158 W/PackageManager( 2074): Protected action; cap priority to 0; package: com.android.cts.priv.ctsshim activity: com.android.cts.priv.ctsshim.InstallPriority origPrio: 100
05-01 20:50:06.158 W/PackageManager( 2074): Protected action; cap priority to 0; package: com.android.cts.priv.ctsshim activity: com.android.cts.priv.ctsshim.InstallPriority origPrio: 100
05-01 20:50:06.158 W/PackageManager( 2074): Protected action; cap priority to 0; package: com.android.cts.priv.ctsshim activity: com.android.cts.priv.ctsshim.InstallPriority origPrio: 100
05-01 20:50:06.158 W/PackageManager( 2074): Protected action; cap priority to 0; package: com.android.packageinstaller activity: com.android.packageinstaller.PackageInstallerActivity origPrio: 1
05-01 20:50:06.159 W/PackageManager( 2074): Package com.android.camera desires unavailable shared library com.google.android.media.effects; ignoring!
05-01 20:50:06.159 W/PackageManager( 2074): Package com.android.gallery3d desires unavailable shared library com.google.android.media.effects; ignoring!
05-01 20:50:06.159 W/PackageManager( 2074): Package com.android.gallery3d desires unavailable shared library com.google.android.media.effects; ignoring!
05-01 20:50:06.159 W/PackageManager( 2074): Package com.example.android.apis desires unavailable shared library com.example.will.never.exist; ignoring!
05-01 20:50:06.172 I/PackageManager( 2074): Adjusting ABI for com.android.providers.downloads to x86_64 (requirer=com.android.mtp, scannedPackage=null)
05-01 20:50:06.195 I/PackageManager( 2074): Adjusting ABI for com.android.providers.downloads.ui to x86_64 (requirer=com.android.mtp, scannedPackage=null)
05-01 20:50:06.197 I/PackageManager( 2074): Adjusting ABI for com.android.providers.media to x86_64 (requirer=com.android.mtp, scannedPackage=null)
05-01 20:50:06.199 I/PackageManager( 2074): Adjusting ABI for com.android.server.telecom to x86_64 (requirer=android, scannedPackage=null)
05-01 20:50:06.213 I/PackageManager( 2074): Adjusting ABI for com.android.wallpaperbackup to x86_64 (requirer=android, scannedPackage=null)
05-01 20:50:06.215 I/PackageManager( 2074): Adjusting ABI for com.android.inputdevices to x86_64 (requirer=android, scannedPackage=null)
05-01 20:50:06.217 I/PackageManager( 2074): Adjusting ABI for com.android.settings to x86_64 (requirer=android, scannedPackage=null)
05-01 20:50:06.219 I/PackageManager( 2074): Adjusting ABI for com.android.providers.settings to x86_64 (requirer=android, scannedPackage=null)
05-01 20:50:06.231 I/PackageManager( 2074): Adjusting ABI for com.android.location.fused to x86_64 (requirer=android, scannedPackage=null)
05-01 20:50:06.233 I/PackageManager( 2074): Adjusting ABI for com.android.keychain to x86_64 (requirer=android, scannedPackage=null)
05-01 20:50:06.315 I/PackageManager( 2074): Time to scan packages: 30.491 seconds
05-01 20:50:06.318 W/PackageManager( 2074): Unknown permission com.google.android.googleapps.permission.GOOGLE_AUTH in package com.android.providers.calendar
05-01 20:50:06.318 W/PackageManager( 2074): Unknown permission com.google.android.googleapps.permission.GOOGLE_AUTH.cl in package com.android.providers.calendar
05-01 20:50:06.330 W/PackageManager( 2074): Not granting permission android.permission.GLOBAL_SEARCH to package com.android.quicksearchbox (protectionLevel=18 flags=0x3808be45)
05-01 20:50:06.331 W/PackageManager( 2074): Not granting permission android.permission.WRITE_EXTERNAL_STORAGE to package gov.nasa.arc.astrobee.android.gs.manager because it was previously installed without
05-01 20:50:06.332 W/PackageManager( 2074): Not granting permission android.permission.READ_EXTERNAL_STORAGE to package gov.nasa.arc.astrobee.android.gs.manager because it was previously installed without
05-01 20:50:06.332 W/PackageManager( 2074): Unknown permission com.android.launcher.permission.READ_SETTINGS in package com.android.launcher3
05-01 20:50:06.332 W/PackageManager( 2074): Unknown permission com.android.launcher.permission.WRITE_SETTINGS in package com.android.launcher3
05-01 20:50:06.332 W/PackageManager( 2074): Not granting permission android.permission.BIND_APPWIDGET to package com.android.launcher3 (protectionLevel=18 flags=0x3c4bbe45)
05-01 20:50:06.332 W/PackageManager( 2074): Unknown permission com.google.android.googleapps.permission.GOOGLE_AUTH.mail in package com.android.calendar
05-01 20:50:06.333 W/PackageManager( 2074): Unknown permission com.google.android.providers.settings.permission.WRITE_GSETTINGS in package com.android.sdksetup
05-01 20:50:06.334 W/PackageManager( 2074): Unknown permission com.google.android.permission.INSTALL_WEARABLE_PACKAGES in package com.android.packageinstaller
05-01 20:50:06.334 W/PackageManager( 2074): Not granting permission android.permission.DELETE_PACKAGES to package com.svox.pico (protectionLevel=18 flags=0x3808be45)
05-01 20:50:06.334 W/PackageManager( 2074): Not granting permission android.permission.READ_CONTACTS to package com.example.android.apis because it was previously installed without
05-01 20:50:06.334 W/PackageManager( 2074): Not granting permission android.permission.WRITE_CONTACTS to package com.example.android.apis because it was previously installed without
05-01 20:50:06.334 W/PackageManager( 2074): Not granting permission android.permission.ACCESS_COARSE_LOCATION to package com.example.android.apis because it was previously installed without
05-01 20:50:06.334 W/PackageManager( 2074): Not granting permission android.permission.WRITE_EXTERNAL_STORAGE to package com.example.android.apis because it was previously installed without
05-01 20:50:06.334 W/PackageManager( 2074): Not granting permission android.permission.SEND_SMS to package com.example.android.apis because it was previously installed without
05-01 20:50:06.335 W/PackageManager( 2074): Not granting permission android.permission.RECEIVE_SMS to package com.example.android.apis because it was previously installed without
05-01 20:50:06.335 W/PackageManager( 2074): Not granting permission android.permission.RECEIVE_MMS to package com.example.android.apis because it was previously installed without
05-01 20:50:06.335 W/PackageManager( 2074): Not granting permission android.permission.READ_SMS to package com.example.android.apis because it was previously installed without
05-01 20:50:06.335 W/PackageManager( 2074): Not granting permission android.permission.READ_PHONE_STATE to package com.example.android.apis because it was previously installed without
05-01 20:50:06.335 W/PackageManager( 2074): Not granting permission android.permission.RECORD_AUDIO to package com.example.android.apis because it was previously installed without
05-01 20:50:06.335 W/PackageManager( 2074): Not granting permission android.permission.CAMERA to package com.example.android.apis because it was previously installed without
05-01 20:50:06.335 W/PackageManager( 2074): Not granting permission android.permission.READ_EXTERNAL_STORAGE to package com.example.android.apis because it was previously installed without
05-01 20:50:06.335 W/PackageManager( 2074): Unknown permission android.permission.RUN_INSTRUMENTATION in package org.chromium.webview_shell
05-01 20:50:06.335 W/PackageManager( 2074): Not granting permission android.permission.CAMERA to package jp.jaxa.iss.kibo.rpc.sampleapk because it was previously installed without
05-01 20:50:06.336 W/PackageManager( 2074): Not granting permission android.permission.WRITE_EXTERNAL_STORAGE to package jp.jaxa.iss.kibo.rpc.sampleapk because it was previously installed without
05-01 20:50:06.336 W/PackageManager( 2074): Not granting permission android.permission.READ_EXTERNAL_STORAGE to package jp.jaxa.iss.kibo.rpc.sampleapk because it was previously installed without
05-01 20:50:06.337 W/PackageManager( 2074): Unknown permission com.google.android.googleapps.permission.GOOGLE_AUTH in package com.android.settings
05-01 20:50:06.337 W/PackageManager( 2074): Unknown permission com.android.launcher.permission.READ_SETTINGS in package com.android.settings
05-01 20:50:06.337 W/PackageManager( 2074): Unknown permission com.android.launcher.permission.WRITE_SETTINGS in package com.android.settings
05-01 20:50:06.338 W/PackageManager( 2074): Unknown permission com.android.smspush.WAPPUSH_MANAGER_BIND in package com.android.phone
05-01 20:50:06.339 W/PackageManager( 2074): Unknown permission com.google.android.googleapps.permission.ACCESS_GOOGLE_PASSWORD in package com.android.development
05-01 20:50:06.339 W/PackageManager( 2074): Unknown permission com.google.android.googleapps.permission.GOOGLE_AUTH in package com.android.development
05-01 20:50:06.339 W/PackageManager( 2074): Unknown permission com.google.android.googleapps.permission.GOOGLE_AUTH.ALL_SERVICES in package com.android.development
05-01 20:50:06.339 W/PackageManager( 2074): Unknown permission com.google.android.googleapps.permission.GOOGLE_AUTH.YouTubeUser in package com.android.development
05-01 20:50:06.345 W/PackageManager( 2074): Not granting permission android.permission.BIND_APPWIDGET to package com.android.widgetpreview (protectionLevel=18 flags=0x3808be44)
05-01 20:50:06.346 V/PackageManager( 2074): reconcileAppsData for null u0 0x3
05-01 20:50:06.404 I/SELinux ( 1335): SELinux: Loaded file_contexts contexts from /file_contexts.bin.
05-01 20:50:09.059 E/hostapd ( 2291): Configuration file: /system/etc/simulated_hostapd.conf
05-01 20:50:09.078 E/ipv6proxy( 2290): Failed to get interface flags for wlan1: No such device
05-01 20:50:09.271 E/hostapd ( 2291): Could not read interface wlan1 flags: No such device
05-01 20:50:09.272 I/hostapd ( 2291): nl80211: Driver does not support authentication/association or connect commands
05-01 20:50:09.272 I/hostapd ( 2291): nl80211: deinit ifname=wlan1 disabled_11b_rates=0
05-01 20:50:09.273 E/hostapd ( 2291): Could not read interface wlan1 flags: No such device
05-01 20:50:09.273 E/hostapd ( 2291): nl80211 driver initialization failed.
05-01 20:50:09.273 I/hostapd ( 2291): wlan1: interface state UNINITIALIZED->DISABLED
05-01 20:50:09.274 I/hostapd ( 2291): wlan1: AP-DISABLED 
05-01 20:50:09.274 E/hostapd ( 2291): hostapd_free_hapd_data: Interface wlan1 wasn't started
05-01 20:50:11.643 V/PackageManager( 2074): reconcileAppsData finished 82 packages
05-01 20:50:12.063 E/PackageManager( 2074): There should probably be a verifier, but, none were found
05-01 20:50:12.131 D/PackageManager( 2074): Ephemeral resolver NOT found; no matching intent filters
05-01 20:50:12.132 I/PackageManager( 2074): Ephemeral deactivated; missing resolver and installer
05-01 20:50:12.137 I/art     ( 2074): Starting a blocking GC Explicit
05-01 20:50:12.142 W/art     ( 2074): Long monitor contention with owner main (2074) at int android.net.LocalSocketImpl.readba_native(byte[], int, int, java.io.FileDescriptor)(LocalSocketImpl.java:-2) waiters=0 in void com.android.server.pm.Settings$RuntimePermissionPersistence.writePermissionsSync(int) for 3.307s
05-01 20:50:12.409 I/art     ( 2074): Explicit concurrent mark sweep GC freed 38265(2MB) AllocSpace objects, 4(80KB) LOS objects, 33% free, 7MB/10MB, paused 1.775ms total 270.227ms
05-01 20:50:12.472 I/SystemServer( 2074): StartOtaDexOptService
05-01 20:50:12.579 I/SystemServer( 2074): StartUserManagerService
05-01 20:50:12.590 I/SystemServiceManager( 2074): Starting com.android.server.pm.UserManagerService$LifeCycle
05-01 20:50:12.743 I/lowmemorykiller( 1318): ActivityManager connected
05-01 20:50:12.801 D/SensorService( 2074): nuSensorService starting...
05-01 20:50:12.853 D/SensorService( 2074): nuSensorService thread starting...
05-01 20:50:12.891 D/SensorService( 2074): new thread SensorEventAckReceiver
05-01 20:50:12.963 I/SystemServiceManager( 2074): Starting com.android.server.BatteryService
05-01 20:50:13.111 I/SystemServiceManager( 2074): Starting com.android.server.usage.UsageStatsService
05-01 20:50:13.360 I/SystemServiceManager( 2074): Starting com.android.server.webkit.WebViewUpdateService
05-01 20:50:13.406 I/SystemServer( 2074): Reading configuration...
05-01 20:50:13.406 I/SystemServer( 2074): StartSchedulingPolicyService
05-01 20:50:13.420 I/SystemServiceManager( 2074): Starting com.android.server.telecom.TelecomLoaderService
05-01 20:50:13.422 I/SystemServer( 2074): StartTelephonyRegistry
05-01 20:50:13.485 I/SystemServer( 2074): StartEntropyMixer
05-01 20:50:13.526 I/EntropyMixer( 2074): Writing entropy...
05-01 20:50:13.690 I/SystemServer( 2074): Camera Service
05-01 20:50:13.701 I/SystemServiceManager( 2074): Starting com.android.server.camera.CameraService
05-01 20:50:13.790 I/ServiceThread( 2074): Enabled StrictMode logging for CameraService_proxy looper.
05-01 20:50:13.805 I/SystemServer( 2074): StartAccountManagerService
05-01 20:50:13.810 I/SystemServiceManager( 2074): Starting com.android.server.accounts.AccountManagerService$Lifecycle
05-01 20:50:13.995 E/hostapd ( 2308): Configuration file: /system/etc/simulated_hostapd.conf
05-01 20:50:14.011 I/SystemServer( 2074): StartContentService
05-01 20:50:14.016 I/SystemServiceManager( 2074): Starting com.android.server.content.ContentService$Lifecycle
05-01 20:50:14.038 E/hostapd ( 2308): Could not read interface wlan1 flags: No such device
05-01 20:50:14.038 I/hostapd ( 2308): nl80211: Driver does not support authentication/association or connect commands
05-01 20:50:14.039 I/hostapd ( 2308): nl80211: deinit ifname=wlan1 disabled_11b_rates=0
05-01 20:50:14.039 E/hostapd ( 2308): Could not read interface wlan1 flags: No such device
05-01 20:50:14.040 E/hostapd ( 2308): nl80211 driver initialization failed.
05-01 20:50:14.112 I/SystemServer( 2074): InstallSystemProviders
05-01 20:50:14.126 I/hostapd ( 2308): wlan1: interface state UNINITIALIZED->DISABLED
05-01 20:50:14.131 I/hostapd ( 2308): wlan1: AP-DISABLED 
05-01 20:50:14.143 E/hostapd ( 2308): hostapd_free_hapd_data: Interface wlan1 wasn't started
05-01 20:50:14.176 W/System  ( 2074): ClassLoader referenced unknown path: /system/priv-app/SettingsProvider/lib/x86_64
05-01 20:50:14.263 E/ipv6proxy( 2307): Failed to get interface flags for wlan1: No such device
05-01 20:50:14.680 I/SystemServer( 2074): StartVibratorService
05-01 20:50:14.682 E/VibratorService( 2074): Couldn't load vibrator module (No such file or directory)
05-01 20:50:14.683 W/VibratorService( 2074): Tried to stop vibrating but there is no vibrator device.
05-01 20:50:14.688 I/SystemServer( 2074): StartConsumerIrService
05-01 20:50:14.689 E/ConsumerIrService( 2074): Can't open consumer IR HW Module, error: -2
05-01 20:50:14.760 I/SystemServer( 2074): StartAlarmManagerService
05-01 20:50:14.763 I/SystemServiceManager( 2074): Starting com.android.server.AlarmManagerService
05-01 20:50:14.802 W/AlarmManagerService( 2074): no wall clock RTC found
05-01 20:50:14.834 D/AlarmManagerService( 2074): Kernel timezone updated to 0 minutes west of GMT
05-01 20:50:14.964 I/SystemServer( 2074): InitWatchdog
05-01 20:50:14.965 I/SystemServer( 2074): StartInputManagerService
05-01 20:50:14.971 I/InputManager( 2074): Initializing input manager, mUseDevInputEventForAudioJack=true
05-01 20:50:14.978 I/SystemServer( 2074): StartWindowManagerService
05-01 20:50:15.425 I/WindowManager( 2074): No existing display settings /data/system/display_settings.xml; starting empty
05-01 20:50:15.823 I/SystemServer( 2074): StartVrManagerService
05-01 20:50:15.824 I/SystemServiceManager( 2074): Starting com.android.server.vr.VrManagerService
05-01 20:50:15.832 W/VrManagerService( 2074): init_native: Could not open VR hardware module, error No such file or directory (-2).
05-01 20:50:15.861 I/InputManager( 2074): Starting input manager
05-01 20:50:15.946 I/SystemServer( 2074): No Bluetooth Service (emulator)
05-01 20:50:15.946 I/SystemServer( 2074): ConnectivityMetricsLoggerService
05-01 20:50:15.962 I/SystemServiceManager( 2074): Starting com.android.server.connectivity.MetricsLoggerService
05-01 20:50:15.972 D/EventHub( 2074): No input device configuration file found for device 'Power Button'.
05-01 20:50:15.996 W/EventHub( 2074): Unable to disable kernel key repeat for /dev/input/event0: Function not implemented
05-01 20:50:15.997 I/EventHub( 2074): New device: id=1, fd=91, path='/dev/input/event0', name='Power Button', classes=0x1, configuration='', keyLayout='/system/usr/keylayout/Generic.kl', keyCharacterMap='/system/usr/keychars/Generic.kcm', builtinKeyboard=false, wakeMechanism=EPOLLWAKEUP, usingClockIoctl=true
05-01 20:50:16.028 W/EventHub( 2074): Unable to disable kernel key repeat for /dev/input/event1: Function not implemented
05-01 20:50:16.028 I/EventHub( 2074): New device: id=2, fd=92, path='/dev/input/event1', name='qwerty2', classes=0x95, configuration='/system/usr/idc/qwerty2.idc', keyLayout='/system/usr/keylayout/qwerty.kl', keyCharacterMap='/system/usr/keychars/qwerty2.kcm', builtinKeyboard=true, wakeMechanism=EPOLLWAKEUP, usingClockIoctl=true
05-01 20:50:16.029 E/EventHub( 2074): could not get driver version for /dev/input/mice, Not a typewriter
05-01 20:50:16.071 I/SystemServer( 2074): IpConnectivityMetrics
05-01 20:50:16.072 I/SystemServiceManager( 2074): Starting com.android.server.connectivity.IpConnectivityMetrics
05-01 20:50:16.073 I/SystemServer( 2074): PinnerService
05-01 20:50:16.074 I/SystemServiceManager( 2074): Starting com.android.server.PinnerService
05-01 20:50:16.079 I/SystemServiceManager( 2074): Starting com.android.server.InputMethodManagerService$Lifecycle
05-01 20:50:16.127 I/InputReader( 2074): Device added: id=-1, name='Virtual', sources=0x00000301
05-01 20:50:16.147 I/InputReader( 2074):   Touch device 'qwerty2' could not query the properties of its associated display.  The device will be inoperable until the display size becomes available.
05-01 20:50:16.148 I/InputReader( 2074): Device added: id=0, name='qwerty2', sources=0x80001103
05-01 20:50:16.148 I/InputReader( 2074): Device added: id=1, name='Power Button', sources=0x00000101
05-01 20:50:16.817 I/SystemServer( 2074): StartAccessibilityManagerService
05-01 20:50:16.926 I/ActivityManager( 2074): Config changes=1df8 {1.0 ?mcc?mnc [en_US] ldltr sw360dp w360dp h640dp 480dpi nrml long port ?uimode ?night -touch -keyb/v/h -nav/h s.2}
05-01 20:50:17.101 I/ActivityManager( 2074): Config changes=508 {1.0 ?mcc?mnc [en_US] ldltr sw360dp w360dp h568dp 480dpi nrml port ?uimode ?night finger -keyb/v/h -nav/h s.3}
05-01 20:50:17.354 I/SystemServiceManager( 2074): Starting com.android.server.MountService$Lifecycle
05-01 20:50:17.374 I/InputReader( 2074): Reconfiguring input devices.  changes=0x00000004
05-01 20:50:17.374 I/InputReader( 2074): Device reconfigured: id=0, name='qwerty2', size 1080x1920, orientation 0, mode 1, display id 0
05-01 20:50:17.382 I/InputReader( 2074): Reconfiguring input devices.  changes=0x00000004
05-01 20:50:17.626 I/SystemServiceManager( 2074): Starting com.android.server.UiModeManagerService
05-01 20:50:17.641 D/MountService( 2074): Thinking about init, mSystemReady=false, mDaemonConnected=true
05-01 20:50:17.642 D/MountService( 2074): Thinking about reset, mSystemReady=false, mDaemonConnected=true
05-01 20:50:17.642 D/MountService( 2074): Thinking about init, mSystemReady=false, mDaemonConnected=true
05-01 20:50:17.642 D/MountService( 2074): Thinking about reset, mSystemReady=false, mDaemonConnected=true
05-01 20:50:17.644 I/ActivityManager( 2074): Config changes=200 {1.0 ?mcc?mnc [en_US] ldltr sw360dp w360dp h568dp 480dpi nrml port finger -keyb/v/h -nav/h s.4}
05-01 20:50:17.662 D/CryptdConnector( 2074): SND -> {1 cryptfs getfield SystemLocale}
05-01 20:50:17.688 D/CryptdConnector( 2074): RCV <- {200 1 -1}
05-01 20:50:17.718 W/MountService( 2074): No primary storage mounted!
05-01 20:50:17.719 D/VoldConnector( 2074): SND -> {1 asec list}
05-01 20:50:17.725 I/SystemServer( 2074): StartLockSettingsService
05-01 20:50:17.731 I/SystemServiceManager( 2074): Starting com.android.server.LockSettingsService$Lifecycle
05-01 20:50:17.769 D/VoldConnector( 2074): RCV <- {200 1 asec operation succeeded}
05-01 20:50:17.773 I/PackageManager( 2074): No secure containers found
05-01 20:50:17.774 W/PackageManager( 2074): Unknown permission com.google.android.googleapps.permission.GOOGLE_AUTH in package com.android.providers.calendar
05-01 20:50:17.774 W/PackageManager( 2074): Unknown permission com.google.android.googleapps.permission.GOOGLE_AUTH.cl in package com.android.providers.calendar
05-01 20:50:17.774 W/PackageManager( 2074): Not granting permission android.permission.GLOBAL_SEARCH to package com.android.quicksearchbox (protectionLevel=18 flags=0x3808be45)
05-01 20:50:17.775 W/PackageManager( 2074): Not granting permission android.permission.WRITE_EXTERNAL_STORAGE to package gov.nasa.arc.astrobee.android.gs.manager because it was previously installed without
05-01 20:50:17.775 W/PackageManager( 2074): Not granting permission android.permission.READ_EXTERNAL_STORAGE to package gov.nasa.arc.astrobee.android.gs.manager because it was previously installed without
05-01 20:50:17.776 W/PackageManager( 2074): Unknown permission com.android.launcher.permission.READ_SETTINGS in package com.android.launcher3
05-01 20:50:17.776 W/PackageManager( 2074): Unknown permission com.android.launcher.permission.WRITE_SETTINGS in package com.android.launcher3
05-01 20:50:17.776 W/PackageManager( 2074): Not granting permission android.permission.BIND_APPWIDGET to package com.android.launcher3 (protectionLevel=18 flags=0x3c4bbe45)
05-01 20:50:17.776 W/PackageManager( 2074): Unknown permission com.google.android.googleapps.permission.GOOGLE_AUTH.mail in package com.android.calendar
05-01 20:50:17.776 W/PackageManager( 2074): Unknown permission com.google.android.providers.settings.permission.WRITE_GSETTINGS in package com.android.sdksetup
05-01 20:50:17.778 W/PackageManager( 2074): Unknown permission com.google.android.permission.INSTALL_WEARABLE_PACKAGES in package com.android.packageinstaller
05-01 20:50:17.778 W/PackageManager( 2074): Not granting permission android.permission.DELETE_PACKAGES to package com.svox.pico (protectionLevel=18 flags=0x3808be45)
05-01 20:50:17.779 W/PackageManager( 2074): Not granting permission android.permission.READ_CONTACTS to package com.example.android.apis because it was previously installed without
05-01 20:50:17.779 W/PackageManager( 2074): Not granting permission android.permission.WRITE_CONTACTS to package com.example.android.apis because it was previously installed without
05-01 20:50:17.779 W/PackageManager( 2074): Not granting permission android.permission.ACCESS_COARSE_LOCATION to package com.example.android.apis because it was previously installed without
05-01 20:50:17.779 W/PackageManager( 2074): Not granting permission android.permission.WRITE_EXTERNAL_STORAGE to package com.example.android.apis because it was previously installed without
05-01 20:50:17.779 W/PackageManager( 2074): Not granting permission android.permission.SEND_SMS to package com.example.android.apis because it was previously installed without
05-01 20:50:17.779 W/PackageManager( 2074): Not granting permission android.permission.RECEIVE_SMS to package com.example.android.apis because it was previously installed without
05-01 20:50:17.779 W/PackageManager( 2074): Not granting permission android.permission.RECEIVE_MMS to package com.example.android.apis because it was previously installed without
05-01 20:50:17.779 W/PackageManager( 2074): Not granting permission android.permission.READ_SMS to package com.example.android.apis because it was previously installed without
05-01 20:50:17.779 W/PackageManager( 2074): Not granting permission android.permission.READ_PHONE_STATE to package com.example.android.apis because it was previously installed without
05-01 20:50:17.779 W/PackageManager( 2074): Not granting permission android.permission.RECORD_AUDIO to package com.example.android.apis because it was previously installed without
05-01 20:50:17.779 W/PackageManager( 2074): Not granting permission android.permission.CAMERA to package com.example.android.apis because it was previously installed without
05-01 20:50:17.779 W/PackageManager( 2074): Not granting permission android.permission.READ_EXTERNAL_STORAGE to package com.example.android.apis because it was previously installed without
05-01 20:50:17.783 W/PackageManager( 2074): Unknown permission android.permission.RUN_INSTRUMENTATION in package org.chromium.webview_shell
05-01 20:50:17.783 W/PackageManager( 2074): Not granting permission android.permission.CAMERA to package jp.jaxa.iss.kibo.rpc.sampleapk because it was previously installed without
05-01 20:50:17.783 W/PackageManager( 2074): Not granting permission android.permission.WRITE_EXTERNAL_STORAGE to package jp.jaxa.iss.kibo.rpc.sampleapk because it was previously installed without
05-01 20:50:17.783 W/PackageManager( 2074): Not granting permission android.permission.READ_EXTERNAL_STORAGE to package jp.jaxa.iss.kibo.rpc.sampleapk because it was previously installed without
05-01 20:50:17.784 W/PackageManager( 2074): Unknown permission com.google.android.googleapps.permission.GOOGLE_AUTH in package com.android.settings
05-01 20:50:17.784 W/PackageManager( 2074): Unknown permission com.android.launcher.permission.READ_SETTINGS in package com.android.settings
05-01 20:50:17.784 W/PackageManager( 2074): Unknown permission com.android.launcher.permission.WRITE_SETTINGS in package com.android.settings
05-01 20:50:17.784 W/PackageManager( 2074): Unknown permission com.android.smspush.WAPPUSH_MANAGER_BIND in package com.android.phone
05-01 20:50:17.786 W/PackageManager( 2074): Unknown permission com.google.android.googleapps.permission.ACCESS_GOOGLE_PASSWORD in package com.android.development
05-01 20:50:17.786 W/PackageManager( 2074): Unknown permission com.google.android.googleapps.permission.GOOGLE_AUTH in package com.android.development
05-01 20:50:17.786 W/PackageManager( 2074): Unknown permission com.google.android.googleapps.permission.GOOGLE_AUTH.ALL_SERVICES in package com.android.development
05-01 20:50:17.786 W/PackageManager( 2074): Unknown permission com.google.android.googleapps.permission.GOOGLE_AUTH.YouTubeUser in package com.android.development
05-01 20:50:17.786 W/PackageManager( 2074): Not granting permission android.permission.BIND_APPWIDGET to package com.android.widgetpreview (protectionLevel=18 flags=0x3808be44)
05-01 20:50:17.991 I/SystemServiceManager( 2074): Starting com.android.server.DeviceIdleController
05-01 20:50:18.132 W/MountService( 2074): No primary storage defined yet; hacking together a stub
05-01 20:50:18.135 W/MountService( 2074): No primary storage defined yet; hacking together a stub
05-01 20:50:18.137 W/MountService( 2074): No primary storage mounted!
05-01 20:50:18.138 D/VoldConnector( 2074): SND -> {2 asec list}
05-01 20:50:18.141 D/VoldConnector( 2074): RCV <- {200 2 asec operation succeeded}
05-01 20:50:18.200 I/SystemServiceManager( 2074): Starting com.android.server.devicepolicy.DevicePolicyManagerService$Lifecycle
05-01 20:50:18.467 I/SystemServer( 2074): StartStatusBarManagerService
05-01 20:50:18.571 I/SystemServer( 2074): StartClipboardService
05-01 20:50:18.600 I/SystemServer( 2074): StartNetworkManagementService
05-01 20:50:18.613 I/NetworkManagement( 2074): onDaemonConnected()
05-01 20:50:18.638 I/SystemServiceManager( 2074): Starting com.android.server.TextServicesManagerService$Lifecycle
05-01 20:50:18.735 I/SystemServer( 2074): StartNetworkScoreService
05-01 20:50:18.774 I/SystemServer( 2074): StartNetworkStatsService
05-01 20:50:18.922 I/SystemServer( 2074): StartNetworkPolicyManagerService
05-01 20:50:18.994 E/ipv6proxy( 2331): Failed to get interface flags for wlan1: No such device
05-01 20:50:19.161 I/SystemServer( 2074): No Wi-Fi NAN Service (NAN support Not Present)
05-01 20:50:19.187 E/hostapd ( 2332): Configuration file: /system/etc/simulated_hostapd.conf
05-01 20:50:19.246 E/hostapd ( 2332): Could not read interface wlan1 flags: No such device
05-01 20:50:19.246 I/hostapd ( 2332): nl80211: Driver does not support authentication/association or connect commands
05-01 20:50:19.247 I/hostapd ( 2332): nl80211: deinit ifname=wlan1 disabled_11b_rates=0
05-01 20:50:19.247 E/hostapd ( 2332): Could not read interface wlan1 flags: No such device
05-01 20:50:19.248 E/hostapd ( 2332): nl80211 driver initialization failed.
05-01 20:50:19.248 I/hostapd ( 2332): wlan1: interface state UNINITIALIZED->DISABLED
05-01 20:50:19.248 I/hostapd ( 2332): wlan1: AP-DISABLED 
05-01 20:50:19.248 E/hostapd ( 2332): hostapd_free_hapd_data: Interface wlan1 wasn't started
05-01 20:50:19.275 I/SystemServiceManager( 2074): Starting com.android.server.wifi.p2p.WifiP2pService
05-01 20:50:19.391 W/art     ( 2074): Verification of com.android.server.wifi.p2p.WifiP2pServiceImpl$P2pStateMachine com.android.server.wifi.p2p.WifiP2pServiceImpl.-get13(com.android.server.wifi.p2p.WifiP2pServiceImpl) took 111.272ms
05-01 20:50:19.595 W/UsageStatsService( 2074): User[0] Some stats have no latest available
05-01 20:50:19.696 I/WifiP2pService( 2074): Registering wifip2p
05-01 20:50:19.712 I/SystemServiceManager( 2074): Starting com.android.server.wifi.WifiService
05-01 20:50:20.197 W/art     ( 2074): Verification of void com.android.server.wifi.WifiStateMachine.<init>(android.content.Context, com.android.server.wifi.FrameworkFacade, android.os.Looper, android.os.UserManager, com.android.server.wifi.WifiInjector, com.android.server.wifi.BackupManagerProxy, com.android.server.wifi.WifiCountryCode) took 105.677ms
05-01 20:50:20.240 W/art     ( 2074): Suspending all threads took: 38.046ms
05-01 20:50:20.449 W/art     ( 2074): Verification of void com.android.server.wifi.WifiStateMachine.setScanResults() took 151.005ms
05-01 20:50:20.473 I/art     ( 2074): Background sticky concurrent mark sweep GC freed 32331(2MB) AllocSpace objects, 17(340KB) LOS objects, 25% free, 8MB/10MB, paused 39.868ms total 727.753ms
05-01 20:50:20.895 D/HS20    ( 2074): Passpoint is disabled
05-01 20:50:21.184 D/CommandListener( 1346): Clearing all IP addresses on wlan0
05-01 20:50:21.349 I/UsageStatsService( 2074): User[0] Rollover scheduled @ 2021-05-02 20:50:16(1619988616931)
05-01 20:50:21.419 D/WifiApConfigStore( 2074): 2G band allowed channels are:1,6,11
05-01 20:50:21.420 W/art     ( 2074): Long monitor contention with owner WifiStateMachine (2341) at boolean com.android.server.wifi.WifiNative.unloadDriverNative()(WifiNative.java:-2) waiters=0 in java.lang.String com.android.server.wifi.WifiNative.doStringCommand(java.lang.String) for 207ms
05-01 20:50:21.422 E/WifiLogger( 2074): no ring buffers found
05-01 20:50:21.422 E/WifiLogger( 2074): Failed to start packet fate monitoring
05-01 20:50:21.511 D/WifiController( 2074): isAirplaneModeOn = true, isWifiEnabled = false, isScanningAvailable = false
05-01 20:50:21.518 I/WifiService( 2074): Registering wifi
05-01 20:50:21.542 I/SystemServiceManager( 2074): Starting com.android.server.wifi.scanner.WifiScanningService
05-01 20:50:21.542 I/WifiScanningService( 2074): Creating wifiscanner
05-01 20:50:21.571 I/WifiScanningService( 2074): Publishing wifiscanner
05-01 20:50:21.575 I/SystemServiceManager( 2074): Starting com.android.server.wifi.RttService
05-01 20:50:21.590 I/RttService( 2074): Creating rttmanager
05-01 20:50:21.593 I/RttService( 2074): Starting rttmanager
05-01 20:50:21.595 I/SystemServer( 2074): StartConnectivityService
05-01 20:50:21.731 D/ConnectivityService( 2074): ConnectivityService starting up
05-01 20:50:21.812 D/ConnectivityService( 2074): wifiOnly=false
05-01 20:50:21.990 I/SystemServer( 2074): StartNsdService
05-01 20:50:22.045 I/SystemServer( 2074): StartUpdateLockService
05-01 20:50:22.070 I/SystemServiceManager( 2074): Starting com.android.server.RecoverySystemService
05-01 20:50:22.090 I/SystemServiceManager( 2074): Starting com.android.server.notification.NotificationManagerService
05-01 20:50:22.203 D/ConditionProviders.SCP( 2074): new ScheduleConditionProvider()
05-01 20:50:22.254 D/ZenLog  ( 2074): config: readXml,ZenModeConfig[user=0,allowCalls=true,allowRepeatCallers=false,allowMessages=false,allowCallsFrom=contacts,allowMessagesFrom=contacts,allowReminders=true,allowEvents=true,allowWhenScreenOff=true,allowWhenScreenOn=true,automaticRules={370bd6672ef541ba946db9ac4aef0faf=ZenRule[enabled=false,snoozing=false,name=Weeknight,zenMode=ZEN_MODE_ALARMS,conditionId=condition://android/schedule?days=1.2.3.4.5&start=22.0&end=7.0&exitAtAlarm=false,condition=Condition[id=condition://android/schedule?days=1.2.3.4.5&start=22.0&end=7.0&exitAtAlarm=false,summary=...,line1=...,line2=...,icon=0,state=STATE_FALSE,flags=2],component=ComponentInfo{android/com.android.server.notification.ScheduleConditionProvider},id=370bd6672ef541ba946db9ac4aef0faf,creationTime=1590622727817,enabler=null], a53ffdf89c814123a52adbdd46bc948d=ZenRule[enabled=false,snoozing=false,name=Weekend,zenMode=ZEN_MODE_ALARMS,conditionId=condition://android/schedule?days=6.7&start=23.30&end=10.0&exitAtAlarm=false,condition=Condition[id=condition://android/schedule?days=6.7&start=23.30&end=10.0&exitAtAlarm=false,summary=...,line1=...,line2=...,icon=0,state=STATE_FALSE,flags=2],component=ComponentInfo{android/com.android.server.notification.ScheduleConditionProvider},id=a53ffdf89c814123a52adbdd46bc948d,creationTime=1590622727818,enabler=null], fc8bb1aacabb4877a1d1d167106f6e77=ZenRule[enabled=false,snoozing=false,name=Event,zenMode=ZEN_MODE_ALARMS,conditionId=condition://android/event?userId=-10000&calendar=&reply=1,condition=Condition[id=condition://android/event?userId=-10000&calendar=&reply=1,summary=...,line1=...,line2=...,icon=0,state=STATE_FALSE,flags=2],component=ComponentInfo{android/com.android.server.notification.EventConditionProvider},id=fc8bb1aacabb4877a1d1d167106f6e77,creationTime=1590622727822,enabler=null]},manualRule=null],Diff[automaticRule[370bd6672ef541ba946db9ac4aef0faf]:insert,automaticRule[096cbf5a0c5d455394b7f7bc470d45ef]:delete,automaticRule[a53ffdf89c814123a52adbdd46bc948d]:insert,automaticRule[882d9417e91444ce91bc56501d084449]:delete,automaticRule[81638e887b8340db8b47946a2ae1c206]:delete,automaticRule[fc8bb1aacabb4877a1d1d167106f6e77]:insert]
05-01 20:50:22.398 D/ZenLog  ( 2074): set_zen_mode: off,init
05-01 20:50:22.428 I/SystemServiceManager( 2074): Starting com.android.server.storage.DeviceStorageMonitorService
05-01 20:50:22.844 I/SystemServer( 2074): StartLocationManagerService
05-01 20:50:22.975 I/SystemServer( 2074): StartCountryDetectorService
05-01 20:50:23.030 I/SystemServer( 2074): StartSearchManagerService
05-01 20:50:23.033 I/SystemServiceManager( 2074): Starting com.android.server.search.SearchManagerService$Lifecycle
05-01 20:50:23.112 I/SystemServiceManager( 2074): Starting com.android.server.DropBoxManagerService
05-01 20:50:23.125 I/SystemServer( 2074): StartWallpaperManagerService
05-01 20:50:23.126 I/SystemServiceManager( 2074): Starting com.android.server.wallpaper.WallpaperManagerService$Lifecycle
05-01 20:50:23.207 E/BitmapFactory( 2074): Unable to decode stream: java.io.FileNotFoundException: /data/system/users/0/wallpaper_orig (No such file or directory)
05-01 20:50:23.208 E/WallpaperManagerService( 2074): Invalid wallpaper data
05-01 20:50:23.208 E/WallpaperManagerService( 2074): Unable to apply new wallpaper
05-01 20:50:23.305 I/SystemServer( 2074): StartAudioService
05-01 20:50:23.306 I/SystemServiceManager( 2074): Starting com.android.server.audio.AudioService$Lifecycle
05-01 20:50:23.471 W/TelecomManager( 2074): Telecom Service not found.
05-01 20:50:23.525 D/PermissionCache( 1325): checking android.permission.MODIFY_AUDIO_SETTINGS for uid=1000 => granted (19147 us)
05-01 20:50:23.542 D/PermissionCache( 1325): checking android.permission.MODIFY_AUDIO_SETTINGS for uid=1000 => granted (81123 us)
05-01 20:50:23.611 W/AudioFlinger( 1325): no wake lock to update, system not ready yet
05-01 20:50:24.006 I/SystemServiceManager( 2074): Starting com.android.server.DockObserver
05-01 20:50:24.009 W/DockObserver( 2074): This kernel does not have dock station support
05-01 20:50:24.101 I/SystemServer( 2074): StartWiredAccessoryManager
05-01 20:50:24.108 W/WiredAccessoryManager( 2074): This kernel does not have usb audio support
05-01 20:50:24.108 W/WiredAccessoryManager( 2074): This kernel does not have HDMI audio support
05-01 20:50:24.109 I/SystemServiceManager( 2074): Starting com.android.server.midi.MidiService$Lifecycle
05-01 20:50:24.172 I/SystemServiceManager( 2074): Starting com.android.server.usb.UsbService$Lifecycle
05-01 20:50:24.401 I/SystemServer( 2074): StartSerialService
05-01 20:50:24.434 E/HardwarePropertiesManagerService-JNI( 2074): Couldn't load thermal module (No such file or directory)
05-01 20:50:24.451 I/SystemServiceManager( 2074): Starting com.android.server.twilight.TwilightService
05-01 20:50:24.453 I/SystemServiceManager( 2074): Starting com.android.server.job.JobSchedulerService
05-01 20:50:24.613 I/SystemServiceManager( 2074): Starting com.android.server.soundtrigger.SoundTriggerService
05-01 20:50:24.650 I/SystemServiceManager( 2074): Starting com.android.server.backup.BackupManagerService$Lifecycle
05-01 20:50:24.700 I/SystemServiceManager( 2074): Starting com.android.server.appwidget.AppWidgetService
05-01 20:50:24.816 E/ipv6proxy( 2365): Failed to get interface flags for wlan1: No such device
05-01 20:50:24.838 I/SystemServiceManager( 2074): Starting com.android.server.voiceinteraction.VoiceInteractionManagerService
05-01 20:50:24.844 E/hostapd ( 2366): Configuration file: /system/etc/simulated_hostapd.conf
05-01 20:50:24.876 I/SystemServer( 2074): Gesture Launcher Service
05-01 20:50:24.876 I/SystemServiceManager( 2074): Starting com.android.server.GestureLauncherService
05-01 20:50:24.877 I/SystemServiceManager( 2074): Starting com.android.server.SensorNotificationService
05-01 20:50:24.878 I/SystemServiceManager( 2074): Starting com.android.server.ContextHubSystemService
05-01 20:50:24.911 E/ContextHubService( 2074): ** Could not load context_hub module : err No such file or directory
05-01 20:50:24.911 W/ContextHubService( 2074): No Context Hub Module present
05-01 20:50:24.912 I/SystemServer( 2074): StartDiskStatsService
05-01 20:50:24.916 I/SystemServer( 2074): StartSamplingProfilerService
05-01 20:50:24.981 E/hostapd ( 2366): Could not read interface wlan1 flags: No such device
05-01 20:50:24.982 I/hostapd ( 2366): nl80211: Driver does not support authentication/association or connect commands
05-01 20:50:24.982 I/hostapd ( 2366): nl80211: deinit ifname=wlan1 disabled_11b_rates=0
05-01 20:50:24.983 E/hostapd ( 2366): Could not read interface wlan1 flags: No such device
05-01 20:50:24.984 E/hostapd ( 2366): nl80211 driver initialization failed.
05-01 20:50:24.984 I/hostapd ( 2366): wlan1: interface state UNINITIALIZED->DISABLED
05-01 20:50:24.984 I/hostapd ( 2366): wlan1: AP-DISABLED 
05-01 20:50:24.984 E/hostapd ( 2366): hostapd_free_hapd_data: Interface wlan1 wasn't started
05-01 20:50:25.116 I/SystemServer( 2074): StartNetworkTimeUpdateService
05-01 20:50:25.131 I/SystemServer( 2074): StartCommonTimeManagementService
05-01 20:50:25.137 I/SystemServer( 2074): CertBlacklister
05-01 20:50:25.172 I/SystemServiceManager( 2074): Starting com.android.server.emergency.EmergencyAffordanceService
05-01 20:50:25.176 I/SystemServiceManager( 2074): Starting com.android.server.dreams.DreamManagerService
05-01 20:50:25.192 I/SystemServer( 2074): StartAssetAtlasService
05-01 20:50:25.250 I/SystemServiceManager( 2074): Starting com.android.server.print.PrintManagerService
05-01 20:50:25.318 D/AssetAtlas( 2074): Loaded configuration: SliceMinArea (1280x896) flags=0x2 count=91
05-01 20:50:25.330 I/SystemServiceManager( 2074): Starting com.android.server.restrictions.RestrictionsManagerService
05-01 20:50:25.335 I/SystemServiceManager( 2074): Starting com.android.server.media.MediaSessionService
05-01 20:50:25.350 I/SystemServer( 2074): StartMediaRouterService
05-01 20:50:25.424 I/SystemServiceManager( 2074): Starting com.android.server.trust.TrustManagerService
05-01 20:50:25.457 D/gralloc_ranchu( 2074): Emulator without host-side GPU emulation detected. Loading gralloc.default.so from /vendor/lib64/hw/gralloc.goldfish.default.so...
05-01 20:50:25.478 I/SystemServiceManager( 2074): Starting com.android.server.fingerprint.FingerprintService
05-01 20:50:25.483 D/gralloc_ranchu( 2074): gralloc.default.so not found in /vendor. Trying /system/lib64/hw/gralloc.goldfish.default.so...
05-01 20:50:25.646 D/PermissionCache( 1354): checking android.permission.MANAGE_FINGERPRINT for uid=1000 => granted (17957 us)
05-01 20:50:25.649 V/fingerprintd( 1354): nativeOpenHal()
05-01 20:50:25.786 D/FingerprintHal( 1354): ----------------> fingerprint_open ----------------->
05-01 20:50:25.794 E/fingerprintd( 1354): Wrong fp version. Expected 512, got 513
05-01 20:50:25.794 D/FingerprintHal( 1354): ----------------> set_notify_callback ----------------->
05-01 20:50:25.794 D/FingerprintHal( 1354): fingerprint callback notification set
05-01 20:50:25.794 V/fingerprintd( 1354): fingerprint HAL successfully initialized
05-01 20:50:25.812 D/FingerprintHal( 1354): ----------------> listenerFunction ----------------->
05-01 20:50:25.813 V/fingerprintd( 1354): setActiveGroup(0, /data/system/users/0/fpdata, 27)
05-01 20:50:25.813 D/FingerprintHal( 1354): ----------------> fingerprint_set_active_group -----------------> path /data/system/users/0/fpdata
05-01 20:50:25.813 D/FingerprintHal( 1354): ----------------> loadFingerprints ----------------->
05-01 20:50:25.813 E/FingerprintHal( 1354): Could not load fingerprints from storage at /data/system/users/0/fpdata/emufp.bin; it has not yet been created.
05-01 20:50:25.814 D/FingerprintHal( 1354): ----------------> loadAuthenticatorId ----------------->
05-01 20:50:25.820 D/FingerprintHal( 1354): Read authenticator id (0x6b8b4567327b23c6)
05-01 20:50:25.821 D/FingerprintHal( 1354): ----------------> fingerprint_get_auth_id ----------------->
05-01 20:50:25.821 D/FingerprintHal( 1354): ----------------> fingerprint_get_auth_id auth id 6b8b4567327b23c6----------------->
05-01 20:50:25.823 V/FingerprintService( 2074): Fingerprint HAL id: 129121906900992
05-01 20:50:25.826 I/SystemServer( 2074): StartBackgroundDexOptService
05-01 20:50:25.864 I/SystemServiceManager( 2074): Starting com.android.server.pm.ShortcutService$Lifecycle
05-01 20:50:25.919 I/SystemServiceManager( 2074): Starting com.android.server.pm.LauncherAppsService
05-01 20:50:25.974 I/SystemServiceManager( 2074): Starting com.android.server.media.projection.MediaProjectionManagerService
05-01 20:50:26.034 V/MediaRouter( 2074): Adding route: RouteInfo{ name=Phone, description=null, status=null, category=RouteCategory{ name=null types=ROUTE_TYPE_LIVE_AUDIO ROUTE_TYPE_LIVE_VIDEO  groupable=false }, supportedTypes=ROUTE_TYPE_LIVE_AUDIO ROUTE_TYPE_LIVE_VIDEO , presentationDisplay=null }
05-01 20:50:26.053 W/AssetAtlasService( 2074): Could not find EGL configuration
05-01 20:50:26.057 D/AssetAtlas( 2074): Rendered atlas in 369.05ms (366.06+2.98ms)
05-01 20:50:26.059 V/MediaRouter( 2074): Updating audio routes: AudioRoutesInfo{ type=SPEAKER }
05-01 20:50:26.075 V/MediaRouter( 2074): Selecting route: RouteInfo{ name=Phone, description=null, status=null, category=RouteCategory{ name=null types=ROUTE_TYPE_LIVE_AUDIO ROUTE_TYPE_LIVE_VIDEO  groupable=false }, supportedTypes=ROUTE_TYPE_LIVE_AUDIO ROUTE_TYPE_LIVE_VIDEO , presentationDisplay=null }
05-01 20:50:26.124 I/WindowManager( 2074): SAFE MODE not enabled
05-01 20:50:26.125 I/SystemServiceManager( 2074): Starting com.android.server.MmsServiceBroker
05-01 20:50:26.148 W/VibratorService( 2074): Tried to stop vibrating but there is no vibrator device.
05-01 20:50:26.533 I/art     ( 2074): Background partial concurrent mark sweep GC freed 20139(1512KB) AllocSpace objects, 8(160KB) LOS objects, 24% free, 12MB/16MB, paused 123.297ms total 953.244ms
05-01 20:50:26.805 E/LockSettingsStorage( 2074): Cannot read file java.io.FileNotFoundException: /data/system/gatekeeper.password.key: open failed: ENOENT (No such file or directory)
05-01 20:50:26.807 E/LockSettingsStorage( 2074): Cannot read file java.io.FileNotFoundException: /data/system/password.key: open failed: ENOENT (No such file or directory)
05-01 20:50:26.808 E/LockSettingsStorage( 2074): Cannot read file java.io.FileNotFoundException: /data/system/gatekeeper.pattern.key: open failed: ENOENT (No such file or directory)
05-01 20:50:26.809 E/LockSettingsStorage( 2074): Cannot read file java.io.FileNotFoundException: /data/system/gatekeeper.gesture.key: open failed: ENOENT (No such file or directory)
05-01 20:50:26.823 E/LockSettingsStorage( 2074): Cannot read file java.io.FileNotFoundException: /data/system/gesture.key: open failed: ENOENT (No such file or directory)
05-01 20:50:26.823 I/SystemServiceManager( 2074): Starting phase 480
05-01 20:50:26.889 I/DevicePolicyManagerService( 2074): Set ro.device_owner property to false
05-01 20:50:26.922 I/SystemServiceManager( 2074): Starting phase 500
05-01 20:50:26.948 D/ConnectivityMetricsLoggerService( 2074): onBootPhase: PHASE_SYSTEM_SERVICES_READY
05-01 20:50:27.045 I/WifiService( 2074): WifiService starting up with Wi-Fi disabled
05-01 20:50:27.073 I/WifiScanningService( 2074): Starting wifiscanner
05-01 20:50:27.137 I/RttService( 2074): Registering rttmanager
05-01 20:50:27.258 D/ZenLog  ( 2074): config: cleanUpZenRules,ZenModeConfig[user=0,allowCalls=true,allowRepeatCallers=false,allowMessages=false,allowCallsFrom=contacts,allowMessagesFrom=contacts,allowReminders=true,allowEvents=true,allowWhenScreenOff=true,allowWhenScreenOn=true,automaticRules={370bd6672ef541ba946db9ac4aef0faf=ZenRule[enabled=false,snoozing=false,name=Weeknight,zenMode=ZEN_MODE_ALARMS,conditionId=condition://android/schedule?days=1.2.3.4.5&start=22.0&end=7.0&exitAtAlarm=false,condition=Condition[id=condition://android/schedule?days=1.2.3.4.5&start=22.0&end=7.0&exitAtAlarm=false,summary=...,line1=...,line2=...,icon=0,state=STATE_FALSE,flags=2],component=ComponentInfo{android/com.android.server.notification.ScheduleConditionProvider},id=370bd6672ef541ba946db9ac4aef0faf,creationTime=1590622727817,enabler=null], a53ffdf89c814123a52adbdd46bc948d=ZenRule[enabled=false,snoozing=false,name=Weekend,zenMode=ZEN_MODE_ALARMS,conditionId=condition://android/schedule?days=6.7&start=23.30&end=10.0&exitAtAlarm=false,condition=Condition[id=condition://android/schedule?days=6.7&start=23.30&end=10.0&exitAtAlarm=false,summary=...,line1=...,line2=...,icon=0,state=STATE_FALSE,flags=2],component=ComponentInfo{android/com.android.server.notification.ScheduleConditionProvider},id=a53ffdf89c814123a52adbdd46bc948d,creationTime=1590622727818,enabler=null], fc8bb1aacabb4877a1d1d167106f6e77=ZenRule[enabled=false,snoozing=false,name=Event,zenMode=ZEN_MODE_ALARMS,conditionId=condition://android/event?userId=-10000&calendar=&reply=1,condition=Condition[id=condition://android/event?userId=-10000&calendar=&reply=1,summary=...,line1=...,line2=...,icon=0,state=STATE_FALSE,flags=2],component=ComponentInfo{android/com.android.server.notification.EventConditionProvider},id=fc8bb1aacabb4877a1d1d167106f6e77,creationTime=1590622727822,enabler=null]},manualRule=null],Diff[]
05-01 20:50:27.259 D/ZenLog  ( 2074): set_zen_mode: off,onSystemReady
05-01 20:50:27.302 D/PermissionCache( 1325): checking android.permission.CAPTURE_AUDIO_HOTWORD for uid=1000 => granted (830 us)
05-01 20:50:27.304 W/SoundTriggerHelper( 2074): listModules status=0, # of modules=0
05-01 20:50:27.304 D/ContextHubSystemService( 2074): onBootPhase: PHASE_SYSTEM_SERVICES_READY
05-01 20:50:28.049 W/art     ( 2074): Long monitor contention with owner android.ui (2111) at int com.android.server.wm.WindowManagerService.relayoutWindow(com.android.server.wm.Session, android.view.IWindow, int, android.view.WindowManager$LayoutParams, int, int, int, int, android.graphics.Rect, android.graphics.Rect, android.graphics.Rect, android.graphics.Rect, android.graphics.Rect, android.graphics.Rect, android.graphics.Rect, android.content.res.Configuration, android.view.Surface)(WindowManagerService.java:2857) waiters=0 in void com.android.server.wm.WindowManagerService$H.handleMessage(android.os.Message) for 272ms
05-01 20:50:28.270 W/KeyguardServiceDelegate( 2074): onScreenTurningOn(): no keyguard service!
05-01 20:50:28.382 V/UserManagerService( 2074): Found /data/user_de/0 with serial number 0
05-01 20:50:28.383 V/UserManagerService( 2074): Found /data/user/0 with serial number 0
05-01 20:50:28.383 V/UserManagerService( 2074): Found /data/system_de/0 with serial number 0
05-01 20:50:28.384 V/UserManagerService( 2074): Found /data/system_ce/0 with serial number 0
05-01 20:50:28.765 I/ActivityManager( 2074): System now ready
