06-01 13:26:25.489 I/LatinIME( 2394): Hardware accelerated drawing: true
06-01 13:26:25.525 I/MediaPlayerService( 1333): MediaPlayerService::getOMX
06-01 13:26:25.526 I/OMXClient( 1333): MuxOMX ctor
06-01 13:26:25.527 I/OMXMaster( 1330): makeComponentInstance(OMX.google.g711.mlaw.decoder) in mediacodec process
06-01 13:26:26.044 V/SystemUIService( 2402): Starting SystemUI services for user 0.
06-01 13:26:26.321 W/ActivityManager( 2173): Slow operation: 83ms so far, now at getContentProviderImpl: after updateOomAdj
06-01 13:26:26.322 W/ActivityManager( 2173): Slow operation: 84ms so far, now at getContentProviderImpl: done!
06-01 13:26:26.348 I/art     ( 2435): System.exit called, status: 0
06-01 13:26:26.348 I/AndroidRuntime( 2435): VM exiting with result code 0, cleanup skipped.
06-01 13:26:26.835 V/MediaRouter( 2402): Adding route: RouteInfo{ name=Phone, description=null, status=null, category=RouteCategory{ name=null types=ROUTE_TYPE_LIVE_AUDIO ROUTE_TYPE_LIVE_VIDEO  groupable=false }, supportedTypes=ROUTE_TYPE_LIVE_AUDIO ROUTE_TYPE_LIVE_VIDEO , presentationDisplay=null }
06-01 13:26:26.860 I/MediaPlayerService( 1333): MediaPlayerService::getOMX
06-01 13:26:26.877 I/OMXClient( 1333): MuxOMX ctor
06-01 13:26:26.878 I/OMXMaster( 1330): makeComponentInstance(OMX.google.vorbis.decoder) in mediacodec process
06-01 13:26:26.934 V/MediaRouter( 2402): Updating audio routes: AudioRoutesInfo{ type=SPEAKER }
06-01 13:26:27.012 V/MediaRouter( 2402): Selecting route: RouteInfo{ name=Phone, description=null, status=null, category=RouteCategory{ name=null types=ROUTE_TYPE_LIVE_AUDIO ROUTE_TYPE_LIVE_VIDEO  groupable=false }, supportedTypes=ROUTE_TYPE_LIVE_AUDIO ROUTE_TYPE_LIVE_VIDEO , presentationDisplay=null }
06-01 13:26:27.253 V/vold    ( 1270): /dev/block/vold/public:253,48: LABEL="SDCARD" UUID="1EFF-1C1B" TYPE="vfat" 
06-01 13:26:27.253 V/vold    ( 1270): 
06-01 13:26:27.272 V/vold    ( 1270): /system/bin/fsck_msdos
06-01 13:26:27.272 V/vold    ( 1270):     -p
06-01 13:26:27.272 V/vold    ( 1270):     -f
06-01 13:26:27.272 V/vold    ( 1270):     /dev/block/vold/public:253,48
06-01 13:26:27.273 D/VoldConnector( 2173): RCV <- {652 public:253,48 vfat}
06-01 13:26:27.275 D/VoldConnector( 2173): RCV <- {653 public:253,48 1EFF-1C1B}
06-01 13:26:27.276 D/VoldConnector( 2173): RCV <- {654 public:253,48 SDCARD}
06-01 13:26:27.608 E/NetdConnector( 2173): NDC Command {3 bandwidth enable} took too long (4924ms)
06-01 13:26:27.744 I/art     ( 2445): System.exit called, status: 0
06-01 13:26:27.744 I/AndroidRuntime( 2445): VM exiting with result code 0, cleanup skipped.
06-01 13:26:27.811 I/fsck_msdos( 1270): ** /dev/block/vold/public:253,48
06-01 13:26:27.831 I/fsck_msdos( 1270): ** Phase 1 - Read and Compare FATs
06-01 13:26:27.831 I/fsck_msdos( 1270): Attempting to allocate 1046 KB for FAT
06-01 13:26:28.120 I/MediaPlayerService( 1333): MediaPlayerService::getOMX
06-01 13:26:28.122 I/OMXClient( 1333): MuxOMX ctor
06-01 13:26:28.123 I/OMXMaster( 1330): makeComponentInstance(OMX.google.opus.decoder) in mediacodec process
06-01 13:26:28.241 I/fsck_msdos( 1270): Attempting to allocate 1046 KB for FAT
06-01 13:26:28.644 E/WVMExtractor( 2402): Failed to open libwvm.so: dlopen failed: library "libwvm.so" not found
06-01 13:26:28.818 I/fsck_msdos( 1270): ** Phase 2 - Check Cluster Chains
06-01 13:26:28.967 I/fsck_msdos( 1270): ** Phase 3 - Checking Directories
06-01 13:26:28.969 I/fsck_msdos( 1270): ** Phase 4 - Checking for Lost Files
06-01 13:26:29.099 I/fsck_msdos( 1270): 2 files, 534464 free (267232 clusters)
06-01 13:26:29.142 W/InputAttributes( 2394): No editor info for this field. Bug?
06-01 13:26:29.305 I/Vold    ( 1270): Filesystem check completed OK
06-01 13:26:29.306 D/VoldConnector( 2173): RCV <- {656 public:253,48 /mnt/media_rw/1EFF-1C1B}
06-01 13:26:29.308 D/VoldConnector( 2173): RCV <- {655 public:253,48 /storage/1EFF-1C1B}
06-01 13:26:29.513 V/vold    ( 1270): Waiting for FUSE to spin up...
06-01 13:26:29.570 V/vold    ( 1270): Waiting for FUSE to spin up...
06-01 13:26:29.588 I/MediaPlayerService( 1333): MediaPlayerService::getOMX
06-01 13:26:29.598 I/OMXClient( 1333): MuxOMX ctor
06-01 13:26:29.599 I/OMXMaster( 1330): makeComponentInstance(OMX.google.raw.decoder) in mediacodec process
06-01 13:26:29.630 V/vold    ( 1270): Waiting for FUSE to spin up...
06-01 13:26:29.691 V/vold    ( 1270): Waiting for FUSE to spin up...
06-01 13:26:29.757 V/vold    ( 1270): Waiting for FUSE to spin up...
06-01 13:26:29.807 V/vold    ( 1270): Waiting for FUSE to spin up...
06-01 13:26:29.859 V/vold    ( 1270): Waiting for FUSE to spin up...
06-01 13:26:29.884 I/MediaPlayerService( 1333): MediaPlayerService::getOMX
06-01 13:26:29.886 I/OMXClient( 1333): MuxOMX ctor
06-01 13:26:29.887 I/OMXMaster( 1330): makeComponentInstance(OMX.google.aac.encoder) in mediacodec process
06-01 13:26:29.909 V/vold    ( 1270): Waiting for FUSE to spin up...
06-01 13:26:29.925 I/LatinIME:LogUtils( 2394): Dictionary info: dictionary = userunigram.en_US ; version = 1622553989 ; date = ?
06-01 13:26:29.960 V/vold    ( 1270): Waiting for FUSE to spin up...
06-01 13:26:29.983 E/ActivityThread( 2394): Failed to find provider info for user_dictionary
06-01 13:26:29.988 I/LatinIME:LogUtils( 2394): Dictionary info: dictionary = UserHistoryDictionary.en_US ; version = 1622553989 ; date = ?
06-01 13:26:30.021 V/vold    ( 1270): Waiting for FUSE to spin up...
06-01 13:26:30.055 I/MediaPlayerService( 1333): MediaPlayerService::getOMX
06-01 13:26:30.057 I/OMXClient( 1333): MuxOMX ctor
06-01 13:26:30.058 I/OMXMaster( 1330): makeComponentInstance(OMX.google.amrnb.encoder) in mediacodec process
06-01 13:26:30.071 V/vold    ( 1270): Waiting for FUSE to spin up...
06-01 13:26:30.125 V/vold    ( 1270): Waiting for FUSE to spin up...
06-01 13:26:30.129 I/MediaPlayerService( 1333): MediaPlayerService::getOMX
06-01 13:26:30.131 I/OMXClient( 1333): MuxOMX ctor
06-01 13:26:30.141 I/OMXMaster( 1330): makeComponentInstance(OMX.google.amrwb.encoder) in mediacodec process
06-01 13:26:30.180 V/vold    ( 1270): Waiting for FUSE to spin up...
06-01 13:26:30.233 V/vold    ( 1270): Waiting for FUSE to spin up...
06-01 13:26:30.290 V/vold    ( 1270): Waiting for FUSE to spin up...
06-01 13:26:30.350 V/vold    ( 1270): Waiting for FUSE to spin up...
06-01 13:26:30.376 I/MediaPlayerService( 1333): MediaPlayerService::getOMX
06-01 13:26:30.391 I/OMXClient( 1333): MuxOMX ctor
06-01 13:26:30.392 I/OMXMaster( 1330): makeComponentInstance(OMX.google.flac.encoder) in mediacodec process
06-01 13:26:30.410 V/vold    ( 1270): Waiting for FUSE to spin up...
06-01 13:26:30.454 E/NetdConnector( 2173): NDC Command {4 strict enable} took too long (2700ms)
06-01 13:26:30.456 W/NetworkManagement( 2173): setDataSaverMode(): already false
06-01 13:26:30.470 V/vold    ( 1270): Waiting for FUSE to spin up...
06-01 13:26:30.478 W/ProcessCpuTracker( 2173): Skipping unknown process pid 2515
06-01 13:26:30.524 V/vold    ( 1270): Waiting for FUSE to spin up...
06-01 13:26:30.575 V/vold    ( 1270): Waiting for FUSE to spin up...
06-01 13:26:30.580 W/ProcessCpuTracker( 2173): Skipping unknown process pid 2527
06-01 13:26:30.626 V/vold    ( 1270): Waiting for FUSE to spin up...
06-01 13:26:30.680 V/vold    ( 1270): Waiting for FUSE to spin up...
06-01 13:26:30.727 W/sdcard  ( 2522): Device explicitly disabled sdcardfs
06-01 13:26:30.747 V/vold    ( 1270): Waiting for FUSE to spin up...
06-01 13:26:30.797 V/vold    ( 1270): Waiting for FUSE to spin up...
06-01 13:26:30.850 V/vold    ( 1270): Waiting for FUSE to spin up...
06-01 13:26:30.910 V/vold    ( 1270): Waiting for FUSE to spin up...
06-01 13:26:30.966 V/vold    ( 1270): Waiting for FUSE to spin up...
06-01 13:26:31.057 V/vold    ( 1270): Waiting for FUSE to spin up...
06-01 13:26:31.320 V/vold    ( 1270): Waiting for FUSE to spin up...
06-01 13:26:31.376 V/vold    ( 1270): Waiting for FUSE to spin up...
06-01 13:26:31.430 V/vold    ( 1270): Waiting for FUSE to spin up...
06-01 13:26:31.490 V/vold    ( 1270): Waiting for FUSE to spin up...
06-01 13:26:31.551 V/vold    ( 1270): Waiting for FUSE to spin up...
06-01 13:26:31.610 V/vold    ( 1270): Waiting for FUSE to spin up...
06-01 13:26:31.840 D/VoldConnector( 2173): RCV <- {651 public:253,48 2}
06-01 13:26:31.848 D/VoldConnector( 2173): RCV <- {200 7 Command succeeded}
06-01 13:26:31.939 E/VoldConnector( 2173): NDC Command {7 volume mount public:253,48 2 0} took too long (6656ms)
06-01 13:26:32.152 I/MediaPlayerService( 1333): MediaPlayerService::getOMX
06-01 13:26:32.173 I/OMXClient( 1333): MuxOMX ctor
06-01 13:26:32.183 I/OMXMaster( 1330): makeComponentInstance(OMX.google.gsm.decoder) in mediacodec process
06-01 13:26:32.753 I/LatinIME:LogUtils( 2394): Dictionary info: dictionary = main:en ; version = 54 ; date = 1414726273
06-01 13:26:32.965 I/vol.Events( 2402): writeEvent collection_started
06-01 13:26:33.132 I/vol.Events( 2402): writeEvent external_ringer_mode_changed normal
06-01 13:26:33.133 I/vol.Events( 2402): writeEvent internal_ringer_mode_changed normal
06-01 13:26:33.460 I/MediaPlayerService( 1333): MediaPlayerService::getOMX
06-01 13:26:33.492 I/OMXClient( 1333): MuxOMX ctor
06-01 13:26:33.492 I/OMXMaster( 1330): makeComponentInstance(OMX.google.mpeg4.decoder) in mediacodec process
06-01 13:26:33.517 E/NetdConnector( 2173): NDC Command {7 bandwidth setglobalalert 2097152} took too long (2657ms)
06-01 13:26:33.632 D/NetworkPolicy( 2173): setRestrictBackgroundUL(): false
06-01 13:26:33.636 W/NetworkManagement( 2173): setDataSaverMode(): already false
06-01 13:26:34.382 I/art     ( 2173): Background sticky concurrent mark sweep GC freed 42157(2MB) AllocSpace objects, 15(296KB) LOS objects, 20% free, 13MB/16MB, paused 53.628ms total 565.566ms
06-01 13:26:34.519 E/OMXNodeInstance( 1330): getExtensionIndex(532000f:google.mpeg4.decoder, OMX.google.android.index.configureVideoTunnelMode) ERROR: UnsupportedIndex(0x8000101a)
06-01 13:26:34.530 W/OMXNodeInstance( 1330): [532000f:google.mpeg4.decoder] component does not support metadata mode; using fallback
06-01 13:26:34.554 I/MediaPlayerService( 1333): MediaPlayerService::getOMX
06-01 13:26:34.555 I/OMXClient( 1333): MuxOMX ctor
06-01 13:26:34.556 I/OMXMaster( 1330): makeComponentInstance(OMX.google.h263.decoder) in mediacodec process
06-01 13:26:34.999 W/AudioService( 2173): onLoadSoundEffects(), Error 1 while loading samples
06-01 13:26:35.164 W/art     ( 2173): Long monitor contention with owner NetworkPolicy (2353) at boolean android.os.BinderProxy.transactNative(int, android.os.Parcel, android.os.Parcel, int)(Binder.java:-2) waiters=0 in void com.android.server.NetworkManagementService.setFirewallChainEnabled(int, boolean) for 1.255s
06-01 13:26:35.355 E/OMXNodeInstance( 1330): getExtensionIndex(5320010:google.h263.decoder, OMX.google.android.index.configureVideoTunnelMode) ERROR: UnsupportedIndex(0x8000101a)
06-01 13:26:35.356 W/OMXNodeInstance( 1330): [5320010:google.h263.decoder] component does not support metadata mode; using fallback
06-01 13:26:35.386 I/MediaPlayerService( 1333): MediaPlayerService::getOMX
06-01 13:26:35.387 I/OMXClient( 1333): MuxOMX ctor
06-01 13:26:35.388 I/OMXMaster( 1330): makeComponentInstance(OMX.google.h264.decoder) in mediacodec process
06-01 13:26:35.934 W/ACodec  ( 1333): [OMX.google.h264.decoder] stopping checking profiles after 32: 2/8000
06-01 13:26:35.937 E/OMXNodeInstance( 1330): getExtensionIndex(5320011:google.h264.decoder, OMX.google.android.index.configureVideoTunnelMode) ERROR: UnsupportedIndex(0x8000101a)
06-01 13:26:35.938 W/OMXNodeInstance( 1330): [5320011:google.h264.decoder] component does not support metadata mode; using fallback
06-01 13:26:36.044 I/MediaPlayerService( 1333): MediaPlayerService::getOMX
06-01 13:26:36.045 I/OMXClient( 1333): MuxOMX ctor
06-01 13:26:36.046 I/OMXMaster( 1330): makeComponentInstance(OMX.google.hevc.decoder) in mediacodec process
06-01 13:26:36.113 W/ProcessCpuTracker( 2173): Skipping unknown process pid 2572
06-01 13:26:36.552 E/OMXNodeInstance( 1330): getExtensionIndex(5320012:google.hevc.decoder, OMX.google.android.index.configureVideoTunnelMode) ERROR: UnsupportedIndex(0x8000101a)
06-01 13:26:36.553 W/OMXNodeInstance( 1330): [5320012:google.hevc.decoder] component does not support metadata mode; using fallback
06-01 13:26:36.625 E/NetdConnector( 2173): NDC Command {8 firewall enable_chain standby} took too long (1454ms)
06-01 13:26:36.643 E/NetdConnector( 2173): NDC Command {9 bandwidth gettetherstats} took too long (735ms)
06-01 13:26:36.657 I/MediaPlayerService( 1333): MediaPlayerService::getOMX
06-01 13:26:36.658 I/OMXClient( 1333): MuxOMX ctor
06-01 13:26:36.659 I/OMXMaster( 1330): makeComponentInstance(OMX.google.vp8.decoder) in mediacodec process
06-01 13:26:37.068 I/SystemServiceManager( 2173): Starting phase 600
06-01 13:26:37.367 E/OMXNodeInstance( 1330): getExtensionIndex(5320013:google.vp8.decoder, OMX.google.android.index.configureVideoTunnelMode) ERROR: UnsupportedIndex(0x8000101a)
06-01 13:26:37.367 W/OMXNodeInstance( 1330): [5320013:google.vp8.decoder] component does not support metadata mode; using fallback
06-01 13:26:37.373 D/SensorNotificationService( 2173): Cannot obtain dynamic meta sensor, not supported.
06-01 13:26:37.458 I/vol.Events( 2402): writeEvent level_changed STREAM_ALARM 6
06-01 13:26:37.460 I/MediaPlayerService( 1333): MediaPlayerService::getOMX
06-01 13:26:37.466 I/OMXClient( 1333): MuxOMX ctor
06-01 13:26:37.466 I/OMXMaster( 1330): makeComponentInstance(OMX.google.vp9.decoder) in mediacodec process
06-01 13:26:37.535 I/vol.Events( 2402): writeEvent level_changed STREAM_BLUETOOTH_SCO 7
06-01 13:26:37.581 I/vol.Events( 2402): writeEvent level_changed STREAM_MUSIC 11
06-01 13:26:37.706 I/GnssLocationProvider( 2173): WakeLock acquired by sendMessage(13, 0, null)
06-01 13:26:37.751 I/vol.Events( 2402): writeEvent level_changed STREAM_RING 5
06-01 13:26:37.757 I/vol.Events( 2402): writeEvent level_changed STREAM_SYSTEM 5
06-01 13:26:37.805 I/vol.Events( 2402): writeEvent level_changed STREAM_VOICE_CALL 4
06-01 13:26:37.889 W/LocationManagerService( 2173): no network location provider found
06-01 13:26:37.922 W/GnssLocationProvider( 2173): Could not open GPS configuration file /etc/gps.conf
06-01 13:26:37.922 E/GnssLocationProvider( 2173): no AGPS interface in set_agps_server
06-01 13:26:37.947 E/LocationManagerService( 2173): no geocoder provider found
06-01 13:26:37.949 E/FlpHardwareProvider( 2173): Error hw_get_module 'flp': -2
06-01 13:26:37.949 D/LocationManagerService( 2173): FLP HAL not supported
06-01 13:26:37.956 D/LocationManagerService( 2173): Unable to bind FLP Geofence proxy.
06-01 13:26:37.957 E/ActivityRecognitionHardware( 2173): Error hw_get_module: -2
06-01 13:26:37.957 D/LocationManagerService( 2173): Hardware Activity-Recognition not supported.
06-01 13:26:37.959 E/ActivityRecognitionProxy( 2173): ServiceWatcher could not start.
06-01 13:26:37.959 D/LocationManagerService( 2173): Unable to bind ActivityRecognitionProxy.
06-01 13:26:38.002 I/GnssLocationProvider( 2173): WakeLock acquired by sendMessage(2, 1, null)
06-01 13:26:38.119 I/CommonTimeManagementService( 2173): No common time service detected on this platform.  Common time services will be unavailable.
06-01 13:26:38.168 I/MmsServiceBroker( 2173): Delay connecting to MmsService until an API is called
06-01 13:26:38.177 I/InputReader( 2173): Reconfiguring input devices.  changes=0x00000020
06-01 13:26:38.235 E/OMXNodeInstance( 1330): getExtensionIndex(5320014:google.vp9.decoder, OMX.google.android.index.configureVideoTunnelMode) ERROR: UnsupportedIndex(0x8000101a)
06-01 13:26:38.236 W/OMXNodeInstance( 1330): [5320014:google.vp9.decoder] component does not support metadata mode; using fallback
06-01 13:26:38.264 W/VoiceInteractionManagerService( 2173): no available voice interaction services found for user 0
06-01 13:26:38.265 W/VoiceInteractionManagerService( 2173): no available voice recognition services found for user 0
06-01 13:26:38.270 I/InputReader( 2173): Reconfiguring input devices.  changes=0x00000010
06-01 13:26:38.296 I/MediaPlayerService( 1333): MediaPlayerService::getOMX
06-01 13:26:38.298 I/OMXClient( 1333): MuxOMX ctor
06-01 13:26:38.299 I/OMXMaster( 1330): makeComponentInstance(OMX.google.h263.encoder) in mediacodec process
06-01 13:26:38.496 W/ActivityManager( 2173): Slow operation: 183ms so far, now at startProcess: returned from zygote!
06-01 13:26:38.497 W/ActivityManager( 2173): Slow operation: 184ms so far, now at startProcess: done updating battery stats
06-01 13:26:38.497 W/ActivityManager( 2173): Slow operation: 184ms so far, now at startProcess: building log message
06-01 13:26:38.498 I/ActivityManager( 2173): Start proc 2594:com.android.phone/1001 for added application com.android.phone
06-01 13:26:38.498 W/ActivityManager( 2173): Slow operation: 185ms so far, now at startProcess: starting to update pids map
06-01 13:26:38.498 W/ActivityManager( 2173): Slow operation: 185ms so far, now at startProcess: done updating pids map
06-01 13:26:38.567 W/art     ( 2594): Unexpected CPU variant for X86 using defaults: x86_64
06-01 13:26:38.603 I/ActivityManager( 2173): START u0 {act=android.intent.action.MAIN cat=[android.intent.category.HOME] flg=0x10000100 cmp=com.android.settings/.FallbackHome} from uid 0 on display 0
06-01 13:26:38.642 W/System  ( 2173): ClassLoader referenced unknown path: 
06-01 13:26:38.643 W/System  ( 2173): ClassLoader referenced unknown path: /system/priv-app/Settings/lib/x86_64
06-01 13:26:38.751 D/ApplicationLoaders( 2173): ignored Vulkan layer search path /system/priv-app/Settings/lib/x86_64:/system/priv-app/Settings/Settings.apk!/lib/x86_64:/system/lib64:/vendor/lib64 for namespace 0x78b94b7f2160
06-01 13:26:38.793 I/ActivityManager( 2173): Loaded persisted task ids for user 0
06-01 13:26:39.096 W/ActivityManager( 2173): Slow operation: 103ms so far, now at startProcess: returned from zygote!
06-01 13:26:39.097 W/ActivityManager( 2173): Slow operation: 104ms so far, now at startProcess: done updating battery stats
06-01 13:26:39.097 W/ActivityManager( 2173): Slow operation: 104ms so far, now at startProcess: building log message
06-01 13:26:39.097 I/ActivityManager( 2173): Start proc 2608:com.android.settings/1000 for activity com.android.settings/.FallbackHome
06-01 13:26:39.097 W/ActivityManager( 2173): Slow operation: 104ms so far, now at startProcess: starting to update pids map
06-01 13:26:39.097 W/ActivityManager( 2173): Slow operation: 104ms so far, now at startProcess: done updating pids map
06-01 13:26:39.097 W/ActivityManager( 2173): Slow operation: 104ms so far, now at startProcess: done starting proc!
06-01 13:26:39.129 W/art     ( 2608): Unexpected CPU variant for X86 using defaults: x86_64
06-01 13:26:39.178 I/SystemServer( 2173): Enabled StrictMode for system server main thread.
06-01 13:26:39.191 W/art     ( 2173): Long monitor contention with owner main (2173) at void com.android.server.am.ActivityManagerService.systemReady(java.lang.Runnable)(ActivityManagerService.java:13368) waiters=1 in void com.android.server.am.ActivityManagerService$LocalService.notifyDockedStackMinimizedChanged(boolean) for 800ms
06-01 13:26:39.193 W/art     ( 2173): Long monitor contention with owner main (2173) at void com.android.server.am.ActivityManagerService.systemReady(java.lang.Runnable)(ActivityManagerService.java:13368) waiters=2 in java.lang.String com.android.server.am.ActivityManagerService.checkContentProviderAccess(java.lang.String, int) for 770ms
06-01 13:26:39.217 W/art     ( 2173): Long monitor contention with owner main (2173) at void com.android.server.am.ActivityManagerService.systemReady(java.lang.Runnable)(ActivityManagerService.java:13368) waiters=0 in void com.android.server.am.ActivityManagerService.dispatchUidsChanged() for 904ms
06-01 13:26:39.317 I/SoftMPEG4Encoder( 1330): Construct SoftMPEG4Encoder
06-01 13:26:39.461 W/art     ( 2173): Long monitor contention with owner Binder:2173_4 (2429) at void com.android.server.am.ActivityManagerService.attachApplication(android.app.IApplicationThread)(ActivityManagerService.java:6669) waiters=1 in android.content.pm.UserInfo com.android.server.am.UserController.getCurrentUser() for 241ms
06-01 13:26:39.462 W/art     ( 2173): Long monitor contention with owner Binder:2173_4 (2429) at void com.android.server.am.ActivityManagerService.attachApplication(android.app.IApplicationThread)(ActivityManagerService.java:6669) waiters=2 in android.content.Intent com.android.server.am.ActivityManagerService.registerReceiver(android.app.IApplicationThread, java.lang.String, android.content.IIntentReceiver, android.content.IntentFilter, java.lang.String, int) for 201ms
06-01 13:26:39.463 W/art     ( 2173): Long monitor contention with owner Binder:2173_4 (2429) at void com.android.server.am.ActivityManagerService.attachApplication(android.app.IApplicationThread)(ActivityManagerService.java:6669) waiters=4 in android.content.Intent com.android.server.am.ActivityManagerService.registerReceiver(android.app.IApplicationThread, java.lang.String, android.content.IIntentReceiver, android.content.IntentFilter, java.lang.String, int) for 169ms
06-01 13:26:39.468 D/ConditionProviders.SCP( 2173): onConnected
06-01 13:26:39.493 D/ZenLog  ( 2173): set_zen_mode: off,readXml
06-01 13:26:39.538 D/ConditionProviders( 2173): Subscribing to condition://android/schedule?days=1.2.3.4.5&start=22.0&end=7.0&exitAtAlarm=false with ComponentInfo{android/com.android.server.notification.ScheduleConditionProvider}
06-01 13:26:39.539 D/ZenLog  ( 2173): subscribe: condition://android/schedule?days=1.2.3.4.5&start=22.0&end=7.0&exitAtAlarm=false,ok
06-01 13:26:39.642 W/ACodec  ( 1333): do not know color format 0x7f000789 = 2130708361
06-01 13:26:39.643 E/OMXNodeInstance( 1330): getConfig(5320015:google.h263.encoder, ConfigAndroidIntraRefresh(0x6f60000a)) ERROR: Undefined(0x80001001)
06-01 13:26:39.650 D/ConditionProviders( 2173): Subscribing to condition://android/schedule?days=6.7&start=23.30&end=10.0&exitAtAlarm=false with ComponentInfo{android/com.android.server.notification.ScheduleConditionProvider}
06-01 13:26:39.650 D/ZenLog  ( 2173): subscribe: condition://android/schedule?days=6.7&start=23.30&end=10.0&exitAtAlarm=false,ok
06-01 13:26:39.685 I/MediaPlayerService( 1333): MediaPlayerService::getOMX
06-01 13:26:39.693 D/ConditionProviders( 2173): Subscribing to condition://android/event?userId=-10000&calendar=&reply=1 with ComponentInfo{android/com.android.server.notification.EventConditionProvider}
06-01 13:26:39.693 D/ZenLog  ( 2173): subscribe: condition://android/event?userId=-10000&calendar=&reply=1,ok
06-01 13:26:39.702 I/OMXClient( 1333): MuxOMX ctor
06-01 13:26:39.702 I/OMXMaster( 1330): makeComponentInstance(OMX.google.h264.encoder) in mediacodec process
06-01 13:26:39.743 D/PermissionCache( 1320): checking android.permission.READ_FRAME_BUFFER for uid=1000 => granted (23338 us)
06-01 13:26:39.881 D/gralloc ( 1320): Registering a buffer in the process that created it. This may cause memory ordering problems.
06-01 13:26:39.882 E/libEGL  ( 1320): called unimplemented OpenGL ES API
06-01 13:26:39.882 E/SurfaceFlinger( 1320): glCheckFramebufferStatusOES error 849431484
06-01 13:26:39.882 E/SurfaceFlinger( 1320): got GL_FRAMEBUFFER_COMPLETE_OES error while taking screenshot
06-01 13:26:39.984 W/art     ( 2173): Long monitor contention with owner Binder:2173_4 (2429) at void com.android.server.wm.WindowManagerService.startAppFreezingScreen(android.os.IBinder, int)(WindowManagerService.java:4812) waiters=0 in void com.android.server.wm.WindowAnimator$1.doFrame(long) for 353ms
06-01 13:26:39.994 W/System  ( 2594): ClassLoader referenced unknown path: /system/priv-app/TeleService/lib/x86_64
06-01 13:26:40.445 W/System  ( 2608): ClassLoader referenced unknown path: /system/priv-app/Settings/lib/x86_64
06-01 13:26:40.530 W/art     ( 2173): Long monitor contention with owner Binder:2173_4 (2429) at void com.android.server.am.ActivityManagerService.attachApplication(android.app.IApplicationThread)(ActivityManagerService.java:6669) waiters=1 in android.content.Intent com.android.server.am.ActivityManagerService.registerReceiver(android.app.IApplicationThread, java.lang.String, android.content.IIntentReceiver, android.content.IntentFilter, java.lang.String, int) for 753ms
06-01 13:26:40.531 W/art     ( 2173): Long monitor contention with owner Binder:2173_4 (2429) at void com.android.server.am.ActivityManagerService.attachApplication(android.app.IApplicationThread)(ActivityManagerService.java:6669) waiters=2 in int com.android.server.am.ActivityManagerService.getMemoryTrimLevel() for 634ms
06-01 13:26:40.533 W/art     ( 2173): Long monitor contention with owner Binder:2173_4 (2429) at void com.android.server.am.ActivityManagerService.attachApplication(android.app.IApplicationThread)(ActivityManagerService.java:6669) waiters=3 in void com.android.server.am.ActivityManagerService$LocalService.notifyAppTransitionCancelled() for 546ms
06-01 13:26:40.538 D/RttService( 2173): SCAN_AVAILABLE : 1
06-01 13:26:40.541 I/WifiScanningService( 2173): wifi driver unloaded
06-01 13:26:40.546 D/ZenLog  ( 2173): set_zen_mode: off,cleanUpZenRules
06-01 13:26:40.612 D/RttService( 2173): DefaultState got{ when=-1ms what=160513 target=com.android.internal.util.StateMachine$SmHandler }
06-01 13:26:40.709 W/ACodec  ( 1333): do not know color format 0x7f000789 = 2130708361
06-01 13:26:40.736 I/MediaPlayerService( 1333): MediaPlayerService::getOMX
06-01 13:26:40.737 I/OMXClient( 1333): MuxOMX ctor
06-01 13:26:40.738 I/OMXMaster( 1330): makeComponentInstance(OMX.google.mpeg4.encoder) in mediacodec process
06-01 13:26:40.828 D/StorageNotification( 2402): Notifying about private volume: VolumeInfo{private}:
06-01 13:26:40.828 D/StorageNotification( 2402):     type=PRIVATE diskId=null partGuid=null mountFlags=0 mountUserId=-1 
06-01 13:26:40.828 D/StorageNotification( 2402):     state=MOUNTED 
06-01 13:26:40.828 D/StorageNotification( 2402):     fsType=null fsUuid=null fsLabel=null 
06-01 13:26:40.828 D/StorageNotification( 2402):     path=/data internalPath=null 
06-01 13:26:40.873 D/StorageNotification( 2402): Notifying about public volume: VolumeInfo{public:253,48}:
06-01 13:26:40.873 D/StorageNotification( 2402):     type=PUBLIC diskId=disk:253,48 partGuid=null mountFlags=VISIBLE 
06-01 13:26:40.873 D/StorageNotification( 2402):     mountUserId=0 state=MOUNTED 
06-01 13:26:40.873 D/StorageNotification( 2402):     fsType=vfat fsUuid=1EFF-1C1B fsLabel=SDCARD 
06-01 13:26:40.873 D/StorageNotification( 2402):     path=/storage/1EFF-1C1B internalPath=/mnt/media_rw/1EFF-1C1B 
06-01 13:26:41.360 I/SoftMPEG4Encoder( 1330): Construct SoftMPEG4Encoder
06-01 13:26:41.406 W/ACodec  ( 1333): do not know color format 0x7f000789 = 2130708361
06-01 13:26:41.408 E/OMXNodeInstance( 1330): getConfig(5320017:google.mpeg4.encoder, ConfigAndroidIntraRefresh(0x6f60000a)) ERROR: Undefined(0x80001001)
06-01 13:26:41.448 I/MediaPlayerService( 1333): MediaPlayerService::getOMX
06-01 13:26:41.460 I/OMXClient( 1333): MuxOMX ctor
06-01 13:26:41.461 I/OMXMaster( 1330): makeComponentInstance(OMX.google.vp8.encoder) in mediacodec process
06-01 13:26:41.604 I/Choreographer( 2402): Skipped 205 frames!  The application may be doing too much work on its main thread.
06-01 13:26:42.131 W/ACodec  ( 1333): do not know color format 0x7f000789 = 2130708361
06-01 13:26:42.133 E/OMXNodeInstance( 1330): getConfig(5320018:google.vp8.encoder, ConfigAndroidIntraRefresh(0x6f60000a)) ERROR: Undefined(0x80001001)
06-01 13:26:42.165 I/MediaPlayerService( 1333): MediaPlayerService::getOMX
06-01 13:26:42.166 I/OMXClient( 1333): MuxOMX ctor
06-01 13:26:42.292 I/MediaPlayerService( 1333): MediaPlayerService::getOMX
06-01 13:26:42.294 I/OMXClient( 1333): MuxOMX ctor
06-01 13:26:42.294 W/MediaCodecList( 1333): unable to open media codecs configuration xml file: /data/misc/media/media_codecs_profiling_results.xml
06-01 13:26:42.308 I/MediaPlayerService( 1333): MediaPlayerService::getOMX
06-01 13:26:42.311 I/StatusBarManagerService( 2173): registerStatusBar bar=com.android.internal.statusbar.IStatusBar$Stub$Proxy@b328cc6
06-01 13:26:42.333 I/OMXClient( 2402): MuxOMX ctor
06-01 13:26:42.343 I/OMXMaster( 1330): makeComponentInstance(OMX.google.vorbis.decoder) in mediacodec process
06-01 13:26:42.424 W/System  ( 2173): ClassLoader referenced unknown path: /system/priv-app/Telecom/lib/x86_64
06-01 13:26:42.428 D/ApplicationLoaders( 2173): ignored Vulkan layer search path /system/priv-app/Telecom/lib/x86_64:/system/priv-app/Telecom/Telecom.apk!/lib/x86_64:/system/lib64:/vendor/lib64 for namespace 0x78b94b7f21d0
06-01 13:26:42.451 I/MediaPlayerService( 1333): MediaPlayerService::getOMX
06-01 13:26:42.470 I/OMXClient( 2173): MuxOMX ctor
06-01 13:26:42.484 W/System  ( 2594): ClassLoader referenced unknown path: /system/priv-app/TelephonyProvider/lib/x86_64
06-01 13:26:42.491 W/art     ( 2173): Long monitor contention with owner Binder:2173_4 (2429) at void com.android.server.am.ActivityManagerService.attachApplication(android.app.IApplicationThread)(ActivityManagerService.java:6669) waiters=0 in android.content.Intent com.android.server.am.ActivityManagerService.registerReceiver(android.app.IApplicationThread, java.lang.String, android.content.IIntentReceiver, android.content.IntentFilter, java.lang.String, int) for 2.838s
06-01 13:26:42.504 D/ApplicationLoaders( 2594): ignored Vulkan layer search path /system/priv-app/TelephonyProvider/lib/x86_64:/system/lib64:/vendor/lib64 for namespace 0x78b94b7e20f0
06-01 13:26:42.526 W/art     ( 2173): Long monitor contention with owner Binder:2173_5 (2451) at boolean android.os.MessageQueue.enqueueMessage(android.os.Message, long)(MessageQueue.java:541) waiters=0 in android.os.Message android.os.MessageQueue.next() for 817ms
06-01 13:26:42.529 W/WindowManager( 2173): App freeze timeout expired.
06-01 13:26:42.531 W/art     ( 2173): Long monitor contention with owner Binder:2173_5 (2451) at boolean android.os.MessageQueue.enqueueMessage(android.os.Message, long)(MessageQueue.java:541) waiters=0 in android.os.Message android.os.MessageQueue.next() for 811ms
06-01 13:26:42.534 W/WindowManager( 2173): Force clearing freeze: AppWindowToken{b613754 token=Token{e3d6366 ActivityRecord{da47fc1 u0 com.android.settings/.FallbackHome t1}}}
06-01 13:26:42.769 I/OMXMaster( 1330): makeComponentInstance(OMX.google.vorbis.decoder) in mediacodec process
06-01 13:26:43.796 E/BluetoothAdapter( 2173): Bluetooth binder is null
06-01 13:26:44.061 I/Telecom ( 2173): SystemStateProvider: Registering car mode receiver: android.content.IntentFilter@86cb24d: TS.init@AAA
06-01 13:26:44.178 I/WindowManager( 2173): Screen frozen for +4s551ms due to Window{2bb2ccc u0 KeyguardScrim}
06-01 13:26:44.773 I/Telecom ( 2173): Telecom: Non-call EVENT: AUDIO_ROUTE, Entering state QuiescentEarpieceRoute
06-01 13:26:44.825 I/Telecom ( 2173): CallAudioModeStateMachine: Message received: null.: TS.init->CAMSM.pM_1@AAA_0
06-01 13:26:44.945 E/BluetoothAdapter( 2173): Bluetooth binder is null
06-01 13:26:44.960 E/ActivityThread( 2173): Failed to find provider info for call_log
06-01 13:26:44.995 D/TelephonyProvider( 2594): dbh.onOpen: ok, queried table=siminfo
06-01 13:26:44.997 D/TelephonyProvider( 2594): dbh.onOpen: ok, queried table=carriers
06-01 13:26:45.226 D/gralloc_ranchu( 2608): Emulator without host-side GPU emulation detected. Loading gralloc.default.so from /vendor/lib64/hw/gralloc.goldfish.default.so...
06-01 13:26:45.260 D/gralloc_ranchu( 2608): gralloc.default.so not found in /vendor. Trying /system/lib64/hw/gralloc.goldfish.default.so...
06-01 13:26:45.339 I/Telecom ( 2173): Class: TelecomSystem.INSTANCE being set
06-01 13:26:45.384 E/BluetoothAdapter( 2173): Bluetooth binder is null
06-01 13:26:45.474 V/KeyguardServiceDelegate( 2173): *** Keyguard started
06-01 13:26:45.599 I/ActivityManager( 2173): Displayed com.android.settings/.FallbackHome: +6s606ms
06-01 13:26:45.624 W/ContextImpl( 2173): Calling a method in the system process without a qualified user: android.app.ContextImpl.startService:1357 com.android.server.content.SyncManager$13.run:658 android.os.Handler.handleCallback:751 android.os.Handler.dispatchMessage:95 android.os.Looper.loop:154 
06-01 13:26:45.746 I/MediaPlayerService( 1333): MediaPlayerService::getOMX
06-01 13:26:45.823 W/KeyguardServiceDelegate( 2173): onScreenTurningOn(): no keyguard service!
06-01 13:26:45.892 I/OMXClient( 2402): MuxOMX ctor
06-01 13:26:45.987 I/OMXMaster( 1330): makeComponentInstance(OMX.google.vorbis.decoder) in mediacodec process
06-01 13:26:46.465 W/System  ( 2173): ClassLoader referenced unknown path: /system/priv-app/FusedLocation/lib/x86_64
06-01 13:26:46.509 D/ApplicationLoaders( 2173): ignored Vulkan layer search path /system/priv-app/FusedLocation/lib/x86_64:/system/priv-app/FusedLocation/FusedLocation.apk!/lib/x86_64:/system/lib64:/vendor/lib64 for namespace 0x78b94b7f2240
06-01 13:26:46.571 I/art     ( 2173): Starting a blocking GC Explicit
06-01 13:26:46.788 W/WindowManager( 2173): Keyguard drawn timeout. Setting mKeyguardDrawComplete
06-01 13:26:47.092 W/art     ( 2173): Verification of com.android.location.fused.FusionEngine com.android.location.fused.FusedLocationProvider.-get0(com.android.location.fused.FusedLocationProvider) took 353.787ms
06-01 13:26:47.616 D/GpsNetInitiatedHandler( 2173): location enabled :true
06-01 13:26:47.617 V/WiredAccessoryManager( 2173): notifyWiredAccessoryChanged: when=0 bits= mask=54
06-01 13:26:47.618 V/WiredAccessoryManager( 2173): newName=h2w newState=0 headsetState=0 prev headsetState=0
06-01 13:26:47.618 E/WiredAccessoryManager( 2173): No state change.
06-01 13:26:47.618 V/WiredAccessoryManager( 2173): init()
06-01 13:26:47.644 I/MediaPlayerService( 1333): MediaPlayerService::getOMX
06-01 13:26:47.646 I/OMXClient( 2402): MuxOMX ctor
06-01 13:26:47.654 I/OMXMaster( 1330): makeComponentInstance(OMX.google.vorbis.decoder) in mediacodec process
06-01 13:26:48.929 D/AccessibilityManagerService( 2173): Ignoring non-encryption-aware service ComponentInfo{com.example.android.apis/com.example.android.apis.accessibility.ClockBackService}
06-01 13:26:49.170 D/AccessibilityManagerService( 2173): Ignoring non-encryption-aware service ComponentInfo{com.example.android.apis/com.example.android.apis.accessibility.MagnificationService}
06-01 13:26:49.171 D/AccessibilityManagerService( 2173): Ignoring non-encryption-aware service ComponentInfo{com.example.android.apis/com.example.android.apis.accessibility.TaskBackService}
06-01 13:26:49.430 W/art     ( 2173): Long monitor contention with owner main (2173) at int com.android.server.am.ActivityManagerService.broadcastIntent(android.app.IApplicationThread, android.content.Intent, java.lang.String, android.content.IIntentReceiver, int, java.lang.String, android.os.Bundle, java.lang.String[], int, android.os.Bundle, boolean, boolean, int)(ActivityManagerService.java:18551) waiters=0 in android.content.pm.UserInfo com.android.server.am.UserController.getCurrentUser() for 199ms
06-01 13:26:50.096 W/VibratorService( 2173): Tried to stop vibrating but there is no vibrator device.
06-01 13:26:50.218 D/ConditionProviders.SCP( 2173): onSubscribe condition://android/schedule?days=1.2.3.4.5&start=22.0&end=7.0&exitAtAlarm=false
06-01 13:26:50.305 D/ConditionProviders.SCP( 2173): setRegistered true
06-01 13:26:50.308 D/ConditionProviders.SCP( 2173): notifyCondition condition://android/schedule?days=1.2.3.4.5&start=22.0&end=7.0&exitAtAlarm=false STATE_FALSE reason=!meetsSchedule
06-01 13:26:50.328 D/ConditionProviders.SCP( 2173): Scheduling evaluate for Tue Jun 01 22:00:00 UTC 2021 (1622584800000), in +8h33m9s694ms, now=Tue Jun 01 13:26:50 UTC 2021 (1622554010306)
06-01 13:26:50.383 D/ConditionProviders.SCP( 2173): onSubscribe condition://android/schedule?days=6.7&start=23.30&end=10.0&exitAtAlarm=false
06-01 13:26:50.386 D/ConditionProviders.SCP( 2173): notifyCondition condition://android/schedule?days=6.7&start=23.30&end=10.0&exitAtAlarm=false STATE_FALSE reason=!meetsSchedule
06-01 13:26:50.387 D/ConditionProviders.SCP( 2173): notifyCondition condition://android/schedule?days=1.2.3.4.5&start=22.0&end=7.0&exitAtAlarm=false STATE_FALSE reason=!meetsSchedule
06-01 13:26:50.468 D/ConditionProviders.SCP( 2173): Scheduling evaluate for Tue Jun 01 22:00:00 UTC 2021 (1622584800000), in +8h33m9s615ms, now=Tue Jun 01 13:26:50 UTC 2021 (1622554010385)
06-01 13:26:51.184 I/Telecom ( 2173): WiredHeadsetManager: ACTION_HEADSET_PLUG event, plugged in: false, : WHC.oADA@AAE
06-01 13:26:51.247 I/ActivityManager( 2173): user 0 is still locked. Cannot load recents
06-01 13:26:52.231 W/ActivityManager( 2173): Slow operation: 131ms so far, now at startProcess: done creating new process record
06-01 13:26:52.231 W/ActivityManager( 2173): Slow operation: 132ms so far, now at startProcess: stepping in to startProcess
06-01 13:26:52.574 W/ActivityManager( 2173): Slow operation: 343ms so far, now at startProcess: returned from zygote!
06-01 13:26:52.575 W/ActivityManager( 2173): Slow operation: 344ms so far, now at startProcess: done updating battery stats
06-01 13:26:52.575 W/ActivityManager( 2173): Slow operation: 344ms so far, now at startProcess: building log message
06-01 13:26:52.576 I/ActivityManager( 2173): Start proc 2707:com.android.cellbroadcastreceiver/u0a4 for broadcast com.android.cellbroadcastreceiver/.CellBroadcastReceiver
06-01 13:26:52.576 W/ActivityManager( 2173): Slow operation: 345ms so far, now at startProcess: starting to update pids map
06-01 13:26:52.576 W/ActivityManager( 2173): Slow operation: 345ms so far, now at startProcess: done updating pids map
06-01 13:26:52.576 W/ActivityManager( 2173): Slow operation: 477ms so far, now at startProcess: done starting proc!
06-01 13:26:52.879 W/art     ( 2707): Unexpected CPU variant for X86 using defaults: x86_64
06-01 13:26:53.027 W/art     ( 2173): Suspending all threads took: 219.429ms
06-01 13:26:53.371 I/art     ( 2173): Explicit concurrent mark sweep GC freed 31569(2MB) AllocSpace objects, 19(4MB) LOS objects, 30% free, 9MB/13MB, paused 266.522ms total 6.767s
06-01 13:26:53.414 W/WindowManager( 2173): Timeout waiting for drawn: undrawn=[Window{2bb2ccc u0 KeyguardScrim}]
06-01 13:26:53.418 W/WindowManager( 2173): Window freeze timeout expired.
06-01 13:26:53.419 W/WindowManager( 2173): Force clearing orientation change: Window{2bb2ccc u0 KeyguardScrim}
06-01 13:26:55.046 W/art     ( 2402): Suspending all threads took: 10.369ms
06-01 13:26:55.251 I/art     ( 2402): Background sticky concurrent mark sweep GC freed 18278(2MB) AllocSpace objects, 2(40KB) LOS objects, 30% free, 6MB/10MB, paused 11.935ms total 1.025s
06-01 13:26:56.589 W/SystemConfig( 2594): No directory /system/etc/sysconfig, skipping
06-01 13:26:57.049 D/PhoneSwitcherNetworkRequstListener( 2594): Registering NetworkFactory
06-01 13:26:57.852 D/ConnectivityService( 2173): Got NetworkFactory Messenger for PhoneSwitcherNetworkRequstListener
06-01 13:26:58.429 I/GnssLocationProvider( 2173): WakeLock released by handleMessage(13, 0, null)
06-01 13:26:58.484 D/ConnectivityService( 2173): Got NetworkFactory Messenger for TelephonyNetworkFactory[0]
06-01 13:26:58.922 W/art     ( 2173): Long monitor contention with owner Binder:2173_3 (2196) at android.content.ComponentName com.android.server.am.ActivityManagerService.startService(android.app.IApplicationThread, android.content.Intent, java.lang.String, java.lang.String, int)(ActivityManagerService.java:17161) waiters=0 in java.lang.String com.android.server.am.ActivityManagerService.checkContentProviderAccess(java.lang.String, int) for 502ms
06-01 13:26:59.304 D/CarrierConfigLoader( 2594): CarrierConfigLoader has started
06-01 13:26:59.451 E/BluetoothAdapter( 2594): Bluetooth binder is null
06-01 13:26:59.684 E/GnssLocationProvider( 2173): no AGPS interface in set_agps_server
06-01 13:26:59.686 I/GnssLocationProvider( 2173): WakeLock released by handleMessage(2, 1, null)
06-01 13:26:59.873 W/System  ( 2402): ClassLoader referenced unknown path: 
06-01 13:26:59.874 W/System  ( 2402): ClassLoader referenced unknown path: /system/priv-app/Dialer/lib/x86_64
06-01 13:26:59.878 D/ApplicationLoaders( 2402): ignored Vulkan layer search path /system/priv-app/Dialer/lib/x86_64:/system/lib64:/vendor/lib64 for namespace 0x78b94b7e20f0
06-01 13:27:00.337 I/SyncManager( 2173): Got SyncJobService instance.
06-01 13:27:00.368 I/FusedLocation( 2173): engine started (com.android.location.fused)
06-01 13:27:00.655 I/Telephony( 2594): TtyManager: updateUiTtyMode -1 -> 0
06-01 13:27:01.179 E/BluetoothAdapter( 2402): Bluetooth binder is null
06-01 13:27:01.334 D/AlarmManagerService( 2173): Kernel timezone updated to 0 minutes west of GMT
06-01 13:27:01.475 D/AlarmManagerService( 2173): Setting time of day to sec=1622554021
06-01 13:27:01.864 W/AlarmManagerService( 2173): Unable to set rtc to 1622554021: No such device
06-01 13:27:01.965 D/ConditionProviders.SCP( 2173): onReceive android.intent.action.TIME_SET
06-01 13:27:01.986 D/ConditionProviders.SCP( 2173): notifyCondition condition://android/schedule?days=6.7&start=23.30&end=10.0&exitAtAlarm=false STATE_FALSE reason=!meetsSchedule
06-01 13:27:01.998 D/ConditionProviders.SCP( 2173): notifyCondition condition://android/schedule?days=1.2.3.4.5&start=22.0&end=7.0&exitAtAlarm=false STATE_FALSE reason=!meetsSchedule
06-01 13:27:02.000 D/ConditionProviders.SCP( 2173): Scheduling evaluate for Tue Jun 01 22:00:00 UTC 2021 (1622584800000), in +8h32m58s35ms, now=Tue Jun 01 13:27:01 UTC 2021 (1622554021965)
06-01 13:27:02.206 I/CameraManagerGlobal( 2402): Connecting to camera service
06-01 13:27:02.402 V/EmulatedCamera_Camera( 1326): getCameraInfo
06-01 13:27:02.403 V/EmulatedCamera_BaseCamera( 1326): getCameraInfo
06-01 13:27:02.404 I/CameraService( 1326): getCameraCharacteristics: Switching to HAL1 shim implementation...
06-01 13:27:02.404 V/EmulatedCamera_Camera( 1326): getCameraInfo
06-01 13:27:02.404 V/EmulatedCamera_BaseCamera( 1326): getCameraInfo
06-01 13:27:02.411 I/CameraService( 1326): CameraService::connect call (PID -1 "cameraserver", camera ID 0) for HAL version default and Camera API version 1
06-01 13:27:02.554 E/CameraService( 1326): getCameraPriorityFromProcState: Received invalid process state -1 from ActivityManagerService!
06-01 13:27:02.555 V/EmulatedCamera_Camera( 1326): getCameraInfo
06-01 13:27:02.555 V/EmulatedCamera_BaseCamera( 1326): getCameraInfo
06-01 13:27:02.984 E/WVMExtractor( 1333): Failed to open libwvm.so: dlopen failed: library "libwvm.so" not found
06-01 13:27:03.532 D/NuPlayerDriver( 1333): notifyListener_l(0xe9628cc0), (1, 0, 0), loop setting(0, 0)
06-01 13:27:05.113 D/NuPlayerDriver( 1333): notifyListener_l(0xe9628d20), (1, 0, 0), loop setting(0, 0)
06-01 13:27:05.440 D/TelephonyDebugService( 2594): TelephonyDebugService()
06-01 13:27:05.562 D/NuPlayerDriver( 1333): notifyListener_l(0xe9628d80), (1, 0, 0), loop setting(0, 0)
06-01 13:27:05.633 D/PhoneSwitcherNetworkRequstListener( 2594): got request NetworkRequest [ REQUEST id=1, [ Capabilities: INTERNET&NOT_RESTRICTED&TRUSTED&NOT_VPN] ] with score 0
06-01 13:27:05.642 D/CarrierConfigLoader( 2594): mHandler: 12 phoneId: 0
06-01 13:27:05.827 W/ActivityManager( 2173): Timeout executing service: ServiceRecord{5c0d84b u0 com.android.systemui/.keyguard.KeyguardService}
06-01 13:27:05.862 I/CameraFlashlight( 1326): Opening camera 0
06-01 13:27:05.863 V/EmulatedCamera_Camera( 1326): getCameraInfo
06-01 13:27:05.863 V/EmulatedCamera_BaseCamera( 1326): getCameraInfo
06-01 13:27:05.863 V/EmulatedCamera_Camera( 1326): connectCamera
06-01 13:27:05.863 V/EmulatedCamera_FakeDevice( 1326): connectDevice
06-01 13:27:05.864 V/EmulatedCamera_CallbackNotifier( 1326): setCallbacks: 0xe801ae80, 0xe801aed0, 0xe801aff0, 0xe801b110 (0xe799d1e0)
06-01 13:27:05.864 V/EmulatedCamera_CallbackNotifier( 1326): enableMessage: msg_type = 0xc0d
06-01 13:27:05.864 V/EmulatedCamera_CallbackNotifier( 1326):     CAMERA_MSG_ERROR
06-01 13:27:05.864 V/EmulatedCamera_CallbackNotifier( 1326):     CAMERA_MSG_FOCUS
06-01 13:27:05.864 V/EmulatedCamera_CallbackNotifier( 1326):     CAMERA_MSG_ZOOM
06-01 13:27:05.864 V/EmulatedCamera_CallbackNotifier( 1326):     CAMERA_MSG_PREVIEW_METADATA
06-01 13:27:05.864 V/EmulatedCamera_CallbackNotifier( 1326): **** Currently enabled messages:
06-01 13:27:05.864 V/EmulatedCamera_CallbackNotifier( 1326):     CAMERA_MSG_ERROR
06-01 13:27:05.864 V/EmulatedCamera_CallbackNotifier( 1326):     CAMERA_MSG_FOCUS
06-01 13:27:05.864 V/EmulatedCamera_CallbackNotifier( 1326):     CAMERA_MSG_ZOOM
06-01 13:27:05.865 V/EmulatedCamera_CallbackNotifier( 1326):     CAMERA_MSG_PREVIEW_METADATA
06-01 13:27:06.014 V/EmulatedCamera_CallbackNotifier( 1326): disableMessage: msg_type = 0xffff
06-01 13:27:06.015 V/EmulatedCamera_CallbackNotifier( 1326):     CAMERA_MSG_ERROR
06-01 13:27:06.015 V/EmulatedCamera_CallbackNotifier( 1326):     CAMERA_MSG_SHUTTER
06-01 13:27:06.015 V/EmulatedCamera_CallbackNotifier( 1326):     CAMERA_MSG_FOCUS
06-01 13:27:06.015 V/EmulatedCamera_CallbackNotifier( 1326):     CAMERA_MSG_ZOOM
06-01 13:27:06.015 V/EmulatedCamera_CallbackNotifier( 1326):     CAMERA_MSG_PREVIEW_FRAME
06-01 13:27:06.015 V/EmulatedCamera_CallbackNotifier( 1326):     CAMERA_MSG_VIDEO_FRAME
06-01 13:27:06.015 V/EmulatedCamera_CallbackNotifier( 1326):     CAMERA_MSG_POSTVIEW_FRAME
06-01 13:27:06.015 V/EmulatedCamera_CallbackNotifier( 1326):     CAMERA_MSG_RAW_IMAGE
06-01 13:27:06.015 V/EmulatedCamera_CallbackNotifier( 1326):     CAMERA_MSG_COMPRESSED_IMAGE
06-01 13:27:06.015 V/EmulatedCamera_CallbackNotifier( 1326):     CAMERA_MSG_RAW_IMAGE_NOTIFY
06-01 13:27:06.015 V/EmulatedCamera_CallbackNotifier( 1326):     CAMERA_MSG_PREVIEW_METADATA
06-01 13:27:06.015 V/EmulatedCamera_CallbackNotifier( 1326): **** Currently enabled messages:
06-01 13:27:06.015 V/EmulatedCamera_Preview( 1326): setPreviewWindow: current: 0x0 -> new: 0x0
06-01 13:27:06.015 V/EmulatedCamera_Camera( 1326): doStopPreview
06-01 13:27:06.038 V/EmulatedCamera_Camera( 1326): cancelPicture
06-01 13:27:06.038 V/EmulatedCamera_Camera( 1326): releaseCamera
06-01 13:27:06.038 V/EmulatedCamera_Camera( 1326): doStopPreview
06-01 13:27:06.038 V/EmulatedCamera_FakeDevice( 1326): disconnectDevice
06-01 13:27:06.039 W/EmulatedCamera_Device( 1326): Initialize: Emulated camera device is already initialized: mState = 1
06-01 13:27:06.039 D/EmulatedCamera_FakeCamera( 1326): Initialize: Fake camera is facing back
06-01 13:27:06.040 V/EmulatedCamera_Device( 1326): initializeWhiteBalanceModes with auto, 1.000000, 1.000000
06-01 13:27:06.041 V/EmulatedCamera_Device( 1326): initializeWhiteBalanceModes with incandescent, 1.380000, 0.600000
06-01 13:27:06.041 V/EmulatedCamera_Device( 1326): initializeWhiteBalanceModes with daylight, 1.090000, 0.920000
06-01 13:27:06.041 V/EmulatedCamera_Device( 1326): initializeWhiteBalanceModes with twilight, 0.920000, 1.220000
06-01 13:27:06.041 V/EmulatedCamera_Device( 1326): setWhiteBalanceMode with white balance auto
06-01 13:27:06.042 I/CameraFlashlight( 1326): Destroying camera 0
06-01 13:27:06.042 V/EmulatedCamera_Camera( 1326): closeCamera
06-01 13:27:06.042 V/EmulatedCamera_Camera( 1326): doStopPreview
06-01 13:27:06.042 W/EmulatedCamera_Device( 1326): Initialize: Emulated camera device is already initialized: mState = 1
06-01 13:27:06.042 D/EmulatedCamera_FakeCamera( 1326): Initialize: Fake camera is facing back
06-01 13:27:06.042 V/EmulatedCamera_Device( 1326): initializeWhiteBalanceModes with auto, 1.000000, 1.000000
06-01 13:27:06.042 V/EmulatedCamera_Device( 1326): initializeWhiteBalanceModes with incandescent, 1.380000, 0.600000
06-01 13:27:06.042 V/EmulatedCamera_Device( 1326): initializeWhiteBalanceModes with daylight, 1.090000, 0.920000
06-01 13:27:06.042 V/EmulatedCamera_Device( 1326): initializeWhiteBalanceModes with twilight, 0.920000, 1.220000
06-01 13:27:06.042 V/EmulatedCamera_Device( 1326): setWhiteBalanceMode with white balance auto
06-01 13:27:06.062 I/Process ( 2173): Sending signal. PID: 2402 SIG: 3
06-01 13:27:06.069 I/art     ( 2402): Thread[3,tid=2416,WaitingInMainSignalCatcherLoop,Thread*=0x78b946e96400,peer=0x12c005e0,"Signal Catcher"]: reacting to signal 3
06-01 13:27:06.069 I/art     ( 2402): 
06-01 13:27:06.099 I/CameraService( 1326): disconnect: Disconnected client for camera 0 for PID 1326
06-01 13:27:06.101 D/NuPlayerDriver( 1333): reset(0xe9628cc0) at state 4
06-01 13:27:06.101 D/NuPlayerDriver( 1333): notifyListener_l(0xe9628cc0), (8, 0, 0), loop setting(0, 0)
06-01 13:27:06.103 D/NuPlayerDriver( 1333): notifyResetComplete(0xe9628cc0)
06-01 13:27:06.330 D/NuPlayerDriver( 1333): reset(0xe9628d20) at state 4
06-01 13:27:06.330 D/NuPlayerDriver( 1333): notifyListener_l(0xe9628d20), (8, 0, 0), loop setting(0, 0)
06-01 13:27:06.349 D/NuPlayerDriver( 1333): notifyResetComplete(0xe9628d20)
06-01 13:27:06.414 D/NuPlayerDriver( 1333): reset(0xe9628d80) at state 4
06-01 13:27:06.414 D/NuPlayerDriver( 1333): notifyListener_l(0xe9628d80), (8, 0, 0), loop setting(0, 0)
06-01 13:27:06.414 D/NuPlayerDriver( 1333): notifyResetComplete(0xe9628d80)
06-01 13:27:06.608 V/EmulatedCamera_Camera( 1326): getCameraInfo
06-01 13:27:06.608 V/EmulatedCamera_BaseCamera( 1326): getCameraInfo
06-01 13:27:06.611 V/EmulatedCamera_Camera( 1326): getCameraInfo
06-01 13:27:06.611 V/EmulatedCamera_BaseCamera( 1326): getCameraInfo
06-01 13:27:07.475 W/ProcessCpuTracker( 2173): Skipping unknown process pid 2750
06-01 13:27:07.637 I/StatusBar( 2402): isKeyguardShowing() called before startKeyguard(), returning true
06-01 13:27:07.643 W/StatusBar( 2402): isKeyguardSecure() called before startKeyguard(), returning false
06-01 13:27:07.643 W/StatusBar( 2402): java.lang.Throwable
06-01 13:27:07.643 W/StatusBar( 2402): 	at com.android.systemui.statusbar.BaseStatusBar.isKeyguardSecure(BaseStatusBar.java:2647)
