--------- beginning of main
06-01 13:23:46.950 W/auditd  ( 1267): type=2000 audit(0.0:1): initialized
06-01 13:23:49.790 I/auditd  ( 1267): type=1403 audit(0.0:2): policy loaded auid=4294967295 ses=4294967295
06-01 13:23:49.800 W/auditd  ( 1267): type=1404 audit(0.0:3): enforcing=1 old_enforcing=0 auid=4294967295 ses=4294967295
06-01 13:23:56.290 W/init    (    1): type=1400 audit(0.0:4): avc: denied { write } for name="tracing_on" dev="debugfs" ino=17 scontext=u:r:init:s0 tcontext=u:object_r:debugfs:s0 tclass=file permissive=0
06-01 13:23:58.424 I/        ( 1269): debuggerd: starting
--------- beginning of system
06-01 13:23:58.869 I/vold    ( 1270): Vold 3.0 (the awakening) firing up
06-01 13:23:58.872 V/vold    ( 1270): Detected support for: ext4 vfat
06-01 13:23:59.184 D/vold    ( 1270): Recognized experimental block major ID 253 as virtio-blk (emulator's virtual SD card device)
06-01 13:23:59.185 V/vold    ( 1270): /system/bin/sgdisk
06-01 13:23:59.185 V/vold    ( 1270):     --android-dump
06-01 13:23:59.185 V/vold    ( 1270):     /dev/block/vold/disk:253,48
06-01 13:23:59.252 D/vold    ( 1270): e4crypt_init_user0
06-01 13:23:59.253 D/vold    ( 1270): e4crypt_prepare_user_storage for volume null, user 0, serial 0, flags 1
06-01 13:23:59.253 D/vold    ( 1270): Preparing: /data/system/users/0
06-01 13:23:59.255 D/vold    ( 1270): Preparing: /data/misc/profiles/cur/0
06-01 13:23:59.257 D/vold    ( 1270): Preparing: /data/misc/profiles/cur/0/foreign-dex
06-01 13:23:59.257 D/vold    ( 1270): Preparing: /data/system_de/0
06-01 13:23:59.258 D/vold    ( 1270): Preparing: /data/misc_de/0
06-01 13:23:59.259 D/vold    ( 1270): Preparing: /data/user_de/0
06-01 13:23:59.261 D/vold    ( 1270): e4crypt_unlock_user_key 0 serial=0 token_present=0
06-01 13:23:59.269 I/vdc     (    1): 200 1271 Command succeeded
06-01 13:23:59.595 I//system/bin/tzdatacheck( 1312): tzdata file /data/misc/zoneinfo/current/tzdata does not exist. No action required.
06-01 13:23:59.688 V/vold    ( 1270): DISK mbr
06-01 13:23:59.688 V/vold    ( 1270): 
06-01 13:23:59.693 W/vold    ( 1270): disk:253,48 has unknown partition table; trying entire device
06-01 13:23:59.693 V/vold    ( 1270): /system/bin/blkid
06-01 13:23:59.694 V/vold    ( 1270):     -c
06-01 13:23:59.694 V/vold    ( 1270):     /dev/null
06-01 13:23:59.694 V/vold    ( 1270):     -s
06-01 13:23:59.694 V/vold    ( 1270):     TYPE
06-01 13:23:59.694 V/vold    ( 1270):     -s
06-01 13:23:59.694 V/vold    ( 1270):     UUID
06-01 13:23:59.694 V/vold    ( 1270):     -s
06-01 13:23:59.694 V/vold    ( 1270):     LABEL
06-01 13:23:59.694 V/vold    ( 1270):     /dev/block/vold/disk:253,48
06-01 13:24:00.240 W/mediadrmserver( 1331): type=1400 audit(0.0:5): avc: denied { getattr } for path="/vendor" dev="rootfs" ino=3999 scontext=u:r:mediadrmserver:s0 tcontext=u:object_r:rootfs:s0 tclass=lnk_file permissive=0
06-01 13:24:00.408 I/        ( 1268): debuggerd: starting
06-01 13:24:00.430 W/mediacodec( 1330): type=1400 audit(0.0:6): avc: denied { getattr } for path="/vendor" dev="rootfs" ino=3999 scontext=u:r:mediacodec:s0 tcontext=u:object_r:rootfs:s0 tclass=lnk_file permissive=0
06-01 13:24:00.450 W/cameraserver( 1326): type=1400 audit(0.0:7): avc: denied { getattr } for path="/vendor" dev="rootfs" ino=3999 scontext=u:r:cameraserver:s0 tcontext=u:object_r:rootfs:s0 tclass=lnk_file permissive=0
06-01 13:24:00.620 W/audioserver( 1325): type=1400 audit(0.0:8): avc: denied { getattr } for path="/vendor" dev="rootfs" ino=3999 scontext=u:r:audioserver:s0 tcontext=u:object_r:rootfs:s0 tclass=lnk_file permissive=0
06-01 13:24:00.748 I/qemu-props( 1317): connected to 'boot-properties' qemud service.
06-01 13:24:00.749 I/qemu-props( 1317): receiving..
06-01 13:24:00.749 I/qemu-props( 1317): received: qemu.cmdline=androidboot.logcat=v:* androidboot.consolepipe=qemu_pipe,pipe:logcat
06-01 13:24:00.844 V/vold    ( 1270): /dev/block/vold/disk:253,48: LABEL="SDCARD" UUID="1EFF-1C1B" TYPE="vfat" 
06-01 13:24:00.844 V/vold    ( 1270): 
06-01 13:24:00.854 I/qemu-props( 1317): receiving..
06-01 13:24:00.854 I/qemu-props( 1317): received: qemu.logcat=start
06-01 13:24:00.901 I/qemu-props( 1317): receiving..
06-01 13:24:00.901 I/qemu-props( 1317): received: ro.opengles.version=131072
06-01 13:24:00.903 I/qemu-props( 1317): receiving..
06-01 13:24:00.903 I/qemu-props( 1317): received: qemu.sf.fake_camera=back
06-01 13:24:00.904 I/qemu-props( 1317): receiving..
06-01 13:24:00.904 I/qemu-props( 1317): received: dalvik.vm.heapsize=256m
06-01 13:24:00.914 I/qemu-props( 1317): receiving..
06-01 13:24:00.914 I/qemu-props( 1317): received: qemu.hw.mainkeys=0
06-01 13:24:00.932 I/qemu-props( 1317): receiving..
06-01 13:24:00.932 I/qemu-props( 1317): received: qemu.sf.lcd_density=480
06-01 13:24:00.954 I/qemu-props( 1317): receiving..
06-01 13:24:00.954 I/qemu-props( 1317): received: qemu.timezone=Etc/UTC
06-01 13:24:01.006 I/qemu-props( 1317): receiving..
06-01 13:24:01.006 I/qemu-props( 1317): exiting (8 properties set).
06-01 13:24:01.784 I/fingerprintd( 1337): Starting fingerprintd
06-01 13:24:02.076 I/        ( 1328): installd firing up
06-01 13:24:02.168 I/lowmemorykiller( 1318): Using in-kernel low memory killer interface
06-01 13:24:02.963 I/perfprofd( 1341): starting Android Wide Profiling daemon
06-01 13:24:03.089 E/perfprofd( 1341): unable to open configuration file /data/data/com.google.android.gms/files/perfprofd.conf
06-01 13:24:03.405 I/perfprofd( 1341): random seed set to 3305487373
06-01 13:24:03.799 I/gatekeeperd( 1339): Starting gatekeeperd...
06-01 13:24:03.878 W/gatekeeperd( 1339): falling back to software GateKeeper
06-01 13:24:03.931 I/keystore( 1329): Found keymaster0 module Keymaster OpenSSL HAL, version 2
06-01 13:24:03.932 I/SoftKeymaster( 1329): system/keymaster/soft_keymaster_device.cpp, Line 131: Creating device
06-01 13:24:03.932 D/SoftKeymaster( 1329): system/keymaster/soft_keymaster_device.cpp, Line 132: Device address: 0x714a95c3d000
06-01 13:24:03.932 I/keystore( 1329): Keymaster0 module is software-only.  Using SoftKeymasterDevice instead.
06-01 13:24:03.932 I/SoftKeymaster( 1329): system/keymaster/soft_keymaster_device.cpp, Line 131: Creating device
06-01 13:24:03.932 D/SoftKeymaster( 1329): system/keymaster/soft_keymaster_device.cpp, Line 132: Device address: 0x714a95c3d400
06-01 13:24:04.536 I/Netd    ( 1334): Netd 1.0 starting
06-01 13:24:04.833 D/TetherController( 1334): Setting IP forward enable = 0
06-01 13:24:06.078 I/mediacodec( 1330): @@@ mediacodecservice starting
06-01 13:24:06.252 W/        ( 1330): No seccomp filter defined for this architecture.
06-01 13:24:06.268 I/cameraserver( 1326): ServiceManager: 0xe7e3c020
06-01 13:24:06.330 I/CameraService( 1326): CameraService started (pid=1326)
06-01 13:24:06.331 I/CameraService( 1326): CameraService process starting
06-01 13:24:06.334 W/BatteryNotifier( 1326): batterystats service unavailable!
06-01 13:24:06.361 W/BatteryNotifier( 1326): batterystats service unavailable!
06-01 13:24:06.893 D/EmulatedCamera_QemuClient( 1326): Emulated camera list: 
06-01 13:24:06.895 D/EmulatedCamera_FakeCamera( 1326): Initialize: Fake camera is facing back
06-01 13:24:06.898 V/EmulatedCamera_Device( 1326): initializeWhiteBalanceModes with auto, 1.000000, 1.000000
06-01 13:24:06.898 V/EmulatedCamera_Device( 1326): initializeWhiteBalanceModes with incandescent, 1.380000, 0.600000
06-01 13:24:06.898 V/EmulatedCamera_Device( 1326): initializeWhiteBalanceModes with daylight, 1.090000, 0.920000
06-01 13:24:06.898 V/EmulatedCamera_Device( 1326): initializeWhiteBalanceModes with twilight, 0.920000, 1.220000
06-01 13:24:06.898 V/EmulatedCamera_Device( 1326): setWhiteBalanceMode with white balance auto
06-01 13:24:06.899 E/EmulatedCamera_Factory( 1326): 1 cameras are being emulated. 0 of them are fake cameras.
06-01 13:24:06.949 I/        ( 1325): sMaxFastTracks = 8
06-01 13:24:06.953 I/SurfaceFlinger( 1320): SurfaceFlinger is starting
06-01 13:24:06.990 E/EmulatedCamera_HotplugThread( 1326): createFileIfNotExists: Could not create file '/data/misc/media/emulator.camera.hotplug.0', error: 'Permission denied' (13)
06-01 13:24:07.041 I/SurfaceFlinger( 1320): SurfaceFlinger's main thread ready to run. Initializing graphics H/W...
06-01 13:24:07.042 D/libEGL  ( 1320): Emulator without GPU support detected. Fallback to legacy software renderer, qemu.gles is set to 0.
06-01 13:24:07.083 I/CameraService( 1326): Loaded "Emulated Camera Module" camera module
06-01 13:24:07.084 E/CameraService( 1326): setUpVendorTags: Vendor tag operations not fully defined. Ignoring definitions.
06-01 13:24:07.084 V/EmulatedCamera_Camera( 1326): getCameraInfo
06-01 13:24:07.085 V/EmulatedCamera_BaseCamera( 1326): getCameraInfo
06-01 13:24:07.085 I/CameraFlashlight( 1326): Opening camera 0
06-01 13:24:07.085 V/EmulatedCamera_Camera( 1326): getCameraInfo
06-01 13:24:07.085 V/EmulatedCamera_BaseCamera( 1326): getCameraInfo
06-01 13:24:07.086 V/EmulatedCamera_Camera( 1326): connectCamera
06-01 13:24:07.086 V/EmulatedCamera_FakeDevice( 1326): connectDevice
06-01 13:24:07.086 V/EmulatedCamera_CallbackNotifier( 1326): setCallbacks: 0xe801ae80, 0xe801aed0, 0xe801aff0, 0xe801b110 (0xe7e43140)
06-01 13:24:07.183 I/ServiceManager( 1326): Waiting for service SurfaceFlinger...
06-01 13:24:07.203 I/audioserver( 1325): ServiceManager: 0xe91bc020
06-01 13:24:07.205 W/BatteryNotifier( 1325): batterystats service unavailable!
06-01 13:24:07.206 I/AudioFlinger( 1325): Using default 3000 mSec as standby time.
06-01 13:24:07.227 I/AudioPolicyService( 1325): AudioPolicyService CSTOR in new mode
06-01 13:24:07.257 D/libEGL  ( 1320): loaded /system/lib64/egl/libGLES_android.so
06-01 13:24:07.309 I/APM::ConfigParsingUtils( 1325): loadAudioPolicyConfig() loaded /system/etc/audio_policy.conf
06-01 13:24:07.385 I/mediaserver( 1331): ServiceManager: 0xeb13c0a0
06-01 13:24:07.466 D/audio_hw_generic( 1325): Emulator host-side ALSA audio emulation detected.
06-01 13:24:07.468 D/audio_hw_generic( 1325): mixer 0 name Master Playback Volume
06-01 13:24:07.468 D/audio_hw_generic( 1325): set ctl 0 to 100
06-01 13:24:07.469 D/audio_hw_generic( 1325): set ctl 1 to 100
06-01 13:24:07.469 D/audio_hw_generic( 1325): mixer 1 name Master Playback Switch
06-01 13:24:07.469 D/audio_hw_generic( 1325): set ctl 0 to 1
06-01 13:24:07.572 D/audio_hw_generic( 1325): set ctl 1 to 1
06-01 13:24:07.572 D/audio_hw_generic( 1325): mixer 2 name Capture Volume
06-01 13:24:07.572 D/audio_hw_generic( 1325): set ctl 0 to 100
06-01 13:24:07.572 D/audio_hw_generic( 1325): set ctl 1 to 100
06-01 13:24:07.572 D/audio_hw_generic( 1325): mixer 3 name Capture Switch
06-01 13:24:07.572 D/audio_hw_generic( 1325): set ctl 0 to 1
06-01 13:24:07.572 D/audio_hw_generic( 1325): set ctl 1 to 1
06-01 13:24:07.573 D/audio_hw_generic( 1325): mixer 4 name Line Phantom Jack
06-01 13:24:07.573 D/audio_hw_generic( 1325): mixer 5 name Line Out Phantom Jack
06-01 13:24:07.573 D/audio_hw_generic( 1325): mixer 6 name Playback Channel Map
06-01 13:24:07.573 D/audio_hw_generic( 1325): mixer 7 name Capture Channel Map
06-01 13:24:07.573 I/AudioFlinger( 1325): loadHwModule() Loaded primary audio interface from Generic audio HW HAL (audio) handle 10
06-01 13:24:07.574 I/AudioFlinger( 1325): openOutput(), module 10 Device 2, SamplingRate 48000, Format 0x000001, Channels 3, flags 2
06-01 13:24:07.593 I/AudioFlinger( 1325): HAL output buffer size 720 frames, normal sink buffer size 1152 frames
06-01 13:24:07.803 I/BufferProvider( 1325): found effect "Multichannel Downmix To Stereo" from The Android Open Source Project
06-01 13:24:07.807 I/AudioFlinger( 1325): Using module 10 has the primary audio interface
06-01 13:24:07.883 I/AudioFlinger( 1325): AudioFlinger's thread 0xe8c03a80 ready to run
06-01 13:24:07.885 W/BatteryNotifier( 1325): batterystats service unavailable!
06-01 13:24:07.887 W/BatteryNotifier( 1325): batterystats service unavailable!
06-01 13:24:07.951 W/BatteryNotifier( 1325): batterystats service unavailable!
06-01 13:24:07.954 W/AudioFlinger( 1325): no wake lock to update, system not ready yet
06-01 13:24:07.991 I/AudioFlinger( 1325): AudioFlinger's thread 0xe8703dc0 ready to run
06-01 13:24:08.011 W/BatteryNotifier( 1325): batterystats service unavailable!
06-01 13:24:08.049 W/BatteryNotifier( 1325): batterystats service unavailable!
06-01 13:24:08.076 D/gralloc_ranchu( 1320): Emulator without host-side GPU emulation detected. Loading gralloc.default.so from /vendor/lib64/hw/gralloc.goldfish.default.so...
06-01 13:24:08.078 D/gralloc_ranchu( 1320): gralloc.default.so not found in /vendor. Trying /system/lib64/hw/gralloc.goldfish.default.so...
06-01 13:24:08.101 W/BatteryNotifier( 1325): batterystats service unavailable!
06-01 13:24:08.109 W/BatteryNotifier( 1325): batterystats service unavailable!
06-01 13:24:08.113 I/gralloc ( 1320): using (fd=11)
06-01 13:24:08.113 I/gralloc ( 1320): id           = 
06-01 13:24:08.113 I/gralloc ( 1320): xres         = 1080 px
06-01 13:24:08.113 I/gralloc ( 1320): yres         = 1920 px
06-01 13:24:08.113 I/gralloc ( 1320): xres_virtual = 1080 px
06-01 13:24:08.113 I/gralloc ( 1320): yres_virtual = 3840 px
06-01 13:24:08.113 I/gralloc ( 1320): bpp          = 16
06-01 13:24:08.113 I/gralloc ( 1320): r            = 11:5
06-01 13:24:08.113 I/gralloc ( 1320): g            =  5:6
06-01 13:24:08.113 I/gralloc ( 1320): b            =  0:5
06-01 13:24:08.114 I/gralloc ( 1320): width        = 166 mm (165.253006 dpi)
06-01 13:24:08.114 I/gralloc ( 1320): height       = 296 mm (164.756760 dpi)
06-01 13:24:08.114 I/gralloc ( 1320): refresh rate = 60.00 Hz
06-01 13:24:08.161 E/SurfaceFlinger( 1320): hwcomposer module not found
06-01 13:24:08.172 W/SurfaceFlinger( 1320): no suitable EGLConfig found, trying a simpler query
06-01 13:24:08.173 W/SurfaceFlinger( 1320): EGL_SLOW_CONFIG selected!
06-01 13:24:08.173 I/SurfaceFlinger( 1320): EGL information:
06-01 13:24:08.173 I/SurfaceFlinger( 1320): vendor    : Android
06-01 13:24:08.173 I/SurfaceFlinger( 1320): version   : 1.4 Android META-EGL
06-01 13:24:08.173 I/SurfaceFlinger( 1320): extensions: EGL_KHR_get_all_proc_addresses EGL_ANDROID_presentation_time EGL_KHR_swap_buffers_with_damage EGL_ANDROID_create_native_client_buffer EGL_ANDROID_front_buffer_auto_refresh EGL_KHR_image_base EGL_KHR_fence_sync EGL_ANDROID_image_native_buffer 
06-01 13:24:08.173 I/SurfaceFlinger( 1320): Client API: OpenGL_ES
06-01 13:24:08.173 I/SurfaceFlinger( 1320): EGLSurface: 5-6-5-0, config=0x0
06-01 13:24:08.175 W/SurfaceFlinger( 1320): no suitable EGLConfig found, trying a simpler query
06-01 13:24:08.175 W/SurfaceFlinger( 1320): EGL_SLOW_CONFIG selected!
06-01 13:24:08.175 I/SurfaceFlinger( 1320): EGL information:
06-01 13:24:08.175 I/SurfaceFlinger( 1320): vendor    : Android
06-01 13:24:08.175 I/SurfaceFlinger( 1320): version   : 1.4 Android META-EGL
06-01 13:24:08.175 I/SurfaceFlinger( 1320): extensions: EGL_KHR_get_all_proc_addresses EGL_ANDROID_presentation_time EGL_KHR_swap_buffers_with_damage EGL_ANDROID_create_native_client_buffer EGL_ANDROID_front_buffer_auto_refresh EGL_KHR_image_base EGL_KHR_fence_sync EGL_ANDROID_image_native_buffer 
06-01 13:24:08.175 I/SurfaceFlinger( 1320): Client API: OpenGL_ES
06-01 13:24:08.175 I/SurfaceFlinger( 1320): EGLSurface: 5-6-5-0, config=0x0
06-01 13:24:08.181 I/SurfaceFlinger( 1320): OpenGL ES informations:
06-01 13:24:08.181 I/SurfaceFlinger( 1320): vendor    : Android
06-01 13:24:08.181 I/SurfaceFlinger( 1320): renderer  : Android PixelFlinger 1.4
06-01 13:24:08.181 I/SurfaceFlinger( 1320): version   : OpenGL ES-CM 1.0
06-01 13:24:08.181 I/SurfaceFlinger( 1320): extensions: GL_EXT_debug_marker GL_OES_byte_coordinates GL_OES_fixed_point GL_OES_single_precision GL_OES_read_format GL_OES_compressed_paletted_texture GL_OES_draw_texture GL_OES_matrix_get GL_OES_query_matrix GL_OES_EGL_image GL_OES_EGL_sync GL_OES_compressed_ETC1_RGB8_texture GL_ARB_texture_compression GL_ARB_texture_non_power_of_two GL_ANDROID_user_clip_plane GL_ANDROID_vertex_buffer_object GL_ANDROID_generate_mipmap 
06-01 13:24:08.181 I/SurfaceFlinger( 1320): GL_MAX_TEXTURE_SIZE = 4096
06-01 13:24:08.181 I/SurfaceFlinger( 1320): GL_MAX_VIEWPORT_DIMS = 4096
06-01 13:24:08.185 W/SurfaceFlinger( 1320): no suitable EGLConfig found, trying a simpler query
06-01 13:24:08.185 W/SurfaceFlinger( 1320): EGL_SLOW_CONFIG selected!
06-01 13:24:08.185 I/SurfaceFlinger( 1320): EGL information:
06-01 13:24:08.185 I/SurfaceFlinger( 1320): vendor    : Android
06-01 13:24:08.185 I/SurfaceFlinger( 1320): version   : 1.4 Android META-EGL
06-01 13:24:08.185 I/SurfaceFlinger( 1320): extensions: EGL_KHR_get_all_proc_addresses EGL_ANDROID_presentation_time EGL_KHR_swap_buffers_with_damage EGL_ANDROID_create_native_client_buffer EGL_ANDROID_front_buffer_auto_refresh EGL_KHR_image_base EGL_KHR_fence_sync EGL_ANDROID_image_native_buffer 
06-01 13:24:08.186 I/SurfaceFlinger( 1320): Client API: OpenGL_ES
06-01 13:24:08.186 I/SurfaceFlinger( 1320): EGLSurface: 5-6-5-0, config=0x0
06-01 13:24:08.191 I/ServiceManager( 1326): Waiting for service SurfaceFlinger...
06-01 13:24:08.210 I/r_submix( 1325): adev_open(name=audio_hw_if)
06-01 13:24:08.211 I/r_submix( 1325): adev_init_check()
06-01 13:24:08.211 I/AudioFlinger( 1325): loadHwModule() Loaded r_submix audio interface from Wifi Display audio HAL (audio) handle 18
06-01 13:24:08.211 D/r_submix( 1325): adev_open_input_stream(addr=0)
06-01 13:24:08.212 D/r_submix( 1325): submix_audio_device_create_pipe_l(addr=0, idx=9)
06-01 13:24:08.212 D/r_submix( 1325):   now using address 0 for route 9
06-01 13:24:08.217 I/AudioFlinger( 1325): AudioFlinger's thread 0xe88039c0 ready to run
06-01 13:24:08.218 D/r_submix( 1325): adev_close_input_stream()
06-01 13:24:08.218 D/r_submix( 1325): submix_audio_device_release_pipe_l(idx=9) addr=0
06-01 13:24:08.218 D/r_submix( 1325): submix_audio_device_destroy_pipe_l(): pipe destroyed
06-01 13:24:08.259 V/MediaUtils( 1332): physMem: 1043894272
06-01 13:24:08.284 I/RadioService( 1325): RadioService
06-01 13:24:08.284 I/RadioService( 1325): onFirstRef
06-01 13:24:08.285 E/RadioService( 1325): couldn't load radio module radio.primary (No such file or directory)
06-01 13:24:08.287 E/SoundTriggerHwService( 1325): couldn't load sound trigger module sound_trigger.primary (No such file or directory)
06-01 13:24:08.290 E/libEGL  ( 1320): called unimplemented OpenGL ES API
06-01 13:24:08.291 E/SurfaceFlinger( 1320): Error while compiling shader: 
06-01 13:24:08.291 E/SurfaceFlinger( 1320): attribute vec4 position;
06-01 13:24:08.291 E/SurfaceFlinger( 1320): uniform mat4 projection;
06-01 13:24:08.291 E/SurfaceFlinger( 1320): uniform mat4 texture;
06-01 13:24:08.291 E/SurfaceFlinger( 1320): void main(void) {
06-01 13:24:08.291 E/SurfaceFlinger( 1320):     gl_Position = projection * position;
06-01 13:24:08.291 E/SurfaceFlinger( 1320): }
06-01 13:24:08.291 E/SurfaceFlinger( 1320): 
06-01 13:24:08.291 E/SurfaceFlinger( 1320): öÿÿÿÿÿÿÿŸ‘â˜
06-01 13:24:08.291 E/SurfaceFlinger( 1320): Error while compiling shader: 
06-01 13:24:08.291 E/SurfaceFlinger( 1320): precision mediump float;
06-01 13:24:08.291 E/SurfaceFlinger( 1320): uniform vec4 color;
06-01 13:24:08.291 E/SurfaceFlinger( 1320): void main(void) {
06-01 13:24:08.291 E/SurfaceFlinger( 1320):     gl_FragColor = color;
06-01 13:24:08.291 E/SurfaceFlinger( 1320): }
06-01 13:24:08.291 E/SurfaceFlinger( 1320): 
06-01 13:24:08.291 E/SurfaceFlinger( 1320): öÿÿÿÿÿÿÿŸ‘â˜
06-01 13:24:08.291 E/SurfaceFlinger( 1320): Error while linking shaders:
06-01 13:24:08.304 V/MediaUtils( 1332): requested limit: 208778840
06-01 13:24:08.304 V/MediaUtils( 1332): actual limit: 208778840
06-01 13:24:08.305 V/MediaUtils( 1332): original limits: 4294967295/4294967295
06-01 13:24:08.305 V/MediaUtils( 1332): new limits: 208778840/4294967295
06-01 13:24:08.307 W//system/bin/mediaextractor( 1332): libminijail: allowing syscall: socketcall
06-01 13:24:08.307 W//system/bin/mediaextractor( 1332): libminijail: allowing syscall: writev
06-01 13:24:08.307 W//system/bin/mediaextractor( 1332): libminijail: allowing syscall: fcntl64
06-01 13:24:08.307 W//system/bin/mediaextractor( 1332): libminijail: allowing syscall: clock_gettime
06-01 13:24:08.309 E/SurfaceFlinger( 1320): Error while compiling shader: 
06-01 13:24:08.309 E/SurfaceFlinger( 1320): attribute vec4 position;
06-01 13:24:08.309 E/SurfaceFlinger( 1320): uniform mat4 projection;
06-01 13:24:08.309 E/SurfaceFlinger( 1320): uniform mat4 texture;
06-01 13:24:08.309 E/SurfaceFlinger( 1320): void main(void) {
06-01 13:24:08.309 E/SurfaceFlinger( 1320):     gl_Position = projection * position;
06-01 13:24:08.309 E/SurfaceFlinger( 1320): }
06-01 13:24:08.309 E/SurfaceFlinger( 1320): 
06-01 13:24:08.309 E/SurfaceFlinger( 1320): öÿÿÿÿÿÿÿŸ‘â˜
06-01 13:24:08.309 E/SurfaceFlinger( 1320): Error while compiling shader: 
06-01 13:24:08.309 E/SurfaceFlinger( 1320): precision mediump float;
06-01 13:24:08.309 E/SurfaceFlinger( 1320): uniform vec4 color;
06-01 13:24:08.309 E/SurfaceFlinger( 1320): void main(void) {
06-01 13:24:08.309 E/SurfaceFlinger( 1320):     gl_FragColor = color;
06-01 13:24:08.309 E/SurfaceFlinger( 1320): }
06-01 13:24:08.309 E/SurfaceFlinger( 1320): 
06-01 13:24:08.309 E/SurfaceFlinger( 1320): öÿÿÿÿÿÿÿŸ‘â˜
06-01 13:24:08.309 E/SurfaceFlinger( 1320): Error while linking shaders:
06-01 13:24:08.309 E/SurfaceFlinger( 1320): Error while compiling shader: 
06-01 13:24:08.309 E/SurfaceFlinger( 1320): attribute vec4 position;
06-01 13:24:08.309 E/SurfaceFlinger( 1320): uniform mat4 projection;
06-01 13:24:08.309 E/SurfaceFlinger( 1320): uniform mat4 texture;
06-01 13:24:08.309 E/SurfaceFlinger( 1320): void main(void) {
06-01 13:24:08.309 E/SurfaceFlinger( 1320):     gl_Position = projection * position;
06-01 13:24:08.309 E/SurfaceFlinger( 1320): }
06-01 13:24:08.309 E/SurfaceFlinger( 1320): 
06-01 13:24:08.309 E/SurfaceFlinger( 1320): öÿÿÿÿÿÿÿŸ‘â˜
06-01 13:24:08.309 E/SurfaceFlinger( 1320): Error while compiling shader: 
06-01 13:24:08.309 E/SurfaceFlinger( 1320): precision mediump float;
06-01 13:24:08.309 E/SurfaceFlinger( 1320): uniform vec4 color;
06-01 13:24:08.309 E/SurfaceFlinger( 1320): void main(void) {
06-01 13:24:08.309 E/SurfaceFlinger( 1320):     gl_FragColor = color;
06-01 13:24:08.309 E/SurfaceFlinger( 1320):     gl_FragColor.a = 1.0;
06-01 13:24:08.309 E/SurfaceFlinger( 1320): }
06-01 13:24:08.309 E/SurfaceFlinger( 1320): 
06-01 13:24:08.309 E/SurfaceFlinger( 1320): öÿÿÿÿÿÿÿŸ‘â˜
06-01 13:24:08.309 E/SurfaceFlinger( 1320): Error while linking shaders:
06-01 13:24:08.309 E/SurfaceFlinger( 1320): Error while compiling shader: 
06-01 13:24:08.309 E/SurfaceFlinger( 1320): attribute vec4 position;
06-01 13:24:08.309 E/SurfaceFlinger( 1320): uniform mat4 projection;
06-01 13:24:08.309 E/SurfaceFlinger( 1320): uniform mat4 texture;
06-01 13:24:08.309 E/SurfaceFlinger( 1320): void main(void) {
06-01 13:24:08.309 E/SurfaceFlinger( 1320):     gl_Position = projection * position;
06-01 13:24:08.309 E/SurfaceFlinger( 1320): }
06-01 13:24:08.309 E/SurfaceFlinger( 1320): 
06-01 13:24:08.309 E/SurfaceFlinger( 1320): öÿÿÿÿÿÿÿŸ‘â˜
06-01 13:24:08.309 E/SurfaceFlinger( 1320): Error while compiling shader: 
06-01 13:24:08.309 E/SurfaceFlinger( 1320): precision mediump float;
06-01 13:24:08.309 E/SurfaceFlinger( 1320): uniform vec4 color;
06-01 13:24:08.309 E/SurfaceFlinger( 1320): void main(void) {
06-01 13:24:08.309 E/SurfaceFlinger( 1320):     gl_FragColor = color;
06-01 13:24:08.309 E/SurfaceFlinger( 1320):     gl_FragColor.a = 1.0;
06-01 13:24:08.309 E/SurfaceFlinger( 1320): }
06-01 13:24:08.309 E/SurfaceFlinger( 1320): 
06-01 13:24:08.309 E/SurfaceFlinger( 1320): öÿÿÿÿÿÿÿŸ‘â˜
06-01 13:24:08.309 E/SurfaceFlinger( 1320): Error while linking shaders:
06-01 13:24:08.309 E/SurfaceFlinger( 1320): Error while compiling shader: 
06-01 13:24:08.309 E/SurfaceFlinger( 1320): attribute vec4 position;
06-01 13:24:08.309 E/SurfaceFlinger( 1320): uniform mat4 projection;
06-01 13:24:08.309 E/SurfaceFlinger( 1320): uniform mat4 texture;
06-01 13:24:08.309 E/SurfaceFlinger( 1320): void main(void) {
06-01 13:24:08.309 E/SurfaceFlinger( 1320):     gl_Position = projection * position;
06-01 13:24:08.309 E/SurfaceFlinger( 1320): }
06-01 13:24:08.309 E/SurfaceFlinger( 1320): 
06-01 13:24:08.309 E/SurfaceFlinger( 1320): öÿÿÿÿÿÿÿŸ‘â˜
06-01 13:24:08.309 E/SurfaceFlinger( 1320): Error while compiling shader: 
06-01 13:24:08.309 E/SurfaceFlinger( 1320): precision mediump float;
06-01 13:24:08.309 E/SurfaceFlinger( 1320): uniform vec4 color;
06-01 13:24:08.309 E/SurfaceFlinger( 1320): uniform float alphaPlane;
06-01 13:24:08.309 E/SurfaceFlinger( 1320): void main(void) {
06-01 13:24:08.309 E/SurfaceFlinger( 1320):     gl_FragColor = color;
06-01 13:24:08.309 E/SurfaceFlinger( 1320):     gl_FragColor.a *= alphaPlane;
06-01 13:24:08.309 E/SurfaceFlinger( 1320): }
06-01 13:24:08.309 E/SurfaceFlinger( 1320): 
06-01 13:24:08.309 E/SurfaceFlinger( 1320): öÿÿÿÿÿÿÿŸ‘â˜
06-01 13:24:08.310 E/SurfaceFlinger( 1320): Error while linking shaders:
06-01 13:24:08.320 E/SurfaceFlinger( 1320): Error while compiling shader: 
06-01 13:24:08.320 E/SurfaceFlinger( 1320): attribute vec4 position;
06-01 13:24:08.320 E/SurfaceFlinger( 1320): uniform mat4 projection;
06-01 13:24:08.320 E/SurfaceFlinger( 1320): uniform mat4 texture;
06-01 13:24:08.320 E/SurfaceFlinger( 1320): void main(void) {
06-01 13:24:08.320 E/SurfaceFlinger( 1320):     gl_Position = projection * position;
06-01 13:24:08.320 E/SurfaceFlinger( 1320): }
06-01 13:24:08.320 E/SurfaceFlinger( 1320): 
06-01 13:24:08.320 E/SurfaceFlinger( 1320): öÿÿÿÿÿÿÿŸ‘â˜
06-01 13:24:08.320 E/SurfaceFlinger( 1320): Error while compiling shader: 
06-01 13:24:08.320 E/SurfaceFlinger( 1320): precision mediump float;
06-01 13:24:08.320 E/SurfaceFlinger( 1320): uniform vec4 color;
06-01 13:24:08.320 E/SurfaceFlinger( 1320): uniform float alphaPlane;
06-01 13:24:08.320 E/SurfaceFlinger( 1320): void main(void) {
06-01 13:24:08.320 E/SurfaceFlinger( 1320):     gl_FragColor = color;
06-01 13:24:08.320 E/SurfaceFlinger( 1320):     gl_FragColor *= alphaPlane;
06-01 13:24:08.320 E/SurfaceFlinger( 1320): }
06-01 13:24:08.320 E/SurfaceFlinger( 1320): 
06-01 13:24:08.320 E/SurfaceFlinger( 1320): öÿÿÿÿÿÿÿŸ‘â˜
06-01 13:24:08.320 E/SurfaceFlinger( 1320): Error while linking shaders:
06-01 13:24:08.320 E/SurfaceFlinger( 1320): Error while compiling shader: 
06-01 13:24:08.320 E/SurfaceFlinger( 1320): attribute vec4 position;
06-01 13:24:08.320 E/SurfaceFlinger( 1320): uniform mat4 projection;
06-01 13:24:08.320 E/SurfaceFlinger( 1320): uniform mat4 texture;
06-01 13:24:08.320 E/SurfaceFlinger( 1320): void main(void) {
06-01 13:24:08.320 E/SurfaceFlinger( 1320):     gl_Position = projection * position;
06-01 13:24:08.320 E/SurfaceFlinger( 1320): }
06-01 13:24:08.320 E/SurfaceFlinger( 1320): 
06-01 13:24:08.320 E/SurfaceFlinger( 1320): öÿÿÿÿÿÿÿŸ‘â˜
06-01 13:24:08.320 E/SurfaceFlinger( 1320): Error while compiling shader: 
06-01 13:24:08.320 E/SurfaceFlinger( 1320): precision mediump float;
06-01 13:24:08.320 E/SurfaceFlinger( 1320): uniform vec4 color;
06-01 13:24:08.320 E/SurfaceFlinger( 1320): uniform float alphaPlane;
06-01 13:24:08.320 E/SurfaceFlinger( 1320): void main(void) {
06-01 13:24:08.320 E/SurfaceFlinger( 1320):     gl_FragColor = color;
06-01 13:24:08.320 E/SurfaceFlinger( 1320):     gl_FragColor.a = 1.0;
06-01 13:24:08.320 E/SurfaceFlinger( 1320):     gl_FragColor.a *= alphaPlane;
06-01 13:24:08.320 E/SurfaceFlinger( 1320): }
06-01 13:24:08.320 E/SurfaceFlinger( 1320): 
06-01 13:24:08.320 E/SurfaceFlinger( 1320): öÿÿÿÿÿÿÿŸ‘â˜
06-01 13:24:08.320 E/SurfaceFlinger( 1320): Error while linking shaders:
06-01 13:24:08.321 E/SurfaceFlinger( 1320): Error while compiling shader: 
06-01 13:24:08.321 E/SurfaceFlinger( 1320): attribute vec4 position;
06-01 13:24:08.321 E/SurfaceFlinger( 1320): uniform mat4 projection;
06-01 13:24:08.321 E/SurfaceFlinger( 1320): uniform mat4 texture;
06-01 13:24:08.321 E/SurfaceFlinger( 1320): void main(void) {
06-01 13:24:08.321 E/SurfaceFlinger( 1320):     gl_Position = projection * position;
06-01 13:24:08.321 E/SurfaceFlinger( 1320): }
06-01 13:24:08.321 E/SurfaceFlinger( 1320): 
06-01 13:24:08.321 E/SurfaceFlinger( 1320): öÿÿÿÿÿÿÿŸ‘â˜
06-01 13:24:08.321 E/SurfaceFlinger( 1320): Error while compiling shader: 
06-01 13:24:08.321 E/SurfaceFlinger( 1320): precision mediump float;
06-01 13:24:08.321 E/SurfaceFlinger( 1320): uniform vec4 color;
06-01 13:24:08.321 E/SurfaceFlinger( 1320): uniform float alphaPlane;
06-01 13:24:08.321 E/SurfaceFlinger( 1320): void main(void) {
06-01 13:24:08.321 E/SurfaceFlinger( 1320):     gl_FragColor = color;
06-01 13:24:08.321 E/SurfaceFlinger( 1320):     gl_FragColor.a = 1.0;
06-01 13:24:08.321 E/SurfaceFlinger( 1320):     gl_FragColor *= alphaPlane;
06-01 13:24:08.321 E/SurfaceFlinger( 1320): }
06-01 13:24:08.321 E/SurfaceFlinger( 1320): 
06-01 13:24:08.321 E/SurfaceFlinger( 1320): öÿÿÿÿÿÿÿŸ‘â˜
06-01 13:24:08.321 E/SurfaceFlinger( 1320): Error while linking shaders:
06-01 13:24:08.321 E/SurfaceFlinger( 1320): Error while compiling shader: 
06-01 13:24:08.321 E/SurfaceFlinger( 1320): attribute vec4 texCoords;
06-01 13:24:08.321 E/SurfaceFlinger( 1320): varying vec2 outTexCoords;
06-01 13:24:08.321 E/SurfaceFlinger( 1320): attribute vec4 position;
06-01 13:24:08.321 E/SurfaceFlinger( 1320): uniform mat4 projection;
06-01 13:24:08.321 E/SurfaceFlinger( 1320): uniform mat4 texture;
06-01 13:24:08.321 E/SurfaceFlinger( 1320): void main(void) {
06-01 13:24:08.321 E/SurfaceFlinger( 1320):     gl_Position = projection * position;
06-01 13:24:08.321 E/SurfaceFlinger( 1320):     outTexCoords = (texture * texCoords).st;
06-01 13:24:08.321 E/SurfaceFlinger( 1320): }
06-01 13:24:08.321 E/SurfaceFlinger( 1320): 
06-01 13:24:08.321 E/SurfaceFlinger( 1320): öÿÿÿÿÿÿÿŸ‘â˜
06-01 13:24:08.321 E/SurfaceFlinger( 1320): Error while compiling shader: 
06-01 13:24:08.321 E/SurfaceFlinger( 1320): #extension GL_OES_EGL_image_external : require
06-01 13:24:08.321 E/SurfaceFlinger( 1320): precision mediump float;
06-01 13:24:08.321 E/SurfaceFlinger( 1320): uniform samplerExternalOES sampler;
06-01 13:24:08.321 E/SurfaceFlinger( 1320): varying vec2 outTexCoords;
06-01 13:24:08.321 E/SurfaceFlinger( 1320): void main(void) {
06-01 13:24:08.321 E/SurfaceFlinger( 1320):     gl_FragColor = texture2D(sampler, outTexCoords);
06-01 13:24:08.321 E/SurfaceFlinger( 1320): }
06-01 13:24:08.321 E/SurfaceFlinger( 1320): 
06-01 13:24:08.321 E/SurfaceFlinger( 1320): öÿÿÿÿÿÿÿŸ‘â˜
06-01 13:24:08.321 E/SurfaceFlinger( 1320): Error while linking shaders:
06-01 13:24:08.321 E/SurfaceFlinger( 1320): Error while compiling shader: 
06-01 13:24:08.321 E/SurfaceFlinger( 1320): attribute vec4 texCoords;
06-01 13:24:08.321 E/SurfaceFlinger( 1320): varying vec2 outTexCoords;
06-01 13:24:08.321 E/SurfaceFlinger( 1320): attribute vec4 position;
06-01 13:24:08.321 E/SurfaceFlinger( 1320): uniform mat4 projection;
06-01 13:24:08.321 E/SurfaceFlinger( 1320): uniform mat4 texture;
06-01 13:24:08.321 E/SurfaceFlinger( 1320): void main(void) {
06-01 13:24:08.321 E/SurfaceFlinger( 1320):     gl_Position = projection * position;
06-01 13:24:08.321 E/SurfaceFlinger( 1320):     outTexCoords = (texture * texCoords).st;
06-01 13:24:08.321 E/SurfaceFlinger( 1320): }
06-01 13:24:08.321 E/SurfaceFlinger( 1320): 
06-01 13:24:08.321 E/SurfaceFlinger( 1320): öÿÿÿÿÿÿÿŸ‘â˜
06-01 13:24:08.321 E/SurfaceFlinger( 1320): Error while compiling shader: 
06-01 13:24:08.321 E/SurfaceFlinger( 1320): #extension GL_OES_EGL_image_external : require
06-01 13:24:08.321 E/SurfaceFlinger( 1320): precision mediump float;
06-01 13:24:08.321 E/SurfaceFlinger( 1320): uniform samplerExternalOES sampler;
06-01 13:24:08.321 E/SurfaceFlinger( 1320): varying vec2 outTexCoords;
06-01 13:24:08.321 E/SurfaceFlinger( 1320): void main(void) {
06-01 13:24:08.321 E/SurfaceFlinger( 1320):     gl_FragColor = texture2D(sampler, outTexCoords);
06-01 13:24:08.321 E/SurfaceFlinger( 1320): }
06-01 13:24:08.321 E/SurfaceFlinger( 1320): 
06-01 13:24:08.321 E/SurfaceFlinger( 1320): öÿÿÿÿÿÿÿŸ‘â˜
06-01 13:24:08.321 E/SurfaceFlinger( 1320): Error while linking shaders:
06-01 13:24:08.321 E/SurfaceFlinger( 1320): Error while compiling shader: 
06-01 13:24:08.321 E/SurfaceFlinger( 1320): attribute vec4 texCoords;
06-01 13:24:08.321 E/SurfaceFlinger( 1320): varying vec2 outTexCoords;
06-01 13:24:08.321 E/SurfaceFlinger( 1320): attribute vec4 position;
06-01 13:24:08.321 E/SurfaceFlinger( 1320): uniform mat4 projection;
06-01 13:24:08.321 E/SurfaceFlinger( 1320): uniform mat4 texture;
06-01 13:24:08.321 E/SurfaceFlinger( 1320): void main(void) {
06-01 13:24:08.321 E/SurfaceFlinger( 1320):     gl_Position = projection * position;
06-01 13:24:08.321 E/SurfaceFlinger( 1320):     outTexCoords = (texture * texCoords).st;
06-01 13:24:08.321 E/SurfaceFlinger( 1320): }
06-01 13:24:08.321 E/SurfaceFlinger( 1320): 
06-01 13:24:08.321 E/SurfaceFlinger( 1320): öÿÿÿÿÿÿÿŸ‘â˜
06-01 13:24:08.321 E/SurfaceFlinger( 1320): Error while compiling shader: 
06-01 13:24:08.321 E/SurfaceFlinger( 1320): #extension GL_OES_EGL_image_external : require
06-01 13:24:08.321 E/SurfaceFlinger( 1320): precision mediump float;
06-01 13:24:08.321 E/SurfaceFlinger( 1320): uniform samplerExternalOES sampler;
06-01 13:24:08.321 E/SurfaceFlinger( 1320): varying vec2 outTexCoords;
06-01 13:24:08.321 E/SurfaceFlinger( 1320): void main(void) {
06-01 13:24:08.321 E/SurfaceFlinger( 1320):     gl_FragColor = texture2D(sampler, outTexCoords);
06-01 13:24:08.321 E/SurfaceFlinger( 1320):     gl_FragColor.a = 1.0;
06-01 13:24:08.321 E/SurfaceFlinger( 1320): }
06-01 13:24:08.321 E/SurfaceFlinger( 1320): 
06-01 13:24:08.321 E/SurfaceFlinger( 1320): öÿÿÿÿÿÿÿŸ‘â˜
06-01 13:24:08.321 E/SurfaceFlinger( 1320): Error while linking shaders:
06-01 13:24:08.321 E/SurfaceFlinger( 1320): Error while compiling shader: 
06-01 13:24:08.321 E/SurfaceFlinger( 1320): attribute vec4 texCoords;
06-01 13:24:08.321 E/SurfaceFlinger( 1320): varying vec2 outTexCoords;
06-01 13:24:08.321 E/SurfaceFlinger( 1320): attribute vec4 position;
06-01 13:24:08.321 E/SurfaceFlinger( 1320): uniform mat4 projection;
06-01 13:24:08.321 E/SurfaceFlinger( 1320): uniform mat4 texture;
06-01 13:24:08.321 E/SurfaceFlinger( 1320): void main(void) {
06-01 13:24:08.321 E/SurfaceFlinger( 1320):     gl_Position = projection * position;
06-01 13:24:08.321 E/SurfaceFlinger( 1320):     outTexCoords = (texture * texCoords).st;
06-01 13:24:08.321 E/SurfaceFlinger( 1320): }
06-01 13:24:08.321 E/SurfaceFlinger( 1320): 
06-01 13:24:08.321 E/SurfaceFlinger( 1320): öÿÿÿÿÿÿÿŸ‘â˜
06-01 13:24:08.321 E/SurfaceFlinger( 1320): Error while compiling shader: 
06-01 13:24:08.321 E/SurfaceFlinger( 1320): #extension GL_OES_EGL_image_external : require
06-01 13:24:08.321 E/SurfaceFlinger( 1320): precision mediump float;
06-01 13:24:08.321 E/SurfaceFlinger( 1320): uniform samplerExternalOES sampler;
06-01 13:24:08.321 E/SurfaceFlinger( 1320): varying vec2 outTexCoords;
06-01 13:24:08.321 E/SurfaceFlinger( 1320): void main(void) {
06-01 13:24:08.321 E/SurfaceFlinger( 1320):     gl_FragColor = texture2D(sampler, outTexCoords);
06-01 13:24:08.321 E/SurfaceFlinger( 1320):     gl_FragColor.a = 1.0;
06-01 13:24:08.321 E/SurfaceFlinger( 1320): }
06-01 13:24:08.321 E/SurfaceFlinger( 1320): 
06-01 13:24:08.321 E/SurfaceFlinger( 1320): öÿÿÿÿÿÿÿŸ‘â˜
06-01 13:24:08.321 E/SurfaceFlinger( 1320): Error while linking shaders:
06-01 13:24:08.321 E/SurfaceFlinger( 1320): Error while compiling shader: 
06-01 13:24:08.321 E/SurfaceFlinger( 1320): attribute vec4 texCoords;
06-01 13:24:08.321 E/SurfaceFlinger( 1320): varying vec2 outTexCoords;
06-01 13:24:08.321 E/SurfaceFlinger( 1320): attribute vec4 position;
06-01 13:24:08.321 E/SurfaceFlinger( 1320): uniform mat4 projection;
06-01 13:24:08.321 E/SurfaceFlinger( 1320): uniform mat4 texture;
06-01 13:24:08.321 E/SurfaceFlinger( 1320): void main(void) {
06-01 13:24:08.321 E/SurfaceFlinger( 1320):     gl_Position = projection * position;
06-01 13:24:08.321 E/SurfaceFlinger( 1320):     outTexCoords = (texture * texCoords).st;
06-01 13:24:08.321 E/SurfaceFlinger( 1320): }
06-01 13:24:08.321 E/SurfaceFlinger( 1320): 
06-01 13:24:08.321 E/SurfaceFlinger( 1320): öÿÿÿÿÿÿÿŸ‘â˜
06-01 13:24:08.322 E/SurfaceFlinger( 1320): Error while compiling shader: 
06-01 13:24:08.322 E/SurfaceFlinger( 1320): #extension GL_OES_EGL_image_external : require
06-01 13:24:08.322 E/SurfaceFlinger( 1320): precision mediump float;
06-01 13:24:08.322 E/SurfaceFlinger( 1320): uniform samplerExternalOES sampler;
06-01 13:24:08.322 E/SurfaceFlinger( 1320): varying vec2 outTexCoords;
06-01 13:24:08.322 E/SurfaceFlinger( 1320): uniform float alphaPlane;
06-01 13:24:08.322 E/SurfaceFlinger( 1320): void main(void) {
06-01 13:24:08.322 E/SurfaceFlinger( 1320):     gl_FragColor = texture2D(sampler, outTexCoords);
06-01 13:24:08.322 E/SurfaceFlinger( 1320):     gl_FragColor.a *= alphaPlane;
06-01 13:24:08.322 E/SurfaceFlinger( 1320): }
06-01 13:24:08.322 E/SurfaceFlinger( 1320): 
06-01 13:24:08.322 E/SurfaceFlinger( 1320): öÿÿÿÿÿÿÿŸ‘â˜
06-01 13:24:08.322 E/SurfaceFlinger( 1320): Error while linking shaders:
06-01 13:24:08.580 W/bootanimation( 1791): type=1400 audit(0.0:9): avc: denied { getattr } for path="/vendor" dev="rootfs" ino=3999 scontext=u:r:bootanim:s0 tcontext=u:object_r:rootfs:s0 tclass=lnk_file permissive=0
06-01 13:24:08.322 E/SurfaceFlinger( 1320): Error while compiling shader: 
06-01 13:24:08.322 E/SurfaceFlinger( 1320): attribute vec4 texCoords;
06-01 13:24:08.322 E/SurfaceFlinger( 1320): varying vec2 outTexCoords;
06-01 13:24:08.322 E/SurfaceFlinger( 1320): attribute vec4 position;
06-01 13:24:08.322 E/SurfaceFlinger( 1320): uniform mat4 projection;
06-01 13:24:08.322 E/SurfaceFlinger( 1320): uniform mat4 texture;
06-01 13:24:08.322 E/SurfaceFlinger( 1320): void main(void) {
06-01 13:24:08.322 E/SurfaceFlinger( 1320):     gl_Position = projection * position;
06-01 13:24:08.322 E/SurfaceFlinger( 1320):     outTexCoords = (texture * texCoords).st;
06-01 13:24:08.322 E/SurfaceFlinger( 1320): }
06-01 13:24:08.322 E/SurfaceFlinger( 1320): 
06-01 13:24:08.322 E/SurfaceFlinger( 1320): öÿÿÿÿÿÿÿŸ‘â˜
06-01 13:24:08.322 E/SurfaceFlinger( 1320): Error while compiling shader: 
06-01 13:24:08.322 E/SurfaceFlinger( 1320): #extension GL_OES_EGL_image_external : require
06-01 13:24:08.322 E/SurfaceFlinger( 1320): precision mediump float;
06-01 13:24:08.322 E/SurfaceFlinger( 1320): uniform samplerExternalOES sampler;
06-01 13:24:08.322 E/SurfaceFlinger( 1320): varying vec2 outTexCoords;
06-01 13:24:08.322 E/SurfaceFlinger( 1320): uniform float alphaPlane;
06-01 13:24:08.322 E/SurfaceFlinger( 1320): void main(void) {
06-01 13:24:08.322 E/SurfaceFlinger( 1320):     gl_FragColor = texture2D(sampler, outTexCoords);
06-01 13:24:08.322 E/SurfaceFlinger( 1320):     gl_FragColor *= alphaPlane;
06-01 13:24:08.322 E/SurfaceFlinger( 1320): }
06-01 13:24:08.322 E/SurfaceFlinger( 1320): 
06-01 13:24:08.322 E/SurfaceFlinger( 1320): öÿÿÿÿÿÿÿŸ‘â˜
06-01 13:24:08.322 E/SurfaceFlinger( 1320): Error while linking shaders:
06-01 13:24:08.322 E/SurfaceFlinger( 1320): Error while compiling shader: 
06-01 13:24:08.322 E/SurfaceFlinger( 1320): attribute vec4 texCoords;
06-01 13:24:08.322 E/SurfaceFlinger( 1320): varying vec2 outTexCoords;
06-01 13:24:08.322 E/SurfaceFlinger( 1320): attribute vec4 position;
06-01 13:24:08.322 E/SurfaceFlinger( 1320): uniform mat4 projection;
06-01 13:24:08.322 E/SurfaceFlinger( 1320): uniform mat4 texture;
06-01 13:24:08.322 E/SurfaceFlinger( 1320): void main(void) {
06-01 13:24:08.322 E/SurfaceFlinger( 1320):     gl_Position = projection * position;
06-01 13:24:08.322 E/SurfaceFlinger( 1320):     outTexCoords = (texture * texCoords).st;
06-01 13:24:08.322 E/SurfaceFlinger( 1320): }
06-01 13:24:08.322 E/SurfaceFlinger( 1320): 
06-01 13:24:08.322 E/SurfaceFlinger( 1320): öÿÿÿÿÿÿÿŸ‘â˜
06-01 13:24:08.322 E/SurfaceFlinger( 1320): Error while compiling shader: 
06-01 13:24:08.322 E/SurfaceFlinger( 1320): #extension GL_OES_EGL_image_external : require
06-01 13:24:08.322 E/SurfaceFlinger( 1320): precision mediump float;
06-01 13:24:08.322 E/SurfaceFlinger( 1320): uniform samplerExternalOES sampler;
06-01 13:24:08.322 E/SurfaceFlinger( 1320): varying vec2 outTexCoords;
06-01 13:24:08.322 E/SurfaceFlinger( 1320): uniform float alphaPlane;
06-01 13:24:08.322 E/SurfaceFlinger( 1320): void main(void) {
06-01 13:24:08.322 E/SurfaceFlinger( 1320):     gl_FragColor = texture2D(sampler, outTexCoords);
06-01 13:24:08.322 E/SurfaceFlinger( 1320):     gl_FragColor.a = 1.0;
06-01 13:24:08.322 E/SurfaceFlinger( 1320):     gl_FragColor.a *= alphaPlane;
06-01 13:24:08.322 E/SurfaceFlinger( 1320): }
06-01 13:24:08.322 E/SurfaceFlinger( 1320): 
06-01 13:24:08.322 E/SurfaceFlinger( 1320): öÿÿÿÿÿÿÿŸ‘â˜
06-01 13:24:08.322 E/SurfaceFlinger( 1320): Error while linking shaders:
06-01 13:24:08.322 E/SurfaceFlinger( 1320): Error while compiling shader: 
06-01 13:24:08.322 E/SurfaceFlinger( 1320): attribute vec4 texCoords;
06-01 13:24:08.322 E/SurfaceFlinger( 1320): varying vec2 outTexCoords;
06-01 13:24:08.322 E/SurfaceFlinger( 1320): attribute vec4 position;
06-01 13:24:08.322 E/SurfaceFlinger( 1320): uniform mat4 projection;
06-01 13:24:08.322 E/SurfaceFlinger( 1320): uniform mat4 texture;
06-01 13:24:08.322 E/SurfaceFlinger( 1320): void main(void) {
06-01 13:24:08.322 E/SurfaceFlinger( 1320):     gl_Position = projection * position;
06-01 13:24:08.322 E/SurfaceFlinger( 1320):     outTexCoords = (texture * texCoords).st;
06-01 13:24:08.322 E/SurfaceFlinger( 1320): }
06-01 13:24:08.322 E/SurfaceFlinger( 1320): 
06-01 13:24:08.322 E/SurfaceFlinger( 1320): öÿÿÿÿÿÿÿŸ‘â˜
06-01 13:24:08.322 E/SurfaceFlinger( 1320): Error while compiling shader: 
06-01 13:24:08.322 E/SurfaceFlinger( 1320): #extension GL_OES_EGL_image_external : require
06-01 13:24:08.322 E/SurfaceFlinger( 1320): precision mediump float;
06-01 13:24:08.322 E/SurfaceFlinger( 1320): uniform samplerExternalOES sampler;
06-01 13:24:08.322 E/SurfaceFlinger( 1320): varying vec2 outTexCoords;
06-01 13:24:08.322 E/SurfaceFlinger( 1320): uniform float alphaPlane;
06-01 13:24:08.322 E/SurfaceFlinger( 1320): void main(void) {
06-01 13:24:08.322 E/SurfaceFlinger( 1320):     gl_FragColor = texture2D(sampler, outTexCoords);
06-01 13:24:08.322 E/SurfaceFlinger( 1320):     gl_FragColor.a = 1.0;
06-01 13:24:08.322 E/SurfaceFlinger( 1320):     gl_FragColor *= alphaPlane;
06-01 13:24:08.322 E/SurfaceFlinger( 1320): }
06-01 13:24:08.322 E/SurfaceFlinger( 1320): 
06-01 13:24:08.322 E/SurfaceFlinger( 1320): öÿÿÿÿÿÿÿŸ‘â˜
06-01 13:24:08.322 E/SurfaceFlinger( 1320): Error while linking shaders:
06-01 13:24:08.322 E/SurfaceFlinger( 1320): Error while compiling shader: 
06-01 13:24:08.322 E/SurfaceFlinger( 1320): attribute vec4 texCoords;
06-01 13:24:08.322 E/SurfaceFlinger( 1320): varying vec2 outTexCoords;
06-01 13:24:08.322 E/SurfaceFlinger( 1320): attribute vec4 position;
06-01 13:24:08.322 E/SurfaceFlinger( 1320): uniform mat4 projection;
06-01 13:24:08.322 E/SurfaceFlinger( 1320): uniform mat4 texture;
06-01 13:24:08.322 E/SurfaceFlinger( 1320): void main(void) {
06-01 13:24:08.322 E/SurfaceFlinger( 1320):     gl_Position = projection * position;
06-01 13:24:08.322 E/SurfaceFlinger( 1320):     outTexCoords = (texture * texCoords).st;
06-01 13:24:08.322 E/SurfaceFlinger( 1320): }
06-01 13:24:08.322 E/SurfaceFlinger( 1320): 
06-01 13:24:08.322 E/SurfaceFlinger( 1320): öÿÿÿÿÿÿÿŸ‘â˜
06-01 13:24:08.322 E/SurfaceFlinger( 1320): Error while compiling shader: 
06-01 13:24:08.322 E/SurfaceFlinger( 1320): precision mediump float;
06-01 13:24:08.322 E/SurfaceFlinger( 1320): uniform sampler2D sampler;
06-01 13:24:08.322 E/SurfaceFlinger( 1320): varying vec2 outTexCoords;
06-01 13:24:08.322 E/SurfaceFlinger( 1320): void main(void) {
06-01 13:24:08.322 E/SurfaceFlinger( 1320):     gl_FragColor = texture2D(sampler, outTexCoords);
06-01 13:24:08.322 E/SurfaceFlinger( 1320): }
06-01 13:24:08.322 E/SurfaceFlinger( 1320): 
06-01 13:24:08.322 E/SurfaceFlinger( 1320): öÿÿÿÿÿÿÿŸ‘â˜
06-01 13:24:08.322 E/SurfaceFlinger( 1320): Error while linking shaders:
06-01 13:24:08.322 E/SurfaceFlinger( 1320): Error while compiling shader: 
06-01 13:24:08.322 E/SurfaceFlinger( 1320): attribute vec4 texCoords;
06-01 13:24:08.322 E/SurfaceFlinger( 1320): varying vec2 outTexCoords;
06-01 13:24:08.322 E/SurfaceFlinger( 1320): attribute vec4 position;
06-01 13:24:08.322 E/SurfaceFlinger( 1320): uniform mat4 projection;
06-01 13:24:08.322 E/SurfaceFlinger( 1320): uniform mat4 texture;
06-01 13:24:08.322 E/SurfaceFlinger( 1320): void main(void) {
06-01 13:24:08.322 E/SurfaceFlinger( 1320):     gl_Position = projection * position;
06-01 13:24:08.322 E/SurfaceFlinger( 1320):     outTexCoords = (texture * texCoords).st;
06-01 13:24:08.322 E/SurfaceFlinger( 1320): }
06-01 13:24:08.322 E/SurfaceFlinger( 1320): 
06-01 13:24:08.322 E/SurfaceFlinger( 1320): öÿÿÿÿÿÿÿŸ‘â˜
06-01 13:24:08.322 E/SurfaceFlinger( 1320): Error while compiling shader: 
06-01 13:24:08.322 E/SurfaceFlinger( 1320): precision mediump float;
06-01 13:24:08.322 E/SurfaceFlinger( 1320): uniform sampler2D sampler;
06-01 13:24:08.322 E/SurfaceFlinger( 1320): varying vec2 outTexCoords;
06-01 13:24:08.322 E/SurfaceFlinger( 1320): void main(void) {
06-01 13:24:08.322 E/SurfaceFlinger( 1320):     gl_FragColor = texture2D(sampler, outTexCoords);
06-01 13:24:08.322 E/SurfaceFlinger( 1320): }
06-01 13:24:08.322 E/SurfaceFlinger( 1320): 
06-01 13:24:08.322 E/SurfaceFlinger( 1320): öÿÿÿÿÿÿÿŸ‘â˜
06-01 13:24:08.322 E/SurfaceFlinger( 1320): Error while linking shaders:
06-01 13:24:08.322 E/SurfaceFlinger( 1320): Error while compiling shader: 
06-01 13:24:08.322 E/SurfaceFlinger( 1320): attribute vec4 texCoords;
06-01 13:24:08.322 E/SurfaceFlinger( 1320): varying vec2 outTexCoords;
06-01 13:24:08.322 E/SurfaceFlinger( 1320): attribute vec4 position;
06-01 13:24:08.322 E/SurfaceFlinger( 1320): uniform mat4 projection;
06-01 13:24:08.322 E/SurfaceFlinger( 1320): uniform mat4 texture;
06-01 13:24:08.322 E/SurfaceFlinger( 1320): void main(void) {
06-01 13:24:08.322 E/SurfaceFlinger( 1320):     gl_Position = projection * position;
06-01 13:24:08.322 E/SurfaceFlinger( 1320):     outTexCoords = (texture * texCoords).st;
06-01 13:24:08.322 E/SurfaceFlinger( 1320): }
06-01 13:24:08.322 E/SurfaceFlinger( 1320): 
06-01 13:24:08.322 E/SurfaceFlinger( 1320): öÿÿÿÿÿÿÿŸ‘â˜
06-01 13:24:08.322 E/SurfaceFlinger( 1320): Error while compiling shader: 
06-01 13:24:08.322 E/SurfaceFlinger( 1320): precision mediump float;
06-01 13:24:08.322 E/SurfaceFlinger( 1320): uniform sampler2D sampler;
06-01 13:24:08.322 E/SurfaceFlinger( 1320): varying vec2 outTexCoords;
06-01 13:24:08.322 E/SurfaceFlinger( 1320): void main(void) {
06-01 13:24:08.322 E/SurfaceFlinger( 1320):     gl_FragColor = texture2D(sampler, outTexCoords);
06-01 13:24:08.322 E/SurfaceFlinger( 1320):     gl_FragColor.a = 1.0;
06-01 13:24:08.322 E/SurfaceFlinger( 1320): }
06-01 13:24:08.322 E/SurfaceFlinger( 1320): 
06-01 13:24:08.322 E/SurfaceFlinger( 1320): öÿÿÿÿÿÿÿŸ‘â˜
06-01 13:24:08.323 E/SurfaceFlinger( 1320): Error while linking shaders:
06-01 13:24:08.323 E/SurfaceFlinger( 1320): Error while compiling shader: 
06-01 13:24:08.323 E/SurfaceFlinger( 1320): attribute vec4 texCoords;
06-01 13:24:08.323 E/SurfaceFlinger( 1320): varying vec2 outTexCoords;
06-01 13:24:08.323 E/SurfaceFlinger( 1320): attribute vec4 position;
06-01 13:24:08.323 E/SurfaceFlinger( 1320): uniform mat4 projection;
06-01 13:24:08.323 E/SurfaceFlinger( 1320): uniform mat4 texture;
06-01 13:24:08.323 E/SurfaceFlinger( 1320): void main(void) {
06-01 13:24:08.323 E/SurfaceFlinger( 1320):     gl_Position = projection * position;
06-01 13:24:08.323 E/SurfaceFlinger( 1320):     outTexCoords = (texture * texCoords).st;
06-01 13:24:08.323 E/SurfaceFlinger( 1320): }
06-01 13:24:08.323 E/SurfaceFlinger( 1320): 
06-01 13:24:08.323 E/SurfaceFlinger( 1320): öÿÿÿÿÿÿÿŸ‘â˜
06-01 13:24:08.323 E/SurfaceFlinger( 1320): Error while compiling shader: 
06-01 13:24:08.323 E/SurfaceFlinger( 1320): precision mediump float;
06-01 13:24:08.323 E/SurfaceFlinger( 1320): uniform sampler2D sampler;
06-01 13:24:08.323 E/SurfaceFlinger( 1320): varying vec2 outTexCoords;
06-01 13:24:08.323 E/SurfaceFlinger( 1320): void main(void) {
06-01 13:24:08.323 E/SurfaceFlinger( 1320):     gl_FragColor = texture2D(sampler, outTexCoords);
06-01 13:24:08.323 E/SurfaceFlinger( 1320):     gl_FragColor.a = 1.0;
06-01 13:24:08.323 E/SurfaceFlinger( 1320): }
06-01 13:24:08.323 E/SurfaceFlinger( 1320): 
06-01 13:24:08.323 E/SurfaceFlinger( 1320): öÿÿÿÿÿÿÿŸ‘â˜
06-01 13:24:08.323 E/SurfaceFlinger( 1320): Error while linking shaders:
06-01 13:24:08.323 E/SurfaceFlinger( 1320): Error while compiling shader: 
06-01 13:24:08.323 E/SurfaceFlinger( 1320): attribute vec4 texCoords;
06-01 13:24:08.323 E/SurfaceFlinger( 1320): varying vec2 outTexCoords;
06-01 13:24:08.323 E/SurfaceFlinger( 1320): attribute vec4 position;
06-01 13:24:08.323 E/SurfaceFlinger( 1320): uniform mat4 projection;
06-01 13:24:08.323 E/SurfaceFlinger( 1320): uniform mat4 texture;
06-01 13:24:08.323 E/SurfaceFlinger( 1320): void main(void) {
06-01 13:24:08.323 E/SurfaceFlinger( 1320):     gl_Position = projection * position;
06-01 13:24:08.323 E/SurfaceFlinger( 1320):     outTexCoords = (texture * texCoords).st;
06-01 13:24:08.323 E/SurfaceFlinger( 1320): }
06-01 13:24:08.323 E/SurfaceFlinger( 1320): 
06-01 13:24:08.323 E/SurfaceFlinger( 1320): öÿÿÿÿÿÿÿŸ‘â˜
06-01 13:24:08.331 E/SurfaceFlinger( 1320): Error while compiling shader: 
06-01 13:24:08.331 E/SurfaceFlinger( 1320): precision mediump float;
06-01 13:24:08.331 E/SurfaceFlinger( 1320): uniform sampler2D sampler;
06-01 13:24:08.331 E/SurfaceFlinger( 1320): varying vec2 outTexCoords;
06-01 13:24:08.331 E/SurfaceFlinger( 1320): uniform float alphaPlane;
06-01 13:24:08.331 E/SurfaceFlinger( 1320): void main(void) {
