06-01 13:24:08.331 E/SurfaceFlinger( 1320):     gl_FragColor = texture2D(sampler, outTexCoords);
06-01 13:24:08.331 E/SurfaceFlinger( 1320):     gl_FragColor.a *= alphaPlane;
06-01 13:24:08.331 E/SurfaceFlinger( 1320): }
06-01 13:24:08.331 E/SurfaceFlinger( 1320): 
06-01 13:24:08.331 E/SurfaceFlinger( 1320): öÿÿÿÿÿÿÿŸ‘â˜
06-01 13:24:08.331 E/SurfaceFlinger( 1320): Error while linking shaders:
06-01 13:24:08.331 E/SurfaceFlinger( 1320): Error while compiling shader: 
06-01 13:24:08.331 E/SurfaceFlinger( 1320): attribute vec4 texCoords;
06-01 13:24:08.331 E/SurfaceFlinger( 1320): varying vec2 outTexCoords;
06-01 13:24:08.331 E/SurfaceFlinger( 1320): attribute vec4 position;
06-01 13:24:08.331 E/SurfaceFlinger( 1320): uniform mat4 projection;
06-01 13:24:08.331 E/SurfaceFlinger( 1320): uniform mat4 texture;
06-01 13:24:08.331 E/SurfaceFlinger( 1320): void main(void) {
06-01 13:24:08.331 E/SurfaceFlinger( 1320):     gl_Position = projection * position;
06-01 13:24:08.331 E/SurfaceFlinger( 1320):     outTexCoords = (texture * texCoords).st;
06-01 13:24:08.331 E/SurfaceFlinger( 1320): }
06-01 13:24:08.331 E/SurfaceFlinger( 1320): 
06-01 13:24:08.331 E/SurfaceFlinger( 1320): öÿÿÿÿÿÿÿŸ‘â˜
06-01 13:24:08.331 E/SurfaceFlinger( 1320): Error while compiling shader: 
06-01 13:24:08.331 E/SurfaceFlinger( 1320): precision mediump float;
06-01 13:24:08.331 E/SurfaceFlinger( 1320): uniform sampler2D sampler;
06-01 13:24:08.331 E/SurfaceFlinger( 1320): varying vec2 outTexCoords;
06-01 13:24:08.331 E/SurfaceFlinger( 1320): uniform float alphaPlane;
06-01 13:24:08.331 E/SurfaceFlinger( 1320): void main(void) {
06-01 13:24:08.331 E/SurfaceFlinger( 1320):     gl_FragColor = texture2D(sampler, outTexCoords);
06-01 13:24:08.331 E/SurfaceFlinger( 1320):     gl_FragColor *= alphaPlane;
06-01 13:24:08.331 E/SurfaceFlinger( 1320): }
06-01 13:24:08.331 E/SurfaceFlinger( 1320): 
06-01 13:24:08.331 E/SurfaceFlinger( 1320): öÿÿÿÿÿÿÿŸ‘â˜
06-01 13:24:08.331 E/SurfaceFlinger( 1320): Error while linking shaders:
06-01 13:24:08.334 E/SurfaceFlinger( 1320): Error while compiling shader: 
06-01 13:24:08.334 E/SurfaceFlinger( 1320): attribute vec4 texCoords;
06-01 13:24:08.334 E/SurfaceFlinger( 1320): varying vec2 outTexCoords;
06-01 13:24:08.334 E/SurfaceFlinger( 1320): attribute vec4 position;
06-01 13:24:08.334 E/SurfaceFlinger( 1320): uniform mat4 projection;
06-01 13:24:08.334 E/SurfaceFlinger( 1320): uniform mat4 texture;
06-01 13:24:08.334 E/SurfaceFlinger( 1320): void main(void) {
06-01 13:24:08.334 E/SurfaceFlinger( 1320):     gl_Position = projection * position;
06-01 13:24:08.334 E/SurfaceFlinger( 1320):     outTexCoords = (texture * texCoords).st;
06-01 13:24:08.334 E/SurfaceFlinger( 1320): }
06-01 13:24:08.334 E/SurfaceFlinger( 1320): 
06-01 13:24:08.334 E/SurfaceFlinger( 1320): öÿÿÿÿÿÿÿŸ‘â˜
06-01 13:24:08.334 E/SurfaceFlinger( 1320): Error while compiling shader: 
06-01 13:24:08.334 E/SurfaceFlinger( 1320): precision mediump float;
06-01 13:24:08.334 E/SurfaceFlinger( 1320): uniform sampler2D sampler;
06-01 13:24:08.334 E/SurfaceFlinger( 1320): varying vec2 outTexCoords;
06-01 13:24:08.334 E/SurfaceFlinger( 1320): uniform float alphaPlane;
06-01 13:24:08.334 E/SurfaceFlinger( 1320): void main(void) {
06-01 13:24:08.334 E/SurfaceFlinger( 1320):     gl_FragColor = texture2D(sampler, outTexCoords);
06-01 13:24:08.334 E/SurfaceFlinger( 1320):     gl_FragColor.a = 1.0;
06-01 13:24:08.334 E/SurfaceFlinger( 1320):     gl_FragColor.a *= alphaPlane;
06-01 13:24:08.334 E/SurfaceFlinger( 1320): }
06-01 13:24:08.334 E/SurfaceFlinger( 1320): 
06-01 13:24:08.334 E/SurfaceFlinger( 1320): öÿÿÿÿÿÿÿŸ‘â˜
06-01 13:24:08.334 E/SurfaceFlinger( 1320): Error while linking shaders:
06-01 13:24:08.334 E/SurfaceFlinger( 1320): Error while compiling shader: 
06-01 13:24:08.334 E/SurfaceFlinger( 1320): attribute vec4 texCoords;
06-01 13:24:08.334 E/SurfaceFlinger( 1320): varying vec2 outTexCoords;
06-01 13:24:08.334 E/SurfaceFlinger( 1320): attribute vec4 position;
06-01 13:24:08.334 E/SurfaceFlinger( 1320): uniform mat4 projection;
06-01 13:24:08.334 E/SurfaceFlinger( 1320): uniform mat4 texture;
06-01 13:24:08.334 E/SurfaceFlinger( 1320): void main(void) {
06-01 13:24:08.334 E/SurfaceFlinger( 1320):     gl_Position = projection * position;
06-01 13:24:08.334 E/SurfaceFlinger( 1320):     outTexCoords = (texture * texCoords).st;
06-01 13:24:08.334 E/SurfaceFlinger( 1320): }
06-01 13:24:08.334 E/SurfaceFlinger( 1320): 
06-01 13:24:08.334 E/SurfaceFlinger( 1320): öÿÿÿÿÿÿÿŸ‘â˜
06-01 13:24:08.336 W//system/bin/mediaextractor( 1332): libminijail: logging seccomp filter failures
06-01 13:24:08.341 E/SurfaceFlinger( 1320): Error while compiling shader: 
06-01 13:24:08.341 E/SurfaceFlinger( 1320): precision mediump float;
06-01 13:24:08.341 E/SurfaceFlinger( 1320): uniform sampler2D sampler;
06-01 13:24:08.341 E/SurfaceFlinger( 1320): varying vec2 outTexCoords;
06-01 13:24:08.341 E/SurfaceFlinger( 1320): uniform float alphaPlane;
06-01 13:24:08.341 E/SurfaceFlinger( 1320): void main(void) {
06-01 13:24:08.341 E/SurfaceFlinger( 1320):     gl_FragColor = texture2D(sampler, outTexCoords);
06-01 13:24:08.341 E/SurfaceFlinger( 1320):     gl_FragColor.a = 1.0;
06-01 13:24:08.341 E/SurfaceFlinger( 1320):     gl_FragColor *= alphaPlane;
06-01 13:24:08.341 E/SurfaceFlinger( 1320): }
06-01 13:24:08.341 E/SurfaceFlinger( 1320): 
06-01 13:24:08.341 E/SurfaceFlinger( 1320): öÿÿÿÿÿÿÿŸ‘â˜
06-01 13:24:08.341 E/SurfaceFlinger( 1320): Error while linking shaders:
06-01 13:24:08.341 D/SurfaceFlinger( 1320): shader cache generated - 24 shaders in 51.457043 ms
06-01 13:24:08.419 D/SurfaceFlinger( 1320): Set power mode=2, type=0 flinger=0x7f9807647000
06-01 13:24:09.234 V/EmulatedCamera_Preview( 1326): setPreviewWindow: current: 0x0 -> new: 0xe7e43150
06-01 13:24:09.234 V/EmulatedCamera_Preview( 1326): setPreviewWindow: current: 0xe7e43150 -> new: 0x0
06-01 13:24:09.234 V/EmulatedCamera_Camera( 1326): doStopPreview
06-01 13:24:09.235 V/EmulatedCamera_Preview( 1326): setPreviewWindow: current: 0x0 -> new: 0x0
06-01 13:24:09.236 V/EmulatedCamera_Camera( 1326): releaseCamera
06-01 13:24:09.236 V/EmulatedCamera_Camera( 1326): doStopPreview
06-01 13:24:09.236 V/EmulatedCamera_FakeDevice( 1326): disconnectDevice
06-01 13:24:09.236 W/EmulatedCamera_Device( 1326): Initialize: Emulated camera device is already initialized: mState = 1
06-01 13:24:09.236 D/EmulatedCamera_FakeCamera( 1326): Initialize: Fake camera is facing back
06-01 13:24:09.236 V/EmulatedCamera_Device( 1326): initializeWhiteBalanceModes with auto, 1.000000, 1.000000
06-01 13:24:09.237 V/EmulatedCamera_Device( 1326): initializeWhiteBalanceModes with incandescent, 1.380000, 0.600000
06-01 13:24:09.237 V/EmulatedCamera_Device( 1326): initializeWhiteBalanceModes with daylight, 1.090000, 0.920000
06-01 13:24:09.237 V/EmulatedCamera_Device( 1326): initializeWhiteBalanceModes with twilight, 0.920000, 1.220000
06-01 13:24:09.237 V/EmulatedCamera_Device( 1326): setWhiteBalanceMode with white balance auto
06-01 13:24:09.237 I/CameraFlashlight( 1326): Destroying camera 0
06-01 13:24:09.237 V/EmulatedCamera_Camera( 1326): closeCamera
06-01 13:24:09.237 V/EmulatedCamera_Camera( 1326): doStopPreview
06-01 13:24:09.237 W/EmulatedCamera_Device( 1326): Initialize: Emulated camera device is already initialized: mState = 1
06-01 13:24:09.237 D/EmulatedCamera_FakeCamera( 1326): Initialize: Fake camera is facing back
06-01 13:24:09.238 V/EmulatedCamera_Device( 1326): initializeWhiteBalanceModes with auto, 1.000000, 1.000000
06-01 13:24:09.238 V/EmulatedCamera_Device( 1326): initializeWhiteBalanceModes with incandescent, 1.380000, 0.600000
06-01 13:24:09.238 V/EmulatedCamera_Device( 1326): initializeWhiteBalanceModes with daylight, 1.090000, 0.920000
06-01 13:24:09.238 V/EmulatedCamera_Device( 1326): initializeWhiteBalanceModes with twilight, 0.920000, 1.220000
06-01 13:24:09.238 V/EmulatedCamera_Device( 1326): setWhiteBalanceMode with white balance auto
06-01 13:24:09.322 V/EmulatedCamera_Camera( 1326): getCameraInfo
06-01 13:24:09.322 V/EmulatedCamera_BaseCamera( 1326): getCameraInfo
06-01 13:24:09.324 I/ServiceManager( 1326): Waiting for service media.camera.proxy...
06-01 13:24:09.454 I/mediaserver( 1333): ServiceManager: 0xe963c0a0
06-01 13:24:09.520 W/BatteryNotifier( 1333): batterystats service unavailable!
06-01 13:24:10.350 I/ServiceManager( 1326): Waiting for service media.camera.proxy...
06-01 13:24:10.965 W/BatteryNotifier( 1325): batterystats service unavailable!
06-01 13:24:11.360 I/ServiceManager( 1326): Waiting for service media.camera.proxy...
06-01 13:24:12.365 I/ServiceManager( 1326): Waiting for service media.camera.proxy...
06-01 13:24:13.370 I/ServiceManager( 1326): Waiting for service media.camera.proxy...
06-01 13:24:20.425 E/hostapd ( 1877): Configuration file: /system/etc/simulated_hostapd.conf
06-01 13:24:20.484 E/ipv6proxy( 1871): Failed to forward Router Advertisement from eth0 to wlan1: Network is unreachable
06-01 13:24:20.484 E/ipv6proxy( 1871): Failed to forward Router Advertisement from eth0 to radio0-peer: Cannot assign requested address
06-01 13:24:20.846 I/hostapd ( 1877): rfkill: Cannot get wiphy information
06-01 13:24:20.848 I/hostapd ( 1877): nl80211: Could not re-add multicast membership for vendor events: -2 (No such file or directory)
06-01 13:24:20.849 I/hostapd ( 1877): wlan1: interface state UNINITIALIZED->COUNTRY_UPDATE
06-01 13:24:21.514 D/AndroidRuntime( 1323): >>>>>> START com.android.internal.os.ZygoteInit uid 0 <<<<<<
06-01 13:24:21.674 E/SurfaceFlinger( 1320): ro.sf.lcd_density must be defined as a build property
06-01 13:24:21.735 D/libEGL  ( 1791): Emulator without GPU support detected. Fallback to legacy software renderer, qemu.gles is set to 0.
06-01 13:24:21.858 D/libEGL  ( 1791): loaded /system/lib64/egl/libGLES_android.so
06-01 13:24:22.135 D/gralloc_ranchu( 1791): Emulator without host-side GPU emulation detected. Loading gralloc.default.so from /vendor/lib64/hw/gralloc.goldfish.default.so...
06-01 13:24:22.137 D/gralloc_ranchu( 1791): gralloc.default.so not found in /vendor. Trying /system/lib64/hw/gralloc.goldfish.default.so...
06-01 13:24:22.781 D/AndroidRuntime( 1323): CheckJNI is ON
06-01 13:24:22.964 D/AndroidRuntime( 1324): >>>>>> START com.android.internal.os.ZygoteInit uid 0 <<<<<<
06-01 13:24:23.107 I/art     ( 1323): option[0]=-Xzygote
06-01 13:24:23.108 I/art     ( 1323): option[1]=-Xcheck:jni
06-01 13:24:23.108 I/art     ( 1323): option[2]=-Xstacktracefile:/data/anr/traces.txt
06-01 13:24:23.108 I/art     ( 1323): option[3]=exit
06-01 13:24:23.108 I/art     ( 1323): option[4]=vfprintf
06-01 13:24:23.108 I/art     ( 1323): option[5]=sensitiveThread
06-01 13:24:23.108 I/art     ( 1323): option[6]=-verbose:gc
06-01 13:24:23.108 I/art     ( 1323): option[7]=-Xms4m
06-01 13:24:23.108 I/art     ( 1323): option[8]=-Xmx256m
06-01 13:24:23.108 I/art     ( 1323): option[9]=-Xusejit:true
06-01 13:24:23.108 I/art     ( 1323): option[10]=-Xjitsaveprofilinginfo
06-01 13:24:23.108 I/art     ( 1323): option[11]=-agentlib:jdwp=transport=dt_android_adb,suspend=n,server=y
06-01 13:24:23.109 I/art     ( 1323): option[12]=-Xlockprofthreshold:500
06-01 13:24:23.109 I/art     ( 1323): option[13]=-Ximage-compiler-option
06-01 13:24:23.109 I/art     ( 1323): option[14]=--runtime-arg
06-01 13:24:23.109 I/art     ( 1323): option[15]=-Ximage-compiler-option
06-01 13:24:23.109 I/art     ( 1323): option[16]=-Xms64m
06-01 13:24:23.109 I/art     ( 1323): option[17]=-Ximage-compiler-option
06-01 13:24:23.109 I/art     ( 1323): option[18]=--runtime-arg
06-01 13:24:23.109 I/art     ( 1323): option[19]=-Ximage-compiler-option
06-01 13:24:23.109 I/art     ( 1323): option[20]=-Xmx64m
06-01 13:24:23.109 I/art     ( 1323): option[21]=-Ximage-compiler-option
06-01 13:24:23.109 I/art     ( 1323): option[22]=--image-classes=/system/etc/preloaded-classes
06-01 13:24:23.109 I/art     ( 1323): option[23]=-Ximage-compiler-option
06-01 13:24:23.109 I/art     ( 1323): option[24]=--compiled-classes=/system/etc/compiled-classes
06-01 13:24:23.109 I/art     ( 1323): option[25]=-Xcompiler-option
06-01 13:24:23.109 I/art     ( 1323): option[26]=--runtime-arg
06-01 13:24:23.109 I/art     ( 1323): option[27]=-Xcompiler-option
06-01 13:24:23.109 I/art     ( 1323): option[28]=-Xms64m
06-01 13:24:23.109 I/art     ( 1323): option[29]=-Xcompiler-option
06-01 13:24:23.109 I/art     ( 1323): option[30]=--runtime-arg
06-01 13:24:23.109 I/art     ( 1323): option[31]=-Xcompiler-option
06-01 13:24:23.110 I/art     ( 1323): option[32]=-Xmx512m
06-01 13:24:23.140 I/art     ( 1323): option[33]=-Ximage-compiler-option
06-01 13:24:23.140 I/art     ( 1323): option[34]=--instruction-set-variant=x86_64
06-01 13:24:23.140 I/art     ( 1323): option[35]=-Xcompiler-option
06-01 13:24:23.140 I/art     ( 1323): option[36]=--instruction-set-variant=x86_64
06-01 13:24:23.140 I/art     ( 1323): option[37]=-Ximage-compiler-option
06-01 13:24:23.140 I/art     ( 1323): option[38]=--instruction-set-features=default
06-01 13:24:23.140 I/art     ( 1323): option[39]=-Xcompiler-option
06-01 13:24:23.141 I/art     ( 1323): option[40]=--instruction-set-features=default
06-01 13:24:23.141 I/art     ( 1323): option[41]=-Duser.locale=en-US
06-01 13:24:23.141 I/art     ( 1323): option[42]=--cpu-abilist=x86_64
06-01 13:24:23.141 I/art     ( 1323): option[43]=-Xfingerprint:Android/sdk_phone_x86_64/generic_x86_64:7.1.1/NYC/4931657:userdebug/test-keys
06-01 13:24:23.642 D/AndroidRuntime( 1324): CheckJNI is ON
06-01 13:24:23.951 I/art     ( 1324): option[0]=-Xzygote
06-01 13:24:23.952 I/art     ( 1324): option[1]=-Xcheck:jni
06-01 13:24:23.952 I/art     ( 1324): option[2]=-Xstacktracefile:/data/anr/traces.txt
06-01 13:24:23.952 I/art     ( 1324): option[3]=exit
06-01 13:24:23.952 I/art     ( 1324): option[4]=vfprintf
06-01 13:24:23.952 I/art     ( 1324): option[5]=sensitiveThread
06-01 13:24:23.952 I/art     ( 1324): option[6]=-verbose:gc
06-01 13:24:23.952 I/art     ( 1324): option[7]=-Xms4m
06-01 13:24:23.952 I/art     ( 1324): option[8]=-Xmx256m
06-01 13:24:23.952 I/art     ( 1324): option[9]=-Xusejit:true
06-01 13:24:23.952 I/art     ( 1324): option[10]=-Xjitsaveprofilinginfo
06-01 13:24:23.952 I/art     ( 1324): option[11]=-agentlib:jdwp=transport=dt_android_adb,suspend=n,server=y
06-01 13:24:23.952 I/art     ( 1324): option[12]=-Xlockprofthreshold:500
06-01 13:24:23.953 I/art     ( 1324): option[13]=-Ximage-compiler-option
06-01 13:24:23.953 I/art     ( 1324): option[14]=--runtime-arg
06-01 13:24:23.953 I/art     ( 1324): option[15]=-Ximage-compiler-option
06-01 13:24:23.953 I/art     ( 1324): option[16]=-Xms64m
06-01 13:24:23.953 I/art     ( 1324): option[17]=-Ximage-compiler-option
06-01 13:24:23.953 I/art     ( 1324): option[18]=--runtime-arg
06-01 13:24:23.953 I/art     ( 1324): option[19]=-Ximage-compiler-option
06-01 13:24:23.953 I/art     ( 1324): option[20]=-Xmx64m
06-01 13:24:23.953 I/art     ( 1324): option[21]=-Ximage-compiler-option
06-01 13:24:23.953 I/art     ( 1324): option[22]=--image-classes=/system/etc/preloaded-classes
06-01 13:24:23.953 I/art     ( 1324): option[23]=-Ximage-compiler-option
06-01 13:24:23.953 I/art     ( 1324): option[24]=--compiled-classes=/system/etc/compiled-classes
06-01 13:24:23.953 I/art     ( 1324): option[25]=-Xcompiler-option
06-01 13:24:23.953 I/art     ( 1324): option[26]=--runtime-arg
06-01 13:24:23.953 I/art     ( 1324): option[27]=-Xcompiler-option
06-01 13:24:23.953 I/art     ( 1324): option[28]=-Xms64m
06-01 13:24:23.953 I/art     ( 1324): option[29]=-Xcompiler-option
06-01 13:24:23.953 I/art     ( 1324): option[30]=--runtime-arg
06-01 13:24:23.954 I/art     ( 1324): option[31]=-Xcompiler-option
06-01 13:24:23.954 I/art     ( 1324): option[32]=-Xmx512m
06-01 13:24:23.954 I/art     ( 1324): option[33]=-Ximage-compiler-option
06-01 13:24:23.954 I/art     ( 1324): option[34]=--instruction-set-variant=x86
06-01 13:24:23.954 I/art     ( 1324): option[35]=-Xcompiler-option
06-01 13:24:23.954 I/art     ( 1324): option[36]=--instruction-set-variant=x86
06-01 13:24:23.954 I/art     ( 1324): option[37]=-Ximage-compiler-option
06-01 13:24:23.954 I/art     ( 1324): option[38]=--instruction-set-features=default
06-01 13:24:23.954 I/art     ( 1324): option[39]=-Xcompiler-option
06-01 13:24:23.954 I/art     ( 1324): option[40]=--instruction-set-features=default
06-01 13:24:23.954 I/art     ( 1324): option[41]=-Duser.locale=en-US
06-01 13:24:23.954 I/art     ( 1324): option[42]=--cpu-abilist=x86
06-01 13:24:23.954 I/art     ( 1324): option[43]=-Xfingerprint:Android/sdk_phone_x86_64/generic_x86_64:7.1.1/NYC/4931657:userdebug/test-keys
06-01 13:24:24.582 E/ipv6proxy( 1871): Failed to forward Router Advertisement from eth0 to wlan1: Network is unreachable
06-01 13:24:25.948 I/hostapd ( 1877): wlan1: interface state COUNTRY_UPDATE->HT_SCAN
06-01 13:24:27.486 E/hostapd ( 1877): Using interface wlan1 with hwaddr 02:00:00:00:01:00 and ssid "AndroidWifi"
06-01 13:24:27.561 I/hostapd ( 1877): wlan1: interface state HT_SCAN->ENABLED
06-01 13:24:27.561 I/hostapd ( 1877): wlan1: AP-ENABLED 
06-01 13:24:32.541 D/ICU     ( 1323): No timezone override file found: /data/misc/zoneinfo/current/icu/icu_tzdata.dat
06-01 13:24:33.099 D/ICU     ( 1324): No timezone override file found: /data/misc/zoneinfo/current/icu/icu_tzdata.dat
06-01 13:24:38.083 E/memtrack( 1323): Couldn't load memtrack module (No such file or directory)
06-01 13:24:38.083 E/android.os.Debug( 1323): failed to load memtrack module: -2
06-01 13:24:38.151 I/Radio-JNI( 1323): register_android_hardware_Radio DONE
06-01 13:24:38.598 E/memtrack( 1324): Couldn't load memtrack module (No such file or directory)
06-01 13:24:38.598 E/android.os.Debug( 1324): failed to load memtrack module: -2
06-01 13:24:38.709 I/Radio-JNI( 1324): register_android_hardware_Radio DONE
06-01 13:24:38.810 I/SamplingProfilerIntegration( 1323): Profiling disabled.
06-01 13:24:38.885 D/Zygote  ( 1323): begin preload
06-01 13:24:38.885 I/Zygote  ( 1323): Installing ICU cache reference pinning...
06-01 13:24:38.900 I/Zygote  ( 1323): Preloading ICU data...
06-01 13:24:39.520 I/SamplingProfilerIntegration( 1324): Profiling disabled.
06-01 13:24:39.654 D/Zygote  ( 1324): begin preload
06-01 13:24:39.654 I/Zygote  ( 1324): Installing ICU cache reference pinning...
06-01 13:24:39.699 I/Zygote  ( 1324): Preloading ICU data...
06-01 13:24:41.326 I/Zygote  ( 1323): Preloading classes...
06-01 13:24:41.948 W/Zygote  ( 1323): Class not found for preloading: [Landroid.view.Display$ColorTransform;
06-01 13:24:42.010 I/Zygote  ( 1324): Preloading classes...
06-01 13:24:42.356 W/Zygote  ( 1324): Class not found for preloading: [Landroid.view.Display$ColorTransform;
06-01 13:24:49.321 E/Typeface( 1323): Error mapping font file /system/fonts/DroidSansFallback.ttf
06-01 13:24:49.452 E/Typeface( 1324): Error mapping font file /system/fonts/DroidSansFallback.ttf
06-01 13:24:55.163 W/art     ( 1323): Suspending all threads took: 37.447ms
06-01 13:24:55.603 I/art     ( 1323): Background concurrent mark sweep GC freed 21948(2MB) AllocSpace objects, 117(2MB) LOS objects, 33% free, 2MB/4MB, paused 42.733ms total 857.341ms
06-01 13:24:55.841 I/art     ( 1324): Background concurrent mark sweep GC freed 21944(2MB) AllocSpace objects, 75(1336KB) LOS objects, 33% free, 2MB/3MB, paused 3.284ms total 1.012s
06-01 13:24:55.971 I/art     ( 1324): Background sticky concurrent mark sweep GC freed 146(630KB) AllocSpace objects, 46(920KB) LOS objects, 32% free, 2MB/3MB, paused 545us total 100.514ms
06-01 13:24:56.881 I/art     ( 1323): Thread[1,tid=1323,Native,Thread*=0x78b946e95a00,peer=0x12c060d0,"main"] recursive attempt to load library "/system/lib64/libmedia_jni.so"
06-01 13:24:56.944 D/MtpDeviceJNI( 1323): register_android_mtp_MtpDevice
06-01 13:24:56.952 I/art     ( 1323): Thread[1,tid=1323,Native,Thread*=0x78b946e95a00,peer=0x12c060d0,"main"] recursive attempt to load library "/system/lib64/libmedia_jni.so"
06-01 13:24:56.953 I/art     ( 1323): Thread[1,tid=1323,Native,Thread*=0x78b946e95a00,peer=0x12c060d0,"main"] recursive attempt to load library "/system/lib64/libmedia_jni.so"
06-01 13:24:57.135 I/art     ( 1324): Thread[1,tid=1324,Native,Thread*=0xedc8b400,peer=0x12c060d0,"main"] recursive attempt to load library "/system/lib/libmedia_jni.so"
06-01 13:24:57.180 D/MtpDeviceJNI( 1324): register_android_mtp_MtpDevice
06-01 13:24:57.232 I/art     ( 1324): Thread[1,tid=1324,Native,Thread*=0xedc8b400,peer=0x12c060d0,"main"] recursive attempt to load library "/system/lib/libmedia_jni.so"
06-01 13:24:57.344 I/art     ( 1324): Thread[1,tid=1324,Native,Thread*=0xedc8b400,peer=0x12c060d0,"main"] recursive attempt to load library "/system/lib/libmedia_jni.so"
06-01 13:24:58.480 W/art     ( 1323): Suspending all threads took: 35.681ms
06-01 13:24:58.608 I/art     ( 1323): Background sticky concurrent mark sweep GC freed 4524(1930KB) AllocSpace objects, 13(220KB) LOS objects, 62% free, 1564KB/4MB, paused 106.099ms total 258.956ms
06-01 13:25:01.247 W/Zygote  ( 1324): Class not found for preloading: android.view.Display$ColorTransform
06-01 13:25:01.248 W/Zygote  ( 1324): Class not found for preloading: android.view.Display$ColorTransform$1
06-01 13:25:01.473 W/Zygote  ( 1323): Class not found for preloading: android.view.Display$ColorTransform
06-01 13:25:01.474 W/Zygote  ( 1323): Class not found for preloading: android.view.Display$ColorTransform$1
06-01 13:25:02.993 I/art     ( 1324): Background sticky concurrent mark sweep GC freed 11075(1706KB) AllocSpace objects, 10(160KB) LOS objects, 54% free, 1610KB/3MB, paused 583us total 289.719ms
06-01 13:25:06.096 I/System  ( 1324): Loaded time zone names for "" in 1606ms (1559ms in ICU)
06-01 13:25:06.693 I/System  ( 1323): Loaded time zone names for "" in 1571ms (1545ms in ICU)
06-01 13:25:07.080 I/System  ( 1324): Loaded time zone names for "en_US" in 982ms (867ms in ICU)
06-01 13:25:07.327 I/System  ( 1323): Loaded time zone names for "en_US" in 632ms (628ms in ICU)
06-01 13:25:08.384 I/Zygote  ( 1323): ...preloaded 4158 classes in 27057ms.
06-01 13:25:08.385 I/art     ( 1323): VMRuntime.preloadDexCaches starting
06-01 13:25:08.406 I/Zygote  ( 1324): ...preloaded 4158 classes in 26395ms.
06-01 13:25:08.407 I/art     ( 1324): VMRuntime.preloadDexCaches starting
06-01 13:25:10.415 I/art     ( 1323): VMRuntime.preloadDexCaches strings total=283712 before=39625 after=39625
06-01 13:25:10.416 I/art     ( 1323): VMRuntime.preloadDexCaches types total=23581 before=7877 after=7904
06-01 13:25:10.416 I/art     ( 1323): VMRuntime.preloadDexCaches fields total=112007 before=40903 after=41117
06-01 13:25:10.417 I/art     ( 1323): VMRuntime.preloadDexCaches methods total=197534 before=82457 after=83017
06-01 13:25:10.417 I/art     ( 1323): VMRuntime.preloadDexCaches finished
06-01 13:25:10.481 I/art     ( 1324): VMRuntime.preloadDexCaches strings total=283712 before=39625 after=39625
06-01 13:25:10.484 I/art     ( 1324): VMRuntime.preloadDexCaches types total=23581 before=7877 after=7904
06-01 13:25:10.485 I/art     ( 1324): VMRuntime.preloadDexCaches fields total=112007 before=40903 after=41117
06-01 13:25:10.485 I/art     ( 1324): VMRuntime.preloadDexCaches methods total=197534 before=82457 after=83017
06-01 13:25:10.485 I/art     ( 1324): VMRuntime.preloadDexCaches finished
06-01 13:25:10.537 I/Zygote  ( 1323): Preloading resources...
06-01 13:25:10.619 I/Zygote  ( 1324): Preloading resources...
06-01 13:25:12.731 W/Resources( 1323): Preloaded drawable resource #0x108025c (android:drawable/dialog_background_material) that varies with configuration!!
06-01 13:25:12.824 W/Resources( 1323): Preloaded drawable resource #0x1080298 (android:drawable/editbox_dropdown_background_dark) that varies with configuration!!
06-01 13:25:13.062 W/Resources( 1324): Preloaded drawable resource #0x108025c (android:drawable/dialog_background_material) that varies with configuration!!
06-01 13:25:13.067 W/Resources( 1324): Preloaded drawable resource #0x1080298 (android:drawable/editbox_dropdown_background_dark) that varies with configuration!!
06-01 13:25:13.175 W/Resources( 1323): Preloaded color resource #0x10600e2 (android:color/material_grey_800) that varies with configuration!!
06-01 13:25:13.175 W/Resources( 1323): Preloaded drawable resource #0x10802c9 (android:drawable/floating_popup_background_dark) that varies with configuration!!
06-01 13:25:13.397 W/Resources( 1324): Preloaded color resource #0x10600e2 (android:color/material_grey_800) that varies with configuration!!
06-01 13:25:13.397 W/Resources( 1324): Preloaded drawable resource #0x10802c9 (android:drawable/floating_popup_background_dark) that varies with configuration!!
06-01 13:25:13.713 I/art     ( 1323): Background sticky concurrent mark sweep GC freed 21517(1375KB) AllocSpace objects, 0(0B) LOS objects, 18% free, 3MB/4MB, paused 1.481ms total 348.476ms
06-01 13:25:13.814 W/art     ( 1324): Suspending all threads took: 27.807ms
06-01 13:25:13.982 I/art     ( 1324): Background sticky concurrent mark sweep GC freed 14792(921KB) AllocSpace objects, 0(0B) LOS objects, 17% free, 2MB/3MB, paused 30.194ms total 384.720ms
06-01 13:25:14.031 W/Resources( 1323): Preloaded drawable resource #0x108030b (android:drawable/ic_clear_disabled) that varies with configuration!!
06-01 13:25:14.034 W/Resources( 1323): Preloaded drawable resource #0x1080310 (android:drawable/ic_clear_normal) that varies with configuration!!
06-01 13:25:14.063 W/Resources( 1323): Preloaded drawable resource #0x1080359 (android:drawable/ic_go) that varies with configuration!!
06-01 13:25:14.230 I/art     ( 1323): Background concurrent mark sweep GC freed 3059(165KB) AllocSpace objects, 5(132KB) LOS objects, 50% free, 3MB/7MB, paused 551us total 116.359ms
06-01 13:25:14.375 I/art     ( 1324): Background concurrent mark sweep GC freed 2870(196KB) AllocSpace objects, 3(72KB) LOS objects, 54% free, 3MB/7MB, paused 574us total 223.116ms
06-01 13:25:14.391 W/Resources( 1323): Preloaded drawable resource #0x1080038 (android:drawable/ic_menu_close_clear_cancel) that varies with configuration!!
06-01 13:25:14.404 W/Resources( 1323): Preloaded drawable resource #0x1080045 (android:drawable/ic_menu_more) that varies with configuration!!
06-01 13:25:14.615 W/Resources( 1324): Preloaded drawable resource #0x108030b (android:drawable/ic_clear_disabled) that varies with configuration!!
06-01 13:25:14.617 W/Resources( 1324): Preloaded drawable resource #0x1080310 (android:drawable/ic_clear_normal) that varies with configuration!!
06-01 13:25:14.856 W/Resources( 1324): Preloaded drawable resource #0x1080359 (android:drawable/ic_go) that varies with configuration!!
06-01 13:25:14.924 W/Resources( 1323): Preloaded drawable resource #0x10804e8 (android:drawable/menu_background_fill_parent_width) that varies with configuration!!
06-01 13:25:15.102 W/Resources( 1324): Preloaded drawable resource #0x1080038 (android:drawable/ic_menu_close_clear_cancel) that varies with configuration!!
06-01 13:25:15.198 W/Resources( 1324): Preloaded drawable resource #0x1080045 (android:drawable/ic_menu_more) that varies with configuration!!
06-01 13:25:15.498 W/Resources( 1324): Preloaded drawable resource #0x10804e8 (android:drawable/menu_background_fill_parent_width) that varies with configuration!!
06-01 13:25:16.602 V/NatController( 1334): runCmd(/system/bin/iptables -w -F natctrl_FORWARD) res=0
06-01 13:25:17.161 V/NatController( 1334): runCmd(/system/bin/ip6tables -w -F natctrl_FORWARD) res=0
06-01 13:25:17.181 W/Resources( 1323): Preloaded drawable resource #0x108077e (android:drawable/text_edit_paste_window) that varies with configuration!!
06-01 13:25:17.332 W/Resources( 1323): Preloaded drawable resource #0x1080096 (android:drawable/toast_frame) that varies with configuration!!
06-01 13:25:17.333 I/Zygote  ( 1323): ...preloaded 114 resources in 6794ms.
06-01 13:25:17.426 W/Resources( 1324): Preloaded drawable resource #0x108077e (android:drawable/text_edit_paste_window) that varies with configuration!!
06-01 13:25:17.457 W/Resources( 1323): Preloaded color resource #0x106010b (android:color/background_cache_hint_selector_material_dark) that varies with configuration!!
06-01 13:25:17.483 W/Resources( 1323): Preloaded color resource #0x1060110 (android:color/btn_default_material_dark) that varies with configuration!!
06-01 13:25:17.502 I/Zygote  ( 1323): ...preloaded 41 resources in 169ms.
06-01 13:25:17.504 D/libEGL  ( 1323): Emulator without GPU support detected. Fallback to legacy software renderer, qemu.gles is set to 0.
06-01 13:25:17.598 W/Resources( 1324): Preloaded drawable resource #0x1080096 (android:drawable/toast_frame) that varies with configuration!!
06-01 13:25:17.615 I/Zygote  ( 1324): ...preloaded 114 resources in 6995ms.
06-01 13:25:17.672 D/libEGL  ( 1323): loaded /system/lib64/egl/libGLES_android.so
06-01 13:25:17.691 V/NatController( 1334): runCmd(/system/bin/iptables -w -A natctrl_FORWARD -j DROP) res=0
06-01 13:25:17.882 W/Resources( 1324): Preloaded color resource #0x106010b (android:color/background_cache_hint_selector_material_dark) that varies with configuration!!
06-01 13:25:17.885 W/Resources( 1324): Preloaded color resource #0x1060110 (android:color/btn_default_material_dark) that varies with configuration!!
06-01 13:25:17.925 I/Zygote  ( 1324): ...preloaded 41 resources in 309ms.
06-01 13:25:17.926 D/libEGL  ( 1324): Emulator without GPU support detected. Fallback to legacy software renderer, qemu.gles is set to 0.
06-01 13:25:18.134 D/libEGL  ( 1324): loaded /system/lib/egl/libGLES_android.so
06-01 13:25:18.202 V/NatController( 1334): runCmd(/system/bin/iptables -w -t nat -F natctrl_nat_POSTROUTING) res=0
06-01 13:25:18.810 V/NatController( 1334): runCmd(/system/bin/ip6tables -w -t raw -F natctrl_raw_PREROUTING) res=0
06-01 13:25:18.885 I/Zygote  ( 1323): Preloading shared libraries...
06-01 13:25:19.292 E/Hyphenator( 1323): error loading hyphenation /system/usr/hyphen-data/hyph-as.hyb
06-01 13:25:19.292 E/Hyphenator( 1323): java.io.FileNotFoundException: /system/usr/hyphen-data/hyph-as.hyb: open failed: ENOENT (No such file or directory)
06-01 13:25:19.292 E/Hyphenator( 1323): 	at libcore.io.IoBridge.open(IoBridge.java:455)
06-01 13:25:19.292 E/Hyphenator( 1323): 	at java.io.RandomAccessFile.<init>(RandomAccessFile.java:247)
06-01 13:25:19.292 E/Hyphenator( 1323): 	at android.text.Hyphenator.loadHyphenator(Hyphenator.java:118)
06-01 13:25:19.292 E/Hyphenator( 1323): 	at android.text.Hyphenator.init(Hyphenator.java:224)
06-01 13:25:19.292 E/Hyphenator( 1323): 	at com.android.internal.os.ZygoteInit.preloadTextResources(ZygoteInit.java:252)
06-01 13:25:19.292 E/Hyphenator( 1323): 	at com.android.internal.os.ZygoteInit.preload(ZygoteInit.java:206)
06-01 13:25:19.292 E/Hyphenator( 1323): 	at com.android.internal.os.ZygoteInit.main(ZygoteInit.java:743)
06-01 13:25:19.292 E/Hyphenator( 1323): Caused by: android.system.ErrnoException: open failed: ENOENT (No such file or directory)
06-01 13:25:19.292 E/Hyphenator( 1323): 	at libcore.io.Posix.open(Native Method)
06-01 13:25:19.292 E/Hyphenator( 1323): 	at libcore.io.BlockGuardOs.open(BlockGuardOs.java:187)
06-01 13:25:19.292 E/Hyphenator( 1323): 	at libcore.io.IoBridge.open(IoBridge.java:441)
06-01 13:25:19.292 E/Hyphenator( 1323): 	... 6 more
06-01 13:25:19.294 E/Hyphenator( 1323): error loading hyphenation /system/usr/hyphen-data/hyph-bn.hyb
06-01 13:25:19.294 E/Hyphenator( 1323): java.io.FileNotFoundException: /system/usr/hyphen-data/hyph-bn.hyb: open failed: ENOENT (No such file or directory)
06-01 13:25:19.294 E/Hyphenator( 1323): 	at libcore.io.IoBridge.open(IoBridge.java:455)
06-01 13:25:19.294 E/Hyphenator( 1323): 	at java.io.RandomAccessFile.<init>(RandomAccessFile.java:247)
06-01 13:25:19.294 E/Hyphenator( 1323): 	at android.text.Hyphenator.loadHyphenator(Hyphenator.java:118)
06-01 13:25:19.294 E/Hyphenator( 1323): 	at android.text.Hyphenator.init(Hyphenator.java:224)
06-01 13:25:19.294 E/Hyphenator( 1323): 	at com.android.internal.os.ZygoteInit.preloadTextResources(ZygoteInit.java:252)
06-01 13:25:19.294 E/Hyphenator( 1323): 	at com.android.internal.os.ZygoteInit.preload(ZygoteInit.java:206)
06-01 13:25:19.294 E/Hyphenator( 1323): 	at com.android.internal.os.ZygoteInit.main(ZygoteInit.java:743)
06-01 13:25:19.294 E/Hyphenator( 1323): Caused by: android.system.ErrnoException: open failed: ENOENT (No such file or directory)
06-01 13:25:19.294 E/Hyphenator( 1323): 	at libcore.io.Posix.open(Native Method)
06-01 13:25:19.294 E/Hyphenator( 1323): 	at libcore.io.BlockGuardOs.open(BlockGuardOs.java:187)
06-01 13:25:19.294 E/Hyphenator( 1323): 	at libcore.io.IoBridge.open(IoBridge.java:441)
06-01 13:25:19.294 E/Hyphenator( 1323): 	... 6 more
06-01 13:25:19.296 E/Hyphenator( 1323): error loading hyphenation /system/usr/hyphen-data/hyph-cy.hyb
06-01 13:25:19.296 E/Hyphenator( 1323): java.io.FileNotFoundException: /system/usr/hyphen-data/hyph-cy.hyb: open failed: ENOENT (No such file or directory)
06-01 13:25:19.296 E/Hyphenator( 1323): 	at libcore.io.IoBridge.open(IoBridge.java:455)
06-01 13:25:19.296 E/Hyphenator( 1323): 	at java.io.RandomAccessFile.<init>(RandomAccessFile.java:247)
06-01 13:25:19.296 E/Hyphenator( 1323): 	at android.text.Hyphenator.loadHyphenator(Hyphenator.java:118)
06-01 13:25:19.296 E/Hyphenator( 1323): 	at android.text.Hyphenator.init(Hyphenator.java:224)
06-01 13:25:19.296 E/Hyphenator( 1323): 	at com.android.internal.os.ZygoteInit.preloadTextResources(ZygoteInit.java:252)
06-01 13:25:19.296 E/Hyphenator( 1323): 	at com.android.internal.os.ZygoteInit.preload(ZygoteInit.java:206)
06-01 13:25:19.296 E/Hyphenator( 1323): 	at com.android.internal.os.ZygoteInit.main(ZygoteInit.java:743)
06-01 13:25:19.296 E/Hyphenator( 1323): Caused by: android.system.ErrnoException: open failed: ENOENT (No such file or directory)
06-01 13:25:19.296 E/Hyphenator( 1323): 	at libcore.io.Posix.open(Native Method)
06-01 13:25:19.296 E/Hyphenator( 1323): 	at libcore.io.BlockGuardOs.open(BlockGuardOs.java:187)
06-01 13:25:19.296 E/Hyphenator( 1323): 	at libcore.io.IoBridge.open(IoBridge.java:441)
06-01 13:25:19.296 E/Hyphenator( 1323): 	... 6 more
06-01 13:25:19.297 E/Hyphenator( 1323): error loading hyphenation /system/usr/hyphen-data/hyph-da.hyb
06-01 13:25:19.297 E/Hyphenator( 1323): java.io.FileNotFoundException: /system/usr/hyphen-data/hyph-da.hyb: open failed: ENOENT (No such file or directory)
06-01 13:25:19.297 E/Hyphenator( 1323): 	at libcore.io.IoBridge.open(IoBridge.java:455)
06-01 13:25:19.297 E/Hyphenator( 1323): 	at java.io.RandomAccessFile.<init>(RandomAccessFile.java:247)
06-01 13:25:19.297 E/Hyphenator( 1323): 	at android.text.Hyphenator.loadHyphenator(Hyphenator.java:118)
06-01 13:25:19.297 E/Hyphenator( 1323): 	at android.text.Hyphenator.init(Hyphenator.java:224)
06-01 13:25:19.297 E/Hyphenator( 1323): 	at com.android.internal.os.ZygoteInit.preloadTextResources(ZygoteInit.java:252)
06-01 13:25:19.297 E/Hyphenator( 1323): 	at com.android.internal.os.ZygoteInit.preload(ZygoteInit.java:206)
06-01 13:25:19.297 E/Hyphenator( 1323): 	at com.android.internal.os.ZygoteInit.main(ZygoteInit.java:743)
06-01 13:25:19.297 E/Hyphenator( 1323): Caused by: android.system.ErrnoException: open failed: ENOENT (No such file or directory)
06-01 13:25:19.297 E/Hyphenator( 1323): 	at libcore.io.Posix.open(Native Method)
06-01 13:25:19.297 E/Hyphenator( 1323): 	at libcore.io.BlockGuardOs.open(BlockGuardOs.java:187)
06-01 13:25:19.297 E/Hyphenator( 1323): 	at libcore.io.IoBridge.open(IoBridge.java:441)
06-01 13:25:19.297 E/Hyphenator( 1323): 	... 6 more
06-01 13:25:19.298 E/Hyphenator( 1323): error loading hyphenation /system/usr/hyphen-data/hyph-de-1901.hyb
06-01 13:25:19.298 E/Hyphenator( 1323): java.io.FileNotFoundException: /system/usr/hyphen-data/hyph-de-1901.hyb: open failed: ENOENT (No such file or directory)
06-01 13:25:19.298 E/Hyphenator( 1323): 	at libcore.io.IoBridge.open(IoBridge.java:455)
06-01 13:25:19.298 E/Hyphenator( 1323): 	at java.io.RandomAccessFile.<init>(RandomAccessFile.java:247)
06-01 13:25:19.298 E/Hyphenator( 1323): 	at android.text.Hyphenator.loadHyphenator(Hyphenator.java:118)
06-01 13:25:19.298 E/Hyphenator( 1323): 	at android.text.Hyphenator.init(Hyphenator.java:224)
06-01 13:25:19.298 E/Hyphenator( 1323): 	at com.android.internal.os.ZygoteInit.preloadTextResources(ZygoteInit.java:252)
06-01 13:25:19.298 E/Hyphenator( 1323): 	at com.android.internal.os.ZygoteInit.preload(ZygoteInit.java:206)
06-01 13:25:19.298 E/Hyphenator( 1323): 	at com.android.internal.os.ZygoteInit.main(ZygoteInit.java:743)
06-01 13:25:19.298 E/Hyphenator( 1323): Caused by: android.system.ErrnoException: open failed: ENOENT (No such file or directory)
06-01 13:25:19.298 E/Hyphenator( 1323): 	at libcore.io.Posix.open(Native Method)
06-01 13:25:19.298 E/Hyphenator( 1323): 	at libcore.io.BlockGuardOs.open(BlockGuardOs.java:187)
06-01 13:25:19.298 E/Hyphenator( 1323): 	at libcore.io.IoBridge.open(IoBridge.java:441)
06-01 13:25:19.298 E/Hyphenator( 1323): 	... 6 more
06-01 13:25:19.331 E/Hyphenator( 1323): error loading hyphenation /system/usr/hyphen-data/hyph-de-1996.hyb
06-01 13:25:19.331 E/Hyphenator( 1323): java.io.FileNotFoundException: /system/usr/hyphen-data/hyph-de-1996.hyb: open failed: ENOENT (No such file or directory)
06-01 13:25:19.331 E/Hyphenator( 1323): 	at libcore.io.IoBridge.open(IoBridge.java:455)
06-01 13:25:19.331 E/Hyphenator( 1323): 	at java.io.RandomAccessFile.<init>(RandomAccessFile.java:247)
06-01 13:25:19.331 E/Hyphenator( 1323): 	at android.text.Hyphenator.loadHyphenator(Hyphenator.java:118)
06-01 13:25:19.331 E/Hyphenator( 1323): 	at android.text.Hyphenator.init(Hyphenator.java:224)
06-01 13:25:19.331 E/Hyphenator( 1323): 	at com.android.internal.os.ZygoteInit.preloadTextResources(ZygoteInit.java:252)
06-01 13:25:19.331 E/Hyphenator( 1323): 	at com.android.internal.os.ZygoteInit.preload(ZygoteInit.java:206)
06-01 13:25:19.331 E/Hyphenator( 1323): 	at com.android.internal.os.ZygoteInit.main(ZygoteInit.java:743)
06-01 13:25:19.331 E/Hyphenator( 1323): Caused by: android.system.ErrnoException: open failed: ENOENT (No such file or directory)
06-01 13:25:19.331 E/Hyphenator( 1323): 	at libcore.io.Posix.open(Native Method)
06-01 13:25:19.331 E/Hyphenator( 1323): 	at libcore.io.BlockGuardOs.open(BlockGuardOs.java:187)
06-01 13:25:19.331 E/Hyphenator( 1323): 	at libcore.io.IoBridge.open(IoBridge.java:441)
06-01 13:25:19.331 E/Hyphenator( 1323): 	... 6 more
06-01 13:25:19.333 E/Hyphenator( 1323): error loading hyphenation /system/usr/hyphen-data/hyph-de-ch-1901.hyb
06-01 13:25:19.333 E/Hyphenator( 1323): java.io.FileNotFoundException: /system/usr/hyphen-data/hyph-de-ch-1901.hyb: open failed: ENOENT (No such file or directory)
06-01 13:25:19.333 E/Hyphenator( 1323): 	at libcore.io.IoBridge.open(IoBridge.java:455)
06-01 13:25:19.333 E/Hyphenator( 1323): 	at java.io.RandomAccessFile.<init>(RandomAccessFile.java:247)
06-01 13:25:19.333 E/Hyphenator( 1323): 	at android.text.Hyphenator.loadHyphenator(Hyphenator.java:118)
06-01 13:25:19.333 E/Hyphenator( 1323): 	at android.text.Hyphenator.init(Hyphenator.java:224)
06-01 13:25:19.333 E/Hyphenator( 1323): 	at com.android.internal.os.ZygoteInit.preloadTextResources(ZygoteInit.java:252)
06-01 13:25:19.333 E/Hyphenator( 1323): 	at com.android.internal.os.ZygoteInit.preload(ZygoteInit.java:206)
06-01 13:25:19.333 E/Hyphenator( 1323): 	at com.android.internal.os.ZygoteInit.main(ZygoteInit.java:743)
06-01 13:25:19.333 E/Hyphenator( 1323): Caused by: android.system.ErrnoException: open failed: ENOENT (No such file or directory)
06-01 13:25:19.333 E/Hyphenator( 1323): 	at libcore.io.Posix.open(Native Method)
06-01 13:25:19.333 E/Hyphenator( 1323): 	at libcore.io.BlockGuardOs.open(BlockGuardOs.java:187)
06-01 13:25:19.333 E/Hyphenator( 1323): 	at libcore.io.IoBridge.open(IoBridge.java:441)
06-01 13:25:19.333 E/Hyphenator( 1323): 	... 6 more
06-01 13:25:19.335 E/Hyphenator( 1323): error loading hyphenation /system/usr/hyphen-data/hyph-en-gb.hyb
06-01 13:25:19.335 E/Hyphenator( 1323): java.io.FileNotFoundException: /system/usr/hyphen-data/hyph-en-gb.hyb: open failed: ENOENT (No such file or directory)
06-01 13:25:19.335 E/Hyphenator( 1323): 	at libcore.io.IoBridge.open(IoBridge.java:455)
06-01 13:25:19.335 E/Hyphenator( 1323): 	at java.io.RandomAccessFile.<init>(RandomAccessFile.java:247)
06-01 13:25:19.335 E/Hyphenator( 1323): 	at android.text.Hyphenator.loadHyphenator(Hyphenator.java:118)
06-01 13:25:19.335 E/Hyphenator( 1323): 	at android.text.Hyphenator.init(Hyphenator.java:224)
06-01 13:25:19.335 E/Hyphenator( 1323): 	at com.android.internal.os.ZygoteInit.preloadTextResources(ZygoteInit.java:252)
06-01 13:25:19.335 E/Hyphenator( 1323): 	at com.android.internal.os.ZygoteInit.preload(ZygoteInit.java:206)
06-01 13:25:19.335 E/Hyphenator( 1323): 	at com.android.internal.os.ZygoteInit.main(ZygoteInit.java:743)
06-01 13:25:19.335 E/Hyphenator( 1323): Caused by: android.system.ErrnoException: open failed: ENOENT (No such file or directory)
06-01 13:25:19.335 E/Hyphenator( 1323): 	at libcore.io.Posix.open(Native Method)
06-01 13:25:19.335 E/Hyphenator( 1323): 	at libcore.io.BlockGuardOs.open(BlockGuardOs.java:187)
06-01 13:25:19.335 E/Hyphenator( 1323): 	at libcore.io.IoBridge.open(IoBridge.java:441)
06-01 13:25:19.335 E/Hyphenator( 1323): 	... 6 more
06-01 13:25:19.336 E/Hyphenator( 1323): error loading hyphenation /system/usr/hyphen-data/hyph-en-us.hyb
06-01 13:25:19.336 E/Hyphenator( 1323): java.io.FileNotFoundException: /system/usr/hyphen-data/hyph-en-us.hyb: open failed: ENOENT (No such file or directory)
06-01 13:25:19.336 E/Hyphenator( 1323): 	at libcore.io.IoBridge.open(IoBridge.java:455)
06-01 13:25:19.336 E/Hyphenator( 1323): 	at java.io.RandomAccessFile.<init>(RandomAccessFile.java:247)
06-01 13:25:19.336 E/Hyphenator( 1323): 	at android.text.Hyphenator.loadHyphenator(Hyphenator.java:118)
06-01 13:25:19.336 E/Hyphenator( 1323): 	at android.text.Hyphenator.init(Hyphenator.java:224)
06-01 13:25:19.336 E/Hyphenator( 1323): 	at com.android.internal.os.ZygoteInit.preloadTextResources(ZygoteInit.java:252)
06-01 13:25:19.336 E/Hyphenator( 1323): 	at com.android.internal.os.ZygoteInit.preload(ZygoteInit.java:206)
06-01 13:25:19.336 E/Hyphenator( 1323): 	at com.android.internal.os.ZygoteInit.main(ZygoteInit.java:743)
06-01 13:25:19.336 E/Hyphenator( 1323): Caused by: android.system.ErrnoException: open failed: ENOENT (No such file or directory)
06-01 13:25:19.336 E/Hyphenator( 1323): 	at libcore.io.Posix.open(Native Method)
06-01 13:25:19.336 E/Hyphenator( 1323): 	at libcore.io.BlockGuardOs.open(BlockGuardOs.java:187)
06-01 13:25:19.336 E/Hyphenator( 1323): 	at libcore.io.IoBridge.open(IoBridge.java:441)
06-01 13:25:19.336 E/Hyphenator( 1323): 	... 6 more
06-01 13:25:19.338 E/Hyphenator( 1323): error loading hyphenation /system/usr/hyphen-data/hyph-es.hyb
06-01 13:25:19.338 E/Hyphenator( 1323): java.io.FileNotFoundException: /system/usr/hyphen-data/hyph-es.hyb: open failed: ENOENT (No such file or directory)
06-01 13:25:19.338 E/Hyphenator( 1323): 	at libcore.io.IoBridge.open(IoBridge.java:455)
06-01 13:25:19.338 E/Hyphenator( 1323): 	at java.io.RandomAccessFile.<init>(RandomAccessFile.java:247)
06-01 13:25:19.338 E/Hyphenator( 1323): 	at android.text.Hyphenator.loadHyphenator(Hyphenator.java:118)
06-01 13:25:19.338 E/Hyphenator( 1323): 	at android.text.Hyphenator.init(Hyphenator.java:224)
06-01 13:25:19.338 E/Hyphenator( 1323): 	at com.android.internal.os.ZygoteInit.preloadTextResources(ZygoteInit.java:252)
06-01 13:25:19.338 E/Hyphenator( 1323): 	at com.android.internal.os.ZygoteInit.preload(ZygoteInit.java:206)
06-01 13:25:19.338 E/Hyphenator( 1323): 	at com.android.internal.os.ZygoteInit.main(ZygoteInit.java:743)
06-01 13:25:19.338 E/Hyphenator( 1323): Caused by: android.system.ErrnoException: open failed: ENOENT (No such file or directory)
06-01 13:25:19.338 E/Hyphenator( 1323): 	at libcore.io.Posix.open(Native Method)
06-01 13:25:19.338 E/Hyphenator( 1323): 	at libcore.io.BlockGuardOs.open(BlockGuardOs.java:187)
06-01 13:25:19.338 E/Hyphenator( 1323): 	at libcore.io.IoBridge.open(IoBridge.java:441)
06-01 13:25:19.338 E/Hyphenator( 1323): 	... 6 more
06-01 13:25:19.339 E/Hyphenator( 1323): error loading hyphenation /system/usr/hyphen-data/hyph-et.hyb
06-01 13:25:19.339 E/Hyphenator( 1323): java.io.FileNotFoundException: /system/usr/hyphen-data/hyph-et.hyb: open failed: ENOENT (No such file or directory)
06-01 13:25:19.339 E/Hyphenator( 1323): 	at libcore.io.IoBridge.open(IoBridge.java:455)
06-01 13:25:19.339 E/Hyphenator( 1323): 	at java.io.RandomAccessFile.<init>(RandomAccessFile.java:247)
06-01 13:25:19.339 E/Hyphenator( 1323): 	at android.text.Hyphenator.loadHyphenator(Hyphenator.java:118)
06-01 13:25:19.339 E/Hyphenator( 1323): 	at android.text.Hyphenator.init(Hyphenator.java:224)
06-01 13:25:19.339 E/Hyphenator( 1323): 	at com.android.internal.os.ZygoteInit.preloadTextResources(ZygoteInit.java:252)
06-01 13:25:19.339 E/Hyphenator( 1323): 	at com.android.internal.os.ZygoteInit.preload(ZygoteInit.java:206)
06-01 13:25:19.339 E/Hyphenator( 1323): 	at com.android.internal.os.ZygoteInit.main(ZygoteInit.java:743)
06-01 13:25:19.339 E/Hyphenator( 1323): Caused by: android.system.ErrnoException: open failed: ENOENT (No such file or directory)
06-01 13:25:19.339 E/Hyphenator( 1323): 	at libcore.io.Posix.open(Native Method)
06-01 13:25:19.339 E/Hyphenator( 1323): 	at libcore.io.BlockGuardOs.open(BlockGuardOs.java:187)
06-01 13:25:19.339 E/Hyphenator( 1323): 	at libcore.io.IoBridge.open(IoBridge.java:441)
06-01 13:25:19.339 E/Hyphenator( 1323): 	... 6 more
06-01 13:25:19.412 E/Hyphenator( 1323): error loading hyphenation /system/usr/hyphen-data/hyph-eu.hyb
06-01 13:25:19.412 E/Hyphenator( 1323): java.io.FileNotFoundException: /system/usr/hyphen-data/hyph-eu.hyb: open failed: ENOENT (No such file or directory)
06-01 13:25:19.412 E/Hyphenator( 1323): 	at libcore.io.IoBridge.open(IoBridge.java:455)
06-01 13:25:19.412 E/Hyphenator( 1323): 	at java.io.RandomAccessFile.<init>(RandomAccessFile.java:247)
06-01 13:25:19.412 E/Hyphenator( 1323): 	at android.text.Hyphenator.loadHyphenator(Hyphenator.java:118)
06-01 13:25:19.412 E/Hyphenator( 1323): 	at android.text.Hyphenator.init(Hyphenator.java:224)
06-01 13:25:19.412 E/Hyphenator( 1323): 	at com.android.internal.os.ZygoteInit.preloadTextResources(ZygoteInit.java:252)
06-01 13:25:19.412 E/Hyphenator( 1323): 	at com.android.internal.os.ZygoteInit.preload(ZygoteInit.java:206)
06-01 13:25:19.412 E/Hyphenator( 1323): 	at com.android.internal.os.ZygoteInit.main(ZygoteInit.java:743)
06-01 13:25:19.412 E/Hyphenator( 1323): Caused by: android.system.ErrnoException: open failed: ENOENT (No such file or directory)
06-01 13:25:19.412 E/Hyphenator( 1323): 	at libcore.io.Posix.open(Native Method)
06-01 13:25:19.412 E/Hyphenator( 1323): 	at libcore.io.BlockGuardOs.open(BlockGuardOs.java:187)
06-01 13:25:19.412 E/Hyphenator( 1323): 	at libcore.io.IoBridge.open(IoBridge.java:441)
06-01 13:25:19.412 E/Hyphenator( 1323): 	... 6 more
06-01 13:25:19.414 E/Hyphenator( 1323): error loading hyphenation /system/usr/hyphen-data/hyph-fr.hyb
06-01 13:25:19.414 E/Hyphenator( 1323): java.io.FileNotFoundException: /system/usr/hyphen-data/hyph-fr.hyb: open failed: ENOENT (No such file or directory)
06-01 13:25:19.414 E/Hyphenator( 1323): 	at libcore.io.IoBridge.open(IoBridge.java:455)
06-01 13:25:19.414 E/Hyphenator( 1323): 	at java.io.RandomAccessFile.<init>(RandomAccessFile.java:247)
06-01 13:25:19.414 E/Hyphenator( 1323): 	at android.text.Hyphenator.loadHyphenator(Hyphenator.java:118)
06-01 13:25:19.414 E/Hyphenator( 1323): 	at android.text.Hyphenator.init(Hyphenator.java:224)
06-01 13:25:19.414 E/Hyphenator( 1323): 	at com.android.internal.os.ZygoteInit.preloadTextResources(ZygoteInit.java:252)
06-01 13:25:19.414 E/Hyphenator( 1323): 	at com.android.internal.os.ZygoteInit.preload(ZygoteInit.java:206)
06-01 13:25:19.414 E/Hyphenator( 1323): 	at com.android.internal.os.ZygoteInit.main(ZygoteInit.java:743)
06-01 13:25:19.414 E/Hyphenator( 1323): Caused by: android.system.ErrnoException: open failed: ENOENT (No such file or directory)
06-01 13:25:19.414 E/Hyphenator( 1323): 	at libcore.io.Posix.open(Native Method)
06-01 13:25:19.414 E/Hyphenator( 1323): 	at libcore.io.BlockGuardOs.open(BlockGuardOs.java:187)
06-01 13:25:19.414 E/Hyphenator( 1323): 	at libcore.io.IoBridge.open(IoBridge.java:441)
06-01 13:25:19.414 E/Hyphenator( 1323): 	... 6 more
06-01 13:25:19.415 E/Hyphenator( 1323): error loading hyphenation /system/usr/hyphen-data/hyph-ga.hyb
06-01 13:25:19.415 E/Hyphenator( 1323): java.io.FileNotFoundException: /system/usr/hyphen-data/hyph-ga.hyb: open failed: ENOENT (No such file or directory)
06-01 13:25:19.415 E/Hyphenator( 1323): 	at libcore.io.IoBridge.open(IoBridge.java:455)
06-01 13:25:19.415 E/Hyphenator( 1323): 	at java.io.RandomAccessFile.<init>(RandomAccessFile.java:247)
06-01 13:25:19.415 E/Hyphenator( 1323): 	at android.text.Hyphenator.loadHyphenator(Hyphenator.java:118)
06-01 13:25:19.415 E/Hyphenator( 1323): 	at android.text.Hyphenator.init(Hyphenator.java:224)
06-01 13:25:19.415 E/Hyphenator( 1323): 	at com.android.internal.os.ZygoteInit.preloadTextResources(ZygoteInit.java:252)
06-01 13:25:19.415 E/Hyphenator( 1323): 	at com.android.internal.os.ZygoteInit.preload(ZygoteInit.java:206)
06-01 13:25:19.415 E/Hyphenator( 1323): 	at com.android.internal.os.ZygoteInit.main(ZygoteInit.java:743)
06-01 13:25:19.415 E/Hyphenator( 1323): Caused by: android.system.ErrnoException: open failed: ENOENT (No such file or directory)
06-01 13:25:19.415 E/Hyphenator( 1323): 	at libcore.io.Posix.open(Native Method)
06-01 13:25:19.415 E/Hyphenator( 1323): 	at libcore.io.BlockGuardOs.open(BlockGuardOs.java:187)
06-01 13:25:19.415 E/Hyphenator( 1323): 	at libcore.io.IoBridge.open(IoBridge.java:441)
06-01 13:25:19.415 E/Hyphenator( 1323): 	... 6 more
