--------- beginning of main
05-02 08:28:50.950 W/auditd  ( 1266): type=2000 audit(0.0:1): initialized
05-02 08:28:53.630 I/auditd  ( 1266): type=1403 audit(0.0:2): policy loaded auid=4294967295 ses=4294967295
05-02 08:28:53.640 W/auditd  ( 1266): type=1404 audit(0.0:3): enforcing=1 old_enforcing=0 auid=4294967295 ses=4294967295
05-02 08:28:58.290 W/init    (    1): type=1400 audit(0.0:4): avc: denied { write } for name="tracing_on" dev="debugfs" ino=1042 scontext=u:r:init:s0 tcontext=u:object_r:debugfs:s0 tclass=file permissive=0
05-02 08:28:59.756 I/        ( 1273): debuggerd: starting
--------- beginning of system
05-02 08:29:00.192 I/vold    ( 1274): Vold 3.0 (the awakening) firing up
05-02 08:29:00.194 V/vold    ( 1274): Detected support for: ext4 vfat
05-02 08:29:00.354 I/        ( 1272): debuggerd: starting
05-02 08:29:00.496 D/vold    ( 1274): Recognized experimental block major ID 253 as virtio-blk (emulator's virtual SD card device)
05-02 08:29:00.497 V/vold    ( 1274): /system/bin/sgdisk
05-02 08:29:00.497 V/vold    ( 1274):     --android-dump
05-02 08:29:00.497 V/vold    ( 1274):     /dev/block/vold/disk:253,48
05-02 08:29:00.587 D/vold    ( 1274): e4crypt_init_user0
05-02 08:29:00.587 D/vold    ( 1274): e4crypt_prepare_user_storage for volume null, user 0, serial 0, flags 1
05-02 08:29:00.588 D/vold    ( 1274): Preparing: /data/system/users/0
05-02 08:29:00.590 D/vold    ( 1274): Preparing: /data/misc/profiles/cur/0
05-02 08:29:00.599 D/vold    ( 1274): Preparing: /data/misc/profiles/cur/0/foreign-dex
05-02 08:29:00.600 D/vold    ( 1274): Preparing: /data/system_de/0
05-02 08:29:00.602 D/vold    ( 1274): Preparing: /data/misc_de/0
05-02 08:29:00.610 D/vold    ( 1274): Preparing: /data/user_de/0
05-02 08:29:00.621 D/vold    ( 1274): e4crypt_unlock_user_key 0 serial=0 token_present=0
05-02 08:29:00.646 I/vdc     (    1): 200 1275 Command succeeded
05-02 08:29:00.892 V/vold    ( 1274): DISK mbr
05-02 08:29:00.892 V/vold    ( 1274): 
05-02 08:29:00.924 W/vold    ( 1274): disk:253,48 has unknown partition table; trying entire device
05-02 08:29:00.925 V/vold    ( 1274): /system/bin/blkid
05-02 08:29:00.925 V/vold    ( 1274):     -c
05-02 08:29:00.925 V/vold    ( 1274):     /dev/null
05-02 08:29:00.925 V/vold    ( 1274):     -s
05-02 08:29:00.925 V/vold    ( 1274):     TYPE
05-02 08:29:00.925 V/vold    ( 1274):     -s
05-02 08:29:00.925 V/vold    ( 1274):     UUID
05-02 08:29:00.925 V/vold    ( 1274):     -s
05-02 08:29:00.926 V/vold    ( 1274):     LABEL
05-02 08:29:00.926 V/vold    ( 1274):     /dev/block/vold/disk:253,48
05-02 08:29:01.002 I//system/bin/tzdatacheck( 1312): tzdata file /data/misc/zoneinfo/current/tzdata does not exist. No action required.
05-02 08:29:01.471 V/vold    ( 1274): /dev/block/vold/disk:253,48: LABEL="SDCARD" UUID="1EFF-1C1B" TYPE="vfat" 
05-02 08:29:01.471 V/vold    ( 1274): 
05-02 08:29:01.620 W/audioserver( 1331): type=1400 audit(0.0:5): avc: denied { getattr } for path="/vendor" dev="rootfs" ino=4000 scontext=u:r:audioserver:s0 tcontext=u:object_r:rootfs:s0 tclass=lnk_file permissive=0
05-02 08:29:01.860 W/cameraserver( 1332): type=1400 audit(0.0:6): avc: denied { getattr } for path="/vendor" dev="rootfs" ino=4000 scontext=u:r:cameraserver:s0 tcontext=u:object_r:rootfs:s0 tclass=lnk_file permissive=0
05-02 08:29:01.930 W/mediacodec( 1356): type=1400 audit(0.0:7): avc: denied { getattr } for path="/vendor" dev="rootfs" ino=4000 scontext=u:r:mediacodec:s0 tcontext=u:object_r:rootfs:s0 tclass=lnk_file permissive=0
05-02 08:29:01.930 W/mediadrmserver( 1357): type=1400 audit(0.0:8): avc: denied { getattr } for path="/vendor" dev="rootfs" ino=4000 scontext=u:r:mediadrmserver:s0 tcontext=u:object_r:rootfs:s0 tclass=lnk_file permissive=0
05-02 08:29:02.093 I/qemu-props( 1317): connected to 'boot-properties' qemud service.
05-02 08:29:02.093 I/qemu-props( 1317): receiving..
05-02 08:29:02.094 I/qemu-props( 1317): received: qemu.cmdline=androidboot.logcat=v:* androidboot.consolepipe=qemu_pipe,pipe:logcat
05-02 08:29:02.208 I/lowmemorykiller( 1318): Using in-kernel low memory killer interface
05-02 08:29:02.350 I/qemu-props( 1317): receiving..
05-02 08:29:02.351 I/qemu-props( 1317): received: qemu.logcat=start
05-02 08:29:02.610 I/qemu-props( 1317): receiving..
05-02 08:29:02.610 I/qemu-props( 1317): received: ro.opengles.version=131072
05-02 08:29:02.644 I/        ( 1354): installd firing up
05-02 08:29:02.689 I/qemu-props( 1317): receiving..
05-02 08:29:02.689 I/qemu-props( 1317): received: qemu.sf.fake_camera=back
05-02 08:29:02.692 I/qemu-props( 1317): receiving..
05-02 08:29:02.692 I/qemu-props( 1317): received: dalvik.vm.heapsize=256m
05-02 08:29:02.693 I/qemu-props( 1317): receiving..
05-02 08:29:02.693 I/qemu-props( 1317): received: qemu.hw.mainkeys=0
05-02 08:29:02.694 I/qemu-props( 1317): receiving..
05-02 08:29:02.695 I/qemu-props( 1317): received: qemu.sf.lcd_density=480
05-02 08:29:02.696 I/qemu-props( 1317): receiving..
05-02 08:29:02.696 I/qemu-props( 1317): received: qemu.timezone=Etc/UTC
05-02 08:29:02.697 I/qemu-props( 1317): receiving..
05-02 08:29:02.697 I/qemu-props( 1317): exiting (8 properties set).
05-02 08:29:03.996 I/keystore( 1355): Found keymaster0 module Keymaster OpenSSL HAL, version 2
05-02 08:29:03.996 I/SoftKeymaster( 1355): system/keymaster/soft_keymaster_device.cpp, Line 131: Creating device
05-02 08:29:03.996 D/SoftKeymaster( 1355): system/keymaster/soft_keymaster_device.cpp, Line 132: Device address: 0x7f4bc8a3d000
05-02 08:29:03.997 I/keystore( 1355): Keymaster0 module is software-only.  Using SoftKeymasterDevice instead.
05-02 08:29:03.997 I/SoftKeymaster( 1355): system/keymaster/soft_keymaster_device.cpp, Line 131: Creating device
05-02 08:29:03.997 D/SoftKeymaster( 1355): system/keymaster/soft_keymaster_device.cpp, Line 132: Device address: 0x7f4bc8a3d400
05-02 08:29:05.229 I/perfprofd( 1420): starting Android Wide Profiling daemon
05-02 08:29:05.361 E/perfprofd( 1420): unable to open configuration file /data/data/com.google.android.gms/files/perfprofd.conf
05-02 08:29:05.364 I/perfprofd( 1420): random seed set to 2802665024
05-02 08:29:05.459 I/fingerprintd( 1375): Starting fingerprintd
05-02 08:29:05.659 I/gatekeeperd( 1390): Starting gatekeeperd...
05-02 08:29:05.791 I/Netd    ( 1372): Netd 1.0 starting
05-02 08:29:08.880 W/bootanimation( 1877): type=1400 audit(0.0:9): avc: denied { getattr } for path="/vendor" dev="rootfs" ino=4000 scontext=u:r:bootanim:s0 tcontext=u:object_r:rootfs:s0 tclass=lnk_file permissive=0
05-02 08:29:05.807 W/gatekeeperd( 1390): falling back to software GateKeeper
05-02 08:29:05.834 D/TetherController( 1372): Setting IP forward enable = 0
05-02 08:29:06.912 I/mediacodec( 1356): @@@ mediacodecservice starting
05-02 08:29:06.952 W/        ( 1356): No seccomp filter defined for this architecture.
05-02 08:29:07.248 I/cameraserver( 1332): ServiceManager: 0xec8bc020
05-02 08:29:07.323 I/CameraService( 1332): CameraService started (pid=1332)
05-02 08:29:07.323 I/CameraService( 1332): CameraService process starting
05-02 08:29:07.333 W/BatteryNotifier( 1332): batterystats service unavailable!
05-02 08:29:07.361 W/BatteryNotifier( 1332): batterystats service unavailable!
05-02 08:29:07.428 I/SurfaceFlinger( 1320): SurfaceFlinger is starting
05-02 08:29:07.462 I/SurfaceFlinger( 1320): SurfaceFlinger's main thread ready to run. Initializing graphics H/W...
05-02 08:29:07.462 D/libEGL  ( 1320): Emulator without GPU support detected. Fallback to legacy software renderer, qemu.gles is set to 0.
05-02 08:29:07.885 D/libEGL  ( 1320): loaded /system/lib64/egl/libGLES_android.so
05-02 08:29:08.110 D/EmulatedCamera_QemuClient( 1332): Emulated camera list: 
05-02 08:29:08.112 D/EmulatedCamera_FakeCamera( 1332): Initialize: Fake camera is facing back
05-02 08:29:08.114 V/EmulatedCamera_Device( 1332): initializeWhiteBalanceModes with auto, 1.000000, 1.000000
05-02 08:29:08.115 V/EmulatedCamera_Device( 1332): initializeWhiteBalanceModes with incandescent, 1.380000, 0.600000
05-02 08:29:08.115 V/EmulatedCamera_Device( 1332): initializeWhiteBalanceModes with daylight, 1.090000, 0.920000
05-02 08:29:08.115 V/EmulatedCamera_Device( 1332): initializeWhiteBalanceModes with twilight, 0.920000, 1.220000
05-02 08:29:08.115 V/EmulatedCamera_Device( 1332): setWhiteBalanceMode with white balance auto
05-02 08:29:08.116 E/EmulatedCamera_Factory( 1332): 1 cameras are being emulated. 0 of them are fake cameras.
05-02 08:29:08.117 E/EmulatedCamera_HotplugThread( 1332): createFileIfNotExists: Could not create file '/data/misc/media/emulator.camera.hotplug.0', error: 'Permission denied' (13)
05-02 08:29:08.303 I/CameraService( 1332): Loaded "Emulated Camera Module" camera module
05-02 08:29:08.304 E/CameraService( 1332): setUpVendorTags: Vendor tag operations not fully defined. Ignoring definitions.
05-02 08:29:08.304 V/EmulatedCamera_Camera( 1332): getCameraInfo
05-02 08:29:08.305 V/EmulatedCamera_BaseCamera( 1332): getCameraInfo
05-02 08:29:08.305 I/CameraFlashlight( 1332): Opening camera 0
05-02 08:29:08.305 V/EmulatedCamera_Camera( 1332): getCameraInfo
05-02 08:29:08.305 V/EmulatedCamera_BaseCamera( 1332): getCameraInfo
05-02 08:29:08.357 D/gralloc_ranchu( 1320): Emulator without host-side GPU emulation detected. Loading gralloc.default.so from /vendor/lib64/hw/gralloc.goldfish.default.so...
05-02 08:29:08.359 D/gralloc_ranchu( 1320): gralloc.default.so not found in /vendor. Trying /system/lib64/hw/gralloc.goldfish.default.so...
05-02 08:29:08.382 I/gralloc ( 1320): using (fd=11)
05-02 08:29:08.382 I/gralloc ( 1320): id           = 
05-02 08:29:08.382 I/gralloc ( 1320): xres         = 1080 px
05-02 08:29:08.382 I/gralloc ( 1320): yres         = 1920 px
05-02 08:29:08.382 I/gralloc ( 1320): xres_virtual = 1080 px
05-02 08:29:08.382 I/gralloc ( 1320): yres_virtual = 3840 px
05-02 08:29:08.382 I/gralloc ( 1320): bpp          = 16
05-02 08:29:08.382 I/gralloc ( 1320): r            = 11:5
05-02 08:29:08.382 I/gralloc ( 1320): g            =  5:6
05-02 08:29:08.382 I/gralloc ( 1320): b            =  0:5
05-02 08:29:08.383 I/gralloc ( 1320): width        = 166 mm (165.253006 dpi)
05-02 08:29:08.383 I/gralloc ( 1320): height       = 296 mm (164.756760 dpi)
05-02 08:29:08.383 I/gralloc ( 1320): refresh rate = 60.00 Hz
05-02 08:29:08.410 V/EmulatedCamera_Camera( 1332): connectCamera
05-02 08:29:08.411 V/EmulatedCamera_FakeDevice( 1332): connectDevice
05-02 08:29:08.432 E/SurfaceFlinger( 1320): hwcomposer module not found
05-02 08:29:08.434 W/SurfaceFlinger( 1320): no suitable EGLConfig found, trying a simpler query
05-02 08:29:08.435 W/SurfaceFlinger( 1320): EGL_SLOW_CONFIG selected!
05-02 08:29:08.435 I/SurfaceFlinger( 1320): EGL information:
05-02 08:29:08.435 I/SurfaceFlinger( 1320): vendor    : Android
05-02 08:29:08.435 I/SurfaceFlinger( 1320): version   : 1.4 Android META-EGL
05-02 08:29:08.435 I/SurfaceFlinger( 1320): extensions: EGL_KHR_get_all_proc_addresses EGL_ANDROID_presentation_time EGL_KHR_swap_buffers_with_damage EGL_ANDROID_create_native_client_buffer EGL_ANDROID_front_buffer_auto_refresh EGL_KHR_image_base EGL_KHR_fence_sync EGL_ANDROID_image_native_buffer 
05-02 08:29:08.435 I/SurfaceFlinger( 1320): Client API: OpenGL_ES
05-02 08:29:08.435 I/SurfaceFlinger( 1320): EGLSurface: 5-6-5-0, config=0x0
05-02 08:29:08.437 W/SurfaceFlinger( 1320): no suitable EGLConfig found, trying a simpler query
05-02 08:29:08.437 W/SurfaceFlinger( 1320): EGL_SLOW_CONFIG selected!
05-02 08:29:08.437 I/SurfaceFlinger( 1320): EGL information:
05-02 08:29:08.437 I/SurfaceFlinger( 1320): vendor    : Android
05-02 08:29:08.437 I/SurfaceFlinger( 1320): version   : 1.4 Android META-EGL
05-02 08:29:08.437 I/SurfaceFlinger( 1320): extensions: EGL_KHR_get_all_proc_addresses EGL_ANDROID_presentation_time EGL_KHR_swap_buffers_with_damage EGL_ANDROID_create_native_client_buffer EGL_ANDROID_front_buffer_auto_refresh EGL_KHR_image_base EGL_KHR_fence_sync EGL_ANDROID_image_native_buffer 
05-02 08:29:08.437 I/SurfaceFlinger( 1320): Client API: OpenGL_ES
05-02 08:29:08.437 I/SurfaceFlinger( 1320): EGLSurface: 5-6-5-0, config=0x0
05-02 08:29:08.453 I/SurfaceFlinger( 1320): OpenGL ES informations:
05-02 08:29:08.453 I/SurfaceFlinger( 1320): vendor    : Android
05-02 08:29:08.453 I/SurfaceFlinger( 1320): renderer  : Android PixelFlinger 1.4
05-02 08:29:08.453 I/SurfaceFlinger( 1320): version   : OpenGL ES-CM 1.0
05-02 08:29:08.453 I/SurfaceFlinger( 1320): extensions: GL_EXT_debug_marker GL_OES_byte_coordinates GL_OES_fixed_point GL_OES_single_precision GL_OES_read_format GL_OES_compressed_paletted_texture GL_OES_draw_texture GL_OES_matrix_get GL_OES_query_matrix GL_OES_EGL_image GL_OES_EGL_sync GL_OES_compressed_ETC1_RGB8_texture GL_ARB_texture_compression GL_ARB_texture_non_power_of_two GL_ANDROID_user_clip_plane GL_ANDROID_vertex_buffer_object GL_ANDROID_generate_mipmap 
05-02 08:29:08.453 I/SurfaceFlinger( 1320): GL_MAX_TEXTURE_SIZE = 4096
05-02 08:29:08.453 I/SurfaceFlinger( 1320): GL_MAX_VIEWPORT_DIMS = 4096
05-02 08:29:08.458 W/SurfaceFlinger( 1320): no suitable EGLConfig found, trying a simpler query
05-02 08:29:08.458 W/SurfaceFlinger( 1320): EGL_SLOW_CONFIG selected!
05-02 08:29:08.458 I/SurfaceFlinger( 1320): EGL information:
05-02 08:29:08.458 I/SurfaceFlinger( 1320): vendor    : Android
05-02 08:29:08.458 I/SurfaceFlinger( 1320): version   : 1.4 Android META-EGL
05-02 08:29:08.458 I/SurfaceFlinger( 1320): extensions: EGL_KHR_get_all_proc_addresses EGL_ANDROID_presentation_time EGL_KHR_swap_buffers_with_damage EGL_ANDROID_create_native_client_buffer EGL_ANDROID_front_buffer_auto_refresh EGL_KHR_image_base EGL_KHR_fence_sync EGL_ANDROID_image_native_buffer 
05-02 08:29:08.458 I/SurfaceFlinger( 1320): Client API: OpenGL_ES
05-02 08:29:08.458 I/SurfaceFlinger( 1320): EGLSurface: 5-6-5-0, config=0x0
05-02 08:29:08.492 E/libEGL  ( 1320): called unimplemented OpenGL ES API
05-02 08:29:08.492 E/SurfaceFlinger( 1320): Error while compiling shader: 
05-02 08:29:08.492 E/SurfaceFlinger( 1320): attribute vec4 position;
05-02 08:29:08.492 E/SurfaceFlinger( 1320): uniform mat4 projection;
05-02 08:29:08.492 E/SurfaceFlinger( 1320): uniform mat4 texture;
05-02 08:29:08.492 E/SurfaceFlinger( 1320): void main(void) {
05-02 08:29:08.492 E/SurfaceFlinger( 1320):     gl_Position = projection * position;
05-02 08:29:08.492 E/SurfaceFlinger( 1320): }
05-02 08:29:08.492 E/SurfaceFlinger( 1320): 
05-02 08:29:08.492 E/SurfaceFlinger( 1320): öÿÿÿÿÿÿÿŸñNr
05-02 08:29:08.492 E/SurfaceFlinger( 1320): Error while compiling shader: 
05-02 08:29:08.492 E/SurfaceFlinger( 1320): precision mediump float;
05-02 08:29:08.492 E/SurfaceFlinger( 1320): uniform vec4 color;
05-02 08:29:08.492 E/SurfaceFlinger( 1320): void main(void) {
05-02 08:29:08.492 E/SurfaceFlinger( 1320):     gl_FragColor = color;
05-02 08:29:08.492 E/SurfaceFlinger( 1320): }
05-02 08:29:08.492 E/SurfaceFlinger( 1320): 
05-02 08:29:08.492 E/SurfaceFlinger( 1320): öÿÿÿÿÿÿÿŸñNr
05-02 08:29:08.493 E/SurfaceFlinger( 1320): Error while linking shaders:
05-02 08:29:08.493 E/SurfaceFlinger( 1320): Error while compiling shader: 
05-02 08:29:08.493 E/SurfaceFlinger( 1320): attribute vec4 position;
05-02 08:29:08.493 E/SurfaceFlinger( 1320): uniform mat4 projection;
05-02 08:29:08.493 E/SurfaceFlinger( 1320): uniform mat4 texture;
05-02 08:29:08.493 E/SurfaceFlinger( 1320): void main(void) {
05-02 08:29:08.493 E/SurfaceFlinger( 1320):     gl_Position = projection * position;
05-02 08:29:08.493 E/SurfaceFlinger( 1320): }
05-02 08:29:08.493 E/SurfaceFlinger( 1320): 
05-02 08:29:08.493 E/SurfaceFlinger( 1320): öÿÿÿÿÿÿÿŸñNr
05-02 08:29:08.493 E/SurfaceFlinger( 1320): Error while compiling shader: 
05-02 08:29:08.493 E/SurfaceFlinger( 1320): precision mediump float;
05-02 08:29:08.493 E/SurfaceFlinger( 1320): uniform vec4 color;
05-02 08:29:08.493 E/SurfaceFlinger( 1320): void main(void) {
05-02 08:29:08.493 E/SurfaceFlinger( 1320):     gl_FragColor = color;
05-02 08:29:08.493 E/SurfaceFlinger( 1320): }
05-02 08:29:08.493 E/SurfaceFlinger( 1320): 
05-02 08:29:08.493 E/SurfaceFlinger( 1320): öÿÿÿÿÿÿÿŸñNr
05-02 08:29:08.493 E/SurfaceFlinger( 1320): Error while linking shaders:
05-02 08:29:08.493 E/SurfaceFlinger( 1320): Error while compiling shader: 
05-02 08:29:08.493 E/SurfaceFlinger( 1320): attribute vec4 position;
05-02 08:29:08.493 E/SurfaceFlinger( 1320): uniform mat4 projection;
05-02 08:29:08.493 E/SurfaceFlinger( 1320): uniform mat4 texture;
05-02 08:29:08.493 E/SurfaceFlinger( 1320): void main(void) {
05-02 08:29:08.493 E/SurfaceFlinger( 1320):     gl_Position = projection * position;
05-02 08:29:08.493 E/SurfaceFlinger( 1320): }
05-02 08:29:08.493 E/SurfaceFlinger( 1320): 
05-02 08:29:08.493 E/SurfaceFlinger( 1320): öÿÿÿÿÿÿÿŸñNr
05-02 08:29:08.493 E/SurfaceFlinger( 1320): Error while compiling shader: 
05-02 08:29:08.493 E/SurfaceFlinger( 1320): precision mediump float;
05-02 08:29:08.493 E/SurfaceFlinger( 1320): uniform vec4 color;
05-02 08:29:08.493 E/SurfaceFlinger( 1320): void main(void) {
05-02 08:29:08.493 E/SurfaceFlinger( 1320):     gl_FragColor = color;
05-02 08:29:08.493 E/SurfaceFlinger( 1320):     gl_FragColor.a = 1.0;
05-02 08:29:08.493 E/SurfaceFlinger( 1320): }
05-02 08:29:08.493 E/SurfaceFlinger( 1320): 
05-02 08:29:08.493 E/SurfaceFlinger( 1320): öÿÿÿÿÿÿÿŸñNr
05-02 08:29:08.493 E/SurfaceFlinger( 1320): Error while linking shaders:
05-02 08:29:08.493 E/SurfaceFlinger( 1320): Error while compiling shader: 
05-02 08:29:08.493 E/SurfaceFlinger( 1320): attribute vec4 position;
05-02 08:29:08.493 E/SurfaceFlinger( 1320): uniform mat4 projection;
05-02 08:29:08.493 E/SurfaceFlinger( 1320): uniform mat4 texture;
05-02 08:29:08.493 E/SurfaceFlinger( 1320): void main(void) {
05-02 08:29:08.493 E/SurfaceFlinger( 1320):     gl_Position = projection * position;
05-02 08:29:08.493 E/SurfaceFlinger( 1320): }
05-02 08:29:08.493 E/SurfaceFlinger( 1320): 
05-02 08:29:08.493 E/SurfaceFlinger( 1320): öÿÿÿÿÿÿÿŸñNr
05-02 08:29:08.493 E/SurfaceFlinger( 1320): Error while compiling shader: 
05-02 08:29:08.493 E/SurfaceFlinger( 1320): precision mediump float;
05-02 08:29:08.493 E/SurfaceFlinger( 1320): uniform vec4 color;
05-02 08:29:08.493 E/SurfaceFlinger( 1320): void main(void) {
05-02 08:29:08.493 E/SurfaceFlinger( 1320):     gl_FragColor = color;
05-02 08:29:08.493 E/SurfaceFlinger( 1320):     gl_FragColor.a = 1.0;
05-02 08:29:08.493 E/SurfaceFlinger( 1320): }
05-02 08:29:08.493 E/SurfaceFlinger( 1320): 
05-02 08:29:08.493 E/SurfaceFlinger( 1320): öÿÿÿÿÿÿÿŸñNr
05-02 08:29:08.493 E/SurfaceFlinger( 1320): Error while linking shaders:
05-02 08:29:08.493 E/SurfaceFlinger( 1320): Error while compiling shader: 
05-02 08:29:08.493 E/SurfaceFlinger( 1320): attribute vec4 position;
05-02 08:29:08.493 E/SurfaceFlinger( 1320): uniform mat4 projection;
05-02 08:29:08.493 E/SurfaceFlinger( 1320): uniform mat4 texture;
05-02 08:29:08.493 E/SurfaceFlinger( 1320): void main(void) {
05-02 08:29:08.493 E/SurfaceFlinger( 1320):     gl_Position = projection * position;
05-02 08:29:08.493 E/SurfaceFlinger( 1320): }
05-02 08:29:08.493 E/SurfaceFlinger( 1320): 
05-02 08:29:08.493 E/SurfaceFlinger( 1320): öÿÿÿÿÿÿÿŸñNr
05-02 08:29:08.493 E/SurfaceFlinger( 1320): Error while compiling shader: 
05-02 08:29:08.493 E/SurfaceFlinger( 1320): precision mediump float;
05-02 08:29:08.493 E/SurfaceFlinger( 1320): uniform vec4 color;
05-02 08:29:08.493 E/SurfaceFlinger( 1320): uniform float alphaPlane;
05-02 08:29:08.493 E/SurfaceFlinger( 1320): void main(void) {
05-02 08:29:08.493 E/SurfaceFlinger( 1320):     gl_FragColor = color;
05-02 08:29:08.493 E/SurfaceFlinger( 1320):     gl_FragColor.a *= alphaPlane;
05-02 08:29:08.493 E/SurfaceFlinger( 1320): }
05-02 08:29:08.493 E/SurfaceFlinger( 1320): 
05-02 08:29:08.493 E/SurfaceFlinger( 1320): öÿÿÿÿÿÿÿŸñNr
05-02 08:29:08.493 E/SurfaceFlinger( 1320): Error while linking shaders:
05-02 08:29:08.494 E/SurfaceFlinger( 1320): Error while compiling shader: 
05-02 08:29:08.494 E/SurfaceFlinger( 1320): attribute vec4 position;
05-02 08:29:08.494 E/SurfaceFlinger( 1320): uniform mat4 projection;
05-02 08:29:08.494 E/SurfaceFlinger( 1320): uniform mat4 texture;
05-02 08:29:08.494 E/SurfaceFlinger( 1320): void main(void) {
05-02 08:29:08.494 E/SurfaceFlinger( 1320):     gl_Position = projection * position;
05-02 08:29:08.494 E/SurfaceFlinger( 1320): }
05-02 08:29:08.494 E/SurfaceFlinger( 1320): 
05-02 08:29:08.494 E/SurfaceFlinger( 1320): öÿÿÿÿÿÿÿŸñNr
05-02 08:29:08.494 E/SurfaceFlinger( 1320): Error while compiling shader: 
05-02 08:29:08.494 E/SurfaceFlinger( 1320): precision mediump float;
05-02 08:29:08.494 E/SurfaceFlinger( 1320): uniform vec4 color;
05-02 08:29:08.494 E/SurfaceFlinger( 1320): uniform float alphaPlane;
05-02 08:29:08.494 E/SurfaceFlinger( 1320): void main(void) {
05-02 08:29:08.494 E/SurfaceFlinger( 1320):     gl_FragColor = color;
05-02 08:29:08.494 E/SurfaceFlinger( 1320):     gl_FragColor *= alphaPlane;
05-02 08:29:08.494 E/SurfaceFlinger( 1320): }
05-02 08:29:08.494 E/SurfaceFlinger( 1320): 
05-02 08:29:08.494 E/SurfaceFlinger( 1320): öÿÿÿÿÿÿÿŸñNr
05-02 08:29:08.494 E/SurfaceFlinger( 1320): Error while linking shaders:
05-02 08:29:08.494 E/SurfaceFlinger( 1320): Error while compiling shader: 
05-02 08:29:08.494 E/SurfaceFlinger( 1320): attribute vec4 position;
05-02 08:29:08.494 E/SurfaceFlinger( 1320): uniform mat4 projection;
05-02 08:29:08.494 E/SurfaceFlinger( 1320): uniform mat4 texture;
05-02 08:29:08.494 E/SurfaceFlinger( 1320): void main(void) {
05-02 08:29:08.494 E/SurfaceFlinger( 1320):     gl_Position = projection * position;
05-02 08:29:08.494 E/SurfaceFlinger( 1320): }
05-02 08:29:08.494 E/SurfaceFlinger( 1320): 
05-02 08:29:08.494 E/SurfaceFlinger( 1320): öÿÿÿÿÿÿÿŸñNr
05-02 08:29:08.494 E/SurfaceFlinger( 1320): Error while compiling shader: 
05-02 08:29:08.494 E/SurfaceFlinger( 1320): precision mediump float;
05-02 08:29:08.494 E/SurfaceFlinger( 1320): uniform vec4 color;
05-02 08:29:08.494 E/SurfaceFlinger( 1320): uniform float alphaPlane;
05-02 08:29:08.494 E/SurfaceFlinger( 1320): void main(void) {
05-02 08:29:08.494 E/SurfaceFlinger( 1320):     gl_FragColor = color;
05-02 08:29:08.494 E/SurfaceFlinger( 1320):     gl_FragColor.a = 1.0;
05-02 08:29:08.494 E/SurfaceFlinger( 1320):     gl_FragColor.a *= alphaPlane;
05-02 08:29:08.494 E/SurfaceFlinger( 1320): }
05-02 08:29:08.494 E/SurfaceFlinger( 1320): 
05-02 08:29:08.494 E/SurfaceFlinger( 1320): öÿÿÿÿÿÿÿŸñNr
05-02 08:29:08.494 E/SurfaceFlinger( 1320): Error while linking shaders:
05-02 08:29:08.494 E/SurfaceFlinger( 1320): Error while compiling shader: 
05-02 08:29:08.494 E/SurfaceFlinger( 1320): attribute vec4 position;
05-02 08:29:08.494 E/SurfaceFlinger( 1320): uniform mat4 projection;
05-02 08:29:08.494 E/SurfaceFlinger( 1320): uniform mat4 texture;
05-02 08:29:08.494 E/SurfaceFlinger( 1320): void main(void) {
05-02 08:29:08.494 E/SurfaceFlinger( 1320):     gl_Position = projection * position;
05-02 08:29:08.494 E/SurfaceFlinger( 1320): }
05-02 08:29:08.494 E/SurfaceFlinger( 1320): 
05-02 08:29:08.494 E/SurfaceFlinger( 1320): öÿÿÿÿÿÿÿŸñNr
05-02 08:29:08.494 E/SurfaceFlinger( 1320): Error while compiling shader: 
05-02 08:29:08.494 E/SurfaceFlinger( 1320): precision mediump float;
05-02 08:29:08.494 E/SurfaceFlinger( 1320): uniform vec4 color;
05-02 08:29:08.494 E/SurfaceFlinger( 1320): uniform float alphaPlane;
05-02 08:29:08.494 E/SurfaceFlinger( 1320): void main(void) {
05-02 08:29:08.494 E/SurfaceFlinger( 1320):     gl_FragColor = color;
05-02 08:29:08.494 E/SurfaceFlinger( 1320):     gl_FragColor.a = 1.0;
05-02 08:29:08.494 E/SurfaceFlinger( 1320):     gl_FragColor *= alphaPlane;
05-02 08:29:08.494 E/SurfaceFlinger( 1320): }
05-02 08:29:08.494 E/SurfaceFlinger( 1320): 
05-02 08:29:08.494 E/SurfaceFlinger( 1320): öÿÿÿÿÿÿÿŸñNr
05-02 08:29:08.494 E/SurfaceFlinger( 1320): Error while linking shaders:
05-02 08:29:08.494 E/SurfaceFlinger( 1320): Error while compiling shader: 
05-02 08:29:08.494 E/SurfaceFlinger( 1320): attribute vec4 texCoords;
05-02 08:29:08.494 E/SurfaceFlinger( 1320): varying vec2 outTexCoords;
05-02 08:29:08.494 E/SurfaceFlinger( 1320): attribute vec4 position;
05-02 08:29:08.494 E/SurfaceFlinger( 1320): uniform mat4 projection;
05-02 08:29:08.494 E/SurfaceFlinger( 1320): uniform mat4 texture;
05-02 08:29:08.494 E/SurfaceFlinger( 1320): void main(void) {
05-02 08:29:08.494 E/SurfaceFlinger( 1320):     gl_Position = projection * position;
05-02 08:29:08.494 E/SurfaceFlinger( 1320):     outTexCoords = (texture * texCoords).st;
05-02 08:29:08.494 E/SurfaceFlinger( 1320): }
05-02 08:29:08.494 E/SurfaceFlinger( 1320): 
05-02 08:29:08.494 E/SurfaceFlinger( 1320): öÿÿÿÿÿÿÿŸñNr
05-02 08:29:08.494 E/SurfaceFlinger( 1320): Error while compiling shader: 
05-02 08:29:08.494 E/SurfaceFlinger( 1320): #extension GL_OES_EGL_image_external : require
05-02 08:29:08.494 E/SurfaceFlinger( 1320): precision mediump float;
05-02 08:29:08.494 E/SurfaceFlinger( 1320): uniform samplerExternalOES sampler;
05-02 08:29:08.494 E/SurfaceFlinger( 1320): varying vec2 outTexCoords;
05-02 08:29:08.494 E/SurfaceFlinger( 1320): void main(void) {
05-02 08:29:08.494 E/SurfaceFlinger( 1320):     gl_FragColor = texture2D(sampler, outTexCoords);
05-02 08:29:08.494 E/SurfaceFlinger( 1320): }
05-02 08:29:08.494 E/SurfaceFlinger( 1320): 
05-02 08:29:08.494 E/SurfaceFlinger( 1320): öÿÿÿÿÿÿÿŸñNr
05-02 08:29:08.494 E/SurfaceFlinger( 1320): Error while linking shaders:
05-02 08:29:08.494 E/SurfaceFlinger( 1320): Error while compiling shader: 
05-02 08:29:08.494 E/SurfaceFlinger( 1320): attribute vec4 texCoords;
05-02 08:29:08.494 E/SurfaceFlinger( 1320): varying vec2 outTexCoords;
05-02 08:29:08.494 E/SurfaceFlinger( 1320): attribute vec4 position;
05-02 08:29:08.494 E/SurfaceFlinger( 1320): uniform mat4 projection;
05-02 08:29:08.494 E/SurfaceFlinger( 1320): uniform mat4 texture;
05-02 08:29:08.494 E/SurfaceFlinger( 1320): void main(void) {
05-02 08:29:08.494 E/SurfaceFlinger( 1320):     gl_Position = projection * position;
05-02 08:29:08.494 E/SurfaceFlinger( 1320):     outTexCoords = (texture * texCoords).st;
05-02 08:29:08.494 E/SurfaceFlinger( 1320): }
05-02 08:29:08.494 E/SurfaceFlinger( 1320): 
05-02 08:29:08.494 E/SurfaceFlinger( 1320): öÿÿÿÿÿÿÿŸñNr
05-02 08:29:08.494 E/SurfaceFlinger( 1320): Error while compiling shader: 
05-02 08:29:08.494 E/SurfaceFlinger( 1320): #extension GL_OES_EGL_image_external : require
05-02 08:29:08.494 E/SurfaceFlinger( 1320): precision mediump float;
05-02 08:29:08.494 E/SurfaceFlinger( 1320): uniform samplerExternalOES sampler;
05-02 08:29:08.494 E/SurfaceFlinger( 1320): varying vec2 outTexCoords;
05-02 08:29:08.494 E/SurfaceFlinger( 1320): void main(void) {
05-02 08:29:08.494 E/SurfaceFlinger( 1320):     gl_FragColor = texture2D(sampler, outTexCoords);
05-02 08:29:08.494 E/SurfaceFlinger( 1320): }
05-02 08:29:08.494 E/SurfaceFlinger( 1320): 
05-02 08:29:08.494 E/SurfaceFlinger( 1320): öÿÿÿÿÿÿÿŸñNr
05-02 08:29:08.494 E/SurfaceFlinger( 1320): Error while linking shaders:
05-02 08:29:08.494 E/SurfaceFlinger( 1320): Error while compiling shader: 
05-02 08:29:08.494 E/SurfaceFlinger( 1320): attribute vec4 texCoords;
05-02 08:29:08.494 E/SurfaceFlinger( 1320): varying vec2 outTexCoords;
05-02 08:29:08.494 E/SurfaceFlinger( 1320): attribute vec4 position;
05-02 08:29:08.494 E/SurfaceFlinger( 1320): uniform mat4 projection;
05-02 08:29:08.494 E/SurfaceFlinger( 1320): uniform mat4 texture;
05-02 08:29:08.494 E/SurfaceFlinger( 1320): void main(void) {
05-02 08:29:08.494 E/SurfaceFlinger( 1320):     gl_Position = projection * position;
05-02 08:29:08.494 E/SurfaceFlinger( 1320):     outTexCoords = (texture * texCoords).st;
05-02 08:29:08.494 E/SurfaceFlinger( 1320): }
05-02 08:29:08.494 E/SurfaceFlinger( 1320): 
05-02 08:29:08.494 E/SurfaceFlinger( 1320): öÿÿÿÿÿÿÿŸñNr
05-02 08:29:08.494 E/SurfaceFlinger( 1320): Error while compiling shader: 
05-02 08:29:08.494 E/SurfaceFlinger( 1320): #extension GL_OES_EGL_image_external : require
05-02 08:29:08.494 E/SurfaceFlinger( 1320): precision mediump float;
05-02 08:29:08.494 E/SurfaceFlinger( 1320): uniform samplerExternalOES sampler;
05-02 08:29:08.494 E/SurfaceFlinger( 1320): varying vec2 outTexCoords;
05-02 08:29:08.494 E/SurfaceFlinger( 1320): void main(void) {
05-02 08:29:08.494 E/SurfaceFlinger( 1320):     gl_FragColor = texture2D(sampler, outTexCoords);
05-02 08:29:08.494 E/SurfaceFlinger( 1320):     gl_FragColor.a = 1.0;
05-02 08:29:08.494 E/SurfaceFlinger( 1320): }
05-02 08:29:08.494 E/SurfaceFlinger( 1320): 
05-02 08:29:08.494 E/SurfaceFlinger( 1320): öÿÿÿÿÿÿÿŸñNr
05-02 08:29:08.494 E/SurfaceFlinger( 1320): Error while linking shaders:
05-02 08:29:08.495 E/SurfaceFlinger( 1320): Error while compiling shader: 
05-02 08:29:08.495 E/SurfaceFlinger( 1320): attribute vec4 texCoords;
05-02 08:29:08.495 E/SurfaceFlinger( 1320): varying vec2 outTexCoords;
05-02 08:29:08.495 E/SurfaceFlinger( 1320): attribute vec4 position;
05-02 08:29:08.495 E/SurfaceFlinger( 1320): uniform mat4 projection;
05-02 08:29:08.495 E/SurfaceFlinger( 1320): uniform mat4 texture;
05-02 08:29:08.495 E/SurfaceFlinger( 1320): void main(void) {
05-02 08:29:08.495 E/SurfaceFlinger( 1320):     gl_Position = projection * position;
05-02 08:29:08.495 E/SurfaceFlinger( 1320):     outTexCoords = (texture * texCoords).st;
05-02 08:29:08.495 E/SurfaceFlinger( 1320): }
05-02 08:29:08.495 E/SurfaceFlinger( 1320): 
05-02 08:29:08.495 E/SurfaceFlinger( 1320): öÿÿÿÿÿÿÿŸñNr
05-02 08:29:08.495 E/SurfaceFlinger( 1320): Error while compiling shader: 
05-02 08:29:08.495 E/SurfaceFlinger( 1320): #extension GL_OES_EGL_image_external : require
05-02 08:29:08.495 E/SurfaceFlinger( 1320): precision mediump float;
05-02 08:29:08.495 E/SurfaceFlinger( 1320): uniform samplerExternalOES sampler;
05-02 08:29:08.495 E/SurfaceFlinger( 1320): varying vec2 outTexCoords;
05-02 08:29:08.495 E/SurfaceFlinger( 1320): void main(void) {
05-02 08:29:08.495 E/SurfaceFlinger( 1320):     gl_FragColor = texture2D(sampler, outTexCoords);
05-02 08:29:08.495 E/SurfaceFlinger( 1320):     gl_FragColor.a = 1.0;
05-02 08:29:08.495 E/SurfaceFlinger( 1320): }
05-02 08:29:08.495 E/SurfaceFlinger( 1320): 
05-02 08:29:08.495 E/SurfaceFlinger( 1320): öÿÿÿÿÿÿÿŸñNr
05-02 08:29:08.495 E/SurfaceFlinger( 1320): Error while linking shaders:
05-02 08:29:08.495 E/SurfaceFlinger( 1320): Error while compiling shader: 
05-02 08:29:08.495 E/SurfaceFlinger( 1320): attribute vec4 texCoords;
05-02 08:29:08.495 E/SurfaceFlinger( 1320): varying vec2 outTexCoords;
05-02 08:29:08.495 E/SurfaceFlinger( 1320): attribute vec4 position;
05-02 08:29:08.495 E/SurfaceFlinger( 1320): uniform mat4 projection;
05-02 08:29:08.495 E/SurfaceFlinger( 1320): uniform mat4 texture;
05-02 08:29:08.495 E/SurfaceFlinger( 1320): void main(void) {
05-02 08:29:08.495 E/SurfaceFlinger( 1320):     gl_Position = projection * position;
05-02 08:29:08.495 E/SurfaceFlinger( 1320):     outTexCoords = (texture * texCoords).st;
05-02 08:29:08.495 E/SurfaceFlinger( 1320): }
05-02 08:29:08.495 E/SurfaceFlinger( 1320): 
05-02 08:29:08.495 E/SurfaceFlinger( 1320): öÿÿÿÿÿÿÿŸñNr
05-02 08:29:08.495 E/SurfaceFlinger( 1320): Error while compiling shader: 
05-02 08:29:08.495 E/SurfaceFlinger( 1320): #extension GL_OES_EGL_image_external : require
05-02 08:29:08.495 E/SurfaceFlinger( 1320): precision mediump float;
05-02 08:29:08.495 E/SurfaceFlinger( 1320): uniform samplerExternalOES sampler;
05-02 08:29:08.495 E/SurfaceFlinger( 1320): varying vec2 outTexCoords;
05-02 08:29:08.495 E/SurfaceFlinger( 1320): uniform float alphaPlane;
05-02 08:29:08.495 E/SurfaceFlinger( 1320): void main(void) {
05-02 08:29:08.495 E/SurfaceFlinger( 1320):     gl_FragColor = texture2D(sampler, outTexCoords);
05-02 08:29:08.495 E/SurfaceFlinger( 1320):     gl_FragColor.a *= alphaPlane;
05-02 08:29:08.495 E/SurfaceFlinger( 1320): }
05-02 08:29:08.495 E/SurfaceFlinger( 1320): 
05-02 08:29:08.495 E/SurfaceFlinger( 1320): öÿÿÿÿÿÿÿŸñNr
05-02 08:29:08.495 E/SurfaceFlinger( 1320): Error while linking shaders:
05-02 08:29:08.495 E/SurfaceFlinger( 1320): Error while compiling shader: 
05-02 08:29:08.495 E/SurfaceFlinger( 1320): attribute vec4 texCoords;
05-02 08:29:08.495 E/SurfaceFlinger( 1320): varying vec2 outTexCoords;
05-02 08:29:08.495 E/SurfaceFlinger( 1320): attribute vec4 position;
05-02 08:29:08.495 E/SurfaceFlinger( 1320): uniform mat4 projection;
05-02 08:29:08.495 E/SurfaceFlinger( 1320): uniform mat4 texture;
05-02 08:29:08.495 E/SurfaceFlinger( 1320): void main(void) {
05-02 08:29:08.495 E/SurfaceFlinger( 1320):     gl_Position = projection * position;
05-02 08:29:08.495 E/SurfaceFlinger( 1320):     outTexCoords = (texture * texCoords).st;
05-02 08:29:08.495 E/SurfaceFlinger( 1320): }
05-02 08:29:08.495 E/SurfaceFlinger( 1320): 
05-02 08:29:08.495 E/SurfaceFlinger( 1320): öÿÿÿÿÿÿÿŸñNr
05-02 08:29:08.495 E/SurfaceFlinger( 1320): Error while compiling shader: 
05-02 08:29:08.495 E/SurfaceFlinger( 1320): #extension GL_OES_EGL_image_external : require
05-02 08:29:08.495 E/SurfaceFlinger( 1320): precision mediump float;
05-02 08:29:08.495 E/SurfaceFlinger( 1320): uniform samplerExternalOES sampler;
05-02 08:29:08.495 E/SurfaceFlinger( 1320): varying vec2 outTexCoords;
05-02 08:29:08.495 E/SurfaceFlinger( 1320): uniform float alphaPlane;
05-02 08:29:08.495 E/SurfaceFlinger( 1320): void main(void) {
05-02 08:29:08.495 E/SurfaceFlinger( 1320):     gl_FragColor = texture2D(sampler, outTexCoords);
05-02 08:29:08.495 E/SurfaceFlinger( 1320):     gl_FragColor *= alphaPlane;
05-02 08:29:08.495 E/SurfaceFlinger( 1320): }
05-02 08:29:08.495 E/SurfaceFlinger( 1320): 
05-02 08:29:08.495 E/SurfaceFlinger( 1320): öÿÿÿÿÿÿÿŸñNr
05-02 08:29:08.495 E/SurfaceFlinger( 1320): Error while linking shaders:
05-02 08:29:08.495 E/SurfaceFlinger( 1320): Error while compiling shader: 
05-02 08:29:08.495 E/SurfaceFlinger( 1320): attribute vec4 texCoords;
05-02 08:29:08.495 E/SurfaceFlinger( 1320): varying vec2 outTexCoords;
05-02 08:29:08.495 E/SurfaceFlinger( 1320): attribute vec4 position;
05-02 08:29:08.495 E/SurfaceFlinger( 1320): uniform mat4 projection;
05-02 08:29:08.495 E/SurfaceFlinger( 1320): uniform mat4 texture;
05-02 08:29:08.495 E/SurfaceFlinger( 1320): void main(void) {
05-02 08:29:08.495 E/SurfaceFlinger( 1320):     gl_Position = projection * position;
05-02 08:29:08.495 E/SurfaceFlinger( 1320):     outTexCoords = (texture * texCoords).st;
05-02 08:29:08.495 E/SurfaceFlinger( 1320): }
05-02 08:29:08.495 E/SurfaceFlinger( 1320): 
05-02 08:29:08.495 E/SurfaceFlinger( 1320): öÿÿÿÿÿÿÿŸñNr
05-02 08:29:08.495 E/SurfaceFlinger( 1320): Error while compiling shader: 
05-02 08:29:08.495 E/SurfaceFlinger( 1320): #extension GL_OES_EGL_image_external : require
05-02 08:29:08.495 E/SurfaceFlinger( 1320): precision mediump float;
05-02 08:29:08.495 E/SurfaceFlinger( 1320): uniform samplerExternalOES sampler;
05-02 08:29:08.495 E/SurfaceFlinger( 1320): varying vec2 outTexCoords;
05-02 08:29:08.495 E/SurfaceFlinger( 1320): uniform float alphaPlane;
05-02 08:29:08.495 E/SurfaceFlinger( 1320): void main(void) {
05-02 08:29:08.495 E/SurfaceFlinger( 1320):     gl_FragColor = texture2D(sampler, outTexCoords);
05-02 08:29:08.495 E/SurfaceFlinger( 1320):     gl_FragColor.a = 1.0;
05-02 08:29:08.495 E/SurfaceFlinger( 1320):     gl_FragColor.a *= alphaPlane;
05-02 08:29:08.495 E/SurfaceFlinger( 1320): }
05-02 08:29:08.495 E/SurfaceFlinger( 1320): 
05-02 08:29:08.495 E/SurfaceFlinger( 1320): öÿÿÿÿÿÿÿŸñNr
05-02 08:29:08.495 E/SurfaceFlinger( 1320): Error while linking shaders:
05-02 08:29:08.495 E/SurfaceFlinger( 1320): Error while compiling shader: 
05-02 08:29:08.495 E/SurfaceFlinger( 1320): attribute vec4 texCoords;
05-02 08:29:08.495 E/SurfaceFlinger( 1320): varying vec2 outTexCoords;
05-02 08:29:08.495 E/SurfaceFlinger( 1320): attribute vec4 position;
05-02 08:29:08.495 E/SurfaceFlinger( 1320): uniform mat4 projection;
05-02 08:29:08.495 E/SurfaceFlinger( 1320): uniform mat4 texture;
05-02 08:29:08.495 E/SurfaceFlinger( 1320): void main(void) {
05-02 08:29:08.495 E/SurfaceFlinger( 1320):     gl_Position = projection * position;
05-02 08:29:08.495 E/SurfaceFlinger( 1320):     outTexCoords = (texture * texCoords).st;
05-02 08:29:08.495 E/SurfaceFlinger( 1320): }
05-02 08:29:08.495 E/SurfaceFlinger( 1320): 
05-02 08:29:08.495 E/SurfaceFlinger( 1320): öÿÿÿÿÿÿÿŸñNr
05-02 08:29:08.495 E/SurfaceFlinger( 1320): Error while compiling shader: 
05-02 08:29:08.495 E/SurfaceFlinger( 1320): #extension GL_OES_EGL_image_external : require
05-02 08:29:08.495 E/SurfaceFlinger( 1320): precision mediump float;
05-02 08:29:08.495 E/SurfaceFlinger( 1320): uniform samplerExternalOES sampler;
05-02 08:29:08.495 E/SurfaceFlinger( 1320): varying vec2 outTexCoords;
05-02 08:29:08.495 E/SurfaceFlinger( 1320): uniform float alphaPlane;
05-02 08:29:08.495 E/SurfaceFlinger( 1320): void main(void) {
05-02 08:29:08.495 E/SurfaceFlinger( 1320):     gl_FragColor = texture2D(sampler, outTexCoords);
05-02 08:29:08.495 E/SurfaceFlinger( 1320):     gl_FragColor.a = 1.0;
05-02 08:29:08.495 E/SurfaceFlinger( 1320):     gl_FragColor *= alphaPlane;
05-02 08:29:08.495 E/SurfaceFlinger( 1320): }
05-02 08:29:08.495 E/SurfaceFlinger( 1320): 
05-02 08:29:08.495 E/SurfaceFlinger( 1320): öÿÿÿÿÿÿÿŸñNr
05-02 08:29:08.495 E/SurfaceFlinger( 1320): Error while linking shaders:
05-02 08:29:08.495 E/SurfaceFlinger( 1320): Error while compiling shader: 
05-02 08:29:08.495 E/SurfaceFlinger( 1320): attribute vec4 texCoords;
05-02 08:29:08.495 E/SurfaceFlinger( 1320): varying vec2 outTexCoords;
05-02 08:29:08.495 E/SurfaceFlinger( 1320): attribute vec4 position;
05-02 08:29:08.495 E/SurfaceFlinger( 1320): uniform mat4 projection;
05-02 08:29:08.495 E/SurfaceFlinger( 1320): uniform mat4 texture;
05-02 08:29:08.495 E/SurfaceFlinger( 1320): void main(void) {
05-02 08:29:08.495 E/SurfaceFlinger( 1320):     gl_Position = projection * position;
05-02 08:29:08.495 E/SurfaceFlinger( 1320):     outTexCoords = (texture * texCoords).st;
05-02 08:29:08.495 E/SurfaceFlinger( 1320): }
05-02 08:29:08.495 E/SurfaceFlinger( 1320): 
05-02 08:29:08.495 E/SurfaceFlinger( 1320): öÿÿÿÿÿÿÿŸñNr
05-02 08:29:08.495 E/SurfaceFlinger( 1320): Error while compiling shader: 
05-02 08:29:08.495 E/SurfaceFlinger( 1320): precision mediump float;
05-02 08:29:08.495 E/SurfaceFlinger( 1320): uniform sampler2D sampler;
05-02 08:29:08.495 E/SurfaceFlinger( 1320): varying vec2 outTexCoords;
05-02 08:29:08.495 E/SurfaceFlinger( 1320): void main(void) {
05-02 08:29:08.495 E/SurfaceFlinger( 1320):     gl_FragColor = texture2D(sampler, outTexCoords);
05-02 08:29:08.495 E/SurfaceFlinger( 1320): }
05-02 08:29:08.495 E/SurfaceFlinger( 1320): 
05-02 08:29:08.495 E/SurfaceFlinger( 1320): öÿÿÿÿÿÿÿŸñNr
05-02 08:29:08.495 E/SurfaceFlinger( 1320): Error while linking shaders:
05-02 08:29:08.495 E/SurfaceFlinger( 1320): Error while compiling shader: 
05-02 08:29:08.495 E/SurfaceFlinger( 1320): attribute vec4 texCoords;
05-02 08:29:08.495 E/SurfaceFlinger( 1320): varying vec2 outTexCoords;
05-02 08:29:08.495 E/SurfaceFlinger( 1320): attribute vec4 position;
05-02 08:29:08.495 E/SurfaceFlinger( 1320): uniform mat4 projection;
05-02 08:29:08.495 E/SurfaceFlinger( 1320): uniform mat4 texture;
05-02 08:29:08.495 E/SurfaceFlinger( 1320): void main(void) {
05-02 08:29:08.495 E/SurfaceFlinger( 1320):     gl_Position = projection * position;
05-02 08:29:08.495 E/SurfaceFlinger( 1320):     outTexCoords = (texture * texCoords).st;
05-02 08:29:08.495 E/SurfaceFlinger( 1320): }
05-02 08:29:08.495 E/SurfaceFlinger( 1320): 
05-02 08:29:08.495 E/SurfaceFlinger( 1320): öÿÿÿÿÿÿÿŸñNr
05-02 08:29:08.496 E/SurfaceFlinger( 1320): Error while compiling shader: 
05-02 08:29:08.496 E/SurfaceFlinger( 1320): precision mediump float;
05-02 08:29:08.496 E/SurfaceFlinger( 1320): uniform sampler2D sampler;
05-02 08:29:08.496 E/SurfaceFlinger( 1320): varying vec2 outTexCoords;
05-02 08:29:08.496 E/SurfaceFlinger( 1320): void main(void) {
05-02 08:29:08.496 E/SurfaceFlinger( 1320):     gl_FragColor = texture2D(sampler, outTexCoords);
05-02 08:29:08.496 E/SurfaceFlinger( 1320): }
05-02 08:29:08.496 E/SurfaceFlinger( 1320): 
05-02 08:29:08.496 E/SurfaceFlinger( 1320): öÿÿÿÿÿÿÿŸñNr
05-02 08:29:08.496 E/SurfaceFlinger( 1320): Error while linking shaders:
05-02 08:29:08.496 E/SurfaceFlinger( 1320): Error while compiling shader: 
05-02 08:29:08.496 E/SurfaceFlinger( 1320): attribute vec4 texCoords;
05-02 08:29:08.496 E/SurfaceFlinger( 1320): varying vec2 outTexCoords;
05-02 08:29:08.496 E/SurfaceFlinger( 1320): attribute vec4 position;
05-02 08:29:08.496 E/SurfaceFlinger( 1320): uniform mat4 projection;
05-02 08:29:08.496 E/SurfaceFlinger( 1320): uniform mat4 texture;
05-02 08:29:08.496 E/SurfaceFlinger( 1320): void main(void) {
05-02 08:29:08.496 E/SurfaceFlinger( 1320):     gl_Position = projection * position;
05-02 08:29:08.496 E/SurfaceFlinger( 1320):     outTexCoords = (texture * texCoords).st;
05-02 08:29:08.496 E/SurfaceFlinger( 1320): }
05-02 08:29:08.496 E/SurfaceFlinger( 1320): 
05-02 08:29:08.496 E/SurfaceFlinger( 1320): öÿÿÿÿÿÿÿŸñNr
05-02 08:29:08.496 E/SurfaceFlinger( 1320): Error while compiling shader: 
05-02 08:29:08.496 E/SurfaceFlinger( 1320): precision mediump float;
05-02 08:29:08.496 E/SurfaceFlinger( 1320): uniform sampler2D sampler;
05-02 08:29:08.496 E/SurfaceFlinger( 1320): varying vec2 outTexCoords;
05-02 08:29:08.496 E/SurfaceFlinger( 1320): void main(void) {
05-02 08:29:08.496 E/SurfaceFlinger( 1320):     gl_FragColor = texture2D(sampler, outTexCoords);
05-02 08:29:08.496 E/SurfaceFlinger( 1320):     gl_FragColor.a = 1.0;
05-02 08:29:08.496 E/SurfaceFlinger( 1320): }
05-02 08:29:08.496 E/SurfaceFlinger( 1320): 
05-02 08:29:08.496 E/SurfaceFlinger( 1320): öÿÿÿÿÿÿÿŸñNr
05-02 08:29:08.496 E/SurfaceFlinger( 1320): Error while linking shaders:
05-02 08:29:08.496 E/SurfaceFlinger( 1320): Error while compiling shader: 
05-02 08:29:08.496 E/SurfaceFlinger( 1320): attribute vec4 texCoords;
05-02 08:29:08.496 E/SurfaceFlinger( 1320): varying vec2 outTexCoords;
05-02 08:29:08.496 E/SurfaceFlinger( 1320): attribute vec4 position;
05-02 08:29:08.496 E/SurfaceFlinger( 1320): uniform mat4 projection;
05-02 08:29:08.496 E/SurfaceFlinger( 1320): uniform mat4 texture;
05-02 08:29:08.496 E/SurfaceFlinger( 1320): void main(void) {
05-02 08:29:08.496 E/SurfaceFlinger( 1320):     gl_Position = projection * position;
05-02 08:29:08.496 E/SurfaceFlinger( 1320):     outTexCoords = (texture * texCoords).st;
05-02 08:29:08.496 E/SurfaceFlinger( 1320): }
05-02 08:29:08.496 E/SurfaceFlinger( 1320): 
05-02 08:29:08.496 E/SurfaceFlinger( 1320): öÿÿÿÿÿÿÿŸñNr
05-02 08:29:08.496 E/SurfaceFlinger( 1320): Error while compiling shader: 
05-02 08:29:08.496 E/SurfaceFlinger( 1320): precision mediump float;
05-02 08:29:08.496 E/SurfaceFlinger( 1320): uniform sampler2D sampler;
05-02 08:29:08.496 E/SurfaceFlinger( 1320): varying vec2 outTexCoords;
05-02 08:29:08.496 E/SurfaceFlinger( 1320): void main(void) {
05-02 08:29:08.496 E/SurfaceFlinger( 1320):     gl_FragColor = texture2D(sampler, outTexCoords);
05-02 08:29:08.496 E/SurfaceFlinger( 1320):     gl_FragColor.a = 1.0;
05-02 08:29:08.496 E/SurfaceFlinger( 1320): }
05-02 08:29:08.496 E/SurfaceFlinger( 1320): 
05-02 08:29:08.496 E/SurfaceFlinger( 1320): öÿÿÿÿÿÿÿŸñNr
05-02 08:29:08.496 E/SurfaceFlinger( 1320): Error while linking shaders:
05-02 08:29:08.496 E/SurfaceFlinger( 1320): Error while compiling shader: 
05-02 08:29:08.496 E/SurfaceFlinger( 1320): attribute vec4 texCoords;
05-02 08:29:08.496 E/SurfaceFlinger( 1320): varying vec2 outTexCoords;
05-02 08:29:08.496 E/SurfaceFlinger( 1320): attribute vec4 position;
05-02 08:29:08.496 E/SurfaceFlinger( 1320): uniform mat4 projection;
05-02 08:29:08.496 E/SurfaceFlinger( 1320): uniform mat4 texture;
05-02 08:29:08.496 E/SurfaceFlinger( 1320): void main(void) {
05-02 08:29:08.496 E/SurfaceFlinger( 1320):     gl_Position = projection * position;
05-02 08:29:08.496 E/SurfaceFlinger( 1320):     outTexCoords = (texture * texCoords).st;
05-02 08:29:08.496 E/SurfaceFlinger( 1320): }
05-02 08:29:08.496 E/SurfaceFlinger( 1320): 
05-02 08:29:08.496 E/SurfaceFlinger( 1320): öÿÿÿÿÿÿÿŸñNr
05-02 08:29:08.496 E/SurfaceFlinger( 1320): Error while compiling shader: 
05-02 08:29:08.496 E/SurfaceFlinger( 1320): precision mediump float;
05-02 08:29:08.496 E/SurfaceFlinger( 1320): uniform sampler2D sampler;
05-02 08:29:08.496 E/SurfaceFlinger( 1320): varying vec2 outTexCoords;
05-02 08:29:08.496 E/SurfaceFlinger( 1320): uniform float alphaPlane;
05-02 08:29:08.496 E/SurfaceFlinger( 1320): void main(void) {
05-02 08:29:08.496 E/SurfaceFlinger( 1320):     gl_FragColor = texture2D(sampler, outTexCoords);
05-02 08:29:08.496 E/SurfaceFlinger( 1320):     gl_FragColor.a *= alphaPlane;
05-02 08:29:08.496 E/SurfaceFlinger( 1320): }
05-02 08:29:08.496 E/SurfaceFlinger( 1320): 
05-02 08:29:08.496 E/SurfaceFlinger( 1320): öÿÿÿÿÿÿÿŸñNr
05-02 08:29:08.496 E/SurfaceFlinger( 1320): Error while linking shaders:
05-02 08:29:08.496 E/SurfaceFlinger( 1320): Error while compiling shader: 
05-02 08:29:08.496 E/SurfaceFlinger( 1320): attribute vec4 texCoords;
05-02 08:29:08.496 E/SurfaceFlinger( 1320): varying vec2 outTexCoords;
05-02 08:29:08.496 E/SurfaceFlinger( 1320): attribute vec4 position;
05-02 08:29:08.496 E/SurfaceFlinger( 1320): uniform mat4 projection;
05-02 08:29:08.496 E/SurfaceFlinger( 1320): uniform mat4 texture;
05-02 08:29:08.496 E/SurfaceFlinger( 1320): void main(void) {
05-02 08:29:08.496 E/SurfaceFlinger( 1320):     gl_Position = projection * position;
05-02 08:29:08.496 E/SurfaceFlinger( 1320):     outTexCoords = (texture * texCoords).st;
05-02 08:29:08.496 E/SurfaceFlinger( 1320): }
05-02 08:29:08.496 E/SurfaceFlinger( 1320): 
05-02 08:29:08.496 E/SurfaceFlinger( 1320): öÿÿÿÿÿÿÿŸñNr
05-02 08:29:08.496 E/SurfaceFlinger( 1320): Error while compiling shader: 
05-02 08:29:08.496 E/SurfaceFlinger( 1320): precision mediump float;
05-02 08:29:08.496 E/SurfaceFlinger( 1320): uniform sampler2D sampler;
05-02 08:29:08.496 E/SurfaceFlinger( 1320): varying vec2 outTexCoords;
05-02 08:29:08.496 E/SurfaceFlinger( 1320): uniform float alphaPlane;
05-02 08:29:08.496 E/SurfaceFlinger( 1320): void main(void) {
05-02 08:29:08.496 E/SurfaceFlinger( 1320):     gl_FragColor = texture2D(sampler, outTexCoords);
05-02 08:29:08.496 E/SurfaceFlinger( 1320):     gl_FragColor *= alphaPlane;
05-02 08:29:08.496 E/SurfaceFlinger( 1320): }
05-02 08:29:08.496 E/SurfaceFlinger( 1320): 
05-02 08:29:08.496 E/SurfaceFlinger( 1320): öÿÿÿÿÿÿÿŸñNr
05-02 08:29:08.496 E/SurfaceFlinger( 1320): Error while linking shaders:
05-02 08:29:08.496 E/SurfaceFlinger( 1320): Error while compiling shader: 
05-02 08:29:08.496 E/SurfaceFlinger( 1320): attribute vec4 texCoords;
05-02 08:29:08.496 E/SurfaceFlinger( 1320): varying vec2 outTexCoords;
05-02 08:29:08.496 E/SurfaceFlinger( 1320): attribute vec4 position;
05-02 08:29:08.496 E/SurfaceFlinger( 1320): uniform mat4 projection;
05-02 08:29:08.496 E/SurfaceFlinger( 1320): uniform mat4 texture;
05-02 08:29:08.496 E/SurfaceFlinger( 1320): void main(void) {
05-02 08:29:08.496 E/SurfaceFlinger( 1320):     gl_Position = projection * position;
05-02 08:29:08.496 E/SurfaceFlinger( 1320):     outTexCoords = (texture * texCoords).st;
05-02 08:29:08.496 E/SurfaceFlinger( 1320): }
05-02 08:29:08.496 E/SurfaceFlinger( 1320): 
05-02 08:29:08.496 E/SurfaceFlinger( 1320): öÿÿÿÿÿÿÿŸñNr
05-02 08:29:08.496 E/SurfaceFlinger( 1320): Error while compiling shader: 
05-02 08:29:08.496 E/SurfaceFlinger( 1320): precision mediump float;
05-02 08:29:08.496 E/SurfaceFlinger( 1320): uniform sampler2D sampler;
05-02 08:29:08.496 E/SurfaceFlinger( 1320): varying vec2 outTexCoords;
05-02 08:29:08.496 E/SurfaceFlinger( 1320): uniform float alphaPlane;
05-02 08:29:08.496 E/SurfaceFlinger( 1320): void main(void) {
05-02 08:29:08.496 E/SurfaceFlinger( 1320):     gl_FragColor = texture2D(sampler, outTexCoords);
05-02 08:29:08.496 E/SurfaceFlinger( 1320):     gl_FragColor.a = 1.0;
05-02 08:29:08.496 E/SurfaceFlinger( 1320):     gl_FragColor.a *= alphaPlane;
05-02 08:29:08.496 E/SurfaceFlinger( 1320): }
05-02 08:29:08.496 E/SurfaceFlinger( 1320): 
05-02 08:29:08.496 E/SurfaceFlinger( 1320): öÿÿÿÿÿÿÿŸñNr
05-02 08:29:08.496 E/SurfaceFlinger( 1320): Error while linking shaders:
05-02 08:29:08.496 E/SurfaceFlinger( 1320): Error while compiling shader: 
05-02 08:29:08.496 E/SurfaceFlinger( 1320): attribute vec4 texCoords;
05-02 08:29:08.496 E/SurfaceFlinger( 1320): varying vec2 outTexCoords;
05-02 08:29:08.496 E/SurfaceFlinger( 1320): attribute vec4 position;
05-02 08:29:08.496 E/SurfaceFlinger( 1320): uniform mat4 projection;
05-02 08:29:08.496 E/SurfaceFlinger( 1320): uniform mat4 texture;
05-02 08:29:08.496 E/SurfaceFlinger( 1320): void main(void) {
05-02 08:29:08.496 E/SurfaceFlinger( 1320):     gl_Position = projection * position;
05-02 08:29:08.496 E/SurfaceFlinger( 1320):     outTexCoords = (texture * texCoords).st;
05-02 08:29:08.496 E/SurfaceFlinger( 1320): }
05-02 08:29:08.496 E/SurfaceFlinger( 1320): 
05-02 08:29:08.496 E/SurfaceFlinger( 1320): öÿÿÿÿÿÿÿŸñNr
05-02 08:29:08.496 E/SurfaceFlinger( 1320): Error while compiling shader: 
05-02 08:29:08.496 E/SurfaceFlinger( 1320): precision mediump float;
05-02 08:29:08.496 E/SurfaceFlinger( 1320): uniform sampler2D sampler;
05-02 08:29:08.496 E/SurfaceFlinger( 1320): varying vec2 outTexCoords;
05-02 08:29:08.496 E/SurfaceFlinger( 1320): uniform float alphaPlane;
05-02 08:29:08.496 E/SurfaceFlinger( 1320): void main(void) {
05-02 08:29:08.496 E/SurfaceFlinger( 1320):     gl_FragColor = texture2D(sampler, outTexCoords);
05-02 08:29:08.496 E/SurfaceFlinger( 1320):     gl_FragColor.a = 1.0;
05-02 08:29:08.496 E/SurfaceFlinger( 1320):     gl_FragColor *= alphaPlane;
05-02 08:29:08.496 E/SurfaceFlinger( 1320): }
05-02 08:29:08.496 E/SurfaceFlinger( 1320): 
05-02 08:29:08.496 E/SurfaceFlinger( 1320): öÿÿÿÿÿÿÿŸñNr
05-02 08:29:08.496 E/SurfaceFlinger( 1320): Error while linking shaders:
