05-02 08:31:16.973 V/vold    ( 1274): /system/bin/fsck_msdos
05-02 08:31:16.973 V/vold    ( 1274):     -p
05-02 08:31:16.974 V/vold    ( 1274):     -f
05-02 08:31:16.974 V/vold    ( 1274):     /dev/block/vold/public:253,48
05-02 08:31:16.975 D/VoldConnector( 3396): RCV <- {652 public:253,48 vfat}
05-02 08:31:16.976 D/VoldConnector( 3396): RCV <- {653 public:253,48 1EFF-1C1B}
05-02 08:31:16.977 D/VoldConnector( 3396): RCV <- {654 public:253,48 SDCARD}
05-02 08:31:16.987 W/ProcessCpuTracker( 3396): Skipping unknown process pid 3656
05-02 08:31:17.005 I/OMXClient( 1371): MuxOMX ctor
05-02 08:31:17.006 I/OMXMaster( 1356): makeComponentInstance(OMX.google.opus.decoder) in mediacodec process
05-02 08:31:17.065 W/ProcessCpuTracker( 3396): Skipping unknown process pid 3710
05-02 08:31:17.414 E/NetdConnector( 3396): NDC Command {3 bandwidth enable} took too long (4736ms)
05-02 08:31:17.712 I/MediaPlayerService( 1371): MediaPlayerService::getOMX
05-02 08:31:17.714 I/OMXClient( 1371): MuxOMX ctor
05-02 08:31:17.715 I/OMXMaster( 1356): makeComponentInstance(OMX.google.raw.decoder) in mediacodec process
05-02 08:31:17.752 I/MediaPlayerService( 1371): MediaPlayerService::getOMX
05-02 08:31:17.755 I/OMXClient( 1371): MuxOMX ctor
05-02 08:31:17.756 I/OMXMaster( 1356): makeComponentInstance(OMX.google.aac.encoder) in mediacodec process
05-02 08:31:17.845 I/fsck_msdos( 1274): ** /dev/block/vold/public:253,48
05-02 08:31:17.845 I/fsck_msdos( 1274): ** Phase 1 - Read and Compare FATs
05-02 08:31:17.845 I/fsck_msdos( 1274): Attempting to allocate 1046 KB for FAT
05-02 08:31:17.886 E/WVMExtractor( 3618): Failed to open libwvm.so: dlopen failed: library "libwvm.so" not found
05-02 08:31:18.111 I/MediaPlayerService( 1371): MediaPlayerService::getOMX
05-02 08:31:18.121 I/OMXClient( 1371): MuxOMX ctor
05-02 08:31:18.122 I/OMXMaster( 1356): makeComponentInstance(OMX.google.amrnb.encoder) in mediacodec process
05-02 08:31:18.212 I/fsck_msdos( 1274): Attempting to allocate 1046 KB for FAT
05-02 08:31:18.270 I/MediaPlayerService( 1371): MediaPlayerService::getOMX
05-02 08:31:18.438 I/art     ( 3612): Waiting for a blocking GC DisableMovingGc
05-02 08:31:18.451 I/OMXClient( 1371): MuxOMX ctor
05-02 08:31:18.452 I/OMXMaster( 1356): makeComponentInstance(OMX.google.amrwb.encoder) in mediacodec process
05-02 08:31:18.476 I/art     ( 3612): WaitForGcToComplete blocked for 38.317ms for cause DisableMovingGc
05-02 08:31:18.476 I/art     ( 3612): Starting a blocking GC DisableMovingGc
05-02 08:31:18.570 I/MediaPlayerService( 1371): MediaPlayerService::getOMX
05-02 08:31:18.607 I/OMXClient( 1371): MuxOMX ctor
05-02 08:31:18.608 I/OMXMaster( 1356): makeComponentInstance(OMX.google.flac.encoder) in mediacodec process
05-02 08:31:19.040 I/fsck_msdos( 1274): ** Phase 2 - Check Cluster Chains
05-02 08:31:19.053 I/fsck_msdos( 1274): ** Phase 3 - Checking Directories
05-02 08:31:19.055 I/fsck_msdos( 1274): ** Phase 4 - Checking for Lost Files
05-02 08:31:19.118 I/fsck_msdos( 1274): 2 files, 534464 free (267232 clusters)
05-02 08:31:19.187 W/InputAttributes( 3612): No editor info for this field. Bug?
05-02 08:31:19.243 I/Vold    ( 1274): Filesystem check completed OK
05-02 08:31:19.244 D/VoldConnector( 3396): RCV <- {656 public:253,48 /mnt/media_rw/1EFF-1C1B}
05-02 08:31:19.261 D/VoldConnector( 3396): RCV <- {655 public:253,48 /storage/1EFF-1C1B}
05-02 08:31:19.580 V/vold    ( 1274): Waiting for FUSE to spin up...
05-02 08:31:19.581 I/MediaPlayerService( 1371): MediaPlayerService::getOMX
05-02 08:31:19.582 I/OMXClient( 1371): MuxOMX ctor
05-02 08:31:19.583 I/OMXMaster( 1356): makeComponentInstance(OMX.google.gsm.decoder) in mediacodec process
05-02 08:31:19.640 V/vold    ( 1274): Waiting for FUSE to spin up...
05-02 08:31:19.698 V/vold    ( 1274): Waiting for FUSE to spin up...
05-02 08:31:19.750 V/vold    ( 1274): Waiting for FUSE to spin up...
05-02 08:31:19.810 V/vold    ( 1274): Waiting for FUSE to spin up...
05-02 08:31:19.865 V/vold    ( 1274): Waiting for FUSE to spin up...
05-02 08:31:19.890 E/NetdConnector( 3396): NDC Command {4 strict enable} took too long (2438ms)
05-02 08:31:19.920 V/vold    ( 1274): Waiting for FUSE to spin up...
05-02 08:31:19.979 V/vold    ( 1274): Waiting for FUSE to spin up...
05-02 08:31:20.019 W/sdcard  ( 3754): Device explicitly disabled sdcardfs
05-02 08:31:20.040 V/vold    ( 1274): Waiting for FUSE to spin up...
05-02 08:31:20.124 W/NetworkManagement( 3396): setDataSaverMode(): already false
05-02 08:31:20.142 D/VoldConnector( 3396): RCV <- {651 public:253,48 2}
05-02 08:31:20.236 I/LatinIME:LogUtils( 3612): Dictionary info: dictionary = userunigram.en_US ; version = 1619944280 ; date = ?
05-02 08:31:20.250 E/ActivityThread( 3612): Failed to find provider info for user_dictionary
05-02 08:31:20.253 I/LatinIME:LogUtils( 3612): Dictionary info: dictionary = UserHistoryDictionary.en_US ; version = 1619944280 ; date = ?
05-02 08:31:20.269 D/VoldConnector( 3396): RCV <- {200 7 Command succeeded}
05-02 08:31:20.427 E/VoldConnector( 3396): NDC Command {7 volume mount public:253,48 2 0} took too long (4931ms)
05-02 08:31:20.697 I/vol.Events( 3618): writeEvent collection_started
05-02 08:31:20.782 I/MediaPlayerService( 1371): MediaPlayerService::getOMX
05-02 08:31:20.783 I/OMXClient( 1371): MuxOMX ctor
05-02 08:31:20.784 I/OMXMaster( 1356): makeComponentInstance(OMX.google.mpeg4.decoder) in mediacodec process
05-02 08:31:20.955 I/vol.Events( 3618): writeEvent external_ringer_mode_changed normal
05-02 08:31:20.955 I/vol.Events( 3618): writeEvent internal_ringer_mode_changed normal
05-02 08:31:21.701 E/OMXNodeInstance( 1356): getExtensionIndex(54c000f:google.mpeg4.decoder, OMX.google.android.index.configureVideoTunnelMode) ERROR: UnsupportedIndex(0x8000101a)
05-02 08:31:21.702 W/OMXNodeInstance( 1356): [54c000f:google.mpeg4.decoder] component does not support metadata mode; using fallback
05-02 08:31:21.734 I/MediaPlayerService( 1371): MediaPlayerService::getOMX
05-02 08:31:21.745 I/OMXClient( 1371): MuxOMX ctor
05-02 08:31:21.746 I/OMXMaster( 1356): makeComponentInstance(OMX.google.h263.decoder) in mediacodec process
05-02 08:31:22.353 E/NetdConnector( 3396): NDC Command {7 bandwidth setglobalalert 2097152} took too long (1790ms)
05-02 08:31:22.484 D/NetworkPolicy( 3396): setRestrictBackgroundUL(): false
05-02 08:31:22.488 W/NetworkManagement( 3396): setDataSaverMode(): already false
05-02 08:31:22.702 E/OMXNodeInstance( 1356): getExtensionIndex(54c0010:google.h263.decoder, OMX.google.android.index.configureVideoTunnelMode) ERROR: UnsupportedIndex(0x8000101a)
05-02 08:31:22.702 W/OMXNodeInstance( 1356): [54c0010:google.h263.decoder] component does not support metadata mode; using fallback
05-02 08:31:22.713 I/MediaPlayerService( 1371): MediaPlayerService::getOMX
05-02 08:31:22.715 I/OMXClient( 1371): MuxOMX ctor
05-02 08:31:22.716 I/OMXMaster( 1356): makeComponentInstance(OMX.google.h264.decoder) in mediacodec process
05-02 08:31:23.089 I/art     ( 3396): Background sticky concurrent mark sweep GC freed 41862(2MB) AllocSpace objects, 15(296KB) LOS objects, 20% free, 13MB/16MB, paused 52.615ms total 326.749ms
05-02 08:31:24.019 W/ACodec  ( 1371): [OMX.google.h264.decoder] stopping checking profiles after 32: 2/8000
05-02 08:31:24.047 W/art     ( 3396): Long monitor contention with owner NetworkPolicy (3568) at boolean android.os.BinderProxy.transactNative(int, android.os.Parcel, android.os.Parcel, int)(Binder.java:-2) waiters=0 in void com.android.server.NetworkManagementService.setFirewallChainEnabled(int, boolean) for 1.272s
05-02 08:31:24.068 E/OMXNodeInstance( 1356): getExtensionIndex(54c0011:google.h264.decoder, OMX.google.android.index.configureVideoTunnelMode) ERROR: UnsupportedIndex(0x8000101a)
05-02 08:31:24.090 W/OMXNodeInstance( 1356): [54c0011:google.h264.decoder] component does not support metadata mode; using fallback
05-02 08:31:24.271 I/MediaPlayerService( 1371): MediaPlayerService::getOMX
05-02 08:31:24.274 I/OMXClient( 1371): MuxOMX ctor
05-02 08:31:24.278 I/OMXMaster( 1356): makeComponentInstance(OMX.google.hevc.decoder) in mediacodec process
05-02 08:31:25.227 E/OMXNodeInstance( 1356): getExtensionIndex(54c0012:google.hevc.decoder, OMX.google.android.index.configureVideoTunnelMode) ERROR: UnsupportedIndex(0x8000101a)
05-02 08:31:25.227 W/OMXNodeInstance( 1356): [54c0012:google.hevc.decoder] component does not support metadata mode; using fallback
05-02 08:31:25.314 I/MediaPlayerService( 1371): MediaPlayerService::getOMX
05-02 08:31:25.315 I/OMXClient( 1371): MuxOMX ctor
05-02 08:31:25.316 I/OMXMaster( 1356): makeComponentInstance(OMX.google.vp8.decoder) in mediacodec process
05-02 08:31:25.422 I/vol.Events( 3618): writeEvent level_changed STREAM_ALARM 6
05-02 08:31:25.493 I/vol.Events( 3618): writeEvent level_changed STREAM_BLUETOOTH_SCO 7
05-02 08:31:25.511 I/vol.Events( 3618): writeEvent level_changed STREAM_MUSIC 11
05-02 08:31:25.684 I/vol.Events( 3618): writeEvent level_changed STREAM_RING 5
05-02 08:31:25.812 I/vol.Events( 3618): writeEvent level_changed STREAM_SYSTEM 5
05-02 08:31:25.891 I/vol.Events( 3618): writeEvent level_changed STREAM_VOICE_CALL 4
05-02 08:31:25.999 W/AudioService( 3396): onLoadSoundEffects(), Error 1 while loading samples
05-02 08:31:26.050 W/ProcessCpuTracker( 3396): Skipping unknown process pid 3788
05-02 08:31:26.488 E/OMXNodeInstance( 1356): getExtensionIndex(54c0013:google.vp8.decoder, OMX.google.android.index.configureVideoTunnelMode) ERROR: UnsupportedIndex(0x8000101a)
05-02 08:31:26.488 W/OMXNodeInstance( 1356): [54c0013:google.vp8.decoder] component does not support metadata mode; using fallback
05-02 08:31:26.567 D/StorageNotification( 3618): Notifying about private volume: VolumeInfo{private}:
05-02 08:31:26.567 D/StorageNotification( 3618):     type=PRIVATE diskId=null partGuid=null mountFlags=0 mountUserId=-1 
05-02 08:31:26.567 D/StorageNotification( 3618):     state=MOUNTED 
05-02 08:31:26.567 D/StorageNotification( 3618):     fsType=null fsUuid=null fsLabel=null 
05-02 08:31:26.567 D/StorageNotification( 3618):     path=/data internalPath=null 
05-02 08:31:26.570 I/MediaPlayerService( 1371): MediaPlayerService::getOMX
05-02 08:31:26.572 I/OMXClient( 1371): MuxOMX ctor
05-02 08:31:26.573 I/OMXMaster( 1356): makeComponentInstance(OMX.google.vp9.decoder) in mediacodec process
05-02 08:31:26.593 E/NetdConnector( 3396): NDC Command {8 firewall enable_chain standby} took too long (2544ms)
05-02 08:31:26.652 E/NetdConnector( 3396): NDC Command {9 bandwidth gettetherstats} took too long (892ms)
05-02 08:31:26.678 D/StorageNotification( 3618): Notifying about public volume: VolumeInfo{public:253,48}:
05-02 08:31:26.678 D/StorageNotification( 3618):     type=PUBLIC diskId=disk:253,48 partGuid=null mountFlags=VISIBLE 
05-02 08:31:26.678 D/StorageNotification( 3618):     mountUserId=0 state=MOUNTED 
05-02 08:31:26.678 D/StorageNotification( 3618):     fsType=vfat fsUuid=1EFF-1C1B fsLabel=SDCARD 
05-02 08:31:26.678 D/StorageNotification( 3618):     path=/storage/1EFF-1C1B internalPath=/mnt/media_rw/1EFF-1C1B 
05-02 08:31:27.031 I/SystemServiceManager( 3396): Starting phase 600
05-02 08:31:27.157 E/OMXNodeInstance( 1356): getExtensionIndex(54c0014:google.vp9.decoder, OMX.google.android.index.configureVideoTunnelMode) ERROR: UnsupportedIndex(0x8000101a)
05-02 08:31:27.157 W/OMXNodeInstance( 1356): [54c0014:google.vp9.decoder] component does not support metadata mode; using fallback
05-02 08:31:27.263 I/MediaPlayerService( 1371): MediaPlayerService::getOMX
05-02 08:31:27.264 I/OMXClient( 1371): MuxOMX ctor
05-02 08:31:27.265 I/OMXMaster( 1356): makeComponentInstance(OMX.google.h263.encoder) in mediacodec process
05-02 08:31:27.403 D/SensorNotificationService( 3396): Cannot obtain dynamic meta sensor, not supported.
05-02 08:31:27.575 I/GnssLocationProvider( 3396): WakeLock acquired by sendMessage(13, 0, null)
05-02 08:31:27.593 I/Choreographer( 3618): Skipped 80 frames!  The application may be doing too much work on its main thread.
05-02 08:31:27.606 W/LocationManagerService( 3396): no network location provider found
05-02 08:31:27.663 E/LocationManagerService( 3396): no geocoder provider found
05-02 08:31:27.665 E/FlpHardwareProvider( 3396): Error hw_get_module 'flp': -2
05-02 08:31:27.665 D/LocationManagerService( 3396): FLP HAL not supported
05-02 08:31:27.682 D/LocationManagerService( 3396): Unable to bind FLP Geofence proxy.
05-02 08:31:27.683 E/ActivityRecognitionHardware( 3396): Error hw_get_module: -2
05-02 08:31:27.684 D/LocationManagerService( 3396): Hardware Activity-Recognition not supported.
05-02 08:31:27.686 E/ActivityRecognitionProxy( 3396): ServiceWatcher could not start.
05-02 08:31:27.686 D/LocationManagerService( 3396): Unable to bind ActivityRecognitionProxy.
05-02 08:31:27.688 I/GnssLocationProvider( 3396): WakeLock acquired by sendMessage(2, 1, null)
05-02 08:31:27.828 I/CommonTimeManagementService( 3396): No common time service detected on this platform.  Common time services will be unavailable.
05-02 08:31:27.842 W/art     ( 3396): Long monitor contention with owner Binder:3396_4 (3649) at int com.android.server.wm.WindowManagerService.relayoutWindow(com.android.server.wm.Session, android.view.IWindow, int, android.view.WindowManager$LayoutParams, int, int, int, int, android.graphics.Rect, android.graphics.Rect, android.graphics.Rect, android.graphics.Rect, android.graphics.Rect, android.graphics.Rect, android.graphics.Rect, android.content.res.Configuration, android.view.Surface)(WindowManagerService.java:2857) waiters=0 in void com.android.server.wm.WindowManagerService$H.handleMessage(android.os.Message) for 124ms
05-02 08:31:27.939 I/MmsServiceBroker( 3396): Delay connecting to MmsService until an API is called
05-02 08:31:27.968 I/InputReader( 3396): Reconfiguring input devices.  changes=0x00000020
05-02 08:31:28.069 W/VoiceInteractionManagerService( 3396): no available voice interaction services found for user 0
05-02 08:31:28.069 W/VoiceInteractionManagerService( 3396): no available voice recognition services found for user 0
05-02 08:31:28.228 I/InputReader( 3396): Reconfiguring input devices.  changes=0x00000010
05-02 08:31:28.245 W/GnssLocationProvider( 3396): Could not open GPS configuration file /etc/gps.conf
05-02 08:31:28.246 E/GnssLocationProvider( 3396): no AGPS interface in set_agps_server
05-02 08:31:28.604 W/ActivityManager( 3396): Slow operation: 414ms so far, now at startProcess: returned from zygote!
05-02 08:31:28.604 W/ActivityManager( 3396): Slow operation: 414ms so far, now at startProcess: done updating battery stats
05-02 08:31:28.605 W/ActivityManager( 3396): Slow operation: 415ms so far, now at startProcess: building log message
05-02 08:31:28.605 I/ActivityManager( 3396): Start proc 3812:com.android.phone/1001 for added application com.android.phone
05-02 08:31:28.605 W/ActivityManager( 3396): Slow operation: 415ms so far, now at startProcess: starting to update pids map
05-02 08:31:28.606 W/ActivityManager( 3396): Slow operation: 416ms so far, now at startProcess: done updating pids map
05-02 08:31:28.639 W/art     ( 3812): Unexpected CPU variant for X86 using defaults: x86_64
05-02 08:31:28.640 I/ActivityManager( 3396): START u0 {act=android.intent.action.MAIN cat=[android.intent.category.HOME] flg=0x10000100 cmp=com.android.settings/.FallbackHome} from uid 0 on display 0
05-02 08:31:28.648 W/System  ( 3396): ClassLoader referenced unknown path: 
05-02 08:31:28.649 W/System  ( 3396): ClassLoader referenced unknown path: /system/priv-app/Settings/lib/x86_64
05-02 08:31:28.652 I/SoftMPEG4Encoder( 1356): Construct SoftMPEG4Encoder
05-02 08:31:28.715 D/ApplicationLoaders( 3396): ignored Vulkan layer search path /system/priv-app/Settings/lib/x86_64:/system/priv-app/Settings/Settings.apk!/lib/x86_64:/system/lib64:/vendor/lib64 for namespace 0x7e21bdd5a160
05-02 08:31:28.796 I/ActivityManager( 3396): Loaded persisted task ids for user 0
05-02 08:31:28.870 W/ACodec  ( 1371): do not know color format 0x7f000789 = 2130708361
05-02 08:31:28.872 E/OMXNodeInstance( 1356): getConfig(54c0015:google.h263.encoder, ConfigAndroidIntraRefresh(0x6f60000a)) ERROR: Undefined(0x80001001)
05-02 08:31:28.919 I/MediaPlayerService( 1371): MediaPlayerService::getOMX
05-02 08:31:28.925 I/OMXClient( 1371): MuxOMX ctor
05-02 08:31:28.926 I/OMXMaster( 1356): makeComponentInstance(OMX.google.h264.encoder) in mediacodec process
05-02 08:31:28.973 W/ActivityManager( 3396): Slow operation: 87ms so far, now at startProcess: returned from zygote!
05-02 08:31:28.973 W/ActivityManager( 3396): Slow operation: 87ms so far, now at startProcess: done updating battery stats
05-02 08:31:28.974 W/ActivityManager( 3396): Slow operation: 88ms so far, now at startProcess: building log message
05-02 08:31:28.974 I/ActivityManager( 3396): Start proc 3827:com.android.settings/1000 for activity com.android.settings/.FallbackHome
05-02 08:31:28.974 W/ActivityManager( 3396): Slow operation: 88ms so far, now at startProcess: starting to update pids map
05-02 08:31:28.974 W/ActivityManager( 3396): Slow operation: 88ms so far, now at startProcess: done updating pids map
05-02 08:31:28.974 W/ActivityManager( 3396): Slow operation: 88ms so far, now at startProcess: done starting proc!
05-02 08:31:29.024 W/art     ( 3396): Long monitor contention with owner main (3396) at void com.android.server.am.ActivityManagerService.systemReady(java.lang.Runnable)(ActivityManagerService.java:13368) waiters=0 in void com.android.server.am.ActivityManagerService.dispatchUidsChanged() for 850ms
05-02 08:31:29.026 W/art     ( 3396): Long monitor contention with owner main (3396) at void com.android.server.am.ActivityManagerService.systemReady(java.lang.Runnable)(ActivityManagerService.java:13368) waiters=1 in java.lang.String com.android.server.am.ActivityManagerService.checkContentProviderAccess(java.lang.String, int) for 683ms
05-02 08:31:29.053 I/SystemServer( 3396): Enabled StrictMode for system server main thread.
05-02 08:31:29.065 W/art     ( 3827): Unexpected CPU variant for X86 using defaults: x86_64
05-02 08:31:29.090 W/art     ( 3396): Long monitor contention with owner main (3396) at void com.android.server.am.ActivityManagerService.systemReady(java.lang.Runnable)(ActivityManagerService.java:13368) waiters=3 in void com.android.server.am.ActivityManagerService$MainHandler.handleMessage(android.os.Message) for 208ms
05-02 08:31:29.209 I/StatusBarManagerService( 3396): registerStatusBar bar=com.android.internal.statusbar.IStatusBar$Stub$Proxy@b501193
05-02 08:31:29.293 D/ConditionProviders.SCP( 3396): onConnected
05-02 08:31:29.295 D/ZenLog  ( 3396): set_zen_mode: off,readXml
05-02 08:31:29.317 D/ConditionProviders( 3396): Subscribing to condition://android/schedule?days=1.2.3.4.5&start=22.0&end=7.0&exitAtAlarm=false with ComponentInfo{android/com.android.server.notification.ScheduleConditionProvider}
05-02 08:31:29.318 D/ZenLog  ( 3396): subscribe: condition://android/schedule?days=1.2.3.4.5&start=22.0&end=7.0&exitAtAlarm=false,ok
05-02 08:31:29.318 D/ConditionProviders( 3396): Subscribing to condition://android/schedule?days=6.7&start=23.30&end=10.0&exitAtAlarm=false with ComponentInfo{android/com.android.server.notification.ScheduleConditionProvider}
05-02 08:31:29.319 D/ZenLog  ( 3396): subscribe: condition://android/schedule?days=6.7&start=23.30&end=10.0&exitAtAlarm=false,ok
05-02 08:31:29.319 D/ConditionProviders( 3396): Subscribing to condition://android/event?userId=-10000&calendar=&reply=1 with ComponentInfo{android/com.android.server.notification.EventConditionProvider}
05-02 08:31:29.320 D/ZenLog  ( 3396): subscribe: condition://android/event?userId=-10000&calendar=&reply=1,ok
05-02 08:31:29.633 D/PermissionCache( 1320): checking android.permission.READ_FRAME_BUFFER for uid=1000 => granted (65626 us)
05-02 08:31:29.670 D/gralloc ( 1320): Registering a buffer in the process that created it. This may cause memory ordering problems.
05-02 08:31:29.677 E/libEGL  ( 1320): called unimplemented OpenGL ES API
05-02 08:31:29.678 E/SurfaceFlinger( 1320): glCheckFramebufferStatusOES error -548926167
05-02 08:31:29.678 E/SurfaceFlinger( 1320): got GL_FRAMEBUFFER_COMPLETE_OES error while taking screenshot
05-02 08:31:29.760 W/System  ( 3812): ClassLoader referenced unknown path: /system/priv-app/TeleService/lib/x86_64
05-02 08:31:29.911 W/art     ( 3396): Long monitor contention with owner Binder:3396_2 (3421) at void com.android.server.am.ActivityManagerService.attachApplication(android.app.IApplicationThread)(ActivityManagerService.java:6669) waiters=1 in void com.android.server.am.ActiveServices.serviceTimeout(com.android.server.am.ProcessRecord) for 386ms
05-02 08:31:29.912 W/ActivityManager( 3396): Timeout executing service: ServiceRecord{321333c u0 com.android.server.telecom/.components.TelecomService}
05-02 08:31:29.949 W/art     ( 3396): Long monitor contention with owner Binder:3396_2 (3421) at void com.android.server.am.ActivityManagerService.attachApplication(android.app.IApplicationThread)(ActivityManagerService.java:6669) waiters=2 in void com.android.server.am.ActivityManagerService$LocalService.notifyAppTransitionCancelled() for 429ms
05-02 08:31:29.962 W/art     ( 3396): Long monitor contention with owner Binder:3396_2 (3421) at void com.android.server.am.ActivityManagerService.attachApplication(android.app.IApplicationThread)(ActivityManagerService.java:6669) waiters=3 in int com.android.server.am.ActivityManagerService.getMemoryTrimLevel() for 415ms
05-02 08:31:29.974 D/RttService( 3396): SCAN_AVAILABLE : 1
05-02 08:31:29.974 D/ZenLog  ( 3396): set_zen_mode: off,cleanUpZenRules
05-02 08:31:29.976 I/WifiScanningService( 3396): wifi driver unloaded
05-02 08:31:29.978 D/RttService( 3396): DefaultState got{ when=-4ms what=160513 target=com.android.internal.util.StateMachine$SmHandler }
05-02 08:31:30.092 W/System  ( 3827): ClassLoader referenced unknown path: /system/priv-app/Settings/lib/x86_64
05-02 08:31:30.178 W/ACodec  ( 1371): do not know color format 0x7f000789 = 2130708361
05-02 08:31:30.275 I/MediaPlayerService( 1371): MediaPlayerService::getOMX
05-02 08:31:30.281 I/OMXClient( 1371): MuxOMX ctor
05-02 08:31:30.282 I/OMXMaster( 1356): makeComponentInstance(OMX.google.mpeg4.encoder) in mediacodec process
05-02 08:31:30.942 I/SoftMPEG4Encoder( 1356): Construct SoftMPEG4Encoder
05-02 08:31:31.000 W/ACodec  ( 1371): do not know color format 0x7f000789 = 2130708361
05-02 08:31:31.002 E/OMXNodeInstance( 1356): getConfig(54c0017:google.mpeg4.encoder, ConfigAndroidIntraRefresh(0x6f60000a)) ERROR: Undefined(0x80001001)
05-02 08:31:31.115 I/MediaPlayerService( 1371): MediaPlayerService::getOMX
05-02 08:31:31.160 I/OMXClient( 1371): MuxOMX ctor
05-02 08:31:31.170 I/OMXMaster( 1356): makeComponentInstance(OMX.google.vp8.encoder) in mediacodec process
05-02 08:31:31.700 W/ACodec  ( 1371): do not know color format 0x7f000789 = 2130708361
05-02 08:31:31.702 E/OMXNodeInstance( 1356): getConfig(54c0018:google.vp8.encoder, ConfigAndroidIntraRefresh(0x6f60000a)) ERROR: Undefined(0x80001001)
05-02 08:31:31.731 I/MediaPlayerService( 1371): MediaPlayerService::getOMX
05-02 08:31:31.732 I/OMXClient( 1371): MuxOMX ctor
05-02 08:31:31.764 I/MediaPlayerService( 1371): MediaPlayerService::getOMX
05-02 08:31:31.781 I/OMXClient( 1371): MuxOMX ctor
05-02 08:31:31.782 W/MediaCodecList( 1371): unable to open media codecs configuration xml file: /data/misc/media/media_codecs_profiling_results.xml
05-02 08:31:31.843 I/MediaPlayerService( 1371): MediaPlayerService::getOMX
05-02 08:31:31.854 I/OMXClient( 3618): MuxOMX ctor
05-02 08:31:31.871 I/OMXMaster( 1356): makeComponentInstance(OMX.google.vorbis.decoder) in mediacodec process
05-02 08:31:32.302 W/System  ( 3812): ClassLoader referenced unknown path: /system/priv-app/TelephonyProvider/lib/x86_64
05-02 08:31:32.306 D/ApplicationLoaders( 3812): ignored Vulkan layer search path /system/priv-app/TelephonyProvider/lib/x86_64:/system/lib64:/vendor/lib64 for namespace 0x7e21bdd4a0f0
05-02 08:31:32.413 W/WindowManager( 3396): App freeze timeout expired.
05-02 08:31:32.414 W/WindowManager( 3396): Force clearing freeze: AppWindowToken{6b8682 token=Token{3784764 ActivityRecord{3b89cf7 u0 com.android.settings/.FallbackHome t1}}}
05-02 08:31:33.222 D/TelephonyProvider( 3812): dbh.onOpen: ok, queried table=siminfo
05-02 08:31:33.224 D/TelephonyProvider( 3812): dbh.onOpen: ok, queried table=carriers
05-02 08:31:33.278 I/MediaPlayerService( 1371): MediaPlayerService::getOMX
05-02 08:31:33.291 I/OMXClient( 3618): MuxOMX ctor
05-02 08:31:33.295 I/OMXMaster( 1356): makeComponentInstance(OMX.google.vorbis.decoder) in mediacodec process
05-02 08:31:33.453 I/LatinIME:LogUtils( 3612): Dictionary info: dictionary = main:en ; version = 54 ; date = 1414726273
05-02 08:31:34.393 W/art     ( 3396): Long monitor contention with owner main (3396) at void com.android.server.am.ActivityManagerService.systemReady(java.lang.Runnable)(ActivityManagerService.java:13368) waiters=2 in android.content.Intent com.android.server.am.ActivityManagerService.registerReceiver(android.app.IApplicationThread, java.lang.String, android.content.IIntentReceiver, android.content.IntentFilter, java.lang.String, int) for 4.872s
05-02 08:31:34.411 W/art     ( 3396): Long monitor contention with owner main (3396) at void com.android.server.AppOpsService.setUserRestrictionNoCheck(int, boolean, android.os.IBinder, int, java.lang.String[])(AppOpsService.java:2215) waiters=0 in int com.android.server.AppOpsService.checkAudioOperation(int, int, int, java.lang.String) for 2.043s
05-02 08:31:34.419 I/MediaPlayerService( 1371): MediaPlayerService::getOMX
05-02 08:31:34.423 I/OMXClient( 3618): MuxOMX ctor
05-02 08:31:34.441 I/OMXMaster( 1356): makeComponentInstance(OMX.google.vorbis.decoder) in mediacodec process
05-02 08:31:34.547 I/WindowManager( 3396): Screen frozen for +4s648ms due to Window{bcde05f u0 KeyguardScrim}
05-02 08:31:34.647 I/Process ( 3396): Sending signal. PID: 3396 SIG: 3
05-02 08:31:34.683 I/MediaPlayerService( 1371): MediaPlayerService::getOMX
05-02 08:31:34.729 I/art     ( 3396): Thread[2,tid=3402,WaitingInMainSignalCatcherLoop,Thread*=0x7e21b2830000,peer=0x12c010d0,"Signal Catcher"]: reacting to signal 3
05-02 08:31:34.729 I/art     ( 3396): 
05-02 08:31:34.931 I/OMXClient( 3396): MuxOMX ctor
05-02 08:31:35.285 I/OMXMaster( 1356): makeComponentInstance(OMX.google.vorbis.decoder) in mediacodec process
05-02 08:31:35.341 W/art     ( 3396): Suspending all threads took: 532.163ms
05-02 08:31:35.387 W/System  ( 3396): ClassLoader referenced unknown path: /system/priv-app/Telecom/lib/x86_64
05-02 08:31:35.425 W/art     ( 3396): Suspending all threads took: 31.448ms
05-02 08:31:35.534 D/ApplicationLoaders( 3396): ignored Vulkan layer search path /system/priv-app/Telecom/lib/x86_64:/system/priv-app/Telecom/Telecom.apk!/lib/x86_64:/system/lib64:/vendor/lib64 for namespace 0x7e21bdd5a1d0
05-02 08:31:35.691 I/Process ( 3396): Sending signal. PID: 3812 SIG: 3
05-02 08:31:35.693 I/art     ( 3812): Thread[3,tid=3820,WaitingInMainSignalCatcherLoop,Thread*=0x7e21b9496400,peer=0x12c00af0,"Signal Catcher"]: reacting to signal 3
05-02 08:31:35.693 I/art     ( 3812): 
05-02 08:31:35.778 W/art     ( 3812): Suspending all threads took: 83.543ms
05-02 08:31:35.786 W/art     ( 3396): Long monitor contention with owner android.display (3454) at void com.android.server.wm.WindowManagerService$H.handleMessage(android.os.Message)(WindowManagerService.java:8549) waiters=0 in float com.android.server.wm.WindowManagerService.getCurrentAnimatorScale() for 426ms
05-02 08:31:36.468 W/art     ( 3396): Long monitor contention with owner android.bg (3439) at boolean android.os.MessageQueue.enqueueMessage(android.os.Message, long)(MessageQueue.java:541) waiters=0 in android.os.Message android.os.MessageQueue.next() for 885ms
05-02 08:31:36.700 I/Process ( 3396): Sending signal. PID: 3618 SIG: 3
05-02 08:31:36.781 I/art     ( 3618): Thread[3,tid=3626,WaitingInMainSignalCatcherLoop,Thread*=0x7e21b9496400,peer=0x12c005e0,"Signal Catcher"]: reacting to signal 3
05-02 08:31:36.781 I/art     ( 3618): 
05-02 08:31:37.781 I/art     ( 3396): Starting a blocking GC Explicit
05-02 08:31:38.001 I/art     ( 3618): Wrote stack traces to '/data/anr/traces.txt'
05-02 08:31:38.151 I/Choreographer( 3827): Skipped 46 frames!  The application may be doing too much work on its main thread.
05-02 08:31:38.419 W/        ( 1273): debuggerd: handling request: pid=1320 uid=1000 gid=1003 tid=1320
05-02 08:31:38.540 D/gralloc_ranchu( 3827): Emulator without host-side GPU emulation detected. Loading gralloc.default.so from /vendor/lib64/hw/gralloc.goldfish.default.so...
05-02 08:31:38.575 D/gralloc_ranchu( 3827): gralloc.default.so not found in /vendor. Trying /system/lib64/hw/gralloc.goldfish.default.so...
05-02 08:31:38.621 I/art     ( 3812): Wrote stack traces to '/data/anr/traces.txt'
05-02 08:31:38.661 W/art     ( 3396): Long monitor contention with owner Binder:3396_4 (3649) at void com.android.server.power.PowerManagerService.acquireWakeLockInternal(android.os.IBinder, int, java.lang.String, java.lang.String, android.os.WorkSource, java.lang.String, int, int)(PowerManagerService.java:862) waiters=0 in void com.android.server.power.PowerManagerService.handleSandman() for 170ms
05-02 08:31:39.354 W/        ( 1273): debuggerd: resuming target 1320
05-02 08:31:39.370 E/BluetoothAdapter( 3396): Bluetooth binder is null
05-02 08:31:39.465 I/Telecom ( 3396): SystemStateProvider: Registering car mode receiver: android.content.IntentFilter@4a1b38e: TS.init@AAA
05-02 08:31:39.524 I/Telecom ( 3396): Telecom: Non-call EVENT: AUDIO_ROUTE, Entering state QuiescentEarpieceRoute
05-02 08:31:39.652 I/Telecom ( 3396): CallAudioModeStateMachine: Message received: null.: TS.init->CAMSM.pM_1@AAA_0
05-02 08:31:39.672 E/ActivityThread( 3396): Failed to find provider info for call_log
05-02 08:31:39.675 E/BluetoothAdapter( 3396): Bluetooth binder is null
05-02 08:31:39.729 I/Telecom ( 3396): Class: TelecomSystem.INSTANCE being set
05-02 08:31:39.737 E/BluetoothAdapter( 3396): Bluetooth binder is null
05-02 08:31:39.764 W/ContextImpl( 3396): Calling a method in the system process without a qualified user: android.app.ContextImpl.startService:1357 com.android.server.content.SyncManager$13.run:658 android.os.Handler.handleCallback:751 android.os.Handler.dispatchMessage:95 android.os.Looper.loop:154 
05-02 08:31:40.379 I/art     ( 3618): Background sticky concurrent mark sweep GC freed 18330(2MB) AllocSpace objects, 2(40KB) LOS objects, 30% free, 6MB/10MB, paused 1.755ms total 454.290ms
05-02 08:31:40.458 W/System  ( 3396): ClassLoader referenced unknown path: /system/priv-app/FusedLocation/lib/x86_64
05-02 08:31:40.503 D/ApplicationLoaders( 3396): ignored Vulkan layer search path /system/priv-app/FusedLocation/lib/x86_64:/system/priv-app/FusedLocation/FusedLocation.apk!/lib/x86_64:/system/lib64:/vendor/lib64 for namespace 0x7e21bdd5a240
05-02 08:31:40.637 D/GpsNetInitiatedHandler( 3396): location enabled :true
05-02 08:31:40.651 V/WiredAccessoryManager( 3396): notifyWiredAccessoryChanged: when=0 bits= mask=54
05-02 08:31:40.651 V/WiredAccessoryManager( 3396): newName=h2w newState=0 headsetState=0 prev headsetState=0
05-02 08:31:40.651 E/WiredAccessoryManager( 3396): No state change.
05-02 08:31:40.652 V/WiredAccessoryManager( 3396): init()
05-02 08:31:40.994 D/AccessibilityManagerService( 3396): Ignoring non-encryption-aware service ComponentInfo{com.example.android.apis/com.example.android.apis.accessibility.ClockBackService}
05-02 08:31:40.995 D/AccessibilityManagerService( 3396): Ignoring non-encryption-aware service ComponentInfo{com.example.android.apis/com.example.android.apis.accessibility.MagnificationService}
05-02 08:31:40.995 D/AccessibilityManagerService( 3396): Ignoring non-encryption-aware service ComponentInfo{com.example.android.apis/com.example.android.apis.accessibility.TaskBackService}
05-02 08:31:41.097 W/VibratorService( 3396): Tried to stop vibrating but there is no vibrator device.
05-02 08:31:41.201 D/ConditionProviders.SCP( 3396): onSubscribe condition://android/schedule?days=1.2.3.4.5&start=22.0&end=7.0&exitAtAlarm=false
05-02 08:31:41.205 D/ConditionProviders.SCP( 3396): setRegistered true
05-02 08:31:41.209 D/ConditionProviders.SCP( 3396): notifyCondition condition://android/schedule?days=1.2.3.4.5&start=22.0&end=7.0&exitAtAlarm=false STATE_FALSE reason=!meetsSchedule
05-02 08:31:41.226 D/ConditionProviders.SCP( 3396): Scheduling evaluate for Sun May 02 22:00:00 UTC 2021 (1619992800000), in +13h28m18s794ms, now=Sun May 02 08:31:41 UTC 2021 (1619944301206)
05-02 08:31:41.228 D/ConditionProviders.SCP( 3396): onSubscribe condition://android/schedule?days=6.7&start=23.30&end=10.0&exitAtAlarm=false
05-02 08:31:41.237 D/ConditionProviders.SCP( 3396): notifyCondition condition://android/schedule?days=6.7&start=23.30&end=10.0&exitAtAlarm=false STATE_TRUE reason=meetsSchedule
05-02 08:31:41.238 D/ConditionProviders.SCP( 3396): notifyCondition condition://android/schedule?days=1.2.3.4.5&start=22.0&end=7.0&exitAtAlarm=false STATE_FALSE reason=!meetsSchedule
05-02 08:31:41.250 D/ConditionProviders.SCP( 3396): Scheduling evaluate for Sun May 02 10:00:00 UTC 2021 (1619949600000), in +1h28m18s771ms, now=Sun May 02 08:31:41 UTC 2021 (1619944301229)
05-02 08:31:41.270 I/Telecom ( 3396): WiredHeadsetManager: ACTION_HEADSET_PLUG event, plugged in: false, : WHC.oADA@AAE
05-02 08:31:41.292 I/ActivityManager( 3396): user 0 is still locked. Cannot load recents
05-02 08:31:41.357 D/ZenLog  ( 3396): config: conditionChanged,ZenModeConfig[user=0,allowCalls=true,allowRepeatCallers=false,allowMessages=false,allowCallsFrom=contacts,allowMessagesFrom=contacts,allowReminders=true,allowEvents=true,allowWhenScreenOff=true,allowWhenScreenOn=true,automaticRules={370bd6672ef541ba946db9ac4aef0faf=ZenRule[enabled=false,snoozing=false,name=Weeknight,zenMode=ZEN_MODE_ALARMS,conditionId=condition://android/schedule?days=1.2.3.4.5&start=22.0&end=7.0&exitAtAlarm=false,condition=Condition[id=condition://android/schedule?days=1.2.3.4.5&start=22.0&end=7.0&exitAtAlarm=false,summary=...,line1=...,line2=...,icon=0,state=STATE_FALSE,flags=2],component=ComponentInfo{android/com.android.server.notification.ScheduleConditionProvider},id=370bd6672ef541ba946db9ac4aef0faf,creationTime=1590622727817,enabler=null], a53ffdf89c814123a52adbdd46bc948d=ZenRule[enabled=false,snoozing=false,name=Weekend,zenMode=ZEN_MODE_ALARMS,conditionId=condition://android/schedule?days=6.7&start=23.30&end=10.0&exitAtAlarm=false,condition=Condition[id=condition://android/schedule?days=6.7&start=23.30&end=10.0&exitAtAlarm=false,summary=...,line1=...,line2=...,icon=0,state=STATE_TRUE,flags=2],component=ComponentInfo{android/com.android.server.notification.ScheduleConditionProvider},id=a53ffdf89c814123a52adbdd46bc948d,creationTime=1590622727818,enabler=null], fc8bb1aacabb4877a1d1d167106f6e77=ZenRule[enabled=false,snoozing=false,name=Event,zenMode=ZEN_MODE_ALARMS,conditionId=condition://android/event?userId=-10000&calendar=&reply=1,condition=Condition[id=condition://android/event?userId=-10000&calendar=&reply=1,summary=...,line1=...,line2=...,icon=0,state=STATE_FALSE,flags=2],component=ComponentInfo{android/com.android.server.notification.EventConditionProvider},id=fc8bb1aacabb4877a1d1d167106f6e77,creationTime=1590622727822,enabler=null]},manualRule=null],Diff[automaticRule[a53ffdf89c814123a52adbdd46bc948d].condition:Condition[id=condition://android/schedule?days=6.7&start=23.30&end=10.0&exitAtAlarm=false,summary=...,line1=...,line2=...,icon=0,state=STATE_FALSE,flags=2]->Condition[id=condition://android/schedule?days=6.7&start=23.30&end=10.0&exitAtAlarm=false,summary=...,line1=...,line2=...,icon=0,state=STATE_TRUE,flags=2]]
05-02 08:31:41.754 W/        ( 1273): debuggerd: handling request: pid=1331 uid=1041 gid=1005 tid=1331
05-02 08:31:41.798 W/        ( 1272): debuggerd: handling request: pid=1331 uid=1041 gid=1005 tid=1331
05-02 08:31:42.621 D/ZenLog  ( 3396): set_zen_mode: off,conditionChanged
05-02 08:31:42.924 W/        ( 1272): debuggerd: resuming target 1331
05-02 08:31:42.927 W/        ( 1273): debuggerd: handling request: pid=1332 uid=1047 gid=1005 tid=1332
05-02 08:31:42.929 W/        ( 1272): debuggerd: handling request: pid=1332 uid=1047 gid=1005 tid=1332
05-02 08:31:43.023 I/art     ( 3396): Explicit concurrent mark sweep GC freed 32493(2MB) AllocSpace objects, 14(4MB) LOS objects, 29% free, 9MB/13MB, paused 19.674ms total 5.240s
05-02 08:31:43.114 W/        ( 1272): debuggerd: resuming target 1332
05-02 08:31:43.158 I/GnssLocationProvider( 3396): WakeLock released by handleMessage(13, 0, null)
05-02 08:31:43.162 W/        ( 1273): debuggerd: handling request: pid=1333 uid=1019 gid=1019 tid=1333
05-02 08:31:43.171 W/        ( 1272): debuggerd: handling request: pid=1333 uid=1019 gid=1019 tid=1333
05-02 08:31:43.238 W/        ( 1272): debuggerd: resuming target 1333
05-02 08:31:43.247 E/GnssLocationProvider( 3396): no AGPS interface in set_agps_server
05-02 08:31:43.262 W/        ( 1273): debuggerd: handling request: pid=1356 uid=1046 gid=1006 tid=1356
05-02 08:31:43.274 W/art     ( 3396): Long monitor contention with owner AsyncTask #3 (3892) at boolean com.android.server.am.ActivityManagerService.isUserRunning(int, int)(ActivityManagerService.java:21741) waiters=0 in java.lang.String com.android.server.am.ActivityManagerService.checkContentProviderAccess(java.lang.String, int) for 594ms
05-02 08:31:43.296 W/        ( 1272): debuggerd: handling request: pid=1356 uid=1046 gid=1006 tid=1356
05-02 08:31:43.352 I/art     ( 3396): Wrote stack traces to '/data/anr/traces.txt'
05-02 08:31:43.832 W/        ( 1272): debuggerd: resuming target 1356
05-02 08:31:43.835 W/        ( 1273): debuggerd: handling request: pid=1357 uid=1013 gid=1031 tid=1357
05-02 08:31:43.837 W/        ( 1272): debuggerd: handling request: pid=1357 uid=1013 gid=1031 tid=1357
05-02 08:31:44.064 W/        ( 1272): debuggerd: resuming target 1357
05-02 08:31:44.067 W/        ( 1273): debuggerd: handling request: pid=1358 uid=1040 gid=1026 tid=1358
05-02 08:31:44.081 W/        ( 1272): debuggerd: handling request: pid=1358 uid=1040 gid=1026 tid=1358
05-02 08:31:44.200 W/art     ( 3396): Long monitor contention with owner android.bg (3439) at boolean android.os.MessageQueue.enqueueMessage(android.os.Message, long)(MessageQueue.java:541) waiters=0 in android.os.Message android.os.MessageQueue.next() for 951ms
05-02 08:31:44.238 W/        ( 1272): debuggerd: resuming target 1358
05-02 08:31:44.246 W/        ( 1273): debuggerd: handling request: pid=1371 uid=1013 gid=1005 tid=1371
05-02 08:31:44.248 W/        ( 1272): debuggerd: handling request: pid=1371 uid=1013 gid=1005 tid=1371
05-02 08:31:44.280 W/art     ( 3396): Long monitor contention with owner android.bg (3439) at void com.android.server.power.PowerManagerService.releaseWakeLockInternal(android.os.IBinder, int)(PowerManagerService.java:937) waiters=0 in void com.android.server.power.PowerManagerService.setScreenBrightnessOverrideFromWindowManagerInternal(int) for 1.009s
05-02 08:31:44.285 W/art     ( 3396): Long monitor contention with owner android.bg (3439) at void com.android.server.power.PowerManagerService.releaseWakeLockInternal(android.os.IBinder, int)(PowerManagerService.java:937) waiters=1 in void com.android.server.power.PowerManagerService.acquireWakeLockInternal(android.os.IBinder, int, java.lang.String, java.lang.String, android.os.WorkSource, java.lang.String, int, int) for 884ms
05-02 08:31:44.294 I/GnssLocationProvider( 3396): WakeLock released by handleMessage(2, 1, null)
05-02 08:31:44.419 W/        ( 1272): debuggerd: resuming target 1371
05-02 08:31:44.432 W/        ( 1273): debuggerd: handling request: pid=3698 uid=1023 gid=1023 tid=3698
05-02 08:31:44.553 W/        ( 1273): debuggerd: resuming target 3698
05-02 08:31:44.555 W/        ( 1273): debuggerd: handling request: pid=3754 uid=1023 gid=1023 tid=3754
05-02 08:31:44.611 W/        ( 1273): debuggerd: resuming target 3754
05-02 08:31:44.790 W/art     ( 3396): Long monitor contention with owner Binder:3396_5 (3724) at int com.android.server.wm.WindowManagerService.relayoutWindow(com.android.server.wm.Session, android.view.IWindow, int, android.view.WindowManager$LayoutParams, int, int, int, int, android.graphics.Rect, android.graphics.Rect, android.graphics.Rect, android.graphics.Rect, android.graphics.Rect, android.graphics.Rect, android.graphics.Rect, android.content.res.Configuration, android.view.Surface)(WindowManagerService.java:2857) waiters=0 in void com.android.server.wm.WindowManagerService$H.handleMessage(android.os.Message) for 1.756s
05-02 08:31:44.847 W/WindowManager( 3396): Window freeze timeout expired.
05-02 08:31:44.975 W/ActivityManager( 3396): Slow operation: 207ms so far, now at getContentProviderImpl: after resolveContentProvider
05-02 08:31:44.975 I/Choreographer( 3396): Skipped 96 frames!  The application may be doing too much work on its main thread.
05-02 08:31:45.010 I/ActivityManager( 3396): Displayed com.android.settings/.FallbackHome: +16s116ms
05-02 08:31:45.019 W/System  ( 3618): ClassLoader referenced unknown path: 
05-02 08:31:45.021 W/System  ( 3618): ClassLoader referenced unknown path: /system/priv-app/Dialer/lib/x86_64
05-02 08:31:45.025 D/ApplicationLoaders( 3618): ignored Vulkan layer search path /system/priv-app/Dialer/lib/x86_64:/system/lib64:/vendor/lib64 for namespace 0x7e21bdd4a0f0
05-02 08:31:45.250 E/ActivityThread( 3396): Failed to find provider info for com.android.calendar
05-02 08:31:45.269 I/Choreographer( 3827): Skipped 177 frames!  The application may be doing too much work on its main thread.
05-02 08:31:45.790 E/ActivityThread( 3396): Failed to find provider info for com.android.calendar
05-02 08:31:46.411 E/BluetoothAdapter( 3618): Bluetooth binder is null
05-02 08:31:46.967 I/CameraManagerGlobal( 3618): Connecting to camera service
05-02 08:31:47.044 V/EmulatedCamera_Camera( 1332): getCameraInfo
05-02 08:31:47.045 V/EmulatedCamera_BaseCamera( 1332): getCameraInfo
05-02 08:31:47.045 I/CameraService( 1332): getCameraCharacteristics: Switching to HAL1 shim implementation...
05-02 08:31:47.045 V/EmulatedCamera_Camera( 1332): getCameraInfo
05-02 08:31:47.045 V/EmulatedCamera_BaseCamera( 1332): getCameraInfo
05-02 08:31:47.047 I/CameraService( 1332): CameraService::connect call (PID -1 "cameraserver", camera ID 0) for HAL version default and Camera API version 1
05-02 08:31:47.112 E/CameraService( 1332): getCameraPriorityFromProcState: Received invalid process state -1 from ActivityManagerService!
05-02 08:31:47.113 V/EmulatedCamera_Camera( 1332): getCameraInfo
05-02 08:31:47.113 V/EmulatedCamera_BaseCamera( 1332): getCameraInfo
05-02 08:31:47.674 W/SystemConfig( 3812): No directory /system/etc/sysconfig, skipping
05-02 08:31:48.067 E/WVMExtractor( 1371): Failed to open libwvm.so: dlopen failed: library "libwvm.so" not found
05-02 08:31:48.193 D/PhoneSwitcherNetworkRequstListener( 3812): Registering NetworkFactory
05-02 08:31:48.215 D/ConnectivityService( 3396): Got NetworkFactory Messenger for PhoneSwitcherNetworkRequstListener
05-02 08:31:48.366 D/ConnectivityService( 3396): Got NetworkFactory Messenger for TelephonyNetworkFactory[0]
05-02 08:31:48.415 W/ProcessCpuTracker( 3396): Skipping unknown process pid 3944
05-02 08:31:48.451 W/ProcessCpuTracker( 3396): Skipping unknown process pid 3947
05-02 08:31:48.700 D/CarrierConfigLoader( 3812): CarrierConfigLoader has started
05-02 08:31:48.712 D/NuPlayerDriver( 1371): notifyListener_l(0xea50c120), (1, 0, 0), loop setting(0, 0)
05-02 08:31:48.738 E/BluetoothAdapter( 3812): Bluetooth binder is null
05-02 08:31:48.943 I/Telephony( 3812): TtyManager: updateUiTtyMode -1 -> 0
05-02 08:31:49.566 D/AlarmManagerService( 3396): Kernel timezone updated to 0 minutes west of GMT
05-02 08:31:49.602 D/AlarmManagerService( 3396): Setting time of day to sec=1619944309
05-02 08:31:49.825 W/AlarmManagerService( 3396): Unable to set rtc to 1619944309: No such device
05-02 08:31:49.895 D/NuPlayerDriver( 1371): notifyListener_l(0xea50c360), (1, 0, 0), loop setting(0, 0)
05-02 08:31:50.041 D/NuPlayerDriver( 1371): notifyListener_l(0xea50c3c0), (1, 0, 0), loop setting(0, 0)
05-02 08:31:50.056 I/CameraFlashlight( 1332): Opening camera 0
05-02 08:31:50.056 V/EmulatedCamera_Camera( 1332): getCameraInfo
05-02 08:31:50.056 V/EmulatedCamera_BaseCamera( 1332): getCameraInfo
05-02 08:31:50.057 V/EmulatedCamera_Camera( 1332): connectCamera
05-02 08:31:50.057 V/EmulatedCamera_FakeDevice( 1332): connectDevice
05-02 08:31:50.057 V/EmulatedCamera_CallbackNotifier( 1332): setCallbacks: 0xed1c0e80, 0xed1c0ed0, 0xed1c0ff0, 0xed1c1110 (0xec8c3320)
05-02 08:31:50.057 V/EmulatedCamera_CallbackNotifier( 1332): enableMessage: msg_type = 0xc0d
05-02 08:31:50.057 V/EmulatedCamera_CallbackNotifier( 1332):     CAMERA_MSG_ERROR
05-02 08:31:50.057 V/EmulatedCamera_CallbackNotifier( 1332):     CAMERA_MSG_FOCUS
05-02 08:31:50.057 V/EmulatedCamera_CallbackNotifier( 1332):     CAMERA_MSG_ZOOM
05-02 08:31:50.057 V/EmulatedCamera_CallbackNotifier( 1332):     CAMERA_MSG_PREVIEW_METADATA
05-02 08:31:50.058 V/EmulatedCamera_CallbackNotifier( 1332): **** Currently enabled messages:
05-02 08:31:50.058 V/EmulatedCamera_CallbackNotifier( 1332):     CAMERA_MSG_ERROR
05-02 08:31:50.058 V/EmulatedCamera_CallbackNotifier( 1332):     CAMERA_MSG_FOCUS
05-02 08:31:50.058 V/EmulatedCamera_CallbackNotifier( 1332):     CAMERA_MSG_ZOOM
05-02 08:31:50.058 V/EmulatedCamera_CallbackNotifier( 1332):     CAMERA_MSG_PREVIEW_METADATA
05-02 08:31:50.062 V/EmulatedCamera_CallbackNotifier( 1332): disableMessage: msg_type = 0xffff
05-02 08:31:50.062 V/EmulatedCamera_CallbackNotifier( 1332):     CAMERA_MSG_ERROR
05-02 08:31:50.062 V/EmulatedCamera_CallbackNotifier( 1332):     CAMERA_MSG_SHUTTER
05-02 08:31:50.062 V/EmulatedCamera_CallbackNotifier( 1332):     CAMERA_MSG_FOCUS
05-02 08:31:50.062 V/EmulatedCamera_CallbackNotifier( 1332):     CAMERA_MSG_ZOOM
05-02 08:31:50.062 V/EmulatedCamera_CallbackNotifier( 1332):     CAMERA_MSG_PREVIEW_FRAME
05-02 08:31:50.062 V/EmulatedCamera_CallbackNotifier( 1332):     CAMERA_MSG_VIDEO_FRAME
05-02 08:31:50.062 V/EmulatedCamera_CallbackNotifier( 1332):     CAMERA_MSG_POSTVIEW_FRAME
05-02 08:31:50.062 V/EmulatedCamera_CallbackNotifier( 1332):     CAMERA_MSG_RAW_IMAGE
05-02 08:31:50.062 V/EmulatedCamera_CallbackNotifier( 1332):     CAMERA_MSG_COMPRESSED_IMAGE
05-02 08:31:50.062 V/EmulatedCamera_CallbackNotifier( 1332):     CAMERA_MSG_RAW_IMAGE_NOTIFY
05-02 08:31:50.062 V/EmulatedCamera_CallbackNotifier( 1332):     CAMERA_MSG_PREVIEW_METADATA
05-02 08:31:50.062 V/EmulatedCamera_CallbackNotifier( 1332): **** Currently enabled messages:
05-02 08:31:50.062 V/EmulatedCamera_Preview( 1332): setPreviewWindow: current: 0x0 -> new: 0x0
05-02 08:31:50.062 V/EmulatedCamera_Camera( 1332): doStopPreview
05-02 08:31:50.165 V/EmulatedCamera_Camera( 1332): cancelPicture
05-02 08:31:50.165 V/EmulatedCamera_Camera( 1332): releaseCamera
05-02 08:31:50.165 V/EmulatedCamera_Camera( 1332): doStopPreview
05-02 08:31:50.165 V/EmulatedCamera_FakeDevice( 1332): disconnectDevice
05-02 08:31:50.165 W/EmulatedCamera_Device( 1332): Initialize: Emulated camera device is already initialized: mState = 1
05-02 08:31:50.165 D/EmulatedCamera_FakeCamera( 1332): Initialize: Fake camera is facing back
05-02 08:31:50.167 V/EmulatedCamera_Device( 1332): initializeWhiteBalanceModes with auto, 1.000000, 1.000000
05-02 08:31:50.167 V/EmulatedCamera_Device( 1332): initializeWhiteBalanceModes with incandescent, 1.380000, 0.600000
05-02 08:31:50.167 V/EmulatedCamera_Device( 1332): initializeWhiteBalanceModes with daylight, 1.090000, 0.920000
05-02 08:31:50.167 V/EmulatedCamera_Device( 1332): initializeWhiteBalanceModes with twilight, 0.920000, 1.220000
05-02 08:31:50.168 V/EmulatedCamera_Device( 1332): setWhiteBalanceMode with white balance auto
05-02 08:31:50.168 I/CameraFlashlight( 1332): Destroying camera 0
05-02 08:31:50.168 V/EmulatedCamera_Camera( 1332): closeCamera
05-02 08:31:50.168 V/EmulatedCamera_Camera( 1332): doStopPreview
05-02 08:31:50.168 W/EmulatedCamera_Device( 1332): Initialize: Emulated camera device is already initialized: mState = 1
05-02 08:31:50.168 D/EmulatedCamera_FakeCamera( 1332): Initialize: Fake camera is facing back
05-02 08:31:50.169 V/EmulatedCamera_Device( 1332): initializeWhiteBalanceModes with auto, 1.000000, 1.000000
05-02 08:31:50.169 V/EmulatedCamera_Device( 1332): initializeWhiteBalanceModes with incandescent, 1.380000, 0.600000
05-02 08:31:50.169 V/EmulatedCamera_Device( 1332): initializeWhiteBalanceModes with daylight, 1.090000, 0.920000
05-02 08:31:50.169 V/EmulatedCamera_Device( 1332): initializeWhiteBalanceModes with twilight, 0.920000, 1.220000
05-02 08:31:50.169 V/EmulatedCamera_Device( 1332): setWhiteBalanceMode with white balance auto
05-02 08:31:50.261 I/CameraService( 1332): disconnect: Disconnected client for camera 0 for PID 1332
05-02 08:31:50.262 D/NuPlayerDriver( 1371): reset(0xea50c120) at state 4
05-02 08:31:50.262 D/NuPlayerDriver( 1371): notifyListener_l(0xea50c120), (8, 0, 0), loop setting(0, 0)
05-02 08:31:50.301 D/NuPlayerDriver( 1371): notifyResetComplete(0xea50c120)
05-02 08:31:50.416 D/NuPlayerDriver( 1371): reset(0xea50c360) at state 4
05-02 08:31:50.416 D/NuPlayerDriver( 1371): notifyListener_l(0xea50c360), (8, 0, 0), loop setting(0, 0)
05-02 08:31:50.455 D/NuPlayerDriver( 1371): notifyResetComplete(0xea50c360)
05-02 08:31:50.551 D/NuPlayerDriver( 1371): reset(0xea50c3c0) at state 4
05-02 08:31:50.551 D/NuPlayerDriver( 1371): notifyListener_l(0xea50c3c0), (8, 0, 0), loop setting(0, 0)
05-02 08:31:50.551 D/NuPlayerDriver( 1371): notifyResetComplete(0xea50c3c0)
05-02 08:31:50.599 V/EmulatedCamera_Camera( 1332): getCameraInfo
05-02 08:31:50.599 V/EmulatedCamera_BaseCamera( 1332): getCameraInfo
05-02 08:31:50.602 V/EmulatedCamera_Camera( 1332): getCameraInfo
