--------- beginning of main
05-13 04:24:05.940 W/auditd  ( 1265): type=2000 audit(0.0:1): initialized
05-13 04:24:08.800 I/auditd  ( 1265): type=1403 audit(0.0:2): policy loaded auid=4294967295 ses=4294967295
05-13 04:24:08.810 W/auditd  ( 1265): type=1404 audit(0.0:3): enforcing=1 old_enforcing=0 auid=4294967295 ses=4294967295
05-13 04:24:15.590 W/init    (    1): type=1400 audit(0.0:4): avc: denied { write } for name="tracing_on" dev="debugfs" ino=1037 scontext=u:r:init:s0 tcontext=u:object_r:debugfs:s0 tclass=file permissive=0
05-13 04:24:17.397 I/        ( 1267): debuggerd: starting
--------- beginning of system
05-13 04:24:17.894 I/vold    ( 1268): Vold 3.0 (the awakening) firing up
05-13 04:24:17.896 V/vold    ( 1268): Detected support for: ext4 vfat
05-13 04:24:18.196 D/vold    ( 1268): Recognized experimental block major ID 253 as virtio-blk (emulator's virtual SD card device)
05-13 04:24:18.197 V/vold    ( 1268): /system/bin/sgdisk
05-13 04:24:18.197 V/vold    ( 1268):     --android-dump
05-13 04:24:18.198 V/vold    ( 1268):     /dev/block/vold/disk:253,48
05-13 04:24:18.273 D/vold    ( 1268): e4crypt_init_user0
05-13 04:24:18.274 D/vold    ( 1268): e4crypt_prepare_user_storage for volume null, user 0, serial 0, flags 1
05-13 04:24:18.274 D/vold    ( 1268): Preparing: /data/system/users/0
05-13 04:24:18.276 D/vold    ( 1268): Preparing: /data/misc/profiles/cur/0
05-13 04:24:18.277 D/vold    ( 1268): Preparing: /data/misc/profiles/cur/0/foreign-dex
05-13 04:24:18.278 D/vold    ( 1268): Preparing: /data/system_de/0
05-13 04:24:18.279 D/vold    ( 1268): Preparing: /data/misc_de/0
05-13 04:24:18.280 D/vold    ( 1268): Preparing: /data/user_de/0
05-13 04:24:18.281 D/vold    ( 1268): e4crypt_unlock_user_key 0 serial=0 token_present=0
05-13 04:24:18.289 I/vdc     (    1): 200 1269 Command succeeded
05-13 04:24:18.549 I//system/bin/tzdatacheck( 1310): tzdata file /data/misc/zoneinfo/current/tzdata does not exist. No action required.
05-13 04:24:18.750 V/vold    ( 1268): DISK mbr
05-13 04:24:18.750 V/vold    ( 1268): 
05-13 04:24:18.772 W/vold    ( 1268): disk:253,48 has unknown partition table; trying entire device
05-13 04:24:18.773 V/vold    ( 1268): /system/bin/blkid
05-13 04:24:18.773 V/vold    ( 1268):     -c
05-13 04:24:18.773 V/vold    ( 1268):     /dev/null
05-13 04:24:18.773 V/vold    ( 1268):     -s
05-13 04:24:18.773 V/vold    ( 1268):     TYPE
05-13 04:24:18.773 V/vold    ( 1268):     -s
05-13 04:24:18.773 V/vold    ( 1268):     UUID
05-13 04:24:18.773 V/vold    ( 1268):     -s
05-13 04:24:18.773 V/vold    ( 1268):     LABEL
05-13 04:24:18.773 V/vold    ( 1268):     /dev/block/vold/disk:253,48
05-13 04:24:19.320 W/mediadrmserver( 1329): type=1400 audit(0.0:5): avc: denied { getattr } for path="/vendor" dev="rootfs" ino=3995 scontext=u:r:mediadrmserver:s0 tcontext=u:object_r:rootfs:s0 tclass=lnk_file permissive=0
05-13 04:24:19.338 I/        ( 1266): debuggerd: starting
05-13 04:24:19.470 W/audioserver( 1323): type=1400 audit(0.0:6): avc: denied { getattr } for path="/vendor" dev="rootfs" ino=3995 scontext=u:r:audioserver:s0 tcontext=u:object_r:rootfs:s0 tclass=lnk_file permissive=0
05-13 04:24:19.620 W/mediacodec( 1328): type=1400 audit(0.0:7): avc: denied { getattr } for path="/vendor" dev="rootfs" ino=3995 scontext=u:r:mediacodec:s0 tcontext=u:object_r:rootfs:s0 tclass=lnk_file permissive=0
05-13 04:24:19.640 W/cameraserver( 1324): type=1400 audit(0.0:8): avc: denied { getattr } for path="/vendor" dev="rootfs" ino=3995 scontext=u:r:cameraserver:s0 tcontext=u:object_r:rootfs:s0 tclass=lnk_file permissive=0
05-13 04:24:20.008 I/qemu-props( 1315): connected to 'boot-properties' qemud service.
05-13 04:24:20.009 I/qemu-props( 1315): receiving..
05-13 04:24:20.009 I/qemu-props( 1315): received: qemu.cmdline=androidboot.logcat=v:* androidboot.consolepipe=qemu_pipe,pipe:logcat
05-13 04:24:20.073 V/vold    ( 1268): /dev/block/vold/disk:253,48: LABEL="SDCARD" UUID="1EFF-1C1B" TYPE="vfat" 
05-13 04:24:20.073 V/vold    ( 1268): 
05-13 04:24:20.116 I/qemu-props( 1315): receiving..
05-13 04:24:20.116 I/qemu-props( 1315): received: qemu.logcat=start
05-13 04:24:20.119 I/qemu-props( 1315): receiving..
05-13 04:24:20.119 I/qemu-props( 1315): received: ro.opengles.version=131072
05-13 04:24:20.141 I/qemu-props( 1315): receiving..
05-13 04:24:20.141 I/qemu-props( 1315): received: qemu.sf.fake_camera=back
05-13 04:24:20.142 I/qemu-props( 1315): receiving..
05-13 04:24:20.142 I/qemu-props( 1315): received: dalvik.vm.heapsize=256m
05-13 04:24:20.144 I/qemu-props( 1315): receiving..
05-13 04:24:20.144 I/qemu-props( 1315): received: qemu.hw.mainkeys=0
05-13 04:24:20.145 I/qemu-props( 1315): receiving..
05-13 04:24:20.145 I/qemu-props( 1315): received: qemu.sf.lcd_density=480
05-13 04:24:20.205 I/qemu-props( 1315): receiving..
05-13 04:24:20.205 I/qemu-props( 1315): received: qemu.timezone=Etc/UTC
05-13 04:24:20.208 I/qemu-props( 1315): receiving..
05-13 04:24:20.208 I/qemu-props( 1315): exiting (8 properties set).
05-13 04:24:20.217 I/        ( 1326): installd firing up
05-13 04:24:20.438 I/fingerprintd( 1335): Starting fingerprintd
05-13 04:24:21.135 I/keystore( 1327): Found keymaster0 module Keymaster OpenSSL HAL, version 2
05-13 04:24:21.136 I/SoftKeymaster( 1327): system/keymaster/soft_keymaster_device.cpp, Line 131: Creating device
05-13 04:24:21.136 D/SoftKeymaster( 1327): system/keymaster/soft_keymaster_device.cpp, Line 132: Device address: 0x749a0223d000
05-13 04:24:21.136 I/keystore( 1327): Keymaster0 module is software-only.  Using SoftKeymasterDevice instead.
05-13 04:24:21.137 I/SoftKeymaster( 1327): system/keymaster/soft_keymaster_device.cpp, Line 131: Creating device
05-13 04:24:21.137 D/SoftKeymaster( 1327): system/keymaster/soft_keymaster_device.cpp, Line 132: Device address: 0x749a0223d400
05-13 04:24:21.202 I/perfprofd( 1339): starting Android Wide Profiling daemon
05-13 04:24:21.206 E/perfprofd( 1339): unable to open configuration file /data/data/com.google.android.gms/files/perfprofd.conf
05-13 04:24:21.209 I/perfprofd( 1339): random seed set to 2759777959
05-13 04:24:21.249 I/lowmemorykiller( 1316): Using in-kernel low memory killer interface
05-13 04:24:21.299 I/gatekeeperd( 1336): Starting gatekeeperd...
05-13 04:24:21.305 W/gatekeeperd( 1336): falling back to software GateKeeper
05-13 04:24:21.987 I/Netd    ( 1332): Netd 1.0 starting
05-13 04:24:22.285 D/TetherController( 1332): Setting IP forward enable = 0
05-13 04:24:25.015 I/SurfaceFlinger( 1318): SurfaceFlinger is starting
05-13 04:24:24.949 I/mediacodec( 1328): @@@ mediacodecservice starting
05-13 04:24:25.060 I/SurfaceFlinger( 1318): SurfaceFlinger's main thread ready to run. Initializing graphics H/W...
05-13 04:24:25.061 D/libEGL  ( 1318): Emulator without GPU support detected. Fallback to legacy software renderer, qemu.gles is set to 0.
05-13 04:24:25.122 W/        ( 1328): No seccomp filter defined for this architecture.
05-13 04:24:25.288 D/libEGL  ( 1318): loaded /system/lib64/egl/libGLES_android.so
05-13 04:24:26.170 D/gralloc_ranchu( 1318): Emulator without host-side GPU emulation detected. Loading gralloc.default.so from /vendor/lib64/hw/gralloc.goldfish.default.so...
05-13 04:24:26.171 D/gralloc_ranchu( 1318): gralloc.default.so not found in /vendor. Trying /system/lib64/hw/gralloc.goldfish.default.so...
05-13 04:24:26.182 I/gralloc ( 1318): using (fd=11)
05-13 04:24:26.182 I/gralloc ( 1318): id           = 
05-13 04:24:26.182 I/gralloc ( 1318): xres         = 1080 px
05-13 04:24:26.182 I/gralloc ( 1318): yres         = 1920 px
05-13 04:24:26.182 I/gralloc ( 1318): xres_virtual = 1080 px
05-13 04:24:26.182 I/gralloc ( 1318): yres_virtual = 3840 px
05-13 04:24:26.182 I/gralloc ( 1318): bpp          = 16
05-13 04:24:26.182 I/gralloc ( 1318): r            = 11:5
05-13 04:24:26.182 I/gralloc ( 1318): g            =  5:6
05-13 04:24:26.182 I/gralloc ( 1318): b            =  0:5
05-13 04:24:26.183 I/gralloc ( 1318): width        = 166 mm (165.253006 dpi)
05-13 04:24:26.183 I/gralloc ( 1318): height       = 296 mm (164.756760 dpi)
05-13 04:24:26.183 I/gralloc ( 1318): refresh rate = 60.00 Hz
05-13 04:24:26.191 E/SurfaceFlinger( 1318): hwcomposer module not found
05-13 04:24:26.236 W/SurfaceFlinger( 1318): no suitable EGLConfig found, trying a simpler query
05-13 04:24:26.237 W/SurfaceFlinger( 1318): EGL_SLOW_CONFIG selected!
05-13 04:24:26.237 I/SurfaceFlinger( 1318): EGL information:
05-13 04:24:26.237 I/SurfaceFlinger( 1318): vendor    : Android
05-13 04:24:26.237 I/SurfaceFlinger( 1318): version   : 1.4 Android META-EGL
05-13 04:24:26.237 I/SurfaceFlinger( 1318): extensions: EGL_KHR_get_all_proc_addresses EGL_ANDROID_presentation_time EGL_KHR_swap_buffers_with_damage EGL_ANDROID_create_native_client_buffer EGL_ANDROID_front_buffer_auto_refresh EGL_KHR_image_base EGL_KHR_fence_sync EGL_ANDROID_image_native_buffer 
05-13 04:24:26.237 I/SurfaceFlinger( 1318): Client API: OpenGL_ES
05-13 04:24:26.237 I/SurfaceFlinger( 1318): EGLSurface: 5-6-5-0, config=0x0
05-13 04:24:26.238 W/SurfaceFlinger( 1318): no suitable EGLConfig found, trying a simpler query
05-13 04:24:26.239 W/SurfaceFlinger( 1318): EGL_SLOW_CONFIG selected!
05-13 04:24:26.239 I/SurfaceFlinger( 1318): EGL information:
05-13 04:24:26.239 I/SurfaceFlinger( 1318): vendor    : Android
05-13 04:24:26.239 I/SurfaceFlinger( 1318): version   : 1.4 Android META-EGL
05-13 04:24:26.239 I/SurfaceFlinger( 1318): extensions: EGL_KHR_get_all_proc_addresses EGL_ANDROID_presentation_time EGL_KHR_swap_buffers_with_damage EGL_ANDROID_create_native_client_buffer EGL_ANDROID_front_buffer_auto_refresh EGL_KHR_image_base EGL_KHR_fence_sync EGL_ANDROID_image_native_buffer 
05-13 04:24:26.239 I/SurfaceFlinger( 1318): Client API: OpenGL_ES
05-13 04:24:26.239 I/SurfaceFlinger( 1318): EGLSurface: 5-6-5-0, config=0x0
05-13 04:24:26.311 I/SurfaceFlinger( 1318): OpenGL ES informations:
05-13 04:24:26.311 I/SurfaceFlinger( 1318): vendor    : Android
05-13 04:24:26.311 I/SurfaceFlinger( 1318): renderer  : Android PixelFlinger 1.4
05-13 04:24:26.311 I/SurfaceFlinger( 1318): version   : OpenGL ES-CM 1.0
05-13 04:24:26.311 I/SurfaceFlinger( 1318): extensions: GL_EXT_debug_marker GL_OES_byte_coordinates GL_OES_fixed_point GL_OES_single_precision GL_OES_read_format GL_OES_compressed_paletted_texture GL_OES_draw_texture GL_OES_matrix_get GL_OES_query_matrix GL_OES_EGL_image GL_OES_EGL_sync GL_OES_compressed_ETC1_RGB8_texture GL_ARB_texture_compression GL_ARB_texture_non_power_of_two GL_ANDROID_user_clip_plane GL_ANDROID_vertex_buffer_object GL_ANDROID_generate_mipmap 
05-13 04:24:26.311 I/SurfaceFlinger( 1318): GL_MAX_TEXTURE_SIZE = 4096
05-13 04:24:26.311 I/SurfaceFlinger( 1318): GL_MAX_VIEWPORT_DIMS = 4096
05-13 04:24:26.315 W/SurfaceFlinger( 1318): no suitable EGLConfig found, trying a simpler query
05-13 04:24:26.315 W/SurfaceFlinger( 1318): EGL_SLOW_CONFIG selected!
05-13 04:24:26.315 I/SurfaceFlinger( 1318): EGL information:
05-13 04:24:26.315 I/SurfaceFlinger( 1318): vendor    : Android
05-13 04:24:26.315 I/SurfaceFlinger( 1318): version   : 1.4 Android META-EGL
05-13 04:24:26.315 I/SurfaceFlinger( 1318): extensions: EGL_KHR_get_all_proc_addresses EGL_ANDROID_presentation_time EGL_KHR_swap_buffers_with_damage EGL_ANDROID_create_native_client_buffer EGL_ANDROID_front_buffer_auto_refresh EGL_KHR_image_base EGL_KHR_fence_sync EGL_ANDROID_image_native_buffer 
05-13 04:24:26.315 I/SurfaceFlinger( 1318): Client API: OpenGL_ES
05-13 04:24:26.315 I/SurfaceFlinger( 1318): EGLSurface: 5-6-5-0, config=0x0
05-13 04:24:26.383 E/libEGL  ( 1318): called unimplemented OpenGL ES API
05-13 04:24:26.384 E/SurfaceFlinger( 1318): Error while compiling shader: 
05-13 04:24:26.384 E/SurfaceFlinger( 1318): attribute vec4 position;
05-13 04:24:26.384 E/SurfaceFlinger( 1318): uniform mat4 projection;
05-13 04:24:26.384 E/SurfaceFlinger( 1318): uniform mat4 texture;
05-13 04:24:26.384 E/SurfaceFlinger( 1318): void main(void) {
05-13 04:24:26.384 E/SurfaceFlinger( 1318):     gl_Position = projection * position;
05-13 04:24:26.384 E/SurfaceFlinger( 1318): }
05-13 04:24:26.384 E/SurfaceFlinger( 1318): 
05-13 04:24:26.384 E/SurfaceFlinger( 1318): öÿÿÿÿÿÿÿŸqå3(w
05-13 04:24:26.384 E/SurfaceFlinger( 1318): Error while compiling shader: 
05-13 04:24:26.384 E/SurfaceFlinger( 1318): precision mediump float;
05-13 04:24:26.384 E/SurfaceFlinger( 1318): uniform vec4 color;
05-13 04:24:26.384 E/SurfaceFlinger( 1318): void main(void) {
05-13 04:24:26.384 E/SurfaceFlinger( 1318):     gl_FragColor = color;
05-13 04:24:26.384 E/SurfaceFlinger( 1318): }
05-13 04:24:26.384 E/SurfaceFlinger( 1318): 
05-13 04:24:26.384 E/SurfaceFlinger( 1318): öÿÿÿÿÿÿÿŸqå3(w
05-13 04:24:26.384 E/SurfaceFlinger( 1318): Error while linking shaders:
05-13 04:24:26.390 E/SurfaceFlinger( 1318): Error while compiling shader: 
05-13 04:24:26.390 E/SurfaceFlinger( 1318): attribute vec4 position;
05-13 04:24:26.390 E/SurfaceFlinger( 1318): uniform mat4 projection;
05-13 04:24:26.390 E/SurfaceFlinger( 1318): uniform mat4 texture;
05-13 04:24:26.390 E/SurfaceFlinger( 1318): void main(void) {
05-13 04:24:26.390 E/SurfaceFlinger( 1318):     gl_Position = projection * position;
05-13 04:24:26.390 E/SurfaceFlinger( 1318): }
05-13 04:24:26.390 E/SurfaceFlinger( 1318): 
05-13 04:24:26.390 E/SurfaceFlinger( 1318): öÿÿÿÿÿÿÿŸqå3(w
05-13 04:24:26.390 E/SurfaceFlinger( 1318): Error while compiling shader: 
05-13 04:24:26.390 E/SurfaceFlinger( 1318): precision mediump float;
05-13 04:24:26.390 E/SurfaceFlinger( 1318): uniform vec4 color;
05-13 04:24:26.390 E/SurfaceFlinger( 1318): void main(void) {
05-13 04:24:26.390 E/SurfaceFlinger( 1318):     gl_FragColor = color;
05-13 04:24:26.390 E/SurfaceFlinger( 1318): }
05-13 04:24:26.390 E/SurfaceFlinger( 1318): 
05-13 04:24:26.390 E/SurfaceFlinger( 1318): öÿÿÿÿÿÿÿŸqå3(w
05-13 04:24:26.390 E/SurfaceFlinger( 1318): Error while linking shaders:
05-13 04:24:26.390 E/SurfaceFlinger( 1318): Error while compiling shader: 
05-13 04:24:26.390 E/SurfaceFlinger( 1318): attribute vec4 position;
05-13 04:24:26.390 E/SurfaceFlinger( 1318): uniform mat4 projection;
05-13 04:24:26.390 E/SurfaceFlinger( 1318): uniform mat4 texture;
05-13 04:24:26.390 E/SurfaceFlinger( 1318): void main(void) {
05-13 04:24:26.390 E/SurfaceFlinger( 1318):     gl_Position = projection * position;
05-13 04:24:26.390 E/SurfaceFlinger( 1318): }
05-13 04:24:26.390 E/SurfaceFlinger( 1318): 
05-13 04:24:26.390 E/SurfaceFlinger( 1318): öÿÿÿÿÿÿÿŸqå3(w
05-13 04:24:26.390 E/SurfaceFlinger( 1318): Error while compiling shader: 
05-13 04:24:26.390 E/SurfaceFlinger( 1318): precision mediump float;
05-13 04:24:26.390 E/SurfaceFlinger( 1318): uniform vec4 color;
05-13 04:24:26.390 E/SurfaceFlinger( 1318): void main(void) {
05-13 04:24:26.390 E/SurfaceFlinger( 1318):     gl_FragColor = color;
05-13 04:24:26.390 E/SurfaceFlinger( 1318):     gl_FragColor.a = 1.0;
05-13 04:24:26.390 E/SurfaceFlinger( 1318): }
05-13 04:24:26.390 E/SurfaceFlinger( 1318): 
05-13 04:24:26.390 E/SurfaceFlinger( 1318): öÿÿÿÿÿÿÿŸqå3(w
05-13 04:24:26.390 E/SurfaceFlinger( 1318): Error while linking shaders:
05-13 04:24:26.390 E/SurfaceFlinger( 1318): Error while compiling shader: 
05-13 04:24:26.390 E/SurfaceFlinger( 1318): attribute vec4 position;
05-13 04:24:26.390 E/SurfaceFlinger( 1318): uniform mat4 projection;
05-13 04:24:26.390 E/SurfaceFlinger( 1318): uniform mat4 texture;
05-13 04:24:26.390 E/SurfaceFlinger( 1318): void main(void) {
05-13 04:24:26.390 E/SurfaceFlinger( 1318):     gl_Position = projection * position;
05-13 04:24:26.390 E/SurfaceFlinger( 1318): }
05-13 04:24:26.390 E/SurfaceFlinger( 1318): 
05-13 04:24:26.390 E/SurfaceFlinger( 1318): öÿÿÿÿÿÿÿŸqå3(w
05-13 04:24:26.390 E/SurfaceFlinger( 1318): Error while compiling shader: 
05-13 04:24:26.390 E/SurfaceFlinger( 1318): precision mediump float;
05-13 04:24:26.390 E/SurfaceFlinger( 1318): uniform vec4 color;
05-13 04:24:26.390 E/SurfaceFlinger( 1318): void main(void) {
05-13 04:24:26.390 E/SurfaceFlinger( 1318):     gl_FragColor = color;
05-13 04:24:26.390 E/SurfaceFlinger( 1318):     gl_FragColor.a = 1.0;
05-13 04:24:26.390 E/SurfaceFlinger( 1318): }
05-13 04:24:26.390 E/SurfaceFlinger( 1318): 
05-13 04:24:26.390 E/SurfaceFlinger( 1318): öÿÿÿÿÿÿÿŸqå3(w
05-13 04:24:26.390 E/SurfaceFlinger( 1318): Error while linking shaders:
05-13 04:24:26.391 E/SurfaceFlinger( 1318): Error while compiling shader: 
05-13 04:24:26.391 E/SurfaceFlinger( 1318): attribute vec4 position;
05-13 04:24:26.391 E/SurfaceFlinger( 1318): uniform mat4 projection;
05-13 04:24:26.391 E/SurfaceFlinger( 1318): uniform mat4 texture;
05-13 04:24:26.391 E/SurfaceFlinger( 1318): void main(void) {
05-13 04:24:26.391 E/SurfaceFlinger( 1318):     gl_Position = projection * position;
05-13 04:24:26.391 E/SurfaceFlinger( 1318): }
05-13 04:24:26.391 E/SurfaceFlinger( 1318): 
05-13 04:24:26.391 E/SurfaceFlinger( 1318): öÿÿÿÿÿÿÿŸqå3(w
05-13 04:24:26.391 E/SurfaceFlinger( 1318): Error while compiling shader: 
05-13 04:24:26.391 E/SurfaceFlinger( 1318): precision mediump float;
05-13 04:24:26.391 E/SurfaceFlinger( 1318): uniform vec4 color;
05-13 04:24:26.391 E/SurfaceFlinger( 1318): uniform float alphaPlane;
05-13 04:24:26.391 E/SurfaceFlinger( 1318): void main(void) {
05-13 04:24:26.391 E/SurfaceFlinger( 1318):     gl_FragColor = color;
05-13 04:24:26.391 E/SurfaceFlinger( 1318):     gl_FragColor.a *= alphaPlane;
05-13 04:24:26.391 E/SurfaceFlinger( 1318): }
05-13 04:24:26.391 E/SurfaceFlinger( 1318): 
05-13 04:24:26.391 E/SurfaceFlinger( 1318): öÿÿÿÿÿÿÿŸqå3(w
05-13 04:24:26.391 E/SurfaceFlinger( 1318): Error while linking shaders:
05-13 04:24:26.391 E/SurfaceFlinger( 1318): Error while compiling shader: 
05-13 04:24:26.391 E/SurfaceFlinger( 1318): attribute vec4 position;
05-13 04:24:26.391 E/SurfaceFlinger( 1318): uniform mat4 projection;
05-13 04:24:26.391 E/SurfaceFlinger( 1318): uniform mat4 texture;
05-13 04:24:26.391 E/SurfaceFlinger( 1318): void main(void) {
05-13 04:24:26.391 E/SurfaceFlinger( 1318):     gl_Position = projection * position;
05-13 04:24:26.391 E/SurfaceFlinger( 1318): }
05-13 04:24:26.391 E/SurfaceFlinger( 1318): 
05-13 04:24:26.391 E/SurfaceFlinger( 1318): öÿÿÿÿÿÿÿŸqå3(w
05-13 04:24:26.391 E/SurfaceFlinger( 1318): Error while compiling shader: 
05-13 04:24:26.391 E/SurfaceFlinger( 1318): precision mediump float;
05-13 04:24:26.391 E/SurfaceFlinger( 1318): uniform vec4 color;
05-13 04:24:26.391 E/SurfaceFlinger( 1318): uniform float alphaPlane;
05-13 04:24:26.391 E/SurfaceFlinger( 1318): void main(void) {
05-13 04:24:26.391 E/SurfaceFlinger( 1318):     gl_FragColor = color;
05-13 04:24:26.391 E/SurfaceFlinger( 1318):     gl_FragColor *= alphaPlane;
05-13 04:24:26.391 E/SurfaceFlinger( 1318): }
05-13 04:24:26.391 E/SurfaceFlinger( 1318): 
05-13 04:24:26.391 E/SurfaceFlinger( 1318): öÿÿÿÿÿÿÿŸqå3(w
05-13 04:24:26.391 E/SurfaceFlinger( 1318): Error while linking shaders:
05-13 04:24:26.391 E/SurfaceFlinger( 1318): Error while compiling shader: 
05-13 04:24:26.391 E/SurfaceFlinger( 1318): attribute vec4 position;
05-13 04:24:26.391 E/SurfaceFlinger( 1318): uniform mat4 projection;
05-13 04:24:26.391 E/SurfaceFlinger( 1318): uniform mat4 texture;
05-13 04:24:26.391 E/SurfaceFlinger( 1318): void main(void) {
05-13 04:24:26.391 E/SurfaceFlinger( 1318):     gl_Position = projection * position;
05-13 04:24:26.391 E/SurfaceFlinger( 1318): }
05-13 04:24:26.391 E/SurfaceFlinger( 1318): 
05-13 04:24:26.391 E/SurfaceFlinger( 1318): öÿÿÿÿÿÿÿŸqå3(w
05-13 04:24:26.391 E/SurfaceFlinger( 1318): Error while compiling shader: 
05-13 04:24:26.391 E/SurfaceFlinger( 1318): precision mediump float;
05-13 04:24:26.391 E/SurfaceFlinger( 1318): uniform vec4 color;
05-13 04:24:26.391 E/SurfaceFlinger( 1318): uniform float alphaPlane;
05-13 04:24:26.391 E/SurfaceFlinger( 1318): void main(void) {
05-13 04:24:26.391 E/SurfaceFlinger( 1318):     gl_FragColor = color;
05-13 04:24:26.391 E/SurfaceFlinger( 1318):     gl_FragColor.a = 1.0;
05-13 04:24:26.391 E/SurfaceFlinger( 1318):     gl_FragColor.a *= alphaPlane;
05-13 04:24:26.391 E/SurfaceFlinger( 1318): }
05-13 04:24:26.391 E/SurfaceFlinger( 1318): 
05-13 04:24:26.391 E/SurfaceFlinger( 1318): öÿÿÿÿÿÿÿŸqå3(w
05-13 04:24:26.391 E/SurfaceFlinger( 1318): Error while linking shaders:
05-13 04:24:26.391 E/SurfaceFlinger( 1318): Error while compiling shader: 
05-13 04:24:26.391 E/SurfaceFlinger( 1318): attribute vec4 position;
05-13 04:24:26.391 E/SurfaceFlinger( 1318): uniform mat4 projection;
05-13 04:24:26.391 E/SurfaceFlinger( 1318): uniform mat4 texture;
05-13 04:24:26.391 E/SurfaceFlinger( 1318): void main(void) {
05-13 04:24:26.391 E/SurfaceFlinger( 1318):     gl_Position = projection * position;
05-13 04:24:26.391 E/SurfaceFlinger( 1318): }
05-13 04:24:26.391 E/SurfaceFlinger( 1318): 
05-13 04:24:26.391 E/SurfaceFlinger( 1318): öÿÿÿÿÿÿÿŸqå3(w
05-13 04:24:26.391 E/SurfaceFlinger( 1318): Error while compiling shader: 
05-13 04:24:26.391 E/SurfaceFlinger( 1318): precision mediump float;
05-13 04:24:26.391 E/SurfaceFlinger( 1318): uniform vec4 color;
05-13 04:24:26.391 E/SurfaceFlinger( 1318): uniform float alphaPlane;
05-13 04:24:26.391 E/SurfaceFlinger( 1318): void main(void) {
05-13 04:24:26.391 E/SurfaceFlinger( 1318):     gl_FragColor = color;
05-13 04:24:26.391 E/SurfaceFlinger( 1318):     gl_FragColor.a = 1.0;
05-13 04:24:26.391 E/SurfaceFlinger( 1318):     gl_FragColor *= alphaPlane;
05-13 04:24:26.391 E/SurfaceFlinger( 1318): }
05-13 04:24:26.391 E/SurfaceFlinger( 1318): 
05-13 04:24:26.391 E/SurfaceFlinger( 1318): öÿÿÿÿÿÿÿŸqå3(w
05-13 04:24:26.391 E/SurfaceFlinger( 1318): Error while linking shaders:
05-13 04:24:26.391 E/SurfaceFlinger( 1318): Error while compiling shader: 
05-13 04:24:26.391 E/SurfaceFlinger( 1318): attribute vec4 texCoords;
05-13 04:24:26.391 E/SurfaceFlinger( 1318): varying vec2 outTexCoords;
05-13 04:24:26.391 E/SurfaceFlinger( 1318): attribute vec4 position;
05-13 04:24:26.391 E/SurfaceFlinger( 1318): uniform mat4 projection;
05-13 04:24:26.391 E/SurfaceFlinger( 1318): uniform mat4 texture;
05-13 04:24:26.391 E/SurfaceFlinger( 1318): void main(void) {
05-13 04:24:26.391 E/SurfaceFlinger( 1318):     gl_Position = projection * position;
05-13 04:24:26.391 E/SurfaceFlinger( 1318):     outTexCoords = (texture * texCoords).st;
05-13 04:24:26.391 E/SurfaceFlinger( 1318): }
05-13 04:24:26.391 E/SurfaceFlinger( 1318): 
05-13 04:24:26.391 E/SurfaceFlinger( 1318): öÿÿÿÿÿÿÿŸqå3(w
05-13 04:24:26.391 E/SurfaceFlinger( 1318): Error while compiling shader: 
05-13 04:24:26.391 E/SurfaceFlinger( 1318): #extension GL_OES_EGL_image_external : require
05-13 04:24:26.391 E/SurfaceFlinger( 1318): precision mediump float;
05-13 04:24:26.391 E/SurfaceFlinger( 1318): uniform samplerExternalOES sampler;
05-13 04:24:26.391 E/SurfaceFlinger( 1318): varying vec2 outTexCoords;
05-13 04:24:26.391 E/SurfaceFlinger( 1318): void main(void) {
05-13 04:24:26.391 E/SurfaceFlinger( 1318):     gl_FragColor = texture2D(sampler, outTexCoords);
05-13 04:24:26.391 E/SurfaceFlinger( 1318): }
05-13 04:24:26.391 E/SurfaceFlinger( 1318): 
05-13 04:24:26.391 E/SurfaceFlinger( 1318): öÿÿÿÿÿÿÿŸqå3(w
05-13 04:24:26.391 E/SurfaceFlinger( 1318): Error while linking shaders:
05-13 04:24:26.391 E/SurfaceFlinger( 1318): Error while compiling shader: 
05-13 04:24:26.391 E/SurfaceFlinger( 1318): attribute vec4 texCoords;
05-13 04:24:26.391 E/SurfaceFlinger( 1318): varying vec2 outTexCoords;
05-13 04:24:26.391 E/SurfaceFlinger( 1318): attribute vec4 position;
05-13 04:24:26.391 E/SurfaceFlinger( 1318): uniform mat4 projection;
05-13 04:24:26.391 E/SurfaceFlinger( 1318): uniform mat4 texture;
05-13 04:24:26.391 E/SurfaceFlinger( 1318): void main(void) {
05-13 04:24:26.391 E/SurfaceFlinger( 1318):     gl_Position = projection * position;
05-13 04:24:26.391 E/SurfaceFlinger( 1318):     outTexCoords = (texture * texCoords).st;
05-13 04:24:26.391 E/SurfaceFlinger( 1318): }
05-13 04:24:26.391 E/SurfaceFlinger( 1318): 
05-13 04:24:26.391 E/SurfaceFlinger( 1318): öÿÿÿÿÿÿÿŸqå3(w
05-13 04:24:26.391 E/SurfaceFlinger( 1318): Error while compiling shader: 
05-13 04:24:26.391 E/SurfaceFlinger( 1318): #extension GL_OES_EGL_image_external : require
05-13 04:24:26.391 E/SurfaceFlinger( 1318): precision mediump float;
05-13 04:24:26.391 E/SurfaceFlinger( 1318): uniform samplerExternalOES sampler;
05-13 04:24:26.391 E/SurfaceFlinger( 1318): varying vec2 outTexCoords;
05-13 04:24:26.391 E/SurfaceFlinger( 1318): void main(void) {
05-13 04:24:26.391 E/SurfaceFlinger( 1318):     gl_FragColor = texture2D(sampler, outTexCoords);
05-13 04:24:26.391 E/SurfaceFlinger( 1318): }
05-13 04:24:26.391 E/SurfaceFlinger( 1318): 
05-13 04:24:26.391 E/SurfaceFlinger( 1318): öÿÿÿÿÿÿÿŸqå3(w
05-13 04:24:26.391 E/SurfaceFlinger( 1318): Error while linking shaders:
05-13 04:24:26.392 E/SurfaceFlinger( 1318): Error while compiling shader: 
05-13 04:24:26.392 E/SurfaceFlinger( 1318): attribute vec4 texCoords;
05-13 04:24:26.392 E/SurfaceFlinger( 1318): varying vec2 outTexCoords;
05-13 04:24:26.392 E/SurfaceFlinger( 1318): attribute vec4 position;
05-13 04:24:26.392 E/SurfaceFlinger( 1318): uniform mat4 projection;
05-13 04:24:26.392 E/SurfaceFlinger( 1318): uniform mat4 texture;
05-13 04:24:26.392 E/SurfaceFlinger( 1318): void main(void) {
05-13 04:24:26.392 E/SurfaceFlinger( 1318):     gl_Position = projection * position;
05-13 04:24:26.392 E/SurfaceFlinger( 1318):     outTexCoords = (texture * texCoords).st;
05-13 04:24:26.392 E/SurfaceFlinger( 1318): }
05-13 04:24:26.392 E/SurfaceFlinger( 1318): 
05-13 04:24:26.392 E/SurfaceFlinger( 1318): öÿÿÿÿÿÿÿŸqå3(w
05-13 04:24:26.392 E/SurfaceFlinger( 1318): Error while compiling shader: 
05-13 04:24:26.392 E/SurfaceFlinger( 1318): #extension GL_OES_EGL_image_external : require
05-13 04:24:26.392 E/SurfaceFlinger( 1318): precision mediump float;
05-13 04:24:26.392 E/SurfaceFlinger( 1318): uniform samplerExternalOES sampler;
05-13 04:24:26.392 E/SurfaceFlinger( 1318): varying vec2 outTexCoords;
05-13 04:24:26.392 E/SurfaceFlinger( 1318): void main(void) {
05-13 04:24:26.392 E/SurfaceFlinger( 1318):     gl_FragColor = texture2D(sampler, outTexCoords);
05-13 04:24:26.392 E/SurfaceFlinger( 1318):     gl_FragColor.a = 1.0;
05-13 04:24:26.392 E/SurfaceFlinger( 1318): }
05-13 04:24:26.392 E/SurfaceFlinger( 1318): 
05-13 04:24:26.392 E/SurfaceFlinger( 1318): öÿÿÿÿÿÿÿŸqå3(w
05-13 04:24:26.392 E/SurfaceFlinger( 1318): Error while linking shaders:
05-13 04:24:26.392 E/SurfaceFlinger( 1318): Error while compiling shader: 
05-13 04:24:26.392 E/SurfaceFlinger( 1318): attribute vec4 texCoords;
05-13 04:24:26.392 E/SurfaceFlinger( 1318): varying vec2 outTexCoords;
05-13 04:24:26.392 E/SurfaceFlinger( 1318): attribute vec4 position;
05-13 04:24:26.392 E/SurfaceFlinger( 1318): uniform mat4 projection;
05-13 04:24:26.392 E/SurfaceFlinger( 1318): uniform mat4 texture;
05-13 04:24:26.392 E/SurfaceFlinger( 1318): void main(void) {
05-13 04:24:26.392 E/SurfaceFlinger( 1318):     gl_Position = projection * position;
05-13 04:24:26.392 E/SurfaceFlinger( 1318):     outTexCoords = (texture * texCoords).st;
05-13 04:24:26.392 E/SurfaceFlinger( 1318): }
05-13 04:24:26.392 E/SurfaceFlinger( 1318): 
05-13 04:24:26.392 E/SurfaceFlinger( 1318): öÿÿÿÿÿÿÿŸqå3(w
05-13 04:24:26.392 E/SurfaceFlinger( 1318): Error while compiling shader: 
05-13 04:24:26.392 E/SurfaceFlinger( 1318): #extension GL_OES_EGL_image_external : require
05-13 04:24:26.392 E/SurfaceFlinger( 1318): precision mediump float;
05-13 04:24:26.392 E/SurfaceFlinger( 1318): uniform samplerExternalOES sampler;
05-13 04:24:26.392 E/SurfaceFlinger( 1318): varying vec2 outTexCoords;
05-13 04:24:26.392 E/SurfaceFlinger( 1318): void main(void) {
05-13 04:24:26.392 E/SurfaceFlinger( 1318):     gl_FragColor = texture2D(sampler, outTexCoords);
05-13 04:24:26.392 E/SurfaceFlinger( 1318):     gl_FragColor.a = 1.0;
05-13 04:24:26.392 E/SurfaceFlinger( 1318): }
05-13 04:24:26.392 E/SurfaceFlinger( 1318): 
05-13 04:24:26.392 E/SurfaceFlinger( 1318): öÿÿÿÿÿÿÿŸqå3(w
05-13 04:24:26.392 E/SurfaceFlinger( 1318): Error while linking shaders:
05-13 04:24:26.392 E/SurfaceFlinger( 1318): Error while compiling shader: 
05-13 04:24:26.392 E/SurfaceFlinger( 1318): attribute vec4 texCoords;
05-13 04:24:26.392 E/SurfaceFlinger( 1318): varying vec2 outTexCoords;
05-13 04:24:26.392 E/SurfaceFlinger( 1318): attribute vec4 position;
05-13 04:24:26.392 E/SurfaceFlinger( 1318): uniform mat4 projection;
05-13 04:24:26.392 E/SurfaceFlinger( 1318): uniform mat4 texture;
05-13 04:24:26.392 E/SurfaceFlinger( 1318): void main(void) {
05-13 04:24:26.392 E/SurfaceFlinger( 1318):     gl_Position = projection * position;
05-13 04:24:26.392 E/SurfaceFlinger( 1318):     outTexCoords = (texture * texCoords).st;
05-13 04:24:26.392 E/SurfaceFlinger( 1318): }
05-13 04:24:26.392 E/SurfaceFlinger( 1318): 
05-13 04:24:26.392 E/SurfaceFlinger( 1318): öÿÿÿÿÿÿÿŸqå3(w
05-13 04:24:26.392 E/SurfaceFlinger( 1318): Error while compiling shader: 
05-13 04:24:26.392 E/SurfaceFlinger( 1318): #extension GL_OES_EGL_image_external : require
05-13 04:24:26.392 E/SurfaceFlinger( 1318): precision mediump float;
05-13 04:24:26.392 E/SurfaceFlinger( 1318): uniform samplerExternalOES sampler;
05-13 04:24:26.392 E/SurfaceFlinger( 1318): varying vec2 outTexCoords;
05-13 04:24:26.392 E/SurfaceFlinger( 1318): uniform float alphaPlane;
05-13 04:24:26.392 E/SurfaceFlinger( 1318): void main(void) {
05-13 04:24:26.392 E/SurfaceFlinger( 1318):     gl_FragColor = texture2D(sampler, outTexCoords);
05-13 04:24:26.392 E/SurfaceFlinger( 1318):     gl_FragColor.a *= alphaPlane;
05-13 04:24:26.392 E/SurfaceFlinger( 1318): }
05-13 04:24:26.392 E/SurfaceFlinger( 1318): 
05-13 04:24:26.392 E/SurfaceFlinger( 1318): öÿÿÿÿÿÿÿŸqå3(w
05-13 04:24:26.392 E/SurfaceFlinger( 1318): Error while linking shaders:
05-13 04:24:26.392 E/SurfaceFlinger( 1318): Error while compiling shader: 
05-13 04:24:26.392 E/SurfaceFlinger( 1318): attribute vec4 texCoords;
05-13 04:24:26.392 E/SurfaceFlinger( 1318): varying vec2 outTexCoords;
05-13 04:24:26.392 E/SurfaceFlinger( 1318): attribute vec4 position;
05-13 04:24:26.392 E/SurfaceFlinger( 1318): uniform mat4 projection;
05-13 04:24:26.392 E/SurfaceFlinger( 1318): uniform mat4 texture;
05-13 04:24:26.392 E/SurfaceFlinger( 1318): void main(void) {
05-13 04:24:26.392 E/SurfaceFlinger( 1318):     gl_Position = projection * position;
05-13 04:24:26.392 E/SurfaceFlinger( 1318):     outTexCoords = (texture * texCoords).st;
05-13 04:24:26.392 E/SurfaceFlinger( 1318): }
05-13 04:24:26.392 E/SurfaceFlinger( 1318): 
05-13 04:24:26.392 E/SurfaceFlinger( 1318): öÿÿÿÿÿÿÿŸqå3(w
05-13 04:24:26.392 E/SurfaceFlinger( 1318): Error while compiling shader: 
05-13 04:24:26.392 E/SurfaceFlinger( 1318): #extension GL_OES_EGL_image_external : require
05-13 04:24:26.392 E/SurfaceFlinger( 1318): precision mediump float;
05-13 04:24:26.392 E/SurfaceFlinger( 1318): uniform samplerExternalOES sampler;
05-13 04:24:26.392 E/SurfaceFlinger( 1318): varying vec2 outTexCoords;
05-13 04:24:26.392 E/SurfaceFlinger( 1318): uniform float alphaPlane;
05-13 04:24:26.392 E/SurfaceFlinger( 1318): void main(void) {
05-13 04:24:26.392 E/SurfaceFlinger( 1318):     gl_FragColor = texture2D(sampler, outTexCoords);
05-13 04:24:26.392 E/SurfaceFlinger( 1318):     gl_FragColor *= alphaPlane;
05-13 04:24:26.392 E/SurfaceFlinger( 1318): }
05-13 04:24:26.392 E/SurfaceFlinger( 1318): 
05-13 04:24:26.392 E/SurfaceFlinger( 1318): öÿÿÿÿÿÿÿŸqå3(w
05-13 04:24:26.392 E/SurfaceFlinger( 1318): Error while linking shaders:
05-13 04:24:26.392 E/SurfaceFlinger( 1318): Error while compiling shader: 
05-13 04:24:26.392 E/SurfaceFlinger( 1318): attribute vec4 texCoords;
05-13 04:24:26.392 E/SurfaceFlinger( 1318): varying vec2 outTexCoords;
05-13 04:24:26.392 E/SurfaceFlinger( 1318): attribute vec4 position;
05-13 04:24:26.392 E/SurfaceFlinger( 1318): uniform mat4 projection;
05-13 04:24:26.392 E/SurfaceFlinger( 1318): uniform mat4 texture;
05-13 04:24:26.392 E/SurfaceFlinger( 1318): void main(void) {
05-13 04:24:26.392 E/SurfaceFlinger( 1318):     gl_Position = projection * position;
05-13 04:24:26.392 E/SurfaceFlinger( 1318):     outTexCoords = (texture * texCoords).st;
05-13 04:24:26.392 E/SurfaceFlinger( 1318): }
05-13 04:24:26.392 E/SurfaceFlinger( 1318): 
05-13 04:24:26.392 E/SurfaceFlinger( 1318): öÿÿÿÿÿÿÿŸqå3(w
05-13 04:24:26.392 E/SurfaceFlinger( 1318): Error while compiling shader: 
05-13 04:24:26.392 E/SurfaceFlinger( 1318): #extension GL_OES_EGL_image_external : require
05-13 04:24:26.392 E/SurfaceFlinger( 1318): precision mediump float;
05-13 04:24:26.392 E/SurfaceFlinger( 1318): uniform samplerExternalOES sampler;
05-13 04:24:26.392 E/SurfaceFlinger( 1318): varying vec2 outTexCoords;
05-13 04:24:26.392 E/SurfaceFlinger( 1318): uniform float alphaPlane;
05-13 04:24:26.392 E/SurfaceFlinger( 1318): void main(void) {
05-13 04:24:26.392 E/SurfaceFlinger( 1318):     gl_FragColor = texture2D(sampler, outTexCoords);
05-13 04:24:26.392 E/SurfaceFlinger( 1318):     gl_FragColor.a = 1.0;
05-13 04:24:26.392 E/SurfaceFlinger( 1318):     gl_FragColor.a *= alphaPlane;
05-13 04:24:26.392 E/SurfaceFlinger( 1318): }
05-13 04:24:26.392 E/SurfaceFlinger( 1318): 
05-13 04:24:26.392 E/SurfaceFlinger( 1318): öÿÿÿÿÿÿÿŸqå3(w
05-13 04:24:26.392 E/SurfaceFlinger( 1318): Error while linking shaders:
05-13 04:24:26.392 E/SurfaceFlinger( 1318): Error while compiling shader: 
05-13 04:24:26.392 E/SurfaceFlinger( 1318): attribute vec4 texCoords;
05-13 04:24:26.392 E/SurfaceFlinger( 1318): varying vec2 outTexCoords;
05-13 04:24:26.392 E/SurfaceFlinger( 1318): attribute vec4 position;
05-13 04:24:26.392 E/SurfaceFlinger( 1318): uniform mat4 projection;
05-13 04:24:26.392 E/SurfaceFlinger( 1318): uniform mat4 texture;
05-13 04:24:26.392 E/SurfaceFlinger( 1318): void main(void) {
05-13 04:24:26.392 E/SurfaceFlinger( 1318):     gl_Position = projection * position;
05-13 04:24:26.392 E/SurfaceFlinger( 1318):     outTexCoords = (texture * texCoords).st;
05-13 04:24:26.392 E/SurfaceFlinger( 1318): }
05-13 04:24:26.392 E/SurfaceFlinger( 1318): 
05-13 04:24:26.392 E/SurfaceFlinger( 1318): öÿÿÿÿÿÿÿŸqå3(w
05-13 04:24:26.392 E/SurfaceFlinger( 1318): Error while compiling shader: 
05-13 04:24:26.392 E/SurfaceFlinger( 1318): #extension GL_OES_EGL_image_external : require
05-13 04:24:26.392 E/SurfaceFlinger( 1318): precision mediump float;
05-13 04:24:26.392 E/SurfaceFlinger( 1318): uniform samplerExternalOES sampler;
05-13 04:24:26.392 E/SurfaceFlinger( 1318): varying vec2 outTexCoords;
05-13 04:24:26.392 E/SurfaceFlinger( 1318): uniform float alphaPlane;
05-13 04:24:26.392 E/SurfaceFlinger( 1318): void main(void) {
05-13 04:24:26.392 E/SurfaceFlinger( 1318):     gl_FragColor = texture2D(sampler, outTexCoords);
05-13 04:24:26.392 E/SurfaceFlinger( 1318):     gl_FragColor.a = 1.0;
05-13 04:24:26.392 E/SurfaceFlinger( 1318):     gl_FragColor *= alphaPlane;
05-13 04:24:26.392 E/SurfaceFlinger( 1318): }
05-13 04:24:26.392 E/SurfaceFlinger( 1318): 
05-13 04:24:26.392 E/SurfaceFlinger( 1318): öÿÿÿÿÿÿÿŸqå3(w
05-13 04:24:26.392 E/SurfaceFlinger( 1318): Error while linking shaders:
05-13 04:24:26.393 E/SurfaceFlinger( 1318): Error while compiling shader: 
05-13 04:24:26.393 E/SurfaceFlinger( 1318): attribute vec4 texCoords;
05-13 04:24:26.393 E/SurfaceFlinger( 1318): varying vec2 outTexCoords;
05-13 04:24:26.393 E/SurfaceFlinger( 1318): attribute vec4 position;
05-13 04:24:26.393 E/SurfaceFlinger( 1318): uniform mat4 projection;
05-13 04:24:26.393 E/SurfaceFlinger( 1318): uniform mat4 texture;
05-13 04:24:26.393 E/SurfaceFlinger( 1318): void main(void) {
05-13 04:24:26.393 E/SurfaceFlinger( 1318):     gl_Position = projection * position;
05-13 04:24:26.393 E/SurfaceFlinger( 1318):     outTexCoords = (texture * texCoords).st;
05-13 04:24:26.393 E/SurfaceFlinger( 1318): }
05-13 04:24:26.393 E/SurfaceFlinger( 1318): 
05-13 04:24:26.393 E/SurfaceFlinger( 1318): öÿÿÿÿÿÿÿŸqå3(w
05-13 04:24:26.393 E/SurfaceFlinger( 1318): Error while compiling shader: 
05-13 04:24:26.393 E/SurfaceFlinger( 1318): precision mediump float;
05-13 04:24:26.393 E/SurfaceFlinger( 1318): uniform sampler2D sampler;
05-13 04:24:26.393 E/SurfaceFlinger( 1318): varying vec2 outTexCoords;
05-13 04:24:26.393 E/SurfaceFlinger( 1318): void main(void) {
05-13 04:24:26.393 E/SurfaceFlinger( 1318):     gl_FragColor = texture2D(sampler, outTexCoords);
05-13 04:24:26.393 E/SurfaceFlinger( 1318): }
05-13 04:24:26.393 E/SurfaceFlinger( 1318): 
05-13 04:24:26.393 E/SurfaceFlinger( 1318): öÿÿÿÿÿÿÿŸqå3(w
05-13 04:24:26.393 E/SurfaceFlinger( 1318): Error while linking shaders:
05-13 04:24:26.393 E/SurfaceFlinger( 1318): Error while compiling shader: 
05-13 04:24:26.393 E/SurfaceFlinger( 1318): attribute vec4 texCoords;
05-13 04:24:26.393 E/SurfaceFlinger( 1318): varying vec2 outTexCoords;
05-13 04:24:26.393 E/SurfaceFlinger( 1318): attribute vec4 position;
05-13 04:24:26.393 E/SurfaceFlinger( 1318): uniform mat4 projection;
05-13 04:24:26.393 E/SurfaceFlinger( 1318): uniform mat4 texture;
05-13 04:24:26.393 E/SurfaceFlinger( 1318): void main(void) {
05-13 04:24:26.393 E/SurfaceFlinger( 1318):     gl_Position = projection * position;
05-13 04:24:26.393 E/SurfaceFlinger( 1318):     outTexCoords = (texture * texCoords).st;
05-13 04:24:26.393 E/SurfaceFlinger( 1318): }
05-13 04:24:26.393 E/SurfaceFlinger( 1318): 
05-13 04:24:26.393 E/SurfaceFlinger( 1318): öÿÿÿÿÿÿÿŸqå3(w
05-13 04:24:26.393 E/SurfaceFlinger( 1318): Error while compiling shader: 
05-13 04:24:26.393 E/SurfaceFlinger( 1318): precision mediump float;
05-13 04:24:26.393 E/SurfaceFlinger( 1318): uniform sampler2D sampler;
05-13 04:24:26.393 E/SurfaceFlinger( 1318): varying vec2 outTexCoords;
05-13 04:24:26.393 E/SurfaceFlinger( 1318): void main(void) {
05-13 04:24:26.393 E/SurfaceFlinger( 1318):     gl_FragColor = texture2D(sampler, outTexCoords);
05-13 04:24:26.393 E/SurfaceFlinger( 1318): }
05-13 04:24:26.393 E/SurfaceFlinger( 1318): 
05-13 04:24:26.393 E/SurfaceFlinger( 1318): öÿÿÿÿÿÿÿŸqå3(w
05-13 04:24:26.393 E/SurfaceFlinger( 1318): Error while linking shaders:
05-13 04:24:26.393 E/SurfaceFlinger( 1318): Error while compiling shader: 
05-13 04:24:26.393 E/SurfaceFlinger( 1318): attribute vec4 texCoords;
05-13 04:24:26.393 E/SurfaceFlinger( 1318): varying vec2 outTexCoords;
05-13 04:24:26.393 E/SurfaceFlinger( 1318): attribute vec4 position;
05-13 04:24:26.393 E/SurfaceFlinger( 1318): uniform mat4 projection;
05-13 04:24:26.393 E/SurfaceFlinger( 1318): uniform mat4 texture;
05-13 04:24:26.393 E/SurfaceFlinger( 1318): void main(void) {
05-13 04:24:26.393 E/SurfaceFlinger( 1318):     gl_Position = projection * position;
05-13 04:24:26.393 E/SurfaceFlinger( 1318):     outTexCoords = (texture * texCoords).st;
05-13 04:24:26.393 E/SurfaceFlinger( 1318): }
05-13 04:24:26.393 E/SurfaceFlinger( 1318): 
05-13 04:24:26.393 E/SurfaceFlinger( 1318): öÿÿÿÿÿÿÿŸqå3(w
05-13 04:24:26.393 E/SurfaceFlinger( 1318): Error while compiling shader: 
05-13 04:24:26.393 E/SurfaceFlinger( 1318): precision mediump float;
05-13 04:24:26.393 E/SurfaceFlinger( 1318): uniform sampler2D sampler;
05-13 04:24:26.393 E/SurfaceFlinger( 1318): varying vec2 outTexCoords;
05-13 04:24:26.393 E/SurfaceFlinger( 1318): void main(void) {
05-13 04:24:26.393 E/SurfaceFlinger( 1318):     gl_FragColor = texture2D(sampler, outTexCoords);
05-13 04:24:26.393 E/SurfaceFlinger( 1318):     gl_FragColor.a = 1.0;
05-13 04:24:26.393 E/SurfaceFlinger( 1318): }
05-13 04:24:26.393 E/SurfaceFlinger( 1318): 
05-13 04:24:26.393 E/SurfaceFlinger( 1318): öÿÿÿÿÿÿÿŸqå3(w
05-13 04:24:26.393 E/SurfaceFlinger( 1318): Error while linking shaders:
05-13 04:24:26.393 E/SurfaceFlinger( 1318): Error while compiling shader: 
05-13 04:24:26.393 E/SurfaceFlinger( 1318): attribute vec4 texCoords;
05-13 04:24:26.393 E/SurfaceFlinger( 1318): varying vec2 outTexCoords;
05-13 04:24:26.393 E/SurfaceFlinger( 1318): attribute vec4 position;
05-13 04:24:26.393 E/SurfaceFlinger( 1318): uniform mat4 projection;
05-13 04:24:26.393 E/SurfaceFlinger( 1318): uniform mat4 texture;
05-13 04:24:26.393 E/SurfaceFlinger( 1318): void main(void) {
05-13 04:24:26.393 E/SurfaceFlinger( 1318):     gl_Position = projection * position;
05-13 04:24:26.393 E/SurfaceFlinger( 1318):     outTexCoords = (texture * texCoords).st;
05-13 04:24:26.393 E/SurfaceFlinger( 1318): }
05-13 04:24:26.393 E/SurfaceFlinger( 1318): 
05-13 04:24:26.393 E/SurfaceFlinger( 1318): öÿÿÿÿÿÿÿŸqå3(w
05-13 04:24:26.393 E/SurfaceFlinger( 1318): Error while compiling shader: 
05-13 04:24:26.393 E/SurfaceFlinger( 1318): precision mediump float;
05-13 04:24:26.393 E/SurfaceFlinger( 1318): uniform sampler2D sampler;
05-13 04:24:26.393 E/SurfaceFlinger( 1318): varying vec2 outTexCoords;
05-13 04:24:26.393 E/SurfaceFlinger( 1318): void main(void) {
05-13 04:24:26.393 E/SurfaceFlinger( 1318):     gl_FragColor = texture2D(sampler, outTexCoords);
05-13 04:24:26.393 E/SurfaceFlinger( 1318):     gl_FragColor.a = 1.0;
05-13 04:24:26.393 E/SurfaceFlinger( 1318): }
05-13 04:24:26.393 E/SurfaceFlinger( 1318): 
05-13 04:24:26.393 E/SurfaceFlinger( 1318): öÿÿÿÿÿÿÿŸqå3(w
05-13 04:24:26.393 E/SurfaceFlinger( 1318): Error while linking shaders:
05-13 04:24:26.393 E/SurfaceFlinger( 1318): Error while compiling shader: 
05-13 04:24:26.393 E/SurfaceFlinger( 1318): attribute vec4 texCoords;
05-13 04:24:26.393 E/SurfaceFlinger( 1318): varying vec2 outTexCoords;
05-13 04:24:26.393 E/SurfaceFlinger( 1318): attribute vec4 position;
05-13 04:24:26.393 E/SurfaceFlinger( 1318): uniform mat4 projection;
05-13 04:24:26.393 E/SurfaceFlinger( 1318): uniform mat4 texture;
05-13 04:24:26.393 E/SurfaceFlinger( 1318): void main(void) {
05-13 04:24:26.393 E/SurfaceFlinger( 1318):     gl_Position = projection * position;
05-13 04:24:26.393 E/SurfaceFlinger( 1318):     outTexCoords = (texture * texCoords).st;
05-13 04:24:26.393 E/SurfaceFlinger( 1318): }
05-13 04:24:26.393 E/SurfaceFlinger( 1318): 
05-13 04:24:26.393 E/SurfaceFlinger( 1318): öÿÿÿÿÿÿÿŸqå3(w
05-13 04:24:26.393 E/SurfaceFlinger( 1318): Error while compiling shader: 
05-13 04:24:26.393 E/SurfaceFlinger( 1318): precision mediump float;
05-13 04:24:26.393 E/SurfaceFlinger( 1318): uniform sampler2D sampler;
05-13 04:24:26.393 E/SurfaceFlinger( 1318): varying vec2 outTexCoords;
05-13 04:24:26.393 E/SurfaceFlinger( 1318): uniform float alphaPlane;
05-13 04:24:26.393 E/SurfaceFlinger( 1318): void main(void) {
05-13 04:24:26.393 E/SurfaceFlinger( 1318):     gl_FragColor = texture2D(sampler, outTexCoords);
05-13 04:24:26.393 E/SurfaceFlinger( 1318):     gl_FragColor.a *= alphaPlane;
05-13 04:24:26.393 E/SurfaceFlinger( 1318): }
05-13 04:24:26.393 E/SurfaceFlinger( 1318): 
05-13 04:24:26.393 E/SurfaceFlinger( 1318): öÿÿÿÿÿÿÿŸqå3(w
05-13 04:24:26.393 E/SurfaceFlinger( 1318): Error while linking shaders:
05-13 04:24:26.393 E/SurfaceFlinger( 1318): Error while compiling shader: 
05-13 04:24:26.393 E/SurfaceFlinger( 1318): attribute vec4 texCoords;
05-13 04:24:26.393 E/SurfaceFlinger( 1318): varying vec2 outTexCoords;
05-13 04:24:26.393 E/SurfaceFlinger( 1318): attribute vec4 position;
05-13 04:24:26.393 E/SurfaceFlinger( 1318): uniform mat4 projection;
05-13 04:24:26.393 E/SurfaceFlinger( 1318): uniform mat4 texture;
05-13 04:24:26.393 E/SurfaceFlinger( 1318): void main(void) {
05-13 04:24:26.393 E/SurfaceFlinger( 1318):     gl_Position = projection * position;
05-13 04:24:26.393 E/SurfaceFlinger( 1318):     outTexCoords = (texture * texCoords).st;
05-13 04:24:26.393 E/SurfaceFlinger( 1318): }
05-13 04:24:26.393 E/SurfaceFlinger( 1318): 
05-13 04:24:26.393 E/SurfaceFlinger( 1318): öÿÿÿÿÿÿÿŸqå3(w
05-13 04:24:26.393 E/SurfaceFlinger( 1318): Error while compiling shader: 
05-13 04:24:26.393 E/SurfaceFlinger( 1318): precision mediump float;
05-13 04:24:26.393 E/SurfaceFlinger( 1318): uniform sampler2D sampler;
05-13 04:24:26.393 E/SurfaceFlinger( 1318): varying vec2 outTexCoords;
05-13 04:24:26.393 E/SurfaceFlinger( 1318): uniform float alphaPlane;
05-13 04:24:26.393 E/SurfaceFlinger( 1318): void main(void) {
05-13 04:24:26.393 E/SurfaceFlinger( 1318):     gl_FragColor = texture2D(sampler, outTexCoords);
05-13 04:24:26.393 E/SurfaceFlinger( 1318):     gl_FragColor *= alphaPlane;
05-13 04:24:26.393 E/SurfaceFlinger( 1318): }
05-13 04:24:26.393 E/SurfaceFlinger( 1318): 
05-13 04:24:26.393 E/SurfaceFlinger( 1318): öÿÿÿÿÿÿÿŸqå3(w
05-13 04:24:26.393 E/SurfaceFlinger( 1318): Error while linking shaders:
05-13 04:24:26.393 E/SurfaceFlinger( 1318): Error while compiling shader: 
05-13 04:24:26.393 E/SurfaceFlinger( 1318): attribute vec4 texCoords;
05-13 04:24:26.393 E/SurfaceFlinger( 1318): varying vec2 outTexCoords;
05-13 04:24:26.393 E/SurfaceFlinger( 1318): attribute vec4 position;
05-13 04:24:26.393 E/SurfaceFlinger( 1318): uniform mat4 projection;
05-13 04:24:26.393 E/SurfaceFlinger( 1318): uniform mat4 texture;
05-13 04:24:26.393 E/SurfaceFlinger( 1318): void main(void) {
05-13 04:24:26.393 E/SurfaceFlinger( 1318):     gl_Position = projection * position;
05-13 04:24:26.393 E/SurfaceFlinger( 1318):     outTexCoords = (texture * texCoords).st;
05-13 04:24:26.393 E/SurfaceFlinger( 1318): }
05-13 04:24:26.393 E/SurfaceFlinger( 1318): 
05-13 04:24:26.393 E/SurfaceFlinger( 1318): öÿÿÿÿÿÿÿŸqå3(w
05-13 04:24:26.393 E/SurfaceFlinger( 1318): Error while compiling shader: 
05-13 04:24:26.393 E/SurfaceFlinger( 1318): precision mediump float;
05-13 04:24:26.393 E/SurfaceFlinger( 1318): uniform sampler2D sampler;
05-13 04:24:26.393 E/SurfaceFlinger( 1318): varying vec2 outTexCoords;
05-13 04:24:26.393 E/SurfaceFlinger( 1318): uniform float alphaPlane;
05-13 04:24:26.393 E/SurfaceFlinger( 1318): void main(void) {
05-13 04:24:26.393 E/SurfaceFlinger( 1318):     gl_FragColor = texture2D(sampler, outTexCoords);
05-13 04:24:26.393 E/SurfaceFlinger( 1318):     gl_FragColor.a = 1.0;
05-13 04:24:26.393 E/SurfaceFlinger( 1318):     gl_FragColor.a *= alphaPlane;
05-13 04:24:26.393 E/SurfaceFlinger( 1318): }
05-13 04:24:26.393 E/SurfaceFlinger( 1318): 
05-13 04:24:26.393 E/SurfaceFlinger( 1318): öÿÿÿÿÿÿÿŸqå3(w
05-13 04:24:26.394 E/SurfaceFlinger( 1318): Error while linking shaders:
05-13 04:24:26.394 E/SurfaceFlinger( 1318): Error while compiling shader: 
05-13 04:24:26.394 E/SurfaceFlinger( 1318): attribute vec4 texCoords;
05-13 04:24:26.394 E/SurfaceFlinger( 1318): varying vec2 outTexCoords;
05-13 04:24:26.394 E/SurfaceFlinger( 1318): attribute vec4 position;
05-13 04:24:26.394 E/SurfaceFlinger( 1318): uniform mat4 projection;
05-13 04:24:26.394 E/SurfaceFlinger( 1318): uniform mat4 texture;
05-13 04:24:26.394 E/SurfaceFlinger( 1318): void main(void) {
05-13 04:24:26.394 E/SurfaceFlinger( 1318):     gl_Position = projection * position;
05-13 04:24:26.394 E/SurfaceFlinger( 1318):     outTexCoords = (texture * texCoords).st;
05-13 04:24:26.394 E/SurfaceFlinger( 1318): }
05-13 04:24:26.394 E/SurfaceFlinger( 1318): 
05-13 04:24:26.394 E/SurfaceFlinger( 1318): öÿÿÿÿÿÿÿŸqå3(w
05-13 04:24:26.394 E/SurfaceFlinger( 1318): Error while compiling shader: 
05-13 04:24:26.394 E/SurfaceFlinger( 1318): precision mediump float;
05-13 04:24:26.394 E/SurfaceFlinger( 1318): uniform sampler2D sampler;
05-13 04:24:26.394 E/SurfaceFlinger( 1318): varying vec2 outTexCoords;
05-13 04:24:26.394 E/SurfaceFlinger( 1318): uniform float alphaPlane;
05-13 04:24:26.394 E/SurfaceFlinger( 1318): void main(void) {
05-13 04:24:26.394 E/SurfaceFlinger( 1318):     gl_FragColor = texture2D(sampler, outTexCoords);
05-13 04:24:26.394 E/SurfaceFlinger( 1318):     gl_FragColor.a = 1.0;
05-13 04:24:26.394 E/SurfaceFlinger( 1318):     gl_FragColor *= alphaPlane;
05-13 04:24:26.394 E/SurfaceFlinger( 1318): }
05-13 04:24:26.394 E/SurfaceFlinger( 1318): 
05-13 04:24:26.394 E/SurfaceFlinger( 1318): öÿÿÿÿÿÿÿŸqå3(w
05-13 04:24:26.394 E/SurfaceFlinger( 1318): Error while linking shaders:
05-13 04:24:26.410 D/SurfaceFlinger( 1318): shader cache generated - 24 shaders in 26.830376 ms
05-13 04:24:26.438 V/MediaUtils( 1330): physMem: 1043894272
05-13 04:24:26.438 V/MediaUtils( 1330): requested limit: 208778840
05-13 04:24:26.438 V/MediaUtils( 1330): actual limit: 208778840
05-13 04:24:26.439 V/MediaUtils( 1330): original limits: 4294967295/4294967295
05-13 04:24:26.439 V/MediaUtils( 1330): new limits: 208778840/4294967295
05-13 04:24:26.502 W//system/bin/mediaextractor( 1330): libminijail: allowing syscall: socketcall
05-13 04:24:26.502 W//system/bin/mediaextractor( 1330): libminijail: allowing syscall: writev
05-13 04:24:26.502 W//system/bin/mediaextractor( 1330): libminijail: allowing syscall: fcntl64
05-13 04:24:26.503 W//system/bin/mediaextractor( 1330): libminijail: allowing syscall: clock_gettime
05-13 04:24:26.513 W//system/bin/mediaextractor( 1330): libminijail: logging seccomp filter failures
05-13 04:24:26.544 D/SurfaceFlinger( 1318): Set power mode=2, type=0 flinger=0x772833647000
05-13 04:24:26.848 I/mediaserver( 1329): ServiceManager: 0xea23c0a0
05-13 04:24:27.015 I/mediaserver( 1331): ServiceManager: 0xeb9bc0a0
05-13 04:24:27.032 W/BatteryNotifier( 1331): batterystats service unavailable!
05-13 04:24:27.135 I/cameraserver( 1324): ServiceManager: 0xeaf3c020
05-13 04:24:27.140 I/CameraService( 1324): CameraService started (pid=1324)
05-13 04:24:27.140 I/CameraService( 1324): CameraService process starting
05-13 04:24:27.142 W/BatteryNotifier( 1324): batterystats service unavailable!
05-13 04:24:27.143 W/BatteryNotifier( 1324): batterystats service unavailable!
05-13 04:24:27.227 I/        ( 1323): sMaxFastTracks = 8
05-13 04:24:27.244 I/audioserver( 1323): ServiceManager: 0xf273c020
05-13 04:24:27.246 W/BatteryNotifier( 1323): batterystats service unavailable!
05-13 04:24:27.247 I/AudioFlinger( 1323): Using default 3000 mSec as standby time.
05-13 04:24:27.262 I/AudioPolicyService( 1323): AudioPolicyService CSTOR in new mode
05-13 04:24:26.990 W/bootanimation( 1775): type=1400 audit(0.0:9): avc: denied { getattr } for path="/vendor" dev="rootfs" ino=3995 scontext=u:r:bootanim:s0 tcontext=u:object_r:rootfs:s0 tclass=lnk_file permissive=0
