05-13 04:26:21.747 I/SystemServer( 2198): StartWindowManagerService
05-13 04:26:22.889 I/WindowManager( 2198): No existing display settings /data/system/display_settings.xml; starting empty
05-13 04:26:23.524 I/SystemServer( 2198): StartVrManagerService
05-13 04:26:23.525 I/SystemServiceManager( 2198): Starting com.android.server.vr.VrManagerService
05-13 04:26:23.584 W/VrManagerService( 2198): init_native: Could not open VR hardware module, error No such file or directory (-2).
05-13 04:26:23.621 I/InputManager( 2198): Starting input manager
05-13 04:26:23.717 D/EventHub( 2198): No input device configuration file found for device 'Power Button'.
05-13 04:26:23.719 I/SystemServer( 2198): No Bluetooth Service (emulator)
05-13 04:26:23.719 I/SystemServer( 2198): ConnectivityMetricsLoggerService
05-13 04:26:23.721 I/SystemServiceManager( 2198): Starting com.android.server.connectivity.MetricsLoggerService
05-13 04:26:24.505 I/SystemServer( 2198): IpConnectivityMetrics
05-13 04:26:24.561 W/EventHub( 2198): Unable to disable kernel key repeat for /dev/input/event0: Function not implemented
05-13 04:26:24.561 I/EventHub( 2198): New device: id=1, fd=91, path='/dev/input/event0', name='Power Button', classes=0x1, configuration='', keyLayout='/system/usr/keylayout/Generic.kl', keyCharacterMap='/system/usr/keychars/Generic.kcm', builtinKeyboard=false, wakeMechanism=EPOLLWAKEUP, usingClockIoctl=true
05-13 04:26:24.644 W/EventHub( 2198): Unable to disable kernel key repeat for /dev/input/event1: Function not implemented
05-13 04:26:24.644 I/EventHub( 2198): New device: id=2, fd=92, path='/dev/input/event1', name='qwerty2', classes=0x95, configuration='/system/usr/idc/qwerty2.idc', keyLayout='/system/usr/keylayout/qwerty.kl', keyCharacterMap='/system/usr/keychars/qwerty2.kcm', builtinKeyboard=true, wakeMechanism=EPOLLWAKEUP, usingClockIoctl=true
05-13 04:26:24.645 E/EventHub( 2198): could not get driver version for /dev/input/mice, Not a typewriter
05-13 04:26:24.648 I/SystemServiceManager( 2198): Starting com.android.server.connectivity.IpConnectivityMetrics
05-13 04:26:24.662 I/SystemServer( 2198): PinnerService
05-13 04:26:24.663 I/SystemServiceManager( 2198): Starting com.android.server.PinnerService
05-13 04:26:24.666 I/SystemServiceManager( 2198): Starting com.android.server.InputMethodManagerService$Lifecycle
05-13 04:26:24.791 I/InputReader( 2198): Device added: id=-1, name='Virtual', sources=0x00000301
05-13 04:26:24.797 I/InputReader( 2198):   Touch device 'qwerty2' could not query the properties of its associated display.  The device will be inoperable until the display size becomes available.
05-13 04:26:24.797 I/InputReader( 2198): Device added: id=0, name='qwerty2', sources=0x80001103
05-13 04:26:24.798 I/InputReader( 2198): Device added: id=1, name='Power Button', sources=0x00000101
05-13 04:26:25.922 I/SystemServer( 2198): StartAccessibilityManagerService
05-13 04:26:26.006 I/ActivityManager( 2198): Config changes=1df8 {1.0 ?mcc?mnc [en_US] ldltr sw360dp w360dp h640dp 480dpi nrml long port ?uimode ?night -touch -keyb/v/h -nav/h s.2}
05-13 04:26:26.058 I/ActivityManager( 2198): Config changes=500 {1.0 ?mcc?mnc [en_US] ldltr sw360dp w360dp h568dp 480dpi nrml port ?uimode ?night -touch -keyb/v/h -nav/h s.3}
05-13 04:26:26.262 I/ActivityManager( 2198): Config changes=8 {1.0 ?mcc?mnc [en_US] ldltr sw360dp w360dp h568dp 480dpi nrml port ?uimode ?night finger -keyb/v/h -nav/h s.4}
05-13 04:26:26.403 I/InputReader( 2198): Reconfiguring input devices.  changes=0x00000004
05-13 04:26:26.403 I/InputReader( 2198): Device reconfigured: id=0, name='qwerty2', size 1080x1920, orientation 0, mode 1, display id 0
05-13 04:26:26.412 I/InputReader( 2198): Reconfiguring input devices.  changes=0x00000004
05-13 04:26:26.445 I/SystemServiceManager( 2198): Starting com.android.server.MountService$Lifecycle
05-13 04:26:26.564 I/SystemServiceManager( 2198): Starting com.android.server.UiModeManagerService
05-13 04:26:26.651 I/ActivityManager( 2198): Config changes=200 {1.0 ?mcc?mnc [en_US] ldltr sw360dp w360dp h568dp 480dpi nrml port finger -keyb/v/h -nav/h s.5}
05-13 04:26:26.653 D/MountService( 2198): Thinking about init, mSystemReady=false, mDaemonConnected=true
05-13 04:26:26.653 D/MountService( 2198): Thinking about reset, mSystemReady=false, mDaemonConnected=true
05-13 04:26:26.672 D/MountService( 2198): Thinking about init, mSystemReady=false, mDaemonConnected=true
05-13 04:26:26.673 D/MountService( 2198): Thinking about reset, mSystemReady=false, mDaemonConnected=true
05-13 04:26:26.675 D/CryptdConnector( 2198): SND -> {1 cryptfs getfield SystemLocale}
05-13 04:26:26.712 D/CryptdConnector( 2198): RCV <- {200 1 -1}
05-13 04:26:26.782 W/MountService( 2198): No primary storage mounted!
05-13 04:26:26.783 D/VoldConnector( 2198): SND -> {1 asec list}
05-13 04:26:26.798 W/PackageManager( 2198): No disk maintenance in 4234652797; running immediately
05-13 04:26:26.798 I/SystemServer( 2198): StartLockSettingsService
05-13 04:26:26.801 I/SystemServiceManager( 2198): Starting com.android.server.LockSettingsService$Lifecycle
05-13 04:26:26.812 D/VoldConnector( 2198): RCV <- {200 1 asec operation succeeded}
05-13 04:26:26.813 I/PackageManager( 2198): No secure containers found
05-13 04:26:26.816 W/PackageManager( 2198): Unknown permission com.google.android.googleapps.permission.GOOGLE_AUTH in package com.android.providers.calendar
05-13 04:26:26.816 W/PackageManager( 2198): Unknown permission com.google.android.googleapps.permission.GOOGLE_AUTH.cl in package com.android.providers.calendar
05-13 04:26:26.817 W/PackageManager( 2198): Not granting permission android.permission.GLOBAL_SEARCH to package com.android.quicksearchbox (protectionLevel=18 flags=0x3808be45)
05-13 04:26:26.818 W/PackageManager( 2198): Not granting permission android.permission.WRITE_EXTERNAL_STORAGE to package gov.nasa.arc.astrobee.android.gs.manager because it was previously installed without
05-13 04:26:26.818 W/PackageManager( 2198): Not granting permission android.permission.READ_EXTERNAL_STORAGE to package gov.nasa.arc.astrobee.android.gs.manager because it was previously installed without
05-13 04:26:26.819 W/PackageManager( 2198): Unknown permission com.android.launcher.permission.READ_SETTINGS in package com.android.launcher3
05-13 04:26:26.819 W/PackageManager( 2198): Unknown permission com.android.launcher.permission.WRITE_SETTINGS in package com.android.launcher3
05-13 04:26:26.819 W/PackageManager( 2198): Not granting permission android.permission.BIND_APPWIDGET to package com.android.launcher3 (protectionLevel=18 flags=0x3c4bbe45)
05-13 04:26:26.819 W/PackageManager( 2198): Unknown permission com.google.android.googleapps.permission.GOOGLE_AUTH.mail in package com.android.calendar
05-13 04:26:26.833 W/PackageManager( 2198): Unknown permission com.google.android.providers.settings.permission.WRITE_GSETTINGS in package com.android.sdksetup
05-13 04:26:26.843 W/PackageManager( 2198): Unknown permission com.google.android.permission.INSTALL_WEARABLE_PACKAGES in package com.android.packageinstaller
05-13 04:26:26.843 W/PackageManager( 2198): Not granting permission android.permission.DELETE_PACKAGES to package com.svox.pico (protectionLevel=18 flags=0x3808be45)
05-13 04:26:26.843 W/PackageManager( 2198): Not granting permission android.permission.READ_CONTACTS to package com.example.android.apis because it was previously installed without
05-13 04:26:26.843 W/PackageManager( 2198): Not granting permission android.permission.WRITE_CONTACTS to package com.example.android.apis because it was previously installed without
05-13 04:26:26.843 W/PackageManager( 2198): Not granting permission android.permission.ACCESS_COARSE_LOCATION to package com.example.android.apis because it was previously installed without
05-13 04:26:26.843 W/PackageManager( 2198): Not granting permission android.permission.WRITE_EXTERNAL_STORAGE to package com.example.android.apis because it was previously installed without
05-13 04:26:26.844 W/PackageManager( 2198): Not granting permission android.permission.SEND_SMS to package com.example.android.apis because it was previously installed without
05-13 04:26:26.844 W/PackageManager( 2198): Not granting permission android.permission.RECEIVE_SMS to package com.example.android.apis because it was previously installed without
05-13 04:26:26.844 W/PackageManager( 2198): Not granting permission android.permission.RECEIVE_MMS to package com.example.android.apis because it was previously installed without
05-13 04:26:26.844 W/PackageManager( 2198): Not granting permission android.permission.READ_SMS to package com.example.android.apis because it was previously installed without
05-13 04:26:26.844 W/PackageManager( 2198): Not granting permission android.permission.READ_PHONE_STATE to package com.example.android.apis because it was previously installed without
05-13 04:26:26.844 W/PackageManager( 2198): Not granting permission android.permission.RECORD_AUDIO to package com.example.android.apis because it was previously installed without
05-13 04:26:26.844 W/PackageManager( 2198): Not granting permission android.permission.CAMERA to package com.example.android.apis because it was previously installed without
05-13 04:26:26.844 W/PackageManager( 2198): Not granting permission android.permission.READ_EXTERNAL_STORAGE to package com.example.android.apis because it was previously installed without
05-13 04:26:26.844 W/PackageManager( 2198): Unknown permission android.permission.RUN_INSTRUMENTATION in package org.chromium.webview_shell
05-13 04:26:26.845 W/PackageManager( 2198): Unknown permission com.google.android.googleapps.permission.GOOGLE_AUTH in package com.android.settings
05-13 04:26:26.845 W/PackageManager( 2198): Unknown permission com.android.launcher.permission.READ_SETTINGS in package com.android.settings
05-13 04:26:26.856 W/PackageManager( 2198): Unknown permission com.android.launcher.permission.WRITE_SETTINGS in package com.android.settings
05-13 04:26:26.857 W/PackageManager( 2198): Unknown permission com.android.smspush.WAPPUSH_MANAGER_BIND in package com.android.phone
05-13 04:26:26.868 I/SystemServiceManager( 2198): Starting com.android.server.DeviceIdleController
05-13 04:26:26.881 W/PackageManager( 2198): Unknown permission com.google.android.googleapps.permission.ACCESS_GOOGLE_PASSWORD in package com.android.development
05-13 04:26:26.881 W/PackageManager( 2198): Unknown permission com.google.android.googleapps.permission.GOOGLE_AUTH in package com.android.development
05-13 04:26:26.881 W/PackageManager( 2198): Unknown permission com.google.android.googleapps.permission.GOOGLE_AUTH.ALL_SERVICES in package com.android.development
05-13 04:26:26.882 W/PackageManager( 2198): Unknown permission com.google.android.googleapps.permission.GOOGLE_AUTH.YouTubeUser in package com.android.development
05-13 04:26:26.882 W/PackageManager( 2198): Not granting permission android.permission.BIND_APPWIDGET to package com.android.widgetpreview (protectionLevel=18 flags=0x3808be44)
05-13 04:26:27.463 W/art     ( 2198): Long monitor contention with owner MountService (2337) at void com.android.server.pm.PackageManagerService.loadMediaPackages(android.util.ArrayMap, int[], boolean)(PackageManagerService.java:19317) waiters=0 in android.content.pm.ApplicationInfo com.android.server.pm.PackageManagerService.getApplicationInfo(java.lang.String, int, int) for 545ms
05-13 04:26:27.551 W/MountService( 2198): No primary storage defined yet; hacking together a stub
05-13 04:26:27.554 W/MountService( 2198): No primary storage defined yet; hacking together a stub
05-13 04:26:27.557 W/MountService( 2198): No primary storage mounted!
05-13 04:26:27.558 D/VoldConnector( 2198): SND -> {2 asec list}
05-13 04:26:27.561 I/SystemServiceManager( 2198): Starting com.android.server.devicepolicy.DevicePolicyManagerService$Lifecycle
05-13 04:26:27.570 D/VoldConnector( 2198): RCV <- {200 2 asec operation succeeded}
05-13 04:26:27.581 I/MountService( 2198): Running fstrim idle maintenance
05-13 04:26:27.583 D/VoldConnector( 2198): SND -> {3 fstrim dotrim}
05-13 04:26:27.589 D/VoldConnector( 2198): RCV <- {200 3 Command succeeded}
05-13 04:26:27.604 D/vold    ( 1268): Starting trim of /cache
05-13 04:26:27.605 W/vold    ( 1268): Trim failed on /cache: Operation not supported on transport endpoint
05-13 04:26:27.606 D/vold    ( 1268): Starting trim of /data
05-13 04:26:27.606 W/vold    ( 1268): Trim failed on /data: Operation not supported on transport endpoint
05-13 04:26:27.611 D/VoldConnector( 2198): RCV <- {662 /cache -1 -1}
05-13 04:26:27.620 D/VoldConnector( 2198): RCV <- {662 /data -1 -1}
05-13 04:26:27.622 E/VoldConnector( 2198): Error handling '662 /cache -1 -1': java.lang.NullPointerException: Attempt to invoke virtual method 'void android.os.DropBoxManager.addText(java.lang.String, java.lang.String)' on a null object reference
05-13 04:26:27.625 E/VoldConnector( 2198): Error handling '662 /data -1 -1': java.lang.NullPointerException: Attempt to invoke virtual method 'void android.os.DropBoxManager.addText(java.lang.String, java.lang.String)' on a null object reference
05-13 04:26:27.717 I/SystemServer( 2198): StartStatusBarManagerService
05-13 04:26:27.833 I/SystemServer( 2198): StartClipboardService
05-13 04:26:27.863 I/SystemServer( 2198): StartNetworkManagementService
05-13 04:26:28.104 I/NetworkManagement( 2198): onDaemonConnected()
05-13 04:26:28.215 I/SystemServiceManager( 2198): Starting com.android.server.TextServicesManagerService$Lifecycle
05-13 04:26:28.245 I/SystemServer( 2198): StartNetworkScoreService
05-13 04:26:28.273 I/SystemServer( 2198): StartNetworkStatsService
05-13 04:26:28.295 W/UsageStatsService( 2198): User[0] Some stats have no latest available
05-13 04:26:28.384 I/SystemServer( 2198): StartNetworkPolicyManagerService
05-13 04:26:28.480 I/SystemServer( 2198): No Wi-Fi NAN Service (NAN support Not Present)
05-13 04:26:28.675 I/UsageStatsService( 2198): User[0] Rollover scheduled @ 2021-05-14 04:26:26(1620966386446)
05-13 04:26:29.086 W/art     ( 2198): Verification of void com.android.server.wifi.p2p.WifiP2pService.<init>(android.content.Context) took 344.192ms
05-13 04:26:29.089 I/SystemServiceManager( 2198): Starting com.android.server.wifi.p2p.WifiP2pService
05-13 04:26:29.142 W/art     ( 2198): Suspending all threads took: 47.104ms
05-13 04:26:29.371 I/art     ( 2198): Background sticky concurrent mark sweep GC freed 34736(2MB) AllocSpace objects, 20(400KB) LOS objects, 26% free, 8MB/10MB, paused 115.472ms total 752.337ms
05-13 04:26:29.826 I/WifiP2pService( 2198): Registering wifip2p
05-13 04:26:29.862 I/SystemServiceManager( 2198): Starting com.android.server.wifi.WifiService
05-13 04:26:30.568 D/HS20    ( 2198): Passpoint is disabled
05-13 04:26:30.763 D/CommandListener( 1332): Clearing all IP addresses on wlan0
05-13 04:26:30.965 D/WifiApConfigStore( 2198): 2G band allowed channels are:1,6,11
05-13 04:26:30.972 E/WifiLogger( 2198): no ring buffers found
05-13 04:26:30.972 E/WifiLogger( 2198): Failed to start packet fate monitoring
05-13 04:26:31.012 D/WifiController( 2198): isAirplaneModeOn = true, isWifiEnabled = false, isScanningAvailable = false
05-13 04:26:31.018 I/WifiService( 2198): Registering wifi
05-13 04:26:31.042 I/SystemServiceManager( 2198): Starting com.android.server.wifi.scanner.WifiScanningService
05-13 04:26:31.043 I/WifiScanningService( 2198): Creating wifiscanner
05-13 04:26:31.061 I/WifiScanningService( 2198): Publishing wifiscanner
05-13 04:26:31.065 I/SystemServiceManager( 2198): Starting com.android.server.wifi.RttService
05-13 04:26:31.067 I/RttService( 2198): Creating rttmanager
05-13 04:26:31.070 I/RttService( 2198): Starting rttmanager
05-13 04:26:31.144 I/SystemServer( 2198): StartConnectivityService
05-13 04:26:31.192 D/ConnectivityService( 2198): ConnectivityService starting up
05-13 04:26:31.217 D/ConnectivityService( 2198): wifiOnly=false
05-13 04:26:31.621 I/SystemServer( 2198): StartNsdService
05-13 04:26:31.720 I/SystemServer( 2198): StartUpdateLockService
05-13 04:26:31.742 I/SystemServiceManager( 2198): Starting com.android.server.RecoverySystemService
05-13 04:26:31.751 I/SystemServiceManager( 2198): Starting com.android.server.notification.NotificationManagerService
05-13 04:26:31.903 D/ConditionProviders.SCP( 2198): new ScheduleConditionProvider()
05-13 04:26:31.934 D/ZenLog  ( 2198): config: readXml,ZenModeConfig[user=0,allowCalls=true,allowRepeatCallers=false,allowMessages=false,allowCallsFrom=contacts,allowMessagesFrom=contacts,allowReminders=true,allowEvents=true,allowWhenScreenOff=true,allowWhenScreenOn=true,automaticRules={370bd6672ef541ba946db9ac4aef0faf=ZenRule[enabled=false,snoozing=false,name=Weeknight,zenMode=ZEN_MODE_ALARMS,conditionId=condition://android/schedule?days=1.2.3.4.5&start=22.0&end=7.0&exitAtAlarm=false,condition=Condition[id=condition://android/schedule?days=1.2.3.4.5&start=22.0&end=7.0&exitAtAlarm=false,summary=...,line1=...,line2=...,icon=0,state=STATE_FALSE,flags=2],component=ComponentInfo{android/com.android.server.notification.ScheduleConditionProvider},id=370bd6672ef541ba946db9ac4aef0faf,creationTime=1590622727817,enabler=null], a53ffdf89c814123a52adbdd46bc948d=ZenRule[enabled=false,snoozing=false,name=Weekend,zenMode=ZEN_MODE_ALARMS,conditionId=condition://android/schedule?days=6.7&start=23.30&end=10.0&exitAtAlarm=false,condition=Condition[id=condition://android/schedule?days=6.7&start=23.30&end=10.0&exitAtAlarm=false,summary=...,line1=...,line2=...,icon=0,state=STATE_FALSE,flags=2],component=ComponentInfo{android/com.android.server.notification.ScheduleConditionProvider},id=a53ffdf89c814123a52adbdd46bc948d,creationTime=1590622727818,enabler=null], fc8bb1aacabb4877a1d1d167106f6e77=ZenRule[enabled=false,snoozing=false,name=Event,zenMode=ZEN_MODE_ALARMS,conditionId=condition://android/event?userId=-10000&calendar=&reply=1,condition=Condition[id=condition://android/event?userId=-10000&calendar=&reply=1,summary=...,line1=...,line2=...,icon=0,state=STATE_FALSE,flags=2],component=ComponentInfo{android/com.android.server.notification.EventConditionProvider},id=fc8bb1aacabb4877a1d1d167106f6e77,creationTime=1590622727822,enabler=null]},manualRule=null],Diff[automaticRule[050817376b3a4793a2f86847a30b0f12]:delete,automaticRule[370bd6672ef541ba946db9ac4aef0faf]:insert,automaticRule[467dd813512540b1bedb8c16a5a2784f]:delete,automaticRule[a53ffdf89c814123a52adbdd46bc948d]:insert,automaticRule[0b9e28bef1d94cd0be83dee7540898eb]:delete,automaticRule[fc8bb1aacabb4877a1d1d167106f6e77]:insert]
05-13 04:26:32.081 D/ZenLog  ( 2198): set_zen_mode: off,init
05-13 04:26:32.104 I/SystemServiceManager( 2198): Starting com.android.server.storage.DeviceStorageMonitorService
05-13 04:26:32.134 I/SystemServer( 2198): StartLocationManagerService
05-13 04:26:32.216 I/SystemServer( 2198): StartCountryDetectorService
05-13 04:26:32.223 I/SystemServer( 2198): StartSearchManagerService
05-13 04:26:32.223 I/SystemServiceManager( 2198): Starting com.android.server.search.SearchManagerService$Lifecycle
05-13 04:26:32.236 I/SystemServiceManager( 2198): Starting com.android.server.DropBoxManagerService
05-13 04:26:32.253 I/SystemServer( 2198): StartWallpaperManagerService
05-13 04:26:32.254 I/SystemServiceManager( 2198): Starting com.android.server.wallpaper.WallpaperManagerService$Lifecycle
05-13 04:26:32.273 E/BitmapFactory( 2198): Unable to decode stream: java.io.FileNotFoundException: /data/system/users/0/wallpaper_orig (No such file or directory)
05-13 04:26:32.273 E/WallpaperManagerService( 2198): Invalid wallpaper data
05-13 04:26:32.273 E/WallpaperManagerService( 2198): Unable to apply new wallpaper
05-13 04:26:32.284 I/SystemServer( 2198): StartAudioService
05-13 04:26:32.284 I/SystemServiceManager( 2198): Starting com.android.server.audio.AudioService$Lifecycle
05-13 04:26:32.431 W/TelecomManager( 2198): Telecom Service not found.
05-13 04:26:32.460 D/PermissionCache( 1323): checking android.permission.MODIFY_AUDIO_SETTINGS for uid=1000 => granted (14006 us)
05-13 04:26:32.522 D/PermissionCache( 1323): checking android.permission.MODIFY_AUDIO_SETTINGS for uid=1000 => granted (20166 us)
05-13 04:26:32.546 W/AudioFlinger( 1323): no wake lock to update, system not ready yet
05-13 04:26:32.825 I/SystemServiceManager( 2198): Starting com.android.server.DockObserver
05-13 04:26:32.827 W/DockObserver( 2198): This kernel does not have dock station support
05-13 04:26:32.891 I/SystemServer( 2198): StartWiredAccessoryManager
05-13 04:26:32.895 W/WiredAccessoryManager( 2198): This kernel does not have usb audio support
05-13 04:26:32.896 W/WiredAccessoryManager( 2198): This kernel does not have HDMI audio support
05-13 04:26:32.896 I/SystemServiceManager( 2198): Starting com.android.server.midi.MidiService$Lifecycle
05-13 04:26:32.912 I/SystemServiceManager( 2198): Starting com.android.server.usb.UsbService$Lifecycle
05-13 04:26:33.124 I/SystemServer( 2198): StartSerialService
05-13 04:26:33.128 E/HardwarePropertiesManagerService-JNI( 2198): Couldn't load thermal module (No such file or directory)
05-13 04:26:33.133 I/SystemServiceManager( 2198): Starting com.android.server.twilight.TwilightService
05-13 04:26:33.135 I/SystemServiceManager( 2198): Starting com.android.server.job.JobSchedulerService
05-13 04:26:33.200 I/SystemServiceManager( 2198): Starting com.android.server.soundtrigger.SoundTriggerService
05-13 04:26:33.212 I/SystemServiceManager( 2198): Starting com.android.server.backup.BackupManagerService$Lifecycle
05-13 04:26:33.223 I/SystemServiceManager( 2198): Starting com.android.server.appwidget.AppWidgetService
05-13 04:26:33.357 I/SystemServiceManager( 2198): Starting com.android.server.voiceinteraction.VoiceInteractionManagerService
05-13 04:26:33.394 I/SystemServer( 2198): Gesture Launcher Service
05-13 04:26:33.394 I/SystemServiceManager( 2198): Starting com.android.server.GestureLauncherService
05-13 04:26:33.396 I/SystemServiceManager( 2198): Starting com.android.server.SensorNotificationService
05-13 04:26:33.396 I/SystemServiceManager( 2198): Starting com.android.server.ContextHubSystemService
05-13 04:26:33.401 E/ContextHubService( 2198): ** Could not load context_hub module : err No such file or directory
05-13 04:26:33.402 W/ContextHubService( 2198): No Context Hub Module present
05-13 04:26:33.402 I/SystemServer( 2198): StartDiskStatsService
05-13 04:26:33.404 I/SystemServer( 2198): StartSamplingProfilerService
05-13 04:26:33.465 I/SystemServer( 2198): StartNetworkTimeUpdateService
05-13 04:26:33.480 I/SystemServer( 2198): StartCommonTimeManagementService
05-13 04:26:33.485 I/SystemServer( 2198): CertBlacklister
05-13 04:26:33.488 I/SystemServiceManager( 2198): Starting com.android.server.emergency.EmergencyAffordanceService
05-13 04:26:33.553 I/SystemServiceManager( 2198): Starting com.android.server.dreams.DreamManagerService
05-13 04:26:33.571 I/SystemServer( 2198): StartAssetAtlasService
05-13 04:26:33.593 I/SystemServiceManager( 2198): Starting com.android.server.print.PrintManagerService
05-13 04:26:33.621 I/SystemServiceManager( 2198): Starting com.android.server.restrictions.RestrictionsManagerService
05-13 04:26:33.628 I/SystemServiceManager( 2198): Starting com.android.server.media.MediaSessionService
05-13 04:26:33.638 D/AssetAtlas( 2198): Loaded configuration: SliceMinArea (1280x896) flags=0x2 count=91
05-13 04:26:33.688 I/SystemServer( 2198): StartMediaRouterService
05-13 04:26:33.711 I/SystemServiceManager( 2198): Starting com.android.server.trust.TrustManagerService
05-13 04:26:33.724 I/SystemServiceManager( 2198): Starting com.android.server.fingerprint.FingerprintService
05-13 04:26:33.809 D/gralloc_ranchu( 2198): Emulator without host-side GPU emulation detected. Loading gralloc.default.so from /vendor/lib64/hw/gralloc.goldfish.default.so...
05-13 04:26:33.834 D/gralloc_ranchu( 2198): gralloc.default.so not found in /vendor. Trying /system/lib64/hw/gralloc.goldfish.default.so...
05-13 04:26:33.912 D/PermissionCache( 1335): checking android.permission.MANAGE_FINGERPRINT for uid=1000 => granted (68249 us)
05-13 04:26:33.937 V/fingerprintd( 1335): nativeOpenHal()
05-13 04:26:34.087 D/FingerprintHal( 1335): ----------------> fingerprint_open ----------------->
05-13 04:26:34.089 E/fingerprintd( 1335): Wrong fp version. Expected 512, got 513
05-13 04:26:34.120 D/FingerprintHal( 1335): ----------------> listenerFunction ----------------->
05-13 04:26:34.132 D/FingerprintHal( 1335): ----------------> set_notify_callback ----------------->
05-13 04:26:34.155 W/AssetAtlasService( 2198): Could not find EGL configuration
05-13 04:26:34.158 D/AssetAtlas( 2198): Rendered atlas in 272.09ms (269.37+2.72ms)
05-13 04:26:34.162 D/FingerprintHal( 1335): fingerprint callback notification set
05-13 04:26:34.162 V/fingerprintd( 1335): fingerprint HAL successfully initialized
05-13 04:26:34.166 V/fingerprintd( 1335): setActiveGroup(0, /data/system/users/0/fpdata, 27)
05-13 04:26:34.166 D/FingerprintHal( 1335): ----------------> fingerprint_set_active_group -----------------> path /data/system/users/0/fpdata
05-13 04:26:34.166 D/FingerprintHal( 1335): ----------------> loadFingerprints ----------------->
05-13 04:26:34.171 E/FingerprintHal( 1335): Could not load fingerprints from storage at /data/system/users/0/fpdata/emufp.bin; it has not yet been created.
05-13 04:26:34.171 D/FingerprintHal( 1335): ----------------> loadAuthenticatorId ----------------->
05-13 04:26:34.182 I/art     ( 2198): Background partial concurrent mark sweep GC freed 18494(1408KB) AllocSpace objects, 5(100KB) LOS objects, 24% free, 12MB/16MB, paused 1.784ms total 303.642ms
05-13 04:26:34.184 D/FingerprintHal( 1335): Read authenticator id (0x6b8b4567327b23c6)
05-13 04:26:34.185 D/FingerprintHal( 1335): ----------------> fingerprint_get_auth_id ----------------->
05-13 04:26:34.185 D/FingerprintHal( 1335): ----------------> fingerprint_get_auth_id auth id 6b8b4567327b23c6----------------->
05-13 04:26:34.186 V/FingerprintService( 2198): Fingerprint HAL id: 129900873039872
05-13 04:26:34.188 I/SystemServer( 2198): StartBackgroundDexOptService
05-13 04:26:34.245 I/SystemServiceManager( 2198): Starting com.android.server.pm.ShortcutService$Lifecycle
05-13 04:26:34.267 I/SystemServiceManager( 2198): Starting com.android.server.pm.LauncherAppsService
05-13 04:26:34.282 I/SystemServiceManager( 2198): Starting com.android.server.media.projection.MediaProjectionManagerService
05-13 04:26:34.296 V/MediaRouter( 2198): Adding route: RouteInfo{ name=Phone, description=null, status=null, category=RouteCategory{ name=null types=ROUTE_TYPE_LIVE_AUDIO ROUTE_TYPE_LIVE_VIDEO  groupable=false }, supportedTypes=ROUTE_TYPE_LIVE_AUDIO ROUTE_TYPE_LIVE_VIDEO , presentationDisplay=null }
05-13 04:26:34.311 V/MediaRouter( 2198): Updating audio routes: AudioRoutesInfo{ type=SPEAKER }
05-13 04:26:34.316 V/MediaRouter( 2198): Selecting route: RouteInfo{ name=Phone, description=null, status=null, category=RouteCategory{ name=null types=ROUTE_TYPE_LIVE_AUDIO ROUTE_TYPE_LIVE_VIDEO  groupable=false }, supportedTypes=ROUTE_TYPE_LIVE_AUDIO ROUTE_TYPE_LIVE_VIDEO , presentationDisplay=null }
05-13 04:26:34.360 I/WindowManager( 2198): SAFE MODE not enabled
05-13 04:26:34.361 I/SystemServiceManager( 2198): Starting com.android.server.MmsServiceBroker
05-13 04:26:34.387 W/VibratorService( 2198): Tried to stop vibrating but there is no vibrator device.
05-13 04:26:35.047 E/LockSettingsStorage( 2198): Cannot read file java.io.FileNotFoundException: /data/system/gatekeeper.password.key: open failed: ENOENT (No such file or directory)
05-13 04:26:35.049 E/LockSettingsStorage( 2198): Cannot read file java.io.FileNotFoundException: /data/system/password.key: open failed: ENOENT (No such file or directory)
05-13 04:26:35.082 E/LockSettingsStorage( 2198): Cannot read file java.io.FileNotFoundException: /data/system/gatekeeper.pattern.key: open failed: ENOENT (No such file or directory)
05-13 04:26:35.084 E/LockSettingsStorage( 2198): Cannot read file java.io.FileNotFoundException: /data/system/gatekeeper.gesture.key: open failed: ENOENT (No such file or directory)
05-13 04:26:35.085 E/LockSettingsStorage( 2198): Cannot read file java.io.FileNotFoundException: /data/system/gesture.key: open failed: ENOENT (No such file or directory)
05-13 04:26:35.085 I/SystemServiceManager( 2198): Starting phase 480
05-13 04:26:35.131 I/DevicePolicyManagerService( 2198): Set ro.device_owner property to false
05-13 04:26:35.238 I/SystemServiceManager( 2198): Starting phase 500
05-13 04:26:35.334 D/ConnectivityMetricsLoggerService( 2198): onBootPhase: PHASE_SYSTEM_SERVICES_READY
05-13 04:26:35.467 I/WifiService( 2198): WifiService starting up with Wi-Fi disabled
05-13 04:26:35.525 I/WifiScanningService( 2198): Starting wifiscanner
05-13 04:26:35.593 I/RttService( 2198): Registering rttmanager
05-13 04:26:35.624 D/ZenLog  ( 2198): config: cleanUpZenRules,ZenModeConfig[user=0,allowCalls=true,allowRepeatCallers=false,allowMessages=false,allowCallsFrom=contacts,allowMessagesFrom=contacts,allowReminders=true,allowEvents=true,allowWhenScreenOff=true,allowWhenScreenOn=true,automaticRules={370bd6672ef541ba946db9ac4aef0faf=ZenRule[enabled=false,snoozing=false,name=Weeknight,zenMode=ZEN_MODE_ALARMS,conditionId=condition://android/schedule?days=1.2.3.4.5&start=22.0&end=7.0&exitAtAlarm=false,condition=Condition[id=condition://android/schedule?days=1.2.3.4.5&start=22.0&end=7.0&exitAtAlarm=false,summary=...,line1=...,line2=...,icon=0,state=STATE_FALSE,flags=2],component=ComponentInfo{android/com.android.server.notification.ScheduleConditionProvider},id=370bd6672ef541ba946db9ac4aef0faf,creationTime=1590622727817,enabler=null], a53ffdf89c814123a52adbdd46bc948d=ZenRule[enabled=false,snoozing=false,name=Weekend,zenMode=ZEN_MODE_ALARMS,conditionId=condition://android/schedule?days=6.7&start=23.30&end=10.0&exitAtAlarm=false,condition=Condition[id=condition://android/schedule?days=6.7&start=23.30&end=10.0&exitAtAlarm=false,summary=...,line1=...,line2=...,icon=0,state=STATE_FALSE,flags=2],component=ComponentInfo{android/com.android.server.notification.ScheduleConditionProvider},id=a53ffdf89c814123a52adbdd46bc948d,creationTime=1590622727818,enabler=null], fc8bb1aacabb4877a1d1d167106f6e77=ZenRule[enabled=false,snoozing=false,name=Event,zenMode=ZEN_MODE_ALARMS,conditionId=condition://android/event?userId=-10000&calendar=&reply=1,condition=Condition[id=condition://android/event?userId=-10000&calendar=&reply=1,summary=...,line1=...,line2=...,icon=0,state=STATE_FALSE,flags=2],component=ComponentInfo{android/com.android.server.notification.EventConditionProvider},id=fc8bb1aacabb4877a1d1d167106f6e77,creationTime=1590622727822,enabler=null]},manualRule=null],Diff[]
05-13 04:26:35.625 D/ZenLog  ( 2198): set_zen_mode: off,onSystemReady
05-13 04:26:35.663 D/PermissionCache( 1323): checking android.permission.CAPTURE_AUDIO_HOTWORD for uid=1000 => granted (792 us)
05-13 04:26:35.665 W/SoundTriggerHelper( 2198): listModules status=0, # of modules=0
05-13 04:26:35.665 D/ContextHubSystemService( 2198): onBootPhase: PHASE_SYSTEM_SERVICES_READY
05-13 04:26:36.214 V/UserManagerService( 2198): Found /data/user_de/0 with serial number 0
05-13 04:26:36.214 V/UserManagerService( 2198): Found /data/user/0 with serial number 0
05-13 04:26:36.215 V/UserManagerService( 2198): Found /data/system_de/0 with serial number 0
05-13 04:26:36.215 V/UserManagerService( 2198): Found /data/system_ce/0 with serial number 0
05-13 04:26:36.231 W/KeyguardServiceDelegate( 2198): onScreenTurningOn(): no keyguard service!
05-13 04:26:36.473 I/ActivityManager( 2198): System now ready
05-13 04:26:36.631 W/art     ( 2198): Long monitor contention with owner android.display (2235) at void com.android.server.wm.WindowManagerService$H.handleMessage(android.os.Message)(WindowManagerService.java:8368) waiters=0 in void com.android.server.wm.WindowManagerService.setForceResizableTasks(boolean) for 120ms
05-13 04:26:36.693 I/SystemServer( 2198): Making services ready
05-13 04:26:36.694 I/SystemServiceManager( 2198): Starting phase 550
05-13 04:26:37.171 E/InputMethodManagerService( 2198): Ignoring updateSystemUiLocked due to an invalid token. uid:1000 token:null
05-13 04:26:37.240 W/WindowManager( 2198): Keyguard drawn timeout. Setting mKeyguardDrawComplete
05-13 04:26:37.674 I/Zygote  ( 2198): Process: zygote socket opened, supported ABIS: x86_64
05-13 04:26:37.732 W/ActivityManager( 2198): Slow operation: 90ms so far, now at startProcess: returned from zygote!
05-13 04:26:37.732 W/ActivityManager( 2198): Slow operation: 90ms so far, now at startProcess: done updating battery stats
05-13 04:26:37.733 W/ActivityManager( 2198): Slow operation: 91ms so far, now at startProcess: building log message
05-13 04:26:37.734 I/ActivityManager( 2198): Start proc 2392:com.android.inputmethod.latin/u0a41 for service com.android.inputmethod.latin/.LatinIME
05-13 04:26:37.734 W/ActivityManager( 2198): Slow operation: 92ms so far, now at startProcess: starting to update pids map
05-13 04:26:37.734 W/ActivityManager( 2198): Slow operation: 92ms so far, now at startProcess: done updating pids map
05-13 04:26:37.734 W/ActivityManager( 2198): Slow operation: 93ms so far, now at startProcess: done starting proc!
05-13 04:26:37.735 V/InputMethodManagerService( 2198): Adding window token: android.os.Binder@ae5addc
05-13 04:26:37.790 D/MountService( 2198): Thinking about init, mSystemReady=true, mDaemonConnected=true
05-13 04:26:37.803 E/BitmapFactory( 2198): Unable to decode stream: java.io.FileNotFoundException: /data/system/users/0/wallpaper_orig (No such file or directory)
05-13 04:26:37.803 E/WallpaperManagerService( 2198): Invalid wallpaper data
05-13 04:26:37.803 E/WallpaperManagerService( 2198): Unable to apply new wallpaper
05-13 04:26:37.822 D/MountService( 2198): Setting up emulation state, initlocked=false
05-13 04:26:37.823 D/CryptdConnector( 2198): SND -> {2 cryptfs unlock_user_key 0 0 ! !}
05-13 04:26:37.831 D/vold    ( 1268): e4crypt_unlock_user_key 0 serial=0 token_present=0
05-13 04:26:37.833 D/CryptdConnector( 2198): RCV <- {200 2 Command succeeded}
05-13 04:26:37.850 D/MountService( 2198): Thinking about reset, mSystemReady=true, mDaemonConnected=true
05-13 04:26:37.886 W/art     ( 2392): Unexpected CPU variant for X86 using defaults: x86_64
05-13 04:26:37.891 D/VoldConnector( 2198): SND -> {4 volume reset}
05-13 04:26:37.895 D/vold    ( 1268): Recognized experimental block major ID 253 as virtio-blk (emulator's virtual SD card device)
05-13 04:26:37.896 V/vold    ( 1268): /system/bin/sgdisk
05-13 04:26:37.896 V/vold    ( 1268):     --android-dump
05-13 04:26:37.896 V/vold    ( 1268):     /dev/block/vold/disk:253,48
05-13 04:26:37.898 D/VoldConnector( 2198): RCV <- {651 emulated 7}
05-13 04:26:37.899 D/VoldConnector( 2198): RCV <- {659 emulated}
05-13 04:26:37.912 D/VoldConnector( 2198): RCV <- {650 emulated 2 "" ""}
05-13 04:26:37.918 V/MountService( 2198): Found primary storage at VolumeInfo{emulated}:
05-13 04:26:37.918 V/MountService( 2198):     type=EMULATED diskId=null partGuid=null mountFlags=0 mountUserId=-1 
05-13 04:26:37.918 V/MountService( 2198):     state=UNMOUNTED 
05-13 04:26:37.918 V/MountService( 2198):     fsType=null fsUuid=null fsLabel=null 
05-13 04:26:37.918 V/MountService( 2198):     path=null internalPath=null 
05-13 04:26:37.918 D/VoldConnector( 2198): RCV <- {651 emulated 0}
05-13 04:26:37.919 D/VoldConnector( 2198): RCV <- {651 public:253,48 7}
05-13 04:26:38.002 D/VoldConnector( 2198): RCV <- {659 public:253,48}
05-13 04:26:38.004 D/VoldConnector( 2198): RCV <- {649 disk:253,48}
05-13 04:26:38.004 D/VoldConnector( 2198): RCV <- {640 disk:253,48 5}
05-13 04:26:38.005 D/VoldConnector( 2198): RCV <- {641 disk:253,48 549453824}
05-13 04:26:38.006 D/VoldConnector( 2198): RCV <- {642 disk:253,48 Virtual}
05-13 04:26:38.007 D/VoldConnector( 2198): RCV <- {644 disk:253,48 /sys//devices/pci0000:00/0000:00:06.0/virtio3/block/vdd}
05-13 04:26:38.036 W/ActivityManager( 2198): Slow operation: 207ms so far, now at startProcess: returned from zygote!
05-13 04:26:38.036 W/ActivityManager( 2198): Slow operation: 207ms so far, now at startProcess: done updating battery stats
05-13 04:26:38.036 W/ActivityManager( 2198): Slow operation: 207ms so far, now at startProcess: building log message
05-13 04:26:38.037 I/ActivityManager( 2198): Start proc 2399:com.android.systemui/u0a21 for service com.android.systemui/.ImageWallpaper
05-13 04:26:38.037 W/ActivityManager( 2198): Slow operation: 208ms so far, now at startProcess: starting to update pids map
05-13 04:26:38.037 W/ActivityManager( 2198): Slow operation: 208ms so far, now at startProcess: done updating pids map
05-13 04:26:38.037 W/ActivityManager( 2198): Slow operation: 209ms so far, now at startProcess: done starting proc!
05-13 04:26:38.040 W/art     ( 2198): Long monitor contention with owner main (2198) at int com.android.server.am.ActivityManagerService.bindService(android.app.IApplicationThread, android.os.IBinder, android.content.Intent, java.lang.String, android.app.IServiceConnection, int, java.lang.String, int)(ActivityManagerService.java:17301) waiters=1 in void com.android.server.am.ActivityManagerService$MainHandler.handleMessage(android.os.Message) for 148ms
05-13 04:26:38.044 I/ActivityManager( 2198): Force stopping com.android.providers.media appid=10010 user=-1: vold reset
05-13 04:26:38.063 D/UsbAlsaManager( 2198): Adding ALSA device AlsaDevice: [card: 0, device: 0, type: 1]
05-13 04:26:38.064 D/UsbAlsaManager( 2198): Adding ALSA device AlsaDevice: [card: 0, device: 0, type: 2]
05-13 04:26:38.065 I/SystemServer( 2198): WebViewFactory preparation
05-13 04:26:38.098 W/art     ( 2399): Unexpected CPU variant for X86 using defaults: x86_64
05-13 04:26:38.132 E/BluetoothAdapter( 2198): Bluetooth binder is null
05-13 04:26:38.135 E/BluetoothAdapter( 2198): Bluetooth binder is null
05-13 04:26:38.151 I/AudioFlinger( 1323): systemReady
05-13 04:26:38.322 D/WebViewFactory( 2198): Setting new address space to 114394000
05-13 04:26:38.453 E/WVMExtractor( 2198): Failed to open libwvm.so: dlopen failed: library "libwvm.so" not found
05-13 04:26:38.846 W/art     ( 2198): Long monitor contention with owner Binder:2198_2 (2214) at void com.android.server.am.ActivityManagerService.attachApplication(android.app.IApplicationThread)(ActivityManagerService.java:6669) waiters=0 in int com.android.server.am.ActivityManagerService.startIsolatedProcess(java.lang.String, java.lang.String[], java.lang.String, java.lang.String, int, java.lang.Runnable) for 436ms
05-13 04:26:39.303 I/Zygote  ( 2198): Process: zygote socket opened, supported ABIS: x86
05-13 04:26:39.344 I/MediaPlayerService( 1331): MediaPlayerService::getOMX
05-13 04:26:39.456 I/art     ( 1322): Starting a blocking GC Background
05-13 04:26:39.517 V/vold    ( 1268): DISK mbr
05-13 04:26:39.518 V/vold    ( 1268): 
05-13 04:26:39.536 I/OMXClient( 1331): MuxOMX ctor
05-13 04:26:39.586 W/vold    ( 1268): disk:253,48 has unknown partition table; trying entire device
05-13 04:26:39.587 V/vold    ( 1268): /system/bin/blkid
05-13 04:26:39.587 V/vold    ( 1268):     -c
05-13 04:26:39.587 V/vold    ( 1268):     /dev/null
05-13 04:26:39.587 V/vold    ( 1268):     -s
05-13 04:26:39.587 V/vold    ( 1268):     TYPE
05-13 04:26:39.587 V/vold    ( 1268):     -s
05-13 04:26:39.587 V/vold    ( 1268):     UUID
05-13 04:26:39.587 V/vold    ( 1268):     -s
05-13 04:26:39.587 V/vold    ( 1268):     LABEL
05-13 04:26:39.587 V/vold    ( 1268):     /dev/block/vold/disk:253,48
05-13 04:26:39.596 I/MediaPlayerService( 1331): MediaPlayerService::getOMX
05-13 04:26:39.662 I/OMXClient( 1331): MuxOMX ctor
05-13 04:26:39.668 I/OMXMaster( 1328): makeComponentInstance(OMX.google.mp3.decoder) in mediacodec process
05-13 04:26:39.825 I/art     ( 1322): Background concurrent mark sweep GC freed 128(17KB) AllocSpace objects, 0(0B) LOS objects, 39% free, 6MB/10MB, paused 1.786ms total 332.881ms
05-13 04:26:40.598 W/ActivityManager( 2198): Slow operation: 1724ms so far, now at startProcess: returned from zygote!
05-13 04:26:40.598 W/ActivityManager( 2198): Slow operation: 1725ms so far, now at startProcess: done updating battery stats
05-13 04:26:40.599 W/ActivityManager( 2198): Slow operation: 1726ms so far, now at startProcess: building log message
05-13 04:26:40.600 I/ActivityManager( 2198): Start proc 2434:WebViewLoader-x86/1037 [android.webkit.WebViewFactory$RelroFileCreator] for 
05-13 04:26:40.600 W/ActivityManager( 2198): Slow operation: 1727ms so far, now at startProcess: starting to update pids map
05-13 04:26:40.615 W/ActivityManager( 2198): Slow operation: 1742ms so far, now at startProcess: done updating pids map
05-13 04:26:40.615 W/ActivityManager( 2198): Slow operation: 1767ms so far, now at startProcess: done starting proc!
05-13 04:26:40.616 W/art     ( 2198): Long monitor contention with owner Binder:2198_2 (2214) at void com.android.server.am.ActivityManagerService.attachApplication(android.app.IApplicationThread)(ActivityManagerService.java:6669) waiters=1 in void com.android.server.am.ActivityManagerService.dispatchProcessesChanged() for 1.803s
05-13 04:26:40.618 W/art     ( 2198): Long monitor contention with owner main (2198) at int com.android.server.am.ActivityManagerService.startIsolatedProcess(java.lang.String, java.lang.String[], java.lang.String, java.lang.String, int, java.lang.Runnable)(ActivityManagerService.java:3509) waiters=2 in void com.android.server.am.ActivityManagerService.publishContentProviders(android.app.IApplicationThread, java.util.List) for 130ms
05-13 04:26:40.620 W/art     ( 2198): Long monitor contention with owner main (2198) at int com.android.server.am.ActivityManagerService.startIsolatedProcess(java.lang.String, java.lang.String[], java.lang.String, java.lang.String, int, java.lang.Runnable)(ActivityManagerService.java:3509) waiters=1 in void com.android.server.am.ActivityManagerService.attachApplication(android.app.IApplicationThread) for 1.297s
05-13 04:26:40.772 W/art     ( 2434): Unexpected CPU variant for X86 using defaults: x86
05-13 04:26:40.825 V/vold    ( 1268): /dev/block/vold/disk:253,48: LABEL="SDCARD" UUID="1EFF-1C1B" TYPE="vfat" 
05-13 04:26:40.825 V/vold    ( 1268): 
05-13 04:26:40.836 D/VoldConnector( 2198): RCV <- {650 public:253,48 0 "disk:253,48" ""}
05-13 04:26:40.843 W/ProcessCpuTracker( 2198): Skipping unknown process pid 2432
05-13 04:26:40.913 D/VoldConnector( 2198): RCV <- {651 public:253,48 0}
05-13 04:26:40.916 D/VoldConnector( 2198): RCV <- {643 disk:253,48}
05-13 04:26:40.919 D/VoldConnector( 2198): RCV <- {200 4 Command succeeded}
05-13 04:26:40.928 E/VoldConnector( 2198): NDC Command {4 volume reset} took too long (3037ms)
05-13 04:26:40.943 D/VoldConnector( 2198): SND -> {5 volume user_added 0 0}
05-13 04:26:40.946 D/VoldConnector( 2198): RCV <- {200 5 Command succeeded}
05-13 04:26:41.060 I/MediaPlayerService( 1331): MediaPlayerService::getOMX
05-13 04:26:41.062 I/OMXClient( 1331): MuxOMX ctor
05-13 04:26:41.062 I/OMXMaster( 1328): makeComponentInstance(OMX.google.amrnb.decoder) in mediacodec process
05-13 04:26:41.069 W/art     ( 2443): Unexpected CPU variant for X86 using defaults: x86_64
05-13 04:26:41.094 W/ActivityManager( 2198): Slow operation: 458ms so far, now at startProcess: returned from zygote!
05-13 04:26:41.095 W/ActivityManager( 2198): Slow operation: 459ms so far, now at startProcess: done updating battery stats
05-13 04:26:41.095 W/ActivityManager( 2198): Slow operation: 459ms so far, now at startProcess: building log message
05-13 04:26:41.095 I/ActivityManager( 2198): Start proc 2443:WebViewLoader-x86_64/1037 [android.webkit.WebViewFactory$RelroFileCreator] for 
05-13 04:26:41.095 W/ActivityManager( 2198): Slow operation: 459ms so far, now at startProcess: starting to update pids map
05-13 04:26:41.095 W/ActivityManager( 2198): Slow operation: 459ms so far, now at startProcess: done updating pids map
05-13 04:26:41.095 W/ActivityManager( 2198): Slow operation: 459ms so far, now at startProcess: done starting proc!
05-13 04:26:41.126 V/WebViewFactory( 2443): RelroFileCreator (64bit = true),  32-bit lib: /system/app/webview/webview.apk!/lib/x86/libwebviewchromium.so, 64-bit lib: /system/app/webview/webview.apk!/lib/x86_64/libwebviewchromium.so
05-13 04:26:41.176 D/NetworkManagement( 2198): enabling bandwidth control
05-13 04:26:41.180 W/art     ( 2198): Long monitor contention with owner main (2198) at int com.android.server.am.ActivityManagerService.startIsolatedProcess(java.lang.String, java.lang.String[], java.lang.String, java.lang.String, int, java.lang.Runnable)(ActivityManagerService.java:3509) waiters=2 in void com.android.server.am.ActivityManagerService$MainHandler.handleMessage(android.os.Message) for 523ms
05-13 04:26:41.181 W/art     ( 2198): Long monitor contention with owner main (2198) at int com.android.server.am.ActivityManagerService.startIsolatedProcess(java.lang.String, java.lang.String[], java.lang.String, java.lang.String, int, java.lang.Runnable)(ActivityManagerService.java:3509) waiters=2 in void com.android.server.am.ActivityManagerService.attachApplication(android.app.IApplicationThread) for 524ms
05-13 04:26:41.320 W/art     ( 2198): Long monitor contention with owner main (2198) at int com.android.server.am.ActivityManagerService.startIsolatedProcess(java.lang.String, java.lang.String[], java.lang.String, java.lang.String, int, java.lang.Runnable)(ActivityManagerService.java:3509) waiters=3 in int com.android.server.am.ActivityManagerService.getAppStartMode(int, java.lang.String) for 243ms
05-13 04:26:41.331 W/art     ( 2198): Long monitor contention with owner main (2198) at android.content.ComponentName com.android.server.am.ActivityManagerService.startService(android.app.IApplicationThread, android.content.Intent, java.lang.String, java.lang.String, int)(ActivityManagerService.java:17161) waiters=3 in void com.android.server.am.ActivityManagerService.appendDropBoxProcessHeaders(com.android.server.am.ProcessRecord, java.lang.String, java.lang.StringBuilder) for 220ms
05-13 04:26:41.333 D/VoldConnector( 2198): SND -> {6 volume mount emulated 3 -1}
05-13 04:26:41.339 V/vold    ( 1268): Waiting for FUSE to spin up...
05-13 04:26:41.371 I/MediaPlayerService( 1331): MediaPlayerService::getOMX
05-13 04:26:41.400 V/vold    ( 1268): Waiting for FUSE to spin up...
05-13 04:26:41.401 D/VoldConnector( 2198): RCV <- {651 emulated 1}
05-13 04:26:41.403 D/VoldConnector( 2198): RCV <- {656 emulated /data/media}
05-13 04:26:41.404 D/VoldConnector( 2198): RCV <- {655 emulated /storage/emulated}
05-13 04:26:41.499 I/OMXClient( 1331): MuxOMX ctor
05-13 04:26:41.501 V/vold    ( 1268): Waiting for FUSE to spin up...
05-13 04:26:41.500 I/OMXMaster( 1328): makeComponentInstance(OMX.google.amrwb.decoder) in mediacodec process
05-13 04:26:41.554 V/vold    ( 1268): Waiting for FUSE to spin up...
05-13 04:26:41.574 I/MediaPlayerService( 1331): MediaPlayerService::getOMX
05-13 04:26:41.576 I/OMXClient( 1331): MuxOMX ctor
05-13 04:26:41.576 I/OMXMaster( 1328): makeComponentInstance(OMX.google.aac.decoder) in mediacodec process
05-13 04:26:41.610 V/vold    ( 1268): Waiting for FUSE to spin up...
05-13 04:26:41.616 V/WebViewFactory( 2434): RelroFileCreator (64bit = false),  32-bit lib: /system/app/webview/webview.apk!/lib/x86/libwebviewchromium.so, 64-bit lib: /system/app/webview/webview.apk!/lib/x86_64/libwebviewchromium.so
05-13 04:26:41.664 V/vold    ( 1268): Waiting for FUSE to spin up...
05-13 04:26:41.705 W/System  ( 2399): ClassLoader referenced unknown path: /system/priv-app/SystemUI/lib/x86_64
05-13 04:26:41.720 V/vold    ( 1268): Waiting for FUSE to spin up...
05-13 04:26:41.775 V/vold    ( 1268): Waiting for FUSE to spin up...
05-13 04:26:41.851 V/vold    ( 1268): Waiting for FUSE to spin up...
05-13 04:26:41.888 I/MediaPlayerService( 1331): MediaPlayerService::getOMX
05-13 04:26:41.907 W/sdcard  ( 2470): Device explicitly disabled sdcardfs
05-13 04:26:41.909 V/vold    ( 1268): Waiting for FUSE to spin up...
05-13 04:26:41.910 I/OMXClient( 1331): MuxOMX ctor
05-13 04:26:41.911 I/OMXMaster( 1328): makeComponentInstance(OMX.google.g711.alaw.decoder) in mediacodec process
05-13 04:26:41.960 V/vold    ( 1268): Waiting for FUSE to spin up...
05-13 04:26:42.015 V/vold    ( 1268): Waiting for FUSE to spin up...
05-13 04:26:42.070 V/vold    ( 1268): Waiting for FUSE to spin up...
05-13 04:26:42.145 V/vold    ( 1268): Waiting for FUSE to spin up...
05-13 04:26:42.204 D/VoldConnector( 2198): RCV <- {651 emulated 2}
05-13 04:26:42.206 D/VoldConnector( 2198): RCV <- {200 6 Command succeeded}
05-13 04:26:42.208 E/VoldConnector( 2198): NDC Command {6 volume mount emulated 3 -1} took too long (874ms)
05-13 04:26:42.209 D/VoldConnector( 2198): SND -> {7 volume mount public:253,48 2 0}
05-13 04:26:42.241 V/vold    ( 1268): /system/bin/blkid
05-13 04:26:42.241 V/vold    ( 1268):     -c
05-13 04:26:42.241 V/vold    ( 1268):     /dev/null
05-13 04:26:42.242 V/vold    ( 1268):     -s
05-13 04:26:42.242 V/vold    ( 1268):     TYPE
05-13 04:26:42.242 V/vold    ( 1268):     -s
05-13 04:26:42.242 V/vold    ( 1268):     UUID
05-13 04:26:42.242 V/vold    ( 1268):     -s
05-13 04:26:42.242 V/vold    ( 1268):     LABEL
05-13 04:26:42.242 V/vold    ( 1268):     /dev/block/vold/public:253,48
05-13 04:26:42.243 D/VoldConnector( 2198): RCV <- {651 public:253,48 1}
05-13 04:26:42.993 I/MediaPlayerService( 1331): MediaPlayerService::getOMX
05-13 04:26:42.994 I/OMXClient( 1331): MuxOMX ctor
05-13 04:26:42.995 I/OMXMaster( 1328): makeComponentInstance(OMX.google.g711.mlaw.decoder) in mediacodec process
05-13 04:26:43.212 I/LatinIME( 2392): Hardware accelerated drawing: true
05-13 04:26:43.382 V/vold    ( 1268): /dev/block/vold/public:253,48: LABEL="SDCARD" UUID="1EFF-1C1B" TYPE="vfat" 
05-13 04:26:43.382 V/vold    ( 1268): 
05-13 04:26:43.385 V/vold    ( 1268): /system/bin/fsck_msdos
