05-13 04:27:17.501 E/ActivityManager( 2198):    +0% 2730/callActivityMan: 0% user + 0% kernel
05-13 04:27:17.501 E/ActivityManager( 2198):    +0% 2731/callActivityMan: 0% user + 0% kernel
05-13 04:27:17.501 E/ActivityManager( 2198):    +0% 2733/callActivityMan: 0% user + 0% kernel
05-13 04:27:17.501 E/ActivityManager( 2198):   12% 2399/com.android.systemui: 4.8% user + 7.5% kernel / faults: 266 minor 4 major
05-13 04:27:17.501 E/ActivityManager( 2198):     11% 2399/ndroid.systemui: 6.1% user + 4.8% kernel
05-13 04:27:17.501 E/ActivityManager( 2198):     1.3% 2639/Binder:2399_3: 0% user + 1.3% kernel
05-13 04:27:17.501 E/ActivityManager( 2198):     0.6% 2428/Binder:2399_1: 0% user + 0.6% kernel
05-13 04:27:17.501 E/ActivityManager( 2198):     0.6% 2553/VolumeDialogCon: 0% user + 0.6% kernel
05-13 04:27:17.501 E/ActivityManager( 2198):   9.6% 2594/com.android.phone: 3.4% user + 6.1% kernel / faults: 314 minor 3 maj
05-13 04:27:18.973 W/art     ( 2198): Long monitor contention with owner android.ui (2225) at void com.android.server.am.AppErrors.handleShowAnrUi(android.os.Message)(AppErrors.java:925) waiters=0 in void com.android.server.am.BroadcastQueue.processNextBroadcast(boolean) for 1.369s
05-13 04:27:19.924 W/ActivityManager( 2198): Slow operation: 250ms so far, now at startProcess: returned from zygote!
05-13 04:27:19.925 W/ActivityManager( 2198): Slow operation: 251ms so far, now at startProcess: done updating battery stats
05-13 04:27:19.926 W/ActivityManager( 2198): Slow operation: 251ms so far, now at startProcess: building log message
05-13 04:27:19.926 I/ActivityManager( 2198): Start proc 2750:com.android.cellbroadcastreceiver/u0a4 for broadcast com.android.cellbroadcastreceiver/.CellBroadcastReceiver
05-13 04:27:19.926 W/ActivityManager( 2198): Slow operation: 252ms so far, now at startProcess: starting to update pids map
05-13 04:27:19.926 W/ActivityManager( 2198): Slow operation: 252ms so far, now at startProcess: done updating pids map
05-13 04:27:19.926 W/ActivityManager( 2198): Slow operation: 255ms so far, now at startProcess: done starting proc!
05-13 04:27:19.927 W/art     ( 2198): Long monitor contention with owner android.ui (2225) at void com.android.server.am.AppErrors.handleShowAnrUi(android.os.Message)(AppErrors.java:925) waiters=1 in android.content.Intent com.android.server.am.ActivityManagerService.registerReceiver(android.app.IApplicationThread, java.lang.String, android.content.IIntentReceiver, android.content.IntentFilter, java.lang.String, int) for 1.923s
05-13 04:27:20.204 W/art     ( 2750): Unexpected CPU variant for X86 using defaults: x86_64
05-13 04:27:20.210 W/art     ( 2198): Suspending all threads took: 36.810ms
05-13 04:27:20.409 W/art     ( 2198): Long monitor contention with owner android.display (2235) at void com.android.server.wm.WindowManagerService$H.handleMessage(android.os.Message)(WindowManagerService.java:8368) waiters=0 in void com.android.server.wm.WindowManagerService.enableScreenAfterBoot() for 345ms
05-13 04:27:20.743 W/art     ( 2198): Long monitor contention with owner android.ui (2225) at void com.android.server.am.AppErrors.handleShowAnrUi(android.os.Message)(AppErrors.java:925) waiters=2 in android.app.IActivityManager$ContentProviderHolder com.android.server.am.ActivityManagerService.getContentProviderImpl(android.app.IApplicationThread, java.lang.String, android.os.IBinder, boolean, int) for 2.505s
05-13 04:27:20.943 W/art     ( 2198): Long monitor contention with owner ActivityManager (2224) at int com.android.server.am.ActivityManagerService.bindService(android.app.IApplicationThread, android.os.IBinder, android.content.Intent, java.lang.String, android.app.IServiceConnection, int, java.lang.String, int)(ActivityManagerService.java:17301) waiters=1 in android.content.pm.UserInfo com.android.server.am.UserController.getCurrentUser() for 332ms
05-13 04:27:20.944 W/art     ( 2198): Long monitor contention with owner ActivityManager (2224) at int com.android.server.am.ActivityManagerService.bindService(android.app.IApplicationThread, android.os.IBinder, android.content.Intent, java.lang.String, android.app.IServiceConnection, int, java.lang.String, int)(ActivityManagerService.java:17301) waiters=2 in android.content.Intent com.android.server.am.ActivityManagerService.registerReceiver(android.app.IApplicationThread, java.lang.String, android.content.IIntentReceiver, android.content.IntentFilter, java.lang.String, int) for 207ms
05-13 04:27:20.947 D/PhoneSwitcherNetworkRequstListener( 2594): Registering NetworkFactory
05-13 04:27:20.951 D/ConnectivityService( 2198): Got NetworkFactory Messenger for PhoneSwitcherNetworkRequstListener
05-13 04:27:21.095 V/KeyguardServiceDelegate( 2198): *** Keyguard started
05-13 04:27:21.242 I/art     ( 2198): Background sticky concurrent mark sweep GC freed 31175(2026KB) AllocSpace objects, 7(992KB) LOS objects, 20% free, 10MB/13MB, paused 122.676ms total 2.682s
05-13 04:27:21.296 D/ConnectivityService( 2198): Got NetworkFactory Messenger for TelephonyNetworkFactory[0]
05-13 04:27:21.382 W/KeyguardServiceDelegate( 2198): onScreenTurningOn(): no keyguard service!
05-13 04:27:21.592 W/art     ( 2198): Long monitor contention with owner Binder:2198_2 (2214) at void com.android.server.am.ActivityManagerService.attachApplication(android.app.IApplicationThread)(ActivityManagerService.java:6669) waiters=1 in android.content.ComponentName com.android.server.am.ActivityManagerService.startService(android.app.IApplicationThread, android.content.Intent, java.lang.String, java.lang.String, int) for 190ms
05-13 04:27:21.799 D/CarrierConfigLoader( 2594): CarrierConfigLoader has started
05-13 04:27:21.821 E/BluetoothAdapter( 2594): Bluetooth binder is null
05-13 04:27:22.179 I/Telephony( 2594): TtyManager: updateUiTtyMode -1 -> 0
05-13 04:27:22.792 D/AlarmManagerService( 2198): Kernel timezone updated to 0 minutes west of GMT
05-13 04:27:22.863 D/AlarmManagerService( 2198): Setting time of day to sec=1620880043
05-13 04:27:23.426 W/AlarmManagerService( 2198): Unable to set rtc to 1620880043: No such device
05-13 04:27:23.470 D/ConditionProviders.SCP( 2198): onReceive android.intent.action.TIME_SET
05-13 04:27:23.471 D/ConditionProviders.SCP( 2198): notifyCondition condition://android/schedule?days=6.7&start=23.30&end=10.0&exitAtAlarm=false STATE_FALSE reason=!meetsSchedule
05-13 04:27:23.474 D/ConditionProviders.SCP( 2198): notifyCondition condition://android/schedule?days=1.2.3.4.5&start=22.0&end=7.0&exitAtAlarm=false STATE_TRUE reason=meetsSchedule
05-13 04:27:23.502 D/ConditionProviders.SCP( 2198): Scheduling evaluate for Thu May 13 07:00:00 UTC 2021 (1620889200000), in +2h32m36s530ms, now=Thu May 13 04:27:23 UTC 2021 (1620880043470)
05-13 04:27:24.391 W/art     ( 2198): Long monitor contention with owner ActivityManager (2224) at int com.android.server.am.ActivityManagerService.bindService(android.app.IApplicationThread, android.os.IBinder, android.content.Intent, java.lang.String, android.app.IServiceConnection, int, java.lang.String, int)(ActivityManagerService.java:17301) waiters=2 in android.app.IActivityManager$ContentProviderHolder com.android.server.am.ActivityManagerService.getContentProviderImpl(android.app.IApplicationThread, java.lang.String, android.os.IBinder, boolean, int) for 3.129s
05-13 04:27:24.537 E/ActivityThread( 2198): Failed to find provider info for com.android.calendar
05-13 04:27:24.778 W/ActivityManager( 2198): Slow operation: 240ms so far, now at getContentProviderImpl: after resolveContentProvider
05-13 04:27:24.883 W/art     ( 2198): Long monitor contention with owner android.ui (2225) at void com.android.server.wm.WindowManagerService.updateRotationUnchecked(boolean, boolean)(WindowManagerService.java:6783) waiters=0 in void com.android.server.wm.WindowManagerService$H.handleMessage(android.os.Message) for 159ms
05-13 04:27:24.912 I/Choreographer( 2198): Skipped 141 frames!  The application may be doing too much work on its main thread.
05-13 04:27:24.962 W/System  ( 2750): ClassLoader referenced unknown path: /system/priv-app/CellBroadcastReceiver/lib/x86_64
05-13 04:27:25.015 E/ActivityThread( 2198): Failed to find provider info for com.android.calendar
05-13 04:27:25.130 W/art     ( 2198): Long monitor contention with owner Binder:2198_6 (2628) at int com.android.server.am.ActivityManagerService.broadcastIntent(android.app.IApplicationThread, android.content.Intent, java.lang.String, android.content.IIntentReceiver, int, java.lang.String, android.os.Bundle, java.lang.String[], int, android.os.Bundle, boolean, boolean, int)(ActivityManagerService.java:18551) waiters=0 in android.content.IIntentSender com.android.server.am.ActivityManagerService.getIntentSender(int, java.lang.String, android.os.IBinder, java.lang.String, int, android.content.Intent[], java.lang.String[], int, android.os.Bundle, int) for 114ms
05-13 04:27:25.674 W/WindowManager( 2198): Keyguard drawn timeout. Setting mKeyguardDrawComplete
05-13 04:27:25.872 I/Choreographer( 2198): Skipped 35 frames!  The application may be doing too much work on its main thread.
05-13 04:27:25.956 D/PhoneSwitcherNetworkRequstListener( 2594): got request NetworkRequest [ REQUEST id=1, [ Capabilities: INTERNET&NOT_RESTRICTED&TRUSTED&NOT_VPN] ] with score 0
05-13 04:27:25.990 D/TelephonyDebugService( 2594): TelephonyDebugService()
05-13 04:27:26.019 W/art     ( 2399): Suspending all threads took: 57.431ms
05-13 04:27:26.030 D/CarrierConfigLoader( 2594): mHandler: 12 phoneId: 0
05-13 04:27:26.120 I/art     ( 2399): Background sticky concurrent mark sweep GC freed 18114(2MB) AllocSpace objects, 2(40KB) LOS objects, 30% free, 6MB/10MB, paused 59.042ms total 788.905ms
05-13 04:27:27.393 E/ActivityThread( 2594): Failed to find provider info for com.android.contacts
05-13 04:27:27.394 W/CallerInfoCache( 2594): cursor is null
05-13 04:27:29.340 W/art     ( 2198): Long monitor contention with owner ConditionProviders.ECP (2369) at boolean android.os.MessageQueue.enqueueMessage(android.os.Message, long)(MessageQueue.java:541) waiters=0 in android.os.Message android.os.MessageQueue.next() for 1.213s
05-13 04:27:29.490 E/ActivityThread( 2198): Failed to find provider info for com.android.calendar
05-13 04:27:29.690 E/ActivityThread( 2198): Failed to find provider info for com.android.calendar
05-13 04:27:29.868 W/System  ( 2399): ClassLoader referenced unknown path: 
05-13 04:27:29.929 W/System  ( 2399): ClassLoader referenced unknown path: /system/priv-app/Dialer/lib/x86_64
05-13 04:27:29.934 D/ApplicationLoaders( 2399): ignored Vulkan layer search path /system/priv-app/Dialer/lib/x86_64:/system/lib64:/vendor/lib64 for namespace 0x7c5d2c6d60f0
05-13 04:27:30.576 W/BroadcastQueue( 2198): Timeout of broadcast BroadcastRecord{e22b446 u-1 android.intent.action.TIME_TICK} - receiver=android.os.BinderProxy@3257abe, started 10002ms ago
05-13 04:27:30.577 W/BroadcastQueue( 2198): Receiver during timeout: BroadcastFilter{24dba6c u0 ReceiverList{f4f571f 2399 com.android.systemui/10021/u0 remote:3257abe}}
05-13 04:27:30.627 E/BluetoothAdapter( 2399): Bluetooth binder is null
05-13 04:27:31.938 W/art     ( 2198): Long monitor contention with owner ConditionProviders.ECP (2369) at boolean android.os.MessageQueue.enqueueMessage(android.os.Message, long)(MessageQueue.java:541) waiters=0 in android.os.Message android.os.MessageQueue.next() for 1.959s
05-13 04:27:31.943 W/art     ( 2198): Long monitor contention with owner ConditionProviders.ECP (2369) at boolean android.os.MessageQueue.enqueueMessage(android.os.Message, long)(MessageQueue.java:541) waiters=1 in boolean android.os.MessageQueue.enqueueMessage(android.os.Message, long) for 1.304s
05-13 04:27:31.952 W/art     ( 2198): Long monitor contention with owner ActivityManager (2224) at void com.android.server.am.BroadcastQueue.processNextBroadcast(boolean)(BroadcastQueue.java:760) waiters=0 in android.content.pm.UserInfo com.android.server.am.UserController.getCurrentUser() for 1.237s
05-13 04:27:32.001 W/art     ( 2198): Long monitor contention with owner ActivityManager (2224) at void com.android.server.am.BroadcastQueue.processNextBroadcast(boolean)(BroadcastQueue.java:760) waiters=1 in android.content.Intent com.android.server.am.ActivityManagerService.registerReceiver(android.app.IApplicationThread, java.lang.String, android.content.IIntentReceiver, android.content.IntentFilter, java.lang.String, int) for 1.108s
05-13 04:27:32.194 I/Process ( 2198): Sending signal. PID: 2399 SIG: 3
05-13 04:27:32.195 I/art     ( 2399): Thread[3,tid=2420,WaitingInMainSignalCatcherLoop,Thread*=0x7c5d27e96400,peer=0x12c005e0,"Signal Catcher"]: reacting to signal 3
05-13 04:27:32.195 I/art     ( 2399): 
05-13 04:27:32.464 I/CameraManagerGlobal( 2399): Connecting to camera service
05-13 04:27:32.629 W/art     ( 2198): Long monitor contention with owner android.bg (2223) at boolean android.os.MessageQueue.enqueueMessage(android.os.Message, long)(MessageQueue.java:541) waiters=0 in android.os.Message android.os.MessageQueue.next() for 435ms
05-13 04:27:33.341 E/ActivityManager( 2198): ANR in com.android.systemui
05-13 04:27:33.341 E/ActivityManager( 2198): PID: 2399
05-13 04:27:33.341 E/ActivityManager( 2198): Reason: Broadcast of Intent { act=android.intent.action.TIME_TICK flg=0x50000014 (has extras) }
05-13 04:27:33.341 E/ActivityManager( 2198): Load: 0.0 / 0.0 / 0.0
05-13 04:27:33.341 E/ActivityManager( 2198): CPU usage from 16158ms to 0ms ago (2021-05-13 04:27:15.268 to 2021-05-13 04:27:31.945):
05-13 04:27:33.341 E/ActivityManager( 2198):   96% 1318/surfaceflinger: 34% user + 61% kernel / faults: 7 minor
05-13 04:27:33.341 E/ActivityManager( 2198):   25% 1775/bootanimation: 5% user + 20% kernel
05-13 04:27:33.341 E/ActivityManager( 2198):   24% 2198/system_server: 4.2% user + 20% kernel / faults: 3723 minor 12 major
05-13 04:27:33.341 E/ActivityManager( 2198):   14% 2610/com.android.settings: 3.3% user + 11% kernel / faults: 340 minor 9 major
05-13 04:27:33.341 E/ActivityManager( 2198):   10% 2399/com.android.systemui: 1.3% user + 8.8% kernel / faults: 2321 minor 11 major
05-13 04:27:33.341 E/ActivityManager( 2198):   5.4% 2594/com.android.phone: 0.8% user + 4.5% kernel / faults: 1010 minor 16 major
05-13 04:27:33.341 E/ActivityManager( 2198):   2.6% 1320/adbd: 0% user + 2.6% kernel / faults: 837 minor
05-13 04:27:33.341 E/ActivityManager( 2198):   0.6% 1317/servicemanager: 0% user + 0.6% kernel
05-13 04:27:33.341 E/ActivityManager( 2198):   0.5% 8/rcu_preempt: 0% user + 0.5% kernel
05-13 04:27:33.341 E/ActivityManager( 2198):   0.5% 1265/logd: 0.1% user + 0.3% kernel / faults: 21 minor
05-13 04:27:33.341 E/ActivityManager( 2198):   0.2% 1321/zygote64: 0% user + 0.2% kernel / faults: 158 minor
05-13 04:27:33.341 E/ActivityManager( 2198):   0.1% 1253/kworker/0:1H: 0% user + 0.1% kernel
05-13 04:27:33.341 E/ActivityManager( 2198):   0.1% 1363/logcat: 0% user + 0.1% kernel / faults: 2 minor
05-13 04:27:33.341 E/ActivityManager( 2198):   0% 1313/healthd: 0% user + 0% kernel
05-13 04:27:33.341 E/ActivityManager( 2198):   0% 1810/kworker/1:2: 0% user + 0% kernel
05-13 04:27:33.341 E/ActivityManager( 2198):   0.1% 2392/com.android.inputmethod.latin: 0% user + 0.1% kernel / faults: 2 minor
05-13 04:27:33.341 E/ActivityManager( 2198):   0% 3/ksoftirqd/0: 0% user + 0% kernel
05-13 04:27:33.341 E/ActivityManager( 2198):   0% 6/kworker/u4:0: 0% user + 0% kernel
05-13 04:27:33.341 E/ActivityManager( 2198):   0% 11/migration/1: 0% user + 0% kernel
05-13 04:27:33.341 E/ActivityManager( 2198):   0% 12/ksoftirqd/1: 0% user + 0% kernel
05-13 04:27:33.341 E/ActivityManager( 2198):   0% 1263/jbd2/vdc-8: 0% user + 0% kernel
05-13 04:27:33.341 E/ActivityManager( 2198):   0% 1333/rild: 0% user + 0% kernel / faults: 1 minor
05-13 04:27:33.341 E/ActivityManager( 2198):   0% 1880/hostapd: 0% user + 0% kernel
05-13 04:27:33.341 E/ActivityManager( 2198):  +0% 2750/com.android.cellbroadcastreceiver: 0% user + 0% kernel
05-13 04:27:33.341 E/ActivityManager( 2198): 100% TOTAL: 26% user + 72% kernel + 0.8% softirq
05-13 04:27:33.341 E/ActivityManager( 2198): CPU usage from 206426ms to 206426ms ago (1970-01-01 00:00:00.000 to 1970-01-01 00:00:00.000) with 0% awake:
05-13 04:27:33.341 E/ActivityManager( 2198): 0% TOTAL: 0% user + 0% kernel
05-13 04:27:33.392 I/ActivityManager( 2198): Killing 2399:com.android.systemui/u0a21 (adj -800): bg anr
05-13 04:27:34.121 W/art     ( 2198): Long monitor contention with owner android.bg (2223) at void com.android.server.power.PowerManagerService.acquireWakeLockInternal(android.os.IBinder, int, java.lang.String, java.lang.String, android.os.WorkSource, java.lang.String, int, int)(PowerManagerService.java:862) waiters=0 in void com.android.server.power.PowerManagerService.handleSandman() for 1.491s
05-13 04:27:34.122 I/SyncManager( 2198): Got SyncJobService instance.
05-13 04:27:34.141 I/FusedLocation( 2198): engine started (com.android.location.fused)
05-13 04:27:34.471 D/ConnectivityService( 2198): ConnectivityService NetworkRequestInfo binderDied(NetworkRequest [ LISTEN id=5, [] ], android.os.BinderProxy@8e2c164)
05-13 04:27:34.473 I/WindowManager( 2198): WIN DEATH: Window{313351 u0 DockedStackDivider}
05-13 04:27:34.475 W/AudioService( 2198): Current remote volume controller died, unregistering
05-13 04:27:34.478 W/VolumeController( 2198): Error calling dismiss
05-13 04:27:34.478 W/VolumeController( 2198): android.os.DeadObjectException
05-13 04:27:34.478 W/VolumeController( 2198): 	at android.os.BinderProxy.transactNative(Native Method)
05-13 04:27:34.478 W/VolumeController( 2198): 	at android.os.BinderProxy.transact(Binder.java:615)
05-13 04:27:34.478 W/VolumeController( 2198): 	at android.media.IVolumeController$Stub$Proxy.dismiss(IVolumeController.java:162)
05-13 04:27:34.478 W/VolumeController( 2198): 	at com.android.server.audio.AudioService$VolumeController.postDismiss(AudioService.java:6138)
05-13 04:27:34.478 W/VolumeController( 2198): 	at com.android.server.audio.AudioService.setVolumeController(AudioService.java:5986)
05-13 04:27:34.478 W/VolumeController( 2198): 	at com.android.server.audio.AudioService$4.binderDied(AudioService.java:5995)
05-13 04:27:34.478 W/VolumeController( 2198): 	at android.os.BinderProxy.sendDeathNotice(Binder.java:688)
05-13 04:27:34.508 W/WallpaperManagerService( 2198): Wallpaper service gone: ComponentInfo{com.android.systemui/com.android.systemui.ImageWallpaper}
05-13 04:27:34.527 I/ActivityManager( 2198): Process com.android.systemui (pid 2399) has died
05-13 04:27:34.646 D/ActivityManager( 2198): cleanUpApplicationRecord -- 2399
05-13 04:27:34.648 W/ActivityManager( 2198): Scheduling restart of crashed service com.android.systemui/.keyguard.KeyguardService in 0ms
05-13 04:27:34.656 E/ConnectivityService( 2198): RemoteException caught trying to send a callback msg for NetworkRequest [ LISTEN id=5, [] ]
05-13 04:27:34.658 W/art     ( 2198): Long monitor contention with owner Binder:2198_7 (2644) at void com.android.server.wm.WindowState$DeathRecipient.binderDied()(WindowState.java:1806) waiters=1 in void com.android.server.wm.WindowManagerService$H.handleMessage(android.os.Message) for 116ms
05-13 04:27:34.714 W/ActivityManager( 2198): Scheduling restart of crashed service com.android.systemui/.ImageWallpaper in 0ms
05-13 04:27:34.714 W/ActivityManager( 2198): Scheduling restart of crashed service com.android.systemui/.SystemUIService in 0ms
05-13 04:27:34.718 W/ActivityManager( 2198): Re-adding persistent process ProcessRecord{a7b9082 2399:com.android.systemui/u0a21}
05-13 04:27:34.936 W/ActivityManager( 2198): Slow operation: 172ms so far, now at startProcess: returned from zygote!
05-13 04:27:34.936 W/ActivityManager( 2198): Slow operation: 172ms so far, now at startProcess: done updating battery stats
05-13 04:27:34.937 W/ActivityManager( 2198): Slow operation: 173ms so far, now at startProcess: building log message
05-13 04:27:34.937 I/ActivityManager( 2198): Start proc 2802:com.android.systemui/u0a21 for restart com.android.systemui
05-13 04:27:34.937 W/ActivityManager( 2198): Slow operation: 173ms so far, now at startProcess: starting to update pids map
05-13 04:27:34.937 W/ActivityManager( 2198): Slow operation: 173ms so far, now at startProcess: done updating pids map
05-13 04:27:34.952 W/art     ( 2198): Long monitor contention with owner Binder:2198_6 (2628) at void com.android.server.am.ActivityManagerService$AppDeathRecipient.binderDied()(ActivityManagerService.java:1475) waiters=0 in void com.android.server.am.ActiveServices$ServiceRestarter.run() for 304ms
05-13 04:27:35.011 W/art     ( 2802): Unexpected CPU variant for X86 using defaults: x86_64
05-13 04:27:36.050 W/System  ( 2802): ClassLoader referenced unknown path: /system/priv-app/SystemUI/lib/x86_64
05-13 04:27:36.784 V/SystemUIService( 2802): Starting SystemUI services for user 0.
05-13 04:27:37.193 V/MediaRouter( 2802): Adding route: RouteInfo{ name=Phone, description=null, status=null, category=RouteCategory{ name=null types=ROUTE_TYPE_LIVE_AUDIO ROUTE_TYPE_LIVE_VIDEO  groupable=false }, supportedTypes=ROUTE_TYPE_LIVE_AUDIO ROUTE_TYPE_LIVE_VIDEO , presentationDisplay=null }
05-13 04:27:37.397 W/art     ( 2822): Unexpected CPU variant for X86 using defaults: x86_64
05-13 04:27:37.435 W/ActivityManager( 2198): Slow operation: 157ms so far, now at startProcess: returned from zygote!
05-13 04:27:37.435 W/ActivityManager( 2198): Slow operation: 157ms so far, now at startProcess: done updating battery stats
05-13 04:27:37.435 W/ActivityManager( 2198): Slow operation: 157ms so far, now at startProcess: building log message
05-13 04:27:37.435 I/ActivityManager( 2198): Start proc 2822:com.android.deskclock/u0a31 for broadcast com.android.deskclock/.AlarmInitReceiver
05-13 04:27:37.435 W/ActivityManager( 2198): Slow operation: 157ms so far, now at startProcess: starting to update pids map
05-13 04:27:37.436 W/ActivityManager( 2198): Slow operation: 158ms so far, now at startProcess: done updating pids map
05-13 04:27:37.436 W/ActivityManager( 2198): Slow operation: 158ms so far, now at startProcess: done starting proc!
05-13 04:27:37.547 V/MediaRouter( 2802): Updating audio routes: AudioRoutesInfo{ type=SPEAKER }
05-13 04:27:37.576 V/MediaRouter( 2802): Selecting route: RouteInfo{ name=Phone, description=null, status=null, category=RouteCategory{ name=null types=ROUTE_TYPE_LIVE_AUDIO ROUTE_TYPE_LIVE_VIDEO  groupable=false }, supportedTypes=ROUTE_TYPE_LIVE_AUDIO ROUTE_TYPE_LIVE_VIDEO , presentationDisplay=null }
05-13 04:27:38.291 D/TrustManagerService( 2198): Removing dead TrustListener.
05-13 04:27:38.627 W/libprocessgroup( 2198): failed to open /acct/uid_10021/pid_2399/cgroup.procs: No such file or directory
05-13 04:27:39.017 E/WVMExtractor( 2802): Failed to open libwvm.so: dlopen failed: library "libwvm.so" not found
05-13 04:27:39.060 W/System  ( 2822): ClassLoader referenced unknown path: /system/app/DeskClock/lib/x86_64
05-13 04:27:39.526 W/WallpaperManagerService( 2198): Wallpaper reconnect timed out, reverting to built-in wallpaper!
05-13 04:27:40.457 I/MediaPlayerService( 1331): MediaPlayerService::getOMX
05-13 04:27:40.628 I/OMXClient( 2802): MuxOMX ctor
05-13 04:27:40.903 I/OMXMaster( 1328): makeComponentInstance(OMX.google.vorbis.decoder) in mediacodec process
05-13 04:27:43.824 W/art     ( 2198): Long monitor contention with owner BackgroundDexOptService_PostBootUpdate (2807) at boolean android.os.MessageQueue.enqueueMessage(android.os.Message, long)(MessageQueue.java:541) waiters=0 in android.os.Message android.os.MessageQueue.next() for 177ms
05-13 04:27:44.570 I/MediaPlayerService( 1331): MediaPlayerService::getOMX
05-13 04:27:44.572 I/OMXClient( 2802): MuxOMX ctor
05-13 04:27:44.576 I/OMXMaster( 1328): makeComponentInstance(OMX.google.vorbis.decoder) in mediacodec process
05-13 04:27:46.073 W/art     ( 2822): Suspending all threads took: 552.819ms
05-13 04:27:46.253 I/vol.Events( 2802): writeEvent collection_started
05-13 04:27:46.374 I/vol.Events( 2802): writeEvent external_ringer_mode_changed normal
05-13 04:27:46.375 I/vol.Events( 2802): writeEvent internal_ringer_mode_changed normal
05-13 04:27:47.271 I/MediaPlayerService( 1331): MediaPlayerService::getOMX
05-13 04:27:47.290 I/OMXClient( 2802): MuxOMX ctor
05-13 04:27:47.295 I/OMXMaster( 1328): makeComponentInstance(OMX.google.vorbis.decoder) in mediacodec process
05-13 04:27:51.068 W/WindowManager( 2198): ***** BOOT TIMEOUT: forcing display enabled
05-13 04:27:51.084 I/SurfaceFlinger( 1318): Boot is finished (205552 ms)
05-13 04:27:51.296 I/SystemServiceManager( 2198): Starting phase 1000
05-13 04:27:51.796 W/ActivityManager( 2198): Slow operation: 488ms so far, now at startProcess: returned from zygote!
05-13 04:27:51.797 W/ActivityManager( 2198): Slow operation: 489ms so far, now at startProcess: done updating battery stats
05-13 04:27:51.797 W/ActivityManager( 2198): Slow operation: 489ms so far, now at startProcess: building log message
05-13 04:27:51.798 I/ActivityManager( 2198): Start proc 2870:android.ext.services/u0a12 for on-hold
05-13 04:27:51.798 W/ActivityManager( 2198): Slow operation: 490ms so far, now at startProcess: starting to update pids map
05-13 04:27:51.798 W/ActivityManager( 2198): Slow operation: 490ms so far, now at startProcess: done updating pids map
05-13 04:27:51.986 D/ActivityManager( 2198): Finishing user boot 0
05-13 04:27:51.998 W/art     ( 2870): Unexpected CPU variant for X86 using defaults: x86_64
05-13 04:27:52.056 I/vol.Events( 2802): writeEvent level_changed STREAM_ALARM 6
05-13 04:27:52.070 D/CryptdConnector( 2198): SND -> {3 cryptfs prepare_user_storage ! 0 0 2}
05-13 04:27:52.076 D/vold    ( 1268): e4crypt_prepare_user_storage for volume null, user 0, serial 0, flags 2
05-13 04:27:52.077 D/vold    ( 1268): Preparing: /data/system_ce/0
05-13 04:27:52.078 D/vold    ( 1268): Preparing: /data/misc_ce/0
05-13 04:27:52.106 I/vol.Events( 2802): writeEvent level_changed STREAM_BLUETOOTH_SCO 7
05-13 04:27:52.132 I/vol.Events( 2802): writeEvent level_changed STREAM_MUSIC 11
05-13 04:27:52.182 I/vol.Events( 2802): writeEvent level_changed STREAM_RING 5
05-13 04:27:52.187 I/vol.Events( 2802): writeEvent level_changed STREAM_SYSTEM 5
05-13 04:27:52.262 I/vol.Events( 2802): writeEvent level_changed STREAM_VOICE_CALL 4
05-13 04:27:52.352 D/vold    ( 1268): Preparing: /data/media/0
05-13 04:27:52.352 D/vold    ( 1268): Preparing: /data/data
05-13 04:27:52.354 D/CryptdConnector( 2198): RCV <- {200 3 Command succeeded}
05-13 04:27:52.358 V/UserManagerService( 2198): Found /data/user/0 with serial number 0
05-13 04:27:52.370 V/UserManagerService( 2198): Found /data/system_ce/0 with serial number 0
05-13 04:27:52.382 V/PackageManager( 2198): reconcileAppsData for null u0 0x2
05-13 04:27:53.532 I/art     ( 2822): Waiting for a blocking GC DisableMovingGc
05-13 04:27:54.055 E/NetdConnector( 2198): NDC Command {18 firewall disable_chain standby} took too long (2215ms)
05-13 04:27:54.071 I/art     ( 2822): WaitForGcToComplete blocked for 539.282ms for cause DisableMovingGc
05-13 04:27:54.071 I/art     ( 2822): Starting a blocking GC DisableMovingGc
05-13 04:27:54.490 I/art     ( 2198): Background partial concurrent mark sweep GC freed 26018(1901KB) AllocSpace objects, 7(1172KB) LOS objects, 30% free, 9MB/13MB, paused 13.009ms total 251.424ms
05-13 04:27:55.751 V/PackageManager( 2198): reconcileAppsData finished 81 packages
05-13 04:27:55.764 W/art     ( 2198): Long monitor contention with owner android.display (2235) at void com.android.server.am.ActivityManagerService.finishBooting()(ActivityManagerService.java:6823) waiters=0 in void com.android.server.am.ActivityManagerService$MainHandler.handleMessage(android.os.Message) for 4.386s
05-13 04:27:55.766 W/ActivityManager( 2198): Timeout executing service: ServiceRecord{f617c5b u0 com.android.systemui/.keyguard.KeyguardService}
05-13 04:27:55.767 W/art     ( 2198): Long monitor contention with owner android.display (2235) at void com.android.server.am.ActivityManagerService.finishBooting()(ActivityManagerService.java:6823) waiters=1 in java.lang.String com.android.server.am.ActivityManagerService.checkContentProviderAccess(java.lang.String, int) for 3.657s
05-13 04:27:55.768 W/art     ( 2198): Long monitor contention with owner android.display (2235) at void com.android.server.am.ActivityManagerService.finishBooting()(ActivityManagerService.java:6823) waiters=2 in void com.android.server.am.ActivityManagerService.attachApplication(android.app.IApplicationThread) for 3.346s
05-13 04:27:55.791 W/art     ( 2198): Long monitor contention with owner android.display (2235) at void com.android.server.am.ActivityManagerService.finishBooting()(ActivityManagerService.java:6823) waiters=3 in void com.android.server.am.ActivityManagerService.publishContentProviders(android.app.IApplicationThread, java.util.List) for 599ms
05-13 04:27:56.033 I/Process ( 2198): Sending signal. PID: 2802 SIG: 3
05-13 04:27:56.035 I/art     ( 2802): Thread[3,tid=2810,WaitingInMainSignalCatcherLoop,Thread*=0x7c5d27e96400,peer=0x12c1e310,"Signal Catcher"]: reacting to signal 3
05-13 04:27:56.035 I/art     ( 2802): 
05-13 04:27:56.238 W/System  ( 2870): ClassLoader referenced unknown path: /system/priv-app/ExtServices/lib/x86_64
05-13 04:27:56.776 W/art     ( 2198): Long monitor contention with owner Binder:2198_6 (2628) at void com.android.server.am.ActivityManagerService.attachApplication(android.app.IApplicationThread)(ActivityManagerService.java:6669) waiters=1 in void com.android.server.am.ActivityManagerService$3.handleMessage(android.os.Message) for 842ms
05-13 04:27:56.932 I/AlarmClock( 2822): AlarmInitReceiver android.intent.action.TIME_SET
05-13 04:27:58.482 W/ifconfig( 2902): type=1400 audit(0.0:10): avc: denied { ioctl } for path="socket:[15260]" dev="sockfs" ino=15260 ioctlcmd=8927 scontext=u:r:shell:s0 tcontext=u:r:shell:s0 tclass=udp_socket permissive=0
05-13 04:27:58.532 W/ifconfig( 2902): type=1400 audit(0.0:11): avc: denied { ioctl } for path="socket:[15260]" dev="sockfs" ino=15260 ioctlcmd=891d scontext=u:r:shell:s0 tcontext=u:r:shell:s0 tclass=udp_socket permissive=0
05-13 04:27:58.612 W/ifconfig( 2902): type=1400 audit(0.0:12): avc: denied { ioctl } for path="socket:[15260]" dev="sockfs" ino=15260 ioctlcmd=8970 scontext=u:r:shell:s0 tcontext=u:r:shell:s0 tclass=udp_socket permissive=0
05-13 04:27:57.187 E/ActivityManager( 2198): ANR in com.android.systemui
05-13 04:27:57.187 E/ActivityManager( 2198): PID: 2802
05-13 04:27:57.187 E/ActivityManager( 2198): Reason: executing service com.android.systemui/.keyguard.KeyguardService
05-13 04:27:57.187 E/ActivityManager( 2198): Load: 0.0 / 0.0 / 0.0
05-13 04:27:57.187 E/ActivityManager( 2198): CPU usage from 23849ms to 0ms ago (2021-05-13 04:27:31.945 to 2021-05-13 04:27:55.794):
05-13 04:27:57.187 E/ActivityManager( 2198):   96% 1318/surfaceflinger: 32% user + 63% kernel / faults: 2039 minor
05-13 04:27:57.187 E/ActivityManager( 2198):   25% 2198/system_server: 5.7% user + 19% kernel / faults: 2087 minor 107 major
05-13 04:27:57.187 E/ActivityManager( 2198):   15% 2610/com.android.settings: 4.4% user + 11% kernel / faults: 35 minor 1 major
05-13 04:27:57.187 E/ActivityManager( 2198):   2.4% 1328/media.codec: 0.1% user + 2.3% kernel / faults: 1794 minor
05-13 04:27:57.187 E/ActivityManager( 2198):   0.8% 1326/installd: 0% user + 0.8% kernel
05-13 04:27:57.187 E/ActivityManager( 2198):   2.2% 1320/adbd: 0% user + 2.2% kernel / faults: 1315 minor
05-13 04:27:57.187 E/ActivityManager( 2198):   1% 8/rcu_preempt: 0% user + 1% kernel
05-13 04:27:57.187 E/ActivityManager( 2198):   0.5% 1330/media.extractor: 0% user + 0.4% kernel / faults: 50 minor
05-13 04:27:57.187 E/ActivityManager( 2198):   0.5% 1321/zygote64: 0% user + 0.5% kernel / faults: 455 minor
05-13 04:27:57.187 E/ActivityManager( 2198):   0.2% 1253/kworker/0:1H: 0% user + 0.2% kernel
05-13 04:27:57.187 E/ActivityManager( 2198):   0.1% 1331/mediaserver: 0% user + 0.1% kernel / faults: 1 minor
05-13 04:27:57.187 E/ActivityManager( 2198):   0.2% 1265/logd: 0% user + 0.2% kernel / faults: 8 minor
05-13 04:27:57.187 E/ActivityManager( 2198):   0.2% 1317/servicemanager: 0% user + 0.2% kernel
05-13 04:27:57.187 E/ActivityManager( 2198):   0.2% 3/ksoftirqd/0: 0% user + 0.2% kernel
05-13 04:27:57.187 E/ActivityManager( 2198):   0.1% 1324/cameraserver: 0% user + 0.1% kernel / faults: 18 minor
05-13 04:27:57.187 E/ActivityManager( 2198):   0.1% 1332/netd: 0% user + 0% kernel / faults: 91 minor
05-13 04:27:57.187 E/ActivityManager( 2198):   0.2% 2750/com.android.cellbroadcastreceiver: 0% user + 0.2% kernel / faults: 149 minor
05-13 04:27:57.187 E/ActivityManager( 2198):   0% 1//init: 0% user + 0% kernel / faults: 1 minor
05-13 04:27:57.187 E/ActivityManager( 2198):   0.1% 1323/audioserver: 0% user + 0% kernel
05-13 04:27:57.187 E/ActivityManager( 2198):   0.1% 2594/com.android.phone: 0% user + 0% kernel / faults: 59 minor 2 major
05-13 04:27:57.187 E/ActivityManager( 2198):   0.1% 1363/logcat: 0% user + 0.1% kernel / faults: 3 minor
05-13 04:27:57.187 E/ActivityManager( 2198):   0% 12/ksoftirqd/1: 0% user + 0% kernel
05-13 04:27:57.187 E/ActivityManager( 2198):   0% 809/kworker/0:2: 0% user + 0% kernel
05-13 04:27:57.187 E/ActivityManager( 2198):   0% 1268/vold: 0% user + 0% kernel / faults: 10 minor
05-13 04:27:57.187 E/ActivityManager( 2198):   0% 6/kworker/u4:0: 0% user + 0% kernel
05-13 04:27:57.187 E/ActivityManager( 2198):   0% 1316/lmkd: 0% user + 0% kernel
05-13 04:27:57.187 E/ActivityManager( 2198):  +0% 2802/com.android.systemui: 0% user + 0% kernel
05-13 04:27:57.187 E/ActivityManager( 2198):  +0% 2822/com.android.deskclock: 0% user + 0% kernel
05-13 04:27:57.187 E/ActivityManager( 2198):  +0% 2870/<pre-initialized>: 0% user + 0% kernel
05-13 04:27:57.187 E/ActivityManager( 2198): 99% TOTAL: 26% user + 71% kernel + 0.1% iowait + 0.8% softirq
05-13 04:27:57.187 E/ActivityManager( 2198): CPU usage from 230275ms to 230275ms ago (1970-01-01 00:00:00.000 to 1970-01-01 00:00:00.000) with 0% awake:
05-13 04:27:57.187 E/ActivityManager( 2198): 0% TOTAL: 0% user + 0% kernel
05-13 04:27:57.201 I/ActivityManager( 2198): Killing 2802:com.android.systemui/u0a21 (adj -800): bg anr
05-13 04:27:57.207 W/ActivityManager( 2198): Timeout executing service: ServiceRecord{f617c5b u0 com.android.systemui/.keyguard.KeyguardService}
05-13 04:27:57.208 I/ActivityManager( 2198): Skipping duplicate ANR: ProcessRecord{a7b9082 2802:com.android.systemui/u0a21} executing service com.android.systemui/.keyguard.KeyguardService
05-13 04:27:57.309 D/MountService( 2198): onUnlockUser 0
05-13 04:27:57.310 D/VoldConnector( 2198): SND -> {8 volume user_started 0}
05-13 04:27:57.457 D/vold    ( 1268): Linking /storage/emulated/0 to /mnt/user/0/primary
05-13 04:27:57.471 D/VoldConnector( 2198): RCV <- {200 8 Command succeeded}
05-13 04:27:57.478 D/MountService( 2198): Volume public:253,48 broadcasting mounted to UserHandle{0}
05-13 04:27:57.623 D/MountService( 2198): Volume emulated broadcasting mounted to UserHandle{0}
05-13 04:27:57.801 V/BackupManagerService( 2198): No ancestral data
05-13 04:27:57.953 I/BackupManagerService( 2198): Package jp.jaxa.iss.kibo.rpc.sampleapk not installed; dropping from full backup
05-13 04:27:57.996 V/BackupManagerService( 2198): Starting with transport android/com.android.internal.backup.LocalTransport
05-13 04:27:57.996 V/BackupManagerService( 2198): Found transports: 1
05-13 04:27:57.997 W/BackupManagerService( 2198): Proposed transport ComponentInfo{android/com.android.internal.backup.LocalTransportService} not whitelisted; ignoring
05-13 04:27:58.179 I/BackupManagerService( 2198): Backup enabled => false
05-13 04:27:58.634 I/InputAttributes( 2392): InputType.TYPE_NULL is specified
05-13 04:27:58.795 W/art     ( 2198): Long monitor contention with owner backup (2901) at void java.io.FileDescriptor.sync()(FileDescriptor.java:-2) waiters=0 in void com.android.server.backup.BackupManagerService.setBackupEnabled(boolean) for 607ms
05-13 04:27:59.080 D/WIFI    ( 2198): Registering NetworkFactory
05-13 04:27:59.081 D/WIFI_UT ( 2198): Registering NetworkFactory
05-13 04:27:59.083 D/ConnectivityService( 2198): Got NetworkFactory Messenger for WIFI
05-13 04:27:59.084 D/ConnectivityService( 2198): Got NetworkFactory Messenger for WIFI_UT
05-13 04:27:59.101 D/WIFI    ( 2198): got request NetworkRequest [ REQUEST id=1, [ Capabilities: INTERNET&NOT_RESTRICTED&TRUSTED&NOT_VPN] ] with score 0
05-13 04:27:59.102 D/WIFI_UT ( 2198): got request NetworkRequest [ REQUEST id=1, [ Capabilities: INTERNET&NOT_RESTRICTED&TRUSTED&NOT_VPN] ] with score 0
05-13 04:27:59.106 V/KeyValueBackupJob( 2198): Scheduling k/v pass in 248 minutes
05-13 04:27:59.257 V/AlarmClock( 2822): AlarmInitReceiver finished
05-13 04:27:59.264 W/art     ( 2198): Long monitor contention with owner Binder:2198_2 (2214) at void com.android.server.am.ActivityManagerService.trimApplications()(ActivityManagerService.java:21356) waiters=3 in int com.android.server.am.ActivityManagerService.getAppStartMode(int, java.lang.String) for 150ms
05-13 04:27:59.337 I/AlarmClock( 2822): AlarmInitReceiver android.intent.action.LOCKED_BOOT_COMPLETED
05-13 04:28:00.558 I/ActivityManager( 2198): Process com.android.systemui (pid 2802) has died
05-13 04:28:00.590 D/ActivityManager( 2198): cleanUpApplicationRecord -- 2802
05-13 04:28:00.592 W/ActivityManager( 2198): Scheduling restart of crashed service com.android.systemui/.keyguard.KeyguardService in 0ms
05-13 04:28:00.592 W/ActivityManager( 2198): Scheduling restart of crashed service com.android.systemui/.ImageWallpaper in 0ms
05-13 04:28:00.593 W/ActivityManager( 2198): Scheduling restart of crashed service com.android.systemui/.SystemUIService in 0ms
05-13 04:28:00.597 W/ActivityManager( 2198): Re-adding persistent process ProcessRecord{a7b9082 2802:com.android.systemui/u0a21}
05-13 04:28:00.803 I/LatinIME( 2392): Timeout waiting for dictionary load
05-13 04:28:00.967 W/ActivityManager( 2198): Slow operation: 369ms so far, now at startProcess: returned from zygote!
05-13 04:28:00.967 W/ActivityManager( 2198): Slow operation: 369ms so far, now at startProcess: done updating battery stats
05-13 04:28:00.968 W/ActivityManager( 2198): Slow operation: 370ms so far, now at startProcess: building log message
05-13 04:28:00.968 I/ActivityManager( 2198): Start proc 2915:com.android.systemui/u0a21 for restart com.android.systemui
05-13 04:28:00.968 W/ActivityManager( 2198): Slow operation: 370ms so far, now at startProcess: starting to update pids map
05-13 04:28:00.979 W/ActivityManager( 2198): Slow operation: 381ms so far, now at startProcess: done updating pids map
05-13 04:28:00.992 W/art     ( 2198): Long monitor contention with owner Binder:2198_5 (2468) at void com.android.server.am.ActivityManagerService$AppDeathRecipient.binderDied()(ActivityManagerService.java:1475) waiters=0 in void com.android.server.am.ActivityManagerService.dispatchUidsChanged() for 389ms
05-13 04:28:00.997 W/VoiceInteractionManagerService( 2198): no available voice interaction services found for user 0
05-13 04:28:00.997 W/VoiceInteractionManagerService( 2198): no available voice recognition services found for user 0
05-13 04:28:01.076 W/art     ( 2915): Unexpected CPU variant for X86 using defaults: x86_64
05-13 04:28:01.082 I/ActivityManager( 2198): Loading recents for user 0 into memory.
05-13 04:28:01.223 W/art     ( 2198): Long monitor contention with owner ActivityManager (2224) at void com.android.server.am.ActivityManagerService$MainHandler.handleMessage(android.os.Message)(ActivityManagerService.java:2027) waiters=1 in boolean com.android.server.am.ActivityManagerService.isUserRunning(int, int) for 135ms
05-13 04:28:01.225 W/art     ( 2198): Long monitor contention with owner ActivityManager (2224) at void com.android.server.am.ActivityManagerService$MainHandler.handleMessage(android.os.Message)(ActivityManagerService.java:2027) waiters=2 in void com.android.server.am.ActivityManagerService.dispatchUidsChanged() for 111ms
05-13 04:28:01.361 D/ActivityManager( 2198): Sending BOOT_COMPLETE user #0
05-13 04:28:01.789 W/art     ( 2198): Long monitor contention with owner ActivityManager (2224) at void com.android.server.am.ActivityManagerService$MainHandler.handleMessage(android.os.Message)(ActivityManagerService.java:2027) waiters=0 in boolean com.android.server.am.ActivityManagerService.isUserRunning(int, int) for 703ms
05-13 04:28:01.847 W/art     ( 2198): Long monitor contention with owner ActivityManager (2224) at void com.android.server.am.BroadcastQueue.processNextBroadcast(boolean)(BroadcastQueue.java:760) waiters=2 in boolean com.android.server.am.ActivityManagerService.isUserRunning(int, int) for 230ms
05-13 04:28:01.875 D/CarrierSvcBindHelper( 2594): Received android.intent.action.USER_UNLOCKED
05-13 04:28:01.890 E/PhoneInterfaceManager( 2594): [PhoneIntfMgr] getCarrierPackageNamesForIntent: No UICC
05-13 04:28:01.891 D/CarrierSvcBindHelper( 2594): No carrier app for: 0
05-13 04:28:02.104 D/FallbackHome( 2610): User unlocked and real home found; let's go!
05-13 04:28:02.162 I/Choreographer( 2610): Skipped 34 frames!  The application may be doing too much work on its main thread.
05-13 04:28:02.200 I/ActivityManager( 2198): START u0 {act=android.intent.action.MAIN cat=[android.intent.category.HOME] flg=0x10000100 cmp=com.android.launcher3/.Launcher} from uid 0 on display 0
05-13 04:28:02.240 W/System  ( 2915): ClassLoader referenced unknown path: /system/priv-app/SystemUI/lib/x86_64
05-13 04:28:02.434 W/art     ( 2198): Long monitor contention with owner Thread-7 (2920) at void com.android.server.pm.ShortcutService.-com_android_server_pm_ShortcutService_lambda$7(long, int)(ShortcutService.java:578) waiters=0 in void com.android.server.pm.ShortcutService.handleOnUidStateChanged(int, int) for 573ms
05-13 04:28:02.483 W/ActivityManager( 2198): Slow operation: 167ms so far, now at startProcess: returned from zygote!
05-13 04:28:02.483 W/ActivityManager( 2198): Slow operation: 167ms so far, now at startProcess: done updating battery stats
05-13 04:28:02.484 W/ActivityManager( 2198): Slow operation: 168ms so far, now at startProcess: building log message
05-13 04:28:02.484 I/ActivityManager( 2198): Start proc 2949:com.android.launcher3/u0a42 for activity com.android.launcher3/.Launcher
05-13 04:28:02.484 W/ActivityManager( 2198): Slow operation: 168ms so far, now at startProcess: starting to update pids map
05-13 04:28:02.484 W/ActivityManager( 2198): Slow operation: 168ms so far, now at startProcess: done updating pids map
05-13 04:28:02.484 W/ActivityManager( 2198): Slow operation: 169ms so far, now at startProcess: done starting proc!
05-13 04:28:02.486 W/art     ( 2949): Unexpected CPU variant for X86 using defaults: x86_64
05-13 04:28:02.580 I/AccountManagerService( 2198): User 0 is unlocked - opening CE database
05-13 04:28:02.583 W/art     ( 2198): Long monitor contention with owner ActivityManager (2224) at void com.android.server.am.ActiveServices$ServiceRestarter.run()(ActiveServices.java:1259) waiters=2 in boolean com.android.server.am.ActivityManagerService.isUserRunning(int, int) for 556ms
05-13 04:28:03.185 W/libprocessgroup( 2198): failed to open /acct/uid_10021/pid_2802/cgroup.procs: No such file or directory
05-13 04:28:03.194 W/art     ( 2198): Long monitor contention with owner android.display (2235) at void com.android.server.wm.WindowAnimator$1.doFrame(long)(WindowAnimator.java:144) waiters=0 in void com.android.server.wm.WindowManagerService.setAppVisibility(android.os.IBinder, boolean) for 206ms
05-13 04:28:03.196 W/art     ( 2198): Long monitor contention with owner Binder:2198_2 (2214) at void com.android.server.am.ActivityManagerService.activityPaused(android.os.IBinder)(ActivityManagerService.java:6916) waiters=1 in void com.android.server.am.ActivityManagerService$MainHandler.handleMessage(android.os.Message) for 911ms
05-13 04:28:03.201 W/art     ( 2198): Long monitor contention with owner Binder:2198_2 (2214) at void com.android.server.am.ActivityManagerService.activityPaused(android.os.IBinder)(ActivityManagerService.java:6916) waiters=3 in void com.android.server.am.ActivityManagerService.attachApplication(android.app.IApplicationThread) for 586ms
05-13 04:28:03.202 W/art     ( 2198): Long monitor contention with owner Binder:2198_2 (2214) at void com.android.server.am.ActivityManagerService.activityPaused(android.os.IBinder)(ActivityManagerService.java:6916) waiters=4 in android.content.Intent com.android.server.am.ActivityManagerService.registerReceiver(android.app.IApplicationThread, java.lang.String, android.content.IIntentReceiver, android.content.IntentFilter, java.lang.String, int) for 418ms
05-13 04:28:03.206 I/Choreographer( 2610): Skipped 61 frames!  The application may be doing too much work on its main thread.
05-13 04:28:03.207 W/art     ( 2198): Long monitor contention with owner Binder:2198_2 (2214) at void com.android.server.am.ActivityManagerService.activityPaused(android.os.IBinder)(ActivityManagerService.java:6916) waiters=2 in void com.android.server.am.ActivityManagerService.dispatchUidsChanged() for 773ms
05-13 04:28:03.344 W/art     ( 2198): Long monitor contention with owner Binder:2198_2 (2214) at void com.android.server.am.ActivityManagerService.activityPaused(android.os.IBinder)(ActivityManagerService.java:6916) waiters=3 in boolean com.android.server.am.ActivityManagerService.isUserRunning(int, int) for 713ms
05-13 04:28:03.348 D/AlarmClock/Events( 2822): [Stopwatch] [Reset] [Reboot]
05-13 04:28:03.509 W/art     ( 2198): Long monitor contention with owner Binder:2198_2 (2214) at void com.android.server.am.ActivityManagerService.activityPaused(android.os.IBinder)(ActivityManagerService.java:6916) waiters=5 in boolean com.android.server.am.ActivityManagerService.isUserRunning(int, int) for 618ms
05-13 04:28:03.514 W/System  ( 2949): ClassLoader referenced unknown path: /system/app/Launcher3/lib/x86_64
05-13 04:28:03.633 W/art     ( 2198): Long monitor contention with owner Binder:2198_2 (2214) at void com.android.server.am.ActivityManagerService.activityPaused(android.os.IBinder)(ActivityManagerService.java:6916) waiters=6 in java.lang.String com.android.server.am.ActivityManagerService.getTagForIntentSender(android.content.IIntentSender, java.lang.String) for 682ms
05-13 04:28:03.649 W/art     ( 2198): Long monitor contention with owner Binder:2198_5 (2468) at void com.android.server.am.ActivityManagerService.attachApplication(android.app.IApplicationThread)(ActivityManagerService.java:6669) waiters=4 in android.content.Intent com.android.server.am.ActivityManagerService.registerReceiver(android.app.IApplicationThread, java.lang.String, android.content.IIntentReceiver, android.content.IntentFilter, java.lang.String, int) for 447ms
05-13 04:28:03.654 W/Binder  ( 2915): Binder call failed.
05-13 04:28:03.654 W/Binder  ( 2915): android.os.DeadObjectException
05-13 04:28:03.654 W/Binder  ( 2915): 	at android.os.BinderProxy.transactNative(Native Method)
05-13 04:28:03.654 W/Binder  ( 2915): 	at android.os.BinderProxy.transact(Binder.java:615)
05-13 04:28:03.654 W/Binder  ( 2915): 	at android.content.IIntentReceiver$Stub$Proxy.performReceive(IIntentReceiver.java:124)
05-13 04:28:03.654 W/Binder  ( 2915): 	at android.app.ActivityThread$ApplicationThread.scheduleRegisteredReceiver(ActivityThread.java:946)
05-13 04:28:03.654 W/Binder  ( 2915): 	at android.app.ApplicationThreadNative.onTransact(ApplicationThreadNative.java:404)
05-13 04:28:03.654 W/Binder  ( 2915): 	at android.os.Binder.execTransact(Binder.java:565)
05-13 04:28:03.674 W/art     ( 2198): Long monitor contention with owner Binder:2198_5 (2468) at void com.android.server.am.ActivityManagerService.attachApplication(android.app.IApplicationThread)(ActivityManagerService.java:6669) waiters=4 in void com.android.server.am.ActivityManagerService.dispatchUidsChanged() for 466ms
05-13 04:28:03.783 V/SystemUIService( 2915): Starting SystemUI services for user 0.
05-13 04:28:04.130 W/art     ( 2198): Long monitor contention with owner Binder:2198_5 (2468) at void com.android.server.am.ActivityManagerService.attachApplication(android.app.IApplicationThread)(ActivityManagerService.java:6669) waiters=4 in boolean com.android.server.am.ActivityManagerService.isUserRunning(int, int) for 785ms
05-13 04:28:04.526 V/MediaRouter( 2915): Adding route: RouteInfo{ name=Phone, description=null, status=null, category=RouteCategory{ name=null types=ROUTE_TYPE_LIVE_AUDIO ROUTE_TYPE_LIVE_VIDEO  groupable=false }, supportedTypes=ROUTE_TYPE_LIVE_AUDIO ROUTE_TYPE_LIVE_VIDEO , presentationDisplay=null }
05-13 04:28:04.546 D/LauncherProvider( 2949): Launcher process started
05-13 04:28:04.837 I/art     ( 2198): Background sticky concurrent mark sweep GC freed 34639(2MB) AllocSpace objects, 10(436KB) LOS objects, 27% free, 9MB/13MB, paused 5.048ms total 518.028ms
05-13 04:28:04.869 W/art     ( 2982): Unexpected CPU variant for X86 using defaults: x86_64
05-13 04:28:04.958 W/ActivityManager( 2198): Slow operation: 311ms so far, now at startProcess: returned from zygote!
05-13 04:28:04.958 W/ActivityManager( 2198): Slow operation: 311ms so far, now at startProcess: done updating battery stats
05-13 04:28:04.958 W/ActivityManager( 2198): Slow operation: 311ms so far, now at startProcess: building log message
05-13 04:28:04.958 I/ActivityManager( 2198): Start proc 2982:com.android.printspooler/u0a51 for service com.android.printspooler/.model.PrintSpoolerService
05-13 04:28:04.958 W/ActivityManager( 2198): Slow operation: 311ms so far, now at startProcess: starting to update pids map
05-13 04:28:04.969 W/ActivityManager( 2198): Slow operation: 322ms so far, now at startProcess: done updating pids map
05-13 04:28:04.969 W/ActivityManager( 2198): Slow operation: 357ms so far, now at startProcess: done starting proc!
