06-01 12:55:42.071 I/InputManager( 3613): Starting input manager
06-01 12:55:42.102 D/EventHub( 3613): No input device configuration file found for device 'Power Button'.
06-01 12:55:42.125 I/SystemServer( 3613): No Bluetooth Service (emulator)
06-01 12:55:42.126 I/SystemServer( 3613): ConnectivityMetricsLoggerService
06-01 12:55:42.145 I/SystemServiceManager( 3613): Starting com.android.server.connectivity.MetricsLoggerService
06-01 12:55:42.171 I/SystemServer( 3613): IpConnectivityMetrics
06-01 12:55:42.172 I/SystemServiceManager( 3613): Starting com.android.server.connectivity.IpConnectivityMetrics
06-01 12:55:42.174 I/SystemServer( 3613): PinnerService
06-01 12:55:42.174 I/SystemServiceManager( 3613): Starting com.android.server.PinnerService
06-01 12:55:42.178 I/SystemServiceManager( 3613): Starting com.android.server.InputMethodManagerService$Lifecycle
06-01 12:55:42.196 W/EventHub( 3613): Unable to disable kernel key repeat for /dev/input/event0: Function not implemented
06-01 12:55:42.197 I/EventHub( 3613): New device: id=1, fd=91, path='/dev/input/event0', name='Power Button', classes=0x1, configuration='', keyLayout='/system/usr/keylayout/Generic.kl', keyCharacterMap='/system/usr/keychars/Generic.kcm', builtinKeyboard=false, wakeMechanism=EPOLLWAKEUP, usingClockIoctl=true
06-01 12:55:42.224 W/EventHub( 3613): Unable to disable kernel key repeat for /dev/input/event1: Function not implemented
06-01 12:55:42.224 I/EventHub( 3613): New device: id=2, fd=92, path='/dev/input/event1', name='qwerty2', classes=0x95, configuration='/system/usr/idc/qwerty2.idc', keyLayout='/system/usr/keylayout/qwerty.kl', keyCharacterMap='/system/usr/keychars/qwerty2.kcm', builtinKeyboard=true, wakeMechanism=EPOLLWAKEUP, usingClockIoctl=true
06-01 12:55:42.224 E/EventHub( 3613): could not get driver version for /dev/input/mice, Not a typewriter
06-01 12:55:42.314 I/InputReader( 3613): Device added: id=-1, name='Virtual', sources=0x00000301
06-01 12:55:42.319 I/InputReader( 3613):   Touch device 'qwerty2' could not query the properties of its associated display.  The device will be inoperable until the display size becomes available.
06-01 12:55:42.335 I/InputReader( 3613): Device added: id=0, name='qwerty2', sources=0x80001103
06-01 12:55:42.336 I/InputReader( 3613): Device added: id=1, name='Power Button', sources=0x00000101
06-01 12:55:43.164 I/SystemServer( 3613): StartAccessibilityManagerService
06-01 12:55:43.356 I/ActivityManager( 3613): Config changes=1df8 {1.0 ?mcc?mnc [en_US] ldltr sw360dp w360dp h640dp 480dpi nrml long port ?uimode ?night -touch -keyb/v/h -nav/h s.2}
06-01 12:55:43.481 I/ActivityManager( 3613): Config changes=500 {1.0 ?mcc?mnc [en_US] ldltr sw360dp w360dp h568dp 480dpi nrml port ?uimode ?night -touch -keyb/v/h -nav/h s.3}
06-01 12:55:43.638 I/ActivityManager( 3613): Config changes=8 {1.0 ?mcc?mnc [en_US] ldltr sw360dp w360dp h568dp 480dpi nrml port ?uimode ?night finger -keyb/v/h -nav/h s.4}
06-01 12:55:43.760 I/InputReader( 3613): Reconfiguring input devices.  changes=0x00000004
06-01 12:55:43.761 I/InputReader( 3613): Device reconfigured: id=0, name='qwerty2', size 1080x1920, orientation 0, mode 1, display id 0
06-01 12:55:43.801 I/SystemServiceManager( 3613): Starting com.android.server.MountService$Lifecycle
06-01 12:55:44.005 I/SystemServiceManager( 3613): Starting com.android.server.UiModeManagerService
06-01 12:55:44.036 I/ActivityManager( 3613): Config changes=200 {1.0 ?mcc?mnc [en_US] ldltr sw360dp w360dp h568dp 480dpi nrml port finger -keyb/v/h -nav/h s.5}
06-01 12:55:44.084 D/MountService( 3613): Thinking about init, mSystemReady=false, mDaemonConnected=true
06-01 12:55:44.084 D/MountService( 3613): Thinking about reset, mSystemReady=false, mDaemonConnected=true
06-01 12:55:44.087 D/MountService( 3613): Thinking about init, mSystemReady=false, mDaemonConnected=true
06-01 12:55:44.087 D/MountService( 3613): Thinking about reset, mSystemReady=false, mDaemonConnected=true
06-01 12:55:44.115 W/PackageManager( 3613): No disk maintenance in 5906810114; running immediately
06-01 12:55:44.116 I/SystemServer( 3613): StartLockSettingsService
06-01 12:55:44.119 I/SystemServiceManager( 3613): Starting com.android.server.LockSettingsService$Lifecycle
06-01 12:55:44.130 D/CryptdConnector( 3613): SND -> {1 cryptfs getfield SystemLocale}
06-01 12:55:44.181 D/CryptdConnector( 3613): RCV <- {200 1 -1}
06-01 12:55:44.214 W/MountService( 3613): No primary storage mounted!
06-01 12:55:44.215 D/VoldConnector( 3613): SND -> {1 asec list}
06-01 12:55:44.221 D/VoldConnector( 3613): RCV <- {200 1 asec operation succeeded}
06-01 12:55:44.241 I/PackageManager( 3613): No secure containers found
06-01 12:55:44.241 W/PackageManager( 3613): Unknown permission com.google.android.googleapps.permission.GOOGLE_AUTH in package com.android.providers.calendar
06-01 12:55:44.242 W/PackageManager( 3613): Unknown permission com.google.android.googleapps.permission.GOOGLE_AUTH.cl in package com.android.providers.calendar
06-01 12:55:44.242 W/PackageManager( 3613): Not granting permission android.permission.GLOBAL_SEARCH to package com.android.quicksearchbox (protectionLevel=18 flags=0x3808be45)
06-01 12:55:44.243 W/PackageManager( 3613): Not granting permission android.permission.WRITE_EXTERNAL_STORAGE to package gov.nasa.arc.astrobee.android.gs.manager because it was previously installed without
06-01 12:55:44.243 W/PackageManager( 3613): Not granting permission android.permission.READ_EXTERNAL_STORAGE to package gov.nasa.arc.astrobee.android.gs.manager because it was previously installed without
06-01 12:55:44.243 W/PackageManager( 3613): Unknown permission com.android.launcher.permission.READ_SETTINGS in package com.android.launcher3
06-01 12:55:44.243 W/PackageManager( 3613): Unknown permission com.android.launcher.permission.WRITE_SETTINGS in package com.android.launcher3
06-01 12:55:44.244 W/PackageManager( 3613): Not granting permission android.permission.BIND_APPWIDGET to package com.android.launcher3 (protectionLevel=18 flags=0x3c4bbe45)
06-01 12:55:44.244 W/PackageManager( 3613): Unknown permission com.google.android.googleapps.permission.GOOGLE_AUTH.mail in package com.android.calendar
06-01 12:55:44.244 W/PackageManager( 3613): Unknown permission com.google.android.providers.settings.permission.WRITE_GSETTINGS in package com.android.sdksetup
06-01 12:55:44.245 W/PackageManager( 3613): Unknown permission com.google.android.permission.INSTALL_WEARABLE_PACKAGES in package com.android.packageinstaller
06-01 12:55:44.245 W/PackageManager( 3613): Not granting permission android.permission.DELETE_PACKAGES to package com.svox.pico (protectionLevel=18 flags=0x3808be45)
06-01 12:55:44.245 W/PackageManager( 3613): Not granting permission android.permission.READ_CONTACTS to package com.example.android.apis because it was previously installed without
06-01 12:55:44.245 W/PackageManager( 3613): Not granting permission android.permission.WRITE_CONTACTS to package com.example.android.apis because it was previously installed without
06-01 12:55:44.245 W/PackageManager( 3613): Not granting permission android.permission.ACCESS_COARSE_LOCATION to package com.example.android.apis because it was previously installed without
06-01 12:55:44.245 W/PackageManager( 3613): Not granting permission android.permission.WRITE_EXTERNAL_STORAGE to package com.example.android.apis because it was previously installed without
06-01 12:55:44.245 W/PackageManager( 3613): Not granting permission android.permission.SEND_SMS to package com.example.android.apis because it was previously installed without
06-01 12:55:44.245 W/PackageManager( 3613): Not granting permission android.permission.RECEIVE_SMS to package com.example.android.apis because it was previously installed without
06-01 12:55:44.245 W/PackageManager( 3613): Not granting permission android.permission.RECEIVE_MMS to package com.example.android.apis because it was previously installed without
06-01 12:55:44.246 W/PackageManager( 3613): Not granting permission android.permission.READ_SMS to package com.example.android.apis because it was previously installed without
06-01 12:55:44.246 W/PackageManager( 3613): Not granting permission android.permission.READ_PHONE_STATE to package com.example.android.apis because it was previously installed without
06-01 12:55:44.246 W/PackageManager( 3613): Not granting permission android.permission.RECORD_AUDIO to package com.example.android.apis because it was previously installed without
06-01 12:55:44.246 W/PackageManager( 3613): Not granting permission android.permission.CAMERA to package com.example.android.apis because it was previously installed without
06-01 12:55:44.246 W/PackageManager( 3613): Not granting permission android.permission.READ_EXTERNAL_STORAGE to package com.example.android.apis because it was previously installed without
06-01 12:55:44.246 W/PackageManager( 3613): Unknown permission android.permission.RUN_INSTRUMENTATION in package org.chromium.webview_shell
06-01 12:55:44.247 W/PackageManager( 3613): Unknown permission com.google.android.googleapps.permission.GOOGLE_AUTH in package com.android.settings
06-01 12:55:44.247 W/PackageManager( 3613): Unknown permission com.android.launcher.permission.READ_SETTINGS in package com.android.settings
06-01 12:55:44.247 W/PackageManager( 3613): Unknown permission com.android.launcher.permission.WRITE_SETTINGS in package com.android.settings
06-01 12:55:44.247 W/PackageManager( 3613): Unknown permission com.android.smspush.WAPPUSH_MANAGER_BIND in package com.android.phone
06-01 12:55:44.249 W/PackageManager( 3613): Unknown permission com.google.android.googleapps.permission.ACCESS_GOOGLE_PASSWORD in package com.android.development
06-01 12:55:44.249 W/PackageManager( 3613): Unknown permission com.google.android.googleapps.permission.GOOGLE_AUTH in package com.android.development
06-01 12:55:44.249 W/PackageManager( 3613): Unknown permission com.google.android.googleapps.permission.GOOGLE_AUTH.ALL_SERVICES in package com.android.development
06-01 12:55:44.249 W/PackageManager( 3613): Unknown permission com.google.android.googleapps.permission.GOOGLE_AUTH.YouTubeUser in package com.android.development
06-01 12:55:44.249 W/PackageManager( 3613): Not granting permission android.permission.BIND_APPWIDGET to package com.android.widgetpreview (protectionLevel=18 flags=0x3808be44)
06-01 12:55:44.385 I/SystemServiceManager( 3613): Starting com.android.server.DeviceIdleController
06-01 12:55:44.683 W/art     ( 3613): Long monitor contention with owner MountService (3787) at void com.android.server.pm.PackageManagerService.loadMediaPackages(android.util.ArrayMap, int[], boolean)(PackageManagerService.java:19317) waiters=0 in android.content.pm.ApplicationInfo com.android.server.pm.PackageManagerService.getApplicationInfo(java.lang.String, int, int) for 294ms
06-01 12:55:44.712 W/MountService( 3613): No primary storage defined yet; hacking together a stub
06-01 12:55:44.715 W/MountService( 3613): No primary storage defined yet; hacking together a stub
06-01 12:55:44.771 W/MountService( 3613): No primary storage mounted!
06-01 12:55:44.772 D/VoldConnector( 3613): SND -> {2 asec list}
06-01 12:55:44.774 D/VoldConnector( 3613): RCV <- {200 2 asec operation succeeded}
06-01 12:55:44.776 I/MountService( 3613): Running fstrim idle maintenance
06-01 12:55:44.778 D/VoldConnector( 3613): SND -> {3 fstrim dotrim}
06-01 12:55:44.807 I/SystemServiceManager( 3613): Starting com.android.server.devicepolicy.DevicePolicyManagerService$Lifecycle
06-01 12:55:44.951 I/SystemServer( 3613): StartStatusBarManagerService
06-01 12:55:44.981 I/SystemServer( 3613): StartClipboardService
06-01 12:55:45.024 I/SystemServer( 3613): StartNetworkManagementService
06-01 12:55:45.051 D/VoldConnector( 3613): RCV <- {200 3 Command succeeded}
06-01 12:55:45.062 I/NetworkManagement( 3613): onDaemonConnected()
06-01 12:55:45.068 D/vold    ( 1270): Starting trim of /cache
06-01 12:55:45.069 W/vold    ( 1270): Trim failed on /cache: Operation not supported on transport endpoint
06-01 12:55:45.069 D/vold    ( 1270): Starting trim of /data
06-01 12:55:45.090 D/VoldConnector( 3613): RCV <- {662 /cache -1 -1}
06-01 12:55:45.105 I/SystemServiceManager( 3613): Starting com.android.server.TextServicesManagerService$Lifecycle
06-01 12:55:45.151 W/vold    ( 1270): Trim failed on /data: Operation not supported on transport endpoint
06-01 12:55:45.151 D/VoldConnector( 3613): RCV <- {662 /data -1 -1}
06-01 12:55:45.185 E/VoldConnector( 3613): Error handling '662 /cache -1 -1': java.lang.NullPointerException: Attempt to invoke virtual method 'void android.os.DropBoxManager.addText(java.lang.String, java.lang.String)' on a null object reference
06-01 12:55:45.188 I/SystemServer( 3613): StartNetworkScoreService
06-01 12:55:45.203 E/VoldConnector( 3613): Error handling '662 /data -1 -1': java.lang.NullPointerException: Attempt to invoke virtual method 'void android.os.DropBoxManager.addText(java.lang.String, java.lang.String)' on a null object reference
06-01 12:55:45.209 I/SystemServer( 3613): StartNetworkStatsService
06-01 12:55:45.322 I/SystemServer( 3613): StartNetworkPolicyManagerService
06-01 12:55:45.398 I/SystemServer( 3613): No Wi-Fi NAN Service (NAN support Not Present)
06-01 12:55:46.033 W/art     ( 3613): Verification of void com.android.server.wifi.p2p.WifiP2pService.<init>(android.content.Context) took 214.269ms
06-01 12:55:46.117 I/SystemServiceManager( 3613): Starting com.android.server.wifi.p2p.WifiP2pService
06-01 12:55:46.547 I/WifiP2pService( 3613): Registering wifip2p
06-01 12:55:46.634 I/SystemServiceManager( 3613): Starting com.android.server.wifi.WifiService
06-01 12:55:47.519 D/HS20    ( 3613): Passpoint is disabled
06-01 12:55:47.772 W/art     ( 3613): Suspending all threads took: 46.406ms
06-01 12:55:47.884 I/art     ( 3613): Background sticky concurrent mark sweep GC freed 33723(2MB) AllocSpace objects, 13(260KB) LOS objects, 24% free, 8MB/10MB, paused 56.384ms total 689.063ms
06-01 12:55:47.921 D/CommandListener( 1335): Clearing all IP addresses on wlan0
06-01 12:55:48.035 D/WifiApConfigStore( 3613): 2G band allowed channels are:1,6,11
06-01 12:55:48.051 E/WifiLogger( 3613): no ring buffers found
06-01 12:55:48.051 E/WifiLogger( 3613): Failed to start packet fate monitoring
06-01 12:55:48.144 D/WifiController( 3613): isAirplaneModeOn = true, isWifiEnabled = false, isScanningAvailable = false
06-01 12:55:48.217 I/WifiService( 3613): Registering wifi
06-01 12:55:48.232 W/UsageStatsService( 3613): User[0] Some stats have no latest available
06-01 12:55:48.242 I/SystemServiceManager( 3613): Starting com.android.server.wifi.scanner.WifiScanningService
06-01 12:55:48.243 I/WifiScanningService( 3613): Creating wifiscanner
06-01 12:55:48.272 I/WifiScanningService( 3613): Publishing wifiscanner
06-01 12:55:48.276 I/SystemServiceManager( 3613): Starting com.android.server.wifi.RttService
06-01 12:55:48.311 I/RttService( 3613): Creating rttmanager
06-01 12:55:48.315 I/RttService( 3613): Starting rttmanager
06-01 12:55:48.317 I/SystemServer( 3613): StartConnectivityService
06-01 12:55:48.369 D/ConnectivityService( 3613): ConnectivityService starting up
06-01 12:55:48.508 D/ConnectivityService( 3613): wifiOnly=false
06-01 12:55:48.815 I/SystemServer( 3613): StartNsdService
06-01 12:55:48.882 I/SystemServer( 3613): StartUpdateLockService
06-01 12:55:48.911 I/SystemServiceManager( 3613): Starting com.android.server.RecoverySystemService
06-01 12:55:48.991 I/SystemServiceManager( 3613): Starting com.android.server.notification.NotificationManagerService
06-01 12:55:49.264 D/ConditionProviders.SCP( 3613): new ScheduleConditionProvider()
06-01 12:55:49.384 D/ZenLog  ( 3613): config: readXml,ZenModeConfig[user=0,allowCalls=true,allowRepeatCallers=false,allowMessages=false,allowCallsFrom=contacts,allowMessagesFrom=contacts,allowReminders=true,allowEvents=true,allowWhenScreenOff=true,allowWhenScreenOn=true,automaticRules={370bd6672ef541ba946db9ac4aef0faf=ZenRule[enabled=false,snoozing=false,name=Weeknight,zenMode=ZEN_MODE_ALARMS,conditionId=condition://android/schedule?days=1.2.3.4.5&start=22.0&end=7.0&exitAtAlarm=false,condition=Condition[id=condition://android/schedule?days=1.2.3.4.5&start=22.0&end=7.0&exitAtAlarm=false,summary=...,line1=...,line2=...,icon=0,state=STATE_FALSE,flags=2],component=ComponentInfo{android/com.android.server.notification.ScheduleConditionProvider},id=370bd6672ef541ba946db9ac4aef0faf,creationTime=1590622727817,enabler=null], a53ffdf89c814123a52adbdd46bc948d=ZenRule[enabled=false,snoozing=false,name=Weekend,zenMode=ZEN_MODE_ALARMS,conditionId=condition://android/schedule?days=6.7&start=23.30&end=10.0&exitAtAlarm=false,condition=Condition[id=condition://android/schedule?days=6.7&start=23.30&end=10.0&exitAtAlarm=false,summary=...,line1=...,line2=...,icon=0,state=STATE_FALSE,flags=2],component=ComponentInfo{android/com.android.server.notification.ScheduleConditionProvider},id=a53ffdf89c814123a52adbdd46bc948d,creationTime=1590622727818,enabler=null], fc8bb1aacabb4877a1d1d167106f6e77=ZenRule[enabled=false,snoozing=false,name=Event,zenMode=ZEN_MODE_ALARMS,conditionId=condition://android/event?userId=-10000&calendar=&reply=1,condition=Condition[id=condition://android/event?userId=-10000&calendar=&reply=1,summary=...,line1=...,line2=...,icon=0,state=STATE_FALSE,flags=2],component=ComponentInfo{android/com.android.server.notification.EventConditionProvider},id=fc8bb1aacabb4877a1d1d167106f6e77,creationTime=1590622727822,enabler=null]},manualRule=null],Diff[automaticRule[370bd6672ef541ba946db9ac4aef0faf]:insert,automaticRule[a53ffdf89c814123a52adbdd46bc948d]:insert,automaticRule[74268588a633440dbcff44666b3458c6]:delete,automaticRule[5df72eb8a9064d9493a6a52fad15f93e]:delete,automaticRule[fc8bb1aacabb4877a1d1d167106f6e77]:insert,automaticRule[ee950d6340fa4cd6a79fbc4cd651add7]:delete]
06-01 12:55:49.485 D/ZenLog  ( 3613): set_zen_mode: off,init
06-01 12:55:49.579 I/SystemServiceManager( 3613): Starting com.android.server.storage.DeviceStorageMonitorService
06-01 12:55:49.615 I/SystemServer( 3613): StartLocationManagerService
06-01 12:55:49.701 I/UsageStatsService( 3613): User[0] Rollover scheduled @ 2021-06-02 12:55:43(1622638543360)
06-01 12:55:49.714 I/SystemServer( 3613): StartCountryDetectorService
06-01 12:55:49.724 I/SystemServer( 3613): StartSearchManagerService
06-01 12:55:49.724 I/SystemServiceManager( 3613): Starting com.android.server.search.SearchManagerService$Lifecycle
06-01 12:55:49.748 I/SystemServiceManager( 3613): Starting com.android.server.DropBoxManagerService
06-01 12:55:49.762 I/SystemServer( 3613): StartWallpaperManagerService
06-01 12:55:49.763 I/SystemServiceManager( 3613): Starting com.android.server.wallpaper.WallpaperManagerService$Lifecycle
06-01 12:55:49.783 E/BitmapFactory( 3613): Unable to decode stream: java.io.FileNotFoundException: /data/system/users/0/wallpaper_orig (No such file or directory)
06-01 12:55:49.783 E/WallpaperManagerService( 3613): Invalid wallpaper data
06-01 12:55:49.783 E/WallpaperManagerService( 3613): Unable to apply new wallpaper
06-01 12:55:49.795 I/SystemServer( 3613): StartAudioService
06-01 12:55:49.796 I/SystemServiceManager( 3613): Starting com.android.server.audio.AudioService$Lifecycle
06-01 12:55:50.012 W/TelecomManager( 3613): Telecom Service not found.
06-01 12:55:50.069 D/PermissionCache( 1326): checking android.permission.MODIFY_AUDIO_SETTINGS for uid=1000 => granted (40227 us)
06-01 12:55:50.101 W/AudioFlinger( 1326): no wake lock to update, system not ready yet
06-01 12:55:50.131 D/PermissionCache( 1326): checking android.permission.MODIFY_AUDIO_SETTINGS for uid=1000 => granted (100946 us)
06-01 12:55:50.512 I/SystemServiceManager( 3613): Starting com.android.server.DockObserver
06-01 12:55:50.514 W/DockObserver( 3613): This kernel does not have dock station support
06-01 12:55:50.584 I/SystemServer( 3613): StartWiredAccessoryManager
06-01 12:55:50.588 W/WiredAccessoryManager( 3613): This kernel does not have usb audio support
06-01 12:55:50.589 W/WiredAccessoryManager( 3613): This kernel does not have HDMI audio support
06-01 12:55:50.630 I/SystemServiceManager( 3613): Starting com.android.server.midi.MidiService$Lifecycle
06-01 12:55:50.653 I/SystemServiceManager( 3613): Starting com.android.server.usb.UsbService$Lifecycle
06-01 12:55:50.813 I/SystemServer( 3613): StartSerialService
06-01 12:55:50.816 E/HardwarePropertiesManagerService-JNI( 3613): Couldn't load thermal module (No such file or directory)
06-01 12:55:50.824 I/SystemServiceManager( 3613): Starting com.android.server.twilight.TwilightService
06-01 12:55:50.827 I/SystemServiceManager( 3613): Starting com.android.server.job.JobSchedulerService
06-01 12:55:50.963 I/SystemServiceManager( 3613): Starting com.android.server.soundtrigger.SoundTriggerService
06-01 12:55:50.994 I/SystemServiceManager( 3613): Starting com.android.server.backup.BackupManagerService$Lifecycle
06-01 12:55:51.004 I/SystemServiceManager( 3613): Starting com.android.server.appwidget.AppWidgetService
06-01 12:55:51.147 I/SystemServiceManager( 3613): Starting com.android.server.voiceinteraction.VoiceInteractionManagerService
06-01 12:55:51.186 I/SystemServer( 3613): Gesture Launcher Service
06-01 12:55:51.186 I/SystemServiceManager( 3613): Starting com.android.server.GestureLauncherService
06-01 12:55:51.187 I/SystemServiceManager( 3613): Starting com.android.server.SensorNotificationService
06-01 12:55:51.188 I/SystemServiceManager( 3613): Starting com.android.server.ContextHubSystemService
06-01 12:55:51.233 E/ContextHubService( 3613): ** Could not load context_hub module : err No such file or directory
06-01 12:55:51.233 W/ContextHubService( 3613): No Context Hub Module present
06-01 12:55:51.234 I/SystemServer( 3613): StartDiskStatsService
06-01 12:55:51.242 I/SystemServer( 3613): StartSamplingProfilerService
06-01 12:55:51.348 I/SystemServer( 3613): StartNetworkTimeUpdateService
06-01 12:55:51.366 I/SystemServer( 3613): StartCommonTimeManagementService
06-01 12:55:51.382 I/SystemServer( 3613): CertBlacklister
06-01 12:55:51.387 I/SystemServiceManager( 3613): Starting com.android.server.emergency.EmergencyAffordanceService
06-01 12:55:51.471 I/SystemServiceManager( 3613): Starting com.android.server.dreams.DreamManagerService
06-01 12:55:51.478 I/SystemServer( 3613): StartAssetAtlasService
06-01 12:55:51.516 I/SystemServiceManager( 3613): Starting com.android.server.print.PrintManagerService
06-01 12:55:51.606 I/SystemServiceManager( 3613): Starting com.android.server.restrictions.RestrictionsManagerService
06-01 12:55:51.623 D/AssetAtlas( 3613): Loaded configuration: SliceMinArea (1280x896) flags=0x2 count=91
06-01 12:55:51.634 I/SystemServiceManager( 3613): Starting com.android.server.media.MediaSessionService
06-01 12:55:51.650 I/SystemServer( 3613): StartMediaRouterService
06-01 12:55:51.656 I/SystemServiceManager( 3613): Starting com.android.server.trust.TrustManagerService
06-01 12:55:51.766 I/SystemServiceManager( 3613): Starting com.android.server.fingerprint.FingerprintService
06-01 12:55:51.825 D/gralloc_ranchu( 3613): Emulator without host-side GPU emulation detected. Loading gralloc.default.so from /vendor/lib64/hw/gralloc.goldfish.default.so...
06-01 12:55:51.829 D/gralloc_ranchu( 3613): gralloc.default.so not found in /vendor. Trying /system/lib64/hw/gralloc.goldfish.default.so...
06-01 12:55:51.869 D/PermissionCache( 1338): checking android.permission.MANAGE_FINGERPRINT for uid=1000 => granted (25813 us)
06-01 12:55:51.875 V/fingerprintd( 1338): nativeOpenHal()
06-01 12:55:51.975 D/FingerprintHal( 1338): ----------------> fingerprint_open ----------------->
06-01 12:55:51.977 E/fingerprintd( 1338): Wrong fp version. Expected 512, got 513
06-01 12:55:51.977 D/FingerprintHal( 1338): ----------------> set_notify_callback ----------------->
06-01 12:55:51.977 D/FingerprintHal( 1338): fingerprint callback notification set
06-01 12:55:51.977 V/fingerprintd( 1338): fingerprint HAL successfully initialized
06-01 12:55:51.990 D/FingerprintHal( 1338): ----------------> listenerFunction ----------------->
06-01 12:55:52.011 V/fingerprintd( 1338): setActiveGroup(0, /data/system/users/0/fpdata, 27)
06-01 12:55:52.011 D/FingerprintHal( 1338): ----------------> fingerprint_set_active_group -----------------> path /data/system/users/0/fpdata
06-01 12:55:52.011 D/FingerprintHal( 1338): ----------------> loadFingerprints ----------------->
06-01 12:55:52.011 E/FingerprintHal( 1338): Could not load fingerprints from storage at /data/system/users/0/fpdata/emufp.bin; it has not yet been created.
06-01 12:55:52.012 D/FingerprintHal( 1338): ----------------> loadAuthenticatorId ----------------->
06-01 12:55:52.020 D/FingerprintHal( 1338): Read authenticator id (0x6b8b4567327b23c6)
06-01 12:55:52.021 D/FingerprintHal( 1338): ----------------> fingerprint_get_auth_id ----------------->
06-01 12:55:52.021 D/FingerprintHal( 1338): ----------------> fingerprint_get_auth_id auth id 6b8b4567327b23c6----------------->
06-01 12:55:52.022 V/FingerprintService( 3613): Fingerprint HAL id: 138221931773952
06-01 12:55:52.025 I/SystemServer( 3613): StartBackgroundDexOptService
06-01 12:55:52.033 I/SystemServiceManager( 3613): Starting com.android.server.pm.ShortcutService$Lifecycle
06-01 12:55:52.127 I/SystemServiceManager( 3613): Starting com.android.server.pm.LauncherAppsService
06-01 12:55:52.153 I/SystemServiceManager( 3613): Starting com.android.server.media.projection.MediaProjectionManagerService
06-01 12:55:52.167 V/MediaRouter( 3613): Adding route: RouteInfo{ name=Phone, description=null, status=null, category=RouteCategory{ name=null types=ROUTE_TYPE_LIVE_AUDIO ROUTE_TYPE_LIVE_VIDEO  groupable=false }, supportedTypes=ROUTE_TYPE_LIVE_AUDIO ROUTE_TYPE_LIVE_VIDEO , presentationDisplay=null }
06-01 12:55:52.227 V/MediaRouter( 3613): Updating audio routes: AudioRoutesInfo{ type=SPEAKER }
06-01 12:55:52.239 V/MediaRouter( 3613): Selecting route: RouteInfo{ name=Phone, description=null, status=null, category=RouteCategory{ name=null types=ROUTE_TYPE_LIVE_AUDIO ROUTE_TYPE_LIVE_VIDEO  groupable=false }, supportedTypes=ROUTE_TYPE_LIVE_AUDIO ROUTE_TYPE_LIVE_VIDEO , presentationDisplay=null }
06-01 12:55:52.250 W/AssetAtlasService( 3613): Could not find EGL configuration
06-01 12:55:52.274 D/AssetAtlas( 3613): Rendered atlas in 338.28ms (284.85+53.43ms)
06-01 12:55:52.287 I/WindowManager( 3613): SAFE MODE not enabled
06-01 12:55:52.288 I/SystemServiceManager( 3613): Starting com.android.server.MmsServiceBroker
06-01 12:55:52.353 W/VibratorService( 3613): Tried to stop vibrating but there is no vibrator device.
06-01 12:55:52.484 I/art     ( 3613): Background partial concurrent mark sweep GC freed 19732(1518KB) AllocSpace objects, 12(240KB) LOS objects, 24% free, 12MB/16MB, paused 3.593ms total 558.315ms
06-01 12:55:53.006 E/LockSettingsStorage( 3613): Cannot read file java.io.FileNotFoundException: /data/system/gatekeeper.password.key: open failed: ENOENT (No such file or directory)
06-01 12:55:53.008 E/LockSettingsStorage( 3613): Cannot read file java.io.FileNotFoundException: /data/system/password.key: open failed: ENOENT (No such file or directory)
06-01 12:55:53.009 E/LockSettingsStorage( 3613): Cannot read file java.io.FileNotFoundException: /data/system/gatekeeper.pattern.key: open failed: ENOENT (No such file or directory)
06-01 12:55:53.031 E/LockSettingsStorage( 3613): Cannot read file java.io.FileNotFoundException: /data/system/gatekeeper.gesture.key: open failed: ENOENT (No such file or directory)
06-01 12:55:53.033 E/LockSettingsStorage( 3613): Cannot read file java.io.FileNotFoundException: /data/system/gesture.key: open failed: ENOENT (No such file or directory)
06-01 12:55:53.129 I/SystemServiceManager( 3613): Starting phase 480
06-01 12:55:53.169 I/DevicePolicyManagerService( 3613): Set ro.device_owner property to false
06-01 12:55:53.303 I/SystemServiceManager( 3613): Starting phase 500
06-01 12:55:53.337 D/ConnectivityMetricsLoggerService( 3613): onBootPhase: PHASE_SYSTEM_SERVICES_READY
06-01 12:55:53.390 I/WifiService( 3613): WifiService starting up with Wi-Fi disabled
06-01 12:55:53.399 I/WifiScanningService( 3613): Starting wifiscanner
06-01 12:55:53.520 I/RttService( 3613): Registering rttmanager
06-01 12:55:53.574 D/ZenLog  ( 3613): config: cleanUpZenRules,ZenModeConfig[user=0,allowCalls=true,allowRepeatCallers=false,allowMessages=false,allowCallsFrom=contacts,allowMessagesFrom=contacts,allowReminders=true,allowEvents=true,allowWhenScreenOff=true,allowWhenScreenOn=true,automaticRules={370bd6672ef541ba946db9ac4aef0faf=ZenRule[enabled=false,snoozing=false,name=Weeknight,zenMode=ZEN_MODE_ALARMS,conditionId=condition://android/schedule?days=1.2.3.4.5&start=22.0&end=7.0&exitAtAlarm=false,condition=Condition[id=condition://android/schedule?days=1.2.3.4.5&start=22.0&end=7.0&exitAtAlarm=false,summary=...,line1=...,line2=...,icon=0,state=STATE_FALSE,flags=2],component=ComponentInfo{android/com.android.server.notification.ScheduleConditionProvider},id=370bd6672ef541ba946db9ac4aef0faf,creationTime=1590622727817,enabler=null], a53ffdf89c814123a52adbdd46bc948d=ZenRule[enabled=false,snoozing=false,name=Weekend,zenMode=ZEN_MODE_ALARMS,conditionId=condition://android/schedule?days=6.7&start=23.30&end=10.0&exitAtAlarm=false,condition=Condition[id=condition://android/schedule?days=6.7&start=23.30&end=10.0&exitAtAlarm=false,summary=...,line1=...,line2=...,icon=0,state=STATE_FALSE,flags=2],component=ComponentInfo{android/com.android.server.notification.ScheduleConditionProvider},id=a53ffdf89c814123a52adbdd46bc948d,creationTime=1590622727818,enabler=null], fc8bb1aacabb4877a1d1d167106f6e77=ZenRule[enabled=false,snoozing=false,name=Event,zenMode=ZEN_MODE_ALARMS,conditionId=condition://android/event?userId=-10000&calendar=&reply=1,condition=Condition[id=condition://android/event?userId=-10000&calendar=&reply=1,summary=...,line1=...,line2=...,icon=0,state=STATE_FALSE,flags=2],component=ComponentInfo{android/com.android.server.notification.EventConditionProvider},id=fc8bb1aacabb4877a1d1d167106f6e77,creationTime=1590622727822,enabler=null]},manualRule=null],Diff[]
06-01 12:55:53.574 D/ZenLog  ( 3613): set_zen_mode: off,onSystemReady
06-01 12:55:53.587 D/PermissionCache( 1326): checking android.permission.CAPTURE_AUDIO_HOTWORD for uid=1000 => granted (806 us)
06-01 12:55:53.589 W/SoundTriggerHelper( 3613): listModules status=0, # of modules=0
06-01 12:55:53.589 D/ContextHubSystemService( 3613): onBootPhase: PHASE_SYSTEM_SERVICES_READY
06-01 12:55:54.153 W/art     ( 3613): Long monitor contention with owner android.ui (3660) at int com.android.server.wm.WindowManagerService.relayoutWindow(com.android.server.wm.Session, android.view.IWindow, int, android.view.WindowManager$LayoutParams, int, int, int, int, android.graphics.Rect, android.graphics.Rect, android.graphics.Rect, android.graphics.Rect, android.graphics.Rect, android.graphics.Rect, android.graphics.Rect, android.content.res.Configuration, android.view.Surface)(WindowManagerService.java:2857) waiters=0 in void com.android.server.wm.WindowManagerService$H.handleMessage(android.os.Message) for 153ms
06-01 12:55:54.169 V/UserManagerService( 3613): Found /data/user_de/0 with serial number 0
06-01 12:55:54.176 V/UserManagerService( 3613): Found /data/user/0 with serial number 0
06-01 12:55:54.177 V/UserManagerService( 3613): Found /data/system_de/0 with serial number 0
06-01 12:55:54.177 V/UserManagerService( 3613): Found /data/system_ce/0 with serial number 0
06-01 12:55:54.311 W/KeyguardServiceDelegate( 3613): onScreenTurningOn(): no keyguard service!
06-01 12:55:54.719 I/ActivityManager( 3613): System now ready
06-01 12:55:54.917 I/SystemServer( 3613): Making services ready
06-01 12:55:54.918 I/SystemServiceManager( 3613): Starting phase 550
06-01 12:55:55.091 W/art     ( 3613): Long monitor contention with owner main (3613) at void com.android.server.am.ActivityManagerService.retrieveSettings()(ActivityManagerService.java:13214) waiters=0 in void com.android.server.am.TaskPersister$LazyTaskWriterThread.run() for 225ms
06-01 12:55:55.381 W/WindowManager( 3613): Keyguard drawn timeout. Setting mKeyguardDrawComplete
06-01 12:55:55.542 E/InputMethodManagerService( 3613): Ignoring updateSystemUiLocked due to an invalid token. uid:1000 token:null
06-01 12:55:56.147 I/Zygote  ( 3613): Process: zygote socket opened, supported ABIS: x86_64
06-01 12:55:56.287 W/ActivityManager( 3613): Slow operation: 166ms so far, now at startProcess: returned from zygote!
06-01 12:55:56.288 W/ActivityManager( 3613): Slow operation: 167ms so far, now at startProcess: done updating battery stats
06-01 12:55:56.289 W/ActivityManager( 3613): Slow operation: 168ms so far, now at startProcess: building log message
06-01 12:55:56.289 I/ActivityManager( 3613): Start proc 3838:com.android.inputmethod.latin/u0a41 for service com.android.inputmethod.latin/.LatinIME
06-01 12:55:56.289 W/ActivityManager( 3613): Slow operation: 168ms so far, now at startProcess: starting to update pids map
06-01 12:55:56.311 W/ActivityManager( 3613): Slow operation: 190ms so far, now at startProcess: done updating pids map
06-01 12:55:56.311 W/ActivityManager( 3613): Slow operation: 202ms so far, now at startProcess: done starting proc!
06-01 12:55:56.312 V/InputMethodManagerService( 3613): Adding window token: android.os.Binder@1a44310
06-01 12:55:56.313 D/MountService( 3613): Thinking about init, mSystemReady=true, mDaemonConnected=true
06-01 12:55:56.313 D/MountService( 3613): Setting up emulation state, initlocked=false
06-01 12:55:56.314 D/CryptdConnector( 3613): SND -> {2 cryptfs unlock_user_key 0 0 ! !}
06-01 12:55:56.388 E/BitmapFactory( 3613): Unable to decode stream: java.io.FileNotFoundException: /data/system/users/0/wallpaper_orig (No such file or directory)
06-01 12:55:56.388 E/WallpaperManagerService( 3613): Invalid wallpaper data
06-01 12:55:56.388 E/WallpaperManagerService( 3613): Unable to apply new wallpaper
06-01 12:55:56.449 D/vold    ( 1270): e4crypt_unlock_user_key 0 serial=0 token_present=0
06-01 12:55:56.462 D/CryptdConnector( 3613): RCV <- {200 2 Command succeeded}
06-01 12:55:56.464 D/MountService( 3613): Thinking about reset, mSystemReady=true, mDaemonConnected=true
06-01 12:55:56.466 D/VoldConnector( 3613): SND -> {4 volume reset}
06-01 12:55:56.470 D/VoldConnector( 3613): RCV <- {651 emulated 7}
06-01 12:55:56.472 D/VoldConnector( 3613): RCV <- {659 emulated}
06-01 12:55:56.472 D/VoldConnector( 3613): RCV <- {650 emulated 2 "" ""}
06-01 12:55:56.473 D/VoldConnector( 3613): RCV <- {651 emulated 0}
06-01 12:55:56.474 D/VoldConnector( 3613): RCV <- {651 public:253,48 7}
06-01 12:55:56.475 D/VoldConnector( 3613): RCV <- {659 public:253,48}
06-01 12:55:56.475 D/VoldConnector( 3613): RCV <- {649 disk:253,48}
06-01 12:55:56.476 D/VoldConnector( 3613): RCV <- {640 disk:253,48 5}
06-01 12:55:56.484 V/MountService( 3613): Found primary storage at VolumeInfo{emulated}:
06-01 12:55:56.484 V/MountService( 3613):     type=EMULATED diskId=null partGuid=null mountFlags=0 mountUserId=-1 
06-01 12:55:56.484 V/MountService( 3613):     state=UNMOUNTED 
06-01 12:55:56.484 V/MountService( 3613):     fsType=null fsUuid=null fsLabel=null 
06-01 12:55:56.484 V/MountService( 3613):     path=null internalPath=null 
06-01 12:55:56.541 D/vold    ( 1270): Recognized experimental block major ID 253 as virtio-blk (emulator's virtual SD card device)
06-01 12:55:56.542 D/VoldConnector( 3613): RCV <- {641 disk:253,48 549453824}
06-01 12:55:56.544 D/VoldConnector( 3613): RCV <- {642 disk:253,48 Virtual}
06-01 12:55:56.547 W/ActivityManager( 3613): Slow operation: 102ms so far, now at startProcess: returned from zygote!
06-01 12:55:56.547 W/ActivityManager( 3613): Slow operation: 102ms so far, now at startProcess: done updating battery stats
06-01 12:55:56.548 W/ActivityManager( 3613): Slow operation: 103ms so far, now at startProcess: building log message
06-01 12:55:56.548 I/ActivityManager( 3613): Start proc 3843:com.android.systemui/u0a21 for service com.android.systemui/.ImageWallpaper
06-01 12:55:56.548 W/ActivityManager( 3613): Slow operation: 103ms so far, now at startProcess: starting to update pids map
06-01 12:55:56.548 W/ActivityManager( 3613): Slow operation: 103ms so far, now at startProcess: done updating pids map
06-01 12:55:56.548 W/ActivityManager( 3613): Slow operation: 103ms so far, now at startProcess: done starting proc!
06-01 12:55:56.551 V/vold    ( 1270): /system/bin/sgdisk
06-01 12:55:56.551 V/vold    ( 1270):     --android-dump
06-01 12:55:56.551 V/vold    ( 1270):     /dev/block/vold/disk:253,48
06-01 12:55:56.555 W/art     ( 3838): Unexpected CPU variant for X86 using defaults: x86_64
06-01 12:55:56.561 I/ActivityManager( 3613): Force stopping com.android.providers.media appid=10010 user=-1: vold reset
06-01 12:55:56.564 D/VoldConnector( 3613): RCV <- {644 disk:253,48 /sys//devices/pci0000:00/0000:00:06.0/virtio3/block/vdd}
06-01 12:55:56.620 E/BluetoothAdapter( 3613): Bluetooth binder is null
06-01 12:55:56.652 D/UsbAlsaManager( 3613): Adding ALSA device AlsaDevice: [card: 0, device: 0, type: 1]
06-01 12:55:56.653 D/UsbAlsaManager( 3613): Adding ALSA device AlsaDevice: [card: 0, device: 0, type: 2]
06-01 12:55:56.654 I/SystemServer( 3613): WebViewFactory preparation
06-01 12:55:56.673 W/art     ( 3843): Unexpected CPU variant for X86 using defaults: x86_64
06-01 12:55:56.710 E/BluetoothAdapter( 3613): Bluetooth binder is null
06-01 12:55:56.726 I/AudioFlinger( 1326): systemReady
06-01 12:55:56.848 D/WebViewFactory( 3613): Setting new address space to 114394000
06-01 12:55:57.279 I/Zygote  ( 3613): Process: zygote socket opened, supported ABIS: x86
06-01 12:55:57.354 E/WVMExtractor( 3613): Failed to open libwvm.so: dlopen failed: library "libwvm.so" not found
06-01 12:55:57.445 I/art     ( 1325): Starting a blocking GC Background
06-01 12:55:57.482 V/vold    ( 1270): DISK mbr
06-01 12:55:57.482 V/vold    ( 1270): 
06-01 12:55:57.534 W/vold    ( 1270): disk:253,48 has unknown partition table; trying entire device
06-01 12:55:57.534 V/vold    ( 1270): /system/bin/blkid
06-01 12:55:57.534 V/vold    ( 1270):     -c
06-01 12:55:57.534 V/vold    ( 1270):     /dev/null
06-01 12:55:57.534 V/vold    ( 1270):     -s
06-01 12:55:57.534 V/vold    ( 1270):     TYPE
06-01 12:55:57.534 V/vold    ( 1270):     -s
06-01 12:55:57.534 V/vold    ( 1270):     UUID
06-01 12:55:57.534 V/vold    ( 1270):     -s
06-01 12:55:57.534 V/vold    ( 1270):     LABEL
06-01 12:55:57.534 V/vold    ( 1270):     /dev/block/vold/disk:253,48
06-01 12:55:57.797 I/art     ( 1325): Background concurrent mark sweep GC freed 122(16KB) AllocSpace objects, 0(0B) LOS objects, 39% free, 6MB/10MB, paused 1.663ms total 347.876ms
06-01 12:55:57.951 W/art     ( 3613): Long monitor contention with owner android.bg (3658) at void java.io.FileDescriptor.sync()(FileDescriptor.java:-2) waiters=0 in void com.android.server.pm.ShortcutService.handleOnUidStateChanged(int, int) for 1.393s
06-01 12:55:58.092 I/MediaPlayerService( 1334): MediaPlayerService::getOMX
06-01 12:55:58.275 I/OMXClient( 1334): MuxOMX ctor
06-01 12:55:58.383 V/vold    ( 1270): /dev/block/vold/disk:253,48: LABEL="SDCARD" UUID="1EFF-1C1B" TYPE="vfat" 
06-01 12:55:58.383 V/vold    ( 1270): 
06-01 12:55:58.383 I/MediaPlayerService( 1334): MediaPlayerService::getOMX
06-01 12:55:58.386 I/OMXClient( 1334): MuxOMX ctor
06-01 12:55:58.396 I/OMXMaster( 1331): makeComponentInstance(OMX.google.mp3.decoder) in mediacodec process
06-01 12:55:58.535 D/VoldConnector( 3613): RCV <- {650 public:253,48 0 "disk:253,48" ""}
06-01 12:55:58.551 D/VoldConnector( 3613): RCV <- {651 public:253,48 0}
06-01 12:55:58.553 D/VoldConnector( 3613): RCV <- {643 disk:253,48}
06-01 12:55:58.555 D/VoldConnector( 3613): RCV <- {200 4 Command succeeded}
06-01 12:55:58.556 E/VoldConnector( 3613): NDC Command {4 volume reset} took too long (2090ms)
06-01 12:55:58.557 D/VoldConnector( 3613): SND -> {5 volume user_added 0 0}
06-01 12:55:58.559 D/VoldConnector( 3613): RCV <- {200 5 Command succeeded}
06-01 12:55:58.726 W/ActivityManager( 3613): Slow operation: 1807ms so far, now at startProcess: returned from zygote!
06-01 12:55:58.726 W/ActivityManager( 3613): Slow operation: 1807ms so far, now at startProcess: done updating battery stats
06-01 12:55:58.727 W/ActivityManager( 3613): Slow operation: 1808ms so far, now at startProcess: building log message
06-01 12:55:58.727 I/ActivityManager( 3613): Start proc 3879:WebViewLoader-x86/1037 [android.webkit.WebViewFactory$RelroFileCreator] for 
06-01 12:55:58.727 W/ActivityManager( 3613): Slow operation: 1808ms so far, now at startProcess: starting to update pids map
06-01 12:55:58.727 W/ActivityManager( 3613): Slow operation: 1808ms so far, now at startProcess: done updating pids map
06-01 12:55:58.727 W/ActivityManager( 3613): Slow operation: 1809ms so far, now at startProcess: done starting proc!
06-01 12:55:58.732 W/art     ( 3613): Long monitor contention with owner main (3613) at int com.android.server.am.ActivityManagerService.startIsolatedProcess(java.lang.String, java.lang.String[], java.lang.String, java.lang.String, int, java.lang.Runnable)(ActivityManagerService.java:3509) waiters=0 in void com.android.server.am.ActivityManagerService.attachApplication(android.app.IApplicationThread) for 1.730s
06-01 12:55:58.756 W/art     ( 3879): Unexpected CPU variant for X86 using defaults: x86
06-01 12:55:58.998 W/art     ( 3891): Unexpected CPU variant for X86 using defaults: x86_64
06-01 12:55:59.019 W/ActivityManager( 3613): Slow operation: 291ms so far, now at startProcess: returned from zygote!
06-01 12:55:59.031 W/ActivityManager( 3613): Slow operation: 303ms so far, now at startProcess: done updating battery stats
06-01 12:55:59.031 W/ActivityManager( 3613): Slow operation: 303ms so far, now at startProcess: building log message
06-01 12:55:59.031 I/ActivityManager( 3613): Start proc 3891:WebViewLoader-x86_64/1037 [android.webkit.WebViewFactory$RelroFileCreator] for 
06-01 12:55:59.031 W/ActivityManager( 3613): Slow operation: 303ms so far, now at startProcess: starting to update pids map
06-01 12:55:59.031 W/ActivityManager( 3613): Slow operation: 303ms so far, now at startProcess: done updating pids map
06-01 12:55:59.031 W/ActivityManager( 3613): Slow operation: 303ms so far, now at startProcess: done starting proc!
06-01 12:55:59.035 W/art     ( 3613): Long monitor contention with owner main (3613) at int com.android.server.am.ActivityManagerService.startIsolatedProcess(java.lang.String, java.lang.String[], java.lang.String, java.lang.String, int, java.lang.Runnable)(ActivityManagerService.java:3509) waiters=2 in void com.android.server.am.ActivityManagerService.dispatchUidsChanged() for 1.083s
06-01 12:55:59.036 W/art     ( 3613): Long monitor contention with owner main (3613) at int com.android.server.am.ActivityManagerService.startIsolatedProcess(java.lang.String, java.lang.String[], java.lang.String, java.lang.String, int, java.lang.Runnable)(ActivityManagerService.java:3509) waiters=3 in int com.android.server.am.ActivityManagerService.getAppStartMode(int, java.lang.String) for 424ms
06-01 12:55:59.037 D/VoldConnector( 3613): SND -> {6 volume mount emulated 3 -1}
06-01 12:55:59.041 W/art     ( 3613): Long monitor contention with owner main (3613) at int com.android.server.am.ActivityManagerService.startIsolatedProcess(java.lang.String, java.lang.String[], java.lang.String, java.lang.String, int, java.lang.Runnable)(ActivityManagerService.java:3509) waiters=1 in void com.android.server.am.ActivityManagerService.attachApplication(android.app.IApplicationThread) for 1.997s
06-01 12:55:59.042 W/art     ( 3613): Long monitor contention with owner main (3613) at int com.android.server.am.ActivityManagerService.startIsolatedProcess(java.lang.String, java.lang.String[], java.lang.String, java.lang.String, int, java.lang.Runnable)(ActivityManagerService.java:3509) waiters=3 in void com.android.server.am.ActivityManagerService.attachApplication(android.app.IApplicationThread) for 309ms
06-01 12:55:59.046 V/vold    ( 1270): Waiting for FUSE to spin up...
06-01 12:55:59.049 D/NetworkManagement( 3613): enabling bandwidth control
06-01 12:55:59.056 D/VoldConnector( 3613): RCV <- {651 emulated 1}
06-01 12:55:59.057 D/VoldConnector( 3613): RCV <- {656 emulated /data/media}
06-01 12:55:59.058 D/VoldConnector( 3613): RCV <- {655 emulated /storage/emulated}
06-01 12:55:59.105 V/vold    ( 1270): Waiting for FUSE to spin up...
06-01 12:55:59.165 V/vold    ( 1270): Waiting for FUSE to spin up...
06-01 12:55:59.220 V/vold    ( 1270): Waiting for FUSE to spin up...
06-01 12:55:59.232 W/art     ( 3613): Long monitor contention with owner Binder:3613_3 (3865) at void com.android.server.am.ActivityManagerService.attachApplication(android.app.IApplicationThread)(ActivityManagerService.java:6669) waiters=0 in void com.android.server.am.ActivityManagerService.attachApplication(android.app.IApplicationThread) for 189ms
06-01 12:55:59.241 W/art     ( 3613): Long monitor contention with owner Binder:3613_3 (3865) at void com.android.server.am.ActivityManagerService.attachApplication(android.app.IApplicationThread)(ActivityManagerService.java:6669) waiters=1 in void com.android.server.am.ActivityManagerService$MainHandler.handleMessage(android.os.Message) for 124ms
06-01 12:55:59.281 V/vold    ( 1270): Waiting for FUSE to spin up...
06-01 12:55:59.315 V/WebViewFactory( 3891): RelroFileCreator (64bit = true),  32-bit lib: /system/app/webview/webview.apk!/lib/x86/libwebviewchromium.so, 64-bit lib: /system/app/webview/webview.apk!/lib/x86_64/libwebviewchromium.so
06-01 12:55:59.340 V/vold    ( 1270): Waiting for FUSE to spin up...
06-01 12:55:59.398 V/vold    ( 1270): Waiting for FUSE to spin up...
06-01 12:55:59.902 V/WebViewFactory( 3879): RelroFileCreator (64bit = false),  32-bit lib: /system/app/webview/webview.apk!/lib/x86/libwebviewchromium.so, 64-bit lib: /system/app/webview/webview.apk!/lib/x86_64/libwebviewchromium.so
06-01 12:55:59.509 V/vold    ( 1270): Waiting for FUSE to spin up...
06-01 12:55:59.970 V/vold    ( 1270): Waiting for FUSE to spin up...
06-01 12:56:00.021 V/vold    ( 1270): Waiting for FUSE to spin up...
06-01 12:56:00.080 V/vold    ( 1270): Waiting for FUSE to spin up...
06-01 12:56:00.103 W/sdcard  ( 3896): Device explicitly disabled sdcardfs
06-01 12:56:00.134 V/vold    ( 1270): Waiting for FUSE to spin up...
06-01 12:56:00.190 V/vold    ( 1270): Waiting for FUSE to spin up...
06-01 12:56:00.243 V/vold    ( 1270): Waiting for FUSE to spin up...
06-01 12:56:00.294 V/vold    ( 1270): Waiting for FUSE to spin up...
06-01 12:56:00.351 V/vold    ( 1270): Waiting for FUSE to spin up...
06-01 12:56:00.375 W/System  ( 3843): ClassLoader referenced unknown path: /system/priv-app/SystemUI/lib/x86_64
06-01 12:56:00.452 I/MediaPlayerService( 1334): MediaPlayerService::getOMX
06-01 12:56:00.454 D/VoldConnector( 3613): RCV <- {651 emulated 2}
06-01 12:56:00.482 I/OMXClient( 1334): MuxOMX ctor
06-01 12:56:00.487 I/OMXMaster( 1331): makeComponentInstance(OMX.google.amrnb.decoder) in mediacodec process
06-01 12:56:00.518 D/VoldConnector( 3613): RCV <- {200 6 Command succeeded}
06-01 12:56:00.523 E/VoldConnector( 3613): NDC Command {6 volume mount emulated 3 -1} took too long (1486ms)
06-01 12:56:00.526 D/VoldConnector( 3613): SND -> {7 volume mount public:253,48 2 0}
06-01 12:56:00.529 V/vold    ( 1270): /system/bin/blkid
06-01 12:56:00.529 V/vold    ( 1270):     -c
06-01 12:56:00.542 D/VoldConnector( 3613): RCV <- {651 public:253,48 1}
06-01 12:56:00.562 V/vold    ( 1270):     /dev/null
06-01 12:56:00.562 V/vold    ( 1270):     -s
06-01 12:56:00.562 V/vold    ( 1270):     TYPE
06-01 12:56:00.562 V/vold    ( 1270):     -s
06-01 12:56:00.562 V/vold    ( 1270):     UUID
06-01 12:56:00.562 V/vold    ( 1270):     -s
06-01 12:56:00.562 V/vold    ( 1270):     LABEL
06-01 12:56:00.562 V/vold    ( 1270):     /dev/block/vold/public:253,48
06-01 12:56:00.978 I/MediaPlayerService( 1334): MediaPlayerService::getOMX
06-01 12:56:00.981 I/OMXClient( 1334): MuxOMX ctor
06-01 12:56:00.982 I/OMXMaster( 1331): makeComponentInstance(OMX.google.amrwb.decoder) in mediacodec process
06-01 12:56:01.125 I/MediaPlayerService( 1334): MediaPlayerService::getOMX
06-01 12:56:01.126 I/OMXClient( 1334): MuxOMX ctor
06-01 12:56:01.127 I/OMXMaster( 1331): makeComponentInstance(OMX.google.aac.decoder) in mediacodec process
06-01 12:56:01.474 I/MediaPlayerService( 1334): MediaPlayerService::getOMX
06-01 12:56:01.476 I/OMXClient( 1334): MuxOMX ctor
06-01 12:56:01.477 I/OMXMaster( 1331): makeComponentInstance(OMX.google.g711.alaw.decoder) in mediacodec process
06-01 12:56:01.874 V/vold    ( 1270): /dev/block/vold/public:253,48: LABEL="SDCARD" UUID="1EFF-1C1B" TYPE="vfat" 
06-01 12:56:01.875 V/vold    ( 1270): 
06-01 12:56:01.899 V/vold    ( 1270): /system/bin/fsck_msdos
06-01 12:56:01.899 V/vold    ( 1270):     -p
06-01 12:56:01.899 V/vold    ( 1270):     -f
06-01 12:56:01.899 V/vold    ( 1270):     /dev/block/vold/public:253,48
06-01 12:56:01.908 D/VoldConnector( 3613): RCV <- {652 public:253,48 vfat}
06-01 12:56:01.912 D/VoldConnector( 3613): RCV <- {653 public:253,48 1EFF-1C1B}
06-01 12:56:01.913 D/VoldConnector( 3613): RCV <- {654 public:253,48 SDCARD}
06-01 12:56:02.283 I/fsck_msdos( 1270): ** /dev/block/vold/public:253,48
06-01 12:56:02.331 I/fsck_msdos( 1270): ** Phase 1 - Read and Compare FATs
06-01 12:56:02.344 I/LatinIME( 3838): Hardware accelerated drawing: true
06-01 12:56:02.345 I/fsck_msdos( 1270): Attempting to allocate 1046 KB for FAT
06-01 12:56:02.523 I/MediaPlayerService( 1334): MediaPlayerService::getOMX
06-01 12:56:02.525 I/OMXClient( 1334): MuxOMX ctor
06-01 12:56:02.525 I/OMXMaster( 1331): makeComponentInstance(OMX.google.g711.mlaw.decoder) in mediacodec process
06-01 12:56:02.566 I/art     ( 3879): System.exit called, status: 0
